05-20 13:35:40.564 W/MountService(  374): getVolumeState(/mnt/sdcard/external_SD): Unknown volume
05-20 13:35:40.564 W/MountService(  374): getVolumeState(/mnt/sdcard/external_sd): Unknown volume
05-20 13:35:45.267 D/PhoneStatusBar(  448): disable: < expand icons alerts ticker system_info back home RECENT* clock SEARCH* >
05-20 13:35:45.330 D/PhoneStatusBar(  448): disable: < expand icons alerts ticker system_info BACK* HOME* RECENT CLOCK* SEARCH >
05-20 13:36:12.510 I/PowerManagerService(  374): Waking up from sleep...
05-20 13:36:12.564 I/WindowManager(  374): Lock screen displayed!
05-20 13:36:13.689 D/PhoneStatusBar(  448): disable: < expand icons alerts ticker system_info BACK HOME recent* CLOCK search* >
05-20 13:36:13.783 D/PhoneStatusBar(  448): disable: < expand icons alerts ticker system_info back* home* recent clock* search >
05-20 13:36:14.502 W/InputMethodManagerService(  374): Window already focused, ignoring focus gain of: com.android.internal.view.IInputMethodClient$Stub$Proxy@42922a00 attribute=android.view.inputmethod.EditorInfo@428c9aa8, token = android.os.BinderProxy@42d5a578
05-20 13:36:40.455 W/MountService(  374): getVolumeState(/storage/emulated/0/external_sd): Unknown volume
05-20 13:36:40.517 W/MountService(  374): getVolumeState(/mnt/sdcard-ext): Unknown volume
05-20 13:36:40.517 W/MountService(  374): getVolumeState(/mnt/ext_sdcard): Unknown volume
05-20 13:36:40.517 W/MountService(  374): getVolumeState(/mnt/sdcard2): Unknown volume
05-20 13:36:40.525 W/MountService(  374): getVolumeState(/mnt/emmc): Unknown volume
05-20 13:36:40.525 W/MountService(  374): getVolumeState(/mnt/extSdCard): Unknown volume
05-20 13:36:40.556 W/MountService(  374): getVolumeState(/mnt/sdcard/SD_CARD): Unknown volume
05-20 13:36:40.556 W/MountService(  374): getVolumeState(/mnt/sdcard/extra_sd): Unknown volume
05-20 13:36:40.564 W/MountService(  374): getVolumeState(/mnt/extrasd_bind): Unknown volume
05-20 13:36:40.564 W/MountService(  374): getVolumeState(/mnt/sdcard/ext_sd): Unknown volume
05-20 13:36:40.564 W/MountService(  374): getVolumeState(/storage/extSdCard): Unknown volume
05-20 13:36:40.564 W/MountService(  374): getVolumeState(/storage/sdcard1): Unknown volume
05-20 13:36:40.564 W/MountService(  374): getVolumeState(/mnt/sdcard/external_SD): Unknown volume
05-20 13:36:40.564 W/MountService(  374): getVolumeState(/mnt/sdcard/external_sd): Unknown volume
05-20 13:36:40.931 W/MountService(  374): getVolumeState(/storage/emulated/0/external_sd): Unknown volume
05-20 13:36:40.939 W/MountService(  374): getVolumeState(/mnt/sdcard-ext): Unknown volume
05-20 13:36:40.939 W/MountService(  374): getVolumeState(/mnt/ext_sdcard): Unknown volume
05-20 13:36:40.939 W/MountService(  374): getVolumeState(/mnt/sdcard2): Unknown volume
05-20 13:36:40.939 W/MountService(  374): getVolumeState(/mnt/emmc): Unknown volume
05-20 13:36:40.939 W/MountService(  374): getVolumeState(/mnt/extSdCard): Unknown volume
05-20 13:36:40.939 W/MountService(  374): getVolumeState(/mnt/sdcard/SD_CARD): Unknown volume
05-20 13:36:40.939 W/MountService(  374): getVolumeState(/mnt/sdcard/extra_sd): Unknown volume
05-20 13:36:40.939 W/MountService(  374): getVolumeState(/mnt/extrasd_bind): Unknown volume
05-20 13:36:40.939 W/MountService(  374): getVolumeState(/mnt/sdcard/ext_sd): Unknown volume
05-20 13:36:40.939 W/MountService(  374): getVolumeState(/storage/extSdCard): Unknown volume
05-20 13:36:40.939 W/MountService(  374): getVolumeState(/storage/sdcard1): Unknown volume
05-20 13:36:40.947 W/MountService(  374): getVolumeState(/mnt/sdcard/external_SD): Unknown volume
05-20 13:36:40.947 W/MountService(  374): getVolumeState(/mnt/sdcard/external_sd): Unknown volume
05-20 13:36:41.150 V/PanelView(  448): animationTick called with dtms=0; nothing to do (h=0.0 v=4000.0)
05-20 13:36:43.666 I/PowerManagerService(  374): Going to sleep due to screen timeout...
05-20 13:36:43.721 I/PowerManagerService(  374): Waking up from sleep...
05-20 13:36:43.900 W/InputMethodManagerService(  374): Window already focused, ignoring focus gain of: com.android.internal.view.IInputMethodClient$Stub$Proxy@42a536e8 attribute=android.view.inputmethod.EditorInfo@4292f5d8, token = android.os.BinderProxy@42d5a578
05-20 13:36:44.049 I/WindowManager(  374): No lock screen!
05-20 13:36:51.681 I/ActivityManager(  374): No longer want com.google.android.apps.maps:LocationFriendService (pid 31048): empty for 1800s
05-20 13:36:51.681 I/ActivityManager(  374): No longer want com.google.android.apps.maps:FriendService (pid 31036): empty for 1800s
05-20 13:36:51.681 I/ActivityManager(  374): No longer want com.google.android.apps.maps:GoogleLocationService (pid 31015): empty for 1801s
05-20 13:36:51.767 W/ActivityManager(  374): Scheduling restart of crashed service com.google.android.apps.maps/com.google.android.location.internal.server.GoogleLocationService in 5000ms
05-20 13:36:56.799 I/ActivityManager(  374): Start proc com.google.android.apps.maps:GoogleLocationService for service com.google.android.apps.maps/com.google.android.location.internal.server.GoogleLocationService: pid=32238 uid=10038 gids={50038, 3003, 1015, 1028}
05-20 13:36:58.142 V/PanelView(  448): animationTick called with dtms=0; nothing to do (h=729.0 v=1353.3407)
05-20 13:36:58.619 I/ActivityManager(  374): Start proc com.google.android.apps.maps:FriendService for broadcast com.google.android.apps.maps/com.google.googlenav.friend.android.ServiceReceiver: pid=32259 uid=10038 gids={50038, 3003, 1015, 1028}
05-20 13:36:58.728 I/ActivityManager(  374): Start proc com.google.android.apps.maps:LocationFriendService for broadcast com.google.android.apps.maps/com.google.googlenav.friend.reporting.LocationReportingIntentReceiver: pid=32271 uid=10038 gids={50038, 3003, 1015, 1028}
05-20 13:37:01.080 W/ActivityThread(32238): ClassLoader.loadClass: The class loader returned by Thread.getContextClassLoader() may fail for processes that host multiple applications. You should explicitly specify a context class loader. For example: Thread.setContextClassLoader(getClass().getClassLoader());
05-20 13:37:21.017 V/PanelView(  448): animationTick called with dtms=0; nothing to do (h=1184.0 v=-4000.0)
05-20 13:37:21.377 W/InputMethodManagerService(  374): Window already focused, ignoring focus gain of: com.android.internal.view.IInputMethodClient$Stub$Proxy@4284e290 attribute=null, token = android.os.BinderProxy@42d5a578
05-20 13:37:40.158 W/MountService(  374): getVolumeState(/storage/emulated/0/external_sd): Unknown volume
05-20 13:37:40.158 W/MountService(  374): getVolumeState(/mnt/sdcard-ext): Unknown volume
05-20 13:37:40.158 W/MountService(  374): getVolumeState(/mnt/ext_sdcard): Unknown volume
05-20 13:37:40.158 W/MountService(  374): getVolumeState(/mnt/sdcard2): Unknown volume
05-20 13:37:40.158 W/MountService(  374): getVolumeState(/mnt/emmc): Unknown volume
05-20 13:37:40.158 W/MountService(  374): getVolumeState(/mnt/extSdCard): Unknown volume
05-20 13:37:40.158 W/MountService(  374): getVolumeState(/mnt/sdcard/SD_CARD): Unknown volume
05-20 13:37:40.158 W/MountService(  374): getVolumeState(/mnt/sdcard/extra_sd): Unknown volume
05-20 13:37:40.158 W/MountService(  374): getVolumeState(/mnt/extrasd_bind): Unknown volume
05-20 13:37:40.158 W/MountService(  374): getVolumeState(/mnt/sdcard/ext_sd): Unknown volume
05-20 13:37:40.158 W/MountService(  374): getVolumeState(/storage/extSdCard): Unknown volume
05-20 13:37:40.158 W/MountService(  374): getVolumeState(/storage/sdcard1): Unknown volume
05-20 13:37:40.158 W/MountService(  374): getVolumeState(/mnt/sdcard/external_SD): Unknown volume
05-20 13:37:40.158 W/MountService(  374): getVolumeState(/mnt/sdcard/external_sd): Unknown volume
05-20 13:37:40.596 W/MountService(  374): getVolumeState(/storage/emulated/0/external_sd): Unknown volume
05-20 13:37:40.596 W/MountService(  374): getVolumeState(/mnt/sdcard-ext): Unknown volume
05-20 13:37:40.596 W/MountService(  374): getVolumeState(/mnt/ext_sdcard): Unknown volume
05-20 13:37:40.596 W/MountService(  374): getVolumeState(/mnt/sdcard2): Unknown volume
05-20 13:37:40.596 W/MountService(  374): getVolumeState(/mnt/emmc): Unknown volume
05-20 13:37:40.596 W/MountService(  374): getVolumeState(/mnt/extSdCard): Unknown volume
05-20 13:37:40.596 W/MountService(  374): getVolumeState(/mnt/sdcard/SD_CARD): Unknown volume
05-20 13:37:40.596 W/MountService(  374): getVolumeState(/mnt/sdcard/extra_sd): Unknown volume
05-20 13:37:40.596 W/MountService(  374): getVolumeState(/mnt/extrasd_bind): Unknown volume
05-20 13:37:40.596 W/MountService(  374): getVolumeState(/mnt/sdcard/ext_sd): Unknown volume
05-20 13:37:40.596 W/MountService(  374): getVolumeState(/storage/extSdCard): Unknown volume
05-20 13:37:40.596 W/MountService(  374): getVolumeState(/storage/sdcard1): Unknown volume
05-20 13:37:40.596 W/MountService(  374): getVolumeState(/mnt/sdcard/external_SD): Unknown volume
05-20 13:37:40.596 W/MountService(  374): getVolumeState(/mnt/sdcard/external_sd): Unknown volume
05-20 13:37:50.892 I/PowerManagerService(  374): Going to sleep due to screen timeout...
05-20 13:37:56.674 D/PhoneStatusBar(  448): disable: < expand icons alerts ticker system_info back home RECENT* clock SEARCH* >
05-20 13:37:56.791 D/PhoneStatusBar(  448): disable: < expand icons alerts ticker system_info BACK* HOME* RECENT CLOCK* SEARCH >
05-20 13:38:12.338 I/PowerManagerService(  374): Waking up from sleep...
05-20 13:38:12.447 I/WindowManager(  374): Lock screen displayed!
05-20 13:38:13.791 D/PhoneStatusBar(  448): disable: < expand icons alerts ticker system_info BACK HOME recent* CLOCK search* >
05-20 13:38:13.799 I/ActivityManager(  374): START u0 {cmp=com.pekall.emdm.launcher/com.pekall.emdm.ui.SplashActivity} from pid 26771
05-20 13:38:13.931 D/PhoneStatusBar(  448): disable: < expand icons alerts ticker system_info back* home* recent clock* search >
05-20 13:38:14.392 W/ActivityManager(  374): Activity pause timeout for ActivityRecord{4290c548 u0 com.pekall.emdm.launcher/.Launcher}
05-20 13:38:14.752 W/InputMethodManagerService(  374): Focus gain on non-focused client com.android.internal.view.IInputMethodClient$Stub$Proxy@42967028 (uid=10066 pid=26771)
05-20 13:38:16.338 I/ActivityManager(  374): START u0 {cmp=com.pekall.emdm.launcher/com.pekall.emdm.ui.ActiveDeviceAdminActivity} from pid 26771
05-20 13:38:16.736 I/ActivityManager(  374): START u0 {cmp=com.pekall.emdm.launcher/com.pekall.emdm.ui.RegDeviceActivity} from pid 26771
05-20 13:38:16.775 I/ActivityManager(  374): START u0 {flg=0x8000 cmp=com.pekall.emdm.launcher/.Launcher} from pid 26771
05-20 13:38:17.861 W/ActivityManager(  374): Unable to start service Intent { cmp=com.pekall.emdm.launcher/com.pekall.semail.service.AttachmentDownloadService } U=0: not found
05-20 13:38:17.885 I/ActivityManager(  374): START u0 {cmp=com.pekall.emdm.launcher/com.pekall.emdm.ui.SplashActivity} from pid 26771
05-20 13:38:18.392 W/ActivityManager(  374): Activity pause timeout for ActivityRecord{425470d0 u0 com.pekall.emdm.launcher/.Launcher}
05-20 13:38:19.244 I/ActivityManager(  374): START u0 {flg=0x10008000 cmp=com.pekall.emdm.launcher/com.pekall.emdm.ui.SplashActivity} from pid 26771
05-20 13:38:19.424 W/ActivityManager(  374): Unable to start service Intent { act=com.pekall.mdm.action.SELECT_ERASE } U=0: not found
05-20 13:38:19.806 W/ActivityManager(  374): Unable to start service Intent { cmp=com.pekall.emdm.launcher/com.pekall.semail.service.AttachmentDownloadService } U=0: not found
05-20 13:38:20.431 I/ActivityManager(  374): START u0 {cmp=com.pekall.emdm.launcher/com.pekall.emdm.ui.ActiveDeviceAdminActivity} from pid 26771
05-20 13:38:20.681 I/ActivityManager(  374): START u0 {cmp=com.pekall.emdm.launcher/com.pekall.emdm.ui.RegDeviceActivity} from pid 26771
05-20 13:38:20.713 I/ActivityManager(  374): Activity reported stop, but no longer stopping: ActivityRecord{425f4650 u0 com.pekall.emdm.launcher/com.pekall.emdm.ui.SplashActivity}
05-20 13:38:21.111 I/ActivityManager(  374): START u0 {cmp=com.pekall.emdm.launcher/com.pekall.emdm.ui.ActiveDeviceAdminActivity} from pid 26771
05-20 13:38:40.174 W/MountService(  374): getVolumeState(/storage/emulated/0/external_sd): Unknown volume
05-20 13:38:40.174 W/MountService(  374): getVolumeState(/mnt/sdcard-ext): Unknown volume
05-20 13:38:40.174 W/MountService(  374): getVolumeState(/mnt/ext_sdcard): Unknown volume
05-20 13:38:40.174 W/MountService(  374): getVolumeState(/mnt/sdcard2): Unknown volume
05-20 13:38:40.174 W/MountService(  374): getVolumeState(/mnt/emmc): Unknown volume
05-20 13:38:40.174 W/MountService(  374): getVolumeState(/mnt/extSdCard): Unknown volume
05-20 13:38:40.174 W/MountService(  374): getVolumeState(/mnt/sdcard/SD_CARD): Unknown volume
05-20 13:38:40.181 W/MountService(  374): getVolumeState(/mnt/sdcard/extra_sd): Unknown volume
05-20 13:38:40.181 W/MountService(  374): getVolumeState(/mnt/extrasd_bind): Unknown volume
05-20 13:38:40.181 W/MountService(  374): getVolumeState(/mnt/sdcard/ext_sd): Unknown volume
05-20 13:38:40.181 W/MountService(  374): getVolumeState(/storage/extSdCard): Unknown volume
05-20 13:38:40.181 W/MountService(  374): getVolumeState(/storage/sdcard1): Unknown volume
05-20 13:38:40.189 W/MountService(  374): getVolumeState(/mnt/sdcard/external_SD): Unknown volume
05-20 13:38:40.189 W/MountService(  374): getVolumeState(/mnt/sdcard/external_sd): Unknown volume
05-20 13:38:40.478 W/MountService(  374): getVolumeState(/storage/emulated/0/external_sd): Unknown volume
05-20 13:38:40.478 W/MountService(  374): getVolumeState(/mnt/sdcard-ext): Unknown volume
05-20 13:38:40.478 W/MountService(  374): getVolumeState(/mnt/ext_sdcard): Unknown volume
05-20 13:38:40.478 W/MountService(  374): getVolumeState(/mnt/sdcard2): Unknown volume
05-20 13:38:40.478 W/MountService(  374): getVolumeState(/mnt/emmc): Unknown volume
05-20 13:38:40.478 W/MountService(  374): getVolumeState(/mnt/extSdCard): Unknown volume
05-20 13:38:40.478 W/MountService(  374): getVolumeState(/mnt/sdcard/SD_CARD): Unknown volume
05-20 13:38:40.478 W/MountService(  374): getVolumeState(/mnt/sdcard/extra_sd): Unknown volume
05-20 13:38:40.478 W/MountService(  374): getVolumeState(/mnt/extrasd_bind): Unknown volume
05-20 13:38:40.478 W/MountService(  374): getVolumeState(/mnt/sdcard/ext_sd): Unknown volume
05-20 13:38:40.478 W/MountService(  374): getVolumeState(/storage/extSdCard): Unknown volume
05-20 13:38:40.478 W/MountService(  374): getVolumeState(/storage/sdcard1): Unknown volume
05-20 13:38:40.486 W/MountService(  374): getVolumeState(/mnt/sdcard/external_SD): Unknown volume
05-20 13:38:40.486 W/MountService(  374): getVolumeState(/mnt/sdcard/external_sd): Unknown volume
05-20 13:38:43.760 I/PowerManagerService(  374): Going to sleep due to screen timeout...
05-20 13:38:46.455 I/PowerManagerService(  374): Waking up from sleep...
05-20 13:38:46.463 I/WindowManager(  374): No lock screen!
05-20 13:38:55.580 I/ActivityManager(  374): START u0 {flg=0x8000 cmp=com.pekall.emdm.launcher/.Launcher} from pid 26771
05-20 13:38:57.385 W/ActivityManager(  374): Unable to start service Intent { cmp=com.pekall.emdm.launcher/com.pekall.semail.service.AttachmentDownloadService } U=0: not found
05-20 13:38:58.471 W/ActivityManager(  374): Unable to start service Intent { act=pekall.intent.action.DOWNLOAD_APP (has extras) } U=0: not found
05-20 13:38:59.564 I/ActivityManager(  374): START u0 {act=android.intent.action.MAIN cat=[android.intent.category.HOME] flg=0x10200000 cmp=com.pekall.emdm.launcher/.Launcher} from pid 374
05-20 13:39:05.260 V/PanelView(  448): animationTick called with dtms=0; nothing to do (h=0.0 v=4000.0)
05-20 13:39:08.814 I/ActivityManager(  374): Start proc com.pekall.emdm.launcher:remote for service com.pekall.emdm.launcher/com.baidu.location.f: pid=32439 uid=10066 gids={50066, 1015, 3002, 3001, 3003, 1028}
05-20 13:39:08.994 D/ActivityThread(32439): Loading provider com.pekall.semail.provider;com.pekall.semail.notifier: com.pekall.semail.provider.EmailProvider
05-20 13:39:09.064 D/ActivityThread(32439): Loading provider com.pekall.semail.provider;com.pekall.semail.notifier: com.pekall.semail.provider.EmailProvider
05-20 13:39:11.416 W/ActivityManager(  374): Unable to start service Intent { cmp=com.pekall.emdm.launcher/com.pekall.semail.service.AttachmentDownloadService } U=0: not found
05-20 13:39:12.322 I/ActivityManager(  374): No longer want com.dragon.android.pandaspace:bdservice_v1 (pid 31091): empty for 1801s
05-20 13:39:12.510 W/ActivityManager(  374): Scheduling restart of crashed service com.dragon.android.pandaspace/com.baidu.android.moplus.MoPlusService in 5000ms
05-20 13:39:17.533 I/ActivityManager(  374): Start proc com.dragon.android.pandaspace:bdservice_v1 for service com.dragon.android.pandaspace/com.baidu.android.moplus.MoPlusService: pid=32472 uid=10074 gids={50074, 1015, 3003, 1006, 1028}
05-20 13:39:28.846 W/ActivityManager(  374): Timeout executing service: ServiceRecord{42d711c0 u0 com.pekall.emdm.launcher/com.baidu.location.f}
05-20 13:39:32.369 I/PowerManagerService(  374): Going to sleep due to screen timeout...
05-20 13:39:32.947 I/PowerManagerService(  374): Waking up from sleep...
05-20 13:39:34.517 E/ActivityManager(  374): ANR in com.pekall.emdm.launcher:remote
05-20 13:39:34.517 E/ActivityManager(  374): Reason: Executing service com.pekall.emdm.launcher/com.baidu.location.f
05-20 13:39:34.517 E/ActivityManager(  374): Load: 4.4 / 2.7 / 2.11
05-20 13:39:34.517 E/ActivityManager(  374): CPU usage from 0ms to 5635ms later:
05-20 13:39:34.517 E/ActivityManager(  374):   76% 26771/com.pekall.emdm.launcher: 76% user + 0.1% kernel / faults: 204 minor
05-20 13:39:34.517 E/ActivityManager(  374):   75% 32439/com.pekall.emdm.launcher:remote: 75% user + 0.3% kernel / faults: 121 minor
05-20 13:39:34.517 E/ActivityManager(  374):   22% 374/system_server: 18% user + 4.7% kernel / faults: 1147 minor
05-20 13:39:34.517 E/ActivityManager(  374):   12% 448/com.android.systemui: 11% user + 0.3% kernel / faults: 199 minor
05-20 13:39:34.517 E/ActivityManager(  374):   3.3% 32423/uiautomator: 3.1% user + 0.1% kernel / faults: 338 minor
05-20 13:39:34.517 E/ActivityManager(  374):   2.8% 32472/com.dragon.android.pandaspace:bdservice_v1: 1.7% user + 1% kernel / faults: 761 minor 5 major
05-20 13:39:34.517 E/ActivityManager(  374):   2.4% 124/surfaceflinger: 0.5% user + 1.9% kernel / faults: 5147 minor
05-20 13:39:34.517 E/ActivityManager(  374):   1.5% 1661/com.qihoo360.mobilesafe:GuardService: 1% user + 0.5% kernel / faults: 173 minor
05-20 13:39:34.517 E/ActivityManager(  374):   0.5% 135/adbd: 0.1% user + 0.3% kernel
05-20 13:39:34.517 E/ActivityManager(  374):   0.5% 561/com.android.phone: 0.3% user + 0.1% kernel / faults: 181 minor
05-20 13:39:34.517 E/ActivityManager(  374):   0% 568/com.android.nfc: 0% user + 0% kernel / faults: 183 minor
05-20 13:39:34.517 E/ActivityManager(  374):   0.1% 82/mmcqd/0: 0% user + 0.1% kernel
05-20 13:39:34.517 E/ActivityManager(  374):   0.1% 117/vold: 0.1% user + 0% kernel
05-20 13:39:34.517 E/ActivityManager(  374):   0.1% 121/netd: 0% user + 0.1% kernel
05-20 13:39:34.517 E/ActivityManager(  374):   0.1% 4648/logcat: 0% user + 0.1% kernel
05-20 13:39:34.517 E/ActivityManager(  374):   0.1% 31215/kworker/0:0: 0% user + 0.1% kernel
05-20 13:39:34.517 E/ActivityManager(  374):   0.1% 31256/kworker/u:2: 0% user + 0.1% kernel
05-20 13:39:34.517 E/ActivityManager(  374):   0.1% 31666/com.nd.assistance.ServerService: 0% user + 0.1% kernel / faults: 3 minor
05-20 13:39:34.517 E/ActivityManager(  374):   0.1% 32115/kworker/u:4: 0% user + 0.1% kernel
05-20 13:39:34.517 E/ActivityManager(  374):   0.1% 32369/logcat: 0.1% user + 0% kernel
05-20 13:39:34.517 E/ActivityManager(  374): 100% TOTAL: 94% user + 5.4% kernel
05-20 13:39:34.517 E/ActivityManager(  374): CPU usage from 4593ms to 5137ms later:
05-20 13:39:34.517 E/ActivityManager(  374):   92% 32439/com.pekall.emdm.launcher:remote: 92% user + 0% kernel
05-20 13:39:34.517 E/ActivityManager(  374):     92% 32453/Thread-1501: 92% user + 0% kernel
05-20 13:39:34.517 E/ActivityManager(  374):   81% 26771/com.pekall.emdm.launcher: 81% user + 0% kernel
05-20 13:39:34.517 E/ActivityManager(  374):     81% 26784/Thread-1176: 81% user + 0% kernel
05-20 13:39:34.517 E/ActivityManager(  374):   11% 448/com.android.systemui: 11% user + 0% kernel / faults: 10 minor
05-20 13:39:34.517 E/ActivityManager(  374):     9.2% 448/ndroid.systemui: 9.2% user + 0% kernel
05-20 13:39:34.517 E/ActivityManager(  374):     1.8% 463/Binder_1: 0% user + 1.8% kernel
05-20 13:39:34.517 E/ActivityManager(  374):   7.4% 374/system_server: 0% user + 7.4% kernel
05-20 13:39:34.517 E/ActivityManager(  374):     3.7% 390/ActivityManager: 1.8% user + 1.8% kernel
05-20 13:39:34.517 E/ActivityManager(  374):     1.8% 386/SensorService: 0% user + 1.8% kernel
05-20 13:39:34.517 E/ActivityManager(  374):     1.8% 1318/Binder_D: 1.8% user + 0% kernel
05-20 13:39:34.517 E/ActivityManager(  374):     1.8% 1459/AsyncTask #3: 0% user + 1.8% kernel
05-20 13:39:34.517 E/ActivityManager(  374):   2.8% 32423/uiautomator: 1.4% user + 1.4% kernel / faults: 56 minor
05-20 13:39:34.517 E/ActivityManager(  374):     1.4% 32423/uiautomator: 0% user + 1.4% kernel
05-20 13:39:34.517 E/ActivityManager(  374):     1.4% 32432/Binder_1: 1.4% user + 0% kernel
05-20 13:39:34.517 E/ActivityManager(  374):     1.4% 32433/Binder_2: 1.4% user + 0% kernel
05-20 13:39:34.517 E/ActivityManager(  374):   0.7% 117/vold: 0.7% user + 0% kernel
05-20 13:39:34.517 E/ActivityManager(  374):   0.9% 1661/com.qihoo360.mobilesafe:GuardService: 0.9% user + 0% kernel
05-20 13:39:34.517 E/ActivityManager(  374):     0.9% 1661/fe:GuardService: 0.9% user + 0% kernel
05-20 13:39:34.517 E/ActivityManager(  374):   1.8% 32472/com.dragon.android.pandaspace:bdservice_v1: 1.8% user + 0% kernel / faults: 150 minor
05-20 13:39:34.517 E/ActivityManager(  374):     3.7% 32478/Compiler: 1.8% user + 1.8% kernel
05-20 13:39:34.517 E/ActivityManager(  374):     1.8% 32472/ce:bdservice_v1: 1.8% user + 0% kernel
05-20 13:39:34.517 E/ActivityManager(  374): 100% TOTAL: 96% user + 3.7% kernel
05-20 13:39:34.517 W/ActivityManager(  374): Killing ProcessRecord{42b021f0 32439:com.pekall.emdm.launcher:remote/u0a10066}: background ANR
05-20 13:39:34.541 I/ActivityManager(  374): Process com.pekall.emdm.launcher:remote (pid 32439) has died.
05-20 13:39:34.541 W/ActivityManager(  374): Scheduling restart of crashed service com.pekall.emdm.launcher/com.baidu.location.f in 5000ms
05-20 13:39:34.736 W/InputMethodManagerService(  374): Window already focused, ignoring focus gain of: com.android.internal.view.IInputMethodClient$Stub$Proxy@42f9ad40 attribute=android.view.inputmethod.EditorInfo@430856d0, token = android.os.BinderProxy@42602470
05-20 13:39:34.838 W/BroadcastQueue(  374): Failure sending broadcast Intent { act=android.intent.action.SCREEN_OFF flg=0x50000010 }
05-20 13:39:34.838 W/BroadcastQueue(  374): android.os.DeadObjectException
05-20 13:39:34.838 W/BroadcastQueue(  374): 	at android.os.BinderProxy.transact(Native Method)
05-20 13:39:34.838 W/BroadcastQueue(  374): 	at android.content.IIntentReceiver$Stub$Proxy.performReceive(IIntentReceiver.java:124)
05-20 13:39:34.838 W/BroadcastQueue(  374): 	at com.android.server.am.BroadcastQueue.performReceiveLocked(BroadcastQueue.java:376)
05-20 13:39:34.838 W/BroadcastQueue(  374): 	at com.android.server.am.BroadcastQueue.deliverToRegisteredReceiverLocked(BroadcastQueue.java:449)
05-20 13:39:34.838 W/BroadcastQueue(  374): 	at com.android.server.am.BroadcastQueue.processNextBroadcast(BroadcastQueue.java:656)
05-20 13:39:34.838 W/BroadcastQueue(  374): 	at com.android.server.am.ActivityManagerService.finishReceiver(ActivityManagerService.java:12390)
05-20 13:39:34.838 W/BroadcastQueue(  374): 	at android.app.ActivityManagerNative.onTransact(ActivityManagerNative.java:379)
05-20 13:39:34.838 W/BroadcastQueue(  374): 	at com.android.server.am.ActivityManagerService.onTransact(ActivityManagerService.java:1737)
05-20 13:39:34.838 W/BroadcastQueue(  374): 	at android.os.Binder.execTransact(Binder.java:388)
05-20 13:39:34.838 W/BroadcastQueue(  374): 	at com.android.server.SystemServer.init1(Native Method)
05-20 13:39:34.838 W/BroadcastQueue(  374): 	at com.android.server.SystemServer.main(SystemServer.java:1066)
05-20 13:39:34.838 W/BroadcastQueue(  374): 	at java.lang.reflect.Method.invokeNative(Native Method)
05-20 13:39:34.838 W/BroadcastQueue(  374): 	at java.lang.reflect.Method.invoke(Method.java:525)
05-20 13:39:34.838 W/BroadcastQueue(  374): 	at com.android.internal.os.ZygoteInit$MethodAndArgsCaller.run(ZygoteInit.java:737)
05-20 13:39:34.838 W/BroadcastQueue(  374): 	at com.android.internal.os.ZygoteInit.main(ZygoteInit.java:553)
05-20 13:39:34.838 W/BroadcastQueue(  374): 	at dalvik.system.NativeStart.main(Native Method)
05-20 13:39:34.931 I/WindowManager(  374): No lock screen!
05-20 13:39:39.556 I/ActivityManager(  374): Start proc com.pekall.emdm.launcher:remote for service com.pekall.emdm.launcher/com.baidu.location.f: pid=32511 uid=10066 gids={50066, 1015, 3002, 3001, 3003, 1028}
05-20 13:39:39.877 D/ActivityThread(32511): Loading provider com.pekall.semail.provider;com.pekall.semail.notifier: com.pekall.semail.provider.EmailProvider
05-20 13:39:39.885 D/ActivityThread(32511): Loading provider com.pekall.semail.provider;com.pekall.semail.notifier: com.pekall.semail.provider.EmailProvider
05-20 13:39:40.541 W/MountService(  374): getVolumeState(/storage/emulated/0/external_sd): Unknown volume
05-20 13:39:40.596 W/MountService(  374): getVolumeState(/mnt/sdcard-ext): Unknown volume
05-20 13:39:40.596 W/MountService(  374): getVolumeState(/mnt/ext_sdcard): Unknown volume
05-20 13:39:40.611 W/MountService(  374): getVolumeState(/mnt/sdcard2): Unknown volume
05-20 13:39:40.611 W/MountService(  374): getVolumeState(/mnt/emmc): Unknown volume
05-20 13:39:40.611 W/MountService(  374): getVolumeState(/mnt/extSdCard): Unknown volume
05-20 13:39:40.642 W/MountService(  374): getVolumeState(/mnt/sdcard/SD_CARD): Unknown volume
05-20 13:39:40.658 W/MountService(  374): getVolumeState(/mnt/sdcard/extra_sd): Unknown volume
05-20 13:39:40.689 W/MountService(  374): getVolumeState(/mnt/extrasd_bind): Unknown volume
05-20 13:39:40.705 W/MountService(  374): getVolumeState(/mnt/sdcard/ext_sd): Unknown volume
05-20 13:39:40.721 W/MountService(  374): getVolumeState(/storage/extSdCard): Unknown volume
05-20 13:39:40.877 W/MountService(  374): getVolumeState(/storage/sdcard1): Unknown volume
05-20 13:39:40.908 W/MountService(  374): getVolumeState(/mnt/sdcard/external_SD): Unknown volume
05-20 13:39:40.916 W/MountService(  374): getVolumeState(/mnt/sdcard/external_sd): Unknown volume
05-20 13:39:48.166 W/MountService(  374): getVolumeState(/storage/emulated/0/external_sd): Unknown volume
05-20 13:39:48.431 W/MountService(  374): getVolumeState(/mnt/sdcard-ext): Unknown volume
05-20 13:39:48.471 W/MountService(  374): getVolumeState(/mnt/ext_sdcard): Unknown volume
05-20 13:39:48.471 W/MountService(  374): getVolumeState(/mnt/sdcard2): Unknown volume
05-20 13:39:48.486 W/MountService(  374): getVolumeState(/mnt/emmc): Unknown volume
05-20 13:39:48.502 W/MountService(  374): getVolumeState(/mnt/extSdCard): Unknown volume
05-20 13:39:48.517 W/MountService(  374): getVolumeState(/mnt/sdcard/SD_CARD): Unknown volume
05-20 13:39:48.525 W/MountService(  374): getVolumeState(/mnt/sdcard/extra_sd): Unknown volume
05-20 13:39:48.556 W/MountService(  374): getVolumeState(/mnt/extrasd_bind): Unknown volume
05-20 13:39:48.619 W/MountService(  374): getVolumeState(/mnt/sdcard/ext_sd): Unknown volume
05-20 13:39:48.650 W/MountService(  374): getVolumeState(/storage/extSdCard): Unknown volume
05-20 13:39:48.666 W/MountService(  374): getVolumeState(/storage/sdcard1): Unknown volume
05-20 13:39:48.666 W/MountService(  374): getVolumeState(/mnt/sdcard/external_SD): Unknown volume
05-20 13:39:48.697 W/MountService(  374): getVolumeState(/mnt/sdcard/external_sd): Unknown volume
05-20 13:39:50.767 W/ActivityManager(  374): Unable to start service Intent { cmp=com.pekall.emdm.launcher/com.pekall.semail.service.AttachmentDownloadService } U=0: not found
05-20 13:39:59.588 W/ActivityManager(  374): Timeout executing service: ServiceRecord{42d711c0 u0 com.pekall.emdm.launcher/com.baidu.location.f}
05-20 13:40:02.947 I/PowerManagerService(  374): Going to sleep due to screen timeout...
05-20 13:40:04.400 E/ActivityManager(  374): ANR in com.pekall.emdm.launcher:remote
05-20 13:40:04.400 E/ActivityManager(  374): Reason: Executing service com.pekall.emdm.launcher/com.baidu.location.f
05-20 13:40:04.400 E/ActivityManager(  374): Load: 4.93 / 3.0 / 2.23
05-20 13:40:04.400 E/ActivityManager(  374): CPU usage from 7888ms to 0ms ago:
05-20 13:40:04.400 E/ActivityManager(  374):   98% 26771/com.pekall.emdm.launcher: 98% user + 0.1% kernel
05-20 13:40:04.400 E/ActivityManager(  374):   97% 32511/com.pekall.emdm.launcher:remote: 97% user + 0.1% kernel
05-20 13:40:04.400 E/ActivityManager(  374):   2.2% 374/system_server: 0.7% user + 1.5% kernel / faults: 69 minor
05-20 13:40:04.400 E/ActivityManager(  374):   0.6% 1661/com.qihoo360.mobilesafe:GuardService: 0.5% user + 0.1% kernel / faults: 4 minor
05-20 13:40:04.400 E/ActivityManager(  374):   0.1% 114/jbd2/mmcblk0p12: 0% user + 0.1% kernel
05-20 13:40:04.400 E/ActivityManager(  374):   0% 121/netd: 0% user + 0% kernel
05-20 13:40:04.400 E/ActivityManager(  374):   0% 442/wpa_supplicant: 0% user + 0% kernel
05-20 13:40:04.400 E/ActivityManager(  374):   0.1% 1468/com.qihoo.daemon: 0.1% user + 0% kernel
05-20 13:40:04.400 E/ActivityManager(  374):   0.1% 30346/com.qihoo.appstore: 0.1% user + 0% kernel / faults: 1 minor
05-20 13:40:04.400 E/ActivityManager(  374):   0% 31215/kworker/0:0: 0% user + 0% kernel
05-20 13:40:04.400 E/ActivityManager(  374):   0% 31255/kworker/u:0: 0% user + 0% kernel
05-20 13:40:04.400 E/ActivityManager(  374):   0.1% 31666/com.nd.assistance.ServerService: 0.1% user + 0% kernel / faults: 3 minor
05-20 13:40:04.400 E/ActivityManager(  374): 100% TOTAL: 98% user + 1% kernel
05-20 13:40:04.400 E/ActivityManager(  374): CPU usage from 3887ms to 4417ms later:
05-20 13:40:04.400 E/ActivityManager(  374):   91% 32511/com.pekall.emdm.launcher:remote: 89% user + 1.7% kernel
05-20 13:40:04.400 E/ActivityManager(  374):     91% 32525/Thread-1507: 89% user + 1.7% kernel
05-20 13:40:04.400 E/ActivityManager(  374):   84% 26771/com.pekall.emdm.launcher: 84% user + 0% kernel / faults: 12 minor
05-20 13:40:04.400 E/ActivityManager(  374):     84% 26784/Thread-1176: 84% user + 0% kernel
05-20 13:40:04.400 E/ActivityManager(  374):   12% 374/system_server: 5.5% user + 7.4% kernel / faults: 22 minor
05-20 13:40:04.400 E/ActivityManager(  374):     5.5% 390/ActivityManager: 1.8% user + 3.7% kernel
05-20 13:40:04.400 E/ActivityManager(  374):     3.7% 402/PowerManagerSer: 1.8% user + 1.8% kernel
05-20 13:40:04.400 E/ActivityManager(  374):     1.8% 384/Binder_1: 1.8% user + 0% kernel
05-20 13:40:04.400 E/ActivityManager(  374):     1.8% 387/er.ServerThread: 1.8% user + 0% kernel
05-20 13:40:04.400 E/ActivityManager(  374):     1.8% 1557/AsyncTask #5: 1.8% user + 0% kernel
05-20 13:40:04.400 E/ActivityManager(  374):   3.7% 124/surfaceflinger: 1.8% user + 1.8% kernel
05-20 13:40:04.400 E/ActivityManager(  374):     1.8% 151/SurfaceFlinger: 1.8% user + 0% kernel
05-20 13:40:04.400 E/ActivityManager(  374):     1.8% 169/EventThread: 0% user + 1.8% kernel
05-20 13:40:04.400 E/ActivityManager(  374):   1% 82/mmcqd/0: 0% user + 1% kernel
05-20 13:40:04.400 E/ActivityManager(  374):   1.8% 448/com.android.systemui: 1.8% user + 0% kernel / faults: 12 minor
05-20 13:40:04.400 E/ActivityManager(  374):     1.8% 448/ndroid.systemui: 1.8% user + 0% kernel
05-20 13:40:04.400 E/ActivityManager(  374):   1.3% 1661/com.qihoo360.mobilesafe:GuardService: 0% user + 1.3% kernel / faults: 3 minor
05-20 13:40:04.400 E/ActivityManager(  374):     1.3% 3773/Binder_3: 1.3% user + 0% kernel
05-20 13:40:04.400 E/ActivityManager(  374):   1.3% 31256/kworker/u:2: 0% user + 1.3% kernel
05-20 13:40:04.400 E/ActivityManager(  374):   1.4% 32115/kworker/u:4: 0% user + 1.4% kernel
05-20 13:40:04.400 E/ActivityManager(  374): 100% TOTAL: 94% user + 5.6% kernel
05-20 13:40:04.408 W/ActivityManager(  374): Killing ProcessRecord{4253a458 32511:com.pekall.emdm.launcher:remote/u0a10066}: background ANR
05-20 13:40:04.564 I/ActivityManager(  374): Process com.pekall.emdm.launcher:remote (pid 32511) has died.
05-20 13:40:04.564 W/ActivityManager(  374): Scheduling restart of crashed service com.pekall.emdm.launcher/com.baidu.location.f in 20000ms
05-20 13:40:04.697 W/BroadcastQueue(  374): Failure sending broadcast Intent { act=android.intent.action.SCREEN_OFF flg=0x50000010 }
05-20 13:40:04.697 W/BroadcastQueue(  374): android.os.DeadObjectException
05-20 13:40:04.697 W/BroadcastQueue(  374): 	at android.os.BinderProxy.transact(Native Method)
05-20 13:40:04.697 W/BroadcastQueue(  374): 	at android.content.IIntentReceiver$Stub$Proxy.performReceive(IIntentReceiver.java:124)
05-20 13:40:04.697 W/BroadcastQueue(  374): 	at com.android.server.am.BroadcastQueue.performReceiveLocked(BroadcastQueue.java:376)
05-20 13:40:04.697 W/BroadcastQueue(  374): 	at com.android.server.am.BroadcastQueue.deliverToRegisteredReceiverLocked(BroadcastQueue.java:449)
05-20 13:40:04.697 W/BroadcastQueue(  374): 	at com.android.server.am.BroadcastQueue.processNextBroadcast(BroadcastQueue.java:656)
05-20 13:40:04.697 W/BroadcastQueue(  374): 	at com.android.server.am.ActivityManagerService.finishReceiver(ActivityManagerService.java:12390)
05-20 13:40:04.697 W/BroadcastQueue(  374): 	at android.app.ActivityManagerNative.onTransact(ActivityManagerNative.java:379)
05-20 13:40:04.697 W/BroadcastQueue(  374): 	at com.android.server.am.ActivityManagerService.onTransact(ActivityManagerService.java:1737)
05-20 13:40:04.697 W/BroadcastQueue(  374): 	at android.os.Binder.execTransact(Binder.java:388)
05-20 13:40:04.697 W/BroadcastQueue(  374): 	at dalvik.system.NativeStart.run(Native Method)
05-20 13:40:08.947 D/PhoneStatusBar(  448): disable: < expand icons alerts ticker system_info back home RECENT* clock SEARCH* >
05-20 13:40:09.010 D/PhoneStatusBar(  448): disable: < expand icons alerts ticker system_info BACK* HOME* RECENT CLOCK* SEARCH >
05-20 13:40:24.588 I/ActivityManager(  374): Start proc com.pekall.emdm.launcher:remote for service com.pekall.emdm.launcher/com.baidu.location.f: pid=32552 uid=10066 gids={50066, 1015, 3002, 3001, 3003, 1028}
05-20 13:40:24.947 D/ActivityThread(32552): Loading provider com.pekall.semail.provider;com.pekall.semail.notifier: com.pekall.semail.provider.EmailProvider
05-20 13:40:26.400 D/ActivityThread(32552): Loading provider com.pekall.semail.provider;com.pekall.semail.notifier: com.pekall.semail.provider.EmailProvider
05-20 13:40:28.947 W/ActivityManager(  374): Unable to start service Intent { cmp=com.pekall.emdm.launcher/com.pekall.semail.service.AttachmentDownloadService } U=0: not found
05-20 13:40:40.533 W/MountService(  374): getVolumeState(/storage/emulated/0/external_sd): Unknown volume
05-20 13:40:40.541 W/MountService(  374): getVolumeState(/mnt/sdcard-ext): Unknown volume
05-20 13:40:40.556 W/MountService(  374): getVolumeState(/mnt/ext_sdcard): Unknown volume
05-20 13:40:40.603 W/MountService(  374): getVolumeState(/mnt/sdcard2): Unknown volume
05-20 13:40:40.611 W/MountService(  374): getVolumeState(/mnt/emmc): Unknown volume
05-20 13:40:40.674 W/MountService(  374): getVolumeState(/mnt/extSdCard): Unknown volume
05-20 13:40:40.674 W/MountService(  374): getVolumeState(/mnt/sdcard/SD_CARD): Unknown volume
05-20 13:40:40.752 W/MountService(  374): getVolumeState(/mnt/sdcard/extra_sd): Unknown volume
05-20 13:40:40.767 W/MountService(  374): getVolumeState(/mnt/extrasd_bind): Unknown volume
05-20 13:40:40.767 W/MountService(  374): getVolumeState(/mnt/sdcard/ext_sd): Unknown volume
05-20 13:40:40.814 W/MountService(  374): getVolumeState(/storage/extSdCard): Unknown volume
05-20 13:40:40.830 W/MountService(  374): getVolumeState(/storage/sdcard1): Unknown volume
05-20 13:40:40.853 W/MountService(  374): getVolumeState(/mnt/sdcard/external_SD): Unknown volume
05-20 13:40:40.869 W/MountService(  374): getVolumeState(/mnt/sdcard/external_sd): Unknown volume
05-20 13:40:44.619 W/ActivityManager(  374): Timeout executing service: ServiceRecord{42d711c0 u0 com.pekall.emdm.launcher/com.baidu.location.f}
05-20 13:40:48.853 W/MountService(  374): getVolumeState(/storage/emulated/0/external_sd): Unknown volume
05-20 13:40:48.908 W/MountService(  374): getVolumeState(/mnt/sdcard-ext): Unknown volume
05-20 13:40:48.931 W/MountService(  374): getVolumeState(/mnt/ext_sdcard): Unknown volume
05-20 13:40:49.025 W/MountService(  374): getVolumeState(/mnt/sdcard2): Unknown volume
05-20 13:40:49.064 W/MountService(  374): getVolumeState(/mnt/emmc): Unknown volume
05-20 13:40:49.080 W/MountService(  374): getVolumeState(/mnt/extSdCard): Unknown volume
05-20 13:40:49.088 W/MountService(  374): getVolumeState(/mnt/sdcard/SD_CARD): Unknown volume
05-20 13:40:49.088 W/MountService(  374): getVolumeState(/mnt/sdcard/extra_sd): Unknown volume
05-20 13:40:49.096 W/MountService(  374): getVolumeState(/mnt/extrasd_bind): Unknown volume
05-20 13:40:49.096 W/MountService(  374): getVolumeState(/mnt/sdcard/ext_sd): Unknown volume
05-20 13:40:49.096 W/MountService(  374): getVolumeState(/storage/extSdCard): Unknown volume
05-20 13:40:49.096 W/MountService(  374): getVolumeState(/storage/sdcard1): Unknown volume
05-20 13:40:49.096 W/MountService(  374): getVolumeState(/mnt/sdcard/external_SD): Unknown volume
05-20 13:40:49.103 W/MountService(  374): getVolumeState(/mnt/sdcard/external_sd): Unknown volume
05-20 13:40:50.119 E/ActivityManager(  374): ANR in com.pekall.emdm.launcher:remote
05-20 13:40:50.119 E/ActivityManager(  374): Reason: Executing service com.pekall.emdm.launcher/com.baidu.location.f
05-20 13:40:50.119 E/ActivityManager(  374): Load: 4.86 / 3.16 / 2.32
05-20 13:40:50.119 E/ActivityManager(  374): CPU usage from 0ms to 5466ms later:
05-20 13:40:50.119 E/ActivityManager(  374):   82% 26771/com.pekall.emdm.launcher: 81% user + 0.5% kernel / faults: 162 minor
05-20 13:40:50.119 E/ActivityManager(  374):   77% 32552/com.pekall.emdm.launcher:remote: 77% user + 0.5% kernel / faults: 114 minor
05-20 13:40:50.119 E/ActivityManager(  374):   28% 374/system_server: 21% user + 6.5% kernel / faults: 541 minor
05-20 13:40:50.119 E/ActivityManager(  374):   0.8% 448/com.android.systemui: 0.7% user + 0.1% kernel / faults: 24 minor
05-20 13:40:50.119 E/ActivityManager(  374):   3.6% 1468/com.qihoo.daemon: 2.5% user + 1% kernel / faults: 706 minor
05-20 13:40:50.119 E/ActivityManager(  374):   0.9% 561/com.android.phone: 0.7% user + 0.1% kernel / faults: 29 minor
05-20 13:40:50.119 E/ActivityManager(  374):   0% 568/com.android.nfc: 0% user + 0% kernel / faults: 28 minor
05-20 13:40:50.119 E/ActivityManager(  374):   0% 3/ksoftirqd/0: 0% user + 0% kernel
05-20 13:40:50.119 E/ActivityManager(  374):   0.1% 82/mmcqd/0: 0% user + 0.1% kernel
05-20 13:40:50.119 E/ActivityManager(  374):   0% 106/flush-179:0: 0% user + 0% kernel
05-20 13:40:50.119 E/ActivityManager(  374):   0.1% 133/sdcard: 0% user + 0.1% kernel
05-20 13:40:50.119 E/ActivityManager(  374):   0% 135/adbd: 0% user + 0% kernel
05-20 13:40:50.119 E/ActivityManager(  374):   0.1% 30346/com.qihoo.appstore: 0.1% user + 0% kernel
05-20 13:40:50.119 E/ActivityManager(  374):   0.1% 31070/android.process.media: 0.1% user + 0% kernel / faults: 4 minor
05-20 13:40:50.119 E/ActivityManager(  374): 100% TOTAL: 95% user + 4.8% kernel
05-20 13:40:50.119 E/ActivityManager(  374): CPU usage from 4415ms to 4975ms later with 99% awake:
05-20 13:40:50.119 E/ActivityManager(  374):   98% 26771/com.pekall.emdm.launcher: 98% user + 0% kernel
05-20 13:40:50.119 E/ActivityManager(  374):     98% 26784/Thread-1176: 98% user + 0% kernel
05-20 13:40:50.119 E/ActivityManager(  374):   84% 32552/com.pekall.emdm.launcher:remote: 83% user + 1.6% kernel
05-20 13:40:50.119 E/ActivityManager(  374):     84% 32566/Thread-1510: 83% user + 1.6% kernel
05-20 13:40:50.119 E/ActivityManager(  374):   12% 374/system_server: 1.7% user + 10% kernel / faults: 6 minor
05-20 13:40:50.119 E/ActivityManager(  374):     10% 390/ActivityManager: 1.7% user + 8.7% kernel
05-20 13:40:50.119 E/ActivityManager(  374):   8.7% 1468/com.qihoo.daemon: 7% user + 1.7% kernel / faults: 90 minor
05-20 13:40:50.119 E/ActivityManager(  374):     1.7% 1471/GC: 1.7% user + 0% kernel
05-20 13:40:50.119 E/ActivityManager(  374):     1.7% 1485/PrefManager: 1.7% user + 0% kernel
05-20 13:40:50.119 E/ActivityManager(  374):     1.7% 23947/pool-97-thread-: 0% user + 1.7% kernel
05-20 13:40:50.119 E/ActivityManager(  374):   0.7% 106/flush-179:0: 0% user + 0.7% kernel
05-20 13:40:50.119 E/ActivityManager(  374):   0.7% 133/sdcard: 0% user + 0.7% kernel
05-20 13:40:50.119 E/ActivityManager(  374): 100% TOTAL: 93% user + 6.3% kernel
05-20 13:40:50.119 W/ActivityManager(  374): Killing ProcessRecord{427f38e0 32552:com.pekall.emdm.launcher:remote/u0a10066}: background ANR
05-20 13:40:50.135 I/ActivityManager(  374): Process com.pekall.emdm.launcher:remote (pid 32552) has died.
05-20 13:40:50.135 W/ActivityManager(  374): Scheduling restart of crashed service com.pekall.emdm.launcher/com.baidu.location.f in 80000ms
05-20 13:41:40.236 W/MountService(  374): getVolumeState(/storage/emulated/0/external_sd): Unknown volume
05-20 13:41:40.236 W/MountService(  374): getVolumeState(/mnt/sdcard-ext): Unknown volume
05-20 13:41:40.236 W/MountService(  374): getVolumeState(/mnt/ext_sdcard): Unknown volume
05-20 13:41:40.236 W/MountService(  374): getVolumeState(/mnt/sdcard2): Unknown volume
05-20 13:41:40.236 W/MountService(  374): getVolumeState(/mnt/emmc): Unknown volume
05-20 13:41:40.244 W/MountService(  374): getVolumeState(/mnt/extSdCard): Unknown volume
05-20 13:41:40.244 W/MountService(  374): getVolumeState(/mnt/sdcard/SD_CARD): Unknown volume
05-20 13:41:40.244 W/MountService(  374): getVolumeState(/mnt/sdcard/extra_sd): Unknown volume
05-20 13:41:40.244 W/MountService(  374): getVolumeState(/mnt/extrasd_bind): Unknown volume
05-20 13:41:40.244 W/MountService(  374): getVolumeState(/mnt/sdcard/ext_sd): Unknown volume
05-20 13:41:40.244 W/MountService(  374): getVolumeState(/storage/extSdCard): Unknown volume
05-20 13:41:40.244 W/MountService(  374): getVolumeState(/storage/sdcard1): Unknown volume
05-20 13:41:40.252 W/MountService(  374): getVolumeState(/mnt/sdcard/external_SD): Unknown volume
05-20 13:41:40.252 W/MountService(  374): getVolumeState(/mnt/sdcard/external_sd): Unknown volume
05-20 13:41:40.596 W/MountService(  374): getVolumeState(/storage/emulated/0/external_sd): Unknown volume
05-20 13:41:40.596 W/MountService(  374): getVolumeState(/mnt/sdcard-ext): Unknown volume
05-20 13:41:40.596 W/MountService(  374): getVolumeState(/mnt/ext_sdcard): Unknown volume
05-20 13:41:40.596 W/MountService(  374): getVolumeState(/mnt/sdcard2): Unknown volume
05-20 13:41:40.596 W/MountService(  374): getVolumeState(/mnt/emmc): Unknown volume
05-20 13:41:40.596 W/MountService(  374): getVolumeState(/mnt/extSdCard): Unknown volume
05-20 13:41:40.596 W/MountService(  374): getVolumeState(/mnt/sdcard/SD_CARD): Unknown volume
05-20 13:41:40.596 W/MountService(  374): getVolumeState(/mnt/sdcard/extra_sd): Unknown volume
05-20 13:41:40.603 W/MountService(  374): getVolumeState(/mnt/extrasd_bind): Unknown volume
05-20 13:41:40.603 W/MountService(  374): getVolumeState(/mnt/sdcard/ext_sd): Unknown volume
05-20 13:41:40.603 W/MountService(  374): getVolumeState(/storage/extSdCard): Unknown volume
05-20 13:41:40.603 W/MountService(  374): getVolumeState(/storage/sdcard1): Unknown volume
05-20 13:41:40.603 W/MountService(  374): getVolumeState(/mnt/sdcard/external_SD): Unknown volume
05-20 13:41:40.603 W/MountService(  374): getVolumeState(/mnt/sdcard/external_sd): Unknown volume
05-20 13:42:10.150 I/ActivityManager(  374): Start proc com.pekall.emdm.launcher:remote for service com.pekall.emdm.launcher/com.baidu.location.f: pid=32591 uid=10066 gids={50066, 1015, 3002, 3001, 3003, 1028}
05-20 13:42:10.619 D/ActivityThread(32591): Loading provider com.pekall.semail.provider;com.pekall.semail.notifier: com.pekall.semail.provider.EmailProvider
05-20 13:42:10.994 D/ActivityThread(32591): Loading provider com.pekall.semail.provider;com.pekall.semail.notifier: com.pekall.semail.provider.EmailProvider
05-20 13:42:15.588 W/ActivityManager(  374): Unable to start service Intent { cmp=com.pekall.emdm.launcher/com.pekall.semail.service.AttachmentDownloadService } U=0: not found
05-20 13:42:30.189 W/ActivityManager(  374): Timeout executing service: ServiceRecord{42d711c0 u0 com.pekall.emdm.launcher/com.baidu.location.f}
05-20 13:42:35.924 E/ActivityManager(  374): ANR in com.pekall.emdm.launcher:remote
05-20 13:42:35.924 E/ActivityManager(  374): Reason: Executing service com.pekall.emdm.launcher/com.baidu.location.f
05-20 13:42:35.924 E/ActivityManager(  374): Load: 2.48 / 2.71 / 2.24
05-20 13:42:35.924 E/ActivityManager(  374): CPU usage from 0ms to 5694ms later:
05-20 13:42:35.924 E/ActivityManager(  374):   84% 26771/com.pekall.emdm.launcher: 84% user + 0% kernel
05-20 13:42:35.924 E/ActivityManager(  374):   82% 32591/com.pekall.emdm.launcher:remote: 81% user + 0.1% kernel / faults: 116 minor
05-20 13:42:35.924 E/ActivityManager(  374):   25% 374/system_server: 19% user + 5.7% kernel / faults: 550 minor
05-20 13:42:35.924 E/ActivityManager(  374):   1% 448/com.android.systemui: 0.8% user + 0.1% kernel / faults: 27 minor
05-20 13:42:35.924 E/ActivityManager(  374):   0.2% 561/com.android.phone: 0.2% user + 0% kernel / faults: 31 minor
05-20 13:42:35.924 E/ActivityManager(  374):   0% 568/com.android.nfc: 0% user + 0% kernel / faults: 28 minor
05-20 13:42:35.924 E/ActivityManager(  374):   0% 1615/logcat: 0% user + 0% kernel
05-20 13:42:35.924 E/ActivityManager(  374):   0.1% 30346/com.qihoo.appstore: 0.1% user + 0% kernel / faults: 1 minor
05-20 13:42:35.924 E/ActivityManager(  374):   0.1% 31666/com.nd.assistance.ServerService: 0.1% user + 0% kernel / faults: 3 minor
05-20 13:42:35.924 E/ActivityManager(  374): 100% TOTAL: 96% user + 3.7% kernel
05-20 13:42:35.924 E/ActivityManager(  374): CPU usage from 4895ms to 5434ms later:
05-20 13:42:35.924 E/ActivityManager(  374):   98% 26771/com.pekall.emdm.launcher: 98% user + 0% kernel
05-20 13:42:35.924 E/ActivityManager(  374):     98% 26784/Thread-1176: 98% user + 0% kernel
05-20 13:42:35.924 E/ActivityManager(  374):   92% 32591/com.pekall.emdm.launcher:remote: 92% user + 0% kernel
05-20 13:42:35.924 E/ActivityManager(  374):     90% 32605/Thread-1513: 90% user + 0% kernel
05-20 13:42:35.924 E/ActivityManager(  374):   7.4% 374/system_server: 1.8% user + 5.5% kernel
05-20 13:42:35.924 E/ActivityManager(  374):     7.4% 390/ActivityManager: 0% user + 7.4% kernel
05-20 13:42:35.924 E/ActivityManager(  374): 100% TOTAL: 96% user + 3.7% kernel
05-20 13:42:35.931 W/ActivityManager(  374): Killing ProcessRecord{42295068 32591:com.pekall.emdm.launcher:remote/u0a10066}: background ANR
05-20 13:42:35.947 I/ActivityManager(  374): Process com.pekall.emdm.launcher:remote (pid 32591) has died.
05-20 13:42:35.963 W/ActivityManager(  374): Scheduling restart of crashed service com.pekall.emdm.launcher/com.baidu.location.f in 320000ms
05-20 13:42:40.252 W/MountService(  374): getVolumeState(/storage/emulated/0/external_sd): Unknown volume
05-20 13:42:40.252 W/MountService(  374): getVolumeState(/mnt/sdcard-ext): Unknown volume
05-20 13:42:40.252 W/MountService(  374): getVolumeState(/mnt/ext_sdcard): Unknown volume
05-20 13:42:40.252 W/MountService(  374): getVolumeState(/mnt/sdcard2): Unknown volume
05-20 13:42:40.252 W/MountService(  374): getVolumeState(/mnt/emmc): Unknown volume
05-20 13:42:40.252 W/MountService(  374): getVolumeState(/mnt/extSdCard): Unknown volume
05-20 13:42:40.252 W/MountService(  374): getVolumeState(/mnt/sdcard/SD_CARD): Unknown volume
05-20 13:42:40.260 W/MountService(  374): getVolumeState(/mnt/sdcard/extra_sd): Unknown volume
05-20 13:42:40.260 W/MountService(  374): getVolumeState(/mnt/extrasd_bind): Unknown volume
05-20 13:42:40.260 W/MountService(  374): getVolumeState(/mnt/sdcard/ext_sd): Unknown volume
05-20 13:42:40.260 W/MountService(  374): getVolumeState(/storage/extSdCard): Unknown volume
05-20 13:42:40.260 W/MountService(  374): getVolumeState(/storage/sdcard1): Unknown volume
05-20 13:42:40.260 W/MountService(  374): getVolumeState(/mnt/sdcard/external_SD): Unknown volume
05-20 13:42:40.260 W/MountService(  374): getVolumeState(/mnt/sdcard/external_sd): Unknown volume
05-20 13:42:40.596 W/MountService(  374): getVolumeState(/storage/emulated/0/external_sd): Unknown volume
05-20 13:42:40.596 W/MountService(  374): getVolumeState(/mnt/sdcard-ext): Unknown volume
05-20 13:42:40.603 W/MountService(  374): getVolumeState(/mnt/ext_sdcard): Unknown volume
05-20 13:42:40.603 W/MountService(  374): getVolumeState(/mnt/sdcard2): Unknown volume
05-20 13:42:40.611 W/MountService(  374): getVolumeState(/mnt/emmc): Unknown volume
05-20 13:42:40.611 W/MountService(  374): getVolumeState(/mnt/extSdCard): Unknown volume
