05-20 13:44:03.689 D/MDM :   (26771): [null:-1]->tint false
05-20 13:44:03.697 D/CommandManager(26771): [null:-1]->execute command: CommandMsg{CommandUUID='5e7f07bf-5fe9-4502-bf6d-ac099621e145', Command=CommandObject{RequestType='DeviceInformation'}}
05-20 13:44:03.697 V/CounterTextView(26771): onReceive
05-20 13:44:03.697 D/        (26771): [---null: -1---]   msg  xxd1
05-20 13:44:03.705 D/        (26771): [---null: -1---]  xxd111  getPackageName  com.pekall.emdm.launcher
05-20 13:44:03.705 D/        (26771): [---null: -1---]  xxd111  getClassName  com.pekall.emdm.document.activity.DocMainActivity
05-20 13:44:03.705 D/        (26771): [---null: -1---]  xxd111  info.title  Document Manager ,count is 0
05-20 13:44:03.705 D/        (26771): [---null: -1---]  xxd111  getPackageName  com.pekall.emdm.launcher
05-20 13:44:03.705 D/        (26771): [---null: -1---]  xxd111  getClassName  com.pekall.emdm.launcher.ui.BackPersonalActivity
05-20 13:44:03.713 D/        (26771): [---null: -1---]  xxd111  info.title  Personal Mode ,count is 0
05-20 13:44:03.713 D/        (26771): [---null: -1---]  xxd111  getPackageName  com.pekall.emdm.launcher
05-20 13:44:03.713 D/        (26771): [---null: -1---]  xxd111  getClassName  com.pekall.semail.activity.Welcome
05-20 13:44:03.713 D/        (26771): [---null: -1---]  xxd111  info.title  Email ,count is 0
05-20 13:44:03.728 D/MDM :   (26771): [null:-1]->username is : zhenhua.sang@pekall.com ,pwd is 123456
05-20 13:44:03.728 I/System.out(26771): [cjx]authenticateUser,zhenhua.sang@pekall.com,123456
05-20 13:44:03.728 I/System.out(26771): [cjx]to generate user KEK now,keyLength:32,algorithm:Rijndael256
05-20 13:44:03.822 E/QueryController(32716): Got null root node from accessibility - Retrying...
05-20 13:44:03.822 I/Email   (26771): Notifications being toggled: false
05-20 13:44:03.822 W/ActivityManager(  374): Unable to start service Intent { cmp=com.pekall.emdm.launcher/com.pekall.semail.service.AttachmentDownloadService } U=0: not found
05-20 13:44:03.846 I/System.out(26771): [cjx]blockSize:32
05-20 13:44:03.846 I/System.out(26771): [cjx]iv:[112, 101, 107, 97, 108, 108, 50, 48, 49, 52, 97, 101, 115, 99, 106, 120, 112, 101, 107, 97, 108, 108, 50, 48, 49, 52, 97, 101, 115, 99, 106, 120]
05-20 13:44:03.846 I/System.out(26771): [cjx]secret:[-94, 35, 21, 34, 6, -61, -108, -46, 6, 56, -82, 111, 24, -59, 0, -21, 43, -46, -16, 27, -76, 52, 9, 117, -69, 64, 55, -122, -120, -69, -38, 9]
05-20 13:44:03.853 I/System.out(26771): [cjx]to generate user KEK now,keyLength:32,algorithm:Rijndael256
05-20 13:44:03.955 I/System.out(26771): [cjx]blockSize:32
05-20 13:44:03.955 I/System.out(26771): [cjx]iv:[112, 101, 107, 97, 108, 108, 50, 48, 49, 52, 97, 101, 115, 99, 106, 120, 112, 101, 107, 97, 108, 108, 50, 48, 49, 52, 97, 101, 115, 99, 106, 120]
05-20 13:44:03.963 I/System.out(26771): [cjx]secret:[-94, 35, 21, 34, 6, -61, -108, -46, 6, 56, -82, 111, 24, -59, 0, -21, 43, -46, -16, 27, -76, 52, 9, 117, -69, 64, 55, -122, -120, -69, -38, 9]
05-20 13:44:03.971 D/ExchangeService(26771): !!! EAS ExchangeService, onCreate
05-20 13:44:03.971 W/Parcel  ( 1661): Attempt to read object from Parcel 0x5ded3dac at offset 200 that is not in the object list
05-20 13:44:03.986 W/Parcel  ( 1661): Attempt to read object from Parcel 0x5ef3bdac at offset 200 that is not in the object list
05-20 13:44:03.986 W/ActivityManager(  374): Unable to start service Intent { act=pekall.intent.action.DOWNLOAD_APP (has extras) } U=0: not found
05-20 13:44:03.994 D/        (26771): [---null: -1---]  1111222  mLongAxisStartPadding110
05-20 13:44:04.002 D/        (26771): [---null: -1---]  11112223  heightSpecSize1094
05-20 13:44:04.002 D/        (26771): [---null: -1---]  11112223  mLongAxisStartPadding110
05-20 13:44:04.002 D/        (26771): [---null: -1---]  11112223  mLongAxisEndPadding110
05-20 13:44:04.002 D/        (26771): [---null: -1---]  11112223  mRows4
05-20 13:44:04.002 D/        (26771): [---null: -1---]  1111222  mLongAxisStartPadding110
05-20 13:44:04.002 D/        (26771): [---null: -1---]  11112223  heightSpecSize1094
05-20 13:44:04.002 D/        (26771): [---null: -1---]  11112223  mLongAxisStartPadding110
05-20 13:44:04.002 D/        (26771): [---null: -1---]  11112223  mLongAxisEndPadding110
05-20 13:44:04.010 D/        (26771): [---null: -1---]  11112223  mRows4
05-20 13:44:04.010 D/        (26771): [---null: -1---]  1111222  mLongAxisStartPadding110
05-20 13:44:04.010 D/        (26771): [---null: -1---]  11112223  heightSpecSize1094
05-20 13:44:04.010 D/        (26771): [---null: -1---]  11112223  mLongAxisStartPadding110
05-20 13:44:04.010 D/        (26771): [---null: -1---]  11112223  mLongAxisEndPadding110
05-20 13:44:04.010 D/        (26771): [---null: -1---]  11112223  mRows4
05-20 13:44:04.017 D/        (26771): [---null: -1---]  1111222  mLongAxisStartPadding110
05-20 13:44:04.017 D/        (26771): [---null: -1---]  11112223  heightSpecSize1094
05-20 13:44:04.017 D/        (26771): [---null: -1---]  11112223  mLongAxisStartPadding110
05-20 13:44:04.017 D/        (26771): [---null: -1---]  11112223  mLongAxisEndPadding110
05-20 13:44:04.017 D/        (26771): [---null: -1---]  11112223  mRows4
05-20 13:44:04.025 D/        (26771): [---null: -1---]  1111222  mLongAxisStartPadding110
05-20 13:44:04.025 D/        (26771): [---null: -1---]  11112223  heightSpecSize1094
05-20 13:44:04.025 D/        (26771): [---null: -1---]  11112223  mLongAxisStartPadding110
05-20 13:44:04.025 D/        (26771): [---null: -1---]  11112223  mLongAxisEndPadding110
05-20 13:44:04.025 D/        (26771): [---null: -1---]  11112223  mRows4
05-20 13:44:04.025 D/        (26771): [---null: -1---]  1111222  mLongAxisStartPadding110
05-20 13:44:04.033 D/        (26771): [---null: -1---]  11112223  heightSpecSize1094
05-20 13:44:04.033 D/        (26771): [---null: -1---]  11112223  mLongAxisStartPadding110
05-20 13:44:04.033 D/        (26771): [---null: -1---]  11112223  mLongAxisEndPadding110
05-20 13:44:04.033 D/        (26771): [---null: -1---]  11112223  mRows4
05-20 13:44:04.033 D/        (26771): [---null: -1---]  1111222  mLongAxisStartPadding110
05-20 13:44:04.033 D/        (26771): [---null: -1---]  11112223  heightSpecSize1094
05-20 13:44:04.033 D/        (26771): [---null: -1---]  11112223  mLongAxisStartPadding110
05-20 13:44:04.033 D/        (26771): [---null: -1---]  11112223  mLongAxisEndPadding110
05-20 13:44:04.033 D/        (26771): [---null: -1---]  11112223  mRows4
05-20 13:44:04.041 D/        (26771): [---null: -1---]  1111222  mLongAxisStartPadding110
05-20 13:44:04.041 D/        (26771): [---null: -1---]  11112223  heightSpecSize1094
05-20 13:44:04.041 D/        (26771): [---null: -1---]  11112223  mLongAxisStartPadding110
05-20 13:44:04.041 D/        (26771): [---null: -1---]  11112223  mLongAxisEndPadding110
05-20 13:44:04.041 D/        (26771): [---null: -1---]  11112223  mRows4
05-20 13:44:04.041 D/        (26771): [---null: -1---]  1111222  mLongAxisStartPadding110
05-20 13:44:04.049 D/        (26771): [---null: -1---]  11112223  heightSpecSize1094
05-20 13:44:04.049 D/        (26771): [---null: -1---]  11112223  mLongAxisStartPadding110
05-20 13:44:04.049 D/        (26771): [---null: -1---]  11112223  mLongAxisEndPadding110
05-20 13:44:04.049 D/        (26771): [---null: -1---]  11112223  mRows4
05-20 13:44:04.049 D/        (26771): [---null: -1---]  1111222  mLongAxisStartPadding110
05-20 13:44:04.049 D/        (26771): [---null: -1---]  11112223  heightSpecSize1094
05-20 13:44:04.049 D/        (26771): [---null: -1---]  11112223  mLongAxisStartPadding110
05-20 13:44:04.049 D/        (26771): [---null: -1---]  11112223  mLongAxisEndPadding110
05-20 13:44:04.049 D/        (26771): [---null: -1---]  11112223  mRows4
05-20 13:44:04.072 E/QueryController(32716): Cannot proceed when root node is null. Aborted search
05-20 13:44:04.072 E/QueryController(32716): Got null root node from accessibility - Retrying...
05-20 13:44:04.111 D/        (26771): [---null: -1---]  xxd111  getPackageName  com.pekall.emdm.launcher
05-20 13:44:04.111 D/        (26771): [---null: -1---]  xxd111  getClassName  com.pekall.emdm.contacts.activities.PeopleActivity
05-20 13:44:04.119 D/        (26771): [---null: -1---]  xxd111  info.title  EmdmContacts ,count is 0
05-20 13:44:04.119 D/        (26771): [---null: -1---]  xxd111  getPackageName  com.pekall.emdm.launcher
05-20 13:44:04.119 D/        (26771): [---null: -1---]  xxd111  getClassName  com.pekall.emdm.browser.BrowserActivity
05-20 13:44:04.119 D/        (26771): [---null: -1---]  xxd111  info.title  Safe Browser ,count is 0
05-20 13:44:04.119 D/        (26771): [---null: -1---]  xxd111  getPackageName  com.pekall.emdm.launcher
05-20 13:44:04.119 D/        (26771): [---null: -1---]  xxd111  getClassName  com.pekall.emdm.launcher.ui.AboutActivity
05-20 13:44:04.127 D/        (26771): [---null: -1---]  xxd111  info.title  About ,count is 0
05-20 13:44:04.127 D/        (26771): [---null: -1---]  xxd111  getPackageName  com.pekall.emdm.launcher
05-20 13:44:04.127 D/        (26771): [---null: -1---]  xxd111  getClassName  com.pekall.emdm.launcher.ui.SettingActivity
05-20 13:44:04.127 D/        (26771): [---null: -1---]  xxd111  info.title  Setting ,count is 0
05-20 13:44:04.135 V/l       (26771): Connected: com.pekall.exchange.ExchangeService
05-20 13:44:04.135 D/ExchangeService(26771): !!! EAS ExchangeService, onStartCommand, startingUp = false, running = false
05-20 13:44:04.135 D/ExchangeService(26771): to start secureStorageService now
05-20 13:44:04.135 D/        (26771): [---null: -1---]  1111222  mLongAxisStartPadding110
05-20 13:44:04.142 V/a       (26771): Bind requested for task test
05-20 13:44:04.142 D/        (26771): [---null: -1---]  11112223  heightSpecSize1094
05-20 13:44:04.142 D/        (26771): [---null: -1---]  11112223  mLongAxisStartPadding110
05-20 13:44:04.142 D/        (26771): [---null: -1---]  11112223  mLongAxisEndPadding110
05-20 13:44:04.142 D/        (26771): [---null: -1---]  11112223  mRows4
05-20 13:44:04.150 V/l       (26771): Task setLogging completed; disconnecting
05-20 13:44:04.150 D/        (26771): [---null: -1---]  1111222  mLongAxisStartPadding110
05-20 13:44:04.158 D/        (26771): [---null: -1---]  11112223  heightSpecSize1094
05-20 13:44:04.158 D/        (26771): [---null: -1---]  11112223  mLongAxisStartPadding110
05-20 13:44:04.158 D/        (26771): [---null: -1---]  11112223  mLongAxisEndPadding110
05-20 13:44:04.158 D/        (26771): [---null: -1---]  11112223  mRows4
05-20 13:44:04.205 D/ExchangeService(26771): Reconciling accounts...
05-20 13:44:04.205 V/a       (26771): Bind requested for task reconcileAccounts
05-20 13:44:04.213 V/a       (26771): Waiting for task reconcileAccounts to complete...
05-20 13:44:04.252 I/ActivityManager(  374): Displayed com.pekall.emdm.launcher/.Launcher: +3s191ms
05-20 13:44:04.275 D/        (26771): [---null: -1---]  1111222  mLongAxisStartPadding110
05-20 13:44:04.275 D/        (26771): [---null: -1---]  11112223  heightSpecSize1094
05-20 13:44:04.283 D/        (26771): [---null: -1---]  11112223  mLongAxisStartPadding110
05-20 13:44:04.283 D/        (26771): [---null: -1---]  11112223  mLongAxisEndPadding110
05-20 13:44:04.283 D/        (26771): [---null: -1---]  11112223  mRows4
05-20 13:44:04.283 D/        (26771): [---null: -1---]  1111222  mLongAxisStartPadding110
05-20 13:44:04.283 D/        (26771): [---null: -1---]  11112223  heightSpecSize1094
05-20 13:44:04.283 D/        (26771): [---null: -1---]  11112223  mLongAxisStartPadding110
05-20 13:44:04.283 D/        (26771): [---null: -1---]  11112223  mLongAxisEndPadding110
05-20 13:44:04.283 D/        (26771): [---null: -1---]  11112223  mRows4
05-20 13:44:04.283 D/        (26771): [---null: -1---]  1111222  mLongAxisStartPadding110
05-20 13:44:04.291 D/        (26771): [---null: -1---]  11112223  heightSpecSize1094
05-20 13:44:04.291 D/        (26771): [---null: -1---]  11112223  mLongAxisStartPadding110
05-20 13:44:04.291 D/        (26771): [---null: -1---]  11112223  mLongAxisEndPadding110
05-20 13:44:04.291 D/        (26771): [---null: -1---]  11112223  mRows4
05-20 13:44:04.291 D/        (26771): [---null: -1---]  1111222  mLongAxisStartPadding110
05-20 13:44:04.291 D/        (26771): [---null: -1---]  11112223  heightSpecSize1094
05-20 13:44:04.291 D/        (26771): [---null: -1---]  11112223  mLongAxisStartPadding110
05-20 13:44:04.291 D/        (26771): [---null: -1---]  11112223  mLongAxisEndPadding110
05-20 13:44:04.299 D/        (26771): [---null: -1---]  11112223  mRows4
05-20 13:44:04.299 D/        (26771): [---null: -1---]  1111222  mLongAxisStartPadding110
05-20 13:44:04.299 D/        (26771): [---null: -1---]  11112223  heightSpecSize1094
05-20 13:44:04.299 D/        (26771): [---null: -1---]  11112223  mLongAxisStartPadding110
05-20 13:44:04.299 D/        (26771): [---null: -1---]  11112223  mLongAxisEndPadding110
05-20 13:44:04.299 D/        (26771): [---null: -1---]  11112223  mRows4
05-20 13:44:04.299 D/        (26771): [---null: -1---]  1111222  mLongAxisStartPadding110
05-20 13:44:04.299 D/        (26771): [---null: -1---]  11112223  heightSpecSize1094
05-20 13:44:04.299 D/        (26771): [---null: -1---]  11112223  mLongAxisStartPadding110
05-20 13:44:04.306 D/        (26771): [---null: -1---]  11112223  mLongAxisEndPadding110
05-20 13:44:04.306 D/        (26771): [---null: -1---]  11112223  mRows4
05-20 13:44:04.306 D/        (26771): [---null: -1---]  1111222  mLongAxisStartPadding110
05-20 13:44:04.306 D/        (26771): [---null: -1---]  11112223  heightSpecSize1094
05-20 13:44:04.306 D/        (26771): [---null: -1---]  11112223  mLongAxisStartPadding110
05-20 13:44:04.306 D/        (26771): [---null: -1---]  11112223  mLongAxisEndPadding110
05-20 13:44:04.306 D/        (26771): [---null: -1---]  11112223  mRows4
05-20 13:44:04.306 D/        (26771): [---null: -1---]  1111222  mLongAxisStartPadding110
05-20 13:44:04.306 D/        (26771): [---null: -1---]  11112223  heightSpecSize1094
05-20 13:44:04.314 D/        (26771): [---null: -1---]  11112223  mLongAxisStartPadding110
05-20 13:44:04.314 D/        (26771): [---null: -1---]  11112223  mLongAxisEndPadding110
05-20 13:44:04.314 D/        (26771): [---null: -1---]  11112223  mRows4
05-20 13:44:04.314 D/        (26771): [---null: -1---]  1111222  mLongAxisStartPadding110
05-20 13:44:04.314 D/        (26771): [---null: -1---]  11112223  heightSpecSize1094
05-20 13:44:04.314 D/        (26771): [---null: -1---]  11112223  mLongAxisStartPadding110
05-20 13:44:04.314 D/        (26771): [---null: -1---]  11112223  mLongAxisEndPadding110
05-20 13:44:04.314 D/        (26771): [---null: -1---]  11112223  mRows4
05-20 13:44:04.322 D/        (26771): [---null: -1---]  1111222  mLongAxisStartPadding110
05-20 13:44:04.322 D/        (26771): [---null: -1---]  11112223  heightSpecSize1094
05-20 13:44:04.322 D/        (26771): [---null: -1---]  11112223  mLongAxisStartPadding110
05-20 13:44:04.322 D/        (26771): [---null: -1---]  11112223  mLongAxisEndPadding110
05-20 13:44:04.322 D/        (26771): [---null: -1---]  11112223  mRows4
05-20 13:44:04.439 I/QueryController(32716): Matched selector: UiSelector[TEXT=Personal Mode] <<==>> [android.view.accessibility.AccessibilityNodeInfo@c5822; boundsInParent: Rect(0, 0 - 160, 200); boundsInScreen: Rect(190, 608 - 350, 808); packageName: com.pekall.emdm.launcher; className: android.widget.TextView; text: Personal Mode; contentDescription: null; viewIdResName: null; checkable: false; checked: false; focusable: false; focused: false; selected: false; clickable: true; longClickable: true; enabled: true; password: false; scrollable: false; [ACTION_SELECT, ACTION_CLEAR_SELECTION, ACTION_CLICK, ACTION_LONG_CLICK, ACTION_ACCESSIBILITY_FOCUS, ACTION_NEXT_AT_MOVEMENT_GRANULARITY, ACTION_PREVIOUS_AT_MOVEMENT_GRANULARITY, ACTION_SET_SELECTION]]
05-20 13:44:04.439 D/        (26771): [---null: -1---]  1111222  mLongAxisStartPadding110
05-20 13:44:04.439 D/        (26771): [---null: -1---]  11112223  heightSpecSize1094
05-20 13:44:04.447 D/        (26771): [---null: -1---]  11112223  mLongAxisStartPadding110
05-20 13:44:04.447 D/        (26771): [---null: -1---]  11112223  mLongAxisEndPadding110
05-20 13:44:04.447 D/        (26771): [---null: -1---]  11112223  mRows4
05-20 13:44:04.447 I/ActivityManager(  374): START u0 {act=android.intent.action.MAIN cat=[android.intent.category.HOME] flg=0x10200000 cmp=com.pekall.emdm.launcher/.Launcher} from pid 374
05-20 13:44:04.455 D/        (26771): [---null: -1---]  1111222  mLongAxisStartPadding110
05-20 13:44:04.455 D/        (26771): [---null: -1---]  11112223  heightSpecSize1094
05-20 13:44:04.463 D/        (26771): [---null: -1---]  11112223  mLongAxisStartPadding110
05-20 13:44:04.463 D/        (26771): [---null: -1---]  11112223  mLongAxisEndPadding110
05-20 13:44:04.463 D/        (26771): [---null: -1---]  11112223  mRows4
05-20 13:44:04.471 W/Settings(26771): Setting data_roaming has moved from android.provider.Settings.System to android.provider.Settings.Global, returning read-only value.
05-20 13:44:04.486 V/a       (26771): Connected: com.pekall.semail.service.AccountServiceInternal
05-20 13:44:04.494 V/a       (26771): Connected: com.pekall.semail.service.AccountServiceInternal
05-20 13:44:04.494 D/LauncherApplication(26771): [null:-1]->onActivityPaused
05-20 13:44:04.502 D/LauncherApplication(26771): [null:-1]->onActivityPaused  updateTime
05-20 13:44:04.510 V/a       (26771): Connection test succeeded in 370ms
05-20 13:44:04.517 V/a       (26771): Task reconcileAccounts completed; disconnecting
05-20 13:44:04.517 V/a       (26771): Task test completed; disconnecting
05-20 13:44:04.517 V/a       (26771): Wait for reconcileAccounts finished in 307ms
05-20 13:44:04.525 D/        (26771): [---null: -1---]     awsa  onActivityResumed
05-20 13:44:04.525 V/LauncherApplication(26771): 2MdmConstant.LAST_LAUNCH_TIME = 1400564644508
05-20 13:44:04.533 D/        (26771): [---null: -1---]  activity = com.pekall.emdm.launcher.Launcher
05-20 13:44:04.533 V/DefultSetContriller(26771): isLauncherDf = com.pekall.emdm.launcher
05-20 13:44:04.541 V/DefultSetContriller(26771): isLauncherDf = com.pekall.emdm.launcher
05-20 13:44:04.541 V/DefultSetContriller(26771): isPhoneDf = com.pekall.emdm.launcher
05-20 13:44:04.541 E/LauncherApplication(26771): isShowLogoutUI = true
05-20 13:44:04.541 E/LauncherApplication(26771): LogoutShowTime 1
05-20 13:44:04.541 V/Launcher(26771): onResume1111111 
05-20 13:44:04.541 V/Launcher(26771): is login ----> 
05-20 13:44:04.549 I/System.out(26771):  
05-20 13:44:04.549 I/System.out(26771): com.pekall.emdm.launcher.Workspace.setWallpaper(Unknown Source)
05-20 13:44:04.549 I/System.out(26771): com.pekall.emdm.launcher.Launcher.onResume(Unknown Source)
05-20 13:44:04.549 I/System.out(26771): android.app.Instrumentation.callActivityOnResume(Instrumentation.java:1192)
05-20 13:44:04.549 I/System.out(26771): android.app.Activity.performResume(Activity.java:5211)
05-20 13:44:04.549 I/System.out(26771): android.app.ActivityThread.performNewIntents(ActivityThread.java:2345)
05-20 13:44:04.549 I/System.out(26771): android.app.ActivityThread.handleNewIntent(ActivityThread.java:2352)
05-20 13:44:04.549 I/System.out(26771): android.app.ActivityThread.access$1400(ActivityThread.java:141)
05-20 13:44:04.549 I/System.out(26771): android.app.ActivityThread$H.handleMessage(ActivityThread.java:1327)
05-20 13:44:04.549 I/System.out(26771): android.os.Handler.dispatchMessage(Handler.java:99)
05-20 13:44:04.549 I/System.out(26771): android.os.Looper.loop(Looper.java:137)
05-20 13:44:04.549 I/System.out(26771): android.app.ActivityThread.main(ActivityThread.java:5103)
05-20 13:44:04.549 I/System.out(26771): java.lang.reflect.Method.invokeNative(Native Method)
05-20 13:44:04.549 I/System.out(26771): java.lang.reflect.Method.invoke(Method.java:525)
05-20 13:44:04.549 I/System.out(26771): com.android.internal.os.ZygoteInit$MethodAndArgsCaller.run(ZygoteInit.java:737)
05-20 13:44:04.549 I/System.out(26771): com.android.internal.os.ZygoteInit.main(ZygoteInit.java:553)
05-20 13:44:04.549 I/System.out(26771): dalvik.system.NativeStart.main(Native Method)
05-20 13:44:04.806 D/dalvikvm(26771): JIT unchain all for threadid=11
05-20 13:44:04.877 D/dalvikvm(26771): GC_FOR_ALLOC freed 3587K, 11% free 72900K/81616K, paused 325ms, total 325ms
05-20 13:44:04.892 I/dalvikvm-heap(26771): Grow heap (frag case) to 74.551MB for 3415696-byte allocation
05-20 13:44:05.142 D/dalvikvm(26771): JIT unchain all for threadid=11
05-20 13:44:05.213 D/dalvikvm(26771): GC_FOR_ALLOC freed 6K, 11% free 76230K/84952K, paused 316ms, total 316ms
05-20 13:44:05.322 I/Choreographer(26771): Skipped 48 frames!  The application may be doing too much work on its main thread.
05-20 13:44:05.338 D/ExchangeService(26771): !!! EAS ExchangeService, stopping self
05-20 13:44:05.408 D/ExchangeService(26771): !!! EAS ExchangeService, onDestroy
05-20 13:44:06.736 D/CommandManager(26771): [null:-1]->requestType: DeviceInformation
05-20 13:44:06.767 W/Parcel  ( 1661): Attempt to read object from Parcel 0x5dfd3dac at offset 200 that is not in the object list
05-20 13:44:06.799 D/MdmDatabaseHelper(26771): [null:-1]->update command 5e7f07bf-5fe9-4502-bf6d-ac099621e145 to commandStatus <?xml version="1.0" encoding="UTF-8"?>
05-20 13:44:06.799 D/MdmDatabaseHelper(26771): <!DOCTYPE plist PUBLIC "-//Apple//DTD PLIST 1.0//EN" "http://www.apple.com/DTDs/PropertyList-1.0.dtd">
05-20 13:44:06.799 D/MdmDatabaseHelper(26771): <plist version="1.0">
05-20 13:44:06.799 D/MdmDatabaseHelper(26771): <dict>
05-20 13:44:06.799 D/MdmDatabaseHelper(26771): 	<key>QueryResponses</key>
05-20 13:44:06.799 D/MdmDatabaseHelper(26771): 	<dict>
05-20 13:44:06.799 D/MdmDatabaseHelper(26771): 		<key>deviceId</key>
05-20 13:44:06.799 D/MdmDatabaseHelper(26771): 		<string>00013fbc8ecec5b90000014613abe64a</string>
05-20 13:44:06.799 D/MdmDatabaseHelper(26771): 		<key>deviceSecurityStatus</key>
05-20 13:44:06.799 D/MdmDatabaseHelper(26771): 		<string>root</string>
05-20 13:44:06.799 D/MdmDatabaseHelper(26771): 		<key>diskTotal</key>
05-20 13:44:06.799 D/MdmDatabaseHelper(26771): 		<string>0.0</string>
05-20 13:44:06.799 D/MdmDatabaseHelper(26771): 		<key>diskUsed</key>
05-20 13:44:06.799 D/MdmDatabaseHelper(26771): 		<string>0.0</string>
05-20 13:44:06.799 D/MdmDatabaseHelper(26771): 		<key>displaySize</key>
05-20 13:44:06.799 D/MdmDatabaseHelper(26771): 		<string>720x1184</string>
05-20 13:44:06.799 D/MdmDatabaseHelper(26771): 		<key>freeDiskSize</key>
05-20 13:44:06.799 D/MdmDatabaseHelper(26771): 		<integer>0</integer>
05-20 13:44:06.799 D/MdmDatabaseHelper(26771): 		<key>freeRamSize</key>
05-20 13:44:06.799 D/MdmDatabaseHelper(26771): 		<integer>28880896</integer>
05-20 13:44:06.799 D/MdmDatabaseHelper(26771): 		<key>language</key>
05-20 13:44:06.799 D/MdmDatabaseHelper(26771): 		<string>en-US</string>
05-20 13:44:06.799 D/MdmDatabaseHelper(26771): 		<key>netSpeed</key>
05-20 13:44:06.799 D/MdmDatabaseHelper(26771): 		<dict>
05-20 13:44:06.799 D/MdmDatabaseHelper(26771): 			<key>downlink</key>
05-20 13:44:06.799 D/MdmDatabaseHelper(26771): 			<real>7192237.666666667</real>
05-20 13:44:06.799 D/MdmDatabaseHelper(26771): 			<key>uplink</key>
05-20 13:44:06.799 D/MdmDatabaseHelper(26771): 			<real>5342078.333333333</real>
05-20 13:44:06.799 D/MdmDatabaseHelper(26771): 		</dict>
05-20 13:44:06.799 D/MdmDatabaseHelper(26771): 		<key>ramTotal</key>
05-20 13:44:06.799 D/MdmDatabaseHelper(26771): 		<string>728023040</string>
05-20 13:44:06.799 D/MdmDatabaseHelper(26771): 		<key>ramUsed</key>
05-20 13:44:06.799 D/MdmDatabaseHelper(26771): 		<string>699142144</string>
05-20 13:44:06.799 D/MdmDatabaseHelper(26771): 		<key>trafficBytes</key>
05-20 13:44:06.799 D/MdmDatabaseHelper(26771): 		<integer>0</integer>
05-20 13:44:06.799 D/MdmDatabaseHelper(26771): 		<key>AvailableDeviceCapacity</key>
05-20 13:44:06.799 D/MdmDatabaseHelper(26771): 		<real>1.3424488E7</real>
05-20 13:44:06.799 D/MdmDatabaseHelper(26771): 		<key>BuildVersion</key>
05-20 13:44:06.799 D/MdmDatabaseHelper(26771): 		<string>REL</string>
05-20 13:44:06.799 D/MdmDatabaseHelper(26771): 		<key>CanDisableSystemFunction</key>
05-20 13:44:06.799 D/MdmDatabaseHelper(26771): 		<false/>
05-20 13:44:06.799 D/MdmDatabaseHelper(26771): 		<key>CellularTechnology</key>
05-20 13:44:06.799 D/MdmDatabaseHelper(26771): 		<integer>3</integer>
05-20 13:44:06.799 D/MdmDatabaseHelper(26771): 		<key>CurrentCarrierNetwork</key>
05-20 13:44:06.799 D/MdmDatabaseHelper(26771): 		<string></string>
05-20 13:44:06.799 D/MdmDatabaseHelper(26771): 		<key>CurrentMCC</key>
05-20 13:44:06.799 D/MdmDatabaseHelper(26771): 		<string>cn</string>
05-20 13:44:06.799 D/MdmDatabaseHelper(26771): 		<key>CurrentMNC</key>
05-20 13:44:06.799 D/MdmDatabaseHelper(26771): 		<string>46001</string>
05-20 13:44:06.799 D/MdmDatabaseHelper(26771): 		<key>DataRoamingEnabled</key>
05-20 13:44:06.799 D/MdmDatabaseHelper(26771): 		<false/>
05-20 13:44:06.799 D/MdmDatabaseHelper(26771): 		<key>DeviceCapacity</key>
05-20 13:44:06.799 D/MdmDatabaseHelper(26771): 		<real>1.3975888E7</real>
05-20 13:44:06.799 D/MdmDatabaseHelper(26771): 		<key>HasSamsungSafeAPI</key>
05-20 13:44:06.799 D/MdmDatabaseHelper(26771): 		<false/>
05-20 13:44:06.799 D/MdmDatabaseHelper(26771): 		<key>ICCID</key>
05-20 13:44:06.799 D/MdmDatabaseHelper(26771): 		<string></string>
05-20 13:44:06.799 D/MdmDatabaseHelper(26771): 		<key>IMEI</key>
05-20 13:44:06.799 D/MdmDatabaseHelper(26771): 		<string>351554059027897</string>
05-20 13:44:06.799 D/MdmDatabaseHelper(26771): 		<key>IsRoaming</key>
05-20 13:44:06.799 D/MdmDatabaseHelper(26771): 		<false/>
05-20 13:44:06.799 D/MdmDatabaseHelper(26771): 		<key>Model</key>
05-20 13:44:06.799 D/MdmDatabaseHelper(26771): 		<string>Galaxy Nexus</string>
05-20 13:44:06.799 D/MdmDatabaseHelper(26771): 		<key>OSVersion</key>
05-20 13:44:06.799 D/MdmDatabaseHelper(26771): 		<string>4.3</string>
05-20 13:44:06.799 D/MdmDatabaseHelper(26771): 		<key>PhoneNumber</key>
05-20 13:44:06.799 D/MdmDatabaseHelper(26771): 		<string>0</string>
05-20 13:44:06.799 D/MdmDatabaseHelper(26771): 		<key>ProductName</key>
05-20 13:44:06.799 D/MdmDatabaseHelper(26771): 		<string>yakju</string>
05-20 13:44:06.799 D/MdmDatabaseHelper(26771): 		<key>SIMCarrierNetwork</key>
05-20 13:44:06.799 D/MdmDatabaseHelper(26771): 		<string></string>
05-20 13:44:06.799 D/MdmDatabaseHelper(26771): 		<key>SerialNumber</key>
05-20 13:44:06.799 D/MdmDatabaseHelper(26771): 		<string>014E0FFF06015018</string>
05-20 13:44:06.799 D/MdmDatabaseHelper(26771): 		<key>UDID</key>
05-20 13:44:06.799 D/MdmDatabaseHelper(26771): 		<string>00013fbc8ecec5b90000014613abe64a</string>
05-20 13:44:06.799 D/MdmDatabaseHelper(26771): 		<key>WiFiMAC</key>
05-20 13:44:06.799 D/MdmDatabaseHelper(26771): 		<string>20:64:32:7a:19:48</string>
05-20 13:44:06.799 D/MdmDatabaseHelper(26771): 	</dict>
05-20 13:44:06.799 D/MdmDatabaseHelper(26771): 	<key>CommandUUID</key>
05-20 13:44:06.799 D/MdmDatabaseHelper(26771): 	<string>5e7f07bf-5fe9-4502-bf6d-ac099621e145</string>
05-20 13:44:06.799 D/MdmDatabaseHelper(26771): 	<key>Status</key>
05-20 13:44:06.799 D/MdmDatabaseHelper(26771): 	<string>Acknowledged</string>
05-20 13:44:06.799 D/MdmDatabaseHelper(26771): 	<key>UDID</key>
05-20 13:44:06.799 D/MdmDatabaseHelper(26771): 	<string>00013fbc8ecec5b90000014613abe64a</string>
05-20 13:44:06.799 D/MdmDatabaseHelper(26771): </dict>
05-20 13:44:06.799 D/MdmDatabaseHelper(26771): </plist>
05-20 13:44:06.822 I/TransInfo(26771): TransInfo created, id: 3, class: class com.pekall.emdm.transaction.c.b
05-20 13:44:06.838 D/NetworkThread(26771): [null:-1]->----isRunning-----true
05-20 13:44:06.838 D/NetworkThread(26771): [null:-1]->----isRunning-----true
05-20 13:44:06.838 D/NetworkThread(26771): [null:-1]->thread wakeup
05-20 13:44:06.846 D/NetworkThread(26771): [null:-1]->sendHttpPost:PostRequest, url: http://192.168.10.21/rest/mdm/v1/ios/android_server, Params: [content:<?xml version="1.0" encoding="UTF-8"?>
05-20 13:44:06.846 D/NetworkThread(26771): <!DOCTYPE plist PUBLIC "-//Apple//DTD PLIST 1.0//EN" "http://www.apple.com/DTDs/PropertyList-1.0.dtd">
05-20 13:44:06.846 D/NetworkThread(26771): <plist version="1.0">
05-20 13:44:06.846 D/NetworkThread(26771): <dict>
05-20 13:44:06.846 D/NetworkThread(26771): 	<key>QueryResponses</key>
05-20 13:44:06.846 D/NetworkThread(26771): 	<dict>
05-20 13:44:06.846 D/NetworkThread(26771): 		<key>deviceId</key>
05-20 13:44:06.846 D/NetworkThread(26771): 		<string>00013fbc8ecec5b90000014613abe64a</string>
05-20 13:44:06.846 D/NetworkThread(26771): 		<key>deviceSecurityStatus</key>
05-20 13:44:06.846 D/NetworkThread(26771): 		<string>root</string>
05-20 13:44:06.846 D/NetworkThread(26771): 		<key>diskTotal</key>
05-20 13:44:06.846 D/NetworkThread(26771): 		<string>0.0</string>
05-20 13:44:06.846 D/NetworkThread(26771): 		<key>diskUsed</key>
05-20 13:44:06.846 D/NetworkThread(26771): 		<string>0.0</string>
05-20 13:44:06.846 D/NetworkThread(26771): 		<key>displaySize</key>
05-20 13:44:06.846 D/NetworkThread(26771): 		<string>720x1184</string>
05-20 13:44:06.846 D/NetworkThread(26771): 		<key>freeDiskSize</key>
05-20 13:44:06.846 D/NetworkThread(26771): 		<integer>0</integer>
05-20 13:44:06.846 D/NetworkThread(26771): 		<key>freeRamSize</key>
05-20 13:44:06.846 D/NetworkThread(26771): 		<integer>28880896</integer>
05-20 13:44:06.846 D/NetworkThread(26771): 		<key>language</key>
05-20 13:44:06.846 D/NetworkThread(26771): 		<string>en-US</string>
05-20 13:44:06.846 D/NetworkThread(26771): 		<key>netSpeed</key>
05-20 13:44:06.846 D/NetworkThread(26771): 		<dict>
05-20 13:44:06.846 D/NetworkThread(26771): 			<key>downlink</key>
05-20 13:44:06.846 D/NetworkThread(26771): 			<real>7192237.666666667</real>
05-20 13:44:06.846 D/NetworkThread(26771): 			<key>uplink</key>
05-20 13:44:06.846 D/NetworkThread(26771): 			<real>5342078.333333333</real>
05-20 13:44:06.846 D/NetworkThread(26771): 		</dict>
05-20 13:44:06.846 D/NetworkThread(26771): 		<key>ramTotal</key>
05-20 13:44:06.846 D/NetworkThread(26771): 		<string>728023040</string>
05-20 13:44:06.846 D/NetworkThread(26771): 		<key>ramUsed</key>
05-20 13:44:06.846 D/NetworkThread(26771): 		<string>699142144</string>
05-20 13:44:06.846 D/NetworkThread(26771): 		<key>trafficBytes</key>
05-20 13:44:06.846 D/NetworkThread(26771): 		<integer>0</integer>
05-20 13:44:06.846 D/NetworkThread(26771): 		<key>AvailableDeviceCapacity</key>
05-20 13:44:06.846 D/NetworkThread(26771): 		<real>1.3424488E7</real>
05-20 13:44:06.846 D/NetworkThread(26771): 		<key>BuildVersion</key>
05-20 13:44:06.846 D/NetworkThread(26771): 		<string>REL</string>
05-20 13:44:06.846 D/NetworkThread(26771): 		<key>CanDisableSystemFunction</key>
05-20 13:44:06.846 D/NetworkThread(26771): 		<false/>
05-20 13:44:06.846 D/NetworkThread(26771): 		<key>CellularTechnology</key>
05-20 13:44:06.846 D/NetworkThread(26771): 		<integer>3</integer>
05-20 13:44:06.846 D/NetworkThread(26771): 		<key>CurrentCarrierNetwork</key>
05-20 13:44:06.846 D/NetworkThread(26771): 		<string></string>
05-20 13:44:06.846 D/NetworkThread(26771): 		<key>CurrentMCC</key>
05-20 13:44:06.846 D/NetworkThread(26771): 		<string>cn</string>
05-20 13:44:06.846 D/NetworkThread(26771): 		<key>CurrentMNC</key>
05-20 13:44:06.846 D/NetworkThread(26771): 		<string>46001</string>
05-20 13:44:06.846 D/NetworkThread(26771): 		<key>DataRoamingEnabled</key>
05-20 13:44:06.846 D/NetworkThread(26771): 		<false/>
05-20 13:44:06.846 D/NetworkThread(26771): 		<key>DeviceCapacity</key>
05-20 13:44:06.846 D/NetworkThread(26771): 		<real>1.3975888E7</real>
05-20 13:44:06.846 D/NetworkThread(26771): 		<key>HasSamsungSafeAPI</key>
05-20 13:44:06.846 D/NetworkThread(26771): 		<false/>
05-20 13:44:06.846 D/NetworkThread(26771): 		<key>ICCID</key>
05-20 13:44:06.846 D/NetworkThread(26771): 		<string></string>
05-20 13:44:06.846 D/NetworkThread(26771): 		<key>IMEI</key>
05-20 13:44:06.846 D/NetworkThread(26771): 		<string>351554059027897</string>
05-20 13:44:06.846 D/NetworkThread(26771): 		<key>IsRoaming</key>
05-20 13:44:06.846 D/NetworkThread(26771): 		<false/>
05-20 13:44:06.846 D/NetworkThread(26771): 		<key>Model</key>
05-20 13:44:06.846 D/NetworkThread(26771): 		<string>Galaxy Nexus</string>
05-20 13:44:06.846 D/NetworkThread(26771): 		<key>OSVersion</key>
05-20 13:44:06.846 D/NetworkThread(26771): 		<string>4.3</string>
05-20 13:44:06.846 D/NetworkThread(26771): 		<key>PhoneNumber</key>
05-20 13:44:06.846 D/NetworkThread(26771): 		<string>0</string>
05-20 13:44:06.846 D/NetworkThread(26771): 		<key>ProductName</key>
05-20 13:44:06.846 D/NetworkThread(26771): 		<string>yakju</string>
05-20 13:44:06.846 D/NetworkThread(26771): 		<key>SIMCarrierNetwork</key>
05-20 13:44:06.846 D/NetworkThread(26771): 		<string></string>
05-20 13:44:06.846 D/NetworkThread(26771): 		<key>SerialNumber</key>
05-20 13:44:06.846 D/NetworkThread(26771): 		<string>014E0FFF06015018</string>
05-20 13:44:06.846 D/NetworkThread(26771): 		<key>UDID</key>
05-20 13:44:06.846 D/NetworkThread(26771): 		<string>00013fbc8ecec5b90000014613abe64a</string>
05-20 13:44:06.846 D/NetworkThread(26771): 		<key>WiFiMAC</key>
05-20 13:44:06.846 D/NetworkThread(26771): 		<string>20:64:32:7a:19:48</string>
05-20 13:44:06.846 D/NetworkThread(26771): 	</dict>
05-20 13:44:06.846 D/NetworkThread(26771): 	<key>CommandUUID</key>
05-20 13:44:06.846 D/NetworkThread(26771): 	<string>5e7f07bf-5fe9-4502-bf6d-ac099621e145</string>
05-20 13:44:06.846 D/NetworkThread(26771): 	<key>Status</key>
05-20 13:44:06.846 D/NetworkThread(26771): 	<string>Acknowledged</string>
05-20 13:44:06.846 D/NetworkThread(26771): 	<key>UDID</key>
05-20 13:44:06.846 D/NetworkThread(26771): 	<string>00013fbc8ecec5b90000014613abe64a</string>
05-20 13:44:06.846 D/NetworkThread(26771): </dict>
05-20 13:44:06.846 D/NetworkThread(26771): </plist>], 
05-20 13:44:06.846 D/HttpClient(26771): enable apache.http debug
05-20 13:44:06.853 V/DEBUG   (26771): HTTP 0
05-20 13:44:07.197 D/MDM :   (26771): [null:-1]->statusCode : 200
05-20 13:44:07.197 D/MDM :   (26771): [null:-1]->statusCode : 200
05-20 13:44:07.197 V/DEBUG   (26771): HTTP 1
05-20 13:44:07.205 D/MDM :   (26771): [null:-1]->read network input stream
05-20 13:44:07.205 D/MDM :   (26771): [null:-1]->Get joson string: <?xml version="1.0" encoding="UTF-8"?>
05-20 13:44:07.205 D/MDM :   (26771): <!DOCTYPE plist PUBLIC "-//Apple//DTD PLIST 1.0//EN" "http://www.apple.com/DTDs/PropertyList-1.0.dtd">
05-20 13:44:07.205 D/MDM :   (26771): <plist version="1.0">
05-20 13:44:07.205 D/MDM :   (26771): <dict>
05-20 13:44:07.205 D/MDM :   (26771): 	<key>CommandUUID</key>
05-20 13:44:07.205 D/MDM :   (26771): 	<string>bdc40a45-67ae-4b28-a5ea-6ee077f9000d</string>
05-20 13:44:07.205 D/MDM :   (26771): 	<key>Command</key>
05-20 13:44:07.205 D/MDM :   (26771): 	<dict>
05-20 13:44:07.205 D/MDM :   (26771): 		<key>RequestType</key>
05-20 13:44:07.205 D/MDM :   (26771): 		<string>ManagedApplicationList</string>
05-20 13:44:07.205 D/MDM :   (26771): 	</dict>
05-20 13:44:07.205 D/MDM :   (26771): </dict>
05-20 13:44:07.205 D/MDM :   (26771): </plist>
05-20 13:44:07.221 D/MdmDatabaseHelper(26771): [null:-1]->update command 5e7f07bf-5fe9-4502-bf6d-ac099621e145 to status executed
05-20 13:44:07.252 D/CheckInTransInfo(26771): [null:-1]->CommandMsg : CommandMsg{CommandUUID='bdc40a45-67ae-4b28-a5ea-6ee077f9000d', Command=CommandObject{RequestType='ManagedApplicationList'}}
05-20 13:44:07.275 D/NetworkThread(26771): [null:-1]->clear mCurrentTransInfo
05-20 13:44:07.275 D/NetworkThread(26771): [null:-1]->queue is empty, thread wait...
05-20 13:44:07.377 D/MdmService(26771): [null:-1]->handleCheckInResult
05-20 13:44:07.377 D/MdmService(26771): [null:-1]->handleCheckInResult result keyIndex: 3
05-20 13:44:07.377 D/CommandManager(26771): [null:-1]->execute command: CommandMsg{CommandUUID='bdc40a45-67ae-4b28-a5ea-6ee077f9000d', Command=CommandObject{RequestType='ManagedApplicationList'}}
05-20 13:44:07.377 D/CommandManager(26771): [null:-1]->requestType: ManagedApplicationList
05-20 13:44:07.463 I/QueryController(32716): Matched selector: UiSelector[TEXT=Personal Mode, CLASS=android.widget.TextView, PACKAGE NAME=com.pekall.emdm.launcher] <<==>> [android.view.accessibility.AccessibilityNodeInfo@c5822; boundsInParent: Rect(0, 0 - 160, 200); boundsInScreen: Rect(190, 608 - 350, 808); packageName: com.pekall.emdm.launcher; className: android.widget.TextView; text: Personal Mode; contentDescription: null; viewIdResName: null; checkable: false; checked: false; focusable: false; focused: false; selected: false; clickable: true; longClickable: true; enabled: true; password: false; scrollable: false; [ACTION_SELECT, ACTION_CLEAR_SELECTION, ACTION_CLICK, ACTION_LONG_CLICK, ACTION_ACCESSIBILITY_FOCUS, ACTION_NEXT_AT_MOVEMENT_GRANULARITY, ACTION_PREVIOUS_AT_MOVEMENT_GRANULARITY, ACTION_SET_SELECTION]]
05-20 13:44:07.463 I/AndroidRuntime(32716): VM exiting with result code 0.
05-20 13:44:07.471 W/Parcel  ( 1661): Attempt to read object from Parcel 0x6013bdac at offset 200 that is not in the object list
05-20 13:44:07.486 D/MdmDatabaseHelper(26771): [null:-1]->update command bdc40a45-67ae-4b28-a5ea-6ee077f9000d to commandStatus <?xml version="1.0" encoding="UTF-8"?>
05-20 13:44:07.486 D/MdmDatabaseHelper(26771): <!DOCTYPE plist PUBLIC "-//Apple//DTD PLIST 1.0//EN" "http://www.apple.com/DTDs/PropertyList-1.0.dtd">
05-20 13:44:07.486 D/MdmDatabaseHelper(26771): <plist version="1.0">
05-20 13:44:07.486 D/MdmDatabaseHelper(26771): <dict>
05-20 13:44:07.486 D/MdmDatabaseHelper(26771): 	<key>ManagedApplicationList</key>
05-20 13:44:07.486 D/MdmDatabaseHelper(26771): 	<dict>
05-20 13:44:07.486 D/MdmDatabaseHelper(26771): 	</dict>
05-20 13:44:07.486 D/MdmDatabaseHelper(26771): 	<key>CommandUUID</key>
05-20 13:44:07.486 D/MdmDatabaseHelper(26771): 	<string>bdc40a45-67ae-4b28-a5ea-6ee077f9000d</string>
05-20 13:44:07.486 D/MdmDatabaseHelper(26771): 	<key>Status</key>
05-20 13:44:07.486 D/MdmDatabaseHelper(26771): 	<string>Acknowledged</string>
05-20 13:44:07.486 D/MdmDatabaseHelper(26771): 	<key>UDID</key>
05-20 13:44:07.486 D/MdmDatabaseHelper(26771): 	<string>00013fbc8ecec5b90000014613abe64a</string>
05-20 13:44:07.486 D/MdmDatabaseHelper(26771): </dict>
05-20 13:44:07.486 D/MdmDatabaseHelper(26771): </plist>
05-20 13:44:07.510 I/TransInfo(26771): TransInfo created, id: 3, class: class com.pekall.emdm.transaction.c.b
05-20 13:44:07.510 D/NetworkThread(26771): [null:-1]->----isRunning-----true
05-20 13:44:07.510 D/NetworkThread(26771): [null:-1]->----isRunning-----true
05-20 13:44:07.510 D/NetworkThread(26771): [null:-1]->thread wakeup
05-20 13:44:07.510 D/NetworkThread(26771): [null:-1]->sendHttpPost:PostRequest, url: http://192.168.10.21/rest/mdm/v1/ios/android_server, Params: [content:<?xml version="1.0" encoding="UTF-8"?>
05-20 13:44:07.510 D/NetworkThread(26771): <!DOCTYPE plist PUBLIC "-//Apple//DTD PLIST 1.0//EN" "http://www.apple.com/DTDs/PropertyList-1.0.dtd">
05-20 13:44:07.510 D/NetworkThread(26771): <plist version="1.0">
05-20 13:44:07.510 D/NetworkThread(26771): <dict>
05-20 13:44:07.510 D/NetworkThread(26771): 	<key>ManagedApplicationList</key>
05-20 13:44:07.510 D/NetworkThread(26771): 	<dict>
05-20 13:44:07.510 D/NetworkThread(26771): 	</dict>
05-20 13:44:07.510 D/NetworkThread(26771): 	<key>CommandUUID</key>
05-20 13:44:07.510 D/NetworkThread(26771): 	<string>bdc40a45-67ae-4b28-a5ea-6ee077f9000d</string>
05-20 13:44:07.510 D/NetworkThread(26771): 	<key>Status</key>
05-20 13:44:07.510 D/NetworkThread(26771): 	<string>Acknowledged</string>
05-20 13:44:07.510 D/NetworkThread(26771): 	<key>UDID</key>
05-20 13:44:07.510 D/NetworkThread(26771): 	<string>00013fbc8ecec5b90000014613abe64a</string>
05-20 13:44:07.510 D/NetworkThread(26771): </dict>
05-20 13:44:07.510 D/NetworkThread(26771): </plist>], 
05-20 13:44:07.510 D/HttpClient(26771): enable apache.http debug
05-20 13:44:07.517 V/DEBUG   (26771): HTTP 0
05-20 13:44:08.002 D/MDM :   (26771): [null:-1]->statusCode : 200
05-20 13:44:08.002 D/MDM :   (26771): [null:-1]->statusCode : 200
05-20 13:44:08.002 V/DEBUG   (26771): HTTP 1
05-20 13:44:08.010 D/MDM :   (26771): [null:-1]->read network input stream
05-20 13:44:08.010 D/MDM :   (26771): [null:-1]->Get joson string: <?xml version="1.0" encoding="UTF-8"?>
05-20 13:44:08.010 D/MDM :   (26771): <!DOCTYPE plist PUBLIC "-//Apple//DTD PLIST 1.0//EN" "http://www.apple.com/DTDs/PropertyList-1.0.dtd">
05-20 13:44:08.010 D/MDM :   (26771): <plist version="1.0">
05-20 13:44:08.010 D/MDM :   (26771): <dict>
05-20 13:44:08.010 D/MDM :   (26771): 	<key>CommandUUID</key>
05-20 13:44:08.010 D/MDM :   (26771): 	<string>a524092e-45b6-40a9-b318-010d60a320d7</string>
05-20 13:44:08.010 D/MDM :   (26771): 	<key>Command</key>
05-20 13:44:08.010 D/MDM :   (26771): 	<dict>
05-20 13:44:08.010 D/MDM :   (26771): 		<key>RequestType</key>
05-20 13:44:08.010 D/MDM :   (26771): 		<string>InstalledApplicationList</string>
05-20 13:44:08.010 D/MDM :   (26771): 	</dict>
05-20 13:44:08.010 D/MDM :   (26771): </dict>
05-20 13:44:08.010 D/MDM :   (26771): </plist>
05-20 13:44:08.017 D/MdmDatabaseHelper(26771): [null:-1]->update command bdc40a45-67ae-4b28-a5ea-6ee077f9000d to status executed
05-20 13:44:08.041 D/CheckInTransInfo(26771): [null:-1]->CommandMsg : CommandMsg{CommandUUID='a524092e-45b6-40a9-b318-010d60a320d7', Command=CommandObject{RequestType='InstalledApplicationList'}}
05-20 13:44:08.072 D/NetworkThread(26771): [null:-1]->clear mCurrentTransInfo
05-20 13:44:08.072 D/NetworkThread(26771): [null:-1]->queue is empty, thread wait...
05-20 13:44:08.174 D/MdmService(26771): [null:-1]->handleCheckInResult
05-20 13:44:08.174 D/MdmService(26771): [null:-1]->handleCheckInResult result keyIndex: 3
05-20 13:44:08.174 D/CommandManager(26771): [null:-1]->execute command: CommandMsg{CommandUUID='a524092e-45b6-40a9-b318-010d60a320d7', Command=CommandObject{RequestType='InstalledApplicationList'}}
05-20 13:44:08.252 D/dalvikvm( 1661): GC_CONCURRENT freed 1260K, 18% free 13133K/15888K, paused 2ms+3ms, total 59ms
05-20 13:44:08.314 D/CommandManager(26771): [null:-1]->requestType: InstalledApplicationList
05-20 13:44:08.346 W/Parcel  ( 1661): Attempt to read object from Parcel 0x5ef3bdac at offset 200 that is not in the object list
05-20 13:44:08.385 D/MdmDatabaseHelper(26771): [null:-1]->update command a524092e-45b6-40a9-b318-010d60a320d7 to commandStatus <?xml version="1.0" encoding="UTF-8"?>
05-20 13:44:08.385 D/MdmDatabaseHelper(26771): <!DOCTYPE plist PUBLIC "-//Apple//DTD PLIST 1.0//EN" "http://www.apple.com/DTDs/PropertyList-1.0.dtd">
05-20 13:44:08.385 D/MdmDatabaseHelper(26771): <plist version="1.0">
05-20 13:44:08.385 D/MdmDatabaseHelper(26771): <dict>
05-20 13:44:08.385 D/MdmDatabaseHelper(26771): 	<key>InstalledApplicationList</key>
05-20 13:44:08.385 D/MdmDatabaseHelper(26771): 	<array>
05-20 13:44:08.385 D/MdmDatabaseHelper(26771): 		<dict>
05-20 13:44:08.385 D/MdmDatabaseHelper(26771): 			<key>AppPermissions</key>
05-20 13:44:08.385 D/MdmDatabaseHelper(26771): 			<array>
05-20 13:44:08.385 D/MdmDatabaseHelper(26771): 				<string>android.permission.READ_LOGS</string>
05-20 13:44:08.385 D/MdmDatabaseHelper(26771): 				<string>android.permission.WRITE_EXTERNAL_STORAGE</string>
05-20 13:44:08.385 D/MdmDatabaseHelper(26771): 				<string>com.qihoo.root.RESPOND</string>
05-20 13:44:08.385 D/MdmDatabaseHelper(26771): 				<string>com.qihoo.root.provider.READ</string>
05-20 13:44:08.385 D/MdmDatabaseHelper(26771): 				<string>com.qihoo.root.provider.WRITE</string>
05-20 13:44:08.385 D/MdmDatabaseHelper(26771): 				<string>android.permission.INTERNET</string>
05-20 13:44:08.385 D/MdmDatabaseHelper(26771): 				<string>android.permission.ACCESS_NETWORK_STATE</string>
05-20 13:44:08.385 D/MdmDatabaseHelper(26771): 				<string>android.permission.INSTALL_PACKAGES</string>
05-20 13:44:08.385 D/MdmDatabaseHelper(26771): 				<string>android.permission.KILL_BACKGROUND_PROCESSES</string>
05-20 13:44:08.385 D/MdmDatabaseHelper(26771): 				<string>android.permission.RESTART_PACKAGES</string>
05-20 13:44:08.385 D/MdmDatabaseHelper(26771): 				<string>android.permission.READ_PHONE_STATE</string>
05-20 13:44:08.385 D/MdmDatabaseHelper(26771): 				<string>android.permission.DELETE_PACKAGES</string>
05-20 13:44:08.385 D/MdmDatabaseHelper(26771): 				<string>android.permission.READ_EXTERNAL_STORAGE</string>
05-20 13:44:08.385 D/MdmDatabaseHelper(26771): 			</array>
05-20 13:44:08.385 D/MdmDatabaseHelper(26771): 			<key>Version</key>
05-20 13:44:08.385 D/MdmDatabaseHelper(26771): 			<string>7</string>
05-20 13:44:08.385 D/MdmDatabaseHelper(26771): 			<key>ShortVersion</key>
05-20 13:44:08.385 D/MdmDatabaseHelper(26771): 			<string>6.0.1</string>
05-20 13:44:08.385 D/MdmDatabaseHelper(26771): 			<key>Identifier</key>
05-20 13:44:08.385 D/MdmDatabaseHelper(26771): 			<string>com.qihoo.root</string>
05-20 13:44:08.385 D/MdmDatabaseHelper(26771): 			<key>Name</key>
05-20 13:44:08.385 D/MdmDatabaseHelper(26771): 			<string>360</string>
05-20 13:44:08.385 D/MdmDatabaseHelper(26771): 			<key>DynamicSize</key>
05-20 13:44:08.385 D/MdmDatabaseHelper(26771): 			<integer>0</integer>
05-20 13:44:08.385 D/MdmDatabaseHelper(26771): 			<key>BundleSize</key>
05-20 13:44:08.385 D/MdmDatabaseHelper(26771): 			<integer>0</integer>
05-20 13:44:08.385 D/MdmDatabaseHelper(26771): 		</dict>
05-20 13:44:08.385 D/MdmDatabaseHelper(26771): 		<dict>
05-20 13:44:08.385 D/MdmDatabaseHelper(26771): 			<key>AppPermissions</key>
05-20 13:44:08.385 D/MdmDatabaseHelper(26771): 			<array>
05-20 13:44:08.385 D/MdmDatabaseHelper(26771): 				<string>android.permission.ACCESS_FINE_LOCATION</string>
05-20 13:44:08.385 D/MdmDatabaseHelper(26771): 				<string>android.permission.ACCESS_COARSE_LOCATION</string>
05-20 13:44:08.385 D/MdmDatabaseHelper(26771): 				<string>android.permission.SYSTEM_ALERT_WINDOW</string>
05-20 13:44:08.385 D/MdmDatabaseHelper(26771): 				<string>android.permission.RECEIVE_BOOT_COMPLETED</string>
05-20 13:44:08.385 D/MdmDatabaseHelper(26771): 				<string>android.permission.CALL_PHONE</string>
05-20 13:44:08.385 D/MdmDatabaseHelper(26771): 				<string>android.permission.PROCESS_OUTGOING_CALLS</string>
05-20 13:44:08.385 D/MdmDatabaseHelper(26771): 				<string>android.permission.READ_CONTACTS</string>
05-20 13:44:08.385 D/MdmDatabaseHelper(26771): 				<string>android.permission.WRITE_CONTACTS</string>
05-20 13:44:08.385 D/MdmDatabaseHelper(26771): 				<string>android.permission.RECEIVE_SMS</string>
05-20 13:44:08.385 D/MdmDatabaseHelper(26771): 				<string>android.permission.RECEIVE_MMS</string>
05-20 13:44:08.385 D/MdmDatabaseHelper(26771): 				<string>android.permission.RECEIVE_WAP_PUSH</string>
05-20 13:44:08.385 D/MdmDatabaseHelper(26771): 				<string>android.permission.INTERNET</string>
05-20 13:44:08.385 D/MdmDatabaseHelper(26771): 				<string>android.permission.SEND_SMS</string>
05-20 13:44:08.385 D/MdmDatabaseHelper(26771): 				<string>android.permission.READ_SMS</string>
05-20 13:44:08.385 D/MdmDatabaseHelper(26771): 				<string>android.permission.WRITE_SMS</string>
05-20 13:44:08.385 D/MdmDatabaseHelper(26771): 				<string>android.permission.READ_CALL_LOG</string>
05-20 13:44:08.385 D/MdmDatabaseHelper(26771): 				<string>android.permission.WRITE_CALL_LOG</string>
05-20 13:44:08.385 D/MdmDatabaseHelper(26771): 				<string>android.permission.ACCESS_NETWORK_STATE</string>
05-20 13:44:08.385 D/MdmDatabaseHelper(26771): 				<string>android.permission.READ_PHONE_STATE</string>
05-20 13:44:08.385 D/MdmDatabaseHelper(26771): 				<string>android.permission.MODIFY_PHONE_STATE</string>
05-20 13:44:08.385 D/MdmDatabaseHelper(26771): 				<string>android.permission.MODIFY_AUDIO_SETTINGS</string>
05-20 13:44:08.385 D/MdmDatabaseHelper(26771): 				<string>android.permission.VIBRATE</string>
05-20 13:44:08.385 D/MdmDatabaseHelper(26771): 				<string>android.permission.BATTERY_STATS</string>
05-20 13:44:08.385 D/MdmDatabaseHelper(26771): 				<string>android.permission.GET_PACKAGE_SIZE</string>
05-20 13:44:08.385 D/MdmDatabaseHelper(26771): 				<string>com.android.launcher.permission.READ_SETTINGS</string>
05-20 13:44:08.385 D/MdmDatabaseHelper(26771): 				<string>android.permission.WAKE_LOCK</string>
05-20 13:44:08.385 D/MdmDatabaseHelper(26771): 				<string>android.permission.CHANGE_NETWORK_STATE</string>
05-20 13:44:08.385 D/MdmDatabaseHelper(26771): 				<string>android.permission.WRITE_EXTERNAL_STORAGE</string>
05-20 13:44:08.385 D/MdmDatabaseHelper(26771): 				<string>android.permission.RESTART_PACKAGES</string>
05-20 13:44:08.385 D/MdmDatabaseHelper(26771): 				<string>android.permission.CHANGE_WIFI_STATE</string>
05-20 13:44:08.385 D/MdmDatabaseHelper(26771): 				<string>android.permission.WRITE_SETTINGS</string>
05-20 13:44:08.385 D/MdmDatabaseHelper(26771): 				<string>android.permission.WRITE_SECURE_SETTINGS</string>
05-20 13:44:08.385 D/MdmDatabaseHelper(26771): 				<string>android.permission.READ_SYNC_SETTINGS</string>
05-20 13:44:08.385 D/MdmDatabaseHelper(26771): 				<string>android.permission.WRITE_SYNC_SETTINGS</string>
05-20 13:44:08.385 D/MdmDatabaseHelper(26771): 				<string>android.permission.WRITE_APN_SETTINGS</string>
05-20 13:44:08.385 D/MdmDatabaseHelper(26771): 				<string>android.permission.BLUETOOTH_ADMIN</string>
