05-22 10:30:40.822 I/TransInfo(13146): TransInfo created, id: 3, class: class com.pekall.emdm.transaction.c.b
05-22 10:30:40.830 D/NetworkThread(13146): [null:-1]->----isRunning-----true
05-22 10:30:40.830 D/NetworkThread(13146): [null:-1]->----isRunning-----true
05-22 10:30:40.830 D/NetworkThread(13146): [null:-1]->thread wakeup
05-22 10:30:40.838 D/NetworkThread(13146): [null:-1]->sendHttpPost:PostRequest, url: http://192.168.10.21/rest/mdm/v1/ios/android_server, Params: [content:<?xml version="1.0" encoding="UTF-8"?>
05-22 10:30:40.838 D/NetworkThread(13146): <!DOCTYPE plist PUBLIC "-//Apple//DTD PLIST 1.0//EN" "http://www.apple.com/DTDs/PropertyList-1.0.dtd">
05-22 10:30:40.838 D/NetworkThread(13146): <plist version="1.0">
05-22 10:30:40.838 D/NetworkThread(13146): <dict>
05-22 10:30:40.838 D/NetworkThread(13146): 	<key>Latitude</key>
05-22 10:30:40.838 D/NetworkThread(13146): 	<real>-1.0</real>
05-22 10:30:40.838 D/NetworkThread(13146): 	<key>Longitude</key>
05-22 10:30:40.838 D/NetworkThread(13146): 	<real>-1.0</real>
05-22 10:30:40.838 D/NetworkThread(13146): 	<key>CommandUUID</key>
05-22 10:30:40.838 D/NetworkThread(13146): 	<string>7cfeb782-3bc1-4b81-9dde-368d9f811787</string>
05-22 10:30:40.838 D/NetworkThread(13146): 	<key>Status</key>
05-22 10:30:40.838 D/NetworkThread(13146): 	<string>Error</string>
05-22 10:30:40.838 D/NetworkThread(13146): 	<key>UDID</key>
05-22 10:30:40.838 D/NetworkThread(13146): 	<string>00013fbc8ecec5b90000014621c34147</string>
05-22 10:30:40.838 D/NetworkThread(13146): </dict>
05-22 10:30:40.838 D/NetworkThread(13146): </plist>], 
05-22 10:30:40.838 D/HttpClient(13146): enable apache.http debug
05-22 10:30:40.861 V/DEBUG   (13146): HTTP 0
05-22 10:30:40.892 D/EmailProvider(13309): EmailProvider pre-caching...
05-22 10:30:41.142 D/MDM :   (13146): [null:-1]->statusCode : 200
05-22 10:30:41.142 D/MDM :   (13146): [null:-1]->statusCode : 200
05-22 10:30:41.142 V/DEBUG   (13146): HTTP 1
05-22 10:30:41.142 D/MDM :   (13146): [null:-1]->Get joson string: 
05-22 10:30:41.142 D/MdmDatabaseHelper(13146): [null:-1]->update command 7cfeb782-3bc1-4b81-9dde-368d9f811787 to status executed
05-22 10:30:41.181 D/NetworkThread(13146): [null:-1]->clear mCurrentTransInfo
05-22 10:30:41.181 D/NetworkThread(13146): [null:-1]->queue is empty, thread wait...
05-22 10:30:41.244 D/MdmService(13146): [null:-1]->handleCheckInResult
05-22 10:30:41.244 D/MdmService(13146): [null:-1]->handleCheckInResult result keyIndex: 3
05-22 10:30:41.299 D/HandleCommandTask(13146): [null:-1]->execute command msg but beanBase is null
05-22 10:30:41.306 D/MdmStatusManager(13146): [null:-1]->change status to : Idle
05-22 10:30:41.494 D/EmailProvider(13309): EmailProvider ready.
05-22 10:30:41.681 W/ActivityManager(  374): Unable to start service Intent { cmp=com.pekall.emdm.launcher/com.pekall.semail.service.AttachmentDownloadService } U=0: not found
05-22 10:30:41.736 I/Email   (13309): Notifications being toggled: false
05-22 10:30:42.377 D/MDM :   (13146): [null:-1]->MSG_WEBSOCKET_MESSAGE : {"id":-184535016,"type":0,"command":0,"result":0,"reason":0,"params":{"msgId":"69276c46-4b14-45e3-a917-14d1dc334e53,69276c464b1445e3a91714d1dc334e53","device":"00013fbc8ecec5b90000014621c34147","message":"{\"subject\":\"Push test\",\"content\":\"This is a push message!\"}"}}
05-22 10:30:42.650 D/dalvikvm(13146): JIT unchain all for threadid=11
05-22 10:30:42.666 D/MdmService(13146): [null:-1]->push message type :0
05-22 10:30:42.666 D/MdmService(13146): [null:-1]->cmdMessage : {"subject":"Push test","content":"This is a push message!"}
05-22 10:30:42.697 D/MDM :   (13146): [null:-1]->ContentMessage{subject='Push test', content='This is a push message!'}
05-22 10:30:42.955 D/dalvikvm(13146): JIT unchain all for threadid=11
05-22 10:30:43.002 W/Parcel  ( 1661): Attempt to read object from Parcel 0x6003bdac at offset 200 that is not in the object list
05-22 10:30:43.010 D/dalvikvm(13146): GC_CONCURRENT freed 4616K, 32% free 23854K/35076K, paused 262ms+268ms, total 607ms
05-22 10:30:43.033 D/mdm_log (13146): [null:-1]->action is : com.pekall.mdm.action.SHOWMSG
05-22 10:30:43.127 W/Parcel  ( 1661): Attempt to read object from Parcel 0x6013bdac at offset 200 that is not in the object list
05-22 10:30:43.150 W/Parcel  ( 1661): Attempt to read object from Parcel 0x5ef3bdac at offset 200 that is not in the object list
05-22 10:30:43.181 V/CounterTextView(13146): onReceive
05-22 10:30:43.181 D/        (13146): [---null: -1---]   msg  xxd1
05-22 10:30:43.205 V/CounterTextView(13146): onReceive
05-22 10:30:43.205 D/        (13146): [---null: -1---]   msg  xxd1
05-22 10:30:43.228 D/PushMessageWidget(13146): [null:-1]->action is : com.pekall.emdm.message.UPDATE_MESSAGE
05-22 10:30:43.236 D/PushMessageWidget(13146): [null:-1]->call onUpdate 
05-22 10:30:43.236 D/PushMessageWidget(13146): cursor count is 1
05-22 10:30:43.252 D/PushMessageWidget(13146): fill data and title is : Push test , content is : This is a push message!
05-22 10:30:45.119 D/AndroidRuntime(13346): 
05-22 10:30:45.119 D/AndroidRuntime(13346): >>>>>> AndroidRuntime START com.android.internal.os.RuntimeInit <<<<<<
05-22 10:30:45.119 D/AndroidRuntime(13346): CheckJNI is OFF
05-22 10:30:45.135 D/dalvikvm(13346): Trying to load lib libjavacore.so 0x0
05-22 10:30:45.142 D/dalvikvm(13346): Added shared lib libjavacore.so 0x0
05-22 10:30:45.158 D/dalvikvm(13346): Trying to load lib libnativehelper.so 0x0
05-22 10:30:45.158 D/dalvikvm(13346): Added shared lib libnativehelper.so 0x0
05-22 10:30:45.494 D/AndroidRuntime(13346): Calling main entry com.android.commands.uiautomator.Launcher
05-22 10:30:45.541 D/dalvikvm(13346): Note: class Landroid/app/ActivityManagerNative; has 163 unimplemented (abstract) methods
05-22 10:30:45.642 I/PowerManagerService(  374): Waking up from sleep...
05-22 10:30:45.892 I/WindowManager(  374): Lock screen displayed!
05-22 10:30:45.900 D/dalvikvm(  448): GC_CONCURRENT freed 813K, 12% free 14279K/16128K, paused 3ms+25ms, total 192ms
05-22 10:30:46.002 D/PowerManagerService-JNI(  374): Excessive delay in autosuspend_disable() while turning screen on: 350ms
05-22 10:30:46.002 W/Parcel  ( 1661): Attempt to read object from Parcel 0x6013bdac at offset 200 that is not in the object list
05-22 10:30:46.010 W/Parcel  ( 1661): Attempt to read object from Parcel 0x5ef3bdac at offset 200 that is not in the object list
05-22 10:30:46.174 D/SurfaceFlinger(  124): Screen acquired, type=0 flinger=0x40e95478
05-22 10:30:46.400 D/dalvikvm( 1661): GC_CONCURRENT freed 1247K, 18% free 13093K/15888K, paused 3ms+5ms, total 173ms
05-22 10:30:46.486 D/SurfaceControl(  374): Excessive delay in unblankDisplay() while turning screen on: 444ms
05-22 10:30:46.588 V/DigitalWidgetViewsFactory(29624): DigitalWidget sets next alarm string to null
05-22 10:30:46.611 V/WiseDownloadConditionControler(11077): checkCondition  type : WISE_DOWNLOAD  inerrupting: true
05-22 10:30:46.658 W/Parcel  ( 1661): Attempt to read object from Parcel 0x5ec3bdac at offset 200 that is not in the object list
05-22 10:30:48.931 D/LightsService(  374): Excessive delay setting light: 2190ms
05-22 10:30:49.017 I/ActivityManager(  374): Process com.google.android.apps.maps:LocationFriendService (pid 13005) has died.
05-22 10:30:49.166 I/QueryController(13346): Matched selector: UiSelector[DESCRIPTION=Slide area., PACKAGE NAME=android] <<==>> [android.view.accessibility.AccessibilityNodeInfo@593696; boundsInParent: Rect(0, 0 - 720, 756); boundsInScreen: Rect(0, 547 - 720, 1303); packageName: android; className: android.view.View; text: null; contentDescription: Slide area.; viewIdResName: android:id/glow_pad_view; checkable: false; checked: false; focusable: false; focused: false; selected: false; clickable: false; longClickable: false; enabled: true; password: false; scrollable: false; [ACTION_SELECT, ACTION_CLEAR_SELECTION, ACTION_ACCESSIBILITY_FOCUS, ACTION_NEXT_AT_MOVEMENT_GRANULARITY, ACTION_PREVIOUS_AT_MOVEMENT_GRANULARITY, ACTION_SET_SELECTION]]
05-22 10:30:49.174 D/dalvikvm( 1661): GC_EXPLICIT freed 514K, 18% free 13066K/15888K, paused 2ms+16ms, total 141ms
05-22 10:30:49.181 W/GlowPadView(  374): The number of target drawables must be equal to the number of direction descriptions.
05-22 10:30:49.564 V/LauncherApplication(13146): onActivityStarted
05-22 10:30:49.580 D/        (13146): [---null: -1---]     awsa  onActivityResumed
05-22 10:30:49.580 V/LauncherApplication(13146): 2MdmConstant.LAST_LAUNCH_TIME = 1400725812593
05-22 10:30:49.611 D/PhoneStatusBar(  448): disable: < expand icons alerts ticker system_info BACK HOME recent* CLOCK search* >
05-22 10:30:49.650 V/WiseDownloadConditionControler(11077): checkCondition  type : WISE_DOWNLOAD  inerrupting: true
05-22 10:30:49.658 D/        (13146): [---null: -1---]  activity = com.pekall.emdm.launcher.Launcher
05-22 10:30:49.666 V/DefultSetContriller(13146): isLauncherDf = com.pekall.emdm.launcher
05-22 10:30:49.674 V/DefultSetContriller(13146): isLauncherDf = com.pekall.emdm.launcher
05-22 10:30:49.681 V/DefultSetContriller(13146): isPhoneDf = com.pekall.emdm.launcher
05-22 10:30:49.681 E/LauncherApplication(13146): isShowLogoutUI = true
05-22 10:30:49.681 E/LauncherApplication(13146): LogoutShowTime 1
05-22 10:30:49.681 V/Launcher(13146): onResume1111111 
05-22 10:30:49.681 V/Launcher(13146): is login ----> 
05-22 10:30:49.697 I/System.out(13146):  
05-22 10:30:49.705 I/System.out(13146): com.pekall.emdm.launcher.Workspace.setWallpaper(Unknown Source)
05-22 10:30:49.705 I/System.out(13146): com.pekall.emdm.launcher.Launcher.onResume(Unknown Source)
05-22 10:30:49.705 I/System.out(13146): android.app.Instrumentation.callActivityOnResume(Instrumentation.java:1192)
05-22 10:30:49.705 I/System.out(13146): android.app.Activity.performResume(Activity.java:5211)
05-22 10:30:49.705 I/System.out(13146): android.app.ActivityThread.performResumeActivity(ActivityThread.java:2780)
05-22 10:30:49.705 I/System.out(13146): android.app.ActivityThread.handleResumeActivity(ActivityThread.java:2819)
05-22 10:30:49.705 I/System.out(13146): android.app.ActivityThread$H.handleMessage(ActivityThread.java:1298)
05-22 10:30:49.705 I/System.out(13146): android.os.Handler.dispatchMessage(Handler.java:99)
05-22 10:30:49.713 I/System.out(13146): android.os.Looper.loop(Looper.java:137)
05-22 10:30:49.713 D/PhoneStatusBar(  448): disable: < expand icons alerts ticker system_info back* home* recent clock* search >
05-22 10:30:49.721 I/System.out(13146): android.app.ActivityThread.main(ActivityThread.java:5103)
05-22 10:30:49.721 I/System.out(13146): java.lang.reflect.Method.invokeNative(Native Method)
05-22 10:30:49.728 I/System.out(13146): java.lang.reflect.Method.invoke(Method.java:525)
05-22 10:30:49.728 I/System.out(13146): com.android.internal.os.ZygoteInit$MethodAndArgsCaller.run(ZygoteInit.java:737)
05-22 10:30:49.728 I/System.out(13146): com.android.internal.os.ZygoteInit.main(ZygoteInit.java:553)
05-22 10:30:49.728 I/System.out(13146): dalvik.system.NativeStart.main(Native Method)
05-22 10:30:49.978 D/dalvikvm(13146): JIT unchain all for threadid=11
05-22 10:30:49.986 D/NfcService(  568): NFC-C ON
05-22 10:30:50.080 V/TAG     (  374): bug 7643792: fitSystemWindows([0,50][0,0])
05-22 10:30:50.096 D/dalvikvm(13146): GC_FOR_ALLOC freed 406K, 33% free 23670K/35076K, paused 365ms, total 368ms
05-22 10:30:50.111 I/dalvikvm-heap(13146): Grow heap (frag case) to 26.474MB for 3415696-byte allocation
05-22 10:30:50.150 E/QueryController(13346): Got null root node from accessibility - Retrying...
05-22 10:30:50.299 I/uninstall(11077): SelfUninstallManager -> initUninstallTask
05-22 10:30:50.299 I/uninstall(11077): initUninstallTask init is running, return
05-22 10:30:50.369 D/dalvikvm(13146): JIT unchain all for threadid=11
05-22 10:30:50.408 E/QueryController(13346): Got null root node from accessibility - Retrying...
05-22 10:30:50.439 D/dalvikvm(13146): GC_FOR_ALLOC freed 5K, 30% free 27000K/38412K, paused 321ms, total 321ms
05-22 10:30:50.463 W/SQLiteCursor(13146): Finalizing a Cursor that has not been deactivated or closed. database = /data/data/com.pekall.emdm.launcher/databases/message.db, table = message, query = SELECT subject, msg, date FROM message WHERE type = ?  ORDER BY _id DESC
05-22 10:30:50.463 W/SQLiteCursor(13146): com.pekall.sandbox.database.sqlite.DatabaseObjectNotClosedException: Application did not close the cursor or database object that was opened here
05-22 10:30:50.463 W/SQLiteCursor(13146): 	at com.pekall.sandbox.database.sqlite.SQLiteCursor.<init>(Unknown Source)
05-22 10:30:50.463 W/SQLiteCursor(13146): 	at com.pekall.sandbox.database.sqlite.SQLiteDirectCursorDriver.query(Unknown Source)
05-22 10:30:50.463 W/SQLiteCursor(13146): 	at com.pekall.sandbox.database.sqlite.SQLiteDatabase.rawQueryWithFactory(Unknown Source)
05-22 10:30:50.463 W/SQLiteCursor(13146): 	at com.pekall.sandbox.database.sqlite.SQLiteDatabase.queryWithFactory(Unknown Source)
05-22 10:30:50.463 W/SQLiteCursor(13146): 	at com.pekall.sandbox.database.sqlite.SQLiteDatabase.query(Unknown Source)
05-22 10:30:50.463 W/SQLiteCursor(13146): 	at com.pekall.sandbox.database.sqlite.SQLiteDatabase.query(Unknown Source)
05-22 10:30:50.463 W/SQLiteCursor(13146): 	at com.pekall.emdm.messagecenter.db.MessageProvider.query(Unknown Source)
05-22 10:30:50.463 W/SQLiteCursor(13146): 	at android.content.ContentProvider.query(ContentProvider.java:744)
05-22 10:30:50.463 W/SQLiteCursor(13146): 	at android.content.ContentProvider$Transport.query(ContentProvider.java:199)
05-22 10:30:50.463 W/SQLiteCursor(13146): 	at android.content.ContentResolver.query(ContentResolver.java:414)
05-22 10:30:50.463 W/SQLiteCursor(13146): 	at android.content.ContentResolver.query(ContentResolver.java:357)
05-22 10:30:50.463 W/SQLiteCursor(13146): 	at com.pekall.emdm.messagecenter.view.PushMessageWidget.c(Unknown Source)
05-22 10:30:50.463 W/SQLiteCursor(13146): 	at com.pekall.emdm.messagecenter.view.PushMessageWidget.a(Unknown Source)
05-22 10:30:50.463 W/SQLiteCursor(13146): 	at com.pekall.emdm.messagecenter.view.PushMessageWidget.onReceive(Unknown Source)
05-22 10:30:50.463 W/SQLiteCursor(13146): 	at android.app.ActivityThread.handleReceiver(ActivityThread.java:2424)
05-22 10:30:50.463 W/SQLiteCursor(13146): 	at android.app.ActivityThread.access$1500(ActivityThread.java:141)
05-22 10:30:50.463 W/SQLiteCursor(13146): 	at android.app.ActivityThread$H.handleMessage(ActivityThread.java:1332)
05-22 10:30:50.463 W/SQLiteCursor(13146): 	at android.os.Handler.dispatchMessage(Handler.java:99)
05-22 10:30:50.463 W/SQLiteCursor(13146): 	at android.os.Looper.loop(Looper.java:137)
05-22 10:30:50.463 W/SQLiteCursor(13146): 	at android.app.ActivityThread.main(ActivityThread.java:5103)
05-22 10:30:50.463 W/SQLiteCursor(13146): 	at java.lang.reflect.Method.invokeNative(Native Method)
05-22 10:30:50.463 W/SQLiteCursor(13146): 	at java.lang.reflect.Method.invoke(Method.java:525)
05-22 10:30:50.463 W/SQLiteCursor(13146): 	at com.android.internal.os.ZygoteInit$MethodAndArgsCaller.run(ZygoteInit.java:737)
05-22 10:30:50.463 W/SQLiteCursor(13146): 	at com.android.internal.os.ZygoteInit.main(ZygoteInit.java:553)
05-22 10:30:50.463 W/SQLiteCursor(13146): 	at dalvik.system.NativeStart.main(Native Method)
05-22 10:30:50.463 W/CursorWrapperInner(13146): Cursor finalized without prior close()
05-22 10:30:50.533 W/Parcel  ( 1661): Attempt to read object from Parcel 0x5ec3bdac at offset 200 that is not in the object list
05-22 10:30:50.603 W/InputMethodManagerService(  374): Window already focused, ignoring focus gain of: com.android.internal.view.IInputMethodClient$Stub$Proxy@42a2b258 attribute=android.view.inputmethod.EditorInfo@42870830, token = android.os.BinderProxy@42788098
05-22 10:30:50.611 I/Choreographer(13146): Skipped 54 frames!  The application may be doing too much work on its main thread.
05-22 10:30:51.611 I/QueryController(13346): Matched selector: UiSelector[PACKAGE NAME=com.pekall.emdm.launcher] <<==>> [android.view.accessibility.AccessibilityNodeInfo@1775e; boundsInParent: Rect(0, 0 - 720, 1184); boundsInScreen: Rect(0, 0 - 720, 1184); packageName: com.pekall.emdm.launcher; className: android.widget.FrameLayout; text: null; contentDescription: null; viewIdResName: null; checkable: false; checked: false; focusable: false; focused: false; selected: false; clickable: false; longClickable: false; enabled: true; password: false; scrollable: false; [ACTION_SELECT, ACTION_CLEAR_SELECTION, ACTION_ACCESSIBILITY_FOCUS]]
05-22 10:30:51.721 I/QueryController(13346): Matched selector: UiSelector[PACKAGE NAME=com.pekall.emdm.launcher] <<==>> [android.view.accessibility.AccessibilityNodeInfo@1775e; boundsInParent: Rect(0, 0 - 720, 1184); boundsInScreen: Rect(0, 0 - 720, 1184); packageName: com.pekall.emdm.launcher; className: android.widget.FrameLayout; text: null; contentDescription: null; viewIdResName: null; checkable: false; checked: false; focusable: false; focused: false; selected: false; clickable: false; longClickable: false; enabled: true; password: false; scrollable: false; [ACTION_SELECT, ACTION_CLEAR_SELECTION, ACTION_ACCESSIBILITY_FOCUS]]
05-22 10:30:51.767 I/QueryController(13346): Matched selector: UiSelector[TEXT=Personal Mode, CLASS=android.widget.TextView, PACKAGE NAME=com.pekall.emdm.launcher] <<==>> [android.view.accessibility.AccessibilityNodeInfo@1dcb9; boundsInParent: Rect(0, 0 - 160, 200); boundsInScreen: Rect(190, 608 - 350, 808); packageName: com.pekall.emdm.launcher; className: android.widget.TextView; text: Personal Mode; contentDescription: null; viewIdResName: null; checkable: false; checked: false; focusable: false; focused: false; selected: false; clickable: true; longClickable: true; enabled: true; password: false; scrollable: false; [ACTION_SELECT, ACTION_CLEAR_SELECTION, ACTION_CLICK, ACTION_LONG_CLICK, ACTION_ACCESSIBILITY_FOCUS, ACTION_NEXT_AT_MOVEMENT_GRANULARITY, ACTION_PREVIOUS_AT_MOVEMENT_GRANULARITY, ACTION_SET_SELECTION]]
05-22 10:30:51.830 I/QueryController(13346): Matched selector: UiSelector[TEXT=Personal Mode, CLASS=android.widget.TextView, PACKAGE NAME=com.pekall.emdm.launcher] <<==>> [android.view.accessibility.AccessibilityNodeInfo@1dcb9; boundsInParent: Rect(0, 0 - 160, 200); boundsInScreen: Rect(190, 608 - 350, 808); packageName: com.pekall.emdm.launcher; className: android.widget.TextView; text: Personal Mode; contentDescription: null; viewIdResName: null; checkable: false; checked: false; focusable: false; focused: false; selected: false; clickable: true; longClickable: true; enabled: true; password: false; scrollable: false; [ACTION_SELECT, ACTION_CLEAR_SELECTION, ACTION_CLICK, ACTION_LONG_CLICK, ACTION_ACCESSIBILITY_FOCUS, ACTION_NEXT_AT_MOVEMENT_GRANULARITY, ACTION_PREVIOUS_AT_MOVEMENT_GRANULARITY, ACTION_SET_SELECTION]]
05-22 10:30:51.924 I/QueryController(13346): Matched selector: UiSelector[CLASS=android.widget.ImageView, INDEX=1, CLICKABLE=true] <<==>> [android.view.accessibility.AccessibilityNodeInfo@1baf0; boundsInParent: Rect(0, 0 - 133, 104); boundsInScreen: Rect(293, 1070 - 426, 1174); packageName: com.pekall.emdm.launcher; className: android.widget.ImageView; text: null; contentDescription: null; viewIdResName: com.pekall.emdm.launcher:id/btn_mab; checkable: false; checked: false; focusable: true; focused: false; selected: false; clickable: true; longClickable: false; enabled: true; password: false; scrollable: false; [ACTION_FOCUS, ACTION_SELECT, ACTION_CLEAR_SELECTION, ACTION_CLICK, ACTION_ACCESSIBILITY_FOCUS]]
05-22 10:30:51.986 I/QueryController(13346): Matched selector: UiSelector[CLASS=android.widget.ImageView, INDEX=1, CLICKABLE=true] <<==>> [android.view.accessibility.AccessibilityNodeInfo@1baf0; boundsInParent: Rect(0, 0 - 133, 104); boundsInScreen: Rect(293, 1070 - 426, 1174); packageName: com.pekall.emdm.launcher; className: android.widget.ImageView; text: null; contentDescription: null; viewIdResName: com.pekall.emdm.launcher:id/btn_mab; checkable: false; checked: false; focusable: true; focused: false; selected: false; clickable: true; longClickable: false; enabled: true; password: false; scrollable: false; [ACTION_FOCUS, ACTION_SELECT, ACTION_CLEAR_SELECTION, ACTION_CLICK, ACTION_ACCESSIBILITY_FOCUS]]
05-22 10:30:51.994 D/InteractionController(13346): clickAndSync(359, 1122)
05-22 10:30:52.103 W/Parcel  ( 1661): Attempt to read object from Parcel 0x6003bdac at offset 200 that is not in the object list
05-22 10:30:52.103 I/ActivityManager(  374): START u0 {act=com.pekall.emdm.launcher.action.launcheraction flg=0x10000000 cmp=com.pekall.emdm.launcher/.CustomShirtcutActivity bnds=[293,1070][426,1174] (has extras)} from pid 13146
05-22 10:30:52.322 D/dalvikvm(  374): GC_FOR_ALLOC freed 3879K, 22% free 23671K/30132K, paused 215ms, total 220ms
05-22 10:30:52.346 D/LauncherApplication(13146): [null:-1]->onActivityPaused
05-22 10:30:52.353 D/LauncherApplication(13146): [null:-1]->onActivityPaused  updateTime
05-22 10:30:52.392 D/        (13146): [---null: -1---]  showAllApps
05-22 10:30:52.416 V/CounterTextView(13146): draw
05-22 10:30:52.416 V/CounterTextView(13146): count = 1
05-22 10:30:52.416 D/MDM :   (13146): [null:-1]->zzzzz   getWidth() 160
05-22 10:30:52.424 D/MDM :   (13146): [null:-1]->zzzzz   ------------------mWidthTemp >getWidth()() 
05-22 10:30:52.424 V/CounterTextView(13146): xxxxxxx   136
05-22 10:30:52.619 D/        (13146): [---null: -1---]  xxd info.title 'About', info.intent <Intent { flg=0x10200000 cmp=com.pekall.emdm.launcher/.ui.AboutActivity }>
05-22 10:30:52.619 D/        (13146): [---null: -1---]  xxd getPackageName  com.pekall.emdm.launcher
05-22 10:30:52.627 D/        (13146): [---null: -1---]  xxd getClassName  com.pekall.emdm.launcher.ui.AboutActivity
05-22 10:30:52.689 D/        (13146): [---null: -1---]  xxd title name from label: About
05-22 10:30:52.689 D/        (13146): [---null: -1---]  xxd titlename: About ,count is 0
05-22 10:30:52.689 D/        (13146): [---null: -1---]  xxd info.title 'Application List', info.intent <Intent { flg=0x10200000 cmp=com.pekall.emdm.launcher/com.pekall.emdm.market.activity.AppListActivity }>
05-22 10:30:52.689 D/        (13146): [---null: -1---]  xxd getPackageName  com.pekall.emdm.launcher
05-22 10:30:52.697 D/        (13146): [---null: -1---]  xxd getClassName  com.pekall.emdm.market.activity.AppListActivity
05-22 10:30:52.705 D/        (13146): [---null: -1---]  xxd title name from label: Application List
05-22 10:30:52.705 D/        (13146): [---null: -1---]  xxd titlename: Application List ,count is 0
05-22 10:30:52.713 D/        (13146): [---null: -1---]  xxd info.title 'Document Manager', info.intent <Intent { flg=0x10200000 cmp=com.pekall.emdm.launcher/com.pekall.emdm.document.activity.DocMainActivity }>
05-22 10:30:52.721 D/        (13146): [---null: -1---]  xxd getPackageName  com.pekall.emdm.launcher
05-22 10:30:52.721 D/        (13146): [---null: -1---]  xxd getClassName  com.pekall.emdm.document.activity.DocMainActivity
05-22 10:30:52.728 D/        (13146): [---null: -1---]  xxd title name from label: Document Manager
05-22 10:30:52.728 D/        (13146): [---null: -1---]  xxd titlename: Document Manager ,count is 0
05-22 10:30:52.736 D/        (13146): [---null: -1---]  xxd info.title 'Email', info.intent <Intent { flg=0x10200000 cmp=com.pekall.emdm.launcher/com.pekall.semail.activity.Welcome }>
05-22 10:30:52.736 D/        (13146): [---null: -1---]  xxd getPackageName  com.pekall.emdm.launcher
05-22 10:30:52.744 D/        (13146): [---null: -1---]  xxd getClassName  com.pekall.semail.activity.Welcome
05-22 10:30:52.744 D/        (13146): [---null: -1---]  xxd title name from label: Email
05-22 10:30:52.744 D/        (13146): [---null: -1---]  xxd titlename: Email ,count is 0
05-22 10:30:52.752 D/        (13146): [---null: -1---]  xxd info.title 'EmdmContacts', info.intent <Intent { flg=0x10200000 cmp=com.pekall.emdm.launcher/com.pekall.emdm.contacts.activities.PeopleActivity }>
05-22 10:30:52.752 D/        (13146): [---null: -1---]  xxd getPackageName  com.pekall.emdm.launcher
05-22 10:30:52.760 D/        (13146): [---null: -1---]  xxd getClassName  com.pekall.emdm.contacts.activities.PeopleActivity
05-22 10:30:52.760 D/        (13146): [---null: -1---]  xxd title name from label: EmdmContacts
05-22 10:30:52.760 D/        (13146): [---null: -1---]  xxd titlename: EmdmContacts ,count is 0
05-22 10:30:52.767 D/        (13146): [---null: -1---]  xxd info.title 'Message Center', info.intent <Intent { flg=0x10200000 cmp=com.pekall.emdm.launcher/com.pekall.emdm.messagecenter.activity.MessageMainActivity }>
05-22 10:30:52.767 D/        (13146): [---null: -1---]  xxd getPackageName  com.pekall.emdm.launcher
05-22 10:30:52.775 D/        (13146): [---null: -1---]  xxd getClassName  com.pekall.emdm.messagecenter.activity.MessageMainActivity
05-22 10:30:52.775 D/        (13146): [---null: -1---]  xxd title name from label: Message Center
05-22 10:30:52.775 D/        (13146): [---null: -1---]  xxd titlename: Message Center ,count is 0
05-22 10:30:52.783 D/        (13146): [---null: -1---]  xxd info.title 'Personal Mode', info.intent <Intent { flg=0x10200000 cmp=com.pekall.emdm.launcher/.ui.BackPersonalActivity }>
05-22 10:30:52.791 D/        (13146): [---null: -1---]  xxd getPackageName  com.pekall.emdm.launcher
05-22 10:30:52.791 D/        (13146): [---null: -1---]  xxd getClassName  com.pekall.emdm.launcher.ui.BackPersonalActivity
05-22 10:30:52.799 D/        (13146): [---null: -1---]  xxd title name from label: Personal Mode
05-22 10:30:52.799 D/        (13146): [---null: -1---]  xxd titlename: Personal Mode ,count is 0
05-22 10:30:52.806 D/        (13146): [---null: -1---]  xxd info.title 'Phone', info.intent <Intent { flg=0x10200000 cmp=com.pekall.emdm.launcher/com.pekall.emdm.contacts.activities.DialtactsActivity }>
05-22 10:30:52.806 D/        (13146): [---null: -1---]  xxd getPackageName  com.pekall.emdm.launcher
05-22 10:30:52.814 D/        (13146): [---null: -1---]  xxd getClassName  com.pekall.emdm.contacts.activities.DialtactsActivity
05-22 10:30:52.814 D/        (13146): [---null: -1---]  xxd title name from label: Phone
05-22 10:30:52.814 D/        (13146): [---null: -1---]  xxd titlename: Phone ,count is 0
05-22 10:30:52.822 D/        (13146): [---null: -1---]  xxd info.title 'Safe Browser', info.intent <Intent { flg=0x10200000 cmp=com.pekall.emdm.launcher/com.pekall.emdm.browser.BrowserActivity }>
05-22 10:30:52.830 D/        (13146): [---null: -1---]  xxd getPackageName  com.pekall.emdm.launcher
05-22 10:30:52.830 D/        (13146): [---null: -1---]  xxd getClassName  com.pekall.emdm.browser.BrowserActivity
05-22 10:30:52.838 D/        (13146): [---null: -1---]  xxd title name from label: Safe Browser
05-22 10:30:52.838 D/        (13146): [---null: -1---]  xxd titlename: Safe Browser ,count is 0
05-22 10:30:52.846 D/        (13146): [---null: -1---]  xxd info.title 'Setting', info.intent <Intent { flg=0x10200000 cmp=com.pekall.emdm.launcher/.ui.SettingActivity }>
05-22 10:30:52.846 D/        (13146): [---null: -1---]  xxd getPackageName  com.pekall.emdm.launcher
05-22 10:30:52.846 D/        (13146): [---null: -1---]  xxd getClassName  com.pekall.emdm.launcher.ui.SettingActivity
05-22 10:30:52.853 D/        (13146): [---null: -1---]  xxd title name from label: Setting
05-22 10:30:52.853 D/        (13146): [---null: -1---]  xxd titlename: Setting ,count is 0
05-22 10:30:52.892 V/CounterTextView(13146): draw
05-22 10:30:52.892 V/CounterTextView(13146): count = 1
05-22 10:30:52.892 D/MDM :   (13146): [null:-1]->zzzzz   getWidth() 175
05-22 10:30:52.900 D/MDM :   (13146): [null:-1]->zzzzz   ++++++++++++++++mWidthTemp <getWidth()(Offset) 0
05-22 10:30:52.908 V/CounterTextView(13146): xxxxxxx   136
05-22 10:30:52.908 V/CounterTextView(13146): draw
05-22 10:30:52.908 V/CounterTextView(13146): count = 1
05-22 10:30:52.908 D/MDM :   (13146): [null:-1]->zzzzz   getWidth() 175
05-22 10:30:52.916 D/MDM :   (13146): [null:-1]->zzzzz   ++++++++++++++++mWidthTemp <getWidth()(Offset) 0
05-22 10:30:52.916 V/CounterTextView(13146): xxxxxxx   136
05-22 10:30:52.931 V/CounterTextView(13146): draw
05-22 10:30:52.939 V/CounterTextView(13146): count = 1
05-22 10:30:52.939 D/MDM :   (13146): [null:-1]->zzzzz   getWidth() 175
05-22 10:30:52.939 D/MDM :   (13146): [null:-1]->zzzzz   ++++++++++++++++mWidthTemp <getWidth()(Offset) 0
05-22 10:30:52.947 V/CounterTextView(13146): xxxxxxx   136
05-22 10:30:52.955 V/CounterTextView(13146): draw
05-22 10:30:52.955 V/CounterTextView(13146): count = 1
05-22 10:30:52.955 D/MDM :   (13146): [null:-1]->zzzzz   getWidth() 175
05-22 10:30:52.955 D/MDM :   (13146): [null:-1]->zzzzz   ++++++++++++++++mWidthTemp <getWidth()(Offset) 0
05-22 10:30:52.963 V/CounterTextView(13146): xxxxxxx   136
05-22 10:30:52.971 W/ActivityManager(  374): Activity pause timeout for ActivityRecord{42295ac8 u0 com.pekall.emdm.launcher/.CustomShirtcutActivity}
05-22 10:30:53.306 W/InputMethodManagerService(  374): Window already focused, ignoring focus gain of: com.android.internal.view.IInputMethodClient$Stub$Proxy@42ec4000 attribute=null, token = android.os.BinderProxy@42788098
05-22 10:30:53.330 V/CounterTextView(13146): draw
05-22 10:30:53.330 V/CounterTextView(13146): count = 1
05-22 10:30:53.330 D/MDM :   (13146): [null:-1]->zzzzz   getWidth() 175
05-22 10:30:53.338 D/MDM :   (13146): [null:-1]->zzzzz   ++++++++++++++++mWidthTemp <getWidth()(Offset) 0
05-22 10:30:53.338 V/CounterTextView(13146): xxxxxxx   136
05-22 10:30:53.338 V/CounterTextView(13146): draw
05-22 10:30:53.338 V/CounterTextView(13146): count = 1
05-22 10:30:53.338 D/MDM :   (13146): [null:-1]->zzzzz   getWidth() 175
05-22 10:30:53.346 D/MDM :   (13146): [null:-1]->zzzzz   ++++++++++++++++mWidthTemp <getWidth()(Offset) 0
05-22 10:30:53.346 V/CounterTextView(13146): xxxxxxx   136
05-22 10:30:53.369 V/CounterTextView(13146): draw
05-22 10:30:53.369 V/CounterTextView(13146): count = 1
05-22 10:30:53.369 D/MDM :   (13146): [null:-1]->zzzzz   getWidth() 175
05-22 10:30:53.369 D/MDM :   (13146): [null:-1]->zzzzz   ++++++++++++++++mWidthTemp <getWidth()(Offset) 0
05-22 10:30:53.369 V/CounterTextView(13146): xxxxxxx   136
05-22 10:30:53.369 V/CounterTextView(13146): draw
05-22 10:30:53.377 V/CounterTextView(13146): count = 1
05-22 10:30:53.377 D/MDM :   (13146): [null:-1]->zzzzz   getWidth() 175
05-22 10:30:53.385 D/MDM :   (13146): [null:-1]->zzzzz   ++++++++++++++++mWidthTemp <getWidth()(Offset) 0
05-22 10:30:53.385 V/CounterTextView(13146): xxxxxxx   136
05-22 10:30:53.439 D/        (13146): [---null: -1---]     awsa  onActivityResumed
05-22 10:30:53.439 V/LauncherApplication(13146): 2MdmConstant.LAST_LAUNCH_TIME = 1400725852361
05-22 10:30:53.697 D/        (13146): [---null: -1---]  activity = com.pekall.emdm.launcher.Launcher
05-22 10:30:53.697 V/DefultSetContriller(13146): isLauncherDf = com.pekall.emdm.launcher
05-22 10:30:53.705 V/DefultSetContriller(13146): isLauncherDf = com.pekall.emdm.launcher
05-22 10:30:53.705 V/DefultSetContriller(13146): isPhoneDf = com.pekall.emdm.launcher
05-22 10:30:53.705 E/LauncherApplication(13146): isShowLogoutUI = true
05-22 10:30:53.705 E/LauncherApplication(13146): LogoutShowTime 1
05-22 10:30:53.705 V/Launcher(13146): onResume1111111 
05-22 10:30:53.705 V/Launcher(13146): is login ----> 
05-22 10:30:53.705 I/System.out(13146):  
05-22 10:30:53.713 I/System.out(13146): com.pekall.emdm.launcher.Workspace.setWallpaper(Unknown Source)
05-22 10:30:53.713 I/System.out(13146): com.pekall.emdm.launcher.Launcher.onResume(Unknown Source)
05-22 10:30:53.713 I/System.out(13146): android.app.Instrumentation.callActivityOnResume(Instrumentation.java:1192)
05-22 10:30:53.713 I/System.out(13146): android.app.Activity.performResume(Activity.java:5211)
05-22 10:30:53.713 I/System.out(13146): android.app.ActivityThread.performResumeActivity(ActivityThread.java:2780)
05-22 10:30:53.713 I/System.out(13146): android.app.ActivityThread.handleResumeActivity(ActivityThread.java:2819)
05-22 10:30:53.713 I/System.out(13146): android.app.ActivityThread$H.handleMessage(ActivityThread.java:1298)
05-22 10:30:53.713 I/System.out(13146): android.os.Handler.dispatchMessage(Handler.java:99)
05-22 10:30:53.713 I/System.out(13146): android.os.Looper.loop(Looper.java:137)
05-22 10:30:53.713 I/System.out(13146): android.app.ActivityThread.main(ActivityThread.java:5103)
05-22 10:30:53.713 I/System.out(13146): java.lang.reflect.Method.invokeNative(Native Method)
05-22 10:30:53.721 I/System.out(13146): java.lang.reflect.Method.invoke(Method.java:525)
05-22 10:30:53.721 I/System.out(13146): com.android.internal.os.ZygoteInit$MethodAndArgsCaller.run(ZygoteInit.java:737)
05-22 10:30:53.721 I/System.out(13146): com.android.internal.os.ZygoteInit.main(ZygoteInit.java:553)
05-22 10:30:53.721 I/System.out(13146): dalvik.system.NativeStart.main(Native Method)
05-22 10:30:53.822 I/ActivityManager(  374): Process com.qihoo360.mobilesafe (pid 11763) has died.
05-22 10:30:53.971 D/dalvikvm(13146): JIT unchain all for threadid=11
05-22 10:30:54.049 D/dalvikvm(13146): GC_FOR_ALLOC freed 4586K, 30% free 27152K/38412K, paused 321ms, total 322ms
05-22 10:30:54.299 D/dalvikvm( 1661): GC_EXPLICIT freed 104K, 18% free 13072K/15888K, paused 3ms+5ms, total 126ms
05-22 10:30:54.369 I/Choreographer(13146): Skipped 38 frames!  The application may be doing too much work on its main thread.
05-22 10:30:54.392 W/Parcel  ( 1661): Attempt to read object from Parcel 0x5ef3bdac at offset 200 that is not in the object list
05-22 10:30:54.408 V/WiseDownloadConditionControler(11077): checkCondition  type : WISE_DOWNLOAD  inerrupting: true
05-22 10:30:54.525 W/Parcel  ( 1661): Attempt to read object from Parcel 0x5ec3bdac at offset 200 that is not in the object list
05-22 10:30:54.596 I/QueryController(13346): Matched selector: UiSelector[TEXT=Message Center, CLASS=android.widget.TextView, PACKAGE NAME=com.pekall.emdm.launcher] <<==>> [android.view.accessibility.AccessibilityNodeInfo@21c8a; boundsInParent: Rect(0, 0 - 175, 255); boundsInScreen: Rect(185, 335 - 360, 590); packageName: com.pekall.emdm.launcher; className: android.widget.TextView; text: Message Center; contentDescription: null; viewIdResName: com.pekall.emdm.launcher:id/name; checkable: false; checked: false; focusable: false; focused: false; selected: false; clickable: false; longClickable: false; enabled: true; password: false; scrollable: false; [ACTION_SELECT, ACTION_CLEAR_SELECTION, ACTION_ACCESSIBILITY_FOCUS, ACTION_NEXT_AT_MOVEMENT_GRANULARITY, ACTION_PREVIOUS_AT_MOVEMENT_GRANULARITY, ACTION_SET_SELECTION]]
05-22 10:30:54.619 V/CounterTextView(13146): draw
05-22 10:30:54.619 V/CounterTextView(13146): count = 1
05-22 10:30:54.627 D/MDM :   (13146): [null:-1]->zzzzz   getWidth() 175
05-22 10:30:54.627 D/MDM :   (13146): [null:-1]->zzzzz   ++++++++++++++++mWidthTemp <getWidth()(Offset) 0
05-22 10:30:54.627 V/CounterTextView(13146): xxxxxxx   136
05-22 10:30:54.635 V/CounterTextView(13146): draw
05-22 10:30:54.635 V/CounterTextView(13146): count = 1
05-22 10:30:54.635 D/MDM :   (13146): [null:-1]->zzzzz   getWidth() 175
05-22 10:30:54.642 D/MDM :   (13146): [null:-1]->zzzzz   ++++++++++++++++mWidthTemp <getWidth()(Offset) 0
05-22 10:30:54.650 V/CounterTextView(13146): xxxxxxx   136
05-22 10:30:54.666 V/CounterTextView(13146): draw
05-22 10:30:54.666 V/CounterTextView(13146): count = 1
05-22 10:30:54.674 D/MDM :   (13146): [null:-1]->zzzzz   getWidth() 175
05-22 10:30:54.674 D/MDM :   (13146): [null:-1]->zzzzz   ++++++++++++++++mWidthTemp <getWidth()(Offset) 0
05-22 10:30:54.681 V/CounterTextView(13146): xxxxxxx   136
05-22 10:30:54.681 V/CounterTextView(13146): draw
05-22 10:30:54.681 V/CounterTextView(13146): count = 1
05-22 10:30:54.689 D/MDM :   (13146): [null:-1]->zzzzz   getWidth() 175
05-22 10:30:54.697 D/MDM :   (13146): [null:-1]->zzzzz   ++++++++++++++++mWidthTemp <getWidth()(Offset) 0
05-22 10:30:54.697 V/CounterTextView(13146): xxxxxxx   136
05-22 10:30:55.275 I/QueryController(13346): Matched selector: UiSelector[TEXT=Message Center, CLASS=android.widget.TextView, PACKAGE NAME=com.pekall.emdm.launcher] <<==>> [android.view.accessibility.AccessibilityNodeInfo@21c8a; boundsInParent: Rect(0, 0 - 175, 255); boundsInScreen: Rect(185, 335 - 360, 590); packageName: com.pekall.emdm.launcher; className: android.widget.TextView; text: Message Center; contentDescription: null; viewIdResName: com.pekall.emdm.launcher:id/name; checkable: false; checked: false; focusable: false; focused: false; selected: false; clickable: false; longClickable: false; enabled: true; password: false; scrollable: false; [ACTION_SELECT, ACTION_CLEAR_SELECTION, ACTION_ACCESSIBILITY_FOCUS, ACTION_NEXT_AT_MOVEMENT_GRANULARITY, ACTION_PREVIOUS_AT_MOVEMENT_GRANULARITY, ACTION_SET_SELECTION]]
05-22 10:30:55.275 D/UiObject(13346): getText() = Message Center
05-22 10:30:55.322 I/QueryController(13346): Matched selector: UiSelector[TEXT=Message Center, CLASS=android.widget.TextView, PACKAGE NAME=com.pekall.emdm.launcher] <<==>> [android.view.accessibility.AccessibilityNodeInfo@21c8a; boundsInParent: Rect(0, 0 - 175, 255); boundsInScreen: Rect(185, 335 - 360, 590); packageName: com.pekall.emdm.launcher; className: android.widget.TextView; text: Message Center; contentDescription: null; viewIdResName: com.pekall.emdm.launcher:id/name; checkable: false; checked: false; focusable: false; focused: false; selected: false; clickable: false; longClickable: false; enabled: true; password: false; scrollable: false; [ACTION_SELECT, ACTION_CLEAR_SELECTION, ACTION_ACCESSIBILITY_FOCUS, ACTION_NEXT_AT_MOVEMENT_GRANULARITY, ACTION_PREVIOUS_AT_MOVEMENT_GRANULARITY, ACTION_SET_SELECTION]]
05-22 10:30:55.369 I/QueryController(13346): Matched selector: UiSelector[TEXT=Message Center, CLASS=android.widget.TextView, PACKAGE NAME=com.pekall.emdm.launcher] <<==>> [android.view.accessibility.AccessibilityNodeInfo@21c8a; boundsInParent: Rect(0, 0 - 175, 255); boundsInScreen: Rect(185, 335 - 360, 590); packageName: com.pekall.emdm.launcher; className: android.widget.TextView; text: Message Center; contentDescription: null; viewIdResName: com.pekall.emdm.launcher:id/name; checkable: false; checked: false; focusable: false; focused: false; selected: false; clickable: false; longClickable: false; enabled: true; password: false; scrollable: false; [ACTION_SELECT, ACTION_CLEAR_SELECTION, ACTION_ACCESSIBILITY_FOCUS, ACTION_NEXT_AT_MOVEMENT_GRANULARITY, ACTION_PREVIOUS_AT_MOVEMENT_GRANULARITY, ACTION_SET_SELECTION]]
05-22 10:30:55.377 D/InteractionController(13346): clickAndWaitForNewWindow(272, 462)
05-22 10:30:55.549 W/Parcel  ( 1661): Attempt to read object from Parcel 0x5dfd3dac at offset 200 that is not in the object list
05-22 10:30:55.549 I/ActivityManager(  374): START u0 {flg=0x10000000 cmp=com.pekall.emdm.launcher/com.pekall.emdm.messagecenter.activity.MessageMainActivity} from pid 13146
05-22 10:30:55.611 D/LauncherApplication(13146): [null:-1]->onActivityPaused
05-22 10:30:55.627 D/LauncherApplication(13146): [null:-1]->onActivityPaused  updateTime
05-22 10:30:55.752 I/Process (  374): Sending signal. PID: 13309 SIG: 3
05-22 10:30:55.752 I/dalvikvm(13309): threadid=3: reacting to signal 3
05-22 10:30:55.752 W/ActivityManager(  374): Timeout executing service: ServiceRecord{42fe4260 u0 com.pekall.emdm.launcher/com.baidu.location.f}
05-22 10:30:55.760 V/LauncherApplication(13146): onActivityStarted
05-22 10:30:55.760 D/        (13146): [---null: -1---]     awsa  onActivityResumed
05-22 10:30:55.760 V/LauncherApplication(13146): 2MdmConstant.LAST_LAUNCH_TIME = 1400725855633
05-22 10:30:55.775 D/        (13146): [---null: -1---]  activity = com.pekall.emdm.messagecenter.activity.MessageMainActivity
05-22 10:30:55.775 V/DefultSetContriller(13146): isLauncherDf = com.pekall.emdm.launcher
05-22 10:30:55.775 V/DefultSetContriller(13146): isPhoneDf = com.pekall.emdm.launcher
05-22 10:30:55.783 E/LauncherApplication(13146): isShowLogoutUI = true
05-22 10:30:55.783 E/LauncherApplication(13146): LogoutShowTime 1
05-22 10:30:55.955 I/Process (  374): Sending signal. PID: 374 SIG: 3
05-22 10:30:55.955 I/dalvikvm(  374): threadid=3: reacting to signal 3
05-22 10:30:56.002 D/dalvikvm(13309): JIT unchain all for threadid=12
05-22 10:30:56.088 I/dalvikvm(13309): Wrote stack traces to '/data/anr/traces.txt'
05-22 10:30:56.439 D/dalvikvm(11974): GC_CONCURRENT freed 368K, 6% free 9910K/10524K, paused 8ms+161ms, total 1634ms
05-22 10:30:58.478 W/InteractionController(13346): runAndwaitForEvent timedout waiting for events
05-22 10:31:00.135 I/dalvikvm(  374): Wrote stack traces to '/data/anr/traces.txt'
05-22 10:31:00.135 I/Choreographer(  374): Skipped 246 frames!  The application may be doing too much work on its main thread.
05-22 10:31:00.142 I/Process (  374): Sending signal. PID: 448 SIG: 3
05-22 10:31:00.142 I/dalvikvm(  448): threadid=3: reacting to signal 3
05-22 10:31:00.142 I/Process (  374): Sending signal. PID: 561 SIG: 3
05-22 10:31:00.142 I/dalvikvm(  561): threadid=3: reacting to signal 3
05-22 10:31:00.236 I/Choreographer(13146): Skipped 254 frames!  The application may be doing too much work on its main thread.
05-22 10:31:00.346 I/Process (  374): Sending signal. PID: 568 SIG: 3
05-22 10:31:00.346 I/dalvikvm(  568): threadid=3: reacting to signal 3
05-22 10:31:00.463 I/dalvikvm(  568): Wrote stack traces to '/data/anr/traces.txt'
05-22 10:31:00.705 I/ActivityManager(  374): Displayed com.pekall.emdm.launcher/com.pekall.emdm.messagecenter.activity.MessageMainActivity: +5s75ms (total +8s346ms)
05-22 10:31:00.736 I/dalvikvm(  561): Wrote stack traces to '/data/anr/traces.txt'
05-22 10:31:02.033 I/AndroidRuntime(13346): VM exiting with result code 0.
05-22 10:31:02.096 D/dalvikvm(  374): GC_EXPLICIT freed 3064K, 20% free 24161K/30132K, paused 39ms+27ms, total 507ms
05-22 10:31:02.181 I/dalvikvm(  448): Wrote stack traces to '/data/anr/traces.txt'
05-22 10:31:02.783 I/Process (  374): Sending signal. PID: 13146 SIG: 3
05-22 10:31:02.783 I/dalvikvm(13146): threadid=3: reacting to signal 3
05-22 10:31:02.986 I/Process (  374): Sending signal. PID: 1661 SIG: 3
05-22 10:31:02.986 I/dalvikvm( 1661): threadid=3: reacting to signal 3
05-22 10:31:03.033 D/dalvikvm(13146): JIT unchain all for threadid=11
05-22 10:31:03.103 D/dalvikvm(11404): GC_CONCURRENT freed 485K, 6% free 9444K/9984K, paused 490ms+461ms, total 1469ms
05-22 10:31:03.135 I/dalvikvm( 1661): Wrote stack traces to '/data/anr/traces.txt'
05-22 10:31:03.135 I/Process (  374): Sending signal. PID: 11404 SIG: 3
05-22 10:31:03.142 I/dalvikvm(13146): Wrote stack traces to '/data/anr/traces.txt'
05-22 10:31:03.189 E/ActivityManager(  374): ANR in com.pekall.emdm.launcher:remote
05-22 10:31:03.189 E/ActivityManager(  374): Reason: Executing service com.pekall.emdm.launcher/com.baidu.location.f
05-22 10:31:03.189 E/ActivityManager(  374): Load: 3.54 / 2.0 / 1.6
05-22 10:31:03.189 E/ActivityManager(  374): CPU usage from 1720ms to -7396ms ago:
05-22 10:31:03.189 E/ActivityManager(  374):   80% 13146/com.pekall.emdm.launcher: 76% user + 3.5% kernel / faults: 4799 minor 9 major
05-22 10:31:03.189 E/ActivityManager(  374):   64% 13309/com.pekall.emdm.launcher:remote: 63% user + 0.4% kernel / faults: 112 minor
05-22 10:31:03.189 E/ActivityManager(  374):   24% 374/system_server: 18% user + 5.9% kernel / faults: 530 minor
05-22 10:31:03.189 E/ActivityManager(  374):   6.3% 448/com.android.systemui: 5.4% user + 0.8% kernel / faults: 49 minor
05-22 10:31:03.189 E/ActivityManager(  374):   3.2% 124/surfaceflinger: 1.2% user + 2% kernel / faults: 4915 minor
05-22 10:31:03.189 E/ActivityManager(  374):   2.5% 1661/com.qihoo360.mobilesafe:GuardService: 1.7% user + 0.7% kernel / faults: 414 minor 4 major
05-22 10:31:03.189 E/ActivityManager(  374):   2.4% 127/mediaserver: 1.7% user + 0.6% kernel / faults: 1 minor
05-22 10:31:03.189 E/ActivityManager(  374):   0.6% 135/adbd: 0.3% user + 0.3% kernel / faults: 1 minor
05-22 10:31:03.189 E/ActivityManager(  374):   0.6% 561/com.android.phone: 0.4% user + 0.2% kernel / faults: 33 minor
05-22 10:31:03.189 E/ActivityManager(  374):   0.5% 11404/com.dragon.android.pandaspace: 0.4% user + 0.1% kernel / faults: 180 minor
05-22 10:31:03.189 E/ActivityManager(  374):   0.5% 11974/com.dragon.android.pandaspace:bdservice_v1: 0.5% user + 0% kernel / faults: 110 minor
05-22 10:31:03.189 E/ActivityManager(  374):   0.1% 568/com.android.nfc: 0.1% user + 0% kernel / faults: 33 minor
05-22 10:31:03.189 E/ActivityManager(  374):   0.3% 12874/com.qihoo.appstore: 0.2% user + 0.1% kernel / faults: 3 minor
05-22 10:31:03.189 E/ActivityManager(  374):   0.3% 13064/kworker/u:1: 0% user + 0.3% kernel
05-22 10:31:03.189 E/ActivityManager(  374):   0.2% 12631/com.nd.assistance.ServerService: 0.1% user + 0.1% kernel / faults: 52 minor
05-22 10:31:03.189 E/ActivityManager(  374):   0.2% 12659/kworker/u:2: 0% user + 0.2% kernel
05-22 10:31:03.189 E/ActivityManager(  374):   0.2% 13144/kworker/0:0: 0% user + 0.2% kernel
05-22 10:31:03.189 E/ActivityManager(  374):   0.1% 82/mmcqd/0: 0% user + 0.1% kernel
05-22 10:31:03.189 E/ActivityManager(  374):   0% 92/dhd_dpc: 0% user + 0% kernel
05-22 10:31:03.189 E/ActivityManager(  374):   0% 95/ueventd: 0% user + 0% kernel
05-22 10:31:03.189 E/ActivityManager(  374):   0.1% 121/netd: 0.1% user + 0% kernel
05-22 10:31:03.189 E/ActivityManager(  374):   0% 133/sdcard: 0% user + 0% kernel
05-22 10:31:03.189 E/ActivityManager(  374):   0.1% 11093/com.tencent.android.qqdownloader:connect: 0.1% user + 0% ker