05-22 10:27:33.306 W/MountService(  374): getVolumeState(/mnt/extrasd_bind): Unknown volume
05-22 10:27:33.314 W/MountService(  374): getVolumeState(/mnt/sdcard/ext_sd): Unknown volume
05-22 10:27:33.314 W/MountService(  374): getVolumeState(/storage/extSdCard): Unknown volume
05-22 10:27:33.314 W/MountService(  374): getVolumeState(/storage/sdcard1): Unknown volume
05-22 10:27:33.322 W/MountService(  374): getVolumeState(/mnt/sdcard/external_SD): Unknown volume
05-22 10:27:33.322 W/MountService(  374): getVolumeState(/mnt/sdcard/external_sd): Unknown volume
05-22 10:27:33.752 W/MountService(  374): getVolumeState(/storage/emulated/0/external_sd): Unknown volume
05-22 10:27:33.752 W/MountService(  374): getVolumeState(/mnt/sdcard-ext): Unknown volume
05-22 10:27:33.752 W/MountService(  374): getVolumeState(/mnt/ext_sdcard): Unknown volume
05-22 10:27:33.752 W/MountService(  374): getVolumeState(/mnt/sdcard2): Unknown volume
05-22 10:27:33.752 W/MountService(  374): getVolumeState(/mnt/emmc): Unknown volume
05-22 10:27:33.752 W/MountService(  374): getVolumeState(/mnt/extSdCard): Unknown volume
05-22 10:27:33.760 W/MountService(  374): getVolumeState(/mnt/sdcard/SD_CARD): Unknown volume
05-22 10:27:33.760 W/MountService(  374): getVolumeState(/mnt/sdcard/extra_sd): Unknown volume
05-22 10:27:33.760 W/MountService(  374): getVolumeState(/mnt/extrasd_bind): Unknown volume
05-22 10:27:33.760 W/MountService(  374): getVolumeState(/mnt/sdcard/ext_sd): Unknown volume
05-22 10:27:33.767 W/MountService(  374): getVolumeState(/storage/extSdCard): Unknown volume
05-22 10:27:33.767 W/MountService(  374): getVolumeState(/storage/sdcard1): Unknown volume
05-22 10:27:33.767 W/MountService(  374): getVolumeState(/mnt/sdcard/external_SD): Unknown volume
05-22 10:27:33.767 W/MountService(  374): getVolumeState(/mnt/sdcard/external_sd): Unknown volume
05-22 10:27:49.783 I/PowerManagerService(  374): Waking up from sleep...
05-22 10:27:49.830 I/WindowManager(  374): Lock screen displayed!
05-22 10:27:50.619 I/ActivityManager(  374): Process com.android.settings (pid 12685) has died.
05-22 10:27:51.142 D/PhoneStatusBar(  448): disable: < expand icons alerts ticker system_info BACK HOME recent* CLOCK search* >
05-22 10:27:51.221 D/PhoneStatusBar(  448): disable: < expand icons alerts ticker system_info back* home* recent clock* search >
05-22 10:27:51.221 W/InputMethodManagerService(  374): Window already focused, ignoring focus gain of: com.android.internal.view.IInputMethodClient$Stub$Proxy@42862950 attribute=android.view.inputmethod.EditorInfo@4285f740, token = android.os.BinderProxy@42c7cb00
05-22 10:27:51.853 I/ActivityManager(  374): START u0 {act=android.intent.action.MAIN cat=[android.intent.category.HOME] flg=0x10200000 cmp=com.pekall.emdm.launcher/.Launcher} from pid 374
05-22 10:27:51.885 I/ActivityManager(  374): START u0 {cmp=com.pekall.emdm.launcher/com.pekall.emdm.ui.SplashActivity} from pid 12738
05-22 10:27:52.361 W/InputMethodManagerService(  374): Focus gain on non-focused client com.android.internal.view.IInputMethodClient$Stub$Proxy@429e5998 (uid=10066 pid=12738)
05-22 10:27:53.994 I/ActivityManager(  374): START u0 {cmp=com.pekall.emdm.launcher/com.pekall.emdm.ui.ActiveDeviceAdminActivity} from pid 12738
05-22 10:28:04.346 I/ActivityManager(  374): START u0 {act=launcher.action.to.personal cmp=com.pekall.emdm.launcher/.ui.BackPersonalActivity} from pid 12738
05-22 10:28:04.572 I/ActivityManager(  374): START u0 {flg=0x10200000 cmp=com.android.launcher/com.android.launcher2.Launcher} from pid 12738
05-22 10:28:04.572 W/ActivityManager(  374): Duplicate finish request for ActivityRecord{42d26140 u0 com.pekall.emdm.launcher/.ui.BackPersonalActivity}
05-22 10:28:27.260 I/ActivityManager(  374): START u0 {act=android.intent.action.MAIN cat=[android.intent.category.LAUNCHER] flg=0x10200000 cmp=com.android.settings/.Settings} from pid 576
05-22 10:28:27.486 I/ActivityManager(  374): Start proc com.android.settings for activity com.android.settings/.Settings: pid=13090 uid=1000 gids={41000, 1015, 1028, 3002, 3001, 3003, 3007}
05-22 10:28:27.619 W/ContextImpl(13090): Calling a method in the system process without a qualified user: android.app.ContextImpl.bindService:1439 android.content.ContextWrapper.bindService:496 android.bluetooth.BluetoothInputDevice.<init>:240 android.bluetooth.BluetoothAdapter.getProfileProxy:1168 com.android.settings.bluetooth.LocalBluetoothAdapter.getProfileProxy:94 
05-22 10:28:27.627 W/ContextImpl(13090): Calling a method in the system process without a qualified user: android.app.ContextImpl.bindService:1439 android.content.ContextWrapper.bindService:496 android.bluetooth.BluetoothPan.<init>:141 android.bluetooth.BluetoothAdapter.getProfileProxy:1171 com.android.settings.bluetooth.PanProfile.<init>:73 
05-22 10:28:27.635 W/ContextImpl(13090): Calling a method in the system process without a qualified user: android.app.ContextImpl.bindService:1439 android.content.ContextWrapper.bindService:496 android.bluetooth.BluetoothPbap.<init>:161 com.android.settings.bluetooth.PbapServerProfile.<init>:68 com.android.settings.bluetooth.LocalBluetoothProfileManager.<init>:124 
05-22 10:28:27.799 D/WifiService(  374): setWifiEnabled: true pid=13090, uid=1000
05-22 10:28:32.181 I/ActivityManager(  374): START u0 {act=android.intent.action.MAIN cmp=com.android.settings/.SubSettings (has extras)} from pid 13090
05-22 10:28:33.424 W/MountService(  374): getVolumeState(/storage/emulated/0/external_sd): Unknown volume
05-22 10:28:33.424 W/MountService(  374): getVolumeState(/mnt/sdcard-ext): Unknown volume
05-22 10:28:33.424 W/MountService(  374): getVolumeState(/mnt/ext_sdcard): Unknown volume
05-22 10:28:33.424 W/MountService(  374): getVolumeState(/mnt/sdcard2): Unknown volume
05-22 10:28:33.424 W/MountService(  374): getVolumeState(/mnt/emmc): Unknown volume
05-22 10:28:33.424 W/MountService(  374): getVolumeState(/mnt/extSdCard): Unknown volume
05-22 10:28:33.424 W/MountService(  374): getVolumeState(/mnt/sdcard/SD_CARD): Unknown volume
05-22 10:28:33.424 W/MountService(  374): getVolumeState(/mnt/sdcard/extra_sd): Unknown volume
05-22 10:28:33.424 W/MountService(  374): getVolumeState(/mnt/extrasd_bind): Unknown volume
05-22 10:28:33.431 W/MountService(  374): getVolumeState(/mnt/sdcard/ext_sd): Unknown volume
05-22 10:28:33.431 W/MountService(  374): getVolumeState(/storage/extSdCard): Unknown volume
05-22 10:28:33.431 W/MountService(  374): getVolumeState(/storage/sdcard1): Unknown volume
05-22 10:28:33.431 W/MountService(  374): getVolumeState(/mnt/sdcard/external_SD): Unknown volume
05-22 10:28:33.431 W/MountService(  374): getVolumeState(/mnt/sdcard/external_sd): Unknown volume
05-22 10:28:33.525 I/ActivityManager(  374): START u0 {act=android.intent.action.MAIN cmp=com.android.settings/.SubSettings (has extras)} from pid 13090
05-22 10:28:33.853 W/MountService(  374): getVolumeState(/storage/emulated/0/external_sd): Unknown volume
05-22 10:28:33.853 W/MountService(  374): getVolumeState(/mnt/sdcard-ext): Unknown volume
05-22 10:28:33.869 W/MountService(  374): getVolumeState(/mnt/ext_sdcard): Unknown volume
05-22 10:28:33.869 W/MountService(  374): getVolumeState(/mnt/sdcard2): Unknown volume
05-22 10:28:33.869 W/MountService(  374): getVolumeState(/mnt/emmc): Unknown volume
05-22 10:28:33.869 W/MountService(  374): getVolumeState(/mnt/extSdCard): Unknown volume
05-22 10:28:33.869 W/MountService(  374): getVolumeState(/mnt/sdcard/SD_CARD): Unknown volume
05-22 10:28:33.869 W/MountService(  374): getVolumeState(/mnt/sdcard/extra_sd): Unknown volume
05-22 10:28:33.869 W/MountService(  374): getVolumeState(/mnt/extrasd_bind): Unknown volume
05-22 10:28:33.869 W/MountService(  374): getVolumeState(/mnt/sdcard/ext_sd): Unknown volume
05-22 10:28:33.877 W/MountService(  374): getVolumeState(/storage/extSdCard): Unknown volume
05-22 10:28:33.947 W/MountService(  374): getVolumeState(/storage/sdcard1): Unknown volume
05-22 10:28:33.947 W/MountService(  374): getVolumeState(/mnt/sdcard/external_SD): Unknown volume
05-22 10:28:33.955 W/MountService(  374): getVolumeState(/mnt/sdcard/external_sd): Unknown volume
05-22 10:28:34.760 I/ActivityManager(  374): START u0 {cmp=com.android.settings/.DeviceAdminAdd (has extras)} from pid 13090
05-22 10:28:46.517 I/ActivityManager(  374): START u0 {act=android.intent.action.MAIN cat=[android.intent.category.LAUNCHER] flg=0x10200000 cmp=com.android.settings/.Settings} from pid 576
05-22 10:28:46.830 D/WifiService(  374): setWifiEnabled: true pid=13090, uid=1000
05-22 10:28:48.510 I/ActivityManager(  374): START u0 {act=android.intent.action.MAIN cmp=com.android.settings/.SubSettings (has extras)} from pid 13090
05-22 10:28:48.674 W/ContextImpl(13090): Calling a method in the system process without a qualified user: android.app.ContextImpl.bindService:1439 android.content.ContextWrapper.bindService:496 com.android.settings.applications.ManageApplications.onCreate:861 android.app.Fragment.performCreate:1673 android.app.FragmentManagerImpl.moveToState:854 
05-22 10:28:52.369 I/ActivityManager(  374): START u0 {act=android.intent.action.MAIN cmp=com.android.settings/.SubSettings (has extras)} from pid 13090
05-22 10:28:55.877 I/ActivityManager(  374): Force stopping package com.pekall.emdm.launcher appid=10066 user=0
05-22 10:28:55.877 I/ActivityManager(  374): Killing proc 12738:com.pekall.emdm.launcher/u0a10066: force stop com.pekall.emdm.launcher
05-22 10:28:55.877 W/ActivityManager(  374): Scheduling restart of crashed service com.pekall.emdm.launcher/com.pekall.emdm.contacts.service.PhoneService in 5000ms
05-22 10:28:55.877 W/ActivityManager(  374): Scheduling restart of crashed service com.pekall.emdm.launcher/com.pekall.emdm.MdmService in 15000ms
05-22 10:28:55.885 I/ActivityManager(  374):   Force finishing activity ActivityRecord{426c3e30 u0 com.pekall.emdm.launcher/.Launcher}
05-22 10:28:55.885 I/ActivityManager(  374):   Force stopping service ServiceRecord{4318f940 u0 com.pekall.emdm.launcher/com.pekall.emdm.contacts.service.PhoneService}
05-22 10:28:55.885 I/ActivityManager(  374):   Force stopping service ServiceRecord{429a00d8 u0 com.pekall.emdm.launcher/com.pekall.emdm.MdmService}
05-22 10:28:55.947 I/WindowState(  374): WIN DEATH: Window{42b032c8 u0 com.pekall.emdm.launcher/com.pekall.emdm.launcher.Launcher}
05-22 10:28:56.252 W/InputMethodManagerService(  374): Window already focused, ignoring focus gain of: com.android.internal.view.IInputMethodClient$Stub$Proxy@43011260 attribute=null, token = android.os.BinderProxy@42983a18
05-22 10:29:08.244 I/ActivityManager(  374): START u0 {act=android.intent.action.MAIN cat=[android.intent.category.LAUNCHER] flg=0x10200000 cmp=com.pekall.emdm.launcher/.Launcher} from pid 576
05-22 10:29:08.431 I/ActivityManager(  374): Start proc com.pekall.emdm.launcher for activity com.pekall.emdm.launcher/.Launcher: pid=13146 uid=10066 gids={50066, 1015, 3002, 3001, 3003, 1028}
05-22 10:29:09.455 I/ActivityManager(  374): START u0 {cmp=com.pekall.emdm.launcher/com.pekall.emdm.ui.SplashActivity} from pid 13146
05-22 10:29:09.963 W/ActivityManager(  374): Activity pause timeout for ActivityRecord{42955358 u0 com.pekall.emdm.launcher/.Launcher}
05-22 10:29:10.416 W/ActivityManager(  374): Unable to start service Intent { cmp=com.pekall.emdm.launcher/com.pekall.semail.service.AttachmentDownloadService } U=0: not found
05-22 10:29:10.697 W/ActivityManager(  374): Unable to start service Intent { cmp=com.pekall.emdm.launcher/com.pekall.semail.service.AttachmentDownloadService } U=0: not found
05-22 10:29:12.611 I/ActivityManager(  374): START u0 {cmp=com.pekall.emdm.launcher/com.pekall.emdm.ui.AdvActivity} from pid 13146
05-22 10:29:17.580 I/ActivityManager(  374): START u0 {cmp=com.pekall.emdm.launcher/com.pekall.emdm.ui.ActiveDeviceAdminActivity} from pid 13146
05-22 10:29:18.549 I/ActivityManager(  374): START u0 {act=android.app.action.ADD_DEVICE_ADMIN cmp=com.android.settings/.DeviceAdminAdd (has extras)} from pid 13146
05-22 10:29:20.572 I/ActivityManager(  374): START u0 {cmp=com.pekall.emdm.launcher/com.pekall.emdm.ui.RegDeviceActivity} from pid 13146
05-22 10:29:20.728 I/ActivityManager(  374): Process com.google.android.email (pid 12933) has died.
05-22 10:29:33.463 W/MountService(  374): getVolumeState(/storage/emulated/0/external_sd): Unknown volume
05-22 10:29:33.463 W/MountService(  374): getVolumeState(/mnt/sdcard-ext): Unknown volume
05-22 10:29:33.463 W/MountService(  374): getVolumeState(/mnt/ext_sdcard): Unknown volume
05-22 10:29:33.463 W/MountService(  374): getVolumeState(/mnt/sdcard2): Unknown volume
05-22 10:29:33.463 W/MountService(  374): getVolumeState(/mnt/emmc): Unknown volume
05-22 10:29:33.463 W/MountService(  374): getVolumeState(/mnt/extSdCard): Unknown volume
05-22 10:29:33.463 W/MountService(  374): getVolumeState(/mnt/sdcard/SD_CARD): Unknown volume
05-22 10:29:33.463 W/MountService(  374): getVolumeState(/mnt/sdcard/extra_sd): Unknown volume
05-22 10:29:33.463 W/MountService(  374): getVolumeState(/mnt/extrasd_bind): Unknown volume
05-22 10:29:33.471 W/MountService(  374): getVolumeState(/mnt/sdcard/ext_sd): Unknown volume
05-22 10:29:33.478 W/MountService(  374): getVolumeState(/storage/extSdCard): Unknown volume
05-22 10:29:33.478 W/MountService(  374): getVolumeState(/storage/sdcard1): Unknown volume
05-22 10:29:33.486 W/MountService(  374): getVolumeState(/mnt/sdcard/external_SD): Unknown volume
05-22 10:29:33.486 W/MountService(  374): getVolumeState(/mnt/sdcard/external_sd): Unknown volume
05-22 10:29:33.791 W/MountService(  374): getVolumeState(/storage/emulated/0/external_sd): Unknown volume
05-22 10:29:33.791 W/MountService(  374): getVolumeState(/mnt/sdcard-ext): Unknown volume
05-22 10:29:33.791 W/MountService(  374): getVolumeState(/mnt/ext_sdcard): Unknown volume
05-22 10:29:33.791 W/MountService(  374): getVolumeState(/mnt/sdcard2): Unknown volume
05-22 10:29:33.799 W/MountService(  374): getVolumeState(/mnt/emmc): Unknown volume
05-22 10:29:33.799 W/MountService(  374): getVolumeState(/mnt/extSdCard): Unknown volume
05-22 10:29:33.799 W/MountService(  374): getVolumeState(/mnt/sdcard/SD_CARD): Unknown volume
05-22 10:29:33.799 W/MountService(  374): getVolumeState(/mnt/sdcard/extra_sd): Unknown volume
05-22 10:29:33.799 W/MountService(  374): getVolumeState(/mnt/extrasd_bind): Unknown volume
05-22 10:29:33.799 W/MountService(  374): getVolumeState(/mnt/sdcard/ext_sd): Unknown volume
05-22 10:29:33.799 W/MountService(  374): getVolumeState(/storage/extSdCard): Unknown volume
05-22 10:29:33.799 W/MountService(  374): getVolumeState(/storage/sdcard1): Unknown volume
05-22 10:29:33.799 W/MountService(  374): getVolumeState(/mnt/sdcard/external_SD): Unknown volume
05-22 10:29:33.806 W/MountService(  374): getVolumeState(/mnt/sdcard/external_sd): Unknown volume
--------- beginning of /dev/log/main
05-22 10:29:35.861 I/QueryController(13074): Matched selector: UiSelector[CLASS=android.widget.EditText, INSTANCE=2, COUNT=2] <<==>> [android.view.accessibility.AccessibilityNodeInfo@12881; boundsInParent: Rect(0, 0 - 621, 76); boundsInScreen: Rect(49, 560 - 670, 636); packageName: com.pekall.emdm.launcher; className: android.widget.EditText; text: null; contentDescription: null; viewIdResName: com.pekall.emdm.launcher:id/mdm_edit; checkable: false; checked: false; focusable: true; focused: false; selected: false; clickable: true; longClickable: true; enabled: true; password: true; scrollable: false; [ACTION_FOCUS, ACTION_SELECT, ACTION_CLEAR_SELECTION, ACTION_CLICK, ACTION_LONG_CLICK, ACTION_ACCESSIBILITY_FOCUS]]
05-22 10:29:38.244 D/dalvikvm(13074): GC_CONCURRENT freed 388K, 91% free 653K/7112K, paused 0ms+0ms, total 5ms
05-22 10:29:38.252 I/QueryController(13074): Matched selector: UiSelector[CLASS=android.widget.EditText, INSTANCE=2, COUNT=2] <<==>> [android.view.accessibility.AccessibilityNodeInfo@12881; boundsInParent: Rect(0, 0 - 621, 76); boundsInScreen: Rect(49, 560 - 670, 636); packageName: com.pekall.emdm.launcher; className: android.widget.EditText; text: null; contentDescription: null; viewIdResName: com.pekall.emdm.launcher:id/mdm_edit; checkable: false; checked: false; focusable: true; focused: true; selected: false; clickable: true; longClickable: true; enabled: true; password: true; scrollable: false; [ACTION_CLEAR_FOCUS, ACTION_SELECT, ACTION_CLEAR_SELECTION, ACTION_CLICK, ACTION_LONG_CLICK, ACTION_ACCESSIBILITY_FOCUS]]
05-22 10:29:41.760 I/QueryController(13074): Matched selector: UiSelector[TEXT=Login, CLASS=android.widget.Button] <<==>> [android.view.accessibility.AccessibilityNodeInfo@115bc; boundsInParent: Rect(0, 0 - 660, 96); boundsInScreen: Rect(30, 824 - 690, 920); packageName: com.pekall.emdm.launcher; className: android.widget.Button; text: Login; contentDescription: null; viewIdResName: com.pekall.emdm.launcher:id/ok_button; checkable: false; checked: false; focusable: true; focused: false; selected: false; clickable: true; longClickable: false; enabled: true; password: false; scrollable: false; [ACTION_FOCUS, ACTION_SELECT, ACTION_CLEAR_SELECTION, ACTION_CLICK, ACTION_ACCESSIBILITY_FOCUS, ACTION_NEXT_AT_MOVEMENT_GRANULARITY, ACTION_PREVIOUS_AT_MOVEMENT_GRANULARITY, ACTION_SET_SELECTION]]
05-22 10:29:41.760 D/InteractionController(13074): clickAndWaitForNewWindow(360, 872)
05-22 10:29:41.931 I/TransInfo(13146): TransInfo created, id: 9, class: class com.pekall.emdm.transaction.c.e
05-22 10:29:41.931 D/NetworkThread(13146): [null:-1]->----isRunning-----false
05-22 10:29:41.931 D/NetworkThread(13146): [null:-1]->----net work thread begin-----4912
05-22 10:29:41.939 D/NetworkThread(13146): [null:-1]->sendHttpGet: http://192.168.10.21/rest/mdm/v1/system/get_system_info?username=pekall
05-22 10:29:41.939 D/HttpClient(13146): enable apache.http debug
05-22 10:29:41.971 V/DEBUG   (13146): HTTP 0
05-22 10:29:42.072 D/MDM :   (13146): [null:-1]->statusCode : 200
05-22 10:29:42.072 D/MDM :   (13146): [null:-1]->statusCode : 200
05-22 10:29:42.072 V/DEBUG   (13146): HTTP 1
05-22 10:29:42.080 D/MDM :   (13146): [null:-1]->read network input stream
05-22 10:29:42.080 D/MDM :   (13146): [null:-1]->Get joson string: {"result":0,"systemInfo":{"comId":1,"serverVersion":"1.2","serverVersionCode":3}}
05-22 10:29:42.103 D/NetworkThread(13146): [null:-1]->clear mCurrentTransInfo
05-22 10:29:42.111 D/NetworkThread(13146): [null:-1]->queue is empty, thread wait...
05-22 10:29:42.221 D/MDM :   (13146): [null:-1]->handleMessage
05-22 10:29:42.275 I/TransInfo(13146): TransInfo created, id: 1, class: class com.pekall.emdm.transaction.c.f
05-22 10:29:42.283 D/NetworkThread(13146): [null:-1]->----isRunning-----true
05-22 10:29:42.283 D/NetworkThread(13146): [null:-1]->----isRunning-----true
05-22 10:29:42.283 D/NetworkThread(13146): [null:-1]->thread wakeup
05-22 10:29:42.283 D/NetworkThread(13146): [null:-1]->sendHttpPost:PostRequest, url: http://192.168.10.21/rest/mdm/v1/user/login_mdm, Params: [username:zhenhua.sang@pekall.com][password:123456][com_id:1], 
05-22 10:29:42.283 D/HttpClient(13146): enable apache.http debug
05-22 10:29:42.291 V/DEBUG   (13146): HTTP 0
05-22 10:29:42.431 D/MDM :   (13146): [null:-1]->statusCode : 200
05-22 10:29:42.431 D/MDM :   (13146): [null:-1]->statusCode : 200
05-22 10:29:42.431 V/DEBUG   (13146): HTTP 1
05-22 10:29:42.439 D/MDM :   (13146): [null:-1]->read network input stream
05-22 10:29:42.439 D/MDM :   (13146): [null:-1]->Get joson string: {"result":0,"userInfo":{"id":1134,"type":51302,"password":null,"status":51001,"roles":8,"comId":1,"isAdmin":0,"fullName":"","phone":"010-2222222","cellPhone":"12345678910","email":"zhenhua.sang@pekall.com","firstName":null,"lastName":null,"business":null,"im":null,"username":"zhenhua.sang@pekall.com","labelPath":null,"userKey":"uPVi3f5AIdavCrAT","token":"a84320df5c343a7a87ceb571d4b096a21134","deleted":0,"updateTime":1398231202000,"createTime":1397549312000,"directLabelId":0,"isInLabel":1,"setPwd":0,"labels":null,"encrpPwd":null,"deviceNo":0,"new":false}}
05-22 10:29:42.486 I/System.out(13146): [cjx]initUserSecret,keyLength:16,DEK:[1400725782496,1400984982496]
05-22 10:29:42.486 I/System.out(13146): [cjx]to generate user KEK now,keyLength:32,algorithm:Rijndael256
05-22 10:29:42.603 I/System.out(13146): [cjx]blockSize:32
05-22 10:29:42.603 I/System.out(13146): [cjx]iv:[112, 101, 107, 97, 108, 108, 50, 48, 49, 52, 97, 101, 115, 99, 106, 120, 112, 101, 107, 97, 108, 108, 50, 48, 49, 52, 97, 101, 115, 99, 106, 120]
05-22 10:29:42.611 I/System.out(13146): [cjx]secret:[-94, 35, 21, 34, 6, -61, -108, -46, 6, 56, -82, 111, 24, -59, 0, -21, 43, -46, -16, 27, -76, 52, 9, 117, -69, 64, 55, -122, -120, -69, -38, 9]
05-22 10:29:42.627 I/System.out(13146): [cjx]successfully store userID:[B@43bb3570
05-22 10:29:42.627 I/System.out(13146): [cjx]blockSize:32
05-22 10:29:42.627 I/System.out(13146): [cjx]iv:[112, 101, 107, 97, 108, 108, 50, 48, 49, 52, 97, 101, 115, 99, 106, 120, 112, 101, 107, 97, 108, 108, 50, 48, 49, 52, 97, 101, 115, 99, 106, 120]
05-22 10:29:42.627 I/System.out(13146): [cjx]secret:[-94, 35, 21, 34, 6, -61, -108, -46, 6, 56, -82, 111, 24, -59, 0, -21, 43, -46, -16, 27, -76, 52, 9, 117, -69, 64, 55, -122, -120, -69, -38, 9]
05-22 10:29:42.635 I/System.out(13146): [cjx]successfully store DEK.
05-22 10:29:42.635 D/NetworkThread(13146): [null:-1]->clear mCurrentTransInfo
05-22 10:29:42.635 D/NetworkThread(13146): [null:-1]->queue is empty, thread wait...
05-22 10:29:42.736 D/MDM :   (13146): [null:-1]->handleMessage
05-22 10:29:42.791 I/TransInfo(13146): TransInfo created, id: 8, class: class com.pekall.emdm.transaction.c.a
05-22 10:29:42.791 D/NetworkThread(13146): [null:-1]->----isRunning-----true
05-22 10:29:42.791 D/NetworkThread(13146): [null:-1]->----isRunning-----true
05-22 10:29:42.799 D/NetworkThread(13146): [null:-1]->thread wakeup
05-22 10:29:42.869 D/NetworkThread(13146): [null:-1]->sendHttpPost:PostRequest, url: http://192.168.10.21/rest/mdm/v1/device/check_device, Params: [mac:20:64:32:7a:19:48][imei:351554059027897][ios_uuid:00013fbc8ecec5b90000014621c34147][os:51201], 
05-22 10:29:42.869 D/HttpClient(13146): enable apache.http debug
05-22 10:29:42.877 V/DEBUG   (13146): HTTP 0
05-22 10:29:43.135 D/dalvikvm(13146): JIT unchain all for threadid=11
05-22 10:29:43.447 D/dalvikvm(13146): JIT unchain all for threadid=11
05-22 10:29:43.471 D/dalvikvm(13146): GC_CONCURRENT freed 7196K, 21% free 27945K/35180K, paused 267ms+264ms, total 586ms
05-22 10:29:43.471 D/dalvikvm(13146): WAIT_FOR_CONCURRENT_GC blocked 280ms
05-22 10:29:43.627 D/MDM :   (13146): [null:-1]->statusCode : 200
05-22 10:29:43.627 D/MDM :   (13146): [null:-1]->statusCode : 200
05-22 10:29:43.635 V/DEBUG   (13146): HTTP 1
05-22 10:29:43.635 D/MDM :   (13146): [null:-1]->read network input stream
05-22 10:29:43.642 D/MDM :   (13146): [null:-1]->Get joson string: {"result":0,"deviceInfo":{"language":null,"id":449,"type":50701,"productName":"yakju","status":50001,"mac":"20:64:32:7a:19:48","comId":1,"userId":1134,"os":51201,"updateTime":1400665997000,"deviceDetail":null,"createTime":1397813424000,"deviceUuid":"00013fbc8ecec5b9000001461e2e1682","sn":"","model":"Galaxy Nexus","iosUdid":"00013fbc8ecec5b9000001461e2e1682","lastCheckin":1400724312000,"securityInfo":"{\"HardwareEncryptionCaps\":0,\"PasscodePresent\":false,\"PasscodeCompliant\":false,\"PasscodeCompliantWithProfiles\":true}","imei":"351554059027897","labelNames":null,"mdmUserInfo":null,"connect":1,"dvId":10435,"isRoot":null,"isPrison":null,"groupCount":0,"new":false}}
05-22 10:29:43.681 D/NetworkThread(13146): [null:-1]->clear mCurrentTransInfo
05-22 10:29:43.681 D/NetworkThread(13146): [null:-1]->queue is empty, thread wait...
05-22 10:29:43.783 D/MDM :   (13146): [null:-1]->handleMessage
05-22 10:29:43.783 I/TransInfo(13146): TransInfo created, id: 2, class: class com.pekall.emdm.transaction.c.g
05-22 10:29:43.791 D/NetworkThread(13146): [null:-1]->----isRunning-----true
05-22 10:29:43.791 D/NetworkThread(13146): [null:-1]->----isRunning-----true
05-22 10:29:43.791 D/NetworkThread(13146): [null:-1]->thread wakeup
05-22 10:29:43.799 D/NetworkThread(13146): [null:-1]->sendHttpPost:PostRequest, url: http://192.168.10.21/rest/mdm/v1/device/register_device, Params: [device_uuid:00013fbc8ecec5b90000014621c34147][os:51201][device_type:50701][dv_id:10435][sn:][mac:20:64:32:7a:19:48][imei:351554059027897], 
05-22 10:29:43.799 D/HttpClient(13146): enable apache.http debug
05-22 10:29:43.806 V/DEBUG   (13146): HTTP 0
05-22 10:29:43.916 D/dalvikvm(13074): GC_CONCURRENT freed 392K, 91% free 644K/7112K, paused 1ms+1ms, total 6ms
05-22 10:29:44.580 D/dalvikvm(13074): GC_CONCURRENT freed 386K, 91% free 646K/7112K, paused 2ms+0ms, total 7ms
05-22 10:29:44.752 D/dalvikvm(13074): GC_CONCURRENT freed 390K, 91% free 647K/7112K, paused 1ms+1ms, total 7ms
05-22 10:29:44.924 D/dalvikvm(13074): GC_CONCURRENT freed 395K, 91% free 642K/7112K, paused 0ms+1ms, total 7ms
05-22 10:29:45.096 D/dalvikvm(13074): GC_CONCURRENT freed 387K, 91% free 646K/7112K, paused 1ms+1ms, total 6ms
05-22 10:29:45.267 D/dalvikvm(13074): GC_CONCURRENT freed 391K, 91% free 646K/7112K, paused 2ms+1ms, total 6ms
05-22 10:29:45.431 D/dalvikvm(13074): GC_CONCURRENT freed 391K, 91% free 646K/7112K, paused 2ms+0ms, total 7ms
05-22 10:29:45.588 D/dalvikvm(13074): GC_CONCURRENT freed 391K, 91% free 646K/7112K, paused 2ms+0ms, total 7ms
05-22 10:29:45.744 D/dalvikvm(13074): GC_CONCURRENT freed 391K, 91% free 646K/7112K, paused 2ms+1ms, total 6ms
05-22 10:29:45.916 D/dalvikvm(13074): GC_CONCURRENT freed 391K, 91% free 646K/7112K, paused 1ms+1ms, total 6ms
05-22 10:29:46.072 D/dalvikvm(13074): GC_CONCURRENT freed 391K, 91% free 646K/7112K, paused 2ms+1ms, total 7ms
05-22 10:29:46.244 D/dalvikvm(13074): GC_CONCURRENT freed 391K, 91% free 646K/7112K, paused 1ms+1ms, total 7ms
05-22 10:29:46.400 D/dalvikvm(13074): GC_CONCURRENT freed 391K, 91% free 646K/7112K, paused 1ms+1ms, total 6ms
05-22 10:29:46.564 D/dalvikvm(13074): GC_CONCURRENT freed 395K, 91% free 641K/7112K, paused 1ms+1ms, total 6ms
05-22 10:29:46.721 D/dalvikvm(13074): GC_CONCURRENT freed 387K, 91% free 646K/7112K, paused 2ms+0ms, total 7ms
05-22 10:29:46.869 D/dalvikvm(13074): GC_CONCURRENT freed 390K, 91% free 647K/7112K, paused 0ms+0ms, total 5ms
05-22 10:29:47.025 D/dalvikvm(13074): GC_CONCURRENT freed 391K, 91% free 648K/7112K, paused 1ms+1ms, total 6ms
05-22 10:29:47.174 D/dalvikvm(13074): GC_CONCURRENT freed 392K, 91% free 646K/7112K, paused 1ms+0ms, total 6ms
05-22 10:29:47.322 D/dalvikvm(13074): GC_CONCURRENT freed 391K, 91% free 646K/7112K, paused 2ms+0ms, total 7ms
05-22 10:29:47.447 D/dalvikvm(13074): GC_CONCURRENT freed 391K, 91% free 646K/7112K, paused 1ms+0ms, total 6ms
05-22 10:29:47.580 D/dalvikvm(13074): GC_CONCURRENT freed 391K, 91% free 646K/7112K, paused 2ms+1ms, total 7ms
05-22 10:29:47.728 D/dalvikvm(13074): GC_CONCURRENT freed 395K, 91% free 641K/7112K, paused 0ms+0ms, total 5ms
05-22 10:29:47.869 D/dalvikvm(13074): GC_CONCURRENT freed 391K, 91% free 641K/7112K, paused 1ms+0ms, total 6ms
05-22 10:29:48.002 D/dalvikvm(13074): GC_CONCURRENT freed 387K, 91% free 646K/7112K, paused 1ms+0ms, total 6ms
05-22 10:29:48.135 D/dalvikvm(13074): GC_CONCURRENT freed 391K, 91% free 646K/7112K, paused 2ms+1ms, total 6ms
05-22 10:29:48.260 D/dalvikvm(13074): GC_CONCURRENT freed 391K, 91% free 646K/7112K, paused 1ms+1ms, total 7ms
05-22 10:29:48.400 D/dalvikvm(13074): GC_CONCURRENT freed 391K, 91% free 646K/7112K, paused 1ms+0ms, total 7ms
05-22 10:29:48.556 D/dalvikvm(13074): GC_CONCURRENT freed 391K, 91% free 647K/7112K, paused 0ms+1ms, total 5ms
05-22 10:29:48.681 D/dalvikvm(13074): GC_CONCURRENT freed 392K, 91% free 646K/7112K, paused 2ms+1ms, total 7ms
05-22 10:29:48.814 D/dalvikvm(13074): GC_CONCURRENT freed 391K, 91% free 646K/7112K, paused 1ms+0ms, total 6ms
05-22 10:29:48.947 D/dalvikvm(13074): GC_CONCURRENT freed 395K, 91% free 641K/7112K, paused 0ms+1ms, total 5ms
05-22 10:29:49.072 D/dalvikvm(13074): GC_CONCURRENT freed 387K, 91% free 646K/7112K, paused 1ms+0ms, total 6ms
05-22 10:29:49.213 D/dalvikvm(13074): GC_CONCURRENT freed 391K, 91% free 646K/7112K, paused 1ms+1ms, total 7ms
05-22 10:29:49.346 D/dalvikvm(13074): GC_CONCURRENT freed 390K, 91% free 647K/7112K, paused 1ms+1ms, total 7ms
05-22 10:29:49.486 D/dalvikvm(13074): GC_CONCURRENT freed 392K, 91% free 647K/7112K, paused 2ms+1ms, total 8ms
05-22 10:29:49.635 D/dalvikvm(13074): GC_CONCURRENT freed 395K, 91% free 642K/7112K, paused 1ms+1ms, total 6ms
05-22 10:29:49.775 D/dalvikvm(13074): GC_CONCURRENT freed 387K, 91% free 646K/7112K, paused 1ms+1ms, total 6ms
05-22 10:29:49.908 D/dalvikvm(13074): GC_CONCURRENT freed 391K, 91% free 647K/7112K, paused 1ms+0ms, total 7ms
05-22 10:29:50.041 D/dalvikvm(13074): GC_CONCURRENT freed 391K, 91% free 646K/7112K, paused 2ms+1ms, total 6ms
05-22 10:29:50.174 D/dalvikvm(13074): GC_CONCURRENT freed 391K, 91% free 646K/7112K, paused 2ms+0ms, total 6ms
05-22 10:29:50.306 D/dalvikvm(13074): GC_CONCURRENT freed 391K, 91% free 646K/7112K, paused 2ms+1ms, total 6ms
05-22 10:29:50.353 D/MDM :   (13146): [null:-1]->statusCode : 200
05-22 10:29:50.353 D/MDM :   (13146): [null:-1]->statusCode : 200
05-22 10:29:50.361 V/DEBUG   (13146): HTTP 1
05-22 10:29:50.361 D/MDM :   (13146): [null:-1]->read network input stream
05-22 10:29:50.369 D/MDM :   (13146): [null:-1]->Get joson string: {"result":0,"loginInfo":{"mdmPushServerInfoVo":{"id":0,"port":9090,"count":123,"ip":"test.mdm.everknow.cn","pushToken":"123456"},"profileUrl":null}}
05-22 10:29:50.424 W/Parcel  ( 1661): Attempt to read object from Parcel 0x6003bdac at offset 200 that is not in the object list
05-22 10:29:50.424 D/NetworkThread(13146): [null:-1]->clear mCurrentTransInfo
05-22 10:29:50.424 D/NetworkThread(13146): [null:-1]->queue is empty, thread wait...
05-22 10:29:50.431 D/MdmService(13146): [null:-1]->receiver action :com.pekall.mdm.action.MDM_REGISTERED
05-22 10:29:50.431 D/MdmService(13146): [null:-1]->correctAlarm
05-22 10:29:50.439 I/TransInfo(13146): TransInfo created, id: 5, class: class com.pekall.emdm.transaction.c.j
05-22 10:29:50.447 D/NetworkThread(13146): [null:-1]->----isRunning-----true
05-22 10:29:50.447 D/NetworkThread(13146): [null:-1]->----isRunning-----true
05-22 10:29:50.447 D/NetworkThread(13146): [null:-1]->thread wakeup
05-22 10:29:50.447 D/NetworkThread(13146): [null:-1]->sendHttpGet: http://192.168.10.21/rest/mdm/v1/device/trigger_cmd?device_uuid=00013fbc8ecec5b90000014621c34147&cmd_types=10103
05-22 10:29:50.447 D/HttpClient(13146): enable apache.http debug
05-22 10:29:50.447 D/MdmService(13146): [null:-1]->keepAliveWithPushServer  client is null 
05-22 10:29:50.455 V/DEBUG   (13146): HTTP 0
05-22 10:29:50.463 D/MdmService(13146): [null:-1]->pushUrl : ws://test.mdm.everknow.cn:9090/websocket
05-22 10:29:50.471 D/MDM :   (13146): [null:-1]->mMdmPushClient is :null
05-22 10:29:50.471 D/MDM :   (13146): [null:-1]->mMdmPushClient opened :not opened
05-22 10:29:50.471 D/MDM :   (13146): [null:-1]->mMdmPushClient connect
05-22 10:29:50.478 D/MdmStatusManager(13146): [null:-1]->change status to : Busy
05-22 10:29:50.478 W/SQLiteOpenHelper(13146): Opened /data/data/com.pekall.emdm.launcher/databases/pekall_mdm.db
05-22 10:29:50.541 I/TransInfo(13146): TransInfo created, id: 3, class: class com.pekall.emdm.transaction.c.b
05-22 10:29:50.541 D/NetworkThread(13146): [null:-1]->----isRunning-----true
05-22 10:29:50.541 I/TransInfo(13146): TransInfo created, id: 9, class: class com.pekall.emdm.transaction.c.c
05-22 10:29:50.549 D/MdmService(13146): [null:-1]->keepAliveWithPushServer client is opened:false
05-22 10:29:50.549 D/MdmService(13146): [null:-1]->pushUrl : ws://test.mdm.everknow.cn:9090/websocket
05-22 10:29:50.549 D/MDM :   (13146): [null:-1]->mMdmPushClient is :not null
05-22 10:29:50.549 D/MDM :   (13146): [null:-1]->mMdmPushClient opened :not opened
05-22 10:29:50.549 D/MDM :   (13146): [null:-1]->mMdmPushClient connect
05-22 10:29:50.549 D/MdmService(13146): [null:-1]->MdmStatusManager is busy , wait......
05-22 10:29:50.549 I/TransInfo(13146): TransInfo created, id: 9, class: class com.pekall.emdm.transaction.c.c
05-22 10:29:50.564 D/MDM :   (13146): [null:-1]->handleMessage
05-22 10:29:50.588 W/Parcel  ( 1661): Attempt to read object from Parcel 0x5ef3bdac at offset 200 that is not in the object list
05-22 10:29:50.588 I/ActivityManager(  374): START u0 {flg=0x8000 cmp=com.pekall.emdm.launcher/.Launcher} from pid 13146
05-22 10:29:50.650 D/MDM :   (13146): [null:-1]->statusCode : 200
05-22 10:29:50.650 D/MDM :   (13146): [null:-1]->statusCode : 200
05-22 10:29:50.650 V/DEBUG   (13146): HTTP 1
05-22 10:29:50.650 D/MDM :   (13146): [null:-1]->read network input stream
05-22 10:29:50.658 D/MDM :   (13146): [null:-1]->Get joson string: {"result":0}
05-22 10:29:50.666 D/NetworkThread(13146): [null:-1]->clear mCurrentTransInfo
05-22 10:29:50.674 D/NetworkThread(13146): [null:-1]->sendHttpPost:PostRequest, url: http://192.168.10.21/rest/mdm/v1/ios/android_server, Params: [content:<?xml version="1.0" encoding="UTF-8"?>
05-22 10:29:50.674 D/NetworkThread(13146): <!DOCTYPE plist PUBLIC "-//Apple//DTD PLIST 1.0//EN" "http://www.apple.com/DTDs/PropertyList-1.0.dtd">
05-22 10:29:50.674 D/NetworkThread(13146): <plist version="1.0">
05-22 10:29:50.674 D/NetworkThread(13146): <dict>
05-22 10:29:50.674 D/NetworkThread(13146): 	<key>Status</key>
05-22 10:29:50.674 D/NetworkThread(13146): 	<string>Idle</string>
05-22 10:29:50.674 D/NetworkThread(13146): 	<key>UDID</key>
05-22 10:29:50.674 D/NetworkThread(13146): 	<string>00013fbc8ecec5b90000014621c34147</string>
05-22 10:29:50.674 D/NetworkThread(13146): </dict>
05-22 10:29:50.674 D/NetworkThread(13146): </plist>], 
05-22 10:29:50.674 D/HttpClient(13146): enable apache.http debug
05-22 10:29:50.689 V/DEBUG   (13146): HTTP 0
05-22 10:29:50.721 D/dalvikvm(  374): GC_FOR_ALLOC freed 1705K, 20% free 24312K/30132K, paused 86ms, total 88ms
05-22 10:29:50.736 W/WindowManager(  374): Token{42a21eb8 ActivityRecord{42547938 u0 com.pekall.emdm.launcher/.Launcher}} failed creating starting window
05-22 10:29:50.736 W/WindowManager(  374): android.view.InflateException: Binary XML file line #34: Error inflating class <unknown>
05-22 10:29:50.736 W/WindowManager(  374): 	at android.view.LayoutInflater.createView(LayoutInflater.java:620)
05-22 10:29:50.736 W/WindowManager(  374): 	at com.android.internal.policy.impl.PhoneLayoutInflater.onCreateView(PhoneLayoutInflater.java:56)
05-22 10:29:50.736 W/WindowManager(  374): 	at android.view.LayoutInflater.onCreateView(LayoutInflater.java:669)
05-22 10:29:50.736 W/WindowManager(  374): 	at android.view.LayoutInflater.createViewFromTag(LayoutInflater.java:694)
05-22 10:29:50.736 W/WindowManager(  374): 	at android.view.LayoutInflater.rInflate(LayoutInflater.java:755)
05-22 10:29:50.736 W/WindowManager(  374): 	at android.view.LayoutInflater.inflate(LayoutInflater.java:492)
05-22 10:29:50.736 W/WindowManager(  374): 	at android.view.LayoutInflater.inflate(LayoutInflater.java:397)
05-22 10:29:50.736 W/WindowManager(  374): 	at android.view.LayoutInflater.inflate(LayoutInflater.java:353)
05-22 10:29:50.736 W/WindowManager(  374): 	at com.android.internal.policy.impl.PhoneWindow.generateLayout(PhoneWindow.java:2823)
05-22 10:29:50.736 W/WindowManager(  374): 	at com.android.internal.policy.impl.PhoneWindow.installDecor(PhoneWindow.java:2886)
05-22 10:29:50.736 W/WindowManager(  374): 	at com.android.internal.policy.impl.PhoneWindow.getDecorView(PhoneWindow.java:1581)
05-22 10:29:50.736 W/WindowManager(  374): 	at com.android.internal.policy.impl.PhoneWindowManager.addStartingWindow(PhoneWindowManager.java:1618)
05-22 10:29:50.736 W/WindowManager(  374): 	at com.android.server.wm.WindowManagerService$H.handleMessage(WindowManagerService.java:6908)
05-22 10:29:50.736 W/WindowManager(  374): 	at android.os.Handler.dispatchMessage(Handler.java:99)
05-22 10:29:50.736 W/WindowManager(  374): 	at android.os.Looper.loop(Looper.java:137)
05-22 10:29:50.736 W/WindowManager(  374): 	at android.os.HandlerThread.run(HandlerThread.java:61)
05-22 10:29:50.736 W/WindowManager(  374): Caused by: java.lang.reflect.InvocationTargetException
05-22 10:29:50.736 W/WindowManager(  374): 	at java.lang.reflect.Constructor.constructNative(Native Method)
05-22 10:29:50.736 W/WindowManager(  374): 	at java.lang.reflect.Constructor.newInstance(Constructor.java:417)
05-22 10:29:50.736 W/WindowManager(  374): 	at android.view.LayoutInflater.createView(LayoutInflater.java:594)
05-22 10:29:50.736 W/WindowManager(  374): 	... 15 more
05-22 10:29:50.736 W/WindowManager(  374): Caused by: android.content.res.Resources$NotFoundException: Resource is not a Drawable (color or path): TypedValue{t=0x2/d=0x1010059 a=-1}
05-22 10:29:50.736 W/WindowManager(  374): 	at android.content.res.Resources.loadDrawable(Resources.java:2063)
05-22 10:29:50.736 W/WindowManager(  374): 	at android.content.res.TypedArray.getDrawable(TypedArray.java:601)
05-22 10:29:50.736 W/WindowManager(  374): 	at android.widget.FrameLayout.<init>(FrameLayout.java:109)
05-22 10:29:50.736 W/WindowManager(  374): 	at android.widget.FrameLayout.<init>(FrameLayout.java:97)
05-22 10:29:50.736 W/WindowManager(  374): 	... 18 more
05-22 10:29:50.752 D/ProfileManager(13146): [null:-1]->check policy checking :false
05-22 10:29:50.752 D/ProfileManager(13146): [null:-1]->check policy checking :true
05-22 10:29:50.752 D/MDM :   (13146): [null:-1]->MSG_WEBSOCKET_OPEN
05-22 10:29:50.752 E/QueryController(13074): Got null root node from accessibility - Retrying...
05-22 10:29:50.752 D/MDM :   (13146): [null:-1]->MSG_WEBSOCKET_OPEN
05-22 10:29:50.760 D/LauncherApplication(13146): [null:-1]->onActivityPaused
05-22 10:29:50.775 D/HomeLoaders(13146): aborting loaders
05-22 10:29:51.002 E/QueryController(13074): Got null root node from accessibility - Retrying...
05-22 10:29:51.025 D/dalvikvm(13146): JIT unchain all for threadid=11
05-22 10:29:51.049 D/MDM :   (13146): [null:-1]->statusCode : 200
05-22 10:29:51.056 D/MDM :   (13146): [null:-1]->statusCode : 200
05-22 10:29:51.056 V/DEBUG   (13146): HTTP 1
05-22 10:29:51.072 D/PushMessageManager(13146): [null:-1]->add sent message : {"params":{"device":"00013fbc8ecec5b90000014621c34147","token":"123456"},"id":0,"command":0,"reason":0,"result":0,"type":0}
05-22 10:29:51.119 D/MDM :   (13146): [null:-1]->read network input stream
05-22 10:29:51.119 D/MDM :   (13146): [null:-1]->read network input stream
05-22 10:29:51.119 D/MDM :   (13146): [null:-1]->Get joson string: <?xml version="1.0" encoding="UTF-8"?>
05-22 10:29:51.119 D/MDM :   (13146): <!DOCTYPE plist PUBLIC "-//Apple//DTD PLIST 1.0//EN" "http://www.apple.com/DTDs/PropertyList-1.0.dtd">
05-22 10:29:51.119 D/MDM :   (13146): <plist version="1.0">
05-22 10:29:51.119 D/MDM :   (13146): <dict>
05-22 10:29:51.119 D/MDM :   (13146): 	<key>CommandUUID</key>
05-22 10:29:51.119 D/MDM :   (13146): 	<string>25c6cf17-4cab-43be-943b-38073fa4498e</string>
05-22 10:29:51.119 D/MDM :   (13146): 	<key>Command</key>
05-22 10:29:51.119 D/MDM :   (13146): 	<dict>
05-22 10:29:51.119 D/MDM :   (13146): 		<key>Queries</key>
05-22 10:29:51.119 D/MDM :   (13146): 		<array>
05-22 10:29:51.119 D/MDM :   (13146): 			<string>UDID</string>
05-22 10:29:51.119 D/MDM :   (13146): 			<string>DeviceName</string>
05-22 10:29:51.119 D/MDM :   (13146): 			<string>OSVersion</string>
05-22 10:29:51.119 D/MDM :   (13146): 			<string>BuildVersion</string>
05-22 10:29:51.119 D/MDM :   (13146): 			<string>ModelName</string>
05-22 10:29:51.119 D/MDM :   (13146): 			<string>Model</string>
05-22 10:29:51.119 D/MDM :   (13146): 			<string>ProductName</string>
05-22 10:29:51.119 D/MDM :   (13146): 			<string>SerialNumber</string>
05-22 10:29:51.119 D/MDM :   (13146): 			<string>DeviceCapacity</string>
05-22 10:29:51.119 D/MDM :   (13146): 			<string>AvailableDeviceCapacity</string>
05-22 10:29:51.119 D/MDM :   (13146): 			<string>BatteryLevel</string>
05-22 10:29:51.119 D/MDM :   (13146): 			<string>CellularTechnology</string>
05-22 10:29:51.119 D/MDM :   (13146): 			<string>IMEI</string>
05-22 10:29:51.119 D/MDM :   (13146): 			<string>MEID</string>
05-22 10:29:51.119 D/MDM :   (13146): 			<string>ModemFirmwareVersion</string>
05-22 10:29:51.119 D/MDM :   (13146): 			<string>ICCID</string>
05-22 10:29:51.119 D/MDM :   (13146): 			<string>BluetoothMAC</string>
05-22 10:29:51.119 D/MDM :   (13146): 			<string>WiFiMAC</string>
05-22 10:29:51.119 D/MDM :   (13146): 			<string>EthernetMAC</string>
05-22 10:29:51.119 D/MDM :   (13146): 			<string>CurrentCarrierNetwork</string>
05-22 10:29:51.119 D/MDM :   (13146): 			<string>SIMCarrierNetwork</string>
05-22 10:29:51.119 D/MDM :   (13146): 			<string>SubscriberCarrierNetwork</string>
05-22 10:29:51.119 D/MDM :   (13146): 			<string>CarrierSettingsVersion</string>
05-22 10:29:51.119 D/MDM :   (13146): 			<string>PhoneNumber</string>
05-22 10:29:51.119 D/MDM :   (13146): 			<string>VoiceRoamingEnabled</string>
05-22 10:29:51.119 D/MDM :   (13146): 			<string>DataRoamingEnabled</string>
05-22 10:29:51.119 D/MDM :   (13146): 			<string>IsRoaming</string>
05-22 10:29:51.119 D/MDM :   (13146): 			<string>SubscriberMCC</string>
05-22 10:29:51.119 D/MDM :   (13146): 			<string>SubscriberMNC</string>
05-22 10:29:51.119 D/MDM :   (13146): 			<string>SIMMCC</string>
05-22 10:29:51.119 D/MDM :   (13146): 			<string>SIMMNC</string>
05-22 10:29:51.119 D/MDM :   (13146): 			<string>CurrentMCC</string>
05-22 10:29:51.119 D/MDM :   (13146): 			<string>CurrentMNC</string>
05-22 10:29:51.119 D/MDM :   (13146): 		</array>
05-22 10:29:51.119 D/MDM :   (13146): 		<key>RequestType</key>
05-22 10:29:51.119 D/MDM :   (13146): 		<string>DeviceInformation</string>
05-22 10:29:51.119 D/MDM :   (13146): 	</dict>
05-22 10:29:51.119 D/MDM :   (13146): </dict>
05-22 10:29:51.119 D/MDM :   (13146): </plist>
05-22 10:29:51.127 D/PushMessageManager(13146): [null:-1]->add sent message : {"params":{"device":"00013fbc8ecec5b90000014621c34147","token":"123456"},"id":0,"command":0,"reason":0,"result":0,"type":0}
05-22 10:29:51.252 E/QueryController(13074): Got null root node from accessibility - Retrying...
05-22 10:29:51.385 D/dalvikvm(13146): JIT unchain all for threadid=11
05-22 10:29:51.463 D/dalvikvm(13146): GC_EXPLICIT freed 10504K, 34% free 23352K/35180K, paused 264ms+264ms, total 687ms
05-22 10:29:51.471 D/CheckInTransInfo(13146): [null:-1]->CommandMsg : CommandMsg{CommandUUID='25c6cf17-4cab-43be-943b-38073fa4498e', Command=CommandObject{RequestType='DeviceInformation'}}
05-22 10:29:51.502 E/QueryController(13074): Cannot proceed when root node is null. Aborted search
05-22 10:29:51.502 E/QueryController(13074): Got null root node from accessibility - Retrying...
05-22 10:29:51.517 D/NetworkThread(13146): [null:-1]->clear mCurrentTransInfo
05-22 10:29:51.525 D/NetworkThread(13146): [null:-1]->sendHttpPost:PostRequest, url: http://192.168.10.21/rest/mdm/v1/system/check_mdm_app, Params: [version:71][os:51201][pkg_name:com.pekall.emdm.launcher], 
05-22 10:29:51.525 D/HttpClient(13146): enable apache.http debug
05-22 10:29:51.533 V/DEBUG   (13146): HTTP 0
05-22 10:29:51.556 D/MDM :   (13146): [null:-1]->width 104
05-22 10:29:51.556 D/MDM :   (13146): [null:-1]->height 104
05-22 10:29:51.556 D/MDM :   (13146): [null:-1]->scale 0.5
05-22 10:29:51.564 D/MDM :   (13146): [null:-1]->tint false
05-22 10:29:51.564 D/MDM :   (13146): [null:-1]->width 104
05-22 10:29:51.564 D/MDM :   (13146): [null:-1]->height 104
05-22 10:29:51.564 D/MDM :   (13146): [null:-1]->scale 0.5
05-22 10:29:51.564 D/MDM :   (13146): [null:-1]->tint false
05-22 10:29:51.572 D/MDM :   (13146): [null:-1]->icon instanceof BitmapDrawable
05-22 10:29:51.572 D/MDM :   (13146): [null:-1]->  iconWidth 87
05-22 10:29:51.572 D/MDM :   (13146): [null:-1]->  iconHeight 87
05-22 10:29:51.572 D/MDM :   (13146): [null:-1]->  107 87
05-22 10:29:51.572 D/MDM :   (13146): [null:-1]->width 104
05-22 10:29:51.572 D/MDM :   (13146): [null:-1]->height 104
05-22 10:29:51.572 D/MDM :   (13146): [null:-1]->scale 1.0
05-22 10:29:51.572 D/MDM :   (13146): [null:-1]->tint false
05-22 10:29:51.572 D/MDM :   (13146): [null:-1]->width 104
05-22 10:29:51.580 D/MDM :   (13146): [null:-1]->height 104
05-22 10:29:51.580 D/MDM :   (13146): [null:-1]->scale 1.0
05-22 10:29:51.580 D/MDM :   (13146): [null:-1]->tint false
05-22 10:29:51.588 D/MDM :   (13146): [null:-1]->icon instanceof BitmapDrawable
05-22 10:29:51.588 D/MDM :   (13146): [null:-1]->  iconWidth 87
05-22 10:29:51.596 D/MDM :   (13146): [null:-1]->  iconHeight 87
05-22 10:29:51.596 D/MDM :   (13146): [null:-1]->  107 87
05-22 10:29:51.596 D/MDM :   (13146): [null:-1]->width 104
05-22 10:29:51.596 D/MDM :   (13146): [null:-1]->height 104
05-22 10:29:51.596 D/MDM :   (13146): [null:-1]->scale 1.0
05-22 10:29:51.603 D/MDM :   (13146): [null:-1]->tint false
05-22 10:29:51.603 D/MDM :   (13146): [null:-1]->width 104
05-22 10:29:51.603 D/MDM :   (13146): [null:-1]->height 104
05-22 10:29:51.603 D/MDM :   (13146): [null:-1]->scale 1.0
05-22 10:29:51.603 D/MDM :   (13146): [null:-1]->tint false
05-22 10:29:51.603 D/MDM :   (13146): [null:-1]->icon instanceof BitmapDrawable
05-22 10:29:51.611 D/MDM :   (13146): [null:-1]->  iconWidth 87
05-22 10:29:51.611 D/MDM :   (13146): [null:-1]->  iconHeight 87
05-22 10:29:51.611 D/MDM :   (13146): [null:-1]->  107 87
05-22 10:29:51.619 D/MDM :   (13146): [null:-1]->width 104
05-22 10:29:51.619 D/MDM :   (13146): [null:-1]->height 104
05-22 10:29:51.619 D/MDM :   (13146): [null:-1]->scale 1.0
05-22 10:29:51.619 D/MDM :   (13146): [null:-1]->tint false
05-22 10:29:51.752 E/QueryController(13074): Got null root node from accessibility - Retrying...
05-22 10:29:51.869 D/dalvikvm(13146): JIT unchain all for threadid=11
05-22 10:29:51.916 D/dalvikvm(13146): GC_FOR_ALLOC freed 4764K, 43% free 20135K/35180K, paused 292ms, total 296ms
05-22 10:29:52.002 E/QueryController(13074): Got null root node from accessibility - Retrying...
05-22 10:29:52.049 D/MDM :   (13146): [null:-1]->statusCode : 200
05-22 10:29:52.049 D/MDM :   (13146): [null:-1]->statusCode : 200
05-22 10:29:52.049 V/DEBUG   (13146): HTTP 1
05-22 10:29:52.049 D/MDM :   (13146): [null:-1]->read network input stream
05-22 10:29:52.049 D/MDM :   (13146): [null:-1]->Get joson string: {"result":0,"mdmClientInfos":{"id":25,"type":51107,"url":"https://test.mdm.everknow.cn/resources/api/v1/download/guest?uuid=90fba0b1714048a35d1cb81ebc63","pkgName":"com.pekall.emdm.launcher","platform":51201,"comId":1,"appVersionCode":72,"appVersionName":"BYOD_2.1.0424","appAuthor":null,"appIcon":null,"appName":"Pekall enterprise mobile office","appSize":null,"minSdk":null,"updateTime":1398754856000,"forceUpdate":0,"updateInfo":null,"new":false}}
05-22 10:29:52.072 D/NetworkThread(13146): [null:-1]->clear mCurrentTransInfo
05-22 10:29:52.072 V/Launcher(13146): isLauncherDf = true
05-22 10:29:52.072 D/NetworkThread(13146): [null:-1]->queue is empty, thread wait...
05-22 10:29:52.072 V/Launcher(13146): isPhoneDf = true
05-22 10:29:52.072 D/        (13146): [---null: -1---]  ScreenWidth  720
05-22 10:29:52.072 D/        (13146): [---null: -1---]  ScreenHeight  1184
05-22 10:29:52.080 D/HomeLoaders(13146): load applications
05-22 10:29:52.080 D/HomeLoaders(13146):   --> applications loaded, return
05-22 10:29:52.080 D/HomeLoaders(13146): loading user items in Thread[main,5,main]
05-22 10:29:52.080 D/HomeLoaders(13146):   --> items loaded, return
05-22 10:29:52.080 D/HomeLoaders(13146):   --> loading from cache: 11, 0
05-22 10:29:52.080 D/Launcher(13146): ------> binding 11 items
05-22 10:29:52.080 D/Launcher(13146): ------> binding 0 widgets
05-22 10:29:52.080 D/Launcher(13146): ------> start binding items
05-22 10:29:52.088 W/Parcel  ( 1661): Attempt to read object from Parcel 0x5ec3bdac at offset 200 that is not in the object list
05-22 10:29:52.088 W/Parcel  ( 1661): Attempt to read object from Parcel 0x5dfd3dac at offset 200 that is not in the object list
05-22 10:29:52.088 D/Email   (13146): Email: init sandbox at the beginning.
05-22 10:29:52.088 V/l       (13146): Bind requested for task setLogging
05-22 10:29:52.103 W/SQLiteOpenHelper(13146): Opened /data/data/com.pekall.emdm.launcher/databases/sandbox.db
05-22 10:29:52.127 I/Email   (13146): Notifications being toggled: false
05-22 10:29:52.127 W/ActivityManager(  374): Unable to start service Intent { cmp=com.pekall.emdm.launcher/com.pekall.semail.service.AttachmentDownloadService } U=0: not found
05-22 10:29:52.150 W/Parcel  ( 1661): Attempt to read object from Parcel 0x5ded3dac at offset 200 that is not in the object list
05-22 10:29:52.150 W/Parcel  ( 1661): Attempt to read object from Parcel 0x6013bdac at offset 200 that is not in the object list
05-22 10:29:52.260 E/QueryController(13074): Cannot proceed when root node is null. Aborted search
05-22 10:29:52.260 E/QueryController(13074): Got null root node from accessibility - Retrying...
05-22 10:29:52.400 D/dalvikvm(13146): JIT unchain all for threadid=11
05-22 10:29:52.424 V/LauncherApplication(13146): onActivityStarted
05-22 10:29:52.424 D/        (13146): [---null: -1---]     awsa  onActivityResumed
05-22 10:29:52.424 V/LauncherApplication(13146): 2MdmConstant.LAST_LAUNCH_TIME = 1400725750474
05-22 10:29:52.439 D/        (13146): [---null: -1---]  activity = com.pekall.emdm.launcher.Launcher
05-22 10:29:52.439 V/DefultSetContriller(13146): isLauncherDf = com.pekall.emdm.launcher
