05-22 10:29:52.439 V/DefultSetContriller(13146): isLauncherDf = com.pekall.emdm.launcher
05-22 10:29:52.447 V/DefultSetContriller(13146): isPhoneDf = com.pekall.emdm.launcher
05-22 10:29:52.447 E/LauncherApplication(13146): isShowLogoutUI = true
05-22 10:29:52.447 E/LauncherApplication(13146): LogoutShowTime 1
05-22 10:29:52.447 V/Launcher(13146): onResume1111111 
05-22 10:29:52.447 V/Launcher(13146): is login ----> 
05-22 10:29:52.455 I/System.out(13146):  
05-22 10:29:52.455 I/System.out(13146): com.pekall.emdm.launcher.Workspace.setWallpaper(Unknown Source)
05-22 10:29:52.455 I/System.out(13146): com.pekall.emdm.launcher.Launcher.onResume(Unknown Source)
05-22 10:29:52.455 I/System.out(13146): android.app.Instrumentation.callActivityOnResume(Instrumentation.java:1192)
05-22 10:29:52.455 I/System.out(13146): android.app.Activity.performResume(Activity.java:5211)
05-22 10:29:52.455 I/System.out(13146): android.app.ActivityThread.performResumeActivity(ActivityThread.java:2780)
05-22 10:29:52.455 I/System.out(13146): android.app.ActivityThread.handleResumeActivity(ActivityThread.java:2819)
05-22 10:29:52.455 I/System.out(13146): android.app.ActivityThread.handleLaunchActivity(ActivityThread.java:2266)
05-22 10:29:52.455 I/System.out(13146): android.app.ActivityThread.access$600(ActivityThread.java:141)
05-22 10:29:52.455 I/System.out(13146): android.app.ActivityThread$H.handleMessage(ActivityThread.java:1256)
05-22 10:29:52.455 I/System.out(13146): android.os.Handler.dispatchMessage(Handler.java:99)
05-22 10:29:52.455 I/System.out(13146): android.os.Looper.loop(Looper.java:137)
05-22 10:29:52.455 I/System.out(13146): android.app.ActivityThread.main(ActivityThread.java:5103)
05-22 10:29:52.455 I/System.out(13146): java.lang.reflect.Method.invokeNative(Native Method)
05-22 10:29:52.455 I/System.out(13146): java.lang.reflect.Method.invoke(Method.java:525)
05-22 10:29:52.455 I/System.out(13146): com.android.internal.os.ZygoteInit$MethodAndArgsCaller.run(ZygoteInit.java:737)
05-22 10:29:52.455 I/System.out(13146): com.android.internal.os.ZygoteInit.main(ZygoteInit.java:553)
05-22 10:29:52.455 I/System.out(13146): dalvik.system.NativeStart.main(Native Method)
05-22 10:29:52.510 E/QueryController(13074): Got null root node from accessibility - Retrying...
05-22 10:29:52.721 D/dalvikvm(13146): JIT unchain all for threadid=11
05-22 10:29:52.736 D/dalvikvm(13146): GC_CONCURRENT freed 3701K, 43% free 20119K/35180K, paused 261ms+259ms, total 583ms
05-22 10:29:52.736 D/dalvikvm(13146): WAIT_FOR_CONCURRENT_GC blocked 277ms
05-22 10:29:52.760 E/QueryController(13074): Got null root node from accessibility - Retrying...
05-22 10:29:52.846 D/MDM :   (13146): [null:-1]->MSG_WEBSOCKET_MESSAGE : {"id":0,"type":1,"command":0,"result":0,"reason":0}
05-22 10:29:52.853 D/MdmService(13146): [null:-1]->push message type :1
05-22 10:29:52.853 D/PushMessageManager(13146): [null:-1]->remove sent message : 0
05-22 10:29:52.869 D/PushMessageManager(13146): [null:-1]->sent message :{"params":{"device":"00013fbc8ecec5b90000014621c34147","token":"123456"},"id":0,"command":0,"reason":0,"result":0,"type":0}
05-22 10:29:52.869 D/PushMessageManager(13146): [null:-1]->has message : 0
05-22 10:29:52.869 D/PushMessageManager(13146): [null:-1]->sSentMessage not empty : 1
05-22 10:29:52.869 D/MDM :   (13146): [null:-1]->MSG_WEBSOCKET_MESSAGE : {"id":1688716775,"type":0,"command":0,"result":0,"reason":0,"params":{"device":"00013fbc8ecec5b90000014621c34147","message":"{\"cmd\":\"10119\"}"}}
05-22 10:29:52.877 I/dalvikvm(13146): Jit: resizing JitTable from 4096 to 8192
05-22 10:29:53.010 E/QueryController(13074): Cannot proceed when root node is null. Aborted search
05-22 10:29:53.010 E/QueryController(13074): Got null root node from accessibility - Retrying...
05-22 10:29:53.127 D/dalvikvm(13146): JIT unchain all for threadid=11
05-22 10:29:53.135 D/MdmService(13146): [null:-1]->push message type :0
05-22 10:29:53.142 D/MdmService(13146): [null:-1]->cmdMessage : {"cmd":"10119"}
05-22 10:29:53.142 D/MdmService(13146): [null:-1]->command : PushCommandMsg{cmd='10119', msg='null'}
05-22 10:29:53.142 D/MdmService(13146): [null:-1]->MdmStatusManager is busy , wait......
05-22 10:29:53.142 D/MDM :   (13146): [null:-1]->MSG_WEBSOCKET_MESSAGE : {"id":-1385533700,"type":0,"command":0,"result":0,"reason":0,"params":{"device":"00013fbc8ecec5b90000014621c34147","message":"{\"cmd\":\"10119\"}"}}
05-22 10:29:53.150 D/MdmService(13146): [null:-1]->push message type :0
05-22 10:29:53.150 D/MdmService(13146): [null:-1]->cmdMessage : {"cmd":"10119"}
05-22 10:29:53.158 D/MdmService(13146): [null:-1]->command : PushCommandMsg{cmd='10119', msg='null'}
05-22 10:29:53.158 D/MdmService(13146): [null:-1]->MdmStatusManager is busy , wait......
05-22 10:29:53.158 D/MDM :   (13146): [null:-1]->MSG_WEBSOCKET_MESSAGE : {"id":560947584,"type":0,"command":0,"result":0,"reason":0,"params":{"device":"00013fbc8ecec5b90000014621c34147","message":"{\"cmd\":\"10119\"}"}}
05-22 10:29:53.166 D/MdmService(13146): [null:-1]->push message type :0
05-22 10:29:53.166 D/MdmService(13146): [null:-1]->cmdMessage : {"cmd":"10119"}
05-22 10:29:53.166 D/MdmService(13146): [null:-1]->command : PushCommandMsg{cmd='10119', msg='null'}
05-22 10:29:53.166 D/MdmService(13146): [null:-1]->MdmStatusManager is busy , wait......
05-22 10:29:53.166 D/MDM :   (13146): [null:-1]->MSG_WEBSOCKET_MESSAGE : {"id":-1220155498,"type":0,"command":0,"result":0,"reason":0,"params":{"device":"00013fbc8ecec5b90000014621c34147","message":"{\"cmd\":\"10119\"}"}}
05-22 10:29:53.174 D/MdmService(13146): [null:-1]->push message type :0
05-22 10:29:53.174 D/MdmService(13146): [null:-1]->cmdMessage : {"cmd":"10119"}
05-22 10:29:53.260 E/QueryController(13074): Got null root node from accessibility - Retrying...
05-22 10:29:53.431 D/dalvikvm(13146): JIT unchain all for threadid=11
05-22 10:29:53.431 D/MdmService(13146): [null:-1]->command : PushCommandMsg{cmd='10119', msg='null'}
05-22 10:29:53.447 D/MdmService(13146): [null:-1]->MdmStatusManager is busy , wait......
05-22 10:29:53.447 D/MDM :   (13146): [null:-1]->MSG_WEBSOCKET_MESSAGE : {"id":0,"type":1,"command":0,"result":0,"reason":0}
05-22 10:29:53.471 D/MdmService(13146): [null:-1]->push message type :1
05-22 10:29:53.471 D/PushMessageManager(13146): [null:-1]->remove sent message : 0
05-22 10:29:53.486 D/PushMessageManager(13146): [null:-1]->sent message :{"params":{"device":"00013fbc8ecec5b90000014621c34147","token":"123456"},"id":0,"command":0,"reason":0,"result":0,"type":0}
05-22 10:29:53.510 E/QueryController(13074): Got null root node from accessibility - Retrying...
05-22 10:29:53.736 D/dalvikvm(13146): JIT unchain all for threadid=11
05-22 10:29:53.752 D/PushMessageManager(13146): [null:-1]->has message : 0
05-22 10:29:53.752 D/MdmService(13146): [null:-1]->handleCheckInResult
05-22 10:29:53.752 D/MdmService(13146): [null:-1]->handleCheckInResult result keyIndex: 3
05-22 10:29:53.752 D/MDM :   (13146): [null:-1]->MSG_WEBSOCKET_MESSAGE : {"id":1688716775,"type":0,"command":0,"result":0,"reason":0,"params":{"device":"00013fbc8ecec5b90000014621c34147","message":"{\"cmd\":\"10119\"}"}}
05-22 10:29:53.760 D/dalvikvm(13146): GC_CONCURRENT freed 429K, 34% free 23448K/35180K, paused 259ms+265ms, total 581ms
05-22 10:29:53.760 D/dalvikvm(13146): WAIT_FOR_CONCURRENT_GC blocked 6ms
05-22 10:29:53.760 E/QueryController(13074): Cannot proceed when root node is null. Aborted search
05-22 10:29:53.760 E/QueryController(13074): Got null root node from accessibility - Retrying...
05-22 10:29:53.775 D/MdmService(13146): [null:-1]->push message type :0
05-22 10:29:53.775 D/MdmService(13146): [null:-1]->cmdMessage : {"cmd":"10119"}
05-22 10:29:53.775 D/MdmService(13146): [null:-1]->command : PushCommandMsg{cmd='10119', msg='null'}
05-22 10:29:53.775 D/MdmService(13146): [null:-1]->MdmStatusManager is busy , wait......
05-22 10:29:53.775 D/dalvikvm(13146): WAIT_FOR_CONCURRENT_GC blocked 22ms
05-22 10:29:53.775 D/CommandManager(13146): [null:-1]->execute command: CommandMsg{CommandUUID='25c6cf17-4cab-43be-943b-38073fa4498e', Command=CommandObject{RequestType='DeviceInformation'}}
05-22 10:29:53.775 D/MDM :   (13146): [null:-1]->MSG_WEBSOCKET_MESSAGE : {"id":-1385533700,"type":0,"command":0,"result":0,"reason":0,"params":{"device":"00013fbc8ecec5b90000014621c34147","message":"{\"cmd\":\"10119\"}"}}
05-22 10:29:53.783 D/MdmService(13146): [null:-1]->push message type :0
05-22 10:29:53.791 D/MdmService(13146): [null:-1]->cmdMessage : {"cmd":"10119"}
05-22 10:29:53.791 D/MdmService(13146): [null:-1]->command : PushCommandMsg{cmd='10119', msg='null'}
05-22 10:29:53.791 D/MdmService(13146): [null:-1]->MdmStatusManager is busy , wait......
05-22 10:29:53.791 D/MDM :   (13146): [null:-1]->MSG_WEBSOCKET_MESSAGE : {"id":560947584,"type":0,"command":0,"result":0,"reason":0,"params":{"device":"00013fbc8ecec5b90000014621c34147","message":"{\"cmd\":\"10119\"}"}}
05-22 10:29:53.806 D/MdmService(13146): [null:-1]->push message type :0
05-22 10:29:53.806 D/MdmService(13146): [null:-1]->cmdMessage : {"cmd":"10119"}
05-22 10:29:53.806 D/MdmService(13146): [null:-1]->command : PushCommandMsg{cmd='10119', msg='null'}
05-22 10:29:53.806 D/MdmService(13146): [null:-1]->MdmStatusManager is busy , wait......
05-22 10:29:53.806 D/MDM :   (13146): [null:-1]->MSG_WEBSOCKET_MESSAGE : {"id":-1220155498,"type":0,"command":0,"result":0,"reason":0,"params":{"device":"00013fbc8ecec5b90000014621c34147","message":"{\"cmd\":\"10119\"}"}}
05-22 10:29:53.814 D/MdmService(13146): [null:-1]->push message type :0
05-22 10:29:53.822 D/MdmService(13146): [null:-1]->cmdMessage : {"cmd":"10119"}
05-22 10:29:53.822 D/MdmService(13146): [null:-1]->command : PushCommandMsg{cmd='10119', msg='null'}
05-22 10:29:53.822 D/MdmService(13146): [null:-1]->MdmStatusManager is busy , wait......
05-22 10:29:53.822 D/MDM :   (13146): [null:-1]->width 104
05-22 10:29:53.830 D/MDM :   (13146): [null:-1]->height 104
05-22 10:29:53.830 D/MDM :   (13146): [null:-1]->scale 1.0
05-22 10:29:53.830 D/MDM :   (13146): [null:-1]->tint false
05-22 10:29:53.830 D/MDM :   (13146): [null:-1]->width 104
05-22 10:29:53.830 D/MDM :   (13146): [null:-1]->height 104
05-22 10:29:53.830 D/MDM :   (13146): [null:-1]->scale 1.0
05-22 10:29:53.830 D/MDM :   (13146): [null:-1]->tint false
05-22 10:29:53.838 D/MDM :   (13146): [null:-1]->width 104
05-22 10:29:53.838 D/MDM :   (13146): [null:-1]->height 104
05-22 10:29:53.838 D/MDM :   (13146): [null:-1]->scale 1.0
05-22 10:29:53.838 D/MDM :   (13146): [null:-1]->tint false
05-22 10:29:53.838 D/MDM :   (13146): [null:-1]->width 104
05-22 10:29:53.838 D/MDM :   (13146): [null:-1]->height 104
05-22 10:29:53.838 D/MDM :   (13146): [null:-1]->scale 1.0
05-22 10:29:53.838 D/MDM :   (13146): [null:-1]->tint false
05-22 10:29:53.846 D/MDM :   (13146): [null:-1]->width 104
05-22 10:29:53.846 D/MDM :   (13146): [null:-1]->height 104
05-22 10:29:53.846 D/MDM :   (13146): [null:-1]->scale 1.0
05-22 10:29:53.846 D/MDM :   (13146): [null:-1]->tint false
05-22 10:29:53.846 D/MDM :   (13146): [null:-1]->width 104
05-22 10:29:53.846 D/MDM :   (13146): [null:-1]->height 104
05-22 10:29:53.846 D/MDM :   (13146): [null:-1]->scale 1.0
05-22 10:29:53.846 D/MDM :   (13146): [null:-1]->tint false
05-22 10:29:53.846 D/MDM :   (13146): [null:-1]->width 104
05-22 10:29:53.853 D/MDM :   (13146): [null:-1]->height 104
05-22 10:29:53.853 D/MDM :   (13146): [null:-1]->scale 1.0
05-22 10:29:53.853 D/MDM :   (13146): [null:-1]->tint false
05-22 10:29:53.853 D/MDM :   (13146): [null:-1]->width 104
05-22 10:29:53.853 D/MDM :   (13146): [null:-1]->height 104
05-22 10:29:53.853 D/MDM :   (13146): [null:-1]->scale 1.0
05-22 10:29:53.861 D/MDM :   (13146): [null:-1]->tint false
05-22 10:29:53.861 D/        (13146): [---null: -1---]  xxd111  getPackageName  com.pekall.emdm.launcher
05-22 10:29:53.861 D/        (13146): [---null: -1---]  xxd111  getClassName  com.pekall.emdm.document.activity.DocMainActivity
05-22 10:29:53.861 D/        (13146): [---null: -1---]  xxd111  info.title  Document Manager ,count is 0
05-22 10:29:53.869 D/        (13146): [---null: -1---]  xxd111  getPackageName  com.pekall.emdm.launcher
05-22 10:29:53.869 D/        (13146): [---null: -1---]  xxd111  getClassName  com.pekall.emdm.launcher.ui.BackPersonalActivity
05-22 10:29:53.869 D/        (13146): [---null: -1---]  xxd111  info.title  Personal Mode ,count is 0
05-22 10:29:53.877 D/        (13146): [---null: -1---]  xxd111  getPackageName  com.pekall.emdm.launcher
05-22 10:29:53.877 D/        (13146): [---null: -1---]  xxd111  getClassName  com.pekall.semail.activity.Welcome
05-22 10:29:53.877 D/        (13146): [---null: -1---]  xxd111  info.title  Email ,count is 0
05-22 10:29:53.877 D/MDM :   (13146): [null:-1]->username is : zhenhua.sang@pekall.com ,pwd is 123456
05-22 10:29:53.885 I/System.out(13146): [cjx]authenticateUser,zhenhua.sang@pekall.com,123456
05-22 10:29:53.885 I/System.out(13146): [cjx]to generate user KEK now,keyLength:32,algorithm:Rijndael256
05-22 10:29:53.994 I/System.out(13146): [cjx]blockSize:32
05-22 10:29:53.994 I/System.out(13146): [cjx]iv:[112, 101, 107, 97, 108, 108, 50, 48, 49, 52, 97, 101, 115, 99, 106, 120, 112, 101, 107, 97, 108, 108, 50, 48, 49, 52, 97, 101, 115, 99, 106, 120]
05-22 10:29:53.994 I/System.out(13146): [cjx]secret:[-94, 35, 21, 34, 6, -61, -108, -46, 6, 56, -82, 111, 24, -59, 0, -21, 43, -46, -16, 27, -76, 52, 9, 117, -69, 64, 55, -122, -120, -69, -38, 9]
05-22 10:29:54.002 I/System.out(13146): [cjx]successfully restore dek:[B@436357f0
05-22 10:29:54.002 I/System.out(13146): [cjx]to generate user KEK now,keyLength:32,algorithm:Rijndael256
05-22 10:29:54.010 E/QueryController(13074): Got null root node from accessibility - Retrying...
05-22 10:29:54.111 I/System.out(13146): [cjx]blockSize:32
05-22 10:29:54.111 I/System.out(13146): [cjx]iv:[112, 101, 107, 97, 108, 108, 50, 48, 49, 52, 97, 101, 115, 99, 106, 120, 112, 101, 107, 97, 108, 108, 50, 48, 49, 52, 97, 101, 115, 99, 106, 120]
05-22 10:29:54.111 I/System.out(13146): [cjx]secret:[-94, 35, 21, 34, 6, -61, -108, -46, 6, 56, -82, 111, 24, -59, 0, -21, 43, -46, -16, 27, -76, 52, 9, 117, -69, 64, 55, -122, -120, -69, -38, 9]
05-22 10:29:54.119 W/Parcel  ( 1661): Attempt to read object from Parcel 0x5ef3bdac at offset 200 that is not in the object list
05-22 10:29:54.119 W/ActivityManager(  374): Unable to start service Intent { act=pekall.intent.action.DOWNLOAD_APP (has extras) } U=0: not found
05-22 10:29:54.127 I/Choreographer(13146): Skipped 75 frames!  The application may be doing too much work on its main thread.
05-22 10:29:54.142 D/        (13146): [---null: -1---]  1111222  mLongAxisStartPadding110
05-22 10:29:54.142 D/        (13146): [---null: -1---]  11112223  heightSpecSize1094
05-22 10:29:54.142 D/        (13146): [---null: -1---]  11112223  mLongAxisStartPadding110
05-22 10:29:54.142 D/        (13146): [---null: -1---]  11112223  mLongAxisEndPadding110
05-22 10:29:54.142 D/        (13146): [---null: -1---]  11112223  mRows4
05-22 10:29:54.142 D/        (13146): [---null: -1---]  1111222  mLongAxisStartPadding110
05-22 10:29:54.142 D/        (13146): [---null: -1---]  11112223  heightSpecSize1094
05-22 10:29:54.142 D/        (13146): [---null: -1---]  11112223  mLongAxisStartPadding110
05-22 10:29:54.150 D/        (13146): [---null: -1---]  11112223  mLongAxisEndPadding110
05-22 10:29:54.150 D/        (13146): [---null: -1---]  11112223  mRows4
05-22 10:29:54.150 D/        (13146): [---null: -1---]  1111222  mLongAxisStartPadding110
05-22 10:29:54.150 D/        (13146): [---null: -1---]  11112223  heightSpecSize1094
05-22 10:29:54.150 D/        (13146): [---null: -1---]  11112223  mLongAxisStartPadding110
05-22 10:29:54.150 D/        (13146): [---null: -1---]  11112223  mLongAxisEndPadding110
05-22 10:29:54.150 D/        (13146): [---null: -1---]  11112223  mRows4
05-22 10:29:54.158 D/        (13146): [---null: -1---]  1111222  mLongAxisStartPadding110
05-22 10:29:54.158 D/        (13146): [---null: -1---]  11112223  heightSpecSize1094
05-22 10:29:54.166 D/        (13146): [---null: -1---]  11112223  mLongAxisStartPadding110
05-22 10:29:54.166 D/        (13146): [---null: -1---]  11112223  mLongAxisEndPadding110
05-22 10:29:54.166 D/        (13146): [---null: -1---]  11112223  mRows4
05-22 10:29:54.166 D/        (13146): [---null: -1---]  1111222  mLongAxisStartPadding110
05-22 10:29:54.166 D/        (13146): [---null: -1---]  11112223  heightSpecSize1094
05-22 10:29:54.166 D/        (13146): [---null: -1---]  11112223  mLongAxisStartPadding110
05-22 10:29:54.166 D/        (13146): [---null: -1---]  11112223  mLongAxisEndPadding110
05-22 10:29:54.166 D/        (13146): [---null: -1---]  11112223  mRows4
05-22 10:29:54.174 D/        (13146): [---null: -1---]  1111222  mLongAxisStartPadding110
05-22 10:29:54.174 D/        (13146): [---null: -1---]  11112223  heightSpecSize1094
05-22 10:29:54.174 D/        (13146): [---null: -1---]  11112223  mLongAxisStartPadding110
05-22 10:29:54.174 D/        (13146): [---null: -1---]  11112223  mLongAxisEndPadding110
05-22 10:29:54.174 D/        (13146): [---null: -1---]  11112223  mRows4
05-22 10:29:54.174 D/        (13146): [---null: -1---]  1111222  mLongAxisStartPadding110
05-22 10:29:54.174 D/ExchangeService(13146): !!! EAS ExchangeService, onCreate
05-22 10:29:54.174 D/        (13146): [---null: -1---]  11112223  heightSpecSize1094
05-22 10:29:54.181 D/        (13146): [---null: -1---]  11112223  mLongAxisStartPadding110
05-22 10:29:54.181 D/        (13146): [---null: -1---]  11112223  mLongAxisEndPadding110
05-22 10:29:54.181 D/        (13146): [---null: -1---]  11112223  mRows4
05-22 10:29:54.181 D/        (13146): [---null: -1---]  1111222  mLongAxisStartPadding110
05-22 10:29:54.181 D/        (13146): [---null: -1---]  11112223  heightSpecSize1094
05-22 10:29:54.181 D/        (13146): [---null: -1---]  11112223  mLongAxisStartPadding110
05-22 10:29:54.181 D/        (13146): [---null: -1---]  11112223  mLongAxisEndPadding110
05-22 10:29:54.181 D/        (13146): [---null: -1---]  11112223  mRows4
05-22 10:29:54.189 D/        (13146): [---null: -1---]  1111222  mLongAxisStartPadding110
05-22 10:29:54.189 D/        (13146): [---null: -1---]  11112223  heightSpecSize1094
05-22 10:29:54.189 D/        (13146): [---null: -1---]  11112223  mLongAxisStartPadding110
05-22 10:29:54.189 D/        (13146): [---null: -1---]  11112223  mLongAxisEndPadding110
05-22 10:29:54.189 D/        (13146): [---null: -1---]  11112223  mRows4
05-22 10:29:54.189 D/        (13146): [---null: -1---]  1111222  mLongAxisStartPadding110
05-22 10:29:54.189 D/        (13146): [---null: -1---]  11112223  heightSpecSize1094
05-22 10:29:54.189 D/        (13146): [---null: -1---]  11112223  mLongAxisStartPadding110
05-22 10:29:54.197 D/        (13146): [---null: -1---]  11112223  mLongAxisEndPadding110
05-22 10:29:54.197 D/        (13146): [---null: -1---]  11112223  mRows4
05-22 10:29:54.197 W/Parcel  ( 1661): Attempt to read object from Parcel 0x5ec3bdac at offset 200 that is not in the object list
05-22 10:29:54.244 D/        (13146): [---null: -1---]  xxd111  getPackageName  com.pekall.emdm.launcher
05-22 10:29:54.244 D/        (13146): [---null: -1---]  xxd111  getClassName  com.pekall.emdm.contacts.activities.PeopleActivity
05-22 10:29:54.244 D/        (13146): [---null: -1---]  xxd111  info.title  EmdmContacts ,count is 0
05-22 10:29:54.252 D/        (13146): [---null: -1---]  xxd111  getPackageName  com.pekall.emdm.launcher
05-22 10:29:54.252 D/        (13146): [---null: -1---]  xxd111  getClassName  com.pekall.emdm.browser.BrowserActivity
05-22 10:29:54.252 D/        (13146): [---null: -1---]  xxd111  info.title  Safe Browser ,count is 0
05-22 10:29:54.252 D/        (13146): [---null: -1---]  xxd111  getPackageName  com.pekall.emdm.launcher
05-22 10:29:54.252 D/        (13146): [---null: -1---]  xxd111  getClassName  com.pekall.emdm.launcher.ui.AboutActivity
05-22 10:29:54.252 D/        (13146): [---null: -1---]  xxd111  info.title  About ,count is 0
05-22 10:29:54.252 D/        (13146): [---null: -1---]  xxd111  getPackageName  com.pekall.emdm.launcher
05-22 10:29:54.260 D/        (13146): [---null: -1---]  xxd111  getClassName  com.pekall.emdm.launcher.ui.SettingActivity
05-22 10:29:54.260 D/        (13146): [---null: -1---]  xxd111  info.title  Setting ,count is 0
05-22 10:29:54.267 E/QueryController(13074): Got null root node from accessibility - Retrying...
05-22 10:29:54.267 V/l       (13146): Connected: com.pekall.exchange.ExchangeService
05-22 10:29:54.267 D/        (13146): [---null: -1---]  1111222  mLongAxisStartPadding110
05-22 10:29:54.267 D/        (13146): [---null: -1---]  11112223  heightSpecSize1094
05-22 10:29:54.267 D/        (13146): [---null: -1---]  11112223  mLongAxisStartPadding110
05-22 10:29:54.275 D/        (13146): [---null: -1---]  11112223  mLongAxisEndPadding110
05-22 10:29:54.275 D/        (13146): [---null: -1---]  11112223  mRows4
05-22 10:29:54.275 V/l       (13146): Task setLogging completed; disconnecting
05-22 10:29:54.283 D/        (13146): [---null: -1---]  1111222  mLongAxisStartPadding110
05-22 10:29:54.283 D/        (13146): [---null: -1---]  11112223  heightSpecSize1094
05-22 10:29:54.291 D/        (13146): [---null: -1---]  11112223  mLongAxisStartPadding110
05-22 10:29:54.291 D/        (13146): [---null: -1---]  11112223  mLongAxisEndPadding110
05-22 10:29:54.291 D/        (13146): [---null: -1---]  11112223  mRows4
05-22 10:29:54.400 D/ExchangeService(13146): !!! EAS ExchangeService, onStartCommand, startingUp = false, running = false
05-22 10:29:54.400 D/ExchangeService(13146): to start secureStorageService now
05-22 10:29:54.408 V/a       (13146): Bind requested for task test
05-22 10:29:54.424 I/ActivityManager(  374): Displayed com.pekall.emdm.launcher/.Launcher: +3s652ms
05-22 10:29:54.439 D/        (13146): [---null: -1---]  1111222  mLongAxisStartPadding110
05-22 10:29:54.439 D/        (13146): [---null: -1---]  11112223  heightSpecSize1094
05-22 10:29:54.439 D/        (13146): [---null: -1---]  11112223  mLongAxisStartPadding110
05-22 10:29:54.439 D/        (13146): [---null: -1---]  11112223  mLongAxisEndPadding110
05-22 10:29:54.439 D/        (13146): [---null: -1---]  11112223  mRows4
05-22 10:29:54.439 D/        (13146): [---null: -1---]  1111222  mLongAxisStartPadding110
05-22 10:29:54.439 D/        (13146): [---null: -1---]  11112223  heightSpecSize1094
05-22 10:29:54.439 D/        (13146): [---null: -1---]  11112223  mLongAxisStartPadding110
05-22 10:29:54.447 D/        (13146): [---null: -1---]  11112223  mLongAxisEndPadding110
05-22 10:29:54.447 D/        (13146): [---null: -1---]  11112223  mRows4
05-22 10:29:54.447 D/        (13146): [---null: -1---]  1111222  mLongAxisStartPadding110
05-22 10:29:54.447 D/        (13146): [---null: -1---]  11112223  heightSpecSize1094
05-22 10:29:54.447 D/        (13146): [---null: -1---]  11112223  mLongAxisStartPadding110
05-22 10:29:54.447 D/        (13146): [---null: -1---]  11112223  mLongAxisEndPadding110
05-22 10:29:54.455 D/        (13146): [---null: -1---]  11112223  mRows4
05-22 10:29:54.455 D/        (13146): [---null: -1---]  1111222  mLongAxisStartPadding110
05-22 10:29:54.455 D/        (13146): [---null: -1---]  11112223  heightSpecSize1094
05-22 10:29:54.455 D/        (13146): [---null: -1---]  11112223  mLongAxisStartPadding110
05-22 10:29:54.455 D/        (13146): [---null: -1---]  11112223  mLongAxisEndPadding110
05-22 10:29:54.455 D/        (13146): [---null: -1---]  11112223  mRows4
05-22 10:29:54.455 D/        (13146): [---null: -1---]  1111222  mLongAxisStartPadding110
05-22 10:29:54.455 D/        (13146): [---null: -1---]  11112223  heightSpecSize1094
05-22 10:29:54.455 D/        (13146): [---null: -1---]  11112223  mLongAxisStartPadding110
05-22 10:29:54.463 D/        (13146): [---null: -1---]  11112223  mLongAxisEndPadding110
05-22 10:29:54.463 D/        (13146): [---null: -1---]  11112223  mRows4
05-22 10:29:54.463 D/        (13146): [---null: -1---]  1111222  mLongAxisStartPadding110
05-22 10:29:54.463 D/        (13146): [---null: -1---]  11112223  heightSpecSize1094
05-22 10:29:54.463 D/        (13146): [---null: -1---]  11112223  mLongAxisStartPadding110
05-22 10:29:54.471 D/        (13146): [---null: -1---]  11112223  mLongAxisEndPadding110
05-22 10:29:54.471 D/        (13146): [---null: -1---]  11112223  mRows4
05-22 10:29:54.471 D/        (13146): [---null: -1---]  1111222  mLongAxisStartPadding110
05-22 10:29:54.471 D/        (13146): [---null: -1---]  11112223  heightSpecSize1094
05-22 10:29:54.471 D/        (13146): [---null: -1---]  11112223  mLongAxisStartPadding110
05-22 10:29:54.471 D/        (13146): [---null: -1---]  11112223  mLongAxisEndPadding110
05-22 10:29:54.471 D/        (13146): [---null: -1---]  11112223  mRows4
05-22 10:29:54.471 D/        (13146): [---null: -1---]  1111222  mLongAxisStartPadding110
05-22 10:29:54.471 D/        (13146): [---null: -1---]  11112223  heightSpecSize1094
05-22 10:29:54.471 D/        (13146): [---null: -1---]  11112223  mLongAxisStartPadding110
05-22 10:29:54.478 D/        (13146): [---null: -1---]  11112223  mLongAxisEndPadding110
05-22 10:29:54.478 D/        (13146): [---null: -1---]  11112223  mRows4
05-22 10:29:54.478 D/        (13146): [---null: -1---]  1111222  mLongAxisStartPadding110
05-22 10:29:54.478 D/        (13146): [---null: -1---]  11112223  heightSpecSize1094
05-22 10:29:54.478 D/        (13146): [---null: -1---]  11112223  mLongAxisStartPadding110
05-22 10:29:54.486 D/        (13146): [---null: -1---]  11112223  mLongAxisEndPadding110
05-22 10:29:54.486 D/        (13146): [---null: -1---]  11112223  mRows4
05-22 10:29:54.486 D/        (13146): [---null: -1---]  1111222  mLongAxisStartPadding110
05-22 10:29:54.486 D/        (13146): [---null: -1---]  11112223  heightSpecSize1094
05-22 10:29:54.486 D/        (13146): [---null: -1---]  11112223  mLongAxisStartPadding110
05-22 10:29:54.486 D/        (13146): [---null: -1---]  11112223  mLongAxisEndPadding110
05-22 10:29:54.486 D/        (13146): [---null: -1---]  11112223  mRows4
05-22 10:29:54.502 D/ExchangeService(13146): Reconciling accounts...
05-22 10:29:54.502 V/a       (13146): Bind requested for task reconcileAccounts
05-22 10:29:54.502 V/a       (13146): Waiting for task reconcileAccounts to complete...
05-22 10:29:54.627 V/a       (13146): Connected: com.pekall.semail.service.AccountServiceInternal
05-22 10:29:54.627 V/a       (13146): Connected: com.pekall.semail.service.AccountServiceInternal
05-22 10:29:54.627 I/QueryController(13074): Matched selector: UiSelector[TEXT=Personal Mode] <<==>> [android.view.accessibility.AccessibilityNodeInfo@1dcb9; boundsInParent: Rect(0, 0 - 160, 200); boundsInScreen: Rect(190, 608 - 350, 808); packageName: com.pekall.emdm.launcher; className: android.widget.TextView; text: Personal Mode; contentDescription: null; viewIdResName: null; checkable: false; checked: false; focusable: false; focused: false; selected: false; clickable: true; longClickable: true; enabled: true; password: false; scrollable: false; [ACTION_SELECT, ACTION_CLEAR_SELECTION, ACTION_CLICK, ACTION_LONG_CLICK, ACTION_ACCESSIBILITY_FOCUS, ACTION_NEXT_AT_MOVEMENT_GRANULARITY, ACTION_PREVIOUS_AT_MOVEMENT_GRANULARITY, ACTION_SET_SELECTION]]
05-22 10:29:54.635 V/a       (13146): Connection test succeeded in 229ms
05-22 10:29:54.635 V/a       (13146): Task test completed; disconnecting
05-22 10:29:54.642 D/        (13146): [---null: -1---]  1111222  mLongAxisStartPadding110
05-22 10:29:54.642 D/        (13146): [---null: -1---]  11112223  heightSpecSize1094
05-22 10:29:54.642 D/        (13146): [---null: -1---]  11112223  mLongAxisStartPadding110
05-22 10:29:54.642 D/        (13146): [---null: -1---]  11112223  mLongAxisEndPadding110
05-22 10:29:54.642 D/        (13146): [---null: -1---]  11112223  mRows4
05-22 10:29:54.642 D/        (13146): [---null: -1---]  1111222  mLongAxisStartPadding110
05-22 10:29:54.650 D/        (13146): [---null: -1---]  11112223  heightSpecSize1094
05-22 10:29:54.650 D/        (13146): [---null: -1---]  11112223  mLongAxisStartPadding110
05-22 10:29:54.650 D/        (13146): [---null: -1---]  11112223  mLongAxisEndPadding110
05-22 10:29:54.650 D/        (13146): [---null: -1---]  11112223  mRows4
05-22 10:29:54.650 V/a       (13146): Task reconcileAccounts completed; disconnecting
05-22 10:29:54.650 V/a       (13146): Wait for reconcileAccounts finished in 149ms
05-22 10:29:54.666 D/BluetoothManagerService(  374): Message: 20
05-22 10:29:54.666 D/BluetoothManagerService(  374): Added callback: android.bluetooth.IBluetoothManagerCallback$Stub$Proxy@42292ee8:true
05-22 10:29:54.666 D/ExchangeService(13146): !!! EAS ExchangeService, stopping self
05-22 10:29:54.674 D/ExchangeService(13146): !!! EAS ExchangeService, onDestroy
05-22 10:29:54.674 W/Settings(13146): Setting data_roaming has moved from android.provider.Settings.System to android.provider.Settings.Global, returning read-only value.
05-22 10:29:55.189 I/QueryController(13074): Matched selector: UiSelector[PACKAGE NAME=com.pekall.emdm.launcher] <<==>> [android.view.accessibility.AccessibilityNodeInfo@1775e; boundsInParent: Rect(0, 0 - 720, 1184); boundsInScreen: Rect(0, 0 - 720, 1184); packageName: com.pekall.emdm.launcher; className: android.widget.FrameLayout; text: null; contentDescription: null; viewIdResName: null; checkable: false; checked: false; focusable: false; focused: false; selected: false; clickable: false; longClickable: false; enabled: true; password: false; scrollable: false; [ACTION_SELECT, ACTION_CLEAR_SELECTION, ACTION_ACCESSIBILITY_FOCUS]]
05-22 10:29:55.197 D/dalvikvm(13074): GC_CONCURRENT freed 386K, 91% free 674K/7112K, paused 2ms+1ms, total 7ms
05-22 10:29:55.213 I/QueryController(13074): Matched selector: UiSelector[TEXT=Personal Mode, CLASS=android.widget.TextView, PACKAGE NAME=com.pekall.emdm.launcher] <<==>> [android.view.accessibility.AccessibilityNodeInfo@1dcb9; boundsInParent: Rect(0, 0 - 160, 200); boundsInScreen: Rect(190, 608 - 350, 808); packageName: com.pekall.emdm.launcher; className: android.widget.TextView; text: Personal Mode; contentDescription: null; viewIdResName: null; checkable: false; checked: false; focusable: false; focused: false; selected: false; clickable: true; longClickable: true; enabled: true; password: false; scrollable: false; [ACTION_SELECT, ACTION_CLEAR_SELECTION, ACTION_CLICK, ACTION_LONG_CLICK, ACTION_ACCESSIBILITY_FOCUS, ACTION_NEXT_AT_MOVEMENT_GRANULARITY, ACTION_PREVIOUS_AT_MOVEMENT_GRANULARITY, ACTION_SET_SELECTION]]
05-22 10:29:55.236 I/QueryController(13074): Matched selector: UiSelector[TEXT=Personal Mode, CLASS=android.widget.TextView, PACKAGE NAME=com.pekall.emdm.launcher] <<==>> [android.view.accessibility.AccessibilityNodeInfo@1dcb9; boundsInParent: Rect(0, 0 - 160, 200); boundsInScreen: Rect(190, 608 - 350, 808); packageName: com.pekall.emdm.launcher; className: android.widget.TextView; text: Personal Mode; contentDescription: null; viewIdResName: null; checkable: false; checked: false; focusable: false; focused: false; selected: false; clickable: true; longClickable: true; enabled: true; password: false; scrollable: false; [ACTION_SELECT, ACTION_CLEAR_SELECTION, ACTION_CLICK, ACTION_LONG_CLICK, ACTION_ACCESSIBILITY_FOCUS, ACTION_NEXT_AT_MOVEMENT_GRANULARITY, ACTION_PREVIOUS_AT_MOVEMENT_GRANULARITY, ACTION_SET_SELECTION]]
05-22 10:29:55.244 I/AndroidRuntime(13074): VM exiting with result code 0.
05-22 10:29:56.947 D/CommandManager(13146): [null:-1]->requestType: DeviceInformation
05-22 10:29:56.978 W/Parcel  ( 1661): Attempt to read object from Parcel 0x5ec3bdac at offset 200 that is not in the object list
05-22 10:29:57.002 D/MdmDatabaseHelper(13146): [null:-1]->update command 25c6cf17-4cab-43be-943b-38073fa4498e to commandStatus <?xml version="1.0" encoding="UTF-8"?>
05-22 10:29:57.002 D/MdmDatabaseHelper(13146): <!DOCTYPE plist PUBLIC "-//Apple//DTD PLIST 1.0//EN" "http://www.apple.com/DTDs/PropertyList-1.0.dtd">
05-22 10:29:57.002 D/MdmDatabaseHelper(13146): <plist version="1.0">
05-22 10:29:57.002 D/MdmDatabaseHelper(13146): <dict>
05-22 10:29:57.002 D/MdmDatabaseHelper(13146): 	<key>QueryResponses</key>
05-22 10:29:57.002 D/MdmDatabaseHelper(13146): 	<dict>
05-22 10:29:57.002 D/MdmDatabaseHelper(13146): 		<key>deviceId</key>
05-22 10:29:57.002 D/MdmDatabaseHelper(13146): 		<string>00013fbc8ecec5b90000014621c34147</string>
05-22 10:29:57.002 D/MdmDatabaseHelper(13146): 		<key>deviceSecurityStatus</key>
05-22 10:29:57.002 D/MdmDatabaseHelper(13146): 		<string>root</string>
05-22 10:29:57.002 D/MdmDatabaseHelper(13146): 		<key>diskTotal</key>
05-22 10:29:57.002 D/MdmDatabaseHelper(13146): 		<string>0.0</string>
05-22 10:29:57.002 D/MdmDatabaseHelper(13146): 		<key>diskUsed</key>
05-22 10:29:57.002 D/MdmDatabaseHelper(13146): 		<string>0.0</string>
05-22 10:29:57.002 D/MdmDatabaseHelper(13146): 		<key>displaySize</key>
05-22 10:29:57.002 D/MdmDatabaseHelper(13146): 		<string>720x1184</string>
05-22 10:29:57.002 D/MdmDatabaseHelper(13146): 		<key>freeDiskSize</key>
05-22 10:29:57.002 D/MdmDatabaseHelper(13146): 		<integer>0</integer>
05-22 10:29:57.002 D/MdmDatabaseHelper(13146): 		<key>freeRamSize</key>
05-22 10:29:57.002 D/MdmDatabaseHelper(13146): 		<integer>24043520</integer>
05-22 10:29:57.002 D/MdmDatabaseHelper(13146): 		<key>language</key>
05-22 10:29:57.002 D/MdmDatabaseHelper(13146): 		<string>en-US</string>
05-22 10:29:57.002 D/MdmDatabaseHelper(13146): 		<key>netSpeed</key>
05-22 10:29:57.002 D/MdmDatabaseHelper(13146): 		<dict>
05-22 10:29:57.002 D/MdmDatabaseHelper(13146): 			<key>downlink</key>
05-22 10:29:57.002 D/MdmDatabaseHelper(13146): 			<real>1.2396501666666666E7</real>
05-22 10:29:57.002 D/MdmDatabaseHelper(13146): 			<key>uplink</key>
05-22 10:29:57.002 D/MdmDatabaseHelper(13146): 			<real>9502592.0</real>
05-22 10:29:57.002 D/MdmDatabaseHelper(13146): 		</dict>
05-22 10:29:57.002 D/MdmDatabaseHelper(13146): 		<key>ramTotal</key>
05-22 10:29:57.002 D/MdmDatabaseHelper(13146): 		<string>728023040</string>
05-22 10:29:57.002 D/MdmDatabaseHelper(13146): 		<key>ramUsed</key>
05-22 10:29:57.002 D/MdmDatabaseHelper(13146): 		<string>703979520</string>
05-22 10:29:57.002 D/MdmDatabaseHelper(13146): 		<key>trafficBytes</key>
05-22 10:29:57.002 D/MdmDatabaseHelper(13146): 		<integer>0</integer>
05-22 10:29:57.002 D/MdmDatabaseHelper(13146): 		<key>AvailableDeviceCapacity</key>
05-22 10:29:57.002 D/MdmDatabaseHelper(13146): 		<real>1.3417424E7</real>
05-22 10:29:57.002 D/MdmDatabaseHelper(13146): 		<key>BuildVersion</key>
05-22 10:29:57.002 D/MdmDatabaseHelper(13146): 		<string>REL</string>
05-22 10:29:57.002 D/MdmDatabaseHelper(13146): 		<key>CanDisableSystemFunction</key>
05-22 10:29:57.002 D/MdmDatabaseHelper(13146): 		<false/>
05-22 10:29:57.002 D/MdmDatabaseHelper(13146): 		<key>CellularTechnology</key>
05-22 10:29:57.002 D/MdmDatabaseHelper(13146): 		<integer>3</integer>
05-22 10:29:57.002 D/MdmDatabaseHelper(13146): 		<key>CurrentCarrierNetwork</key>
05-22 10:29:57.002 D/MdmDatabaseHelper(13146): 		<string></string>
05-22 10:29:57.002 D/MdmDatabaseHelper(13146): 		<key>CurrentMCC</key>
05-22 10:29:57.002 D/MdmDatabaseHelper(13146): 		<string>cn</string>
05-22 10:29:57.002 D/MdmDatabaseHelper(13146): 		<key>CurrentMNC</key>
05-22 10:29:57.002 D/MdmDatabaseHelper(13146): 		<string>46001</string>
05-22 10:29:57.002 D/MdmDatabaseHelper(13146): 		<key>DataRoamingEnabled</key>
05-22 10:29:57.002 D/MdmDatabaseHelper(13146): 		<false/>
05-22 10:29:57.002 D/MdmDatabaseHelper(13146): 		<key>DeviceCapacity</key>
05-22 10:29:57.002 D/MdmDatabaseHelper(13146): 		<real>1.3975888E7</real>
05-22 10:29:57.002 D/MdmDatabaseHelper(13146): 		<key>HasSamsungSafeAPI</key>
05-22 10:29:57.002 D/MdmDatabaseHelper(13146): 		<false/>
05-22 10:29:57.002 D/MdmDatabaseHelper(13146): 		<key>ICCID</key>
05-22 10:29:57.002 D/MdmDatabaseHelper(13146): 		<string></string>
05-22 10:29:57.002 D/MdmDatabaseHelper(13146): 		<key>IMEI</key>
05-22 10:29:57.002 D/MdmDatabaseHelper(13146): 		<string>351554059027897</string>
05-22 10:29:57.002 D/MdmDatabaseHelper(13146): 		<key>IsRoaming</key>
05-22 10:29:57.002 D/MdmDatabaseHelper(13146): 		<false/>
05-22 10:29:57.002 D/MdmDatabaseHelper(13146): 		<key>Model</key>
05-22 10:29:57.002 D/MdmDatabaseHelper(13146): 		<string>Galaxy Nexus</string>
05-22 10:29:57.002 D/MdmDatabaseHelper(13146): 		<key>OSVersion</key>
05-22 10:29:57.002 D/MdmDatabaseHelper(13146): 		<string>4.3</string>
05-22 10:29:57.002 D/MdmDatabaseHelper(13146): 		<key>PhoneNumber</key>
05-22 10:29:57.002 D/MdmDatabaseHelper(13146): 		<string>0</string>
05-22 10:29:57.002 D/MdmDatabaseHelper(13146): 		<key>ProductName</key>
05-22 10:29:57.002 D/MdmDatabaseHelper(13146): 		<string>yakju</string>
05-22 10:29:57.002 D/MdmDatabaseHelper(13146): 		<key>SIMCarrierNetwork</key>
05-22 10:29:57.002 D/MdmDatabaseHelper(13146): 		<string></string>
05-22 10:29:57.002 D/MdmDatabaseHelper(13146): 		<key>SerialNumber</key>
05-22 10:29:57.002 D/MdmDatabaseHelper(13146): 		<string>014E0FFF06015018</string>
05-22 10:29:57.002 D/MdmDatabaseHelper(13146): 		<key>UDID</key>
05-22 10:29:57.002 D/MdmDatabaseHelper(13146): 		<string>00013fbc8ecec5b90000014621c34147</string>
05-22 10:29:57.002 D/MdmDatabaseHelper(13146): 		<key>WiFiMAC</key>
05-22 10:29:57.002 D/MdmDatabaseHelper(13146): 		<string>20:64:32:7a:19:48</string>
05-22 10:29:57.002 D/MdmDatabaseHelper(13146): 	</dict>
05-22 10:29:57.002 D/MdmDatabaseHelper(13146): 	<key>CommandUUID</key>
05-22 10:29:57.002 D/MdmDatabaseHelper(13146): 	<string>25c6cf17-4cab-43be-943b-38073fa4498e</string>
05-22 10:29:57.002 D/MdmDatabaseHelper(13146): 	<key>Status</key>
05-22 10:29:57.002 D/MdmDatabaseHelper(13146): 	<string>Acknowledged</string>
05-22 10:29:57.002 D/MdmDatabaseHelper(13146): 	<key>UDID</key>
05-22 10:29:57.002 D/MdmDatabaseHelper(13146): 	<string>00013fbc8ecec5b90000014621c34147</string>
05-22 10:29:57.002 D/MdmDatabaseHelper(13146): </dict>
05-22 10:29:57.002 D/MdmDatabaseHelper(13146): </plist>
05-22 10:29:57.025 I/TransInfo(13146): TransInfo created, id: 3, class: class com.pekall.emdm.transaction.c.b
05-22 10:29:57.025 D/NetworkThread(13146): [null:-1]->----isRunning-----true
05-22 10:29:57.025 D/NetworkThread(13146): [null:-1]->----isRunning-----true
05-22 10:29:57.025 D/NetworkThread(13146): [null:-1]->thread wakeup
05-22 10:29:57.041 D/NetworkThread(13146): [null:-1]->sendHttpPost:PostRequest, url: http://192.168.10.21/rest/mdm/v1/ios/android_server, Params: [content:<?xml version="1.0" encoding="UTF-8"?>
05-22 10:29:57.041 D/NetworkThread(13146): <!DOCTYPE plist PUBLIC "-//Apple//DTD PLIST 1.0//EN" "http://www.apple.com/DTDs/PropertyList-1.0.dtd">
05-22 10:29:57.041 D/NetworkThread(13146): <plist version="1.0">
05-22 10:29:57.041 D/NetworkThread(13146): <dict>
05-22 10:29:57.041 D/NetworkThread(13146): 	<key>QueryResponses</key>
05-22 10:29:57.041 D/NetworkThread(13146): 	<dict>
05-22 10:29:57.041 D/NetworkThread(13146): 		<key>deviceId</key>
05-22 10:29:57.041 D/NetworkThread(13146): 		<string>00013fbc8ecec5b90000014621c34147</string>
05-22 10:29:57.041 D/NetworkThread(13146): 		<key>deviceSecurityStatus</key>
05-22 10:29:57.041 D/NetworkThread(13146): 		<string>root</string>
05-22 10:29:57.041 D/NetworkThread(13146): 		<key>diskTotal</key>
05-22 10:29:57.041 D/NetworkThread(13146): 		<string>0.0</string>
05-22 10:29:57.041 D/NetworkThread(13146): 		<key>diskUsed</key>
05-22 10:29:57.041 D/NetworkThread(13146): 		<string>0.0</string>
05-22 10:29:57.041 D/NetworkThread(13146): 		<key>displaySize</key>
05-22 10:29:57.041 D/NetworkThread(13146): 		<string>720x1184</string>
05-22 10:29:57.041 D/NetworkThread(13146): 		<key>freeDiskSize</key>
05-22 10:29:57.041 D/NetworkThread(13146): 		<integer>0</integer>
05-22 10:29:57.041 D/NetworkThread(13146): 		<key>freeRamSize</key>
05-22 10:29:57.041 D/NetworkThread(13146): 		<integer>24043520</integer>
05-22 10:29:57.041 D/NetworkThread(13146): 		<key>language</key>
05-22 10:29:57.041 D/NetworkThread(13146): 		<string>en-US</string>
05-22 10:29:57.041 D/NetworkThread(13146): 		<key>netSpeed</key>
05-22 10:29:57.041 D/NetworkThread(13146): 		<dict>
05-22 10:29:57.041 D/NetworkThread(13146): 			<key>downlink</key>
05-22 10:29:57.041 D/NetworkThread(13146): 			<real>1.2396501666666666E7</real>
05-22 10:29:57.041 D/NetworkThread(13146): 			<key>uplink</key>
05-22 10:29:57.041 D/NetworkThread(13146): 			<real>9502592.0</real>
05-22 10:29:57.041 D/NetworkThread(13146): 		</dict>
05-22 10:29:57.041 D/NetworkThread(13146): 		<key>ramTotal</key>
05-22 10:29:57.041 D/NetworkThread(13146): 		<string>728023040</string>
05-22 10:29:57.041 D/NetworkThread(13146): 		<key>ramUsed</key>
05-22 10:29:57.041 D/NetworkThread(13146): 		<string>703979520</string>
05-22 10:29:57.041 D/NetworkThread(13146): 		<key>trafficBytes</key>
05-22 10:29:57.041 D/NetworkThread(13146): 		<integer>0</integer>
05-22 10:29:57.041 D/NetworkThread(13146): 		<key>AvailableDeviceCapacity</key>
05-22 10:29:57.041 D/NetworkThread(13146): 		<real>1.3417424E7</real>
05-22 10:29:57.041 D/NetworkThread(13146): 		<key>BuildVersion</key>
05-22 10:29:57.041 D/NetworkThread(13146): 		<string>REL</string>
05-22 10:29:57.041 D/NetworkThread(13146): 		<key>CanDisableSystemFunction</key>
05-22 10:29:57.041 D/NetworkThread(13146): 		<false/>
05-22 10:29:57.041 D/NetworkThread(13146): 		<key>CellularTechnology</key>
05-22 10:29:57.041 D/NetworkThread(13146): 		<integer>3</integer>
05-22 10:29:57.041 D/NetworkThread(13146): 		<key>CurrentCarrierNetwork</key>
05-22 10:29:57.041 D/NetworkThread(13146): 		<string></string>
05-22 10:29:57.041 D/NetworkThread(13146): 		<key>CurrentMCC</key>
05-22 10:29:57.041 D/NetworkThread(13146): 		<string>cn</string>
05-22 10:29:57.041 D/NetworkThread(13146): 		<key>CurrentMNC</key>
05-22 10:29:57.041 D/NetworkThread(13146): 		<string>46001</string>
05-22 10:29:57.041 D/NetworkThread(13146): 		<key>DataRoamingEnabled</key>
05-22 10:29:57.041 D/NetworkThread(13146): 		<false/>
05-22 10:29:57.041 D/NetworkThread(13146): 		<key>DeviceCapacity</key>
05-22 10:29:57.041 D/NetworkThread(13146): 		<real>1.3975888E7</real>
05-22 10:29:57.041 D/NetworkThread(13146): 		<key>HasSamsungSafeAPI</key>
05-22 10:29:57.041 D/NetworkThread(13146): 		<false/>
05-22 10:29:57.041 D/NetworkThread(13146): 		<key>ICCID</key>
05-22 10:29:57.041 D/NetworkThread(13146): 		<string></string>
05-22 10:29:57.041 D/NetworkThread(13146): 		<key>IMEI</key>
05-22 10:29:57.041 D/NetworkThread(13146): 		<string>351554059027897</string>
05-22 10:29:57.041 D/NetworkThread(13146): 		<key>IsRoaming</key>
05-22 10:29:57.041 D/NetworkThread(13146): 		<false/>
05-22 10:29:57.041 D/NetworkThread(13146): 		<key>Model</key>
05-22 10:29:57.041 D/NetworkThread(13146): 		<string>Galaxy Nexus</string>
05-22 10:29:57.041 D/NetworkThread(13146): 		<key>OSVersion</key>
05-22 10:29:57.041 D/NetworkThread(13146): 		<string>4.3</string>
05-22 10:29:57.041 D/NetworkThread(13146): 		<key>PhoneNumber</key>
05-22 10:29:57.041 D/NetworkThread(13146): 		<string>0</string>
05-22 10:29:57.041 D/NetworkThread(13146): 		<key>ProductName</key>
05-22 10:29:57.041 D/NetworkThread(13146): 		<string>yakju</string>
05-22 10:29:57.041 D/NetworkThread(13146): 		<key>SIMCarrierNetwork</key>
05-22 10:29:57.041 D/NetworkThread(13146): 		<string></string>
05-22 10:29:57.041 D/NetworkThread(13146): 		<key>SerialNumber</key>
05-22 10:29:57.041 D/NetworkThread(13146): 		<string>014E0FFF06015018</string>
05-22 10:29:57.041 D/NetworkThread(13146): 		<key>UDID</key>
05-22 10:29:57.041 D/NetworkThread(13146): 		<string>00013fbc8ecec5b90000014621c34147</string>
05-22 10:29:57.041 D/NetworkThread(13146): 		<key>WiFiMAC</key>
05-22 10:29:57.041 D/NetworkThread(13146): 		<string>20:64:32:7a:19:48</string>
05-22 10:29:57.041 D/NetworkThread(13146): 	</dict>
05-22 10:29:57.041 D/NetworkThread(13146): 	<key>CommandUUID</key>
05-22 10:29:57.041 D/NetworkThread(13146): 	<string>25c6cf17-4cab-43be-943b-38073fa4498e</string>
05-22 10:29:57.041 D/NetworkThread(13146): 	<key>Status</key>
05-22 10:29:57.041 D/NetworkThread(13146): 	<string>Acknowledged</string>
05-22 10:29:57.041 D/NetworkThread(13146): 	<key>UDID</key>
05-22 10:29:57.041 D/NetworkThread(13146): 	<string>00013fbc8ecec5b90000014621c34147</string>
05-22 10:29:57.041 D/NetworkThread(13146): </dict>
05-22 10:29:57.041 D/NetworkThread(13146): </plist>], 
05-22 10:29:57.041 D/HttpClient(13146): enable apache.http debug
05-22 10:29:57.049 V/DEBUG   (13146): HTTP 0
05-22 10:29:57.736 D/MDM :   (13146): [null:-1]->statusCode : 200
05-22 10:29:57.736 D/MDM :   (13146): [null:-1]->statusCode : 200
05-22 10:29:57.736 V/DEBUG   (13146): HTTP 1
05-22 10:29:57.744 D/MDM :   (13146): [null:-1]->read network input stream
05-22 10:29:57.744 D/MDM :   (13146): [null:-1]->Get joson string: <?xml version="1.0" encoding="UTF-8"?>
05-22 10:29:57.744 D/MDM :   (13146): <!DOCTYPE plist PUBLIC "-//Apple//DTD PLIST 1.0//EN" "http://www.apple.com/DTDs/PropertyList-1.0.dtd">
05-22 10:29:57.744 D/MDM :   (13146): <plist version="1.0">
05-22 10:29:57.744 D/MDM :   (13146): <dict>
05-22 10:29:57.744 D/MDM :   (13146): 	<key>CommandUUID</key>
05-22 10:29:57.744 D/MDM :   (13146): 	<string>10d32710-5494-4d4f-b76f-52f9193f8285</string>
05-22 10:29:57.744 D/MDM :   (13146): 	<key>Command</key>
05-22 10:29:57.744 D/MDM :   (13146): 	<dict>
05-22 10:29:57.744 D/MDM :   (13146): 		<key>RequestType</key>
05-22 10:29:57.744 D/MDM :   (13146): 		<string>ManagedApplicationList</string>
05-22 10:29:57.744 D/MDM :   (13146): 	</dict>
05-22 10:29:57.744 D/MDM :   (13146): </dict>
05-22 10:29:57.744 D/MDM :   (13146): </plist>
05-22 10:29:57.752 D/MdmDatabaseHelper(13146): [null:-1]->update command 25c6cf17-4cab-43be-943b-38073fa4498e to status executed
05-22 10:29:57.783 D/CheckInTransInfo(13146): [null:-1]->CommandMsg : CommandMsg{CommandUUID='10d32710-5494-4d4f-b76f-52f9193f8285', Command=CommandObject{RequestType='ManagedApplicationList'}}
05-22 10:29:58.033 D/dalvikvm(13146): JIT unchain all for threadid=11
05-22 10:29:58.041 D/NetworkThread(13146): [null:-1]->clear mCurrentTransInfo
05-22 10:29:58.041 D/NetworkThread(13146): [null:-1]->queue is empty, thread wait...
05-22 10:29:58.314 D/dalvikvm(13146): JIT unchain all for threadid=11
05-22 10:29:58.322 D/MdmService(13146): [null:-1]->handleCheckInResult
05-22 10:29:58.322 D/MdmService(13146): [null:-1]->handleCheckInResult result keyIndex: 3
05-22 10:29:58.346 D/dalvikvm(13146): GC_CONCURRENT freed 4630K, 34% free 23569K/35180K, paused 258ms+262ms, total 560ms
05-22 10:29:58.346 D/CommandManager(13146): [null:-1]->execute command: CommandMsg{CommandUUID='10d32710-5494-4d4f-b76f-52f9193f8285', Command=CommandObject{RequestType='ManagedApplicationList'}}
05-22 10:29:58.353 D/CommandManager(13146): [null:-1]->requestType: ManagedApplicationList
05-22 10:29:58.385 W/Parcel  ( 1661): Attempt to read object from Parcel 0x5ded3dac at offset 200 that is not in the object list
05-22 10:29:58.392 D/MdmDatabaseHelper(13146): [null:-1]->update command 10d32710-5494-4d4f-b76f-52f9193f8285 to commandStatus <?xml version="1.0" encoding="UTF-8"?>
05-22 10:29:58.392 D/MdmDatabaseHelper(13146): <!DOCTYPE plist PUBLIC "-//Apple//DTD PLIST 1.0//EN" "http://www.apple.com/DTDs/PropertyList-1.0.dtd">
05-22 10:29:58.392 D/MdmDatabaseHelper(13146): <plist version="1.0">
05-22 10:29:58.392 D/MdmDatabaseHelper(13146): <dict>
05-22 10:29:58.392 D/MdmDatabaseHelper(13146): 	<key>ManagedApplicationList</key>
05-22 10:29:58.392 D/MdmDatabaseHelper(13146): 	<dict>
05-22 10:29:58.392 D/MdmDatabaseHelper(13146): 	</dict>
05-22 10:29:58.392 D/MdmDatabaseHelper(13146): 	<key>CommandUUID</key>
05-22 10:29:58.392 D/MdmDatabaseHelper(13146): 	<string>10d32710-5494-4d4f-b76f-52f9193f8285</string>
05-22 10:29:58.392 D/MdmDatabaseHelper(13146): 	<key>Status</key>
05-22 10:29:58.392 D/MdmDatabaseHelper(13146): 	<string>Acknowledged</string>
05-22 10:29:58.392 D/MdmDatabaseHelper(13146): 	<key>UDID</key>
05-22 10:29:58.392 D/MdmDatabaseHelper(13146): 	<string>00013fbc8ecec5b90000014621c34147</string>
05-22 10:29:58.392 D/MdmDatabaseHelper(13146): </dict>
05-22 10:29:58.392 D/MdmDatabaseHelper(13146): </plist>
05-22 10:29:58.424 I/TransInfo(13146): TransInfo created, id: 3, class: class com.pekall.emdm.transaction.c.b
05-22 10:29:58.424 D/NetworkThread(13146): [null:-1]->----isRunning-----true
05-22 10:29:58.431 D/NetworkThread(13146): [null:-1]->----isRunning-----true
05-22 10:29:58.431 D/NetworkThread(13146): [null:-1]->thread wakeup
05-22 10:29:58.431 D/NetworkThread(13146): [null:-1]->sendHttpPost:PostRequest, url: http://192.168.10.21/rest/mdm/v1/ios/android_server, Params: [content:<?xml version="1.0" encoding="UTF-8"?>
05-22 10:29:58.431 D/NetworkThread(13146): <!DOCTYPE plist PUBLIC "-//Apple//DTD PLIST 1.0//EN" "http://www.apple.com/DTDs/PropertyList-1.0.dtd">
05-22 10:29:58.431 D/NetworkThread(13146): <plist version="1.0">
05-22 10:29:58.431 D/NetworkThread(13146): <dict>
05-22 10:29:58.431 D/NetworkThread(13146): 	<key>ManagedApplicationList</key>
05-22 10:29:58.431 D/NetworkThread(13146): 	<dict>
05-22 10:29:58.431 D/NetworkThread(13146): 	</dict>
05-22 10:29:58.431 D/NetworkThread(13146): 	<key>CommandUUID</key>
05-22 10:29:58.431 D/NetworkThread(13146): 	<string>10d32710-5494-4d4f-b76f-52f9193f8285</string>
