05-22 16:53:25.195 D/dalvikvm(  375): GC_EXPLICIT freed 1786K, 16% free 19234K/22820K, paused 4ms+14ms, total 127ms
05-22 16:53:25.773 I/Process (  375): Sending signal. PID: 7213 SIG: 3
05-22 16:53:25.773 I/dalvikvm( 7213): threadid=3: reacting to signal 3
05-22 16:53:25.968 I/Process (  375): Sending signal. PID: 802 SIG: 3
05-22 16:53:25.976 I/dalvikvm(  802): threadid=3: reacting to signal 3
05-22 16:53:26.023 D/dalvikvm( 7213): JIT unchain all for threadid=11
05-22 16:53:26.046 I/dalvikvm(  802): Wrote stack traces to '/data/anr/traces.txt'
05-22 16:53:26.054 E/ActivityManager(  375): ANR in com.pekall.emdm.launcher:remote
05-22 16:53:26.054 E/ActivityManager(  375): Reason: Executing service com.pekall.emdm.launcher/com.baidu.location.f
05-22 16:53:26.054 E/ActivityManager(  375): Load: 2.74 / 1.84 / 1.47
05-22 16:53:26.054 E/ActivityManager(  375): CPU usage from 7045ms to 656ms ago:
05-22 16:53:26.054 E/ActivityManager(  375):   96% 7213/com.pekall.emdm.launcher: 91% user + 5.4% kernel / faults: 11269 minor 2 major
05-22 16:53:26.054 E/ActivityManager(  375):   80% 7389/com.pekall.emdm.launcher:remote: 80% user + 0% kernel / faults: 1 minor
05-22 16:53:26.054 E/ActivityManager(  375):   7% 375/system_server: 4.6% user + 2.3% kernel / faults: 751 minor
05-22 16:53:26.054 E/ActivityManager(  375):   2.5% 124/surfaceflinger: 1.4% user + 1% kernel / faults: 3005 minor
05-22 16:53:26.054 E/ActivityManager(  375):   0.2% 127/mediaserver: 0.1% user + 0% kernel / faults: 3 minor
05-22 16:53:26.054 E/ActivityManager(  375):   2.3% 7423/uiautomator: 1.5% user + 0.7% kernel / faults: 923 minor
05-22 16:53:26.054 E/ActivityManager(  375):   2% 802/com.qihoo360.mobilesafe:GuardService: 1.7% user + 0.3% kernel / faults: 283 minor
05-22 16:53:26.054 E/ActivityManager(  375):   1.2% 450/com.android.systemui: 1% user + 0.1% kernel / faults: 32 minor
05-22 16:53:26.054 E/ActivityManager(  375):   1% 6184/com.dragon.android.pandaspace: 0.9% user + 0.1% kernel / faults: 569 minor
05-22 16:53:26.054 E/ActivityManager(  375):   0.6% 134/adbd: 0.1% user + 0.4% kernel
05-22 16:53:26.054 E/ActivityManager(  375):   0.4% 5318/kworker/0:0: 0% user + 0.4% kernel
05-22 16:53:26.054 E/ActivityManager(  375):   0% 6340/kworker/u:4: 0% user + 0% kernel
05-22 16:53:26.054 E/ActivityManager(  375):   0.3% 6913/kworker/u:1: 0% user + 0.3% kernel
05-22 16:53:26.054 E/ActivityManager(  375):   0.3% 6916/com.qihoo.appstore: 0.3% user + 0% kernel / faults: 2 minor
05-22 16:53:26.054 E/ActivityManager(  375):   0.3% 6939/kworker/u:3: 0% user + 0.3% kernel
05-22 16:53:26.054 E/ActivityManager(  375):   0% 24/kswapd0: 0% user + 0% kernel
05-22 16:53:26.054 E/ActivityManager(  375):   0% 114/jbd2/mmcblk0p12: 0% user + 0% kernel
05-22 16:53:26.054 E/ActivityManager(  375):   0% 116/servicemanager: 0% user + 0% kernel
05-22 16:53:26.054 E/ActivityManager(  375):   0% 121/netd: 0% user + 0% kernel
05-22 16:53:26.054 E/ActivityManager(  375):   0% 441/wpa_supplicant: 0% user + 0% kernel
05-22 16:53:26.054 E/ActivityManager(  375):   0% 527/com.google.android.inputmethod.latin: 0% user + 0% kernel / faults: 28 minor
05-22 16:53:26.054 E/ActivityManager(  375):   0% 587/com.android.nfc: 0% user + 0% kernel / faults: 16 minor
05-22 16:53:26.054 E/ActivityManager(  375):   0% 5537/kworker/1:1: 0% user + 0% kernel
05-22 16:53:26.054 E/ActivityManager(  375):   0% 5626/com.tencent.android.qqdownloader: 0% user + 0% kernel / faults: 25 minor
05-22 16:53:26.054 E/ActivityManager(  375):   0.1% 7386/logcat: 0.1% user + 0% kernel
05-22 16:53:26.054 E/ActivityManager(  375):  +0% 7446/kworker/1:2: 0% user + 0% kernel
05-22 16:53:26.054 E/ActivityManager(  375): 100% TOTAL: 93% user + 6.8% kernel
05-22 16:53:26.054 E/ActivityManager(  375): CPU usage from 2069ms to 2608ms later with 99% awake:
05-22 16:53:26.054 E/ActivityManager(  375):   96% 7389/com.pekall.emdm.launcher:remote: 96% user + 0% kernel
05-22 16:53:26.054 E/ActivityManager(  375):     98% 7402/Thread-369: 98% user + 0% kernel
05-22 16:53:26.054 E/ActivityManager(  375):   96% 7213/com.pekall.emdm.launcher: 96% user + 0% kernel
05-22 16:53:26.054 E/ActivityManager(  375):     94% 7226/Thread-360: 94% user + 0% kernel
05-22 16:53:26.054 E/ActivityManager(  375):   5.6% 375/system_server: 1.8% user + 3.7% kernel / faults: 2 minor
05-22 16:53:26.054 E/ActivityManager(  375):     5.6% 391/ActivityManager: 1.8% user + 3.7% kernel
05-22 16:53:26.054 E/ActivityManager(  375):   1.2% 802/com.qihoo360.mobilesafe:GuardService: 1.2% user + 0% kernel / faults: 2 minor
05-22 16:53:26.054 E/ActivityManager(  375): 100% TOTAL: 97% user + 2.7% kernel
05-22 16:53:26.054 W/ActivityManager(  375): Killing ProcessRecord{42c57978 7389:com.pekall.emdm.launcher:remote/u0a10066}: background ANR
05-22 16:53:26.109 I/dalvikvm( 7213): Wrote stack traces to '/data/anr/traces.txt'
05-22 16:53:26.148 D/dalvikvm(  375): GC_FOR_ALLOC freed 1489K, 17% free 19095K/22820K, paused 74ms, total 74ms
05-22 16:53:26.148 I/ActivityManager(  375): Process com.pekall.emdm.launcher:remote (pid 7389) has died.
05-22 16:53:26.148 W/ActivityManager(  375): Scheduling restart of crashed service com.pekall.emdm.launcher/com.baidu.location.f in 20000ms
05-22 16:53:32.241 D/dalvikvm(  802): GC_EXPLICIT freed 89K, 24% free 12167K/15964K, paused 2ms+3ms, total 43ms
05-22 16:53:41.804 D/MDM :   ( 7213): [null:-1]->MSG_WEBSOCKET_MESSAGE : {"id":1810573894,"type":0,"command":0,"result":0,"reason":0,"params":{"msgId":"e0d00fff-fd15-48a3-89c5-87bb78cc429d,e0d00ffffd1548a389c587bb78cc429d","device":"00013fbc8ecec5b90000014623216a8f","message":"{\"cmd\":\"10119\"}"}}
05-22 16:53:41.820 D/MdmService( 7213): [null:-1]->push message type :0
05-22 16:53:41.820 D/MdmService( 7213): [null:-1]->cmdMessage : {"cmd":"10119"}
05-22 16:53:41.820 D/MdmService( 7213): [null:-1]->command : PushCommandMsg{cmd='10119', msg='null'}
05-22 16:53:41.820 D/MdmStatusManager( 7213): [null:-1]->change status to : Busy
05-22 16:53:41.827 I/TransInfo( 7213): TransInfo created, id: 3, class: class com.pekall.emdm.transaction.c.b
05-22 16:53:41.827 D/NetworkThread( 7213): [null:-1]->----isRunning-----true
05-22 16:53:41.827 D/NetworkThread( 7213): [null:-1]->----isRunning-----true
05-22 16:53:41.827 D/NetworkThread( 7213): [null:-1]->thread wakeup
05-22 16:53:41.843 D/NetworkThread( 7213): [null:-1]->sendHttpPost:PostRequest, url: http://192.168.10.21/rest/mdm/v1/ios/android_server, Params: [content:<?xml version="1.0" encoding="UTF-8"?>
05-22 16:53:41.843 D/NetworkThread( 7213): <!DOCTYPE plist PUBLIC "-//Apple//DTD PLIST 1.0//EN" "http://www.apple.com/DTDs/PropertyList-1.0.dtd">
05-22 16:53:41.843 D/NetworkThread( 7213): <plist version="1.0">
05-22 16:53:41.843 D/NetworkThread( 7213): <dict>
05-22 16:53:41.843 D/NetworkThread( 7213): 	<key>Status</key>
05-22 16:53:41.843 D/NetworkThread( 7213): 	<string>Idle</string>
05-22 16:53:41.843 D/NetworkThread( 7213): 	<key>UDID</key>
05-22 16:53:41.843 D/NetworkThread( 7213): 	<string>00013fbc8ecec5b90000014623216a8f</string>
05-22 16:53:41.843 D/NetworkThread( 7213): </dict>
05-22 16:53:41.843 D/NetworkThread( 7213): </plist>], 
05-22 16:53:41.843 D/HttpClient( 7213): enable apache.http debug
05-22 16:53:41.851 V/DEBUG   ( 7213): HTTP 0
05-22 16:53:42.202 D/MDM :   ( 7213): [null:-1]->statusCode : 200
05-22 16:53:42.202 D/MDM :   ( 7213): [null:-1]->statusCode : 200
05-22 16:53:42.202 V/DEBUG   ( 7213): HTTP 1
05-22 16:53:42.202 D/MDM :   ( 7213): [null:-1]->read network input stream
05-22 16:53:42.210 D/MDM :   ( 7213): [null:-1]->Get joson string: <?xml version="1.0" encoding="UTF-8"?>
05-22 16:53:42.210 D/MDM :   ( 7213): <!DOCTYPE plist PUBLIC "-//Apple//DTD PLIST 1.0//EN" "http://www.apple.com/DTDs/PropertyList-1.0.dtd">
05-22 16:53:42.210 D/MDM :   ( 7213): <plist version="1.0">
05-22 16:53:42.210 D/MDM :   ( 7213): <dict>
05-22 16:53:42.210 D/MDM :   ( 7213): 	<key>CommandUUID</key>
05-22 16:53:42.210 D/MDM :   ( 7213): 	<string>b2409fd2-9036-46f8-b445-13637e84262a</string>
05-22 16:53:42.210 D/MDM :   ( 7213): 	<key>Command</key>
05-22 16:53:42.210 D/MDM :   ( 7213): 	<dict>
05-22 16:53:42.210 D/MDM :   ( 7213): 		<key>RequestType</key>
05-22 16:53:42.210 D/MDM :   ( 7213): 		<string>Location</string>
05-22 16:53:42.210 D/MDM :   ( 7213): 	</dict>
05-22 16:53:42.210 D/MDM :   ( 7213): </dict>
05-22 16:53:42.210 D/MDM :   ( 7213): </plist>
05-22 16:53:42.218 D/CheckInTransInfo( 7213): [null:-1]->CommandMsg : CommandMsg{CommandUUID='b2409fd2-9036-46f8-b445-13637e84262a', Command=CommandObject{RequestType='Location'}}
05-22 16:53:42.249 D/NetworkThread( 7213): [null:-1]->clear mCurrentTransInfo
05-22 16:53:42.249 D/NetworkThread( 7213): [null:-1]->queue is empty, thread wait...
05-22 16:53:42.351 D/MdmService( 7213): [null:-1]->handleCheckInResult
05-22 16:53:42.351 D/MdmService( 7213): [null:-1]->handleCheckInResult result keyIndex: 3
05-22 16:53:42.351 D/CommandManager( 7213): [null:-1]->execute command: CommandMsg{CommandUUID='b2409fd2-9036-46f8-b445-13637e84262a', Command=CommandObject{RequestType='Location'}}
05-22 16:53:42.351 W/Parcel  (  802): Attempt to read object from Parcel 0x5ed47dac at offset 200 that is not in the object list
05-22 16:53:42.351 D/MdmService( 7213): [null:-1]->receiver action :com.pekall.mdm.action.LOCATION
05-22 16:53:42.374 D/dalvikvm( 7461): Late-enabling CheckJNI
05-22 16:53:42.374 I/ActivityManager(  375): Start proc com.pekall.emdm.launcher:remote for service com.pekall.emdm.launcher/com.baidu.location.f: pid=7461 uid=10066 gids={50066, 1015, 3002, 3001, 3003, 1028}
05-22 16:53:42.398 D/dalvikvm(  125): GC_EXPLICIT freed 44K, 1% free 8863K/8944K, paused 2ms+2ms, total 30ms
05-22 16:53:42.413 D/dalvikvm(  125): GC_EXPLICIT freed <1K, 1% free 8863K/8944K, paused 1ms+2ms, total 18ms
05-22 16:53:42.429 D/dalvikvm(  125): GC_EXPLICIT freed <1K, 1% free 8863K/8944K, paused 1ms+2ms, total 19ms
05-22 16:53:42.445 V/MyServiceConnection( 7461): [SConnection] sandbox service is NOT installed.
05-22 16:53:42.445 D/ScClassLoader( 7461): >> SOURCE FILE: /data/data/com.pekall.emdm.launcher/app_jars/sc-jdk15on-1.47.0.2.dex.jar
05-22 16:53:42.452 V/MyServiceConnection( 7461): [SConnection] binding service: pekall.intent.action.SANDBOX_SERVICE
05-22 16:53:42.484 D/dalvikvm( 7461): GC_CONCURRENT freed 161K, 3% free 9211K/9412K, paused 3ms+1ms, total 25ms
05-22 16:53:42.507 W/Parcel  (  802): Attempt to read object from Parcel 0x5f747dac at offset 200 that is not in the object list
05-22 16:53:42.507 W/Parcel  (  802): Attempt to read object from Parcel 0x5e0dfdac at offset 200 that is not in the object list
05-22 16:53:42.507 D/Email   ( 7461): Email: init sandbox at the beginning.
05-22 16:53:42.507 V/MyServiceConnection( 7461): [SConnection] retry to bind service
05-22 16:53:42.507 V/MyServiceConnection( 7461): [SConnection] sandbox service is NOT installed.
05-22 16:53:42.507 V/MyServiceConnection( 7461): [SConnection] binding service: pekall.intent.action.SANDBOX_SERVICE
05-22 16:53:42.538 V/MyServiceConnection( 7461): [SConnection] retry to bind service
05-22 16:53:42.538 V/MyServiceConnection( 7461): [SConnection] sandbox service is NOT installed.
05-22 16:53:42.538 V/MyServiceConnection( 7461): [SConnection] binding service: pekall.intent.action.SANDBOX_SERVICE
05-22 16:53:42.562 V/l       ( 7461): Bind requested for task setLogging
05-22 16:53:42.570 D/dalvikvm( 7461): GC_CONCURRENT freed 232K, 3% free 9512K/9756K, paused 3ms+3ms, total 31ms
05-22 16:53:42.570 D/dalvikvm( 7461): WAIT_FOR_CONCURRENT_GC blocked 9ms
05-22 16:53:42.593 D/ActivityThread( 7461): Loading provider com.pekall.semail.provider;com.pekall.semail.notifier: com.pekall.semail.provider.EmailProvider
05-22 16:53:42.632 W/DocumentManager( 7461): Sandbox service is not connected.
05-22 16:53:42.632 D/MessageControllerImpl( 7461): controller is null
05-22 16:53:42.632 V/MyServiceConnection( 7461): [SConnection] retry to bind service
05-22 16:53:42.632 V/MyServiceConnection( 7461): [SConnection] sandbox service is NOT installed.
05-22 16:53:42.632 V/MyServiceConnection( 7461): [SConnection] binding service: pekall.intent.action.SANDBOX_SERVICE
05-22 16:53:42.632 W/SQLiteOpenHelper( 7461): Opened /data/data/com.pekall.emdm.launcher/databases/message.db
05-22 16:53:42.640 W/dalvikvm( 7461): No implementation found for native Lcom/pekall/sandbox/database/sqlite/SQLiteDatabase;.native_setSqliteSoftHeapLimit:(I)V
05-22 16:53:42.640 D/AndroidRuntime( 7461): Shutting down VM
05-22 16:53:42.640 W/dalvikvm( 7461): threadid=1: thread exiting with uncaught exception (group=0x41993700)
05-22 16:53:42.648 D/        ( 7461): [---null: -1---]  Thread is main
05-22 16:53:42.648 W/System.err( 7461): java.lang.UnsatisfiedLinkError: Native method not found: com.pekall.sandbox.database.sqlite.SQLiteDatabase.native_setSqliteSoftHeapLimit:(I)V
05-22 16:53:42.648 W/System.err( 7461): 	at com.pekall.sandbox.database.sqlite.SQLiteDatabase.native_setSqliteSoftHeapLimit(Native Method)
05-22 16:53:42.648 W/System.err( 7461): 	at com.pekall.sandbox.database.sqlite.SQLiteDatabase.<init>(Unknown Source)
05-22 16:53:42.648 W/System.err( 7461): 	at com.pekall.sandbox.database.sqlite.SQLiteDatabase.openDatabase(Unknown Source)
05-22 16:53:42.648 W/System.err( 7461): 	at com.pekall.sandbox.database.sqlite.SQLiteDatabase.openDatabase(Unknown Source)
05-22 16:53:42.648 W/System.err( 7461): 	at com.pekall.sandbox.database.sqlite.SQLiteDatabase.openDatabase(Unknown Source)
05-22 16:53:42.648 W/System.err( 7461): 	at com.pekall.sandbox.database.sqlite.SQLiteOpenHelper.getWritableDatabase(Unknown Source)
05-22 16:53:42.648 W/System.err( 7461): 	at com.pekall.emdm.messagecenter.db.a.a(Unknown Source)
05-22 16:53:42.648 W/System.err( 7461): 	at com.pekall.emdm.messagecenter.db.a.b(Unknown Source)
05-22 16:53:42.648 W/System.err( 7461): 	at com.pekall.emdm.messagecenter.activity.a.onCreate(Unknown Source)
05-22 16:53:42.648 W/System.err( 7461): 	at com.pekall.emdm.launcher.LauncherApplication.onCreate(Unknown Source)
05-22 16:53:42.648 W/System.err( 7461): 	at android.app.Instrumentation.callApplicationOnCreate(Instrumentation.java:1007)
05-22 16:53:42.648 W/System.err( 7461): 	at android.app.ActivityThread.handleBindApplication(ActivityThread.java:4444)
05-22 16:53:42.648 W/System.err( 7461): 	at android.app.ActivityThread.access$1300(ActivityThread.java:141)
05-22 16:53:42.648 W/System.err( 7461): 	at android.app.ActivityThread$H.handleMessage(ActivityThread.java:1316)
05-22 16:53:42.648 W/System.err( 7461): 	at android.os.Handler.dispatchMessage(Handler.java:99)
05-22 16:53:42.648 W/System.err( 7461): 	at android.os.Looper.loop(Looper.java:137)
05-22 16:53:42.648 W/System.err( 7461): 	at android.app.ActivityThread.main(ActivityThread.java:5103)
05-22 16:53:42.648 W/System.err( 7461): 	at java.lang.reflect.Method.invokeNative(Native Method)
05-22 16:53:42.648 W/System.err( 7461): 	at java.lang.reflect.Method.invoke(Method.java:525)
05-22 16:53:42.648 W/System.err( 7461): 	at com.android.internal.os.ZygoteInit$MethodAndArgsCaller.run(ZygoteInit.java:737)
05-22 16:53:42.648 W/System.err( 7461): 	at com.android.internal.os.ZygoteInit.main(ZygoteInit.java:553)
05-22 16:53:42.648 W/System.err( 7461): 	at dalvik.system.NativeStart.main(Native Method)
05-22 16:53:42.656 D/ActivityThread( 7461): Loading provider com.pekall.semail.provider;com.pekall.semail.notifier: com.pekall.semail.provider.EmailProvider
05-22 16:53:42.812 D/dalvikvm( 7461): GC_CONCURRENT freed 469K, 6% free 9427K/9936K, paused 4ms+2ms, total 35ms
05-22 16:53:43.343 W/EmailProvider( 7461): restoreIfNeeded...
05-22 16:53:43.398 D/EmailProvider( 7461): restoreAccounts...
05-22 16:53:45.007 D/EmailProvider( 7461): No accounts to restore...
05-22 16:53:45.007 D/EmailProvider( 7461): Deleting orphans...
05-22 16:53:45.046 D/EmailProvider( 7461): EmailProvider pre-caching...
05-22 16:53:45.281 D/EmailProvider( 7461): EmailProvider ready.
05-22 16:53:45.734 W/ActivityManager(  375): Unable to start service Intent { cmp=com.pekall.emdm.launcher/com.pekall.semail.service.AttachmentDownloadService } U=0: not found
05-22 16:53:45.757 I/Email   ( 7461): Notifications being toggled: false
05-22 16:53:46.054 D/LightsService(  375): Excessive delay setting light: 148ms
05-22 16:53:46.109 D/LightsService(  375): Excessive delay setting light: 57ms
05-22 16:53:46.312 D/LightsService(  375): Excessive delay setting light: 67ms
05-22 16:53:48.468 V/a       ( 7213): Wait for reconcileAccounts finished in 45023ms
05-22 16:53:48.593 D/ExchangeService( 7213): !!! EAS ExchangeService, stopping self
05-22 16:53:50.851 W/Parcel  (  802): Attempt to read object from Parcel 0x5f747dac at offset 200 that is not in the object list
05-22 16:53:50.859 W/MountService(  375): getVolumeState(/storage/emulated/0/external_sd): Unknown volume
05-22 16:53:50.859 W/MountService(  375): getVolumeState(/mnt/sdcard-ext): Unknown volume
05-22 16:53:50.866 W/MountService(  375): getVolumeState(/mnt/ext_sdcard): Unknown volume
05-22 16:53:50.866 W/MountService(  375): getVolumeState(/mnt/sdcard2): Unknown volume
05-22 16:53:50.866 W/MountService(  375): getVolumeState(/mnt/emmc): Unknown volume
05-22 16:53:50.866 W/MountService(  375): getVolumeState(/mnt/extSdCard): Unknown volume
05-22 16:53:50.866 W/MountService(  375): getVolumeState(/mnt/sdcard/SD_CARD): Unknown volume
05-22 16:53:50.866 W/MountService(  375): getVolumeState(/mnt/sdcard/extra_sd): Unknown volume
05-22 16:53:50.866 W/MountService(  375): getVolumeState(/mnt/extrasd_bind): Unknown volume
05-22 16:53:50.866 W/MountService(  375): getVolumeState(/mnt/sdcard/ext_sd): Unknown volume
05-22 16:53:50.866 W/MountService(  375): getVolumeState(/storage/extSdCard): Unknown volume
05-22 16:53:50.866 W/MountService(  375): getVolumeState(/storage/sdcard1): Unknown volume
05-22 16:53:50.866 W/MountService(  375): getVolumeState(/mnt/sdcard/external_SD): Unknown volume
05-22 16:53:50.866 W/MountService(  375): getVolumeState(/mnt/sdcard/external_sd): Unknown volume
05-22 16:53:51.851 I/PowerManagerService(  375): Going to sleep due to screen timeout...
05-22 16:53:52.366 D/dalvikvm( 1693): GC_CONCURRENT freed 498K, 20% free 9490K/11796K, paused 32ms+427ms, total 1223ms
05-22 16:53:52.366 D/dalvikvm( 1693): WAIT_FOR_CONCURRENT_GC blocked 160ms
05-22 16:53:52.507 D/SurfaceFlinger(  124): Screen released, type=0 flinger=0x4188b478
05-22 16:53:52.656 D/dalvikvm(  375): GC_FOR_ALLOC freed 1518K, 18% free 18837K/22820K, paused 127ms, total 137ms
05-22 16:53:52.656 D/LauncherApplication( 7213): [null:-1]->onActivityPaused
05-22 16:53:52.687 D/LauncherApplication( 7213): [null:-1]->onActivityPaused  updateTime
05-22 16:53:53.163 W/Parcel  (  802): Attempt to read object from Parcel 0x5ed47dac at offset 200 that is not in the object list
05-22 16:53:53.179 V/WiseDownloadConditionControler( 5626): checkCondition  type : TODAY_LAUNCHED_USER  inerrupting: false
05-22 16:53:53.210 D/NfcService(  587): NFC-C OFF, disconnect
05-22 16:53:53.226 W/Parcel  (  802): Attempt to read object from Parcel 0x5f747dac at offset 200 that is not in the object list
05-22 16:53:53.249 V/MDM :   ( 7213): [null:-1]->Screen receiver is called.
05-22 16:53:53.257 W/Parcel  (  802): Attempt to read object from Parcel 0x5ed47dac at offset 200 that is not in the object list
05-22 16:53:55.257 W/MountService(  375): getVolumeState(/storage/emulated/0/external_sd): Unknown volume
05-22 16:53:55.281 W/MountService(  375): getVolumeState(/mnt/sdcard-ext): Unknown volume
05-22 16:53:55.320 W/MountService(  375): getVolumeState(/mnt/ext_sdcard): Unknown volume
05-22 16:53:55.320 W/MountService(  375): getVolumeState(/mnt/sdcard2): Unknown volume
05-22 16:53:55.320 W/MountService(  375): getVolumeState(/mnt/emmc): Unknown volume
05-22 16:53:55.320 W/MountService(  375): getVolumeState(/mnt/extSdCard): Unknown volume
05-22 16:53:55.366 W/MountService(  375): getVolumeState(/mnt/sdcard/SD_CARD): Unknown volume
05-22 16:53:55.390 W/MountService(  375): getVolumeState(/mnt/sdcard/extra_sd): Unknown volume
05-22 16:53:55.390 W/MountService(  375): getVolumeState(/mnt/extrasd_bind): Unknown volume
05-22 16:53:55.390 W/MountService(  375): getVolumeState(/mnt/sdcard/ext_sd): Unknown volume
05-22 16:53:55.390 W/MountService(  375): getVolumeState(/storage/extSdCard): Unknown volume
05-22 16:53:55.413 W/MountService(  375): getVolumeState(/storage/sdcard1): Unknown volume
05-22 16:53:55.413 W/MountService(  375): getVolumeState(/mnt/sdcard/external_SD): Unknown volume
05-22 16:53:55.413 W/MountService(  375): getVolumeState(/mnt/sdcard/external_sd): Unknown volume
05-22 16:53:55.812 D/dalvikvm( 1693): GC_CONCURRENT freed 489K, 20% free 9506K/11796K, paused 11ms+3ms, total 1001ms
05-22 16:53:55.812 D/dalvikvm( 1693): WAIT_FOR_CONCURRENT_GC blocked 461ms
05-22 16:53:55.812 D/dalvikvm( 1693): WAIT_FOR_CONCURRENT_GC blocked 386ms
05-22 16:53:57.632 V/KeyguardHostView(  375): hide transport, gen:1
05-22 16:53:57.632 V/KeyguardHostView(  375): music state changed: 0
05-22 16:53:57.679 D/PhoneStatusBar(  450): disable: < expand icons alerts ticker system_info back home RECENT* clock SEARCH* >
05-22 16:53:57.702 V/TAG     (  375): bug 7643792: fitSystemWindows([0,50][0,0])
05-22 16:53:57.835 D/PhoneStatusBar(  450): disable: < expand icons alerts ticker system_info BACK* HOME* RECENT CLOCK* SEARCH >
05-22 16:53:57.843 W/IInputConnectionWrapper(  375): showStatusIcon on inactive InputConnection
05-22 16:53:59.601 D/MDM :   ( 7213): [null:-1]->MSG_WEBSOCKET_MESSAGE : {"id":-1435769106,"type":0,"command":0,"result":0,"reason":0,"params":{"msgId":"82ba60c5-0ea4-4d64-bbd6-e56ac056c9d1,82ba60c50ea44d64bbd6e56ac056c9d1","device":"00013fbc8ecec5b90000014623216a8f","message":"{\"cmd\":\"10119\"}"}}
05-22 16:53:59.609 D/MdmService( 7213): [null:-1]->push message type :0
05-22 16:53:59.616 D/MdmService( 7213): [null:-1]->cmdMessage : {"cmd":"10119"}
05-22 16:53:59.616 D/MdmService( 7213): [null:-1]->command : PushCommandMsg{cmd='10119', msg='null'}
05-22 16:53:59.616 D/MdmService( 7213): [null:-1]->MdmStatusManager is busy , wait......
05-22 16:54:02.421 W/ActivityManager(  375): Timeout executing service: ServiceRecord{426d6610 u0 com.pekall.emdm.launcher/com.baidu.location.f}
05-22 16:54:02.460 I/Process (  375): Sending signal. PID: 7461 SIG: 3
05-22 16:54:02.460 I/dalvikvm( 7461): threadid=3: reacting to signal 3
05-22 16:54:02.656 I/Process (  375): Sending signal. PID: 375 SIG: 3
05-22 16:54:02.663 I/dalvikvm(  375): threadid=3: reacting to signal 3
05-22 16:54:02.710 D/dalvikvm( 7461): JIT unchain all for threadid=11
05-22 16:54:02.757 I/dalvikvm( 7461): Wrote stack traces to '/data/anr/traces.txt'
05-22 16:54:04.577 I/dalvikvm(  375): Wrote stack traces to '/data/anr/traces.txt'
05-22 16:54:04.616 I/Process (  375): Sending signal. PID: 580 SIG: 3
05-22 16:54:04.616 I/Process (  375): Sending signal. PID: 450 SIG: 3
05-22 16:54:04.616 I/dalvikvm(  580): threadid=3: reacting to signal 3
05-22 16:54:04.616 I/dalvikvm(  450): threadid=3: reacting to signal 3
05-22 16:54:04.616 I/Process (  375): Sending signal. PID: 587 SIG: 3
05-22 16:54:04.616 I/dalvikvm(  587): threadid=3: reacting to signal 3
05-22 16:54:04.695 I/dalvikvm(  580): Wrote stack traces to '/data/anr/traces.txt'
05-22 16:54:04.734 I/dalvikvm(  587): Wrote stack traces to '/data/anr/traces.txt'
05-22 16:54:04.788 I/dalvikvm(  450): Wrote stack traces to '/data/anr/traces.txt'
05-22 16:54:05.070 D/dalvikvm(  375): GC_CONCURRENT freed 1538K, 14% free 19798K/22820K, paused 5ms+11ms, total 128ms
05-22 16:54:05.070 D/dalvikvm(  375): WAIT_FOR_CONCURRENT_GC blocked 74ms
05-22 16:54:05.257 D/dalvikvm(  375): GC_EXPLICIT freed 626K, 15% free 19498K/22820K, paused 4ms+10ms, total 101ms
05-22 16:54:05.843 I/Process (  375): Sending signal. PID: 7213 SIG: 3
05-22 16:54:05.843 I/dalvikvm( 7213): threadid=3: reacting to signal 3
05-22 16:54:06.046 E/ActivityManager(  375): ANR in com.pekall.emdm.launcher:remote
05-22 16:54:06.046 E/ActivityManager(  375): Reason: Executing service com.pekall.emdm.launcher/com.baidu.location.f
05-22 16:54:06.046 E/ActivityManager(  375): Load: 3.36 / 2.1 / 1.58
05-22 16:54:06.046 E/ActivityManager(  375): CPU usage from 9770ms to 0ms ago with 99% awake:
05-22 16:54:06.046 E/ActivityManager(  375):   95% 7461/com.pekall.emdm.launcher:remote: 95% user + 0% kernel / faults: 1 minor
05-22 16:54:06.046 E/ActivityManager(  375):   93% 7213/com.pekall.emdm.launcher: 93% user + 0% kernel / faults: 188 minor
05-22 16:54:06.046 E/ActivityManager(  375):   5.7% 375/system_server: 4.1% user + 1.5% kernel / faults: 714 minor 1 major
05-22 16:54:06.046 E/ActivityManager(  375):   1.3% 1693/com.qihoo.daemon: 0.9% user + 0.4% kernel / faults: 244 minor
05-22 16:54:06.046 E/ActivityManager(  375):   0.7% 124/surfaceflinger: 0.3% user + 0.4% kernel / faults: 1702 minor
05-22 16:54:06.046 E/ActivityManager(  375):   0.5% 802/com.qihoo360.mobilesafe:GuardService: 0.2% user + 0.3% kernel / faults: 6 minor
05-22 16:54:06.046 E/ActivityManager(  375):   0.3% 450/com.android.systemui: 0.3% user + 0% kernel / faults: 108 minor
05-22 16:54:06.046 E/ActivityManager(  375):   0% 6423/android.process.media: 0% user + 0% kernel / faults: 21 minor
05-22 16:54:06.046 E/ActivityManager(  375):   0.2% 81/mmcqd/0: 0% user + 0.2% kernel
05-22 16:54:06.046 E/ActivityManager(  375):   0.2% 6916/com.qihoo.appstore: 0.1% user + 0.1% kernel / faults: 2 minor
05-22 16:54:06.046 E/ActivityManager(  375):   0% 114/jbd2/mmcblk0p12: 0% user + 0% kernel
05-22 16:54:06.046 E/ActivityManager(  375):   0% 133/sdcard: 0% user + 0% kernel
05-22 16:54:06.046 E/ActivityManager(  375):   0.1% 134/adbd: 0% user + 0.1% kernel
05-22 16:54:06.046 E/ActivityManager(  375):   0% 441/wpa_supplicant: 0% user + 0% kernel
05-22 16:54:06.046 E/ActivityManager(  375):   0% 587/com.android.nfc: 0% user + 0% kernel / faults: 6 minor
05-22 16:54:06.046 E/ActivityManager(  375):   0% 1150/com.android.launcher: 0% user + 0% kernel / faults: 3 minor
05-22 16:54:06.046 E/ActivityManager(  375):   0.1% 5318/kworker/0:0: 0% user + 0.1% kernel
05-22 16:54:06.046 E/ActivityManager(  375):   0% 6184/com.dragon.android.pandaspace: 0% user + 0% kernel / faults: 104 minor
05-22 16:54:06.046 E/ActivityManager(  375):   0% 6485/com.dragon.android.pandaspace:bdservice_v1: 0% user + 0% kernel / faults: 31 minor
05-22 16:54:06.046 E/ActivityManager(  375):   0.1% 7489/logcat: 0% user + 0.1% kernel
05-22 16:54:06.046 E/ActivityManager(  375): 100% TOTAL: 98% user + 1.4% kernel
05-22 16:54:06.046 E/ActivityManager(  375): CPU usage from 2831ms to 3366ms later:
05-22 16:54:06.046 E/ActivityManager(  375):   100% 7461/com.pekall.emdm.launcher:remote: 100% user + 0% kernel
05-22 16:54:06.046 E/ActivityManager(  375):     100% 7474/Thread-372: 100% user + 0% kernel
05-22 16:54:06.046 E/ActivityManager(  375):   92% 7213/com.pekall.emdm.launcher: 92% user + 0% kernel
05-22 16:54:06.046 E/ActivityManager(  375):     92% 7226/Thread-360: 92% user + 0% kernel
05-22 16:54:06.046 E/ActivityManager(  375):   5.6% 375/system_server: 0% user + 5.6% kernel
05-22 16:54:06.046 E/ActivityManager(  375):     7.5% 391/ActivityManager: 0% user + 7.5% kernel
05-22 16:54:06.046 E/ActivityManager(  375): 100% TOTAL: 97% user + 2.8% kernel
05-22 16:54:06.054 W/ActivityManager(  375): Killing ProcessRecord{42903420 7461:com.pekall.emdm.launcher:remote/u0a10066}: background ANR
05-22 16:54:06.054 W/BroadcastQueue(  375): Timeout of broadcast BroadcastRecord{4292d7e8 u-1 android.intent.action.SCREEN_OFF} - receiver=android.os.BinderProxy@4276a2b8, started 12803ms ago
05-22 16:54:06.054 W/BroadcastQueue(  375): Receiver during timeout: BroadcastFilter{426282d8 u0 ReceiverList{4262dd38 7461 com.pekall.emdm.launcher:remote/10066/u0 remote:4276a2b8}}
05-22 16:54:06.093 D/dalvikvm( 7213): JIT unchain all for threadid=11
05-22 16:54:06.179 D/dalvikvm(  375): GC_FOR_ALLOC freed 442K, 14% free 19772K/22820K, paused 107ms, total 107ms
05-22 16:54:06.187 I/dalvikvm-heap(  375): Grow heap (frag case) to 19.723MB for 393236-byte allocation
05-22 16:54:06.273 D/dalvikvm(  375): GC_FOR_ALLOC freed 256K, 15% free 19899K/23208K, paused 88ms, total 89ms
05-22 16:54:06.273 I/ActivityManager(  375): Process com.pekall.emdm.launcher:remote (pid 7461) has died.
05-22 16:54:06.273 W/ActivityManager(  375): Scheduling restart of crashed service com.pekall.emdm.launcher/com.baidu.location.f in 5000ms
05-22 16:54:06.413 D/ExchangeService( 7213): !!! EAS ExchangeService, onDestroy
05-22 16:54:06.413 I/dalvikvm( 7213): Wrote stack traces to '/data/anr/traces.txt'
05-22 16:54:06.413 I/Process (  375): Sending signal. PID: 375 SIG: 3
05-22 16:54:06.413 I/dalvikvm(  375): threadid=3: reacting to signal 3
05-22 16:54:06.554 D/AndroidRuntime( 7501): 
05-22 16:54:06.554 D/AndroidRuntime( 7501): >>>>>> AndroidRuntime START com.android.internal.os.RuntimeInit <<<<<<
05-22 16:54:06.554 D/AndroidRuntime( 7501): CheckJNI is OFF
05-22 16:54:06.570 D/dalvikvm( 7501): Trying to load lib libjavacore.so 0x0
05-22 16:54:06.577 D/dalvikvm( 7501): Added shared lib libjavacore.so 0x0
05-22 16:54:06.593 D/dalvikvm( 7501): Trying to load lib libnativehelper.so 0x0
05-22 16:54:06.593 D/dalvikvm( 7501): Added shared lib libnativehelper.so 0x0
05-22 16:54:06.859 D/AndroidRuntime( 7501): Calling main entry com.android.commands.uiautomator.Launcher
05-22 16:54:07.288 I/dalvikvm(  375): Wrote stack traces to '/data/anr/traces.txt'
05-22 16:54:07.288 I/Process (  375): Sending signal. PID: 580 SIG: 3
05-22 16:54:07.288 I/dalvikvm(  580): threadid=3: reacting to signal 3
05-22 16:54:07.288 I/Process (  375): Sending signal. PID: 450 SIG: 3
05-22 16:54:07.288 I/dalvikvm(  450): threadid=3: reacting to signal 3
05-22 16:54:07.304 D/dalvikvm( 7501): Note: class Landroid/app/ActivityManagerNative; has 163 unimplemented (abstract) methods
05-22 16:54:07.382 I/dalvikvm(  580): Wrote stack traces to '/data/anr/traces.txt'
05-22 16:54:07.382 I/Process (  375): Sending signal. PID: 587 SIG: 3
05-22 16:54:07.382 I/dalvikvm(  587): threadid=3: reacting to signal 3
05-22 16:54:07.390 I/PowerManagerService(  375): Waking up from sleep...
05-22 16:54:07.460 I/dalvikvm(  450): Wrote stack traces to '/data/anr/traces.txt'
05-22 16:54:07.484 I/dalvikvm(  587): Wrote stack traces to '/data/anr/traces.txt'
05-22 16:54:07.523 I/WindowManager(  375): Lock screen displayed!
05-22 16:54:07.616 D/dalvikvm(  375): GC_CONCURRENT freed 1562K, 17% free 19268K/23208K, paused 4ms+42ms, total 333ms
05-22 16:54:07.788 D/PowerManagerService-JNI(  375): Excessive delay in autosuspend_disable() while turning screen on: 358ms
05-22 16:54:07.788 D/SurfaceFlinger(  124): Screen acquired, type=0 flinger=0x4188b478
05-22 16:54:07.890 D/LightsService(  375): Excessive delay setting light: 84ms
05-22 16:54:07.976 D/LightsService(  375): Excessive delay setting light: 85ms
05-22 16:54:08.007 D/dalvikvm(  375): GC_EXPLICIT freed 886K, 16% free 19507K/23208K, paused 4ms+9ms, total 143ms
05-22 16:54:08.601 I/Process (  375): Sending signal. PID: 7213 SIG: 3
05-22 16:54:08.601 I/dalvikvm( 7213): threadid=3: reacting to signal 3
05-22 16:54:08.835 E/ActivityManager(  375): ANR in com.pekall.emdm.launcher:remote
05-22 16:54:08.835 E/ActivityManager(  375): Reason: Broadcast of Intent { act=android.intent.action.SCREEN_OFF flg=0x50000010 }
05-22 16:54:08.835 E/ActivityManager(  375): Load: 3.36 / 2.1 / 1.58
05-22 16:54:08.835 E/ActivityManager(  375): CPU usage from 3848ms to -2532ms ago:
05-22 16:54:08.835 E/ActivityManager(  375):   71% 7213/com.pekall.emdm.launcher: 71% user + 0.1% kernel / faults: 302 minor
05-22 16:54:08.835 E/ActivityManager(  375):   53% 375/system_server: 44% user + 8.9% kernel / faults: 1991 minor 1 major
05-22 16:54:08.835 E/ActivityManager(  375):   3.1% 450/com.android.systemui: 2.6% user + 0.4% kernel / faults: 41 minor
05-22 16:54:08.835 E/ActivityManager(  375):   1.5% 124/surfaceflinger: 0.6% user + 0.9% kernel / faults: 851 minor
05-22 16:54:08.835 E/ActivityManager(  375):   0.1% 580/com.android.phone: 0.1% user + 0% kernel / faults: 52 minor
05-22 16:54:08.835 E/ActivityManager(  375):   0.9% 587/com.android.nfc: 0.6% user + 0.3% kernel / faults: 53 minor
05-22 16:54:08.835 E/ActivityManager(  375):   0.4% 134/adbd: 0% user + 0.4% kernel / faults: 16 minor
05-22 16:54:08.835 E/ActivityManager(  375):   0.1% 6913/kworker/u:1: 0% user + 0.1% kernel
05-22 16:54:08.835 E/ActivityManager(  375):   0% 117/vold: 0% user + 0% kernel
05-22 16:54:08.835 E/ActivityManager(  375):   0% 121/netd: 0% user + 0% kernel
05-22 16:54:08.835 E/ActivityManager(  375):   0% 1366/com.google.android.deskclock: 0% user + 0% kernel / faults: 14 minor
05-22 16:54:08.835 E/ActivityManager(  375):   0.1% 5318/kworker/0:0: 0% user + 0.1% kernel
05-22 16:54:08.835 E/ActivityManager(  375):   0% 6340/kworker/u:4: 0% user + 0% kernel
05-22 16:54:08.835 E/ActivityManager(  375):   0% 6512/com.google.android.apps.maps:GoogleLocationService: 0% user + 0% kernel / faults: 9 minor
05-22 16:54:08.835 E/ActivityManager(  375):   0.1% 6916/com.qihoo.appstore: 0.1% user + 0% kernel / faults: 1 minor
05-22 16:54:08.835 E/ActivityManager(  375):   0% 6939/kworker/u:3: 0% user + 0% kernel
05-22 16:54:08.835 E/ActivityManager(  375):   0.1% 7489/logcat: 0.1% user + 0% kernel
05-22 16:54:08.835 E/ActivityManager(  375):  +0% 7499/sh: 0% user + 0% kernel
05-22 16:54:08.835 E/ActivityManager(  375):  +0% 7501/uiautomator: 0% user + 0% kernel
05-22 16:54:08.835 E/ActivityManager(  375): 96% TOTAL: 88% user + 7.8% kernel
05-22 16:54:08.835 E/ActivityManager(  375): CPU usage from 1735ms to 2296ms later:
05-22 16:54:08.835 E/ActivityManager(  375):   87% 7213/com.pekall.emdm.launcher: 87% user + 0% kernel
05-22 16:54:08.835 E/ActivityManager(  375):     88% 7226/Thread-360: 88% user + 0% kernel
05-22 16:54:08.835 E/ActivityManager(  375):   74% 375/system_server: 63% user + 10% kernel / faults: 235 minor
05-22 16:54:08.835 E/ActivityManager(  375):     67% 389/UI: 63% user + 3.6% kernel
05-22 16:54:08.835 E/ActivityManager(  375):     5.4% 391/ActivityManager: 0% user + 5.4% kernel
05-22 16:54:08.835 E/ActivityManager(  375):     3.6% 381/Compiler: 0% user + 3.6% kernel
05-22 16:54:08.835 E/ActivityManager(  375):   9.2% 7501/uiautomator: 3.7% user + 5.5% kernel / faults: 282 minor
05-22 16:54:08.835 E/ActivityManager(  375):     3.7% 7508/Compiler: 0% user + 3.7% kernel
05-22 16:54:08.835 E/ActivityManager(  375):     1.8% 7501/uiautomator: 1.8% user + 0% kernel
05-22 16:54:08.835 E/ActivityManager(  375):   3.6% 124/surfaceflinger: 1.8% user + 1.8% kernel
05-22 16:54:08.835 E/ActivityManager(  375):     1.8% 145/SurfaceFlinger: 1.8% user + 0% kernel
05-22 16:54:08.835 E/ActivityManager(  375):     1.8% 166/EventThread: 1.8% user + 0% kernel
05-22 16:54:08.835 E/ActivityManager(  375):   1% 117/vold: 0% user + 1% kernel
05-22 16:54:08.835 E/ActivityManager(  375):   1.3% 6913/kworker/u:1: 0% user + 1.3% kernel
05-22 16:54:08.835 E/ActivityManager(  375): 90% TOTAL: 78% user + 11% kernel
05-22 16:54:08.835 W/ActivityManager(  375): Killing ProcessRecord{42903420 0:com.pekall.emdm.launcher:remote/u0a10066}: background ANR
05-22 16:54:08.859 D/dalvikvm( 7213): JIT unchain all for threadid=11
05-22 16:54:09.038 I/dalvikvm( 7213): Wrote stack traces to '/data/anr/traces.txt'
05-22 16:54:09.101 W/Parcel  (  802): Attempt to read object from Parcel 0x5f747dac at offset 200 that is not in the object list
05-22 16:54:09.101 W/Parcel  (  802): Attempt to read object from Parcel 0x5e0dfdac at offset 200 that is not in the object list
05-22 16:54:09.109 V/DigitalWidgetViewsFactory( 1366): DigitalWidget sets next alarm string to null
05-22 16:54:09.109 V/WiseDownloadConditionControler( 5626): checkCondition  type : WISE_DOWNLOAD  inerrupting: true
05-22 16:54:09.148 W/Parcel  (  802): Attempt to read object from Parcel 0x5ed47dac at offset 200 that is not in the object list
05-22 16:54:09.187 D/dalvikvm( 1693): GC_CONCURRENT freed 459K, 20% free 9439K/11796K, paused 3ms+14ms, total 91ms
05-22 16:54:10.437 D/dalvikvm(  375): GC_CONCURRENT freed 2949K, 18% free 19148K/23208K, paused 2ms+6ms, total 103ms
05-22 16:54:11.288 D/dalvikvm( 7518): Late-enabling CheckJNI
05-22 16:54:11.296 I/ActivityManager(  375): Start proc com.pekall.emdm.launcher:remote for service com.pekall.emdm.launcher/com.baidu.location.f: pid=7518 uid=10066 gids={50066, 1015, 3002, 3001, 3003, 1028}
05-22 16:54:11.366 V/MyServiceConnection( 7518): [SConnection] sandbox service is NOT installed.
05-22 16:54:11.366 V/MyServiceConnection( 7518): [SConnection] binding service: pekall.intent.action.SANDBOX_SERVICE
05-22 16:54:11.366 D/ScClassLoader( 7518): >> SOURCE FILE: /data/data/com.pekall.emdm.launcher/app_jars/sc-jdk15on-1.47.0.2.dex.jar
05-22 16:54:11.413 W/Parcel  (  802): Attempt to read object from Parcel 0x5ed47dac at offset 200 that is not in the object list
05-22 16:54:11.421 W/Parcel  (  802): Attempt to read object from Parcel 0x5f747dac at offset 200 that is not in the object list
05-22 16:54:11.421 D/Email   ( 7518): Email: init sandbox at the beginning.
05-22 16:54:11.421 V/MyServiceConnection( 7518): [SConnection] retry to bind service
05-22 16:54:11.421 V/MyServiceConnection( 7518): [SConnection] sandbox service is NOT installed.
05-22 16:54:11.429 V/MyServiceConnection( 7518): [SConnection] binding service: pekall.intent.action.SANDBOX_SERVICE
05-22 16:54:11.437 D/dalvikvm( 7518): GC_CONCURRENT freed 104K, 2% free 9271K/9412K, paused 3ms+17ms, total 51ms
05-22 16:54:11.437 D/dalvikvm( 7518): WAIT_FOR_CONCURRENT_GC blocked 1ms
05-22 16:54:11.452 D/dalvikvm( 7501): GC_FOR_ALLOC freed 7568K, 93% free 622K/8192K, paused 30ms, total 30ms
05-22 16:54:11.452 V/MyServiceConnection( 7518): [SConnection] retry to bind service
05-22 16:54:11.460 V/MyServiceConnection( 7518): [SConnection] sandbox service is NOT installed.
05-22 16:54:11.460 V/MyServiceConnection( 7518): [SConnection] binding service: pekall.intent.action.SANDBOX_SERVICE
05-22 16:54:11.484 V/l       ( 7518): Bind requested for task setLogging
05-22 16:54:11.484 D/ExchangeService( 7213): !!! EAS ExchangeService, onCreate
05-22 16:54:11.491 W/Parcel  (  802): Attempt to read object from Parcel 0x5e0dfdac at offset 200 that is not in the object list
05-22 16:54:11.499 D/ExchangeService( 7213): !!! EAS ExchangeService, onStartCommand, startingUp = false, running = false
05-22 16:54:11.499 D/ExchangeService( 7213): to start secureStorageService now
05-22 16:54:11.507 V/a       ( 7213): Bind requested for task test
05-22 16:54:11.515 D/dalvikvm( 7518): GC_CONCURRENT freed 207K, 3% free 9509K/9756K, paused 5ms+2ms, total 26ms
05-22 16:54:11.562 D/ActivityThread( 7518): Loading provider com.pekall.semail.provider;com.pekall.semail.notifier: com.pekall.semail.provider.EmailProvider
05-22 16:54:11.570 D/ExchangeService( 7213): Reconciling accounts...
05-22 16:54:11.570 W/DocumentManager( 7518): Sandbox service is not connected.
05-22 16:54:11.570 D/MessageControllerImpl( 7518): controller is null
05-22 16:54:11.570 V/MyServiceConnection( 7518): [SConnection] retry to bind service
05-22 16:54:11.570 V/a       ( 7213): Connected: com.pekall.semail.service.AccountServiceInternal
05-22 16:54:11.577 V/MyServiceConnection( 7518): [SConnection] sandbox service is NOT installed.
05-22 16:54:11.577 V/MyServiceConnection( 7518): [SConnection] binding service: pekall.intent.action.SANDBOX_SERVICE
05-22 16:54:11.577 W/SQLiteOpenHelper( 7518): Opened /data/data/com.pekall.emdm.launcher/databases/message.db
05-22 16:54:11.577 W/dalvikvm( 7518): No implementation found for native Lcom/pekall/sandbox/database/sqlite/SQLiteDatabase;.native_setSqliteSoftHeapLimit:(I)V
05-22 16:54:11.577 D/AndroidRuntime( 7518): Shutting down VM
05-22 16:54:11.577 W/dalvikvm( 7518): threadid=1: thread exiting with uncaught exception (group=0x41993700)
05-22 16:54:11.577 D/        ( 7518): [---null: -1---]  Thread is main
05-22 16:54:11.577 W/System.err( 7518): java.lang.UnsatisfiedLinkError: Native method not found: com.pekall.sandbox.database.sqlite.SQLiteDatabase.native_setSqliteSoftHeapLimit:(I)V
05-22 16:54:11.577 W/System.err( 7518): 	at com.pekall.sandbox.database.sqlite.SQLiteDatabase.native_setSqliteSoftHeapLimit(Native Method)
05-22 16:54:11.577 W/System.err( 7518): 	at com.pekall.sandbox.database.sqlite.SQLiteDatabase.<init>(Unknown Source)
05-22 16:54:11.577 W/System.err( 7518): 	at com.pekall.sandbox.database.sqlite.SQLiteDatabase.openDatabase(Unknown Source)
05-22 16:54:11.577 W/System.err( 7518): 	at com.pekall.sandbox.database.sqlite.SQLiteDatabase.openDatabase(Unknown Source)
05-22 16:54:11.577 W/System.err( 7518): 	at com.pekall.sandbox.database.sqlite.SQLiteDatabase.openDatabase(Unknown Source)
05-22 16:54:11.577 W/System.err( 7518): 	at com.pekall.sandbox.database.sqlite.SQLiteOpenHelper.getWritableDatabase(Unknown Source)
05-22 16:54:11.577 W/System.err( 7518): 	at com.pekall.emdm.messagecenter.db.a.a(Unknown Source)
05-22 16:54:11.577 W/System.err( 7518): 	at com.pekall.emdm.messagecenter.db.a.b(Unknown Source)
05-22 16:54:11.577 W/System.err( 7518): 	at com.pekall.emdm.messagecenter.activity.a.onCreate(Unknown Source)
05-22 16:54:11.577 W/System.err( 7518): 	at com.pekall.emdm.launcher.LauncherApplication.onCreate(Unknown Source)
05-22 16:54:11.585 W/System.err( 7518): 	at android.app.Instrumentation.callApplicationOnCreate(Instrumentation.java:1007)
05-22 16:54:11.585 W/System.err( 7518): 	at android.app.ActivityThread.handleBindApplication(ActivityThread.java:4444)
05-22 16:54:11.585 W/System.err( 7518): 	at android.app.ActivityThread.access$1300(ActivityThread.java:141)
05-22 16:54:11.585 W/System.err( 7518): 	at android.app.ActivityThread$H.handleMessage(ActivityThread.java:1316)
05-22 16:54:11.585 W/System.err( 7518): 	at android.os.Handler.dispatchMessage(Handler.java:99)
05-22 16:54:11.585 W/System.err( 7518): 	at android.os.Looper.loop(Looper.java:137)
05-22 16:54:11.585 W/System.err( 7518): 	at android.app.ActivityThread.main(ActivityThread.java:5103)
05-22 16:54:11.585 W/System.err( 7518): 	at java.lang.reflect.Method.invokeNative(Native Method)
05-22 16:54:11.585 D/ActivityThread( 7518): Loading provider com.pekall.semail.provider;com.pekall.semail.notifier: com.pekall.semail.provider.EmailProvider
05-22 16:54:11.593 D/dalvikvm( 7501): GC_CONCURRENT freed 405K, 52% free 614K/1280K, paused 1ms+0ms, total 8ms
05-22 16:54:11.593 V/a       ( 7213): Connection test succeeded in 84ms
05-22 16:54:11.601 V/a       ( 7213): Task test completed; disconnecting
05-22 16:54:11.601 W/System.err( 7518): 	at java.lang.reflect.Method.invoke(Method.java:525)
05-22 16:54:11.601 W/System.err( 7518): 	at com.android.internal.os.ZygoteInit$MethodAndArgsCaller.run(ZygoteInit.java:737)
05-22 16:54:11.601 W/System.err( 7518): 	at com.android.internal.os.ZygoteInit.main(ZygoteInit.java:553)
05-22 16:54:11.601 W/System.err( 7518): 	at dalvik.system.NativeStart.main(Native Method)
05-22 16:54:11.624 W/EmailProvider( 7518): restoreIfNeeded...
05-22 16:54:11.624 D/EmailProvider( 7518): restoreAccounts...
05-22 16:54:11.640 V/a       ( 7213): Bind requested for task reconcileAccounts
05-22 16:54:11.663 V/a       ( 7213): Connected: com.pekall.semail.service.AccountServiceInternal
05-22 16:54:11.663 V/a       ( 7213): Waiting for task reconcileAccounts to complete...
05-22 16:54:11.663 D/dalvikvm( 7518): GC_CONCURRENT freed 521K, 6% free 9458K/10016K, paused 3ms+24ms, total 70ms
05-22 16:54:11.726 D/dalvikvm( 7501): GC_CONCURRENT freed 394K, 53% free 604K/1280K, paused 1ms+1ms, total 5ms
05-22 16:54:11.827 D/EmailProvider( 7518): No accounts to restore...
05-22 16:54:11.843 D/dalvikvm( 7501): GC_CONCURRENT freed 376K, 53% free 612K/1280K, paused 2ms+0ms, total 5ms
05-22 16:54:11.843 D/EmailProvider( 7518): Deleting orphans...
05-22 16:54:11.859 V/a       ( 7213): Task reconcileAccounts completed; disconnecting
05-22 16:54:11.913 V/a       ( 7213): Wait for reconcileAccounts finished in 237ms
05-22 16:54:11.952 D/dalvikvm( 7501): GC_CONCURRENT freed 376K, 52% free 620K/1280K, paused 1ms+0ms, total 5ms
05-22 16:54:12.070 D/EmailProvider( 7518): EmailProvider pre-caching...
05-22 16:54:12.249 D/dalvikvm( 7501): GC_CONCURRENT freed 419K, 52% free 614K/1280K, paused 0ms+1ms, total 4ms
05-22 16:54:12.374 D/ExchangeService( 7213): !!! EAS ExchangeService, stopping self
05-22 16:54:12.476 D/dalvikvm( 7501): GC_CONCURRENT freed 395K, 53% free 603K/1280K, paused 1ms+0ms, total 4ms
05-22 16:54:12.585 D/dalvikvm( 7501): GC_CONCURRENT freed 376K, 53% free 611K/1280K, paused 1ms+1ms, total 5ms
05-22 16:54:12.726 D/dalvikvm( 7501): GC_CONCURRENT freed 376K, 52% free 618K/1280K, paused 2ms+0ms, total 5ms
05-22 16:54:12.812 D/EmailProvider( 7518): EmailProvider ready.
05-22 16:54:13.046 D/dalvikvm( 7501): GC_CONCURRENT freed 376K, 52% free 626K/1280K, paused 1ms+1ms, total 5ms
05-22 16:54:13.171 W/ActivityManager(  375): Unable to start service Intent { cmp=com.pekall.emdm.launcher/com.pekall.semail.service.AttachmentDownloadService } U=0: not found
05-22 16:54:13.195 D/dalvikvm( 7501): GC_CONCURRENT freed 419K, 52% free 614K/1280K, paused 1ms+1ms, total 5ms
05-22 16:54:13.312 D/dalvikvm( 7501): GC_CONCURRENT freed 395K, 53% free 603K/1280K, paused 1ms+1ms, total 5ms
05-22 16:54:13.413 D/dalvikvm( 7501): GC_CONCURRENT freed 376K, 53% free 611K/1280K, paused 1ms+0ms, total 5ms
05-22 16:54:13.515 I/Email   ( 7518): Notifications being toggled: false
05-22 16:54:13.515 D/dalvikvm( 7501): GC_CONCURRENT freed 376K, 52% free 618K/1280K, paused 2ms+0ms, total 6ms
05-22 16:54:13.648 D/dalvikvm( 7501): GC_CONCURRENT freed 420K, 53% free 613K/1280K, paused 0ms+1ms, total 4ms
05-22 16:54:13.765 D/dalvikvm( 7501): GC_CONCURRENT freed 394K, 53% free 603K/1280K, paused 1ms+0ms, total 5ms
05-22 16:54:13.874 D/dalvikvm( 7501): GC_CONCURRENT freed 376K, 53% free 611K/1280K, paused 1ms+0ms, total 5ms
05-22 16:54:13.984 D/dalvikvm( 7501): GC_CONCURRENT freed 376K, 52% free 619K/1280K, paused 2ms+0ms, total 6ms
05-22 16:54:14.085 D/dalvikvm( 7501): GC_CONCURRENT freed 376K, 52% free 626K/1280K, paused 2ms+0ms, total 5ms
05-22 16:54:14.187 D/dalvikvm( 7501): GC_CONCURRENT freed 420K, 53% free 613K/1280K, paused 2ms+0ms, total 5ms
05-22 16:54:14.304 D/dalvikvm( 7501): GC_CONCURRENT freed 394K, 51% free 627K/1280K, paused 0ms+1ms, total 4ms
05-22 16:54:14.406 D/dalvikvm( 7501): GC_CONCURRENT freed 438K, 54% free 596K/1280K, paused 0ms+0ms, total 4ms
05-22 16:54:14.491 D/MDM :   ( 7213): [null:-1]->Location timeout, set latitude and longitude -1
05-22 16:54:14.538 D/dalvikvm( 7501): GC_CONCURRENT freed 376K, 51% free 627K/1280K, paused 1ms+0ms, total 4ms
05-22 16:54:14.616 D/CommandManager( 7213): [null:-1]->requestType: Location
05-22 16:54:14.679 D/dalvikvm(  375): GC_CONCURRENT freed 2566K, 18% free 19158K/23208K, paused 3ms+17ms, total 233ms
05-22 16:54:14.687 D/dalvikvm( 7501): GC_CONCURRENT freed 438K, 54% free 596K/1280K, paused 0ms+1ms, total 5ms
05-22 16:54:14.687 D/MdmDatabaseHelper( 7213): [null:-1]->update command b2409fd2-9036-46f8-b445-13637e84262a to commandStatus <?xml version="1.0" encoding="UTF-8"?>
05-22 16:54:14.687 D/MdmDatabaseHelper( 7213): <!DOCTYPE plist PUBLIC "-//Apple//DTD PLIST 1.0//EN" "http://www.apple.com/DTDs/PropertyList-1.0.dtd">
05-22 16:54:14.687 D/MdmDatabaseHelper( 7213): <plist version="1.0">
05-22 16:54:14.687 D/MdmDatabaseHelper( 7213): <dict>
05-22 16:54:14.687 D/MdmDatabaseHelper( 7213): 	<key>Latitude</key>
05-22 16:54:14.687 D/MdmDatabaseHelper( 7213): 	<real>-1.0</real>
05-22 16:54:14.687 D/MdmDatabaseHelper( 7213): 	<key>Longitude</key>
05-22 16:54:14.687 D/MdmDatabaseHelper( 7213): 	<real>-1.0</real>
05-22 16:54:14.687 D/MdmDatabaseHelper( 7213): 	<key>CommandUUID</key>
05-22 16:54:14.687 D/MdmDatabaseHelper( 7213): 	<string>b2409fd2-9036-46f8-b445-13637e84262a</string>
05-22 16:54:14.687 D/MdmDatabaseHelper( 7213): 	<key>Status</key>
05-22 16:54:14.687 D/MdmDatabaseHelper( 7213): 	<string>Error</string>
05-22 16:54:14.687 D/MdmDatabaseHelper( 7213): 	<key>UDID</key>
05-22 16:54:14.687 D/MdmDatabaseHelper( 7213): 	<string>00013fbc8ecec5b90000014623216a8f</string>
05-22 16:54:14.687 D/MdmDatabaseHelper( 7213): </dict>
05-22 16:54:14.687 D/MdmDatabaseHelper( 7213): </plist>
05-22 16:54:14.788 I/TransInfo( 7213): TransInfo created, id: 3, class: class com.pekall.emdm.transaction.c.b
05-22 16:54:14.788 D/NetworkThread( 7213): [null:-1]->----isRunning-----true
05-22 16:54:14.788 D/NetworkThread( 7213): [null:-1]->----isRunning-----true
05-22 16:54:14.788 D/NetworkThread( 7213): [null:-1]->thread wakeup
05-22 16:54:14.796 D/NetworkThread( 7213): [null:-1]->sendHttpPost:PostRequest, url: http://192.168.10.21/rest/mdm/v1/ios/android_server, Params: [content:<?xml version="1.0" encoding="UTF-8"?>
05-22 16:54:14.796 D/NetworkThread( 7213): <!DOCTYPE plist PUBLIC "-//Apple//DTD PLIST 1.0//EN" "http://www.apple.com/DTDs/PropertyList-1.0.dtd">
05-22 16:54:14.796 D/NetworkThread( 7213): <plist version="1.0">
05-22 16:54:14.796 D/NetworkThread( 7213): <dict>
05-22 16:54:14.796 D/NetworkThread( 7213): 	<key>Latitude</key>
05-22 16:54:14.796 D/NetworkThread( 7213): 	<real>-1.0</real>
05-22 16:54:14.796 D/NetworkThread( 7213): 	<key>Longitude</key>
05-22 16:54:14.796 D/NetworkThread( 7213): 	<real>-1.0</real>
05-22 16:54:14.796 D/NetworkThread( 7213): 	<key>CommandUUID</key>
05-22 16:54:14.796 D/NetworkThread( 7213): 	<string>b2409fd2-9036-46f8-b445-13637e84262a</string>
