05-22 16:55:33.718 D/dalvikvm( 7686): DexOpt: unable to opt direct call 0x1cc1 at 0x0b in Lcom/baidu/android/nebula/util/BDLocationManager;.e
05-22 16:55:33.718 D/dalvikvm( 7686): DexOpt: unable to opt direct call 0x1ebb at 0x02 in Lcom/baidu/android/nebula/util/BDLocationManager;.f
05-22 16:55:33.718 W/Parcel  (  802): Attempt to read object from Parcel 0x5e0dfdac at offset 200 that is not in the object list
05-22 16:55:33.765 D/dalvikvm( 7686): GC_CONCURRENT freed 601K, 7% free 9370K/10012K, paused 3ms+2ms, total 26ms
05-22 16:55:33.804 D/dalvikvm( 7686): GC_FOR_ALLOC freed 59K, 6% free 9508K/10012K, paused 14ms, total 14ms
05-22 16:55:33.843 D/dalvikvm( 7686): GC_FOR_ALLOC freed 39K, 4% free 9692K/10052K, paused 14ms, total 14ms
05-22 16:55:33.859 W/Parcel  (  802): Attempt to read object from Parcel 0x5f747dac at offset 200 that is not in the object list
05-22 16:55:33.866 I/ActivityManager(  375): No longer want com.google.android.apps.maps:GoogleLocationService (pid 6512): empty for 1800s
05-22 16:55:33.882 W/ActivityManager(  375): Scheduling restart of crashed service com.google.android.apps.maps/com.google.android.location.internal.server.GoogleLocationService in 5000ms
05-22 16:55:34.015 D/MDM :   ( 7213): [null:-1]->statusCode : 200
05-22 16:55:34.015 D/MDM :   ( 7213): [null:-1]->statusCode : 200
05-22 16:55:34.015 V/DEBUG   ( 7213): HTTP 1
05-22 16:55:34.023 D/MDM :   ( 7213): [null:-1]->read network input stream
05-22 16:55:34.023 D/MDM :   ( 7213): [null:-1]->Get joson string: <?xml version="1.0" encoding="UTF-8"?>
05-22 16:55:34.023 D/MDM :   ( 7213): <!DOCTYPE plist PUBLIC "-//Apple//DTD PLIST 1.0//EN" "http://www.apple.com/DTDs/PropertyList-1.0.dtd">
05-22 16:55:34.023 D/MDM :   ( 7213): <plist version="1.0">
05-22 16:55:34.023 D/MDM :   ( 7213): <dict>
05-22 16:55:34.023 D/MDM :   ( 7213): 	<key>CommandUUID</key>
05-22 16:55:34.023 D/MDM :   ( 7213): 	<string>77297b53-6fda-400a-b55f-bf1a1ff03ed0</string>
05-22 16:55:34.023 D/MDM :   ( 7213): 	<key>Command</key>
05-22 16:55:34.023 D/MDM :   ( 7213): 	<dict>
05-22 16:55:34.023 D/MDM :   ( 7213): 		<key>RequestType</key>
05-22 16:55:34.023 D/MDM :   ( 7213): 		<string>ManagedApplicationList</string>
05-22 16:55:34.023 D/MDM :   ( 7213): 	</dict>
05-22 16:55:34.023 D/MDM :   ( 7213): </dict>
05-22 16:55:34.023 D/MDM :   ( 7213): </plist>
05-22 16:55:34.031 D/MdmDatabaseHelper( 7213): [null:-1]->update command a7d626bd-67c0-494e-b7b4-156f276514ed to status executed
05-22 16:55:34.062 D/CheckInTransInfo( 7213): [null:-1]->CommandMsg : CommandMsg{CommandUUID='77297b53-6fda-400a-b55f-bf1a1ff03ed0', Command=CommandObject{RequestType='ManagedApplicationList'}}
05-22 16:55:34.093 D/NetworkThread( 7213): [null:-1]->clear mCurrentTransInfo
05-22 16:55:34.093 D/NetworkThread( 7213): [null:-1]->queue is empty, thread wait...
05-22 16:55:34.195 D/MdmService( 7213): [null:-1]->handleCheckInResult
05-22 16:55:34.195 D/MdmService( 7213): [null:-1]->handleCheckInResult result keyIndex: 3
05-22 16:55:34.195 D/CommandManager( 7213): [null:-1]->execute command: CommandMsg{CommandUUID='77297b53-6fda-400a-b55f-bf1a1ff03ed0', Command=CommandObject{RequestType='ManagedApplicationList'}}
05-22 16:55:34.195 D/CommandManager( 7213): [null:-1]->requestType: ManagedApplicationList
05-22 16:55:34.234 W/Parcel  (  802): Attempt to read object from Parcel 0x5e0dfdac at offset 200 that is not in the object list
05-22 16:55:34.249 D/MdmDatabaseHelper( 7213): [null:-1]->update command 77297b53-6fda-400a-b55f-bf1a1ff03ed0 to commandStatus <?xml version="1.0" encoding="UTF-8"?>
05-22 16:55:34.249 D/MdmDatabaseHelper( 7213): <!DOCTYPE plist PUBLIC "-//Apple//DTD PLIST 1.0//EN" "http://www.apple.com/DTDs/PropertyList-1.0.dtd">
05-22 16:55:34.249 D/MdmDatabaseHelper( 7213): <plist version="1.0">
05-22 16:55:34.249 D/MdmDatabaseHelper( 7213): <dict>
05-22 16:55:34.249 D/MdmDatabaseHelper( 7213): 	<key>ManagedApplicationList</key>
05-22 16:55:34.249 D/MdmDatabaseHelper( 7213): 	<dict>
05-22 16:55:34.249 D/MdmDatabaseHelper( 7213): 	</dict>
05-22 16:55:34.249 D/MdmDatabaseHelper( 7213): 	<key>CommandUUID</key>
05-22 16:55:34.249 D/MdmDatabaseHelper( 7213): 	<string>77297b53-6fda-400a-b55f-bf1a1ff03ed0</string>
05-22 16:55:34.249 D/MdmDatabaseHelper( 7213): 	<key>Status</key>
05-22 16:55:34.249 D/MdmDatabaseHelper( 7213): 	<string>Acknowledged</string>
05-22 16:55:34.249 D/MdmDatabaseHelper( 7213): 	<key>UDID</key>
05-22 16:55:34.249 D/MdmDatabaseHelper( 7213): 	<string>00013fbc8ecec5b90000014623216a8f</string>
05-22 16:55:34.249 D/MdmDatabaseHelper( 7213): </dict>
05-22 16:55:34.249 D/MdmDatabaseHelper( 7213): </plist>
05-22 16:55:34.273 I/TransInfo( 7213): TransInfo created, id: 3, class: class com.pekall.emdm.transaction.c.b
05-22 16:55:34.273 D/NetworkThread( 7213): [null:-1]->----isRunning-----true
05-22 16:55:34.273 D/NetworkThread( 7213): [null:-1]->----isRunning-----true
05-22 16:55:34.273 D/NetworkThread( 7213): [null:-1]->thread wakeup
05-22 16:55:34.281 D/NetworkThread( 7213): [null:-1]->sendHttpPost:PostRequest, url: http://192.168.10.21/rest/mdm/v1/ios/android_server, Params: [content:<?xml version="1.0" encoding="UTF-8"?>
05-22 16:55:34.281 D/NetworkThread( 7213): <!DOCTYPE plist PUBLIC "-//Apple//DTD PLIST 1.0//EN" "http://www.apple.com/DTDs/PropertyList-1.0.dtd">
05-22 16:55:34.281 D/NetworkThread( 7213): <plist version="1.0">
05-22 16:55:34.281 D/NetworkThread( 7213): <dict>
05-22 16:55:34.281 D/NetworkThread( 7213): 	<key>ManagedApplicationList</key>
05-22 16:55:34.281 D/NetworkThread( 7213): 	<dict>
05-22 16:55:34.281 D/NetworkThread( 7213): 	</dict>
05-22 16:55:34.281 D/NetworkThread( 7213): 	<key>CommandUUID</key>
05-22 16:55:34.281 D/NetworkThread( 7213): 	<string>77297b53-6fda-400a-b55f-bf1a1ff03ed0</string>
05-22 16:55:34.281 D/NetworkThread( 7213): 	<key>Status</key>
05-22 16:55:34.281 D/NetworkThread( 7213): 	<string>Acknowledged</string>
05-22 16:55:34.281 D/NetworkThread( 7213): 	<key>UDID</key>
05-22 16:55:34.281 D/NetworkThread( 7213): 	<string>00013fbc8ecec5b90000014623216a8f</string>
05-22 16:55:34.281 D/NetworkThread( 7213): </dict>
05-22 16:55:34.281 D/NetworkThread( 7213): </plist>], 
05-22 16:55:34.281 D/HttpClient( 7213): enable apache.http debug
05-22 16:55:34.281 V/DEBUG   ( 7213): HTTP 0
05-22 16:55:34.624 D/MDM :   ( 7213): [null:-1]->statusCode : 200
05-22 16:55:34.624 D/MDM :   ( 7213): [null:-1]->statusCode : 200
05-22 16:55:34.624 V/DEBUG   ( 7213): HTTP 1
05-22 16:55:34.632 D/MDM :   ( 7213): [null:-1]->read network input stream
05-22 16:55:34.632 D/MDM :   ( 7213): [null:-1]->Get joson string: <?xml version="1.0" encoding="UTF-8"?>
05-22 16:55:34.632 D/MDM :   ( 7213): <!DOCTYPE plist PUBLIC "-//Apple//DTD PLIST 1.0//EN" "http://www.apple.com/DTDs/PropertyList-1.0.dtd">
05-22 16:55:34.632 D/MDM :   ( 7213): <plist version="1.0">
05-22 16:55:34.632 D/MDM :   ( 7213): <dict>
05-22 16:55:34.632 D/MDM :   ( 7213): 	<key>CommandUUID</key>
05-22 16:55:34.632 D/MDM :   ( 7213): 	<string>d2423e9a-1976-4d39-97ca-07a1b8262429</string>
05-22 16:55:34.632 D/MDM :   ( 7213): 	<key>Command</key>
05-22 16:55:34.632 D/MDM :   ( 7213): 	<dict>
05-22 16:55:34.632 D/MDM :   ( 7213): 		<key>RequestType</key>
05-22 16:55:34.632 D/MDM :   ( 7213): 		<string>InstalledApplicationList</string>
05-22 16:55:34.632 D/MDM :   ( 7213): 	</dict>
05-22 16:55:34.632 D/MDM :   ( 7213): </dict>
05-22 16:55:34.632 D/MDM :   ( 7213): </plist>
05-22 16:55:34.632 D/MdmDatabaseHelper( 7213): [null:-1]->update command 77297b53-6fda-400a-b55f-bf1a1ff03ed0 to status executed
05-22 16:55:34.663 D/CheckInTransInfo( 7213): [null:-1]->CommandMsg : CommandMsg{CommandUUID='d2423e9a-1976-4d39-97ca-07a1b8262429', Command=CommandObject{RequestType='InstalledApplicationList'}}
05-22 16:55:34.695 D/NetworkThread( 7213): [null:-1]->clear mCurrentTransInfo
05-22 16:55:34.695 D/NetworkThread( 7213): [null:-1]->queue is empty, thread wait...
05-22 16:55:34.796 D/MdmService( 7213): [null:-1]->handleCheckInResult
05-22 16:55:34.796 D/MdmService( 7213): [null:-1]->handleCheckInResult result keyIndex: 3
05-22 16:55:34.796 D/CommandManager( 7213): [null:-1]->execute command: CommandMsg{CommandUUID='d2423e9a-1976-4d39-97ca-07a1b8262429', Command=CommandObject{RequestType='InstalledApplicationList'}}
05-22 16:55:34.937 I/QueryController( 7649): Matched selector: UiSelector[TEXT=Personal Mode, CLASS=android.widget.TextView, PACKAGE NAME=com.pekall.emdm.launcher] <<==>> [android.view.accessibility.AccessibilityNodeInfo@39c3b; boundsInParent: Rect(0, 0 - 160, 200); boundsInScreen: Rect(190, 608 - 350, 808); packageName: com.pekall.emdm.launcher; className: android.widget.TextView; text: Personal Mode; contentDescription: null; viewIdResName: null; checkable: false; checked: false; focusable: false; focused: false; selected: false; clickable: true; longClickable: true; enabled: true; password: false; scrollable: false; [ACTION_SELECT, ACTION_CLEAR_SELECTION, ACTION_CLICK, ACTION_LONG_CLICK, ACTION_ACCESSIBILITY_FOCUS, ACTION_NEXT_AT_MOVEMENT_GRANULARITY, ACTION_PREVIOUS_AT_MOVEMENT_GRANULARITY, ACTION_SET_SELECTION]]
05-22 16:55:34.952 I/AndroidRuntime( 7649): VM exiting with result code 0.
05-22 16:55:34.999 D/CommandManager( 7213): [null:-1]->requestType: InstalledApplicationList
05-22 16:55:35.031 W/Parcel  (  802): Attempt to read object from Parcel 0x5f747dac at offset 200 that is not in the object list
05-22 16:55:35.031 I/ActivityManager(  375): No longer want com.google.android.apps.maps:LocationFriendService (pid 6545): empty for 1800s
05-22 16:55:35.031 I/ActivityManager(  375): No longer want com.google.android.apps.maps:FriendService (pid 6533): empty for 1800s
05-22 16:55:35.077 D/MdmDatabaseHelper( 7213): [null:-1]->update command d2423e9a-1976-4d39-97ca-07a1b8262429 to commandStatus <?xml version="1.0" encoding="UTF-8"?>
05-22 16:55:35.077 D/MdmDatabaseHelper( 7213): <!DOCTYPE plist PUBLIC "-//Apple//DTD PLIST 1.0//EN" "http://www.apple.com/DTDs/PropertyList-1.0.dtd">
05-22 16:55:35.077 D/MdmDatabaseHelper( 7213): <plist version="1.0">
05-22 16:55:35.077 D/MdmDatabaseHelper( 7213): <dict>
05-22 16:55:35.077 D/MdmDatabaseHelper( 7213): 	<key>InstalledApplicationList</key>
05-22 16:55:35.077 D/MdmDatabaseHelper( 7213): 	<array>
05-22 16:55:35.077 D/MdmDatabaseHelper( 7213): 		<dict>
05-22 16:55:35.077 D/MdmDatabaseHelper( 7213): 			<key>AppPermissions</key>
05-22 16:55:35.077 D/MdmDatabaseHelper( 7213): 			<array>
05-22 16:55:35.077 D/MdmDatabaseHelper( 7213): 				<string>android.permission.READ_LOGS</string>
05-22 16:55:35.077 D/MdmDatabaseHelper( 7213): 				<string>android.permission.WRITE_EXTERNAL_STORAGE</string>
05-22 16:55:35.077 D/MdmDatabaseHelper( 7213): 				<string>com.qihoo.root.RESPOND</string>
05-22 16:55:35.077 D/MdmDatabaseHelper( 7213): 				<string>com.qihoo.root.provider.READ</string>
05-22 16:55:35.077 D/MdmDatabaseHelper( 7213): 				<string>com.qihoo.root.provider.WRITE</string>
05-22 16:55:35.077 D/MdmDatabaseHelper( 7213): 				<string>android.permission.INTERNET</string>
05-22 16:55:35.077 D/MdmDatabaseHelper( 7213): 				<string>android.permission.ACCESS_NETWORK_STATE</string>
05-22 16:55:35.077 D/MdmDatabaseHelper( 7213): 				<string>android.permission.INSTALL_PACKAGES</string>
05-22 16:55:35.077 D/MdmDatabaseHelper( 7213): 				<string>android.permission.KILL_BACKGROUND_PROCESSES</string>
05-22 16:55:35.077 D/MdmDatabaseHelper( 7213): 				<string>android.permission.RESTART_PACKAGES</string>
05-22 16:55:35.077 D/MdmDatabaseHelper( 7213): 				<string>android.permission.READ_PHONE_STATE</string>
05-22 16:55:35.077 D/MdmDatabaseHelper( 7213): 				<string>android.permission.DELETE_PACKAGES</string>
05-22 16:55:35.077 D/MdmDatabaseHelper( 7213): 				<string>android.permission.READ_EXTERNAL_STORAGE</string>
05-22 16:55:35.077 D/MdmDatabaseHelper( 7213): 			</array>
05-22 16:55:35.077 D/MdmDatabaseHelper( 7213): 			<key>Version</key>
05-22 16:55:35.077 D/MdmDatabaseHelper( 7213): 			<string>7</string>
05-22 16:55:35.077 D/MdmDatabaseHelper( 7213): 			<key>ShortVersion</key>
05-22 16:55:35.077 D/MdmDatabaseHelper( 7213): 			<string>6.0.1</string>
05-22 16:55:35.077 D/MdmDatabaseHelper( 7213): 			<key>Identifier</key>
05-22 16:55:35.077 D/MdmDatabaseHelper( 7213): 			<string>com.qihoo.root</string>
05-22 16:55:35.077 D/MdmDatabaseHelper( 7213): 			<key>Name</key>
05-22 16:55:35.077 D/MdmDatabaseHelper( 7213): 			<string>360</string>
05-22 16:55:35.077 D/MdmDatabaseHelper( 7213): 			<key>DynamicSize</key>
05-22 16:55:35.077 D/MdmDatabaseHelper( 7213): 			<integer>0</integer>
05-22 16:55:35.077 D/MdmDatabaseHelper( 7213): 			<key>BundleSize</key>
05-22 16:55:35.077 D/MdmDatabaseHelper( 7213): 			<integer>0</integer>
05-22 16:55:35.077 D/MdmDatabaseHelper( 7213): 		</dict>
05-22 16:55:35.077 D/MdmDatabaseHelper( 7213): 		<dict>
05-22 16:55:35.077 D/MdmDatabaseHelper( 7213): 			<key>AppPermissions</key>
05-22 16:55:35.077 D/MdmDatabaseHelper( 7213): 			<array>
05-22 16:55:35.077 D/MdmDatabaseHelper( 7213): 				<string>android.permission.ACCESS_FINE_LOCATION</string>
05-22 16:55:35.077 D/MdmDatabaseHelper( 7213): 				<string>android.permission.ACCESS_COARSE_LOCATION</string>
05-22 16:55:35.077 D/MdmDatabaseHelper( 7213): 				<string>android.permission.SYSTEM_ALERT_WINDOW</string>
05-22 16:55:35.077 D/MdmDatabaseHelper( 7213): 				<string>android.permission.RECEIVE_BOOT_COMPLETED</string>
05-22 16:55:35.077 D/MdmDatabaseHelper( 7213): 				<string>android.permission.CALL_PHONE</string>
05-22 16:55:35.077 D/MdmDatabaseHelper( 7213): 				<string>android.permission.PROCESS_OUTGOING_CALLS</string>
05-22 16:55:35.077 D/MdmDatabaseHelper( 7213): 				<string>android.permission.READ_CONTACTS</string>
05-22 16:55:35.077 D/MdmDatabaseHelper( 7213): 				<string>android.permission.WRITE_CONTACTS</string>
05-22 16:55:35.077 D/MdmDatabaseHelper( 7213): 				<string>android.permission.RECEIVE_SMS</string>
05-22 16:55:35.077 D/MdmDatabaseHelper( 7213): 				<string>android.permission.RECEIVE_MMS</string>
05-22 16:55:35.077 D/MdmDatabaseHelper( 7213): 				<string>android.permission.RECEIVE_WAP_PUSH</string>
05-22 16:55:35.077 D/MdmDatabaseHelper( 7213): 				<string>android.permission.INTERNET</string>
05-22 16:55:35.077 D/MdmDatabaseHelper( 7213): 				<string>android.permission.SEND_SMS</string>
05-22 16:55:35.077 D/MdmDatabaseHelper( 7213): 				<string>android.permission.READ_SMS</string>
05-22 16:55:35.077 D/MdmDatabaseHelper( 7213): 				<string>android.permission.WRITE_SMS</string>
05-22 16:55:35.077 D/MdmDatabaseHelper( 7213): 				<string>android.permission.READ_CALL_LOG</string>
05-22 16:55:35.077 D/MdmDatabaseHelper( 7213): 				<string>android.permission.WRITE_CALL_LOG</string>
05-22 16:55:35.077 D/MdmDatabaseHelper( 7213): 				<string>android.permission.ACCESS_NETWORK_STATE</string>
05-22 16:55:35.077 D/MdmDatabaseHelper( 7213): 				<string>android.permission.READ_PHONE_STATE</string>
05-22 16:55:35.077 D/MdmDatabaseHelper( 7213): 				<string>android.permission.MODIFY_PHONE_STATE</string>
05-22 16:55:35.077 D/MdmDatabaseHelper( 7213): 				<string>android.permission.MODIFY_AUDIO_SETTINGS</string>
05-22 16:55:35.077 D/MdmDatabaseHelper( 7213): 				<string>android.permission.VIBRATE</string>
05-22 16:55:35.077 D/MdmDatabaseHelper( 7213): 				<string>android.permission.BATTERY_STATS</string>
05-22 16:55:35.077 D/MdmDatabaseHelper( 7213): 				<string>android.permission.GET_PACKAGE_SIZE</string>
05-22 16:55:35.077 D/MdmDatabaseHelper( 7213): 				<string>com.android.launcher.permission.READ_SETTINGS</string>
05-22 16:55:35.077 D/MdmDatabaseHelper( 7213): 				<string>android.permission.WAKE_LOCK</string>
05-22 16:55:35.077 D/MdmDatabaseHelper( 7213): 				<string>android.permission.CHANGE_NETWORK_STATE</string>
05-22 16:55:35.077 D/MdmDatabaseHelper( 7213): 				<string>android.permission.WRITE_EXTERNAL_STORAGE</string>
05-22 16:55:35.077 D/MdmDatabaseHelper( 7213): 				<string>android.permission.RESTART_PACKAGES</string>
05-22 16:55:35.077 D/MdmDatabaseHelper( 7213): 				<string>android.permission.CHANGE_WIFI_STATE</string>
05-22 16:55:35.077 D/MdmDatabaseHelper( 7213): 				<string>android.permission.WRITE_SETTINGS</string>
05-22 16:55:35.077 D/MdmDatabaseHelper( 7213): 				<string>android.permission.WRITE_SECURE_SETTINGS</string>
05-22 16:55:35.077 D/MdmDatabaseHelper( 7213): 				<string>android.permission.READ_SYNC_SETTINGS</string>
05-22 16:55:35.077 D/MdmDatabaseHelper( 7213): 				<string>android.permission.WRITE_SYNC_SETTINGS</string>
05-22 16:55:35.077 D/MdmDatabaseHelper( 7213): 				<string>android.permission.WRITE_APN_SETTINGS</string>
05-22 16:55:35.077 D/MdmDatabaseHelper( 7213): 				<string>android.permission.BLUETOOTH_ADMIN</string>
05-22 16:55:35.077 D/MdmDatabaseHelper( 7213): 				<string>android.permission.RECORD_AUDIO</string>
05-22 16:55:35.077 D/MdmDatabaseHelper( 7213): 				<string>android.permission.READ_LOGS</string>
05-22 16:55:35.077 D/MdmDatabaseHelper( 7213): 				<string>com.android.launcher.permission.INSTALL_SHORTCUT</string>
05-22 16:55:35.077 D/MdmDatabaseHelper( 7213): 				<string>com.android.launcher.permission.UNINSTALL_SHORTCUT</string>
05-22 16:55:35.077 D/MdmDatabaseHelper( 7213): 				<string>android.permission.ACCESS_WIFI_STATE</string>
05-22 16:55:35.077 D/MdmDatabaseHelper( 7213): 				<string>android.permission.BLUETOOTH</string>
05-22 16:55:35.077 D/MdmDatabaseHelper( 7213): 				<string>android.permission.CLEAR_APP_CACHE</string>
05-22 16:55:35.077 D/MdmDatabaseHelper( 7213): 				<string>android.permission.GET_TASKS</string>
05-22 16:55:35.077 D/MdmDatabaseHelper( 7213): 				<string>android.permission.REORDER_TASKS</string>
05-22 16:55:35.077 D/MdmDatabaseHelper( 7213): 				<string>android.permission.GET_ACCOUNTS</strin
05-22 16:55:35.109 I/TransInfo( 7213): TransInfo created, id: 3, class: class com.pekall.emdm.transaction.c.b
05-22 16:55:35.109 D/NetworkThread( 7213): [null:-1]->----isRunning-----true
05-22 16:55:35.109 D/NetworkThread( 7213): [null:-1]->----isRunning-----true
05-22 16:55:35.109 D/NetworkThread( 7213): [null:-1]->thread wakeup
05-22 16:55:35.148 D/NetworkThread( 7213): [null:-1]->sendHttpPost:PostRequest, url: http://192.168.10.21/rest/mdm/v1/ios/android_server, Params: [content:<?xml version="1.0" encoding="UTF-8"?>
05-22 16:55:35.148 D/NetworkThread( 7213): <!DOCTYPE plist PUBLIC "-//Apple//DTD PLIST 1.0//EN" "http://www.apple.com/DTDs/PropertyList-1.0.dtd">
05-22 16:55:35.148 D/NetworkThread( 7213): <plist version="1.0">
05-22 16:55:35.148 D/NetworkThread( 7213): <dict>
05-22 16:55:35.148 D/NetworkThread( 7213): 	<key>InstalledApplicationList</key>
05-22 16:55:35.148 D/NetworkThread( 7213): 	<array>
05-22 16:55:35.148 D/NetworkThread( 7213): 		<dict>
05-22 16:55:35.148 D/NetworkThread( 7213): 			<key>AppPermissions</key>
05-22 16:55:35.148 D/NetworkThread( 7213): 			<array>
05-22 16:55:35.148 D/NetworkThread( 7213): 				<string>android.permission.READ_LOGS</string>
05-22 16:55:35.148 D/NetworkThread( 7213): 				<string>android.permission.WRITE_EXTERNAL_STORAGE</string>
05-22 16:55:35.148 D/NetworkThread( 7213): 				<string>com.qihoo.root.RESPOND</string>
05-22 16:55:35.148 D/NetworkThread( 7213): 				<string>com.qihoo.root.provider.READ</string>
05-22 16:55:35.148 D/NetworkThread( 7213): 				<string>com.qihoo.root.provider.WRITE</string>
05-22 16:55:35.148 D/NetworkThread( 7213): 				<string>android.permission.INTERNET</string>
05-22 16:55:35.148 D/NetworkThread( 7213): 				<string>android.permission.ACCESS_NETWORK_STATE</string>
05-22 16:55:35.148 D/NetworkThread( 7213): 				<string>android.permission.INSTALL_PACKAGES</string>
05-22 16:55:35.148 D/NetworkThread( 7213): 				<string>android.permission.KILL_BACKGROUND_PROCESSES</string>
05-22 16:55:35.148 D/NetworkThread( 7213): 				<string>android.permission.RESTART_PACKAGES</string>
05-22 16:55:35.148 D/NetworkThread( 7213): 				<string>android.permission.READ_PHONE_STATE</string>
05-22 16:55:35.148 D/NetworkThread( 7213): 				<string>android.permission.DELETE_PACKAGES</string>
05-22 16:55:35.148 D/NetworkThread( 7213): 				<string>android.permission.READ_EXTERNAL_STORAGE</string>
05-22 16:55:35.148 D/NetworkThread( 7213): 			</array>
05-22 16:55:35.148 D/NetworkThread( 7213): 			<key>Version</key>
05-22 16:55:35.148 D/NetworkThread( 7213): 			<string>7</string>
05-22 16:55:35.148 D/NetworkThread( 7213): 			<key>ShortVersion</key>
05-22 16:55:35.148 D/NetworkThread( 7213): 			<string>6.0.1</string>
05-22 16:55:35.148 D/NetworkThread( 7213): 			<key>Identifier</key>
05-22 16:55:35.148 D/NetworkThread( 7213): 			<string>com.qihoo.root</string>
05-22 16:55:35.148 D/NetworkThread( 7213): 			<key>Name</key>
05-22 16:55:35.148 D/NetworkThread( 7213): 			<string>360</string>
05-22 16:55:35.148 D/NetworkThread( 7213): 			<key>DynamicSize</key>
05-22 16:55:35.148 D/NetworkThread( 7213): 			<integer>0</integer>
05-22 16:55:35.148 D/NetworkThread( 7213): 			<key>BundleSize</key>
05-22 16:55:35.148 D/NetworkThread( 7213): 			<integer>0</integer>
05-22 16:55:35.148 D/NetworkThread( 7213): 		</dict>
05-22 16:55:35.148 D/NetworkThread( 7213): 		<dict>
05-22 16:55:35.148 D/NetworkThread( 7213): 			<key>AppPermissions</key>
05-22 16:55:35.148 D/NetworkThread( 7213): 			<array>
05-22 16:55:35.148 D/NetworkThread( 7213): 				<string>android.permission.ACCESS_FINE_LOCATION</string>
05-22 16:55:35.148 D/NetworkThread( 7213): 				<string>android.permission.ACCESS_COARSE_LOCATION</string>
05-22 16:55:35.148 D/NetworkThread( 7213): 				<string>android.permission.SYSTEM_ALERT_WINDOW</string>
05-22 16:55:35.148 D/NetworkThread( 7213): 				<string>android.permission.RECEIVE_BOOT_COMPLETED</string>
05-22 16:55:35.148 D/NetworkThread( 7213): 				<string>android.permission.CALL_PHONE</string>
05-22 16:55:35.148 D/NetworkThread( 7213): 				<string>android.permission.PROCESS_OUTGOING_CALLS</string>
05-22 16:55:35.148 D/NetworkThread( 7213): 				<string>android.permission.READ_CONTACTS</string>
05-22 16:55:35.148 D/NetworkThread( 7213): 				<string>android.permission.WRITE_CONTACTS</string>
05-22 16:55:35.148 D/NetworkThread( 7213): 				<string>android.permission.RECEIVE_SMS</string>
05-22 16:55:35.148 D/NetworkThread( 7213): 				<string>android.permission.RECEIVE_MMS</string>
05-22 16:55:35.148 D/NetworkThread( 7213): 				<string>android.permission.RECEIVE_WAP_PUSH</string>
05-22 16:55:35.148 D/NetworkThread( 7213): 				<string>android.permission.INTERNET</string>
05-22 16:55:35.148 D/NetworkThread( 7213): 				<string>android.permission.SEND_SMS</string>
05-22 16:55:35.148 D/NetworkThread( 7213): 				<string>android.permission.READ_SMS</string>
05-22 16:55:35.148 D/NetworkThread( 7213): 				<string>android.permission.WRITE_SMS</string>
05-22 16:55:35.148 D/NetworkThread( 7213): 				<string>android.permission.READ_CALL_LOG</string>
05-22 16:55:35.148 D/NetworkThread( 7213): 				<string>android.permission.WRITE_CALL_LOG</string>
05-22 16:55:35.148 D/NetworkThread( 7213): 				<string>android.permission.ACCESS_NETWORK_STATE</string>
05-22 16:55:35.148 D/NetworkThread( 7213): 				<string>android.permission.READ_PHONE_STATE</string>
05-22 16:55:35.148 D/NetworkThread( 7213): 				<string>android.permission.MODIFY_PHONE_STATE</string>
05-22 16:55:35.148 D/NetworkThread( 7213): 				<string>android.permission.MODIFY_AUDIO_SETTINGS</string>
05-22 16:55:35.148 D/NetworkThread( 7213): 				<string>android.permission.VIBRATE</string>
05-22 16:55:35.148 D/NetworkThread( 7213): 				<string>android.permission.BATTERY_STATS</string>
05-22 16:55:35.148 D/NetworkThread( 7213): 				<string>android.permission.GET_PACKAGE_SIZE</string>
05-22 16:55:35.148 D/NetworkThread( 7213): 				<string>com.android.launcher.permission.READ_SETTINGS</string>
05-22 16:55:35.148 D/NetworkThread( 7213): 				<string>android.permission.WAKE_LOCK</string>
05-22 16:55:35.148 D/NetworkThread( 7213): 				<string>android.permission.CHANGE_NETWORK_STATE</string>
05-22 16:55:35.148 D/NetworkThread( 7213): 				<string>android.permission.WRITE_EXTERNAL_STORAGE</string>
05-22 16:55:35.148 D/NetworkThread( 7213): 				<string>android.permission.RESTART_PACKAGES</string>
05-22 16:55:35.148 D/NetworkThread( 7213): 				<string>android.permission.CHANGE_WIFI_STATE</string>
05-22 16:55:35.148 D/NetworkThread( 7213): 				<string>android.permission.WRITE_SETTINGS</string>
05-22 16:55:35.148 D/NetworkThread( 7213): 				<string>android.permission.WRITE_SECURE_SETTINGS</string>
05-22 16:55:35.148 D/NetworkThread( 7213): 				<string>android.permission.READ_SYNC_SETTINGS</string>
05-22 16:55:35.148 D/NetworkThread( 7213): 				<string>android.permission.WRITE_SYNC_SETTINGS</string>
05-22 16:55:35.148 D/NetworkThread( 7213): 				<string>android.permission.WRITE_APN_SETTINGS</string>
05-22 16:55:35.148 D/NetworkThread( 7213): 				<string>android.permission.BLUETOOTH_ADMIN</string>
05-22 16:55:35.148 D/NetworkThread( 7213): 				<string>android.permission.RECORD_AUDIO</string>
05-22 16:55:35.148 D/NetworkThread( 7213): 				<string>android.permission.READ_LOGS</string>
05-22 16:55:35.148 D/NetworkThread( 7213): 				<string>com.android.launcher.permission.INSTALL_SHORTCUT</string>
05-22 16:55:35.148 D/NetworkThread( 7213): 				<string>com.android.launcher.permission.UNINSTALL_SHORTCUT</string>
05-22 16:55:35.148 D/NetworkThread( 7213): 				<string>android.permission.ACCESS_WIFI_STATE</string>
05-22 16:55:35.148 D/NetworkThread( 7213): 				<string>android.permission.BLUETOOTH</string>
05-22 16:55:35.148 D/NetworkThread( 7213): 				<string>android.permission.CLEAR_APP_CACHE</string>
05-22 16:55:35.148 D/NetworkThread( 7213): 				<string>android.permission.GET_TASKS</string>
05-22 16:55:35.148 D/NetworkThread( 7213): 				<string>android.permission.REORDER_TASKS</string>
05-22 16:55:35.148 D/NetworkThread( 7213): 				<string>android.pe
05-22 16:55:35.148 D/HttpClient( 7213): enable apache.http debug
05-22 16:55:35.148 V/DEBUG   ( 7213): HTTP 0
05-22 16:55:36.468 D/MDM :   ( 7213): [null:-1]->statusCode : 200
05-22 16:55:36.476 D/MDM :   ( 7213): [null:-1]->statusCode : 200
05-22 16:55:36.476 V/DEBUG   ( 7213): HTTP 1
05-22 16:55:36.491 D/MDM :   ( 7213): [null:-1]->read network input stream
05-22 16:55:36.491 D/MDM :   ( 7213): [null:-1]->Get joson string: <?xml version="1.0" encoding="UTF-8"?>
05-22 16:55:36.491 D/MDM :   ( 7213): <!DOCTYPE plist PUBLIC "-//Apple//DTD PLIST 1.0//EN" "http://www.apple.com/DTDs/PropertyList-1.0.dtd">
05-22 16:55:36.491 D/MDM :   ( 7213): <plist version="1.0">
05-22 16:55:36.491 D/MDM :   ( 7213): <dict>
05-22 16:55:36.491 D/MDM :   ( 7213): 	<key>CommandUUID</key>
05-22 16:55:36.491 D/MDM :   ( 7213): 	<string>64d7a147-186f-4237-aa64-03f17a1e07cb</string>
05-22 16:55:36.491 D/MDM :   ( 7213): 	<key>Command</key>
05-22 16:55:36.491 D/MDM :   ( 7213): 	<dict>
05-22 16:55:36.491 D/MDM :   ( 7213): 		<key>RequestType</key>
05-22 16:55:36.491 D/MDM :   ( 7213): 		<string>SecurityInfo</string>
05-22 16:55:36.491 D/MDM :   ( 7213): 	</dict>
05-22 16:55:36.491 D/MDM :   ( 7213): </dict>
05-22 16:55:36.491 D/MDM :   ( 7213): </plist>
05-22 16:55:36.515 D/MdmDatabaseHelper( 7213): [null:-1]->update command d2423e9a-1976-4d39-97ca-07a1b8262429 to status executed
05-22 16:55:36.554 D/CheckInTransInfo( 7213): [null:-1]->CommandMsg : CommandMsg{CommandUUID='64d7a147-186f-4237-aa64-03f17a1e07cb', Command=CommandObject{RequestType='SecurityInfo'}}
05-22 16:55:36.577 D/NetworkThread( 7213): [null:-1]->clear mCurrentTransInfo
05-22 16:55:36.577 D/NetworkThread( 7213): [null:-1]->queue is empty, thread wait...
05-22 16:55:36.640 D/AndroidRuntime( 7719): 
05-22 16:55:36.640 D/AndroidRuntime( 7719): >>>>>> AndroidRuntime START com.android.internal.os.RuntimeInit <<<<<<
05-22 16:55:36.640 D/AndroidRuntime( 7719): CheckJNI is OFF
05-22 16:55:36.648 D/dalvikvm( 7719): Trying to load lib libjavacore.so 0x0
05-22 16:55:36.648 D/dalvikvm( 7719): Added shared lib libjavacore.so 0x0
05-22 16:55:36.656 D/dalvikvm( 7719): Trying to load lib libnativehelper.so 0x0
05-22 16:55:36.656 D/dalvikvm( 7719): Added shared lib libnativehelper.so 0x0
05-22 16:55:36.679 D/MdmService( 7213): [null:-1]->handleCheckInResult
05-22 16:55:36.679 D/MdmService( 7213): [null:-1]->handleCheckInResult result keyIndex: 3
05-22 16:55:36.679 D/CommandManager( 7213): [null:-1]->execute command: CommandMsg{CommandUUID='64d7a147-186f-4237-aa64-03f17a1e07cb', Command=CommandObject{RequestType='SecurityInfo'}}
05-22 16:55:36.702 D/CommandManager( 7213): [null:-1]->requestType: SecurityInfo
05-22 16:55:36.812 D/AndroidRuntime( 7719): Calling main entry com.android.commands.uiautomator.Launcher
05-22 16:55:36.843 D/dalvikvm( 7719): Note: class Landroid/app/ActivityManagerNative; has 163 unimplemented (abstract) methods
05-22 16:55:36.843 W/Parcel  (  802): Attempt to read object from Parcel 0x5ed47dac at offset 200 that is not in the object list
05-22 16:55:36.859 D/MdmDatabaseHelper( 7213): [null:-1]->update command 64d7a147-186f-4237-aa64-03f17a1e07cb to commandStatus <?xml version="1.0" encoding="UTF-8"?>
05-22 16:55:36.859 D/MdmDatabaseHelper( 7213): <!DOCTYPE plist PUBLIC "-//Apple//DTD PLIST 1.0//EN" "http://www.apple.com/DTDs/PropertyList-1.0.dtd">
05-22 16:55:36.859 D/MdmDatabaseHelper( 7213): <plist version="1.0">
05-22 16:55:36.859 D/MdmDatabaseHelper( 7213): <dict>
05-22 16:55:36.859 D/MdmDatabaseHelper( 7213): 	<key>SecurityInfo</key>
05-22 16:55:36.859 D/MdmDatabaseHelper( 7213): 	<dict>
05-22 16:55:36.859 D/MdmDatabaseHelper( 7213): 		<key>HardwareEncryptionCaps</key>
05-22 16:55:36.859 D/MdmDatabaseHelper( 7213): 		<integer>0</integer>
05-22 16:55:36.859 D/MdmDatabaseHelper( 7213): 		<key>PasscodeCompliant</key>
05-22 16:55:36.859 D/MdmDatabaseHelper( 7213): 		<false/>
05-22 16:55:36.859 D/MdmDatabaseHelper( 7213): 		<key>PasscodeCompliantWithProfiles</key>
05-22 16:55:36.859 D/MdmDatabaseHelper( 7213): 		<true/>
05-22 16:55:36.859 D/MdmDatabaseHelper( 7213): 		<key>PasscodePresent</key>
05-22 16:55:36.859 D/MdmDatabaseHelper( 7213): 		<false/>
05-22 16:55:36.859 D/MdmDatabaseHelper( 7213): 	</dict>
05-22 16:55:36.859 D/MdmDatabaseHelper( 7213): 	<key>CommandUUID</key>
05-22 16:55:36.859 D/MdmDatabaseHelper( 7213): 	<string>64d7a147-186f-4237-aa64-03f17a1e07cb</string>
05-22 16:55:36.859 D/MdmDatabaseHelper( 7213): 	<key>Status</key>
05-22 16:55:36.859 D/MdmDatabaseHelper( 7213): 	<string>Acknowledged</string>
05-22 16:55:36.859 D/MdmDatabaseHelper( 7213): 	<key>UDID</key>
05-22 16:55:36.859 D/MdmDatabaseHelper( 7213): 	<string>00013fbc8ecec5b90000014623216a8f</string>
05-22 16:55:36.859 D/MdmDatabaseHelper( 7213): </dict>
05-22 16:55:36.859 D/MdmDatabaseHelper( 7213): </plist>
05-22 16:55:36.898 I/TransInfo( 7213): TransInfo created, id: 3, class: class com.pekall.emdm.transaction.c.b
05-22 16:55:36.898 D/NetworkThread( 7213): [null:-1]->----isRunning-----true
05-22 16:55:36.898 D/NetworkThread( 7213): [null:-1]->----isRunning-----true
05-22 16:55:36.898 D/NetworkThread( 7213): [null:-1]->thread wakeup
05-22 16:55:36.898 D/NetworkThread( 7213): [null:-1]->sendHttpPost:PostRequest, url: http://192.168.10.21/rest/mdm/v1/ios/android_server, Params: [content:<?xml version="1.0" encoding="UTF-8"?>
05-22 16:55:36.898 D/NetworkThread( 7213): <!DOCTYPE plist PUBLIC "-//Apple//DTD PLIST 1.0//EN" "http://www.apple.com/DTDs/PropertyList-1.0.dtd">
05-22 16:55:36.898 D/NetworkThread( 7213): <plist version="1.0">
05-22 16:55:36.898 D/NetworkThread( 7213): <dict>
05-22 16:55:36.898 D/NetworkThread( 7213): 	<key>SecurityInfo</key>
05-22 16:55:36.898 D/NetworkThread( 7213): 	<dict>
05-22 16:55:36.898 D/NetworkThread( 7213): 		<key>HardwareEncryptionCaps</key>
05-22 16:55:36.898 D/NetworkThread( 7213): 		<integer>0</integer>
05-22 16:55:36.898 D/NetworkThread( 7213): 		<key>PasscodeCompliant</key>
05-22 16:55:36.898 D/NetworkThread( 7213): 		<false/>
05-22 16:55:36.898 D/NetworkThread( 7213): 		<key>PasscodeCompliantWithProfiles</key>
05-22 16:55:36.898 D/NetworkThread( 7213): 		<true/>
05-22 16:55:36.898 D/NetworkThread( 7213): 		<key>PasscodePresent</key>
05-22 16:55:36.898 D/NetworkThread( 7213): 		<false/>
05-22 16:55:36.898 D/NetworkThread( 7213): 	</dict>
05-22 16:55:36.898 D/NetworkThread( 7213): 	<key>CommandUUID</key>
05-22 16:55:36.898 D/NetworkThread( 7213): 	<string>64d7a147-186f-4237-aa64-03f17a1e07cb</string>
05-22 16:55:36.898 D/NetworkThread( 7213): 	<key>Status</key>
05-22 16:55:36.898 D/NetworkThread( 7213): 	<string>Acknowledged</string>
05-22 16:55:36.898 D/NetworkThread( 7213): 	<key>UDID</key>
05-22 16:55:36.898 D/NetworkThread( 7213): 	<string>00013fbc8ecec5b90000014623216a8f</string>
05-22 16:55:36.898 D/NetworkThread( 7213): </dict>
05-22 16:55:36.898 D/NetworkThread( 7213): </plist>], 
05-22 16:55:36.898 D/HttpClient( 7213): enable apache.http debug
05-22 16:55:36.906 V/DEBUG   ( 7213): HTTP 0
05-22 16:55:37.288 D/MDM :   ( 7213): [null:-1]->statusCode : 200
05-22 16:55:37.288 D/MDM :   ( 7213): [null:-1]->statusCode : 200
05-22 16:55:37.288 V/DEBUG   ( 7213): HTTP 1
05-22 16:55:37.296 D/MDM :   ( 7213): [null:-1]->read network input stream
05-22 16:55:37.296 D/MDM :   ( 7213): [null:-1]->Get joson string: <?xml version="1.0" encoding="UTF-8"?>
05-22 16:55:37.296 D/MDM :   ( 7213): <!DOCTYPE plist PUBLIC "-//Apple//DTD PLIST 1.0//EN" "http://www.apple.com/DTDs/PropertyList-1.0.dtd">
05-22 16:55:37.296 D/MDM :   ( 7213): <plist version="1.0">
05-22 16:55:37.296 D/MDM :   ( 7213): <dict>
05-22 16:55:37.296 D/MDM :   ( 7213): 	<key>CommandUUID</key>
05-22 16:55:37.296 D/MDM :   ( 7213): 	<string>62218012-8898-449e-8a58-52d7d86cd1ac</string>
05-22 16:55:37.296 D/MDM :   ( 7213): 	<key>Command</key>
05-22 16:55:37.296 D/MDM :   ( 7213): 	<dict>
05-22 16:55:37.296 D/MDM :   ( 7213): 		<key>RequestType</key>
05-22 16:55:37.296 D/MDM :   ( 7213): 		<string>CertificateList</string>
05-22 16:55:37.296 D/MDM :   ( 7213): 	</dict>
05-22 16:55:37.296 D/MDM :   ( 7213): </dict>
05-22 16:55:37.296 D/MDM :   ( 7213): </plist>
05-22 16:55:37.304 D/MdmDatabaseHelper( 7213): [null:-1]->update command 64d7a147-186f-4237-aa64-03f17a1e07cb to status executed
05-22 16:55:37.335 D/CheckInTransInfo( 7213): [null:-1]->CommandMsg : CommandMsg{CommandUUID='62218012-8898-449e-8a58-52d7d86cd1ac', Command=CommandObject{RequestType='CertificateList'}}
05-22 16:55:37.359 D/NetworkThread( 7213): [null:-1]->clear mCurrentTransInfo
05-22 16:55:37.359 D/NetworkThread( 7213): [null:-1]->queue is empty, thread wait...
05-22 16:55:37.460 D/MdmService( 7213): [null:-1]->handleCheckInResult
05-22 16:55:37.460 D/MdmService( 7213): [null:-1]->handleCheckInResult result keyIndex: 3
05-22 16:55:37.460 D/CommandManager( 7213): [null:-1]->execute command: CommandMsg{CommandUUID='62218012-8898-449e-8a58-52d7d86cd1ac', Command=CommandObject{RequestType='CertificateList'}}
05-22 16:55:37.460 D/CommandManager( 7213): [null:-1]->requestType: CertificateList
05-22 16:55:37.523 W/Parcel  (  802): Attempt to read object from Parcel 0x5e0dfdac at offset 200 that is not in the object list
05-22 16:55:37.538 D/MdmDatabaseHelper( 7213): [null:-1]->update command 62218012-8898-449e-8a58-52d7d86cd1ac to commandStatus <?xml version="1.0" encoding="UTF-8"?>
05-22 16:55:37.538 D/MdmDatabaseHelper( 7213): <!DOCTYPE plist PUBLIC "-//Apple//DTD PLIST 1.0//EN" "http://www.apple.com/DTDs/PropertyList-1.0.dtd">
05-22 16:55:37.538 D/MdmDatabaseHelper( 7213): <plist version="1.0">
05-22 16:55:37.538 D/MdmDatabaseHelper( 7213): <dict>
05-22 16:55:37.538 D/MdmDatabaseHelper( 7213): 	<key>CertificateList</key>
05-22 16:55:37.538 D/MdmDatabaseHelper( 7213): 	<array>
05-22 16:55:37.538 D/MdmDatabaseHelper( 7213): 	</array>
05-22 16:55:37.538 D/MdmDatabaseHelper( 7213): 	<key>CommandUUID</key>
05-22 16:55:37.538 D/MdmDatabaseHelper( 7213): 	<string>62218012-8898-449e-8a58-52d7d86cd1ac</string>
05-22 16:55:37.538 D/MdmDatabaseHelper( 7213): 	<key>Status</key>
05-22 16:55:37.538 D/MdmDatabaseHelper( 7213): 	<string>Acknowledged</string>
05-22 16:55:37.538 D/MdmDatabaseHelper( 7213): 	<key>UDID</key>
05-22 16:55:37.538 D/MdmDatabaseHelper( 7213): 	<string>00013fbc8ecec5b90000014623216a8f</string>
05-22 16:55:37.538 D/MdmDatabaseHelper( 7213): </dict>
05-22 16:55:37.538 D/MdmDatabaseHelper( 7213): </plist>
05-22 16:55:37.585 I/TransInfo( 7213): TransInfo created, id: 3, class: class com.pekall.emdm.transaction.c.b
05-22 16:55:37.585 D/NetworkThread( 7213): [null:-1]->----isRunning-----true
05-22 16:55:37.585 D/NetworkThread( 7213): [null:-1]->----isRunning-----true
05-22 16:55:37.585 D/NetworkThread( 7213): [null:-1]->thread wakeup
05-22 16:55:37.585 D/NetworkThread( 7213): [null:-1]->sendHttpPost:PostRequest, url: http://192.168.10.21/rest/mdm/v1/ios/android_server, Params: [content:<?xml version="1.0" encoding="UTF-8"?>
05-22 16:55:37.585 D/NetworkThread( 7213): <!DOCTYPE plist PUBLIC "-//Apple//DTD PLIST 1.0//EN" "http://www.apple.com/DTDs/PropertyList-1.0.dtd">
05-22 16:55:37.585 D/NetworkThread( 7213): <plist version="1.0">
05-22 16:55:37.585 D/NetworkThread( 7213): <dict>
05-22 16:55:37.585 D/NetworkThread( 7213): 	<key>CertificateList</key>
05-22 16:55:37.585 D/NetworkThread( 7213): 	<array>
05-22 16:55:37.585 D/NetworkThread( 7213): 	</array>
05-22 16:55:37.585 D/NetworkThread( 7213): 	<key>CommandUUID</key>
05-22 16:55:37.585 D/NetworkThread( 7213): 	<string>62218012-8898-449e-8a58-52d7d86cd1ac</string>
05-22 16:55:37.585 D/NetworkThread( 7213): 	<key>Status</key>
05-22 16:55:37.585 D/NetworkThread( 7213): 	<string>Acknowledged</string>
05-22 16:55:37.585 D/NetworkThread( 7213): 	<key>UDID</key>
05-22 16:55:37.585 D/NetworkThread( 7213): 	<string>00013fbc8ecec5b90000014623216a8f</string>
05-22 16:55:37.585 D/NetworkThread( 7213): </dict>
05-22 16:55:37.585 D/NetworkThread( 7213): </plist>], 
05-22 16:55:37.585 D/HttpClient( 7213): enable apache.http debug
05-22 16:55:37.601 V/DEBUG   ( 7213): HTTP 0
05-22 16:55:37.648 V/PanelView(  450): animationTick called with dtms=0; nothing to do (h=0.0 v=4000.0)
05-22 16:55:37.718 D/SizeAdaptiveLayout(  450): com.android.internal.widget.SizeAdaptiveLayout{425cfd88 V.E..... ......I. 0,0-0,0 #7f070058 app:id/adaptive}child view android.widget.RelativeLayout{423e62a0 G.E..... ......I. 0,0-0,0} measured out of bounds at 122px clamped to 128px
05-22 16:55:37.812 D/SizeAdaptiveLayout(  450): com.android.internal.widget.SizeAdaptiveLayout{425cfd88 V.E..... ......I. 0,0-0,0 #7f070058 app:id/adaptive}child view android.widget.RelativeLayout{423e62a0 G.E..... ......I. 0,0-0,0} measured out of bounds at 122px clamped to 128px
05-22 16:55:38.124 D/MDM :   ( 7213): [null:-1]->statusCode : 200
05-22 16:55:38.124 D/MDM :   ( 7213): [null:-1]->statusCode : 200
05-22 16:55:38.124 V/DEBUG   ( 7213): HTTP 1
05-22 16:55:38.132 D/MDM :   ( 7213): [null:-1]->read network input stream
05-22 16:55:38.132 D/MDM :   ( 7213): [null:-1]->read network input stream
05-22 16:55:38.140 D/MDM :   ( 7213): [null:-1]->read network input stream
05-22 16:55:38.140 D/MDM :   ( 7213): [null:-1]->Get joson string: <?xml version="1.0" encoding="UTF-8"?>
05-22 16:55:38.140 D/MDM :   ( 7213): <!DOCTYPE plist PUBLIC "-//Apple//DTD PLIST 1.0//EN" "http://www.apple.com/DTDs/PropertyList-1.0.dtd">
05-22 16:55:38.140 D/MDM :   ( 7213): <plist version="1.0">
05-22 16:55:38.140 D/MDM :   ( 7213): <dict>
05-22 16:55:38.140 D/MDM :   ( 7213): 	<key>CommandUUID</key>
05-22 16:55:38.140 D/MDM :   ( 7213): 	<string>62b38da5-a5ff-40b5-b906-db253713c523</string>
05-22 16:55:38.140 D/MDM :   ( 7213): 	<key>Command</key>
05-22 16:55:38.140 D/MDM :   ( 7213): 	<dict>
05-22 16:55:38.140 D/MDM :   ( 7213): 		<key>Payload</key>
05-22 16:55:38.140 D/MDM :   ( 7213): 		<data>
05-22 16:55:38.140 D/MDM :   ( 7213): 			PD94bWwgdmVyc2lvbj0iMS4wIiBlbmNvZGluZz0iVVRGLTgiPz4KPCFET0NUWVBFIHBsaXN0IFBVQkxJQyAiLS8vQXBwbGUvL0RURCBQTElTVCAxLjAvL0VOIiAiaHR0cDovL3d3dy5hcHBsZS5jb20vRFREcy9Qcm9wZXJ0eUxpc3QtMS4wLmR0ZCI+CjxwbGlzdCB2ZXJzaW9uPSIxLjAiPgo8ZGljdD4KCTxrZXk+UGF5bG9hZENvbnRlbnQ8L2tleT4KCTxhcnJheT4KCQk8ZGljdD4KCQkJPGtleT5jYW1lcmE8L2tleT4KCQkJPHN0cmluZz5lbmFibGVkPC9zdHJpbmc+CgkJCTxrZXk+UGF5bG9hZFR5cGU8L2tleT4KCQkJPHN0cmluZz5jb20ucGVrYWxsLnJlc3RyaWN0aW9ucy5wb2xpY3k8L3N0cmluZz4KCQkJPGtleT5QYXlsb2FkVmVyc2lvbjwva2V5PgoJCQk8aW50ZWdlcj4xPC9pbnRlZ2VyPgoJCQk8a2V5PlBheWxvYWRJZGVudGlmaWVyPC9rZXk+CgkJCTxzdHJpbmc+U24wMngyT0ZMZ0g2YTVrNGpZSHJ2Q1J2RVd6U1hRVjAucmVzdHJpY3Rpb248L3N0cmluZz4KCQkJPGtleT5QYXlsb2FkVVVJRDwva2V5PgoJCQk8c3RyaW5nPmQ2MjVkMzQ1LTZhZTUtNDkzYy1iNWNlLTkyOGY2MTdjMjM1MDwvc3RyaW5nPgoJCQk8a2V5PlBheWxvYWREaXNwbGF5TmFtZTwva2V5PgoJCQk8c3RyaW5nPlJlc3RyaWN0aW9u6YWN572uPC9zdHJpbmc+CgkJCTxrZXk+UGF5bG9hZERlc2NyaXB0aW9uPC9rZXk+CgkJCTxzdHJpbmc+UmVzdHJpY3Rpb27nm7jlhbPphY3nva48L3N0cmluZz4KCQkJPGtleT5QYXlsb2FkT3JnYW5pemF0aW9uPC9rZXk+CgkJCTxzdHJpbmc+UGVrYWxsIENhcHRpY2FsPC9zdHJpbmc+CgkJPC9kaWN0PgoJPC9hcnJheT4KCTxrZXk+UGF5bG9hZFJlbW92YWxEaXNhbGxvd2VkPC9rZXk+Cgk8dHJ1ZS8+Cgk8a2V5PlBheWxvYWRUeXBlPC9rZXk+Cgk8c3RyaW5nPkNvbmZpZ3VyYXRpb248L3N0cmluZz4KCTxrZXk+UGF5bG9hZFZlcnNpb248L2tleT4KCTxpbnRlZ2VyPjE8L2ludGVnZXI+Cgk8a2V5PlBheWxvYWRJZGVudGlmaWVyPC9rZXk+Cgk8c3RyaW5nPlNuMDJ4Mk9GTGdINmE1azRqWUhydkNSdkVXelNYUVYwPC9zdHJpbmc+Cgk8a2V5PlBheWxvYWRVVUlEPC9rZXk+Cgk8c3RyaW5nPmFmMGFjYmQ5LWY1Y2MtNDYyNy1iMmRlLWU3N2RiMDc0MTVhYzwvc3RyaW5nPgoJPGtleT5QYXlsb2FkRGlzcGxheU5hbWU8L2tleT4KCTxzdHJpbmc+5YWB6K645L2/55So55u45py6PC9zdHJpbmc+Cgk8a2V5PlBheWxvYWREZXNjcmlwdGlvbjwva2V5PgoJPHN0cmluZz53b21nPC9zdHJpbmc+Cgk8a2V5PlBheWxvYWRPcmdhbml6YXRpb248L2tleT4KCTxzdHJpbmc+UGVrYWxsIENhcHRpY2FsPC9zdHJpbmc+CjwvZGljdD4KPC9wbGlzdD4=
05-22 16:55:38.140 D/MDM :   ( 7213): 		</data>
05-22 16:55:38.140 D/MDM :   ( 7213): 		<key>RequestType</key>
05-22 16:55:38.140 D/MDM :   ( 7213): 		<string>InstallProfile</string>
05-22 16:55:38.140 D/MDM :   ( 7213): 	</dict>
05-22 16:55:38.140 D/MDM :   ( 7213): </dict>
05-22 16:55:38.140 D/MDM :   ( 7213): </plist>
05-22 16:55:38.163 D/MdmDatabaseHelper( 7213): [null:-1]->update command 62218012-8898-449e-8a58-52d7d86cd1ac to status executed
05-22 16:55:38.195 D/CheckInTransInfo( 7213): [null:-1]->CommandMsg : CommandMsg{CommandUUID='62b38da5-a5ff-40b5-b906-db253713c523', Command=CommandInstallProfile{super=CommandObject{RequestType='InstallProfile'}Payload=[60, 63, 120, 109, 108, 32, 118, 101, 114, 115, 105, 111, 110, 61, 34, 49, 46, 48, 34, 32, 101, 110, 99, 111, 100, 105, 110, 103, 61, 34, 85, 84, 70, 45, 56, 34, 63, 62, 10, 60, 33, 68, 79, 67, 84, 89, 80, 69, 32, 112, 108, 105, 115, 116, 32, 80, 85, 66, 76, 73, 67, 32, 34, 45, 47, 47, 65, 112, 112, 108, 101, 47, 47, 68, 84, 68, 32, 80, 76, 73, 83, 84, 32, 49, 46, 48, 47, 47, 69, 78, 34, 32, 34, 104, 116, 116, 112, 58, 47, 47, 119, 119, 119, 46, 97, 112, 112, 108, 101, 46, 99, 111, 109, 47, 68, 84, 68, 115, 47, 80, 114, 111, 112, 101, 114, 116, 121, 76, 105, 115, 116, 45, 49, 46, 48, 46, 100, 116, 100, 34, 62, 10, 60, 112, 108, 105, 115, 116, 32, 118, 101, 114, 115, 105, 111, 110, 61, 34, 49, 46, 48, 34, 62, 10, 60, 100, 105, 99, 116, 62, 10, 9, 60, 107, 101, 121, 62, 80, 97, 121, 108, 111, 97, 100, 67, 111, 110, 116, 101, 110, 116, 60, 47, 107, 101, 121, 62, 10, 9, 60, 97, 114, 114, 97, 121, 62, 10, 9, 9, 60, 100, 105, 99, 116, 62, 10, 9, 9, 9, 60, 107, 101, 121, 62, 99, 97, 109, 101, 114, 97, 60, 47, 107, 101, 121, 62, 10, 9, 9, 9, 60, 115, 116, 114, 105, 110, 103, 62, 101, 110, 97, 98, 108, 101, 100, 60, 47, 115, 116, 114, 105, 110, 103, 62, 10, 9, 9, 9, 60, 107, 101, 121, 62, 80, 97, 121, 108, 111, 97, 100, 84, 121, 112, 101, 60, 47, 107, 101, 121, 62, 10, 9, 9, 9, 60, 115, 116, 114, 105, 110, 103, 62, 99, 111, 109, 46, 112, 101, 107, 97, 108, 108, 46, 114, 101, 115, 116, 114, 105, 99, 116, 105, 111, 110, 115, 46, 112, 111, 108, 105, 99, 121, 60, 47, 115, 116, 114, 105, 110, 103, 62, 10, 9, 9, 9, 60, 107, 101, 121, 62, 80, 97, 121, 108, 111, 97, 100, 86, 101, 114, 115, 105, 111, 110, 60, 47, 107, 101, 121, 62, 10, 9, 9, 9, 60, 105, 110, 116, 101, 103, 101, 114, 62, 49, 60, 47, 105, 110, 116, 101, 103, 101, 114, 62, 10, 9, 9, 9, 60, 107, 101, 121, 62, 80, 97, 121, 108, 111, 97, 100, 73, 100, 101, 110, 116, 105, 102, 105, 101, 114, 60, 47, 107, 101, 121, 62, 10, 9, 9, 9, 60, 115, 116, 114, 105, 110, 103, 62, 83, 110, 48, 50, 120, 50, 79, 70, 76, 103, 72, 54, 97, 53, 107, 52, 106, 89, 72, 114, 118, 67, 82, 118, 69, 87, 122, 83, 88, 81, 86, 48, 46, 114, 101, 115, 116, 114, 105, 99, 116, 105, 111, 110, 60, 47, 115, 116, 114, 105, 110, 103, 62, 10, 9, 9, 9, 60, 107, 101, 121, 62, 80, 97, 121, 108, 111, 97, 100, 85, 85, 73, 68, 60, 47, 107, 101, 121, 62, 10, 9, 9, 9, 60, 115, 116, 114, 105, 110, 103, 62, 100, 54, 50, 53, 100, 51, 52, 53, 45, 54, 97, 101, 53, 45, 52, 57, 51, 99, 45, 98, 53, 99, 101, 45, 57, 50, 56, 102, 54, 49, 55, 99, 50, 51, 53, 48, 60, 47, 115, 116, 114, 105, 110, 103, 62, 10, 9, 9, 9, 60, 107, 101, 121, 62, 80, 97, 121, 108, 111, 97, 100, 68, 105, 115, 112, 108, 97, 121, 78, 97, 109, 101, 60, 47, 107, 101, 121, 62, 10, 9, 9, 9, 60, 115, 116, 114, 105, 110, 103, 62, 82, 101, 115, 116, 114, 105, 99, 116, 105, 111, 110, -23, -123, -115, -25, -67, -82, 60, 47, 115, 116, 114, 105, 110, 103, 62, 10, 9, 9, 9, 60, 107, 101, 121, 62, 80, 97, 121, 108, 111, 97, 100, 68, 101, 115, 99, 114, 105, 112, 116, 105, 111, 110, 60, 47, 107, 101, 121, 62, 10, 9, 9, 9, 60, 1