05-22 16:56:03.554 W/MountService(  375): getVolumeState(/storage/extSdCard): Unknown volume
05-22 16:56:03.554 W/MountService(  375): getVolumeState(/storage/sdcard1): Unknown volume
05-22 16:56:03.554 W/MountService(  375): getVolumeState(/mnt/sdcard/external_SD): Unknown volume
05-22 16:56:03.554 W/MountService(  375): getVolumeState(/mnt/sdcard/external_sd): Unknown volume
05-22 16:56:04.234 V/PanelView(  450): animationTick called with dtms=0; nothing to do (h=0.0 v=4000.0)
05-22 16:56:07.866 D/PhoneStatusBar(  450): disable: < EXPAND* icons alerts TICKER* system_info back home RECENT* clock SEARCH* >
05-22 16:56:07.866 V/PanelView(  450): animationTick called with dtms=0; nothing to do (h=1184.0 v=-4000.0)
05-22 16:56:07.866 V/PanelView(  450): animationTick called with dtms=0; nothing to do (h=1184.0 v=-4000.0)
05-22 16:56:08.445 D/PhoneStatusBar(  450): disable: < EXPAND icons alerts TICKER system_info BACK* HOME* RECENT CLOCK* SEARCH >
05-22 16:56:09.202 W/ActivityManager(  375): Timeout executing service: ServiceRecord{426d6610 u0 com.pekall.emdm.launcher/com.baidu.location.f}
05-22 16:56:15.046 W/ActivityManager(  375): Unable to start service Intent { cmp=com.pekall.emdm.launcher/com.pekall.semail.service.AttachmentDownloadService } U=0: not found
05-22 16:56:15.663 E/ActivityManager(  375): ANR in com.pekall.emdm.launcher:remote
05-22 16:56:15.663 E/ActivityManager(  375): Reason: Executing service com.pekall.emdm.launcher/com.baidu.location.f
05-22 16:56:15.663 E/ActivityManager(  375): Load: 5.92 / 3.16 / 2.01
05-22 16:56:15.663 E/ActivityManager(  375): CPU usage from 0ms to 6434ms later:
05-22 16:56:15.663 E/ActivityManager(  375):   64% 7213/com.pekall.emdm.launcher: 64% user + 0% kernel
05-22 16:56:15.663 E/ActivityManager(  375):   58% 7787/com.pekall.emdm.launcher:remote: 58% user + 0% kernel / faults: 372 minor 1 major
05-22 16:56:15.663 E/ActivityManager(  375):   51% 7719/uiautomator: 25% user + 25% kernel / faults: 69 minor
05-22 16:56:15.663 E/ActivityManager(  375):   20% 375/system_server: 17% user + 3.5% kernel / faults: 453 minor
05-22 16:56:15.663 E/ActivityManager(  375):   1.5% 450/com.android.systemui: 1% user + 0.4% kernel / faults: 26 minor
05-22 16:56:15.663 E/ActivityManager(  375):   0.3% 580/com.android.phone: 0.2% user + 0.1% kernel / faults: 31 minor
05-22 16:56:15.663 E/ActivityManager(  375):   0.6% 1693/com.qihoo.daemon: 0.4% user + 0.1% kernel / faults: 71 minor
05-22 16:56:15.663 E/ActivityManager(  375):   0.4% 587/com.android.nfc: 0.1% user + 0.3% kernel / faults: 27 minor
05-22 16:56:15.663 E/ActivityManager(  375):   0% 81/mmcqd/0: 0% user + 0% kernel
05-22 16:56:15.663 E/ActivityManager(  375):   0.1% 134/adbd: 0% user + 0.1% kernel
05-22 16:56:15.663 E/ActivityManager(  375):   0% 5537/kworker/1:1: 0% user + 0% kernel
05-22 16:56:15.663 E/ActivityManager(  375):   0.1% 6916/com.qihoo.appstore: 0% user + 0.1% kernel / faults: 1 minor
05-22 16:56:15.663 E/ActivityManager(  375):   0.1% 6939/kworker/u:3: 0% user + 0.1% kernel
05-22 16:56:15.663 E/ActivityManager(  375):   0.1% 7686/com.dragon.android.pandaspace:bdservice_v1: 0.1% user + 0% kernel
05-22 16:56:15.663 E/ActivityManager(  375): 99% TOTAL: 84% user + 15% kernel
05-22 16:56:15.663 E/ActivityManager(  375): CPU usage from 5667ms to 6203ms later:
05-22 16:56:15.663 E/ActivityManager(  375):   98% 7213/com.pekall.emdm.launcher: 98% user + 0% kernel
05-22 16:56:15.663 E/ActivityManager(  375):     94% 7226/Thread-360: 94% user + 0% kernel
05-22 16:56:15.663 E/ActivityManager(  375):   96% 7787/com.pekall.emdm.launcher:remote: 96% user + 0% kernel / faults: 161 minor
05-22 16:56:15.663 E/ActivityManager(  375):     94% 7800/Thread-393: 94% user + 0% kernel
05-22 16:56:15.663 E/ActivityManager(  375):   5.6% 375/system_server: 0% user + 5.6% kernel / faults: 1 minor
05-22 16:56:15.663 E/ActivityManager(  375):     5.6% 391/ActivityManager: 0% user + 5.6% kernel
05-22 16:56:15.663 E/ActivityManager(  375):     1.8% 383/FinalizerDaemon: 1.8% user + 0% kernel
05-22 16:56:15.663 E/ActivityManager(  375): 99% TOTAL: 95% user + 3.7% kernel
05-22 16:56:15.671 W/ActivityManager(  375): Killing ProcessRecord{428c32f0 7787:com.pekall.emdm.launcher:remote/u0a10066}: background ANR
05-22 16:56:15.671 W/BroadcastQueue(  375): Timeout of broadcast BroadcastRecord{42c539d0 u-1 android.intent.action.SCREEN_OFF} - receiver=android.os.BinderProxy@42966058, started 12032ms ago
05-22 16:56:15.671 W/BroadcastQueue(  375): Receiver during timeout: BroadcastFilter{429706c0 u0 ReceiverList{42970640 7787 com.pekall.emdm.launcher:remote/10066/u0 remote:42966058}}
05-22 16:56:15.890 I/ActivityManager(  375): Skipping duplicate ANR: ProcessRecord{428c32f0 7787:com.pekall.emdm.launcher:remote/u0a10066} Broadcast of Intent { act=android.intent.action.SCREEN_OFF flg=0x50000010 }
05-22 16:56:15.890 I/ActivityManager(  375): Process com.pekall.emdm.launcher:remote (pid 7787) has died.
05-22 16:56:15.890 W/ActivityManager(  375): Scheduling restart of crashed service com.pekall.emdm.launcher/com.baidu.location.f in 5000ms
05-22 16:56:16.007 I/WindowManager(  375): Lock screen displayed!
05-22 16:56:20.898 I/ActivityManager(  375): Start proc com.pekall.emdm.launcher:remote for service com.pekall.emdm.launcher/com.baidu.location.f: pid=7836 uid=10066 gids={50066, 1015, 3002, 3001, 3003, 1028}
05-22 16:56:21.281 D/ActivityThread( 7836): Loading provider com.pekall.semail.provider;com.pekall.semail.notifier: com.pekall.semail.provider.EmailProvider
05-22 16:56:21.312 D/ActivityThread( 7836): Loading provider com.pekall.semail.provider;com.pekall.semail.notifier: com.pekall.semail.provider.EmailProvider
05-22 16:56:23.538 W/ActivityManager(  375): Unable to start service Intent { cmp=com.pekall.emdm.launcher/com.pekall.semail.service.AttachmentDownloadService } U=0: not found
05-22 16:56:36.421 D/PhoneStatusBar(  450): disable: < expand* icons alerts ticker* system_info BACK HOME recent* CLOCK search* >
05-22 16:56:36.468 D/PhoneStatusBar(  450): disable: < expand icons alerts ticker system_info back* home* recent clock* search >
05-22 16:56:36.710 W/InputMethodManagerService(  375): Window already focused, ignoring focus gain of: com.android.internal.view.IInputMethodClient$Stub$Proxy@42660d00 attribute=null, token = android.os.BinderProxy@4260b840
05-22 16:56:37.437 V/PanelView(  450): animationTick called with dtms=0; nothing to do (h=0.0 v=4000.0)
05-22 16:56:40.929 W/ActivityManager(  375): Timeout executing service: ServiceRecord{426d6610 u0 com.pekall.emdm.launcher/com.baidu.location.f}
05-22 16:56:43.695 W/ProcessStats(  375): Skipping unknown process pid 7880
05-22 16:56:44.718 E/ActivityManager(  375): ANR in com.pekall.emdm.launcher:remote
05-22 16:56:44.718 E/ActivityManager(  375): Reason: Executing service com.pekall.emdm.launcher/com.baidu.location.f
05-22 16:56:44.718 E/ActivityManager(  375): Load: 4.7 / 3.12 / 2.04
05-22 16:56:44.718 E/ActivityManager(  375): CPU usage from 5855ms to 0ms ago:
05-22 16:56:44.718 E/ActivityManager(  375):   65% 7213/com.pekall.emdm.launcher: 63% user + 1.8% kernel / faults: 3657 minor
05-22 16:56:44.718 E/ActivityManager(  375):   57% 7719/uiautomator: 32% user + 25% kernel / faults: 171 minor
05-22 16:56:44.718 E/ActivityManager(  375):   57% 7836/com.pekall.emdm.launcher:remote: 57% user + 0.1% kernel
05-22 16:56:44.718 E/ActivityManager(  375):   4.2% 375/system_server: 2.7% user + 1.5% kernel / faults: 171 minor
05-22 16:56:44.718 E/ActivityManager(  375):   3.5% 450/com.android.systemui: 3% user + 0.5% kernel / faults: 260 minor
05-22 16:56:44.718 E/ActivityManager(  375):   2.5% 127/mediaserver: 1.1% user + 1.3% kernel / faults: 1 minor
05-22 16:56:44.718 E/ActivityManager(  375):   2.3% 124/surfaceflinger: 1% user + 1.3% kernel / faults: 2760 minor
05-22 16:56:44.718 E/ActivityManager(  375):   0% 130/keystore: 0% user + 0% kernel
05-22 16:56:44.718 E/ActivityManager(  375):   1.3% 802/com.qihoo360.mobilesafe:GuardService: 0.6% user + 0.6% kernel / faults: 150 minor
05-22 16:56:44.718 E/ActivityManager(  375):   0.3% 6184/com.dragon.android.pandaspace: 0.2% user + 0% kernel / faults: 253 minor
05-22 16:56:44.718 E/ActivityManager(  375):   0.3% 7592/kworker/0:2: 0% user + 0.3% kernel
05-22 16:56:44.718 E/ActivityManager(  375):   0.3% 7833/kworker/u:0: 0% user + 0.3% kernel
05-22 16:56:44.718 E/ActivityManager(  375):   0% 24/kswapd0: 0% user + 0% kernel
05-22 16:56:44.718 E/ActivityManager(  375):   0% 81/mmcqd/0: 0% user + 0% kernel
05-22 16:56:44.718 E/ActivityManager(  375):   0% 95/ueventd: 0% user + 0% kernel
05-22 16:56:44.718 E/ActivityManager(  375):   0.1% 117/vold: 0% user + 0.1% kernel
05-22 16:56:44.718 E/ActivityManager(  375):   0.1% 121/netd: 0% user + 0.1% kernel
05-22 16:56:44.718 E/ActivityManager(  375):   0% 134/adbd: 0% user + 0% kernel
05-22 16:56:44.718 E/ActivityManager(  375):   0% 5626/com.tencent.android.qqdownloader: 0% user + 0% kernel / faults: 29 minor
05-22 16:56:44.718 E/ActivityManager(  375):   0.1% 6340/kworker/u:4: 0% user + 0.1% kernel
05-22 16:56:44.718 E/ActivityManager(  375):   0.1% 6916/com.qihoo.appstore: 0.1% user + 0% kernel / faults: 1 minor
05-22 16:56:44.718 E/ActivityManager(  375):   0% 6939/kworker/u:3: 0% user + 0% kernel
05-22 16:56:44.718 E/ActivityManager(  375):   0.1% 7159/kworker/u:2: 0% user + 0.1% kernel
05-22 16:56:44.718 E/ActivityManager(  375):   0% 7644/logcat: 0% user + 0% kernel
05-22 16:56:44.718 E/ActivityManager(  375): 100% TOTAL: 83% user + 16% kernel
05-22 16:56:44.718 E/ActivityManager(  375): CPU usage from 2885ms to 3428ms later:
05-22 16:56:44.718 E/ActivityManager(  375):   64% 7213/com.pekall.emdm.launcher: 64% user + 0% kernel
05-22 16:56:44.718 E/ActivityManager(  375):     66% 7226/Thread-360: 66% user + 0% kernel
05-22 16:56:44.718 E/ActivityManager(  375):   58% 7836/com.pekall.emdm.launcher:remote: 58% user + 0% kernel
05-22 16:56:44.718 E/ActivityManager(  375):     60% 7849/Thread-396: 60% user + 0% kernel
05-22 16:56:44.718 E/ActivityManager(  375):   27% 450/com.android.systemui: 25% user + 1.8% kernel / faults: 18 minor
05-22 16:56:44.718 E/ActivityManager(  375):     29% 450/ndroid.systemui: 29% user + 0% kernel
05-22 16:56:44.718 E/ActivityManager(  375):   12% 7719/uiautomator: 5.4% user + 6.7% kernel / faults: 151 minor
05-22 16:56:44.718 E/ActivityManager(  375):     6.7% 7719/uiautomator: 2.7% user + 4% kernel
05-22 16:56:44.718 E/ActivityManager(  375):     2.7% 7727/Binder_1: 2.7% user + 0% kernel
05-22 16:56:44.718 E/ActivityManager(  375):     1.3% 7728/Binder_2: 1.3% user + 0% kernel
05-22 16:56:44.718 E/ActivityManager(  375):   12% 375/system_server: 9.2% user + 3.7% kernel / faults: 7 minor
05-22 16:56:44.718 E/ActivityManager(  375):     7.4% 391/ActivityManager: 5.5% user + 1.8% kernel
05-22 16:56:44.718 E/ActivityManager(  375):     3.7% 387/SensorService: 1.8% user + 1.8% kernel
05-22 16:56:44.718 E/ActivityManager(  375):     1.8% 389/UI: 1.8% user + 0% kernel
05-22 16:56:44.718 E/ActivityManager(  375):   10% 802/com.qihoo360.mobilesafe:GuardService: 10% user + 0% kernel / faults: 136 minor
05-22 16:56:44.718 E/ActivityManager(  375):     10% 802/fe:GuardService: 10% user + 0% kernel
05-22 16:56:44.718 E/ActivityManager(  375): 95% TOTAL: 92% user + 2.7% kernel
05-22 16:56:44.718 W/ActivityManager(  375): Killing ProcessRecord{426bce78 7836:com.pekall.emdm.launcher:remote/u0a10066}: background ANR
05-22 16:56:44.812 I/ActivityManager(  375): Process com.pekall.emdm.launcher:remote (pid 7836) has died.
05-22 16:56:44.812 W/ActivityManager(  375): Scheduling restart of crashed service com.pekall.emdm.launcher/com.baidu.location.f in 20000ms
05-22 16:56:51.070 W/MountService(  375): getVolumeState(/storage/emulated/0/external_sd): Unknown volume
05-22 16:56:51.116 W/MountService(  375): getVolumeState(/mnt/sdcard-ext): Unknown volume
05-22 16:56:51.116 W/MountService(  375): getVolumeState(/mnt/ext_sdcard): Unknown volume
05-22 16:56:51.116 W/MountService(  375): getVolumeState(/mnt/sdcard2): Unknown volume
05-22 16:56:51.116 W/MountService(  375): getVolumeState(/mnt/emmc): Unknown volume
05-22 16:56:51.116 W/MountService(  375): getVolumeState(/mnt/extSdCard): Unknown volume
05-22 16:56:51.116 W/MountService(  375): getVolumeState(/mnt/sdcard/SD_CARD): Unknown volume
05-22 16:56:51.124 W/MountService(  375): getVolumeState(/mnt/sdcard/extra_sd): Unknown volume
05-22 16:56:51.163 W/MountService(  375): getVolumeState(/mnt/extrasd_bind): Unknown volume
05-22 16:56:51.171 W/MountService(  375): getVolumeState(/mnt/sdcard/ext_sd): Unknown volume
05-22 16:56:51.171 W/MountService(  375): getVolumeState(/storage/extSdCard): Unknown volume
05-22 16:56:51.179 W/MountService(  375): getVolumeState(/storage/sdcard1): Unknown volume
05-22 16:56:51.179 W/MountService(  375): getVolumeState(/mnt/sdcard/external_SD): Unknown volume
05-22 16:56:51.187 W/MountService(  375): getVolumeState(/mnt/sdcard/external_sd): Unknown volume
05-22 16:56:52.624 W/MountService(  375): getVolumeState(/storage/emulated/0/external_sd): Unknown volume
05-22 16:56:52.624 W/MountService(  375): getVolumeState(/mnt/sdcard-ext): Unknown volume
05-22 16:56:52.624 W/MountService(  375): getVolumeState(/mnt/ext_sdcard): Unknown volume
05-22 16:56:52.624 W/MountService(  375): getVolumeState(/mnt/sdcard2): Unknown volume
05-22 16:56:52.624 W/MountService(  375): getVolumeState(/mnt/emmc): Unknown volume
05-22 16:56:52.624 W/MountService(  375): getVolumeState(/mnt/extSdCard): Unknown volume
05-22 16:56:52.624 W/MountService(  375): getVolumeState(/mnt/sdcard/SD_CARD): Unknown volume
05-22 16:56:52.624 W/MountService(  375): getVolumeState(/mnt/sdcard/extra_sd): Unknown volume
05-22 16:56:52.624 W/MountService(  375): getVolumeState(/mnt/extrasd_bind): Unknown volume
05-22 16:56:52.624 W/MountService(  375): getVolumeState(/mnt/sdcard/ext_sd): Unknown volume
05-22 16:56:52.624 W/MountService(  375): getVolumeState(/storage/extSdCard): Unknown volume
05-22 16:56:52.624 W/MountService(  375): getVolumeState(/storage/sdcard1): Unknown volume
05-22 16:56:52.624 W/MountService(  375): getVolumeState(/mnt/sdcard/external_SD): Unknown volume
05-22 16:56:52.624 W/MountService(  375): getVolumeState(/mnt/sdcard/external_sd): Unknown volume
05-22 16:57:04.843 I/ActivityManager(  375): Start proc com.pekall.emdm.launcher:remote for service com.pekall.emdm.launcher/com.baidu.location.f: pid=7883 uid=10066 gids={50066, 1015, 3002, 3001, 3003, 1028}
05-22 16:57:05.390 D/ActivityThread( 7883): Loading provider com.pekall.semail.provider;com.pekall.semail.notifier: com.pekall.semail.provider.EmailProvider
05-22 16:57:05.421 D/ActivityThread( 7883): Loading provider com.pekall.semail.provider;com.pekall.semail.notifier: com.pekall.semail.provider.EmailProvider
05-22 16:57:06.413 I/PowerManagerService(  375): Going to sleep due to screen timeout...
05-22 16:57:07.327 W/InputMethodManagerService(  375): Window already focused, ignoring focus gain of: com.android.internal.view.IInputMethodClient$Stub$Proxy@42745268 attribute=android.view.inputmethod.EditorInfo@42744530, token = android.os.BinderProxy@4260b840
05-22 16:57:07.468 I/PowerManagerService(  375): Waking up from sleep...
05-22 16:57:09.976 V/PanelView(  450): animationTick called with dtms=0; nothing to do (h=0.0 v=4000.0)
05-22 16:57:12.077 W/ActivityManager(  375): Unable to start service Intent { cmp=com.pekall.emdm.launcher/com.pekall.semail.service.AttachmentDownloadService } U=0: not found
05-22 16:57:12.460 D/PhoneStatusBar(  450): disable: < EXPAND* icons alerts TICKER* system_info back home RECENT* clock SEARCH* >
05-22 16:57:12.460 V/PanelView(  450): animationTick called with dtms=0; nothing to do (h=1184.0 v=-4000.0)
05-22 16:57:12.460 V/PanelView(  450): animationTick called with dtms=0; nothing to do (h=1184.0 v=-4000.0)
05-22 16:57:12.460 V/PanelView(  450): animationTick called with dtms=0; nothing to do (h=1184.0 v=-4000.0)
05-22 16:57:12.851 D/PhoneStatusBar(  450): disable: < EXPAND icons alerts TICKER system_info BACK* HOME* RECENT CLOCK* SEARCH >
05-22 16:57:16.445 W/InputManager(  375): Input event injection from pid 7719 failed.
05-22 16:57:17.515 W/BroadcastQueue(  375): Timeout of broadcast BroadcastRecord{42695010 u-1 android.intent.action.SCREEN_OFF} - receiver=android.os.BinderProxy@4273e070, started 10000ms ago
05-22 16:57:17.515 W/BroadcastQueue(  375): Receiver during timeout: BroadcastFilter{426691f0 u0 ReceiverList{42669578 7883 com.pekall.emdm.launcher:remote/10066/u0 remote:4273e070}}
05-22 16:57:17.585 I/WindowManager(  375): Lock screen displayed!
05-22 16:57:18.968 W/ProcessStats(  375): Skipping unknown process pid 7875
05-22 16:57:20.007 E/ActivityManager(  375): ANR in com.pekall.emdm.launcher:remote
05-22 16:57:20.007 E/ActivityManager(  375): Reason: Broadcast of Intent { act=android.intent.action.SCREEN_OFF flg=0x50000010 }
05-22 16:57:20.007 E/ActivityManager(  375): Load: 4.16 / 3.15 / 2.09
05-22 16:57:20.007 E/ActivityManager(  375): CPU usage from 5355ms to 346ms ago:
05-22 16:57:20.007 E/ActivityManager(  375):   93% 7213/com.pekall.emdm.launcher: 93% user + 0% kernel / faults: 26 minor
05-22 16:57:20.007 E/ActivityManager(  375):   91% 7883/com.pekall.emdm.launcher:remote: 91% user + 0% kernel
05-22 16:57:20.007 E/ActivityManager(  375):   5.9% 7719/uiautomator: 2.7% user + 3.1% kernel / faults: 48 minor
05-22 16:57:20.007 E/ActivityManager(  375):   5.5% 375/system_server: 3.3% user + 2.1% kernel / faults: 587 minor
05-22 16:57:20.007 E/ActivityManager(  375):   1% 450/com.android.systemui: 0.8% user + 0.2% kernel / faults: 91 minor
05-22 16:57:20.007 E/ActivityManager(  375):   0.7% 124/surfaceflinger: 0% user + 0.7% kernel / faults: 1774 minor
05-22 16:57:20.007 E/ActivityManager(  375):   0% 127/mediaserver: 0% user + 0% kernel
05-22 16:57:20.007 E/ActivityManager(  375):   0.1% 134/adbd: 0.1% user + 0% kernel
05-22 16:57:20.007 E/ActivityManager(  375): 100% TOTAL: 96% user + 3.3% kernel
05-22 16:57:20.007 E/ActivityManager(  375): CPU usage from 1734ms to 2257ms later:
05-22 16:57:20.007 E/ActivityManager(  375):   98% 7883/com.pekall.emdm.launcher:remote: 98% user + 0% kernel
05-22 16:57:20.007 E/ActivityManager(  375):     100% 7897/Thread-400: 100% user + 0% kernel
05-22 16:57:20.007 E/ActivityManager(  375):   94% 7213/com.pekall.emdm.launcher: 94% user + 0% kernel
05-22 16:57:20.007 E/ActivityManager(  375):     94% 7226/Thread-360: 94% user + 0% kernel
05-22 16:57:20.007 E/ActivityManager(  375):   5.7% 375/system_server: 0% user + 5.7% kernel
05-22 16:57:20.007 E/ActivityManager(  375):     3.8% 391/ActivityManager: 0% user + 3.8% kernel
05-22 16:57:20.007 E/ActivityManager(  375):     1.9% 387/SensorService: 1.9% user + 0% kernel
05-22 16:57:20.007 E/ActivityManager(  375):   1.9% 127/mediaserver: 1.9% user + 0% kernel
05-22 16:57:20.007 E/ActivityManager(  375):     1.9% 171/FastMixer: 0% user + 1.9% kernel
05-22 16:57:20.007 E/ActivityManager(  375): 100% TOTAL: 97% user + 2.8% kernel
05-22 16:57:20.015 W/ActivityManager(  375): Killing ProcessRecord{42749408 7883:com.pekall.emdm.launcher:remote/u0a10066}: background ANR
05-22 16:57:20.124 I/ActivityManager(  375): Process com.pekall.emdm.launcher:remote (pid 7883) has died.
05-22 16:57:20.124 W/ActivityManager(  375): Scheduling restart of crashed service com.pekall.emdm.launcher/com.baidu.location.f in 80000ms
05-22 16:57:50.968 W/MountService(  375): getVolumeState(/storage/emulated/0/external_sd): Unknown volume
05-22 16:57:50.968 W/MountService(  375): getVolumeState(/mnt/sdcard-ext): Unknown volume
05-22 16:57:50.968 W/MountService(  375): getVolumeState(/mnt/ext_sdcard): Unknown volume
05-22 16:57:50.968 W/MountService(  375): getVolumeState(/mnt/sdcard2): Unknown volume
05-22 16:57:50.968 W/MountService(  375): getVolumeState(/mnt/emmc): Unknown volume
05-22 16:57:50.976 W/MountService(  375): getVolumeState(/mnt/extSdCard): Unknown volume
05-22 16:57:50.976 W/MountService(  375): getVolumeState(/mnt/sdcard/SD_CARD): Unknown volume
05-22 16:57:50.976 W/MountService(  375): getVolumeState(/mnt/sdcard/extra_sd): Unknown volume
05-22 16:57:50.976 W/MountService(  375): getVolumeState(/mnt/extrasd_bind): Unknown volume
05-22 16:57:50.976 W/MountService(  375): getVolumeState(/mnt/sdcard/ext_sd): Unknown volume
05-22 16:57:50.976 W/MountService(  375): getVolumeState(/storage/extSdCard): Unknown volume
05-22 16:57:50.976 W/MountService(  375): getVolumeState(/storage/sdcard1): Unknown volume
05-22 16:57:50.976 W/MountService(  375): getVolumeState(/mnt/sdcard/external_SD): Unknown volume
05-22 16:57:50.976 W/MountService(  375): getVolumeState(/mnt/sdcard/external_sd): Unknown volume
05-22 16:57:51.366 W/MountService(  375): getVolumeState(/storage/emulated/0/external_sd): Unknown volume
05-22 16:57:51.366 W/MountService(  375): getVolumeState(/mnt/sdcard-ext): Unknown volume
05-22 16:57:51.366 W/MountService(  375): getVolumeState(/mnt/ext_sdcard): Unknown volume
05-22 16:57:51.366 W/MountService(  375): getVolumeState(/mnt/sdcard2): Unknown volume
05-22 16:57:51.366 W/MountService(  375): getVolumeState(/mnt/emmc): Unknown volume
05-22 16:57:51.366 W/MountService(  375): getVolumeState(/mnt/extSdCard): Unknown volume
05-22 16:57:51.366 W/MountService(  375): getVolumeState(/mnt/sdcard/SD_CARD): Unknown volume
05-22 16:57:51.366 W/MountService(  375): getVolumeState(/mnt/sdcard/extra_sd): Unknown volume
05-22 16:57:51.374 W/MountService(  375): getVolumeState(/mnt/extrasd_bind): Unknown volume
05-22 16:57:51.374 W/MountService(  375): getVolumeState(/mnt/sdcard/ext_sd): Unknown volume
05-22 16:57:51.374 W/MountService(  375): getVolumeState(/storage/extSdCard): Unknown volume
05-22 16:57:51.374 W/MountService(  375): getVolumeState(/storage/sdcard1): Unknown volume
05-22 16:57:51.374 W/MountService(  375): getVolumeState(/mnt/sdcard/external_SD): Unknown volume
05-22 16:57:51.374 W/MountService(  375): getVolumeState(/mnt/sdcard/external_sd): Unknown volume
05-22 16:57:52.991 W/DevicePolicyManagerService(  375): setPasswordExpiration(): password will expire on May 22, 2014 4:57:52 PM
--------- beginning of /dev/log/main
05-22 16:58:03.304 D/CmdInstallProfile( 7213): [null:-1]->InstallProfile : com.pekall.plist.beans.CommandInstallProfile
05-22 16:58:03.304 D/CmdInstallProfile( 7213): [null:-1]->profile :<?xml version="1.0" encoding="UTF-8"?>
05-22 16:58:03.304 D/CmdInstallProfile( 7213): <!DOCTYPE plist PUBLIC "-//Apple//DTD PLIST 1.0//EN" "http://www.apple.com/DTDs/PropertyList-1.0.dtd">
05-22 16:58:03.304 D/CmdInstallProfile( 7213): <plist version="1.0">
05-22 16:58:03.304 D/CmdInstallProfile( 7213): <dict>
05-22 16:58:03.304 D/CmdInstallProfile( 7213): 	<key>PayloadContent</key>
05-22 16:58:03.304 D/CmdInstallProfile( 7213): 	<array>
05-22 16:58:03.304 D/CmdInstallProfile( 7213): 		<dict>
05-22 16:58:03.304 D/CmdInstallProfile( 7213): 			<key>forcePIN</key>
05-22 16:58:03.304 D/CmdInstallProfile( 7213): 			<true/>
05-22 16:58:03.304 D/CmdInstallProfile( 7213): 			<key>maxFailedAttempts</key>
05-22 16:58:03.304 D/CmdInstallProfile( 7213): 			<integer>4</integer>
05-22 16:58:03.304 D/CmdInstallProfile( 7213): 			<key>maxInactivity</key>
05-22 16:58:03.304 D/CmdInstallProfile( 7213): 			<real>10.0</real>
05-22 16:58:03.304 D/CmdInstallProfile( 7213): 			<key>maxPINAgeInDays</key>
05-22 16:58:03.304 D/CmdInstallProfile( 7213): 			<integer>2</integer>
05-22 16:58:03.304 D/CmdInstallProfile( 7213): 			<key>minComplexChars</key>
05-22 16:58:03.304 D/CmdInstallProfile( 7213): 			<integer>1</integer>
05-22 16:58:03.304 D/CmdInstallProfile( 7213): 			<key>minLength</key>
05-22 16:58:03.304 D/CmdInstallProfile( 7213): 			<integer>10</integer>
05-22 16:58:03.304 D/CmdInstallProfile( 7213): 			<key>pinHistory</key>
05-22 16:58:03.304 D/CmdInstallProfile( 7213): 			<integer>5</integer>
05-22 16:58:03.304 D/CmdInstallProfile( 7213): 			<key>quality</key>
05-22 16:58:03.304 D/CmdInstallProfile( 7213): 			<string>complex</string>
05-22 16:58:03.304 D/CmdInstallProfile( 7213): 			<key>PayloadType</key>
05-22 16:58:03.304 D/CmdInstallProfile( 7213): 			<string>com.apple.mobiledevice.passwordpolicy</string>
05-22 16:58:03.304 D/CmdInstallProfile( 7213): 			<key>PayloadVersion</key>
05-22 16:58:03.304 D/CmdInstallProfile( 7213): 			<integer>1</integer>
05-22 16:58:03.304 D/CmdInstallProfile( 7213): 			<key>PayloadIdentifier</key>
05-22 16:58:03.304 D/CmdInstallProfile( 7213): 			<string>y56EuCb0vj4edxZvaoWDXQRzA5cPIMsT.passcodepolicy</string>
05-22 16:58:03.304 D/CmdInstallProfile( 7213): 			<key>PayloadUUID</key>
05-22 16:58:03.304 D/CmdInstallProfile( 7213): 			<string>64ee7553-9b85-474a-9d6f-d139dfbc436b</string>
05-22 16:58:03.304 D/CmdInstallProfile( 7213): 			<key>PayloadDisplayName</key>
05-22 16:58:03.304 D/CmdInstallProfile( 7213): 			<string></string>
05-22 16:58:03.304 D/CmdInstallProfile( 7213): 			<key>PayloadDescription</key>
05-22 16:58:03.304 D/CmdInstallProfile( 7213): 			<string></string>
05-22 16:58:03.304 D/CmdInstallProfile( 7213): 			<key>PayloadOrganization</key>
05-22 16:58:03.304 D/CmdInstallProfile( 7213): 			<string>Pekall Captical</string>
05-22 16:58:03.304 D/CmdInstallProfile( 7213): 		</dict>
05-22 16:58:03.304 D/CmdInstallProfile( 7213): 	</array>
05-22 16:58:03.304 D/CmdInstallProfile( 7213): 	<key>PayloadRemovalDisallowed</key>
05-22 16:58:03.304 D/CmdInstallProfile( 7213): 	<true/>
05-22 16:58:03.304 D/CmdInstallProfile( 7213): 	<key>PayloadType</key>
05-22 16:58:03.304 D/CmdInstallProfile( 7213): 	<string>Configuration</string>
05-22 16:58:03.304 D/CmdInstallProfile( 7213): 	<key>PayloadVersion</key>
05-22 16:58:03.304 D/CmdInstallProfile( 7213): 	<integer>1</integer>
05-22 16:58:03.304 D/CmdInstallProfile( 7213): 	<key>PayloadIdentifier</key>
05-22 16:58:03.304 D/CmdInstallProfile( 7213): 	<string>y56EuCb0vj4edxZvaoWDXQRzA5cPIMsT</string>
05-22 16:58:03.304 D/CmdInstallProfile( 7213): 	<key>PayloadUUID</key>
05-22 16:58:03.304 D/CmdInstallProfile( 7213): 	<string>0a1d6b85-2f58-4204-ae76-5661aef52f9c</string>
05-22 16:58:03.304 D/CmdInstallProfile( 7213): 	<key>PayloadDisplayName</key>
05-22 16:58:03.304 D/CmdInstallProfile( 7213): 	<string></string>
05-22 16:58:03.304 D/CmdInstallProfile( 7213): 	<key>PayloadDescription</key>
05-22 16:58:03.304 D/CmdInstallProfile( 7213): 	<string>Android</string>
05-22 16:58:03.304 D/CmdInstallProfile( 7213): 	<key>PayloadOrganization</key>
05-22 16:58:03.304 D/CmdInstallProfile( 7213): 	<string>Pekall Captical</string>
05-22 16:58:03.304 D/CmdInstallProfile( 7213): </dict>
05-22 16:58:03.304 D/CmdInstallProfile( 7213): </plist>
05-22 16:58:03.312 D/ProfileManager( 7213): [null:-1]->saveProfile payloadIdentifier: y56EuCb0vj4edxZvaoWDXQRzA5cPIMsT
05-22 16:58:03.320 D/ProfileManager( 7213): [null:-1]->saveProfile path: /data/data/com.pekall.emdm.launcher/cache/y56EuCb0vj4edxZvaoWDXQRzA5cPIMsT
05-22 16:58:03.320 D/CmdInstallProfile( 7213): [null:-1]->save profile success
05-22 16:58:03.343 D/MDM :   ( 7213): [null:-1]->xxxs == PayloadPasswordPolicy{allowSimple=null, forcePIN=true, maxFailedAttempts=4, maxInactivity=10.0, maxPINAgeInDays=2, minComplexChars=1, minLength=10, requireAlphanumeric=null, pinHistory=5, maxGracePeriod=null, quality='complex'}
05-22 16:58:03.374 D/ProfileManager( 7213): [null:-1]->get policy, payloadBase:PayloadPasswordPolicy{allowSimple=null, forcePIN=true, maxFailedAttempts=4, maxInactivity=10.0, maxPINAgeInDays=2, minComplexChars=1, minLength=10, requireAlphanumeric=null, pinHistory=5, maxGracePeriod=null, quality='complex'}
05-22 16:58:03.382 W/DevicePolicyManagerService(  375): setPasswordExpiration(): password will expire on May 22, 2014 4:58:03 PM
05-22 16:58:03.398 W/Parcel  (  802): Attempt to read object from Parcel 0x5ed47dac at offset 200 that is not in the object list
05-22 16:58:03.398 W/Parcel  (  802): Attempt to read object from Parcel 0x5f747dac at offset 200 that is not in the object list
05-22 16:58:03.398 D/EmailBroadcastReceiver( 7213): 1111  Email receives broadcast 'com.pekall.mdm.action.SETTING_CHANGED'
05-22 16:58:03.406 D/EmailBroadcastReceiver( 7213): type = com.apple.mobiledevice.passwordpolicy
05-22 16:58:03.406 D/CommandManager( 7213): [null:-1]->requestType: InstallProfile
05-22 16:58:03.437 W/Parcel  (  802): Attempt to read object from Parcel 0x5e0dfdac at offset 200 that is not in the object list
05-22 16:58:03.445 D/MdmDatabaseHelper( 7213): [null:-1]->update command 899df048-64c0-45f7-8e30-1d3fe194d8b0 to commandStatus <?xml version="1.0" encoding="UTF-8"?>
05-22 16:58:03.445 D/MdmDatabaseHelper( 7213): <!DOCTYPE plist PUBLIC "-//Apple//DTD PLIST 1.0//EN" "http://www.apple.com/DTDs/PropertyList-1.0.dtd">
05-22 16:58:03.445 D/MdmDatabaseHelper( 7213): <plist version="1.0">
05-22 16:58:03.445 D/MdmDatabaseHelper( 7213): <dict>
05-22 16:58:03.445 D/MdmDatabaseHelper( 7213): 	<key>CommandUUID</key>
05-22 16:58:03.445 D/MdmDatabaseHelper( 7213): 	<string>899df048-64c0-45f7-8e30-1d3fe194d8b0</string>
05-22 16:58:03.445 D/MdmDatabaseHelper( 7213): 	<key>Status</key>
05-22 16:58:03.445 D/MdmDatabaseHelper( 7213): 	<string>Acknowledged</string>
05-22 16:58:03.445 D/MdmDatabaseHelper( 7213): 	<key>UDID</key>
05-22 16:58:03.445 D/MdmDatabaseHelper( 7213): 	<string>00013fbc8ecec5b90000014623216a8f</string>
05-22 16:58:03.445 D/MdmDatabaseHelper( 7213): </dict>
05-22 16:58:03.445 D/MdmDatabaseHelper( 7213): </plist>
05-22 16:58:03.460 I/TransInfo( 7213): TransInfo created, id: 3, class: class com.pekall.emdm.transaction.c.b
05-22 16:58:03.468 D/NetworkThread( 7213): [null:-1]->----isRunning-----true
05-22 16:58:03.468 D/NetworkThread( 7213): [null:-1]->----isRunning-----true
05-22 16:58:03.468 D/NetworkThread( 7213): [null:-1]->thread wakeup
05-22 16:58:03.468 D/NetworkThread( 7213): [null:-1]->sendHttpPost:PostRequest, url: http://192.168.10.21/rest/mdm/v1/ios/android_server, Params: [content:<?xml version="1.0" encoding="UTF-8"?>
05-22 16:58:03.468 D/NetworkThread( 7213): <!DOCTYPE plist PUBLIC "-//Apple//DTD PLIST 1.0//EN" "http://www.apple.com/DTDs/PropertyList-1.0.dtd">
05-22 16:58:03.468 D/NetworkThread( 7213): <plist version="1.0">
05-22 16:58:03.468 D/NetworkThread( 7213): <dict>
05-22 16:58:03.468 D/NetworkThread( 7213): 	<key>CommandUUID</key>
05-22 16:58:03.468 D/NetworkThread( 7213): 	<string>899df048-64c0-45f7-8e30-1d3fe194d8b0</string>
05-22 16:58:03.468 D/NetworkThread( 7213): 	<key>Status</key>
05-22 16:58:03.468 D/NetworkThread( 7213): 	<string>Acknowledged</string>
05-22 16:58:03.468 D/NetworkThread( 7213): 	<key>UDID</key>
05-22 16:58:03.468 D/NetworkThread( 7213): 	<string>00013fbc8ecec5b90000014623216a8f</string>
05-22 16:58:03.468 D/NetworkThread( 7213): </dict>
05-22 16:58:03.468 D/NetworkThread( 7213): </plist>], 
05-22 16:58:03.468 D/HttpClient( 7213): enable apache.http debug
05-22 16:58:03.468 V/DEBUG   ( 7213): HTTP 0
05-22 16:58:03.921 D/MDM :   ( 7213): [null:-1]->statusCode : 200
05-22 16:58:03.921 D/MDM :   ( 7213): [null:-1]->statusCode : 200
05-22 16:58:03.921 V/DEBUG   ( 7213): HTTP 1
05-22 16:58:03.929 D/MDM :   ( 7213): [null:-1]->Get joson string: 
05-22 16:58:03.929 D/MdmDatabaseHelper( 7213): [null:-1]->update command 899df048-64c0-45f7-8e30-1d3fe194d8b0 to status executed
05-22 16:58:03.960 D/NetworkThread( 7213): [null:-1]->clear mCurrentTransInfo
05-22 16:58:03.960 D/NetworkThread( 7213): [null:-1]->queue is empty, thread wait...
05-22 16:58:04.031 D/MdmService( 7213): [null:-1]->handleCheckInResult
05-22 16:58:04.031 D/MdmService( 7213): [null:-1]->handleCheckInResult result keyIndex: 3
05-22 16:58:04.031 D/HandleCommandTask( 7213): [null:-1]->execute command msg but beanBase is null
05-22 16:58:04.031 D/MdmStatusManager( 7213): [null:-1]->change status to : Idle
05-22 16:58:04.499 I/PowerManagerService(  375): Going to sleep due to screen timeout...
05-22 16:58:05.156 D/SurfaceFlinger(  124): Screen released, type=0 flinger=0x4188b478
05-22 16:58:05.241 D/AndroidRuntime( 7962): 
05-22 16:58:05.241 D/AndroidRuntime( 7962): >>>>>> AndroidRuntime START com.android.internal.os.RuntimeInit <<<<<<
05-22 16:58:05.241 D/AndroidRuntime( 7962): CheckJNI is OFF
05-22 16:58:05.257 D/dalvikvm( 7962): Trying to load lib libjavacore.so 0x0
05-22 16:58:05.265 D/dalvikvm( 7962): Added shared lib libjavacore.so 0x0
05-22 16:58:05.281 D/dalvikvm( 7962): Trying to load lib libnativehelper.so 0x0
05-22 16:58:05.281 D/dalvikvm( 7962): Added shared lib libnativehelper.so 0x0
05-22 16:58:05.366 W/Parcel  (  802): Attempt to read object from Parcel 0x5f747dac at offset 200 that is not in the object list
05-22 16:58:05.398 V/WiseDownloadConditionControler( 5626): checkCondition  type : TODAY_LAUNCHED_USER  inerrupting: false
05-22 16:58:05.468 V/MDM :   ( 7213): [null:-1]->Screen receiver is called.
05-22 16:58:05.476 W/Parcel  (  802): Attempt to read object from Parcel 0x5dfdfdac at offset 200 that is not in the object list
05-22 16:58:05.484 W/Parcel  (  802): Attempt to read object from Parcel 0x5ed47dac at offset 200 that is not in the object list
05-22 16:58:05.570 V/KeyguardHostView(  375): hide transport, gen:1
05-22 16:58:05.577 V/KeyguardHostView(  375): music state changed: 0
05-22 16:58:05.593 D/AndroidRuntime( 7962): Calling main entry com.android.commands.uiautomator.Launcher
05-22 16:58:05.656 D/dalvikvm( 7962): Note: class Landroid/app/ActivityManagerNative; has 163 unimplemented (abstract) methods
05-22 16:58:05.702 I/PowerManagerService(  375): Waking up from sleep...
05-22 16:58:05.788 I/WindowManager(  375): Lock screen displayed!
05-22 16:58:05.882 W/Parcel  (  802): Attempt to read object from Parcel 0x5f747dac at offset 200 that is not in the object list
05-22 16:58:05.882 W/Parcel  (  802): Attempt to read object from Parcel 0x5e0dfdac at offset 200 that is not in the object list
05-22 16:58:05.890 V/DigitalWidgetViewsFactory( 1366): DigitalWidget sets next alarm string to null
05-22 16:58:05.921 V/WiseDownloadConditionControler( 5626): checkCondition  type : WISE_DOWNLOAD  inerrupting: true
05-22 16:58:05.991 W/Parcel  (  802): Attempt to read object from Parcel 0x5f747dac at offset 200 that is not in the object list
05-22 16:58:06.093 D/PowerManagerService-JNI(  375): Excessive delay in autosuspend_disable() while turning screen on: 379ms
05-22 16:58:06.124 D/SurfaceFlinger(  124): Screen acquired, type=0 flinger=0x4188b478
05-22 16:58:06.218 D/LightsService(  375): Excessive delay setting light: 95ms
05-22 16:58:06.874 D/dalvikvm(  375): GC_CONCURRENT freed 2089K, 15% free 18950K/22208K, paused 4ms+7ms, total 114ms
05-22 16:58:07.320 I/QueryController( 7962): Matched selector: UiSelector[DESCRIPTION=Dot., PACKAGE NAME=android] <<==>> [android.view.accessibility.AccessibilityNodeInfo@b7fa5; boundsInParent: Rect(0, 0 - 202, 123); boundsInScreen: Rect(56, 569 - 258, 692); packageName: android; className: android.widget.Button; text: 1; contentDescription: Dot.; viewIdResName: android:id/key1; checkable: false; checked: false; focusable: true; focused: false; selected: false; clickable: true; longClickable: false; enabled: true; password: false; scrollable: false; [ACTION_FOCUS, ACTION_SELECT, ACTION_CLEAR_SELECTION, ACTION_CLICK, ACTION_ACCESSIBILITY_FOCUS, ACTION_NEXT_AT_MOVEMENT_GRANULARITY, ACTION_PREVIOUS_AT_MOVEMENT_GRANULARITY, ACTION_SET_SELECTION]]
05-22 16:58:10.343 I/QueryController( 7962): Matched selector: UiSelector[TEXT=1, CLASS=android.widget.Button, PACKAGE NAME=android] <<==>> [android.view.accessibility.AccessibilityNodeInfo@b7fa5; boundsInParent: Rect(0, 0 - 202, 123); boundsInScreen: Rect(56, 569 - 258, 692); packageName: android; className: android.widget.Button; text: 1; contentDescription: Dot.; viewIdResName: android:id/key1; checkable: false; checked: false; focusable: true; focused: false; selected: false; clickable: true; longClickable: false; enabled: true; password: false; scrollable: false; [ACTION_FOCUS, ACTION_SELECT, ACTION_CLEAR_SELECTION, ACTION_CLICK, ACTION_ACCESSIBILITY_FOCUS, ACTION_NEXT_AT_MOVEMENT_GRANULARITY, ACTION_PREVIOUS_AT_MOVEMENT_GRANULARITY, ACTION_SET_SELECTION]]
05-22 16:58:10.351 D/InteractionController( 7962): clickAndSync(157, 630)
05-22 16:58:13.452 W/InteractionController( 7962): runAndwaitForEvent timedout waiting for events
05-22 16:58:13.491 I/QueryController( 7962): Matched selector: UiSelector[TEXT=2 ABC, CLASS=android.widget.Button, PACKAGE NAME=android] <<==>> [android.view.accessibility.AccessibilityNodeInfo@b8366; boundsInParent: Rect(0, 0 - 203, 123); boundsInScreen: Rect(258, 569 - 461, 692); packageName: android; className: android.widget.Button; text: 2 ABC; contentDescription: Dot.; viewIdResName: android:id/key2; checkable: false; checked: false; focusable: true; focused: false; selected: false; clickable: true; longClickable: false; enabled: true; password: false; scrollable: false; [ACTION_FOCUS, ACTION_SELECT, ACTION_CLEAR_SELECTION, ACTION_CLICK, ACTION_ACCESSIBILITY_FOCUS, ACTION_NEXT_AT_MOVEMENT_GRANULARITY, ACTION_PREVIOUS_AT_MOVEMENT_GRANULARITY, ACTION_SET_SELECTION]]
05-22 16:58:13.491 D/InteractionController( 7962): clickAndSync(359, 630)
05-22 16:58:16.093 D/dalvikvm(  802): GC_CONCURRENT freed 1000K, 24% free 12251K/15964K, paused 1ms+4ms, total 39ms
05-22 16:58:16.601 W/InteractionController( 7962): runAndwaitForEvent timedout waiting for events
05-22 16:58:16.616 I/QueryController( 7962): Matched selector: UiSelector[TEXT=3 DEF, CLASS=android.widget.Button, PACKAGE NAME=android] <<==>> [android.view.accessibility.AccessibilityNodeInfo@b8727; boundsInParent: Rect(0, 0 - 203, 123); boundsInScreen: Rect(461, 569 - 664, 692); packageName: android; className: android.widget.Button; text: 3 DEF; contentDescription: Dot.; viewIdResName: android:id/key3; checkable: false; checked: false; focusable: true; focused: false; selected: false; clickable: true; longClickable: false; enabled: true; password: false; scrollable: false; [ACTION_FOCUS, ACTION_SELECT, ACTION_CLEAR_SELECTION, ACTION_CLICK, ACTION_ACCESSIBILITY_FOCUS, ACTION_NEXT_AT_MOVEMENT_GRANULARITY, ACTION_PREVIOUS_AT_MOVEMENT_GRANULARITY, ACTION_SET_SELECTION]]
05-22 16:58:16.624 D/InteractionController( 7962): clickAndSync(562, 630)
05-22 16:58:19.726 W/InteractionController( 7962): runAndwaitForEvent timedout waiting for events
05-22 16:58:19.741 I/QueryController( 7962): Matched selector: UiSelector[TEXT=4 GHI, CLASS=android.widget.Button, PACKAGE NAME=android] <<==>> [android.view.accessibility.AccessibilityNodeInfo@b8ae8; boundsInParent: Rect(0, 0 - 202, 123); boundsInScreen: Rect(56, 692 - 258, 815); packageName: android; className: android.widget.Button; text: 4 GHI; contentDescription: Dot.; viewIdResName: android:id/key4; checkable: false; checked: false; focusable: true; focused: false; selected: false; clickable: true; longClickable: false; enabled: true; password: false; scrollable: false; [ACTION_FOCUS, ACTION_SELECT, ACTION_CLEAR_SELECTION, ACTION_CLICK, ACTION_ACCESSIBILITY_FOCUS, ACTION_NEXT_AT_MOVEMENT_GRANULARITY, ACTION_PREVIOUS_AT_MOVEMENT_GRANULARITY, ACTION_SET_SELECTION]]
05-22 16:58:19.741 D/InteractionController( 7962): clickAndSync(157, 753)
05-22 16:58:20.445 D/dalvikvm(  802): GC_EXPLICIT freed 94K, 24% free 12168K/15964K, paused 2ms+4ms, total 41ms
05-22 16:58:22.851 W/InteractionController( 7962): runAndwaitForEvent timedout waiting for events
05-22 16:58:22.866 I/QueryController( 7962): Matched selector: UiSelector[TEXT=5 JKL, CLASS=android.widget.Button, PACKAGE NAME=android] <<==>> [android.view.accessibility.AccessibilityNodeInfo@b8ea9; boundsInParent: Rect(0, 0 - 203, 123); boundsInScreen: Rect(258, 692 - 461, 815); packageName: android; className: android.widget.Button; text: 5 JKL; contentDescription: Dot.; viewIdResName: android:id/key5; checkable: false; checked: false; focusable: true; focused: false; selected: false; clickable: true; longClickable: false; enabled: true; password: false; scrollable: false; [ACTION_FOCUS, ACTION_SELECT, ACTION_CLEAR_SELECTION, ACTION_CLICK, ACTION_ACCESSIBILITY_FOCUS, ACTION_NEXT_AT_MOVEMENT_GRANULARITY, ACTION_PREVIOUS_AT_MOVEMENT_GRANULARITY, ACTION_SET_SELECTION]]
05-22 16:58:22.866 D/InteractionController( 7962): clickAndSync(359, 753)
05-22 16:58:25.491 D/dalvikvm(  802): GC_EXPLICIT freed 12K, 24% free 12170K/15964K, paused 2ms+3ms, total 43ms
05-22 16:58:25.976 W/InteractionController( 7962): runAndwaitForEvent timedout waiting for events
05-22 16:58:25.991 I/QueryController( 7962): Matched selector: UiSelector[TEXT=6 MNO, CLASS=android.widget.Button, PACKAGE NAME=android] <<==>> [android.view.accessibility.AccessibilityNodeInfo@b926a; boundsInParent: Rect(0, 0 - 203, 123); boundsInScreen: Rect(461, 692 - 664, 815); packageName: android; className: android.widget.Button; text: 6 MNO; contentDescription: Dot.; viewIdResName: android:id/key6; checkable: false; checked: false; focusable: true; focused: false; selected: false; clickable: true; longClickable: false; enabled: true; password: false; scrollable: false; [ACTION_FOCUS, ACTION_SELECT, ACTION_CLEAR_SELECTION, ACTION_CLICK, ACTION_ACCESSIBILITY_FOCUS, ACTION_NEXT_AT_MOVEMENT_GRANULARITY, ACTION_PREVIOUS_AT_MOVEMENT_GRANULARITY, ACTION_SET_SELECTION]]
05-22 16:58:25.991 D/InteractionController( 7962): clickAndSync(562, 753)
05-22 16:58:29.093 W/InteractionController( 7962): runAndwaitForEvent timedout waiting for events
05-22 16:58:29.124 I/QueryController( 7962): Matched selector: UiSelector[DESCRIPTION=Enter] <<==>> [android.view.accessibility.AccessibilityNodeInfo@ba52f; boundsInParent: Rect(0, 0 - 203, 124); boundsInScreen: Rect(461, 939 - 664, 1063); packageName: android; className: android.widget.ImageButton; text: null; contentDescription: Enter; viewIdResName: android:id/key_enter; checkable: false; checked: false; focusable: true; focused: false; selected: false; clickable: true; longClickable: false; enabled: true; password: false; scrollable: false; [ACTION_FOCUS, ACTION_SELECT, ACTION_CLEAR_SELECTION, ACTION_CLICK, ACTION_ACCESSIBILITY_FOCUS, ACTION_NEXT_AT_MOVEMENT_GRANULARITY, ACTION_PREVIOUS_AT_MOVEMENT_GRANULARITY, ACTION_SET_SELECTION]]
05-22 16:58:29.124 D/InteractionController( 7962): clickAndWaitForNewWindow(562, 1001)
05-22 16:58:29.343 V/LauncherApplication( 7213): onActivityStarted
05-22 16:58:29.351 D/        ( 7213): [---null: -1---]     awsa  onActivityResumed
05-22 16:58:29.351 V/LauncherApplication( 7213): 2MdmConstant.LAST_LAUNCH_TIME = 1400749027203
05-22 16:58:29.351 D/PhoneStatusBar(  450): disable: < expand* icons alerts ticker* system_info BACK HOME recent* CLOCK search* >
05-22 16:58:29.359 V/WiseDownloadConditionControler( 5626): checkCondition  type : WISE_DOWNLOAD  inerrupting: true
05-22 16:58:29.374 D/        ( 7213): [---null: -1---]  activity = com.pekall.emdm.launcher.Launcher
05-22 16:58:29.382 V/DefultSetContriller( 7213): isLauncherDf = com.pekall.emdm.launcher
05-22 16:58:29.390 V/DefultSetContriller( 7213): isLauncherDf = com.pekall.emdm.launcher
05-22 16:58:29.390 V/DefultSetContriller( 7213): isPhoneDf = com.pekall.emdm.launcher
05-22 16:58:29.390 E/LauncherApplication( 7213): isShowLogoutUI = true
05-22 16:58:29.390 E/LauncherApplication( 7213): LogoutShowTime 1
05-22 16:58:29.390 V/Launcher( 7213): onResume1111111 
05-22 16:58:29.390 V/Launcher( 7213): is login ----> 
05-22 16:58:29.406 I/uninstall( 5626): SelfUninstallManager -> initUninstallTask
05-22 16:58:29.406 I/uninstall( 5626): initUninstallTask init is running, return
05-22 16:58:29.406 I/System.out( 7213):  
05-22 16:58:29.406 I/System.out( 7213): com.pekall.emdm.launcher.Workspace.setWallpaper(Unknown Source)
05-22 16:58:29.406 I/System.out( 7213): com.pekall.emdm.launcher.Launcher.onResume(Unknown Source)
05-22 16:58:29.406 I/System.out( 7213): android.app.Instrumentation.callActivityOnResume(Instrumentation.java:1192)
05-22 16:58:29.406 I/System.out( 7213): android.app.Activity.performResume(Activity.java:5211)
05-22 16:58:29.406 I/System.out( 7213): android.app.ActivityThread.performResumeActivity(ActivityThread.java:2780)
05-22 16:58:29.406 I/System.out( 7213): android.app.ActivityThread.handleResumeActivity(ActivityThread.java:2819)
05-22 16:58:29.406 I/System.out( 7213): android.app.ActivityThread$H.handleMessage(ActivityThread.java:1298)
05-22 16:58:29.406 I/System.out( 7213): android.os.Handler.dispatchMessage(Handler.java:99)
05-22 16:58:29.406 I/System.out( 7213): android.os.Looper.loop(Looper.java:137)
05-22 16:58:29.406 I/System.out( 7213): android.app.ActivityThread.main(ActivityThread.java:5103)
05-22 16:58:29.406 I/System.out( 7213): java.lang.reflect.Method.invokeNative(Native Method)
05-22 16:58:29.406 I/System.out( 7213): java.lang.reflect.Method.invoke(Method.java:525)
05-22 16:58:29.406 I/System.out( 7213): com.android.internal.os.ZygoteInit$MethodAndArgsCaller.run(ZygoteInit.java:737)
05-22 16:58:29.406 I/System.out( 7213): com.android.internal.os.ZygoteInit.main(ZygoteInit.java:553)
05-22 16:58:29.406 I/System.out( 7213): dalvik.system.NativeStart.main(Native Method)
05-22 16:58:29.413 D/PhoneStatusBar(  450): disable: < expand icons alerts ticker system_info back* home* recent clock* search >
05-22 16:58:29.421 W/Parcel  (  802): Attempt to read object from Parcel 0x5e0dfdac at offset 200 that is not in the object list
05-22 16:58:29.429 D/NfcService(  587): NFC-C ON
05-22 16:58:29.460 D/dalvikvm( 6184): GC_CONCURRENT freed 425K, 5% free 9394K/9876K, paused 3ms+2ms, total 95ms
05-22 16:58:29.570 I/RootJni ( 7998): su: permission denied
05-22 16:58:29.663 D/dalvikvm( 7213): JIT unchain all for threadid=11
05-22 16:58:29.726 D/dalvikvm( 7213): GC_FOR_ALLOC freed 3742K, 27% free 28943K/39212K, paused 309ms, total 312ms
05-22 16:58:29.734 I/dalvikvm-heap( 7213): Grow heap (frag case) to 31.622MB for 3415696-byte allocation
05-22 16:58:29.859 V/TAG     (  375): bug 7643792: fitSystemWindows([0,50][0,0])
05-22 16:58:29.984 D/dalvikvm( 7213): JIT unchain all for threadid=11
05-22 16:58:30.046 D/dalvikvm( 7213): GC_FOR_ALLOC freed 4K, 25% free 32274K/42548K, paused 305ms, total 306ms
05-22 16:58:30.148 I/Choreographer( 7213): Skipped 44 frames!  The application may be doing too much work on its main thread.
05-22 16:58:30.202 W/InputMethodManagerService(  375): Window already focused, ignoring focus gain of: com.android.internal.view.IInputMethodClient$Stub$Proxy@425d7be0 attribute=android.view.inputmethod.EditorInfo@425c19b8, token = android.os.BinderProxy@4260b840
05-22 16:58:30.812 I/QueryController( 7962): Matched selector: UiSelector[PACKAGE NAME=com.pekall.emdm.launcher] <<==>> [android.view.accessibility.AccessibilityNodeInfo@336e0; boundsInParent: Rect(0, 0 - 720, 1184); boundsInScreen: Rect(0, 0 - 720, 1184); packageName: com.pekall.emdm.launcher; className: android.widget.FrameLayout; text: null; contentDescription: null; viewIdResName: null; checkable: false; checked: false; focusable: false; focused: false; selected: false; clickable: false; longClickable: false; enabled: true; password: false; scrollable: false; [ACTION_SELECT, ACTION_CLEAR_SELECTION, ACTION_ACCESSIBILITY_FOCUS]]
05-22 16:58:30.820 I/QueryController( 7962): Matched selector: UiSelector[PACKAGE NAME=com.pekall.emdm.launcher] <<==>> [android.view.accessibility.AccessibilityNodeInfo@336e0; boundsInParent: Rect(0, 0 - 720, 1184); boundsInScreen: Rect(0, 0 - 720, 1184); packageName: com.pekall.emdm.launcher; className: android.widget.FrameLayout; text: null; contentDescription: null; viewIdResName: null; checkable: false; checked: false; focusable: false; focused: false; selected: false; clickable: false; longClickable: false; enabled: true; password: false; scrollable: false; [ACTION_SELECT, ACTION_CLEAR_SELECTION, ACTION_ACCESSIBILITY_FOCUS]]
05-22 16:58:30.835 I/QueryController( 7962): Matched selector: UiSelector[TEXT=Personal Mode, CLASS=android.widget.TextView, PACKAGE NAME=com.pekall.emdm.launcher] <<==>> [android.view.accessibility.AccessibilityNodeInfo@39c3b; boundsInParent: Rect(0, 0 - 160, 200); boundsInScreen: Rect(190, 608 - 350, 808); packageName: com.pekall.emdm.launcher; className: android.widget.TextView; text: Personal Mode; contentDescription: null; viewIdResName: null; checkable: false; checked: false; focusable: false; focused: false; selected: false; clickable: true; longClickable: true; enabled: true; password: false; scrollable: false; [ACTION_SELECT, ACTION_CLEAR_SELECTION, ACTION_CLICK, ACTION_LONG_CLICK, ACTION_ACCESSIBILITY_FOCUS, ACTION_NEXT_AT_MOVEMENT_GRANULARITY, ACTION_PREVIOUS_AT_MOVEMENT_GRANULARITY, ACTION_SET_SELECTION]]
05-22 16:58:30.851 I/QueryController( 7962): Matched selector: UiSelector[TEXT=Personal Mode, CLASS=android.widget.TextView, PACKAGE NAME=com.pekall.emdm.launcher] <<==>> [android.view.accessibility.AccessibilityNodeInfo@39c3b; boundsInParent: Rect(0, 0 - 160, 200); boundsInScreen: Rect(190, 608 - 350, 808); packageName: com.pekall.emdm.launcher; className: android.widget.TextView; text: Personal Mode; contentDescription: null; viewIdResName: null; checkable: false; checked: false; focusable: false; focused: false; selected: false; clickable: true; longClickable: true; enabled: true; password: false; scrollable: false; [ACTION_SELECT, ACTION_CLEAR_SELECTION, ACTION_CLICK, ACTION_LONG_CLICK, ACTION_ACCESSIBILITY_FOCUS, ACTION_NEXT_AT_MOVEMENT_GRANULARITY, ACTION_PREVIOUS_AT_MOVEMENT_GRANULARITY, ACTION_SET_SELECTION]]
