05-22 17:00:41.570 I/QueryController( 8141): Matched selector: UiSelector[PACKAGE NAME=com.android.launcher] <<==>> [android.view.accessibility.AccessibilityNodeInfo@74f7; boundsInParent: Rect(0, 0 - 720, 1184); boundsInScreen: Rect(0, 0 - 720, 1184); packageName: com.android.launcher; className: android.widget.FrameLayout; text: null; contentDescription: null; viewIdResName: null; checkable: false; checked: false; focusable: false; focused: false; selected: false; clickable: false; longClickable: false; enabled: true; password: false; scrollable: false; [ACTION_SELECT, ACTION_CLEAR_SELECTION, ACTION_ACCESSIBILITY_FOCUS]]
05-22 17:00:41.585 I/QueryController( 8141): Matched selector: UiSelector[TEXT=Camera] <<==>> [android.view.accessibility.AccessibilityNodeInfo@3b655; boundsInParent: Rect(0, 0 - 148, 184); boundsInScreen: Rect(16, 572 - 164, 756); packageName: com.android.launcher; className: android.widget.TextView; text: Camera; contentDescription: null; viewIdResName: null; checkable: false; checked: false; focusable: true; focused: false; selected: false; clickable: true; longClickable: true; enabled: true; password: false; scrollable: false; [ACTION_FOCUS, ACTION_SELECT, ACTION_CLEAR_SELECTION, ACTION_CLICK, ACTION_LONG_CLICK, ACTION_ACCESSIBILITY_FOCUS, ACTION_NEXT_AT_MOVEMENT_GRANULARITY, ACTION_PREVIOUS_AT_MOVEMENT_GRANULARITY, ACTION_SET_SELECTION]]
05-22 17:00:41.601 I/QueryController( 8141): Matched selector: UiSelector[TEXT=Camera] <<==>> [android.view.accessibility.AccessibilityNodeInfo@3b655; boundsInParent: Rect(0, 0 - 148, 184); boundsInScreen: Rect(16, 572 - 164, 756); packageName: com.android.launcher; className: android.widget.TextView; text: Camera; contentDescription: null; viewIdResName: null; checkable: false; checked: false; focusable: true; focused: false; selected: false; clickable: true; longClickable: true; enabled: true; password: false; scrollable: false; [ACTION_FOCUS, ACTION_SELECT, ACTION_CLEAR_SELECTION, ACTION_CLICK, ACTION_LONG_CLICK, ACTION_ACCESSIBILITY_FOCUS, ACTION_NEXT_AT_MOVEMENT_GRANULARITY, ACTION_PREVIOUS_AT_MOVEMENT_GRANULARITY, ACTION_SET_SELECTION]]
05-22 17:00:41.601 D/InteractionController( 8141): clickAndWaitForNewWindow(90, 664)
05-22 17:00:41.726 W/Parcel  (  802): Attempt to read object from Parcel 0x5dfdfdac at offset 200 that is not in the object list
05-22 17:00:41.734 I/ActivityManager(  375): START u0 {act=android.intent.action.MAIN cat=[android.intent.category.LAUNCHER] flg=0x10200000 cmp=com.google.android.gallery3d/com.android.camera.CameraLauncher} from pid 1150
05-22 17:00:41.835 D/dalvikvm(  375): GC_FOR_ALLOC freed 869K, 21% free 18135K/22848K, paused 61ms, total 62ms
05-22 17:00:41.906 D/dalvikvm(  375): GC_FOR_ALLOC freed 753K, 21% free 18126K/22848K, paused 60ms, total 60ms
05-22 17:00:41.999 V/StateManager( 8157): startState class com.android.gallery3d.app.FilmstripPage
05-22 17:00:42.007 V/CameraHolder( 8157): open camera 0
05-22 17:00:42.023 I/AwesomePlayer(  127): setDataSource_l(URL suppressed)
05-22 17:00:42.070 I/AwesomePlayer(  127): setDataSource_l(URL suppressed)
05-22 17:00:42.101 E/LightCycleHelper( 8157): Connection failed: ConnectionResult{statusCode=SERVICE_DISABLED, resolution=null}
05-22 17:00:42.109 D/CameraStorage( 8157): External storage state=mounted
05-22 17:00:42.156 I/CameraClient(  127): Opening camera 0
05-22 17:00:42.156 I/CameraHAL(  127): camera_device open
05-22 17:00:42.226 D/CAM_PhotoModule( 8157): Preview size changed.
05-22 17:00:42.226 I/CAM_ScreenNail( 8157): preview layout size: 720/1184
05-22 17:00:42.226 I/CAM_ScreenNail( 8157): aspect ratio clamping disabled
05-22 17:00:42.343 V/CAM_PhotoModule( 8157): Preview size is 960x720
05-22 17:00:42.351 I/GLRootView( 8157): onSurfaceChanged: 720x1184, gl10: com.google.android.gles_jni.GLImpl@4295f178
05-22 17:00:42.359 I/GLRootView( 8157): layout content pane 720x1184 (compensation 0)
05-22 17:00:42.359 D/PhotoView( 8157): compensation = 0, CameraRelativeFrame = Rect(0, 0 - 0, 0), mCameraRect = Rect(0, 0 - 0, 0)
05-22 17:00:42.359 V/CAM_PhotoModule( 8157): Preview size is 960x720
05-22 17:00:42.359 I/CAM_ScreenNail( 8157): aspect ratio clamping disabled
05-22 17:00:42.406 D/dalvikvm( 8157): GC_FOR_ALLOC freed 1960K, 14% free 16911K/19656K, paused 39ms, total 42ms
05-22 17:00:42.413 I/ActivityManager(  375): Displayed com.google.android.gallery3d/com.android.camera.CameraLauncher: +494ms
05-22 17:00:42.421 I/dalvikvm-heap( 8157): Grow heap (frag case) to 17.624MB for 1127536-byte allocation
05-22 17:00:42.460 D/dalvikvm( 8157): GC_FOR_ALLOC freed 4821K, 37% free 13191K/20760K, paused 41ms, total 41ms
05-22 17:00:42.484 I/CAM_ScreenNail( 8157): aspect ratio clamping enabled, surfaceTexture scale: 0.8108108, 1.0
05-22 17:00:42.523 D/dalvikvm( 8157): GC_FOR_ALLOC freed 953K, 35% free 13550K/20760K, paused 23ms, total 24ms
05-22 17:00:42.562 D/dalvikvm( 8157): GC_FOR_ALLOC freed 1K, 29% free 14748K/20760K, paused 23ms, total 23ms
05-22 17:00:42.648 I/CAM_ScreenNail( 8157): preview layout size: 720/1184
05-22 17:00:42.648 I/CAM_ScreenNail( 8157): aspect ratio clamping enabled, surfaceTexture scale: 0.8108108, 1.0
05-22 17:00:42.773 V/CAM_PhotoModule( 8157): startPreview
05-22 17:00:42.804 D/dalvikvm( 8157): GC_CONCURRENT freed 69K, 20% free 16636K/20760K, paused 3ms+2ms, total 35ms
05-22 17:00:42.804 D/dalvikvm( 8157): WAIT_FOR_CONCURRENT_GC blocked 18ms
05-22 17:00:43.382 D/        (  127): PPM: Standby to first shot: Sensor Change completed -  :605.438 ms :  1400749243390 ms
05-22 17:00:43.406 D/        (  127): PPM: Focus finished in:  :1494399.23 ms :  1400749243414 ms
05-22 17:00:43.609 D/dalvikvm(  375): GC_FOR_ALLOC freed 795K, 21% free 18144K/22848K, paused 56ms, total 57ms
05-22 17:00:43.616 I/WindowManager(  375): Screenshot Window{42666890 u0 com.google.android.gallery3d/com.android.camera.CameraLauncher} was all black! mSurfaceLayer=21020 minLayer=21020 maxLayer=21020
05-22 17:00:43.624 V/StateManager( 8157): no more state, finish activity
05-22 17:00:43.624 V/StateManager( 8157): finishState com.android.gallery3d.app.FilmstripPage@42b4b8b8
05-22 17:00:43.757 V/CAM_PhotoModule( 8157): stopPreview
05-22 17:00:43.757 E/CameraHAL(  127): Adapter state switch PREVIEW_ACTIVE Invalid Op! event = 0xf
05-22 17:00:43.913 I/CameraClient(  127): Destroying camera 0
05-22 17:00:43.960 W/AudioFlinger(  127): session id 348 not found for pid 127
05-22 17:00:43.960 W/AudioFlinger(  127): session id 349 not found for pid 127
05-22 17:00:44.577 V/StateManager( 8157): destroy
05-22 17:00:45.148 I/QueryController( 8141): Matched selector: UiSelector[DESCRIPTION=Apps, PACKAGE NAME=com.android.launcher] <<==>> [android.view.accessibility.AccessibilityNodeInfo@1ec5b; boundsInParent: Rect(524257, 0 - 524399, 104); boundsInScreen: Rect(0, 50 - 142, 154); packageName: com.android.launcher; className: android.widget.TextView; text: Apps; contentDescription: Apps; viewIdResName: null; checkable: false; checked: false; focusable: true; focused: false; selected: true; clickable: true; longClickable: false; enabled: true; password: false; scrollable: false; [ACTION_FOCUS, ACTION_SELECT, ACTION_CLEAR_SELECTION, ACTION_CLICK, ACTION_ACCESSIBILITY_FOCUS, ACTION_NEXT_AT_MOVEMENT_GRANULARITY, ACTION_PREVIOUS_AT_MOVEMENT_GRANULARITY, ACTION_SET_SELECTION]]
05-22 17:00:45.163 I/QueryController( 8141): Matched selector: UiSelector[DESCRIPTION=Apps, PACKAGE NAME=com.android.launcher] <<==>> [android.view.accessibility.AccessibilityNodeInfo@1ec5b; boundsInParent: Rect(524257, 0 - 524399, 104); boundsInScreen: Rect(0, 50 - 142, 154); packageName: com.android.launcher; className: android.widget.TextView; text: Apps; contentDescription: Apps; viewIdResName: null; checkable: false; checked: false; focusable: true; focused: false; selected: true; clickable: true; longClickable: false; enabled: true; password: false; scrollable: false; [ACTION_FOCUS, ACTION_SELECT, ACTION_CLEAR_SELECTION, ACTION_CLICK, ACTION_ACCESSIBILITY_FOCUS, ACTION_NEXT_AT_MOVEMENT_GRANULARITY, ACTION_PREVIOUS_AT_MOVEMENT_GRANULARITY, ACTION_SET_SELECTION]]
05-22 17:00:45.163 D/InteractionController( 8141): clickAndWaitForNewWindow(71, 102)
05-22 17:00:48.273 W/InteractionController( 8141): runAndwaitForEvent timedout waiting for events
05-22 17:00:48.288 I/QueryController( 8141): Matched selector: UiSelector[TEXT=Apps, CLASS=android.widget.TextView, PACKAGE NAME=com.android.launcher] <<==>> [android.view.accessibility.AccessibilityNodeInfo@1ec5b; boundsInParent: Rect(524257, 0 - 524399, 104); boundsInScreen: Rect(0, 50 - 142, 154); packageName: com.android.launcher; className: android.widget.TextView; text: Apps; contentDescription: Apps; viewIdResName: null; checkable: false; checked: false; focusable: true; focused: false; selected: true; clickable: true; longClickable: false; enabled: true; password: false; scrollable: false; [ACTION_FOCUS, ACTION_SELECT, ACTION_CLEAR_SELECTION, ACTION_CLICK, ACTION_ACCESSIBILITY_FOCUS, ACTION_NEXT_AT_MOVEMENT_GRANULARITY, ACTION_PREVIOUS_AT_MOVEMENT_GRANULARITY, ACTION_SET_SELECTION]]
05-22 17:00:48.304 I/QueryController( 8141): Matched selector: UiSelector[TEXT=Apps, CLASS=android.widget.TextView, PACKAGE NAME=com.android.launcher] <<==>> [android.view.accessibility.AccessibilityNodeInfo@1ec5b; boundsInParent: Rect(524257, 0 - 524399, 104); boundsInScreen: Rect(0, 50 - 142, 154); packageName: com.android.launcher; className: android.widget.TextView; text: Apps; contentDescription: Apps; viewIdResName: null; checkable: false; checked: false; focusable: true; focused: false; selected: true; clickable: true; longClickable: false; enabled: true; password: false; scrollable: false; [ACTION_FOCUS, ACTION_SELECT, ACTION_CLEAR_SELECTION, ACTION_CLICK, ACTION_ACCESSIBILITY_FOCUS, ACTION_NEXT_AT_MOVEMENT_GRANULARITY, ACTION_PREVIOUS_AT_MOVEMENT_GRANULARITY, ACTION_SET_SELECTION]]
05-22 17:00:48.304 D/UiObject( 8141): getText() = Apps
05-22 17:00:48.320 I/QueryController( 8141): Matched selector: UiSelector[TEXT=Apps, CLASS=android.widget.TextView, PACKAGE NAME=com.android.launcher] <<==>> [android.view.accessibility.AccessibilityNodeInfo@1ec5b; boundsInParent: Rect(524257, 0 - 524399, 104); boundsInScreen: Rect(0, 50 - 142, 154); packageName: com.android.launcher; className: android.widget.TextView; text: Apps; contentDescription: Apps; viewIdResName: null; checkable: false; checked: false; focusable: true; focused: false; selected: true; clickable: true; longClickable: false; enabled: true; password: false; scrollable: false; [ACTION_FOCUS, ACTION_SELECT, ACTION_CLEAR_SELECTION, ACTION_CLICK, ACTION_ACCESSIBILITY_FOCUS, ACTION_NEXT_AT_MOVEMENT_GRANULARITY, ACTION_PREVIOUS_AT_MOVEMENT_GRANULARITY, ACTION_SET_SELECTION]]
05-22 17:00:48.343 I/QueryController( 8141): Matched selector: UiSelector[TEXT=Apps, CLASS=android.widget.TextView, PACKAGE NAME=com.android.launcher] <<==>> [android.view.accessibility.AccessibilityNodeInfo@1ec5b; boundsInParent: Rect(524257, 0 - 524399, 104); boundsInScreen: Rect(0, 50 - 142, 154); packageName: com.android.launcher; className: android.widget.TextView; text: Apps; contentDescription: Apps; viewIdResName: null; checkable: false; checked: false; focusable: true; focused: false; selected: true; clickable: true; longClickable: false; enabled: true; password: false; scrollable: false; [ACTION_FOCUS, ACTION_SELECT, ACTION_CLEAR_SELECTION, ACTION_CLICK, ACTION_ACCESSIBILITY_FOCUS, ACTION_NEXT_AT_MOVEMENT_GRANULARITY, ACTION_PREVIOUS_AT_MOVEMENT_GRANULARITY, ACTION_SET_SELECTION]]
05-22 17:00:48.343 D/InteractionController( 8141): clickAndWaitForNewWindow(71, 102)
05-22 17:00:51.210 W/MountService(  375): getVolumeState(/storage/emulated/0/external_sd): Unknown volume
05-22 17:00:51.210 W/MountService(  375): getVolumeState(/mnt/sdcard-ext): Unknown volume
05-22 17:00:51.210 W/MountService(  375): getVolumeState(/mnt/ext_sdcard): Unknown volume
05-22 17:00:51.210 W/MountService(  375): getVolumeState(/mnt/sdcard2): Unknown volume
05-22 17:00:51.210 W/MountService(  375): getVolumeState(/mnt/emmc): Unknown volume
05-22 17:00:51.210 W/MountService(  375): getVolumeState(/mnt/extSdCard): Unknown volume
05-22 17:00:51.210 W/MountService(  375): getVolumeState(/mnt/sdcard/SD_CARD): Unknown volume
05-22 17:00:51.210 W/MountService(  375): getVolumeState(/mnt/sdcard/extra_sd): Unknown volume
05-22 17:00:51.218 W/MountService(  375): getVolumeState(/mnt/extrasd_bind): Unknown volume
05-22 17:00:51.218 W/MountService(  375): getVolumeState(/mnt/sdcard/ext_sd): Unknown volume
05-22 17:00:51.218 W/MountService(  375): getVolumeState(/storage/extSdCard): Unknown volume
05-22 17:00:51.218 W/MountService(  375): getVolumeState(/storage/sdcard1): Unknown volume
05-22 17:00:51.218 W/MountService(  375): getVolumeState(/mnt/sdcard/external_SD): Unknown volume
05-22 17:00:51.218 W/MountService(  375): getVolumeState(/mnt/sdcard/external_sd): Unknown volume
05-22 17:00:51.265 D/dalvikvm( 1693): GC_CONCURRENT freed 468K, 20% free 9464K/11796K, paused 2ms+2ms, total 20ms
05-22 17:00:51.445 W/InteractionController( 8141): runAndwaitForEvent timedout waiting for events
05-22 17:00:51.468 I/QueryController( 8141): Matched selector: UiSelector[PACKAGE NAME=com.android.launcher] <<==>> [android.view.accessibility.AccessibilityNodeInfo@74f7; boundsInParent: Rect(0, 0 - 720, 1184); boundsInScreen: Rect(0, 0 - 720, 1184); packageName: com.android.launcher; className: android.widget.FrameLayout; text: null; contentDescription: null; viewIdResName: null; checkable: false; checked: false; focusable: false; focused: false; selected: false; clickable: false; longClickable: false; enabled: true; password: false; scrollable: false; [ACTION_SELECT, ACTION_CLEAR_SELECTION, ACTION_ACCESSIBILITY_FOCUS]]
05-22 17:00:51.491 I/QueryController( 8141): Matched selector: UiSelector[TEXT=Camera] <<==>> [android.view.accessibility.AccessibilityNodeInfo@3b655; boundsInParent: Rect(0, 0 - 148, 184); boundsInScreen: Rect(16, 572 - 164, 756); packageName: com.android.launcher; className: android.widget.TextView; text: Camera; contentDescription: null; viewIdResName: null; checkable: false; checked: false; focusable: true; focused: false; selected: false; clickable: true; longClickable: true; enabled: true; password: false; scrollable: false; [ACTION_FOCUS, ACTION_SELECT, ACTION_CLEAR_SELECTION, ACTION_CLICK, ACTION_LONG_CLICK, ACTION_ACCESSIBILITY_FOCUS, ACTION_NEXT_AT_MOVEMENT_GRANULARITY, ACTION_PREVIOUS_AT_MOVEMENT_GRANULARITY, ACTION_SET_SELECTION]]
05-22 17:00:51.507 I/QueryController( 8141): Matched selector: UiSelector[TEXT=Camera] <<==>> [android.view.accessibility.AccessibilityNodeInfo@3b655; boundsInParent: Rect(0, 0 - 148, 184); boundsInScreen: Rect(16, 572 - 164, 756); packageName: com.android.launcher; className: android.widget.TextView; text: Camera; contentDescription: null; viewIdResName: null; checkable: false; checked: false; focusable: true; focused: false; selected: false; clickable: true; longClickable: true; enabled: true; password: false; scrollable: false; [ACTION_FOCUS, ACTION_SELECT, ACTION_CLEAR_SELECTION, ACTION_CLICK, ACTION_LONG_CLICK, ACTION_ACCESSIBILITY_FOCUS, ACTION_NEXT_AT_MOVEMENT_GRANULARITY, ACTION_PREVIOUS_AT_MOVEMENT_GRANULARITY, ACTION_SET_SELECTION]]
05-22 17:00:51.507 D/InteractionController( 8141): clickAndWaitForNewWindow(90, 664)
05-22 17:00:51.531 W/MountService(  375): getVolumeState(/storage/emulated/0/external_sd): Unknown volume
05-22 17:00:51.531 W/MountService(  375): getVolumeState(/mnt/sdcard-ext): Unknown volume
05-22 17:00:51.531 W/MountService(  375): getVolumeState(/mnt/ext_sdcard): Unknown volume
05-22 17:00:51.531 W/MountService(  375): getVolumeState(/mnt/sdcard2): Unknown volume
05-22 17:00:51.531 W/MountService(  375): getVolumeState(/mnt/emmc): Unknown volume
05-22 17:00:51.531 W/MountService(  375): getVolumeState(/mnt/extSdCard): Unknown volume
05-22 17:00:51.531 W/MountService(  375): getVolumeState(/mnt/sdcard/SD_CARD): Unknown volume
05-22 17:00:51.531 W/MountService(  375): getVolumeState(/mnt/sdcard/extra_sd): Unknown volume
05-22 17:00:51.531 W/MountService(  375): getVolumeState(/mnt/extrasd_bind): Unknown volume
05-22 17:00:51.531 W/MountService(  375): getVolumeState(/mnt/sdcard/ext_sd): Unknown volume
05-22 17:00:51.531 W/MountService(  375): getVolumeState(/storage/extSdCard): Unknown volume
05-22 17:00:51.538 W/MountService(  375): getVolumeState(/storage/sdcard1): Unknown volume
05-22 17:00:51.538 W/MountService(  375): getVolumeState(/mnt/sdcard/external_SD): Unknown volume
05-22 17:00:51.538 W/MountService(  375): getVolumeState(/mnt/sdcard/external_sd): Unknown volume
05-22 17:00:51.554 D/dalvikvm( 1693): GC_CONCURRENT freed 448K, 20% free 9517K/11796K, paused 3ms+2ms, total 30ms
05-22 17:00:51.554 D/dalvikvm( 1693): WAIT_FOR_CONCURRENT_GC blocked 12ms
05-22 17:00:51.640 W/Parcel  (  802): Attempt to read object from Parcel 0x5ed47dac at offset 200 that is not in the object list
05-22 17:00:51.640 I/ActivityManager(  375): START u0 {act=android.intent.action.MAIN cat=[android.intent.category.LAUNCHER] flg=0x10200000 cmp=com.google.android.gallery3d/com.android.camera.CameraLauncher} from pid 1150
05-22 17:00:51.734 D/dalvikvm(  375): GC_FOR_ALLOC freed 897K, 21% free 18133K/22848K, paused 59ms, total 60ms
05-22 17:00:51.804 D/dalvikvm(  375): GC_FOR_ALLOC freed 756K, 21% free 18126K/22848K, paused 60ms, total 60ms
05-22 17:00:51.898 V/StateManager( 8157): startState class com.android.gallery3d.app.FilmstripPage
05-22 17:00:51.906 V/CameraHolder( 8157): open camera 0
05-22 17:00:51.913 I/AwesomePlayer(  127): setDataSource_l(URL suppressed)
05-22 17:00:51.960 I/AwesomePlayer(  127): setDataSource_l(URL suppressed)
05-22 17:00:51.991 E/LightCycleHelper( 8157): Connection failed: ConnectionResult{statusCode=SERVICE_DISABLED, resolution=null}
05-22 17:00:51.999 D/CameraStorage( 8157): External storage state=mounted
05-22 17:00:52.023 I/CameraClient(  127): Opening camera 0
05-22 17:00:52.023 I/CameraHAL(  127): camera_device open
05-22 17:00:52.109 D/CAM_PhotoModule( 8157): Preview size changed.
05-22 17:00:52.109 I/CAM_ScreenNail( 8157): preview layout size: 720/1184
05-22 17:00:52.109 I/CAM_ScreenNail( 8157): aspect ratio clamping disabled
05-22 17:00:52.187 I/GLRootView( 8157): onSurfaceChanged: 720x1184, gl10: com.google.android.gles_jni.GLImpl@42b22f48
05-22 17:00:52.195 I/GLRootView( 8157): layout content pane 720x1184 (compensation 0)
05-22 17:00:52.195 D/PhotoView( 8157): compensation = 0, CameraRelativeFrame = Rect(0, 0 - 0, 0), mCameraRect = Rect(0, 0 - 0, 0)
05-22 17:00:52.234 D/dalvikvm( 8157): GC_FOR_ALLOC freed 1767K, 19% free 16886K/20756K, paused 33ms, total 33ms
05-22 17:00:52.257 I/ActivityManager(  375): Displayed com.google.android.gallery3d/com.android.camera.CameraLauncher: +435ms
05-22 17:00:52.281 D/dalvikvm( 8157): GC_FOR_ALLOC freed 4807K, 29% free 13290K/18548K, paused 27ms, total 27ms
05-22 17:00:52.327 D/dalvikvm( 8157): GC_FOR_ALLOC freed 1017K, 27% free 13556K/18548K, paused 24ms, total 24ms
05-22 17:00:52.335 V/CAM_PhotoModule( 8157): Preview size is 960x720
05-22 17:00:52.366 D/dalvikvm( 8157): GC_FOR_ALLOC freed 78K, 21% free 14757K/18548K, paused 24ms, total 24ms
05-22 17:00:52.390 V/CAM_PhotoModule( 8157): Preview size is 960x720
05-22 17:00:52.398 I/CAM_ScreenNail( 8157): aspect ratio clamping disabled
05-22 17:00:52.398 I/CAM_ScreenNail( 8157): aspect ratio clamping enabled, surfaceTexture scale: 0.8108108, 1.0
05-22 17:00:52.421 I/GLRootView( 8157): layout content pane 720x1184 (compensation 0)
05-22 17:00:52.421 D/PhotoView( 8157): compensation = 0, CameraRelativeFrame = Rect(0, 0 - 0, 0), mCameraRect = Rect(0, 0 - 0, 0)
05-22 17:00:52.452 I/CAM_ScreenNail( 8157): preview layout size: 720/1184
05-22 17:00:52.452 I/CAM_ScreenNail( 8157): aspect ratio clamping enabled, surfaceTexture scale: 0.8108108, 1.0
05-22 17:00:52.554 V/CAM_PhotoModule( 8157): startPreview
05-22 17:00:52.585 D/dalvikvm( 8157): GC_FOR_ALLOC freed 140K, 12% free 16441K/18548K, paused 21ms, total 22ms
05-22 17:00:52.624 D/dalvikvm( 8157): GC_FOR_ALLOC freed 15K, 11% free 16627K/18548K, paused 27ms, total 28ms
05-22 17:00:52.624 I/dalvikvm-heap( 8157): Grow heap (frag case) to 17.274MB for 1051408-byte allocation
05-22 17:00:52.663 D/dalvikvm( 8157): GC_FOR_ALLOC freed 0K, 10% free 17654K/19576K, paused 33ms, total 33ms
05-22 17:00:53.148 D/        (  127): PPM: Standby to first shot: Sensor Change completed -  :590.545 ms :  1400749253153 ms
05-22 17:00:53.171 D/        (  127): PPM: Focus finished in:  :1504163.397 ms :  1400749253178 ms
05-22 17:00:53.445 D/dalvikvm(  375): GC_FOR_ALLOC freed 797K, 21% free 18144K/22848K, paused 58ms, total 58ms
05-22 17:00:53.452 V/StateManager( 8157): no more state, finish activity
05-22 17:00:53.452 V/StateManager( 8157): finishState com.android.gallery3d.app.FilmstripPage@429487b0
05-22 17:00:53.452 I/WindowManager(  375): Screenshot Window{426b7360 u0 com.google.android.gallery3d/com.android.camera.CameraLauncher} was all black! mSurfaceLayer=21020 minLayer=21020 maxLayer=21020
05-22 17:00:53.609 V/CAM_PhotoModule( 8157): stopPreview
05-22 17:00:53.609 E/CameraHAL(  127): Adapter state switch PREVIEW_ACTIVE Invalid Op! event = 0xf
05-22 17:00:53.741 I/CameraClient(  127): Destroying camera 0
05-22 17:00:53.788 W/AudioFlinger(  127): session id 353 not found for pid 127
05-22 17:00:53.788 W/AudioFlinger(  127): session id 354 not found for pid 127
05-22 17:00:54.390 V/StateManager( 8157): destroy
05-22 17:00:54.991 I/QueryController( 8141): Matched selector: UiSelector[DESCRIPTION=Apps, PACKAGE NAME=com.android.launcher] <<==>> [android.view.accessibility.AccessibilityNodeInfo@1ec5b; boundsInParent: Rect(524257, 0 - 524399, 104); boundsInScreen: Rect(0, 50 - 142, 154); packageName: com.android.launcher; className: android.widget.TextView; text: Apps; contentDescription: Apps; viewIdResName: null; checkable: false; checked: false; focusable: true; focused: false; selected: true; clickable: true; longClickable: false; enabled: true; password: false; scrollable: false; [ACTION_FOCUS, ACTION_SELECT, ACTION_CLEAR_SELECTION, ACTION_CLICK, ACTION_ACCESSIBILITY_FOCUS, ACTION_NEXT_AT_MOVEMENT_GRANULARITY, ACTION_PREVIOUS_AT_MOVEMENT_GRANULARITY, ACTION_SET_SELECTION]]
05-22 17:00:55.007 I/QueryController( 8141): Matched selector: UiSelector[DESCRIPTION=Apps, PACKAGE NAME=com.android.launcher] <<==>> [android.view.accessibility.AccessibilityNodeInfo@1ec5b; boundsInParent: Rect(524257, 0 - 524399, 104); boundsInScreen: Rect(0, 50 - 142, 154); packageName: com.android.launcher; className: android.widget.TextView; text: Apps; contentDescription: Apps; viewIdResName: null; checkable: false; checked: false; focusable: true; focused: false; selected: true; clickable: true; longClickable: false; enabled: true; password: false; scrollable: false; [ACTION_FOCUS, ACTION_SELECT, ACTION_CLEAR_SELECTION, ACTION_CLICK, ACTION_ACCESSIBILITY_FOCUS, ACTION_NEXT_AT_MOVEMENT_GRANULARITY, ACTION_PREVIOUS_AT_MOVEMENT_GRANULARITY, ACTION_SET_SELECTION]]
05-22 17:00:55.007 D/InteractionController( 8141): clickAndWaitForNewWindow(71, 102)
05-22 17:00:58.116 W/InteractionController( 8141): runAndwaitForEvent timedout waiting for events
05-22 17:00:58.132 I/QueryController( 8141): Matched selector: UiSelector[TEXT=Apps, CLASS=android.widget.TextView, PACKAGE NAME=com.android.launcher] <<==>> [android.view.accessibility.AccessibilityNodeInfo@1ec5b; boundsInParent: Rect(524257, 0 - 524399, 104); boundsInScreen: Rect(0, 50 - 142, 154); packageName: com.android.launcher; className: android.widget.TextView; text: Apps; contentDescription: Apps; viewIdResName: null; checkable: false; checked: false; focusable: true; focused: false; selected: true; clickable: true; longClickable: false; enabled: true; password: false; scrollable: false; [ACTION_FOCUS, ACTION_SELECT, ACTION_CLEAR_SELECTION, ACTION_CLICK, ACTION_ACCESSIBILITY_FOCUS, ACTION_NEXT_AT_MOVEMENT_GRANULARITY, ACTION_PREVIOUS_AT_MOVEMENT_GRANULARITY, ACTION_SET_SELECTION]]
05-22 17:00:58.140 I/QueryController( 8141): Matched selector: UiSelector[TEXT=Apps, CLASS=android.widget.TextView, PACKAGE NAME=com.android.launcher] <<==>> [android.view.accessibility.AccessibilityNodeInfo@1ec5b; boundsInParent: Rect(524257, 0 - 524399, 104); boundsInScreen: Rect(0, 50 - 142, 154); packageName: com.android.launcher; className: android.widget.TextView; text: Apps; contentDescription: Apps; viewIdResName: null; checkable: false; checked: false; focusable: true; focused: false; selected: true; clickable: true; longClickable: false; enabled: true; password: false; scrollable: false; [ACTION_FOCUS, ACTION_SELECT, ACTION_CLEAR_SELECTION, ACTION_CLICK, ACTION_ACCESSIBILITY_FOCUS, ACTION_NEXT_AT_MOVEMENT_GRANULARITY, ACTION_PREVIOUS_AT_MOVEMENT_GRANULARITY, ACTION_SET_SELECTION]]
05-22 17:00:58.140 D/UiObject( 8141): getText() = Apps
05-22 17:00:58.156 I/QueryController( 8141): Matched selector: UiSelector[TEXT=Apps, CLASS=android.widget.TextView, PACKAGE NAME=com.android.launcher] <<==>> [android.view.accessibility.AccessibilityNodeInfo@1ec5b; boundsInParent: Rect(524257, 0 - 524399, 104); boundsInScreen: Rect(0, 50 - 142, 154); packageName: com.android.launcher; className: android.widget.TextView; text: Apps; contentDescription: Apps; viewIdResName: null; checkable: false; checked: false; focusable: true; focused: false; selected: true; clickable: true; longClickable: false; enabled: true; password: false; scrollable: false; [ACTION_FOCUS, ACTION_SELECT, ACTION_CLEAR_SELECTION, ACTION_CLICK, ACTION_ACCESSIBILITY_FOCUS, ACTION_NEXT_AT_MOVEMENT_GRANULARITY, ACTION_PREVIOUS_AT_MOVEMENT_GRANULARITY, ACTION_SET_SELECTION]]
05-22 17:00:58.171 I/QueryController( 8141): Matched selector: UiSelector[TEXT=Apps, CLASS=android.widget.TextView, PACKAGE NAME=com.android.launcher] <<==>> [android.view.accessibility.AccessibilityNodeInfo@1ec5b; boundsInParent: Rect(524257, 0 - 524399, 104); boundsInScreen: Rect(0, 50 - 142, 154); packageName: com.android.launcher; className: android.widget.TextView; text: Apps; contentDescription: Apps; viewIdResName: null; checkable: false; checked: false; focusable: true; focused: false; selected: true; clickable: true; longClickable: false; enabled: true; password: false; scrollable: false; [ACTION_FOCUS, ACTION_SELECT, ACTION_CLEAR_SELECTION, ACTION_CLICK, ACTION_ACCESSIBILITY_FOCUS, ACTION_NEXT_AT_MOVEMENT_GRANULARITY, ACTION_PREVIOUS_AT_MOVEMENT_GRANULARITY, ACTION_SET_SELECTION]]
05-22 17:00:58.171 D/InteractionController( 8141): clickAndWaitForNewWindow(71, 102)
05-22 17:01:01.281 W/InteractionController( 8141): runAndwaitForEvent timedout waiting for events
05-22 17:01:01.296 I/QueryController( 8141): Matched selector: UiSelector[PACKAGE NAME=com.android.launcher] <<==>> [android.view.accessibility.AccessibilityNodeInfo@74f7; boundsInParent: Rect(0, 0 - 720, 1184); boundsInScreen: Rect(0, 0 - 720, 1184); packageName: com.android.launcher; className: android.widget.FrameLayout; text: null; contentDescription: null; viewIdResName: null; checkable: false; checked: false; focusable: false; focused: false; selected: false; clickable: false; longClickable: false; enabled: true; password: false; scrollable: false; [ACTION_SELECT, ACTION_CLEAR_SELECTION, ACTION_ACCESSIBILITY_FOCUS]]
05-22 17:01:01.312 I/QueryController( 8141): Matched selector: UiSelector[TEXT=Camera] <<==>> [android.view.accessibility.AccessibilityNodeInfo@3b655; boundsInParent: Rect(0, 0 - 148, 184); boundsInScreen: Rect(16, 572 - 164, 756); packageName: com.android.launcher; className: android.widget.TextView; text: Camera; contentDescription: null; viewIdResName: null; checkable: false; checked: false; focusable: true; focused: false; selected: false; clickable: true; longClickable: true; enabled: true; password: false; scrollable: false; [ACTION_FOCUS, ACTION_SELECT, ACTION_CLEAR_SELECTION, ACTION_CLICK, ACTION_LONG_CLICK, ACTION_ACCESSIBILITY_FOCUS, ACTION_NEXT_AT_MOVEMENT_GRANULARITY, ACTION_PREVIOUS_AT_MOVEMENT_GRANULARITY, ACTION_SET_SELECTION]]
05-22 17:01:01.327 I/QueryController( 8141): Matched selector: UiSelector[TEXT=Camera] <<==>> [android.view.accessibility.AccessibilityNodeInfo@3b655; boundsInParent: Rect(0, 0 - 148, 184); boundsInScreen: Rect(16, 572 - 164, 756); packageName: com.android.launcher; className: android.widget.TextView; text: Camera; contentDescription: null; viewIdResName: null; checkable: false; checked: false; focusable: true; focused: false; selected: false; clickable: true; longClickable: true; enabled: true; password: false; scrollable: false; [ACTION_FOCUS, ACTION_SELECT, ACTION_CLEAR_SELECTION, ACTION_CLICK, ACTION_LONG_CLICK, ACTION_ACCESSIBILITY_FOCUS, ACTION_NEXT_AT_MOVEMENT_GRANULARITY, ACTION_PREVIOUS_AT_MOVEMENT_GRANULARITY, ACTION_SET_SELECTION]]
05-22 17:01:01.327 D/InteractionController( 8141): clickAndWaitForNewWindow(90, 664)
05-22 17:01:01.445 W/Parcel  (  802): Attempt to read object from Parcel 0x5ed47dac at offset 200 that is not in the object list
05-22 17:01:01.445 I/ActivityManager(  375): START u0 {act=android.intent.action.MAIN cat=[android.intent.category.LAUNCHER] flg=0x10200000 cmp=com.google.android.gallery3d/com.android.camera.CameraLauncher} from pid 1150
05-22 17:01:01.554 D/dalvikvm(  375): GC_FOR_ALLOC freed 876K, 21% free 18132K/22848K, paused 72ms, total 73ms
05-22 17:01:01.624 D/dalvikvm(  375): GC_FOR_ALLOC freed 755K, 21% free 18126K/22848K, paused 58ms, total 58ms
05-22 17:01:01.726 V/StateManager( 8157): startState class com.android.gallery3d.app.FilmstripPage
05-22 17:01:01.741 V/CameraHolder( 8157): open camera 0
05-22 17:01:01.741 I/AwesomePlayer(  127): setDataSource_l(URL suppressed)
05-22 17:01:01.788 I/AwesomePlayer(  127): setDataSource_l(URL suppressed)
05-22 17:01:01.812 E/LightCycleHelper( 8157): Connection failed: ConnectionResult{statusCode=SERVICE_DISABLED, resolution=null}
05-22 17:01:01.820 D/CameraStorage( 8157): External storage state=mounted
05-22 17:01:01.843 I/CameraClient(  127): Opening camera 0
05-22 17:01:01.843 I/CameraHAL(  127): camera_device open
05-22 17:01:01.945 D/CAM_PhotoModule( 8157): Preview size changed.
05-22 17:01:01.945 I/CAM_ScreenNail( 8157): preview layout size: 720/1184
05-22 17:01:01.945 I/CAM_ScreenNail( 8157): aspect ratio clamping disabled
05-22 17:01:02.023 V/CAM_PhotoModule( 8157): Preview size is 960x720
05-22 17:01:02.031 V/CAM_PhotoModule( 8157): Preview size is 960x720
05-22 17:01:02.031 I/CAM_ScreenNail( 8157): aspect ratio clamping disabled
05-22 17:01:02.031 I/CAM_ScreenNail( 8157): aspect ratio clamping enabled, surfaceTexture scale: 0.8108108, 1.0
05-22 17:01:02.062 I/GLRootView( 8157): onSurfaceChanged: 720x1184, gl10: com.google.android.gles_jni.GLImpl@42950710
05-22 17:01:02.062 I/GLRootView( 8157): layout content pane 720x1184 (compensation 0)
05-22 17:01:02.062 D/PhotoView( 8157): compensation = 0, CameraRelativeFrame = Rect(0, 0 - 0, 0), mCameraRect = Rect(0, 0 - 0, 0)
05-22 17:01:02.116 D/dalvikvm( 8157): GC_FOR_ALLOC freed 1952K, 14% free 16918K/19576K, paused 41ms, total 42ms
05-22 17:01:02.116 I/dalvikvm-heap( 8157): Grow heap (frag case) to 17.630MB for 1127536-byte allocation
05-22 17:01:02.132 I/ActivityManager(  375): Displayed com.google.android.gallery3d/com.android.camera.CameraLauncher: +495ms
05-22 17:01:02.156 D/dalvikvm( 8157): GC_FOR_ALLOC freed 4815K, 37% free 13204K/20680K, paused 34ms, total 34ms
05-22 17:01:02.210 D/dalvikvm( 8157): GC_FOR_ALLOC freed 951K, 35% free 13562K/20680K, paused 30ms, total 30ms
05-22 17:01:02.249 D/dalvikvm( 8157): GC_FOR_ALLOC freed 2K, 29% free 14761K/20680K, paused 21ms, total 21ms
05-22 17:01:02.343 I/CAM_ScreenNail( 8157): preview layout size: 720/1184
05-22 17:01:02.343 I/CAM_ScreenNail( 8157): aspect ratio clamping enabled, surfaceTexture scale: 0.8108108, 1.0
05-22 17:01:02.476 V/CAM_PhotoModule( 8157): startPreview
05-22 17:01:02.523 D/dalvikvm( 8157): GC_CONCURRENT freed 68K, 20% free 16648K/20680K, paused 3ms+6ms, total 37ms
05-22 17:01:02.538 D/DOMX    (  127): ERROR: failed check:(eError == OMX_ErrorNone) || (eError == OMX_ErrorNoMore) - returning error: 0x80001005 - Error returned from OMX API in ducati
05-22 17:01:02.538 E/CameraHAL(  127): Error while configuring rotation 0x80001005
05-22 17:01:02.687 D/DOMX    (  127): ERROR: failed check:(eError == OMX_ErrorNone) || (eError == OMX_ErrorNoMore) - returning error: 0x80001005 - Error returned from OMX API in ducati
05-22 17:01:02.687 E/CameraHAL(  127): Error while configuring rotation 0x80001005
05-22 17:01:03.085 D/        (  127): PPM: Standby to first shot: Sensor Change completed -  :607.544 ms :  1400749263095 ms
05-22 17:01:03.109 D/        (  127): PPM: Focus finished in:  :1514104.528 ms :  1400749263120 ms
05-22 17:01:03.327 D/dalvikvm(  375): GC_FOR_ALLOC freed 800K, 21% free 18145K/22848K, paused 62ms, total 62ms
05-22 17:01:03.335 V/StateManager( 8157): no more state, finish activity
05-22 17:01:03.335 V/StateManager( 8157): finishState com.android.gallery3d.app.FilmstripPage@42386170
05-22 17:01:03.335 I/WindowManager(  375): Screenshot Window{42665e60 u0 com.google.android.gallery3d/com.android.camera.CameraLauncher} was all black! mSurfaceLayer=21020 minLayer=21020 maxLayer=21020
05-22 17:01:03.476 V/CAM_PhotoModule( 8157): stopPreview
05-22 17:01:03.476 E/CameraHAL(  127): Adapter state switch PREVIEW_ACTIVE Invalid Op! event = 0xf
05-22 17:01:03.616 I/CameraClient(  127): Destroying camera 0
05-22 17:01:03.663 W/AudioFlinger(  127): session id 358 not found for pid 127
05-22 17:01:03.663 W/AudioFlinger(  127): session id 359 not found for pid 127
05-22 17:01:04.281 V/StateManager( 8157): destroy
05-22 17:01:04.851 I/QueryController( 8141): Matched selector: UiSelector[DESCRIPTION=Apps, PACKAGE NAME=com.android.launcher] <<==>> [android.view.accessibility.AccessibilityNodeInfo@1ec5b; boundsInParent: Rect(524257, 0 - 524399, 104); boundsInScreen: Rect(0, 50 - 142, 154); packageName: com.android.launcher; className: android.widget.TextView; text: Apps; contentDescription: Apps; viewIdResName: null; checkable: false; checked: false; focusable: true; focused: false; selected: true; clickable: true; longClickable: false; enabled: true; password: false; scrollable: false; [ACTION_FOCUS, ACTION_SELECT, ACTION_CLEAR_SELECTION, ACTION_CLICK, ACTION_ACCESSIBILITY_FOCUS, ACTION_NEXT_AT_MOVEMENT_GRANULARITY, ACTION_PREVIOUS_AT_MOVEMENT_GRANULARITY, ACTION_SET_SELECTION]]
05-22 17:01:04.866 I/QueryController( 8141): Matched selector: UiSelector[DESCRIPTION=Apps, PACKAGE NAME=com.android.launcher] <<==>> [android.view.accessibility.AccessibilityNodeInfo@1ec5b; boundsInParent: Rect(524257, 0 - 524399, 104); boundsInScreen: Rect(0, 50 - 142, 154); packageName: com.android.launcher; className: android.widget.TextView; text: Apps; contentDescription: Apps; viewIdResName: null; checkable: false; checked: false; focusable: true; focused: false; selected: true; clickable: true; longClickable: false; enabled: true; password: false; scrollable: false; [ACTION_FOCUS, ACTION_SELECT, ACTION_CLEAR_SELECTION, ACTION_CLICK, ACTION_ACCESSIBILITY_FOCUS, ACTION_NEXT_AT_MOVEMENT_GRANULARITY, ACTION_PREVIOUS_AT_MOVEMENT_GRANULARITY, ACTION_SET_SELECTION]]
05-22 17:01:04.866 D/InteractionController( 8141): clickAndWaitForNewWindow(71, 102)
05-22 17:01:07.976 W/InteractionController( 8141): runAndwaitForEvent timedout waiting for events
05-22 17:01:07.999 I/QueryController( 8141): Matched selector: UiSelector[TEXT=Apps, CLASS=android.widget.TextView, PACKAGE NAME=com.android.launcher] <<==>> [android.view.accessibility.AccessibilityNodeInfo@1ec5b; boundsInParent: Rect(524257, 0 - 524399, 104); boundsInScreen: Rect(0, 50 - 142, 154); packageName: com.android.launcher; className: android.widget.TextView; text: Apps; contentDescription: Apps; viewIdResName: null; checkable: false; checked: false; focusable: true; focused: false; selected: true; clickable: true; longClickable: false; enabled: true; password: false; scrollable: false; [ACTION_FOCUS, ACTION_SELECT, ACTION_CLEAR_SELECTION, ACTION_CLICK, ACTION_ACCESSIBILITY_FOCUS, ACTION_NEXT_AT_MOVEMENT_GRANULARITY, ACTION_PREVIOUS_AT_MOVEMENT_GRANULARITY, ACTION_SET_SELECTION]]
05-22 17:01:08.015 I/QueryController( 8141): Matched selector: UiSelector[TEXT=Apps, CLASS=android.widget.TextView, PACKAGE NAME=com.android.launcher] <<==>> [android.view.accessibility.AccessibilityNodeInfo@1ec5b; boundsInParent: Rect(524257, 0 - 524399, 104); boundsInScreen: Rect(0, 50 - 142, 154); packageName: com.android.launcher; className: android.widget.TextView; text: Apps; contentDescription: Apps; viewIdResName: null; checkable: false; checked: false; focusable: true; focused: false; selected: true; clickable: true; longClickable: false; enabled: true; password: false; scrollable: false; [ACTION_FOCUS, ACTION_SELECT, ACTION_CLEAR_SELECTION, ACTION_CLICK, ACTION_ACCESSIBILITY_FOCUS, ACTION_NEXT_AT_MOVEMENT_GRANULARITY, ACTION_PREVIOUS_AT_MOVEMENT_GRANULARITY, ACTION_SET_SELECTION]]
05-22 17:01:08.015 D/UiObject( 8141): getText() = Apps
05-22 17:01:08.031 I/QueryController( 8141): Matched selector: UiSelector[TEXT=Apps, CLASS=android.widget.TextView, PACKAGE NAME=com.android.launcher] <<==>> [android.view.accessibility.AccessibilityNodeInfo@1ec5b; boundsInParent: Rect(524257, 0 - 524399, 104); boundsInScreen: Rect(0, 50 - 142, 154); packageName: com.android.launcher; className: android.widget.TextView; text: Apps; contentDescription: Apps; viewIdResName: null; checkable: false; checked: false; focusable: true; focused: false; selected: true; clickable: true; longClickable: false; enabled: true; password: false; scrollable: false; [ACTION_FOCUS, ACTION_SELECT, ACTION_CLEAR_SELECTION, ACTION_CLICK, ACTION_ACCESSIBILITY_FOCUS, ACTION_NEXT_AT_MOVEMENT_GRANULARITY, ACTION_PREVIOUS_AT_MOVEMENT_GRANULARITY, ACTION_SET_SELECTION]]
05-22 17:01:08.054 I/QueryController( 8141): Matched selector: UiSelector[TEXT=Apps, CLASS=android.widget.TextView, PACKAGE NAME=com.android.launcher] <<==>> [android.view.accessibility.AccessibilityNodeInfo@1ec5b; boundsInParent: Rect(524257, 0 - 524399, 104); boundsInScreen: Rect(0, 50 - 142, 154); packageName: com.android.launcher; className: android.widget.TextView; text: Apps; contentDescription: Apps; viewIdResName: null; checkable: false; checked: false; focusable: true; focused: false; selected: true; clickable: true; longClickable: false; enabled: true; password: false; scrollable: false; [ACTION_FOCUS, ACTION_SELECT, ACTION_CLEAR_SELECTION, ACTION_CLICK, ACTION_ACCESSIBILITY_FOCUS, ACTION_NEXT_AT_MOVEMENT_GRANULARITY, ACTION_PREVIOUS_AT_MOVEMENT_GRANULARITY, ACTION_SET_SELECTION]]
05-22 17:01:08.054 D/InteractionController( 8141): clickAndWaitForNewWindow(71, 102)
05-22 17:01:11.156 W/InteractionController( 8141): runAndwaitForEvent timedout waiting for events
05-22 17:01:11.171 I/QueryController( 8141): Matched selector: UiSelector[PACKAGE NAME=com.android.launcher] <<==>> [android.view.accessibility.AccessibilityNodeInfo@74f7; boundsInParent: Rect(0, 0 - 720, 1184); boundsInScreen: Rect(0, 0 - 720, 1184); packageName: com.android.launcher; className: android.widget.FrameLayout; text: null; contentDescription: null; viewIdResName: null; checkable: false; checked: false; focusable: false; focused: false; selected: false; clickable: false; longClickable: false; enabled: true; password: false; scrollable: false; [ACTION_SELECT, ACTION_CLEAR_SELECTION, ACTION_ACCESSIBILITY_FOCUS]]
05-22 17:01:11.218 D/dalvikvm( 8141): GC_FOR_ALLOC freed 7585K, 93% free 605K/8192K, paused 29ms, total 29ms
05-22 17:01:11.218 I/QueryController( 8141): Matched selector: UiSelector[TEXT=Camera] <<==>> [android.view.accessibility.AccessibilityNodeInfo@3b655; boundsInParent: Rect(0, 0 - 148, 184); boundsInScreen: Rect(16, 572 - 164, 756); packageName: com.android.launcher; className: android.widget.TextView; text: Camera; contentDescription: null; viewIdResName: null; checkable: false; checked: false; focusable: true; focused: false; selected: false; clickable: true; longClickable: true; enabled: true; password: false; scrollable: false; [ACTION_FOCUS, ACTION_SELECT, ACTION_CLEAR_SELECTION, ACTION_CLICK, ACTION_LONG_CLICK, ACTION_ACCESSIBILITY_FOCUS, ACTION_NEXT_AT_MOVEMENT_GRANULARITY, ACTION_PREVIOUS_AT_MOVEMENT_GRANULARITY, ACTION_SET_SELECTION]]
05-22 17:01:11.241 I/QueryController( 8141): Matched selector: UiSelector[TEXT=Camera] <<==>> [android.view.accessibility.AccessibilityNodeInfo@3b655; boundsInParent: Rect(0, 0 - 148, 184); boundsInScreen: Rect(16, 572 - 164, 756); packageName: com.android.launcher; className: android.widget.TextView; text: Camera; contentDescription: null; viewIdResName: null; checkable: false; checked: false; focusable: true; focused: false; selected: false; clickable: true; longClickable: true; enabled: true; password: false; scrollable: false; [ACTION_FOCUS, ACTION_SELECT, ACTION_CLEAR_SELECTION, ACTION_CLICK, ACTION_LONG_CLICK, ACTION_ACCESSIBILITY_FOCUS, ACTION_NEXT_AT_MOVEMENT_GRANULARITY, ACTION_PREVIOUS_AT_MOVEMENT_GRANULARITY, ACTION_SET_SELECTION]]
05-22 17:01:11.241 D/InteractionController( 8141): clickAndWaitForNewWindow(90, 664)
05-22 17:01:11.366 W/Parcel  (  802): Attempt to read object from Parcel 0x5ed47dac at offset 200 that is not in the object list
05-22 17:01:11.366 I/ActivityManager(  375): START u0 {act=android.intent.action.MAIN cat=[android.intent.category.LAUNCHER] flg=0x10200000 cmp=com.google.android.gallery3d/com.android.camera.CameraLauncher} from pid 1150
05-22 17:01:11.468 D/dalvikvm(  375): GC_FOR_ALLOC freed 833K, 21% free 18132K/22848K, paused 57ms, total 58ms
05-22 17:01:11.538 D/dalvikvm(  375): GC_FOR_ALLOC freed 754K, 21% free 18127K/22848K, paused 58ms, total 58ms
05-22 17:01:11.624 V/StateManager( 8157): startState class com.android.gallery3d.app.FilmstripPage
05-22 17:01:11.632 V/CameraHolder( 8157): open camera 0
05-22 17:01:11.632 I/AwesomePlayer(  127): setDataSource_l(URL suppressed)
05-22 17:01:11.695 I/AwesomePlayer(  127): setDataSource_l(URL suppressed)
05-22 17:01:11.726 E/LightCycleHelper( 8157): Connection failed: ConnectionResult{statusCode=SERVICE_DISABLED, resolution=null}
05-22 17:01:11.734 D/CameraStorage( 8157): External storage state=mounted
05-22 17:01:11.749 I/CameraClient(  127): Opening camera 0
05-22 17:01:11.749 I/CameraHAL(  127): camera_device open
05-22 17:01:11.851 D/CAM_PhotoModule( 8157): Preview size changed.
05-22 17:01:11.851 I/CAM_ScreenNail( 8157): preview layout size: 720/1184
05-22 17:01:11.851 I/CAM_ScreenNail( 8157): aspect ratio clamping disabled
05-22 17:01:11.937 I/GLRootView( 8157): onSurfaceChanged: 720x1184, gl10: com.google.android.gles_jni.GLImpl@4294a0b8
05-22 17:01:11.945 I/GLRootView( 8157): layout content pane 720x1184 (compensation 0)
05-22 17:01:11.945 D/PhotoView( 8157): compensation = 0, CameraRelativeFrame = Rect(0, 0 - 0, 0), mCameraRect = Rect(0, 0 - 0, 0)
05-22 17:01:11.999 D/dalvikvm( 8157): GC_FOR_ALLOC freed 1775K, 15% free 16893K/19648K, paused 42ms, total 45ms
05-22 17:01:12.007 I/ActivityManager(  375): Displayed com.google.android.gallery3d/com.android.camera.CameraLauncher: +448ms
05-22 17:01:12.023 V/CAM_PhotoModule( 8157): Preview size is 960x720
05-22 17:01:12.054 D/dalvikvm( 8157): GC_FOR_ALLOC freed 5894K, 38% free 12372K/19648K, paused 25ms, total 25ms
05-22 17:01:12.093 D/dalvikvm( 8157): GC_CONCURRENT freed 8K, 32% free 13466K/19648K, paused 10ms+2ms, total 36ms
05-22 17:01:12.093 D/dalvikvm( 8157): WAIT_FOR_CONCURRENT_GC blocked 20ms
05-22 17:01:12.132 D/dalvikvm( 8157): GC_FOR_ALLOC freed 1K, 25% free 14762K/19648K, paused 20ms, total 20ms
05-22 17:01:12.148 V/CAM_PhotoModule( 8157): Preview size is 960x720
05-22 17:01:12.148 I/CAM_ScreenNail( 8157): aspect ratio clamping disabled
05-22 17:01:12.148 I/CAM_ScreenNail( 8157): aspect ratio clamping enabled, surfaceTexture scale: 0.8108108, 1.0
05-22 17:01:12.179 I/GLRootView( 8157): layout content pane 720x1184 (compensation 0)
05-22 17:01:12.179 D/PhotoView( 8157): compensation = 0, CameraRelativeFrame = Rect(0, 0 - 0, 0), mCameraRect = Rect(0, 0 - 0, 0)
05-22 17:01:12.210 I/CAM_ScreenNail( 8157): preview layout size: 720/1184
05-22 17:01:12.210 I/CAM_ScreenNail( 8157): aspect ratio clamping enabled, surfaceTexture scale: 0.8108108, 1.0
05-22 17:01:12.320 V/CAM_PhotoModule( 8157): startPreview
05-22 17:01:12.351 D/dalvikvm( 8157): GC_FOR_ALLOC freed 138K, 17% free 16448K/19648K, paused 22ms, total 23ms
05-22 17:01:12.968 D/        (  127): PPM: Standby to first shot: Sensor Change completed -  :644.104 ms :  1400749272976 ms
05-22 17:01:12.991 D/        (  127): PPM: Focus finished in:  :1523985.632 ms :  1400749273001 ms
05-22 17:01:13.023 D/dalvikvm( 8141): GC_CONCURRENT freed 406K, 93% free 588K/8192K, paused 1ms+1ms, total 10ms
05-22 17:01:13.202 D/dalvikvm(  375): GC_FOR_ALLOC freed 799K, 21% free 18145K/22848K, paused 69ms, total 69ms
05-22 17:01:13.210 V/StateManager( 8157): no more state, finish activity
05-22 17:01:13.210 V/StateManager( 8157): finishState com.android.gallery3d.app.FilmstripPage@429572e0
05-22 17:01:13.210 I/WindowManager(  375): Screenshot Window{42642ca0 u0 com.google.android.gallery3d/com.android.camera.CameraLauncher} was all black! mSurfaceLayer=21020 minLayer=21020 maxLayer=21020
05-22 17:01:13.359 V/CAM_PhotoModule( 8157): stopPreview
05-22 17:01:13.359 E/CameraHAL(  127): Adapter state switch PREVIEW_ACTIVE Invalid Op! event = 0xf
05-22 17:01:13.499 I/CameraClient(  127): Destroying camera 0
05-22 17:01:13.554 W/AudioFlinger(  127): session id 363 not found for pid 127
05-22 17:01:13.554 W/AudioFlinger(  127): session id 364 not found for pid 127
05-22 17:01:14.234 V/StateManager( 8157): destroy
05-22 17:01:14.773 I/QueryController( 8141): Matched selector: UiSelector[DESCRIPTION=Apps, PACKAGE NAME=com.android.launcher] <<==>> [android.view.accessibility.AccessibilityNodeInfo@1ec5b; boundsInParent: Rect(524257, 0 - 524399, 104); boundsInScreen: Rect(0, 50 - 142, 154); packageName: com.android.launcher; className: android.widget.TextView; text: Apps; contentDescription: Apps; viewIdResName: null; checkable: false; checked: false; focusable: true; focused: false; selected: true; clickable: true; longClickable: false; enabled: true; password: false; scrollable: false; [ACTION_FOCUS, ACTION_SELECT, ACTION_CLEAR_SELECTION, ACTION_CLICK, ACTION_ACCESSIBILITY_FOCUS, ACTION_NEXT