05-22 16:53:03.507 D/ActivityThread( 7389): Loading provider com.pekall.semail.provider;com.pekall.semail.notifier: com.pekall.semail.provider.EmailProvider
05-22 16:53:05.398 W/ActivityManager(  375): Unable to start service Intent { cmp=com.pekall.emdm.launcher/com.pekall.semail.service.AttachmentDownloadService } U=0: not found
05-22 16:53:13.945 I/PowerManagerService(  375): Waking up from sleep...
05-22 16:53:14.077 I/WindowManager(  375): Lock screen displayed!
05-22 16:53:15.601 D/PhoneStatusBar(  450): disable: < expand icons alerts ticker system_info BACK HOME recent* CLOCK search* >
05-22 16:53:15.679 D/PhoneStatusBar(  450): disable: < expand icons alerts ticker system_info back* home* recent clock* search >
05-22 16:53:17.695 I/ActivityManager(  375): START u0 {act=com.pekall.emdm.launcher.action.launcheraction flg=0x10000000 cmp=com.pekall.emdm.launcher/.CustomShirtcutActivity bnds=[293,1070][426,1174] (has extras)} from pid 7213
05-22 16:53:18.577 W/ActivityManager(  375): Activity pause timeout for ActivityRecord{426d4598 u0 com.pekall.emdm.launcher/.CustomShirtcutActivity}
05-22 16:53:18.593 W/InputMethodManagerService(  375): Window already focused, ignoring focus gain of: com.android.internal.view.IInputMethodClient$Stub$Proxy@42c52740 attribute=null, token = android.os.BinderProxy@42533fa0
05-22 16:53:20.624 I/ActivityManager(  375): START u0 {flg=0x10000000 cmp=com.pekall.emdm.launcher/com.pekall.emdm.messagecenter.activity.MessageMainActivity} from pid 7213
05-22 16:53:23.124 W/ActivityManager(  375): Timeout executing service: ServiceRecord{426d6610 u0 com.pekall.emdm.launcher/com.baidu.location.f}
05-22 16:53:26.054 E/ActivityManager(  375): ANR in com.pekall.emdm.launcher:remote
05-22 16:53:26.054 E/ActivityManager(  375): Reason: Executing service com.pekall.emdm.launcher/com.baidu.location.f
05-22 16:53:26.054 E/ActivityManager(  375): Load: 2.74 / 1.84 / 1.47
05-22 16:53:26.054 E/ActivityManager(  375): CPU usage from 7045ms to 656ms ago:
05-22 16:53:26.054 E/ActivityManager(  375):   96% 7213/com.pekall.emdm.launcher: 91% user + 5.4% kernel / faults: 11269 minor 2 major
05-22 16:53:26.054 E/ActivityManager(  375):   80% 7389/com.pekall.emdm.launcher:remote: 80% user + 0% kernel / faults: 1 minor
05-22 16:53:26.054 E/ActivityManager(  375):   7% 375/system_server: 4.6% user + 2.3% kernel / faults: 751 minor
05-22 16:53:26.054 E/ActivityManager(  375):   2.5% 124/surfaceflinger: 1.4% user + 1% kernel / faults: 3005 minor
05-22 16:53:26.054 E/ActivityManager(  375):   0.2% 127/mediaserver: 0.1% user + 0% kernel / faults: 3 minor
05-22 16:53:26.054 E/ActivityManager(  375):   2.3% 7423/uiautomator: 1.5% user + 0.7% kernel / faults: 923 minor
05-22 16:53:26.054 E/ActivityManager(  375):   2% 802/com.qihoo360.mobilesafe:GuardService: 1.7% user + 0.3% kernel / faults: 283 minor
05-22 16:53:26.054 E/ActivityManager(  375):   1.2% 450/com.android.systemui: 1% user + 0.1% kernel / faults: 32 minor
05-22 16:53:26.054 E/ActivityManager(  375):   1% 6184/com.dragon.android.pandaspace: 0.9% user + 0.1% kernel / faults: 569 minor
05-22 16:53:26.054 E/ActivityManager(  375):   0.6% 134/adbd: 0.1% user + 0.4% kernel
05-22 16:53:26.054 E/ActivityManager(  375):   0.4% 5318/kworker/0:0: 0% user + 0.4% kernel
05-22 16:53:26.054 E/ActivityManager(  375):   0% 6340/kworker/u:4: 0% user + 0% kernel
05-22 16:53:26.054 E/ActivityManager(  375):   0.3% 6913/kworker/u:1: 0% user + 0.3% kernel
05-22 16:53:26.054 E/ActivityManager(  375):   0.3% 6916/com.qihoo.appstore: 0.3% user + 0% kernel / faults: 2 minor
05-22 16:53:26.054 E/ActivityManager(  375):   0.3% 6939/kworker/u:3: 0% user + 0.3% kernel
05-22 16:53:26.054 E/ActivityManager(  375):   0% 24/kswapd0: 0% user + 0% kernel
05-22 16:53:26.054 E/ActivityManager(  375):   0% 114/jbd2/mmcblk0p12: 0% user + 0% kernel
05-22 16:53:26.054 E/ActivityManager(  375):   0% 116/servicemanager: 0% user + 0% kernel
05-22 16:53:26.054 E/ActivityManager(  375):   0% 121/netd: 0% user + 0% kernel
05-22 16:53:26.054 E/ActivityManager(  375):   0% 441/wpa_supplicant: 0% user + 0% kernel
05-22 16:53:26.054 E/ActivityManager(  375):   0% 527/com.google.android.inputmethod.latin: 0% user + 0% kernel / faults: 28 minor
05-22 16:53:26.054 E/ActivityManager(  375):   0% 587/com.android.nfc: 0% user + 0% kernel / faults: 16 minor
05-22 16:53:26.054 E/ActivityManager(  375):   0% 5537/kworker/1:1: 0% user + 0% kernel
05-22 16:53:26.054 E/ActivityManager(  375):   0% 5626/com.tencent.android.qqdownloader: 0% user + 0% kernel / faults: 25 minor
05-22 16:53:26.054 E/ActivityManager(  375):   0.1% 7386/logcat: 0.1% user + 0% kernel
05-22 16:53:26.054 E/ActivityManager(  375):  +0% 7446/kworker/1:2: 0% user + 0% kernel
05-22 16:53:26.054 E/ActivityManager(  375): 100% TOTAL: 93% user + 6.8% kernel
05-22 16:53:26.054 E/ActivityManager(  375): CPU usage from 2069ms to 2608ms later with 99% awake:
05-22 16:53:26.054 E/ActivityManager(  375):   96% 7389/com.pekall.emdm.launcher:remote: 96% user + 0% kernel
05-22 16:53:26.054 E/ActivityManager(  375):     98% 7402/Thread-369: 98% user + 0% kernel
05-22 16:53:26.054 E/ActivityManager(  375):   96% 7213/com.pekall.emdm.launcher: 96% user + 0% kernel
05-22 16:53:26.054 E/ActivityManager(  375):     94% 7226/Thread-360: 94% user + 0% kernel
05-22 16:53:26.054 E/ActivityManager(  375):   5.6% 375/system_server: 1.8% user + 3.7% kernel / faults: 2 minor
05-22 16:53:26.054 E/ActivityManager(  375):     5.6% 391/ActivityManager: 1.8% user + 3.7% kernel
05-22 16:53:26.054 E/ActivityManager(  375):   1.2% 802/com.qihoo360.mobilesafe:GuardService: 1.2% user + 0% kernel / faults: 2 minor
05-22 16:53:26.054 E/ActivityManager(  375): 100% TOTAL: 97% user + 2.7% kernel
05-22 16:53:26.054 W/ActivityManager(  375): Killing ProcessRecord{42c57978 7389:com.pekall.emdm.launcher:remote/u0a10066}: background ANR
05-22 16:53:26.148 I/ActivityManager(  375): Process com.pekall.emdm.launcher:remote (pid 7389) has died.
05-22 16:53:26.148 W/ActivityManager(  375): Scheduling restart of crashed service com.pekall.emdm.launcher/com.baidu.location.f in 20000ms
05-22 16:53:42.374 I/ActivityManager(  375): Start proc com.pekall.emdm.launcher:remote for service com.pekall.emdm.launcher/com.baidu.location.f: pid=7461 uid=10066 gids={50066, 1015, 3002, 3001, 3003, 1028}
05-22 16:53:42.593 D/ActivityThread( 7461): Loading provider com.pekall.semail.provider;com.pekall.semail.notifier: com.pekall.semail.provider.EmailProvider
05-22 16:53:42.656 D/ActivityThread( 7461): Loading provider com.pekall.semail.provider;com.pekall.semail.notifier: com.pekall.semail.provider.EmailProvider
05-22 16:53:45.734 W/ActivityManager(  375): Unable to start service Intent { cmp=com.pekall.emdm.launcher/com.pekall.semail.service.AttachmentDownloadService } U=0: not found
05-22 16:53:50.859 W/MountService(  375): getVolumeState(/storage/emulated/0/external_sd): Unknown volume
05-22 16:53:50.859 W/MountService(  375): getVolumeState(/mnt/sdcard-ext): Unknown volume
05-22 16:53:50.866 W/MountService(  375): getVolumeState(/mnt/ext_sdcard): Unknown volume
05-22 16:53:50.866 W/MountService(  375): getVolumeState(/mnt/sdcard2): Unknown volume
05-22 16:53:50.866 W/MountService(  375): getVolumeState(/mnt/emmc): Unknown volume
05-22 16:53:50.866 W/MountService(  375): getVolumeState(/mnt/extSdCard): Unknown volume
05-22 16:53:50.866 W/MountService(  375): getVolumeState(/mnt/sdcard/SD_CARD): Unknown volume
05-22 16:53:50.866 W/MountService(  375): getVolumeState(/mnt/sdcard/extra_sd): Unknown volume
05-22 16:53:50.866 W/MountService(  375): getVolumeState(/mnt/extrasd_bind): Unknown volume
05-22 16:53:50.866 W/MountService(  375): getVolumeState(/mnt/sdcard/ext_sd): Unknown volume
05-22 16:53:50.866 W/MountService(  375): getVolumeState(/storage/extSdCard): Unknown volume
05-22 16:53:50.866 W/MountService(  375): getVolumeState(/storage/sdcard1): Unknown volume
05-22 16:53:50.866 W/MountService(  375): getVolumeState(/mnt/sdcard/external_SD): Unknown volume
05-22 16:53:50.866 W/MountService(  375): getVolumeState(/mnt/sdcard/external_sd): Unknown volume
05-22 16:53:51.851 I/PowerManagerService(  375): Going to sleep due to screen timeout...
05-22 16:53:55.257 W/MountService(  375): getVolumeState(/storage/emulated/0/external_sd): Unknown volume
05-22 16:53:55.281 W/MountService(  375): getVolumeState(/mnt/sdcard-ext): Unknown volume
05-22 16:53:55.320 W/MountService(  375): getVolumeState(/mnt/ext_sdcard): Unknown volume
05-22 16:53:55.320 W/MountService(  375): getVolumeState(/mnt/sdcard2): Unknown volume
05-22 16:53:55.320 W/MountService(  375): getVolumeState(/mnt/emmc): Unknown volume
05-22 16:53:55.320 W/MountService(  375): getVolumeState(/mnt/extSdCard): Unknown volume
05-22 16:53:55.366 W/MountService(  375): getVolumeState(/mnt/sdcard/SD_CARD): Unknown volume
05-22 16:53:55.390 W/MountService(  375): getVolumeState(/mnt/sdcard/extra_sd): Unknown volume
05-22 16:53:55.390 W/MountService(  375): getVolumeState(/mnt/extrasd_bind): Unknown volume
05-22 16:53:55.390 W/MountService(  375): getVolumeState(/mnt/sdcard/ext_sd): Unknown volume
05-22 16:53:55.390 W/MountService(  375): getVolumeState(/storage/extSdCard): Unknown volume
05-22 16:53:55.413 W/MountService(  375): getVolumeState(/storage/sdcard1): Unknown volume
05-22 16:53:55.413 W/MountService(  375): getVolumeState(/mnt/sdcard/external_SD): Unknown volume
05-22 16:53:55.413 W/MountService(  375): getVolumeState(/mnt/sdcard/external_sd): Unknown volume
05-22 16:53:57.679 D/PhoneStatusBar(  450): disable: < expand icons alerts ticker system_info back home RECENT* clock SEARCH* >
05-22 16:53:57.835 D/PhoneStatusBar(  450): disable: < expand icons alerts ticker system_info BACK* HOME* RECENT CLOCK* SEARCH >
05-22 16:54:02.421 W/ActivityManager(  375): Timeout executing service: ServiceRecord{426d6610 u0 com.pekall.emdm.launcher/com.baidu.location.f}
05-22 16:54:06.046 E/ActivityManager(  375): ANR in com.pekall.emdm.launcher:remote
05-22 16:54:06.046 E/ActivityManager(  375): Reason: Executing service com.pekall.emdm.launcher/com.baidu.location.f
05-22 16:54:06.046 E/ActivityManager(  375): Load: 3.36 / 2.1 / 1.58
05-22 16:54:06.046 E/ActivityManager(  375): CPU usage from 9770ms to 0ms ago with 99% awake:
05-22 16:54:06.046 E/ActivityManager(  375):   95% 7461/com.pekall.emdm.launcher:remote: 95% user + 0% kernel / faults: 1 minor
05-22 16:54:06.046 E/ActivityManager(  375):   93% 7213/com.pekall.emdm.launcher: 93% user + 0% kernel / faults: 188 minor
05-22 16:54:06.046 E/ActivityManager(  375):   5.7% 375/system_server: 4.1% user + 1.5% kernel / faults: 714 minor 1 major
05-22 16:54:06.046 E/ActivityManager(  375):   1.3% 1693/com.qihoo.daemon: 0.9% user + 0.4% kernel / faults: 244 minor
05-22 16:54:06.046 E/ActivityManager(  375):   0.7% 124/surfaceflinger: 0.3% user + 0.4% kernel / faults: 1702 minor
05-22 16:54:06.046 E/ActivityManager(  375):   0.5% 802/com.qihoo360.mobilesafe:GuardService: 0.2% user + 0.3% kernel / faults: 6 minor
05-22 16:54:06.046 E/ActivityManager(  375):   0.3% 450/com.android.systemui: 0.3% user + 0% kernel / faults: 108 minor
05-22 16:54:06.046 E/ActivityManager(  375):   0% 6423/android.process.media: 0% user + 0% kernel / faults: 21 minor
05-22 16:54:06.046 E/ActivityManager(  375):   0.2% 81/mmcqd/0: 0% user + 0.2% kernel
05-22 16:54:06.046 E/ActivityManager(  375):   0.2% 6916/com.qihoo.appstore: 0.1% user + 0.1% kernel / faults: 2 minor
05-22 16:54:06.046 E/ActivityManager(  375):   0% 114/jbd2/mmcblk0p12: 0% user + 0% kernel
05-22 16:54:06.046 E/ActivityManager(  375):   0% 133/sdcard: 0% user + 0% kernel
05-22 16:54:06.046 E/ActivityManager(  375):   0.1% 134/adbd: 0% user + 0.1% kernel
05-22 16:54:06.046 E/ActivityManager(  375):   0% 441/wpa_supplicant: 0% user + 0% kernel
05-22 16:54:06.046 E/ActivityManager(  375):   0% 587/com.android.nfc: 0% user + 0% kernel / faults: 6 minor
05-22 16:54:06.046 E/ActivityManager(  375):   0% 1150/com.android.launcher: 0% user + 0% kernel / faults: 3 minor
05-22 16:54:06.046 E/ActivityManager(  375):   0.1% 5318/kworker/0:0: 0% user + 0.1% kernel
05-22 16:54:06.046 E/ActivityManager(  375):   0% 6184/com.dragon.android.pandaspace: 0% user + 0% kernel / faults: 104 minor
05-22 16:54:06.046 E/ActivityManager(  375):   0% 6485/com.dragon.android.pandaspace:bdservice_v1: 0% user + 0% kernel / faults: 31 minor
05-22 16:54:06.046 E/ActivityManager(  375):   0.1% 7489/logcat: 0% user + 0.1% kernel
05-22 16:54:06.046 E/ActivityManager(  375): 100% TOTAL: 98% user + 1.4% kernel
05-22 16:54:06.046 E/ActivityManager(  375): CPU usage from 2831ms to 3366ms later:
05-22 16:54:06.046 E/ActivityManager(  375):   100% 7461/com.pekall.emdm.launcher:remote: 100% user + 0% kernel
05-22 16:54:06.046 E/ActivityManager(  375):     100% 7474/Thread-372: 100% user + 0% kernel
05-22 16:54:06.046 E/ActivityManager(  375):   92% 7213/com.pekall.emdm.launcher: 92% user + 0% kernel
05-22 16:54:06.046 E/ActivityManager(  375):     92% 7226/Thread-360: 92% user + 0% kernel
05-22 16:54:06.046 E/ActivityManager(  375):   5.6% 375/system_server: 0% user + 5.6% kernel
05-22 16:54:06.046 E/ActivityManager(  375):     7.5% 391/ActivityManager: 0% user + 7.5% kernel
05-22 16:54:06.046 E/ActivityManager(  375): 100% TOTAL: 97% user + 2.8% kernel
05-22 16:54:06.054 W/ActivityManager(  375): Killing ProcessRecord{42903420 7461:com.pekall.emdm.launcher:remote/u0a10066}: background ANR
05-22 16:54:06.054 W/BroadcastQueue(  375): Timeout of broadcast BroadcastRecord{4292d7e8 u-1 android.intent.action.SCREEN_OFF} - receiver=android.os.BinderProxy@4276a2b8, started 12803ms ago
05-22 16:54:06.054 W/BroadcastQueue(  375): Receiver during timeout: BroadcastFilter{426282d8 u0 ReceiverList{4262dd38 7461 com.pekall.emdm.launcher:remote/10066/u0 remote:4276a2b8}}
05-22 16:54:06.273 I/ActivityManager(  375): Process com.pekall.emdm.launcher:remote (pid 7461) has died.
05-22 16:54:06.273 W/ActivityManager(  375): Scheduling restart of crashed service com.pekall.emdm.launcher/com.baidu.location.f in 5000ms
05-22 16:54:07.390 I/PowerManagerService(  375): Waking up from sleep...
05-22 16:54:07.523 I/WindowManager(  375): Lock screen displayed!
05-22 16:54:08.835 E/ActivityManager(  375): ANR in com.pekall.emdm.launcher:remote
05-22 16:54:08.835 E/ActivityManager(  375): Reason: Broadcast of Intent { act=android.intent.action.SCREEN_OFF flg=0x50000010 }
05-22 16:54:08.835 E/ActivityManager(  375): Load: 3.36 / 2.1 / 1.58
05-22 16:54:08.835 E/ActivityManager(  375): CPU usage from 3848ms to -2532ms ago:
05-22 16:54:08.835 E/ActivityManager(  375):   71% 7213/com.pekall.emdm.launcher: 71% user + 0.1% kernel / faults: 302 minor
05-22 16:54:08.835 E/ActivityManager(  375):   53% 375/system_server: 44% user + 8.9% kernel / faults: 1991 minor 1 major
05-22 16:54:08.835 E/ActivityManager(  375):   3.1% 450/com.android.systemui: 2.6% user + 0.4% kernel / faults: 41 minor
05-22 16:54:08.835 E/ActivityManager(  375):   1.5% 124/surfaceflinger: 0.6% user + 0.9% kernel / faults: 851 minor
05-22 16:54:08.835 E/ActivityManager(  375):   0.1% 580/com.android.phone: 0.1% user + 0% kernel / faults: 52 minor
05-22 16:54:08.835 E/ActivityManager(  375):   0.9% 587/com.android.nfc: 0.6% user + 0.3% kernel / faults: 53 minor
05-22 16:54:08.835 E/ActivityManager(  375):   0.4% 134/adbd: 0% user + 0.4% kernel / faults: 16 minor
05-22 16:54:08.835 E/ActivityManager(  375):   0.1% 6913/kworker/u:1: 0% user + 0.1% kernel
05-22 16:54:08.835 E/ActivityManager(  375):   0% 117/vold: 0% user + 0% kernel
05-22 16:54:08.835 E/ActivityManager(  375):   0% 121/netd: 0% user + 0% kernel
05-22 16:54:08.835 E/ActivityManager(  375):   0% 1366/com.google.android.deskclock: 0% user + 0% kernel / faults: 14 minor
05-22 16:54:08.835 E/ActivityManager(  375):   0.1% 5318/kworker/0:0: 0% user + 0.1% kernel
05-22 16:54:08.835 E/ActivityManager(  375):   0% 6340/kworker/u:4: 0% user + 0% kernel
05-22 16:54:08.835 E/ActivityManager(  375):   0% 6512/com.google.android.apps.maps:GoogleLocationService: 0% user + 0% kernel / faults: 9 minor
05-22 16:54:08.835 E/ActivityManager(  375):   0.1% 6916/com.qihoo.appstore: 0.1% user + 0% kernel / faults: 1 minor
05-22 16:54:08.835 E/ActivityManager(  375):   0% 6939/kworker/u:3: 0% user + 0% kernel
05-22 16:54:08.835 E/ActivityManager(  375):   0.1% 7489/logcat: 0.1% user + 0% kernel
05-22 16:54:08.835 E/ActivityManager(  375):  +0% 7499/sh: 0% user + 0% kernel
05-22 16:54:08.835 E/ActivityManager(  375):  +0% 7501/uiautomator: 0% user + 0% kernel
05-22 16:54:08.835 E/ActivityManager(  375): 96% TOTAL: 88% user + 7.8% kernel
05-22 16:54:08.835 E/ActivityManager(  375): CPU usage from 1735ms to 2296ms later:
05-22 16:54:08.835 E/ActivityManager(  375):   87% 7213/com.pekall.emdm.launcher: 87% user + 0% kernel
05-22 16:54:08.835 E/ActivityManager(  375):     88% 7226/Thread-360: 88% user + 0% kernel
05-22 16:54:08.835 E/ActivityManager(  375):   74% 375/system_server: 63% user + 10% kernel / faults: 235 minor
05-22 16:54:08.835 E/ActivityManager(  375):     67% 389/UI: 63% user + 3.6% kernel
05-22 16:54:08.835 E/ActivityManager(  375):     5.4% 391/ActivityManager: 0% user + 5.4% kernel
05-22 16:54:08.835 E/ActivityManager(  375):     3.6% 381/Compiler: 0% user + 3.6% kernel
05-22 16:54:08.835 E/ActivityManager(  375):   9.2% 7501/uiautomator: 3.7% user + 5.5% kernel / faults: 282 minor
05-22 16:54:08.835 E/ActivityManager(  375):     3.7% 7508/Compiler: 0% user + 3.7% kernel
05-22 16:54:08.835 E/ActivityManager(  375):     1.8% 7501/uiautomator: 1.8% user + 0% kernel
05-22 16:54:08.835 E/ActivityManager(  375):   3.6% 124/surfaceflinger: 1.8% user + 1.8% kernel
05-22 16:54:08.835 E/ActivityManager(  375):     1.8% 145/SurfaceFlinger: 1.8% user + 0% kernel
05-22 16:54:08.835 E/ActivityManager(  375):     1.8% 166/EventThread: 1.8% user + 0% kernel
05-22 16:54:08.835 E/ActivityManager(  375):   1% 117/vold: 0% user + 1% kernel
05-22 16:54:08.835 E/ActivityManager(  375):   1.3% 6913/kworker/u:1: 0% user + 1.3% kernel
05-22 16:54:08.835 E/ActivityManager(  375): 90% TOTAL: 78% user + 11% kernel
05-22 16:54:08.835 W/ActivityManager(  375): Killing ProcessRecord{42903420 0:com.pekall.emdm.launcher:remote/u0a10066}: background ANR
05-22 16:54:11.296 I/ActivityManager(  375): Start proc com.pekall.emdm.launcher:remote for service com.pekall.emdm.launcher/com.baidu.location.f: pid=7518 uid=10066 gids={50066, 1015, 3002, 3001, 3003, 1028}
05-22 16:54:11.562 D/ActivityThread( 7518): Loading provider com.pekall.semail.provider;com.pekall.semail.notifier: com.pekall.semail.provider.EmailProvider
05-22 16:54:11.585 D/ActivityThread( 7518): Loading provider com.pekall.semail.provider;com.pekall.semail.notifier: com.pekall.semail.provider.EmailProvider
05-22 16:54:13.171 W/ActivityManager(  375): Unable to start service Intent { cmp=com.pekall.emdm.launcher/com.pekall.semail.service.AttachmentDownloadService } U=0: not found
05-22 16:54:15.656 I/PowerManagerService(  375): Going to sleep due to device administration policy...
05-22 16:54:15.663 I/PowerManagerService(  375): Waking up from sleep...
05-22 16:54:25.874 W/BroadcastQueue(  375): Timeout of broadcast BroadcastRecord{42c4bac8 u-1 android.intent.action.SCREEN_OFF} - receiver=android.os.BinderProxy@426da6f0, started 10001ms ago
05-22 16:54:25.874 W/BroadcastQueue(  375): Receiver during timeout: BroadcastFilter{426da908 u0 ReceiverList{426da888 7518 com.pekall.emdm.launcher:remote/10066/u0 remote:426da6f0}}
05-22 16:54:25.906 I/WindowManager(  375): Lock screen displayed!
05-22 16:54:28.476 E/ActivityManager(  375): ANR in com.pekall.emdm.launcher:remote
05-22 16:54:28.476 E/ActivityManager(  375): Reason: Broadcast of Intent { act=android.intent.action.SCREEN_OFF flg=0x50000010 }
05-22 16:54:28.476 E/ActivityManager(  375): Load: 3.16 / 2.14 / 1.6
05-22 16:54:28.476 E/ActivityManager(  375): CPU usage from 5214ms to 0ms ago:
05-22 16:54:28.476 E/ActivityManager(  375):   99% 7213/com.pekall.emdm.launcher: 99% user + 0% kernel / faults: 9 minor
05-22 16:54:28.476 E/ActivityManager(  375):   98% 7518/com.pekall.emdm.launcher:remote: 98% user + 0% kernel
05-22 16:54:28.476 E/ActivityManager(  375):   1.1% 375/system_server: 0.9% user + 0.1% kernel / faults: 65 minor
05-22 16:54:28.476 E/ActivityManager(  375):   0.3% 802/com.qihoo360.mobilesafe:GuardService: 0.3% user + 0% kernel
05-22 16:54:28.476 E/ActivityManager(  375):   0.1% 450/com.android.systemui: 0.1% user + 0% kernel
05-22 16:54:28.476 E/ActivityManager(  375):   0.1% 6184/com.dragon.android.pandaspace: 0.1% user + 0% kernel / faults: 7 minor
05-22 16:54:28.476 E/ActivityManager(  375):   0% 6512/com.google.android.apps.maps:GoogleLocationService: 0% user + 0% kernel / faults: 14 minor
05-22 16:54:28.476 E/ActivityManager(  375):   0.1% 6913/kworker/u:1: 0% user + 0.1% kernel
05-22 16:54:28.476 E/ActivityManager(  375):   0.1% 6953/kworker/u:5: 0% user + 0.1% kernel
05-22 16:54:28.476 E/ActivityManager(  375): 100% TOTAL: 99% user + 0% kernel
05-22 16:54:28.476 E/ActivityManager(  375): CPU usage from 1741ms to 2264ms later:
05-22 16:54:28.476 E/ActivityManager(  375):   92% 7213/com.pekall.emdm.launcher: 92% user + 0% kernel / faults: 275 minor
05-22 16:54:28.476 E/ActivityManager(  375):     84% 7226/Thread-360: 84% user + 0% kernel
05-22 16:54:28.476 E/ActivityManager(  375):     3.8% 7304/Thread-400: 3.8% user + 0% kernel
05-22 16:54:28.476 E/ActivityManager(  375):     1.9% 7213/l.emdm.launcher: 1.9% user + 0% kernel
05-22 16:54:28.476 E/ActivityManager(  375):    +0% 7562/RefQueueWorker@: 0% user + 0% kernel
05-22 16:54:28.476 E/ActivityManager(  375):   92% 7518/com.pekall.emdm.launcher:remote: 92% user + 0% kernel
05-22 16:54:28.476 E/ActivityManager(  375):     92% 7531/Thread-375: 92% user + 0% kernel
05-22 16:54:28.476 E/ActivityManager(  375):   3.8% 375/system_server: 0% user + 3.8% kernel
05-22 16:54:28.476 E/ActivityManager(  375):     7.6% 391/ActivityManager: 1.9% user + 5.7% kernel
05-22 16:54:28.476 E/ActivityManager(  375):   1.5% 6916/com.qihoo.appstore: 1.5% user + 0% kernel
05-22 16:54:28.476 E/ActivityManager(  375):     1.5% 6938/Thread-350: 1.5% user + 0% kernel
05-22 16:54:28.476 E/ActivityManager(  375): 96% TOTAL: 92% user + 3.8% kernel
05-22 16:54:28.476 W/ActivityManager(  375): Killing ProcessRecord{427894a0 7518:com.pekall.emdm.launcher:remote/u0a10066}: background ANR
05-22 16:54:28.601 I/ActivityManager(  375): Process com.pekall.emdm.launcher:remote (pid 7518) has died.
05-22 16:54:28.601 W/ActivityManager(  375): Scheduling restart of crashed service com.pekall.emdm.launcher/com.baidu.location.f in 20000ms
05-22 16:54:38.976 I/ActivityManager(  375): START u0 {flg=0x10008000 cmp=com.pekall.emdm.launcher/com.pekall.emdm.ui.SplashActivity} from pid 7213
05-22 16:54:39.007 W/ActivityManager(  375): Unable to start service Intent { act=com.pekall.mdm.action.SELECT_ERASE } U=0: not found
05-22 16:54:39.491 W/ActivityManager(  375): Activity pause timeout for ActivityRecord{425d1778 u0 com.pekall.emdm.launcher/com.pekall.emdm.ui.SplashActivity}
05-22 16:54:40.085 W/ActivityManager(  375): Unable to start service Intent { cmp=com.pekall.emdm.launcher/com.pekall.semail.service.AttachmentDownloadService } U=0: not found
05-22 16:54:41.312 I/ActivityManager(  375): START u0 {cmp=com.pekall.emdm.launcher/com.pekall.emdm.ui.ActiveDeviceAdminActivity} from pid 7213
05-22 16:54:41.359 I/ActivityManager(  375): START u0 {cmp=com.pekall.emdm.launcher/com.pekall.emdm.ui.RegDeviceActivity} from pid 7213
05-22 16:54:41.702 I/WindowManager(  375): Screenshot max retries 4 of Token{428a3040 ActivityRecord{42677750 u0 com.pekall.emdm.launcher/com.pekall.emdm.ui.RegDeviceActivity}} appWin=Window{42c54408 u0 Starting com.pekall.emdm.launcher} drawState=3
05-22 16:54:41.702 W/WindowManager(  375): Screenshot failure taking screenshot for (720x1280) to layer 21010
05-22 16:54:41.937 W/WindowManager(  375): Rebuild removed 3 windows but added 2
05-22 16:54:41.937 W/WindowManager(  375): This window was lost: Window{42c42c48 u0 com.pekall.emdm.launcher/com.pekall.emdm.ui.SplashActivity}
05-22 16:54:41.937 W/WindowManager(  375): mDisplayId=0 mSession=Session{427d8880 7213:u0a10066} mClient=android.os.BinderProxy@428927b0
05-22 16:54:41.937 W/WindowManager(  375): mOwnerUid=10066 mShowToOwnerOnly=true package=com.pekall.emdm.launcher appop=NONE
05-22 16:54:41.937 W/WindowManager(  375): mAttrs=WM.LayoutParams{(0,0)(fillxfill) sim=#120 ty=1 fl=#1810100 pfl=0x8 wanim=0x10302ed}
05-22 16:54:41.937 W/WindowManager(  375): Requested w=0 h=0 mLayoutSeq=2338
05-22 16:54:41.937 W/WindowManager(  375): mBaseLayer=21000 mSubLayer=0 mAnimLayer=21000+0=21000 mLastLayer=0
05-22 16:54:41.937 W/WindowManager(  375): mToken=AppWindowToken{42b759f0 token=Token{42885480 ActivityRecord{425d1778 u0 com.pekall.emdm.launcher/com.pekall.emdm.ui.SplashActivity}}}
05-22 16:54:41.937 W/WindowManager(  375): mRootToken=AppWindowToken{42b759f0 token=Token{42885480 ActivityRecord{425d1778 u0 com.pekall.emdm.launcher/com.pekall.emdm.ui.SplashActivity}}}
05-22 16:54:41.937 W/WindowManager(  375): mAppToken=AppWindowToken{42b759f0 token=Token{42885480 ActivityRecord{425d1778 u0 com.pekall.emdm.launcher/com.pekall.emdm.ui.SplashActivity}}}
05-22 16:54:41.937 W/WindowManager(  375): mViewVisibility=0x0 mHaveFrame=true mObscured=true
05-22 16:54:41.937 W/WindowManager(  375): mSeq=0 mSystemUiVisibility=0x0
05-22 16:54:41.937 W/WindowManager(  375): mPolicyVisibility=false mPolicyVisibilityAfterAnim=false mAppOpVisibility=true mAttachedHidden=false
05-22 16:54:41.937 W/WindowManager(  375): mGivenContentInsets=[0,0][0,0] mGivenVisibleInsets=[0,0][0,0]
05-22 16:54:41.937 W/WindowManager(  375): mConfiguration={1.0 999mcc?mnc en_US ldltr sw360dp w360dp h567dp 320dpi nrml port finger -keyb/v/h -nav/h s.6}
05-22 16:54:41.937 W/WindowManager(  375): mHasSurface=true mShownFrame=[0.0,0.0][720.0,1184.0] isReadyForDisplay()=false
05-22 16:54:41.937 W/WindowManager(  375): mFrame=[0,0][720,1184] last=[0,0][720,1184]
05-22 16:54:41.937 W/WindowManager(  375): mSystemDecorRect=[0,50][720,1184] last=[0,50][720,1184]
05-22 16:54:41.937 W/WindowManager(  375): Frames: containing=[0,0][720,1184] parent=[0,0][720,1184]
05-22 16:54:41.937 W/WindowManager(  375):     display=[0,0][720,1184] overscan=[0,0][720,1280]
05-22 16:54:41.937 W/WindowManager(  375):     content=[0,50][720,1184] visible=[0,50][720,1184]
05-22 16:54:41.937 W/WindowManager(  375): Cur insets: overscan=[0,0][0,0] content=[0,50][0,0] visible=[0,50][0,0]
05-22 16:54:41.937 W/WindowManager(  375): Lst insets: overscan=[0,0][0,0] content=[0,50][0,0] visible=[0,50][0,0]
05-22 16:54:41.937 W/WindowManager(  375): WindowStateAnimator{42938558 com.pekall.emdm.launcher/com.pekall.emdm.ui.SplashActivity}:
05-22 16:54:41.937 W/WindowManager(  375):   mSurface=Surface(name=com.pekall.emdm.launcher/com.pekall.emdm.ui.SplashActivity)
05-22 16:54:41.937 W/WindowManager(  375):   mDrawState=HAS_DRAWN mLastHidden=true
05-22 16:54:41.937 W/WindowManager(  375):   Surface: shown=false layer=21005 alpha=0.0 rect=(0.0,0.0) 720.0 x 1184.0
05-22 16:54:41.937 W/WindowManager(  375):   mShownAlpha=1.0 mAlpha=1.0 mLastAlpha=-1.0
05-22 16:54:41.937 W/WindowManager(  375):   mGlobalScale=1.0 mDsDx=1.0 mDtDx=0.0 mDsDy=0.0 mDtDy=1.0
05-22 16:54:41.937 W/WindowManager(  375): mExiting=false mRemoveOnExit=false mDestroying=true mRemoved=false
05-22 16:54:41.937 W/WindowManager(  375): Current app token list:
05-22 16:54:41.937 V/WindowManager(  375):   #1: Token{428a3040 ActivityRecord{42677750 u0 com.pekall.emdm.launcher/com.pekall.emdm.ui.RegDeviceActivity}}
05-22 16:54:41.937 V/WindowManager(  375):   #0: Token{424bdd88 ActivityRecord{427b5070 u0 com.android.launcher/com.android.launcher2.Launcher}}
05-22 16:54:41.937 W/WindowManager(  375): Final window list:
05-22 16:54:41.937 V/WindowManager(  375):   #0: Window{42665e60 u0 SearchPanel}
05-22 16:54:41.937 V/WindowManager(  375):   #1: Window{42806390 u0 NavigationBar}
05-22 16:54:41.937 V/WindowManager(  375):   #2: Window{427e6758 u0 StatusBar}
05-22 16:54:41.937 V/WindowManager(  375):   #3: Window{4264a060 u0 Keyguard}
05-22 16:54:41.937 V/WindowManager(  375):   #4: Window{427e1068 u0 com.android.phasebeam.PhaseBeamWallpaper}
05-22 16:54:41.937 V/WindowManager(  375):   #5: Window{427f9588 u0 com.qihoo360.mobilesafe}
05-22 16:54:41.937 V/WindowManager(  375):   #6: Window{42673658 u0 InputMethod}
05-22 16:54:41.937 V/WindowManager(  375):   #7: Window{42767080 u0 com.pekall.emdm.launcher/com.pekall.emdm.ui.RegDeviceActivity}
05-22 16:54:41.937 V/WindowManager(  375):   #8: Window{4268ab38 u0 com.android.launcher/com.android.launcher2.Launcher}
05-22 16:54:48.616 I/ActivityManager(  375): Start proc com.pekall.emdm.launcher:remote for service com.pekall.emdm.launcher/com.baidu.location.f: pid=7600 uid=10066 gids={50066, 1015, 3002, 3001, 3003, 1028}
05-22 16:54:48.781 D/ActivityThread( 7600): Loading provider com.pekall.semail.provider;com.pekall.semail.notifier: com.pekall.semail.provider.EmailProvider
05-22 16:54:48.843 D/ActivityThread( 7600): Loading provider com.pekall.semail.provider;com.pekall.semail.notifier: com.pekall.semail.provider.EmailProvider
05-22 16:54:50.952 W/MountService(  375): getVolumeState(/storage/emulated/0/external_sd): Unknown volume
05-22 16:54:50.999 W/MountService(  375): getVolumeState(/mnt/sdcard-ext): Unknown volume
05-22 16:54:51.007 W/MountService(  375): getVolumeState(/mnt/ext_sdcard): Unknown volume
05-22 16:54:51.015 W/MountService(  375): getVolumeState(/mnt/sdcard2): Unknown volume
05-22 16:54:51.015 W/MountService(  375): getVolumeState(/mnt/emmc): Unknown volume
05-22 16:54:51.015 W/MountService(  375): getVolumeState(/mnt/extSdCard): Unknown volume
05-22 16:54:51.038 W/MountService(  375): getVolumeState(/mnt/sdcard/SD_CARD): Unknown volume
05-22 16:54:51.054 W/MountService(  375): getVolumeState(/mnt/sdcard/extra_sd): Unknown volume
05-22 16:54:51.054 W/MountService(  375): getVolumeState(/mnt/extrasd_bind): Unknown volume
05-22 16:54:51.312 W/MountService(  375): getVolumeState(/mnt/sdcard/ext_sd): Unknown volume
05-22 16:54:51.312 W/MountService(  375): getVolumeState(/storage/extSdCard): Unknown volume
05-22 16:54:51.312 W/MountService(  375): getVolumeState(/storage/sdcard1): Unknown volume
05-22 16:54:51.312 W/MountService(  375): getVolumeState(/mnt/sdcard/external_SD): Unknown volume
05-22 16:54:51.359 W/MountService(  375): getVolumeState(/mnt/sdcard/external_sd): Unknown volume
05-22 16:54:52.374 D/PhoneStatusBar(  450): disable: < expand icons alerts ticker system_info BACK HOME recent* CLOCK search* >
05-22 16:54:53.234 D/PhoneStatusBar(  450): disable: < expand icons alerts ticker system_info back* home* recent clock* search >
05-22 16:54:56.531 W/ActivityManager(  375): Unable to start service Intent { cmp=com.pekall.emdm.launcher/com.pekall.semail.service.AttachmentDownloadService } U=0: not found
05-22 16:54:56.531 W/MountService(  375): getVolumeState(/storage/emulated/0/external_sd): Unknown volume
05-22 16:54:56.531 W/MountService(  375): getVolumeState(/mnt/sdcard-ext): Unknown volume
05-22 16:54:56.593 W/MountService(  375): getVolumeState(/mnt/ext_sdcard): Unknown volume
05-22 16:54:56.609 W/MountService(  375): getVolumeState(/mnt/sdcard2): Unknown volume
05-22 16:54:56.609 W/MountService(  375): getVolumeState(/mnt/emmc): Unknown volume
05-22 16:54:56.609 W/MountService(  375): getVolumeState(/mnt/extSdCard): Unknown volume
05-22 16:54:57.195 W/MountService(  375): getVolumeState(/mnt/sdcard/SD_CARD): Unknown volume
05-22 16:54:57.906 W/MountService(  375): getVolumeState(/mnt/sdcard/extra_sd): Unknown volume
05-22 16:54:57.999 W/MountService(  375): getVolumeState(/mnt/extrasd_bind): Unknown volume
05-22 16:54:58.015 W/MountService(  375): getVolumeState(/mnt/sdcard/ext_sd): Unknown volume
05-22 16:54:58.031 W/MountService(  375): getVolumeState(/storage/extSdCard): Unknown volume
05-22 16:54:58.046 W/MountService(  375): getVolumeState(/storage/sdcard1): Unknown volume
05-22 16:54:58.046 W/MountService(  375): getVolumeState(/mnt/sdcard/external_SD): Unknown volume
05-22 16:54:58.046 W/MountService(  375): getVolumeState(/mnt/sdcard/external_sd): Unknown volume
05-22 16:55:08.632 W/ActivityManager(  375): Timeout executing service: ServiceRecord{426d6610 u0 com.pekall.emdm.launcher/com.baidu.location.f}
05-22 16:55:12.241 E/ActivityManager(  375): ANR in com.pekall.emdm.launcher:remote
05-22 16:55:12.241 E/ActivityManager(  375): Reason: Executing service com.pekall.emdm.launcher/com.baidu.location.f
05-22 16:55:12.241 E/ActivityManager(  375): Load: 3.87 / 2.47 / 1.74
05-22 16:55:12.241 E/ActivityManager(  375): CPU usage from 3893ms to -3589ms ago:
05-22 16:55:12.241 E/ActivityManager(  375):   89% 7213/com.pekall.emdm.launcher: 89% user + 0% kernel / faults: 148 minor
05-22 16:55:12.241 E/ActivityManager(  375):   87% 7600/com.pekall.emdm.launcher:remote: 87% user + 0% kernel / faults: 104 minor
05-22 16:55:12.241 E/ActivityManager(  375):   11% 375/system_server: 8.6% user + 2.6% kernel / faults: 600 minor
05-22 16:55:12.241 E/ActivityManager(  375):   0.7% 5537/kworker/1:1: 0% user + 0.7% kernel
05-22 16:55:12.241 E/ActivityManager(  375):   0.5% 134/adbd: 0.1% user + 0.4% kernel / faults: 13 minor
05-22 16:55:12.241 E/ActivityManager(  375):   1% 802/com.qihoo360.mobilesafe:GuardService: 0.6% user + 0.4% kernel / faults: 52 minor
05-22 16:55:12.241 E/ActivityManager(  375):   0.6% 450/com.android.systemui: 0.4% user + 0.2% kernel / faults: 22 minor
05-22 16:55:12.241 E/ActivityManager(  375):   0.1% 580/com.android.phone: 0.1% user + 0% kernel / faults: 23 minor
05-22 16:55:12.241 E/ActivityManager(  375):   0.1% 587/com.android.nfc: 0.1% user + 0% kernel / faults: 27 minor
05-22 16:55:12.241 E/ActivityManager(  375):   0% 81/mmcqd/0: 0% user + 0% kernel
05-22 16:55:12.241 E/ActivityManager(  375):   0% 6340/kworker/u:4: 0% user + 0% kernel
05-22 16:55:12.241 E/ActivityManager(  375):   0.1% 7592/kworker/0:2: 0% user + 0.1% kernel
05-22 16:55:12.241 E/ActivityManager(  375):  +0% 7644/logcat: 0% user + 0% kernel
05-22 16:55:12.241 E/ActivityManager(  375): 99% TOTAL: 96% user + 3.6% kernel
05-22 16:55:12.241 E/ActivityManager(  375): CPU usage from 2764ms to 3292ms later:
05-22 16:55:12.241 E/ActivityManager(  375):   96% 7213/com.pekall.emdm.launcher: 96% user + 0% kernel
05-22 16:55:12.241 E/ActivityManager(  375):     98% 7226/Thread-360: 98% user + 0% kernel
05-22 16:55:12.241 E/ActivityManager(  375):   96% 7600/com.pekall.emdm.launcher:remote: 96% user + 0% kernel
05-22 16:55:12.241 E/ActivityManager(  375):     94% 7613/Thread-378: 94% user + 0% kernel
05-22 16:55:12.241 E/ActivityManager(  375):   5.6% 375/system_server: 0% user + 5.6% kernel / faults: 2 minor
05-22 16:55:12.241 E/ActivityManager(  375):     3.7% 391/ActivityManager: 0% user + 3.7% kernel
05-22 16:55:12.241 E/ActivityManager(  375):     1.8% 387/SensorService: 0% user + 1.8% kernel
05-22 16:55:12.241 E/ActivityManager(  375):   1% 802/com.qihoo360.mobilesafe:GuardService: 0% user + 1% kernel
05-22 16:55:12.241 E/ActivityManager(  375):     1% 802/fe:GuardService: 1% user + 0% kernel
05-22 16:55:12.241 E/ActivityManager(  375): 100% TOTAL: 97% user + 2.8% kernel
05-22 16:55:12.241 W/ActivityManager(  375): Killing ProcessRecord{426987e8 7600:com.pekall.emdm.launcher:remote/u0a10066}: background ANR
05-22 16:55:12.257 I/ActivityManager(  375): Process com.pekall.emdm.launcher:remote (pid 7600) has died.
05-22 16:55:12.257 W/ActivityManager(  375): Scheduling restart of crashed service com.pekall.emdm.launcher/com.baidu.location.f in 80000ms
05-22 16:55:27.663 I/ActivityManager(  375): START u0 {flg=0x8000 cmp=com.pekall.emdm.launcher/.Launcher} from pid 7213
05-22 16:55:27.921 I/ActivityManager(  375): No longer want com.dragon.android.pandaspace:bdservice_v1 (pid 6485): empty for 1804s
05-22 16:55:28.046 W/ActivityManager(  375): Scheduling restart of crashed service com.dragon.android.pandaspace/com.baidu.android.moplus.MoPlusService in 5000ms
05-22 16:55:29.515 W/ActivityManager(  375): Unable to start service Intent { cmp=com.pekall.emdm.launcher/com.pekall.semail.service.AttachmentDownloadService } U=0: not found
05-22 16:55:30.546 W/ActivityManager(  375): Unable to start service Intent { act=pekall.intent.action.DOWNLOAD_APP (has extras) } U=0: not found
05-22 16:55:31.671 I/ActivityManager(  375): START u0 {act=android.intent.action.MAIN cat=[android.intent.category.HOME] flg=0x10200000 cmp=com.pekall.emdm.launcher/.Launcher} from pid 375
05-22 16:55:33.062 I/ActivityManager(  375): Start proc com.dragon.android.pandaspace:bdservice_v1 for service com.dragon.android.pandaspace/com.baidu.android.moplus.MoPlusService: pid=7686 uid=10074 gids={50074, 1015, 3003, 1006, 1028}
05-22 16:55:33.866 I/ActivityManager(  375): No longer want com.google.android.apps.maps:GoogleLocationService (pid 6512): empty for 1800s
05-22 16:55:33.882 W/ActivityManager(  375): Scheduling restart of crashed service com.google.android.apps.maps/com.google.android.location.internal.server.GoogleLocationService in 5000ms
05-22 16:55:35.031 I/ActivityManager(  375): No longer want com.google.android.apps.maps:LocationFriendService (pid 6545): empty for 1800s
05-22 16:55:35.031 I/ActivityManager(  375): No longer want com.google.android.apps.maps:FriendService (pid 6533): empty for 1800s
05-22 16:55:37.648 V/PanelView(  450): animationTick called with dtms=0; nothing to do (h=0.0 v=4000.0)
05-22 16:55:38.991 I/ActivityManager(  375): Start proc com.google.android.apps.maps:GoogleLocationService for service com.google.android.apps.maps/com.google.android.location.internal.server.GoogleLocationService: pid=7733 uid=10038 gids={50038, 3003, 1015, 1028}
05-22 16:55:42.999 I/ActivityManager(  375): Start proc com.google.android.apps.maps:FriendService for broadcast com.google.android.apps.maps/com.google.googlenav.friend.android.ServiceReceiver: pid=7754 uid=10038 gids={50038, 3003, 1015, 1028}
05-22 16:55:43.085 I/ActivityManager(  375): Start proc com.google.android.apps.maps:LocationFriendService for broadcast com.google.android.apps.maps/com.google.googlenav.friend.reporting.LocationReportingIntentReceiver: pid=7766 uid=10038 gids={50038, 3003, 1015, 1028}
05-22 16:55:49.163 I/ActivityManager(  375): Start proc com.pekall.emdm.launcher:remote for service com.pekall.emdm.launcher/com.baidu.location.f: pid=7787 uid=10066 gids={50066, 1015, 3002, 3001, 3003, 1028}
05-22 16:55:50.038 D/ActivityThread( 7787): Loading provider com.pekall.semail.provider;com.pekall.semail.notifier: com.pekall.semail.provider.EmailProvider
05-22 16:55:50.241 D/ActivityThread( 7787): Loading provider com.pekall.semail.provider;com.pekall.semail.notifier: com.pekall.semail.provider.EmailProvider
05-22 16:55:51.327 W/MountService(  375): getVolumeState(/storage/emulated/0/external_sd): Unknown volume
05-22 16:55:51.343 W/MountService(  375): getVolumeState(/mnt/sdcard-ext): Unknown volume
05-22 16:55:51.351 W/MountService(  375): getVolumeState(/mnt/ext_sdcard): Unknown volume
05-22 16:55:51.351 W/MountService(  375): getVolumeState(/mnt/sdcard2): Unknown volume
05-22 16:55:51.359 W/MountService(  375): getVolumeState(/mnt/emmc): Unknown volume
05-22 16:55:51.374 W/MountService(  375): getVolumeState(/mnt/extSdCard): Unknown volume
05-22 16:55:51.374 W/MountService(  375): getVolumeState(/mnt/sdcard/SD_CARD): Unknown volume
05-22 16:55:51.406 W/MountService(  375): getVolumeState(/mnt/sdcard/extra_sd): Unknown volume
05-22 16:55:51.406 W/MountService(  375): getVolumeState(/mnt/extrasd_bind): Unknown volume
05-22 16:55:51.421 W/MountService(  375): getVolumeState(/mnt/sdcard/ext_sd): Unknown volume
05-22 16:55:51.491 W/MountService(  375): getVolumeState(/storage/extSdCard): Unknown volume
05-22 16:55:51.491 W/MountService(  375): getVolumeState(/storage/sdcard1): Unknown volume
05-22 16:55:51.515 W/MountService(  375): getVolumeState(/mnt/sdcard/external_SD): Unknown volume
05-22 16:55:51.538 W/MountService(  375): getVolumeState(/mnt/sdcard/external_sd): Unknown volume
05-22 16:55:59.382 W/ActivityThread( 7733): ClassLoader.loadClass: The class loader returned by Thread.getContextClassLoader() may fail for processes that host multiple applications. You should explicitly specify a context class loader. For example: Thread.setContextClassLoader(getClass().getClassLoader());
05-22 16:56:01.671 I/PowerManagerService(  375): Going to sleep due to screen timeout...
05-22 16:56:02.616 I/PowerManagerService(  375): Waking up from sleep...
05-22 16:56:03.398 W/InputMethodManagerService(  375): Window already focused, ignoring focus gain of: com.android.internal.view.IInputMethodClient$Stub$Proxy@427c2838 attribute=android.view.inputmethod.EditorInfo@427bf738, token = android.os.BinderProxy@4260b840
05-22 16:56:03.546 W/MountService(  375): getVolumeState(/storage/emulated/0/external_sd): Unknown volume
05-22 16:56:03.546 W/MountService(  375): getVolumeState(/mnt/sdcard-ext): Unknown volume
05-22 16:56:03.546 W/MountService(  375): getVolumeState(/mnt/ext_sdcard): Unknown volume
05-22 16:56:03.546 W/MountService(  375): getVolumeState(/mnt/sdcard2): Unknown volume
05-22 16:56:03.546 W/MountService(  375): getVolumeState(/mnt/emmc): Unknown volume
05-22 16:56:03.546 W/MountService(  375): getVolumeState(/mnt/extSdCard): Unknown volume
05-22 16:56:03.546 W/MountService(  375): getVolumeState(/mnt/sdcard/SD_CARD): Unknown volume
05-22 16:56:03.546 W/MountService(  375): getVolumeState(/mnt/sdcard/extra_sd): Unknown volume
05-22 16:56:03.546 W/MountService(  375): getVolumeState(/mnt/extrasd_bind): Unknown volume
05-22 16:56:03.546 W/MountService(  375): getVolumeState(/mnt/sdcard/ext_sd): Unknown volume
05-22 16:56:03.554 W/MountService(  375): getVolumeState(/storage/extSdCard): Unknown volume
05-22 16:56:03.554 W/MountService(  375): getVolumeState(/storage/sdcard1): Unknown volume
05-22 16:56:03.554 W/MountService(  375): getVolumeState(/mnt/sdcard/external_SD): Unknown volume
05-22 16:56:03.554 W/MountService(  375): getVolumeState(/mnt/sdcard/external_sd): Unknown volume
05-22 16:56:04.234 V/PanelView(  450): animationTick called with dtms=0; nothing to do (h=0.0 v=4000.0)
05-22 16:56:07.866 D/PhoneStatusBar(  450): disable: < EXPAND* icons alerts TICKER* system_info back home RECENT* clock SEARCH* >
05-22 16:56:07.866 V/PanelView(  450): animationTick called with dtms=0; nothing to do (h=1184.0 v=-4000.0)
05-22 16:56:07.866 V/PanelView(  450): animationTick called with dtms=0; nothing to do (h=1184.0 v=-4000.0)
05-22 16:56:08.445 D/PhoneStatusBar(  450): disable: < EXPAND icons alerts TICKER system_info BACK* HOME* RECENT CLOCK* SEARCH >
05-22 16:56:09.202 W/ActivityManager(  375): Timeout executing service: ServiceRecord{426d6610 u0 com.pekall.emdm.launcher/com.baidu.location.f}
05-22 16:56:15.046 W/ActivityManager(  375): Unable to start service Intent { cmp=com.pekall.emdm.launcher/com.pekall.semail.service.AttachmentDownloadService } U=0: not found
05-22 16:56:15.663 E/ActivityManager(  375): ANR in com.pekall.emdm.launcher:remote
05-22 16:56:15.663 E/ActivityManager(  375): Reason: Executing service com.pekall.emdm.launcher/com.baidu.location.f
05-22 16:56:15.663 E/ActivityManager(  375): Load: 5.92 / 3.16 / 2.01
05-22 16:56:15.663 E/ActivityManager(  375): CPU usage from 0ms to 6434ms later:
05-22 16:56:15.663 E/ActivityManager(  375):   64% 7213/com.pekall.emdm.launcher: 64% user + 0% kernel
05-22 16:56:15.663 E/ActivityManager(  375):   58% 7787/com.pekall.emdm.launcher:remote: 58% user + 0% kernel / faults: 372 minor 1 major
05-22 16:56:15.663 E/ActivityManager(  375):   51% 7719/uiautomator: 25% user + 25% kernel / faults: 69 minor
05-22 16:56:15.663 E/ActivityManager(  375):   20% 375/system_server: 17% user + 3.5% kernel / faults: 453 minor
05-22 16:56:15.663 E/ActivityManager(  375):   1.5% 450/com.android.systemui: 1% user + 0.4% kernel / faults: 26 minor
05-22 16:56:15.663 E/ActivityManager(  375):   0.3% 580/com.android.phone: 0.2% user + 0.1% kernel / faults: 31 minor
05-22 16:56:15.663 E/ActivityManager(  375):   0.6% 1693/com.qihoo.daemon: 0.4% user + 0.1% kernel / faults: 71 minor
05-22 16:56:15.663 E/ActivityManager(  375):   0.4% 587/com.android.nfc: 0.1% user + 0.3% kernel / faults: 27 minor
05-22 16:56:15.663 E/ActivityManager(  375):   0% 81/mmcqd/0: 0% user + 0% kernel
05-22 16:56:15.663 E/ActivityManager(  375):   0.1% 134/adbd: 0% user + 0.1% kernel
05-22 16:56:15.663 E/ActivityManager(  375):   0% 5537/kworker/1:1: 0% user + 0% kernel
05-22 16:56:15.663 E/ActivityManager(  375):   0.1% 6916/com.qihoo.appstore: 0% user + 0.1% kernel / faults: 1 minor
05-22 16:56:15.663 E/ActivityManager(  375):   0.1% 6939/kworker/u:3: 0% user + 0.1% kernel
05-22 16:56:15.663 E/ActivityManager(  375):   0.1% 7686/com.dragon.android.pandaspace:bdservice_v1: 0.1% user + 0% kernel
05-22 16:56:15.663 E/ActivityManager(  375): 99% TOTAL: 84% user + 15% kernel
05-22 16:56:15.663 E/ActivityManager(  375): CPU usage from 5667ms to 6203ms later:
05-22 16:56:15.663 E/ActivityManager(  375):   98% 7213/com.pekall.emdm.launcher: 98% user + 0% kernel
05-22 16:56:15.663 E/ActivityManager(  375):     94% 7226/Thread-360: 94% user + 0% kernel
05-22 16:56:15.663 E/ActivityManager(  375):   96% 7787/com.pekall.emdm.launcher:remote: 96% user + 0% kernel / faults: 161 minor
05-22 16:56:15.663 E/ActivityManager(  375):     94% 7800/Thread-393: 94% user + 0% kernel
05-22 16:56:15.663 E/ActivityManager(  375):   5.6% 375/system_server: 0% user + 5.6% kernel / faults: 1 minor
05-22 16:56:15.663 E/ActivityManager(  375):     5.6% 391/ActivityManager: 0% user + 5.6% kernel
05-22 16:56:15.663 E/ActivityManager(  375):     1.8% 383/FinalizerDaemon: 1.8% user + 0% kernel
05-22 16:56:15.663 E/ActivityManager(  375): 99% TOTAL: 95% user + 3.7% kernel
05-22 16:56:15.671 W/ActivityManager(  375): Killing ProcessRecord{428c32f0 7787:com.pekall.emdm.launcher:remote/u0a10066}: background ANR
05-22 16:56:15.671 W/BroadcastQueue(  375): Timeout of broadcast BroadcastRecord{42c539d0 u-1 android.intent.action.SCREEN_OFF} - receiver=android.os.BinderProxy@42966058, started 12032ms ago
05-22 16:56:15.671 W/BroadcastQueue(  375): Receiver during timeout: BroadcastFilter{429706c0 u0 ReceiverList{42970640 7787 com.pekall.emdm.launcher:remote/10066/u0 remote:42966058}}
05-22 16:56:15.890 I/ActivityManager(  375): Skipping duplicate ANR: ProcessRecord{428c32f0 7787:com.pekall.emdm.launcher:remote/u0a10066} Broadcast of Intent { act=android.intent.action.SCREEN_OFF flg=0x50000010 }
05-22 16:56:15.890 I/ActivityManager(  375): Process com.pekall.emdm.launcher:remote (pid 7787) has died.
05-22 16:56:15.890 W/ActivityManager(  375): Scheduling restart of crashed service com.pekall.emdm.launcher/com.baidu.location.f in 5000ms
05-22 16:56:16.007 I/WindowManager(  375): Lock screen displayed!
05-22 16:56:20.898 I/ActivityManager(  375): Start proc com.pekall.emdm.launcher:remote for service com.pekall.emdm.launcher/com.baidu.location.f: pid=7836 uid=10066 gids={50066, 1015, 3002, 3001, 3003, 1028}
05-22 16:56:21.281 D/ActivityThread( 7836): Loading provider com.pekall.semail.provider;com.pekall.semail.notifier: com.pekall.semail.provider.EmailProvider
05-22 16:56:21.312 D/ActivityThread( 7836): Loading provider com.pekall.semail.provider;com.pekall.semail.notifier: com.pekall.semail.provider.EmailProvider
05-22 16:56:23.538 W/ActivityManager(  375): Unable to start service Intent { cmp=com.pekall.emdm.launcher/com.pekall.semail.service.AttachmentDownloadService } U=0: not found
05-22 16:56:36.421 D/PhoneStatusBar(  450): disable: < expand* icons alerts ticker* system_info BACK HOME recent* CLOCK search* >
05-22 16:56:36.468 D/PhoneStatusBar(  450): disable: < expand icons alerts ticker system_info back* home* recent clock* search >
05-22 16:56:36.710 W/InputMethodManagerService(  375): Window already focused, ignoring focus gain of: com.android.internal.view.IInputMethodClient$Stub$Proxy@42660d00 attribute=null, token = android.os.BinderProxy@4260b840
05-22 16:56:37.437 V/PanelView(  450): animationTick called with dtms=0; nothing to do (h=0.0 v=4000.0)
05-22 16:56:40.929 W/ActivityManager(  375): Timeout executing service: ServiceRecord{426d6610 u0 com.pekall.emdm.launcher/com.baidu.location.f}
05-22 16:56:43.695 W/ProcessStats(  375): Skipping unknown process pid 7880
05-22 16:56:44.718 E/ActivityManager(  375): ANR in com.pekall.emdm.launcher:remote
05-22 16:56:44.718 E/ActivityManager(  375): Reason: Executing service com.pekall.emdm.launcher/com.baidu.location.f
05-22 16:56:44.718 E/ActivityManager(  375): Load: 4.7 / 3.12 / 2.04
05-22 16:56:44.718 E/ActivityManager(  375): CPU usage from 5855ms to 0ms ago:
05-22 16:56:44.718 E/ActivityManager(  375):   65% 7213/com.pekall.emdm.launcher: 63% user + 1.8% kernel / faults: 3657 minor
05-22 16:56:44.718 E/ActivityManager(  375):   57% 7719/uiautomator: 32% user + 25% kernel / faults: 171 minor
05-22 16:56:44.718 E/ActivityManager(  375):   57% 7836/com.pekall.emdm.launcher:remote: 57% user + 0.1% kernel
05-22 16:56:44.718 E/ActivityManager(  375):   4.2% 375/system_server: 2.7% user + 1.5% kernel / faults: 171 minor
05-22 16:56:44.718 E/ActivityManager(  375):   3.5% 450/com.android.systemui: 3% user + 0.5% kernel / faults: 260 minor
05-22 16:56:44.718 E/ActivityManager(  375):   2.5% 127/mediaserver: 1.1% user + 1.3% kernel / faults: 1 minor
