05-22 17:11:57.015 I/QueryController( 9139): Matched selector: UiSelector[TEXT=company, CLASS=android.widget.TextView, PACKAGE NAME=com.pekall.emdm.launcher] <<==>> [android.view.accessibility.AccessibilityNodeInfo@20f43f; boundsInParent: Rect(0, 0 - 345, 53); boundsInScreen: Rect(20, 1111 - 365, 1164); packageName: com.pekall.emdm.launcher; className: android.widget.TextView; text: company; contentDescription: null; viewIdResName: com.pekall.emdm.launcher:id/call_company; checkable: false; checked: false; focusable: false; focused: false; selected: true; clickable: true; longClickable: false; enabled: true; password: false; scrollable: false; [ACTION_SELECT, ACTION_CLEAR_SELECTION, ACTION_CLICK, ACTION_ACCESSIBILITY_FOCUS, ACTION_NEXT_AT_MOVEMENT_GRANULARITY, ACTION_PREVIOUS_AT_MOVEMENT_GRANULARITY, ACTION_SET_SELECTION]]
05-22 17:11:57.015 D/UiObject( 9139): getText() = company
05-22 17:11:57.038 I/QueryController( 9139): Matched selector: UiSelector[TEXT=company, CLASS=android.widget.TextView, PACKAGE NAME=com.pekall.emdm.launcher] <<==>> [android.view.accessibility.AccessibilityNodeInfo@20f43f; boundsInParent: Rect(0, 0 - 345, 53); boundsInScreen: Rect(20, 1111 - 365, 1164); packageName: com.pekall.emdm.launcher; className: android.widget.TextView; text: company; contentDescription: null; viewIdResName: com.pekall.emdm.launcher:id/call_company; checkable: false; checked: false; focusable: false; focused: false; selected: true; clickable: true; longClickable: false; enabled: true; password: false; scrollable: false; [ACTION_SELECT, ACTION_CLEAR_SELECTION, ACTION_CLICK, ACTION_ACCESSIBILITY_FOCUS, ACTION_NEXT_AT_MOVEMENT_GRANULARITY, ACTION_PREVIOUS_AT_MOVEMENT_GRANULARITY, ACTION_SET_SELECTION]]
05-22 17:11:57.054 I/QueryController( 9139): Matched selector: UiSelector[TEXT=company, CLASS=android.widget.TextView, PACKAGE NAME=com.pekall.emdm.launcher] <<==>> [android.view.accessibility.AccessibilityNodeInfo@20f43f; boundsInParent: Rect(0, 0 - 345, 53); boundsInScreen: Rect(20, 1111 - 365, 1164); packageName: com.pekall.emdm.launcher; className: android.widget.TextView; text: company; contentDescription: null; viewIdResName: com.pekall.emdm.launcher:id/call_company; checkable: false; checked: false; focusable: false; focused: false; selected: true; clickable: true; longClickable: false; enabled: true; password: false; scrollable: false; [ACTION_SELECT, ACTION_CLEAR_SELECTION, ACTION_CLICK, ACTION_ACCESSIBILITY_FOCUS, ACTION_NEXT_AT_MOVEMENT_GRANULARITY, ACTION_PREVIOUS_AT_MOVEMENT_GRANULARITY, ACTION_SET_SELECTION]]
05-22 17:11:57.054 D/InteractionController( 9139): clickAndWaitForNewWindow(192, 1137)
05-22 17:11:57.163 D/ContactsProvider( 7213): [Contacts] query 'content://emdmcontacts/contacts', segment size: 1
05-22 17:12:00.163 W/InteractionController( 9139): runAndwaitForEvent timedout waiting for events
05-22 17:12:00.187 I/QueryController( 9139): Matched selector: UiSelector[CLASS=android.widget.ImageView, INDEX=2] <<==>> [android.view.accessibility.AccessibilityNodeInfo@20d9f8; boundsInParent: Rect(0, 0 - 240, 50); boundsInScreen: Rect(480, 73 - 720, 123); packageName: com.pekall.emdm.launcher; className: android.widget.ImageView; text: null; contentDescription: null; viewIdResName: com.pekall.emdm.launcher:id/thrid; checkable: false; checked: false; focusable: false; focused: false; selected: false; clickable: true; longClickable: false; enabled: true; password: false; scrollable: false; [ACTION_SELECT, ACTION_CLEAR_SELECTION, ACTION_CLICK, ACTION_ACCESSIBILITY_FOCUS]]
05-22 17:12:00.187 D/InteractionController( 9139): clickAndWaitForNewWindow(600, 98)
05-22 17:12:03.288 W/InteractionController( 9139): runAndwaitForEvent timedout waiting for events
05-22 17:12:03.374 I/QueryController( 9139): Matched selector: UiSelector[TEXT=company, CLASS=android.widget.TextView, PACKAGE NAME=com.pekall.emdm.launcher] <<==>> [android.view.accessibility.AccessibilityNodeInfo@20f43f; boundsInParent: Rect(0, 0 - 345, 53); boundsInScreen: Rect(20, 1111 - 365, 1164); packageName: com.pekall.emdm.launcher; className: android.widget.TextView; text: company; contentDescription: null; viewIdResName: com.pekall.emdm.launcher:id/call_company; checkable: false; checked: false; focusable: false; focused: false; selected: true; clickable: true; longClickable: false; enabled: true; password: false; scrollable: false; [ACTION_SELECT, ACTION_CLEAR_SELECTION, ACTION_CLICK, ACTION_ACCESSIBILITY_FOCUS, ACTION_NEXT_AT_MOVEMENT_GRANULARITY, ACTION_PREVIOUS_AT_MOVEMENT_GRANULARITY, ACTION_SET_SELECTION]]
05-22 17:12:03.390 I/QueryController( 9139): Matched selector: UiSelector[PACKAGE NAME=com.pekall.emdm.launcher] <<==>> [android.view.accessibility.AccessibilityNodeInfo@20a1a9; boundsInParent: Rect(0, 0 - 720, 1184); boundsInScreen: Rect(0, 0 - 720, 1184); packageName: com.pekall.emdm.launcher; className: android.widget.FrameLayout; text: null; contentDescription: null; viewIdResName: null; checkable: false; checked: false; focusable: false; focused: false; selected: false; clickable: false; longClickable: false; enabled: true; password: false; scrollable: false; [ACTION_SELECT, ACTION_CLEAR_SELECTION, ACTION_ACCESSIBILITY_FOCUS]]
05-22 17:12:03.421 I/QueryController( 9139): Matched selector: UiSelector[PACKAGE NAME=com.pekall.emdm.launcher] <<==>> [android.view.accessibility.AccessibilityNodeInfo@20a1a9; boundsInParent: Rect(0, 0 - 720, 1184); boundsInScreen: Rect(0, 0 - 720, 1184); packageName: com.pekall.emdm.launcher; className: android.widget.FrameLayout; text: null; contentDescription: null; viewIdResName: null; checkable: false; checked: false; focusable: false; focused: false; selected: false; clickable: false; longClickable: false; enabled: true; password: false; scrollable: false; [ACTION_SELECT, ACTION_CLEAR_SELECTION, ACTION_ACCESSIBILITY_FOCUS]]
05-22 17:12:03.460 I/ActivityManager(  375): START u0 {act=android.intent.action.MAIN cat=[android.intent.category.HOME] flg=0x10200000 cmp=com.pekall.emdm.launcher/.Launcher} from pid 375
05-22 17:12:03.546 D/dalvikvm(  375): GC_FOR_ALLOC freed 1613K, 23% free 17739K/22960K, paused 54ms, total 55ms
05-22 17:12:03.554 D/LauncherApplication( 7213): [null:-1]->onActivityPaused
05-22 17:12:03.570 D/LauncherApplication( 7213): [null:-1]->onActivityPaused  updateTime
05-22 17:12:03.577 I/dalvikvm(  450): Jit: resizing JitTable from 8192 to 16384
05-22 17:12:03.577 V/LauncherApplication( 7213): onActivityStarted
05-22 17:12:03.577 D/        ( 7213): [---null: -1---]     awsa  onActivityResumed
05-22 17:12:03.577 V/LauncherApplication( 7213): 2MdmConstant.LAST_LAUNCH_TIME = 1400749923581
05-22 17:12:03.585 D/        ( 7213): [---null: -1---]  activity = com.pekall.emdm.launcher.Launcher
05-22 17:12:03.585 V/DefultSetContriller( 7213): isLauncherDf = com.pekall.emdm.launcher
05-22 17:12:03.593 V/DefultSetContriller( 7213): isLauncherDf = com.pekall.emdm.launcher
05-22 17:12:03.593 V/DefultSetContriller( 7213): isPhoneDf = com.pekall.emdm.launcher
05-22 17:12:03.593 E/LauncherApplication( 7213): isShowLogoutUI = true
05-22 17:12:03.593 E/LauncherApplication( 7213): LogoutShowTime 1
05-22 17:12:03.593 V/Launcher( 7213): onResume1111111 
05-22 17:12:03.593 V/Launcher( 7213): is login ----> 
05-22 17:12:03.593 I/System.out( 7213):  
05-22 17:12:03.593 I/System.out( 7213): com.pekall.emdm.launcher.Workspace.setWallpaper(Unknown Source)
05-22 17:12:03.593 I/System.out( 7213): com.pekall.emdm.launcher.Launcher.onResume(Unknown Source)
05-22 17:12:03.593 I/System.out( 7213): android.app.Instrumentation.callActivityOnResume(Instrumentation.java:1192)
05-22 17:12:03.593 I/System.out( 7213): android.app.Activity.performResume(Activity.java:5211)
05-22 17:12:03.593 I/System.out( 7213): android.app.ActivityThread.performResumeActivity(ActivityThread.java:2780)
05-22 17:12:03.593 I/System.out( 7213): android.app.ActivityThread.handleResumeActivity(ActivityThread.java:2819)
05-22 17:12:03.593 I/System.out( 7213): android.app.ActivityThread$H.handleMessage(ActivityThread.java:1298)
05-22 17:12:03.593 I/System.out( 7213): android.os.Handler.dispatchMessage(Handler.java:99)
05-22 17:12:03.593 I/System.out( 7213): android.os.Looper.loop(Looper.java:137)
05-22 17:12:03.593 I/System.out( 7213): android.app.ActivityThread.main(ActivityThread.java:5103)
05-22 17:12:03.593 I/System.out( 7213): java.lang.reflect.Method.invokeNative(Native Method)
05-22 17:12:03.593 I/System.out( 7213): java.lang.reflect.Method.invoke(Method.java:525)
05-22 17:12:03.593 I/System.out( 7213): com.android.internal.os.ZygoteInit$MethodAndArgsCaller.run(ZygoteInit.java:737)
05-22 17:12:03.593 I/System.out( 7213): com.android.internal.os.ZygoteInit.main(ZygoteInit.java:553)
05-22 17:12:03.593 I/System.out( 7213): dalvik.system.NativeStart.main(Native Method)
05-22 17:12:03.851 D/dalvikvm( 7213): JIT unchain all for threadid=11
05-22 17:12:03.937 D/dalvikvm( 7213): GC_FOR_ALLOC freed 4050K, 19% free 32076K/39212K, paused 335ms, total 335ms
05-22 17:12:03.952 I/dalvikvm-heap( 7213): Grow heap (frag case) to 34.682MB for 3415696-byte allocation
05-22 17:12:04.202 D/dalvikvm( 7213): JIT unchain all for threadid=11
05-22 17:12:04.273 D/dalvikvm( 7213): GC_FOR_ALLOC freed 14K, 17% free 35398K/42548K, paused 315ms, total 315ms
05-22 17:12:04.281 W/SQLiteCursor( 7213): Finalizing a Cursor that has not been deactivated or closed. database = /data/data/com.pekall.emdm.launcher/databases/emdm_contacts.db, table = company_calllogs, query = SELECT _id, number, date, duration, type, name, numbertype, numberlabel, company_calllogs_id, company_calllogs_department, company_id FROM company_calllogs ORDER BY date DESC
05-22 17:12:04.281 W/SQLiteCursor( 7213): com.pekall.sandbox.database.sqlite.DatabaseObjectNotClosedException: Application did not close the cursor or database object that was opened here
05-22 17:12:04.281 W/SQLiteCursor( 7213): 	at com.pekall.sandbox.database.sqlite.SQLiteCursor.<init>(Unknown Source)
05-22 17:12:04.281 W/SQLiteCursor( 7213): 	at com.pekall.sandbox.database.sqlite.SQLiteDirectCursorDriver.query(Unknown Source)
05-22 17:12:04.281 W/SQLiteCursor( 7213): 	at com.pekall.sandbox.database.sqlite.SQLiteDatabase.rawQueryWithFactory(Unknown Source)
05-22 17:12:04.281 W/SQLiteCursor( 7213): 	at com.pekall.sandbox.database.sqlite.SQLiteQueryBuilder.query(Unknown Source)
05-22 17:12:04.281 W/SQLiteCursor( 7213): 	at com.pekall.emdm.contacts.db.SimpleContactsProvider.query(Unknown Source)
05-22 17:12:04.281 W/SQLiteCursor( 7213): 	at android.content.ContentProvider.query(ContentProvider.java:744)
05-22 17:12:04.281 W/SQLiteCursor( 7213): 	at android.content.ContentProvider$Transport.query(ContentProvider.java:199)
05-22 17:12:04.281 W/SQLiteCursor( 7213): 	at android.content.ContentResolver.query(ContentResolver.java:414)
05-22 17:12:04.281 W/SQLiteCursor( 7213): 	at android.content.ContentResolver.query(ContentResolver.java:357)
05-22 17:12:04.281 W/SQLiteCursor( 7213): 	at android.content.AsyncQueryHandler$WorkerHandler.handleMessage(AsyncQueryHandler.java:79)
05-22 17:12:04.281 W/SQLiteCursor( 7213): 	at com.pekall.emdm.contacts.calllog.p.handleMessage(Unknown Source)
05-22 17:12:04.281 W/SQLiteCursor( 7213): 	at android.os.Handler.dispatchMessage(Handler.java:99)
05-22 17:12:04.281 W/SQLiteCursor( 7213): 	at android.os.Looper.loop(Looper.java:137)
05-22 17:12:04.281 W/SQLiteCursor( 7213): 	at android.os.HandlerThread.run(HandlerThread.java:61)
05-22 17:12:04.288 W/CursorWrapperInner( 7213): Cursor finalized without prior close()
05-22 17:12:04.296 W/SQLiteCursor( 7213): Finalizing a Cursor that has not been deactivated or closed. database = /data/data/com.pekall.emdm.launcher/databases/emdm_contacts.db, table = contacts, query = SELECT * FROM contacts ORDER BY sort_key  asc
05-22 17:12:04.296 W/SQLiteCursor( 7213): com.pekall.sandbox.database.sqlite.DatabaseObjectNotClosedException: Application did not close the cursor or database object that was opened here
05-22 17:12:04.296 W/SQLiteCursor( 7213): 	at com.pekall.sandbox.database.sqlite.SQLiteCursor.<init>(Unknown Source)
05-22 17:12:04.296 W/SQLiteCursor( 7213): 	at com.pekall.sandbox.database.sqlite.SQLiteDirectCursorDriver.query(Unknown Source)
05-22 17:12:04.296 W/SQLiteCursor( 7213): 	at com.pekall.sandbox.database.sqlite.SQLiteDatabase.rawQueryWithFactory(Unknown Source)
05-22 17:12:04.296 W/SQLiteCursor( 7213): 	at com.pekall.sandbox.database.sqlite.SQLiteQueryBuilder.query(Unknown Source)
05-22 17:12:04.296 W/SQLiteCursor( 7213): 	at com.pekall.emdm.contacts.db.SimpleContactsProvider.query(Unknown Source)
05-22 17:12:04.296 W/SQLiteCursor( 7213): 	at android.content.ContentProvider.query(ContentProvider.java:744)
05-22 17:12:04.296 W/SQLiteCursor( 7213): 	at android.content.ContentProvider$Transport.query(ContentProvider.java:199)
05-22 17:12:04.296 W/SQLiteCursor( 7213): 	at android.content.ContentResolver.query(ContentResolver.java:414)
05-22 17:12:04.296 W/SQLiteCursor( 7213): 	at android.content.ContentResolver.query(ContentResolver.java:357)
05-22 17:12:04.296 W/SQLiteCursor( 7213): 	at com.pekall.emdm.contacts.ui.DefaultContactBrowseListFragment.d(Unknown Source)
05-22 17:12:04.296 W/SQLiteCursor( 7213): 	at com.pekall.emdm.contacts.ui.DefaultContactBrowseListFragment.onClick(Unknown Source)
05-22 17:12:04.296 W/SQLiteCursor( 7213): 	at android.view.View.performClick(View.java:4240)
05-22 17:12:04.296 W/SQLiteCursor( 7213): 	at android.view.View$PerformClick.run(View.java:17721)
05-22 17:12:04.296 W/SQLiteCursor( 7213): 	at android.os.Handler.handleCallback(Handler.java:730)
05-22 17:12:04.296 W/SQLiteCursor( 7213): 	at android.os.Handler.dispatchMessage(Handler.java:92)
05-22 17:12:04.296 W/SQLiteCursor( 7213): 	at android.os.Looper.loop(Looper.java:137)
05-22 17:12:04.296 W/SQLiteCursor( 7213): 	at android.app.ActivityThread.main(ActivityThread.java:5103)
05-22 17:12:04.296 W/SQLiteCursor( 7213): 	at java.lang.reflect.Method.invokeNative(Native Method)
05-22 17:12:04.296 W/SQLiteCursor( 7213): 	at java.lang.reflect.Method.invoke(Method.java:525)
05-22 17:12:04.296 W/SQLiteCursor( 7213): 	at com.android.internal.os.ZygoteInit$MethodAndArgsCaller.run(ZygoteInit.java:737)
05-22 17:12:04.296 W/SQLiteCursor( 7213): 	at com.android.internal.os.ZygoteInit.main(ZygoteInit.java:553)
05-22 17:12:04.296 W/SQLiteCursor( 7213): 	at dalvik.system.NativeStart.main(Native Method)
05-22 17:12:04.304 W/CursorWrapperInner( 7213): Cursor finalized without prior close()
05-22 17:12:04.304 W/CursorWrapperInner( 7213): Cursor finalized without prior close()
05-22 17:12:04.304 W/SQLiteCursor( 7213): Finalizing a Cursor that has not been deactivated or closed. database = /data/data/com.pekall.emdm.launcher/databases/emdm_contacts.db, table = frequently_contacts, query = SELECT _id, company_id, number, date, name FROM frequently_contacts ORDER BY date DESC
05-22 17:12:04.304 W/SQLiteCursor( 7213): com.pekall.sandbox.database.sqlite.DatabaseObjectNotClosedException: Application did not close the cursor or database object that was opened here
05-22 17:12:04.304 W/SQLiteCursor( 7213): 	at com.pekall.sandbox.database.sqlite.SQLiteCursor.<init>(Unknown Source)
05-22 17:12:04.304 W/SQLiteCursor( 7213): 	at com.pekall.sandbox.database.sqlite.SQLiteDirectCursorDriver.query(Unknown Source)
05-22 17:12:04.304 W/SQLiteCursor( 7213): 	at com.pekall.sandbox.database.sqlite.SQLiteDatabase.rawQueryWithFactory(Unknown Source)
05-22 17:12:04.304 W/SQLiteCursor( 7213): 	at com.pekall.sandbox.database.sqlite.SQLiteQueryBuilder.query(Unknown Source)
05-22 17:12:04.304 W/SQLiteCursor( 7213): 	at com.pekall.emdm.contacts.db.SimpleContactsProvider.query(Unknown Source)
05-22 17:12:04.304 W/SQLiteCursor( 7213): 	at android.content.ContentProvider.query(ContentProvider.java:744)
05-22 17:12:04.304 W/SQLiteCursor( 7213): 	at android.content.ContentProvider$Transport.query(ContentProvider.java:199)
05-22 17:12:04.304 W/SQLiteCursor( 7213): 	at android.content.ContentResolver.query(ContentResolver.java:414)
05-22 17:12:04.304 W/SQLiteCursor( 7213): 	at android.content.ContentResolver.query(ContentResolver.java:357)
05-22 17:12:04.304 W/SQLiteCursor( 7213): 	at com.pekall.emdm.contacts.ui.n.a(Unknown Source)
05-22 17:12:04.304 W/SQLiteCursor( 7213): 	at com.pekall.emdm.contacts.ui.n.doInBackground(Unknown Source)
05-22 17:12:04.304 W/SQLiteCursor( 7213): 	at android.os.AsyncTask$2.call(AsyncTask.java:287)
05-22 17:12:04.304 W/SQLiteCursor( 7213): 	at java.util.concurrent.FutureTask.run(FutureTask.java:234)
05-22 17:12:04.304 W/SQLiteCursor( 7213): 	at android.os.AsyncTask$SerialExecutor$1.run(AsyncTask.java:230)
05-22 17:12:04.304 W/SQLiteCursor( 7213): 	at java.util.concurrent.ThreadPoolExecutor.runWorker(ThreadPoolExecutor.java:1080)
05-22 17:12:04.304 W/SQLiteCursor( 7213): 	at java.util.concurrent.ThreadPoolExecutor$Worker.run(ThreadPoolExecutor.java:573)
05-22 17:12:04.304 W/SQLiteCursor( 7213): 	at java.lang.Thread.run(Thread.java:841)
05-22 17:12:04.312 W/CursorWrapperInner( 7213): Cursor finalized without prior close()
05-22 17:12:04.398 I/Choreographer( 7213): Skipped 48 frames!  The application may be doing too much work on its main thread.
05-22 17:12:04.554 W/InteractionController( 9139): runAndwaitForEvent timedout waiting for events
05-22 17:12:04.851 D/DefaultContactBrowseListFragment( 7213): onDestroyView==============
05-22 17:12:04.859 D/AssistantCallLogFragment( 7213): [---null: -1---]onDestroyView==============
05-22 17:12:06.609 I/QueryController( 9139): Matched selector: UiSelector[TEXT=Personal Mode, CLASS=android.widget.TextView, PACKAGE NAME=com.pekall.emdm.launcher] <<==>> [android.view.accessibility.AccessibilityNodeInfo@39c3b; boundsInParent: Rect(0, 0 - 160, 200); boundsInScreen: Rect(190, 608 - 350, 808); packageName: com.pekall.emdm.launcher; className: android.widget.TextView; text: Personal Mode; contentDescription: null; viewIdResName: null; checkable: false; checked: false; focusable: false; focused: false; selected: false; clickable: true; longClickable: true; enabled: true; password: false; scrollable: false; [ACTION_SELECT, ACTION_CLEAR_SELECTION, ACTION_CLICK, ACTION_LONG_CLICK, ACTION_ACCESSIBILITY_FOCUS, ACTION_NEXT_AT_MOVEMENT_GRANULARITY, ACTION_PREVIOUS_AT_MOVEMENT_GRANULARITY, ACTION_SET_SELECTION]]
05-22 17:12:06.616 I/QueryController( 9139): Matched selector: UiSelector[TEXT=EmdmContacts, CLASS=android.widget.TextView, PACKAGE NAME=com.pekall.emdm.launcher] <<==>> [android.view.accessibility.AccessibilityNodeInfo@3a3bd; boundsInParent: Rect(0, 0 - 160, 200); boundsInScreen: Rect(550, 608 - 710, 808); packageName: com.pekall.emdm.launcher; className: android.widget.TextView; text: EmdmContacts; contentDescription: null; viewIdResName: null; checkable: false; checked: false; focusable: false; focused: false; selected: false; clickable: true; longClickable: true; enabled: true; password: false; scrollable: false; [ACTION_SELECT, ACTION_CLEAR_SELECTION, ACTION_CLICK, ACTION_LONG_CLICK, ACTION_ACCESSIBILITY_FOCUS, ACTION_NEXT_AT_MOVEMENT_GRANULARITY, ACTION_PREVIOUS_AT_MOVEMENT_GRANULARITY, ACTION_SET_SELECTION]]
05-22 17:12:06.632 I/QueryController( 9139): Matched selector: UiSelector[TEXT=EmdmContacts, CLASS=android.widget.TextView, PACKAGE NAME=com.pekall.emdm.launcher] <<==>> [android.view.accessibility.AccessibilityNodeInfo@3a3bd; boundsInParent: Rect(0, 0 - 160, 200); boundsInScreen: Rect(550, 608 - 710, 808); packageName: com.pekall.emdm.launcher; className: android.widget.TextView; text: EmdmContacts; contentDescription: null; viewIdResName: null; checkable: false; checked: false; focusable: false; focused: false; selected: false; clickable: true; longClickable: true; enabled: true; password: false; scrollable: false; [ACTION_SELECT, ACTION_CLEAR_SELECTION, ACTION_CLICK, ACTION_LONG_CLICK, ACTION_ACCESSIBILITY_FOCUS, ACTION_NEXT_AT_MOVEMENT_GRANULARITY, ACTION_PREVIOUS_AT_MOVEMENT_GRANULARITY, ACTION_SET_SELECTION]]
05-22 17:12:06.640 I/QueryController( 9139): Matched selector: UiSelector[TEXT=EmdmContacts, CLASS=android.widget.TextView, PACKAGE NAME=com.pekall.emdm.launcher] <<==>> [android.view.accessibility.AccessibilityNodeInfo@3a3bd; boundsInParent: Rect(0, 0 - 160, 200); boundsInScreen: Rect(550, 608 - 710, 808); packageName: com.pekall.emdm.launcher; className: android.widget.TextView; text: EmdmContacts; contentDescription: null; viewIdResName: null; checkable: false; checked: false; focusable: false; focused: false; selected: false; clickable: true; longClickable: true; enabled: true; password: false; scrollable: false; [ACTION_SELECT, ACTION_CLEAR_SELECTION, ACTION_CLICK, ACTION_LONG_CLICK, ACTION_ACCESSIBILITY_FOCUS, ACTION_NEXT_AT_MOVEMENT_GRANULARITY, ACTION_PREVIOUS_AT_MOVEMENT_GRANULARITY, ACTION_SET_SELECTION]]
05-22 17:12:06.640 D/UiObject( 9139): getText() = EmdmContacts
05-22 17:12:06.656 I/QueryController( 9139): Matched selector: UiSelector[TEXT=EmdmContacts, CLASS=android.widget.TextView, PACKAGE NAME=com.pekall.emdm.launcher] <<==>> [android.view.accessibility.AccessibilityNodeInfo@3a3bd; boundsInParent: Rect(0, 0 - 160, 200); boundsInScreen: Rect(550, 608 - 710, 808); packageName: com.pekall.emdm.launcher; className: android.widget.TextView; text: EmdmContacts; contentDescription: null; viewIdResName: null; checkable: false; checked: false; focusable: false; focused: false; selected: false; clickable: true; longClickable: true; enabled: true; password: false; scrollable: false; [ACTION_SELECT, ACTION_CLEAR_SELECTION, ACTION_CLICK, ACTION_LONG_CLICK, ACTION_ACCESSIBILITY_FOCUS, ACTION_NEXT_AT_MOVEMENT_GRANULARITY, ACTION_PREVIOUS_AT_MOVEMENT_GRANULARITY, ACTION_SET_SELECTION]]
05-22 17:12:06.663 I/QueryController( 9139): Matched selector: UiSelector[TEXT=EmdmContacts, CLASS=android.widget.TextView, PACKAGE NAME=com.pekall.emdm.launcher] <<==>> [android.view.accessibility.AccessibilityNodeInfo@3a3bd; boundsInParent: Rect(0, 0 - 160, 200); boundsInScreen: Rect(550, 608 - 710, 808); packageName: com.pekall.emdm.launcher; className: android.widget.TextView; text: EmdmContacts; contentDescription: null; viewIdResName: null; checkable: false; checked: false; focusable: false; focused: false; selected: false; clickable: true; longClickable: true; enabled: true; password: false; scrollable: false; [ACTION_SELECT, ACTION_CLEAR_SELECTION, ACTION_CLICK, ACTION_LONG_CLICK, ACTION_ACCESSIBILITY_FOCUS, ACTION_NEXT_AT_MOVEMENT_GRANULARITY, ACTION_PREVIOUS_AT_MOVEMENT_GRANULARITY, ACTION_SET_SELECTION]]
05-22 17:12:06.663 D/InteractionController( 9139): clickAndWaitForNewWindow(630, 708)
05-22 17:12:06.796 W/Parcel  (  802): Attempt to read object from Parcel 0x5e0dfdac at offset 200 that is not in the object list
05-22 17:12:06.796 I/ActivityManager(  375): START u0 {flg=0x10000000 cmp=com.pekall.emdm.launcher/com.pekall.emdm.contacts.activities.PeopleActivity} from pid 7213
05-22 17:12:06.898 D/dalvikvm(  375): GC_FOR_ALLOC freed 822K, 20% free 18474K/22960K, paused 62ms, total 62ms
05-22 17:12:06.906 D/LauncherApplication( 7213): [null:-1]->onActivityPaused
05-22 17:12:06.913 D/LauncherApplication( 7213): [null:-1]->onActivityPaused  updateTime
05-22 17:12:06.929 W/Parcel  (  802): Attempt to read object from Parcel 0x5f747dac at offset 200 that is not in the object list
05-22 17:12:06.929 I/ActivityManager(  375): START u0 {cmp=com.pekall.emdm.launcher/com.pekall.emdm.contacts.activities.DialtactsActivity (has extras)} from pid 7213
05-22 17:12:06.960 V/LauncherApplication( 7213): onActivityStarted
05-22 17:12:06.960 D/        ( 7213): [---null: -1---]     awsa  onActivityResumed
05-22 17:12:06.960 V/LauncherApplication( 7213): 2MdmConstant.LAST_LAUNCH_TIME = 1400749926926
05-22 17:12:06.968 D/        ( 7213): [---null: -1---]  activity = com.pekall.emdm.contacts.activities.DialtactsActivity
05-22 17:12:06.976 V/DefultSetContriller( 7213): isLauncherDf = com.pekall.emdm.launcher
05-22 17:12:06.976 V/DefultSetContriller( 7213): isPhoneDf = com.pekall.emdm.launcher
05-22 17:12:06.976 E/LauncherApplication( 7213): isShowLogoutUI = true
05-22 17:12:06.976 E/LauncherApplication( 7213): LogoutShowTime 1
05-22 17:12:07.007 D/ContactsProvider( 7213): [Contacts] query 'content://emdmcontacts/contacts', segment size: 1
05-22 17:12:07.023 I/ContactPhotoManager( 7213): Cache adj: 0.5
05-22 17:12:07.023 E/ContactPhotoManager( 7213): No contact photo service in context: com.pekall.emdm.launcher.LauncherApplication@422483a0
05-22 17:12:07.101 V/PhoneStatusBar(  450): setLightsOn(true)
05-22 17:12:07.148 D/ContactsProvider( 7213): [Contacts] query 'content://emdmcontacts/company_calllogs', segment size: 1
05-22 17:12:07.187 D/ContactsProvider( 7213): [Contacts] query 'content://emdmcontacts/frequently_contacts', segment size: 1
05-22 17:12:07.187 D/ContactsProvider( 7213): [Contacts] query 'content://emdmcontacts/contacts', segment size: 1
05-22 17:12:07.210 I/ActivityManager(  375): Displayed com.pekall.emdm.launcher/com.pekall.emdm.contacts.activities.DialtactsActivity: +279ms (total +295ms)
05-22 17:12:07.874 I/QueryController( 9139): Matched selector: UiSelector[TEXT=company, CLASS=android.widget.TextView, PACKAGE NAME=com.pekall.emdm.launcher] <<==>> [android.view.accessibility.AccessibilityNodeInfo@220dcb; boundsInParent: Rect(0, 0 - 345, 53); boundsInScreen: Rect(20, 1111 - 365, 1164); packageName: com.pekall.emdm.launcher; className: android.widget.TextView; text: company; contentDescription: null; viewIdResName: com.pekall.emdm.launcher:id/call_company; checkable: false; checked: false; focusable: false; focused: false; selected: true; clickable: true; longClickable: false; enabled: true; password: false; scrollable: false; [ACTION_SELECT, ACTION_CLEAR_SELECTION, ACTION_CLICK, ACTION_ACCESSIBILITY_FOCUS, ACTION_NEXT_AT_MOVEMENT_GRANULARITY, ACTION_PREVIOUS_AT_MOVEMENT_GRANULARITY, ACTION_SET_SELECTION]]
05-22 17:12:07.890 I/QueryController( 9139): Matched selector: UiSelector[TEXT=company, CLASS=android.widget.TextView, PACKAGE NAME=com.pekall.emdm.launcher] <<==>> [android.view.accessibility.AccessibilityNodeInfo@220dcb; boundsInParent: Rect(0, 0 - 345, 53); boundsInScreen: Rect(20, 1111 - 365, 1164); packageName: com.pekall.emdm.launcher; className: android.widget.TextView; text: company; contentDescription: null; viewIdResName: com.pekall.emdm.launcher:id/call_company; checkable: false; checked: false; focusable: false; focused: false; selected: true; clickable: true; longClickable: false; enabled: true; password: false; scrollable: false; [ACTION_SELECT, ACTION_CLEAR_SELECTION, ACTION_CLICK, ACTION_ACCESSIBILITY_FOCUS, ACTION_NEXT_AT_MOVEMENT_GRANULARITY, ACTION_PREVIOUS_AT_MOVEMENT_GRANULARITY, ACTION_SET_SELECTION]]
05-22 17:12:07.890 D/UiObject( 9139): getText() = company
05-22 17:12:07.913 I/QueryController( 9139): Matched selector: UiSelector[TEXT=company, CLASS=android.widget.TextView, PACKAGE NAME=com.pekall.emdm.launcher] <<==>> [android.view.accessibility.AccessibilityNodeInfo@220dcb; boundsInParent: Rect(0, 0 - 345, 53); boundsInScreen: Rect(20, 1111 - 365, 1164); packageName: com.pekall.emdm.launcher; className: android.widget.TextView; text: company; contentDescription: null; viewIdResName: com.pekall.emdm.launcher:id/call_company; checkable: false; checked: false; focusable: false; focused: false; selected: true; clickable: true; longClickable: false; enabled: true; password: false; scrollable: false; [ACTION_SELECT, ACTION_CLEAR_SELECTION, ACTION_CLICK, ACTION_ACCESSIBILITY_FOCUS, ACTION_NEXT_AT_MOVEMENT_GRANULARITY, ACTION_PREVIOUS_AT_MOVEMENT_GRANULARITY, ACTION_SET_SELECTION]]
05-22 17:12:07.929 I/QueryController( 9139): Matched selector: UiSelector[TEXT=company, CLASS=android.widget.TextView, PACKAGE NAME=com.pekall.emdm.launcher] <<==>> [android.view.accessibility.AccessibilityNodeInfo@220dcb; boundsInParent: Rect(0, 0 - 345, 53); boundsInScreen: Rect(20, 1111 - 365, 1164); packageName: com.pekall.emdm.launcher; className: android.widget.TextView; text: company; contentDescription: null; viewIdResName: com.pekall.emdm.launcher:id/call_company; checkable: false; checked: false; focusable: false; focused: false; selected: true; clickable: true; longClickable: false; enabled: true; password: false; scrollable: false; [ACTION_SELECT, ACTION_CLEAR_SELECTION, ACTION_CLICK, ACTION_ACCESSIBILITY_FOCUS, ACTION_NEXT_AT_MOVEMENT_GRANULARITY, ACTION_PREVIOUS_AT_MOVEMENT_GRANULARITY, ACTION_SET_SELECTION]]
05-22 17:12:07.929 D/InteractionController( 9139): clickAndWaitForNewWindow(192, 1137)
05-22 17:12:08.038 D/ContactsProvider( 7213): [Contacts] query 'content://emdmcontacts/contacts', segment size: 1
05-22 17:12:11.031 W/InteractionController( 9139): runAndwaitForEvent timedout waiting for events
05-22 17:12:11.054 I/QueryController( 9139): Matched selector: UiSelector[CLASS=android.widget.ImageView, INDEX=2] <<==>> [android.view.accessibility.AccessibilityNodeInfo@223355; boundsInParent: Rect(0, 0 - 240, 50); boundsInScreen: Rect(480, 73 - 720, 123); packageName: com.pekall.emdm.launcher; className: android.widget.ImageView; text: null; contentDescription: null; viewIdResName: com.pekall.emdm.launcher:id/thrid; checkable: false; checked: false; focusable: false; focused: false; selected: false; clickable: true; longClickable: false; enabled: true; password: false; scrollable: false; [ACTION_SELECT, ACTION_CLEAR_SELECTION, ACTION_CLICK, ACTION_ACCESSIBILITY_FOCUS]]
05-22 17:12:11.054 D/InteractionController( 9139): clickAndWaitForNewWindow(600, 98)
05-22 17:12:14.156 W/InteractionController( 9139): runAndwaitForEvent timedout waiting for events
05-22 17:12:14.202 D/MdmService( 7213): [null:-1]->receiver action :com.pekall.mdm.action.MDM_ALARM
05-22 17:12:14.218 D/MdmService( 7213): [null:-1]->keepAliveWithPushServer client is opened:true
05-22 17:12:14.218 D/MDM :   ( 7213): [null:-1]->ping!!!!!!!!!
05-22 17:12:14.226 D/MdmService( 7213): [null:-1]->pushUrl : ws://test.mdm.everknow.cn:9090/websocket
05-22 17:12:14.226 D/MDM :   ( 7213): [null:-1]->mMdmPushClient is :not null
05-22 17:12:14.226 D/MDM :   ( 7213): [null:-1]->mMdmPushClient opened : opened
05-22 17:12:14.241 D/MDM :   ( 7213): [null:-1]->MSG_WEBSOCKET_PONG
05-22 17:12:14.257 I/QueryController( 9139): Matched selector: UiSelector[TEXT=company, CLASS=android.widget.TextView, PACKAGE NAME=com.pekall.emdm.launcher] <<==>> [android.view.accessibility.AccessibilityNodeInfo@220dcb; boundsInParent: Rect(0, 0 - 345, 53); boundsInScreen: Rect(20, 1111 - 365, 1164); packageName: com.pekall.emdm.launcher; className: android.widget.TextView; text: company; contentDescription: null; viewIdResName: com.pekall.emdm.launcher:id/call_company; checkable: false; checked: false; focusable: false; focused: false; selected: true; clickable: true; longClickable: false; enabled: true; password: false; scrollable: false; [ACTION_SELECT, ACTION_CLEAR_SELECTION, ACTION_CLICK, ACTION_ACCESSIBILITY_FOCUS, ACTION_NEXT_AT_MOVEMENT_GRANULARITY, ACTION_PREVIOUS_AT_MOVEMENT_GRANULARITY, ACTION_SET_SELECTION]]
05-22 17:12:14.273 I/QueryController( 9139): Matched selector: UiSelector[PACKAGE NAME=com.pekall.emdm.launcher] <<==>> [android.view.accessibility.AccessibilityNodeInfo@2164de; boundsInParent: Rect(0, 0 - 720, 1184); boundsInScreen: Rect(0, 0 - 720, 1184); packageName: com.pekall.emdm.launcher; className: android.widget.FrameLayout; text: null; contentDescription: null; viewIdResName: null; checkable: false; checked: false; focusable: false; focused: false; selected: false; clickable: false; longClickable: false; enabled: true; password: false; scrollable: false; [ACTION_SELECT, ACTION_CLEAR_SELECTION, ACTION_ACCESSIBILITY_FOCUS]]
05-22 17:12:14.304 I/QueryController( 9139): Matched selector: UiSelector[PACKAGE NAME=com.pekall.emdm.launcher] <<==>> [android.view.accessibility.AccessibilityNodeInfo@2164de; boundsInParent: Rect(0, 0 - 720, 1184); boundsInScreen: Rect(0, 0 - 720, 1184); packageName: com.pekall.emdm.launcher; className: android.widget.FrameLayout; text: null; contentDescription: null; viewIdResName: null; checkable: false; checked: false; focusable: false; focused: false; selected: false; clickable: false; longClickable: false; enabled: true; password: false; scrollable: false; [ACTION_SELECT, ACTION_CLEAR_SELECTION, ACTION_ACCESSIBILITY_FOCUS]]
05-22 17:12:14.351 I/ActivityManager(  375): START u0 {act=android.intent.action.MAIN cat=[android.intent.category.HOME] flg=0x10200000 cmp=com.pekall.emdm.launcher/.Launcher} from pid 375
05-22 17:12:14.437 D/dalvikvm(  375): GC_FOR_ALLOC freed 1594K, 23% free 17739K/22960K, paused 56ms, total 57ms
05-22 17:12:14.445 D/LauncherApplication( 7213): [null:-1]->onActivityPaused
05-22 17:12:14.452 D/LauncherApplication( 7213): [null:-1]->onActivityPaused  updateTime
05-22 17:12:14.468 V/LauncherApplication( 7213): onActivityStarted
05-22 17:12:14.468 D/        ( 7213): [---null: -1---]     awsa  onActivityResumed
05-22 17:12:14.468 V/LauncherApplication( 7213): 2MdmConstant.LAST_LAUNCH_TIME = 1400749934462
05-22 17:12:14.468 D/        ( 7213): [---null: -1---]  activity = com.pekall.emdm.launcher.Launcher
05-22 17:12:14.476 V/DefultSetContriller( 7213): isLauncherDf = com.pekall.emdm.launcher
05-22 17:12:14.476 V/DefultSetContriller( 7213): isLauncherDf = com.pekall.emdm.launcher
05-22 17:12:14.476 V/DefultSetContriller( 7213): isPhoneDf = com.pekall.emdm.launcher
05-22 17:12:14.476 E/LauncherApplication( 7213): isShowLogoutUI = true
05-22 17:12:14.476 E/LauncherApplication( 7213): LogoutShowTime 1
05-22 17:12:14.476 V/Launcher( 7213): onResume1111111 
05-22 17:12:14.476 V/Launcher( 7213): is login ----> 
05-22 17:12:14.476 I/System.out( 7213):  
05-22 17:12:14.476 I/System.out( 7213): com.pekall.emdm.launcher.Workspace.setWallpaper(Unknown Source)
05-22 17:12:14.484 I/System.out( 7213): com.pekall.emdm.launcher.Launcher.onResume(Unknown Source)
05-22 17:12:14.484 I/System.out( 7213): android.app.Instrumentation.callActivityOnResume(Instrumentation.java:1192)
05-22 17:12:14.484 I/System.out( 7213): android.app.Activity.performResume(Activity.java:5211)
05-22 17:12:14.484 I/System.out( 7213): android.app.ActivityThread.performResumeActivity(ActivityThread.java:2780)
05-22 17:12:14.484 I/System.out( 7213): android.app.ActivityThread.handleResumeActivity(ActivityThread.java:2819)
05-22 17:12:14.484 I/System.out( 7213): android.app.ActivityThread$H.handleMessage(ActivityThread.java:1298)
05-22 17:12:14.484 I/System.out( 7213): android.os.Handler.dispatchMessage(Handler.java:99)
05-22 17:12:14.484 I/System.out( 7213): android.os.Looper.loop(Looper.java:137)
05-22 17:12:14.484 I/System.out( 7213): android.app.ActivityThread.main(ActivityThread.java:5103)
05-22 17:12:14.484 I/System.out( 7213): java.lang.reflect.Method.invokeNative(Native Method)
05-22 17:12:14.484 I/System.out( 7213): java.lang.reflect.Method.invoke(Method.java:525)
05-22 17:12:14.484 I/System.out( 7213): com.android.internal.os.ZygoteInit$MethodAndArgsCaller.run(ZygoteInit.java:737)
05-22 17:12:14.484 I/System.out( 7213): com.android.internal.os.ZygoteInit.main(ZygoteInit.java:553)
05-22 17:12:14.484 I/System.out( 7213): dalvik.system.NativeStart.main(Native Method)
05-22 17:12:14.491 D/dalvikvm(  450): GC_FOR_ALLOC freed 806K, 17% free 12753K/15364K, paused 41ms, total 41ms
05-22 17:12:14.741 D/dalvikvm( 7213): JIT unchain all for threadid=11
05-22 17:12:14.804 D/dalvikvm( 7213): GC_FOR_ALLOC freed 4072K, 25% free 32084K/42548K, paused 314ms, total 315ms
05-22 17:12:14.812 W/SQLiteCursor( 7213): Finalizing a Cursor that has not been deactivated or closed. database = /data/data/com.pekall.emdm.launcher/databases/emdm_contacts.db, table = company_calllogs, query = SELECT _id, number, date, duration, type, name, numbertype, numberlabel, company_calllogs_id, company_calllogs_department, company_id FROM company_calllogs ORDER BY date DESC
05-22 17:12:14.812 W/SQLiteCursor( 7213): com.pekall.sandbox.database.sqlite.DatabaseObjectNotClosedException: Application did not close the cursor or database object that was opened here
05-22 17:12:14.812 W/SQLiteCursor( 7213): 	at com.pekall.sandbox.database.sqlite.SQLiteCursor.<init>(Unknown Source)
05-22 17:12:14.812 W/SQLiteCursor( 7213): 	at com.pekall.sandbox.database.sqlite.SQLiteDirectCursorDriver.query(Unknown Source)
05-22 17:12:14.812 W/SQLiteCursor( 7213): 	at com.pekall.sandbox.database.sqlite.SQLiteDatabase.rawQueryWithFactory(Unknown Source)
05-22 17:12:14.812 W/SQLiteCursor( 7213): 	at com.pekall.sandbox.database.sqlite.SQLiteQueryBuilder.query(Unknown Source)
05-22 17:12:14.812 W/SQLiteCursor( 7213): 	at com.pekall.emdm.contacts.db.SimpleContactsProvider.query(Unknown Source)
05-22 17:12:14.812 W/SQLiteCursor( 7213): 	at android.content.ContentProvider.query(ContentProvider.java:744)
05-22 17:12:14.812 W/SQLiteCursor( 7213): 	at android.content.ContentProvider$Transport.query(ContentProvider.java:199)
05-22 17:12:14.812 W/SQLiteCursor( 7213): 	at android.content.ContentResolver.query(ContentResolver.java:414)
05-22 17:12:14.812 W/SQLiteCursor( 7213): 	at android.content.ContentResolver.query(ContentResolver.java:357)
05-22 17:12:14.812 W/SQLiteCursor( 7213): 	at android.content.AsyncQueryHandler$WorkerHandler.handleMessage(AsyncQueryHandler.java:79)
05-22 17:12:14.812 W/SQLiteCursor( 7213): 	at com.pekall.emdm.contacts.calllog.p.handleMessage(Unknown Source)
05-22 17:12:14.812 W/SQLiteCursor( 7213): 	at android.os.Handler.dispatchMessage(Handler.java:99)
05-22 17:12:14.812 W/SQLiteCursor( 7213): 	at android.os.Looper.loop(Looper.java:137)
05-22 17:12:14.812 W/SQLiteCursor( 7213): 	at android.os.HandlerThread.run(HandlerThread.java:61)
05-22 17:12:14.812 W/CursorWrapperInner( 7213): Cursor finalized without prior close()
05-22 17:12:14.820 W/SQLiteCursor( 7213): Finalizing a Cursor that has not been deactivated or closed. database = /data/data/com.pekall.emdm.launcher/databases/emdm_contacts.db, table = contacts, query = SELECT * FROM contacts ORDER BY sort_key  asc
05-22 17:12:14.820 W/SQLiteCursor( 7213): com.pekall.sandbox.database.sqlite.DatabaseObjectNotClosedException: Application did not close the cursor or database object that was opened here
05-22 17:12:14.820 W/SQLiteCursor( 7213): 	at com.pekall.sandbox.database.sqlite.SQLiteCursor.<init>(Unknown Source)
05-22 17:12:14.820 W/SQLiteCursor( 7213): 	at com.pekall.sandbox.database.sqlite.SQLiteDirectCursorDriver.query(Unknown Source)
05-22 17:12:14.820 W/SQLiteCursor( 7213): 	at com.pekall.sandbox.database.sqlite.SQLiteDatabase.rawQueryWithFactory(Unknown Source)
05-22 17:12:14.820 W/SQLiteCursor( 7213): 	at com.pekall.sandbox.database.sqlite.SQLiteQueryBuilder.query(Unknown Source)
05-22 17:12:14.820 W/SQLiteCursor( 7213): 	at com.pekall.emdm.contacts.db.SimpleContactsProvider.query(Unknown Source)
05-22 17:12:14.820 W/SQLiteCursor( 7213): 	at android.content.ContentProvider.query(ContentProvider.java:744)
05-22 17:12:14.820 W/SQLiteCursor( 7213): 	at android.content.ContentProvider$Transport.query(ContentProvider.java:199)
05-22 17:12:14.820 W/SQLiteCursor( 7213): 	at android.content.ContentResolver.query(ContentResolver.java:414)
05-22 17:12:14.820 W/SQLiteCursor( 7213): 	at android.content.ContentResolver.query(ContentResolver.java:357)
05-22 17:12:14.820 W/SQLiteCursor( 7213): 	at com.pekall.emdm.contacts.ui.DefaultContactBrowseListFragment.d(Unknown Source)
05-22 17:12:14.820 W/SQLiteCursor( 7213): 	at com.pekall.emdm.contacts.ui.DefaultContactBrowseListFragment.onClick(Unknown Source)
05-22 17:12:14.820 W/SQLiteCursor( 7213): 	at android.view.View.performClick(View.java:4240)
05-22 17:12:14.820 W/SQLiteCursor( 7213): 	at android.view.View$PerformClick.run(View.java:17721)
05-22 17:12:14.820 W/SQLiteCursor( 7213): 	at android.os.Handler.handleCallback(Handler.java:730)
05-22 17:12:14.820 W/SQLiteCursor( 7213): 	at android.os.Handler.dispatchMessage(Handler.java:92)
05-22 17:12:14.820 W/SQLiteCursor( 7213): 	at android.os.Looper.loop(Looper.java:137)
05-22 17:12:14.820 W/SQLiteCursor( 7213): 	at android.app.ActivityThread.main(ActivityThread.java:5103)
05-22 17:12:14.820 W/SQLiteCursor( 7213): 	at java.lang.reflect.Method.invokeNative(Native Method)
05-22 17:12:14.820 W/SQLiteCursor( 7213): 	at java.lang.reflect.Method.invoke(Method.java:525)
05-22 17:12:14.820 W/SQLiteCursor( 7213): 	at com.android.internal.os.ZygoteInit$MethodAndArgsCaller.run(ZygoteInit.java:737)
05-22 17:12:14.820 W/SQLiteCursor( 7213): 	at com.android.internal.os.ZygoteInit.main(ZygoteInit.java:553)
05-22 17:12:14.820 W/SQLiteCursor( 7213): 	at dalvik.system.NativeStart.main(Native Method)
05-22 17:12:14.820 W/CursorWrapperInner( 7213): Cursor finalized without prior close()
05-22 17:12:14.827 W/CursorWrapperInner( 7213): Cursor finalized without prior close()
05-22 17:12:14.827 W/SQLiteCursor( 7213): Finalizing a Cursor that has not been deactivated or closed. database = /data/data/com.pekall.emdm.launcher/databases/emdm_contacts.db, table = frequently_contacts, query = SELECT _id, company_id, number, date, name FROM frequently_contacts ORDER BY date DESC
05-22 17:12:14.827 W/SQLiteCursor( 7213): com.pekall.sandbox.database.sqlite.DatabaseObjectNotClosedException: Application did not close the cursor or database object that was opened here
05-22 17:12:14.827 W/SQLiteCursor( 7213): 	at com.pekall.sandbox.database.sqlite.SQLiteCursor.<init>(Unknown Source)
05-22 17:12:14.827 W/SQLiteCursor( 7213): 	at com.pekall.sandbox.database.sqlite.SQLiteDirectCursorDriver.query(Unknown Source)
05-22 17:12:14.827 W/SQLiteCursor( 7213): 	at com.pekall.sandbox.database.sqlite.SQLiteDatabase.rawQueryWithFactory(Unknown Source)
05-22 17:12:14.827 W/SQLiteCursor( 7213): 	at com.pekall.sandbox.database.sqlite.SQLiteQueryBuilder.query(Unknown Source)
05-22 17:12:14.827 W/SQLiteCursor( 7213): 	at com.pekall.emdm.contacts.db.SimpleContactsProvider.query(Unknown Source)
05-22 17:12:14.827 W/SQLiteCursor( 7213): 	at android.content.ContentProvider.query(ContentProvider.java:744)
05-22 17:12:14.827 W/SQLiteCursor( 7213): 	at android.content.ContentProvider$Transport.query(ContentProvider.java:199)
05-22 17:12:14.827 W/SQLiteCursor( 7213): 	at android.content.ContentResolver.query(ContentResolver.java:414)
05-22 17:12:14.827 W/SQLiteCursor( 7213): 	at android.content.ContentResolver.query(ContentResolver.java:357)
05-22 17:12:14.827 W/SQLiteCursor( 7213): 	at com.pekall.emdm.contacts.ui.n.a(Unknown Source)
05-22 17:12:14.827 W/SQLiteCursor( 7213): 	at com.pekall.emdm.contacts.ui.n.doInBackground(Unknown Source)
05-22 17:12:14.827 W/SQLiteCursor( 7213): 	at android.os.AsyncTask$2.call(AsyncTask.java:287)
05-22 17:12:14.827 W/SQLiteCursor( 7213): 	at java.util.concurrent.FutureTask.run(FutureTask.java:234)
05-22 17:12:14.827 W/SQLiteCursor( 7213): 	at android.os.AsyncTask$SerialExecutor$1.run(AsyncTask.java:230)
05-22 17:12:14.827 W/SQLiteCursor( 7213): 	at java.util.concurrent.ThreadPoolExecutor.runWorker(ThreadPoolExecutor.java:1080)
05-22 17:12:14.827 W/SQLiteCursor( 7213): 	at java.util.concurrent.ThreadPoolExecutor$Worker.run(ThreadPoolExecutor.java:573)
05-22 17:12:14.827 W/SQLiteCursor( 7213): 	at java.lang.Thread.run(Thread.java:841)
05-22 17:12:14.827 W/CursorWrapperInner( 7213): Cursor finalized without prior close()
05-22 17:12:15.366 D/DefaultContactBrowseListFragment( 7213): onDestroyView==============
05-22 17:12:15.374 D/AssistantCallLogFragment( 7213): [---null: -1---]onDestroyView==============
05-22 17:12:17.163 I/QueryController( 9139): Matched selector: UiSelector[TEXT=Personal Mode, CLASS=android.widget.TextView, PACKAGE NAME=com.pekall.emdm.launcher] <<==>> [android.view.accessibility.AccessibilityNodeInfo@39c3b; boundsInParent: Rect(0, 0 - 160, 200); boundsInScreen: Rect(190, 608 - 350, 808); packageName: com.pekall.emdm.launcher; className: android.widget.TextView; text: Personal Mode; contentDescription: null; viewIdResName: null; checkable: false; checked: false; focusable: false; focused: false; selected: false; clickable: true; longClickable: true; enabled: true; password: false; scrollable: false; [ACTION_SELECT, ACTION_CLEAR_SELECTION, ACTION_CLICK, ACTION_LONG_CLICK, ACTION_ACCESSIBILITY_FOCUS, ACTION_NEXT_AT_MOVEMENT_GRANULARITY, ACTION_PREVIOUS_AT_MOVEMENT_GRANULARITY, ACTION_SET_SELECTION]]
05-22 17:12:17.171 I/QueryController( 9139): Matched selector: UiSelector[TEXT=EmdmContacts, CLASS=android.widget.TextView, PACKAGE NAME=com.pekall.emdm.launcher] <<==>> [android.view.accessibility.AccessibilityNodeInfo@3a3bd; boundsInParent: Rect(0, 0 - 160, 200); boundsInScreen: Rect(550, 608 - 710, 808); packageName: com.pekall.emdm.launcher; className: android.widget.TextView; text: EmdmContacts; contentDescription: null; viewIdResName: null; checkable: false; checked: false; focusable: false; focused: false; selected: false; clickable: true; longClickable: true; enabled: true; password: false; scrollable: false; [ACTION_SELECT, ACTION_CLEAR_SELECTION, ACTION_CLICK, ACTION_LONG_CLICK, ACTION_ACCESSIBILITY_FOCUS, ACTION_NEXT_AT_MOVEMENT_GRANULARITY, ACTION_PREVIOUS_AT_MOVEMENT_GRANULARITY, ACTION_SET_SELECTION]]
05-22 17:12:17.179 I/QueryController( 9139): Matched selector: UiSelector[TEXT=EmdmContacts, CLASS=android.widget.TextView, PACKAGE NAME=com.pekall.emdm.launcher] <<==>> [android.view.accessibility.AccessibilityNodeInfo@3a3bd; boundsInParent: Rect(0, 0 - 160, 200); boundsInScreen: Rect(550, 608 - 710, 808); packageName: com.pekall.emdm.launcher; className: android.widget.TextView; text: EmdmContacts; contentDescription: null; viewIdResName: null; checkable: false; checked: false; focusable: false; focused: false; selected: false; clickable: true; longClickable: true; enabled: true; password: false; scrollable: false; [ACTION_SELECT, ACTION_CLEAR_SELECTION, ACTION_CLICK, ACTION_LONG_CLICK, ACTION_ACCESSIBILITY_FOCUS, ACTION_NEXT_AT_MOVEMENT_GRANULARITY, ACTION_PREVIOUS_AT_MOVEMENT_GRANULARITY, ACTION_SET_SELECTION]]
05-22 17:12:17.195 I/QueryController( 9139): Matched selector: UiSelector[TEXT=EmdmContacts, CLASS=android.widget.TextView, PACKAGE NAME=com.pekall.emdm.launcher] <<==>> [android.view.accessibility.AccessibilityNodeInfo@3a3bd; boundsInParent: Rect(0, 0 - 160, 200); boundsInScreen: Rect(550, 608 - 710, 808); packageName: com.pekall.emdm.launcher; className: android.widget.TextView; text: EmdmContacts; contentDescription: null; viewIdResName: null; checkable: false; checked: false; focusable: false; focused: false; selected: false; clickable: true; longClickable: true; enabled: true; password: false; scrollable: false; [ACTION_SELECT, ACTION_CLEAR_SELECTION, ACTION_CLICK, ACTION_LONG_CLICK, ACTION_ACCESSIBILITY_FOCUS, ACTION_NEXT_AT_MOVEMENT_GRANULARITY, ACTION_PREVIOUS_AT_MOVEMENT_GRANULARITY, ACTION_SET_SELECTION]]
05-22 17:12:17.195 D/UiObject( 9139): getText() = EmdmContacts
05-22 17:12:17.202 I/QueryController( 9139): Matched selector: UiSelector[TEXT=EmdmContacts, CLASS=android.widget.TextView, PACKAGE NAME=com.pekall.emdm.launcher] <<==>> [android.view.accessibility.AccessibilityNodeInfo@3a3bd; boundsInParent: Rect(0, 0 - 160, 200); boundsInScreen: Rect(550, 608 - 710, 808); packageName: com.pekall.emdm.launcher; className: android.widget.TextView; text: EmdmContacts; contentDescription: null; viewIdResName: null; checkable: false; checked: false; focusable: false; focused: false; selected: false; clickable: true; longClickable: true; enabled: true; password: false; scrollable: false; [ACTION_SELECT, ACTION_CLEAR_SELECTION, ACTION_CLICK, ACTION_LONG_CLICK, ACTION_ACCESSIBILITY_FOCUS, ACTION_NEXT_AT_MOVEMENT_GRANULARITY, ACTION_PREVIOUS_AT_MOVEMENT_GRANULARITY, ACTION_SET_SELECTION]]
05-22 17:12:17.210 I/QueryController( 9139): Matched selector: UiSelector[TEXT=EmdmContacts, CLASS=android.widget.TextView, PACKAGE NAME=com.pekall.emdm.launcher] <<==>> [android.view.accessibility.AccessibilityNodeInfo@3a3bd; boundsInParent: Rect(0, 0 - 160, 200); boundsInScreen: Rect(550, 608 - 710, 808); packageName: com.pekall.emdm.launcher; className: android.widget.TextView; text: EmdmContacts; contentDescription: null; viewIdResName: null; checkable: false; checked: false; focusable: false; focused: false; selected: false; clickable: true; longClickable: true; enabled: true; password: false; scrollable: false; [ACTION_SELECT, ACTION_CLEAR_SELECTION, ACTION_CLICK, ACTION_LONG_CLICK, ACTION_ACCESSIBILITY_FOCUS, ACTION_NEXT_AT_MOVEMENT_GRANULARITY, ACTION_PREVIOUS_AT_MOVEMENT_GRANULARITY, ACTION_SET_SELECTION]]
05-22 17:12:17.218 D/InteractionController( 9139): clickAndWaitForNewWindow(630, 708)
05-22 17:12:17.343 W/Parcel  (  802): Attempt to read object from Parcel 0x5e0dfdac at offset 200 that is not in the object list
05-22 17:12:17.343 I/ActivityManager(  375): START u0 {flg=0x10000000 cmp=com.pekall.emdm.launcher/com.pekall.emdm.contacts.activities.PeopleActivity} from pid 7213
05-22 17:12:17.445 D/dalvikvm(  375): GC_FOR_ALLOC freed 813K, 20% free 18473K/22960K, paused 61ms, total 61ms
05-22 17:12:17.452 D/LauncherApplication( 7213): [null:-1]->onActivityPaused
05-22 17:12:17.460 D/LauncherApplication( 7213): [null:-1]->onActivityPaused  updateTime
05-22 17:12:17.476 W/Parcel  (  802): Attempt to read object from Parcel 0x5f747dac at offset 200 that is not in the object list
05-22 17:12:17.476 I/ActivityManager(  375): START u0 {cmp=com.pekall.emdm.launcher/com.pekall.emdm.contacts.activities.DialtactsActivity (has extras)} from pid 7213
05-22 17:12:17.499 V/LauncherApplication( 7213): onActivityStarted
05-22 17:12:17.499 D/        ( 7213): [---null: -1---]     awsa  onActivityResumed
05-22 17:12:17.499 V/LauncherApplication( 7213): 2MdmConstant.LAST_LAUNCH_TIME = 1400749937473
