05-22 16:51:36.734 D/dalvikvm(  375): GC_FOR_ALLOC freed 752K, 19% free 18771K/23020K, paused 76ms, total 76ms
05-22 16:51:36.765 D/dalvikvm( 7213): Late-enabling CheckJNI
05-22 16:51:36.765 I/ActivityManager(  375): Start proc com.pekall.emdm.launcher for activity com.pekall.emdm.launcher/.Launcher: pid=7213 uid=10066 gids={50066, 1015, 3002, 3001, 3003, 1028}
05-22 16:51:36.827 V/weixing ( 7213): mOpenHelper
05-22 16:51:36.851 D/dalvikvm( 7213): Trying to load lib /data/app-lib/com.pekall.emdm.launcher-1/libsandbox_jni.so 0x42247130
05-22 16:51:36.859 D/dalvikvm( 7213): Added shared lib /data/app-lib/com.pekall.emdm.launcher-1/libsandbox_jni.so 0x42247130
05-22 16:51:36.913 V/MyServiceConnection( 7213): [SConnection] sandbox service is NOT installed.
05-22 16:51:36.913 V/MyServiceConnection( 7213): [SConnection] binding service: pekall.intent.action.SANDBOX_SERVICE
05-22 16:51:36.960 W/Parcel  (  802): Attempt to read object from Parcel 0x5ed47dac at offset 200 that is not in the object list
05-22 16:51:36.960 D/ScClassLoader( 7213): >> SOURCE FILE: /data/data/com.pekall.emdm.launcher/app_jars/sc-jdk15on-1.47.0.2.dex.jar
05-22 16:51:36.968 W/Parcel  (  802): Attempt to read object from Parcel 0x5e0dfdac at offset 200 that is not in the object list
05-22 16:51:36.968 D/Email   ( 7213): Email: init sandbox at the beginning.
05-22 16:51:36.968 V/MyServiceConnection( 7213): [SConnection] retry to bind service
05-22 16:51:36.968 V/MyServiceConnection( 7213): [SConnection] sandbox service is NOT installed.
05-22 16:51:36.968 V/MyServiceConnection( 7213): [SConnection] binding service: pekall.intent.action.SANDBOX_SERVICE
05-22 16:51:36.984 V/MyServiceConnection( 7213): [SConnection] retry to bind service
05-22 16:51:36.984 V/MyServiceConnection( 7213): [SConnection] sandbox service is NOT installed.
05-22 16:51:36.984 V/MyServiceConnection( 7213): [SConnection] binding service: pekall.intent.action.SANDBOX_SERVICE
05-22 16:51:37.038 D/dalvikvm( 7213): DexOpt: --- BEGIN 'sc-jdk15on-1.47.0.2.dex.jar' (bootstrap=0) ---
05-22 16:51:37.085 D/dalvikvm( 7213): GC_CONCURRENT freed 213K, 3% free 9058K/9312K, paused 70ms+3ms, total 94ms
05-22 16:51:37.140 V/l       ( 7213): Bind requested for task setLogging
05-22 16:51:37.171 W/DocumentManager( 7213): Sandbox service is not connected.
05-22 16:51:37.171 D/MessageControllerImpl( 7213): controller is null
05-22 16:51:37.171 V/MyServiceConnection( 7213): [SConnection] retry to bind service
05-22 16:51:37.171 V/MyServiceConnection( 7213): [SConnection] sandbox service is NOT installed.
05-22 16:51:37.171 V/MyServiceConnection( 7213): [SConnection] binding service: pekall.intent.action.SANDBOX_SERVICE
05-22 16:51:37.171 W/SQLiteOpenHelper( 7213): Opened /data/data/com.pekall.emdm.launcher/databases/message.db
05-22 16:51:37.210 D/EmailProvider( 7213): Creating EmailProvider database
05-22 16:51:37.234 I/MessageDatabaseHelper( 7213): Database update: from 0 to 2
05-22 16:51:37.312 D/MessageControllerImpl( 7213): controller is null
05-22 16:51:37.312 D/MessageControllerImpl( 7213): controller is null
05-22 16:51:37.320 D/MessageControllerImpl( 7213): controller is null
05-22 16:51:37.335 D/dalvikvm( 7213): GC_CONCURRENT freed 195K, 3% free 9254K/9488K, paused 3ms+3ms, total 19ms
05-22 16:51:37.445 D/dalvikvm( 7213): GC_CONCURRENT freed 138K, 2% free 9509K/9700K, paused 2ms+2ms, total 21ms
05-22 16:51:37.445 D/dalvikvm( 7213): WAIT_FOR_CONCURRENT_GC blocked 8ms
05-22 16:51:37.460 D/MDM :   ( 7213): [null:-1]->width 104
05-22 16:51:37.460 D/MDM :   ( 7213): [null:-1]->height 104
05-22 16:51:37.460 D/MDM :   ( 7213): [null:-1]->scale 0.5
05-22 16:51:37.468 D/MDM :   ( 7213): [null:-1]->tint false
05-22 16:51:37.468 D/MDM :   ( 7213): [null:-1]->width 104
05-22 16:51:37.468 D/MDM :   ( 7213): [null:-1]->height 104
05-22 16:51:37.468 D/MDM :   ( 7213): [null:-1]->scale 0.5
05-22 16:51:37.476 D/MDM :   ( 7213): [null:-1]->tint false
05-22 16:51:37.484 D/MDM :   ( 7213): [null:-1]->icon instanceof BitmapDrawable
05-22 16:51:37.484 D/MDM :   ( 7213): [null:-1]->  iconWidth 87
05-22 16:51:37.491 D/MDM :   ( 7213): [null:-1]->  iconHeight 87
05-22 16:51:37.491 D/MDM :   ( 7213): [null:-1]->  107 87
05-22 16:51:37.491 D/MDM :   ( 7213): [null:-1]->width 104
05-22 16:51:37.491 D/MDM :   ( 7213): [null:-1]->height 104
05-22 16:51:37.499 D/dalvikvm( 7213): GC_CONCURRENT freed 254K, 3% free 9768K/10060K, paused 4ms+2ms, total 28ms
05-22 16:51:37.499 D/dalvikvm( 7213): WAIT_FOR_CONCURRENT_GC blocked 6ms
05-22 16:51:37.499 D/MDM :   ( 7213): [null:-1]->scale 1.0
05-22 16:51:37.499 D/MDM :   ( 7213): [null:-1]->tint false
05-22 16:51:37.499 D/MDM :   ( 7213): [null:-1]->width 104
05-22 16:51:37.499 D/MDM :   ( 7213): [null:-1]->height 104
05-22 16:51:37.499 D/MDM :   ( 7213): [null:-1]->scale 1.0
05-22 16:51:37.499 D/MDM :   ( 7213): [null:-1]->tint false
05-22 16:51:37.499 D/MDM :   ( 7213): [null:-1]->icon instanceof BitmapDrawable
05-22 16:51:37.499 D/MDM :   ( 7213): [null:-1]->  iconWidth 87
05-22 16:51:37.499 D/MDM :   ( 7213): [null:-1]->  iconHeight 87
05-22 16:51:37.499 D/MDM :   ( 7213): [null:-1]->  107 87
05-22 16:51:37.507 D/MDM :   ( 7213): [null:-1]->width 104
05-22 16:51:37.507 D/MDM :   ( 7213): [null:-1]->height 104
05-22 16:51:37.507 D/MDM :   ( 7213): [null:-1]->scale 1.0
05-22 16:51:37.507 D/MDM :   ( 7213): [null:-1]->tint false
05-22 16:51:37.531 D/dalvikvm( 7213): GC_CONCURRENT freed 356K, 5% free 9822K/10280K, paused 4ms+2ms, total 22ms
05-22 16:51:37.531 D/dalvikvm( 7213): WAIT_FOR_CONCURRENT_GC blocked 14ms
05-22 16:51:37.531 D/MDM :   ( 7213): [null:-1]->width 104
05-22 16:51:37.531 D/MDM :   ( 7213): [null:-1]->height 104
05-22 16:51:37.531 D/MDM :   ( 7213): [null:-1]->scale 1.0
05-22 16:51:37.531 D/MDM :   ( 7213): [null:-1]->tint false
05-22 16:51:37.531 D/MDM :   ( 7213): [null:-1]->icon instanceof BitmapDrawable
05-22 16:51:37.531 D/MDM :   ( 7213): [null:-1]->  iconWidth 87
05-22 16:51:37.531 D/MDM :   ( 7213): [null:-1]->  iconHeight 87
05-22 16:51:37.531 D/MDM :   ( 7213): [null:-1]->  107 87
05-22 16:51:37.538 D/MDM :   ( 7213): [null:-1]->width 104
05-22 16:51:37.538 D/MDM :   ( 7213): [null:-1]->height 104
05-22 16:51:37.538 D/MDM :   ( 7213): [null:-1]->scale 1.0
05-22 16:51:37.538 D/MDM :   ( 7213): [null:-1]->tint false
05-22 16:51:37.554 D/dalvikvm( 7213): GC_FOR_ALLOC freed 307K, 5% free 9846K/10280K, paused 17ms, total 17ms
05-22 16:51:37.562 I/dalvikvm-heap( 7213): Grow heap (frag case) to 12.907MB for 3415696-byte allocation
05-22 16:51:37.585 D/dalvikvm( 7213): GC_FOR_ALLOC freed <1K, 4% free 13181K/13616K, paused 21ms, total 21ms
05-22 16:51:37.616 D/dalvikvm( 7213): GC_CONCURRENT freed <1K, 4% free 13181K/13616K, paused 4ms+3ms, total 32ms
05-22 16:51:37.702 V/Launcher( 7213): isLauncherDf = true
05-22 16:51:37.702 V/Launcher( 7213): isPhoneDf = true
05-22 16:51:37.702 D/        ( 7213): [---null: -1---]  ScreenWidth  720
05-22 16:51:37.702 D/        ( 7213): [---null: -1---]  ScreenHeight  1184
05-22 16:51:37.718 D/EmailProvider( 7213): Creating EmailProviderBody database
05-22 16:51:37.718 D/HomeLoaders( 7213): load applications
05-22 16:51:37.718 D/HomeLoaders( 7213): loading user items in Thread[main,5,main]
05-22 16:51:37.718 D/HomeLoaders( 7213):   --> starting workspace loader
05-22 16:51:37.726 D/HomeLoaders( 7213):   ----> running workspace loader (1)
05-22 16:51:37.726 W/Parcel  (  802): Attempt to read object from Parcel 0x5f747dac at offset 200 that is not in the object list
05-22 16:51:37.726 W/Parcel  (  802): Attempt to read object from Parcel 0x5ed47dac at offset 200 that is not in the object list
05-22 16:51:37.726 D/Email   ( 7213): Email: init sandbox at the beginning.
05-22 16:51:37.726 V/MyServiceConnection( 7213): [SConnection] retry to bind service
05-22 16:51:37.726 V/MyServiceConnection( 7213): [SConnection] sandbox service is NOT installed.
05-22 16:51:37.734 V/MyServiceConnection( 7213): [SConnection] binding service: pekall.intent.action.SANDBOX_SERVICE
05-22 16:51:37.734 V/l       ( 7213): Bind requested for task setLogging
05-22 16:51:37.734 W/DocumentManager( 7213): Sandbox service is not connected.
05-22 16:51:37.734 D/MessageControllerImpl( 7213): controller is null
05-22 16:51:37.734 V/MyServiceConnection( 7213): [SConnection] retry to bind service
05-22 16:51:37.734 V/MyServiceConnection( 7213): [SConnection] sandbox service is NOT installed.
05-22 16:51:37.734 V/MyServiceConnection( 7213): [SConnection] binding service: pekall.intent.action.SANDBOX_SERVICE
05-22 16:51:37.734 D/MessageControllerImpl( 7213): controller is null
05-22 16:51:37.741 D/MessageControllerImpl( 7213): controller is null
05-22 16:51:37.741 D/MessageControllerImpl( 7213): controller is null
05-22 16:51:37.812 D/LauncherProvider( 7213): creating new launcher database
05-22 16:51:37.820 V/LauncherApplication( 7213): onActivityStarted
05-22 16:51:37.820 D/        ( 7213): [---null: -1---]     awsa  onActivityResumed
05-22 16:51:37.827 D/LauncherProvider( 7213): converting database from an older format, but not onUpgrade
05-22 16:51:37.827 V/LauncherApplication( 7213): 2MdmConstant.LAST_LAUNCH_TIME = 0
05-22 16:51:37.827 W/EmailProvider( 7213): restoreIfNeeded...
05-22 16:51:37.827 D/EmailProvider( 7213): restoreAccounts...
05-22 16:51:37.843 D/        ( 7213): [---null: -1---]  activity = com.pekall.emdm.launcher.Launcher
05-22 16:51:37.843 V/LauncherApplication( 7213): is not regist
05-22 16:51:37.851 W/Parcel  (  802): Attempt to read object from Parcel 0x5e0dfdac at offset 200 that is not in the object list
05-22 16:51:37.851 E/LauncherApplication( 7213): isShowLogoutUI = true
05-22 16:51:37.851 E/LauncherApplication( 7213): LogoutShowTime 1
05-22 16:51:37.851 V/Launcher( 7213): onResume1111111 
05-22 16:51:37.851 V/Launcher( 7213): is logout ----> 
05-22 16:51:37.851 I/ActivityManager(  375): START u0 {cmp=com.pekall.emdm.launcher/com.pekall.emdm.ui.SplashActivity} from pid 7213
05-22 16:51:37.859 W/WindowManager(  375): Token{42577db8 ActivityRecord{4267bf58 u0 com.pekall.emdm.launcher/com.pekall.emdm.ui.SplashActivity}} failed creating starting window
05-22 16:51:37.859 W/WindowManager(  375): android.view.InflateException: Binary XML file line #34: Error inflating class <unknown>
05-22 16:51:37.859 W/WindowManager(  375): 	at android.view.LayoutInflater.createView(LayoutInflater.java:620)
05-22 16:51:37.859 W/WindowManager(  375): 	at com.android.internal.policy.impl.PhoneLayoutInflater.onCreateView(PhoneLayoutInflater.java:56)
05-22 16:51:37.859 W/WindowManager(  375): 	at android.view.LayoutInflater.onCreateView(LayoutInflater.java:669)
05-22 16:51:37.859 W/WindowManager(  375): 	at android.view.LayoutInflater.createViewFromTag(LayoutInflater.java:694)
05-22 16:51:37.859 W/WindowManager(  375): 	at android.view.LayoutInflater.rInflate(LayoutInflater.java:755)
05-22 16:51:37.859 W/WindowManager(  375): 	at android.view.LayoutInflater.inflate(LayoutInflater.java:492)
05-22 16:51:37.859 W/WindowManager(  375): 	at android.view.LayoutInflater.inflate(LayoutInflater.java:397)
05-22 16:51:37.859 W/WindowManager(  375): 	at android.view.LayoutInflater.inflate(LayoutInflater.java:353)
05-22 16:51:37.859 W/WindowManager(  375): 	at com.android.internal.policy.impl.PhoneWindow.generateLayout(PhoneWindow.java:2823)
05-22 16:51:37.859 W/WindowManager(  375): 	at com.android.internal.policy.impl.PhoneWindow.installDecor(PhoneWindow.java:2886)
05-22 16:51:37.859 W/WindowManager(  375): 	at com.android.internal.policy.impl.PhoneWindow.getDecorView(PhoneWindow.java:1581)
05-22 16:51:37.859 W/WindowManager(  375): 	at com.android.internal.policy.impl.PhoneWindowManager.addStartingWindow(PhoneWindowManager.java:1618)
05-22 16:51:37.859 W/WindowManager(  375): 	at com.android.server.wm.WindowManagerService$H.handleMessage(WindowManagerService.java:6908)
05-22 16:51:37.859 W/WindowManager(  375): 	at android.os.Handler.dispatchMessage(Handler.java:99)
05-22 16:51:37.859 W/WindowManager(  375): 	at android.os.Looper.loop(Looper.java:137)
05-22 16:51:37.859 W/WindowManager(  375): 	at android.os.HandlerThread.run(HandlerThread.java:61)
05-22 16:51:37.859 W/WindowManager(  375): Caused by: java.lang.reflect.InvocationTargetException
05-22 16:51:37.859 W/WindowManager(  375): 	at java.lang.reflect.Constructor.constructNative(Native Method)
05-22 16:51:37.859 W/WindowManager(  375): 	at java.lang.reflect.Constructor.newInstance(Constructor.java:417)
05-22 16:51:37.859 W/WindowManager(  375): 	at android.view.LayoutInflater.createView(LayoutInflater.java:594)
05-22 16:51:37.859 W/WindowManager(  375): 	... 15 more
05-22 16:51:37.859 W/WindowManager(  375): Caused by: android.content.res.Resources$NotFoundException: Resource is not a Drawable (color or path): TypedValue{t=0x2/d=0x1010059 a=-1}
05-22 16:51:37.859 W/WindowManager(  375): 	at android.content.res.Resources.loadDrawable(Resources.java:2063)
05-22 16:51:37.859 W/WindowManager(  375): 	at android.content.res.TypedArray.getDrawable(TypedArray.java:601)
05-22 16:51:37.859 W/WindowManager(  375): 	at android.widget.FrameLayout.<init>(FrameLayout.java:109)
05-22 16:51:37.859 W/WindowManager(  375): 	at android.widget.FrameLayout.<init>(FrameLayout.java:97)
05-22 16:51:37.859 W/WindowManager(  375): 	... 18 more
05-22 16:51:37.898 D/dalvikvm( 7213): GC_FOR_ALLOC freed 105K, 3% free 13238K/13616K, paused 43ms, total 44ms
05-22 16:51:37.906 I/dalvikvm-heap( 7213): Grow heap (frag case) to 16.219MB for 3415696-byte allocation
05-22 16:51:37.937 D/dalvikvm( 7213): GC_FOR_ALLOC freed <1K, 3% free 16573K/16952K, paused 24ms, total 24ms
05-22 16:51:38.007 D/dalvikvm( 7213): GC_CONCURRENT freed 25K, 3% free 16571K/16952K, paused 34ms+4ms, total 69ms
05-22 16:51:38.046 D/MDM :   ( 7213): [null:-1]->icon instanceof BitmapDrawable
05-22 16:51:38.046 D/MDM :   ( 7213): [null:-1]->  iconWidth 96
05-22 16:51:38.046 D/MDM :   ( 7213): [null:-1]->  iconHeight 96
05-22 16:51:38.046 D/MDM :   ( 7213): [null:-1]->  107 96
05-22 16:51:38.046 D/        ( 7213): [---null: -1---]  xxd  getPackageName  com.pekall.emdm.launcher
05-22 16:51:38.046 D/        ( 7213): [---null: -1---]  xxd  getClassName  com.pekall.emdm.launcher.CustomShirtcutActivity
05-22 16:51:38.054 D/        ( 7213): [---null: -1---]  xxd info.title: Custom shortcut
05-22 16:51:38.054 D/MDM :   ( 7213): [null:-1]->icon instanceof BitmapDrawable
05-22 16:51:38.054 D/MDM :   ( 7213): [null:-1]->  iconWidth 104
05-22 16:51:38.070 D/MDM :   ( 7213): [null:-1]->  iconHeight 104
05-22 16:51:38.070 D/MDM :   ( 7213): [null:-1]->  107 104
05-22 16:51:38.070 D/        ( 7213): [---null: -1---]  xxd  getPackageName  com.pekall.emdm.launcher
05-22 16:51:38.070 D/        ( 7213): [---null: -1---]  xxd  getClassName  com.pekall.emdm.contacts.activities.DialtactsActivity
05-22 16:51:38.070 D/        ( 7213): [---null: -1---]  xxd info.title: Phone
05-22 16:51:38.070 D/MDM :   ( 7213): [null:-1]->icon instanceof BitmapDrawable
05-22 16:51:38.070 D/MDM :   ( 7213): [null:-1]->  iconWidth 104
05-22 16:51:38.070 D/MDM :   ( 7213): [null:-1]->  iconHeight 104
05-22 16:51:38.070 D/MDM :   ( 7213): [null:-1]->  107 104
05-22 16:51:38.070 D/        ( 7213): [---null: -1---]  xxd  getPackageName  com.pekall.emdm.launcher
05-22 16:51:38.070 D/        ( 7213): [---null: -1---]  xxd  getClassName  com.pekall.emdm.messagecenter.activity.MessageMainActivity
05-22 16:51:38.077 D/        ( 7213): [---null: -1---]  xxd info.title: Message Center
05-22 16:51:38.077 D/MDM :   ( 7213): [null:-1]->icon instanceof BitmapDrawable
05-22 16:51:38.077 D/MDM :   ( 7213): [null:-1]->  iconWidth 104
05-22 16:51:38.077 D/MDM :   ( 7213): [null:-1]->  iconHeight 104
05-22 16:51:38.077 D/MDM :   ( 7213): [null:-1]->  107 104
05-22 16:51:38.077 D/        ( 7213): [---null: -1---]  xxd  getPackageName  com.pekall.emdm.launcher
05-22 16:51:38.077 D/        ( 7213): [---null: -1---]  xxd  getClassName  com.pekall.emdm.document.activity.DocMainActivity
05-22 16:51:38.085 I/System.out( 7213):  
05-22 16:51:38.085 D/        ( 7213): [---null: -1---]  xxd info.title: Document Manager
05-22 16:51:38.093 D/MDM :   ( 7213): [null:-1]->icon instanceof BitmapDrawable
05-22 16:51:38.093 D/MDM :   ( 7213): [null:-1]->  iconWidth 104
05-22 16:51:38.093 D/MDM :   ( 7213): [null:-1]->  iconHeight 104
05-22 16:51:38.093 D/MDM :   ( 7213): [null:-1]->  107 104
05-22 16:51:38.093 D/        ( 7213): [---null: -1---]  xxd  getPackageName  com.pekall.emdm.launcher
05-22 16:51:38.093 D/        ( 7213): [---null: -1---]  xxd  getClassName  com.pekall.emdm.launcher.ui.BackPersonalActivity
05-22 16:51:38.093 I/System.out( 7213): com.pekall.emdm.launcher.Workspace.setWallpaper(Unknown Source)
05-22 16:51:38.093 I/System.out( 7213): com.pekall.emdm.launcher.Launcher.onResume(Unknown Source)
05-22 16:51:38.093 I/System.out( 7213): android.app.Instrumentation.callActivityOnResume(Instrumentation.java:1192)
05-22 16:51:38.093 I/System.out( 7213): android.app.Activity.performResume(Activity.java:5211)
05-22 16:51:38.093 I/System.out( 7213): android.app.ActivityThread.performResumeActivity(ActivityThread.java:2780)
05-22 16:51:38.093 I/System.out( 7213): android.app.ActivityThread.handleResumeActivity(ActivityThread.java:2819)
05-22 16:51:38.093 I/System.out( 7213): android.app.ActivityThread.handleLaunchActivity(ActivityThread.java:2266)
05-22 16:51:38.093 I/System.out( 7213): android.app.ActivityThread.access$600(ActivityThread.java:141)
05-22 16:51:38.093 I/System.out( 7213): android.app.ActivityThread$H.handleMessage(ActivityThread.java:1256)
05-22 16:51:38.093 I/System.out( 7213): android.os.Handler.dispatchMessage(Handler.java:99)
05-22 16:51:38.093 I/System.out( 7213): android.os.Looper.loop(Looper.java:137)
05-22 16:51:38.093 I/System.out( 7213): android.app.ActivityThread.main(ActivityThread.java:5103)
05-22 16:51:38.093 I/System.out( 7213): java.lang.reflect.Method.invokeNative(Native Method)
05-22 16:51:38.093 I/System.out( 7213): java.lang.reflect.Method.invoke(Method.java:525)
05-22 16:51:38.093 I/System.out( 7213): com.android.internal.os.ZygoteInit$MethodAndArgsCaller.run(ZygoteInit.java:737)
05-22 16:51:38.093 I/System.out( 7213): com.android.internal.os.ZygoteInit.main(ZygoteInit.java:553)
05-22 16:51:38.093 I/System.out( 7213): dalvik.system.NativeStart.main(Native Method)
05-22 16:51:38.093 D/        ( 7213): [---null: -1---]  xxd info.title: Personal Mode
05-22 16:51:38.109 D/dalvikvm( 7213): GC_FOR_ALLOC freed 3710K, 22% free 13416K/17172K, paused 17ms, total 17ms
05-22 16:51:38.116 I/dalvikvm-heap( 7213): Grow heap (frag case) to 16.392MB for 3415696-byte allocation
05-22 16:51:38.140 D/dalvikvm( 7213): GC_FOR_ALLOC freed <1K, 3% free 16751K/17172K, paused 27ms, total 27ms
05-22 16:51:38.171 D/dalvikvm( 7213): GC_CONCURRENT freed 1K, 3% free 16795K/17172K, paused 3ms+4ms, total 26ms
05-22 16:51:38.171 D/MDM :   ( 7213): [null:-1]->icon instanceof BitmapDrawable
05-22 16:51:38.171 D/MDM :   ( 7213): [null:-1]->  iconWidth 104
05-22 16:51:38.171 D/MDM :   ( 7213): [null:-1]->  iconHeight 104
05-22 16:51:38.171 D/MDM :   ( 7213): [null:-1]->  107 104
05-22 16:51:38.171 D/        ( 7213): [---null: -1---]  xxd  getPackageName  com.pekall.emdm.launcher
05-22 16:51:38.171 D/        ( 7213): [---null: -1---]  xxd  getClassName  com.pekall.semail.activity.Welcome
05-22 16:51:38.171 D/        ( 7213): [---null: -1---]  xxd info.title: Email
05-22 16:51:38.179 D/MDM :   ( 7213): [null:-1]->icon instanceof BitmapDrawable
05-22 16:51:38.179 D/MDM :   ( 7213): [null:-1]->  iconWidth 104
05-22 16:51:38.179 D/MDM :   ( 7213): [null:-1]->  iconHeight 104
05-22 16:51:38.179 D/MDM :   ( 7213): [null:-1]->  107 104
05-22 16:51:38.179 D/        ( 7213): [---null: -1---]  xxd  getPackageName  com.pekall.emdm.launcher
05-22 16:51:38.179 D/        ( 7213): [---null: -1---]  xxd  getClassName  com.pekall.emdm.contacts.activities.PeopleActivity
05-22 16:51:38.187 D/        ( 7213): [---null: -1---]  xxd info.title: EmdmContacts
05-22 16:51:38.195 D/MDM :   ( 7213): [null:-1]->icon instanceof BitmapDrawable
05-22 16:51:38.195 D/MDM :   ( 7213): [null:-1]->  iconWidth 104
05-22 16:51:38.195 D/MDM :   ( 7213): [null:-1]->  iconHeight 104
05-22 16:51:38.195 D/MDM :   ( 7213): [null:-1]->  107 104
05-22 16:51:38.195 D/        ( 7213): [---null: -1---]  xxd  getPackageName  com.pekall.emdm.launcher
05-22 16:51:38.195 D/        ( 7213): [---null: -1---]  xxd  getClassName  com.pekall.emdm.browser.BrowserActivity
05-22 16:51:38.202 D/        ( 7213): [---null: -1---]  xxd info.title: Safe Browser
05-22 16:51:38.202 D/MDM :   ( 7213): [null:-1]->icon instanceof BitmapDrawable
05-22 16:51:38.202 D/MDM :   ( 7213): [null:-1]->  iconWidth 104
05-22 16:51:38.202 D/MDM :   ( 7213): [null:-1]->  iconHeight 104
05-22 16:51:38.218 D/MDM :   ( 7213): [null:-1]->  107 104
05-22 16:51:38.218 D/        ( 7213): [---null: -1---]  xxd  getPackageName  com.pekall.emdm.launcher
05-22 16:51:38.218 D/        ( 7213): [---null: -1---]  xxd  getClassName  com.pekall.emdm.launcher.ui.AboutActivity
05-22 16:51:38.218 D/        ( 7213): [---null: -1---]  xxd info.title: About
05-22 16:51:38.218 D/MDM :   ( 7213): [null:-1]->icon instanceof BitmapDrawable
05-22 16:51:38.218 D/MDM :   ( 7213): [null:-1]->  iconWidth 104
05-22 16:51:38.218 D/MDM :   ( 7213): [null:-1]->  iconHeight 104
05-22 16:51:38.218 D/MDM :   ( 7213): [null:-1]->  107 104
05-22 16:51:38.218 D/        ( 7213): [---null: -1---]  xxd  getPackageName  com.pekall.emdm.launcher
05-22 16:51:38.218 D/        ( 7213): [---null: -1---]  xxd  getClassName  com.pekall.emdm.launcher.ui.SettingActivity
05-22 16:51:38.226 D/        ( 7213): [---null: -1---]  xxd info.title: Setting
05-22 16:51:38.226 D/HomeLoaders( 7213):   ----> workspace loader 1 finished loading data
05-22 16:51:38.226 D/HomeLoaders( 7213):   ----> worskpace items=11
05-22 16:51:38.226 D/HomeLoaders( 7213):   ----> worskpace widgets=0
05-22 16:51:38.226 D/HomeLoaders( 7213):   --> done loading workspace; not stopped
05-22 16:51:38.226 D/HomeLoaders( 7213):   ----> items cloned, ready to refresh UI
05-22 16:51:38.226 D/HomeLoaders( 7213):   ----> loading applications from workspace loader
05-22 16:51:38.226 D/HomeLoaders( 7213):   --> starting applications loader unlocked
05-22 16:51:38.226 D/HomeLoaders( 7213):   --> starting applications loader
05-22 16:51:38.234 D/HomeLoaders( 7213):   ----> running applications loader (1)
05-22 16:51:38.241 D/MDM :   ( 7213): [null:-1]->icon instanceof BitmapDrawable
05-22 16:51:38.241 D/MDM :   ( 7213): [null:-1]->  iconWidth 104
05-22 16:51:38.241 D/MDM :   ( 7213): [null:-1]->  iconHeight 104
05-22 16:51:38.241 D/MDM :   ( 7213): [null:-1]->  107 104
05-22 16:51:38.241 D/MDM :   ( 7213): [null:-1]->icon instanceof BitmapDrawable
05-22 16:51:38.241 D/MDM :   ( 7213): [null:-1]->  iconWidth 104
05-22 16:51:38.241 D/MDM :   ( 7213): [null:-1]->  iconHeight 104
05-22 16:51:38.241 D/MDM :   ( 7213): [null:-1]->  107 104
05-22 16:51:38.241 D/dalvikvm( 7233): DexOpt: load 61ms, verify+opt 904ms, 1147988 bytes
05-22 16:51:38.257 D/MDM :   ( 7213): [null:-1]->icon instanceof BitmapDrawable
05-22 16:51:38.257 D/MDM :   ( 7213): [null:-1]->  iconWidth 104
05-22 16:51:38.257 D/MDM :   ( 7213): [null:-1]->  iconHeight 104
05-22 16:51:38.257 D/MDM :   ( 7213): [null:-1]->  107 104
05-22 16:51:38.265 D/MDM :   ( 7213): [null:-1]->icon instanceof BitmapDrawable
05-22 16:51:38.265 D/MDM :   ( 7213): [null:-1]->  iconWidth 104
05-22 16:51:38.265 D/MDM :   ( 7213): [null:-1]->  iconHeight 104
05-22 16:51:38.265 D/MDM :   ( 7213): [null:-1]->  107 104
05-22 16:51:38.273 D/MDM :   ( 7213): [null:-1]->icon instanceof BitmapDrawable
05-22 16:51:38.273 D/MDM :   ( 7213): [null:-1]->  iconWidth 101
05-22 16:51:38.273 D/MDM :   ( 7213): [null:-1]->  iconHeight 101
05-22 16:51:38.273 D/MDM :   ( 7213): [null:-1]->  107 101
05-22 16:51:38.281 D/MDM :   ( 7213): [null:-1]->icon instanceof BitmapDrawable
05-22 16:51:38.281 D/MDM :   ( 7213): [null:-1]->  iconWidth 104
05-22 16:51:38.281 D/MDM :   ( 7213): [null:-1]->  iconHeight 104
05-22 16:51:38.281 D/MDM :   ( 7213): [null:-1]->  107 104
05-22 16:51:38.281 D/MDM :   ( 7213): [null:-1]->icon instanceof BitmapDrawable
05-22 16:51:38.281 D/MDM :   ( 7213): [null:-1]->  iconWidth 104
05-22 16:51:38.281 D/MDM :   ( 7213): [null:-1]->  iconHeight 104
05-22 16:51:38.281 D/MDM :   ( 7213): [null:-1]->  107 104
05-22 16:51:38.281 D/MDM :   ( 7213): [null:-1]->icon instanceof BitmapDrawable
05-22 16:51:38.281 D/MDM :   ( 7213): [null:-1]->  iconWidth 104
05-22 16:51:38.281 D/MDM :   ( 7213): [null:-1]->  iconHeight 104
05-22 16:51:38.281 D/MDM :   ( 7213): [null:-1]->  107 104
05-22 16:51:38.281 D/MDM :   ( 7213): [null:-1]->icon instanceof BitmapDrawable
05-22 16:51:38.281 D/MDM :   ( 7213): [null:-1]->  iconWidth 104
05-22 16:51:38.288 D/MDM :   ( 7213): [null:-1]->  iconHeight 104
05-22 16:51:38.288 D/MDM :   ( 7213): [null:-1]->  107 104
05-22 16:51:38.288 D/MDM :   ( 7213): [null:-1]->icon instanceof BitmapDrawable
05-22 16:51:38.288 D/MDM :   ( 7213): [null:-1]->  iconWidth 104
05-22 16:51:38.288 D/MDM :   ( 7213): [null:-1]->  iconHeight 104
05-22 16:51:38.288 D/MDM :   ( 7213): [null:-1]->  107 104
05-22 16:51:38.351 W/ActivityManager(  375): Activity pause timeout for ActivityRecord{425d1778 u0 com.pekall.emdm.launcher/.Launcher}
05-22 16:51:38.374 D/dalvikvm( 7213): DexOpt: --- END 'sc-jdk15on-1.47.0.2.dex.jar' (success) ---
05-22 16:51:38.374 D/dalvikvm( 7213): DEX prep '/data/data/com.pekall.emdm.launcher/app_jars/sc-jdk15on-1.47.0.2.dex.jar': unzip in 77ms, rewrite 1337ms
05-22 16:51:38.398 D/EmailProvider( 7213): Creating EmailProvider database
05-22 16:51:38.531 D/dalvikvm( 7213): GC_CONCURRENT freed 1451K, 8% free 17993K/19480K, paused 3ms+3ms, total 35ms
05-22 16:51:38.531 D/dalvikvm( 7213): WAIT_FOR_CONCURRENT_GC blocked 10ms
05-22 16:51:38.538 D/EmailProvider( 7213): No accounts to restore...
05-22 16:51:38.538 D/EmailProvider( 7213): Deleting orphans...
05-22 16:51:38.656 V/MyServiceConnection( 7213): [SConnection] retry to bind service
05-22 16:51:38.663 V/MyServiceConnection( 7213): [SConnection] sandbox service is NOT installed.
05-22 16:51:38.663 V/MyServiceConnection( 7213): [SConnection] binding service: pekall.intent.action.SANDBOX_SERVICE
05-22 16:51:38.671 D/EmailProvider( 7213): EmailProvider pre-caching...
05-22 16:51:38.671 D/MdmService( 7213): [null:-1]->create mdm service
05-22 16:51:38.679 D/AssistantPhoneService( 7213): [---null: -1---]onCreate====================
05-22 16:51:38.695 V/MyServiceConnection( 7213): [SConnection] retry to bind service
05-22 16:51:38.695 V/MyServiceConnection( 7213): [SConnection] sandbox service is NOT installed.
05-22 16:51:38.695 V/MyServiceConnection( 7213): [SConnection] binding service: pekall.intent.action.SANDBOX_SERVICE
05-22 16:51:38.695 D/ExchangeService( 7213): !!! EAS ExchangeService, onCreate
05-22 16:51:38.702 D/LauncherApplication( 7213): [null:-1]->onActivityPaused
05-22 16:51:38.702 W/Parcel  (  802): Attempt to read object from Parcel 0x5f747dac at offset 200 that is not in the object list
05-22 16:51:38.710 D/LauncherApplication( 7213): [null:-1]->onActivityPaused  updateTime
05-22 16:51:38.710 D/HomeLoaders( 7213):   ----> onDesktopItemsLoaded()
05-22 16:51:38.710 D/Launcher( 7213): ------> binding 11 items
05-22 16:51:38.710 D/Launcher( 7213): ------> binding 0 widgets
05-22 16:51:38.710 D/Launcher( 7213): ------> start binding items
05-22 16:51:38.734 D/libEGL  ( 7213): loaded /vendor/lib/egl/libEGL_POWERVR_SGX540_120.so
05-22 16:51:38.741 D/EmailProvider( 7213): EmailProvider ready.
05-22 16:51:38.749 D/libEGL  ( 7213): loaded /vendor/lib/egl/libGLESv1_CM_POWERVR_SGX540_120.so
05-22 16:51:38.757 D/libEGL  ( 7213): loaded /vendor/lib/egl/libGLESv2_POWERVR_SGX540_120.so
05-22 16:51:38.812 W/ActivityManager(  375): Unable to start service Intent { cmp=com.pekall.emdm.launcher/com.pekall.semail.service.AttachmentDownloadService } U=0: not found
05-22 16:51:38.820 I/Email   ( 7213): Notifications being toggled: false
05-22 16:51:38.820 I/Email   ( 7213): Notifications being toggled: false
05-22 16:51:38.820 W/ActivityManager(  375): Unable to start service Intent { cmp=com.pekall.emdm.launcher/com.pekall.semail.service.AttachmentDownloadService } U=0: not found
05-22 16:51:38.827 D/OpenGLRenderer( 7213): Enabling debug mode 0
05-22 16:51:38.827 D/HomeLoaders( 7213):   ----> cleared application list
05-22 16:51:38.906 V/LauncherApplication( 7213): onActivityStarted
05-22 16:51:38.906 D/        ( 7213): [---null: -1---]     awsa  onActivityResumed
05-22 16:51:38.906 V/LauncherApplication( 7213): 2MdmConstant.LAST_LAUNCH_TIME = 1400748698718
05-22 16:51:38.921 D/        ( 7213): [---null: -1---]  activity = com.pekall.emdm.ui.SplashActivity
05-22 16:51:38.929 V/MyServiceConnection( 7213): [SConnection] onServiceConnected, comp: com.pekall.sandbox.service.SandboxService
05-22 16:51:38.929 D/AuthenticationManager( 7213): [7213] binder package: com.pekall.emdm.launcher
05-22 16:51:38.976 D/AuthenticationManager( 7213): [7213] not authorized.
05-22 16:51:38.976 D/MdmService( 7213): [null:-1]->receiver action :android.net.conn.CONNECTIVITY_CHANGE
05-22 16:51:38.984 D/AssistantPhoneService( 7213): [---null: -1---]currentCall====================1400748698990
05-22 16:51:38.984 D/Assistant( 7213): [---null: -1---]  call dataChange
05-22 16:51:39.023 I/ActivityManager(  375): Start proc com.qihoo360.mobilesafe:remote for content provider com.qihoo360.mobilesafe/.shield.provider.EmptyProvider: pid=7253 uid=10069 gids={50069, 3003, 1015, 3001, 3002, 1006, 1028}
05-22 16:51:39.038 I/dalvikvm( 7253): Turning on JNI app bug workarounds for target SDK version 8...
05-22 16:51:39.101 V/l       ( 7213): Connected: com.pekall.exchange.ExchangeService
05-22 16:51:39.101 V/l       ( 7213): Connected: com.pekall.exchange.ExchangeService
05-22 16:51:39.101 V/l       ( 7213): Task setLogging completed; disconnecting
05-22 16:51:39.101 D/SConnection( 7213): classname is com.pekall.emdm.messagecenter.controller.MessageCenterService
05-22 16:51:39.101 D/ExchangeService( 7213): !!! EAS ExchangeService, onStartCommand, startingUp = false, running = false
05-22 16:51:39.101 D/ExchangeService( 7213): to start secureStorageService now
05-22 16:51:39.101 D/MDM :   ( 7213): [null:-1]->  iconWidth 104
05-22 16:51:39.101 D/MDM :   ( 7213): [null:-1]->  iconHeight 104
05-22 16:51:39.101 D/MDM :   ( 7213): [null:-1]->  107 104
05-22 16:51:39.101 V/a       ( 7213): Bind requested for task test
05-22 16:51:39.101 D/MDM :   ( 7213): [null:-1]->width 104
05-22 16:51:39.101 D/MDM :   ( 7213): [null:-1]->height 104
05-22 16:51:39.109 D/MDM :   ( 7213): [null:-1]->scale 1.0
05-22 16:51:39.109 D/MDM :   ( 7213): [null:-1]->tint false
05-22 16:51:39.109 D/MDM :   ( 7213): [null:-1]->width 104
05-22 16:51:39.109 D/MDM :   ( 7213): [null:-1]->height 104
05-22 16:51:39.109 D/MDM :   ( 7213): [null:-1]->scale 1.0
05-22 16:51:39.109 D/MDM :   ( 7213): [null:-1]->tint false
05-22 16:51:39.109 D/MDM :   ( 7213): [null:-1]->  iconWidth 104
05-22 16:51:39.109 D/MDM :   ( 7213): [null:-1]->  iconHeight 104
05-22 16:51:39.109 D/MDM :   ( 7213): [null:-1]->  107 104
05-22 16:51:39.109 D/MDM :   ( 7213): [null:-1]->width 104
05-22 16:51:39.116 D/MDM :   ( 7213): [null:-1]->height 104
05-22 16:51:39.116 D/MDM :   ( 7213): [null:-1]->scale 1.0
05-22 16:51:39.116 D/MDM :   ( 7213): [null:-1]->tint false
05-22 16:51:39.116 D/MDM :   ( 7213): [null:-1]->width 104
05-22 16:51:39.116 D/MDM :   ( 7213): [null:-1]->height 104
05-22 16:51:39.116 D/MDM :   ( 7213): [null:-1]->scale 1.0
05-22 16:51:39.366 D/dalvikvm( 7213): JIT unchain all for threadid=11
05-22 16:51:39.366 D/MDM :   ( 7213): [null:-1]->tint false
05-22 16:51:39.374 V/l       ( 7213): Task setLogging completed; disconnecting
05-22 16:51:39.374 D/MDM :   ( 7213): [null:-1]->width 104
05-22 16:51:39.374 D/MDM :   ( 7213): [null:-1]->height 104
05-22 16:51:39.374 D/MDM :   ( 7213): [null:-1]->scale 1.0
05-22 16:51:39.390 V/a       ( 7213): Bind requested for task getDeviceId
05-22 16:51:39.398 V/a       ( 7213): Waiting for task getDeviceId to complete...
05-22 16:51:39.507 W/InteractionController( 7143): runAndwaitForEvent timedout waiting for events
05-22 16:51:39.648 D/dalvikvm( 7213): JIT unchain all for threadid=11
05-22 16:51:39.663 D/dalvikvm( 7213): GC_CONCURRENT freed 1687K, 9% free 19348K/21076K, paused 253ms+254ms, total 549ms
05-22 16:51:39.663 D/dalvikvm( 7213): WAIT_FOR_CONCURRENT_GC blocked 288ms
05-22 16:51:39.671 W/CursorWrapperInner( 7213): Cursor finalized without prior close()
05-22 16:51:39.671 D/MDM :   ( 7213): [null:-1]->tint false
05-22 16:51:39.671 D/MDM :   ( 7213): [null:-1]->  iconWidth 104
05-22 16:51:39.671 D/MDM :   ( 7213): [null:-1]->  iconHeight 104
05-22 16:51:39.671 D/MDM :   ( 7213): [null:-1]->  107 104
05-22 16:51:39.671 D/MDM :   ( 7213): [null:-1]->width 104
05-22 16:51:39.671 D/MDM :   ( 7213): [null:-1]->height 104
05-22 16:51:39.671 D/MDM :   ( 7213): [null:-1]->scale 1.0
05-22 16:51:39.671 D/MDM :   ( 7213): [null:-1]->tint false
05-22 16:51:39.671 D/MDM :   ( 7213): [null:-1]->width 104
05-22 16:51:39.671 D/MDM :   ( 7213): [null:-1]->height 104
05-22 16:51:39.671 D/MDM :   ( 7213): [null:-1]->scale 1.0
05-22 16:51:39.679 D/MDM :   ( 7213): [null:-1]->tint false
05-22 16:51:39.679 D/MDM :   ( 7213): [null:-1]->width 104
05-22 16:51:39.679 D/MDM :   ( 7213): [null:-1]->height 104
05-22 16:51:39.679 D/MDM :   ( 7213): [null:-1]->scale 1.0
05-22 16:51:39.679 D/MDM :   ( 7213): [null:-1]->tint false
05-22 16:51:39.687 D/MDM :   ( 7213): [null:-1]->  iconWidth 104
05-22 16:51:39.687 D/MDM :   ( 7213): [null:-1]->  iconHeight 104
05-22 16:51:39.687 D/MDM :   ( 7213): [null:-1]->  107 104
05-22 16:51:39.687 D/        ( 7213): [---null: -1---]  xxd111  getPackageName  com.pekall.emdm.launcher
05-22 16:51:39.687 D/        ( 7213): [---null: -1---]  xxd111  getClassName  com.pekall.emdm.document.activity.DocMainActivity
05-22 16:51:39.687 D/        ( 7213): [---null: -1---]  xxd111  info.title  Document Manager ,count is 0
05-22 16:51:39.695 D/MDM :   ( 7213): [null:-1]->  iconWidth 104
05-22 16:51:39.695 D/MDM :   ( 7213): [null:-1]->  iconHeight 104
05-22 16:51:39.695 D/MDM :   ( 7213): [null:-1]->  107 104
05-22 16:51:39.695 D/        ( 7213): [---null: -1---]  xxd111  getPackageName  com.pekall.emdm.launcher
05-22 16:51:39.695 D/        ( 7213): [---null: -1---]  xxd111  getClassName  com.pekall.emdm.launcher.ui.BackPersonalActivity
05-22 16:51:39.695 D/        ( 7213): [---null: -1---]  xxd111  info.title  Personal Mode ,count is 0
05-22 16:51:39.695 D/MDM :   ( 7213): [null:-1]->  iconWidth 104
05-22 16:51:39.695 D/MDM :   ( 7213): [null:-1]->  iconHeight 104
05-22 16:51:39.702 D/MDM :   ( 7213): [null:-1]->  107 104
05-22 16:51:39.702 D/        ( 7213): [---null: -1---]  xxd111  getPackageName  com.pekall.emdm.launcher
05-22 16:51:39.702 D/        ( 7213): [---null: -1---]  xxd111  getClassName  com.pekall.semail.activity.Welcome
05-22 16:51:39.702 D/        ( 7213): [---null: -1---]  xxd111  info.title  Email ,count is 0
05-22 16:51:39.702 I/Choreographer( 7213): Skipped 51 frames!  The application may be doing too much work on its main thread.
05-22 16:51:39.874 D/MDM :   ( 7213): [null:-1]->  iconWidth 104
05-22 16:51:39.874 D/MDM :   ( 7213): [null:-1]->  iconHeight 104
05-22 16:51:39.874 D/MDM :   ( 7213): [null:-1]->  107 104
05-22 16:51:39.874 D/        ( 7213): [---null: -1---]  xxd111  getPackageName  com.pekall.emdm.launcher
05-22 16:51:39.874 D/        ( 7213): [---null: -1---]  xxd111  getClassName  com.pekall.emdm.contacts.activities.PeopleActivity
05-22 16:51:39.874 D/        ( 7213): [---null: -1---]  xxd111  info.title  EmdmContacts ,count is 0
05-22 16:51:39.874 D/MDM :   ( 7213): [null:-1]->  iconWidth 104
05-22 16:51:39.874 D/MDM :   ( 7213): [null:-1]->  iconHeight 104
05-22 16:51:39.874 D/MDM :   ( 7213): [null:-1]->  107 104
05-22 16:51:39.882 D/        ( 7213): [---null: -1---]  xxd111  getPackageName  com.pekall.emdm.launcher
05-22 16:51:39.882 D/        ( 7213): [---null: -1---]  xxd111  getClassName  com.pekall.emdm.browser.BrowserActivity
05-22 16:51:39.882 D/        ( 7213): [---null: -1---]  xxd111  info.title  Safe Browser ,count is 0
05-22 16:51:39.882 D/MDM :   ( 7213): [null:-1]->  iconWidth 104
05-22 16:51:39.882 D/MDM :   ( 7213): [null:-1]->  iconHeight 104
05-22 16:51:39.882 D/MDM :   ( 7213): [null:-1]->  107 104
05-22 16:51:39.882 D/        ( 7213): [---null: -1---]  xxd111  getPackageName  com.pekall.emdm.launcher
05-22 16:51:39.882 D/        ( 7213): [---null: -1---]  xxd111  getClassName  com.pekall.emdm.launcher.ui.AboutActivity
05-22 16:51:39.882 D/        ( 7213): [---null: -1---]  xxd111  info.title  About ,count is 0
05-22 16:51:39.890 D/MDM :   ( 7213): [null:-1]->  iconWidth 104
05-22 16:51:39.890 D/MDM :   ( 7213): [null:-1]->  iconHeight 104
05-22 16:51:39.890 D/MDM :   ( 7213): [null:-1]->  107 104
05-22 16:51:39.890 D/        ( 7213): [---null: -1---]  xxd111  getPackageName  com.pekall.emdm.launcher
05-22 16:51:39.890 D/        ( 7213): [---null: -1---]  xxd111  getClassName  com.pekall.emdm.launcher.ui.SettingActivity
05-22 16:51:39.890 D/        ( 7213): [---null: -1---]  xxd111  info.title  Setting ,count is 0
05-22 16:51:40.171 D/dalvikvm( 7213): JIT unchain all for threadid=11
05-22 16:51:40.210 D/dalvikvm( 7213): GC_FOR_ALLOC freed 1137K, 10% free 19573K/21552K, paused 286ms, total 289ms
05-22 16:51:40.210 I/dalvikvm-heap( 7213): Grow heap (frag case) to 22.406MB for 3415696-byte allocation
05-22 16:51:40.468 D/dalvikvm( 7213): JIT unchain all for threadid=11
05-22 16:51:40.515 D/dalvikvm( 7213): GC_FOR_ALLOC freed 2K, 8% free 22906K/24888K, paused 303ms, total 303ms
05-22 16:51:40.648 I/Choreographer( 7213): Skipped 45 frames!  The application may be doing too much work on its main thread.
05-22 16:51:40.820 I/ActivityManager(  375): Displayed com.pekall.emdm.launcher/com.pekall.emdm.ui.SplashActivity: +2s469ms (total +4s65ms)
05-22 16:51:40.820 I/ActivityManager(  375): Displayed com.pekall.emdm.launcher/.Launcher: +4s65ms
05-22 16:51:40.843 W/BufferQueue(  124): [com.pekall.emdm.launcher/com.pekall.emdm.launcher.Launcher] cancelBuffer: BufferQueue has been abandoned!
05-22 16:51:40.859 V/a       ( 7213): Connected: com.pekall.semail.service.AccountServiceInternal
05-22 16:51:40.859 V/a       ( 7213): Connected: com.pekall.semail.service.AccountServiceInternal
05-22 16:51:40.859 V/a       ( 7213): Task getDeviceId completed; disconnecting
05-22 16:51:40.866 W/Parcel  (  802): Attempt to read object from Parcel 0x5f747dac at offset 200 that is not in the object list
05-22 16:51:40.866 W/Parcel  (  802): Attempt to read object from Parcel 0x5ed47dac at offset 200 that is not in the object list
05-22 16:51:40.866 W/WindowManager(  375): Token{427ad9b0 ActivityRecord{4269b638 u0 com.pekall.emdm.launcher/com.pekall.emdm.ui.AdvActivity}} failed creating starting window
05-22 16:51:40.866 W/WindowManager(  375): android.view.InflateException: Binary XML file line #34: Error inflating class <unknown>
05-22 16:51:40.866 W/WindowManager(  375): 	at android.view.LayoutInflater.createView(LayoutInflater.java:620)
05-22 16:51:40.866 W/WindowManager(  375): 	at com.android.internal.policy.impl.PhoneLayoutInflater.onCreateView(PhoneLayoutInflater.java:56)
05-22 16:51:40.866 W/WindowManager(  375): 	at android.view.LayoutInflater.onCreateView(LayoutInflater.java:669)
05-22 16:51:40.866 W/WindowManager(  375): 	at android.view.LayoutInflater.createViewFromTag(LayoutInflater.java:694)
05-22 16:51:40.866 W/WindowManager(  375): 	at android.view.LayoutInflater.rInflate(LayoutInflater.java:755)
05-22 16:51:40.866 W/WindowManager(  375): 	at android.view.LayoutInflater.inflate(LayoutInflater.java:492)
05-22 16:51:40.866 W/WindowManager(  375): 	at android.view.LayoutInflater.inflate(LayoutInflater.java:397)
05-22 16:51:40.866 W/WindowManager(  375): 	at android.view.LayoutInflater.inflate(LayoutInflater.java:353)
05-22 16:51:40.866 W/WindowManager(  375): 	at com.android.internal.policy.impl.PhoneWindow.generateLayout(PhoneWindow.java:2823)
05-22 16:51:40.866 W/WindowManager(  375): 	at com.android.internal.policy.impl.PhoneWindow.installDecor(PhoneWindow.java:2886)
05-22 16:51:40.866 W/WindowManager(  375): 	at com.android.internal.policy.impl.PhoneWindow.getDecorView(PhoneWindow.java:1581)
05-22 16:51:40.866 W/WindowManager(  375): 	at com.android.internal.policy.impl.PhoneWindowManager.addStartingWindow(PhoneWindowManager.java:1618)
05-22 16:51:40.866 W/WindowManager(  375): 	at com.android.server.wm.WindowManagerService$H.handleMessage(WindowManagerService.java:6908)
05-22 16:51:40.866 W/WindowManager(  375): 	at android.os.Handler.dispatchMessage(Handler.java:99)
05-22 16:51:40.866 W/WindowManager(  375): 	at android.os.Looper.loop(Looper.java:137)
05-22 16:51:40.866 W/WindowManager(  375): 	at android.os.HandlerThread.run(HandlerThread.java:61)
05-22 16:51:40.866 W/WindowManager(  375): Caused by: java.lang.reflect.InvocationTargetException
05-22 16:51:40.866 W/WindowManager(  375): 	at java.lang.reflect.Constructor.constructNative(Native Method)
05-22 16:51:40.866 W/WindowManager(  375): 	at java.lang.reflect.Constructor.newInstance(Constructor.java:417)
05-22 16:51:40.866 W/WindowManager(  375): 	at android.view.LayoutInflater.createView(LayoutInflater.java:594)
05-22 16:51:40.866 W/WindowManager(  375): 	... 15 more
05-22 16:51:40.866 W/WindowManager(  375): Caused by: android.content.res.Resources$NotFoundException: Resource is not a Drawable (color or path): TypedValue{t=0x2/d=0x1010059 a=-1}
05-22 16:51:40.866 W/WindowManager(  375): 	at android.content.res.Resources.loadDrawable(Resources.java:2063)
05-22 16:51:40.866 W/WindowManager(  375): 	at android.content.res.TypedArray.getDrawable(TypedArray.java:601)
05-22 16:51:40.866 W/WindowManager(  375): 	at android.widget.FrameLayout.<init>(FrameLayout.java:109)
05-22 16:51:40.866 W/WindowManager(  375): 	at android.widget.FrameLayout.<init>(FrameLayout.java:97)
05-22 16:51:40.866 W/WindowManager(  375): 	... 18 more
05-22 16:51:40.866 V/a       ( 7213): Wait for getDeviceId finished in 1473ms
05-22 16:51:40.866 D/ExchangeService( 7213): Received deviceId from Email app: androidc2130646576
05-22 16:51:40.866 D/ExchangeService( 7213): Reconciling accounts...
05-22 16:51:40.866 V/a       ( 7213): Bind requested for task reconcileAccounts
05-22 16:51:40.866 I/ActivityManager(  375): START u0 {cmp=com.pekall.emdm.launcher/com.pekall.emdm.ui.AdvActivity} from pid 7213
05-22 16:51:40.874 V/a       ( 7213): Connection test succeeded in 1769ms
05-22 16:51:40.968 D/dalvikvm(  375): GC_FOR_ALLOC freed 1461K, 20% free 18451K/23020K, paused 61ms, total 63ms
05-22 16:51:40.984 V/l       ( 7213): Bind requested for task setLogging
05-22 16:51:40.984 V/a       ( 7213): Task test completed; disconnecting
05-22 16:51:40.984 D/MDM :   ( 7213): [null:-1]->  iconWidth 104
05-22 16:51:40.984 D/MDM :   ( 7213): [null:-1]->  iconHeight 104
05-22 16:51:40.984 D/MDM :   ( 7213): [null:-1]->  107 104
05-22 16:51:40.984 D/MDM :   ( 7213): [null:-1]->  iconWidth 104
05-22 16:51:40.984 D/MDM :   ( 7213): [null:-1]->  iconHeight 104
05-22 16:51:40.984 D/MDM :   ( 7213): [null:-1]->  107 104
05-22 16:51:40.991 D/MDM :   ( 7213): [null:-1]->  iconWidth 104
05-22 16:51:40.991 D/MDM :   ( 7213): [null:-1]->  iconHeight 104
05-22 16:51:40.991 D/MDM :   ( 7213): [null:-1]->  107 104
05-22 16:51:40.991 D/MDM :   ( 7213): [null:-1]->  iconWidth 104
05-22 16:51:40.991 D/MDM :   ( 7213): [null:-1]->  iconHeight 104
05-22 16:51:40.991 D/MDM :   ( 7213): [null:-1]->  107 104
05-22 16:51:40.991 D/MDM :   ( 7213): [null:-1]->  iconWidth 104
05-22 16:51:40.991 D/MDM :   ( 7213): [null:-1]->  iconHeight 104
05-22 16:51:40.991 D/MDM :   ( 7213): [null:-1]->  107 104
05-22 16:51:40.999 D/MDM :   ( 7213): [null:-1]->  iconWidth 104
05-22 16:51:40.999 D/MDM :   ( 7213): [null:-1]->  iconHeight 104
05-22 16:51:40.999 D/MDM :   ( 7213): [null:-1]->  107 104
05-22 16:51:40.999 D/MDM :   ( 7213): [null:-1]->  iconWidth 104
05-22 16:51:40.999 D/MDM :   ( 7213): [null:-1]->  iconHeight 104
05-22 16:51:40.999 V/a       ( 7213): Waiting for task reconcileAccounts to complete...
05-22 16:51:40.999 D/MDM :   ( 7213): [null:-1]->  107 104
05-22 16:51:40.999 D/MDM :   ( 7213): [null:-1]->  iconWidth 104
05-22 16:51:40.999 D/MDM :   ( 7213): [null:-1]->  iconHeight 104
05-22 16:51:40.999 D/MDM :   ( 7213): [null:-1]->  107 104
05-22 16:51:41.007 D/MDM :   ( 7213): [null:-1]->  iconWidth 104
05-22 16:51:41.007 D/MDM :   ( 7213): [null:-1]->  iconHeight 104
05-22 16:51:41.007 D/MDM :   ( 7213): [null:-1]->  107 104
05-22 16:51:41.007 D/MDM :   ( 7213): [null:-1]->  iconWidth 104
05-22 16:51:41.007 D/MDM :   ( 7213): [null:-1]->  iconHeight 104
05-22 16:51:41.007 D/MDM :   ( 7213): [null:-1]->  107 104
05-22 16:51:41.015 D/LauncherApplication( 7213): [null:-1]->onActivityPaused
05-22 16:51:41.031 D/ExchangeService( 7213): !!! EAS ExchangeService, onStartCommand, startingUp = true, running = false
05-22 16:51:41.031 V/l       ( 7213): Connected: com.pekall.exchange.ExchangeService
05-22 16:51:41.046 V/l       ( 7213): Task setLogging completed; disconnecting
05-22 16:51:41.077 V/LauncherApplication( 7213): onActivityStarted
05-22 16:51:41.077 D/        ( 7213): [---null: -1---]     awsa  onActivityResumed
05-22 16:51:41.077 V/LauncherApplication( 7213): 2MdmConstant.LAST_LAUNCH_TIME = 1400748698718
05-22 16:51:41.085 D/        ( 7213): [---null: -1---]  activity = com.pekall.emdm.ui.AdvActivity
05-22 16:51:41.093 V/a       ( 7213): Connected: com.pekall.semail.service.AccountServiceInternal
05-22 16:51:41.109 V/a       ( 7213): Task reconcileAccounts completed; disconnecting
05-22 16:51:41.109 V/a       ( 7213): Wait for reconcileAccounts finished in 110ms
05-22 16:51:41.452 D/dalvikvm( 7213): JIT unchain all for threadid=11
05-22 16:51:41.484 D/dalvikvm( 7213): GC_FOR_ALLOC freed 686K, 7% free 25084K/26968K, paused 279ms, total 279ms
05-22 16:51:41.491 D/ExchangeService( 7213): !!! EAS ExchangeService, stopping self
05-22 16:51:41.726 D/ExchangeService( 7213): !!! EAS ExchangeService, onDestroy
05-22 16:51:41.820 I/ActivityManager(  375): Displayed com.pekall.emdm.launcher/com.pekall.emdm.ui.AdvActivity: +797ms
05-22 16:51:42.515 I/QueryController( 7143): Matched selector: UiSelector[PACKAGE NAME=com.pekall.emdm.launcher] <<==>> [android.view.accessibility.AccessibilityNodeInfo@7c8b; boundsInParent: Rect(0, 0 - 720, 1184); boundsInScreen: Rect(0, 0 - 720, 1184); packageName: com.pekall.emdm.launcher; className: android.widget.FrameLayout; text: null; contentDescription: null; viewIdResName: null; checkable: false; checked: false; focusable: false; focused: false; selected: false; clickable: false; longClickable: false; enabled: true; password: false; scrollable: false; [ACTION_SELECT, ACTION_CLEAR_SELECTION, ACTION_ACCESSIBILITY_FOCUS]]
05-22 16:51:42.523 I/QueryController( 7143): Matched selector: UiSelector[RESOURCE_ID=com.pekall.emdm.launcher:id/circle_indicator] <<==>> [android.view.accessibility.AccessibilityNodeInfo@8f50; boundsInParent: Rect(0, 0 - 720, 21); boundsInScreen: Rect(0, 1123 - 720, 1144); packageName: com.pekall.emdm.launcher; className: android.view.View; text: null; contentDescription: null; viewIdResName: com.pekall.emdm.launcher:id/circle_indicator; checkable: false; checked: false; focusable: false; focused: false; selected: false; clickable: false; longClickable: false; enabled: true; password: false; scrollable: false; [ACTION_SELECT, ACTION_CLEAR_SELECTION, ACTION_ACCESSIBILITY_FOCUS]]
05-22 16:51:43.343 D/dalvikvm( 7213): JIT unchain all for threadid=11
05-22 16:51:43.366 D/dalvikvm( 7213): GC_FOR_ALLOC freed 40K, 7% free 27177K/29048K, paused 274ms, total 274ms
05-22 16:51:45.749 D/dalvikvm(  802): GC_EXPLICIT freed 157K, 24% free 12166K/15964K, paused 2ms+3ms, total 39ms
05-22 16:51:45.937 I/QueryController( 7143): Matched selector: UiSelector[TEXT=Start] <<==>> [android.view.accessibility.AccessibilityNodeInfo@b119; boundsInParent: Rect(0, 0 - 400, 96); boundsInScreen: Rect(160, 997 - 560, 1093); packageName: com.pekall.emdm.launcher; className: android.widget.Button; text: Start; contentDescription: null; viewIdResName: com.pekall.emdm.launcher:id/start; checkable: false; checked: false; focusable: true; focused: false; selected: false; clickable: true; longClickable: false; enabled: true; password: false; scrollable: false; [ACTION_FOCUS, ACTION_SELECT, ACTION_CLEAR_SELECTION, ACTION_CLICK, ACTION_ACCESSIBILITY_FOCUS, ACTION_NEXT_AT_MOVEMENT_GRANULARITY, ACTION_PREVIOUS_AT_MOVEMENT_GRANULARITY, ACTION_SET_SELECTION]]
