05-22 16:51:01.601 W/ContextImpl( 7160): Calling a method in the system process without a qualified user: android.app.ContextImpl.bindService:1439 android.content.ContextWrapper.bindService:496 android.bluetooth.BluetoothPbap.<init>:161 com.android.settings.bluetooth.PbapServerProfile.<init>:68 com.android.settings.bluetooth.LocalBluetoothProfileManager.<init>:124 
05-22 16:51:01.609 D/BluetoothAdapter( 7160): 1110006408: getState() :  mService = null. Returning STATE_OFF
05-22 16:51:01.609 D/BluetoothAdapter( 7160): 1110006408: getState() :  mService = null. Returning STATE_OFF
05-22 16:51:01.702 D/libEGL  ( 7160): loaded /vendor/lib/egl/libEGL_POWERVR_SGX540_120.so
05-22 16:51:01.710 D/libEGL  ( 7160): loaded /vendor/lib/egl/libGLESv1_CM_POWERVR_SGX540_120.so
05-22 16:51:01.718 D/libEGL  ( 7160): loaded /vendor/lib/egl/libGLESv2_POWERVR_SGX540_120.so
05-22 16:51:01.773 D/OpenGLRenderer( 7160): Enabling debug mode 0
05-22 16:51:01.788 D/WifiService(  375): setWifiEnabled: true pid=7160, uid=1000
05-22 16:51:01.874 D/BluetoothAdapter( 7160): 1110006408: getState() :  mService = null. Returning STATE_OFF
05-22 16:51:02.109 I/ActivityManager(  375): Displayed com.android.settings/.Settings: +788ms (total +43m6s472ms)
05-22 16:51:02.163 D/dalvikvm( 7160): GC_CONCURRENT freed 103K, 2% free 9441K/9584K, paused 6ms+8ms, total 41ms
05-22 16:51:03.585 I/QueryController( 7143): Matched selector: UiSelector[TEXT=Settings, CLASS=android.widget.TextView, PACKAGE NAME=com.android.settings] <<==>> [android.view.accessibility.AccessibilityNodeInfo@ad4c; boundsInParent: Rect(0, 0 - 131, 48); boundsInScreen: Rect(97, 74 - 228, 122); packageName: com.android.settings; className: android.widget.TextView; text: Settings; contentDescription: null; viewIdResName: android:id/action_bar_title; checkable: false; checked: false; focusable: false; focused: false; selected: false; clickable: false; longClickable: false; enabled: true; password: false; scrollable: false; [ACTION_SELECT, ACTION_CLEAR_SELECTION, ACTION_ACCESSIBILITY_FOCUS, ACTION_NEXT_AT_MOVEMENT_GRANULARITY, ACTION_PREVIOUS_AT_MOVEMENT_GRANULARITY, ACTION_SET_SELECTION]]
05-22 16:51:04.648 D/dalvikvm( 7160): GC_CONCURRENT freed 234K, 3% free 9595K/9868K, paused 3ms+3ms, total 28ms
05-22 16:51:05.249 I/QueryController( 7143): Matched selector: UiSelector[TEXT=Security] <<==>> [android.view.accessibility.AccessibilityNodeInfo@1c6d7; boundsInParent: Rect(0, 0 - 131, 48); boundsInScreen: Rect(116, 196 - 247, 244); packageName: com.android.settings; className: android.widget.TextView; text: Security; contentDescription: null; viewIdResName: android:id/title; checkable: false; checked: false; focusable: false; focused: false; selected: false; clickable: false; longClickable: false; enabled: true; password: false; scrollable: false; [ACTION_SELECT, ACTION_CLEAR_SELECTION, ACTION_ACCESSIBILITY_FOCUS, ACTION_NEXT_AT_MOVEMENT_GRANULARITY, ACTION_PREVIOUS_AT_MOVEMENT_GRANULARITY, ACTION_SET_SELECTION]]
05-22 16:51:05.281 I/QueryController( 7143): Matched selector: UiSelector[TEXT=Security] <<==>> [android.view.accessibility.AccessibilityNodeInfo@1c6d7; boundsInParent: Rect(0, 0 - 131, 48); boundsInScreen: Rect(116, 196 - 247, 244); packageName: com.android.settings; className: android.widget.TextView; text: Security; contentDescription: null; viewIdResName: android:id/title; checkable: false; checked: false; focusable: false; focused: false; selected: false; clickable: false; longClickable: false; enabled: true; password: false; scrollable: false; [ACTION_SELECT, ACTION_CLEAR_SELECTION, ACTION_ACCESSIBILITY_FOCUS, ACTION_NEXT_AT_MOVEMENT_GRANULARITY, ACTION_PREVIOUS_AT_MOVEMENT_GRANULARITY, ACTION_SET_SELECTION]]
05-22 16:51:05.281 D/InteractionController( 7143): clickAndWaitForNewWindow(181, 220)
05-22 16:51:05.507 W/Parcel  (  802): Attempt to read object from Parcel 0x5ed47dac at offset 200 that is not in the object list
05-22 16:51:05.507 I/ActivityManager(  375): START u0 {act=android.intent.action.MAIN cmp=com.android.settings/.SubSettings (has extras)} from pid 7160
05-22 16:51:05.601 D/dalvikvm(  375): GC_FOR_ALLOC freed 2619K, 18% free 18965K/23020K, paused 65ms, total 65ms
05-22 16:51:05.921 I/ActivityManager(  375): Displayed com.android.settings/.SubSettings: +307ms
05-22 16:51:05.984 D/dalvikvm( 7160): GC_CONCURRENT freed 149K, 2% free 9833K/10020K, paused 2ms+3ms, total 30ms
05-22 16:51:06.609 I/QueryController( 7143): Matched selector: UiSelector[TEXT=Device administrators] <<==>> [android.view.accessibility.AccessibilityNodeInfo@2864b; boundsInParent: Rect(0, 0 - 353, 48); boundsInScreen: Rect(48, 966 - 401, 1014); packageName: com.android.settings; className: android.widget.TextView; text: Device administrators; contentDescription: null; viewIdResName: android:id/title; checkable: false; checked: false; focusable: false; focused: false; selected: false; clickable: false; longClickable: false; enabled: true; password: false; scrollable: false; [ACTION_SELECT, ACTION_CLEAR_SELECTION, ACTION_ACCESSIBILITY_FOCUS, ACTION_NEXT_AT_MOVEMENT_GRANULARITY, ACTION_PREVIOUS_AT_MOVEMENT_GRANULARITY, ACTION_SET_SELECTION]]
05-22 16:51:06.648 I/QueryController( 7143): Matched selector: UiSelector[TEXT=Device administrators] <<==>> [android.view.accessibility.AccessibilityNodeInfo@2864b; boundsInParent: Rect(0, 0 - 353, 48); boundsInScreen: Rect(48, 966 - 401, 1014); packageName: com.android.settings; className: android.widget.TextView; text: Device administrators; contentDescription: null; viewIdResName: android:id/title; checkable: false; checked: false; focusable: false; focused: false; selected: false; clickable: false; longClickable: false; enabled: true; password: false; scrollable: false; [ACTION_SELECT, ACTION_CLEAR_SELECTION, ACTION_ACCESSIBILITY_FOCUS, ACTION_NEXT_AT_MOVEMENT_GRANULARITY, ACTION_PREVIOUS_AT_MOVEMENT_GRANULARITY, ACTION_SET_SELECTION]]
05-22 16:51:06.679 D/InteractionController( 7143): clickAndWaitForNewWindow(224, 990)
05-22 16:51:06.851 W/Parcel  (  802): Attempt to read object from Parcel 0x5dfdfdac at offset 200 that is not in the object list
05-22 16:51:06.851 I/ActivityManager(  375): START u0 {act=android.intent.action.MAIN cmp=com.android.settings/.SubSettings (has extras)} from pid 7160
05-22 16:51:06.960 D/dalvikvm(  375): GC_FOR_ALLOC freed 936K, 19% free 18822K/23020K, paused 67ms, total 68ms
05-22 16:51:07.023 D/dalvikvm(  375): GC_FOR_ALLOC freed 750K, 19% free 18815K/23020K, paused 60ms, total 60ms
05-22 16:51:07.343 I/ActivityManager(  375): Displayed com.android.settings/.SubSettings: +315ms
05-22 16:51:07.984 I/QueryController( 7143): Matched selector: UiSelector[TEXT=HttpClienPekall, CLASS=android.widget.TextView, PACKAGE NAME=com.android.settings] <<==>> [android.view.accessibility.AccessibilityNodeInfo@35102; boundsInParent: Rect(0, 0 - 246, 48); boundsInScreen: Rect(172, 163 - 418, 211); packageName: com.android.settings; className: android.widget.TextView; text: HttpClienPekall; contentDescription: null; viewIdResName: com.android.settings:id/name; checkable: false; checked: false; focusable: false; focused: false; selected: false; clickable: false; longClickable: false; enabled: true; password: false; scrollable: false; [ACTION_SELECT, ACTION_CLEAR_SELECTION, ACTION_ACCESSIBILITY_FOCUS, ACTION_NEXT_AT_MOVEMENT_GRANULARITY, ACTION_PREVIOUS_AT_MOVEMENT_GRANULARITY, ACTION_SET_SELECTION]]
05-22 16:51:08.007 D/dalvikvm( 7160): GC_CONCURRENT freed 145K, 2% free 10089K/10272K, paused 1ms+5ms, total 30ms
05-22 16:51:08.023 I/QueryController( 7143): Matched selector: UiSelector[TEXT=HttpClienPekall, CLASS=android.widget.TextView, PACKAGE NAME=com.android.settings] <<==>> [android.view.accessibility.AccessibilityNodeInfo@35102; boundsInParent: Rect(0, 0 - 246, 48); boundsInScreen: Rect(172, 163 - 418, 211); packageName: com.android.settings; className: android.widget.TextView; text: HttpClienPekall; contentDescription: null; viewIdResName: com.android.settings:id/name; checkable: false; checked: false; focusable: false; focused: false; selected: false; clickable: false; longClickable: false; enabled: true; password: false; scrollable: false; [ACTION_SELECT, ACTION_CLEAR_SELECTION, ACTION_ACCESSIBILITY_FOCUS, ACTION_NEXT_AT_MOVEMENT_GRANULARITY, ACTION_PREVIOUS_AT_MOVEMENT_GRANULARITY, ACTION_SET_SELECTION]]
05-22 16:51:08.023 D/UiObject( 7143): getText() = HttpClienPekall
05-22 16:51:08.038 I/QueryController( 7143): Matched selector: UiSelector[TEXT=HttpClienPekall, CLASS=android.widget.TextView, PACKAGE NAME=com.android.settings] <<==>> [android.view.accessibility.AccessibilityNodeInfo@35102; boundsInParent: Rect(0, 0 - 246, 48); boundsInScreen: Rect(172, 163 - 418, 211); packageName: com.android.settings; className: android.widget.TextView; text: HttpClienPekall; contentDescription: null; viewIdResName: com.android.settings:id/name; checkable: false; checked: false; focusable: false; focused: false; selected: false; clickable: false; longClickable: false; enabled: true; password: false; scrollable: false; [ACTION_SELECT, ACTION_CLEAR_SELECTION, ACTION_ACCESSIBILITY_FOCUS, ACTION_NEXT_AT_MOVEMENT_GRANULARITY, ACTION_PREVIOUS_AT_MOVEMENT_GRANULARITY, ACTION_SET_SELECTION]]
05-22 16:51:08.054 I/QueryController( 7143): Matched selector: UiSelector[TEXT=HttpClienPekall, CLASS=android.widget.TextView, PACKAGE NAME=com.android.settings] <<==>> [android.view.accessibility.AccessibilityNodeInfo@35102; boundsInParent: Rect(0, 0 - 246, 48); boundsInScreen: Rect(172, 163 - 418, 211); packageName: com.android.settings; className: android.widget.TextView; text: HttpClienPekall; contentDescription: null; viewIdResName: com.android.settings:id/name; checkable: false; checked: false; focusable: false; focused: false; selected: false; clickable: false; longClickable: false; enabled: true; password: false; scrollable: false; [ACTION_SELECT, ACTION_CLEAR_SELECTION, ACTION_ACCESSIBILITY_FOCUS, ACTION_NEXT_AT_MOVEMENT_GRANULARITY, ACTION_PREVIOUS_AT_MOVEMENT_GRANULARITY, ACTION_SET_SELECTION]]
05-22 16:51:08.062 D/InteractionController( 7143): clickAndWaitForNewWindow(295, 187)
05-22 16:51:08.234 W/Parcel  (  802): Attempt to read object from Parcel 0x5f747dac at offset 200 that is not in the object list
05-22 16:51:08.234 I/ActivityManager(  375): START u0 {cmp=com.android.settings/.DeviceAdminAdd (has extras)} from pid 7160
05-22 16:51:08.343 D/dalvikvm(  375): GC_FOR_ALLOC freed 406K, 17% free 19197K/23020K, paused 66ms, total 66ms
05-22 16:51:08.406 D/dalvikvm(  375): GC_FOR_ALLOC freed 751K, 19% free 18817K/23020K, paused 60ms, total 60ms
05-22 16:51:08.624 I/ActivityManager(  375): Displayed com.android.settings/.DeviceAdminAdd: +216ms
05-22 16:51:09.288 I/QueryController( 7143): Matched selector: UiSelector[TEXT=Deactivate, CLASS=android.widget.Button] <<==>> [android.view.accessibility.AccessibilityNodeInfo@390d4; boundsInParent: Rect(0, 0 - 359, 96); boundsInScreen: Rect(361, 1088 - 720, 1184); packageName: com.android.settings; className: android.widget.Button; text: Deactivate; contentDescription: null; viewIdResName: com.android.settings:id/action_button; checkable: false; checked: false; focusable: true; focused: false; selected: false; clickable: true; longClickable: false; enabled: true; password: false; scrollable: false; [ACTION_FOCUS, ACTION_SELECT, ACTION_CLEAR_SELECTION, ACTION_CLICK, ACTION_ACCESSIBILITY_FOCUS, ACTION_NEXT_AT_MOVEMENT_GRANULARITY, ACTION_PREVIOUS_AT_MOVEMENT_GRANULARITY, ACTION_SET_SELECTION]]
05-22 16:51:09.327 I/QueryController( 7143): Matched selector: UiSelector[TEXT=Deactivate, CLASS=android.widget.Button] <<==>> [android.view.accessibility.AccessibilityNodeInfo@390d4; boundsInParent: Rect(0, 0 - 359, 96); boundsInScreen: Rect(361, 1088 - 720, 1184); packageName: com.android.settings; className: android.widget.Button; text: Deactivate; contentDescription: null; viewIdResName: com.android.settings:id/action_button; checkable: false; checked: false; focusable: true; focused: false; selected: false; clickable: true; longClickable: false; enabled: true; password: false; scrollable: false; [ACTION_FOCUS, ACTION_SELECT, ACTION_CLEAR_SELECTION, ACTION_CLICK, ACTION_ACCESSIBILITY_FOCUS, ACTION_NEXT_AT_MOVEMENT_GRANULARITY, ACTION_PREVIOUS_AT_MOVEMENT_GRANULARITY, ACTION_SET_SELECTION]]
05-22 16:51:09.335 D/InteractionController( 7143): clickAndWaitForNewWindow(540, 1136)
05-22 16:51:09.452 W/Parcel  (  802): Attempt to read object from Parcel 0x5ed47dac at offset 200 that is not in the object list
05-22 16:51:09.546 D/dalvikvm(  375): GC_FOR_ALLOC freed 408K, 17% free 19198K/23020K, paused 56ms, total 56ms
05-22 16:51:09.601 D/dalvikvm(  375): GC_FOR_ALLOC freed 748K, 19% free 18821K/23020K, paused 53ms, total 53ms
05-22 16:51:09.609 W/DevicePolicyManagerService(  375): Previous password owner 10066 no longer active; disabling
05-22 16:51:09.616 D/MdmApp  ( 3216): [null:-1]->startDeviceAdminActivity isAdminActive:false
05-22 16:51:09.616 W/Parcel  (  802): Attempt to read object from Parcel 0x5e0dfdac at offset 200 that is not in the object list
05-22 16:51:09.616 I/ActivityManager(  375): START u0 {flg=0x10000000 cmp=com.pekall.emdm.launcher/com.pekall.emdm.ui.ActiveDeviceAdminActivity} from pid 3216
05-22 16:51:09.734 W/InputMethodManagerService(  375): Focus gain on non-focused client com.android.internal.view.IInputMethodClient$Stub$Proxy@42756db0 (uid=1000 pid=7160)
05-22 16:51:09.796 V/LauncherApplication( 3216): onActivityStarted
05-22 16:51:09.796 D/        ( 3216): [---null: -1---]     awsa  onActivityResumed
05-22 16:51:09.796 V/LauncherApplication( 3216): 2MdmConstant.LAST_LAUNCH_TIME = 1400746075645
05-22 16:51:09.804 D/dalvikvm( 7160): GC_CONCURRENT freed 188K, 3% free 10299K/10524K, paused 2ms+3ms, total 51ms
05-22 16:51:09.812 D/        ( 3216): [---null: -1---]  activity = com.pekall.emdm.ui.ActiveDeviceAdminActivity
05-22 16:51:09.960 I/ActivityManager(  375): Displayed com.pekall.emdm.launcher/com.pekall.emdm.ui.ActiveDeviceAdminActivity: +273ms
05-22 16:51:10.546 I/QueryController( 7143): Matched selector: UiSelector[TEXT=Active, CLASS=android.widget.Button] <<==>> [android.view.accessibility.AccessibilityNodeInfo@2b556d; boundsInParent: Rect(0, 0 - 660, 79); boundsInScreen: Rect(30, 457 - 690, 536); packageName: com.pekall.emdm.launcher; className: android.widget.Button; text: Active; contentDescription: null; viewIdResName: com.pekall.emdm.launcher:id/active_device_admin_button; checkable: false; checked: false; focusable: true; focused: false; selected: false; clickable: true; longClickable: false; enabled: true; password: false; scrollable: false; [ACTION_FOCUS, ACTION_SELECT, ACTION_CLEAR_SELECTION, ACTION_CLICK, ACTION_ACCESSIBILITY_FOCUS, ACTION_NEXT_AT_MOVEMENT_GRANULARITY, ACTION_PREVIOUS_AT_MOVEMENT_GRANULARITY, ACTION_SET_SELECTION]]
05-22 16:51:10.577 W/Parcel  (  802): Attempt to read object from Parcel 0x5f747dac at offset 200 that is not in the object list
05-22 16:51:10.577 I/ActivityManager(  375): START u0 {act=launcher.action.to.personal cmp=com.pekall.emdm.launcher/.ui.BackPersonalActivity} from pid 3216
05-22 16:51:10.679 D/dalvikvm(  375): GC_FOR_ALLOC freed 831K, 19% free 18835K/23020K, paused 58ms, total 59ms
05-22 16:51:10.687 D/LauncherApplication( 3216): [null:-1]->onActivityPaused
05-22 16:51:10.702 V/LauncherApplication( 3216): onActivityStarted
05-22 16:51:10.718 V/Launcher( 3216): default_launcher = #Intent;launchFlags=0x10200000;component=com.android.launcher/com.android.launcher2.Launcher;end
05-22 16:51:10.718 W/Parcel  (  802): Attempt to read object from Parcel 0x5ed47dac at offset 200 that is not in the object list
05-22 16:51:10.718 I/ActivityManager(  375): START u0 {act=android.intent.action.VIEW flg=0x10200000 cmp=com.android.launcher/com.android.launcher2.Launcher} from pid 3216
05-22 16:51:11.968 I/QueryController( 7143): Matched selector: UiSelector[TEXT=Apps, CLASS=android.widget.TextView, PACKAGE NAME=com.android.launcher] <<==>> [android.view.accessibility.AccessibilityNodeInfo@1ec5b; boundsInParent: Rect(524257, 0 - 524399, 104); boundsInScreen: Rect(0, 50 - 142, 154); packageName: com.android.launcher; className: android.widget.TextView; text: Apps; contentDescription: Apps; viewIdResName: null; checkable: false; checked: false; focusable: true; focused: false; selected: true; clickable: true; longClickable: false; enabled: true; password: false; scrollable: false; [ACTION_FOCUS, ACTION_SELECT, ACTION_CLEAR_SELECTION, ACTION_CLICK, ACTION_ACCESSIBILITY_FOCUS, ACTION_NEXT_AT_MOVEMENT_GRANULARITY, ACTION_PREVIOUS_AT_MOVEMENT_GRANULARITY, ACTION_SET_SELECTION]]
05-22 16:51:11.976 I/QueryController( 7143): Matched selector: UiSelector[TEXT=Apps, CLASS=android.widget.TextView, PACKAGE NAME=com.android.launcher] <<==>> [android.view.accessibility.AccessibilityNodeInfo@1ec5b; boundsInParent: Rect(524257, 0 - 524399, 104); boundsInScreen: Rect(0, 50 - 142, 154); packageName: com.android.launcher; className: android.widget.TextView; text: Apps; contentDescription: Apps; viewIdResName: null; checkable: false; checked: false; focusable: true; focused: false; selected: true; clickable: true; longClickable: false; enabled: true; password: false; scrollable: false; [ACTION_FOCUS, ACTION_SELECT, ACTION_CLEAR_SELECTION, ACTION_CLICK, ACTION_ACCESSIBILITY_FOCUS, ACTION_NEXT_AT_MOVEMENT_GRANULARITY, ACTION_PREVIOUS_AT_MOVEMENT_GRANULARITY, ACTION_SET_SELECTION]]
05-22 16:51:11.984 I/QueryController( 7143): Matched selector: UiSelector[TEXT=Apps, CLASS=android.widget.TextView, PACKAGE NAME=com.android.launcher] <<==>> [android.view.accessibility.AccessibilityNodeInfo@1ec5b; boundsInParent: Rect(524257, 0 - 524399, 104); boundsInScreen: Rect(0, 50 - 142, 154); packageName: com.android.launcher; className: android.widget.TextView; text: Apps; contentDescription: Apps; viewIdResName: null; checkable: false; checked: false; focusable: true; focused: false; selected: true; clickable: true; longClickable: false; enabled: true; password: false; scrollable: false; [ACTION_FOCUS, ACTION_SELECT, ACTION_CLEAR_SELECTION, ACTION_CLICK, ACTION_ACCESSIBILITY_FOCUS, ACTION_NEXT_AT_MOVEMENT_GRANULARITY, ACTION_PREVIOUS_AT_MOVEMENT_GRANULARITY, ACTION_SET_SELECTION]]
05-22 16:51:11.984 D/UiObject( 7143): getText() = Apps
05-22 16:51:11.999 I/QueryController( 7143): Matched selector: UiSelector[TEXT=Apps, CLASS=android.widget.TextView, PACKAGE NAME=com.android.launcher] <<==>> [android.view.accessibility.AccessibilityNodeInfo@1ec5b; boundsInParent: Rect(524257, 0 - 524399, 104); boundsInScreen: Rect(0, 50 - 142, 154); packageName: com.android.launcher; className: android.widget.TextView; text: Apps; contentDescription: Apps; viewIdResName: null; checkable: false; checked: false; focusable: true; focused: false; selected: true; clickable: true; longClickable: false; enabled: true; password: false; scrollable: false; [ACTION_FOCUS, ACTION_SELECT, ACTION_CLEAR_SELECTION, ACTION_CLICK, ACTION_ACCESSIBILITY_FOCUS, ACTION_NEXT_AT_MOVEMENT_GRANULARITY, ACTION_PREVIOUS_AT_MOVEMENT_GRANULARITY, ACTION_SET_SELECTION]]
05-22 16:51:12.007 I/QueryController( 7143): Matched selector: UiSelector[TEXT=Apps, CLASS=android.widget.TextView, PACKAGE NAME=com.android.launcher] <<==>> [android.view.accessibility.AccessibilityNodeInfo@1ec5b; boundsInParent: Rect(524257, 0 - 524399, 104); boundsInScreen: Rect(0, 50 - 142, 154); packageName: com.android.launcher; className: android.widget.TextView; text: Apps; contentDescription: Apps; viewIdResName: null; checkable: false; checked: false; focusable: true; focused: false; selected: true; clickable: true; longClickable: false; enabled: true; password: false; scrollable: false; [ACTION_FOCUS, ACTION_SELECT, ACTION_CLEAR_SELECTION, ACTION_CLICK, ACTION_ACCESSIBILITY_FOCUS, ACTION_NEXT_AT_MOVEMENT_GRANULARITY, ACTION_PREVIOUS_AT_MOVEMENT_GRANULARITY, ACTION_SET_SELECTION]]
05-22 16:51:12.007 D/InteractionController( 7143): clickAndWaitForNewWindow(71, 102)
05-22 16:51:15.116 W/InteractionController( 7143): runAndwaitForEvent timedout waiting for events
05-22 16:51:15.124 I/QueryController( 7143): Matched selector: UiSelector[PACKAGE NAME=com.android.launcher] <<==>> [android.view.accessibility.AccessibilityNodeInfo@74f7; boundsInParent: Rect(0, 0 - 720, 1184); boundsInScreen: Rect(0, 0 - 720, 1184); packageName: com.android.launcher; className: android.widget.FrameLayout; text: null; contentDescription: null; viewIdResName: null; checkable: false; checked: false; focusable: false; focused: false; selected: false; clickable: false; longClickable: false; enabled: true; password: false; scrollable: false; [ACTION_SELECT, ACTION_CLEAR_SELECTION, ACTION_ACCESSIBILITY_FOCUS]]
05-22 16:51:15.132 I/QueryController( 7143): Matched selector: UiSelector[TEXT=Settings] <<==>> [android.view.accessibility.AccessibilityNodeInfo@38588; boundsInParent: Rect(0, 0 - 148, 184); boundsInScreen: Rect(16, 379 - 164, 563); packageName: com.android.launcher; className: android.widget.TextView; text: Settings; contentDescription: null; viewIdResName: null; checkable: false; checked: false; focusable: true; focused: false; selected: false; clickable: true; longClickable: true; enabled: true; password: false; scrollable: false; [ACTION_FOCUS, ACTION_SELECT, ACTION_CLEAR_SELECTION, ACTION_CLICK, ACTION_LONG_CLICK, ACTION_ACCESSIBILITY_FOCUS, ACTION_NEXT_AT_MOVEMENT_GRANULARITY, ACTION_PREVIOUS_AT_MOVEMENT_GRANULARITY, ACTION_SET_SELECTION]]
05-22 16:51:15.140 I/QueryController( 7143): Matched selector: UiSelector[TEXT=Settings] <<==>> [android.view.accessibility.AccessibilityNodeInfo@38588; boundsInParent: Rect(0, 0 - 148, 184); boundsInScreen: Rect(16, 379 - 164, 563); packageName: com.android.launcher; className: android.widget.TextView; text: Settings; contentDescription: null; viewIdResName: null; checkable: false; checked: false; focusable: true; focused: false; selected: false; clickable: true; longClickable: true; enabled: true; password: false; scrollable: false; [ACTION_FOCUS, ACTION_SELECT, ACTION_CLEAR_SELECTION, ACTION_CLICK, ACTION_LONG_CLICK, ACTION_ACCESSIBILITY_FOCUS, ACTION_NEXT_AT_MOVEMENT_GRANULARITY, ACTION_PREVIOUS_AT_MOVEMENT_GRANULARITY, ACTION_SET_SELECTION]]
05-22 16:51:15.140 D/InteractionController( 7143): clickAndWaitForNewWindow(90, 471)
05-22 16:51:15.257 W/Parcel  (  802): Attempt to read object from Parcel 0x5e0dfdac at offset 200 that is not in the object list
05-22 16:51:15.257 I/ActivityManager(  375): START u0 {act=android.intent.action.MAIN cat=[android.intent.category.LAUNCHER] flg=0x10200000 cmp=com.android.settings/.Settings} from pid 1150
05-22 16:51:15.351 D/dalvikvm(  375): GC_FOR_ALLOC freed 1183K, 20% free 18459K/23020K, paused 57ms, total 57ms
05-22 16:51:15.398 D/BluetoothAdapter( 7160): 1110006408: getState() :  mService = null. Returning STATE_OFF
05-22 16:51:16.257 I/QueryController( 7143): Matched selector: UiSelector[TEXT=Settings, CLASS=android.widget.TextView, PACKAGE NAME=com.android.settings] <<==>> [android.view.accessibility.AccessibilityNodeInfo@ad4c; boundsInParent: Rect(0, 0 - 131, 48); boundsInScreen: Rect(97, 74 - 228, 122); packageName: com.android.settings; className: android.widget.TextView; text: Settings; contentDescription: null; viewIdResName: android:id/action_bar_title; checkable: false; checked: false; focusable: false; focused: false; selected: false; clickable: false; longClickable: false; enabled: true; password: false; scrollable: false; [ACTION_SELECT, ACTION_CLEAR_SELECTION, ACTION_ACCESSIBILITY_FOCUS, ACTION_NEXT_AT_MOVEMENT_GRANULARITY, ACTION_PREVIOUS_AT_MOVEMENT_GRANULARITY, ACTION_SET_SELECTION]]
05-22 16:51:16.898 I/QueryController( 7143): Matched selector: UiSelector[TEXT=Apps] <<==>> [android.view.accessibility.AccessibilityNodeInfo@51378; boundsInParent: Rect(0, 0 - 83, 48); boundsInScreen: Rect(116, 1086 - 199, 1134); packageName: com.android.settings; className: android.widget.TextView; text: Apps; contentDescription: null; viewIdResName: android:id/title; checkable: false; checked: false; focusable: false; focused: false; selected: false; clickable: false; longClickable: false; enabled: true; password: false; scrollable: false; [ACTION_SELECT, ACTION_CLEAR_SELECTION, ACTION_ACCESSIBILITY_FOCUS, ACTION_NEXT_AT_MOVEMENT_GRANULARITY, ACTION_PREVIOUS_AT_MOVEMENT_GRANULARITY, ACTION_SET_SELECTION]]
05-22 16:51:16.929 I/QueryController( 7143): Matched selector: UiSelector[TEXT=Apps] <<==>> [android.view.accessibility.AccessibilityNodeInfo@51378; boundsInParent: Rect(0, 0 - 83, 48); boundsInScreen: Rect(116, 1086 - 199, 1134); packageName: com.android.settings; className: android.widget.TextView; text: Apps; contentDescription: null; viewIdResName: android:id/title; checkable: false; checked: false; focusable: false; focused: false; selected: false; clickable: false; longClickable: false; enabled: true; password: false; scrollable: false; [ACTION_SELECT, ACTION_CLEAR_SELECTION, ACTION_ACCESSIBILITY_FOCUS, ACTION_NEXT_AT_MOVEMENT_GRANULARITY, ACTION_PREVIOUS_AT_MOVEMENT_GRANULARITY, ACTION_SET_SELECTION]]
05-22 16:51:16.929 D/InteractionController( 7143): clickAndWaitForNewWindow(157, 1110)
05-22 16:51:17.101 W/Parcel  (  802): Attempt to read object from Parcel 0x5dfdfdac at offset 200 that is not in the object list
05-22 16:51:17.101 I/ActivityManager(  375): START u0 {act=android.intent.action.MAIN cmp=com.android.settings/.SubSettings (has extras)} from pid 7160
05-22 16:51:17.202 D/dalvikvm(  375): GC_FOR_ALLOC freed 794K, 19% free 18819K/23020K, paused 62ms, total 62ms
05-22 16:51:17.257 D/dalvikvm(  375): GC_FOR_ALLOC freed 760K, 19% free 18802K/23020K, paused 53ms, total 53ms
05-22 16:51:17.312 W/ContextImpl( 7160): Calling a method in the system process without a qualified user: android.app.ContextImpl.bindService:1439 android.content.ContextWrapper.bindService:496 com.android.settings.applications.ManageApplications.onCreate:861 android.app.Fragment.performCreate:1673 android.app.FragmentManagerImpl.moveToState:854 
05-22 16:51:17.327 D/dalvikvm( 7160): GC_CONCURRENT freed 209K, 3% free 10517K/10764K, paused 2ms+7ms, total 36ms
05-22 16:51:17.593 D/dalvikvm( 7160): GC_CONCURRENT freed 512K, 5% free 10455K/11004K, paused 5ms+3ms, total 34ms
05-22 16:51:17.640 D/dalvikvm( 7160): GC_FOR_ALLOC freed 31K, 5% free 10492K/11004K, paused 19ms, total 20ms
05-22 16:51:17.679 D/dalvikvm( 7160): GC_FOR_ALLOC freed 15K, 5% free 10542K/11044K, paused 18ms, total 19ms
05-22 16:51:17.718 D/dalvikvm( 7160): GC_FOR_ALLOC freed 12K, 5% free 10612K/11108K, paused 18ms, total 18ms
05-22 16:51:17.851 V/RenderScript( 7160): 0x5abb2ee0 Launching thread(s), CPUs 2
05-22 16:51:17.898 I/ActivityManager(  375): Displayed com.android.settings/.SubSettings: +630ms (total +7s199ms)
05-22 16:51:18.093 D/dalvikvm( 7160): GC_FOR_ALLOC freed 174K, 4% free 10815K/11228K, paused 21ms, total 24ms
05-22 16:51:18.187 D/dalvikvm( 7160): GC_FOR_ALLOC freed 292K, 6% free 10799K/11472K, paused 22ms, total 22ms
05-22 16:51:18.218 D/dalvikvm( 7160): GC_FOR_ALLOC freed 5K, 6% free 10832K/11472K, paused 24ms, total 25ms
05-22 16:51:18.241 D/dalvikvm( 7160): GC_FOR_ALLOC freed 2K, 6% free 10871K/11512K, paused 17ms, total 18ms
05-22 16:51:18.273 D/dalvikvm( 7160): GC_FOR_ALLOC freed 2K, 6% free 10927K/11552K, paused 17ms, total 17ms
05-22 16:51:18.296 D/dalvikvm( 7160): GC_FOR_ALLOC freed 24K, 6% free 10981K/11632K, paused 16ms, total 17ms
05-22 16:51:18.327 D/dalvikvm( 7160): GC_FOR_ALLOC freed 4K, 6% free 11054K/11712K, paused 17ms, total 17ms
05-22 16:51:18.374 D/dalvikvm( 7160): GC_FOR_ALLOC freed 6K, 6% free 11165K/11792K, paused 15ms, total 16ms
05-22 16:51:18.421 D/dalvikvm( 7160): GC_FOR_ALLOC freed 18K, 6% free 11312K/11952K, paused 17ms, total 18ms
05-22 16:51:18.484 D/dalvikvm( 7160): GC_FOR_ALLOC freed 13K, 6% free 11532K/12152K, paused 16ms, total 17ms
05-22 16:51:18.546 D/dalvikvm( 7160): GC_FOR_ALLOC freed 37K, 5% free 11809K/12428K, paused 17ms, total 17ms
05-22 16:51:18.741 D/dalvikvm( 7160): GC_FOR_ALLOC freed 164K, 5% free 12181K/12812K, paused 20ms, total 20ms
05-22 16:51:18.741 I/dalvikvm-heap( 7160): Grow heap (frag case) to 14.179MB for 2359312-byte allocation
05-22 16:51:18.765 D/dalvikvm( 7160): GC_FOR_ALLOC freed 1K, 5% free 14484K/15120K, paused 25ms, total 25ms
05-22 16:51:18.796 D/dalvikvm( 7160): GC_CONCURRENT freed 15K, 5% free 14468K/15120K, paused 2ms+2ms, total 27ms
05-22 16:51:19.366 D/dalvikvm( 6643): GC_CONCURRENT freed 385K, 5% free 8887K/9312K, paused 3ms+1ms, total 14ms
05-22 16:51:20.070 I/dalvikvm( 7160): Jit: resizing JitTable from 4096 to 8192
05-22 16:51:20.866 I/QueryController( 7143): Matched selector: UiSelector[TEXT=Pekall enterprise mobile office] <<==>> [android.view.accessibility.AccessibilityNodeInfo@66919; boundsInParent: Rect(0, 0 - 512, 48); boundsInScreen: Rect(160, 725 - 672, 773); packageName: com.android.settings; className: android.widget.TextView; text: Pekall enterprise mobile office; contentDescription: null; viewIdResName: com.android.settings:id/app_name; checkable: false; checked: false; focusable: false; focused: false; selected: false; clickable: false; longClickable: false; enabled: true; password: false; scrollable: false; [ACTION_SELECT, ACTION_CLEAR_SELECTION, ACTION_ACCESSIBILITY_FOCUS, ACTION_NEXT_AT_MOVEMENT_GRANULARITY, ACTION_PREVIOUS_AT_MOVEMENT_GRANULARITY, ACTION_SET_SELECTION]]
05-22 16:51:20.898 I/QueryController( 7143): Matched selector: UiSelector[TEXT=Pekall enterprise mobile office] <<==>> [android.view.accessibility.AccessibilityNodeInfo@66919; boundsInParent: Rect(0, 0 - 512, 48); boundsInScreen: Rect(160, 725 - 672, 773); packageName: com.android.settings; className: android.widget.TextView; text: Pekall enterprise mobile office; contentDescription: null; viewIdResName: com.android.settings:id/app_name; checkable: false; checked: false; focusable: false; focused: false; selected: false; clickable: false; longClickable: false; enabled: true; password: false; scrollable: false; [ACTION_SELECT, ACTION_CLEAR_SELECTION, ACTION_ACCESSIBILITY_FOCUS, ACTION_NEXT_AT_MOVEMENT_GRANULARITY, ACTION_PREVIOUS_AT_MOVEMENT_GRANULARITY, ACTION_SET_SELECTION]]
05-22 16:51:20.898 D/InteractionController( 7143): clickAndWaitForNewWindow(416, 749)
05-22 16:51:21.093 W/Parcel  (  802): Attempt to read object from Parcel 0x5dfdfdac at offset 200 that is not in the object list
05-22 16:51:21.093 I/ActivityManager(  375): START u0 {act=android.intent.action.MAIN cmp=com.android.settings/.SubSettings (has extras)} from pid 7160
05-22 16:51:21.195 D/dalvikvm(  375): GC_FOR_ALLOC freed 1179K, 17% free 19192K/23020K, paused 61ms, total 61ms
05-22 16:51:21.249 D/dalvikvm(  375): GC_FOR_ALLOC freed 753K, 19% free 18810K/23020K, paused 56ms, total 56ms
05-22 16:51:21.359 W/ResourceType( 7160): getEntry failing because entryIndex 129 is beyond type entryCount 3
05-22 16:51:21.429 D/dalvikvm( 6643): GC_CONCURRENT freed 386K, 5% free 8886K/9312K, paused 3ms+1ms, total 18ms
05-22 16:51:21.577 D/dalvikvm( 7160): GC_CONCURRENT freed 790K, 6% free 15539K/16364K, paused 2ms+6ms, total 37ms
05-22 16:51:21.710 D/android.widget.GridLayout( 7160): vertical constraints: y1-y0>=52, y2-y1>=698, y2-y0<=96 are inconsistent; permanently removing: y2-y0<=96. 
05-22 16:51:22.093 I/ActivityManager(  375): Displayed com.android.settings/.SubSettings: +833ms
05-22 16:51:22.523 D/dalvikvm( 6643): GC_CONCURRENT freed 389K, 5% free 8886K/9312K, paused 1ms+1ms, total 12ms
05-22 16:51:23.312 I/QueryController( 7143): Matched selector: UiSelector[TEXT=Clear data, ENABLED=true] <<==>> [android.view.accessibility.AccessibilityNodeInfo@71207; boundsInParent: Rect(0, 0 - 298, 96); boundsInScreen: Rect(373, 718 - 671, 814); packageName: com.android.settings; className: android.widget.Button; text: Clear data; contentDescription: null; viewIdResName: com.android.settings:id/right_button; checkable: false; checked: false; focusable: true; focused: false; selected: false; clickable: true; longClickable: false; enabled: true; password: false; scrollable: false; [ACTION_FOCUS, ACTION_SELECT, ACTION_CLEAR_SELECTION, ACTION_CLICK, ACTION_ACCESSIBILITY_FOCUS, ACTION_NEXT_AT_MOVEMENT_GRANULARITY, ACTION_PREVIOUS_AT_MOVEMENT_GRANULARITY, ACTION_SET_SELECTION]]
05-22 16:51:23.929 I/QueryController( 7143): Matched selector: UiSelector[TEXT=Clear data, CLASS=android.widget.Button] <<==>> [android.view.accessibility.AccessibilityNodeInfo@71207; boundsInParent: Rect(0, 0 - 298, 96); boundsInScreen: Rect(373, 718 - 671, 814); packageName: com.android.settings; className: android.widget.Button; text: Clear data; contentDescription: null; viewIdResName: com.android.settings:id/right_button; checkable: false; checked: false; focusable: true; focused: false; selected: false; clickable: true; longClickable: false; enabled: true; password: false; scrollable: false; [ACTION_FOCUS, ACTION_SELECT, ACTION_CLEAR_SELECTION, ACTION_CLICK, ACTION_ACCESSIBILITY_FOCUS, ACTION_NEXT_AT_MOVEMENT_GRANULARITY, ACTION_PREVIOUS_AT_MOVEMENT_GRANULARITY, ACTION_SET_SELECTION]]
05-22 16:51:23.937 D/InteractionController( 7143): clickAndWaitForNewWindow(522, 766)
05-22 16:51:24.687 I/QueryController( 7143): Matched selector: UiSelector[TEXT=OK, CLASS=android.widget.Button] <<==>> [android.view.accessibility.AccessibilityNodeInfo@b7473; boundsInParent: Rect(0, 0 - 309, 96); boundsInScreen: Rect(361, 739 - 670, 835); packageName: com.android.settings; className: android.widget.Button; text: OK; contentDescription: null; viewIdResName: android:id/button1; checkable: false; checked: false; focusable: true; focused: false; selected: false; clickable: true; longClickable: false; enabled: true; password: false; scrollable: false; [ACTION_FOCUS, ACTION_SELECT, ACTION_CLEAR_SELECTION, ACTION_CLICK, ACTION_ACCESSIBILITY_FOCUS, ACTION_NEXT_AT_MOVEMENT_GRANULARITY, ACTION_PREVIOUS_AT_MOVEMENT_GRANULARITY, ACTION_SET_SELECTION]]
05-22 16:51:24.687 D/InteractionController( 7143): clickAndWaitForNewWindow(515, 787)
05-22 16:51:24.796 I/InstalledAppDetails( 7160): Clearing user data for package : com.pekall.emdm.launcher
05-22 16:51:24.796 I/ActivityManager(  375): Force stopping package com.pekall.emdm.launcher appid=10066 user=0
05-22 16:51:24.796 I/ActivityManager(  375): Killing proc 3216:com.pekall.emdm.launcher/u0a10066: force stop com.pekall.emdm.launcher
05-22 16:51:24.796 W/ActivityManager(  375): Scheduling restart of crashed service com.pekall.emdm.launcher/com.pekall.emdm.MdmService in 5000ms
05-22 16:51:24.796 W/ActivityManager(  375): Scheduling restart of crashed service com.pekall.emdm.launcher/com.pekall.emdm.contacts.service.PhoneService in 15000ms
05-22 16:51:24.796 W/ActivityManager(  375): Scheduling restart of crashed service com.pekall.emdm.launcher/com.pekall.emailcommon.accountprovision.AccountProvisionService in 25000ms
05-22 16:51:24.796 I/ActivityManager(  375):   Force finishing activity ActivityRecord{425d1778 u0 com.pekall.emdm.launcher/.Launcher}
05-22 16:51:24.796 I/ActivityManager(  375):   Force stopping service ServiceRecord{429f72c8 u0 com.pekall.emdm.launcher/com.pekall.emdm.contacts.service.PhoneService}
05-22 16:51:24.796 I/ActivityManager(  375):   Force stopping service ServiceRecord{42a9be68 u0 com.pekall.emdm.launcher/com.pekall.emdm.MdmService}
05-22 16:51:24.796 I/ActivityManager(  375):   Force stopping service ServiceRecord{4272df90 u0 com.pekall.emdm.launcher/com.pekall.emailcommon.accountprovision.AccountProvisionService}
05-22 16:51:24.859 I/WindowState(  375): WIN DEATH: Window{42788ef0 u0 com.pekall.emdm.launcher/com.pekall.emdm.launcher.Launcher}
05-22 16:51:24.968 I/InstalledAppDetails( 7160): Cleared user data for package : com.pekall.emdm.launcher
05-22 16:51:25.093 W/InputMethodManagerService(  375): Window already focused, ignoring focus gain of: com.android.internal.view.IInputMethodClient$Stub$Proxy@42a90cd8 attribute=null, token = android.os.BinderProxy@425ed3f8
05-22 16:51:25.890 I/QueryController( 7143): Matched selector: UiSelector[TEXT=Clear data, CLASS=android.widget.Button] <<==>> [android.view.accessibility.AccessibilityNodeInfo@71207; boundsInParent: Rect(0, 0 - 298, 96); boundsInScreen: Rect(373, 718 - 671, 814); packageName: com.android.settings; className: android.widget.Button; text: Clear data; contentDescription: null; viewIdResName: com.android.settings:id/right_button; checkable: false; checked: false; focusable: true; focused: false; selected: false; clickable: true; longClickable: false; enabled: false; password: false; scrollable: false; [ACTION_FOCUS, ACTION_SELECT, ACTION_CLEAR_SELECTION, ACTION_ACCESSIBILITY_FOCUS, ACTION_NEXT_AT_MOVEMENT_GRANULARITY, ACTION_PREVIOUS_AT_MOVEMENT_GRANULARITY, ACTION_SET_SELECTION]]
05-22 16:51:27.062 D/dalvikvm(  375): JIT code cache reset in 8 ms (1048424 bytes 4/0)
05-22 16:51:27.070 D/dalvikvm(  375): GC_FOR_ALLOC freed 1279K, 17% free 19183K/23020K, paused 91ms, total 91ms
05-22 16:51:27.132 D/dalvikvm(  375): GC_FOR_ALLOC freed 749K, 19% free 18806K/23020K, paused 62ms, total 62ms
05-22 16:51:27.132 W/KeyguardDisableHandler(  375): cleaning up leaked reference: CmdClearPasscode
05-22 16:51:27.570 D/dalvikvm( 6643): GC_CONCURRENT freed 394K, 5% free 8886K/9316K, paused 2ms+2ms, total 18ms
05-22 16:51:28.195 D/dalvikvm(  375): GC_FOR_ALLOC freed 1189K, 17% free 19152K/23020K, paused 66ms, total 66ms
05-22 16:51:28.257 D/dalvikvm(  375): GC_FOR_ALLOC freed 752K, 19% free 18772K/23020K, paused 56ms, total 56ms
05-22 16:51:28.265 D/BluetoothAdapter( 7160): 1110006408: getState() :  mService = null. Returning STATE_OFF
05-22 16:51:29.241 D/dalvikvm(  375): GC_FOR_ALLOC freed 396K, 17% free 19146K/23020K, paused 62ms, total 63ms
05-22 16:51:29.312 D/dalvikvm(  375): GC_FOR_ALLOC freed 749K, 19% free 18769K/23020K, paused 63ms, total 63ms
05-22 16:51:30.023 I/QueryController( 7143): Matched selector: UiSelector[DESCRIPTION=Apps, PACKAGE NAME=com.android.launcher] <<==>> [android.view.accessibility.AccessibilityNodeInfo@1ec5b; boundsInParent: Rect(524257, 0 - 524399, 104); boundsInScreen: Rect(0, 50 - 142, 154); packageName: com.android.launcher; className: android.widget.TextView; text: Apps; contentDescription: Apps; viewIdResName: null; checkable: false; checked: false; focusable: true; focused: false; selected: true; clickable: true; longClickable: false; enabled: true; password: false; scrollable: false; [ACTION_FOCUS, ACTION_SELECT, ACTION_CLEAR_SELECTION, ACTION_CLICK, ACTION_ACCESSIBILITY_FOCUS, ACTION_NEXT_AT_MOVEMENT_GRANULARITY, ACTION_PREVIOUS_AT_MOVEMENT_GRANULARITY, ACTION_SET_SELECTION]]
05-22 16:51:30.038 I/QueryController( 7143): Matched selector: UiSelector[DESCRIPTION=Apps, PACKAGE NAME=com.android.launcher] <<==>> [android.view.accessibility.AccessibilityNodeInfo@1ec5b; boundsInParent: Rect(524257, 0 - 524399, 104); boundsInScreen: Rect(0, 50 - 142, 154); packageName: com.android.launcher; className: android.widget.TextView; text: Apps; contentDescription: Apps; viewIdResName: null; checkable: false; checked: false; focusable: true; focused: false; selected: true; clickable: true; longClickable: false; enabled: true; password: false; scrollable: false; [ACTION_FOCUS, ACTION_SELECT, ACTION_CLEAR_SELECTION, ACTION_CLICK, ACTION_ACCESSIBILITY_FOCUS, ACTION_NEXT_AT_MOVEMENT_GRANULARITY, ACTION_PREVIOUS_AT_MOVEMENT_GRANULARITY, ACTION_SET_SELECTION]]
05-22 16:51:30.046 D/InteractionController( 7143): clickAndWaitForNewWindow(71, 102)
05-22 16:51:30.554 D/dalvikvm(  802): GC_CONCURRENT freed 1000K, 24% free 12213K/15964K, paused 6ms+5ms, total 80ms
05-22 16:51:30.710 D/dalvikvm(  802): GC_EXPLICIT freed 54K, 24% free 12160K/15964K, paused 3ms+5ms, total 72ms
05-22 16:51:32.999 D/dalvikvm( 5626): GC_CONCURRENT freed 372K, 6% free 9831K/10376K, paused 6ms+2ms, total 33ms
05-22 16:51:33.148 W/InteractionController( 7143): runAndwaitForEvent timedout waiting for events
05-22 16:51:33.171 I/QueryController( 7143): Matched selector: UiSelector[TEXT=Apps, CLASS=android.widget.TextView, PACKAGE NAME=com.android.launcher] <<==>> [android.view.accessibility.AccessibilityNodeInfo@1ec5b; boundsInParent: Rect(524257, 0 - 524399, 104); boundsInScreen: Rect(0, 50 - 142, 154); packageName: com.android.launcher; className: android.widget.TextView; text: Apps; contentDescription: Apps; viewIdResName: null; checkable: false; checked: false; focusable: true; focused: false; selected: true; clickable: true; longClickable: false; enabled: true; password: false; scrollable: false; [ACTION_FOCUS, ACTION_SELECT, ACTION_CLEAR_SELECTION, ACTION_CLICK, ACTION_ACCESSIBILITY_FOCUS, ACTION_NEXT_AT_MOVEMENT_GRANULARITY, ACTION_PREVIOUS_AT_MOVEMENT_GRANULARITY, ACTION_SET_SELECTION]]
05-22 16:51:33.187 I/QueryController( 7143): Matched selector: UiSelector[TEXT=Apps, CLASS=android.widget.TextView, PACKAGE NAME=com.android.launcher] <<==>> [android.view.accessibility.AccessibilityNodeInfo@1ec5b; boundsInParent: Rect(524257, 0 - 524399, 104); boundsInScreen: Rect(0, 50 - 142, 154); packageName: com.android.launcher; className: android.widget.TextView; text: Apps; contentDescription: Apps; viewIdResName: null; checkable: false; checked: false; focusable: true; focused: false; selected: true; clickable: true; longClickable: false; enabled: true; password: false; scrollable: false; [ACTION_FOCUS, ACTION_SELECT, ACTION_CLEAR_SELECTION, ACTION_CLICK, ACTION_ACCESSIBILITY_FOCUS, ACTION_NEXT_AT_MOVEMENT_GRANULARITY, ACTION_PREVIOUS_AT_MOVEMENT_GRANULARITY, ACTION_SET_SELECTION]]
05-22 16:51:33.187 D/UiObject( 7143): getText() = Apps
05-22 16:51:33.210 I/QueryController( 7143): Matched selector: UiSelector[TEXT=Apps, CLASS=android.widget.TextView, PACKAGE NAME=com.android.launcher] <<==>> [android.view.accessibility.AccessibilityNodeInfo@1ec5b; boundsInParent: Rect(524257, 0 - 524399, 104); boundsInScreen: Rect(0, 50 - 142, 154); packageName: com.android.launcher; className: android.widget.TextView; text: Apps; contentDescription: Apps; viewIdResName: null; checkable: false; checked: false; focusable: true; focused: false; selected: true; clickable: true; longClickable: false; enabled: true; password: false; scrollable: false; [ACTION_FOCUS, ACTION_SELECT, ACTION_CLEAR_SELECTION, ACTION_CLICK, ACTION_ACCESSIBILITY_FOCUS, ACTION_NEXT_AT_MOVEMENT_GRANULARITY, ACTION_PREVIOUS_AT_MOVEMENT_GRANULARITY, ACTION_SET_SELECTION]]
05-22 16:51:33.226 I/QueryController( 7143): Matched selector: UiSelector[TEXT=Apps, CLASS=android.widget.TextView, PACKAGE NAME=com.android.launcher] <<==>> [android.view.accessibility.AccessibilityNodeInfo@1ec5b; boundsInParent: Rect(524257, 0 - 524399, 104); boundsInScreen: Rect(0, 50 - 142, 154); packageName: com.android.launcher; className: android.widget.TextView; text: Apps; contentDescription: Apps; viewIdResName: null; checkable: false; checked: false; focusable: true; focused: false; selected: true; clickable: true; longClickable: false; enabled: true; password: false; scrollable: false; [ACTION_FOCUS, ACTION_SELECT, ACTION_CLEAR_SELECTION, ACTION_CLICK, ACTION_ACCESSIBILITY_FOCUS, ACTION_NEXT_AT_MOVEMENT_GRANULARITY, ACTION_PREVIOUS_AT_MOVEMENT_GRANULARITY, ACTION_SET_SELECTION]]
05-22 16:51:33.226 D/InteractionController( 7143): clickAndWaitForNewWindow(71, 102)
05-22 16:51:35.788 D/dalvikvm(  802): GC_EXPLICIT freed 17K, 24% free 12162K/15964K, paused 6ms+6ms, total 76ms
05-22 16:51:35.906 W/Parcel  (  802): Attempt to read object from Parcel 0x5dfdfdac at offset 200 that is not in the object list
05-22 16:51:35.913 V/WiseDownloadConditionControler( 5626): checkCondition  type : WISE_DOWNLOAD  inerrupting: true
05-22 16:51:36.335 W/InteractionController( 7143): runAndwaitForEvent timedout waiting for events
05-22 16:51:36.359 I/QueryController( 7143): Matched selector: UiSelector[PACKAGE NAME=com.android.launcher] <<==>> [android.view.accessibility.AccessibilityNodeInfo@74f7; boundsInParent: Rect(0, 0 - 720, 1184); boundsInScreen: Rect(0, 0 - 720, 1184); packageName: com.android.launcher; className: android.widget.FrameLayout; text: null; contentDescription: null; viewIdResName: null; checkable: false; checked: false; focusable: false; focused: false; selected: false; clickable: false; longClickable: false; enabled: true; password: false; scrollable: false; [ACTION_SELECT, ACTION_CLEAR_SELECTION, ACTION_ACCESSIBILITY_FOCUS]]
05-22 16:51:36.382 I/QueryController( 7143): Matched selector: UiSelector[TEXT=Pekall enterprise mobile office] <<==>> [android.view.accessibility.AccessibilityNodeInfo@37a45; boundsInParent: Rect(0, 0 - 148, 184); boundsInScreen: Rect(196, 186 - 344, 370); packageName: com.android.launcher; className: android.widget.TextView; text: Pekall enterprise mobile office; contentDescription: null; viewIdResName: null; checkable: false; checked: false; focusable: true; focused: false; selected: false; clickable: true; longClickable: true; enabled: true; password: false; scrollable: false; [ACTION_FOCUS, ACTION_SELECT, ACTION_CLEAR_SELECTION, ACTION_CLICK, ACTION_LONG_CLICK, ACTION_ACCESSIBILITY_FOCUS, ACTION_NEXT_AT_MOVEMENT_GRANULARITY, ACTION_PREVIOUS_AT_MOVEMENT_GRANULARITY, ACTION_SET_SELECTION]]
05-22 16:51:36.398 I/QueryController( 7143): Matched selector: UiSelector[TEXT=Pekall enterprise mobile office] <<==>> [android.view.accessibility.AccessibilityNodeInfo@37a45; boundsInParent: Rect(0, 0 - 148, 184); boundsInScreen: Rect(196, 186 - 344, 370); packageName: com.android.launcher; className: android.widget.TextView; text: Pekall enterprise mobile office; contentDescription: null; viewIdResName: null; checkable: false; checked: false; focusable: true; focused: false; selected: false; clickable: true; longClickable: true; enabled: true; password: false; scrollable: false; [ACTION_FOCUS, ACTION_SELECT, ACTION_CLEAR_SELECTION, ACTION_CLICK, ACTION_LONG_CLICK, ACTION_ACCESSIBILITY_FOCUS, ACTION_NEXT_AT_MOVEMENT_GRANULARITY, ACTION_PREVIOUS_AT_MOVEMENT_GRANULARITY, ACTION_SET_SELECTION]]
05-22 16:51:36.398 D/InteractionController( 7143): clickAndWaitForNewWindow(270, 278)
05-22 16:51:36.531 W/Parcel  (  802): Attempt to read object from Parcel 0x5f747dac at offset 200 that is not in the object list
05-22 16:51:36.531 I/ActivityManager(  375): START u0 {act=android.intent.action.MAIN cat=[android.intent.category.LAUNCHER] flg=0x10200000 cmp=com.pekall.emdm.launcher/.Launcher} from pid 1150
05-22 16:51:36.562 W/WindowManager(  375): Token{42727418 ActivityRecord{425d1778 u0 com.pekall.emdm.launcher/.Launcher}} failed creating starting window
05-22 16:51:36.562 W/WindowManager(  375): android.view.InflateException: Binary XML file line #34: Error inflating class <unknown>
05-22 16:51:36.562 W/WindowManager(  375): 	at android.view.LayoutInflater.createView(LayoutInflater.java:620)
05-22 16:51:36.562 W/WindowManager(  375): 	at com.android.internal.policy.impl.PhoneLayoutInflater.onCreateView(PhoneLayoutInflater.java:56)
05-22 16:51:36.562 W/WindowManager(  375): 	at android.view.LayoutInflater.onCreateView(LayoutInflater.java:669)
05-22 16:51:36.562 W/WindowManager(  375): 	at android.view.LayoutInflater.createViewFromTag(LayoutInflater.java:694)
05-22 16:51:36.562 W/WindowManager(  375): 	at android.view.LayoutInflater.rInflate(LayoutInflater.java:755)
05-22 16:51:36.562 W/WindowManager(  375): 	at android.view.LayoutInflater.inflate(LayoutInflater.java:492)
05-22 16:51:36.562 W/WindowManager(  375): 	at android.view.LayoutInflater.inflate(LayoutInflater.java:397)
05-22 16:51:36.562 W/WindowManager(  375): 	at android.view.LayoutInflater.inflate(LayoutInflater.java:353)
05-22 16:51:36.562 W/WindowManager(  375): 	at com.android.internal.policy.impl.PhoneWindow.generateLayout(PhoneWindow.java:2823)
05-22 16:51:36.562 W/WindowManager(  375): 	at com.android.internal.policy.impl.PhoneWindow.installDecor(PhoneWindow.java:2886)
05-22 16:51:36.562 W/WindowManager(  375): 	at com.android.internal.policy.impl.PhoneWindow.getDecorView(PhoneWindow.java:1581)
05-22 16:51:36.562 W/WindowManager(  375): 	at com.android.internal.policy.impl.PhoneWindowManager.addStartingWindow(PhoneWindowManager.java:1618)
05-22 16:51:36.562 W/WindowManager(  375): 	at com.android.server.wm.WindowManagerService$H.handleMessage(WindowManagerService.java:6908)
05-22 16:51:36.562 W/WindowManager(  375): 	at android.os.Handler.dispatchMessage(Handler.java:99)
05-22 16:51:36.562 W/WindowManager(  375): 	at android.os.Looper.loop(Looper.java:137)
05-22 16:51:36.562 W/WindowManager(  375): 	at android.os.HandlerThread.run(HandlerThread.java:61)
05-22 16:51:36.562 W/WindowManager(  375): Caused by: java.lang.reflect.InvocationTargetException
05-22 16:51:36.562 W/WindowManager(  375): 	at java.lang.reflect.Constructor.constructNative(Native Method)
05-22 16:51:36.562 W/WindowManager(  375): 	at java.lang.reflect.Constructor.newInstance(Constructor.java:417)
05-22 16:51:36.562 W/WindowManager(  375): 	at android.view.LayoutInflater.createView(LayoutInflater.java:594)
05-22 16:51:36.562 W/WindowManager(  375): 	... 15 more
05-22 16:51:36.562 W/WindowManager(  375): Caused by: android.content.res.Resources$NotFoundException: Resource is not a Drawable (color or path): TypedValue{t=0x2/d=0x1010059 a=-1}
05-22 16:51:36.562 W/WindowManager(  375): 	at android.content.res.Resources.loadDrawable(Resources.java:2063)
05-22 16:51:36.562 W/WindowManager(  375): 	at android.content.res.TypedArray.getDrawable(TypedArray.java:601)
05-22 16:51:36.562 W/WindowManager(  375): 	at android.widget.FrameLayout.<init>(FrameLayout.java:109)
05-22 16:51:36.562 W/WindowManager(  375): 	at android.widget.FrameLayout.<init>(FrameLayout.java:97)
05-22 16:51:36.562 W/WindowManager(  375): 	... 18 more
05-22 16:51:36.656 D/dalvikvm(  375): GC_FOR_ALLOC freed 505K, 17% free 19152K/23020K, paused 77ms, total 77ms
