05-22 16:51:45.960 I/QueryController( 7143): Matched selector: UiSelector[TEXT=Start, CLASS=android.widget.Button] <<==>> [android.view.accessibility.AccessibilityNodeInfo@b119; boundsInParent: Rect(0, 0 - 400, 96); boundsInScreen: Rect(160, 997 - 560, 1093); packageName: com.pekall.emdm.launcher; className: android.widget.Button; text: Start; contentDescription: null; viewIdResName: com.pekall.emdm.launcher:id/start; checkable: false; checked: false; focusable: true; focused: false; selected: false; clickable: true; longClickable: false; enabled: true; password: false; scrollable: false; [ACTION_FOCUS, ACTION_SELECT, ACTION_CLEAR_SELECTION, ACTION_CLICK, ACTION_ACCESSIBILITY_FOCUS, ACTION_NEXT_AT_MOVEMENT_GRANULARITY, ACTION_PREVIOUS_AT_MOVEMENT_GRANULARITY, ACTION_SET_SELECTION]]
05-22 16:51:45.968 I/QueryController( 7143): Matched selector: UiSelector[TEXT=Start, CLASS=android.widget.Button] <<==>> [android.view.accessibility.AccessibilityNodeInfo@b119; boundsInParent: Rect(0, 0 - 400, 96); boundsInScreen: Rect(160, 997 - 560, 1093); packageName: com.pekall.emdm.launcher; className: android.widget.Button; text: Start; contentDescription: null; viewIdResName: com.pekall.emdm.launcher:id/start; checkable: false; checked: false; focusable: true; focused: false; selected: false; clickable: true; longClickable: false; enabled: true; password: false; scrollable: false; [ACTION_FOCUS, ACTION_SELECT, ACTION_CLEAR_SELECTION, ACTION_CLICK, ACTION_ACCESSIBILITY_FOCUS, ACTION_NEXT_AT_MOVEMENT_GRANULARITY, ACTION_PREVIOUS_AT_MOVEMENT_GRANULARITY, ACTION_SET_SELECTION]]
05-22 16:51:45.968 D/InteractionController( 7143): clickAndWaitForNewWindow(360, 1045)
05-22 16:51:46.070 W/Parcel  (  802): Attempt to read object from Parcel 0x5e0dfdac at offset 200 that is not in the object list
05-22 16:51:46.077 I/ActivityManager(  375): START u0 {cmp=com.pekall.emdm.launcher/com.pekall.emdm.ui.ActiveDeviceAdminActivity} from pid 7213
05-22 16:51:46.163 D/dalvikvm(  375): GC_FOR_ALLOC freed 469K, 17% free 19196K/23020K, paused 58ms, total 58ms
05-22 16:51:46.226 D/dalvikvm(  375): GC_FOR_ALLOC freed 758K, 19% free 18809K/23020K, paused 55ms, total 55ms
05-22 16:51:46.234 D/LauncherApplication( 7213): [null:-1]->onActivityPaused
05-22 16:51:46.515 D/dalvikvm( 7213): JIT unchain all for threadid=11
05-22 16:51:46.546 D/dalvikvm( 7213): GC_FOR_ALLOC freed 4922K, 21% free 26608K/33320K, paused 280ms, total 280ms
05-22 16:51:46.570 V/LauncherApplication( 7213): onActivityStarted
05-22 16:51:46.570 D/        ( 7213): [---null: -1---]     awsa  onActivityResumed
05-22 16:51:46.570 V/LauncherApplication( 7213): 2MdmConstant.LAST_LAUNCH_TIME = 1400748698718
05-22 16:51:46.585 D/        ( 7213): [---null: -1---]  activity = com.pekall.emdm.ui.ActiveDeviceAdminActivity
05-22 16:51:46.726 I/ActivityManager(  375): Displayed com.pekall.emdm.launcher/com.pekall.emdm.ui.ActiveDeviceAdminActivity: +484ms
05-22 16:51:47.241 I/QueryController( 7143): Matched selector: UiSelector[TEXT=Active, CLASS=android.widget.Button] <<==>> [android.view.accessibility.AccessibilityNodeInfo@c7a0; boundsInParent: Rect(0, 0 - 660, 79); boundsInScreen: Rect(30, 502 - 690, 581); packageName: com.pekall.emdm.launcher; className: android.widget.Button; text: Active; contentDescription: null; viewIdResName: com.pekall.emdm.launcher:id/active_device_admin_button; checkable: false; checked: false; focusable: true; focused: false; selected: false; clickable: true; longClickable: false; enabled: true; password: false; scrollable: false; [ACTION_FOCUS, ACTION_SELECT, ACTION_CLEAR_SELECTION, ACTION_CLICK, ACTION_ACCESSIBILITY_FOCUS, ACTION_NEXT_AT_MOVEMENT_GRANULARITY, ACTION_PREVIOUS_AT_MOVEMENT_GRANULARITY, ACTION_SET_SELECTION]]
05-22 16:51:47.281 I/QueryController( 7143): Matched selector: UiSelector[TEXT=Active, CLASS=android.widget.Button] <<==>> [android.view.accessibility.AccessibilityNodeInfo@c7a0; boundsInParent: Rect(0, 0 - 660, 79); boundsInScreen: Rect(30, 502 - 690, 581); packageName: com.pekall.emdm.launcher; className: android.widget.Button; text: Active; contentDescription: null; viewIdResName: com.pekall.emdm.launcher:id/active_device_admin_button; checkable: false; checked: false; focusable: true; focused: false; selected: false; clickable: true; longClickable: false; enabled: true; password: false; scrollable: false; [ACTION_FOCUS, ACTION_SELECT, ACTION_CLEAR_SELECTION, ACTION_CLICK, ACTION_ACCESSIBILITY_FOCUS, ACTION_NEXT_AT_MOVEMENT_GRANULARITY, ACTION_PREVIOUS_AT_MOVEMENT_GRANULARITY, ACTION_SET_SELECTION]]
05-22 16:51:47.281 D/InteractionController( 7143): clickAndWaitForNewWindow(360, 541)
05-22 16:51:47.390 W/Parcel  (  802): Attempt to read object from Parcel 0x5dfdfdac at offset 200 that is not in the object list
05-22 16:51:47.390 I/ActivityManager(  375): START u0 {act=android.app.action.ADD_DEVICE_ADMIN cmp=com.android.settings/.DeviceAdminAdd (has extras)} from pid 7213
05-22 16:51:47.484 D/dalvikvm(  375): GC_FOR_ALLOC freed 420K, 17% free 19189K/23020K, paused 55ms, total 56ms
05-22 16:51:47.546 D/dalvikvm(  375): GC_FOR_ALLOC freed 750K, 19% free 18810K/23020K, paused 54ms, total 55ms
05-22 16:51:47.546 D/LauncherApplication( 7213): [null:-1]->onActivityPaused
05-22 16:51:47.734 I/ActivityManager(  375): Displayed com.android.settings/.DeviceAdminAdd: +180ms
05-22 16:51:48.421 I/QueryController( 7143): Matched selector: UiSelector[TEXT=Activate, CLASS=android.widget.Button] <<==>> [android.view.accessibility.AccessibilityNodeInfo@bb80b; boundsInParent: Rect(0, 0 - 359, 96); boundsInScreen: Rect(361, 1088 - 720, 1184); packageName: com.android.settings; className: android.widget.Button; text: Activate; contentDescription: null; viewIdResName: com.android.settings:id/action_button; checkable: false; checked: false; focusable: true; focused: false; selected: false; clickable: true; longClickable: false; enabled: true; password: false; scrollable: false; [ACTION_FOCUS, ACTION_SELECT, ACTION_CLEAR_SELECTION, ACTION_CLICK, ACTION_ACCESSIBILITY_FOCUS, ACTION_NEXT_AT_MOVEMENT_GRANULARITY, ACTION_PREVIOUS_AT_MOVEMENT_GRANULARITY, ACTION_SET_SELECTION]]
05-22 16:51:48.452 I/QueryController( 7143): Matched selector: UiSelector[TEXT=Activate, CLASS=android.widget.Button] <<==>> [android.view.accessibility.AccessibilityNodeInfo@bb80b; boundsInParent: Rect(0, 0 - 359, 96); boundsInScreen: Rect(361, 1088 - 720, 1184); packageName: com.android.settings; className: android.widget.Button; text: Activate; contentDescription: null; viewIdResName: com.android.settings:id/action_button; checkable: false; checked: false; focusable: true; focused: false; selected: false; clickable: true; longClickable: false; enabled: true; password: false; scrollable: false; [ACTION_FOCUS, ACTION_SELECT, ACTION_CLEAR_SELECTION, ACTION_CLICK, ACTION_ACCESSIBILITY_FOCUS, ACTION_NEXT_AT_MOVEMENT_GRANULARITY, ACTION_PREVIOUS_AT_MOVEMENT_GRANULARITY, ACTION_SET_SELECTION]]
05-22 16:51:48.452 D/InteractionController( 7143): clickAndWaitForNewWindow(540, 1136)
05-22 16:51:48.593 D/MDM :   ( 7213): [null:-1]->onEnabled
05-22 16:51:48.609 I/dalvikvm( 7213): Could not find method android.app.enterprise.license.EnterpriseLicenseManager.getInstance, referenced from method com.pekall.emdm.b.b.a.<init>
05-22 16:51:48.609 W/dalvikvm( 7213): VFY: unable to resolve static method 1420: Landroid/app/enterprise/license/EnterpriseLicenseManager;.getInstance (Landroid/content/Context;)Landroid/app/enterprise/license/EnterpriseLicenseManager;
05-22 16:51:48.609 D/dalvikvm( 7213): VFY: replacing opcode 0x71 at 0x0008
05-22 16:51:48.609 I/dalvikvm( 7213): Could not find method android.app.enterprise.EnterpriseDeviceManager.getRestrictionPolicy, referenced from method com.pekall.emdm.b.b.a.A
05-22 16:51:48.609 W/dalvikvm( 7213): VFY: unable to resolve virtual method 1371: Landroid/app/enterprise/EnterpriseDeviceManager;.getRestrictionPolicy ()Landroid/app/enterprise/RestrictionPolicy;
05-22 16:51:48.609 D/dalvikvm( 7213): VFY: replacing opcode 0x6e at 0x000a
05-22 16:51:48.656 D/dalvikvm(  375): GC_FOR_ALLOC freed 440K, 17% free 19193K/23020K, paused 58ms, total 58ms
05-22 16:51:48.671 I/dalvikvm( 7213): Could not find method android.app.enterprise.EnterpriseDeviceManager.getRestrictionPolicy, referenced from method com.pekall.emdm.b.b.a.B
05-22 16:51:48.671 W/dalvikvm( 7213): VFY: unable to resolve virtual method 1371: Landroid/app/enterprise/EnterpriseDeviceManager;.getRestrictionPolicy ()Landroid/app/enterprise/RestrictionPolicy;
05-22 16:51:48.671 D/dalvikvm( 7213): VFY: replacing opcode 0x6e at 0x000a
05-22 16:51:48.702 I/dalvikvm( 7213): Could not find method android.app.enterprise.EnterpriseDeviceManager.getRestrictionPolicy, referenced from method com.pekall.emdm.b.b.a.C
05-22 16:51:48.702 W/dalvikvm( 7213): VFY: unable to resolve virtual method 1371: Landroid/app/enterprise/EnterpriseDeviceManager;.getRestrictionPolicy ()Landroid/app/enterprise/RestrictionPolicy;
05-22 16:51:48.702 D/dalvikvm( 7213): VFY: replacing opcode 0x6e at 0x000a
05-22 16:51:48.702 I/dalvikvm( 7213): Could not find method android.app.enterprise.EnterpriseDeviceManager.getApplicationPolicy, referenced from method com.pekall.emdm.b.b.a.D
05-22 16:51:48.702 W/dalvikvm( 7213): VFY: unable to resolve virtual method 1364: Landroid/app/enterprise/EnterpriseDeviceManager;.getApplicationPolicy ()Landroid/app/enterprise/ApplicationPolicy;
05-22 16:51:48.702 D/dalvikvm( 7213): VFY: replacing opcode 0x6e at 0x000a
05-22 16:51:48.702 I/dalvikvm( 7213): Could not find method android.app.enterprise.EnterpriseDeviceManager.getApplicationPolicy, referenced from method com.pekall.emdm.b.b.a.E
05-22 16:51:48.702 W/dalvikvm( 7213): VFY: unable to resolve virtual method 1364: Landroid/app/enterprise/EnterpriseDeviceManager;.getApplicationPolicy ()Landroid/app/enterprise/ApplicationPolicy;
05-22 16:51:48.702 D/dalvikvm( 7213): VFY: replacing opcode 0x6e at 0x000a
05-22 16:51:48.702 I/dalvikvm( 7213): Could not find method android.app.enterprise.EnterpriseDeviceManager.getApplicationPolicy, referenced from method com.pekall.emdm.b.b.a.F
05-22 16:51:48.702 W/dalvikvm( 7213): VFY: unable to resolve virtual method 1364: Landroid/app/enterprise/EnterpriseDeviceManager;.getApplicationPolicy ()Landroid/app/enterprise/ApplicationPolicy;
05-22 16:51:48.702 D/dalvikvm( 7213): VFY: replacing opcode 0x6e at 0x000a
05-22 16:51:48.702 I/dalvikvm( 7213): Could not find method android.app.enterprise.EnterpriseDeviceManager.getApplicationPolicy, referenced from method com.pekall.emdm.b.b.a.G
05-22 16:51:48.702 W/dalvikvm( 7213): VFY: unable to resolve virtual method 1364: Landroid/app/enterprise/EnterpriseDeviceManager;.getApplicationPolicy ()Landroid/app/enterprise/ApplicationPolicy;
05-22 16:51:48.702 D/dalvikvm( 7213): VFY: replacing opcode 0x6e at 0x000a
05-22 16:51:48.702 I/dalvikvm( 7213): Could not find method android.app.enterprise.EnterpriseDeviceManager.getRestrictionPolicy, referenced from method com.pekall.emdm.b.b.a.H
05-22 16:51:48.702 W/dalvikvm( 7213): VFY: unable to resolve virtual method 1371: Landroid/app/enterprise/EnterpriseDeviceManager;.getRestrictionPolicy ()Landroid/app/enterprise/RestrictionPolicy;
05-22 16:51:48.702 D/dalvikvm( 7213): VFY: replacing opcode 0x6e at 0x000a
05-22 16:51:48.702 I/dalvikvm( 7213): Could not find method android.app.enterprise.EnterpriseDeviceManager.getPhoneRestrictionPolicy, referenced from method com.pekall.emdm.b.b.a.I
05-22 16:51:48.702 W/dalvikvm( 7213): VFY: unable to resolve virtual method 1370: Landroid/app/enterprise/EnterpriseDeviceManager;.getPhoneRestrictionPolicy ()Landroid/app/enterprise/PhoneRestrictionPolicy;
05-22 16:51:48.702 D/dalvikvm( 7213): VFY: replacing opcode 0x6e at 0x0003
05-22 16:51:48.702 I/dalvikvm( 7213): Could not find method android.app.enterprise.EnterpriseDeviceManager.getPhoneRestrictionPolicy, referenced from method com.pekall.emdm.b.b.a.J
05-22 16:51:48.702 W/dalvikvm( 7213): VFY: unable to resolve virtual method 1370: Landroid/app/enterprise/EnterpriseDeviceManager;.getPhoneRestrictionPolicy ()Landroid/app/enterprise/PhoneRestrictionPolicy;
05-22 16:51:48.702 D/dalvikvm( 7213): VFY: replacing opcode 0x6e at 0x000a
05-22 16:51:48.702 I/dalvikvm( 7213): Could not find method android.app.enterprise.EnterpriseDeviceManager.getPhoneRestrictionPolicy, referenced from method com.pekall.emdm.b.b.a.K
05-22 16:51:48.702 W/dalvikvm( 7213): VFY: unable to resolve virtual method 1370: Landroid/app/enterprise/EnterpriseDeviceManager;.getPhoneRestrictionPolicy ()Landroid/app/enterprise/PhoneRestrictionPolicy;
05-22 16:51:48.702 D/dalvikvm( 7213): VFY: replacing opcode 0x6e at 0x000a
05-22 16:51:48.710 I/dalvikvm( 7213): Could not find method android.app.enterprise.EnterpriseDeviceManager.getPhoneRestrictionPolicy, referenced from method com.pekall.emdm.b.b.a.L
05-22 16:51:48.710 W/dalvikvm( 7213): VFY: unable to resolve virtual method 1370: Landroid/app/enterprise/EnterpriseDeviceManager;.getPhoneRestrictionPolicy ()Landroid/app/enterprise/PhoneRestrictionPolicy;
05-22 16:51:48.710 D/dalvikvm( 7213): VFY: replacing opcode 0x6e at 0x000a
05-22 16:51:48.710 I/dalvikvm( 7213): Could not find method android.app.enterprise.EnterpriseDeviceManager.getRestrictionPolicy, referenced from method com.pekall.emdm.b.b.a.M
05-22 16:51:48.710 W/dalvikvm( 7213): VFY: unable to resolve virtual method 1371: Landroid/app/enterprise/EnterpriseDeviceManager;.getRestrictionPolicy ()Landroid/app/enterprise/RestrictionPolicy;
05-22 16:51:48.710 D/dalvikvm( 7213): VFY: replacing opcode 0x6e at 0x000a
05-22 16:51:48.710 I/dalvikvm( 7213): Could not find method android.app.enterprise.EnterpriseDeviceManager.getRoamingPolicy, referenced from method com.pekall.emdm.b.b.a.N
05-22 16:51:48.710 W/dalvikvm( 7213): VFY: unable to resolve virtual method 1372: Landroid/app/enterprise/EnterpriseDeviceManager;.getRoamingPolicy ()Landroid/app/enterprise/RoamingPolicy;
05-22 16:51:48.710 D/dalvikvm( 7213): VFY: replacing opcode 0x6e at 0x000a
05-22 16:51:48.718 I/dalvikvm( 7213): Could not find method android.app.enterprise.EnterpriseDeviceManager.getRoamingPolicy, referenced from method com.pekall.emdm.b.b.a.O
05-22 16:51:48.718 W/dalvikvm( 7213): VFY: unable to resolve virtual method 1372: Landroid/app/enterprise/EnterpriseDeviceManager;.getRoamingPolicy ()Landroid/app/enterprise/RoamingPolicy;
05-22 16:51:48.718 D/dalvikvm( 7213): VFY: replacing opcode 0x6e at 0x000a
05-22 16:51:48.718 I/dalvikvm( 7213): Could not find method android.app.enterprise.EnterpriseDeviceManager.getRoamingPolicy, referenced from method com.pekall.emdm.b.b.a.P
05-22 16:51:48.718 W/dalvikvm( 7213): VFY: unable to resolve virtual method 1372: Landroid/app/enterprise/EnterpriseDeviceManager;.getRoamingPolicy ()Landroid/app/enterprise/RoamingPolicy;
05-22 16:51:48.718 D/dalvikvm( 7213): VFY: replacing opcode 0x6e at 0x000a
05-22 16:51:48.718 I/dalvikvm( 7213): Could not find method android.app.enterprise.EnterpriseDeviceManager.getWifiPolicy, referenced from method com.pekall.emdm.b.b.a.a
05-22 16:51:48.718 W/dalvikvm( 7213): VFY: unable to resolve virtual method 1374: Landroid/app/enterprise/EnterpriseDeviceManager;.getWifiPolicy ()Landroid/app/enterprise/WifiPolicy;
05-22 16:51:48.718 D/dalvikvm( 7213): VFY: replacing opcode 0x6e at 0x000e
05-22 16:51:48.718 I/dalvikvm( 7213): Could not find method android.app.enterprise.EnterpriseDeviceManager.getSecurityPolicy, referenced from method com.pekall.emdm.b.b.a.a
05-22 16:51:48.718 W/dalvikvm( 7213): VFY: unable to resolve virtual method 1373: Landroid/app/enterprise/EnterpriseDeviceManager;.getSecurityPolicy ()Landroid/app/enterprise/SecurityPolicy;
05-22 16:51:48.718 D/dalvikvm( 7213): VFY: replacing opcode 0x6e at 0x0015
05-22 16:51:48.718 I/dalvikvm( 7213): Could not find method android.app.enterprise.EnterpriseDeviceManager.getApplicationPolicy, referenced from method com.pekall.emdm.b.b.a.a
05-22 16:51:48.718 W/dalvikvm( 7213): VFY: unable to resolve virtual method 1364: Landroid/app/enterprise/EnterpriseDeviceManager;.getApplicationPolicy ()Landroid/app/enterprise/ApplicationPolicy;
05-22 16:51:48.718 D/dalvikvm( 7213): VFY: replacing opcode 0x6e at 0x000a
05-22 16:51:48.718 I/dalvikvm( 7213): Could not find method android.app.enterprise.EnterpriseDeviceManager.getWifiPolicy, referenced from method com.pekall.emdm.b.b.a.a
05-22 16:51:48.718 W/dalvikvm( 7213): VFY: unable to resolve virtual method 1374: Landroid/app/enterprise/EnterpriseDeviceManager;.getWifiPolicy ()Landroid/app/enterprise/WifiPolicy;
05-22 16:51:48.718 D/dalvikvm( 7213): VFY: replacing opcode 0x6e at 0x000b
05-22 16:51:48.718 I/dalvikvm( 7213): Could not find method android.app.enterprise.EnterpriseDeviceManager.getRestrictionPolicy, referenced from method com.pekall.emdm.b.b.a.a
05-22 16:51:48.718 W/dalvikvm( 7213): VFY: unable to resolve virtual method 1371: Landroid/app/enterprise/EnterpriseDeviceManager;.getRestrictionPolicy ()Landroid/app/enterprise/RestrictionPolicy;
05-22 16:51:48.718 D/dalvikvm( 7213): VFY: replacing opcode 0x6e at 0x000a
05-22 16:51:48.718 D/dalvikvm(  375): GC_FOR_ALLOC freed 755K, 19% free 18810K/23020K, paused 58ms, total 58ms
05-22 16:51:48.718 I/dalvikvm( 7213): Could not find method android.app.enterprise.EnterpriseDeviceManager.getBluetoothPolicy, referenced from method com.pekall.emdm.b.b.a.a
05-22 16:51:48.718 W/dalvikvm( 7213): VFY: unable to resolve virtual method 1365: Landroid/app/enterprise/EnterpriseDeviceManager;.getBluetoothPolicy ()Landroid/app/enterprise/BluetoothPolicy;
05-22 16:51:48.718 D/dalvikvm( 7213): VFY: replacing opcode 0x6e at 0x000a
05-22 16:51:48.726 I/dalvikvm( 7213): Could not find method android.app.enterprise.EnterpriseDeviceManager.getSecurityPolicy, referenced from method com.pekall.emdm.b.b.a.b
05-22 16:51:48.726 W/dalvikvm( 7213): VFY: unable to resolve virtual method 1373: Landroid/app/enterprise/EnterpriseDeviceManager;.getSecurityPolicy ()Landroid/app/enterprise/SecurityPolicy;
05-22 16:51:48.726 D/dalvikvm( 7213): VFY: replacing opcode 0x6e at 0x0015
05-22 16:51:48.726 I/dalvikvm( 7213): Could not find method android.app.enterprise.EnterpriseDeviceManager.getWifiPolicy, referenced from method com.pekall.emdm.b.b.a.b
05-22 16:51:48.726 W/dalvikvm( 7213): VFY: unable to resolve virtual method 1374: Landroid/app/enterprise/EnterpriseDeviceManager;.getWifiPolicy ()Landroid/app/enterprise/WifiPolicy;
05-22 16:51:48.726 D/dalvikvm( 7213): VFY: replacing opcode 0x6e at 0x000b
05-22 16:51:48.726 I/dalvikvm( 7213): Could not find method android.app.enterprise.EnterpriseDeviceManager.getDateTimePolicy, referenced from method com.pekall.emdm.b.b.a.b
05-22 16:51:48.726 W/dalvikvm( 7213): VFY: unable to resolve virtual method 1366: Landroid/app/enterprise/EnterpriseDeviceManager;.getDateTimePolicy ()Landroid/app/enterprise/DateTimePolicy;
05-22 16:51:48.726 D/dalvikvm( 7213): VFY: replacing opcode 0x6e at 0x000a
05-22 16:51:48.734 I/dalvikvm( 7213): Could not find method android.app.enterprise.EnterpriseDeviceManager.getWifiPolicy, referenced from method com.pekall.emdm.b.b.a.c
05-22 16:51:48.734 W/dalvikvm( 7213): VFY: unable to resolve virtual method 1374: Landroid/app/enterprise/EnterpriseDeviceManager;.getWifiPolicy ()Landroid/app/enterprise/WifiPolicy;
05-22 16:51:48.734 D/dalvikvm( 7213): VFY: replacing opcode 0x6e at 0x000a
05-22 16:51:48.734 I/dalvikvm( 7213): Could not find method android.app.enterprise.EnterpriseDeviceManager.getRestrictionPolicy, referenced from method com.pekall.emdm.b.b.a.c
05-22 16:51:48.734 W/dalvikvm( 7213): VFY: unable to resolve virtual method 1371: Landroid/app/enterprise/EnterpriseDeviceManager;.getRestrictionPolicy ()Landroid/app/enterprise/RestrictionPolicy;
05-22 16:51:48.734 D/dalvikvm( 7213): VFY: replacing opcode 0x6e at 0x000a
05-22 16:51:48.734 I/dalvikvm( 7213): Could not find method android.app.enterprise.EnterpriseDeviceManager.getWifiPolicy, referenced from method com.pekall.emdm.b.b.a.d
05-22 16:51:48.734 W/dalvikvm( 7213): VFY: unable to resolve virtual method 1374: Landroid/app/enterprise/EnterpriseDeviceManager;.getWifiPolicy ()Landroid/app/enterprise/WifiPolicy;
05-22 16:51:48.734 D/dalvikvm( 7213): VFY: replacing opcode 0x6e at 0x000a
05-22 16:51:48.734 I/dalvikvm( 7213): Could not find method android.app.enterprise.EnterpriseDeviceManager.getRestrictionPolicy, referenced from method com.pekall.emdm.b.b.a.d
05-22 16:51:48.734 W/dalvikvm( 7213): VFY: unable to resolve virtual method 1371: Landroid/app/enterprise/EnterpriseDeviceManager;.getRestrictionPolicy ()Landroid/app/enterprise/RestrictionPolicy;
05-22 16:51:48.734 D/dalvikvm( 7213): VFY: replacing opcode 0x6e at 0x000a
05-22 16:51:48.734 I/dalvikvm( 7213): Could not find method android.app.enterprise.EnterpriseDeviceManager.getLocationPolicy, referenced from method com.pekall.emdm.b.b.a.e
05-22 16:51:48.734 W/dalvikvm( 7213): VFY: unable to resolve virtual method 1368: Landroid/app/enterprise/EnterpriseDeviceManager;.getLocationPolicy ()Landroid/app/enterprise/LocationPolicy;
05-22 16:51:48.734 D/dalvikvm( 7213): VFY: replacing opcode 0x6e at 0x000a
05-22 16:51:48.734 I/dalvikvm( 7213): Could not find method android.app.enterprise.EnterpriseDeviceManager.getRestrictionPolicy, referenced from method com.pekall.emdm.b.b.a.f
05-22 16:51:48.734 W/dalvikvm( 7213): VFY: unable to resolve virtual method 1371: Landroid/app/enterprise/EnterpriseDeviceManager;.getRestrictionPolicy ()Landroid/app/enterprise/RestrictionPolicy;
05-22 16:51:48.734 D/dalvikvm( 7213): VFY: replacing opcode 0x6e at 0x000a
05-22 16:51:48.734 I/dalvikvm( 7213): Could not find method android.app.enterprise.EnterpriseDeviceManager.getWifiPolicy, referenced from method com.pekall.emdm.b.b.a.g
05-22 16:51:48.734 W/dalvikvm( 7213): VFY: unable to resolve virtual method 1374: Landroid/app/enterprise/EnterpriseDeviceManager;.getWifiPolicy ()Landroid/app/enterprise/WifiPolicy;
05-22 16:51:48.734 D/dalvikvm( 7213): VFY: replacing opcode 0x6e at 0x000a
05-22 16:51:48.734 I/dalvikvm( 7213): Could not find method android.app.enterprise.EnterpriseDeviceManager.getRestrictionPolicy, referenced from method com.pekall.emdm.b.b.a.h
05-22 16:51:48.734 W/dalvikvm( 7213): VFY: unable to resolve virtual method 1371: Landroid/app/enterprise/EnterpriseDeviceManager;.getRestrictionPolicy ()Landroid/app/enterprise/RestrictionPolicy;
05-22 16:51:48.734 D/dalvikvm( 7213): VFY: replacing opcode 0x6e at 0x000a
05-22 16:51:48.741 I/dalvikvm( 7213): Could not find method android.app.enterprise.EnterpriseDeviceManager.getRestrictionPolicy, referenced from method com.pekall.emdm.b.b.a.i
05-22 16:51:48.741 W/dalvikvm( 7213): VFY: unable to resolve virtual method 1371: Landroid/app/enterprise/EnterpriseDeviceManager;.getRestrictionPolicy ()Landroid/app/enterprise/RestrictionPolicy;
05-22 16:51:48.741 D/dalvikvm( 7213): VFY: replacing opcode 0x6e at 0x000a
05-22 16:51:48.741 I/dalvikvm( 7213): Could not find method android.app.enterprise.EnterpriseDeviceManager.getPhoneRestrictionPolicy, referenced from method com.pekall.emdm.b.b.a.j
05-22 16:51:48.741 W/dalvikvm( 7213): VFY: unable to resolve virtual method 1370: Landroid/app/enterprise/EnterpriseDeviceManager;.getPhoneRestrictionPolicy ()Landroid/app/enterprise/PhoneRestrictionPolicy;
05-22 16:51:48.741 D/dalvikvm( 7213): VFY: replacing opcode 0x6e at 0x000a
05-22 16:51:48.741 I/dalvikvm( 7213): Could not find method android.app.enterprise.EnterpriseDeviceManager.getWifiPolicy, referenced from method com.pekall.emdm.b.b.a.k
05-22 16:51:48.741 W/dalvikvm( 7213): VFY: unable to resolve virtual method 1374: Landroid/app/enterprise/EnterpriseDeviceManager;.getWifiPolicy ()Landroid/app/enterprise/WifiPolicy;
05-22 16:51:48.741 D/dalvikvm( 7213): VFY: replacing opcode 0x6e at 0x000a
05-22 16:51:48.741 I/dalvikvm( 7213): Could not find method android.app.enterprise.EnterpriseDeviceManager.getRestrictionPolicy, referenced from method com.pekall.emdm.b.b.a.l
05-22 16:51:48.741 W/dalvikvm( 7213): VFY: unable to resolve virtual method 1371: Landroid/app/enterprise/EnterpriseDeviceManager;.getRestrictionPolicy ()Landroid/app/enterprise/RestrictionPolicy;
05-22 16:51:48.741 D/dalvikvm( 7213): VFY: replacing opcode 0x6e at 0x000a
05-22 16:51:48.741 I/dalvikvm( 7213): Could not find method android.app.enterprise.EnterpriseDeviceManager.getBluetoothPolicy, referenced from method com.pekall.emdm.b.b.a.m
05-22 16:51:48.741 W/dalvikvm( 7213): VFY: unable to resolve virtual method 1365: Landroid/app/enterprise/EnterpriseDeviceManager;.getBluetoothPolicy ()Landroid/app/enterprise/BluetoothPolicy;
05-22 16:51:48.741 D/dalvikvm( 7213): VFY: replacing opcode 0x6e at 0x000a
05-22 16:51:48.741 I/dalvikvm( 7213): Could not find method android.app.enterprise.EnterpriseDeviceManager.getBluetoothPolicy, referenced from method com.pekall.emdm.b.b.a.n
05-22 16:51:48.741 W/dalvikvm( 7213): VFY: unable to resolve virtual method 1365: Landroid/app/enterprise/EnterpriseDeviceManager;.getBluetoothPolicy ()Landroid/app/enterprise/BluetoothPolicy;
05-22 16:51:48.741 D/dalvikvm( 7213): VFY: replacing opcode 0x6e at 0x000a
05-22 16:51:48.741 I/dalvikvm( 7213): Could not find method android.app.enterprise.EnterpriseDeviceManager.getBluetoothPolicy, referenced from method com.pekall.emdm.b.b.a.o
05-22 16:51:48.741 W/dalvikvm( 7213): VFY: unable to resolve virtual method 1365: Landroid/app/enterprise/EnterpriseDeviceManager;.getBluetoothPolicy ()Landroid/app/enterprise/BluetoothPolicy;
05-22 16:51:48.741 D/dalvikvm( 7213): VFY: replacing opcode 0x6e at 0x000a
05-22 16:51:48.741 I/dalvikvm( 7213): Could not find method android.app.enterprise.EnterpriseDeviceManager.getBluetoothPolicy, referenced from method com.pekall.emdm.b.b.a.p
05-22 16:51:48.741 W/dalvikvm( 7213): VFY: unable to resolve virtual method 1365: Landroid/app/enterprise/EnterpriseDeviceManager;.getBluetoothPolicy ()Landroid/app/enterprise/BluetoothPolicy;
05-22 16:51:48.741 D/dalvikvm( 7213): VFY: replacing opcode 0x6e at 0x000a
05-22 16:51:48.741 I/dalvikvm( 7213): Could not find method android.app.enterprise.EnterpriseDeviceManager.getRestrictionPolicy, referenced from method com.pekall.emdm.b.b.a.q
05-22 16:51:48.741 W/dalvikvm( 7213): VFY: unable to resolve virtual method 1371: Landroid/app/enterprise/EnterpriseDeviceManager;.getRestrictionPolicy ()Landroid/app/enterprise/RestrictionPolicy;
05-22 16:51:48.741 D/dalvikvm( 7213): VFY: replacing opcode 0x6e at 0x000a
05-22 16:51:48.741 I/dalvikvm( 7213): Could not find method android.app.enterprise.EnterpriseDeviceManager.getBluetoothPolicy, referenced from method com.pekall.emdm.b.b.a.r
05-22 16:51:48.741 W/dalvikvm( 7213): VFY: unable to resolve virtual method 1365: Landroid/app/enterprise/EnterpriseDeviceManager;.getBluetoothPolicy ()Landroid/app/enterprise/BluetoothPolicy;
05-22 16:51:48.741 D/dalvikvm( 7213): VFY: replacing opcode 0x6e at 0x000a
05-22 16:51:48.749 I/dalvikvm( 7213): Could not find method android.app.enterprise.EnterpriseDeviceManager.getRestrictionPolicy, referenced from method com.pekall.emdm.b.b.a.s
05-22 16:51:48.749 W/dalvikvm( 7213): VFY: unable to resolve virtual method 1371: Landroid/app/enterprise/EnterpriseDeviceManager;.getRestrictionPolicy ()Landroid/app/enterprise/RestrictionPolicy;
05-22 16:51:48.749 D/dalvikvm( 7213): VFY: replacing opcode 0x6e at 0x000a
05-22 16:51:48.749 I/dalvikvm( 7213): Could not find method android.app.enterprise.EnterpriseDeviceManager.getRestrictionPolicy, referenced from method com.pekall.emdm.b.b.a.t
05-22 16:51:48.749 W/dalvikvm( 7213): VFY: unable to resolve virtual method 1371: Landroid/app/enterprise/EnterpriseDeviceManager;.getRestrictionPolicy ()Landroid/app/enterprise/RestrictionPolicy;
05-22 16:51:48.749 D/dalvikvm( 7213): VFY: replacing opcode 0x6e at 0x000a
05-22 16:51:48.749 I/dalvikvm( 7213): Could not find method android.app.enterprise.EnterpriseDeviceManager.getRestrictionPolicy, referenced from method com.pekall.emdm.b.b.a.u
05-22 16:51:48.749 W/dalvikvm( 7213): VFY: unable to resolve virtual method 1371: Landroid/app/enterprise/EnterpriseDeviceManager;.getRestrictionPolicy ()Landroid/app/enterprise/RestrictionPolicy;
05-22 16:51:48.749 D/dalvikvm( 7213): VFY: replacing opcode 0x6e at 0x000a
05-22 16:51:48.749 I/dalvikvm( 7213): Could not find method android.app.enterprise.EnterpriseDeviceManager.getRestrictionPolicy, referenced from method com.pekall.emdm.b.b.a.v
05-22 16:51:48.749 W/dalvikvm( 7213): VFY: unable to resolve virtual method 1371: Landroid/app/enterprise/EnterpriseDeviceManager;.getRestrictionPolicy ()Landroid/app/enterprise/RestrictionPolicy;
05-22 16:51:48.749 D/dalvikvm( 7213): VFY: replacing opcode 0x6e at 0x000a
05-22 16:51:48.749 I/dalvikvm( 7213): Could not find method android.app.enterprise.EnterpriseDeviceManager.getRestrictionPolicy, referenced from method com.pekall.emdm.b.b.a.w
05-22 16:51:48.749 W/dalvikvm( 7213): VFY: unable to resolve virtual method 1371: Landroid/app/enterprise/EnterpriseDeviceManager;.getRestrictionPolicy ()Landroid/app/enterprise/RestrictionPolicy;
05-22 16:51:48.749 D/dalvikvm( 7213): VFY: replacing opcode 0x6e at 0x000a
05-22 16:51:48.749 I/dalvikvm( 7213): Could not find method android.app.enterprise.EnterpriseDeviceManager.getRestrictionPolicy, referenced from method com.pekall.emdm.b.b.a.x
05-22 16:51:48.749 W/dalvikvm( 7213): VFY: unable to resolve virtual method 1371: Landroid/app/enterprise/EnterpriseDeviceManager;.getRestrictionPolicy ()Landroid/app/enterprise/RestrictionPolicy;
05-22 16:51:48.749 D/dalvikvm( 7213): VFY: replacing opcode 0x6e at 0x000a
05-22 16:51:48.749 I/dalvikvm( 7213): Could not find method android.app.enterprise.EnterpriseDeviceManager.getPasswordPolicy, referenced from method com.pekall.emdm.b.b.a.y
05-22 16:51:48.749 W/dalvikvm( 7213): VFY: unable to resolve virtual method 1369: Landroid/app/enterprise/EnterpriseDeviceManager;.getPasswordPolicy ()Landroid/app/enterprise/PasswordPolicy;
05-22 16:51:48.749 D/dalvikvm( 7213): VFY: replacing opcode 0x6e at 0x000a
05-22 16:51:48.749 I/dalvikvm( 7213): Could not find method android.app.enterprise.EnterpriseDeviceManager.getRestrictionPolicy, referenced from method com.pekall.emdm.b.b.a.z
05-22 16:51:48.749 W/dalvikvm( 7213): VFY: unable to resolve virtual method 1371: Landroid/app/enterprise/EnterpriseDeviceManager;.getRestrictionPolicy ()Landroid/app/enterprise/RestrictionPolicy;
05-22 16:51:48.749 D/dalvikvm( 7213): VFY: replacing opcode 0x6e at 0x000a
05-22 16:51:48.757 W/Parcel  (  802): Attempt to read object from Parcel 0x5e0dfdac at offset 200 that is not in the object list
05-22 16:51:48.757 I/ActivityManager(  375): START u0 {cmp=com.pekall.emdm.launcher/com.pekall.emdm.ui.RegDeviceActivity} from pid 7213
05-22 16:51:48.827 V/LauncherApplication( 7213): onActivityStarted
05-22 16:51:48.913 D/        ( 7213): [---null: -1---]     awsa  onActivityResumed
05-22 16:51:48.913 V/LauncherApplication( 7213): 2MdmConstant.LAST_LAUNCH_TIME = 1400748698718
05-22 16:51:48.913 D/        ( 7213): [---null: -1---]  activity = com.pekall.emdm.ui.RegDeviceActivity
05-22 16:51:49.093 I/ActivityManager(  375): Displayed com.pekall.emdm.launcher/com.pekall.emdm.ui.RegDeviceActivity: +289ms
05-22 16:51:50.554 W/MountService(  375): getVolumeState(/storage/emulated/0/external_sd): Unknown volume
05-22 16:51:50.562 W/MountService(  375): getVolumeState(/mnt/sdcard-ext): Unknown volume
05-22 16:51:50.562 W/MountService(  375): getVolumeState(/mnt/ext_sdcard): Unknown volume
05-22 16:51:50.562 W/MountService(  375): getVolumeState(/mnt/sdcard2): Unknown volume
05-22 16:51:50.562 W/MountService(  375): getVolumeState(/mnt/emmc): Unknown volume
05-22 16:51:50.562 W/MountService(  375): getVolumeState(/mnt/extSdCard): Unknown volume
05-22 16:51:50.562 W/MountService(  375): getVolumeState(/mnt/sdcard/SD_CARD): Unknown volume
05-22 16:51:50.562 W/MountService(  375): getVolumeState(/mnt/sdcard/extra_sd): Unknown volume
05-22 16:51:50.562 W/MountService(  375): getVolumeState(/mnt/extrasd_bind): Unknown volume
05-22 16:51:50.562 W/MountService(  375): getVolumeState(/mnt/sdcard/ext_sd): Unknown volume
05-22 16:51:50.570 W/MountService(  375): getVolumeState(/storage/extSdCard): Unknown volume
05-22 16:51:50.570 W/MountService(  375): getVolumeState(/storage/sdcard1): Unknown volume
05-22 16:51:50.570 W/MountService(  375): getVolumeState(/mnt/sdcard/external_SD): Unknown volume
05-22 16:51:50.593 D/dalvikvm( 1693): GC_CONCURRENT freed 460K, 20% free 9538K/11796K, paused 3ms+2ms, total 31ms
05-22 16:51:50.593 W/MountService(  375): getVolumeState(/mnt/sdcard/external_sd): Unknown volume
05-22 16:51:50.624 W/Parcel  (  802): Attempt to read object from Parcel 0x5ed47dac at offset 200 that is not in the object list
05-22 16:51:50.859 D/dalvikvm( 1693): GC_CONCURRENT freed 473K, 20% free 9541K/11796K, paused 4ms+5ms, total 59ms
05-22 16:51:50.882 W/MountService(  375): getVolumeState(/storage/emulated/0/external_sd): Unknown volume
05-22 16:51:50.882 W/MountService(  375): getVolumeState(/mnt/sdcard-ext): Unknown volume
05-22 16:51:50.882 W/MountService(  375): getVolumeState(/mnt/ext_sdcard): Unknown volume
05-22 16:51:50.890 W/MountService(  375): getVolumeState(/mnt/sdcard2): Unknown volume
05-22 16:51:50.890 W/MountService(  375): getVolumeState(/mnt/emmc): Unknown volume
05-22 16:51:50.890 W/MountService(  375): getVolumeState(/mnt/extSdCard): Unknown volume
05-22 16:51:50.890 W/MountService(  375): getVolumeState(/mnt/sdcard/SD_CARD): Unknown volume
05-22 16:51:50.890 W/MountService(  375): getVolumeState(/mnt/sdcard/extra_sd): Unknown volume
05-22 16:51:50.890 W/MountService(  375): getVolumeState(/mnt/extrasd_bind): Unknown volume
05-22 16:51:50.890 W/MountService(  375): getVolumeState(/mnt/sdcard/ext_sd): Unknown volume
05-22 16:51:50.890 W/MountService(  375): getVolumeState(/storage/extSdCard): Unknown volume
05-22 16:51:50.890 W/MountService(  375): getVolumeState(/storage/sdcard1): Unknown volume
05-22 16:51:50.890 W/MountService(  375): getVolumeState(/mnt/sdcard/external_SD): Unknown volume
05-22 16:51:50.890 W/MountService(  375): getVolumeState(/mnt/sdcard/external_sd): Unknown volume
05-22 16:51:50.976 D/dalvikvm( 1693): GC_CONCURRENT freed 518K, 20% free 9443K/11796K, paused 2ms+2ms, total 20ms
05-22 16:51:52.648 I/QueryController( 7143): Matched selector: UiSelector[TEXT=Server, ENABLED=true] <<==>> [android.view.accessibility.AccessibilityNodeInfo@de29; boundsInParent: Rect(0, 0 - 621, 76); boundsInScreen: Rect(49, 280 - 670, 356); packageName: com.pekall.emdm.launcher; className: android.widget.EditText; text: Server; contentDescription: null; viewIdResName: com.pekall.emdm.launcher:id/mdm_edit; checkable: false; checked: false; focusable: true; focused: true; selected: false; clickable: true; longClickable: true; enabled: true; password: false; scrollable: false; [ACTION_CLEAR_FOCUS, ACTION_SELECT, ACTION_CLEAR_SELECTION, ACTION_CLICK, ACTION_LONG_CLICK, ACTION_ACCESSIBILITY_FOCUS]]
05-22 16:51:52.663 I/QueryController( 7143): Matched selector: UiSelector[TEXT=Server] <<==>> [android.view.accessibility.AccessibilityNodeInfo@de29; boundsInParent: Rect(0, 0 - 621, 76); boundsInScreen: Rect(49, 280 - 670, 356); packageName: com.pekall.emdm.launcher; className: android.widget.EditText; text: Server; contentDescription: null; viewIdResName: com.pekall.emdm.launcher:id/mdm_edit; checkable: false; checked: false; focusable: true; focused: true; selected: false; clickable: true; longClickable: true; enabled: true; password: false; scrollable: false; [ACTION_CLEAR_FOCUS, ACTION_SELECT, ACTION_CLEAR_SELECTION, ACTION_CLICK, ACTION_LONG_CLICK, ACTION_ACCESSIBILITY_FOCUS]]
05-22 16:51:54.952 I/QueryController( 7143): Matched selector: UiSelector[TEXT=Server] <<==>> [android.view.accessibility.AccessibilityNodeInfo@de29; boundsInParent: Rect(0, 0 - 621, 76); boundsInScreen: Rect(49, 280 - 670, 356); packageName: com.pekall.emdm.launcher; className: android.widget.EditText; text: Server; contentDescription: null; viewIdResName: com.pekall.emdm.launcher:id/mdm_edit; checkable: false; checked: false; focusable: true; focused: true; selected: false; clickable: true; longClickable: true; enabled: true; password: false; scrollable: false; [ACTION_CLEAR_FOCUS, ACTION_SELECT, ACTION_CLEAR_SELECTION, ACTION_CLICK, ACTION_LONG_CLICK, ACTION_ACCESSIBILITY_FOCUS]]
05-22 16:51:57.351 D/dalvikvm(  527): GC_CONCURRENT freed 464K, 5% free 9796K/10296K, paused 6ms+2ms, total 51ms
05-22 16:51:57.679 D/dalvikvm(  527): GC_CONCURRENT freed 351K, 5% free 9861K/10296K, paused 3ms+4ms, total 33ms
05-22 16:51:58.320 D/dalvikvm( 7143): GC_FOR_ALLOC freed 7522K, 92% free 668K/8192K, paused 34ms, total 38ms
05-22 16:51:58.327 I/QueryController( 7143): Matched selector: UiSelector[TEXT=Please input email address, ENABLED=true] <<==>> [android.view.accessibility.AccessibilityNodeInfo@11dfa; boundsInParent: Rect(0, 0 - 621, 76); boundsInScreen: Rect(49, 420 - 670, 496); packageName: com.pekall.emdm.launcher; className: android.widget.EditText; text: Please input email address; contentDescription: null; viewIdResName: com.pekall.emdm.launcher:id/mdm_edit; checkable: false; checked: false; focusable: true; focused: false; selected: false; clickable: true; longClickable: true; enabled: true; password: false; scrollable: false; [ACTION_FOCUS, ACTION_SELECT, ACTION_CLEAR_SELECTION, ACTION_CLICK, ACTION_LONG_CLICK, ACTION_ACCESSIBILITY_FOCUS]]
05-22 16:51:58.351 I/QueryController( 7143): Matched selector: UiSelector[TEXT=Please input email address] <<==>> [android.view.accessibility.AccessibilityNodeInfo@11dfa; boundsInParent: Rect(0, 0 - 621, 76); boundsInScreen: Rect(49, 420 - 670, 496); packageName: com.pekall.emdm.launcher; className: android.widget.EditText; text: Please input email address; contentDescription: null; viewIdResName: com.pekall.emdm.launcher:id/mdm_edit; checkable: false; checked: false; focusable: true; focused: false; selected: false; clickable: true; longClickable: true; enabled: true; password: false; scrollable: false; [ACTION_FOCUS, ACTION_SELECT, ACTION_CLEAR_SELECTION, ACTION_CLICK, ACTION_LONG_CLICK, ACTION_ACCESSIBILITY_FOCUS]]
05-22 16:52:00.734 I/QueryController( 7143): Matched selector: UiSelector[TEXT=Please input email address] <<==>> [android.view.accessibility.AccessibilityNodeInfo@11dfa; boundsInParent: Rect(0, 0 - 621, 76); boundsInScreen: Rect(49, 420 - 670, 496); packageName: com.pekall.emdm.launcher; className: android.widget.EditText; text: Please input email address; contentDescription: null; viewIdResName: com.pekall.emdm.launcher:id/mdm_edit; checkable: false; checked: false; focusable: true; focused: true; selected: false; clickable: true; longClickable: true; enabled: true; password: false; scrollable: false; [ACTION_CLEAR_FOCUS, ACTION_SELECT, ACTION_CLEAR_SELECTION, ACTION_CLICK, ACTION_LONG_CLICK, ACTION_ACCESSIBILITY_FOCUS]]
05-22 16:52:04.046 I/QueryController( 7143): Matched selector: UiSelector[CLASS=android.widget.EditText, INSTANCE=2, ENABLED=true, COUNT=2] <<==>> [android.view.accessibility.AccessibilityNodeInfo@121bb; boundsInParent: Rect(0, 0 - 621, 76); boundsInScreen: Rect(49, 560 - 670, 636); packageName: com.pekall.emdm.launcher; className: android.widget.EditText; text: null; contentDescription: null; viewIdResName: com.pekall.emdm.launcher:id/mdm_edit; checkable: false; checked: false; focusable: true; focused: false; selected: false; clickable: true; longClickable: true; enabled: true; password: true; scrollable: false; [ACTION_FOCUS, ACTION_SELECT, ACTION_CLEAR_SELECTION, ACTION_CLICK, ACTION_LONG_CLICK, ACTION_ACCESSIBILITY_FOCUS]]
05-22 16:52:04.062 I/QueryController( 7143): Matched selector: UiSelector[CLASS=android.widget.EditText, INSTANCE=2, COUNT=2] <<==>> [android.view.accessibility.AccessibilityNodeInfo@121bb; boundsInParent: Rect(0, 0 - 621, 76); boundsInScreen: Rect(49, 560 - 670, 636); packageName: com.pekall.emdm.launcher; className: android.widget.EditText; text: null; contentDescription: null; viewIdResName: com.pekall.emdm.launcher:id/mdm_edit; checkable: false; checked: false; focusable: true; focused: false; selected: false; clickable: true; longClickable: true; enabled: true; password: true; scrollable: false; [ACTION_FOCUS, ACTION_SELECT, ACTION_CLEAR_SELECTION, ACTION_CLICK, ACTION_LONG_CLICK, ACTION_ACCESSIBILITY_FOCUS]]
05-22 16:52:05.195 D/dalvikvm( 7143): GC_CONCURRENT freed 397K, 92% free 655K/8192K, paused 2ms+1ms, total 10ms
05-22 16:52:06.460 I/QueryController( 7143): Matched selector: UiSelector[CLASS=android.widget.EditText, INSTANCE=2, COUNT=2] <<==>> [android.view.accessibility.AccessibilityNodeInfo@121bb; boundsInParent: Rect(0, 0 - 621, 76); boundsInScreen: Rect(49, 560 - 670, 636); packageName: com.pekall.emdm.launcher; className: android.widget.EditText; text: null; contentDescription: null; viewIdResName: com.pekall.emdm.launcher:id/mdm_edit; checkable: false; checked: false; focusable: true; focused: true; selected: false; clickable: true; longClickable: true; enabled: true; password: true; scrollable: false; [ACTION_CLEAR_FOCUS, ACTION_SELECT, ACTION_CLEAR_SELECTION, ACTION_CLICK, ACTION_LONG_CLICK, ACTION_ACCESSIBILITY_FOCUS]]
05-22 16:52:09.984 I/QueryController( 7143): Matched selector: UiSelector[TEXT=Login, CLASS=android.widget.Button] <<==>> [android.view.accessibility.AccessibilityNodeInfo@10ef6; boundsInParent: Rect(0, 0 - 660, 96); boundsInScreen: Rect(30, 824 - 690, 920); packageName: com.pekall.emdm.launcher; className: android.widget.Button; text: Login; contentDescription: null; viewIdResName: com.pekall.emdm.launcher:id/ok_button; checkable: false; checked: false; focusable: true; focused: false; selected: false; clickable: true; longClickable: false; enabled: true; password: false; scrollable: false; [ACTION_FOCUS, ACTION_SELECT, ACTION_CLEAR_SELECTION, ACTION_CLICK, ACTION_ACCESSIBILITY_FOCUS, ACTION_NEXT_AT_MOVEMENT_GRANULARITY, ACTION_PREVIOUS_AT_MOVEMENT_GRANULARITY, ACTION_SET_SELECTION]]
05-22 16:52:09.984 D/InteractionController( 7143): clickAndWaitForNewWindow(360, 872)
05-22 16:52:10.156 I/TransInfo( 7213): TransInfo created, id: 9, class: class com.pekall.emdm.transaction.c.e
05-22 16:52:10.156 D/NetworkThread( 7213): [null:-1]->----isRunning-----false
05-22 16:52:10.156 D/NetworkThread( 7213): [null:-1]->----net work thread begin-----400
05-22 16:52:10.156 D/NetworkThread( 7213): [null:-1]->sendHttpGet: http://192.168.10.21/rest/mdm/v1/system/get_system_info?username=pekall
05-22 16:52:10.163 D/HttpClient( 7213): enable apache.http debug
05-22 16:52:10.187 V/DEBUG   ( 7213): HTTP 0
05-22 16:52:10.288 D/MDM :   ( 7213): [null:-1]->statusCode : 200
05-22 16:52:10.288 D/MDM :   ( 7213): [null:-1]->statusCode : 200
05-22 16:52:10.288 V/DEBUG   ( 7213): HTTP 1
05-22 16:52:10.288 D/MDM :   ( 7213): [null:-1]->read network input stream
05-22 16:52:10.296 D/MDM :   ( 7213): [null:-1]->Get joson string: {"result":0,"systemInfo":{"comId":1,"serverVersion":"1.2","serverVersionCode":3}}
05-22 16:52:10.320 D/NetworkThread( 7213): [null:-1]->clear mCurrentTransInfo
05-22 16:52:10.320 D/NetworkThread( 7213): [null:-1]->queue is empty, thread wait...
05-22 16:52:10.437 D/MDM :   ( 7213): [null:-1]->handleMessage
05-22 16:52:10.484 I/TransInfo( 7213): TransInfo created, id: 1, class: class com.pekall.emdm.transaction.c.f
05-22 16:52:10.484 D/NetworkThread( 7213): [null:-1]->----isRunning-----true
05-22 16:52:10.484 D/NetworkThread( 7213): [null:-1]->----isRunning-----true
05-22 16:52:10.484 D/NetworkThread( 7213): [null:-1]->thread wakeup
05-22 16:52:10.491 D/NetworkThread( 7213): [null:-1]->sendHttpPost:PostRequest, url: http://192.168.10.21/rest/mdm/v1/user/login_mdm, Params: [username:zhenhua.sang@pekall.com][password:123456][com_id:1], 
05-22 16:52:10.491 D/HttpClient( 7213): enable apache.http debug
05-22 16:52:10.491 V/DEBUG   ( 7213): HTTP 0
05-22 16:52:10.616 D/MDM :   ( 7213): [null:-1]->statusCode : 200
05-22 16:52:10.616 D/MDM :   ( 7213): [null:-1]->statusCode : 200
05-22 16:52:10.616 V/DEBUG   ( 7213): HTTP 1
05-22 16:52:10.616 D/MDM :   ( 7213): [null:-1]->read network input stream
05-22 16:52:10.616 D/MDM :   ( 7213): [null:-1]->Get joson string: {"result":0,"userInfo":{"id":1134,"type":51302,"password":null,"status":51001,"roles":8,"comId":1,"isAdmin":0,"fullName":"","phone":"010-2222222","cellPhone":"12345678910","email":"zhenhua.sang@pekall.com","firstName":null,"lastName":null,"business":null,"im":null,"username":"zhenhua.sang@pekall.com","labelPath":null,"userKey":"uPVi3f5AIdavCrAT","token":"a2116b99078b540369fe0b3bacb619821134","deleted":0,"updateTime":1398231202000,"createTime":1397549312000,"directLabelId":0,"isInLabel":1,"setPwd":0,"labels":null,"encrpPwd":null,"deviceNo":0,"new":false}}
05-22 16:52:10.663 I/System.out( 7213): [cjx]initUserSecret,keyLength:16,DEK:[1400748730674,1401007930674]
05-22 16:52:10.663 I/System.out( 7213): [cjx]to generate user KEK now,keyLength:32,algorithm:Rijndael256
05-22 16:52:10.788 I/System.out( 7213): [cjx]blockSize:32
05-22 16:52:10.788 I/System.out( 7213): [cjx]iv:[112, 101, 107, 97, 108, 108, 50, 48, 49, 52, 97, 101, 115, 99, 106, 120, 112, 101, 107, 97, 108, 108, 50, 48, 49, 52, 97, 101, 115, 99, 106, 120]
05-22 16:52:10.788 I/System.out( 7213): [cjx]secret:[-94, 35, 21, 34, 6, -61, -108, -46, 6, 56, -82, 111, 24, -59, 0, -21, 43, -46, -16, 27, -76, 52, 9, 117, -69, 64, 55, -122, -120, -69, -38, 9]
05-22 16:52:10.804 I/System.out( 7213): [cjx]successfully store userID:[B@433299c0
05-22 16:52:10.804 I/System.out( 7213): [cjx]blockSize:32
05-22 16:52:10.804 I/System.out( 7213): [cjx]iv:[112, 101, 107, 97, 108, 108, 50, 48, 49, 52, 97, 101, 115, 99, 106, 120, 112, 101, 107, 97, 108, 108, 50, 48, 49, 52, 97, 101, 115, 99, 106, 120]
05-22 16:52:10.812 I/System.out( 7213): [cjx]secret:[-94, 35, 21, 34, 6, -61, -108, -46, 6, 56, -82, 111, 24, -59, 0, -21, 43, -46, -16, 27, -76, 52, 9, 117, -69, 64, 55, -122, -120, -69, -38, 9]
05-22 16:52:10.820 I/System.out( 7213): [cjx]successfully store DEK.
05-22 16:52:10.820 D/NetworkThread( 7213): [null:-1]->clear mCurrentTransInfo
05-22 16:52:10.820 D/NetworkThread( 7213): [null:-1]->queue is empty, thread wait...
05-22 16:52:10.921 D/MDM :   ( 7213): [null:-1]->handleMessage
05-22 16:52:10.968 I/TransInfo( 7213): TransInfo created, id: 8, class: class com.pekall.emdm.transaction.c.a
05-22 16:52:10.976 D/NetworkThread( 7213): [null:-1]->----isRunning-----true
05-22 16:52:10.976 D/NetworkThread( 7213): [null:-1]->----isRunning-----true
05-22 16:52:10.976 D/NetworkThread( 7213): [null:-1]->thread wakeup
05-22 16:52:11.023 D/NetworkThread( 7213): [null:-1]->sendHttpPost:PostRequest, url: http://192.168.10.21/rest/mdm/v1/device/check_device, Params: [mac:20:64:32:7a:19:48][imei:351554059027897][ios_uuid:00013fbc8ecec5b90000014623216a8f][os:51201], 
05-22 16:52:11.023 D/HttpClient( 7213): enable apache.http debug
05-22 16:52:11.031 V/DEBUG   ( 7213): HTTP 0
05-22 16:52:11.195 D/MDM :   ( 7213): [null:-1]->statusCode : 200
05-22 16:52:11.195 D/MDM :   ( 7213): [null:-1]->statusCode : 200
05-22 16:52:11.195 V/DEBUG   ( 7213): HTTP 1
05-22 16:52:11.195 D/MDM :   ( 7213): [null:-1]->read network input stream
05-22 16:52:11.202 D/MDM :   ( 7213): [null:-1]->Get joson string: {"result":0,"deviceInfo":{"language":null,"id":449,"type":50701,"productName":"yakju","status":50001,"mac":"20:64:32:7a:19:48","comId":1,"userId":1134,"os":51201,"updateTime":1400740728000,"deviceDetail":null,"createTime":1397813424000,"deviceUuid":"00013fbc8ecec5b90000014622a3b70b","sn":"","model":"Galaxy Nexus","iosUdid":"00013fbc8ecec5b90000014622a3b70b","lastCheckin":1400748371000,"securityInfo":"{\"HardwareEncryptionCaps\":0,\"PasscodePresent\":false,\"PasscodeCompliant\":false,\"PasscodeCompliantWithProfiles\":true}","imei":"351554059027897","labelNames":null,"mdmUserInfo":null,"connect":1,"dvId":10435,"isRoot":null,"isPrison":null,"groupCount":0,"new":false}}
05-22 16:52:11.218 D/NetworkThread( 7213): [null:-1]->clear mCurrentTransInfo
05-22 16:52:11.218 D/NetworkThread( 7213): [null:-1]->queue is empty, thread wait...
05-22 16:52:11.320 D/MDM :   ( 7213): [null:-1]->handleMessage
05-22 16:52:11.320 I/TransInfo( 7213): TransInfo created, id: 2, class: class com.pekall.emdm.transaction.c.g
05-22 16:52:11.327 D/NetworkThread( 7213): [null:-1]->----isRunning-----true
05-22 16:52:11.327 D/NetworkThread( 7213): [null:-1]->----isRunning-----true
05-22 16:52:11.327 D/NetworkThread( 7213): [null:-1]->thread wakeup
05-22 16:52:11.327 D/NetworkThread( 7213): [null:-1]->sendHttpPost:PostRequest, url: http://192.168.10.21/rest/mdm/v1/device/register_device, Params: [device_uuid:00013fbc8ecec5b90000014623216a8f][os:51201][device_type:50701][dv_id:10435][sn:][mac:20:64:32:7a:19:48][imei:351554059027897], 
05-22 16:52:11.327 D/HttpClient( 7213): enable apache.http debug
05-22 16:52:11.335 V/DEBUG   ( 7213): HTTP 0
05-22 16:52:11.952 D/dalvikvm( 6916): GC_CONCURRENT freed 405K, 5% free 9471K/9924K, paused 2ms+2ms, total 25ms
05-22 16:52:12.093 D/dalvikvm( 7143): GC_CONCURRENT freed 395K, 93% free 647K/8172K, paused 2ms+0ms, total 9ms
05-22 16:52:12.257 D/dalvikvm( 7143): GC_CONCURRENT freed 391K, 93% free 646K/8172K, paused 1ms+1ms, total 8ms
05-22 16:52:12.421 D/dalvikvm( 7143): GC_CONCURRENT freed 388K, 93% free 647K/8172K, paused 1ms+1ms, total 6ms
05-22 16:52:12.585 D/dalvikvm( 7143): GC_CONCURRENT freed 390K, 93% free 646K/8172K, paused 2ms+1ms, total 7ms
05-22 16:52:12.741 D/dalvikvm( 7143): GC_CONCURRENT freed 389K, 93% free 646K/8172K, paused 2ms+1ms, total 7ms
05-22 16:52:12.890 D/dalvikvm( 7143): GC_CONCURRENT freed 388K, 93% free 647K/8172K, paused 0ms+0ms, total 5ms
