05-22 16:45:57.124 E/ActivityManager(  375):   87% 3216/com.pekall.emdm.launcher: 86% user + 0.5% kernel / faults: 254 minor
05-22 16:45:57.124 E/ActivityManager(  375):   81% 6998/com.pekall.emdm.launcher:remote: 81% user + 0% kernel / faults: 112 minor
05-22 16:45:57.124 E/ActivityManager(  375):   22% 375/system_server: 17% user + 4.4% kernel / faults: 345 minor
05-22 16:45:57.124 E/ActivityManager(  375):   2.6% 1693/com.qihoo.daemon: 1.8% user + 0.7% kernel / faults: 920 minor 2 major
05-22 16:45:57.124 E/ActivityManager(  375):   0.2% 450/com.android.systemui: 0.2% user + 0% kernel / faults: 29 minor
05-22 16:45:57.124 E/ActivityManager(  375):   0.1% 580/com.android.phone: 0% user + 0% kernel / faults: 73 minor 2 major
05-22 16:45:57.124 E/ActivityManager(  375):   0.9% 802/com.qihoo360.mobilesafe:GuardService: 0.7% user + 0.1% kernel / faults: 192 minor 1 major
05-22 16:45:57.124 E/ActivityManager(  375):   0.9% 6916/com.qihoo.appstore: 0.7% user + 0.1% kernel / faults: 172 minor
05-22 16:45:57.124 E/ActivityManager(  375):   0% 587/com.android.nfc: 0% user + 0% kernel / faults: 28 minor
05-22 16:45:57.124 E/ActivityManager(  375):   0% 6656/android.process.acore: 0% user + 0% kernel / faults: 131 minor
05-22 16:45:57.124 E/ActivityManager(  375):   0.1% 81/mmcqd/0: 0% user + 0.1% kernel
05-22 16:45:57.124 E/ActivityManager(  375):   0% 114/jbd2/mmcblk0p12: 0% user + 0% kernel
05-22 16:45:57.124 E/ActivityManager(  375):   0% 124/surfaceflinger: 0% user + 0% kernel
05-22 16:45:57.124 E/ActivityManager(  375):   0% 550/com.google.process.location: 0% user + 0% kernel / faults: 10 minor
05-22 16:45:57.124 E/ActivityManager(  375):   0% 6512/com.google.android.apps.maps:GoogleLocationService: 0% user + 0% kernel / faults: 19 minor
05-22 16:45:57.124 E/ActivityManager(  375):   0% 6913/kworker/u:1: 0% user + 0% kernel
05-22 16:45:57.124 E/ActivityManager(  375): 100% TOTAL: 96% user + 3.4% kernel
05-22 16:45:57.124 E/ActivityManager(  375): CPU usage from 4298ms to 4835ms later:
05-22 16:45:57.124 E/ActivityManager(  375):   94% 3216/com.pekall.emdm.launcher: 94% user + 0% kernel
05-22 16:45:57.124 E/ActivityManager(  375):     92% 3229/Thread-183: 92% user + 0% kernel
05-22 16:45:57.124 E/ActivityManager(  375):   87% 6998/com.pekall.emdm.launcher:remote: 87% user + 0% kernel
05-22 16:45:57.124 E/ActivityManager(  375):     89% 7011/Thread-348: 89% user + 0% kernel
05-22 16:45:57.124 E/ActivityManager(  375):   7.4% 375/system_server: 0% user + 7.4% kernel / faults: 1 minor
05-22 16:45:57.124 E/ActivityManager(  375):     5.5% 391/ActivityManager: 0% user + 5.5% kernel
05-22 16:45:57.124 E/ActivityManager(  375):     1.8% 545/Binder_4: 0% user + 1.8% kernel
05-22 16:45:57.124 E/ActivityManager(  375):   3.4% 1693/com.qihoo.daemon: 2.3% user + 1.1% kernel / faults: 145 minor
05-22 16:45:57.124 E/ActivityManager(  375):     2.3% 1695/GC: 2.3% user + 0% kernel
05-22 16:45:57.124 E/ActivityManager(  375):     1.1% 6636/pool-15-thread-: 0% user + 1.1% kernel
05-22 16:45:57.124 E/ActivityManager(  375):   1% 580/com.android.phone: 0% user + 1% kernel / faults: 9 minor
05-22 16:45:57.124 E/ActivityManager(  375):     1% 1305/Binder_5: 1% user + 0% kernel
05-22 16:45:57.124 E/ActivityManager(  375):   1.1% 802/com.qihoo360.mobilesafe:GuardService: 1.1% user + 0% kernel / faults: 2 minor
05-22 16:45:57.124 E/ActivityManager(  375):     1.1% 928/Binder_3: 1.1% user + 0% kernel
05-22 16:45:57.124 E/ActivityManager(  375):     1.1% 2679/Binder_4: 1.1% user + 0% kernel
05-22 16:45:57.124 E/ActivityManager(  375):   1.3% 6656/android.process.acore: 0% user + 1.3% kernel / faults: 4 minor
05-22 16:45:57.124 E/ActivityManager(  375): 100% TOTAL: 96% user + 3.7% kernel
05-22 16:45:57.132 W/ActivityManager(  375): Killing ProcessRecord{4297a3b0 6998:com.pekall.emdm.launcher:remote/u0a10066}: background ANR
05-22 16:45:57.148 I/ActivityManager(  375): Process com.pekall.emdm.launcher:remote (pid 6998) has died.
05-22 16:45:57.327 W/ActivityManager(  375): Scheduling restart of crashed service com.pekall.emdm.launcher/com.baidu.location.f in 20000ms
05-22 16:45:57.406 W/MountService(  375): getVolumeState(/storage/emulated/0/external_sd): Unknown volume
05-22 16:45:57.406 W/MountService(  375): getVolumeState(/mnt/sdcard-ext): Unknown volume
05-22 16:45:57.413 W/MountService(  375): getVolumeState(/mnt/ext_sdcard): Unknown volume
05-22 16:45:57.413 W/MountService(  375): getVolumeState(/mnt/sdcard2): Unknown volume
05-22 16:45:57.413 W/MountService(  375): getVolumeState(/mnt/emmc): Unknown volume
05-22 16:45:57.413 W/MountService(  375): getVolumeState(/mnt/extSdCard): Unknown volume
05-22 16:45:57.413 W/MountService(  375): getVolumeState(/mnt/sdcard/SD_CARD): Unknown volume
05-22 16:45:57.413 W/MountService(  375): getVolumeState(/mnt/sdcard/extra_sd): Unknown volume
05-22 16:45:57.413 W/MountService(  375): getVolumeState(/mnt/extrasd_bind): Unknown volume
05-22 16:45:57.413 W/MountService(  375): getVolumeState(/mnt/sdcard/ext_sd): Unknown volume
05-22 16:45:57.421 W/MountService(  375): getVolumeState(/storage/extSdCard): Unknown volume
05-22 16:45:57.421 W/MountService(  375): getVolumeState(/storage/sdcard1): Unknown volume
05-22 16:45:57.421 W/MountService(  375): getVolumeState(/mnt/sdcard/external_SD): Unknown volume
05-22 16:45:57.421 W/MountService(  375): getVolumeState(/mnt/sdcard/external_sd): Unknown volume
05-22 16:46:17.343 I/ActivityManager(  375): Start proc com.pekall.emdm.launcher:remote for service com.pekall.emdm.launcher/com.baidu.location.f: pid=7034 uid=10066 gids={50066, 1015, 3002, 3001, 3003, 1028}
05-22 16:46:17.843 D/ActivityThread( 7034): Loading provider com.pekall.semail.provider;com.pekall.semail.notifier: com.pekall.semail.provider.EmailProvider
05-22 16:46:17.882 D/ActivityThread( 7034): Loading provider com.pekall.semail.provider;com.pekall.semail.notifier: com.pekall.semail.provider.EmailProvider
05-22 16:46:19.187 W/ActivityManager(  375): Unable to start service Intent { cmp=com.pekall.emdm.launcher/com.pekall.semail.service.AttachmentDownloadService } U=0: not found
05-22 16:46:37.390 W/ActivityManager(  375): Timeout executing service: ServiceRecord{428ef990 u0 com.pekall.emdm.launcher/com.baidu.location.f}
05-22 16:46:41.734 E/ActivityManager(  375): ANR in com.pekall.emdm.launcher:remote
05-22 16:46:41.734 E/ActivityManager(  375): Reason: Executing service com.pekall.emdm.launcher/com.baidu.location.f
05-22 16:46:41.734 E/ActivityManager(  375): Load: 2.25 / 1.49 / 1.28
05-22 16:46:41.734 E/ActivityManager(  375): CPU usage from 32390ms to 0ms ago:
05-22 16:46:41.734 E/ActivityManager(  375):   99% 3216/com.pekall.emdm.launcher: 99% user + 0% kernel / faults: 314 minor
05-22 16:46:41.734 E/ActivityManager(  375):   0.2% 375/system_server: 0.1% user + 0% kernel / faults: 10 minor
05-22 16:46:41.734 E/ActivityManager(  375):   0.2% 6916/com.qihoo.appstore: 0.1% user + 0% kernel / faults: 30 minor
05-22 16:46:41.734 E/ActivityManager(  375):   0% 450/com.android.systemui: 0% user + 0% kernel / faults: 8 minor
05-22 16:46:41.734 E/ActivityManager(  375):   0% 5537/kworker/1:1: 0% user + 0% kernel
05-22 16:46:41.734 E/ActivityManager(  375):  +0% 7034/com.pekall.emdm.launcher:remote: 0% user + 0% kernel
05-22 16:46:41.734 E/ActivityManager(  375): 80% TOTAL: 80% user + 0.1% kernel
05-22 16:46:41.734 E/ActivityManager(  375): CPU usage from 3430ms to 3968ms later:
05-22 16:46:41.734 E/ActivityManager(  375):   98% 7034/com.pekall.emdm.launcher:remote: 98% user + 0% kernel
05-22 16:46:41.734 E/ActivityManager(  375):     98% 7047/Thread-351: 98% user + 0% kernel
05-22 16:46:41.734 E/ActivityManager(  375):   94% 3216/com.pekall.emdm.launcher: 94% user + 0% kernel
05-22 16:46:41.734 E/ActivityManager(  375):     94% 3229/Thread-183: 94% user + 0% kernel
05-22 16:46:41.734 E/ActivityManager(  375):   7.4% 375/system_server: 0% user + 7.4% kernel
05-22 16:46:41.734 E/ActivityManager(  375):     5.5% 391/ActivityManager: 0% user + 5.5% kernel
05-22 16:46:41.734 E/ActivityManager(  375):   1.4% 6916/com.qihoo.appstore: 1.4% user + 0% kernel / faults: 4 minor
05-22 16:46:41.734 E/ActivityManager(  375): 100% TOTAL: 97% user + 2.8% kernel
05-22 16:46:41.741 W/ActivityManager(  375): Killing ProcessRecord{427d8f78 7034:com.pekall.emdm.launcher:remote/u0a10066}: background ANR
05-22 16:46:41.851 I/ActivityManager(  375): Process com.pekall.emdm.launcher:remote (pid 7034) has died.
05-22 16:46:41.851 W/ActivityManager(  375): Scheduling restart of crashed service com.pekall.emdm.launcher/com.baidu.location.f in 80000ms
05-22 16:46:50.499 W/MountService(  375): getVolumeState(/storage/emulated/0/external_sd): Unknown volume
05-22 16:46:50.499 W/MountService(  375): getVolumeState(/mnt/sdcard-ext): Unknown volume
05-22 16:46:50.499 W/MountService(  375): getVolumeState(/mnt/ext_sdcard): Unknown volume
05-22 16:46:50.499 W/MountService(  375): getVolumeState(/mnt/sdcard2): Unknown volume
05-22 16:46:50.499 W/MountService(  375): getVolumeState(/mnt/emmc): Unknown volume
05-22 16:46:50.507 W/MountService(  375): getVolumeState(/mnt/extSdCard): Unknown volume
05-22 16:46:50.507 W/MountService(  375): getVolumeState(/mnt/sdcard/SD_CARD): Unknown volume
05-22 16:46:50.507 W/MountService(  375): getVolumeState(/mnt/sdcard/extra_sd): Unknown volume
05-22 16:46:50.507 W/MountService(  375): getVolumeState(/mnt/extrasd_bind): Unknown volume
05-22 16:46:50.507 W/MountService(  375): getVolumeState(/mnt/sdcard/ext_sd): Unknown volume
05-22 16:46:50.507 W/MountService(  375): getVolumeState(/storage/extSdCard): Unknown volume
05-22 16:46:50.507 W/MountService(  375): getVolumeState(/storage/sdcard1): Unknown volume
05-22 16:46:50.507 W/MountService(  375): getVolumeState(/mnt/sdcard/external_SD): Unknown volume
05-22 16:46:50.507 W/MountService(  375): getVolumeState(/mnt/sdcard/external_sd): Unknown volume
05-22 16:46:50.804 W/MountService(  375): getVolumeState(/storage/emulated/0/external_sd): Unknown volume
05-22 16:46:50.804 W/MountService(  375): getVolumeState(/mnt/sdcard-ext): Unknown volume
05-22 16:46:50.804 W/MountService(  375): getVolumeState(/mnt/ext_sdcard): Unknown volume
05-22 16:46:50.812 W/MountService(  375): getVolumeState(/mnt/sdcard2): Unknown volume
05-22 16:46:50.812 W/MountService(  375): getVolumeState(/mnt/emmc): Unknown volume
05-22 16:46:50.812 W/MountService(  375): getVolumeState(/mnt/extSdCard): Unknown volume
05-22 16:46:50.812 W/MountService(  375): getVolumeState(/mnt/sdcard/SD_CARD): Unknown volume
05-22 16:46:50.812 W/MountService(  375): getVolumeState(/mnt/sdcard/extra_sd): Unknown volume
05-22 16:46:50.812 W/MountService(  375): getVolumeState(/mnt/extrasd_bind): Unknown volume
05-22 16:46:50.812 W/MountService(  375): getVolumeState(/mnt/sdcard/ext_sd): Unknown volume
05-22 16:46:50.812 W/MountService(  375): getVolumeState(/storage/extSdCard): Unknown volume
05-22 16:46:50.812 W/MountService(  375): getVolumeState(/storage/sdcard1): Unknown volume
05-22 16:46:50.812 W/MountService(  375): getVolumeState(/mnt/sdcard/external_SD): Unknown volume
05-22 16:46:50.812 W/MountService(  375): getVolumeState(/mnt/sdcard/external_sd): Unknown volume
05-22 16:46:55.734 I/PowerManagerService(  375): Waking up from sleep...
05-22 16:46:55.765 I/WindowManager(  375): Lock screen displayed!
05-22 16:46:57.070 D/PhoneStatusBar(  450): disable: < expand icons alerts ticker system_info BACK HOME recent* CLOCK search* >
05-22 16:46:57.124 D/PhoneStatusBar(  450): disable: < expand icons alerts ticker system_info back* home* recent clock* search >
05-22 16:47:38.015 I/PowerManagerService(  375): Going to sleep due to screen timeout...
05-22 16:47:43.796 D/PhoneStatusBar(  450): disable: < expand icons alerts ticker system_info back home RECENT* clock SEARCH* >
05-22 16:47:43.906 D/PhoneStatusBar(  450): disable: < expand icons alerts ticker system_info BACK* HOME* RECENT CLOCK* SEARCH >
05-22 16:47:50.515 W/MountService(  375): getVolumeState(/storage/emulated/0/external_sd): Unknown volume
05-22 16:47:50.515 W/MountService(  375): getVolumeState(/mnt/sdcard-ext): Unknown volume
05-22 16:47:50.515 W/MountService(  375): getVolumeState(/mnt/ext_sdcard): Unknown volume
05-22 16:47:50.515 W/MountService(  375): getVolumeState(/mnt/sdcard2): Unknown volume
05-22 16:47:50.523 W/MountService(  375): getVolumeState(/mnt/emmc): Unknown volume
05-22 16:47:50.523 W/MountService(  375): getVolumeState(/mnt/extSdCard): Unknown volume
05-22 16:47:50.523 W/MountService(  375): getVolumeState(/mnt/sdcard/SD_CARD): Unknown volume
05-22 16:47:50.523 W/MountService(  375): getVolumeState(/mnt/sdcard/extra_sd): Unknown volume
05-22 16:47:50.523 W/MountService(  375): getVolumeState(/mnt/extrasd_bind): Unknown volume
05-22 16:47:50.523 W/MountService(  375): getVolumeState(/mnt/sdcard/ext_sd): Unknown volume
05-22 16:47:50.523 W/MountService(  375): getVolumeState(/storage/extSdCard): Unknown volume
05-22 16:47:50.523 W/MountService(  375): getVolumeState(/storage/sdcard1): Unknown volume
05-22 16:47:50.523 W/MountService(  375): getVolumeState(/mnt/sdcard/external_SD): Unknown volume
05-22 16:47:50.531 W/MountService(  375): getVolumeState(/mnt/sdcard/external_sd): Unknown volume
05-22 16:47:50.859 W/MountService(  375): getVolumeState(/storage/emulated/0/external_sd): Unknown volume
05-22 16:47:50.859 W/MountService(  375): getVolumeState(/mnt/sdcard-ext): Unknown volume
05-22 16:47:50.859 W/MountService(  375): getVolumeState(/mnt/ext_sdcard): Unknown volume
05-22 16:47:50.859 W/MountService(  375): getVolumeState(/mnt/sdcard2): Unknown volume
05-22 16:47:50.859 W/MountService(  375): getVolumeState(/mnt/emmc): Unknown volume
05-22 16:47:50.859 W/MountService(  375): getVolumeState(/mnt/extSdCard): Unknown volume
05-22 16:47:50.859 W/MountService(  375): getVolumeState(/mnt/sdcard/SD_CARD): Unknown volume
05-22 16:47:50.866 W/MountService(  375): getVolumeState(/mnt/sdcard/extra_sd): Unknown volume
05-22 16:47:50.866 W/MountService(  375): getVolumeState(/mnt/extrasd_bind): Unknown volume
05-22 16:47:50.866 W/MountService(  375): getVolumeState(/mnt/sdcard/ext_sd): Unknown volume
05-22 16:47:50.866 W/MountService(  375): getVolumeState(/storage/extSdCard): Unknown volume
05-22 16:47:50.874 W/MountService(  375): getVolumeState(/storage/sdcard1): Unknown volume
05-22 16:47:50.874 W/MountService(  375): getVolumeState(/mnt/sdcard/external_SD): Unknown volume
05-22 16:47:50.874 W/MountService(  375): getVolumeState(/mnt/sdcard/external_sd): Unknown volume
05-22 16:48:01.882 I/ActivityManager(  375): Start proc com.pekall.emdm.launcher:remote for service com.pekall.emdm.launcher/com.baidu.location.f: pid=7086 uid=10066 gids={50066, 1015, 3002, 3001, 3003, 1028}
05-22 16:48:02.265 D/ActivityThread( 7086): Loading provider com.pekall.semail.provider;com.pekall.semail.notifier: com.pekall.semail.provider.EmailProvider
05-22 16:48:02.460 D/ActivityThread( 7086): Loading provider com.pekall.semail.provider;com.pekall.semail.notifier: com.pekall.semail.provider.EmailProvider
05-22 16:48:07.171 W/ActivityManager(  375): Unable to start service Intent { cmp=com.pekall.emdm.launcher/com.pekall.semail.service.AttachmentDownloadService } U=0: not found
05-22 16:48:21.906 W/ActivityManager(  375): Timeout executing service: ServiceRecord{428ef990 u0 com.pekall.emdm.launcher/com.baidu.location.f}
05-22 16:48:26.304 E/ActivityManager(  375): ANR in com.pekall.emdm.launcher:remote
05-22 16:48:26.304 E/ActivityManager(  375): Reason: Executing service com.pekall.emdm.launcher/com.baidu.location.f
05-22 16:48:26.304 E/ActivityManager(  375): Load: 1.91 / 1.55 / 1.32
05-22 16:48:26.304 E/ActivityManager(  375): CPU usage from 8152ms to 0ms ago:
05-22 16:48:26.304 E/ActivityManager(  375):   99% 7086/com.pekall.emdm.launcher:remote: 99% user + 0% kernel
05-22 16:48:26.304 E/ActivityManager(  375):   99% 3216/com.pekall.emdm.launcher: 99% user + 0% kernel
05-22 16:48:26.304 E/ActivityManager(  375):   0.2% 375/system_server: 0.1% user + 0.1% kernel / faults: 1 minor
05-22 16:48:26.304 E/ActivityManager(  375):   0% 450/com.android.systemui: 0% user + 0% kernel / faults: 2 minor
05-22 16:48:26.304 E/ActivityManager(  375):   0% 580/com.android.phone: 0% user + 0% kernel
05-22 16:48:26.304 E/ActivityManager(  375):   0% 6512/com.google.android.apps.maps:GoogleLocationService: 0% user + 0% kernel / faults: 6 minor
05-22 16:48:26.304 E/ActivityManager(  375):   0.1% 6916/com.qihoo.appstore: 0.1% user + 0% kernel / faults: 2 minor
05-22 16:48:26.304 E/ActivityManager(  375): 100% TOTAL: 99% user + 0% kernel
05-22 16:48:26.304 E/ActivityManager(  375): CPU usage from 3600ms to 4135ms later:
05-22 16:48:26.304 E/ActivityManager(  375):   98% 7086/com.pekall.emdm.launcher:remote: 98% user + 0% kernel
05-22 16:48:26.304 E/ActivityManager(  375):     101% 7099/Thread-354: 101% user + 0% kernel
05-22 16:48:26.304 E/ActivityManager(  375):   94% 3216/com.pekall.emdm.launcher: 94% user + 0% kernel
05-22 16:48:26.304 E/ActivityManager(  375):     96% 3229/Thread-183: 96% user + 0% kernel
05-22 16:48:26.304 E/ActivityManager(  375):   7.4% 375/system_server: 0% user + 7.4% kernel
05-22 16:48:26.304 E/ActivityManager(  375):     7.4% 391/ActivityManager: 0% user + 7.4% kernel
05-22 16:48:26.304 E/ActivityManager(  375): 100% TOTAL: 97% user + 2.8% kernel
05-22 16:48:26.312 W/ActivityManager(  375): Killing ProcessRecord{426d4f90 7086:com.pekall.emdm.launcher:remote/u0a10066}: background ANR
05-22 16:48:26.445 I/ActivityManager(  375): Process com.pekall.emdm.launcher:remote (pid 7086) has died.
05-22 16:48:26.445 W/ActivityManager(  375): Scheduling restart of crashed service com.pekall.emdm.launcher/com.baidu.location.f in 320000ms
05-22 16:48:50.523 W/MountService(  375): getVolumeState(/storage/emulated/0/external_sd): Unknown volume
05-22 16:48:50.523 W/MountService(  375): getVolumeState(/mnt/sdcard-ext): Unknown volume
05-22 16:48:50.523 W/MountService(  375): getVolumeState(/mnt/ext_sdcard): Unknown volume
05-22 16:48:50.523 W/MountService(  375): getVolumeState(/mnt/sdcard2): Unknown volume
05-22 16:48:50.523 W/MountService(  375): getVolumeState(/mnt/emmc): Unknown volume
05-22 16:48:50.531 W/MountService(  375): getVolumeState(/mnt/extSdCard): Unknown volume
05-22 16:48:50.531 W/MountService(  375): getVolumeState(/mnt/sdcard/SD_CARD): Unknown volume
05-22 16:48:50.531 W/MountService(  375): getVolumeState(/mnt/sdcard/extra_sd): Unknown volume
05-22 16:48:50.531 W/MountService(  375): getVolumeState(/mnt/extrasd_bind): Unknown volume
05-22 16:48:50.531 W/MountService(  375): getVolumeState(/mnt/sdcard/ext_sd): Unknown volume
05-22 16:48:50.531 W/MountService(  375): getVolumeState(/storage/extSdCard): Unknown volume
05-22 16:48:50.531 W/MountService(  375): getVolumeState(/storage/sdcard1): Unknown volume
05-22 16:48:50.531 W/MountService(  375): getVolumeState(/mnt/sdcard/external_SD): Unknown volume
05-22 16:48:50.531 W/MountService(  375): getVolumeState(/mnt/sdcard/external_sd): Unknown volume
05-22 16:48:50.835 W/MountService(  375): getVolumeState(/storage/emulated/0/external_sd): Unknown volume
05-22 16:48:50.835 W/MountService(  375): getVolumeState(/mnt/sdcard-ext): Unknown volume
05-22 16:48:50.835 W/MountService(  375): getVolumeState(/mnt/ext_sdcard): Unknown volume
05-22 16:48:50.835 W/MountService(  375): getVolumeState(/mnt/sdcard2): Unknown volume
05-22 16:48:50.835 W/MountService(  375): getVolumeState(/mnt/emmc): Unknown volume
05-22 16:48:50.835 W/MountService(  375): getVolumeState(/mnt/extSdCard): Unknown volume
05-22 16:48:50.835 W/MountService(  375): getVolumeState(/mnt/sdcard/SD_CARD): Unknown volume
05-22 16:48:50.843 W/MountService(  375): getVolumeState(/mnt/sdcard/extra_sd): Unknown volume
05-22 16:48:50.843 W/MountService(  375): getVolumeState(/mnt/extrasd_bind): Unknown volume
05-22 16:48:50.843 W/MountService(  375): getVolumeState(/mnt/sdcard/ext_sd): Unknown volume
05-22 16:48:50.843 W/MountService(  375): getVolumeState(/storage/extSdCard): Unknown volume
05-22 16:48:50.843 W/MountService(  375): getVolumeState(/storage/sdcard1): Unknown volume
05-22 16:48:50.843 W/MountService(  375): getVolumeState(/mnt/sdcard/external_SD): Unknown volume
05-22 16:48:50.843 W/MountService(  375): getVolumeState(/mnt/sdcard/external_sd): Unknown volume
05-22 16:49:50.531 W/MountService(  375): getVolumeState(/storage/emulated/0/external_sd): Unknown volume
05-22 16:49:50.531 W/MountService(  375): getVolumeState(/mnt/sdcard-ext): Unknown volume
05-22 16:49:50.531 W/MountService(  375): getVolumeState(/mnt/ext_sdcard): Unknown volume
05-22 16:49:50.531 W/MountService(  375): getVolumeState(/mnt/sdcard2): Unknown volume
05-22 16:49:50.531 W/MountService(  375): getVolumeState(/mnt/emmc): Unknown volume
05-22 16:49:50.531 W/MountService(  375): getVolumeState(/mnt/extSdCard): Unknown volume
05-22 16:49:50.531 W/MountService(  375): getVolumeState(/mnt/sdcard/SD_CARD): Unknown volume
05-22 16:49:50.538 W/MountService(  375): getVolumeState(/mnt/sdcard/extra_sd): Unknown volume
05-22 16:49:50.538 W/MountService(  375): getVolumeState(/mnt/extrasd_bind): Unknown volume
05-22 16:49:50.538 W/MountService(  375): getVolumeState(/mnt/sdcard/ext_sd): Unknown volume
05-22 16:49:50.538 W/MountService(  375): getVolumeState(/storage/extSdCard): Unknown volume
05-22 16:49:50.538 W/MountService(  375): getVolumeState(/storage/sdcard1): Unknown volume
05-22 16:49:50.538 W/MountService(  375): getVolumeState(/mnt/sdcard/external_SD): Unknown volume
05-22 16:49:50.538 W/MountService(  375): getVolumeState(/mnt/sdcard/external_sd): Unknown volume
05-22 16:49:50.882 W/MountService(  375): getVolumeState(/storage/emulated/0/external_sd): Unknown volume
05-22 16:49:50.882 W/MountService(  375): getVolumeState(/mnt/sdcard-ext): Unknown volume
05-22 16:49:50.882 W/MountService(  375): getVolumeState(/mnt/ext_sdcard): Unknown volume
05-22 16:49:50.882 W/MountService(  375): getVolumeState(/mnt/sdcard2): Unknown volume
05-22 16:49:50.882 W/MountService(  375): getVolumeState(/mnt/emmc): Unknown volume
05-22 16:49:50.890 W/MountService(  375): getVolumeState(/mnt/extSdCard): Unknown volume
05-22 16:49:50.890 W/MountService(  375): getVolumeState(/mnt/sdcard/SD_CARD): Unknown volume
05-22 16:49:50.890 W/MountService(  375): getVolumeState(/mnt/sdcard/extra_sd): Unknown volume
05-22 16:49:50.890 W/MountService(  375): getVolumeState(/mnt/extrasd_bind): Unknown volume
05-22 16:49:50.890 W/MountService(  375): getVolumeState(/mnt/sdcard/ext_sd): Unknown volume
05-22 16:49:50.890 W/MountService(  375): getVolumeState(/storage/extSdCard): Unknown volume
05-22 16:49:50.890 W/MountService(  375): getVolumeState(/storage/sdcard1): Unknown volume
05-22 16:49:50.890 W/MountService(  375): getVolumeState(/mnt/sdcard/external_SD): Unknown volume
05-22 16:49:50.890 W/MountService(  375): getVolumeState(/mnt/sdcard/external_sd): Unknown volume
05-22 16:50:43.999 I/PowerManagerService(  375): Waking up from sleep...
05-22 16:50:44.054 I/WindowManager(  375): Lock screen displayed!
--------- beginning of /dev/log/main
05-22 16:50:44.304 W/Parcel  (  802): Attempt to read object from Parcel 0x5f747dac at offset 200 that is not in the object list
05-22 16:50:44.359 D/PowerManagerService-JNI(  375): Excessive delay in autosuspend_disable() while turning screen on: 347ms
05-22 16:50:44.359 D/SurfaceFlinger(  124): Screen acquired, type=0 flinger=0x4188b478
05-22 16:50:44.437 D/LightsService(  375): Excessive delay setting light: 84ms
05-22 16:50:44.507 D/LightsService(  375): Excessive delay setting light: 67ms
05-22 16:50:45.249 D/PhoneStatusBar(  450): disable: < expand icons alerts ticker system_info BACK HOME recent* CLOCK search* >
05-22 16:50:45.257 V/WiseDownloadConditionControler( 5626): checkCondition  type : WISE_DOWNLOAD  inerrupting: true
05-22 16:50:45.265 D/NfcService(  587): NFC-C ON
05-22 16:50:45.273 I/uninstall( 5626): SelfUninstallManager -> initUninstallTask
05-22 16:50:45.273 I/uninstall( 5626): initUninstallTask init is running, return
05-22 16:50:45.288 W/Parcel  (  802): Attempt to read object from Parcel 0x5e0dfdac at offset 200 that is not in the object list
05-22 16:50:45.327 D/PhoneStatusBar(  450): disable: < expand icons alerts ticker system_info back* home* recent clock* search >
05-22 16:50:45.351 D/dalvikvm( 6184): GC_CONCURRENT freed 409K, 6% free 9379K/9884K, paused 3ms+14ms, total 37ms
05-22 16:50:45.476 I/RootJni ( 7132): su: permission denied
05-22 16:50:45.609 V/WiseDownloadConditionControler( 5626): checkCondition  type : WISE_DOWNLOAD  inerrupting: true
05-22 16:50:45.609 W/Parcel  (  802): Attempt to read object from Parcel 0x5f747dac at offset 200 that is not in the object list
05-22 16:50:45.757 V/TAG     (  375): bug 7643792: fitSystemWindows([0,50][0,0])
05-22 16:50:50.546 W/MountService(  375): getVolumeState(/storage/emulated/0/external_sd): Unknown volume
05-22 16:50:50.546 W/MountService(  375): getVolumeState(/mnt/sdcard-ext): Unknown volume
05-22 16:50:50.546 W/MountService(  375): getVolumeState(/mnt/ext_sdcard): Unknown volume
05-22 16:50:50.546 W/MountService(  375): getVolumeState(/mnt/sdcard2): Unknown volume
05-22 16:50:50.546 W/MountService(  375): getVolumeState(/mnt/emmc): Unknown volume
05-22 16:50:50.546 W/MountService(  375): getVolumeState(/mnt/extSdCard): Unknown volume
05-22 16:50:50.546 W/MountService(  375): getVolumeState(/mnt/sdcard/SD_CARD): Unknown volume
05-22 16:50:50.546 W/MountService(  375): getVolumeState(/mnt/sdcard/extra_sd): Unknown volume
05-22 16:50:50.554 W/MountService(  375): getVolumeState(/mnt/extrasd_bind): Unknown volume
05-22 16:50:50.554 W/MountService(  375): getVolumeState(/mnt/sdcard/ext_sd): Unknown volume
05-22 16:50:50.554 W/MountService(  375): getVolumeState(/storage/extSdCard): Unknown volume
05-22 16:50:50.554 W/MountService(  375): getVolumeState(/storage/sdcard1): Unknown volume
05-22 16:50:50.554 W/MountService(  375): getVolumeState(/mnt/sdcard/external_SD): Unknown volume
05-22 16:50:50.554 W/MountService(  375): getVolumeState(/mnt/sdcard/external_sd): Unknown volume
05-22 16:50:50.609 D/dalvikvm( 1693): GC_CONCURRENT freed 401K, 20% free 9506K/11796K, paused 2ms+4ms, total 20ms
05-22 16:50:50.773 W/MountService(  375): getVolumeState(/storage/emulated/0/external_sd): Unknown volume
05-22 16:50:50.773 W/MountService(  375): getVolumeState(/mnt/sdcard-ext): Unknown volume
05-22 16:50:50.773 W/MountService(  375): getVolumeState(/mnt/ext_sdcard): Unknown volume
05-22 16:50:50.773 W/MountService(  375): getVolumeState(/mnt/sdcard2): Unknown volume
05-22 16:50:50.773 W/MountService(  375): getVolumeState(/mnt/emmc): Unknown volume
05-22 16:50:50.773 W/MountService(  375): getVolumeState(/mnt/extSdCard): Unknown volume
05-22 16:50:50.773 W/MountService(  375): getVolumeState(/mnt/sdcard/SD_CARD): Unknown volume
05-22 16:50:50.781 W/MountService(  375): getVolumeState(/mnt/sdcard/extra_sd): Unknown volume
05-22 16:50:50.781 W/MountService(  375): getVolumeState(/mnt/extrasd_bind): Unknown volume
05-22 16:50:50.781 W/MountService(  375): getVolumeState(/mnt/sdcard/ext_sd): Unknown volume
05-22 16:50:50.781 W/MountService(  375): getVolumeState(/storage/extSdCard): Unknown volume
05-22 16:50:50.781 W/MountService(  375): getVolumeState(/storage/sdcard1): Unknown volume
05-22 16:50:50.781 W/MountService(  375): getVolumeState(/mnt/sdcard/external_SD): Unknown volume
05-22 16:50:50.781 W/MountService(  375): getVolumeState(/mnt/sdcard/external_sd): Unknown volume
05-22 16:50:50.788 D/dalvikvm( 1693): GC_CONCURRENT freed 491K, 20% free 9516K/11796K, paused 3ms+2ms, total 25ms
05-22 16:50:50.788 D/dalvikvm( 1693): WAIT_FOR_CONCURRENT_GC blocked 5ms
05-22 16:50:53.648 D/AndroidRuntime( 7143): 
05-22 16:50:53.648 D/AndroidRuntime( 7143): >>>>>> AndroidRuntime START com.android.internal.os.RuntimeInit <<<<<<
05-22 16:50:53.648 D/AndroidRuntime( 7143): CheckJNI is OFF
05-22 16:50:53.656 D/dalvikvm( 7143): Trying to load lib libjavacore.so 0x0
05-22 16:50:53.663 D/dalvikvm( 7143): Added shared lib libjavacore.so 0x0
05-22 16:50:53.671 D/dalvikvm( 7143): Trying to load lib libnativehelper.so 0x0
05-22 16:50:53.671 D/dalvikvm( 7143): Added shared lib libnativehelper.so 0x0
05-22 16:50:53.695 I/dalvikvm( 7143): DexOpt: source file mod time mismatch (44b67418 vs 44b68654)
05-22 16:50:53.695 D/dalvikvm( 7143): ODEX file is stale or bad; removing and retrying (/data/local/tmp/dalvik-cache/data@local@tmp@MDMMobileTest.jar@classes.dex)
05-22 16:50:53.695 D/dalvikvm( 7143): DexOpt: --- BEGIN 'MDMMobileTest.jar' (bootstrap=0) ---
05-22 16:50:53.749 D/dalvikvm( 7144): DexOpt: load 7ms, verify+opt 4ms, 120924 bytes
05-22 16:50:53.773 D/dalvikvm( 7143): DexOpt: --- END 'MDMMobileTest.jar' (success) ---
05-22 16:50:53.773 D/dalvikvm( 7143): DEX prep '/data/local/tmp/MDMMobileTest.jar': unzip in 1ms, rewrite 76ms
05-22 16:50:53.937 D/AndroidRuntime( 7143): Calling main entry com.android.commands.uiautomator.Launcher
05-22 16:50:53.984 D/dalvikvm( 7143): Note: class Landroid/app/ActivityManagerNative; has 163 unimplemented (abstract) methods
05-22 16:50:54.491 W/ResourceType( 1150): No known package when getting name for resource number 0x9c020000
05-22 16:50:54.491 W/ResourceType( 1150): No known package when getting name for resource number 0x9c020300
05-22 16:50:54.491 W/ResourceType( 1150): No known package when getting name for resource number 0x9c020001
05-22 16:50:54.491 W/ResourceType( 1150): No known package when getting name for resource number 0x9c020100
05-22 16:50:54.491 W/ResourceType( 1150): No known package when getting name for resource number 0x9c020003
05-22 16:50:54.491 W/ResourceType( 1150): No known package when getting name for resource number 0x9c020303
05-22 16:50:54.491 W/ResourceType( 1150): No known package when getting name for resource number 0x9c010002
05-22 16:50:54.499 W/ResourceType( 1150): No known package when getting name for resource number 0x9c030103
05-22 16:50:54.499 W/ResourceType( 1150): No known package when getting name for resource number 0x9c030203
05-22 16:50:54.515 W/ResourceType( 1150): No known package when getting name for resource number 0x9b000000
05-22 16:50:54.515 W/ResourceType( 1150): No known package when getting name for resource number 0x9b010100
05-22 16:50:54.515 W/ResourceType( 1150): No known package when getting name for resource number 0x9b030300
05-22 16:50:54.515 W/ResourceType( 1150): No known package when getting name for resource number 0x9b040400
05-22 16:50:54.523 W/ResourceType( 1150): No known package when getting name for resource number 0x9c020000
05-22 16:50:54.523 W/ResourceType( 1150): No known package when getting name for resource number 0x9c020300
05-22 16:50:54.523 W/ResourceType( 1150): No known package when getting name for resource number 0x9c020001
05-22 16:50:54.523 W/ResourceType( 1150): No known package when getting name for resource number 0x9c020100
05-22 16:50:54.523 W/ResourceType( 1150): No known package when getting name for resource number 0x9c020003
05-22 16:50:54.523 W/ResourceType( 1150): No known package when getting name for resource number 0x9c020303
05-22 16:50:54.523 W/ResourceType( 1150): No known package when getting name for resource number 0x9c010002
05-22 16:50:54.531 W/ResourceType( 1150): No known package when getting name for resource number 0x9c030103
05-22 16:50:54.531 W/ResourceType( 1150): No known package when getting name for resource number 0x9c030203
05-22 16:50:54.554 W/ResourceType( 1150): No known package when getting name for resource number 0x9c020000
05-22 16:50:54.554 W/ResourceType( 1150): No known package when getting name for resource number 0x9c020300
05-22 16:50:54.554 W/ResourceType( 1150): No known package when getting name for resource number 0x9c020001
05-22 16:50:54.554 W/ResourceType( 1150): No known package when getting name for resource number 0x9c020100
05-22 16:50:54.554 W/ResourceType( 1150): No known package when getting name for resource number 0x9c020003
05-22 16:50:54.554 W/ResourceType( 1150): No known package when getting name for resource number 0x9c020303
05-22 16:50:54.562 W/ResourceType( 1150): No known package when getting name for resource number 0x9c010002
05-22 16:50:54.570 W/ResourceType( 1150): No known package when getting name for resource number 0x9c030103
05-22 16:50:54.570 W/ResourceType( 1150): No known package when getting name for resource number 0x9c030203
05-22 16:50:54.601 W/ResourceType( 1150): No known package when getting name for resource number 0x9c020000
05-22 16:50:54.601 W/ResourceType( 1150): No known package when getting name for resource number 0x9c020300
05-22 16:50:54.601 W/ResourceType( 1150): No known package when getting name for resource number 0x9c020001
05-22 16:50:54.601 W/ResourceType( 1150): No known package when getting name for resource number 0x9c020100
05-22 16:50:54.601 W/ResourceType( 1150): No known package when getting name for resource number 0x9c020003
05-22 16:50:54.601 W/ResourceType( 1150): No known package when getting name for resource number 0x9c020303
05-22 16:50:54.601 W/ResourceType( 1150): No known package when getting name for resource number 0x9c010002
05-22 16:50:54.609 W/ResourceType( 1150): No known package when getting name for resource number 0x9c030103
05-22 16:50:54.609 W/ResourceType( 1150): No known package when getting name for resource number 0x9c030203
05-22 16:50:54.632 W/ResourceType( 1150): No known package when getting name for resource number 0x9c020000
05-22 16:50:54.632 W/ResourceType( 1150): No known package when getting name for resource number 0x9c020300
05-22 16:50:54.632 W/ResourceType( 1150): No known package when getting name for resource number 0x9c020001
05-22 16:50:54.632 W/ResourceType( 1150): No known package when getting name for resource number 0x9c020100
05-22 16:50:54.632 W/ResourceType( 1150): No known package when getting name for resource number 0x9c020003
05-22 16:50:54.632 W/ResourceType( 1150): No known package when getting name for resource number 0x9c020303
05-22 16:50:54.632 W/ResourceType( 1150): No known package when getting name for resource number 0x9c010002
05-22 16:50:54.640 W/ResourceType( 1150): No known package when getting name for resource number 0x9c030103
05-22 16:50:54.640 W/ResourceType( 1150): No known package when getting name for resource number 0x9c030203
05-22 16:50:54.656 W/ResourceType( 1150): No known package when getting name for resource number 0x9c020000
05-22 16:50:54.656 W/ResourceType( 1150): No known package when getting name for resource number 0x9c020300
05-22 16:50:54.656 W/ResourceType( 1150): No known package when getting name for resource number 0x9c020001
05-22 16:50:54.656 W/ResourceType( 1150): No known package when getting name for resource number 0x9c020100
05-22 16:50:54.656 W/ResourceType( 1150): No known package when getting name for resource number 0x9c020003
05-22 16:50:54.656 W/ResourceType( 1150): No known package when getting name for resource number 0x9c020303
05-22 16:50:54.656 W/ResourceType( 1150): No known package when getting name for resource number 0x9c010002
05-22 16:50:54.663 W/ResourceType( 1150): No known package when getting name for resource number 0x9c030103
05-22 16:50:54.663 W/ResourceType( 1150): No known package when getting name for resource number 0x9c030203
05-22 16:50:54.679 W/ResourceType( 1150): No known package when getting name for resource number 0x9c020000
05-22 16:50:54.679 W/ResourceType( 1150): No known package when getting name for resource number 0x9c020300
05-22 16:50:54.679 W/ResourceType( 1150): No known package when getting name for resource number 0x9c020001
05-22 16:50:54.679 W/ResourceType( 1150): No known package when getting name for resource number 0x9c020100
05-22 16:50:54.679 W/ResourceType( 1150): No known package when getting name for resource number 0x9c020003
05-22 16:50:54.679 W/ResourceType( 1150): No known package when getting name for resource number 0x9c020303
05-22 16:50:54.679 W/ResourceType( 1150): No known package when getting name for resource number 0x9c010002
05-22 16:50:54.687 W/ResourceType( 1150): No known package when getting name for resource number 0x9c030103
05-22 16:50:54.687 W/ResourceType( 1150): No known package when getting name for resource number 0x9c030203
05-22 16:50:54.702 W/ResourceType( 1150): No known package when getting name for resource number 0x9c020000
05-22 16:50:54.702 W/ResourceType( 1150): No known package when getting name for resource number 0x9c020300
05-22 16:50:54.702 W/ResourceType( 1150): No known package when getting name for resource number 0x9c020001
05-22 16:50:54.702 W/ResourceType( 1150): No known package when getting name for resource number 0x9c020100
05-22 16:50:54.702 W/ResourceType( 1150): No known package when getting name for resource number 0x9c020003
05-22 16:50:54.702 W/ResourceType( 1150): No known package when getting name for resource number 0x9c020303
05-22 16:50:54.702 W/ResourceType( 1150): No known package when getting name for resource number 0x9c010002
05-22 16:50:54.710 W/ResourceType( 1150): No known package when getting name for resource number 0x9c030103
05-22 16:50:54.710 W/ResourceType( 1150): No known package when getting name for resource number 0x9c030203
05-22 16:50:54.718 I/QueryController( 7143): Matched selector: UiSelector[PACKAGE NAME=com.android.launcher] <<==>> [android.view.accessibility.AccessibilityNodeInfo@74f7; boundsInParent: Rect(0, 0 - 720, 1184); boundsInScreen: Rect(0, 0 - 720, 1184); packageName: com.android.launcher; className: android.widget.FrameLayout; text: null; contentDescription: null; viewIdResName: null; checkable: false; checked: false; focusable: false; focused: false; selected: false; clickable: false; longClickable: false; enabled: true; password: false; scrollable: false; [ACTION_SELECT, ACTION_CLEAR_SELECTION, ACTION_ACCESSIBILITY_FOCUS]]
05-22 16:50:54.718 W/ResourceType( 1150): No known package when getting name for resource number 0x9c020000
05-22 16:50:54.726 W/ResourceType( 1150): No known package when getting name for resource number 0x9c020300
05-22 16:50:54.726 W/ResourceType( 1150): No known package when getting name for resource number 0x9c020001
05-22 16:50:54.726 W/ResourceType( 1150): No known package when getting name for resource number 0x9c020100
05-22 16:50:54.726 W/ResourceType( 1150): No known package when getting name for resource number 0x9c020003
05-22 16:50:54.726 W/ResourceType( 1150): No known package when getting name for resource number 0x9c020303
05-22 16:50:54.726 W/ResourceType( 1150): No known package when getting name for resource number 0x9c010002
05-22 16:50:54.734 W/ResourceType( 1150): No known package when getting name for resource number 0x9c030103
05-22 16:50:54.734 W/ResourceType( 1150): No known package when getting name for resource number 0x9c030203
05-22 16:50:54.741 I/QueryController( 7143): Matched selector: UiSelector[DESCRIPTION=Apps, PACKAGE NAME=com.android.launcher] <<==>> [android.view.accessibility.AccessibilityNodeInfo@14eb1; boundsInParent: Rect(524232, 0 - 524360, 128); boundsInScreen: Rect(296, 1040 - 424, 1168); packageName: com.android.launcher; className: android.widget.TextView; text: null; contentDescription: Apps; viewIdResName: null; checkable: false; checked: false; focusable: true; focused: false; selected: false; clickable: true; longClickable: false; enabled: true; password: false; scrollable: false; [ACTION_FOCUS, ACTION_SELECT, ACTION_CLEAR_SELECTION, ACTION_CLICK, ACTION_ACCESSIBILITY_FOCUS]]
05-22 16:50:54.741 W/ResourceType( 1150): No known package when getting name for resource number 0x9c020000
05-22 16:50:54.741 W/ResourceType( 1150): No known package when getting name for resource number 0x9c020300
05-22 16:50:54.741 W/ResourceType( 1150): No known package when getting name for resource number 0x9c020001
05-22 16:50:54.741 W/ResourceType( 1150): No known package when getting name for resource number 0x9c020100
05-22 16:50:54.741 W/ResourceType( 1150): No known package when getting name for resource number 0x9c020003
05-22 16:50:54.741 W/ResourceType( 1150): No known package when getting name for resource number 0x9c020303
05-22 16:50:54.749 W/ResourceType( 1150): No known package when getting name for resource number 0x9c010002
05-22 16:50:54.749 W/ResourceType( 1150): No known package when getting name for resource number 0x9c030103
05-22 16:50:54.749 W/ResourceType( 1150): No known package when getting name for resource number 0x9c030203
05-22 16:50:54.757 I/QueryController( 7143): Matched selector: UiSelector[DESCRIPTION=Apps, PACKAGE NAME=com.android.launcher] <<==>> [android.view.accessibility.AccessibilityNodeInfo@14eb1; boundsInParent: Rect(524232, 0 - 524360, 128); boundsInScreen: Rect(296, 1040 - 424, 1168); packageName: com.android.launcher; className: android.widget.TextView; text: null; contentDescription: Apps; viewIdResName: null; checkable: false; checked: false; focusable: true; focused: false; selected: false; clickable: true; longClickable: false; enabled: true; password: false; scrollable: false; [ACTION_FOCUS, ACTION_SELECT, ACTION_CLEAR_SELECTION, ACTION_CLICK, ACTION_ACCESSIBILITY_FOCUS]]
05-22 16:50:54.765 D/InteractionController( 7143): clickAndWaitForNewWindow(360, 1104)
05-22 16:50:55.609 D/dalvikvm( 1150): GC_CONCURRENT freed 5522K, 25% free 17171K/22728K, paused 4ms+11ms, total 50ms
05-22 16:50:55.624 I/QueryController( 7143): Matched selector: UiSelector[TEXT=Apps, CLASS=android.widget.TextView, PACKAGE NAME=com.android.launcher] <<==>> [android.view.accessibility.AccessibilityNodeInfo@1ec5b; boundsInParent: Rect(524257, 0 - 524399, 104); boundsInScreen: Rect(0, 50 - 142, 154); packageName: com.android.launcher; className: android.widget.TextView; text: Apps; contentDescription: Apps; viewIdResName: null; checkable: false; checked: false; focusable: true; focused: false; selected: true; clickable: true; longClickable: false; enabled: true; password: false; scrollable: false; [ACTION_FOCUS, ACTION_SELECT, ACTION_CLEAR_SELECTION, ACTION_CLICK, ACTION_ACCESSIBILITY_FOCUS, ACTION_NEXT_AT_MOVEMENT_GRANULARITY, ACTION_PREVIOUS_AT_MOVEMENT_GRANULARITY, ACTION_SET_SELECTION]]
05-22 16:50:55.695 I/QueryController( 7143): Matched selector: UiSelector[TEXT=Apps, CLASS=android.widget.TextView, PACKAGE NAME=com.android.launcher] <<==>> [android.view.accessibility.AccessibilityNodeInfo@1ec5b; boundsInParent: Rect(524257, 0 - 524399, 104); boundsInScreen: Rect(0, 50 - 142, 154); packageName: com.android.launcher; className: android.widget.TextView; text: Apps; contentDescription: Apps; viewIdResName: null; checkable: false; checked: false; focusable: true; focused: false; selected: true; clickable: true; longClickable: false; enabled: true; password: false; scrollable: false; [ACTION_FOCUS, ACTION_SELECT, ACTION_CLEAR_SELECTION, ACTION_CLICK, ACTION_ACCESSIBILITY_FOCUS, ACTION_NEXT_AT_MOVEMENT_GRANULARITY, ACTION_PREVIOUS_AT_MOVEMENT_GRANULARITY, ACTION_SET_SELECTION]]
05-22 16:50:55.695 D/UiObject( 7143): getText() = Apps
05-22 16:50:56.171 I/QueryController( 7143): Matched selector: UiSelector[TEXT=Apps, CLASS=android.widget.TextView, PACKAGE NAME=com.android.launcher] <<==>> [android.view.accessibility.AccessibilityNodeInfo@1ec5b; boundsInParent: Rect(524257, 0 - 524399, 104); boundsInScreen: Rect(0, 50 - 142, 154); packageName: com.android.launcher; className: android.widget.TextView; text: Apps; contentDescription: Apps; viewIdResName: null; checkable: false; checked: false; focusable: true; focused: false; selected: true; clickable: true; longClickable: false; enabled: true; password: false; scrollable: false; [ACTION_FOCUS, ACTION_SELECT, ACTION_CLEAR_SELECTION, ACTION_CLICK, ACTION_ACCESSIBILITY_FOCUS, ACTION_NEXT_AT_MOVEMENT_GRANULARITY, ACTION_PREVIOUS_AT_MOVEMENT_GRANULARITY, ACTION_SET_SELECTION]]
05-22 16:50:56.187 I/QueryController( 7143): Matched selector: UiSelector[TEXT=Apps, CLASS=android.widget.TextView, PACKAGE NAME=com.android.launcher] <<==>> [android.view.accessibility.AccessibilityNodeInfo@1ec5b; boundsInParent: Rect(524257, 0 - 524399, 104); boundsInScreen: Rect(0, 50 - 142, 154); packageName: com.android.launcher; className: android.widget.TextView; text: Apps; contentDescription: Apps; viewIdResName: null; checkable: false; checked: false; focusable: true; focused: false; selected: true; clickable: true; longClickable: false; enabled: true; password: false; scrollable: false; [ACTION_FOCUS, ACTION_SELECT, ACTION_CLEAR_SELECTION, ACTION_CLICK, ACTION_ACCESSIBILITY_FOCUS, ACTION_NEXT_AT_MOVEMENT_GRANULARITY, ACTION_PREVIOUS_AT_MOVEMENT_GRANULARITY, ACTION_SET_SELECTION]]
05-22 16:50:56.187 D/InteractionController( 7143): clickAndWaitForNewWindow(71, 102)
05-22 16:50:59.296 W/InteractionController( 7143): runAndwaitForEvent timedout waiting for events
05-22 16:50:59.312 I/QueryController( 7143): Matched selector: UiSelector[PACKAGE NAME=com.android.launcher] <<==>> [android.view.accessibility.AccessibilityNodeInfo@74f7; boundsInParent: Rect(0, 0 - 720, 1184); boundsInScreen: Rect(0, 0 - 720, 1184); packageName: com.android.launcher; className: android.widget.FrameLayout; text: null; contentDescription: null; viewIdResName: null; checkable: false; checked: false; focusable: false; focused: false; selected: false; clickable: false; longClickable: false; enabled: true; password: false; scrollable: false; [ACTION_SELECT, ACTION_CLEAR_SELECTION, ACTION_ACCESSIBILITY_FOCUS]]
05-22 16:51:01.140 I/QueryController( 7143): Matched selector: UiSelector[TEXT=Settings] <<==>> [android.view.accessibility.AccessibilityNodeInfo@38588; boundsInParent: Rect(0, 0 - 148, 184); boundsInScreen: Rect(16, 379 - 164, 563); packageName: com.android.launcher; className: android.widget.TextView; text: Settings; contentDescription: null; viewIdResName: null; checkable: false; checked: false; focusable: true; focused: false; selected: false; clickable: true; longClickable: true; enabled: true; password: false; scrollable: false; [ACTION_FOCUS, ACTION_SELECT, ACTION_CLEAR_SELECTION, ACTION_CLICK, ACTION_LONG_CLICK, ACTION_ACCESSIBILITY_FOCUS, ACTION_NEXT_AT_MOVEMENT_GRANULARITY, ACTION_PREVIOUS_AT_MOVEMENT_GRANULARITY, ACTION_SET_SELECTION]]
05-22 16:51:01.171 I/QueryController( 7143): Matched selector: UiSelector[TEXT=Settings] <<==>> [android.view.accessibility.AccessibilityNodeInfo@38588; boundsInParent: Rect(0, 0 - 148, 184); boundsInScreen: Rect(16, 379 - 164, 563); packageName: com.android.launcher; className: android.widget.TextView; text: Settings; contentDescription: null; viewIdResName: null; checkable: false; checked: false; focusable: true; focused: false; selected: false; clickable: true; longClickable: true; enabled: true; password: false; scrollable: false; [ACTION_FOCUS, ACTION_SELECT, ACTION_CLEAR_SELECTION, ACTION_CLICK, ACTION_LONG_CLICK, ACTION_ACCESSIBILITY_FOCUS, ACTION_NEXT_AT_MOVEMENT_GRANULARITY, ACTION_PREVIOUS_AT_MOVEMENT_GRANULARITY, ACTION_SET_SELECTION]]
05-22 16:51:01.171 D/InteractionController( 7143): clickAndWaitForNewWindow(90, 471)
05-22 16:51:01.304 W/Parcel  (  802): Attempt to read object from Parcel 0x5f747dac at offset 200 that is not in the object list
05-22 16:51:01.304 I/ActivityManager(  375): START u0 {act=android.intent.action.MAIN cat=[android.intent.category.LAUNCHER] flg=0x10200000 cmp=com.android.settings/.Settings} from pid 1150
05-22 16:51:01.343 I/ActivityManager(  375): Start proc com.android.settings for activity com.android.settings/.Settings: pid=7160 uid=1000 gids={41000, 1015, 1028, 3002, 3001, 3003, 3007}
05-22 16:51:01.577 D/BluetoothManagerService(  375): Message: 20
05-22 16:51:01.577 D/BluetoothManagerService(  375): Added callback: android.bluetooth.IBluetoothManagerCallback$Stub$Proxy@42748b68:true
05-22 16:51:01.585 D/BluetoothAdapter( 7160): 1110006408: getState() :  mService = null. Returning STATE_OFF
05-22 16:51:01.585 D/BluetoothManagerService(  375): Message: 30
05-22 16:51:01.585 D/dalvikvm( 7160): GC_CONCURRENT freed 141K, 2% free 9151K/9332K, paused 6ms+4ms, total 40ms
05-22 16:51:01.593 D/BluetoothPan( 7160): BluetoothPan() call bindService
05-22 16:51:01.593 D/BluetoothManagerService(  375): Message: 30
05-22 16:51:01.593 W/ContextImpl( 7160): Calling a method in the system process without a qualified user: android.app.ContextImpl.bindService:1439 android.content.ContextWrapper.bindService:496 android.bluetooth.BluetoothInputDevice.<init>:240 android.bluetooth.BluetoothAdapter.getProfileProxy:1168 com.android.settings.bluetooth.LocalBluetoothAdapter.getProfileProxy:94 
05-22 16:51:01.601 D/BluetoothPan( 7160): BluetoothPan(), bindService called
05-22 16:51:01.601 D/BluetoothManagerService(  375): Message: 30
05-22 16:51:01.601 D/LocalBluetoothProfileManager( 7160): LocalBluetoothProfileManager construction complete
05-22 16:51:01.601 W/ContextImpl( 7160): Calling a method in the system process without a qualified user: android.app.ContextImpl.bindService:1439 android.content.ContextWrapper.bindService:496 android.bluetooth.BluetoothPan.<init>:141 android.bluetooth.BluetoothAdapter.getProfileProxy:1171 com.android.settings.bluetooth.PanProfile.<init>:73 
