05-22 17:06:36.577 I/QueryController( 8921): Matched selector: UiSelector[TEXT=Document Manager, CLASS=android.widget.TextView, PACKAGE NAME=com.pekall.emdm.launcher] <<==>> [android.view.accessibility.AccessibilityNodeInfo@3987a; boundsInParent: Rect(0, 0 - 160, 200); boundsInScreen: Rect(10, 608 - 170, 808); packageName: com.pekall.emdm.launcher; className: android.widget.TextView; text: Document Manager; contentDescription: null; viewIdResName: null; checkable: false; checked: false; focusable: false; focused: false; selected: false; clickable: true; longClickable: true; enabled: true; password: false; scrollable: false; [ACTION_SELECT, ACTION_CLEAR_SELECTION, ACTION_CLICK, ACTION_LONG_CLICK, ACTION_ACCESSIBILITY_FOCUS, ACTION_NEXT_AT_MOVEMENT_GRANULARITY, ACTION_PREVIOUS_AT_MOVEMENT_GRANULARITY, ACTION_SET_SELECTION]]
05-22 17:06:36.593 I/QueryController( 8921): Matched selector: UiSelector[TEXT=Document Manager, CLASS=android.widget.TextView, PACKAGE NAME=com.pekall.emdm.launcher] <<==>> [android.view.accessibility.AccessibilityNodeInfo@3987a; boundsInParent: Rect(0, 0 - 160, 200); boundsInScreen: Rect(10, 608 - 170, 808); packageName: com.pekall.emdm.launcher; className: android.widget.TextView; text: Document Manager; contentDescription: null; viewIdResName: null; checkable: false; checked: false; focusable: false; focused: false; selected: false; clickable: true; longClickable: true; enabled: true; password: false; scrollable: false; [ACTION_SELECT, ACTION_CLEAR_SELECTION, ACTION_CLICK, ACTION_LONG_CLICK, ACTION_ACCESSIBILITY_FOCUS, ACTION_NEXT_AT_MOVEMENT_GRANULARITY, ACTION_PREVIOUS_AT_MOVEMENT_GRANULARITY, ACTION_SET_SELECTION]]
05-22 17:06:36.593 D/UiObject( 8921): getText() = Document Manager
05-22 17:06:36.609 I/QueryController( 8921): Matched selector: UiSelector[TEXT=Document Manager, CLASS=android.widget.TextView, PACKAGE NAME=com.pekall.emdm.launcher] <<==>> [android.view.accessibility.AccessibilityNodeInfo@3987a; boundsInParent: Rect(0, 0 - 160, 200); boundsInScreen: Rect(10, 608 - 170, 808); packageName: com.pekall.emdm.launcher; className: android.widget.TextView; text: Document Manager; contentDescription: null; viewIdResName: null; checkable: false; checked: false; focusable: false; focused: false; selected: false; clickable: true; longClickable: true; enabled: true; password: false; scrollable: false; [ACTION_SELECT, ACTION_CLEAR_SELECTION, ACTION_CLICK, ACTION_LONG_CLICK, ACTION_ACCESSIBILITY_FOCUS, ACTION_NEXT_AT_MOVEMENT_GRANULARITY, ACTION_PREVIOUS_AT_MOVEMENT_GRANULARITY, ACTION_SET_SELECTION]]
05-22 17:06:36.624 I/QueryController( 8921): Matched selector: UiSelector[TEXT=Document Manager, CLASS=android.widget.TextView, PACKAGE NAME=com.pekall.emdm.launcher] <<==>> [android.view.accessibility.AccessibilityNodeInfo@3987a; boundsInParent: Rect(0, 0 - 160, 200); boundsInScreen: Rect(10, 608 - 170, 808); packageName: com.pekall.emdm.launcher; className: android.widget.TextView; text: Document Manager; contentDescription: null; viewIdResName: null; checkable: false; checked: false; focusable: false; focused: false; selected: false; clickable: true; longClickable: true; enabled: true; password: false; scrollable: false; [ACTION_SELECT, ACTION_CLEAR_SELECTION, ACTION_CLICK, ACTION_LONG_CLICK, ACTION_ACCESSIBILITY_FOCUS, ACTION_NEXT_AT_MOVEMENT_GRANULARITY, ACTION_PREVIOUS_AT_MOVEMENT_GRANULARITY, ACTION_SET_SELECTION]]
05-22 17:06:36.624 D/InteractionController( 8921): clickAndWaitForNewWindow(90, 708)
05-22 17:06:36.741 V/CounterTextView( 7213): draw
05-22 17:06:36.741 V/CounterTextView( 7213): count = 1
05-22 17:06:36.757 D/MDM :   ( 7213): [null:-1]->zzzzz   getWidth() 160
05-22 17:06:36.757 D/MDM :   ( 7213): [null:-1]->zzzzz   ------------------mWidthTemp >getWidth()() 
05-22 17:06:36.757 V/CounterTextView( 7213): xxxxxxx   136
05-22 17:06:36.765 W/Parcel  (  802): Attempt to read object from Parcel 0x5dfdfdac at offset 200 that is not in the object list
05-22 17:06:36.765 I/ActivityManager(  375): START u0 {flg=0x10000000 cmp=com.pekall.emdm.launcher/com.pekall.emdm.document.activity.DocMainActivity} from pid 7213
05-22 17:06:36.866 D/dalvikvm(  802): GC_EXPLICIT freed 55K, 24% free 12163K/15964K, paused 2ms+9ms, total 84ms
05-22 17:06:36.898 D/dalvikvm(  375): GC_FOR_ALLOC freed 1230K, 22% free 18129K/22960K, paused 84ms, total 84ms
05-22 17:06:36.906 D/LauncherApplication( 7213): [null:-1]->onActivityPaused
05-22 17:06:36.906 D/LauncherApplication( 7213): [null:-1]->onActivityPaused  updateTime
05-22 17:06:36.921 V/CounterTextView( 7213): draw
05-22 17:06:36.921 V/CounterTextView( 7213): count = 1
05-22 17:06:36.921 D/MDM :   ( 7213): [null:-1]->zzzzz   getWidth() 160
05-22 17:06:36.921 D/MDM :   ( 7213): [null:-1]->zzzzz   ------------------mWidthTemp >getWidth()() 
05-22 17:06:36.921 V/CounterTextView( 7213): xxxxxxx   136
05-22 17:06:36.968 V/LauncherApplication( 7213): onActivityStarted
05-22 17:06:36.968 D/        ( 7213): [---null: -1---]     awsa  onActivityResumed
05-22 17:06:36.968 V/LauncherApplication( 7213): 2MdmConstant.LAST_LAUNCH_TIME = 1400749596918
05-22 17:06:36.976 D/        ( 7213): [---null: -1---]  activity = com.pekall.emdm.document.activity.DocMainActivity
05-22 17:06:36.976 V/DefultSetContriller( 7213): isLauncherDf = com.pekall.emdm.launcher
05-22 17:06:36.976 V/DefultSetContriller( 7213): isPhoneDf = com.pekall.emdm.launcher
05-22 17:06:36.976 E/LauncherApplication( 7213): isShowLogoutUI = true
05-22 17:06:36.976 E/LauncherApplication( 7213): LogoutShowTime 1
05-22 17:06:37.023 D/BaseFragment( 7213): [null:-1]->mSelection is read = 0 ,mSort is _id DESC
05-22 17:06:37.031 D/BaseFragment( 7213): [null:-1]->mSelection is null ,mSort is _id DESC
05-22 17:06:37.070 D/BaseFragment( 7213): [null:-1]->mSelection is is_favorite = 1 ,mSort is _id DESC
05-22 17:06:37.101 I/ActivityManager(  375): Displayed com.pekall.emdm.launcher/com.pekall.emdm.document.activity.DocMainActivity: +188ms
05-22 17:06:37.148 D/DocAdapter( 7213): [null:-1]->document status is 0 , visible sattus is false
05-22 17:06:37.187 D/DocAdapter( 7213): [null:-1]->document status is 0 , visible sattus is false
05-22 17:06:37.835 I/QueryController( 8921): Matched selector: UiSelector[TEXT=UnRead, CLASS=android.widget.TextView, PACKAGE NAME=com.pekall.emdm.launcher] <<==>> [android.view.accessibility.AccessibilityNodeInfo@656cb; boundsInParent: Rect(0, 0 - 100, 38); boundsInScreen: Rect(70, 79 - 170, 117); packageName: com.pekall.emdm.launcher; className: android.widget.TextView; text: UnRead; contentDescription: null; viewIdResName: android:id/title; checkable: false; checked: false; focusable: false; focused: false; selected: true; clickable: false; longClickable: false; enabled: true; password: false; scrollable: false; [ACTION_SELECT, ACTION_CLEAR_SELECTION, ACTION_ACCESSIBILITY_FOCUS, ACTION_NEXT_AT_MOVEMENT_GRANULARITY, ACTION_PREVIOUS_AT_MOVEMENT_GRANULARITY, ACTION_SET_SELECTION]]
05-22 17:06:37.906 I/QueryController( 8921): Matched selector: UiSelector[TEXT=UnRead, CLASS=android.widget.TextView, PACKAGE NAME=com.pekall.emdm.launcher] <<==>> [android.view.accessibility.AccessibilityNodeInfo@656cb; boundsInParent: Rect(0, 0 - 100, 38); boundsInScreen: Rect(70, 79 - 170, 117); packageName: com.pekall.emdm.launcher; className: android.widget.TextView; text: UnRead; contentDescription: null; viewIdResName: android:id/title; checkable: false; checked: false; focusable: false; focused: false; selected: true; clickable: false; longClickable: false; enabled: true; password: false; scrollable: false; [ACTION_SELECT, ACTION_CLEAR_SELECTION, ACTION_ACCESSIBILITY_FOCUS, ACTION_NEXT_AT_MOVEMENT_GRANULARITY, ACTION_PREVIOUS_AT_MOVEMENT_GRANULARITY, ACTION_SET_SELECTION]]
05-22 17:06:37.906 D/UiObject( 8921): getText() = UnRead
05-22 17:06:37.929 I/QueryController( 8921): Matched selector: UiSelector[TEXT=UnRead, CLASS=android.widget.TextView, PACKAGE NAME=com.pekall.emdm.launcher] <<==>> [android.view.accessibility.AccessibilityNodeInfo@656cb; boundsInParent: Rect(0, 0 - 100, 38); boundsInScreen: Rect(70, 79 - 170, 117); packageName: com.pekall.emdm.launcher; className: android.widget.TextView; text: UnRead; contentDescription: null; viewIdResName: android:id/title; checkable: false; checked: false; focusable: false; focused: false; selected: true; clickable: false; longClickable: false; enabled: true; password: false; scrollable: false; [ACTION_SELECT, ACTION_CLEAR_SELECTION, ACTION_ACCESSIBILITY_FOCUS, ACTION_NEXT_AT_MOVEMENT_GRANULARITY, ACTION_PREVIOUS_AT_MOVEMENT_GRANULARITY, ACTION_SET_SELECTION]]
05-22 17:06:37.952 I/QueryController( 8921): Matched selector: UiSelector[TEXT=UnRead, CLASS=android.widget.TextView, PACKAGE NAME=com.pekall.emdm.launcher] <<==>> [android.view.accessibility.AccessibilityNodeInfo@656cb; boundsInParent: Rect(0, 0 - 100, 38); boundsInScreen: Rect(70, 79 - 170, 117); packageName: com.pekall.emdm.launcher; className: android.widget.TextView; text: UnRead; contentDescription: null; viewIdResName: android:id/title; checkable: false; checked: false; focusable: false; focused: false; selected: true; clickable: false; longClickable: false; enabled: true; password: false; scrollable: false; [ACTION_SELECT, ACTION_CLEAR_SELECTION, ACTION_ACCESSIBILITY_FOCUS, ACTION_NEXT_AT_MOVEMENT_GRANULARITY, ACTION_PREVIOUS_AT_MOVEMENT_GRANULARITY, ACTION_SET_SELECTION]]
05-22 17:06:37.960 D/InteractionController( 8921): clickAndWaitForNewWindow(120, 98)
05-22 17:06:41.062 W/InteractionController( 8921): runAndwaitForEvent timedout waiting for events
05-22 17:06:41.796 I/QueryController( 8921): Matched selector: UiSelector[PACKAGE NAME=com.pekall.emdm.launcher] <<==>> [android.view.accessibility.AccessibilityNodeInfo@60bb7; boundsInParent: Rect(0, 0 - 720, 1184); boundsInScreen: Rect(0, 0 - 720, 1184); packageName: com.pekall.emdm.launcher; className: android.widget.FrameLayout; text: null; contentDescription: null; viewIdResName: null; checkable: false; checked: false; focusable: false; focused: false; selected: false; clickable: false; longClickable: false; enabled: true; password: false; scrollable: false; [ACTION_SELECT, ACTION_CLEAR_SELECTION, ACTION_ACCESSIBILITY_FOCUS]]
05-22 17:06:41.835 I/QueryController( 8921): Matched selector: UiSelector[PACKAGE NAME=com.pekall.emdm.launcher] <<==>> [android.view.accessibility.AccessibilityNodeInfo@60bb7; boundsInParent: Rect(0, 0 - 720, 1184); boundsInScreen: Rect(0, 0 - 720, 1184); packageName: com.pekall.emdm.launcher; className: android.widget.FrameLayout; text: null; contentDescription: null; viewIdResName: null; checkable: false; checked: false; focusable: false; focused: false; selected: false; clickable: false; longClickable: false; enabled: true; password: false; scrollable: false; [ACTION_SELECT, ACTION_CLEAR_SELECTION, ACTION_ACCESSIBILITY_FOCUS]]
05-22 17:06:41.882 I/ActivityManager(  375): START u0 {act=android.intent.action.MAIN cat=[android.intent.category.HOME] flg=0x10200000 cmp=com.pekall.emdm.launcher/.Launcher} from pid 375
05-22 17:06:41.968 D/dalvikvm(  375): GC_FOR_ALLOC freed 1198K, 22% free 18136K/22960K, paused 57ms, total 58ms
05-22 17:06:41.976 D/LauncherApplication( 7213): [null:-1]->onActivityPaused
05-22 17:06:41.984 D/LauncherApplication( 7213): [null:-1]->onActivityPaused  updateTime
05-22 17:06:41.991 V/LauncherApplication( 7213): onActivityStarted
05-22 17:06:41.991 D/        ( 7213): [---null: -1---]     awsa  onActivityResumed
05-22 17:06:41.991 V/LauncherApplication( 7213): 2MdmConstant.LAST_LAUNCH_TIME = 1400749601995
05-22 17:06:41.999 D/        ( 7213): [---null: -1---]  activity = com.pekall.emdm.launcher.Launcher
05-22 17:06:42.007 V/DefultSetContriller( 7213): isLauncherDf = com.pekall.emdm.launcher
05-22 17:06:42.015 V/DefultSetContriller( 7213): isLauncherDf = com.pekall.emdm.launcher
05-22 17:06:42.015 V/DefultSetContriller( 7213): isPhoneDf = com.pekall.emdm.launcher
05-22 17:06:42.015 E/LauncherApplication( 7213): isShowLogoutUI = true
05-22 17:06:42.015 E/LauncherApplication( 7213): LogoutShowTime 1
05-22 17:06:42.015 V/Launcher( 7213): onResume1111111 
05-22 17:06:42.015 V/Launcher( 7213): is login ----> 
05-22 17:06:42.015 I/System.out( 7213):  
05-22 17:06:42.015 I/System.out( 7213): com.pekall.emdm.launcher.Workspace.setWallpaper(Unknown Source)
05-22 17:06:42.015 I/System.out( 7213): com.pekall.emdm.launcher.Launcher.onResume(Unknown Source)
05-22 17:06:42.015 I/System.out( 7213): android.app.Instrumentation.callActivityOnResume(Instrumentation.java:1192)
05-22 17:06:42.015 I/System.out( 7213): android.app.Activity.performResume(Activity.java:5211)
05-22 17:06:42.015 I/System.out( 7213): android.app.ActivityThread.performResumeActivity(ActivityThread.java:2780)
05-22 17:06:42.015 I/System.out( 7213): android.app.ActivityThread.handleResumeActivity(ActivityThread.java:2819)
05-22 17:06:42.015 I/System.out( 7213): android.app.ActivityThread$H.handleMessage(ActivityThread.java:1298)
05-22 17:06:42.015 I/System.out( 7213): android.os.Handler.dispatchMessage(Handler.java:99)
05-22 17:06:42.015 I/System.out( 7213): android.os.Looper.loop(Looper.java:137)
05-22 17:06:42.015 I/System.out( 7213): android.app.ActivityThread.main(ActivityThread.java:5103)
05-22 17:06:42.015 I/System.out( 7213): java.lang.reflect.Method.invokeNative(Native Method)
05-22 17:06:42.015 I/System.out( 7213): java.lang.reflect.Method.invoke(Method.java:525)
05-22 17:06:42.015 I/System.out( 7213): com.android.internal.os.ZygoteInit$MethodAndArgsCaller.run(ZygoteInit.java:737)
05-22 17:06:42.015 I/System.out( 7213): com.android.internal.os.ZygoteInit.main(ZygoteInit.java:553)
05-22 17:06:42.015 I/System.out( 7213): dalvik.system.NativeStart.main(Native Method)
05-22 17:06:42.265 D/dalvikvm( 7213): JIT unchain all for threadid=11
05-22 17:06:42.327 D/dalvikvm( 7213): GC_FOR_ALLOC freed 3930K, 28% free 30748K/42548K, paused 310ms, total 310ms
05-22 17:06:42.906 D/BaseFragment( 7213): [null:-1]->fragment is on stop 
05-22 17:06:42.913 D/BaseFragment( 7213): [null:-1]->fragment is on stop 
05-22 17:06:42.945 D/BaseFragment( 7213): [null:-1]->fragment is on stop 
05-22 17:06:44.656 I/QueryController( 8921): Matched selector: UiSelector[TEXT=Personal Mode, CLASS=android.widget.TextView, PACKAGE NAME=com.pekall.emdm.launcher] <<==>> [android.view.accessibility.AccessibilityNodeInfo@39c3b; boundsInParent: Rect(0, 0 - 160, 200); boundsInScreen: Rect(190, 608 - 350, 808); packageName: com.pekall.emdm.launcher; className: android.widget.TextView; text: Personal Mode; contentDescription: null; viewIdResName: null; checkable: false; checked: false; focusable: false; focused: false; selected: false; clickable: true; longClickable: true; enabled: true; password: false; scrollable: false; [ACTION_SELECT, ACTION_CLEAR_SELECTION, ACTION_CLICK, ACTION_LONG_CLICK, ACTION_ACCESSIBILITY_FOCUS, ACTION_NEXT_AT_MOVEMENT_GRANULARITY, ACTION_PREVIOUS_AT_MOVEMENT_GRANULARITY, ACTION_SET_SELECTION]]
05-22 17:06:44.671 I/QueryController( 8921): Matched selector: UiSelector[TEXT=Document Manager, CLASS=android.widget.TextView, PACKAGE NAME=com.pekall.emdm.launcher] <<==>> [android.view.accessibility.AccessibilityNodeInfo@3987a; boundsInParent: Rect(0, 0 - 160, 200); boundsInScreen: Rect(10, 608 - 170, 808); packageName: com.pekall.emdm.launcher; className: android.widget.TextView; text: Document Manager; contentDescription: null; viewIdResName: null; checkable: false; checked: false; focusable: false; focused: false; selected: false; clickable: true; longClickable: true; enabled: true; password: false; scrollable: false; [ACTION_SELECT, ACTION_CLEAR_SELECTION, ACTION_CLICK, ACTION_LONG_CLICK, ACTION_ACCESSIBILITY_FOCUS, ACTION_NEXT_AT_MOVEMENT_GRANULARITY, ACTION_PREVIOUS_AT_MOVEMENT_GRANULARITY, ACTION_SET_SELECTION]]
05-22 17:06:44.687 I/QueryController( 8921): Matched selector: UiSelector[TEXT=Document Manager, CLASS=android.widget.TextView, PACKAGE NAME=com.pekall.emdm.launcher] <<==>> [android.view.accessibility.AccessibilityNodeInfo@3987a; boundsInParent: Rect(0, 0 - 160, 200); boundsInScreen: Rect(10, 608 - 170, 808); packageName: com.pekall.emdm.launcher; className: android.widget.TextView; text: Document Manager; contentDescription: null; viewIdResName: null; checkable: false; checked: false; focusable: false; focused: false; selected: false; clickable: true; longClickable: true; enabled: true; password: false; scrollable: false; [ACTION_SELECT, ACTION_CLEAR_SELECTION, ACTION_CLICK, ACTION_LONG_CLICK, ACTION_ACCESSIBILITY_FOCUS, ACTION_NEXT_AT_MOVEMENT_GRANULARITY, ACTION_PREVIOUS_AT_MOVEMENT_GRANULARITY, ACTION_SET_SELECTION]]
05-22 17:06:44.695 I/QueryController( 8921): Matched selector: UiSelector[TEXT=Document Manager, CLASS=android.widget.TextView, PACKAGE NAME=com.pekall.emdm.launcher] <<==>> [android.view.accessibility.AccessibilityNodeInfo@3987a; boundsInParent: Rect(0, 0 - 160, 200); boundsInScreen: Rect(10, 608 - 170, 808); packageName: com.pekall.emdm.launcher; className: android.widget.TextView; text: Document Manager; contentDescription: null; viewIdResName: null; checkable: false; checked: false; focusable: false; focused: false; selected: false; clickable: true; longClickable: true; enabled: true; password: false; scrollable: false; [ACTION_SELECT, ACTION_CLEAR_SELECTION, ACTION_CLICK, ACTION_LONG_CLICK, ACTION_ACCESSIBILITY_FOCUS, ACTION_NEXT_AT_MOVEMENT_GRANULARITY, ACTION_PREVIOUS_AT_MOVEMENT_GRANULARITY, ACTION_SET_SELECTION]]
05-22 17:06:44.695 D/UiObject( 8921): getText() = Document Manager
05-22 17:06:44.710 I/QueryController( 8921): Matched selector: UiSelector[TEXT=Document Manager, CLASS=android.widget.TextView, PACKAGE NAME=com.pekall.emdm.launcher] <<==>> [android.view.accessibility.AccessibilityNodeInfo@3987a; boundsInParent: Rect(0, 0 - 160, 200); boundsInScreen: Rect(10, 608 - 170, 808); packageName: com.pekall.emdm.launcher; className: android.widget.TextView; text: Document Manager; contentDescription: null; viewIdResName: null; checkable: false; checked: false; focusable: false; focused: false; selected: false; clickable: true; longClickable: true; enabled: true; password: false; scrollable: false; [ACTION_SELECT, ACTION_CLEAR_SELECTION, ACTION_CLICK, ACTION_LONG_CLICK, ACTION_ACCESSIBILITY_FOCUS, ACTION_NEXT_AT_MOVEMENT_GRANULARITY, ACTION_PREVIOUS_AT_MOVEMENT_GRANULARITY, ACTION_SET_SELECTION]]
05-22 17:06:44.726 I/QueryController( 8921): Matched selector: UiSelector[TEXT=Document Manager, CLASS=android.widget.TextView, PACKAGE NAME=com.pekall.emdm.launcher] <<==>> [android.view.accessibility.AccessibilityNodeInfo@3987a; boundsInParent: Rect(0, 0 - 160, 200); boundsInScreen: Rect(10, 608 - 170, 808); packageName: com.pekall.emdm.launcher; className: android.widget.TextView; text: Document Manager; contentDescription: null; viewIdResName: null; checkable: false; checked: false; focusable: false; focused: false; selected: false; clickable: true; longClickable: true; enabled: true; password: false; scrollable: false; [ACTION_SELECT, ACTION_CLEAR_SELECTION, ACTION_CLICK, ACTION_LONG_CLICK, ACTION_ACCESSIBILITY_FOCUS, ACTION_NEXT_AT_MOVEMENT_GRANULARITY, ACTION_PREVIOUS_AT_MOVEMENT_GRANULARITY, ACTION_SET_SELECTION]]
05-22 17:06:44.726 D/InteractionController( 8921): clickAndWaitForNewWindow(90, 708)
05-22 17:06:44.835 V/CounterTextView( 7213): draw
05-22 17:06:44.835 V/CounterTextView( 7213): count = 1
05-22 17:06:44.835 D/MDM :   ( 7213): [null:-1]->zzzzz   getWidth() 160
05-22 17:06:44.835 D/MDM :   ( 7213): [null:-1]->zzzzz   ------------------mWidthTemp >getWidth()() 
05-22 17:06:44.835 V/CounterTextView( 7213): xxxxxxx   136
05-22 17:06:44.843 W/Parcel  (  802): Attempt to read object from Parcel 0x5f747dac at offset 200 that is not in the object list
05-22 17:06:44.843 I/ActivityManager(  375): START u0 {flg=0x10000000 cmp=com.pekall.emdm.launcher/com.pekall.emdm.document.activity.DocMainActivity} from pid 7213
05-22 17:06:44.929 D/dalvikvm(  375): GC_FOR_ALLOC freed 1188K, 22% free 18125K/22960K, paused 60ms, total 61ms
05-22 17:06:44.945 D/LauncherApplication( 7213): [null:-1]->onActivityPaused
05-22 17:06:44.945 D/LauncherApplication( 7213): [null:-1]->onActivityPaused  updateTime
05-22 17:06:44.960 V/CounterTextView( 7213): draw
05-22 17:06:44.960 V/CounterTextView( 7213): count = 1
05-22 17:06:44.960 D/MDM :   ( 7213): [null:-1]->zzzzz   getWidth() 160
05-22 17:06:44.960 D/MDM :   ( 7213): [null:-1]->zzzzz   ------------------mWidthTemp >getWidth()() 
05-22 17:06:44.960 V/CounterTextView( 7213): xxxxxxx   136
05-22 17:06:44.991 V/LauncherApplication( 7213): onActivityStarted
05-22 17:06:44.991 D/        ( 7213): [---null: -1---]     awsa  onActivityResumed
05-22 17:06:44.991 V/LauncherApplication( 7213): 2MdmConstant.LAST_LAUNCH_TIME = 1400749604956
05-22 17:06:44.999 D/        ( 7213): [---null: -1---]  activity = com.pekall.emdm.document.activity.DocMainActivity
05-22 17:06:45.007 V/DefultSetContriller( 7213): isLauncherDf = com.pekall.emdm.launcher
05-22 17:06:45.007 V/DefultSetContriller( 7213): isPhoneDf = com.pekall.emdm.launcher
05-22 17:06:45.007 E/LauncherApplication( 7213): isShowLogoutUI = true
05-22 17:06:45.007 E/LauncherApplication( 7213): LogoutShowTime 1
05-22 17:06:45.046 D/BaseFragment( 7213): [null:-1]->mSelection is read = 0 ,mSort is _id DESC
05-22 17:06:45.070 D/BaseFragment( 7213): [null:-1]->mSelection is null ,mSort is _id DESC
05-22 17:06:45.101 D/BaseFragment( 7213): [null:-1]->mSelection is is_favorite = 1 ,mSort is _id DESC
05-22 17:06:45.132 I/ActivityManager(  375): Displayed com.pekall.emdm.launcher/com.pekall.emdm.document.activity.DocMainActivity: +187ms
05-22 17:06:45.171 D/DocAdapter( 7213): [null:-1]->document status is 0 , visible sattus is false
05-22 17:06:45.210 D/DocAdapter( 7213): [null:-1]->document status is 0 , visible sattus is false
05-22 17:06:45.851 I/QueryController( 8921): Matched selector: UiSelector[TEXT=UnRead, CLASS=android.widget.TextView, PACKAGE NAME=com.pekall.emdm.launcher] <<==>> [android.view.accessibility.AccessibilityNodeInfo@76153; boundsInParent: Rect(0, 0 - 100, 38); boundsInScreen: Rect(70, 79 - 170, 117); packageName: com.pekall.emdm.launcher; className: android.widget.TextView; text: UnRead; contentDescription: null; viewIdResName: android:id/title; checkable: false; checked: false; focusable: false; focused: false; selected: true; clickable: false; longClickable: false; enabled: true; password: false; scrollable: false; [ACTION_SELECT, ACTION_CLEAR_SELECTION, ACTION_ACCESSIBILITY_FOCUS, ACTION_NEXT_AT_MOVEMENT_GRANULARITY, ACTION_PREVIOUS_AT_MOVEMENT_GRANULARITY, ACTION_SET_SELECTION]]
05-22 17:06:45.921 I/QueryController( 8921): Matched selector: UiSelector[TEXT=UnRead, CLASS=android.widget.TextView, PACKAGE NAME=com.pekall.emdm.launcher] <<==>> [android.view.accessibility.AccessibilityNodeInfo@76153; boundsInParent: Rect(0, 0 - 100, 38); boundsInScreen: Rect(70, 79 - 170, 117); packageName: com.pekall.emdm.launcher; className: android.widget.TextView; text: UnRead; contentDescription: null; viewIdResName: android:id/title; checkable: false; checked: false; focusable: false; focused: false; selected: true; clickable: false; longClickable: false; enabled: true; password: false; scrollable: false; [ACTION_SELECT, ACTION_CLEAR_SELECTION, ACTION_ACCESSIBILITY_FOCUS, ACTION_NEXT_AT_MOVEMENT_GRANULARITY, ACTION_PREVIOUS_AT_MOVEMENT_GRANULARITY, ACTION_SET_SELECTION]]
05-22 17:06:45.921 D/UiObject( 8921): getText() = UnRead
05-22 17:06:45.945 I/QueryController( 8921): Matched selector: UiSelector[TEXT=UnRead, CLASS=android.widget.TextView, PACKAGE NAME=com.pekall.emdm.launcher] <<==>> [android.view.accessibility.AccessibilityNodeInfo@76153; boundsInParent: Rect(0, 0 - 100, 38); boundsInScreen: Rect(70, 79 - 170, 117); packageName: com.pekall.emdm.launcher; className: android.widget.TextView; text: UnRead; contentDescription: null; viewIdResName: android:id/title; checkable: false; checked: false; focusable: false; focused: false; selected: true; clickable: false; longClickable: false; enabled: true; password: false; scrollable: false; [ACTION_SELECT, ACTION_CLEAR_SELECTION, ACTION_ACCESSIBILITY_FOCUS, ACTION_NEXT_AT_MOVEMENT_GRANULARITY, ACTION_PREVIOUS_AT_MOVEMENT_GRANULARITY, ACTION_SET_SELECTION]]
05-22 17:06:45.960 I/QueryController( 8921): Matched selector: UiSelector[TEXT=UnRead, CLASS=android.widget.TextView, PACKAGE NAME=com.pekall.emdm.launcher] <<==>> [android.view.accessibility.AccessibilityNodeInfo@76153; boundsInParent: Rect(0, 0 - 100, 38); boundsInScreen: Rect(70, 79 - 170, 117); packageName: com.pekall.emdm.launcher; className: android.widget.TextView; text: UnRead; contentDescription: null; viewIdResName: android:id/title; checkable: false; checked: false; focusable: false; focused: false; selected: true; clickable: false; longClickable: false; enabled: true; password: false; scrollable: false; [ACTION_SELECT, ACTION_CLEAR_SELECTION, ACTION_ACCESSIBILITY_FOCUS, ACTION_NEXT_AT_MOVEMENT_GRANULARITY, ACTION_PREVIOUS_AT_MOVEMENT_GRANULARITY, ACTION_SET_SELECTION]]
05-22 17:06:45.960 D/InteractionController( 8921): clickAndWaitForNewWindow(120, 98)
05-22 17:06:46.835 D/dalvikvm(  802): GC_EXPLICIT freed 89K, 24% free 12166K/15964K, paused 3ms+3ms, total 47ms
05-22 17:06:49.070 W/InteractionController( 8921): runAndwaitForEvent timedout waiting for events
05-22 17:06:49.202 I/QueryController( 8921): Matched selector: UiSelector[PACKAGE NAME=com.pekall.emdm.launcher] <<==>> [android.view.accessibility.AccessibilityNodeInfo@7163f; boundsInParent: Rect(0, 0 - 720, 1184); boundsInScreen: Rect(0, 0 - 720, 1184); packageName: com.pekall.emdm.launcher; className: android.widget.FrameLayout; text: null; contentDescription: null; viewIdResName: null; checkable: false; checked: false; focusable: false; focused: false; selected: false; clickable: false; longClickable: false; enabled: true; password: false; scrollable: false; [ACTION_SELECT, ACTION_CLEAR_SELECTION, ACTION_ACCESSIBILITY_FOCUS]]
05-22 17:06:49.241 I/QueryController( 8921): Matched selector: UiSelector[PACKAGE NAME=com.pekall.emdm.launcher] <<==>> [android.view.accessibility.AccessibilityNodeInfo@7163f; boundsInParent: Rect(0, 0 - 720, 1184); boundsInScreen: Rect(0, 0 - 720, 1184); packageName: com.pekall.emdm.launcher; className: android.widget.FrameLayout; text: null; contentDescription: null; viewIdResName: null; checkable: false; checked: false; focusable: false; focused: false; selected: false; clickable: false; longClickable: false; enabled: true; password: false; scrollable: false; [ACTION_SELECT, ACTION_CLEAR_SELECTION, ACTION_ACCESSIBILITY_FOCUS]]
05-22 17:06:49.296 I/ActivityManager(  375): START u0 {act=android.intent.action.MAIN cat=[android.intent.category.HOME] flg=0x10200000 cmp=com.pekall.emdm.launcher/.Launcher} from pid 375
05-22 17:06:49.382 D/dalvikvm(  375): GC_FOR_ALLOC freed 1187K, 22% free 18133K/22960K, paused 55ms, total 55ms
05-22 17:06:49.390 D/LauncherApplication( 7213): [null:-1]->onActivityPaused
05-22 17:06:49.398 D/LauncherApplication( 7213): [null:-1]->onActivityPaused  updateTime
05-22 17:06:49.406 V/LauncherApplication( 7213): onActivityStarted
05-22 17:06:49.406 D/        ( 7213): [---null: -1---]     awsa  onActivityResumed
05-22 17:06:49.406 V/LauncherApplication( 7213): 2MdmConstant.LAST_LAUNCH_TIME = 1400749609407
05-22 17:06:49.413 D/        ( 7213): [---null: -1---]  activity = com.pekall.emdm.launcher.Launcher
05-22 17:06:49.421 V/DefultSetContriller( 7213): isLauncherDf = com.pekall.emdm.launcher
05-22 17:06:49.445 V/DefultSetContriller( 7213): isLauncherDf = com.pekall.emdm.launcher
05-22 17:06:49.445 D/dalvikvm(  450): GC_FOR_ALLOC freed 1033K, 15% free 12768K/14992K, paused 21ms, total 25ms
05-22 17:06:49.445 V/DefultSetContriller( 7213): isPhoneDf = com.pekall.emdm.launcher
05-22 17:06:49.445 I/dalvikvm-heap(  450): Grow heap (frag case) to 12.867MB for 380496-byte allocation
05-22 17:06:49.445 E/LauncherApplication( 7213): isShowLogoutUI = true
05-22 17:06:49.445 E/LauncherApplication( 7213): LogoutShowTime 1
05-22 17:06:49.445 V/Launcher( 7213): onResume1111111 
05-22 17:06:49.445 V/Launcher( 7213): is login ----> 
05-22 17:06:49.445 I/System.out( 7213):  
05-22 17:06:49.445 I/System.out( 7213): com.pekall.emdm.launcher.Workspace.setWallpaper(Unknown Source)
05-22 17:06:49.445 I/System.out( 7213): com.pekall.emdm.launcher.Launcher.onResume(Unknown Source)
05-22 17:06:49.445 I/System.out( 7213): android.app.Instrumentation.callActivityOnResume(Instrumentation.java:1192)
05-22 17:06:49.445 I/System.out( 7213): android.app.Activity.performResume(Activity.java:5211)
05-22 17:06:49.445 I/System.out( 7213): android.app.ActivityThread.performResumeActivity(ActivityThread.java:2780)
05-22 17:06:49.445 I/System.out( 7213): android.app.ActivityThread.handleResumeActivity(ActivityThread.java:2819)
05-22 17:06:49.445 I/System.out( 7213): android.app.ActivityThread$H.handleMessage(ActivityThread.java:1298)
05-22 17:06:49.452 I/System.out( 7213): android.os.Handler.dispatchMessage(Handler.java:99)
05-22 17:06:49.452 I/System.out( 7213): android.os.Looper.loop(Looper.java:137)
05-22 17:06:49.452 I/System.out( 7213): android.app.ActivityThread.main(ActivityThread.java:5103)
05-22 17:06:49.452 I/System.out( 7213): java.lang.reflect.Method.invokeNative(Native Method)
05-22 17:06:49.452 I/System.out( 7213): java.lang.reflect.Method.invoke(Method.java:525)
05-22 17:06:49.452 I/System.out( 7213): com.android.internal.os.ZygoteInit$MethodAndArgsCaller.run(ZygoteInit.java:737)
05-22 17:06:49.452 I/System.out( 7213): com.android.internal.os.ZygoteInit.main(ZygoteInit.java:553)
05-22 17:06:49.452 I/System.out( 7213): dalvik.system.NativeStart.main(Native Method)
05-22 17:06:49.468 D/dalvikvm(  450): GC_FOR_ALLOC freed 10K, 15% free 13129K/15364K, paused 24ms, total 24ms
05-22 17:06:49.702 D/dalvikvm( 7213): JIT unchain all for threadid=11
05-22 17:06:49.765 D/dalvikvm( 7213): GC_FOR_ALLOC freed 4212K, 22% free 30716K/39212K, paused 315ms, total 316ms
05-22 17:06:49.788 I/dalvikvm-heap( 7213): Grow heap (frag case) to 33.353MB for 3415696-byte allocation
05-22 17:06:50.038 D/dalvikvm( 7213): JIT unchain all for threadid=11
05-22 17:06:50.101 D/dalvikvm( 7213): GC_FOR_ALLOC freed 163K, 21% free 33888K/42548K, paused 317ms, total 317ms
05-22 17:06:50.218 I/Choreographer( 7213): Skipped 47 frames!  The application may be doing too much work on its main thread.
05-22 17:06:50.648 D/BaseFragment( 7213): [null:-1]->fragment is on stop 
05-22 17:06:50.656 D/BaseFragment( 7213): [null:-1]->fragment is on stop 
05-22 17:06:50.656 D/BaseFragment( 7213): [null:-1]->fragment is on stop 
05-22 17:06:51.820 W/MountService(  375): getVolumeState(/storage/emulated/0/external_sd): Unknown volume
05-22 17:06:51.820 W/MountService(  375): getVolumeState(/mnt/sdcard-ext): Unknown volume
05-22 17:06:51.820 W/MountService(  375): getVolumeState(/mnt/ext_sdcard): Unknown volume
05-22 17:06:51.820 W/MountService(  375): getVolumeState(/mnt/sdcard2): Unknown volume
05-22 17:06:51.820 W/MountService(  375): getVolumeState(/mnt/emmc): Unknown volume
05-22 17:06:51.820 W/MountService(  375): getVolumeState(/mnt/extSdCard): Unknown volume
05-22 17:06:51.820 W/MountService(  375): getVolumeState(/mnt/sdcard/SD_CARD): Unknown volume
05-22 17:06:51.827 W/MountService(  375): getVolumeState(/mnt/sdcard/extra_sd): Unknown volume
05-22 17:06:51.827 W/MountService(  375): getVolumeState(/mnt/extrasd_bind): Unknown volume
05-22 17:06:51.827 W/MountService(  375): getVolumeState(/mnt/sdcard/ext_sd): Unknown volume
05-22 17:06:51.827 W/MountService(  375): getVolumeState(/storage/extSdCard): Unknown volume
05-22 17:06:51.827 W/MountService(  375): getVolumeState(/storage/sdcard1): Unknown volume
05-22 17:06:51.827 W/MountService(  375): getVolumeState(/mnt/sdcard/external_SD): Unknown volume
05-22 17:06:51.827 W/MountService(  375): getVolumeState(/mnt/sdcard/external_sd): Unknown volume
05-22 17:06:51.937 D/dalvikvm( 1693): GC_CONCURRENT freed 331K, 19% free 9597K/11796K, paused 3ms+3ms, total 26ms
05-22 17:06:52.054 W/MountService(  375): getVolumeState(/storage/emulated/0/external_sd): Unknown volume
05-22 17:06:52.062 W/MountService(  375): getVolumeState(/mnt/sdcard-ext): Unknown volume
05-22 17:06:52.062 W/MountService(  375): getVolumeState(/mnt/ext_sdcard): Unknown volume
05-22 17:06:52.062 W/MountService(  375): getVolumeState(/mnt/sdcard2): Unknown volume
05-22 17:06:52.062 W/MountService(  375): getVolumeState(/mnt/emmc): Unknown volume
05-22 17:06:52.062 W/MountService(  375): getVolumeState(/mnt/extSdCard): Unknown volume
05-22 17:06:52.062 W/MountService(  375): getVolumeState(/mnt/sdcard/SD_CARD): Unknown volume
05-22 17:06:52.062 W/MountService(  375): getVolumeState(/mnt/sdcard/extra_sd): Unknown volume
05-22 17:06:52.062 W/MountService(  375): getVolumeState(/mnt/extrasd_bind): Unknown volume
05-22 17:06:52.062 W/MountService(  375): getVolumeState(/mnt/sdcard/ext_sd): Unknown volume
05-22 17:06:52.062 W/MountService(  375): getVolumeState(/storage/extSdCard): Unknown volume
05-22 17:06:52.062 W/MountService(  375): getVolumeState(/storage/sdcard1): Unknown volume
05-22 17:06:52.062 W/MountService(  375): getVolumeState(/mnt/sdcard/external_SD): Unknown volume
05-22 17:06:52.062 W/MountService(  375): getVolumeState(/mnt/sdcard/external_sd): Unknown volume
05-22 17:06:52.093 D/dalvikvm( 1693): GC_CONCURRENT freed 562K, 20% free 9465K/11796K, paused 1ms+1ms, total 19ms
05-22 17:06:52.406 I/QueryController( 8921): Matched selector: UiSelector[TEXT=Personal Mode, CLASS=android.widget.TextView, PACKAGE NAME=com.pekall.emdm.launcher] <<==>> [android.view.accessibility.AccessibilityNodeInfo@39c3b; boundsInParent: Rect(0, 0 - 160, 200); boundsInScreen: Rect(190, 608 - 350, 808); packageName: com.pekall.emdm.launcher; className: android.widget.TextView; text: Personal Mode; contentDescription: null; viewIdResName: null; checkable: false; checked: false; focusable: false; focused: false; selected: false; clickable: true; longClickable: true; enabled: true; password: false; scrollable: false; [ACTION_SELECT, ACTION_CLEAR_SELECTION, ACTION_CLICK, ACTION_LONG_CLICK, ACTION_ACCESSIBILITY_FOCUS, ACTION_NEXT_AT_MOVEMENT_GRANULARITY, ACTION_PREVIOUS_AT_MOVEMENT_GRANULARITY, ACTION_SET_SELECTION]]
05-22 17:06:52.421 I/QueryController( 8921): Matched selector: UiSelector[TEXT=Document Manager, CLASS=android.widget.TextView, PACKAGE NAME=com.pekall.emdm.launcher] <<==>> [android.view.accessibility.AccessibilityNodeInfo@3987a; boundsInParent: Rect(0, 0 - 160, 200); boundsInScreen: Rect(10, 608 - 170, 808); packageName: com.pekall.emdm.launcher; className: android.widget.TextView; text: Document Manager; contentDescription: null; viewIdResName: null; checkable: false; checked: false; focusable: false; focused: false; selected: false; clickable: true; longClickable: true; enabled: true; password: false; scrollable: false; [ACTION_SELECT, ACTION_CLEAR_SELECTION, ACTION_CLICK, ACTION_LONG_CLICK, ACTION_ACCESSIBILITY_FOCUS, ACTION_NEXT_AT_MOVEMENT_GRANULARITY, ACTION_PREVIOUS_AT_MOVEMENT_GRANULARITY, ACTION_SET_SELECTION]]
05-22 17:06:52.437 I/QueryController( 8921): Matched selector: UiSelector[TEXT=Document Manager, CLASS=android.widget.TextView, PACKAGE NAME=com.pekall.emdm.launcher] <<==>> [android.view.accessibility.AccessibilityNodeInfo@3987a; boundsInParent: Rect(0, 0 - 160, 200); boundsInScreen: Rect(10, 608 - 170, 808); packageName: com.pekall.emdm.launcher; className: android.widget.TextView; text: Document Manager; contentDescription: null; viewIdResName: null; checkable: false; checked: false; focusable: false; focused: false; selected: false; clickable: true; longClickable: true; enabled: true; password: false; scrollable: false; [ACTION_SELECT, ACTION_CLEAR_SELECTION, ACTION_CLICK, ACTION_LONG_CLICK, ACTION_ACCESSIBILITY_FOCUS, ACTION_NEXT_AT_MOVEMENT_GRANULARITY, ACTION_PREVIOUS_AT_MOVEMENT_GRANULARITY, ACTION_SET_SELECTION]]
05-22 17:06:52.445 I/QueryController( 8921): Matched selector: UiSelector[TEXT=Document Manager, CLASS=android.widget.TextView, PACKAGE NAME=com.pekall.emdm.launcher] <<==>> [android.view.accessibility.AccessibilityNodeInfo@3987a; boundsInParent: Rect(0, 0 - 160, 200); boundsInScreen: Rect(10, 608 - 170, 808); packageName: com.pekall.emdm.launcher; className: android.widget.TextView; text: Document Manager; contentDescription: null; viewIdResName: null; checkable: false; checked: false; focusable: false; focused: false; selected: false; clickable: true; longClickable: true; enabled: true; password: false; scrollable: false; [ACTION_SELECT, ACTION_CLEAR_SELECTION, ACTION_CLICK, ACTION_LONG_CLICK, ACTION_ACCESSIBILITY_FOCUS, ACTION_NEXT_AT_MOVEMENT_GRANULARITY, ACTION_PREVIOUS_AT_MOVEMENT_GRANULARITY, ACTION_SET_SELECTION]]
05-22 17:06:52.445 D/UiObject( 8921): getText() = Document Manager
05-22 17:06:52.460 I/QueryController( 8921): Matched selector: UiSelector[TEXT=Document Manager, CLASS=android.widget.TextView, PACKAGE NAME=com.pekall.emdm.launcher] <<==>> [android.view.accessibility.AccessibilityNodeInfo@3987a; boundsInParent: Rect(0, 0 - 160, 200); boundsInScreen: Rect(10, 608 - 170, 808); packageName: com.pekall.emdm.launcher; className: android.widget.TextView; text: Document Manager; contentDescription: null; viewIdResName: null; checkable: false; checked: false; focusable: false; focused: false; selected: false; clickable: true; longClickable: true; enabled: true; password: false; scrollable: false; [ACTION_SELECT, ACTION_CLEAR_SELECTION, ACTION_CLICK, ACTION_LONG_CLICK, ACTION_ACCESSIBILITY_FOCUS, ACTION_NEXT_AT_MOVEMENT_GRANULARITY, ACTION_PREVIOUS_AT_MOVEMENT_GRANULARITY, ACTION_SET_SELECTION]]
05-22 17:06:52.476 I/QueryController( 8921): Matched selector: UiSelector[TEXT=Document Manager, CLASS=android.widget.TextView, PACKAGE NAME=com.pekall.emdm.launcher] <<==>> [android.view.accessibility.AccessibilityNodeInfo@3987a; boundsInParent: Rect(0, 0 - 160, 200); boundsInScreen: Rect(10, 608 - 170, 808); packageName: com.pekall.emdm.launcher; className: android.widget.TextView; text: Document Manager; contentDescription: null; viewIdResName: null; checkable: false; checked: false; focusable: false; focused: false; selected: false; clickable: true; longClickable: true; enabled: true; password: false; scrollable: false; [ACTION_SELECT, ACTION_CLEAR_SELECTION, ACTION_CLICK, ACTION_LONG_CLICK, ACTION_ACCESSIBILITY_FOCUS, ACTION_NEXT_AT_MOVEMENT_GRANULARITY, ACTION_PREVIOUS_AT_MOVEMENT_GRANULARITY, ACTION_SET_SELECTION]]
05-22 17:06:52.476 D/InteractionController( 8921): clickAndWaitForNewWindow(90, 708)
05-22 17:06:52.601 V/CounterTextView( 7213): draw
05-22 17:06:52.601 V/CounterTextView( 7213): count = 1
05-22 17:06:52.601 D/MDM :   ( 7213): [null:-1]->zzzzz   getWidth() 160
05-22 17:06:52.601 D/MDM :   ( 7213): [null:-1]->zzzzz   ------------------mWidthTemp >getWidth()() 
05-22 17:06:52.601 V/CounterTextView( 7213): xxxxxxx   136
05-22 17:06:52.609 W/Parcel  (  802): Attempt to read object from Parcel 0x5dfdfdac at offset 200 that is not in the object list
05-22 17:06:52.609 I/ActivityManager(  375): START u0 {flg=0x10000000 cmp=com.pekall.emdm.launcher/com.pekall.emdm.document.activity.DocMainActivity} from pid 7213
05-22 17:06:52.710 D/dalvikvm(  375): GC_FOR_ALLOC freed 1252K, 22% free 18127K/22960K, paused 59ms, total 59ms
05-22 17:06:52.718 D/LauncherApplication( 7213): [null:-1]->onActivityPaused
05-22 17:06:52.726 D/LauncherApplication( 7213): [null:-1]->onActivityPaused  updateTime
05-22 17:06:52.734 V/CounterTextView( 7213): draw
05-22 17:06:52.734 V/CounterTextView( 7213): count = 1
05-22 17:06:52.734 D/MDM :   ( 7213): [null:-1]->zzzzz   getWidth() 160
05-22 17:06:52.734 D/MDM :   ( 7213): [null:-1]->zzzzz   ------------------mWidthTemp >getWidth()() 
05-22 17:06:52.734 V/CounterTextView( 7213): xxxxxxx   136
05-22 17:06:52.765 V/LauncherApplication( 7213): onActivityStarted
05-22 17:06:52.765 D/        ( 7213): [---null: -1---]     awsa  onActivityResumed
05-22 17:06:52.765 V/LauncherApplication( 7213): 2MdmConstant.LAST_LAUNCH_TIME = 1400749612733
05-22 17:06:52.773 D/        ( 7213): [---null: -1---]  activity = com.pekall.emdm.document.activity.DocMainActivity
05-22 17:06:52.781 V/DefultSetContriller( 7213): isLauncherDf = com.pekall.emdm.launcher
05-22 17:06:52.781 V/DefultSetContriller( 7213): isPhoneDf = com.pekall.emdm.launcher
05-22 17:06:52.781 E/LauncherApplication( 7213): isShowLogoutUI = true
05-22 17:06:52.781 E/LauncherApplication( 7213): LogoutShowTime 1
05-22 17:06:52.804 D/BaseFragment( 7213): [null:-1]->mSelection is read = 0 ,mSort is _id DESC
05-22 17:06:52.827 D/BaseFragment( 7213): [null:-1]->mSelection is null ,mSort is _id DESC
05-22 17:06:52.874 D/BaseFragment( 7213): [null:-1]->mSelection is is_favorite = 1 ,mSort is _id DESC
05-22 17:06:52.898 I/ActivityManager(  375): Displayed com.pekall.emdm.launcher/com.pekall.emdm.document.activity.DocMainActivity: +172ms
05-22 17:06:52.945 D/DocAdapter( 7213): [null:-1]->document status is 0 , visible sattus is false
05-22 17:06:52.984 D/DocAdapter( 7213): [null:-1]->document status is 0 , visible sattus is false
05-22 17:06:53.679 I/QueryController( 8921): Matched selector: UiSelector[TEXT=UnRead, CLASS=android.widget.TextView, PACKAGE NAME=com.pekall.emdm.launcher] <<==>> [android.view.accessibility.AccessibilityNodeInfo@8c9b4; boundsInParent: Rect(0, 0 - 100, 38); boundsInScreen: Rect(70, 79 - 170, 117); packageName: com.pekall.emdm.launcher; className: android.widget.TextView; text: UnRead; contentDescription: null; viewIdResName: android:id/title; checkable: false; checked: false; focusable: false; focused: false; selected: true; clickable: false; longClickable: false; enabled: true; password: false; scrollable: false; [ACTION_SELECT, ACTION_CLEAR_SELECTION, ACTION_ACCESSIBILITY_FOCUS, ACTION_NEXT_AT_MOVEMENT_GRANULARITY, ACTION_PREVIOUS_AT_MOVEMENT_GRANULARITY, ACTION_SET_SELECTION]]
05-22 17:06:53.710 I/QueryController( 8921): Matched selector: UiSelector[TEXT=UnRead, CLASS=android.widget.TextView, PACKAGE NAME=com.pekall.emdm.launcher] <<==>> [android.view.accessibility.AccessibilityNodeInfo@8c9b4; boundsInParent: Rect(0, 0 - 100, 38); boundsInScreen: Rect(70, 79 - 170, 117); packageName: com.pekall.emdm.launcher; className: android.widget.TextView; text: UnRead; contentDescription: null; viewIdResName: android:id/title; checkable: false; checked: false; focusable: false; focused: false; selected: true; clickable: false; longClickable: false; enabled: true; password: false; scrollable: false; [ACTION_SELECT, ACTION_CLEAR_SELECTION, ACTION_ACCESSIBILITY_FOCUS, ACTION_NEXT_AT_MOVEMENT_GRANULARITY, ACTION_PREVIOUS_AT_MOVEMENT_GRANULARITY, ACTION_SET_SELECTION]]
05-22 17:06:53.710 D/UiObject( 8921): getText() = UnRead
05-22 17:06:53.734 I/QueryController( 8921): Matched selector: UiSelector[TEXT=UnRead, CLASS=android.widget.TextView, PACKAGE NAME=com.pekall.emdm.launcher] <<==>> [android.view.accessibility.AccessibilityNodeInfo@8c9b4; boundsInParent: Rect(0, 0 - 100, 38); boundsInScreen: Rect(70, 79 - 170, 117); packageName: com.pekall.emdm.launcher; className: android.widget.TextView; text: UnRead; contentDescription: null; viewIdResName: android:id/title; checkable: false; checked: false; focusable: false; focused: false; selected: true; clickable: false; longClickable: false; enabled: true; password: false; scrollable: false; [ACTION_SELECT, ACTION_CLEAR_SELECTION, ACTION_ACCESSIBILITY_FOCUS, ACTION_NEXT_AT_MOVEMENT_GRANULARITY, ACTION_PREVIOUS_AT_MOVEMENT_GRANULARITY, ACTION_SET_SELECTION]]
05-22 17:06:53.757 I/QueryController( 8921): Matched selector: UiSelector[TEXT=UnRead, CLASS=android.widget.TextView, PACKAGE NAME=com.pekall.emdm.launcher] <<==>> [android.view.accessibility.AccessibilityNodeInfo@8c9b4; boundsInParent: Rect(0, 0 - 100, 38); boundsInScreen: Rect(70, 79 - 170, 117); packageName: com.pekall.emdm.launcher; className: android.widget.TextView; text: UnRead; contentDescription: null; viewIdResName: android:id/title; checkable: false; checked: false; focusable: false; focused: false; selected: true; clickable: false; longClickable: false; enabled: true; password: false; scrollable: false; [ACTION_SELECT, ACTION_CLEAR_SELECTION, ACTION_ACCESSIBILITY_FOCUS, ACTION_NEXT_AT_MOVEMENT_GRANULARITY, ACTION_PREVIOUS_AT_MOVEMENT_GRANULARITY, ACTION_SET_SELECTION]]
05-22 17:06:53.757 D/InteractionController( 8921): clickAndWaitForNewWindow(120, 98)
05-22 17:06:56.859 W/InteractionController( 8921): runAndwaitForEvent timedout waiting for events
05-22 17:06:57.554 I/QueryController( 8921): Matched selector: UiSelector[PACKAGE NAME=com.pekall.emdm.launcher] <<==>> [android.view.accessibility.AccessibilityNodeInfo@7e0f6; boundsInParent: Rect(0, 0 - 720, 1184); boundsInScreen: Rect(0, 0 - 720, 1184); packageName: com.pekall.emdm.launcher; className: android.widget.FrameLayout; text: null; contentDescription: null; viewIdResName: null; checkable: false; checked: false; focusable: false; focused: false; selected: false; clickable: false; longClickable: false; enabled: true; password: false; scrollable: false; [ACTION_SELECT, ACTION_CLEAR_SELECTION, ACTION_ACCESSIBILITY_FOCUS]]
05-22 17:06:57.593 I/QueryController( 8921): Matched selector: UiSelector[PACKAGE NAME=com.pekall.emdm.launcher] <<==>> [android.view.accessibility.AccessibilityNodeInfo@7e0f6; boundsInParent: Rect(0, 0 - 720, 1184); boundsInScreen: Rect(0, 0 - 720, 1184); packageName: com.pekall.emdm.launcher; className: android.widget.FrameLayout; text: null; contentDescription: null; viewIdResName: null; checkable: false; checked: false; focusable: false; focused: false; selected: false; clickable: false; longClickable: false; enabled: true; password: false; scrollable: false; [ACTION_SELECT, ACTION_CLEAR_SELECTION, ACTION_ACCESSIBILITY_FOCUS]]
05-22 17:06:57.648 I/ActivityManager(  375): START u0 {act=android.intent.action.MAIN cat=[android.intent.category.HOME] flg=0x10200000 cmp=com.pekall.emdm.launcher/.Launcher} from pid 375
05-22 17:06:57.734 D/dalvikvm(  375): GC_FOR_ALLOC freed 1202K, 22% free 18134K/22960K, paused 56ms, total 56ms
05-22 17:06:57.741 D/LauncherApplication( 7213): [null:-1]->onActivityPaused
05-22 17:06:57.749 D/LauncherApplication( 7213): [null:-1]->onActivityPaused  updateTime
05-22 17:06:57.757 V/LauncherApplication( 7213): onActivityStarted
05-22 17:06:57.757 D/        ( 7213): [---null: -1---]     awsa  onActivityResumed
05-22 17:06:57.757 V/LauncherApplication( 7213): 2MdmConstant.LAST_LAUNCH_TIME = 1400749617759
05-22 17:06:57.765 D/        ( 7213): [---null: -1---]  activity = com.pekall.emdm.launcher.Launcher
05-22 17:06:57.765 V/DefultSetContriller( 7213): isLauncherDf = com.pekall.emdm.launcher
05-22 17:06:57.765 V/DefultSetContriller( 7213): isLauncherDf = com.pekall.emdm.launcher
05-22 17:06:57.773 V/DefultSetContriller( 7213): isPhoneDf = com.pekall.emdm.launcher
05-22 17:06:57.773 E/LauncherApplication( 7213): isShowLogoutUI = true
05-22 17:06:57.773 E/LauncherApplication( 7213): LogoutShowTime 1
05-22 17:06:57.773 V/Launcher( 7213): onResume1111111 
05-22 17:06:57.773 V/Launcher( 7213): is login ----> 
05-22 17:06:57.773 I/System.out( 7213):  
05-22 17:06:57.773 I/System.out( 7213): com.pekall.emdm.launcher.Workspace.setWallpaper(Unknown Source)
05-22 17:06:57.773 I/System.out( 7213): com.pekall.emdm.launcher.Launcher.onResume(Unknown Source)
05-22 17:06:57.773 I/System.out( 7213): android.app.Instrumentation.callActivityOnResume(Instrumentation.java:1192)
05-22 17:06:57.773 I/System.out( 7213): android.app.Activity.performResume(Activity.java:5211)
05-22 17:06:57.773 I/System.out( 7213): android.app.ActivityThread.performResumeActivity(ActivityThread.java:2780)
05-22 17:06:57.773 I/System.out( 7213): android.app.ActivityThread.handleResumeActivity(ActivityThread.java:2819)
05-22 17:06:57.773 I/System.out( 7213): android.app.ActivityThread$H.handleMessage(ActivityThread.java:1298)
05-22 17:06:57.773 I/System.out( 7213): android.os.Handler.dispatchMessage(Handler.java:99)
05-22 17:06:57.773 I/System.out( 7213): android.os.Looper.loop(Looper.java:137)
05-22 17:06:57.773 I/System.out( 7213): android.app.ActivityThread.main(ActivityThread.java:5103)
05-22 17:06:57.773 I/System.out( 7213): java.lang.reflect.Method.invokeNative(Native Method)
05-22 17:06:57.773 I/System.out( 7213): java.lang.reflect.Method.invoke(Method.java:525)
05-22 17:06:57.773 I/System.out( 7213): com.android.internal.os.ZygoteInit$MethodAndArgsCaller.run(ZygoteInit.java:737)
05-22 17:06:57.773 I/System.out( 7213): com.android.internal.os.ZygoteInit.main(ZygoteInit.java:553)
05-22 17:06:57.773 I/System.out( 7213): dalvik.system.NativeStart.main(Native Method)
05-22 17:06:58.023 D/dalvikvm( 7213): JIT unchain all for threadid=11
05-22 17:06:58.085 D/dalvikvm( 7213): GC_FOR_ALLOC freed 3946K, 28% free 30724K/42548K, paused 309ms, total 311ms
05-22 17:06:58.656 D/BaseFragment( 7213): [null:-1]->fragment is on stop 
05-22 17:06:58.656 D/BaseFragment( 7213): [null:-1]->fragment is on stop 
05-22 17:06:58.656 D/BaseFragment( 7213): [null:-1]->fragment is on stop 
