05-22 17:07:45.538 D/        ( 7213): [---null: -1---]  activity = com.pekall.emdm.launcher.Launcher
05-22 17:07:45.538 V/DefultSetContriller( 7213): isLauncherDf = com.pekall.emdm.launcher
05-22 17:07:45.538 V/DefultSetContriller( 7213): isLauncherDf = com.pekall.emdm.launcher
05-22 17:07:45.538 V/DefultSetContriller( 7213): isPhoneDf = com.pekall.emdm.launcher
05-22 17:07:45.538 E/LauncherApplication( 7213): isShowLogoutUI = true
05-22 17:07:45.538 E/LauncherApplication( 7213): LogoutShowTime 1
05-22 17:07:45.538 V/Launcher( 7213): onResume1111111 
05-22 17:07:45.538 V/Launcher( 7213): is login ----> 
05-22 17:07:45.546 I/System.out( 7213):  
05-22 17:07:45.546 I/System.out( 7213): com.pekall.emdm.launcher.Workspace.setWallpaper(Unknown Source)
05-22 17:07:45.546 I/System.out( 7213): com.pekall.emdm.launcher.Launcher.onResume(Unknown Source)
05-22 17:07:45.546 I/System.out( 7213): android.app.Instrumentation.callActivityOnResume(Instrumentation.java:1192)
05-22 17:07:45.546 I/System.out( 7213): android.app.Activity.performResume(Activity.java:5211)
05-22 17:07:45.546 I/System.out( 7213): android.app.ActivityThread.performResumeActivity(ActivityThread.java:2780)
05-22 17:07:45.546 I/System.out( 7213): android.app.ActivityThread.handleResumeActivity(ActivityThread.java:2819)
05-22 17:07:45.546 I/System.out( 7213): android.app.ActivityThread$H.handleMessage(ActivityThread.java:1298)
05-22 17:07:45.546 I/System.out( 7213): android.os.Handler.dispatchMessage(Handler.java:99)
05-22 17:07:45.546 I/System.out( 7213): android.os.Looper.loop(Looper.java:137)
05-22 17:07:45.546 I/System.out( 7213): android.app.ActivityThread.main(ActivityThread.java:5103)
05-22 17:07:45.546 I/System.out( 7213): java.lang.reflect.Method.invokeNative(Native Method)
05-22 17:07:45.546 I/System.out( 7213): java.lang.reflect.Method.invoke(Method.java:525)
05-22 17:07:45.546 I/System.out( 7213): com.android.internal.os.ZygoteInit$MethodAndArgsCaller.run(ZygoteInit.java:737)
05-22 17:07:45.546 I/System.out( 7213): com.android.internal.os.ZygoteInit.main(ZygoteInit.java:553)
05-22 17:07:45.546 I/System.out( 7213): dalvik.system.NativeStart.main(Native Method)
05-22 17:07:45.796 D/dalvikvm( 7213): JIT unchain all for threadid=11
05-22 17:07:45.851 D/dalvikvm( 7213): GC_FOR_ALLOC freed 3916K, 28% free 30720K/42548K, paused 304ms, total 304ms
05-22 17:07:46.398 D/BaseFragment( 7213): [null:-1]->fragment is on stop 
05-22 17:07:46.406 D/BaseFragment( 7213): [null:-1]->fragment is on stop 
05-22 17:07:46.406 D/BaseFragment( 7213): [null:-1]->fragment is on stop 
05-22 17:07:48.195 I/QueryController( 8921): Matched selector: UiSelector[TEXT=Personal Mode, CLASS=android.widget.TextView, PACKAGE NAME=com.pekall.emdm.launcher] <<==>> [android.view.accessibility.AccessibilityNodeInfo@39c3b; boundsInParent: Rect(0, 0 - 160, 200); boundsInScreen: Rect(190, 608 - 350, 808); packageName: com.pekall.emdm.launcher; className: android.widget.TextView; text: Personal Mode; contentDescription: null; viewIdResName: null; checkable: false; checked: false; focusable: false; focused: false; selected: false; clickable: true; longClickable: true; enabled: true; password: false; scrollable: false; [ACTION_SELECT, ACTION_CLEAR_SELECTION, ACTION_CLICK, ACTION_LONG_CLICK, ACTION_ACCESSIBILITY_FOCUS, ACTION_NEXT_AT_MOVEMENT_GRANULARITY, ACTION_PREVIOUS_AT_MOVEMENT_GRANULARITY, ACTION_SET_SELECTION]]
05-22 17:07:48.210 I/QueryController( 8921): Matched selector: UiSelector[TEXT=Document Manager, CLASS=android.widget.TextView, PACKAGE NAME=com.pekall.emdm.launcher] <<==>> [android.view.accessibility.AccessibilityNodeInfo@3987a; boundsInParent: Rect(0, 0 - 160, 200); boundsInScreen: Rect(10, 608 - 170, 808); packageName: com.pekall.emdm.launcher; className: android.widget.TextView; text: Document Manager; contentDescription: null; viewIdResName: null; checkable: false; checked: false; focusable: false; focused: false; selected: false; clickable: true; longClickable: true; enabled: true; password: false; scrollable: false; [ACTION_SELECT, ACTION_CLEAR_SELECTION, ACTION_CLICK, ACTION_LONG_CLICK, ACTION_ACCESSIBILITY_FOCUS, ACTION_NEXT_AT_MOVEMENT_GRANULARITY, ACTION_PREVIOUS_AT_MOVEMENT_GRANULARITY, ACTION_SET_SELECTION]]
05-22 17:07:48.226 I/QueryController( 8921): Matched selector: UiSelector[TEXT=Document Manager, CLASS=android.widget.TextView, PACKAGE NAME=com.pekall.emdm.launcher] <<==>> [android.view.accessibility.AccessibilityNodeInfo@3987a; boundsInParent: Rect(0, 0 - 160, 200); boundsInScreen: Rect(10, 608 - 170, 808); packageName: com.pekall.emdm.launcher; className: android.widget.TextView; text: Document Manager; contentDescription: null; viewIdResName: null; checkable: false; checked: false; focusable: false; focused: false; selected: false; clickable: true; longClickable: true; enabled: true; password: false; scrollable: false; [ACTION_SELECT, ACTION_CLEAR_SELECTION, ACTION_CLICK, ACTION_LONG_CLICK, ACTION_ACCESSIBILITY_FOCUS, ACTION_NEXT_AT_MOVEMENT_GRANULARITY, ACTION_PREVIOUS_AT_MOVEMENT_GRANULARITY, ACTION_SET_SELECTION]]
05-22 17:07:48.234 I/QueryController( 8921): Matched selector: UiSelector[TEXT=Document Manager, CLASS=android.widget.TextView, PACKAGE NAME=com.pekall.emdm.launcher] <<==>> [android.view.accessibility.AccessibilityNodeInfo@3987a; boundsInParent: Rect(0, 0 - 160, 200); boundsInScreen: Rect(10, 608 - 170, 808); packageName: com.pekall.emdm.launcher; className: android.widget.TextView; text: Document Manager; contentDescription: null; viewIdResName: null; checkable: false; checked: false; focusable: false; focused: false; selected: false; clickable: true; longClickable: true; enabled: true; password: false; scrollable: false; [ACTION_SELECT, ACTION_CLEAR_SELECTION, ACTION_CLICK, ACTION_LONG_CLICK, ACTION_ACCESSIBILITY_FOCUS, ACTION_NEXT_AT_MOVEMENT_GRANULARITY, ACTION_PREVIOUS_AT_MOVEMENT_GRANULARITY, ACTION_SET_SELECTION]]
05-22 17:07:48.234 D/UiObject( 8921): getText() = Document Manager
05-22 17:07:48.241 I/QueryController( 8921): Matched selector: UiSelector[TEXT=Document Manager, CLASS=android.widget.TextView, PACKAGE NAME=com.pekall.emdm.launcher] <<==>> [android.view.accessibility.AccessibilityNodeInfo@3987a; boundsInParent: Rect(0, 0 - 160, 200); boundsInScreen: Rect(10, 608 - 170, 808); packageName: com.pekall.emdm.launcher; className: android.widget.TextView; text: Document Manager; contentDescription: null; viewIdResName: null; checkable: false; checked: false; focusable: false; focused: false; selected: false; clickable: true; longClickable: true; enabled: true; password: false; scrollable: false; [ACTION_SELECT, ACTION_CLEAR_SELECTION, ACTION_CLICK, ACTION_LONG_CLICK, ACTION_ACCESSIBILITY_FOCUS, ACTION_NEXT_AT_MOVEMENT_GRANULARITY, ACTION_PREVIOUS_AT_MOVEMENT_GRANULARITY, ACTION_SET_SELECTION]]
05-22 17:07:48.257 I/QueryController( 8921): Matched selector: UiSelector[TEXT=Document Manager, CLASS=android.widget.TextView, PACKAGE NAME=com.pekall.emdm.launcher] <<==>> [android.view.accessibility.AccessibilityNodeInfo@3987a; boundsInParent: Rect(0, 0 - 160, 200); boundsInScreen: Rect(10, 608 - 170, 808); packageName: com.pekall.emdm.launcher; className: android.widget.TextView; text: Document Manager; contentDescription: null; viewIdResName: null; checkable: false; checked: false; focusable: false; focused: false; selected: false; clickable: true; longClickable: true; enabled: true; password: false; scrollable: false; [ACTION_SELECT, ACTION_CLEAR_SELECTION, ACTION_CLICK, ACTION_LONG_CLICK, ACTION_ACCESSIBILITY_FOCUS, ACTION_NEXT_AT_MOVEMENT_GRANULARITY, ACTION_PREVIOUS_AT_MOVEMENT_GRANULARITY, ACTION_SET_SELECTION]]
05-22 17:07:48.257 D/InteractionController( 8921): clickAndWaitForNewWindow(90, 708)
05-22 17:07:48.359 V/CounterTextView( 7213): draw
05-22 17:07:48.366 V/CounterTextView( 7213): count = 1
05-22 17:07:48.366 D/MDM :   ( 7213): [null:-1]->zzzzz   getWidth() 160
05-22 17:07:48.366 D/MDM :   ( 7213): [null:-1]->zzzzz   ------------------mWidthTemp >getWidth()() 
05-22 17:07:48.366 V/CounterTextView( 7213): xxxxxxx   136
05-22 17:07:48.374 W/Parcel  (  802): Attempt to read object from Parcel 0x5f747dac at offset 200 that is not in the object list
05-22 17:07:48.374 I/ActivityManager(  375): START u0 {flg=0x10000000 cmp=com.pekall.emdm.launcher/com.pekall.emdm.document.activity.DocMainActivity} from pid 7213
05-22 17:07:48.476 D/dalvikvm(  375): GC_FOR_ALLOC freed 1193K, 22% free 18111K/22960K, paused 74ms, total 75ms
05-22 17:07:48.491 D/LauncherApplication( 7213): [null:-1]->onActivityPaused
05-22 17:07:48.499 D/LauncherApplication( 7213): [null:-1]->onActivityPaused  updateTime
05-22 17:07:48.507 V/CounterTextView( 7213): draw
05-22 17:07:48.507 V/CounterTextView( 7213): count = 1
05-22 17:07:48.507 D/MDM :   ( 7213): [null:-1]->zzzzz   getWidth() 160
05-22 17:07:48.507 D/MDM :   ( 7213): [null:-1]->zzzzz   ------------------mWidthTemp >getWidth()() 
05-22 17:07:48.507 V/CounterTextView( 7213): xxxxxxx   136
05-22 17:07:48.538 V/LauncherApplication( 7213): onActivityStarted
05-22 17:07:48.538 D/        ( 7213): [---null: -1---]     awsa  onActivityResumed
05-22 17:07:48.538 V/LauncherApplication( 7213): 2MdmConstant.LAST_LAUNCH_TIME = 1400749668505
05-22 17:07:48.546 D/        ( 7213): [---null: -1---]  activity = com.pekall.emdm.document.activity.DocMainActivity
05-22 17:07:48.554 V/DefultSetContriller( 7213): isLauncherDf = com.pekall.emdm.launcher
05-22 17:07:48.554 V/DefultSetContriller( 7213): isPhoneDf = com.pekall.emdm.launcher
05-22 17:07:48.554 E/LauncherApplication( 7213): isShowLogoutUI = true
05-22 17:07:48.554 E/LauncherApplication( 7213): LogoutShowTime 1
05-22 17:07:48.593 D/BaseFragment( 7213): [null:-1]->mSelection is read = 0 ,mSort is _id DESC
05-22 17:07:48.616 D/BaseFragment( 7213): [null:-1]->mSelection is null ,mSort is _id DESC
05-22 17:07:48.624 D/BaseFragment( 7213): [null:-1]->mSelection is is_favorite = 1 ,mSort is _id DESC
05-22 17:07:48.695 I/ActivityManager(  375): Displayed com.pekall.emdm.launcher/com.pekall.emdm.document.activity.DocMainActivity: +197ms
05-22 17:07:48.734 D/DocAdapter( 7213): [null:-1]->document status is 0 , visible sattus is false
05-22 17:07:48.773 D/DocAdapter( 7213): [null:-1]->document status is 0 , visible sattus is false
05-22 17:07:49.421 D/dalvikvm( 8921): GC_CONCURRENT freed 442K, 79% free 637K/2940K, paused 1ms+2ms, total 7ms
05-22 17:07:49.468 I/QueryController( 8921): Matched selector: UiSelector[TEXT=UnRead, CLASS=android.widget.TextView, PACKAGE NAME=com.pekall.emdm.launcher] <<==>> [android.view.accessibility.AccessibilityNodeInfo@fea21; boundsInParent: Rect(0, 0 - 100, 38); boundsInScreen: Rect(70, 79 - 170, 117); packageName: com.pekall.emdm.launcher; className: android.widget.TextView; text: UnRead; contentDescription: null; viewIdResName: android:id/title; checkable: false; checked: false; focusable: false; focused: false; selected: true; clickable: false; longClickable: false; enabled: true; password: false; scrollable: false; [ACTION_SELECT, ACTION_CLEAR_SELECTION, ACTION_ACCESSIBILITY_FOCUS, ACTION_NEXT_AT_MOVEMENT_GRANULARITY, ACTION_PREVIOUS_AT_MOVEMENT_GRANULARITY, ACTION_SET_SELECTION]]
05-22 17:07:49.507 I/QueryController( 8921): Matched selector: UiSelector[TEXT=UnRead, CLASS=android.widget.TextView, PACKAGE NAME=com.pekall.emdm.launcher] <<==>> [android.view.accessibility.AccessibilityNodeInfo@fea21; boundsInParent: Rect(0, 0 - 100, 38); boundsInScreen: Rect(70, 79 - 170, 117); packageName: com.pekall.emdm.launcher; className: android.widget.TextView; text: UnRead; contentDescription: null; viewIdResName: android:id/title; checkable: false; checked: false; focusable: false; focused: false; selected: true; clickable: false; longClickable: false; enabled: true; password: false; scrollable: false; [ACTION_SELECT, ACTION_CLEAR_SELECTION, ACTION_ACCESSIBILITY_FOCUS, ACTION_NEXT_AT_MOVEMENT_GRANULARITY, ACTION_PREVIOUS_AT_MOVEMENT_GRANULARITY, ACTION_SET_SELECTION]]
05-22 17:07:49.507 D/UiObject( 8921): getText() = UnRead
05-22 17:07:49.523 I/QueryController( 8921): Matched selector: UiSelector[TEXT=UnRead, CLASS=android.widget.TextView, PACKAGE NAME=com.pekall.emdm.launcher] <<==>> [android.view.accessibility.AccessibilityNodeInfo@fea21; boundsInParent: Rect(0, 0 - 100, 38); boundsInScreen: Rect(70, 79 - 170, 117); packageName: com.pekall.emdm.launcher; className: android.widget.TextView; text: UnRead; contentDescription: null; viewIdResName: android:id/title; checkable: false; checked: false; focusable: false; focused: false; selected: true; clickable: false; longClickable: false; enabled: true; password: false; scrollable: false; [ACTION_SELECT, ACTION_CLEAR_SELECTION, ACTION_ACCESSIBILITY_FOCUS, ACTION_NEXT_AT_MOVEMENT_GRANULARITY, ACTION_PREVIOUS_AT_MOVEMENT_GRANULARITY, ACTION_SET_SELECTION]]
05-22 17:07:49.538 I/QueryController( 8921): Matched selector: UiSelector[TEXT=UnRead, CLASS=android.widget.TextView, PACKAGE NAME=com.pekall.emdm.launcher] <<==>> [android.view.accessibility.AccessibilityNodeInfo@fea21; boundsInParent: Rect(0, 0 - 100, 38); boundsInScreen: Rect(70, 79 - 170, 117); packageName: com.pekall.emdm.launcher; className: android.widget.TextView; text: UnRead; contentDescription: null; viewIdResName: android:id/title; checkable: false; checked: false; focusable: false; focused: false; selected: true; clickable: false; longClickable: false; enabled: true; password: false; scrollable: false; [ACTION_SELECT, ACTION_CLEAR_SELECTION, ACTION_ACCESSIBILITY_FOCUS, ACTION_NEXT_AT_MOVEMENT_GRANULARITY, ACTION_PREVIOUS_AT_MOVEMENT_GRANULARITY, ACTION_SET_SELECTION]]
05-22 17:07:49.538 D/InteractionController( 8921): clickAndWaitForNewWindow(120, 98)
05-22 17:07:51.804 W/Parcel  (  802): Attempt to read object from Parcel 0x5e0dfdac at offset 200 that is not in the object list
05-22 17:07:51.866 W/MountService(  375): getVolumeState(/storage/emulated/0/external_sd): Unknown volume
05-22 17:07:51.874 W/MountService(  375): getVolumeState(/mnt/sdcard-ext): Unknown volume
05-22 17:07:51.874 W/MountService(  375): getVolumeState(/mnt/ext_sdcard): Unknown volume
05-22 17:07:51.874 W/MountService(  375): getVolumeState(/mnt/sdcard2): Unknown volume
05-22 17:07:51.874 W/MountService(  375): getVolumeState(/mnt/emmc): Unknown volume
05-22 17:07:51.874 W/MountService(  375): getVolumeState(/mnt/extSdCard): Unknown volume
05-22 17:07:51.874 W/MountService(  375): getVolumeState(/mnt/sdcard/SD_CARD): Unknown volume
05-22 17:07:51.874 W/MountService(  375): getVolumeState(/mnt/sdcard/extra_sd): Unknown volume
05-22 17:07:51.882 W/MountService(  375): getVolumeState(/mnt/extrasd_bind): Unknown volume
05-22 17:07:51.882 W/MountService(  375): getVolumeState(/mnt/sdcard/ext_sd): Unknown volume
05-22 17:07:51.906 D/dalvikvm( 1693): GC_CONCURRENT freed 465K, 20% free 9509K/11796K, paused 4ms+6ms, total 53ms
05-22 17:07:51.906 W/MountService(  375): getVolumeState(/storage/extSdCard): Unknown volume
05-22 17:07:51.906 W/MountService(  375): getVolumeState(/storage/sdcard1): Unknown volume
05-22 17:07:51.913 W/MountService(  375): getVolumeState(/mnt/sdcard/external_SD): Unknown volume
05-22 17:07:51.913 W/MountService(  375): getVolumeState(/mnt/sdcard/external_sd): Unknown volume
05-22 17:07:52.234 D/dalvikvm( 1693): GC_CONCURRENT freed 512K, 20% free 9497K/11796K, paused 16ms+3ms, total 57ms
05-22 17:07:52.234 D/dalvikvm( 1693): WAIT_FOR_CONCURRENT_GC blocked 20ms
05-22 17:07:52.234 D/dalvikvm( 1693): WAIT_FOR_CONCURRENT_GC blocked 19ms
05-22 17:07:52.249 W/MountService(  375): getVolumeState(/storage/emulated/0/external_sd): Unknown volume
05-22 17:07:52.249 W/MountService(  375): getVolumeState(/mnt/sdcard-ext): Unknown volume
05-22 17:07:52.249 W/MountService(  375): getVolumeState(/mnt/ext_sdcard): Unknown volume
05-22 17:07:52.249 W/MountService(  375): getVolumeState(/mnt/sdcard2): Unknown volume
05-22 17:07:52.249 W/MountService(  375): getVolumeState(/mnt/emmc): Unknown volume
05-22 17:07:52.249 W/MountService(  375): getVolumeState(/mnt/extSdCard): Unknown volume
05-22 17:07:52.249 W/MountService(  375): getVolumeState(/mnt/sdcard/SD_CARD): Unknown volume
05-22 17:07:52.249 W/MountService(  375): getVolumeState(/mnt/sdcard/extra_sd): Unknown volume
05-22 17:07:52.249 W/MountService(  375): getVolumeState(/mnt/extrasd_bind): Unknown volume
05-22 17:07:52.257 W/MountService(  375): getVolumeState(/mnt/sdcard/ext_sd): Unknown volume
05-22 17:07:52.257 W/MountService(  375): getVolumeState(/storage/extSdCard): Unknown volume
05-22 17:07:52.257 W/MountService(  375): getVolumeState(/storage/sdcard1): Unknown volume
05-22 17:07:52.257 W/MountService(  375): getVolumeState(/mnt/sdcard/external_SD): Unknown volume
05-22 17:07:52.265 W/MountService(  375): getVolumeState(/mnt/sdcard/external_sd): Unknown volume
05-22 17:07:52.374 D/dalvikvm( 1693): GC_CONCURRENT freed 435K, 20% free 9471K/11796K, paused 4ms+3ms, total 30ms
05-22 17:07:52.648 W/InteractionController( 8921): runAndwaitForEvent timedout waiting for events
05-22 17:07:52.757 D/dalvikvm( 8921): GC_CONCURRENT freed 408K, 78% free 648K/2940K, paused 2ms+0ms, total 7ms
05-22 17:07:52.820 I/QueryController( 8921): Matched selector: UiSelector[PACKAGE NAME=com.pekall.emdm.launcher] <<==>> [android.view.accessibility.AccessibilityNodeInfo@f0163; boundsInParent: Rect(0, 0 - 720, 1184); boundsInScreen: Rect(0, 0 - 720, 1184); packageName: com.pekall.emdm.launcher; className: android.widget.FrameLayout; text: null; contentDescription: null; viewIdResName: null; checkable: false; checked: false; focusable: false; focused: false; selected: false; clickable: false; longClickable: false; enabled: true; password: false; scrollable: false; [ACTION_SELECT, ACTION_CLEAR_SELECTION, ACTION_ACCESSIBILITY_FOCUS]]
05-22 17:07:53.335 D/dalvikvm( 8921): GC_CONCURRENT freed 407K, 79% free 627K/2940K, paused 1ms+0ms, total 6ms
05-22 17:07:53.351 I/QueryController( 8921): Matched selector: UiSelector[PACKAGE NAME=com.pekall.emdm.launcher] <<==>> [android.view.accessibility.AccessibilityNodeInfo@f0163; boundsInParent: Rect(0, 0 - 720, 1184); boundsInScreen: Rect(0, 0 - 720, 1184); packageName: com.pekall.emdm.launcher; className: android.widget.FrameLayout; text: null; contentDescription: null; viewIdResName: null; checkable: false; checked: false; focusable: false; focused: false; selected: false; clickable: false; longClickable: false; enabled: true; password: false; scrollable: false; [ACTION_SELECT, ACTION_CLEAR_SELECTION, ACTION_ACCESSIBILITY_FOCUS]]
05-22 17:07:53.390 I/ActivityManager(  375): START u0 {act=android.intent.action.MAIN cat=[android.intent.category.HOME] flg=0x10200000 cmp=com.pekall.emdm.launcher/.Launcher} from pid 375
05-22 17:07:53.476 D/dalvikvm(  375): GC_FOR_ALLOC freed 1248K, 22% free 18121K/22960K, paused 55ms, total 55ms
05-22 17:07:53.484 D/LauncherApplication( 7213): [null:-1]->onActivityPaused
05-22 17:07:53.491 D/LauncherApplication( 7213): [null:-1]->onActivityPaused  updateTime
05-22 17:07:53.507 V/LauncherApplication( 7213): onActivityStarted
05-22 17:07:53.507 D/        ( 7213): [---null: -1---]     awsa  onActivityResumed
05-22 17:07:53.507 V/LauncherApplication( 7213): 2MdmConstant.LAST_LAUNCH_TIME = 1400749673505
05-22 17:07:53.515 D/        ( 7213): [---null: -1---]  activity = com.pekall.emdm.launcher.Launcher
05-22 17:07:53.515 V/DefultSetContriller( 7213): isLauncherDf = com.pekall.emdm.launcher
05-22 17:07:53.515 V/DefultSetContriller( 7213): isLauncherDf = com.pekall.emdm.launcher
05-22 17:07:53.515 V/DefultSetContriller( 7213): isPhoneDf = com.pekall.emdm.launcher
05-22 17:07:53.523 E/LauncherApplication( 7213): isShowLogoutUI = true
05-22 17:07:53.523 E/LauncherApplication( 7213): LogoutShowTime 1
05-22 17:07:53.523 V/Launcher( 7213): onResume1111111 
05-22 17:07:53.523 V/Launcher( 7213): is login ----> 
05-22 17:07:53.523 I/System.out( 7213):  
05-22 17:07:53.523 I/System.out( 7213): com.pekall.emdm.launcher.Workspace.setWallpaper(Unknown Source)
05-22 17:07:53.523 I/System.out( 7213): com.pekall.emdm.launcher.Launcher.onResume(Unknown Source)
05-22 17:07:53.523 I/System.out( 7213): android.app.Instrumentation.callActivityOnResume(Instrumentation.java:1192)
05-22 17:07:53.523 I/System.out( 7213): android.app.Activity.performResume(Activity.java:5211)
05-22 17:07:53.523 I/System.out( 7213): android.app.ActivityThread.performResumeActivity(ActivityThread.java:2780)
05-22 17:07:53.523 I/System.out( 7213): android.app.ActivityThread.handleResumeActivity(ActivityThread.java:2819)
05-22 17:07:53.523 I/System.out( 7213): android.app.ActivityThread$H.handleMessage(ActivityThread.java:1298)
05-22 17:07:53.523 I/System.out( 7213): android.os.Handler.dispatchMessage(Handler.java:99)
05-22 17:07:53.523 I/System.out( 7213): android.os.Looper.loop(Looper.java:137)
05-22 17:07:53.523 I/System.out( 7213): android.app.ActivityThread.main(ActivityThread.java:5103)
05-22 17:07:53.523 I/System.out( 7213): java.lang.reflect.Method.invokeNative(Native Method)
05-22 17:07:53.523 I/System.out( 7213): java.lang.reflect.Method.invoke(Method.java:525)
05-22 17:07:53.523 I/System.out( 7213): com.android.internal.os.ZygoteInit$MethodAndArgsCaller.run(ZygoteInit.java:737)
05-22 17:07:53.531 I/System.out( 7213): com.android.internal.os.ZygoteInit.main(ZygoteInit.java:553)
05-22 17:07:53.531 I/System.out( 7213): dalvik.system.NativeStart.main(Native Method)
05-22 17:07:53.781 D/dalvikvm( 7213): JIT unchain all for threadid=11
05-22 17:07:53.866 D/dalvikvm( 7213): GC_FOR_ALLOC freed 4097K, 22% free 30717K/39212K, paused 337ms, total 337ms
05-22 17:07:53.882 I/dalvikvm-heap( 7213): Grow heap (frag case) to 33.355MB for 3415696-byte allocation
05-22 17:07:54.140 D/dalvikvm( 7213): JIT unchain all for threadid=11
05-22 17:07:54.195 D/dalvikvm( 7213): GC_FOR_ALLOC freed 160K, 21% free 33892K/42548K, paused 308ms, total 308ms
05-22 17:07:54.210 I/Choreographer( 7213): Skipped 41 frames!  The application may be doing too much work on its main thread.
05-22 17:07:54.671 D/BaseFragment( 7213): [null:-1]->fragment is on stop 
05-22 17:07:54.679 D/BaseFragment( 7213): [null:-1]->fragment is on stop 
05-22 17:07:54.679 D/BaseFragment( 7213): [null:-1]->fragment is on stop 
05-22 17:07:56.468 I/QueryController( 8921): Matched selector: UiSelector[TEXT=Personal Mode, CLASS=android.widget.TextView, PACKAGE NAME=com.pekall.emdm.launcher] <<==>> [android.view.accessibility.AccessibilityNodeInfo@39c3b; boundsInParent: Rect(0, 0 - 160, 200); boundsInScreen: Rect(190, 608 - 350, 808); packageName: com.pekall.emdm.launcher; className: android.widget.TextView; text: Personal Mode; contentDescription: null; viewIdResName: null; checkable: false; checked: false; focusable: false; focused: false; selected: false; clickable: true; longClickable: true; enabled: true; password: false; scrollable: false; [ACTION_SELECT, ACTION_CLEAR_SELECTION, ACTION_CLICK, ACTION_LONG_CLICK, ACTION_ACCESSIBILITY_FOCUS, ACTION_NEXT_AT_MOVEMENT_GRANULARITY, ACTION_PREVIOUS_AT_MOVEMENT_GRANULARITY, ACTION_SET_SELECTION]]
05-22 17:07:56.476 I/QueryController( 8921): Matched selector: UiSelector[TEXT=Document Manager, CLASS=android.widget.TextView, PACKAGE NAME=com.pekall.emdm.launcher] <<==>> [android.view.accessibility.AccessibilityNodeInfo@3987a; boundsInParent: Rect(0, 0 - 160, 200); boundsInScreen: Rect(10, 608 - 170, 808); packageName: com.pekall.emdm.launcher; className: android.widget.TextView; text: Document Manager; contentDescription: null; viewIdResName: null; checkable: false; checked: false; focusable: false; focused: false; selected: false; clickable: true; longClickable: true; enabled: true; password: false; scrollable: false; [ACTION_SELECT, ACTION_CLEAR_SELECTION, ACTION_CLICK, ACTION_LONG_CLICK, ACTION_ACCESSIBILITY_FOCUS, ACTION_NEXT_AT_MOVEMENT_GRANULARITY, ACTION_PREVIOUS_AT_MOVEMENT_GRANULARITY, ACTION_SET_SELECTION]]
05-22 17:07:56.484 I/QueryController( 8921): Matched selector: UiSelector[TEXT=Document Manager, CLASS=android.widget.TextView, PACKAGE NAME=com.pekall.emdm.launcher] <<==>> [android.view.accessibility.AccessibilityNodeInfo@3987a; boundsInParent: Rect(0, 0 - 160, 200); boundsInScreen: Rect(10, 608 - 170, 808); packageName: com.pekall.emdm.launcher; className: android.widget.TextView; text: Document Manager; contentDescription: null; viewIdResName: null; checkable: false; checked: false; focusable: false; focused: false; selected: false; clickable: true; longClickable: true; enabled: true; password: false; scrollable: false; [ACTION_SELECT, ACTION_CLEAR_SELECTION, ACTION_CLICK, ACTION_LONG_CLICK, ACTION_ACCESSIBILITY_FOCUS, ACTION_NEXT_AT_MOVEMENT_GRANULARITY, ACTION_PREVIOUS_AT_MOVEMENT_GRANULARITY, ACTION_SET_SELECTION]]
05-22 17:07:56.491 D/dalvikvm( 8921): GC_CONCURRENT freed 410K, 80% free 608K/2940K, paused 0ms+0ms, total 5ms
05-22 17:07:56.499 I/QueryController( 8921): Matched selector: UiSelector[TEXT=Document Manager, CLASS=android.widget.TextView, PACKAGE NAME=com.pekall.emdm.launcher] <<==>> [android.view.accessibility.AccessibilityNodeInfo@3987a; boundsInParent: Rect(0, 0 - 160, 200); boundsInScreen: Rect(10, 608 - 170, 808); packageName: com.pekall.emdm.launcher; className: android.widget.TextView; text: Document Manager; contentDescription: null; viewIdResName: null; checkable: false; checked: false; focusable: false; focused: false; selected: false; clickable: true; longClickable: true; enabled: true; password: false; scrollable: false; [ACTION_SELECT, ACTION_CLEAR_SELECTION, ACTION_CLICK, ACTION_LONG_CLICK, ACTION_ACCESSIBILITY_FOCUS, ACTION_NEXT_AT_MOVEMENT_GRANULARITY, ACTION_PREVIOUS_AT_MOVEMENT_GRANULARITY, ACTION_SET_SELECTION]]
05-22 17:07:56.499 D/UiObject( 8921): getText() = Document Manager
05-22 17:07:56.507 I/QueryController( 8921): Matched selector: UiSelector[TEXT=Document Manager, CLASS=android.widget.TextView, PACKAGE NAME=com.pekall.emdm.launcher] <<==>> [android.view.accessibility.AccessibilityNodeInfo@3987a; boundsInParent: Rect(0, 0 - 160, 200); boundsInScreen: Rect(10, 608 - 170, 808); packageName: com.pekall.emdm.launcher; className: android.widget.TextView; text: Document Manager; contentDescription: null; viewIdResName: null; checkable: false; checked: false; focusable: false; focused: false; selected: false; clickable: true; longClickable: true; enabled: true; password: false; scrollable: false; [ACTION_SELECT, ACTION_CLEAR_SELECTION, ACTION_CLICK, ACTION_LONG_CLICK, ACTION_ACCESSIBILITY_FOCUS, ACTION_NEXT_AT_MOVEMENT_GRANULARITY, ACTION_PREVIOUS_AT_MOVEMENT_GRANULARITY, ACTION_SET_SELECTION]]
05-22 17:07:56.515 I/QueryController( 8921): Matched selector: UiSelector[TEXT=Document Manager, CLASS=android.widget.TextView, PACKAGE NAME=com.pekall.emdm.launcher] <<==>> [android.view.accessibility.AccessibilityNodeInfo@3987a; boundsInParent: Rect(0, 0 - 160, 200); boundsInScreen: Rect(10, 608 - 170, 808); packageName: com.pekall.emdm.launcher; className: android.widget.TextView; text: Document Manager; contentDescription: null; viewIdResName: null; checkable: false; checked: false; focusable: false; focused: false; selected: false; clickable: true; longClickable: true; enabled: true; password: false; scrollable: false; [ACTION_SELECT, ACTION_CLEAR_SELECTION, ACTION_CLICK, ACTION_LONG_CLICK, ACTION_ACCESSIBILITY_FOCUS, ACTION_NEXT_AT_MOVEMENT_GRANULARITY, ACTION_PREVIOUS_AT_MOVEMENT_GRANULARITY, ACTION_SET_SELECTION]]
05-22 17:07:56.515 D/InteractionController( 8921): clickAndWaitForNewWindow(90, 708)
05-22 17:07:56.640 V/CounterTextView( 7213): draw
05-22 17:07:56.640 V/CounterTextView( 7213): count = 1
05-22 17:07:56.640 D/MDM :   ( 7213): [null:-1]->zzzzz   getWidth() 160
05-22 17:07:56.640 D/MDM :   ( 7213): [null:-1]->zzzzz   ------------------mWidthTemp >getWidth()() 
05-22 17:07:56.640 V/CounterTextView( 7213): xxxxxxx   136
05-22 17:07:56.648 W/Parcel  (  802): Attempt to read object from Parcel 0x5ed47dac at offset 200 that is not in the object list
05-22 17:07:56.648 I/ActivityManager(  375): START u0 {flg=0x10000000 cmp=com.pekall.emdm.launcher/com.pekall.emdm.document.activity.DocMainActivity} from pid 7213
05-22 17:07:56.749 D/dalvikvm(  375): GC_FOR_ALLOC freed 1197K, 22% free 18111K/22960K, paused 59ms, total 60ms
05-22 17:07:56.757 D/LauncherApplication( 7213): [null:-1]->onActivityPaused
05-22 17:07:56.765 D/LauncherApplication( 7213): [null:-1]->onActivityPaused  updateTime
05-22 17:07:56.773 V/CounterTextView( 7213): draw
05-22 17:07:56.773 V/CounterTextView( 7213): count = 1
05-22 17:07:56.781 D/MDM :   ( 7213): [null:-1]->zzzzz   getWidth() 160
05-22 17:07:56.781 D/MDM :   ( 7213): [null:-1]->zzzzz   ------------------mWidthTemp >getWidth()() 
05-22 17:07:56.781 V/CounterTextView( 7213): xxxxxxx   136
05-22 17:07:56.812 V/LauncherApplication( 7213): onActivityStarted
05-22 17:07:56.812 D/        ( 7213): [---null: -1---]     awsa  onActivityResumed
05-22 17:07:56.812 V/LauncherApplication( 7213): 2MdmConstant.LAST_LAUNCH_TIME = 1400749676777
05-22 17:07:56.820 D/        ( 7213): [---null: -1---]  activity = com.pekall.emdm.document.activity.DocMainActivity
05-22 17:07:56.827 V/DefultSetContriller( 7213): isLauncherDf = com.pekall.emdm.launcher
05-22 17:07:56.827 V/DefultSetContriller( 7213): isPhoneDf = com.pekall.emdm.launcher
05-22 17:07:56.827 E/LauncherApplication( 7213): isShowLogoutUI = true
05-22 17:07:56.827 E/LauncherApplication( 7213): LogoutShowTime 1
05-22 17:07:56.866 D/BaseFragment( 7213): [null:-1]->mSelection is read = 0 ,mSort is _id DESC
05-22 17:07:56.890 D/BaseFragment( 7213): [null:-1]->mSelection is null ,mSort is _id DESC
05-22 17:07:56.898 D/BaseFragment( 7213): [null:-1]->mSelection is is_favorite = 1 ,mSort is _id DESC
05-22 17:07:56.968 I/ActivityManager(  375): Displayed com.pekall.emdm.launcher/com.pekall.emdm.document.activity.DocMainActivity: +198ms
05-22 17:07:57.007 D/DocAdapter( 7213): [null:-1]->document status is 0 , visible sattus is false
05-22 17:07:57.046 D/DocAdapter( 7213): [null:-1]->document status is 0 , visible sattus is false
05-22 17:07:57.687 I/QueryController( 8921): Matched selector: UiSelector[TEXT=UnRead, CLASS=android.widget.TextView, PACKAGE NAME=com.pekall.emdm.launcher] <<==>> [android.view.accessibility.AccessibilityNodeInfo@1056ff; boundsInParent: Rect(0, 0 - 100, 38); boundsInScreen: Rect(70, 79 - 170, 117); packageName: com.pekall.emdm.launcher; className: android.widget.TextView; text: UnRead; contentDescription: null; viewIdResName: android:id/title; checkable: false; checked: false; focusable: false; focused: false; selected: true; clickable: false; longClickable: false; enabled: true; password: false; scrollable: false; [ACTION_SELECT, ACTION_CLEAR_SELECTION, ACTION_ACCESSIBILITY_FOCUS, ACTION_NEXT_AT_MOVEMENT_GRANULARITY, ACTION_PREVIOUS_AT_MOVEMENT_GRANULARITY, ACTION_SET_SELECTION]]
05-22 17:07:57.749 I/QueryController( 8921): Matched selector: UiSelector[TEXT=UnRead, CLASS=android.widget.TextView, PACKAGE NAME=com.pekall.emdm.launcher] <<==>> [android.view.accessibility.AccessibilityNodeInfo@1056ff; boundsInParent: Rect(0, 0 - 100, 38); boundsInScreen: Rect(70, 79 - 170, 117); packageName: com.pekall.emdm.launcher; className: android.widget.TextView; text: UnRead; contentDescription: null; viewIdResName: android:id/title; checkable: false; checked: false; focusable: false; focused: false; selected: true; clickable: false; longClickable: false; enabled: true; password: false; scrollable: false; [ACTION_SELECT, ACTION_CLEAR_SELECTION, ACTION_ACCESSIBILITY_FOCUS, ACTION_NEXT_AT_MOVEMENT_GRANULARITY, ACTION_PREVIOUS_AT_MOVEMENT_GRANULARITY, ACTION_SET_SELECTION]]
05-22 17:07:57.749 D/UiObject( 8921): getText() = UnRead
05-22 17:07:57.765 I/QueryController( 8921): Matched selector: UiSelector[TEXT=UnRead, CLASS=android.widget.TextView, PACKAGE NAME=com.pekall.emdm.launcher] <<==>> [android.view.accessibility.AccessibilityNodeInfo@1056ff; boundsInParent: Rect(0, 0 - 100, 38); boundsInScreen: Rect(70, 79 - 170, 117); packageName: com.pekall.emdm.launcher; className: android.widget.TextView; text: UnRead; contentDescription: null; viewIdResName: android:id/title; checkable: false; checked: false; focusable: false; focused: false; selected: true; clickable: false; longClickable: false; enabled: true; password: false; scrollable: false; [ACTION_SELECT, ACTION_CLEAR_SELECTION, ACTION_ACCESSIBILITY_FOCUS, ACTION_NEXT_AT_MOVEMENT_GRANULARITY, ACTION_PREVIOUS_AT_MOVEMENT_GRANULARITY, ACTION_SET_SELECTION]]
05-22 17:07:57.773 D/dalvikvm( 8921): GC_CONCURRENT freed 371K, 79% free 637K/2940K, paused 1ms+0ms, total 6ms
05-22 17:07:57.781 I/QueryController( 8921): Matched selector: UiSelector[TEXT=UnRead, CLASS=android.widget.TextView, PACKAGE NAME=com.pekall.emdm.launcher] <<==>> [android.view.accessibility.AccessibilityNodeInfo@1056ff; boundsInParent: Rect(0, 0 - 100, 38); boundsInScreen: Rect(70, 79 - 170, 117); packageName: com.pekall.emdm.launcher; className: android.widget.TextView; text: UnRead; contentDescription: null; viewIdResName: android:id/title; checkable: false; checked: false; focusable: false; focused: false; selected: true; clickable: false; longClickable: false; enabled: true; password: false; scrollable: false; [ACTION_SELECT, ACTION_CLEAR_SELECTION, ACTION_ACCESSIBILITY_FOCUS, ACTION_NEXT_AT_MOVEMENT_GRANULARITY, ACTION_PREVIOUS_AT_MOVEMENT_GRANULARITY, ACTION_SET_SELECTION]]
05-22 17:07:57.781 D/InteractionController( 8921): clickAndWaitForNewWindow(120, 98)
05-22 17:08:00.890 W/InteractionController( 8921): runAndwaitForEvent timedout waiting for events
05-22 17:08:01.062 D/dalvikvm( 8921): GC_CONCURRENT freed 405K, 79% free 626K/2940K, paused 1ms+0ms, total 5ms
05-22 17:08:01.101 I/QueryController( 8921): Matched selector: UiSelector[PACKAGE NAME=com.pekall.emdm.launcher] <<==>> [android.view.accessibility.AccessibilityNodeInfo@100beb; boundsInParent: Rect(0, 0 - 720, 1184); boundsInScreen: Rect(0, 0 - 720, 1184); packageName: com.pekall.emdm.launcher; className: android.widget.FrameLayout; text: null; contentDescription: null; viewIdResName: null; checkable: false; checked: false; focusable: false; focused: false; selected: false; clickable: false; longClickable: false; enabled: true; password: false; scrollable: false; [ACTION_SELECT, ACTION_CLEAR_SELECTION, ACTION_ACCESSIBILITY_FOCUS]]
05-22 17:08:01.616 I/QueryController( 8921): Matched selector: UiSelector[PACKAGE NAME=com.pekall.emdm.launcher] <<==>> [android.view.accessibility.AccessibilityNodeInfo@100beb; boundsInParent: Rect(0, 0 - 720, 1184); boundsInScreen: Rect(0, 0 - 720, 1184); packageName: com.pekall.emdm.launcher; className: android.widget.FrameLayout; text: null; contentDescription: null; viewIdResName: null; checkable: false; checked: false; focusable: false; focused: false; selected: false; clickable: false; longClickable: false; enabled: true; password: false; scrollable: false; [ACTION_SELECT, ACTION_CLEAR_SELECTION, ACTION_ACCESSIBILITY_FOCUS]]
05-22 17:08:01.648 D/dalvikvm( 8921): GC_CONCURRENT freed 381K, 79% free 628K/2940K, paused 1ms+0ms, total 5ms
05-22 17:08:01.663 I/ActivityManager(  375): START u0 {act=android.intent.action.MAIN cat=[android.intent.category.HOME] flg=0x10200000 cmp=com.pekall.emdm.launcher/.Launcher} from pid 375
05-22 17:08:01.749 D/dalvikvm(  375): GC_FOR_ALLOC freed 1218K, 22% free 18120K/22960K, paused 54ms, total 55ms
05-22 17:08:01.757 D/LauncherApplication( 7213): [null:-1]->onActivityPaused
05-22 17:08:01.765 D/LauncherApplication( 7213): [null:-1]->onActivityPaused  updateTime
05-22 17:08:01.781 V/LauncherApplication( 7213): onActivityStarted
05-22 17:08:01.781 D/        ( 7213): [---null: -1---]     awsa  onActivityResumed
05-22 17:08:01.781 V/LauncherApplication( 7213): 2MdmConstant.LAST_LAUNCH_TIME = 1400749681775
05-22 17:08:01.781 D/        ( 7213): [---null: -1---]  activity = com.pekall.emdm.launcher.Launcher
05-22 17:08:01.788 V/DefultSetContriller( 7213): isLauncherDf = com.pekall.emdm.launcher
05-22 17:08:01.788 V/DefultSetContriller( 7213): isLauncherDf = com.pekall.emdm.launcher
05-22 17:08:01.788 V/DefultSetContriller( 7213): isPhoneDf = com.pekall.emdm.launcher
05-22 17:08:01.788 E/LauncherApplication( 7213): isShowLogoutUI = true
05-22 17:08:01.788 E/LauncherApplication( 7213): LogoutShowTime 1
05-22 17:08:01.788 V/Launcher( 7213): onResume1111111 
05-22 17:08:01.788 V/Launcher( 7213): is login ----> 
05-22 17:08:01.788 I/System.out( 7213):  
05-22 17:08:01.796 I/System.out( 7213): com.pekall.emdm.launcher.Workspace.setWallpaper(Unknown Source)
05-22 17:08:01.796 I/System.out( 7213): com.pekall.emdm.launcher.Launcher.onResume(Unknown Source)
05-22 17:08:01.796 I/System.out( 7213): android.app.Instrumentation.callActivityOnResume(Instrumentation.java:1192)
05-22 17:08:01.796 I/System.out( 7213): android.app.Activity.performResume(Activity.java:5211)
05-22 17:08:01.796 I/System.out( 7213): android.app.ActivityThread.performResumeActivity(ActivityThread.java:2780)
05-22 17:08:01.796 I/System.out( 7213): android.app.ActivityThread.handleResumeActivity(ActivityThread.java:2819)
05-22 17:08:01.796 I/System.out( 7213): android.app.ActivityThread$H.handleMessage(ActivityThread.java:1298)
05-22 17:08:01.796 I/System.out( 7213): android.os.Handler.dispatchMessage(Handler.java:99)
05-22 17:08:01.796 I/System.out( 7213): android.os.Looper.loop(Looper.java:137)
05-22 17:08:01.796 I/System.out( 7213): android.app.ActivityThread.main(ActivityThread.java:5103)
05-22 17:08:01.796 I/System.out( 7213): java.lang.reflect.Method.invokeNative(Native Method)
05-22 17:08:01.796 I/System.out( 7213): java.lang.reflect.Method.invoke(Method.java:525)
05-22 17:08:01.796 I/System.out( 7213): com.android.internal.os.ZygoteInit$MethodAndArgsCaller.run(ZygoteInit.java:737)
05-22 17:08:01.796 I/System.out( 7213): com.android.internal.os.ZygoteInit.main(ZygoteInit.java:553)
05-22 17:08:01.796 I/System.out( 7213): dalvik.system.NativeStart.main(Native Method)
05-22 17:08:01.804 D/dalvikvm(  450): GC_FOR_ALLOC freed 743K, 17% free 12756K/15364K, paused 32ms, total 32ms
05-22 17:08:02.054 D/dalvikvm( 7213): JIT unchain all for threadid=11
05-22 17:08:02.124 D/dalvikvm( 7213): GC_FOR_ALLOC freed 3949K, 28% free 30726K/42548K, paused 314ms, total 323ms
05-22 17:08:02.671 D/BaseFragment( 7213): [null:-1]->fragment is on stop 
05-22 17:08:02.679 D/BaseFragment( 7213): [null:-1]->fragment is on stop 
05-22 17:08:02.679 D/BaseFragment( 7213): [null:-1]->fragment is on stop 
05-22 17:08:04.452 I/QueryController( 8921): Matched selector: UiSelector[TEXT=Personal Mode, CLASS=android.widget.TextView, PACKAGE NAME=com.pekall.emdm.launcher] <<==>> [android.view.accessibility.AccessibilityNodeInfo@39c3b; boundsInParent: Rect(0, 0 - 160, 200); boundsInScreen: Rect(190, 608 - 350, 808); packageName: com.pekall.emdm.launcher; className: android.widget.TextView; text: Personal Mode; contentDescription: null; viewIdResName: null; checkable: false; checked: false; focusable: false; focused: false; selected: false; clickable: true; longClickable: true; enabled: true; password: false; scrollable: false; [ACTION_SELECT, ACTION_CLEAR_SELECTION, ACTION_CLICK, ACTION_LONG_CLICK, ACTION_ACCESSIBILITY_FOCUS, ACTION_NEXT_AT_MOVEMENT_GRANULARITY, ACTION_PREVIOUS_AT_MOVEMENT_GRANULARITY, ACTION_SET_SELECTION]]
05-22 17:08:04.468 I/QueryController( 8921): Matched selector: UiSelector[TEXT=Document Manager, CLASS=android.widget.TextView, PACKAGE NAME=com.pekall.emdm.launcher] <<==>> [android.view.accessibility.AccessibilityNodeInfo@3987a; boundsInParent: Rect(0, 0 - 160, 200); boundsInScreen: Rect(10, 608 - 170, 808); packageName: com.pekall.emdm.launcher; className: android.widget.TextView; text: Document Manager; contentDescription: null; viewIdResName: null; checkable: false; checked: false; focusable: false; focused: false; selected: false; clickable: true; longClickable: true; enabled: true; password: false; scrollable: false; [ACTION_SELECT, ACTION_CLEAR_SELECTION, ACTION_CLICK, ACTION_LONG_CLICK, ACTION_ACCESSIBILITY_FOCUS, ACTION_NEXT_AT_MOVEMENT_GRANULARITY, ACTION_PREVIOUS_AT_MOVEMENT_GRANULARITY, ACTION_SET_SELECTION]]
05-22 17:08:04.476 I/QueryController( 8921): Matched selector: UiSelector[TEXT=Document Manager, CLASS=android.widget.TextView, PACKAGE NAME=com.pekall.emdm.launcher] <<==>> [android.view.accessibility.AccessibilityNodeInfo@3987a; boundsInParent: Rect(0, 0 - 160, 200); boundsInScreen: Rect(10, 608 - 170, 808); packageName: com.pekall.emdm.launcher; className: android.widget.TextView; text: Document Manager; contentDescription: null; viewIdResName: null; checkable: false; checked: false; focusable: false; focused: false; selected: false; clickable: true; longClickable: true; enabled: true; password: false; scrollable: false; [ACTION_SELECT, ACTION_CLEAR_SELECTION, ACTION_CLICK, ACTION_LONG_CLICK, ACTION_ACCESSIBILITY_FOCUS, ACTION_NEXT_AT_MOVEMENT_GRANULARITY, ACTION_PREVIOUS_AT_MOVEMENT_GRANULARITY, ACTION_SET_SELECTION]]
05-22 17:08:04.484 I/QueryController( 8921): Matched selector: UiSelector[TEXT=Document Manager, CLASS=android.widget.TextView, PACKAGE NAME=com.pekall.emdm.launcher] <<==>> [android.view.accessibility.AccessibilityNodeInfo@3987a; boundsInParent: Rect(0, 0 - 160, 200); boundsInScreen: Rect(10, 608 - 170, 808); packageName: com.pekall.emdm.launcher; className: android.widget.TextView; text: Document Manager; contentDescription: null; viewIdResName: null; checkable: false; checked: false; focusable: false; focused: false; selected: false; clickable: true; longClickable: true; enabled: true; password: false; scrollable: false; [ACTION_SELECT, ACTION_CLEAR_SELECTION, ACTION_CLICK, ACTION_LONG_CLICK, ACTION_ACCESSIBILITY_FOCUS, ACTION_NEXT_AT_MOVEMENT_GRANULARITY, ACTION_PREVIOUS_AT_MOVEMENT_GRANULARITY, ACTION_SET_SELECTION]]
05-22 17:08:04.484 D/UiObject( 8921): getText() = Document Manager
05-22 17:08:04.499 I/QueryController( 8921): Matched selector: UiSelector[TEXT=Document Manager, CLASS=android.widget.TextView, PACKAGE NAME=com.pekall.emdm.launcher] <<==>> [android.view.accessibility.AccessibilityNodeInfo@3987a; boundsInParent: Rect(0, 0 - 160, 200); boundsInScreen: Rect(10, 608 - 170, 808); packageName: com.pekall.emdm.launcher; className: android.widget.TextView; text: Document Manager; contentDescription: null; viewIdResName: null; checkable: false; checked: false; focusable: false; focused: false; selected: false; clickable: true; longClickable: true; enabled: true; password: false; scrollable: false; [ACTION_SELECT, ACTION_CLEAR_SELECTION, ACTION_CLICK, ACTION_LONG_CLICK, ACTION_ACCESSIBILITY_FOCUS, ACTION_NEXT_AT_MOVEMENT_GRANULARITY, ACTION_PREVIOUS_AT_MOVEMENT_GRANULARITY, ACTION_SET_SELECTION]]
05-22 17:08:04.507 I/QueryController( 8921): Matched selector: UiSelector[TEXT=Document Manager, CLASS=android.widget.TextView, PACKAGE NAME=com.pekall.emdm.launcher] <<==>> [android.view.accessibility.AccessibilityNodeInfo@3987a; boundsInParent: Rect(0, 0 - 160, 200); boundsInScreen: Rect(10, 608 - 170, 808); packageName: com.pekall.emdm.launcher; className: android.widget.TextView; text: Document Manager; contentDescription: null; viewIdResName: null; checkable: false; checked: false; focusable: false; focused: false; selected: false; clickable: true; longClickable: true; enabled: true; password: false; scrollable: false; [ACTION_SELECT, ACTION_CLEAR_SELECTION, ACTION_CLICK, ACTION_LONG_CLICK, ACTION_ACCESSIBILITY_FOCUS, ACTION_NEXT_AT_MOVEMENT_GRANULARITY, ACTION_PREVIOUS_AT_MOVEMENT_GRANULARITY, ACTION_SET_SELECTION]]
05-22 17:08:04.515 D/dalvikvm( 8921): GC_CONCURRENT freed 421K, 79% free 617K/2940K, paused 1ms+1ms, total 5ms
05-22 17:08:04.515 D/InteractionController( 8921): clickAndWaitForNewWindow(90, 708)
05-22 17:08:04.640 V/CounterTextView( 7213): draw
05-22 17:08:04.640 V/CounterTextView( 7213): count = 1
05-22 17:08:04.640 D/MDM :   ( 7213): [null:-1]->zzzzz   getWidth() 160
05-22 17:08:04.640 D/MDM :   ( 7213): [null:-1]->zzzzz   ------------------mWidthTemp >getWidth()() 
05-22 17:08:04.640 V/CounterTextView( 7213): xxxxxxx   136
05-22 17:08:04.648 W/Parcel  (  802): Attempt to read object from Parcel 0x5e0dfdac at offset 200 that is not in the object list
05-22 17:08:04.648 I/ActivityManager(  375): START u0 {flg=0x10000000 cmp=com.pekall.emdm.launcher/com.pekall.emdm.document.activity.DocMainActivity} from pid 7213
05-22 17:08:04.749 D/dalvikvm(  375): GC_FOR_ALLOC freed 1197K, 22% free 18111K/22960K, paused 56ms, total 56ms
05-22 17:08:04.757 D/LauncherApplication( 7213): [null:-1]->onActivityPaused
05-22 17:08:04.765 D/LauncherApplication( 7213): [null:-1]->onActivityPaused  updateTime
05-22 17:08:04.773 V/CounterTextView( 7213): draw
05-22 17:08:04.773 V/CounterTextView( 7213): count = 1
05-22 17:08:04.773 D/MDM :   ( 7213): [null:-1]->zzzzz   getWidth() 160
05-22 17:08:04.781 D/MDM :   ( 7213): [null:-1]->zzzzz   ------------------mWidthTemp >getWidth()() 
05-22 17:08:04.781 V/CounterTextView( 7213): xxxxxxx   136
05-22 17:08:04.804 V/LauncherApplication( 7213): onActivityStarted
05-22 17:08:04.804 D/        ( 7213): [---null: -1---]     awsa  onActivityResumed
05-22 17:08:04.804 V/LauncherApplication( 7213): 2MdmConstant.LAST_LAUNCH_TIME = 1400749684773
05-22 17:08:04.812 D/        ( 7213): [---null: -1---]  activity = com.pekall.emdm.document.activity.DocMainActivity
05-22 17:08:04.812 V/DefultSetContriller( 7213): isLauncherDf = com.pekall.emdm.launcher
05-22 17:08:04.820 V/DefultSetContriller( 7213): isPhoneDf = com.pekall.emdm.launcher
05-22 17:08:04.820 E/LauncherApplication( 7213): isShowLogoutUI = true
05-22 17:08:04.820 E/LauncherApplication( 7213): LogoutShowTime 1
05-22 17:08:04.866 D/BaseFragment( 7213): [null:-1]->mSelection is read = 0 ,mSort is _id DESC
05-22 17:08:04.882 D/BaseFragment( 7213): [null:-1]->mSelection is null ,mSort is _id DESC
05-22 17:08:04.882 D/BaseFragment( 7213): [null:-1]->mSelection is is_favorite = 1 ,mSort is _id DESC
05-22 17:08:04.960 I/ActivityManager(  375): Displayed com.pekall.emdm.launcher/com.pekall.emdm.document.activity.DocMainActivity: +198ms
05-22 17:08:05.015 D/DocAdapter( 7213): [null:-1]->document status is 0 , visible sattus is false
05-22 17:08:05.054 D/DocAdapter( 7213): [null:-1]->document status is 0 , visible sattus is false
05-22 17:08:05.749 I/QueryController( 8921): Matched selector: UiSelector[TEXT=UnRead, CLASS=android.widget.TextView, PACKAGE NAME=com.pekall.emdm.launcher] <<==>> [android.view.accessibility.AccessibilityNodeInfo@11fb70; boundsInParent: Rect(0, 0 - 100, 38); boundsInScreen: Rect(70, 79 - 170, 117); packageName: com.pekall.emdm.launcher; className: android.widget.TextView; text: UnRead; contentDescription: null; viewIdResName: android:id/title; checkable: false; checked: false; focusable: false; focused: false; selected: true; clickable: false; longClickable: false; enabled: true; password: false; scrollable: false; [ACTION_SELECT, ACTION_CLEAR_SELECTION, ACTION_ACCESSIBILITY_FOCUS, ACTION_NEXT_AT_MOVEMENT_GRANULARITY, ACTION_PREVIOUS_AT_MOVEMENT_GRANULARITY, ACTION_SET_SELECTION]]
05-22 17:08:05.781 I/QueryController( 8921): Matched selector: UiSelector[TEXT=UnRead, CLASS=android.widget.TextView, PACKAGE NAME=com.pekall.emdm.launcher] <<==>> [android.view.accessibility.AccessibilityNodeInfo@11fb70; boundsInParent: Rect(0, 0 - 100, 38); boundsInScreen: Rect(70, 79 - 17