05-22 17:03:53.765 I/QueryController( 8684): Matched selector: UiSelector[PACKAGE NAME=com.android.launcher] <<==>> [android.view.accessibility.AccessibilityNodeInfo@74f7; boundsInParent: Rect(0, 0 - 720, 1184); boundsInScreen: Rect(0, 0 - 720, 1184); packageName: com.android.launcher; className: android.widget.FrameLayout; text: null; contentDescription: null; viewIdResName: null; checkable: false; checked: false; focusable: false; focused: false; selected: false; clickable: false; longClickable: false; enabled: true; password: false; scrollable: false; [ACTION_SELECT, ACTION_CLEAR_SELECTION, ACTION_ACCESSIBILITY_FOCUS]]
05-22 17:03:53.781 I/QueryController( 8684): Matched selector: UiSelector[TEXT=Settings] <<==>> [android.view.accessibility.AccessibilityNodeInfo@3f9e7; boundsInParent: Rect(0, 0 - 148, 184); boundsInScreen: Rect(16, 379 - 164, 563); packageName: com.android.launcher; className: android.widget.TextView; text: Settings; contentDescription: null; viewIdResName: null; checkable: false; checked: false; focusable: true; focused: false; selected: false; clickable: true; longClickable: true; enabled: true; password: false; scrollable: false; [ACTION_FOCUS, ACTION_SELECT, ACTION_CLEAR_SELECTION, ACTION_CLICK, ACTION_LONG_CLICK, ACTION_ACCESSIBILITY_FOCUS, ACTION_NEXT_AT_MOVEMENT_GRANULARITY, ACTION_PREVIOUS_AT_MOVEMENT_GRANULARITY, ACTION_SET_SELECTION]]
05-22 17:03:53.788 I/QueryController( 8684): Matched selector: UiSelector[TEXT=Settings] <<==>> [android.view.accessibility.AccessibilityNodeInfo@3f9e7; boundsInParent: Rect(0, 0 - 148, 184); boundsInScreen: Rect(16, 379 - 164, 563); packageName: com.android.launcher; className: android.widget.TextView; text: Settings; contentDescription: null; viewIdResName: null; checkable: false; checked: false; focusable: true; focused: false; selected: false; clickable: true; longClickable: true; enabled: true; password: false; scrollable: false; [ACTION_FOCUS, ACTION_SELECT, ACTION_CLEAR_SELECTION, ACTION_CLICK, ACTION_LONG_CLICK, ACTION_ACCESSIBILITY_FOCUS, ACTION_NEXT_AT_MOVEMENT_GRANULARITY, ACTION_PREVIOUS_AT_MOVEMENT_GRANULARITY, ACTION_SET_SELECTION]]
05-22 17:03:53.788 D/InteractionController( 8684): clickAndWaitForNewWindow(90, 471)
05-22 17:03:53.921 W/Parcel  (  802): Attempt to read object from Parcel 0x5dfdfdac at offset 200 that is not in the object list
05-22 17:03:53.921 I/ActivityManager(  375): START u0 {act=android.intent.action.MAIN cat=[android.intent.category.LAUNCHER] flg=0x10200000 cmp=com.android.settings/.Settings} from pid 1150
05-22 17:03:54.023 D/dalvikvm(  375): GC_FOR_ALLOC freed 483K, 19% free 18577K/22848K, paused 64ms, total 64ms
05-22 17:03:54.093 D/dalvikvm(  375): GC_FOR_ALLOC freed 757K, 21% free 18203K/22848K, paused 57ms, total 57ms
05-22 17:03:54.179 D/BluetoothAdapter( 7160): 1110006408: getState() :  mService = null. Returning STATE_OFF
05-22 17:03:54.257 D/WifiService(  375): setWifiEnabled: true pid=7160, uid=1000
05-22 17:03:54.273 D/BluetoothAdapter( 7160): 1110006408: getState() :  mService = null. Returning STATE_OFF
05-22 17:03:54.366 I/ActivityManager(  375): Displayed com.android.settings/.Settings: +247ms
05-22 17:03:55.109 I/QueryController( 8684): Matched selector: UiSelector[TEXT=Settings, CLASS=android.widget.TextView, PACKAGE NAME=com.android.settings] <<==>> [android.view.accessibility.AccessibilityNodeInfo@12249d; boundsInParent: Rect(0, 0 - 131, 48); boundsInScreen: Rect(97, 74 - 228, 122); packageName: com.android.settings; className: android.widget.TextView; text: Settings; contentDescription: null; viewIdResName: android:id/action_bar_title; checkable: false; checked: false; focusable: false; focused: false; selected: false; clickable: false; longClickable: false; enabled: true; password: false; scrollable: false; [ACTION_SELECT, ACTION_CLEAR_SELECTION, ACTION_ACCESSIBILITY_FOCUS, ACTION_NEXT_AT_MOVEMENT_GRANULARITY, ACTION_PREVIOUS_AT_MOVEMENT_GRANULARITY, ACTION_SET_SELECTION]]
05-22 17:03:55.132 I/QueryController( 8684): Matched selector: UiSelector[TEXT=WiFi] <<==>> [android.view.accessibility.AccessibilityNodeInfo@11b3ff; boundsInParent: Rect(0, 0 - 83, 48); boundsInScreen: Rect(116, 236 - 199, 284); packageName: com.android.settings; className: android.widget.TextView; text: WiFi; contentDescription: null; viewIdResName: android:id/title; checkable: false; checked: false; focusable: false; focused: false; selected: false; clickable: false; longClickable: false; enabled: true; password: false; scrollable: false; [ACTION_SELECT, ACTION_CLEAR_SELECTION, ACTION_ACCESSIBILITY_FOCUS, ACTION_NEXT_AT_MOVEMENT_GRANULARITY, ACTION_PREVIOUS_AT_MOVEMENT_GRANULARITY, ACTION_SET_SELECTION]]
05-22 17:03:55.648 I/QueryController( 8684): Matched selector: UiSelector[TEXT=WiFi] <<==>> [android.view.accessibility.AccessibilityNodeInfo@11b3ff; boundsInParent: Rect(0, 0 - 83, 48); boundsInScreen: Rect(116, 236 - 199, 284); packageName: com.android.settings; className: android.widget.TextView; text: WiFi; contentDescription: null; viewIdResName: android:id/title; checkable: false; checked: false; focusable: false; focused: false; selected: false; clickable: false; longClickable: false; enabled: true; password: false; scrollable: false; [ACTION_SELECT, ACTION_CLEAR_SELECTION, ACTION_ACCESSIBILITY_FOCUS, ACTION_NEXT_AT_MOVEMENT_GRANULARITY, ACTION_PREVIOUS_AT_MOVEMENT_GRANULARITY, ACTION_SET_SELECTION]]
05-22 17:03:55.648 D/InteractionController( 8684): clickAndWaitForNewWindow(157, 260)
05-22 17:03:55.827 W/Parcel  (  802): Attempt to read object from Parcel 0x5ed47dac at offset 200 that is not in the object list
05-22 17:03:55.827 I/ActivityManager(  375): START u0 {act=android.intent.action.MAIN cmp=com.android.settings/.SubSettings (has extras)} from pid 7160
05-22 17:03:55.913 D/dalvikvm(  375): GC_FOR_ALLOC freed 790K, 21% free 18221K/22848K, paused 54ms, total 56ms
05-22 17:03:56.116 I/dalvikvm( 7160): Jit: resizing JitTable from 8192 to 16384
05-22 17:03:56.273 I/ActivityManager(  375): Displayed com.android.settings/.SubSettings: +349ms
05-22 17:03:56.288 I/AndroidRuntime( 8684): VM exiting with result code 0.
05-22 17:03:59.991 I/ActivityManager(  375): No longer want com.qihoo360.mobilesafe:PcDaemon (pid 6725): empty for 1800s
05-22 17:04:10.632 D/AndroidRuntime( 8715): 
05-22 17:04:10.632 D/AndroidRuntime( 8715): >>>>>> AndroidRuntime START com.android.internal.os.RuntimeInit <<<<<<
05-22 17:04:10.632 D/AndroidRuntime( 8715): CheckJNI is OFF
05-22 17:04:10.640 D/dalvikvm( 8715): Trying to load lib libjavacore.so 0x0
05-22 17:04:10.640 D/dalvikvm( 8715): Added shared lib libjavacore.so 0x0
05-22 17:04:10.648 D/dalvikvm( 8715): Trying to load lib libnativehelper.so 0x0
05-22 17:04:10.648 D/dalvikvm( 8715): Added shared lib libnativehelper.so 0x0
05-22 17:04:10.796 D/AndroidRuntime( 8715): Calling main entry com.android.commands.uiautomator.Launcher
05-22 17:04:10.827 D/dalvikvm( 8715): Note: class Landroid/app/ActivityManagerNative; has 163 unimplemented (abstract) methods
05-22 17:04:12.515 D/dalvikvm(  375): GC_FOR_ALLOC freed 1057K, 21% free 18149K/22848K, paused 77ms, total 78ms
05-22 17:04:12.577 D/dalvikvm(  375): GC_FOR_ALLOC freed 766K, 21% free 18126K/22848K, paused 56ms, total 56ms
05-22 17:04:12.585 D/BluetoothAdapter( 7160): 1110006408: getState() :  mService = null. Returning STATE_OFF
05-22 17:04:13.437 D/dalvikvm(  375): GC_FOR_ALLOC freed 395K, 20% free 18502K/22848K, paused 53ms, total 53ms
05-22 17:04:13.491 D/dalvikvm(  375): GC_FOR_ALLOC freed 749K, 21% free 18125K/22848K, paused 53ms, total 53ms
05-22 17:04:14.163 I/QueryController( 8715): Matched selector: UiSelector[DESCRIPTION=Apps, PACKAGE NAME=com.android.launcher] <<==>> [android.view.accessibility.AccessibilityNodeInfo@1ec5b; boundsInParent: Rect(524257, 0 - 524399, 104); boundsInScreen: Rect(0, 50 - 142, 154); packageName: com.android.launcher; className: android.widget.TextView; text: Apps; contentDescription: Apps; viewIdResName: null; checkable: false; checked: false; focusable: true; focused: false; selected: true; clickable: true; longClickable: false; enabled: true; password: false; scrollable: false; [ACTION_FOCUS, ACTION_SELECT, ACTION_CLEAR_SELECTION, ACTION_CLICK, ACTION_ACCESSIBILITY_FOCUS, ACTION_NEXT_AT_MOVEMENT_GRANULARITY, ACTION_PREVIOUS_AT_MOVEMENT_GRANULARITY, ACTION_SET_SELECTION]]
05-22 17:04:14.179 I/QueryController( 8715): Matched selector: UiSelector[DESCRIPTION=Apps, PACKAGE NAME=com.android.launcher] <<==>> [android.view.accessibility.AccessibilityNodeInfo@1ec5b; boundsInParent: Rect(524257, 0 - 524399, 104); boundsInScreen: Rect(0, 50 - 142, 154); packageName: com.android.launcher; className: android.widget.TextView; text: Apps; contentDescription: Apps; viewIdResName: null; checkable: false; checked: false; focusable: true; focused: false; selected: true; clickable: true; longClickable: false; enabled: true; password: false; scrollable: false; [ACTION_FOCUS, ACTION_SELECT, ACTION_CLEAR_SELECTION, ACTION_CLICK, ACTION_ACCESSIBILITY_FOCUS, ACTION_NEXT_AT_MOVEMENT_GRANULARITY, ACTION_PREVIOUS_AT_MOVEMENT_GRANULARITY, ACTION_SET_SELECTION]]
05-22 17:04:14.179 D/InteractionController( 8715): clickAndWaitForNewWindow(71, 102)
05-22 17:04:17.281 W/InteractionController( 8715): runAndwaitForEvent timedout waiting for events
05-22 17:04:17.296 I/QueryController( 8715): Matched selector: UiSelector[TEXT=Apps, CLASS=android.widget.TextView, PACKAGE NAME=com.android.launcher] <<==>> [android.view.accessibility.AccessibilityNodeInfo@1ec5b; boundsInParent: Rect(524257, 0 - 524399, 104); boundsInScreen: Rect(0, 50 - 142, 154); packageName: com.android.launcher; className: android.widget.TextView; text: Apps; contentDescription: Apps; viewIdResName: null; checkable: false; checked: false; focusable: true; focused: false; selected: true; clickable: true; longClickable: false; enabled: true; password: false; scrollable: false; [ACTION_FOCUS, ACTION_SELECT, ACTION_CLEAR_SELECTION, ACTION_CLICK, ACTION_ACCESSIBILITY_FOCUS, ACTION_NEXT_AT_MOVEMENT_GRANULARITY, ACTION_PREVIOUS_AT_MOVEMENT_GRANULARITY, ACTION_SET_SELECTION]]
05-22 17:04:17.304 I/QueryController( 8715): Matched selector: UiSelector[TEXT=Apps, CLASS=android.widget.TextView, PACKAGE NAME=com.android.launcher] <<==>> [android.view.accessibility.AccessibilityNodeInfo@1ec5b; boundsInParent: Rect(524257, 0 - 524399, 104); boundsInScreen: Rect(0, 50 - 142, 154); packageName: com.android.launcher; className: android.widget.TextView; text: Apps; contentDescription: Apps; viewIdResName: null; checkable: false; checked: false; focusable: true; focused: false; selected: true; clickable: true; longClickable: false; enabled: true; password: false; scrollable: false; [ACTION_FOCUS, ACTION_SELECT, ACTION_CLEAR_SELECTION, ACTION_CLICK, ACTION_ACCESSIBILITY_FOCUS, ACTION_NEXT_AT_MOVEMENT_GRANULARITY, ACTION_PREVIOUS_AT_MOVEMENT_GRANULARITY, ACTION_SET_SELECTION]]
05-22 17:04:17.304 D/UiObject( 8715): getText() = Apps
05-22 17:04:17.312 I/QueryController( 8715): Matched selector: UiSelector[TEXT=Apps, CLASS=android.widget.TextView, PACKAGE NAME=com.android.launcher] <<==>> [android.view.accessibility.AccessibilityNodeInfo@1ec5b; boundsInParent: Rect(524257, 0 - 524399, 104); boundsInScreen: Rect(0, 50 - 142, 154); packageName: com.android.launcher; className: android.widget.TextView; text: Apps; contentDescription: Apps; viewIdResName: null; checkable: false; checked: false; focusable: true; focused: false; selected: true; clickable: true; longClickable: false; enabled: true; password: false; scrollable: false; [ACTION_FOCUS, ACTION_SELECT, ACTION_CLEAR_SELECTION, ACTION_CLICK, ACTION_ACCESSIBILITY_FOCUS, ACTION_NEXT_AT_MOVEMENT_GRANULARITY, ACTION_PREVIOUS_AT_MOVEMENT_GRANULARITY, ACTION_SET_SELECTION]]
05-22 17:04:17.327 I/QueryController( 8715): Matched selector: UiSelector[TEXT=Apps, CLASS=android.widget.TextView, PACKAGE NAME=com.android.launcher] <<==>> [android.view.accessibility.AccessibilityNodeInfo@1ec5b; boundsInParent: Rect(524257, 0 - 524399, 104); boundsInScreen: Rect(0, 50 - 142, 154); packageName: com.android.launcher; className: android.widget.TextView; text: Apps; contentDescription: Apps; viewIdResName: null; checkable: false; checked: false; focusable: true; focused: false; selected: true; clickable: true; longClickable: false; enabled: true; password: false; scrollable: false; [ACTION_FOCUS, ACTION_SELECT, ACTION_CLEAR_SELECTION, ACTION_CLICK, ACTION_ACCESSIBILITY_FOCUS, ACTION_NEXT_AT_MOVEMENT_GRANULARITY, ACTION_PREVIOUS_AT_MOVEMENT_GRANULARITY, ACTION_SET_SELECTION]]
05-22 17:04:17.327 D/InteractionController( 8715): clickAndWaitForNewWindow(71, 102)
05-22 17:04:20.429 W/InteractionController( 8715): runAndwaitForEvent timedout waiting for events
05-22 17:04:20.445 I/QueryController( 8715): Matched selector: UiSelector[PACKAGE NAME=com.android.launcher] <<==>> [android.view.accessibility.AccessibilityNodeInfo@74f7; boundsInParent: Rect(0, 0 - 720, 1184); boundsInScreen: Rect(0, 0 - 720, 1184); packageName: com.android.launcher; className: android.widget.FrameLayout; text: null; contentDescription: null; viewIdResName: null; checkable: false; checked: false; focusable: false; focused: false; selected: false; clickable: false; longClickable: false; enabled: true; password: false; scrollable: false; [ACTION_SELECT, ACTION_CLEAR_SELECTION, ACTION_ACCESSIBILITY_FOCUS]]
05-22 17:04:20.452 I/QueryController( 8715): Matched selector: UiSelector[TEXT=Settings] <<==>> [android.view.accessibility.AccessibilityNodeInfo@3f9e7; boundsInParent: Rect(0, 0 - 148, 184); boundsInScreen: Rect(16, 379 - 164, 563); packageName: com.android.launcher; className: android.widget.TextView; text: Settings; contentDescription: null; viewIdResName: null; checkable: false; checked: false; focusable: true; focused: false; selected: false; clickable: true; longClickable: true; enabled: true; password: false; scrollable: false; [ACTION_FOCUS, ACTION_SELECT, ACTION_CLEAR_SELECTION, ACTION_CLICK, ACTION_LONG_CLICK, ACTION_ACCESSIBILITY_FOCUS, ACTION_NEXT_AT_MOVEMENT_GRANULARITY, ACTION_PREVIOUS_AT_MOVEMENT_GRANULARITY, ACTION_SET_SELECTION]]
05-22 17:04:20.460 I/QueryController( 8715): Matched selector: UiSelector[TEXT=Settings] <<==>> [android.view.accessibility.AccessibilityNodeInfo@3f9e7; boundsInParent: Rect(0, 0 - 148, 184); boundsInScreen: Rect(16, 379 - 164, 563); packageName: com.android.launcher; className: android.widget.TextView; text: Settings; contentDescription: null; viewIdResName: null; checkable: false; checked: false; focusable: true; focused: false; selected: false; clickable: true; longClickable: true; enabled: true; password: false; scrollable: false; [ACTION_FOCUS, ACTION_SELECT, ACTION_CLEAR_SELECTION, ACTION_CLICK, ACTION_LONG_CLICK, ACTION_ACCESSIBILITY_FOCUS, ACTION_NEXT_AT_MOVEMENT_GRANULARITY, ACTION_PREVIOUS_AT_MOVEMENT_GRANULARITY, ACTION_SET_SELECTION]]
05-22 17:04:20.460 D/InteractionController( 8715): clickAndWaitForNewWindow(90, 471)
05-22 17:04:20.593 W/Parcel  (  802): Attempt to read object from Parcel 0x5e0dfdac at offset 200 that is not in the object list
05-22 17:04:20.593 I/ActivityManager(  375): START u0 {act=android.intent.action.MAIN cat=[android.intent.category.LAUNCHER] flg=0x10200000 cmp=com.android.settings/.Settings} from pid 1150
05-22 17:04:20.702 D/dalvikvm(  375): GC_FOR_ALLOC freed 419K, 19% free 18586K/22848K, paused 60ms, total 60ms
05-22 17:04:20.765 D/dalvikvm(  375): GC_FOR_ALLOC freed 752K, 21% free 18206K/22848K, paused 57ms, total 57ms
05-22 17:04:20.851 D/BluetoothAdapter( 7160): 1110006408: getState() :  mService = null. Returning STATE_OFF
05-22 17:04:20.906 D/WifiService(  375): setWifiEnabled: true pid=7160, uid=1000
05-22 17:04:20.913 D/BluetoothAdapter( 7160): 1110006408: getState() :  mService = null. Returning STATE_OFF
05-22 17:04:21.023 I/ActivityManager(  375): Displayed com.android.settings/.Settings: +241ms
05-22 17:04:21.695 I/QueryController( 8715): Matched selector: UiSelector[TEXT=Settings, CLASS=android.widget.TextView, PACKAGE NAME=com.android.settings] <<==>> [android.view.accessibility.AccessibilityNodeInfo@150be7; boundsInParent: Rect(0, 0 - 131, 48); boundsInScreen: Rect(97, 74 - 228, 122); packageName: com.android.settings; className: android.widget.TextView; text: Settings; contentDescription: null; viewIdResName: android:id/action_bar_title; checkable: false; checked: false; focusable: false; focused: false; selected: false; clickable: false; longClickable: false; enabled: true; password: false; scrollable: false; [ACTION_SELECT, ACTION_CLEAR_SELECTION, ACTION_ACCESSIBILITY_FOCUS, ACTION_NEXT_AT_MOVEMENT_GRANULARITY, ACTION_PREVIOUS_AT_MOVEMENT_GRANULARITY, ACTION_SET_SELECTION]]
05-22 17:04:21.726 I/QueryController( 8715): Matched selector: UiSelector[TEXT=WiFi] <<==>> [android.view.accessibility.AccessibilityNodeInfo@14a2cb; boundsInParent: Rect(0, 0 - 83, 48); boundsInScreen: Rect(116, 236 - 199, 284); packageName: com.android.settings; className: android.widget.TextView; text: WiFi; contentDescription: null; viewIdResName: android:id/title; checkable: false; checked: false; focusable: false; focused: false; selected: false; clickable: false; longClickable: false; enabled: true; password: false; scrollable: false; [ACTION_SELECT, ACTION_CLEAR_SELECTION, ACTION_ACCESSIBILITY_FOCUS, ACTION_NEXT_AT_MOVEMENT_GRANULARITY, ACTION_PREVIOUS_AT_MOVEMENT_GRANULARITY, ACTION_SET_SELECTION]]
05-22 17:04:22.218 I/QueryController( 8715): Matched selector: UiSelector[TEXT=WiFi] <<==>> [android.view.accessibility.AccessibilityNodeInfo@14a2cb; boundsInParent: Rect(0, 0 - 83, 48); boundsInScreen: Rect(116, 236 - 199, 284); packageName: com.android.settings; className: android.widget.TextView; text: WiFi; contentDescription: null; viewIdResName: android:id/title; checkable: false; checked: false; focusable: false; focused: false; selected: false; clickable: false; longClickable: false; enabled: true; password: false; scrollable: false; [ACTION_SELECT, ACTION_CLEAR_SELECTION, ACTION_ACCESSIBILITY_FOCUS, ACTION_NEXT_AT_MOVEMENT_GRANULARITY, ACTION_PREVIOUS_AT_MOVEMENT_GRANULARITY, ACTION_SET_SELECTION]]
05-22 17:04:22.218 D/InteractionController( 8715): clickAndWaitForNewWindow(157, 260)
05-22 17:04:22.390 W/Parcel  (  802): Attempt to read object from Parcel 0x5f747dac at offset 200 that is not in the object list
05-22 17:04:22.390 I/ActivityManager(  375): START u0 {act=android.intent.action.MAIN cmp=com.android.settings/.SubSettings (has extras)} from pid 7160
05-22 17:04:22.476 D/dalvikvm(  375): GC_FOR_ALLOC freed 786K, 21% free 18224K/22848K, paused 54ms, total 55ms
05-22 17:04:22.710 D/dalvikvm( 7160): GC_CONCURRENT freed 3141K, 16% free 17923K/21112K, paused 3ms+23ms, total 93ms
05-22 17:04:22.718 D/dalvikvm( 7160): WAIT_FOR_CONCURRENT_GC blocked 13ms
05-22 17:04:22.898 I/ActivityManager(  375): Displayed com.android.settings/.SubSettings: +411ms
05-22 17:04:22.913 I/AndroidRuntime( 8715): VM exiting with result code 0.
05-22 17:04:23.132 D/dalvikvm( 8737): Late-enabling CheckJNI
05-22 17:04:23.132 I/ActivityManager(  375): Start proc com.pekall.emdm.launcher:remote for service com.pekall.emdm.launcher/com.baidu.location.f: pid=8737 uid=10066 gids={50066, 1015, 3002, 3001, 3003, 1028}
05-22 17:04:23.179 D/ScClassLoader( 8737): >> SOURCE FILE: /data/data/com.pekall.emdm.launcher/app_jars/sc-jdk15on-1.47.0.2.dex.jar
05-22 17:04:23.179 V/MyServiceConnection( 8737): [SConnection] sandbox service is NOT installed.
05-22 17:04:23.179 V/MyServiceConnection( 8737): [SConnection] binding service: pekall.intent.action.SANDBOX_SERVICE
05-22 17:04:23.241 D/dalvikvm( 8737): GC_CONCURRENT freed 109K, 2% free 9267K/9412K, paused 3ms+2ms, total 40ms
05-22 17:04:23.241 D/dalvikvm( 8737): WAIT_FOR_CONCURRENT_GC blocked 11ms
05-22 17:04:23.249 D/dalvikvm( 8737): WAIT_FOR_CONCURRENT_GC blocked 10ms
05-22 17:04:23.249 W/Parcel  (  802): Attempt to read object from Parcel 0x5e0dfdac at offset 200 that is not in the object list
05-22 17:04:23.249 W/Parcel  (  802): Attempt to read object from Parcel 0x5f747dac at offset 200 that is not in the object list
05-22 17:04:23.249 D/Email   ( 8737): Email: init sandbox at the beginning.
05-22 17:04:23.249 V/MyServiceConnection( 8737): [SConnection] retry to bind service
05-22 17:04:23.249 V/MyServiceConnection( 8737): [SConnection] sandbox service is NOT installed.
05-22 17:04:23.249 V/MyServiceConnection( 8737): [SConnection] binding service: pekall.intent.action.SANDBOX_SERVICE
05-22 17:04:23.265 V/MyServiceConnection( 8737): [SConnection] retry to bind service
05-22 17:04:23.265 V/MyServiceConnection( 8737): [SConnection] sandbox service is NOT installed.
05-22 17:04:23.265 V/MyServiceConnection( 8737): [SConnection] binding service: pekall.intent.action.SANDBOX_SERVICE
05-22 17:04:23.281 V/l       ( 8737): Bind requested for task setLogging
05-22 17:04:23.296 D/ExchangeService( 7213): !!! EAS ExchangeService, onCreate
05-22 17:04:23.296 W/Parcel  (  802): Attempt to read object from Parcel 0x5dfdfdac at offset 200 that is not in the object list
05-22 17:04:23.304 D/ExchangeService( 7213): !!! EAS ExchangeService, onStartCommand, startingUp = false, running = false
05-22 17:04:23.304 D/ExchangeService( 7213): to start secureStorageService now
05-22 17:04:23.327 V/a       ( 7213): Bind requested for task test
05-22 17:04:23.335 D/dalvikvm( 8737): GC_CONCURRENT freed 227K, 3% free 9589K/9812K, paused 4ms+6ms, total 40ms
05-22 17:04:23.335 V/a       ( 7213): Connected: com.pekall.semail.service.AccountServiceInternal
05-22 17:04:23.343 D/dalvikvm( 8737): WAIT_FOR_CONCURRENT_GC blocked 4ms
05-22 17:04:23.351 V/a       ( 7213): Connection test succeeded in 26ms
05-22 17:04:23.351 W/DocumentManager( 8737): Sandbox service is not connected.
05-22 17:04:23.351 D/MessageControllerImpl( 8737): controller is null
05-22 17:04:23.351 V/MyServiceConnection( 8737): [SConnection] retry to bind service
05-22 17:04:23.351 V/MyServiceConnection( 8737): [SConnection] sandbox service is NOT installed.
05-22 17:04:23.359 V/MyServiceConnection( 8737): [SConnection] binding service: pekall.intent.action.SANDBOX_SERVICE
05-22 17:04:23.359 V/a       ( 7213): Task test completed; disconnecting
05-22 17:04:23.359 W/SQLiteOpenHelper( 8737): Opened /data/data/com.pekall.emdm.launcher/databases/message.db
05-22 17:04:23.359 D/ExchangeService( 7213): Reconciling accounts...
05-22 17:04:23.359 V/a       ( 7213): Bind requested for task reconcileAccounts
05-22 17:04:23.359 W/dalvikvm( 8737): No implementation found for native Lcom/pekall/sandbox/database/sqlite/SQLiteDatabase;.native_setSqliteSoftHeapLimit:(I)V
05-22 17:04:23.359 D/ActivityThread( 8737): Loading provider com.pekall.semail.provider;com.pekall.semail.notifier: com.pekall.semail.provider.EmailProvider
05-22 17:04:23.366 D/AndroidRuntime( 8737): Shutting down VM
05-22 17:04:23.366 W/dalvikvm( 8737): threadid=1: thread exiting with uncaught exception (group=0x41993700)
05-22 17:04:23.366 D/        ( 8737): [---null: -1---]  Thread is main
05-22 17:04:23.366 W/System.err( 8737): java.lang.UnsatisfiedLinkError: Native method not found: com.pekall.sandbox.database.sqlite.SQLiteDatabase.native_setSqliteSoftHeapLimit:(I)V
05-22 17:04:23.366 W/System.err( 8737): 	at com.pekall.sandbox.database.sqlite.SQLiteDatabase.native_setSqliteSoftHeapLimit(Native Method)
05-22 17:04:23.366 W/System.err( 8737): 	at com.pekall.sandbox.database.sqlite.SQLiteDatabase.<init>(Unknown Source)
05-22 17:04:23.366 W/System.err( 8737): 	at com.pekall.sandbox.database.sqlite.SQLiteDatabase.openDatabase(Unknown Source)
05-22 17:04:23.366 W/System.err( 8737): 	at com.pekall.sandbox.database.sqlite.SQLiteDatabase.openDatabase(Unknown Source)
05-22 17:04:23.366 W/System.err( 8737): 	at com.pekall.sandbox.database.sqlite.SQLiteDatabase.openDatabase(Unknown Source)
05-22 17:04:23.366 W/System.err( 8737): 	at com.pekall.sandbox.database.sqlite.SQLiteOpenHelper.getWritableDatabase(Unknown Source)
05-22 17:04:23.366 W/System.err( 8737): 	at com.pekall.emdm.messagecenter.db.a.a(Unknown Source)
05-22 17:04:23.366 W/System.err( 8737): 	at com.pekall.emdm.messagecenter.db.a.b(Unknown Source)
05-22 17:04:23.366 W/System.err( 8737): 	at com.pekall.emdm.messagecenter.activity.a.onCreate(Unknown Source)
05-22 17:04:23.366 W/System.err( 8737): 	at com.pekall.emdm.launcher.LauncherApplication.onCreate(Unknown Source)
05-22 17:04:23.366 W/System.err( 8737): 	at android.app.Instrumentation.callApplicationOnCreate(Instrumentation.java:1007)
05-22 17:04:23.366 W/System.err( 8737): 	at android.app.ActivityThread.handleBindApplication(ActivityThread.java:4444)
05-22 17:04:23.366 W/System.err( 8737): 	at android.app.ActivityThread.access$1300(ActivityThread.java:141)
05-22 17:04:23.366 W/System.err( 8737): 	at android.app.ActivityThread$H.handleMessage(ActivityThread.java:1316)
05-22 17:04:23.366 W/System.err( 8737): 	at android.os.Handler.dispatchMessage(Handler.java:99)
05-22 17:04:23.366 W/System.err( 8737): 	at android.os.Looper.loop(Looper.java:137)
05-22 17:04:23.366 W/System.err( 8737): 	at android.app.ActivityThread.main(ActivityThread.java:5103)
05-22 17:04:23.366 W/System.err( 8737): 	at java.lang.reflect.Method.invokeNative(Native Method)
05-22 17:04:23.366 W/System.err( 8737): 	at java.lang.reflect.Method.invoke(Method.java:525)
05-22 17:04:23.366 W/System.err( 8737): 	at com.android.internal.os.ZygoteInit$MethodAndArgsCaller.run(ZygoteInit.java:737)
05-22 17:04:23.366 W/System.err( 8737): 	at com.android.internal.os.ZygoteInit.main(ZygoteInit.java:553)
05-22 17:04:23.366 W/System.err( 8737): 	at dalvik.system.NativeStart.main(Native Method)
05-22 17:04:23.374 V/a       ( 7213): Connected: com.pekall.semail.service.AccountServiceInternal
05-22 17:04:23.374 V/a       ( 7213): Waiting for task reconcileAccounts to complete...
05-22 17:04:23.382 V/a       ( 7213): Task reconcileAccounts completed; disconnecting
05-22 17:04:23.382 D/ActivityThread( 8737): Loading provider com.pekall.semail.provider;com.pekall.semail.notifier: com.pekall.semail.provider.EmailProvider
05-22 17:04:23.406 V/a       ( 7213): Wait for reconcileAccounts finished in 29ms
05-22 17:04:23.562 D/ExchangeService( 7213): !!! EAS ExchangeService, stopping self
05-22 17:04:24.593 W/EmailProvider( 8737): restoreIfNeeded...
05-22 17:04:24.859 D/EmailProvider( 8737): restoreAccounts...
05-22 17:04:25.820 D/EmailProvider( 8737): No accounts to restore...
05-22 17:04:25.827 D/EmailProvider( 8737): Deleting orphans...
05-22 17:04:25.859 D/EmailProvider( 8737): EmailProvider pre-caching...
05-22 17:04:26.187 D/EmailProvider( 8737): EmailProvider ready.
05-22 17:04:26.531 D/dalvikvm( 8737): JIT unchain all for threadid=11
05-22 17:04:26.820 D/dalvikvm( 8737): JIT unchain all for threadid=11
05-22 17:04:26.827 D/dalvikvm( 8737): GC_CONCURRENT freed 519K, 6% free 9458K/10016K, paused 288ms+257ms, total 585ms
05-22 17:04:27.296 W/ActivityManager(  375): Unable to start service Intent { cmp=com.pekall.emdm.launcher/com.pekall.semail.service.AttachmentDownloadService } U=0: not found
05-22 17:04:27.398 I/Email   ( 8737): Notifications being toggled: false
05-22 17:04:31.695 D/dalvikvm(  802): GC_EXPLICIT freed 738K, 24% free 12227K/15964K, paused 2ms+4ms, total 81ms
05-22 17:04:36.765 D/dalvikvm(  802): GC_EXPLICIT freed 80K, 24% free 12158K/15964K, paused 2ms+10ms, total 70ms
05-22 17:04:43.156 W/ActivityManager(  375): Timeout executing service: ServiceRecord{426d6610 u0 com.pekall.emdm.launcher/com.baidu.location.f}
05-22 17:04:43.187 I/Process (  375): Sending signal. PID: 8737 SIG: 3
05-22 17:04:43.187 I/dalvikvm( 8737): threadid=3: reacting to signal 3
05-22 17:04:43.382 I/Process (  375): Sending signal. PID: 375 SIG: 3
05-22 17:04:43.382 I/dalvikvm(  375): threadid=3: reacting to signal 3
05-22 17:04:43.437 D/dalvikvm( 8737): JIT unchain all for threadid=11
05-22 17:04:43.468 I/dalvikvm( 8737): Wrote stack traces to '/data/anr/traces.txt'
05-22 17:04:44.687 I/dalvikvm(  375): Wrote stack traces to '/data/anr/traces.txt'
05-22 17:04:44.726 I/Process (  375): Sending signal. PID: 450 SIG: 3
05-22 17:04:44.726 I/dalvikvm(  450): threadid=3: reacting to signal 3
05-22 17:04:44.726 I/Process (  375): Sending signal. PID: 580 SIG: 3
05-22 17:04:44.726 I/dalvikvm(  580): threadid=3: reacting to signal 3
05-22 17:04:44.788 I/dalvikvm(  580): Wrote stack traces to '/data/anr/traces.txt'
05-22 17:04:44.788 I/Process (  375): Sending signal. PID: 587 SIG: 3
05-22 17:04:44.788 I/dalvikvm(  587): threadid=3: reacting to signal 3
05-22 17:04:44.851 I/dalvikvm(  587): Wrote stack traces to '/data/anr/traces.txt'
05-22 17:04:44.866 I/dalvikvm(  450): Wrote stack traces to '/data/anr/traces.txt'
05-22 17:04:45.241 D/dalvikvm(  375): GC_CONCURRENT freed 2013K, 19% free 18557K/22848K, paused 12ms+13ms, total 148ms
05-22 17:04:45.241 D/dalvikvm(  375): WAIT_FOR_CONCURRENT_GC blocked 113ms
05-22 17:04:45.335 D/dalvikvm(  375): GC_EXPLICIT freed 59K, 19% free 18527K/22848K, paused 6ms+6ms, total 88ms
05-22 17:04:45.890 I/Process (  375): Sending signal. PID: 7213 SIG: 3
05-22 17:04:45.890 I/dalvikvm( 7213): threadid=3: reacting to signal 3
05-22 17:04:46.085 I/Process (  375): Sending signal. PID: 802 SIG: 3
05-22 17:04:46.085 I/dalvikvm(  802): threadid=3: reacting to signal 3
05-22 17:04:46.140 D/dalvikvm( 7213): JIT unchain all for threadid=11
05-22 17:04:46.148 I/dalvikvm(  802): Wrote stack traces to '/data/anr/traces.txt'
05-22 17:04:46.156 E/ActivityManager(  375): ANR in com.pekall.emdm.launcher:remote
05-22 17:04:46.156 E/ActivityManager(  375): Reason: Executing service com.pekall.emdm.launcher/com.baidu.location.f
05-22 17:04:46.156 E/ActivityManager(  375): Load: 1.85 / 2.14 / 2.02
05-22 17:04:46.156 E/ActivityManager(  375): CPU usage from 17547ms to 0ms ago:
05-22 17:04:46.156 E/ActivityManager(  375):   96% 8737/com.pekall.emdm.launcher:remote: 96% user + 0% kernel / faults: 352 minor
05-22 17:04:46.156 E/ActivityManager(  375):   95% 7213/com.pekall.emdm.launcher: 95% user + 0% kernel
05-22 17:04:46.156 E/ActivityManager(  375):   1.2% 375/system_server: 0.6% user + 0.5% kernel / faults: 142 minor
05-22 17:04:46.156 E/ActivityManager(  375):   0.8% 8156/kworker/0:0: 0% user + 0.8% kernel
05-22 17:04:46.156 E/ActivityManager(  375):   0.6% 134/adbd: 0.2% user + 0.4% kernel / faults: 13 minor
05-22 17:04:46.156 E/ActivityManager(  375):   0.6% 802/com.qihoo360.mobilesafe:GuardService: 0.5% user + 0.1% kernel / faults: 280 minor
05-22 17:04:46.156 E/ActivityManager(  375):   0.6% 7160/com.android.settings: 0.5% user + 0% kernel / faults: 83 minor
05-22 17:04:46.156 E/ActivityManager(  375):   0.2% 6916/com.qihoo.appstore: 0.1% user + 0% kernel / faults: 3 minor
05-22 17:04:46.156 E/ActivityManager(  375):   0.1% 450/com.android.systemui: 0.1% user + 0% kernel / faults: 1 minor
05-22 17:04:46.156 E/ActivityManager(  375):   0.1% 92/dhd_dpc: 0% user + 0.1% kernel
05-22 17:04:46.156 E/ActivityManager(  375):   0.1% 124/surfaceflinger: 0% user + 0.1% kernel
05-22 17:04:46.156 E/ActivityManager(  375):   0% 95/ueventd: 0% user + 0% kernel
05-22 17:04:46.156 E/ActivityManager(  375):   0% 5626/com.tencent.android.qqdownloader: 0% user + 0% kernel / faults: 12 minor
05-22 17:04:46.156 E/ActivityManager(  375):   0% 7159/kworker/u:2: 0% user + 0% kernel
05-22 17:04:46.156 E/ActivityManager(  375):   0% 7733/com.google.android.apps.maps:GoogleLocationService: 0% user + 0% kernel / faults: 20 minor
05-22 17:04:46.156 E/ActivityManager(  375):  +0% 8773/logcat: 0% user + 0% kernel
05-22 17:04:46.156 E/ActivityManager(  375): 99% TOTAL: 97% user + 1.8% kernel
05-22 17:04:46.156 E/ActivityManager(  375): CPU usage from 2174ms to 2696ms later:
05-22 17:04:46.156 E/ActivityManager(  375):   98% 7213/com.pekall.emdm.launcher: 98% user + 0% kernel
05-22 17:04:46.156 E/ActivityManager(  375):     100% 7226/Thread-360: 100% user + 0% kernel
05-22 17:04:46.156 E/ActivityManager(  375):   96% 8737/com.pekall.emdm.launcher:remote: 96% user + 0% kernel
05-22 17:04:46.156 E/ActivityManager(  375):     96% 8750/Thread-408: 96% user + 0% kernel
05-22 17:04:46.156 E/ActivityManager(  375):   3.8% 375/system_server: 1.9% user + 1.9% kernel / faults: 5 minor
05-22 17:04:46.156 E/ActivityManager(  375):     5.7% 391/ActivityManager: 0% user + 5.7% kernel
05-22 17:04:46.156 E/ActivityManager(  375):     1.9% 387/SensorService: 0% user + 1.9% kernel
05-22 17:04:46.156 E/ActivityManager(  375):   1.1% 802/com.qihoo360.mobilesafe:GuardService: 1.1% user + 0% kernel / faults: 5 minor
05-22 17:04:46.156 E/ActivityManager(  375): 100% TOTAL: 98% user + 1.9% kernel
05-22 17:04:46.156 W/ActivityManager(  375): Killing ProcessRecord{426e29f0 8737:com.pekall.emdm.launcher:remote/u0a10066}: background ANR
05-22 17:04:46.179 V/WiseDownloadConditionControler( 5626): checkCondition  type : WISE_DOWNLOAD  inerrupting: true
05-22 17:04:46.187 I/ActivityManager(  375): Process com.pekall.emdm.launcher:remote (pid 8737) has died.
05-22 17:04:46.187 W/ActivityManager(  375): Scheduling restart of crashed service com.pekall.emdm.launcher/com.baidu.location.f in 1280000ms
05-22 17:04:46.195 W/Parcel  (  802): Attempt to read object from Parcel 0x5ed47dac at offset 200 that is not in the object list
05-22 17:04:46.265 D/dalvikvm(  375): GC_FOR_ALLOC freed 457K, 18% free 18788K/22848K, paused 72ms, total 73ms
05-22 17:04:46.265 I/dalvikvm-heap(  375): Grow heap (frag case) to 18.762MB for 393236-byte allocation
05-22 17:04:46.304 I/dalvikvm( 7213): Wrote stack traces to '/data/anr/traces.txt'
05-22 17:04:46.312 D/ExchangeService( 7213): !!! EAS ExchangeService, onDestroy
05-22 17:04:46.343 D/dalvikvm(  375): GC_FOR_ALLOC freed 257K, 19% free 18914K/23236K, paused 77ms, total 77ms
05-22 17:04:46.351 I/ActivityManager(  375): No longer want com.qihoo360.mobilesafe (pid 6682): empty for 1820s
05-22 17:04:46.476 D/LightsService(  375): Excessive delay setting light: 67ms
05-22 17:04:46.741 D/dalvikvm(  802): GC_EXPLICIT freed 19K, 24% free 12159K/15964K, paused 3ms+3ms, total 48ms
05-22 17:04:46.749 D/LightsService(  375): Excessive delay setting light: 68ms
05-22 17:04:48.804 D/MDM :   ( 7213): [null:-1]->MSG_WEBSOCKET_MESSAGE : {"id":114895697,"type":0,"command":0,"result":0,"reason":0,"params":{"msgId":"855874a5-5edc-4e3e-9359-42ba7d564103,855874a55edc4e3e935942ba7d564103","device":"00013fbc8ecec5b90000014623216a8f","message":"{\"cmd\":\"10119\"}"}}
05-22 17:04:48.820 D/MdmService( 7213): [null:-1]->push message type :0
05-22 17:04:48.820 D/MdmService( 7213): [null:-1]->cmdMessage : {"cmd":"10119"}
05-22 17:04:48.820 D/MdmService( 7213): [null:-1]->command : PushCommandMsg{cmd='10119', msg='null'}
05-22 17:04:48.820 D/MdmStatusManager( 7213): [null:-1]->change status to : Busy
05-22 17:04:48.827 I/TransInfo( 7213): TransInfo created, id: 3, class: class com.pekall.emdm.transaction.c.b
05-22 17:04:48.827 D/NetworkThread( 7213): [null:-1]->----isRunning-----true
05-22 17:04:48.827 D/NetworkThread( 7213): [null:-1]->----isRunning-----true
05-22 17:04:48.827 D/NetworkThread( 7213): [null:-1]->thread wakeup
05-22 17:04:48.851 D/NetworkThread( 7213): [null:-1]->sendHttpPost:PostRequest, url: http://192.168.10.21/rest/mdm/v1/ios/android_server, Params: [content:<?xml version="1.0" encoding="UTF-8"?>
05-22 17:04:48.851 D/NetworkThread( 7213): <!DOCTYPE plist PUBLIC "-//Apple//DTD PLIST 1.0//EN" "http://www.apple.com/DTDs/PropertyList-1.0.dtd">
05-22 17:04:48.851 D/NetworkThread( 7213): <plist version="1.0">
05-22 17:04:48.851 D/NetworkThread( 7213): <dict>
05-22 17:04:48.851 D/NetworkThread( 7213): 	<key>Status</key>
05-22 17:04:48.851 D/NetworkThread( 7213): 	<string>Idle</string>
05-22 17:04:48.851 D/NetworkThread( 7213): 	<key>UDID</key>
05-22 17:04:48.851 D/NetworkThread( 7213): 	<string>00013fbc8ecec5b90000014623216a8f</string>
05-22 17:04:48.851 D/NetworkThread( 7213): </dict>
05-22 17:04:48.851 D/NetworkThread( 7213): </plist>], 
05-22 17:04:48.851 D/HttpClient( 7213): enable apache.http debug
05-22 17:04:48.859 V/DEBUG   ( 7213): HTTP 0
05-22 17:04:49.140 D/dalvikvm( 7213): JIT unchain all for threadid=11
05-22 17:04:49.437 D/dalvikvm( 7213): JIT unchain all for threadid=11
05-22 17:04:49.484 D/dalvikvm( 7213): GC_CONCURRENT freed 10924K, 32% free 29151K/42548K, paused 271ms+264ms, total 593ms
05-22 17:04:49.515 D/MDM :   ( 7213): [null:-1]->statusCode : 200
05-22 17:04:49.515 D/MDM :   ( 7213): [null:-1]->statusCode : 200
05-22 17:04:49.515 V/DEBUG   ( 7213): HTTP 1
05-22 17:04:49.523 D/MDM :   ( 7213): [null:-1]->read network input stream
05-22 17:04:49.523 D/MDM :   ( 7213): [null:-1]->read network input stream
05-22 17:04:49.523 D/MDM :   ( 7213): [null:-1]->read network input stream
05-22 17:04:49.523 D/MDM :   ( 7213): [null:-1]->read network input stream
05-22 17:04:49.523 D/MDM :   ( 7213): [null:-1]->read network input stream
05-22 17:04:49.531 D/MDM :   ( 7213): [null:-1]->Get joson string: <?xml version="1.0" encoding="UTF-8"?>
05-22 17:04:49.531 D/MDM :   ( 7213): <!DOCTYPE plist PUBLIC "-//Apple//DTD PLIST 1.0//EN" "http://www.apple.com/DTDs/PropertyList-1.0.dtd">
05-22 17:04:49.531 D/MDM :   ( 7213): <plist version="1.0">
05-22 17:04:49.531 D/MDM :   ( 7213): <dict>
05-22 17:04:49.531 D/MDM :   ( 7213): 	<key>CommandUUID</key>
05-22 17:04:49.531 D/MDM :   ( 7213): 	<string>7a139848-b616-49bc-933f-fd423a1085c8</string>
05-22 17:04:49.531 D/MDM :   ( 7213): 	<key>Command</key>
05-22 17:04:49.531 D/MDM :   ( 7213): 	<dict>
05-22 17:04:49.531 D/MDM :   ( 7213): 		<key>Payload</key>
05-22 17:04:49.531 D/MDM :   ( 7213): 		<data>
05-22 17:04:49.531 D/MDM :   ( 7213): 			PD94bWwgdmVyc2lvbj0iMS4wIiBlbmNvZGluZz0iVVRGLTgiPz4KPCFET0NUWVBFIHBsaXN0IFBVQkxJQyAiLS8vQXBwbGUvL0RURCBQTElTVCAxLjAvL0VOIiAiaHR0cDovL3d3dy5hcHBsZS5jb20vRFREcy9Qcm9wZXJ0eUxpc3QtMS4wLmR0ZCI+CjxwbGlzdCB2ZXJzaW9uPSIxLjAiPgo8ZGljdD4KCTxrZXk+UGF5bG9hZENvbnRlbnQ8L2tleT4KCTxhcnJheT4KCQk8ZGljdD4KCQkJPGtleT5FbWFpbEFjY291bnREZXNjcmlwdGlvbjwva2V5PgoJCQk8c3RyaW5nPjEyMzwvc3RyaW5nPgoJCQk8a2V5PkVtYWlsQWNjb3VudE5hbWU8L2tleT4KCQkJPHN0cmluZz5Kb2huPC9zdHJpbmc+CgkJCTxrZXk+RW1haWxBY2NvdW50VHlwZTwva2V5PgoJCQk8c3RyaW5nPkVtYWlsVHlwZUlNQVA8L3N0cmluZz4KCQkJPGtleT5JbmNvbWluZ01haWxTZXJ2ZXJBdXRoZW50aWNhdGlvbjwva2V5PgoJCQk8c3RyaW5nPkVtYWlsQXV0aE5vbmU8L3N0cmluZz4KCQkJPGtleT5JbmNvbWluZ01haWxTZXJ2ZXJIb3N0TmFtZTwva2V5PgoJCQk8c3RyaW5nPm1haWwucGVrYWxsLmNvbTwvc3RyaW5nPgoJCQk8a2V5PkluY29taW5nTWFpbFNlcnZlclBvcnROdW1iZXI8L2tleT4KCQkJPGludGVnZXI+OTkzPC9pbnRlZ2VyPgoJCQk8a2V5PkluY29taW5nTWFpbFNlcnZlclVzZVNTTDwva2V5PgoJCQk8dHJ1ZS8+CgkJCTxrZXk+SW5jb21pbmdNYWlsU2VydmVyVXNlcm5hbWU8L2tleT4KCQkJPHN0cmluZz5hdXRvPC9zdHJpbmc+CgkJCTxrZXk+T3V0Z29pbmdQYXNzd29yZFNhbWVBc0luY29taW5nUGFzc3dvcmQ8L2tleT4KCQkJPGZhbHNlLz4KCQkJPGtleT5PdXRnb2luZ01haWxTZXJ2ZXJBdXRoZW50aWNhdGlvbjwva2V5PgoJCQk8c3RyaW5nPkVtYWlsQXV0aE5vbmU8L3N0cmluZz4KCQkJPGtleT5PdXRnb2luZ01haWxTZXJ2ZXJIb3N0TmFtZTwva2V5PgoJCQk8c3RyaW5nPm1haWwucGVrYWxsLmNvbTwvc3RyaW5nPgoJCQk8a2V5Pk91dGdvaW5nTWFpbFNlcnZlclBvcnROdW1iZXI8L2tleT4KCQkJPGludGVnZXI+NDY1PC9pbnRlZ2VyPgoJCQk8a2V5Pk91dGdvaW5nTWFpbFNlcnZlclVzZVNTTDwva2V5PgoJCQk8dHJ1ZS8+CgkJCTxrZXk+T3V0Z29pbmdNYWlsU2VydmVyVXNlcm5hbWU8L2tleT4KCQkJPHN0cmluZz5hdXRvPC9zdHJpbmc+CgkJCTxrZXk+UHJldmVudE1vdmU8L2tleT4KCQkJPHRydWUvPgoJCQk8a2V5PlByZXZlbnRBcHBTaGVldDwva2V5PgoJCQk8ZmFsc2UvPgoJCQk8a2V5PlNNSU1FRW5hYmxlZDwva2V5PgoJCQk8ZmFsc2UvPgoJCQk8a2V5PmRpc2FibGVNYWlsUmVjZW50c1N5bmNpbmc8L2tleT4KCQkJPGZhbHNlLz4KCQkJPGtleT5QYXlsb2FkVHlwZTwva2V5PgoJCQk8c3RyaW5nPmNvbS5hcHBsZS5tYWlsLm1hbmFnZWQ8L3N0cmluZz4KCQkJPGtleT5QYXlsb2FkVmVyc2lvbjwva2V5PgoJCQk8aW50ZWdlcj4xPC9pbnRlZ2VyPgoJCQk8a2V5PlBheWxvYWRJZGVudGlmaWVyPC9rZXk+CgkJCTxzdHJpbmc+UkU0M2NDRWVGTFBDZUJtNkpOcGt5WGVSVkZ2WUtqeUsuRW1haWw8L3N0cmluZz4KCQkJPGtleT5QYXlsb2FkVVVJRDwva2V5PgoJCQk8c3RyaW5nPjBkY2UyYjcyLTZkZmUtNDc5NC1hMGQwLTAwY2RiNTVkOTk0ZTwvc3RyaW5nPgoJCQk8a2V5PlBheWxvYWREaXNwbGF5TmFtZTwva2V5PgoJCQk8c3RyaW5nPkVtYWlsPC9zdHJpbmc+CgkJCTxrZXk+UGF5bG9hZERlc2NyaXB0aW9uPC9rZXk+CgkJCTxzdHJpbmc+6YWN572u5LiO6YKu5Lu255u45YWz55qE6aG555uu44CCPC9zdHJpbmc+CgkJCTxrZXk+UGF5bG9hZE9yZ2FuaXphdGlvbjwva2V5PgoJCQk8c3RyaW5nPlBla2FsbCBDYXB0aWNhbDwvc3RyaW5nPgoJCTwvZGljdD4KCTwvYXJyYXk+Cgk8a2V5PlBheWxvYWRSZW1vdmFsRGlzYWxsb3dlZDwva2V5PgoJPHRydWUvPgoJPGtleT5QYXlsb2FkVHlwZTwva2V5PgoJPHN0cmluZz5Db25maWd1cmF0aW9uPC9zdHJpbmc+Cgk8a2V5PlBheWxvYWRWZXJzaW9uPC9rZXk+Cgk8aW50ZWdlcj4xPC9pbnRlZ2VyPgoJPGtleT5QYXlsb2FkSWRlbnRpZmllcjwva2V5PgoJPHN0cmluZz5SRTQzY0NFZUZMUENlQm02Sk5wa3lYZVJWRnZZS2p5Szwvc3RyaW5nPgoJPGtleT5QYXlsb2FkVVVJRDwva2V5PgoJPHN0cmluZz4zNzQwZTA4YS0zZTE2LTQ2YzEtYmVmZS1lMTI3ZWU2N2UzZjU8L3N0cmluZz4KCTxrZXk+UGF5bG9hZERpc3BsYXlOYW1lPC9rZXk+Cgk8c3RyaW5nPuiHquWKqOWMlua1i+ivlTwvc3RyaW5nPgoJPGtleT5QYXlsb2FkRGVzY3JpcHRpb248L2tleT4KCTxzdHJpbmc+RW1haWzphY3nva7oh6rliqjljJbmtYvor5U8L3N0cmluZz4KCTxrZXk+UGF5bG9hZE9yZ2FuaXphdGlvbjwva2V5PgoJPHN0cmluZz5QZWthbGwgQ2FwdGljYWw8L3N0cmluZz4KPC9kaWN0Pgo8L3BsaXN0Pg==
05-22 17:04:49.531 D/MDM :   ( 7213): 		</data>
05-22 17:04:49.531 D/MDM :   ( 7213): 		<key>RequestType</key>
05-22 17:04:49.531 D/MDM :   ( 7213): 		<string>InstallProfile</string>
05-22 17:04:49.531 D/MDM :   ( 7213): 	</dict>
05-22 17:04:49.531 D/MDM :   ( 7213): </dict>
05-22 17:04:49.531 D/MDM :   ( 7213): </plist>
05-22 17:04:49.546 D/CheckInTransInfo( 7213): [null:-1]->CommandMsg : CommandMsg{CommandUUID='7a139848-b616-49bc-933f-fd423a1085c8', Command=CommandInstallProfile{super=CommandObject{RequestType='InstallProfile'}Payload=[60, 63, 120, 109, 108, 32, 118, 101, 114, 115, 105, 111, 110, 61, 34, 49, 46, 48, 34, 32, 101, 110, 99, 111, 100, 105, 110, 103, 61, 34, 85, 84, 70, 45, 56, 34, 63, 62, 10, 60, 33, 68, 79, 67, 84, 89, 80, 69, 32, 112, 108, 105, 115, 116, 32, 80, 85, 66, 76, 73, 67, 32, 34, 45, 47, 47, 65, 112, 112, 108, 101, 47, 47, 68, 84, 68, 32, 80, 76, 73, 83, 84, 32, 49, 46, 48, 47, 47, 69, 78, 34, 32, 34, 104, 116, 116, 112, 58, 47, 47, 119, 119, 119, 46, 97, 112, 112, 108, 101, 46, 99, 111, 109, 47, 68, 84, 68, 115, 47, 80, 114, 111, 112, 101, 114, 116, 121, 76, 105, 115, 116, 45, 49, 46, 48, 46, 100, 116, 100, 34, 62, 10, 60, 112, 108, 105, 115, 116, 32, 118, 101, 114, 115, 105, 111, 110, 61, 34, 49, 46, 48, 34, 62, 10, 60, 100, 105, 99, 116, 62, 10, 9, 60, 107, 101, 121, 62, 80, 97, 121, 108, 111, 97, 100, 67, 111, 110, 116, 101, 110, 116, 60, 47, 107, 101, 121, 62, 10, 9, 60, 97, 114, 114, 97, 121, 62, 10, 9, 9, 60, 100, 105, 99, 116, 62, 10, 9, 9, 9, 60, 107, 101, 121, 62, 69, 109, 97, 105, 108, 65, 99, 99, 111, 117, 110, 116, 68, 101, 115, 99, 114, 105, 112, 116, 105, 111, 110, 60, 47, 107, 101, 121, 62, 10, 9, 9, 9, 60, 115, 116, 114, 105, 110, 103, 62, 49, 50, 51, 60, 47, 115, 116, 114, 105, 110, 103, 62, 10, 9, 9, 9, 60, 107, 101, 121, 62, 69, 109, 97, 105, 108, 65, 99, 99, 111, 117, 110, 116, 78, 97, 109, 101, 60, 47, 107, 101, 121, 62, 10, 9, 9, 9, 60, 115, 116, 114, 105, 110, 103, 62, 74, 111, 104, 110, 60, 47, 115, 116, 114, 105, 110, 103, 62, 10, 9, 9, 9, 60, 107, 101, 121, 62, 69, 109, 97, 105, 108, 65, 99, 99, 111, 117, 110, 116, 84, 121, 112, 101, 60, 47, 107, 101, 121, 62, 10, 9, 9, 9, 60, 115, 116, 114, 105, 110, 103, 62, 69, 109, 97, 105, 108, 84, 121, 112, 101, 73, 77, 65, 80, 60, 47, 115, 116, 114, 105, 110, 103, 62, 10, 9, 9, 9, 60, 107, 101, 121, 62, 73, 110, 99, 111, 109, 105, 110, 103, 77, 97, 105, 108, 83, 101, 114, 118, 101, 114, 65, 117, 116, 104, 101, 110, 116, 105, 99, 97, 116, 105, 111, 110, 60, 47, 107, 101, 121, 62, 10, 9, 9, 9, 60, 115, 116, 114, 105, 110, 103, 62, 69, 109, 97, 105, 108, 65, 117, 116, 104, 78, 111, 110, 101, 60, 47, 115, 116, 114, 105, 110, 103, 62, 10, 9, 9, 9, 60, 107, 101, 121, 62, 73, 110, 99, 111, 109, 105, 110, 103, 77, 97, 105, 108, 83, 101, 114, 118, 101, 114, 72, 111, 115, 116, 78, 97, 109, 101, 60, 47, 107, 101, 121, 62, 10, 9, 9, 9, 60, 115, 116, 114, 105, 110, 103, 62, 109, 97, 105, 108, 46, 112, 101, 107, 97, 108, 108, 46, 99, 111, 109, 60, 47, 115, 116, 114, 105, 110, 103, 62, 10, 9, 9, 9, 60, 107, 101, 121, 62, 73, 110, 99, 111, 109, 105, 110, 103, 77, 97, 105, 108, 83, 101, 114, 118, 101, 114, 80, 111, 114, 116, 78, 117, 109, 98, 101, 114, 60, 47, 107, 101, 121, 62, 10, 9, 9, 9, 60, 105, 110, 116, 101, 103, 101, 114, 62, 57, 57, 51, 60, 47, 105, 110, 116, 101, 103, 101, 114, 62, 10, 9, 9, 9, 60, 107, 101, 121, 62, 73, 110, 99, 111, 109, 105, 110, 103, 77, 97, 105, 108, 83, 101, 114, 118, 101, 114, 85, 115, 101, 83, 83, 76, 60, 47, 107, 101, 121, 62, 10, 9, 9, 9, 60, 116, 114, 117, 101, 47, 62, 10, 9, 9, 9, 60, 107, 101, 121, 62, 73, 110, 99, 111, 109, 105, 110, 103, 77, 97, 105, 108, 83, 101, 114, 118, 101, 114, 85, 115, 101, 114, 110, 97, 109, 101, 60, 47, 107, 101, 121, 62, 10, 9, 9, 9, 60, 115, 116, 114, 105, 110, 103, 62, 97, 117, 116, 111, 60, 47, 115, 116, 114, 105, 110, 103, 62, 10, 9, 9, 9, 60, 107, 101, 121, 62, 79, 117, 116, 103, 111, 105, 110, 103, 80, 97, 115, 115, 119, 111, 114, 100, 83, 97, 109, 101, 65, 115, 73, 110, 99, 111, 109, 105, 110, 103, 80, 97, 115, 115, 119, 111, 114, 100, 60, 47, 107, 101, 121, 62, 10, 9, 9, 9, 60, 102, 97, 108, 115, 101, 47, 62, 10, 9, 9, 9, 60, 107, 101, 121, 62, 79, 117, 116, 103, 111, 105, 110, 103, 77, 97, 105, 108, 83, 101, 114, 118, 101, 114, 65, 117, 116, 104, 101, 110, 116, 105, 99, 97, 116, 105, 111, 110, 60, 47, 107, 101, 121, 62, 10, 9, 9, 9, 60, 115, 116, 114, 105, 110, 103, 62, 69, 109, 97, 105, 108
05-22 17:04:49.585 D/NetworkThread( 7213): [null:-1]->clear mCurrentTransInfo
05-22 17:04:49.585 D/NetworkThread( 7213): [null:-1]->queue is empty, thread wait...
05-22 17:04:49.687 D/MdmService( 7213): [null:-1]->handleCheckInResult
05-22 17:04:49.687 D/MdmService( 7213): [null:-1]->handleCheckInResult result keyIndex: 3
05-22 17:04:49.695 D/CommandManager( 7213): [null:-1]->execute command: CommandMsg{CommandUUID='7a139848-b616-49bc-933f-fd423a1085c8', Command=CommandInstallProfile{super=CommandObject{RequestType='InstallProfile'}Payload=[60, 63, 120, 109, 108, 32, 118, 101, 114, 115, 105, 111, 110, 61, 34, 49, 46, 48, 34, 32, 101, 110, 99, 111, 100, 105, 110, 103, 61, 34, 85, 84, 70, 45, 56, 34, 63, 62, 10, 60, 33, 68, 79, 67, 84, 89, 80, 69, 32, 112, 108, 105, 115, 116, 32, 80, 85, 66, 76, 73, 67, 32, 34, 45, 47, 47, 65, 112, 112, 108, 101, 47, 47, 68, 84, 68, 32, 80, 76, 73, 83, 84, 32, 49, 46, 48, 47, 47, 69, 78, 34, 32, 34, 104, 116, 116, 112, 58, 47, 47, 119, 119, 119, 46, 97, 112, 112, 108, 101, 46, 99, 111, 109, 47, 68, 84, 68, 115, 47, 80, 114, 111, 112, 101, 114, 116, 121, 76, 105, 115, 116, 45, 49, 46, 48, 46, 100, 116, 100, 34, 62, 10, 60, 112, 108, 105, 115, 116, 32, 118, 101, 114, 115, 105, 111, 110, 61, 34, 49, 46, 48, 34, 62, 10, 60, 100, 105, 99, 116, 62, 10, 9, 60, 107, 101, 121, 62, 80, 97, 121, 108, 111, 97, 100, 67, 111, 110, 116, 101, 110, 116, 60, 47, 107, 101, 121, 62, 10, 9, 60, 97, 114, 114, 97, 121, 62, 10, 9, 9, 60, 100, 105, 99, 116, 62, 10, 9, 9, 9, 60, 107, 101, 121, 62, 69, 109, 97, 105, 108, 65, 99, 99, 111, 117, 110, 116, 68, 101, 115, 99, 114, 105, 112, 116, 105, 111, 110, 60, 47, 107, 101, 121, 62, 10, 9, 9, 9, 60, 115, 116, 114, 105, 110, 103, 62, 49, 50, 51