05-22 17:02:36.366 E/DatabaseUtils(  375): java.lang.SecurityException: Permission denial: writing to secure settings requires android.permission.WRITE_SECURE_SETTINGS
05-22 17:02:36.366 E/DatabaseUtils(  375): 	at com.android.providers.settings.SettingsProvider.checkWritePermissions(SettingsProvider.java:279)
05-22 17:02:36.366 E/DatabaseUtils(  375): 	at com.android.providers.settings.SettingsProvider.insertForUser(SettingsProvider.java:897)
05-22 17:02:36.366 E/DatabaseUtils(  375): 	at com.android.providers.settings.SettingsProvider.callFromPackage(SettingsProvider.java:634)
05-22 17:02:36.366 E/DatabaseUtils(  375): 	at android.content.ContentProvider$Transport.call(ContentProvider.java:279)
05-22 17:02:36.366 E/DatabaseUtils(  375): 	at android.content.ContentProviderNative.onTransact(ContentProviderNative.java:273)
05-22 17:02:36.366 E/DatabaseUtils(  375): 	at android.os.Binder.execTransact(Binder.java:388)
05-22 17:02:36.366 E/DatabaseUtils(  375): 	at dalvik.system.NativeStart.run(Native Method)
05-22 17:02:36.374 D/com.pekall.restrictions.policy( 7213): [null:-1]->allowUseNetworkDate error
05-22 17:02:36.374 D/com.pekall.restrictions.policy( 7213): java.lang.SecurityException: Permission denial: writing to secure settings requires android.permission.WRITE_SECURE_SETTINGS
05-22 17:02:36.374 D/com.pekall.restrictions.policy( 7213): 	at android.os.Parcel.readException(Parcel.java:1431)
05-22 17:02:36.374 D/com.pekall.restrictions.policy( 7213): 	at android.database.DatabaseUtils.readExceptionFromParcel(DatabaseUtils.java:185)
05-22 17:02:36.374 D/com.pekall.restrictions.policy( 7213): 	at android.database.DatabaseUtils.readExceptionFromParcel(DatabaseUtils.java:137)
05-22 17:02:36.374 D/com.pekall.restrictions.policy( 7213): 	at android.content.ContentProviderProxy.call(ContentProviderNative.java:602)
05-22 17:02:36.374 D/com.pekall.restrictions.policy( 7213): 	at android.provider.Settings$NameValueCache.putStringForUser(Settings.java:818)
05-22 17:02:36.374 D/com.pekall.restrictions.policy( 7213): 	at android.provider.Settings$Global.putStringForUser(Settings.java:5529)
05-22 17:02:36.374 D/com.pekall.restrictions.policy( 7213): 	at android.provider.Settings$Global.putString(Settings.java:5519)
05-22 17:02:36.374 D/com.pekall.restrictions.policy( 7213): 	at android.provider.Settings$Global.putInt(Settings.java:5607)
05-22 17:02:36.374 D/com.pekall.restrictions.policy( 7213): 	at com.pekall.emdm.b.c.b.j.c(Unknown Source)
05-22 17:02:36.374 D/com.pekall.restrictions.policy( 7213): 	at com.pekall.emdm.b.c.b.j.f(Unknown Source)
05-22 17:02:36.374 D/com.pekall.restrictions.policy( 7213): 	at com.pekall.emdm.b.c.c.a(Unknown Source)
05-22 17:02:36.374 D/com.pekall.restrictions.policy( 7213): 	at com.pekall.emdm.b.c.d.a(Unknown Source)
05-22 17:02:36.374 D/com.pekall.restrictions.policy( 7213): 	at com.pekall.emdm.b.a.o.a(Unknown Source)
05-22 17:02:36.374 D/com.pekall.restrictions.policy( 7213): 	at com.pekall.emdm.b.a.c.a(Unknown Source)
05-22 17:02:36.374 D/com.pekall.restrictions.policy( 7213): 	at com.pekall.emdm.b.a.ac.a(Unknown Source)
05-22 17:02:36.374 D/com.pekall.restrictions.policy( 7213): 	at com.pekall.emdm.b.a.ac.doInBackground(Unknown Source)
05-22 17:02:36.374 D/com.pekall.restrictions.policy( 7213): 	at android.os.AsyncTask$2.call(AsyncTask.java:287)
05-22 17:02:36.374 D/com.pekall.restrictions.policy( 7213): 	at java.util.concurrent.FutureTask.run(FutureTask.java:234)
05-22 17:02:36.374 D/com.pekall.restrictions.policy( 7213): 	at android.os.AsyncTask$SerialExecutor$1.run(AsyncTask.java:230)
05-22 17:02:36.374 D/com.pekall.restrictions.policy( 7213): 	at java.util.concurrent.ThreadPoolExecutor.runWorker(ThreadPoolExecutor.java:1080)
05-22 17:02:36.374 D/com.pekall.restrictions.policy( 7213): 	at java.util.concurrent.ThreadPoolExecutor$Worker.run(ThreadPoolExecutor.java:573)
05-22 17:02:36.374 D/com.pekall.restrictions.policy( 7213): 	at java.lang.Thread.run(Thread.java:841)
05-22 17:02:36.374 D/com.pekall.restrictions.policy( 7213): [null:-1]->allowNFC : null
05-22 17:02:36.390 D/InnerClass( 7213): [null:-1]->enableNfc : 
05-22 17:02:36.390 D/InnerClass( 7213): java.lang.reflect.InvocationTargetException
05-22 17:02:36.390 D/InnerClass( 7213): 	at java.lang.reflect.Method.invokeNative(Native Method)
05-22 17:02:36.390 D/InnerClass( 7213): 	at java.lang.reflect.Method.invoke(Method.java:525)
05-22 17:02:36.390 D/InnerClass( 7213): 	at com.pekall.emdm.c.i.a(Unknown Source)
05-22 17:02:36.390 D/InnerClass( 7213): 	at com.pekall.emdm.c.c.a(Unknown Source)
05-22 17:02:36.390 D/InnerClass( 7213): 	at com.pekall.emdm.b.c.b.j.b(Unknown Source)
05-22 17:02:36.390 D/InnerClass( 7213): 	at com.pekall.emdm.b.c.b.j.f(Unknown Source)
05-22 17:02:36.390 D/InnerClass( 7213): 	at com.pekall.emdm.b.c.c.a(Unknown Source)
05-22 17:02:36.390 D/InnerClass( 7213): 	at com.pekall.emdm.b.c.d.a(Unknown Source)
05-22 17:02:36.390 D/InnerClass( 7213): 	at com.pekall.emdm.b.a.o.a(Unknown Source)
05-22 17:02:36.390 D/InnerClass( 7213): 	at com.pekall.emdm.b.a.c.a(Unknown Source)
05-22 17:02:36.390 D/InnerClass( 7213): 	at com.pekall.emdm.b.a.ac.a(Unknown Source)
05-22 17:02:36.390 D/InnerClass( 7213): 	at com.pekall.emdm.b.a.ac.doInBackground(Unknown Source)
05-22 17:02:36.390 D/InnerClass( 7213): 	at android.os.AsyncTask$2.call(AsyncTask.java:287)
05-22 17:02:36.390 D/InnerClass( 7213): 	at java.util.concurrent.FutureTask.run(FutureTask.java:234)
05-22 17:02:36.390 D/InnerClass( 7213): 	at android.os.AsyncTask$SerialExecutor$1.run(AsyncTask.java:230)
05-22 17:02:36.390 D/InnerClass( 7213): 	at java.util.concurrent.ThreadPoolExecutor.runWorker(ThreadPoolExecutor.java:1080)
05-22 17:02:36.390 D/InnerClass( 7213): 	at java.util.concurrent.ThreadPoolExecutor$Worker.run(ThreadPoolExecutor.java:573)
05-22 17:02:36.390 D/InnerClass( 7213): 	at java.lang.Thread.run(Thread.java:841)
05-22 17:02:36.390 D/InnerClass( 7213): Caused by: java.lang.SecurityException: WRITE_SECURE_SETTINGS permission required: Neither user 10066 nor current process has android.permission.WRITE_SECURE_SETTINGS.
05-22 17:02:36.390 D/InnerClass( 7213): 	at android.os.Parcel.readException(Parcel.java:1431)
05-22 17:02:36.390 D/InnerClass( 7213): 	at android.os.Parcel.readException(Parcel.java:1385)
05-22 17:02:36.390 D/InnerClass( 7213): 	at android.nfc.INfcAdapter$Stub$Proxy.disable(INfcAdapter.java:252)
05-22 17:02:36.390 D/InnerClass( 7213): 	at android.nfc.NfcAdapter.disable(NfcAdapter.java:574)
05-22 17:02:36.390 D/InnerClass( 7213): 	... 18 more
05-22 17:02:36.390 W/Parcel  (  802): Attempt to read object from Parcel 0x5e0dfdac at offset 200 that is not in the object list
05-22 17:02:36.390 W/Parcel  (  802): Attempt to read object from Parcel 0x5dfdfdac at offset 200 that is not in the object list
05-22 17:02:36.390 D/CommandManager( 7213): [null:-1]->requestType: InstallProfile
05-22 17:02:36.398 D/EmailBroadcastReceiver( 7213): 1111  Email receives broadcast 'com.pekall.mdm.action.SETTING_CHANGED'
05-22 17:02:36.398 D/EmailBroadcastReceiver( 7213): type = com.pekall.restrictions.policy
05-22 17:02:36.421 W/Parcel  (  802): Attempt to read object from Parcel 0x5f747dac at offset 200 that is not in the object list
05-22 17:02:36.429 D/MdmDatabaseHelper( 7213): [null:-1]->update command 1c2311c9-e2e2-433f-8ce0-6085ab0e150c to commandStatus <?xml version="1.0" encoding="UTF-8"?>
05-22 17:02:36.429 D/MdmDatabaseHelper( 7213): <!DOCTYPE plist PUBLIC "-//Apple//DTD PLIST 1.0//EN" "http://www.apple.com/DTDs/PropertyList-1.0.dtd">
05-22 17:02:36.429 D/MdmDatabaseHelper( 7213): <plist version="1.0">
05-22 17:02:36.429 D/MdmDatabaseHelper( 7213): <dict>
05-22 17:02:36.429 D/MdmDatabaseHelper( 7213): 	<key>CommandUUID</key>
05-22 17:02:36.429 D/MdmDatabaseHelper( 7213): 	<string>1c2311c9-e2e2-433f-8ce0-6085ab0e150c</string>
05-22 17:02:36.429 D/MdmDatabaseHelper( 7213): 	<key>Status</key>
05-22 17:02:36.429 D/MdmDatabaseHelper( 7213): 	<string>Acknowledged</string>
05-22 17:02:36.429 D/MdmDatabaseHelper( 7213): 	<key>UDID</key>
05-22 17:02:36.429 D/MdmDatabaseHelper( 7213): 	<string>00013fbc8ecec5b90000014623216a8f</string>
05-22 17:02:36.429 D/MdmDatabaseHelper( 7213): </dict>
05-22 17:02:36.429 D/MdmDatabaseHelper( 7213): </plist>
05-22 17:02:36.460 I/TransInfo( 7213): TransInfo created, id: 3, class: class com.pekall.emdm.transaction.c.b
05-22 17:02:36.460 D/NetworkThread( 7213): [null:-1]->----isRunning-----true
05-22 17:02:36.460 D/NetworkThread( 7213): [null:-1]->----isRunning-----true
05-22 17:02:36.460 D/NetworkThread( 7213): [null:-1]->thread wakeup
05-22 17:02:36.460 D/NetworkThread( 7213): [null:-1]->sendHttpPost:PostRequest, url: http://192.168.10.21/rest/mdm/v1/ios/android_server, Params: [content:<?xml version="1.0" encoding="UTF-8"?>
05-22 17:02:36.460 D/NetworkThread( 7213): <!DOCTYPE plist PUBLIC "-//Apple//DTD PLIST 1.0//EN" "http://www.apple.com/DTDs/PropertyList-1.0.dtd">
05-22 17:02:36.460 D/NetworkThread( 7213): <plist version="1.0">
05-22 17:02:36.460 D/NetworkThread( 7213): <dict>
05-22 17:02:36.460 D/NetworkThread( 7213): 	<key>CommandUUID</key>
05-22 17:02:36.460 D/NetworkThread( 7213): 	<string>1c2311c9-e2e2-433f-8ce0-6085ab0e150c</string>
05-22 17:02:36.460 D/NetworkThread( 7213): 	<key>Status</key>
05-22 17:02:36.460 D/NetworkThread( 7213): 	<string>Acknowledged</string>
05-22 17:02:36.460 D/NetworkThread( 7213): 	<key>UDID</key>
05-22 17:02:36.460 D/NetworkThread( 7213): 	<string>00013fbc8ecec5b90000014623216a8f</string>
05-22 17:02:36.460 D/NetworkThread( 7213): </dict>
05-22 17:02:36.460 D/NetworkThread( 7213): </plist>], 
05-22 17:02:36.460 D/HttpClient( 7213): enable apache.http debug
05-22 17:02:36.468 V/DEBUG   ( 7213): HTTP 0
05-22 17:02:36.679 D/MDM :   ( 7213): [null:-1]->statusCode : 200
05-22 17:02:36.679 D/MDM :   ( 7213): [null:-1]->statusCode : 200
05-22 17:02:36.679 V/DEBUG   ( 7213): HTTP 1
05-22 17:02:36.687 D/MDM :   ( 7213): [null:-1]->Get joson string: 
05-22 17:02:36.687 D/MdmDatabaseHelper( 7213): [null:-1]->update command 1c2311c9-e2e2-433f-8ce0-6085ab0e150c to status executed
05-22 17:02:36.718 D/NetworkThread( 7213): [null:-1]->clear mCurrentTransInfo
05-22 17:02:36.718 D/NetworkThread( 7213): [null:-1]->queue is empty, thread wait...
05-22 17:02:36.788 D/MdmService( 7213): [null:-1]->handleCheckInResult
05-22 17:02:36.788 D/MdmService( 7213): [null:-1]->handleCheckInResult result keyIndex: 3
05-22 17:02:36.788 D/HandleCommandTask( 7213): [null:-1]->execute command msg but beanBase is null
05-22 17:02:36.788 D/MdmStatusManager( 7213): [null:-1]->change status to : Idle
05-22 17:02:38.499 D/AndroidRuntime( 8608): 
05-22 17:02:38.499 D/AndroidRuntime( 8608): >>>>>> AndroidRuntime START com.android.internal.os.RuntimeInit <<<<<<
05-22 17:02:38.499 D/AndroidRuntime( 8608): CheckJNI is OFF
05-22 17:02:38.507 D/dalvikvm( 8608): Trying to load lib libjavacore.so 0x0
05-22 17:02:38.507 D/dalvikvm( 8608): Added shared lib libjavacore.so 0x0
05-22 17:02:38.523 D/dalvikvm( 8608): Trying to load lib libnativehelper.so 0x0
05-22 17:02:38.523 D/dalvikvm( 8608): Added shared lib libnativehelper.so 0x0
05-22 17:02:38.671 D/AndroidRuntime( 8608): Calling main entry com.android.commands.uiautomator.Launcher
05-22 17:02:38.702 D/dalvikvm( 8608): Note: class Landroid/app/ActivityManagerNative; has 163 unimplemented (abstract) methods
05-22 17:02:39.491 D/dalvikvm(  375): GC_FOR_ALLOC freed 977K, 21% free 18151K/22848K, paused 59ms, total 59ms
05-22 17:02:39.491 V/StateManager( 8157): no more state, finish activity
05-22 17:02:39.491 V/StateManager( 8157): finishState com.android.gallery3d.app.FilmstripPage@423886e0
05-22 17:02:39.491 I/WindowManager(  375): Screenshot Window{42642ca0 u0 com.google.android.gallery3d/com.android.camera.CameraLauncher} was all black! mSurfaceLayer=21020 minLayer=21020 maxLayer=21020
05-22 17:02:39.640 V/CAM_PhotoModule( 8157): stopPreview
05-22 17:02:39.640 E/CameraHAL(  127): Adapter state switch PREVIEW_ACTIVE Invalid Op! event = 0xf
05-22 17:02:39.773 I/CameraClient(  127): Destroying camera 0
05-22 17:02:39.859 W/AudioFlinger(  127): session id 393 not found for pid 127
05-22 17:02:39.859 W/AudioFlinger(  127): session id 394 not found for pid 127
05-22 17:02:40.437 V/StateManager( 8157): destroy
05-22 17:02:40.531 I/QueryController( 8608): Matched selector: UiSelector[DESCRIPTION=Apps, PACKAGE NAME=com.android.launcher] <<==>> [android.view.accessibility.AccessibilityNodeInfo@1ec5b; boundsInParent: Rect(524257, 0 - 524399, 104); boundsInScreen: Rect(0, 50 - 142, 154); packageName: com.android.launcher; className: android.widget.TextView; text: Apps; contentDescription: Apps; viewIdResName: null; checkable: false; checked: false; focusable: true; focused: false; selected: true; clickable: true; longClickable: false; enabled: true; password: false; scrollable: false; [ACTION_FOCUS, ACTION_SELECT, ACTION_CLEAR_SELECTION, ACTION_CLICK, ACTION_ACCESSIBILITY_FOCUS, ACTION_NEXT_AT_MOVEMENT_GRANULARITY, ACTION_PREVIOUS_AT_MOVEMENT_GRANULARITY, ACTION_SET_SELECTION]]
05-22 17:02:40.546 I/QueryController( 8608): Matched selector: UiSelector[DESCRIPTION=Apps, PACKAGE NAME=com.android.launcher] <<==>> [android.view.accessibility.AccessibilityNodeInfo@1ec5b; boundsInParent: Rect(524257, 0 - 524399, 104); boundsInScreen: Rect(0, 50 - 142, 154); packageName: com.android.launcher; className: android.widget.TextView; text: Apps; contentDescription: Apps; viewIdResName: null; checkable: false; checked: false; focusable: true; focused: false; selected: true; clickable: true; longClickable: false; enabled: true; password: false; scrollable: false; [ACTION_FOCUS, ACTION_SELECT, ACTION_CLEAR_SELECTION, ACTION_CLICK, ACTION_ACCESSIBILITY_FOCUS, ACTION_NEXT_AT_MOVEMENT_GRANULARITY, ACTION_PREVIOUS_AT_MOVEMENT_GRANULARITY, ACTION_SET_SELECTION]]
05-22 17:02:40.554 D/InteractionController( 8608): clickAndWaitForNewWindow(71, 102)
05-22 17:02:43.656 W/InteractionController( 8608): runAndwaitForEvent timedout waiting for events
05-22 17:02:43.710 I/QueryController( 8608): Matched selector: UiSelector[TEXT=Apps, CLASS=android.widget.TextView, PACKAGE NAME=com.android.launcher] <<==>> [android.view.accessibility.AccessibilityNodeInfo@1ec5b; boundsInParent: Rect(524257, 0 - 524399, 104); boundsInScreen: Rect(0, 50 - 142, 154); packageName: com.android.launcher; className: android.widget.TextView; text: Apps; contentDescription: Apps; viewIdResName: null; checkable: false; checked: false; focusable: true; focused: false; selected: true; clickable: true; longClickable: false; enabled: true; password: false; scrollable: false; [ACTION_FOCUS, ACTION_SELECT, ACTION_CLEAR_SELECTION, ACTION_CLICK, ACTION_ACCESSIBILITY_FOCUS, ACTION_NEXT_AT_MOVEMENT_GRANULARITY, ACTION_PREVIOUS_AT_MOVEMENT_GRANULARITY, ACTION_SET_SELECTION]]
05-22 17:02:43.757 I/QueryController( 8608): Matched selector: UiSelector[TEXT=Apps, CLASS=android.widget.TextView, PACKAGE NAME=com.android.launcher] <<==>> [android.view.accessibility.AccessibilityNodeInfo@1ec5b; boundsInParent: Rect(524257, 0 - 524399, 104); boundsInScreen: Rect(0, 50 - 142, 154); packageName: com.android.launcher; className: android.widget.TextView; text: Apps; contentDescription: Apps; viewIdResName: null; checkable: false; checked: false; focusable: true; focused: false; selected: true; clickable: true; longClickable: false; enabled: true; password: false; scrollable: false; [ACTION_FOCUS, ACTION_SELECT, ACTION_CLEAR_SELECTION, ACTION_CLICK, ACTION_ACCESSIBILITY_FOCUS, ACTION_NEXT_AT_MOVEMENT_GRANULARITY, ACTION_PREVIOUS_AT_MOVEMENT_GRANULARITY, ACTION_SET_SELECTION]]
05-22 17:02:43.757 D/UiObject( 8608): getText() = Apps
05-22 17:02:43.804 I/QueryController( 8608): Matched selector: UiSelector[TEXT=Apps, CLASS=android.widget.TextView, PACKAGE NAME=com.android.launcher] <<==>> [android.view.accessibility.AccessibilityNodeInfo@1ec5b; boundsInParent: Rect(524257, 0 - 524399, 104); boundsInScreen: Rect(0, 50 - 142, 154); packageName: com.android.launcher; className: android.widget.TextView; text: Apps; contentDescription: Apps; viewIdResName: null; checkable: false; checked: false; focusable: true; focused: false; selected: true; clickable: true; longClickable: false; enabled: true; password: false; scrollable: false; [ACTION_FOCUS, ACTION_SELECT, ACTION_CLEAR_SELECTION, ACTION_CLICK, ACTION_ACCESSIBILITY_FOCUS, ACTION_NEXT_AT_MOVEMENT_GRANULARITY, ACTION_PREVIOUS_AT_MOVEMENT_GRANULARITY, ACTION_SET_SELECTION]]
05-22 17:02:43.859 I/QueryController( 8608): Matched selector: UiSelector[TEXT=Apps, CLASS=android.widget.TextView, PACKAGE NAME=com.android.launcher] <<==>> [android.view.accessibility.AccessibilityNodeInfo@1ec5b; boundsInParent: Rect(524257, 0 - 524399, 104); boundsInScreen: Rect(0, 50 - 142, 154); packageName: com.android.launcher; className: android.widget.TextView; text: Apps; contentDescription: Apps; viewIdResName: null; checkable: false; checked: false; focusable: true; focused: false; selected: true; clickable: true; longClickable: false; enabled: true; password: false; scrollable: false; [ACTION_FOCUS, ACTION_SELECT, ACTION_CLEAR_SELECTION, ACTION_CLICK, ACTION_ACCESSIBILITY_FOCUS, ACTION_NEXT_AT_MOVEMENT_GRANULARITY, ACTION_PREVIOUS_AT_MOVEMENT_GRANULARITY, ACTION_SET_SELECTION]]
05-22 17:02:43.866 D/InteractionController( 8608): clickAndWaitForNewWindow(71, 102)
05-22 17:02:46.976 W/InteractionController( 8608): runAndwaitForEvent timedout waiting for events
05-22 17:02:46.991 I/QueryController( 8608): Matched selector: UiSelector[PACKAGE NAME=com.android.launcher] <<==>> [android.view.accessibility.AccessibilityNodeInfo@74f7; boundsInParent: Rect(0, 0 - 720, 1184); boundsInScreen: Rect(0, 0 - 720, 1184); packageName: com.android.launcher; className: android.widget.FrameLayout; text: null; contentDescription: null; viewIdResName: null; checkable: false; checked: false; focusable: false; focused: false; selected: false; clickable: false; longClickable: false; enabled: true; password: false; scrollable: false; [ACTION_SELECT, ACTION_CLEAR_SELECTION, ACTION_ACCESSIBILITY_FOCUS]]
05-22 17:02:47.007 I/QueryController( 8608): Matched selector: UiSelector[TEXT=Camera] <<==>> [android.view.accessibility.AccessibilityNodeInfo@3b655; boundsInParent: Rect(0, 0 - 148, 184); boundsInScreen: Rect(16, 572 - 164, 756); packageName: com.android.launcher; className: android.widget.TextView; text: Camera; contentDescription: null; viewIdResName: null; checkable: false; checked: false; focusable: true; focused: false; selected: false; clickable: true; longClickable: true; enabled: true; password: false; scrollable: false; [ACTION_FOCUS, ACTION_SELECT, ACTION_CLEAR_SELECTION, ACTION_CLICK, ACTION_LONG_CLICK, ACTION_ACCESSIBILITY_FOCUS, ACTION_NEXT_AT_MOVEMENT_GRANULARITY, ACTION_PREVIOUS_AT_MOVEMENT_GRANULARITY, ACTION_SET_SELECTION]]
05-22 17:02:47.023 I/QueryController( 8608): Matched selector: UiSelector[TEXT=Camera] <<==>> [android.view.accessibility.AccessibilityNodeInfo@3b655; boundsInParent: Rect(0, 0 - 148, 184); boundsInScreen: Rect(16, 572 - 164, 756); packageName: com.android.launcher; className: android.widget.TextView; text: Camera; contentDescription: null; viewIdResName: null; checkable: false; checked: false; focusable: true; focused: false; selected: false; clickable: true; longClickable: true; enabled: true; password: false; scrollable: false; [ACTION_FOCUS, ACTION_SELECT, ACTION_CLEAR_SELECTION, ACTION_CLICK, ACTION_LONG_CLICK, ACTION_ACCESSIBILITY_FOCUS, ACTION_NEXT_AT_MOVEMENT_GRANULARITY, ACTION_PREVIOUS_AT_MOVEMENT_GRANULARITY, ACTION_SET_SELECTION]]
05-22 17:02:47.023 D/InteractionController( 8608): clickAndWaitForNewWindow(90, 664)
05-22 17:02:47.140 W/Parcel  (  802): Attempt to read object from Parcel 0x5e0dfdac at offset 200 that is not in the object list
05-22 17:02:47.140 I/ActivityManager(  375): START u0 {act=android.intent.action.MAIN cat=[android.intent.category.LAUNCHER] flg=0x10200000 cmp=com.google.android.gallery3d/com.android.camera.CameraLauncher} from pid 1150
05-22 17:02:47.257 D/dalvikvm(  375): GC_FOR_ALLOC freed 851K, 21% free 18133K/22848K, paused 82ms, total 82ms
05-22 17:02:47.327 D/dalvikvm(  375): GC_FOR_ALLOC freed 755K, 21% free 18127K/22848K, paused 61ms, total 61ms
05-22 17:02:47.421 V/StateManager( 8157): startState class com.android.gallery3d.app.FilmstripPage
05-22 17:02:47.421 V/CameraHolder( 8157): open camera 0
05-22 17:02:47.445 I/AwesomePlayer(  127): setDataSource_l(URL suppressed)
05-22 17:02:47.484 I/AwesomePlayer(  127): setDataSource_l(URL suppressed)
05-22 17:02:47.531 E/LightCycleHelper( 8157): Connection failed: ConnectionResult{statusCode=SERVICE_DISABLED, resolution=null}
05-22 17:02:47.538 D/CameraStorage( 8157): External storage state=mounted
05-22 17:02:47.554 I/CameraClient(  127): Opening camera 0
05-22 17:02:47.554 I/CameraHAL(  127): camera_device open
05-22 17:02:47.624 D/CAM_PhotoModule( 8157): Preview size changed.
05-22 17:02:47.624 I/CAM_ScreenNail( 8157): preview layout size: 720/1184
05-22 17:02:47.624 I/CAM_ScreenNail( 8157): aspect ratio clamping disabled
05-22 17:02:47.741 V/CAM_PhotoModule( 8157): Preview size is 960x720
05-22 17:02:47.749 I/GLRootView( 8157): onSurfaceChanged: 720x1184, gl10: com.google.android.gles_jni.GLImpl@42959af0
05-22 17:02:47.749 I/GLRootView( 8157): layout content pane 720x1184 (compensation 0)
05-22 17:02:47.749 D/PhotoView( 8157): compensation = 0, CameraRelativeFrame = Rect(0, 0 - 0, 0), mCameraRect = Rect(0, 0 - 0, 0)
05-22 17:02:47.749 V/CAM_PhotoModule( 8157): Preview size is 960x720
05-22 17:02:47.749 I/CAM_ScreenNail( 8157): aspect ratio clamping disabled
05-22 17:02:47.749 I/CAM_ScreenNail( 8157): aspect ratio clamping enabled, surfaceTexture scale: 0.8108108, 1.0
05-22 17:02:47.781 I/ActivityManager(  375): Displayed com.google.android.gallery3d/com.android.camera.CameraLauncher: +435ms
05-22 17:02:47.796 D/dalvikvm( 8157): GC_CONCURRENT freed 2113K, 15% free 16848K/19648K, paused 2ms+13ms, total 58ms
05-22 17:02:47.796 D/dalvikvm( 8157): WAIT_FOR_CONCURRENT_GC blocked 46ms
05-22 17:02:47.843 D/dalvikvm( 8157): GC_FOR_ALLOC freed 5779K, 38% free 12367K/19648K, paused 23ms, total 23ms
05-22 17:02:47.882 D/dalvikvm( 8157): GC_CONCURRENT freed 1K, 32% free 13468K/19648K, paused 11ms+3ms, total 35ms
05-22 17:02:47.882 D/dalvikvm( 8157): WAIT_FOR_CONCURRENT_GC blocked 20ms
05-22 17:02:47.921 D/dalvikvm( 8157): GC_FOR_ALLOC freed <1K, 25% free 14765K/19648K, paused 20ms, total 20ms
05-22 17:02:47.999 I/CAM_ScreenNail( 8157): preview layout size: 720/1184
05-22 17:02:47.999 I/CAM_ScreenNail( 8157): aspect ratio clamping enabled, surfaceTexture scale: 0.8108108, 1.0
05-22 17:02:48.101 V/CAM_PhotoModule( 8157): startPreview
05-22 17:02:48.132 D/dalvikvm( 8157): GC_CONCURRENT freed 69K, 16% free 16652K/19648K, paused 3ms+2ms, total 45ms
05-22 17:02:48.132 D/dalvikvm( 8157): WAIT_FOR_CONCURRENT_GC blocked 20ms
05-22 17:02:48.156 D/DOMX    (  127): ERROR: failed check:(eError == OMX_ErrorNone) || (eError == OMX_ErrorNoMore) - returning error: 0x80001005 - Error returned from OMX API in ducati
05-22 17:02:48.156 E/CameraHAL(  127): Error while configuring rotation 0x80001005
05-22 17:02:48.312 D/DOMX    (  127): ERROR: failed check:(eError == OMX_ErrorNone) || (eError == OMX_ErrorNoMore) - returning error: 0x80001005 - Error returned from OMX API in ducati
05-22 17:02:48.312 E/CameraHAL(  127): Error while configuring rotation 0x80001005
05-22 17:02:48.710 D/        (  127): PPM: Standby to first shot: Sensor Change completed -  :608.612 ms :  1400749368721 ms
05-22 17:02:48.726 I/AndroidRuntime( 8608): VM exiting with result code 0.
05-22 17:02:48.734 D/        (  127): PPM: Focus finished in:  :1619730.169 ms :  1400749368745 ms
05-22 17:02:51.398 W/MountService(  375): getVolumeState(/storage/emulated/0/external_sd): Unknown volume
05-22 17:02:51.398 W/MountService(  375): getVolumeState(/mnt/sdcard-ext): Unknown volume
05-22 17:02:51.398 W/MountService(  375): getVolumeState(/mnt/ext_sdcard): Unknown volume
05-22 17:02:51.398 W/MountService(  375): getVolumeState(/mnt/sdcard2): Unknown volume
05-22 17:02:51.406 W/MountService(  375): getVolumeState(/mnt/emmc): Unknown volume
05-22 17:02:51.406 W/MountService(  375): getVolumeState(/mnt/extSdCard): Unknown volume
05-22 17:02:51.406 W/MountService(  375): getVolumeState(/mnt/sdcard/SD_CARD): Unknown volume
05-22 17:02:51.406 W/MountService(  375): getVolumeState(/mnt/sdcard/extra_sd): Unknown volume
05-22 17:02:51.406 W/MountService(  375): getVolumeState(/mnt/extrasd_bind): Unknown volume
05-22 17:02:51.413 W/MountService(  375): getVolumeState(/mnt/sdcard/ext_sd): Unknown volume
05-22 17:02:51.413 W/MountService(  375): getVolumeState(/storage/extSdCard): Unknown volume
05-22 17:02:51.421 W/MountService(  375): getVolumeState(/storage/sdcard1): Unknown volume
05-22 17:02:51.421 W/MountService(  375): getVolumeState(/mnt/sdcard/external_SD): Unknown volume
05-22 17:02:51.429 W/MountService(  375): getVolumeState(/mnt/sdcard/external_sd): Unknown volume
05-22 17:02:51.554 D/dalvikvm( 1693): GC_CONCURRENT freed 444K, 20% free 9502K/11796K, paused 17ms+7ms, total 110ms
05-22 17:02:52.023 W/MountService(  375): getVolumeState(/storage/emulated/0/external_sd): Unknown volume
05-22 17:02:52.031 W/MountService(  375): getVolumeState(/mnt/sdcard-ext): Unknown volume
05-22 17:02:52.031 W/MountService(  375): getVolumeState(/mnt/ext_sdcard): Unknown volume
05-22 17:02:52.031 W/MountService(  375): getVolumeState(/mnt/sdcard2): Unknown volume
05-22 17:02:52.038 W/MountService(  375): getVolumeState(/mnt/emmc): Unknown volume
05-22 17:02:52.038 W/MountService(  375): getVolumeState(/mnt/extSdCard): Unknown volume
05-22 17:02:52.038 W/MountService(  375): getVolumeState(/mnt/sdcard/SD_CARD): Unknown volume
05-22 17:02:52.038 W/MountService(  375): getVolumeState(/mnt/sdcard/extra_sd): Unknown volume
05-22 17:02:52.046 W/MountService(  375): getVolumeState(/mnt/extrasd_bind): Unknown volume
05-22 17:02:52.046 W/MountService(  375): getVolumeState(/mnt/sdcard/ext_sd): Unknown volume
05-22 17:02:52.046 W/MountService(  375): getVolumeState(/storage/extSdCard): Unknown volume
05-22 17:02:52.054 W/MountService(  375): getVolumeState(/storage/sdcard1): Unknown volume
05-22 17:02:52.054 W/MountService(  375): getVolumeState(/mnt/sdcard/external_SD): Unknown volume
05-22 17:02:52.062 W/MountService(  375): getVolumeState(/mnt/sdcard/external_sd): Unknown volume
05-22 17:02:52.101 D/dalvikvm( 1693): GC_CONCURRENT freed 468K, 20% free 9546K/11796K, paused 7ms+6ms, total 103ms
05-22 17:02:52.101 D/dalvikvm( 1693): WAIT_FOR_CONCURRENT_GC blocked 21ms
05-22 17:02:52.101 D/dalvikvm( 1693): WAIT_FOR_CONCURRENT_GC blocked 35ms
05-22 17:03:15.523 D/AndroidRuntime( 8658): 
05-22 17:03:15.523 D/AndroidRuntime( 8658): >>>>>> AndroidRuntime START com.android.internal.os.RuntimeInit <<<<<<
05-22 17:03:15.523 D/AndroidRuntime( 8658): CheckJNI is OFF
05-22 17:03:15.531 D/dalvikvm( 8658): Trying to load lib libjavacore.so 0x0
05-22 17:03:15.538 D/dalvikvm( 8658): Added shared lib libjavacore.so 0x0
05-22 17:03:15.546 D/dalvikvm( 8658): Trying to load lib libnativehelper.so 0x0
05-22 17:03:15.546 D/dalvikvm( 8658): Added shared lib libnativehelper.so 0x0
05-22 17:03:15.695 D/AndroidRuntime( 8658): Calling main entry com.android.commands.uiautomator.Launcher
05-22 17:03:15.726 D/dalvikvm( 8658): Note: class Landroid/app/ActivityManagerNative; has 163 unimplemented (abstract) methods
05-22 17:03:16.570 D/dalvikvm(  375): GC_FOR_ALLOC freed 944K, 21% free 18149K/22848K, paused 67ms, total 67ms
05-22 17:03:16.570 I/WindowManager(  375): Screenshot Window{426852b8 u0 com.google.android.gallery3d/com.android.camera.CameraLauncher} was all black! mSurfaceLayer=21020 minLayer=21020 maxLayer=21020
05-22 17:03:16.577 V/StateManager( 8157): no more state, finish activity
05-22 17:03:16.577 V/StateManager( 8157): finishState com.android.gallery3d.app.FilmstripPage@42b92308
05-22 17:03:16.726 V/CAM_PhotoModule( 8157): stopPreview
05-22 17:03:16.726 E/CameraHAL(  127): Adapter state switch PREVIEW_ACTIVE Invalid Op! event = 0xf
05-22 17:03:16.843 I/CameraClient(  127): Destroying camera 0
05-22 17:03:16.929 W/AudioFlinger(  127): session id 398 not found for pid 127
05-22 17:03:16.929 W/AudioFlinger(  127): session id 399 not found for pid 127
05-22 17:03:17.546 V/StateManager( 8157): destroy
05-22 17:03:17.632 I/QueryController( 8658): Matched selector: UiSelector[DESCRIPTION=Apps, PACKAGE NAME=com.android.launcher] <<==>> [android.view.accessibility.AccessibilityNodeInfo@1ec5b; boundsInParent: Rect(524257, 0 - 524399, 104); boundsInScreen: Rect(0, 50 - 142, 154); packageName: com.android.launcher; className: android.widget.TextView; text: Apps; contentDescription: Apps; viewIdResName: null; checkable: false; checked: false; focusable: true; focused: false; selected: true; clickable: true; longClickable: false; enabled: true; password: false; scrollable: false; [ACTION_FOCUS, ACTION_SELECT, ACTION_CLEAR_SELECTION, ACTION_CLICK, ACTION_ACCESSIBILITY_FOCUS, ACTION_NEXT_AT_MOVEMENT_GRANULARITY, ACTION_PREVIOUS_AT_MOVEMENT_GRANULARITY, ACTION_SET_SELECTION]]
05-22 17:03:18.156 I/QueryController( 8658): Matched selector: UiSelector[DESCRIPTION=Apps, PACKAGE NAME=com.android.launcher] <<==>> [android.view.accessibility.AccessibilityNodeInfo@1ec5b; boundsInParent: Rect(524257, 0 - 524399, 104); boundsInScreen: Rect(0, 50 - 142, 154); packageName: com.android.launcher; className: android.widget.TextView; text: Apps; contentDescription: Apps; viewIdResName: null; checkable: false; checked: false; focusable: true; focused: false; selected: true; clickable: true; longClickable: false; enabled: true; password: false; scrollable: false; [ACTION_FOCUS, ACTION_SELECT, ACTION_CLEAR_SELECTION, ACTION_CLICK, ACTION_ACCESSIBILITY_FOCUS, ACTION_NEXT_AT_MOVEMENT_GRANULARITY, ACTION_PREVIOUS_AT_MOVEMENT_GRANULARITY, ACTION_SET_SELECTION]]
05-22 17:03:18.156 D/InteractionController( 8658): clickAndWaitForNewWindow(71, 102)
05-22 17:03:21.265 W/InteractionController( 8658): runAndwaitForEvent timedout waiting for events
05-22 17:03:21.281 I/QueryController( 8658): Matched selector: UiSelector[TEXT=Apps, CLASS=android.widget.TextView, PACKAGE NAME=com.android.launcher] <<==>> [android.view.accessibility.AccessibilityNodeInfo@1ec5b; boundsInParent: Rect(524257, 0 - 524399, 104); boundsInScreen: Rect(0, 50 - 142, 154); packageName: com.android.launcher; className: android.widget.TextView; text: Apps; contentDescription: Apps; viewIdResName: null; checkable: false; checked: false; focusable: true; focused: false; selected: true; clickable: true; longClickable: false; enabled: true; password: false; scrollable: false; [ACTION_FOCUS, ACTION_SELECT, ACTION_CLEAR_SELECTION, ACTION_CLICK, ACTION_ACCESSIBILITY_FOCUS, ACTION_NEXT_AT_MOVEMENT_GRANULARITY, ACTION_PREVIOUS_AT_MOVEMENT_GRANULARITY, ACTION_SET_SELECTION]]
05-22 17:03:21.296 I/QueryController( 8658): Matched selector: UiSelector[TEXT=Apps, CLASS=android.widget.TextView, PACKAGE NAME=com.android.launcher] <<==>> [android.view.accessibility.AccessibilityNodeInfo@1ec5b; boundsInParent: Rect(524257, 0 - 524399, 104); boundsInScreen: Rect(0, 50 - 142, 154); packageName: com.android.launcher; className: android.widget.TextView; text: Apps; contentDescription: Apps; viewIdResName: null; checkable: false; checked: false; focusable: true; focused: false; selected: true; clickable: true; longClickable: false; enabled: true; password: false; scrollable: false; [ACTION_FOCUS, ACTION_SELECT, ACTION_CLEAR_SELECTION, ACTION_CLICK, ACTION_ACCESSIBILITY_FOCUS, ACTION_NEXT_AT_MOVEMENT_GRANULARITY, ACTION_PREVIOUS_AT_MOVEMENT_GRANULARITY, ACTION_SET_SELECTION]]
05-22 17:03:21.296 D/UiObject( 8658): getText() = Apps
05-22 17:03:21.320 I/QueryController( 8658): Matched selector: UiSelector[TEXT=Apps, CLASS=android.widget.TextView, PACKAGE NAME=com.android.launcher] <<==>> [android.view.accessibility.AccessibilityNodeInfo@1ec5b; boundsInParent: Rect(524257, 0 - 524399, 104); boundsInScreen: Rect(0, 50 - 142, 154); packageName: com.android.launcher; className: android.widget.TextView; text: Apps; contentDescription: Apps; viewIdResName: null; checkable: false; checked: false; focusable: true; focused: false; selected: true; clickable: true; longClickable: false; enabled: true; password: false; scrollable: false; [ACTION_FOCUS, ACTION_SELECT, ACTION_CLEAR_SELECTION, ACTION_CLICK, ACTION_ACCESSIBILITY_FOCUS, ACTION_NEXT_AT_MOVEMENT_GRANULARITY, ACTION_PREVIOUS_AT_MOVEMENT_GRANULARITY, ACTION_SET_SELECTION]]
05-22 17:03:21.335 I/QueryController( 8658): Matched selector: UiSelector[TEXT=Apps, CLASS=android.widget.TextView, PACKAGE NAME=com.android.launcher] <<==>> [android.view.accessibility.AccessibilityNodeInfo@1ec5b; boundsInParent: Rect(524257, 0 - 524399, 104); boundsInScreen: Rect(0, 50 - 142, 154); packageName: com.android.launcher; className: android.widget.TextView; text: Apps; contentDescription: Apps; viewIdResName: null; checkable: false; checked: false; focusable: true; focused: false; selected: true; clickable: true; longClickable: false; enabled: true; password: false; scrollable: false; [ACTION_FOCUS, ACTION_SELECT, ACTION_CLEAR_SELECTION, ACTION_CLICK, ACTION_ACCESSIBILITY_FOCUS, ACTION_NEXT_AT_MOVEMENT_GRANULARITY, ACTION_PREVIOUS_AT_MOVEMENT_GRANULARITY, ACTION_SET_SELECTION]]
05-22 17:03:21.335 D/InteractionController( 8658): clickAndWaitForNewWindow(71, 102)
05-22 17:03:24.437 W/InteractionController( 8658): runAndwaitForEvent timedout waiting for events
05-22 17:03:24.452 I/QueryController( 8658): Matched selector: UiSelector[PACKAGE NAME=com.android.launcher] <<==>> [android.view.accessibility.AccessibilityNodeInfo@74f7; boundsInParent: Rect(0, 0 - 720, 1184); boundsInScreen: Rect(0, 0 - 720, 1184); packageName: com.android.launcher; className: android.widget.FrameLayout; text: null; contentDescription: null; viewIdResName: null; checkable: false; checked: false; focusable: false; focused: false; selected: false; clickable: false; longClickable: false; enabled: true; password: false; scrollable: false; [ACTION_SELECT, ACTION_CLEAR_SELECTION, ACTION_ACCESSIBILITY_FOCUS]]
05-22 17:03:26.366 I/QueryController( 8658): Matched selector: UiSelector[TEXT=Settings] <<==>> [android.view.accessibility.AccessibilityNodeInfo@3f9e7; boundsInParent: Rect(0, 0 - 148, 184); boundsInScreen: Rect(16, 379 - 164, 563); packageName: com.android.launcher; className: android.widget.TextView; text: Settings; contentDescription: null; viewIdResName: null; checkable: false; checked: false; focusable: true; focused: false; selected: false; clickable: true; longClickable: true; enabled: true; password: false; scrollable: false; [ACTION_FOCUS, ACTION_SELECT, ACTION_CLEAR_SELECTION, ACTION_CLICK, ACTION_LONG_CLICK, ACTION_ACCESSIBILITY_FOCUS, ACTION_NEXT_AT_MOVEMENT_GRANULARITY, ACTION_PREVIOUS_AT_MOVEMENT_GRANULARITY, ACTION_SET_SELECTION]]
05-22 17:03:26.382 I/QueryController( 8658): Matched selector: UiSelector[TEXT=Settings] <<==>> [android.view.accessibility.AccessibilityNodeInfo@3f9e7; boundsInParent: Rect(0, 0 - 148, 184); boundsInScreen: Rect(16, 379 - 164, 563); packageName: com.android.launcher; className: android.widget.TextView; text: Settings; contentDescription: null; viewIdResName: null; checkable: false; checked: false; focusable: true; focused: false; selected: false; clickable: true; longClickable: true; enabled: true; password: false; scrollable: false; [ACTION_FOCUS, ACTION_SELECT, ACTION_CLEAR_SELECTION, ACTION_CLICK, ACTION_LONG_CLICK, ACTION_ACCESSIBILITY_FOCUS, ACTION_NEXT_AT_MOVEMENT_GRANULARITY, ACTION_PREVIOUS_AT_MOVEMENT_GRANULARITY, ACTION_SET_SELECTION]]
05-22 17:03:26.382 D/InteractionController( 8658): clickAndWaitForNewWindow(90, 471)
05-22 17:03:26.523 W/Parcel  (  802): Attempt to read object from Parcel 0x5e0dfdac at offset 200 that is not in the object list
05-22 17:03:26.523 I/ActivityManager(  375): START u0 {act=android.intent.action.MAIN cat=[android.intent.category.LAUNCHER] flg=0x10200000 cmp=com.android.settings/.Settings} from pid 1150
05-22 17:03:26.632 D/dalvikvm(  375): GC_FOR_ALLOC freed 851K, 21% free 18191K/22848K, paused 61ms, total 62ms
05-22 17:03:26.702 D/dalvikvm(  375): GC_FOR_ALLOC freed 759K, 21% free 18189K/22848K, paused 58ms, total 59ms
05-22 17:03:26.820 D/BluetoothAdapter( 7160): 1110006408: getState() :  mService = null. Returning STATE_OFF
05-22 17:03:26.921 D/WifiService(  375): setWifiEnabled: true pid=7160, uid=1000
05-22 17:03:26.929 D/BluetoothAdapter( 7160): 1110006408: getState() :  mService = null. Returning STATE_OFF
05-22 17:03:27.038 I/ActivityManager(  375): Displayed com.android.settings/.Settings: +300ms
05-22 17:03:28.413 I/QueryController( 8658): Matched selector: UiSelector[TEXT=Settings, CLASS=android.widget.TextView, PACKAGE NAME=com.android.settings] <<==>> [android.view.accessibility.AccessibilityNodeInfo@e5fd8; boundsInParent: Rect(0, 0 - 131, 48); boundsInScreen: Rect(97, 74 - 228, 122); packageName: com.android.settings; className: android.widget.TextView; text: Settings; contentDescription: null; viewIdResName: android:id/action_bar_title; checkable: false; checked: false; focusable: false; focused: false; selected: false; clickable: false; longClickable: false; enabled: true; password: false; scrollable: false; [ACTION_SELECT, ACTION_CLEAR_SELECTION, ACTION_ACCESSIBILITY_FOCUS, ACTION_NEXT_AT_MOVEMENT_GRANULARITY, ACTION_PREVIOUS_AT_MOVEMENT_GRANULARITY, ACTION_SET_SELECTION]]
05-22 17:03:28.445 I/QueryController( 8658): Matched selector: UiSelector[TEXT=WiFi] <<==>> [android.view.accessibility.AccessibilityNodeInfo@f1047; boundsInParent: Rect(0, 0 - 83, 48); boundsInScreen: Rect(116, 236 - 199, 284); packageName: com.android.settings; className: android.widget.TextView; text: WiFi; contentDescription: null; viewIdResName: android:id/title; checkable: false; checked: false; focusable: false; focused: false; selected: false; clickable: false; longClickable: false; enabled: true; password: false; scrollable: false; [ACTION_SELECT, ACTION_CLEAR_SELECTION, ACTION_ACCESSIBILITY_FOCUS, ACTION_NEXT_AT_MOVEMENT_GRANULARITY, ACTION_PREVIOUS_AT_MOVEMENT_GRANULARITY, ACTION_SET_SELECTION]]
05-22 17:03:28.468 I/QueryController( 8658): Matched selector: UiSelector[TEXT=WiFi] <<==>> [android.view.accessibility.AccessibilityNodeInfo@f1047; boundsInParent: Rect(0, 0 - 83, 48); boundsInScreen: Rect(116, 236 - 199, 284); packageName: com.android.settings; className: android.widget.TextView; text: WiFi; contentDescription: null; viewIdResName: android:id/title; checkable: false; checked: false; focusable: false; focused: false; selected: false; clickable: false; longClickable: false; enabled: true; password: false; scrollable: false; [ACTION_SELECT, ACTION_CLEAR_SELECTION, ACTION_ACCESSIBILITY_FOCUS, ACTION_NEXT_AT_MOVEMENT_GRANULARITY, ACTION_PREVIOUS_AT_MOVEMENT_GRANULARITY, ACTION_SET_SELECTION]]
05-22 17:03:28.476 D/InteractionController( 8658): clickAndWaitForNewWindow(157, 260)
05-22 17:03:28.648 W/Parcel  (  802): Attempt to read object from Parcel 0x5f747dac at offset 200 that is not in the object list
05-22 17:03:28.648 I/ActivityManager(  375): START u0 {act=android.intent.action.MAIN cmp=com.android.settings/.SubSettings (has extras)} from pid 7160
05-22 17:03:28.741 D/dalvikvm(  375): GC_FOR_ALLOC freed 783K, 21% free 18207K/22848K, paused 63ms, total 64ms
05-22 17:03:29.179 I/ActivityManager(  375): Displayed com.android.settings/.SubSettings: +426ms
05-22 17:03:29.366 I/AndroidRuntime( 8658): VM exiting with result code 0.
05-22 17:03:32.991 D/dalvikvm( 5626): GC_CONCURRENT freed 394K, 5% free 9832K/10340K, paused 2ms+2ms, total 29ms
05-22 17:03:43.788 D/AndroidRuntime( 8684): 
05-22 17:03:43.788 D/AndroidRuntime( 8684): >>>>>> AndroidRuntime START com.android.internal.os.RuntimeInit <<<<<<
05-22 17:03:43.788 D/AndroidRuntime( 8684): CheckJNI is OFF
05-22 17:03:43.796 D/dalvikvm( 8684): Trying to load lib libjavacore.so 0x0
05-22 17:03:43.804 D/dalvikvm( 8684): Added shared lib libjavacore.so 0x0
05-22 17:03:43.812 D/dalvikvm( 8684): Trying to load lib libnativehelper.so 0x0
05-22 17:03:43.812 D/dalvikvm( 8684): Added shared lib libnativehelper.so 0x0
05-22 17:03:43.960 D/AndroidRuntime( 8684): Calling main entry com.android.commands.uiautomator.Launcher
05-22 17:03:43.991 D/dalvikvm( 8684): Note: class Landroid/app/ActivityManagerNative; has 163 unimplemented (abstract) methods
05-22 17:03:45.593 D/dalvikvm( 7160): GC_CONCURRENT freed 2126K, 11% free 18022K/20184K, paused 2ms+13ms, total 59ms
05-22 17:03:45.741 D/dalvikvm(  375): GC_FOR_ALLOC freed 1025K, 21% free 18143K/22848K, paused 55ms, total 55ms
05-22 17:03:45.796 D/dalvikvm(  375): GC_FOR_ALLOC freed 764K, 21% free 18122K/22848K, paused 54ms, total 54ms
05-22 17:03:45.812 D/BluetoothAdapter( 7160): 1110006408: getState() :  mService = null. Returning STATE_OFF
05-22 17:03:46.663 D/dalvikvm(  375): GC_FOR_ALLOC freed 395K, 20% free 18499K/22848K, paused 61ms, total 62ms
05-22 17:03:46.718 D/dalvikvm(  375): GC_FOR_ALLOC freed 749K, 21% free 18121K/22848K, paused 53ms, total 54ms
05-22 17:03:47.390 I/QueryController( 8684): Matched selector: UiSelector[DESCRIPTION=Apps, PACKAGE NAME=com.android.launcher] <<==>> [android.view.accessibility.AccessibilityNodeInfo@1ec5b; boundsInParent: Rect(524257, 0 - 524399, 104); boundsInScreen: Rect(0, 50 - 142, 154); packageName: com.android.launcher; className: android.widget.TextView; text: Apps; contentDescription: Apps; viewIdResName: null; checkable: false; checked: false; focusable: true; focused: false; selected: true; clickable: true; longClickable: false; enabled: true; password: false; scrollable: false; [ACTION_FOCUS, ACTION_SELECT, ACTION_CLEAR_SELECTION, ACTION_CLICK, ACTION_ACCESSIBILITY_FOCUS, ACTION_NEXT_AT_MOVEMENT_GRANULARITY, ACTION_PREVIOUS_AT_MOVEMENT_GRANULARITY, ACTION_SET_SELECTION]]
05-22 17:03:47.406 I/QueryController( 8684): Matched selector: UiSelector[DESCRIPTION=Apps, PACKAGE NAME=com.android.launcher] <<==>> [android.view.accessibility.AccessibilityNodeInfo@1ec5b; boundsInParent: Rect(524257, 0 - 524399, 104); boundsInScreen: Rect(0, 50 - 142, 154); packageName: com.android.launcher; className: android.widget.TextView; text: Apps; contentDescription: Apps; viewIdResName: null; checkable: false; checked: false; focusable: true; focused: false; selected: true; clickable: true; longClickable: false; enabled: true; password: false; scrollable: false; [ACTION_FOCUS, ACTION_SELECT, ACTION_CLEAR_SELECTION, ACTION_CLICK, ACTION_ACCESSIBILITY_FOCUS, ACTION_NEXT_AT_MOVEMENT_GRANULARITY, ACTION_PREVIOUS_AT_MOVEMENT_GRANULARITY, ACTION_SET_SELECTION]]
05-22 17:03:47.468 D/InteractionController( 8684): clickAndWaitForNewWindow(71, 102)
05-22 17:03:50.570 W/InteractionController( 8684): runAndwaitForEvent timedout waiting for events
05-22 17:03:50.593 I/QueryController( 8684): Matched selector: UiSelector[TEXT=Apps, CLASS=android.widget.TextView, PACKAGE NAME=com.android.launcher] <<==>> [android.view.accessibility.AccessibilityNodeInfo@1ec5b; boundsInParent: Rect(524257, 0 - 524399, 104); boundsInScreen: Rect(0, 50 - 142, 154); packageName: com.android.launcher; className: android.widget.TextView; text: Apps; contentDescription: Apps; viewIdResName: null; checkable: false; checked: false; focusable: true; focused: false; selected: true; clickable: true; longClickable: false; enabled: true; password: false; scrollable: false; [ACTION_FOCUS, ACTION_SELECT, ACTION_CLEAR_SELECTION, ACTION_CLICK, ACTION_ACCESSIBILITY_FOCUS, ACTION_NEXT_AT_MOVEMENT_GRANULARITY, ACTION_PREVIOUS_AT_MOVEMENT_GRANULARITY, ACTION_SET_SELECTION]]
05-22 17:03:50.609 I/QueryController( 8684): Matched selector: UiSelector[TEXT=Apps, CLASS=android.widget.TextView, PACKAGE NAME=com.android.launcher] <<==>> [android.view.accessibility.AccessibilityNodeInfo@1ec5b; boundsInParent: Rect(524257, 0 - 524399, 104); boundsInScreen: Rect(0, 50 - 142, 154); packageName: com.android.launcher; className: android.widget.TextView; text: Apps; contentDescription: Apps; viewIdResName: null; checkable: false; checked: false; focusable: true; focused: false; selected: true; clickable: true; longClickable: false; enabled: true; password: false; scrollable: false; [ACTION_FOCUS, ACTION_SELECT, ACTION_CLEAR_SELECTION, ACTION_CLICK, ACTION_ACCESSIBILITY_FOCUS, ACTION_NEXT_AT_MOVEMENT_GRANULARITY, ACTION_PREVIOUS_AT_MOVEMENT_GRANULARITY, ACTION_SET_SELECTION]]
05-22 17:03:50.609 D/UiObject( 8684): getText() = Apps
05-22 17:03:50.632 I/QueryController( 8684): Matched selector: UiSelector[TEXT=Apps, CLASS=android.widget.TextView, PACKAGE NAME=com.android.launcher] <<==>> [android.view.accessibility.AccessibilityNodeInfo@1ec5b; boundsInParent: Rect(524257, 0 - 524399, 104); boundsInScreen: Rect(0, 50 - 142, 154); packageName: com.android.launcher; className: android.widget.TextView; text: Apps; contentDescription: Apps; viewIdResName: null; checkable: false; checked: false; focusable: true; focused: false; selected: true; clickable: true; longClickable: false; enabled: true; password: false; scrollable: false; [ACTION_FOCUS, ACTION_SELECT, ACTION_CLEAR_SELECTION, ACTION_CLICK, ACTION_ACCESSIBILITY_FOCUS, ACTION_NEXT_AT_MOVEMENT_GRANULARITY, ACTION_PREVIOUS_AT_MOVEMENT_GRANULARITY, ACTION_SET_SELECTION]]
05-22 17:03:50.648 I/QueryController( 8684): Matched selector: UiSelector[TEXT=Apps, CLASS=android.widget.TextView, PACKAGE NAME=com.android.launcher] <<==>> [android.view.accessibility.AccessibilityNodeInfo@1ec5b; boundsInParent: Rect(524257, 0 - 524399, 104); boundsInScreen: Rect(0, 50 - 142, 154); packageName: com.android.launcher; className: android.widget.TextView; text: Apps; contentDescription: Apps; viewIdResName: null; checkable: false; checked: false; focusable: true; focused: false; selected: true; clickable: true; longClickable: false; enabled: true; password: false; scrollable: false; [ACTION_FOCUS, ACTION_SELECT, ACTION_CLEAR_SELECTION, ACTION_CLICK, ACTION_ACCESSIBILITY_FOCUS, ACTION_NEXT_AT_MOVEMENT_GRANULARITY, ACTION_PREVIOUS_AT_MOVEMENT_GRANULARITY, ACTION_SET_SELECTION]]
05-22 17:03:50.648 D/InteractionController( 8684): clickAndWaitForNewWindow(71, 102)
05-22 17:03:51.460 W/Parcel  (  802): Attempt to read object from Parcel 0x5f747dac at offset 200 that is not in the object list
05-22 17:03:51.491 W/MountService(  375): getVolumeState(/storage/emulated/0/external_sd): Unknown volume
05-22 17:03:51.491 W/MountService(  375): getVolumeState(/mnt/sdcard-ext): Unknown volume
05-22 17:03:51.491 W/MountService(  375): getVolumeState(/mnt/ext_sdcard): Unknown volume
05-22 17:03:51.491 W/MountService(  375): getVolumeState(/mnt/sdcard2): Unknown volume
05-22 17:03:51.491 W/MountService(  375): getVolumeState(/mnt/emmc): Unknown volume
05-22 17:03:51.491 W/MountService(  375): getVolumeState(/mnt/extSdCard): Unknown volume
05-22 17:03:51.491 W/MountService(  375): getVolumeState(/mnt/sdcard/SD_CARD): Unknown volume
05-22 17:03:51.491 W/MountService(  375): getVolumeState(/mnt/sdcard/extra_sd): Unknown volume
05-22 17:03:51.491 W/MountService(  375): getVolumeState(/mnt/extrasd_bind): Unknown volume
05-22 17:03:51.491 W/MountService(  375): getVolumeState(/mnt/sdcard/ext_sd): Unknown volume
05-22 17:03:51.491 W/MountService(  375): getVolumeState(/storage/extSdCard): Unknown volume
05-22 17:03:51.491 W/MountService(  375): getVolumeState(/storage/sdcard1): Unknown volume
05-22 17:03:51.491 W/MountService(  375): getVolumeState(/mnt/sdcard/external_SD): Unknown volume
05-22 17:03:51.499 W/MountService(  375): getVolumeState(/mnt/sdcard/external_sd): Unknown volume
05-22 17:03:51.507 D/dalvikvm( 1693): GC_CONCURRENT freed 469K, 19% free 9615K/11796K, paused 3ms+4ms, total 32ms
05-22 17:03:51.507 D/dalvikvm( 1693): WAIT_FOR_CONCURRENT_GC blocked 4ms
05-22 17:03:51.710 D/dalvikvm( 6423): GC_EXPLICIT freed 264K, 4% free 9148K/9452K, paused 2ms+6ms, total 31ms
05-22 17:03:51.804 D/dalvikvm( 1693): GC_CONCURRENT freed 647K, 20% free 9502K/11796K, paused 1ms+3ms, total 35ms
05-22 17:03:51.804 D/dalvikvm( 1693): WAIT_FOR_CONCURRENT_GC blocked 10ms
05-22 17:03:51.812 W/MountService(  375): getVolumeState(/storage/emulated/0/external_sd): Unknown volume
05-22 17:03:51.812 W/MountService(  375): getVolumeState(/mnt/sdcard-ext): Unknown volume
05-22 17:03:51.812 W/MountService(  375): getVolumeState(/mnt/ext_sdcard): Unknown volume
05-22 17:03:51.812 W/MountService(  375): getVolumeState(/mnt/sdcard2): Unknown volume
05-22 17:03:51.812 W/MountService(  375): getVolumeState(/mnt/emmc): Unknown volume
05-22 17:03:51.812 W/MountService(  375): getVolumeState(/mnt/extSdCard): Unknown volume
05-22 17:03:51.812 W/MountService(  375): getVolumeState(/mnt/sdcard/SD_CARD): Unknown volume
05-22 17:03:51.812 W/MountService(  375): getVolumeState(/mnt/sdcard/extra_sd): Unknown volume
05-22 17:03:51.820 W/MountService(  375): getVolumeState(/mnt/extrasd_bind): Unknown volume
05-22 17:03:51.820 W/MountService(  375): getVolumeState(/mnt/sdcard/ext_sd): Unknown volume
05-22 17:03:51.820 W/MountService(  375): getVolumeState(/storage/extSdCard): Unknown volume
05-22 17:03:51.820 W/MountService(  375): getVolumeState(/storage/sdcard1): Unknown volume
05-22 17:03:51.820 W/MountService(  375): getVolumeState(/mnt/sdcard/external_SD): Unknown volume
05-22 17:03:51.820 W/MountService(  375): getVolumeState(/mnt/sdcard/external_sd): Unknown volume
05-22 17:03:51.913 D/dalvikvm( 1693): GC_CONCURRENT freed 447K, 20% free 9464K/11796K, paused 3ms+2ms, total 18ms
05-22 17:03:53.757 W/InteractionController( 8684): runAndwaitForEvent timedout waiting for events
