05-22 17:01:36.991 I/QueryController( 8141): Matched selector: UiSelector[TEXT=Apps, CLASS=android.widget.TextView, PACKAGE NAME=com.android.launcher] <<==>> [android.view.accessibility.AccessibilityNodeInfo@1ec5b; boundsInParent: Rect(524257, 0 - 524399, 104); boundsInScreen: Rect(0, 50 - 142, 154); packageName: com.android.launcher; className: android.widget.TextView; text: Apps; contentDescription: Apps; viewIdResName: null; checkable: false; checked: false; focusable: true; focused: false; selected: true; clickable: true; longClickable: false; enabled: true; password: false; scrollable: false; [ACTION_FOCUS, ACTION_SELECT, ACTION_CLEAR_SELECTION, ACTION_CLICK, ACTION_ACCESSIBILITY_FOCUS, ACTION_NEXT_AT_MOVEMENT_GRANULARITY, ACTION_PREVIOUS_AT_MOVEMENT_GRANULARITY, ACTION_SET_SELECTION]]
05-22 17:01:37.007 I/QueryController( 8141): Matched selector: UiSelector[TEXT=Apps, CLASS=android.widget.TextView, PACKAGE NAME=com.android.launcher] <<==>> [android.view.accessibility.AccessibilityNodeInfo@1ec5b; boundsInParent: Rect(524257, 0 - 524399, 104); boundsInScreen: Rect(0, 50 - 142, 154); packageName: com.android.launcher; className: android.widget.TextView; text: Apps; contentDescription: Apps; viewIdResName: null; checkable: false; checked: false; focusable: true; focused: false; selected: true; clickable: true; longClickable: false; enabled: true; password: false; scrollable: false; [ACTION_FOCUS, ACTION_SELECT, ACTION_CLEAR_SELECTION, ACTION_CLICK, ACTION_ACCESSIBILITY_FOCUS, ACTION_NEXT_AT_MOVEMENT_GRANULARITY, ACTION_PREVIOUS_AT_MOVEMENT_GRANULARITY, ACTION_SET_SELECTION]]
05-22 17:01:37.007 D/UiObject( 8141): getText() = Apps
05-22 17:01:37.023 I/QueryController( 8141): Matched selector: UiSelector[TEXT=Apps, CLASS=android.widget.TextView, PACKAGE NAME=com.android.launcher] <<==>> [android.view.accessibility.AccessibilityNodeInfo@1ec5b; boundsInParent: Rect(524257, 0 - 524399, 104); boundsInScreen: Rect(0, 50 - 142, 154); packageName: com.android.launcher; className: android.widget.TextView; text: Apps; contentDescription: Apps; viewIdResName: null; checkable: false; checked: false; focusable: true; focused: false; selected: true; clickable: true; longClickable: false; enabled: true; password: false; scrollable: false; [ACTION_FOCUS, ACTION_SELECT, ACTION_CLEAR_SELECTION, ACTION_CLICK, ACTION_ACCESSIBILITY_FOCUS, ACTION_NEXT_AT_MOVEMENT_GRANULARITY, ACTION_PREVIOUS_AT_MOVEMENT_GRANULARITY, ACTION_SET_SELECTION]]
05-22 17:01:37.031 I/QueryController( 8141): Matched selector: UiSelector[TEXT=Apps, CLASS=android.widget.TextView, PACKAGE NAME=com.android.launcher] <<==>> [android.view.accessibility.AccessibilityNodeInfo@1ec5b; boundsInParent: Rect(524257, 0 - 524399, 104); boundsInScreen: Rect(0, 50 - 142, 154); packageName: com.android.launcher; className: android.widget.TextView; text: Apps; contentDescription: Apps; viewIdResName: null; checkable: false; checked: false; focusable: true; focused: false; selected: true; clickable: true; longClickable: false; enabled: true; password: false; scrollable: false; [ACTION_FOCUS, ACTION_SELECT, ACTION_CLEAR_SELECTION, ACTION_CLICK, ACTION_ACCESSIBILITY_FOCUS, ACTION_NEXT_AT_MOVEMENT_GRANULARITY, ACTION_PREVIOUS_AT_MOVEMENT_GRANULARITY, ACTION_SET_SELECTION]]
05-22 17:01:37.038 D/InteractionController( 8141): clickAndWaitForNewWindow(71, 102)
05-22 17:01:40.140 W/InteractionController( 8141): runAndwaitForEvent timedout waiting for events
05-22 17:01:40.156 I/QueryController( 8141): Matched selector: UiSelector[PACKAGE NAME=com.android.launcher] <<==>> [android.view.accessibility.AccessibilityNodeInfo@74f7; boundsInParent: Rect(0, 0 - 720, 1184); boundsInScreen: Rect(0, 0 - 720, 1184); packageName: com.android.launcher; className: android.widget.FrameLayout; text: null; contentDescription: null; viewIdResName: null; checkable: false; checked: false; focusable: false; focused: false; selected: false; clickable: false; longClickable: false; enabled: true; password: false; scrollable: false; [ACTION_SELECT, ACTION_CLEAR_SELECTION, ACTION_ACCESSIBILITY_FOCUS]]
05-22 17:01:40.171 D/dalvikvm( 8141): GC_CONCURRENT freed 388K, 93% free 608K/7884K, paused 2ms+0ms, total 6ms
05-22 17:01:40.179 I/QueryController( 8141): Matched selector: UiSelector[TEXT=Camera] <<==>> [android.view.accessibility.AccessibilityNodeInfo@3b655; boundsInParent: Rect(0, 0 - 148, 184); boundsInScreen: Rect(16, 572 - 164, 756); packageName: com.android.launcher; className: android.widget.TextView; text: Camera; contentDescription: null; viewIdResName: null; checkable: false; checked: false; focusable: true; focused: false; selected: false; clickable: true; longClickable: true; enabled: true; password: false; scrollable: false; [ACTION_FOCUS, ACTION_SELECT, ACTION_CLEAR_SELECTION, ACTION_CLICK, ACTION_LONG_CLICK, ACTION_ACCESSIBILITY_FOCUS, ACTION_NEXT_AT_MOVEMENT_GRANULARITY, ACTION_PREVIOUS_AT_MOVEMENT_GRANULARITY, ACTION_SET_SELECTION]]
05-22 17:01:40.195 I/QueryController( 8141): Matched selector: UiSelector[TEXT=Camera] <<==>> [android.view.accessibility.AccessibilityNodeInfo@3b655; boundsInParent: Rect(0, 0 - 148, 184); boundsInScreen: Rect(16, 572 - 164, 756); packageName: com.android.launcher; className: android.widget.TextView; text: Camera; contentDescription: null; viewIdResName: null; checkable: false; checked: false; focusable: true; focused: false; selected: false; clickable: true; longClickable: true; enabled: true; password: false; scrollable: false; [ACTION_FOCUS, ACTION_SELECT, ACTION_CLEAR_SELECTION, ACTION_CLICK, ACTION_LONG_CLICK, ACTION_ACCESSIBILITY_FOCUS, ACTION_NEXT_AT_MOVEMENT_GRANULARITY, ACTION_PREVIOUS_AT_MOVEMENT_GRANULARITY, ACTION_SET_SELECTION]]
05-22 17:01:40.195 D/InteractionController( 8141): clickAndWaitForNewWindow(90, 664)
05-22 17:01:40.327 W/Parcel  (  802): Attempt to read object from Parcel 0x5ed47dac at offset 200 that is not in the object list
05-22 17:01:40.327 I/ActivityManager(  375): START u0 {act=android.intent.action.MAIN cat=[android.intent.category.LAUNCHER] flg=0x10200000 cmp=com.google.android.gallery3d/com.android.camera.CameraLauncher} from pid 1150
05-22 17:01:40.437 D/dalvikvm(  375): GC_FOR_ALLOC freed 845K, 21% free 18132K/22848K, paused 67ms, total 68ms
05-22 17:01:40.507 D/dalvikvm(  375): GC_FOR_ALLOC freed 754K, 21% free 18127K/22848K, paused 59ms, total 60ms
05-22 17:01:40.601 V/StateManager( 8157): startState class com.android.gallery3d.app.FilmstripPage
05-22 17:01:40.609 V/CameraHolder( 8157): open camera 0
05-22 17:01:40.609 I/AwesomePlayer(  127): setDataSource_l(URL suppressed)
05-22 17:01:40.656 I/AwesomePlayer(  127): setDataSource_l(URL suppressed)
05-22 17:01:40.702 E/LightCycleHelper( 8157): Connection failed: ConnectionResult{statusCode=SERVICE_DISABLED, resolution=null}
05-22 17:01:40.710 D/CameraStorage( 8157): External storage state=mounted
05-22 17:01:40.718 I/CameraClient(  127): Opening camera 0
05-22 17:01:40.718 I/CameraHAL(  127): camera_device open
05-22 17:01:40.820 D/CAM_PhotoModule( 8157): Preview size changed.
05-22 17:01:40.820 I/CAM_ScreenNail( 8157): preview layout size: 720/1184
05-22 17:01:40.820 I/CAM_ScreenNail( 8157): aspect ratio clamping disabled
05-22 17:01:40.913 V/CAM_PhotoModule( 8157): Preview size is 960x720
05-22 17:01:40.913 I/GLRootView( 8157): onSurfaceChanged: 720x1184, gl10: com.google.android.gles_jni.GLImpl@4295c698
05-22 17:01:40.921 I/GLRootView( 8157): layout content pane 720x1184 (compensation 0)
05-22 17:01:40.921 D/PhotoView( 8157): compensation = 0, CameraRelativeFrame = Rect(0, 0 - 0, 0), mCameraRect = Rect(0, 0 - 0, 0)
05-22 17:01:40.968 D/dalvikvm( 8157): GC_FOR_ALLOC freed 3119K, 9% free 16920K/18548K, paused 44ms, total 44ms
05-22 17:01:40.976 I/dalvikvm-heap( 8157): Grow heap (frag case) to 17.632MB for 1127536-byte allocation
05-22 17:01:40.999 I/ActivityManager(  375): Displayed com.google.android.gallery3d/com.android.camera.CameraLauncher: +473ms
05-22 17:01:41.015 D/dalvikvm( 8157): GC_FOR_ALLOC freed 2K, 9% free 18019K/19652K, paused 40ms, total 40ms
05-22 17:01:41.062 D/dalvikvm( 8157): GC_FOR_ALLOC freed 4836K, 31% free 14493K/20756K, paused 20ms, total 20ms
05-22 17:01:41.101 D/dalvikvm( 8157): GC_FOR_ALLOC freed 1K, 25% free 15692K/20756K, paused 20ms, total 21ms
05-22 17:01:41.109 V/CAM_PhotoModule( 8157): Preview size is 960x720
05-22 17:01:41.109 I/CAM_ScreenNail( 8157): aspect ratio clamping disabled
05-22 17:01:41.132 I/CAM_ScreenNail( 8157): aspect ratio clamping enabled, surfaceTexture scale: 0.8108108, 1.0
05-22 17:01:41.132 I/GLRootView( 8157): layout content pane 720x1184 (compensation 0)
05-22 17:01:41.132 D/PhotoView( 8157): compensation = 0, CameraRelativeFrame = Rect(0, 0 - 0, 0), mCameraRect = Rect(0, 0 - 0, 0)
05-22 17:01:41.179 I/CAM_ScreenNail( 8157): preview layout size: 720/1184
05-22 17:01:41.179 I/CAM_ScreenNail( 8157): aspect ratio clamping enabled, surfaceTexture scale: 0.8108108, 1.0
05-22 17:01:41.312 D/dalvikvm( 8157): GC_FOR_ALLOC freed 136K, 16% free 17579K/20756K, paused 25ms, total 25ms
05-22 17:01:41.320 V/CAM_PhotoModule( 8157): startPreview
05-22 17:01:41.929 D/        (  127): PPM: Standby to first shot: Sensor Change completed -  :610.107 ms :  1400749301942 ms
05-22 17:01:41.984 D/dalvikvm( 8141): GC_CONCURRENT freed 402K, 93% free 589K/7884K, paused 1ms+0ms, total 6ms
05-22 17:01:42.109 D/        (  127): PPM: Focus finished in:  :1553103.704 ms :  1400749302119 ms
05-22 17:01:42.116 D/dalvikvm(  375): GC_FOR_ALLOC freed 799K, 21% free 18145K/22848K, paused 58ms, total 58ms
05-22 17:01:42.124 V/StateManager( 8157): no more state, finish activity
05-22 17:01:42.124 I/WindowManager(  375): Screenshot Window{42642ca0 u0 com.google.android.gallery3d/com.android.camera.CameraLauncher} was all black! mSurfaceLayer=21020 minLayer=21020 maxLayer=21020
05-22 17:01:42.132 V/StateManager( 8157): finishState com.android.gallery3d.app.FilmstripPage@42940e18
05-22 17:01:42.265 V/CAM_PhotoModule( 8157): stopPreview
05-22 17:01:42.265 E/CameraHAL(  127): Adapter state switch PREVIEW_ACTIVE Invalid Op! event = 0xf
05-22 17:01:42.359 I/CameraClient(  127): Destroying camera 0
05-22 17:01:42.406 W/AudioFlinger(  127): session id 378 not found for pid 127
05-22 17:01:42.406 W/AudioFlinger(  127): session id 379 not found for pid 127
05-22 17:01:43.023 V/StateManager( 8157): destroy
05-22 17:01:43.601 I/QueryController( 8141): Matched selector: UiSelector[DESCRIPTION=Apps, PACKAGE NAME=com.android.launcher] <<==>> [android.view.accessibility.AccessibilityNodeInfo@1ec5b; boundsInParent: Rect(524257, 0 - 524399, 104); boundsInScreen: Rect(0, 50 - 142, 154); packageName: com.android.launcher; className: android.widget.TextView; text: Apps; contentDescription: Apps; viewIdResName: null; checkable: false; checked: false; focusable: true; focused: false; selected: true; clickable: true; longClickable: false; enabled: true; password: false; scrollable: false; [ACTION_FOCUS, ACTION_SELECT, ACTION_CLEAR_SELECTION, ACTION_CLICK, ACTION_ACCESSIBILITY_FOCUS, ACTION_NEXT_AT_MOVEMENT_GRANULARITY, ACTION_PREVIOUS_AT_MOVEMENT_GRANULARITY, ACTION_SET_SELECTION]]
05-22 17:01:43.609 I/QueryController( 8141): Matched selector: UiSelector[DESCRIPTION=Apps, PACKAGE NAME=com.android.launcher] <<==>> [android.view.accessibility.AccessibilityNodeInfo@1ec5b; boundsInParent: Rect(524257, 0 - 524399, 104); boundsInScreen: Rect(0, 50 - 142, 154); packageName: com.android.launcher; className: android.widget.TextView; text: Apps; contentDescription: Apps; viewIdResName: null; checkable: false; checked: false; focusable: true; focused: false; selected: true; clickable: true; longClickable: false; enabled: true; password: false; scrollable: false; [ACTION_FOCUS, ACTION_SELECT, ACTION_CLEAR_SELECTION, ACTION_CLICK, ACTION_ACCESSIBILITY_FOCUS, ACTION_NEXT_AT_MOVEMENT_GRANULARITY, ACTION_PREVIOUS_AT_MOVEMENT_GRANULARITY, ACTION_SET_SELECTION]]
05-22 17:01:43.616 D/InteractionController( 8141): clickAndWaitForNewWindow(71, 102)
05-22 17:01:44.077 D/dalvikvm(  802): GC_CONCURRENT freed 939K, 24% free 12276K/15964K, paused 4ms+5ms, total 65ms
05-22 17:01:46.718 W/InteractionController( 8141): runAndwaitForEvent timedout waiting for events
05-22 17:01:46.734 I/QueryController( 8141): Matched selector: UiSelector[TEXT=Apps, CLASS=android.widget.TextView, PACKAGE NAME=com.android.launcher] <<==>> [android.view.accessibility.AccessibilityNodeInfo@1ec5b; boundsInParent: Rect(524257, 0 - 524399, 104); boundsInScreen: Rect(0, 50 - 142, 154); packageName: com.android.launcher; className: android.widget.TextView; text: Apps; contentDescription: Apps; viewIdResName: null; checkable: false; checked: false; focusable: true; focused: false; selected: true; clickable: true; longClickable: false; enabled: true; password: false; scrollable: false; [ACTION_FOCUS, ACTION_SELECT, ACTION_CLEAR_SELECTION, ACTION_CLICK, ACTION_ACCESSIBILITY_FOCUS, ACTION_NEXT_AT_MOVEMENT_GRANULARITY, ACTION_PREVIOUS_AT_MOVEMENT_GRANULARITY, ACTION_SET_SELECTION]]
05-22 17:01:46.734 D/dalvikvm( 8141): GC_CONCURRENT freed 399K, 93% free 603K/7884K, paused 2ms+0ms, total 7ms
05-22 17:01:46.749 I/QueryController( 8141): Matched selector: UiSelector[TEXT=Apps, CLASS=android.widget.TextView, PACKAGE NAME=com.android.launcher] <<==>> [android.view.accessibility.AccessibilityNodeInfo@1ec5b; boundsInParent: Rect(524257, 0 - 524399, 104); boundsInScreen: Rect(0, 50 - 142, 154); packageName: com.android.launcher; className: android.widget.TextView; text: Apps; contentDescription: Apps; viewIdResName: null; checkable: false; checked: false; focusable: true; focused: false; selected: true; clickable: true; longClickable: false; enabled: true; password: false; scrollable: false; [ACTION_FOCUS, ACTION_SELECT, ACTION_CLEAR_SELECTION, ACTION_CLICK, ACTION_ACCESSIBILITY_FOCUS, ACTION_NEXT_AT_MOVEMENT_GRANULARITY, ACTION_PREVIOUS_AT_MOVEMENT_GRANULARITY, ACTION_SET_SELECTION]]
05-22 17:01:46.749 D/UiObject( 8141): getText() = Apps
05-22 17:01:46.773 I/QueryController( 8141): Matched selector: UiSelector[TEXT=Apps, CLASS=android.widget.TextView, PACKAGE NAME=com.android.launcher] <<==>> [android.view.accessibility.AccessibilityNodeInfo@1ec5b; boundsInParent: Rect(524257, 0 - 524399, 104); boundsInScreen: Rect(0, 50 - 142, 154); packageName: com.android.launcher; className: android.widget.TextView; text: Apps; contentDescription: Apps; viewIdResName: null; checkable: false; checked: false; focusable: true; focused: false; selected: true; clickable: true; longClickable: false; enabled: true; password: false; scrollable: false; [ACTION_FOCUS, ACTION_SELECT, ACTION_CLEAR_SELECTION, ACTION_CLICK, ACTION_ACCESSIBILITY_FOCUS, ACTION_NEXT_AT_MOVEMENT_GRANULARITY, ACTION_PREVIOUS_AT_MOVEMENT_GRANULARITY, ACTION_SET_SELECTION]]
05-22 17:01:46.788 I/QueryController( 8141): Matched selector: UiSelector[TEXT=Apps, CLASS=android.widget.TextView, PACKAGE NAME=com.android.launcher] <<==>> [android.view.accessibility.AccessibilityNodeInfo@1ec5b; boundsInParent: Rect(524257, 0 - 524399, 104); boundsInScreen: Rect(0, 50 - 142, 154); packageName: com.android.launcher; className: android.widget.TextView; text: Apps; contentDescription: Apps; viewIdResName: null; checkable: false; checked: false; focusable: true; focused: false; selected: true; clickable: true; longClickable: false; enabled: true; password: false; scrollable: false; [ACTION_FOCUS, ACTION_SELECT, ACTION_CLEAR_SELECTION, ACTION_CLICK, ACTION_ACCESSIBILITY_FOCUS, ACTION_NEXT_AT_MOVEMENT_GRANULARITY, ACTION_PREVIOUS_AT_MOVEMENT_GRANULARITY, ACTION_SET_SELECTION]]
05-22 17:01:46.788 D/InteractionController( 8141): clickAndWaitForNewWindow(71, 102)
05-22 17:01:49.898 W/InteractionController( 8141): runAndwaitForEvent timedout waiting for events
05-22 17:01:49.906 I/QueryController( 8141): Matched selector: UiSelector[PACKAGE NAME=com.android.launcher] <<==>> [android.view.accessibility.AccessibilityNodeInfo@74f7; boundsInParent: Rect(0, 0 - 720, 1184); boundsInScreen: Rect(0, 0 - 720, 1184); packageName: com.android.launcher; className: android.widget.FrameLayout; text: null; contentDescription: null; viewIdResName: null; checkable: false; checked: false; focusable: false; focused: false; selected: false; clickable: false; longClickable: false; enabled: true; password: false; scrollable: false; [ACTION_SELECT, ACTION_CLEAR_SELECTION, ACTION_ACCESSIBILITY_FOCUS]]
05-22 17:01:49.921 I/QueryController( 8141): Matched selector: UiSelector[TEXT=Camera] <<==>> [android.view.accessibility.AccessibilityNodeInfo@3b655; boundsInParent: Rect(0, 0 - 148, 184); boundsInScreen: Rect(16, 572 - 164, 756); packageName: com.android.launcher; className: android.widget.TextView; text: Camera; contentDescription: null; viewIdResName: null; checkable: false; checked: false; focusable: true; focused: false; selected: false; clickable: true; longClickable: true; enabled: true; password: false; scrollable: false; [ACTION_FOCUS, ACTION_SELECT, ACTION_CLEAR_SELECTION, ACTION_CLICK, ACTION_LONG_CLICK, ACTION_ACCESSIBILITY_FOCUS, ACTION_NEXT_AT_MOVEMENT_GRANULARITY, ACTION_PREVIOUS_AT_MOVEMENT_GRANULARITY, ACTION_SET_SELECTION]]
05-22 17:01:49.937 I/QueryController( 8141): Matched selector: UiSelector[TEXT=Camera] <<==>> [android.view.accessibility.AccessibilityNodeInfo@3b655; boundsInParent: Rect(0, 0 - 148, 184); boundsInScreen: Rect(16, 572 - 164, 756); packageName: com.android.launcher; className: android.widget.TextView; text: Camera; contentDescription: null; viewIdResName: null; checkable: false; checked: false; focusable: true; focused: false; selected: false; clickable: true; longClickable: true; enabled: true; password: false; scrollable: false; [ACTION_FOCUS, ACTION_SELECT, ACTION_CLEAR_SELECTION, ACTION_CLICK, ACTION_LONG_CLICK, ACTION_ACCESSIBILITY_FOCUS, ACTION_NEXT_AT_MOVEMENT_GRANULARITY, ACTION_PREVIOUS_AT_MOVEMENT_GRANULARITY, ACTION_SET_SELECTION]]
05-22 17:01:49.937 D/InteractionController( 8141): clickAndWaitForNewWindow(90, 664)
05-22 17:01:50.054 W/Parcel  (  802): Attempt to read object from Parcel 0x5ed47dac at offset 200 that is not in the object list
05-22 17:01:50.054 I/ActivityManager(  375): START u0 {act=android.intent.action.MAIN cat=[android.intent.category.LAUNCHER] flg=0x10200000 cmp=com.google.android.gallery3d/com.android.camera.CameraLauncher} from pid 1150
05-22 17:01:50.148 D/dalvikvm(  375): GC_FOR_ALLOC freed 834K, 21% free 18133K/22848K, paused 65ms, total 65ms
05-22 17:01:50.218 D/dalvikvm(  375): GC_FOR_ALLOC freed 755K, 21% free 18127K/22848K, paused 57ms, total 57ms
05-22 17:01:50.304 D/dalvikvm( 8157): GC_FOR_ALLOC freed 3049K, 18% free 17030K/20756K, paused 29ms, total 29ms
05-22 17:01:50.335 V/StateManager( 8157): startState class com.android.gallery3d.app.FilmstripPage
05-22 17:01:50.343 V/CameraHolder( 8157): open camera 0
05-22 17:01:50.343 I/AwesomePlayer(  127): setDataSource_l(URL suppressed)
05-22 17:01:50.390 I/AwesomePlayer(  127): setDataSource_l(URL suppressed)
05-22 17:01:50.437 I/CameraClient(  127): Opening camera 0
05-22 17:01:50.437 I/CameraHAL(  127): camera_device open
05-22 17:01:50.468 E/LightCycleHelper( 8157): Connection failed: ConnectionResult{statusCode=SERVICE_DISABLED, resolution=null}
05-22 17:01:50.468 D/CameraStorage( 8157): External storage state=mounted
05-22 17:01:50.562 D/CAM_PhotoModule( 8157): Preview size changed.
05-22 17:01:50.562 I/CAM_ScreenNail( 8157): preview layout size: 720/1184
05-22 17:01:50.562 I/CAM_ScreenNail( 8157): aspect ratio clamping disabled
05-22 17:01:50.624 V/CAM_PhotoModule( 8157): Preview size is 960x720
05-22 17:01:50.648 V/CAM_PhotoModule( 8157): Preview size is 960x720
05-22 17:01:50.656 I/CAM_ScreenNail( 8157): aspect ratio clamping disabled
05-22 17:01:50.663 I/CAM_ScreenNail( 8157): aspect ratio clamping enabled, surfaceTexture scale: 0.8108108, 1.0
05-22 17:01:50.718 I/GLRootView( 8157): onSurfaceChanged: 720x1184, gl10: com.google.android.gles_jni.GLImpl@42b4d7c8
05-22 17:01:50.718 I/GLRootView( 8157): layout content pane 720x1184 (compensation 0)
05-22 17:01:50.718 D/PhotoView( 8157): compensation = 0, CameraRelativeFrame = Rect(0, 0 - 0, 0), mCameraRect = Rect(0, 0 - 0, 0)
05-22 17:01:50.726 I/ActivityManager(  375): Displayed com.google.android.gallery3d/com.android.camera.CameraLauncher: +495ms
05-22 17:01:50.773 D/dalvikvm( 8157): GC_FOR_ALLOC freed 6058K, 29% free 13309K/18548K, paused 28ms, total 28ms
05-22 17:01:50.812 D/dalvikvm( 8157): GC_FOR_ALLOC freed 16K, 22% free 14492K/18548K, paused 24ms, total 24ms
05-22 17:01:50.859 D/dalvikvm( 8157): GC_FOR_ALLOC freed <1K, 16% free 15692K/18548K, paused 29ms, total 29ms
05-22 17:01:50.882 I/CAM_ScreenNail( 8157): preview layout size: 720/1184
05-22 17:01:50.882 I/CAM_ScreenNail( 8157): aspect ratio clamping enabled, surfaceTexture scale: 0.8108108, 1.0
05-22 17:01:51.116 D/dalvikvm( 8157): GC_FOR_ALLOC freed 996K, 11% free 16650K/18548K, paused 29ms, total 29ms
05-22 17:01:51.124 I/dalvikvm-heap( 8157): Grow heap (frag case) to 17.295MB for 1051408-byte allocation
05-22 17:01:51.163 D/dalvikvm( 8157): GC_FOR_ALLOC freed <1K, 10% free 17676K/19576K, paused 36ms, total 36ms
05-22 17:01:51.163 V/CAM_PhotoModule( 8157): startPreview
05-22 17:01:51.218 D/DOMX    (  127): ERROR: failed check:(eError == OMX_ErrorNone) || (eError == OMX_ErrorNoMore) - returning error: 0x80001005 - Error returned from OMX API in ducati
05-22 17:01:51.218 E/CameraHAL(  127): Error while configuring rotation 0x80001005
05-22 17:01:51.257 W/Parcel  (  802): Attempt to read object from Parcel 0x5e0dfdac at offset 200 that is not in the object list
05-22 17:01:51.288 W/MountService(  375): getVolumeState(/storage/emulated/0/external_sd): Unknown volume
05-22 17:01:51.296 W/MountService(  375): getVolumeState(/mnt/sdcard-ext): Unknown volume
05-22 17:01:51.296 W/MountService(  375): getVolumeState(/mnt/ext_sdcard): Unknown volume
05-22 17:01:51.296 W/MountService(  375): getVolumeState(/mnt/sdcard2): Unknown volume
05-22 17:01:51.296 W/MountService(  375): getVolumeState(/mnt/emmc): Unknown volume
05-22 17:01:51.296 W/MountService(  375): getVolumeState(/mnt/extSdCard): Unknown volume
05-22 17:01:51.296 W/MountService(  375): getVolumeState(/mnt/sdcard/SD_CARD): Unknown volume
05-22 17:01:51.296 W/MountService(  375): getVolumeState(/mnt/sdcard/extra_sd): Unknown volume
05-22 17:01:51.296 W/MountService(  375): getVolumeState(/mnt/extrasd_bind): Unknown volume
05-22 17:01:51.296 W/MountService(  375): getVolumeState(/mnt/sdcard/ext_sd): Unknown volume
05-22 17:01:51.304 W/MountService(  375): getVolumeState(/storage/extSdCard): Unknown volume
05-22 17:01:51.304 W/MountService(  375): getVolumeState(/storage/sdcard1): Unknown volume
05-22 17:01:51.304 W/MountService(  375): getVolumeState(/mnt/sdcard/external_SD): Unknown volume
05-22 17:01:51.304 W/MountService(  375): getVolumeState(/mnt/sdcard/external_sd): Unknown volume
05-22 17:01:51.320 D/dalvikvm( 1693): GC_CONCURRENT freed 546K, 20% free 9477K/11796K, paused 14ms+3ms, total 57ms
05-22 17:01:51.320 D/dalvikvm( 1693): WAIT_FOR_CONCURRENT_GC blocked 14ms
05-22 17:01:51.320 D/dalvikvm( 1693): WAIT_FOR_CONCURRENT_GC blocked 11ms
05-22 17:01:51.413 D/DOMX    (  127): ERROR: failed check:(eError == OMX_ErrorNone) || (eError == OMX_ErrorNoMore) - returning error: 0x80001005 - Error returned from OMX API in ducati
05-22 17:01:51.413 E/CameraHAL(  127): Error while configuring rotation 0x80001005
05-22 17:01:51.538 D/dalvikvm( 1693): GC_CONCURRENT freed 407K, 20% free 9476K/11796K, paused 2ms+5ms, total 28ms
05-22 17:01:51.593 W/MountService(  375): getVolumeState(/storage/emulated/0/external_sd): Unknown volume
05-22 17:01:51.593 W/MountService(  375): getVolumeState(/mnt/sdcard-ext): Unknown volume
05-22 17:01:51.601 W/MountService(  375): getVolumeState(/mnt/ext_sdcard): Unknown volume
05-22 17:01:51.601 W/MountService(  375): getVolumeState(/mnt/sdcard2): Unknown volume
05-22 17:01:51.601 W/MountService(  375): getVolumeState(/mnt/emmc): Unknown volume
05-22 17:01:51.601 W/MountService(  375): getVolumeState(/mnt/extSdCard): Unknown volume
05-22 17:01:51.601 W/MountService(  375): getVolumeState(/mnt/sdcard/SD_CARD): Unknown volume
05-22 17:01:51.601 W/MountService(  375): getVolumeState(/mnt/sdcard/extra_sd): Unknown volume
05-22 17:01:51.609 W/MountService(  375): getVolumeState(/mnt/extrasd_bind): Unknown volume
05-22 17:01:51.609 W/MountService(  375): getVolumeState(/mnt/sdcard/ext_sd): Unknown volume
05-22 17:01:51.609 W/MountService(  375): getVolumeState(/storage/extSdCard): Unknown volume
05-22 17:01:51.609 W/MountService(  375): getVolumeState(/storage/sdcard1): Unknown volume
05-22 17:01:51.609 W/MountService(  375): getVolumeState(/mnt/sdcard/external_SD): Unknown volume
05-22 17:01:51.609 W/MountService(  375): getVolumeState(/mnt/sdcard/external_sd): Unknown volume
05-22 17:01:51.640 D/dalvikvm( 1693): GC_CONCURRENT freed 424K, 20% free 9516K/11796K, paused 2ms+4ms, total 25ms
05-22 17:01:51.812 D/dalvikvm( 8141): GC_CONCURRENT freed 411K, 93% free 576K/7884K, paused 1ms+1ms, total 5ms
05-22 17:01:51.835 D/        (  127): PPM: Standby to first shot: Sensor Change completed -  :668.487 ms :  1400749311842 ms
05-22 17:01:51.835 D/        (  127): PPM: Focus finished in:  :1562827.246 ms :  1400749311842 ms
05-22 17:01:51.898 D/dalvikvm( 8141): GC_CONCURRENT freed 377K, 93% free 598K/7884K, paused 1ms+1ms, total 5ms
05-22 17:01:51.999 D/dalvikvm(  375): GC_FOR_ALLOC freed 861K, 21% free 18149K/22848K, paused 62ms, total 62ms
05-22 17:01:52.007 V/StateManager( 8157): no more state, finish activity
05-22 17:01:52.007 V/StateManager( 8157): finishState com.android.gallery3d.app.FilmstripPage@423a20a8
05-22 17:01:52.007 I/WindowManager(  375): Screenshot Window{426852b8 u0 com.google.android.gallery3d/com.android.camera.CameraLauncher} was all black! mSurfaceLayer=21020 minLayer=21020 maxLayer=21020
05-22 17:01:52.148 V/CAM_PhotoModule( 8157): stopPreview
05-22 17:01:52.148 E/CameraHAL(  127): Adapter state switch PREVIEW_ACTIVE Invalid Op! event = 0xf
05-22 17:01:52.296 I/CameraClient(  127): Destroying camera 0
05-22 17:01:52.343 W/AudioFlinger(  127): session id 383 not found for pid 127
05-22 17:01:52.343 W/AudioFlinger(  127): session id 384 not found for pid 127
05-22 17:01:52.952 V/StateManager( 8157): destroy
05-22 17:01:53.046 I/QueryController( 8141): Matched selector: UiSelector[DESCRIPTION=Apps, PACKAGE NAME=com.android.launcher] <<==>> [android.view.accessibility.AccessibilityNodeInfo@1ec5b; boundsInParent: Rect(524257, 0 - 524399, 104); boundsInScreen: Rect(0, 50 - 142, 154); packageName: com.android.launcher; className: android.widget.TextView; text: Apps; contentDescription: Apps; viewIdResName: null; checkable: false; checked: false; focusable: true; focused: false; selected: true; clickable: true; longClickable: false; enabled: true; password: false; scrollable: false; [ACTION_FOCUS, ACTION_SELECT, ACTION_CLEAR_SELECTION, ACTION_CLICK, ACTION_ACCESSIBILITY_FOCUS, ACTION_NEXT_AT_MOVEMENT_GRANULARITY, ACTION_PREVIOUS_AT_MOVEMENT_GRANULARITY, ACTION_SET_SELECTION]]
05-22 17:01:53.546 I/QueryController( 8141): Matched selector: UiSelector[DESCRIPTION=Apps, PACKAGE NAME=com.android.launcher] <<==>> [android.view.accessibility.AccessibilityNodeInfo@1ec5b; boundsInParent: Rect(524257, 0 - 524399, 104); boundsInScreen: Rect(0, 50 - 142, 154); packageName: com.android.launcher; className: android.widget.TextView; text: Apps; contentDescription: Apps; viewIdResName: null; checkable: false; checked: false; focusable: true; focused: false; selected: true; clickable: true; longClickable: false; enabled: true; password: false; scrollable: false; [ACTION_FOCUS, ACTION_SELECT, ACTION_CLEAR_SELECTION, ACTION_CLICK, ACTION_ACCESSIBILITY_FOCUS, ACTION_NEXT_AT_MOVEMENT_GRANULARITY, ACTION_PREVIOUS_AT_MOVEMENT_GRANULARITY, ACTION_SET_SELECTION]]
05-22 17:01:53.546 D/InteractionController( 8141): clickAndWaitForNewWindow(71, 102)
05-22 17:01:56.648 W/InteractionController( 8141): runAndwaitForEvent timedout waiting for events
05-22 17:01:56.663 I/QueryController( 8141): Matched selector: UiSelector[TEXT=Apps, CLASS=android.widget.TextView, PACKAGE NAME=com.android.launcher] <<==>> [android.view.accessibility.AccessibilityNodeInfo@1ec5b; boundsInParent: Rect(524257, 0 - 524399, 104); boundsInScreen: Rect(0, 50 - 142, 154); packageName: com.android.launcher; className: android.widget.TextView; text: Apps; contentDescription: Apps; viewIdResName: null; checkable: false; checked: false; focusable: true; focused: false; selected: true; clickable: true; longClickable: false; enabled: true; password: false; scrollable: false; [ACTION_FOCUS, ACTION_SELECT, ACTION_CLEAR_SELECTION, ACTION_CLICK, ACTION_ACCESSIBILITY_FOCUS, ACTION_NEXT_AT_MOVEMENT_GRANULARITY, ACTION_PREVIOUS_AT_MOVEMENT_GRANULARITY, ACTION_SET_SELECTION]]
05-22 17:01:56.679 I/QueryController( 8141): Matched selector: UiSelector[TEXT=Apps, CLASS=android.widget.TextView, PACKAGE NAME=com.android.launcher] <<==>> [android.view.accessibility.AccessibilityNodeInfo@1ec5b; boundsInParent: Rect(524257, 0 - 524399, 104); boundsInScreen: Rect(0, 50 - 142, 154); packageName: com.android.launcher; className: android.widget.TextView; text: Apps; contentDescription: Apps; viewIdResName: null; checkable: false; checked: false; focusable: true; focused: false; selected: true; clickable: true; longClickable: false; enabled: true; password: false; scrollable: false; [ACTION_FOCUS, ACTION_SELECT, ACTION_CLEAR_SELECTION, ACTION_CLICK, ACTION_ACCESSIBILITY_FOCUS, ACTION_NEXT_AT_MOVEMENT_GRANULARITY, ACTION_PREVIOUS_AT_MOVEMENT_GRANULARITY, ACTION_SET_SELECTION]]
05-22 17:01:56.679 D/UiObject( 8141): getText() = Apps
05-22 17:01:56.695 I/QueryController( 8141): Matched selector: UiSelector[TEXT=Apps, CLASS=android.widget.TextView, PACKAGE NAME=com.android.launcher] <<==>> [android.view.accessibility.AccessibilityNodeInfo@1ec5b; boundsInParent: Rect(524257, 0 - 524399, 104); boundsInScreen: Rect(0, 50 - 142, 154); packageName: com.android.launcher; className: android.widget.TextView; text: Apps; contentDescription: Apps; viewIdResName: null; checkable: false; checked: false; focusable: true; focused: false; selected: true; clickable: true; longClickable: false; enabled: true; password: false; scrollable: false; [ACTION_FOCUS, ACTION_SELECT, ACTION_CLEAR_SELECTION, ACTION_CLICK, ACTION_ACCESSIBILITY_FOCUS, ACTION_NEXT_AT_MOVEMENT_GRANULARITY, ACTION_PREVIOUS_AT_MOVEMENT_GRANULARITY, ACTION_SET_SELECTION]]
05-22 17:01:56.695 D/dalvikvm( 8141): GC_CONCURRENT freed 384K, 93% free 601K/7884K, paused 1ms+1ms, total 5ms
05-22 17:01:56.710 I/QueryController( 8141): Matched selector: UiSelector[TEXT=Apps, CLASS=android.widget.TextView, PACKAGE NAME=com.android.launcher] <<==>> [android.view.accessibility.AccessibilityNodeInfo@1ec5b; boundsInParent: Rect(524257, 0 - 524399, 104); boundsInScreen: Rect(0, 50 - 142, 154); packageName: com.android.launcher; className: android.widget.TextView; text: Apps; contentDescription: Apps; viewIdResName: null; checkable: false; checked: false; focusable: true; focused: false; selected: true; clickable: true; longClickable: false; enabled: true; password: false; scrollable: false; [ACTION_FOCUS, ACTION_SELECT, ACTION_CLEAR_SELECTION, ACTION_CLICK, ACTION_ACCESSIBILITY_FOCUS, ACTION_NEXT_AT_MOVEMENT_GRANULARITY, ACTION_PREVIOUS_AT_MOVEMENT_GRANULARITY, ACTION_SET_SELECTION]]
05-22 17:01:56.710 D/InteractionController( 8141): clickAndWaitForNewWindow(71, 102)
05-22 17:01:59.820 W/InteractionController( 8141): runAndwaitForEvent timedout waiting for events
05-22 17:01:59.827 I/QueryController( 8141): Matched selector: UiSelector[PACKAGE NAME=com.android.launcher] <<==>> [android.view.accessibility.AccessibilityNodeInfo@74f7; boundsInParent: Rect(0, 0 - 720, 1184); boundsInScreen: Rect(0, 0 - 720, 1184); packageName: com.android.launcher; className: android.widget.FrameLayout; text: null; contentDescription: null; viewIdResName: null; checkable: false; checked: false; focusable: false; focused: false; selected: false; clickable: false; longClickable: false; enabled: true; password: false; scrollable: false; [ACTION_SELECT, ACTION_CLEAR_SELECTION, ACTION_ACCESSIBILITY_FOCUS]]
05-22 17:01:59.843 I/QueryController( 8141): Matched selector: UiSelector[TEXT=Camera] <<==>> [android.view.accessibility.AccessibilityNodeInfo@3b655; boundsInParent: Rect(0, 0 - 148, 184); boundsInScreen: Rect(16, 572 - 164, 756); packageName: com.android.launcher; className: android.widget.TextView; text: Camera; contentDescription: null; viewIdResName: null; checkable: false; checked: false; focusable: true; focused: false; selected: false; clickable: true; longClickable: true; enabled: true; password: false; scrollable: false; [ACTION_FOCUS, ACTION_SELECT, ACTION_CLEAR_SELECTION, ACTION_CLICK, ACTION_LONG_CLICK, ACTION_ACCESSIBILITY_FOCUS, ACTION_NEXT_AT_MOVEMENT_GRANULARITY, ACTION_PREVIOUS_AT_MOVEMENT_GRANULARITY, ACTION_SET_SELECTION]]
05-22 17:01:59.859 I/QueryController( 8141): Matched selector: UiSelector[TEXT=Camera] <<==>> [android.view.accessibility.AccessibilityNodeInfo@3b655; boundsInParent: Rect(0, 0 - 148, 184); boundsInScreen: Rect(16, 572 - 164, 756); packageName: com.android.launcher; className: android.widget.TextView; text: Camera; contentDescription: null; viewIdResName: null; checkable: false; checked: false; focusable: true; focused: false; selected: false; clickable: true; longClickable: true; enabled: true; password: false; scrollable: false; [ACTION_FOCUS, ACTION_SELECT, ACTION_CLEAR_SELECTION, ACTION_CLICK, ACTION_LONG_CLICK, ACTION_ACCESSIBILITY_FOCUS, ACTION_NEXT_AT_MOVEMENT_GRANULARITY, ACTION_PREVIOUS_AT_MOVEMENT_GRANULARITY, ACTION_SET_SELECTION]]
05-22 17:01:59.859 D/InteractionController( 8141): clickAndWaitForNewWindow(90, 664)
05-22 17:01:59.999 W/Parcel  (  802): Attempt to read object from Parcel 0x5e0dfdac at offset 200 that is not in the object list
05-22 17:02:00.007 I/ActivityManager(  375): START u0 {act=android.intent.action.MAIN cat=[android.intent.category.LAUNCHER] flg=0x10200000 cmp=com.google.android.gallery3d/com.android.camera.CameraLauncher} from pid 1150
05-22 17:02:00.116 D/dalvikvm(  375): GC_FOR_ALLOC freed 863K, 21% free 18138K/22848K, paused 62ms, total 63ms
05-22 17:02:00.179 D/dalvikvm(  375): GC_FOR_ALLOC freed 753K, 21% free 18129K/22848K, paused 59ms, total 59ms
05-22 17:02:00.281 V/StateManager( 8157): startState class com.android.gallery3d.app.FilmstripPage
05-22 17:02:00.281 V/CameraHolder( 8157): open camera 0
05-22 17:02:00.288 I/AwesomePlayer(  127): setDataSource_l(URL suppressed)
05-22 17:02:00.343 I/AwesomePlayer(  127): setDataSource_l(URL suppressed)
05-22 17:02:00.390 E/LightCycleHelper( 8157): Connection failed: ConnectionResult{statusCode=SERVICE_DISABLED, resolution=null}
05-22 17:02:00.406 D/CameraStorage( 8157): External storage state=mounted
05-22 17:02:00.413 I/CameraClient(  127): Opening camera 0
05-22 17:02:00.413 I/CameraHAL(  127): camera_device open
05-22 17:02:00.523 D/CAM_PhotoModule( 8157): Preview size changed.
05-22 17:02:00.523 I/CAM_ScreenNail( 8157): preview layout size: 720/1184
05-22 17:02:00.523 I/CAM_ScreenNail( 8157): aspect ratio clamping disabled
05-22 17:02:00.593 V/CAM_PhotoModule( 8157): Preview size is 960x720
05-22 17:02:00.593 V/CAM_PhotoModule( 8157): Preview size is 960x720
05-22 17:02:00.601 I/CAM_ScreenNail( 8157): aspect ratio clamping disabled
05-22 17:02:00.601 I/CAM_ScreenNail( 8157): aspect ratio clamping enabled, surfaceTexture scale: 0.8108108, 1.0
05-22 17:02:00.624 I/GLRootView( 8157): onSurfaceChanged: 720x1184, gl10: com.google.android.gles_jni.GLImpl@429402d0
05-22 17:02:00.624 I/GLRootView( 8157): layout content pane 720x1184 (compensation 0)
05-22 17:02:00.624 D/PhotoView( 8157): compensation = 0, CameraRelativeFrame = Rect(0, 0 - 0, 0), mCameraRect = Rect(0, 0 - 0, 0)
05-22 17:02:00.679 D/dalvikvm( 8157): GC_FOR_ALLOC freed 1973K, 14% free 16921K/19576K, paused 45ms, total 45ms
05-22 17:02:00.679 I/dalvikvm-heap( 8157): Grow heap (frag case) to 17.633MB for 1127536-byte allocation
05-22 17:02:00.695 I/ActivityManager(  375): Displayed com.google.android.gallery3d/com.android.camera.CameraLauncher: +494ms
05-22 17:02:00.718 D/dalvikvm( 8157): GC_FOR_ALLOC freed <1K, 13% free 18022K/20680K, paused 40ms, total 40ms
05-22 17:02:00.765 D/dalvikvm( 8157): GC_FOR_ALLOC freed 5766K, 41% free 12366K/20680K, paused 26ms, total 26ms
05-22 17:02:00.804 D/dalvikvm( 8157): GC_CONCURRENT freed 1K, 35% free 13467K/20680K, paused 4ms+3ms, total 38ms
05-22 17:02:00.804 D/dalvikvm( 8157): WAIT_FOR_CONCURRENT_GC blocked 24ms
05-22 17:02:00.851 D/dalvikvm( 8157): GC_FOR_ALLOC freed <1K, 29% free 14764K/20680K, paused 24ms, total 24ms
05-22 17:02:00.937 I/CAM_ScreenNail( 8157): preview layout size: 720/1184
05-22 17:02:00.937 I/CAM_ScreenNail( 8157): aspect ratio clamping enabled, surfaceTexture scale: 0.8108108, 1.0
05-22 17:02:01.023 V/CAM_PhotoModule( 8157): startPreview
05-22 17:02:01.062 D/dalvikvm( 8157): GC_CONCURRENT freed 69K, 20% free 16651K/20680K, paused 5ms+4ms, total 44ms
05-22 17:02:01.077 D/DOMX    (  127): ERROR: failed check:(eError == OMX_ErrorNone) || (eError == OMX_ErrorNoMore) - returning error: 0x80001005 - Error returned from OMX API in ducati
05-22 17:02:01.077 E/CameraHAL(  127): Error while configuring rotation 0x80001005
05-22 17:02:01.218 D/DOMX    (  127): ERROR: failed check:(eError == OMX_ErrorNone) || (eError == OMX_ErrorNoMore) - returning error: 0x80001005 - Error returned from OMX API in ducati
05-22 17:02:01.218 E/CameraHAL(  127): Error while configuring rotation 0x80001005
05-22 17:02:01.616 D/        (  127): PPM: Standby to first shot: Sensor Change completed -  :594.849 ms :  1400749321627 ms
05-22 17:02:01.640 D/        (  127): PPM: Focus finished in:  :1572636.694 ms :  1400749321652 ms
05-22 17:02:01.663 D/dalvikvm( 8141): GC_CONCURRENT freed 383K, 76% free 625K/2552K, paused 2ms+1ms, total 10ms
05-22 17:02:01.835 D/dalvikvm(  375): GC_FOR_ALLOC freed 821K, 21% free 18147K/22848K, paused 58ms, total 58ms
05-22 17:02:01.843 I/WindowManager(  375): Screenshot Window{42665e60 u0 com.google.android.gallery3d/com.android.camera.CameraLauncher} was all black! mSurfaceLayer=21020 minLayer=21020 maxLayer=21020
05-22 17:02:01.851 V/StateManager( 8157): no more state, finish activity
05-22 17:02:01.851 V/StateManager( 8157): finishState com.android.gallery3d.app.FilmstripPage@42385850
05-22 17:02:01.999 V/CAM_PhotoModule( 8157): stopPreview
05-22 17:02:01.999 E/CameraHAL(  127): Adapter state switch PREVIEW_ACTIVE Invalid Op! event = 0xf
05-22 17:02:02.148 I/CameraClient(  127): Destroying camera 0
05-22 17:02:02.195 W/AudioFlinger(  127): session id 388 not found for pid 127
05-22 17:02:02.195 W/AudioFlinger(  127): session id 389 not found for pid 127
05-22 17:02:02.788 V/StateManager( 8157): destroy
05-22 17:02:03.382 I/QueryController( 8141): Matched selector: UiSelector[DESCRIPTION=Apps, PACKAGE NAME=com.android.launcher] <<==>> [android.view.accessibility.AccessibilityNodeInfo@1ec5b; boundsInParent: Rect(524257, 0 - 524399, 104); boundsInScreen: Rect(0, 50 - 142, 154); packageName: com.android.launcher; className: android.widget.TextView; text: Apps; contentDescription: Apps; viewIdResName: null; checkable: false; checked: false; focusable: true; focused: false; selected: true; clickable: true; longClickable: false; enabled: true; password: false; scrollable: false; [ACTION_FOCUS, ACTION_SELECT, ACTION_CLEAR_SELECTION, ACTION_CLICK, ACTION_ACCESSIBILITY_FOCUS, ACTION_NEXT_AT_MOVEMENT_GRANULARITY, ACTION_PREVIOUS_AT_MOVEMENT_GRANULARITY, ACTION_SET_SELECTION]]
05-22 17:02:03.390 D/dalvikvm( 8141): GC_CONCURRENT freed 414K, 77% free 604K/2552K, paused 0ms+0ms, total 5ms
05-22 17:02:03.406 I/QueryController( 8141): Matched selector: UiSelector[DESCRIPTION=Apps, PACKAGE NAME=com.android.launcher] <<==>> [android.view.accessibility.AccessibilityNodeInfo@1ec5b; boundsInParent: Rect(524257, 0 - 524399, 104); boundsInScreen: Rect(0, 50 - 142, 154); packageName: com.android.launcher; className: android.widget.TextView; text: Apps; contentDescription: Apps; viewIdResName: null; checkable: false; checked: false; focusable: true; focused: false; selected: true; clickable: true; longClickable: false; enabled: true; password: false; scrollable: false; [ACTION_FOCUS, ACTION_SELECT, ACTION_CLEAR_SELECTION, ACTION_CLICK, ACTION_ACCESSIBILITY_FOCUS, ACTION_NEXT_AT_MOVEMENT_GRANULARITY, ACTION_PREVIOUS_AT_MOVEMENT_GRANULARITY, ACTION_SET_SELECTION]]
05-22 17:02:03.406 D/InteractionController( 8141): clickAndWaitForNewWindow(71, 102)
05-22 17:02:06.507 W/InteractionController( 8141): runAndwaitForEvent timedout waiting for events
05-22 17:02:06.523 I/QueryController( 8141): Matched selector: UiSelector[TEXT=Apps, CLASS=android.widget.TextView, PACKAGE NAME=com.android.launcher] <<==>> [android.view.accessibility.AccessibilityNodeInfo@1ec5b; boundsInParent: Rect(524257, 0 - 524399, 104); boundsInScreen: Rect(0, 50 - 142, 154); packageName: com.android.launcher; className: android.widget.TextView; text: Apps; contentDescription: Apps; viewIdResName: null; checkable: false; checked: false; focusable: true; focused: false; selected: true; clickable: true; longClickable: false; enabled: true; password: false; scrollable: false; [ACTION_FOCUS, ACTION_SELECT, ACTION_CLEAR_SELECTION, ACTION_CLICK, ACTION_ACCESSIBILITY_FOCUS, ACTION_NEXT_AT_MOVEMENT_GRANULARITY, ACTION_PREVIOUS_AT_MOVEMENT_GRANULARITY, ACTION_SET_SELECTION]]
05-22 17:02:06.538 I/QueryController( 8141): Matched selector: UiSelector[TEXT=Apps, CLASS=android.widget.TextView, PACKAGE NAME=com.android.launcher] <<==>> [android.view.accessibility.AccessibilityNodeInfo@1ec5b; boundsInParent: Rect(524257, 0 - 524399, 104); boundsInScreen: Rect(0, 50 - 142, 154); packageName: com.android.launcher; className: android.widget.TextView; text: Apps; contentDescription: Apps; viewIdResName: null; checkable: false; checked: false; focusable: true; focused: false; selected: true; clickable: true; longClickable: false; enabled: true; password: false; scrollable: false; [ACTION_FOCUS, ACTION_SELECT, ACTION_CLEAR_SELECTION, ACTION_CLICK, ACTION_ACCESSIBILITY_FOCUS, ACTION_NEXT_AT_MOVEMENT_GRANULARITY, ACTION_PREVIOUS_AT_MOVEMENT_GRANULARITY, ACTION_SET_SELECTION]]
05-22 17:02:06.538 D/UiObject( 8141): getText() = Apps
05-22 17:02:06.554 I/QueryController( 8141): Matched selector: UiSelector[TEXT=Apps, CLASS=android.widget.TextView, PACKAGE NAME=com.android.launcher] <<==>> [android.view.accessibility.AccessibilityNodeInfo@1ec5b; boundsInParent: Rect(524257, 0 - 524399, 104); boundsInScreen: Rect(0, 50 - 142, 154); packageName: com.android.launcher; className: android.widget.TextView; text: Apps; contentDescription: Apps; viewIdResName: null; checkable: false; checked: false; focusable: true; focused: false; selected: true; clickable: true; longClickable: false; enabled: true; password: false; scrollable: false; [ACTION_FOCUS, ACTION_SELECT, ACTION_CLEAR_SELECTION, ACTION_CLICK, ACTION_ACCESSIBILITY_FOCUS, ACTION_NEXT_AT_MOVEMENT_GRANULARITY, ACTION_PREVIOUS_AT_MOVEMENT_GRANULARITY, ACTION_SET_SELECTION]]
05-22 17:02:06.562 I/QueryController( 8141): Matched selector: UiSelector[TEXT=Apps, CLASS=android.widget.TextView, PACKAGE NAME=com.android.launcher] <<==>> [android.view.accessibility.AccessibilityNodeInfo@1ec5b; boundsInParent: Rect(524257, 0 - 524399, 104); boundsInScreen: Rect(0, 50 - 142, 154); packageName: com.android.launcher; className: android.widget.TextView; text: Apps; contentDescription: Apps; viewIdResName: null; checkable: false; checked: false; focusable: true; focused: false; selected: true; clickable: true; longClickable: false; enabled: true; password: false; scrollable: false; [ACTION_FOCUS, ACTION_SELECT, ACTION_CLEAR_SELECTION, ACTION_CLICK, ACTION_ACCESSIBILITY_FOCUS, ACTION_NEXT_AT_MOVEMENT_GRANULARITY, ACTION_PREVIOUS_AT_MOVEMENT_GRANULARITY, ACTION_SET_SELECTION]]
05-22 17:02:06.570 D/InteractionController( 8141): clickAndWaitForNewWindow(71, 102)
05-22 17:02:09.671 W/InteractionController( 8141): runAndwaitForEvent timedout waiting for events
05-22 17:02:09.687 I/QueryController( 8141): Matched selector: UiSelector[PACKAGE NAME=com.android.launcher] <<==>> [android.view.accessibility.AccessibilityNodeInfo@74f7; boundsInParent: Rect(0, 0 - 720, 1184); boundsInScreen: Rect(0, 0 - 720, 1184); packageName: com.android.launcher; className: android.widget.FrameLayout; text: null; contentDescription: null; viewIdResName: null; checkable: false; checked: false; focusable: false; focused: false; selected: false; clickable: false; longClickable: false; enabled: true; password: false; scrollable: false; [ACTION_SELECT, ACTION_CLEAR_SELECTION, ACTION_ACCESSIBILITY_FOCUS]]
05-22 17:02:09.702 D/dalvikvm( 8141): GC_CONCURRENT freed 379K, 77% free 608K/2552K, paused 2ms+0ms, total 5ms
05-22 17:02:09.702 I/QueryController( 8141): Matched selector: UiSelector[TEXT=Camera] <<==>> [android.view.accessibility.AccessibilityNodeInfo@3b655; boundsInParent: Rect(0, 0 - 148, 184); boundsInScreen: Rect(16, 572 - 164, 756); packageName: com.android.launcher; className: android.widget.TextView; text: Camera; contentDescription: null; viewIdResName: null; checkable: false; checked: false; focusable: true; focused: false; selected: false; clickable: true; longClickable: true; enabled: true; password: false; scrollable: false; [ACTION_FOCUS, ACTION_SELECT, ACTION_CLEAR_SELECTION, ACTION_CLICK, ACTION_LONG_CLICK, ACTION_ACCESSIBILITY_FOCUS, ACTION_NEXT_AT_MOVEMENT_GRANULARITY, ACTION_PREVIOUS_AT_MOVEMENT_GRANULARITY, ACTION_SET_SELECTION]]
05-22 17:02:09.718 I/QueryController( 8141): Matched selector: UiSelector[TEXT=Camera] <<==>> [android.view.accessibility.AccessibilityNodeInfo@3b655; boundsInParent: Rect(0, 0 - 148, 184); boundsInScreen: Rect(16, 572 - 164, 756); packageName: com.android.launcher; className: android.widget.TextView; text: Camera; contentDescription: null; viewIdResName: null; checkable: false; checked: false; focusable: true; focused: false; selected: false; clickable: true; longClickable: true; enabled: true; password: false; scrollable: false; [ACTION_FOCUS, ACTION_SELECT, ACTION_CLEAR_SELECTION, ACTION_CLICK, ACTION_LONG_CLICK, ACTION_ACCESSIBILITY_FOCUS, ACTION_NEXT_AT_MOVEMENT_GRANULARITY, ACTION_PREVIOUS_AT_MOVEMENT_GRANULARITY, ACTION_SET_SELECTION]]
05-22 17:02:09.718 D/InteractionController( 8141): clickAndWaitForNewWindow(90, 664)
05-22 17:02:09.843 W/Parcel  (  802): Attempt to read object from Parcel 0x5e0dfdac at offset 200 that is not in the object list
05-22 17:02:09.843 I/ActivityManager(  375): START u0 {act=android.intent.action.MAIN cat=[android.intent.category.LAUNCHER] flg=0x10200000 cmp=com.google.android.gallery3d/com.android.camera.CameraLauncher} from pid 1150
05-22 17:02:09.968 D/dalvikvm(  375): GC_FOR_ALLOC freed 847K, 21% free 18138K/22848K, paused 71ms, total 72ms
05-22 17:02:10.038 D/dalvikvm(  375): GC_FOR_ALLOC freed 753K, 21% free 18128K/22848K, paused 59ms, total 59ms
05-22 17:02:10.124 V/StateManager( 8157): startState class com.android.gallery3d.app.FilmstripPage
05-22 17:02:10.132 V/CameraHolder( 8157): open camera 0
05-22 17:02:10.132 I/AwesomePlayer(  127): setDataSource_l(URL suppressed)
05-22 17:02:10.187 I/AwesomePlayer(  127): setDataSource_l(URL suppressed)
05-22 17:02:10.210 E/LightCycleHelper( 8157): Connection failed: ConnectionResult{statusCode=SERVICE_DISABLED, resolution=null}
05-22 17:02:10.218 D/CameraStorage( 8157): External storage state=mounted
05-22 17:02:10.234 I/CameraClient(  127): Opening camera 0
05-22 17:02:10.234 I/CameraHAL(  127): camera_device open
05-22 17:02:10.335 D/CAM_PhotoModule( 8157): Preview size changed.
05-22 17:02:10.335 I/CAM_ScreenNail( 8157): preview layout size: 720/1184
05-22 17:02:10.335 I/CAM_ScreenNail( 8157): aspect ratio clamping disabled
05-22 17:02:10.398 I/GLRootView( 8157): onSurfaceChanged: 720x1184, gl10: com.google.android.gles_jni.GLImpl@42940d88
05-22 17:02:10.413 I/GLRootView( 8157): layout content pane 720x1184 (compensation 0)
05-22 17:02:10.413 D/PhotoView( 8157): compensation = 0, CameraRelativeFrame = Rect(0, 0 - 0, 0), mCameraRect = Rect(0, 0 - 0, 0)
05-22 17:02:10.452 D/dalvikvm( 8157): GC_FOR_ALLOC freed 1844K, 14% free 16921K/19648K, paused 34ms, total 34ms
05-22 17:02:10.460 V/CAM_PhotoModule( 8157): Preview size is 960x720
05-22 17:02:10.507 D/dalvikvm( 8157): GC_FOR_ALLOC freed 3763K, 27% free 14423K/19648K, paused 35ms, total 35ms
05-22 17:02:10.531 I/ActivityManager(  375): Displayed com.google.android.gallery3d/com.android.camera.CameraLauncher: +484ms
05-22 17:02:10.546 D/dalvikvm( 8157): GC_FOR_ALLOC freed 2058K, 31% free 13571K/19648K, paused 26ms, total 26ms
05-22 17:02:10.593 D/dalvikvm( 8157): GC_FOR_ALLOC freed 11K, 25% free 14765K/19648K, paused 22ms, total 22ms
05-22 17:02:10.601 V/CAM_PhotoModule( 8157): Preview size is 960x720
05-22 17:02:10.609 I/CAM_ScreenNail( 8157): aspect ratio clamping disabled
05-22 17:02:10.632 I/GLRootView( 8157): layout content pane 720x1184 (compensation 0)
05-22 17:02:10.632 D/PhotoView( 8157): compensation = 0, CameraRelativeFrame = Rect(0, 0 - 0, 0), mCameraRect = Rect(0, 0 - 0, 0)
05-22 17:02:10.640 I/CAM_ScreenNail( 8157): aspect ratio clamping enabled, surfaceTexture scale: 0.8108108, 1.0
05-22 17:02:10.687 I/CAM_ScreenNail( 8157): preview layout size: 720/1184
05-22 17:02:10.687 I/CAM_ScreenNail( 8157): aspect ratio clamping enabled, surfaceTexture scale: 0.8108108, 1.0
05-22 17:02:10.804 D/dalvikvm( 8157): GC_FOR_ALLOC freed 135K, 17% free 16452K/19648K, paused 22ms, total 23ms
