05-22 16:46:55.765 I/WindowManager(  375): Lock screen displayed!
05-22 16:46:57.070 D/PhoneStatusBar(  450): disable: < expand icons alerts ticker system_info BACK HOME recent* CLOCK search* >
05-22 16:46:57.124 D/PhoneStatusBar(  450): disable: < expand icons alerts ticker system_info back* home* recent clock* search >
05-22 16:47:38.015 I/PowerManagerService(  375): Going to sleep due to screen timeout...
05-22 16:47:43.796 D/PhoneStatusBar(  450): disable: < expand icons alerts ticker system_info back home RECENT* clock SEARCH* >
05-22 16:47:43.906 D/PhoneStatusBar(  450): disable: < expand icons alerts ticker system_info BACK* HOME* RECENT CLOCK* SEARCH >
05-22 16:47:50.515 W/MountService(  375): getVolumeState(/storage/emulated/0/external_sd): Unknown volume
05-22 16:47:50.515 W/MountService(  375): getVolumeState(/mnt/sdcard-ext): Unknown volume
05-22 16:47:50.515 W/MountService(  375): getVolumeState(/mnt/ext_sdcard): Unknown volume
05-22 16:47:50.515 W/MountService(  375): getVolumeState(/mnt/sdcard2): Unknown volume
05-22 16:47:50.523 W/MountService(  375): getVolumeState(/mnt/emmc): Unknown volume
05-22 16:47:50.523 W/MountService(  375): getVolumeState(/mnt/extSdCard): Unknown volume
05-22 16:47:50.523 W/MountService(  375): getVolumeState(/mnt/sdcard/SD_CARD): Unknown volume
05-22 16:47:50.523 W/MountService(  375): getVolumeState(/mnt/sdcard/extra_sd): Unknown volume
05-22 16:47:50.523 W/MountService(  375): getVolumeState(/mnt/extrasd_bind): Unknown volume
05-22 16:47:50.523 W/MountService(  375): getVolumeState(/mnt/sdcard/ext_sd): Unknown volume
05-22 16:47:50.523 W/MountService(  375): getVolumeState(/storage/extSdCard): Unknown volume
05-22 16:47:50.523 W/MountService(  375): getVolumeState(/storage/sdcard1): Unknown volume
05-22 16:47:50.523 W/MountService(  375): getVolumeState(/mnt/sdcard/external_SD): Unknown volume
05-22 16:47:50.531 W/MountService(  375): getVolumeState(/mnt/sdcard/external_sd): Unknown volume
05-22 16:47:50.859 W/MountService(  375): getVolumeState(/storage/emulated/0/external_sd): Unknown volume
05-22 16:47:50.859 W/MountService(  375): getVolumeState(/mnt/sdcard-ext): Unknown volume
05-22 16:47:50.859 W/MountService(  375): getVolumeState(/mnt/ext_sdcard): Unknown volume
05-22 16:47:50.859 W/MountService(  375): getVolumeState(/mnt/sdcard2): Unknown volume
05-22 16:47:50.859 W/MountService(  375): getVolumeState(/mnt/emmc): Unknown volume
05-22 16:47:50.859 W/MountService(  375): getVolumeState(/mnt/extSdCard): Unknown volume
05-22 16:47:50.859 W/MountService(  375): getVolumeState(/mnt/sdcard/SD_CARD): Unknown volume
05-22 16:47:50.866 W/MountService(  375): getVolumeState(/mnt/sdcard/extra_sd): Unknown volume
05-22 16:47:50.866 W/MountService(  375): getVolumeState(/mnt/extrasd_bind): Unknown volume
05-22 16:47:50.866 W/MountService(  375): getVolumeState(/mnt/sdcard/ext_sd): Unknown volume
05-22 16:47:50.866 W/MountService(  375): getVolumeState(/storage/extSdCard): Unknown volume
05-22 16:47:50.874 W/MountService(  375): getVolumeState(/storage/sdcard1): Unknown volume
05-22 16:47:50.874 W/MountService(  375): getVolumeState(/mnt/sdcard/external_SD): Unknown volume
05-22 16:47:50.874 W/MountService(  375): getVolumeState(/mnt/sdcard/external_sd): Unknown volume
05-22 16:48:01.882 I/ActivityManager(  375): Start proc com.pekall.emdm.launcher:remote for service com.pekall.emdm.launcher/com.baidu.location.f: pid=7086 uid=10066 gids={50066, 1015, 3002, 3001, 3003, 1028}
05-22 16:48:02.265 D/ActivityThread( 7086): Loading provider com.pekall.semail.provider;com.pekall.semail.notifier: com.pekall.semail.provider.EmailProvider
05-22 16:48:02.460 D/ActivityThread( 7086): Loading provider com.pekall.semail.provider;com.pekall.semail.notifier: com.pekall.semail.provider.EmailProvider
05-22 16:48:07.171 W/ActivityManager(  375): Unable to start service Intent { cmp=com.pekall.emdm.launcher/com.pekall.semail.service.AttachmentDownloadService } U=0: not found
05-22 16:48:21.906 W/ActivityManager(  375): Timeout executing service: ServiceRecord{428ef990 u0 com.pekall.emdm.launcher/com.baidu.location.f}
05-22 16:48:26.304 E/ActivityManager(  375): ANR in com.pekall.emdm.launcher:remote
05-22 16:48:26.304 E/ActivityManager(  375): Reason: Executing service com.pekall.emdm.launcher/com.baidu.location.f
05-22 16:48:26.304 E/ActivityManager(  375): Load: 1.91 / 1.55 / 1.32
05-22 16:48:26.304 E/ActivityManager(  375): CPU usage from 8152ms to 0ms ago:
05-22 16:48:26.304 E/ActivityManager(  375):   99% 7086/com.pekall.emdm.launcher:remote: 99% user + 0% kernel
05-22 16:48:26.304 E/ActivityManager(  375):   99% 3216/com.pekall.emdm.launcher: 99% user + 0% kernel
05-22 16:48:26.304 E/ActivityManager(  375):   0.2% 375/system_server: 0.1% user + 0.1% kernel / faults: 1 minor
05-22 16:48:26.304 E/ActivityManager(  375):   0% 450/com.android.systemui: 0% user + 0% kernel / faults: 2 minor
05-22 16:48:26.304 E/ActivityManager(  375):   0% 580/com.android.phone: 0% user + 0% kernel
05-22 16:48:26.304 E/ActivityManager(  375):   0% 6512/com.google.android.apps.maps:GoogleLocationService: 0% user + 0% kernel / faults: 6 minor
05-22 16:48:26.304 E/ActivityManager(  375):   0.1% 6916/com.qihoo.appstore: 0.1% user + 0% kernel / faults: 2 minor
05-22 16:48:26.304 E/ActivityManager(  375): 100% TOTAL: 99% user + 0% kernel
05-22 16:48:26.304 E/ActivityManager(  375): CPU usage from 3600ms to 4135ms later:
05-22 16:48:26.304 E/ActivityManager(  375):   98% 7086/com.pekall.emdm.launcher:remote: 98% user + 0% kernel
05-22 16:48:26.304 E/ActivityManager(  375):     101% 7099/Thread-354: 101% user + 0% kernel
05-22 16:48:26.304 E/ActivityManager(  375):   94% 3216/com.pekall.emdm.launcher: 94% user + 0% kernel
05-22 16:48:26.304 E/ActivityManager(  375):     96% 3229/Thread-183: 96% user + 0% kernel
05-22 16:48:26.304 E/ActivityManager(  375):   7.4% 375/system_server: 0% user + 7.4% kernel
05-22 16:48:26.304 E/ActivityManager(  375):     7.4% 391/ActivityManager: 0% user + 7.4% kernel
05-22 16:48:26.304 E/ActivityManager(  375): 100% TOTAL: 97% user + 2.8% kernel
05-22 16:48:26.312 W/ActivityManager(  375): Killing ProcessRecord{426d4f90 7086:com.pekall.emdm.launcher:remote/u0a10066}: background ANR
05-22 16:48:26.445 I/ActivityManager(  375): Process com.pekall.emdm.launcher:remote (pid 7086) has died.
05-22 16:48:26.445 W/ActivityManager(  375): Scheduling restart of crashed service com.pekall.emdm.launcher/com.baidu.location.f in 320000ms
05-22 16:48:50.523 W/MountService(  375): getVolumeState(/storage/emulated/0/external_sd): Unknown volume
05-22 16:48:50.523 W/MountService(  375): getVolumeState(/mnt/sdcard-ext): Unknown volume
05-22 16:48:50.523 W/MountService(  375): getVolumeState(/mnt/ext_sdcard): Unknown volume
05-22 16:48:50.523 W/MountService(  375): getVolumeState(/mnt/sdcard2): Unknown volume
05-22 16:48:50.523 W/MountService(  375): getVolumeState(/mnt/emmc): Unknown volume
05-22 16:48:50.531 W/MountService(  375): getVolumeState(/mnt/extSdCard): Unknown volume
05-22 16:48:50.531 W/MountService(  375): getVolumeState(/mnt/sdcard/SD_CARD): Unknown volume
05-22 16:48:50.531 W/MountService(  375): getVolumeState(/mnt/sdcard/extra_sd): Unknown volume
05-22 16:48:50.531 W/MountService(  375): getVolumeState(/mnt/extrasd_bind): Unknown volume
05-22 16:48:50.531 W/MountService(  375): getVolumeState(/mnt/sdcard/ext_sd): Unknown volume
05-22 16:48:50.531 W/MountService(  375): getVolumeState(/storage/extSdCard): Unknown volume
05-22 16:48:50.531 W/MountService(  375): getVolumeState(/storage/sdcard1): Unknown volume
05-22 16:48:50.531 W/MountService(  375): getVolumeState(/mnt/sdcard/external_SD): Unknown volume
05-22 16:48:50.531 W/MountService(  375): getVolumeState(/mnt/sdcard/external_sd): Unknown volume
05-22 16:48:50.835 W/MountService(  375): getVolumeState(/storage/emulated/0/external_sd): Unknown volume
05-22 16:48:50.835 W/MountService(  375): getVolumeState(/mnt/sdcard-ext): Unknown volume
05-22 16:48:50.835 W/MountService(  375): getVolumeState(/mnt/ext_sdcard): Unknown volume
05-22 16:48:50.835 W/MountService(  375): getVolumeState(/mnt/sdcard2): Unknown volume
05-22 16:48:50.835 W/MountService(  375): getVolumeState(/mnt/emmc): Unknown volume
05-22 16:48:50.835 W/MountService(  375): getVolumeState(/mnt/extSdCard): Unknown volume
05-22 16:48:50.835 W/MountService(  375): getVolumeState(/mnt/sdcard/SD_CARD): Unknown volume
05-22 16:48:50.843 W/MountService(  375): getVolumeState(/mnt/sdcard/extra_sd): Unknown volume
05-22 16:48:50.843 W/MountService(  375): getVolumeState(/mnt/extrasd_bind): Unknown volume
05-22 16:48:50.843 W/MountService(  375): getVolumeState(/mnt/sdcard/ext_sd): Unknown volume
05-22 16:48:50.843 W/MountService(  375): getVolumeState(/storage/extSdCard): Unknown volume
05-22 16:48:50.843 W/MountService(  375): getVolumeState(/storage/sdcard1): Unknown volume
05-22 16:48:50.843 W/MountService(  375): getVolumeState(/mnt/sdcard/external_SD): Unknown volume
05-22 16:48:50.843 W/MountService(  375): getVolumeState(/mnt/sdcard/external_sd): Unknown volume
05-22 16:49:50.531 W/MountService(  375): getVolumeState(/storage/emulated/0/external_sd): Unknown volume
05-22 16:49:50.531 W/MountService(  375): getVolumeState(/mnt/sdcard-ext): Unknown volume
05-22 16:49:50.531 W/MountService(  375): getVolumeState(/mnt/ext_sdcard): Unknown volume
05-22 16:49:50.531 W/MountService(  375): getVolumeState(/mnt/sdcard2): Unknown volume
05-22 16:49:50.531 W/MountService(  375): getVolumeState(/mnt/emmc): Unknown volume
05-22 16:49:50.531 W/MountService(  375): getVolumeState(/mnt/extSdCard): Unknown volume
05-22 16:49:50.531 W/MountService(  375): getVolumeState(/mnt/sdcard/SD_CARD): Unknown volume
05-22 16:49:50.538 W/MountService(  375): getVolumeState(/mnt/sdcard/extra_sd): Unknown volume
05-22 16:49:50.538 W/MountService(  375): getVolumeState(/mnt/extrasd_bind): Unknown volume
05-22 16:49:50.538 W/MountService(  375): getVolumeState(/mnt/sdcard/ext_sd): Unknown volume
05-22 16:49:50.538 W/MountService(  375): getVolumeState(/storage/extSdCard): Unknown volume
05-22 16:49:50.538 W/MountService(  375): getVolumeState(/storage/sdcard1): Unknown volume
05-22 16:49:50.538 W/MountService(  375): getVolumeState(/mnt/sdcard/external_SD): Unknown volume
05-22 16:49:50.538 W/MountService(  375): getVolumeState(/mnt/sdcard/external_sd): Unknown volume
05-22 16:49:50.882 W/MountService(  375): getVolumeState(/storage/emulated/0/external_sd): Unknown volume
05-22 16:49:50.882 W/MountService(  375): getVolumeState(/mnt/sdcard-ext): Unknown volume
05-22 16:49:50.882 W/MountService(  375): getVolumeState(/mnt/ext_sdcard): Unknown volume
05-22 16:49:50.882 W/MountService(  375): getVolumeState(/mnt/sdcard2): Unknown volume
05-22 16:49:50.882 W/MountService(  375): getVolumeState(/mnt/emmc): Unknown volume
05-22 16:49:50.890 W/MountService(  375): getVolumeState(/mnt/extSdCard): Unknown volume
05-22 16:49:50.890 W/MountService(  375): getVolumeState(/mnt/sdcard/SD_CARD): Unknown volume
05-22 16:49:50.890 W/MountService(  375): getVolumeState(/mnt/sdcard/extra_sd): Unknown volume
05-22 16:49:50.890 W/MountService(  375): getVolumeState(/mnt/extrasd_bind): Unknown volume
05-22 16:49:50.890 W/MountService(  375): getVolumeState(/mnt/sdcard/ext_sd): Unknown volume
05-22 16:49:50.890 W/MountService(  375): getVolumeState(/storage/extSdCard): Unknown volume
05-22 16:49:50.890 W/MountService(  375): getVolumeState(/storage/sdcard1): Unknown volume
05-22 16:49:50.890 W/MountService(  375): getVolumeState(/mnt/sdcard/external_SD): Unknown volume
05-22 16:49:50.890 W/MountService(  375): getVolumeState(/mnt/sdcard/external_sd): Unknown volume
05-22 16:50:43.999 I/PowerManagerService(  375): Waking up from sleep...
05-22 16:50:44.054 I/WindowManager(  375): Lock screen displayed!
05-22 16:50:45.249 D/PhoneStatusBar(  450): disable: < expand icons alerts ticker system_info BACK HOME recent* CLOCK search* >
05-22 16:50:45.327 D/PhoneStatusBar(  450): disable: < expand icons alerts ticker system_info back* home* recent clock* search >
05-22 16:50:50.546 W/MountService(  375): getVolumeState(/storage/emulated/0/external_sd): Unknown volume
05-22 16:50:50.546 W/MountService(  375): getVolumeState(/mnt/sdcard-ext): Unknown volume
05-22 16:50:50.546 W/MountService(  375): getVolumeState(/mnt/ext_sdcard): Unknown volume
05-22 16:50:50.546 W/MountService(  375): getVolumeState(/mnt/sdcard2): Unknown volume
05-22 16:50:50.546 W/MountService(  375): getVolumeState(/mnt/emmc): Unknown volume
05-22 16:50:50.546 W/MountService(  375): getVolumeState(/mnt/extSdCard): Unknown volume
05-22 16:50:50.546 W/MountService(  375): getVolumeState(/mnt/sdcard/SD_CARD): Unknown volume
05-22 16:50:50.546 W/MountService(  375): getVolumeState(/mnt/sdcard/extra_sd): Unknown volume
05-22 16:50:50.554 W/MountService(  375): getVolumeState(/mnt/extrasd_bind): Unknown volume
05-22 16:50:50.554 W/MountService(  375): getVolumeState(/mnt/sdcard/ext_sd): Unknown volume
05-22 16:50:50.554 W/MountService(  375): getVolumeState(/storage/extSdCard): Unknown volume
05-22 16:50:50.554 W/MountService(  375): getVolumeState(/storage/sdcard1): Unknown volume
05-22 16:50:50.554 W/MountService(  375): getVolumeState(/mnt/sdcard/external_SD): Unknown volume
05-22 16:50:50.554 W/MountService(  375): getVolumeState(/mnt/sdcard/external_sd): Unknown volume
05-22 16:50:50.773 W/MountService(  375): getVolumeState(/storage/emulated/0/external_sd): Unknown volume
05-22 16:50:50.773 W/MountService(  375): getVolumeState(/mnt/sdcard-ext): Unknown volume
05-22 16:50:50.773 W/MountService(  375): getVolumeState(/mnt/ext_sdcard): Unknown volume
05-22 16:50:50.773 W/MountService(  375): getVolumeState(/mnt/sdcard2): Unknown volume
05-22 16:50:50.773 W/MountService(  375): getVolumeState(/mnt/emmc): Unknown volume
05-22 16:50:50.773 W/MountService(  375): getVolumeState(/mnt/extSdCard): Unknown volume
05-22 16:50:50.773 W/MountService(  375): getVolumeState(/mnt/sdcard/SD_CARD): Unknown volume
05-22 16:50:50.781 W/MountService(  375): getVolumeState(/mnt/sdcard/extra_sd): Unknown volume
05-22 16:50:50.781 W/MountService(  375): getVolumeState(/mnt/extrasd_bind): Unknown volume
05-22 16:50:50.781 W/MountService(  375): getVolumeState(/mnt/sdcard/ext_sd): Unknown volume
05-22 16:50:50.781 W/MountService(  375): getVolumeState(/storage/extSdCard): Unknown volume
05-22 16:50:50.781 W/MountService(  375): getVolumeState(/storage/sdcard1): Unknown volume
05-22 16:50:50.781 W/MountService(  375): getVolumeState(/mnt/sdcard/external_SD): Unknown volume
05-22 16:50:50.781 W/MountService(  375): getVolumeState(/mnt/sdcard/external_sd): Unknown volume
05-22 16:51:01.304 I/ActivityManager(  375): START u0 {act=android.intent.action.MAIN cat=[android.intent.category.LAUNCHER] flg=0x10200000 cmp=com.android.settings/.Settings} from pid 1150
05-22 16:51:01.343 I/ActivityManager(  375): Start proc com.android.settings for activity com.android.settings/.Settings: pid=7160 uid=1000 gids={41000, 1015, 1028, 3002, 3001, 3003, 3007}
05-22 16:51:01.593 W/ContextImpl( 7160): Calling a method in the system process without a qualified user: android.app.ContextImpl.bindService:1439 android.content.ContextWrapper.bindService:496 android.bluetooth.BluetoothInputDevice.<init>:240 android.bluetooth.BluetoothAdapter.getProfileProxy:1168 com.android.settings.bluetooth.LocalBluetoothAdapter.getProfileProxy:94 
05-22 16:51:01.601 W/ContextImpl( 7160): Calling a method in the system process without a qualified user: android.app.ContextImpl.bindService:1439 android.content.ContextWrapper.bindService:496 android.bluetooth.BluetoothPan.<init>:141 android.bluetooth.BluetoothAdapter.getProfileProxy:1171 com.android.settings.bluetooth.PanProfile.<init>:73 
05-22 16:51:01.601 W/ContextImpl( 7160): Calling a method in the system process without a qualified user: android.app.ContextImpl.bindService:1439 android.content.ContextWrapper.bindService:496 android.bluetooth.BluetoothPbap.<init>:161 com.android.settings.bluetooth.PbapServerProfile.<init>:68 com.android.settings.bluetooth.LocalBluetoothProfileManager.<init>:124 
05-22 16:51:01.788 D/WifiService(  375): setWifiEnabled: true pid=7160, uid=1000
05-22 16:51:05.507 I/ActivityManager(  375): START u0 {act=android.intent.action.MAIN cmp=com.android.settings/.SubSettings (has extras)} from pid 7160
05-22 16:51:06.851 I/ActivityManager(  375): START u0 {act=android.intent.action.MAIN cmp=com.android.settings/.SubSettings (has extras)} from pid 7160
05-22 16:51:08.234 I/ActivityManager(  375): START u0 {cmp=com.android.settings/.DeviceAdminAdd (has extras)} from pid 7160
05-22 16:51:09.609 W/DevicePolicyManagerService(  375): Previous password owner 10066 no longer active; disabling
05-22 16:51:09.616 I/ActivityManager(  375): START u0 {flg=0x10000000 cmp=com.pekall.emdm.launcher/com.pekall.emdm.ui.ActiveDeviceAdminActivity} from pid 3216
05-22 16:51:09.734 W/InputMethodManagerService(  375): Focus gain on non-focused client com.android.internal.view.IInputMethodClient$Stub$Proxy@42756db0 (uid=1000 pid=7160)
05-22 16:51:10.577 I/ActivityManager(  375): START u0 {act=launcher.action.to.personal cmp=com.pekall.emdm.launcher/.ui.BackPersonalActivity} from pid 3216
05-22 16:51:10.718 I/ActivityManager(  375): START u0 {act=android.intent.action.VIEW flg=0x10200000 cmp=com.android.launcher/com.android.launcher2.Launcher} from pid 3216
05-22 16:51:15.257 I/ActivityManager(  375): START u0 {act=android.intent.action.MAIN cat=[android.intent.category.LAUNCHER] flg=0x10200000 cmp=com.android.settings/.Settings} from pid 1150
05-22 16:51:17.101 I/ActivityManager(  375): START u0 {act=android.intent.action.MAIN cmp=com.android.settings/.SubSettings (has extras)} from pid 7160
05-22 16:51:17.312 W/ContextImpl( 7160): Calling a method in the system process without a qualified user: android.app.ContextImpl.bindService:1439 android.content.ContextWrapper.bindService:496 com.android.settings.applications.ManageApplications.onCreate:861 android.app.Fragment.performCreate:1673 android.app.FragmentManagerImpl.moveToState:854 
05-22 16:51:21.093 I/ActivityManager(  375): START u0 {act=android.intent.action.MAIN cmp=com.android.settings/.SubSettings (has extras)} from pid 7160
05-22 16:51:24.796 I/ActivityManager(  375): Force stopping package com.pekall.emdm.launcher appid=10066 user=0
05-22 16:51:24.796 I/ActivityManager(  375): Killing proc 3216:com.pekall.emdm.launcher/u0a10066: force stop com.pekall.emdm.launcher
05-22 16:51:24.796 W/ActivityManager(  375): Scheduling restart of crashed service com.pekall.emdm.launcher/com.pekall.emdm.MdmService in 5000ms
05-22 16:51:24.796 W/ActivityManager(  375): Scheduling restart of crashed service com.pekall.emdm.launcher/com.pekall.emdm.contacts.service.PhoneService in 15000ms
05-22 16:51:24.796 W/ActivityManager(  375): Scheduling restart of crashed service com.pekall.emdm.launcher/com.pekall.emailcommon.accountprovision.AccountProvisionService in 25000ms
05-22 16:51:24.796 I/ActivityManager(  375):   Force finishing activity ActivityRecord{425d1778 u0 com.pekall.emdm.launcher/.Launcher}
05-22 16:51:24.796 I/ActivityManager(  375):   Force stopping service ServiceRecord{429f72c8 u0 com.pekall.emdm.launcher/com.pekall.emdm.contacts.service.PhoneService}
05-22 16:51:24.796 I/ActivityManager(  375):   Force stopping service ServiceRecord{42a9be68 u0 com.pekall.emdm.launcher/com.pekall.emdm.MdmService}
05-22 16:51:24.796 I/ActivityManager(  375):   Force stopping service ServiceRecord{4272df90 u0 com.pekall.emdm.launcher/com.pekall.emailcommon.accountprovision.AccountProvisionService}
05-22 16:51:24.859 I/WindowState(  375): WIN DEATH: Window{42788ef0 u0 com.pekall.emdm.launcher/com.pekall.emdm.launcher.Launcher}
05-22 16:51:25.093 W/InputMethodManagerService(  375): Window already focused, ignoring focus gain of: com.android.internal.view.IInputMethodClient$Stub$Proxy@42a90cd8 attribute=null, token = android.os.BinderProxy@425ed3f8
--------- beginning of /dev/log/main
05-22 16:51:36.398 D/InteractionController( 7143): clickAndWaitForNewWindow(270, 278)
05-22 16:51:36.531 W/Parcel  (  802): Attempt to read object from Parcel 0x5f747dac at offset 200 that is not in the object list
05-22 16:51:36.531 I/ActivityManager(  375): START u0 {act=android.intent.action.MAIN cat=[android.intent.category.LAUNCHER] flg=0x10200000 cmp=com.pekall.emdm.launcher/.Launcher} from pid 1150
05-22 16:51:36.562 W/WindowManager(  375): Token{42727418 ActivityRecord{425d1778 u0 com.pekall.emdm.launcher/.Launcher}} failed creating starting window
05-22 16:51:36.562 W/WindowManager(  375): android.view.InflateException: Binary XML file line #34: Error inflating class <unknown>
05-22 16:51:36.562 W/WindowManager(  375): 	at android.view.LayoutInflater.createView(LayoutInflater.java:620)
05-22 16:51:36.562 W/WindowManager(  375): 	at com.android.internal.policy.impl.PhoneLayoutInflater.onCreateView(PhoneLayoutInflater.java:56)
05-22 16:51:36.562 W/WindowManager(  375): 	at android.view.LayoutInflater.onCreateView(LayoutInflater.java:669)
05-22 16:51:36.562 W/WindowManager(  375): 	at android.view.LayoutInflater.createViewFromTag(LayoutInflater.java:694)
05-22 16:51:36.562 W/WindowManager(  375): 	at android.view.LayoutInflater.rInflate(LayoutInflater.java:755)
05-22 16:51:36.562 W/WindowManager(  375): 	at android.view.LayoutInflater.inflate(LayoutInflater.java:492)
05-22 16:51:36.562 W/WindowManager(  375): 	at android.view.LayoutInflater.inflate(LayoutInflater.java:397)
05-22 16:51:36.562 W/WindowManager(  375): 	at android.view.LayoutInflater.inflate(LayoutInflater.java:353)
05-22 16:51:36.562 W/WindowManager(  375): 	at com.android.internal.policy.impl.PhoneWindow.generateLayout(PhoneWindow.java:2823)
05-22 16:51:36.562 W/WindowManager(  375): 	at com.android.internal.policy.impl.PhoneWindow.installDecor(PhoneWindow.java:2886)
05-22 16:51:36.562 W/WindowManager(  375): 	at com.android.internal.policy.impl.PhoneWindow.getDecorView(PhoneWindow.java:1581)
05-22 16:51:36.562 W/WindowManager(  375): 	at com.android.internal.policy.impl.PhoneWindowManager.addStartingWindow(PhoneWindowManager.java:1618)
05-22 16:51:36.562 W/WindowManager(  375): 	at com.android.server.wm.WindowManagerService$H.handleMessage(WindowManagerService.java:6908)
05-22 16:51:36.562 W/WindowManager(  375): 	at android.os.Handler.dispatchMessage(Handler.java:99)
05-22 16:51:36.562 W/WindowManager(  375): 	at android.os.Looper.loop(Looper.java:137)
05-22 16:51:36.562 W/WindowManager(  375): 	at android.os.HandlerThread.run(HandlerThread.java:61)
05-22 16:51:36.562 W/WindowManager(  375): Caused by: java.lang.reflect.InvocationTargetException
05-22 16:51:36.562 W/WindowManager(  375): 	at java.lang.reflect.Constructor.constructNative(Native Method)
05-22 16:51:36.562 W/WindowManager(  375): 	at java.lang.reflect.Constructor.newInstance(Constructor.java:417)
05-22 16:51:36.562 W/WindowManager(  375): 	at android.view.LayoutInflater.createView(LayoutInflater.java:594)
05-22 16:51:36.562 W/WindowManager(  375): 	... 15 more
05-22 16:51:36.562 W/WindowManager(  375): Caused by: android.content.res.Resources$NotFoundException: Resource is not a Drawable (color or path): TypedValue{t=0x2/d=0x1010059 a=-1}
05-22 16:51:36.562 W/WindowManager(  375): 	at android.content.res.Resources.loadDrawable(Resources.java:2063)
05-22 16:51:36.562 W/WindowManager(  375): 	at android.content.res.TypedArray.getDrawable(TypedArray.java:601)
05-22 16:51:36.562 W/WindowManager(  375): 	at android.widget.FrameLayout.<init>(FrameLayout.java:109)
05-22 16:51:36.562 W/WindowManager(  375): 	at android.widget.FrameLayout.<init>(FrameLayout.java:97)
05-22 16:51:36.562 W/WindowManager(  375): 	... 18 more
05-22 16:51:36.656 D/dalvikvm(  375): GC_FOR_ALLOC freed 505K, 17% free 19152K/23020K, paused 77ms, total 77ms
05-22 16:51:36.734 D/dalvikvm(  375): GC_FOR_ALLOC freed 752K, 19% free 18771K/23020K, paused 76ms, total 76ms
05-22 16:51:36.765 D/dalvikvm( 7213): Late-enabling CheckJNI
05-22 16:51:36.765 I/ActivityManager(  375): Start proc com.pekall.emdm.launcher for activity com.pekall.emdm.launcher/.Launcher: pid=7213 uid=10066 gids={50066, 1015, 3002, 3001, 3003, 1028}
05-22 16:51:36.827 V/weixing ( 7213): mOpenHelper
05-22 16:51:36.851 D/dalvikvm( 7213): Trying to load lib /data/app-lib/com.pekall.emdm.launcher-1/libsandbox_jni.so 0x42247130
05-22 16:51:36.859 D/dalvikvm( 7213): Added shared lib /data/app-lib/com.pekall.emdm.launcher-1/libsandbox_jni.so 0x42247130
05-22 16:51:36.913 V/MyServiceConnection( 7213): [SConnection] sandbox service is NOT installed.
05-22 16:51:36.913 V/MyServiceConnection( 7213): [SConnection] binding service: pekall.intent.action.SANDBOX_SERVICE
05-22 16:51:36.960 W/Parcel  (  802): Attempt to read object from Parcel 0x5ed47dac at offset 200 that is not in the object list
05-22 16:51:36.960 D/ScClassLoader( 7213): >> SOURCE FILE: /data/data/com.pekall.emdm.launcher/app_jars/sc-jdk15on-1.47.0.2.dex.jar
05-22 16:51:36.968 W/Parcel  (  802): Attempt to read object from Parcel 0x5e0dfdac at offset 200 that is not in the object list
05-22 16:51:36.968 D/Email   ( 7213): Email: init sandbox at the beginning.
05-22 16:51:36.968 V/MyServiceConnection( 7213): [SConnection] retry to bind service
05-22 16:51:36.968 V/MyServiceConnection( 7213): [SConnection] sandbox service is NOT installed.
05-22 16:51:36.968 V/MyServiceConnection( 7213): [SConnection] binding service: pekall.intent.action.SANDBOX_SERVICE
05-22 16:51:36.984 V/MyServiceConnection( 7213): [SConnection] retry to bind service
05-22 16:51:36.984 V/MyServiceConnection( 7213): [SConnection] sandbox service is NOT installed.
05-22 16:51:36.984 V/MyServiceConnection( 7213): [SConnection] binding service: pekall.intent.action.SANDBOX_SERVICE
05-22 16:51:37.038 D/dalvikvm( 7213): DexOpt: --- BEGIN 'sc-jdk15on-1.47.0.2.dex.jar' (bootstrap=0) ---
05-22 16:51:37.085 D/dalvikvm( 7213): GC_CONCURRENT freed 213K, 3% free 9058K/9312K, paused 70ms+3ms, total 94ms
05-22 16:51:37.140 V/l       ( 7213): Bind requested for task setLogging
05-22 16:51:37.171 W/DocumentManager( 7213): Sandbox service is not connected.
05-22 16:51:37.171 D/MessageControllerImpl( 7213): controller is null
05-22 16:51:37.171 V/MyServiceConnection( 7213): [SConnection] retry to bind service
05-22 16:51:37.171 V/MyServiceConnection( 7213): [SConnection] sandbox service is NOT installed.
05-22 16:51:37.171 V/MyServiceConnection( 7213): [SConnection] binding service: pekall.intent.action.SANDBOX_SERVICE
05-22 16:51:37.171 W/SQLiteOpenHelper( 7213): Opened /data/data/com.pekall.emdm.launcher/databases/message.db
05-22 16:51:37.210 D/EmailProvider( 7213): Creating EmailProvider database
05-22 16:51:37.234 I/MessageDatabaseHelper( 7213): Database update: from 0 to 2
05-22 16:51:37.312 D/MessageControllerImpl( 7213): controller is null
05-22 16:51:37.312 D/MessageControllerImpl( 7213): controller is null
05-22 16:51:37.320 D/MessageControllerImpl( 7213): controller is null
05-22 16:51:37.335 D/dalvikvm( 7213): GC_CONCURRENT freed 195K, 3% free 9254K/9488K, paused 3ms+3ms, total 19ms
05-22 16:51:37.445 D/dalvikvm( 7213): GC_CONCURRENT freed 138K, 2% free 9509K/9700K, paused 2ms+2ms, total 21ms
05-22 16:51:37.445 D/dalvikvm( 7213): WAIT_FOR_CONCURRENT_GC blocked 8ms
05-22 16:51:37.460 D/MDM :   ( 7213): [null:-1]->width 104
05-22 16:51:37.460 D/MDM :   ( 7213): [null:-1]->height 104
05-22 16:51:37.460 D/MDM :   ( 7213): [null:-1]->scale 0.5
05-22 16:51:37.468 D/MDM :   ( 7213): [null:-1]->tint false
05-22 16:51:37.468 D/MDM :   ( 7213): [null:-1]->width 104
05-22 16:51:37.468 D/MDM :   ( 7213): [null:-1]->height 104
05-22 16:51:37.468 D/MDM :   ( 7213): [null:-1]->scale 0.5
05-22 16:51:37.476 D/MDM :   ( 7213): [null:-1]->tint false
05-22 16:51:37.484 D/MDM :   ( 7213): [null:-1]->icon instanceof BitmapDrawable
05-22 16:51:37.484 D/MDM :   ( 7213): [null:-1]->  iconWidth 87
05-22 16:51:37.491 D/MDM :   ( 7213): [null:-1]->  iconHeight 87
05-22 16:51:37.491 D/MDM :   ( 7213): [null:-1]->  107 87
05-22 16:51:37.491 D/MDM :   ( 7213): [null:-1]->width 104
05-22 16:51:37.491 D/MDM :   ( 7213): [null:-1]->height 104
05-22 16:51:37.499 D/dalvikvm( 7213): GC_CONCURRENT freed 254K, 3% free 9768K/10060K, paused 4ms+2ms, total 28ms
05-22 16:51:37.499 D/dalvikvm( 7213): WAIT_FOR_CONCURRENT_GC blocked 6ms
05-22 16:51:37.499 D/MDM :   ( 7213): [null:-1]->scale 1.0
05-22 16:51:37.499 D/MDM :   ( 7213): [null:-1]->tint false
05-22 16:51:37.499 D/MDM :   ( 7213): [null:-1]->width 104
05-22 16:51:37.499 D/MDM :   ( 7213): [null:-1]->height 104
05-22 16:51:37.499 D/MDM :   ( 7213): [null:-1]->scale 1.0
05-22 16:51:37.499 D/MDM :   ( 7213): [null:-1]->tint false
05-22 16:51:37.499 D/MDM :   ( 7213): [null:-1]->icon instanceof BitmapDrawable
05-22 16:51:37.499 D/MDM :   ( 7213): [null:-1]->  iconWidth 87
05-22 16:51:37.499 D/MDM :   ( 7213): [null:-1]->  iconHeight 87
05-22 16:51:37.499 D/MDM :   ( 7213): [null:-1]->  107 87
05-22 16:51:37.507 D/MDM :   ( 7213): [null:-1]->width 104
05-22 16:51:37.507 D/MDM :   ( 7213): [null:-1]->height 104
05-22 16:51:37.507 D/MDM :   ( 7213): [null:-1]->scale 1.0
05-22 16:51:37.507 D/MDM :   ( 7213): [null:-1]->tint false
05-22 16:51:37.531 D/dalvikvm( 7213): GC_CONCURRENT freed 356K, 5% free 9822K/10280K, paused 4ms+2ms, total 22ms
05-22 16:51:37.531 D/dalvikvm( 7213): WAIT_FOR_CONCURRENT_GC blocked 14ms
05-22 16:51:37.531 D/MDM :   ( 7213): [null:-1]->width 104
05-22 16:51:37.531 D/MDM :   ( 7213): [null:-1]->height 104
05-22 16:51:37.531 D/MDM :   ( 7213): [null:-1]->scale 1.0
05-22 16:51:37.531 D/MDM :   ( 7213): [null:-1]->tint false
05-22 16:51:37.531 D/MDM :   ( 7213): [null:-1]->icon instanceof BitmapDrawable
05-22 16:51:37.531 D/MDM :   ( 7213): [null:-1]->  iconWidth 87
05-22 16:51:37.531 D/MDM :   ( 7213): [null:-1]->  iconHeight 87
05-22 16:51:37.531 D/MDM :   ( 7213): [null:-1]->  107 87
05-22 16:51:37.538 D/MDM :   ( 7213): [null:-1]->width 104
05-22 16:51:37.538 D/MDM :   ( 7213): [null:-1]->height 104
05-22 16:51:37.538 D/MDM :   ( 7213): [null:-1]->scale 1.0
05-22 16:51:37.538 D/MDM :   ( 7213): [null:-1]->tint false
05-22 16:51:37.554 D/dalvikvm( 7213): GC_FOR_ALLOC freed 307K, 5% free 9846K/10280K, paused 17ms, total 17ms
05-22 16:51:37.562 I/dalvikvm-heap( 7213): Grow heap (frag case) to 12.907MB for 3415696-byte allocation
05-22 16:51:37.585 D/dalvikvm( 7213): GC_FOR_ALLOC freed <1K, 4% free 13181K/13616K, paused 21ms, total 21ms
05-22 16:51:37.616 D/dalvikvm( 7213): GC_CONCURRENT freed <1K, 4% free 13181K/13616K, paused 4ms+3ms, total 32ms
05-22 16:51:37.702 V/Launcher( 7213): isLauncherDf = true
05-22 16:51:37.702 V/Launcher( 7213): isPhoneDf = true
05-22 16:51:37.702 D/        ( 7213): [---null: -1---]  ScreenWidth  720
05-22 16:51:37.702 D/        ( 7213): [---null: -1---]  ScreenHeight  1184
05-22 16:51:37.718 D/EmailProvider( 7213): Creating EmailProviderBody database
05-22 16:51:37.718 D/HomeLoaders( 7213): load applications
05-22 16:51:37.718 D/HomeLoaders( 7213): loading user items in Thread[main,5,main]
05-22 16:51:37.718 D/HomeLoaders( 7213):   --> starting workspace loader
05-22 16:51:37.726 D/HomeLoaders( 7213):   ----> running workspace loader (1)
05-22 16:51:37.726 W/Parcel  (  802): Attempt to read object from Parcel 0x5f747dac at offset 200 that is not in the object list
05-22 16:51:37.726 W/Parcel  (  802): Attempt to read object from Parcel 0x5ed47dac at offset 200 that is not in the object list
05-22 16:51:37.726 D/Email   ( 7213): Email: init sandbox at the beginning.
05-22 16:51:37.726 V/MyServiceConnection( 7213): [SConnection] retry to bind service
05-22 16:51:37.726 V/MyServiceConnection( 7213): [SConnection] sandbox service is NOT installed.
05-22 16:51:37.734 V/MyServiceConnection( 7213): [SConnection] binding service: pekall.intent.action.SANDBOX_SERVICE
05-22 16:51:37.734 V/l       ( 7213): Bind requested for task setLogging
05-22 16:51:37.734 W/DocumentManager( 7213): Sandbox service is not connected.
05-22 16:51:37.734 D/MessageControllerImpl( 7213): controller is null
05-22 16:51:37.734 V/MyServiceConnection( 7213): [SConnection] retry to bind service
05-22 16:51:37.734 V/MyServiceConnection( 7213): [SConnection] sandbox service is NOT installed.
05-22 16:51:37.734 V/MyServiceConnection( 7213): [SConnection] binding service: pekall.intent.action.SANDBOX_SERVICE
05-22 16:51:37.734 D/MessageControllerImpl( 7213): controller is null
05-22 16:51:37.741 D/MessageControllerImpl( 7213): controller is null
05-22 16:51:37.741 D/MessageControllerImpl( 7213): controller is null
05-22 16:51:37.812 D/LauncherProvider( 7213): creating new launcher database
05-22 16:51:37.820 V/LauncherApplication( 7213): onActivityStarted
05-22 16:51:37.820 D/        ( 7213): [---null: -1---]     awsa  onActivityResumed
05-22 16:51:37.827 D/LauncherProvider( 7213): converting database from an older format, but not onUpgrade
05-22 16:51:37.827 V/LauncherApplication( 7213): 2MdmConstant.LAST_LAUNCH_TIME = 0
05-22 16:51:37.827 W/EmailProvider( 7213): restoreIfNeeded...
05-22 16:51:37.827 D/EmailProvider( 7213): restoreAccounts...
05-22 16:51:37.843 D/        ( 7213): [---null: -1---]  activity = com.pekall.emdm.launcher.Launcher
05-22 16:51:37.843 V/LauncherApplication( 7213): is not regist
05-22 16:51:37.851 W/Parcel  (  802): Attempt to read object from Parcel 0x5e0dfdac at offset 200 that is not in the object list
05-22 16:51:37.851 E/LauncherApplication( 7213): isShowLogoutUI = true
05-22 16:51:37.851 E/LauncherApplication( 7213): LogoutShowTime 1
05-22 16:51:37.851 V/Launcher( 7213): onResume1111111 
05-22 16:51:37.851 V/Launcher( 7213): is logout ----> 
05-22 16:51:37.851 I/ActivityManager(  375): START u0 {cmp=com.pekall.emdm.launcher/com.pekall.emdm.ui.SplashActivity} from pid 7213
05-22 16:51:37.859 W/WindowManager(  375): Token{42577db8 ActivityRecord{4267bf58 u0 com.pekall.emdm.launcher/com.pekall.emdm.ui.SplashActivity}} failed creating starting window
05-22 16:51:37.859 W/WindowManager(  375): android.view.InflateException: Binary XML file line #34: Error inflating class <unknown>
05-22 16:51:37.859 W/WindowManager(  375): 	at android.view.LayoutInflater.createView(LayoutInflater.java:620)
05-22 16:51:37.859 W/WindowManager(  375): 	at com.android.internal.policy.impl.PhoneLayoutInflater.onCreateView(PhoneLayoutInflater.java:56)
05-22 16:51:37.859 W/WindowManager(  375): 	at android.view.LayoutInflater.onCreateView(LayoutInflater.java:669)
05-22 16:51:37.859 W/WindowManager(  375): 	at android.view.LayoutInflater.createViewFromTag(LayoutInflater.java:694)
05-22 16:51:37.859 W/WindowManager(  375): 	at android.view.LayoutInflater.rInflate(LayoutInflater.java:755)
05-22 16:51:37.859 W/WindowManager(  375): 	at android.view.LayoutInflater.inflate(LayoutInflater.java:492)
05-22 16:51:37.859 W/WindowManager(  375): 	at android.view.LayoutInflater.inflate(LayoutInflater.java:397)
05-22 16:51:37.859 W/WindowManager(  375): 	at android.view.LayoutInflater.inflate(LayoutInflater.java:353)
05-22 16:51:37.859 W/WindowManager(  375): 	at com.android.internal.policy.impl.PhoneWindow.generateLayout(PhoneWindow.java:2823)
05-22 16:51:37.859 W/WindowManager(  375): 	at com.android.internal.policy.impl.PhoneWindow.installDecor(PhoneWindow.java:2886)
05-22 16:51:37.859 W/WindowManager(  375): 	at com.android.internal.policy.impl.PhoneWindow.getDecorView(PhoneWindow.java:1581)
05-22 16:51:37.859 W/WindowManager(  375): 	at com.android.internal.policy.impl.PhoneWindowManager.addStartingWindow(PhoneWindowManager.java:1618)
05-22 16:51:37.859 W/WindowManager(  375): 	at com.android.server.wm.WindowManagerService$H.handleMessage(WindowManagerService.java:6908)
05-22 16:51:37.859 W/WindowManager(  375): 	at android.os.Handler.dispatchMessage(Handler.java:99)
05-22 16:51:37.859 W/WindowManager(  375): 	at android.os.Looper.loop(Looper.java:137)
05-22 16:51:37.859 W/WindowManager(  375): 	at android.os.HandlerThread.run(HandlerThread.java:61)
05-22 16:51:37.859 W/WindowManager(  375): Caused by: java.lang.reflect.InvocationTargetException
05-22 16:51:37.859 W/WindowManager(  375): 	at java.lang.reflect.Constructor.constructNative(Native Method)
05-22 16:51:37.859 W/WindowManager(  375): 	at java.lang.reflect.Constructor.newInstance(Constructor.java:417)
05-22 16:51:37.859 W/WindowManager(  375): 	at android.view.LayoutInflater.createView(LayoutInflater.java:594)
05-22 16:51:37.859 W/WindowManager(  375): 	... 15 more
05-22 16:51:37.859 W/WindowManager(  375): Caused by: android.content.res.Resources$NotFoundException: Resource is not a Drawable (color or path): TypedValue{t=0x2/d=0x1010059 a=-1}
05-22 16:51:37.859 W/WindowManager(  375): 	at android.content.res.Resources.loadDrawable(Resources.java:2063)
05-22 16:51:37.859 W/WindowManager(  375): 	at android.content.res.TypedArray.getDrawable(TypedArray.java:601)
05-22 16:51:37.859 W/WindowManager(  375): 	at android.widget.FrameLayout.<init>(FrameLayout.java:109)
05-22 16:51:37.859 W/WindowManager(  375): 	at android.widget.FrameLayout.<init>(FrameLayout.java:97)
05-22 16:51:37.859 W/WindowManager(  375): 	... 18 more
05-22 16:51:37.898 D/dalvikvm( 7213): GC_FOR_ALLOC freed 105K, 3% free 13238K/13616K, paused 43ms, total 44ms
05-22 16:51:37.906 I/dalvikvm-heap( 7213): Grow heap (frag case) to 16.219MB for 3415696-byte allocation
05-22 16:51:37.937 D/dalvikvm( 7213): GC_FOR_ALLOC freed <1K, 3% free 16573K/16952K, paused 24ms, total 24ms
05-22 16:51:38.007 D/dalvikvm( 7213): GC_CONCURRENT freed 25K, 3% free 16571K/16952K, paused 34ms+4ms, total 69ms
05-22 16:51:38.046 D/MDM :   ( 7213): [null:-1]->icon instanceof BitmapDrawable
05-22 16:51:38.046 D/MDM :   ( 7213): [null:-1]->  iconWidth 96
05-22 16:51:38.046 D/MDM :   ( 7213): [null:-1]->  iconHeight 96
05-22 16:51:38.046 D/MDM :   ( 7213): [null:-1]->  107 96
05-22 16:51:38.046 D/        ( 7213): [---null: -1---]  xxd  getPackageName  com.pekall.emdm.launcher
05-22 16:51:38.046 D/        ( 7213): [---null: -1---]  xxd  getClassName  com.pekall.emdm.launcher.CustomShirtcutActivity
05-22 16:51:38.054 D/        ( 7213): [---null: -1---]  xxd info.title: Custom shortcut
05-22 16:51:38.054 D/MDM :   ( 7213): [null:-1]->icon instanceof BitmapDrawable
05-22 16:51:38.054 D/MDM :   ( 7213): [null:-1]->  iconWidth 104
05-22 16:51:38.070 D/MDM :   ( 7213): [null:-1]->  iconHeight 104
05-22 16:51:38.070 D/MDM :   ( 7213): [null:-1]->  107 104
05-22 16:51:38.070 D/        ( 7213): [---null: -1---]  xxd  getPackageName  com.pekall.emdm.launcher
05-22 16:51:38.070 D/        ( 7213): [---null: -1---]  xxd  getClassName  com.pekall.emdm.contacts.activities.DialtactsActivity
05-22 16:51:38.070 D/        ( 7213): [---null: -1---]  xxd info.title: Phone
05-22 16:51:38.070 D/MDM :   ( 7213): [null:-1]->icon instanceof BitmapDrawable
05-22 16:51:38.070 D/MDM :   ( 7213): [null:-1]->  iconWidth 104
05-22 16:51:38.070 D/MDM :   ( 7213): [null:-1]->  iconHeight 104
05-22 16:51:38.070 D/MDM :   ( 7213): [null:-1]->  107 104
05-22 16:51:38.070 D/        ( 7213): [---null: -1---]  xxd  getPackageName  com.pekall.emdm.launcher
05-22 16:51:38.070 D/        ( 7213): [---null: -1---]  xxd  getClassName  com.pekall.emdm.messagecenter.activity.MessageMainActivity
05-22 16:51:38.077 D/        ( 7213): [---null: -1---]  xxd info.title: Message Center
05-22 16:51:38.077 D/MDM :   ( 7213): [null:-1]->icon instanceof BitmapDrawable
05-22 16:51:38.077 D/MDM :   ( 7213): [null:-1]->  iconWidth 104
05-22 16:51:38.077 D/MDM :   ( 7213): [null:-1]->  iconHeight 104
05-22 16:51:38.077 D/MDM :   ( 7213): [null:-1]->  107 104
05-22 16:51:38.077 D/        ( 7213): [---null: -1---]  xxd  getPackageName  com.pekall.emdm.launcher
05-22 16:51:38.077 D/        ( 7213): [---null: -1---]  xxd  getClassName  com.pekall.emdm.document.activity.DocMainActivity
05-22 16:51:38.085 I/System.out( 7213):  
05-22 16:51:38.085 D/        ( 7213): [---null: -1---]  xxd info.title: Document Manager
05-22 16:51:38.093 D/MDM :   ( 7213): [null:-1]->icon instanceof BitmapDrawable
05-22 16:51:38.093 D/MDM :   ( 7213): [null:-1]->  iconWidth 104
05-22 16:51:38.093 D/MDM :   ( 7213): [null:-1]->  iconHeight 104
05-22 16:51:38.093 D/MDM :   ( 7213): [null:-1]->  107 104
05-22 16:51:38.093 D/        ( 7213): [---null: -1---]  xxd  getPackageName  com.pekall.emdm.launcher
05-22 16:51:38.093 D/        ( 7213): [---null: -1---]  xxd  getClassName  com.pekall.emdm.launcher.ui.BackPersonalActivity
05-22 16:51:38.093 I/System.out( 7213): com.pekall.emdm.launcher.Workspace.setWallpaper(Unknown Source)
05-22 16:51:38.093 I/System.out( 7213): com.pekall.emdm.launcher.Launcher.onResume(Unknown Source)
05-22 16:51:38.093 I/System.out( 7213): android.app.Instrumentation.callActivityOnResume(Instrumentation.java:1192)
05-22 16:51:38.093 I/System.out( 7213): android.app.Activity.performResume(Activity.java:5211)
05-22 16:51:38.093 I/System.out( 7213): android.app.ActivityThread.performResumeActivity(ActivityThread.java:2780)
05-22 16:51:38.093 I/System.out( 7213): android.app.ActivityThread.handleResumeActivity(ActivityThread.java:2819)
05-22 16:51:38.093 I/System.out( 7213): android.app.ActivityThread.handleLaunchActivity(ActivityThread.java:2266)
05-22 16:51:38.093 I/System.out( 7213): android.app.ActivityThread.access$600(ActivityThread.java:141)
05-22 16:51:38.093 I/System.out( 7213): android.app.ActivityThread$H.handleMessage(ActivityThread.java:1256)
05-22 16:51:38.093 I/System.out( 7213): android.os.Handler.dispatchMessage(Handler.java:99)
05-22 16:51:38.093 I/System.out( 7213): android.os.Looper.loop(Looper.java:137)
05-22 16:51:38.093 I/System.out( 7213): android.app.ActivityThread.main(ActivityThread.java:5103)
05-22 16:51:38.093 I/System.out( 7213): java.lang.reflect.Method.invokeNative(Native Method)
05-22 16:51:38.093 I/System.out( 7213): java.lang.reflect.Method.invoke(Method.java:525)
05-22 16:51:38.093 I/System.out( 7213): com.android.internal.os.ZygoteInit$MethodAndArgsCaller.run(ZygoteInit.java:737)
05-22 16:51:38.093 I/System.out( 7213): com.android.internal.os.ZygoteInit.main(ZygoteInit.java:553)
05-22 16:51:38.093 I/System.out( 7213): dalvik.system.NativeStart.main(Native Method)
05-22 16:51:38.093 D/        ( 7213): [---null: -1---]  xxd info.title: Personal Mode
05-22 16:51:38.109 D/dalvikvm( 7213): GC_FOR_ALLOC freed 3710K, 22% free 13416K/17172K, paused 17ms, total 17ms
05-22 16:51:38.116 I/dalvikvm-heap( 7213): Grow heap (frag case) to 16.392MB for 3415696-byte allocation
05-22 16:51:38.140 D/dalvikvm( 7213): GC_FOR_ALLOC freed <1K, 3% free 16751K/17172K, paused 27ms, total 27ms
05-22 16:51:38.171 D/dalvikvm( 7213): GC_CONCURRENT freed 1K, 3% free 16795K/17172K, paused 3ms+4ms, total 26ms
05-22 16:51:38.171 D/MDM :   ( 7213): [null:-1]->icon instanceof BitmapDrawable
05-22 16:51:38.171 D/MDM :   ( 7213): [null:-1]->  iconWidth 104
05-22 16:51:38.171 D/MDM :   ( 7213): [null:-1]->  iconHeight 104
05-22 16:51:38.171 D/MDM :   ( 7213): [null:-1]->  107 104
05-22 16:51:38.171 D/        ( 7213): [---null: -1---]  xxd  getPackageName  com.pekall.emdm.launcher
05-22 16:51:38.171 D/        ( 7213): [---null: -1---]  xxd  getClassName  com.pekall.semail.activity.Welcome
05-22 16:51:38.171 D/        ( 7213): [---null: -1---]  xxd info.title: Email
05-22 16:51:38.179 D/MDM :   ( 7213): [null:-1]->icon instanceof BitmapDrawable
05-22 16:51:38.179 D/MDM :   ( 7213): [null:-1]->  iconWidth 104
05-22 16:51:38.179 D/MDM :   ( 7213): [null:-1]->  iconHeight 104
05-22 16:51:38.179 D/MDM :   ( 7213): [null:-1]->  107 104
05-22 16:51:38.179 D/        ( 7213): [---null: -1---]  xxd  getPackageName  com.pekall.emdm.launcher
05-22 16:51:38.179 D/        ( 7213): [---null: -1---]  xxd  getClassName  com.pekall.emdm.contacts.activities.PeopleActivity
05-22 16:51:38.187 D/        ( 7213): [---null: -1---]  xxd info.title: EmdmContacts
05-22 16:51:38.195 D/MDM :   ( 7213): [null:-1]->icon instanceof BitmapDrawable
05-22 16:51:38.195 D/MDM :   ( 7213): [null:-1]->  iconWidth 104
05-22 16:51:38.195 D/MDM :   ( 7213): [null:-1]->  iconHeight 104
05-22 16:51:38.195 D/MDM :   ( 7213): [null:-1]->  107 104
05-22 16:51:38.195 D/        ( 7213): [---null: -1---]  xxd  getPackageName  com.pekall.emdm.launcher
05-22 16:51:38.195 D/        ( 7213): [---null: -1---]  xxd  getClassName  com.pekall.emdm.browser.BrowserActivity
05-22 16:51:38.202 D/        ( 7213): [---null: -1---]  xxd info.title: Safe Browser
05-22 16:51:38.202 D/MDM :   ( 7213): [null:-1]->icon instanceof BitmapDrawable
05-22 16:51:38.202 D/MDM :   ( 7213): [null:-1]->  iconWidth 104
05-22 16:51:38.202 D/MDM :   ( 7213): [null:-1]->  iconHeight 104
05-22 16:51:38.218 D/MDM :   ( 7213): [null:-1]->  107 104
05-22 16:51:38.218 D/        ( 7213): [---null: -1---]  xxd  getPackageName  com.pekall.emdm.launcher
05-22 16:51:38.218 D/        ( 7213): [---null: -1---]  xxd  getClassName  com.pekall.emdm.launcher.ui.AboutActivity
05-22 16:51:38.218 D/        ( 7213): [---null: -1---]  xxd info.title: About
05-22 16:51:38.218 D/MDM :   ( 7213): [null:-1]->icon instanceof BitmapDrawable
05-22 16:51:38.218 D/MDM :   ( 7213): [null:-1]->  iconWidth 104
05-22 16:51:38.218 D/MDM :   ( 7213): [null:-1]->  iconHeight 104
05-22 16:51:38.218 D/MDM :   ( 7213): [null:-1]->  107 104
05-22 16:51:38.218 D/        ( 7213): [---null: -1---]  xxd  getPackageName  com.pekall.emdm.launcher
05-22 16:51:38.218 D/        ( 7213): [---null: -1---]  xxd  getClassName  com.pekall.emdm.launcher.ui.SettingActivity
05-22 16:51:38.226 D/        ( 7213): [---null: -1---]  xxd info.title: Setting
05-22 16:51:38.226 D/HomeLoaders( 7213):   ----> workspace loader 1 finished loading data
05-22 16:51:38.226 D/HomeLoaders( 7213):   ----> worskpace items=11
05-22 16:51:38.226 D/HomeLoaders( 7213):   ----> worskpace widgets=0
05-22 16:51:38.226 D/HomeLoaders( 7213):   --> done loading workspace; not stopped
05-22 16:51:38.226 D/HomeLoaders( 7213):   ----> items cloned, ready to refresh UI
05-22 16:51:38.226 D/HomeLoaders( 7213):   ----> loading applications from workspace loader
05-22 16:51:38.226 D/HomeLoaders( 7213):   --> starting applications loader unlocked
05-22 16:51:38.226 D/HomeLoaders( 7213):   --> starting applications loader
05-22 16:51:38.234 D/HomeLoaders( 7213):   ----> running applications loader (1)
05-22 16:51:38.241 D/MDM :   ( 7213): [null:-1]->icon instanceof BitmapDrawable
05-22 16:51:38.241 D/MDM :   ( 7213): [null:-1]->  iconWidth 104
05-22 16:51:38.241 D/MDM :   ( 7213): [null:-1]->  iconHeight 104
05-22 16:51:38.241 D/MDM :   ( 7213): [null:-1]->  107 104
05-22 16:51:38.241 D/MDM :   ( 7213): [null:-1]->icon instanceof BitmapDrawable
05-22 16:51:38.241 D/MDM :   ( 7213): [null:-1]->  iconWidth 104
05-22 16:51:38.241 D/MDM :   ( 7213): [null:-1]->  iconHeight 104
05-22 16:51:38.241 D/MDM :   ( 7213): [null:-1]->  107 104
05-22 16:51:38.241 D/dalvikvm( 7233): DexOpt: load 61ms, verify+opt 904ms, 1147988 bytes
05-22 16:51:38.257 D/MDM :   ( 7213): [null:-1]->icon instanceof BitmapDrawable
05-22 16:51:38.257 D/MDM :   ( 7213): [null:-1]->  iconWidth 104
05-22 16:51:38.257 D/MDM :   ( 7213): [null:-1]->  iconHeight 104
05-22 16:51:38.257 D/MDM :   ( 7213): [null:-1]->  107 104
05-22 16:51:38.265 D/MDM :   ( 7213): [null:-1]->icon instanceof BitmapDrawable
05-22 16:51:38.265 D/MDM :   ( 7213): [null:-1]->  iconWidth 104
05-22 16:51:38.265 D/MDM :   ( 7213): [null:-1]->  iconHeight 104
05-22 16:51:38.265 D/MDM :   ( 7213): [null:-1]->  107 104
05-22 16:51:38.273 D/MDM :   ( 7213): [null:-1]->icon instanceof BitmapDrawable
05-22 16:51:38.273 D/MDM :   ( 7213): [null:-1]->  iconWidth 101
05-22 16:51:38.273 D/MDM :   ( 7213): [null:-1]->  iconHeight 101
05-22 16:51:38.273 D/MDM :   ( 7213): [null:-1]->  107 101
05-22 16:51:38.281 D/MDM :   ( 7213): [null:-1]->icon instanceof BitmapDrawable
05-22 16:51:38.281 D/MDM :   ( 7213): [null:-1]->  iconWidth 104
05-22 16:51:38.281 D/MDM :   ( 7213): [null:-1]->  iconHeight 104
05-22 16:51:38.281 D/MDM :   ( 7213): [null:-1]->  107 104
05-22 16:51:38.281 D/MDM :   ( 7213): [null:-1]->icon instanceof BitmapDrawable
05-22 16:51:38.281 D/MDM :   ( 7213): [null:-1]->  iconWidth 104
05-22 16:51:38.281 D/MDM :   ( 7213): [null:-1]->  iconHeight 104
05-22 16:51:38.281 D/MDM :   ( 7213): [null:-1]->  107 104
05-22 16:51:38.281 D/MDM :   ( 7213): [null:-1]->icon instanceof BitmapDrawable
05-22 16:51:38.281 D/MDM :   ( 7213): [null:-1]->  iconWidth 104
05-22 16:51:38.281 D/MDM :   ( 7213): [null:-1]->  iconHeight 104
05-22 16:51:38.281 D/MDM :   ( 7213): [null:-1]->  107 104
05-22 16:51:38.281 D/MDM :   ( 7213): [null:-1]->icon instanceof BitmapDrawable
05-22 16:51:38.281 D/MDM :   ( 7213): [null:-1]->  iconWidth 104
05-22 16:51:38.288 D/MDM :   ( 7213): [null:-1]->  iconHeight 104
05-22 16:51:38.288 D/MDM :   ( 7213): [null:-1]->  107 104
05-22 16:51:38.288 D/MDM :   ( 7213): [null:-1]->icon instanceof BitmapDrawable
05-22 16:51:38.288 D/MDM :   ( 7213): [null:-1]->  iconWidth 104
05-22 16:51:38.288 D/MDM :   ( 7213): [null:-1]->  iconHeight 104
05-22 16:51:38.288 D/MDM :   ( 7213): [null:-1]->  107 104
05-22 16:51:38.351 W/ActivityManager(  375): Activity pause timeout for ActivityRecord{425d1778 u0 com.pekall.emdm.launcher/.Launcher}
05-22 16:51:38.374 D/dalvikvm( 7213): DexOpt: --- END 'sc-jdk15on-1.47.0.2.dex.jar' (success) ---
05-22 16:51:38.374 D/dalvikvm( 7213): DEX prep '/data/data/com.pekall.emdm.launcher/app_jars/sc-jdk15on-1.47.0.2.dex.jar': unzip in 77ms, rewrite 1337ms
