05-22 11:05:55.072 I/QueryController(16218): Matched selector: UiSelector[PACKAGE NAME=com.pekall.emdm.launcher] <<==>> [android.view.accessibility.AccessibilityNodeInfo@25f799; boundsInParent: Rect(0, 0 - 720, 1184); boundsInScreen: Rect(0, 0 - 720, 1184); packageName: com.pekall.emdm.launcher; className: android.widget.FrameLayout; text: null; contentDescription: null; viewIdResName: null; checkable: false; checked: false; focusable: false; focused: false; selected: false; clickable: false; longClickable: false; enabled: true; password: false; scrollable: false; [ACTION_SELECT, ACTION_CLEAR_SELECTION, ACTION_ACCESSIBILITY_FOCUS]]
05-22 11:05:55.111 I/ActivityManager(  374): START u0 {act=android.intent.action.MAIN cat=[android.intent.category.HOME] flg=0x10200000 cmp=com.pekall.emdm.launcher/.Launcher} from pid 374
05-22 11:05:55.213 D/dalvikvm(  374): GC_FOR_ALLOC freed 1604K, 24% free 22924K/30132K, paused 68ms, total 69ms
05-22 11:05:55.221 D/LauncherApplication(14465): [null:-1]->onActivityPaused
05-22 11:05:55.228 D/LauncherApplication(14465): [null:-1]->onActivityPaused  updateTime
05-22 11:05:55.228 V/LauncherApplication(14465): onActivityStarted
05-22 11:05:55.228 D/        (14465): [---null: -1---]     awsa  onActivityResumed
05-22 11:05:55.236 V/LauncherApplication(14465): 2MdmConstant.LAST_LAUNCH_TIME = 1400727955232
05-22 11:05:55.236 D/        (14465): [---null: -1---]  activity = com.pekall.emdm.launcher.Launcher
05-22 11:05:55.244 V/DefultSetContriller(14465): isLauncherDf = com.pekall.emdm.launcher
05-22 11:05:55.244 V/DefultSetContriller(14465): isLauncherDf = com.pekall.emdm.launcher
05-22 11:05:55.244 V/DefultSetContriller(14465): isPhoneDf = com.pekall.emdm.launcher
05-22 11:05:55.244 E/LauncherApplication(14465): isShowLogoutUI = true
05-22 11:05:55.244 E/LauncherApplication(14465): LogoutShowTime 1
05-22 11:05:55.244 V/Launcher(14465): onResume1111111 
05-22 11:05:55.244 V/Launcher(14465): is login ----> 
05-22 11:05:55.244 I/System.out(14465):  
05-22 11:05:55.252 I/System.out(14465): com.pekall.emdm.launcher.Workspace.setWallpaper(Unknown Source)
05-22 11:05:55.252 I/System.out(14465): com.pekall.emdm.launcher.Launcher.onResume(Unknown Source)
05-22 11:05:55.252 I/System.out(14465): android.app.Instrumentation.callActivityOnResume(Instrumentation.java:1192)
05-22 11:05:55.252 I/System.out(14465): android.app.Activity.performResume(Activity.java:5211)
05-22 11:05:55.252 I/System.out(14465): android.app.ActivityThread.performResumeActivity(ActivityThread.java:2780)
05-22 11:05:55.252 I/System.out(14465): android.app.ActivityThread.handleResumeActivity(ActivityThread.java:2819)
05-22 11:05:55.252 I/System.out(14465): android.app.ActivityThread$H.handleMessage(ActivityThread.java:1298)
05-22 11:05:55.252 I/System.out(14465): android.os.Handler.dispatchMessage(Handler.java:99)
05-22 11:05:55.252 I/System.out(14465): android.os.Looper.loop(Looper.java:137)
05-22 11:05:55.252 I/System.out(14465): android.app.ActivityThread.main(ActivityThread.java:5103)
05-22 11:05:55.252 I/System.out(14465): java.lang.reflect.Method.invokeNative(Native Method)
05-22 11:05:55.252 I/System.out(14465): java.lang.reflect.Method.invoke(Method.java:525)
05-22 11:05:55.252 I/System.out(14465): com.android.internal.os.ZygoteInit$MethodAndArgsCaller.run(ZygoteInit.java:737)
05-22 11:05:55.252 I/System.out(14465): com.android.internal.os.ZygoteInit.main(ZygoteInit.java:553)
05-22 11:05:55.252 I/System.out(14465): dalvik.system.NativeStart.main(Native Method)
05-22 11:05:55.502 D/dalvikvm(14465): JIT unchain all for threadid=11
05-22 11:05:55.580 D/dalvikvm(14465): GC_FOR_ALLOC freed 4049K, 21% free 31971K/40040K, paused 324ms, total 324ms
05-22 11:05:55.603 I/dalvikvm-heap(14465): Grow heap (frag case) to 34.581MB for 3415696-byte allocation
05-22 11:05:55.853 D/dalvikvm(14465): JIT unchain all for threadid=11
05-22 11:05:55.916 D/dalvikvm(14465): GC_FOR_ALLOC freed 15K, 19% free 35291K/43376K, paused 308ms, total 308ms
05-22 11:05:55.924 W/SQLiteCursor(14465): Finalizing a Cursor that has not been deactivated or closed. database = /data/data/com.pekall.emdm.launcher/databases/emdm_contacts.db, table = company_calllogs, query = SELECT _id, number, date, duration, type, name, numbertype, numberlabel, company_calllogs_id, company_calllogs_department, company_id FROM company_calllogs ORDER BY date DESC
05-22 11:05:55.924 W/SQLiteCursor(14465): com.pekall.sandbox.database.sqlite.DatabaseObjectNotClosedException: Application did not close the cursor or database object that was opened here
05-22 11:05:55.924 W/SQLiteCursor(14465): 	at com.pekall.sandbox.database.sqlite.SQLiteCursor.<init>(Unknown Source)
05-22 11:05:55.924 W/SQLiteCursor(14465): 	at com.pekall.sandbox.database.sqlite.SQLiteDirectCursorDriver.query(Unknown Source)
05-22 11:05:55.924 W/SQLiteCursor(14465): 	at com.pekall.sandbox.database.sqlite.SQLiteDatabase.rawQueryWithFactory(Unknown Source)
05-22 11:05:55.924 W/SQLiteCursor(14465): 	at com.pekall.sandbox.database.sqlite.SQLiteQueryBuilder.query(Unknown Source)
05-22 11:05:55.924 W/SQLiteCursor(14465): 	at com.pekall.emdm.contacts.db.SimpleContactsProvider.query(Unknown Source)
05-22 11:05:55.924 W/SQLiteCursor(14465): 	at android.content.ContentProvider.query(ContentProvider.java:744)
05-22 11:05:55.924 W/SQLiteCursor(14465): 	at android.content.ContentProvider$Transport.query(ContentProvider.java:199)
05-22 11:05:55.924 W/SQLiteCursor(14465): 	at android.content.ContentResolver.query(ContentResolver.java:414)
05-22 11:05:55.924 W/SQLiteCursor(14465): 	at android.content.ContentResolver.query(ContentResolver.java:357)
05-22 11:05:55.924 W/SQLiteCursor(14465): 	at android.content.AsyncQueryHandler$WorkerHandler.handleMessage(AsyncQueryHandler.java:79)
05-22 11:05:55.924 W/SQLiteCursor(14465): 	at com.pekall.emdm.contacts.calllog.p.handleMessage(Unknown Source)
05-22 11:05:55.924 W/SQLiteCursor(14465): 	at android.os.Handler.dispatchMessage(Handler.java:99)
05-22 11:05:55.924 W/SQLiteCursor(14465): 	at android.os.Looper.loop(Looper.java:137)
05-22 11:05:55.924 W/SQLiteCursor(14465): 	at android.os.HandlerThread.run(HandlerThread.java:61)
05-22 11:05:55.924 W/CursorWrapperInner(14465): Cursor finalized without prior close()
05-22 11:05:55.931 I/Choreographer(14465): Skipped 40 frames!  The application may be doing too much work on its main thread.
05-22 11:05:55.931 W/SQLiteCursor(14465): Finalizing a Cursor that has not been deactivated or closed. database = /data/data/com.pekall.emdm.launcher/databases/emdm_contacts.db, table = contacts, query = SELECT * FROM contacts ORDER BY sort_key  asc
05-22 11:05:55.931 W/SQLiteCursor(14465): com.pekall.sandbox.database.sqlite.DatabaseObjectNotClosedException: Application did not close the cursor or database object that was opened here
05-22 11:05:55.931 W/SQLiteCursor(14465): 	at com.pekall.sandbox.database.sqlite.SQLiteCursor.<init>(Unknown Source)
05-22 11:05:55.931 W/SQLiteCursor(14465): 	at com.pekall.sandbox.database.sqlite.SQLiteDirectCursorDriver.query(Unknown Source)
05-22 11:05:55.931 W/SQLiteCursor(14465): 	at com.pekall.sandbox.database.sqlite.SQLiteDatabase.rawQueryWithFactory(Unknown Source)
05-22 11:05:55.931 W/SQLiteCursor(14465): 	at com.pekall.sandbox.database.sqlite.SQLiteQueryBuilder.query(Unknown Source)
05-22 11:05:55.931 W/SQLiteCursor(14465): 	at com.pekall.emdm.contacts.db.SimpleContactsProvider.query(Unknown Source)
05-22 11:05:55.931 W/SQLiteCursor(14465): 	at android.content.ContentProvider.query(ContentProvider.java:744)
05-22 11:05:55.931 W/SQLiteCursor(14465): 	at android.content.ContentProvider$Transport.query(ContentProvider.java:199)
05-22 11:05:55.931 W/SQLiteCursor(14465): 	at android.content.ContentResolver.query(ContentResolver.java:414)
05-22 11:05:55.931 W/SQLiteCursor(14465): 	at android.content.ContentResolver.query(ContentResolver.java:357)
05-22 11:05:55.931 W/SQLiteCursor(14465): 	at com.pekall.emdm.contacts.ui.DefaultContactBrowseListFragment.d(Unknown Source)
05-22 11:05:55.931 W/SQLiteCursor(14465): 	at com.pekall.emdm.contacts.ui.DefaultContactBrowseListFragment.onClick(Unknown Source)
05-22 11:05:55.931 W/SQLiteCursor(14465): 	at android.view.View.performClick(View.java:4240)
05-22 11:05:55.931 W/SQLiteCursor(14465): 	at android.view.View$PerformClick.run(View.java:17721)
05-22 11:05:55.931 W/SQLiteCursor(14465): 	at android.os.Handler.handleCallback(Handler.java:730)
05-22 11:05:55.931 W/SQLiteCursor(14465): 	at android.os.Handler.dispatchMessage(Handler.java:92)
05-22 11:05:55.931 W/SQLiteCursor(14465): 	at android.os.Looper.loop(Looper.java:137)
05-22 11:05:55.931 W/SQLiteCursor(14465): 	at android.app.ActivityThread.main(ActivityThread.java:5103)
05-22 11:05:55.931 W/SQLiteCursor(14465): 	at java.lang.reflect.Method.invokeNative(Native Method)
05-22 11:05:55.931 W/SQLiteCursor(14465): 	at java.lang.reflect.Method.invoke(Method.java:525)
05-22 11:05:55.931 W/SQLiteCursor(14465): 	at com.android.internal.os.ZygoteInit$MethodAndArgsCaller.run(ZygoteInit.java:737)
05-22 11:05:55.931 W/SQLiteCursor(14465): 	at com.android.internal.os.ZygoteInit.main(ZygoteInit.java:553)
05-22 11:05:55.931 W/SQLiteCursor(14465): 	at dalvik.system.NativeStart.main(Native Method)
05-22 11:05:55.931 W/CursorWrapperInner(14465): Cursor finalized without prior close()
05-22 11:05:55.955 W/CursorWrapperInner(14465): Cursor finalized without prior close()
05-22 11:05:55.955 W/SQLiteCursor(14465): Finalizing a Cursor that has not been deactivated or closed. database = /data/data/com.pekall.emdm.launcher/databases/emdm_contacts.db, table = frequently_contacts, query = SELECT _id, company_id, number, date, name FROM frequently_contacts ORDER BY date DESC
05-22 11:05:55.955 W/SQLiteCursor(14465): com.pekall.sandbox.database.sqlite.DatabaseObjectNotClosedException: Application did not close the cursor or database object that was opened here
05-22 11:05:55.955 W/SQLiteCursor(14465): 	at com.pekall.sandbox.database.sqlite.SQLiteCursor.<init>(Unknown Source)
05-22 11:05:55.955 W/SQLiteCursor(14465): 	at com.pekall.sandbox.database.sqlite.SQLiteDirectCursorDriver.query(Unknown Source)
05-22 11:05:55.955 W/SQLiteCursor(14465): 	at com.pekall.sandbox.database.sqlite.SQLiteDatabase.rawQueryWithFactory(Unknown Source)
05-22 11:05:55.955 W/SQLiteCursor(14465): 	at com.pekall.sandbox.database.sqlite.SQLiteQueryBuilder.query(Unknown Source)
05-22 11:05:55.955 W/SQLiteCursor(14465): 	at com.pekall.emdm.contacts.db.SimpleContactsProvider.query(Unknown Source)
05-22 11:05:55.955 W/SQLiteCursor(14465): 	at android.content.ContentProvider.query(ContentProvider.java:744)
05-22 11:05:55.955 W/SQLiteCursor(14465): 	at android.content.ContentProvider$Transport.query(ContentProvider.java:199)
05-22 11:05:55.955 W/SQLiteCursor(14465): 	at android.content.ContentResolver.query(ContentResolver.java:414)
05-22 11:05:55.955 W/SQLiteCursor(14465): 	at android.content.ContentResolver.query(ContentResolver.java:357)
05-22 11:05:55.955 W/SQLiteCursor(14465): 	at com.pekall.emdm.contacts.ui.n.a(Unknown Source)
05-22 11:05:55.955 W/SQLiteCursor(14465): 	at com.pekall.emdm.contacts.ui.n.doInBackground(Unknown Source)
05-22 11:05:55.955 W/SQLiteCursor(14465): 	at android.os.AsyncTask$2.call(AsyncTask.java:287)
05-22 11:05:55.955 W/SQLiteCursor(14465): 	at java.util.concurrent.FutureTask.run(FutureTask.java:234)
05-22 11:05:55.955 W/SQLiteCursor(14465): 	at android.os.AsyncTask$SerialExecutor$1.run(AsyncTask.java:230)
05-22 11:05:55.955 W/SQLiteCursor(14465): 	at java.util.concurrent.ThreadPoolExecutor.runWorker(ThreadPoolExecutor.java:1080)
05-22 11:05:55.955 W/SQLiteCursor(14465): 	at java.util.concurrent.ThreadPoolExecutor$Worker.run(ThreadPoolExecutor.java:573)
05-22 11:05:55.955 W/SQLiteCursor(14465): 	at java.lang.Thread.run(Thread.java:841)
05-22 11:05:55.955 W/CursorWrapperInner(14465): Cursor finalized without prior close()
05-22 11:05:56.400 D/DefaultContactBrowseListFragment(14465): onDestroyView==============
05-22 11:05:56.408 D/AssistantCallLogFragment(14465): [---null: -1---]onDestroyView==============
05-22 11:05:56.713 D/dalvikvm(11404): GC_CONCURRENT freed 397K, 6% free 9400K/9944K, paused 2ms+2ms, total 17ms
05-22 11:05:58.174 I/QueryController(16218): Matched selector: UiSelector[TEXT=Personal Mode, CLASS=android.widget.TextView, PACKAGE NAME=com.pekall.emdm.launcher] <<==>> [android.view.accessibility.AccessibilityNodeInfo@3bdab; boundsInParent: Rect(0, 0 - 160, 200); boundsInScreen: Rect(190, 608 - 350, 808); packageName: com.pekall.emdm.launcher; className: android.widget.TextView; text: Personal Mode; contentDescription: null; viewIdResName: null; checkable: false; checked: false; focusable: false; focused: false; selected: false; clickable: true; longClickable: true; enabled: true; password: false; scrollable: false; [ACTION_SELECT, ACTION_CLEAR_SELECTION, ACTION_CLICK, ACTION_LONG_CLICK, ACTION_ACCESSIBILITY_FOCUS, ACTION_NEXT_AT_MOVEMENT_GRANULARITY, ACTION_PREVIOUS_AT_MOVEMENT_GRANULARITY, ACTION_SET_SELECTION]]
05-22 11:05:58.181 I/QueryController(16218): Matched selector: UiSelector[TEXT=EmdmContacts, CLASS=android.widget.TextView, PACKAGE NAME=com.pekall.emdm.launcher] <<==>> [android.view.accessibility.AccessibilityNodeInfo@3c52d; boundsInParent: Rect(0, 0 - 160, 200); boundsInScreen: Rect(550, 608 - 710, 808); packageName: com.pekall.emdm.launcher; className: android.widget.TextView; text: EmdmContacts; contentDescription: null; viewIdResName: null; checkable: false; checked: false; focusable: false; focused: false; selected: false; clickable: true; longClickable: true; enabled: true; password: false; scrollable: false; [ACTION_SELECT, ACTION_CLEAR_SELECTION, ACTION_CLICK, ACTION_LONG_CLICK, ACTION_ACCESSIBILITY_FOCUS, ACTION_NEXT_AT_MOVEMENT_GRANULARITY, ACTION_PREVIOUS_AT_MOVEMENT_GRANULARITY, ACTION_SET_SELECTION]]
05-22 11:05:58.197 I/QueryController(16218): Matched selector: UiSelector[TEXT=EmdmContacts, CLASS=android.widget.TextView, PACKAGE NAME=com.pekall.emdm.launcher] <<==>> [android.view.accessibility.AccessibilityNodeInfo@3c52d; boundsInParent: Rect(0, 0 - 160, 200); boundsInScreen: Rect(550, 608 - 710, 808); packageName: com.pekall.emdm.launcher; className: android.widget.TextView; text: EmdmContacts; contentDescription: null; viewIdResName: null; checkable: false; checked: false; focusable: false; focused: false; selected: false; clickable: true; longClickable: true; enabled: true; password: false; scrollable: false; [ACTION_SELECT, ACTION_CLEAR_SELECTION, ACTION_CLICK, ACTION_LONG_CLICK, ACTION_ACCESSIBILITY_FOCUS, ACTION_NEXT_AT_MOVEMENT_GRANULARITY, ACTION_PREVIOUS_AT_MOVEMENT_GRANULARITY, ACTION_SET_SELECTION]]
05-22 11:05:58.213 D/dalvikvm(16218): GC_CONCURRENT freed 410K, 75% free 610K/2432K, paused 2ms+0ms, total 5ms
05-22 11:05:58.213 I/QueryController(16218): Matched selector: UiSelector[TEXT=EmdmContacts, CLASS=android.widget.TextView, PACKAGE NAME=com.pekall.emdm.launcher] <<==>> [android.view.accessibility.AccessibilityNodeInfo@3c52d; boundsInParent: Rect(0, 0 - 160, 200); boundsInScreen: Rect(550, 608 - 710, 808); packageName: com.pekall.emdm.launcher; className: android.widget.TextView; text: EmdmContacts; contentDescription: null; viewIdResName: null; checkable: false; checked: false; focusable: false; focused: false; selected: false; clickable: true; longClickable: true; enabled: true; password: false; scrollable: false; [ACTION_SELECT, ACTION_CLEAR_SELECTION, ACTION_CLICK, ACTION_LONG_CLICK, ACTION_ACCESSIBILITY_FOCUS, ACTION_NEXT_AT_MOVEMENT_GRANULARITY, ACTION_PREVIOUS_AT_MOVEMENT_GRANULARITY, ACTION_SET_SELECTION]]
05-22 11:05:58.213 D/UiObject(16218): getText() = EmdmContacts
05-22 11:05:58.221 I/QueryController(16218): Matched selector: UiSelector[TEXT=EmdmContacts, CLASS=android.widget.TextView, PACKAGE NAME=com.pekall.emdm.launcher] <<==>> [android.view.accessibility.AccessibilityNodeInfo@3c52d; boundsInParent: Rect(0, 0 - 160, 200); boundsInScreen: Rect(550, 608 - 710, 808); packageName: com.pekall.emdm.launcher; className: android.widget.TextView; text: EmdmContacts; contentDescription: null; viewIdResName: null; checkable: false; checked: false; focusable: false; focused: false; selected: false; clickable: true; longClickable: true; enabled: true; password: false; scrollable: false; [ACTION_SELECT, ACTION_CLEAR_SELECTION, ACTION_CLICK, ACTION_LONG_CLICK, ACTION_ACCESSIBILITY_FOCUS, ACTION_NEXT_AT_MOVEMENT_GRANULARITY, ACTION_PREVIOUS_AT_MOVEMENT_GRANULARITY, ACTION_SET_SELECTION]]
05-22 11:05:58.236 I/QueryController(16218): Matched selector: UiSelector[TEXT=EmdmContacts, CLASS=android.widget.TextView, PACKAGE NAME=com.pekall.emdm.launcher] <<==>> [android.view.accessibility.AccessibilityNodeInfo@3c52d; boundsInParent: Rect(0, 0 - 160, 200); boundsInScreen: Rect(550, 608 - 710, 808); packageName: com.pekall.emdm.launcher; className: android.widget.TextView; text: EmdmContacts; contentDescription: null; viewIdResName: null; checkable: false; checked: false; focusable: false; focused: false; selected: false; clickable: true; longClickable: true; enabled: true; password: false; scrollable: false; [ACTION_SELECT, ACTION_CLEAR_SELECTION, ACTION_CLICK, ACTION_LONG_CLICK, ACTION_ACCESSIBILITY_FOCUS, ACTION_NEXT_AT_MOVEMENT_GRANULARITY, ACTION_PREVIOUS_AT_MOVEMENT_GRANULARITY, ACTION_SET_SELECTION]]
05-22 11:05:58.236 D/InteractionController(16218): clickAndWaitForNewWindow(630, 708)
05-22 11:05:58.353 W/Parcel  ( 1661): Attempt to read object from Parcel 0x6003bdac at offset 200 that is not in the object list
05-22 11:05:58.353 I/ActivityManager(  374): START u0 {flg=0x10000000 cmp=com.pekall.emdm.launcher/com.pekall.emdm.contacts.activities.PeopleActivity} from pid 14465
05-22 11:05:58.471 D/dalvikvm(  374): GC_FOR_ALLOC freed 1570K, 24% free 22915K/30132K, paused 69ms, total 69ms
05-22 11:05:58.478 D/LauncherApplication(14465): [null:-1]->onActivityPaused
05-22 11:05:58.494 D/LauncherApplication(14465): [null:-1]->onActivityPaused  updateTime
05-22 11:05:58.502 W/Parcel  ( 1661): Attempt to read object from Parcel 0x5dfd3dac at offset 200 that is not in the object list
05-22 11:05:58.502 I/ActivityManager(  374): START u0 {cmp=com.pekall.emdm.launcher/com.pekall.emdm.contacts.activities.DialtactsActivity (has extras)} from pid 14465
05-22 11:05:58.533 V/LauncherApplication(14465): onActivityStarted
05-22 11:05:58.533 D/        (14465): [---null: -1---]     awsa  onActivityResumed
05-22 11:05:58.533 V/LauncherApplication(14465): 2MdmConstant.LAST_LAUNCH_TIME = 1400727958498
05-22 11:05:58.541 D/        (14465): [---null: -1---]  activity = com.pekall.emdm.contacts.activities.DialtactsActivity
05-22 11:05:58.541 V/DefultSetContriller(14465): isLauncherDf = com.pekall.emdm.launcher
05-22 11:05:58.549 V/DefultSetContriller(14465): isPhoneDf = com.pekall.emdm.launcher
05-22 11:05:58.549 E/LauncherApplication(14465): isShowLogoutUI = true
05-22 11:05:58.549 E/LauncherApplication(14465): LogoutShowTime 1
05-22 11:05:58.588 D/ContactsProvider(14465): [Contacts] query 'content://emdmcontacts/contacts', segment size: 1
05-22 11:05:58.603 I/ContactPhotoManager(14465): Cache adj: 0.5
05-22 11:05:58.603 E/ContactPhotoManager(14465): No contact photo service in context: com.pekall.emdm.launcher.LauncherApplication@42288278
05-22 11:05:58.666 V/PhoneStatusBar(  448): setLightsOn(true)
05-22 11:05:58.705 D/ContactsProvider(14465): [Contacts] query 'content://emdmcontacts/frequently_contacts', segment size: 1
05-22 11:05:58.705 D/ContactsProvider(14465): [Contacts] query 'content://emdmcontacts/company_calllogs', segment size: 1
05-22 11:05:58.783 I/ActivityManager(  374): Displayed com.pekall.emdm.launcher/com.pekall.emdm.contacts.activities.DialtactsActivity: +278ms (total +294ms)
05-22 11:05:58.791 D/ContactsProvider(14465): [Contacts] query 'content://emdmcontacts/contacts', segment size: 1
05-22 11:05:59.455 I/QueryController(16218): Matched selector: UiSelector[TEXT=company, CLASS=android.widget.TextView, PACKAGE NAME=com.pekall.emdm.launcher] <<==>> [android.view.accessibility.AccessibilityNodeInfo@271125; boundsInParent: Rect(0, 0 - 345, 53); boundsInScreen: Rect(20, 1111 - 365, 1164); packageName: com.pekall.emdm.launcher; className: android.widget.TextView; text: company; contentDescription: null; viewIdResName: com.pekall.emdm.launcher:id/call_company; checkable: false; checked: false; focusable: false; focused: false; selected: true; clickable: true; longClickable: false; enabled: true; password: false; scrollable: false; [ACTION_SELECT, ACTION_CLEAR_SELECTION, ACTION_CLICK, ACTION_ACCESSIBILITY_FOCUS, ACTION_NEXT_AT_MOVEMENT_GRANULARITY, ACTION_PREVIOUS_AT_MOVEMENT_GRANULARITY, ACTION_SET_SELECTION]]
05-22 11:05:59.471 I/QueryController(16218): Matched selector: UiSelector[TEXT=company, CLASS=android.widget.TextView, PACKAGE NAME=com.pekall.emdm.launcher] <<==>> [android.view.accessibility.AccessibilityNodeInfo@271125; boundsInParent: Rect(0, 0 - 345, 53); boundsInScreen: Rect(20, 1111 - 365, 1164); packageName: com.pekall.emdm.launcher; className: android.widget.TextView; text: company; contentDescription: null; viewIdResName: com.pekall.emdm.launcher:id/call_company; checkable: false; checked: false; focusable: false; focused: false; selected: true; clickable: true; longClickable: false; enabled: true; password: false; scrollable: false; [ACTION_SELECT, ACTION_CLEAR_SELECTION, ACTION_CLICK, ACTION_ACCESSIBILITY_FOCUS, ACTION_NEXT_AT_MOVEMENT_GRANULARITY, ACTION_PREVIOUS_AT_MOVEMENT_GRANULARITY, ACTION_SET_SELECTION]]
05-22 11:05:59.471 D/UiObject(16218): getText() = company
05-22 11:05:59.486 I/QueryController(16218): Matched selector: UiSelector[TEXT=company, CLASS=android.widget.TextView, PACKAGE NAME=com.pekall.emdm.launcher] <<==>> [android.view.accessibility.AccessibilityNodeInfo@271125; boundsInParent: Rect(0, 0 - 345, 53); boundsInScreen: Rect(20, 1111 - 365, 1164); packageName: com.pekall.emdm.launcher; className: android.widget.TextView; text: company; contentDescription: null; viewIdResName: com.pekall.emdm.launcher:id/call_company; checkable: false; checked: false; focusable: false; focused: false; selected: true; clickable: true; longClickable: false; enabled: true; password: false; scrollable: false; [ACTION_SELECT, ACTION_CLEAR_SELECTION, ACTION_CLICK, ACTION_ACCESSIBILITY_FOCUS, ACTION_NEXT_AT_MOVEMENT_GRANULARITY, ACTION_PREVIOUS_AT_MOVEMENT_GRANULARITY, ACTION_SET_SELECTION]]
05-22 11:05:59.494 D/dalvikvm(16218): GC_CONCURRENT freed 405K, 75% free 616K/2432K, paused 1ms+1ms, total 5ms
05-22 11:05:59.510 I/QueryController(16218): Matched selector: UiSelector[TEXT=company, CLASS=android.widget.TextView, PACKAGE NAME=com.pekall.emdm.launcher] <<==>> [android.view.accessibility.AccessibilityNodeInfo@271125; boundsInParent: Rect(0, 0 - 345, 53); boundsInScreen: Rect(20, 1111 - 365, 1164); packageName: com.pekall.emdm.launcher; className: android.widget.TextView; text: company; contentDescription: null; viewIdResName: com.pekall.emdm.launcher:id/call_company; checkable: false; checked: false; focusable: false; focused: false; selected: true; clickable: true; longClickable: false; enabled: true; password: false; scrollable: false; [ACTION_SELECT, ACTION_CLEAR_SELECTION, ACTION_CLICK, ACTION_ACCESSIBILITY_FOCUS, ACTION_NEXT_AT_MOVEMENT_GRANULARITY, ACTION_PREVIOUS_AT_MOVEMENT_GRANULARITY, ACTION_SET_SELECTION]]
05-22 11:05:59.510 D/InteractionController(16218): clickAndWaitForNewWindow(192, 1137)
05-22 11:05:59.619 D/ContactsProvider(14465): [Contacts] query 'content://emdmcontacts/contacts', segment size: 1
05-22 11:06:02.611 W/InteractionController(16218): runAndwaitForEvent timedout waiting for events
05-22 11:06:02.635 I/QueryController(16218): Matched selector: UiSelector[CLASS=android.widget.ImageView, INDEX=2] <<==>> [android.view.accessibility.AccessibilityNodeInfo@279849; boundsInParent: Rect(0, 0 - 240, 50); boundsInScreen: Rect(480, 73 - 720, 123); packageName: com.pekall.emdm.launcher; className: android.widget.ImageView; text: null; contentDescription: null; viewIdResName: com.pekall.emdm.launcher:id/thrid; checkable: false; checked: false; focusable: false; focused: false; selected: false; clickable: true; longClickable: false; enabled: true; password: false; scrollable: false; [ACTION_SELECT, ACTION_CLEAR_SELECTION, ACTION_CLICK, ACTION_ACCESSIBILITY_FOCUS]]
05-22 11:06:02.635 D/InteractionController(16218): clickAndWaitForNewWindow(600, 98)
05-22 11:06:05.736 W/InteractionController(16218): runAndwaitForEvent timedout waiting for events
05-22 11:06:05.799 D/dalvikvm(16218): GC_CONCURRENT freed 368K, 74% free 632K/2432K, paused 2ms+0ms, total 6ms
05-22 11:06:05.838 I/QueryController(16218): Matched selector: UiSelector[TEXT=company, CLASS=android.widget.TextView, PACKAGE NAME=com.pekall.emdm.launcher] <<==>> [android.view.accessibility.AccessibilityNodeInfo@271125; boundsInParent: Rect(0, 0 - 345, 53); boundsInScreen: Rect(20, 1111 - 365, 1164); packageName: com.pekall.emdm.launcher; className: android.widget.TextView; text: company; contentDescription: null; viewIdResName: com.pekall.emdm.launcher:id/call_company; checkable: false; checked: false; focusable: false; focused: false; selected: true; clickable: true; longClickable: false; enabled: true; password: false; scrollable: false; [ACTION_SELECT, ACTION_CLEAR_SELECTION, ACTION_CLICK, ACTION_ACCESSIBILITY_FOCUS, ACTION_NEXT_AT_MOVEMENT_GRANULARITY, ACTION_PREVIOUS_AT_MOVEMENT_GRANULARITY, ACTION_SET_SELECTION]]
05-22 11:06:05.846 I/QueryController(16218): Matched selector: UiSelector[PACKAGE NAME=com.pekall.emdm.launcher] <<==>> [android.view.accessibility.AccessibilityNodeInfo@26c9d2; boundsInParent: Rect(0, 0 - 720, 1184); boundsInScreen: Rect(0, 0 - 720, 1184); packageName: com.pekall.emdm.launcher; className: android.widget.FrameLayout; text: null; contentDescription: null; viewIdResName: null; checkable: false; checked: false; focusable: false; focused: false; selected: false; clickable: false; longClickable: false; enabled: true; password: false; scrollable: false; [ACTION_SELECT, ACTION_CLEAR_SELECTION, ACTION_ACCESSIBILITY_FOCUS]]
05-22 11:06:05.877 I/QueryController(16218): Matched selector: UiSelector[PACKAGE NAME=com.pekall.emdm.launcher] <<==>> [android.view.accessibility.AccessibilityNodeInfo@26c9d2; boundsInParent: Rect(0, 0 - 720, 1184); boundsInScreen: Rect(0, 0 - 720, 1184); packageName: com.pekall.emdm.launcher; className: android.widget.FrameLayout; text: null; contentDescription: null; viewIdResName: null; checkable: false; checked: false; focusable: false; focused: false; selected: false; clickable: false; longClickable: false; enabled: true; password: false; scrollable: false; [ACTION_SELECT, ACTION_CLEAR_SELECTION, ACTION_ACCESSIBILITY_FOCUS]]
05-22 11:06:05.885 D/dalvikvm(16218): GC_CONCURRENT freed 421K, 75% free 616K/2432K, paused 0ms+0ms, total 5ms
05-22 11:06:05.916 I/ActivityManager(  374): START u0 {act=android.intent.action.MAIN cat=[android.intent.category.HOME] flg=0x10200000 cmp=com.pekall.emdm.launcher/.Launcher} from pid 374
05-22 11:06:05.963 D/LauncherApplication(14465): [null:-1]->onActivityPaused
05-22 11:06:05.971 D/LauncherApplication(14465): [null:-1]->onActivityPaused  updateTime
05-22 11:06:05.978 V/LauncherApplication(14465): onActivityStarted
05-22 11:06:05.978 D/        (14465): [---null: -1---]     awsa  onActivityResumed
05-22 11:06:05.978 V/LauncherApplication(14465): 2MdmConstant.LAST_LAUNCH_TIME = 1400727965980
05-22 11:06:05.986 D/        (14465): [---null: -1---]  activity = com.pekall.emdm.launcher.Launcher
05-22 11:06:05.986 V/DefultSetContriller(14465): isLauncherDf = com.pekall.emdm.launcher
05-22 11:06:05.994 V/DefultSetContriller(14465): isLauncherDf = com.pekall.emdm.launcher
05-22 11:06:05.994 V/DefultSetContriller(14465): isPhoneDf = com.pekall.emdm.launcher
05-22 11:06:05.994 E/LauncherApplication(14465): isShowLogoutUI = true
05-22 11:06:05.994 E/LauncherApplication(14465): LogoutShowTime 1
05-22 11:06:06.002 V/Launcher(14465): onResume1111111 
05-22 11:06:06.002 V/Launcher(14465): is login ----> 
05-22 11:06:06.002 I/System.out(14465):  
05-22 11:06:06.002 I/System.out(14465): com.pekall.emdm.launcher.Workspace.setWallpaper(Unknown Source)
05-22 11:06:06.002 I/System.out(14465): com.pekall.emdm.launcher.Launcher.onResume(Unknown Source)
05-22 11:06:06.002 I/System.out(14465): android.app.Instrumentation.callActivityOnResume(Instrumentation.java:1192)
05-22 11:06:06.002 I/System.out(14465): android.app.Activity.performResume(Activity.java:5211)
05-22 11:06:06.002 I/System.out(14465): android.app.ActivityThread.performResumeActivity(ActivityThread.java:2780)
05-22 11:06:06.002 I/System.out(14465): android.app.ActivityThread.handleResumeActivity(ActivityThread.java:2819)
05-22 11:06:06.002 I/System.out(14465): android.app.ActivityThread$H.handleMessage(ActivityThread.java:1298)
05-22 11:06:06.002 I/System.out(14465): android.os.Handler.dispatchMessage(Handler.java:99)
05-22 11:06:06.002 I/System.out(14465): android.os.Looper.loop(Looper.java:137)
05-22 11:06:06.002 I/System.out(14465): android.app.ActivityThread.main(ActivityThread.java:5103)
05-22 11:06:06.002 I/System.out(14465): java.lang.reflect.Method.invokeNative(Native Method)
05-22 11:06:06.010 I/System.out(14465): java.lang.reflect.Method.invoke(Method.java:525)
05-22 11:06:06.010 I/System.out(14465): com.android.internal.os.ZygoteInit$MethodAndArgsCaller.run(ZygoteInit.java:737)
05-22 11:06:06.010 I/System.out(14465): com.android.internal.os.ZygoteInit.main(ZygoteInit.java:553)
05-22 11:06:06.010 I/System.out(14465): dalvik.system.NativeStart.main(Native Method)
05-22 11:06:06.260 D/dalvikvm(14465): JIT unchain all for threadid=11
05-22 11:06:06.314 D/dalvikvm(14465): GC_FOR_ALLOC freed 4037K, 27% free 31964K/43376K, paused 305ms, total 305ms
05-22 11:06:06.338 W/SQLiteCursor(14465): Finalizing a Cursor that has not been deactivated or closed. database = /data/data/com.pekall.emdm.launcher/databases/emdm_contacts.db, table = company_calllogs, query = SELECT _id, number, date, duration, type, name, numbertype, numberlabel, company_calllogs_id, company_calllogs_department, company_id FROM company_calllogs ORDER BY date DESC
05-22 11:06:06.338 W/SQLiteCursor(14465): com.pekall.sandbox.database.sqlite.DatabaseObjectNotClosedException: Application did not close the cursor or database object that was opened here
05-22 11:06:06.338 W/SQLiteCursor(14465): 	at com.pekall.sandbox.database.sqlite.SQLiteCursor.<init>(Unknown Source)
05-22 11:06:06.338 W/SQLiteCursor(14465): 	at com.pekall.sandbox.database.sqlite.SQLiteDirectCursorDriver.query(Unknown Source)
05-22 11:06:06.338 W/SQLiteCursor(14465): 	at com.pekall.sandbox.database.sqlite.SQLiteDatabase.rawQueryWithFactory(Unknown Source)
05-22 11:06:06.338 W/SQLiteCursor(14465): 	at com.pekall.sandbox.database.sqlite.SQLiteQueryBuilder.query(Unknown Source)
05-22 11:06:06.338 W/SQLiteCursor(14465): 	at com.pekall.emdm.contacts.db.SimpleContactsProvider.query(Unknown Source)
05-22 11:06:06.338 W/SQLiteCursor(14465): 	at android.content.ContentProvider.query(ContentProvider.java:744)
05-22 11:06:06.338 W/SQLiteCursor(14465): 	at android.content.ContentProvider$Transport.query(ContentProvider.java:199)
05-22 11:06:06.338 W/SQLiteCursor(14465): 	at android.content.ContentResolver.query(ContentResolver.java:414)
05-22 11:06:06.338 W/SQLiteCursor(14465): 	at android.content.ContentResolver.query(ContentResolver.java:357)
05-22 11:06:06.338 W/SQLiteCursor(14465): 	at android.content.AsyncQueryHandler$WorkerHandler.handleMessage(AsyncQueryHandler.java:79)
05-22 11:06:06.338 W/SQLiteCursor(14465): 	at com.pekall.emdm.contacts.calllog.p.handleMessage(Unknown Source)
05-22 11:06:06.338 W/SQLiteCursor(14465): 	at android.os.Handler.dispatchMessage(Handler.java:99)
05-22 11:06:06.338 W/SQLiteCursor(14465): 	at android.os.Looper.loop(Looper.java:137)
05-22 11:06:06.338 W/SQLiteCursor(14465): 	at android.os.HandlerThread.run(HandlerThread.java:61)
05-22 11:06:06.338 W/CursorWrapperInner(14465): Cursor finalized without prior close()
05-22 11:06:06.346 W/SQLiteCursor(14465): Finalizing a Cursor that has not been deactivated or closed. database = /data/data/com.pekall.emdm.launcher/databases/emdm_contacts.db, table = contacts, query = SELECT * FROM contacts ORDER BY sort_key  asc
05-22 11:06:06.346 W/SQLiteCursor(14465): com.pekall.sandbox.database.sqlite.DatabaseObjectNotClosedException: Application did not close the cursor or database object that was opened here
05-22 11:06:06.346 W/SQLiteCursor(14465): 	at com.pekall.sandbox.database.sqlite.SQLiteCursor.<init>(Unknown Source)
05-22 11:06:06.346 W/SQLiteCursor(14465): 	at com.pekall.sandbox.database.sqlite.SQLiteDirectCursorDriver.query(Unknown Source)
05-22 11:06:06.346 W/SQLiteCursor(14465): 	at com.pekall.sandbox.database.sqlite.SQLiteDatabase.rawQueryWithFactory(Unknown Source)
05-22 11:06:06.346 W/SQLiteCursor(14465): 	at com.pekall.sandbox.database.sqlite.SQLiteQueryBuilder.query(Unknown Source)
05-22 11:06:06.346 W/SQLiteCursor(14465): 	at com.pekall.emdm.contacts.db.SimpleContactsProvider.query(Unknown Source)
05-22 11:06:06.346 W/SQLiteCursor(14465): 	at android.content.ContentProvider.query(ContentProvider.java:744)
05-22 11:06:06.346 W/SQLiteCursor(14465): 	at android.content.ContentProvider$Transport.query(ContentProvider.java:199)
05-22 11:06:06.346 W/SQLiteCursor(14465): 	at android.content.ContentResolver.query(ContentResolver.java:414)
05-22 11:06:06.346 W/SQLiteCursor(14465): 	at android.content.ContentResolver.query(ContentResolver.java:357)
05-22 11:06:06.346 W/SQLiteCursor(14465): 	at com.pekall.emdm.contacts.ui.DefaultContactBrowseListFragment.d(Unknown Source)
05-22 11:06:06.346 W/SQLiteCursor(14465): 	at com.pekall.emdm.contacts.ui.DefaultContactBrowseListFragment.onClick(Unknown Source)
05-22 11:06:06.346 W/SQLiteCursor(14465): 	at android.view.View.performClick(View.java:4240)
05-22 11:06:06.346 W/SQLiteCursor(14465): 	at android.view.View$PerformClick.run(View.java:17721)
05-22 11:06:06.346 W/SQLiteCursor(14465): 	at android.os.Handler.handleCallback(Handler.java:730)
05-22 11:06:06.346 W/SQLiteCursor(14465): 	at android.os.Handler.dispatchMessage(Handler.java:92)
05-22 11:06:06.346 W/SQLiteCursor(14465): 	at android.os.Looper.loop(Looper.java:137)
05-22 11:06:06.346 W/SQLiteCursor(14465): 	at android.app.ActivityThread.main(ActivityThread.java:5103)
05-22 11:06:06.346 W/SQLiteCursor(14465): 	at java.lang.reflect.Method.invokeNative(Native Method)
05-22 11:06:06.346 W/SQLiteCursor(14465): 	at java.lang.reflect.Method.invoke(Method.java:525)
05-22 11:06:06.346 W/SQLiteCursor(14465): 	at com.android.internal.os.ZygoteInit$MethodAndArgsCaller.run(ZygoteInit.java:737)
05-22 11:06:06.346 W/SQLiteCursor(14465): 	at com.android.internal.os.ZygoteInit.main(ZygoteInit.java:553)
05-22 11:06:06.346 W/SQLiteCursor(14465): 	at dalvik.system.NativeStart.main(Native Method)
05-22 11:06:06.346 W/CursorWrapperInner(14465): Cursor finalized without prior close()
05-22 11:06:06.353 W/SQLiteCursor(14465): Finalizing a Cursor that has not been deactivated or closed. database = /data/data/com.pekall.emdm.launcher/databases/emdm_contacts.db, table = frequently_contacts, query = SELECT _id, company_id, number, date, name FROM frequently_contacts ORDER BY date DESC
05-22 11:06:06.353 W/SQLiteCursor(14465): com.pekall.sandbox.database.sqlite.DatabaseObjectNotClosedException: Application did not close the cursor or database object that was opened here
05-22 11:06:06.353 W/SQLiteCursor(14465): 	at com.pekall.sandbox.database.sqlite.SQLiteCursor.<init>(Unknown Source)
05-22 11:06:06.353 W/SQLiteCursor(14465): 	at com.pekall.sandbox.database.sqlite.SQLiteDirectCursorDriver.query(Unknown Source)
05-22 11:06:06.353 W/SQLiteCursor(14465): 	at com.pekall.sandbox.database.sqlite.SQLiteDatabase.rawQueryWithFactory(Unknown Source)
05-22 11:06:06.353 W/SQLiteCursor(14465): 	at com.pekall.sandbox.database.sqlite.SQLiteQueryBuilder.query(Unknown Source)
05-22 11:06:06.353 W/SQLiteCursor(14465): 	at com.pekall.emdm.contacts.db.SimpleContactsProvider.query(Unknown Source)
05-22 11:06:06.353 W/SQLiteCursor(14465): 	at android.content.ContentProvider.query(ContentProvider.java:744)
05-22 11:06:06.353 W/SQLiteCursor(14465): 	at android.content.ContentProvider$Transport.query(ContentProvider.java:199)
05-22 11:06:06.353 W/SQLiteCursor(14465): 	at android.content.ContentResolver.query(ContentResolver.java:414)
05-22 11:06:06.353 W/SQLiteCursor(14465): 	at android.content.ContentResolver.query(ContentResolver.java:357)
05-22 11:06:06.353 W/SQLiteCursor(14465): 	at com.pekall.emdm.contacts.ui.n.a(Unknown Source)
05-22 11:06:06.353 W/SQLiteCursor(14465): 	at com.pekall.emdm.contacts.ui.n.doInBackground(Unknown Source)
05-22 11:06:06.353 W/SQLiteCursor(14465): 	at android.os.AsyncTask$2.call(AsyncTask.java:287)
05-22 11:06:06.353 W/SQLiteCursor(14465): 	at java.util.concurrent.FutureTask.run(FutureTask.java:234)
05-22 11:06:06.353 W/SQLiteCursor(14465): 	at android.os.AsyncTask$SerialExecutor$1.run(AsyncTask.java:230)
05-22 11:06:06.353 W/SQLiteCursor(14465): 	at java.util.concurrent.ThreadPoolExecutor.runWorker(ThreadPoolExecutor.java:1080)
05-22 11:06:06.353 W/SQLiteCursor(14465): 	at java.util.concurrent.ThreadPoolExecutor$Worker.run(ThreadPoolExecutor.java:573)
05-22 11:06:06.353 W/SQLiteCursor(14465): 	at java.lang.Thread.run(Thread.java:841)
05-22 11:06:06.353 W/CursorWrapperInner(14465): Cursor finalized without prior close()
05-22 11:06:06.361 W/CursorWrapperInner(14465): Cursor finalized without prior close()
05-22 11:06:06.877 D/DefaultContactBrowseListFragment(14465): onDestroyView==============
05-22 11:06:06.885 D/AssistantCallLogFragment(14465): [---null: -1---]onDestroyView==============
05-22 11:06:08.674 I/QueryController(16218): Matched selector: UiSelector[TEXT=Personal Mode, CLASS=android.widget.TextView, PACKAGE NAME=com.pekall.emdm.launcher] <<==>> [android.view.accessibility.AccessibilityNodeInfo@3bdab; boundsInParent: Rect(0, 0 - 160, 200); boundsInScreen: Rect(190, 608 - 350, 808); packageName: com.pekall.emdm.launcher; className: android.widget.TextView; text: Personal Mode; contentDescription: null; viewIdResName: null; checkable: false; checked: false; focusable: false; focused: false; selected: false; clickable: true; longClickable: true; enabled: true; password: false; scrollable: false; [ACTION_SELECT, ACTION_CLEAR_SELECTION, ACTION_CLICK, ACTION_LONG_CLICK, ACTION_ACCESSIBILITY_FOCUS, ACTION_NEXT_AT_MOVEMENT_GRANULARITY, ACTION_PREVIOUS_AT_MOVEMENT_GRANULARITY, ACTION_SET_SELECTION]]
05-22 11:06:08.689 I/QueryController(16218): Matched selector: UiSelector[TEXT=EmdmContacts, CLASS=android.widget.TextView, PACKAGE NAME=com.pekall.emdm.launcher] <<==>> [android.view.accessibility.AccessibilityNodeInfo@3c52d; boundsInParent: Rect(0, 0 - 160, 200); boundsInScreen: Rect(550, 608 - 710, 808); packageName: com.pekall.emdm.launcher; className: android.widget.TextView; text: EmdmContacts; contentDescription: null; viewIdResName: null; checkable: false; checked: false; focusable: false; focused: false; selected: false; clickable: true; longClickable: true; enabled: true; password: false; scrollable: false; [ACTION_SELECT, ACTION_CLEAR_SELECTION, ACTION_CLICK, ACTION_LONG_CLICK, ACTION_ACCESSIBILITY_FOCUS, ACTION_NEXT_AT_MOVEMENT_GRANULARITY, ACTION_PREVIOUS_AT_MOVEMENT_GRANULARITY, ACTION_SET_SELECTION]]
05-22 11:06:08.697 I/QueryController(16218): Matched selector: UiSelector[TEXT=EmdmContacts, CLASS=android.widget.TextView, PACKAGE NAME=com.pekall.emdm.launcher] <<==>> [android.view.accessibility.AccessibilityNodeInfo@3c52d; boundsInParent: Rect(0, 0 - 160, 200); boundsInScreen: Rect(550, 608 - 710, 808); packageName: com.pekall.emdm.launcher; className: android.widget.TextView; text: EmdmContacts; contentDescription: null; viewIdResName: null; checkable: false; checked: false; focusable: false; focused: false; selected: false; clickable: true; longClickable: true; enabled: true; password: false; scrollable: false; [ACTION_SELECT, ACTION_CLEAR_SELECTION, ACTION_CLICK, ACTION_LONG_CLICK, ACTION_ACCESSIBILITY_FOCUS, ACTION_NEXT_AT_MOVEMENT_GRANULARITY, ACTION_PREVIOUS_AT_MOVEMENT_GRANULARITY, ACTION_SET_SELECTION]]
05-22 11:06:08.705 I/QueryController(16218): Matched selector: UiSelector[TEXT=EmdmContacts, CLASS=android.widget.TextView, PACKAGE NAME=com.pekall.emdm.launcher] <<==>> [android.view.accessibility.AccessibilityNodeInfo@3c52d; boundsInParent: Rect(0, 0 - 160, 200); boundsInScreen: Rect(550, 608 - 710, 808); packageName: com.pekall.emdm.launcher; className: android.widget.TextView; text: EmdmContacts; contentDescription: null; viewIdResName: null; checkable: false; checked: false; focusable: false; focused: false; selected: false; clickable: true; longClickable: true; enabled: true; password: false; scrollable: false; [ACTION_SELECT, ACTION_CLEAR_SELECTION, ACTION_CLICK, ACTION_LONG_CLICK, ACTION_ACCESSIBILITY_FOCUS, ACTION_NEXT_AT_MOVEMENT_GRANULARITY, ACTION_PREVIOUS_AT_MOVEMENT_GRANULARITY, ACTION_SET_SELECTION]]
05-22 11:06:08.705 D/UiObject(16218): getText() = EmdmContacts
05-22 11:06:08.721 D/dalvikvm(16218): GC_CONCURRENT freed 378K, 75% free 626K/2432K, paused 1ms+0ms, total 5ms
05-22 11:06:08.721 I/QueryController(16218): Matched selector: UiSelector[TEXT=EmdmContacts, CLASS=android.widget.TextView, PACKAGE NAME=com.pekall.emdm.launcher] <<==>> [android.view.accessibility.AccessibilityNodeInfo@3c52d; boundsInParent: Rect(0, 0 - 160, 200); boundsInScreen: Rect(550, 608 - 710, 808); packageName: com.pekall.emdm.launcher; className: android.widget.TextView; text: EmdmContacts; contentDescription: null; viewIdResName: null; checkable: false; checked: false; focusable: false; focused: false; selected: false; clickable: true; longClickable: true; enabled: true; password: false; scrollable: false; [ACTION_SELECT, ACTION_CLEAR_SELECTION, ACTION_CLICK, ACTION_LONG_CLICK, ACTION_ACCESSIBILITY_FOCUS, ACTION_NEXT_AT_MOVEMENT_GRANULARITY, ACTION_PREVIOUS_AT_MOVEMENT_GRANULARITY, ACTION_SET_SELECTION]]
05-22 11:06:08.728 I/QueryController(16218): Matched selector: UiSelector[TEXT=EmdmContacts, CLASS=android.widget.TextView, PACKAGE NAME=com.pekall.emdm.launcher] <<==>> [android.view.accessibility.AccessibilityNodeInfo@3c52d; boundsInParent: Rect(0, 0 - 160, 200); boundsInScreen: Rect(550, 608 - 710, 808); packageName: com.pekall.emdm.launcher; className: android.widget.TextView; text: EmdmContacts; contentDescription: null; viewIdResName: null; checkable: false; checked: false; focusable: false; focused: false; selected: false; clickable: true; longClickable: true; enabled: true; password: false; scrollable: false; [ACTION_SELECT, ACTION_CLEAR_SELECTION, ACTION_CLICK, ACTION_LONG_CLICK, ACTION_ACCESSIBILITY_FOCUS, ACTION_NEXT_AT_MOVEMENT_GRANULARITY, ACTION_PREVIOUS_AT_MOVEMENT_GRANULARITY, ACTION_SET_SELECTION]]
05-22 11:06:08.728 D/InteractionController(16218): clickAndWaitForNewWindow(630, 708)
05-22 11:06:08.846 W/Parcel  ( 1661): Attempt to read object from Parcel 0x5dfd3dac at offset 200 that is not in the object list
05-22 11:06:08.846 I/ActivityManager(  374): START u0 {flg=0x10000000 cmp=com.pekall.emdm.launcher/com.pekall.emdm.contacts.activities.PeopleActivity} from pid 14465
05-22 11:06:08.955 D/dalvikvm(  374): GC_FOR_ALLOC freed 1698K, 24% free 22928K/30132K, paused 71ms, total 71ms
05-22 11:06:08.963 D/LauncherApplication(14465): [null:-1]->onActivityPaused
05-22 11:06:08.978 D/LauncherApplication(14465): [null:-1]->onActivityPaused  updateTime
05-22 11:06:08.986 W/Parcel  ( 1661): Attempt to read object from Parcel 0x5ec3bdac at offset 200 that is not in the object list
05-22 11:06:08.994 I/ActivityManager(  374): START u0 {cmp=com.pekall.emdm.launcher/com.pekall.emdm.contacts.activities.DialtactsActivity (has extras)} from pid 14465
05-22 11:06:09.017 V/LauncherApplication(14465): onActivityStarted
05-22 11:06:09.017 D/        (14465): [---null: -1---]     awsa  onActivityResumed
05-22 11:06:09.017 V/LauncherApplication(14465): 2MdmConstant.LAST_LAUNCH_TIME = 1400727968985
05-22 11:06:09.033 D/        (14465): [---null: -1---]  activity = com.pekall.emdm.contacts.activities.DialtactsActivity
05-22 11:06:09.033 V/DefultSetContriller(14465): isLauncherDf = com.pekall.emdm.launcher
05-22 11:06:09.033 V/DefultSetContriller(14465): isPhoneDf = com.pekall.emdm.launcher
05-22 11:06:09.033 E/LauncherApplication(14465): isShowLogoutUI = true
05-22 11:06:09.033 E/LauncherApplication(14465): LogoutShowTime 1
05-22 11:06:09.064 D/ContactsProvider(14465): [Contacts] query 'content://emdmcontacts/contacts', segment size: 1
05-22 11:06:09.080 I/ContactPhotoManager(14465): Cache adj: 0.5
05-22 11:06:09.088 E/ContactPhotoManager(14465): No contact photo service in context: com.pekall.emdm.launcher.LauncherApplication@42288278
05-22 11:06:09.158 V/PhoneStatusBar(  448): setLightsOn(true)
05-22 11:06:09.205 D/ContactsProvider(14465): [Contacts] query 'content://emdmcontacts/company_calllogs', segment size: 1
05-22 11:06:09.236 D/dalvikvm( 1661): GC_CONCURRENT freed 1262K, 18% free 13099K/15888K, paused 4ms+5ms, total 74ms
05-22 11:06:09.306 I/ActivityManager(  374): Displayed com.pekall.emdm.launcher/com.pekall.emdm.contacts.activities.DialtactsActivity: +314ms (total +330ms)
05-22 11:06:09.314 D/ContactsProvider(14465): [Contacts] query 'content://emdmcontacts/frequently_contacts', segment size: 1
05-22 11:06:09.361 D/ContactsProvider(14465): [Contacts] query 'content://emdmcontacts/contacts', segment size: 1
05-22 11:06:09.955 I/QueryController(16218): Matched selector: UiSelector[TEXT=company, CLASS=android.widget.TextView, PACKAGE NAME=com.pekall.emdm.launcher] <<==>> [android.view.accessibility.AccessibilityNodeInfo@27eea1; boundsInParent: Rect(0, 0 - 345, 53); boundsInScreen: Rect(20, 1111 - 365, 1164); packageName: com.pekall.emdm.launcher; className: android.widget.TextView; text: company; contentDescription: null; viewIdResName: com.pekall.emdm.launcher:id/call_company; checkable: false; checked: false; focusable: false; focused: false; selected: true; clickable: true; longClickable: false; enabled: true; password: false; scrollable: false; [ACTION_SELECT, ACTION_CLEAR_SELECTION, ACTION_CLICK, ACTION_ACCESSIBILITY_FOCUS, ACTION_NEXT_AT_MOVEMENT_GRANULARITY, ACTION_PREVIOUS_AT_MOVEMENT_GRANULARITY, ACTION_SET_SELECTION]]
05-22 11:06:09.986 I/QueryController(16218): Matched selector: UiSelector[TEXT=company, CLASS=android.widget.TextView, PACKAGE NAME=com.pekall.emdm.launcher] <<==>> [android.view.accessibility.AccessibilityNodeInfo@27eea1; boundsInParent: Rect(0, 0 - 345, 53); boundsInScreen: Rect(20, 1111 - 365, 1164); packageName: com.pekall.emdm.launcher; className: android.widget.TextView; text: company; contentDescription: null; viewIdResName: com.pekall.emdm.launcher:id/call_company; checkable: false; checked: false; focusable: false; focused: false; selected: true; clickable: true; longClickable: false; enabled: true; password: false; scrollable: false; [ACTION_SELECT, ACTION_CLEAR_SELECTION, ACTION_CLICK, ACTION_ACCESSIBILITY_FOCUS, ACTION_NEXT_AT_MOVEMENT_GRANULARITY, ACTION_PREVIOUS_AT_MOVEMENT_GRANULARITY, ACTION_SET_SELECTION]]
05-22 11:06:09.986 D/UiObject(16218): getText() = company
05-22 11:06:10.002 I/QueryController(16218): Matched selector: UiSelector[TEXT=company, CLASS=android.widget.TextView, PACKAGE NAME=com.pekall.emdm.launcher] <<==>> [android.view.accessibility.AccessibilityNodeInfo@27eea1; boundsInParent: Rect(0, 0 - 345, 53); boundsInScreen: Rect(20, 1111 - 365, 1164); packageName: com.pekall.emdm.launcher; className: android.widget.TextView; text: company; contentDescription: null; viewIdResName: com.pekall.emdm.launcher:id/call_company; checkable: false; checked: false; focusable: false; focused: false; selected: true; clickable: true; longClickable: false; enabled: true; password: false; scrollable: false; [ACTION_SELECT, ACTION_CLEAR_SELECTION, ACTION_CLICK, ACTION_ACCESSIBILITY_FOCUS, ACTION_NEXT_AT_MOVEMENT_GRANULARITY, ACTION_PREVIOUS_AT_MOVEMENT_GRANULARITY, ACTION_SET_SELECTION]]
05-22 11:06:10.017 I/QueryController(16218): Matched selector: UiSelector[TEXT=company, CLASS=android.widget.TextView, PACKAGE NAME=com.pekall.emdm.launcher] <<==>> [android.view.accessibility.AccessibilityNodeInfo@27eea1; boundsInParent: Rect(0, 0 - 345, 53); boundsInScreen: Rect(20, 1111 - 365, 1164); packageName: com.pekall.emdm.launcher; className: android.widget.TextView; text: company; contentDescription: null; viewIdResName: com.pekall.emdm.launcher:id/call_company; checkable: false; checked: false; focusable: false; focused: false; selected: true; clickable: true; longClickable: false; enabled: true; password: false; scrollable: false; [ACTION_SELECT, ACTION_CLEAR_SELECTION, ACTION_CLICK, ACTION_ACCESSIBILITY_FOCUS, ACTION_NEXT_AT_MOVEMENT_GRANULARITY, ACTION_PREVIOUS_AT_MOVEMENT_GRANULARITY, ACTION_SET_SELECTION]]
05-22 11:06:10.025 D/dalvikvm(16218): GC_CONCURRENT freed 399K, 74% free 636K/2432K, paused 1ms+0ms, total 6ms
05-22 11:06:10.025 D/InteractionController(16218): clickAndWaitForNewWindow(192, 1137)
05-22 11:06:10.135 D/ContactsProvider(14465): [Contacts] query 'content://emdmcontacts/contacts', segment size: 1
05-22 11:06:13.127 W/InteractionController(16218): runAndwaitForEvent timedout waiting for events
