05-22 14:55:52.015 I/QueryController( 5213): Matched selector: UiSelector[TEXT=company, CLASS=android.widget.TextView, PACKAGE NAME=com.pekall.emdm.launcher] <<==>> [android.view.accessibility.AccessibilityNodeInfo@2649ff; boundsInParent: Rect(0, 0 - 345, 53); boundsInScreen: Rect(20, 1111 - 365, 1164); packageName: com.pekall.emdm.launcher; className: android.widget.TextView; text: company; contentDescription: null; viewIdResName: com.pekall.emdm.launcher:id/call_company; checkable: false; checked: false; focusable: false; focused: false; selected: true; clickable: true; longClickable: false; enabled: true; password: false; scrollable: false; [ACTION_SELECT, ACTION_CLEAR_SELECTION, ACTION_CLICK, ACTION_ACCESSIBILITY_FOCUS, ACTION_NEXT_AT_MOVEMENT_GRANULARITY, ACTION_PREVIOUS_AT_MOVEMENT_GRANULARITY, ACTION_SET_SELECTION]]
05-22 14:55:52.023 D/InteractionController( 5213): clickAndWaitForNewWindow(192, 1137)
05-22 14:55:52.023 D/dalvikvm( 5213): GC_CONCURRENT freed 368K, 75% free 618K/2432K, paused 0ms+0ms, total 5ms
05-22 14:55:52.124 D/ContactsProvider( 3216): [Contacts] query 'content://emdmcontacts/contacts', segment size: 1
05-22 14:55:55.124 W/InteractionController( 5213): runAndwaitForEvent timedout waiting for events
05-22 14:55:55.140 I/QueryController( 5213): Matched selector: UiSelector[CLASS=android.widget.ImageView, INDEX=2] <<==>> [android.view.accessibility.AccessibilityNodeInfo@265cc4; boundsInParent: Rect(0, 0 - 240, 50); boundsInScreen: Rect(480, 73 - 720, 123); packageName: com.pekall.emdm.launcher; className: android.widget.ImageView; text: null; contentDescription: null; viewIdResName: com.pekall.emdm.launcher:id/thrid; checkable: false; checked: false; focusable: false; focused: false; selected: false; clickable: true; longClickable: false; enabled: true; password: false; scrollable: false; [ACTION_SELECT, ACTION_CLEAR_SELECTION, ACTION_CLICK, ACTION_ACCESSIBILITY_FOCUS]]
05-22 14:55:55.140 D/InteractionController( 5213): clickAndWaitForNewWindow(600, 98)
05-22 14:55:58.226 W/MountService(  375): getVolumeState(/storage/emulated/0/external_sd): Unknown volume
05-22 14:55:58.226 W/MountService(  375): getVolumeState(/mnt/sdcard-ext): Unknown volume
05-22 14:55:58.226 W/MountService(  375): getVolumeState(/mnt/ext_sdcard): Unknown volume
05-22 14:55:58.226 W/MountService(  375): getVolumeState(/mnt/sdcard2): Unknown volume
05-22 14:55:58.226 W/MountService(  375): getVolumeState(/mnt/emmc): Unknown volume
05-22 14:55:58.226 W/MountService(  375): getVolumeState(/mnt/extSdCard): Unknown volume
05-22 14:55:58.226 W/MountService(  375): getVolumeState(/mnt/sdcard/SD_CARD): Unknown volume
05-22 14:55:58.234 W/MountService(  375): getVolumeState(/mnt/sdcard/extra_sd): Unknown volume
05-22 14:55:58.234 W/MountService(  375): getVolumeState(/mnt/extrasd_bind): Unknown volume
05-22 14:55:58.234 W/MountService(  375): getVolumeState(/mnt/sdcard/ext_sd): Unknown volume
05-22 14:55:58.234 W/MountService(  375): getVolumeState(/storage/extSdCard): Unknown volume
05-22 14:55:58.234 W/MountService(  375): getVolumeState(/storage/sdcard1): Unknown volume
05-22 14:55:58.234 W/MountService(  375): getVolumeState(/mnt/sdcard/external_SD): Unknown volume
05-22 14:55:58.234 W/MountService(  375): getVolumeState(/mnt/sdcard/external_sd): Unknown volume
05-22 14:55:58.249 W/InteractionController( 5213): runAndwaitForEvent timedout waiting for events
05-22 14:55:58.335 D/dalvikvm( 5213): GC_CONCURRENT freed 354K, 74% free 647K/2432K, paused 2ms+1ms, total 6ms
05-22 14:55:58.359 I/QueryController( 5213): Matched selector: UiSelector[TEXT=company, CLASS=android.widget.TextView, PACKAGE NAME=com.pekall.emdm.launcher] <<==>> [android.view.accessibility.AccessibilityNodeInfo@2649ff; boundsInParent: Rect(0, 0 - 345, 53); boundsInScreen: Rect(20, 1111 - 365, 1164); packageName: com.pekall.emdm.launcher; className: android.widget.TextView; text: company; contentDescription: null; viewIdResName: com.pekall.emdm.launcher:id/call_company; checkable: false; checked: false; focusable: false; focused: false; selected: true; clickable: true; longClickable: false; enabled: true; password: false; scrollable: false; [ACTION_SELECT, ACTION_CLEAR_SELECTION, ACTION_CLICK, ACTION_ACCESSIBILITY_FOCUS, ACTION_NEXT_AT_MOVEMENT_GRANULARITY, ACTION_PREVIOUS_AT_MOVEMENT_GRANULARITY, ACTION_SET_SELECTION]]
05-22 14:55:58.374 I/QueryController( 5213): Matched selector: UiSelector[PACKAGE NAME=com.pekall.emdm.launcher] <<==>> [android.view.accessibility.AccessibilityNodeInfo@258e4d; boundsInParent: Rect(0, 0 - 720, 1184); boundsInScreen: Rect(0, 0 - 720, 1184); packageName: com.pekall.emdm.launcher; className: android.widget.FrameLayout; text: null; contentDescription: null; viewIdResName: null; checkable: false; checked: false; focusable: false; focused: false; selected: false; clickable: false; longClickable: false; enabled: true; password: false; scrollable: false; [ACTION_SELECT, ACTION_CLEAR_SELECTION, ACTION_ACCESSIBILITY_FOCUS]]
05-22 14:55:58.406 I/QueryController( 5213): Matched selector: UiSelector[PACKAGE NAME=com.pekall.emdm.launcher] <<==>> [android.view.accessibility.AccessibilityNodeInfo@258e4d; boundsInParent: Rect(0, 0 - 720, 1184); boundsInScreen: Rect(0, 0 - 720, 1184); packageName: com.pekall.emdm.launcher; className: android.widget.FrameLayout; text: null; contentDescription: null; viewIdResName: null; checkable: false; checked: false; focusable: false; focused: false; selected: false; clickable: false; longClickable: false; enabled: true; password: false; scrollable: false; [ACTION_SELECT, ACTION_CLEAR_SELECTION, ACTION_ACCESSIBILITY_FOCUS]]
05-22 14:55:58.429 D/dalvikvm( 5213): GC_CONCURRENT freed 400K, 74% free 638K/2432K, paused 1ms+0ms, total 10ms
05-22 14:55:58.452 I/ActivityManager(  375): START u0 {act=android.intent.action.MAIN cat=[android.intent.category.HOME] flg=0x10200000 cmp=com.pekall.emdm.launcher/.Launcher} from pid 375
05-22 14:55:58.476 D/dalvikvm( 1693): GC_CONCURRENT freed 331K, 17% free 9579K/11532K, paused 21ms+2ms, total 113ms
05-22 14:55:58.546 D/dalvikvm(  375): GC_FOR_ALLOC freed 1607K, 19% free 17508K/21608K, paused 55ms, total 55ms
05-22 14:55:58.554 D/LauncherApplication( 3216): [null:-1]->onActivityPaused
05-22 14:55:58.570 D/LauncherApplication( 3216): [null:-1]->onActivityPaused  updateTime
05-22 14:55:58.577 V/LauncherApplication( 3216): onActivityStarted
05-22 14:55:58.577 D/        ( 3216): [---null: -1---]     awsa  onActivityResumed
05-22 14:55:58.577 V/LauncherApplication( 3216): 2MdmConstant.LAST_LAUNCH_TIME = 1400741758579
05-22 14:55:58.585 D/        ( 3216): [---null: -1---]  activity = com.pekall.emdm.launcher.Launcher
05-22 14:55:58.585 V/DefultSetContriller( 3216): isLauncherDf = com.pekall.emdm.launcher
05-22 14:55:58.585 V/DefultSetContriller( 3216): isLauncherDf = com.pekall.emdm.launcher
05-22 14:55:58.593 V/DefultSetContriller( 3216): isPhoneDf = com.pekall.emdm.launcher
05-22 14:55:58.593 E/LauncherApplication( 3216): isShowLogoutUI = true
05-22 14:55:58.593 E/LauncherApplication( 3216): LogoutShowTime 1
05-22 14:55:58.593 V/Launcher( 3216): onResume1111111 
05-22 14:55:58.593 V/Launcher( 3216): is login ----> 
05-22 14:55:58.593 I/System.out( 3216):  
05-22 14:55:58.593 I/System.out( 3216): com.pekall.emdm.launcher.Workspace.setWallpaper(Unknown Source)
05-22 14:55:58.593 I/System.out( 3216): com.pekall.emdm.launcher.Launcher.onResume(Unknown Source)
05-22 14:55:58.593 I/System.out( 3216): android.app.Instrumentation.callActivityOnResume(Instrumentation.java:1192)
05-22 14:55:58.593 I/System.out( 3216): android.app.Activity.performResume(Activity.java:5211)
05-22 14:55:58.593 I/System.out( 3216): android.app.ActivityThread.performResumeActivity(ActivityThread.java:2780)
05-22 14:55:58.593 I/System.out( 3216): android.app.ActivityThread.handleResumeActivity(ActivityThread.java:2819)
05-22 14:55:58.593 I/System.out( 3216): android.app.ActivityThread$H.handleMessage(ActivityThread.java:1298)
05-22 14:55:58.593 I/System.out( 3216): android.os.Handler.dispatchMessage(Handler.java:99)
05-22 14:55:58.593 I/System.out( 3216): android.os.Looper.loop(Looper.java:137)
05-22 14:55:58.593 I/System.out( 3216): android.app.ActivityThread.main(ActivityThread.java:5103)
05-22 14:55:58.593 I/System.out( 3216): java.lang.reflect.Method.invokeNative(Native Method)
05-22 14:55:58.593 I/System.out( 3216): java.lang.reflect.Method.invoke(Method.java:525)
05-22 14:55:58.593 I/System.out( 3216): com.android.internal.os.ZygoteInit$MethodAndArgsCaller.run(ZygoteInit.java:737)
05-22 14:55:58.593 I/System.out( 3216): com.android.internal.os.ZygoteInit.main(ZygoteInit.java:553)
05-22 14:55:58.593 I/System.out( 3216): dalvik.system.NativeStart.main(Native Method)
05-22 14:55:58.718 D/dalvikvm( 1024): GC_EXPLICIT freed 251K, 6% free 9227K/9752K, paused 1ms+4ms, total 22ms
05-22 14:55:58.741 W/MountService(  375): getVolumeState(/storage/emulated/0/external_sd): Unknown volume
05-22 14:55:58.741 W/MountService(  375): getVolumeState(/mnt/sdcard-ext): Unknown volume
05-22 14:55:58.741 W/MountService(  375): getVolumeState(/mnt/ext_sdcard): Unknown volume
05-22 14:55:58.741 W/MountService(  375): getVolumeState(/mnt/sdcard2): Unknown volume
05-22 14:55:58.741 W/MountService(  375): getVolumeState(/mnt/emmc): Unknown volume
05-22 14:55:58.741 W/MountService(  375): getVolumeState(/mnt/extSdCard): Unknown volume
05-22 14:55:58.741 W/MountService(  375): getVolumeState(/mnt/sdcard/SD_CARD): Unknown volume
05-22 14:55:58.741 W/MountService(  375): getVolumeState(/mnt/sdcard/extra_sd): Unknown volume
05-22 14:55:58.741 W/MountService(  375): getVolumeState(/mnt/extrasd_bind): Unknown volume
05-22 14:55:58.749 W/MountService(  375): getVolumeState(/mnt/sdcard/ext_sd): Unknown volume
05-22 14:55:58.749 W/MountService(  375): getVolumeState(/storage/extSdCard): Unknown volume
05-22 14:55:58.749 W/MountService(  375): getVolumeState(/storage/sdcard1): Unknown volume
05-22 14:55:58.749 W/MountService(  375): getVolumeState(/mnt/sdcard/external_SD): Unknown volume
05-22 14:55:58.749 W/MountService(  375): getVolumeState(/mnt/sdcard/external_sd): Unknown volume
05-22 14:55:58.781 D/dalvikvm( 1693): GC_CONCURRENT freed 561K, 19% free 9447K/11532K, paused 1ms+2ms, total 20ms
05-22 14:55:58.843 D/dalvikvm( 3216): JIT unchain all for threadid=11
05-22 14:55:58.913 D/dalvikvm( 3216): GC_FOR_ALLOC freed 4056K, 24% free 31942K/41968K, paused 314ms, total 319ms
05-22 14:55:58.921 I/dalvikvm-heap( 3216): Grow heap (frag case) to 34.550MB for 3415696-byte allocation
05-22 14:55:59.171 D/dalvikvm( 3216): JIT unchain all for threadid=11
05-22 14:55:59.249 D/dalvikvm( 3216): GC_FOR_ALLOC freed 14K, 23% free 35263K/45304K, paused 324ms, total 324ms
05-22 14:55:59.257 W/SQLiteCursor( 3216): Finalizing a Cursor that has not been deactivated or closed. database = /data/data/com.pekall.emdm.launcher/databases/emdm_contacts.db, table = company_calllogs, query = SELECT _id, number, date, duration, type, name, numbertype, numberlabel, company_calllogs_id, company_calllogs_department, company_id FROM company_calllogs ORDER BY date DESC
05-22 14:55:59.257 W/SQLiteCursor( 3216): com.pekall.sandbox.database.sqlite.DatabaseObjectNotClosedException: Application did not close the cursor or database object that was opened here
05-22 14:55:59.257 W/SQLiteCursor( 3216): 	at com.pekall.sandbox.database.sqlite.SQLiteCursor.<init>(Unknown Source)
05-22 14:55:59.257 W/SQLiteCursor( 3216): 	at com.pekall.sandbox.database.sqlite.SQLiteDirectCursorDriver.query(Unknown Source)
05-22 14:55:59.257 W/SQLiteCursor( 3216): 	at com.pekall.sandbox.database.sqlite.SQLiteDatabase.rawQueryWithFactory(Unknown Source)
05-22 14:55:59.257 W/SQLiteCursor( 3216): 	at com.pekall.sandbox.database.sqlite.SQLiteQueryBuilder.query(Unknown Source)
05-22 14:55:59.257 W/SQLiteCursor( 3216): 	at com.pekall.emdm.contacts.db.SimpleContactsProvider.query(Unknown Source)
05-22 14:55:59.257 W/SQLiteCursor( 3216): 	at android.content.ContentProvider.query(ContentProvider.java:744)
05-22 14:55:59.257 W/SQLiteCursor( 3216): 	at android.content.ContentProvider$Transport.query(ContentProvider.java:199)
05-22 14:55:59.257 W/SQLiteCursor( 3216): 	at android.content.ContentResolver.query(ContentResolver.java:414)
05-22 14:55:59.257 W/SQLiteCursor( 3216): 	at android.content.ContentResolver.query(ContentResolver.java:357)
05-22 14:55:59.257 W/SQLiteCursor( 3216): 	at android.content.AsyncQueryHandler$WorkerHandler.handleMessage(AsyncQueryHandler.java:79)
05-22 14:55:59.257 W/SQLiteCursor( 3216): 	at com.pekall.emdm.contacts.calllog.p.handleMessage(Unknown Source)
05-22 14:55:59.257 W/SQLiteCursor( 3216): 	at android.os.Handler.dispatchMessage(Handler.java:99)
05-22 14:55:59.257 W/SQLiteCursor( 3216): 	at android.os.Looper.loop(Looper.java:137)
05-22 14:55:59.257 W/SQLiteCursor( 3216): 	at android.os.HandlerThread.run(HandlerThread.java:61)
05-22 14:55:59.265 W/CursorWrapperInner( 3216): Cursor finalized without prior close()
05-22 14:55:59.265 W/SQLiteCursor( 3216): Finalizing a Cursor that has not been deactivated or closed. database = /data/data/com.pekall.emdm.launcher/databases/emdm_contacts.db, table = contacts, query = SELECT * FROM contacts ORDER BY sort_key  asc
05-22 14:55:59.265 W/SQLiteCursor( 3216): com.pekall.sandbox.database.sqlite.DatabaseObjectNotClosedException: Application did not close the cursor or database object that was opened here
05-22 14:55:59.265 W/SQLiteCursor( 3216): 	at com.pekall.sandbox.database.sqlite.SQLiteCursor.<init>(Unknown Source)
05-22 14:55:59.265 W/SQLiteCursor( 3216): 	at com.pekall.sandbox.database.sqlite.SQLiteDirectCursorDriver.query(Unknown Source)
05-22 14:55:59.265 W/SQLiteCursor( 3216): 	at com.pekall.sandbox.database.sqlite.SQLiteDatabase.rawQueryWithFactory(Unknown Source)
05-22 14:55:59.265 W/SQLiteCursor( 3216): 	at com.pekall.sandbox.database.sqlite.SQLiteQueryBuilder.query(Unknown Source)
05-22 14:55:59.265 W/SQLiteCursor( 3216): 	at com.pekall.emdm.contacts.db.SimpleContactsProvider.query(Unknown Source)
05-22 14:55:59.265 W/SQLiteCursor( 3216): 	at android.content.ContentProvider.query(ContentProvider.java:744)
05-22 14:55:59.265 W/SQLiteCursor( 3216): 	at android.content.ContentProvider$Transport.query(ContentProvider.java:199)
05-22 14:55:59.265 W/SQLiteCursor( 3216): 	at android.content.ContentResolver.query(ContentResolver.java:414)
05-22 14:55:59.265 W/SQLiteCursor( 3216): 	at android.content.ContentResolver.query(ContentResolver.java:357)
05-22 14:55:59.265 W/SQLiteCursor( 3216): 	at com.pekall.emdm.contacts.ui.DefaultContactBrowseListFragment.d(Unknown Source)
05-22 14:55:59.265 W/SQLiteCursor( 3216): 	at com.pekall.emdm.contacts.ui.DefaultContactBrowseListFragment.onClick(Unknown Source)
05-22 14:55:59.265 W/SQLiteCursor( 3216): 	at android.view.View.performClick(View.java:4240)
05-22 14:55:59.265 W/SQLiteCursor( 3216): 	at android.view.View$PerformClick.run(View.java:17721)
05-22 14:55:59.265 W/SQLiteCursor( 3216): 	at android.os.Handler.handleCallback(Handler.java:730)
05-22 14:55:59.265 W/SQLiteCursor( 3216): 	at android.os.Handler.dispatchMessage(Handler.java:92)
05-22 14:55:59.265 W/SQLiteCursor( 3216): 	at android.os.Looper.loop(Looper.java:137)
05-22 14:55:59.265 W/SQLiteCursor( 3216): 	at android.app.ActivityThread.main(ActivityThread.java:5103)
05-22 14:55:59.265 W/SQLiteCursor( 3216): 	at java.lang.reflect.Method.invokeNative(Native Method)
05-22 14:55:59.265 W/SQLiteCursor( 3216): 	at java.lang.reflect.Method.invoke(Method.java:525)
05-22 14:55:59.265 W/SQLiteCursor( 3216): 	at com.android.internal.os.ZygoteInit$MethodAndArgsCaller.run(ZygoteInit.java:737)
05-22 14:55:59.265 W/SQLiteCursor( 3216): 	at com.android.internal.os.ZygoteInit.main(ZygoteInit.java:553)
05-22 14:55:59.265 W/SQLiteCursor( 3216): 	at dalvik.system.NativeStart.main(Native Method)
05-22 14:55:59.273 W/CursorWrapperInner( 3216): Cursor finalized without prior close()
05-22 14:55:59.273 W/CursorWrapperInner( 3216): Cursor finalized without prior close()
05-22 14:55:59.281 W/SQLiteCursor( 3216): Finalizing a Cursor that has not been deactivated or closed. database = /data/data/com.pekall.emdm.launcher/databases/emdm_contacts.db, table = frequently_contacts, query = SELECT _id, company_id, number, date, name FROM frequently_contacts ORDER BY date DESC
05-22 14:55:59.281 W/SQLiteCursor( 3216): com.pekall.sandbox.database.sqlite.DatabaseObjectNotClosedException: Application did not close the cursor or database object that was opened here
05-22 14:55:59.281 W/SQLiteCursor( 3216): 	at com.pekall.sandbox.database.sqlite.SQLiteCursor.<init>(Unknown Source)
05-22 14:55:59.281 W/SQLiteCursor( 3216): 	at com.pekall.sandbox.database.sqlite.SQLiteDirectCursorDriver.query(Unknown Source)
05-22 14:55:59.281 W/SQLiteCursor( 3216): 	at com.pekall.sandbox.database.sqlite.SQLiteDatabase.rawQueryWithFactory(Unknown Source)
05-22 14:55:59.281 W/SQLiteCursor( 3216): 	at com.pekall.sandbox.database.sqlite.SQLiteQueryBuilder.query(Unknown Source)
05-22 14:55:59.281 W/SQLiteCursor( 3216): 	at com.pekall.emdm.contacts.db.SimpleContactsProvider.query(Unknown Source)
05-22 14:55:59.281 W/SQLiteCursor( 3216): 	at android.content.ContentProvider.query(ContentProvider.java:744)
05-22 14:55:59.281 W/SQLiteCursor( 3216): 	at android.content.ContentProvider$Transport.query(ContentProvider.java:199)
05-22 14:55:59.281 W/SQLiteCursor( 3216): 	at android.content.ContentResolver.query(ContentResolver.java:414)
05-22 14:55:59.281 W/SQLiteCursor( 3216): 	at android.content.ContentResolver.query(ContentResolver.java:357)
05-22 14:55:59.281 W/SQLiteCursor( 3216): 	at com.pekall.emdm.contacts.ui.n.a(Unknown Source)
05-22 14:55:59.281 W/SQLiteCursor( 3216): 	at com.pekall.emdm.contacts.ui.n.doInBackground(Unknown Source)
05-22 14:55:59.281 W/SQLiteCursor( 3216): 	at android.os.AsyncTask$2.call(AsyncTask.java:287)
05-22 14:55:59.281 W/SQLiteCursor( 3216): 	at java.util.concurrent.FutureTask.run(FutureTask.java:234)
05-22 14:55:59.281 W/SQLiteCursor( 3216): 	at android.os.AsyncTask$SerialExecutor$1.run(AsyncTask.java:230)
05-22 14:55:59.281 W/SQLiteCursor( 3216): 	at java.util.concurrent.ThreadPoolExecutor.runWorker(ThreadPoolExecutor.java:1080)
05-22 14:55:59.281 W/SQLiteCursor( 3216): 	at java.util.concurrent.ThreadPoolExecutor$Worker.run(ThreadPoolExecutor.java:573)
05-22 14:55:59.281 W/SQLiteCursor( 3216): 	at java.lang.Thread.run(Thread.java:841)
05-22 14:55:59.281 W/CursorWrapperInner( 3216): Cursor finalized without prior close()
05-22 14:55:59.351 I/Choreographer( 3216): Skipped 45 frames!  The application may be doing too much work on its main thread.
05-22 14:55:59.804 D/DefaultContactBrowseListFragment( 3216): onDestroyView==============
05-22 14:55:59.812 D/AssistantCallLogFragment( 3216): [---null: -1---]onDestroyView==============
05-22 14:56:01.593 I/QueryController( 5213): Matched selector: UiSelector[TEXT=Personal Mode, CLASS=android.widget.TextView, PACKAGE NAME=com.pekall.emdm.launcher] <<==>> [android.view.accessibility.AccessibilityNodeInfo@39b87; boundsInParent: Rect(0, 0 - 160, 200); boundsInScreen: Rect(190, 608 - 350, 808); packageName: com.pekall.emdm.launcher; className: android.widget.TextView; text: Personal Mode; contentDescription: null; viewIdResName: null; checkable: false; checked: false; focusable: false; focused: false; selected: false; clickable: true; longClickable: true; enabled: true; password: false; scrollable: false; [ACTION_SELECT, ACTION_CLEAR_SELECTION, ACTION_CLICK, ACTION_LONG_CLICK, ACTION_ACCESSIBILITY_FOCUS, ACTION_NEXT_AT_MOVEMENT_GRANULARITY, ACTION_PREVIOUS_AT_MOVEMENT_GRANULARITY, ACTION_SET_SELECTION]]
05-22 14:56:01.601 I/QueryController( 5213): Matched selector: UiSelector[TEXT=EmdmContacts, CLASS=android.widget.TextView, PACKAGE NAME=com.pekall.emdm.launcher] <<==>> [android.view.accessibility.AccessibilityNodeInfo@3a309; boundsInParent: Rect(0, 0 - 160, 200); boundsInScreen: Rect(550, 608 - 710, 808); packageName: com.pekall.emdm.launcher; className: android.widget.TextView; text: EmdmContacts; contentDescription: null; viewIdResName: null; checkable: false; checked: false; focusable: false; focused: false; selected: false; clickable: true; longClickable: true; enabled: true; password: false; scrollable: false; [ACTION_SELECT, ACTION_CLEAR_SELECTION, ACTION_CLICK, ACTION_LONG_CLICK, ACTION_ACCESSIBILITY_FOCUS, ACTION_NEXT_AT_MOVEMENT_GRANULARITY, ACTION_PREVIOUS_AT_MOVEMENT_GRANULARITY, ACTION_SET_SELECTION]]
05-22 14:56:01.609 I/QueryController( 5213): Matched selector: UiSelector[TEXT=EmdmContacts, CLASS=android.widget.TextView, PACKAGE NAME=com.pekall.emdm.launcher] <<==>> [android.view.accessibility.AccessibilityNodeInfo@3a309; boundsInParent: Rect(0, 0 - 160, 200); boundsInScreen: Rect(550, 608 - 710, 808); packageName: com.pekall.emdm.launcher; className: android.widget.TextView; text: EmdmContacts; contentDescription: null; viewIdResName: null; checkable: false; checked: false; focusable: false; focused: false; selected: false; clickable: true; longClickable: true; enabled: true; password: false; scrollable: false; [ACTION_SELECT, ACTION_CLEAR_SELECTION, ACTION_CLICK, ACTION_LONG_CLICK, ACTION_ACCESSIBILITY_FOCUS, ACTION_NEXT_AT_MOVEMENT_GRANULARITY, ACTION_PREVIOUS_AT_MOVEMENT_GRANULARITY, ACTION_SET_SELECTION]]
05-22 14:56:01.624 I/QueryController( 5213): Matched selector: UiSelector[TEXT=EmdmContacts, CLASS=android.widget.TextView, PACKAGE NAME=com.pekall.emdm.launcher] <<==>> [android.view.accessibility.AccessibilityNodeInfo@3a309; boundsInParent: Rect(0, 0 - 160, 200); boundsInScreen: Rect(550, 608 - 710, 808); packageName: com.pekall.emdm.launcher; className: android.widget.TextView; text: EmdmContacts; contentDescription: null; viewIdResName: null; checkable: false; checked: false; focusable: false; focused: false; selected: false; clickable: true; longClickable: true; enabled: true; password: false; scrollable: false; [ACTION_SELECT, ACTION_CLEAR_SELECTION, ACTION_CLICK, ACTION_LONG_CLICK, ACTION_ACCESSIBILITY_FOCUS, ACTION_NEXT_AT_MOVEMENT_GRANULARITY, ACTION_PREVIOUS_AT_MOVEMENT_GRANULARITY, ACTION_SET_SELECTION]]
05-22 14:56:01.624 D/UiObject( 5213): getText() = EmdmContacts
05-22 14:56:01.632 I/QueryController( 5213): Matched selector: UiSelector[TEXT=EmdmContacts, CLASS=android.widget.TextView, PACKAGE NAME=com.pekall.emdm.launcher] <<==>> [android.view.accessibility.AccessibilityNodeInfo@3a309; boundsInParent: Rect(0, 0 - 160, 200); boundsInScreen: Rect(550, 608 - 710, 808); packageName: com.pekall.emdm.launcher; className: android.widget.TextView; text: EmdmContacts; contentDescription: null; viewIdResName: null; checkable: false; checked: false; focusable: false; focused: false; selected: false; clickable: true; longClickable: true; enabled: true; password: false; scrollable: false; [ACTION_SELECT, ACTION_CLEAR_SELECTION, ACTION_CLICK, ACTION_LONG_CLICK, ACTION_ACCESSIBILITY_FOCUS, ACTION_NEXT_AT_MOVEMENT_GRANULARITY, ACTION_PREVIOUS_AT_MOVEMENT_GRANULARITY, ACTION_SET_SELECTION]]
05-22 14:56:01.640 I/QueryController( 5213): Matched selector: UiSelector[TEXT=EmdmContacts, CLASS=android.widget.TextView, PACKAGE NAME=com.pekall.emdm.launcher] <<==>> [android.view.accessibility.AccessibilityNodeInfo@3a309; boundsInParent: Rect(0, 0 - 160, 200); boundsInScreen: Rect(550, 608 - 710, 808); packageName: com.pekall.emdm.launcher; className: android.widget.TextView; text: EmdmContacts; contentDescription: null; viewIdResName: null; checkable: false; checked: false; focusable: false; focused: false; selected: false; clickable: true; longClickable: true; enabled: true; password: false; scrollable: false; [ACTION_SELECT, ACTION_CLEAR_SELECTION, ACTION_CLICK, ACTION_LONG_CLICK, ACTION_ACCESSIBILITY_FOCUS, ACTION_NEXT_AT_MOVEMENT_GRANULARITY, ACTION_PREVIOUS_AT_MOVEMENT_GRANULARITY, ACTION_SET_SELECTION]]
05-22 14:56:01.648 D/dalvikvm( 5213): GC_CONCURRENT freed 434K, 75% free 616K/2432K, paused 2ms+0ms, total 6ms
05-22 14:56:01.648 D/InteractionController( 5213): clickAndWaitForNewWindow(630, 708)
05-22 14:56:01.781 W/Parcel  (  802): Attempt to read object from Parcel 0x5e0dfdac at offset 200 that is not in the object list
05-22 14:56:01.781 I/ActivityManager(  375): START u0 {flg=0x10000000 cmp=com.pekall.emdm.launcher/com.pekall.emdm.contacts.activities.PeopleActivity} from pid 3216
05-22 14:56:01.882 D/dalvikvm(  375): GC_FOR_ALLOC freed 901K, 16% free 18247K/21608K, paused 56ms, total 57ms
05-22 14:56:01.890 D/LauncherApplication( 3216): [null:-1]->onActivityPaused
05-22 14:56:01.906 D/LauncherApplication( 3216): [null:-1]->onActivityPaused  updateTime
05-22 14:56:01.913 W/Parcel  (  802): Attempt to read object from Parcel 0x5f747dac at offset 200 that is not in the object list
05-22 14:56:01.913 I/ActivityManager(  375): START u0 {cmp=com.pekall.emdm.launcher/com.pekall.emdm.contacts.activities.DialtactsActivity (has extras)} from pid 3216
05-22 14:56:01.945 V/LauncherApplication( 3216): onActivityStarted
05-22 14:56:01.945 D/        ( 3216): [---null: -1---]     awsa  onActivityResumed
05-22 14:56:01.945 V/LauncherApplication( 3216): 2MdmConstant.LAST_LAUNCH_TIME = 1400741761911
05-22 14:56:01.952 D/        ( 3216): [---null: -1---]  activity = com.pekall.emdm.contacts.activities.DialtactsActivity
05-22 14:56:01.952 V/DefultSetContriller( 3216): isLauncherDf = com.pekall.emdm.launcher
05-22 14:56:01.960 V/DefultSetContriller( 3216): isPhoneDf = com.pekall.emdm.launcher
05-22 14:56:01.960 E/LauncherApplication( 3216): isShowLogoutUI = true
05-22 14:56:01.960 E/LauncherApplication( 3216): LogoutShowTime 1
05-22 14:56:01.991 D/ContactsProvider( 3216): [Contacts] query 'content://emdmcontacts/contacts', segment size: 1
05-22 14:56:02.007 I/ContactPhotoManager( 3216): Cache adj: 0.5
05-22 14:56:02.007 E/ContactPhotoManager( 3216): No contact photo service in context: com.pekall.emdm.launcher.LauncherApplication@42244168
05-22 14:56:02.077 V/PhoneStatusBar(  450): setLightsOn(true)
05-22 14:56:02.109 D/ContactsProvider( 3216): [Contacts] query 'content://emdmcontacts/company_calllogs', segment size: 1
05-22 14:56:02.116 D/ContactsProvider( 3216): [Contacts] query 'content://emdmcontacts/frequently_contacts', segment size: 1
05-22 14:56:02.116 D/ContactsProvider( 3216): [Contacts] query 'content://emdmcontacts/contacts', segment size: 1
05-22 14:56:02.179 I/ActivityManager(  375): Displayed com.pekall.emdm.launcher/com.pekall.emdm.contacts.activities.DialtactsActivity: +259ms (total +278ms)
05-22 14:56:02.835 I/QueryController( 5213): Matched selector: UiSelector[TEXT=company, CLASS=android.widget.TextView, PACKAGE NAME=com.pekall.emdm.launcher] <<==>> [android.view.accessibility.AccessibilityNodeInfo@26b31c; boundsInParent: Rect(0, 0 - 345, 53); boundsInScreen: Rect(20, 1111 - 365, 1164); packageName: com.pekall.emdm.launcher; className: android.widget.TextView; text: company; contentDescription: null; viewIdResName: com.pekall.emdm.launcher:id/call_company; checkable: false; checked: false; focusable: false; focused: false; selected: true; clickable: true; longClickable: false; enabled: true; password: false; scrollable: false; [ACTION_SELECT, ACTION_CLEAR_SELECTION, ACTION_CLICK, ACTION_ACCESSIBILITY_FOCUS, ACTION_NEXT_AT_MOVEMENT_GRANULARITY, ACTION_PREVIOUS_AT_MOVEMENT_GRANULARITY, ACTION_SET_SELECTION]]
05-22 14:56:02.866 I/QueryController( 5213): Matched selector: UiSelector[TEXT=company, CLASS=android.widget.TextView, PACKAGE NAME=com.pekall.emdm.launcher] <<==>> [android.view.accessibility.AccessibilityNodeInfo@26b31c; boundsInParent: Rect(0, 0 - 345, 53); boundsInScreen: Rect(20, 1111 - 365, 1164); packageName: com.pekall.emdm.launcher; className: android.widget.TextView; text: company; contentDescription: null; viewIdResName: com.pekall.emdm.launcher:id/call_company; checkable: false; checked: false; focusable: false; focused: false; selected: true; clickable: true; longClickable: false; enabled: true; password: false; scrollable: false; [ACTION_SELECT, ACTION_CLEAR_SELECTION, ACTION_CLICK, ACTION_ACCESSIBILITY_FOCUS, ACTION_NEXT_AT_MOVEMENT_GRANULARITY, ACTION_PREVIOUS_AT_MOVEMENT_GRANULARITY, ACTION_SET_SELECTION]]
05-22 14:56:02.866 D/UiObject( 5213): getText() = company
05-22 14:56:02.890 I/QueryController( 5213): Matched selector: UiSelector[TEXT=company, CLASS=android.widget.TextView, PACKAGE NAME=com.pekall.emdm.launcher] <<==>> [android.view.accessibility.AccessibilityNodeInfo@26b31c; boundsInParent: Rect(0, 0 - 345, 53); boundsInScreen: Rect(20, 1111 - 365, 1164); packageName: com.pekall.emdm.launcher; className: android.widget.TextView; text: company; contentDescription: null; viewIdResName: com.pekall.emdm.launcher:id/call_company; checkable: false; checked: false; focusable: false; focused: false; selected: true; clickable: true; longClickable: false; enabled: true; password: false; scrollable: false; [ACTION_SELECT, ACTION_CLEAR_SELECTION, ACTION_CLICK, ACTION_ACCESSIBILITY_FOCUS, ACTION_NEXT_AT_MOVEMENT_GRANULARITY, ACTION_PREVIOUS_AT_MOVEMENT_GRANULARITY, ACTION_SET_SELECTION]]
05-22 14:56:02.913 I/QueryController( 5213): Matched selector: UiSelector[TEXT=company, CLASS=android.widget.TextView, PACKAGE NAME=com.pekall.emdm.launcher] <<==>> [android.view.accessibility.AccessibilityNodeInfo@26b31c; boundsInParent: Rect(0, 0 - 345, 53); boundsInScreen: Rect(20, 1111 - 365, 1164); packageName: com.pekall.emdm.launcher; className: android.widget.TextView; text: company; contentDescription: null; viewIdResName: com.pekall.emdm.launcher:id/call_company; checkable: false; checked: false; focusable: false; focused: false; selected: true; clickable: true; longClickable: false; enabled: true; password: false; scrollable: false; [ACTION_SELECT, ACTION_CLEAR_SELECTION, ACTION_CLICK, ACTION_ACCESSIBILITY_FOCUS, ACTION_NEXT_AT_MOVEMENT_GRANULARITY, ACTION_PREVIOUS_AT_MOVEMENT_GRANULARITY, ACTION_SET_SELECTION]]
05-22 14:56:02.913 D/InteractionController( 5213): clickAndWaitForNewWindow(192, 1137)
05-22 14:56:03.023 D/ContactsProvider( 3216): [Contacts] query 'content://emdmcontacts/contacts', segment size: 1
05-22 14:56:06.015 W/InteractionController( 5213): runAndwaitForEvent timedout waiting for events
05-22 14:56:06.031 I/QueryController( 5213): Matched selector: UiSelector[CLASS=android.widget.ImageView, INDEX=2] <<==>> [android.view.accessibility.AccessibilityNodeInfo@2698d5; boundsInParent: Rect(0, 0 - 240, 50); boundsInScreen: Rect(480, 73 - 720, 123); packageName: com.pekall.emdm.launcher; className: android.widget.ImageView; text: null; contentDescription: null; viewIdResName: com.pekall.emdm.launcher:id/thrid; checkable: false; checked: false; focusable: false; focused: false; selected: false; clickable: true; longClickable: false; enabled: true; password: false; scrollable: false; [ACTION_SELECT, ACTION_CLEAR_SELECTION, ACTION_CLICK, ACTION_ACCESSIBILITY_FOCUS]]
05-22 14:56:06.038 D/dalvikvm( 5213): GC_CONCURRENT freed 379K, 74% free 635K/2432K, paused 1ms+0ms, total 6ms
05-22 14:56:06.038 D/InteractionController( 5213): clickAndWaitForNewWindow(600, 98)
05-22 14:56:09.140 W/InteractionController( 5213): runAndwaitForEvent timedout waiting for events
05-22 14:56:09.226 I/QueryController( 5213): Matched selector: UiSelector[TEXT=company, CLASS=android.widget.TextView, PACKAGE NAME=com.pekall.emdm.launcher] <<==>> [android.view.accessibility.AccessibilityNodeInfo@26b31c; boundsInParent: Rect(0, 0 - 345, 53); boundsInScreen: Rect(20, 1111 - 365, 1164); packageName: com.pekall.emdm.launcher; className: android.widget.TextView; text: company; contentDescription: null; viewIdResName: com.pekall.emdm.launcher:id/call_company; checkable: false; checked: false; focusable: false; focused: false; selected: true; clickable: true; longClickable: false; enabled: true; password: false; scrollable: false; [ACTION_SELECT, ACTION_CLEAR_SELECTION, ACTION_CLICK, ACTION_ACCESSIBILITY_FOCUS, ACTION_NEXT_AT_MOVEMENT_GRANULARITY, ACTION_PREVIOUS_AT_MOVEMENT_GRANULARITY, ACTION_SET_SELECTION]]
05-22 14:56:09.234 D/dalvikvm( 5213): GC_CONCURRENT freed 419K, 74% free 634K/2432K, paused 2ms+0ms, total 6ms
05-22 14:56:09.249 I/QueryController( 5213): Matched selector: UiSelector[PACKAGE NAME=com.pekall.emdm.launcher] <<==>> [android.view.accessibility.AccessibilityNodeInfo@266086; boundsInParent: Rect(0, 0 - 720, 1184); boundsInScreen: Rect(0, 0 - 720, 1184); packageName: com.pekall.emdm.launcher; className: android.widget.FrameLayout; text: null; contentDescription: null; viewIdResName: null; checkable: false; checked: false; focusable: false; focused: false; selected: false; clickable: false; longClickable: false; enabled: true; password: false; scrollable: false; [ACTION_SELECT, ACTION_CLEAR_SELECTION, ACTION_ACCESSIBILITY_FOCUS]]
05-22 14:56:09.273 I/QueryController( 5213): Matched selector: UiSelector[PACKAGE NAME=com.pekall.emdm.launcher] <<==>> [android.view.accessibility.AccessibilityNodeInfo@266086; boundsInParent: Rect(0, 0 - 720, 1184); boundsInScreen: Rect(0, 0 - 720, 1184); packageName: com.pekall.emdm.launcher; className: android.widget.FrameLayout; text: null; contentDescription: null; viewIdResName: null; checkable: false; checked: false; focusable: false; focused: false; selected: false; clickable: false; longClickable: false; enabled: true; password: false; scrollable: false; [ACTION_SELECT, ACTION_CLEAR_SELECTION, ACTION_ACCESSIBILITY_FOCUS]]
05-22 14:56:09.312 I/ActivityManager(  375): START u0 {act=android.intent.action.MAIN cat=[android.intent.category.HOME] flg=0x10200000 cmp=com.pekall.emdm.launcher/.Launcher} from pid 375
05-22 14:56:09.398 D/dalvikvm(  375): GC_FOR_ALLOC freed 1592K, 19% free 17509K/21608K, paused 54ms, total 55ms
05-22 14:56:09.406 D/LauncherApplication( 3216): [null:-1]->onActivityPaused
05-22 14:56:09.413 D/LauncherApplication( 3216): [null:-1]->onActivityPaused  updateTime
05-22 14:56:09.421 V/LauncherApplication( 3216): onActivityStarted
05-22 14:56:09.421 D/        ( 3216): [---null: -1---]     awsa  onActivityResumed
05-22 14:56:09.421 V/LauncherApplication( 3216): 2MdmConstant.LAST_LAUNCH_TIME = 1400741769421
05-22 14:56:09.421 D/        ( 3216): [---null: -1---]  activity = com.pekall.emdm.launcher.Launcher
05-22 14:56:09.437 V/DefultSetContriller( 3216): isLauncherDf = com.pekall.emdm.launcher
05-22 14:56:09.437 V/DefultSetContriller( 3216): isLauncherDf = com.pekall.emdm.launcher
05-22 14:56:09.445 V/DefultSetContriller( 3216): isPhoneDf = com.pekall.emdm.launcher
05-22 14:56:09.445 E/LauncherApplication( 3216): isShowLogoutUI = true
05-22 14:56:09.445 E/LauncherApplication( 3216): LogoutShowTime 1
05-22 14:56:09.445 V/Launcher( 3216): onResume1111111 
05-22 14:56:09.445 V/Launcher( 3216): is login ----> 
05-22 14:56:09.445 I/System.out( 3216):  
05-22 14:56:09.445 I/System.out( 3216): com.pekall.emdm.launcher.Workspace.setWallpaper(Unknown Source)
05-22 14:56:09.445 I/System.out( 3216): com.pekall.emdm.launcher.Launcher.onResume(Unknown Source)
05-22 14:56:09.445 I/System.out( 3216): android.app.Instrumentation.callActivityOnResume(Instrumentation.java:1192)
05-22 14:56:09.445 I/System.out( 3216): android.app.Activity.performResume(Activity.java:5211)
05-22 14:56:09.445 I/System.out( 3216): android.app.ActivityThread.performResumeActivity(ActivityThread.java:2780)
05-22 14:56:09.445 I/System.out( 3216): android.app.ActivityThread.handleResumeActivity(ActivityThread.java:2819)
05-22 14:56:09.445 I/System.out( 3216): android.app.ActivityThread$H.handleMessage(ActivityThread.java:1298)
05-22 14:56:09.445 I/System.out( 3216): android.os.Handler.dispatchMessage(Handler.java:99)
05-22 14:56:09.445 I/System.out( 3216): android.os.Looper.loop(Looper.java:137)
05-22 14:56:09.445 I/System.out( 3216): android.app.ActivityThread.main(ActivityThread.java:5103)
05-22 14:56:09.445 I/System.out( 3216): java.lang.reflect.Method.invokeNative(Native Method)
05-22 14:56:09.445 I/System.out( 3216): java.lang.reflect.Method.invoke(Method.java:525)
05-22 14:56:09.445 I/System.out( 3216): com.android.internal.os.ZygoteInit$MethodAndArgsCaller.run(ZygoteInit.java:737)
05-22 14:56:09.445 I/System.out( 3216): com.android.internal.os.ZygoteInit.main(ZygoteInit.java:553)
05-22 14:56:09.445 I/System.out( 3216): dalvik.system.NativeStart.main(Native Method)
05-22 14:56:09.695 D/dalvikvm( 3216): JIT unchain all for threadid=11
05-22 14:56:09.773 D/dalvikvm( 3216): GC_FOR_ALLOC freed 4044K, 30% free 31936K/45304K, paused 321ms, total 321ms
05-22 14:56:09.781 W/SQLiteCursor( 3216): Finalizing a Cursor that has not been deactivated or closed. database = /data/data/com.pekall.emdm.launcher/databases/emdm_contacts.db, table = company_calllogs, query = SELECT _id, number, date, duration, type, name, numbertype, numberlabel, company_calllogs_id, company_calllogs_department, company_id FROM company_calllogs ORDER BY date DESC
05-22 14:56:09.781 W/SQLiteCursor( 3216): com.pekall.sandbox.database.sqlite.DatabaseObjectNotClosedException: Application did not close the cursor or database object that was opened here
05-22 14:56:09.781 W/SQLiteCursor( 3216): 	at com.pekall.sandbox.database.sqlite.SQLiteCursor.<init>(Unknown Source)
05-22 14:56:09.781 W/SQLiteCursor( 3216): 	at com.pekall.sandbox.database.sqlite.SQLiteDirectCursorDriver.query(Unknown Source)
05-22 14:56:09.781 W/SQLiteCursor( 3216): 	at com.pekall.sandbox.database.sqlite.SQLiteDatabase.rawQueryWithFactory(Unknown Source)
05-22 14:56:09.781 W/SQLiteCursor( 3216): 	at com.pekall.sandbox.database.sqlite.SQLiteQueryBuilder.query(Unknown Source)
05-22 14:56:09.781 W/SQLiteCursor( 3216): 	at com.pekall.emdm.contacts.db.SimpleContactsProvider.query(Unknown Source)
05-22 14:56:09.781 W/SQLiteCursor( 3216): 	at android.content.ContentProvider.query(ContentProvider.java:744)
05-22 14:56:09.781 W/SQLiteCursor( 3216): 	at android.content.ContentProvider$Transport.query(ContentProvider.java:199)
05-22 14:56:09.781 W/SQLiteCursor( 3216): 	at android.content.ContentResolver.query(ContentResolver.java:414)
05-22 14:56:09.781 W/SQLiteCursor( 3216): 	at android.content.ContentResolver.query(ContentResolver.java:357)
05-22 14:56:09.781 W/SQLiteCursor( 3216): 	at android.content.AsyncQueryHandler$WorkerHandler.handleMessage(AsyncQueryHandler.java:79)
05-22 14:56:09.781 W/SQLiteCursor( 3216): 	at com.pekall.emdm.contacts.calllog.p.handleMessage(Unknown Source)
05-22 14:56:09.781 W/SQLiteCursor( 3216): 	at android.os.Handler.dispatchMessage(Handler.java:99)
05-22 14:56:09.781 W/SQLiteCursor( 3216): 	at android.os.Looper.loop(Looper.java:137)
05-22 14:56:09.781 W/SQLiteCursor( 3216): 	at android.os.HandlerThread.run(HandlerThread.java:61)
05-22 14:56:09.781 W/CursorWrapperInner( 3216): Cursor finalized without prior close()
05-22 14:56:09.804 W/SQLiteCursor( 3216): Finalizing a Cursor that has not been deactivated or closed. database = /data/data/com.pekall.emdm.launcher/databases/emdm_contacts.db, table = contacts, query = SELECT * FROM contacts ORDER BY sort_key  asc
05-22 14:56:09.804 W/SQLiteCursor( 3216): com.pekall.sandbox.database.sqlite.DatabaseObjectNotClosedException: Application did not close the cursor or database object that was opened here
05-22 14:56:09.804 W/SQLiteCursor( 3216): 	at com.pekall.sandbox.database.sqlite.SQLiteCursor.<init>(Unknown Source)
05-22 14:56:09.804 W/SQLiteCursor( 3216): 	at com.pekall.sandbox.database.sqlite.SQLiteDirectCursorDriver.query(Unknown Source)
05-22 14:56:09.804 W/SQLiteCursor( 3216): 	at com.pekall.sandbox.database.sqlite.SQLiteDatabase.rawQueryWithFactory(Unknown Source)
05-22 14:56:09.804 W/SQLiteCursor( 3216): 	at com.pekall.sandbox.database.sqlite.SQLiteQueryBuilder.query(Unknown Source)
05-22 14:56:09.804 W/SQLiteCursor( 3216): 	at com.pekall.emdm.contacts.db.SimpleContactsProvider.query(Unknown Source)
05-22 14:56:09.804 W/SQLiteCursor( 3216): 	at android.content.ContentProvider.query(ContentProvider.java:744)
05-22 14:56:09.804 W/SQLiteCursor( 3216): 	at android.content.ContentProvider$Transport.query(ContentProvider.java:199)
05-22 14:56:09.804 W/SQLiteCursor( 3216): 	at android.content.ContentResolver.query(ContentResolver.java:414)
05-22 14:56:09.804 W/SQLiteCursor( 3216): 	at android.content.ContentResolver.query(ContentResolver.java:357)
05-22 14:56:09.804 W/SQLiteCursor( 3216): 	at com.pekall.emdm.contacts.ui.DefaultContactBrowseListFragment.d(Unknown Source)
05-22 14:56:09.804 W/SQLiteCursor( 3216): 	at com.pekall.emdm.contacts.ui.DefaultContactBrowseListFragment.onClick(Unknown Source)
05-22 14:56:09.804 W/SQLiteCursor( 3216): 	at android.view.View.performClick(View.java:4240)
05-22 14:56:09.804 W/SQLiteCursor( 3216): 	at android.view.View$PerformClick.run(View.java:17721)
05-22 14:56:09.804 W/SQLiteCursor( 3216): 	at android.os.Handler.handleCallback(Handler.java:730)
05-22 14:56:09.804 W/SQLiteCursor( 3216): 	at android.os.Handler.dispatchMessage(Handler.java:92)
05-22 14:56:09.804 W/SQLiteCursor( 3216): 	at android.os.Looper.loop(Looper.java:137)
05-22 14:56:09.804 W/SQLiteCursor( 3216): 	at android.app.ActivityThread.main(ActivityThread.java:5103)
05-22 14:56:09.804 W/SQLiteCursor( 3216): 	at java.lang.reflect.Method.invokeNative(Native Method)
05-22 14:56:09.804 W/SQLiteCursor( 3216): 	at java.lang.reflect.Method.invoke(Method.java:525)
05-22 14:56:09.804 W/SQLiteCursor( 3216): 	at com.android.internal.os.ZygoteInit$MethodAndArgsCaller.run(ZygoteInit.java:737)
05-22 14:56:09.804 W/SQLiteCursor( 3216): 	at com.android.internal.os.ZygoteInit.main(ZygoteInit.java:553)
05-22 14:56:09.804 W/SQLiteCursor( 3216): 	at dalvik.system.NativeStart.main(Native Method)
05-22 14:56:09.804 W/CursorWrapperInner( 3216): Cursor finalized without prior close()
05-22 14:56:09.820 W/CursorWrapperInner( 3216): Cursor finalized without prior close()
05-22 14:56:09.820 W/SQLiteCursor( 3216): Finalizing a Cursor that has not been deactivated or closed. database = /data/data/com.pekall.emdm.launcher/databases/emdm_contacts.db, table = frequently_contacts, query = SELECT _id, company_id, number, date, name FROM frequently_contacts ORDER BY date DESC
05-22 14:56:09.820 W/SQLiteCursor( 3216): com.pekall.sandbox.database.sqlite.DatabaseObjectNotClosedException: Application did not close the cursor or database object that was opened here
05-22 14:56:09.820 W/SQLiteCursor( 3216): 	at com.pekall.sandbox.database.sqlite.SQLiteCursor.<init>(Unknown Source)
05-22 14:56:09.820 W/SQLiteCursor( 3216): 	at com.pekall.sandbox.database.sqlite.SQLiteDirectCursorDriver.query(Unknown Source)
05-22 14:56:09.820 W/SQLiteCursor( 3216): 	at com.pekall.sandbox.database.sqlite.SQLiteDatabase.rawQueryWithFactory(Unknown Source)
05-22 14:56:09.820 W/SQLiteCursor( 3216): 	at com.pekall.sandbox.database.sqlite.SQLiteQueryBuilder.query(Unknown Source)
05-22 14:56:09.820 W/SQLiteCursor( 3216): 	at com.pekall.emdm.contacts.db.SimpleContactsProvider.query(Unknown Source)
05-22 14:56:09.820 W/SQLiteCursor( 3216): 	at android.content.ContentProvider.query(ContentProvider.java:744)
05-22 14:56:09.820 W/SQLiteCursor( 3216): 	at android.content.ContentProvider$Transport.query(ContentProvider.java:199)
05-22 14:56:09.820 W/SQLiteCursor( 3216): 	at android.content.ContentResolver.query(ContentResolver.java:414)
05-22 14:56:09.820 W/SQLiteCursor( 3216): 	at android.content.ContentResolver.query(ContentResolver.java:357)
05-22 14:56:09.820 W/SQLiteCursor( 3216): 	at com.pekall.emdm.contacts.ui.n.a(Unknown Source)
05-22 14:56:09.820 W/SQLiteCursor( 3216): 	at com.pekall.emdm.contacts.ui.n.doInBackground(Unknown Source)
05-22 14:56:09.820 W/SQLiteCursor( 3216): 	at android.os.AsyncTask$2.call(AsyncTask.java:287)
05-22 14:56:09.820 W/SQLiteCursor( 3216): 	at java.util.concurrent.FutureTask.run(FutureTask.java:234)
05-22 14:56:09.820 W/SQLiteCursor( 3216): 	at android.os.AsyncTask$SerialExecutor$1.run(AsyncTask.java:230)
05-22 14:56:09.820 W/SQLiteCursor( 3216): 	at java.util.concurrent.ThreadPoolExecutor.runWorker(ThreadPoolExecutor.java:1080)
05-22 14:56:09.820 W/SQLiteCursor( 3216): 	at java.util.concurrent.ThreadPoolExecutor$Worker.run(ThreadPoolExecutor.java:573)
05-22 14:56:09.820 W/SQLiteCursor( 3216): 	at java.lang.Thread.run(Thread.java:841)
05-22 14:56:09.820 W/CursorWrapperInner( 3216): Cursor finalized without prior close()
05-22 14:56:10.351 D/DefaultContactBrowseListFragment( 3216): onDestroyView==============
05-22 14:56:10.359 D/AssistantCallLogFragment( 3216): [---null: -1---]onDestroyView==============
05-22 14:56:12.156 I/QueryController( 5213): Matched selector: UiSelector[TEXT=Personal Mode, CLASS=android.widget.TextView, PACKAGE NAME=com.pekall.emdm.launcher] <<==>> [android.view.accessibility.AccessibilityNodeInfo@39b87; boundsInParent: Rect(0, 0 - 160, 200); boundsInScreen: Rect(190, 608 - 350, 808); packageName: com.pekall.emdm.launcher; className: android.widget.TextView; text: Personal Mode; contentDescription: null; viewIdResName: null; checkable: false; checked: false; focusable: false; focused: false; selected: false; clickable: true; longClickable: true; enabled: true; password: false; scrollable: false; [ACTION_SELECT, ACTION_CLEAR_SELECTION, ACTION_CLICK, ACTION_LONG_CLICK, ACTION_ACCESSIBILITY_FOCUS, ACTION_NEXT_AT_MOVEMENT_GRANULARITY, ACTION_PREVIOUS_AT_MOVEMENT_GRANULARITY, ACTION_SET_SELECTION]]
05-22 14:56:12.163 D/dalvikvm( 5213): GC_CONCURRENT freed 409K, 75% free 616K/2432K, paused 1ms+0ms, total 6ms
05-22 14:56:12.171 I/QueryController( 5213): Matched selector: UiSelector[TEXT=EmdmContacts, CLASS=android.widget.TextView, PACKAGE NAME=com.pekall.emdm.launcher] <<==>> [android.view.accessibility.AccessibilityNodeInfo@3a309; boundsInParent: Rect(0, 0 - 160, 200); boundsInScreen: Rect(550, 608 - 710, 808); packageName: com.pekall.emdm.launcher; className: android.widget.TextView; text: EmdmContacts; contentDescription: null; viewIdResName: null; checkable: false; checked: false; focusable: false; focused: false; selected: false; clickable: true; longClickable: true; enabled: true; password: false; scrollable: false; [ACTION_SELECT, ACTION_CLEAR_SELECTION, ACTION_CLICK, ACTION_LONG_CLICK, ACTION_ACCESSIBILITY_FOCUS, ACTION_NEXT_AT_MOVEMENT_GRANULARITY, ACTION_PREVIOUS_AT_MOVEMENT_GRANULARITY, ACTION_SET_SELECTION]]
05-22 14:56:12.187 I/QueryController( 5213): Matched selector: UiSelector[TEXT=EmdmContacts, CLASS=android.widget.TextView, PACKAGE NAME=com.pekall.emdm.launcher] <<==>> [android.view.accessibility.AccessibilityNodeInfo@3a309; boundsInParent: Rect(0, 0 - 160, 200); boundsInScreen: Rect(550, 608 - 710, 808); packageName: com.pekall.emdm.launcher; className: android.widget.TextView; text: EmdmContacts; contentDescription: null; viewIdResName: null; checkable: false; checked: false; focusable: false; focused: false; selected: false; clickable: true; longClickable: true; enabled: true; password: false; scrollable: false; [ACTION_SELECT, ACTION_CLEAR_SELECTION, ACTION_CLICK, ACTION_LONG_CLICK, ACTION_ACCESSIBILITY_FOCUS, ACTION_NEXT_AT_MOVEMENT_GRANULARITY, ACTION_PREVIOUS_AT_MOVEMENT_GRANULARITY, ACTION_SET_SELECTION]]
05-22 14:56:12.195 I/QueryController( 5213): Matched selector: UiSelector[TEXT=EmdmContacts, CLASS=android.widget.TextView, PACKAGE NAME=com.pekall.emdm.launcher] <<==>> [android.view.accessibility.AccessibilityNodeInfo@3a309; boundsInParent: Rect(0, 0 - 160, 200); boundsInScreen: Rect(550, 608 - 710, 808); packageName: com.pekall.emdm.launcher; className: android.widget.TextView; text: EmdmContacts; contentDescription: null; viewIdResName: null; checkable: false; checked: false; focusable: false; focused: false; selected: false; clickable: true; longClickable: true; enabled: true; password: false; scrollable: false; [ACTION_SELECT, ACTION_CLEAR_SELECTION, ACTION_CLICK, ACTION_LONG_CLICK, ACTION_ACCESSIBILITY_FOCUS, ACTION_NEXT_AT_MOVEMENT_GRANULARITY, ACTION_PREVIOUS_AT_MOVEMENT_GRANULARITY, ACTION_SET_SELECTION]]
05-22 14:56:12.195 D/UiObject( 5213): getText() = EmdmContacts
05-22 14:56:12.202 I/QueryController( 5213): Matched selector: UiSelector[TEXT=EmdmContacts, CLASS=android.widget.TextView, PACKAGE NAME=com.pekall.emdm.launcher] <<==>> [android.view.accessibility.AccessibilityNodeInfo@3a309; boundsInParent: Rect(0, 0 - 160, 200); boundsInScreen: Rect(550, 608 - 710, 808); packageName: com.pekall.emdm.launcher; className: android.widget.TextView; text: EmdmContacts; contentDescription: null; viewIdResName: null; checkable: false; checked: false; focusable: false; focused: false; selected: false; clickable: true; longClickable: true; enabled: true; password: false; scrollable: false; [ACTION_SELECT, ACTION_CLEAR_SELECTION, ACTION_CLICK, ACTION_LONG_CLICK, ACTION_ACCESSIBILITY_FOCUS, ACTION_NEXT_AT_MOVEMENT_GRANULARITY, ACTION_PREVIOUS_AT_MOVEMENT_GRANULARITY, ACTION_SET_SELECTION]]
05-22 14:56:12.210 I/QueryController( 5213): Matched selector: UiSelector[TEXT=EmdmContacts, CLASS=android.widget.TextView, PACKAGE NAME=com.pekall.emdm.launcher] <<==>> [android.view.accessibility.AccessibilityNodeInfo@3a309; boundsInParent: Rect(0, 0 - 160, 200); boundsInScreen: Rect(550, 608 - 710, 808); packageName: com.pekall.emdm.launcher; className: android.widget.TextView; text: EmdmContacts; contentDescription: null; viewIdResName: null; checkable: false; checked: false; focusable: false; focused: false; selected: false; clickable: true; longClickable: true; enabled: true; password: false; scrollable: false; [ACTION_SELECT, ACTION_CLEAR_SELECTION, ACTION_CLICK, ACTION_LONG_CLICK, ACTION_ACCESSIBILITY_FOCUS, ACTION_NEXT_AT_MOVEMENT_GRANULARITY, ACTION_PREVIOUS_AT_MOVEMENT_GRANULARITY, ACTION_SET_SELECTION]]
05-22 14:56:12.210 D/InteractionController( 5213): clickAndWaitForNewWindow(630, 708)
