05-22 14:55:15.616 D/LauncherApplication( 3216): [null:-1]->onActivityPaused
05-22 14:55:15.624 D/LauncherApplication( 3216): [null:-1]->onActivityPaused  updateTime
05-22 14:55:15.632 V/LauncherApplication( 3216): onActivityStarted
05-22 14:55:15.632 D/        ( 3216): [---null: -1---]     awsa  onActivityResumed
05-22 14:55:15.632 V/LauncherApplication( 3216): 2MdmConstant.LAST_LAUNCH_TIME = 1400741715637
05-22 14:55:15.640 D/        ( 3216): [---null: -1---]  activity = com.pekall.emdm.launcher.Launcher
05-22 14:55:15.640 V/DefultSetContriller( 3216): isLauncherDf = com.pekall.emdm.launcher
05-22 14:55:15.640 V/DefultSetContriller( 3216): isLauncherDf = com.pekall.emdm.launcher
05-22 14:55:15.648 V/DefultSetContriller( 3216): isPhoneDf = com.pekall.emdm.launcher
05-22 14:55:15.648 E/LauncherApplication( 3216): isShowLogoutUI = true
05-22 14:55:15.648 E/LauncherApplication( 3216): LogoutShowTime 1
05-22 14:55:15.648 V/Launcher( 3216): onResume1111111 
05-22 14:55:15.648 V/Launcher( 3216): is login ----> 
05-22 14:55:15.648 I/System.out( 3216):  
05-22 14:55:15.648 I/System.out( 3216): com.pekall.emdm.launcher.Workspace.setWallpaper(Unknown Source)
05-22 14:55:15.648 I/System.out( 3216): com.pekall.emdm.launcher.Launcher.onResume(Unknown Source)
05-22 14:55:15.648 I/System.out( 3216): android.app.Instrumentation.callActivityOnResume(Instrumentation.java:1192)
05-22 14:55:15.648 I/System.out( 3216): android.app.Activity.performResume(Activity.java:5211)
05-22 14:55:15.648 I/System.out( 3216): android.app.ActivityThread.performResumeActivity(ActivityThread.java:2780)
05-22 14:55:15.648 I/System.out( 3216): android.app.ActivityThread.handleResumeActivity(ActivityThread.java:2819)
05-22 14:55:15.648 I/System.out( 3216): android.app.ActivityThread$H.handleMessage(ActivityThread.java:1298)
05-22 14:55:15.648 I/System.out( 3216): android.os.Handler.dispatchMessage(Handler.java:99)
05-22 14:55:15.648 I/System.out( 3216): android.os.Looper.loop(Looper.java:137)
05-22 14:55:15.648 I/System.out( 3216): android.app.ActivityThread.main(ActivityThread.java:5103)
05-22 14:55:15.648 I/System.out( 3216): java.lang.reflect.Method.invokeNative(Native Method)
05-22 14:55:15.648 I/System.out( 3216): java.lang.reflect.Method.invoke(Method.java:525)
05-22 14:55:15.648 I/System.out( 3216): com.android.internal.os.ZygoteInit$MethodAndArgsCaller.run(ZygoteInit.java:737)
05-22 14:55:15.648 I/System.out( 3216): com.android.internal.os.ZygoteInit.main(ZygoteInit.java:553)
05-22 14:55:15.648 I/System.out( 3216): dalvik.system.NativeStart.main(Native Method)
05-22 14:55:15.663 D/dalvikvm(  450): GC_FOR_ALLOC freed 963K, 16% free 12674K/14964K, paused 32ms, total 36ms
05-22 14:55:15.906 D/dalvikvm( 3216): JIT unchain all for threadid=11
05-22 14:55:15.960 D/dalvikvm( 3216): GC_FOR_ALLOC freed 4068K, 24% free 31930K/41968K, paused 306ms, total 306ms
05-22 14:55:15.968 I/dalvikvm-heap( 3216): Grow heap (frag case) to 34.540MB for 3415696-byte allocation
05-22 14:55:16.218 D/dalvikvm( 3216): JIT unchain all for threadid=11
05-22 14:55:16.273 D/dalvikvm( 3216): GC_FOR_ALLOC freed 14K, 23% free 35251K/45304K, paused 303ms, total 303ms
05-22 14:55:16.296 W/SQLiteCursor( 3216): Finalizing a Cursor that has not been deactivated or closed. database = /data/data/com.pekall.emdm.launcher/databases/emdm_contacts.db, table = company_calllogs, query = SELECT _id, number, date, duration, type, name, numbertype, numberlabel, company_calllogs_id, company_calllogs_department, company_id FROM company_calllogs ORDER BY date DESC
05-22 14:55:16.296 W/SQLiteCursor( 3216): com.pekall.sandbox.database.sqlite.DatabaseObjectNotClosedException: Application did not close the cursor or database object that was opened here
05-22 14:55:16.296 W/SQLiteCursor( 3216): 	at com.pekall.sandbox.database.sqlite.SQLiteCursor.<init>(Unknown Source)
05-22 14:55:16.296 W/SQLiteCursor( 3216): 	at com.pekall.sandbox.database.sqlite.SQLiteDirectCursorDriver.query(Unknown Source)
05-22 14:55:16.296 W/SQLiteCursor( 3216): 	at com.pekall.sandbox.database.sqlite.SQLiteDatabase.rawQueryWithFactory(Unknown Source)
05-22 14:55:16.296 W/SQLiteCursor( 3216): 	at com.pekall.sandbox.database.sqlite.SQLiteQueryBuilder.query(Unknown Source)
05-22 14:55:16.296 W/SQLiteCursor( 3216): 	at com.pekall.emdm.contacts.db.SimpleContactsProvider.query(Unknown Source)
05-22 14:55:16.296 W/SQLiteCursor( 3216): 	at android.content.ContentProvider.query(ContentProvider.java:744)
05-22 14:55:16.296 W/SQLiteCursor( 3216): 	at android.content.ContentProvider$Transport.query(ContentProvider.java:199)
05-22 14:55:16.296 W/SQLiteCursor( 3216): 	at android.content.ContentResolver.query(ContentResolver.java:414)
05-22 14:55:16.296 W/SQLiteCursor( 3216): 	at android.content.ContentResolver.query(ContentResolver.java:357)
05-22 14:55:16.296 W/SQLiteCursor( 3216): 	at android.content.AsyncQueryHandler$WorkerHandler.handleMessage(AsyncQueryHandler.java:79)
05-22 14:55:16.296 W/SQLiteCursor( 3216): 	at com.pekall.emdm.contacts.calllog.p.handleMessage(Unknown Source)
05-22 14:55:16.296 W/SQLiteCursor( 3216): 	at android.os.Handler.dispatchMessage(Handler.java:99)
05-22 14:55:16.296 W/SQLiteCursor( 3216): 	at android.os.Looper.loop(Looper.java:137)
05-22 14:55:16.296 W/SQLiteCursor( 3216): 	at android.os.HandlerThread.run(HandlerThread.java:61)
05-22 14:55:16.296 W/CursorWrapperInner( 3216): Cursor finalized without prior close()
05-22 14:55:16.296 W/SQLiteCursor( 3216): Finalizing a Cursor that has not been deactivated or closed. database = /data/data/com.pekall.emdm.launcher/databases/emdm_contacts.db, table = contacts, query = SELECT * FROM contacts ORDER BY sort_key  asc
05-22 14:55:16.296 W/SQLiteCursor( 3216): com.pekall.sandbox.database.sqlite.DatabaseObjectNotClosedException: Application did not close the cursor or database object that was opened here
05-22 14:55:16.296 W/SQLiteCursor( 3216): 	at com.pekall.sandbox.database.sqlite.SQLiteCursor.<init>(Unknown Source)
05-22 14:55:16.296 W/SQLiteCursor( 3216): 	at com.pekall.sandbox.database.sqlite.SQLiteDirectCursorDriver.query(Unknown Source)
05-22 14:55:16.296 W/SQLiteCursor( 3216): 	at com.pekall.sandbox.database.sqlite.SQLiteDatabase.rawQueryWithFactory(Unknown Source)
05-22 14:55:16.296 W/SQLiteCursor( 3216): 	at com.pekall.sandbox.database.sqlite.SQLiteQueryBuilder.query(Unknown Source)
05-22 14:55:16.296 W/SQLiteCursor( 3216): 	at com.pekall.emdm.contacts.db.SimpleContactsProvider.query(Unknown Source)
05-22 14:55:16.296 W/SQLiteCursor( 3216): 	at android.content.ContentProvider.query(ContentProvider.java:744)
05-22 14:55:16.296 W/SQLiteCursor( 3216): 	at android.content.ContentProvider$Transport.query(ContentProvider.java:199)
05-22 14:55:16.296 W/SQLiteCursor( 3216): 	at android.content.ContentResolver.query(ContentResolver.java:414)
05-22 14:55:16.296 W/SQLiteCursor( 3216): 	at android.content.ContentResolver.query(ContentResolver.java:357)
05-22 14:55:16.296 W/SQLiteCursor( 3216): 	at com.pekall.emdm.contacts.ui.DefaultContactBrowseListFragment.d(Unknown Source)
05-22 14:55:16.296 W/SQLiteCursor( 3216): 	at com.pekall.emdm.contacts.ui.DefaultContactBrowseListFragment.onClick(Unknown Source)
05-22 14:55:16.296 W/SQLiteCursor( 3216): 	at android.view.View.performClick(View.java:4240)
05-22 14:55:16.296 W/SQLiteCursor( 3216): 	at android.view.View$PerformClick.run(View.java:17721)
05-22 14:55:16.296 W/SQLiteCursor( 3216): 	at android.os.Handler.handleCallback(Handler.java:730)
05-22 14:55:16.296 W/SQLiteCursor( 3216): 	at android.os.Handler.dispatchMessage(Handler.java:92)
05-22 14:55:16.296 W/SQLiteCursor( 3216): 	at android.os.Looper.loop(Looper.java:137)
05-22 14:55:16.296 W/SQLiteCursor( 3216): 	at android.app.ActivityThread.main(ActivityThread.java:5103)
05-22 14:55:16.296 W/SQLiteCursor( 3216): 	at java.lang.reflect.Method.invokeNative(Native Method)
05-22 14:55:16.296 W/SQLiteCursor( 3216): 	at java.lang.reflect.Method.invoke(Method.java:525)
05-22 14:55:16.296 W/SQLiteCursor( 3216): 	at com.android.internal.os.ZygoteInit$MethodAndArgsCaller.run(ZygoteInit.java:737)
05-22 14:55:16.296 W/SQLiteCursor( 3216): 	at com.android.internal.os.ZygoteInit.main(ZygoteInit.java:553)
05-22 14:55:16.296 W/SQLiteCursor( 3216): 	at dalvik.system.NativeStart.main(Native Method)
05-22 14:55:16.296 W/CursorWrapperInner( 3216): Cursor finalized without prior close()
05-22 14:55:16.304 W/CursorWrapperInner( 3216): Cursor finalized without prior close()
05-22 14:55:16.312 W/SQLiteCursor( 3216): Finalizing a Cursor that has not been deactivated or closed. database = /data/data/com.pekall.emdm.launcher/databases/emdm_contacts.db, table = frequently_contacts, query = SELECT _id, company_id, number, date, name FROM frequently_contacts ORDER BY date DESC
05-22 14:55:16.312 W/SQLiteCursor( 3216): com.pekall.sandbox.database.sqlite.DatabaseObjectNotClosedException: Application did not close the cursor or database object that was opened here
05-22 14:55:16.312 W/SQLiteCursor( 3216): 	at com.pekall.sandbox.database.sqlite.SQLiteCursor.<init>(Unknown Source)
05-22 14:55:16.312 W/SQLiteCursor( 3216): 	at com.pekall.sandbox.database.sqlite.SQLiteDirectCursorDriver.query(Unknown Source)
05-22 14:55:16.312 W/SQLiteCursor( 3216): 	at com.pekall.sandbox.database.sqlite.SQLiteDatabase.rawQueryWithFactory(Unknown Source)
05-22 14:55:16.312 W/SQLiteCursor( 3216): 	at com.pekall.sandbox.database.sqlite.SQLiteQueryBuilder.query(Unknown Source)
05-22 14:55:16.312 W/SQLiteCursor( 3216): 	at com.pekall.emdm.contacts.db.SimpleContactsProvider.query(Unknown Source)
05-22 14:55:16.312 W/SQLiteCursor( 3216): 	at android.content.ContentProvider.query(ContentProvider.java:744)
05-22 14:55:16.312 W/SQLiteCursor( 3216): 	at android.content.ContentProvider$Transport.query(ContentProvider.java:199)
05-22 14:55:16.312 W/SQLiteCursor( 3216): 	at android.content.ContentResolver.query(ContentResolver.java:414)
05-22 14:55:16.312 W/SQLiteCursor( 3216): 	at android.content.ContentResolver.query(ContentResolver.java:357)
05-22 14:55:16.312 W/SQLiteCursor( 3216): 	at com.pekall.emdm.contacts.ui.n.a(Unknown Source)
05-22 14:55:16.312 W/SQLiteCursor( 3216): 	at com.pekall.emdm.contacts.ui.n.doInBackground(Unknown Source)
05-22 14:55:16.312 W/SQLiteCursor( 3216): 	at android.os.AsyncTask$2.call(AsyncTask.java:287)
05-22 14:55:16.312 W/SQLiteCursor( 3216): 	at java.util.concurrent.FutureTask.run(FutureTask.java:234)
05-22 14:55:16.312 W/SQLiteCursor( 3216): 	at android.os.AsyncTask$SerialExecutor$1.run(AsyncTask.java:230)
05-22 14:55:16.312 W/SQLiteCursor( 3216): 	at java.util.concurrent.ThreadPoolExecutor.runWorker(ThreadPoolExecutor.java:1080)
05-22 14:55:16.312 W/SQLiteCursor( 3216): 	at java.util.concurrent.ThreadPoolExecutor$Worker.run(ThreadPoolExecutor.java:573)
05-22 14:55:16.312 W/SQLiteCursor( 3216): 	at java.lang.Thread.run(Thread.java:841)
05-22 14:55:16.312 W/CursorWrapperInner( 3216): Cursor finalized without prior close()
05-22 14:55:16.382 I/Choreographer( 3216): Skipped 43 frames!  The application may be doing too much work on its main thread.
05-22 14:55:16.835 D/DefaultContactBrowseListFragment( 3216): onDestroyView==============
05-22 14:55:16.843 D/AssistantCallLogFragment( 3216): [---null: -1---]onDestroyView==============
05-22 14:55:18.609 I/QueryController( 5213): Matched selector: UiSelector[TEXT=Personal Mode, CLASS=android.widget.TextView, PACKAGE NAME=com.pekall.emdm.launcher] <<==>> [android.view.accessibility.AccessibilityNodeInfo@39b87; boundsInParent: Rect(0, 0 - 160, 200); boundsInScreen: Rect(190, 608 - 350, 808); packageName: com.pekall.emdm.launcher; className: android.widget.TextView; text: Personal Mode; contentDescription: null; viewIdResName: null; checkable: false; checked: false; focusable: false; focused: false; selected: false; clickable: true; longClickable: true; enabled: true; password: false; scrollable: false; [ACTION_SELECT, ACTION_CLEAR_SELECTION, ACTION_CLICK, ACTION_LONG_CLICK, ACTION_ACCESSIBILITY_FOCUS, ACTION_NEXT_AT_MOVEMENT_GRANULARITY, ACTION_PREVIOUS_AT_MOVEMENT_GRANULARITY, ACTION_SET_SELECTION]]
05-22 14:55:18.616 I/QueryController( 5213): Matched selector: UiSelector[TEXT=EmdmContacts, CLASS=android.widget.TextView, PACKAGE NAME=com.pekall.emdm.launcher] <<==>> [android.view.accessibility.AccessibilityNodeInfo@3a309; boundsInParent: Rect(0, 0 - 160, 200); boundsInScreen: Rect(550, 608 - 710, 808); packageName: com.pekall.emdm.launcher; className: android.widget.TextView; text: EmdmContacts; contentDescription: null; viewIdResName: null; checkable: false; checked: false; focusable: false; focused: false; selected: false; clickable: true; longClickable: true; enabled: true; password: false; scrollable: false; [ACTION_SELECT, ACTION_CLEAR_SELECTION, ACTION_CLICK, ACTION_LONG_CLICK, ACTION_ACCESSIBILITY_FOCUS, ACTION_NEXT_AT_MOVEMENT_GRANULARITY, ACTION_PREVIOUS_AT_MOVEMENT_GRANULARITY, ACTION_SET_SELECTION]]
05-22 14:55:18.632 I/QueryController( 5213): Matched selector: UiSelector[TEXT=EmdmContacts, CLASS=android.widget.TextView, PACKAGE NAME=com.pekall.emdm.launcher] <<==>> [android.view.accessibility.AccessibilityNodeInfo@3a309; boundsInParent: Rect(0, 0 - 160, 200); boundsInScreen: Rect(550, 608 - 710, 808); packageName: com.pekall.emdm.launcher; className: android.widget.TextView; text: EmdmContacts; contentDescription: null; viewIdResName: null; checkable: false; checked: false; focusable: false; focused: false; selected: false; clickable: true; longClickable: true; enabled: true; password: false; scrollable: false; [ACTION_SELECT, ACTION_CLEAR_SELECTION, ACTION_CLICK, ACTION_LONG_CLICK, ACTION_ACCESSIBILITY_FOCUS, ACTION_NEXT_AT_MOVEMENT_GRANULARITY, ACTION_PREVIOUS_AT_MOVEMENT_GRANULARITY, ACTION_SET_SELECTION]]
05-22 14:55:18.640 I/QueryController( 5213): Matched selector: UiSelector[TEXT=EmdmContacts, CLASS=android.widget.TextView, PACKAGE NAME=com.pekall.emdm.launcher] <<==>> [android.view.accessibility.AccessibilityNodeInfo@3a309; boundsInParent: Rect(0, 0 - 160, 200); boundsInScreen: Rect(550, 608 - 710, 808); packageName: com.pekall.emdm.launcher; className: android.widget.TextView; text: EmdmContacts; contentDescription: null; viewIdResName: null; checkable: false; checked: false; focusable: false; focused: false; selected: false; clickable: true; longClickable: true; enabled: true; password: false; scrollable: false; [ACTION_SELECT, ACTION_CLEAR_SELECTION, ACTION_CLICK, ACTION_LONG_CLICK, ACTION_ACCESSIBILITY_FOCUS, ACTION_NEXT_AT_MOVEMENT_GRANULARITY, ACTION_PREVIOUS_AT_MOVEMENT_GRANULARITY, ACTION_SET_SELECTION]]
05-22 14:55:18.640 D/UiObject( 5213): getText() = EmdmContacts
05-22 14:55:18.656 I/QueryController( 5213): Matched selector: UiSelector[TEXT=EmdmContacts, CLASS=android.widget.TextView, PACKAGE NAME=com.pekall.emdm.launcher] <<==>> [android.view.accessibility.AccessibilityNodeInfo@3a309; boundsInParent: Rect(0, 0 - 160, 200); boundsInScreen: Rect(550, 608 - 710, 808); packageName: com.pekall.emdm.launcher; className: android.widget.TextView; text: EmdmContacts; contentDescription: null; viewIdResName: null; checkable: false; checked: false; focusable: false; focused: false; selected: false; clickable: true; longClickable: true; enabled: true; password: false; scrollable: false; [ACTION_SELECT, ACTION_CLEAR_SELECTION, ACTION_CLICK, ACTION_LONG_CLICK, ACTION_ACCESSIBILITY_FOCUS, ACTION_NEXT_AT_MOVEMENT_GRANULARITY, ACTION_PREVIOUS_AT_MOVEMENT_GRANULARITY, ACTION_SET_SELECTION]]
05-22 14:55:18.663 I/QueryController( 5213): Matched selector: UiSelector[TEXT=EmdmContacts, CLASS=android.widget.TextView, PACKAGE NAME=com.pekall.emdm.launcher] <<==>> [android.view.accessibility.AccessibilityNodeInfo@3a309; boundsInParent: Rect(0, 0 - 160, 200); boundsInScreen: Rect(550, 608 - 710, 808); packageName: com.pekall.emdm.launcher; className: android.widget.TextView; text: EmdmContacts; contentDescription: null; viewIdResName: null; checkable: false; checked: false; focusable: false; focused: false; selected: false; clickable: true; longClickable: true; enabled: true; password: false; scrollable: false; [ACTION_SELECT, ACTION_CLEAR_SELECTION, ACTION_CLICK, ACTION_LONG_CLICK, ACTION_ACCESSIBILITY_FOCUS, ACTION_NEXT_AT_MOVEMENT_GRANULARITY, ACTION_PREVIOUS_AT_MOVEMENT_GRANULARITY, ACTION_SET_SELECTION]]
05-22 14:55:18.663 D/InteractionController( 5213): clickAndWaitForNewWindow(630, 708)
05-22 14:55:18.804 W/Parcel  (  802): Attempt to read object from Parcel 0x5ed47dac at offset 200 that is not in the object list
05-22 14:55:18.804 I/ActivityManager(  375): START u0 {flg=0x10000000 cmp=com.pekall.emdm.launcher/com.pekall.emdm.contacts.activities.PeopleActivity} from pid 3216
05-22 14:55:18.913 D/dalvikvm(  375): GC_FOR_ALLOC freed 830K, 16% free 18243K/21608K, paused 67ms, total 68ms
05-22 14:55:18.921 D/LauncherApplication( 3216): [null:-1]->onActivityPaused
05-22 14:55:18.929 D/LauncherApplication( 3216): [null:-1]->onActivityPaused  updateTime
05-22 14:55:18.937 W/Parcel  (  802): Attempt to read object from Parcel 0x5dfdfdac at offset 200 that is not in the object list
05-22 14:55:18.937 I/ActivityManager(  375): START u0 {cmp=com.pekall.emdm.launcher/com.pekall.emdm.contacts.activities.DialtactsActivity (has extras)} from pid 3216
05-22 14:55:18.968 V/LauncherApplication( 3216): onActivityStarted
05-22 14:55:18.968 D/        ( 3216): [---null: -1---]     awsa  onActivityResumed
05-22 14:55:18.968 V/LauncherApplication( 3216): 2MdmConstant.LAST_LAUNCH_TIME = 1400741718935
05-22 14:55:18.968 D/        ( 3216): [---null: -1---]  activity = com.pekall.emdm.contacts.activities.DialtactsActivity
05-22 14:55:18.976 V/DefultSetContriller( 3216): isLauncherDf = com.pekall.emdm.launcher
05-22 14:55:18.976 V/DefultSetContriller( 3216): isPhoneDf = com.pekall.emdm.launcher
05-22 14:55:18.976 E/LauncherApplication( 3216): isShowLogoutUI = true
05-22 14:55:18.976 E/LauncherApplication( 3216): LogoutShowTime 1
05-22 14:55:19.007 D/ContactsProvider( 3216): [Contacts] query 'content://emdmcontacts/contacts', segment size: 1
05-22 14:55:19.023 I/ContactPhotoManager( 3216): Cache adj: 0.5
05-22 14:55:19.023 E/ContactPhotoManager( 3216): No contact photo service in context: com.pekall.emdm.launcher.LauncherApplication@42244168
05-22 14:55:19.085 V/PhoneStatusBar(  450): setLightsOn(true)
05-22 14:55:19.124 D/ContactsProvider( 3216): [Contacts] query 'content://emdmcontacts/frequently_contacts', segment size: 1
05-22 14:55:19.124 D/ContactsProvider( 3216): [Contacts] query 'content://emdmcontacts/company_calllogs', segment size: 1
05-22 14:55:19.171 D/ContactsProvider( 3216): [Contacts] query 'content://emdmcontacts/contacts', segment size: 1
05-22 14:55:19.187 I/ActivityManager(  375): Displayed com.pekall.emdm.launcher/com.pekall.emdm.contacts.activities.DialtactsActivity: +246ms (total +262ms)
05-22 14:55:19.866 I/QueryController( 5213): Matched selector: UiSelector[TEXT=company, CLASS=android.widget.TextView, PACKAGE NAME=com.pekall.emdm.launcher] <<==>> [android.view.accessibility.AccessibilityNodeInfo@23e619; boundsInParent: Rect(0, 0 - 345, 53); boundsInScreen: Rect(20, 1111 - 365, 1164); packageName: com.pekall.emdm.launcher; className: android.widget.TextView; text: company; contentDescription: null; viewIdResName: com.pekall.emdm.launcher:id/call_company; checkable: false; checked: false; focusable: false; focused: false; selected: true; clickable: true; longClickable: false; enabled: true; password: false; scrollable: false; [ACTION_SELECT, ACTION_CLEAR_SELECTION, ACTION_CLICK, ACTION_ACCESSIBILITY_FOCUS, ACTION_NEXT_AT_MOVEMENT_GRANULARITY, ACTION_PREVIOUS_AT_MOVEMENT_GRANULARITY, ACTION_SET_SELECTION]]
05-22 14:55:19.898 I/QueryController( 5213): Matched selector: UiSelector[TEXT=company, CLASS=android.widget.TextView, PACKAGE NAME=com.pekall.emdm.launcher] <<==>> [android.view.accessibility.AccessibilityNodeInfo@23e619; boundsInParent: Rect(0, 0 - 345, 53); boundsInScreen: Rect(20, 1111 - 365, 1164); packageName: com.pekall.emdm.launcher; className: android.widget.TextView; text: company; contentDescription: null; viewIdResName: com.pekall.emdm.launcher:id/call_company; checkable: false; checked: false; focusable: false; focused: false; selected: true; clickable: true; longClickable: false; enabled: true; password: false; scrollable: false; [ACTION_SELECT, ACTION_CLEAR_SELECTION, ACTION_CLICK, ACTION_ACCESSIBILITY_FOCUS, ACTION_NEXT_AT_MOVEMENT_GRANULARITY, ACTION_PREVIOUS_AT_MOVEMENT_GRANULARITY, ACTION_SET_SELECTION]]
05-22 14:55:19.898 D/UiObject( 5213): getText() = company
05-22 14:55:19.921 I/QueryController( 5213): Matched selector: UiSelector[TEXT=company, CLASS=android.widget.TextView, PACKAGE NAME=com.pekall.emdm.launcher] <<==>> [android.view.accessibility.AccessibilityNodeInfo@23e619; boundsInParent: Rect(0, 0 - 345, 53); boundsInScreen: Rect(20, 1111 - 365, 1164); packageName: com.pekall.emdm.launcher; className: android.widget.TextView; text: company; contentDescription: null; viewIdResName: com.pekall.emdm.launcher:id/call_company; checkable: false; checked: false; focusable: false; focused: false; selected: true; clickable: true; longClickable: false; enabled: true; password: false; scrollable: false; [ACTION_SELECT, ACTION_CLEAR_SELECTION, ACTION_CLICK, ACTION_ACCESSIBILITY_FOCUS, ACTION_NEXT_AT_MOVEMENT_GRANULARITY, ACTION_PREVIOUS_AT_MOVEMENT_GRANULARITY, ACTION_SET_SELECTION]]
05-22 14:55:19.937 I/QueryController( 5213): Matched selector: UiSelector[TEXT=company, CLASS=android.widget.TextView, PACKAGE NAME=com.pekall.emdm.launcher] <<==>> [android.view.accessibility.AccessibilityNodeInfo@23e619; boundsInParent: Rect(0, 0 - 345, 53); boundsInScreen: Rect(20, 1111 - 365, 1164); packageName: com.pekall.emdm.launcher; className: android.widget.TextView; text: company; contentDescription: null; viewIdResName: com.pekall.emdm.launcher:id/call_company; checkable: false; checked: false; focusable: false; focused: false; selected: true; clickable: true; longClickable: false; enabled: true; password: false; scrollable: false; [ACTION_SELECT, ACTION_CLEAR_SELECTION, ACTION_CLICK, ACTION_ACCESSIBILITY_FOCUS, ACTION_NEXT_AT_MOVEMENT_GRANULARITY, ACTION_PREVIOUS_AT_MOVEMENT_GRANULARITY, ACTION_SET_SELECTION]]
05-22 14:55:19.937 D/InteractionController( 5213): clickAndWaitForNewWindow(192, 1137)
05-22 14:55:20.046 D/ContactsProvider( 3216): [Contacts] query 'content://emdmcontacts/contacts', segment size: 1
05-22 14:55:23.046 W/InteractionController( 5213): runAndwaitForEvent timedout waiting for events
05-22 14:55:23.062 I/QueryController( 5213): Matched selector: UiSelector[CLASS=android.widget.ImageView, INDEX=2] <<==>> [android.view.accessibility.AccessibilityNodeInfo@234c30; boundsInParent: Rect(0, 0 - 240, 50); boundsInScreen: Rect(480, 73 - 720, 123); packageName: com.pekall.emdm.launcher; className: android.widget.ImageView; text: null; contentDescription: null; viewIdResName: com.pekall.emdm.launcher:id/thrid; checkable: false; checked: false; focusable: false; focused: false; selected: false; clickable: true; longClickable: false; enabled: true; password: false; scrollable: false; [ACTION_SELECT, ACTION_CLEAR_SELECTION, ACTION_CLICK, ACTION_ACCESSIBILITY_FOCUS]]
05-22 14:55:23.070 D/InteractionController( 5213): clickAndWaitForNewWindow(600, 98)
05-22 14:55:26.171 W/InteractionController( 5213): runAndwaitForEvent timedout waiting for events
05-22 14:55:26.288 I/QueryController( 5213): Matched selector: UiSelector[TEXT=company, CLASS=android.widget.TextView, PACKAGE NAME=com.pekall.emdm.launcher] <<==>> [android.view.accessibility.AccessibilityNodeInfo@23e619; boundsInParent: Rect(0, 0 - 345, 53); boundsInScreen: Rect(20, 1111 - 365, 1164); packageName: com.pekall.emdm.launcher; className: android.widget.TextView; text: company; contentDescription: null; viewIdResName: com.pekall.emdm.launcher:id/call_company; checkable: false; checked: false; focusable: false; focused: false; selected: true; clickable: true; longClickable: false; enabled: true; password: false; scrollable: false; [ACTION_SELECT, ACTION_CLEAR_SELECTION, ACTION_CLICK, ACTION_ACCESSIBILITY_FOCUS, ACTION_NEXT_AT_MOVEMENT_GRANULARITY, ACTION_PREVIOUS_AT_MOVEMENT_GRANULARITY, ACTION_SET_SELECTION]]
05-22 14:55:26.304 I/QueryController( 5213): Matched selector: UiSelector[PACKAGE NAME=com.pekall.emdm.launcher] <<==>> [android.view.accessibility.AccessibilityNodeInfo@2313e1; boundsInParent: Rect(0, 0 - 720, 1184); boundsInScreen: Rect(0, 0 - 720, 1184); packageName: com.pekall.emdm.launcher; className: android.widget.FrameLayout; text: null; contentDescription: null; viewIdResName: null; checkable: false; checked: false; focusable: false; focused: false; selected: false; clickable: false; longClickable: false; enabled: true; password: false; scrollable: false; [ACTION_SELECT, ACTION_CLEAR_SELECTION, ACTION_ACCESSIBILITY_FOCUS]]
05-22 14:55:26.343 I/QueryController( 5213): Matched selector: UiSelector[PACKAGE NAME=com.pekall.emdm.launcher] <<==>> [android.view.accessibility.AccessibilityNodeInfo@2313e1; boundsInParent: Rect(0, 0 - 720, 1184); boundsInScreen: Rect(0, 0 - 720, 1184); packageName: com.pekall.emdm.launcher; className: android.widget.FrameLayout; text: null; contentDescription: null; viewIdResName: null; checkable: false; checked: false; focusable: false; focused: false; selected: false; clickable: false; longClickable: false; enabled: true; password: false; scrollable: false; [ACTION_SELECT, ACTION_CLEAR_SELECTION, ACTION_ACCESSIBILITY_FOCUS]]
05-22 14:55:26.374 I/ActivityManager(  375): START u0 {act=android.intent.action.MAIN cat=[android.intent.category.HOME] flg=0x10200000 cmp=com.pekall.emdm.launcher/.Launcher} from pid 375
05-22 14:55:26.460 D/dalvikvm(  375): GC_FOR_ALLOC freed 1587K, 19% free 17507K/21608K, paused 53ms, total 53ms
05-22 14:55:26.468 D/LauncherApplication( 3216): [null:-1]->onActivityPaused
05-22 14:55:26.476 D/LauncherApplication( 3216): [null:-1]->onActivityPaused  updateTime
05-22 14:55:26.491 V/LauncherApplication( 3216): onActivityStarted
05-22 14:55:26.491 D/        ( 3216): [---null: -1---]     awsa  onActivityResumed
05-22 14:55:26.491 V/LauncherApplication( 3216): 2MdmConstant.LAST_LAUNCH_TIME = 1400741726482
05-22 14:55:26.499 D/        ( 3216): [---null: -1---]  activity = com.pekall.emdm.launcher.Launcher
05-22 14:55:26.499 V/DefultSetContriller( 3216): isLauncherDf = com.pekall.emdm.launcher
05-22 14:55:26.507 V/DefultSetContriller( 3216): isLauncherDf = com.pekall.emdm.launcher
05-22 14:55:26.507 V/DefultSetContriller( 3216): isPhoneDf = com.pekall.emdm.launcher
05-22 14:55:26.507 E/LauncherApplication( 3216): isShowLogoutUI = true
05-22 14:55:26.507 E/LauncherApplication( 3216): LogoutShowTime 1
05-22 14:55:26.507 V/Launcher( 3216): onResume1111111 
05-22 14:55:26.507 V/Launcher( 3216): is login ----> 
05-22 14:55:26.515 I/System.out( 3216):  
05-22 14:55:26.515 I/System.out( 3216): com.pekall.emdm.launcher.Workspace.setWallpaper(Unknown Source)
05-22 14:55:26.515 I/System.out( 3216): com.pekall.emdm.launcher.Launcher.onResume(Unknown Source)
05-22 14:55:26.515 I/System.out( 3216): android.app.Instrumentation.callActivityOnResume(Instrumentation.java:1192)
05-22 14:55:26.515 I/System.out( 3216): android.app.Activity.performResume(Activity.java:5211)
05-22 14:55:26.515 I/System.out( 3216): android.app.ActivityThread.performResumeActivity(ActivityThread.java:2780)
05-22 14:55:26.515 I/System.out( 3216): android.app.ActivityThread.handleResumeActivity(ActivityThread.java:2819)
05-22 14:55:26.515 I/System.out( 3216): android.app.ActivityThread$H.handleMessage(ActivityThread.java:1298)
05-22 14:55:26.515 I/System.out( 3216): android.os.Handler.dispatchMessage(Handler.java:99)
05-22 14:55:26.515 I/System.out( 3216): android.os.Looper.loop(Looper.java:137)
05-22 14:55:26.515 I/System.out( 3216): android.app.ActivityThread.main(ActivityThread.java:5103)
05-22 14:55:26.515 I/System.out( 3216): java.lang.reflect.Method.invokeNative(Native Method)
05-22 14:55:26.515 I/System.out( 3216): java.lang.reflect.Method.invoke(Method.java:525)
05-22 14:55:26.515 I/System.out( 3216): com.android.internal.os.ZygoteInit$MethodAndArgsCaller.run(ZygoteInit.java:737)
05-22 14:55:26.515 I/System.out( 3216): com.android.internal.os.ZygoteInit.main(ZygoteInit.java:553)
05-22 14:55:26.515 I/System.out( 3216): dalvik.system.NativeStart.main(Native Method)
05-22 14:55:26.538 D/dalvikvm(  450): GC_FOR_ALLOC freed 547K, 16% free 12657K/14964K, paused 26ms, total 28ms
05-22 14:55:26.765 D/dalvikvm( 3216): JIT unchain all for threadid=11
05-22 14:55:26.820 D/dalvikvm( 3216): GC_FOR_ALLOC freed 4039K, 30% free 31924K/45304K, paused 307ms, total 307ms
05-22 14:55:26.843 W/SQLiteCursor( 3216): Finalizing a Cursor that has not been deactivated or closed. database = /data/data/com.pekall.emdm.launcher/databases/emdm_contacts.db, table = company_calllogs, query = SELECT _id, number, date, duration, type, name, numbertype, numberlabel, company_calllogs_id, company_calllogs_department, company_id FROM company_calllogs ORDER BY date DESC
05-22 14:55:26.843 W/SQLiteCursor( 3216): com.pekall.sandbox.database.sqlite.DatabaseObjectNotClosedException: Application did not close the cursor or database object that was opened here
05-22 14:55:26.843 W/SQLiteCursor( 3216): 	at com.pekall.sandbox.database.sqlite.SQLiteCursor.<init>(Unknown Source)
05-22 14:55:26.843 W/SQLiteCursor( 3216): 	at com.pekall.sandbox.database.sqlite.SQLiteDirectCursorDriver.query(Unknown Source)
05-22 14:55:26.843 W/SQLiteCursor( 3216): 	at com.pekall.sandbox.database.sqlite.SQLiteDatabase.rawQueryWithFactory(Unknown Source)
05-22 14:55:26.843 W/SQLiteCursor( 3216): 	at com.pekall.sandbox.database.sqlite.SQLiteQueryBuilder.query(Unknown Source)
05-22 14:55:26.843 W/SQLiteCursor( 3216): 	at com.pekall.emdm.contacts.db.SimpleContactsProvider.query(Unknown Source)
05-22 14:55:26.843 W/SQLiteCursor( 3216): 	at android.content.ContentProvider.query(ContentProvider.java:744)
05-22 14:55:26.843 W/SQLiteCursor( 3216): 	at android.content.ContentProvider$Transport.query(ContentProvider.java:199)
05-22 14:55:26.843 W/SQLiteCursor( 3216): 	at android.content.ContentResolver.query(ContentResolver.java:414)
05-22 14:55:26.843 W/SQLiteCursor( 3216): 	at android.content.ContentResolver.query(ContentResolver.java:357)
05-22 14:55:26.843 W/SQLiteCursor( 3216): 	at android.content.AsyncQueryHandler$WorkerHandler.handleMessage(AsyncQueryHandler.java:79)
05-22 14:55:26.843 W/SQLiteCursor( 3216): 	at com.pekall.emdm.contacts.calllog.p.handleMessage(Unknown Source)
05-22 14:55:26.843 W/SQLiteCursor( 3216): 	at android.os.Handler.dispatchMessage(Handler.java:99)
05-22 14:55:26.843 W/SQLiteCursor( 3216): 	at android.os.Looper.loop(Looper.java:137)
05-22 14:55:26.843 W/SQLiteCursor( 3216): 	at android.os.HandlerThread.run(HandlerThread.java:61)
05-22 14:55:26.843 W/CursorWrapperInner( 3216): Cursor finalized without prior close()
05-22 14:55:26.851 W/SQLiteCursor( 3216): Finalizing a Cursor that has not been deactivated or closed. database = /data/data/com.pekall.emdm.launcher/databases/emdm_contacts.db, table = contacts, query = SELECT * FROM contacts ORDER BY sort_key  asc
05-22 14:55:26.851 W/SQLiteCursor( 3216): com.pekall.sandbox.database.sqlite.DatabaseObjectNotClosedException: Application did not close the cursor or database object that was opened here
05-22 14:55:26.851 W/SQLiteCursor( 3216): 	at com.pekall.sandbox.database.sqlite.SQLiteCursor.<init>(Unknown Source)
05-22 14:55:26.851 W/SQLiteCursor( 3216): 	at com.pekall.sandbox.database.sqlite.SQLiteDirectCursorDriver.query(Unknown Source)
05-22 14:55:26.851 W/SQLiteCursor( 3216): 	at com.pekall.sandbox.database.sqlite.SQLiteDatabase.rawQueryWithFactory(Unknown Source)
05-22 14:55:26.851 W/SQLiteCursor( 3216): 	at com.pekall.sandbox.database.sqlite.SQLiteQueryBuilder.query(Unknown Source)
05-22 14:55:26.851 W/SQLiteCursor( 3216): 	at com.pekall.emdm.contacts.db.SimpleContactsProvider.query(Unknown Source)
05-22 14:55:26.851 W/SQLiteCursor( 3216): 	at android.content.ContentProvider.query(ContentProvider.java:744)
05-22 14:55:26.851 W/SQLiteCursor( 3216): 	at android.content.ContentProvider$Transport.query(ContentProvider.java:199)
05-22 14:55:26.851 W/SQLiteCursor( 3216): 	at android.content.ContentResolver.query(ContentResolver.java:414)
05-22 14:55:26.851 W/SQLiteCursor( 3216): 	at android.content.ContentResolver.query(ContentResolver.java:357)
05-22 14:55:26.851 W/SQLiteCursor( 3216): 	at com.pekall.emdm.contacts.ui.DefaultContactBrowseListFragment.d(Unknown Source)
05-22 14:55:26.851 W/SQLiteCursor( 3216): 	at com.pekall.emdm.contacts.ui.DefaultContactBrowseListFragment.onClick(Unknown Source)
05-22 14:55:26.851 W/SQLiteCursor( 3216): 	at android.view.View.performClick(View.java:4240)
05-22 14:55:26.851 W/SQLiteCursor( 3216): 	at android.view.View$PerformClick.run(View.java:17721)
05-22 14:55:26.851 W/SQLiteCursor( 3216): 	at android.os.Handler.handleCallback(Handler.java:730)
05-22 14:55:26.851 W/SQLiteCursor( 3216): 	at android.os.Handler.dispatchMessage(Handler.java:92)
05-22 14:55:26.851 W/SQLiteCursor( 3216): 	at android.os.Looper.loop(Looper.java:137)
05-22 14:55:26.851 W/SQLiteCursor( 3216): 	at android.app.ActivityThread.main(ActivityThread.java:5103)
05-22 14:55:26.851 W/SQLiteCursor( 3216): 	at java.lang.reflect.Method.invokeNative(Native Method)
05-22 14:55:26.851 W/SQLiteCursor( 3216): 	at java.lang.reflect.Method.invoke(Method.java:525)
05-22 14:55:26.851 W/SQLiteCursor( 3216): 	at com.android.internal.os.ZygoteInit$MethodAndArgsCaller.run(ZygoteInit.java:737)
05-22 14:55:26.851 W/SQLiteCursor( 3216): 	at com.android.internal.os.ZygoteInit.main(ZygoteInit.java:553)
05-22 14:55:26.851 W/SQLiteCursor( 3216): 	at dalvik.system.NativeStart.main(Native Method)
05-22 14:55:26.851 W/CursorWrapperInner( 3216): Cursor finalized without prior close()
05-22 14:55:26.851 W/CursorWrapperInner( 3216): Cursor finalized without prior close()
05-22 14:55:26.851 W/SQLiteCursor( 3216): Finalizing a Cursor that has not been deactivated or closed. database = /data/data/com.pekall.emdm.launcher/databases/emdm_contacts.db, table = frequently_contacts, query = SELECT _id, company_id, number, date, name FROM frequently_contacts ORDER BY date DESC
05-22 14:55:26.851 W/SQLiteCursor( 3216): com.pekall.sandbox.database.sqlite.DatabaseObjectNotClosedException: Application did not close the cursor or database object that was opened here
05-22 14:55:26.851 W/SQLiteCursor( 3216): 	at com.pekall.sandbox.database.sqlite.SQLiteCursor.<init>(Unknown Source)
05-22 14:55:26.851 W/SQLiteCursor( 3216): 	at com.pekall.sandbox.database.sqlite.SQLiteDirectCursorDriver.query(Unknown Source)
05-22 14:55:26.851 W/SQLiteCursor( 3216): 	at com.pekall.sandbox.database.sqlite.SQLiteDatabase.rawQueryWithFactory(Unknown Source)
05-22 14:55:26.851 W/SQLiteCursor( 3216): 	at com.pekall.sandbox.database.sqlite.SQLiteQueryBuilder.query(Unknown Source)
05-22 14:55:26.851 W/SQLiteCursor( 3216): 	at com.pekall.emdm.contacts.db.SimpleContactsProvider.query(Unknown Source)
05-22 14:55:26.851 W/SQLiteCursor( 3216): 	at android.content.ContentProvider.query(ContentProvider.java:744)
05-22 14:55:26.851 W/SQLiteCursor( 3216): 	at android.content.ContentProvider$Transport.query(ContentProvider.java:199)
05-22 14:55:26.851 W/SQLiteCursor( 3216): 	at android.content.ContentResolver.query(ContentResolver.java:414)
05-22 14:55:26.851 W/SQLiteCursor( 3216): 	at android.content.ContentResolver.query(ContentResolver.java:357)
05-22 14:55:26.851 W/SQLiteCursor( 3216): 	at com.pekall.emdm.contacts.ui.n.a(Unknown Source)
05-22 14:55:26.851 W/SQLiteCursor( 3216): 	at com.pekall.emdm.contacts.ui.n.doInBackground(Unknown Source)
05-22 14:55:26.851 W/SQLiteCursor( 3216): 	at android.os.AsyncTask$2.call(AsyncTask.java:287)
05-22 14:55:26.851 W/SQLiteCursor( 3216): 	at java.util.concurrent.FutureTask.run(FutureTask.java:234)
05-22 14:55:26.851 W/SQLiteCursor( 3216): 	at android.os.AsyncTask$SerialExecutor$1.run(AsyncTask.java:230)
05-22 14:55:26.851 W/SQLiteCursor( 3216): 	at java.util.concurrent.ThreadPoolExecutor.runWorker(ThreadPoolExecutor.java:1080)
05-22 14:55:26.851 W/SQLiteCursor( 3216): 	at java.util.concurrent.ThreadPoolExecutor$Worker.run(ThreadPoolExecutor.java:573)
05-22 14:55:26.851 W/SQLiteCursor( 3216): 	at java.lang.Thread.run(Thread.java:841)
05-22 14:55:26.859 W/CursorWrapperInner( 3216): Cursor finalized without prior close()
05-22 14:55:27.382 D/DefaultContactBrowseListFragment( 3216): onDestroyView==============
05-22 14:55:27.398 D/AssistantCallLogFragment( 3216): [---null: -1---]onDestroyView==============
05-22 14:55:28.171 D/dalvikvm(  802): GC_CONCURRENT freed 1003K, 24% free 12189K/15964K, paused 3ms+2ms, total 38ms
05-22 14:55:29.156 I/QueryController( 5213): Matched selector: UiSelector[TEXT=Personal Mode, CLASS=android.widget.TextView, PACKAGE NAME=com.pekall.emdm.launcher] <<==>> [android.view.accessibility.AccessibilityNodeInfo@39b87; boundsInParent: Rect(0, 0 - 160, 200); boundsInScreen: Rect(190, 608 - 350, 808); packageName: com.pekall.emdm.launcher; className: android.widget.TextView; text: Personal Mode; contentDescription: null; viewIdResName: null; checkable: false; checked: false; focusable: false; focused: false; selected: false; clickable: true; longClickable: true; enabled: true; password: false; scrollable: false; [ACTION_SELECT, ACTION_CLEAR_SELECTION, ACTION_CLICK, ACTION_LONG_CLICK, ACTION_ACCESSIBILITY_FOCUS, ACTION_NEXT_AT_MOVEMENT_GRANULARITY, ACTION_PREVIOUS_AT_MOVEMENT_GRANULARITY, ACTION_SET_SELECTION]]
05-22 14:55:29.171 I/QueryController( 5213): Matched selector: UiSelector[TEXT=EmdmContacts, CLASS=android.widget.TextView, PACKAGE NAME=com.pekall.emdm.launcher] <<==>> [android.view.accessibility.AccessibilityNodeInfo@3a309; boundsInParent: Rect(0, 0 - 160, 200); boundsInScreen: Rect(550, 608 - 710, 808); packageName: com.pekall.emdm.launcher; className: android.widget.TextView; text: EmdmContacts; contentDescription: null; viewIdResName: null; checkable: false; checked: false; focusable: false; focused: false; selected: false; clickable: true; longClickable: true; enabled: true; password: false; scrollable: false; [ACTION_SELECT, ACTION_CLEAR_SELECTION, ACTION_CLICK, ACTION_LONG_CLICK, ACTION_ACCESSIBILITY_FOCUS, ACTION_NEXT_AT_MOVEMENT_GRANULARITY, ACTION_PREVIOUS_AT_MOVEMENT_GRANULARITY, ACTION_SET_SELECTION]]
05-22 14:55:29.179 I/QueryController( 5213): Matched selector: UiSelector[TEXT=EmdmContacts, CLASS=android.widget.TextView, PACKAGE NAME=com.pekall.emdm.launcher] <<==>> [android.view.accessibility.AccessibilityNodeInfo@3a309; boundsInParent: Rect(0, 0 - 160, 200); boundsInScreen: Rect(550, 608 - 710, 808); packageName: com.pekall.emdm.launcher; className: android.widget.TextView; text: EmdmContacts; contentDescription: null; viewIdResName: null; checkable: false; checked: false; focusable: false; focused: false; selected: false; clickable: true; longClickable: true; enabled: true; password: false; scrollable: false; [ACTION_SELECT, ACTION_CLEAR_SELECTION, ACTION_CLICK, ACTION_LONG_CLICK, ACTION_ACCESSIBILITY_FOCUS, ACTION_NEXT_AT_MOVEMENT_GRANULARITY, ACTION_PREVIOUS_AT_MOVEMENT_GRANULARITY, ACTION_SET_SELECTION]]
05-22 14:55:29.187 I/QueryController( 5213): Matched selector: UiSelector[TEXT=EmdmContacts, CLASS=android.widget.TextView, PACKAGE NAME=com.pekall.emdm.launcher] <<==>> [android.view.accessibility.AccessibilityNodeInfo@3a309; boundsInParent: Rect(0, 0 - 160, 200); boundsInScreen: Rect(550, 608 - 710, 808); packageName: com.pekall.emdm.launcher; className: android.widget.TextView; text: EmdmContacts; contentDescription: null; viewIdResName: null; checkable: false; checked: false; focusable: false; focused: false; selected: false; clickable: true; longClickable: true; enabled: true; password: false; scrollable: false; [ACTION_SELECT, ACTION_CLEAR_SELECTION, ACTION_CLICK, ACTION_LONG_CLICK, ACTION_ACCESSIBILITY_FOCUS, ACTION_NEXT_AT_MOVEMENT_GRANULARITY, ACTION_PREVIOUS_AT_MOVEMENT_GRANULARITY, ACTION_SET_SELECTION]]
05-22 14:55:29.187 D/UiObject( 5213): getText() = EmdmContacts
05-22 14:55:29.202 I/QueryController( 5213): Matched selector: UiSelector[TEXT=EmdmContacts, CLASS=android.widget.TextView, PACKAGE NAME=com.pekall.emdm.launcher] <<==>> [android.view.accessibility.AccessibilityNodeInfo@3a309; boundsInParent: Rect(0, 0 - 160, 200); boundsInScreen: Rect(550, 608 - 710, 808); packageName: com.pekall.emdm.launcher; className: android.widget.TextView; text: EmdmContacts; contentDescription: null; viewIdResName: null; checkable: false; checked: false; focusable: false; focused: false; selected: false; clickable: true; longClickable: true; enabled: true; password: false; scrollable: false; [ACTION_SELECT, ACTION_CLEAR_SELECTION, ACTION_CLICK, ACTION_LONG_CLICK, ACTION_ACCESSIBILITY_FOCUS, ACTION_NEXT_AT_MOVEMENT_GRANULARITY, ACTION_PREVIOUS_AT_MOVEMENT_GRANULARITY, ACTION_SET_SELECTION]]
05-22 14:55:29.210 I/QueryController( 5213): Matched selector: UiSelector[TEXT=EmdmContacts, CLASS=android.widget.TextView, PACKAGE NAME=com.pekall.emdm.launcher] <<==>> [android.view.accessibility.AccessibilityNodeInfo@3a309; boundsInParent: Rect(0, 0 - 160, 200); boundsInScreen: Rect(550, 608 - 710, 808); packageName: com.pekall.emdm.launcher; className: android.widget.TextView; text: EmdmContacts; contentDescription: null; viewIdResName: null; checkable: false; checked: false; focusable: false; focused: false; selected: false; clickable: true; longClickable: true; enabled: true; password: false; scrollable: false; [ACTION_SELECT, ACTION_CLEAR_SELECTION, ACTION_CLICK, ACTION_LONG_CLICK, ACTION_ACCESSIBILITY_FOCUS, ACTION_NEXT_AT_MOVEMENT_GRANULARITY, ACTION_PREVIOUS_AT_MOVEMENT_GRANULARITY, ACTION_SET_SELECTION]]
05-22 14:55:29.210 D/InteractionController( 5213): clickAndWaitForNewWindow(630, 708)
05-22 14:55:29.335 W/Parcel  (  802): Attempt to read object from Parcel 0x5ed47dac at offset 200 that is not in the object list
05-22 14:55:29.343 I/ActivityManager(  375): START u0 {flg=0x10000000 cmp=com.pekall.emdm.launcher/com.pekall.emdm.contacts.activities.PeopleActivity} from pid 3216
05-22 14:55:29.429 D/dalvikvm(  375): GC_FOR_ALLOC freed 825K, 16% free 18243K/21608K, paused 56ms, total 57ms
05-22 14:55:29.437 D/LauncherApplication( 3216): [null:-1]->onActivityPaused
05-22 14:55:29.445 D/LauncherApplication( 3216): [null:-1]->onActivityPaused  updateTime
05-22 14:55:29.452 W/Parcel  (  802): Attempt to read object from Parcel 0x5dfdfdac at offset 200 that is not in the object list
05-22 14:55:29.460 I/ActivityManager(  375): START u0 {cmp=com.pekall.emdm.launcher/com.pekall.emdm.contacts.activities.DialtactsActivity (has extras)} from pid 3216
05-22 14:55:29.484 V/LauncherApplication( 3216): onActivityStarted
05-22 14:55:29.484 D/        ( 3216): [---null: -1---]     awsa  onActivityResumed
05-22 14:55:29.484 V/LauncherApplication( 3216): 2MdmConstant.LAST_LAUNCH_TIME = 1400741729454
05-22 14:55:29.491 D/        ( 3216): [---null: -1---]  activity = com.pekall.emdm.contacts.activities.DialtactsActivity
05-22 14:55:29.499 V/DefultSetContriller( 3216): isLauncherDf = com.pekall.emdm.launcher
05-22 14:55:29.499 V/DefultSetContriller( 3216): isPhoneDf = com.pekall.emdm.launcher
05-22 14:55:29.499 E/LauncherApplication( 3216): isShowLogoutUI = true
05-22 14:55:29.499 E/LauncherApplication( 3216): LogoutShowTime 1
05-22 14:55:29.538 D/ContactsProvider( 3216): [Contacts] query 'content://emdmcontacts/contacts', segment size: 1
05-22 14:55:29.554 I/ContactPhotoManager( 3216): Cache adj: 0.5
05-22 14:55:29.554 E/ContactPhotoManager( 3216): No contact photo service in context: com.pekall.emdm.launcher.LauncherApplication@42244168
05-22 14:55:29.632 V/PhoneStatusBar(  450): setLightsOn(true)
05-22 14:55:29.648 D/ContactsProvider( 3216): [Contacts] query 'content://emdmcontacts/frequently_contacts', segment size: 1
05-22 14:55:29.656 D/ContactsProvider( 3216): [Contacts] query 'content://emdmcontacts/company_calllogs', segment size: 1
05-22 14:55:29.663 D/ContactsProvider( 3216): [Contacts] query 'content://emdmcontacts/contacts', segment size: 1
05-22 14:55:29.734 I/ActivityManager(  375): Displayed com.pekall.emdm.launcher/com.pekall.emdm.contacts.activities.DialtactsActivity: +268ms (total +284ms)
05-22 14:55:30.398 I/QueryController( 5213): Matched selector: UiSelector[TEXT=company, CLASS=android.widget.TextView, PACKAGE NAME=com.pekall.emdm.launcher] <<==>> [android.view.accessibility.AccessibilityNodeInfo@2434ef; boundsInParent: Rect(0, 0 - 345, 53); boundsInScreen: Rect(20, 1111 - 365, 1164); packageName: com.pekall.emdm.launcher; className: android.widget.TextView; text: company; contentDescription: null; viewIdResName: com.pekall.emdm.launcher:id/call_company; checkable: false; checked: false; focusable: false; focused: false; selected: true; clickable: true; longClickable: false; enabled: true; password: false; scrollable: false; [ACTION_SELECT, ACTION_CLEAR_SELECTION, ACTION_CLICK, ACTION_ACCESSIBILITY_FOCUS, ACTION_NEXT_AT_MOVEMENT_GRANULARITY, ACTION_PREVIOUS_AT_MOVEMENT_GRANULARITY, ACTION_SET_SELECTION]]
05-22 14:55:30.437 D/dalvikvm( 5213): GC_FOR_ALLOC freed 7566K, 93% free 624K/8192K, paused 23ms, total 24ms
05-22 14:55:30.437 I/QueryController( 5213): Matched selector: UiSelector[TEXT=company, CLASS=android.widget.TextView, PACKAGE NAME=com.pekall.emdm.launcher] <<==>> [android.view.accessibility.AccessibilityNodeInfo@2434ef; boundsInParent: Rect(0, 0 - 345, 53); boundsInScreen: Rect(20, 1111 - 365, 1164); packageName: com.pekall.emdm.launcher; className: android.widget.TextView; text: company; contentDescription: null; viewIdResName: com.pekall.emdm.launcher:id/call_company; checkable: false; checked: false; focusable: false; focused: false; selected: true; clickable: true; longClickable: false; enabled: true; password: false; scrollable: false; [ACTION_SELECT, ACTION_CLEAR_SELECTION, ACTION_CLICK, ACTION_ACCESSIBILITY_FOCUS, ACTION_NEXT_AT_MOVEMENT_GRANULARITY, ACTION_PREVIOUS_AT_MOVEMENT_GRANULARITY, ACTION_SET_SELECTION]]
05-22 14:55:30.437 D/UiObject( 5213): getText() = company
05-22 14:55:30.460 I/QueryController( 5213): Matched selector: UiSelector[TEXT=company, CLASS=android.widget.TextView, PACKAGE NAME=com.pekall.emdm.launcher] <<==>> [android.view.accessibility.AccessibilityNodeInfo@2434ef; boundsInParent: Rect(0, 0 - 345, 53); boundsInScreen: Rect(20, 1111 - 365, 1164); packageName: com.pekall.emdm.launcher; className: android.widget.TextView; text: company; contentDescription: null; viewIdResName: com.pekall.emdm.launcher:id/call_company; checkable: false; checked: false; focusable: false; focused: false; selected: true; clickable: true; longClickable: false; enabled: true; password: false; scrollable: false; [ACTION_SELECT, ACTION_CLEAR_SELECTION, ACTION_CLICK, ACTION_ACCESSIBILITY_FOCUS, ACTION_NEXT_AT_MOVEMENT_GRANULARITY, ACTION_PREVIOUS_AT_MOVEMENT_GRANULARITY, ACTION_SET_SELECTION]]
05-22 14:55:30.476 I/QueryController( 5213): Matched selector: UiSelector[TEXT=company, CLASS=android.widget.TextView, PACKAGE NAME=com.pekall.emdm.launcher] <<==>> [android.view.accessibility.AccessibilityNodeInfo@2434ef; boundsInParent: Rect(0, 0 - 345, 53); boundsInScreen: Rect(20, 1111 - 365, 1164); packageName: com.pekall.emdm.launcher; className: android.widget.TextView; text: company; contentDescription: null; viewIdResName: com.pekall.emdm.launcher:id/call_company; checkable: false; checked: false; focusable: false; focused: false; selected: true; clickable: true; longClickable: false; enabled: true; password: false; scrollable: false; [ACTION_SELECT, ACTION_CLEAR_SELECTION, ACTION_CLICK, ACTION_ACCESSIBILITY_FOCUS, ACTION_NEXT_AT_MOVEMENT_GRANULARITY, ACTION_PREVIOUS_AT_MOVEMENT_GRANULARITY, ACTION_SET_SELECTION]]
05-22 14:55:30.476 D/InteractionController( 5213): clickAndWaitForNewWindow(192, 1137)
05-22 14:55:30.585 D/ContactsProvider( 3216): [Contacts] query 'content://emdmcontacts/contacts', segment size: 1
05-22 14:55:33.577 W/InteractionController( 5213): runAndwaitForEvent timedout waiting for events
05-22 14:55:33.593 I/QueryController( 5213): Matched selector: UiSelector[CLASS=android.widget.ImageView, INDEX=2] <<==>> [android.view.accessibility.AccessibilityNodeInfo@24bc13; boundsInParent: Rect(0, 0 - 240, 50); boundsInScreen: Rect(480, 73 - 720, 123); packageName: com.pekall.emdm.launcher; className: android.widget.ImageView; text: null; contentDescription: null; viewIdResName: com.pekall.emdm.launcher:id/thrid; checkable: false; checked: false; focusable: false; focused: false; selected: false; clickable: true; longClickable: false; enabled: true; password: false; scrollable: false; [ACTION_SELECT, ACTION_CLEAR_SELECTION, ACTION_CLICK, ACTION_ACCESSIBILITY_FOCUS]]
05-22 14:55:33.601 D/InteractionController( 5213): clickAndWaitForNewWindow(600, 98)
05-22 14:55:36.702 W/InteractionController( 5213): runAndwaitForEvent timedout waiting for events
05-22 14:55:36.741 D/dalvikvm( 5213): GC_CONCURRENT freed 382K, 93% free 637K/8192K, paused 2ms+1ms, total 7ms
