05-22 14:56:12.335 W/Parcel  (  802): Attempt to read object from Parcel 0x5e0dfdac at offset 200 that is not in the object list
05-22 14:56:12.335 I/ActivityManager(  375): START u0 {flg=0x10000000 cmp=com.pekall.emdm.launcher/com.pekall.emdm.contacts.activities.PeopleActivity} from pid 3216
05-22 14:56:12.437 D/dalvikvm(  375): GC_FOR_ALLOC freed 820K, 16% free 18245K/21608K, paused 64ms, total 65ms
05-22 14:56:12.445 D/LauncherApplication( 3216): [null:-1]->onActivityPaused
05-22 14:56:12.452 D/LauncherApplication( 3216): [null:-1]->onActivityPaused  updateTime
05-22 14:56:12.468 W/Parcel  (  802): Attempt to read object from Parcel 0x5f747dac at offset 200 that is not in the object list
05-22 14:56:12.468 I/ActivityManager(  375): START u0 {cmp=com.pekall.emdm.launcher/com.pekall.emdm.contacts.activities.DialtactsActivity (has extras)} from pid 3216
05-22 14:56:12.499 V/LauncherApplication( 3216): onActivityStarted
05-22 14:56:12.499 D/        ( 3216): [---null: -1---]     awsa  onActivityResumed
05-22 14:56:12.499 V/LauncherApplication( 3216): 2MdmConstant.LAST_LAUNCH_TIME = 1400741772463
05-22 14:56:12.507 D/        ( 3216): [---null: -1---]  activity = com.pekall.emdm.contacts.activities.DialtactsActivity
05-22 14:56:12.515 V/DefultSetContriller( 3216): isLauncherDf = com.pekall.emdm.launcher
05-22 14:56:12.515 V/DefultSetContriller( 3216): isPhoneDf = com.pekall.emdm.launcher
05-22 14:56:12.515 E/LauncherApplication( 3216): isShowLogoutUI = true
05-22 14:56:12.515 E/LauncherApplication( 3216): LogoutShowTime 1
05-22 14:56:12.554 D/ContactsProvider( 3216): [Contacts] query 'content://emdmcontacts/contacts', segment size: 1
05-22 14:56:12.570 I/ContactPhotoManager( 3216): Cache adj: 0.5
05-22 14:56:12.570 E/ContactPhotoManager( 3216): No contact photo service in context: com.pekall.emdm.launcher.LauncherApplication@42244168
05-22 14:56:12.640 V/PhoneStatusBar(  450): setLightsOn(true)
05-22 14:56:12.656 D/ContactsProvider( 3216): [Contacts] query 'content://emdmcontacts/company_calllogs', segment size: 1
05-22 14:56:12.726 D/ContactsProvider( 3216): [Contacts] query 'content://emdmcontacts/frequently_contacts', segment size: 1
05-22 14:56:12.741 I/ActivityManager(  375): Displayed com.pekall.emdm.launcher/com.pekall.emdm.contacts.activities.DialtactsActivity: +267ms (total +288ms)
05-22 14:56:12.788 D/ContactsProvider( 3216): [Contacts] query 'content://emdmcontacts/contacts', segment size: 1
05-22 14:56:13.390 I/QueryController( 5213): Matched selector: UiSelector[TEXT=company, CLASS=android.widget.TextView, PACKAGE NAME=com.pekall.emdm.launcher] <<==>> [android.view.accessibility.AccessibilityNodeInfo@278194; boundsInParent: Rect(0, 0 - 345, 53); boundsInScreen: Rect(20, 1111 - 365, 1164); packageName: com.pekall.emdm.launcher; className: android.widget.TextView; text: company; contentDescription: null; viewIdResName: com.pekall.emdm.launcher:id/call_company; checkable: false; checked: false; focusable: false; focused: false; selected: true; clickable: true; longClickable: false; enabled: true; password: false; scrollable: false; [ACTION_SELECT, ACTION_CLEAR_SELECTION, ACTION_CLICK, ACTION_ACCESSIBILITY_FOCUS, ACTION_NEXT_AT_MOVEMENT_GRANULARITY, ACTION_PREVIOUS_AT_MOVEMENT_GRANULARITY, ACTION_SET_SELECTION]]
05-22 14:56:13.413 D/dalvikvm( 5213): GC_CONCURRENT freed 398K, 73% free 670K/2432K, paused 1ms+2ms, total 7ms
05-22 14:56:13.413 I/QueryController( 5213): Matched selector: UiSelector[TEXT=company, CLASS=android.widget.TextView, PACKAGE NAME=com.pekall.emdm.launcher] <<==>> [android.view.accessibility.AccessibilityNodeInfo@278194; boundsInParent: Rect(0, 0 - 345, 53); boundsInScreen: Rect(20, 1111 - 365, 1164); packageName: com.pekall.emdm.launcher; className: android.widget.TextView; text: company; contentDescription: null; viewIdResName: com.pekall.emdm.launcher:id/call_company; checkable: false; checked: false; focusable: false; focused: false; selected: true; clickable: true; longClickable: false; enabled: true; password: false; scrollable: false; [ACTION_SELECT, ACTION_CLEAR_SELECTION, ACTION_CLICK, ACTION_ACCESSIBILITY_FOCUS, ACTION_NEXT_AT_MOVEMENT_GRANULARITY, ACTION_PREVIOUS_AT_MOVEMENT_GRANULARITY, ACTION_SET_SELECTION]]
05-22 14:56:13.413 D/UiObject( 5213): getText() = company
05-22 14:56:13.437 I/QueryController( 5213): Matched selector: UiSelector[TEXT=company, CLASS=android.widget.TextView, PACKAGE NAME=com.pekall.emdm.launcher] <<==>> [android.view.accessibility.AccessibilityNodeInfo@278194; boundsInParent: Rect(0, 0 - 345, 53); boundsInScreen: Rect(20, 1111 - 365, 1164); packageName: com.pekall.emdm.launcher; className: android.widget.TextView; text: company; contentDescription: null; viewIdResName: com.pekall.emdm.launcher:id/call_company; checkable: false; checked: false; focusable: false; focused: false; selected: true; clickable: true; longClickable: false; enabled: true; password: false; scrollable: false; [ACTION_SELECT, ACTION_CLEAR_SELECTION, ACTION_CLICK, ACTION_ACCESSIBILITY_FOCUS, ACTION_NEXT_AT_MOVEMENT_GRANULARITY, ACTION_PREVIOUS_AT_MOVEMENT_GRANULARITY, ACTION_SET_SELECTION]]
05-22 14:56:13.452 I/QueryController( 5213): Matched selector: UiSelector[TEXT=company, CLASS=android.widget.TextView, PACKAGE NAME=com.pekall.emdm.launcher] <<==>> [android.view.accessibility.AccessibilityNodeInfo@278194; boundsInParent: Rect(0, 0 - 345, 53); boundsInScreen: Rect(20, 1111 - 365, 1164); packageName: com.pekall.emdm.launcher; className: android.widget.TextView; text: company; contentDescription: null; viewIdResName: com.pekall.emdm.launcher:id/call_company; checkable: false; checked: false; focusable: false; focused: false; selected: true; clickable: true; longClickable: false; enabled: true; password: false; scrollable: false; [ACTION_SELECT, ACTION_CLEAR_SELECTION, ACTION_CLICK, ACTION_ACCESSIBILITY_FOCUS, ACTION_NEXT_AT_MOVEMENT_GRANULARITY, ACTION_PREVIOUS_AT_MOVEMENT_GRANULARITY, ACTION_SET_SELECTION]]
05-22 14:56:13.452 D/InteractionController( 5213): clickAndWaitForNewWindow(192, 1137)
05-22 14:56:13.562 D/ContactsProvider( 3216): [Contacts] query 'content://emdmcontacts/contacts', segment size: 1
05-22 14:56:16.554 W/InteractionController( 5213): runAndwaitForEvent timedout waiting for events
05-22 14:56:16.570 I/QueryController( 5213): Matched selector: UiSelector[CLASS=android.widget.ImageView, INDEX=2] <<==>> [android.view.accessibility.AccessibilityNodeInfo@27674d; boundsInParent: Rect(0, 0 - 240, 50); boundsInScreen: Rect(480, 73 - 720, 123); packageName: com.pekall.emdm.launcher; className: android.widget.ImageView; text: null; contentDescription: null; viewIdResName: com.pekall.emdm.launcher:id/thrid; checkable: false; checked: false; focusable: false; focused: false; selected: false; clickable: true; longClickable: false; enabled: true; password: false; scrollable: false; [ACTION_SELECT, ACTION_CLEAR_SELECTION, ACTION_CLICK, ACTION_ACCESSIBILITY_FOCUS]]
05-22 14:56:16.570 D/InteractionController( 5213): clickAndWaitForNewWindow(600, 98)
05-22 14:56:19.671 W/InteractionController( 5213): runAndwaitForEvent timedout waiting for events
05-22 14:56:19.741 D/dalvikvm( 5213): GC_CONCURRENT freed 438K, 75% free 616K/2432K, paused 2ms+1ms, total 6ms
05-22 14:56:19.796 I/QueryController( 5213): Matched selector: UiSelector[TEXT=company, CLASS=android.widget.TextView, PACKAGE NAME=com.pekall.emdm.launcher] <<==>> [android.view.accessibility.AccessibilityNodeInfo@278194; boundsInParent: Rect(0, 0 - 345, 53); boundsInScreen: Rect(20, 1111 - 365, 1164); packageName: com.pekall.emdm.launcher; className: android.widget.TextView; text: company; contentDescription: null; viewIdResName: com.pekall.emdm.launcher:id/call_company; checkable: false; checked: false; focusable: false; focused: false; selected: true; clickable: true; longClickable: false; enabled: true; password: false; scrollable: false; [ACTION_SELECT, ACTION_CLEAR_SELECTION, ACTION_CLICK, ACTION_ACCESSIBILITY_FOCUS, ACTION_NEXT_AT_MOVEMENT_GRANULARITY, ACTION_PREVIOUS_AT_MOVEMENT_GRANULARITY, ACTION_SET_SELECTION]]
05-22 14:56:19.812 I/QueryController( 5213): Matched selector: UiSelector[PACKAGE NAME=com.pekall.emdm.launcher] <<==>> [android.view.accessibility.AccessibilityNodeInfo@272efe; boundsInParent: Rect(0, 0 - 720, 1184); boundsInScreen: Rect(0, 0 - 720, 1184); packageName: com.pekall.emdm.launcher; className: android.widget.FrameLayout; text: null; contentDescription: null; viewIdResName: null; checkable: false; checked: false; focusable: false; focused: false; selected: false; clickable: false; longClickable: false; enabled: true; password: false; scrollable: false; [ACTION_SELECT, ACTION_CLEAR_SELECTION, ACTION_ACCESSIBILITY_FOCUS]]
05-22 14:56:19.835 D/dalvikvm( 5213): GC_CONCURRENT freed 396K, 74% free 634K/2432K, paused 1ms+1ms, total 5ms
05-22 14:56:19.843 I/QueryController( 5213): Matched selector: UiSelector[PACKAGE NAME=com.pekall.emdm.launcher] <<==>> [android.view.accessibility.AccessibilityNodeInfo@272efe; boundsInParent: Rect(0, 0 - 720, 1184); boundsInScreen: Rect(0, 0 - 720, 1184); packageName: com.pekall.emdm.launcher; className: android.widget.FrameLayout; text: null; contentDescription: null; viewIdResName: null; checkable: false; checked: false; focusable: false; focused: false; selected: false; clickable: false; longClickable: false; enabled: true; password: false; scrollable: false; [ACTION_SELECT, ACTION_CLEAR_SELECTION, ACTION_ACCESSIBILITY_FOCUS]]
05-22 14:56:19.882 I/ActivityManager(  375): START u0 {act=android.intent.action.MAIN cat=[android.intent.category.HOME] flg=0x10200000 cmp=com.pekall.emdm.launcher/.Launcher} from pid 375
05-22 14:56:19.968 D/dalvikvm(  375): GC_FOR_ALLOC freed 1585K, 19% free 17510K/21608K, paused 55ms, total 56ms
05-22 14:56:19.976 D/LauncherApplication( 3216): [null:-1]->onActivityPaused
05-22 14:56:19.984 D/LauncherApplication( 3216): [null:-1]->onActivityPaused  updateTime
05-22 14:56:19.991 V/LauncherApplication( 3216): onActivityStarted
05-22 14:56:19.991 D/        ( 3216): [---null: -1---]     awsa  onActivityResumed
05-22 14:56:19.991 V/LauncherApplication( 3216): 2MdmConstant.LAST_LAUNCH_TIME = 1400741779996
05-22 14:56:19.999 D/        ( 3216): [---null: -1---]  activity = com.pekall.emdm.launcher.Launcher
05-22 14:56:20.007 V/DefultSetContriller( 3216): isLauncherDf = com.pekall.emdm.launcher
05-22 14:56:20.007 V/DefultSetContriller( 3216): isLauncherDf = com.pekall.emdm.launcher
05-22 14:56:20.007 V/DefultSetContriller( 3216): isPhoneDf = com.pekall.emdm.launcher
05-22 14:56:20.007 E/LauncherApplication( 3216): isShowLogoutUI = true
05-22 14:56:20.007 E/LauncherApplication( 3216): LogoutShowTime 1
05-22 14:56:20.007 V/Launcher( 3216): onResume1111111 
05-22 14:56:20.007 V/Launcher( 3216): is login ----> 
05-22 14:56:20.007 I/System.out( 3216):  
05-22 14:56:20.015 I/System.out( 3216): com.pekall.emdm.launcher.Workspace.setWallpaper(Unknown Source)
05-22 14:56:20.015 I/System.out( 3216): com.pekall.emdm.launcher.Launcher.onResume(Unknown Source)
05-22 14:56:20.015 I/System.out( 3216): android.app.Instrumentation.callActivityOnResume(Instrumentation.java:1192)
05-22 14:56:20.015 I/System.out( 3216): android.app.Activity.performResume(Activity.java:5211)
05-22 14:56:20.015 I/System.out( 3216): android.app.ActivityThread.performResumeActivity(ActivityThread.java:2780)
05-22 14:56:20.015 I/System.out( 3216): android.app.ActivityThread.handleResumeActivity(ActivityThread.java:2819)
05-22 14:56:20.015 I/System.out( 3216): android.app.ActivityThread$H.handleMessage(ActivityThread.java:1298)
05-22 14:56:20.015 I/System.out( 3216): android.os.Handler.dispatchMessage(Handler.java:99)
05-22 14:56:20.015 I/System.out( 3216): android.os.Looper.loop(Looper.java:137)
05-22 14:56:20.015 I/System.out( 3216): android.app.ActivityThread.main(ActivityThread.java:5103)
05-22 14:56:20.015 I/System.out( 3216): java.lang.reflect.Method.invokeNative(Native Method)
05-22 14:56:20.015 I/System.out( 3216): java.lang.reflect.Method.invoke(Method.java:525)
05-22 14:56:20.015 I/System.out( 3216): com.android.internal.os.ZygoteInit$MethodAndArgsCaller.run(ZygoteInit.java:737)
05-22 14:56:20.015 I/System.out( 3216): com.android.internal.os.ZygoteInit.main(ZygoteInit.java:553)
05-22 14:56:20.015 I/System.out( 3216): dalvik.system.NativeStart.main(Native Method)
05-22 14:56:20.038 D/dalvikvm(  450): GC_FOR_ALLOC freed 785K, 16% free 12665K/14964K, paused 28ms, total 28ms
05-22 14:56:20.265 D/dalvikvm( 3216): JIT unchain all for threadid=11
05-22 14:56:20.351 D/dalvikvm( 3216): GC_FOR_ALLOC freed 4069K, 24% free 31932K/41968K, paused 326ms, total 332ms
05-22 14:56:20.359 I/dalvikvm-heap( 3216): Grow heap (frag case) to 34.541MB for 3415696-byte allocation
05-22 14:56:20.609 D/dalvikvm( 3216): JIT unchain all for threadid=11
05-22 14:56:20.671 D/dalvikvm( 3216): GC_FOR_ALLOC freed 14K, 23% free 35253K/45304K, paused 312ms, total 312ms
05-22 14:56:20.702 W/SQLiteCursor( 3216): Finalizing a Cursor that has not been deactivated or closed. database = /data/data/com.pekall.emdm.launcher/databases/emdm_contacts.db, table = company_calllogs, query = SELECT _id, number, date, duration, type, name, numbertype, numberlabel, company_calllogs_id, company_calllogs_department, company_id FROM company_calllogs ORDER BY date DESC
05-22 14:56:20.702 W/SQLiteCursor( 3216): com.pekall.sandbox.database.sqlite.DatabaseObjectNotClosedException: Application did not close the cursor or database object that was opened here
05-22 14:56:20.702 W/SQLiteCursor( 3216): 	at com.pekall.sandbox.database.sqlite.SQLiteCursor.<init>(Unknown Source)
05-22 14:56:20.702 W/SQLiteCursor( 3216): 	at com.pekall.sandbox.database.sqlite.SQLiteDirectCursorDriver.query(Unknown Source)
05-22 14:56:20.702 W/SQLiteCursor( 3216): 	at com.pekall.sandbox.database.sqlite.SQLiteDatabase.rawQueryWithFactory(Unknown Source)
05-22 14:56:20.702 W/SQLiteCursor( 3216): 	at com.pekall.sandbox.database.sqlite.SQLiteQueryBuilder.query(Unknown Source)
05-22 14:56:20.702 W/SQLiteCursor( 3216): 	at com.pekall.emdm.contacts.db.SimpleContactsProvider.query(Unknown Source)
05-22 14:56:20.702 W/SQLiteCursor( 3216): 	at android.content.ContentProvider.query(ContentProvider.java:744)
05-22 14:56:20.702 W/SQLiteCursor( 3216): 	at android.content.ContentProvider$Transport.query(ContentProvider.java:199)
05-22 14:56:20.702 W/SQLiteCursor( 3216): 	at android.content.ContentResolver.query(ContentResolver.java:414)
05-22 14:56:20.702 W/SQLiteCursor( 3216): 	at android.content.ContentResolver.query(ContentResolver.java:357)
05-22 14:56:20.702 W/SQLiteCursor( 3216): 	at android.content.AsyncQueryHandler$WorkerHandler.handleMessage(AsyncQueryHandler.java:79)
05-22 14:56:20.702 W/SQLiteCursor( 3216): 	at com.pekall.emdm.contacts.calllog.p.handleMessage(Unknown Source)
05-22 14:56:20.702 W/SQLiteCursor( 3216): 	at android.os.Handler.dispatchMessage(Handler.java:99)
05-22 14:56:20.702 W/SQLiteCursor( 3216): 	at android.os.Looper.loop(Looper.java:137)
05-22 14:56:20.702 W/SQLiteCursor( 3216): 	at android.os.HandlerThread.run(HandlerThread.java:61)
05-22 14:56:20.702 W/CursorWrapperInner( 3216): Cursor finalized without prior close()
05-22 14:56:20.702 W/SQLiteCursor( 3216): Finalizing a Cursor that has not been deactivated or closed. database = /data/data/com.pekall.emdm.launcher/databases/emdm_contacts.db, table = contacts, query = SELECT * FROM contacts ORDER BY sort_key  asc
05-22 14:56:20.702 W/SQLiteCursor( 3216): com.pekall.sandbox.database.sqlite.DatabaseObjectNotClosedException: Application did not close the cursor or database object that was opened here
05-22 14:56:20.702 W/SQLiteCursor( 3216): 	at com.pekall.sandbox.database.sqlite.SQLiteCursor.<init>(Unknown Source)
05-22 14:56:20.702 W/SQLiteCursor( 3216): 	at com.pekall.sandbox.database.sqlite.SQLiteDirectCursorDriver.query(Unknown Source)
05-22 14:56:20.702 W/SQLiteCursor( 3216): 	at com.pekall.sandbox.database.sqlite.SQLiteDatabase.rawQueryWithFactory(Unknown Source)
05-22 14:56:20.702 W/SQLiteCursor( 3216): 	at com.pekall.sandbox.database.sqlite.SQLiteQueryBuilder.query(Unknown Source)
05-22 14:56:20.702 W/SQLiteCursor( 3216): 	at com.pekall.emdm.contacts.db.SimpleContactsProvider.query(Unknown Source)
05-22 14:56:20.702 W/SQLiteCursor( 3216): 	at android.content.ContentProvider.query(ContentProvider.java:744)
05-22 14:56:20.702 W/SQLiteCursor( 3216): 	at android.content.ContentProvider$Transport.query(ContentProvider.java:199)
05-22 14:56:20.702 W/SQLiteCursor( 3216): 	at android.content.ContentResolver.query(ContentResolver.java:414)
05-22 14:56:20.702 W/SQLiteCursor( 3216): 	at android.content.ContentResolver.query(ContentResolver.java:357)
05-22 14:56:20.702 W/SQLiteCursor( 3216): 	at com.pekall.emdm.contacts.ui.DefaultContactBrowseListFragment.d(Unknown Source)
05-22 14:56:20.702 W/SQLiteCursor( 3216): 	at com.pekall.emdm.contacts.ui.DefaultContactBrowseListFragment.onClick(Unknown Source)
05-22 14:56:20.702 W/SQLiteCursor( 3216): 	at android.view.View.performClick(View.java:4240)
05-22 14:56:20.702 W/SQLiteCursor( 3216): 	at android.view.View$PerformClick.run(View.java:17721)
05-22 14:56:20.702 W/SQLiteCursor( 3216): 	at android.os.Handler.handleCallback(Handler.java:730)
05-22 14:56:20.702 W/SQLiteCursor( 3216): 	at android.os.Handler.dispatchMessage(Handler.java:92)
05-22 14:56:20.702 W/SQLiteCursor( 3216): 	at android.os.Looper.loop(Looper.java:137)
05-22 14:56:20.702 W/SQLiteCursor( 3216): 	at android.app.ActivityThread.main(ActivityThread.java:5103)
05-22 14:56:20.702 W/SQLiteCursor( 3216): 	at java.lang.reflect.Method.invokeNative(Native Method)
05-22 14:56:20.702 W/SQLiteCursor( 3216): 	at java.lang.reflect.Method.invoke(Method.java:525)
05-22 14:56:20.702 W/SQLiteCursor( 3216): 	at com.android.internal.os.ZygoteInit$MethodAndArgsCaller.run(ZygoteInit.java:737)
05-22 14:56:20.702 W/SQLiteCursor( 3216): 	at com.android.internal.os.ZygoteInit.main(ZygoteInit.java:553)
05-22 14:56:20.702 W/SQLiteCursor( 3216): 	at dalvik.system.NativeStart.main(Native Method)
05-22 14:56:20.710 W/CursorWrapperInner( 3216): Cursor finalized without prior close()
05-22 14:56:20.710 W/CursorWrapperInner( 3216): Cursor finalized without prior close()
05-22 14:56:20.718 W/SQLiteCursor( 3216): Finalizing a Cursor that has not been deactivated or closed. database = /data/data/com.pekall.emdm.launcher/databases/emdm_contacts.db, table = frequently_contacts, query = SELECT _id, company_id, number, date, name FROM frequently_contacts ORDER BY date DESC
05-22 14:56:20.718 W/SQLiteCursor( 3216): com.pekall.sandbox.database.sqlite.DatabaseObjectNotClosedException: Application did not close the cursor or database object that was opened here
05-22 14:56:20.718 W/SQLiteCursor( 3216): 	at com.pekall.sandbox.database.sqlite.SQLiteCursor.<init>(Unknown Source)
05-22 14:56:20.718 W/SQLiteCursor( 3216): 	at com.pekall.sandbox.database.sqlite.SQLiteDirectCursorDriver.query(Unknown Source)
05-22 14:56:20.718 W/SQLiteCursor( 3216): 	at com.pekall.sandbox.database.sqlite.SQLiteDatabase.rawQueryWithFactory(Unknown Source)
05-22 14:56:20.718 W/SQLiteCursor( 3216): 	at com.pekall.sandbox.database.sqlite.SQLiteQueryBuilder.query(Unknown Source)
05-22 14:56:20.718 W/SQLiteCursor( 3216): 	at com.pekall.emdm.contacts.db.SimpleContactsProvider.query(Unknown Source)
05-22 14:56:20.718 W/SQLiteCursor( 3216): 	at android.content.ContentProvider.query(ContentProvider.java:744)
05-22 14:56:20.718 W/SQLiteCursor( 3216): 	at android.content.ContentProvider$Transport.query(ContentProvider.java:199)
05-22 14:56:20.718 W/SQLiteCursor( 3216): 	at android.content.ContentResolver.query(ContentResolver.java:414)
05-22 14:56:20.718 W/SQLiteCursor( 3216): 	at android.content.ContentResolver.query(ContentResolver.java:357)
05-22 14:56:20.718 W/SQLiteCursor( 3216): 	at com.pekall.emdm.contacts.ui.n.a(Unknown Source)
05-22 14:56:20.718 W/SQLiteCursor( 3216): 	at com.pekall.emdm.contacts.ui.n.doInBackground(Unknown Source)
05-22 14:56:20.718 W/SQLiteCursor( 3216): 	at android.os.AsyncTask$2.call(AsyncTask.java:287)
05-22 14:56:20.718 W/SQLiteCursor( 3216): 	at java.util.concurrent.FutureTask.run(FutureTask.java:234)
05-22 14:56:20.718 W/SQLiteCursor( 3216): 	at android.os.AsyncTask$SerialExecutor$1.run(AsyncTask.java:230)
05-22 14:56:20.718 W/SQLiteCursor( 3216): 	at java.util.concurrent.ThreadPoolExecutor.runWorker(ThreadPoolExecutor.java:1080)
05-22 14:56:20.718 W/SQLiteCursor( 3216): 	at java.util.concurrent.ThreadPoolExecutor$Worker.run(ThreadPoolExecutor.java:573)
05-22 14:56:20.718 W/SQLiteCursor( 3216): 	at java.lang.Thread.run(Thread.java:841)
05-22 14:56:20.718 W/CursorWrapperInner( 3216): Cursor finalized without prior close()
05-22 14:56:20.788 I/Choreographer( 3216): Skipped 46 frames!  The application may be doing too much work on its main thread.
05-22 14:56:21.234 D/DefaultContactBrowseListFragment( 3216): onDestroyView==============
05-22 14:56:21.241 D/AssistantCallLogFragment( 3216): [---null: -1---]onDestroyView==============
05-22 14:56:23.015 I/QueryController( 5213): Matched selector: UiSelector[TEXT=Personal Mode, CLASS=android.widget.TextView, PACKAGE NAME=com.pekall.emdm.launcher] <<==>> [android.view.accessibility.AccessibilityNodeInfo@39b87; boundsInParent: Rect(0, 0 - 160, 200); boundsInScreen: Rect(190, 608 - 350, 808); packageName: com.pekall.emdm.launcher; className: android.widget.TextView; text: Personal Mode; contentDescription: null; viewIdResName: null; checkable: false; checked: false; focusable: false; focused: false; selected: false; clickable: true; longClickable: true; enabled: true; password: false; scrollable: false; [ACTION_SELECT, ACTION_CLEAR_SELECTION, ACTION_CLICK, ACTION_LONG_CLICK, ACTION_ACCESSIBILITY_FOCUS, ACTION_NEXT_AT_MOVEMENT_GRANULARITY, ACTION_PREVIOUS_AT_MOVEMENT_GRANULARITY, ACTION_SET_SELECTION]]
05-22 14:56:23.023 I/QueryController( 5213): Matched selector: UiSelector[TEXT=EmdmContacts, CLASS=android.widget.TextView, PACKAGE NAME=com.pekall.emdm.launcher] <<==>> [android.view.accessibility.AccessibilityNodeInfo@3a309; boundsInParent: Rect(0, 0 - 160, 200); boundsInScreen: Rect(550, 608 - 710, 808); packageName: com.pekall.emdm.launcher; className: android.widget.TextView; text: EmdmContacts; contentDescription: null; viewIdResName: null; checkable: false; checked: false; focusable: false; focused: false; selected: false; clickable: true; longClickable: true; enabled: true; password: false; scrollable: false; [ACTION_SELECT, ACTION_CLEAR_SELECTION, ACTION_CLICK, ACTION_LONG_CLICK, ACTION_ACCESSIBILITY_FOCUS, ACTION_NEXT_AT_MOVEMENT_GRANULARITY, ACTION_PREVIOUS_AT_MOVEMENT_GRANULARITY, ACTION_SET_SELECTION]]
05-22 14:56:23.031 I/QueryController( 5213): Matched selector: UiSelector[TEXT=EmdmContacts, CLASS=android.widget.TextView, PACKAGE NAME=com.pekall.emdm.launcher] <<==>> [android.view.accessibility.AccessibilityNodeInfo@3a309; boundsInParent: Rect(0, 0 - 160, 200); boundsInScreen: Rect(550, 608 - 710, 808); packageName: com.pekall.emdm.launcher; className: android.widget.TextView; text: EmdmContacts; contentDescription: null; viewIdResName: null; checkable: false; checked: false; focusable: false; focused: false; selected: false; clickable: true; longClickable: true; enabled: true; password: false; scrollable: false; [ACTION_SELECT, ACTION_CLEAR_SELECTION, ACTION_CLICK, ACTION_LONG_CLICK, ACTION_ACCESSIBILITY_FOCUS, ACTION_NEXT_AT_MOVEMENT_GRANULARITY, ACTION_PREVIOUS_AT_MOVEMENT_GRANULARITY, ACTION_SET_SELECTION]]
05-22 14:56:23.046 D/dalvikvm( 5213): GC_CONCURRENT freed 407K, 75% free 610K/2432K, paused 2ms+0ms, total 6ms
05-22 14:56:23.046 I/QueryController( 5213): Matched selector: UiSelector[TEXT=EmdmContacts, CLASS=android.widget.TextView, PACKAGE NAME=com.pekall.emdm.launcher] <<==>> [android.view.accessibility.AccessibilityNodeInfo@3a309; boundsInParent: Rect(0, 0 - 160, 200); boundsInScreen: Rect(550, 608 - 710, 808); packageName: com.pekall.emdm.launcher; className: android.widget.TextView; text: EmdmContacts; contentDescription: null; viewIdResName: null; checkable: false; checked: false; focusable: false; focused: false; selected: false; clickable: true; longClickable: true; enabled: true; password: false; scrollable: false; [ACTION_SELECT, ACTION_CLEAR_SELECTION, ACTION_CLICK, ACTION_LONG_CLICK, ACTION_ACCESSIBILITY_FOCUS, ACTION_NEXT_AT_MOVEMENT_GRANULARITY, ACTION_PREVIOUS_AT_MOVEMENT_GRANULARITY, ACTION_SET_SELECTION]]
05-22 14:56:23.046 D/UiObject( 5213): getText() = EmdmContacts
05-22 14:56:23.062 I/QueryController( 5213): Matched selector: UiSelector[TEXT=EmdmContacts, CLASS=android.widget.TextView, PACKAGE NAME=com.pekall.emdm.launcher] <<==>> [android.view.accessibility.AccessibilityNodeInfo@3a309; boundsInParent: Rect(0, 0 - 160, 200); boundsInScreen: Rect(550, 608 - 710, 808); packageName: com.pekall.emdm.launcher; className: android.widget.TextView; text: EmdmContacts; contentDescription: null; viewIdResName: null; checkable: false; checked: false; focusable: false; focused: false; selected: false; clickable: true; longClickable: true; enabled: true; password: false; scrollable: false; [ACTION_SELECT, ACTION_CLEAR_SELECTION, ACTION_CLICK, ACTION_LONG_CLICK, ACTION_ACCESSIBILITY_FOCUS, ACTION_NEXT_AT_MOVEMENT_GRANULARITY, ACTION_PREVIOUS_AT_MOVEMENT_GRANULARITY, ACTION_SET_SELECTION]]
05-22 14:56:23.070 I/QueryController( 5213): Matched selector: UiSelector[TEXT=EmdmContacts, CLASS=android.widget.TextView, PACKAGE NAME=com.pekall.emdm.launcher] <<==>> [android.view.accessibility.AccessibilityNodeInfo@3a309; boundsInParent: Rect(0, 0 - 160, 200); boundsInScreen: Rect(550, 608 - 710, 808); packageName: com.pekall.emdm.launcher; className: android.widget.TextView; text: EmdmContacts; contentDescription: null; viewIdResName: null; checkable: false; checked: false; focusable: false; focused: false; selected: false; clickable: true; longClickable: true; enabled: true; password: false; scrollable: false; [ACTION_SELECT, ACTION_CLEAR_SELECTION, ACTION_CLICK, ACTION_LONG_CLICK, ACTION_ACCESSIBILITY_FOCUS, ACTION_NEXT_AT_MOVEMENT_GRANULARITY, ACTION_PREVIOUS_AT_MOVEMENT_GRANULARITY, ACTION_SET_SELECTION]]
05-22 14:56:23.070 D/InteractionController( 5213): clickAndWaitForNewWindow(630, 708)
05-22 14:56:23.195 W/Parcel  (  802): Attempt to read object from Parcel 0x5e0dfdac at offset 200 that is not in the object list
05-22 14:56:23.195 I/ActivityManager(  375): START u0 {flg=0x10000000 cmp=com.pekall.emdm.launcher/com.pekall.emdm.contacts.activities.PeopleActivity} from pid 3216
05-22 14:56:23.281 D/dalvikvm(  375): GC_FOR_ALLOC freed 827K, 16% free 18246K/21608K, paused 55ms, total 56ms
05-22 14:56:23.288 D/LauncherApplication( 3216): [null:-1]->onActivityPaused
05-22 14:56:23.304 D/LauncherApplication( 3216): [null:-1]->onActivityPaused  updateTime
05-22 14:56:23.312 W/Parcel  (  802): Attempt to read object from Parcel 0x5f747dac at offset 200 that is not in the object list
05-22 14:56:23.320 I/ActivityManager(  375): START u0 {cmp=com.pekall.emdm.launcher/com.pekall.emdm.contacts.activities.DialtactsActivity (has extras)} from pid 3216
05-22 14:56:23.343 V/LauncherApplication( 3216): onActivityStarted
05-22 14:56:23.343 D/        ( 3216): [---null: -1---]     awsa  onActivityResumed
05-22 14:56:23.343 V/LauncherApplication( 3216): 2MdmConstant.LAST_LAUNCH_TIME = 1400741783313
05-22 14:56:23.351 D/        ( 3216): [---null: -1---]  activity = com.pekall.emdm.contacts.activities.DialtactsActivity
05-22 14:56:23.359 V/DefultSetContriller( 3216): isLauncherDf = com.pekall.emdm.launcher
05-22 14:56:23.359 V/DefultSetContriller( 3216): isPhoneDf = com.pekall.emdm.launcher
05-22 14:56:23.359 E/LauncherApplication( 3216): isShowLogoutUI = true
05-22 14:56:23.359 E/LauncherApplication( 3216): LogoutShowTime 1
05-22 14:56:23.390 D/ContactsProvider( 3216): [Contacts] query 'content://emdmcontacts/contacts', segment size: 1
05-22 14:56:23.406 I/ContactPhotoManager( 3216): Cache adj: 0.5
05-22 14:56:23.406 E/ContactPhotoManager( 3216): No contact photo service in context: com.pekall.emdm.launcher.LauncherApplication@42244168
05-22 14:56:23.476 V/PhoneStatusBar(  450): setLightsOn(true)
05-22 14:56:23.484 D/ContactsProvider( 3216): [Contacts] query 'content://emdmcontacts/frequently_contacts', segment size: 1
05-22 14:56:23.484 D/ContactsProvider( 3216): [Contacts] query 'content://emdmcontacts/contacts', segment size: 1
05-22 14:56:23.491 D/ContactsProvider( 3216): [Contacts] query 'content://emdmcontacts/company_calllogs', segment size: 1
05-22 14:56:23.562 I/ActivityManager(  375): Displayed com.pekall.emdm.launcher/com.pekall.emdm.contacts.activities.DialtactsActivity: +240ms (total +258ms)
05-22 14:56:24.241 I/QueryController( 5213): Matched selector: UiSelector[TEXT=company, CLASS=android.widget.TextView, PACKAGE NAME=com.pekall.emdm.launcher] <<==>> [android.view.accessibility.AccessibilityNodeInfo@28b928; boundsInParent: Rect(0, 0 - 345, 53); boundsInScreen: Rect(20, 1111 - 365, 1164); packageName: com.pekall.emdm.launcher; className: android.widget.TextView; text: company; contentDescription: null; viewIdResName: com.pekall.emdm.launcher:id/call_company; checkable: false; checked: false; focusable: false; focused: false; selected: true; clickable: true; longClickable: false; enabled: true; password: false; scrollable: false; [ACTION_SELECT, ACTION_CLEAR_SELECTION, ACTION_CLICK, ACTION_ACCESSIBILITY_FOCUS, ACTION_NEXT_AT_MOVEMENT_GRANULARITY, ACTION_PREVIOUS_AT_MOVEMENT_GRANULARITY, ACTION_SET_SELECTION]]
05-22 14:56:24.281 I/QueryController( 5213): Matched selector: UiSelector[TEXT=company, CLASS=android.widget.TextView, PACKAGE NAME=com.pekall.emdm.launcher] <<==>> [android.view.accessibility.AccessibilityNodeInfo@28b928; boundsInParent: Rect(0, 0 - 345, 53); boundsInScreen: Rect(20, 1111 - 365, 1164); packageName: com.pekall.emdm.launcher; className: android.widget.TextView; text: company; contentDescription: null; viewIdResName: com.pekall.emdm.launcher:id/call_company; checkable: false; checked: false; focusable: false; focused: false; selected: true; clickable: true; longClickable: false; enabled: true; password: false; scrollable: false; [ACTION_SELECT, ACTION_CLEAR_SELECTION, ACTION_CLICK, ACTION_ACCESSIBILITY_FOCUS, ACTION_NEXT_AT_MOVEMENT_GRANULARITY, ACTION_PREVIOUS_AT_MOVEMENT_GRANULARITY, ACTION_SET_SELECTION]]
05-22 14:56:24.281 D/UiObject( 5213): getText() = company
05-22 14:56:24.296 I/QueryController( 5213): Matched selector: UiSelector[TEXT=company, CLASS=android.widget.TextView, PACKAGE NAME=com.pekall.emdm.launcher] <<==>> [android.view.accessibility.AccessibilityNodeInfo@28b928; boundsInParent: Rect(0, 0 - 345, 53); boundsInScreen: Rect(20, 1111 - 365, 1164); packageName: com.pekall.emdm.launcher; className: android.widget.TextView; text: company; contentDescription: null; viewIdResName: com.pekall.emdm.launcher:id/call_company; checkable: false; checked: false; focusable: false; focused: false; selected: true; clickable: true; longClickable: false; enabled: true; password: false; scrollable: false; [ACTION_SELECT, ACTION_CLEAR_SELECTION, ACTION_CLICK, ACTION_ACCESSIBILITY_FOCUS, ACTION_NEXT_AT_MOVEMENT_GRANULARITY, ACTION_PREVIOUS_AT_MOVEMENT_GRANULARITY, ACTION_SET_SELECTION]]
05-22 14:56:24.304 D/dalvikvm( 5213): GC_CONCURRENT freed 384K, 74% free 638K/2432K, paused 1ms+1ms, total 5ms
05-22 14:56:24.320 I/QueryController( 5213): Matched selector: UiSelector[TEXT=company, CLASS=android.widget.TextView, PACKAGE NAME=com.pekall.emdm.launcher] <<==>> [android.view.accessibility.AccessibilityNodeInfo@28b928; boundsInParent: Rect(0, 0 - 345, 53); boundsInScreen: Rect(20, 1111 - 365, 1164); packageName: com.pekall.emdm.launcher; className: android.widget.TextView; text: company; contentDescription: null; viewIdResName: com.pekall.emdm.launcher:id/call_company; checkable: false; checked: false; focusable: false; focused: false; selected: true; clickable: true; longClickable: false; enabled: true; password: false; scrollable: false; [ACTION_SELECT, ACTION_CLEAR_SELECTION, ACTION_CLICK, ACTION_ACCESSIBILITY_FOCUS, ACTION_NEXT_AT_MOVEMENT_GRANULARITY, ACTION_PREVIOUS_AT_MOVEMENT_GRANULARITY, ACTION_SET_SELECTION]]
05-22 14:56:24.320 D/InteractionController( 5213): clickAndWaitForNewWindow(192, 1137)
05-22 14:56:24.429 D/ContactsProvider( 3216): [Contacts] query 'content://emdmcontacts/contacts', segment size: 1
05-22 14:56:26.468 D/dalvikvm(  802): GC_EXPLICIT freed 974K, 24% free 12188K/15964K, paused 2ms+4ms, total 45ms
05-22 14:56:27.429 W/InteractionController( 5213): runAndwaitForEvent timedout waiting for events
05-22 14:56:27.445 I/QueryController( 5213): Matched selector: UiSelector[CLASS=android.widget.ImageView, INDEX=2] <<==>> [android.view.accessibility.AccessibilityNodeInfo@28cbed; boundsInParent: Rect(0, 0 - 240, 50); boundsInScreen: Rect(480, 73 - 720, 123); packageName: com.pekall.emdm.launcher; className: android.widget.ImageView; text: null; contentDescription: null; viewIdResName: com.pekall.emdm.launcher:id/thrid; checkable: false; checked: false; focusable: false; focused: false; selected: false; clickable: true; longClickable: false; enabled: true; password: false; scrollable: false; [ACTION_SELECT, ACTION_CLEAR_SELECTION, ACTION_CLICK, ACTION_ACCESSIBILITY_FOCUS]]
05-22 14:56:27.445 D/InteractionController( 5213): clickAndWaitForNewWindow(600, 98)
05-22 14:56:30.546 W/InteractionController( 5213): runAndwaitForEvent timedout waiting for events
05-22 14:56:30.616 D/dalvikvm( 5213): GC_CONCURRENT freed 389K, 74% free 647K/2432K, paused 1ms+1ms, total 6ms
05-22 14:56:30.648 I/QueryController( 5213): Matched selector: UiSelector[TEXT=company, CLASS=android.widget.TextView, PACKAGE NAME=com.pekall.emdm.launcher] <<==>> [android.view.accessibility.AccessibilityNodeInfo@28b928; boundsInParent: Rect(0, 0 - 345, 53); boundsInScreen: Rect(20, 1111 - 365, 1164); packageName: com.pekall.emdm.launcher; className: android.widget.TextView; text: company; contentDescription: null; viewIdResName: com.pekall.emdm.launcher:id/call_company; checkable: false; checked: false; focusable: false; focused: false; selected: true; clickable: true; longClickable: false; enabled: true; password: false; scrollable: false; [ACTION_SELECT, ACTION_CLEAR_SELECTION, ACTION_CLICK, ACTION_ACCESSIBILITY_FOCUS, ACTION_NEXT_AT_MOVEMENT_GRANULARITY, ACTION_PREVIOUS_AT_MOVEMENT_GRANULARITY, ACTION_SET_SELECTION]]
05-22 14:56:30.663 I/QueryController( 5213): Matched selector: UiSelector[PACKAGE NAME=com.pekall.emdm.launcher] <<==>> [android.view.accessibility.AccessibilityNodeInfo@27fd76; boundsInParent: Rect(0, 0 - 720, 1184); boundsInScreen: Rect(0, 0 - 720, 1184); packageName: com.pekall.emdm.launcher; className: android.widget.FrameLayout; text: null; contentDescription: null; viewIdResName: null; checkable: false; checked: false; focusable: false; focused: false; selected: false; clickable: false; longClickable: false; enabled: true; password: false; scrollable: false; [ACTION_SELECT, ACTION_CLEAR_SELECTION, ACTION_ACCESSIBILITY_FOCUS]]
05-22 14:56:30.695 I/QueryController( 5213): Matched selector: UiSelector[PACKAGE NAME=com.pekall.emdm.launcher] <<==>> [android.view.accessibility.AccessibilityNodeInfo@27fd76; boundsInParent: Rect(0, 0 - 720, 1184); boundsInScreen: Rect(0, 0 - 720, 1184); packageName: com.pekall.emdm.launcher; className: android.widget.FrameLayout; text: null; contentDescription: null; viewIdResName: null; checkable: false; checked: false; focusable: false; focused: false; selected: false; clickable: false; longClickable: false; enabled: true; password: false; scrollable: false; [ACTION_SELECT, ACTION_CLEAR_SELECTION, ACTION_ACCESSIBILITY_FOCUS]]
05-22 14:56:30.702 D/dalvikvm( 5213): GC_CONCURRENT freed 400K, 74% free 638K/2432K, paused 2ms+0ms, total 6ms
05-22 14:56:30.741 I/ActivityManager(  375): START u0 {act=android.intent.action.MAIN cat=[android.intent.category.HOME] flg=0x10200000 cmp=com.pekall.emdm.launcher/.Launcher} from pid 375
05-22 14:56:30.827 D/dalvikvm(  375): GC_FOR_ALLOC freed 1583K, 19% free 17509K/21608K, paused 55ms, total 56ms
05-22 14:56:30.835 D/LauncherApplication( 3216): [null:-1]->onActivityPaused
05-22 14:56:30.843 D/LauncherApplication( 3216): [null:-1]->onActivityPaused  updateTime
05-22 14:56:30.859 V/LauncherApplication( 3216): onActivityStarted
05-22 14:56:30.859 D/        ( 3216): [---null: -1---]     awsa  onActivityResumed
05-22 14:56:30.859 V/LauncherApplication( 3216): 2MdmConstant.LAST_LAUNCH_TIME = 1400741790856
05-22 14:56:30.866 D/        ( 3216): [---null: -1---]  activity = com.pekall.emdm.launcher.Launcher
05-22 14:56:30.866 V/DefultSetContriller( 3216): isLauncherDf = com.pekall.emdm.launcher
05-22 14:56:30.874 V/DefultSetContriller( 3216): isLauncherDf = com.pekall.emdm.launcher
05-22 14:56:30.874 V/DefultSetContriller( 3216): isPhoneDf = com.pekall.emdm.launcher
05-22 14:56:30.874 E/LauncherApplication( 3216): isShowLogoutUI = true
05-22 14:56:30.874 E/LauncherApplication( 3216): LogoutShowTime 1
05-22 14:56:30.874 V/Launcher( 3216): onResume1111111 
05-22 14:56:30.874 V/Launcher( 3216): is login ----> 
05-22 14:56:30.874 I/System.out( 3216):  
05-22 14:56:30.874 I/System.out( 3216): com.pekall.emdm.launcher.Workspace.setWallpaper(Unknown Source)
05-22 14:56:30.874 I/System.out( 3216): com.pekall.emdm.launcher.Launcher.onResume(Unknown Source)
05-22 14:56:30.874 I/System.out( 3216): android.app.Instrumentation.callActivityOnResume(Instrumentation.java:1192)
05-22 14:56:30.874 I/System.out( 3216): android.app.Activity.performResume(Activity.java:5211)
05-22 14:56:30.874 I/System.out( 3216): android.app.ActivityThread.performResumeActivity(ActivityThread.java:2780)
05-22 14:56:30.874 I/System.out( 3216): android.app.ActivityThread.handleResumeActivity(ActivityThread.java:2819)
05-22 14:56:30.874 I/System.out( 3216): android.app.ActivityThread$H.handleMessage(ActivityThread.java:1298)
05-22 14:56:30.874 I/System.out( 3216): android.os.Handler.dispatchMessage(Handler.java:99)
05-22 14:56:30.874 I/System.out( 3216): android.os.Looper.loop(Looper.java:137)
05-22 14:56:30.874 I/System.out( 3216): android.app.ActivityThread.main(ActivityThread.java:5103)
05-22 14:56:30.874 I/System.out( 3216): java.lang.reflect.Method.invokeNative(Native Method)
05-22 14:56:30.874 I/System.out( 3216): java.lang.reflect.Method.invoke(Method.java:525)
05-22 14:56:30.874 I/System.out( 3216): com.android.internal.os.ZygoteInit$MethodAndArgsCaller.run(ZygoteInit.java:737)
05-22 14:56:30.874 I/System.out( 3216): com.android.internal.os.ZygoteInit.main(ZygoteInit.java:553)
05-22 14:56:30.874 I/System.out( 3216): dalvik.system.NativeStart.main(Native Method)
05-22 14:56:31.124 D/dalvikvm( 3216): JIT unchain all for threadid=11
05-22 14:56:31.195 D/dalvikvm( 3216): GC_FOR_ALLOC freed 4045K, 30% free 31936K/45304K, paused 321ms, total 321ms
05-22 14:56:31.226 W/SQLiteCursor( 3216): Finalizing a Cursor that has not been deactivated or closed. database = /data/data/com.pekall.emdm.launcher/databases/emdm_contacts.db, table = company_calllogs, query = SELECT _id, number, date, duration, type, name, numbertype, numberlabel, company_calllogs_id, company_calllogs_department, company_id FROM company_calllogs ORDER BY date DESC
05-22 14:56:31.226 W/SQLiteCursor( 3216): com.pekall.sandbox.database.sqlite.DatabaseObjectNotClosedException: Application did not close the cursor or database object that was opened here
05-22 14:56:31.226 W/SQLiteCursor( 3216): 	at com.pekall.sandbox.database.sqlite.SQLiteCursor.<init>(Unknown Source)
05-22 14:56:31.226 W/SQLiteCursor( 3216): 	at com.pekall.sandbox.database.sqlite.SQLiteDirectCursorDriver.query(Unknown Source)
05-22 14:56:31.226 W/SQLiteCursor( 3216): 	at com.pekall.sandbox.database.sqlite.SQLiteDatabase.rawQueryWithFactory(Unknown Source)
05-22 14:56:31.226 W/SQLiteCursor( 3216): 	at com.pekall.sandbox.database.sqlite.SQLiteQueryBuilder.query(Unknown Source)
05-22 14:56:31.226 W/SQLiteCursor( 3216): 	at com.pekall.emdm.contacts.db.SimpleContactsProvider.query(Unknown Source)
05-22 14:56:31.226 W/SQLiteCursor( 3216): 	at android.content.ContentProvider.query(ContentProvider.java:744)
05-22 14:56:31.226 W/SQLiteCursor( 3216): 	at android.content.ContentProvider$Transport.query(ContentProvider.java:199)
05-22 14:56:31.226 W/SQLiteCursor( 3216): 	at android.content.ContentResolver.query(ContentResolver.java:414)
05-22 14:56:31.226 W/SQLiteCursor( 3216): 	at android.content.ContentResolver.query(ContentResolver.java:357)
05-22 14:56:31.226 W/SQLiteCursor( 3216): 	at android.content.AsyncQueryHandler$WorkerHandler.handleMessage(AsyncQueryHandler.java:79)
05-22 14:56:31.226 W/SQLiteCursor( 3216): 	at com.pekall.emdm.contacts.calllog.p.handleMessage(Unknown Source)
05-22 14:56:31.226 W/SQLiteCursor( 3216): 	at android.os.Handler.dispatchMessage(Handler.java:99)
05-22 14:56:31.226 W/SQLiteCursor( 3216): 	at android.os.Looper.loop(Looper.java:137)
05-22 14:56:31.226 W/SQLiteCursor( 3216): 	at android.os.HandlerThread.run(HandlerThread.java:61)
05-22 14:56:31.234 W/CursorWrapperInner( 3216): Cursor finalized without prior close()
05-22 14:56:31.234 W/SQLiteCursor( 3216): Finalizing a Cursor that has not been deactivated or closed. database = /data/data/com.pekall.emdm.launcher/databases/emdm_contacts.db, table = contacts, query = SELECT * FROM contacts ORDER BY sort_key  asc
05-22 14:56:31.234 W/SQLiteCursor( 3216): com.pekall.sandbox.database.sqlite.DatabaseObjectNotClosedException: Application did not close the cursor or database object that was opened here
05-22 14:56:31.234 W/SQLiteCursor( 3216): 	at com.pekall.sandbox.database.sqlite.SQLiteCursor.<init>(Unknown Source)
05-22 14:56:31.234 W/SQLiteCursor( 3216): 	at com.pekall.sandbox.database.sqlite.SQLiteDirectCursorDriver.query(Unknown Source)
05-22 14:56:31.234 W/SQLiteCursor( 3216): 	at com.pekall.sandbox.database.sqlite.SQLiteDatabase.rawQueryWithFactory(Unknown Source)
05-22 14:56:31.234 W/SQLiteCursor( 3216): 	at com.pekall.sandbox.database.sqlite.SQLiteQueryBuilder.query(Unknown Source)
05-22 14:56:31.234 W/SQLiteCursor( 3216): 	at com.pekall.emdm.contacts.db.SimpleContactsProvider.query(Unknown Source)
05-22 14:56:31.234 W/SQLiteCursor( 3216): 	at android.content.ContentProvider.query(ContentProvider.java:744)
05-22 14:56:31.234 W/SQLiteCursor( 3216): 	at android.content.ContentProvider$Transport.query(ContentProvider.java:199)
05-22 14:56:31.234 W/SQLiteCursor( 3216): 	at android.content.ContentResolver.query(ContentResolver.java:414)
05-22 14:56:31.234 W/SQLiteCursor( 3216): 	at android.content.ContentResolver.query(ContentResolver.java:357)
05-22 14:56:31.234 W/SQLiteCursor( 3216): 	at com.pekall.emdm.contacts.ui.DefaultContactBrowseListFragment.d(Unknown Source)
05-22 14:56:31.234 W/SQLiteCursor( 3216): 	at com.pekall.emdm.contacts.ui.DefaultContactBrowseListFragment.onClick(Unknown Source)
05-22 14:56:31.234 W/SQLiteCursor( 3216): 	at android.view.View.performClick(View.java:4240)
05-22 14:56:31.234 W/SQLiteCursor( 3216): 	at android.view.View$PerformClick.run(View.java:17721)
05-22 14:56:31.234 W/SQLiteCursor( 3216): 	at android.os.Handler.handleCallback(Handler.java:730)
05-22 14:56:31.234 W/SQLiteCursor( 3216): 	at android.os.Handler.dispatchMessage(Handler.java:92)
05-22 14:56:31.234 W/SQLiteCursor( 3216): 	at android.os.Looper.loop(Looper.java:137)
05-22 14:56:31.234 W/SQLiteCursor( 3216): 	at android.app.ActivityThread.main(ActivityThread.java:5103)
05-22 14:56:31.234 W/SQLiteCursor( 3216): 	at java.lang.reflect.Method.invokeNative(Native Method)
05-22 14:56:31.234 W/SQLiteCursor( 3216): 	at java.lang.reflect.Method.invoke(Method.java:525)
05-22 14:56:31.234 W/SQLiteCursor( 3216): 	at com.android.internal.os.ZygoteInit$MethodAndArgsCaller.run(ZygoteInit.java:737)
05-22 14:56:31.234 W/SQLiteCursor( 3216): 	at com.android.internal.os.ZygoteInit.main(ZygoteInit.java:553)
05-22 14:56:31.234 W/SQLiteCursor( 3216): 	at dalvik.system.NativeStart.main(Native Method)
05-22 14:56:31.241 W/CursorWrapperInner( 3216): Cursor finalized without prior close()
05-22 14:56:31.249 W/SQLiteCursor( 3216): Finalizing a Cursor that has not been deactivated or closed. database = /data/data/com.pekall.emdm.launcher/databases/emdm_contacts.db, table = frequently_contacts, query = SELECT _id, company_id, number, date, name FROM frequently_contacts ORDER BY date DESC
05-22 14:56:31.249 W/SQLiteCursor( 3216): com.pekall.sandbox.database.sqlite.DatabaseObjectNotClosedException: Application did not close the cursor or database object that was opened here
05-22 14:56:31.249 W/SQLiteCursor( 3216): 	at com.pekall.sandbox.database.sqlite.SQLiteCursor.<init>(Unknown Source)
05-22 14:56:31.249 W/SQLiteCursor( 3216): 	at com.pekall.sandbox.database.sqlite.SQLiteDirectCursorDriver.query(Unknown Source)
05-22 14:56:31.249 W/SQLiteCursor( 3216): 	at com.pekall.sandbox.database.sqlite.SQLiteDatabase.rawQueryWithFactory(Unknown Source)
05-22 14:56:31.249 W/SQLiteCursor( 3216): 	at com.pekall.sandbox.database.sqlite.SQLiteQueryBuilder.query(Unknown Source)
05-22 14:56:31.249 W/SQLiteCursor( 3216): 	at com.pekall.emdm.contacts.db.SimpleContactsProvider.query(Unknown Source)
05-22 14:56:31.249 W/SQLiteCursor( 3216): 	at android.content.ContentProvider.query(ContentProvider.java:744)
05-22 14:56:31.249 W/SQLiteCursor( 3216): 	at android.content.ContentProvider$Transport.query(ContentProvider.java:199)
05-22 14:56:31.249 W/SQLiteCursor( 3216): 	at android.content.ContentResolver.query(ContentResolver.java:414)
05-22 14:56:31.249 W/SQLiteCursor( 3216): 	at android.content.ContentResolver.query(ContentResolver.java:357)
05-22 14:56:31.249 W/SQLiteCursor( 3216): 	at com.pekall.emdm.contacts.ui.n.a(Unknown Source)
05-22 14:56:31.249 W/SQLiteCursor( 3216): 	at com.pekall.emdm.contacts.ui.n.doInBackground(Unknown Source)
05-22 14:56:31.249 W/SQLiteCursor( 3216): 	at android.os.AsyncTask$2.call(AsyncTask.java:287)
05-22 14:56:31.249 W/SQLiteCursor( 3216): 	at java.util.concurrent.FutureTask.run(FutureTask.java:234)
05-22 14:56:31.249 W/SQLiteCursor( 3216): 	at android.os.AsyncTask$SerialExecutor$1.run(AsyncTask.java:230)
05-22 14:56:31.249 W/SQLiteCursor( 3216): 	at java.util.concurrent.ThreadPoolExecutor.runWorker(ThreadPoolExecutor.java:1080)
05-22 14:56:31.249 W/SQLiteCursor( 3216): 	at java.util.concurrent.ThreadPoolExecutor$Worker.run(ThreadPoolExecutor.java:573)
05-22 14:56:31.249 W/SQLiteCursor( 3216): 	at java.lang.Thread.run(Thread.java:841)
05-22 14:56:31.249 W/CursorWrapperInner( 3216): Cursor finalized without prior close()
05-22 14:56:31.249 W/CursorWrapperInner( 3216): Cursor finalized without prior close()
05-22 14:56:31.523 D/dalvikvm(  802): GC_EXPLICIT freed 99K, 24% free 12160K/15964K, paused 1ms+4ms, total 53ms
05-22 14:56:31.781 D/DefaultContactBrowseListFragment( 3216): onDestroyView==============
05-22 14:56:31.788 D/AssistantCallLogFragment( 3216): [---null: -1---]onDestroyView==============
05-22 14:56:33.562 I/QueryController( 5213): Matched selector: UiSelector[TEXT=Personal Mode, CLASS=android.widget.TextView, PACKAGE NAME=com.pekall.emdm.launcher] <<==>> [android.view.accessibility.AccessibilityNodeInfo@39b87; boundsInParent: Rect(0, 0 - 160, 200); boundsInScreen: Rect(190, 608 - 350, 808); packageName: com.pekall.emdm.launcher; className: android.widget.TextView; text: Personal Mode; contentDescription: null; viewIdResName: null; checkable: false; checked: false; focusable: false; focused: false; selected: false; clickable: true; longClickable: true; enabled: true; password: false; scrollable: false; [ACTION_SELECT, ACTION_CLEAR_SELECTION, ACTION_CLICK, ACTION_LONG_CLICK, ACTION_ACCESSIBILITY_FOCUS, ACTION_NEXT_AT_MOVEMENT_GRANULARITY, ACTION_PREVIOUS_AT_MOVEMENT_GRANULARITY, ACTION_SET_SELECTION]]
05-22 14:56:33.570 I/QueryController( 5213): Matched selector: UiSelector[TEXT=EmdmContacts, CLASS=android.widget.TextView, PACKAGE NAME=com.pekall.emdm.launcher] <<==>> [android.view.accessibility.AccessibilityNodeInfo@3a309; boundsInParent: Rect(0, 0 - 160, 200); boundsInScreen: Rect(550, 608 - 710, 808); packageName: com.pekall.emdm.launcher; className: android.widget.TextView; text: EmdmContacts; contentDescription: null; viewIdResName: null; checkable: false; checked: false; focusable: false; focused: false; selected: false; clickable: true; longClickable: true; enabled: true; password: false; scrollable: false; [ACTION_SELECT, ACTION_CLEAR_SELECTION, ACTION_CLICK, ACTION_LONG_CLICK, ACTION_ACCESSIBILITY_FOCUS, ACTION_NEXT_AT_MOVEMENT_GRANULARITY, ACTION_PREVIOUS_AT_MOVEMENT_GRANULARITY, ACTION_SET_SELECTION]]
05-22 14:56:33.577 I/QueryController( 5213): Matched selector: UiSelector[TEXT=EmdmContacts, CLASS=android.widget.TextView, PACKAGE NAME=com.pekall.emdm.launcher] <<==>> [android.view.accessibility.AccessibilityNodeInfo@3a309; boundsInParent: Rect(0, 0 - 160, 200); boundsInScreen: Rect(550, 608 - 710, 808); packageName: com.pekall.emdm.launcher; className: android.widget.TextView; text: EmdmContacts; contentDescription: null; viewIdResName: null; checkable: false; checked: false; focusable: false; focused: false; selected: false; clickable: true; longClickable: true; enabled: true; password: false; scrollable: false; [ACTION_SELECT, ACTION_CLEAR_SELECTION, ACTION_CLICK, ACTION_LONG_CLICK, ACTION_ACCESSIBILITY_FOCUS, ACTION_NEXT_AT_MOVEMENT_GRANULARITY, ACTION_PREVIOUS_AT_MOVEMENT_GRANULARITY, ACTION_SET_SELECTION]]
