05-22 13:55:47.986 E/ActivityManager(  374):   0.4% 21284/kworker/u:0: 0% user + 0.4% kernel
05-22 13:55:47.986 E/ActivityManager(  374):   0.4% 22963/kworker/u:6: 0% user + 0.4% kernel
05-22 13:55:47.986 E/ActivityManager(  374):   0.3% 117/vold: 0.1% user + 0.2% kernel
05-22 13:55:47.986 E/ActivityManager(  374):   0% 568/com.android.nfc: 0% user + 0% kernel / faults: 28 minor
05-22 13:55:47.986 E/ActivityManager(  374):   0.3% 20874/com.qihoo.appstore: 0.1% user + 0.2% kernel / faults: 1 minor
05-22 13:55:47.986 E/ActivityManager(  374):   0.3% 21289/kworker/u:3: 0% user + 0.3% kernel
05-22 13:55:47.986 E/ActivityManager(  374):   0.3% 22215/kworker/u:5: 0% user + 0.3% kernel
05-22 13:55:47.986 E/ActivityManager(  374):   0.2% 95/ueventd: 0.1% user + 0.1% kernel
05-22 13:55:47.986 E/ActivityManager(  374):   0.2% 23351/logcat: 0.1% user + 0.1% kernel / faults: 1 minor
05-22 13:55:47.986 E/ActivityManager(  374):   0.1% 1615/logcat: 0.1% user + 0% kernel
05-22 13:55:47.986 E/ActivityManager(  374):   0% 4648/logcat: 0% user + 0% kernel
05-22 13:55:47.986 E/ActivityManager(  374):   0.1% 20243/kworker/1:1: 0% user + 0.1% kernel
05-22 13:55:47.986 E/ActivityManager(  374):   0.1% 21248/com.nd.assistance.ServerService: 0.1% user + 0% kernel / faults: 3 minor
05-22 13:55:47.986 E/ActivityManager(  374): 100% TOTAL: 91% user + 8.1% kernel
05-22 13:55:47.986 E/ActivityManager(  374): CPU usage from 5637ms to 6184ms later:
05-22 13:55:47.986 E/ActivityManager(  374):   96% 22964/com.pekall.emdm.launcher: 96% user + 0% kernel
05-22 13:55:47.986 E/ActivityManager(  374):     94% 22977/Thread-5352: 94% user + 0% kernel
05-22 13:55:47.986 E/ActivityManager(  374):   92% 23354/com.pekall.emdm.launcher:remote: 92% user + 0% kernel
05-22 13:55:47.986 E/ActivityManager(  374):     92% 23367/Thread-5373: 92% user + 0% kernel
05-22 13:55:47.986 E/ActivityManager(  374):   7.2% 374/system_server: 3.6% user + 3.6% kernel / faults: 23 minor
05-22 13:55:47.986 E/ActivityManager(  374):     3.6% 390/ActivityManager: 1.8% user + 1.8% kernel
05-22 13:55:47.986 E/ActivityManager(  374):     1.8% 380/Compiler: 1.8% user + 0% kernel
05-22 13:55:47.986 E/ActivityManager(  374):     1.8% 401/UEventObserver: 1.8% user + 0% kernel
05-22 13:55:47.986 E/ActivityManager(  374):   0.6% 121/netd: 0% user + 0.6% kernel
05-22 13:55:47.986 E/ActivityManager(  374):     0.6% 360/netd: 0% user + 0.6% kernel
05-22 13:55:47.986 E/ActivityManager(  374):   1.8% 124/surfaceflinger: 0% user + 1.8% kernel
05-22 13:55:47.986 E/ActivityManager(  374):   1.8% 127/mediaserver: 0% user + 1.8% kernel
05-22 13:55:47.986 E/ActivityManager(  374):     3.6% 206/FastMixer: 3.6% user + 0% kernel
05-22 13:55:47.986 E/ActivityManager(  374):     1.8% 395/AudioOut_2: 0% user + 1.8% kernel
05-22 13:55:47.986 E/ActivityManager(  374):   0.7% 510/com.android.phasebeam: 0.7% user + 0% kernel
05-22 13:55:47.986 E/ActivityManager(  374): 100% TOTAL: 93% user + 6.4% kernel
05-22 13:55:47.986 W/ActivityManager(  374): Killing ProcessRecord{42548a88 23354:com.pekall.emdm.launcher:remote/u0a10066}: background ANR
05-22 13:55:48.002 I/ActivityManager(  374): Process com.pekall.emdm.launcher:remote (pid 23354) has died.
05-22 13:55:48.010 W/ActivityManager(  374): Scheduling restart of crashed service com.pekall.emdm.launcher/com.baidu.location.f in 80000ms
05-22 13:55:49.025 I/ActivityManager(  374): Start proc com.google.android.email for service com.google.android.email/com.android.email.service.MailService: pid=23418 uid=10016 gids={50016, 3003, 1015, 1028}
05-22 13:55:49.142 I/ActivityManager(  374): Start proc com.google.android.exchange for service com.google.android.exchange/com.android.exchange.ExchangeService: pid=23434 uid=10017 gids={50017, 3003, 1015, 1028}
05-22 13:55:55.681 D/PhoneStatusBar(  448): disable: < expand icons alerts ticker system_info BACK HOME recent* CLOCK search* >
05-22 13:55:55.744 D/PhoneStatusBar(  448): disable: < expand icons alerts ticker system_info back* home* recent clock* search >
05-22 13:56:02.056 W/MountService(  374): getVolumeState(/storage/emulated/0/external_sd): Unknown volume
05-22 13:56:02.056 W/MountService(  374): getVolumeState(/mnt/sdcard-ext): Unknown volume
05-22 13:56:02.056 W/MountService(  374): getVolumeState(/mnt/ext_sdcard): Unknown volume
05-22 13:56:02.056 W/MountService(  374): getVolumeState(/mnt/sdcard2): Unknown volume
05-22 13:56:02.056 W/MountService(  374): getVolumeState(/mnt/emmc): Unknown volume
05-22 13:56:02.056 W/MountService(  374): getVolumeState(/mnt/extSdCard): Unknown volume
05-22 13:56:02.056 W/MountService(  374): getVolumeState(/mnt/sdcard/SD_CARD): Unknown volume
05-22 13:56:02.056 W/MountService(  374): getVolumeState(/mnt/sdcard/extra_sd): Unknown volume
05-22 13:56:02.056 W/MountService(  374): getVolumeState(/mnt/extrasd_bind): Unknown volume
05-22 13:56:02.056 W/MountService(  374): getVolumeState(/mnt/sdcard/ext_sd): Unknown volume
05-22 13:56:02.064 W/MountService(  374): getVolumeState(/storage/extSdCard): Unknown volume
05-22 13:56:02.064 W/MountService(  374): getVolumeState(/storage/sdcard1): Unknown volume
05-22 13:56:02.064 W/MountService(  374): getVolumeState(/mnt/sdcard/external_SD): Unknown volume
05-22 13:56:02.064 W/MountService(  374): getVolumeState(/mnt/sdcard/external_sd): Unknown volume
05-22 13:56:02.369 W/MountService(  374): getVolumeState(/storage/emulated/0/external_sd): Unknown volume
05-22 13:56:02.369 W/MountService(  374): getVolumeState(/mnt/sdcard-ext): Unknown volume
05-22 13:56:02.369 W/MountService(  374): getVolumeState(/mnt/ext_sdcard): Unknown volume
05-22 13:56:02.369 W/MountService(  374): getVolumeState(/mnt/sdcard2): Unknown volume
05-22 13:56:02.369 W/MountService(  374): getVolumeState(/mnt/emmc): Unknown volume
05-22 13:56:02.369 W/MountService(  374): getVolumeState(/mnt/extSdCard): Unknown volume
05-22 13:56:02.369 W/MountService(  374): getVolumeState(/mnt/sdcard/SD_CARD): Unknown volume
05-22 13:56:02.392 W/MountService(  374): getVolumeState(/mnt/sdcard/extra_sd): Unknown volume
05-22 13:56:02.392 W/MountService(  374): getVolumeState(/mnt/extrasd_bind): Unknown volume
05-22 13:56:02.392 W/MountService(  374): getVolumeState(/mnt/sdcard/ext_sd): Unknown volume
05-22 13:56:02.400 W/MountService(  374): getVolumeState(/storage/extSdCard): Unknown volume
05-22 13:56:02.400 W/MountService(  374): getVolumeState(/storage/sdcard1): Unknown volume
05-22 13:56:02.400 W/MountService(  374): getVolumeState(/mnt/sdcard/external_SD): Unknown volume
05-22 13:56:02.400 W/MountService(  374): getVolumeState(/mnt/sdcard/external_sd): Unknown volume
05-22 13:56:32.010 I/ActivityManager(  374): START u0 {flg=0x8000 cmp=com.pekall.emdm.launcher/.Launcher} from pid 22964
05-22 13:56:33.142 W/ActivityManager(  374): Unable to start service Intent { cmp=com.pekall.emdm.launcher/com.pekall.semail.service.AttachmentDownloadService } U=0: not found
05-22 13:56:34.447 W/ActivityManager(  374): Unable to start service Intent { act=pekall.intent.action.DOWNLOAD_APP (has extras) } U=0: not found
05-22 13:56:34.588 I/ActivityManager(  374): Process com.android.settings (pid 22249) has died.
05-22 13:56:35.408 I/ActivityManager(  374): START u0 {act=android.intent.action.MAIN cat=[android.intent.category.HOME] flg=0x10200000 cmp=com.pekall.emdm.launcher/.Launcher} from pid 374
05-22 13:56:41.556 V/PanelView(  448): animationTick called with dtms=0; nothing to do (h=0.0 v=4000.0)
05-22 13:56:45.971 I/ActivityManager(  374): Start proc com.pekall.emdm.launcher:remote for service com.pekall.emdm.launcher/com.baidu.location.f: pid=23544 uid=10066 gids={50066, 1015, 3002, 3001, 3003, 1028}
05-22 13:56:46.510 D/ActivityThread(23544): Loading provider com.pekall.semail.provider;com.pekall.semail.notifier: com.pekall.semail.provider.EmailProvider
05-22 13:56:47.580 D/ActivityThread(23544): Loading provider com.pekall.semail.provider;com.pekall.semail.notifier: com.pekall.semail.provider.EmailProvider
05-22 13:56:52.306 W/ActivityManager(  374): Unable to start service Intent { cmp=com.pekall.emdm.launcher/com.pekall.semail.service.AttachmentDownloadService } U=0: not found
05-22 13:57:02.900 W/MountService(  374): getVolumeState(/storage/emulated/0/external_sd): Unknown volume
05-22 13:57:02.916 W/MountService(  374): getVolumeState(/mnt/sdcard-ext): Unknown volume
05-22 13:57:02.916 W/MountService(  374): getVolumeState(/mnt/ext_sdcard): Unknown volume
05-22 13:57:02.924 W/MountService(  374): getVolumeState(/mnt/sdcard2): Unknown volume
05-22 13:57:02.931 W/MountService(  374): getVolumeState(/mnt/emmc): Unknown volume
05-22 13:57:02.931 W/MountService(  374): getVolumeState(/mnt/extSdCard): Unknown volume
05-22 13:57:02.939 W/MountService(  374): getVolumeState(/mnt/sdcard/SD_CARD): Unknown volume
05-22 13:57:02.947 W/MountService(  374): getVolumeState(/mnt/sdcard/extra_sd): Unknown volume
05-22 13:57:02.971 W/MountService(  374): getVolumeState(/mnt/extrasd_bind): Unknown volume
05-22 13:57:02.971 W/MountService(  374): getVolumeState(/mnt/sdcard/ext_sd): Unknown volume
05-22 13:57:03.049 W/MountService(  374): getVolumeState(/storage/extSdCard): Unknown volume
05-22 13:57:03.072 W/MountService(  374): getVolumeState(/storage/sdcard1): Unknown volume
05-22 13:57:03.072 W/MountService(  374): getVolumeState(/mnt/sdcard/external_SD): Unknown volume
05-22 13:57:03.072 W/MountService(  374): getVolumeState(/mnt/sdcard/external_sd): Unknown volume
05-22 13:57:05.408 I/PowerManagerService(  374): Going to sleep due to screen timeout...
05-22 13:57:06.033 W/ActivityManager(  374): Timeout executing service: ServiceRecord{42f9c6a8 u0 com.pekall.emdm.launcher/com.baidu.location.f}
05-22 13:57:09.869 I/PowerManagerService(  374): Waking up from sleep...
05-22 13:57:10.580 W/ProcessStats(  374): Skipping unknown process pid 20802
05-22 13:57:10.603 W/ProcessStats(  374): Skipping unknown process pid 21862
05-22 13:57:12.244 E/ActivityManager(  374): ANR in com.pekall.emdm.launcher:remote
05-22 13:57:12.244 E/ActivityManager(  374): Reason: Executing service com.pekall.emdm.launcher/com.baidu.location.f
05-22 13:57:12.244 E/ActivityManager(  374): Load: 3.24 / 2.83 / 2.34
05-22 13:57:12.244 E/ActivityManager(  374): CPU usage from 1036ms to -6146ms ago:
05-22 13:57:12.244 E/ActivityManager(  374):   66% 23544/com.pekall.emdm.launcher:remote: 66% user + 0% kernel / faults: 117 minor
05-22 13:57:12.244 E/ActivityManager(  374):   65% 22964/com.pekall.emdm.launcher: 65% user + 0.5% kernel / faults: 297 minor
05-22 13:57:12.244 E/ActivityManager(  374):   24% 374/system_server: 17% user + 6.9% kernel / faults: 1084 minor
05-22 13:57:12.244 E/ActivityManager(  374):   21% 23529/uiautomator: 12% user + 8.6% kernel / faults: 375 minor
05-22 13:57:12.244 E/ActivityManager(  374):   13% 448/com.android.systemui: 13% user + 0.4% kernel / faults: 87 minor
05-22 13:57:12.244 E/ActivityManager(  374):   2% 124/surfaceflinger: 0.5% user + 1.5% kernel / faults: 5149 minor
05-22 13:57:12.244 E/ActivityManager(  374):   1.8% 1661/com.qihoo360.mobilesafe:GuardService: 1.6% user + 0.1% kernel / faults: 170 minor
05-22 13:57:12.244 E/ActivityManager(  374):   1.3% 1468/com.qihoo.daemon: 0.9% user + 0.4% kernel / faults: 781 minor
05-22 13:57:12.244 E/ActivityManager(  374):   0.8% 561/com.android.phone: 0.5% user + 0.2% kernel / faults: 32 minor
05-22 13:57:12.244 E/ActivityManager(  374):   0.1% 568/com.android.nfc: 0% user + 0% kernel / faults: 28 minor
05-22 13:57:12.244 E/ActivityManager(  374):   0.2% 20874/com.qihoo.appstore: 0% user + 0.2% kernel / faults: 5 minor
05-22 13:57:12.244 E/ActivityManager(  374):   0.1% 21284/kworker/u:0: 0% user + 0.1% kernel
05-22 13:57:12.244 E/ActivityManager(  374):   0% 82/mmcqd/0: 0% user + 0% kernel
05-22 13:57:12.244 E/ActivityManager(  374):   0.1% 135/adbd: 0% user + 0.1% kernel
05-22 13:57:12.244 E/ActivityManager(  374):   0.1% 21353/kworker/0:1: 0% user + 0.1% kernel
05-22 13:57:12.244 E/ActivityManager(  374):   0.1% 22215/kworker/u:5: 0% user + 0.1% kernel
05-22 13:57:12.244 E/ActivityManager(  374):   0% 22963/kworker/u:6: 0% user + 0% kernel
05-22 13:57:12.244 E/ActivityManager(  374): 99% TOTAL: 89% user + 10% kernel
05-22 13:57:12.244 E/ActivityManager(  374): CPU usage from 4948ms to 5561ms later:
05-22 13:57:12.244 E/ActivityManager(  374):   74% 23544/com.pekall.emdm.launcher:remote: 74% user + 0% kernel
05-22 13:57:12.244 E/ActivityManager(  374):     72% 23557/Thread-5382: 72% user + 0% kernel
05-22 13:57:12.244 E/ActivityManager(  374):   51% 22964/com.pekall.emdm.launcher: 51% user + 0% kernel / faults: 1 minor
05-22 13:57:12.244 E/ActivityManager(  374):     51% 22977/Thread-5352: 51% user + 0% kernel
05-22 13:57:12.244 E/ActivityManager(  374):   40% 448/com.android.systemui: 40% user + 0% kernel / faults: 27 minor
05-22 13:57:12.244 E/ActivityManager(  374):     31% 448/ndroid.systemui: 31% user + 0% kernel
05-22 13:57:12.244 E/ActivityManager(  374):     4.6% 453/GC: 4.6% user + 0% kernel
05-22 13:57:12.244 E/ActivityManager(  374):     1.5% 454/Signal Catcher: 1.5% user + 0% kernel
05-22 13:57:12.244 E/ActivityManager(  374):     1.5% 457/Compiler: 1.5% user + 0% kernel
05-22 13:57:12.244 E/ActivityManager(  374):     1.5% 4671/Binder_6: 1.5% user + 0% kernel
05-22 13:57:12.244 E/ActivityManager(  374):   17% 374/system_server: 4.7% user + 12% kernel / faults: 28 minor
05-22 13:57:12.244 E/ActivityManager(  374):     15% 390/ActivityManager: 3.1% user + 12% kernel
05-22 13:57:12.244 E/ActivityManager(  374):     3.1% 386/SensorService: 1.5% user + 1.5% kernel
05-22 13:57:12.244 E/ActivityManager(  374):     1.5% 380/Compiler: 1.5% user + 0% kernel
05-22 13:57:12.244 E/ActivityManager(  374):     1.5% 602/Binder_6: 1.5% user + 0% kernel
05-22 13:57:12.244 E/ActivityManager(  374):   4.5% 23529/uiautomator: 1.8% user + 2.7% kernel / faults: 133 minor
05-22 13:57:12.244 E/ActivityManager(  374):     2.7% 23529/uiautomator: 0.9% user + 1.8% kernel
05-22 13:57:12.244 E/ActivityManager(  374):     0.9% 23538/Binder_2: 0.9% user + 0% kernel
05-22 13:57:12.244 E/ActivityManager(  374):     0.9% 23573/Binder_4: 0.9% user + 0% kernel
05-22 13:57:12.244 E/ActivityManager(  374):   3% 1468/com.qihoo.daemon: 3% user + 0% kernel / faults: 75 minor
05-22 13:57:12.244 E/ActivityManager(  374):   0.6% 124/surfaceflinger: 0% user + 0.6% kernel
05-22 13:57:12.244 E/ActivityManager(  374):   0.7% 561/com.android.phone: 0.7% user + 0% kernel / faults: 1 minor
05-22 13:57:12.244 E/ActivityManager(  374):   0.8% 20874/com.qihoo.appstore: 0% user + 0.8% kernel
05-22 13:57:12.244 E/ActivityManager(  374): 100% TOTAL: 90% user + 9% kernel
05-22 13:57:12.252 W/ActivityManager(  374): Killing ProcessRecord{42994e90 23544:com.pekall.emdm.launcher:remote/u0a10066}: background ANR
05-22 13:57:12.267 W/ActivityManager(  374): Sleep timeout!  Sleeping now.
05-22 13:57:12.471 W/InputMethodManagerService(  374): Window already focused, ignoring focus gain of: com.android.internal.view.IInputMethodClient$Stub$Proxy@42a691b8 attribute=android.view.inputmethod.EditorInfo@43087268, token = android.os.BinderProxy@42a461c8
05-22 13:57:12.822 D/PhoneStatusBar(  448): disable: < EXPAND* icons alerts TICKER* system_info back home RECENT* clock SEARCH* >
05-22 13:57:13.049 D/PhoneStatusBar(  448): disable: < EXPAND icons alerts TICKER system_info BACK* HOME* RECENT CLOCK* SEARCH >
05-22 13:57:16.056 W/MountService(  374): getVolumeState(/storage/emulated/0/external_sd): Unknown volume
05-22 13:57:16.064 W/MountService(  374): getVolumeState(/mnt/sdcard-ext): Unknown volume
05-22 13:57:16.064 W/MountService(  374): getVolumeState(/mnt/ext_sdcard): Unknown volume
05-22 13:57:16.072 W/MountService(  374): getVolumeState(/mnt/sdcard2): Unknown volume
05-22 13:57:16.080 W/MountService(  374): getVolumeState(/mnt/emmc): Unknown volume
05-22 13:57:16.080 W/MountService(  374): getVolumeState(/mnt/extSdCard): Unknown volume
05-22 13:57:16.088 W/MountService(  374): getVolumeState(/mnt/sdcard/SD_CARD): Unknown volume
05-22 13:57:16.096 W/MountService(  374): getVolumeState(/mnt/sdcard/extra_sd): Unknown volume
05-22 13:57:16.119 W/MountService(  374): getVolumeState(/mnt/extrasd_bind): Unknown volume
05-22 13:57:16.119 W/MountService(  374): getVolumeState(/mnt/sdcard/ext_sd): Unknown volume
05-22 13:57:16.119 W/MountService(  374): getVolumeState(/storage/extSdCard): Unknown volume
05-22 13:57:16.127 W/MountService(  374): getVolumeState(/storage/sdcard1): Unknown volume
05-22 13:57:16.135 W/MountService(  374): getVolumeState(/mnt/sdcard/external_SD): Unknown volume
05-22 13:57:16.150 W/MountService(  374): getVolumeState(/mnt/sdcard/external_sd): Unknown volume
05-22 13:57:16.697 I/ActivityManager(  374): Process com.pekall.emdm.launcher:remote (pid 23544) has died.
05-22 13:57:16.697 W/ActivityManager(  374): Scheduling restart of crashed service com.pekall.emdm.launcher/com.baidu.location.f in 5000ms
05-22 13:57:16.752 I/WindowManager(  374): Lock screen displayed!
05-22 13:57:21.721 I/ActivityManager(  374): Start proc com.pekall.emdm.launcher:remote for service com.pekall.emdm.launcher/com.baidu.location.f: pid=23598 uid=10066 gids={50066, 1015, 3002, 3001, 3003, 1028}
05-22 13:57:22.056 D/ActivityThread(23598): Loading provider com.pekall.semail.provider;com.pekall.semail.notifier: com.pekall.semail.provider.EmailProvider
05-22 13:57:22.088 D/ActivityThread(23598): Loading provider com.pekall.semail.provider;com.pekall.semail.notifier: com.pekall.semail.provider.EmailProvider
05-22 13:57:23.806 W/ActivityManager(  374): Unable to start service Intent { cmp=com.pekall.emdm.launcher/com.pekall.semail.service.AttachmentDownloadService } U=0: not found
05-22 13:57:40.642 D/PhoneStatusBar(  448): disable: < expand* icons alerts ticker* system_info BACK HOME recent* CLOCK search* >
05-22 13:57:40.697 D/PhoneStatusBar(  448): disable: < expand icons alerts ticker system_info back* home* recent clock* search >
05-22 13:57:40.939 W/InputMethodManagerService(  374): Window already focused, ignoring focus gain of: com.android.internal.view.IInputMethodClient$Stub$Proxy@42957cc0 attribute=null, token = android.os.BinderProxy@42a461c8
05-22 13:57:41.642 V/PanelView(  448): animationTick called with dtms=0; nothing to do (h=0.0 v=4000.0)
05-22 13:57:41.760 W/ActivityManager(  374): Timeout executing service: ServiceRecord{42f9c6a8 u0 com.pekall.emdm.launcher/com.baidu.location.f}
05-22 13:57:50.556 E/ActivityManager(  374): ANR in com.pekall.emdm.launcher:remote
05-22 13:57:50.556 E/ActivityManager(  374): Reason: Executing service com.pekall.emdm.launcher/com.baidu.location.f
05-22 13:57:50.556 E/ActivityManager(  374): Load: 4.14 / 3.1 / 2.45
05-22 13:57:50.556 E/ActivityManager(  374): CPU usage from 2558ms to -8731ms ago:
05-22 13:57:50.556 E/ActivityManager(  374):   60% 23529/uiautomator: 34% user + 25% kernel / faults: 230 minor
05-22 13:57:50.556 E/ActivityManager(  374):   57% 22964/com.pekall.emdm.launcher: 55% user + 1.5% kernel / faults: 3671 minor
05-22 13:57:50.556 E/ActivityManager(  374):   54% 23598/com.pekall.emdm.launcher:remote: 54% user + 0% kernel / faults: 113 minor
05-22 13:57:50.556 E/ActivityManager(  374):   14% 374/system_server: 11% user + 3.3% kernel / faults: 1132 minor
05-22 13:57:50.556 E/ActivityManager(  374):   3.8% 448/com.android.systemui: 3.3% user + 0.5% kernel / faults: 295 minor
05-22 13:57:50.556 E/ActivityManager(  374):   1.6% 127/mediaserver: 1% user + 0.6% kernel / faults: 1 minor
05-22 13:57:50.556 E/ActivityManager(  374):   1.2% 124/surfaceflinger: 0.4% user + 0.7% kernel / faults: 2768 minor
05-22 13:57:50.556 E/ActivityManager(  374):   0.9% 1661/com.qihoo360.mobilesafe:GuardService: 0.7% user + 0.1% kernel / faults: 283 minor 1 major
05-22 13:57:50.556 E/ActivityManager(  374):   0% 130/keystore: 0% user + 0% kernel
05-22 13:57:50.556 E/ActivityManager(  374):   0.2% 20749/com.dragon.android.pandaspace: 0.2% user + 0% kernel / faults: 178 minor 1 major
05-22 13:57:50.556 E/ActivityManager(  374):   0.1% 568/com.android.nfc: 0% user + 0% kernel / faults: 72 minor
05-22 13:57:50.556 E/ActivityManager(  374):   0.2% 135/adbd: 0.1% user + 0% kernel
05-22 13:57:50.556 E/ActivityManager(  374):   0% 561/com.android.phone: 0% user + 0% kernel / faults: 35 minor
05-22 13:57:50.556 E/ActivityManager(  374):   0.2% 21353/kworker/0:1: 0% user + 0.2% kernel
05-22 13:57:50.556 E/ActivityManager(  374):   0.1% 22215/kworker/u:5: 0% user + 0.1% kernel
05-22 13:57:50.556 E/ActivityManager(  374):   0% 82/mmcqd/0: 0% user + 0% kernel
05-22 13:57:50.556 E/ActivityManager(  374):   0% 92/dhd_dpc: 0% user + 0% kernel
05-22 13:57:50.556 E/ActivityManager(  374):   0% 117/vold: 0% user + 0% kernel
05-22 13:57:50.556 E/ActivityManager(  374):   0% 510/com.android.phasebeam: 0% user + 0% kernel
05-22 13:57:50.556 E/ActivityManager(  374):   0% 20243/kworker/1:1: 0% user + 0% kernel
05-22 13:57:50.556 E/ActivityManager(  374):   0% 20327/com.tencent.android.qqdownloader:connect: 0% user + 0% kernel / faults: 28 minor
05-22 13:57:50.556 E/ActivityManager(  374):   0% 20342/com.tencent.android.qqdownloader: 0% user + 0% kernel / faults: 9 minor
05-22 13:57:50.556 E/ActivityManager(  374):   0% 20874/com.qihoo.appstore: 0% user + 0% kernel
05-22 13:57:50.556 E/ActivityManager(  374):   0% 21248/com.nd.assistance.ServerService: 0% user + 0% kernel / faults: 1 minor
05-22 13:57:50.556 E/ActivityManager(  374):   0% 21284/kworker/u:0: 0% user + 0% kernel
05-22 13:57:50.556 E/ActivityManager(  374):   0% 23483/logcat: 0% user + 0% kernel
05-22 13:57:50.556 E/ActivityManager(  374): 100% TOTAL: 82% user + 17% kernel
05-22 13:57:50.556 E/ActivityManager(  374): CPU usage from 7512ms to 8118ms later:
05-22 13:57:50.556 E/ActivityManager(  374):   100% 23529/uiautomator: 48% user + 51% kernel / faults: 10 minor
05-22 13:57:50.556 E/ActivityManager(  374):     100% 23529/uiautomator: 48% user + 51% kernel
05-22 13:57:50.556 E/ActivityManager(  374):     1.7% 23536/Compiler: 0% user + 1.7% kernel
05-22 13:57:50.556 E/ActivityManager(  374):   36% 23598/com.pekall.emdm.launcher:remote: 34% user + 1.7% kernel
05-22 13:57:50.556 E/ActivityManager(  374):     34% 23615/Thread-5385: 32% user + 1.7% kernel
05-22 13:57:50.556 E/ActivityManager(  374):   33% 22964/com.pekall.emdm.launcher: 33% user + 0% kernel
05-22 13:57:50.556 E/ActivityManager(  374):     33% 22977/Thread-5352: 33% user + 0% kernel
05-22 13:57:50.556 E/ActivityManager(  374):   13% 448/com.android.systemui: 8.6% user + 5.1% kernel / faults: 10 minor
05-22 13:57:50.556 E/ActivityManager(  374):     6.8% 448/ndroid.systemui: 3.4% user + 3.4% kernel
05-22 13:57:50.556 E/ActivityManager(  374):     3.4% 457/Compiler: 3.4% user + 0% kernel
05-22 13:57:50.556 E/ActivityManager(  374):     1.7% 453/GC: 1.7% user + 0% kernel
05-22 13:57:50.556 E/ActivityManager(  374):     1.7% 454/Signal Catcher: 1.7% user + 0% kernel
05-22 13:57:50.556 E/ActivityManager(  374):     1.7% 463/Binder_1: 1.7% user + 0% kernel
05-22 13:57:50.556 E/ActivityManager(  374):   10% 374/system_server: 6.7% user + 3.3% kernel / faults: 55 minor
05-22 13:57:50.556 E/ActivityManager(  374):     3.3% 390/ActivityManager: 1.6% user + 1.6% kernel
05-22 13:57:50.556 E/ActivityManager(  374):     1.6% 386/SensorService: 1.6% user + 0% kernel
05-22 13:57:50.556 E/ActivityManager(  374):     1.6% 388/UI: 1.6% user + 0% kernel
05-22 13:57:50.556 E/ActivityManager(  374):     1.6% 619/Binder_8: 1.6% user + 0% kernel
05-22 13:57:50.556 E/ActivityManager(  374):   0.6% 124/surfaceflinger: 0% user + 0.6% kernel / faults: 920 minor
05-22 13:57:50.556 E/ActivityManager(  374):     0.6% 165/SurfaceFlinger: 0% user + 0.6% kernel
05-22 13:57:50.556 E/ActivityManager(  374):     0.6% 5942/Binder_6: 0% user + 0.6% kernel
05-22 13:57:50.556 E/ActivityManager(  374):   1.6% 1661/com.qihoo360.mobilesafe:GuardService: 1.6% user + 0% kernel
05-22 13:57:50.556 E/ActivityManager(  374):     1.6% 4735/Binder_6: 1.6% user + 0% kernel
05-22 13:57:50.556 E/ActivityManager(  374):   0.9% 20749/com.dragon.android.pandaspace: 0.9% user + 0% kernel / faults: 5 minor
05-22 13:57:50.556 E/ActivityManager(  374):     1.8% 20908/AsyncTask #3: 1.8% user + 0% kernel
05-22 13:57:50.556 E/ActivityManager(  374):     0.9% 20749/roid.pandaspace: 0.9% user + 0% kernel
05-22 13:57:50.556 E/ActivityManager(  374): 100% TOTAL: 64% user + 35% kernel
05-22 13:57:50.564 W/ActivityManager(  374): Killing ProcessRecord{425d3758 23598:com.pekall.emdm.launcher:remote/u0a10066}: background ANR
05-22 13:57:51.728 I/ActivityManager(  374): Process com.pekall.emdm.launcher:remote (pid 23598) has died.
05-22 13:57:51.728 W/ActivityManager(  374): Scheduling restart of crashed service com.pekall.emdm.launcher/com.baidu.location.f in 20000ms
05-22 13:58:02.322 W/MountService(  374): getVolumeState(/storage/emulated/0/external_sd): Unknown volume
05-22 13:58:02.338 W/MountService(  374): getVolumeState(/mnt/sdcard-ext): Unknown volume
05-22 13:58:02.346 W/MountService(  374): getVolumeState(/mnt/ext_sdcard): Unknown volume
05-22 13:58:02.346 W/MountService(  374): getVolumeState(/mnt/sdcard2): Unknown volume
05-22 13:58:02.353 W/MountService(  374): getVolumeState(/mnt/emmc): Unknown volume
05-22 13:58:02.361 W/MountService(  374): getVolumeState(/mnt/extSdCard): Unknown volume
05-22 13:58:02.361 W/MountService(  374): getVolumeState(/mnt/sdcard/SD_CARD): Unknown volume
05-22 13:58:02.377 W/MountService(  374): getVolumeState(/mnt/sdcard/extra_sd): Unknown volume
05-22 13:58:02.377 W/MountService(  374): getVolumeState(/mnt/extrasd_bind): Unknown volume
05-22 13:58:02.385 W/MountService(  374): getVolumeState(/mnt/sdcard/ext_sd): Unknown volume
05-22 13:58:02.408 W/MountService(  374): getVolumeState(/storage/extSdCard): Unknown volume
05-22 13:58:02.408 W/MountService(  374): getVolumeState(/storage/sdcard1): Unknown volume
05-22 13:58:02.408 W/MountService(  374): getVolumeState(/mnt/sdcard/external_SD): Unknown volume
05-22 13:58:02.424 W/MountService(  374): getVolumeState(/mnt/sdcard/external_sd): Unknown volume
05-22 13:58:06.330 W/MountService(  374): getVolumeState(/storage/emulated/0/external_sd): Unknown volume
05-22 13:58:06.346 W/MountService(  374): getVolumeState(/mnt/sdcard-ext): Unknown volume
05-22 13:58:06.361 W/MountService(  374): getVolumeState(/mnt/ext_sdcard): Unknown volume
05-22 13:58:06.377 W/MountService(  374): getVolumeState(/mnt/sdcard2): Unknown volume
05-22 13:58:06.392 W/MountService(  374): getVolumeState(/mnt/emmc): Unknown volume
05-22 13:58:06.424 W/MountService(  374): getVolumeState(/mnt/extSdCard): Unknown volume
05-22 13:58:06.439 W/MountService(  374): getVolumeState(/mnt/sdcard/SD_CARD): Unknown volume
05-22 13:58:06.494 W/MountService(  374): getVolumeState(/mnt/sdcard/extra_sd): Unknown volume
05-22 13:58:06.510 W/MountService(  374): getVolumeState(/mnt/extrasd_bind): Unknown volume
05-22 13:58:06.525 W/MountService(  374): getVolumeState(/mnt/sdcard/ext_sd): Unknown volume
05-22 13:58:06.556 W/MountService(  374): getVolumeState(/storage/extSdCard): Unknown volume
05-22 13:58:06.642 W/MountService(  374): getVolumeState(/storage/sdcard1): Unknown volume
05-22 13:58:06.650 W/MountService(  374): getVolumeState(/mnt/sdcard/external_SD): Unknown volume
05-22 13:58:06.666 W/MountService(  374): getVolumeState(/mnt/sdcard/external_sd): Unknown volume
05-22 13:58:10.642 I/PowerManagerService(  374): Going to sleep due to screen timeout...
05-22 13:58:11.455 W/InputMethodManagerService(  374): Window already focused, ignoring focus gain of: com.android.internal.view.IInputMethodClient$Stub$Proxy@427d4168 attribute=android.view.inputmethod.EditorInfo@427cf910, token = android.os.BinderProxy@42a461c8
05-22 13:58:11.721 I/PowerManagerService(  374): Waking up from sleep...
05-22 13:58:11.767 I/ActivityManager(  374): Start proc com.pekall.emdm.launcher:remote for service com.pekall.emdm.launcher/com.baidu.location.f: pid=23654 uid=10066 gids={50066, 1015, 3002, 3001, 3003, 1028}
05-22 13:58:11.931 I/WindowManager(  374): No lock screen!
05-22 13:58:11.963 I/ActivityManager(  374): No longer want com.google.android.apps.maps:GoogleLocationService (pid 21170): empty for 1800s
05-22 13:58:12.103 W/ActivityManager(  374): Scheduling restart of crashed service com.google.android.apps.maps/com.google.android.location.internal.server.GoogleLocationService in 5000ms
05-22 13:58:12.416 W/BroadcastQueue(  374): Failure sending broadcast Intent { act=android.intent.action.SCREEN_ON flg=0x50000010 }
05-22 13:58:12.416 W/BroadcastQueue(  374): android.os.DeadObjectException
05-22 13:58:12.416 W/BroadcastQueue(  374): 	at android.os.BinderProxy.transact(Native Method)
05-22 13:58:12.416 W/BroadcastQueue(  374): 	at android.content.IIntentReceiver$Stub$Proxy.performReceive(IIntentReceiver.java:124)
05-22 13:58:12.416 W/BroadcastQueue(  374): 	at com.android.server.am.BroadcastQueue.performReceiveLocked(BroadcastQueue.java:376)
05-22 13:58:12.416 W/BroadcastQueue(  374): 	at com.android.server.am.BroadcastQueue.deliverToRegisteredReceiverLocked(BroadcastQueue.java:449)
05-22 13:58:12.416 W/BroadcastQueue(  374): 	at com.android.server.am.BroadcastQueue.processNextBroadcast(BroadcastQueue.java:656)
05-22 13:58:12.416 W/BroadcastQueue(  374): 	at com.android.server.am.ActivityManagerService.finishReceiver(ActivityManagerService.java:12390)
05-22 13:58:12.416 W/BroadcastQueue(  374): 	at android.app.ActivityManagerNative.onTransact(ActivityManagerNative.java:379)
05-22 13:58:12.416 W/BroadcastQueue(  374): 	at com.android.server.am.ActivityManagerService.onTransact(ActivityManagerService.java:1737)
05-22 13:58:12.416 W/BroadcastQueue(  374): 	at android.os.Binder.execTransact(Binder.java:388)
05-22 13:58:12.416 W/BroadcastQueue(  374): 	at dalvik.system.NativeStart.run(Native Method)
05-22 13:58:12.619 D/ActivityThread(23654): Loading provider com.pekall.semail.provider;com.pekall.semail.notifier: com.pekall.semail.provider.EmailProvider
05-22 13:58:12.783 D/ActivityThread(23654): Loading provider com.pekall.semail.provider;com.pekall.semail.notifier: com.pekall.semail.provider.EmailProvider
05-22 13:58:13.705 V/PanelView(  448): animationTick called with dtms=0; nothing to do (h=0.0 v=4000.0)
05-22 13:58:17.127 I/ActivityManager(  374): Start proc com.google.android.apps.maps:GoogleLocationService for service com.google.android.apps.maps/com.google.android.location.internal.server.GoogleLocationService: pid=23695 uid=10038 gids={50038, 3003, 1015, 1028}
05-22 13:58:31.869 W/ActivityManager(  374): Timeout executing service: ServiceRecord{42f9c6a8 u0 com.pekall.emdm.launcher/com.baidu.location.f}
05-22 13:58:45.853 I/PowerManagerService(  374): Going to sleep due to screen timeout...
05-22 13:58:46.447 I/PowerManagerService(  374): Waking up from sleep...
05-22 13:58:47.135 I/ActivityManager(  374): No longer want com.nd.assistance.ServerService (pid 21248): empty for 1809s
05-22 13:58:47.135 W/ProcessStats(  374): Skipping unknown process pid 21259
05-22 13:58:47.135 W/ProcessStats(  374): Skipping unknown process pid 21260
05-22 13:58:47.142 W/ProcessStats(  374): Skipping unknown process pid 22723
05-22 13:58:48.549 W/ActivityManager(  374): Scheduling restart of crashed service com.nd.assistance/.server.ServerService in 5000ms
05-22 13:58:48.877 E/ActivityManager(  374): ANR in com.pekall.emdm.launcher:remote
05-22 13:58:48.877 E/ActivityManager(  374): Reason: Executing service com.pekall.emdm.launcher/com.baidu.location.f
05-22 13:58:48.877 E/ActivityManager(  374): Load: 5.41 / 3.62 / 2.67
05-22 13:58:48.877 E/ActivityManager(  374): CPU usage from 0ms to 14840ms later:
05-22 13:58:48.877 E/ActivityManager(  374):   76% 22964/com.pekall.emdm.launcher: 76% user + 0% kernel / faults: 7 minor
05-22 13:58:48.877 E/ActivityManager(  374):   73% 23654/com.pekall.emdm.launcher:remote: 73% user + 0.2% kernel / faults: 119 minor
05-22 13:58:48.877 E/ActivityManager(  374):   30% 23529/uiautomator: 20% user + 10% kernel / faults: 41 minor
05-22 13:58:48.877 E/ActivityManager(  374):   11% 374/system_server: 7.6% user + 4% kernel / faults: 488 minor
05-22 13:58:48.877 E/ActivityManager(  374):   2.6% 448/com.android.systemui: 2.3% user + 0.2% kernel / faults: 43 minor 2 major
05-22 13:58:48.877 E/ActivityManager(  374):   2.6% 23695/com.google.android.apps.maps:GoogleLocationService: 2.1% user + 0.4% kernel / faults: 870 minor 2 major
05-22 13:58:48.877 E/ActivityManager(  374):   0.5% 124/surfaceflinger: 0.1% user + 0.4% kernel / faults: 1943 minor
05-22 13:58:48.877 E/ActivityManager(  374):   0.2% 561/com.android.phone: 0.1% user + 0% kernel / faults: 36 minor
05-22 13:58:48.877 E/ActivityManager(  374):   0.1% 568/com.android.nfc: 0% user + 0.1% kernel / faults: 28 minor
05-22 13:58:48.877 E/ActivityManager(  374):   0.2% 1661/com.qihoo360.mobilesafe:GuardService: 0.2% user + 0% kernel / faults: 25 minor
05-22 13:58:48.877 E/ActivityManager(  374):   0.1% 135/adbd: 0% user + 0% kernel
05-22 13:58:48.877 E/ActivityManager(  374):   0.1% 20874/com.qihoo.appstore: 0.1% user + 0% kernel
05-22 13:58:48.877 E/ActivityManager(  374):   0% 21353/kworker/0:1: 0% user + 0% kernel
05-22 13:58:48.877 E/ActivityManager(  374):   0% 82/mmcqd/0: 0% user + 0% kernel
05-22 13:58:48.877 E/ActivityManager(  374):   0% 603/com.google.process.gapps: 0% user + 0% kernel / faults: 107 minor
05-22 13:58:48.877 E/ActivityManager(  374):   0% 20342/com.tencent.android.qqdownloader: 0% user + 0% kernel / faults: 12 minor
05-22 13:58:48.877 E/ActivityManager(  374):   0% 20749/com.dragon.android.pandaspace: 0% user + 0% kernel / faults: 13 minor
05-22 13:58:48.877 E/ActivityManager(  374):   0% 21248/com.nd.assistance.ServerService: 0% user + 0% kernel / faults: 7 minor
05-22 13:58:48.877 E/ActivityManager(  374):   0% 21284/kworker/u:0: 0% user + 0% kernel
05-22 13:58:48.877 E/ActivityManager(  374):   0% 22215/kworker/u:5: 0% user + 0% kernel
05-22 13:58:48.877 E/ActivityManager(  374):   0% 23483/logcat: 0% user + 0% kernel
05-22 13:58:48.877 E/ActivityManager(  374): 100% TOTAL: 92% user + 7.7% kernel + 0% softirq
05-22 13:58:48.877 E/ActivityManager(  374): CPU usage from 15777ms to 16342ms later:
05-22 13:58:48.877 E/ActivityManager(  374):   92% 22964/com.pekall.emdm.launcher: 92% user + 0% kernel
05-22 13:58:48.877 E/ActivityManager(  374):     92% 22977/Thread-5352: 92% user + 0% kernel
05-22 13:58:48.877 E/ActivityManager(  374):   77% 23654/com.pekall.emdm.launcher:remote: 77% user + 0% kernel / faults: 2 minor
05-22 13:58:48.877 E/ActivityManager(  374):     75% 23669/Thread-5388: 75% user + 0% kernel
05-22 13:58:48.877 E/ActivityManager(  374):   12% 448/com.android.systemui: 12% user + 0% kernel / faults: 10 minor
05-22 13:58:48.877 E/ActivityManager(  374):     12% 448/ndroid.systemui: 12% user + 0% kernel
05-22 13:58:48.877 E/ActivityManager(  374):    +0% 23717/Binder_A: 0% user + 0% kernel
05-22 13:58:48.877 E/ActivityManager(  374):   10% 374/system_server: 3.6% user + 7.2% kernel / faults: 10 minor
05-22 13:58:48.877 E/ActivityManager(  374):     7.2% 390/ActivityManager: 1.8% user + 5.4% kernel
05-22 13:58:48.877 E/ActivityManager(  374):     1.8% 386/SensorService: 0% user + 1.8% kernel
05-22 13:58:48.877 E/ActivityManager(  374):   1.7% 1661/com.qihoo360.mobilesafe:GuardService: 0% user + 1.7% kernel
05-22 13:58:48.877 E/ActivityManager(  374):   1% 23529/uiautomator: 1% user + 0% kernel / faults: 21 minor
05-22 13:58:48.877 E/ActivityManager(  374):     1% 23529/uiautomator: 1% user + 0% kernel
05-22 13:58:48.877 E/ActivityManager(  374):   1% 23695/com.google.android.apps.maps:GoogleLocationService: 0% user + 1% kernel / faults: 54 minor
05-22 13:58:48.877 E/ActivityManager(  374):     1% 23697/GC: 1% user + 0% kernel
05-22 13:58:48.877 E/ActivityManager(  374):     1% 23701/Compiler: 0% user + 1% kernel
05-22 13:58:48.877 E/ActivityManager(  374):     1% 23715/NetworkLocation: 1% user + 0% kernel
05-22 13:58:48.877 E/ActivityManager(  374): 100% TOTAL: 95% user + 4.4% kernel
05-22 13:58:48.877 W/ActivityManager(  374): Killing ProcessRecord{4253f830 23654:com.pekall.emdm.launcher:remote/u0a10066}: background ANR
05-22 13:58:48.924 I/ActivityManager(  374): Start proc com.google.android.apps.maps:FriendService for broadcast com.google.android.apps.maps/com.google.googlenav.friend.android.ServiceReceiver: pid=23721 uid=10038 gids={50038, 3003, 1015, 1028}
05-22 13:58:49.306 W/InputMethodManagerService(  374): Window already focused, ignoring focus gain of: com.android.internal.view.IInputMethodClient$Stub$Proxy@42f37d30 attribute=null, token = android.os.BinderProxy@42a461c8
05-22 13:58:49.603 V/PanelView(  448): animationTick called with dtms=0; nothing to do (h=0.0 v=4000.0)
05-22 13:58:49.799 I/ActivityManager(  374): Start proc com.google.android.apps.maps:LocationFriendService for broadcast com.google.android.apps.maps/com.google.googlenav.friend.reporting.LocationReportingIntentReceiver: pid=23745 uid=10038 gids={50038, 3003, 1015, 1028}
05-22 13:58:50.799 I/ActivityManager(  374): Process com.pekall.emdm.launcher:remote (pid 23654) has died.
05-22 13:58:50.799 W/ActivityManager(  374): Scheduling restart of crashed service com.pekall.emdm.launcher/com.baidu.location.f in 80000ms
05-22 13:58:50.814 I/WindowManager(  374): No lock screen!
05-22 13:58:50.947 I/ActivityManager(  374): Start proc com.nd.assistance for broadcast com.nd.assistance/.controller.DaemonController: pid=23763 uid=10068 gids={50068, 3003, 1015, 1006, 1028}
05-22 13:58:51.056 I/ActivityManager(  374): Start proc com.nd.assistance.ServerService for service com.nd.assistance/.server.ServerService: pid=23777 uid=10068 gids={50068, 3003, 1015, 1006, 1028}
05-22 13:59:02.377 W/MountService(  374): getVolumeState(/storage/emulated/0/external_sd): Unknown volume
05-22 13:59:02.377 W/MountService(  374): getVolumeState(/mnt/sdcard-ext): Unknown volume
05-22 13:59:02.377 W/MountService(  374): getVolumeState(/mnt/ext_sdcard): Unknown volume
05-22 13:59:02.377 W/MountService(  374): getVolumeState(/mnt/sdcard2): Unknown volume
05-22 13:59:02.377 W/MountService(  374): getVolumeState(/mnt/emmc): Unknown volume
05-22 13:59:02.377 W/MountService(  374): getVolumeState(/mnt/extSdCard): Unknown volume
05-22 13:59:02.377 W/MountService(  374): getVolumeState(/mnt/sdcard/SD_CARD): Unknown volume
05-22 13:59:02.377 W/MountService(  374): getVolumeState(/mnt/sdcard/extra_sd): Unknown volume
05-22 13:59:02.377 W/MountService(  374): getVolumeState(/mnt/extrasd_bind): Unknown volume
05-22 13:59:02.377 W/MountService(  374): getVolumeState(/mnt/sdcard/ext_sd): Unknown volume
05-22 13:59:02.385 W/MountService(  374): getVolumeState(/storage/extSdCard): Unknown volume
05-22 13:59:02.385 W/MountService(  374): getVolumeState(/storage/sdcard1): Unknown volume
05-22 13:59:02.385 W/MountService(  374): getVolumeState(/mnt/sdcard/external_SD): Unknown volume
05-22 13:59:02.385 W/MountService(  374): getVolumeState(/mnt/sdcard/external_sd): Unknown volume
05-22 13:59:02.681 W/MountService(  374): getVolumeState(/storage/emulated/0/external_sd): Unknown volume
05-22 13:59:02.681 W/MountService(  374): getVolumeState(/mnt/sdcard-ext): Unknown volume
05-22 13:59:02.681 W/MountService(  374): getVolumeState(/mnt/ext_sdcard): Unknown volume
05-22 13:59:02.681 W/MountService(  374): getVolumeState(/mnt/sdcard2): Unknown volume
05-22 13:59:02.689 W/MountService(  374): getVolumeState(/mnt/emmc): Unknown volume
05-22 13:59:02.689 W/MountService(  374): getVolumeState(/mnt/extSdCard): Unknown volume
05-22 13:59:02.689 W/MountService(  374): getVolumeState(/mnt/sdcard/SD_CARD): Unknown volume
05-22 13:59:02.689 W/MountService(  374): getVolumeState(/mnt/sdcard/extra_sd): Unknown volume
05-22 13:59:02.689 W/MountService(  374): getVolumeState(/mnt/extrasd_bind): Unknown volume
05-22 13:59:02.689 W/MountService(  374): getVolumeState(/mnt/sdcard/ext_sd): Unknown volume
05-22 13:59:02.689 W/MountService(  374): getVolumeState(/storage/extSdCard): Unknown volume
05-22 13:59:02.689 W/MountService(  374): getVolumeState(/storage/sdcard1): Unknown volume
05-22 13:59:02.689 W/MountService(  374): getVolumeState(/mnt/sdcard/external_SD): Unknown volume
05-22 13:59:02.689 W/MountService(  374): getVolumeState(/mnt/sdcard/external_sd): Unknown volume
05-22 13:59:05.721 W/ActivityThread(23695): ClassLoader.loadClass: The class loader returned by Thread.getContextClassLoader() may fail for processes that host multiple applications. You should explicitly specify a context class loader. For example: Thread.setContextClassLoader(getClass().getClassLoader());
05-22 13:59:06.088 W/DevicePolicyManagerService(  374): setPasswordExpiration(): password will expire on May 22, 2014 1:59:06 PM
05-22 13:59:18.541 W/DevicePolicyManagerService(  374): setPasswordExpiration(): password will expire on May 22, 2014 1:59:18 PM
05-22 13:59:18.556 I/PowerManagerService(  374): Going to sleep due to screen timeout...
05-22 13:59:19.471 W/InputMethodManagerService(  374): Window already focused, ignoring focus gain of: com.android.internal.view.IInputMethodClient$Stub$Proxy@42e543e0 attribute=android.view.inputmethod.EditorInfo@4290e148, token = android.os.BinderProxy@42a461c8
05-22 13:59:20.588 I/PowerManagerService(  374): Waking up from sleep...
05-22 13:59:20.588 I/WindowManager(  374): No lock screen!
05-22 13:59:22.369 I/ActivityManager(  374): START u0 {flg=0x10000000 cmp=com.pekall.emdm.launcher/.ui.BackPersonalActivity} from pid 22964
05-22 13:59:22.447 I/ActivityManager(  374): START u0 {flg=0x10200000 cmp=com.android.launcher/com.android.launcher2.Launcher} from pid 22964
05-22 13:59:22.455 W/ActivityManager(  374): Duplicate finish request for ActivityRecord{4229cee0 u0 com.pekall.emdm.launcher/.ui.BackPersonalActivity}
05-22 13:59:25.877 V/PanelView(  448): animationTick called with dtms=0; nothing to do (h=0.0 v=4000.0)
05-22 13:59:31.830 I/ActivityManager(  374): START u0 {act=android.app.action.SET_NEW_PASSWORD cmp=com.android.settings/.ChooseLockGeneric bnds=[0,242][720,370]} from pid -1
05-22 13:59:31.830 W/ActivityManager(  374): startActivity called from non-Activity context; forcing Intent.FLAG_ACTIVITY_NEW_TASK for: Intent { act=android.app.action.SET_NEW_PASSWORD flg=0x800000 cmp=com.android.settings/.ChooseLockGeneric bnds=[0,242][720,370] }
05-22 13:59:32.010 I/ActivityManager(  374): Start proc com.android.settings for activity com.android.settings/.ChooseLockGeneric: pid=23862 uid=1000 gids={41000, 1015, 1028, 3002, 3001, 3003, 3007}
05-22 13:59:32.010 V/PanelView(  448): animationTick called with dtms=0; nothing to do (h=1184.0 v=-4000.0)
05-22 13:59:32.166 I/ActivityManager(  374): START u0 {cmp=com.android.settings/.ConfirmLockPassword} from pid 23862
05-22 13:59:40.533 I/ActivityManager(  374): START u0 {flg=0x2000000 cmp=com.android.settings/.ChooseLockPassword (has extras)} from pid 23862
05-22 13:59:56.799 I/PowerManagerService(  374): Going to sleep by user request...
05-22 13:59:56.799 I/PowerManagerService(  374): Waking up from sleep...
05-22 13:59:57.166 D/PhoneStatusBar(  448): disable: < EXPAND* icons alerts TICKER* system_info back home RECENT* clock SEARCH* >
05-22 13:59:57.283 W/InputMethodManagerService(  374): Starting input on non-focused client com.android.internal.view.IInputMethodClient$Stub$Proxy@4294e640 (uid=10034 pid=576)
05-22 13:59:57.353 D/PhoneStatusBar(  448): disable: < EXPAND icons alerts TICKER system_info BACK* HOME* RECENT CLOCK* SEARCH >
05-22 13:59:57.549 I/WindowManager(  374): Lock screen displayed!
05-22 14:00:01.603 D/PhoneStatusBar(  448): disable: < expand* icons alerts ticker* system_info BACK HOME recent* CLOCK search* >
05-22 14:00:01.658 D/PhoneStatusBar(  448): disable: < expand icons alerts ticker system_info back* home* recent clock* search >
05-22 14:00:02.385 W/MountService(  374): getVolumeState(/storage/emulated/0/external_sd): Unknown volume
05-22 14:00:02.385 W/MountService(  374): getVolumeState(/mnt/sdcard-ext): Unknown volume
05-22 14:00:02.392 W/MountService(  374): getVolumeState(/mnt/ext_sdcard): Unknown volume
05-22 14:00:02.392 W/MountService(  374): getVolumeState(/mnt/sdcard2): Unknown volume
05-22 14:00:02.392 W/MountService(  374): getVolumeState(/mnt/emmc): Unknown volume
05-22 14:00:02.392 W/MountService(  374): getVolumeState(/mnt/extSdCard): Unknown volume
05-22 14:00:02.392 W/MountService(  374): getVolumeState(/mnt/sdcard/SD_CARD): Unknown volume
05-22 14:00:02.392 W/MountService(  374): getVolumeState(/mnt/sdcard/extra_sd): Unknown volume
05-22 14:00:02.392 W/MountService(  374): getVolumeState(/mnt/extrasd_bind): Unknown volume
05-22 14:00:02.392 W/MountService(  374): getVolumeState(/mnt/sdcard/ext_sd): Unknown volume
05-22 14:00:02.392 W/MountService(  374): getVolumeState(/storage/extSdCard): Unknown volume
05-22 14:00:02.392 W/MountService(  374): getVolumeState(/storage/sdcard1): Unknown volume
05-22 14:00:02.392 W/MountService(  374): getVolumeState(/mnt/sdcard/external_SD): Unknown volume
05-22 14:00:02.400 W/MountService(  374): getVolumeState(/mnt/sdcard/external_sd): Unknown volume
05-22 14:00:02.697 W/MountService(  374): getVolumeState(/storage/emulated/0/external_sd): Unknown volume
05-22 14:00:02.697 W/MountService(  374): getVolumeState(/mnt/sdcard-ext): Unknown volume
05-22 14:00:02.705 W/MountService(  374): getVolumeState(/mnt/ext_sdcard): Unknown volume
05-22 14:00:02.705 W/MountService(  374): getVolumeState(/mnt/sdcard2): Unknown volume
05-22 14:00:02.705 W/MountService(  374): getVolumeState(/mnt/emmc): Unknown volume
05-22 14:00:02.705 W/MountService(  374): getVolumeState(/mnt/extSdCard): Unknown volume
05-22 14:00:02.705 W/MountService(  374): getVolumeState(/mnt/sdcard/SD_CARD): Unknown volume
05-22 14:00:02.705 W/MountService(  374): getVolumeState(/mnt/sdcard/extra_sd): Unknown volume
05-22 14:00:02.705 W/MountService(  374): getVolumeState(/mnt/extrasd_bind): Unknown volume
05-22 14:00:02.705 W/MountService(  374): getVolumeState(/mnt/sdcard/ext_sd): Unknown volume
05-22 14:00:02.705 W/MountService(  374): getVolumeState(/storage/extSdCard): Unknown volume
05-22 14:00:02.705 W/MountService(  374): getVolumeState(/storage/sdcard1): Unknown volume
05-22 14:00:02.705 W/MountService(  374): getVolumeState(/mnt/sdcard/external_SD): Unknown volume
05-22 14:00:02.705 W/MountService(  374): getVolumeState(/mnt/sdcard/external_sd): Unknown volume
05-22 14:00:10.822 I/ActivityManager(  374): Start proc com.pekall.emdm.launcher:remote for service com.pekall.emdm.launcher/com.baidu.location.f: pid=23912 uid=10066 gids={50066, 1015, 3002, 3001, 3003, 1028}
05-22 14:00:11.228 D/ActivityThread(23912): Loading provider com.pekall.semail.provider;com.pekall.semail.notifier: com.pekall.semail.provider.EmailProvider
05-22 14:00:11.260 D/ActivityThread(23912): Loading provider com.pekall.semail.provider;com.pekall.semail.notifier: com.pekall.semail.provider.EmailProvider
05-22 14:00:19.666 W/ActivityManager(  374): Unable to start service Intent { cmp=com.pekall.emdm.launcher/com.pekall.semail.service.AttachmentDownloadService } U=0: not found
05-22 14:00:29.822 I/PowerManagerService(  374): Going to sleep by user request...
05-22 14:00:30.838 W/ActivityManager(  374): Timeout executing service: ServiceRecord{42f9c6a8 u0 com.pekall.emdm.launcher/com.baidu.location.f}
05-22 14:00:37.572 I/PowerManagerService(  374): Waking up from sleep...
05-22 14:00:39.549 E/ActivityManager(  374): ANR in com.pekall.emdm.launcher:remote
05-22 14:00:39.549 E/ActivityManager(  374): Reason: Executing service com.pekall.emdm.launcher/com.baidu.location.f
05-22 14:00:39.549 E/ActivityManager(  374): Load: 3.49 / 3.4 / 2.69
05-22 14:00:39.549 E/ActivityManager(  374): CPU usage from 233ms to -8697ms ago:
05-22 14:00:39.549 E/ActivityManager(  374):   79% 23912/com.pekall.emdm.launcher:remote: 78% user + 0.2% kernel / faults: 107 minor
05-22 14:00:39.549 E/ActivityManager(  374):   77% 22964/com.pekall.emdm.launcher: 76% user + 0.3% kernel / faults: 205 minor
05-22 14:00:39.549 E/ActivityManager(  374):   20% 374/system_server: 16% user + 3.8% kernel / faults: 495 minor
05-22 14:00:39.549 E/ActivityManager(  374):   6.8% 448/com.android.systemui: 6.3% user + 0.4% kernel / faults: 42 minor
05-22 14:00:39.549 E/ActivityManager(  374):   0.6% 576/com.android.launcher: 0.5% user + 0% kernel / faults: 228 minor
05-22 14:00:39.549 E/ActivityManager(  374):   1% 1661/com.qihoo360.mobilesafe:GuardService: 0.8% user + 0.1% kernel / faults: 177 minor
05-22 14:00:39.549 E/ActivityManager(  374):   0.6% 561/com.android.phone: 0.5% user + 0.1% kernel / faults: 56 minor
05-22 14:00:39.549 E/ActivityManager(  374):   0.1% 568/com.android.nfc: 0% user + 0% kernel / faults: 35 minor
05-22 14:00:39.549 E/ActivityManager(  374):   0.3% 124/surfaceflinger: 0.2% user + 0.1% kernel
05-22 14:00:39.549 E/ActivityManager(  374):   0.3% 135/adbd: 0.1% user + 0.2% kernel / faults: 19 minor
05-22 14:00:39.549 E/ActivityManager(  374):   0.2% 20874/com.qihoo.appstore: 0.2% user + 0% kernel / faults: 8 minor
05-22 14:00:39.549 E/ActivityManager(  374):   0.2% 23642/kworker/u:1: 0% user + 0.2% kernel
05-22 14:00:39.549 E/ActivityManager(  374):   0.2% 23777/com.nd.assistance.ServerService: 0.1% user + 0.1% kernel / faults: 43 minor
05-22 14:00:39.549 E/ActivityManager(  374):   0% 127/mediaserver: 0% user + 0% kernel
