05-22 14:16:33.783 D/MDM :   (24982): [null:-1]->tint false
05-22 14:16:33.791 D/MDM :   (24982): [null:-1]->width 104
05-22 14:16:33.791 D/MDM :   (24982): [null:-1]->height 104
05-22 14:16:33.791 D/MDM :   (24982): [null:-1]->scale 1.0
05-22 14:16:33.791 D/MDM :   (24982): [null:-1]->tint false
05-22 14:16:33.799 D/MDM :   (24982): [null:-1]->  iconWidth 104
05-22 14:16:33.799 D/MDM :   (24982): [null:-1]->  iconHeight 104
05-22 14:16:33.799 D/MDM :   (24982): [null:-1]->  107 104
05-22 14:16:33.806 D/        (24982): [---null: -1---]  xxd111  getPackageName  com.pekall.emdm.launcher
05-22 14:16:33.806 D/        (24982): [---null: -1---]  xxd111  getClassName  com.pekall.emdm.document.activity.DocMainActivity
05-22 14:16:33.806 D/        (24982): [---null: -1---]  xxd111  info.title  Document Manager ,count is 0
05-22 14:16:33.806 D/MDM :   (24982): [null:-1]->  iconWidth 104
05-22 14:16:33.806 D/MDM :   (24982): [null:-1]->  iconHeight 104
05-22 14:16:33.814 D/MDM :   (24982): [null:-1]->  107 104
05-22 14:16:33.814 D/        (24982): [---null: -1---]  xxd111  getPackageName  com.pekall.emdm.launcher
05-22 14:16:33.814 D/        (24982): [---null: -1---]  xxd111  getClassName  com.pekall.emdm.launcher.ui.BackPersonalActivity
05-22 14:16:33.814 D/        (24982): [---null: -1---]  xxd111  info.title  Personal Mode ,count is 0
05-22 14:16:33.822 D/MDM :   (24982): [null:-1]->  iconWidth 104
05-22 14:16:33.822 D/MDM :   (24982): [null:-1]->  iconHeight 104
05-22 14:16:33.822 D/MDM :   (24982): [null:-1]->  107 104
05-22 14:16:33.822 D/        (24982): [---null: -1---]  xxd111  getPackageName  com.pekall.emdm.launcher
05-22 14:16:33.822 D/        (24982): [---null: -1---]  xxd111  getClassName  com.pekall.semail.activity.Welcome
05-22 14:16:33.822 D/        (24982): [---null: -1---]  xxd111  info.title  Email ,count is 0
05-22 14:16:33.822 I/Choreographer(24982): Skipped 55 frames!  The application may be doing too much work on its main thread.
05-22 14:16:34.010 D/MDM :   (24982): [null:-1]->  iconWidth 104
05-22 14:16:34.010 D/MDM :   (24982): [null:-1]->  iconHeight 104
05-22 14:16:34.010 D/MDM :   (24982): [null:-1]->  107 104
05-22 14:16:34.010 D/        (24982): [---null: -1---]  xxd111  getPackageName  com.pekall.emdm.launcher
05-22 14:16:34.010 D/        (24982): [---null: -1---]  xxd111  getClassName  com.pekall.emdm.contacts.activities.PeopleActivity
05-22 14:16:34.010 D/        (24982): [---null: -1---]  xxd111  info.title  EmdmContacts ,count is 0
05-22 14:16:34.010 D/MDM :   (24982): [null:-1]->  iconWidth 104
05-22 14:16:34.010 D/MDM :   (24982): [null:-1]->  iconHeight 104
05-22 14:16:34.017 D/MDM :   (24982): [null:-1]->  107 104
05-22 14:16:34.017 D/        (24982): [---null: -1---]  xxd111  getPackageName  com.pekall.emdm.launcher
05-22 14:16:34.017 D/        (24982): [---null: -1---]  xxd111  getClassName  com.pekall.emdm.browser.BrowserActivity
05-22 14:16:34.017 D/        (24982): [---null: -1---]  xxd111  info.title  Safe Browser ,count is 0
05-22 14:16:34.017 D/MDM :   (24982): [null:-1]->  iconWidth 104
05-22 14:16:34.025 D/MDM :   (24982): [null:-1]->  iconHeight 104
05-22 14:16:34.025 D/MDM :   (24982): [null:-1]->  107 104
05-22 14:16:34.025 D/        (24982): [---null: -1---]  xxd111  getPackageName  com.pekall.emdm.launcher
05-22 14:16:34.025 D/        (24982): [---null: -1---]  xxd111  getClassName  com.pekall.emdm.launcher.ui.AboutActivity
05-22 14:16:34.025 D/        (24982): [---null: -1---]  xxd111  info.title  About ,count is 0
05-22 14:16:34.025 D/MDM :   (24982): [null:-1]->  iconWidth 104
05-22 14:16:34.025 D/MDM :   (24982): [null:-1]->  iconHeight 104
05-22 14:16:34.025 D/MDM :   (24982): [null:-1]->  107 104
05-22 14:16:34.033 D/        (24982): [---null: -1---]  xxd111  getPackageName  com.pekall.emdm.launcher
05-22 14:16:34.033 D/        (24982): [---null: -1---]  xxd111  getClassName  com.pekall.emdm.launcher.ui.SettingActivity
05-22 14:16:34.033 D/        (24982): [---null: -1---]  xxd111  info.title  Setting ,count is 0
05-22 14:16:34.314 D/dalvikvm(24982): JIT unchain all for threadid=11
05-22 14:16:34.346 D/dalvikvm(24982): GC_FOR_ALLOC freed 1399K, 11% free 19642K/21876K, paused 283ms, total 283ms
05-22 14:16:34.361 I/dalvikvm-heap(24982): Grow heap (frag case) to 22.475MB for 3415696-byte allocation
05-22 14:16:34.611 D/dalvikvm(24982): JIT unchain all for threadid=11
05-22 14:16:34.650 D/dalvikvm(24982): GC_FOR_ALLOC freed 1K, 9% free 22976K/25212K, paused 287ms, total 287ms
05-22 14:16:34.752 I/Choreographer(24982): Skipped 44 frames!  The application may be doing too much work on its main thread.
05-22 14:16:34.924 I/ActivityManager(  374): Displayed com.pekall.emdm.launcher/com.pekall.emdm.ui.SplashActivity: +2s780ms (total +4s218ms)
05-22 14:16:34.924 I/ActivityManager(  374): Displayed com.pekall.emdm.launcher/.Launcher: +4s218ms
05-22 14:16:34.955 W/BufferQueue(  124): [com.pekall.emdm.launcher/com.pekall.emdm.launcher.Launcher] cancelBuffer: BufferQueue has been abandoned!
05-22 14:16:34.955 V/a       (24982): Connected: com.pekall.semail.service.AccountServiceInternal
05-22 14:16:34.963 V/a       (24982): Connected: com.pekall.semail.service.AccountServiceInternal
05-22 14:16:34.963 W/Parcel  ( 1661): Attempt to read object from Parcel 0x5dfd3dac at offset 200 that is not in the object list
05-22 14:16:34.963 W/Parcel  ( 1661): Attempt to read object from Parcel 0x5ef3bdac at offset 200 that is not in the object list
05-22 14:16:34.963 V/a       (24982): Connection test succeeded in 1221ms
05-22 14:16:34.963 I/ActivityManager(  374): START u0 {cmp=com.pekall.emdm.launcher/com.pekall.emdm.ui.AdvActivity} from pid 24982
05-22 14:16:34.971 W/WindowManager(  374): Token{42885910 ActivityRecord{42a31d10 u0 com.pekall.emdm.launcher/com.pekall.emdm.ui.AdvActivity}} failed creating starting window
05-22 14:16:34.971 W/WindowManager(  374): android.view.InflateException: Binary XML file line #34: Error inflating class <unknown>
05-22 14:16:34.971 W/WindowManager(  374): 	at android.view.LayoutInflater.createView(LayoutInflater.java:620)
05-22 14:16:34.971 W/WindowManager(  374): 	at com.android.internal.policy.impl.PhoneLayoutInflater.onCreateView(PhoneLayoutInflater.java:56)
05-22 14:16:34.971 W/WindowManager(  374): 	at android.view.LayoutInflater.onCreateView(LayoutInflater.java:669)
05-22 14:16:34.971 W/WindowManager(  374): 	at android.view.LayoutInflater.createViewFromTag(LayoutInflater.java:694)
05-22 14:16:34.971 W/WindowManager(  374): 	at android.view.LayoutInflater.rInflate(LayoutInflater.java:755)
05-22 14:16:34.971 W/WindowManager(  374): 	at android.view.LayoutInflater.inflate(LayoutInflater.java:492)
05-22 14:16:34.971 W/WindowManager(  374): 	at android.view.LayoutInflater.inflate(LayoutInflater.java:397)
05-22 14:16:34.971 W/WindowManager(  374): 	at android.view.LayoutInflater.inflate(LayoutInflater.java:353)
05-22 14:16:34.971 W/WindowManager(  374): 	at com.android.internal.policy.impl.PhoneWindow.generateLayout(PhoneWindow.java:2823)
05-22 14:16:34.971 W/WindowManager(  374): 	at com.android.internal.policy.impl.PhoneWindow.installDecor(PhoneWindow.java:2886)
05-22 14:16:34.971 W/WindowManager(  374): 	at com.android.internal.policy.impl.PhoneWindow.getDecorView(PhoneWindow.java:1581)
05-22 14:16:34.971 W/WindowManager(  374): 	at com.android.internal.policy.impl.PhoneWindowManager.addStartingWindow(PhoneWindowManager.java:1618)
05-22 14:16:34.971 W/WindowManager(  374): 	at com.android.server.wm.WindowManagerService$H.handleMessage(WindowManagerService.java:6908)
05-22 14:16:34.971 W/WindowManager(  374): 	at android.os.Handler.dispatchMessage(Handler.java:99)
05-22 14:16:34.971 W/WindowManager(  374): 	at android.os.Looper.loop(Looper.java:137)
05-22 14:16:34.971 W/WindowManager(  374): 	at android.os.HandlerThread.run(HandlerThread.java:61)
05-22 14:16:34.971 W/WindowManager(  374): Caused by: java.lang.reflect.InvocationTargetException
05-22 14:16:34.971 W/WindowManager(  374): 	at java.lang.reflect.Constructor.constructNative(Native Method)
05-22 14:16:34.971 W/WindowManager(  374): 	at java.lang.reflect.Constructor.newInstance(Constructor.java:417)
05-22 14:16:34.971 W/WindowManager(  374): 	at android.view.LayoutInflater.createView(LayoutInflater.java:594)
05-22 14:16:34.971 W/WindowManager(  374): 	... 15 more
05-22 14:16:34.971 W/WindowManager(  374): Caused by: android.content.res.Resources$NotFoundException: Resource is not a Drawable (color or path): TypedValue{t=0x2/d=0x1010059 a=-1}
05-22 14:16:34.971 W/WindowManager(  374): 	at android.content.res.Resources.loadDrawable(Resources.java:2063)
05-22 14:16:34.971 W/WindowManager(  374): 	at android.content.res.TypedArray.getDrawable(TypedArray.java:601)
05-22 14:16:34.971 W/WindowManager(  374): 	at android.widget.FrameLayout.<init>(FrameLayout.java:109)
05-22 14:16:34.971 W/WindowManager(  374): 	at android.widget.FrameLayout.<init>(FrameLayout.java:97)
05-22 14:16:34.971 W/WindowManager(  374): 	... 18 more
05-22 14:16:35.088 D/dalvikvm(  374): GC_FOR_ALLOC freed 1598K, 24% free 23438K/30504K, paused 79ms, total 80ms
05-22 14:16:35.103 V/a       (24982): Task getDeviceId completed; disconnecting
05-22 14:16:35.103 V/a       (24982): Task test completed; disconnecting
05-22 14:16:35.103 D/MDM :   (24982): [null:-1]->  iconWidth 104
05-22 14:16:35.103 D/MDM :   (24982): [null:-1]->  iconHeight 104
05-22 14:16:35.103 D/MDM :   (24982): [null:-1]->  107 104
05-22 14:16:35.111 D/MDM :   (24982): [null:-1]->  iconWidth 104
05-22 14:16:35.111 D/MDM :   (24982): [null:-1]->  iconHeight 104
05-22 14:16:35.111 D/MDM :   (24982): [null:-1]->  107 104
05-22 14:16:35.111 D/MDM :   (24982): [null:-1]->  iconWidth 104
05-22 14:16:35.111 D/MDM :   (24982): [null:-1]->  iconHeight 104
05-22 14:16:35.111 D/MDM :   (24982): [null:-1]->  107 104
05-22 14:16:35.119 D/MDM :   (24982): [null:-1]->  iconWidth 104
05-22 14:16:35.119 V/a       (24982): Wait for getDeviceId finished in 1361ms
05-22 14:16:35.119 D/MDM :   (24982): [null:-1]->  iconHeight 104
05-22 14:16:35.119 D/MDM :   (24982): [null:-1]->  107 104
05-22 14:16:35.119 D/MDM :   (24982): [null:-1]->  iconWidth 104
05-22 14:16:35.127 D/MDM :   (24982): [null:-1]->  iconHeight 104
05-22 14:16:35.127 D/MDM :   (24982): [null:-1]->  107 104
05-22 14:16:35.127 D/MDM :   (24982): [null:-1]->  iconWidth 104
05-22 14:16:35.127 D/MDM :   (24982): [null:-1]->  iconHeight 104
05-22 14:16:35.127 D/MDM :   (24982): [null:-1]->  107 104
05-22 14:16:35.127 D/MDM :   (24982): [null:-1]->  iconWidth 104
05-22 14:16:35.127 D/MDM :   (24982): [null:-1]->  iconHeight 104
05-22 14:16:35.135 D/MDM :   (24982): [null:-1]->  107 104
05-22 14:16:35.135 D/MDM :   (24982): [null:-1]->  iconWidth 104
05-22 14:16:35.135 D/MDM :   (24982): [null:-1]->  iconHeight 104
05-22 14:16:35.135 D/MDM :   (24982): [null:-1]->  107 104
05-22 14:16:35.135 D/MDM :   (24982): [null:-1]->  iconWidth 104
05-22 14:16:35.142 D/MDM :   (24982): [null:-1]->  iconHeight 104
05-22 14:16:35.142 D/MDM :   (24982): [null:-1]->  107 104
05-22 14:16:35.142 D/MDM :   (24982): [null:-1]->  iconWidth 104
05-22 14:16:35.142 D/MDM :   (24982): [null:-1]->  iconHeight 104
05-22 14:16:35.142 D/MDM :   (24982): [null:-1]->  107 104
05-22 14:16:35.142 D/ExchangeService(24982): Received deviceId from Email app: androidc2130646576
05-22 14:16:35.150 D/LauncherApplication(24982): [null:-1]->onActivityPaused
05-22 14:16:35.166 D/ExchangeService(24982): !!! EAS ExchangeService, onStartCommand, startingUp = true, running = false
05-22 14:16:35.166 D/ExchangeService(24982): Reconciling accounts...
05-22 14:16:35.166 V/l       (24982): Bind requested for task setLogging
05-22 14:16:35.181 V/a       (24982): Bind requested for task reconcileAccounts
05-22 14:16:35.205 V/a       (24982): Waiting for task reconcileAccounts to complete...
05-22 14:16:35.213 V/LauncherApplication(24982): onActivityStarted
05-22 14:16:35.213 D/        (24982): [---null: -1---]     awsa  onActivityResumed
05-22 14:16:35.213 V/LauncherApplication(24982): 2MdmConstant.LAST_LAUNCH_TIME = 1400739392758
05-22 14:16:35.221 D/        (24982): [---null: -1---]  activity = com.pekall.emdm.ui.AdvActivity
05-22 14:16:35.228 V/l       (24982): Connected: com.pekall.exchange.ExchangeService
05-22 14:16:35.236 V/l       (24982): Task setLogging completed; disconnecting
05-22 14:16:35.580 D/dalvikvm(24982): JIT unchain all for threadid=11
05-22 14:16:35.611 D/dalvikvm(24982): GC_FOR_ALLOC freed 688K, 8% free 25146K/27292K, paused 276ms, total 278ms
05-22 14:16:35.838 V/a       (24982): Connected: com.pekall.semail.service.AccountServiceInternal
05-22 14:16:35.846 V/a       (24982): Task reconcileAccounts completed; disconnecting
05-22 14:16:35.853 V/a       (24982): Wait for reconcileAccounts finished in 650ms
05-22 14:16:35.916 D/ExchangeService(24982): !!! EAS ExchangeService, stopping self
05-22 14:16:35.947 I/ActivityManager(  374): Displayed com.pekall.emdm.launcher/com.pekall.emdm.ui.AdvActivity: +786ms
05-22 14:16:35.947 D/ExchangeService(24982): !!! EAS ExchangeService, onDestroy
05-22 14:16:36.486 I/QueryController(24906): Matched selector: UiSelector[PACKAGE NAME=com.pekall.emdm.launcher] <<==>> [android.view.accessibility.AccessibilityNodeInfo@85f8; boundsInParent: Rect(0, 0 - 720, 1184); boundsInScreen: Rect(0, 0 - 720, 1184); packageName: com.pekall.emdm.launcher; className: android.widget.FrameLayout; text: null; contentDescription: null; viewIdResName: null; checkable: false; checked: false; focusable: false; focused: false; selected: false; clickable: false; longClickable: false; enabled: true; password: false; scrollable: false; [ACTION_SELECT, ACTION_CLEAR_SELECTION, ACTION_ACCESSIBILITY_FOCUS]]
05-22 14:16:36.494 I/QueryController(24906): Matched selector: UiSelector[RESOURCE_ID=com.pekall.emdm.launcher:id/circle_indicator] <<==>> [android.view.accessibility.AccessibilityNodeInfo@98bd; boundsInParent: Rect(0, 0 - 720, 21); boundsInScreen: Rect(0, 1123 - 720, 1144); packageName: com.pekall.emdm.launcher; className: android.view.View; text: null; contentDescription: null; viewIdResName: com.pekall.emdm.launcher:id/circle_indicator; checkable: false; checked: false; focusable: false; focused: false; selected: false; clickable: false; longClickable: false; enabled: true; password: false; scrollable: false; [ACTION_SELECT, ACTION_CLEAR_SELECTION, ACTION_ACCESSIBILITY_FOCUS]]
05-22 14:16:37.306 D/dalvikvm(24982): JIT unchain all for threadid=11
05-22 14:16:37.338 D/dalvikvm(24982): GC_FOR_ALLOC freed 44K, 8% free 27241K/29372K, paused 275ms, total 277ms
05-22 14:16:38.291 D/dalvikvm(24982): JIT unchain all for threadid=11
05-22 14:16:38.314 D/dalvikvm(24982): GC_FOR_ALLOC freed 738K, 10% free 28590K/31452K, paused 274ms, total 274ms
05-22 14:16:38.681 D/dalvikvm( 1661): GC_EXPLICIT freed 107K, 18% free 13041K/15888K, paused 3ms+7ms, total 97ms
05-22 14:16:39.635 I/QueryController(24906): Matched selector: UiSelector[TEXT=Start] <<==>> [android.view.accessibility.AccessibilityNodeInfo@ba86; boundsInParent: Rect(0, 0 - 400, 96); boundsInScreen: Rect(160, 997 - 560, 1093); packageName: com.pekall.emdm.launcher; className: android.widget.Button; text: Start; contentDescription: null; viewIdResName: com.pekall.emdm.launcher:id/start; checkable: false; checked: false; focusable: true; focused: false; selected: false; clickable: true; longClickable: false; enabled: true; password: false; scrollable: false; [ACTION_FOCUS, ACTION_SELECT, ACTION_CLEAR_SELECTION, ACTION_CLICK, ACTION_ACCESSIBILITY_FOCUS, ACTION_NEXT_AT_MOVEMENT_GRANULARITY, ACTION_PREVIOUS_AT_MOVEMENT_GRANULARITY, ACTION_SET_SELECTION]]
05-22 14:16:39.650 I/QueryController(24906): Matched selector: UiSelector[TEXT=Start, CLASS=android.widget.Button] <<==>> [android.view.accessibility.AccessibilityNodeInfo@ba86; boundsInParent: Rect(0, 0 - 400, 96); boundsInScreen: Rect(160, 997 - 560, 1093); packageName: com.pekall.emdm.launcher; className: android.widget.Button; text: Start; contentDescription: null; viewIdResName: com.pekall.emdm.launcher:id/start; checkable: false; checked: false; focusable: true; focused: false; selected: false; clickable: true; longClickable: false; enabled: true; password: false; scrollable: false; [ACTION_FOCUS, ACTION_SELECT, ACTION_CLEAR_SELECTION, ACTION_CLICK, ACTION_ACCESSIBILITY_FOCUS, ACTION_NEXT_AT_MOVEMENT_GRANULARITY, ACTION_PREVIOUS_AT_MOVEMENT_GRANULARITY, ACTION_SET_SELECTION]]
05-22 14:16:39.666 I/QueryController(24906): Matched selector: UiSelector[TEXT=Start, CLASS=android.widget.Button] <<==>> [android.view.accessibility.AccessibilityNodeInfo@ba86; boundsInParent: Rect(0, 0 - 400, 96); boundsInScreen: Rect(160, 997 - 560, 1093); packageName: com.pekall.emdm.launcher; className: android.widget.Button; text: Start; contentDescription: null; viewIdResName: com.pekall.emdm.launcher:id/start; checkable: false; checked: false; focusable: true; focused: false; selected: false; clickable: true; longClickable: false; enabled: true; password: false; scrollable: false; [ACTION_FOCUS, ACTION_SELECT, ACTION_CLEAR_SELECTION, ACTION_CLICK, ACTION_ACCESSIBILITY_FOCUS, ACTION_NEXT_AT_MOVEMENT_GRANULARITY, ACTION_PREVIOUS_AT_MOVEMENT_GRANULARITY, ACTION_SET_SELECTION]]
05-22 14:16:39.666 D/InteractionController(24906): clickAndWaitForNewWindow(360, 1045)
05-22 14:16:39.775 W/Parcel  ( 1661): Attempt to read object from Parcel 0x6003bdac at offset 200 that is not in the object list
05-22 14:16:39.775 I/ActivityManager(  374): START u0 {cmp=com.pekall.emdm.launcher/com.pekall.emdm.ui.ActiveDeviceAdminActivity} from pid 24982
05-22 14:16:39.892 D/dalvikvm(  374): GC_FOR_ALLOC freed 478K, 21% free 24181K/30504K, paused 77ms, total 77ms
05-22 14:16:39.971 D/dalvikvm(  374): GC_FOR_ALLOC freed 761K, 23% free 23791K/30504K, paused 73ms, total 73ms
05-22 14:16:39.978 D/LauncherApplication(24982): [null:-1]->onActivityPaused
05-22 14:16:40.025 V/LauncherApplication(24982): onActivityStarted
05-22 14:16:40.025 D/        (24982): [---null: -1---]     awsa  onActivityResumed
05-22 14:16:40.025 V/LauncherApplication(24982): 2MdmConstant.LAST_LAUNCH_TIME = 1400739392758
05-22 14:16:40.033 D/        (24982): [---null: -1---]  activity = com.pekall.emdm.ui.ActiveDeviceAdminActivity
05-22 14:16:40.127 I/ActivityManager(  374): Displayed com.pekall.emdm.launcher/com.pekall.emdm.ui.ActiveDeviceAdminActivity: +145ms
05-22 14:16:40.674 I/QueryController(24906): Matched selector: UiSelector[TEXT=Active, CLASS=android.widget.Button] <<==>> [android.view.accessibility.AccessibilityNodeInfo@d10d; boundsInParent: Rect(0, 0 - 660, 79); boundsInScreen: Rect(30, 502 - 690, 581); packageName: com.pekall.emdm.launcher; className: android.widget.Button; text: Active; contentDescription: null; viewIdResName: com.pekall.emdm.launcher:id/active_device_admin_button; checkable: false; checked: false; focusable: true; focused: false; selected: false; clickable: true; longClickable: false; enabled: true; password: false; scrollable: false; [ACTION_FOCUS, ACTION_SELECT, ACTION_CLEAR_SELECTION, ACTION_CLICK, ACTION_ACCESSIBILITY_FOCUS, ACTION_NEXT_AT_MOVEMENT_GRANULARITY, ACTION_PREVIOUS_AT_MOVEMENT_GRANULARITY, ACTION_SET_SELECTION]]
05-22 14:16:40.713 I/QueryController(24906): Matched selector: UiSelector[TEXT=Active, CLASS=android.widget.Button] <<==>> [android.view.accessibility.AccessibilityNodeInfo@d10d; boundsInParent: Rect(0, 0 - 660, 79); boundsInScreen: Rect(30, 502 - 690, 581); packageName: com.pekall.emdm.launcher; className: android.widget.Button; text: Active; contentDescription: null; viewIdResName: com.pekall.emdm.launcher:id/active_device_admin_button; checkable: false; checked: false; focusable: true; focused: false; selected: false; clickable: true; longClickable: false; enabled: true; password: false; scrollable: false; [ACTION_FOCUS, ACTION_SELECT, ACTION_CLEAR_SELECTION, ACTION_CLICK, ACTION_ACCESSIBILITY_FOCUS, ACTION_NEXT_AT_MOVEMENT_GRANULARITY, ACTION_PREVIOUS_AT_MOVEMENT_GRANULARITY, ACTION_SET_SELECTION]]
05-22 14:16:40.713 D/InteractionController(24906): clickAndWaitForNewWindow(360, 541)
05-22 14:16:40.822 W/Parcel  ( 1661): Attempt to read object from Parcel 0x5ec3bdac at offset 200 that is not in the object list
05-22 14:16:40.822 I/ActivityManager(  374): START u0 {act=android.app.action.ADD_DEVICE_ADMIN cmp=com.android.settings/.DeviceAdminAdd (has extras)} from pid 24982
05-22 14:16:40.939 D/dalvikvm(  374): GC_FOR_ALLOC freed 419K, 21% free 24171K/30504K, paused 76ms, total 76ms
05-22 14:16:41.010 D/dalvikvm(  374): GC_FOR_ALLOC freed 751K, 23% free 23791K/30504K, paused 68ms, total 68ms
05-22 14:16:41.010 D/LauncherApplication(24982): [null:-1]->onActivityPaused
05-22 14:16:41.213 I/ActivityManager(  374): Displayed com.android.settings/.DeviceAdminAdd: +188ms
05-22 14:16:41.963 I/QueryController(24906): Matched selector: UiSelector[TEXT=Activate, CLASS=android.widget.Button] <<==>> [android.view.accessibility.AccessibilityNodeInfo@14f6ec; boundsInParent: Rect(0, 0 - 359, 96); boundsInScreen: Rect(361, 1088 - 720, 1184); packageName: com.android.settings; className: android.widget.Button; text: Activate; contentDescription: null; viewIdResName: com.android.settings:id/action_button; checkable: false; checked: false; focusable: true; focused: false; selected: false; clickable: true; longClickable: false; enabled: true; password: false; scrollable: false; [ACTION_FOCUS, ACTION_SELECT, ACTION_CLEAR_SELECTION, ACTION_CLICK, ACTION_ACCESSIBILITY_FOCUS, ACTION_NEXT_AT_MOVEMENT_GRANULARITY, ACTION_PREVIOUS_AT_MOVEMENT_GRANULARITY, ACTION_SET_SELECTION]]
05-22 14:16:41.994 I/QueryController(24906): Matched selector: UiSelector[TEXT=Activate, CLASS=android.widget.Button] <<==>> [android.view.accessibility.AccessibilityNodeInfo@14f6ec; boundsInParent: Rect(0, 0 - 359, 96); boundsInScreen: Rect(361, 1088 - 720, 1184); packageName: com.android.settings; className: android.widget.Button; text: Activate; contentDescription: null; viewIdResName: com.android.settings:id/action_button; checkable: false; checked: false; focusable: true; focused: false; selected: false; clickable: true; longClickable: false; enabled: true; password: false; scrollable: false; [ACTION_FOCUS, ACTION_SELECT, ACTION_CLEAR_SELECTION, ACTION_CLICK, ACTION_ACCESSIBILITY_FOCUS, ACTION_NEXT_AT_MOVEMENT_GRANULARITY, ACTION_PREVIOUS_AT_MOVEMENT_GRANULARITY, ACTION_SET_SELECTION]]
05-22 14:16:41.994 D/InteractionController(24906): clickAndWaitForNewWindow(540, 1136)
05-22 14:16:42.135 D/MDM :   (24982): [null:-1]->onEnabled
05-22 14:16:42.135 I/dalvikvm(24982): Could not find method android.app.enterprise.license.EnterpriseLicenseManager.getInstance, referenced from method com.pekall.emdm.b.b.a.<init>
05-22 14:16:42.135 W/dalvikvm(24982): VFY: unable to resolve static method 1420: Landroid/app/enterprise/license/EnterpriseLicenseManager;.getInstance (Landroid/content/Context;)Landroid/app/enterprise/license/EnterpriseLicenseManager;
05-22 14:16:42.135 D/dalvikvm(24982): VFY: replacing opcode 0x71 at 0x0008
05-22 14:16:42.142 I/dalvikvm(24982): Could not find method android.app.enterprise.EnterpriseDeviceManager.getRestrictionPolicy, referenced from method com.pekall.emdm.b.b.a.A
05-22 14:16:42.142 W/dalvikvm(24982): VFY: unable to resolve virtual method 1371: Landroid/app/enterprise/EnterpriseDeviceManager;.getRestrictionPolicy ()Landroid/app/enterprise/RestrictionPolicy;
05-22 14:16:42.142 D/dalvikvm(24982): VFY: replacing opcode 0x6e at 0x000a
05-22 14:16:42.142 I/dalvikvm(24982): Could not find method android.app.enterprise.EnterpriseDeviceManager.getRestrictionPolicy, referenced from method com.pekall.emdm.b.b.a.B
05-22 14:16:42.142 W/dalvikvm(24982): VFY: unable to resolve virtual method 1371: Landroid/app/enterprise/EnterpriseDeviceManager;.getRestrictionPolicy ()Landroid/app/enterprise/RestrictionPolicy;
05-22 14:16:42.142 D/dalvikvm(24982): VFY: replacing opcode 0x6e at 0x000a
05-22 14:16:42.142 I/dalvikvm(24982): Could not find method android.app.enterprise.EnterpriseDeviceManager.getRestrictionPolicy, referenced from method com.pekall.emdm.b.b.a.C
05-22 14:16:42.142 W/dalvikvm(24982): VFY: unable to resolve virtual method 1371: Landroid/app/enterprise/EnterpriseDeviceManager;.getRestrictionPolicy ()Landroid/app/enterprise/RestrictionPolicy;
05-22 14:16:42.142 D/dalvikvm(24982): VFY: replacing opcode 0x6e at 0x000a
05-22 14:16:42.142 I/dalvikvm(24982): Could not find method android.app.enterprise.EnterpriseDeviceManager.getApplicationPolicy, referenced from method com.pekall.emdm.b.b.a.D
05-22 14:16:42.142 W/dalvikvm(24982): VFY: unable to resolve virtual method 1364: Landroid/app/enterprise/EnterpriseDeviceManager;.getApplicationPolicy ()Landroid/app/enterprise/ApplicationPolicy;
05-22 14:16:42.142 D/dalvikvm(24982): VFY: replacing opcode 0x6e at 0x000a
05-22 14:16:42.142 I/dalvikvm(24982): Could not find method android.app.enterprise.EnterpriseDeviceManager.getApplicationPolicy, referenced from method com.pekall.emdm.b.b.a.E
05-22 14:16:42.142 W/dalvikvm(24982): VFY: unable to resolve virtual method 1364: Landroid/app/enterprise/EnterpriseDeviceManager;.getApplicationPolicy ()Landroid/app/enterprise/ApplicationPolicy;
05-22 14:16:42.150 D/dalvikvm(24982): VFY: replacing opcode 0x6e at 0x000a
05-22 14:16:42.150 I/dalvikvm(24982): Could not find method android.app.enterprise.EnterpriseDeviceManager.getApplicationPolicy, referenced from method com.pekall.emdm.b.b.a.F
05-22 14:16:42.150 W/dalvikvm(24982): VFY: unable to resolve virtual method 1364: Landroid/app/enterprise/EnterpriseDeviceManager;.getApplicationPolicy ()Landroid/app/enterprise/ApplicationPolicy;
05-22 14:16:42.150 D/dalvikvm(24982): VFY: replacing opcode 0x6e at 0x000a
05-22 14:16:42.150 I/dalvikvm(24982): Could not find method android.app.enterprise.EnterpriseDeviceManager.getApplicationPolicy, referenced from method com.pekall.emdm.b.b.a.G
05-22 14:16:42.150 W/dalvikvm(24982): VFY: unable to resolve virtual method 1364: Landroid/app/enterprise/EnterpriseDeviceManager;.getApplicationPolicy ()Landroid/app/enterprise/ApplicationPolicy;
05-22 14:16:42.150 D/dalvikvm(24982): VFY: replacing opcode 0x6e at 0x000a
05-22 14:16:42.150 I/dalvikvm(24982): Could not find method android.app.enterprise.EnterpriseDeviceManager.getRestrictionPolicy, referenced from method com.pekall.emdm.b.b.a.H
05-22 14:16:42.150 W/dalvikvm(24982): VFY: unable to resolve virtual method 1371: Landroid/app/enterprise/EnterpriseDeviceManager;.getRestrictionPolicy ()Landroid/app/enterprise/RestrictionPolicy;
05-22 14:16:42.150 D/dalvikvm(24982): VFY: replacing opcode 0x6e at 0x000a
05-22 14:16:42.150 I/dalvikvm(24982): Could not find method android.app.enterprise.EnterpriseDeviceManager.getPhoneRestrictionPolicy, referenced from method com.pekall.emdm.b.b.a.I
05-22 14:16:42.150 W/dalvikvm(24982): VFY: unable to resolve virtual method 1370: Landroid/app/enterprise/EnterpriseDeviceManager;.getPhoneRestrictionPolicy ()Landroid/app/enterprise/PhoneRestrictionPolicy;
05-22 14:16:42.150 D/dalvikvm(24982): VFY: replacing opcode 0x6e at 0x0003
05-22 14:16:42.158 I/dalvikvm(24982): Could not find method android.app.enterprise.EnterpriseDeviceManager.getPhoneRestrictionPolicy, referenced from method com.pekall.emdm.b.b.a.J
05-22 14:16:42.158 W/dalvikvm(24982): VFY: unable to resolve virtual method 1370: Landroid/app/enterprise/EnterpriseDeviceManager;.getPhoneRestrictionPolicy ()Landroid/app/enterprise/PhoneRestrictionPolicy;
05-22 14:16:42.158 D/dalvikvm(24982): VFY: replacing opcode 0x6e at 0x000a
05-22 14:16:42.158 I/dalvikvm(24982): Could not find method android.app.enterprise.EnterpriseDeviceManager.getPhoneRestrictionPolicy, referenced from method com.pekall.emdm.b.b.a.K
05-22 14:16:42.158 W/dalvikvm(24982): VFY: unable to resolve virtual method 1370: Landroid/app/enterprise/EnterpriseDeviceManager;.getPhoneRestrictionPolicy ()Landroid/app/enterprise/PhoneRestrictionPolicy;
05-22 14:16:42.158 D/dalvikvm(24982): VFY: replacing opcode 0x6e at 0x000a
05-22 14:16:42.158 I/dalvikvm(24982): Could not find method android.app.enterprise.EnterpriseDeviceManager.getPhoneRestrictionPolicy, referenced from method com.pekall.emdm.b.b.a.L
05-22 14:16:42.158 W/dalvikvm(24982): VFY: unable to resolve virtual method 1370: Landroid/app/enterprise/EnterpriseDeviceManager;.getPhoneRestrictionPolicy ()Landroid/app/enterprise/PhoneRestrictionPolicy;
05-22 14:16:42.158 D/dalvikvm(24982): VFY: replacing opcode 0x6e at 0x000a
05-22 14:16:42.158 I/dalvikvm(24982): Could not find method android.app.enterprise.EnterpriseDeviceManager.getRestrictionPolicy, referenced from method com.pekall.emdm.b.b.a.M
05-22 14:16:42.158 W/dalvikvm(24982): VFY: unable to resolve virtual method 1371: Landroid/app/enterprise/EnterpriseDeviceManager;.getRestrictionPolicy ()Landroid/app/enterprise/RestrictionPolicy;
05-22 14:16:42.158 D/dalvikvm(24982): VFY: replacing opcode 0x6e at 0x000a
05-22 14:16:42.166 I/dalvikvm(24982): Could not find method android.app.enterprise.EnterpriseDeviceManager.getRoamingPolicy, referenced from method com.pekall.emdm.b.b.a.N
05-22 14:16:42.166 W/dalvikvm(24982): VFY: unable to resolve virtual method 1372: Landroid/app/enterprise/EnterpriseDeviceManager;.getRoamingPolicy ()Landroid/app/enterprise/RoamingPolicy;
05-22 14:16:42.166 D/dalvikvm(24982): VFY: replacing opcode 0x6e at 0x000a
05-22 14:16:42.166 I/dalvikvm(24982): Could not find method android.app.enterprise.EnterpriseDeviceManager.getRoamingPolicy, referenced from method com.pekall.emdm.b.b.a.O
05-22 14:16:42.166 W/dalvikvm(24982): VFY: unable to resolve virtual method 1372: Landroid/app/enterprise/EnterpriseDeviceManager;.getRoamingPolicy ()Landroid/app/enterprise/RoamingPolicy;
05-22 14:16:42.166 D/dalvikvm(24982): VFY: replacing opcode 0x6e at 0x000a
05-22 14:16:42.166 I/dalvikvm(24982): Could not find method android.app.enterprise.EnterpriseDeviceManager.getRoamingPolicy, referenced from method com.pekall.emdm.b.b.a.P
05-22 14:16:42.166 W/dalvikvm(24982): VFY: unable to resolve virtual method 1372: Landroid/app/enterprise/EnterpriseDeviceManager;.getRoamingPolicy ()Landroid/app/enterprise/RoamingPolicy;
05-22 14:16:42.166 D/dalvikvm(24982): VFY: replacing opcode 0x6e at 0x000a
05-22 14:16:42.166 I/dalvikvm(24982): Could not find method android.app.enterprise.EnterpriseDeviceManager.getWifiPolicy, referenced from method com.pekall.emdm.b.b.a.a
05-22 14:16:42.166 W/dalvikvm(24982): VFY: unable to resolve virtual method 1374: Landroid/app/enterprise/EnterpriseDeviceManager;.getWifiPolicy ()Landroid/app/enterprise/WifiPolicy;
05-22 14:16:42.166 D/dalvikvm(24982): VFY: replacing opcode 0x6e at 0x000e
05-22 14:16:42.166 I/dalvikvm(24982): Could not find method android.app.enterprise.EnterpriseDeviceManager.getSecurityPolicy, referenced from method com.pekall.emdm.b.b.a.a
05-22 14:16:42.166 W/dalvikvm(24982): VFY: unable to resolve virtual method 1373: Landroid/app/enterprise/EnterpriseDeviceManager;.getSecurityPolicy ()Landroid/app/enterprise/SecurityPolicy;
05-22 14:16:42.166 D/dalvikvm(24982): VFY: replacing opcode 0x6e at 0x0015
05-22 14:16:42.174 I/dalvikvm(24982): Could not find method android.app.enterprise.EnterpriseDeviceManager.getApplicationPolicy, referenced from method com.pekall.emdm.b.b.a.a
05-22 14:16:42.174 W/dalvikvm(24982): VFY: unable to resolve virtual method 1364: Landroid/app/enterprise/EnterpriseDeviceManager;.getApplicationPolicy ()Landroid/app/enterprise/ApplicationPolicy;
05-22 14:16:42.174 D/dalvikvm(24982): VFY: replacing opcode 0x6e at 0x000a
05-22 14:16:42.174 I/dalvikvm(24982): Could not find method android.app.enterprise.EnterpriseDeviceManager.getWifiPolicy, referenced from method com.pekall.emdm.b.b.a.a
05-22 14:16:42.174 W/dalvikvm(24982): VFY: unable to resolve virtual method 1374: Landroid/app/enterprise/EnterpriseDeviceManager;.getWifiPolicy ()Landroid/app/enterprise/WifiPolicy;
05-22 14:16:42.174 D/dalvikvm(24982): VFY: replacing opcode 0x6e at 0x000b
05-22 14:16:42.174 I/dalvikvm(24982): Could not find method android.app.enterprise.EnterpriseDeviceManager.getRestrictionPolicy, referenced from method com.pekall.emdm.b.b.a.a
05-22 14:16:42.174 W/dalvikvm(24982): VFY: unable to resolve virtual method 1371: Landroid/app/enterprise/EnterpriseDeviceManager;.getRestrictionPolicy ()Landroid/app/enterprise/RestrictionPolicy;
05-22 14:16:42.174 D/dalvikvm(24982): VFY: replacing opcode 0x6e at 0x000a
05-22 14:16:42.174 I/dalvikvm(24982): Could not find method android.app.enterprise.EnterpriseDeviceManager.getBluetoothPolicy, referenced from method com.pekall.emdm.b.b.a.a
05-22 14:16:42.174 W/dalvikvm(24982): VFY: unable to resolve virtual method 1365: Landroid/app/enterprise/EnterpriseDeviceManager;.getBluetoothPolicy ()Landroid/app/enterprise/BluetoothPolicy;
05-22 14:16:42.174 D/dalvikvm(24982): VFY: replacing opcode 0x6e at 0x000a
05-22 14:16:42.174 I/dalvikvm(24982): Could not find method android.app.enterprise.EnterpriseDeviceManager.getSecurityPolicy, referenced from method com.pekall.emdm.b.b.a.b
05-22 14:16:42.174 W/dalvikvm(24982): VFY: unable to resolve virtual method 1373: Landroid/app/enterprise/EnterpriseDeviceManager;.getSecurityPolicy ()Landroid/app/enterprise/SecurityPolicy;
05-22 14:16:42.174 D/dalvikvm(24982): VFY: replacing opcode 0x6e at 0x0015
05-22 14:16:42.181 I/dalvikvm(24982): Could not find method android.app.enterprise.EnterpriseDeviceManager.getWifiPolicy, referenced from method com.pekall.emdm.b.b.a.b
05-22 14:16:42.181 W/dalvikvm(24982): VFY: unable to resolve virtual method 1374: Landroid/app/enterprise/EnterpriseDeviceManager;.getWifiPolicy ()Landroid/app/enterprise/WifiPolicy;
05-22 14:16:42.181 D/dalvikvm(24982): VFY: replacing opcode 0x6e at 0x000b
05-22 14:16:42.181 I/dalvikvm(24982): Could not find method android.app.enterprise.EnterpriseDeviceManager.getDateTimePolicy, referenced from method com.pekall.emdm.b.b.a.b
05-22 14:16:42.181 W/dalvikvm(24982): VFY: unable to resolve virtual method 1366: Landroid/app/enterprise/EnterpriseDeviceManager;.getDateTimePolicy ()Landroid/app/enterprise/DateTimePolicy;
05-22 14:16:42.181 D/dalvikvm(24982): VFY: replacing opcode 0x6e at 0x000a
05-22 14:16:42.181 I/dalvikvm(24982): Could not find method android.app.enterprise.EnterpriseDeviceManager.getWifiPolicy, referenced from method com.pekall.emdm.b.b.a.c
05-22 14:16:42.181 W/dalvikvm(24982): VFY: unable to resolve virtual method 1374: Landroid/app/enterprise/EnterpriseDeviceManager;.getWifiPolicy ()Landroid/app/enterprise/WifiPolicy;
05-22 14:16:42.181 D/dalvikvm(24982): VFY: replacing opcode 0x6e at 0x000a
05-22 14:16:42.181 I/dalvikvm(24982): Could not find method android.app.enterprise.EnterpriseDeviceManager.getRestrictionPolicy, referenced from method com.pekall.emdm.b.b.a.c
05-22 14:16:42.181 W/dalvikvm(24982): VFY: unable to resolve virtual method 1371: Landroid/app/enterprise/EnterpriseDeviceManager;.getRestrictionPolicy ()Landroid/app/enterprise/RestrictionPolicy;
05-22 14:16:42.181 D/dalvikvm(24982): VFY: replacing opcode 0x6e at 0x000a
05-22 14:16:42.181 I/dalvikvm(24982): Could not find method android.app.enterprise.EnterpriseDeviceManager.getWifiPolicy, referenced from method com.pekall.emdm.b.b.a.d
05-22 14:16:42.189 W/dalvikvm(24982): VFY: unable to resolve virtual method 1374: Landroid/app/enterprise/EnterpriseDeviceManager;.getWifiPolicy ()Landroid/app/enterprise/WifiPolicy;
05-22 14:16:42.189 D/dalvikvm(24982): VFY: replacing opcode 0x6e at 0x000a
05-22 14:16:42.189 I/dalvikvm(24982): Could not find method android.app.enterprise.EnterpriseDeviceManager.getRestrictionPolicy, referenced from method com.pekall.emdm.b.b.a.d
05-22 14:16:42.189 W/dalvikvm(24982): VFY: unable to resolve virtual method 1371: Landroid/app/enterprise/EnterpriseDeviceManager;.getRestrictionPolicy ()Landroid/app/enterprise/RestrictionPolicy;
05-22 14:16:42.189 D/dalvikvm(24982): VFY: replacing opcode 0x6e at 0x000a
05-22 14:16:42.189 I/dalvikvm(24982): Could not find method android.app.enterprise.EnterpriseDeviceManager.getLocationPolicy, referenced from method com.pekall.emdm.b.b.a.e
05-22 14:16:42.189 W/dalvikvm(24982): VFY: unable to resolve virtual method 1368: Landroid/app/enterprise/EnterpriseDeviceManager;.getLocationPolicy ()Landroid/app/enterprise/LocationPolicy;
05-22 14:16:42.189 D/dalvikvm(24982): VFY: replacing opcode 0x6e at 0x000a
05-22 14:16:42.189 I/dalvikvm(24982): Could not find method android.app.enterprise.EnterpriseDeviceManager.getRestrictionPolicy, referenced from method com.pekall.emdm.b.b.a.f
05-22 14:16:42.189 W/dalvikvm(24982): VFY: unable to resolve virtual method 1371: Landroid/app/enterprise/EnterpriseDeviceManager;.getRestrictionPolicy ()Landroid/app/enterprise/RestrictionPolicy;
05-22 14:16:42.189 D/dalvikvm(24982): VFY: replacing opcode 0x6e at 0x000a
05-22 14:16:42.189 I/dalvikvm(24982): Could not find method android.app.enterprise.EnterpriseDeviceManager.getWifiPolicy, referenced from method com.pekall.emdm.b.b.a.g
05-22 14:16:42.189 W/dalvikvm(24982): VFY: unable to resolve virtual method 1374: Landroid/app/enterprise/EnterpriseDeviceManager;.getWifiPolicy ()Landroid/app/enterprise/WifiPolicy;
05-22 14:16:42.189 D/dalvikvm(24982): VFY: replacing opcode 0x6e at 0x000a
05-22 14:16:42.197 I/dalvikvm(24982): Could not find method android.app.enterprise.EnterpriseDeviceManager.getRestrictionPolicy, referenced from method com.pekall.emdm.b.b.a.h
05-22 14:16:42.197 W/dalvikvm(24982): VFY: unable to resolve virtual method 1371: Landroid/app/enterprise/EnterpriseDeviceManager;.getRestrictionPolicy ()Landroid/app/enterprise/RestrictionPolicy;
05-22 14:16:42.197 D/dalvikvm(24982): VFY: replacing opcode 0x6e at 0x000a
05-22 14:16:42.197 I/dalvikvm(24982): Could not find method android.app.enterprise.EnterpriseDeviceManager.getRestrictionPolicy, referenced from method com.pekall.emdm.b.b.a.i
05-22 14:16:42.197 W/dalvikvm(24982): VFY: unable to resolve virtual method 1371: Landroid/app/enterprise/EnterpriseDeviceManager;.getRestrictionPolicy ()Landroid/app/enterprise/RestrictionPolicy;
05-22 14:16:42.197 D/dalvikvm(24982): VFY: replacing opcode 0x6e at 0x000a
05-22 14:16:42.197 I/dalvikvm(24982): Could not find method android.app.enterprise.EnterpriseDeviceManager.getPhoneRestrictionPolicy, referenced from method com.pekall.emdm.b.b.a.j
05-22 14:16:42.197 W/dalvikvm(24982): VFY: unable to resolve virtual method 1370: Landroid/app/enterprise/EnterpriseDeviceManager;.getPhoneRestrictionPolicy ()Landroid/app/enterprise/PhoneRestrictionPolicy;
05-22 14:16:42.197 D/dalvikvm(24982): VFY: replacing opcode 0x6e at 0x000a
05-22 14:16:42.197 I/dalvikvm(24982): Could not find method android.app.enterprise.EnterpriseDeviceManager.getWifiPolicy, referenced from method com.pekall.emdm.b.b.a.k
05-22 14:16:42.197 W/dalvikvm(24982): VFY: unable to resolve virtual method 1374: Landroid/app/enterprise/EnterpriseDeviceManager;.getWifiPolicy ()Landroid/app/enterprise/WifiPolicy;
05-22 14:16:42.197 D/dalvikvm(24982): VFY: replacing opcode 0x6e at 0x000a
05-22 14:16:42.197 I/dalvikvm(24982): Could not find method android.app.enterprise.EnterpriseDeviceManager.getRestrictionPolicy, referenced from method com.pekall.emdm.b.b.a.l
05-22 14:16:42.197 W/dalvikvm(24982): VFY: unable to resolve virtual method 1371: Landroid/app/enterprise/EnterpriseDeviceManager;.getRestrictionPolicy ()Landroid/app/enterprise/RestrictionPolicy;
05-22 14:16:42.197 D/dalvikvm(24982): VFY: replacing opcode 0x6e at 0x000a
05-22 14:16:42.205 I/dalvikvm(24982): Could not find method android.app.enterprise.EnterpriseDeviceManager.getBluetoothPolicy, referenced from method com.pekall.emdm.b.b.a.m
05-22 14:16:42.205 W/dalvikvm(24982): VFY: unable to resolve virtual method 1365: Landroid/app/enterprise/EnterpriseDeviceManager;.getBluetoothPolicy ()Landroid/app/enterprise/BluetoothPolicy;
05-22 14:16:42.205 D/dalvikvm(24982): VFY: replacing opcode 0x6e at 0x000a
05-22 14:16:42.205 I/dalvikvm(24982): Could not find method android.app.enterprise.EnterpriseDeviceManager.getBluetoothPolicy, referenced from method com.pekall.emdm.b.b.a.n
05-22 14:16:42.205 W/dalvikvm(24982): VFY: unable to resolve virtual method 1365: Landroid/app/enterprise/EnterpriseDeviceManager;.getBluetoothPolicy ()Landroid/app/enterprise/BluetoothPolicy;
05-22 14:16:42.205 D/dalvikvm(24982): VFY: replacing opcode 0x6e at 0x000a
05-22 14:16:42.205 I/dalvikvm(24982): Could not find method android.app.enterprise.EnterpriseDeviceManager.getBluetoothPolicy, referenced from method com.pekall.emdm.b.b.a.o
05-22 14:16:42.205 W/dalvikvm(24982): VFY: unable to resolve virtual method 1365: Landroid/app/enterprise/EnterpriseDeviceManager;.getBluetoothPolicy ()Landroid/app/enterprise/BluetoothPolicy;
05-22 14:16:42.205 D/dalvikvm(24982): VFY: replacing opcode 0x6e at 0x000a
05-22 14:16:42.205 I/dalvikvm(24982): Could not find method android.app.enterprise.EnterpriseDeviceManager.getBluetoothPolicy, referenced from method com.pekall.emdm.b.b.a.p
05-22 14:16:42.205 W/dalvikvm(24982): VFY: unable to resolve virtual method 1365: Landroid/app/enterprise/EnterpriseDeviceManager;.getBluetoothPolicy ()Landroid/app/enterprise/BluetoothPolicy;
05-22 14:16:42.205 D/dalvikvm(24982): VFY: replacing opcode 0x6e at 0x000a
05-22 14:16:42.205 I/dalvikvm(24982): Could not find method android.app.enterprise.EnterpriseDeviceManager.getRestrictionPolicy, referenced from method com.pekall.emdm.b.b.a.q
05-22 14:16:42.205 W/dalvikvm(24982): VFY: unable to resolve virtual method 1371: Landroid/app/enterprise/EnterpriseDeviceManager;.getRestrictionPolicy ()Landroid/app/enterprise/RestrictionPolicy;
05-22 14:16:42.205 D/dalvikvm(24982): VFY: replacing opcode 0x6e at 0x000a
05-22 14:16:42.205 I/dalvikvm(24982): Could not find method android.app.enterprise.EnterpriseDeviceManager.getBluetoothPolicy, referenced from method com.pekall.emdm.b.b.a.r
05-22 14:16:42.205 W/dalvikvm(24982): VFY: unable to resolve virtual method 1365: Landroid/app/enterprise/EnterpriseDeviceManager;.getBluetoothPolicy ()Landroid/app/enterprise/BluetoothPolicy;
05-22 14:16:42.205 D/dalvikvm(24982): VFY: replacing opcode 0x6e at 0x000a
05-22 14:16:42.213 I/dalvikvm(24982): Could not find method android.app.enterprise.EnterpriseDeviceManager.getRestrictionPolicy, referenced from method com.pekall.emdm.b.b.a.s
05-22 14:16:42.213 W/dalvikvm(24982): VFY: unable to resolve virtual method 1371: Landroid/app/enterprise/EnterpriseDeviceManager;.getRestrictionPolicy ()Landroid/app/enterprise/RestrictionPolicy;
05-22 14:16:42.213 D/dalvikvm(24982): VFY: replacing opcode 0x6e at 0x000a
05-22 14:16:42.213 I/dalvikvm(24982): Could not find method android.app.enterprise.EnterpriseDeviceManager.getRestrictionPolicy, referenced from method com.pekall.emdm.b.b.a.t
05-22 14:16:42.213 W/dalvikvm(24982): VFY: unable to resolve virtual method 1371: Landroid/app/enterprise/EnterpriseDeviceManager;.getRestrictionPolicy ()Landroid/app/enterprise/RestrictionPolicy;
05-22 14:16:42.213 D/dalvikvm(24982): VFY: replacing opcode 0x6e at 0x000a
05-22 14:16:42.213 I/dalvikvm(24982): Could not find method android.app.enterprise.EnterpriseDeviceManager.getRestrictionPolicy, referenced from method com.pekall.emdm.b.b.a.u
05-22 14:16:42.213 W/dalvikvm(24982): VFY: unable to resolve virtual method 1371: Landroid/app/enterprise/EnterpriseDeviceManager;.getRestrictionPolicy ()Landroid/app/enterprise/RestrictionPolicy;
05-22 14:16:42.213 D/dalvikvm(24982): VFY: replacing opcode 0x6e at 0x000a
05-22 14:16:42.213 I/dalvikvm(24982): Could not find method android.app.enterprise.EnterpriseDeviceManager.getRestrictionPolicy, referenced from method com.pekall.emdm.b.b.a.v
05-22 14:16:42.213 W/dalvikvm(24982): VFY: unable to resolve virtual method 1371: Landroid/app/enterprise/EnterpriseDeviceManager;.getRestrictionPolicy ()Landroid/app/enterprise/RestrictionPolicy;
05-22 14:16:42.213 D/dalvikvm(24982): VFY: replacing opcode 0x6e at 0x000a
05-22 14:16:42.213 I/dalvikvm(24982): Could not find method android.app.enterprise.EnterpriseDeviceManager.getRestrictionPolicy, referenced from method com.pekall.emdm.b.b.a.w
05-22 14:16:42.213 W/dalvikvm(24982): VFY: unable to resolve virtual method 1371: Landroid/app/enterprise/EnterpriseDeviceManager;.getRestrictionPolicy ()Landroid/app/enterprise/RestrictionPolicy;
05-22 14:16:42.213 D/dalvikvm(24982): VFY: replacing opcode 0x6e at 0x000a
05-22 14:16:42.221 I/dalvikvm(24982): Could not find method android.app.enterprise.EnterpriseDeviceManager.getRestrictionPolicy, referenced from method com.pekall.emdm.b.b.a.x
05-22 14:16:42.221 W/dalvikvm(24982): VFY: unable to resolve virtual method 1371: Landroid/app/enterprise/EnterpriseDeviceManager;.getRestrictionPolicy ()Landroid/app/enterprise/RestrictionPolicy;
05-22 14:16:42.221 D/dalvikvm(24982): VFY: replacing opcode 0x6e at 0x000a
05-22 14:16:42.221 I/dalvikvm(24982): Could not find method android.app.enterprise.EnterpriseDeviceManager.getPasswordPolicy, referenced from method com.pekall.emdm.b.b.a.y
05-22 14:16:42.221 W/dalvikvm(24982): VFY: unable to resolve virtual method 1369: Landroid/app/enterprise/EnterpriseDeviceManager;.getPasswordPolicy ()Landroid/app/enterprise/PasswordPolicy;
05-22 14:16:42.221 D/dalvikvm(24982): VFY: replacing opcode 0x6e at 0x000a
05-22 14:16:42.221 I/dalvikvm(24982): Could not find method android.app.enterprise.EnterpriseDeviceManager.getRestrictionPolicy, referenced from method com.pekall.emdm.b.b.a.z
05-22 14:16:42.221 W/dalvikvm(24982): VFY: unable to resolve virtual method 1371: Landroid/app/enterprise/EnterpriseDeviceManager;.getRestrictionPolicy ()Landroid/app/enterprise/RestrictionPolicy;
05-22 14:16:42.221 D/dalvikvm(24982): VFY: replacing opcode 0x6e at 0x000a
05-22 14:16:42.244 D/dalvikvm(  374): GC_FOR_ALLOC freed 440K, 21% free 24175K/30504K, paused 99ms, total 99ms
05-22 14:16:42.322 D/dalvikvm(  374): GC_FOR_ALLOC freed 753K, 22% free 23793K/30504K, paused 72ms, total 72ms
05-22 14:16:42.330 W/Parcel  ( 1661): Attempt to read object from Parcel 0x5dfd3dac at offset 200 that is not in the object list
05-22 14:16:42.330 I/ActivityManager(  374): START u0 {cmp=com.pekall.emdm.launcher/com.pekall.emdm.ui.RegDeviceActivity} from pid 24982
05-22 14:16:42.353 V/LauncherApplication(24982): onActivityStarted
05-22 14:16:42.455 D/        (24982): [---null: -1---]     awsa  onActivityResumed
05-22 14:16:42.455 V/LauncherApplication(24982): 2MdmConstant.LAST_LAUNCH_TIME = 1400739392758
05-22 14:16:42.463 D/        (24982): [---null: -1---]  activity = com.pekall.emdm.ui.RegDeviceActivity
05-22 14:16:42.642 I/ActivityManager(  374): Displayed com.pekall.emdm.launcher/com.pekall.emdm.ui.RegDeviceActivity: +303ms
05-22 14:16:42.783 I/ActivityManager(  374): Start proc com.google.android.gallery3d for broadcast com.google.android.gallery3d/com.android.gallery3d.app.PackagesMonitor: pid=25060 uid=10019 gids={50019, 1006, 3003, 1015, 1028}
05-22 14:16:42.791 I/InputReader(  374): Reconfiguring input devices.  changes=0x00000010
05-22 14:16:42.830 I/Launcher(  576): Deferring update until onResume
05-22 14:16:42.853 W/Searchables(  374): No global search activity found
05-22 14:16:42.994 D/dalvikvm(25060): GC_CONCURRENT freed 305K, 4% free 9040K/9384K, paused 2ms+1ms, total 28ms
05-22 14:16:43.127 I/Launcher(  576): Deferring update until onResume
05-22 14:16:46.244 I/QueryController(24906): Matched selector: UiSelector[TEXT=Server, ENABLED=true] <<==>> [android.view.accessibility.AccessibilityNodeInfo@e796; boundsInParent: Rect(0, 0 - 621, 76); boundsInScreen: Rect(49, 280 - 670, 356); packageName: com.pekall.emdm.launcher; className: android.widget.EditText; text: Server; contentDescription: null; viewIdResName: com.pekall.emdm.launcher:id/mdm_edit; checkable: false; checked: false; focusable: true; focused: true; selected: false; clickable: true; longClickable: true; enabled: true; password: false; scrollable: false; [ACTION_CLEAR_FOCUS, ACTION_SELECT, ACTION_CLEAR_SELECTION, ACTION_CLICK, ACTION_LONG_CLICK, ACTION_ACCESSIBILITY_FOCUS]]
05-22 14:16:46.267 I/QueryController(24906): Matched selector: UiSelector[TEXT=Server] <<==>> [android.view.accessibility.AccessibilityNodeInfo@e796; boundsInParent: Rect(0, 0 - 621, 76); boundsInScreen: Rect(49, 280 - 670, 356); packageName: com.pekall.emdm.launcher; className: android.widget.EditText; text: Server; contentDescription: null; viewIdResName: com.pekall.emdm.launcher:id/mdm_edit; checkable: false; checked: false; focusable: true; focused: true; selected: false; clickable: true; longClickable: true; enabled: true; password: false; scrollable: false; [ACTION_CLEAR_FOCUS, ACTION_SELECT, ACTION_CLEAR_SELECTION, ACTION_CLICK, ACTION_LONG_CLICK, ACTION_ACCESSIBILITY_FOCUS]]
05-22 14:16:48.049 W/GAV2    (25060): Thread[GAThread,5,main]: Service unavailable (code=1), will retry.
05-22 14:16:48.049 W/ActivityManager(  374): Unable to start service Intent { act=com.google.android.gms.analytics.service.START (has extras) } U=0: not found
05-22 14:16:48.056 I/GAV2    (25060): Thread[GAThread,5,main]: No campaign data found.
