05-22 14:25:37.648 I/dalvikvm(  606): threadid=3: reacting to signal 3
05-22 14:25:37.851 E/ActivityManager(  375): ANR in com.pekall.emdm.launcher:remote
05-22 14:25:37.851 E/ActivityManager(  375): Reason: Executing service com.pekall.emdm.launcher/com.baidu.location.f
05-22 14:25:37.851 E/ActivityManager(  375): Load: 7.68 / 3.82 / 1.45
05-22 14:25:37.851 E/ActivityManager(  375): CPU usage from 11633ms to 0ms ago:
05-22 14:25:37.851 E/ActivityManager(  375):   93% 606/com.pekall.emdm.launcher: 93% user + 0% kernel / faults: 1 minor
05-22 14:25:37.851 E/ActivityManager(  375):   86% 2172/com.pekall.emdm.launcher:remote: 86% user + 0% kernel
05-22 14:25:37.851 E/ActivityManager(  375):   1% 802/com.qihoo360.mobilesafe:GuardService: 1% user + 0% kernel / faults: 126 minor
05-22 14:25:37.851 E/ActivityManager(  375):   0.3% 1894/rt_server: 0% user + 0.2% kernel / faults: 613 minor
05-22 14:25:37.851 E/ActivityManager(  375):   0.2% 375/system_server: 0% user + 0.2% kernel
05-22 14:25:37.851 E/ActivityManager(  375):   0.1% 854/com.qihoo.appstore: 0.1% user + 0% kernel / faults: 41 minor
05-22 14:25:37.851 E/ActivityManager(  375):   0% 5/kworker/u:0: 0% user + 0% kernel
05-22 14:25:37.851 E/ActivityManager(  375):   0% 81/mmcqd/0: 0% user + 0% kernel
05-22 14:25:37.851 E/ActivityManager(  375):   0% 107/flush-179:0: 0% user + 0% kernel
05-22 14:25:37.851 E/ActivityManager(  375):   0% 550/com.google.process.location: 0% user + 0% kernel / faults: 10 minor
05-22 14:25:37.851 E/ActivityManager(  375): 100% TOTAL: 97% user + 2.4% kernel
05-22 14:25:37.851 E/ActivityManager(  375): CPU usage from 2594ms to 3132ms later:
05-22 14:25:37.851 E/ActivityManager(  375):   100% 2172/com.pekall.emdm.launcher:remote: 100% user + 0% kernel
05-22 14:25:37.851 E/ActivityManager(  375):     100% 2186/Thread-166: 100% user + 0% kernel
05-22 14:25:37.851 E/ActivityManager(  375):   94% 606/com.pekall.emdm.launcher: 94% user + 0% kernel
05-22 14:25:37.851 E/ActivityManager(  375):     96% 671/Thread-42: 96% user + 0% kernel
05-22 14:25:37.851 E/ActivityManager(  375):   7.4% 375/system_server: 1.8% user + 5.5% kernel
05-22 14:25:37.851 E/ActivityManager(  375):     7.4% 391/ActivityManager: 1.8% user + 5.5% kernel
05-22 14:25:37.851 E/ActivityManager(  375): 100% TOTAL: 98% user + 1.8% kernel
05-22 14:25:37.898 D/dalvikvm(  606): JIT unchain all for threadid=11
05-22 14:25:37.960 D/dalvikvm(  375): GC_FOR_ALLOC freed 47K, 9% free 17049K/18568K, paused 99ms, total 100ms
05-22 14:25:37.960 W/ActivityManager(  375): Killing ProcessRecord{427d9bb0 2172:com.pekall.emdm.launcher:remote/u0a10066}: background ANR
05-22 14:25:38.015 I/dalvikvm(  606): Wrote stack traces to '/data/anr/traces.txt'
05-22 14:25:38.077 D/dalvikvm(  375): GC_FOR_ALLOC freed 371K, 11% free 16934K/18828K, paused 115ms, total 115ms
05-22 14:25:38.077 I/dalvikvm-heap(  375): Grow heap (frag case) to 16.952MB for 393236-byte allocation
05-22 14:25:38.148 D/dalvikvm(  375): GC_FOR_ALLOC freed 256K, 12% free 17062K/19216K, paused 72ms, total 72ms
05-22 14:25:38.226 D/dalvikvm(  375): GC_FOR_ALLOC freed <1K, 12% free 17062K/19216K, paused 71ms, total 71ms
05-22 14:25:38.226 I/dalvikvm-heap(  375): Grow heap (frag case) to 16.952MB for 262190-byte allocation
05-22 14:25:38.296 D/dalvikvm(  375): GC_FOR_ALLOC freed <1K, 12% free 17318K/19476K, paused 72ms, total 72ms
05-22 14:25:38.366 D/dalvikvm(  375): GC_FOR_ALLOC freed 776K, 16% free 16542K/19476K, paused 72ms, total 72ms
05-22 14:25:38.366 I/ActivityManager(  375): Process com.pekall.emdm.launcher:remote (pid 2172) has died.
05-22 14:25:38.366 W/ActivityManager(  375): Scheduling restart of crashed service com.pekall.emdm.launcher/com.baidu.location.f in 80000ms
05-22 14:25:59.921 V/a       (  606): Wait for reconcileAccounts finished in 45001ms
05-22 14:25:59.929 D/ExchangeService(  606): !!! EAS ExchangeService, stopping self
05-22 14:25:59.929 D/ExchangeService(  606): !!! EAS ExchangeService, onDestroy
05-22 14:26:06.773 D/dalvikvm(  802): GC_EXPLICIT freed <1K, 22% free 12024K/15304K, paused 2ms+4ms, total 60ms
05-22 14:26:34.452 D/dalvikvm( 1761): GC_CONCURRENT freed 478K, 6% free 9543K/10060K, paused 2ms+3ms, total 25ms
05-22 14:26:58.382 D/dalvikvm( 2330): Late-enabling CheckJNI
05-22 14:26:58.398 I/ActivityManager(  375): Start proc com.pekall.emdm.launcher:remote for service com.pekall.emdm.launcher/com.baidu.location.f: pid=2330 uid=10066 gids={50066, 1015, 3002, 3001, 3003, 1028}
05-22 14:26:58.437 D/ScClassLoader( 2330): >> SOURCE FILE: /data/data/com.pekall.emdm.launcher/app_jars/sc-jdk15on-1.47.0.2.dex.jar
05-22 14:26:58.437 V/MyServiceConnection( 2330): [SConnection] sandbox service is NOT installed.
05-22 14:26:58.445 V/MyServiceConnection( 2330): [SConnection] binding service: pekall.intent.action.SANDBOX_SERVICE
05-22 14:26:58.515 D/dalvikvm( 2330): GC_CONCURRENT freed 128K, 2% free 9248K/9412K, paused 3ms+3ms, total 48ms
05-22 14:26:58.515 D/dalvikvm( 2330): WAIT_FOR_CONCURRENT_GC blocked 18ms
05-22 14:26:58.515 D/dalvikvm( 2330): WAIT_FOR_CONCURRENT_GC blocked 12ms
05-22 14:26:58.515 D/dalvikvm( 2330): WAIT_FOR_CONCURRENT_GC blocked 12ms
05-22 14:26:58.523 D/Email   ( 2330): Email: init sandbox at the beginning.
05-22 14:26:58.523 V/MyServiceConnection( 2330): [SConnection] retry to bind service
05-22 14:26:58.523 V/MyServiceConnection( 2330): [SConnection] sandbox service is NOT installed.
05-22 14:26:58.523 V/MyServiceConnection( 2330): [SConnection] binding service: pekall.intent.action.SANDBOX_SERVICE
05-22 14:26:58.562 V/MyServiceConnection( 2330): [SConnection] retry to bind service
05-22 14:26:58.562 V/MyServiceConnection( 2330): [SConnection] sandbox service is NOT installed.
05-22 14:26:58.562 V/MyServiceConnection( 2330): [SConnection] binding service: pekall.intent.action.SANDBOX_SERVICE
05-22 14:26:58.570 V/l       ( 2330): Bind requested for task setLogging
05-22 14:26:58.570 D/ExchangeService(  606): !!! EAS ExchangeService, onCreate
05-22 14:26:58.577 D/ExchangeService(  606): !!! EAS ExchangeService, onStartCommand, startingUp = false, running = false
05-22 14:26:58.577 D/ExchangeService(  606): to start secureStorageService now
05-22 14:26:58.577 V/a       (  606): Bind requested for task test
05-22 14:26:58.593 V/a       (  606): Connected: com.pekall.semail.service.AccountServiceInternal
05-22 14:26:58.593 D/ExchangeService(  606): Reconciling accounts...
05-22 14:26:58.593 V/a       (  606): Bind requested for task reconcileAccounts
05-22 14:26:58.601 V/a       (  606): Connection test succeeded in 26ms
05-22 14:26:58.609 V/a       (  606): Task test completed; disconnecting
05-22 14:26:58.609 V/a       (  606): Waiting for task reconcileAccounts to complete...
05-22 14:26:58.609 V/a       (  606): Connected: com.pekall.semail.service.AccountServiceInternal
05-22 14:26:58.616 D/dalvikvm( 2330): GC_CONCURRENT freed 229K, 3% free 9508K/9764K, paused 8ms+13ms, total 43ms
05-22 14:26:58.648 V/a       (  606): Task reconcileAccounts completed; disconnecting
05-22 14:26:58.656 W/DocumentManager( 2330): Sandbox service is not connected.
05-22 14:26:58.656 D/MessageControllerImpl( 2330): controller is null
05-22 14:26:58.656 V/MyServiceConnection( 2330): [SConnection] retry to bind service
05-22 14:26:58.656 V/MyServiceConnection( 2330): [SConnection] sandbox service is NOT installed.
05-22 14:26:58.656 V/MyServiceConnection( 2330): [SConnection] binding service: pekall.intent.action.SANDBOX_SERVICE
05-22 14:26:58.656 W/SQLiteOpenHelper( 2330): Opened /data/data/com.pekall.emdm.launcher/databases/message.db
05-22 14:26:58.656 V/a       (  606): Wait for reconcileAccounts finished in 48ms
05-22 14:26:58.656 D/ActivityThread( 2330): Loading provider com.pekall.semail.provider;com.pekall.semail.notifier: com.pekall.semail.provider.EmailProvider
05-22 14:26:58.663 D/ExchangeService(  606): !!! EAS ExchangeService, stopping self
05-22 14:26:58.679 W/dalvikvm( 2330): No implementation found for native Lcom/pekall/sandbox/database/sqlite/SQLiteDatabase;.native_setSqliteSoftHeapLimit:(I)V
05-22 14:26:58.679 D/AndroidRuntime( 2330): Shutting down VM
05-22 14:26:58.679 W/dalvikvm( 2330): threadid=1: thread exiting with uncaught exception (group=0x41993700)
05-22 14:26:58.679 D/        ( 2330): [---null: -1---]  Thread is main
05-22 14:26:58.679 W/System.err( 2330): java.lang.UnsatisfiedLinkError: Native method not found: com.pekall.sandbox.database.sqlite.SQLiteDatabase.native_setSqliteSoftHeapLimit:(I)V
05-22 14:26:58.679 W/System.err( 2330): 	at com.pekall.sandbox.database.sqlite.SQLiteDatabase.native_setSqliteSoftHeapLimit(Native Method)
05-22 14:26:58.679 W/System.err( 2330): 	at com.pekall.sandbox.database.sqlite.SQLiteDatabase.<init>(Unknown Source)
05-22 14:26:58.679 W/System.err( 2330): 	at com.pekall.sandbox.database.sqlite.SQLiteDatabase.openDatabase(Unknown Source)
05-22 14:26:58.679 W/System.err( 2330): 	at com.pekall.sandbox.database.sqlite.SQLiteDatabase.openDatabase(Unknown Source)
05-22 14:26:58.679 W/System.err( 2330): 	at com.pekall.sandbox.database.sqlite.SQLiteDatabase.openDatabase(Unknown Source)
05-22 14:26:58.679 W/System.err( 2330): 	at com.pekall.sandbox.database.sqlite.SQLiteOpenHelper.getWritableDatabase(Unknown Source)
05-22 14:26:58.679 W/System.err( 2330): 	at com.pekall.emdm.messagecenter.db.a.a(Unknown Source)
05-22 14:26:58.679 W/System.err( 2330): 	at com.pekall.emdm.messagecenter.db.a.b(Unknown Source)
05-22 14:26:58.679 W/System.err( 2330): 	at com.pekall.emdm.messagecenter.activity.a.onCreate(Unknown Source)
05-22 14:26:58.679 W/System.err( 2330): 	at com.pekall.emdm.launcher.LauncherApplication.onCreate(Unknown Source)
05-22 14:26:58.679 W/System.err( 2330): 	at android.app.Instrumentation.callApplicationOnCreate(Instrumentation.java:1007)
05-22 14:26:58.679 W/System.err( 2330): 	at android.app.ActivityThread.handleBindApplication(ActivityThread.java:4444)
05-22 14:26:58.679 W/System.err( 2330): 	at android.app.ActivityThread.access$1300(ActivityThread.java:141)
05-22 14:26:58.679 W/System.err( 2330): 	at android.app.ActivityThread$H.handleMessage(ActivityThread.java:1316)
05-22 14:26:58.679 W/System.err( 2330): 	at android.os.Handler.dispatchMessage(Handler.java:99)
05-22 14:26:58.679 W/System.err( 2330): 	at android.os.Looper.loop(Looper.java:137)
05-22 14:26:58.679 W/System.err( 2330): 	at android.app.ActivityThread.main(ActivityThread.java:5103)
05-22 14:26:58.679 W/System.err( 2330): 	at java.lang.reflect.Method.invokeNative(Native Method)
05-22 14:26:58.679 W/System.err( 2330): 	at java.lang.reflect.Method.invoke(Method.java:525)
05-22 14:26:58.679 W/System.err( 2330): 	at com.android.internal.os.ZygoteInit$MethodAndArgsCaller.run(ZygoteInit.java:737)
05-22 14:26:58.679 W/System.err( 2330): 	at com.android.internal.os.ZygoteInit.main(ZygoteInit.java:553)
05-22 14:26:58.679 W/System.err( 2330): 	at dalvik.system.NativeStart.main(Native Method)
05-22 14:26:58.734 D/ActivityThread( 2330): Loading provider com.pekall.semail.provider;com.pekall.semail.notifier: com.pekall.semail.provider.EmailProvider
05-22 14:26:58.749 D/dalvikvm( 2330): GC_CONCURRENT freed 276K, 4% free 9712K/10028K, paused 16ms+12ms, total 56ms
05-22 14:26:59.585 W/EmailProvider( 2330): restoreIfNeeded...
05-22 14:26:59.585 W/EmailProvider( 2330): restoreIfNeeded: Account exists.
05-22 14:26:59.585 D/EmailProvider( 2330): Deleting orphans...
05-22 14:26:59.960 D/EmailProvider( 2330): EmailProvider pre-caching...
05-22 14:27:00.960 D/EmailProvider( 2330): EmailProvider ready.
05-22 14:27:01.749 D/Email-MailService(  606): action: reschedule
05-22 14:27:02.249 D/AttachmentService(  606): Count: 0
05-22 14:27:02.249 D/AttachmentService(  606): == Checking attachment queue, 0 entries
05-22 14:27:02.257 D/AttachmentService(  606): *** All done; shutting down service
05-22 14:27:02.351 D/Email-MailService(  606): reschedule: alarm cancel - no account to check
05-22 14:27:02.366 I/Email   ( 2330): Notifications being toggled: true
05-22 14:27:03.468 W/Email   ( 2330): Could not load INBOX for account id: 2
05-22 14:27:03.499 I/Email   ( 2330): Observing account changes for notifications
05-22 14:27:18.421 W/ActivityManager(  375): Timeout executing service: ServiceRecord{42976af0 u0 com.pekall.emdm.launcher/com.baidu.location.f}
05-22 14:27:18.445 I/Process (  375): Sending signal. PID: 2330 SIG: 3
05-22 14:27:18.445 I/dalvikvm( 2330): threadid=3: reacting to signal 3
05-22 14:27:18.648 I/Process (  375): Sending signal. PID: 375 SIG: 3
05-22 14:27:18.648 I/dalvikvm(  375): threadid=3: reacting to signal 3
05-22 14:27:18.695 D/dalvikvm( 2330): JIT unchain all for threadid=11
05-22 14:27:18.765 I/dalvikvm( 2330): Wrote stack traces to '/data/anr/traces.txt'
05-22 14:27:19.429 I/dalvikvm(  375): Wrote stack traces to '/data/anr/traces.txt'
05-22 14:27:19.531 I/Process (  375): Sending signal. PID: 450 SIG: 3
05-22 14:27:19.531 I/dalvikvm(  450): threadid=3: reacting to signal 3
05-22 14:27:19.538 I/Process (  375): Sending signal. PID: 580 SIG: 3
05-22 14:27:19.538 I/dalvikvm(  580): threadid=3: reacting to signal 3
05-22 14:27:19.593 I/dalvikvm(  450): Wrote stack traces to '/data/anr/traces.txt'
05-22 14:27:19.593 I/Process (  375): Sending signal. PID: 587 SIG: 3
05-22 14:27:19.593 I/dalvikvm(  587): threadid=3: reacting to signal 3
05-22 14:27:19.609 I/dalvikvm(  580): Wrote stack traces to '/data/anr/traces.txt'
05-22 14:27:19.679 I/dalvikvm(  587): Wrote stack traces to '/data/anr/traces.txt'
05-22 14:27:20.140 D/dalvikvm(  375): GC_CONCURRENT freed 1797K, 15% free 16670K/19476K, paused 3ms+16ms, total 177ms
05-22 14:27:20.140 D/dalvikvm(  375): WAIT_FOR_CONCURRENT_GC blocked 125ms
05-22 14:27:20.312 D/dalvikvm(  375): GC_EXPLICIT freed 42K, 15% free 16656K/19476K, paused 3ms+8ms, total 164ms
05-22 14:27:20.906 I/Process (  375): Sending signal. PID: 606 SIG: 3
05-22 14:27:20.906 I/dalvikvm(  606): threadid=3: reacting to signal 3
05-22 14:27:21.109 E/ActivityManager(  375): ANR in com.pekall.emdm.launcher:remote
05-22 14:27:21.109 E/ActivityManager(  375): Reason: Executing service com.pekall.emdm.launcher/com.baidu.location.f
05-22 14:27:21.109 E/ActivityManager(  375): Load: 2.69 / 3.11 / 1.45
05-22 14:27:21.109 E/ActivityManager(  375): CPU usage from 13423ms to 0ms ago with 99% awake:
05-22 14:27:21.109 E/ActivityManager(  375):   100% 2330/com.pekall.emdm.launcher:remote: 100% user + 0% kernel
05-22 14:27:21.109 E/ActivityManager(  375):   99% 606/com.pekall.emdm.launcher: 99% user + 0% kernel
05-22 14:27:21.109 E/ActivityManager(  375):   0.2% 375/system_server: 0% user + 0.2% kernel / faults: 4 minor
05-22 14:27:21.109 E/ActivityManager(  375):   0% 772/com.google.android.apps.maps:GoogleLocationService: 0% user + 0% kernel / faults: 14 minor
05-22 14:27:21.109 E/ActivityManager(  375):   0% 854/com.qihoo.appstore: 0% user + 0% kernel / faults: 25 minor
05-22 14:27:21.109 E/ActivityManager(  375): 100% TOTAL: 99% user + 0% kernel
05-22 14:27:21.109 E/ActivityManager(  375): CPU usage from 1891ms to 2441ms later:
05-22 14:27:21.109 E/ActivityManager(  375):   101% 2330/com.pekall.emdm.launcher:remote: 101% user + 0% kernel
05-22 14:27:21.109 E/ActivityManager(  375):     100% 2343/Thread-168: 100% user + 0% kernel
05-22 14:27:21.109 E/ActivityManager(  375):   94% 606/com.pekall.emdm.launcher: 94% user + 0% kernel
05-22 14:27:21.109 E/ActivityManager(  375):     92% 671/Thread-42: 92% user + 0% kernel
05-22 14:27:21.109 E/ActivityManager(  375):   5.3% 375/system_server: 0% user + 5.3% kernel
05-22 14:27:21.109 E/ActivityManager(  375):     5.3% 391/ActivityManager: 0% user + 5.3% kernel
05-22 14:27:21.109 E/ActivityManager(  375): 100% TOTAL: 98% user + 1.8% kernel
05-22 14:27:21.116 W/ActivityManager(  375): Killing ProcessRecord{4280eae0 2330:com.pekall.emdm.launcher:remote/u0a10066}: background ANR
05-22 14:27:21.156 D/dalvikvm(  606): JIT unchain all for threadid=11
05-22 14:27:21.226 D/dalvikvm(  375): GC_FOR_ALLOC freed 1421K, 16% free 16547K/19476K, paused 95ms, total 95ms
05-22 14:27:21.226 I/ActivityManager(  375): Process com.pekall.emdm.launcher:remote (pid 2330) has died.
05-22 14:27:21.226 W/ActivityManager(  375): Scheduling restart of crashed service com.pekall.emdm.launcher/com.baidu.location.f in 320000ms
05-22 14:27:21.281 D/ExchangeService(  606): !!! EAS ExchangeService, onDestroy
05-22 14:27:21.288 I/dalvikvm(  606): Wrote stack traces to '/data/anr/traces.txt'
05-22 14:28:50.507 D/MdmService(  606): [null:-1]->receiver action :com.pekall.mdm.action.MDM_ALARM
05-22 14:28:50.515 D/MdmService(  606): [null:-1]->keepAliveWithPushServer client is opened:true
05-22 14:28:50.515 D/MDM :   (  606): [null:-1]->ping!!!!!!!!!
05-22 14:28:50.523 D/MdmService(  606): [null:-1]->pushUrl : ws://test.mdm.everknow.cn:9090/websocket
05-22 14:28:50.523 D/MDM :   (  606): [null:-1]->mMdmPushClient is :not null
05-22 14:28:50.523 D/MDM :   (  606): [null:-1]->mMdmPushClient opened : opened
05-22 14:28:50.523 D/MDM :   (  606): [null:-1]->MSG_WEBSOCKET_PONG
05-22 14:29:25.288 D/dalvikvm( 1309): GC_CONCURRENT freed 227K, 4% free 9853K/10184K, paused 2ms+3ms, total 35ms
05-22 14:29:25.398 D/dalvikvm( 1309): Trying to load lib /data/app-lib/com.dragon.android.pandaspace-1/libBdMoplusMD5_V1.so 0x422423c8
05-22 14:29:25.398 D/dalvikvm( 1309): Added shared lib /data/app-lib/com.dragon.android.pandaspace-1/libBdMoplusMD5_V1.so 0x422423c8
05-22 14:29:25.398 D/dalvikvm( 1309): No JNI_OnLoad found in /data/app-lib/com.dragon.android.pandaspace-1/libBdMoplusMD5_V1.so 0x422423c8, skipping init
05-22 14:29:25.656 D/dalvikvm( 1309): GC_CONCURRENT freed 483K, 6% free 9796K/10388K, paused 3ms+3ms, total 31ms
05-22 14:29:26.327 D/dalvikvm( 1309): GC_FOR_ALLOC freed 328K, 7% free 9721K/10388K, paused 21ms, total 23ms
05-22 14:29:26.632 D/dalvikvm( 1309): GC_FOR_ALLOC freed 307K, 7% free 9722K/10388K, paused 24ms, total 24ms
05-22 14:29:27.046 D/dalvikvm( 1309): GC_FOR_ALLOC freed 306K, 7% free 9722K/10388K, paused 22ms, total 22ms
05-22 14:29:27.968 D/dalvikvm( 1309): GC_FOR_ALLOC freed 308K, 7% free 9723K/10388K, paused 21ms, total 22ms
05-22 14:29:28.515 D/dalvikvm( 1309): GC_FOR_ALLOC freed 317K, 7% free 9724K/10388K, paused 21ms, total 23ms
05-22 14:29:28.523 W/dalvikvm( 1309): VFY: unable to find class referenced in signature (Lcom/baidu/location/LocationClient;)
05-22 14:29:28.523 W/dalvikvm( 1309): VFY: unable to find class referenced in signature (Lcom/baidu/location/LocationClient;)
05-22 14:29:28.523 I/dalvikvm( 1309): Could not find method com.baidu.location.LocationClient.isStarted, referenced from method com.baidu.android.nebula.util.a.run
05-22 14:29:28.523 W/dalvikvm( 1309): VFY: unable to resolve virtual method 7860: Lcom/baidu/location/LocationClient;.isStarted ()Z
05-22 14:29:28.523 D/dalvikvm( 1309): VFY: replacing opcode 0x6e at 0x000f
05-22 14:29:41.866 D/DownLoadDocService(  606): [null:-1]->action is  com.pekall.emdm.action.DOWNLOADDOC_RETRY
05-22 14:29:41.874 W/SQLiteOpenHelper(  606): Opened /data/user/0/com.pekall.emdm.launcher/databases/document.db
05-22 14:30:01.663 V/DigitalWidgetViewsFactory( 1366): DigitalWidget sets next alarm string to null
05-22 14:32:04.679 D/dalvikvm(  854): GC_CONCURRENT freed 404K, 5% free 9472K/9928K, paused 2ms+2ms, total 49ms
05-22 14:32:41.273 D/dalvikvm( 2371): Late-enabling CheckJNI
05-22 14:32:41.273 I/ActivityManager(  375): Start proc com.pekall.emdm.launcher:remote for service com.pekall.emdm.launcher/com.baidu.location.f: pid=2371 uid=10066 gids={50066, 1015, 3002, 3001, 3003, 1028}
05-22 14:32:41.327 D/ScClassLoader( 2371): >> SOURCE FILE: /data/data/com.pekall.emdm.launcher/app_jars/sc-jdk15on-1.47.0.2.dex.jar
05-22 14:32:41.335 V/MyServiceConnection( 2371): [SConnection] sandbox service is NOT installed.
05-22 14:32:41.335 V/MyServiceConnection( 2371): [SConnection] binding service: pekall.intent.action.SANDBOX_SERVICE
05-22 14:32:41.390 D/dalvikvm( 2371): GC_CONCURRENT freed 160K, 3% free 9215K/9412K, paused 3ms+2ms, total 42ms
05-22 14:32:41.390 D/dalvikvm( 2371): WAIT_FOR_CONCURRENT_GC blocked 4ms
05-22 14:32:41.406 D/Email   ( 2371): Email: init sandbox at the beginning.
05-22 14:32:41.406 V/MyServiceConnection( 2371): [SConnection] retry to bind service
05-22 14:32:41.406 V/MyServiceConnection( 2371): [SConnection] sandbox service is NOT installed.
05-22 14:32:41.406 V/MyServiceConnection( 2371): [SConnection] binding service: pekall.intent.action.SANDBOX_SERVICE
05-22 14:32:41.421 V/MyServiceConnection( 2371): [SConnection] retry to bind service
05-22 14:32:41.421 V/MyServiceConnection( 2371): [SConnection] sandbox service is NOT installed.
05-22 14:32:41.421 V/MyServiceConnection( 2371): [SConnection] binding service: pekall.intent.action.SANDBOX_SERVICE
05-22 14:32:41.452 V/l       ( 2371): Bind requested for task setLogging
05-22 14:32:41.460 D/ExchangeService(  606): !!! EAS ExchangeService, onCreate
05-22 14:32:41.460 D/ExchangeService(  606): !!! EAS ExchangeService, onStartCommand, startingUp = false, running = false
05-22 14:32:41.460 D/ExchangeService(  606): to start secureStorageService now
05-22 14:32:41.460 V/a       (  606): Bind requested for task test
05-22 14:32:41.460 D/ExchangeService(  606): Reconciling accounts...
05-22 14:32:41.460 V/a       (  606): Bind requested for task reconcileAccounts
05-22 14:32:41.491 D/dalvikvm( 2371): GC_CONCURRENT freed 224K, 3% free 9504K/9764K, paused 17ms+2ms, total 38ms
05-22 14:32:41.491 D/dalvikvm( 2371): WAIT_FOR_CONCURRENT_GC blocked 11ms
05-22 14:32:41.507 D/dalvikvm( 2371): WAIT_FOR_CONCURRENT_GC blocked 16ms
05-22 14:32:41.507 D/dalvikvm( 2371): WAIT_FOR_CONCURRENT_GC blocked 22ms
05-22 14:32:41.531 V/a       (  606): Connected: com.pekall.semail.service.AccountServiceInternal
05-22 14:32:41.531 V/a       (  606): Waiting for task reconcileAccounts to complete...
05-22 14:32:41.531 V/a       (  606): Connected: com.pekall.semail.service.AccountServiceInternal
05-22 14:32:41.538 V/a       (  606): Connection test succeeded in 77ms
05-22 14:32:41.538 V/a       (  606): Task test completed; disconnecting
05-22 14:32:41.562 D/ActivityThread( 2371): Loading provider com.pekall.semail.provider;com.pekall.semail.notifier: com.pekall.semail.provider.EmailProvider
05-22 14:32:41.570 V/a       (  606): Task reconcileAccounts completed; disconnecting
05-22 14:32:41.812 V/a       (  606): Wait for reconcileAccounts finished in 278ms
05-22 14:32:41.874 W/DocumentManager( 2371): Sandbox service is not connected.
05-22 14:32:41.874 D/MessageControllerImpl( 2371): controller is null
05-22 14:32:41.874 V/MyServiceConnection( 2371): [SConnection] retry to bind service
05-22 14:32:41.874 V/MyServiceConnection( 2371): [SConnection] sandbox service is NOT installed.
05-22 14:32:41.874 V/MyServiceConnection( 2371): [SConnection] binding service: pekall.intent.action.SANDBOX_SERVICE
05-22 14:32:41.874 D/ActivityThread( 2371): Loading provider com.pekall.semail.provider;com.pekall.semail.notifier: com.pekall.semail.provider.EmailProvider
05-22 14:32:41.898 D/ExchangeService(  606): !!! EAS ExchangeService, stopping self
05-22 14:32:41.913 W/SQLiteOpenHelper( 2371): Opened /data/data/com.pekall.emdm.launcher/databases/message.db
05-22 14:32:41.913 W/dalvikvm( 2371): No implementation found for native Lcom/pekall/sandbox/database/sqlite/SQLiteDatabase;.native_setSqliteSoftHeapLimit:(I)V
05-22 14:32:41.913 D/AndroidRuntime( 2371): Shutting down VM
05-22 14:32:41.913 W/dalvikvm( 2371): threadid=1: thread exiting with uncaught exception (group=0x41993700)
05-22 14:32:41.913 D/        ( 2371): [---null: -1---]  Thread is main
05-22 14:32:41.913 W/System.err( 2371): java.lang.UnsatisfiedLinkError: Native method not found: com.pekall.sandbox.database.sqlite.SQLiteDatabase.native_setSqliteSoftHeapLimit:(I)V
05-22 14:32:41.913 W/System.err( 2371): 	at com.pekall.sandbox.database.sqlite.SQLiteDatabase.native_setSqliteSoftHeapLimit(Native Method)
05-22 14:32:41.913 W/System.err( 2371): 	at com.pekall.sandbox.database.sqlite.SQLiteDatabase.<init>(Unknown Source)
05-22 14:32:41.913 W/System.err( 2371): 	at com.pekall.sandbox.database.sqlite.SQLiteDatabase.openDatabase(Unknown Source)
05-22 14:32:41.913 W/System.err( 2371): 	at com.pekall.sandbox.database.sqlite.SQLiteDatabase.openDatabase(Unknown Source)
05-22 14:32:41.913 W/System.err( 2371): 	at com.pekall.sandbox.database.sqlite.SQLiteDatabase.openDatabase(Unknown Source)
05-22 14:32:41.913 W/System.err( 2371): 	at com.pekall.sandbox.database.sqlite.SQLiteOpenHelper.getWritableDatabase(Unknown Source)
05-22 14:32:41.913 W/System.err( 2371): 	at com.pekall.emdm.messagecenter.db.a.a(Unknown Source)
05-22 14:32:41.913 W/System.err( 2371): 	at com.pekall.emdm.messagecenter.db.a.b(Unknown Source)
05-22 14:32:41.913 W/System.err( 2371): 	at com.pekall.emdm.messagecenter.activity.a.onCreate(Unknown Source)
05-22 14:32:41.913 W/System.err( 2371): 	at com.pekall.emdm.launcher.LauncherApplication.onCreate(Unknown Source)
05-22 14:32:41.913 W/System.err( 2371): 	at android.app.Instrumentation.callApplicationOnCreate(Instrumentation.java:1007)
05-22 14:32:41.913 W/System.err( 2371): 	at android.app.ActivityThread.handleBindApplication(ActivityThread.java:4444)
05-22 14:32:41.913 W/System.err( 2371): 	at android.app.ActivityThread.access$1300(ActivityThread.java:141)
05-22 14:32:41.913 W/System.err( 2371): 	at android.app.ActivityThread$H.handleMessage(ActivityThread.java:1316)
05-22 14:32:41.913 W/System.err( 2371): 	at android.os.Handler.dispatchMessage(Handler.java:99)
05-22 14:32:41.913 W/System.err( 2371): 	at android.os.Looper.loop(Looper.java:137)
05-22 14:32:41.913 W/System.err( 2371): 	at android.app.ActivityThread.main(ActivityThread.java:5103)
05-22 14:32:41.913 W/System.err( 2371): 	at java.lang.reflect.Method.invokeNative(Native Method)
05-22 14:32:41.913 W/System.err( 2371): 	at java.lang.reflect.Method.invoke(Method.java:525)
05-22 14:32:41.913 W/System.err( 2371): 	at com.android.internal.os.ZygoteInit$MethodAndArgsCaller.run(ZygoteInit.java:737)
05-22 14:32:41.913 W/System.err( 2371): 	at com.android.internal.os.ZygoteInit.main(ZygoteInit.java:553)
05-22 14:32:41.913 W/System.err( 2371): 	at dalvik.system.NativeStart.main(Native Method)
05-22 14:32:41.929 D/dalvikvm( 2371): GC_CONCURRENT freed 497K, 6% free 9470K/10008K, paused 22ms+18ms, total 71ms
05-22 14:32:42.366 W/EmailProvider( 2371): restoreIfNeeded...
05-22 14:32:42.366 W/EmailProvider( 2371): restoreIfNeeded: Account exists.
05-22 14:32:42.366 D/EmailProvider( 2371): Deleting orphans...
05-22 14:32:42.531 D/EmailProvider( 2371): EmailProvider pre-caching...
05-22 14:32:42.835 D/EmailProvider( 2371): EmailProvider ready.
05-22 14:32:43.085 D/Email-MailService(  606): action: reschedule
05-22 14:32:43.101 D/AttachmentService(  606): Count: 0
05-22 14:32:43.109 D/AttachmentService(  606): == Checking attachment queue, 0 entries
05-22 14:32:43.116 D/AttachmentService(  606): *** All done; shutting down service
05-22 14:32:43.132 I/Email   ( 2371): Notifications being toggled: true
05-22 14:32:44.281 D/Email-MailService(  606): reschedule: alarm cancel - no account to check
05-22 14:32:44.656 W/Email   ( 2371): Could not load INBOX for account id: 2
05-22 14:32:44.671 I/Email   ( 2371): Observing account changes for notifications
05-22 14:32:48.273 W/ProcessStats(  375): Skipping unknown process pid 2420
05-22 14:32:48.273 W/ProcessStats(  375): Skipping unknown process pid 2422
05-22 14:32:49.046 D/AndroidRuntime( 2429): 
05-22 14:32:49.046 D/AndroidRuntime( 2429): >>>>>> AndroidRuntime START com.android.internal.os.RuntimeInit <<<<<<
05-22 14:32:49.046 D/AndroidRuntime( 2429): CheckJNI is OFF
05-22 14:32:49.062 D/AndroidRuntime( 2437): 
05-22 14:32:49.062 D/AndroidRuntime( 2437): >>>>>> AndroidRuntime START com.android.internal.os.RuntimeInit <<<<<<
05-22 14:32:49.070 D/AndroidRuntime( 2437): CheckJNI is OFF
05-22 14:32:49.070 D/dalvikvm( 2429): Trying to load lib libjavacore.so 0x0
05-22 14:32:49.077 D/dalvikvm( 2429): Added shared lib libjavacore.so 0x0
05-22 14:32:49.085 D/dalvikvm( 2437): Trying to load lib libjavacore.so 0x0
05-22 14:32:49.093 D/dalvikvm( 2437): Added shared lib libjavacore.so 0x0
05-22 14:32:49.101 D/dalvikvm( 2429): Trying to load lib libnativehelper.so 0x0
05-22 14:32:49.101 D/dalvikvm( 2429): Added shared lib libnativehelper.so 0x0
05-22 14:32:49.116 D/dalvikvm( 2437): Trying to load lib libnativehelper.so 0x0
05-22 14:32:49.116 D/dalvikvm( 2437): Added shared lib libnativehelper.so 0x0
05-22 14:32:49.499 D/AndroidRuntime( 2429): Calling main entry com.android.commands.pm.Pm
05-22 14:32:49.515 D/AndroidRuntime( 2437): Calling main entry com.android.commands.am.Am
05-22 14:32:49.523 D/dalvikvm( 2437): Note: class Landroid/app/ActivityManagerNative; has 163 unimplemented (abstract) methods
05-22 14:32:49.538 D/AndroidRuntime( 2437): Shutting down VM
05-22 14:32:49.546 D/dalvikvm( 2437): GC_CONCURRENT freed 91K, 16% free 514K/608K, paused 1ms+1ms, total 4ms
05-22 14:32:49.632 D/AndroidRuntime( 2429): Shutting down VM
05-22 14:32:49.632 D/dalvikvm( 2429): GC_CONCURRENT freed 235K, 34% free 481K/720K, paused 0ms+0ms, total 4ms
05-22 14:32:50.960 D/AndroidRuntime( 2465): 
05-22 14:32:50.960 D/AndroidRuntime( 2465): >>>>>> AndroidRuntime START com.android.internal.os.RuntimeInit <<<<<<
05-22 14:32:50.960 D/AndroidRuntime( 2465): CheckJNI is OFF
05-22 14:32:50.976 D/dalvikvm( 2465): Trying to load lib libjavacore.so 0x0
05-22 14:32:50.991 D/dalvikvm( 2465): Added shared lib libjavacore.so 0x0
05-22 14:32:51.007 D/dalvikvm( 2465): Trying to load lib libnativehelper.so 0x0
05-22 14:32:51.015 D/dalvikvm( 2465): Added shared lib libnativehelper.so 0x0
05-22 14:32:51.429 D/AndroidRuntime( 2465): Calling main entry com.android.commands.pm.Pm
05-22 14:32:51.624 D/AndroidRuntime( 2470): 
05-22 14:32:51.624 D/AndroidRuntime( 2470): >>>>>> AndroidRuntime START com.android.internal.os.RuntimeInit <<<<<<
05-22 14:32:51.624 D/AndroidRuntime( 2470): CheckJNI is OFF
05-22 14:32:51.663 D/dalvikvm( 2470): Trying to load lib libjavacore.so 0x0
05-22 14:32:51.679 D/AndroidRuntime( 2465): Shutting down VM
05-22 14:32:51.679 D/dalvikvm( 2465): GC_CONCURRENT freed 235K, 34% free 481K/720K, paused 0ms+1ms, total 4ms
05-22 14:32:51.687 D/dalvikvm( 2470): Added shared lib libjavacore.so 0x0
05-22 14:32:51.710 D/dalvikvm( 2470): Trying to load lib libnativehelper.so 0x0
05-22 14:32:51.710 D/dalvikvm( 2470): Added shared lib libnativehelper.so 0x0
05-22 14:32:52.015 D/AndroidRuntime( 2470): Calling main entry com.android.commands.am.Am
05-22 14:32:52.015 D/dalvikvm( 2470): Note: class Landroid/app/ActivityManagerNative; has 163 unimplemented (abstract) methods
05-22 14:32:52.023 D/AndroidRuntime( 2470): Shutting down VM
05-22 14:32:52.031 D/dalvikvm( 2470): GC_CONCURRENT freed 91K, 16% free 514K/608K, paused 1ms+1ms, total 5ms
05-22 14:32:52.421 D/dalvikvm( 1693): GC_CONCURRENT freed 280K, 3% free 9199K/9468K, paused 18ms+519ms, total 2360ms
05-22 14:32:53.507 W/MountService(  375): getVolumeState(/storage/emulated/0/external_sd): Unknown volume
05-22 14:32:53.562 W/MountService(  375): getVolumeState(/mnt/sdcard-ext): Unknown volume
05-22 14:32:53.624 W/MountService(  375): getVolumeState(/mnt/ext_sdcard): Unknown volume
05-22 14:32:53.624 W/MountService(  375): getVolumeState(/mnt/sdcard2): Unknown volume
05-22 14:32:53.648 W/MountService(  375): getVolumeState(/mnt/emmc): Unknown volume
05-22 14:32:53.656 W/MountService(  375): getVolumeState(/mnt/extSdCard): Unknown volume
05-22 14:32:53.679 W/MountService(  375): getVolumeState(/mnt/sdcard/SD_CARD): Unknown volume
05-22 14:32:53.702 W/MountService(  375): getVolumeState(/mnt/sdcard/extra_sd): Unknown volume
05-22 14:32:53.702 W/MountService(  375): getVolumeState(/mnt/extrasd_bind): Unknown volume
05-22 14:32:53.757 W/MountService(  375): getVolumeState(/mnt/sdcard/ext_sd): Unknown volume
05-22 14:32:53.773 W/MountService(  375): getVolumeState(/storage/extSdCard): Unknown volume
05-22 14:32:53.796 W/MountService(  375): getVolumeState(/storage/sdcard1): Unknown volume
05-22 14:32:53.796 W/MountService(  375): getVolumeState(/mnt/sdcard/external_SD): Unknown volume
05-22 14:32:53.820 W/MountService(  375): getVolumeState(/mnt/sdcard/external_sd): Unknown volume
05-22 14:32:55.484 I/dalvikvm( 1693): Could not find method com.android.internal.telephony.ISms.sendMultipartText, referenced from method com.qihoo360.mobilesafe.businesscard.f.a.c
05-22 14:32:55.484 W/dalvikvm( 1693): VFY: unable to resolve interface method 3922: Lcom/android/internal/telephony/ISms;.sendMultipartText (Ljava/lang/String;Ljava/lang/String;Ljava/util/List;Ljava/util/List;Ljava/util/List;)V
05-22 14:32:55.484 D/dalvikvm( 1693): VFY: replacing opcode 0x78 at 0x0078
05-22 14:32:55.491 D/dalvikvm( 1693): GC_CONCURRENT freed 484K, 6% free 9188K/9744K, paused 141ms+4ms, total 851ms
05-22 14:32:55.491 D/dalvikvm( 1693): WAIT_FOR_CONCURRENT_GC blocked 303ms
05-22 14:32:55.491 D/dalvikvm( 1693): WAIT_FOR_CONCURRENT_GC blocked 45ms
05-22 14:32:55.523 I/dalvikvm( 1693): Could not find method com.android.internal.telephony.ISms.sendMultipartText, referenced from method com.qihoo360.mobilesafe.businesscard.f.a.b
05-22 14:32:55.523 W/dalvikvm( 1693): VFY: unable to resolve interface method 3922: Lcom/android/internal/telephony/ISms;.sendMultipartText (Ljava/lang/String;Ljava/lang/String;Ljava/util/List;Ljava/util/List;Ljava/util/List;)V
05-22 14:32:55.523 D/dalvikvm( 1693): VFY: replacing opcode 0x78 at 0x00ba
05-22 14:32:55.554 W/MountService(  375): getVolumeState(/storage/emulated/0/external_sd): Unknown volume
05-22 14:32:55.554 W/MountService(  375): getVolumeState(/mnt/sdcard-ext): Unknown volume
05-22 14:32:55.554 W/MountService(  375): getVolumeState(/mnt/ext_sdcard): Unknown volume
05-22 14:32:55.554 W/MountService(  375): getVolumeState(/mnt/sdcard2): Unknown volume
05-22 14:32:55.554 W/MountService(  375): getVolumeState(/mnt/emmc): Unknown volume
05-22 14:32:55.554 W/MountService(  375): getVolumeState(/mnt/extSdCard): Unknown volume
05-22 14:32:55.601 W/MountService(  375): getVolumeState(/mnt/sdcard/SD_CARD): Unknown volume
05-22 14:32:55.601 W/MountService(  375): getVolumeState(/mnt/sdcard/extra_sd): Unknown volume
05-22 14:32:55.624 W/MountService(  375): getVolumeState(/mnt/extrasd_bind): Unknown volume
05-22 14:32:55.624 W/MountService(  375): getVolumeState(/mnt/sdcard/ext_sd): Unknown volume
05-22 14:32:55.773 W/MountService(  375): getVolumeState(/storage/extSdCard): Unknown volume
05-22 14:32:55.788 W/MountService(  375): getVolumeState(/storage/sdcard1): Unknown volume
05-22 14:32:55.804 W/MountService(  375): getVolumeState(/mnt/sdcard/external_SD): Unknown volume
05-22 14:32:55.820 W/MountService(  375): getVolumeState(/mnt/sdcard/external_sd): Unknown volume
05-22 14:32:56.827 D/dalvikvm( 1693): GC_CONCURRENT freed 510K, 6% free 9185K/9744K, paused 39ms+3ms, total 1007ms
05-22 14:32:57.406 D/AndroidRuntime( 2508): 
05-22 14:32:57.406 D/AndroidRuntime( 2508): >>>>>> AndroidRuntime START com.android.internal.os.RuntimeInit <<<<<<
05-22 14:32:57.406 D/AndroidRuntime( 2508): CheckJNI is OFF
05-22 14:32:57.421 D/dalvikvm( 2508): Trying to load lib libjavacore.so 0x0
05-22 14:32:57.429 D/dalvikvm( 2508): Added shared lib libjavacore.so 0x0
05-22 14:32:57.445 D/dalvikvm( 2508): Trying to load lib libnativehelper.so 0x0
05-22 14:32:57.445 D/dalvikvm( 2508): Added shared lib libnativehelper.so 0x0
05-22 14:32:57.827 D/AndroidRuntime( 2508): Calling main entry com.android.commands.am.Am
05-22 14:32:57.827 D/dalvikvm( 2508): Note: class Landroid/app/ActivityManagerNative; has 163 unimplemented (abstract) methods
05-22 14:32:57.843 D/AndroidRuntime( 2508): Shutting down VM
05-22 14:32:57.851 D/dalvikvm( 2508): GC_CONCURRENT freed 91K, 16% free 514K/608K, paused 0ms+1ms, total 3ms
05-22 14:32:57.851 I/AndroidRuntime( 2508): NOTE: attach of thread 'Binder_2' failed
05-22 14:32:58.609 D/AndroidRuntime( 2544): 
05-22 14:32:58.609 D/AndroidRuntime( 2544): >>>>>> AndroidRuntime START com.android.internal.os.RuntimeInit <<<<<<
05-22 14:32:58.609 D/AndroidRuntime( 2544): CheckJNI is OFF
05-22 14:32:58.624 D/dalvikvm( 2544): Trying to load lib libjavacore.so 0x0
05-22 14:32:58.632 D/dalvikvm( 2544): Added shared lib libjavacore.so 0x0
05-22 14:32:58.648 D/dalvikvm( 2544): Trying to load lib libnativehelper.so 0x0
05-22 14:32:58.648 D/dalvikvm( 2544): Added shared lib libnativehelper.so 0x0
05-22 14:32:59.413 W/MountService(  375): getVolumeState(/storage/emulated/0/external_sd): Unknown volume
05-22 14:32:59.796 I/ActivityManager(  375): START u0 {act=com.qihoo360.daemon.pcdaemon.ACTION_START_OPERATE_AUTHOR flg=0x10000000 cmp=com.qihoo.appstore/com.qihoo.express.mini.activity.PCLinkConfirmDialogActivity (has extras)} from pid 1693
05-22 14:32:59.820 W/MountService(  375): getVolumeState(/mnt/sdcard-ext): Unknown volume
05-22 14:32:59.827 W/MountService(  375): getVolumeState(/mnt/ext_sdcard): Unknown volume
05-22 14:32:59.835 W/MountService(  375): getVolumeState(/mnt/sdcard2): Unknown volume
05-22 14:32:59.835 W/MountService(  375): getVolumeState(/mnt/emmc): Unknown volume
05-22 14:32:59.843 W/MountService(  375): getVolumeState(/mnt/extSdCard): Unknown volume
05-22 14:32:59.843 W/MountService(  375): getVolumeState(/mnt/sdcard/SD_CARD): Unknown volume
05-22 14:32:59.851 W/MountService(  375): getVolumeState(/mnt/sdcard/extra_sd): Unknown volume
05-22 14:32:59.890 D/dalvikvm( 1693): GC_CONCURRENT freed 244K, 3% free 9452K/9744K, paused 86ms+4ms, total 376ms
05-22 14:32:59.890 D/dalvikvm( 1693): WAIT_FOR_CONCURRENT_GC blocked 30ms
05-22 14:32:59.890 D/dalvikvm( 1693): WAIT_FOR_CONCURRENT_GC blocked 29ms
05-22 14:32:59.890 D/dalvikvm( 1693): WAIT_FOR_CONCURRENT_GC blocked 30ms
05-22 14:32:59.890 D/dalvikvm( 1693): WAIT_FOR_CONCURRENT_GC blocked 26ms
05-22 14:32:59.890 D/dalvikvm( 1693): WAIT_FOR_CONCURRENT_GC blocked 29ms
05-22 14:32:59.890 D/dalvikvm( 1693): WAIT_FOR_CONCURRENT_GC blocked 30ms
05-22 14:32:59.890 D/dalvikvm( 1693): WAIT_FOR_CONCURRENT_GC blocked 22ms
05-22 14:32:59.890 D/dalvikvm( 1693): WAIT_FOR_CONCURRENT_GC blocked 22ms
05-22 14:32:59.890 W/MountService(  375): getVolumeState(/mnt/extrasd_bind): Unknown volume
05-22 14:32:59.898 W/MountService(  375): getVolumeState(/mnt/sdcard/ext_sd): Unknown volume
05-22 14:32:59.906 W/MountService(  375): getVolumeState(/storage/extSdCard): Unknown volume
05-22 14:32:59.906 W/MountService(  375): getVolumeState(/storage/sdcard1): Unknown volume
05-22 14:32:59.906 W/MountService(  375): getVolumeState(/mnt/sdcard/external_SD): Unknown volume
05-22 14:32:59.913 W/MountService(  375): getVolumeState(/mnt/sdcard/external_sd): Unknown volume
05-22 14:33:00.031 D/dalvikvm( 1693): GC_CONCURRENT freed 359K, 4% free 9603K/10000K, paused 3ms+3ms, total 60ms
05-22 14:33:00.031 D/dalvikvm( 1693): WAIT_FOR_CONCURRENT_GC blocked 29ms
05-22 14:33:00.031 D/dalvikvm( 1693): WAIT_FOR_CONCURRENT_GC blocked 26ms
05-22 14:33:00.031 D/dalvikvm( 1693): WAIT_FOR_CONCURRENT_GC blocked 17ms
05-22 14:33:00.156 D/dalvikvm( 1693): GC_CONCURRENT freed 351K, 4% free 9761K/10152K, paused 5ms+3ms, total 58ms
05-22 14:33:00.156 D/dalvikvm( 1693): WAIT_FOR_CONCURRENT_GC blocked 36ms
05-22 14:33:00.156 D/dalvikvm( 1693): WAIT_FOR_CONCURRENT_GC blocked 34ms
05-22 14:33:00.195 I/WindowManager(  375): Screenshot max retries 4 of Token{424bdd88 ActivityRecord{427b5070 u0 com.android.launcher/com.android.launcher2.Launcher}} appWin=Window{4268ab38 u0 com.android.launcher/com.android.launcher2.Launcher} drawState=4
05-22 14:33:00.202 W/WindowManager(  375): Screenshot failure taking screenshot for (720x1280) to layer 21010
05-22 14:33:00.218 I/ActivityManager(  375): Start proc com.android.defcontainer for service com.android.defcontainer/.DefaultContainerService: pid=2563 uid=10012 gids={50012, 1015, 1023, 2001, 1028}
05-22 14:33:00.226 I/ActivityManager(  375): No longer want com.google.android.exchange (pid 1484): empty #17
05-22 14:33:00.265 D/dalvikvm(  125): GC_EXPLICIT freed 42K, 1% free 8863K/8944K, paused 2ms+3ms, total 39ms
05-22 14:33:00.288 D/dalvikvm(  125): GC_EXPLICIT freed <1K, 1% free 8863K/8944K, paused 2ms+5ms, total 28ms
05-22 14:33:00.320 D/dalvikvm(  125): GC_EXPLICIT freed <1K, 1% free 8863K/8944K, paused 2ms+4ms, total 27ms
05-22 14:33:00.406 D/dalvikvm( 1693): GC_CONCURRENT freed 189K, 3% free 10085K/10312K, paused 25ms+3ms, total 79ms
05-22 14:33:00.406 D/dalvikvm( 1693): WAIT_FOR_CONCURRENT_GC blocked 10ms
05-22 14:33:00.406 D/dalvikvm( 1693): WAIT_FOR_CONCURRENT_GC blocked 12ms
05-22 14:33:01.304 W/ActivityManager(  375): Timeout executing service: ServiceRecord{42976af0 u0 com.pekall.emdm.launcher/com.baidu.location.f}
05-22 14:33:01.343 I/Process (  375): Sending signal. PID: 2371 SIG: 3
05-22 14:33:01.343 I/dalvikvm( 2371): threadid=3: reacting to signal 3
05-22 14:33:01.538 I/Process (  375): Sending signal. PID: 375 SIG: 3
05-22 14:33:01.538 I/dalvikvm(  375): threadid=3: reacting to signal 3
05-22 14:33:01.593 D/dalvikvm( 2371): JIT unchain all for threadid=11
05-22 14:33:01.632 I/dalvikvm( 2371): Wrote stack traces to '/data/anr/traces.txt'
05-22 14:33:01.656 D/dalvikvm( 1693): GC_CONCURRENT freed 215K, 3% free 10382K/10636K, paused 130ms+8ms, total 1188ms
05-22 14:33:01.656 D/dalvikvm( 1693): WAIT_FOR_CONCURRENT_GC blocked 466ms
05-22 14:33:01.656 D/dalvikvm( 1693): WAIT_FOR_CONCURRENT_GC blocked 366ms
05-22 14:33:01.663 D/dalvikvm( 1693): WAIT_FOR_CONCURRENT_GC blocked 52ms
05-22 14:33:03.046 D/dalvikvm( 1693): GC_CONCURRENT freed 300K, 4% free 10594K/10932K, paused 10ms+115ms, total 946ms
05-22 14:33:03.046 D/dalvikvm( 1693): WAIT_FOR_CONCURRENT_GC blocked 54ms
05-22 14:33:05.007 I/dalvikvm(  375): Wrote stack traces to '/data/anr/traces.txt'
05-22 14:33:05.085 I/Process (  375): Sending signal. PID: 580 SIG: 3
05-22 14:33:05.085 I/dalvikvm(  580): threadid=3: reacting to signal 3
05-22 14:33:05.093 I/Process (  375): Sending signal. PID: 450 SIG: 3
05-22 14:33:05.093 I/dalvikvm(  450): threadid=3: reacting to signal 3
05-22 14:33:05.210 I/dalvikvm(  450): Wrote stack traces to '/data/anr/traces.txt'
05-22 14:33:05.210 I/Process (  375): Sending signal. PID: 587 SIG: 3
05-22 14:33:05.210 I/dalvikvm(  587): threadid=3: reacting to signal 3
05-22 14:33:05.210 I/ActivityManager(  375): Start proc com.qihoo360.mobilesafe for service com.qihoo360.mobilesafe/.service.ExamService: pid=2578 uid=10069 gids={50069, 3003, 1015, 3001, 3002, 1006, 1028}
05-22 14:33:05.663 I/dalvikvm( 2578): Turning on JNI app bug workarounds for target SDK version 8...
05-22 14:33:05.679 I/dalvikvm(  580): Wrote stack traces to '/data/anr/traces.txt'
05-22 14:33:05.687 I/dalvikvm(  587): Wrote stack traces to '/data/anr/traces.txt'
05-22 14:33:05.781 D/dalvikvm(  375): GC_CONCURRENT freed 1841K, 15% free 16633K/19408K, paused 4ms+16ms, total 219ms
05-22 14:33:05.781 D/dalvikvm(  375): WAIT_FOR_CONCURRENT_GC blocked 163ms
05-22 14:33:05.781 D/dalvikvm(  375): WAIT_FOR_CONCURRENT_GC blocked 115ms
05-22 14:33:05.781 D/dalvikvm(  375): WAIT_FOR_CONCURRENT_GC blocked 107ms
05-22 14:33:05.781 D/dalvikvm(  375): WAIT_FOR_CONCURRENT_GC blocked 105ms
05-22 14:33:06.116 I/dex     ( 2578): load /data/data/com.qihoo360.mobilesafe/files/root.apk ...
05-22 14:33:06.124 I/dex     ( 2578): load /data/data/com.qihoo360.mobilesafe/files/root.apk = dalvik.system.DexClassLoader[DexPathList[[zip file "/data/data/com.qihoo360.mobilesafe/files/root.apk"],nativeLibraryDirectories=[/vendor/lib, /system/lib]]]
05-22 14:33:06.210 D/dalvikvm( 2578): GC_CONCURRENT freed 261K, 4% free 9059K/9352K, paused 9ms+3ms, total 81ms
05-22 14:33:06.234 W/System.err( 2578): java.io.FileNotFoundException: permmgr/permd
05-22 14:33:06.234 W/System.err( 2578): 	at android.content.res.AssetManager.openAsset(Native Method)
05-22 14:33:06.234 W/System.err( 2578): 	at android.content.res.AssetManager.open(AssetManager.java:316)
05-22 14:33:06.234 W/System.err( 2578): 	at android.content.res.AssetManager.open(AssetManager.java:290)
05-22 14:33:06.234 W/System.err( 2578): 	at root.o.a(Unknown Source)
05-22 14:33:06.234 W/System.err( 2578): 	at com.qihoo.permmgr.PermManager.checkFiles(Unknown Source)
05-22 14:33:06.234 W/System.err( 2578): 	at com.qihoo.permmgr.PermManager.<init>(Unknown Source)
05-22 14:33:06.234 W/System.err( 2578): 	at com.qihoo.permmgr.PermManager.getInstance(Unknown Source)
05-22 14:33:06.234 W/System.err( 2578): 	at root.w.<init>(Unknown Source)
05-22 14:33:06.234 W/System.err( 2578): 	at com.qihoo360.plugin.root.Entry.createObject(Unknown Source)
05-22 14:33:06.234 W/System.err( 2578): 	at java.lang.reflect.Method.invokeNative(Native Method)
05-22 14:33:06.234 W/System.err( 2578): 	at java.lang.reflect.Method.invoke(Method.java:525)
05-22 14:33:06.234 W/System.err( 2578): 	at ko.p(360MobileSafe:114)
05-22 14:33:06.234 W/System.err( 2578): 	at kl.h(360MobileSafe:233)
05-22 14:33:06.234 W/System.err( 2578): 	at kl.g(360MobileSafe:206)
05-22 14:33:06.234 W/System.err( 2578): 	at kk.b(360MobileSafe:359)
05-22 14:33:06.234 W/System.err( 2578): 	at com.qihoo360.mobilesafe.ui.index.MobileSafeApplication.b(360MobileSafe:521)
05-22 14:33:06.234 W/System.err( 2578): 	at com.qihoo360.mobilesafe.ui.index.MobileSafeApplication.onCreate(360MobileSafe:407)
05-22 14:33:06.234 W/System.err( 2578): 	at android.app.Instrumentation.callApplicationOnCreate(Instrumentation.java:1007)
05-22 14:33:06.241 W/System.err( 2578): 	at android.app.ActivityThread.handleBindApplication(ActivityThread.java:4444)
05-22 14:33:06.241 W/System.err( 2578): 	at android.app.ActivityThread.access$1300(ActivityThread.java:141)
05-22 14:33:06.241 W/System.err( 2578): 	at android.app.ActivityThread$H.handleMessage(ActivityThread.java:1316)
05-22 14:33:06.241 W/System.err( 2578): 	at android.os.Handler.dispatchMessage(Handler.java:99)
05-22 14:33:06.241 W/System.err( 2578): 	at android.os.Looper.loop(Looper.java:137)
05-22 14:33:06.241 W/System.err( 2578): 	at android.app.ActivityThread.main(ActivityThread.java:5103)
05-22 14:33:06.241 W/System.err( 2578): 	at java.lang.reflect.Method.invokeNative(Native Method)
05-22 14:33:06.241 W/System.err( 2578): 	at java.lang.reflect.Method.invoke(Method.java:525)
05-22 14:33:06.241 W/System.err( 2578): 	at com.android.internal.os.ZygoteInit$MethodAndArgsCaller.run(ZygoteInit.java:737)
05-22 14:33:06.241 W/System.err( 2578): 	at com.android.internal.os.ZygoteInit.main(ZygoteInit.java:553)
05-22 14:33:06.249 W/System.err( 2578): 	at dalvik.system.NativeStart.main(Native Method)
05-22 14:33:06.257 D/dalvikvm(  375): GC_EXPLICIT freed 651K, 14% free 16830K/19408K, paused 11ms+16ms, total 173ms
05-22 14:33:06.288 D/dalvikvm( 2578): Trying to load lib /data/data/com.qihoo360.mobilesafe/files/permmgr/Libpermc.so 0x4228efd8
05-22 14:33:06.288 D/dalvikvm( 2578): Added shared lib /data/data/com.qihoo360.mobilesafe/files/permmgr/Libpermc.so 0x4228efd8
05-22 14:33:06.288 I/dex     ( 2578): load /data/data/com.qihoo360.mobilesafe/files/appmgr.apk ...
05-22 14:33:06.296 I/dex     ( 2578): load /data/data/com.qihoo360.mobilesafe/files/appmgr.apk = dalvik.system.DexClassLoader[DexPathList[[zip file "/data/data/com.qihoo360.mobilesafe/files/appmgr.apk"],nativeLibraryDirectories=[/vendor/lib, /system/lib]]]
05-22 14:33:06.335 W/ProcessStats(  375): Skipping unknown process pid 2592
05-22 14:33:06.390 D/dalvikvm( 2578): GC_CONCURRENT freed 509K, 6% free 9059K/9608K, paused 4ms+2ms, total 44ms
05-22 14:33:06.507 D/dalvikvm( 2578): Trying to load lib /data/data/com.qihoo360.mobilesafe/files/so_libs/libmobilesafe360-jni-2.2.so 0x4223c000
05-22 14:33:06.515 D/dalvikvm( 2578): Added shared lib /data/data/com.qihoo360.mobilesafe/files/so_libs/libmobilesafe360-jni-2.2.so 0x4223c000
05-22 14:33:06.726 D/dalvikvm( 2578): GC_CONCURRENT freed 363K, 5% free 9198K/9608K, paused 10ms+4ms, total 69ms
05-22 14:33:06.906 I/Process (  375): Sending signal. PID: 606 SIG: 3
05-22 14:33:06.906 I/dalvikvm(  606): threadid=3: reacting to signal 3
05-22 14:33:06.929 D/dalvikvm( 1693): GC_CONCURRENT freed 453K, 5% free 10722K/11212K, paused 229ms+348ms, total 1768ms
05-22 14:33:06.929 D/dalvikvm( 1693): WAIT_FOR_CONCURRENT_GC blocked 38ms
05-22 14:33:06.929 D/dalvikvm( 1693): WAIT_FOR_CONCURRENT_GC blocked 650ms
05-22 14:33:06.984 D/dalvikvm( 1693): WAIT_FOR_CONCURRENT_GC blocked 651ms
05-22 14:33:07.046 D/dalvikvm( 1693): WAIT_FOR_CONCURRENT_GC blocked 575ms
05-22 14:33:07.109 I/Process (  375): Sending signal. PID: 802 SIG: 3
05-22 14:33:07.109 I/dalvikvm(  802): threadid=3: reacting to signal 3
05-22 14:33:07.156 D/dalvikvm(  606): JIT unchain all for threadid=11
05-22 14:33:07.226 I/dalvikvm(  802): Wrote stack traces to '/data/anr/traces.txt'
05-22 14:33:07.226 I/Process (  375): Sending signal. PID: 1024 SIG: 3
05-22 14:33:07.226 I/dalvikvm( 1024): threadid=3: reacting to signal 3
05-22 14:33:07.374 W/Settings( 2578): Setting adb_enabled has moved from android.provider.Settings.Secure to android.provider.Settings.Global.
05-22 14:33:07.429 I/Process (  375): Sending signal. PID: 1693 SIG: 3
05-22 14:33:07.429 I/dalvikvm( 1693): threadid=3: reacting to signal 3
05-22 14:33:07.452 I/ActivityManager(  375): No longer want com.google.android.partnersetup (pid 989): empty #17
05-22 14:33:07.499 I/dalvikvm( 1024): Wrote stack traces to '/data/anr/traces.txt'
05-22 14:33:07.531 E/ActivityManager(  375): ANR in com.pekall.emdm.launcher:remote
