05-22 14:24:17.054 I/dalvikvm( 1083): DexOpt: unable to optimize instance field ref 0x3579 at 0x42 in Lcom/tencent/tmassistantsdk/protocol/ProtocolPackage;.unpackPackage
05-22 14:24:17.054 I/dalvikvm( 1083): DexOpt: unable to optimize instance field ref 0x3579 at 0x48 in Lcom/tencent/tmassistantsdk/protocol/ProtocolPackage;.unpackPackage
05-22 14:24:17.054 I/dalvikvm( 1083): DexOpt: unable to optimize instance field ref 0x357a at 0x4e in Lcom/tencent/tmassistantsdk/protocol/ProtocolPackage;.unpackPackage
05-22 14:24:17.054 I/dalvikvm( 1083): DexOpt: unable to optimize instance field ref 0x357c at 0x50 in Lcom/tencent/tmassistantsdk/protocol/ProtocolPackage;.unpackPackage
05-22 14:24:17.070 D/AndroidRuntime( 1292): Calling main entry com.android.commands.am.Am
05-22 14:24:17.070 D/dalvikvm( 1292): Note: class Landroid/app/ActivityManagerNative; has 163 unimplemented (abstract) methods
05-22 14:24:17.835 W/EmailProvider( 1097): restoreIfNeeded...
05-22 14:24:17.835 W/EmailProvider( 1097): restoreIfNeeded: Account exists.
05-22 14:24:17.835 D/EmailProvider( 1097): Deleting orphans...
05-22 14:24:19.429 D/EmailProvider( 1097): EmailProvider pre-caching...
05-22 14:24:19.749 W/ActivityManager(  375): Unable to start service Intent { act=com.google.android.gms.analytics.service.START (has extras) } U=0: not found
05-22 14:24:19.788 W/GAV2    ( 1175): Thread[Service Reconnect,5,main]: Service unavailable (code=1), using local store.
05-22 14:24:20.554 D/dalvikvm(  802): GC_CONCURRENT freed 672K, 6% free 13208K/13952K, paused 3ms+16ms, total 86ms
05-22 14:24:20.773 D/MetricsUtils( 1221): [QUERY ******************************** query-result:1 time:7224]
05-22 14:24:20.773 D/PicasaUploader( 1221):    wifiOnlyPhoto changed to true
05-22 14:24:20.773 D/PicasaUploader( 1221):    wifiOnlyVideo changed to true
05-22 14:24:20.773 D/PicasaUploader( 1221):    syncOnBattery changed to true
05-22 14:24:21.570 I/Process (  375): Sending signal. PID: 1097 SIG: 3
05-22 14:24:21.570 I/dalvikvm( 1097): threadid=3: reacting to signal 3
05-22 14:24:21.570 W/ActivityManager(  375): Timeout executing service: ServiceRecord{42976af0 u0 com.pekall.emdm.launcher/com.baidu.location.f}
05-22 14:24:21.718 D/PicasaSync( 1175): accounts in DB=0
05-22 14:24:21.718 D/dalvikvm( 1083): Trying to load lib /data/app-lib/com.tencent.android.qqdownloader-1/libPinYin.so 0x4223d2e0
05-22 14:24:21.718 D/dalvikvm( 1083): Added shared lib /data/app-lib/com.tencent.android.qqdownloader-1/libPinYin.so 0x4223d2e0
05-22 14:24:21.718 D/dalvikvm( 1083): No JNI_OnLoad found in /data/app-lib/com.tencent.android.qqdownloader-1/libPinYin.so 0x4223d2e0, skipping init
05-22 14:24:21.773 I/Process (  375): Sending signal. PID: 375 SIG: 3
05-22 14:24:21.773 I/dalvikvm(  375): threadid=3: reacting to signal 3
05-22 14:24:21.820 D/dalvikvm( 1097): JIT unchain all for threadid=12
05-22 14:24:21.843 D/PicasaUploaderSync( 1221): sync account database
05-22 14:24:21.999 I/dalvikvm( 1097): Wrote stack traces to '/data/anr/traces.txt'
05-22 14:24:22.187 I/Process (  375): Sending signal. PID: 580 SIG: 3
05-22 14:24:22.187 I/dalvikvm(  580): threadid=3: reacting to signal 3
05-22 14:24:22.195 I/Process (  375): Sending signal. PID: 587 SIG: 3
05-22 14:24:22.195 I/dalvikvm(  587): threadid=3: reacting to signal 3
05-22 14:24:22.202 I/dalvikvm(  375): Wrote stack traces to '/data/anr/traces.txt'
05-22 14:24:22.202 I/Process (  375): Sending signal. PID: 450 SIG: 3
05-22 14:24:22.202 I/dalvikvm(  450): threadid=3: reacting to signal 3
05-22 14:24:22.202 I/ActivityManager(  375): Start proc com.dragon.android.pandaspace:bdservice_v1 for broadcast com.dragon.android.pandaspace/com.baidu.android.moplus.MoPlusReceiver: pid=1309 uid=10074 gids={50074, 1015, 3003, 1006, 1028}
05-22 14:24:22.366 D/PicasaSyncManager( 1175): active network: NetworkInfo: type: WIFI[], state: CONNECTED/CONNECTED, reason: (unspecified), extra: "pekall_work", roaming: false, failover: false, isAvailable: true
05-22 14:24:22.366 D/PicasaSyncManager( 1175): background data: true
05-22 14:24:22.460 D/PicasaUploaderSync( 1221): accounts in DB=0
05-22 14:24:22.531 I/dalvikvm( 1309): Turning on JNI app bug workarounds for target SDK version 8...
05-22 14:24:22.616 I/dalvikvm(  580): Wrote stack traces to '/data/anr/traces.txt'
05-22 14:24:22.679 D/dalvikvm(  375): GC_CONCURRENT freed 1211K, 9% free 15271K/16748K, paused 3ms+12ms, total 134ms
05-22 14:24:22.679 D/dalvikvm(  375): WAIT_FOR_CONCURRENT_GC blocked 91ms
05-22 14:24:22.788 I/dalvikvm(  587): Wrote stack traces to '/data/anr/traces.txt'
05-22 14:24:22.796 I/dalvikvm(  450): Wrote stack traces to '/data/anr/traces.txt'
05-22 14:24:22.796 I/Choreographer(  450): Skipped 34 frames!  The application may be doing too much work on its main thread.
05-22 14:24:22.827 D/dalvikvm(  375): GC_EXPLICIT freed 369K, 9% free 15368K/16748K, paused 2ms+5ms, total 65ms
05-22 14:24:23.390 I/Process (  375): Sending signal. PID: 606 SIG: 3
05-22 14:24:23.390 I/dalvikvm(  606): threadid=3: reacting to signal 3
05-22 14:24:23.593 I/Process (  375): Sending signal. PID: 1083 SIG: 3
05-22 14:24:23.593 I/dalvikvm( 1083): threadid=3: reacting to signal 3
05-22 14:24:23.640 D/dalvikvm(  606): JIT unchain all for threadid=11
05-22 14:24:23.749 D/PicasaUploaderSyncManager( 1221): active network: NetworkInfo: type: WIFI[], state: CONNECTED/CONNECTED, reason: (unspecified), extra: "pekall_work", roaming: false, failover: false, isAvailable: true
05-22 14:24:23.749 D/PicasaUploaderSyncManager( 1221): background data: true
05-22 14:24:23.757 I/dalvikvm(  606): Wrote stack traces to '/data/anr/traces.txt'
05-22 14:24:23.757 I/Process (  375): Sending signal. PID: 1175 SIG: 3
05-22 14:24:23.757 I/dalvikvm( 1175): threadid=3: reacting to signal 3
05-22 14:24:23.820 D/dalvikvm( 1309): Trying to load lib /data/app-lib/com.dragon.android.pandaspace-1/libroot.so 0x422423c8
05-22 14:24:23.820 D/dalvikvm( 1309): Added shared lib /data/app-lib/com.dragon.android.pandaspace-1/libroot.so 0x422423c8
05-22 14:24:23.820 I/RootJni ( 1309): JNI_OnLoad......
05-22 14:24:23.929 D/dalvikvm( 1309): GC_CONCURRENT freed 327K, 4% free 8998K/9364K, paused 4ms+4ms, total 35ms
05-22 14:24:23.976 I/ActivityManager(  375): Start proc com.google.android.calendar for broadcast com.google.android.calendar/com.android.calendar.widget.CalendarAppWidgetService$CalendarFactory: pid=1329 uid=10006 gids={50006, 3003, 1028}
05-22 14:24:23.984 E/ActivityManager(  375): ANR in com.pekall.emdm.launcher:remote
05-22 14:24:23.984 E/ActivityManager(  375): Reason: Executing service com.pekall.emdm.launcher/com.baidu.location.f
05-22 14:24:23.984 E/ActivityManager(  375): Load: 11.31 / 2.83 / 0.95
05-22 14:24:23.984 E/ActivityManager(  375): CPU usage from 11545ms to 2385ms ago with 99% awake:
05-22 14:24:23.984 E/ActivityManager(  375):   89% 606/com.pekall.emdm.launcher: 89% user + 0.2% kernel / faults: 350 minor
05-22 14:24:23.984 E/ActivityManager(  375):   87% 1097/com.pekall.emdm.launcher:remote: 87% user + 0.2% kernel / faults: 117 minor
05-22 14:24:23.984 E/ActivityManager(  375):   8.2% 802/com.qihoo360.mobilesafe:GuardService: 6.3% user + 1.9% kernel / faults: 1766 minor 1 major
05-22 14:24:23.984 E/ActivityManager(  375):   3.1% 375/system_server: 1.7% user + 1.4% kernel / faults: 44 minor
05-22 14:24:23.984 E/ActivityManager(  375):   0.7% 1083/com.tencent.android.qqdownloader: 0.6% user + 0.1% kernel / faults: 303 minor
05-22 14:24:23.984 E/ActivityManager(  375):   0.6% 124/surfaceflinger: 0.4% user + 0.2% kernel
05-22 14:24:23.984 E/ActivityManager(  375):   0.6% 1064/com.dragon.android.pandaspace: 0.4% user + 0.2% kernel / faults: 356 minor
05-22 14:24:23.984 E/ActivityManager(  375):   0.5% 621/com.google.process.gapps: 0.5% user + 0% kernel / faults: 241 minor
05-22 14:24:23.984 E/ActivityManager(  375):   0.5% 1175/com.google.android.gallery3d: 0.4% user + 0.1% kernel / faults: 305 minor
05-22 14:24:23.984 E/ActivityManager(  375):   0.4% 94/kworker/0:2: 0% user + 0.4% kernel
05-22 14:24:23.984 E/ActivityManager(  375):   0.4% 1150/com.android.launcher: 0.3% user + 0.1% kernel / faults: 685 minor
05-22 14:24:23.984 E/ActivityManager(  375):   0.3% 121/netd: 0.2% user + 0.1% kernel / faults: 6 minor
05-22 14:24:23.984 E/ActivityManager(  375):   0.2% 81/mmcqd/0: 0% user + 0.2% kernel
05-22 14:24:23.984 E/ActivityManager(  375):   0.2% 95/ueventd: 0.1% user + 0.1% kernel
05-22 14:24:23.984 E/ActivityManager(  375):   0.2% 508/com.android.phasebeam: 0.1% user + 0.1% kernel
05-22 14:24:23.984 E/ActivityManager(  375):   0.2% 1221/com.google.android.apps.uploader: 0.2% user + 0% kernel / faults: 312 minor
05-22 14:24:23.984 E/ActivityManager(  375):   0.1% 5/kworker/u:0: 0% user + 0.1% kernel
05-22 14:24:23.984 E/ActivityManager(  375):   0.1% 65/kworker/1:1: 0% user + 0.1% kernel
05-22 14:24:23.984 E/ActivityManager(  375):   0.1% 74/kworker/u:2: 0% user + 0.1% kernel
05-22 14:24:23.984 E/ActivityManager(  375):   0% 116/servicemanager: 0% user + 0% kernel
05-22 14:24:23.984 E/ActivityManager(  375):   0.1% 117/vold: 0.1% user + 0% kernel
05-22 14:24:23.984 E/ActivityManager(  375):   0.1% 450/com.android.systemui: 0% user + 0.1% kernel / faults: 24 minor
05-22 14:24:23.984 E/ActivityManager(  375):   0.1% 580/com.android.phone: 0.1% user + 0% kernel / faults: 10 minor
05-22 14:24:23.984 E/ActivityManager(  375):   0.1% 760/kworker/u:4: 0% user + 0.1% kernel
05-22 14:24:23.984 E/ActivityManager(  375):   0.1% 854/com.qihoo.appstore: 0% user + 0.1% kernel / faults: 23 minor
05-22 14:24:23.984 E/ActivityManager(  375):   0% 1010/com.nd.assistance: 0% user + 0% kernel
05-22 14:24:23.984 E/ActivityManager(  375):   0.1% 1024/android.process.media: 0% user + 0.1% kernel / faults: 11 minor
05-22 14:24:23.984 E/ActivityManager(  375):   0.1% 1048/com.tencent.android.qqdownloader:connect: 0.1% user + 0% kernel / faults: 75 minor
05-22 14:24:23.984 E/ActivityManager(  375):   0.1% 1240/com.android.mms: 0.1% user + 0% kernel / faults: 49 minor
05-22 14:24:23.984 E/ActivityManager(  375):  +0% 1274/su: 0% user + 0% kernel
05-22 14:24:23.984 E/ActivityManager(  375):  +0% 1277/permmgrd: 0% user + 0% kernel
05-22 14:24:23.984 E/ActivityManager(  375):  +0% 1289/permmgrd: 0% user + 0% kernel
05-22 14:24:23.984 E/ActivityManager(  375):  +0% 1291/sh: 0% user + 0% kernel
05-22 14:24:23.984 E/ActivityManager(  375):  +0% 1292/app_process: 0% user + 0% kernel
05-22 14:24:23.984 E/ActivityManager(  375): 100% TOTAL: 96% user + 3.7% kernel
05-22 14:24:23.984 E/ActivityManager(  375): CPU usage from 1261ms to 1784ms later:
05-22 14:24:23.984 E/ActivityManager(  375):   88% 606/com.pekall.emdm.launcher: 88% user + 0% kernel
05-22 14:24:23.984 E/ActivityManager(  375):     90% 671/Thread-42: 90% user + 0% kernel
05-22 14:24:23.984 E/ActivityManager(  375):   84% 1097/com.pekall.emdm.launcher:remote: 84% user + 0% kernel / faults: 3 minor
05-22 14:24:23.984 E/ActivityManager(  375):     86% 1115/Thread-88: 86% user + 0% kernel
05-22 14:24:23.984 E/ActivityManager(  375):   5.7% 375/system_server: 1.9% user + 3.8% kernel / faults: 9 minor
05-22 14:24:23.984 E/ActivityManager(  375):     5.7% 391/ActivityManager: 1.9% user + 3.8% kernel
05-22 14:24:23.984 E/ActivityManager(  375):     1.9% 386/Binder_2: 1.9% user + 0% kernel
05-22 14:24:23.984 E/ActivityManager(  375):     1.9% 387/SensorService: 1.9% user + 0% kernel
05-22 14:24:23.984 E/ActivityManager(  375):   3% 1083/com.tencent.android.qqdownloader: 3% user + 0% kernel / faults: 268 minor
05-22 14:24:23.984 E/ActivityManager(  375):     3% 1089/Compiler: 3% user + 0% kernel
05-22 14:24:23.984 E/ActivityManager(  375):     1.5% 1126/default-thread: 0% user + 1.5% kernel
05-22 14:24:23.984 E/ActivityManager(  375):   1.1% 124/surfaceflinger: 0% user + 1.1% kernel
05-22 14:24:23.984 E/ActivityManager(  375):     1.1% 166/EventThread: 0% user + 1.1% kernel
05-22 14:24:23.984 E/ActivityManager(  375):   1.8% 450/com.android.systemui: 1.8% user + 0% kernel / faults: 1 minor
05-22 14:24:23.984 E/ActivityManager(  375):   1.5% 1175/com.google.android.gallery3d: 0% user + 1.5% kernel / faults: 48 minor
05-22 14:24:23.984 E/ActivityManager(  375): 100% TOTAL: 92% user + 7.6% kernel
05-22 14:24:23.999 W/ActivityManager(  375): Killing ProcessRecord{4280eae0 1097:com.pekall.emdm.launcher:remote/u0a10066}: background ANR
05-22 14:24:24.023 I/dalvikvm( 1175): Wrote stack traces to '/data/anr/traces.txt'
05-22 14:24:24.116 D/dalvikvm(  375): GC_FOR_ALLOC freed 450K, 10% free 15459K/17008K, paused 104ms, total 104ms
05-22 14:24:24.210 D/dalvikvm(  375): GC_FOR_ALLOC freed 1K, 8% free 15714K/17008K, paused 87ms, total 87ms
05-22 14:24:24.226 D/dalvikvm( 1064): GC_CONCURRENT freed 332K, 4% free 9148K/9516K, paused 3ms+3ms, total 92ms
05-22 14:24:24.241 I/dalvikvm( 1083): Wrote stack traces to '/data/anr/traces.txt'
05-22 14:24:24.249 D/dalvikvm( 1083): GC_CONCURRENT freed 183K, 4% free 9563K/9872K, paused 508ms+438ms, total 987ms
05-22 14:24:24.304 D/dalvikvm(  375): GC_FOR_ALLOC freed 258K, 9% free 15843K/17396K, paused 91ms, total 91ms
05-22 14:24:24.382 D/dalvikvm(  375): GC_FOR_ALLOC freed 778K, 12% free 15323K/17396K, paused 75ms, total 79ms
05-22 14:24:24.390 I/uninstall( 1083): SelfUninstallManager -> init
05-22 14:24:24.421 I/ActivityManager(  375): Start proc com.tencent.android.qqdownloader:uninstall for service com.tencent.android.qqdownloader/com.tencent.assistant.service.UninstallService: pid=1345 uid=10065 gids={50065, 3003, 3002, 1006, 1028, 1015}
05-22 14:24:24.429 I/ActivityManager(  375): Process com.pekall.emdm.launcher:remote (pid 1097) has died.
05-22 14:24:24.445 D/ExchangeService(  606): !!! EAS ExchangeService, onDestroy
05-22 14:24:24.445 W/ActivityManager(  375): Scheduling restart of crashed service com.pekall.emdm.launcher/com.baidu.location.f in 5000ms
05-22 14:24:24.468 D/dalvikvm(  125): GC_EXPLICIT freed 41K, 1% free 8863K/8944K, paused 3ms+11ms, total 50ms
05-22 14:24:24.499 D/dalvikvm(  125): GC_EXPLICIT freed <1K, 1% free 8863K/8944K, paused 2ms+2ms, total 28ms
05-22 14:24:24.523 D/dalvikvm(  125): GC_EXPLICIT freed <1K, 1% free 8863K/8944K, paused 2ms+2ms, total 26ms
05-22 14:24:24.577 D/dalvikvm( 1309): GC_CONCURRENT freed 303K, 4% free 9170K/9524K, paused 4ms+3ms, total 50ms
05-22 14:24:24.609 D/PicasaSyncManager( 1175): battery info: true
05-22 14:24:24.679 D/dalvikvm( 1309): GC_CONCURRENT freed 300K, 4% free 9376K/9716K, paused 2ms+2ms, total 39ms
05-22 14:24:24.679 D/dalvikvm( 1309): WAIT_FOR_CONCURRENT_GC blocked 11ms
05-22 14:24:24.687 I/ActivityManager(  375): Start proc com.google.android.deskclock for broadcast com.google.android.deskclock/com.android.deskclock.AlarmInitReceiver: pid=1366 uid=10013 gids={50013, 1028}
05-22 14:24:24.749 D/dalvikvm( 1309): GC_CONCURRENT freed 387K, 5% free 9462K/9924K, paused 7ms+2ms, total 38ms
05-22 14:24:24.749 D/dalvikvm( 1309): WAIT_FOR_CONCURRENT_GC blocked 8ms
05-22 14:24:24.820 D/dalvikvm( 1309): GC_CONCURRENT freed 422K, 5% free 9508K/9988K, paused 2ms+2ms, total 42ms
05-22 14:24:24.827 I/dalvikvm( 1309): Failed resolving Lcom/baidu/android/nebula/util/BDLocationManager$BaiduLocationListener; interface 1169 'Lcom/baidu/location/BDLocationListener;'
05-22 14:24:24.827 W/dalvikvm( 1309): Link of class 'Lcom/baidu/android/nebula/util/BDLocationManager$BaiduLocationListener;' failed
05-22 14:24:24.827 W/dalvikvm( 1309): VFY: unable to find class referenced in signature (Lcom/baidu/location/LocationClient;)
05-22 14:24:24.827 I/dalvikvm( 1309): Failed resolving Lcom/baidu/android/nebula/util/BDLocationManager$BaiduLocationListener; interface 1169 'Lcom/baidu/location/BDLocationListener;'
05-22 14:24:24.827 W/dalvikvm( 1309): Link of class 'Lcom/baidu/android/nebula/util/BDLocationManager$BaiduLocationListener;' failed
05-22 14:24:24.827 I/dalvikvm( 1309): Failed resolving Lcom/baidu/android/nebula/util/BDLocationManager$BaiduLocationListener; interface 1169 'Lcom/baidu/location/BDLocationListener;'
05-22 14:24:24.827 W/dalvikvm( 1309): Link of class 'Lcom/baidu/android/nebula/util/BDLocationManager$BaiduLocationListener;' failed
05-22 14:24:24.827 I/dalvikvm( 1309): Could not find method com.baidu.location.LocationClient.unRegisterLocationListener, referenced from method com.baidu.android.nebula.util.BDLocationManager.d
05-22 14:24:24.827 W/dalvikvm( 1309): VFY: unable to resolve virtual method 7866: Lcom/baidu/location/LocationClient;.unRegisterLocationListener (Lcom/baidu/location/BDLocationListener;)V
05-22 14:24:24.827 D/dalvikvm( 1309): VFY: replacing opcode 0x6e at 0x0012
05-22 14:24:24.827 E/dalvikvm( 1309): Could not find class 'com.baidu.location.LocationClient', referenced from method com.baidu.android.nebula.util.BDLocationManager.e
05-22 14:24:24.827 W/dalvikvm( 1309): VFY: unable to resolve new-instance 1170 (Lcom/baidu/location/LocationClient;) in Lcom/baidu/android/nebula/util/BDLocationManager;
05-22 14:24:24.827 D/dalvikvm( 1309): VFY: replacing opcode 0x22 at 0x0000
05-22 14:24:24.827 E/dalvikvm( 1309): Could not find class 'com.baidu.location.LocationClientOption', referenced from method com.baidu.android.nebula.util.BDLocationManager.f
05-22 14:24:24.827 W/dalvikvm( 1309): VFY: unable to resolve new-instance 1171 (Lcom/baidu/location/LocationClientOption;) in Lcom/baidu/android/nebula/util/BDLocationManager;
05-22 14:24:24.827 D/dalvikvm( 1309): VFY: replacing opcode 0x22 at 0x0000
05-22 14:24:24.835 W/dalvikvm( 1309): VFY: unable to find class referenced in signature (Lcom/baidu/location/LocationClientOption;)
05-22 14:24:24.835 I/dalvikvm( 1309): Could not find method com.baidu.location.LocationClientOption.setOpenGps, referenced from method com.baidu.android.nebula.util.BDLocationManager.a
05-22 14:24:24.835 W/dalvikvm( 1309): VFY: unable to resolve virtual method 7870: Lcom/baidu/location/LocationClientOption;.setOpenGps (Z)V
05-22 14:24:24.835 D/dalvikvm( 1309): VFY: replacing opcode 0x6e at 0x0009
05-22 14:24:24.835 D/dalvikvm( 1309): DexOpt: unable to opt direct call 0x1eb3 at 0x04 in Lcom/baidu/android/nebula/util/BDLocationManager;.e
05-22 14:24:24.835 I/dalvikvm( 1309): Failed resolving Lcom/baidu/android/nebula/util/BDLocationManager$BaiduLocationListener; interface 1169 'Lcom/baidu/location/BDLocationListener;'
05-22 14:24:24.835 W/dalvikvm( 1309): Link of class 'Lcom/baidu/android/nebula/util/BDLocationManager$BaiduLocationListener;' failed
05-22 14:24:24.835 D/dalvikvm( 1309): DexOpt: unable to opt direct call 0x1cc1 at 0x0b in Lcom/baidu/android/nebula/util/BDLocationManager;.e
05-22 14:24:24.835 D/dalvikvm( 1309): DexOpt: unable to opt direct call 0x1ebb at 0x02 in Lcom/baidu/android/nebula/util/BDLocationManager;.f
05-22 14:24:24.874 V/AlarmClock( 1366): No next alarm
05-22 14:24:24.874 V/AlarmClock( 1366): Setting next alarm string in system to null
05-22 14:24:24.890 V/AlarmClock( 1366): AlarmInitReceiver finished
05-22 14:24:24.929 D/PicasaUploaderSyncManager( 1221): battery info: true
05-22 14:24:24.952 D/dalvikvm( 1309): GC_CONCURRENT freed 614K, 7% free 9404K/10056K, paused 12ms+17ms, total 60ms
05-22 14:24:24.952 D/dalvikvm( 1309): WAIT_FOR_CONCURRENT_GC blocked 3ms
05-22 14:24:24.952 I/ActivityManager(  375): Start proc com.android.providers.calendar for content provider com.android.providers.calendar/.CalendarProvider2: pid=1380 uid=10007 gids={50007, 3003, 1015, 1028}
05-22 14:24:25.031 I/ActivityManager(  375): Start proc com.google.android.apps.maps:FriendService for broadcast com.google.android.apps.maps/com.google.googlenav.friend.android.ServiceReceiver: pid=1394 uid=10038 gids={50038, 3003, 1015, 1028}
05-22 14:24:25.038 D/dalvikvm( 1309): GC_FOR_ALLOC freed 55K, 6% free 9507K/10056K, paused 32ms, total 33ms
05-22 14:24:25.038 I/dalvikvm-heap( 1309): Grow heap (frag case) to 9.333MB for 16400-byte allocation
05-22 14:24:25.062 D/dalvikvm( 1309): GC_FOR_ALLOC freed 0K, 6% free 9523K/10076K, paused 24ms, total 24ms
05-22 14:24:25.156 D/dalvikvm( 1309): GC_FOR_ALLOC freed 39K, 4% free 9674K/10076K, paused 31ms, total 31ms
05-22 14:24:25.273 I/uninstall( 1345): load yyb_uninsatll lib
05-22 14:24:25.335 D/dalvikvm(  375): GC_CONCURRENT freed 1437K, 12% free 15410K/17396K, paused 4ms+11ms, total 111ms
05-22 14:24:25.382 I/uninstall( 1083): SelfUninstallManager -> initUninstallTask
05-22 14:24:25.390 W/System.err( 1083): java.io.FileNotFoundException: /proc/1426/cmdline: open failed: ENOENT (No such file or directory)
05-22 14:24:25.390 W/System.err( 1083): 	at libcore.io.IoBridge.open(IoBridge.java:409)
05-22 14:24:25.390 W/System.err( 1083): 	at java.io.FileInputStream.<init>(FileInputStream.java:78)
05-22 14:24:25.390 W/System.err( 1083): 	at java.io.FileInputStream.<init>(FileInputStream.java:105)
05-22 14:24:25.390 W/System.err( 1083): 	at com.qq.util.p.a(ProGuard:64)
05-22 14:24:25.390 W/System.err( 1083): 	at com.tencent.assistant.manager.SelfUninstallManager.a(ProGuard:80)
05-22 14:24:25.390 W/System.err( 1083): 	at com.tencent.assistant.module.timer.ScheduleJobReceiver.onReceive(ProGuard:44)
05-22 14:24:25.390 W/System.err( 1083): 	at android.app.ActivityThread.handleReceiver(ActivityThread.java:2424)
05-22 14:24:25.390 W/System.err( 1083): 	at android.app.ActivityThread.access$1500(ActivityThread.java:141)
05-22 14:24:25.390 W/System.err( 1083): 	at android.app.ActivityThread$H.handleMessage(ActivityThread.java:1332)
05-22 14:24:25.390 W/System.err( 1083): 	at android.os.Handler.dispatchMessage(Handler.java:99)
05-22 14:24:25.390 W/System.err( 1083): 	at android.os.Looper.loop(Looper.java:137)
05-22 14:24:25.390 W/System.err( 1083): 	at android.app.ActivityThread.main(ActivityThread.java:5103)
05-22 14:24:25.390 W/System.err( 1083): 	at java.lang.reflect.Method.invokeNative(Native Method)
05-22 14:24:25.390 W/System.err( 1083): 	at java.lang.reflect.Method.invoke(Method.java:525)
05-22 14:24:25.390 W/System.err( 1083): 	at com.android.internal.os.ZygoteInit$MethodAndArgsCaller.run(ZygoteInit.java:737)
05-22 14:24:25.390 W/System.err( 1083): 	at com.android.internal.os.ZygoteInit.main(ZygoteInit.java:553)
05-22 14:24:25.390 W/System.err( 1083): 	at dalvik.system.NativeStart.main(Native Method)
05-22 14:24:25.398 D/dalvikvm(  621): GC_CONCURRENT freed 344K, 4% free 9350K/9736K, paused 3ms+6ms, total 59ms
05-22 14:24:25.398 W/System.err( 1083): Caused by: libcore.io.ErrnoException: open failed: ENOENT (No such file or directory)
05-22 14:24:25.398 W/System.err( 1083): 	at libcore.io.Posix.open(Native Method)
05-22 14:24:25.398 W/System.err( 1083): 	at libcore.io.BlockGuardOs.open(BlockGuardOs.java:110)
05-22 14:24:25.398 W/System.err( 1083): 	at libcore.io.IoBridge.open(IoBridge.java:393)
05-22 14:24:25.398 W/System.err( 1083): 	... 16 more
05-22 14:24:25.398 W/System.err( 1083): java.io.FileNotFoundException: /proc/1426/cmdline: open failed: ENOENT (No such file or directory)
05-22 14:24:25.398 W/ActivityThread(  621): ClassLoader.loadClass: The class loader returned by Thread.getContextClassLoader() may fail for processes that host multiple applications. You should explicitly specify a context class loader. For example: Thread.setContextClassLoader(getClass().getClassLoader());
05-22 14:24:25.406 W/System.err( 1083): 	at libcore.io.IoBridge.open(IoBridge.java:409)
05-22 14:24:25.406 W/System.err( 1083): 	at java.io.FileInputStream.<init>(FileInputStream.java:78)
05-22 14:24:25.406 W/System.err( 1083): 	at java.io.FileInputStream.<init>(FileInputStream.java:105)
05-22 14:24:25.406 W/System.err( 1083): 	at com.qq.util.p.a(ProGuard:64)
05-22 14:24:25.406 W/System.err( 1083): 	at com.tencent.assistant.manager.SelfUninstallManager.a(ProGuard:85)
05-22 14:24:25.406 W/System.err( 1083): 	at com.tencent.assistant.module.timer.ScheduleJobReceiver.onReceive(ProGuard:44)
05-22 14:24:25.406 W/System.err( 1083): 	at android.app.ActivityThread.handleReceiver(ActivityThread.java:2424)
05-22 14:24:25.406 W/System.err( 1083): 	at android.app.ActivityThread.access$1500(ActivityThread.java:141)
05-22 14:24:25.406 W/System.err( 1083): 	at android.app.ActivityThread$H.handleMessage(ActivityThread.java:1332)
05-22 14:24:25.406 W/System.err( 1083): 	at android.os.Handler.dispatchMessage(Handler.java:99)
05-22 14:24:25.406 W/System.err( 1083): 	at android.os.Looper.loop(Looper.java:137)
05-22 14:24:25.406 W/System.err( 1083): 	at android.app.ActivityThread.main(ActivityThread.java:5103)
05-22 14:24:25.406 W/System.err( 1083): 	at java.lang.reflect.Method.invokeNative(Native Method)
05-22 14:24:25.406 W/System.err( 1083): 	at java.lang.reflect.Method.invoke(Method.java:525)
05-22 14:24:25.406 W/System.err( 1083): 	at com.android.internal.os.ZygoteInit$MethodAndArgsCaller.run(ZygoteInit.java:737)
05-22 14:24:25.406 W/System.err( 1083): 	at com.android.internal.os.ZygoteInit.main(ZygoteInit.java:553)
05-22 14:24:25.406 W/System.err( 1083): 	at dalvik.system.NativeStart.main(Native Method)
05-22 14:24:25.406 W/System.err( 1083): Caused by: libcore.io.ErrnoException: open failed: ENOENT (No such file or directory)
05-22 14:24:25.406 W/System.err( 1083): 	at libcore.io.Posix.open(Native Method)
05-22 14:24:25.406 W/System.err( 1083): 	at libcore.io.BlockGuardOs.open(BlockGuardOs.java:110)
05-22 14:24:25.406 W/System.err( 1083): 	at libcore.io.IoBridge.open(IoBridge.java:393)
05-22 14:24:25.406 W/System.err( 1083): 	... 16 more
05-22 14:24:25.406 D/uninstall( 1083): pid = 1426, process name = null
05-22 14:24:25.460 I/ActivityManager(  375): Start proc com.android.dialer for broadcast com.android.dialer/.calllog.CallLogReceiver: pid=1414 uid=10014 gids={50014, 3003, 1015, 1028}
05-22 14:24:25.476 D/dalvikvm( 1345): Trying to load lib /data/app-lib/com.tencent.android.qqdownloader-1/libyyb_uninstall.so 0x422441d0
05-22 14:24:25.476 D/dalvikvm( 1345): Added shared lib /data/app-lib/com.tencent.android.qqdownloader-1/libyyb_uninstall.so 0x422441d0
05-22 14:24:25.476 D/dalvikvm( 1345): No JNI_OnLoad found in /data/app-lib/com.tencent.android.qqdownloader-1/libyyb_uninstall.so 0x422441d0, skipping init
05-22 14:24:25.523 I/RootJni ( 1410): su: permission denied
05-22 14:24:25.570 I/RecoverySystem(  375): No recovery log file
05-22 14:24:25.585 I/BootReceiver(  375): Copying /proc/last_kmsg to DropBox (SYSTEM_LAST_KMSG)
05-22 14:24:25.601 D/AlertReceiver( 1329): onReceive: a=android.intent.action.BOOT_COMPLETED Intent { act=android.intent.action.BOOT_COMPLETED flg=0x10 cmp=com.google.android.calendar/com.android.calendar.alerts.AlertReceiver (has extras) }
05-22 14:24:25.632 D/AlertService( 1329): 0 Action = android.intent.action.BOOT_COMPLETED
05-22 14:24:25.656 D/AlertService( 1329): Scheduling next alarm with AlarmScheduler. sEventReminderReceived: null
05-22 14:24:25.671 I/BootReceiver(  375): Copying audit failures to DropBox
05-22 14:24:25.702 I/ActivityManager(  375): Start proc com.google.android.configupdater for broadcast com.google.android.configupdater/.CertPin.CertPinUpdateRequestReceiver: pid=1439 uid=10010 gids={50010, 3003, 2001, 1028}
05-22 14:24:25.702 I/BootReceiver(  375): Copied 0 worth of audits to DropBox
05-22 14:24:25.718 I/BootReceiver(  375): Copying /data/tombstones/tombstone_05 to DropBox (SYSTEM_TOMBSTONE)
05-22 14:24:25.812 D/dalvikvm(  375): GC_FOR_ALLOC freed 1330K, 12% free 15448K/17396K, paused 90ms, total 91ms
05-22 14:24:25.882 D/AlarmScheduler( 1329): No events found starting within 1 week.
05-22 14:24:25.968 E/UpdateRequestReceiver( 1439): ignoring update request
05-22 14:24:25.999 E/UpdateRequestReceiver( 1439): ignoring update request
05-22 14:24:26.023 E/UpdateRequestReceiver( 1439): ignoring update request
05-22 14:24:26.038 E/UpdateRequestReceiver( 1439): ignoring update request
05-22 14:24:26.062 E/UpdateRequestReceiver( 1439): ignoring update request
05-22 14:24:26.077 D/dalvikvm( 1150): GC_CONCURRENT freed 572K, 5% free 14033K/14648K, paused 7ms+22ms, total 114ms
05-22 14:24:26.085 V/AlarmClock( 1366): No next alarm
05-22 14:24:26.085 V/AlarmClock( 1366): Setting next alarm string in system to null
05-22 14:24:26.101 V/AlarmClock( 1366): AlarmInitReceiver - Reset timers and clear stopwatch data
05-22 14:24:26.156 V/AlarmClock( 1366): No next alarm
05-22 14:24:26.156 V/AlarmClock( 1366): Setting next alarm string in system to null
05-22 14:24:26.156 V/AlarmClock( 1366): AlarmInitReceiver finished
05-22 14:24:26.195 I/ActivityManager(  375): Start proc com.google.android.email for broadcast com.google.android.email/com.android.email.service.EmailBroadcastReceiver: pid=1466 uid=10016 gids={50016, 3003, 1015, 1028}
05-22 14:24:26.398 D/uninstall( 1345): uninstall process fork success, pid = 1478
05-22 14:24:26.421 D/dalvikvm( 1024): GC_CONCURRENT freed 236K, 3% free 9028K/9304K, paused 24ms+23ms, total 237ms
05-22 14:24:26.445 I/CalendarProvider2( 1380): Sending notification intent: Intent { act=android.intent.action.PROVIDER_CHANGED dat=content://com.android.calendar }
05-22 14:24:26.452 W/ContentResolver( 1380): Failed to get type for: content://com.android.calendar (Unknown URL content://com.android.calendar)
05-22 14:24:26.531 I/ActivityManager(  375): Start proc com.google.android.exchange for service com.google.android.exchange/com.android.exchange.ExchangeService: pid=1484 uid=10017 gids={50017, 3003, 1015, 1028}
05-22 14:24:26.679 I/ActivityManager(  375): No longer want com.google.android.apps.maps (pid 560): empty #17
05-22 14:24:26.781 D/Eas Debug( 1484): Logging: 
05-22 14:24:26.781 D/ExchangeService( 1484): !!! EAS ExchangeService, onCreate
05-22 14:24:26.796 I/ActivityManager(  375): Start proc com.google.android.gm for broadcast com.google.android.gm/.GoogleMailDeviceStartupReceiver: pid=1506 uid=10021 gids={50021, 3003, 1015, 1028}
05-22 14:24:26.812 D/ExchangeService( 1484): !!! EAS ExchangeService, onStartCommand, startingUp = false, running = false
05-22 14:24:26.820 D/ExchangeService( 1484): !!! EAS ExchangeService, onStartCommand, startingUp = true, running = false
05-22 14:24:26.937 D/ExchangeService( 1484): !!! EAS ExchangeService, onStartCommand, startingUp = true, running = false
05-22 14:24:26.945 D/ExchangeService( 1484): Received deviceId from Email app: androidc2130646576
05-22 14:24:26.945 D/ExchangeService( 1484): Reconciling accounts...
05-22 14:24:26.991 E/SQLiteLog( 1466): (1) no such table: Account
05-22 14:24:26.999 D/Eas Debug( 1484): Logging: 
05-22 14:24:26.999 W/EmailProvider( 1466): Exception cleaning EmailProvider.dbandroid.database.sqlite.SQLiteException: no such table: Account (code 1): , while compiling: delete from Account WHERE displayName ISNULL;
05-22 14:24:27.171 D/ActivityThread( 1506): Loading provider com.android.gmail.ui: com.google.android.gm.provider.UiProvider
05-22 14:24:27.281 E/Gmail   ( 1506): Google play services not available: 3
05-22 14:24:27.343 D/dalvikvm( 1506): GC_CONCURRENT freed 259K, 4% free 9061K/9360K, paused 21ms+10ms, total 108ms
05-22 14:24:27.445 I/ActivityManager(  375): Start proc com.google.android.gsf.login for service com.google.android.gsf.login/com.google.android.gsf.loginservice.GoogleLoginService: pid=1535 uid=10009 gids={50009, 3003, 1007, 1028, 1015, 1006, 2001, 3006}
05-22 14:24:27.484 I/ActivityManager(  375): Start proc com.google.android.onetimeinitializer for broadcast com.google.android.onetimeinitializer/.OneTimeInitializerReceiver: pid=1546 uid=10026 gids={50026, 1028}
05-22 14:24:27.632 V/OneTimeInitializerReceiver( 1546): OneTimeInitializerReceiver.onReceive
05-22 14:24:27.671 V/OneTimeService( 1546): OneTimeService.onHandleIntent
05-22 14:24:27.796 I/ActivityManager(  375): No longer want com.qihoo.daemon (pid 838): empty #17
05-22 14:24:27.812 I/ActivityManager(  375): No longer want com.google.android.browser (pid 906): empty #17
05-22 14:24:27.859 I/ActivityManager(  375): Config changes=1401 {1.0 999mcc?mnc en_US ldltr sw360dp w360dp h567dp 320dpi nrml port finger -keyb/v/h -nav/h s.6}
05-22 14:24:27.937 D/PhoneStatusBar(  450): mSettingsPanelGravity = 55
05-22 14:24:28.046 I/LauncherIconVisibilityManager(  527): Boot has been completed
05-22 14:24:28.046 I/LauncherIconVisibilityManager(  527): Activity has already been disabled: ComponentInfo{com.google.android.inputmethod.latin/com.android.inputmethod.latin.setup.SetupActivity}
05-22 14:24:28.070 I/SystemUpdateService(  621): cancelUpdate (empty URL)
05-22 14:24:28.109 E/AppsCustomizePagedView( 1150): Widget ComponentInfo{com.pekall.emdm.launcher/com.pekall.emdm.messagecenter.view.PushMessageWidget} has invalid dimensions (480, 0)
05-22 14:24:28.148 I/RlzPingService(  989): Setting next ping for 1401162192543
05-22 14:24:28.171 D/Launcher.Model( 1150): DbDebug    Modify item (Maps) in db, id: 7 (5, 0, 0, 0) --> (5, 0, 0, 0)
05-22 14:24:28.171 D/Launcher.Model( 1150): DbDebug    Modify item (Gmail) in db, id: 9 (5, 0, 1, 0) --> (5, 0, 1, 0)
05-22 14:24:28.171 D/Launcher.Model( 1150): DbDebug    Modify item (Calendar) in db, id: 21 (5, 0, 0, 1) --> (5, 0, 0, 1)
05-22 14:24:28.179 D/Launcher.Model( 1150): DbDebug    Modify item (Navigation) in db, id: 23 (5, 0, 1, 1) --> (5, 0, 1, 1)
05-22 14:24:28.179 D/MtpService( 1024): updating state; isCurrentUser=true, mMtpLocked=false
05-22 14:24:28.241 D/dalvikvm( 1240): GC_CONCURRENT freed 206K, 3% free 9046K/9292K, paused 2ms+1ms, total 41ms
05-22 14:24:28.265 D/Launcher.Model( 1150): Reload apps on config change. curr_mcc:999 prevmcc:0
05-22 14:24:28.273 I/ActivityManager(  375): Start proc com.android.onetimeinitializer for broadcast com.android.onetimeinitializer/.OneTimeInitializerReceiver: pid=1591 uid=10044 gids={50044, 1028}
05-22 14:24:28.296 D/Mms:app ( 1240): cancelNotification
05-22 14:24:28.312 D/dalvikvm(  125): GC_EXPLICIT freed 40K, 1% free 8863K/8944K, paused 1ms+2ms, total 34ms
05-22 14:24:28.327 D/dalvikvm(  125): GC_EXPLICIT freed <1K, 1% free 8863K/8944K, paused 1ms+2ms, total 19ms
05-22 14:24:28.351 D/dalvikvm(  125): GC_EXPLICIT freed <1K, 1% free 8863K/8944K, paused 1ms+2ms, total 22ms
05-22 14:24:28.351 D/ConnectivityService(  375): handleInetConditionHoldEnd: net=1, condition=100, published condition=0
05-22 14:24:28.468 D/dalvikvm( 1150): GC_CONCURRENT freed 1273K, 9% free 14450K/15764K, paused 2ms+3ms, total 35ms
05-22 14:24:28.468 D/dalvikvm( 1150): WAIT_FOR_CONCURRENT_GC blocked 18ms
05-22 14:24:28.468 I/SystemUpdateService(  621): cancelUpdate (empty URL)
05-22 14:24:28.491 D/dalvikvm(  375): GC_EXPLICIT freed 531K, 11% free 15492K/17396K, paused 3ms+6ms, total 115ms
05-22 14:24:28.538 V/OneTimeInitializerRece( 1591): OneTimeInitializerReceiver.onReceive
05-22 14:24:28.577 D/MmsSmsDatabaseHelper(  580): [MmsSmsDb] tableName: threads hasAutoIncrement: CREATE TABLE threads (_id INTEGER PRIMARY KEY AUTOINCREMENT,date INTEGER DEFAULT 0,message_count INTEGER DEFAULT 0,recipient_ids TEXT,snippet TEXT,snippet_cs INTEGER DEFAULT 0,read INTEGER DEFAULT 1,type INTEGER DEFAULT 0,error INTEGER DEFAULT 0,has_attachment INTEGER DEFAULT 0) result: true
05-22 14:24:28.577 D/MmsSmsDatabaseHelper(  580): [MmsSmsDb] tableName: canonical_addresses hasAutoIncrement: CREATE TABLE canonical_addresses (_id INTEGER PRIMARY KEY AUTOINCREMENT,address TEXT) result: true
05-22 14:24:28.577 D/MmsSmsDatabaseHelper(  580): [MmsSmsDb] tableName: part hasAutoIncrement: CREATE TABLE part (_id INTEGER PRIMARY KEY AUTOINCREMENT,mid INTEGER,seq INTEGER DEFAULT 0,ct TEXT,name TEXT,chset INTEGER,cd TEXT,fn TEXT,cid TEXT,cl TEXT,ctt_s INTEGER,ctt_t TEXT,_data TEXT,text TEXT) result: true
05-22 14:24:28.585 D/MmsSmsDatabaseHelper(  580): [MmsSmsDb] tableName: pdu hasAutoIncrement: CREATE TABLE pdu (_id INTEGER PRIMARY KEY AUTOINCREMENT,thread_id INTEGER,date INTEGER,date_sent INTEGER DEFAULT 0,msg_box INTEGER,read INTEGER DEFAULT 0,m_id TEXT,sub TEXT,sub_cs INTEGER,ct_t TEXT,ct_l TEXT,exp INTEGER,m_cls TEXT,m_type INTEGER,v INTEGER,m_size INTEGER,pri INTEGER,rr INTEGER,rpt_a INTEGER,resp_st INTEGER,st INTEGER,tr_id TEXT,retr_st INTEGER,retr_txt TEXT,retr_txt_cs INTEGER,read_status INTEGER,ct_cls INTEGER,resp_txt TEXT,d_tm INTEGER,d_rpt INTEGER,locked INTEGER DEFAULT 0,seen INTEGER DEFAULT 0,text_only INTEGER DEFAULT 0) result: true
05-22 14:24:28.585 D/MmsSmsDatabaseHelper(  580): [getWritableDatabase] hasAutoIncrementThreads: true hasAutoIncrementAddresses: true hasAutoIncrementPart: true hasAutoIncrementPdu: true
05-22 14:24:28.601 I/ActivityManager(  375): START u0 {act=android.intent.action.MAIN cat=[android.intent.category.HOME] flg=0x10000000 cmp=com.pekall.emdm.launcher/.Launcher} from pid 606
05-22 14:24:28.734 D/dalvikvm(  375): GC_FOR_ALLOC freed 81K, 9% free 15846K/17396K, paused 60ms, total 60ms
05-22 14:24:28.734 I/dalvikvm-heap(  375): Grow heap (frag case) to 15.876MB for 380496-byte allocation
05-22 14:24:28.788 D/dalvikvm(  375): GC_FOR_ALLOC freed 1K, 9% free 16216K/17768K, paused 53ms, total 53ms
05-22 14:24:28.843 D/dalvikvm(  375): GC_FOR_ALLOC freed 374K, 11% free 15846K/17768K, paused 52ms, total 53ms
05-22 14:24:28.851 I/WindowManager(  375): Screen frozen for +987ms due to Window{4268ab38 u0 com.android.launcher/com.android.launcher2.Launcher}
05-22 14:24:28.866 D/HomeLoaders(  606): aborting loaders
05-22 14:24:28.890 I/Email   ( 1466): ReconcilePopImapAccountsSync: start
05-22 14:24:28.937 D/dalvikvm( 1466): GC_CONCURRENT freed 226K, 3% free 9100K/9364K, paused 3ms+14ms, total 55ms
05-22 14:24:28.945 D/ExchangeService( 1484): !!! EAS ExchangeService, onStartCommand, startingUp = true, running = false
05-22 14:24:28.984 D/AttachmentService( 1466): Count: 0
05-22 14:24:28.999 I/Email   ( 1466): ReconcilePopImapAccountsSync: already running
05-22 14:24:28.999 D/AttachmentService( 1466): *** All done; shutting down service
05-22 14:24:29.023 D/AttachmentService( 1466): Count: 0
05-22 14:24:29.031 D/AttachmentService( 1466): *** All done; shutting down service
05-22 14:24:29.038 I/Email   ( 1466): ReconcilePopImapAccountsSync: already running
05-22 14:24:29.085 I/ActivityManager(  375): No longer want com.android.settings (pid 777): empty #17
05-22 14:24:29.116 D/dalvikvm(  606): JIT unchain all for threadid=11
05-22 14:24:29.163 I/Launcher( 1150): Deferring update until onResume
05-22 14:24:29.171 I/Launcher( 1150): Deferring update until onResume
05-22 14:24:29.171 I/Launcher( 1150): Deferring update until onResume
05-22 14:24:29.171 I/Launcher( 1150): Deferring update until onResume
05-22 14:24:29.171 I/Launcher( 1150): Deferring update until onResume
05-22 14:24:29.171 I/Launcher( 1150): Deferring update until onResume
05-22 14:24:29.171 I/Launcher( 1150): Deferring update until onResume
05-22 14:24:29.218 I/Email   ( 1466): ReconcilePopImapAccountsSync: already running
05-22 14:24:29.234 D/Mms:app ( 1240): cancelNotification
05-22 14:24:29.257 I/ActivityManager(  375): No longer want com.nd.assistance (pid 1010): empty #17
05-22 14:24:29.351 I/Email   ( 1466): ReconcilePopImapAccountsSync: already running
05-22 14:24:29.374 I/ActivityManager(  375): No longer want com.google.android.gallery3d (pid 1175): empty #17
05-22 14:24:29.382 I/Email   ( 1466): ReconcilePopImapAccountsSync: already running
05-22 14:24:29.398 D/dalvikvm(  606): JIT unchain all for threadid=11
05-22 14:24:29.406 D/dalvikvm(  606): GC_EXPLICIT freed 3552K, 26% free 15630K/20908K, paused 256ms+259ms, total 545ms
05-22 14:24:29.452 D/dalvikvm( 1615): Late-enabling CheckJNI
05-22 14:24:29.468 I/ActivityManager(  375): Start proc com.pekall.emdm.launcher:remote for service com.pekall.emdm.launcher/com.baidu.location.f: pid=1615 uid=10066 gids={50066, 1015, 3002, 3001, 3003, 1028}
05-22 14:24:29.476 D/MDM :   (  606): [null:-1]->width 104
05-22 14:24:29.476 D/MDM :   (  606): [null:-1]->height 104
05-22 14:24:29.476 D/MDM :   (  606): [null:-1]->scale 0.5
05-22 14:24:29.476 D/MDM :   (  606): [null:-1]->tint false
05-22 14:24:29.491 D/MDM :   (  606): [null:-1]->width 104
05-22 14:24:29.491 D/MDM :   (  606): [null:-1]->height 104
05-22 14:24:29.491 D/MDM :   (  606): [null:-1]->scale 0.5
05-22 14:24:29.491 D/MDM :   (  606): [null:-1]->tint false
05-22 14:24:29.499 D/MDM :   (  606): [null:-1]->icon instanceof BitmapDrawable
05-22 14:24:29.499 D/MDM :   (  606): [null:-1]->  iconWidth 87
05-22 14:24:29.499 D/MDM :   (  606): [null:-1]->  iconHeight 87
05-22 14:24:29.499 D/MDM :   (  606): [null:-1]->  107 87
05-22 14:24:29.499 D/MDM :   (  606): [null:-1]->width 104
05-22 14:24:29.499 D/MDM :   (  606): [null:-1]->height 104
05-22 14:24:29.499 D/MDM :   (  606): [null:-1]->scale 1.0
05-22 14:24:29.499 D/MDM :   (  606): [null:-1]->tint false
05-22 14:24:29.499 D/MDM :   (  606): [null:-1]->width 104
05-22 14:24:29.499 D/MDM :   (  606): [null:-1]->height 104
05-22 14:24:29.515 D/MDM :   (  606): [null:-1]->scale 1.0
05-22 14:24:29.515 D/MDM :   (  606): [null:-1]->tint false
05-22 14:24:29.515 D/MDM :   (  606): [null:-1]->icon instanceof BitmapDrawable
05-22 14:24:29.515 D/MDM :   (  606): [null:-1]->  iconWidth 87
05-22 14:24:29.515 D/MDM :   (  606): [null:-1]->  iconHeight 87
05-22 14:24:29.515 D/MDM :   (  606): [null:-1]->  107 87
05-22 14:24:29.523 D/MDM :   (  606): [null:-1]->width 104
05-22 14:24:29.523 D/MDM :   (  606): [null:-1]->height 104
05-22 14:24:29.523 D/MDM :   (  606): [null:-1]->scale 1.0
05-22 14:24:29.523 D/MDM :   (  606): [null:-1]->tint false
05-22 14:24:29.523 D/MDM :   (  606): [null:-1]->width 104
05-22 14:24:29.523 D/MDM :   (  606): [null:-1]->height 104
05-22 14:24:29.523 D/MDM :   (  606): [null:-1]->scale 1.0
05-22 14:24:29.523 D/MDM :   (  606): [null:-1]->tint false
05-22 14:24:29.523 D/MDM :   (  606): [null:-1]->icon instanceof BitmapDrawable
05-22 14:24:29.523 D/MDM :   (  606): [null:-1]->  iconWidth 87
05-22 14:24:29.523 D/MDM :   (  606): [null:-1]->  iconHeight 87
05-22 14:24:29.523 D/MDM :   (  606): [null:-1]->  107 87
05-22 14:24:29.523 D/MDM :   (  606): [null:-1]->width 104
05-22 14:24:29.538 D/MDM :   (  606): [null:-1]->height 104
05-22 14:24:29.538 D/MDM :   (  606): [null:-1]->scale 1.0
05-22 14:24:29.538 D/MDM :   (  606): [null:-1]->tint false
05-22 14:24:29.546 D/ScClassLoader( 1615): >> SOURCE FILE: /data/data/com.pekall.emdm.launcher/app_jars/sc-jdk15on-1.47.0.2.dex.jar
05-22 14:24:29.546 V/MyServiceConnection( 1615): [SConnection] sandbox service is NOT installed.
05-22 14:24:29.546 V/MyServiceConnection( 1615): [SConnection] binding service: pekall.intent.action.SANDBOX_SERVICE
05-22 14:24:29.562 D/Email   ( 1615): Email: init sandbox at the beginning.
05-22 14:24:29.562 V/MyServiceConnection( 1615): [SConnection] retry to bind service
05-22 14:24:29.562 V/MyServiceConnection( 1615): [SConnection] sandbox service is NOT installed.
05-22 14:24:29.562 V/MyServiceConnection( 1615): [SConnection] binding service: pekall.intent.action.SANDBOX_SERVICE
05-22 14:24:29.570 V/MyServiceConnection( 1615): [SConnection] retry to bind service
05-22 14:24:29.570 V/MyServiceConnection( 1615): [SConnection] sandbox service is NOT installed.
05-22 14:24:29.570 V/MyServiceConnection( 1615): [SConnection] binding service: pekall.intent.action.SANDBOX_SERVICE
05-22 14:24:29.585 V/l       ( 1615): Bind requested for task setLogging
05-22 14:24:29.601 D/dalvikvm( 1615): GC_CONCURRENT freed 150K, 2% free 9225K/9412K, paused 3ms+3ms, total 32ms
05-22 14:24:29.601 D/dalvikvm( 1615): WAIT_FOR_CONCURRENT_GC blocked 17ms
05-22 14:24:29.601 D/dalvikvm( 1615): WAIT_FOR_CONCURRENT_GC blocked 13ms
05-22 14:24:29.609 D/ActivityThread( 1615): Loading provider com.pekall.semail.provider;com.pekall.semail.notifier: com.pekall.semail.provider.EmailProvider
05-22 14:24:29.702 D/dalvikvm( 1615): GC_CONCURRENT freed 223K, 3% free 9516K/9776K, paused 33ms+2ms, total 65ms
05-22 14:24:29.702 D/dalvikvm( 1615): WAIT_FOR_CONCURRENT_GC blocked 5ms
05-22 14:24:29.702 D/dalvikvm( 1615): WAIT_FOR_CONCURRENT_GC blocked 6ms
05-22 14:24:29.702 D/dalvikvm( 1615): WAIT_FOR_CONCURRENT_GC blocked 7ms
05-22 14:24:29.710 D/dalvikvm( 1615): WAIT_FOR_CONCURRENT_GC blocked 11ms
05-22 14:24:29.710 D/dalvikvm( 1615): WAIT_FOR_CONCURRENT_GC blocked 11ms
05-22 14:24:29.710 D/dalvikvm( 1615): WAIT_FOR_CONCURRENT_GC blocked 11ms
05-22 14:24:29.788 D/dalvikvm(  606): JIT unchain all for threadid=11
05-22 14:24:29.804 W/DocumentManager( 1615): Sandbox service is not connected.
05-22 14:24:29.804 D/MessageControllerImpl( 1615): controller is null
05-22 14:24:29.804 V/MyServiceConnection( 1615): [SConnection] retry to bind service
05-22 14:24:29.804 V/MyServiceConnection( 1615): [SConnection] sandbox service is NOT installed.
05-22 14:24:29.804 V/MyServiceConnection( 1615): [SConnection] binding service: pekall.intent.action.SANDBOX_SERVICE
05-22 14:24:29.812 W/SQLiteOpenHelper( 1615): Opened /data/data/com.pekall.emdm.launcher/databases/message.db
05-22 14:24:29.812 W/dalvikvm( 1615): No implementation found for native Lcom/pekall/sandbox/database/sqlite/SQLiteDatabase;.native_setSqliteSoftHeapLimit:(I)V
05-22 14:24:29.812 D/AndroidRuntime( 1615): Shutting down VM
05-22 14:24:29.812 W/dalvikvm( 1615): threadid=1: thread exiting with uncaught exception (group=0x41993700)
05-22 14:24:29.812 D/        ( 1615): [---null: -1---]  Thread is main
05-22 14:24:29.812 W/System.err( 1615): java.lang.UnsatisfiedLinkError: Native method not found: com.pekall.sandbox.database.sqlite.SQLiteDatabase.native_setSqliteSoftHeapLimit:(I)V
05-22 14:24:29.812 W/System.err( 1615): 	at com.pekall.sandbox.database.sqlite.SQLiteDatabase.native_setSqliteSoftHeapLimit(Native Method)
05-22 14:24:29.812 W/System.err( 1615): 	at com.pekall.sandbox.database.sqlite.SQLiteDatabase.<init>(Unknown Source)
05-22 14:24:29.812 W/System.err( 1615): 	at com.pekall.sandbox.database.sqlite.SQLiteDatabase.openDatabase(Unknown Source)
05-22 14:24:29.812 W/System.err( 1615): 	at com.pekall.sandbox.database.sqlite.SQLiteDatabase.openDatabase(Unknown Source)
05-22 14:24:29.812 W/System.err( 1615): 	at com.pekall.sandbox.database.sqlite.SQLiteDatabase.openDatabase(Unknown Source)
05-22 14:24:29.812 W/System.err( 1615): 	at com.pekall.sandbox.database.sqlite.SQLiteOpenHelper.getWritableDatabase(Unknown Source)
05-22 14:24:29.812 W/System.err( 1615): 	at com.pekall.emdm.messagecenter.db.a.a(Unknown Source)
05-22 14:24:29.812 W/System.err( 1615): 	at com.pekall.emdm.messagecenter.db.a.b(Unknown Source)
05-22 14:24:29.812 W/System.err( 1615): 	at com.pekall.emdm.messagecenter.activity.a.onCreate(Unknown Source)
05-22 14:24:29.812 W/System.err( 1615): 	at com.pekall.emdm.launcher.LauncherApplication.onCreate(Unknown Source)
05-22 14:24:29.812 W/System.err( 1615): 	at android.app.Instrumentation.callApplicationOnCreate(Instrumentation.java:1007)
05-22 14:24:29.812 W/System.err( 1615): 	at android.app.ActivityThread.handleBindApplication(ActivityThread.java:4444)
05-22 14:24:29.812 W/System.err( 1615): 	at android.app.ActivityThread.access$1300(ActivityThread.java:141)
05-22 14:24:29.812 W/System.err( 1615): 	at android.app.ActivityThread$H.handleMessage(ActivityThread.java:1316)
05-22 14:24:29.812 W/System.err( 1615): 	at android.os.Handler.dispatchMessage(Handler.java:99)
05-22 14:24:29.812 W/System.err( 1615): 	at android.os.Looper.loop(Looper.java:137)
05-22 14:24:29.812 W/System.err( 1615): 	at android.app.ActivityThread.main(ActivityThread.java:5103)
05-22 14:24:29.812 W/System.err( 1615): 	at java.lang.reflect.Method.invokeNative(Native Method)
05-22 14:24:29.812 W/System.err( 1615): 	at java.lang.reflect.Method.invoke(Method.java:525)
05-22 14:24:29.812 W/System.err( 1615): 	at com.android.internal.os.ZygoteInit$MethodAndArgsCaller.run(ZygoteInit.java:737)
05-22 14:24:29.812 W/System.err( 1615): 	at com.android.internal.os.ZygoteInit.main(ZygoteInit.java:553)
05-22 14:24:29.812 W/System.err( 1615): 	at dalvik.system.NativeStart.main(Native Method)
05-22 14:24:29.835 D/dalvikvm(  606): GC_FOR_ALLOC freed 925K, 24% free 16074K/20908K, paused 293ms, total 295ms
05-22 14:24:29.851 I/dalvikvm-heap(  606): Grow heap (frag case) to 19.053MB for 3415696-byte allocation
05-22 14:24:29.851 W/SSLCertificateSocketFactory( 1466): Bypassing SSL security checks at caller's request
05-22 14:24:29.937 D/ActivityThread( 1615): Loading provider com.pekall.semail.provider;com.pekall.semail.notifier: com.pekall.semail.provider.EmailProvider
05-22 14:24:30.101 D/dalvikvm(  606): JIT unchain all for threadid=11
05-22 14:24:30.124 I/Email   ( 1466): ReconcilePopImapAccountsSync: already running
05-22 14:24:30.132 I/Email   ( 1466): ReconcilePopImapAccountsSync: done
05-22 14:24:30.156 D/dalvikvm(  606): GC_FOR_ALLOC freed 6K, 20% free 19403K/24244K, paused 303ms, total 303ms
05-22 14:24:30.210 D/dalvikvm( 1615): GC_CONCURRENT freed 467K, 6% free 9433K/9940K, paused 11ms+3ms, total 59ms
05-22 14:24:30.413 D/dalvikvm(  606): JIT unchain all for threadid=11
05-22 14:24:30.445 I/Email   ( 1466): ReconcilePopImapAccountsSync: start
05-22 14:24:30.452 I/uninstall( 1083): SelfUninstallManager -> init
05-22 14:24:30.476 W/EmailProvider( 1615): restoreIfNeeded...
05-22 14:24:30.523 D/dalvikvm( 1466): GC_CONCURRENT freed 245K, 3% free 9242K/9524K, paused 3ms+2ms, total 30ms
05-22 14:24:30.531 W/EmailProvider( 1615): restoreIfNeeded: Account exists.
05-22 14:24:30.531 D/EmailProvider( 1615): Deleting orphans...
05-22 14:24:30.554 I/Email   ( 1466): ReconcilePopImapAccountsSync: done
05-22 14:24:30.562 D/EmailProvider( 1615): EmailProvider pre-caching...
05-22 14:24:30.624 D/dalvikvm( 1150): GC_FOR_ALLOC freed 672K, 9% free 14969K/16324K, paused 22ms, total 30ms
05-22 14:24:30.671 D/EmailProvider( 1615): EmailProvider ready.
05-22 14:24:30.695 D/dalvikvm(  606): JIT unchain all for threadid=11
