05-22 14:24:58.031 D/NetworkThread(  606): [null:-1]->sendHttpPost:PostRequest, url: http://192.168.10.21/rest/mdm/v1/ios/android_server, Params: [content:<?xml version="1.0" encoding="UTF-8"?>
05-22 14:24:58.031 D/NetworkThread(  606): <!DOCTYPE plist PUBLIC "-//Apple//DTD PLIST 1.0//EN" "http://www.apple.com/DTDs/PropertyList-1.0.dtd">
05-22 14:24:58.031 D/NetworkThread(  606): <plist version="1.0">
05-22 14:24:58.031 D/NetworkThread(  606): <dict>
05-22 14:24:58.031 D/NetworkThread(  606): 	<key>CommandUUID</key>
05-22 14:24:58.031 D/NetworkThread(  606): 	<string>3247dbc0-a98b-4a8b-b4ee-5746270cd9d6</string>
05-22 14:24:58.031 D/NetworkThread(  606): 	<key>Status</key>
05-22 14:24:58.031 D/NetworkThread(  606): 	<string>Acknowledged</string>
05-22 14:24:58.031 D/NetworkThread(  606): 	<key>UDID</key>
05-22 14:24:58.031 D/NetworkThread(  606): 	<string>00013fbc8ecec5b90000014622936939</string>
05-22 14:24:58.031 D/NetworkThread(  606): </dict>
05-22 14:24:58.031 D/NetworkThread(  606): </plist>], 
05-22 14:24:58.031 D/HttpClient(  606): enable apache.http debug
05-22 14:24:58.031 D/su      ( 1920): mkfifo outfile 
05-22 14:24:58.038 V/DEBUG   (  606): HTTP 0
05-22 14:24:58.054 D/su      ( 1922): mkfifo errfile 
05-22 14:24:58.077 D/su      ( 1923): mkfifo infile 
05-22 14:24:58.093 D/su      ( 1924): chmod file 
05-22 14:24:58.101 D/su      ( 1925): write file 
05-22 14:24:58.116 D/su      ( 1927): waiting for child exit 
05-22 14:24:58.327 D/dalvikvm(  606): JIT unchain all for threadid=11
05-22 14:24:58.593 D/AndroidRuntime( 1931): 
05-22 14:24:58.593 D/AndroidRuntime( 1931): >>>>>> AndroidRuntime START com.android.internal.os.RuntimeInit <<<<<<
05-22 14:24:58.593 D/AndroidRuntime( 1931): CheckJNI is OFF
05-22 14:24:58.609 D/dalvikvm( 1931): Trying to load lib libjavacore.so 0x0
05-22 14:24:58.616 D/dalvikvm( 1931): Added shared lib libjavacore.so 0x0
05-22 14:24:58.632 D/dalvikvm( 1931): Trying to load lib libnativehelper.so 0x0
05-22 14:24:58.632 D/dalvikvm( 1931): Added shared lib libnativehelper.so 0x0
05-22 14:24:58.687 D/dalvikvm(  606): JIT unchain all for threadid=11
05-22 14:24:58.749 D/dalvikvm(  606): GC_CONCURRENT freed 3769K, 27% free 20668K/28024K, paused 277ms+281ms, total 673ms
05-22 14:24:58.749 D/dalvikvm(  606): WAIT_FOR_CONCURRENT_GC blocked 33ms
05-22 14:24:58.757 D/MDM :   (  606): [null:-1]->statusCode : 200
05-22 14:24:58.757 D/MDM :   (  606): [null:-1]->statusCode : 200
05-22 14:24:58.757 V/DEBUG   (  606): HTTP 1
05-22 14:24:58.765 D/MDM :   (  606): [null:-1]->Get joson string: 
05-22 14:24:58.781 D/MdmDatabaseHelper(  606): [null:-1]->update command 3247dbc0-a98b-4a8b-b4ee-5746270cd9d6 to status executed
05-22 14:24:58.835 D/NetworkThread(  606): [null:-1]->clear mCurrentTransInfo
05-22 14:24:58.835 D/NetworkThread(  606): [null:-1]->queue is empty, thread wait...
05-22 14:24:58.866 D/MdmService(  606): [null:-1]->handleCheckInResult
05-22 14:24:58.866 D/MdmService(  606): [null:-1]->handleCheckInResult result keyIndex: 3
05-22 14:24:58.866 D/HandleCommandTask(  606): [null:-1]->execute command msg but beanBase is null
05-22 14:24:58.866 D/MdmStatusManager(  606): [null:-1]->change status to : Idle
05-22 14:24:58.906 D/AndroidRuntime( 1931): Calling main entry com.android.commands.am.Am
05-22 14:24:58.906 D/dalvikvm( 1931): Note: class Landroid/app/ActivityManagerNative; has 163 unimplemented (abstract) methods
05-22 14:24:58.984 D/dalvikvm(  375): GC_EXPLICIT freed 640K, 8% free 17245K/18568K, paused 4ms+10ms, total 108ms
05-22 14:24:59.007 D/AndroidRuntime( 1931): Shutting down VM
05-22 14:24:59.015 D/dalvikvm( 1931): GC_CONCURRENT freed 92K, 16% free 516K/612K, paused 1ms+1ms, total 4ms
05-22 14:24:59.077 D/dalvikvm( 1024): GC_CONCURRENT freed 320K, 4% free 9226K/9584K, paused 3ms+4ms, total 29ms
05-22 14:24:59.116 D/Email   ( 1466): *** synchronizeMailboxGeneric ***
05-22 14:24:59.687 D/AndroidRuntime( 1942): 
05-22 14:24:59.687 D/AndroidRuntime( 1942): >>>>>> AndroidRuntime START com.android.internal.os.RuntimeInit <<<<<<
05-22 14:24:59.687 D/AndroidRuntime( 1942): CheckJNI is OFF
05-22 14:24:59.702 D/dalvikvm( 1942): Trying to load lib libjavacore.so 0x0
05-22 14:24:59.710 D/dalvikvm( 1942): Added shared lib libjavacore.so 0x0
05-22 14:24:59.726 D/dalvikvm( 1942): Trying to load lib libnativehelper.so 0x0
05-22 14:24:59.726 D/dalvikvm( 1942): Added shared lib libnativehelper.so 0x0
05-22 14:24:59.937 I/ActivityManager(  375): No longer want com.google.android.configupdater (pid 1439): empty #17
05-22 14:24:59.999 D/AndroidRuntime( 1942): Calling main entry com.android.commands.am.Am
05-22 14:25:00.007 D/dalvikvm( 1942): Note: class Landroid/app/ActivityManagerNative; has 163 unimplemented (abstract) methods
05-22 14:25:00.148 D/AlertService( 1329): Beginning updateAlertNotification
05-22 14:25:00.163 D/AndroidRuntime( 1942): Shutting down VM
05-22 14:25:00.171 D/dalvikvm( 1942): GC_CONCURRENT freed 92K, 16% free 516K/612K, paused 0ms+0ms, total 4ms
05-22 14:25:00.226 D/dalvikvm( 1329): GC_CONCURRENT freed 306K, 4% free 8944K/9288K, paused 8ms+3ms, total 58ms
05-22 14:25:00.296 D/AlertService( 1329): No fired or scheduled alerts
05-22 14:25:00.296 D/AndroidRuntime( 1956): 
05-22 14:25:00.296 D/AndroidRuntime( 1956): >>>>>> AndroidRuntime START com.android.internal.os.RuntimeInit <<<<<<
05-22 14:25:00.296 D/AndroidRuntime( 1956): CheckJNI is OFF
05-22 14:25:00.312 D/dalvikvm( 1956): Trying to load lib libjavacore.so 0x0
05-22 14:25:00.320 D/dalvikvm( 1956): Added shared lib libjavacore.so 0x0
05-22 14:25:00.335 D/dalvikvm( 1956): Trying to load lib libnativehelper.so 0x0
05-22 14:25:00.335 D/dalvikvm( 1956): Added shared lib libnativehelper.so 0x0
05-22 14:25:00.406 W/su      ( 1926): request rejected (10074->0 /system/bin/sh)
05-22 14:25:00.413 D/su      ( 1965): child exited 
05-22 14:25:00.484 D/su      ( 1966): client exited 1 
05-22 14:25:00.499 W/System.err( 1064): com.dragon.android.pandaspace.util.jni.a: Root Not Pass
05-22 14:25:00.499 W/System.err( 1064): 	at com.dragon.android.pandaspace.util.jni.RootUtil.a(Unknown Source)
05-22 14:25:00.499 W/System.err( 1064): 	at com.dragon.android.pandaspace.util.jni.RootUtil.a(Unknown Source)
05-22 14:25:00.499 W/System.err( 1064): 	at com.dragon.android.pandaspace.a.bf.b(Unknown Source)
05-22 14:25:00.499 W/System.err( 1064): 	at com.dragon.android.pandaspace.a.bg.a(Unknown Source)
05-22 14:25:00.499 W/System.err( 1064): 	at com.dragon.android.pandaspace.a.bg.doInBackground(Unknown Source)
05-22 14:25:00.515 W/System.err( 1064): 	at android.os.AsyncTask$2.call(AsyncTask.java:287)
05-22 14:25:00.515 W/System.err( 1064): 	at java.util.concurrent.FutureTask.run(FutureTask.java:234)
05-22 14:25:00.515 W/System.err( 1064): 	at java.util.concurrent.ThreadPoolExecutor.runWorker(ThreadPoolExecutor.java:1080)
05-22 14:25:00.515 W/System.err( 1064): 	at java.util.concurrent.ThreadPoolExecutor$Worker.run(ThreadPoolExecutor.java:573)
05-22 14:25:00.515 W/System.err( 1064): 	at java.lang.Thread.run(Thread.java:841)
05-22 14:25:00.554 D/AlertService( 1329): Scheduling next alarm with AlarmScheduler. sEventReminderReceived: null
05-22 14:25:00.616 D/AndroidRuntime( 1956): Calling main entry com.qihoo360.server.SupportedCmds
05-22 14:25:00.616 D/dalvikvm( 1956): Trying to load lib /data/data/com.qihoo360.mobilesafe/files/librootjni.so 0x419bb330
05-22 14:25:00.616 D/dalvikvm( 1956): Added shared lib /data/data/com.qihoo360.mobilesafe/files/librootjni.so 0x419bb330
05-22 14:25:00.648 D/AndroidRuntime( 1956): Shutting down VM
05-22 14:25:00.656 D/dalvikvm( 1956): GC_CONCURRENT freed 92K, 17% free 466K/560K, paused 0ms+1ms, total 4ms
05-22 14:25:00.656 D/AlarmScheduler( 1329): No events found starting within 1 week.
05-22 14:25:00.804 D/Email   ( 1466): *** synchronizeMailboxGeneric ***
05-22 14:25:00.843 D/dalvikvm( 1466): GC_CONCURRENT freed 354K, 5% free 9362K/9756K, paused 3ms+8ms, total 31ms
05-22 14:25:01.163 D/AndroidRuntime( 1973): 
05-22 14:25:01.163 D/AndroidRuntime( 1973): >>>>>> AndroidRuntime START com.android.internal.os.RuntimeInit <<<<<<
05-22 14:25:01.163 D/AndroidRuntime( 1973): CheckJNI is OFF
05-22 14:25:01.171 D/dalvikvm( 1973): Trying to load lib libjavacore.so 0x0
05-22 14:25:01.179 D/dalvikvm( 1973): Added shared lib libjavacore.so 0x0
05-22 14:25:01.195 D/dalvikvm( 1973): Trying to load lib libnativehelper.so 0x0
05-22 14:25:01.195 D/dalvikvm( 1973): Added shared lib libnativehelper.so 0x0
05-22 14:25:01.226 D/dalvikvm( 1024): GC_CONCURRENT freed 342K, 4% free 9272K/9652K, paused 3ms+7ms, total 40ms
05-22 14:25:01.452 D/AndroidRuntime( 1973): Calling main entry com.qihoo360.server.SupportedCmds
05-22 14:25:01.452 D/dalvikvm( 1973): Trying to load lib /data/data/com.qihoo360.mobilesafe/files/librootjni.so 0x41c97330
05-22 14:25:01.452 D/dalvikvm( 1973): Added shared lib /data/data/com.qihoo360.mobilesafe/files/librootjni.so 0x41c97330
05-22 14:25:01.757 D/AndroidRuntime( 1985): 
05-22 14:25:01.757 D/AndroidRuntime( 1985): >>>>>> AndroidRuntime START com.android.internal.os.RuntimeInit <<<<<<
05-22 14:25:01.757 D/AndroidRuntime( 1985): CheckJNI is OFF
05-22 14:25:01.765 D/dalvikvm( 1985): Trying to load lib libjavacore.so 0x0
05-22 14:25:01.773 D/dalvikvm( 1985): Added shared lib libjavacore.so 0x0
05-22 14:25:01.788 D/dalvikvm( 1985): Trying to load lib libnativehelper.so 0x0
05-22 14:25:01.788 D/dalvikvm( 1985): Added shared lib libnativehelper.so 0x0
05-22 14:25:02.046 D/AndroidRuntime( 1985): Calling main entry com.qihoo360.server.SupportedCmds
05-22 14:25:02.046 D/dalvikvm( 1985): Trying to load lib /data/data/com.qihoo360.mobilesafe/files/librootjni.so 0x41a94330
05-22 14:25:02.046 D/dalvikvm( 1985): Added shared lib /data/data/com.qihoo360.mobilesafe/files/librootjni.so 0x41a94330
05-22 14:25:02.046 D/AndroidRuntime( 1985): Shutting down VM
05-22 14:25:02.054 D/dalvikvm( 1985): GC_CONCURRENT freed 92K, 18% free 466K/564K, paused 1ms+0ms, total 4ms
05-22 14:25:02.273 I/ActivityManager(  375): No longer want com.google.android.onetimeinitializer (pid 1546): empty #17
05-22 14:25:02.507 D/AndroidRuntime( 1997): 
05-22 14:25:02.507 D/AndroidRuntime( 1997): >>>>>> AndroidRuntime START com.android.internal.os.RuntimeInit <<<<<<
05-22 14:25:02.507 D/AndroidRuntime( 1997): CheckJNI is OFF
05-22 14:25:02.531 D/dalvikvm( 1997): Trying to load lib libjavacore.so 0x0
05-22 14:25:02.538 D/dalvikvm( 1997): Added shared lib libjavacore.so 0x0
05-22 14:25:02.554 D/dalvikvm( 1997): Trying to load lib libnativehelper.so 0x0
05-22 14:25:02.554 D/dalvikvm( 1997): Added shared lib libnativehelper.so 0x0
05-22 14:25:02.648 I/ActivityManager(  375): No longer want com.google.android.gsf.login (pid 1535): empty #17
05-22 14:25:02.820 D/AndroidRuntime( 1997): Calling main entry com.qihoo360.server.SupportedCmds
05-22 14:25:02.820 D/dalvikvm( 1997): Trying to load lib /data/data/com.qihoo360.mobilesafe/files/librootjni.so 0x417a8330
05-22 14:25:02.820 D/dalvikvm( 1997): Added shared lib /data/data/com.qihoo360.mobilesafe/files/librootjni.so 0x417a8330
05-22 14:25:02.820 D/AndroidRuntime( 1997): Shutting down VM
05-22 14:25:02.820 D/dalvikvm( 1997): GC_CONCURRENT freed 92K, 17% free 466K/560K, paused 0ms+0ms, total 3ms
05-22 14:25:02.898 D/dalvikvm( 1024): GC_CONCURRENT freed 385K, 5% free 9285K/9708K, paused 2ms+4ms, total 42ms
05-22 14:25:03.163 D/dalvikvm(  375): GC_EXPLICIT freed 1143K, 12% free 16391K/18568K, paused 5ms+11ms, total 102ms
05-22 14:25:03.281 D/AndroidRuntime( 2009): 
05-22 14:25:03.281 D/AndroidRuntime( 2009): >>>>>> AndroidRuntime START com.android.internal.os.RuntimeInit <<<<<<
05-22 14:25:03.281 D/AndroidRuntime( 2009): CheckJNI is OFF
05-22 14:25:03.296 D/dalvikvm( 2009): Trying to load lib libjavacore.so 0x0
05-22 14:25:03.304 D/dalvikvm( 2009): Added shared lib libjavacore.so 0x0
05-22 14:25:03.320 D/dalvikvm( 2009): Trying to load lib libnativehelper.so 0x0
05-22 14:25:03.320 D/dalvikvm( 2009): Added shared lib libnativehelper.so 0x0
05-22 14:25:03.570 D/AndroidRuntime( 2009): Calling main entry com.qihoo360.server.SupportedCmds
05-22 14:25:03.570 D/dalvikvm( 2009): Trying to load lib /data/data/com.qihoo360.mobilesafe/files/librootjni.so 0x418ff330
05-22 14:25:03.570 D/dalvikvm( 2009): Added shared lib /data/data/com.qihoo360.mobilesafe/files/librootjni.so 0x418ff330
05-22 14:25:03.570 D/AndroidRuntime( 2009): Shutting down VM
05-22 14:25:03.577 D/dalvikvm( 2009): GC_CONCURRENT freed 92K, 18% free 466K/564K, paused 0ms+0ms, total 3ms
05-22 14:25:03.616 D/dalvikvm( 1024): GC_CONCURRENT freed 390K, 5% free 9286K/9716K, paused 3ms+4ms, total 30ms
05-22 14:25:04.038 D/AndroidRuntime( 2021): 
05-22 14:25:04.038 D/AndroidRuntime( 2021): >>>>>> AndroidRuntime START com.android.internal.os.RuntimeInit <<<<<<
05-22 14:25:04.038 D/AndroidRuntime( 2021): CheckJNI is OFF
05-22 14:25:04.054 D/dalvikvm( 2021): Trying to load lib libjavacore.so 0x0
05-22 14:25:04.054 D/dalvikvm( 2021): Added shared lib libjavacore.so 0x0
05-22 14:25:04.070 D/dalvikvm( 2021): Trying to load lib libnativehelper.so 0x0
05-22 14:25:04.070 D/dalvikvm( 2021): Added shared lib libnativehelper.so 0x0
05-22 14:25:04.101 D/dalvikvm( 1024): GC_CONCURRENT freed 454K, 6% free 9240K/9732K, paused 4ms+14ms, total 73ms
05-22 14:25:04.335 D/AndroidRuntime( 2021): Calling main entry com.qihoo360.server.SupportedCmds
05-22 14:25:04.335 D/dalvikvm( 2021): Trying to load lib /data/data/com.qihoo360.mobilesafe/files/librootjni.so 0x41878330
05-22 14:25:04.335 D/dalvikvm( 2021): Added shared lib /data/data/com.qihoo360.mobilesafe/files/librootjni.so 0x41878330
05-22 14:25:04.335 D/AndroidRuntime( 2021): Shutting down VM
05-22 14:25:04.335 I/AndroidRuntime( 2021): NOTE: attach of thread 'Binder_1' failed
05-22 14:25:04.343 D/dalvikvm( 2021): GC_CONCURRENT freed 91K, 17% free 466K/560K, paused 0ms+1ms, total 4ms
05-22 14:25:04.382 D/dalvikvm(  375): GC_EXPLICIT freed 219K, 13% free 16287K/18568K, paused 3ms+8ms, total 106ms
05-22 14:25:04.788 D/AndroidRuntime( 2032): 
05-22 14:25:04.788 D/AndroidRuntime( 2032): >>>>>> AndroidRuntime START com.android.internal.os.RuntimeInit <<<<<<
05-22 14:25:04.788 D/AndroidRuntime( 2032): CheckJNI is OFF
05-22 14:25:04.804 D/dalvikvm( 2032): Trying to load lib libjavacore.so 0x0
05-22 14:25:04.812 D/dalvikvm( 2032): Added shared lib libjavacore.so 0x0
05-22 14:25:04.827 D/dalvikvm( 2032): Trying to load lib libnativehelper.so 0x0
05-22 14:25:04.827 D/dalvikvm( 2032): Added shared lib libnativehelper.so 0x0
05-22 14:25:04.968 D/dalvikvm(  375): GC_EXPLICIT freed 116K, 13% free 16286K/18568K, paused 3ms+9ms, total 97ms
05-22 14:25:04.991 D/dalvikvm( 1024): GC_CONCURRENT freed 326K, 5% free 9314K/9732K, paused 3ms+4ms, total 150ms
05-22 14:25:05.093 D/AndroidRuntime( 2032): Calling main entry com.qihoo360.server.SupportedCmds
05-22 14:25:05.093 D/dalvikvm( 2032): Trying to load lib /data/data/com.qihoo360.mobilesafe/files/librootjni.so 0x41629330
05-22 14:25:05.093 D/dalvikvm( 2032): Added shared lib /data/data/com.qihoo360.mobilesafe/files/librootjni.so 0x41629330
05-22 14:25:05.093 D/AndroidRuntime( 2032): Shutting down VM
05-22 14:25:05.101 D/dalvikvm( 2032): GC_CONCURRENT freed 92K, 18% free 466K/564K, paused 0ms+1ms, total 3ms
05-22 14:25:05.445 D/dalvikvm(  802): GC_CONCURRENT freed 692K, 16% free 12400K/14696K, paused 16ms+4ms, total 71ms
05-22 14:25:05.445 D/dalvikvm(  802): WAIT_FOR_CONCURRENT_GC blocked 34ms
05-22 14:25:05.468 D/dalvikvm(  375): GC_EXPLICIT freed 122K, 13% free 16283K/18568K, paused 3ms+8ms, total 104ms
05-22 14:25:05.679 D/dalvikvm( 1024): GC_CONCURRENT freed 400K, 5% free 9310K/9748K, paused 6ms+4ms, total 44ms
05-22 14:25:05.687 D/dalvikvm(  802): GC_CONCURRENT freed 393K, 11% free 13209K/14696K, paused 11ms+4ms, total 90ms
05-22 14:25:05.687 D/dalvikvm(  802): WAIT_FOR_CONCURRENT_GC blocked 47ms
05-22 14:25:05.945 D/dalvikvm(  802): GC_CONCURRENT freed 414K, 4% free 14210K/14780K, paused 2ms+11ms, total 66ms
05-22 14:25:05.945 D/dalvikvm(  802): WAIT_FOR_CONCURRENT_GC blocked 55ms
05-22 14:25:06.187 D/AndroidRuntime( 2044): 
05-22 14:25:06.187 D/AndroidRuntime( 2044): >>>>>> AndroidRuntime START com.android.internal.os.RuntimeInit <<<<<<
05-22 14:25:06.187 D/AndroidRuntime( 2044): CheckJNI is OFF
05-22 14:25:06.195 D/dalvikvm(  375): GC_EXPLICIT freed 118K, 13% free 16281K/18568K, paused 3ms+10ms, total 102ms
05-22 14:25:06.210 D/dalvikvm( 2044): Trying to load lib libjavacore.so 0x0
05-22 14:25:06.218 D/dalvikvm( 2044): Added shared lib libjavacore.so 0x0
05-22 14:25:06.226 D/dalvikvm( 2044): Trying to load lib libnativehelper.so 0x0
05-22 14:25:06.226 D/dalvikvm( 2044): Added shared lib libnativehelper.so 0x0
05-22 14:25:06.484 D/AndroidRuntime( 2044): Calling main entry com.qihoo360.server.SupportedCmds
05-22 14:25:06.484 D/dalvikvm( 2044): Trying to load lib /data/data/com.qihoo360.mobilesafe/files/librootjni.so 0x4191b330
05-22 14:25:06.491 D/dalvikvm( 2044): Added shared lib /data/data/com.qihoo360.mobilesafe/files/librootjni.so 0x4191b330
05-22 14:25:06.491 D/AndroidRuntime( 2044): Shutting down VM
05-22 14:25:06.491 D/dalvikvm( 2044): GC_CONCURRENT freed 92K, 18% free 466K/564K, paused 0ms+0ms, total 4ms
05-22 14:25:06.609 D/dalvikvm( 1024): GC_CONCURRENT freed 408K, 5% free 9304K/9748K, paused 2ms+5ms, total 30ms
05-22 14:25:06.820 D/dalvikvm(  375): GC_EXPLICIT freed 114K, 13% free 16282K/18568K, paused 3ms+8ms, total 131ms
05-22 14:25:06.991 D/AndroidRuntime( 2056): 
05-22 14:25:06.991 D/AndroidRuntime( 2056): >>>>>> AndroidRuntime START com.android.internal.os.RuntimeInit <<<<<<
05-22 14:25:06.991 D/AndroidRuntime( 2056): CheckJNI is OFF
05-22 14:25:07.007 D/dalvikvm( 2056): Trying to load lib libjavacore.so 0x0
05-22 14:25:07.015 D/dalvikvm( 2056): Added shared lib libjavacore.so 0x0
05-22 14:25:07.031 D/dalvikvm( 2056): Trying to load lib libnativehelper.so 0x0
05-22 14:25:07.031 D/dalvikvm( 2056): Added shared lib libnativehelper.so 0x0
05-22 14:25:07.281 D/AndroidRuntime( 2056): Calling main entry com.qihoo360.server.SupportedCmds
05-22 14:25:07.281 D/dalvikvm( 2056): Trying to load lib /data/data/com.qihoo360.mobilesafe/files/librootjni.so 0x41791330
05-22 14:25:07.281 D/dalvikvm( 2056): Added shared lib /data/data/com.qihoo360.mobilesafe/files/librootjni.so 0x41791330
05-22 14:25:07.281 D/AndroidRuntime( 2056): Shutting down VM
05-22 14:25:07.281 D/dalvikvm( 2056): GC_CONCURRENT freed 92K, 17% free 466K/560K, paused 0ms+0ms, total 4ms
05-22 14:25:07.288 I/AndroidRuntime( 2056): NOTE: attach of thread 'Binder_2' failed
05-22 14:25:07.398 D/dalvikvm(  375): GC_EXPLICIT freed 115K, 13% free 16282K/18568K, paused 3ms+8ms, total 88ms
05-22 14:25:07.476 D/dalvikvm( 1024): GC_CONCURRENT freed 398K, 5% free 9320K/9748K, paused 3ms+4ms, total 59ms
05-22 14:25:07.741 D/AndroidRuntime( 2068): 
05-22 14:25:07.741 D/AndroidRuntime( 2068): >>>>>> AndroidRuntime START com.android.internal.os.RuntimeInit <<<<<<
05-22 14:25:07.741 D/AndroidRuntime( 2068): CheckJNI is OFF
05-22 14:25:07.749 D/dalvikvm( 2068): Trying to load lib libjavacore.so 0x0
05-22 14:25:07.757 D/dalvikvm( 2068): Added shared lib libjavacore.so 0x0
05-22 14:25:07.773 D/dalvikvm( 2068): Trying to load lib libnativehelper.so 0x0
05-22 14:25:07.773 D/dalvikvm( 2068): Added shared lib libnativehelper.so 0x0
05-22 14:25:08.038 D/AndroidRuntime( 2068): Calling main entry com.qihoo360.server.SupportedCmds
05-22 14:25:08.038 D/dalvikvm( 2068): Trying to load lib /data/data/com.qihoo360.mobilesafe/files/librootjni.so 0x4161a330
05-22 14:25:08.038 D/dalvikvm( 2068): Added shared lib /data/data/com.qihoo360.mobilesafe/files/librootjni.so 0x4161a330
05-22 14:25:08.038 D/dalvikvm(  375): GC_EXPLICIT freed 116K, 13% free 16281K/18568K, paused 4ms+11ms, total 115ms
05-22 14:25:08.038 D/AndroidRuntime( 2068): Shutting down VM
05-22 14:25:08.046 D/dalvikvm( 2068): GC_CONCURRENT freed 92K, 17% free 466K/560K, paused 1ms+0ms, total 4ms
05-22 14:25:08.046 I/AndroidRuntime( 2068): NOTE: attach of thread 'Binder_1' failed
05-22 14:25:08.218 D/dalvikvm( 1024): GC_CONCURRENT freed 409K, 5% free 9304K/9752K, paused 3ms+4ms, total 39ms
05-22 14:25:08.491 D/AndroidRuntime( 2079): 
05-22 14:25:08.491 D/AndroidRuntime( 2079): >>>>>> AndroidRuntime START com.android.internal.os.RuntimeInit <<<<<<
05-22 14:25:08.499 D/AndroidRuntime( 2079): CheckJNI is OFF
05-22 14:25:08.507 D/dalvikvm( 2079): Trying to load lib libjavacore.so 0x0
05-22 14:25:08.515 D/dalvikvm( 2079): Added shared lib libjavacore.so 0x0
05-22 14:25:08.531 D/dalvikvm( 2079): Trying to load lib libnativehelper.so 0x0
05-22 14:25:08.531 D/dalvikvm( 2079): Added shared lib libnativehelper.so 0x0
05-22 14:25:08.616 D/dalvikvm(  375): GC_EXPLICIT freed 115K, 13% free 16282K/18568K, paused 3ms+8ms, total 98ms
05-22 14:25:08.812 D/AndroidRuntime( 2079): Calling main entry com.qihoo360.server.SupportedCmds
05-22 14:25:08.812 D/dalvikvm( 2079): Trying to load lib /data/data/com.qihoo360.mobilesafe/files/librootjni.so 0x4171c330
05-22 14:25:08.812 D/dalvikvm( 2079): Added shared lib /data/data/com.qihoo360.mobilesafe/files/librootjni.so 0x4171c330
05-22 14:25:08.812 D/AndroidRuntime( 2079): Shutting down VM
05-22 14:25:08.812 D/dalvikvm( 2079): GC_CONCURRENT freed 92K, 18% free 466K/564K, paused 0ms+1ms, total 3ms
05-22 14:25:08.976 D/dalvikvm( 1024): GC_CONCURRENT freed 397K, 5% free 9296K/9752K, paused 3ms+4ms, total 29ms
05-22 14:25:09.234 D/dalvikvm(  375): GC_EXPLICIT freed 115K, 13% free 16282K/18568K, paused 4ms+9ms, total 99ms
05-22 14:25:09.281 D/AndroidRuntime( 2091): 
05-22 14:25:09.281 D/AndroidRuntime( 2091): >>>>>> AndroidRuntime START com.android.internal.os.RuntimeInit <<<<<<
05-22 14:25:09.281 D/AndroidRuntime( 2091): CheckJNI is OFF
05-22 14:25:09.288 D/dalvikvm( 2091): Trying to load lib libjavacore.so 0x0
05-22 14:25:09.296 D/dalvikvm( 2091): Added shared lib libjavacore.so 0x0
05-22 14:25:09.312 D/dalvikvm( 2091): Trying to load lib libnativehelper.so 0x0
05-22 14:25:09.312 D/dalvikvm( 2091): Added shared lib libnativehelper.so 0x0
05-22 14:25:09.562 D/AndroidRuntime( 2091): Calling main entry com.qihoo360.server.SupportedCmds
05-22 14:25:09.562 D/dalvikvm( 2091): Trying to load lib /data/data/com.qihoo360.mobilesafe/files/librootjni.so 0x417ec330
05-22 14:25:09.562 D/dalvikvm( 2091): Added shared lib /data/data/com.qihoo360.mobilesafe/files/librootjni.so 0x417ec330
05-22 14:25:09.562 D/AndroidRuntime( 2091): Shutting down VM
05-22 14:25:09.570 D/dalvikvm( 2091): GC_CONCURRENT freed 92K, 18% free 466K/564K, paused 1ms+0ms, total 4ms
05-22 14:25:10.023 D/AndroidRuntime( 2103): 
05-22 14:25:10.023 D/AndroidRuntime( 2103): >>>>>> AndroidRuntime START com.android.internal.os.RuntimeInit <<<<<<
05-22 14:25:10.023 D/AndroidRuntime( 2103): CheckJNI is OFF
05-22 14:25:10.038 D/dalvikvm( 2103): Trying to load lib libjavacore.so 0x0
05-22 14:25:10.046 D/dalvikvm( 2103): Added shared lib libjavacore.so 0x0
05-22 14:25:10.062 D/dalvikvm( 2103): Trying to load lib libnativehelper.so 0x0
05-22 14:25:10.062 D/dalvikvm( 2103): Added shared lib libnativehelper.so 0x0
05-22 14:25:10.312 D/AndroidRuntime( 2103): Calling main entry com.qihoo360.server.SupportedCmds
05-22 14:25:10.312 D/dalvikvm( 2103): Trying to load lib /data/data/com.qihoo360.mobilesafe/files/librootjni.so 0x417ff330
05-22 14:25:10.312 D/dalvikvm( 2103): Added shared lib /data/data/com.qihoo360.mobilesafe/files/librootjni.so 0x417ff330
05-22 14:25:10.343 D/AndroidRuntime( 2103): Shutting down VM
05-22 14:25:10.351 D/dalvikvm( 2103): GC_CONCURRENT freed 92K, 17% free 466K/560K, paused 0ms+0ms, total 3ms
05-22 14:25:10.804 D/AndroidRuntime( 2115): 
05-22 14:25:10.804 D/AndroidRuntime( 2115): >>>>>> AndroidRuntime START com.android.internal.os.RuntimeInit <<<<<<
05-22 14:25:10.804 D/AndroidRuntime( 2115): CheckJNI is OFF
05-22 14:25:10.820 D/dalvikvm( 2115): Trying to load lib libjavacore.so 0x0
05-22 14:25:10.827 D/dalvikvm( 2115): Added shared lib libjavacore.so 0x0
05-22 14:25:10.843 D/dalvikvm( 2115): Trying to load lib libnativehelper.so 0x0
05-22 14:25:10.843 D/dalvikvm( 2115): Added shared lib libnativehelper.so 0x0
05-22 14:25:11.085 D/AndroidRuntime( 2115): Calling main entry com.qihoo360.server.SupportedCmds
05-22 14:25:11.085 D/dalvikvm( 2115): Trying to load lib /data/data/com.qihoo360.mobilesafe/files/librootjni.so 0x4180d330
05-22 14:25:11.085 D/dalvikvm( 2115): Added shared lib /data/data/com.qihoo360.mobilesafe/files/librootjni.so 0x4180d330
05-22 14:25:11.116 D/AndroidRuntime( 2115): Shutting down VM
05-22 14:25:11.124 D/dalvikvm( 2115): GC_CONCURRENT freed 92K, 17% free 466K/560K, paused 1ms+0ms, total 4ms
05-22 14:25:11.624 D/AndroidRuntime( 2127): 
05-22 14:25:11.624 D/AndroidRuntime( 2127): >>>>>> AndroidRuntime START com.android.internal.os.RuntimeInit <<<<<<
05-22 14:25:11.624 D/AndroidRuntime( 2127): CheckJNI is OFF
05-22 14:25:11.632 D/dalvikvm( 2127): Trying to load lib libjavacore.so 0x0
05-22 14:25:11.640 D/dalvikvm( 2127): Added shared lib libjavacore.so 0x0
05-22 14:25:11.656 D/dalvikvm( 2127): Trying to load lib libnativehelper.so 0x0
05-22 14:25:11.656 D/dalvikvm( 2127): Added shared lib libnativehelper.so 0x0
05-22 14:25:11.906 D/AndroidRuntime( 2127): Calling main entry com.qihoo360.server.SupportedCmds
05-22 14:25:11.906 D/dalvikvm( 2127): Trying to load lib /data/data/com.qihoo360.mobilesafe/files/librootjni.so 0x419a4330
05-22 14:25:11.913 D/dalvikvm( 2127): Added shared lib /data/data/com.qihoo360.mobilesafe/files/librootjni.so 0x419a4330
05-22 14:25:12.187 D/AndroidRuntime( 2139): 
05-22 14:25:12.187 D/AndroidRuntime( 2139): >>>>>> AndroidRuntime START com.android.internal.os.RuntimeInit <<<<<<
05-22 14:25:12.187 D/AndroidRuntime( 2139): CheckJNI is OFF
05-22 14:25:12.202 D/dalvikvm( 2139): Trying to load lib libjavacore.so 0x0
05-22 14:25:12.210 D/dalvikvm( 2139): Added shared lib libjavacore.so 0x0
05-22 14:25:12.226 D/dalvikvm( 2139): Trying to load lib libnativehelper.so 0x0
05-22 14:25:12.226 D/dalvikvm( 2139): Added shared lib libnativehelper.so 0x0
05-22 14:25:12.476 D/AndroidRuntime( 2139): Calling main entry com.qihoo360.server.SupportedCmds
05-22 14:25:12.476 D/dalvikvm( 2139): Trying to load lib /data/data/com.qihoo360.mobilesafe/files/librootjni.so 0x41849330
05-22 14:25:12.476 D/dalvikvm( 2139): Added shared lib /data/data/com.qihoo360.mobilesafe/files/librootjni.so 0x41849330
05-22 14:25:12.476 D/AndroidRuntime( 2139): Shutting down VM
05-22 14:25:12.476 I/AndroidRuntime( 2139): NOTE: attach of thread 'Binder_1' failed
05-22 14:25:12.484 D/dalvikvm( 2139): GC_CONCURRENT freed 91K, 17% free 466K/560K, paused 0ms+0ms, total 4ms
05-22 14:25:12.937 D/AndroidRuntime( 2150): 
05-22 14:25:12.937 D/AndroidRuntime( 2150): >>>>>> AndroidRuntime START com.android.internal.os.RuntimeInit <<<<<<
05-22 14:25:12.937 D/AndroidRuntime( 2150): CheckJNI is OFF
05-22 14:25:12.952 D/dalvikvm( 2150): Trying to load lib libjavacore.so 0x0
05-22 14:25:12.960 D/dalvikvm( 2150): Added shared lib libjavacore.so 0x0
05-22 14:25:12.976 D/dalvikvm( 2150): Trying to load lib libnativehelper.so 0x0
05-22 14:25:12.976 D/dalvikvm( 2150): Added shared lib libnativehelper.so 0x0
05-22 14:25:13.202 D/AndroidRuntime( 2150): Calling main entry com.qihoo360.server.SupportedCmds
05-22 14:25:13.202 D/dalvikvm( 2150): Trying to load lib /data/data/com.qihoo360.mobilesafe/files/librootjni.so 0x418e8330
05-22 14:25:13.202 D/dalvikvm( 2150): Added shared lib /data/data/com.qihoo360.mobilesafe/files/librootjni.so 0x418e8330
05-22 14:25:13.202 D/AndroidRuntime( 2150): Shutting down VM
05-22 14:25:13.202 D/dalvikvm( 2150): GC_CONCURRENT freed 92K, 18% free 466K/564K, paused 0ms+1ms, total 3ms
05-22 14:25:13.656 D/AndroidRuntime( 2162): 
05-22 14:25:13.656 D/AndroidRuntime( 2162): >>>>>> AndroidRuntime START com.android.internal.os.RuntimeInit <<<<<<
05-22 14:25:13.656 D/AndroidRuntime( 2162): CheckJNI is OFF
05-22 14:25:13.671 D/dalvikvm( 2162): Trying to load lib libjavacore.so 0x0
05-22 14:25:13.679 D/dalvikvm( 2162): Added shared lib libjavacore.so 0x0
05-22 14:25:13.695 D/dalvikvm( 2162): Trying to load lib libnativehelper.so 0x0
05-22 14:25:13.695 D/dalvikvm( 2162): Added shared lib libnativehelper.so 0x0
05-22 14:25:13.937 D/AndroidRuntime( 2162): Calling main entry com.qihoo360.server.SupportedCmds
05-22 14:25:13.945 D/dalvikvm( 2162): Trying to load lib /data/data/com.qihoo360.mobilesafe/files/librootjni.so 0x41971330
05-22 14:25:13.945 D/dalvikvm( 2162): Added shared lib /data/data/com.qihoo360.mobilesafe/files/librootjni.so 0x41971330
05-22 14:25:13.945 D/AndroidRuntime( 2162): Shutting down VM
05-22 14:25:13.945 I/AndroidRuntime( 2162): NOTE: attach of thread 'Binder_2' failed
05-22 14:25:13.945 D/dalvikvm( 2162): GC_CONCURRENT freed 92K, 17% free 466K/560K, paused 0ms+0ms, total 3ms
05-22 14:25:14.366 D/dalvikvm(  802): GC_CONCURRENT freed 2018K, 14% free 13926K/16116K, paused 3ms+12ms, total 68ms
05-22 14:25:14.366 D/dalvikvm(  802): WAIT_FOR_CONCURRENT_GC blocked 58ms
05-22 14:25:14.398 D/dalvikvm( 2172): Late-enabling CheckJNI
05-22 14:25:14.421 I/ActivityManager(  375): Start proc com.pekall.emdm.launcher:remote for service com.pekall.emdm.launcher/com.baidu.location.f: pid=2172 uid=10066 gids={50066, 1015, 3002, 3001, 3003, 1028}
05-22 14:25:14.484 V/MyServiceConnection( 2172): [SConnection] sandbox service is NOT installed.
05-22 14:25:14.491 V/MyServiceConnection( 2172): [SConnection] binding service: pekall.intent.action.SANDBOX_SERVICE
05-22 14:25:14.491 D/ScClassLoader( 2172): >> SOURCE FILE: /data/data/com.pekall.emdm.launcher/app_jars/sc-jdk15on-1.47.0.2.dex.jar
05-22 14:25:14.562 D/dalvikvm( 2172): GC_CONCURRENT freed 153K, 3% free 9220K/9412K, paused 4ms+4ms, total 54ms
05-22 14:25:14.585 D/Email   ( 2172): Email: init sandbox at the beginning.
05-22 14:25:14.585 V/MyServiceConnection( 2172): [SConnection] retry to bind service
05-22 14:25:14.585 V/MyServiceConnection( 2172): [SConnection] sandbox service is NOT installed.
05-22 14:25:14.585 V/MyServiceConnection( 2172): [SConnection] binding service: pekall.intent.action.SANDBOX_SERVICE
05-22 14:25:14.624 V/MyServiceConnection( 2172): [SConnection] retry to bind service
05-22 14:25:14.624 V/MyServiceConnection( 2172): [SConnection] sandbox service is NOT installed.
05-22 14:25:14.624 V/MyServiceConnection( 2172): [SConnection] binding service: pekall.intent.action.SANDBOX_SERVICE
05-22 14:25:14.640 V/l       ( 2172): Bind requested for task setLogging
05-22 14:25:14.640 D/ExchangeService(  606): !!! EAS ExchangeService, onCreate
05-22 14:25:14.679 D/ExchangeService(  606): !!! EAS ExchangeService, onStartCommand, startingUp = false, running = false
05-22 14:25:14.679 D/ExchangeService(  606): to start secureStorageService now
05-22 14:25:14.702 V/a       (  606): Bind requested for task test
05-22 14:25:14.718 D/dalvikvm( 2172): GC_CONCURRENT freed 198K, 3% free 9544K/9768K, paused 3ms+25ms, total 72ms
05-22 14:25:14.718 D/dalvikvm( 2172): WAIT_FOR_CONCURRENT_GC blocked 32ms
05-22 14:25:14.718 D/dalvikvm( 2172): WAIT_FOR_CONCURRENT_GC blocked 2ms
05-22 14:25:14.718 D/dalvikvm( 2172): WAIT_FOR_CONCURRENT_GC blocked 1ms
05-22 14:25:14.757 V/a       (  606): Connected: com.pekall.semail.service.AccountServiceInternal
05-22 14:25:14.757 W/DocumentManager( 2172): Sandbox service is not connected.
05-22 14:25:14.757 D/MessageControllerImpl( 2172): controller is null
05-22 14:25:14.757 V/MyServiceConnection( 2172): [SConnection] retry to bind service
05-22 14:25:14.757 V/MyServiceConnection( 2172): [SConnection] sandbox service is NOT installed.
05-22 14:25:14.757 V/MyServiceConnection( 2172): [SConnection] binding service: pekall.intent.action.SANDBOX_SERVICE
05-22 14:25:14.757 W/SQLiteOpenHelper( 2172): Opened /data/data/com.pekall.emdm.launcher/databases/message.db
05-22 14:25:14.765 W/dalvikvm( 2172): No implementation found for native Lcom/pekall/sandbox/database/sqlite/SQLiteDatabase;.native_setSqliteSoftHeapLimit:(I)V
05-22 14:25:14.765 D/AndroidRuntime( 2172): Shutting down VM
05-22 14:25:14.765 W/dalvikvm( 2172): threadid=1: thread exiting with uncaught exception (group=0x41993700)
05-22 14:25:14.765 D/        ( 2172): [---null: -1---]  Thread is main
05-22 14:25:14.765 W/System.err( 2172): java.lang.UnsatisfiedLinkError: Native method not found: com.pekall.sandbox.database.sqlite.SQLiteDatabase.native_setSqliteSoftHeapLimit:(I)V
05-22 14:25:14.765 W/System.err( 2172): 	at com.pekall.sandbox.database.sqlite.SQLiteDatabase.native_setSqliteSoftHeapLimit(Native Method)
05-22 14:25:14.765 W/System.err( 2172): 	at com.pekall.sandbox.database.sqlite.SQLiteDatabase.<init>(Unknown Source)
05-22 14:25:14.765 W/System.err( 2172): 	at com.pekall.sandbox.database.sqlite.SQLiteDatabase.openDatabase(Unknown Source)
05-22 14:25:14.765 W/System.err( 2172): 	at com.pekall.sandbox.database.sqlite.SQLiteDatabase.openDatabase(Unknown Source)
05-22 14:25:14.765 W/System.err( 2172): 	at com.pekall.sandbox.database.sqlite.SQLiteDatabase.openDatabase(Unknown Source)
05-22 14:25:14.765 W/System.err( 2172): 	at com.pekall.sandbox.database.sqlite.SQLiteOpenHelper.getWritableDatabase(Unknown Source)
05-22 14:25:14.765 W/System.err( 2172): 	at com.pekall.emdm.messagecenter.db.a.a(Unknown Source)
05-22 14:25:14.765 W/System.err( 2172): 	at com.pekall.emdm.messagecenter.db.a.b(Unknown Source)
05-22 14:25:14.765 W/System.err( 2172): 	at com.pekall.emdm.messagecenter.activity.a.onCreate(Unknown Source)
05-22 14:25:14.765 W/System.err( 2172): 	at com.pekall.emdm.launcher.LauncherApplication.onCreate(Unknown Source)
05-22 14:25:14.765 W/System.err( 2172): 	at android.app.Instrumentation.callApplicationOnCreate(Instrumentation.java:1007)
05-22 14:25:14.765 W/System.err( 2172): 	at android.app.ActivityThread.handleBindApplication(ActivityThread.java:4444)
05-22 14:25:14.765 W/System.err( 2172): 	at android.app.ActivityThread.access$1300(ActivityThread.java:141)
05-22 14:25:14.765 W/System.err( 2172): 	at android.app.ActivityThread$H.handleMessage(ActivityThread.java:1316)
05-22 14:25:14.765 W/System.err( 2172): 	at android.os.Handler.dispatchMessage(Handler.java:99)
05-22 14:25:14.765 W/System.err( 2172): 	at android.os.Looper.loop(Looper.java:137)
05-22 14:25:14.765 W/System.err( 2172): 	at android.app.ActivityThread.main(ActivityThread.java:5103)
05-22 14:25:14.765 W/System.err( 2172): 	at java.lang.reflect.Method.invokeNative(Native Method)
05-22 14:25:14.765 W/System.err( 2172): 	at java.lang.reflect.Method.invoke(Method.java:525)
05-22 14:25:14.765 W/System.err( 2172): 	at com.android.internal.os.ZygoteInit$MethodAndArgsCaller.run(ZygoteInit.java:737)
05-22 14:25:14.765 W/System.err( 2172): 	at com.android.internal.os.ZygoteInit.main(ZygoteInit.java:553)
05-22 14:25:14.765 W/System.err( 2172): 	at dalvik.system.NativeStart.main(Native Method)
05-22 14:25:14.781 D/ExchangeService(  606): Reconciling accounts...
05-22 14:25:14.781 D/ActivityThread( 2172): Loading provider com.pekall.semail.provider;com.pekall.semail.notifier: com.pekall.semail.provider.EmailProvider
05-22 14:25:14.804 V/a       (  606): Bind requested for task reconcileAccounts
05-22 14:25:14.812 V/a       (  606): Connection test succeeded in 105ms
05-22 14:25:14.812 V/a       (  606): Task test completed; disconnecting
05-22 14:25:14.827 D/dalvikvm(  802): GC_CONCURRENT freed 1681K, 14% free 13957K/16116K, paused 8ms+13ms, total 127ms
05-22 14:25:14.827 D/dalvikvm(  802): WAIT_FOR_CONCURRENT_GC blocked 68ms
05-22 14:25:14.851 V/a       (  606): Connected: com.pekall.semail.service.AccountServiceInternal
05-22 14:25:14.890 V/a       (  606): Task reconcileAccounts completed; disconnecting
05-22 14:25:14.921 V/a       (  606): Waiting for task reconcileAccounts to complete...
05-22 14:25:14.945 D/ActivityThread( 2172): Loading provider com.pekall.semail.provider;com.pekall.semail.notifier: com.pekall.semail.provider.EmailProvider
05-22 14:25:15.015 D/dalvikvm( 2172): GC_CONCURRENT freed 278K, 4% free 9710K/10028K, paused 146ms+14ms, total 210ms
05-22 14:25:15.374 D/AndroidRuntime( 2207): 
05-22 14:25:15.374 D/AndroidRuntime( 2207): >>>>>> AndroidRuntime START com.android.internal.os.RuntimeInit <<<<<<
05-22 14:25:15.374 D/AndroidRuntime( 2207): CheckJNI is OFF
05-22 14:25:15.406 D/dalvikvm( 2207): Trying to load lib libjavacore.so 0x0
05-22 14:25:15.421 D/dalvikvm( 2207): Added shared lib libjavacore.so 0x0
05-22 14:25:15.452 D/dalvikvm( 2207): Trying to load lib libnativehelper.so 0x0
05-22 14:25:15.452 D/dalvikvm( 2207): Added shared lib libnativehelper.so 0x0
05-22 14:25:15.906 W/EmailProvider( 2172): restoreIfNeeded...
05-22 14:25:15.906 W/EmailProvider( 2172): restoreIfNeeded: Account exists.
05-22 14:25:15.906 D/EmailProvider( 2172): Deleting orphans...
05-22 14:25:15.968 D/AndroidRuntime( 2207): Calling main entry com.qihoo360.server.SupportedCmds
05-22 14:25:15.968 D/dalvikvm( 2207): Trying to load lib /data/data/com.qihoo360.mobilesafe/files/librootjni.so 0x419a5330
05-22 14:25:15.968 D/dalvikvm( 2207): Added shared lib /data/data/com.qihoo360.mobilesafe/files/librootjni.so 0x419a5330
05-22 14:25:15.968 D/AndroidRuntime( 2207): Shutting down VM
05-22 14:25:15.968 D/dalvikvm( 2207): GC_CONCURRENT freed 92K, 17% free 466K/560K, paused 0ms+0ms, total 3ms
05-22 14:25:15.968 I/AndroidRuntime( 2207): NOTE: attach of thread 'Binder_1' failed
05-22 14:25:16.070 D/EmailProvider( 2172): EmailProvider pre-caching...
05-22 14:25:16.679 D/AndroidRuntime( 2218): 
05-22 14:25:16.679 D/AndroidRuntime( 2218): >>>>>> AndroidRuntime START com.android.internal.os.RuntimeInit <<<<<<
05-22 14:25:16.679 D/AndroidRuntime( 2218): CheckJNI is OFF
05-22 14:25:16.710 D/dalvikvm( 2218): Trying to load lib libjavacore.so 0x0
05-22 14:25:16.710 D/dalvikvm( 2218): Added shared lib libjavacore.so 0x0
05-22 14:25:16.749 D/dalvikvm( 2218): Trying to load lib libnativehelper.so 0x0
05-22 14:25:16.749 D/dalvikvm( 2218): Added shared lib libnativehelper.so 0x0
05-22 14:25:17.296 D/AndroidRuntime( 2218): Calling main entry com.qihoo360.server.SupportedCmds
05-22 14:25:17.296 D/dalvikvm( 2218): Trying to load lib /data/data/com.qihoo360.mobilesafe/files/librootjni.so 0x418c9330
05-22 14:25:17.296 D/dalvikvm( 2218): Added shared lib /data/data/com.qihoo360.mobilesafe/files/librootjni.so 0x418c9330
05-22 14:25:17.296 D/AndroidRuntime( 2218): Shutting down VM
05-22 14:25:17.296 D/dalvikvm( 2218): GC_CONCURRENT freed 92K, 17% free 466K/560K, paused 0ms+1ms, total 4ms
05-22 14:25:17.304 I/AndroidRuntime( 2218): NOTE: attach of thread 'Binder_1' failed
05-22 14:25:17.437 D/EmailProvider( 2172): EmailProvider ready.
05-22 14:25:17.562 W/ProcessStats(  375): Skipping unknown process pid 2217
05-22 14:25:17.562 W/ProcessStats(  375): Skipping unknown process pid 2218
05-22 14:25:17.812 D/Email-MailService(  606): action: reschedule
05-22 14:25:17.827 D/AttachmentService(  606): Count: 0
05-22 14:25:17.835 D/AttachmentService(  606): == Checking attachment queue, 0 entries
05-22 14:25:17.843 D/AttachmentService(  606): *** All done; shutting down service
05-22 14:25:17.890 I/Email   ( 2172): Notifications being toggled: true
05-22 14:25:18.156 D/AndroidRuntime( 2229): 
05-22 14:25:18.156 D/AndroidRuntime( 2229): >>>>>> AndroidRuntime START com.android.internal.os.RuntimeInit <<<<<<
05-22 14:25:18.156 D/AndroidRuntime( 2229): CheckJNI is OFF
05-22 14:25:18.171 D/dalvikvm( 2229): Trying to load lib libjavacore.so 0x0
05-22 14:25:18.187 D/dalvikvm( 2229): Added shared lib libjavacore.so 0x0
05-22 14:25:18.218 D/dalvikvm( 2229): Trying to load lib libnativehelper.so 0x0
05-22 14:25:18.218 D/dalvikvm( 2229): Added shared lib libnativehelper.so 0x0
05-22 14:25:18.476 D/Email-MailService(  606): reschedule: alarm cancel - no account to check
05-22 14:25:18.601 W/Email   ( 2172): Could not load INBOX for account id: 2
05-22 14:25:18.616 I/Email   ( 2172): Observing account changes for notifications
05-22 14:25:18.687 D/AndroidRuntime( 2229): Calling main entry com.qihoo360.server.SupportedCmds
05-22 14:25:18.687 D/dalvikvm( 2229): Trying to load lib /data/data/com.qihoo360.mobilesafe/files/librootjni.so 0x41715330
05-22 14:25:18.687 D/dalvikvm( 2229): Added shared lib /data/data/com.qihoo360.mobilesafe/files/librootjni.so 0x41715330
05-22 14:25:18.687 D/AndroidRuntime( 2229): Shutting down VM
05-22 14:25:18.687 D/dalvikvm( 2229): GC_CONCURRENT freed 92K, 17% free 466K/560K, paused 0ms+0ms, total 3ms
05-22 14:25:18.695 I/AndroidRuntime( 2229): NOTE: attach of thread 'Binder_1' failed
05-22 14:25:19.382 D/AndroidRuntime( 2242): 
05-22 14:25:19.382 D/AndroidRuntime( 2242): >>>>>> AndroidRuntime START com.android.internal.os.RuntimeInit <<<<<<
05-22 14:25:19.382 D/AndroidRuntime( 2242): CheckJNI is OFF
05-22 14:25:19.413 D/dalvikvm( 2242): Trying to load lib libjavacore.so 0x0
05-22 14:25:19.429 D/dalvikvm( 2242): Added shared lib libjavacore.so 0x0
05-22 14:25:19.460 D/dalvikvm( 2242): Trying to load lib libnativehelper.so 0x0
05-22 14:25:19.460 D/dalvikvm( 2242): Added shared lib libnativehelper.so 0x0
05-22 14:25:19.898 D/AndroidRuntime( 2242): Calling main entry com.qihoo360.server.SupportedCmds
05-22 14:25:19.898 D/dalvikvm( 2242): Trying to load lib /data/data/com.qihoo360.mobilesafe/files/librootjni.so 0x41970330
05-22 14:25:19.898 D/dalvikvm( 2242): Added shared lib /data/data/com.qihoo360.mobilesafe/files/librootjni.so 0x41970330
05-22 14:25:19.898 D/AndroidRuntime( 2242): Shutting down VM
05-22 14:25:19.906 D/dalvikvm( 2242): GC_CONCURRENT freed 92K, 17% free 466K/560K, paused 0ms+1ms, total 3ms
05-22 14:25:19.906 I/AndroidRuntime( 2242): NOTE: attach of thread 'Binder_1' failed
05-22 14:25:20.593 D/AndroidRuntime( 2253): 
05-22 14:25:20.593 D/AndroidRuntime( 2253): >>>>>> AndroidRuntime START com.android.internal.os.RuntimeInit <<<<<<
05-22 14:25:20.593 D/AndroidRuntime( 2253): CheckJNI is OFF
05-22 14:25:20.624 D/dalvikvm( 2253): Trying to load lib libjavacore.so 0x0
05-22 14:25:20.640 D/dalvikvm( 2253): Added shared lib libjavacore.so 0x0
05-22 14:25:20.663 D/dalvikvm( 2253): Trying to load lib libnativehelper.so 0x0
05-22 14:25:20.663 D/dalvikvm( 2253): Added shared lib libnativehelper.so 0x0
05-22 14:25:21.031 D/AndroidRuntime( 2253): Calling main entry com.qihoo360.server.SupportedCmds
05-22 14:25:21.031 D/dalvikvm( 2253): Trying to load lib /data/data/com.qihoo360.mobilesafe/files/librootjni.so 0x41aed330
05-22 14:25:21.031 D/dalvikvm( 2253): Added shared lib /data/data/com.qihoo360.mobilesafe/files/librootjni.so 0x41aed330
05-22 14:25:21.031 D/AndroidRuntime( 2253): Shutting down VM
05-22 14:25:21.038 D/dalvikvm( 2253): GC_CONCURRENT freed 92K, 17% free 466K/560K, paused 0ms+1ms, total 3ms
05-22 14:25:21.038 I/AndroidRuntime( 2253): NOTE: attach of thread 'Binder_1' failed
05-22 14:25:21.984 D/AndroidRuntime( 2267): 
05-22 14:25:21.984 D/AndroidRuntime( 2267): >>>>>> AndroidRuntime START com.android.internal.os.RuntimeInit <<<<<<
05-22 14:25:21.984 D/AndroidRuntime( 2267): CheckJNI is OFF
05-22 14:25:22.015 D/dalvikvm( 2267): Trying to load lib libjavacore.so 0x0
05-22 14:25:22.015 D/dalvikvm( 2267): Added shared lib libjavacore.so 0x0
05-22 14:25:22.046 D/dalvikvm( 2267): Trying to load lib libnativehelper.so 0x0
05-22 14:25:22.046 D/dalvikvm( 2267): Added shared lib libnativehelper.so 0x0
05-22 14:25:22.546 D/AndroidRuntime( 2267): Calling main entry com.qihoo360.server.SupportedCmds
05-22 14:25:22.546 D/dalvikvm( 2267): Trying to load lib /data/data/com.qihoo360.mobilesafe/files/librootjni.so 0x41a41330
05-22 14:25:22.546 D/dalvikvm( 2267): Added shared lib /data/data/com.qihoo360.mobilesafe/files/librootjni.so 0x41a41330
05-22 14:25:22.702 D/dalvikvm(  802): GC_FOR_ALLOC freed 1328K, 18% free 13261K/16116K, paused 104ms, total 104ms
05-22 14:25:22.702 I/dalvikvm-heap(  802): Grow heap (frag case) to 13.169MB for 129596-byte allocation
05-22 14:25:22.804 D/dalvikvm(  802): GC_FOR_ALLOC freed 1142K, 25% free 12245K/16244K, paused 101ms, total 101ms
05-22 14:25:25.281 D/AndroidRuntime( 2280): 
05-22 14:25:25.281 D/AndroidRuntime( 2280): >>>>>> AndroidRuntime START com.android.internal.os.RuntimeInit <<<<<<
05-22 14:25:25.281 D/AndroidRuntime( 2280): CheckJNI is OFF
05-22 14:25:25.296 D/dalvikvm( 2280): Trying to load lib libjavacore.so 0x0
05-22 14:25:25.312 D/dalvikvm( 2280): Added shared lib libjavacore.so 0x0
05-22 14:25:25.343 D/dalvikvm( 2280): Trying to load lib libnativehelper.so 0x0
05-22 14:25:25.343 D/dalvikvm( 2280): Added shared lib libnativehelper.so 0x0
05-22 14:25:25.788 D/AndroidRuntime( 2280): Calling main entry com.qihoo360.server.SupportedCmds
05-22 14:25:25.788 D/dalvikvm( 2280): Trying to load lib /data/data/com.qihoo360.mobilesafe/files/librootjni.so 0x41802330
05-22 14:25:25.788 D/dalvikvm( 2280): Added shared lib /data/data/com.qihoo360.mobilesafe/files/librootjni.so 0x41802330
05-22 14:25:28.163 D/AndroidRuntime( 2292): 
05-22 14:25:28.163 D/AndroidRuntime( 2292): >>>>>> AndroidRuntime START com.android.internal.os.RuntimeInit <<<<<<
05-22 14:25:28.163 D/AndroidRuntime( 2292): CheckJNI is OFF
05-22 14:25:28.171 D/dalvikvm( 2292): Trying to load lib libjavacore.so 0x0
05-22 14:25:28.179 D/dalvikvm( 2292): Added shared lib libjavacore.so 0x0
05-22 14:25:28.195 D/dalvikvm( 2292): Trying to load lib libnativehelper.so 0x0
05-22 14:25:28.195 D/dalvikvm( 2292): Added shared lib libnativehelper.so 0x0
05-22 14:25:28.445 D/AndroidRuntime( 2292): Calling main entry com.qihoo360.server.SupportedCmds
05-22 14:25:28.445 D/dalvikvm( 2292): Trying to load lib /data/data/com.qihoo360.mobilesafe/files/librootjni.so 0x41b7b330
05-22 14:25:28.445 D/dalvikvm( 2292): Added shared lib /data/data/com.qihoo360.mobilesafe/files/librootjni.so 0x41b7b330
05-22 14:25:30.960 D/AndroidRuntime( 2304): 
05-22 14:25:30.960 D/AndroidRuntime( 2304): >>>>>> AndroidRuntime START com.android.internal.os.RuntimeInit <<<<<<
05-22 14:25:30.960 D/AndroidRuntime( 2304): CheckJNI is OFF
05-22 14:25:30.991 D/dalvikvm( 2304): Trying to load lib libjavacore.so 0x0
05-22 14:25:31.007 D/dalvikvm( 2304): Added shared lib libjavacore.so 0x0
05-22 14:25:31.038 D/dalvikvm( 2304): Trying to load lib libnativehelper.so 0x0
05-22 14:25:31.038 D/dalvikvm( 2304): Added shared lib libnativehelper.so 0x0
05-22 14:25:31.554 D/AndroidRuntime( 2304): Calling main entry com.qihoo360.server.SupportedCmds
05-22 14:25:31.554 D/dalvikvm( 2304): Trying to load lib /data/data/com.qihoo360.mobilesafe/files/librootjni.so 0x418a3330
05-22 14:25:31.554 D/dalvikvm( 2304): Added shared lib /data/data/com.qihoo360.mobilesafe/files/librootjni.so 0x418a3330
05-22 14:25:31.710 D/dalvikvm(  802): GC_CONCURRENT freed 1169K, 26% free 12118K/16244K, paused 3ms+3ms, total 95ms
05-22 14:25:31.710 D/dalvikvm(  802): WAIT_FOR_CONCURRENT_GC blocked 92ms
05-22 14:25:34.007 D/AndroidRuntime( 2316): 
05-22 14:25:34.007 D/AndroidRuntime( 2316): >>>>>> AndroidRuntime START com.android.internal.os.RuntimeInit <<<<<<
05-22 14:25:34.007 D/AndroidRuntime( 2316): CheckJNI is OFF
05-22 14:25:34.015 D/dalvikvm( 2316): Trying to load lib libjavacore.so 0x0
05-22 14:25:34.023 D/dalvikvm( 2316): Added shared lib libjavacore.so 0x0
05-22 14:25:34.038 D/dalvikvm( 2316): Trying to load lib libnativehelper.so 0x0
05-22 14:25:34.038 D/dalvikvm( 2316): Added shared lib libnativehelper.so 0x0
05-22 14:25:34.288 D/AndroidRuntime( 2316): Calling main entry com.qihoo360.server.SupportedCmds
05-22 14:25:34.288 D/dalvikvm( 2316): Trying to load lib /data/data/com.qihoo360.mobilesafe/files/librootjni.so 0x4181c330
05-22 14:25:34.288 D/dalvikvm( 2316): Added shared lib /data/data/com.qihoo360.mobilesafe/files/librootjni.so 0x4181c330
05-22 14:25:34.468 W/ActivityManager(  375): Timeout executing service: ServiceRecord{42976af0 u0 com.pekall.emdm.launcher/com.baidu.location.f}
05-22 14:25:34.491 I/Process (  375): Sending signal. PID: 2172 SIG: 3
05-22 14:25:34.491 I/dalvikvm( 2172): threadid=3: reacting to signal 3
05-22 14:25:34.695 I/Process (  375): Sending signal. PID: 375 SIG: 3
05-22 14:25:34.695 I/dalvikvm(  375): threadid=3: reacting to signal 3
05-22 14:25:34.741 D/dalvikvm( 2172): JIT unchain all for threadid=12
05-22 14:25:34.804 I/dalvikvm( 2172): Wrote stack traces to '/data/anr/traces.txt'
05-22 14:25:35.835 D/dalvikvm(  854): GC_CONCURRENT freed 259K, 4% free 9490K/9788K, paused 48ms+66ms, total 693ms
05-22 14:25:35.976 I/dalvikvm(  375): Wrote stack traces to '/data/anr/traces.txt'
05-22 14:25:36.413 D/dalvikvm(  802): GC_EXPLICIT freed 832K, 26% free 12024K/16244K, paused 2ms+4ms, total 56ms
05-22 14:25:36.515 I/Process (  375): Sending signal. PID: 450 SIG: 3
05-22 14:25:36.515 I/dalvikvm(  450): threadid=3: reacting to signal 3
05-22 14:25:36.523 I/Process (  375): Sending signal. PID: 580 SIG: 3
05-22 14:25:36.523 I/dalvikvm(  580): threadid=3: reacting to signal 3
05-22 14:25:36.577 I/dalvikvm(  580): Wrote stack traces to '/data/anr/traces.txt'
05-22 14:25:36.577 I/Process (  375): Sending signal. PID: 587 SIG: 3
05-22 14:25:36.577 I/dalvikvm(  587): threadid=3: reacting to signal 3
05-22 14:25:36.624 I/dalvikvm(  450): Wrote stack traces to '/data/anr/traces.txt'
05-22 14:25:36.663 I/dalvikvm(  587): Wrote stack traces to '/data/anr/traces.txt'
05-22 14:25:36.687 D/dalvikvm(  802): GC_EXPLICIT freed <1K, 26% free 12024K/16244K, paused 3ms+12ms, total 171ms
05-22 14:25:37.062 D/dalvikvm(  375): GC_EXPLICIT freed 1057K, 11% free 16676K/18568K, paused 4ms+8ms, total 99ms
05-22 14:25:37.648 I/Process (  375): Sending signal. PID: 606 SIG: 3
