--------- beginning of /dev/log/system
05-22 14:23:25.835 I/Vold    (  117): Vold 2.1 (the revenge) firing up
05-22 14:23:27.867 W/dalvikvm(  125): PR_SET_NO_NEW_PRIVS failed. Is your kernel compiled correctly?: Invalid argument
05-22 14:23:32.507 I/SystemServer(  375): Entered the Android system server!
05-22 14:23:32.507 I/SystemServer(  375): Waiting for installd to be ready.
05-22 14:23:32.507 I/Installer(  375): connecting...
05-22 14:23:32.507 I/SystemServer(  375): Power Manager
05-22 14:23:32.515 I/SystemServer(  375): Activity Manager
05-22 14:23:32.531 I/ActivityManager(  375): Memory class: 96
05-22 14:23:32.710 I/SystemServer(  375): Display Manager
05-22 14:23:32.718 I/SystemServer(  375): Telephony Registry
05-22 14:23:32.718 I/DisplayManagerService(  375): Display device added: DisplayDeviceInfo{"Built-in Screen": 720 x 1280, 58.981003 fps, density 320, 315.31033 x 318.7451 dpi, touch INTERNAL, FLAG_DEFAULT_DISPLAY, FLAG_ROTATES_WITH_CONTENT, FLAG_SECURE, FLAG_SUPPORTS_PROTECTED_BUFFERS, rotation 0, type BUILT_IN, address null}
05-22 14:23:32.718 I/SystemServer(  375): Scheduling Policy
05-22 14:23:32.718 I/SystemServer(  375): Package Manager
05-22 14:23:32.820 D/SELinuxMMAC(  375): Couldn't find install policy /data/system/mac_permissions.xml
05-22 14:23:32.820 D/SELinuxMMAC(  375): Using install policy file /system/etc/security/mac_permissions.xml
05-22 14:23:33.296 W/PackageParser(  375): No actions in intent filter at /system/app/Bluetooth.apk Binary XML file line #202
05-22 14:23:33.554 W/PackageParser(  375): No actions in intent filter at /system/app/Contacts.apk Binary XML file line #374
05-22 14:23:33.695 W/PackageParser(  375): No actions in intent filter at /system/app/Dialer.apk Binary XML file line #138
05-22 14:23:33.859 W/PackageParser(  375): Unknown element under <application>: permission at /system/app/GalleryGoogle.apk Binary XML file line #224
05-22 14:23:33.859 W/PackageParser(  375): Unknown element under <application>: permission at /system/app/GalleryGoogle.apk Binary XML file line #227
05-22 14:23:34.007 W/PackageParser(  375): Unknown element under <manifest>: supports-gl-texture at /system/app/GoogleEarth.apk Binary XML file line #19
05-22 14:23:35.890 W/PackageParser(  375): No actions in intent filter at /data/app/com.tencent.android.qqdownloader-1.apk Binary XML file line #532
05-22 14:23:36.046 W/PackageParser(  375): No actions in intent filter at /data/app/com.pekall.emdm.launcher-1.apk Binary XML file line #899
05-22 14:23:36.203 W/PackageParser(  375): No actions in intent filter at /data/app/com.sohu.inputmethod.sogou-1.apk Binary XML file line #200
05-22 14:23:36.210 W/PackageParser(  375): No actions in intent filter at /data/app/com.sohu.inputmethod.sogou-1.apk Binary XML file line #462
05-22 14:23:36.390 W/PackageParser(  375): Unknown element under <application>: intent-filter at /data/app/com.qihoo360.mobilesafe-1.apk Binary XML file line #1089
05-22 14:23:37.007 W/PackageParser(  375): Unknown element under <application>: servive at /data/app/com.qihoo.appstore-2.apk Binary XML file line #409
05-22 14:23:37.187 I/PackageManager(  375): Time to scan packages: 4.032 seconds
05-22 14:23:37.187 W/PackageManager(  375): Not granting permission android.permission.SEND_DOWNLOAD_COMPLETED_INTENTS to package com.google.android.browser (protectionLevel=2 flags=0x9be45)
05-22 14:23:37.187 W/PackageManager(  375): Unknown permission android.permission.ADD_SYSTEM_SERVICE in package com.android.phone
05-22 14:23:37.187 W/PackageManager(  375): Unknown permission com.android.smspush.WAPPUSH_MANAGER_BIND in package com.android.phone
05-22 14:23:37.195 W/PackageManager(  375): Not granting permission android.permission.READ_LOGS to package com.qihoo.root (protectionLevel=50 flags=0xbe44)
05-22 14:23:37.195 W/PackageManager(  375): Not granting permission android.permission.INSTALL_PACKAGES to package com.qihoo.root (protectionLevel=18 flags=0xbe44)
05-22 14:23:37.195 W/PackageManager(  375): Not granting permission android.permission.DELETE_PACKAGES to package com.qihoo.root (protectionLevel=18 flags=0xbe44)
05-22 14:23:37.195 W/PackageManager(  375): Unknown permission com.android.vending.billing.IBillingAccountService.BIND2 in package com.google.android.gsf.login
05-22 14:23:37.195 W/PackageManager(  375): Unknown permission com.android.chrome.TOS_ACKED in package com.google.android.gsf.login
05-22 14:23:37.195 W/PackageManager(  375): Unknown permission com.android.gallery3d.permission.GALLERY_PROVIDER in package com.android.bluetooth
05-22 14:23:37.195 W/PackageManager(  375): Not granting permission android.permission.MODIFY_PHONE_STATE to package com.qihoo360.mobilesafe (protectionLevel=18 flags=0xbe44)
05-22 14:23:37.195 W/PackageManager(  375): Not granting permission android.permission.WRITE_SECURE_SETTINGS to package com.qihoo360.mobilesafe (protectionLevel=50 flags=0xbe44)
05-22 14:23:37.195 W/PackageManager(  375): Not granting permission android.permission.WRITE_APN_SETTINGS to package com.qihoo360.mobilesafe (protectionLevel=18 flags=0xbe44)
05-22 14:23:37.195 W/PackageManager(  375): Not granting permission android.permission.READ_LOGS to package com.qihoo360.mobilesafe (protectionLevel=50 flags=0xbe44)
05-22 14:23:37.195 W/PackageManager(  375): Unknown permission com.qihoo360.mobilesafe_lite.permission.FORCE_CLOSE in package com.qihoo360.mobilesafe
05-22 14:23:37.195 W/PackageManager(  375): Unknown permission telecom.mdesk.permission.FORCE_CLOSE in package com.qihoo360.mobilesafe
05-22 14:23:37.195 W/PackageManager(  375): Not granting permission android.permission.INSTALL_PACKAGES to package com.qihoo360.mobilesafe (protectionLevel=18 flags=0xbe44)
05-22 14:23:37.195 W/PackageManager(  375): Not granting permission android.permission.SET_ALWAYS_FINISH to package com.qihoo360.mobilesafe (protectionLevel=50 flags=0xbe44)
05-22 14:23:37.195 W/PackageManager(  375): Unknown permission android.permission.ACCESS_SUPERUSER in package com.qihoo360.mobilesafe
05-22 14:23:37.195 W/PackageManager(  375): Unknown permission com.qihoo360.mobilesafe.shield.permission.broadcast in package com.qihoo360.mobilesafe
05-22 14:23:37.195 W/PackageManager(  375): Unknown permission com.qihoo360.contacts.permission.broadcast in package com.qihoo360.mobilesafe
05-22 14:23:37.195 W/PackageManager(  375): Unknown permission com.qihoo360.privatehome.permission.openAppActivity in package com.qihoo360.mobilesafe
05-22 14:23:37.195 W/PackageManager(  375): Not granting permission android.permission.INSTALL_PACKAGES to package com.qihoo.appstore (protectionLevel=18 flags=0x8be44)
05-22 14:23:37.195 W/PackageManager(  375): Not granting permission android.permission.DELETE_PACKAGES to package com.qihoo.appstore (protectionLevel=18 flags=0x8be44)
05-22 14:23:37.195 W/PackageManager(  375): Not granting permission android.permission.CLEAR_APP_USER_DATA to package com.qihoo.appstore (protectionLevel=2 flags=0x8be44)
05-22 14:23:37.195 W/PackageManager(  375): Not granting permission android.permission.WRITE_MEDIA_STORAGE to package com.qihoo.appstore (protectionLevel=18 flags=0x8be44)
05-22 14:23:37.195 W/PackageManager(  375): Not granting permission android.permission.ACCESS_CACHE_FILESYSTEM to package com.qihoo.appstore (protectionLevel=18 flags=0x8be44)
05-22 14:23:37.195 W/PackageManager(  375): Unknown permission android.permission.READ_OWNER_DATA in package com.qihoo.appstore
05-22 14:23:37.195 W/PackageManager(  375): Unknown permission android.permission.WRITE_OWNER_DATA in package com.qihoo.appstore
05-22 14:23:37.195 W/PackageManager(  375): Not granting permission android.permission.CHANGE_CONFIGURATION to package com.qihoo.appstore (protectionLevel=50 flags=0x8be44)
05-22 14:23:37.195 W/PackageManager(  375): Unknown permission com.htc.launcher.permission.READ_SETTINGS in package com.qihoo.appstore
05-22 14:23:37.195 W/PackageManager(  375): Not granting permission android.permission.DEVICE_POWER to package com.qihoo.appstore (protectionLevel=2 flags=0x8be44)
05-22 14:23:37.203 W/PackageManager(  375): Not granting permission android.permission.DEVICE_POWER to package com.google.android.deskclock (protectionLevel=2 flags=0x48be45)
05-22 14:23:37.203 W/PackageManager(  375): Unknown permission android.permission.READ_OWNER_DATA in package com.google.android.setupwizard
05-22 14:23:37.203 W/PackageManager(  375): Unknown permission android.permission.WRITE_OWNER_DATA in package com.google.android.setupwizard
05-22 14:23:37.203 W/PackageManager(  375): Unknown permission android.permission.ACCESS_MTK_MMHW in package com.qihoo.permroot
05-22 14:23:37.203 W/PackageManager(  375): Unknown permission com.google.android.voicesearch.SHORTCUTS_ACCESS in package com.google.android.googlequicksearchbox
05-22 14:23:37.203 W/PackageManager(  375): Unknown permission com.google.android.apps.googlevoice.permission.AUTO_SEND in package com.google.android.googlequicksearchbox
05-22 14:23:37.203 W/PackageManager(  375): Not granting permission android.permission.ACCOUNT_MANAGER to package com.google.android.music (protectionLevel=2 flags=0x8be65)
05-22 14:23:37.210 W/PackageManager(  375): Unknown permission android.permission.READ_OWNER_DATA in package com.nd.assistance
05-22 14:23:37.210 W/PackageManager(  375): Unknown permission android.permission.WRITE_OWNER_DATA in package com.nd.assistance
05-22 14:23:37.210 W/PackageManager(  375): Not granting permission android.permission.DEVICE_POWER to package com.nd.assistance (protectionLevel=2 flags=0xae46)
05-22 14:23:37.210 W/PackageManager(  375): Unknown permission com.android.providers.im.permission.READ_ONLY in package com.google.android.apps.maps
05-22 14:23:37.210 W/PackageManager(  375): Unknown permission oicq.wlogin_sdk.permission.WloginProvider.READ in package com.tencent.android.qqdownloader
05-22 14:23:37.210 W/PackageManager(  375): Unknown permission oicq.wlogin_sdk.permission.WloginProvider.WRITE in package com.tencent.android.qqdownloader
05-22 14:23:37.210 W/PackageManager(  375): Not granting permission android.permission.READ_LOGS to package com.sohu.inputmethod.sogou (protectionLevel=50 flags=0x8be44)
05-22 14:23:37.218 W/PackageManager(  375): Not granting permission android.permission.WRITE_APN_SETTINGS to package com.dragon.android.pandaspace (protectionLevel=18 flags=0xbe44)
05-22 14:23:37.218 W/PackageManager(  375): Not granting permission android.permission.INSTALL_PACKAGES to package com.dragon.android.pandaspace (protectionLevel=18 flags=0xbe44)
05-22 14:23:37.218 W/PackageManager(  375): Not granting permission android.permission.CHANGE_CONFIGURATION to package com.dragon.android.pandaspace (protectionLevel=50 flags=0xbe44)
05-22 14:23:37.218 W/PackageManager(  375): Not granting permission android.permission.READ_LOGS to package com.dragon.android.pandaspace (protectionLevel=50 flags=0xbe44)
05-22 14:23:37.218 W/PackageManager(  375): Not granting permission android.permission.PACKAGE_USAGE_STATS to package com.dragon.android.pandaspace (protectionLevel=18 flags=0xbe44)
05-22 14:23:37.218 W/PackageManager(  375): Not granting permission android.permission.MOUNT_UNMOUNT_FILESYSTEMS to package com.dragon.android.pandaspace (protectionLevel=18 flags=0xbe44)
05-22 14:23:37.218 W/PackageManager(  375): Not granting permission android.permission.SET_ACTIVITY_WATCHER to package com.dragon.android.pandaspace (protectionLevel=2 flags=0xbe44)
05-22 14:23:37.218 W/PackageManager(  375): Not granting permission android.permission.DELETE_PACKAGES to package com.dragon.android.pandaspace (protectionLevel=18 flags=0xbe44)
05-22 14:23:37.218 W/PackageManager(  375): Not granting permission android.permission.CHANGE_COMPONENT_ENABLED_STATE to package com.dragon.android.pandaspace (protectionLevel=18 flags=0xbe44)
05-22 14:23:37.218 W/PackageManager(  375): Not granting permission android.permission.SEND_DOWNLOAD_COMPLETED_INTENTS to package com.android.vending (protectionLevel=2 flags=0xabe45)
05-22 14:23:37.218 W/PackageManager(  375): Unknown permission android.permission.SEND_SMS_NO_CONFIRMATION in package com.android.vending
05-22 14:23:37.218 W/PackageManager(  375): Not granting permission android.permission.BIND_APPWIDGET to package com.pekall.emdm.launcher (protectionLevel=18 flags=0x8be46)
05-22 14:23:37.218 W/PackageManager(  375): Not granting permission android.permission.CHANGE_CONFIGURATION to package com.pekall.emdm.launcher (protectionLevel=50 flags=0x8be46)
05-22 14:23:37.218 W/PackageManager(  375): Not granting permission android.permission.INSTALL_PACKAGES to package com.pekall.emdm.launcher (protectionLevel=18 flags=0x8be46)
05-22 14:23:37.218 W/PackageManager(  375): Unknown permission android.permission.sec.ENTERPRISE_DEVICE_ADMIN in package com.pekall.emdm.launcher
05-22 14:23:37.218 W/PackageManager(  375): Unknown permission android.permission.sec.MDM_APP_MGMT in package com.pekall.emdm.launcher
05-22 14:23:37.218 W/PackageManager(  375): Unknown permission android.permission.sec.MDM_BLUETOOTH in package com.pekall.emdm.launcher
05-22 14:23:37.218 W/PackageManager(  375): Unknown permission android.permission.sec.MDM_INVENTORY in package com.pekall.emdm.launcher
05-22 14:23:37.218 W/PackageManager(  375): Unknown permission android.permission.sec.MDM_EXCHANGE in package com.pekall.emdm.launcher
05-22 14:23:37.218 W/PackageManager(  375): Unknown permission android.permission.sec.MDM_ROAMING in package com.pekall.emdm.launcher
05-22 14:23:37.218 W/PackageManager(  375): Unknown permission android.permission.sec.MDM_WIFI in package com.pekall.emdm.launcher
05-22 14:23:37.218 W/PackageManager(  375): Unknown permission android.permission.sec.MDM_SECURITY in package com.pekall.emdm.launcher
05-22 14:23:37.218 W/PackageManager(  375): Unknown permission android.permission.sec.MDM_HW_CONTROL in package com.pekall.emdm.launcher
05-22 14:23:37.226 W/PackageManager(  375): Unknown permission android.permission.sec.MDM_RESTRICTION in package com.pekall.emdm.launcher
05-22 14:23:37.226 W/PackageManager(  375): Unknown permission android.permission.sec.MDM_LOCATION in package com.pekall.emdm.launcher
05-22 14:23:37.226 W/PackageManager(  375): Not granting permission android.permission.INTERACT_ACROSS_USERS_FULL to package com.pekall.emdm.launcher (protectionLevel=2 flags=0x8be46)
05-22 14:23:37.226 W/PackageManager(  375): Unknown permission android.permission.sec.MDM_CALLING in package com.pekall.emdm.launcher
05-22 14:23:37.226 W/PackageManager(  375): Unknown permission android.permission.sec.MDM_EMAIL in package com.pekall.emdm.launcher
05-22 14:23:37.226 W/PackageManager(  375): Unknown permission android.permission.sec.MDM_VPN in package com.pekall.emdm.launcher
05-22 14:23:37.226 W/PackageManager(  375): Unknown permission android.permission.sec.MDM_APN in package com.pekall.emdm.launcher
05-22 14:23:37.226 W/PackageManager(  375): Unknown permission android.permission.sec.MDM_PHONE_RESTRICTION in package com.pekall.emdm.launcher
05-22 14:23:37.226 W/PackageManager(  375): Unknown permission android.permission.sec.MDM_BROWSER_SETTINGS in package com.pekall.emdm.launcher
05-22 14:23:37.226 W/PackageManager(  375): Unknown permission android.permission.sec.MDM_DATE_TIME in package com.pekall.emdm.launcher
05-22 14:23:37.226 W/PackageManager(  375): Unknown permission android.permission.sec.MDM_ENTERPRISE_VPN in package com.pekall.emdm.launcher
05-22 14:23:37.226 W/PackageManager(  375): Unknown permission android.permission.sec.MDM_FIREWALL in package com.pekall.emdm.launcher
05-22 14:23:37.226 W/PackageManager(  375): Unknown permission android.permission.sec.MDM_APP_PERMISSION_MGMT in package com.pekall.emdm.launcher
05-22 14:23:37.226 W/PackageManager(  375): Unknown permission android.permission.sec.MDM_KIOSK_MODE in package com.pekall.emdm.launcher
05-22 14:23:37.226 W/PackageManager(  375): Not granting permission android.permission.ACCESS_DOWNLOAD_MANAGER to package com.pekall.emdm.launcher (protectionLevel=18 flags=0x8be46)
05-22 14:23:37.226 W/PackageManager(  375): Not granting permission android.permission.SEND_DOWNLOAD_COMPLETED_INTENTS to package com.pekall.emdm.launcher (protectionLevel=2 flags=0x8be46)
05-22 14:23:37.226 W/PackageManager(  375): Unknown permission com.pekall.emdm.browser.permission.READ_HISTORY_BOOKMARKS in package com.pekall.emdm.launcher
05-22 14:23:37.226 W/PackageManager(  375): Unknown permission com.pekall.emdm.browser.permission.WRITE_HISTORY_BOOKMARKS in package com.pekall.emdm.launcher
05-22 14:23:37.226 W/PackageManager(  375): Not granting permission android.permission.READ_DREAM_STATE to package com.google.android.gsf (protectionLevel=2 flags=0x83e45)
05-22 14:23:37.445 I/SystemServer(  375): Entropy Mixer
05-22 14:23:37.453 I/EntropyMixer(  375): Writing entropy...
05-22 14:23:37.468 I/SystemServer(  375): User Service
05-22 14:23:37.468 I/SystemServer(  375): Account Manager
05-22 14:23:37.476 I/SystemServer(  375): Content Manager
05-22 14:23:37.476 I/SystemServer(  375): System Content Providers
05-22 14:23:37.539 I/SystemServer(  375): Lights Service
05-22 14:23:37.546 I/SystemServer(  375): Battery Service
05-22 14:23:37.546 I/SystemServer(  375): Vibrator Service
05-22 14:23:37.546 I/SystemServer(  375): Alarm Manager
05-22 14:23:37.554 I/SystemServer(  375): Init Watchdog
05-22 14:23:37.554 I/SystemServer(  375): Input Manager
05-22 14:23:37.554 I/InputManager(  375): Initializing input manager, mUseDevInputEventForAudioJack=false
05-22 14:23:37.554 I/SystemServer(  375): Window Manager
05-22 14:23:37.570 I/WindowManager(  375): No existing display settings /data/system/display_settings.xml; starting empty
05-22 14:23:37.601 I/InputManager(  375): Starting input manager
05-22 14:23:37.601 I/SystemServer(  375): Bluetooth Manager Service
05-22 14:23:37.609 I/SystemServer(  375): Input Method Service
05-22 14:23:37.617 W/InputMethodManagerService(  375): Couldn't create dir.: /data/system/inputmethod
05-22 14:23:37.648 I/SystemServer(  375): Accessibility Manager
05-22 14:23:37.648 I/ActivityManager(  375): Config changes=15f8 {1.0 ?mcc?mnc en_US ldltr sw360dp w360dp h567dp 320dpi nrml port ?uimode ?night -touch -keyb/v/h -nav/h s.2}
05-22 14:23:37.664 I/SystemServer(  375): Mount Service
05-22 14:23:37.664 D/MountService(  375): got storage path: null description: Internal storage primary: false removable: false emulated: true mtpReserve: 100 allowMassStorage: false maxFileSize: 0
05-22 14:23:37.664 D/MountService(  375): addVolumeLocked() StorageVolume [mStorageId=65537 mPath=/storage/emulated/0 mDescriptionId=17040653 mPrimary=true mRemovable=false mEmulated=true mMtpReserveSpace=100 mAllowMassStorage=false mMaxFileSize=0 mOwner=UserHandle{0}]
05-22 14:23:37.664 I/SystemServer(  375): LockSettingsService
05-22 14:23:37.664 I/SystemServer(  375): Device Policy
05-22 14:23:37.671 I/SystemServer(  375): Status Bar
05-22 14:23:37.671 I/SystemServer(  375): Clipboard Service
05-22 14:23:37.671 I/SystemServer(  375): NetworkManagement Service
05-22 14:23:37.687 W/PackageManager(  375): Not granting permission android.permission.SEND_DOWNLOAD_COMPLETED_INTENTS to package com.google.android.browser (protectionLevel=2 flags=0x89be45)
05-22 14:23:37.687 W/PackageManager(  375): Unknown permission android.permission.ADD_SYSTEM_SERVICE in package com.android.phone
05-22 14:23:37.687 W/PackageManager(  375): Unknown permission com.android.smspush.WAPPUSH_MANAGER_BIND in package com.android.phone
05-22 14:23:37.687 W/PackageManager(  375): Not granting permission android.permission.READ_LOGS to package com.qihoo.root (protectionLevel=50 flags=0x80be44)
05-22 14:23:37.687 W/PackageManager(  375): Not granting permission android.permission.INSTALL_PACKAGES to package com.qihoo.root (protectionLevel=18 flags=0x80be44)
05-22 14:23:37.687 W/PackageManager(  375): Not granting permission android.permission.DELETE_PACKAGES to package com.qihoo.root (protectionLevel=18 flags=0x80be44)
05-22 14:23:37.687 W/PackageManager(  375): Unknown permission com.android.vending.billing.IBillingAccountService.BIND2 in package com.google.android.gsf.login
05-22 14:23:37.687 W/PackageManager(  375): Unknown permission com.android.chrome.TOS_ACKED in package com.google.android.gsf.login
05-22 14:23:37.687 W/PackageManager(  375): Unknown permission com.android.gallery3d.permission.GALLERY_PROVIDER in package com.android.bluetooth
05-22 14:23:37.687 W/PackageManager(  375): Not granting permission android.permission.MODIFY_PHONE_STATE to package com.qihoo360.mobilesafe (protectionLevel=18 flags=0x80be44)
05-22 14:23:37.687 W/PackageManager(  375): Not granting permission android.permission.WRITE_SECURE_SETTINGS to package com.qihoo360.mobilesafe (protectionLevel=50 flags=0x80be44)
05-22 14:23:37.687 W/PackageManager(  375): Not granting permission android.permission.WRITE_APN_SETTINGS to package com.qihoo360.mobilesafe (protectionLevel=18 flags=0x80be44)
05-22 14:23:37.687 W/PackageManager(  375): Not granting permission android.permission.READ_LOGS to package com.qihoo360.mobilesafe (protectionLevel=50 flags=0x80be44)
05-22 14:23:37.687 W/PackageManager(  375): Unknown permission com.qihoo360.mobilesafe_lite.permission.FORCE_CLOSE in package com.qihoo360.mobilesafe
05-22 14:23:37.687 W/PackageManager(  375): Unknown permission telecom.mdesk.permission.FORCE_CLOSE in package com.qihoo360.mobilesafe
05-22 14:23:37.687 W/PackageManager(  375): Not granting permission android.permission.INSTALL_PACKAGES to package com.qihoo360.mobilesafe (protectionLevel=18 flags=0x80be44)
05-22 14:23:37.687 W/PackageManager(  375): Not granting permission android.permission.SET_ALWAYS_FINISH to package com.qihoo360.mobilesafe (protectionLevel=50 flags=0x80be44)
05-22 14:23:37.687 W/PackageManager(  375): Unknown permission android.permission.ACCESS_SUPERUSER in package com.qihoo360.mobilesafe
05-22 14:23:37.687 W/PackageManager(  375): Unknown permission com.qihoo360.mobilesafe.shield.permission.broadcast in package com.qihoo360.mobilesafe
05-22 14:23:37.687 W/PackageManager(  375): Unknown permission com.qihoo360.contacts.permission.broadcast in package com.qihoo360.mobilesafe
05-22 14:23:37.687 W/PackageManager(  375): Unknown permission com.qihoo360.privatehome.permission.openAppActivity in package com.qihoo360.mobilesafe
05-22 14:23:37.687 W/PackageManager(  375): Not granting permission android.permission.INSTALL_PACKAGES to package com.qihoo.appstore (protectionLevel=18 flags=0x88be44)
05-22 14:23:37.687 I/SystemServer(  375): Text Service Manager Service
05-22 14:23:37.695 W/PackageManager(  375): Not granting permission android.permission.DELETE_PACKAGES to package com.qihoo.appstore (protectionLevel=18 flags=0x88be44)
05-22 14:23:37.695 W/PackageManager(  375): Not granting permission android.permission.CLEAR_APP_USER_DATA to package com.qihoo.appstore (protectionLevel=2 flags=0x88be44)
05-22 14:23:37.695 W/PackageManager(  375): Not granting permission android.permission.WRITE_MEDIA_STORAGE to package com.qihoo.appstore (protectionLevel=18 flags=0x88be44)
05-22 14:23:37.695 W/PackageManager(  375): Not granting permission android.permission.ACCESS_CACHE_FILESYSTEM to package com.qihoo.appstore (protectionLevel=18 flags=0x88be44)
05-22 14:23:37.695 W/PackageManager(  375): Unknown permission android.permission.READ_OWNER_DATA in package com.qihoo.appstore
05-22 14:23:37.695 W/PackageManager(  375): Unknown permission android.permission.WRITE_OWNER_DATA in package com.qihoo.appstore
05-22 14:23:37.695 W/PackageManager(  375): Not granting permission android.permission.CHANGE_CONFIGURATION to package com.qihoo.appstore (protectionLevel=50 flags=0x88be44)
05-22 14:23:37.695 W/PackageManager(  375): Unknown permission com.htc.launcher.permission.READ_SETTINGS in package com.qihoo.appstore
05-22 14:23:37.695 W/PackageManager(  375): Not granting permission android.permission.DEVICE_POWER to package com.qihoo.appstore (protectionLevel=2 flags=0x88be44)
05-22 14:23:37.695 W/PackageManager(  375): Not granting permission android.permission.DEVICE_POWER to package com.google.android.deskclock (protectionLevel=2 flags=0xc8be45)
05-22 14:23:37.695 W/PackageManager(  375): Unknown permission android.permission.READ_OWNER_DATA in package com.google.android.setupwizard
05-22 14:23:37.695 W/PackageManager(  375): Unknown permission android.permission.WRITE_OWNER_DATA in package com.google.android.setupwizard
05-22 14:23:37.703 W/PackageManager(  375): Unknown permission android.permission.ACCESS_MTK_MMHW in package com.qihoo.permroot
05-22 14:23:37.703 W/PackageManager(  375): Unknown permission com.google.android.voicesearch.SHORTCUTS_ACCESS in package com.google.android.googlequicksearchbox
05-22 14:23:37.703 W/PackageManager(  375): Unknown permission com.google.android.apps.googlevoice.permission.AUTO_SEND in package com.google.android.googlequicksearchbox
05-22 14:23:37.703 W/PackageManager(  375): Not granting permission android.permission.ACCOUNT_MANAGER to package com.google.android.music (protectionLevel=2 flags=0x8be65)
05-22 14:23:37.703 W/PackageManager(  375): Unknown permission android.permission.READ_OWNER_DATA in package com.nd.assistance
05-22 14:23:37.703 W/PackageManager(  375): Unknown permission android.permission.WRITE_OWNER_DATA in package com.nd.assistance
05-22 14:23:37.703 W/PackageManager(  375): Not granting permission android.permission.DEVICE_POWER to package com.nd.assistance (protectionLevel=2 flags=0x80ae46)
05-22 14:23:37.703 W/PackageManager(  375): Unknown permission com.android.providers.im.permission.READ_ONLY in package com.google.android.apps.maps
05-22 14:23:37.703 W/PackageManager(  375): Unknown permission oicq.wlogin_sdk.permission.WloginProvider.READ in package com.tencent.android.qqdownloader
05-22 14:23:37.703 W/PackageManager(  375): Unknown permission oicq.wlogin_sdk.permission.WloginProvider.WRITE in package com.tencent.android.qqdownloader
05-22 14:23:37.710 W/PackageManager(  375): Not granting permission android.permission.READ_LOGS to package com.sohu.inputmethod.sogou (protectionLevel=50 flags=0x88be44)
05-22 14:23:37.710 W/PackageManager(  375): Not granting permission android.permission.WRITE_APN_SETTINGS to package com.dragon.android.pandaspace (protectionLevel=18 flags=0x80be44)
05-22 14:23:37.710 W/PackageManager(  375): Not granting permission android.permission.INSTALL_PACKAGES to package com.dragon.android.pandaspace (protectionLevel=18 flags=0x80be44)
05-22 14:23:37.710 W/PackageManager(  375): Not granting permission android.permission.CHANGE_CONFIGURATION to package com.dragon.android.pandaspace (protectionLevel=50 flags=0x80be44)
05-22 14:23:37.710 W/PackageManager(  375): Not granting permission android.permission.READ_LOGS to package com.dragon.android.pandaspace (protectionLevel=50 flags=0x80be44)
05-22 14:23:37.710 W/PackageManager(  375): Not granting permission android.permission.PACKAGE_USAGE_STATS to package com.dragon.android.pandaspace (protectionLevel=18 flags=0x80be44)
05-22 14:23:37.710 W/PackageManager(  375): Not granting permission android.permission.MOUNT_UNMOUNT_FILESYSTEMS to package com.dragon.android.pandaspace (protectionLevel=18 flags=0x80be44)
05-22 14:23:37.710 W/PackageManager(  375): Not granting permission android.permission.SET_ACTIVITY_WATCHER to package com.dragon.android.pandaspace (protectionLevel=2 flags=0x80be44)
05-22 14:23:37.710 W/PackageManager(  375): Not granting permission android.permission.DELETE_PACKAGES to package com.dragon.android.pandaspace (protectionLevel=18 flags=0x80be44)
05-22 14:23:37.710 W/PackageManager(  375): Not granting permission android.permission.CHANGE_COMPONENT_ENABLED_STATE to package com.dragon.android.pandaspace (protectionLevel=18 flags=0x80be44)
05-22 14:23:37.710 W/PackageManager(  375): Not granting permission android.permission.SEND_DOWNLOAD_COMPLETED_INTENTS to package com.android.vending (protectionLevel=2 flags=0xabe45)
05-22 14:23:37.710 W/PackageManager(  375): Unknown permission android.permission.SEND_SMS_NO_CONFIRMATION in package com.android.vending
05-22 14:23:37.726 W/PackageManager(  375): Not granting permission android.permission.BIND_APPWIDGET to package com.pekall.emdm.launcher (protectionLevel=18 flags=0x88be46)
05-22 14:23:37.726 W/PackageManager(  375): Not granting permission android.permission.CHANGE_CONFIGURATION to package com.pekall.emdm.launcher (protectionLevel=50 flags=0x88be46)
05-22 14:23:37.726 W/PackageManager(  375): Not granting permission android.permission.INSTALL_PACKAGES to package com.pekall.emdm.launcher (protectionLevel=18 flags=0x88be46)
05-22 14:23:37.726 W/PackageManager(  375): Unknown permission android.permission.sec.ENTERPRISE_DEVICE_ADMIN in package com.pekall.emdm.launcher
05-22 14:23:37.726 W/PackageManager(  375): Unknown permission android.permission.sec.MDM_APP_MGMT in package com.pekall.emdm.launcher
05-22 14:23:37.726 W/PackageManager(  375): Unknown permission android.permission.sec.MDM_BLUETOOTH in package com.pekall.emdm.launcher
05-22 14:23:37.726 W/PackageManager(  375): Unknown permission android.permission.sec.MDM_INVENTORY in package com.pekall.emdm.launcher
05-22 14:23:37.726 W/PackageManager(  375): Unknown permission android.permission.sec.MDM_EXCHANGE in package com.pekall.emdm.launcher
05-22 14:23:37.726 W/PackageManager(  375): Unknown permission android.permission.sec.MDM_ROAMING in package com.pekall.emdm.launcher
05-22 14:23:37.726 W/PackageManager(  375): Unknown permission android.permission.sec.MDM_WIFI in package com.pekall.emdm.launcher
05-22 14:23:37.726 W/PackageManager(  375): Unknown permission android.permission.sec.MDM_SECURITY in package com.pekall.emdm.launcher
05-22 14:23:37.726 W/PackageManager(  375): Unknown permission android.permission.sec.MDM_HW_CONTROL in package com.pekall.emdm.launcher
05-22 14:23:37.726 W/PackageManager(  375): Unknown permission android.permission.sec.MDM_RESTRICTION in package com.pekall.emdm.launcher
05-22 14:23:37.726 W/PackageManager(  375): Unknown permission android.permission.sec.MDM_LOCATION in package com.pekall.emdm.launcher
05-22 14:23:37.726 W/PackageManager(  375): Not granting permission android.permission.INTERACT_ACROSS_USERS_FULL to package com.pekall.emdm.launcher (protectionLevel=2 flags=0x88be46)
05-22 14:23:37.726 W/PackageManager(  375): Unknown permission android.permission.sec.MDM_CALLING in package com.pekall.emdm.launcher
05-22 14:23:37.726 W/PackageManager(  375): Unknown permission android.permission.sec.MDM_EMAIL in package com.pekall.emdm.launcher
05-22 14:23:37.726 W/PackageManager(  375): Unknown permission android.permission.sec.MDM_VPN in package com.pekall.emdm.launcher
05-22 14:23:37.726 W/PackageManager(  375): Unknown permission android.permission.sec.MDM_APN in package com.pekall.emdm.launcher
05-22 14:23:37.726 W/PackageManager(  375): Unknown permission android.permission.sec.MDM_PHONE_RESTRICTION in package com.pekall.emdm.launcher
05-22 14:23:37.726 W/PackageManager(  375): Unknown permission android.permission.sec.MDM_BROWSER_SETTINGS in package com.pekall.emdm.launcher
05-22 14:23:37.726 W/PackageManager(  375): Unknown permission android.permission.sec.MDM_DATE_TIME in package com.pekall.emdm.launcher
05-22 14:23:37.726 W/PackageManager(  375): Unknown permission android.permission.sec.MDM_ENTERPRISE_VPN in package com.pekall.emdm.launcher
05-22 14:23:37.726 W/PackageManager(  375): Unknown permission android.permission.sec.MDM_FIREWALL in package com.pekall.emdm.launcher
05-22 14:23:37.726 W/PackageManager(  375): Unknown permission android.permission.sec.MDM_APP_PERMISSION_MGMT in package com.pekall.emdm.launcher
05-22 14:23:37.726 W/PackageManager(  375): Unknown permission android.permission.sec.MDM_KIOSK_MODE in package com.pekall.emdm.launcher
05-22 14:23:37.726 W/PackageManager(  375): Not granting permission android.permission.ACCESS_DOWNLOAD_MANAGER to package com.pekall.emdm.launcher (protectionLevel=18 flags=0x88be46)
05-22 14:23:37.726 W/PackageManager(  375): Not granting permission android.permission.SEND_DOWNLOAD_COMPLETED_INTENTS to package com.pekall.emdm.launcher (protectionLevel=2 flags=0x88be46)
05-22 14:23:37.726 W/PackageManager(  375): Unknown permission com.pekall.emdm.browser.permission.READ_HISTORY_BOOKMARKS in package com.pekall.emdm.launcher
05-22 14:23:37.726 W/PackageManager(  375): Unknown permission com.pekall.emdm.browser.permission.WRITE_HISTORY_BOOKMARKS in package com.pekall.emdm.launcher
05-22 14:23:37.726 W/PackageManager(  375): Not granting permission android.permission.READ_DREAM_STATE to package com.google.android.gsf (protectionLevel=2 flags=0x883e45)
05-22 14:23:37.960 I/SystemServer(  375): NetworkStats Service
05-22 14:23:37.968 I/SystemServer(  375): NetworkPolicy Service
05-22 14:23:37.968 I/SystemServer(  375): Wi-Fi P2pService
05-22 14:23:37.984 I/ActivityManager(  375): Config changes=1408 {1.0 ?mcc?mnc en_US ldltr sw360dp w360dp h567dp 320dpi nrml port ?uimode ?night finger -keyb/v/h -nav/h s.3}
05-22 14:23:37.984 I/SystemServer(  375): Wi-Fi Service
05-22 14:23:38.000 I/SystemServer(  375): Connectivity Service
05-22 14:23:38.000 D/ConnectivityService(  375): ConnectivityService starting up
05-22 14:23:38.000 D/ConnectivityService(  375): wifiOnly=false
05-22 14:23:38.000 E/ConnectivityService(  375): Ignoring protectedNetwork 10
05-22 14:23:38.000 E/ConnectivityService(  375): Ignoring protectedNetwork 11
05-22 14:23:38.000 E/ConnectivityService(  375): Ignoring protectedNetwork 12
05-22 14:23:38.031 W/ContextImpl(  375): Calling a method in the system process without a qualified user: android.app.ContextImpl.bindService:1439 android.bluetooth.BluetoothPan.<init>:141 android.bluetooth.BluetoothAdapter.getProfileProxy:1171 android.bluetooth.BluetoothTetheringDataTracker.startMonitoring:121 com.android.server.ConnectivityService.<init>:543 
05-22 14:23:38.031 E/MobileDataStateTracker(  375): default: Ignoring feature request because could not acquire PhoneService
05-22 14:23:38.031 E/MobileDataStateTracker(  375): default: Could not enable APN type "default"
05-22 14:23:38.039 I/WifiService(  375): WifiService starting up with Wi-Fi enabled
05-22 14:23:38.039 D/WifiService(  375): setWifiEnabled: true pid=375, uid=1000
05-22 14:23:38.039 I/SystemServer(  375): Network Service Discovery Service
05-22 14:23:38.046 D/NsdService(  375): Network service discovery enabled true
05-22 14:23:38.046 I/SystemServer(  375): UpdateLock Service
05-22 14:23:38.101 I/SystemServer(  375): Notification Manager
05-22 14:23:38.101 I/SystemServer(  375): Device Storage Monitor
05-22 14:23:38.109 I/SystemServer(  375): Location Manager
05-22 14:23:38.109 I/SystemServer(  375): Country Detector
05-22 14:23:38.109 I/SystemServer(  375): Search Service
05-22 14:23:38.109 I/SystemServer(  375): DropBox Service
05-22 14:23:38.109 I/SystemServer(  375): Wallpaper Service
05-22 14:23:38.117 I/SystemServer(  375): Audio Service
05-22 14:23:38.203 I/SystemServer(  375): Dock Observer
05-22 14:23:38.203 I/SystemServer(  375): Wired Accessory Manager
05-22 14:23:38.210 I/SystemServer(  375): USB Service
05-22 14:23:38.210 I/SystemServer(  375): Serial Service
05-22 14:23:38.210 I/SystemServer(  375): Twilight Service
05-22 14:23:38.218 I/SystemServer(  375): UI Mode Manager Service
05-22 14:23:38.218 I/SystemServer(  375): Backup Service
05-22 14:23:38.218 V/BackupManagerService(  375): Initializing package tracking
05-22 14:23:38.218 V/BackupManagerService(  375): No ancestral data
05-22 14:23:38.226 V/BackupManagerService(  375): addPackageParticipantsLocked: all
05-22 14:23:38.226 I/BackupManagerService(  375): Scheduling backup for new app com.google.android.browser
05-22 14:23:38.226 D/BackupManagerService(  375): Now staging backup of com.google.android.browser
05-22 14:23:38.242 I/BackupManagerService(  375): Scheduling backup for new app com.android.sharedstoragebackup
05-22 14:23:38.242 D/BackupManagerService(  375): Now staging backup of com.android.sharedstoragebackup
05-22 14:23:38.250 I/BackupManagerService(  375): Scheduling backup for new app com.google.android.marvin.talkback
05-22 14:23:38.250 D/BackupManagerService(  375): Now staging backup of com.google.android.marvin.talkback
05-22 14:23:38.257 I/BackupManagerService(  375): Scheduling backup for new app com.google.android.inputmethod.latin
05-22 14:23:38.257 D/BackupManagerService(  375): Now staging backup of com.google.android.inputmethod.latin
05-22 14:23:38.257 I/BackupManagerService(  375): Scheduling backup for new app com.android.providers.settings
05-22 14:23:38.257 D/BackupManagerService(  375): Now staging backup of com.android.providers.settings
05-22 14:23:38.265 I/BackupManagerService(  375): Scheduling backup for new app com.google.android.gallery3d
05-22 14:23:38.265 D/BackupManagerService(  375): Now staging backup of com.google.android.gallery3d
05-22 14:23:38.273 I/BackupManagerService(  375): Scheduling backup for new app com.google.android.talk
05-22 14:23:38.273 D/BackupManagerService(  375): Now staging backup of com.google.android.talk
05-22 14:23:38.281 I/BackupManagerService(  375): Scheduling backup for new app com.android.nfc
05-22 14:23:38.281 D/BackupManagerService(  375): Now staging backup of com.android.nfc
05-22 14:23:38.281 I/BackupManagerService(  375): Scheduling backup for new app com.android.providers.userdictionary
05-22 14:23:38.281 D/BackupManagerService(  375): Now staging backup of com.android.providers.userdictionary
05-22 14:23:38.289 I/BackupManagerService(  375): Scheduling backup for new app android
05-22 14:23:38.289 D/BackupManagerService(  375): Now staging backup of android
05-22 14:23:38.296 I/BackupManagerService(  375): Scheduling backup for new app com.android.vending
05-22 14:23:38.296 D/BackupManagerService(  375): Now staging backup of com.android.vending
05-22 14:23:38.304 I/BackupManagerService(  375): Scheduling backup for new app com.google.android.gm
05-22 14:23:38.304 D/BackupManagerService(  375): Now staging backup of com.google.android.gm
05-22 14:23:38.304 I/BackupManagerService(  375): Scheduling backup for new app com.google.android.calendar
05-22 14:23:38.304 D/BackupManagerService(  375): Now staging backup of com.google.android.calendar
05-22 14:23:38.320 V/BackupManagerService(  375): Registering transport android/com.android.internal.backup.LocalTransport = com.android.internal.backup.LocalTransport@425add70
05-22 14:23:38.320 V/BackupManagerService(  375): Starting with transport com.google.android.backup/.BackupTransportService
05-22 14:23:38.320 V/BackupManagerService(  375): Binding to Google transport
05-22 14:23:38.328 I/BackupManagerService(  375): Found stale backup journal, scheduling
05-22 14:23:38.343 I/BackupManagerService(  375):   com.google.android.browser
05-22 14:23:38.343 I/BackupManagerService(  375):   com.android.sharedstoragebackup
05-22 14:23:38.343 I/BackupManagerService(  375):   com.google.android.marvin.talkback
05-22 14:23:38.343 I/BackupManagerService(  375):   com.google.android.inputmethod.latin
05-22 14:23:38.343 I/BackupManagerService(  375):   com.android.providers.settings
05-22 14:23:38.343 I/BackupManagerService(  375):   com.google.android.gallery3d
05-22 14:23:38.343 I/BackupManagerService(  375):   com.google.android.talk
05-22 14:23:38.351 I/BackupManagerService(  375):   com.android.nfc
05-22 14:23:38.351 I/BackupManagerService(  375):   com.android.providers.userdictionary
05-22 14:23:38.351 I/BackupManagerService(  375):   android
05-22 14:23:38.351 I/BackupManagerService(  375):   com.android.vending
05-22 14:23:38.351 I/BackupManagerService(  375):   com.google.android.gm
05-22 14:23:38.351 I/BackupManagerService(  375):   com.google.android.calendar
05-22 14:23:38.351 I/BackupManagerService(  375): Backup enabled => false
05-22 14:23:38.351 I/BackupManagerService(  375): Opting out of backup
05-22 14:23:38.359 I/SystemServer(  375): AppWidget Service
05-22 14:23:38.359 I/SystemServer(  375): Recognition Service
05-22 14:23:38.359 I/SystemServer(  375): DiskStats Service
05-22 14:23:38.359 I/SystemServer(  375): SamplingProfiler Service
05-22 14:23:38.367 I/SystemServer(  375): NetworkTimeUpdateService
05-22 14:23:38.367 I/SystemServer(  375): CommonTimeManagementService
05-22 14:23:38.375 I/SystemServer(  375): CertBlacklister
05-22 14:23:38.375 I/SystemServer(  375): Dreams Service
05-22 14:23:38.375 I/SystemServer(  375): IdleMaintenanceService
05-22 14:23:38.515 I/ActivityManager(  375): System now ready
05-22 14:23:38.523 I/SystemServer(  375): Making services ready
05-22 14:23:38.554 I/ActivityManager(  375): Start proc com.android.systemui for service com.android.systemui/.SystemUIService: pid=450 uid=10053 gids={50053, 1028, 1015, 3002, 3001}
05-22 14:23:38.554 D/NetworkManagementService(  375): enabling bandwidth control
05-22 14:23:38.554 W/MountService(  375): Duplicate state transition (mounted -> mounted) for /storage/emulated/0
05-22 14:23:38.828 D/SystemUIService(  450): loading: class com.android.systemui.statusbar.phone.PhoneStatusBar
05-22 14:23:38.828 D/SystemUIService(  450): running: com.android.systemui.statusbar.phone.PhoneStatusBar@4223d988
05-22 14:23:38.843 I/StatusBarManagerService(  375): registerStatusBar bar=com.android.internal.statusbar.IStatusBar$Stub$Proxy@424e1540
05-22 14:23:39.304 D/PhoneStatusBar(  450): disable: < expand icons alerts ticker system_info back home recent clock search >
05-22 14:23:39.359 I/ActivityManager(  375): Config changes=200 {1.0 ?mcc?mnc en_US ldltr sw360dp w360dp h567dp 320dpi nrml port finger -keyb/v/h -nav/h s.4}
05-22 14:23:39.367 W/RecognitionManagerService(  375): no available voice recognition services found for user 0
05-22 14:23:39.390 I/ActivityManager(  375): Start proc com.android.phasebeam for service com.android.phasebeam/.PhaseBeamWallpaper: pid=508 uid=10046 gids={50046, 1028}
05-22 14:23:39.390 W/InputMethodManagerService(  375): Ignoring setImeWindowStatus of uid 1000 token: null
05-22 14:23:39.429 I/ActivityManager(  375): Start proc android.process.acore for content provider com.android.providers.contacts/.ContactsProvider2: pid=517 uid=10000 gids={50000, 3003, 1015, 1028}
05-22 14:23:39.492 I/ActivityManager(  375): Start proc com.google.android.inputmethod.latin for service com.google.android.inputmethod.latin/com.android.inputmethod.latin.LatinIME: pid=527 uid=10033 gids={50033, 3003, 1015, 1028}
05-22 14:23:39.492 V/InputMethodManagerService(  375): Adding window token: android.os.Binder@42809438
05-22 14:23:39.562 D/SystemUIService(  450): loading: class com.android.systemui.power.PowerUI
05-22 14:23:39.562 D/SystemUIService(  450): running: com.android.systemui.power.PowerUI@4247f6a8
05-22 14:23:39.562 D/SystemUIService(  450): loading: class com.android.systemui.media.RingtonePlayer
05-22 14:23:39.562 D/SystemUIService(  450): running: com.android.systemui.media.RingtonePlayer@424801f8
05-22 14:23:39.585 D/SystemUIService(  450): loading: class com.android.systemui.settings.SettingsUI
05-22 14:23:39.585 D/SystemUIService(  450): running: com.android.systemui.settings.SettingsUI@42481510
05-22 14:23:39.609 D/PhoneStatusBar(  450): disable: < EXPAND* icons alerts TICKER* system_info back home RECENT* clock SEARCH* >
05-22 14:23:39.632 I/ActivityManager(  375): Start proc com.google.process.location for service com.google.android.location/.NetworkLocationService: pid=550 uid=10009 gids={50009, 3003, 1007, 1028, 1015, 1006, 2001, 3006}
05-22 14:23:39.632 E/LocationManagerService(  375): no geofence provider found
05-22 14:23:39.703 I/ActivityManager(  375): Start proc com.google.android.apps.maps for broadcast com.google.android.apps.maps/com.google.android.location.internal.NlpNetworkProviderSettingsUpdateReceiver: pid=560 uid=10038 gids={50038, 3003, 1015, 1028}
05-22 14:23:39.765 I/ActivityManager(  375): Start proc com.android.phone for added application com.android.phone: pid=580 uid=1001 gids={41001, 3002, 3001, 3003, 1015, 1028}
05-22 14:23:39.781 I/ActivityManager(  375): Start proc com.android.nfc for added application com.android.nfc: pid=587 uid=1027 gids={41027, 3002, 3001, 1015, 1028}
05-22 14:23:39.789 I/ActivityManager(  375): START u0 {act=android.intent.action.MAIN cat=[android.intent.category.HOME] flg=0x10000000 cmp=com.pekall.emdm.launcher/.Launcher} from pid 0
05-22 14:23:39.929 I/ActivityManager(  375): Start proc com.pekall.emdm.launcher for activity com.pekall.emdm.launcher/.Launcher: pid=606 uid=10066 gids={50066, 1015, 3002, 3001, 3003, 1028}
05-22 14:23:40.023 I/ActivityManager(  375): Start proc com.google.process.gapps for content provider com.google.android.gsf/.settings.GoogleSettingsProvider: pid=621 uid=10009 gids={50009, 3003, 1007, 1028, 1015, 1006, 2001, 3006}
05-22 14:23:40.179 I/ActivityManager(  375): Start proc com.android.nfc:handover for service com.android.nfc/.handover.HandoverService: pid=642 uid=1027 gids={41027, 3002, 3001, 1015, 1028}
05-22 14:23:40.554 W/ActivityManager(  375): Unable to start service Intent { act=com.android.internal.telephony.IWapPushManager } U=0: not found
05-22 14:23:40.945 V/BackupManagerService(  375): Connected to Google transport
05-22 14:23:40.945 V/BackupManagerService(  375): Registering transport com.google.android.backup/.BackupTransportService = com.google.android.backup.BackupTransportService$1@42625768
05-22 14:23:41.226 W/WindowManager(  375): Window freeze timeout expired.
05-22 14:23:41.226 W/WindowManager(  375): Force clearing orientation change: Window{4264a060 u0 Keyguard}
05-22 14:23:41.257 D/PhoneStatusBar(  450): disable: < EXPAND icons alerts TICKER system_info BACK* HOME* RECENT CLOCK* SEARCH >
05-22 14:23:41.289 V/StatusBar(  450): userId 0 is in the house
05-22 14:23:41.835 D/ConnectivityService(  375): Captive portal check NetworkInfo: type: WIFI[], state: CONNECTING/CAPTIVE_PORTAL_CHECK, reason: (unspecified), extra: "pekall_work", roaming: false, failover: false, isAvailable: true
05-22 14:23:41.867 D/ConnectivityService(  375): ConnectivityChange for WIFI: CONNECTED/CONNECTED
05-22 14:23:41.953 D/Nat464Xlat(  375): requiresClat: netType=1, hasIPv4Address=true
05-22 14:23:42.046 I/ActivityManager(  375): Start proc com.google.android.apps.maps:GoogleLocationService for service com.google.android.apps.maps/com.google.android.location.internal.server.GoogleLocationService: pid=772 uid=10038 gids={50038, 3003, 1015, 1028}
05-22 14:23:42.062 I/ActivityManager(  375): Start proc com.android.settings for broadcast com.android.settings/.widget.SettingsAppWidgetProvider: pid=777 uid=1000 gids={41000, 1015, 1028, 3002, 3001, 3003, 3007}
05-22 14:23:42.437 W/ContextImpl(  777): Calling a method in the system process without a qualified user: android.app.ContextImpl.bindService:1439 android.content.ContextWrapper.bindService:496 android.bluetooth.BluetoothInputDevice.<init>:240 android.bluetooth.BluetoothAdapter.getProfileProxy:1168 com.android.settings.bluetooth.LocalBluetoothAdapter.getProfileProxy:94 
05-22 14:23:42.437 W/ContextImpl(  777): Calling a method in the system process without a qualified user: android.app.ContextImpl.bindService:1439 android.content.ContextWrapper.bindService:496 android.bluetooth.BluetoothPan.<init>:141 android.bluetooth.BluetoothAdapter.getProfileProxy:1171 com.android.settings.bluetooth.PanProfile.<init>:73 
05-22 14:23:42.445 W/ContextImpl(  777): Calling a method in the system process without a qualified user: android.app.ContextImpl.bindService:1439 android.content.ContextWrapper.bindService:496 android.bluetooth.BluetoothPbap.<init>:161 com.android.settings.bluetooth.PbapServerProfile.<init>:68 com.android.settings.bluetooth.LocalBluetoothProfileManager.<init>:124 
05-22 14:23:42.578 I/ActivityManager(  375): Start proc com.qihoo360.mobilesafe:GuardService for broadcast com.qihoo360.mobilesafe/.receiver.NetStatReceiver: pid=802 uid=10069 gids={50069, 3003, 1015, 3001, 3002, 1006, 1028}
05-22 14:23:43.953 I/ActivityManager(  375): Start proc com.qihoo.daemon for content provider com.qihoo.appstore/com.qihoo360.mobilesafe.pcdaemon.service.DaemonContentProvider: pid=838 uid=10064 gids={50064, 3003, 1015, 3002, 1006, 3001, 1028}
05-22 14:23:44.406 I/ActivityManager(  375): Start proc com.qihoo.appstore for service com.qihoo.appstore/.express.DownloadCoreService: pid=854 uid=10064 gids={50064, 3003, 1015, 3002, 1006, 3001, 1028}
05-22 14:23:52.499 W/ActivityThread(  550): ClassLoader.loadClass: The class loader returned by Thread.getContextClassLoader() may fail for processes that host multiple applications. You should explicitly specify a context class loader. For example: Thread.setContextClassLoader(getClass().getClassLoader());
05-22 14:23:52.741 I/ActivityManager(  375): Start proc com.google.android.browser for content provider com.google.android.browser/com.android.browser.provider.BrowserProvider2: pid=906 uid=10004 gids={50004, 3003, 1015, 1028}
05-22 14:23:53.320 D/PhoneStatusBar(  450): disable: < expand* icons alerts ticker* system_info BACK HOME recent* CLOCK search* >
05-22 14:23:53.374 D/PhoneStatusBar(  450): disable: < expand icons alerts ticker system_info back* home* recent clock* search >
05-22 14:23:53.593 W/ActivityManager(  375): Activity idle timeout for ActivityRecord{428483e0 u0 com.pekall.emdm.launcher/.Launcher}
05-22 14:23:53.804 I/ActivityManager(  375): Config changes=1400 {1.0 ?mcc?mnc en_US ldltr sw360dp w360dp h567dp 320dpi nrml port finger -keyb/v/h -nav/h s.5}
