05-20 10:56:11.846 I/ActivityManager(  374): Start proc com.pekall.emdm.launcher:remote for service com.pekall.emdm.launcher/com.baidu.location.f: pid=27100 uid=10066 gids={50066, 1015, 3002, 3001, 3003, 1028}
05-20 10:56:11.853 D/dalvikvm(27100): Late-enabling CheckJNI
05-20 10:56:11.892 V/MyServiceConnection(27100): [SConnection] sandbox service is NOT installed.
05-20 10:56:11.892 V/MyServiceConnection(27100): [SConnection] binding service: pekall.intent.action.SANDBOX_SERVICE
05-20 10:56:11.900 D/ScClassLoader(27100): >> SOURCE FILE: /data/data/com.pekall.emdm.launcher/app_jars/sc-jdk15on-1.47.0.2.dex.jar
05-20 10:56:11.939 D/dalvikvm(27100): GC_CONCURRENT freed 160K, 3% free 9274K/9472K, paused 3ms+2ms, total 29ms
05-20 10:56:11.939 D/dalvikvm(27100): WAIT_FOR_CONCURRENT_GC blocked 6ms
05-20 10:56:11.939 D/dalvikvm(27100): WAIT_FOR_CONCURRENT_GC blocked 4ms
05-20 10:56:11.939 D/dalvikvm(27100): WAIT_FOR_CONCURRENT_GC blocked 4ms
05-20 10:56:11.939 D/dalvikvm(26771): JIT unchain all for threadid=11
05-20 10:56:11.939 W/Parcel  ( 1661): Attempt to read object from Parcel 0x5dfd3dac at offset 200 that is not in the object list
05-20 10:56:11.947 W/Parcel  ( 1661): Attempt to read object from Parcel 0x5ded3dac at offset 200 that is not in the object list
05-20 10:56:11.947 D/Email   (27100): Email: init sandbox at the beginning.
05-20 10:56:11.947 V/MyServiceConnection(27100): [SConnection] retry to bind service
05-20 10:56:11.947 V/MyServiceConnection(27100): [SConnection] sandbox service is NOT installed.
05-20 10:56:11.947 V/MyServiceConnection(27100): [SConnection] binding service: pekall.intent.action.SANDBOX_SERVICE
05-20 10:56:11.971 V/MyServiceConnection(27100): [SConnection] retry to bind service
05-20 10:56:11.971 V/MyServiceConnection(27100): [SConnection] sandbox service is NOT installed.
05-20 10:56:11.971 V/MyServiceConnection(27100): [SConnection] binding service: pekall.intent.action.SANDBOX_SERVICE
05-20 10:56:11.978 V/l       (27100): Bind requested for task setLogging
05-20 10:56:11.986 D/dalvikvm(26771): GC_FOR_ALLOC freed 194K, 9% free 12049K/13164K, paused 297ms, total 298ms
05-20 10:56:12.002 D/MDM :   (26771): [null:-1]->tint false
05-20 10:56:12.010 D/ActivityThread(27100): Loading provider com.pekall.semail.provider;com.pekall.semail.notifier: com.pekall.semail.provider.EmailProvider
05-20 10:56:12.025 E/QueryController(27066): Cannot proceed when root node is null. Aborted search
05-20 10:56:12.025 E/QueryController(27066): Got null root node from accessibility - Retrying...
05-20 10:56:12.033 D/dalvikvm(27100): GC_CONCURRENT freed 190K, 3% free 9619K/9820K, paused 3ms+4ms, total 43ms
05-20 10:56:12.033 D/dalvikvm(27100): WAIT_FOR_CONCURRENT_GC blocked 11ms
05-20 10:56:12.041 W/DocumentManager(27100): Sandbox service is not connected.
05-20 10:56:12.041 D/MessageControllerImpl(27100): controller is null
05-20 10:56:12.041 V/MyServiceConnection(27100): [SConnection] retry to bind service
05-20 10:56:12.041 V/MyServiceConnection(27100): [SConnection] sandbox service is NOT installed.
05-20 10:56:12.041 V/MyServiceConnection(27100): [SConnection] binding service: pekall.intent.action.SANDBOX_SERVICE
05-20 10:56:12.041 W/SQLiteOpenHelper(27100): Opened /data/data/com.pekall.emdm.launcher/databases/message.db
05-20 10:56:12.049 W/dalvikvm(27100): No implementation found for native Lcom/pekall/sandbox/database/sqlite/SQLiteDatabase;.native_setSqliteSoftHeapLimit:(I)V
05-20 10:56:12.049 D/AndroidRuntime(27100): Shutting down VM
05-20 10:56:12.049 W/dalvikvm(27100): threadid=1: thread exiting with uncaught exception (group=0x419c8700)
05-20 10:56:12.056 D/        (27100): [---null: -1---]  Thread is main
05-20 10:56:12.056 W/System.err(27100): java.lang.UnsatisfiedLinkError: Native method not found: com.pekall.sandbox.database.sqlite.SQLiteDatabase.native_setSqliteSoftHeapLimit:(I)V
05-20 10:56:12.056 W/System.err(27100): 	at com.pekall.sandbox.database.sqlite.SQLiteDatabase.native_setSqliteSoftHeapLimit(Native Method)
05-20 10:56:12.056 W/System.err(27100): 	at com.pekall.sandbox.database.sqlite.SQLiteDatabase.<init>(Unknown Source)
05-20 10:56:12.056 W/System.err(27100): 	at com.pekall.sandbox.database.sqlite.SQLiteDatabase.openDatabase(Unknown Source)
05-20 10:56:12.056 W/System.err(27100): 	at com.pekall.sandbox.database.sqlite.SQLiteDatabase.openDatabase(Unknown Source)
05-20 10:56:12.056 W/System.err(27100): 	at com.pekall.sandbox.database.sqlite.SQLiteDatabase.openDatabase(Unknown Source)
05-20 10:56:12.056 W/System.err(27100): 	at com.pekall.sandbox.database.sqlite.SQLiteOpenHelper.getWritableDatabase(Unknown Source)
05-20 10:56:12.056 W/System.err(27100): 	at com.pekall.emdm.messagecenter.db.a.a(Unknown Source)
05-20 10:56:12.056 W/System.err(27100): 	at com.pekall.emdm.messagecenter.db.a.b(Unknown Source)
05-20 10:56:12.056 W/System.err(27100): 	at com.pekall.emdm.messagecenter.activity.a.onCreate(Unknown Source)
05-20 10:56:12.056 W/System.err(27100): 	at com.pekall.emdm.launcher.LauncherApplication.onCreate(Unknown Source)
05-20 10:56:12.056 W/System.err(27100): 	at android.app.Instrumentation.callApplicationOnCreate(Instrumentation.java:1007)
05-20 10:56:12.056 W/System.err(27100): 	at android.app.ActivityThread.handleBindApplication(ActivityThread.java:4444)
05-20 10:56:12.056 W/System.err(27100): 	at android.app.ActivityThread.access$1300(ActivityThread.java:141)
05-20 10:56:12.056 W/System.err(27100): 	at android.app.ActivityThread$H.handleMessage(ActivityThread.java:1316)
05-20 10:56:12.056 W/System.err(27100): 	at android.os.Handler.dispatchMessage(Handler.java:99)
05-20 10:56:12.056 W/System.err(27100): 	at android.os.Looper.loop(Looper.java:137)
05-20 10:56:12.056 W/System.err(27100): 	at android.app.ActivityThread.main(ActivityThread.java:5103)
05-20 10:56:12.056 W/System.err(27100): 	at java.lang.reflect.Method.invokeNative(Native Method)
05-20 10:56:12.056 W/System.err(27100): 	at java.lang.reflect.Method.invoke(Method.java:525)
05-20 10:56:12.056 W/System.err(27100): 	at com.android.internal.os.ZygoteInit$MethodAndArgsCaller.run(ZygoteInit.java:737)
05-20 10:56:12.056 W/System.err(27100): 	at com.android.internal.os.ZygoteInit.main(ZygoteInit.java:553)
05-20 10:56:12.056 W/System.err(27100): 	at dalvik.system.NativeStart.main(Native Method)
05-20 10:56:12.260 D/dalvikvm(26771): JIT unchain all for threadid=11
05-20 10:56:12.275 E/QueryController(27066): Got null root node from accessibility - Retrying...
05-20 10:56:12.299 D/dalvikvm(27100): GC_CONCURRENT freed 515K, 6% free 9491K/10048K, paused 4ms+3ms, total 34ms
05-20 10:56:12.299 D/dalvikvm(26771): GC_FOR_ALLOC freed 82K, 9% free 12065K/13164K, paused 288ms, total 292ms
05-20 10:56:12.299 D/ActivityThread(27100): Loading provider com.pekall.semail.provider;com.pekall.semail.notifier: com.pekall.semail.provider.EmailProvider
05-20 10:56:12.314 I/dalvikvm-heap(26771): Grow heap (frag case) to 15.076MB for 3415696-byte allocation
05-20 10:56:12.525 E/QueryController(27066): Got null root node from accessibility - Retrying...
05-20 10:56:12.572 D/dalvikvm(26771): JIT unchain all for threadid=11
05-20 10:56:12.572 W/EmailProvider(27100): restoreIfNeeded...
05-20 10:56:12.580 D/EmailProvider(27100): restoreAccounts...
05-20 10:56:12.603 D/dalvikvm(26771): GC_FOR_ALLOC freed 1K, 7% free 15399K/16500K, paused 286ms, total 286ms
05-20 10:56:12.705 D/EmailProvider(27100): No accounts to restore...
05-20 10:56:12.736 D/EmailProvider(27100): Deleting orphans...
05-20 10:56:12.775 E/QueryController(27066): Cannot proceed when root node is null. Aborted search
05-20 10:56:12.775 E/QueryController(27066): Got null root node from accessibility - Retrying...
05-20 10:56:12.861 D/dalvikvm(26771): JIT unchain all for threadid=11
05-20 10:56:12.877 V/Launcher(26771): isLauncherDf = true
05-20 10:56:12.885 V/Launcher(26771): isPhoneDf = true
05-20 10:56:12.885 D/        (26771): [---null: -1---]  ScreenWidth  720
05-20 10:56:12.885 D/        (26771): [---null: -1---]  ScreenHeight  1184
05-20 10:56:12.908 D/NetworkThread(26771): [null:-1]->clear mCurrentTransInfo
05-20 10:56:12.908 D/NetworkThread(26771): [null:-1]->sendHttpGet: http://192.168.10.21/rest/mdm/v1/device/trigger_cmd?device_uuid=00013fbc8ecec5b90000014613abe64a&cmd_types=10103
05-20 10:56:12.908 D/HttpClient(26771): enable apache.http debug
05-20 10:56:12.939 D/EmailProvider(27100): EmailProvider pre-caching...
05-20 10:56:13.119 E/QueryController(27066): Got null root node from accessibility - Retrying...
05-20 10:56:13.166 V/WiseDownloadConditionControler(10785): checkCondition  type : WISE_DOWNLOAD  inerrupting: true
05-20 10:56:13.181 D/dalvikvm(26771): JIT unchain all for threadid=11
05-20 10:56:13.189 W/Parcel  ( 1661): Attempt to read object from Parcel 0x6003bdac at offset 200 that is not in the object list
05-20 10:56:13.197 D/dalvikvm(26771): GC_CONCURRENT freed 34K, 7% free 15414K/16500K, paused 263ms+273ms, total 592ms
05-20 10:56:13.213 V/DEBUG   (26771): HTTP 0
05-20 10:56:13.213 D/HomeLoaders(26771): load applications
05-20 10:56:13.213 D/HomeLoaders(26771): loading user items in Thread[main,5,main]
05-20 10:56:13.213 D/HomeLoaders(26771):   --> starting workspace loader
05-20 10:56:13.221 D/HomeLoaders(26771):   ----> running workspace loader (1)
05-20 10:56:13.221 W/Parcel  ( 1661): Attempt to read object from Parcel 0x5ef3bdac at offset 200 that is not in the object list
05-20 10:56:13.228 W/Parcel  ( 1661): Attempt to read object from Parcel 0x5ec3bdac at offset 200 that is not in the object list
05-20 10:56:13.228 D/Email   (26771): Email: init sandbox at the beginning.
05-20 10:56:13.228 V/l       (26771): Bind requested for task setLogging
05-20 10:56:13.361 D/MDM :   (26771): [null:-1]->icon instanceof BitmapDrawable
05-20 10:56:13.361 D/MDM :   (26771): [null:-1]->  iconWidth 96
05-20 10:56:13.361 D/MDM :   (26771): [null:-1]->  iconHeight 96
05-20 10:56:13.361 D/MDM :   (26771): [null:-1]->  107 96
05-20 10:56:13.361 D/        (26771): [---null: -1---]  xxd  getPackageName  com.pekall.emdm.launcher
05-20 10:56:13.361 D/        (26771): [---null: -1---]  xxd  getClassName  com.pekall.emdm.launcher.CustomShirtcutActivity
05-20 10:56:13.689 D/MDM :   (26771): [null:-1]->statusCode : 200
05-20 10:56:13.689 D/MDM :   (26771): [null:-1]->statusCode : 200
05-20 10:56:13.689 V/DEBUG   (26771): HTTP 1
05-20 10:56:13.689 D/MDM :   (26771): [null:-1]->read network input stream
05-20 10:56:13.697 D/MDM :   (26771): [null:-1]->Get joson string: {"result":0}
05-20 10:56:13.697 D/NetworkThread(26771): [null:-1]->clear mCurrentTransInfo
05-20 10:56:13.744 D/        (26771): [---null: -1---]  xxd info.title: Custom shortcut
05-20 10:56:13.744 D/MDM :   (26771): [null:-1]->icon instanceof BitmapDrawable
05-20 10:56:13.744 D/MDM :   (26771): [null:-1]->  iconWidth 104
05-20 10:56:13.744 D/MDM :   (26771): [null:-1]->  iconHeight 104
05-20 10:56:13.744 D/MDM :   (26771): [null:-1]->  107 104
05-20 10:56:13.744 D/        (26771): [---null: -1---]  xxd  getPackageName  com.pekall.emdm.launcher
05-20 10:56:13.744 D/        (26771): [---null: -1---]  xxd  getClassName  com.pekall.emdm.contacts.activities.DialtactsActivity
05-20 10:56:13.830 D/NetworkThread(26771): [null:-1]->sendHttpPost:PostRequest, url: http://192.168.10.21/rest/mdm/v1/system/check_mdm_app, Params: [version:71][os:51201][pkg_name:com.pekall.emdm.launcher], 
05-20 10:56:13.830 D/HttpClient(26771): enable apache.http debug
05-20 10:56:13.830 V/DEBUG   (26771): HTTP 0
05-20 10:56:13.846 E/QueryController(27066): Got null root node from accessibility - Retrying...
05-20 10:56:13.846 W/Parcel  ( 1661): Attempt to read object from Parcel 0x5dfd3dac at offset 200 that is not in the object list
05-20 10:56:13.846 W/Parcel  ( 1661): Attempt to read object from Parcel 0x5ded3dac at offset 200 that is not in the object list
05-20 10:56:13.853 W/Parcel  ( 1661): Attempt to read object from Parcel 0x6013bdac at offset 200 that is not in the object list
05-20 10:56:13.861 V/LauncherApplication(26771): onActivityStarted
05-20 10:56:13.861 D/        (26771): [---null: -1---]     awsa  onActivityResumed
05-20 10:56:13.861 V/LauncherApplication(26771): 2MdmConstant.LAST_LAUNCH_TIME = 0
05-20 10:56:13.885 D/        (26771): [---null: -1---]  activity = com.pekall.emdm.launcher.Launcher
05-20 10:56:13.885 V/DefultSetContriller(26771): isLauncherDf = com.pekall.emdm.launcher
05-20 10:56:13.892 V/DefultSetContriller(26771): isLauncherDf = com.pekall.emdm.launcher
05-20 10:56:13.892 V/DefultSetContriller(26771): isPhoneDf = com.pekall.emdm.launcher
05-20 10:56:13.892 E/LauncherApplication(26771): isShowLogoutUI = true
05-20 10:56:13.892 E/LauncherApplication(26771): LogoutShowTime 1
05-20 10:56:13.892 V/Launcher(26771): onResume1111111 
05-20 10:56:13.892 V/Launcher(26771): is login ----> 
05-20 10:56:13.900 I/System.out(26771):  
05-20 10:56:13.900 I/System.out(26771): com.pekall.emdm.launcher.Workspace.setWallpaper(Unknown Source)
05-20 10:56:13.900 I/System.out(26771): com.pekall.emdm.launcher.Launcher.onResume(Unknown Source)
05-20 10:56:13.900 I/System.out(26771): android.app.Instrumentation.callActivityOnResume(Instrumentation.java:1192)
05-20 10:56:13.900 I/System.out(26771): android.app.Activity.performResume(Activity.java:5211)
05-20 10:56:13.900 I/System.out(26771): android.app.ActivityThread.performResumeActivity(ActivityThread.java:2780)
05-20 10:56:13.900 I/System.out(26771): android.app.ActivityThread.handleResumeActivity(ActivityThread.java:2819)
05-20 10:56:13.900 I/System.out(26771): android.app.ActivityThread.handleLaunchActivity(ActivityThread.java:2266)
05-20 10:56:13.900 I/System.out(26771): android.app.ActivityThread.access$600(ActivityThread.java:141)
05-20 10:56:13.900 I/System.out(26771): android.app.ActivityThread$H.handleMessage(ActivityThread.java:1256)
05-20 10:56:13.900 I/System.out(26771): android.os.Handler.dispatchMessage(Handler.java:99)
05-20 10:56:13.900 I/System.out(26771): android.os.Looper.loop(Looper.java:137)
05-20 10:56:13.900 I/System.out(26771): android.app.ActivityThread.main(ActivityThread.java:5103)
05-20 10:56:13.900 I/System.out(26771): java.lang.reflect.Method.invokeNative(Native Method)
05-20 10:56:13.900 I/System.out(26771): java.lang.reflect.Method.invoke(Method.java:525)
05-20 10:56:13.900 I/System.out(26771): com.android.internal.os.ZygoteInit$MethodAndArgsCaller.run(ZygoteInit.java:737)
05-20 10:56:13.900 I/System.out(26771): com.android.internal.os.ZygoteInit.main(ZygoteInit.java:553)
05-20 10:56:13.900 I/System.out(26771): dalvik.system.NativeStart.main(Native Method)
05-20 10:56:14.096 E/QueryController(27066): Cannot proceed when root node is null. Aborted search
05-20 10:56:14.096 E/QueryController(27066): Got null root node from accessibility - Retrying...
05-20 10:56:14.158 D/dalvikvm(26771): JIT unchain all for threadid=11
05-20 10:56:14.181 D/EmailProvider(27100): EmailProvider ready.
05-20 10:56:14.197 D/dalvikvm(26771): GC_FOR_ALLOC freed 4299K, 27% free 12202K/16588K, paused 295ms, total 297ms
05-20 10:56:14.197 I/dalvikvm-heap(26771): Grow heap (frag case) to 15.209MB for 3415696-byte allocation
05-20 10:56:14.439 E/QueryController(27066): Got null root node from accessibility - Retrying...
05-20 10:56:14.455 D/dalvikvm(26771): JIT unchain all for threadid=11
05-20 10:56:14.502 D/dalvikvm(26771): GC_FOR_ALLOC freed <1K, 7% free 15536K/16588K, paused 296ms, total 296ms
05-20 10:56:14.502 D/        (26771): [---null: -1---]  xxd info.title: Phone
05-20 10:56:14.689 E/QueryController(27066): Got null root node from accessibility - Retrying...
05-20 10:56:14.752 D/dalvikvm(26771): JIT unchain all for threadid=11
05-20 10:56:14.783 D/MDM :   (26771): [null:-1]->icon instanceof BitmapDrawable
05-20 10:56:14.783 D/MDM :   (26771): [null:-1]->  iconWidth 104
05-20 10:56:14.783 D/MDM :   (26771): [null:-1]->  iconHeight 104
05-20 10:56:14.783 D/MDM :   (26771): [null:-1]->  107 104
05-20 10:56:14.783 D/        (26771): [---null: -1---]  xxd  getPackageName  com.pekall.emdm.launcher
05-20 10:56:14.783 D/        (26771): [---null: -1---]  xxd  getClassName  com.pekall.emdm.messagecenter.activity.MessageMainActivity
05-20 10:56:14.939 E/QueryController(27066): Cannot proceed when root node is null. Aborted search
05-20 10:56:14.939 E/QueryController(27066): Got null root node from accessibility - Retrying...
05-20 10:56:15.127 W/ActivityManager(  374): Unable to start service Intent { cmp=com.pekall.emdm.launcher/com.pekall.semail.service.AttachmentDownloadService } U=0: not found
05-20 10:56:15.135 D/dalvikvm(26771): JIT unchain all for threadid=11
05-20 10:56:15.150 D/        (26771): [---null: -1---]  xxd info.title: Message Center
05-20 10:56:15.158 D/dalvikvm(26771): GC_CONCURRENT freed 179K, 7% free 15580K/16588K, paused 260ms+324ms, total 655ms
05-20 10:56:15.181 D/MDM :   (26771): [null:-1]->statusCode : 200
05-20 10:56:15.181 D/MDM :   (26771): [null:-1]->statusCode : 200
05-20 10:56:15.181 V/DEBUG   (26771): HTTP 1
05-20 10:56:15.181 D/MDM :   (26771): [null:-1]->read network input stream
05-20 10:56:15.189 E/QueryController(27066): Got null root node from accessibility - Retrying...
05-20 10:56:15.189 D/MDM :   (26771): [null:-1]->icon instanceof BitmapDrawable
05-20 10:56:15.197 D/MDM :   (26771): [null:-1]->  iconWidth 104
05-20 10:56:15.197 D/MDM :   (26771): [null:-1]->  iconHeight 104
05-20 10:56:15.197 D/MDM :   (26771): [null:-1]->Get joson string: {"result":0,"mdmClientInfos":{"id":25,"type":51107,"url":"https://test.mdm.everknow.cn/resources/api/v1/download/guest?uuid=58a4677f067041285b7d03e8ea9f","pkgName":"com.pekall.emdm.launcher","platform":51201,"comId":1,"appVersionCode":72,"appVersionName":"BYOD_2.1.0424","appAuthor":null,"appIcon":null,"appName":"Pekall enterprise mobile office","appSize":null,"minSdk":null,"updateTime":1398754856000,"forceUpdate":0,"updateInfo":null,"new":false}}
05-20 10:56:15.197 D/MDM :   (26771): [null:-1]->  107 104
05-20 10:56:15.197 D/        (26771): [---null: -1---]  xxd  getPackageName  com.pekall.emdm.launcher
05-20 10:56:15.197 D/MdmService(26771): [null:-1]->handleCheckInResult
05-20 10:56:15.205 D/        (26771): [---null: -1---]  xxd  getClassName  com.pekall.emdm.document.activity.DocMainActivity
05-20 10:56:15.205 D/MdmService(26771): [null:-1]->handleCheckInResult result keyIndex: 3
05-20 10:56:15.228 D/MDM :   (26771): [null:-1]->username is : zhenhua.sang@pekall.com ,pwd is 123456
05-20 10:56:15.228 I/System.out(26771): [cjx]authenticateUser,zhenhua.sang@pekall.com,123456
05-20 10:56:15.228 I/System.out(26771): [cjx]to generate user KEK now,keyLength:32,algorithm:Rijndael256
05-20 10:56:15.236 D/NetworkThread(26771): [null:-1]->clear mCurrentTransInfo
05-20 10:56:15.244 D/NetworkThread(26771): [null:-1]->queue is empty, thread wait...
05-20 10:56:15.260 D/ExchangeService(26771): !!! EAS ExchangeService, onCreate
05-20 10:56:15.267 D/CommandManager(26771): [null:-1]->execute command: CommandMsg{CommandUUID='840dcdcc-0693-404e-8132-f19304233e53', Command=CommandObject{RequestType='DeviceInformation'}}
05-20 10:56:15.330 D/        (26771): [---null: -1---]  xxd info.title: Document Manager
05-20 10:56:15.346 D/MDM :   (26771): [null:-1]->icon instanceof BitmapDrawable
05-20 10:56:15.346 W/Parcel  ( 1661): Attempt to read object from Parcel 0x5ec3bdac at offset 200 that is not in the object list
05-20 10:56:15.346 D/MDM :   (26771): [null:-1]->  iconWidth 104
05-20 10:56:15.353 D/MDM :   (26771): [null:-1]->  iconHeight 104
05-20 10:56:15.353 D/MDM :   (26771): [null:-1]->  107 104
05-20 10:56:15.353 D/        (26771): [---null: -1---]  xxd  getPackageName  com.pekall.emdm.launcher
05-20 10:56:15.353 D/        (26771): [---null: -1---]  xxd  getClassName  com.pekall.emdm.launcher.ui.BackPersonalActivity
05-20 10:56:15.361 D/        (26771): [---null: -1---]  xxd info.title: Personal Mode
05-20 10:56:15.361 D/MDM :   (26771): [null:-1]->icon instanceof BitmapDrawable
05-20 10:56:15.361 D/MDM :   (26771): [null:-1]->  iconWidth 104
05-20 10:56:15.361 D/MDM :   (26771): [null:-1]->  iconHeight 104
05-20 10:56:15.361 D/MDM :   (26771): [null:-1]->  107 104
05-20 10:56:15.361 D/        (26771): [---null: -1---]  xxd  getPackageName  com.pekall.emdm.launcher
05-20 10:56:15.361 D/        (26771): [---null: -1---]  xxd  getClassName  com.pekall.semail.activity.Welcome
05-20 10:56:15.369 D/        (26771): [---null: -1---]  xxd info.title: Email
05-20 10:56:15.369 D/MDM :   (26771): [null:-1]->icon instanceof BitmapDrawable
05-20 10:56:15.377 D/MDM :   (26771): [null:-1]->  iconWidth 104
05-20 10:56:15.377 D/MDM :   (26771): [null:-1]->  iconHeight 104
05-20 10:56:15.377 D/MDM :   (26771): [null:-1]->  107 104
05-20 10:56:15.377 D/        (26771): [---null: -1---]  xxd  getPackageName  com.pekall.emdm.launcher
05-20 10:56:15.385 D/        (26771): [---null: -1---]  xxd  getClassName  com.pekall.emdm.contacts.activities.PeopleActivity
05-20 10:56:15.385 D/        (26771): [---null: -1---]  xxd info.title: EmdmContacts
05-20 10:56:15.400 D/MDM :   (26771): [null:-1]->icon instanceof BitmapDrawable
05-20 10:56:15.400 D/MDM :   (26771): [null:-1]->  iconWidth 104
05-20 10:56:15.400 D/MDM :   (26771): [null:-1]->  iconHeight 104
05-20 10:56:15.400 D/MDM :   (26771): [null:-1]->  107 104
05-20 10:56:15.400 D/        (26771): [---null: -1---]  xxd  getPackageName  com.pekall.emdm.launcher
05-20 10:56:15.400 D/        (26771): [---null: -1---]  xxd  getClassName  com.pekall.emdm.browser.BrowserActivity
05-20 10:56:15.408 D/        (26771): [---null: -1---]  xxd info.title: Safe Browser
05-20 10:56:15.416 D/MDM :   (26771): [null:-1]->icon instanceof BitmapDrawable
05-20 10:56:15.416 D/MDM :   (26771): [null:-1]->  iconWidth 104
05-20 10:56:15.416 D/MDM :   (26771): [null:-1]->  iconHeight 104
05-20 10:56:15.416 D/MDM :   (26771): [null:-1]->  107 104
05-20 10:56:15.416 D/        (26771): [---null: -1---]  xxd  getPackageName  com.pekall.emdm.launcher
05-20 10:56:15.424 D/        (26771): [---null: -1---]  xxd  getClassName  com.pekall.emdm.launcher.ui.AboutActivity
05-20 10:56:15.424 D/        (26771): [---null: -1---]  xxd info.title: About
05-20 10:56:15.431 D/MDM :   (26771): [null:-1]->icon instanceof BitmapDrawable
05-20 10:56:15.431 D/MDM :   (26771): [null:-1]->  iconWidth 104
05-20 10:56:15.439 D/MDM :   (26771): [null:-1]->  iconHeight 104
05-20 10:56:15.439 D/MDM :   (26771): [null:-1]->  107 104
05-20 10:56:15.439 D/        (26771): [---null: -1---]  xxd  getPackageName  com.pekall.emdm.launcher
05-20 10:56:15.439 D/        (26771): [---null: -1---]  xxd  getClassName  com.pekall.emdm.launcher.ui.SettingActivity
05-20 10:56:15.439 D/        (26771): [---null: -1---]  xxd info.title: Setting
05-20 10:56:15.439 E/QueryController(27066): Got null root node from accessibility - Retrying...
05-20 10:56:15.439 D/HomeLoaders(26771):   ----> workspace loader 1 finished loading data
05-20 10:56:15.439 D/HomeLoaders(26771):   ----> worskpace items=11
05-20 10:56:15.439 D/HomeLoaders(26771):   ----> worskpace widgets=0
05-20 10:56:15.439 D/HomeLoaders(26771):   --> done loading workspace; not stopped
05-20 10:56:15.439 D/HomeLoaders(26771):   ----> items cloned, ready to refresh UI
05-20 10:56:15.439 D/HomeLoaders(26771):   ----> loading applications from workspace loader
05-20 10:56:15.439 D/HomeLoaders(26771):   --> starting applications loader unlocked
05-20 10:56:15.439 D/HomeLoaders(26771):   --> starting applications loader
05-20 10:56:15.447 D/HomeLoaders(26771):   ----> running applications loader (1)
05-20 10:56:15.455 D/MDM :   (26771): [null:-1]->icon instanceof BitmapDrawable
05-20 10:56:15.455 D/MDM :   (26771): [null:-1]->  iconWidth 104
05-20 10:56:15.455 D/MDM :   (26771): [null:-1]->  iconHeight 104
05-20 10:56:15.455 D/MDM :   (26771): [null:-1]->  107 104
05-20 10:56:15.463 D/MDM :   (26771): [null:-1]->icon instanceof BitmapDrawable
05-20 10:56:15.463 D/MDM :   (26771): [null:-1]->  iconWidth 104
05-20 10:56:15.463 D/MDM :   (26771): [null:-1]->  iconHeight 104
05-20 10:56:15.463 D/MDM :   (26771): [null:-1]->  107 104
05-20 10:56:15.463 D/MDM :   (26771): [null:-1]->icon instanceof BitmapDrawable
05-20 10:56:15.463 D/MDM :   (26771): [null:-1]->  iconWidth 104
05-20 10:56:15.463 D/MDM :   (26771): [null:-1]->  iconHeight 104
05-20 10:56:15.463 D/MDM :   (26771): [null:-1]->  107 104
05-20 10:56:15.463 D/MDM :   (26771): [null:-1]->icon instanceof BitmapDrawable
05-20 10:56:15.463 D/MDM :   (26771): [null:-1]->  iconWidth 104
05-20 10:56:15.463 D/MDM :   (26771): [null:-1]->  iconHeight 104
05-20 10:56:15.463 D/MDM :   (26771): [null:-1]->  107 104
05-20 10:56:15.471 I/System.out(26771): [cjx]blockSize:32
05-20 10:56:15.471 I/System.out(26771): [cjx]iv:[112, 101, 107, 97, 108, 108, 50, 48, 49, 52, 97, 101, 115, 99, 106, 120, 112, 101, 107, 97, 108, 108, 50, 48, 49, 52, 97, 101, 115, 99, 106, 120]
05-20 10:56:15.471 I/System.out(26771): [cjx]secret:[-94, 35, 21, 34, 6, -61, -108, -46, 6, 56, -82, 111, 24, -59, 0, -21, 43, -46, -16, 27, -76, 52, 9, 117, -69, 64, 55, -122, -120, -69, -38, 9]
05-20 10:56:15.478 D/MDM :   (26771): [null:-1]->icon instanceof BitmapDrawable
05-20 10:56:15.478 D/MDM :   (26771): [null:-1]->  iconWidth 101
05-20 10:56:15.478 D/MDM :   (26771): [null:-1]->  iconHeight 101
05-20 10:56:15.478 I/System.out(26771): [cjx]to generate user KEK now,keyLength:32,algorithm:Rijndael256
05-20 10:56:15.478 D/MDM :   (26771): [null:-1]->  107 101
05-20 10:56:15.486 D/MDM :   (26771): [null:-1]->icon instanceof BitmapDrawable
05-20 10:56:15.486 D/MDM :   (26771): [null:-1]->  iconWidth 104
05-20 10:56:15.486 D/MDM :   (26771): [null:-1]->  iconHeight 104
05-20 10:56:15.486 D/MDM :   (26771): [null:-1]->  107 104
05-20 10:56:15.494 D/MDM :   (26771): [null:-1]->icon instanceof BitmapDrawable
05-20 10:56:15.494 D/MDM :   (26771): [null:-1]->  iconWidth 104
05-20 10:56:15.494 D/MDM :   (26771): [null:-1]->  iconHeight 104
05-20 10:56:15.494 D/MDM :   (26771): [null:-1]->  107 104
05-20 10:56:15.494 D/MDM :   (26771): [null:-1]->icon instanceof BitmapDrawable
05-20 10:56:15.494 D/MDM :   (26771): [null:-1]->  iconWidth 104
05-20 10:56:15.494 D/MDM :   (26771): [null:-1]->  iconHeight 104
05-20 10:56:15.494 D/MDM :   (26771): [null:-1]->  107 104
05-20 10:56:15.502 D/MDM :   (26771): [null:-1]->icon instanceof BitmapDrawable
05-20 10:56:15.502 D/MDM :   (26771): [null:-1]->  iconWidth 104
05-20 10:56:15.502 D/MDM :   (26771): [null:-1]->  iconHeight 104
05-20 10:56:15.502 D/MDM :   (26771): [null:-1]->  107 104
05-20 10:56:15.517 D/MDM :   (26771): [null:-1]->icon instanceof BitmapDrawable
05-20 10:56:15.517 D/MDM :   (26771): [null:-1]->  iconWidth 104
05-20 10:56:15.517 D/MDM :   (26771): [null:-1]->  iconHeight 104
05-20 10:56:15.517 D/MDM :   (26771): [null:-1]->  107 104
05-20 10:56:15.689 E/QueryController(27066): Cannot proceed when root node is null. Aborted search
05-20 10:56:15.689 E/QueryController(27066): Got null root node from accessibility - Retrying...
05-20 10:56:15.713 I/Email   (27100): Notifications being toggled: false
05-20 10:56:15.799 D/dalvikvm(10683): GC_CONCURRENT freed 392K, 7% free 9506K/10128K, paused 13ms+2ms, total 887ms
05-20 10:56:15.861 D/dalvikvm(26771): JIT unchain all for threadid=11
05-20 10:56:15.971 E/QueryController(27066): Got null root node from accessibility - Retrying...
05-20 10:56:16.166 D/dalvikvm(26771): JIT unchain all for threadid=11
05-20 10:56:16.189 D/dalvikvm(26771): GC_CONCURRENT freed 1434K, 9% free 16292K/17776K, paused 271ms+269ms, total 584ms
05-20 10:56:16.221 I/System.out(26771): [cjx]blockSize:32
05-20 10:56:16.221 E/QueryController(27066): Got null root node from accessibility - Retrying...
05-20 10:56:16.228 I/System.out(26771): [cjx]iv:[112, 101, 107, 97, 108, 108, 50, 48, 49, 52, 97, 101, 115, 99, 106, 120, 112, 101, 107, 97, 108, 108, 50, 48, 49, 52, 97, 101, 115, 99, 106, 120]
05-20 10:56:16.228 I/System.out(26771): [cjx]secret:[-94, 35, 21, 34, 6, -61, -108, -46, 6, 56, -82, 111, 24, -59, 0, -21, 43, -46, -16, 27, -76, 52, 9, 117, -69, 64, 55, -122, -120, -69, -38, 9]
05-20 10:56:16.252 D/MDM :   (26771): [null:-1]->MSG_WEBSOCKET_MESSAGE : {"id":-1039330106,"type":0,"command":0,"result":0,"reason":0,"params":{"msgId":"a5883133-48d1-4ba2-b4fb-46080a3b51b8,a588313348d14ba2b4fb46080a3b51b8","device":"00013fbc8ecec5b90000014613abe64a","message":"{\"cmd\":\"10119\"}"}}
05-20 10:56:16.260 D/MdmService(26771): [null:-1]->push message type :0
05-20 10:56:16.260 D/MdmService(26771): [null:-1]->cmdMessage : {"cmd":"10119"}
05-20 10:56:16.260 D/MdmService(26771): [null:-1]->command : PushCommandMsg{cmd='10119', msg='null'}
05-20 10:56:16.260 D/MdmService(26771): [null:-1]->MdmStatusManager is busy , wait......
05-20 10:56:16.299 I/Choreographer(26771): Skipped 64 frames!  The application may be doing too much work on its main thread.
05-20 10:56:16.299 W/ActivityManager(  374): Unable to start service Intent { cmp=com.pekall.emdm.launcher/com.pekall.semail.service.AttachmentDownloadService } U=0: not found
05-20 10:56:16.306 I/Email   (26771): Notifications being toggled: false
05-20 10:56:16.314 D/        (26771): [---null: -1---]  1111222  mLongAxisStartPadding110
05-20 10:56:16.314 D/        (26771): [---null: -1---]  11112223  heightSpecSize1094
05-20 10:56:16.314 D/        (26771): [---null: -1---]  11112223  mLongAxisStartPadding110
05-20 10:56:16.314 D/        (26771): [---null: -1---]  11112223  mLongAxisEndPadding110
05-20 10:56:16.314 D/        (26771): [---null: -1---]  11112223  mRows4
05-20 10:56:16.314 D/        (26771): [---null: -1---]  1111222  mLongAxisStartPadding110
05-20 10:56:16.322 D/        (26771): [---null: -1---]  11112223  heightSpecSize1094
05-20 10:56:16.322 D/        (26771): [---null: -1---]  11112223  mLongAxisStartPadding110
05-20 10:56:16.322 D/        (26771): [---null: -1---]  11112223  mLongAxisEndPadding110
05-20 10:56:16.322 D/        (26771): [---null: -1---]  11112223  mRows4
05-20 10:56:16.322 D/        (26771): [---null: -1---]  1111222  mLongAxisStartPadding110
05-20 10:56:16.330 D/        (26771): [---null: -1---]  11112223  heightSpecSize1094
05-20 10:56:16.330 D/        (26771): [---null: -1---]  11112223  mLongAxisStartPadding110
05-20 10:56:16.330 D/        (26771): [---null: -1---]  11112223  mLongAxisEndPadding110
05-20 10:56:16.330 D/        (26771): [---null: -1---]  11112223  mRows4
05-20 10:56:16.330 D/        (26771): [---null: -1---]  1111222  mLongAxisStartPadding110
05-20 10:56:16.338 D/        (26771): [---null: -1---]  11112223  heightSpecSize1094
05-20 10:56:16.338 D/        (26771): [---null: -1---]  11112223  mLongAxisStartPadding110
05-20 10:56:16.338 D/        (26771): [---null: -1---]  11112223  mLongAxisEndPadding110
05-20 10:56:16.338 D/        (26771): [---null: -1---]  11112223  mRows4
05-20 10:56:16.338 D/        (26771): [---null: -1---]  1111222  mLongAxisStartPadding110
05-20 10:56:16.346 D/        (26771): [---null: -1---]  11112223  heightSpecSize1094
05-20 10:56:16.346 D/        (26771): [---null: -1---]  11112223  mLongAxisStartPadding110
05-20 10:56:16.346 D/        (26771): [---null: -1---]  11112223  mLongAxisEndPadding110
05-20 10:56:16.346 D/        (26771): [---null: -1---]  11112223  mRows4
05-20 10:56:16.353 D/        (26771): [---null: -1---]  1111222  mLongAxisStartPadding110
05-20 10:56:16.353 D/        (26771): [---null: -1---]  11112223  heightSpecSize1094
05-20 10:56:16.353 D/        (26771): [---null: -1---]  11112223  mLongAxisStartPadding110
05-20 10:56:16.353 D/        (26771): [---null: -1---]  11112223  mLongAxisEndPadding110
05-20 10:56:16.361 D/        (26771): [---null: -1---]  11112223  mRows4
05-20 10:56:16.361 D/        (26771): [---null: -1---]  1111222  mLongAxisStartPadding110
05-20 10:56:16.361 D/        (26771): [---null: -1---]  11112223  heightSpecSize1094
05-20 10:56:16.361 D/        (26771): [---null: -1---]  11112223  mLongAxisStartPadding110
05-20 10:56:16.361 D/        (26771): [---null: -1---]  11112223  mLongAxisEndPadding110
05-20 10:56:16.369 D/        (26771): [---null: -1---]  11112223  mRows4
05-20 10:56:16.369 D/        (26771): [---null: -1---]  1111222  mLongAxisStartPadding110
05-20 10:56:16.377 D/        (26771): [---null: -1---]  11112223  heightSpecSize1094
05-20 10:56:16.377 D/        (26771): [---null: -1---]  11112223  mLongAxisStartPadding110
05-20 10:56:16.377 D/        (26771): [---null: -1---]  11112223  mLongAxisEndPadding110
05-20 10:56:16.377 D/        (26771): [---null: -1---]  11112223  mRows4
05-20 10:56:16.377 D/        (26771): [---null: -1---]  1111222  mLongAxisStartPadding110
05-20 10:56:16.377 D/        (26771): [---null: -1---]  11112223  heightSpecSize1094
05-20 10:56:16.377 D/        (26771): [---null: -1---]  11112223  mLongAxisStartPadding110
05-20 10:56:16.385 D/        (26771): [---null: -1---]  11112223  mLongAxisEndPadding110
05-20 10:56:16.385 D/        (26771): [---null: -1---]  11112223  mRows4
05-20 10:56:16.385 D/        (26771): [---null: -1---]  1111222  mLongAxisStartPadding110
05-20 10:56:16.392 D/        (26771): [---null: -1---]  11112223  heightSpecSize1094
05-20 10:56:16.392 D/        (26771): [---null: -1---]  11112223  mLongAxisStartPadding110
05-20 10:56:16.392 D/        (26771): [---null: -1---]  11112223  mLongAxisEndPadding110
05-20 10:56:16.392 D/        (26771): [---null: -1---]  11112223  mRows4
05-20 10:56:16.556 E/QueryController(27066): Cannot proceed when root node is null. Aborted search
05-20 10:56:16.580 E/QueryController(27066): Got null root node from accessibility - Retrying...
05-20 10:56:16.580 V/l       (26771): Connected: com.pekall.exchange.ExchangeService
05-20 10:56:16.596 W/Parcel  ( 1661): Attempt to read object from Parcel 0x5ded3dac at offset 200 that is not in the object list
05-20 10:56:16.596 D/ExchangeService(26771): !!! EAS ExchangeService, onStartCommand, startingUp = false, running = false
05-20 10:56:16.596 D/ExchangeService(26771): to start secureStorageService now
05-20 10:56:16.596 D/HomeLoaders(26771):   ----> onDesktopItemsLoaded()
05-20 10:56:16.596 V/l       (26771): Task setLogging completed; disconnecting
05-20 10:56:16.596 W/ActivityManager(  374): Unable to start service Intent { act=pekall.intent.action.DOWNLOAD_APP (has extras) } U=0: not found
05-20 10:56:16.603 D/Launcher(26771): ------> binding 11 items
05-20 10:56:16.603 D/Launcher(26771): ------> binding 0 widgets
05-20 10:56:16.603 D/Launcher(26771): ------> start binding items
05-20 10:56:16.603 D/HomeLoaders(26771):   ----> cleared application list
05-20 10:56:16.728 D/MDM :   (26771): [null:-1]->  iconWidth 104
05-20 10:56:16.728 D/MDM :   (26771): [null:-1]->  iconHeight 104
05-20 10:56:16.736 D/MDM :   (26771): [null:-1]->  107 104
05-20 10:56:16.736 D/MDM :   (26771): [null:-1]->width 104
05-20 10:56:16.736 D/MDM :   (26771): [null:-1]->height 104
05-20 10:56:16.736 D/MDM :   (26771): [null:-1]->scale 1.0
05-20 10:56:16.736 D/MDM :   (26771): [null:-1]->tint false
05-20 10:56:16.736 D/MDM :   (26771): [null:-1]->width 104
05-20 10:56:16.736 D/MDM :   (26771): [null:-1]->height 104
05-20 10:56:16.736 D/MDM :   (26771): [null:-1]->scale 1.0
05-20 10:56:16.736 D/MDM :   (26771): [null:-1]->tint false
05-20 10:56:16.744 D/MDM :   (26771): [null:-1]->  iconWidth 104
05-20 10:56:16.744 I/ActivityManager(  374): Displayed com.pekall.emdm.launcher/.Launcher: +6s960ms
05-20 10:56:16.744 D/MDM :   (26771): [null:-1]->  iconHeight 104
05-20 10:56:16.744 D/MDM :   (26771): [null:-1]->  107 104
05-20 10:56:16.744 D/MDM :   (26771): [null:-1]->width 104
05-20 10:56:16.744 D/MDM :   (26771): [null:-1]->height 104
05-20 10:56:16.744 D/MDM :   (26771): [null:-1]->scale 1.0
05-20 10:56:16.752 D/MDM :   (26771): [null:-1]->tint false
05-20 10:56:16.752 D/MDM :   (26771): [null:-1]->width 104
05-20 10:56:16.752 D/MDM :   (26771): [null:-1]->height 104
05-20 10:56:16.752 D/MDM :   (26771): [null:-1]->scale 1.0
05-20 10:56:16.752 D/MDM :   (26771): [null:-1]->tint false
05-20 10:56:16.760 D/MDM :   (26771): [null:-1]->width 104
05-20 10:56:16.760 D/MDM :   (26771): [null:-1]->height 104
05-20 10:56:16.760 D/MDM :   (26771): [null:-1]->scale 1.0
05-20 10:56:16.767 D/MDM :   (26771): [null:-1]->tint false
05-20 10:56:16.767 D/MDM :   (26771): [null:-1]->  iconWidth 104
05-20 10:56:16.775 D/MDM :   (26771): [null:-1]->  iconHeight 104
05-20 10:56:16.775 D/MDM :   (26771): [null:-1]->  107 104
05-20 10:56:16.775 D/MDM :   (26771): [null:-1]->width 104
05-20 10:56:16.775 D/MDM :   (26771): [null:-1]->height 104
05-20 10:56:16.775 D/MDM :   (26771): [null:-1]->scale 1.0
05-20 10:56:16.775 D/MDM :   (26771): [null:-1]->tint false
05-20 10:56:16.775 D/MDM :   (26771): [null:-1]->width 104
05-20 10:56:16.775 D/MDM :   (26771): [null:-1]->height 104
05-20 10:56:16.775 D/MDM :   (26771): [null:-1]->scale 1.0
05-20 10:56:16.775 D/MDM :   (26771): [null:-1]->tint false
05-20 10:56:16.783 D/MDM :   (26771): [null:-1]->width 104
05-20 10:56:16.791 D/MDM :   (26771): [null:-1]->height 104
05-20 10:56:16.791 D/MDM :   (26771): [null:-1]->scale 1.0
05-20 10:56:16.791 D/MDM :   (26771): [null:-1]->tint false
05-20 10:56:16.814 D/MDM :   (26771): [null:-1]->  iconWidth 104
05-20 10:56:16.814 D/MDM :   (26771): [null:-1]->  iconHeight 104
05-20 10:56:16.814 D/MDM :   (26771): [null:-1]->  107 104
05-20 10:56:16.830 D/        (26771): [---null: -1---]  xxd111  getPackageName  com.pekall.emdm.launcher
05-20 10:56:16.830 D/        (26771): [---null: -1---]  xxd111  getClassName  com.pekall.emdm.document.activity.DocMainActivity
05-20 10:56:16.830 D/        (26771): [---null: -1---]  xxd111  info.title  Document Manager ,count is 0
05-20 10:56:16.830 D/MDM :   (26771): [null:-1]->  iconWidth 104
05-20 10:56:16.838 D/MDM :   (26771): [null:-1]->  iconHeight 104
05-20 10:56:16.838 D/MDM :   (26771): [null:-1]->  107 104
05-20 10:56:16.838 D/        (26771): [---null: -1---]  xxd111  getPackageName  com.pekall.emdm.launcher
05-20 10:56:16.838 D/        (26771): [---null: -1---]  xxd111  getClassName  com.pekall.emdm.launcher.ui.BackPersonalActivity
05-20 10:56:16.838 D/        (26771): [---null: -1---]  xxd111  info.title  Personal Mode ,count is 0
05-20 10:56:16.838 D/MDM :   (26771): [null:-1]->  iconWidth 104
05-20 10:56:16.838 D/MDM :   (26771): [null:-1]->  iconHeight 104
05-20 10:56:16.838 D/MDM :   (26771): [null:-1]->  107 104
05-20 10:56:16.838 D/        (26771): [---null: -1---]  xxd111  getPackageName  com.pekall.emdm.launcher
05-20 10:56:16.838 D/        (26771): [---null: -1---]  xxd111  getClassName  com.pekall.semail.activity.Welcome
05-20 10:56:16.846 D/        (26771): [---null: -1---]  xxd111  info.title  Email ,count is 0
05-20 10:56:16.846 D/        (26771): [---null: -1---]  1111222  mLongAxisStartPadding110
05-20 10:56:16.846 D/        (26771): [---null: -1---]  11112223  heightSpecSize1094
05-20 10:56:16.853 D/        (26771): [---null: -1---]  11112223  mLongAxisStartPadding110
05-20 10:56:16.853 D/        (26771): [---null: -1---]  11112223  mLongAxisEndPadding110
05-20 10:56:16.853 D/        (26771): [---null: -1---]  11112223  mRows4
05-20 10:56:16.861 D/        (26771): [---null: -1---]  1111222  mLongAxisStartPadding110
05-20 10:56:17.111 D/dalvikvm(26771): JIT unchain all for threadid=11
05-20 10:56:17.119 D/        (26771): [---null: -1---]  11112223  heightSpecSize1094
05-20 10:56:17.119 D/        (26771): [---null: -1---]  11112223  mLongAxisStartPadding110
05-20 10:56:17.119 D/        (26771): [---null: -1---]  11112223  mLongAxisEndPadding110
05-20 10:56:17.119 D/        (26771): [---null: -1---]  11112223  mRows4
05-20 10:56:17.119 D/        (26771): [---null: -1---]  1111222  mLongAxisStartPadding110
05-20 10:56:17.119 D/        (26771): [---null: -1---]  11112223  heightSpecSize1094
05-20 10:56:17.127 D/        (26771): [---null: -1---]  11112223  mLongAxisStartPadding110
05-20 10:56:17.127 D/        (26771): [---null: -1---]  11112223  mLongAxisEndPadding110
05-20 10:56:17.135 D/        (26771): [---null: -1---]  11112223  mRows4
05-20 10:56:17.431 D/dalvikvm(26771): JIT unchain all for threadid=11
05-20 10:56:17.463 D/dalvikvm(26771): GC_CONCURRENT freed 2332K, 13% free 16413K/18792K, paused 260ms+266ms, total 601ms
05-20 10:56:17.463 D/dalvikvm(26771): WAIT_FOR_CONCURRENT_GC blocked 312ms
05-20 10:56:17.463 D/        (26771): [---null: -1---]  1111222  mLongAxisStartPadding110
05-20 10:56:17.463 D/        (26771): [---null: -1---]  11112223  heightSpecSize1094
05-20 10:56:17.463 D/        (26771): [---null: -1---]  11112223  mLongAxisStartPadding110
05-20 10:56:17.463 D/        (26771): [---null: -1---]  11112223  mLongAxisEndPadding110
05-20 10:56:17.463 D/        (26771): [---null: -1---]  11112223  mRows4
05-20 10:56:17.471 D/        (26771): [---null: -1---]  1111222  mLongAxisStartPadding110
05-20 10:56:17.471 D/        (26771): [---null: -1---]  11112223  heightSpecSize1094
05-20 10:56:17.471 D/        (26771): [---null: -1---]  11112223  mLongAxisStartPadding110
05-20 10:56:17.478 D/        (26771): [---null: -1---]  11112223  mLongAxisEndPadding110
05-20 10:56:17.478 D/        (26771): [---null: -1---]  11112223  mRows4
05-20 10:56:17.486 D/        (26771): [---null: -1---]  1111222  mLongAxisStartPadding110
05-20 10:56:17.486 D/        (26771): [---null: -1---]  11112223  heightSpecSize1094
05-20 10:56:17.486 D/        (26771): [---null: -1---]  11112223  mLongAxisStartPadding110
05-20 10:56:17.486 D/        (26771): [---null: -1---]  11112223  mLongAxisEndPadding110
05-20 10:56:17.486 D/        (26771): [---null: -1---]  11112223  mRows4
05-20 10:56:17.494 D/        (26771): [---null: -1---]  1111222  mLongAxisStartPadding110
05-20 10:56:17.494 D/        (26771): [---null: -1---]  11112223  heightSpecSize1094
05-20 10:56:17.494 D/        (26771): [---null: -1---]  11112223  mLongAxisStartPadding110
05-20 10:56:17.494 D/        (26771): [---null: -1---]  11112223  mLongAxisEndPadding110
05-20 10:56:17.494 D/        (26771): [---null: -1---]  11112223  mRows4
05-20 10:56:17.502 D/        (26771): [---null: -1---]  1111222  mLongAxisStartPadding110
05-20 10:56:17.502 D/        (26771): [---null: -1---]  11112223  heightSpecSize1094
05-20 10:56:17.502 D/        (26771): [---null: -1---]  11112223  mLongAxisStartPadding110
05-20 10:56:17.510 D/        (26771): [---null: -1---]  11112223  mLongAxisEndPadding110
05-20 10:56:17.510 D/        (26771): [---null: -1---]  11112223  mRows4
05-20 10:56:17.510 D/        (26771): [---null: -1---]  1111222  mLongAxisStartPadding110
05-20 10:56:17.510 D/        (26771): [---null: -1---]  11112223  heightSpecSize1094
05-20 10:56:17.510 D/        (26771): [---null: -1---]  11112223  mLongAxisStartPadding110
05-20 10:56:17.517 D/        (26771): [---null: -1---]  11112223  mLongAxisEndPadding110
05-20 10:56:17.517 D/        (26771): [---null: -1---]  11112223  mRows4
05-20 10:56:17.517 D/        (26771): [---null: -1---]  1111222  mLongAxisStartPadding110
05-20 10:56:17.525 D/        (26771): [---null: -1---]  11112223  heightSpecSize1094
05-20 10:56:17.525 D/        (26771): [---null: -1---]  11112223  mLongAxisStartPadding110
05-20 10:56:17.525 D/        (26771): [---null: -1---]  11112223  mLongAxisEndPadding110
05-20 10:56:17.525 D/        (26771): [---null: -1---]  11112223  mRows4
05-20 10:56:17.658 V/a       (26771): Bind requested for task test
05-20 10:56:17.736 I/QueryController(27066): Matched selector: UiSelector[TEXT=Personal Mode] <<==>> [android.view.accessibility.AccessibilityNodeInfo@14cbc; boundsInParent: Rect(0, 0 - 160, 200); boundsInScreen: Rect(190, 608 - 350, 808); packageName: com.pekall.emdm.launcher; className: android.widget.TextView; text: Personal Mode; contentDescription: null; viewIdResName: null; checkable: false; checked: false; focusable: false; focused: false; selected: false; clickable: true; longClickable: true; enabled: true; password: false; scrollable: false; [ACTION_SELECT, ACTION_CLEAR_SELECTION, ACTION_CLICK, ACTION_LONG_CLICK, ACTION_ACCESSIBILITY_FOCUS, ACTION_NEXT_AT_MOVEMENT_GRANULARITY, ACTION_PREVIOUS_AT_MOVEMENT_GRANULARITY, ACTION_SET_SELECTION]]
05-20 10:56:17.736 D/MDM :   (26771): [null:-1]->  iconWidth 104
05-20 10:56:17.744 D/MDM :   (26771): [null:-1]->  iconHeight 104
05-20 10:56:17.744 D/MDM :   (26771): [null:-1]->  107 104
05-20 10:56:17.744 D/        (26771): [---null: -1---]  xxd111  getPackageName  com.pekall.emdm.launcher
05-20 10:56:17.744 D/        (26771): [---null: -1---]  xxd111  getClassName  com.pekall.emdm.contacts.activities.PeopleActivity
05-20 10:56:17.744 D/        (26771): [---null: -1---]  xxd111  info.title  EmdmContacts ,count is 0
05-20 10:56:17.744 I/ActivityManager(  374): START u0 {act=android.intent.action.MAIN cat=[android.intent.category.HOME] flg=0x10200000 cmp=com.pekall.emdm.launcher/.Launcher} from pid 374
05-20 10:56:17.752 D/MDM :   (26771): [null:-1]->  iconWidth 104
05-20 10:56:17.752 D/MDM :   (26771): [null:-1]->  iconHeight 104
05-20 10:56:17.752 D/MDM :   (26771): [null:-1]->  107 104
05-20 10:56:17.760 D/        (26771): [---null: -1---]  xxd111  getPackageName  com.pekall.emdm.launcher
05-20 10:56:17.760 D/        (26771): [---null: -1---]  xxd111  getClassName  com.pekall.emdm.browser.BrowserActivity
05-20 10:56:17.767 D/        (26771): [---null: -1---]  xxd111  info.title  Safe Browser ,count is 0
05-20 10:56:17.767 D/MDM :   (26771): [null:-1]->  iconWidth 104
05-20 10:56:17.767 D/MDM :   (26771): [null:-1]->  iconHeight 104
05-20 10:56:17.767 D/MDM :   (26771): [null:-1]->  107 104
05-20 10:56:17.767 D/        (26771): [---null: -1---]  xxd111  getPackageName  com.pekall.emdm.launcher
05-20 10:56:17.767 D/        (26771): [---null: -1---]  xxd111  getClassName  com.pekall.emdm.launcher.ui.AboutActivity
05-20 10:56:17.767 D/        (26771): [---null: -1---]  xxd111  info.title  About ,count is 0
05-20 10:56:17.775 D/MDM :   (26771): [null:-1]->  iconWidth 104
05-20 10:56:17.775 D/MDM :   (26771): [null:-1]->  iconHeight 104
05-20 10:56:17.775 D/MDM :   (26771): [null:-1]->  107 104
05-20 10:56:17.783 D/        (26771): [---null: -1---]  xxd111  getPackageName  com.pekall.emdm.launcher
05-20 10:56:17.783 D/        (26771): [---null: -1---]  xxd111  getClassName  com.pekall.emdm.launcher.ui.SettingActivity
05-20 10:56:17.783 D/        (26771): [---null: -1---]  xxd111  info.title  Setting ,count is 0
05-20 10:56:17.799 D/        (26771): [---null: -1---]  1111222  mLongAxisStartPadding110
05-20 10:56:17.822 D/        (26771): [---null: -1---]  11112223  heightSpecSize1094
05-20 10:56:17.822 D/        (26771): [---null: -1---]  11112223  mLongAxisStartPadding110
05-20 10:56:17.822 D/        (26771): [---null: -1---]  11112223  mLongAxisEndPadding110
05-20 10:56:17.822 D/        (26771): [---null: -1---]  11112223  mRows4
05-20 10:56:17.838 D/        (26771): [---null: -1---]  1111222  mLongAxisStartPadding110
05-20 10:56:17.838 D/        (26771): [---null: -1---]  11112223  heightSpecSize1094
05-20 10:56:17.838 D/        (26771): [---null: -1---]  11112223  mLongAxisStartPadding110
05-20 10:56:17.838 D/        (26771): [---null: -1---]  11112223  mLongAxisEndPadding110
05-20 10:56:17.838 D/        (26771): [---null: -1---]  11112223  mRows4
05-20 10:56:17.892 D/LauncherApplication(26771): [null:-1]->onActivityPaused
05-20 10:56:17.892 D/LauncherApplication(26771): [null:-1]->onActivityPaused  updateTime
05-20 10:56:18.150 D/dalvikvm(26771): JIT unchain all for threadid=14
05-20 10:56:18.189 D/dalvikvm(26771): GC_FOR_ALLOC freed 1072K, 12% free 16696K/18920K, paused 285ms, total 287ms
05-20 10:56:18.447 D/dalvikvm(26771): JIT unchain all for threadid=11
05-20 10:56:18.486 D/dalvikvm(26771): GC_FOR_ALLOC freed 3K, 11% free 17318K/19304K, paused 289ms, total 289ms
05-20 10:56:18.502 D/ExchangeService(26771): Reconciling accounts...
05-20 10:56:18.502 V/a       (26771): Bind requested for task reconcileAccounts
05-20 10:56:18.541 V/a       (26771): Waiting for task reconcileAccounts to complete...
05-20 10:56:18.541 D/        (26771): [---null: -1---]     awsa  onActivityResumed
05-20 10:56:18.541 V/LauncherApplication(26771): 2MdmConstant.LAST_LAUNCH_TIME = 1400554577899
05-20 10:56:18.549 D/        (26771): [---null: -1---]  activity = com.pekall.emdm.launcher.Launcher
05-20 10:56:18.549 V/DefultSetContriller(26771): isLauncherDf = com.pekall.emdm.launcher
05-20 10:56:18.556 V/DefultSetContriller(26771): isLauncherDf = com.pekall.emdm.launcher
05-20 10:56:18.556 V/DefultSetContriller(26771): isPhoneDf = com.pekall.emdm.launcher
05-20 10:56:18.556 E/LauncherApplication(26771): isShowLogoutUI = true
05-20 10:56:18.556 E/LauncherApplication(26771): LogoutShowTime 1
05-20 10:56:18.556 V/Launcher(26771): onResume1111111 
05-20 10:56:18.556 V/Launcher(26771): is login ----> 
05-20 10:56:18.556 I/System.out(26771):  
05-20 10:56:18.556 I/System.out(26771): com.pekall.emdm.launcher.Workspace.setWallpaper(Unknown Source)
05-20 10:56:18.556 I/System.out(26771): com.pekall.emdm.launcher.Launcher.onResume(Unknown Source)
05-20 10:56:18.556 I/System.out(26771): android.app.Instrumentation.callActivityOnResume(Instrumentation.java:1192)
05-20 10:56:18.564 I/System.out(26771): android.app.Activity.performResume(Activity.java:5211)
05-20 10:56:18.564 I/System.out(26771): android.app.ActivityThread.performNewIntents(ActivityThread.java:2345)
