05-20 10:52:07.627 W/ActivityManager(  374): Scheduling restart of crashed service com.pekall.emdm.launcher/com.pekall.emailcommon.accountprovision.AccountProvisionService in 15000ms
05-20 10:52:07.627 W/ActivityManager(  374): Scheduling restart of crashed service com.pekall.emdm.launcher/com.pekall.emdm.MdmService in 25000ms
05-20 10:52:07.627 I/WindowState(  374): WIN DEATH: Window{42853eb8 u0 com.pekall.emdm.launcher/com.pekall.emdm.launcher.Launcher}
05-20 10:52:07.861 W/InputMethodManagerService(  374): Got RemoteException sending setActive(false) notification to pid 12519 uid 10066
05-20 10:52:12.642 I/ActivityManager(  374): Start proc com.pekall.emdm.launcher for service com.pekall.emdm.launcher/com.pekall.emdm.contacts.service.PhoneService: pid=26771 uid=10066 gids={50066, 1015, 3002, 3001, 3003, 1028}
05-20 10:52:15.510 I/ActivityManager(  374): Start proc com.qihoo360.mobilesafe:remote for content provider com.qihoo360.mobilesafe/.shield.provider.EmptyProvider: pid=26800 uid=10069 gids={50069, 3003, 1015, 3001, 3002, 1006, 1028}
05-20 10:52:16.267 W/ActivityManager(  374): Unable to start service Intent { cmp=com.pekall.emdm.launcher/com.pekall.semail.service.AttachmentDownloadService } U=0: not found
05-20 10:52:18.619 W/ActivityManager(  374): Unable to start service Intent { act=pekall.intent.action.DOWNLOAD_APP (has extras) } U=0: not found
05-20 10:52:21.885 W/ActivityManager(  374): Unable to start service Intent { act=pekall.intent.action.DOWNLOAD_APP (has extras) } U=0: not found
05-20 10:52:37.017 I/ActivityManager(  374): Start proc com.pekall.emdm.launcher:remote for service com.pekall.emdm.launcher/com.baidu.location.f: pid=26843 uid=10066 gids={50066, 1015, 3002, 3001, 3003, 1028}
05-20 10:52:37.338 I/PowerManagerService(  374): Going to sleep due to screen timeout...
05-20 10:52:37.361 D/ActivityThread(26843): Loading provider com.pekall.semail.provider;com.pekall.semail.notifier: com.pekall.semail.provider.EmailProvider
05-20 10:52:37.424 D/ActivityThread(26843): Loading provider com.pekall.semail.provider;com.pekall.semail.notifier: com.pekall.semail.provider.EmailProvider
05-20 10:52:41.486 W/ActivityManager(  374): Unable to start service Intent { cmp=com.pekall.emdm.launcher/com.pekall.semail.service.AttachmentDownloadService } U=0: not found
05-20 10:52:43.119 D/PhoneStatusBar(  448): disable: < expand icons alerts ticker system_info back home RECENT* clock SEARCH* >
05-20 10:52:43.197 D/PhoneStatusBar(  448): disable: < expand icons alerts ticker system_info BACK* HOME* RECENT CLOCK* SEARCH >
05-20 10:52:49.119 W/BroadcastQueue(  374): Timeout of broadcast BroadcastRecord{430f8468 u-1 android.intent.action.SCREEN_OFF} - receiver=android.os.BinderProxy@42d96450, started 10001ms ago
05-20 10:52:49.119 W/BroadcastQueue(  374): Receiver during timeout: BroadcastFilter{42d62ad0 u0 ReceiverList{42d8de10 26843 com.pekall.emdm.launcher:remote/10066/u0 remote:42d96450}}
05-20 10:52:56.346 W/MountService(  374): getVolumeState(/storage/emulated/0/external_sd): Unknown volume
05-20 10:52:56.549 W/MountService(  374): getVolumeState(/mnt/sdcard-ext): Unknown volume
05-20 10:52:56.580 W/MountService(  374): getVolumeState(/mnt/ext_sdcard): Unknown volume
05-20 10:52:56.580 W/MountService(  374): getVolumeState(/mnt/sdcard2): Unknown volume
05-20 10:52:56.596 W/MountService(  374): getVolumeState(/mnt/emmc): Unknown volume
05-20 10:52:56.611 W/MountService(  374): getVolumeState(/mnt/extSdCard): Unknown volume
05-20 10:52:56.627 W/MountService(  374): getVolumeState(/mnt/sdcard/SD_CARD): Unknown volume
05-20 10:52:56.627 W/MountService(  374): getVolumeState(/mnt/sdcard/extra_sd): Unknown volume
05-20 10:52:56.783 W/MountService(  374): getVolumeState(/mnt/extrasd_bind): Unknown volume
05-20 10:52:56.783 W/MountService(  374): getVolumeState(/mnt/sdcard/ext_sd): Unknown volume
05-20 10:52:56.814 W/MountService(  374): getVolumeState(/storage/extSdCard): Unknown volume
05-20 10:52:56.830 W/MountService(  374): getVolumeState(/storage/sdcard1): Unknown volume
05-20 10:52:56.846 W/MountService(  374): getVolumeState(/mnt/sdcard/external_SD): Unknown volume
05-20 10:52:56.986 W/MountService(  374): getVolumeState(/mnt/sdcard/external_sd): Unknown volume
05-20 10:52:57.869 E/ActivityManager(  374): ANR in com.pekall.emdm.launcher:remote
05-20 10:52:57.869 E/ActivityManager(  374): Reason: Broadcast of Intent { act=android.intent.action.SCREEN_OFF flg=0x50000010 }
05-20 10:52:57.869 E/ActivityManager(  374): Load: 2.68 / 1.6 / 1.56
05-20 10:52:57.869 E/ActivityManager(  374): CPU usage from 1134ms to -8713ms ago with 99% awake:
05-20 10:52:57.869 E/ActivityManager(  374):   90% 26843/com.pekall.emdm.launcher:remote: 90% user + 0% kernel / faults: 112 minor
05-20 10:52:57.869 E/ActivityManager(  374):   87% 26771/com.pekall.emdm.launcher: 87% user + 0.2% kernel / faults: 183 minor
05-20 10:52:57.869 E/ActivityManager(  374):   17% 374/system_server: 12% user + 4.1% kernel / faults: 383 minor
05-20 10:52:57.869 E/ActivityManager(  374):   2.5% 448/com.android.systemui: 2.2% user + 0.3% kernel / faults: 24 minor
05-20 10:52:57.869 E/ActivityManager(  374):   0.6% 1468/com.qihoo.daemon: 0.3% user + 0.3% kernel / faults: 188 minor
05-20 10:52:57.869 E/ActivityManager(  374):   0.3% 561/com.android.phone: 0.2% user + 0.1% kernel / faults: 27 minor
05-20 10:52:57.869 E/ActivityManager(  374):   0.3% 568/com.android.nfc: 0.3% user + 0% kernel / faults: 28 minor
05-20 10:52:57.869 E/ActivityManager(  374):   0.2% 24876/com.qihoo.appstore: 0.1% user + 0.1% kernel / faults: 2 minor
05-20 10:52:57.869 E/ActivityManager(  374):   0.1% 82/mmcqd/0: 0% user + 0.1% kernel
05-20 10:52:57.869 E/ActivityManager(  374):   0% 24939/kworker/0:2: 0% user + 0% kernel
05-20 10:52:57.869 E/ActivityManager(  374):   0.1% 26157/com.nd.assistance.ServerService: 0% user + 0.1% kernel / faults: 1 minor
05-20 10:52:57.869 E/ActivityManager(  374):  +0% 26884/cat: 0% user + 0% kernel
05-20 10:52:57.869 E/ActivityManager(  374): 100% TOTAL: 97% user + 2.6% kernel
05-20 10:52:57.869 E/ActivityManager(  374): CPU usage from 7774ms to 8334ms later:
05-20 10:52:57.869 E/ActivityManager(  374):   96% 26771/com.pekall.emdm.launcher: 96% user + 0% kernel
05-20 10:52:57.869 E/ActivityManager(  374):     96% 26784/Thread-1176: 96% user + 0% kernel
05-20 10:52:57.869 E/ActivityManager(  374):   89% 26843/com.pekall.emdm.launcher:remote: 89% user + 0% kernel
05-20 10:52:57.869 E/ActivityManager(  374):     91% 26856/Thread-1182: 91% user + 0% kernel
05-20 10:52:57.869 E/ActivityManager(  374):   9% 374/system_server: 0% user + 9% kernel
05-20 10:52:57.869 E/ActivityManager(  374):     9% 390/ActivityManager: 0% user + 9% kernel
05-20 10:52:57.869 E/ActivityManager(  374):   1.7% 1468/com.qihoo.daemon: 0% user + 1.7% kernel / faults: 8 minor
05-20 10:52:57.869 E/ActivityManager(  374):     1.7% 23967/pool-97-thread-: 0% user + 1.7% kernel
05-20 10:52:57.869 E/ActivityManager(  374): 100% TOTAL: 94% user + 5.4% kernel
05-20 10:52:57.885 W/ActivityManager(  374): Killing ProcessRecord{428f28f0 26843:com.pekall.emdm.launcher:remote/u0a10066}: background ANR
05-20 10:52:57.885 W/ActivityManager(  374): Timeout executing service: ServiceRecord{42d711c0 u0 com.pekall.emdm.launcher/com.baidu.location.f}
05-20 10:52:57.885 I/ActivityManager(  374): Skipping duplicate ANR: ProcessRecord{428f28f0 26843:com.pekall.emdm.launcher:remote/u0a10066} Executing service com.pekall.emdm.launcher/com.baidu.location.f
05-20 10:52:58.010 I/ActivityManager(  374): Process com.pekall.emdm.launcher:remote (pid 26843) has died.
05-20 10:52:58.010 W/ActivityManager(  374): Scheduling restart of crashed service com.pekall.emdm.launcher/com.baidu.location.f in 5000ms
05-20 10:52:58.596 W/MountService(  374): getVolumeState(/storage/emulated/0/external_sd): Unknown volume
05-20 10:52:58.596 W/MountService(  374): getVolumeState(/mnt/sdcard-ext): Unknown volume
05-20 10:52:58.596 W/MountService(  374): getVolumeState(/mnt/ext_sdcard): Unknown volume
05-20 10:52:58.603 W/MountService(  374): getVolumeState(/mnt/sdcard2): Unknown volume
05-20 10:52:58.603 W/MountService(  374): getVolumeState(/mnt/emmc): Unknown volume
05-20 10:52:58.603 W/MountService(  374): getVolumeState(/mnt/extSdCard): Unknown volume
05-20 10:52:58.603 W/MountService(  374): getVolumeState(/mnt/sdcard/SD_CARD): Unknown volume
05-20 10:52:58.603 W/MountService(  374): getVolumeState(/mnt/sdcard/extra_sd): Unknown volume
05-20 10:52:58.603 W/MountService(  374): getVolumeState(/mnt/extrasd_bind): Unknown volume
05-20 10:52:58.603 W/MountService(  374): getVolumeState(/mnt/sdcard/ext_sd): Unknown volume
05-20 10:52:58.603 W/MountService(  374): getVolumeState(/storage/extSdCard): Unknown volume
05-20 10:52:58.603 W/MountService(  374): getVolumeState(/storage/sdcard1): Unknown volume
05-20 10:52:58.603 W/MountService(  374): getVolumeState(/mnt/sdcard/external_SD): Unknown volume
05-20 10:52:58.619 W/MountService(  374): getVolumeState(/mnt/sdcard/external_sd): Unknown volume
05-20 10:53:03.025 I/ActivityManager(  374): Start proc com.pekall.emdm.launcher:remote for service com.pekall.emdm.launcher/com.baidu.location.f: pid=26886 uid=10066 gids={50066, 1015, 3002, 3001, 3003, 1028}
05-20 10:53:03.338 D/ActivityThread(26886): Loading provider com.pekall.semail.provider;com.pekall.semail.notifier: com.pekall.semail.provider.EmailProvider
05-20 10:53:03.588 D/ActivityThread(26886): Loading provider com.pekall.semail.provider;com.pekall.semail.notifier: com.pekall.semail.provider.EmailProvider
05-20 10:53:05.986 W/ActivityManager(  374): Unable to start service Intent { cmp=com.pekall.emdm.launcher/com.pekall.semail.service.AttachmentDownloadService } U=0: not found
05-20 10:53:23.056 W/ActivityManager(  374): Timeout executing service: ServiceRecord{42d711c0 u0 com.pekall.emdm.launcher/com.baidu.location.f}
05-20 10:53:30.463 E/ActivityManager(  374): ANR in com.pekall.emdm.launcher:remote
05-20 10:53:30.463 E/ActivityManager(  374): Reason: Executing service com.pekall.emdm.launcher/com.baidu.location.f
05-20 10:53:30.463 E/ActivityManager(  374): Load: 2.78 / 1.72 / 1.6
05-20 10:53:30.463 E/ActivityManager(  374): CPU usage from 0ms to 7370ms later:
05-20 10:53:30.463 E/ActivityManager(  374):   87% 26886/com.pekall.emdm.launcher:remote: 87% user + 0.2% kernel / faults: 115 minor
05-20 10:53:30.463 E/ActivityManager(  374):   86% 26771/com.pekall.emdm.launcher: 86% user + 0% kernel
05-20 10:53:30.463 E/ActivityManager(  374):   21% 374/system_server: 17% user + 3.9% kernel / faults: 360 minor
05-20 10:53:30.463 E/ActivityManager(  374):   0.9% 448/com.android.systemui: 0.8% user + 0.1% kernel / faults: 24 minor
05-20 10:53:30.463 E/ActivityManager(  374):   0.3% 561/com.android.phone: 0.1% user + 0.1% kernel / faults: 28 minor
05-20 10:53:30.463 E/ActivityManager(  374):   0.1% 568/com.android.nfc: 0% user + 0% kernel / faults: 28 minor
05-20 10:53:30.463 E/ActivityManager(  374):   0% 135/adbd: 0% user + 0% kernel
05-20 10:53:30.463 E/ActivityManager(  374):   0.1% 24876/com.qihoo.appstore: 0% user + 0.1% kernel / faults: 1 minor
05-20 10:53:30.463 E/ActivityManager(  374):   0.1% 26157/com.nd.assistance.ServerService: 0.1% user + 0% kernel / faults: 2 minor
05-20 10:53:30.463 E/ActivityManager(  374): 100% TOTAL: 97% user + 2.9% kernel
05-20 10:53:30.463 E/ActivityManager(  374): CPU usage from 6574ms to 7111ms later:
05-20 10:53:30.463 E/ActivityManager(  374):   100% 26886/com.pekall.emdm.launcher:remote: 100% user + 0% kernel
05-20 10:53:30.463 E/ActivityManager(  374):     98% 26899/Thread-1185: 98% user + 0% kernel
05-20 10:53:30.463 E/ActivityManager(  374):   92% 26771/com.pekall.emdm.launcher: 92% user + 0% kernel
05-20 10:53:30.463 E/ActivityManager(  374):     94% 26784/Thread-1176: 94% user + 0% kernel
05-20 10:53:30.463 E/ActivityManager(  374):   5.4% 374/system_server: 3.6% user + 1.8% kernel
05-20 10:53:30.463 E/ActivityManager(  374):     9% 390/ActivityManager: 5.4% user + 3.6% kernel
05-20 10:53:30.463 E/ActivityManager(  374): 100% TOTAL: 98% user + 1.8% kernel
05-20 10:53:30.463 W/ActivityManager(  374): Killing ProcessRecord{4253a458 26886:com.pekall.emdm.launcher:remote/u0a10066}: background ANR
05-20 10:53:30.572 I/ActivityManager(  374): Process com.pekall.emdm.launcher:remote (pid 26886) has died.
05-20 10:53:30.572 W/ActivityManager(  374): Scheduling restart of crashed service com.pekall.emdm.launcher/com.baidu.location.f in 5000ms
05-20 10:53:35.611 I/ActivityManager(  374): Start proc com.pekall.emdm.launcher:remote for service com.pekall.emdm.launcher/com.baidu.location.f: pid=26916 uid=10066 gids={50066, 1015, 3002, 3001, 3003, 1028}
05-20 10:53:36.041 D/ActivityThread(26916): Loading provider com.pekall.semail.provider;com.pekall.semail.notifier: com.pekall.semail.provider.EmailProvider
05-20 10:53:36.064 D/ActivityThread(26916): Loading provider com.pekall.semail.provider;com.pekall.semail.notifier: com.pekall.semail.provider.EmailProvider
05-20 10:53:40.658 W/ActivityManager(  374): Unable to start service Intent { cmp=com.pekall.emdm.launcher/com.pekall.semail.service.AttachmentDownloadService } U=0: not found
05-20 10:53:55.635 W/ActivityManager(  374): Timeout executing service: ServiceRecord{42d711c0 u0 com.pekall.emdm.launcher/com.baidu.location.f}
05-20 10:54:03.767 W/MountService(  374): getVolumeState(/storage/emulated/0/external_sd): Unknown volume
05-20 10:54:03.775 W/MountService(  374): getVolumeState(/mnt/sdcard-ext): Unknown volume
05-20 10:54:03.791 W/MountService(  374): getVolumeState(/mnt/ext_sdcard): Unknown volume
05-20 10:54:03.791 W/MountService(  374): getVolumeState(/mnt/sdcard2): Unknown volume
05-20 10:54:03.822 W/MountService(  374): getVolumeState(/mnt/emmc): Unknown volume
05-20 10:54:03.892 W/MountService(  374): getVolumeState(/mnt/extSdCard): Unknown volume
05-20 10:54:03.971 W/MountService(  374): getVolumeState(/mnt/sdcard/SD_CARD): Unknown volume
05-20 10:54:04.056 W/MountService(  374): getVolumeState(/mnt/sdcard/extra_sd): Unknown volume
05-20 10:54:04.119 W/MountService(  374): getVolumeState(/mnt/extrasd_bind): Unknown volume
05-20 10:54:04.142 W/MountService(  374): getVolumeState(/mnt/sdcard/ext_sd): Unknown volume
05-20 10:54:04.166 W/MountService(  374): getVolumeState(/storage/extSdCard): Unknown volume
05-20 10:54:04.166 W/MountService(  374): getVolumeState(/storage/sdcard1): Unknown volume
05-20 10:54:04.166 W/MountService(  374): getVolumeState(/mnt/sdcard/external_SD): Unknown volume
05-20 10:54:04.189 W/MountService(  374): getVolumeState(/mnt/sdcard/external_sd): Unknown volume
05-20 10:54:05.955 E/ActivityManager(  374): ANR in com.pekall.emdm.launcher:remote
05-20 10:54:05.955 E/ActivityManager(  374): Reason: Executing service com.pekall.emdm.launcher/com.baidu.location.f
05-20 10:54:05.955 E/ActivityManager(  374): Load: 3.13 / 1.93 / 1.67
05-20 10:54:05.955 E/ActivityManager(  374): CPU usage from 0ms to 10290ms later with 99% awake:
05-20 10:54:05.955 E/ActivityManager(  374):   90% 26771/com.pekall.emdm.launcher: 90% user + 0.1% kernel / faults: 117 minor
05-20 10:54:05.955 E/ActivityManager(  374):   86% 26916/com.pekall.emdm.launcher:remote: 86% user + 0.1% kernel / faults: 116 minor
05-20 10:54:05.955 E/ActivityManager(  374):   16% 374/system_server: 13% user + 3.7% kernel / faults: 344 minor
05-20 10:54:05.955 E/ActivityManager(  374):   2.5% 448/com.android.systemui: 2.2% user + 0.2% kernel / faults: 24 minor
05-20 10:54:05.955 E/ActivityManager(  374):   0.1% 1468/com.qihoo.daemon: 0.1% user + 0% kernel / faults: 663 minor
05-20 10:54:05.955 E/ActivityManager(  374):   0.9% 1661/com.qihoo360.mobilesafe:GuardService: 0.7% user + 0.1% kernel / faults: 56 minor
05-20 10:54:05.955 E/ActivityManager(  374):   0.1% 561/com.android.phone: 0.1% user + 0% kernel / faults: 30 minor
05-20 10:54:05.955 E/ActivityManager(  374):   0.1% 568/com.android.nfc: 0% user + 0% kernel / faults: 28 minor
05-20 10:54:05.955 E/ActivityManager(  374):   0% 82/mmcqd/0: 0% user + 0% kernel
05-20 10:54:05.955 E/ActivityManager(  374):   0.1% 24876/com.qihoo.appstore: 0% user + 0% kernel / faults: 2 minor
05-20 10:54:05.955 E/ActivityManager(  374):   0% 114/jbd2/mmcblk0p12: 0% user + 0% kernel
05-20 10:54:05.955 E/ActivityManager(  374):   0% 4648/logcat: 0% user + 0% kernel
05-20 10:54:05.955 E/ActivityManager(  374):   0% 10785/com.tencent.android.qqdownloader: 0% user + 0% kernel / faults: 15 minor
05-20 10:54:05.955 E/ActivityManager(  374):   0% 26157/com.nd.assistance.ServerService: 0% user + 0% kernel / faults: 3 minor
05-20 10:54:05.955 E/ActivityManager(  374): 100% TOTAL: 97% user + 2.7% kernel
05-20 10:54:05.955 E/ActivityManager(  374): CPU usage from 9244ms to 9782ms later:
05-20 10:54:05.955 E/ActivityManager(  374):   96% 26771/com.pekall.emdm.launcher: 96% user + 0% kernel
05-20 10:54:05.955 E/ActivityManager(  374):     94% 26784/Thread-1176: 94% user + 0% kernel
05-20 10:54:05.955 E/ActivityManager(  374):   83% 26916/com.pekall.emdm.launcher:remote: 83% user + 0% kernel
05-20 10:54:05.955 E/ActivityManager(  374):     83% 26929/Thread-1188: 83% user + 0% kernel
05-20 10:54:05.955 E/ActivityManager(  374):   11% 374/system_server: 3.7% user + 7.4% kernel
05-20 10:54:05.955 E/ActivityManager(  374):     5.5% 390/ActivityManager: 0% user + 5.5% kernel
05-20 10:54:05.955 E/ActivityManager(  374):     1.8% 631/Binder_A: 1.8% user + 0% kernel
05-20 10:54:05.955 E/ActivityManager(  374):   1.9% 1468/com.qihoo.daemon: 1.9% user + 0% kernel / faults: 360 minor
05-20 10:54:05.955 E/ActivityManager(  374):     2.8% 23965/pool-97-thread-: 2.8% user + 0% kernel
05-20 10:54:05.955 E/ActivityManager(  374):     0.9% 1475/Compiler: 0% user + 0.9% kernel
05-20 10:54:05.955 E/ActivityManager(  374):   0.7% 114/jbd2/mmcblk0p12: 0% user + 0.7% kernel
05-20 10:54:05.955 E/ActivityManager(  374):   1% 1661/com.qihoo360.mobilesafe:GuardService: 1% user + 0% kernel
05-20 10:54:05.955 E/ActivityManager(  374): 100% TOTAL: 96% user + 3.7% kernel
05-20 10:54:05.971 W/ActivityManager(  374): Killing ProcessRecord{4253f8f0 26916:com.pekall.emdm.launcher:remote/u0a10066}: background ANR
05-20 10:54:06.088 I/ActivityManager(  374): Process com.pekall.emdm.launcher:remote (pid 26916) has died.
05-20 10:54:06.088 W/ActivityManager(  374): Scheduling restart of crashed service com.pekall.emdm.launcher/com.baidu.location.f in 20000ms
05-20 10:54:06.525 W/MountService(  374): getVolumeState(/storage/emulated/0/external_sd): Unknown volume
05-20 10:54:06.525 W/MountService(  374): getVolumeState(/mnt/sdcard-ext): Unknown volume
05-20 10:54:06.525 W/MountService(  374): getVolumeState(/mnt/ext_sdcard): Unknown volume
05-20 10:54:06.533 W/MountService(  374): getVolumeState(/mnt/sdcard2): Unknown volume
05-20 10:54:06.533 W/MountService(  374): getVolumeState(/mnt/emmc): Unknown volume
05-20 10:54:06.533 W/MountService(  374): getVolumeState(/mnt/extSdCard): Unknown volume
05-20 10:54:06.533 W/MountService(  374): getVolumeState(/mnt/sdcard/SD_CARD): Unknown volume
05-20 10:54:06.533 W/MountService(  374): getVolumeState(/mnt/sdcard/extra_sd): Unknown volume
05-20 10:54:06.533 W/MountService(  374): getVolumeState(/mnt/extrasd_bind): Unknown volume
05-20 10:54:06.533 W/MountService(  374): getVolumeState(/mnt/sdcard/ext_sd): Unknown volume
05-20 10:54:06.533 W/MountService(  374): getVolumeState(/storage/extSdCard): Unknown volume
05-20 10:54:06.533 W/MountService(  374): getVolumeState(/storage/sdcard1): Unknown volume
05-20 10:54:06.533 W/MountService(  374): getVolumeState(/mnt/sdcard/external_SD): Unknown volume
05-20 10:54:06.541 W/MountService(  374): getVolumeState(/mnt/sdcard/external_sd): Unknown volume
05-20 10:54:26.111 I/ActivityManager(  374): Start proc com.pekall.emdm.launcher:remote for service com.pekall.emdm.launcher/com.baidu.location.f: pid=26951 uid=10066 gids={50066, 1015, 3002, 3001, 3003, 1028}
05-20 10:54:26.627 D/ActivityThread(26951): Loading provider com.pekall.semail.provider;com.pekall.semail.notifier: com.pekall.semail.provider.EmailProvider
05-20 10:54:26.658 D/ActivityThread(26951): Loading provider com.pekall.semail.provider;com.pekall.semail.notifier: com.pekall.semail.provider.EmailProvider
05-20 10:54:29.760 W/ActivityManager(  374): Unable to start service Intent { cmp=com.pekall.emdm.launcher/com.pekall.semail.service.AttachmentDownloadService } U=0: not found
05-20 10:54:43.111 I/PowerManagerService(  374): Waking up from sleep...
05-20 10:54:43.252 I/WindowManager(  374): Lock screen displayed!
05-20 10:54:46.150 W/ActivityManager(  374): Timeout executing service: ServiceRecord{42d711c0 u0 com.pekall.emdm.launcher/com.baidu.location.f}
--------- beginning of /dev/log/main
05-20 10:54:51.299 D/CommandManager(26771): [null:-1]->requestType: SelectErase
05-20 10:54:51.478 I/Process (  374): Sending signal. PID: 26771 SIG: 3
05-20 10:54:51.478 I/dalvikvm(26771): threadid=3: reacting to signal 3
05-20 10:54:51.681 I/Process (  374): Sending signal. PID: 510 SIG: 3
05-20 10:54:51.681 I/dalvikvm(  510): threadid=3: reacting to signal 3
05-20 10:54:51.721 I/dalvikvm(  510): Wrote stack traces to '/data/anr/traces.txt'
05-20 10:54:51.728 D/dalvikvm(26771): JIT unchain all for threadid=11
05-20 10:54:51.744 E/ActivityManager(  374): ANR in com.pekall.emdm.launcher:remote
05-20 10:54:51.744 E/ActivityManager(  374): Reason: Executing service com.pekall.emdm.launcher/com.baidu.location.f
05-20 10:54:51.744 E/ActivityManager(  374): Load: 2.87 / 2.0 / 1.71
05-20 10:54:51.744 E/ActivityManager(  374): CPU usage from 0ms to 5574ms later with 99% awake:
05-20 10:54:51.744 E/ActivityManager(  374):   85% 26771/com.pekall.emdm.launcher: 84% user + 1.2% kernel / faults: 1768 minor 1 major
05-20 10:54:51.744 E/ActivityManager(  374):   85% 26951/com.pekall.emdm.launcher:remote: 84% user + 0.7% kernel / faults: 112 minor
05-20 10:54:51.744 E/ActivityManager(  374):   18% 374/system_server: 15% user + 3.7% kernel / faults: 355 minor
05-20 10:54:51.744 E/ActivityManager(  374):   3.2% 448/com.android.systemui: 2.6% user + 0.5% kernel / faults: 40 minor
05-20 10:54:51.744 E/ActivityManager(  374):   1.4% 124/surfaceflinger: 0.8% user + 0.5% kernel / faults: 8 minor
05-20 10:54:51.744 E/ActivityManager(  374):   1% 510/com.android.phasebeam: 0.3% user + 0.7% kernel / faults: 211 minor 3 major
05-20 10:54:51.744 E/ActivityManager(  374):   0.7% 24939/kworker/0:2: 0% user + 0.7% kernel
05-20 10:54:51.744 E/ActivityManager(  374):   0.7% 26624/com.dragon.android.pandaspace:bdservice_v1: 0.5% user + 0.1% kernel / faults: 434 minor 1 major
05-20 10:54:51.744 E/ActivityManager(  374):   0.5% 24874/kworker/u:3: 0% user + 0.5% kernel
05-20 10:54:51.744 E/ActivityManager(  374):   0.3% 117/vold: 0.1% user + 0.1% kernel
05-20 10:54:51.744 E/ActivityManager(  374):   0.3% 121/netd: 0.3% user + 0% kernel
05-20 10:54:51.744 E/ActivityManager(  374):   0.3% 135/adbd: 0.1% user + 0.1% kernel
05-20 10:54:51.744 E/ActivityManager(  374):   0.3% 561/com.android.phone: 0.3% user + 0% kernel / faults: 29 minor
05-20 10:54:51.744 E/ActivityManager(  374):   0.3% 26592/kworker/u:0: 0% user + 0.3% kernel
05-20 10:54:51.744 E/ActivityManager(  374):   0.1% 82/mmcqd/0: 0% user + 0.1% kernel
05-20 10:54:51.744 E/ActivityManager(  374):   0% 92/dhd_dpc: 0% user + 0% kernel
05-20 10:54:51.744 E/ActivityManager(  374):   0.1% 95/ueventd: 0% user + 0.1% kernel
05-20 10:54:51.744 E/ActivityManager(  374):   0.1% 568/com.android.nfc: 0.1% user + 0% kernel / faults: 30 minor
05-20 10:54:51.744 E/ActivityManager(  374):   0.1% 1661/com.qihoo360.mobilesafe:GuardService: 0.1% user + 0% kernel / faults: 11 minor
05-20 10:54:51.744 E/ActivityManager(  374):   0.1% 24876/com.qihoo.appstore: 0.1% user + 0% kernel
05-20 10:54:51.744 E/ActivityManager(  374):   0.1% 26710/kworker/u:4: 0% user + 0.1% kernel
05-20 10:54:51.744 E/ActivityManager(  374):   0% 27006/logcat: 0% user + 0% kernel
05-20 10:54:51.744 E/ActivityManager(  374): 100% TOTAL: 95% user + 4.3% kernel
05-20 10:54:51.744 E/ActivityManager(  374): CPU usage from 4761ms to 5302ms later:
05-20 10:54:51.744 E/ActivityManager(  374):   96% 26771/com.pekall.emdm.launcher: 96% user + 0% kernel / faults: 52 minor
05-20 10:54:51.744 E/ActivityManager(  374):     94% 26784/Thread-1176: 94% user + 0% kernel
05-20 10:54:51.744 E/ActivityManager(  374):    +0% 27014/Timer-0: 0% user + 0% kernel
05-20 10:54:51.744 E/ActivityManager(  374):   88% 26951/com.pekall.emdm.launcher:remote: 88% user + 0% kernel
05-20 10:54:51.744 E/ActivityManager(  374):     88% 26964/Thread-1191: 88% user + 0% kernel
05-20 10:54:51.744 E/ActivityManager(  374):   3.7% 374/system_server: 0% user + 3.7% kernel / faults: 4 minor
05-20 10:54:51.744 E/ActivityManager(  374):     5.5% 390/ActivityManager: 1.8% user + 3.7% kernel
05-20 10:54:51.744 E/ActivityManager(  374):     1.8% 387/er.ServerThread: 1.8% user + 0% kernel
05-20 10:54:51.744 E/ActivityManager(  374):     1.8% 388/UI: 1.8% user + 0% kernel
05-20 10:54:51.744 E/ActivityManager(  374):   1.8% 121/netd: 1.8% user + 0% kernel
05-20 10:54:51.744 E/ActivityManager(  374):     1.8% 360/netd: 1.8% user + 0% kernel
05-20 10:54:51.744 E/ActivityManager(  374):   1% 124/surfaceflinger: 1% user + 0% kernel
05-20 10:54:51.744 E/ActivityManager(  374):     1% 151/SurfaceFlinger: 1% user + 0% kernel
05-20 10:54:51.744 E/ActivityManager(  374):     1% 165/SurfaceFlinger: 1% user + 0% kernel
05-20 10:54:51.744 E/ActivityManager(  374):     1% 169/EventThread: 1% user + 0% kernel
05-20 10:54:51.744 E/ActivityManager(  374):   1% 510/com.android.phasebeam: 0% user + 1% kernel
05-20 10:54:51.744 E/ActivityManager(  374): 100% TOTAL: 97% user + 2.7% kernel
05-20 10:54:51.744 W/ActivityManager(  374): Killing ProcessRecord{42295068 26951:com.pekall.emdm.launcher:remote/u0a10066}: background ANR
05-20 10:54:51.799 I/dalvikvm(26771): Wrote stack traces to '/data/anr/traces.txt'
05-20 10:54:51.838 D/dalvikvm(  374): GC_FOR_ALLOC freed 1565K, 24% free 20910K/27176K, paused 83ms, total 83ms
05-20 10:54:51.838 I/ActivityManager(  374): Process com.pekall.emdm.launcher:remote (pid 26951) has died.
05-20 10:54:51.838 W/ActivityManager(  374): Scheduling restart of crashed service com.pekall.emdm.launcher/com.baidu.location.f in 80000ms
05-20 10:54:51.947 D/dalvikvm(26624): GC_FOR_ALLOC freed 220K, 6% free 9791K/10320K, paused 15ms, total 16ms
05-20 10:54:52.049 D/dalvikvm(26771): JIT unchain all for threadid=11
05-20 10:54:52.056 D/ExchangeService(26771): !!! EAS ExchangeService, onDestroy
05-20 10:54:52.330 D/dalvikvm(26771): JIT unchain all for threadid=11
05-20 10:54:52.330 D/dalvikvm(26624): GC_FOR_ALLOC freed 157K, 6% free 9787K/10320K, paused 15ms, total 15ms
05-20 10:54:52.346 D/dalvikvm(26771): GC_CONCURRENT freed 450K, 7% free 10715K/11432K, paused 259ms+260ms, total 544ms
05-20 10:54:52.353 W/Parcel  ( 1661): Attempt to read object from Parcel 0x6013bdac at offset 200 that is not in the object list
05-20 10:54:52.361 D/MdmDatabaseHelper(26771): [null:-1]->update command b20e670b-86ed-4097-9b85-db022a2369fc to status executed
05-20 10:54:52.510 I/TransInfo(26771): TransInfo created, id: 3, class: class com.pekall.emdm.transaction.c.b
05-20 10:54:52.517 D/NetworkThread(26771): [null:-1]->----isRunning-----true
05-20 10:54:52.517 D/NetworkThread(26771): [null:-1]->----isRunning-----true
05-20 10:54:52.517 D/NetworkThread(26771): [null:-1]->thread wakeup
05-20 10:54:52.533 D/NetworkThread(26771): [null:-1]->sendHttpPost:PostRequest, url: http://192.168.10.21/rest/mdm/v1/ios/android_server, Params: [content:<?xml version="1.0" encoding="UTF-8"?>
05-20 10:54:52.533 D/NetworkThread(26771): <!DOCTYPE plist PUBLIC "-//Apple//DTD PLIST 1.0//EN" "http://www.apple.com/DTDs/PropertyList-1.0.dtd">
05-20 10:54:52.533 D/NetworkThread(26771): <plist version="1.0">
05-20 10:54:52.533 D/NetworkThread(26771): <dict>
05-20 10:54:52.533 D/NetworkThread(26771): 	<key>CommandUUID</key>
05-20 10:54:52.533 D/NetworkThread(26771): 	<string>b20e670b-86ed-4097-9b85-db022a2369fc</string>
05-20 10:54:52.533 D/NetworkThread(26771): 	<key>Status</key>
05-20 10:54:52.533 D/NetworkThread(26771): 	<string>Acknowledged</string>
05-20 10:54:52.533 D/NetworkThread(26771): 	<key>UDID</key>
05-20 10:54:52.533 D/NetworkThread(26771): 	<string>00013fbc8ecec5b90000014613abe64a</string>
05-20 10:54:52.533 D/NetworkThread(26771): </dict>
05-20 10:54:52.533 D/NetworkThread(26771): </plist>], 
05-20 10:54:52.533 D/HttpClient(26771): enable apache.http debug
05-20 10:54:52.549 V/DEBUG   (26771): HTTP 0
05-20 10:54:52.674 D/dalvikvm(26624): GC_FOR_ALLOC freed 158K, 6% free 9787K/10320K, paused 14ms, total 14ms
05-20 10:54:52.892 D/dalvikvm(26624): GC_FOR_ALLOC freed 158K, 6% free 9788K/10320K, paused 14ms, total 15ms
05-20 10:54:53.002 D/dalvikvm(26771): JIT unchain all for threadid=11
05-20 10:54:53.017 D/MDM :   (26771): [null:-1]->statusCode : 200
05-20 10:54:53.025 D/dalvikvm(26624): GC_FOR_ALLOC freed 154K, 6% free 9788K/10320K, paused 17ms, total 17ms
05-20 10:54:53.025 D/MDM :   (26771): [null:-1]->statusCode : 200
05-20 10:54:53.025 V/DEBUG   (26771): HTTP 1
05-20 10:54:53.033 D/MDM :   (26771): [null:-1]->Get joson string: 
05-20 10:54:53.033 D/MdmDatabaseHelper(26771): [null:-1]->update command b20e670b-86ed-4097-9b85-db022a2369fc to status executed
05-20 10:54:53.111 D/dalvikvm(26624): GC_FOR_ALLOC freed 152K, 6% free 9789K/10320K, paused 15ms, total 15ms
05-20 10:54:53.252 D/dalvikvm(26624): GC_FOR_ALLOC freed 153K, 6% free 9789K/10320K, paused 15ms, total 15ms
05-20 10:54:53.299 D/dalvikvm(26771): JIT unchain all for threadid=11
05-20 10:54:53.306 D/NetworkThread(26771): [null:-1]->clear mCurrentTransInfo
05-20 10:54:53.306 D/NetworkThread(26771): [null:-1]->queue is empty, thread wait...
05-20 10:54:53.314 D/dalvikvm(26771): GC_CONCURRENT freed 551K, 7% free 10732K/11432K, paused 269ms+258ms, total 559ms
05-20 10:54:53.314 D/MdmService(26771): [null:-1]->handleCheckInResult
05-20 10:54:53.314 D/MdmService(26771): [null:-1]->handleCheckInResult result keyIndex: 3
05-20 10:54:53.314 D/HandleCommandTask(26771): [null:-1]->execute command msg but beanBase is null
05-20 10:54:53.314 D/MdmStatusManager(26771): [null:-1]->change status to : Idle
05-20 10:54:53.939 D/dalvikvm(26624): GC_FOR_ALLOC freed 146K, 6% free 9789K/10320K, paused 15ms, total 15ms
05-20 10:54:54.010 D/dalvikvm(26624): GC_FOR_ALLOC freed 159K, 6% free 9790K/10320K, paused 16ms, total 16ms
05-20 10:54:54.588 D/dalvikvm(26624): GC_FOR_ALLOC freed 154K, 6% free 9790K/10320K, paused 15ms, total 15ms
05-20 10:54:55.033 D/dalvikvm(26624): GC_FOR_ALLOC freed 158K, 6% free 9791K/10320K, paused 16ms, total 16ms
05-20 10:54:55.041 W/dalvikvm(26624): VFY: unable to find class referenced in signature (Lcom/baidu/location/LocationClient;)
05-20 10:54:55.041 W/dalvikvm(26624): VFY: unable to find class referenced in signature (Lcom/baidu/location/LocationClient;)
05-20 10:54:55.041 I/dalvikvm(26624): Could not find method com.baidu.location.LocationClient.isStarted, referenced from method com.baidu.android.nebula.util.a.run
05-20 10:54:55.041 W/dalvikvm(26624): VFY: unable to resolve virtual method 7860: Lcom/baidu/location/LocationClient;.isStarted ()Z
05-20 10:54:55.041 D/dalvikvm(26624): VFY: replacing opcode 0x6e at 0x000f
05-20 10:54:55.986 W/Parcel  ( 1661): Attempt to read object from Parcel 0x5dfd3dac at offset 200 that is not in the object list
05-20 10:54:56.002 W/MountService(  374): getVolumeState(/storage/emulated/0/external_sd): Unknown volume
05-20 10:54:56.002 W/MountService(  374): getVolumeState(/mnt/sdcard-ext): Unknown volume
05-20 10:54:56.002 W/MountService(  374): getVolumeState(/mnt/ext_sdcard): Unknown volume
05-20 10:54:56.002 W/MountService(  374): getVolumeState(/mnt/sdcard2): Unknown volume
05-20 10:54:56.002 W/MountService(  374): getVolumeState(/mnt/emmc): Unknown volume
05-20 10:54:56.010 D/dalvikvm( 1468): GC_CONCURRENT freed 524K, 21% free 9599K/12104K, paused 4ms+4ms, total 33ms
05-20 10:54:56.010 D/dalvikvm( 1468): WAIT_FOR_CONCURRENT_GC blocked 8ms
05-20 10:54:56.010 W/MountService(  374): getVolumeState(/mnt/extSdCard): Unknown volume
05-20 10:54:56.010 W/MountService(  374): getVolumeState(/mnt/sdcard/SD_CARD): Unknown volume
05-20 10:54:56.010 W/MountService(  374): getVolumeState(/mnt/sdcard/extra_sd): Unknown volume
05-20 10:54:56.010 W/MountService(  374): getVolumeState(/mnt/extrasd_bind): Unknown volume
05-20 10:54:56.010 W/MountService(  374): getVolumeState(/mnt/sdcard/ext_sd): Unknown volume
05-20 10:54:56.010 W/MountService(  374): getVolumeState(/storage/extSdCard): Unknown volume
05-20 10:54:56.010 W/MountService(  374): getVolumeState(/storage/sdcard1): Unknown volume
05-20 10:54:56.017 W/MountService(  374): getVolumeState(/mnt/sdcard/external_SD): Unknown volume
05-20 10:54:56.017 W/MountService(  374): getVolumeState(/mnt/sdcard/external_sd): Unknown volume
05-20 10:54:56.127 D/dalvikvm( 1468): GC_CONCURRENT freed 303K, 20% free 9721K/12104K, paused 3ms+3ms, total 29ms
05-20 10:54:56.205 D/dalvikvm(  561): GC_CONCURRENT freed 408K, 5% free 9398K/9852K, paused 1ms+3ms, total 22ms
05-20 10:54:56.275 W/MountService(  374): getVolumeState(/storage/emulated/0/external_sd): Unknown volume
05-20 10:54:56.275 W/MountService(  374): getVolumeState(/mnt/sdcard-ext): Unknown volume
05-20 10:54:56.275 W/MountService(  374): getVolumeState(/mnt/ext_sdcard): Unknown volume
05-20 10:54:56.275 W/MountService(  374): getVolumeState(/mnt/sdcard2): Unknown volume
05-20 10:54:56.275 W/MountService(  374): getVolumeState(/mnt/emmc): Unknown volume
05-20 10:54:56.275 W/MountService(  374): getVolumeState(/mnt/extSdCard): Unknown volume
05-20 10:54:56.275 W/MountService(  374): getVolumeState(/mnt/sdcard/SD_CARD): Unknown volume
05-20 10:54:56.275 W/MountService(  374): getVolumeState(/mnt/sdcard/extra_sd): Unknown volume
05-20 10:54:56.275 W/MountService(  374): getVolumeState(/mnt/extrasd_bind): Unknown volume
05-20 10:54:56.275 W/MountService(  374): getVolumeState(/mnt/sdcard/ext_sd): Unknown volume
05-20 10:54:56.283 W/MountService(  374): getVolumeState(/storage/extSdCard): Unknown volume
05-20 10:54:56.283 W/MountService(  374): getVolumeState(/storage/sdcard1): Unknown volume
05-20 10:54:56.283 W/MountService(  374): getVolumeState(/mnt/sdcard/external_SD): Unknown volume
05-20 10:54:56.283 W/MountService(  374): getVolumeState(/mnt/sdcard/external_sd): Unknown volume
05-20 10:54:56.314 D/dalvikvm( 1468): GC_CONCURRENT freed 539K, 21% free 9614K/12104K, paused 3ms+2ms, total 22ms
05-20 10:55:01.299 D/CmdSelectEraseDevice(26771): [null:-1]->==========select erase device========
05-20 10:55:01.299 W/Parcel  ( 1661): Attempt to read object from Parcel 0x5dfd3dac at offset 200 that is not in the object list
05-20 10:55:01.306 D/MdmService(26771): [null:-1]->receiver action :com.pekall.mdm.action.SELECT_ERASE
05-20 10:55:01.306 D/mdm_log (26771): [null:-1]->action is : com.pekall.mdm.action.SELECT_ERASE
05-20 10:55:01.314 D/MDM :   (26771): [null:-1]->selectErase start to select eraser data 
05-20 10:55:01.322 V/MdmApp  (26771): [null:-1]->Token for user zhenhua.sang@pekall.com <password '123456', token 'fb2c4b8e9bd2762a2de608873fcaa2b61134'> has expired, ask user to re-login
05-20 10:55:01.353 W/Parcel  ( 1661): Attempt to read object from Parcel 0x5ded3dac at offset 200 that is not in the object list
05-20 10:55:01.361 I/ActivityManager(  374): START u0 {flg=0x10008000 cmp=com.pekall.emdm.launcher/com.pekall.emdm.ui.SplashActivity} from pid 26771
05-20 10:55:01.385 W/Parcel  ( 1661): Attempt to read object from Parcel 0x6013bdac at offset 200 that is not in the object list
05-20 10:55:01.385 W/ActivityManager(  374): Unable to start service Intent { act=com.pekall.mdm.action.SELECT_ERASE } U=0: not found
05-20 10:55:01.431 D/MDM :   (26771): [null:-1]->selectErase clear pushmessage
05-20 10:55:01.697 D/dalvikvm(26771): JIT unchain all for threadid=11
05-20 10:55:01.744 D/dalvikvm(26771): GC_FOR_ALLOC freed 174K, 6% free 10805K/11420K, paused 289ms, total 290ms
05-20 10:55:01.744 I/dalvikvm-heap(26771): Grow heap (frag case) to 11.197MB for 638672-byte allocation
05-20 10:55:01.869 W/ActivityManager(  374): Activity pause timeout for ActivityRecord{42291890 u0 com.pekall.emdm.launcher/com.pekall.emdm.ui.SplashActivity}
05-20 10:55:01.994 D/dalvikvm(26771): JIT unchain all for threadid=11
05-20 10:55:02.025 D/dalvikvm(26771): GC_FOR_ALLOC freed <1K, 6% free 11428K/12044K, paused 279ms, total 279ms
05-20 10:55:02.275 D/dalvikvm(26771): JIT unchain all for threadid=11
05-20 10:55:02.283 D/MDM :   (26771): [null:-1]->selectErase clear doc
05-20 10:55:02.306 V/LauncherApplication(26771): onActivityStarted
05-20 10:55:02.322 D/        (26771): [---null: -1---]     awsa  onActivityResumed
05-20 10:55:02.322 V/LauncherApplication(26771): 2MdmConstant.LAST_LAUNCH_TIME = 0
05-20 10:55:02.580 D/dalvikvm(26771): JIT unchain all for threadid=11
05-20 10:55:02.588 D/        (26771): [---null: -1---]  activity = com.pekall.emdm.ui.SplashActivity
05-20 10:55:02.596 D/dalvikvm(26771): GC_CONCURRENT freed 21K, 5% free 11489K/12044K, paused 257ms+263ms, total 570ms
05-20 10:55:02.611 D/LauncherApplication(26771): [null:-1]->onActivityPaused
05-20 10:55:02.619 D/MDM :   (26771): [null:-1]->selectErase clear managed_app
05-20 10:55:02.627 W/SQLiteOpenHelper(26771): Opened /data/data/com.pekall.emdm.launcher/databases/emdm_contacts.db
05-20 10:55:02.666 I/SqliteDatabaseCpp(26771): sqlite returned: error code = 1, msg = no such table: app, db=/data/data/com.pekall.emdm.launcher/databases/message.db
05-20 10:55:02.666 W/System.err(26771): com.pekall.sandbox.database.sqlite.SQLiteException: no such table: app: , while compiling: SELECT package, status FROM app
05-20 10:55:02.666 W/System.err(26771): 	at com.pekall.sandbox.database.sqlite.SQLiteCompiledSql.native_compile(Native Method)
05-20 10:55:02.666 W/System.err(26771): 	at com.pekall.sandbox.database.sqlite.SQLiteCompiledSql.<init>(Unknown Source)
05-20 10:55:02.666 W/System.err(26771): 	at com.pekall.sandbox.database.sqlite.SQLiteProgram.compileSql(Unknown Source)
05-20 10:55:02.666 W/System.err(26771): 	at com.pekall.sandbox.database.sqlite.SQLiteProgram.compileAndbindAllArgs(Unknown Source)
05-20 10:55:02.666 W/System.err(26771): 	at com.pekall.sandbox.database.sqlite.SQLiteProgram.<init>(Unknown Source)
05-20 10:55:02.666 W/System.err(26771): 	at com.pekall.sandbox.database.sqlite.SQLiteProgram.<init>(Unknown Source)
05-20 10:55:02.666 W/System.err(26771): 	at com.pekall.sandbox.database.sqlite.SQLiteQuery.<init>(Unknown Source)
05-20 10:55:02.666 W/System.err(26771): 	at com.pekall.sandbox.database.sqlite.SQLiteDirectCursorDriver.query(Unknown Source)
05-20 10:55:02.666 W/System.err(26771): 	at com.pekall.sandbox.database.sqlite.SQLiteDatabase.rawQueryWithFactory(Unknown Source)
05-20 10:55:02.666 W/System.err(26771): 	at com.pekall.sandbox.database.sqlite.SQLiteDatabase.queryWithFactory(Unknown Source)
05-20 10:55:02.666 W/System.err(26771): 	at com.pekall.sandbox.database.sqlite.SQLiteDatabase.query(Unknown Source)
05-20 10:55:02.666 W/System.err(26771): 	at com.pekall.sandbox.database.sqlite.SQLiteDatabase.query(Unknown Source)
05-20 10:55:02.666 W/System.err(26771): 	at com.pekall.emdm.database.a.g(Unknown Source)
05-20 10:55:02.666 W/System.err(26771): 	at com.pekall.emdm.b.run(Unknown Source)
05-20 10:55:02.674 W/System.err(26771): 	at java.lang.Thread.run(Thread.java:841)
05-20 10:55:02.674 D/MDM :   (26771): [null:-1]->selectErase cleag app
05-20 10:55:02.674 I/SqliteDatabaseCpp(26771): sqlite returned: error code = 1, msg = no such table: app, db=/data/data/com.pekall.emdm.launcher/databases/message.db
05-20 10:55:02.674 W/dalvikvm(26771): threadid=17: thread exiting with uncaught exception (group=0x419c8700)
05-20 10:55:02.674 D/        (26771): [---null: -1---]  Thread is Thread-1238
05-20 10:55:02.674 W/System.err(26771): com.pekall.sandbox.database.sqlite.SQLiteException: no such table: app: , while compiling: DELETE FROM app
05-20 10:55:02.674 W/System.err(26771): 	at com.pekall.sandbox.database.sqlite.SQLiteCompiledSql.native_compile(Native Method)
05-20 10:55:02.674 W/System.err(26771): 	at com.pekall.sandbox.database.sqlite.SQLiteCompiledSql.<init>(Unknown Source)
05-20 10:55:02.674 W/System.err(26771): 	at com.pekall.sandbox.database.sqlite.SQLiteProgram.compileSql(Unknown Source)
05-20 10:55:02.674 W/System.err(26771): 	at com.pekall.sandbox.database.sqlite.SQLiteProgram.compileAndbindAllArgs(Unknown Source)
05-20 10:55:02.674 W/System.err(26771): 	at com.pekall.sandbox.database.sqlite.SQLiteStatement.acquireAndLock(Unknown Source)
05-20 10:55:02.674 W/System.err(26771): 	at com.pekall.sandbox.database.sqlite.SQLiteStatement.executeUpdateDelete(Unknown Source)
05-20 10:55:02.674 W/System.err(26771): 	at com.pekall.sandbox.database.sqlite.SQLiteDatabase.delete(Unknown Source)
05-20 10:55:02.674 W/System.err(26771): 	at com.pekall.emdm.database.a.e(Unknown Source)
05-20 10:55:02.674 W/System.err(26771): 	at com.pekall.emdm.b.run(Unknown Source)
05-20 10:55:02.674 W/System.err(26771): 	at java.lang.Thread.run(Thread.java:841)
05-20 10:55:02.721 D/libEGL  (26771): loaded /vendor/lib/egl/libEGL_POWERVR_SGX540_120.so
05-20 10:55:02.736 D/libEGL  (26771): loaded /vendor/lib/egl/libGLESv1_CM_POWERVR_SGX540_120.so
05-20 10:55:02.752 D/libEGL  (26771): loaded /vendor/lib/egl/libGLESv2_POWERVR_SGX540_120.so
05-20 10:55:02.799 D/OpenGLRenderer(26771): Enabling debug mode 0
05-20 10:55:02.799 D/EmailBroadcastReceiver(26771): 1111  Email receives broadcast 'com.pekall.mdm.action.SELECT_ERASE'
05-20 10:55:02.799 D/AccountProvision(26771): Process email select erase broadcast.
05-20 10:55:02.799 W/Parcel  ( 1661): Attempt to read object from Parcel 0x5ef3bdac at offset 200 that is not in the object list
05-20 10:55:02.822 V/h       (26771): Bind requested for task deleteAccount
05-20 10:55:02.830 I/ActivityManager(  374): Displayed com.pekall.emdm.launcher/com.pekall.emdm.ui.SplashActivity: +1s469ms
05-20 10:55:02.830 V/MessageReceiver(26771): Received message: com.pekall.mdm.action.SELECT_ERASE
05-20 10:55:02.877 D/MessageCenterReceiver(26771): action is : com.pekall.mdm.action.SELECT_ERASE
05-20 10:55:02.885 D/MessageProvider(26771): uri is content://com.pekall.emdm.message/message
05-20 10:55:02.908 W/Parcel  ( 1661): Attempt to read object from Parcel 0x5ec3bdac at offset 200 that is not in the object list
05-20 10:55:02.908 D/MessageProvider(26771): delete all message
05-20 10:55:02.908 D/MessageCenterReceiver(26771): uri is : content://com.pekall.emdm.message/message  , count is 9
05-20 10:55:02.916 V/h       (26771): Connected: com.pekall.semail.service.AccountService
05-20 10:55:02.916 W/AccountService(26771): There's no account.
05-20 10:55:02.916 V/h       (26771): Task deleteAccount completed; disconnecting
05-20 10:55:02.924 I/Email   (26771): Notifications being toggled: false
05-20 10:55:02.924 W/ActivityManager(  374): Unable to start service Intent { cmp=com.pekall.emdm.launcher/com.pekall.semail.service.AttachmentDownloadService } U=0: not found
05-20 10:55:03.806 W/Parcel  ( 1661): Attempt to read object from Parcel 0x5ded3dac at offset 200 that is not in the object list
05-20 10:55:03.806 I/ActivityManager(  374): START u0 {cmp=com.pekall.emdm.launcher/com.pekall.emdm.ui.ActiveDeviceAdminActivity} from pid 26771
05-20 10:55:04.080 D/dalvikvm(26771): JIT unchain all for threadid=11
05-20 10:55:04.127 D/dalvikvm(26771): GC_FOR_ALLOC freed 285K, 5% free 11753K/12328K, paused 294ms, total 296ms
05-20 10:55:04.150 V/LauncherApplication(26771): onActivityStarted
05-20 10:55:04.150 D/        (26771): [---null: -1---]     awsa  onActivityResumed
05-20 10:55:04.150 V/LauncherApplication(26771): 2MdmConstant.LAST_LAUNCH_TIME = 0
05-20 10:55:04.166 D/        (26771): [---null: -1---]  activity = com.pekall.emdm.ui.ActiveDeviceAdminActivity
05-20 10:55:04.166 W/Parcel  ( 1661): Attempt to read object from Parcel 0x6013bdac at offset 200 that is not in the object list
05-20 10:55:04.166 I/ActivityManager(  374): START u0 {cmp=com.pekall.emdm.launcher/com.pekall.emdm.ui.RegDeviceActivity} from pid 26771
05-20 10:55:04.174 D/LauncherApplication(26771): [null:-1]->onActivityPaused
05-20 10:55:04.510 I/WindowManager(  374): Screenshot max retries 4 of Token{428842e8 ActivityRecord{426c8430 u0 com.pekall.emdm.launcher/com.pekall.emdm.ui.RegDeviceActivity}} appWin=Window{42f1acd8 u0 Starting com.pekall.emdm.launcher} drawState=3
05-20 10:55:04.510 W/WindowManager(  374): Screenshot failure taking screenshot for (720x1280) to layer 21010
05-20 10:55:04.533 I/Choreographer(26771): Skipped 42 frames!  The application may be doing too much work on its main thread.
05-20 10:55:04.549 V/LauncherApplication(26771): onActivityStarted
05-20 10:55:04.830 D/dalvikvm(26771): JIT unchain all for threadid=11
05-20 10:55:04.869 D/dalvikvm(26771): GC_FOR_ALLOC freed 212K, 5% free 12122K/12724K, paused 286ms, total 286ms
05-20 10:55:04.924 D/        (26771): [---null: -1---]     awsa  onActivityResumed
05-20 10:55:04.924 V/LauncherApplication(26771): 2MdmConstant.LAST_LAUNCH_TIME = 0
05-20 10:55:04.939 D/        (26771): [---null: -1---]  activity = com.pekall.emdm.ui.RegDeviceActivity
05-20 10:55:04.939 D/LauncherApplication(26771): [null:-1]->onActivityPaused
05-20 10:55:04.947 V/LauncherApplication(26771): onActivityStarted
05-20 10:55:04.947 D/        (26771): [---null: -1---]     awsa  onActivityResumed
05-20 10:55:04.947 V/LauncherApplication(26771): 2MdmConstant.LAST_LAUNCH_TIME = 0
05-20 10:55:04.963 D/        (26771): [---null: -1---]  activity = com.pekall.emdm.ui.RegDeviceActivity
05-20 10:55:04.963 D/LauncherApplication(26771): [null:-1]->onActivityPaused
05-20 10:55:05.127 I/ActivityManager(  374): Displayed com.pekall.emdm.launcher/com.pekall.emdm.ui.RegDeviceActivity: +943ms (total +1s325ms)
05-20 10:55:05.142 W/WindowManager(  374): Rebuild removed 3 windows but added 2
05-20 10:55:05.142 W/WindowManager(  374): This window was lost: Window{42d55508 u0 com.pekall.emdm.launcher/com.pekall.emdm.ui.SplashActivity}
05-20 10:55:05.142 W/WindowManager(  374): mDisplayId=0 mSession=Session{426c4cd8 26771:u0a10066} mClient=android.os.BinderProxy@426d25a0
05-20 10:55:05.142 W/WindowManager(  374): mOwnerUid=10066 mShowToOwnerOnly=true package=com.pekall.emdm.launcher appop=NONE
05-20 10:55:05.142 W/WindowManager(  374): mAttrs=WM.LayoutParams{(0,0)(fillxfill) sim=#120 ty=1 fl=#1810100 pfl=0x8 wanim=0x10302ed}
05-20 10:55:05.142 W/WindowManager(  374): Requested w=0 h=0 mLayoutSeq=6266
05-20 10:55:05.142 W/WindowManager(  374): mBaseLayer=21000 mSubLayer=0 mAnimLayer=21000+0=21000 mLastLayer=0
05-20 10:55:05.142 W/WindowManager(  374): mToken=AppWindowToken{42d72bf8 token=Token{429229d0 ActivityRecord{42291890 u0 com.pekall.emdm.launcher/com.pekall.emdm.ui.SplashActivity}}}
05-20 10:55:05.142 W/WindowManager(  374): mRootToken=AppWindowToken{42d72bf8 token=Token{429229d0 ActivityRecord{42291890 u0 com.pekall.emdm.launcher/com.pekall.emdm.ui.SplashActivity}}}
05-20 10:55:05.142 W/WindowManager(  374): mAppToken=AppWindowToken{42d72bf8 token=Token{429229d0 ActivityRecord{42291890 u0 com.pekall.emdm.launcher/com.pekall.emdm.ui.SplashActivity}}}
05-20 10:55:05.142 W/WindowManager(  374): mViewVisibility=0x0 mHaveFrame=true mObscured=true
05-20 10:55:05.142 W/WindowManager(  374): mSeq=0 mSystemUiVisibility=0x0
05-20 10:55:05.142 W/WindowManager(  374): mPolicyVisibility=false mPolicyVisibilityAfterAnim=false mAppOpVisibility=true mAttachedHidden=false
05-20 10:55:05.142 W/WindowManager(  374): mGivenContentInsets=[0,0][0,0] mGivenVisibleInsets=[0,0][0,0]
05-20 10:55:05.142 W/WindowManager(  374): mConfiguration={1.0 999mcc?mnc en_US ldltr sw360dp w360dp h567dp 320dpi nrml port finger -keyb/v/h -nav/h s.11}
05-20 10:55:05.142 W/WindowManager(  374): mHasSurface=true mShownFrame=[0.0,0.0][720.0,1184.0] isReadyForDisplay()=false
05-20 10:55:05.142 W/WindowManager(  374): mFrame=[0,0][720,1184] last=[0,0][720,1184]
05-20 10:55:05.142 W/WindowManager(  374): mSystemDecorRect=[0,50][720,1184] last=[0,50][720,1184]
05-20 10:55:05.142 W/WindowManager(  374): Frames: containing=[0,0][720,1184] parent=[0,0][720,1184]
05-20 10:55:05.142 W/WindowManager(  374):     display=[0,0][720,1184] overscan=[0,0][720,1280]
05-20 10:55:05.142 W/WindowManager(  374):     content=[0,50][720,1184] visible=[0,50][720,1184]
05-20 10:55:05.142 W/WindowManager(  374): Cur insets: overscan=[0,0][0,0] content=[0,50][0,0] visible=[0,50][0,0]
05-20 10:55:05.142 W/WindowManager(  374): Lst insets: overscan=[0,0][0,0] content=[0,50][0,0] visible=[0,50][0,0]
05-20 10:55:05.142 W/WindowManager(  374): WindowStateAnimator{42ffb2d0 com.pekall.emdm.launcher/com.pekall.emdm.ui.SplashActivity}:
05-20 10:55:05.142 W/WindowManager(  374):   mSurface=Surface(name=com.pekall.emdm.launcher/com.pekall.emdm.ui.SplashActivity)
05-20 10:55:05.142 W/WindowManager(  374):   mDrawState=HAS_DRAWN mLastHidden=true
05-20 10:55:05.142 W/WindowManager(  374):   Surface: shown=false layer=21005 alpha=0.0 rect=(0.0,0.0) 720.0 x 1184.0
05-20 10:55:05.142 W/WindowManager(  374):   mShownAlpha=1.0 mAlpha=1.0 mLastAlpha=-1.0
05-20 10:55:05.142 W/WindowManager(  374):   mGlobalScale=1.0 mDsDx=1.0 mDtDx=0.0 mDsDy=0.0 mDtDy=1.0
05-20 10:55:05.142 W/WindowManager(  374): mExiting=false mRemoveOnExit=false mDestroying=true mRemoved=false
