05-20 11:24:28.658 W/ActivityManager(  374): Unable to start service Intent { act=com.pekall.mdm.action.SELECT_ERASE } U=0: not found
05-20 11:24:29.150 W/ActivityManager(  374): Activity pause timeout for ActivityRecord{426cd668 u0 com.pekall.emdm.launcher/com.pekall.emdm.ui.SplashActivity}
05-20 11:24:29.900 W/ActivityManager(  374): Unable to start service Intent { cmp=com.pekall.emdm.launcher/com.pekall.semail.service.AttachmentDownloadService } U=0: not found
05-20 11:24:30.994 I/ActivityManager(  374): START u0 {cmp=com.pekall.emdm.launcher/com.pekall.emdm.ui.ActiveDeviceAdminActivity} from pid 26771
05-20 11:24:31.064 I/ActivityManager(  374): START u0 {cmp=com.pekall.emdm.launcher/com.pekall.emdm.ui.RegDeviceActivity} from pid 26771
05-20 11:24:34.221 I/PowerManagerService(  374): Waking up from sleep...
05-20 11:24:34.252 I/WindowManager(  374): Lock screen displayed!
05-20 11:24:35.541 D/PhoneStatusBar(  448): disable: < expand icons alerts ticker system_info BACK HOME recent* CLOCK search* >
05-20 11:24:35.627 D/PhoneStatusBar(  448): disable: < expand icons alerts ticker system_info back* home* recent clock* search >
05-20 11:24:57.924 W/MountService(  374): getVolumeState(/storage/emulated/0/external_sd): Unknown volume
05-20 11:24:57.924 W/MountService(  374): getVolumeState(/mnt/sdcard-ext): Unknown volume
05-20 11:24:57.924 W/MountService(  374): getVolumeState(/mnt/ext_sdcard): Unknown volume
05-20 11:24:57.924 W/MountService(  374): getVolumeState(/mnt/sdcard2): Unknown volume
05-20 11:24:57.924 W/MountService(  374): getVolumeState(/mnt/emmc): Unknown volume
05-20 11:24:57.924 W/MountService(  374): getVolumeState(/mnt/extSdCard): Unknown volume
05-20 11:24:57.924 W/MountService(  374): getVolumeState(/mnt/sdcard/SD_CARD): Unknown volume
05-20 11:24:57.924 W/MountService(  374): getVolumeState(/mnt/sdcard/extra_sd): Unknown volume
05-20 11:24:57.924 W/MountService(  374): getVolumeState(/mnt/extrasd_bind): Unknown volume
05-20 11:24:57.924 W/MountService(  374): getVolumeState(/mnt/sdcard/ext_sd): Unknown volume
05-20 11:24:57.924 W/MountService(  374): getVolumeState(/storage/extSdCard): Unknown volume
05-20 11:24:57.924 W/MountService(  374): getVolumeState(/storage/sdcard1): Unknown volume
05-20 11:24:57.931 W/MountService(  374): getVolumeState(/mnt/sdcard/external_SD): Unknown volume
05-20 11:24:57.931 W/MountService(  374): getVolumeState(/mnt/sdcard/external_sd): Unknown volume
05-20 11:24:58.244 W/MountService(  374): getVolumeState(/storage/emulated/0/external_sd): Unknown volume
05-20 11:24:58.244 W/MountService(  374): getVolumeState(/mnt/sdcard-ext): Unknown volume
05-20 11:24:58.244 W/MountService(  374): getVolumeState(/mnt/ext_sdcard): Unknown volume
05-20 11:24:58.244 W/MountService(  374): getVolumeState(/mnt/sdcard2): Unknown volume
05-20 11:24:58.244 W/MountService(  374): getVolumeState(/mnt/emmc): Unknown volume
05-20 11:24:58.244 W/MountService(  374): getVolumeState(/mnt/extSdCard): Unknown volume
05-20 11:24:58.244 W/MountService(  374): getVolumeState(/mnt/sdcard/SD_CARD): Unknown volume
05-20 11:24:58.244 W/MountService(  374): getVolumeState(/mnt/sdcard/extra_sd): Unknown volume
05-20 11:24:58.244 W/MountService(  374): getVolumeState(/mnt/extrasd_bind): Unknown volume
05-20 11:24:58.244 W/MountService(  374): getVolumeState(/mnt/sdcard/ext_sd): Unknown volume
05-20 11:24:58.244 W/MountService(  374): getVolumeState(/storage/extSdCard): Unknown volume
05-20 11:24:58.244 W/MountService(  374): getVolumeState(/storage/sdcard1): Unknown volume
05-20 11:24:58.244 W/MountService(  374): getVolumeState(/mnt/sdcard/external_SD): Unknown volume
05-20 11:24:58.244 W/MountService(  374): getVolumeState(/mnt/sdcard/external_sd): Unknown volume
05-20 11:25:05.525 I/PowerManagerService(  374): Going to sleep due to screen timeout...
05-20 11:25:11.408 D/PhoneStatusBar(  448): disable: < expand icons alerts ticker system_info back home RECENT* clock SEARCH* >
05-20 11:25:11.463 D/PhoneStatusBar(  448): disable: < expand icons alerts ticker system_info BACK* HOME* RECENT CLOCK* SEARCH >
05-20 11:25:22.385 I/PowerManagerService(  374): Waking up from sleep...
05-20 11:25:22.424 I/WindowManager(  374): Lock screen displayed!
05-20 11:25:23.713 D/PhoneStatusBar(  448): disable: < expand icons alerts ticker system_info BACK HOME recent* CLOCK search* >
05-20 11:25:23.799 D/PhoneStatusBar(  448): disable: < expand icons alerts ticker system_info back* home* recent clock* search >
05-20 11:25:23.799 W/InputMethodManagerService(  374): Window already focused, ignoring focus gain of: com.android.internal.view.IInputMethodClient$Stub$Proxy@42d82278 attribute=android.view.inputmethod.EditorInfo@42d68020, token = android.os.BinderProxy@428e57a8
05-20 11:25:32.049 I/ActivityManager(  374): START u0 {flg=0x8000 cmp=com.pekall.emdm.launcher/.Launcher} from pid 26771
05-20 11:25:33.150 W/ActivityManager(  374): Unable to start service Intent { cmp=com.pekall.emdm.launcher/com.pekall.semail.service.AttachmentDownloadService } U=0: not found
05-20 11:25:34.814 W/ActivityManager(  374): Unable to start service Intent { act=pekall.intent.action.DOWNLOAD_APP (has extras) } U=0: not found
05-20 11:25:35.869 I/ActivityManager(  374): START u0 {act=android.intent.action.MAIN cat=[android.intent.category.HOME] flg=0x10200000 cmp=com.pekall.emdm.launcher/.Launcher} from pid 374
05-20 11:25:42.213 V/PanelView(  448): animationTick called with dtms=0; nothing to do (h=0.0 v=4000.0)
05-20 11:25:46.447 I/ActivityManager(  374): Start proc com.pekall.emdm.launcher:remote for service com.pekall.emdm.launcher/com.baidu.location.f: pid=28321 uid=10066 gids={50066, 1015, 3002, 3001, 3003, 1028}
05-20 11:25:46.697 D/ActivityThread(28321): Loading provider com.pekall.semail.provider;com.pekall.semail.notifier: com.pekall.semail.provider.EmailProvider
05-20 11:25:46.775 D/ActivityThread(28321): Loading provider com.pekall.semail.provider;com.pekall.semail.notifier: com.pekall.semail.provider.EmailProvider
05-20 11:25:49.861 W/ActivityManager(  374): Unable to start service Intent { cmp=com.pekall.emdm.launcher/com.pekall.semail.service.AttachmentDownloadService } U=0: not found
05-20 11:25:58.174 W/MountService(  374): getVolumeState(/storage/emulated/0/external_sd): Unknown volume
05-20 11:25:58.174 W/MountService(  374): getVolumeState(/mnt/sdcard-ext): Unknown volume
05-20 11:25:58.181 W/MountService(  374): getVolumeState(/mnt/ext_sdcard): Unknown volume
05-20 11:25:58.189 W/MountService(  374): getVolumeState(/mnt/sdcard2): Unknown volume
05-20 11:25:58.197 W/MountService(  374): getVolumeState(/mnt/emmc): Unknown volume
05-20 11:25:58.205 W/MountService(  374): getVolumeState(/mnt/extSdCard): Unknown volume
05-20 11:25:58.221 W/MountService(  374): getVolumeState(/mnt/sdcard/SD_CARD): Unknown volume
05-20 11:25:58.228 W/MountService(  374): getVolumeState(/mnt/sdcard/extra_sd): Unknown volume
05-20 11:25:58.322 W/MountService(  374): getVolumeState(/mnt/extrasd_bind): Unknown volume
05-20 11:25:58.330 W/MountService(  374): getVolumeState(/mnt/sdcard/ext_sd): Unknown volume
05-20 11:25:58.369 W/MountService(  374): getVolumeState(/storage/extSdCard): Unknown volume
05-20 11:25:58.400 W/MountService(  374): getVolumeState(/storage/sdcard1): Unknown volume
05-20 11:25:58.642 W/MountService(  374): getVolumeState(/mnt/sdcard/external_SD): Unknown volume
05-20 11:25:58.658 W/MountService(  374): getVolumeState(/mnt/sdcard/external_sd): Unknown volume
05-20 11:26:01.322 W/MountService(  374): getVolumeState(/storage/emulated/0/external_sd): Unknown volume
05-20 11:26:01.330 W/MountService(  374): getVolumeState(/mnt/sdcard-ext): Unknown volume
05-20 11:26:01.416 W/MountService(  374): getVolumeState(/mnt/ext_sdcard): Unknown volume
05-20 11:26:01.439 W/MountService(  374): getVolumeState(/mnt/sdcard2): Unknown volume
05-20 11:26:01.447 W/MountService(  374): getVolumeState(/mnt/emmc): Unknown volume
05-20 11:26:01.478 W/MountService(  374): getVolumeState(/mnt/extSdCard): Unknown volume
05-20 11:26:01.478 W/MountService(  374): getVolumeState(/mnt/sdcard/SD_CARD): Unknown volume
05-20 11:26:01.525 W/MountService(  374): getVolumeState(/mnt/sdcard/extra_sd): Unknown volume
05-20 11:26:01.572 W/MountService(  374): getVolumeState(/mnt/extrasd_bind): Unknown volume
05-20 11:26:01.611 W/MountService(  374): getVolumeState(/mnt/sdcard/ext_sd): Unknown volume
05-20 11:26:01.642 W/MountService(  374): getVolumeState(/storage/extSdCard): Unknown volume
05-20 11:26:01.658 W/MountService(  374): getVolumeState(/storage/sdcard1): Unknown volume
05-20 11:26:01.689 W/MountService(  374): getVolumeState(/mnt/sdcard/external_SD): Unknown volume
05-20 11:26:01.721 W/MountService(  374): getVolumeState(/mnt/sdcard/external_sd): Unknown volume
05-20 11:26:05.877 I/PowerManagerService(  374): Going to sleep due to screen timeout...
05-20 11:26:06.502 W/ActivityManager(  374): Timeout executing service: ServiceRecord{42d711c0 u0 com.pekall.emdm.launcher/com.baidu.location.f}
05-20 11:26:12.408 E/ActivityManager(  374): ANR in com.pekall.emdm.launcher:remote
05-20 11:26:12.408 E/ActivityManager(  374): Reason: Executing service com.pekall.emdm.launcher/com.baidu.location.f
05-20 11:26:12.408 E/ActivityManager(  374): Load: 3.31 / 1.91 / 1.8
05-20 11:26:12.408 E/ActivityManager(  374): CPU usage from 1502ms to -3960ms ago:
05-20 11:26:12.408 E/ActivityManager(  374):   80% 26771/com.pekall.emdm.launcher: 80% user + 0.1% kernel / faults: 9 minor
05-20 11:26:12.408 E/ActivityManager(  374):   77% 28321/com.pekall.emdm.launcher:remote: 76% user + 0.3% kernel / faults: 116 minor
05-20 11:26:12.408 E/ActivityManager(  374):   17% 374/system_server: 13% user + 3.4% kernel / faults: 1459 minor 8 major
05-20 11:26:12.408 E/ActivityManager(  374):   13% 448/com.android.systemui: 13% user + 0.5% kernel / faults: 137 minor
05-20 11:26:12.408 E/ActivityManager(  374):   5.6% 28305/uiautomator: 4.9% user + 0.7% kernel / faults: 339 minor
05-20 11:26:12.408 E/ActivityManager(  374):   2.1% 124/surfaceflinger: 0.9% user + 1.2% kernel / faults: 5175 minor
05-20 11:26:12.408 E/ActivityManager(  374):   0.7% 135/adbd: 0.1% user + 0.5% kernel
05-20 11:26:12.408 E/ActivityManager(  374):   0.5% 561/com.android.phone: 0.1% user + 0.3% kernel / faults: 215 minor
05-20 11:26:12.408 E/ActivityManager(  374):   0.3% 1661/com.qihoo360.mobilesafe:GuardService: 0.1% user + 0.1% kernel / faults: 3 minor
05-20 11:26:12.408 E/ActivityManager(  374):   0.1% 82/mmcqd/0: 0% user + 0.1% kernel
05-20 11:26:12.408 E/ActivityManager(  374):   0.1% 114/jbd2/mmcblk0p12: 0% user + 0.1% kernel
05-20 11:26:12.408 E/ActivityManager(  374):   0.1% 1468/com.qihoo.daemon: 0.1% user + 0% kernel
05-20 11:26:12.408 E/ActivityManager(  374):   0.1% 4648/logcat: 0% user + 0.1% kernel
05-20 11:26:12.408 E/ActivityManager(  374):   0.1% 10683/com.dragon.android.pandaspace: 0% user + 0.1% kernel / faults: 6 minor
05-20 11:26:12.408 E/ActivityManager(  374):   0.1% 27839/kworker/u:0: 0% user + 0.1% kernel
05-20 11:26:12.408 E/ActivityManager(  374):   0.1% 28225/kworker/u:3: 0% user + 0.1% kernel
05-20 11:26:12.408 E/ActivityManager(  374):   0.1% 28247/logcat: 0.1% user + 0% kernel
05-20 11:26:12.408 E/ActivityManager(  374):   0.1% 28286/kworker/1:1: 0% user + 0.1% kernel
05-20 11:26:12.408 E/ActivityManager(  374):   0.1% 28297/kworker/u:4: 0% user + 0.1% kernel
05-20 11:26:12.408 E/ActivityManager(  374): 99% TOTAL: 96% user + 3.8% kernel
05-20 11:26:12.408 E/ActivityManager(  374): CPU usage from 4881ms to 5426ms later:
05-20 11:26:12.408 E/ActivityManager(  374):   68% 28321/com.pekall.emdm.launcher:remote: 68% user + 0% kernel
05-20 11:26:12.408 E/ActivityManager(  374):     68% 28334/Thread-1263: 68% user + 0% kernel
05-20 11:26:12.408 E/ActivityManager(  374):   66% 26771/com.pekall.emdm.launcher: 66% user + 0% kernel
05-20 11:26:12.408 E/ActivityManager(  374):     66% 26784/Thread-1176: 66% user + 0% kernel
05-20 11:26:12.408 E/ActivityManager(  374):   38% 448/com.android.systemui: 38% user + 0% kernel / faults: 31 minor
05-20 11:26:12.408 E/ActivityManager(  374):     38% 448/ndroid.systemui: 38% user + 0% kernel
05-20 11:26:12.408 E/ActivityManager(  374):     1.8% 3423/Binder_4: 1.8% user + 0% kernel
05-20 11:26:12.408 E/ActivityManager(  374):   10% 374/system_server: 1.8% user + 9% kernel / faults: 5 minor
05-20 11:26:12.408 E/ActivityManager(  374):     7.2% 390/ActivityManager: 0% user + 7.2% kernel
05-20 11:26:12.408 E/ActivityManager(  374):     1.8% 404/AlarmManager: 1.8% user + 0% kernel
05-20 11:26:12.408 E/ActivityManager(  374):     1.8% 631/Binder_A: 1.8% user + 0% kernel
05-20 11:26:12.408 E/ActivityManager(  374):   10% 28305/uiautomator: 8.7% user + 1.7% kernel / faults: 89 minor
05-20 11:26:12.408 E/ActivityManager(  374):     5.2% 28305/uiautomator: 5.2% user + 0% kernel
05-20 11:26:12.408 E/ActivityManager(  374):     1.7% 28309/GC: 1.7% user + 0% kernel
05-20 11:26:12.408 E/ActivityManager(  374):     1.7% 28313/Binder_1: 1.7% user + 0% kernel
05-20 11:26:12.408 E/ActivityManager(  374):     1.7% 28314/Binder_2: 1.7% user + 0% kernel
05-20 11:26:12.408 E/ActivityManager(  374):   3.5% 1661/com.qihoo360.mobilesafe:GuardService: 3.5% user + 0% kernel
05-20 11:26:12.408 E/ActivityManager(  374):     1.7% 1661/fe:GuardService: 1.7% user + 0% kernel
05-20 11:26:12.408 E/ActivityManager(  374): 100% TOTAL: 95% user + 4.6% kernel
05-20 11:26:12.416 W/ActivityManager(  374): Killing ProcessRecord{426ce4d8 28321:com.pekall.emdm.launcher:remote/u0a10066}: background ANR
05-20 11:26:12.502 W/ActivityManager(  374): Sleep timeout!  Sleeping now.
05-20 11:26:12.986 D/PhoneStatusBar(  448): disable: < expand icons alerts ticker system_info back home RECENT* clock SEARCH* >
05-20 11:26:13.158 D/PhoneStatusBar(  448): disable: < expand icons alerts ticker system_info BACK* HOME* RECENT CLOCK* SEARCH >
05-20 11:26:13.181 I/ActivityManager(  374): Process com.pekall.emdm.launcher:remote (pid 28321) has died.
05-20 11:26:13.181 W/ActivityManager(  374): Scheduling restart of crashed service com.pekall.emdm.launcher/com.baidu.location.f in 5000ms
05-20 11:26:13.252 W/InputMethodManagerService(  374): Focus gain on non-focused client com.android.internal.view.IInputMethodClient$Stub$Proxy@42967028 (uid=10066 pid=26771)
05-20 11:26:13.353 W/BroadcastQueue(  374): Failure sending broadcast Intent { act=android.intent.action.SCREEN_OFF flg=0x50000010 }
05-20 11:26:13.353 W/BroadcastQueue(  374): android.os.DeadObjectException
05-20 11:26:13.353 W/BroadcastQueue(  374): 	at android.os.BinderProxy.transact(Native Method)
05-20 11:26:13.353 W/BroadcastQueue(  374): 	at android.content.IIntentReceiver$Stub$Proxy.performReceive(IIntentReceiver.java:124)
05-20 11:26:13.353 W/BroadcastQueue(  374): 	at com.android.server.am.BroadcastQueue.performReceiveLocked(BroadcastQueue.java:376)
05-20 11:26:13.353 W/BroadcastQueue(  374): 	at com.android.server.am.BroadcastQueue.deliverToRegisteredReceiverLocked(BroadcastQueue.java:449)
05-20 11:26:13.353 W/BroadcastQueue(  374): 	at com.android.server.am.BroadcastQueue.processNextBroadcast(BroadcastQueue.java:656)
05-20 11:26:13.353 W/BroadcastQueue(  374): 	at com.android.server.am.ActivityManagerService.finishReceiver(ActivityManagerService.java:12390)
05-20 11:26:13.353 W/BroadcastQueue(  374): 	at android.app.ActivityManagerNative.onTransact(ActivityManagerNative.java:379)
05-20 11:26:13.353 W/BroadcastQueue(  374): 	at com.android.server.am.ActivityManagerService.onTransact(ActivityManagerService.java:1737)
05-20 11:26:13.353 W/BroadcastQueue(  374): 	at android.os.Binder.execTransact(Binder.java:388)
05-20 11:26:13.353 W/BroadcastQueue(  374): 	at com.android.server.SystemServer.init1(Native Method)
05-20 11:26:13.353 W/BroadcastQueue(  374): 	at com.android.server.SystemServer.main(SystemServer.java:1066)
05-20 11:26:13.353 W/BroadcastQueue(  374): 	at java.lang.reflect.Method.invokeNative(Native Method)
05-20 11:26:13.353 W/BroadcastQueue(  374): 	at java.lang.reflect.Method.invoke(Method.java:525)
05-20 11:26:13.353 W/BroadcastQueue(  374): 	at com.android.internal.os.ZygoteInit$MethodAndArgsCaller.run(ZygoteInit.java:737)
05-20 11:26:13.353 W/BroadcastQueue(  374): 	at com.android.internal.os.ZygoteInit.main(ZygoteInit.java:553)
05-20 11:26:13.353 W/BroadcastQueue(  374): 	at dalvik.system.NativeStart.main(Native Method)
05-20 11:26:18.189 I/ActivityManager(  374): Start proc com.pekall.emdm.launcher:remote for service com.pekall.emdm.launcher/com.baidu.location.f: pid=28367 uid=10066 gids={50066, 1015, 3002, 3001, 3003, 1028}
05-20 11:26:18.728 D/ActivityThread(28367): Loading provider com.pekall.semail.provider;com.pekall.semail.notifier: com.pekall.semail.provider.EmailProvider
05-20 11:26:18.752 D/ActivityThread(28367): Loading provider com.pekall.semail.provider;com.pekall.semail.notifier: com.pekall.semail.provider.EmailProvider
05-20 11:26:22.119 W/ActivityManager(  374): Unable to start service Intent { cmp=com.pekall.emdm.launcher/com.pekall.semail.service.AttachmentDownloadService } U=0: not found
05-20 11:26:38.236 W/ActivityManager(  374): Timeout executing service: ServiceRecord{42d711c0 u0 com.pekall.emdm.launcher/com.baidu.location.f}
05-20 11:26:43.471 E/ActivityManager(  374): ANR in com.pekall.emdm.launcher:remote
05-20 11:26:43.471 E/ActivityManager(  374): Reason: Executing service com.pekall.emdm.launcher/com.baidu.location.f
05-20 11:26:43.471 E/ActivityManager(  374): Load: 3.17 / 2.01 / 1.83
05-20 11:26:43.471 E/ActivityManager(  374): CPU usage from 0ms to 5202ms later with 99% awake:
05-20 11:26:43.471 E/ActivityManager(  374):   84% 26771/com.pekall.emdm.launcher: 83% user + 0.3% kernel
05-20 11:26:43.471 E/ActivityManager(  374):   74% 28367/com.pekall.emdm.launcher:remote: 73% user + 0.7% kernel / faults: 118 minor
05-20 11:26:43.471 E/ActivityManager(  374):   32% 374/system_server: 27% user + 5.3% kernel / faults: 577 minor
05-20 11:26:43.471 E/ActivityManager(  374):   5.5% 448/com.android.systemui: 5% user + 0.5% kernel / faults: 32 minor
05-20 11:26:43.471 E/ActivityManager(  374):   1.1% 561/com.android.phone: 0.9% user + 0.1% kernel / faults: 42 minor
05-20 11:26:43.471 E/ActivityManager(  374):   0.1% 568/com.android.nfc: 0% user + 0% kernel / faults: 35 minor
05-20 11:26:43.471 E/ActivityManager(  374):   0% 114/jbd2/mmcblk0p12: 0% user + 0% kernel
05-20 11:26:43.471 E/ActivityManager(  374):   0% 124/surfaceflinger: 0% user + 0% kernel
05-20 11:26:43.471 E/ActivityManager(  374):   0.1% 24876/com.qihoo.appstore: 0.1% user + 0% kernel / faults: 1 minor
05-20 11:26:43.471 E/ActivityManager(  374):   0.1% 27741/com.nd.assistance.ServerService: 0.1% user + 0% kernel / faults: 3 minor
05-20 11:26:43.471 E/ActivityManager(  374): 99% TOTAL: 95% user + 3.9% kernel
05-20 11:26:43.471 E/ActivityManager(  374): CPU usage from 4409ms to 4948ms later:
05-20 11:26:43.471 E/ActivityManager(  374):   94% 28367/com.pekall.emdm.launcher:remote: 94% user + 0% kernel
05-20 11:26:43.471 E/ActivityManager(  374):     94% 28380/Thread-1266: 94% user + 0% kernel
05-20 11:26:43.471 E/ActivityManager(  374):   90% 26771/com.pekall.emdm.launcher: 90% user + 0% kernel
05-20 11:26:43.471 E/ActivityManager(  374):     87% 26784/Thread-1176: 87% user + 0% kernel
05-20 11:26:43.471 E/ActivityManager(  374):   11% 374/system_server: 5.5% user + 5.5% kernel / faults: 4 minor
05-20 11:26:43.471 E/ActivityManager(  374):     7.4% 390/ActivityManager: 5.5% user + 1.8% kernel
05-20 11:26:43.471 E/ActivityManager(  374):     1.8% 619/Binder_8: 1.8% user + 0% kernel
05-20 11:26:43.471 E/ActivityManager(  374): 94% TOTAL: 92% user + 1.8% kernel
05-20 11:26:43.478 W/ActivityManager(  374): Killing ProcessRecord{426c9b60 28367:com.pekall.emdm.launcher:remote/u0a10066}: background ANR
05-20 11:26:43.502 I/ActivityManager(  374): Process com.pekall.emdm.launcher:remote (pid 28367) has died.
05-20 11:26:43.502 W/ActivityManager(  374): Scheduling restart of crashed service com.pekall.emdm.launcher/com.baidu.location.f in 20000ms
05-20 11:26:58.010 W/MountService(  374): getVolumeState(/storage/emulated/0/external_sd): Unknown volume
05-20 11:26:58.017 W/MountService(  374): getVolumeState(/mnt/sdcard-ext): Unknown volume
05-20 11:26:58.017 W/MountService(  374): getVolumeState(/mnt/ext_sdcard): Unknown volume
05-20 11:26:58.017 W/MountService(  374): getVolumeState(/mnt/sdcard2): Unknown volume
05-20 11:26:58.017 W/MountService(  374): getVolumeState(/mnt/emmc): Unknown volume
05-20 11:26:58.017 W/MountService(  374): getVolumeState(/mnt/extSdCard): Unknown volume
05-20 11:26:58.017 W/MountService(  374): getVolumeState(/mnt/sdcard/SD_CARD): Unknown volume
05-20 11:26:58.017 W/MountService(  374): getVolumeState(/mnt/sdcard/extra_sd): Unknown volume
05-20 11:26:58.033 W/MountService(  374): getVolumeState(/mnt/extrasd_bind): Unknown volume
05-20 11:26:58.033 W/MountService(  374): getVolumeState(/mnt/sdcard/ext_sd): Unknown volume
05-20 11:26:58.033 W/MountService(  374): getVolumeState(/storage/extSdCard): Unknown volume
05-20 11:26:58.033 W/MountService(  374): getVolumeState(/storage/sdcard1): Unknown volume
05-20 11:26:58.033 W/MountService(  374): getVolumeState(/mnt/sdcard/external_SD): Unknown volume
05-20 11:26:58.033 W/MountService(  374): getVolumeState(/mnt/sdcard/external_sd): Unknown volume
05-20 11:26:58.392 W/MountService(  374): getVolumeState(/storage/emulated/0/external_sd): Unknown volume
05-20 11:26:58.392 W/MountService(  374): getVolumeState(/mnt/sdcard-ext): Unknown volume
05-20 11:26:58.392 W/MountService(  374): getVolumeState(/mnt/ext_sdcard): Unknown volume
05-20 11:26:58.392 W/MountService(  374): getVolumeState(/mnt/sdcard2): Unknown volume
05-20 11:26:58.392 W/MountService(  374): getVolumeState(/mnt/emmc): Unknown volume
05-20 11:26:58.392 W/MountService(  374): getVolumeState(/mnt/extSdCard): Unknown volume
05-20 11:26:58.400 W/MountService(  374): getVolumeState(/mnt/sdcard/SD_CARD): Unknown volume
05-20 11:26:58.400 W/MountService(  374): getVolumeState(/mnt/sdcard/extra_sd): Unknown volume
05-20 11:26:58.400 W/MountService(  374): getVolumeState(/mnt/extrasd_bind): Unknown volume
05-20 11:26:58.400 W/MountService(  374): getVolumeState(/mnt/sdcard/ext_sd): Unknown volume
05-20 11:26:58.400 W/MountService(  374): getVolumeState(/storage/extSdCard): Unknown volume
05-20 11:26:58.400 W/MountService(  374): getVolumeState(/storage/sdcard1): Unknown volume
05-20 11:26:58.400 W/MountService(  374): getVolumeState(/mnt/sdcard/external_SD): Unknown volume
05-20 11:26:58.400 W/MountService(  374): getVolumeState(/mnt/sdcard/external_sd): Unknown volume
05-20 11:26:59.064 I/PowerManagerService(  374): Waking up from sleep...
05-20 11:26:59.166 I/WindowManager(  374): Lock screen displayed!
05-20 11:27:01.783 D/PhoneStatusBar(  448): disable: < expand icons alerts ticker system_info BACK HOME recent* CLOCK search* >
05-20 11:27:01.861 D/PhoneStatusBar(  448): disable: < expand icons alerts ticker system_info back* home* recent clock* search >
05-20 11:27:01.986 W/InputMethodManagerService(  374): Window already focused, ignoring focus gain of: com.android.internal.view.IInputMethodClient$Stub$Proxy@42a16500 attribute=android.view.inputmethod.EditorInfo@42a15ee0, token = android.os.BinderProxy@4290b6b8
05-20 11:27:03.525 I/ActivityManager(  374): Start proc com.pekall.emdm.launcher:remote for service com.pekall.emdm.launcher/com.baidu.location.f: pid=28410 uid=10066 gids={50066, 1015, 3002, 3001, 3003, 1028}
05-20 11:27:03.760 I/ActivityManager(  374): START u0 {flg=0x10000000 cmp=com.pekall.emdm.launcher/.ui.BackPersonalActivity} from pid 26771
05-20 11:27:03.838 D/ActivityThread(28410): Loading provider com.pekall.semail.provider;com.pekall.semail.notifier: com.pekall.semail.provider.EmailProvider
05-20 11:27:04.002 I/ActivityManager(  374): START u0 {act=android.intent.action.VIEW flg=0x10200000 cmp=com.android.launcher/com.android.launcher2.Launcher} from pid 26771
05-20 11:27:04.244 D/ActivityThread(28410): Loading provider com.pekall.semail.provider;com.pekall.semail.notifier: com.pekall.semail.provider.EmailProvider
05-20 11:27:07.635 W/ActivityManager(  374): Unable to start service Intent { cmp=com.pekall.emdm.launcher/com.pekall.semail.service.AttachmentDownloadService } U=0: not found
05-20 11:27:23.549 W/ActivityManager(  374): Timeout executing service: ServiceRecord{42d711c0 u0 com.pekall.emdm.launcher/com.baidu.location.f}
05-20 11:27:27.752 E/ActivityManager(  374): ANR in com.pekall.emdm.launcher:remote
05-20 11:27:27.752 E/ActivityManager(  374): Reason: Executing service com.pekall.emdm.launcher/com.baidu.location.f
05-20 11:27:27.752 E/ActivityManager(  374): Load: 2.99 / 2.11 / 1.88
05-20 11:27:27.752 E/ActivityManager(  374): CPU usage from 8743ms to 0ms ago:
05-20 11:27:27.752 E/ActivityManager(  374):   92% 28410/com.pekall.emdm.launcher:remote: 92% user + 0% kernel
05-20 11:27:27.752 E/ActivityManager(  374):   90% 26771/com.pekall.emdm.launcher: 89% user + 0.1% kernel
05-20 11:27:27.752 E/ActivityManager(  374):   3.8% 576/com.android.launcher: 3.7% user + 0.1% kernel / faults: 311 minor 1 major
05-20 11:27:27.752 E/ActivityManager(  374):   3.5% 124/surfaceflinger: 2.6% user + 0.9% kernel
05-20 11:27:27.752 E/ActivityManager(  374):   3.2% 374/system_server: 0.8% user + 2.4% kernel / faults: 160 minor
05-20 11:27:27.752 E/ActivityManager(  374):   1.6% 127/mediaserver: 1.2% user + 0.3% kernel / faults: 1 minor
05-20 11:27:27.752 E/ActivityManager(  374):   1.4% 1661/com.qihoo360.mobilesafe:GuardService: 1.2% user + 0.2% kernel / faults: 145 minor
05-20 11:27:27.752 E/ActivityManager(  374):   0.5% 28224/kworker/u:1: 0% user + 0.5% kernel
05-20 11:27:27.752 E/ActivityManager(  374):   0.4% 10683/com.dragon.android.pandaspace: 0.4% user + 0% kernel / faults: 154 minor
05-20 11:27:27.752 E/ActivityManager(  374):   0.4% 28225/kworker/u:3: 0% user + 0.4% kernel
05-20 11:27:27.752 E/ActivityManager(  374):   0.3% 117/vold: 0.3% user + 0% kernel
05-20 11:27:27.752 E/ActivityManager(  374):   0.3% 121/netd: 0.1% user + 0.2% kernel
05-20 11:27:27.752 E/ActivityManager(  374):   0.3% 24939/kworker/0:2: 0% user + 0.3% kernel
05-20 11:27:27.752 E/ActivityManager(  374):   0.3% 27839/kworker/u:0: 0% user + 0.3% kernel
05-20 11:27:27.752 E/ActivityManager(  374):   0.3% 28297/kworker/u:4: 0% user + 0.3% kernel
05-20 11:27:27.752 E/ActivityManager(  374):   0.2% 95/ueventd: 0.1% user + 0.1% kernel
05-20 11:27:27.752 E/ActivityManager(  374):   0.2% 510/com.android.phasebeam: 0.2% user + 0% kernel / faults: 23 minor
05-20 11:27:27.752 E/ActivityManager(  374):   0% 82/mmcqd/0: 0% user + 0% kernel
05-20 11:27:27.752 E/ActivityManager(  374):   0% 92/dhd_dpc: 0% user + 0% kernel
05-20 11:27:27.752 E/ActivityManager(  374):   0.1% 24876/com.qihoo.appstore: 0.1% user + 0% kernel / faults: 1 minor
05-20 11:27:27.752 E/ActivityManager(  374):   0.1% 27741/com.nd.assistance.ServerService: 0.1% user + 0% kernel / faults: 11 minor
05-20 11:27:27.752 E/ActivityManager(  374):   0% 28286/kworker/1:1: 0% user + 0% kernel
05-20 11:27:27.752 E/ActivityManager(  374): 100% TOTAL: 96% user + 3% kernel + 0% softirq
05-20 11:27:27.752 E/ActivityManager(  374): CPU usage from 3435ms to 3960ms later:
05-20 11:27:27.752 E/ActivityManager(  374):   96% 28410/com.pekall.emdm.launcher:remote: 96% user + 0% kernel
05-20 11:27:27.752 E/ActivityManager(  374):     96% 28423/Thread-1269: 96% user + 0% kernel
05-20 11:27:27.752 E/ActivityManager(  374):   92% 26771/com.pekall.emdm.launcher: 92% user + 0% kernel
05-20 11:27:27.752 E/ActivityManager(  374):     92% 26784/Thread-1176: 92% user + 0% kernel
05-20 11:27:27.752 E/ActivityManager(  374):   7.6% 374/system_server: 3.8% user + 3.8% kernel / faults: 16 minor
05-20 11:27:27.752 E/ActivityManager(  374):     5.7% 390/ActivityManager: 1.9% user + 3.8% kernel
05-20 11:27:27.752 E/ActivityManager(  374):     1.9% 386/SensorService: 0% user + 1.9% kernel
05-20 11:27:27.752 E/ActivityManager(  374):     1.9% 388/UI: 1.9% user + 0% kernel
05-20 11:27:27.752 E/ActivityManager(  374):   1.5% 28225/kworker/u:3: 0% user + 1.5% kernel
05-20 11:27:27.752 E/ActivityManager(  374): 100% TOTAL: 98% user + 1.9% kernel
05-20 11:27:27.760 W/ActivityManager(  374): Killing ProcessRecord{4253a458 28410:com.pekall.emdm.launcher:remote/u0a10066}: background ANR
05-20 11:27:27.767 I/ActivityManager(  374): Process com.pekall.emdm.launcher:remote (pid 28410) has died.
05-20 11:27:27.767 W/ActivityManager(  374): Scheduling restart of crashed service com.pekall.emdm.launcher/com.baidu.location.f in 80000ms
05-20 11:27:58.049 W/MountService(  374): getVolumeState(/storage/emulated/0/external_sd): Unknown volume
05-20 11:27:58.049 W/MountService(  374): getVolumeState(/mnt/sdcard-ext): Unknown volume
05-20 11:27:58.049 W/MountService(  374): getVolumeState(/mnt/ext_sdcard): Unknown volume
05-20 11:27:58.049 W/MountService(  374): getVolumeState(/mnt/sdcard2): Unknown volume
05-20 11:27:58.049 W/MountService(  374): getVolumeState(/mnt/emmc): Unknown volume
05-20 11:27:58.049 W/MountService(  374): getVolumeState(/mnt/extSdCard): Unknown volume
05-20 11:27:58.049 W/MountService(  374): getVolumeState(/mnt/sdcard/SD_CARD): Unknown volume
05-20 11:27:58.049 W/MountService(  374): getVolumeState(/mnt/sdcard/extra_sd): Unknown volume
05-20 11:27:58.049 W/MountService(  374): getVolumeState(/mnt/extrasd_bind): Unknown volume
05-20 11:27:58.049 W/MountService(  374): getVolumeState(/mnt/sdcard/ext_sd): Unknown volume
05-20 11:27:58.049 W/MountService(  374): getVolumeState(/storage/extSdCard): Unknown volume
05-20 11:27:58.049 W/MountService(  374): getVolumeState(/storage/sdcard1): Unknown volume
05-20 11:27:58.049 W/MountService(  374): getVolumeState(/mnt/sdcard/external_SD): Unknown volume
05-20 11:27:58.049 W/MountService(  374): getVolumeState(/mnt/sdcard/external_sd): Unknown volume
05-20 11:27:58.314 W/MountService(  374): getVolumeState(/storage/emulated/0/external_sd): Unknown volume
05-20 11:27:58.314 W/MountService(  374): getVolumeState(/mnt/sdcard-ext): Unknown volume
05-20 11:27:58.314 W/MountService(  374): getVolumeState(/mnt/ext_sdcard): Unknown volume
05-20 11:27:58.314 W/MountService(  374): getVolumeState(/mnt/sdcard2): Unknown volume
05-20 11:27:58.314 W/MountService(  374): getVolumeState(/mnt/emmc): Unknown volume
05-20 11:27:58.314 W/MountService(  374): getVolumeState(/mnt/extSdCard): Unknown volume
05-20 11:27:58.314 W/MountService(  374): getVolumeState(/mnt/sdcard/SD_CARD): Unknown volume
05-20 11:27:58.314 W/MountService(  374): getVolumeState(/mnt/sdcard/extra_sd): Unknown volume
05-20 11:27:58.314 W/MountService(  374): getVolumeState(/mnt/extrasd_bind): Unknown volume
05-20 11:27:58.322 W/MountService(  374): getVolumeState(/mnt/sdcard/ext_sd): Unknown volume
05-20 11:27:58.322 W/MountService(  374): getVolumeState(/storage/extSdCard): Unknown volume
05-20 11:27:58.322 W/MountService(  374): getVolumeState(/storage/sdcard1): Unknown volume
05-20 11:27:58.322 W/MountService(  374): getVolumeState(/mnt/sdcard/external_SD): Unknown volume
05-20 11:27:58.322 W/MountService(  374): getVolumeState(/mnt/sdcard/external_sd): Unknown volume
05-20 11:28:06.869 I/PowerManagerService(  374): Going to sleep due to screen timeout...
05-20 11:28:12.697 D/PhoneStatusBar(  448): disable: < expand icons alerts ticker system_info back home RECENT* clock SEARCH* >
05-20 11:28:12.791 D/PhoneStatusBar(  448): disable: < expand icons alerts ticker system_info BACK* HOME* RECENT CLOCK* SEARCH >
05-20 11:28:47.783 I/ActivityManager(  374): Start proc com.pekall.emdm.launcher:remote for service com.pekall.emdm.launcher/com.baidu.location.f: pid=28457 uid=10066 gids={50066, 1015, 3002, 3001, 3003, 1028}
05-20 11:28:48.088 D/ActivityThread(28457): Loading provider com.pekall.semail.provider;com.pekall.semail.notifier: com.pekall.semail.provider.EmailProvider
05-20 11:28:48.096 D/ActivityThread(28457): Loading provider com.pekall.semail.provider;com.pekall.semail.notifier: com.pekall.semail.provider.EmailProvider
05-20 11:28:49.736 W/ActivityManager(  374): Unable to start service Intent { cmp=com.pekall.emdm.launcher/com.pekall.semail.service.AttachmentDownloadService } U=0: not found
05-20 11:28:58.181 W/MountService(  374): getVolumeState(/storage/emulated/0/external_sd): Unknown volume
05-20 11:28:58.181 W/MountService(  374): getVolumeState(/mnt/sdcard-ext): Unknown volume
05-20 11:28:58.275 W/MountService(  374): getVolumeState(/mnt/ext_sdcard): Unknown volume
05-20 11:28:58.291 W/MountService(  374): getVolumeState(/mnt/sdcard2): Unknown volume
05-20 11:28:58.306 W/MountService(  374): getVolumeState(/mnt/emmc): Unknown volume
05-20 11:28:58.306 W/MountService(  374): getVolumeState(/mnt/extSdCard): Unknown volume
05-20 11:28:58.338 W/MountService(  374): getVolumeState(/mnt/sdcard/SD_CARD): Unknown volume
05-20 11:28:58.353 W/MountService(  374): getVolumeState(/mnt/sdcard/extra_sd): Unknown volume
05-20 11:28:58.369 W/MountService(  374): getVolumeState(/mnt/extrasd_bind): Unknown volume
05-20 11:28:58.369 W/MountService(  374): getVolumeState(/mnt/sdcard/ext_sd): Unknown volume
05-20 11:28:58.377 W/MountService(  374): getVolumeState(/storage/extSdCard): Unknown volume
05-20 11:28:58.377 W/MountService(  374): getVolumeState(/storage/sdcard1): Unknown volume
05-20 11:28:58.400 W/MountService(  374): getVolumeState(/mnt/sdcard/external_SD): Unknown volume
05-20 11:28:58.580 W/MountService(  374): getVolumeState(/mnt/sdcard/external_sd): Unknown volume
05-20 11:29:02.767 W/MountService(  374): getVolumeState(/storage/emulated/0/external_sd): Unknown volume
05-20 11:29:02.806 W/MountService(  374): getVolumeState(/mnt/sdcard-ext): Unknown volume
05-20 11:29:02.853 W/MountService(  374): getVolumeState(/mnt/ext_sdcard): Unknown volume
05-20 11:29:02.869 W/MountService(  374): getVolumeState(/mnt/sdcard2): Unknown volume
05-20 11:29:02.885 W/MountService(  374): getVolumeState(/mnt/emmc): Unknown volume
05-20 11:29:02.885 W/MountService(  374): getVolumeState(/mnt/extSdCard): Unknown volume
05-20 11:29:02.908 W/MountService(  374): getVolumeState(/mnt/sdcard/SD_CARD): Unknown volume
05-20 11:29:02.916 W/MountService(  374): getVolumeState(/mnt/sdcard/extra_sd): Unknown volume
05-20 11:29:02.931 W/MountService(  374): getVolumeState(/mnt/extrasd_bind): Unknown volume
05-20 11:29:02.939 W/MountService(  374): getVolumeState(/mnt/sdcard/ext_sd): Unknown volume
05-20 11:29:02.963 W/MountService(  374): getVolumeState(/storage/extSdCard): Unknown volume
05-20 11:29:02.963 W/MountService(  374): getVolumeState(/storage/sdcard1): Unknown volume
05-20 11:29:02.978 W/MountService(  374): getVolumeState(/mnt/sdcard/external_SD): Unknown volume
05-20 11:29:02.994 W/MountService(  374): getVolumeState(/mnt/sdcard/external_sd): Unknown volume
05-20 11:29:07.822 W/ActivityManager(  374): Timeout executing service: ServiceRecord{42d711c0 u0 com.pekall.emdm.launcher/com.baidu.location.f}
05-20 11:29:14.291 E/ActivityManager(  374): ANR in com.pekall.emdm.launcher:remote
05-20 11:29:14.291 E/ActivityManager(  374): Reason: Executing service com.pekall.emdm.launcher/com.baidu.location.f
05-20 11:29:14.291 E/ActivityManager(  374): Load: 2.44 / 2.08 / 1.89
05-20 11:29:14.291 E/ActivityManager(  374): CPU usage from 2820ms to -6436ms ago:
05-20 11:29:14.291 E/ActivityManager(  374):   88% 26771/com.pekall.emdm.launcher: 88% user + 0% kernel
05-20 11:29:14.291 E/ActivityManager(  374):   88% 28457/com.pekall.emdm.launcher:remote: 87% user + 0.1% kernel / faults: 116 minor
05-20 11:29:14.291 E/ActivityManager(  374):   18% 374/system_server: 15% user + 3% kernel / faults: 661 minor
05-20 11:29:14.291 E/ActivityManager(  374):   2.9% 448/com.android.systemui: 2.4% user + 0.4% kernel / faults: 24 minor
05-20 11:29:14.291 E/ActivityManager(  374):   0.7% 1661/com.qihoo360.mobilesafe:GuardService: 0.7% user + 0% kernel / faults: 142 minor
05-20 11:29:14.291 E/ActivityManager(  374):   0.1% 561/com.android.phone: 0.1% user + 0% kernel / faults: 34 minor
05-20 11:29:14.291 E/ActivityManager(  374):   0% 568/com.android.nfc: 0% user + 0% kernel / faults: 28 minor
05-20 11:29:14.291 E/ActivityManager(  374):   0.2% 24876/com.qihoo.appstore: 0.1% user + 0.1% kernel / faults: 2 minor
05-20 11:29:14.291 E/ActivityManager(  374):   0.1% 82/mmcqd/0: 0% user + 0.1% kernel
05-20 11:29:14.291 E/ActivityManager(  374):   0% 603/com.google.process.gapps: 0% user + 0% kernel / faults: 2 minor
05-20 11:29:14.291 E/ActivityManager(  374):   0.1% 27741/com.nd.assistance.ServerService: 0.1% user + 0% kernel
05-20 11:29:14.291 E/ActivityManager(  374): 100% TOTAL: 97% user + 2.1% kernel
05-20 11:29:14.291 E/ActivityManager(  374): CPU usage from 5645ms to 6185ms later:
05-20 11:29:14.291 E/ActivityManager(  374):   100% 28457/com.pekall.emdm.launcher:remote: 100% user + 0% kernel
05-20 11:29:14.291 E/ActivityManager(  374):     100% 28470/Thread-1272: 100% user + 0% kernel
05-20 11:29:14.291 E/ActivityManager(  374):   94% 26771/com.pekall.emdm.launcher: 94% user + 0% kernel
05-20 11:29:14.291 E/ActivityManager(  374):     94% 26784/Thread-1176: 94% user + 0% kernel
05-20 11:29:14.291 E/ActivityManager(  374):   7.2% 374/system_server: 3.6% user + 3.6% kernel
05-20 11:29:14.291 E/ActivityManager(  374):     5.4% 390/ActivityManager: 3.6% user + 1.8% kernel
05-20 11:29:14.291 E/ActivityManager(  374): 100% TOTAL: 99% user + 0.9% kernel
05-20 11:29:14.306 W/ActivityManager(  374): Killing ProcessRecord{426d9608 28457:com.pekall.emdm.launcher:remote/u0a10066}: background ANR
05-20 11:29:14.431 I/ActivityManager(  374): Process com.pekall.emdm.launcher:remote (pid 28457) has died.
05-20 11:29:14.431 W/ActivityManager(  374): Scheduling restart of crashed service com.pekall.emdm.launcher/com.baidu.location.f in 320000ms
05-20 11:29:58.088 W/MountService(  374): getVolumeState(/storage/emulated/0/external_sd): Unknown volume
05-20 11:29:58.088 W/MountService(  374): getVolumeState(/mnt/sdcard-ext): Unknown volume
05-20 11:29:58.088 W/MountService(  374): getVolumeState(/mnt/ext_sdcard): Unknown volume
05-20 11:29:58.088 W/MountService(  374): getVolumeState(/mnt/sdcard2): Unknown volume
05-20 11:29:58.088 W/MountService(  374): getVolumeState(/mnt/emmc): Unknown volume
05-20 11:29:58.088 W/MountService(  374): getVolumeState(/mnt/extSdCard): Unknown volume
05-20 11:29:58.088 W/MountService(  374): getVolumeState(/mnt/sdcard/SD_CARD): Unknown volume
05-20 11:29:58.088 W/MountService(  374): getVolumeState(/mnt/sdcard/extra_sd): Unknown volume
05-20 11:29:58.096 W/MountService(  374): getVolumeState(/mnt/extrasd_bind): Unknown volume
05-20 11:29:58.096 W/MountService(  374): getVolumeState(/mnt/sdcard/ext_sd): Unknown volume
05-20 11:29:58.096 W/MountService(  374): getVolumeState(/storage/extSdCard): Unknown volume
05-20 11:29:58.096 W/MountService(  374): getVolumeState(/storage/sdcard1): Unknown volume
05-20 11:29:58.096 W/MountService(  374): getVolumeState(/mnt/sdcard/external_SD): Unknown volume
05-20 11:29:58.096 W/MountService(  374): getVolumeState(/mnt/sdcard/external_sd): Unknown volume
05-20 11:29:58.455 W/MountService(  374): getVolumeState(/storage/emulated/0/external_sd): Unknown volume
05-20 11:29:58.455 W/MountService(  374): getVolumeState(/mnt/sdcard-ext): Unknown volume
05-20 11:29:58.455 W/MountService(  374): getVolumeState(/mnt/ext_sdcard): Unknown volume
05-20 11:29:58.455 W/MountService(  374): getVolumeState(/mnt/sdcard2): Unknown volume
05-20 11:29:58.455 W/MountService(  374): getVolumeState(/mnt/emmc): Unknown volume
05-20 11:29:58.455 W/MountService(  374): getVolumeState(/mnt/extSdCard): Unknown volume
05-20 11:29:58.455 W/MountService(  374): getVolumeState(/mnt/sdcard/SD_CARD): Unknown volume
05-20 11:29:58.455 W/MountService(  374): getVolumeState(/mnt/sdcard/extra_sd): Unknown volume
05-20 11:29:58.455 W/MountService(  374): getVolumeState(/mnt/extrasd_bind): Unknown volume
05-20 11:29:58.455 W/MountService(  374): getVolumeState(/mnt/sdcard/ext_sd): Unknown volume
05-20 11:29:58.463 W/MountService(  374): getVolumeState(/storage/extSdCard): Unknown volume
05-20 11:29:58.463 W/MountService(  374): getVolumeState(/storage/sdcard1): Unknown volume
05-20 11:29:58.471 W/MountService(  374): getVolumeState(/mnt/sdcard/external_SD): Unknown volume
05-20 11:29:58.471 W/MountService(  374): getVolumeState(/mnt/sdcard/external_sd): Unknown volume
05-20 11:30:58.119 W/MountService(  374): getVolumeState(/storage/emulated/0/external_sd): Unknown volume
05-20 11:30:58.119 W/MountService(  374): getVolumeState(/mnt/sdcard-ext): Unknown volume
05-20 11:30:58.119 W/MountService(  374): getVolumeState(/mnt/ext_sdcard): Unknown volume
05-20 11:30:58.119 W/MountService(  374): getVolumeState(/mnt/sdcard2): Unknown volume
05-20 11:30:58.119 W/MountService(  374): getVolumeState(/mnt/emmc): Unknown volume
05-20 11:30:58.119 W/MountService(  374): getVolumeState(/mnt/extSdCard): Unknown volume
05-20 11:30:58.119 W/MountService(  374): getVolumeState(/mnt/sdcard/SD_CARD): Unknown volume
05-20 11:30:58.119 W/MountService(  374): getVolumeState(/mnt/sdcard/extra_sd): Unknown volume
05-20 11:30:58.119 W/MountService(  374): getVolumeState(/mnt/extrasd_bind): Unknown volume
05-20 11:30:58.119 W/MountService(  374): getVolumeState(/mnt/sdcard/ext_sd): Unknown volume
05-20 11:30:58.127 W/MountService(  374): getVolumeState(/storage/extSdCard): Unknown volume
05-20 11:30:58.127 W/MountService(  374): getVolumeState(/storage/sdcard1): Unknown volume
05-20 11:30:58.127 W/MountService(  374): getVolumeState(/mnt/sdcard/external_SD): Unknown volume
05-20 11:30:58.127 W/MountService(  374): getVolumeState(/mnt/sdcard/external_sd): Unknown volume
05-20 11:30:58.431 W/MountService(  374): getVolumeState(/storage/emulated/0/external_sd): Unknown volume
05-20 11:30:58.431 W/MountService(  374): getVolumeState(/mnt/sdcard-ext): Unknown volume
05-20 11:30:58.431 W/MountService(  374): getVolumeState(/mnt/ext_sdcard): Unknown volume
05-20 11:30:58.439 W/MountService(  374): getVolumeState(/mnt/sdcard2): Unknown volume
05-20 11:30:58.447 W/MountService(  374): getVolumeState(/mnt/emmc): Unknown volume
05-20 11:30:58.447 W/MountService(  374): getVolumeState(/mnt/extSdCard): Unknown volume
05-20 11:30:58.447 W/MountService(  374): getVolumeState(/mnt/sdcard/SD_CARD): Unknown volume
05-20 11:30:58.447 W/MountService(  374): getVolumeState(/mnt/sdcard/extra_sd): Unknown volume
05-20 11:30:58.447 W/MountService(  374): getVolumeState(/mnt/extrasd_bind): Unknown volume
05-20 11:30:58.447 W/MountService(  374): getVolumeState(/mnt/sdcard/ext_sd): Unknown volume
05-20 11:30:58.447 W/MountService(  374): getVolumeState(/storage/extSdCard): Unknown volume
05-20 11:30:58.447 W/MountService(  374): getVolumeState(/storage/sdcard1): Unknown volume
05-20 11:30:58.447 W/MountService(  374): getVolumeState(/mnt/sdcard/external_SD): Unknown volume
05-20 11:30:58.447 W/MountService(  374): getVolumeState(/mnt/sdcard/external_sd): Unknown volume
05-20 11:31:58.181 W/MountService(  374): getVolumeState(/storage/emulated/0/external_sd): Unknown volume
05-20 11:31:58.181 W/MountService(  374): getVolumeState(/mnt/sdcard-ext): Unknown volume
05-20 11:31:58.181 W/MountService(  374): getVolumeState(/mnt/ext_sdcard): Unknown volume
05-20 11:31:58.181 W/MountService(  374): getVolumeState(/mnt/sdcard2): Unknown volume
05-20 11:31:58.181 W/MountService(  374): getVolumeState(/mnt/emmc): Unknown volume
05-20 11:31:58.189 W/MountService(  374): getVolumeState(/mnt/extSdCard): Unknown volume
05-20 11:31:58.189 W/MountService(  374): getVolumeState(/mnt/sdcard/SD_CARD): Unknown volume
05-20 11:31:58.189 W/MountService(  374): getVolumeState(/mnt/sdcard/extra_sd): Unknown volume
05-20 11:31:58.189 W/MountService(  374): getVolumeState(/mnt/extrasd_bind): Unknown volume
05-20 11:31:58.189 W/MountService(  374): getVolumeState(/mnt/sdcard/ext_sd): Unknown volume
05-20 11:31:58.189 W/MountService(  374): getVolumeState(/storage/extSdCard): Unknown volume
05-20 11:31:58.189 W/MountService(  374): getVolumeState(/storage/sdcard1): Unknown volume
05-20 11:31:58.189 W/MountService(  374): getVolumeState(/mnt/sdcard/external_SD): Unknown volume
05-20 11:31:58.189 W/MountService(  374): getVolumeState(/mnt/sdcard/external_sd): Unknown volume
05-20 11:31:58.525 W/MountService(  374): getVolumeState(/storage/emulated/0/external_sd): Unknown volume
05-20 11:31:58.525 W/MountService(  374): getVolumeState(/mnt/sdcard-ext): Unknown volume
05-20 11:31:58.525 W/MountService(  374): getVolumeState(/mnt/ext_sdcard): Unknown volume
05-20 11:31:58.525 W/MountService(  374): getVolumeState(/mnt/sdcard2): Unknown volume
05-20 11:31:58.525 W/MountService(  374): getVolumeState(/mnt/emmc): Unknown volume
05-20 11:31:58.525 W/MountService(  374): getVolumeState(/mnt/extSdCard): Unknown volume
05-20 11:31:58.525 W/MountService(  374): getVolumeState(/mnt/sdcard/SD_CARD): Unknown volume
05-20 11:31:58.525 W/MountService(  374): getVolumeState(/mnt/sdcard/extra_sd): Unknown volume
05-20 11:31:58.525 W/MountService(  374): getVolumeState(/mnt/extrasd_bind): Unknown volume
05-20 11:31:58.525 W/MountService(  374): getVolumeState(/mnt/sdcard/ext_sd): Unknown volume
05-20 11:31:58.533 W/MountService(  374): getVolumeState(/storage/extSdCard): Unknown volume
05-20 11:31:58.533 W/MountService(  374): getVolumeState(/storage/sdcard1): Unknown volume
05-20 11:31:58.533 W/MountService(  374): getVolumeState(/mnt/sdcard/external_SD): Unknown volume
05-20 11:31:58.533 W/MountService(  374): getVolumeState(/mnt/sdcard/external_sd): Unknown volume
05-20 11:32:02.689 I/EntropyMixer(  374): Writing entropy...
05-20 11:32:58.221 W/MountService(  374): getVolumeState(/storage/emulated/0/external_sd): Unknown volume
05-20 11:32:58.221 W/MountService(  374): getVolumeState(/mnt/sdcard-ext): Unknown volume
05-20 11:32:58.221 W/MountService(  374): getVolumeState(/mnt/ext_sdcard): Unknown volume
05-20 11:32:58.221 W/MountService(  374): getVolumeState(/mnt/sdcard2): Unknown volume
05-20 11:32:58.221 W/MountService(  374): getVolumeState(/mnt/emmc): Unknown volume
05-20 11:32:58.228 W/MountService(  374): getVolumeState(/mnt/extSdCard): Unknown volume
05-20 11:32:58.228 W/MountService(  374): getVolumeState(/mnt/sdcard/SD_CARD): Unknown volume
05-20 11:32:58.228 W/MountService(  374): getVolumeState(/mnt/sdcard/extra_sd): Unknown volume
05-20 11:32:58.228 W/MountService(  374): getVolumeState(/mnt/extrasd_bind): Unknown volume
05-20 11:32:58.228 W/MountService(  374): getVolumeState(/mnt/sdcard/ext_sd): Unknown volume
05-20 11:32:58.228 W/MountService(  374): getVolumeState(/storage/extSdCard): Unknown volume
05-20 11:32:58.228 W/MountService(  374): getVolumeState(/storage/sdcard1): Unknown volume
05-20 11:32:58.228 W/MountService(  374): getVolumeState(/mnt/sdcard/external_SD): Unknown volume
05-20 11:32:58.228 W/MountService(  374): getVolumeState(/mnt/sdcard/external_sd): Unknown volume
05-20 11:32:58.525 W/MountService(  374): getVolumeState(/storage/emulated/0/external_sd): Unknown volume
05-20 11:32:58.533 W/MountService(  374): getVolumeState(/mnt/sdcard-ext): Unknown volume
05-20 11:32:58.533 W/MountService(  374): getVolumeState(/mnt/ext_sdcard): Unknown volume
05-20 11:32:58.541 W/MountService(  374): getVolumeState(/mnt/sdcard2): Unknown volume
05-20 11:32:58.541 W/MountService(  374): getVolumeState(/mnt/emmc): Unknown volume
05-20 11:32:58.541 W/MountService(  374): getVolumeState(/mnt/extSdCard): Unknown volume
05-20 11:32:58.541 W/MountService(  374): getVolumeState(/mnt/sdcard/SD_CARD): Unknown volume
05-20 11:32:58.541 W/MountService(  374): getVolumeState(/mnt/sdcard/extra_sd): Unknown volume
05-20 11:32:58.541 W/MountService(  374): getVolumeState(/mnt/extrasd_bind): Unknown volume
05-20 11:32:58.541 W/MountService(  374): getVolumeState(/mnt/sdcard/ext_sd): Unknown volume
05-20 11:32:58.541 W/MountService(  374): getVolumeState(/storage/extSdCard): Unknown volume
05-20 11:32:58.541 W/MountService(  374): getVolumeState(/storage/sdcard1): Unknown volume
05-20 11:32:58.549 W/MountService(  374): getVolumeState(/mnt/sdcard/external_SD): Unknown volume
05-20 11:32:58.549 W/MountService(  374): getVolumeState(/mnt/sdcard/external_sd): Unknown volume
05-20 11:33:58.236 W/MountService(  374): getVolumeState(/storage/emulated/0/external_sd): Unknown volume
05-20 11:33:58.244 W/MountService(  374): getVolumeState(/mnt/sdcard-ext): Unknown volume
05-20 11:33:58.244 W/MountService(  374): getVolumeState(/mnt/ext_sdcard): Unknown volume
05-20 11:33:58.244 W/MountService(  374): getVolumeState(/mnt/sdcard2): Unknown volume
05-20 11:33:58.244 W/MountService(  374): getVolumeState(/mnt/emmc): Unknown volume
05-20 11:33:58.244 W/MountService(  374): getVolumeState(/mnt/extSdCard): Unknown volume
05-20 11:33:58.244 W/MountService(  374): getVolumeState(/mnt/sdcard/SD_CARD): Unknown volume
05-20 11:33:58.244 W/MountService(  374): getVolumeState(/mnt/sdcard/extra_sd): Unknown volume
05-20 11:33:58.252 W/MountService(  374): getVolumeState(/mnt/extrasd_bind): Unknown volume
05-20 11:33:58.252 W/MountService(  374): getVolumeState(/mnt/sdcard/ext_sd): Unknown volume
05-20 11:33:58.252 W/MountService(  374): getVolumeState(/storage/extSdCard): Unknown volume
05-20 11:33:58.252 W/MountService(  374): getVolumeState(/storage/sdcard1): Unknown volume
