05-20 11:36:29.596 W/GlowPadView(  374): The number of target drawables must be equal to the number of direction descriptions.
05-20 11:36:29.822 D/dalvikvm(10785): GC_CONCURRENT freed 373K, 6% free 9905K/10460K, paused 1ms+2ms, total 45ms
05-20 11:36:29.924 V/LauncherApplication(26771): onActivityStarted
05-20 11:36:29.931 D/PhoneStatusBar(  448): disable: < expand icons alerts ticker system_info BACK HOME recent* CLOCK search* >
05-20 11:36:29.939 V/WiseDownloadConditionControler(10785): checkCondition  type : WISE_DOWNLOAD  inerrupting: true
05-20 11:36:29.939 D/        (26771): [---null: -1---]     awsa  onActivityResumed
05-20 11:36:29.939 V/LauncherApplication(26771): 2MdmConstant.LAST_LAUNCH_TIME = 1400556940050
05-20 11:36:29.947 D/        (26771): [---null: -1---]  activity = com.pekall.emdm.ui.RegDeviceActivity
05-20 11:36:29.955 W/Parcel  ( 1661): Attempt to read object from Parcel 0x5ef3bdac at offset 200 that is not in the object list
05-20 11:36:29.963 D/NfcService(  568): NFC-C ON
05-20 11:36:29.978 I/uninstall(10785): SelfUninstallManager -> initUninstallTask
05-20 11:36:29.978 I/uninstall(10785): initUninstallTask init is running, return
05-20 11:36:30.010 D/PhoneStatusBar(  448): disable: < expand icons alerts ticker system_info back* home* recent clock* search >
05-20 11:36:30.010 W/InputMethodManagerService(  374): Window already focused, ignoring focus gain of: com.android.internal.view.IInputMethodClient$Stub$Proxy@42a22900 attribute=android.view.inputmethod.EditorInfo@429c67d8, token = android.os.BinderProxy@428ff198
05-20 11:36:30.017 W/Parcel  ( 1661): Attempt to read object from Parcel 0x5dfd3dac at offset 200 that is not in the object list
05-20 11:36:30.431 V/TAG     (  374): bug 7643792: fitSystemWindows([0,50][0,0])
05-20 11:36:30.619 I/QueryController(29097): Matched selector: UiSelector[PACKAGE NAME=com.pekall.emdm.launcher] <<==>> [android.view.accessibility.AccessibilityNodeInfo@46146; boundsInParent: Rect(0, 0 - 720, 1184); boundsInScreen: Rect(0, 0 - 720, 1184); packageName: com.pekall.emdm.launcher; className: android.widget.FrameLayout; text: null; contentDescription: null; viewIdResName: null; checkable: false; checked: false; focusable: false; focused: false; selected: false; clickable: false; longClickable: false; enabled: true; password: false; scrollable: false; [ACTION_SELECT, ACTION_CLEAR_SELECTION, ACTION_ACCESSIBILITY_FOCUS]]
05-20 11:36:30.650 I/QueryController(29097): Matched selector: UiSelector[TEXT=Login, CLASS=android.widget.Button] <<==>> [android.view.accessibility.AccessibilityNodeInfo@48a91; boundsInParent: Rect(0, 0 - 660, 96); boundsInScreen: Rect(30, 684 - 690, 780); packageName: com.pekall.emdm.launcher; className: android.widget.Button; text: Login; contentDescription: null; viewIdResName: com.pekall.emdm.launcher:id/ok_button; checkable: false; checked: false; focusable: true; focused: false; selected: false; clickable: true; longClickable: false; enabled: true; password: false; scrollable: false; [ACTION_FOCUS, ACTION_SELECT, ACTION_CLEAR_SELECTION, ACTION_CLICK, ACTION_ACCESSIBILITY_FOCUS, ACTION_NEXT_AT_MOVEMENT_GRANULARITY, ACTION_PREVIOUS_AT_MOVEMENT_GRANULARITY, ACTION_SET_SELECTION]]
05-20 11:36:30.666 I/QueryController(29097): Matched selector: UiSelector[TEXT=zhenhua.sang@pekall.com] <<==>> [android.view.accessibility.AccessibilityNodeInfo@45d85; boundsInParent: Rect(0, 0 - 621, 76); boundsInScreen: Rect(49, 280 - 670, 356); packageName: com.pekall.emdm.launcher; className: android.widget.EditText; text: zhenhua.sang@pekall.com; contentDescription: null; viewIdResName: com.pekall.emdm.launcher:id/mdm_edit; checkable: false; checked: false; focusable: true; focused: true; selected: false; clickable: true; longClickable: true; enabled: false; password: false; scrollable: false; [ACTION_CLEAR_FOCUS, ACTION_SELECT, ACTION_CLEAR_SELECTION, ACTION_ACCESSIBILITY_FOCUS, ACTION_NEXT_AT_MOVEMENT_GRANULARITY, ACTION_PREVIOUS_AT_MOVEMENT_GRANULARITY, ACTION_SET_SELECTION]]
05-20 11:36:30.681 I/QueryController(29097): Matched selector: UiSelector[CLASS=android.widget.EditText, ENABLED=true] <<==>> [android.view.accessibility.AccessibilityNodeInfo@495d4; boundsInParent: Rect(0, 0 - 621, 76); boundsInScreen: Rect(49, 420 - 670, 496); packageName: com.pekall.emdm.launcher; className: android.widget.EditText; text: null; contentDescription: null; viewIdResName: com.pekall.emdm.launcher:id/mdm_edit; checkable: false; checked: false; focusable: true; focused: false; selected: false; clickable: true; longClickable: true; enabled: true; password: true; scrollable: false; [ACTION_FOCUS, ACTION_SELECT, ACTION_CLEAR_SELECTION, ACTION_CLICK, ACTION_LONG_CLICK, ACTION_ACCESSIBILITY_FOCUS]]
05-20 11:36:33.127 I/QueryController(29097): Matched selector: UiSelector[CLASS=android.widget.EditText, ENABLED=true] <<==>> [android.view.accessibility.AccessibilityNodeInfo@495d4; boundsInParent: Rect(0, 0 - 621, 76); boundsInScreen: Rect(49, 420 - 670, 496); packageName: com.pekall.emdm.launcher; className: android.widget.EditText; text: null; contentDescription: null; viewIdResName: com.pekall.emdm.launcher:id/mdm_edit; checkable: false; checked: false; focusable: true; focused: true; selected: false; clickable: true; longClickable: true; enabled: true; password: true; scrollable: false; [ACTION_CLEAR_FOCUS, ACTION_SELECT, ACTION_CLEAR_SELECTION, ACTION_CLICK, ACTION_LONG_CLICK, ACTION_ACCESSIBILITY_FOCUS]]
05-20 11:36:36.041 I/QueryController(29097): Matched selector: UiSelector[TEXT=Login, CLASS=android.widget.Button] <<==>> [android.view.accessibility.AccessibilityNodeInfo@48a91; boundsInParent: Rect(0, 0 - 660, 96); boundsInScreen: Rect(30, 684 - 690, 780); packageName: com.pekall.emdm.launcher; className: android.widget.Button; text: Login; contentDescription: null; viewIdResName: com.pekall.emdm.launcher:id/ok_button; checkable: false; checked: false; focusable: true; focused: false; selected: false; clickable: true; longClickable: false; enabled: true; password: false; scrollable: false; [ACTION_FOCUS, ACTION_SELECT, ACTION_CLEAR_SELECTION, ACTION_CLICK, ACTION_ACCESSIBILITY_FOCUS, ACTION_NEXT_AT_MOVEMENT_GRANULARITY, ACTION_PREVIOUS_AT_MOVEMENT_GRANULARITY, ACTION_SET_SELECTION]]
05-20 11:36:36.041 D/InteractionController(29097): clickAndWaitForNewWindow(360, 732)
05-20 11:36:36.181 I/TransInfo(26771): TransInfo created, id: 1, class: class com.pekall.emdm.transaction.c.f
05-20 11:36:36.181 D/NetworkThread(26771): [null:-1]->----isRunning-----true
05-20 11:36:36.189 D/NetworkThread(26771): [null:-1]->----isRunning-----true
05-20 11:36:36.189 D/NetworkThread(26771): [null:-1]->thread wakeup
05-20 11:36:36.189 D/NetworkThread(26771): [null:-1]->sendHttpPost:PostRequest, url: http://192.168.10.21/rest/mdm/v1/user/login_mdm, Params: [username:zhenhua.sang@pekall.com][password:123456][com_id:1], 
05-20 11:36:36.189 D/HttpClient(26771): enable apache.http debug
05-20 11:36:36.197 V/DEBUG   (26771): HTTP 0
05-20 11:36:39.697 D/dalvikvm(29097): GC_FOR_ALLOC freed 7550K, 93% free 640K/8192K, paused 30ms, total 30ms
05-20 11:36:39.783 W/Parcel  ( 1661): Attempt to read object from Parcel 0x5ec3bdac at offset 200 that is not in the object list
05-20 11:36:39.822 V/WiseDownloadConditionControler(10785): checkCondition  type : WISE_DOWNLOAD  inerrupting: true
05-20 11:36:40.103 D/dalvikvm(29097): GC_CONCURRENT freed 395K, 55% free 635K/1384K, paused 2ms+1ms, total 8ms
05-20 11:36:40.510 D/dalvikvm(29097): GC_CONCURRENT freed 399K, 55% free 635K/1384K, paused 0ms+1ms, total 6ms
05-20 11:36:40.916 D/dalvikvm(29097): GC_CONCURRENT freed 400K, 55% free 635K/1384K, paused 0ms+0ms, total 5ms
05-20 11:36:41.314 D/MDM :   (26771): [null:-1]->statusCode : 200
05-20 11:36:41.314 D/MDM :   (26771): [null:-1]->statusCode : 200
05-20 11:36:41.314 V/DEBUG   (26771): HTTP 1
05-20 11:36:41.314 D/MDM :   (26771): [null:-1]->read network input stream
05-20 11:36:41.322 D/MDM :   (26771): [null:-1]->Get joson string: {"result":0,"userInfo":{"id":1134,"type":51302,"password":null,"status":51001,"roles":8,"comId":1,"isAdmin":0,"fullName":"","phone":"010-2222222","cellPhone":"12345678910","email":"zhenhua.sang@pekall.com","firstName":null,"lastName":null,"business":null,"im":null,"username":"zhenhua.sang@pekall.com","labelPath":null,"userKey":"uPVi3f5AIdavCrAT","token":"675fa4b121e2634756041ffb33f522e31134","deleted":0,"updateTime":1398231202000,"createTime":1397549312000,"directLabelId":0,"isInLabel":1,"setPwd":0,"labels":null,"encrpPwd":null,"deviceNo":0,"new":false}}
05-20 11:36:41.322 D/dalvikvm(29097): GC_CONCURRENT freed 400K, 55% free 635K/1384K, paused 0ms+1ms, total 5ms
05-20 11:36:41.385 I/System.out(26771): [cjx]initUserSecret,keyLength:16,DEK:[1400557001394,1400816201394]
05-20 11:36:41.385 I/System.out(26771): [cjx]to generate user KEK now,keyLength:32,algorithm:Rijndael256
05-20 11:36:41.525 I/System.out(26771): [cjx]blockSize:32
05-20 11:36:41.525 I/System.out(26771): [cjx]iv:[112, 101, 107, 97, 108, 108, 50, 48, 49, 52, 97, 101, 115, 99, 106, 120, 112, 101, 107, 97, 108, 108, 50, 48, 49, 52, 97, 101, 115, 99, 106, 120]
05-20 11:36:41.525 I/System.out(26771): [cjx]secret:[-94, 35, 21, 34, 6, -61, -108, -46, 6, 56, -82, 111, 24, -59, 0, -21, 43, -46, -16, 27, -76, 52, 9, 117, -69, 64, 55, -122, -120, -69, -38, 9]
05-20 11:36:41.525 I/System.out(26771): [cjx]successfully store userID:[B@440e7cc8
05-20 11:36:41.525 I/System.out(26771): [cjx]blockSize:32
05-20 11:36:41.525 I/System.out(26771): [cjx]iv:[112, 101, 107, 97, 108, 108, 50, 48, 49, 52, 97, 101, 115, 99, 106, 120, 112, 101, 107, 97, 108, 108, 50, 48, 49, 52, 97, 101, 115, 99, 106, 120]
05-20 11:36:41.525 I/System.out(26771): [cjx]secret:[-94, 35, 21, 34, 6, -61, -108, -46, 6, 56, -82, 111, 24, -59, 0, -21, 43, -46, -16, 27, -76, 52, 9, 117, -69, 64, 55, -122, -120, -69, -38, 9]
05-20 11:36:41.533 I/System.out(26771): [cjx]successfully store DEK.
05-20 11:36:41.533 D/NetworkThread(26771): [null:-1]->clear mCurrentTransInfo
05-20 11:36:41.533 D/NetworkThread(26771): [null:-1]->queue is empty, thread wait...
05-20 11:36:41.635 D/MDM :   (26771): [null:-1]->handleMessage
05-20 11:36:41.681 I/TransInfo(26771): TransInfo created, id: 8, class: class com.pekall.emdm.transaction.c.a
05-20 11:36:41.681 D/NetworkThread(26771): [null:-1]->----isRunning-----true
05-20 11:36:41.681 D/NetworkThread(26771): [null:-1]->----isRunning-----true
05-20 11:36:41.681 D/NetworkThread(26771): [null:-1]->thread wakeup
05-20 11:36:41.713 D/NetworkThread(26771): [null:-1]->sendHttpPost:PostRequest, url: http://192.168.10.21/rest/mdm/v1/device/check_device, Params: [mac:20:64:32:7a:19:48][imei:351554059027897][ios_uuid:00013fbc8ecec5b90000014613abe64a][os:51201], 
05-20 11:36:41.713 D/HttpClient(26771): enable apache.http debug
05-20 11:36:41.721 E/QueryController(29097): Got null root node from accessibility - Retrying...
05-20 11:36:41.721 V/DEBUG   (26771): HTTP 0
05-20 11:36:42.189 D/MDM :   (26771): [null:-1]->statusCode : 200
05-20 11:36:42.189 D/MDM :   (26771): [null:-1]->statusCode : 200
05-20 11:36:42.189 V/DEBUG   (26771): HTTP 1
05-20 11:36:42.197 D/MDM :   (26771): [null:-1]->read network input stream
05-20 11:36:42.205 D/MDM :   (26771): [null:-1]->Get joson string: {"result":0,"deviceInfo":{"language":null,"id":449,"type":50701,"productName":"yakju","status":50001,"mac":"20:64:32:7a:19:48","comId":1,"userId":1134,"os":51201,"updateTime":1400556363000,"deviceDetail":null,"createTime":1397813424000,"deviceUuid":"00013fbc8ecec5b90000014613abe64a","sn":"","model":"Galaxy Nexus","iosUdid":"00013fbc8ecec5b90000014613abe64a","lastCheckin":1400556948000,"securityInfo":"{\"HardwareEncryptionCaps\":0,\"PasscodePresent\":false,\"PasscodeCompliant\":false,\"PasscodeCompliantWithProfiles\":true}","imei":"351554059027897","labelNames":null,"mdmUserInfo":null,"connect":1,"dvId":10435,"isRoot":null,"isPrison":null,"groupCount":0,"new":false}}
05-20 11:36:42.205 D/NetworkThread(26771): [null:-1]->clear mCurrentTransInfo
05-20 11:36:42.205 D/NetworkThread(26771): [null:-1]->queue is empty, thread wait...
05-20 11:36:42.306 D/MDM :   (26771): [null:-1]->handleMessage
05-20 11:36:42.306 I/TransInfo(26771): TransInfo created, id: 2, class: class com.pekall.emdm.transaction.c.g
05-20 11:36:42.314 D/NetworkThread(26771): [null:-1]->----isRunning-----true
05-20 11:36:42.314 D/NetworkThread(26771): [null:-1]->----isRunning-----true
05-20 11:36:42.314 D/NetworkThread(26771): [null:-1]->thread wakeup
05-20 11:36:42.314 D/NetworkThread(26771): [null:-1]->sendHttpPost:PostRequest, url: http://192.168.10.21/rest/mdm/v1/device/register_device, Params: [device_uuid:00013fbc8ecec5b90000014613abe64a][os:51201][device_type:50701][dv_id:10435][sn:][mac:20:64:32:7a:19:48][imei:351554059027897], 
05-20 11:36:42.314 D/HttpClient(26771): enable apache.http debug
05-20 11:36:42.322 V/DEBUG   (26771): HTTP 0
05-20 11:36:42.455 D/dalvikvm(29097): GC_CONCURRENT freed 397K, 55% free 635K/1384K, paused 1ms+1ms, total 5ms
05-20 11:36:42.806 D/MDM :   (26771): [null:-1]->MSG_WEBSOCKET_MESSAGE : {"id":2024117616,"type":0,"command":0,"result":0,"reason":0,"params":{"msgId":"ccaaa7ab-0b00-487c-9b52-394ff457a0a8,ccaaa7ab0b00487c9b52394ff457a0a8","device":"00013fbc8ecec5b90000014613abe64a","message":"{\"cmd\":\"10119\"}"}}
05-20 11:36:42.814 D/MdmService(26771): [null:-1]->push message type :0
05-20 11:36:42.814 D/MdmService(26771): [null:-1]->cmdMessage : {"cmd":"10119"}
05-20 11:36:42.822 D/MdmService(26771): [null:-1]->command : PushCommandMsg{cmd='10119', msg='null'}
05-20 11:36:42.822 D/MdmStatusManager(26771): [null:-1]->change status to : Busy
05-20 11:36:42.830 I/TransInfo(26771): TransInfo created, id: 3, class: class com.pekall.emdm.transaction.c.b
05-20 11:36:42.830 D/NetworkThread(26771): [null:-1]->----isRunning-----true
05-20 11:36:42.908 D/MDM :   (26771): [null:-1]->MSG_WEBSOCKET_MESSAGE : {"id":-230755329,"type":0,"command":0,"result":0,"reason":0,"params":{"msgId":"f31d8b2c-eb1c-41d8-a619-002d11a8f10d,f31d8b2ceb1c41d8a619002d11a8f10d","device":"00013fbc8ecec5b90000014613abe64a","message":"{\"cmd\":\"10119\"}"}}
05-20 11:36:42.916 D/MdmService(26771): [null:-1]->push message type :0
05-20 11:36:42.916 D/MdmService(26771): [null:-1]->cmdMessage : {"cmd":"10119"}
05-20 11:36:42.924 D/MdmService(26771): [null:-1]->command : PushCommandMsg{cmd='10119', msg='null'}
05-20 11:36:42.924 D/MdmService(26771): [null:-1]->MdmStatusManager is busy , wait......
05-20 11:36:43.119 D/MDM :   (26771): [null:-1]->MSG_WEBSOCKET_MESSAGE : {"id":-93459215,"type":0,"command":0,"result":0,"reason":0,"params":{"msgId":"ee998e7b-aef7-4139-9c12-ac43f99fb950,ee998e7baef741399c12ac43f99fb950","device":"00013fbc8ecec5b90000014613abe64a","message":"{\"cmd\":\"10119\"}"}}
05-20 11:36:43.119 D/dalvikvm(29097): GC_CONCURRENT freed 389K, 55% free 631K/1384K, paused 1ms+1ms, total 6ms
05-20 11:36:43.127 D/MdmService(26771): [null:-1]->push message type :0
05-20 11:36:43.127 D/MdmService(26771): [null:-1]->cmdMessage : {"cmd":"10119"}
05-20 11:36:43.127 D/MdmService(26771): [null:-1]->command : PushCommandMsg{cmd='10119', msg='null'}
05-20 11:36:43.127 D/MdmService(26771): [null:-1]->MdmStatusManager is busy , wait......
05-20 11:36:43.158 D/MDM :   (26771): [null:-1]->statusCode : 200
05-20 11:36:43.158 D/MDM :   (26771): [null:-1]->statusCode : 200
05-20 11:36:43.158 V/DEBUG   (26771): HTTP 1
05-20 11:36:43.158 D/MDM :   (26771): [null:-1]->read network input stream
05-20 11:36:43.166 D/MDM :   (26771): [null:-1]->Get joson string: {"result":0,"loginInfo":{"mdmPushServerInfoVo":{"id":0,"port":9090,"count":123,"ip":"test.mdm.everknow.cn","pushToken":"123456"},"profileUrl":null}}
05-20 11:36:43.197 W/Parcel  ( 1661): Attempt to read object from Parcel 0x5ef3bdac at offset 200 that is not in the object list
05-20 11:36:43.197 D/NetworkThread(26771): [null:-1]->clear mCurrentTransInfo
05-20 11:36:43.221 D/MdmService(26771): [null:-1]->receiver action :com.pekall.mdm.action.MDM_REGISTERED
05-20 11:36:43.221 D/NetworkThread(26771): [null:-1]->sendHttpPost:PostRequest, url: http://192.168.10.21/rest/mdm/v1/ios/android_server, Params: [content:<?xml version="1.0" encoding="UTF-8"?>
05-20 11:36:43.221 D/NetworkThread(26771): <!DOCTYPE plist PUBLIC "-//Apple//DTD PLIST 1.0//EN" "http://www.apple.com/DTDs/PropertyList-1.0.dtd">
05-20 11:36:43.221 D/NetworkThread(26771): <plist version="1.0">
05-20 11:36:43.221 D/NetworkThread(26771): <dict>
05-20 11:36:43.221 D/NetworkThread(26771): 	<key>Status</key>
05-20 11:36:43.221 D/NetworkThread(26771): 	<string>Idle</string>
05-20 11:36:43.221 D/NetworkThread(26771): 	<key>UDID</key>
05-20 11:36:43.221 D/NetworkThread(26771): 	<string>00013fbc8ecec5b90000014613abe64a</string>
05-20 11:36:43.221 D/NetworkThread(26771): </dict>
05-20 11:36:43.221 D/NetworkThread(26771): </plist>], 
05-20 11:36:43.221 D/HttpClient(26771): enable apache.http debug
05-20 11:36:43.228 I/TransInfo(26771): TransInfo created, id: 5, class: class com.pekall.emdm.transaction.c.j
05-20 11:36:43.236 V/DEBUG   (26771): HTTP 0
05-20 11:36:43.236 D/NetworkThread(26771): [null:-1]->----isRunning-----true
05-20 11:36:43.236 D/MdmService(26771): [null:-1]->keepAliveWithPushServer client is opened:true
05-20 11:36:43.236 D/MDM :   (26771): [null:-1]->ping!!!!!!!!!
05-20 11:36:43.236 D/MdmService(26771): [null:-1]->pushUrl : ws://test.mdm.everknow.cn:9090/websocket
05-20 11:36:43.236 D/MDM :   (26771): [null:-1]->mMdmPushClient is :not null
05-20 11:36:43.244 D/MDM :   (26771): [null:-1]->mMdmPushClient opened : opened
05-20 11:36:43.244 D/MdmService(26771): [null:-1]->MdmStatusManager is busy , wait......
05-20 11:36:43.244 I/TransInfo(26771): TransInfo created, id: 9, class: class com.pekall.emdm.transaction.c.c
05-20 11:36:43.252 D/MDM :   (26771): [null:-1]->MSG_WEBSOCKET_PONG
05-20 11:36:43.252 D/ProfileManager(26771): [null:-1]->check policy checking :false
05-20 11:36:43.252 D/com.pekall.restrictions.policy(26771): [null:-1]->allowBluetooth : null
05-20 11:36:43.252 D/com.pekall.restrictions.policy(26771): [null:-1]->ensureSimulateLocation :null
05-20 11:36:43.260 D/com.pekall.restrictions.policy(26771): [null:-1]->allowUseNetworkDate : null
05-20 11:36:43.260 E/DatabaseUtils(  374): Writing exception to parcel
05-20 11:36:43.260 E/DatabaseUtils(  374): java.lang.SecurityException: Permission denial: writing to secure settings requires android.permission.WRITE_SECURE_SETTINGS
05-20 11:36:43.260 E/DatabaseUtils(  374): 	at com.android.providers.settings.SettingsProvider.checkWritePermissions(SettingsProvider.java:279)
05-20 11:36:43.260 E/DatabaseUtils(  374): 	at com.android.providers.settings.SettingsProvider.insertForUser(SettingsProvider.java:897)
05-20 11:36:43.260 E/DatabaseUtils(  374): 	at com.android.providers.settings.SettingsProvider.callFromPackage(SettingsProvider.java:634)
05-20 11:36:43.260 E/DatabaseUtils(  374): 	at android.content.ContentProvider$Transport.call(ContentProvider.java:279)
05-20 11:36:43.260 E/DatabaseUtils(  374): 	at android.content.ContentProviderNative.onTransact(ContentProviderNative.java:273)
05-20 11:36:43.260 E/DatabaseUtils(  374): 	at android.os.Binder.execTransact(Binder.java:388)
05-20 11:36:43.260 E/DatabaseUtils(  374): 	at dalvik.system.NativeStart.run(Native Method)
05-20 11:36:43.283 D/com.pekall.restrictions.policy(26771): [null:-1]->allowUseNetworkDate error
05-20 11:36:43.283 D/com.pekall.restrictions.policy(26771): java.lang.SecurityException: Permission denial: writing to secure settings requires android.permission.WRITE_SECURE_SETTINGS
05-20 11:36:43.283 D/com.pekall.restrictions.policy(26771): 	at android.os.Parcel.readException(Parcel.java:1431)
05-20 11:36:43.283 D/com.pekall.restrictions.policy(26771): 	at android.database.DatabaseUtils.readExceptionFromParcel(DatabaseUtils.java:185)
05-20 11:36:43.283 D/com.pekall.restrictions.policy(26771): 	at android.database.DatabaseUtils.readExceptionFromParcel(DatabaseUtils.java:137)
05-20 11:36:43.283 D/com.pekall.restrictions.policy(26771): 	at android.content.ContentProviderProxy.call(ContentProviderNative.java:602)
05-20 11:36:43.283 D/com.pekall.restrictions.policy(26771): 	at android.provider.Settings$NameValueCache.putStringForUser(Settings.java:818)
05-20 11:36:43.283 D/com.pekall.restrictions.policy(26771): 	at android.provider.Settings$Global.putStringForUser(Settings.java:5529)
05-20 11:36:43.283 D/com.pekall.restrictions.policy(26771): 	at android.provider.Settings$Global.putString(Settings.java:5519)
05-20 11:36:43.283 D/com.pekall.restrictions.policy(26771): 	at android.provider.Settings$Global.putInt(Settings.java:5607)
05-20 11:36:43.283 D/com.pekall.restrictions.policy(26771): 	at com.pekall.emdm.b.c.b.j.c(Unknown Source)
05-20 11:36:43.283 D/com.pekall.restrictions.policy(26771): 	at com.pekall.emdm.b.c.b.j.h(Unknown Source)
05-20 11:36:43.283 D/com.pekall.restrictions.policy(26771): 	at com.pekall.emdm.b.c.e.run(Unknown Source)
05-20 11:36:43.283 D/com.pekall.restrictions.policy(26771): [null:-1]->allowNFC : null
05-20 11:36:43.291 D/InnerClass(26771): [null:-1]->enableNfc : 
05-20 11:36:43.291 D/InnerClass(26771): java.lang.reflect.InvocationTargetException
05-20 11:36:43.291 D/InnerClass(26771): 	at java.lang.reflect.Method.invokeNative(Native Method)
05-20 11:36:43.291 D/InnerClass(26771): 	at java.lang.reflect.Method.invoke(Method.java:525)
05-20 11:36:43.291 D/InnerClass(26771): 	at com.pekall.emdm.c.i.a(Unknown Source)
05-20 11:36:43.291 D/InnerClass(26771): 	at com.pekall.emdm.c.c.a(Unknown Source)
05-20 11:36:43.291 D/InnerClass(26771): 	at com.pekall.emdm.b.c.b.j.b(Unknown Source)
05-20 11:36:43.291 D/InnerClass(26771): 	at com.pekall.emdm.b.c.b.j.h(Unknown Source)
05-20 11:36:43.291 D/InnerClass(26771): 	at com.pekall.emdm.b.c.e.run(Unknown Source)
05-20 11:36:43.291 D/InnerClass(26771): Caused by: java.lang.SecurityException: WRITE_SECURE_SETTINGS permission required: Neither user 10066 nor current process has android.permission.WRITE_SECURE_SETTINGS.
05-20 11:36:43.291 D/InnerClass(26771): 	at android.os.Parcel.readException(Parcel.java:1431)
05-20 11:36:43.291 D/InnerClass(26771): 	at android.os.Parcel.readException(Parcel.java:1385)
05-20 11:36:43.291 D/InnerClass(26771): 	at android.nfc.INfcAdapter$Stub$Proxy.disable(INfcAdapter.java:252)
05-20 11:36:43.291 D/InnerClass(26771): 	at android.nfc.NfcAdapter.disable(NfcAdapter.java:574)
05-20 11:36:43.291 D/InnerClass(26771): 	... 7 more
05-20 11:36:43.314 D/MDM :   (26771): [null:-1]->handleMessage
05-20 11:36:43.330 W/Parcel  ( 1661): Attempt to read object from Parcel 0x5ec3bdac at offset 200 that is not in the object list
05-20 11:36:43.330 I/ActivityManager(  374): START u0 {flg=0x8000 cmp=com.pekall.emdm.launcher/.Launcher} from pid 26771
05-20 11:36:43.338 W/WindowManager(  374): Token{42fb95f8 ActivityRecord{4285ae70 u0 com.pekall.emdm.launcher/.Launcher}} failed creating starting window
05-20 11:36:43.338 W/WindowManager(  374): android.view.InflateException: Binary XML file line #34: Error inflating class <unknown>
05-20 11:36:43.338 W/WindowManager(  374): 	at android.view.LayoutInflater.createView(LayoutInflater.java:620)
05-20 11:36:43.338 W/WindowManager(  374): 	at com.android.internal.policy.impl.PhoneLayoutInflater.onCreateView(PhoneLayoutInflater.java:56)
05-20 11:36:43.338 W/WindowManager(  374): 	at android.view.LayoutInflater.onCreateView(LayoutInflater.java:669)
05-20 11:36:43.338 W/WindowManager(  374): 	at android.view.LayoutInflater.createViewFromTag(LayoutInflater.java:694)
05-20 11:36:43.338 W/WindowManager(  374): 	at android.view.LayoutInflater.rInflate(LayoutInflater.java:755)
05-20 11:36:43.338 W/WindowManager(  374): 	at android.view.LayoutInflater.inflate(LayoutInflater.java:492)
05-20 11:36:43.338 W/WindowManager(  374): 	at android.view.LayoutInflater.inflate(LayoutInflater.java:397)
05-20 11:36:43.338 W/WindowManager(  374): 	at android.view.LayoutInflater.inflate(LayoutInflater.java:353)
05-20 11:36:43.338 W/WindowManager(  374): 	at com.android.internal.policy.impl.PhoneWindow.generateLayout(PhoneWindow.java:2823)
05-20 11:36:43.338 W/WindowManager(  374): 	at com.android.internal.policy.impl.PhoneWindow.installDecor(PhoneWindow.java:2886)
05-20 11:36:43.338 W/WindowManager(  374): 	at com.android.internal.policy.impl.PhoneWindow.getDecorView(PhoneWindow.java:1581)
05-20 11:36:43.338 W/WindowManager(  374): 	at com.android.internal.policy.impl.PhoneWindowManager.addStartingWindow(PhoneWindowManager.java:1618)
05-20 11:36:43.338 W/WindowManager(  374): 	at com.android.server.wm.WindowManagerService$H.handleMessage(WindowManagerService.java:6908)
05-20 11:36:43.338 W/WindowManager(  374): 	at android.os.Handler.dispatchMessage(Handler.java:99)
05-20 11:36:43.338 W/WindowManager(  374): 	at android.os.Looper.loop(Looper.java:137)
05-20 11:36:43.338 W/WindowManager(  374): 	at android.os.HandlerThread.run(HandlerThread.java:61)
05-20 11:36:43.338 W/WindowManager(  374): Caused by: java.lang.reflect.InvocationTargetException
05-20 11:36:43.338 W/WindowManager(  374): 	at java.lang.reflect.Constructor.constructNative(Native Method)
05-20 11:36:43.338 W/WindowManager(  374): 	at java.lang.reflect.Constructor.newInstance(Constructor.java:417)
05-20 11:36:43.338 W/WindowManager(  374): 	at android.view.LayoutInflater.createView(LayoutInflater.java:594)
05-20 11:36:43.338 W/WindowManager(  374): 	... 15 more
05-20 11:36:43.338 W/WindowManager(  374): Caused by: android.content.res.Resources$NotFoundException: Resource is not a Drawable (color or path): TypedValue{t=0x2/d=0x1010059 a=-1}
05-20 11:36:43.338 W/WindowManager(  374): 	at android.content.res.Resources.loadDrawable(Resources.java:2063)
05-20 11:36:43.338 W/WindowManager(  374): 	at android.content.res.TypedArray.getDrawable(TypedArray.java:601)
05-20 11:36:43.338 W/WindowManager(  374): 	at android.widget.FrameLayout.<init>(FrameLayout.java:109)
05-20 11:36:43.338 W/WindowManager(  374): 	at android.widget.FrameLayout.<init>(FrameLayout.java:97)
05-20 11:36:43.338 W/WindowManager(  374): 	... 18 more
05-20 11:36:43.361 E/QueryController(29097): Got null root node from accessibility - Retrying...
05-20 11:36:43.369 D/LauncherApplication(26771): [null:-1]->onActivityPaused
05-20 11:36:43.424 D/MDM :   (26771): [null:-1]->width 104
05-20 11:36:43.424 D/MDM :   (26771): [null:-1]->height 104
05-20 11:36:43.424 D/MDM :   (26771): [null:-1]->scale 0.5
05-20 11:36:43.424 D/MDM :   (26771): [null:-1]->tint false
05-20 11:36:43.431 D/MDM :   (26771): [null:-1]->width 104
05-20 11:36:43.431 D/MDM :   (26771): [null:-1]->height 104
05-20 11:36:43.431 D/MDM :   (26771): [null:-1]->scale 0.5
05-20 11:36:43.439 D/MDM :   (26771): [null:-1]->tint false
05-20 11:36:43.439 D/MDM :   (26771): [null:-1]->icon instanceof BitmapDrawable
05-20 11:36:43.439 D/MDM :   (26771): [null:-1]->  iconWidth 87
05-20 11:36:43.439 D/MDM :   (26771): [null:-1]->  iconHeight 87
05-20 11:36:43.439 D/MDM :   (26771): [null:-1]->  107 87
05-20 11:36:43.447 D/MDM :   (26771): [null:-1]->width 104
05-20 11:36:43.447 D/MDM :   (26771): [null:-1]->height 104
05-20 11:36:43.447 D/MDM :   (26771): [null:-1]->scale 1.0
05-20 11:36:43.447 D/MDM :   (26771): [null:-1]->tint false
05-20 11:36:43.447 D/MDM :   (26771): [null:-1]->width 104
05-20 11:36:43.455 D/MDM :   (26771): [null:-1]->height 104
05-20 11:36:43.455 D/MDM :   (26771): [null:-1]->scale 1.0
05-20 11:36:43.455 D/MDM :   (26771): [null:-1]->tint false
05-20 11:36:43.455 D/MDM :   (26771): [null:-1]->icon instanceof BitmapDrawable
05-20 11:36:43.455 D/MDM :   (26771): [null:-1]->  iconWidth 87
05-20 11:36:43.455 D/MDM :   (26771): [null:-1]->  iconHeight 87
05-20 11:36:43.455 D/MDM :   (26771): [null:-1]->  107 87
05-20 11:36:43.463 D/MDM :   (26771): [null:-1]->width 104
05-20 11:36:43.463 D/MDM :   (26771): [null:-1]->height 104
05-20 11:36:43.463 D/MDM :   (26771): [null:-1]->scale 1.0
05-20 11:36:43.463 D/MDM :   (26771): [null:-1]->tint false
05-20 11:36:43.463 D/MDM :   (26771): [null:-1]->width 104
05-20 11:36:43.463 D/MDM :   (26771): [null:-1]->height 104
05-20 11:36:43.471 D/MDM :   (26771): [null:-1]->scale 1.0
05-20 11:36:43.471 D/MDM :   (26771): [null:-1]->tint false
05-20 11:36:43.471 D/MDM :   (26771): [null:-1]->icon instanceof BitmapDrawable
05-20 11:36:43.471 D/MDM :   (26771): [null:-1]->  iconWidth 87
05-20 11:36:43.471 D/MDM :   (26771): [null:-1]->  iconHeight 87
05-20 11:36:43.471 D/MDM :   (26771): [null:-1]->  107 87
05-20 11:36:43.471 D/MDM :   (26771): [null:-1]->width 104
05-20 11:36:43.478 D/MDM :   (26771): [null:-1]->height 104
05-20 11:36:43.478 D/MDM :   (26771): [null:-1]->scale 1.0
05-20 11:36:43.478 D/MDM :   (26771): [null:-1]->tint false
05-20 11:36:43.611 E/QueryController(29097): Got null root node from accessibility - Retrying...
05-20 11:36:43.728 D/dalvikvm(26771): JIT unchain all for threadid=11
05-20 11:36:43.822 D/dalvikvm(26771): GC_FOR_ALLOC freed 6233K, 19% free 35965K/44220K, paused 339ms, total 339ms
05-20 11:36:43.830 I/dalvikvm-heap(26771): Grow heap (frag case) to 38.482MB for 3415696-byte allocation
05-20 11:36:43.861 E/QueryController(29097): Got null root node from accessibility - Retrying...
05-20 11:36:44.088 D/dalvikvm(26771): JIT unchain all for threadid=11
05-20 11:36:44.111 E/QueryController(29097): Cannot proceed when root node is null. Aborted search
05-20 11:36:44.119 E/QueryController(29097): Got null root node from accessibility - Retrying...
05-20 11:36:44.142 D/dalvikvm(26771): GC_FOR_ALLOC freed 125K, 18% free 39176K/47556K, paused 306ms, total 306ms
05-20 11:36:44.166 D/MDM :   (26771): [null:-1]->statusCode : 200
05-20 11:36:44.174 D/MDM :   (26771): [null:-1]->statusCode : 200
05-20 11:36:44.174 V/DEBUG   (26771): HTTP 1
05-20 11:36:44.189 D/MDM :   (26771): [null:-1]->read network input stream
05-20 11:36:44.189 D/MDM :   (26771): [null:-1]->read network input stream
05-20 11:36:44.189 D/MDM :   (26771): [null:-1]->read network input stream
05-20 11:36:44.197 D/MDM :   (26771): [null:-1]->Get joson string: <?xml version="1.0" encoding="UTF-8"?>
05-20 11:36:44.197 D/MDM :   (26771): <!DOCTYPE plist PUBLIC "-//Apple//DTD PLIST 1.0//EN" "http://www.apple.com/DTDs/PropertyList-1.0.dtd">
05-20 11:36:44.197 D/MDM :   (26771): <plist version="1.0">
05-20 11:36:44.197 D/MDM :   (26771): <dict>
05-20 11:36:44.197 D/MDM :   (26771): 	<key>CommandUUID</key>
05-20 11:36:44.197 D/MDM :   (26771): 	<string>6bf7e2d6-daec-40b9-ab05-5dc4076d2ba4</string>
05-20 11:36:44.197 D/MDM :   (26771): 	<key>Command</key>
05-20 11:36:44.197 D/MDM :   (26771): 	<dict>
05-20 11:36:44.197 D/MDM :   (26771): 		<key>Queries</key>
05-20 11:36:44.197 D/MDM :   (26771): 		<array>
05-20 11:36:44.197 D/MDM :   (26771): 			<string>UDID</string>
05-20 11:36:44.197 D/MDM :   (26771): 			<string>DeviceName</string>
05-20 11:36:44.197 D/MDM :   (26771): 			<string>OSVersion</string>
05-20 11:36:44.197 D/MDM :   (26771): 			<string>BuildVersion</string>
05-20 11:36:44.197 D/MDM :   (26771): 			<string>ModelName</string>
05-20 11:36:44.197 D/MDM :   (26771): 			<string>Model</string>
05-20 11:36:44.197 D/MDM :   (26771): 			<string>ProductName</string>
05-20 11:36:44.197 D/MDM :   (26771): 			<string>SerialNumber</string>
05-20 11:36:44.197 D/MDM :   (26771): 			<string>DeviceCapacity</string>
05-20 11:36:44.197 D/MDM :   (26771): 			<string>AvailableDeviceCapacity</string>
05-20 11:36:44.197 D/MDM :   (26771): 			<string>BatteryLevel</string>
05-20 11:36:44.197 D/MDM :   (26771): 			<string>CellularTechnology</string>
05-20 11:36:44.197 D/MDM :   (26771): 			<string>IMEI</string>
05-20 11:36:44.197 D/MDM :   (26771): 			<string>MEID</string>
05-20 11:36:44.197 D/MDM :   (26771): 			<string>ModemFirmwareVersion</string>
05-20 11:36:44.197 D/MDM :   (26771): 			<string>ICCID</string>
05-20 11:36:44.197 D/MDM :   (26771): 			<string>BluetoothMAC</string>
05-20 11:36:44.197 D/MDM :   (26771): 			<string>WiFiMAC</string>
05-20 11:36:44.197 D/MDM :   (26771): 			<string>EthernetMAC</string>
05-20 11:36:44.197 D/MDM :   (26771): 			<string>CurrentCarrierNetwork</string>
05-20 11:36:44.197 D/MDM :   (26771): 			<string>SIMCarrierNetwork</string>
05-20 11:36:44.197 D/MDM :   (26771): 			<string>SubscriberCarrierNetwork</string>
05-20 11:36:44.197 D/MDM :   (26771): 			<string>CarrierSettingsVersion</string>
05-20 11:36:44.197 D/MDM :   (26771): 			<string>PhoneNumber</string>
05-20 11:36:44.197 D/MDM :   (26771): 			<string>VoiceRoamingEnabled</string>
05-20 11:36:44.197 D/MDM :   (26771): 			<string>DataRoamingEnabled</string>
05-20 11:36:44.197 D/MDM :   (26771): 			<string>IsRoaming</string>
05-20 11:36:44.197 D/MDM :   (26771): 			<string>SubscriberMCC</string>
05-20 11:36:44.197 D/MDM :   (26771): 			<string>SubscriberMNC</string>
05-20 11:36:44.197 D/MDM :   (26771): 			<string>SIMMCC</string>
05-20 11:36:44.197 D/MDM :   (26771): 			<string>SIMMNC</string>
05-20 11:36:44.197 D/MDM :   (26771): 			<string>CurrentMCC</string>
05-20 11:36:44.197 D/MDM :   (26771): 			<string>CurrentMNC</string>
05-20 11:36:44.197 D/MDM :   (26771): 		</array>
05-20 11:36:44.197 D/MDM :   (26771): 		<key>RequestType</key>
05-20 11:36:44.197 D/MDM :   (26771): 		<string>DeviceInformation</string>
05-20 11:36:44.197 D/MDM :   (26771): 	</dict>
05-20 11:36:44.197 D/MDM :   (26771): </dict>
05-20 11:36:44.197 D/MDM :   (26771): </plist>
05-20 11:36:44.244 D/CheckInTransInfo(26771): [null:-1]->CommandMsg : CommandMsg{CommandUUID='6bf7e2d6-daec-40b9-ab05-5dc4076d2ba4', Command=CommandObject{RequestType='DeviceInformation'}}
05-20 11:36:44.291 V/Launcher(26771): isLauncherDf = true
05-20 11:36:44.291 V/Launcher(26771): isPhoneDf = true
05-20 11:36:44.291 D/        (26771): [---null: -1---]  ScreenWidth  720
05-20 11:36:44.299 D/        (26771): [---null: -1---]  ScreenHeight  1184
05-20 11:36:44.299 D/NetworkThread(26771): [null:-1]->clear mCurrentTransInfo
05-20 11:36:44.299 D/NetworkThread(26771): [null:-1]->sendHttpGet: http://192.168.10.21/rest/mdm/v1/device/trigger_cmd?device_uuid=00013fbc8ecec5b90000014613abe64a&cmd_types=10103
05-20 11:36:44.299 D/HttpClient(26771): enable apache.http debug
05-20 11:36:44.330 V/DEBUG   (26771): HTTP 0
05-20 11:36:44.338 D/HomeLoaders(26771): load applications
05-20 11:36:44.338 D/HomeLoaders(26771):   --> applications loaded, return
05-20 11:36:44.338 D/HomeLoaders(26771): loading user items in Thread[main,5,main]
05-20 11:36:44.338 D/HomeLoaders(26771):   --> items loaded, return
05-20 11:36:44.338 D/HomeLoaders(26771):   --> loading from cache: 11, 0
05-20 11:36:44.338 D/Launcher(26771): ------> binding 11 items
05-20 11:36:44.338 D/Launcher(26771): ------> binding 0 widgets
05-20 11:36:44.338 D/Launcher(26771): ------> start binding items
05-20 11:36:44.338 W/Parcel  ( 1661): Attempt to read object from Parcel 0x6013bdac at offset 200 that is not in the object list
05-20 11:36:44.346 W/Parcel  ( 1661): Attempt to read object from Parcel 0x6003bdac at offset 200 that is not in the object list
05-20 11:36:44.346 D/Email   (26771): Email: init sandbox at the beginning.
05-20 11:36:44.346 V/l       (26771): Bind requested for task setLogging
05-20 11:36:44.369 E/QueryController(29097): Got null root node from accessibility - Retrying...
05-20 11:36:44.369 W/Parcel  ( 1661): Attempt to read object from Parcel 0x5ded3dac at offset 200 that is not in the object list
05-20 11:36:44.377 W/Parcel  ( 1661): Attempt to read object from Parcel 0x5ef3bdac at offset 200 that is not in the object list
05-20 11:36:44.385 V/LauncherApplication(26771): onActivityStarted
05-20 11:36:44.385 D/        (26771): [---null: -1---]     awsa  onActivityResumed
05-20 11:36:44.385 V/LauncherApplication(26771): 2MdmConstant.LAST_LAUNCH_TIME = 1400556940050
05-20 11:36:44.400 D/        (26771): [---null: -1---]  activity = com.pekall.emdm.launcher.Launcher
05-20 11:36:44.400 V/DefultSetContriller(26771): isLauncherDf = com.pekall.emdm.launcher
05-20 11:36:44.400 V/DefultSetContriller(26771): isLauncherDf = com.pekall.emdm.launcher
05-20 11:36:44.400 V/DefultSetContriller(26771): isPhoneDf = com.pekall.emdm.launcher
05-20 11:36:44.408 E/LauncherApplication(26771): isShowLogoutUI = true
05-20 11:36:44.408 E/LauncherApplication(26771): LogoutShowTime 1
05-20 11:36:44.408 V/Launcher(26771): onResume1111111 
05-20 11:36:44.408 V/Launcher(26771): is login ----> 
05-20 11:36:44.408 I/System.out(26771):  
05-20 11:36:44.408 I/System.out(26771): com.pekall.emdm.launcher.Workspace.setWallpaper(Unknown Source)
05-20 11:36:44.408 I/System.out(26771): com.pekall.emdm.launcher.Launcher.onResume(Unknown Source)
05-20 11:36:44.408 I/System.out(26771): android.app.Instrumentation.callActivityOnResume(Instrumentation.java:1192)
05-20 11:36:44.408 I/System.out(26771): android.app.Activity.performResume(Activity.java:5211)
05-20 11:36:44.408 I/System.out(26771): android.app.ActivityThread.performResumeActivity(ActivityThread.java:2780)
05-20 11:36:44.408 I/System.out(26771): android.app.ActivityThread.handleResumeActivity(ActivityThread.java:2819)
05-20 11:36:44.408 I/System.out(26771): android.app.ActivityThread.handleLaunchActivity(ActivityThread.java:2266)
05-20 11:36:44.408 I/System.out(26771): android.app.ActivityThread.access$600(ActivityThread.java:141)
05-20 11:36:44.408 I/System.out(26771): android.app.ActivityThread$H.handleMessage(ActivityThread.java:1256)
05-20 11:36:44.408 I/System.out(26771): android.os.Handler.dispatchMessage(Handler.java:99)
05-20 11:36:44.408 I/System.out(26771): android.os.Looper.loop(Looper.java:137)
05-20 11:36:44.416 I/System.out(26771): android.app.ActivityThread.main(ActivityThread.java:5103)
05-20 11:36:44.416 I/System.out(26771): java.lang.reflect.Method.invokeNative(Native Method)
05-20 11:36:44.416 I/System.out(26771): java.lang.reflect.Method.invoke(Method.java:525)
05-20 11:36:44.416 I/System.out(26771): com.android.internal.os.ZygoteInit$MethodAndArgsCaller.run(ZygoteInit.java:737)
05-20 11:36:44.416 I/System.out(26771): com.android.internal.os.ZygoteInit.main(ZygoteInit.java:553)
05-20 11:36:44.416 I/System.out(26771): dalvik.system.NativeStart.main(Native Method)
05-20 11:36:44.619 E/QueryController(29097): Got null root node from accessibility - Retrying...
05-20 11:36:44.666 D/dalvikvm(26771): JIT unchain all for threadid=11
05-20 11:36:44.728 D/dalvikvm(26771): GC_FOR_ALLOC freed 5127K, 20% free 34991K/43528K, paused 309ms, total 309ms
05-20 11:36:44.760 I/dalvikvm-heap(26771): Grow heap (frag case) to 37.530MB for 3415696-byte allocation
05-20 11:36:44.869 E/QueryController(29097): Cannot proceed when root node is null. Aborted search
05-20 11:36:44.892 E/QueryController(29097): Got null root node from accessibility - Retrying...
05-20 11:36:45.010 D/dalvikvm(26771): JIT unchain all for threadid=11
05-20 11:36:45.049 D/dalvikvm(26771): GC_FOR_ALLOC freed <1K, 19% free 38326K/46864K, paused 294ms, total 294ms
05-20 11:36:45.072 I/Email   (26771): Notifications being toggled: false
05-20 11:36:45.072 W/ActivityManager(  374): Unable to start service Intent { cmp=com.pekall.emdm.launcher/com.pekall.semail.service.AttachmentDownloadService } U=0: not found
05-20 11:36:45.080 D/MDM :   (26771): [null:-1]->width 104
05-20 11:36:45.080 D/MDM :   (26771): [null:-1]->height 104
05-20 11:36:45.080 D/MDM :   (26771): [null:-1]->scale 1.0
05-20 11:36:45.080 D/MDM :   (26771): [null:-1]->tint false
05-20 11:36:45.088 D/MDM :   (26771): [null:-1]->width 104
05-20 11:36:45.088 D/MDM :   (26771): [null:-1]->height 104
05-20 11:36:45.088 D/MDM :   (26771): [null:-1]->scale 1.0
05-20 11:36:45.088 D/MDM :   (26771): [null:-1]->tint false
05-20 11:36:45.088 D/MDM :   (26771): [null:-1]->width 104
05-20 11:36:45.088 D/MDM :   (26771): [null:-1]->height 104
05-20 11:36:45.088 D/MDM :   (26771): [null:-1]->scale 1.0
05-20 11:36:45.088 D/MDM :   (26771): [null:-1]->tint false
05-20 11:36:45.088 D/MDM :   (26771): [null:-1]->width 104
05-20 11:36:45.096 D/MDM :   (26771): [null:-1]->height 104
05-20 11:36:45.096 D/MDM :   (26771): [null:-1]->scale 1.0
05-20 11:36:45.096 D/MDM :   (26771): [null:-1]->tint false
05-20 11:36:45.096 D/MDM :   (26771): [null:-1]->statusCode : 200
05-20 11:36:45.096 D/MDM :   (26771): [null:-1]->statusCode : 200
05-20 11:36:45.096 V/DEBUG   (26771): HTTP 1
05-20 11:36:45.096 D/MDM :   (26771): [null:-1]->width 104
05-20 11:36:45.096 D/MDM :   (26771): [null:-1]->height 104
05-20 11:36:45.096 D/MDM :   (26771): [null:-1]->scale 1.0
05-20 11:36:45.103 D/MDM :   (26771): [null:-1]->tint false
05-20 11:36:45.103 D/MDM :   (26771): [null:-1]->read network input stream
05-20 11:36:45.103 D/MDM :   (26771): [null:-1]->width 104
05-20 11:36:45.103 D/MDM :   (26771): [null:-1]->height 104
05-20 11:36:45.103 D/MDM :   (26771): [null:-1]->scale 1.0
05-20 11:36:45.103 D/MDM :   (26771): [null:-1]->tint false
05-20 11:36:45.103 D/MDM :   (26771): [null:-1]->width 104
05-20 11:36:45.103 D/MDM :   (26771): [null:-1]->height 104
05-20 11:36:45.103 D/MDM :   (26771): [null:-1]->scale 1.0
05-20 11:36:45.103 D/MDM :   (26771): [null:-1]->tint false
05-20 11:36:45.111 D/MDM :   (26771): [null:-1]->width 104
05-20 11:36:45.111 D/MDM :   (26771): [null:-1]->height 104
05-20 11:36:45.111 D/MDM :   (26771): [null:-1]->scale 1.0
05-20 11:36:45.111 D/MDM :   (26771): [null:-1]->Get joson string: {"result":0}
05-20 11:36:45.111 D/MDM :   (26771): [null:-1]->tint false
05-20 11:36:45.127 D/        (26771): [---null: -1---]  xxd111  getPackageName  com.pekall.emdm.launcher
05-20 11:36:45.127 D/        (26771): [---null: -1---]  xxd111  getClassName  com.pekall.emdm.document.activity.DocMainActivity
05-20 11:36:45.127 D/        (26771): [---null: -1---]  xxd111  info.title  Document Manager ,count is 0
05-20 11:36:45.135 D/        (26771): [---null: -1---]  xxd111  getPackageName  com.pekall.emdm.launcher
05-20 11:36:45.135 D/NetworkThread(26771): [null:-1]->clear mCurrentTransInfo
05-20 11:36:45.135 D/        (26771): [---null: -1---]  xxd111  getClassName  com.pekall.emdm.launcher.ui.BackPersonalActivity
05-20 11:36:45.135 D/        (26771): [---null: -1---]  xxd111  info.title  Personal Mode ,count is 0
05-20 11:36:45.135 D/NetworkThread(26771): [null:-1]->sendHttpPost:PostRequest, url: http://192.168.10.21/rest/mdm/v1/system/check_mdm_app, Params: [version:71][os:51201][pkg_name:com.pekall.emdm.launcher], 
05-20 11:36:45.135 D/        (26771): [---null: -1---]  xxd111  getPackageName  com.pekall.emdm.launcher
05-20 11:36:45.135 D/HttpClient(26771): enable apache.http debug
05-20 11:36:45.142 D/        (26771): [---null: -1---]  xxd111  getClassName  com.pekall.semail.activity.Welcome
05-20 11:36:45.142 E/QueryController(29097): Got null root node from accessibility - Retrying...
05-20 11:36:45.142 D/        (26771): [---null: -1---]  xxd111  info.title  Email ,count is 0
05-20 11:36:45.166 D/MDM :   (26771): [null:-1]->username is : zhenhua.sang@pekall.com ,pwd is 123456
05-20 11:36:45.166 I/System.out(26771): [cjx]authenticateUser,zhenhua.sang@pekall.com,123456
05-20 11:36:45.166 I/System.out(26771): [cjx]to generate user KEK now,keyLength:32,algorithm:Rijndael256
05-20 11:36:45.174 V/DEBUG   (26771): HTTP 0
05-20 11:36:45.291 D/MDM :   (26771): [null:-1]->statusCode : 200
05-20 11:36:45.299 D/MDM :   (26771): [null:-1]->statusCode : 200
05-20 11:36:45.299 V/DEBUG   (26771): HTTP 1
05-20 11:36:45.299 D/MDM :   (26771): [null:-1]->read network input stream
05-20 11:36:45.299 D/MDM :   (26771): [null:-1]->Get joson string: {"result":0,"mdmClientInfos":{"id":25,"type":51107,"url":"https://test.mdm.everknow.cn/resources/api/v1/download/guest?uuid=d10702a898f9466f008ec1c7373c","pkgName":"com.pekall.emdm.launcher","platform":51201,"comId":1,"appVersionCode":72,"appVersionName":"BYOD_2.1.0424","appAuthor":null,"appIcon":null,"appName":"Pekall enterprise mobile office","appSize":null,"minSdk":null,"updateTime":1398754856000,"forceUpdate":0,"updateInfo":null,"new":false}}
05-20 11:36:45.314 D/NetworkThread(26771): [null:-1]->clear mCurrentTransInfo
05-20 11:36:45.314 I/System.out(26771): [cjx]blockSize:32
05-20 11:36:45.314 I/System.out(26771): [cjx]iv:[112, 101, 107, 97, 108, 108, 50, 48, 49, 52, 97, 101, 115, 99, 106, 120, 112, 101, 107, 97, 108, 108, 50, 48, 49, 52, 97, 101, 115, 99, 106, 120]
05-20 11:36:45.314 I/System.out(26771): [cjx]secret:[-94, 35, 21, 34, 6, -61, -108, -46, 6, 56, -82, 111, 24, -59, 0, -21, 43, -46, -16, 27, -76, 52, 9, 117, -69, 64, 55, -122, -120, -69, -38, 9]
05-20 11:36:45.314 D/NetworkThread(26771): [null:-1]->queue is empty, thread wait...
05-20 11:36:45.322 I/System.out(26771): [cjx]to generate user KEK now,keyLength:32,algorithm:Rijndael256
05-20 11:36:45.392 E/QueryController(29097): Got null root node from accessibility - Retrying...
05-20 11:36:45.424 I/System.out(26771): [cjx]blockSize:32
05-20 11:36:45.431 I/System.out(26771): [cjx]iv:[112, 101, 107, 97, 108, 108, 50, 48, 49, 52, 97, 101, 115, 99, 106, 120, 112, 101, 107, 97, 108, 108, 50, 48, 49, 52, 97, 101, 115, 99, 106, 120]
05-20 11:36:45.431 I/System.out(26771): [cjx]secret:[-94, 35, 21, 34, 6, -61, -108, -46, 6, 56, -82, 111, 24, -59, 0, -21, 43, -46, -16, 27, -76, 52, 9, 117, -69, 64, 55, -122, -120, -69, -38, 9]
05-20 11:36:45.431 D/ExchangeService(26771): !!! EAS ExchangeService, onCreate
05-20 11:36:45.431 W/Parcel  ( 1661): Attempt to read object from Parcel 0x5ec3bdac at offset 200 that is not in the object list
05-20 11:36:45.439 D/MdmService(26771): [null:-1]->handleCheckInResult
05-20 11:36:45.439 D/MdmService(26771): [null:-1]->handleCheckInResult result keyIndex: 3
05-20 11:36:45.439 D/MDM :   (26771): [null:-1]->MSG_WEBSOCKET_MESSAGE : {"id":-1364474511,"type":0,"command":0,"result":0,"reason":0,"params":{"msgId":"84840ba5-62cc-4155-bf16-72d5bc96e9b8,84840ba562cc4155bf1672d5bc96e9b8","device":"00013fbc8ecec5b90000014613abe64a","message":"{\"cmd\":\"10119\"}"}}
05-20 11:36:45.455 D/MdmService(26771): [null:-1]->push message type :0
05-20 11:36:45.455 D/MdmService(26771): [null:-1]->cmdMessage : {"cmd":"10119"}
05-20 11:36:45.455 D/MdmService(26771): [null:-1]->command : PushCommandMsg{cmd='10119', msg='null'}
05-20 11:36:45.455 D/MdmService(26771): [null:-1]->MdmStatusManager is busy , wait......
05-20 11:36:45.471 D/CommandManager(26771): [null:-1]->execute command: CommandMsg{CommandUUID='6bf7e2d6-daec-40b9-ab05-5dc4076d2ba4', Command=CommandObject{RequestType='DeviceInformation'}}
05-20 11:36:45.478 D/        (26771): [---null: -1---]  1111222  mLongAxisStartPadding110
05-20 11:36:45.478 D/        (26771): [---null: -1---]  11112223  heightSpecSize1094
05-20 11:36:45.478 D/        (26771): [---null: -1---]  11112223  mLongAxisStartPadding110
05-20 11:36:45.478 D/        (26771): [---null: -1---]  11112223  mLongAxisEndPadding110
05-20 11:36:45.478 D/        (26771): [---null: -1---]  11112223  mRows4
05-20 11:36:45.478 D/        (26771): [---null: -1---]  1111222  mLongAxisStartPadding110
05-20 11:36:45.478 D/        (26771): [---null: -1---]  11112223  heightSpecSize1094
05-20 11:36:45.478 D/        (26771): [---null: -1---]  11112223  mLongAxisStartPadding110
05-20 11:36:45.478 D/        (26771): [---null: -1---]  11112223  mLongAxisEndPadding110
05-20 11:36:45.486 D/        (26771): [---null: -1---]  11112223  mRows4
05-20 11:36:45.486 D/        (26771): [---null: -1---]  1111222  mLongAxisStartPadding110
05-20 11:36:45.486 D/        (26771): [---null: -1---]  11112223  heightSpecSize1094
05-20 11:36:45.486 D/        (26771): [---null: -1---]  11112223  mLongAxisStartPadding110
05-20 11:36:45.486 D/        (26771): [---null: -1---]  11112223  mLongAxisEndPadding110
05-20 11:36:45.486 D/        (26771): [---null: -1---]  11112223  mRows4
05-20 11:36:45.494 D/        (26771): [---null: -1---]  1111222  mLongAxisStartPadding110
05-20 11:36:45.494 D/        (26771): [---null: -1---]  11112223  heightSpecSize1094
05-20 11:36:45.494 D/        (26771): [---null: -1---]  11112223  mLongAxisStartPadding110
05-20 11:36:45.494 D/        (26771): [---null: -1---]  11112223  mLongAxisEndPadding110
05-20 11:36:45.494 D/        (26771): [---null: -1---]  11112223  mRows4
05-20 11:36:45.494 D/        (26771): [---null: -1---]  1111222  mLongAxisStartPadding110
05-20 11:36:45.494 D/        (26771): [---null: -1---]  11112223  heightSpecSize1094
05-20 11:36:45.502 D/        (26771): [---null: -1---]  11112223  mLongAxisStartPadding110
05-20 11:36:45.502 D/        (26771): [---null: -1---]  11112223  mLongAxisEndPadding110
05-20 11:36:45.502 D/        (26771): [---null: -1---]  11112223  mRows4
05-20 11:36:45.502 D/        (26771): [---null: -1---]  1111222  mLongAxisStartPadding110
05-20 11:36:45.502 D/        (26771): [---null: -1---]  11112223  heightSpecSize1094
05-20 11:36:45.502 D/        (26771): [---null: -1---]  11112223  mLongAxisStartPadding110
05-20 11:36:45.510 D/        (26771): [---null: -1---]  11112223  mLongAxisEndPadding110
05-20 11:36:45.510 D/        (26771): [---null: -1---]  11112223  mRows4
05-20 11:36:45.510 D/        (26771): [---null: -1---]  1111222  mLongAxisStartPadding110
05-20 11:36:45.510 D/        (26771): [---null: -1---]  11112223  heightSpecSize1094
05-20 11:36:45.510 D/        (26771): [---null: -1---]  11112223  mLongAxisStartPadding110
05-20 11:36:45.510 D/        (26771): [---null: -1---]  11112223  mLongAxisEndPadding110
05-20 11:36:45.510 D/        (26771): [---null: -1---]  11112223  mRows4
05-20 11:36:45.510 D/        (26771): [---null: -1---]  1111222  mLongAxisStartPadding110
