05-20 11:35:31.330 V/WiseDownloadConditionControler(10785): checkCondition  type : WISE_DOWNLOAD  inerrupting: true
05-20 11:35:31.330 W/Parcel  ( 1661): Attempt to read object from Parcel 0x5ec3bdac at offset 200 that is not in the object list
05-20 11:35:31.353 D/dalvikvm(  568): GC_CONCURRENT freed 373K, 6% free 9182K/9728K, paused 3ms+1ms, total 27ms
05-20 11:35:31.353 D/NfcService(  568): NFC-C ON
05-20 11:35:31.377 I/uninstall(10785): SelfUninstallManager -> initUninstallTask
05-20 11:35:31.377 I/uninstall(10785): initUninstallTask init is running, return
05-20 11:35:31.416 D/PhoneStatusBar(  448): disable: < expand icons alerts ticker system_info back* home* recent clock* search >
05-20 11:35:31.416 W/InputMethodManagerService(  374): Window already focused, ignoring focus gain of: com.android.internal.view.IInputMethodClient$Stub$Proxy@4285d860 attribute=android.view.inputmethod.EditorInfo@42f97da8, token = android.os.BinderProxy@42942f70
05-20 11:35:31.424 W/Parcel  ( 1661): Attempt to read object from Parcel 0x6013bdac at offset 200 that is not in the object list
05-20 11:35:31.596 D/dalvikvm(10683): GC_CONCURRENT freed 409K, 6% free 9836K/10432K, paused 6ms+3ms, total 31ms
05-20 11:35:31.830 V/TAG     (  374): bug 7643792: fitSystemWindows([0,50][0,0])
05-20 11:35:31.947 W/ResourceType(  576): No known package when getting name for resource number 0x9b000000
05-20 11:35:31.955 W/ResourceType(  576): No known package when getting name for resource number 0x9b010100
05-20 11:35:31.955 W/ResourceType(  576): No known package when getting name for resource number 0x9b030300
05-20 11:35:31.955 W/ResourceType(  576): No known package when getting name for resource number 0x9b040400
05-20 11:35:31.963 W/ResourceType(  576): No known package when getting name for resource number 0x9c030103
05-20 11:35:31.963 W/ResourceType(  576): No known package when getting name for resource number 0x9c030203
05-20 11:35:31.963 W/ResourceType(  576): No known package when getting name for resource number 0x9c010002
05-20 11:35:31.986 W/ResourceType(  576): No known package when getting name for resource number 0x9c020000
05-20 11:35:31.986 W/ResourceType(  576): No known package when getting name for resource number 0x9c020100
05-20 11:35:31.986 W/ResourceType(  576): No known package when getting name for resource number 0x9c020300
05-20 11:35:31.986 W/ResourceType(  576): No known package when getting name for resource number 0x9c020003
05-20 11:35:31.994 W/ResourceType(  576): No known package when getting name for resource number 0x9c020303
05-20 11:35:32.002 W/ResourceType(  576): No known package when getting name for resource number 0x9b000000
05-20 11:35:32.002 W/ResourceType(  576): No known package when getting name for resource number 0x9b010100
05-20 11:35:32.002 W/ResourceType(  576): No known package when getting name for resource number 0x9b030300
05-20 11:35:32.002 W/ResourceType(  576): No known package when getting name for resource number 0x9b040400
05-20 11:35:32.010 W/ResourceType(  576): No known package when getting name for resource number 0x9c030103
05-20 11:35:32.010 W/ResourceType(  576): No known package when getting name for resource number 0x9c030203
05-20 11:35:32.010 W/ResourceType(  576): No known package when getting name for resource number 0x9c010002
05-20 11:35:32.041 W/ResourceType(  576): No known package when getting name for resource number 0x9b000000
05-20 11:35:32.041 W/ResourceType(  576): No known package when getting name for resource number 0x9b010100
05-20 11:35:32.041 W/ResourceType(  576): No known package when getting name for resource number 0x9b030300
05-20 11:35:32.041 W/ResourceType(  576): No known package when getting name for resource number 0x9b040400
05-20 11:35:32.049 W/ResourceType(  576): No known package when getting name for resource number 0x9c030103
05-20 11:35:32.049 W/ResourceType(  576): No known package when getting name for resource number 0x9c030203
05-20 11:35:32.049 W/ResourceType(  576): No known package when getting name for resource number 0x9c010002
05-20 11:35:32.072 W/ResourceType(  576): No known package when getting name for resource number 0x9b000000
05-20 11:35:32.072 W/ResourceType(  576): No known package when getting name for resource number 0x9b010100
05-20 11:35:32.072 W/ResourceType(  576): No known package when getting name for resource number 0x9b030300
05-20 11:35:32.072 W/ResourceType(  576): No known package when getting name for resource number 0x9b040400
05-20 11:35:32.080 W/ResourceType(  576): No known package when getting name for resource number 0x9c030103
05-20 11:35:32.080 W/ResourceType(  576): No known package when getting name for resource number 0x9c030203
05-20 11:35:32.080 W/ResourceType(  576): No known package when getting name for resource number 0x9c010002
05-20 11:35:32.096 W/ResourceType(  576): No known package when getting name for resource number 0x9b000000
05-20 11:35:32.096 W/ResourceType(  576): No known package when getting name for resource number 0x9b010100
05-20 11:35:32.096 W/ResourceType(  576): No known package when getting name for resource number 0x9b030300
05-20 11:35:32.096 W/ResourceType(  576): No known package when getting name for resource number 0x9b040400
05-20 11:35:32.103 W/ResourceType(  576): No known package when getting name for resource number 0x9c030103
05-20 11:35:32.103 W/ResourceType(  576): No known package when getting name for resource number 0x9c030203
05-20 11:35:32.103 W/ResourceType(  576): No known package when getting name for resource number 0x9c010002
05-20 11:35:32.119 W/ResourceType(  576): No known package when getting name for resource number 0x9b000000
05-20 11:35:32.119 W/ResourceType(  576): No known package when getting name for resource number 0x9b010100
05-20 11:35:32.119 W/ResourceType(  576): No known package when getting name for resource number 0x9b030300
05-20 11:35:32.119 W/ResourceType(  576): No known package when getting name for resource number 0x9b040400
05-20 11:35:32.127 W/ResourceType(  576): No known package when getting name for resource number 0x9c030103
05-20 11:35:32.127 W/ResourceType(  576): No known package when getting name for resource number 0x9c030203
05-20 11:35:32.127 W/ResourceType(  576): No known package when getting name for resource number 0x9c010002
05-20 11:35:32.135 I/QueryController(28983): Matched selector: UiSelector[PACKAGE NAME=com.android.launcher] <<==>> [android.view.accessibility.AccessibilityNodeInfo@76f3; boundsInParent: Rect(0, 0 - 720, 1184); boundsInScreen: Rect(0, 0 - 720, 1184); packageName: com.android.launcher; className: android.widget.FrameLayout; text: null; contentDescription: null; viewIdResName: null; checkable: false; checked: false; focusable: false; focused: false; selected: false; clickable: false; longClickable: false; enabled: true; password: false; scrollable: false; [ACTION_SELECT, ACTION_CLEAR_SELECTION, ACTION_ACCESSIBILITY_FOCUS]]
05-20 11:35:32.142 W/ResourceType(  576): No known package when getting name for resource number 0x9b000000
05-20 11:35:32.142 W/ResourceType(  576): No known package when getting name for resource number 0x9b010100
05-20 11:35:32.142 W/ResourceType(  576): No known package when getting name for resource number 0x9b030300
05-20 11:35:32.142 W/ResourceType(  576): No known package when getting name for resource number 0x9b040400
05-20 11:35:32.142 W/ResourceType(  576): No known package when getting name for resource number 0x9c030103
05-20 11:35:32.150 W/ResourceType(  576): No known package when getting name for resource number 0x9c030203
05-20 11:35:32.150 W/ResourceType(  576): No known package when getting name for resource number 0x9c010002
05-20 11:35:32.158 I/QueryController(28983): Matched selector: UiSelector[DESCRIPTION=Apps, PACKAGE NAME=com.android.launcher] <<==>> [android.view.accessibility.AccessibilityNodeInfo@c5c8; boundsInParent: Rect(524232, 0 - 524360, 128); boundsInScreen: Rect(296, 1040 - 424, 1168); packageName: com.android.launcher; className: android.widget.TextView; text: null; contentDescription: Apps; viewIdResName: null; checkable: false; checked: false; focusable: true; focused: false; selected: false; clickable: true; longClickable: false; enabled: true; password: false; scrollable: false; [ACTION_FOCUS, ACTION_SELECT, ACTION_CLEAR_SELECTION, ACTION_CLICK, ACTION_ACCESSIBILITY_FOCUS]]
05-20 11:35:32.166 W/ResourceType(  576): No known package when getting name for resource number 0x9b000000
05-20 11:35:32.166 W/ResourceType(  576): No known package when getting name for resource number 0x9b010100
05-20 11:35:32.166 W/ResourceType(  576): No known package when getting name for resource number 0x9b030300
05-20 11:35:32.166 W/ResourceType(  576): No known package when getting name for resource number 0x9b040400
05-20 11:35:32.174 W/ResourceType(  576): No known package when getting name for resource number 0x9c030103
05-20 11:35:32.174 W/ResourceType(  576): No known package when getting name for resource number 0x9c030203
05-20 11:35:32.174 W/ResourceType(  576): No known package when getting name for resource number 0x9c010002
05-20 11:35:32.181 I/QueryController(28983): Matched selector: UiSelector[DESCRIPTION=Apps, PACKAGE NAME=com.android.launcher] <<==>> [android.view.accessibility.AccessibilityNodeInfo@c5c8; boundsInParent: Rect(524232, 0 - 524360, 128); boundsInScreen: Rect(296, 1040 - 424, 1168); packageName: com.android.launcher; className: android.widget.TextView; text: null; contentDescription: Apps; viewIdResName: null; checkable: false; checked: false; focusable: true; focused: false; selected: false; clickable: true; longClickable: false; enabled: true; password: false; scrollable: false; [ACTION_FOCUS, ACTION_SELECT, ACTION_CLEAR_SELECTION, ACTION_CLICK, ACTION_ACCESSIBILITY_FOCUS]]
05-20 11:35:32.189 D/InteractionController(28983): clickAndWaitForNewWindow(360, 1104)
05-20 11:35:33.010 I/QueryController(28983): Matched selector: UiSelector[TEXT=Apps, CLASS=android.widget.TextView, PACKAGE NAME=com.android.launcher] <<==>> [android.view.accessibility.AccessibilityNodeInfo@188fc; boundsInParent: Rect(524257, 0 - 524399, 104); boundsInScreen: Rect(0, 50 - 142, 154); packageName: com.android.launcher; className: android.widget.TextView; text: Apps; contentDescription: Apps; viewIdResName: null; checkable: false; checked: false; focusable: true; focused: false; selected: true; clickable: true; longClickable: false; enabled: true; password: false; scrollable: false; [ACTION_FOCUS, ACTION_SELECT, ACTION_CLEAR_SELECTION, ACTION_CLICK, ACTION_ACCESSIBILITY_FOCUS, ACTION_NEXT_AT_MOVEMENT_GRANULARITY, ACTION_PREVIOUS_AT_MOVEMENT_GRANULARITY, ACTION_SET_SELECTION]]
05-20 11:35:33.064 I/QueryController(28983): Matched selector: UiSelector[TEXT=Apps, CLASS=android.widget.TextView, PACKAGE NAME=com.android.launcher] <<==>> [android.view.accessibility.AccessibilityNodeInfo@188fc; boundsInParent: Rect(524257, 0 - 524399, 104); boundsInScreen: Rect(0, 50 - 142, 154); packageName: com.android.launcher; className: android.widget.TextView; text: Apps; contentDescription: Apps; viewIdResName: null; checkable: false; checked: false; focusable: true; focused: false; selected: true; clickable: true; longClickable: false; enabled: true; password: false; scrollable: false; [ACTION_FOCUS, ACTION_SELECT, ACTION_CLEAR_SELECTION, ACTION_CLICK, ACTION_ACCESSIBILITY_FOCUS, ACTION_NEXT_AT_MOVEMENT_GRANULARITY, ACTION_PREVIOUS_AT_MOVEMENT_GRANULARITY, ACTION_SET_SELECTION]]
05-20 11:35:33.064 D/UiObject(28983): getText() = Apps
05-20 11:35:33.580 I/QueryController(28983): Matched selector: UiSelector[TEXT=Apps, CLASS=android.widget.TextView, PACKAGE NAME=com.android.launcher] <<==>> [android.view.accessibility.AccessibilityNodeInfo@188fc; boundsInParent: Rect(524257, 0 - 524399, 104); boundsInScreen: Rect(0, 50 - 142, 154); packageName: com.android.launcher; className: android.widget.TextView; text: Apps; contentDescription: Apps; viewIdResName: null; checkable: false; checked: false; focusable: true; focused: false; selected: true; clickable: true; longClickable: false; enabled: true; password: false; scrollable: false; [ACTION_FOCUS, ACTION_SELECT, ACTION_CLEAR_SELECTION, ACTION_CLICK, ACTION_ACCESSIBILITY_FOCUS, ACTION_NEXT_AT_MOVEMENT_GRANULARITY, ACTION_PREVIOUS_AT_MOVEMENT_GRANULARITY, ACTION_SET_SELECTION]]
05-20 11:35:33.596 I/QueryController(28983): Matched selector: UiSelector[TEXT=Apps, CLASS=android.widget.TextView, PACKAGE NAME=com.android.launcher] <<==>> [android.view.accessibility.AccessibilityNodeInfo@188fc; boundsInParent: Rect(524257, 0 - 524399, 104); boundsInScreen: Rect(0, 50 - 142, 154); packageName: com.android.launcher; className: android.widget.TextView; text: Apps; contentDescription: Apps; viewIdResName: null; checkable: false; checked: false; focusable: true; focused: false; selected: true; clickable: true; longClickable: false; enabled: true; password: false; scrollable: false; [ACTION_FOCUS, ACTION_SELECT, ACTION_CLEAR_SELECTION, ACTION_CLICK, ACTION_ACCESSIBILITY_FOCUS, ACTION_NEXT_AT_MOVEMENT_GRANULARITY, ACTION_PREVIOUS_AT_MOVEMENT_GRANULARITY, ACTION_SET_SELECTION]]
05-20 11:35:33.596 D/InteractionController(28983): clickAndWaitForNewWindow(71, 102)
05-20 11:35:36.705 W/InteractionController(28983): runAndwaitForEvent timedout waiting for events
05-20 11:35:36.713 I/QueryController(28983): Matched selector: UiSelector[PACKAGE NAME=com.android.launcher] <<==>> [android.view.accessibility.AccessibilityNodeInfo@76f3; boundsInParent: Rect(0, 0 - 720, 1184); boundsInScreen: Rect(0, 0 - 720, 1184); packageName: com.android.launcher; className: android.widget.FrameLayout; text: null; contentDescription: null; viewIdResName: null; checkable: false; checked: false; focusable: false; focused: false; selected: false; clickable: false; longClickable: false; enabled: true; password: false; scrollable: false; [ACTION_SELECT, ACTION_CLEAR_SELECTION, ACTION_ACCESSIBILITY_FOCUS]]
05-20 11:35:38.431 D/dalvikvm( 1661): GC_EXPLICIT freed 646K, 18% free 13113K/15888K, paused 3ms+7ms, total 73ms
05-20 11:35:38.588 I/QueryController(28983): Matched selector: UiSelector[TEXT=Pekall enterprise mobile office] <<==>> [android.view.accessibility.AccessibilityNodeInfo@89a5e; boundsInParent: Rect(0, 0 - 148, 184); boundsInScreen: Rect(196, 186 - 344, 370); packageName: com.android.launcher; className: android.widget.TextView; text: Pekall enterprise mobile office; contentDescription: null; viewIdResName: null; checkable: false; checked: false; focusable: true; focused: false; selected: false; clickable: true; longClickable: true; enabled: true; password: false; scrollable: false; [ACTION_FOCUS, ACTION_SELECT, ACTION_CLEAR_SELECTION, ACTION_CLICK, ACTION_LONG_CLICK, ACTION_ACCESSIBILITY_FOCUS, ACTION_NEXT_AT_MOVEMENT_GRANULARITY, ACTION_PREVIOUS_AT_MOVEMENT_GRANULARITY, ACTION_SET_SELECTION]]
05-20 11:35:38.603 I/QueryController(28983): Matched selector: UiSelector[TEXT=Pekall enterprise mobile office] <<==>> [android.view.accessibility.AccessibilityNodeInfo@89a5e; boundsInParent: Rect(0, 0 - 148, 184); boundsInScreen: Rect(196, 186 - 344, 370); packageName: com.android.launcher; className: android.widget.TextView; text: Pekall enterprise mobile office; contentDescription: null; viewIdResName: null; checkable: false; checked: false; focusable: true; focused: false; selected: false; clickable: true; longClickable: true; enabled: true; password: false; scrollable: false; [ACTION_FOCUS, ACTION_SELECT, ACTION_CLEAR_SELECTION, ACTION_CLICK, ACTION_LONG_CLICK, ACTION_ACCESSIBILITY_FOCUS, ACTION_NEXT_AT_MOVEMENT_GRANULARITY, ACTION_PREVIOUS_AT_MOVEMENT_GRANULARITY, ACTION_SET_SELECTION]]
05-20 11:35:38.603 D/InteractionController(28983): clickAndWaitForNewWindow(270, 278)
05-20 11:35:38.752 W/Parcel  ( 1661): Attempt to read object from Parcel 0x6013bdac at offset 200 that is not in the object list
05-20 11:35:38.752 I/ActivityManager(  374): START u0 {act=android.intent.action.MAIN cat=[android.intent.category.LAUNCHER] flg=0x10200000 cmp=com.pekall.emdm.launcher/.Launcher} from pid 576
05-20 11:35:38.869 D/dalvikvm(  374): GC_FOR_ALLOC freed 2119K, 26% free 20471K/27444K, paused 67ms, total 67ms
05-20 11:35:38.939 D/MDM :   (26771): [null:-1]->width 104
05-20 11:35:38.939 D/MDM :   (26771): [null:-1]->height 104
05-20 11:35:38.939 D/MDM :   (26771): [null:-1]->scale 0.5
05-20 11:35:38.939 D/MDM :   (26771): [null:-1]->tint false
05-20 11:35:38.947 D/MDM :   (26771): [null:-1]->width 104
05-20 11:35:38.947 D/MDM :   (26771): [null:-1]->height 104
05-20 11:35:38.947 D/MDM :   (26771): [null:-1]->scale 0.5
05-20 11:35:38.947 D/MDM :   (26771): [null:-1]->tint false
05-20 11:35:38.947 D/MDM :   (26771): [null:-1]->icon instanceof BitmapDrawable
05-20 11:35:38.947 D/MDM :   (26771): [null:-1]->  iconWidth 87
05-20 11:35:38.955 D/MDM :   (26771): [null:-1]->  iconHeight 87
05-20 11:35:38.955 D/MDM :   (26771): [null:-1]->  107 87
05-20 11:35:38.955 D/MDM :   (26771): [null:-1]->width 104
05-20 11:35:38.955 D/MDM :   (26771): [null:-1]->height 104
05-20 11:35:38.955 D/MDM :   (26771): [null:-1]->scale 1.0
05-20 11:35:38.955 D/MDM :   (26771): [null:-1]->tint false
05-20 11:35:38.955 D/MDM :   (26771): [null:-1]->width 104
05-20 11:35:38.955 D/MDM :   (26771): [null:-1]->height 104
05-20 11:35:38.955 D/MDM :   (26771): [null:-1]->scale 1.0
05-20 11:35:38.963 D/MDM :   (26771): [null:-1]->tint false
05-20 11:35:38.963 D/MDM :   (26771): [null:-1]->icon instanceof BitmapDrawable
05-20 11:35:38.963 D/MDM :   (26771): [null:-1]->  iconWidth 87
05-20 11:35:38.963 D/MDM :   (26771): [null:-1]->  iconHeight 87
05-20 11:35:38.963 D/MDM :   (26771): [null:-1]->  107 87
05-20 11:35:38.963 D/MDM :   (26771): [null:-1]->width 104
05-20 11:35:38.963 D/MDM :   (26771): [null:-1]->height 104
05-20 11:35:38.963 D/MDM :   (26771): [null:-1]->scale 1.0
05-20 11:35:38.963 D/MDM :   (26771): [null:-1]->tint false
05-20 11:35:38.971 D/MDM :   (26771): [null:-1]->width 104
05-20 11:35:38.971 D/MDM :   (26771): [null:-1]->height 104
05-20 11:35:38.971 D/MDM :   (26771): [null:-1]->scale 1.0
05-20 11:35:38.971 D/MDM :   (26771): [null:-1]->tint false
05-20 11:35:38.971 D/MDM :   (26771): [null:-1]->icon instanceof BitmapDrawable
05-20 11:35:38.971 D/MDM :   (26771): [null:-1]->  iconWidth 87
05-20 11:35:38.971 D/MDM :   (26771): [null:-1]->  iconHeight 87
05-20 11:35:38.971 D/MDM :   (26771): [null:-1]->  107 87
05-20 11:35:38.971 D/MDM :   (26771): [null:-1]->width 104
05-20 11:35:38.971 D/MDM :   (26771): [null:-1]->height 104
05-20 11:35:38.978 D/MDM :   (26771): [null:-1]->scale 1.0
05-20 11:35:38.978 D/MDM :   (26771): [null:-1]->tint false
05-20 11:35:39.228 D/dalvikvm(26771): JIT unchain all for threadid=11
05-20 11:35:39.283 D/dalvikvm(26771): GC_FOR_ALLOC freed 5744K, 28% free 31952K/44220K, paused 307ms, total 308ms
05-20 11:35:39.400 V/Launcher(26771): isLauncherDf = true
05-20 11:35:39.400 V/Launcher(26771): isPhoneDf = true
05-20 11:35:39.408 D/        (26771): [---null: -1---]  ScreenWidth  720
05-20 11:35:39.408 D/        (26771): [---null: -1---]  ScreenHeight  1184
05-20 11:35:39.416 D/HomeLoaders(26771): load applications
05-20 11:35:39.416 D/HomeLoaders(26771):   --> applications loaded, return
05-20 11:35:39.416 D/HomeLoaders(26771): loading user items in Thread[main,5,main]
05-20 11:35:39.416 D/HomeLoaders(26771):   --> items loaded, return
05-20 11:35:39.416 D/HomeLoaders(26771):   --> loading from cache: 11, 0
05-20 11:35:39.416 D/Launcher(26771): ------> binding 11 items
05-20 11:35:39.416 D/Launcher(26771): ------> binding 0 widgets
05-20 11:35:39.416 D/Launcher(26771): ------> start binding items
05-20 11:35:39.424 W/Parcel  ( 1661): Attempt to read object from Parcel 0x5ded3dac at offset 200 that is not in the object list
05-20 11:35:39.424 W/Parcel  ( 1661): Attempt to read object from Parcel 0x5ec3bdac at offset 200 that is not in the object list
05-20 11:35:39.424 D/Email   (26771): Email: init sandbox at the beginning.
05-20 11:35:39.424 V/l       (26771): Bind requested for task setLogging
05-20 11:35:39.447 W/Parcel  ( 1661): Attempt to read object from Parcel 0x6003bdac at offset 200 that is not in the object list
05-20 11:35:39.455 W/Parcel  ( 1661): Attempt to read object from Parcel 0x6013bdac at offset 200 that is not in the object list
05-20 11:35:39.455 V/LauncherApplication(26771): onActivityStarted
05-20 11:35:39.463 D/        (26771): [---null: -1---]     awsa  onActivityResumed
05-20 11:35:39.463 V/LauncherApplication(26771): 2MdmConstant.LAST_LAUNCH_TIME = 1400556926963
05-20 11:35:39.471 D/        (26771): [---null: -1---]  activity = com.pekall.emdm.launcher.Launcher
05-20 11:35:39.471 V/LauncherApplication(26771): is not regist
05-20 11:35:39.471 W/Parcel  ( 1661): Attempt to read object from Parcel 0x5dfd3dac at offset 200 that is not in the object list
05-20 11:35:39.471 I/ActivityManager(  374): START u0 {cmp=com.pekall.emdm.launcher/com.pekall.emdm.ui.SplashActivity} from pid 26771
05-20 11:35:39.478 E/LauncherApplication(26771): isShowLogoutUI = true
05-20 11:35:39.478 E/LauncherApplication(26771): LogoutShowTime 1
05-20 11:35:39.478 V/Launcher(26771): onResume1111111 
05-20 11:35:39.478 V/Launcher(26771): is logout ----> 
05-20 11:35:39.486 I/System.out(26771):  
05-20 11:35:39.486 I/System.out(26771): com.pekall.emdm.launcher.Workspace.setWallpaper(Unknown Source)
05-20 11:35:39.486 I/System.out(26771): com.pekall.emdm.launcher.Launcher.onResume(Unknown Source)
05-20 11:35:39.486 I/System.out(26771): android.app.Instrumentation.callActivityOnResume(Instrumentation.java:1192)
05-20 11:35:39.486 I/System.out(26771): android.app.Activity.performResume(Activity.java:5211)
05-20 11:35:39.486 I/System.out(26771): android.app.ActivityThread.performResumeActivity(ActivityThread.java:2780)
05-20 11:35:39.486 I/System.out(26771): android.app.ActivityThread.handleResumeActivity(ActivityThread.java:2819)
05-20 11:35:39.486 I/System.out(26771): android.app.ActivityThread.handleLaunchActivity(ActivityThread.java:2266)
05-20 11:35:39.486 I/System.out(26771): android.app.ActivityThread.access$600(ActivityThread.java:141)
05-20 11:35:39.486 I/System.out(26771): android.app.ActivityThread$H.handleMessage(ActivityThread.java:1256)
05-20 11:35:39.486 I/System.out(26771): android.os.Handler.dispatchMessage(Handler.java:99)
05-20 11:35:39.486 I/System.out(26771): android.os.Looper.loop(Looper.java:137)
05-20 11:35:39.486 I/System.out(26771): android.app.ActivityThread.main(ActivityThread.java:5103)
05-20 11:35:39.486 I/System.out(26771): java.lang.reflect.Method.invokeNative(Native Method)
05-20 11:35:39.486 I/System.out(26771): java.lang.reflect.Method.invoke(Method.java:525)
05-20 11:35:39.486 I/System.out(26771): com.android.internal.os.ZygoteInit$MethodAndArgsCaller.run(ZygoteInit.java:737)
05-20 11:35:39.486 I/System.out(26771): com.android.internal.os.ZygoteInit.main(ZygoteInit.java:553)
05-20 11:35:39.486 I/System.out(26771): dalvik.system.NativeStart.main(Native Method)
05-20 11:35:39.736 D/dalvikvm(26771): JIT unchain all for threadid=11
05-20 11:35:39.806 D/dalvikvm(26771): GC_FOR_ALLOC freed 4159K, 30% free 31225K/44220K, paused 317ms, total 321ms
05-20 11:35:39.846 W/ActivityManager(  374): Unable to start service Intent { cmp=com.pekall.emdm.launcher/com.pekall.semail.service.AttachmentDownloadService } U=0: not found
05-20 11:35:39.853 I/Email   (26771): Notifications being toggled: false
05-20 11:35:39.939 D/MDM :   (26771): [null:-1]->width 104
05-20 11:35:39.939 D/MDM :   (26771): [null:-1]->height 104
05-20 11:35:39.939 D/MDM :   (26771): [null:-1]->scale 1.0
05-20 11:35:39.939 D/MDM :   (26771): [null:-1]->tint false
05-20 11:35:39.939 D/MDM :   (26771): [null:-1]->width 104
05-20 11:35:39.939 D/MDM :   (26771): [null:-1]->height 104
05-20 11:35:39.947 D/MDM :   (26771): [null:-1]->scale 1.0
05-20 11:35:39.947 D/MDM :   (26771): [null:-1]->tint false
05-20 11:35:39.947 D/MDM :   (26771): [null:-1]->width 104
05-20 11:35:39.947 D/MDM :   (26771): [null:-1]->height 104
05-20 11:35:39.947 D/MDM :   (26771): [null:-1]->scale 1.0
05-20 11:35:39.947 D/MDM :   (26771): [null:-1]->tint false
05-20 11:35:39.947 D/MDM :   (26771): [null:-1]->width 104
05-20 11:35:39.947 D/MDM :   (26771): [null:-1]->height 104
05-20 11:35:39.947 D/MDM :   (26771): [null:-1]->scale 1.0
05-20 11:35:39.947 D/MDM :   (26771): [null:-1]->tint false
05-20 11:35:39.955 D/MDM :   (26771): [null:-1]->width 104
05-20 11:35:39.955 D/MDM :   (26771): [null:-1]->height 104
05-20 11:35:39.955 D/MDM :   (26771): [null:-1]->scale 1.0
05-20 11:35:39.955 D/MDM :   (26771): [null:-1]->tint false
05-20 11:35:39.955 D/MDM :   (26771): [null:-1]->width 104
05-20 11:35:39.955 D/MDM :   (26771): [null:-1]->height 104
05-20 11:35:39.955 D/MDM :   (26771): [null:-1]->scale 1.0
05-20 11:35:39.955 D/MDM :   (26771): [null:-1]->tint false
05-20 11:35:39.963 D/MDM :   (26771): [null:-1]->width 104
05-20 11:35:39.963 D/MDM :   (26771): [null:-1]->height 104
05-20 11:35:39.963 D/MDM :   (26771): [null:-1]->scale 1.0
05-20 11:35:39.963 D/MDM :   (26771): [null:-1]->tint false
05-20 11:35:39.963 D/MDM :   (26771): [null:-1]->width 104
05-20 11:35:39.963 D/MDM :   (26771): [null:-1]->height 104
05-20 11:35:39.971 D/MDM :   (26771): [null:-1]->scale 1.0
05-20 11:35:39.971 D/MDM :   (26771): [null:-1]->tint false
05-20 11:35:39.971 V/CounterTextView(26771): onReceive
05-20 11:35:39.971 D/        (26771): [---null: -1---]   msg  xxd1
05-20 11:35:39.978 W/ActivityManager(  374): Activity pause timeout for ActivityRecord{426834d8 u0 com.pekall.emdm.launcher/.Launcher}
05-20 11:35:39.986 D/        (26771): [---null: -1---]  xxd111  getPackageName  com.pekall.emdm.launcher
05-20 11:35:39.986 D/        (26771): [---null: -1---]  xxd111  getClassName  com.pekall.emdm.document.activity.DocMainActivity
05-20 11:35:39.986 D/        (26771): [---null: -1---]  xxd111  info.title  Document Manager ,count is 0
05-20 11:35:39.994 D/        (26771): [---null: -1---]  xxd111  getPackageName  com.pekall.emdm.launcher
05-20 11:35:39.994 D/        (26771): [---null: -1---]  xxd111  getClassName  com.pekall.emdm.launcher.ui.BackPersonalActivity
05-20 11:35:39.994 D/        (26771): [---null: -1---]  xxd111  info.title  Personal Mode ,count is 0
05-20 11:35:39.994 D/        (26771): [---null: -1---]  xxd111  getPackageName  com.pekall.emdm.launcher
05-20 11:35:39.994 D/        (26771): [---null: -1---]  xxd111  getClassName  com.pekall.semail.activity.Welcome
05-20 11:35:39.994 D/        (26771): [---null: -1---]  xxd111  info.title  Email ,count is 0
05-20 11:35:40.017 D/ExchangeService(26771): !!! EAS ExchangeService, onCreate
05-20 11:35:40.017 W/Parcel  ( 1661): Attempt to read object from Parcel 0x5ef3bdac at offset 200 that is not in the object list
05-20 11:35:40.025 D/LauncherApplication(26771): [null:-1]->onActivityPaused
05-20 11:35:40.041 D/LauncherApplication(26771): [null:-1]->onActivityPaused  updateTime
05-20 11:35:40.135 W/Settings(28818): Setting adb_enabled has moved from android.provider.Settings.Secure to android.provider.Settings.Global.
05-20 11:35:40.197 V/LauncherApplication(26771): onActivityStarted
05-20 11:35:40.197 D/        (26771): [---null: -1---]     awsa  onActivityResumed
05-20 11:35:40.197 V/LauncherApplication(26771): 2MdmConstant.LAST_LAUNCH_TIME = 1400556940050
05-20 11:35:40.213 D/        (26771): [---null: -1---]  activity = com.pekall.emdm.ui.SplashActivity
05-20 11:35:40.228 D/        (26771): [---null: -1---]  xxd111  getPackageName  com.pekall.emdm.launcher
05-20 11:35:40.228 D/        (26771): [---null: -1---]  xxd111  getClassName  com.pekall.emdm.contacts.activities.PeopleActivity
05-20 11:35:40.236 D/        (26771): [---null: -1---]  xxd111  info.title  EmdmContacts ,count is 0
05-20 11:35:40.236 D/        (26771): [---null: -1---]  xxd111  getPackageName  com.pekall.emdm.launcher
05-20 11:35:40.236 D/        (26771): [---null: -1---]  xxd111  getClassName  com.pekall.emdm.browser.BrowserActivity
05-20 11:35:40.236 D/        (26771): [---null: -1---]  xxd111  info.title  Safe Browser ,count is 0
05-20 11:35:40.244 D/        (26771): [---null: -1---]  xxd111  getPackageName  com.pekall.emdm.launcher
05-20 11:35:40.244 D/        (26771): [---null: -1---]  xxd111  getClassName  com.pekall.emdm.launcher.ui.AboutActivity
05-20 11:35:40.244 D/        (26771): [---null: -1---]  xxd111  info.title  About ,count is 0
05-20 11:35:40.244 D/        (26771): [---null: -1---]  xxd111  getPackageName  com.pekall.emdm.launcher
05-20 11:35:40.244 D/        (26771): [---null: -1---]  xxd111  getClassName  com.pekall.emdm.launcher.ui.SettingActivity
05-20 11:35:40.252 D/        (26771): [---null: -1---]  xxd111  info.title  Setting ,count is 0
05-20 11:35:40.252 V/l       (26771): Connected: com.pekall.exchange.ExchangeService
05-20 11:35:40.260 D/ExchangeService(26771): !!! EAS ExchangeService, onStartCommand, startingUp = false, running = false
05-20 11:35:40.260 D/ExchangeService(26771): to start secureStorageService now
05-20 11:35:40.275 V/l       (26771): Task setLogging completed; disconnecting
05-20 11:35:40.283 V/a       (26771): Bind requested for task test
05-20 11:35:40.314 D/ExchangeService(26771): Reconciling accounts...
05-20 11:35:40.385 V/a       (26771): Bind requested for task reconcileAccounts
05-20 11:35:40.416 V/a       (26771): Waiting for task reconcileAccounts to complete...
05-20 11:35:40.471 W/Parcel  ( 1661): Attempt to read object from Parcel 0x5ded3dac at offset 200 that is not in the object list
05-20 11:35:40.478 V/WiseDownloadConditionControler(10785): checkCondition  type : WISE_DOWNLOAD  inerrupting: true
05-20 11:35:40.533 D/dalvikvm(28818): GC_CONCURRENT freed 346K, 4% free 11337K/11736K, paused 10ms+83ms, total 177ms
05-20 11:35:40.596 V/a       (26771): Connected: com.pekall.semail.service.AccountServiceInternal
05-20 11:35:40.596 V/a       (26771): Connected: com.pekall.semail.service.AccountServiceInternal
05-20 11:35:40.596 V/a       (26771): Connection test succeeded in 314ms
05-20 11:35:40.603 V/a       (26771): Task test completed; disconnecting
05-20 11:35:40.611 I/ActivityManager(  374): Displayed com.pekall.emdm.launcher/com.pekall.emdm.ui.SplashActivity: +630ms (total +8m36s661ms)
05-20 11:35:40.611 I/ActivityManager(  374): Displayed com.pekall.emdm.launcher/.Launcher: +1s719ms
05-20 11:35:40.627 V/a       (26771): Task reconcileAccounts completed; disconnecting
05-20 11:35:40.635 V/a       (26771): Wait for reconcileAccounts finished in 218ms
05-20 11:35:40.689 D/dalvikvm( 1468): GC_CONCURRENT freed 436K, 21% free 9612K/12104K, paused 19ms+10ms, total 193ms
05-20 11:35:40.697 D/ExchangeService(26771): !!! EAS ExchangeService, stopping self
05-20 11:35:40.705 D/ExchangeService(26771): !!! EAS ExchangeService, onDestroy
05-20 11:35:40.721 D/dalvikvm(28818): GC_EXPLICIT freed 1397K, 15% free 10052K/11736K, paused 2ms+5ms, total 107ms
05-20 11:35:40.931 D/dalvikvm(28818): GC_EXPLICIT freed 357K, 15% free 9979K/11736K, paused 3ms+4ms, total 39ms
05-20 11:35:41.697 W/Parcel  ( 1661): Attempt to read object from Parcel 0x5ef3bdac at offset 200 that is not in the object list
05-20 11:35:41.697 I/ActivityManager(  374): START u0 {cmp=com.pekall.emdm.launcher/com.pekall.emdm.ui.ActiveDeviceAdminActivity} from pid 26771
05-20 11:35:41.885 D/dalvikvm(  374): GC_FOR_ALLOC freed 1387K, 26% free 20430K/27444K, paused 140ms, total 141ms
05-20 11:35:41.916 D/HomeLoaders(26771): aborting loaders
05-20 11:35:41.916 W/ActivityManager(  374): Duplicate finish request for ActivityRecord{4229e598 u0 com.pekall.emdm.launcher/com.pekall.emdm.ui.SplashActivity}
05-20 11:35:42.111 D/dalvikvm(28818): GC_CONCURRENT freed 248K, 13% free 10215K/11736K, paused 2ms+54ms, total 713ms
05-20 11:35:42.166 D/dalvikvm(26771): JIT unchain all for threadid=11
05-20 11:35:42.385 W/ActivityManager(  374): Activity pause timeout for ActivityRecord{4229e598 u0 com.pekall.emdm.launcher/com.pekall.emdm.ui.SplashActivity}
05-20 11:35:42.478 D/dalvikvm(26771): JIT unchain all for threadid=11
05-20 11:35:42.510 D/dalvikvm(26771): GC_EXPLICIT freed 1202K, 21% free 35357K/44220K, paused 268ms+275ms, total 596ms
05-20 11:35:42.533 D/LauncherApplication(26771): [null:-1]->onActivityPaused
05-20 11:35:42.635 V/LauncherApplication(26771): onActivityStarted
05-20 11:35:42.635 D/        (26771): [---null: -1---]     awsa  onActivityResumed
05-20 11:35:42.635 V/LauncherApplication(26771): 2MdmConstant.LAST_LAUNCH_TIME = 1400556940050
05-20 11:35:42.642 D/        (26771): [---null: -1---]  activity = com.pekall.emdm.ui.ActiveDeviceAdminActivity
05-20 11:35:42.650 W/Parcel  ( 1661): Attempt to read object from Parcel 0x5ec3bdac at offset 200 that is not in the object list
05-20 11:35:42.650 I/ActivityManager(  374): START u0 {cmp=com.pekall.emdm.launcher/com.pekall.emdm.ui.RegDeviceActivity} from pid 26771
05-20 11:35:42.658 D/LauncherApplication(26771): [null:-1]->onActivityPaused
05-20 11:35:42.721 V/LauncherApplication(26771): onActivityStarted
05-20 11:35:42.767 D/dalvikvm(  448): GC_CONCURRENT freed 976K, 12% free 14305K/16128K, paused 2ms+18ms, total 101ms
05-20 11:35:42.838 D/        (26771): [---null: -1---]     awsa  onActivityResumed
05-20 11:35:42.838 V/LauncherApplication(26771): 2MdmConstant.LAST_LAUNCH_TIME = 1400556940050
05-20 11:35:42.846 D/        (26771): [---null: -1---]  activity = com.pekall.emdm.ui.RegDeviceActivity
05-20 11:35:43.260 I/ActivityManager(  374): Displayed com.pekall.emdm.launcher/com.pekall.emdm.ui.RegDeviceActivity: +573ms (total +872ms)
05-20 11:35:43.572 D/dalvikvm( 1661): GC_EXPLICIT freed 163K, 18% free 13105K/15888K, paused 2ms+14ms, total 134ms
05-20 11:35:43.963 I/QueryController(28983): Matched selector: UiSelector[PACKAGE NAME=com.pekall.emdm.launcher] <<==>> [android.view.accessibility.AccessibilityNodeInfo@46146; boundsInParent: Rect(0, 0 - 720, 1184); boundsInScreen: Rect(0, 0 - 720, 1184); packageName: com.pekall.emdm.launcher; className: android.widget.FrameLayout; text: null; contentDescription: null; viewIdResName: null; checkable: false; checked: false; focusable: false; focused: false; selected: false; clickable: false; longClickable: false; enabled: true; password: false; scrollable: false; [ACTION_SELECT, ACTION_CLEAR_SELECTION, ACTION_ACCESSIBILITY_FOCUS]]
05-20 11:35:44.556 D/dalvikvm(28818): GC_CONCURRENT freed 497K, 13% free 10229K/11736K, paused 1ms+3ms, total 461ms
05-20 11:35:44.556 D/dalvikvm(28818): WAIT_FOR_CONCURRENT_GC blocked 11ms
05-20 11:35:45.541 D/dalvikvm(28818): GC_CONCURRENT freed 478K, 13% free 10262K/11736K, paused 2ms+3ms, total 243ms
05-20 11:35:45.541 D/dalvikvm(28818): WAIT_FOR_CONCURRENT_GC blocked 17ms
05-20 11:35:45.814 D/dalvikvm( 1661): GC_EXPLICIT freed 28K, 18% free 13085K/15888K, paused 2ms+3ms, total 86ms
05-20 11:35:45.900 D/dalvikvm(28818): GC_CONCURRENT freed 421K, 13% free 10231K/11736K, paused 2ms+3ms, total 31ms
05-20 11:35:53.478 D/dalvikvm( 1661): GC_EXPLICIT freed 134K, 18% free 13088K/15888K, paused 2ms+3ms, total 43ms
05-20 11:36:00.377 D/dalvikvm(10683): GC_CONCURRENT freed 713K, 9% free 9508K/10428K, paused 3ms+3ms, total 28ms
05-20 11:36:02.752 D/LightsService(  374): Excessive delay setting light: 67ms
05-20 11:36:03.603 W/MountService(  374): getVolumeState(/storage/emulated/0/external_sd): Unknown volume
05-20 11:36:03.603 W/MountService(  374): getVolumeState(/mnt/sdcard-ext): Unknown volume
05-20 11:36:03.603 W/MountService(  374): getVolumeState(/mnt/ext_sdcard): Unknown volume
05-20 11:36:03.603 W/MountService(  374): getVolumeState(/mnt/sdcard2): Unknown volume
05-20 11:36:03.603 W/MountService(  374): getVolumeState(/mnt/emmc): Unknown volume
05-20 11:36:03.603 W/MountService(  374): getVolumeState(/mnt/extSdCard): Unknown volume
05-20 11:36:03.603 W/MountService(  374): getVolumeState(/mnt/sdcard/SD_CARD): Unknown volume
05-20 11:36:03.603 W/MountService(  374): getVolumeState(/mnt/sdcard/extra_sd): Unknown volume
05-20 11:36:03.603 W/MountService(  374): getVolumeState(/mnt/extrasd_bind): Unknown volume
05-20 11:36:03.611 W/MountService(  374): getVolumeState(/mnt/sdcard/ext_sd): Unknown volume
05-20 11:36:03.619 W/MountService(  374): getVolumeState(/storage/extSdCard): Unknown volume
05-20 11:36:03.619 W/MountService(  374): getVolumeState(/storage/sdcard1): Unknown volume
05-20 11:36:03.619 W/MountService(  374): getVolumeState(/mnt/sdcard/external_SD): Unknown volume
05-20 11:36:03.619 W/MountService(  374): getVolumeState(/mnt/sdcard/external_sd): Unknown volume
05-20 11:36:03.681 D/dalvikvm( 1468): GC_CONCURRENT freed 417K, 21% free 9623K/12104K, paused 3ms+3ms, total 34ms
05-20 11:36:03.869 W/MountService(  374): getVolumeState(/storage/emulated/0/external_sd): Unknown volume
05-20 11:36:03.869 W/MountService(  374): getVolumeState(/mnt/sdcard-ext): Unknown volume
05-20 11:36:03.869 W/MountService(  374): getVolumeState(/mnt/ext_sdcard): Unknown volume
05-20 11:36:03.869 W/MountService(  374): getVolumeState(/mnt/sdcard2): Unknown volume
05-20 11:36:03.877 W/MountService(  374): getVolumeState(/mnt/emmc): Unknown volume
05-20 11:36:03.877 W/MountService(  374): getVolumeState(/mnt/extSdCard): Unknown volume
05-20 11:36:03.877 W/MountService(  374): getVolumeState(/mnt/sdcard/SD_CARD): Unknown volume
05-20 11:36:03.885 W/MountService(  374): getVolumeState(/mnt/sdcard/extra_sd): Unknown volume
05-20 11:36:03.885 W/MountService(  374): getVolumeState(/mnt/extrasd_bind): Unknown volume
05-20 11:36:03.885 W/MountService(  374): getVolumeState(/mnt/sdcard/ext_sd): Unknown volume
05-20 11:36:03.885 W/MountService(  374): getVolumeState(/storage/extSdCard): Unknown volume
05-20 11:36:03.885 W/MountService(  374): getVolumeState(/storage/sdcard1): Unknown volume
05-20 11:36:03.885 W/MountService(  374): getVolumeState(/mnt/sdcard/external_SD): Unknown volume
05-20 11:36:03.900 W/MountService(  374): getVolumeState(/mnt/sdcard/external_sd): Unknown volume
05-20 11:36:03.908 D/dalvikvm( 1468): GC_CONCURRENT freed 416K, 20% free 9692K/12104K, paused 4ms+4ms, total 38ms
05-20 11:36:03.986 I/QueryController(28983): Matched selector: UiSelector[TEXT=zhenhua.sang@pekall.com, CLASS=android.widget.EditText] <<==>> [android.view.accessibility.AccessibilityNodeInfo@45d85; boundsInParent: Rect(0, 0 - 621, 76); boundsInScreen: Rect(49, 280 - 670, 356); packageName: com.pekall.emdm.launcher; className: android.widget.EditText; text: zhenhua.sang@pekall.com; contentDescription: null; viewIdResName: com.pekall.emdm.launcher:id/mdm_edit; checkable: false; checked: false; focusable: true; focused: true; selected: false; clickable: true; longClickable: true; enabled: false; password: false; scrollable: false; [ACTION_CLEAR_FOCUS, ACTION_SELECT, ACTION_CLEAR_SELECTION, ACTION_ACCESSIBILITY_FOCUS, ACTION_NEXT_AT_MOVEMENT_GRANULARITY, ACTION_PREVIOUS_AT_MOVEMENT_GRANULARITY, ACTION_SET_SELECTION]]
05-20 11:36:03.986 I/AndroidRuntime(28983): VM exiting with result code 0.
05-20 11:36:08.611 I/PowerManagerService(  374): Going to sleep due to screen timeout...
05-20 11:36:09.275 D/SurfaceFlinger(  124): Screen released, type=0 flinger=0x40e95478
05-20 11:36:09.291 D/PowerManagerService-JNI(  374): Excessive delay in setInteractive(false) while turning screen off: 24ms
05-20 11:36:09.377 D/dalvikvm(  374): GC_FOR_ALLOC freed 1836K, 27% free 20065K/27444K, paused 91ms, total 91ms
05-20 11:36:09.377 D/LauncherApplication(26771): [null:-1]->onActivityPaused
05-20 11:36:09.392 I/ActivityManager(  374): No longer want com.google.android.apps.maps:LocationFriendService (pid 27442): empty for 1800s
05-20 11:36:09.392 I/ActivityManager(  374): No longer want com.google.android.apps.maps:FriendService (pid 27430): empty for 1800s
05-20 11:36:09.392 I/ActivityManager(  374): No longer want com.google.android.apps.maps:GoogleLocationService (pid 27405): empty for 1802s
05-20 11:36:09.486 D/dalvikvm(10683): GC_FOR_ALLOC freed 93K, 6% free 9624K/10212K, paused 29ms, total 29ms
05-20 11:36:09.494 I/dalvikvm-heap(10683): Grow heap (frag case) to 9.645MB for 221232-byte allocation
05-20 11:36:09.525 D/dalvikvm(10683): GC_FOR_ALLOC freed 0K, 6% free 9840K/10432K, paused 33ms, total 33ms
05-20 11:36:09.541 D/NfcService(  568): NFC-C OFF, disconnect
05-20 11:36:09.549 W/Parcel  ( 1661): Attempt to read object from Parcel 0x5dfd3dac at offset 200 that is not in the object list
05-20 11:36:09.549 W/ActivityManager(  374): Scheduling restart of crashed service com.google.android.apps.maps/com.google.android.location.internal.server.GoogleLocationService in 5000ms
05-20 11:36:09.767 V/WiseDownloadConditionControler(10785): checkCondition  type : TODAY_LAUNCHED_USER  inerrupting: false
05-20 11:36:09.767 V/MDM :   (26771): [null:-1]->Screen receiver is called.
05-20 11:36:09.775 W/BroadcastQueue(  374): Failure sending broadcast Intent { act=android.intent.action.SCREEN_OFF flg=0x50000010 }
05-20 11:36:09.775 W/BroadcastQueue(  374): android.os.DeadObjectException
05-20 11:36:09.775 W/BroadcastQueue(  374): 	at android.os.BinderProxy.transact(Native Method)
05-20 11:36:09.775 W/BroadcastQueue(  374): 	at android.content.IIntentReceiver$Stub$Proxy.performReceive(IIntentReceiver.java:124)
05-20 11:36:09.775 W/BroadcastQueue(  374): 	at com.android.server.am.BroadcastQueue.performReceiveLocked(BroadcastQueue.java:376)
05-20 11:36:09.775 W/BroadcastQueue(  374): 	at com.android.server.am.BroadcastQueue.deliverToRegisteredReceiverLocked(BroadcastQueue.java:449)
05-20 11:36:09.775 W/BroadcastQueue(  374): 	at com.android.server.am.BroadcastQueue.processNextBroadcast(BroadcastQueue.java:656)
05-20 11:36:09.775 W/BroadcastQueue(  374): 	at com.android.server.am.ActivityManagerService.finishReceiver(ActivityManagerService.java:12390)
05-20 11:36:09.775 W/BroadcastQueue(  374): 	at android.app.ActivityManagerNative.onTransact(ActivityManagerNative.java:379)
05-20 11:36:09.775 W/BroadcastQueue(  374): 	at com.android.server.am.ActivityManagerService.onTransact(ActivityManagerService.java:1737)
05-20 11:36:09.775 W/BroadcastQueue(  374): 	at android.os.Binder.execTransact(Binder.java:388)
05-20 11:36:09.775 W/BroadcastQueue(  374): 	at dalvik.system.NativeStart.run(Native Method)
05-20 11:36:09.783 W/Parcel  ( 1661): Attempt to read object from Parcel 0x5ec3bdac at offset 200 that is not in the object list
05-20 11:36:09.783 W/Parcel  ( 1661): Attempt to read object from Parcel 0x5dfd3dac at offset 200 that is not in the object list
05-20 11:36:09.822 D/dalvikvm(28818): GC_FOR_ALLOC freed 279K, 15% free 9982K/11736K, paused 26ms, total 27ms
05-20 11:36:09.830 I/dalvikvm-heap(28818): Grow heap (frag case) to 9.939MB for 97432-byte allocation
05-20 11:36:09.853 D/dalvikvm(28818): GC_FOR_ALLOC freed 7K, 15% free 10070K/11832K, paused 29ms, total 29ms
05-20 11:36:12.111 D/dalvikvm(28818): GC_EXPLICIT freed <1K, 15% free 10069K/11832K, paused 2ms+4ms, total 43ms
05-20 11:36:14.346 V/KeyguardHostView(  374): hide transport, gen:1
05-20 11:36:14.346 V/KeyguardHostView(  374): music state changed: 0
05-20 11:36:14.361 D/PhoneStatusBar(  448): disable: < expand icons alerts ticker system_info back home RECENT* clock SEARCH* >
05-20 11:36:14.385 V/TAG     (  374): bug 7643792: fitSystemWindows([0,50][0,0])
05-20 11:36:14.431 D/PhoneStatusBar(  448): disable: < expand icons alerts ticker system_info BACK* HOME* RECENT CLOCK* SEARCH >
05-20 11:36:14.556 I/ActivityManager(  374): Start proc com.google.android.apps.maps:GoogleLocationService for service com.google.android.apps.maps/com.google.android.location.internal.server.GoogleLocationService: pid=29041 uid=10038 gids={50038, 3003, 1015, 1028}
05-20 11:36:15.189 W/Parcel  ( 1661): Attempt to read object from Parcel 0x5ded3dac at offset 200 that is not in the object list
05-20 11:36:16.127 D/dalvikvm(29041): GC_CONCURRENT freed 274K, 3% free 9265K/9472K, paused 4ms+4ms, total 101ms
05-20 11:36:16.127 D/dalvikvm(29041): WAIT_FOR_CONCURRENT_GC blocked 6ms
05-20 11:36:16.158 D/dalvikvm(29041): GC_FOR_ALLOC freed 145K, 4% free 9351K/9728K, paused 24ms, total 24ms
05-20 11:36:16.158 I/dalvikvm-heap(29041): Grow heap (frag case) to 9.346MB for 186718-byte allocation
05-20 11:36:16.174 D/dalvikvm(29041): GC_FOR_ALLOC freed <1K, 4% free 9534K/9912K, paused 19ms, total 19ms
05-20 11:36:16.338 D/dalvikvm(29041): GC_CONCURRENT freed 479K, 6% free 9563K/10084K, paused 4ms+19ms, total 54ms
05-20 11:36:16.338 D/dalvikvm(29041): WAIT_FOR_CONCURRENT_GC blocked 1ms
05-20 11:36:16.525 D/dalvikvm(29041): GC_CONCURRENT freed 686K, 8% free 9386K/10116K, paused 3ms+12ms, total 69ms
05-20 11:36:16.525 D/dalvikvm(29041): WAIT_FOR_CONCURRENT_GC blocked 7ms
05-20 11:36:16.596 W/Parcel  ( 1661): Attempt to read object from Parcel 0x5ec3bdac at offset 200 that is not in the object list
05-20 11:36:16.635 I/ActivityManager(  374): Start proc com.google.android.apps.maps:FriendService for broadcast com.google.android.apps.maps/com.google.googlenav.friend.android.ServiceReceiver: pid=29064 uid=10038 gids={50038, 3003, 1015, 1028}
05-20 11:36:16.666 D/dalvikvm(  125): GC_EXPLICIT freed 43K, 1% free 8921K/9008K, paused 2ms+3ms, total 39ms
05-20 11:36:16.697 D/dalvikvm(  125): GC_EXPLICIT freed <1K, 1% free 8921K/9008K, paused 2ms+3ms, total 26ms
05-20 11:36:16.721 D/dalvikvm(  125): GC_EXPLICIT freed <1K, 1% free 8921K/9008K, paused 2ms+3ms, total 27ms
05-20 11:36:16.752 W/Parcel  ( 1661): Attempt to read object from Parcel 0x5dfd3dac at offset 200 that is not in the object list
05-20 11:36:16.846 I/ActivityManager(  374): Start proc com.google.android.apps.maps:LocationFriendService for broadcast com.google.android.apps.maps/com.google.googlenav.friend.reporting.LocationReportingIntentReceiver: pid=29076 uid=10038 gids={50038, 3003, 1015, 1028}
05-20 11:36:16.877 W/Settings(29041): Setting airplane_mode_on has moved from android.provider.Settings.System to android.provider.Settings.Global, returning read-only value.
05-20 11:36:17.025 D/dalvikvm(29076): GC_CONCURRENT freed 261K, 4% free 9057K/9360K, paused 3ms+4ms, total 37ms
05-20 11:36:17.228 D/dalvikvm(29041): GC_CONCURRENT freed 333K, 7% free 9462K/10116K, paused 4ms+3ms, total 44ms
05-20 11:36:19.127 D/dalvikvm(29041): GC_CONCURRENT freed 330K, 6% free 9559K/10116K, paused 3ms+4ms, total 47ms
05-20 11:36:19.885 W/ActivityThread(29041): ClassLoader.loadClass: The class loader returned by Thread.getContextClassLoader() may fail for processes that host multiple applications. You should explicitly specify a context class loader. For example: Thread.setContextClassLoader(getClass().getClassLoader());
05-20 11:36:28.111 D/AndroidRuntime(29097): 
05-20 11:36:28.111 D/AndroidRuntime(29097): >>>>>> AndroidRuntime START com.android.internal.os.RuntimeInit <<<<<<
05-20 11:36:28.111 D/AndroidRuntime(29097): CheckJNI is OFF
05-20 11:36:28.127 D/dalvikvm(29097): Trying to load lib libjavacore.so 0x0
05-20 11:36:28.135 D/dalvikvm(29097): Added shared lib libjavacore.so 0x0
05-20 11:36:28.150 D/dalvikvm(29097): Trying to load lib libnativehelper.so 0x0
05-20 11:36:28.150 D/dalvikvm(29097): Added shared lib libnativehelper.so 0x0
05-20 11:36:28.400 D/AndroidRuntime(29097): Calling main entry com.android.commands.uiautomator.Launcher
05-20 11:36:28.447 D/dalvikvm(29097): Note: class Landroid/app/ActivityManagerNative; has 163 unimplemented (abstract) methods
05-20 11:36:28.494 I/PowerManagerService(  374): Waking up from sleep...
05-20 11:36:28.588 I/WindowManager(  374): Lock screen displayed!
05-20 11:36:28.650 D/dalvikvm(  448): GC_FOR_ALLOC freed 681K, 15% free 13744K/16128K, paused 48ms, total 48ms
05-20 11:36:28.721 W/Parcel  ( 1661): Attempt to read object from Parcel 0x5ec3bdac at offset 200 that is not in the object list
05-20 11:36:28.728 W/Parcel  ( 1661): Attempt to read object from Parcel 0x5dfd3dac at offset 200 that is not in the object list
05-20 11:36:28.853 D/PowerManagerService-JNI(  374): Excessive delay in autosuspend_disable() while turning screen on: 350ms
05-20 11:36:28.853 D/SurfaceFlinger(  124): Screen acquired, type=0 flinger=0x40e95478
05-20 11:36:28.908 W/Settings( 1661): Setting airplane_mode_on has moved from android.provider.Settings.System to android.provider.Settings.Global, returning read-only value.
05-20 11:36:28.916 V/WiseDownloadConditionControler(10785): checkCondition  type : WISE_DOWNLOAD  inerrupting: true
05-20 11:36:28.916 V/DigitalWidgetViewsFactory(26417): DigitalWidget sets next alarm string to null
05-20 11:36:28.931 W/Parcel  ( 1661): Attempt to read object from Parcel 0x5dfd3dac at offset 200 that is not in the object list
05-20 11:36:28.931 D/LightsService(  374): Excessive delay setting light: 83ms
05-20 11:36:29.580 I/QueryController(29097): Matched selector: UiSelector[DESCRIPTION=Slide area., PACKAGE NAME=android] <<==>> [android.view.accessibility.AccessibilityNodeInfo@1fbe04; boundsInParent: Rect(0, 0 - 720, 756); boundsInScreen: Rect(0, 547 - 720, 1303); packageName: android; className: android.view.View; text: null; contentDescription: Slide area.; viewIdResName: android:id/glow_pad_view; checkable: false; checked: false; focusable: false; focused: false; selected: false; clickable: false; longClickable: false; enabled: true; password: false; scrollable: false; [ACTION_SELECT, ACTION_CLEAR_SELECTION, ACTION_ACCESSIBILITY_FOCUS, ACTION_NEXT_AT_MOVEMENT_GRANULARITY, ACTION_PREVIOUS_AT_MOVEMENT_GRANULARITY, ACTION_SET_SELECTION]]
