05-21 16:46:28.674 I/ActivityManager(  374): Process com.pekall.emdm.launcher:remote (pid 31646) has died.
05-21 16:46:28.674 W/ActivityManager(  374): Scheduling restart of crashed service com.pekall.emdm.launcher/com.baidu.location.f in 320000ms
05-21 16:46:31.861 I/ActivityManager(  374): Start proc com.pekall.emdm.launcher:remote for service com.pekall.emdm.launcher/com.baidu.location.f: pid=31703 uid=10066 gids={50066, 1015, 3002, 3001, 3003, 1028}
05-21 16:46:32.400 D/ActivityThread(31703): Loading provider com.pekall.semail.provider;com.pekall.semail.notifier: com.pekall.semail.provider.EmailProvider
05-21 16:46:32.494 D/ActivityThread(31703): Loading provider com.pekall.semail.provider;com.pekall.semail.notifier: com.pekall.semail.provider.EmailProvider
05-21 16:46:33.142 I/PowerManagerService(  374): Going to sleep due to screen timeout...
05-21 16:46:34.463 W/InputMethodManagerService(  374): Window already focused, ignoring focus gain of: com.android.internal.view.IInputMethodClient$Stub$Proxy@42dc6bd8 attribute=android.view.inputmethod.EditorInfo@43005378, token = android.os.BinderProxy@426215f8
05-21 16:46:35.806 I/PowerManagerService(  374): Waking up from sleep...
05-21 16:46:36.306 V/PanelView(  448): animationTick called with dtms=0; nothing to do (h=0.0 v=4000.0)
--------- beginning of /dev/log/main
05-21 16:46:36.908 I/Choreographer(  576): Skipped 35 frames!  The application may be doing too much work on its main thread.
05-21 16:46:36.939 D/EmailProvider(31703): EmailProvider pre-caching...
05-21 16:46:37.353 I/Choreographer(  448): Skipped 32 frames!  The application may be doing too much work on its main thread.
05-21 16:46:37.471 D/EmailProvider(31703): EmailProvider ready.
05-21 16:46:37.806 W/ActivityManager(  374): Unable to start service Intent { cmp=com.pekall.emdm.launcher/com.pekall.semail.service.AttachmentDownloadService } U=0: not found
05-21 16:46:37.830 I/Email   (31703): Notifications being toggled: false
05-21 16:46:39.150 V/KeyguardHostView(  374): hide transport, gen:1
05-21 16:46:39.150 V/KeyguardHostView(  374): music state changed: 0
05-21 16:46:39.213 D/PhoneStatusBar(  448): disable: < expand icons alerts ticker system_info back home RECENT* clock SEARCH* >
05-21 16:46:39.221 V/PanelView(  448): animationTick called with dtms=0; nothing to do (h=1184.0 v=-4000.0)
05-21 16:46:39.299 V/TAG     (  374): bug 7643792: fitSystemWindows([0,50][0,0])
05-21 16:46:39.572 D/dalvikvm(  448): GC_CONCURRENT freed 1248K, 14% free 13861K/15944K, paused 2ms+45ms, total 290ms
05-21 16:46:39.658 D/PhoneStatusBar(  448): disable: < expand icons alerts ticker system_info BACK* HOME* RECENT CLOCK* SEARCH >
05-21 16:46:40.814 V/PanelView(  448): animationTick called with dtms=0; nothing to do (h=0.0 v=4000.0)
05-21 16:46:40.947 D/SizeAdaptiveLayout(  448): com.android.internal.widget.SizeAdaptiveLayout{4251b278 V.E..... ......I. 0,0-720,128 #7f070058 app:id/adaptive}child view android.widget.RelativeLayout{42914428 V.E..... ......I. 0,0-720,122} measured out of bounds at 122px clamped to 128px
05-21 16:46:41.166 D/SizeAdaptiveLayout(  448): com.android.internal.widget.SizeAdaptiveLayout{4251b278 V.E..... ......I. 0,0-720,128 #7f070058 app:id/adaptive}child view android.widget.RelativeLayout{42914428 V.E..... ......I. 0,0-720,122} measured out of bounds at 122px clamped to 128px
05-21 16:46:41.244 D/PhoneStatusBar(  448): disable: < expand icons alerts ticker system_info back* home* RECENT clock* SEARCH >
05-21 16:46:41.369 D/SizeAdaptiveLayout(  448): com.android.internal.widget.SizeAdaptiveLayout{4251b278 V.E..... ......I. 0,0-720,128 #7f070058 app:id/adaptive}child view android.widget.RelativeLayout{42914428 V.E..... ......I. 0,0-720,122} measured out of bounds at 122px clamped to 128px
05-21 16:46:44.939 W/BroadcastQueue(  374): Timeout of broadcast BroadcastRecord{42d8bd18 u-1 android.intent.action.SCREEN_OFF} - receiver=android.os.BinderProxy@42a01410, started 10001ms ago
05-21 16:46:44.939 W/BroadcastQueue(  374): Receiver during timeout: BroadcastFilter{426b1478 u0 ReceiverList{426d25d8 31703 com.pekall.emdm.launcher:remote/10066/u0 remote:42a01410}}
05-21 16:46:44.947 I/Process (  374): Sending signal. PID: 31703 SIG: 3
05-21 16:46:44.947 I/dalvikvm(31703): threadid=3: reacting to signal 3
05-21 16:46:45.150 I/Process (  374): Sending signal. PID: 374 SIG: 3
05-21 16:46:45.150 I/dalvikvm(  374): threadid=3: reacting to signal 3
05-21 16:46:45.205 D/dalvikvm(31703): JIT unchain all for threadid=11
05-21 16:46:45.306 I/dalvikvm(31703): Wrote stack traces to '/data/anr/traces.txt'
05-21 16:46:46.869 I/Process (  374): Sending signal. PID: 448 SIG: 3
05-21 16:46:46.869 I/dalvikvm(  448): threadid=3: reacting to signal 3
05-21 16:46:46.869 I/Process (  374): Sending signal. PID: 561 SIG: 3
05-21 16:46:46.869 I/dalvikvm(  561): threadid=3: reacting to signal 3
05-21 16:46:46.869 I/WindowManager(  374): Lock screen displayed!
05-21 16:46:46.877 I/Choreographer(  374): Skipped 109 frames!  The application may be doing too much work on its main thread.
05-21 16:46:46.892 I/dalvikvm(  374): Wrote stack traces to '/data/anr/traces.txt'
05-21 16:46:46.908 I/Process (  374): Sending signal. PID: 568 SIG: 3
05-21 16:46:46.908 I/dalvikvm(  568): threadid=3: reacting to signal 3
05-21 16:46:46.963 I/dalvikvm(  561): Wrote stack traces to '/data/anr/traces.txt'
05-21 16:46:46.971 I/dalvikvm(  568): Wrote stack traces to '/data/anr/traces.txt'
05-21 16:46:47.010 D/LightsService(  374): Excessive delay setting light: 102ms
05-21 16:46:47.728 I/dalvikvm(  448): Wrote stack traces to '/data/anr/traces.txt'
05-21 16:46:47.822 D/dalvikvm(  374): GC_CONCURRENT freed 2745K, 18% free 25140K/30516K, paused 3ms+17ms, total 295ms
05-21 16:46:47.822 D/dalvikvm(  374): WAIT_FOR_CONCURRENT_GC blocked 271ms
05-21 16:46:48.041 D/dalvikvm(  374): GC_EXPLICIT freed 137K, 19% free 25003K/30516K, paused 3ms+27ms, total 220ms
05-21 16:46:48.650 I/Process (  374): Sending signal. PID: 31053 SIG: 3
05-21 16:46:48.650 I/dalvikvm(31053): threadid=3: reacting to signal 3
05-21 16:46:48.861 E/ActivityManager(  374): ANR in com.pekall.emdm.launcher:remote
05-21 16:46:48.861 E/ActivityManager(  374): Reason: Broadcast of Intent { act=android.intent.action.SCREEN_OFF flg=0x50000010 }
05-21 16:46:48.861 E/ActivityManager(  374): Load: 3.33 / 2.38 / 1.75
05-21 16:46:48.861 E/ActivityManager(  374): CPU usage from 10698ms to 714ms ago:
05-21 16:46:48.861 E/ActivityManager(  374):   89% 31682/uiautomator: 54% user + 34% kernel / faults: 52 minor
05-21 16:46:48.861 E/ActivityManager(  374):   45% 31053/com.pekall.emdm.launcher: 44% user + 0.6% kernel / faults: 1892 minor
05-21 16:46:48.861 E/ActivityManager(  374):   44% 31703/com.pekall.emdm.launcher:remote: 44% user + 0% kernel / faults: 336 minor
05-21 16:46:48.861 E/ActivityManager(  374):   9.1% 448/com.android.systemui: 7.9% user + 1.2% kernel / faults: 1237 minor
05-21 16:46:48.861 E/ActivityManager(  374):   6.7% 374/system_server: 4.5% user + 2.2% kernel / faults: 1232 minor
05-21 16:46:48.861 E/ActivityManager(  374):   2.2% 124/surfaceflinger: 0.5% user + 1.7% kernel / faults: 5526 minor
05-21 16:46:48.861 E/ActivityManager(  374):   0.4% 1661/com.qihoo360.mobilesafe:GuardService: 0.3% user + 0.1% kernel / faults: 190 minor
05-21 16:46:48.861 E/ActivityManager(  374):   0.3% 31043/kworker/0:2: 0% user + 0.3% kernel
05-21 16:46:48.861 E/ActivityManager(  374):   0.2% 29569/com.qihoo.appstore: 0.2% user + 0% kernel
05-21 16:46:48.861 E/ActivityManager(  374):   0.2% 30136/kworker/u:0: 0% user + 0.2% kernel
05-21 16:46:48.861 E/ActivityManager(  374):   0.2% 30442/kworker/u:1: 0% user + 0.2% kernel
05-21 16:46:48.861 E/ActivityManager(  374):   0.1% 82/mmcqd/0: 0% user + 0.1% kernel
05-21 16:46:48.861 E/ActivityManager(  374):   0.1% 117/vold: 0% user + 0.1% kernel
05-21 16:46:48.861 E/ActivityManager(  374):   0.1% 121/netd: 0% user + 0.1% kernel
05-21 16:46:48.861 E/ActivityManager(  374):   0% 576/com.android.launcher: 0% user + 0% kernel / faults: 3 minor
05-21 16:46:48.861 E/ActivityManager(  374):   0% 603/com.google.process.gapps: 0% user + 0% kernel / faults: 8 minor 1 major
05-21 16:46:48.861 E/ActivityManager(  374):   0% 1468/com.qihoo.daemon: 0% user + 0% kernel / faults: 50 minor
05-21 16:46:48.861 E/ActivityManager(  374):   0% 28129/com.dragon.android.pandaspace: 0% user + 0% kernel / faults: 61 minor
05-21 16:46:48.861 E/ActivityManager(  374):   0% 29823/com.tencent.android.qqdownloader: 0% user + 0% kernel / faults: 39 minor
05-21 16:46:48.861 E/ActivityManager(  374):   0% 30898/com.google.android.apps.maps:GoogleLocationService: 0% user + 0% kernel / faults: 20 minor
05-21 16:46:48.861 E/ActivityManager(  374): 100% TOTAL: 79% user + 20% kernel
05-21 16:46:48.861 E/ActivityManager(  374): CPU usage from 3096ms to 3665ms later:
05-21 16:46:48.861 E/ActivityManager(  374):   79% 31703/com.pekall.emdm.launcher:remote: 79% user + 0% kernel
05-21 16:46:48.861 E/ActivityManager(  374):     79% 31716/Thread-3693: 79% user + 0% kernel
05-21 16:46:48.861 E/ActivityManager(  374):   59% 31682/uiautomator: 31% user + 27% kernel / faults: 27 minor
05-21 16:46:48.861 E/ActivityManager(  374):     57% 31682/uiautomator: 29% user + 27% kernel
05-21 16:46:48.861 E/ActivityManager(  374):     1.8% 31696/Binder_3: 0% user + 1.8% kernel
05-21 16:46:48.861 E/ActivityManager(  374):   40% 31053/com.pekall.emdm.launcher: 40% user + 0% kernel
05-21 16:46:48.861 E/ActivityManager(  374):     40% 31066/Thread-3666: 40% user + 0% kernel
05-21 16:46:48.861 E/ActivityManager(  374):   14% 374/system_server: 8.9% user + 5.3% kernel / faults: 11 minor
05-21 16:46:48.861 E/ActivityManager(  374):     5.3% 388/UI: 5.3% user + 0% kernel
05-21 16:46:48.861 E/ActivityManager(  374):     3.5% 390/ActivityManager: 0% user + 3.5% kernel
05-21 16:46:48.861 E/ActivityManager(  374):     1.7% 3489/Binder_10: 1.7% user + 0% kernel
05-21 16:46:48.861 E/ActivityManager(  374):   8.9% 448/com.android.systemui: 8.9% user + 0% kernel / faults: 23 minor
05-21 16:46:48.861 E/ActivityManager(  374):     8.9% 448/ndroid.systemui: 8.9% user + 0% kernel
05-21 16:46:48.861 E/ActivityManager(  374):   3.5% 124/surfaceflinger: 1.7% user + 1.7% kernel
05-21 16:46:48.861 E/ActivityManager(  374):     1.7% 151/SurfaceFlinger: 1.7% user + 0% kernel
05-21 16:46:48.861 E/ActivityManager(  374):   0.6% 3/ksoftirqd/0: 0% user + 0.6% kernel
05-21 16:46:48.861 E/ActivityManager(  374):   0.8% 30136/kworker/u:0: 0% user + 0.8% kernel
05-21 16:46:48.861 E/ActivityManager(  374): 100% TOTAL: 84% user + 15% kernel
05-21 16:46:48.869 W/ActivityManager(  374): Killing ProcessRecord{426d0980 31703:com.pekall.emdm.launcher:remote/u0a10066}: background ANR
05-21 16:46:48.900 D/dalvikvm(31053): JIT unchain all for threadid=11
05-21 16:46:49.056 I/dalvikvm(31053): Wrote stack traces to '/data/anr/traces.txt'
05-21 16:46:49.103 D/dalvikvm(  374): GC_FOR_ALLOC freed 1627K, 19% free 24769K/30516K, paused 169ms, total 169ms
05-21 16:46:49.103 I/ActivityManager(  374): Process com.pekall.emdm.launcher:remote (pid 31703) has died.
05-21 16:46:49.103 W/ActivityManager(  374): Scheduling restart of crashed service com.pekall.emdm.launcher/com.baidu.location.f in 5000ms
05-21 16:46:49.150 W/Parcel  ( 1661): Attempt to read object from Parcel 0x5ef3bdac at offset 200 that is not in the object list
05-21 16:46:49.158 W/Parcel  ( 1661): Attempt to read object from Parcel 0x5dfd3dac at offset 200 that is not in the object list
05-21 16:46:49.314 V/DigitalWidgetViewsFactory(29624): DigitalWidget sets next alarm string to null
05-21 16:46:49.314 V/WiseDownloadConditionControler(29823): checkCondition  type : WISE_DOWNLOAD  inerrupting: true
05-21 16:46:49.322 W/Parcel  ( 1661): Attempt to read object from Parcel 0x5dfd3dac at offset 200 that is not in the object list
05-21 16:46:49.377 W/Settings( 1661): Setting airplane_mode_on has moved from android.provider.Settings.System to android.provider.Settings.Global, returning read-only value.
05-21 16:46:49.502 D/dalvikvm( 1661): GC_CONCURRENT freed 1330K, 18% free 13099K/15888K, paused 3ms+3ms, total 110ms
05-21 16:46:54.119 D/dalvikvm(31748): Late-enabling CheckJNI
05-21 16:46:54.135 I/ActivityManager(  374): Start proc com.pekall.emdm.launcher:remote for service com.pekall.emdm.launcher/com.baidu.location.f: pid=31748 uid=10066 gids={50066, 1015, 3002, 3001, 3003, 1028}
05-21 16:46:54.221 V/MyServiceConnection(31748): [SConnection] sandbox service is NOT installed.
05-21 16:46:54.221 D/ScClassLoader(31748): >> SOURCE FILE: /data/data/com.pekall.emdm.launcher/app_jars/sc-jdk15on-1.47.0.2.dex.jar
05-21 16:46:54.221 V/MyServiceConnection(31748): [SConnection] binding service: pekall.intent.action.SANDBOX_SERVICE
05-21 16:46:54.306 D/dalvikvm(31748): GC_CONCURRENT freed 156K, 3% free 9277K/9472K, paused 3ms+2ms, total 49ms
05-21 16:46:54.306 D/dalvikvm(31748): WAIT_FOR_CONCURRENT_GC blocked 19ms
05-21 16:46:54.306 D/dalvikvm(31748): WAIT_FOR_CONCURRENT_GC blocked 28ms
05-21 16:46:54.322 W/Parcel  ( 1661): Attempt to read object from Parcel 0x6003bdac at offset 200 that is not in the object list
05-21 16:46:54.330 W/Parcel  ( 1661): Attempt to read object from Parcel 0x5ded3dac at offset 200 that is not in the object list
05-21 16:46:54.330 D/Email   (31748): Email: init sandbox at the beginning.
05-21 16:46:54.330 V/MyServiceConnection(31748): [SConnection] retry to bind service
05-21 16:46:54.330 V/MyServiceConnection(31748): [SConnection] sandbox service is NOT installed.
05-21 16:46:54.330 V/MyServiceConnection(31748): [SConnection] binding service: pekall.intent.action.SANDBOX_SERVICE
05-21 16:46:54.338 V/MyServiceConnection(31748): [SConnection] retry to bind service
05-21 16:46:54.338 V/MyServiceConnection(31748): [SConnection] sandbox service is NOT installed.
05-21 16:46:54.346 V/MyServiceConnection(31748): [SConnection] binding service: pekall.intent.action.SANDBOX_SERVICE
05-21 16:46:54.346 V/l       (31748): Bind requested for task setLogging
05-21 16:46:54.392 W/DocumentManager(31748): Sandbox service is not connected.
05-21 16:46:54.392 D/MessageControllerImpl(31748): controller is null
05-21 16:46:54.392 V/MyServiceConnection(31748): [SConnection] retry to bind service
05-21 16:46:54.400 V/MyServiceConnection(31748): [SConnection] sandbox service is NOT installed.
05-21 16:46:54.400 V/MyServiceConnection(31748): [SConnection] binding service: pekall.intent.action.SANDBOX_SERVICE
05-21 16:46:54.400 W/SQLiteOpenHelper(31748): Opened /data/data/com.pekall.emdm.launcher/databases/message.db
05-21 16:46:54.408 W/dalvikvm(31748): No implementation found for native Lcom/pekall/sandbox/database/sqlite/SQLiteDatabase;.native_setSqliteSoftHeapLimit:(I)V
05-21 16:46:54.408 D/AndroidRuntime(31748): Shutting down VM
05-21 16:46:54.408 W/dalvikvm(31748): threadid=1: thread exiting with uncaught exception (group=0x419c8700)
05-21 16:46:54.408 D/        (31748): [---null: -1---]  Thread is main
05-21 16:46:54.408 W/System.err(31748): java.lang.UnsatisfiedLinkError: Native method not found: com.pekall.sandbox.database.sqlite.SQLiteDatabase.native_setSqliteSoftHeapLimit:(I)V
05-21 16:46:54.416 W/System.err(31748): 	at com.pekall.sandbox.database.sqlite.SQLiteDatabase.native_setSqliteSoftHeapLimit(Native Method)
05-21 16:46:54.416 W/System.err(31748): 	at com.pekall.sandbox.database.sqlite.SQLiteDatabase.<init>(Unknown Source)
05-21 16:46:54.416 W/System.err(31748): 	at com.pekall.sandbox.database.sqlite.SQLiteDatabase.openDatabase(Unknown Source)
05-21 16:46:54.416 W/System.err(31748): 	at com.pekall.sandbox.database.sqlite.SQLiteDatabase.openDatabase(Unknown Source)
05-21 16:46:54.416 W/System.err(31748): 	at com.pekall.sandbox.database.sqlite.SQLiteDatabase.openDatabase(Unknown Source)
05-21 16:46:54.416 W/System.err(31748): 	at com.pekall.sandbox.database.sqlite.SQLiteOpenHelper.getWritableDatabase(Unknown Source)
05-21 16:46:54.416 W/System.err(31748): 	at com.pekall.emdm.messagecenter.db.a.a(Unknown Source)
05-21 16:46:54.416 W/System.err(31748): 	at com.pekall.emdm.messagecenter.db.a.b(Unknown Source)
05-21 16:46:54.416 W/System.err(31748): 	at com.pekall.emdm.messagecenter.activity.a.onCreate(Unknown Source)
05-21 16:46:54.416 W/System.err(31748): 	at com.pekall.emdm.launcher.LauncherApplication.onCreate(Unknown Source)
05-21 16:46:54.416 W/System.err(31748): 	at android.app.Instrumentation.callApplicationOnCreate(Instrumentation.java:1007)
05-21 16:46:54.416 W/System.err(31748): 	at android.app.ActivityThread.handleBindApplication(ActivityThread.java:4444)
05-21 16:46:54.416 W/System.err(31748): 	at android.app.ActivityThread.access$1300(ActivityThread.java:141)
05-21 16:46:54.416 W/System.err(31748): 	at android.app.ActivityThread$H.handleMessage(ActivityThread.java:1316)
05-21 16:46:54.416 W/System.err(31748): 	at android.os.Handler.dispatchMessage(Handler.java:99)
05-21 16:46:54.416 W/System.err(31748): 	at android.os.Looper.loop(Looper.java:137)
05-21 16:46:54.416 W/System.err(31748): 	at android.app.ActivityThread.main(ActivityThread.java:5103)
05-21 16:46:54.416 W/System.err(31748): 	at java.lang.reflect.Method.invokeNative(Native Method)
05-21 16:46:54.416 W/System.err(31748): 	at java.lang.reflect.Method.invoke(Method.java:525)
05-21 16:46:54.416 W/System.err(31748): 	at com.android.internal.os.ZygoteInit$MethodAndArgsCaller.run(ZygoteInit.java:737)
05-21 16:46:54.416 W/System.err(31748): 	at com.android.internal.os.ZygoteInit.main(ZygoteInit.java:553)
05-21 16:46:54.416 W/System.err(31748): 	at dalvik.system.NativeStart.main(Native Method)
05-21 16:46:54.439 D/dalvikvm(31748): GC_CONCURRENT freed 249K, 3% free 9540K/9828K, paused 10ms+2ms, total 71ms
05-21 16:46:54.439 D/dalvikvm(31748): WAIT_FOR_CONCURRENT_GC blocked 23ms
05-21 16:46:54.439 D/dalvikvm(31748): WAIT_FOR_CONCURRENT_GC blocked 22ms
05-21 16:46:54.603 D/ActivityThread(31748): Loading provider com.pekall.semail.provider;com.pekall.semail.notifier: com.pekall.semail.provider.EmailProvider
05-21 16:46:54.650 D/ActivityThread(31748): Loading provider com.pekall.semail.provider;com.pekall.semail.notifier: com.pekall.semail.provider.EmailProvider
05-21 16:46:55.017 D/dalvikvm(31748): GC_CONCURRENT freed 450K, 5% free 9482K/9976K, paused 9ms+70ms, total 119ms
05-21 16:46:55.611 W/EmailProvider(31748): restoreIfNeeded...
05-21 16:46:55.830 D/EmailProvider(31748): restoreAccounts...
05-21 16:46:58.041 D/EmailProvider(31748): No accounts to restore...
05-21 16:46:58.049 D/EmailProvider(31748): Deleting orphans...
05-21 16:46:58.431 D/EmailProvider(31748): EmailProvider pre-caching...
05-21 16:46:58.861 D/EmailProvider(31748): EmailProvider ready.
05-21 16:46:59.135 W/ActivityManager(  374): Unable to start service Intent { cmp=com.pekall.emdm.launcher/com.pekall.semail.service.AttachmentDownloadService } U=0: not found
05-21 16:46:59.221 I/Email   (31748): Notifications being toggled: false
05-21 16:47:02.955 W/MountService(  374): getVolumeState(/storage/emulated/0/external_sd): Unknown volume
05-21 16:47:02.978 W/MountService(  374): getVolumeState(/mnt/sdcard-ext): Unknown volume
05-21 16:47:02.978 W/MountService(  374): getVolumeState(/mnt/ext_sdcard): Unknown volume
05-21 16:47:02.986 W/MountService(  374): getVolumeState(/mnt/sdcard2): Unknown volume
05-21 16:47:02.994 W/MountService(  374): getVolumeState(/mnt/emmc): Unknown volume
05-21 16:47:03.002 W/MountService(  374): getVolumeState(/mnt/extSdCard): Unknown volume
05-21 16:47:03.017 W/MountService(  374): getVolumeState(/mnt/sdcard/SD_CARD): Unknown volume
05-21 16:47:03.017 W/MountService(  374): getVolumeState(/mnt/sdcard/extra_sd): Unknown volume
05-21 16:47:03.033 W/MountService(  374): getVolumeState(/mnt/extrasd_bind): Unknown volume
05-21 16:47:03.033 W/MountService(  374): getVolumeState(/mnt/sdcard/ext_sd): Unknown volume
05-21 16:47:03.049 W/MountService(  374): getVolumeState(/storage/extSdCard): Unknown volume
05-21 16:47:03.056 W/MountService(  374): getVolumeState(/storage/sdcard1): Unknown volume
05-21 16:47:03.166 W/MountService(  374): getVolumeState(/mnt/sdcard/external_SD): Unknown volume
05-21 16:47:03.236 W/MountService(  374): getVolumeState(/mnt/sdcard/external_sd): Unknown volume
05-21 16:47:03.510 D/LightsService(  374): Excessive delay setting light: 234ms
05-21 16:47:03.900 D/LightsService(  374): Excessive delay setting light: 390ms
05-21 16:47:04.306 D/LightsService(  374): Excessive delay setting light: 403ms
05-21 16:47:04.439 D/dalvikvm( 1468): GC_CONCURRENT freed 507K, 21% free 9823K/12308K, paused 636ms+405ms, total 2013ms
05-21 16:47:04.439 D/dalvikvm( 1468): WAIT_FOR_CONCURRENT_GC blocked 1261ms
05-21 16:47:04.439 D/dalvikvm( 1468): WAIT_FOR_CONCURRENT_GC blocked 1191ms
05-21 16:47:04.697 D/MDM :   (31053): [null:-1]->Location timeout, set latitude and longitude -1
05-21 16:47:04.783 D/CommandManager(31053): [null:-1]->requestType: Location
05-21 16:47:09.213 I/PowerManagerService(  374): Going to sleep due to screen timeout...
05-21 16:47:10.135 D/MdmDatabaseHelper(31053): [null:-1]->update command 0c9530f2-0e90-45cb-a8d0-3bf28aac2c51 to commandStatus <?xml version="1.0" encoding="UTF-8"?>
05-21 16:47:10.135 D/MdmDatabaseHelper(31053): <!DOCTYPE plist PUBLIC "-//Apple//DTD PLIST 1.0//EN" "http://www.apple.com/DTDs/PropertyList-1.0.dtd">
05-21 16:47:10.135 D/MdmDatabaseHelper(31053): <plist version="1.0">
05-21 16:47:10.135 D/MdmDatabaseHelper(31053): <dict>
05-21 16:47:10.135 D/MdmDatabaseHelper(31053): 	<key>Latitude</key>
05-21 16:47:10.135 D/MdmDatabaseHelper(31053): 	<real>-1.0</real>
05-21 16:47:10.135 D/MdmDatabaseHelper(31053): 	<key>Longitude</key>
05-21 16:47:10.135 D/MdmDatabaseHelper(31053): 	<real>-1.0</real>
05-21 16:47:10.135 D/MdmDatabaseHelper(31053): 	<key>CommandUUID</key>
05-21 16:47:10.135 D/MdmDatabaseHelper(31053): 	<string>0c9530f2-0e90-45cb-a8d0-3bf28aac2c51</string>
05-21 16:47:10.135 D/MdmDatabaseHelper(31053): 	<key>Status</key>
05-21 16:47:10.135 D/MdmDatabaseHelper(31053): 	<string>Error</string>
05-21 16:47:10.135 D/MdmDatabaseHelper(31053): 	<key>UDID</key>
05-21 16:47:10.135 D/MdmDatabaseHelper(31053): 	<string>00013fbc8ecec5b9000001461df0ec23</string>
05-21 16:47:10.135 D/MdmDatabaseHelper(31053): </dict>
05-21 16:47:10.135 D/MdmDatabaseHelper(31053): </plist>
05-21 16:47:10.471 W/Parcel  ( 1661): Attempt to read object from Parcel 0x6013bdac at offset 200 that is not in the object list
05-21 16:47:10.728 V/WiseDownloadConditionControler(29823): checkCondition  type : TODAY_LAUNCHED_USER  inerrupting: false
05-21 16:47:10.728 W/Parcel  ( 1661): Attempt to read object from Parcel 0x5ded3dac at offset 200 that is not in the object list
05-21 16:47:10.744 V/MDM :   (31053): [null:-1]->Screen receiver is called.
05-21 16:47:10.744 W/Parcel  ( 1661): Attempt to read object from Parcel 0x6013bdac at offset 200 that is not in the object list
05-21 16:47:10.814 V/KeyguardHostView(  374): hide transport, gen:1
05-21 16:47:10.814 V/KeyguardHostView(  374): music state changed: 0
05-21 16:47:10.822 D/dalvikvm( 1468): GC_CONCURRENT freed 515K, 21% free 9819K/12308K, paused 5ms+7ms, total 328ms
05-21 16:47:10.822 D/dalvikvm( 1468): WAIT_FOR_CONCURRENT_GC blocked 67ms
05-21 16:47:10.822 D/dalvikvm( 1468): WAIT_FOR_CONCURRENT_GC blocked 60ms
05-21 16:47:10.822 D/dalvikvm( 1468): WAIT_FOR_CONCURRENT_GC blocked 60ms
05-21 16:47:10.846 W/MountService(  374): getVolumeState(/storage/emulated/0/external_sd): Unknown volume
05-21 16:47:10.846 W/MountService(  374): getVolumeState(/mnt/sdcard-ext): Unknown volume
05-21 16:47:10.853 W/MountService(  374): getVolumeState(/mnt/ext_sdcard): Unknown volume
05-21 16:47:10.853 W/MountService(  374): getVolumeState(/mnt/sdcard2): Unknown volume
05-21 16:47:10.853 W/MountService(  374): getVolumeState(/mnt/emmc): Unknown volume
05-21 16:47:10.853 W/MountService(  374): getVolumeState(/mnt/extSdCard): Unknown volume
05-21 16:47:10.853 W/MountService(  374): getVolumeState(/mnt/sdcard/SD_CARD): Unknown volume
05-21 16:47:10.853 W/MountService(  374): getVolumeState(/mnt/sdcard/extra_sd): Unknown volume
05-21 16:47:10.853 W/MountService(  374): getVolumeState(/mnt/extrasd_bind): Unknown volume
05-21 16:47:10.853 W/MountService(  374): getVolumeState(/mnt/sdcard/ext_sd): Unknown volume
05-21 16:47:10.861 W/MountService(  374): getVolumeState(/storage/extSdCard): Unknown volume
05-21 16:47:10.861 W/MountService(  374): getVolumeState(/storage/sdcard1): Unknown volume
05-21 16:47:10.861 W/MountService(  374): getVolumeState(/mnt/sdcard/external_SD): Unknown volume
05-21 16:47:10.861 W/MountService(  374): getVolumeState(/mnt/sdcard/external_sd): Unknown volume
05-21 16:47:10.877 D/PhoneStatusBar(  448): disable: < expand icons alerts ticker system_info BACK* HOME* RECENT CLOCK* SEARCH >
05-21 16:47:10.885 I/PowerManagerService(  374): Waking up from sleep...
05-21 16:47:10.900 D/LightsService(  374): Excessive delay setting light: 300ms
05-21 16:47:10.900 D/SurfaceFlinger(  124): Screen released, type=0 flinger=0x40e95478
05-21 16:47:11.127 I/TransInfo(31053): TransInfo created, id: 3, class: class com.pekall.emdm.transaction.c.b
05-21 16:47:11.142 D/NetworkThread(31053): [null:-1]->----isRunning-----true
05-21 16:47:11.142 D/NetworkThread(31053): [null:-1]->----isRunning-----true
05-21 16:47:11.142 D/NetworkThread(31053): [null:-1]->thread wakeup
05-21 16:47:11.142 D/NetworkThread(31053): [null:-1]->sendHttpPost:PostRequest, url: http://192.168.10.21/rest/mdm/v1/ios/android_server, Params: [content:<?xml version="1.0" encoding="UTF-8"?>
05-21 16:47:11.142 D/NetworkThread(31053): <!DOCTYPE plist PUBLIC "-//Apple//DTD PLIST 1.0//EN" "http://www.apple.com/DTDs/PropertyList-1.0.dtd">
05-21 16:47:11.142 D/NetworkThread(31053): <plist version="1.0">
05-21 16:47:11.142 D/NetworkThread(31053): <dict>
05-21 16:47:11.142 D/NetworkThread(31053): 	<key>Latitude</key>
05-21 16:47:11.142 D/NetworkThread(31053): 	<real>-1.0</real>
05-21 16:47:11.142 D/NetworkThread(31053): 	<key>Longitude</key>
05-21 16:47:11.142 D/NetworkThread(31053): 	<real>-1.0</real>
05-21 16:47:11.142 D/NetworkThread(31053): 	<key>CommandUUID</key>
05-21 16:47:11.142 D/NetworkThread(31053): 	<string>0c9530f2-0e90-45cb-a8d0-3bf28aac2c51</string>
05-21 16:47:11.142 D/NetworkThread(31053): 	<key>Status</key>
05-21 16:47:11.142 D/NetworkThread(31053): 	<string>Error</string>
05-21 16:47:11.142 D/NetworkThread(31053): 	<key>UDID</key>
05-21 16:47:11.142 D/NetworkThread(31053): 	<string>00013fbc8ecec5b9000001461df0ec23</string>
05-21 16:47:11.142 D/NetworkThread(31053): </dict>
05-21 16:47:11.142 D/NetworkThread(31053): </plist>], 
05-21 16:47:11.142 D/HttpClient(31053): enable apache.http debug
05-21 16:47:11.166 V/DEBUG   (31053): HTTP 0
05-21 16:47:11.416 D/PowerManagerService-JNI(  374): Excessive delay in autosuspend_disable() while turning screen on: 486ms
05-21 16:47:11.416 D/SurfaceFlinger(  124): Screen acquired, type=0 flinger=0x40e95478
05-21 16:47:11.455 D/MDM :   (31053): [null:-1]->statusCode : 200
05-21 16:47:11.463 D/MDM :   (31053): [null:-1]->statusCode : 200
05-21 16:47:11.463 V/DEBUG   (31053): HTTP 1
05-21 16:47:11.463 D/MDM :   (31053): [null:-1]->Get joson string: 
05-21 16:47:11.471 V/PanelView(  448): animationTick called with dtms=0; nothing to do (h=0.0 v=4000.0)
05-21 16:47:11.478 D/MdmDatabaseHelper(31053): [null:-1]->update command 0c9530f2-0e90-45cb-a8d0-3bf28aac2c51 to status executed
05-21 16:47:11.525 D/NetworkThread(31053): [null:-1]->clear mCurrentTransInfo
05-21 16:47:11.525 D/NetworkThread(31053): [null:-1]->queue is empty, thread wait...
05-21 16:47:11.572 D/MdmService(31053): [null:-1]->handleCheckInResult
05-21 16:47:11.572 D/MdmService(31053): [null:-1]->handleCheckInResult result keyIndex: 3
05-21 16:47:11.572 D/HandleCommandTask(31053): [null:-1]->execute command msg but beanBase is null
05-21 16:47:11.603 D/MdmStatusManager(31053): [null:-1]->change status to : Idle
05-21 16:47:11.674 D/SizeAdaptiveLayout(  448): com.android.internal.widget.SizeAdaptiveLayout{4251b278 V.E..... ......I. 0,0-720,128 #7f070058 app:id/adaptive}child view android.widget.RelativeLayout{42914428 V.E..... ......I. 0,0-720,122} measured out of bounds at 122px clamped to 128px
05-21 16:47:11.892 D/SizeAdaptiveLayout(  448): com.android.internal.widget.SizeAdaptiveLayout{4251b278 V.E..... ......I. 0,0-720,128 #7f070058 app:id/adaptive}child view android.widget.RelativeLayout{42914428 V.E..... ......I. 0,0-720,122} measured out of bounds at 122px clamped to 128px
05-21 16:47:11.978 D/PhoneStatusBar(  448): disable: < expand icons alerts ticker system_info back* home* RECENT clock* SEARCH >
05-21 16:47:12.103 D/SizeAdaptiveLayout(  448): com.android.internal.widget.SizeAdaptiveLayout{4251b278 V.E..... ......I. 0,0-720,128 #7f070058 app:id/adaptive}child view android.widget.RelativeLayout{42914428 V.E..... ......I. 0,0-720,122} measured out of bounds at 122px clamped to 128px
05-21 16:47:13.346 D/dalvikvm( 1468): GC_CONCURRENT freed 447K, 21% free 9813K/12308K, paused 731ms+326ms, total 2219ms
05-21 16:47:14.181 I/Process (  374): Sending signal. PID: 31748 SIG: 3
05-21 16:47:14.181 I/dalvikvm(31748): threadid=3: reacting to signal 3
05-21 16:47:14.181 W/ActivityManager(  374): Timeout executing service: ServiceRecord{42d942e0 u0 com.pekall.emdm.launcher/com.baidu.location.f}
05-21 16:47:14.385 I/Process (  374): Sending signal. PID: 374 SIG: 3
05-21 16:47:14.385 I/dalvikvm(  374): threadid=3: reacting to signal 3
05-21 16:47:14.431 D/dalvikvm(31748): JIT unchain all for threadid=11
05-21 16:47:14.627 I/dalvikvm(31748): Wrote stack traces to '/data/anr/traces.txt'
05-21 16:47:17.549 I/Process (  374): Sending signal. PID: 448 SIG: 3
05-21 16:47:17.549 I/dalvikvm(  448): threadid=3: reacting to signal 3
05-21 16:47:17.556 I/Process (  374): Sending signal. PID: 561 SIG: 3
05-21 16:47:17.556 I/dalvikvm(  561): threadid=3: reacting to signal 3
05-21 16:47:17.556 I/dalvikvm(  374): Wrote stack traces to '/data/anr/traces.txt'
05-21 16:47:17.556 I/Process (  374): Sending signal. PID: 568 SIG: 3
05-21 16:47:17.556 I/dalvikvm(  568): threadid=3: reacting to signal 3
05-21 16:47:17.580 I/dalvikvm(  568): Wrote stack traces to '/data/anr/traces.txt'
05-21 16:47:17.619 I/dalvikvm(  561): Wrote stack traces to '/data/anr/traces.txt'
05-21 16:47:17.666 V/a       (31053): Wait for reconcileAccounts finished in 45101ms
05-21 16:47:17.822 D/ExchangeService(31053): !!! EAS ExchangeService, stopping self
05-21 16:47:18.181 D/dalvikvm(  374): GC_EXPLICIT freed 2489K, 17% free 25431K/30388K, paused 3ms+32ms, total 125ms
05-21 16:47:18.189 I/dalvikvm(  448): Wrote stack traces to '/data/anr/traces.txt'
05-21 16:47:18.783 I/Process (  374): Sending signal. PID: 31053 SIG: 3
05-21 16:47:18.783 I/dalvikvm(31053): threadid=3: reacting to signal 3
05-21 16:47:19.017 E/ActivityManager(  374): ANR in com.pekall.emdm.launcher:remote
05-21 16:47:19.017 E/ActivityManager(  374): Reason: Executing service com.pekall.emdm.launcher/com.baidu.location.f
05-21 16:47:19.017 E/ActivityManager(  374): Load: 4.3 / 2.7 / 1.88
05-21 16:47:19.017 E/ActivityManager(  374): CPU usage from 3294ms to -4802ms ago:
05-21 16:47:19.017 E/ActivityManager(  374):   56% 31682/uiautomator: 34% user + 22% kernel / faults: 101 minor
05-21 16:47:19.017 E/ActivityManager(  374):   56% 31053/com.pekall.emdm.launcher: 56% user + 0.4% kernel / faults: 618 minor
05-21 16:47:19.017 E/ActivityManager(  374):   56% 31748/zygote: 55% user + 0.2% kernel / faults: 120 minor
05-21 16:47:19.017 E/ActivityManager(  374):   17% 374/system_server: 15% user + 2.1% kernel / faults: 741 minor
05-21 16:47:19.017 E/ActivityManager(  374):   9.1% 448/com.android.systemui: 8.2% user + 0.8% kernel / faults: 313 minor
05-21 16:47:19.017 E/ActivityManager(  374):   0.8% 124/surfaceflinger: 0.4% user + 0.3% kernel / faults: 1842 minor
05-21 16:47:19.017 E/ActivityManager(  374):   0.6% 1468/com.qihoo.daemon: 0.2% user + 0.3% kernel / faults: 100 minor
05-21 16:47:19.017 E/ActivityManager(  374):   0.1% 561/com.android.phone: 0.1% user + 0% kernel / faults: 58 minor
05-21 16:47:19.017 E/ActivityManager(  374):   0.1% 568/com.android.nfc: 0.1% user + 0% kernel / faults: 53 minor
05-21 16:47:19.017 E/ActivityManager(  374):   0.2% 30919/kworker/u:2: 0% user + 0.2% kernel
05-21 16:47:19.017 E/ActivityManager(  374):   0% 57/irq/159-temp_se: 0% user + 0% kernel
05-21 16:47:19.017 E/ActivityManager(  374):   0% 82/mmcqd/0: 0% user + 0% kernel
05-21 16:47:19.017 E/ActivityManager(  374):   0% 92/dhd_dpc: 0% user + 0% kernel
05-21 16:47:19.017 E/ActivityManager(  374):   0.1% 135/adbd: 0.1% user + 0% kernel
05-21 16:47:19.017 E/ActivityManager(  374):   0% 1615/logcat: 0% user + 0% kernel / faults: 1 minor
05-21 16:47:19.017 E/ActivityManager(  374):   0.1% 1661/com.qihoo360.mobilesafe:GuardService: 0.1% user + 0% kernel / faults: 4 minor
05-21 16:47:19.017 E/ActivityManager(  374):   0% 29624/com.google.android.deskclock: 0% user + 0% kernel / faults: 23 minor
05-21 16:47:19.017 E/ActivityManager(  374):   0% 31584/logcat: 0% user + 0% kernel / faults: 1 minor
05-21 16:47:19.017 E/ActivityManager(  374):  +0% 31786/kworker/u:3: 0% user + 0% kernel
05-21 16:47:19.017 E/ActivityManager(  374): 99% TOTAL: 86% user + 13% kernel
05-21 16:47:19.017 E/ActivityManager(  374): CPU usage from 3998ms to 4561ms later:
05-21 16:47:19.017 E/ActivityManager(  374):   79% 31053/com.pekall.emdm.launcher: 79% user + 0% kernel
05-21 16:47:19.017 E/ActivityManager(  374):     79% 31066/Thread-3666: 79% user + 0% kernel
05-21 16:47:19.017 E/ActivityManager(  374):   48% 31748/com.pekall.emdm.launcher:remote: 48% user + 0% kernel
05-21 16:47:19.017 E/ActivityManager(  374):     50% 31761/Thread-3696: 50% user + 0% kernel
05-21 16:47:19.017 E/ActivityManager(  374):   33% 31682/uiautomator: 19% user + 13% kernel / faults: 84 minor
05-21 16:47:19.017 E/ActivityManager(  374):     30% 31682/uiautomator: 18% user + 12% kernel
05-21 16:47:19.017 E/ActivityManager(  374):     1.3% 31691/Binder_2: 1.3% user + 0% kernel
05-21 16:47:19.017 E/ActivityManager(  374):   18% 448/com.android.systemui: 16% user + 1.8% kernel / faults: 77 minor
05-21 16:47:19.017 E/ActivityManager(  374):     18% 448/ndroid.systemui: 18% user + 0% kernel
05-21 16:47:19.017 E/ActivityManager(  374):   3.6% 374/system_server: 1.8% user + 1.8% kernel / faults: 2 minor
05-21 16:47:19.017 E/ActivityManager(  374):     1.8% 390/ActivityManager: 1.8% user + 0% kernel
05-21 16:47:19.017 E/ActivityManager(  374): 100% TOTAL: 90% user + 9% kernel
05-21 16:47:19.025 W/ActivityManager(  374): Killing ProcessRecord{426a3ed0 31748:com.pekall.emdm.launcher:remote/u0a10066}: background ANR
05-21 16:47:19.033 D/dalvikvm(31053): JIT unchain all for threadid=11
05-21 16:47:19.166 I/dalvikvm(31053): Wrote stack traces to '/data/anr/traces.txt'
05-21 16:47:19.221 D/dalvikvm(  374): GC_FOR_ALLOC freed 1783K, 18% free 24992K/30388K, paused 174ms, total 174ms
05-21 16:47:19.221 D/ExchangeService(31053): !!! EAS ExchangeService, onDestroy
05-21 16:47:19.221 I/ActivityManager(  374): Process com.pekall.emdm.launcher:remote (pid 31748) has died.
05-21 16:47:19.221 W/ActivityManager(  374): Scheduling restart of crashed service com.pekall.emdm.launcher/com.baidu.location.f in 20000ms
05-21 16:47:19.236 I/WindowManager(  374): Lock screen displayed!
05-21 16:47:19.471 W/Parcel  ( 1661): Attempt to read object from Parcel 0x6003bdac at offset 200 that is not in the object list
05-21 16:47:19.478 W/Parcel  ( 1661): Attempt to read object from Parcel 0x5ded3dac at offset 200 that is not in the object list
05-21 16:47:19.627 W/Settings( 1661): Setting airplane_mode_on has moved from android.provider.Settings.System to android.provider.Settings.Global, returning read-only value.
05-21 16:47:19.635 V/DigitalWidgetViewsFactory(29624): DigitalWidget sets next alarm string to null
05-21 16:47:19.642 V/WiseDownloadConditionControler(29823): checkCondition  type : WISE_DOWNLOAD  inerrupting: true
05-21 16:47:19.642 W/Parcel  ( 1661): Attempt to read object from Parcel 0x5ded3dac at offset 200 that is not in the object list
05-21 16:47:19.736 D/LightsService(  374): Excessive delay setting light: 324ms
05-21 16:47:34.963 D/LightsService(  374): Excessive delay setting light: 62ms
05-21 16:47:35.119 D/LightsService(  374): Excessive delay setting light: 84ms
05-21 16:47:35.221 D/LightsService(  374): Excessive delay setting light: 82ms
05-21 16:47:35.408 D/LightsService(  374): Excessive delay setting light: 100ms
05-21 16:47:37.416 D/dalvikvm(  448): GC_CONCURRENT freed 1820K, 15% free 13568K/15944K, paused 1ms+5ms, total 89ms
05-21 16:47:38.080 D/dalvikvm( 1661): GC_EXPLICIT freed 1183K, 18% free 13111K/15888K, paused 2ms+4ms, total 101ms
05-21 16:47:39.236 D/dalvikvm(31801): Late-enabling CheckJNI
05-21 16:47:39.252 I/ActivityManager(  374): Start proc com.pekall.emdm.launcher:remote for service com.pekall.emdm.launcher/com.baidu.location.f: pid=31801 uid=10066 gids={50066, 1015, 3002, 3001, 3003, 1028}
05-21 16:47:39.338 V/MyServiceConnection(31801): [SConnection] sandbox service is NOT installed.
05-21 16:47:39.338 V/MyServiceConnection(31801): [SConnection] binding service: pekall.intent.action.SANDBOX_SERVICE
05-21 16:47:39.346 D/ScClassLoader(31801): >> SOURCE FILE: /data/data/com.pekall.emdm.launcher/app_jars/sc-jdk15on-1.47.0.2.dex.jar
05-21 16:47:39.439 D/dalvikvm(31801): GC_CONCURRENT freed 159K, 3% free 9274K/9472K, paused 15ms+2ms, total 62ms
05-21 16:47:39.439 D/dalvikvm(31801): WAIT_FOR_CONCURRENT_GC blocked 28ms
05-21 16:47:39.439 W/Parcel  ( 1661): Attempt to read object from Parcel 0x5ded3dac at offset 200 that is not in the object list
05-21 16:47:39.447 W/Parcel  ( 1661): Attempt to read object from Parcel 0x6013bdac at offset 200 that is not in the object list
05-21 16:47:39.447 D/Email   (31801): Email: init sandbox at the beginning.
05-21 16:47:39.447 V/MyServiceConnection(31801): [SConnection] retry to bind service
05-21 16:47:39.447 V/MyServiceConnection(31801): [SConnection] sandbox service is NOT installed.
05-21 16:47:39.447 V/MyServiceConnection(31801): [SConnection] binding service: pekall.intent.action.SANDBOX_SERVICE
05-21 16:47:39.463 V/MyServiceConnection(31801): [SConnection] retry to bind service
05-21 16:47:39.463 V/MyServiceConnection(31801): [SConnection] sandbox service is NOT installed.
05-21 16:47:39.463 V/MyServiceConnection(31801): [SConnection] binding service: pekall.intent.action.SANDBOX_SERVICE
05-21 16:47:39.471 V/l       (31801): Bind requested for task setLogging
05-21 16:47:39.611 D/dalvikvm(31801): GC_CONCURRENT freed 205K, 3% free 9584K/9828K, paused 3ms+19ms, total 66ms
05-21 16:47:39.611 D/dalvikvm(31801): WAIT_FOR_CONCURRENT_GC blocked 26ms
05-21 16:47:39.611 D/dalvikvm(31801): WAIT_FOR_CONCURRENT_GC blocked 27ms
05-21 16:47:39.611 D/dalvikvm(31801): WAIT_FOR_CONCURRENT_GC blocked 26ms
05-21 16:47:39.611 D/dalvikvm(31801): WAIT_FOR_CONCURRENT_GC blocked 2ms
05-21 16:47:39.666 D/ExchangeService(31053): !!! EAS ExchangeService, onCreate
05-21 16:47:39.713 W/DocumentManager(31801): Sandbox service is not connected.
05-21 16:47:39.713 D/MessageControllerImpl(31801): controller is null
05-21 16:47:39.713 V/MyServiceConnection(31801): [SConnection] retry to bind service
05-21 16:47:39.713 V/MyServiceConnection(31801): [SConnection] sandbox service is NOT installed.
05-21 16:47:39.713 V/MyServiceConnection(31801): [SConnection] binding service: pekall.intent.action.SANDBOX_SERVICE
05-21 16:47:39.721 W/SQLiteOpenHelper(31801): Opened /data/data/com.pekall.emdm.launcher/databases/message.db
05-21 16:47:39.721 W/dalvikvm(31801): No implementation found for native Lcom/pekall/sandbox/database/sqlite/SQLiteDatabase;.native_setSqliteSoftHeapLimit:(I)V
05-21 16:47:39.721 D/AndroidRuntime(31801): Shutting down VM
05-21 16:47:39.721 W/dalvikvm(31801): threadid=1: thread exiting with uncaught exception (group=0x419c8700)
05-21 16:47:39.721 D/        (31801): [---null: -1---]  Thread is main
05-21 16:47:39.728 W/System.err(31801): java.lang.UnsatisfiedLinkError: Native method not found: com.pekall.sandbox.database.sqlite.SQLiteDatabase.native_setSqliteSoftHeapLimit:(I)V
05-21 16:47:39.728 W/System.err(31801): 	at com.pekall.sandbox.database.sqlite.SQLiteDatabase.native_setSqliteSoftHeapLimit(Native Method)
05-21 16:47:39.728 W/System.err(31801): 	at com.pekall.sandbox.database.sqlite.SQLiteDatabase.<init>(Unknown Source)
05-21 16:47:39.728 W/System.err(31801): 	at com.pekall.sandbox.database.sqlite.SQLiteDatabase.openDatabase(Unknown Source)
05-21 16:47:39.728 W/System.err(31801): 	at com.pekall.sandbox.database.sqlite.SQLiteDatabase.openDatabase(Unknown Source)
05-21 16:47:39.736 W/System.err(31801): 	at com.pekall.sandbox.database.sqlite.SQLiteDatabase.openDatabase(Unknown Source)
05-21 16:47:39.736 W/System.err(31801): 	at com.pekall.sandbox.database.sqlite.SQLiteOpenHelper.getWritableDatabase(Unknown Source)
05-21 16:47:39.736 W/System.err(31801): 	at com.pekall.emdm.messagecenter.db.a.a(Unknown Source)
05-21 16:47:39.736 W/System.err(31801): 	at com.pekall.emdm.messagecenter.db.a.b(Unknown Source)
05-21 16:47:39.736 W/System.err(31801): 	at com.pekall.emdm.messagecenter.activity.a.onCreate(Unknown Source)
05-21 16:47:39.736 W/System.err(31801): 	at com.pekall.emdm.launcher.LauncherApplication.onCreate(Unknown Source)
05-21 16:47:39.736 W/System.err(31801): 	at android.app.Instrumentation.callApplicationOnCreate(Instrumentation.java:1007)
05-21 16:47:39.736 W/System.err(31801): 	at android.app.ActivityThread.handleBindApplication(ActivityThread.java:4444)
05-21 16:47:39.736 W/System.err(31801): 	at android.app.ActivityThread.access$1300(ActivityThread.java:141)
05-21 16:47:39.736 W/System.err(31801): 	at android.app.ActivityThread$H.handleMessage(ActivityThread.java:1316)
05-21 16:47:39.736 W/System.err(31801): 	at android.os.Handler.dispatchMessage(Handler.java:99)
05-21 16:47:39.736 W/System.err(31801): 	at android.os.Looper.loop(Looper.java:137)
05-21 16:47:39.736 W/System.err(31801): 	at android.app.ActivityThread.main(ActivityThread.java:5103)
05-21 16:47:39.736 W/System.err(31801): 	at java.lang.reflect.Method.invokeNative(Native Method)
05-21 16:47:39.744 W/System.err(31801): 	at java.lang.reflect.Method.invoke(Method.java:525)
05-21 16:47:39.744 W/System.err(31801): 	at com.android.internal.os.ZygoteInit$MethodAndArgsCaller.run(ZygoteInit.java:737)
05-21 16:47:39.744 W/System.err(31801): 	at com.android.internal.os.ZygoteInit.main(ZygoteInit.java:553)
05-21 16:47:39.744 W/System.err(31801): 	at dalvik.system.NativeStart.main(Native Method)
05-21 16:47:39.846 W/Parcel  ( 1661): Attempt to read object from Parcel 0x5ec3bdac at offset 200 that is not in the object list
05-21 16:47:39.846 D/ExchangeService(31053): !!! EAS ExchangeService, onStartCommand, startingUp = false, running = false
05-21 16:47:39.846 D/ExchangeService(31053): to start secureStorageService now
05-21 16:47:39.877 V/a       (31053): Bind requested for task test
05-21 16:47:39.939 V/a       (31053): Connected: com.pekall.semail.service.AccountServiceInternal
05-21 16:47:39.947 V/a       (31053): Connection test succeeded in 72ms
05-21 16:47:39.955 V/a       (31053): Task test completed; disconnecting
05-21 16:47:40.299 D/ExchangeService(31053): Reconciling accounts...
05-21 16:47:40.306 D/ActivityThread(31801): Loading provider com.pekall.semail.provider;com.pekall.semail.notifier: com.pekall.semail.provider.EmailProvider
05-21 16:47:40.330 V/a       (31053): Bind requested for task reconcileAccounts
05-21 16:47:40.705 V/a       (31053): Connected: com.pekall.semail.service.AccountServiceInternal
05-21 16:47:40.775 D/ActivityThread(31801): Loading provider com.pekall.semail.provider;com.pekall.semail.notifier: com.pekall.semail.provider.EmailProvider
05-21 16:47:40.799 V/a       (31053): Task reconcileAccounts completed; disconnecting
05-21 16:47:40.799 V/a       (31053): Waiting for task reconcileAccounts to complete...
05-21 16:47:40.822 I/ActivityManager(  374): Process android.process.acore (pid 30624) has died.
05-21 16:47:40.846 D/dalvikvm(31801): GC_CONCURRENT freed 492K, 6% free 9479K/10012K, paused 2ms+3ms, total 36ms
05-21 16:47:40.885 I/PowerManagerService(  374): Going to sleep due to screen timeout...
05-21 16:47:41.135 W/EmailProvider(31801): restoreIfNeeded...
05-21 16:47:41.142 D/EmailProvider(31801): restoreAccounts...
05-21 16:47:41.494 D/EmailProvider(31801): No accounts to restore...
05-21 16:47:41.533 D/EmailProvider(31801): Deleting orphans...
05-21 16:47:41.689 W/Parcel  ( 1661): Attempt to read object from Parcel 0x5ded3dac at offset 200 that is not in the object list
05-21 16:47:41.744 D/LightsService(  374): Excessive delay setting light: 132ms
05-21 16:47:41.775 D/SurfaceFlinger(  124): Screen released, type=0 flinger=0x40e95478
05-21 16:47:41.799 V/WiseDownloadConditionControler(29823): checkCondition  type : TODAY_LAUNCHED_USER  inerrupting: false
05-21 16:47:41.806 W/Parcel  ( 1661): Attempt to read object from Parcel 0x6003bdac at offset 200 that is not in the object list
05-21 16:47:41.814 V/MDM :   (31053): [null:-1]->Screen receiver is called.
05-21 16:47:41.822 W/Parcel  ( 1661): Attempt to read object from Parcel 0x5ded3dac at offset 200 that is not in the object list
05-21 16:47:41.885 V/KeyguardHostView(  374): hide transport, gen:1
05-21 16:47:41.885 V/KeyguardHostView(  374): music state changed: 0
05-21 16:47:41.939 D/EmailProvider(31801): EmailProvider pre-caching...
05-21 16:47:42.072 D/SurfaceControl(  374): Excessive delay in blankDisplay() while turning screen off: 296ms
05-21 16:47:42.197 D/PhoneStatusBar(  448): disable: < expand icons alerts ticker system_info BACK* HOME* RECENT CLOCK* SEARCH >
05-21 16:47:42.252 D/PowerManagerService-JNI(  374): Excessive delay in autosuspend_enable() while turning screen off: 122ms
05-21 16:47:42.830 D/EmailProvider(31801): EmailProvider ready.
05-21 16:47:43.283 D/dalvikvm( 1661): GC_EXPLICIT freed 439K, 18% free 13052K/15888K, paused 3ms+5ms, total 195ms
05-21 16:47:43.377 W/ActivityManager(  374): Unable to start service Intent { cmp=com.pekall.emdm.launcher/com.pekall.semail.service.AttachmentDownloadService } U=0: not found
05-21 16:47:43.385 I/Email   (31801): Notifications being toggled: false
05-21 16:47:45.830 I/PowerManagerService(  374): Waking up from sleep...
05-21 16:47:46.189 D/PowerManagerService-JNI(  374): Excessive delay in autosuspend_disable() while turning screen on: 353ms
05-21 16:47:46.189 D/SurfaceFlinger(  124): Screen acquired, type=0 flinger=0x40e95478
05-21 16:47:46.330 V/PanelView(  448): animationTick called with dtms=0; nothing to do (h=0.0 v=4000.0)
05-21 16:47:46.447 D/SizeAdaptiveLayout(  448): com.android.internal.widget.SizeAdaptiveLayout{4251b278 V.E..... ......I. 0,0-720,128 #7f070058 app:id/adaptive}child view android.widget.RelativeLayout{42914428 V.E..... ......I. 0,0-720,122} measured out of bounds at 122px clamped to 128px
05-21 16:47:46.752 D/SizeAdaptiveLayout(  448): com.android.internal.widget.SizeAdaptiveLayout{4251b278 V.E..... ......I. 0,0-720,128 #7f070058 app:id/adaptive}child view android.widget.RelativeLayout{42914428 V.E..... ......I. 0,0-720,122} measured out of bounds at 122px clamped to 128px
05-21 16:47:46.885 D/PhoneStatusBar(  448): disable: < expand icons alerts ticker system_info back* home* RECENT clock* SEARCH >
05-21 16:47:47.002 D/SizeAdaptiveLayout(  448): com.android.internal.widget.SizeAdaptiveLayout{4251b278 V.E..... ......I. 0,0-720,128 #7f070058 app:id/adaptive}child view android.widget.RelativeLayout{42914428 V.E..... ......I. 0,0-720,122} measured out of bounds at 122px clamped to 128px
05-21 16:47:51.822 W/BroadcastQueue(  374): Timeout of broadcast BroadcastRecord{42f39f80 u-1 android.intent.action.SCREEN_OFF} - receiver=android.os.BinderProxy@42a329a8, started 10000ms ago
05-21 16:47:51.822 W/BroadcastQueue(  374): Receiver during timeout: BroadcastFilter{4283f178 u0 ReceiverList{42847cd8 31801 com.pekall.emdm.launcher:remote/10066/u0 remote:42a329a8}}
05-21 16:47:51.853 I/WindowManager(  374): Lock screen displayed!
05-21 16:47:51.931 I/Process (  374): Sending signal. PID: 31801 SIG: 3
05-21 16:47:51.939 I/dalvikvm(31801): threadid=3: reacting to signal 3
05-21 16:47:52.119 D/LightsService(  374): Excessive delay setting light: 125ms
05-21 16:47:52.142 I/Process (  374): Sending signal. PID: 374 SIG: 3
05-21 16:47:52.142 I/dalvikvm(  374): threadid=3: reacting to signal 3
05-21 16:47:52.189 D/dalvikvm(31801): JIT unchain all for threadid=11
05-21 16:47:52.306 I/dalvikvm(31801): Wrote stack traces to '/data/anr/traces.txt'
05-21 16:47:53.275 D/dalvikvm( 1661): GC_EXPLICIT freed 19K, 18% free 13033K/15888K, paused 3ms+16ms, total 186ms
05-21 16:47:57.010 I/dalvikvm(  374): Wrote stack traces to '/data/anr/traces.txt'
05-21 16:47:57.033 I/Process (  374): Sending signal. PID: 448 SIG: 3
05-21 16:47:57.033 I/dalvikvm(  448): threadid=3: reacting to signal 3
05-21 16:47:57.033 I/Process (  374): Sending signal. PID: 561 SIG: 3
05-21 16:47:57.033 I/dalvikvm(  561): threadid=3: reacting to signal 3
05-21 16:47:57.041 I/Process (  374): Sending signal. PID: 568 SIG: 3
05-21 16:47:57.041 I/dalvikvm(  568): threadid=3: reacting to signal 3
05-21 16:47:57.049 I/Choreographer(  374): Skipped 297 frames!  The application may be doing too much work on its main thread.
05-21 16:47:57.236 I/dalvikvm(  568): Wrote stack traces to '/data/anr/traces.txt'
