05-21 16:41:07.744 D/NetworkThread(31053): [null:-1]->sendHttpPost:PostRequest, url: http://192.168.10.21/rest/mdm/v1/device/register_device, Params: [device_uuid:00013fbc8ecec5b9000001461df0ec23][os:51201][device_type:50701][dv_id:10435][sn:][mac:20:64:32:7a:19:48][imei:351554059027897], 
05-21 16:41:07.744 D/HttpClient(31053): enable apache.http debug
05-21 16:41:07.752 V/DEBUG   (31053): HTTP 0
05-21 16:41:08.431 D/dalvikvm(30972): GC_CONCURRENT freed 391K, 93% free 643K/8192K, paused 1ms+2ms, total 7ms
05-21 16:41:08.494 D/MDM :   (31053): [null:-1]->statusCode : 200
05-21 16:41:08.494 D/MDM :   (31053): [null:-1]->statusCode : 200
05-21 16:41:08.494 V/DEBUG   (31053): HTTP 1
05-21 16:41:08.494 D/MDM :   (31053): [null:-1]->read network input stream
05-21 16:41:08.494 D/MDM :   (31053): [null:-1]->Get joson string: {"result":0,"loginInfo":{"mdmPushServerInfoVo":{"id":0,"port":9090,"count":123,"ip":"test.mdm.everknow.cn","pushToken":"123456"},"profileUrl":null}}
05-21 16:41:08.549 W/Parcel  ( 1661): Attempt to read object from Parcel 0x5ef3bdac at offset 200 that is not in the object list
05-21 16:41:08.549 D/NetworkThread(31053): [null:-1]->clear mCurrentTransInfo
05-21 16:41:08.549 D/NetworkThread(31053): [null:-1]->queue is empty, thread wait...
05-21 16:41:08.556 D/MdmService(31053): [null:-1]->receiver action :com.pekall.mdm.action.MDM_REGISTERED
05-21 16:41:08.556 D/MdmService(31053): [null:-1]->correctAlarm
05-21 16:41:08.564 I/TransInfo(31053): TransInfo created, id: 5, class: class com.pekall.emdm.transaction.c.j
05-21 16:41:08.564 D/NetworkThread(31053): [null:-1]->----isRunning-----true
05-21 16:41:08.564 D/NetworkThread(31053): [null:-1]->----isRunning-----true
05-21 16:41:08.564 D/NetworkThread(31053): [null:-1]->thread wakeup
05-21 16:41:08.564 D/NetworkThread(31053): [null:-1]->sendHttpGet: http://192.168.10.21/rest/mdm/v1/device/trigger_cmd?device_uuid=00013fbc8ecec5b9000001461df0ec23&cmd_types=10103
05-21 16:41:08.564 D/HttpClient(31053): enable apache.http debug
05-21 16:41:08.572 D/MdmService(31053): [null:-1]->keepAliveWithPushServer  client is null 
05-21 16:41:08.572 D/MdmService(31053): [null:-1]->pushUrl : ws://test.mdm.everknow.cn:9090/websocket
05-21 16:41:08.572 D/MDM :   (31053): [null:-1]->mMdmPushClient is :null
05-21 16:41:08.572 D/MDM :   (31053): [null:-1]->mMdmPushClient opened :not opened
05-21 16:41:08.580 V/DEBUG   (31053): HTTP 0
05-21 16:41:08.588 D/MDM :   (31053): [null:-1]->mMdmPushClient connect
05-21 16:41:08.588 D/MdmStatusManager(31053): [null:-1]->change status to : Busy
05-21 16:41:08.588 W/SQLiteOpenHelper(31053): Opened /data/data/com.pekall.emdm.launcher/databases/pekall_mdm.db
05-21 16:41:08.658 I/TransInfo(31053): TransInfo created, id: 3, class: class com.pekall.emdm.transaction.c.b
05-21 16:41:08.658 D/NetworkThread(31053): [null:-1]->----isRunning-----true
05-21 16:41:08.658 I/TransInfo(31053): TransInfo created, id: 9, class: class com.pekall.emdm.transaction.c.c
05-21 16:41:08.658 D/MdmService(31053): [null:-1]->keepAliveWithPushServer client is opened:false
05-21 16:41:08.658 D/MdmService(31053): [null:-1]->pushUrl : ws://test.mdm.everknow.cn:9090/websocket
05-21 16:41:08.666 D/MDM :   (31053): [null:-1]->mMdmPushClient is :not null
05-21 16:41:08.666 D/MDM :   (31053): [null:-1]->mMdmPushClient opened :not opened
05-21 16:41:08.666 D/MDM :   (31053): [null:-1]->mMdmPushClient connect
05-21 16:41:08.666 D/MdmService(31053): [null:-1]->MdmStatusManager is busy , wait......
05-21 16:41:08.666 I/TransInfo(31053): TransInfo created, id: 9, class: class com.pekall.emdm.transaction.c.c
05-21 16:41:08.674 D/MDM :   (31053): [null:-1]->handleMessage
05-21 16:41:08.689 W/Parcel  ( 1661): Attempt to read object from Parcel 0x6003bdac at offset 200 that is not in the object list
05-21 16:41:08.689 I/ActivityManager(  374): START u0 {flg=0x8000 cmp=com.pekall.emdm.launcher/.Launcher} from pid 31053
05-21 16:41:08.814 D/dalvikvm(  374): GC_FOR_ALLOC freed 2064K, 21% free 23901K/30168K, paused 79ms, total 81ms
05-21 16:41:08.838 W/WindowManager(  374): Token{43022fa0 ActivityRecord{42d358c0 u0 com.pekall.emdm.launcher/.Launcher}} failed creating starting window
05-21 16:41:08.838 W/WindowManager(  374): android.view.InflateException: Binary XML file line #34: Error inflating class <unknown>
05-21 16:41:08.838 W/WindowManager(  374): 	at android.view.LayoutInflater.createView(LayoutInflater.java:620)
05-21 16:41:08.838 W/WindowManager(  374): 	at com.android.internal.policy.impl.PhoneLayoutInflater.onCreateView(PhoneLayoutInflater.java:56)
05-21 16:41:08.838 W/WindowManager(  374): 	at android.view.LayoutInflater.onCreateView(LayoutInflater.java:669)
05-21 16:41:08.838 W/WindowManager(  374): 	at android.view.LayoutInflater.createViewFromTag(LayoutInflater.java:694)
05-21 16:41:08.838 W/WindowManager(  374): 	at android.view.LayoutInflater.rInflate(LayoutInflater.java:755)
05-21 16:41:08.838 W/WindowManager(  374): 	at android.view.LayoutInflater.inflate(LayoutInflater.java:492)
05-21 16:41:08.838 W/WindowManager(  374): 	at android.view.LayoutInflater.inflate(LayoutInflater.java:397)
05-21 16:41:08.838 W/WindowManager(  374): 	at android.view.LayoutInflater.inflate(LayoutInflater.java:353)
05-21 16:41:08.838 W/WindowManager(  374): 	at com.android.internal.policy.impl.PhoneWindow.generateLayout(PhoneWindow.java:2823)
05-21 16:41:08.838 W/WindowManager(  374): 	at com.android.internal.policy.impl.PhoneWindow.installDecor(PhoneWindow.java:2886)
05-21 16:41:08.838 W/WindowManager(  374): 	at com.android.internal.policy.impl.PhoneWindow.getDecorView(PhoneWindow.java:1581)
05-21 16:41:08.838 W/WindowManager(  374): 	at com.android.internal.policy.impl.PhoneWindowManager.addStartingWindow(PhoneWindowManager.java:1618)
05-21 16:41:08.838 W/WindowManager(  374): 	at com.android.server.wm.WindowManagerService$H.handleMessage(WindowManagerService.java:6908)
05-21 16:41:08.838 W/WindowManager(  374): 	at android.os.Handler.dispatchMessage(Handler.java:99)
05-21 16:41:08.838 W/WindowManager(  374): 	at android.os.Looper.loop(Looper.java:137)
05-21 16:41:08.838 W/WindowManager(  374): 	at android.os.HandlerThread.run(HandlerThread.java:61)
05-21 16:41:08.838 W/WindowManager(  374): Caused by: java.lang.reflect.InvocationTargetException
05-21 16:41:08.838 W/WindowManager(  374): 	at java.lang.reflect.Constructor.constructNative(Native Method)
05-21 16:41:08.838 W/WindowManager(  374): 	at java.lang.reflect.Constructor.newInstance(Constructor.java:417)
05-21 16:41:08.838 W/WindowManager(  374): 	at android.view.LayoutInflater.createView(LayoutInflater.java:594)
05-21 16:41:08.838 W/WindowManager(  374): 	... 15 more
05-21 16:41:08.838 W/WindowManager(  374): Caused by: android.content.res.Resources$NotFoundException: Resource is not a Drawable (color or path): TypedValue{t=0x2/d=0x1010059 a=-1}
05-21 16:41:08.838 W/WindowManager(  374): 	at android.content.res.Resources.loadDrawable(Resources.java:2063)
05-21 16:41:08.838 W/WindowManager(  374): 	at android.content.res.TypedArray.getDrawable(TypedArray.java:601)
05-21 16:41:08.838 W/WindowManager(  374): 	at android.widget.FrameLayout.<init>(FrameLayout.java:109)
05-21 16:41:08.838 W/WindowManager(  374): 	at android.widget.FrameLayout.<init>(FrameLayout.java:97)
05-21 16:41:08.838 W/WindowManager(  374): 	... 18 more
05-21 16:41:08.846 D/ProfileManager(31053): [null:-1]->check policy checking :false
05-21 16:41:08.846 D/ProfileManager(31053): [null:-1]->check policy checking :false
05-21 16:41:08.846 E/QueryController(30972): Got null root node from accessibility - Retrying...
05-21 16:41:08.853 D/MDM :   (31053): [null:-1]->MSG_WEBSOCKET_OPEN
05-21 16:41:08.853 D/MDM :   (31053): [null:-1]->MSG_WEBSOCKET_OPEN
05-21 16:41:08.853 D/LauncherApplication(31053): [null:-1]->onActivityPaused
05-21 16:41:08.877 D/HomeLoaders(31053): aborting loaders
05-21 16:41:09.096 E/QueryController(30972): Got null root node from accessibility - Retrying...
05-21 16:41:09.127 D/dalvikvm(31053): JIT unchain all for threadid=11
05-21 16:41:09.150 D/PushMessageManager(31053): [null:-1]->add sent message : {"params":{"device":"00013fbc8ecec5b9000001461df0ec23","token":"123456"},"id":0,"command":0,"reason":0,"result":0,"type":0}
05-21 16:41:09.181 D/PushMessageManager(31053): [null:-1]->add sent message : {"params":{"device":"00013fbc8ecec5b9000001461df0ec23","token":"123456"},"id":0,"command":0,"reason":0,"result":0,"type":0}
05-21 16:41:09.346 E/QueryController(30972): Got null root node from accessibility - Retrying...
05-21 16:41:09.447 D/dalvikvm(31053): JIT unchain all for threadid=11
05-21 16:41:09.478 D/dalvikvm(31053): GC_EXPLICIT freed 6639K, 34% free 23227K/35180K, paused 257ms+268ms, total 603ms
05-21 16:41:09.486 D/MDM :   (31053): [null:-1]->statusCode : 200
05-21 16:41:09.486 D/MDM :   (31053): [null:-1]->statusCode : 200
05-21 16:41:09.486 V/DEBUG   (31053): HTTP 1
05-21 16:41:09.494 D/MDM :   (31053): [null:-1]->read network input stream
05-21 16:41:09.494 D/MDM :   (31053): [null:-1]->Get joson string: {"result":0}
05-21 16:41:09.510 D/NetworkThread(31053): [null:-1]->clear mCurrentTransInfo
05-21 16:41:09.525 D/NetworkThread(31053): [null:-1]->sendHttpPost:PostRequest, url: http://192.168.10.21/rest/mdm/v1/ios/android_server, Params: [content:<?xml version="1.0" encoding="UTF-8"?>
05-21 16:41:09.525 D/NetworkThread(31053): <!DOCTYPE plist PUBLIC "-//Apple//DTD PLIST 1.0//EN" "http://www.apple.com/DTDs/PropertyList-1.0.dtd">
05-21 16:41:09.525 D/NetworkThread(31053): <plist version="1.0">
05-21 16:41:09.525 D/NetworkThread(31053): <dict>
05-21 16:41:09.525 D/NetworkThread(31053): 	<key>Status</key>
05-21 16:41:09.525 D/NetworkThread(31053): 	<string>Idle</string>
05-21 16:41:09.525 D/NetworkThread(31053): 	<key>UDID</key>
05-21 16:41:09.525 D/NetworkThread(31053): 	<string>00013fbc8ecec5b9000001461df0ec23</string>
05-21 16:41:09.525 D/NetworkThread(31053): </dict>
05-21 16:41:09.525 D/NetworkThread(31053): </plist>], 
05-21 16:41:09.525 D/HttpClient(31053): enable apache.http debug
05-21 16:41:09.533 V/DEBUG   (31053): HTTP 0
05-21 16:41:09.556 D/MDM :   (31053): [null:-1]->width 104
05-21 16:41:09.564 D/MDM :   (31053): [null:-1]->height 104
05-21 16:41:09.564 D/MDM :   (31053): [null:-1]->scale 0.5
05-21 16:41:09.564 D/MDM :   (31053): [null:-1]->tint false
05-21 16:41:09.564 D/MDM :   (31053): [null:-1]->width 104
05-21 16:41:09.572 D/MDM :   (31053): [null:-1]->height 104
05-21 16:41:09.572 D/MDM :   (31053): [null:-1]->scale 0.5
05-21 16:41:09.580 D/MDM :   (31053): [null:-1]->tint false
05-21 16:41:09.588 D/MDM :   (31053): [null:-1]->icon instanceof BitmapDrawable
05-21 16:41:09.588 D/MDM :   (31053): [null:-1]->  iconWidth 87
05-21 16:41:09.588 D/MDM :   (31053): [null:-1]->  iconHeight 87
05-21 16:41:09.588 D/MDM :   (31053): [null:-1]->  107 87
05-21 16:41:09.588 D/MDM :   (31053): [null:-1]->width 104
05-21 16:41:09.588 D/MDM :   (31053): [null:-1]->height 104
05-21 16:41:09.588 D/MDM :   (31053): [null:-1]->scale 1.0
05-21 16:41:09.588 D/MDM :   (31053): [null:-1]->tint false
05-21 16:41:09.588 D/MDM :   (31053): [null:-1]->width 104
05-21 16:41:09.588 D/MDM :   (31053): [null:-1]->height 104
05-21 16:41:09.588 D/MDM :   (31053): [null:-1]->scale 1.0
05-21 16:41:09.588 D/MDM :   (31053): [null:-1]->tint false
05-21 16:41:09.596 D/MDM :   (31053): [null:-1]->icon instanceof BitmapDrawable
05-21 16:41:09.596 D/MDM :   (31053): [null:-1]->  iconWidth 87
05-21 16:41:09.596 D/MDM :   (31053): [null:-1]->  iconHeight 87
05-21 16:41:09.596 D/MDM :   (31053): [null:-1]->  107 87
05-21 16:41:09.596 D/MDM :   (31053): [null:-1]->width 104
05-21 16:41:09.596 E/QueryController(30972): Cannot proceed when root node is null. Aborted search
05-21 16:41:09.596 D/MDM :   (31053): [null:-1]->height 104
05-21 16:41:09.596 D/MDM :   (31053): [null:-1]->scale 1.0
05-21 16:41:09.596 E/QueryController(30972): Got null root node from accessibility - Retrying...
05-21 16:41:09.603 D/MDM :   (31053): [null:-1]->tint false
05-21 16:41:09.603 D/MDM :   (31053): [null:-1]->width 104
05-21 16:41:09.603 D/MDM :   (31053): [null:-1]->height 104
05-21 16:41:09.603 D/MDM :   (31053): [null:-1]->scale 1.0
05-21 16:41:09.603 D/MDM :   (31053): [null:-1]->tint false
05-21 16:41:09.603 D/MDM :   (31053): [null:-1]->icon instanceof BitmapDrawable
05-21 16:41:09.603 D/MDM :   (31053): [null:-1]->  iconWidth 87
05-21 16:41:09.603 D/MDM :   (31053): [null:-1]->  iconHeight 87
05-21 16:41:09.603 D/MDM :   (31053): [null:-1]->  107 87
05-21 16:41:09.603 D/MDM :   (31053): [null:-1]->width 104
05-21 16:41:09.611 D/MDM :   (31053): [null:-1]->height 104
05-21 16:41:09.611 D/MDM :   (31053): [null:-1]->scale 1.0
05-21 16:41:09.611 D/MDM :   (31053): [null:-1]->tint false
05-21 16:41:09.853 E/QueryController(30972): Got null root node from accessibility - Retrying...
05-21 16:41:09.861 D/dalvikvm(31053): JIT unchain all for threadid=11
05-21 16:41:09.900 D/dalvikvm(31053): GC_FOR_ALLOC freed 4850K, 43% free 20118K/35180K, paused 284ms, total 287ms
05-21 16:41:09.916 D/MDM :   (31053): [null:-1]->statusCode : 200
05-21 16:41:09.916 D/MDM :   (31053): [null:-1]->statusCode : 200
05-21 16:41:09.916 V/DEBUG   (31053): HTTP 1
05-21 16:41:10.103 E/QueryController(30972): Got null root node from accessibility - Retrying...
05-21 16:41:10.205 D/dalvikvm(31053): JIT unchain all for threadid=11
05-21 16:41:10.228 D/MDM :   (31053): [null:-1]->read network input stream
05-21 16:41:10.228 D/MDM :   (31053): [null:-1]->read network input stream
05-21 16:41:10.236 V/Launcher(31053): isLauncherDf = true
05-21 16:41:10.236 V/Launcher(31053): isPhoneDf = true
05-21 16:41:10.236 D/        (31053): [---null: -1---]  ScreenWidth  720
05-21 16:41:10.236 D/        (31053): [---null: -1---]  ScreenHeight  1184
05-21 16:41:10.252 D/HomeLoaders(31053): load applications
05-21 16:41:10.252 D/HomeLoaders(31053):   --> applications loaded, return
05-21 16:41:10.252 D/HomeLoaders(31053): loading user items in Thread[main,5,main]
05-21 16:41:10.252 D/HomeLoaders(31053):   --> items loaded, return
05-21 16:41:10.252 D/HomeLoaders(31053):   --> loading from cache: 11, 0
05-21 16:41:10.252 D/Launcher(31053): ------> binding 11 items
05-21 16:41:10.252 D/Launcher(31053): ------> binding 0 widgets
05-21 16:41:10.252 D/Launcher(31053): ------> start binding items
05-21 16:41:10.353 E/QueryController(30972): Cannot proceed when root node is null. Aborted search
05-21 16:41:10.353 E/QueryController(30972): Got null root node from accessibility - Retrying...
05-21 16:41:10.517 D/dalvikvm(31053): JIT unchain all for threadid=11
05-21 16:41:10.533 D/dalvikvm(31053): GC_CONCURRENT freed 426K, 34% free 23450K/35180K, paused 267ms+264ms, total 582ms
05-21 16:41:10.533 D/dalvikvm(31053): WAIT_FOR_CONCURRENT_GC blocked 279ms
05-21 16:41:10.533 W/Parcel  ( 1661): Attempt to read object from Parcel 0x5ded3dac at offset 200 that is not in the object list
05-21 16:41:10.533 D/dalvikvm(31053): WAIT_FOR_CONCURRENT_GC blocked 280ms
05-21 16:41:10.541 D/MDM :   (31053): [null:-1]->Get joson string: <?xml version="1.0" encoding="UTF-8"?>
05-21 16:41:10.541 D/MDM :   (31053): <!DOCTYPE plist PUBLIC "-//Apple//DTD PLIST 1.0//EN" "http://www.apple.com/DTDs/PropertyList-1.0.dtd">
05-21 16:41:10.541 D/MDM :   (31053): <plist version="1.0">
05-21 16:41:10.541 D/MDM :   (31053): <dict>
05-21 16:41:10.541 D/MDM :   (31053): 	<key>CommandUUID</key>
05-21 16:41:10.541 D/MDM :   (31053): 	<string>309e213f-b0f7-4677-8fb5-317cdeef3c72</string>
05-21 16:41:10.541 D/MDM :   (31053): 	<key>Command</key>
05-21 16:41:10.541 D/MDM :   (31053): 	<dict>
05-21 16:41:10.541 D/MDM :   (31053): 		<key>Queries</key>
05-21 16:41:10.541 D/MDM :   (31053): 		<array>
05-21 16:41:10.541 D/MDM :   (31053): 			<string>UDID</string>
05-21 16:41:10.541 D/MDM :   (31053): 			<string>DeviceName</string>
05-21 16:41:10.541 D/MDM :   (31053): 			<string>OSVersion</string>
05-21 16:41:10.541 D/MDM :   (31053): 			<string>BuildVersion</string>
05-21 16:41:10.541 D/MDM :   (31053): 			<string>ModelName</string>
05-21 16:41:10.541 D/MDM :   (31053): 			<string>Model</string>
05-21 16:41:10.541 D/MDM :   (31053): 			<string>ProductName</string>
05-21 16:41:10.541 D/MDM :   (31053): 			<string>SerialNumber</string>
05-21 16:41:10.541 D/MDM :   (31053): 			<string>DeviceCapacity</string>
05-21 16:41:10.541 D/MDM :   (31053): 			<string>AvailableDeviceCapacity</string>
05-21 16:41:10.541 D/MDM :   (31053): 			<string>BatteryLevel</string>
05-21 16:41:10.541 D/MDM :   (31053): 			<string>CellularTechnology</string>
05-21 16:41:10.541 D/MDM :   (31053): 			<string>IMEI</string>
05-21 16:41:10.541 D/MDM :   (31053): 			<string>MEID</string>
05-21 16:41:10.541 D/MDM :   (31053): 			<string>ModemFirmwareVersion</string>
05-21 16:41:10.541 D/MDM :   (31053): 			<string>ICCID</string>
05-21 16:41:10.541 D/MDM :   (31053): 			<string>BluetoothMAC</string>
05-21 16:41:10.541 D/MDM :   (31053): 			<string>WiFiMAC</string>
05-21 16:41:10.541 D/MDM :   (31053): 			<string>EthernetMAC</string>
05-21 16:41:10.541 D/MDM :   (31053): 			<string>CurrentCarrierNetwork</string>
05-21 16:41:10.541 D/MDM :   (31053): 			<string>SIMCarrierNetwork</string>
05-21 16:41:10.541 D/MDM :   (31053): 			<string>SubscriberCarrierNetwork</string>
05-21 16:41:10.541 D/MDM :   (31053): 			<string>CarrierSettingsVersion</string>
05-21 16:41:10.541 D/MDM :   (31053): 			<string>PhoneNumber</string>
05-21 16:41:10.541 D/MDM :   (31053): 			<string>VoiceRoamingEnabled</string>
05-21 16:41:10.541 D/MDM :   (31053): 			<string>DataRoamingEnabled</string>
05-21 16:41:10.541 D/MDM :   (31053): 			<string>IsRoaming</string>
05-21 16:41:10.541 D/MDM :   (31053): 			<string>SubscriberMCC</string>
05-21 16:41:10.541 D/MDM :   (31053): 			<string>SubscriberMNC</string>
05-21 16:41:10.541 D/MDM :   (31053): 			<string>SIMMCC</string>
05-21 16:41:10.541 D/MDM :   (31053): 			<string>SIMMNC</string>
05-21 16:41:10.541 D/MDM :   (31053): 			<string>CurrentMCC</string>
05-21 16:41:10.541 D/MDM :   (31053): 			<string>CurrentMNC</string>
05-21 16:41:10.541 D/MDM :   (31053): 		</array>
05-21 16:41:10.541 D/MDM :   (31053): 		<key>RequestType</key>
05-21 16:41:10.541 D/MDM :   (31053): 		<string>DeviceInformation</string>
05-21 16:41:10.541 D/MDM :   (31053): 	</dict>
05-21 16:41:10.541 D/MDM :   (31053): </dict>
05-21 16:41:10.541 D/MDM :   (31053): </plist>
05-21 16:41:10.541 W/Parcel  ( 1661): Attempt to read object from Parcel 0x5ec3bdac at offset 200 that is not in the object list
05-21 16:41:10.541 D/Email   (31053): Email: init sandbox at the beginning.
05-21 16:41:10.541 V/l       (31053): Bind requested for task setLogging
05-21 16:41:10.556 W/SQLiteOpenHelper(31053): Opened /data/data/com.pekall.emdm.launcher/databases/sandbox.db
05-21 16:41:10.588 W/ActivityManager(  374): Unable to start service Intent { cmp=com.pekall.emdm.launcher/com.pekall.semail.service.AttachmentDownloadService } U=0: not found
05-21 16:41:10.596 I/Email   (31053): Notifications being toggled: false
05-21 16:41:10.596 D/CheckInTransInfo(31053): [null:-1]->CommandMsg : CommandMsg{CommandUUID='309e213f-b0f7-4677-8fb5-317cdeef3c72', Command=CommandObject{RequestType='DeviceInformation'}}
05-21 16:41:10.603 E/QueryController(30972): Got null root node from accessibility - Retrying...
05-21 16:41:10.611 W/Parcel  ( 1661): Attempt to read object from Parcel 0x5dfd3dac at offset 200 that is not in the object list
05-21 16:41:10.619 W/Parcel  ( 1661): Attempt to read object from Parcel 0x6013bdac at offset 200 that is not in the object list
05-21 16:41:10.619 V/LauncherApplication(31053): onActivityStarted
05-21 16:41:10.619 D/        (31053): [---null: -1---]     awsa  onActivityResumed
05-21 16:41:10.619 V/LauncherApplication(31053): 2MdmConstant.LAST_LAUNCH_TIME = 1400661635453
05-21 16:41:10.627 D/        (31053): [---null: -1---]  activity = com.pekall.emdm.launcher.Launcher
05-21 16:41:10.627 V/DefultSetContriller(31053): isLauncherDf = com.pekall.emdm.launcher
05-21 16:41:10.635 V/DefultSetContriller(31053): isLauncherDf = com.pekall.emdm.launcher
05-21 16:41:10.635 V/DefultSetContriller(31053): isPhoneDf = com.pekall.emdm.launcher
05-21 16:41:10.635 E/LauncherApplication(31053): isShowLogoutUI = true
05-21 16:41:10.635 E/LauncherApplication(31053): LogoutShowTime 1
05-21 16:41:10.635 V/Launcher(31053): onResume1111111 
05-21 16:41:10.635 V/Launcher(31053): is login ----> 
05-21 16:41:10.635 I/System.out(31053):  
05-21 16:41:10.635 D/NetworkThread(31053): [null:-1]->clear mCurrentTransInfo
05-21 16:41:10.635 I/System.out(31053): com.pekall.emdm.launcher.Workspace.setWallpaper(Unknown Source)
05-21 16:41:10.635 D/NetworkThread(31053): [null:-1]->sendHttpPost:PostRequest, url: http://192.168.10.21/rest/mdm/v1/system/check_mdm_app, Params: [version:71][os:51201][pkg_name:com.pekall.emdm.launcher], 
05-21 16:41:10.635 D/HttpClient(31053): enable apache.http debug
05-21 16:41:10.635 I/System.out(31053): com.pekall.emdm.launcher.Launcher.onResume(Unknown Source)
05-21 16:41:10.635 I/System.out(31053): android.app.Instrumentation.callActivityOnResume(Instrumentation.java:1192)
05-21 16:41:10.635 I/System.out(31053): android.app.Activity.performResume(Activity.java:5211)
05-21 16:41:10.635 I/System.out(31053): android.app.ActivityThread.performResumeActivity(ActivityThread.java:2780)
05-21 16:41:10.635 I/System.out(31053): android.app.ActivityThread.handleResumeActivity(ActivityThread.java:2819)
05-21 16:41:10.635 I/System.out(31053): android.app.ActivityThread.handleLaunchActivity(ActivityThread.java:2266)
05-21 16:41:10.642 I/System.out(31053): android.app.ActivityThread.access$600(ActivityThread.java:141)
05-21 16:41:10.642 I/System.out(31053): android.app.ActivityThread$H.handleMessage(ActivityThread.java:1256)
05-21 16:41:10.642 I/System.out(31053): android.os.Handler.dispatchMessage(Handler.java:99)
05-21 16:41:10.642 I/System.out(31053): android.os.Looper.loop(Looper.java:137)
05-21 16:41:10.642 I/System.out(31053): android.app.ActivityThread.main(ActivityThread.java:5103)
05-21 16:41:10.642 I/System.out(31053): java.lang.reflect.Method.invokeNative(Native Method)
05-21 16:41:10.642 I/System.out(31053): java.lang.reflect.Method.invoke(Method.java:525)
05-21 16:41:10.642 I/System.out(31053): com.android.internal.os.ZygoteInit$MethodAndArgsCaller.run(ZygoteInit.java:737)
05-21 16:41:10.642 I/System.out(31053): com.android.internal.os.ZygoteInit.main(ZygoteInit.java:553)
05-21 16:41:10.642 I/System.out(31053): dalvik.system.NativeStart.main(Native Method)
05-21 16:41:10.650 V/DEBUG   (31053): HTTP 0
05-21 16:41:10.767 D/MDM :   (31053): [null:-1]->MSG_WEBSOCKET_MESSAGE : {"id":0,"type":1,"command":0,"result":0,"reason":0}
05-21 16:41:10.775 D/MdmService(31053): [null:-1]->push message type :1
05-21 16:41:10.775 D/PushMessageManager(31053): [null:-1]->remove sent message : 0
05-21 16:41:10.783 D/PushMessageManager(31053): [null:-1]->sent message :{"params":{"device":"00013fbc8ecec5b9000001461df0ec23","token":"123456"},"id":0,"command":0,"reason":0,"result":0,"type":0}
05-21 16:41:10.783 D/PushMessageManager(31053): [null:-1]->has message : 0
05-21 16:41:10.783 D/PushMessageManager(31053): [null:-1]->sSentMessage not empty : 1
05-21 16:41:10.783 D/MDM :   (31053): [null:-1]->MSG_WEBSOCKET_MESSAGE : {"id":1355984431,"type":0,"command":0,"result":0,"reason":0,"params":{"device":"00013fbc8ecec5b9000001461df0ec23","message":"{\"cmd\":\"10119\"}"}}
05-21 16:41:10.791 D/MdmService(31053): [null:-1]->push message type :0
05-21 16:41:10.791 D/MdmService(31053): [null:-1]->cmdMessage : {"cmd":"10119"}
05-21 16:41:10.791 D/MdmService(31053): [null:-1]->command : PushCommandMsg{cmd='10119', msg='null'}
05-21 16:41:10.791 D/MdmService(31053): [null:-1]->MdmStatusManager is busy , wait......
05-21 16:41:10.791 D/MDM :   (31053): [null:-1]->MSG_WEBSOCKET_MESSAGE : {"id":931799282,"type":0,"command":0,"result":0,"reason":0,"params":{"device":"00013fbc8ecec5b9000001461df0ec23","message":"{\"cmd\":\"10119\"}"}}
05-21 16:41:10.799 D/MdmService(31053): [null:-1]->push message type :0
05-21 16:41:10.799 D/MdmService(31053): [null:-1]->cmdMessage : {"cmd":"10119"}
05-21 16:41:10.799 D/MdmService(31053): [null:-1]->command : PushCommandMsg{cmd='10119', msg='null'}
05-21 16:41:10.799 D/MdmService(31053): [null:-1]->MdmStatusManager is busy , wait......
05-21 16:41:10.799 D/MDM :   (31053): [null:-1]->MSG_WEBSOCKET_MESSAGE : {"id":799472499,"type":0,"command":0,"result":0,"reason":0,"params":{"device":"00013fbc8ecec5b9000001461df0ec23","message":"{\"cmd\":\"10119\"}"}}
05-21 16:41:10.806 D/MDM :   (31053): [null:-1]->statusCode : 200
05-21 16:41:10.806 D/MDM :   (31053): [null:-1]->statusCode : 200
05-21 16:41:10.806 V/DEBUG   (31053): HTTP 1
05-21 16:41:10.814 D/MDM :   (31053): [null:-1]->read network input stream
05-21 16:41:10.814 D/MdmService(31053): [null:-1]->push message type :0
05-21 16:41:10.814 D/MdmService(31053): [null:-1]->cmdMessage : {"cmd":"10119"}
05-21 16:41:10.814 D/MdmService(31053): [null:-1]->command : PushCommandMsg{cmd='10119', msg='null'}
05-21 16:41:10.814 D/MdmService(31053): [null:-1]->MdmStatusManager is busy , wait......
05-21 16:41:10.822 D/MDM :   (31053): [null:-1]->MSG_WEBSOCKET_MESSAGE : {"id":1970101961,"type":0,"command":0,"result":0,"reason":0,"params":{"msgId":"08684187-f24f-4547-9ce2-048752b0e8d6,08684187f24f45479ce2048752b0e8d6","device":"00013fbc8ecec5b9000001461df0ec23","message":"{\"cmd\":\"10119\"}"}}
05-21 16:41:10.822 D/MDM :   (31053): [null:-1]->Get joson string: {"result":0,"mdmClientInfos":{"id":25,"type":51107,"url":"https://test.mdm.everknow.cn/resources/api/v1/download/guest?uuid=410feb2d41504c8c61704d2ef61a","pkgName":"com.pekall.emdm.launcher","platform":51201,"comId":1,"appVersionCode":72,"appVersionName":"BYOD_2.1.0424","appAuthor":null,"appIcon":null,"appName":"Pekall enterprise mobile office","appSize":null,"minSdk":null,"updateTime":1398754856000,"forceUpdate":0,"updateInfo":null,"new":false}}
05-21 16:41:10.830 D/MdmService(31053): [null:-1]->push message type :0
05-21 16:41:10.830 D/MdmService(31053): [null:-1]->cmdMessage : {"cmd":"10119"}
05-21 16:41:10.830 D/MdmService(31053): [null:-1]->command : PushCommandMsg{cmd='10119', msg='null'}
05-21 16:41:10.830 D/MdmService(31053): [null:-1]->MdmStatusManager is busy , wait......
05-21 16:41:10.838 D/NetworkThread(31053): [null:-1]->clear mCurrentTransInfo
05-21 16:41:10.838 D/NetworkThread(31053): [null:-1]->queue is empty, thread wait...
05-21 16:41:10.838 D/MDM :   (31053): [null:-1]->MSG_WEBSOCKET_MESSAGE : {"id":0,"type":1,"command":0,"result":0,"reason":0}
05-21 16:41:10.838 D/MdmService(31053): [null:-1]->push message type :1
05-21 16:41:10.838 D/PushMessageManager(31053): [null:-1]->remove sent message : 0
05-21 16:41:10.846 D/PushMessageManager(31053): [null:-1]->sent message :{"params":{"device":"00013fbc8ecec5b9000001461df0ec23","token":"123456"},"id":0,"command":0,"reason":0,"result":0,"type":0}
05-21 16:41:10.846 D/PushMessageManager(31053): [null:-1]->has message : 0
05-21 16:41:10.846 D/MDM :   (31053): [null:-1]->MSG_WEBSOCKET_MESSAGE : {"id":1355984431,"type":0,"command":0,"result":0,"reason":0,"params":{"device":"00013fbc8ecec5b9000001461df0ec23","message":"{\"cmd\":\"10119\"}"}}
05-21 16:41:10.846 D/MdmService(31053): [null:-1]->push message type :0
05-21 16:41:10.846 D/MdmService(31053): [null:-1]->cmdMessage : {"cmd":"10119"}
05-21 16:41:10.846 D/MdmService(31053): [null:-1]->command : PushCommandMsg{cmd='10119', msg='null'}
05-21 16:41:10.846 D/MdmService(31053): [null:-1]->MdmStatusManager is busy , wait......
05-21 16:41:10.853 E/QueryController(30972): Got null root node from accessibility - Retrying...
05-21 16:41:10.853 D/MDM :   (31053): [null:-1]->MSG_WEBSOCKET_MESSAGE : {"id":931799282,"type":0,"command":0,"result":0,"reason":0,"params":{"device":"00013fbc8ecec5b9000001461df0ec23","message":"{\"cmd\":\"10119\"}"}}
05-21 16:41:10.869 D/MdmService(31053): [null:-1]->push message type :0
05-21 16:41:10.869 D/MdmService(31053): [null:-1]->cmdMessage : {"cmd":"10119"}
05-21 16:41:10.869 D/MdmService(31053): [null:-1]->command : PushCommandMsg{cmd='10119', msg='null'}
05-21 16:41:10.869 D/MdmService(31053): [null:-1]->MdmStatusManager is busy , wait......
05-21 16:41:10.869 D/MDM :   (31053): [null:-1]->MSG_WEBSOCKET_MESSAGE : {"id":799472499,"type":0,"command":0,"result":0,"reason":0,"params":{"device":"00013fbc8ecec5b9000001461df0ec23","message":"{\"cmd\":\"10119\"}"}}
05-21 16:41:10.892 D/MdmService(31053): [null:-1]->push message type :0
05-21 16:41:10.892 D/MdmService(31053): [null:-1]->cmdMessage : {"cmd":"10119"}
05-21 16:41:10.892 D/MdmService(31053): [null:-1]->command : PushCommandMsg{cmd='10119', msg='null'}
05-21 16:41:10.892 D/MdmService(31053): [null:-1]->MdmStatusManager is busy , wait......
05-21 16:41:10.892 D/MDM :   (31053): [null:-1]->MSG_WEBSOCKET_MESSAGE : {"id":1970101961,"type":0,"command":0,"result":0,"reason":0,"params":{"device":"00013fbc8ecec5b9000001461df0ec23","message":"{\"cmd\":\"10119\"}"}}
05-21 16:41:11.103 E/QueryController(30972): Cannot proceed when root node is null. Aborted search
05-21 16:41:11.127 E/QueryController(30972): Got null root node from accessibility - Retrying...
05-21 16:41:11.150 D/dalvikvm(31053): JIT unchain all for threadid=11
05-21 16:41:11.181 D/MdmService(31053): [null:-1]->push message type :0
05-21 16:41:11.181 D/MdmService(31053): [null:-1]->cmdMessage : {"cmd":"10119"}
05-21 16:41:11.181 D/MdmService(31053): [null:-1]->command : PushCommandMsg{cmd='10119', msg='null'}
05-21 16:41:11.189 D/MdmService(31053): [null:-1]->MdmStatusManager is busy , wait......
05-21 16:41:11.197 D/MDM :   (31053): [null:-1]->width 104
05-21 16:41:11.197 D/MDM :   (31053): [null:-1]->height 104
05-21 16:41:11.197 D/MDM :   (31053): [null:-1]->scale 1.0
05-21 16:41:11.377 E/QueryController(30972): Got null root node from accessibility - Retrying...
05-21 16:41:11.455 D/dalvikvm(31053): JIT unchain all for threadid=11
05-21 16:41:11.471 D/MDM :   (31053): [null:-1]->tint false
05-21 16:41:11.478 D/dalvikvm(31053): GC_CONCURRENT freed 4745K, 34% free 23553K/35180K, paused 268ms+264ms, total 575ms
05-21 16:41:11.478 D/dalvikvm(31053): WAIT_FOR_CONCURRENT_GC blocked 9ms
05-21 16:41:11.486 D/MDM :   (31053): [null:-1]->width 104
05-21 16:41:11.486 D/MDM :   (31053): [null:-1]->height 104
05-21 16:41:11.486 D/MDM :   (31053): [null:-1]->scale 1.0
05-21 16:41:11.486 D/MDM :   (31053): [null:-1]->tint false
05-21 16:41:11.486 D/MDM :   (31053): [null:-1]->width 104
05-21 16:41:11.486 D/MDM :   (31053): [null:-1]->height 104
05-21 16:41:11.486 D/MDM :   (31053): [null:-1]->scale 1.0
05-21 16:41:11.486 D/MDM :   (31053): [null:-1]->tint false
05-21 16:41:11.494 D/MDM :   (31053): [null:-1]->width 104
05-21 16:41:11.494 D/MDM :   (31053): [null:-1]->height 104
05-21 16:41:11.494 D/MDM :   (31053): [null:-1]->scale 1.0
05-21 16:41:11.494 D/MDM :   (31053): [null:-1]->tint false
05-21 16:41:11.494 D/MDM :   (31053): [null:-1]->width 104
05-21 16:41:11.494 D/MDM :   (31053): [null:-1]->height 104
05-21 16:41:11.494 D/MDM :   (31053): [null:-1]->scale 1.0
05-21 16:41:11.502 D/MDM :   (31053): [null:-1]->tint false
05-21 16:41:11.502 D/MDM :   (31053): [null:-1]->width 104
05-21 16:41:11.502 D/MDM :   (31053): [null:-1]->height 104
05-21 16:41:11.502 D/MDM :   (31053): [null:-1]->scale 1.0
05-21 16:41:11.502 D/MDM :   (31053): [null:-1]->tint false
05-21 16:41:11.502 D/MDM :   (31053): [null:-1]->width 104
05-21 16:41:11.502 D/MDM :   (31053): [null:-1]->height 104
05-21 16:41:11.502 D/MDM :   (31053): [null:-1]->scale 1.0
05-21 16:41:11.502 D/MDM :   (31053): [null:-1]->tint false
05-21 16:41:11.502 D/MDM :   (31053): [null:-1]->width 104
05-21 16:41:11.510 D/MDM :   (31053): [null:-1]->height 104
05-21 16:41:11.510 D/MDM :   (31053): [null:-1]->scale 1.0
05-21 16:41:11.510 D/MDM :   (31053): [null:-1]->tint false
05-21 16:41:11.510 D/        (31053): [---null: -1---]  xxd111  getPackageName  com.pekall.emdm.launcher
05-21 16:41:11.510 D/        (31053): [---null: -1---]  xxd111  getClassName  com.pekall.emdm.document.activity.DocMainActivity
05-21 16:41:11.510 D/        (31053): [---null: -1---]  xxd111  info.title  Document Manager ,count is 0
05-21 16:41:11.517 D/        (31053): [---null: -1---]  xxd111  getPackageName  com.pekall.emdm.launcher
05-21 16:41:11.517 D/        (31053): [---null: -1---]  xxd111  getClassName  com.pekall.emdm.launcher.ui.BackPersonalActivity
05-21 16:41:11.517 D/        (31053): [---null: -1---]  xxd111  info.title  Personal Mode ,count is 0
05-21 16:41:11.517 D/        (31053): [---null: -1---]  xxd111  getPackageName  com.pekall.emdm.launcher
05-21 16:41:11.517 D/        (31053): [---null: -1---]  xxd111  getClassName  com.pekall.semail.activity.Welcome
05-21 16:41:11.517 D/        (31053): [---null: -1---]  xxd111  info.title  Email ,count is 0
05-21 16:41:11.525 D/MDM :   (31053): [null:-1]->username is : zhenhua.sang@pekall.com ,pwd is 123456
05-21 16:41:11.525 I/System.out(31053): [cjx]authenticateUser,zhenhua.sang@pekall.com,123456
05-21 16:41:11.525 I/System.out(31053): [cjx]to generate user KEK now,keyLength:32,algorithm:Rijndael256
05-21 16:41:11.627 E/QueryController(30972): Got null root node from accessibility - Retrying...
05-21 16:41:11.642 I/System.out(31053): [cjx]blockSize:32
05-21 16:41:11.642 I/System.out(31053): [cjx]iv:[112, 101, 107, 97, 108, 108, 50, 48, 49, 52, 97, 101, 115, 99, 106, 120, 112, 101, 107, 97, 108, 108, 50, 48, 49, 52, 97, 101, 115, 99, 106, 120]
05-21 16:41:11.642 I/System.out(31053): [cjx]secret:[-94, 35, 21, 34, 6, -61, -108, -46, 6, 56, -82, 111, 24, -59, 0, -21, 43, -46, -16, 27, -76, 52, 9, 117, -69, 64, 55, -122, -120, -69, -38, 9]
05-21 16:41:11.650 I/System.out(31053): [cjx]successfully restore dek:[B@42ada008
05-21 16:41:11.650 I/System.out(31053): [cjx]to generate user KEK now,keyLength:32,algorithm:Rijndael256
05-21 16:41:11.760 I/System.out(31053): [cjx]blockSize:32
05-21 16:41:11.760 I/System.out(31053): [cjx]iv:[112, 101, 107, 97, 108, 108, 50, 48, 49, 52, 97, 101, 115, 99, 106, 120, 112, 101, 107, 97, 108, 108, 50, 48, 49, 52, 97, 101, 115, 99, 106, 120]
05-21 16:41:11.760 I/System.out(31053): [cjx]secret:[-94, 35, 21, 34, 6, -61, -108, -46, 6, 56, -82, 111, 24, -59, 0, -21, 43, -46, -16, 27, -76, 52, 9, 117, -69, 64, 55, -122, -120, -69, -38, 9]
05-21 16:41:11.767 D/ExchangeService(31053): !!! EAS ExchangeService, onCreate
05-21 16:41:11.767 W/Parcel  ( 1661): Attempt to read object from Parcel 0x5ef3bdac at offset 200 that is not in the object list
05-21 16:41:11.775 D/MdmService(31053): [null:-1]->handleCheckInResult
05-21 16:41:11.775 D/MdmService(31053): [null:-1]->handleCheckInResult result keyIndex: 3
05-21 16:41:11.775 I/Choreographer(31053): Skipped 59 frames!  The application may be doing too much work on its main thread.
05-21 16:41:11.791 D/CommandManager(31053): [null:-1]->execute command: CommandMsg{CommandUUID='309e213f-b0f7-4677-8fb5-317cdeef3c72', Command=CommandObject{RequestType='DeviceInformation'}}
05-21 16:41:11.791 D/        (31053): [---null: -1---]  1111222  mLongAxisStartPadding110
05-21 16:41:11.791 D/        (31053): [---null: -1---]  11112223  heightSpecSize1094
05-21 16:41:11.791 D/        (31053): [---null: -1---]  11112223  mLongAxisStartPadding110
05-21 16:41:11.791 D/        (31053): [---null: -1---]  11112223  mLongAxisEndPadding110
05-21 16:41:11.791 D/        (31053): [---null: -1---]  11112223  mRows4
05-21 16:41:11.799 D/        (31053): [---null: -1---]  1111222  mLongAxisStartPadding110
05-21 16:41:11.799 D/        (31053): [---null: -1---]  11112223  heightSpecSize1094
05-21 16:41:11.799 D/        (31053): [---null: -1---]  11112223  mLongAxisStartPadding110
05-21 16:41:11.799 D/        (31053): [---null: -1---]  11112223  mLongAxisEndPadding110
05-21 16:41:11.799 D/        (31053): [---null: -1---]  11112223  mRows4
05-21 16:41:11.799 D/        (31053): [---null: -1---]  1111222  mLongAxisStartPadding110
05-21 16:41:11.799 D/        (31053): [---null: -1---]  11112223  heightSpecSize1094
05-21 16:41:11.799 D/        (31053): [---null: -1---]  11112223  mLongAxisStartPadding110
05-21 16:41:11.799 D/        (31053): [---null: -1---]  11112223  mLongAxisEndPadding110
05-21 16:41:11.806 D/        (31053): [---null: -1---]  11112223  mRows4
05-21 16:41:11.806 D/        (31053): [---null: -1---]  1111222  mLongAxisStartPadding110
05-21 16:41:11.806 D/        (31053): [---null: -1---]  11112223  heightSpecSize1094
05-21 16:41:11.806 D/        (31053): [---null: -1---]  11112223  mLongAxisStartPadding110
05-21 16:41:11.806 D/        (31053): [---null: -1---]  11112223  mLongAxisEndPadding110
05-21 16:41:11.814 D/        (31053): [---null: -1---]  11112223  mRows4
05-21 16:41:11.814 D/        (31053): [---null: -1---]  1111222  mLongAxisStartPadding110
05-21 16:41:11.814 D/        (31053): [---null: -1---]  11112223  heightSpecSize1094
05-21 16:41:11.814 D/        (31053): [---null: -1---]  11112223  mLongAxisStartPadding110
05-21 16:41:11.814 D/        (31053): [---null: -1---]  11112223  mLongAxisEndPadding110
05-21 16:41:11.814 D/        (31053): [---null: -1---]  11112223  mRows4
05-21 16:41:11.814 D/        (31053): [---null: -1---]  1111222  mLongAxisStartPadding110
05-21 16:41:11.822 D/        (31053): [---null: -1---]  11112223  heightSpecSize1094
05-21 16:41:11.822 D/        (31053): [---null: -1---]  11112223  mLongAxisStartPadding110
05-21 16:41:11.822 D/        (31053): [---null: -1---]  11112223  mLongAxisEndPadding110
05-21 16:41:11.822 D/        (31053): [---null: -1---]  11112223  mRows4
05-21 16:41:11.822 D/        (31053): [---null: -1---]  1111222  mLongAxisStartPadding110
05-21 16:41:11.822 D/        (31053): [---null: -1---]  11112223  heightSpecSize1094
05-21 16:41:11.822 D/        (31053): [---null: -1---]  11112223  mLongAxisStartPadding110
05-21 16:41:11.822 D/        (31053): [---null: -1---]  11112223  mLongAxisEndPadding110
05-21 16:41:11.822 D/        (31053): [---null: -1---]  11112223  mRows4
05-21 16:41:11.830 D/        (31053): [---null: -1---]  1111222  mLongAxisStartPadding110
05-21 16:41:11.830 D/        (31053): [---null: -1---]  11112223  heightSpecSize1094
05-21 16:41:11.830 D/        (31053): [---null: -1---]  11112223  mLongAxisStartPadding110
05-21 16:41:11.830 D/        (31053): [---null: -1---]  11112223  mLongAxisEndPadding110
05-21 16:41:11.830 D/        (31053): [---null: -1---]  11112223  mRows4
05-21 16:41:11.830 D/        (31053): [---null: -1---]  1111222  mLongAxisStartPadding110
05-21 16:41:11.830 D/        (31053): [---null: -1---]  11112223  heightSpecSize1094
05-21 16:41:11.830 D/        (31053): [---null: -1---]  11112223  mLongAxisStartPadding110
05-21 16:41:11.830 D/        (31053): [---null: -1---]  11112223  mLongAxisEndPadding110
05-21 16:41:11.830 D/        (31053): [---null: -1---]  11112223  mRows4
05-21 16:41:11.838 D/        (31053): [---null: -1---]  1111222  mLongAxisStartPadding110
05-21 16:41:11.838 D/        (31053): [---null: -1---]  11112223  heightSpecSize1094
05-21 16:41:11.838 D/        (31053): [---null: -1---]  11112223  mLongAxisStartPadding110
05-21 16:41:11.838 D/        (31053): [---null: -1---]  11112223  mLongAxisEndPadding110
05-21 16:41:11.838 D/        (31053): [---null: -1---]  11112223  mRows4
05-21 16:41:11.877 E/QueryController(30972): Cannot proceed when root node is null. Aborted search
05-21 16:41:11.877 E/QueryController(30972): Got null root node from accessibility - Retrying...
05-21 16:41:11.892 W/Parcel  ( 1661): Attempt to read object from Parcel 0x6003bdac at offset 200 that is not in the object list
05-21 16:41:11.892 D/        (31053): [---null: -1---]  xxd111  getPackageName  com.pekall.emdm.launcher
05-21 16:41:11.892 W/ActivityManager(  374): Unable to start service Intent { act=pekall.intent.action.DOWNLOAD_APP (has extras) } U=0: not found
05-21 16:41:11.900 D/        (31053): [---null: -1---]  xxd111  getClassName  com.pekall.emdm.contacts.activities.PeopleActivity
05-21 16:41:11.900 D/        (31053): [---null: -1---]  xxd111  info.title  EmdmContacts ,count is 0
05-21 16:41:11.900 D/        (31053): [---null: -1---]  xxd111  getPackageName  com.pekall.emdm.launcher
05-21 16:41:11.900 D/        (31053): [---null: -1---]  xxd111  getClassName  com.pekall.emdm.browser.BrowserActivity
05-21 16:41:11.900 D/        (31053): [---null: -1---]  xxd111  info.title  Safe Browser ,count is 0
05-21 16:41:11.900 D/        (31053): [---null: -1---]  xxd111  getPackageName  com.pekall.emdm.launcher
05-21 16:41:11.900 D/        (31053): [---null: -1---]  xxd111  getClassName  com.pekall.emdm.launcher.ui.AboutActivity
05-21 16:41:11.908 D/        (31053): [---null: -1---]  xxd111  info.title  About ,count is 0
05-21 16:41:11.908 D/        (31053): [---null: -1---]  xxd111  getPackageName  com.pekall.emdm.launcher
05-21 16:41:11.908 D/        (31053): [---null: -1---]  xxd111  getClassName  com.pekall.emdm.launcher.ui.SettingActivity
05-21 16:41:11.908 D/        (31053): [---null: -1---]  xxd111  info.title  Setting ,count is 0
05-21 16:41:11.916 V/l       (31053): Connected: com.pekall.exchange.ExchangeService
05-21 16:41:11.916 D/ExchangeService(31053): !!! EAS ExchangeService, onStartCommand, startingUp = false, running = false
05-21 16:41:11.916 D/ExchangeService(31053): to start secureStorageService now
05-21 16:41:11.916 D/        (31053): [---null: -1---]  1111222  mLongAxisStartPadding110
05-21 16:41:11.916 V/l       (31053): Task setLogging completed; disconnecting
05-21 16:41:11.916 D/        (31053): [---null: -1---]  11112223  heightSpecSize1094
05-21 16:41:11.916 D/        (31053): [---null: -1---]  11112223  mLongAxisStartPadding110
05-21 16:41:11.924 D/        (31053): [---null: -1---]  11112223  mLongAxisEndPadding110
05-21 16:41:11.924 D/        (31053): [---null: -1---]  11112223  mRows4
05-21 16:41:11.931 D/        (31053): [---null: -1---]  1111222  mLongAxisStartPadding110
05-21 16:41:11.931 D/        (31053): [---null: -1---]  11112223  heightSpecSize1094
05-21 16:41:11.931 D/        (31053): [---null: -1---]  11112223  mLongAxisStartPadding110
05-21 16:41:11.931 D/        (31053): [---null: -1---]  11112223  mLongAxisEndPadding110
05-21 16:41:11.931 D/        (31053): [---null: -1---]  11112223  mRows4
05-21 16:41:11.931 V/a       (31053): Bind requested for task test
05-21 16:41:11.963 D/ExchangeService(31053): Reconciling accounts...
05-21 16:41:11.963 V/a       (31053): Bind requested for task reconcileAccounts
05-21 16:41:11.986 V/a       (31053): Waiting for task reconcileAccounts to complete...
05-21 16:41:12.056 I/ActivityManager(  374): Displayed com.pekall.emdm.launcher/.Launcher: +3s189ms
05-21 16:41:12.072 D/        (31053): [---null: -1---]  1111222  mLongAxisStartPadding110
05-21 16:41:12.080 D/        (31053): [---null: -1---]  11112223  heightSpecSize1094
05-21 16:41:12.080 D/        (31053): [---null: -1---]  11112223  mLongAxisStartPadding110
05-21 16:41:12.080 D/        (31053): [---null: -1---]  11112223  mLongAxisEndPadding110
05-21 16:41:12.080 D/        (31053): [---null: -1---]  11112223  mRows4
05-21 16:41:12.080 D/        (31053): [---null: -1---]  1111222  mLongAxisStartPadding110
05-21 16:41:12.080 D/        (31053): [---null: -1---]  11112223  heightSpecSize1094
05-21 16:41:12.080 D/        (31053): [---null: -1---]  11112223  mLongAxisStartPadding110
05-21 16:41:12.080 D/        (31053): [---null: -1---]  11112223  mLongAxisEndPadding110
05-21 16:41:12.080 D/        (31053): [---null: -1---]  11112223  mRows4
05-21 16:41:12.088 D/        (31053): [---null: -1---]  1111222  mLongAxisStartPadding110
05-21 16:41:12.088 D/        (31053): [---null: -1---]  11112223  heightSpecSize1094
05-21 16:41:12.088 D/        (31053): [---null: -1---]  11112223  mLongAxisStartPadding110
05-21 16:41:12.088 D/        (31053): [---null: -1---]  11112223  mLongAxisEndPadding110
05-21 16:41:12.088 D/        (31053): [---null: -1---]  11112223  mRows4
05-21 16:41:12.088 D/        (31053): [---null: -1---]  1111222  mLongAxisStartPadding110
05-21 16:41:12.088 D/        (31053): [---null: -1---]  11112223  heightSpecSize1094
05-21 16:41:12.088 D/        (31053): [---null: -1---]  11112223  mLongAxisStartPadding110
05-21 16:41:12.088 D/        (31053): [---null: -1---]  11112223  mLongAxisEndPadding110
05-21 16:41:12.096 D/        (31053): [---null: -1---]  11112223  mRows4
05-21 16:41:12.096 D/        (31053): [---null: -1---]  1111222  mLongAxisStartPadding110
05-21 16:41:12.096 D/        (31053): [---null: -1---]  11112223  heightSpecSize1094
05-21 16:41:12.096 D/        (31053): [---null: -1---]  11112223  mLongAxisStartPadding110
05-21 16:41:12.096 D/        (31053): [---null: -1---]  11112223  mLongAxisEndPadding110
05-21 16:41:12.096 D/        (31053): [---null: -1---]  11112223  mRows4
05-21 16:41:12.096 D/        (31053): [---null: -1---]  1111222  mLongAxisStartPadding110
05-21 16:41:12.096 D/        (31053): [---null: -1---]  11112223  heightSpecSize1094
05-21 16:41:12.096 D/        (31053): [---null: -1---]  11112223  mLongAxisStartPadding110
05-21 16:41:12.103 D/        (31053): [---null: -1---]  11112223  mLongAxisEndPadding110
05-21 16:41:12.103 D/        (31053): [---null: -1---]  11112223  mRows4
05-21 16:41:12.103 D/        (31053): [---null: -1---]  1111222  mLongAxisStartPadding110
05-21 16:41:12.103 D/        (31053): [---null: -1---]  11112223  heightSpecSize1094
05-21 16:41:12.103 D/        (31053): [---null: -1---]  11112223  mLongAxisStartPadding110
05-21 16:41:12.103 D/        (31053): [---null: -1---]  11112223  mLongAxisEndPadding110
05-21 16:41:12.103 D/        (31053): [---null: -1---]  11112223  mRows4
05-21 16:41:12.103 D/        (31053): [---null: -1---]  1111222  mLongAxisStartPadding110
05-21 16:41:12.103 D/        (31053): [---null: -1---]  11112223  heightSpecSize1094
05-21 16:41:12.103 D/        (31053): [---null: -1---]  11112223  mLongAxisStartPadding110
05-21 16:41:12.111 D/        (31053): [---null: -1---]  11112223  mLongAxisEndPadding110
05-21 16:41:12.111 D/        (31053): [---null: -1---]  11112223  mRows4
05-21 16:41:12.111 D/        (31053): [---null: -1---]  1111222  mLongAxisStartPadding110
05-21 16:41:12.111 D/        (31053): [---null: -1---]  11112223  heightSpecSize1094
05-21 16:41:12.111 D/        (31053): [---null: -1---]  11112223  mLongAxisStartPadding110
05-21 16:41:12.111 D/        (31053): [---null: -1---]  11112223  mLongAxisEndPadding110
05-21 16:41:12.111 D/        (31053): [---null: -1---]  11112223  mRows4
05-21 16:41:12.111 D/        (31053): [---null: -1---]  1111222  mLongAxisStartPadding110
05-21 16:41:12.119 D/        (31053): [---null: -1---]  11112223  heightSpecSize1094
05-21 16:41:12.119 D/        (31053): [---null: -1---]  11112223  mLongAxisStartPadding110
05-21 16:41:12.119 D/        (31053): [---null: -1---]  11112223  mLongAxisEndPadding110
05-21 16:41:12.119 D/        (31053): [---null: -1---]  11112223  mRows4
05-21 16:41:12.205 I/QueryController(30972): Matched selector: UiSelector[TEXT=Personal Mode] <<==>> [android.view.accessibility.AccessibilityNodeInfo@1dbfd; boundsInParent: Rect(0, 0 - 160, 200); boundsInScreen: Rect(190, 608 - 350, 808); packageName: com.pekall.emdm.launcher; className: android.widget.TextView; text: Personal Mode; contentDescription: null; viewIdResName: null; checkable: false; checked: false; focusable: false; focused: false; selected: false; clickable: true; longClickable: true; enabled: true; password: false; scrollable: false; [ACTION_SELECT, ACTION_CLEAR_SELECTION, ACTION_CLICK, ACTION_LONG_CLICK, ACTION_ACCESSIBILITY_FOCUS, ACTION_NEXT_AT_MOVEMENT_GRANULARITY, ACTION_PREVIOUS_AT_MOVEMENT_GRANULARITY, ACTION_SET_SELECTION]]
05-21 16:41:12.205 D/        (31053): [---null: -1---]  1111222  mLongAxisStartPadding110
05-21 16:41:12.205 D/        (31053): [---null: -1---]  11112223  heightSpecSize1094
05-21 16:41:12.205 D/        (31053): [---null: -1---]  11112223  mLongAxisStartPadding110
05-21 16:41:12.205 D/        (31053): [---null: -1---]  11112223  mLongAxisEndPadding110
05-21 16:41:12.205 D/        (31053): [---null: -1---]  11112223  mRows4
05-21 16:41:12.205 D/        (31053): [---null: -1---]  1111222  mLongAxisStartPadding110
05-21 16:41:12.213 D/        (31053): [---null: -1---]  11112223  heightSpecSize1094
05-21 16:41:12.213 D/        (31053): [---null: -1---]  11112223  mLongAxisStartPadding110
05-21 16:41:12.213 D/        (31053): [---null: -1---]  11112223  mLongAxisEndPadding110
05-21 16:41:12.213 D/        (31053): [---null: -1---]  11112223  mRows4
05-21 16:41:12.236 D/BluetoothManagerService(  374): Message: 20
05-21 16:41:12.236 D/BluetoothManagerService(  374): Added callback: android.bluetooth.IBluetoothManagerCallback$Stub$Proxy@42777a30:true
05-21 16:41:12.244 V/a       (31053): Connected: com.pekall.semail.service.AccountServiceInternal
05-21 16:41:12.244 V/a       (31053): Connected: com.pekall.semail.service.AccountServiceInternal
05-21 16:41:12.244 W/Settings(31053): Setting data_roaming has moved from android.provider.Settings.System to android.provider.Settings.Global, returning read-only value.
05-21 16:41:12.252 V/a       (31053): Connection test succeeded in 318ms
05-21 16:41:12.252 V/a       (31053): Task reconcileAccounts completed; disconnecting
