05-22 13:42:08.846 W/MountService(  374): getVolumeState(/mnt/sdcard/external_SD): Unknown volume
05-22 13:42:08.846 W/MountService(  374): getVolumeState(/mnt/sdcard/external_sd): Unknown volume
05-22 13:42:08.939 V/WiseDownloadConditionControler(20342): checkCondition  type : TODAY_LAUNCHED_USER  inerrupting: false
05-22 13:42:08.971 W/Parcel  ( 1661): Attempt to read object from Parcel 0x6003bdac at offset 200 that is not in the object list
05-22 13:42:09.010 V/MDM :   (21518): [null:-1]->Screen receiver is called.
05-22 13:42:09.025 W/BroadcastQueue(  374): Failure sending broadcast Intent { act=android.intent.action.SCREEN_OFF flg=0x50000010 }
05-22 13:42:09.025 W/BroadcastQueue(  374): android.os.DeadObjectException
05-22 13:42:09.025 W/BroadcastQueue(  374): 	at android.os.BinderProxy.transact(Native Method)
05-22 13:42:09.025 W/BroadcastQueue(  374): 	at android.content.IIntentReceiver$Stub$Proxy.performReceive(IIntentReceiver.java:124)
05-22 13:42:09.025 W/BroadcastQueue(  374): 	at com.android.server.am.BroadcastQueue.performReceiveLocked(BroadcastQueue.java:376)
05-22 13:42:09.025 W/BroadcastQueue(  374): 	at com.android.server.am.BroadcastQueue.deliverToRegisteredReceiverLocked(BroadcastQueue.java:449)
05-22 13:42:09.025 W/BroadcastQueue(  374): 	at com.android.server.am.BroadcastQueue.processNextBroadcast(BroadcastQueue.java:656)
05-22 13:42:09.025 W/BroadcastQueue(  374): 	at com.android.server.am.ActivityManagerService.finishReceiver(ActivityManagerService.java:12390)
05-22 13:42:09.025 W/BroadcastQueue(  374): 	at android.app.ActivityManagerNative.onTransact(ActivityManagerNative.java:379)
05-22 13:42:09.025 W/BroadcastQueue(  374): 	at com.android.server.am.ActivityManagerService.onTransact(ActivityManagerService.java:1737)
05-22 13:42:09.025 W/BroadcastQueue(  374): 	at android.os.Binder.execTransact(Binder.java:388)
05-22 13:42:09.025 W/BroadcastQueue(  374): 	at dalvik.system.NativeStart.run(Native Method)
05-22 13:42:09.041 W/Parcel  ( 1661): Attempt to read object from Parcel 0x5ef3bdac at offset 200 that is not in the object list
05-22 13:42:09.088 D/dalvikvm( 1468): GC_CONCURRENT freed 477K, 21% free 9970K/12512K, paused 8ms+7ms, total 44ms
05-22 13:42:11.306 D/AndroidRuntime(22026): 
05-22 13:42:11.306 D/AndroidRuntime(22026): >>>>>> AndroidRuntime START com.android.internal.os.RuntimeInit <<<<<<
05-22 13:42:11.306 D/AndroidRuntime(22026): CheckJNI is OFF
05-22 13:42:11.322 D/dalvikvm(22026): Trying to load lib libjavacore.so 0x0
05-22 13:42:11.330 D/dalvikvm(22026): Added shared lib libjavacore.so 0x0
05-22 13:42:11.338 D/dalvikvm(22026): Trying to load lib libnativehelper.so 0x0
05-22 13:42:11.338 D/dalvikvm(22026): Added shared lib libnativehelper.so 0x0
05-22 13:42:11.596 D/AndroidRuntime(22026): Calling main entry com.android.commands.uiautomator.Launcher
05-22 13:42:11.642 D/dalvikvm(22026): Note: class Landroid/app/ActivityManagerNative; has 163 unimplemented (abstract) methods
05-22 13:42:11.689 I/PowerManagerService(  374): Waking up from sleep...
05-22 13:42:11.822 I/WindowManager(  374): Lock screen displayed!
05-22 13:42:11.853 W/Parcel  ( 1661): Attempt to read object from Parcel 0x5ded3dac at offset 200 that is not in the object list
05-22 13:42:11.861 W/Parcel  ( 1661): Attempt to read object from Parcel 0x6003bdac at offset 200 that is not in the object list
05-22 13:42:11.963 V/DigitalWidgetViewsFactory(19507): DigitalWidget sets next alarm string to null
05-22 13:42:11.963 V/WiseDownloadConditionControler(20342): checkCondition  type : WISE_DOWNLOAD  inerrupting: true
05-22 13:42:11.994 W/Parcel  ( 1661): Attempt to read object from Parcel 0x5ef3bdac at offset 200 that is not in the object list
05-22 13:42:12.056 D/PowerManagerService-JNI(  374): Excessive delay in autosuspend_disable() while turning screen on: 364ms
05-22 13:42:12.056 D/SurfaceFlinger(  124): Screen acquired, type=0 flinger=0x40e95478
05-22 13:42:12.142 D/LightsService(  374): Excessive delay setting light: 80ms
05-22 13:42:12.627 I/QueryController(22026): Matched selector: UiSelector[DESCRIPTION=Dot., PACKAGE NAME=android] <<==>> [android.view.accessibility.AccessibilityNodeInfo@6c3d36; boundsInParent: Rect(0, 0 - 202, 123); boundsInScreen: Rect(56, 569 - 258, 692); packageName: android; className: android.widget.Button; text: 1; contentDescription: Dot.; viewIdResName: android:id/key1; checkable: false; checked: false; focusable: true; focused: false; selected: false; clickable: true; longClickable: false; enabled: true; password: false; scrollable: false; [ACTION_FOCUS, ACTION_SELECT, ACTION_CLEAR_SELECTION, ACTION_CLICK, ACTION_ACCESSIBILITY_FOCUS, ACTION_NEXT_AT_MOVEMENT_GRANULARITY, ACTION_PREVIOUS_AT_MOVEMENT_GRANULARITY, ACTION_SET_SELECTION]]
05-22 13:42:13.666 I/QueryController(22026): Matched selector: UiSelector[TEXT=1, CLASS=android.widget.Button, PACKAGE NAME=android] <<==>> [android.view.accessibility.AccessibilityNodeInfo@6c3d36; boundsInParent: Rect(0, 0 - 202, 123); boundsInScreen: Rect(56, 569 - 258, 692); packageName: android; className: android.widget.Button; text: 1; contentDescription: Dot.; viewIdResName: android:id/key1; checkable: false; checked: false; focusable: true; focused: false; selected: false; clickable: true; longClickable: false; enabled: true; password: false; scrollable: false; [ACTION_FOCUS, ACTION_SELECT, ACTION_CLEAR_SELECTION, ACTION_CLICK, ACTION_ACCESSIBILITY_FOCUS, ACTION_NEXT_AT_MOVEMENT_GRANULARITY, ACTION_PREVIOUS_AT_MOVEMENT_GRANULARITY, ACTION_SET_SELECTION]]
05-22 13:42:13.674 D/InteractionController(22026): clickAndSync(157, 630)
05-22 13:42:16.775 W/InteractionController(22026): runAndwaitForEvent timedout waiting for events
05-22 13:42:16.799 I/QueryController(22026): Matched selector: UiSelector[TEXT=2 ABC, CLASS=android.widget.Button, PACKAGE NAME=android] <<==>> [android.view.accessibility.AccessibilityNodeInfo@6c40f7; boundsInParent: Rect(0, 0 - 203, 123); boundsInScreen: Rect(258, 569 - 461, 692); packageName: android; className: android.widget.Button; text: 2 ABC; contentDescription: Dot.; viewIdResName: android:id/key2; checkable: false; checked: false; focusable: true; focused: false; selected: false; clickable: true; longClickable: false; enabled: true; password: false; scrollable: false; [ACTION_FOCUS, ACTION_SELECT, ACTION_CLEAR_SELECTION, ACTION_CLICK, ACTION_ACCESSIBILITY_FOCUS, ACTION_NEXT_AT_MOVEMENT_GRANULARITY, ACTION_PREVIOUS_AT_MOVEMENT_GRANULARITY, ACTION_SET_SELECTION]]
05-22 13:42:16.806 D/InteractionController(22026): clickAndSync(359, 630)
05-22 13:42:19.916 W/InteractionController(22026): runAndwaitForEvent timedout waiting for events
05-22 13:42:19.947 I/QueryController(22026): Matched selector: UiSelector[TEXT=3 DEF, CLASS=android.widget.Button, PACKAGE NAME=android] <<==>> [android.view.accessibility.AccessibilityNodeInfo@6c44b8; boundsInParent: Rect(0, 0 - 203, 123); boundsInScreen: Rect(461, 569 - 664, 692); packageName: android; className: android.widget.Button; text: 3 DEF; contentDescription: Dot.; viewIdResName: android:id/key3; checkable: false; checked: false; focusable: true; focused: false; selected: false; clickable: true; longClickable: false; enabled: true; password: false; scrollable: false; [ACTION_FOCUS, ACTION_SELECT, ACTION_CLEAR_SELECTION, ACTION_CLICK, ACTION_ACCESSIBILITY_FOCUS, ACTION_NEXT_AT_MOVEMENT_GRANULARITY, ACTION_PREVIOUS_AT_MOVEMENT_GRANULARITY, ACTION_SET_SELECTION]]
05-22 13:42:19.955 D/InteractionController(22026): clickAndSync(562, 630)
05-22 13:42:23.056 W/InteractionController(22026): runAndwaitForEvent timedout waiting for events
05-22 13:42:23.088 I/QueryController(22026): Matched selector: UiSelector[TEXT=4 GHI, CLASS=android.widget.Button, PACKAGE NAME=android] <<==>> [android.view.accessibility.AccessibilityNodeInfo@6c4879; boundsInParent: Rect(0, 0 - 202, 123); boundsInScreen: Rect(56, 692 - 258, 815); packageName: android; className: android.widget.Button; text: 4 GHI; contentDescription: Dot.; viewIdResName: android:id/key4; checkable: false; checked: false; focusable: true; focused: false; selected: false; clickable: true; longClickable: false; enabled: true; password: false; scrollable: false; [ACTION_FOCUS, ACTION_SELECT, ACTION_CLEAR_SELECTION, ACTION_CLICK, ACTION_ACCESSIBILITY_FOCUS, ACTION_NEXT_AT_MOVEMENT_GRANULARITY, ACTION_PREVIOUS_AT_MOVEMENT_GRANULARITY, ACTION_SET_SELECTION]]
05-22 13:42:23.088 D/InteractionController(22026): clickAndSync(157, 753)
05-22 13:42:26.197 W/InteractionController(22026): runAndwaitForEvent timedout waiting for events
05-22 13:42:26.221 I/QueryController(22026): Matched selector: UiSelector[TEXT=5 JKL, CLASS=android.widget.Button, PACKAGE NAME=android] <<==>> [android.view.accessibility.AccessibilityNodeInfo@6c4c3a; boundsInParent: Rect(0, 0 - 203, 123); boundsInScreen: Rect(258, 692 - 461, 815); packageName: android; className: android.widget.Button; text: 5 JKL; contentDescription: Dot.; viewIdResName: android:id/key5; checkable: false; checked: false; focusable: true; focused: false; selected: false; clickable: true; longClickable: false; enabled: true; password: false; scrollable: false; [ACTION_FOCUS, ACTION_SELECT, ACTION_CLEAR_SELECTION, ACTION_CLICK, ACTION_ACCESSIBILITY_FOCUS, ACTION_NEXT_AT_MOVEMENT_GRANULARITY, ACTION_PREVIOUS_AT_MOVEMENT_GRANULARITY, ACTION_SET_SELECTION]]
05-22 13:42:26.221 D/InteractionController(22026): clickAndSync(359, 753)
05-22 13:42:28.908 V/a       (21518): Wait for reconcileAccounts finished in 45008ms
05-22 13:42:28.908 D/ExchangeService(21518): !!! EAS ExchangeService, stopping self
05-22 13:42:28.916 D/ExchangeService(21518): !!! EAS ExchangeService, onDestroy
05-22 13:42:29.330 W/InteractionController(22026): runAndwaitForEvent timedout waiting for events
05-22 13:42:29.353 I/QueryController(22026): Matched selector: UiSelector[TEXT=6 MNO, CLASS=android.widget.Button, PACKAGE NAME=android] <<==>> [android.view.accessibility.AccessibilityNodeInfo@6c4ffb; boundsInParent: Rect(0, 0 - 203, 123); boundsInScreen: Rect(461, 692 - 664, 815); packageName: android; className: android.widget.Button; text: 6 MNO; contentDescription: Dot.; viewIdResName: android:id/key6; checkable: false; checked: false; focusable: true; focused: false; selected: false; clickable: true; longClickable: false; enabled: true; password: false; scrollable: false; [ACTION_FOCUS, ACTION_SELECT, ACTION_CLEAR_SELECTION, ACTION_CLICK, ACTION_ACCESSIBILITY_FOCUS, ACTION_NEXT_AT_MOVEMENT_GRANULARITY, ACTION_PREVIOUS_AT_MOVEMENT_GRANULARITY, ACTION_SET_SELECTION]]
05-22 13:42:29.353 D/InteractionController(22026): clickAndSync(562, 753)
05-22 13:42:32.463 W/InteractionController(22026): runAndwaitForEvent timedout waiting for events
05-22 13:42:32.478 I/QueryController(22026): Matched selector: UiSelector[DESCRIPTION=Enter] <<==>> [android.view.accessibility.AccessibilityNodeInfo@6c62c0; boundsInParent: Rect(0, 0 - 203, 124); boundsInScreen: Rect(461, 939 - 664, 1063); packageName: android; className: android.widget.ImageButton; text: null; contentDescription: Enter; viewIdResName: android:id/key_enter; checkable: false; checked: false; focusable: true; focused: false; selected: false; clickable: true; longClickable: false; enabled: true; password: false; scrollable: false; [ACTION_FOCUS, ACTION_SELECT, ACTION_CLEAR_SELECTION, ACTION_CLICK, ACTION_ACCESSIBILITY_FOCUS, ACTION_NEXT_AT_MOVEMENT_GRANULARITY, ACTION_PREVIOUS_AT_MOVEMENT_GRANULARITY, ACTION_SET_SELECTION]]
05-22 13:42:32.486 D/InteractionController(22026): clickAndWaitForNewWindow(562, 1001)
05-22 13:42:32.713 V/LauncherApplication(21518): onActivityStarted
05-22 13:42:32.721 V/WiseDownloadConditionControler(20342): checkCondition  type : WISE_DOWNLOAD  inerrupting: true
05-22 13:42:32.728 D/        (21518): [---null: -1---]     awsa  onActivityResumed
05-22 13:42:32.728 V/LauncherApplication(21518): 2MdmConstant.LAST_LAUNCH_TIME = 1400737228694
05-22 13:42:32.728 D/PhoneStatusBar(  448): disable: < expand icons alerts ticker system_info BACK HOME recent* CLOCK search* >
05-22 13:42:32.736 D/        (21518): [---null: -1---]  activity = com.pekall.emdm.messagecenter.activity.MessageMainActivity
05-22 13:42:32.744 V/DefultSetContriller(21518): isLauncherDf = com.pekall.emdm.launcher
05-22 13:42:32.744 V/DefultSetContriller(21518): isPhoneDf = com.pekall.emdm.launcher
05-22 13:42:32.752 E/LauncherApplication(21518): isShowLogoutUI = true
05-22 13:42:32.752 E/LauncherApplication(21518): LogoutShowTime 1
05-22 13:42:32.791 D/PhoneStatusBar(  448): disable: < expand icons alerts ticker system_info back* home* recent clock* search >
05-22 13:42:32.830 W/InputMethodManagerService(  374): Window already focused, ignoring focus gain of: com.android.internal.view.IInputMethodClient$Stub$Proxy@4286c328 attribute=android.view.inputmethod.EditorInfo@428c7a20, token = android.os.BinderProxy@42c75d30
05-22 13:42:32.838 I/uninstall(20342): SelfUninstallManager -> initUninstallTask
05-22 13:42:32.853 D/NfcService(  568): NFC-C ON
05-22 13:42:32.853 I/uninstall(20342): initUninstallTask init is running, return
05-22 13:42:32.869 W/Parcel  ( 1661): Attempt to read object from Parcel 0x5ec3bdac at offset 200 that is not in the object list
05-22 13:42:33.033 D/dalvikvm( 1661): GC_CONCURRENT freed 1210K, 18% free 13110K/15888K, paused 3ms+4ms, total 60ms
05-22 13:42:33.072 I/RootJni (22058): su: permission denied
05-22 13:42:33.088 D/dalvikvm(20749): GC_CONCURRENT freed 282K, 4% free 9537K/9932K, paused 6ms+4ms, total 30ms
05-22 13:42:33.236 V/TAG     (  374): bug 7643792: fitSystemWindows([0,50][0,0])
05-22 13:42:33.525 I/QueryController(22026): Matched selector: UiSelector[PACKAGE NAME=com.pekall.emdm.launcher] <<==>> [android.view.accessibility.AccessibilityNodeInfo@234df; boundsInParent: Rect(0, 0 - 720, 1184); boundsInScreen: Rect(0, 0 - 720, 1184); packageName: com.pekall.emdm.launcher; className: android.widget.FrameLayout; text: null; contentDescription: null; viewIdResName: null; checkable: false; checked: false; focusable: false; focused: false; selected: false; clickable: false; longClickable: false; enabled: true; password: false; scrollable: false; [ACTION_SELECT, ACTION_CLEAR_SELECTION, ACTION_ACCESSIBILITY_FOCUS]]
05-22 13:42:33.564 I/ActivityManager(  374): START u0 {act=android.intent.action.MAIN cat=[android.intent.category.HOME] flg=0x10200000 cmp=com.pekall.emdm.launcher/.Launcher} from pid 374
05-22 13:42:33.572 D/LauncherApplication(21518): [null:-1]->onActivityPaused
05-22 13:42:33.580 D/LauncherApplication(21518): [null:-1]->onActivityPaused  updateTime
05-22 13:42:33.596 V/CounterTextView(21518): draw
05-22 13:42:33.596 V/CounterTextView(21518): count = 1
05-22 13:42:33.596 D/MDM :   (21518): [null:-1]->zzzzz   getWidth() 160
05-22 13:42:33.603 D/MDM :   (21518): [null:-1]->zzzzz   ------------------mWidthTemp >getWidth()() 
05-22 13:42:33.603 V/CounterTextView(21518): xxxxxxx   136
05-22 13:42:33.611 D/        (21518): [---null: -1---]  closeAllApps
05-22 13:42:33.619 V/LauncherApplication(21518): onActivityStarted
05-22 13:42:33.619 D/        (21518): [---null: -1---]     awsa  onActivityResumed
05-22 13:42:33.619 V/LauncherApplication(21518): 2MdmConstant.LAST_LAUNCH_TIME = 1400737353589
05-22 13:42:33.635 D/        (21518): [---null: -1---]  activity = com.pekall.emdm.launcher.Launcher
05-22 13:42:33.635 V/DefultSetContriller(21518): isLauncherDf = com.pekall.emdm.launcher
05-22 13:42:33.635 V/DefultSetContriller(21518): isLauncherDf = com.pekall.emdm.launcher
05-22 13:42:33.642 V/DefultSetContriller(21518): isPhoneDf = com.pekall.emdm.launcher
05-22 13:42:33.642 E/LauncherApplication(21518): isShowLogoutUI = true
05-22 13:42:33.642 E/LauncherApplication(21518): LogoutShowTime 1
05-22 13:42:33.642 V/Launcher(21518): onResume1111111 
05-22 13:42:33.642 V/Launcher(21518): is login ----> 
05-22 13:42:33.642 I/System.out(21518):  
05-22 13:42:33.642 I/System.out(21518): com.pekall.emdm.launcher.Workspace.setWallpaper(Unknown Source)
05-22 13:42:33.642 I/System.out(21518): com.pekall.emdm.launcher.Launcher.onResume(Unknown Source)
05-22 13:42:33.642 I/System.out(21518): android.app.Instrumentation.callActivityOnResume(Instrumentation.java:1192)
05-22 13:42:33.642 I/System.out(21518): android.app.Activity.performResume(Activity.java:5211)
05-22 13:42:33.642 I/System.out(21518): android.app.ActivityThread.performResumeActivity(ActivityThread.java:2780)
05-22 13:42:33.642 I/System.out(21518): android.app.ActivityThread.handleResumeActivity(ActivityThread.java:2819)
05-22 13:42:33.642 I/System.out(21518): android.app.ActivityThread$H.handleMessage(ActivityThread.java:1298)
05-22 13:42:33.642 I/System.out(21518): android.os.Handler.dispatchMessage(Handler.java:99)
05-22 13:42:33.642 I/System.out(21518): android.os.Looper.loop(Looper.java:137)
05-22 13:42:33.642 I/System.out(21518): android.app.ActivityThread.main(ActivityThread.java:5103)
05-22 13:42:33.650 I/System.out(21518): java.lang.reflect.Method.invokeNative(Native Method)
05-22 13:42:33.650 I/System.out(21518): java.lang.reflect.Method.invoke(Method.java:525)
05-22 13:42:33.650 I/System.out(21518): com.android.internal.os.ZygoteInit$MethodAndArgsCaller.run(ZygoteInit.java:737)
05-22 13:42:33.650 I/System.out(21518): com.android.internal.os.ZygoteInit.main(ZygoteInit.java:553)
05-22 13:42:33.650 I/System.out(21518): dalvik.system.NativeStart.main(Native Method)
05-22 13:42:33.900 D/dalvikvm(21518): JIT unchain all for threadid=11
05-22 13:42:33.971 D/dalvikvm(21518): GC_FOR_ALLOC freed 590K, 23% free 27224K/35164K, paused 319ms, total 319ms
05-22 13:42:33.986 I/dalvikvm-heap(21518): Grow heap (frag case) to 29.945MB for 3415696-byte allocation
05-22 13:42:34.236 D/dalvikvm(21518): JIT unchain all for threadid=11
05-22 13:42:34.291 D/dalvikvm(21518): GC_FOR_ALLOC freed 8K, 21% free 30551K/38500K, paused 300ms, total 300ms
05-22 13:42:34.377 I/Choreographer(21518): Skipped 45 frames!  The application may be doing too much work on its main thread.
05-22 13:42:36.447 I/QueryController(22026): Matched selector: UiSelector[TEXT=Personal Mode, CLASS=android.widget.TextView, PACKAGE NAME=com.pekall.emdm.launcher] <<==>> [android.view.accessibility.AccessibilityNodeInfo@1bcbc; boundsInParent: Rect(0, 0 - 160, 200); boundsInScreen: Rect(190, 608 - 350, 808); packageName: com.pekall.emdm.launcher; className: android.widget.TextView; text: Personal Mode; contentDescription: null; viewIdResName: null; checkable: false; checked: false; focusable: false; focused: false; selected: false; clickable: true; longClickable: true; enabled: true; password: false; scrollable: false; [ACTION_SELECT, ACTION_CLEAR_SELECTION, ACTION_CLICK, ACTION_LONG_CLICK, ACTION_ACCESSIBILITY_FOCUS, ACTION_NEXT_AT_MOVEMENT_GRANULARITY, ACTION_PREVIOUS_AT_MOVEMENT_GRANULARITY, ACTION_SET_SELECTION]]
05-22 13:42:36.455 I/AndroidRuntime(22026): VM exiting with result code 0.
05-22 13:42:38.189 D/AndroidRuntime(22065): 
05-22 13:42:38.189 D/AndroidRuntime(22065): >>>>>> AndroidRuntime START com.android.internal.os.RuntimeInit <<<<<<
05-22 13:42:38.189 D/AndroidRuntime(22065): CheckJNI is OFF
05-22 13:42:38.197 D/dalvikvm(22065): Trying to load lib libjavacore.so 0x0
05-22 13:42:38.197 D/dalvikvm(22065): Added shared lib libjavacore.so 0x0
05-22 13:42:38.213 D/dalvikvm(22065): Trying to load lib libnativehelper.so 0x0
05-22 13:42:38.213 D/dalvikvm(22065): Added shared lib libnativehelper.so 0x0
05-22 13:42:38.361 D/AndroidRuntime(22065): Calling main entry com.android.commands.uiautomator.Launcher
05-22 13:42:38.392 D/dalvikvm(22065): Note: class Landroid/app/ActivityManagerNative; has 163 unimplemented (abstract) methods
05-22 13:42:39.072 V/PanelView(  448): animationTick called with dtms=0; nothing to do (h=0.0 v=4000.0)
05-22 13:42:39.197 D/dalvikvm(  448): GC_CONCURRENT freed 915K, 11% free 14425K/16128K, paused 2ms+27ms, total 90ms
05-22 13:42:52.244 I/ActivityManager(  374): No longer want com.dragon.android.pandaspace:bdservice_v1 (pid 20769): empty for 1802s
05-22 13:42:52.392 W/ActivityManager(  374): Scheduling restart of crashed service com.dragon.android.pandaspace/com.baidu.android.moplus.MoPlusService in 5000ms
05-22 13:42:57.416 I/dalvikvm(22077): Turning on JNI app bug workarounds for target SDK version 8...
05-22 13:42:57.424 I/ActivityManager(  374): Start proc com.dragon.android.pandaspace:bdservice_v1 for service com.dragon.android.pandaspace/com.baidu.android.moplus.MoPlusService: pid=22077 uid=10074 gids={50074, 1015, 3003, 1006, 1028}
05-22 13:42:57.510 D/dalvikvm(22077): Trying to load lib /data/app-lib/com.dragon.android.pandaspace-1/libroot.so 0x42281ae8
05-22 13:42:57.510 D/dalvikvm(22077): Added shared lib /data/app-lib/com.dragon.android.pandaspace-1/libroot.so 0x42281ae8
05-22 13:42:57.517 I/RootJni (22077): JNI_OnLoad......
05-22 13:42:57.744 D/dalvikvm(22077): GC_CONCURRENT freed 326K, 4% free 9033K/9400K, paused 4ms+2ms, total 35ms
05-22 13:42:57.760 W/Parcel  ( 1661): Attempt to read object from Parcel 0x6003bdac at offset 200 that is not in the object list
05-22 13:42:58.033 D/LightsService(  374): Excessive delay setting light: 220ms
05-22 13:42:58.119 D/LightsService(  374): Excessive delay setting light: 81ms
05-22 13:42:59.033 D/dalvikvm(22077): GC_CONCURRENT freed 286K, 4% free 9239K/9564K, paused 3ms+5ms, total 32ms
05-22 13:42:59.135 D/dalvikvm(22077): GC_CONCURRENT freed 303K, 4% free 9445K/9792K, paused 2ms+1ms, total 23ms
05-22 13:42:59.135 D/dalvikvm(22077): WAIT_FOR_CONCURRENT_GC blocked 5ms
05-22 13:42:59.181 D/dalvikvm(22077): GC_CONCURRENT freed 402K, 5% free 9519K/9996K, paused 2ms+2ms, total 21ms
05-22 13:42:59.181 D/dalvikvm(22077): WAIT_FOR_CONCURRENT_GC blocked 7ms
05-22 13:42:59.228 D/dalvikvm(22077): GC_CONCURRENT freed 403K, 5% free 9561K/10036K, paused 2ms+3ms, total 27ms
05-22 13:42:59.236 I/dalvikvm(22077): Failed resolving Lcom/baidu/android/nebula/util/BDLocationManager$BaiduLocationListener; interface 1169 'Lcom/baidu/location/BDLocationListener;'
05-22 13:42:59.236 W/dalvikvm(22077): Link of class 'Lcom/baidu/android/nebula/util/BDLocationManager$BaiduLocationListener;' failed
05-22 13:42:59.236 W/dalvikvm(22077): VFY: unable to find class referenced in signature (Lcom/baidu/location/LocationClient;)
05-22 13:42:59.236 I/dalvikvm(22077): Failed resolving Lcom/baidu/android/nebula/util/BDLocationManager$BaiduLocationListener; interface 1169 'Lcom/baidu/location/BDLocationListener;'
05-22 13:42:59.244 W/dalvikvm(22077): Link of class 'Lcom/baidu/android/nebula/util/BDLocationManager$BaiduLocationListener;' failed
05-22 13:42:59.244 I/dalvikvm(22077): Failed resolving Lcom/baidu/android/nebula/util/BDLocationManager$BaiduLocationListener; interface 1169 'Lcom/baidu/location/BDLocationListener;'
05-22 13:42:59.244 W/dalvikvm(22077): Link of class 'Lcom/baidu/android/nebula/util/BDLocationManager$BaiduLocationListener;' failed
05-22 13:42:59.244 I/dalvikvm(22077): Could not find method com.baidu.location.LocationClient.unRegisterLocationListener, referenced from method com.baidu.android.nebula.util.BDLocationManager.d
05-22 13:42:59.244 W/dalvikvm(22077): VFY: unable to resolve virtual method 7866: Lcom/baidu/location/LocationClient;.unRegisterLocationListener (Lcom/baidu/location/BDLocationListener;)V
05-22 13:42:59.244 D/dalvikvm(22077): VFY: replacing opcode 0x6e at 0x0012
05-22 13:42:59.244 E/dalvikvm(22077): Could not find class 'com.baidu.location.LocationClient', referenced from method com.baidu.android.nebula.util.BDLocationManager.e
05-22 13:42:59.244 W/dalvikvm(22077): VFY: unable to resolve new-instance 1170 (Lcom/baidu/location/LocationClient;) in Lcom/baidu/android/nebula/util/BDLocationManager;
05-22 13:42:59.244 D/dalvikvm(22077): VFY: replacing opcode 0x22 at 0x0000
05-22 13:42:59.244 E/dalvikvm(22077): Could not find class 'com.baidu.location.LocationClientOption', referenced from method com.baidu.android.nebula.util.BDLocationManager.f
05-22 13:42:59.244 W/dalvikvm(22077): VFY: unable to resolve new-instance 1171 (Lcom/baidu/location/LocationClientOption;) in Lcom/baidu/android/nebula/util/BDLocationManager;
05-22 13:42:59.244 D/dalvikvm(22077): VFY: replacing opcode 0x22 at 0x0000
05-22 13:42:59.244 W/dalvikvm(22077): VFY: unable to find class referenced in signature (Lcom/baidu/location/LocationClientOption;)
05-22 13:42:59.244 I/dalvikvm(22077): Could not find method com.baidu.location.LocationClientOption.setOpenGps, referenced from method com.baidu.android.nebula.util.BDLocationManager.a
05-22 13:42:59.244 W/dalvikvm(22077): VFY: unable to resolve virtual method 7870: Lcom/baidu/location/LocationClientOption;.setOpenGps (Z)V
05-22 13:42:59.244 D/dalvikvm(22077): VFY: replacing opcode 0x6e at 0x0009
05-22 13:42:59.244 D/dalvikvm(22077): DexOpt: unable to opt direct call 0x1eb3 at 0x04 in Lcom/baidu/android/nebula/util/BDLocationManager;.e
05-22 13:42:59.244 I/dalvikvm(22077): Failed resolving Lcom/baidu/android/nebula/util/BDLocationManager$BaiduLocationListener; interface 1169 'Lcom/baidu/location/BDLocationListener;'
05-22 13:42:59.244 W/dalvikvm(22077): Link of class 'Lcom/baidu/android/nebula/util/BDLocationManager$BaiduLocationListener;' failed
05-22 13:42:59.244 D/dalvikvm(22077): DexOpt: unable to opt direct call 0x1cc1 at 0x0b in Lcom/baidu/android/nebula/util/BDLocationManager;.e
05-22 13:42:59.244 D/dalvikvm(22077): DexOpt: unable to opt direct call 0x1ebb at 0x02 in Lcom/baidu/android/nebula/util/BDLocationManager;.f
05-22 13:42:59.252 W/Parcel  ( 1661): Attempt to read object from Parcel 0x6013bdac at offset 200 that is not in the object list
05-22 13:42:59.353 D/dalvikvm(22077): GC_CONCURRENT freed 622K, 7% free 9449K/10112K, paused 3ms+2ms, total 78ms
05-22 13:42:59.353 D/dalvikvm(22077): WAIT_FOR_CONCURRENT_GC blocked 5ms
05-22 13:42:59.424 D/dalvikvm(22077): GC_FOR_ALLOC freed 84K, 4% free 9732K/10112K, paused 15ms, total 15ms
05-22 13:42:59.681 W/Parcel  ( 1661): Attempt to read object from Parcel 0x5ec3bdac at offset 200 that is not in the object list
05-22 13:43:00.017 W/Parcel  ( 1661): Attempt to read object from Parcel 0x5ded3dac at offset 200 that is not in the object list
05-22 13:43:00.963 W/MountService(  374): getVolumeState(/storage/emulated/0/external_sd): Unknown volume
05-22 13:43:00.963 W/MountService(  374): getVolumeState(/mnt/sdcard-ext): Unknown volume
05-22 13:43:00.986 W/MountService(  374): getVolumeState(/mnt/ext_sdcard): Unknown volume
05-22 13:43:01.002 W/MountService(  374): getVolumeState(/mnt/sdcard2): Unknown volume
05-22 13:43:01.002 W/MountService(  374): getVolumeState(/mnt/emmc): Unknown volume
05-22 13:43:01.002 W/MountService(  374): getVolumeState(/mnt/extSdCard): Unknown volume
05-22 13:43:01.017 W/MountService(  374): getVolumeState(/mnt/sdcard/SD_CARD): Unknown volume
05-22 13:43:01.025 W/MountService(  374): getVolumeState(/mnt/sdcard/extra_sd): Unknown volume
05-22 13:43:01.049 W/MountService(  374): getVolumeState(/mnt/extrasd_bind): Unknown volume
05-22 13:43:01.088 W/MountService(  374): getVolumeState(/mnt/sdcard/ext_sd): Unknown volume
05-22 13:43:01.103 W/MountService(  374): getVolumeState(/storage/extSdCard): Unknown volume
05-22 13:43:01.103 W/MountService(  374): getVolumeState(/storage/sdcard1): Unknown volume
05-22 13:43:01.103 W/MountService(  374): getVolumeState(/mnt/sdcard/external_SD): Unknown volume
05-22 13:43:01.150 W/MountService(  374): getVolumeState(/mnt/sdcard/external_sd): Unknown volume
05-22 13:43:03.056 D/dalvikvm( 1468): GC_CONCURRENT freed 444K, 21% free 9965K/12512K, paused 19ms+220ms, total 1812ms
05-22 13:43:03.564 I/PowerManagerService(  374): Going to sleep due to screen timeout...
05-22 13:43:04.010 I/PowerManagerService(  374): Waking up from sleep...
05-22 13:43:04.135 D/dalvikvm(  374): GC_FOR_ALLOC freed 2201K, 20% free 24622K/30504K, paused 80ms, total 80ms
05-22 13:43:04.221 D/dalvikvm(  374): GC_FOR_ALLOC freed 1327K, 22% free 24038K/30504K, paused 76ms, total 76ms
05-22 13:43:04.228 D/LauncherApplication(21518): [null:-1]->onActivityPaused
05-22 13:43:04.252 D/LauncherApplication(21518): [null:-1]->onActivityPaused  updateTime
05-22 13:43:04.330 W/Parcel  ( 1661): Attempt to read object from Parcel 0x6013bdac at offset 200 that is not in the object list
05-22 13:43:04.338 D/NfcService(  568): NFC-C OFF, disconnect
05-22 13:43:04.338 D/LightsService(  374): Excessive delay setting light: 95ms
05-22 13:43:04.353 W/InputMethodManagerService(  374): Window already focused, ignoring focus gain of: com.android.internal.view.IInputMethodClient$Stub$Proxy@42cf4968 attribute=android.view.inputmethod.EditorInfo@42dcf478, token = android.os.BinderProxy@427d4590
05-22 13:43:04.369 W/MountService(  374): getVolumeState(/storage/emulated/0/external_sd): Unknown volume
05-22 13:43:04.369 W/MountService(  374): getVolumeState(/mnt/sdcard-ext): Unknown volume
05-22 13:43:04.369 W/MountService(  374): getVolumeState(/mnt/ext_sdcard): Unknown volume
05-22 13:43:04.369 W/MountService(  374): getVolumeState(/mnt/sdcard2): Unknown volume
05-22 13:43:04.377 W/MountService(  374): getVolumeState(/mnt/emmc): Unknown volume
05-22 13:43:04.377 W/MountService(  374): getVolumeState(/mnt/extSdCard): Unknown volume
05-22 13:43:04.385 W/MountService(  374): getVolumeState(/mnt/sdcard/SD_CARD): Unknown volume
05-22 13:43:04.392 D/LightsService(  374): Excessive delay setting light: 57ms
05-22 13:43:04.392 W/MountService(  374): getVolumeState(/mnt/sdcard/extra_sd): Unknown volume
05-22 13:43:04.392 W/MountService(  374): getVolumeState(/mnt/extrasd_bind): Unknown volume
05-22 13:43:04.392 W/MountService(  374): getVolumeState(/mnt/sdcard/ext_sd): Unknown volume
05-22 13:43:04.416 V/WiseDownloadConditionControler(20342): checkCondition  type : TODAY_LAUNCHED_USER  inerrupting: false
05-22 13:43:04.439 V/MDM :   (21518): [null:-1]->Screen receiver is called.
05-22 13:43:04.447 W/Parcel  ( 1661): Attempt to read object from Parcel 0x5ef3bdac at offset 200 that is not in the object list
05-22 13:43:04.463 D/dalvikvm( 1468): GC_CONCURRENT freed 484K, 21% free 9992K/12512K, paused 7ms+4ms, total 109ms
05-22 13:43:04.471 D/dalvikvm( 1468): WAIT_FOR_CONCURRENT_GC blocked 72ms
05-22 13:43:04.471 D/dalvikvm( 1468): WAIT_FOR_CONCURRENT_GC blocked 16ms
05-22 13:43:04.471 W/MountService(  374): getVolumeState(/storage/extSdCard): Unknown volume
05-22 13:43:04.471 W/MountService(  374): getVolumeState(/storage/sdcard1): Unknown volume
05-22 13:43:04.471 W/MountService(  374): getVolumeState(/mnt/sdcard/external_SD): Unknown volume
05-22 13:43:04.471 W/MountService(  374): getVolumeState(/mnt/sdcard/external_sd): Unknown volume
05-22 13:43:04.494 V/LauncherApplication(21518): onActivityStarted
05-22 13:43:04.494 I/WindowManager(  374): No lock screen!
05-22 13:43:04.517 D/        (21518): [---null: -1---]     awsa  onActivityResumed
05-22 13:43:04.517 V/LauncherApplication(21518): 2MdmConstant.LAST_LAUNCH_TIME = 1400737384260
05-22 13:43:04.525 D/        (21518): [---null: -1---]  activity = com.pekall.emdm.launcher.Launcher
05-22 13:43:04.533 V/DefultSetContriller(21518): isLauncherDf = com.pekall.emdm.launcher
05-22 13:43:04.533 V/DefultSetContriller(21518): isLauncherDf = com.pekall.emdm.launcher
05-22 13:43:04.541 V/DefultSetContriller(21518): isPhoneDf = com.pekall.emdm.launcher
05-22 13:43:04.541 E/LauncherApplication(21518): isShowLogoutUI = true
05-22 13:43:04.541 E/LauncherApplication(21518): LogoutShowTime 1
05-22 13:43:04.541 V/Launcher(21518): onResume1111111 
05-22 13:43:04.541 V/Launcher(21518): is login ----> 
05-22 13:43:04.541 I/System.out(21518):  
05-22 13:43:04.541 I/System.out(21518): com.pekall.emdm.launcher.Workspace.setWallpaper(Unknown Source)
05-22 13:43:04.541 I/System.out(21518): com.pekall.emdm.launcher.Launcher.onResume(Unknown Source)
05-22 13:43:04.541 I/System.out(21518): android.app.Instrumentation.callActivityOnResume(Instrumentation.java:1192)
05-22 13:43:04.541 I/System.out(21518): android.app.Activity.performResume(Activity.java:5211)
05-22 13:43:04.541 I/System.out(21518): android.app.ActivityThread.performResumeActivity(ActivityThread.java:2780)
05-22 13:43:04.541 I/System.out(21518): android.app.ActivityThread.handleResumeActivity(ActivityThread.java:2819)
05-22 13:43:04.541 I/System.out(21518): android.app.ActivityThread$H.handleMessage(ActivityThread.java:1298)
05-22 13:43:04.541 I/System.out(21518): android.os.Handler.dispatchMessage(Handler.java:99)
05-22 13:43:04.541 I/System.out(21518): android.os.Looper.loop(Looper.java:137)
05-22 13:43:04.549 I/System.out(21518): android.app.ActivityThread.main(ActivityThread.java:5103)
05-22 13:43:04.549 I/System.out(21518): java.lang.reflect.Method.invokeNative(Native Method)
05-22 13:43:04.549 I/System.out(21518): java.lang.reflect.Method.invoke(Method.java:525)
05-22 13:43:04.549 I/System.out(21518): com.android.internal.os.ZygoteInit$MethodAndArgsCaller.run(ZygoteInit.java:737)
05-22 13:43:04.549 I/System.out(21518): com.android.internal.os.ZygoteInit.main(ZygoteInit.java:553)
05-22 13:43:04.549 I/System.out(21518): dalvik.system.NativeStart.main(Native Method)
05-22 13:43:04.556 D/dalvikvm(  448): GC_FOR_ALLOC freed 1289K, 15% free 13742K/16128K, paused 42ms, total 42ms
05-22 13:43:04.611 W/Parcel  ( 1661): Attempt to read object from Parcel 0x6013bdac at offset 200 that is not in the object list
05-22 13:43:04.619 W/Parcel  ( 1661): Attempt to read object from Parcel 0x5dfd3dac at offset 200 that is not in the object list
05-22 13:43:04.650 V/DigitalWidgetViewsFactory(19507): DigitalWidget sets next alarm string to null
05-22 13:43:04.650 V/WiseDownloadConditionControler(20342): checkCondition  type : WISE_DOWNLOAD  inerrupting: true
05-22 13:43:04.674 D/LightsService(  374): Excessive delay setting light: 132ms
05-22 13:43:04.767 D/dalvikvm( 1661): GC_CONCURRENT freed 1324K, 18% free 13094K/15888K, paused 5ms+3ms, total 57ms
05-22 13:43:04.806 D/dalvikvm(21518): JIT unchain all for threadid=11
05-22 13:43:04.838 D/dalvikvm(21518): GC_FOR_ALLOC freed 3580K, 30% free 27140K/38500K, paused 288ms, total 288ms
05-22 13:43:05.369 D/NfcService(  568): NFC-C ON
05-22 13:43:05.627 V/PanelView(  448): animationTick called with dtms=0; nothing to do (h=0.0 v=4000.0)
05-22 13:43:05.666 D/SizeAdaptiveLayout(  448): com.android.internal.widget.SizeAdaptiveLayout{4267ddf0 V.E..... ......I. 0,0-720,128 #7f070058 app:id/adaptive}child view android.widget.RelativeLayout{42764960 V.E..... ......I. 0,0-720,124} measured out of bounds at 124px clamped to 128px
05-22 13:43:05.674 D/SizeAdaptiveLayout(  448): com.android.internal.widget.SizeAdaptiveLayout{42520e48 V.E..... ......I. 0,0-720,128 #7f070058 app:id/adaptive}child view android.widget.RelativeLayout{423018a8 V.E..... ......I. 0,0-720,122} measured out of bounds at 122px clamped to 128px
05-22 13:43:05.783 D/SizeAdaptiveLayout(  448): com.android.internal.widget.SizeAdaptiveLayout{4267ddf0 V.E..... ......I. 0,0-720,128 #7f070058 app:id/adaptive}child view android.widget.RelativeLayout{42764960 V.E..... ......I. 0,0-720,124} measured out of bounds at 124px clamped to 128px
05-22 13:43:05.799 D/SizeAdaptiveLayout(  448): com.android.internal.widget.SizeAdaptiveLayout{42520e48 V.E..... ......I. 0,0-720,128 #7f070058 app:id/adaptive}child view android.widget.RelativeLayout{423018a8 V.E..... ......I. 0,0-720,122} measured out of bounds at 122px clamped to 128px
05-22 13:43:28.002 D/dalvikvm(22115): Late-enabling CheckJNI
05-22 13:43:28.017 I/ActivityManager(  374): Start proc com.pekall.emdm.launcher:remote for service com.pekall.emdm.launcher/com.baidu.location.f: pid=22115 uid=10066 gids={50066, 1015, 3002, 3001, 3003, 1028}
05-22 13:43:28.096 V/MyServiceConnection(22115): [SConnection] sandbox service is NOT installed.
05-22 13:43:28.096 V/MyServiceConnection(22115): [SConnection] binding service: pekall.intent.action.SANDBOX_SERVICE
05-22 13:43:28.103 D/ScClassLoader(22115): >> SOURCE FILE: /data/data/com.pekall.emdm.launcher/app_jars/sc-jdk15on-1.47.0.2.dex.jar
05-22 13:43:28.150 D/LightsService(  374): Excessive delay setting light: 71ms
05-22 13:43:28.166 D/dalvikvm(22115): GC_CONCURRENT freed 147K, 2% free 9286K/9472K, paused 6ms+2ms, total 51ms
05-22 13:43:28.166 D/dalvikvm(22115): WAIT_FOR_CONCURRENT_GC blocked 14ms
05-22 13:43:28.166 D/dalvikvm(22115): WAIT_FOR_CONCURRENT_GC blocked 15ms
05-22 13:43:28.166 D/dalvikvm(22115): WAIT_FOR_CONCURRENT_GC blocked 15ms
05-22 13:43:28.174 W/Parcel  ( 1661): Attempt to read object from Parcel 0x6003bdac at offset 200 that is not in the object list
05-22 13:43:28.174 W/Parcel  ( 1661): Attempt to read object from Parcel 0x5ef3bdac at offset 200 that is not in the object list
05-22 13:43:28.174 D/Email   (22115): Email: init sandbox at the beginning.
05-22 13:43:28.174 V/MyServiceConnection(22115): [SConnection] retry to bind service
05-22 13:43:28.174 V/MyServiceConnection(22115): [SConnection] sandbox service is NOT installed.
05-22 13:43:28.174 V/MyServiceConnection(22115): [SConnection] binding service: pekall.intent.action.SANDBOX_SERVICE
05-22 13:43:28.197 V/MyServiceConnection(22115): [SConnection] retry to bind service
05-22 13:43:28.197 V/MyServiceConnection(22115): [SConnection] sandbox service is NOT installed.
05-22 13:43:28.197 V/MyServiceConnection(22115): [SConnection] binding service: pekall.intent.action.SANDBOX_SERVICE
05-22 13:43:28.205 V/l       (22115): Bind requested for task setLogging
05-22 13:43:28.291 D/dalvikvm(22115): GC_CONCURRENT freed 213K, 3% free 9584K/9836K, paused 3ms+7ms, total 45ms
05-22 13:43:28.291 D/dalvikvm(22115): WAIT_FOR_CONCURRENT_GC blocked 11ms
05-22 13:43:28.291 D/dalvikvm(22115): WAIT_FOR_CONCURRENT_GC blocked 11ms
05-22 13:43:28.291 D/dalvikvm(22115): WAIT_FOR_CONCURRENT_GC blocked 3ms
05-22 13:43:28.338 W/DocumentManager(22115): Sandbox service is not connected.
05-22 13:43:28.338 D/MessageControllerImpl(22115): controller is null
05-22 13:43:28.338 V/MyServiceConnection(22115): [SConnection] retry to bind service
05-22 13:43:28.338 V/MyServiceConnection(22115): [SConnection] sandbox service is NOT installed.
05-22 13:43:28.338 V/MyServiceConnection(22115): [SConnection] binding service: pekall.intent.action.SANDBOX_SERVICE
05-22 13:43:28.338 W/SQLiteOpenHelper(22115): Opened /data/data/com.pekall.emdm.launcher/databases/message.db
05-22 13:43:28.338 W/dalvikvm(22115): No implementation found for native Lcom/pekall/sandbox/database/sqlite/SQLiteDatabase;.native_setSqliteSoftHeapLimit:(I)V
05-22 13:43:28.338 D/AndroidRuntime(22115): Shutting down VM
05-22 13:43:28.338 W/dalvikvm(22115): threadid=1: thread exiting with uncaught exception (group=0x419c8700)
05-22 13:43:28.338 D/        (22115): [---null: -1---]  Thread is main
05-22 13:43:28.338 W/System.err(22115): java.lang.UnsatisfiedLinkError: Native method not found: com.pekall.sandbox.database.sqlite.SQLiteDatabase.native_setSqliteSoftHeapLimit:(I)V
05-22 13:43:28.346 W/System.err(22115): 	at com.pekall.sandbox.database.sqlite.SQLiteDatabase.native_setSqliteSoftHeapLimit(Native Method)
05-22 13:43:28.346 W/System.err(22115): 	at com.pekall.sandbox.database.sqlite.SQLiteDatabase.<init>(Unknown Source)
05-22 13:43:28.346 W/System.err(22115): 	at com.pekall.sandbox.database.sqlite.SQLiteDatabase.openDatabase(Unknown Source)
05-22 13:43:28.346 W/System.err(22115): 	at com.pekall.sandbox.database.sqlite.SQLiteDatabase.openDatabase(Unknown Source)
05-22 13:43:28.346 W/System.err(22115): 	at com.pekall.sandbox.database.sqlite.SQLiteDatabase.openDatabase(Unknown Source)
05-22 13:43:28.346 W/System.err(22115): 	at com.pekall.sandbox.database.sqlite.SQLiteOpenHelper.getWritableDatabase(Unknown Source)
05-22 13:43:28.346 W/System.err(22115): 	at com.pekall.emdm.messagecenter.db.a.a(Unknown Source)
05-22 13:43:28.346 W/System.err(22115): 	at com.pekall.emdm.messagecenter.db.a.b(Unknown Source)
05-22 13:43:28.346 W/System.err(22115): 	at com.pekall.emdm.messagecenter.activity.a.onCreate(Unknown Source)
05-22 13:43:28.346 W/System.err(22115): 	at com.pekall.emdm.launcher.LauncherApplication.onCreate(Unknown Source)
05-22 13:43:28.346 W/System.err(22115): 	at android.app.Instrumentation.callApplicationOnCreate(Instrumentation.java:1007)
05-22 13:43:28.346 W/System.err(22115): 	at android.app.ActivityThread.handleBindApplication(ActivityThread.java:4444)
05-22 13:43:28.346 W/System.err(22115): 	at android.app.ActivityThread.access$1300(ActivityThread.java:141)
05-22 13:43:28.346 W/System.err(22115): 	at android.app.ActivityThread$H.handleMessage(ActivityThread.java:1316)
05-22 13:43:28.346 W/System.err(22115): 	at android.os.Handler.dispatchMessage(Handler.java:99)
05-22 13:43:28.346 W/System.err(22115): 	at android.os.Looper.loop(Looper.java:137)
05-22 13:43:28.346 W/System.err(22115): 	at android.app.ActivityThread.main(ActivityThread.java:5103)
05-22 13:43:28.346 W/System.err(22115): 	at java.lang.reflect.Method.invokeNative(Native Method)
05-22 13:43:28.346 W/System.err(22115): 	at java.lang.reflect.Method.invoke(Method.java:525)
05-22 13:43:28.346 W/System.err(22115): 	at com.android.internal.os.ZygoteInit$MethodAndArgsCaller.run(ZygoteInit.java:737)
05-22 13:43:28.346 W/System.err(22115): 	at com.android.internal.os.ZygoteInit.main(ZygoteInit.java:553)
05-22 13:43:28.346 W/System.err(22115): 	at dalvik.system.NativeStart.main(Native Method)
05-22 13:43:28.408 D/ExchangeService(21518): !!! EAS ExchangeService, onCreate
05-22 13:43:28.471 W/Parcel  ( 1661): Attempt to read object from Parcel 0x5ded3dac at offset 200 that is not in the object list
05-22 13:43:28.471 D/ExchangeService(21518): !!! EAS ExchangeService, onStartCommand, startingUp = false, running = false
05-22 13:43:28.471 D/ExchangeService(21518): to start secureStorageService now
05-22 13:43:28.510 V/a       (21518): Bind requested for task test
05-22 13:43:28.650 D/LightsService(  374): Excessive delay setting light: 464ms
05-22 13:43:28.666 D/ActivityThread(22115): Loading provider com.pekall.semail.provider;com.pekall.semail.notifier: com.pekall.semail.provider.EmailProvider
05-22 13:43:28.674 V/a       (21518): Connected: com.pekall.semail.service.AccountServiceInternal
05-22 13:43:28.697 V/a       (21518): Connection test succeeded in 188ms
05-22 13:43:28.697 V/a       (21518): Task test completed; disconnecting
05-22 13:43:28.721 D/ExchangeService(21518): Reconciling accounts...
05-22 13:43:28.853 V/a       (21518): Bind requested for task reconcileAccounts
05-22 13:43:28.877 D/LightsService(  374): Excessive delay setting light: 210ms
05-22 13:43:28.900 V/a       (21518): Connected: com.pekall.semail.service.AccountServiceInternal
05-22 13:43:28.900 D/ActivityThread(22115): Loading provider com.pekall.semail.provider;com.pekall.semail.notifier: com.pekall.semail.provider.EmailProvider
05-22 13:43:28.931 V/a       (21518): Task reconcileAccounts completed; disconnecting
05-22 13:43:28.971 V/a       (21518): Waiting for task reconcileAccounts to complete...
05-22 13:43:29.041 D/dalvikvm(22115): GC_CONCURRENT freed 486K, 6% free 9496K/10024K, paused 3ms+3ms, total 32ms
05-22 13:43:29.213 W/EmailProvider(22115): restoreIfNeeded...
05-22 13:43:29.275 D/EmailProvider(22115): restoreAccounts...
05-22 13:43:29.322 D/dalvikvm(22065): GC_FOR_ALLOC freed 7409K, 91% free 781K/8192K, paused 41ms, total 41ms
05-22 13:43:29.471 D/dalvikvm(22065): GC_CONCURRENT freed 498K, 91% free 744K/8192K, paused 0ms+0ms, total 7ms
05-22 13:43:30.002 D/EmailProvider(22115): No accounts to restore...
05-22 13:43:30.010 D/EmailProvider(22115): Deleting orphans...
05-22 13:43:30.017 D/EmailProvider(22115): EmailProvider pre-caching...
05-22 13:43:31.650 D/EmailProvider(22115): EmailProvider ready.
05-22 13:43:31.908 W/ActivityManager(  374): Unable to start service Intent { cmp=com.pekall.emdm.launcher/com.pekall.semail.service.AttachmentDownloadService } U=0: not found
05-22 13:43:32.197 I/Email   (22115): Notifications being toggled: false
05-22 13:43:33.221 D/dalvikvm(21248): GC_CONCURRENT freed 378K, 5% free 9174K/9596K, paused 17ms+2ms, total 816ms
05-22 13:43:34.017 D/LauncherApplication(21518): [null:-1]->onActivityPaused
05-22 13:43:34.017 I/PowerManagerService(  374): Going to sleep due to screen timeout...
05-22 13:43:34.017 I/PowerManagerService(  374): Waking up from sleep...
05-22 13:43:34.072 D/LauncherApplication(21518): [null:-1]->onActivityPaused  updateTime
05-22 13:43:34.174 D/NfcService(  568): NFC-C OFF, disconnect
05-22 13:43:34.174 W/Parcel  ( 1661): Attempt to read object from Parcel 0x5ef3bdac at offset 200 that is not in the object list
05-22 13:43:34.221 W/InputMethodManagerService(  374): Window already focused, ignoring focus gain of: com.android.internal.view.IInputMethodClient$Stub$Proxy@4278e3c0 attribute=android.view.inputmethod.EditorInfo@42f15c78, token = android.os.BinderProxy@427d4590
05-22 13:43:34.244 V/WiseDownloadConditionControler(20342): checkCondition  type : TODAY_LAUNCHED_USER  inerrupting: false
05-22 13:43:34.283 V/MDM :   (21518): [null:-1]->Screen receiver is called.
05-22 13:43:34.291 W/Parcel  ( 1661): Attempt to read object from Parcel 0x6003bdac at offset 200 that is not in the object list
05-22 13:43:34.556 D/LightsService(  374): Excessive delay setting light: 174ms
05-22 13:43:34.627 D/LightsService(  374): Excessive delay setting light: 62ms
05-22 13:43:34.822 V/PanelView(  448): animationTick called with dtms=0; nothing to do (h=0.0 v=4000.0)
05-22 13:43:34.861 D/LightsService(  374): Excessive delay setting light: 134ms
05-22 13:43:34.892 D/SizeAdaptiveLayout(  448): com.android.internal.widget.SizeAdaptiveLayout{4267ddf0 V.E..... ......I. 0,0-720,128 #7f070058 app:id/adaptive}child view android.widget.RelativeLayout{42764960 V.E..... ......I. 0,0-720,124} measured out of bounds at 124px clamped to 128px
05-22 13:43:34.900 D/SizeAdaptiveLayout(  448): com.android.internal.widget.SizeAdaptiveLayout{42520e48 V.E..... ......I. 0,0-720,128 #7f070058 app:id/adaptive}child view android.widget.RelativeLayout{423018a8 V.E..... ......I. 0,0-720,122} measured out of bounds at 122px clamped to 128px
05-22 13:43:35.049 D/SizeAdaptiveLayout(  448): com.android.internal.widget.SizeAdaptiveLayout{4267ddf0 V.E..... ......I. 0,0-720,128 #7f070058 app:id/adaptive}child view android.widget.RelativeLayout{42764960 V.E..... ......I. 0,0-720,124} measured out of bounds at 124px clamped to 128px
05-22 13:43:35.088 D/SizeAdaptiveLayout(  448): com.android.internal.widget.SizeAdaptiveLayout{42520e48 V.E..... ......I. 0,0-720,128 #7f070058 app:id/adaptive}child view android.widget.RelativeLayout{423018a8 V.E..... ......I. 0,0-720,122} measured out of bounds at 122px clamped to 128px
05-22 13:43:35.221 D/dalvikvm(  448): GC_CONCURRENT freed 1042K, 12% free 14211K/16128K, paused 3ms+22ms, total 129ms
05-22 13:43:35.502 D/SizeAdaptiveLayout(  448): com.android.internal.widget.SizeAdaptiveLayout{4267ddf0 V.E..... ......I. 0,0-720,128 #7f070058 app:id/adaptive}child view android.widget.RelativeLayout{42764960 V.E..... ......I. 0,0-720,124} measured out of bounds at 124px clamped to 128px
05-22 13:43:35.517 D/SizeAdaptiveLayout(  448): com.android.internal.widget.SizeAdaptiveLayout{42520e48 V.E..... ......I. 0,0-720,128 #7f070058 app:id/adaptive}child view android.widget.RelativeLayout{423018a8 V.E..... ......I. 0,0-720,122} measured out of bounds at 122px clamped to 128px
05-22 13:43:39.135 D/dalvikvm(22065): GC_CONCURRENT freed 484K, 92% free 655K/8156K, paused 1ms+1ms, total 8ms
05-22 13:43:39.181 V/KeyguardHostView(  374): hide transport, gen:2
05-22 13:43:39.181 V/KeyguardHostView(  374): music state changed: 0
05-22 13:43:39.205 D/PhoneStatusBar(  448): disable: < EXPAND* icons alerts TICKER* system_info back home RECENT* clock SEARCH* >
05-22 13:43:39.205 V/PanelView(  448): animationTick called with dtms=0; nothing to do (h=1184.0 v=-4000.0)
05-22 13:43:39.228 V/PanelView(  448): animationTick called with dtms=0; nothing to do (h=1184.0 v=-4000.0)
05-22 13:43:39.228 V/PanelView(  448): animationTick called with dtms=-9; nothing to do (h=1184.0 v=-4000.0)
05-22 13:43:39.236 V/TAG     (  374): bug 7643792: fitSystemWindows([0,50][0,0])
05-22 13:43:39.674 D/PhoneStatusBar(  448): disable: < EXPAND icons alerts TICKER system_info BACK* HOME* RECENT CLOCK* SEARCH >
05-22 13:43:40.189 I/QueryController(22065): Matched selector: UiSelector[DESCRIPTION=Dot., PACKAGE NAME=android] <<==>> [android.view.accessibility.AccessibilityNodeInfo@6d878e; boundsInParent: Rect(0, 0 - 202, 123); boundsInScreen: Rect(56, 569 - 258, 692); packageName: android; className: android.widget.Button; text: 1; contentDescription: Dot.; viewIdResName: android:id/key1; checkable: false; checked: false; focusable: true; focused: false; selected: false; clickable: true; longClickable: false; enabled: true; password: false; scrollable: false; [ACTION_FOCUS, ACTION_SELECT, ACTION_CLEAR_SELECTION, ACTION_CLICK, ACTION_ACCESSIBILITY_FOCUS, ACTION_NEXT_AT_MOVEMENT_GRANULARITY, ACTION_PREVIOUS_AT_MOVEMENT_GRANULARITY, ACTION_SET_SELECTION]]
