05-22 13:31:59.791 W/MountService(  374): getVolumeState(/mnt/emmc): Unknown volume
05-22 13:31:59.791 W/MountService(  374): getVolumeState(/mnt/extSdCard): Unknown volume
05-22 13:31:59.791 W/MountService(  374): getVolumeState(/mnt/sdcard/SD_CARD): Unknown volume
05-22 13:31:59.791 W/MountService(  374): getVolumeState(/mnt/sdcard/extra_sd): Unknown volume
05-22 13:31:59.791 W/MountService(  374): getVolumeState(/mnt/extrasd_bind): Unknown volume
05-22 13:31:59.791 W/MountService(  374): getVolumeState(/mnt/sdcard/ext_sd): Unknown volume
05-22 13:31:59.791 W/MountService(  374): getVolumeState(/storage/extSdCard): Unknown volume
05-22 13:31:59.791 W/MountService(  374): getVolumeState(/storage/sdcard1): Unknown volume
05-22 13:31:59.791 W/MountService(  374): getVolumeState(/mnt/sdcard/external_SD): Unknown volume
05-22 13:31:59.791 W/MountService(  374): getVolumeState(/mnt/sdcard/external_sd): Unknown volume
05-22 13:32:00.025 W/MountService(  374): getVolumeState(/storage/emulated/0/external_sd): Unknown volume
05-22 13:32:00.025 W/MountService(  374): getVolumeState(/mnt/sdcard-ext): Unknown volume
05-22 13:32:00.025 W/MountService(  374): getVolumeState(/mnt/ext_sdcard): Unknown volume
05-22 13:32:00.025 W/MountService(  374): getVolumeState(/mnt/sdcard2): Unknown volume
05-22 13:32:00.025 W/MountService(  374): getVolumeState(/mnt/emmc): Unknown volume
05-22 13:32:00.025 W/MountService(  374): getVolumeState(/mnt/extSdCard): Unknown volume
05-22 13:32:00.025 W/MountService(  374): getVolumeState(/mnt/sdcard/SD_CARD): Unknown volume
05-22 13:32:00.033 W/MountService(  374): getVolumeState(/mnt/sdcard/extra_sd): Unknown volume
05-22 13:32:00.033 W/MountService(  374): getVolumeState(/mnt/extrasd_bind): Unknown volume
05-22 13:32:00.033 W/MountService(  374): getVolumeState(/mnt/sdcard/ext_sd): Unknown volume
05-22 13:32:00.041 W/MountService(  374): getVolumeState(/storage/extSdCard): Unknown volume
05-22 13:32:00.041 W/MountService(  374): getVolumeState(/storage/sdcard1): Unknown volume
05-22 13:32:00.041 W/MountService(  374): getVolumeState(/mnt/sdcard/external_SD): Unknown volume
05-22 13:32:00.041 W/MountService(  374): getVolumeState(/mnt/sdcard/external_sd): Unknown volume
05-22 13:32:08.486 I/PowerManagerService(  374): Going to sleep due to screen timeout...
05-22 13:32:14.197 D/PhoneStatusBar(  448): disable: < EXPAND* icons alerts TICKER* system_info back home RECENT* clock SEARCH* >
05-22 13:32:14.338 D/PhoneStatusBar(  448): disable: < EXPAND icons alerts TICKER system_info BACK* HOME* RECENT CLOCK* SEARCH >
05-22 13:32:59.885 W/MountService(  374): getVolumeState(/storage/emulated/0/external_sd): Unknown volume
05-22 13:32:59.885 W/MountService(  374): getVolumeState(/mnt/sdcard-ext): Unknown volume
05-22 13:32:59.885 W/MountService(  374): getVolumeState(/mnt/ext_sdcard): Unknown volume
05-22 13:32:59.885 W/MountService(  374): getVolumeState(/mnt/sdcard2): Unknown volume
05-22 13:32:59.885 W/MountService(  374): getVolumeState(/mnt/emmc): Unknown volume
05-22 13:32:59.885 W/MountService(  374): getVolumeState(/mnt/extSdCard): Unknown volume
05-22 13:32:59.885 W/MountService(  374): getVolumeState(/mnt/sdcard/SD_CARD): Unknown volume
05-22 13:32:59.885 W/MountService(  374): getVolumeState(/mnt/sdcard/extra_sd): Unknown volume
05-22 13:32:59.885 W/MountService(  374): getVolumeState(/mnt/extrasd_bind): Unknown volume
05-22 13:32:59.885 W/MountService(  374): getVolumeState(/mnt/sdcard/ext_sd): Unknown volume
05-22 13:32:59.892 W/MountService(  374): getVolumeState(/storage/extSdCard): Unknown volume
05-22 13:32:59.892 W/MountService(  374): getVolumeState(/storage/sdcard1): Unknown volume
05-22 13:32:59.892 W/MountService(  374): getVolumeState(/mnt/sdcard/external_SD): Unknown volume
05-22 13:32:59.892 W/MountService(  374): getVolumeState(/mnt/sdcard/external_sd): Unknown volume
05-22 13:33:00.267 W/MountService(  374): getVolumeState(/storage/emulated/0/external_sd): Unknown volume
05-22 13:33:00.267 W/MountService(  374): getVolumeState(/mnt/sdcard-ext): Unknown volume
05-22 13:33:00.267 W/MountService(  374): getVolumeState(/mnt/ext_sdcard): Unknown volume
05-22 13:33:00.267 W/MountService(  374): getVolumeState(/mnt/sdcard2): Unknown volume
05-22 13:33:00.267 W/MountService(  374): getVolumeState(/mnt/emmc): Unknown volume
05-22 13:33:00.267 W/MountService(  374): getVolumeState(/mnt/extSdCard): Unknown volume
05-22 13:33:00.275 W/MountService(  374): getVolumeState(/mnt/sdcard/SD_CARD): Unknown volume
05-22 13:33:00.275 W/MountService(  374): getVolumeState(/mnt/sdcard/extra_sd): Unknown volume
05-22 13:33:00.275 W/MountService(  374): getVolumeState(/mnt/extrasd_bind): Unknown volume
05-22 13:33:00.275 W/MountService(  374): getVolumeState(/mnt/sdcard/ext_sd): Unknown volume
05-22 13:33:00.275 W/MountService(  374): getVolumeState(/storage/extSdCard): Unknown volume
05-22 13:33:00.275 W/MountService(  374): getVolumeState(/storage/sdcard1): Unknown volume
05-22 13:33:00.275 W/MountService(  374): getVolumeState(/mnt/sdcard/external_SD): Unknown volume
05-22 13:33:00.275 W/MountService(  374): getVolumeState(/mnt/sdcard/external_sd): Unknown volume
05-22 13:33:48.103 I/ActivityManager(  374): No longer want com.qihoo360.mobilesafe:PcDaemon (pid 20579): empty for 1801s
05-22 13:33:48.111 W/ActivityManager(  374): Scheduling restart of crashed service com.qihoo360.mobilesafe/.pcdaemon.service.DaemonService in 5000ms
05-22 13:33:53.142 I/ActivityManager(  374): Start proc com.qihoo360.mobilesafe:PcDaemon for service com.qihoo360.mobilesafe/.pcdaemon.service.DaemonService: pid=21313 uid=10069 gids={50069, 3003, 1015, 3001, 3002, 1006, 1028}
05-22 13:33:59.971 W/MountService(  374): getVolumeState(/storage/emulated/0/external_sd): Unknown volume
05-22 13:33:59.971 W/MountService(  374): getVolumeState(/mnt/sdcard-ext): Unknown volume
05-22 13:33:59.971 W/MountService(  374): getVolumeState(/mnt/ext_sdcard): Unknown volume
05-22 13:33:59.971 W/MountService(  374): getVolumeState(/mnt/sdcard2): Unknown volume
05-22 13:33:59.971 W/MountService(  374): getVolumeState(/mnt/emmc): Unknown volume
05-22 13:33:59.971 W/MountService(  374): getVolumeState(/mnt/extSdCard): Unknown volume
05-22 13:33:59.971 W/MountService(  374): getVolumeState(/mnt/sdcard/SD_CARD): Unknown volume
05-22 13:33:59.971 W/MountService(  374): getVolumeState(/mnt/sdcard/extra_sd): Unknown volume
05-22 13:33:59.978 W/MountService(  374): getVolumeState(/mnt/extrasd_bind): Unknown volume
05-22 13:33:59.978 W/MountService(  374): getVolumeState(/mnt/sdcard/ext_sd): Unknown volume
05-22 13:33:59.978 W/MountService(  374): getVolumeState(/storage/extSdCard): Unknown volume
05-22 13:33:59.978 W/MountService(  374): getVolumeState(/storage/sdcard1): Unknown volume
05-22 13:33:59.978 W/MountService(  374): getVolumeState(/mnt/sdcard/external_SD): Unknown volume
05-22 13:33:59.978 W/MountService(  374): getVolumeState(/mnt/sdcard/external_sd): Unknown volume
05-22 13:34:00.322 W/MountService(  374): getVolumeState(/storage/emulated/0/external_sd): Unknown volume
05-22 13:34:00.322 W/MountService(  374): getVolumeState(/mnt/sdcard-ext): Unknown volume
05-22 13:34:00.322 W/MountService(  374): getVolumeState(/mnt/ext_sdcard): Unknown volume
05-22 13:34:00.322 W/MountService(  374): getVolumeState(/mnt/sdcard2): Unknown volume
05-22 13:34:00.322 W/MountService(  374): getVolumeState(/mnt/emmc): Unknown volume
05-22 13:34:00.322 W/MountService(  374): getVolumeState(/mnt/extSdCard): Unknown volume
05-22 13:34:00.322 W/MountService(  374): getVolumeState(/mnt/sdcard/SD_CARD): Unknown volume
05-22 13:34:00.322 W/MountService(  374): getVolumeState(/mnt/sdcard/extra_sd): Unknown volume
05-22 13:34:00.322 W/MountService(  374): getVolumeState(/mnt/extrasd_bind): Unknown volume
05-22 13:34:00.322 W/MountService(  374): getVolumeState(/mnt/sdcard/ext_sd): Unknown volume
05-22 13:34:00.322 W/MountService(  374): getVolumeState(/storage/extSdCard): Unknown volume
05-22 13:34:00.322 W/MountService(  374): getVolumeState(/storage/sdcard1): Unknown volume
05-22 13:34:00.322 W/MountService(  374): getVolumeState(/mnt/sdcard/external_SD): Unknown volume
05-22 13:34:00.330 W/MountService(  374): getVolumeState(/mnt/sdcard/external_sd): Unknown volume
05-22 13:34:33.275 I/PowerManagerService(  374): Waking up from sleep...
05-22 13:34:33.314 I/WindowManager(  374): Lock screen displayed!
05-22 13:34:36.572 D/PhoneStatusBar(  448): disable: < expand* icons alerts ticker* system_info BACK HOME recent* CLOCK search* >
05-22 13:34:36.611 D/PhoneStatusBar(  448): disable: < expand icons alerts ticker system_info back* home* recent clock* search >
05-22 13:34:36.697 W/InputMethodManagerService(  374): Window already focused, ignoring focus gain of: com.android.internal.view.IInputMethodClient$Stub$Proxy@4297b0a8 attribute=android.view.inputmethod.EditorInfo@4314c8d0, token = android.os.BinderProxy@42d79b78
05-22 13:35:00.080 W/MountService(  374): getVolumeState(/storage/emulated/0/external_sd): Unknown volume
05-22 13:35:00.080 W/MountService(  374): getVolumeState(/mnt/sdcard-ext): Unknown volume
05-22 13:35:00.080 W/MountService(  374): getVolumeState(/mnt/ext_sdcard): Unknown volume
05-22 13:35:00.080 W/MountService(  374): getVolumeState(/mnt/sdcard2): Unknown volume
05-22 13:35:00.080 W/MountService(  374): getVolumeState(/mnt/emmc): Unknown volume
05-22 13:35:00.080 W/MountService(  374): getVolumeState(/mnt/extSdCard): Unknown volume
05-22 13:35:00.080 W/MountService(  374): getVolumeState(/mnt/sdcard/SD_CARD): Unknown volume
05-22 13:35:00.080 W/MountService(  374): getVolumeState(/mnt/sdcard/extra_sd): Unknown volume
05-22 13:35:00.080 W/MountService(  374): getVolumeState(/mnt/extrasd_bind): Unknown volume
05-22 13:35:00.080 W/MountService(  374): getVolumeState(/mnt/sdcard/ext_sd): Unknown volume
05-22 13:35:00.080 W/MountService(  374): getVolumeState(/storage/extSdCard): Unknown volume
05-22 13:35:00.080 W/MountService(  374): getVolumeState(/storage/sdcard1): Unknown volume
05-22 13:35:00.080 W/MountService(  374): getVolumeState(/mnt/sdcard/external_SD): Unknown volume
05-22 13:35:00.080 W/MountService(  374): getVolumeState(/mnt/sdcard/external_sd): Unknown volume
05-22 13:35:00.346 W/MountService(  374): getVolumeState(/storage/emulated/0/external_sd): Unknown volume
05-22 13:35:00.346 W/MountService(  374): getVolumeState(/mnt/sdcard-ext): Unknown volume
05-22 13:35:00.346 W/MountService(  374): getVolumeState(/mnt/ext_sdcard): Unknown volume
05-22 13:35:00.346 W/MountService(  374): getVolumeState(/mnt/sdcard2): Unknown volume
05-22 13:35:00.346 W/MountService(  374): getVolumeState(/mnt/emmc): Unknown volume
05-22 13:35:00.346 W/MountService(  374): getVolumeState(/mnt/extSdCard): Unknown volume
05-22 13:35:00.346 W/MountService(  374): getVolumeState(/mnt/sdcard/SD_CARD): Unknown volume
05-22 13:35:00.346 W/MountService(  374): getVolumeState(/mnt/sdcard/extra_sd): Unknown volume
05-22 13:35:00.346 W/MountService(  374): getVolumeState(/mnt/extrasd_bind): Unknown volume
05-22 13:35:00.353 W/MountService(  374): getVolumeState(/mnt/sdcard/ext_sd): Unknown volume
05-22 13:35:00.353 W/MountService(  374): getVolumeState(/storage/extSdCard): Unknown volume
05-22 13:35:00.353 W/MountService(  374): getVolumeState(/storage/sdcard1): Unknown volume
05-22 13:35:00.353 W/MountService(  374): getVolumeState(/mnt/sdcard/external_SD): Unknown volume
05-22 13:35:00.353 W/MountService(  374): getVolumeState(/mnt/sdcard/external_sd): Unknown volume
05-22 13:35:16.072 I/PowerManagerService(  374): Going to sleep due to screen timeout...
05-22 13:35:21.760 D/PhoneStatusBar(  448): disable: < EXPAND* icons alerts TICKER* system_info back home RECENT* clock SEARCH* >
05-22 13:35:21.877 D/PhoneStatusBar(  448): disable: < EXPAND icons alerts TICKER system_info BACK* HOME* RECENT CLOCK* SEARCH >
05-22 13:36:00.174 W/MountService(  374): getVolumeState(/storage/emulated/0/external_sd): Unknown volume
05-22 13:36:00.181 W/MountService(  374): getVolumeState(/mnt/sdcard-ext): Unknown volume
05-22 13:36:00.181 W/MountService(  374): getVolumeState(/mnt/ext_sdcard): Unknown volume
05-22 13:36:00.181 W/MountService(  374): getVolumeState(/mnt/sdcard2): Unknown volume
05-22 13:36:00.181 W/MountService(  374): getVolumeState(/mnt/emmc): Unknown volume
05-22 13:36:00.181 W/MountService(  374): getVolumeState(/mnt/extSdCard): Unknown volume
05-22 13:36:00.181 W/MountService(  374): getVolumeState(/mnt/sdcard/SD_CARD): Unknown volume
05-22 13:36:00.181 W/MountService(  374): getVolumeState(/mnt/sdcard/extra_sd): Unknown volume
05-22 13:36:00.189 W/MountService(  374): getVolumeState(/mnt/extrasd_bind): Unknown volume
05-22 13:36:00.189 W/MountService(  374): getVolumeState(/mnt/sdcard/ext_sd): Unknown volume
05-22 13:36:00.189 W/MountService(  374): getVolumeState(/storage/extSdCard): Unknown volume
05-22 13:36:00.189 W/MountService(  374): getVolumeState(/storage/sdcard1): Unknown volume
05-22 13:36:00.189 W/MountService(  374): getVolumeState(/mnt/sdcard/external_SD): Unknown volume
05-22 13:36:00.189 W/MountService(  374): getVolumeState(/mnt/sdcard/external_sd): Unknown volume
05-22 13:36:00.517 W/MountService(  374): getVolumeState(/storage/emulated/0/external_sd): Unknown volume
05-22 13:36:00.517 W/MountService(  374): getVolumeState(/mnt/sdcard-ext): Unknown volume
05-22 13:36:00.517 W/MountService(  374): getVolumeState(/mnt/ext_sdcard): Unknown volume
05-22 13:36:00.517 W/MountService(  374): getVolumeState(/mnt/sdcard2): Unknown volume
05-22 13:36:00.517 W/MountService(  374): getVolumeState(/mnt/emmc): Unknown volume
05-22 13:36:00.525 W/MountService(  374): getVolumeState(/mnt/extSdCard): Unknown volume
05-22 13:36:00.525 W/MountService(  374): getVolumeState(/mnt/sdcard/SD_CARD): Unknown volume
05-22 13:36:00.525 W/MountService(  374): getVolumeState(/mnt/sdcard/extra_sd): Unknown volume
05-22 13:36:00.525 W/MountService(  374): getVolumeState(/mnt/extrasd_bind): Unknown volume
05-22 13:36:00.533 W/MountService(  374): getVolumeState(/mnt/sdcard/ext_sd): Unknown volume
05-22 13:36:00.533 W/MountService(  374): getVolumeState(/storage/extSdCard): Unknown volume
05-22 13:36:00.533 W/MountService(  374): getVolumeState(/storage/sdcard1): Unknown volume
05-22 13:36:00.533 W/MountService(  374): getVolumeState(/mnt/sdcard/external_SD): Unknown volume
05-22 13:36:00.533 W/MountService(  374): getVolumeState(/mnt/sdcard/external_sd): Unknown volume
05-22 13:36:44.611 I/PowerManagerService(  374): Waking up from sleep...
05-22 13:36:45.017 I/WindowManager(  374): Lock screen displayed!
05-22 13:36:45.111 I/PowerManagerService(  374): Going to sleep by user request...
05-22 13:36:47.400 I/PowerManagerService(  374): Waking up from sleep...
05-22 13:36:47.424 I/WindowManager(  374): Lock screen displayed!
05-22 13:36:47.642 I/ActivityManager(  374): Process android.process.acore (pid 21151) has died.
05-22 13:36:48.752 D/PhoneStatusBar(  448): disable: < expand* icons alerts ticker* system_info BACK HOME recent* CLOCK search* >
05-22 13:36:48.838 D/PhoneStatusBar(  448): disable: < expand icons alerts ticker system_info back* home* recent clock* search >
05-22 13:36:48.838 W/InputMethodManagerService(  374): Window already focused, ignoring focus gain of: com.android.internal.view.IInputMethodClient$Stub$Proxy@42c12678 attribute=android.view.inputmethod.EditorInfo@43023028, token = android.os.BinderProxy@42f8e690
05-22 13:37:00.330 W/MountService(  374): getVolumeState(/storage/emulated/0/external_sd): Unknown volume
05-22 13:37:00.330 W/MountService(  374): getVolumeState(/mnt/sdcard-ext): Unknown volume
05-22 13:37:00.330 W/MountService(  374): getVolumeState(/mnt/ext_sdcard): Unknown volume
05-22 13:37:00.330 W/MountService(  374): getVolumeState(/mnt/sdcard2): Unknown volume
05-22 13:37:00.330 W/MountService(  374): getVolumeState(/mnt/emmc): Unknown volume
05-22 13:37:00.330 W/MountService(  374): getVolumeState(/mnt/extSdCard): Unknown volume
05-22 13:37:00.330 W/MountService(  374): getVolumeState(/mnt/sdcard/SD_CARD): Unknown volume
05-22 13:37:00.330 W/MountService(  374): getVolumeState(/mnt/sdcard/extra_sd): Unknown volume
05-22 13:37:00.330 W/MountService(  374): getVolumeState(/mnt/extrasd_bind): Unknown volume
05-22 13:37:00.330 W/MountService(  374): getVolumeState(/mnt/sdcard/ext_sd): Unknown volume
05-22 13:37:00.330 W/MountService(  374): getVolumeState(/storage/extSdCard): Unknown volume
05-22 13:37:00.330 W/MountService(  374): getVolumeState(/storage/sdcard1): Unknown volume
05-22 13:37:00.330 W/MountService(  374): getVolumeState(/mnt/sdcard/external_SD): Unknown volume
05-22 13:37:00.330 W/MountService(  374): getVolumeState(/mnt/sdcard/external_sd): Unknown volume
05-22 13:37:00.463 I/ActivityManager(  374): Start proc android.process.acore for content provider com.android.providers.contacts/.ContactsProvider2: pid=21415 uid=10000 gids={50000, 3003, 1015, 1028}
05-22 13:37:00.853 W/MountService(  374): getVolumeState(/storage/emulated/0/external_sd): Unknown volume
05-22 13:37:00.853 W/MountService(  374): getVolumeState(/mnt/sdcard-ext): Unknown volume
05-22 13:37:00.853 W/MountService(  374): getVolumeState(/mnt/ext_sdcard): Unknown volume
05-22 13:37:00.853 W/MountService(  374): getVolumeState(/mnt/sdcard2): Unknown volume
05-22 13:37:00.853 W/MountService(  374): getVolumeState(/mnt/emmc): Unknown volume
05-22 13:37:00.853 W/MountService(  374): getVolumeState(/mnt/extSdCard): Unknown volume
05-22 13:37:00.853 W/MountService(  374): getVolumeState(/mnt/sdcard/SD_CARD): Unknown volume
05-22 13:37:00.853 W/MountService(  374): getVolumeState(/mnt/sdcard/extra_sd): Unknown volume
05-22 13:37:00.853 W/MountService(  374): getVolumeState(/mnt/extrasd_bind): Unknown volume
05-22 13:37:00.853 W/MountService(  374): getVolumeState(/mnt/sdcard/ext_sd): Unknown volume
05-22 13:37:00.861 W/MountService(  374): getVolumeState(/storage/extSdCard): Unknown volume
05-22 13:37:00.861 W/MountService(  374): getVolumeState(/storage/sdcard1): Unknown volume
05-22 13:37:00.861 W/MountService(  374): getVolumeState(/mnt/sdcard/external_SD): Unknown volume
05-22 13:37:00.861 W/MountService(  374): getVolumeState(/mnt/sdcard/external_sd): Unknown volume
05-22 13:37:19.627 I/PowerManagerService(  374): Going to sleep due to screen timeout...
05-22 13:37:25.291 D/PhoneStatusBar(  448): disable: < expand icons alerts ticker system_info back home RECENT* clock SEARCH* >
05-22 13:37:25.346 D/PhoneStatusBar(  448): disable: < expand icons alerts ticker system_info BACK* HOME* RECENT CLOCK* SEARCH >
05-22 13:37:27.111 I/PowerManagerService(  374): Waking up from sleep...
05-22 13:37:27.150 I/WindowManager(  374): Lock screen displayed!
05-22 13:37:28.408 D/PhoneStatusBar(  448): disable: < expand icons alerts ticker system_info BACK HOME recent* CLOCK search* >
05-22 13:37:28.486 D/PhoneStatusBar(  448): disable: < expand icons alerts ticker system_info back* home* recent clock* search >
05-22 13:37:28.486 W/InputMethodManagerService(  374): Window already focused, ignoring focus gain of: com.android.internal.view.IInputMethodClient$Stub$Proxy@425ee7b0 attribute=android.view.inputmethod.EditorInfo@426f2640, token = android.os.BinderProxy@42f8e690
05-22 13:37:30.939 I/ActivityManager(  374): Process com.google.android.apps.maps:LocationFriendService (pid 21204) has died.
05-22 13:37:32.744 W/InputMethodManagerService(  374): Starting input on non-focused client com.android.internal.view.IInputMethodClient$Stub$Proxy@42cf8cf8 (uid=1000 pid=20986)
05-22 13:37:40.010 I/ActivityManager(  374): START u0 {act=android.intent.action.MAIN cat=[android.intent.category.LAUNCHER] flg=0x10200000 cmp=com.android.settings/.Settings} from pid 576
05-22 13:37:40.424 D/WifiService(  374): setWifiEnabled: true pid=20986, uid=1000
05-22 13:37:43.666 I/ActivityManager(  374): START u0 {act=android.intent.action.MAIN cmp=com.android.settings/.SubSettings (has extras)} from pid 20986
05-22 13:37:44.978 I/ActivityManager(  374): START u0 {act=android.intent.action.MAIN cmp=com.android.settings/.SubSettings (has extras)} from pid 20986
05-22 13:37:46.314 I/ActivityManager(  374): START u0 {cmp=com.android.settings/.DeviceAdminAdd (has extras)} from pid 20986
05-22 13:37:46.494 I/ActivityManager(  374): Process com.google.android.apps.maps:FriendService (pid 21192) has died.
05-22 13:37:48.377 W/DevicePolicyManagerService(  374): Previous password owner 10066 no longer active; disabling
05-22 13:37:48.392 I/ActivityManager(  374): START u0 {flg=0x10000000 cmp=com.pekall.emdm.launcher/com.pekall.emdm.ui.ActiveDeviceAdminActivity} from pid 17184
05-22 13:37:48.463 W/InputMethodManagerService(  374): Focus gain on non-focused client com.android.internal.view.IInputMethodClient$Stub$Proxy@42cf8cf8 (uid=1000 pid=20986)
05-22 13:37:49.603 I/ActivityManager(  374): START u0 {act=launcher.action.to.personal cmp=com.pekall.emdm.launcher/.ui.BackPersonalActivity} from pid 17184
05-22 13:37:49.752 I/ActivityManager(  374): START u0 {act=android.intent.action.VIEW flg=0x10200000 cmp=com.android.launcher/com.android.launcher2.Launcher} from pid 17184
05-22 13:37:54.346 I/ActivityManager(  374): START u0 {act=android.intent.action.MAIN cat=[android.intent.category.LAUNCHER] flg=0x10200000 cmp=com.android.settings/.Settings} from pid 576
05-22 13:37:56.205 I/ActivityManager(  374): START u0 {act=android.intent.action.MAIN cmp=com.android.settings/.SubSettings (has extras)} from pid 20986
05-22 13:37:56.439 W/ContextImpl(20986): Calling a method in the system process without a qualified user: android.app.ContextImpl.bindService:1439 android.content.ContextWrapper.bindService:496 com.android.settings.applications.ManageApplications.onCreate:861 android.app.Fragment.performCreate:1673 android.app.FragmentManagerImpl.moveToState:854 
05-22 13:37:56.447 I/ActivityManager(  374): Start proc com.android.defcontainer for service com.android.defcontainer/.DefaultContainerService: pid=21486 uid=10012 gids={50012, 1015, 1023, 2001, 1028}
05-22 13:37:57.111 I/ActivityManager(  374): Process com.nd.assistance (pid 21235) has died.
05-22 13:38:00.455 W/MountService(  374): getVolumeState(/storage/emulated/0/external_sd): Unknown volume
05-22 13:38:00.463 W/MountService(  374): getVolumeState(/mnt/sdcard-ext): Unknown volume
05-22 13:38:00.463 W/MountService(  374): getVolumeState(/mnt/ext_sdcard): Unknown volume
05-22 13:38:00.463 W/MountService(  374): getVolumeState(/mnt/sdcard2): Unknown volume
05-22 13:38:00.463 W/MountService(  374): getVolumeState(/mnt/emmc): Unknown volume
05-22 13:38:00.463 W/MountService(  374): getVolumeState(/mnt/extSdCard): Unknown volume
05-22 13:38:00.471 W/MountService(  374): getVolumeState(/mnt/sdcard/SD_CARD): Unknown volume
05-22 13:38:00.471 W/MountService(  374): getVolumeState(/mnt/sdcard/extra_sd): Unknown volume
05-22 13:38:00.478 W/MountService(  374): getVolumeState(/mnt/extrasd_bind): Unknown volume
05-22 13:38:00.478 W/MountService(  374): getVolumeState(/mnt/sdcard/ext_sd): Unknown volume
05-22 13:38:00.478 W/MountService(  374): getVolumeState(/storage/extSdCard): Unknown volume
05-22 13:38:00.478 W/MountService(  374): getVolumeState(/storage/sdcard1): Unknown volume
05-22 13:38:00.478 W/MountService(  374): getVolumeState(/mnt/sdcard/external_SD): Unknown volume
05-22 13:38:00.525 W/MountService(  374): getVolumeState(/mnt/sdcard/external_sd): Unknown volume
05-22 13:38:00.744 I/ActivityManager(  374): START u0 {act=android.intent.action.MAIN cmp=com.android.settings/.SubSettings (has extras)} from pid 20986
05-22 13:38:01.096 W/MountService(  374): getVolumeState(/storage/emulated/0/external_sd): Unknown volume
05-22 13:38:01.096 W/MountService(  374): getVolumeState(/mnt/sdcard-ext): Unknown volume
05-22 13:38:01.096 W/MountService(  374): getVolumeState(/mnt/ext_sdcard): Unknown volume
05-22 13:38:01.096 W/MountService(  374): getVolumeState(/mnt/sdcard2): Unknown volume
05-22 13:38:01.096 W/MountService(  374): getVolumeState(/mnt/emmc): Unknown volume
05-22 13:38:01.096 W/MountService(  374): getVolumeState(/mnt/extSdCard): Unknown volume
05-22 13:38:01.096 W/MountService(  374): getVolumeState(/mnt/sdcard/SD_CARD): Unknown volume
05-22 13:38:01.096 W/MountService(  374): getVolumeState(/mnt/sdcard/extra_sd): Unknown volume
05-22 13:38:01.103 W/MountService(  374): getVolumeState(/mnt/extrasd_bind): Unknown volume
05-22 13:38:01.103 W/MountService(  374): getVolumeState(/mnt/sdcard/ext_sd): Unknown volume
05-22 13:38:01.103 W/MountService(  374): getVolumeState(/storage/extSdCard): Unknown volume
05-22 13:38:01.103 W/MountService(  374): getVolumeState(/storage/sdcard1): Unknown volume
05-22 13:38:01.103 W/MountService(  374): getVolumeState(/mnt/sdcard/external_SD): Unknown volume
05-22 13:38:01.103 W/MountService(  374): getVolumeState(/mnt/sdcard/external_sd): Unknown volume
05-22 13:38:03.674 I/ActivityManager(  374): Force stopping package com.pekall.emdm.launcher appid=10066 user=0
05-22 13:38:03.674 I/ActivityManager(  374): Killing proc 17184:com.pekall.emdm.launcher/u0a10066: force stop com.pekall.emdm.launcher
05-22 13:38:03.674 W/ActivityManager(  374): Scheduling restart of crashed service com.pekall.emdm.launcher/com.pekall.emdm.MdmService in 5000ms
05-22 13:38:03.674 W/ActivityManager(  374): Scheduling restart of crashed service com.pekall.emdm.launcher/com.pekall.emailcommon.accountprovision.AccountProvisionService in 15000ms
05-22 13:38:03.674 W/ActivityManager(  374): Scheduling restart of crashed service com.pekall.emdm.launcher/com.pekall.emdm.contacts.service.PhoneService in 25000ms
05-22 13:38:03.674 I/ActivityManager(  374):   Force finishing activity ActivityRecord{42299cc8 u0 com.pekall.emdm.launcher/.Launcher}
05-22 13:38:03.681 I/ActivityManager(  374):   Force stopping service ServiceRecord{431ee960 u0 com.pekall.emdm.launcher/com.pekall.emdm.contacts.service.PhoneService}
05-22 13:38:03.681 I/ActivityManager(  374):   Force stopping service ServiceRecord{431f1528 u0 com.pekall.emdm.launcher/com.pekall.emdm.MdmService}
05-22 13:38:03.681 I/ActivityManager(  374):   Force stopping service ServiceRecord{42c1e908 u0 com.pekall.emdm.launcher/com.pekall.emailcommon.accountprovision.AccountProvisionService}
05-22 13:38:03.736 I/WindowState(  374): WIN DEATH: Window{42887448 u0 com.pekall.emdm.launcher/com.pekall.emdm.launcher.Launcher}
05-22 13:38:03.963 W/InputMethodManagerService(  374): Window already focused, ignoring focus gain of: com.android.internal.view.IInputMethodClient$Stub$Proxy@42a7d840 attribute=null, token = android.os.BinderProxy@42987c40
05-22 13:38:15.314 I/ActivityManager(  374): START u0 {act=android.intent.action.MAIN cat=[android.intent.category.LAUNCHER] flg=0x10200000 cmp=com.pekall.emdm.launcher/.Launcher} from pid 576
05-22 13:38:15.596 I/ActivityManager(  374): Start proc com.pekall.emdm.launcher for activity com.pekall.emdm.launcher/.Launcher: pid=21518 uid=10066 gids={50066, 1015, 3002, 3001, 3003, 1028}
05-22 13:38:16.721 I/ActivityManager(  374): START u0 {cmp=com.pekall.emdm.launcher/com.pekall.emdm.ui.SplashActivity} from pid 21518
05-22 13:38:17.228 W/ActivityManager(  374): Activity pause timeout for ActivityRecord{42f23960 u0 com.pekall.emdm.launcher/.Launcher}
05-22 13:38:17.767 W/ActivityManager(  374): Unable to start service Intent { cmp=com.pekall.emdm.launcher/com.pekall.semail.service.AttachmentDownloadService } U=0: not found
05-22 13:38:18.056 I/ActivityManager(  374): Start proc com.qihoo360.mobilesafe:remote for content provider com.qihoo360.mobilesafe/.shield.provider.EmptyProvider: pid=21560 uid=10069 gids={50069, 3003, 1015, 3001, 3002, 1006, 1028}
05-22 13:38:18.244 W/ActivityManager(  374): Unable to start service Intent { cmp=com.pekall.emdm.launcher/com.pekall.semail.service.AttachmentDownloadService } U=0: not found
05-22 13:38:19.830 I/ActivityManager(  374): START u0 {cmp=com.pekall.emdm.launcher/com.pekall.emdm.ui.AdvActivity} from pid 21518
05-22 13:38:24.611 I/ActivityManager(  374): START u0 {cmp=com.pekall.emdm.launcher/com.pekall.emdm.ui.ActiveDeviceAdminActivity} from pid 21518
05-22 13:38:25.642 I/ActivityManager(  374): START u0 {act=android.app.action.ADD_DEVICE_ADMIN cmp=com.android.settings/.DeviceAdminAdd (has extras)} from pid 21518
05-22 13:38:27.213 I/ActivityManager(  374): START u0 {cmp=com.pekall.emdm.launcher/com.pekall.emdm.ui.RegDeviceActivity} from pid 21518
05-22 13:38:51.806 I/ActivityManager(  374): START u0 {flg=0x8000 cmp=com.pekall.emdm.launcher/.Launcher} from pid 21518
05-22 13:38:53.549 W/ActivityManager(  374): Unable to start service Intent { cmp=com.pekall.emdm.launcher/com.pekall.semail.service.AttachmentDownloadService } U=0: not found
05-22 13:38:54.822 W/ActivityManager(  374): Unable to start service Intent { act=pekall.intent.action.DOWNLOAD_APP (has extras) } U=0: not found
05-22 13:39:00.525 W/MountService(  374): getVolumeState(/storage/emulated/0/external_sd): Unknown volume
05-22 13:39:00.525 W/MountService(  374): getVolumeState(/mnt/sdcard-ext): Unknown volume
05-22 13:39:00.525 W/MountService(  374): getVolumeState(/mnt/ext_sdcard): Unknown volume
05-22 13:39:00.525 W/MountService(  374): getVolumeState(/mnt/sdcard2): Unknown volume
05-22 13:39:00.525 W/MountService(  374): getVolumeState(/mnt/emmc): Unknown volume
05-22 13:39:00.525 W/MountService(  374): getVolumeState(/mnt/extSdCard): Unknown volume
05-22 13:39:00.525 W/MountService(  374): getVolumeState(/mnt/sdcard/SD_CARD): Unknown volume
05-22 13:39:00.525 W/MountService(  374): getVolumeState(/mnt/sdcard/extra_sd): Unknown volume
05-22 13:39:00.525 W/MountService(  374): getVolumeState(/mnt/extrasd_bind): Unknown volume
05-22 13:39:00.525 W/MountService(  374): getVolumeState(/mnt/sdcard/ext_sd): Unknown volume
05-22 13:39:00.525 W/MountService(  374): getVolumeState(/storage/extSdCard): Unknown volume
05-22 13:39:00.525 W/MountService(  374): getVolumeState(/storage/sdcard1): Unknown volume
05-22 13:39:00.533 W/MountService(  374): getVolumeState(/mnt/sdcard/external_SD): Unknown volume
05-22 13:39:00.533 W/MountService(  374): getVolumeState(/mnt/sdcard/external_sd): Unknown volume
05-22 13:39:00.877 W/MountService(  374): getVolumeState(/storage/emulated/0/external_sd): Unknown volume
05-22 13:39:00.877 W/MountService(  374): getVolumeState(/mnt/sdcard-ext): Unknown volume
05-22 13:39:00.877 W/MountService(  374): getVolumeState(/mnt/ext_sdcard): Unknown volume
05-22 13:39:00.877 W/MountService(  374): getVolumeState(/mnt/sdcard2): Unknown volume
05-22 13:39:00.877 W/MountService(  374): getVolumeState(/mnt/emmc): Unknown volume
05-22 13:39:00.877 W/MountService(  374): getVolumeState(/mnt/extSdCard): Unknown volume
05-22 13:39:00.885 W/MountService(  374): getVolumeState(/mnt/sdcard/SD_CARD): Unknown volume
05-22 13:39:00.885 W/MountService(  374): getVolumeState(/mnt/sdcard/extra_sd): Unknown volume
05-22 13:39:00.885 W/MountService(  374): getVolumeState(/mnt/extrasd_bind): Unknown volume
05-22 13:39:00.885 W/MountService(  374): getVolumeState(/mnt/sdcard/ext_sd): Unknown volume
05-22 13:39:00.892 W/MountService(  374): getVolumeState(/storage/extSdCard): Unknown volume
05-22 13:39:00.892 W/MountService(  374): getVolumeState(/storage/sdcard1): Unknown volume
05-22 13:39:00.892 W/MountService(  374): getVolumeState(/mnt/sdcard/external_SD): Unknown volume
05-22 13:39:00.892 W/MountService(  374): getVolumeState(/mnt/sdcard/external_sd): Unknown volume
05-22 13:39:06.103 I/ActivityManager(  374): Start proc com.pekall.emdm.launcher:remote for service com.pekall.emdm.launcher/com.baidu.location.f: pid=21652 uid=10066 gids={50066, 1015, 3002, 3001, 3003, 1028}
05-22 13:39:06.424 D/ActivityThread(21652): Loading provider com.pekall.semail.provider;com.pekall.semail.notifier: com.pekall.semail.provider.EmailProvider
05-22 13:39:06.439 D/ActivityThread(21652): Loading provider com.pekall.semail.provider;com.pekall.semail.notifier: com.pekall.semail.provider.EmailProvider
05-22 13:39:08.174 W/ActivityManager(  374): Unable to start service Intent { cmp=com.pekall.emdm.launcher/com.pekall.semail.service.AttachmentDownloadService } U=0: not found
05-22 13:39:18.471 I/PowerManagerService(  374): Going to sleep due to screen timeout...
05-22 13:39:24.377 D/PhoneStatusBar(  448): disable: < expand icons alerts ticker system_info back home RECENT* clock SEARCH* >
05-22 13:39:24.556 D/PhoneStatusBar(  448): disable: < expand icons alerts ticker system_info BACK* HOME* RECENT CLOCK* SEARCH >
05-22 13:39:26.119 W/ActivityManager(  374): Timeout executing service: ServiceRecord{430ea3c8 u0 com.pekall.emdm.launcher/com.baidu.location.f}
05-22 13:39:35.455 E/ActivityManager(  374): ANR in com.pekall.emdm.launcher:remote
05-22 13:39:35.455 E/ActivityManager(  374): Reason: Executing service com.pekall.emdm.launcher/com.baidu.location.f
05-22 13:39:35.455 E/ActivityManager(  374): Load: 3.39 / 1.86 / 1.41
05-22 13:39:35.455 E/ActivityManager(  374): CPU usage from 0ms to 9243ms later:
05-22 13:39:35.455 E/ActivityManager(  374):   84% 21652/com.pekall.emdm.launcher:remote: 84% user + 0.4% kernel / faults: 123 minor
05-22 13:39:35.455 E/ActivityManager(  374):   83% 21518/com.pekall.emdm.launcher: 83% user + 0% kernel / faults: 1 minor
05-22 13:39:35.455 E/ActivityManager(  374):   23% 374/system_server: 19% user + 4.5% kernel / faults: 1140 minor
05-22 13:39:35.455 E/ActivityManager(  374):   5.7% 448/com.android.systemui: 5.2% user + 0.4% kernel / faults: 191 minor
05-22 13:39:35.455 E/ActivityManager(  374):   0.3% 561/com.android.phone: 0.1% user + 0.1% kernel / faults: 288 minor 5 major
05-22 13:39:35.455 E/ActivityManager(  374):   0.4% 568/com.android.nfc: 0.3% user + 0.1% kernel / faults: 242 minor
05-22 13:39:35.455 E/ActivityManager(  374):   0.2% 20874/com.qihoo.appstore: 0.2% user + 0% kernel / faults: 1 minor
05-22 13:39:35.455 E/ActivityManager(  374):   0.1% 135/adbd: 0% user + 0.1% kernel
05-22 13:39:35.455 E/ActivityManager(  374):   0.1% 1661/com.qihoo360.mobilesafe:GuardService: 0.1% user + 0% kernel
05-22 13:39:35.455 E/ActivityManager(  374):   0% 21248/com.nd.assistance.ServerService: 0% user + 0% kernel / faults: 14 minor
05-22 13:39:35.455 E/ActivityManager(  374): 99% TOTAL: 96% user + 3.1% kernel
05-22 13:39:35.455 E/ActivityManager(  374): CPU usage from 8442ms to 8982ms later:
05-22 13:39:35.455 E/ActivityManager(  374):   98% 21652/com.pekall.emdm.launcher:remote: 98% user + 0% kernel
05-22 13:39:35.455 E/ActivityManager(  374):     101% 21666/Thread-5310: 101% user + 0% kernel
05-22 13:39:35.455 E/ActivityManager(  374):   90% 21518/com.pekall.emdm.launcher: 90% user + 0% kernel
05-22 13:39:35.455 E/ActivityManager(  374):     92% 21531/Thread-5304: 92% user + 0% kernel
05-22 13:39:35.455 E/ActivityManager(  374):   7.4% 374/system_server: 0% user + 7.4% kernel
05-22 13:39:35.455 E/ActivityManager(  374):     7.4% 390/ActivityManager: 0% user + 7.4% kernel
05-22 13:39:35.455 E/ActivityManager(  374): 97% TOTAL: 92% user + 4.5% kernel
05-22 13:39:35.471 W/ActivityManager(  374): Killing ProcessRecord{42859828 21652:com.pekall.emdm.launcher:remote/u0a10066}: background ANR
05-22 13:39:35.471 W/BroadcastQueue(  374): Timeout of broadcast BroadcastRecord{43100c10 u-1 android.intent.action.SCREEN_OFF} - receiver=android.os.BinderProxy@422f7e08, started 15495ms ago
05-22 13:39:35.471 W/BroadcastQueue(  374): Receiver during timeout: BroadcastFilter{43059dc8 u0 ReceiverList{4305fe70 21652 com.pekall.emdm.launcher:remote/10066/u0 remote:422f7e08}}
05-22 13:39:35.471 I/ActivityManager(  374): Skipping duplicate ANR: ProcessRecord{42859828 21652:com.pekall.emdm.launcher:remote/u0a10066} Broadcast of Intent { act=android.intent.action.SCREEN_OFF flg=0x50000010 }
05-22 13:39:35.931 I/ActivityManager(  374): Process com.pekall.emdm.launcher:remote (pid 21652) has died.
05-22 13:39:35.931 W/ActivityManager(  374): Scheduling restart of crashed service com.pekall.emdm.launcher/com.baidu.location.f in 5000ms
--------- beginning of /dev/log/main
05-22 13:39:39.135 D/MdmDatabaseHelper(21518): [null:-1]->update command 51b9f5d6-b9dd-4ebd-b485-90844d4f012c to status executed
05-22 13:39:39.166 D/NetworkThread(21518): [null:-1]->clear mCurrentTransInfo
05-22 13:39:39.166 D/NetworkThread(21518): [null:-1]->queue is empty, thread wait...
05-22 13:39:39.236 D/MdmService(21518): [null:-1]->handleCheckInResult
05-22 13:39:39.236 D/MdmService(21518): [null:-1]->handleCheckInResult result keyIndex: 3
05-22 13:39:39.236 D/HandleCommandTask(21518): [null:-1]->execute command msg but beanBase is null
05-22 13:39:39.236 D/MdmStatusManager(21518): [null:-1]->change status to : Idle
05-22 13:39:40.721 D/dalvikvm( 1661): GC_EXPLICIT freed 365K, 18% free 13047K/15888K, paused 3ms+5ms, total 79ms
05-22 13:39:40.947 D/dalvikvm(21698): Late-enabling CheckJNI
05-22 13:39:40.971 I/ActivityManager(  374): Start proc com.pekall.emdm.launcher:remote for service com.pekall.emdm.launcher/com.baidu.location.f: pid=21698 uid=10066 gids={50066, 1015, 3002, 3001, 3003, 1028}
05-22 13:39:41.002 V/MyServiceConnection(21698): [SConnection] sandbox service is NOT installed.
05-22 13:39:41.010 V/MyServiceConnection(21698): [SConnection] binding service: pekall.intent.action.SANDBOX_SERVICE
05-22 13:39:41.010 D/ScClassLoader(21698): >> SOURCE FILE: /data/data/com.pekall.emdm.launcher/app_jars/sc-jdk15on-1.47.0.2.dex.jar
05-22 13:39:41.072 D/dalvikvm(21698): GC_CONCURRENT freed 126K, 2% free 9307K/9472K, paused 4ms+3ms, total 43ms
05-22 13:39:41.072 D/dalvikvm(21698): WAIT_FOR_CONCURRENT_GC blocked 9ms
05-22 13:39:41.072 D/dalvikvm(21698): WAIT_FOR_CONCURRENT_GC blocked 7ms
05-22 13:39:41.080 W/Parcel  ( 1661): Attempt to read object from Parcel 0x5dfd3dac at offset 200 that is not in the object list
05-22 13:39:41.080 W/Parcel  ( 1661): Attempt to read object from Parcel 0x6013bdac at offset 200 that is not in the object list
05-22 13:39:41.080 D/Email   (21698): Email: init sandbox at the beginning.
05-22 13:39:41.088 V/MyServiceConnection(21698): [SConnection] retry to bind service
05-22 13:39:41.088 V/MyServiceConnection(21698): [SConnection] sandbox service is NOT installed.
05-22 13:39:41.088 V/MyServiceConnection(21698): [SConnection] binding service: pekall.intent.action.SANDBOX_SERVICE
05-22 13:39:41.127 V/MyServiceConnection(21698): [SConnection] retry to bind service
05-22 13:39:41.127 V/MyServiceConnection(21698): [SConnection] sandbox service is NOT installed.
05-22 13:39:41.127 V/MyServiceConnection(21698): [SConnection] binding service: pekall.intent.action.SANDBOX_SERVICE
05-22 13:39:41.142 V/l       (21698): Bind requested for task setLogging
05-22 13:39:41.181 D/ExchangeService(21518): !!! EAS ExchangeService, onCreate
05-22 13:39:41.189 D/dalvikvm(21698): GC_CONCURRENT freed 231K, 3% free 9589K/9860K, paused 5ms+3ms, total 34ms
05-22 13:39:41.189 D/dalvikvm(21698): WAIT_FOR_CONCURRENT_GC blocked 18ms
05-22 13:39:41.189 D/dalvikvm(21698): WAIT_FOR_CONCURRENT_GC blocked 10ms
05-22 13:39:41.213 W/Parcel  ( 1661): Attempt to read object from Parcel 0x5ec3bdac at offset 200 that is not in the object list
05-22 13:39:41.213 D/ExchangeService(21518): !!! EAS ExchangeService, onStartCommand, startingUp = false, running = false
05-22 13:39:41.213 D/ExchangeService(21518): to start secureStorageService now
05-22 13:39:41.236 W/DocumentManager(21698): Sandbox service is not connected.
05-22 13:39:41.236 D/MessageControllerImpl(21698): controller is null
05-22 13:39:41.236 V/MyServiceConnection(21698): [SConnection] retry to bind service
05-22 13:39:41.236 V/MyServiceConnection(21698): [SConnection] sandbox service is NOT installed.
05-22 13:39:41.236 V/MyServiceConnection(21698): [SConnection] binding service: pekall.intent.action.SANDBOX_SERVICE
05-22 13:39:41.236 W/SQLiteOpenHelper(21698): Opened /data/data/com.pekall.emdm.launcher/databases/message.db
05-22 13:39:41.244 W/dalvikvm(21698): No implementation found for native Lcom/pekall/sandbox/database/sqlite/SQLiteDatabase;.native_setSqliteSoftHeapLimit:(I)V
05-22 13:39:41.244 D/AndroidRuntime(21698): Shutting down VM
05-22 13:39:41.244 W/dalvikvm(21698): threadid=1: thread exiting with uncaught exception (group=0x419c8700)
05-22 13:39:41.252 D/        (21698): [---null: -1---]  Thread is main
05-22 13:39:41.252 W/System.err(21698): java.lang.UnsatisfiedLinkError: Native method not found: com.pekall.sandbox.database.sqlite.SQLiteDatabase.native_setSqliteSoftHeapLimit:(I)V
05-22 13:39:41.252 W/System.err(21698): 	at com.pekall.sandbox.database.sqlite.SQLiteDatabase.native_setSqliteSoftHeapLimit(Native Method)
05-22 13:39:41.260 W/System.err(21698): 	at com.pekall.sandbox.database.sqlite.SQLiteDatabase.<init>(Unknown Source)
05-22 13:39:41.260 W/System.err(21698): 	at com.pekall.sandbox.database.sqlite.SQLiteDatabase.openDatabase(Unknown Source)
05-22 13:39:41.260 W/System.err(21698): 	at com.pekall.sandbox.database.sqlite.SQLiteDatabase.openDatabase(Unknown Source)
05-22 13:39:41.260 W/System.err(21698): 	at com.pekall.sandbox.database.sqlite.SQLiteDatabase.openDatabase(Unknown Source)
05-22 13:39:41.260 W/System.err(21698): 	at com.pekall.sandbox.database.sqlite.SQLiteOpenHelper.getWritableDatabase(Unknown Source)
05-22 13:39:41.260 W/System.err(21698): 	at com.pekall.emdm.messagecenter.db.a.a(Unknown Source)
05-22 13:39:41.260 W/System.err(21698): 	at com.pekall.emdm.messagecenter.db.a.b(Unknown Source)
05-22 13:39:41.260 W/System.err(21698): 	at com.pekall.emdm.messagecenter.activity.a.onCreate(Unknown Source)
05-22 13:39:41.260 W/System.err(21698): 	at com.pekall.emdm.launcher.LauncherApplication.onCreate(Unknown Source)
05-22 13:39:41.260 W/System.err(21698): 	at android.app.Instrumentation.callApplicationOnCreate(Instrumentation.java:1007)
05-22 13:39:41.260 W/System.err(21698): 	at android.app.ActivityThread.handleBindApplication(ActivityThread.java:4444)
05-22 13:39:41.260 W/System.err(21698): 	at android.app.ActivityThread.access$1300(ActivityThread.java:141)
05-22 13:39:41.260 W/System.err(21698): 	at android.app.ActivityThread$H.handleMessage(ActivityThread.java:1316)
05-22 13:39:41.260 W/System.err(21698): 	at android.os.Handler.dispatchMessage(Handler.java:99)
05-22 13:39:41.260 W/System.err(21698): 	at android.os.Looper.loop(Looper.java:137)
05-22 13:39:41.260 W/System.err(21698): 	at android.app.ActivityThread.main(ActivityThread.java:5103)
05-22 13:39:41.260 W/System.err(21698): 	at java.lang.reflect.Method.invokeNative(Native Method)
05-22 13:39:41.260 W/System.err(21698): 	at java.lang.reflect.Method.invoke(Method.java:525)
05-22 13:39:41.260 W/System.err(21698): 	at com.android.internal.os.ZygoteInit$MethodAndArgsCaller.run(ZygoteInit.java:737)
05-22 13:39:41.260 W/System.err(21698): 	at com.android.internal.os.ZygoteInit.main(ZygoteInit.java:553)
05-22 13:39:41.260 W/System.err(21698): 	at dalvik.system.NativeStart.main(Native Method)
05-22 13:39:41.283 D/ActivityThread(21698): Loading provider com.pekall.semail.provider;com.pekall.semail.notifier: com.pekall.semail.provider.EmailProvider
05-22 13:39:41.322 V/a       (21518): Bind requested for task test
05-22 13:39:41.369 V/a       (21518): Connected: com.pekall.semail.service.AccountServiceInternal
05-22 13:39:41.377 D/dalvikvm(21698): GC_CONCURRENT freed 490K, 6% free 9484K/10016K, paused 7ms+12ms, total 52ms
05-22 13:39:41.385 V/a       (21518): Connection test succeeded in 57ms
05-22 13:39:41.385 V/a       (21518): Task test completed; disconnecting
05-22 13:39:41.392 D/ExchangeService(21518): Reconciling accounts...
05-22 13:39:41.424 D/ActivityThread(21698): Loading provider com.pekall.semail.provider;com.pekall.semail.notifier: com.pekall.semail.provider.EmailProvider
05-22 13:39:41.572 V/a       (21518): Bind requested for task reconcileAccounts
05-22 13:39:41.580 V/a       (21518): Connected: com.pekall.semail.service.AccountServiceInternal
05-22 13:39:41.588 V/a       (21518): Waiting for task reconcileAccounts to complete...
05-22 13:39:41.603 V/a       (21518): Task reconcileAccounts completed; disconnecting
05-22 13:39:41.689 V/a       (21518): Wait for reconcileAccounts finished in 102ms
05-22 13:39:42.056 D/ExchangeService(21518): !!! EAS ExchangeService, stopping self
05-22 13:39:42.416 W/EmailProvider(21698): restoreIfNeeded...
05-22 13:39:42.728 D/EmailProvider(21698): restoreAccounts...
05-22 13:39:43.924 D/EmailProvider(21698): No accounts to restore...
05-22 13:39:43.947 D/EmailProvider(21698): Deleting orphans...
05-22 13:39:44.525 D/EmailProvider(21698): EmailProvider pre-caching...
05-22 13:39:45.142 D/EmailProvider(21698): EmailProvider ready.
05-22 13:39:45.635 D/MDM :   (21518): [null:-1]->MSG_WEBSOCKET_MESSAGE : {"id":-795297386,"type":0,"command":0,"result":0,"reason":0,"params":{"msgId":"5979ed47-9547-48b4-891d-c84fb9028f9b,5979ed47954748b4891dc84fb9028f9b","device":"00013fbc8ecec5b90000014622706459","message":"{\"subject\":\"Push test\",\"content\":\"This is a push message!\"}"}}
05-22 13:39:45.642 W/ActivityManager(  374): Unable to start service Intent { cmp=com.pekall.emdm.launcher/com.pekall.semail.service.AttachmentDownloadService } U=0: not found
05-22 13:39:45.666 I/Email   (21698): Notifications being toggled: false
05-22 13:39:45.666 D/MdmService(21518): [null:-1]->push message type :0
05-22 13:39:45.666 D/MdmService(21518): [null:-1]->cmdMessage : {"subject":"Push test","content":"This is a push message!"}
05-22 13:39:45.674 D/MDM :   (21518): [null:-1]->ContentMessage{subject='Push test', content='This is a push message!'}
05-22 13:39:45.697 W/Parcel  ( 1661): Attempt to read object from Parcel 0x5ef3bdac at offset 200 that is not in the object list
05-22 13:39:45.705 D/mdm_log (21518): [null:-1]->action is : com.pekall.mdm.action.SHOWMSG
05-22 13:39:45.799 W/Parcel  ( 1661): Attempt to read object from Parcel 0x5ded3dac at offset 200 that is not in the object list
05-22 13:39:45.814 W/Parcel  ( 1661): Attempt to read object from Parcel 0x5dfd3dac at offset 200 that is not in the object list
05-22 13:39:45.861 D/dalvikvm( 1661): GC_EXPLICIT freed 17K, 18% free 13032K/15888K, paused 3ms+6ms, total 134ms
05-22 13:39:45.877 V/CounterTextView(21518): onReceive
05-22 13:39:45.877 D/        (21518): [---null: -1---]   msg  xxd1
05-22 13:39:45.900 V/CounterTextView(21518): onReceive
05-22 13:39:45.908 D/        (21518): [---null: -1---]   msg  xxd1
05-22 13:39:45.924 D/PushMessageWidget(21518): [null:-1]->action is : com.pekall.emdm.message.UPDATE_MESSAGE
05-22 13:39:45.924 D/PushMessageWidget(21518): [null:-1]->call onUpdate 
05-22 13:39:45.924 D/PushMessageWidget(21518): cursor count is 1
05-22 13:39:45.947 D/PushMessageWidget(21518): fill data and title is : Push test , content is : This is a push message!
05-22 13:39:45.978 D/dalvikvm(  448): GC_CONCURRENT freed 829K, 11% free 14383K/16128K, paused 3ms+13ms, total 132ms
05-22 13:39:48.111 D/AndroidRuntime(21737): 
05-22 13:39:48.111 D/AndroidRuntime(21737): >>>>>> AndroidRuntime START com.android.internal.os.RuntimeInit <<<<<<
05-22 13:39:48.111 D/AndroidRuntime(21737): CheckJNI is OFF
05-22 13:39:48.127 D/dalvikvm(21737): Trying to load lib libjavacore.so 0x0
05-22 13:39:48.135 D/dalvikvm(21737): Added shared lib libjavacore.so 0x0
05-22 13:39:48.150 D/dalvikvm(21737): Trying to load lib libnativehelper.so 0x0
05-22 13:39:48.150 D/dalvikvm(21737): Added shared lib libnativehelper.so 0x0
05-22 13:39:48.541 D/AndroidRuntime(21737): Calling main entry com.android.commands.uiautomator.Launcher
05-22 13:39:48.588 D/dalvikvm(21737): Note: class Landroid/app/ActivityManagerNative; has 163 unimplemented (abstract) methods
05-22 13:39:48.674 I/PowerManagerService(  374): Waking up from sleep...
05-22 13:39:48.713 I/WindowManager(  374): Lock screen displayed!
05-22 13:39:48.939 D/dalvikvm(  448): GC_FOR_ALLOC freed 624K, 15% free 13806K/16128K, paused 65ms, total 76ms
05-22 13:39:49.033 D/PowerManagerService-JNI(  374): Excessive delay in autosuspend_disable() while turning screen on: 347ms
05-22 13:39:49.056 D/SurfaceFlinger(  124): Screen acquired, type=0 flinger=0x40e95478
05-22 13:39:49.103 W/Parcel  ( 1661): Attempt to read object from Parcel 0x5ef3bdac at offset 200 that is not in the object list
05-22 13:39:49.127 W/Parcel  ( 1661): Attempt to read object from Parcel 0x5ded3dac at offset 200 that is not in the object list
05-22 13:39:49.236 D/LightsService(  374): Excessive delay setting light: 99ms
05-22 13:39:49.252 V/DigitalWidgetViewsFactory(19507): DigitalWidget sets next alarm string to null
05-22 13:39:49.260 V/WiseDownloadConditionControler(20342): checkCondition  type : WISE_DOWNLOAD  inerrupting: true
05-22 13:39:49.408 W/Parcel  ( 1661): Attempt to read object from Parcel 0x5ded3dac at offset 200 that is not in the object list
