05-22 13:39:50.252 I/QueryController(21737): Matched selector: UiSelector[DESCRIPTION=Slide area., PACKAGE NAME=android] <<==>> [android.view.accessibility.AccessibilityNodeInfo@69fedd; boundsInParent: Rect(0, 0 - 720, 756); boundsInScreen: Rect(0, 547 - 720, 1303); packageName: android; className: android.view.View; text: null; contentDescription: Slide area.; viewIdResName: android:id/glow_pad_view; checkable: false; checked: false; focusable: false; focused: false; selected: false; clickable: false; longClickable: false; enabled: true; password: false; scrollable: false; [ACTION_SELECT, ACTION_CLEAR_SELECTION, ACTION_ACCESSIBILITY_FOCUS, ACTION_NEXT_AT_MOVEMENT_GRANULARITY, ACTION_PREVIOUS_AT_MOVEMENT_GRANULARITY, ACTION_SET_SELECTION]]
05-22 13:39:50.267 W/GlowPadView(  374): The number of target drawables must be equal to the number of direction descriptions.
05-22 13:39:50.635 V/LauncherApplication(21518): onActivityStarted
05-22 13:39:50.642 D/        (21518): [---null: -1---]     awsa  onActivityResumed
05-22 13:39:50.642 V/LauncherApplication(21518): 2MdmConstant.LAST_LAUNCH_TIME = 1400737159479
05-22 13:39:50.650 D/PhoneStatusBar(  448): disable: < expand icons alerts ticker system_info BACK HOME recent* CLOCK search* >
05-22 13:39:50.658 V/WiseDownloadConditionControler(20342): checkCondition  type : WISE_DOWNLOAD  inerrupting: true
05-22 13:39:50.666 D/        (21518): [---null: -1---]  activity = com.pekall.emdm.launcher.Launcher
05-22 13:39:50.674 V/DefultSetContriller(21518): isLauncherDf = com.pekall.emdm.launcher
05-22 13:39:50.689 V/DefultSetContriller(21518): isLauncherDf = com.pekall.emdm.launcher
05-22 13:39:50.697 V/DefultSetContriller(21518): isPhoneDf = com.pekall.emdm.launcher
05-22 13:39:50.697 E/LauncherApplication(21518): isShowLogoutUI = true
05-22 13:39:50.697 E/LauncherApplication(21518): LogoutShowTime 1
05-22 13:39:50.697 V/Launcher(21518): onResume1111111 
05-22 13:39:50.697 V/Launcher(21518): is login ----> 
05-22 13:39:50.705 I/System.out(21518):  
05-22 13:39:50.713 I/System.out(21518): com.pekall.emdm.launcher.Workspace.setWallpaper(Unknown Source)
05-22 13:39:50.713 I/System.out(21518): com.pekall.emdm.launcher.Launcher.onResume(Unknown Source)
05-22 13:39:50.713 I/System.out(21518): android.app.Instrumentation.callActivityOnResume(Instrumentation.java:1192)
05-22 13:39:50.713 I/System.out(21518): android.app.Activity.performResume(Activity.java:5211)
05-22 13:39:50.713 I/System.out(21518): android.app.ActivityThread.performResumeActivity(ActivityThread.java:2780)
05-22 13:39:50.713 I/System.out(21518): android.app.ActivityThread.handleResumeActivity(ActivityThread.java:2819)
05-22 13:39:50.713 I/System.out(21518): android.app.ActivityThread$H.handleMessage(ActivityThread.java:1298)
05-22 13:39:50.713 I/System.out(21518): android.os.Handler.dispatchMessage(Handler.java:99)
05-22 13:39:50.713 I/System.out(21518): android.os.Looper.loop(Looper.java:137)
05-22 13:39:50.713 I/System.out(21518): android.app.ActivityThread.main(ActivityThread.java:5103)
05-22 13:39:50.713 I/System.out(21518): java.lang.reflect.Method.invokeNative(Native Method)
05-22 13:39:50.713 I/System.out(21518): java.lang.reflect.Method.invoke(Method.java:525)
05-22 13:39:50.713 I/System.out(21518): com.android.internal.os.ZygoteInit$MethodAndArgsCaller.run(ZygoteInit.java:737)
05-22 13:39:50.721 I/System.out(21518): com.android.internal.os.ZygoteInit.main(ZygoteInit.java:553)
05-22 13:39:50.721 I/System.out(21518): dalvik.system.NativeStart.main(Native Method)
05-22 13:39:50.728 D/PhoneStatusBar(  448): disable: < expand icons alerts ticker system_info back* home* recent clock* search >
05-22 13:39:50.955 I/uninstall(20342): SelfUninstallManager -> initUninstallTask
05-22 13:39:50.955 I/uninstall(20342): initUninstallTask init is running, return
05-22 13:39:50.971 D/dalvikvm(21518): JIT unchain all for threadid=11
05-22 13:39:51.088 D/dalvikvm(21518): GC_FOR_ALLOC freed 4517K, 33% free 23838K/35164K, paused 361ms, total 366ms
05-22 13:39:51.096 I/dalvikvm-heap(21518): Grow heap (frag case) to 26.638MB for 3415696-byte allocation
05-22 13:39:51.166 V/TAG     (  374): bug 7643792: fitSystemWindows([0,50][0,0])
05-22 13:39:51.174 E/QueryController(21737): Got null root node from accessibility - Retrying...
05-22 13:39:51.244 W/Parcel  ( 1661): Attempt to read object from Parcel 0x5ef3bdac at offset 200 that is not in the object list
05-22 13:39:51.361 D/dalvikvm(21518): JIT unchain all for threadid=11
05-22 13:39:51.361 D/NfcService(  568): NFC-C ON
05-22 13:39:51.424 E/QueryController(21737): Got null root node from accessibility - Retrying...
05-22 13:39:51.424 D/dalvikvm(21518): GC_FOR_ALLOC freed <1K, 30% free 27173K/38500K, paused 320ms, total 320ms
05-22 13:39:51.510 W/SQLiteCursor(21518): Finalizing a Cursor that has not been deactivated or closed. database = /data/data/com.pekall.emdm.launcher/databases/message.db, table = message, query = SELECT subject, msg, date FROM message WHERE type = ?  ORDER BY _id DESC
05-22 13:39:51.510 W/SQLiteCursor(21518): com.pekall.sandbox.database.sqlite.DatabaseObjectNotClosedException: Application did not close the cursor or database object that was opened here
05-22 13:39:51.510 W/SQLiteCursor(21518): 	at com.pekall.sandbox.database.sqlite.SQLiteCursor.<init>(Unknown Source)
05-22 13:39:51.510 W/SQLiteCursor(21518): 	at com.pekall.sandbox.database.sqlite.SQLiteDirectCursorDriver.query(Unknown Source)
05-22 13:39:51.510 W/SQLiteCursor(21518): 	at com.pekall.sandbox.database.sqlite.SQLiteDatabase.rawQueryWithFactory(Unknown Source)
05-22 13:39:51.510 W/SQLiteCursor(21518): 	at com.pekall.sandbox.database.sqlite.SQLiteDatabase.queryWithFactory(Unknown Source)
05-22 13:39:51.510 W/SQLiteCursor(21518): 	at com.pekall.sandbox.database.sqlite.SQLiteDatabase.query(Unknown Source)
05-22 13:39:51.510 W/SQLiteCursor(21518): 	at com.pekall.sandbox.database.sqlite.SQLiteDatabase.query(Unknown Source)
05-22 13:39:51.510 W/SQLiteCursor(21518): 	at com.pekall.emdm.messagecenter.db.MessageProvider.query(Unknown Source)
05-22 13:39:51.510 W/SQLiteCursor(21518): 	at android.content.ContentProvider.query(ContentProvider.java:744)
05-22 13:39:51.510 W/SQLiteCursor(21518): 	at android.content.ContentProvider$Transport.query(ContentProvider.java:199)
05-22 13:39:51.510 W/SQLiteCursor(21518): 	at android.content.ContentResolver.query(ContentResolver.java:414)
05-22 13:39:51.510 W/SQLiteCursor(21518): 	at android.content.ContentResolver.query(ContentResolver.java:357)
05-22 13:39:51.510 W/SQLiteCursor(21518): 	at com.pekall.emdm.messagecenter.view.PushMessageWidget.c(Unknown Source)
05-22 13:39:51.510 W/SQLiteCursor(21518): 	at com.pekall.emdm.messagecenter.view.PushMessageWidget.a(Unknown Source)
05-22 13:39:51.510 W/SQLiteCursor(21518): 	at com.pekall.emdm.messagecenter.view.PushMessageWidget.onReceive(Unknown Source)
05-22 13:39:51.510 W/SQLiteCursor(21518): 	at android.app.ActivityThread.handleReceiver(ActivityThread.java:2424)
05-22 13:39:51.510 W/SQLiteCursor(21518): 	at android.app.ActivityThread.access$1500(ActivityThread.java:141)
05-22 13:39:51.510 W/SQLiteCursor(21518): 	at android.app.ActivityThread$H.handleMessage(ActivityThread.java:1332)
05-22 13:39:51.510 W/SQLiteCursor(21518): 	at android.os.Handler.dispatchMessage(Handler.java:99)
05-22 13:39:51.510 W/SQLiteCursor(21518): 	at android.os.Looper.loop(Looper.java:137)
05-22 13:39:51.510 W/SQLiteCursor(21518): 	at android.app.ActivityThread.main(ActivityThread.java:5103)
05-22 13:39:51.510 W/SQLiteCursor(21518): 	at java.lang.reflect.Method.invokeNative(Native Method)
05-22 13:39:51.510 W/SQLiteCursor(21518): 	at java.lang.reflect.Method.invoke(Method.java:525)
05-22 13:39:51.510 W/SQLiteCursor(21518): 	at com.android.internal.os.ZygoteInit$MethodAndArgsCaller.run(ZygoteInit.java:737)
05-22 13:39:51.510 W/SQLiteCursor(21518): 	at com.android.internal.os.ZygoteInit.main(ZygoteInit.java:553)
05-22 13:39:51.510 W/SQLiteCursor(21518): 	at dalvik.system.NativeStart.main(Native Method)
05-22 13:39:51.510 W/CursorWrapperInner(21518): Cursor finalized without prior close()
05-22 13:39:51.689 E/QueryController(21737): Got null root node from accessibility - Retrying...
05-22 13:39:51.760 I/Choreographer(21518): Skipped 61 frames!  The application may be doing too much work on its main thread.
05-22 13:39:51.853 W/InputMethodManagerService(  374): Window already focused, ignoring focus gain of: com.android.internal.view.IInputMethodClient$Stub$Proxy@429bdd10 attribute=android.view.inputmethod.EditorInfo@42903ea8, token = android.os.BinderProxy@427d4590
05-22 13:39:52.689 I/QueryController(21737): Matched selector: UiSelector[PACKAGE NAME=com.pekall.emdm.launcher] <<==>> [android.view.accessibility.AccessibilityNodeInfo@1792a; boundsInParent: Rect(0, 0 - 720, 1184); boundsInScreen: Rect(0, 0 - 720, 1184); packageName: com.pekall.emdm.launcher; className: android.widget.FrameLayout; text: null; contentDescription: null; viewIdResName: null; checkable: false; checked: false; focusable: false; focused: false; selected: false; clickable: false; longClickable: false; enabled: true; password: false; scrollable: false; [ACTION_SELECT, ACTION_CLEAR_SELECTION, ACTION_ACCESSIBILITY_FOCUS]]
05-22 13:39:52.783 I/QueryController(21737): Matched selector: UiSelector[PACKAGE NAME=com.pekall.emdm.launcher] <<==>> [android.view.accessibility.AccessibilityNodeInfo@1792a; boundsInParent: Rect(0, 0 - 720, 1184); boundsInScreen: Rect(0, 0 - 720, 1184); packageName: com.pekall.emdm.launcher; className: android.widget.FrameLayout; text: null; contentDescription: null; viewIdResName: null; checkable: false; checked: false; focusable: false; focused: false; selected: false; clickable: false; longClickable: false; enabled: true; password: false; scrollable: false; [ACTION_SELECT, ACTION_CLEAR_SELECTION, ACTION_ACCESSIBILITY_FOCUS]]
05-22 13:39:52.822 I/QueryController(21737): Matched selector: UiSelector[TEXT=Personal Mode, CLASS=android.widget.TextView, PACKAGE NAME=com.pekall.emdm.launcher] <<==>> [android.view.accessibility.AccessibilityNodeInfo@1bcbc; boundsInParent: Rect(0, 0 - 160, 200); boundsInScreen: Rect(190, 608 - 350, 808); packageName: com.pekall.emdm.launcher; className: android.widget.TextView; text: Personal Mode; contentDescription: null; viewIdResName: null; checkable: false; checked: false; focusable: false; focused: false; selected: false; clickable: true; longClickable: true; enabled: true; password: false; scrollable: false; [ACTION_SELECT, ACTION_CLEAR_SELECTION, ACTION_CLICK, ACTION_LONG_CLICK, ACTION_ACCESSIBILITY_FOCUS, ACTION_NEXT_AT_MOVEMENT_GRANULARITY, ACTION_PREVIOUS_AT_MOVEMENT_GRANULARITY, ACTION_SET_SELECTION]]
05-22 13:39:52.861 I/QueryController(21737): Matched selector: UiSelector[TEXT=Personal Mode, CLASS=android.widget.TextView, PACKAGE NAME=com.pekall.emdm.launcher] <<==>> [android.view.accessibility.AccessibilityNodeInfo@1bcbc; boundsInParent: Rect(0, 0 - 160, 200); boundsInScreen: Rect(190, 608 - 350, 808); packageName: com.pekall.emdm.launcher; className: android.widget.TextView; text: Personal Mode; contentDescription: null; viewIdResName: null; checkable: false; checked: false; focusable: false; focused: false; selected: false; clickable: true; longClickable: true; enabled: true; password: false; scrollable: false; [ACTION_SELECT, ACTION_CLEAR_SELECTION, ACTION_CLICK, ACTION_LONG_CLICK, ACTION_ACCESSIBILITY_FOCUS, ACTION_NEXT_AT_MOVEMENT_GRANULARITY, ACTION_PREVIOUS_AT_MOVEMENT_GRANULARITY, ACTION_SET_SELECTION]]
05-22 13:39:52.955 I/QueryController(21737): Matched selector: UiSelector[CLASS=android.widget.ImageView, INDEX=1, CLICKABLE=true] <<==>> [android.view.accessibility.AccessibilityNodeInfo@1e246; boundsInParent: Rect(0, 0 - 133, 104); boundsInScreen: Rect(293, 1070 - 426, 1174); packageName: com.pekall.emdm.launcher; className: android.widget.ImageView; text: null; contentDescription: null; viewIdResName: com.pekall.emdm.launcher:id/btn_mab; checkable: false; checked: false; focusable: true; focused: false; selected: false; clickable: true; longClickable: false; enabled: true; password: false; scrollable: false; [ACTION_FOCUS, ACTION_SELECT, ACTION_CLEAR_SELECTION, ACTION_CLICK, ACTION_ACCESSIBILITY_FOCUS]]
05-22 13:39:53.002 I/QueryController(21737): Matched selector: UiSelector[CLASS=android.widget.ImageView, INDEX=1, CLICKABLE=true] <<==>> [android.view.accessibility.AccessibilityNodeInfo@1e246; boundsInParent: Rect(0, 0 - 133, 104); boundsInScreen: Rect(293, 1070 - 426, 1174); packageName: com.pekall.emdm.launcher; className: android.widget.ImageView; text: null; contentDescription: null; viewIdResName: com.pekall.emdm.launcher:id/btn_mab; checkable: false; checked: false; focusable: true; focused: false; selected: false; clickable: true; longClickable: false; enabled: true; password: false; scrollable: false; [ACTION_FOCUS, ACTION_SELECT, ACTION_CLEAR_SELECTION, ACTION_CLICK, ACTION_ACCESSIBILITY_FOCUS]]
05-22 13:39:53.002 D/InteractionController(21737): clickAndSync(359, 1122)
05-22 13:39:53.111 W/Parcel  ( 1661): Attempt to read object from Parcel 0x5dfd3dac at offset 200 that is not in the object list
05-22 13:39:53.111 I/ActivityManager(  374): START u0 {act=com.pekall.emdm.launcher.action.launcheraction flg=0x10000000 cmp=com.pekall.emdm.launcher/.CustomShirtcutActivity bnds=[293,1070][426,1174] (has extras)} from pid 21518
05-22 13:39:53.346 D/dalvikvm(  374): GC_FOR_ALLOC freed 2141K, 20% free 24691K/30516K, paused 229ms, total 229ms
05-22 13:39:53.353 D/LauncherApplication(21518): [null:-1]->onActivityPaused
05-22 13:39:53.361 D/LauncherApplication(21518): [null:-1]->onActivityPaused  updateTime
05-22 13:39:53.392 D/        (21518): [---null: -1---]  showAllApps
05-22 13:39:53.424 V/CounterTextView(21518): draw
05-22 13:39:53.424 V/CounterTextView(21518): count = 1
05-22 13:39:53.424 D/MDM :   (21518): [null:-1]->zzzzz   getWidth() 160
05-22 13:39:53.424 D/MDM :   (21518): [null:-1]->zzzzz   ------------------mWidthTemp >getWidth()() 
05-22 13:39:53.424 V/CounterTextView(21518): xxxxxxx   136
05-22 13:39:53.588 D/        (21518): [---null: -1---]  xxd info.title 'About', info.intent <Intent { flg=0x10200000 cmp=com.pekall.emdm.launcher/.ui.AboutActivity }>
05-22 13:39:53.596 D/        (21518): [---null: -1---]  xxd getPackageName  com.pekall.emdm.launcher
05-22 13:39:53.596 D/        (21518): [---null: -1---]  xxd getClassName  com.pekall.emdm.launcher.ui.AboutActivity
05-22 13:39:53.603 D/        (21518): [---null: -1---]  xxd title name from label: About
05-22 13:39:53.603 D/        (21518): [---null: -1---]  xxd titlename: About ,count is 0
05-22 13:39:53.611 D/        (21518): [---null: -1---]  xxd info.title 'Application List', info.intent <Intent { flg=0x10200000 cmp=com.pekall.emdm.launcher/com.pekall.emdm.market.activity.AppListActivity }>
05-22 13:39:53.611 D/        (21518): [---null: -1---]  xxd getPackageName  com.pekall.emdm.launcher
05-22 13:39:53.611 D/        (21518): [---null: -1---]  xxd getClassName  com.pekall.emdm.market.activity.AppListActivity
05-22 13:39:53.611 D/        (21518): [---null: -1---]  xxd title name from label: Application List
05-22 13:39:53.619 D/        (21518): [---null: -1---]  xxd titlename: Application List ,count is 0
05-22 13:39:53.619 D/        (21518): [---null: -1---]  xxd info.title 'Document Manager', info.intent <Intent { flg=0x10200000 cmp=com.pekall.emdm.launcher/com.pekall.emdm.document.activity.DocMainActivity }>
05-22 13:39:53.627 D/        (21518): [---null: -1---]  xxd getPackageName  com.pekall.emdm.launcher
05-22 13:39:53.627 D/        (21518): [---null: -1---]  xxd getClassName  com.pekall.emdm.document.activity.DocMainActivity
05-22 13:39:53.627 D/        (21518): [---null: -1---]  xxd title name from label: Document Manager
05-22 13:39:53.627 D/        (21518): [---null: -1---]  xxd titlename: Document Manager ,count is 0
05-22 13:39:53.635 D/        (21518): [---null: -1---]  xxd info.title 'Email', info.intent <Intent { flg=0x10200000 cmp=com.pekall.emdm.launcher/com.pekall.semail.activity.Welcome }>
05-22 13:39:53.635 D/        (21518): [---null: -1---]  xxd getPackageName  com.pekall.emdm.launcher
05-22 13:39:53.635 D/        (21518): [---null: -1---]  xxd getClassName  com.pekall.semail.activity.Welcome
05-22 13:39:53.642 D/        (21518): [---null: -1---]  xxd title name from label: Email
05-22 13:39:53.642 D/        (21518): [---null: -1---]  xxd titlename: Email ,count is 0
05-22 13:39:53.642 D/        (21518): [---null: -1---]  xxd info.title 'EmdmContacts', info.intent <Intent { flg=0x10200000 cmp=com.pekall.emdm.launcher/com.pekall.emdm.contacts.activities.PeopleActivity }>
05-22 13:39:53.642 D/        (21518): [---null: -1---]  xxd getPackageName  com.pekall.emdm.launcher
05-22 13:39:53.650 D/        (21518): [---null: -1---]  xxd getClassName  com.pekall.emdm.contacts.activities.PeopleActivity
05-22 13:39:53.650 D/        (21518): [---null: -1---]  xxd title name from label: EmdmContacts
05-22 13:39:53.650 D/        (21518): [---null: -1---]  xxd titlename: EmdmContacts ,count is 0
05-22 13:39:53.658 D/        (21518): [---null: -1---]  xxd info.title 'Message Center', info.intent <Intent { flg=0x10200000 cmp=com.pekall.emdm.launcher/com.pekall.emdm.messagecenter.activity.MessageMainActivity }>
05-22 13:39:53.658 D/        (21518): [---null: -1---]  xxd getPackageName  com.pekall.emdm.launcher
05-22 13:39:53.658 D/        (21518): [---null: -1---]  xxd getClassName  com.pekall.emdm.messagecenter.activity.MessageMainActivity
05-22 13:39:53.658 D/        (21518): [---null: -1---]  xxd title name from label: Message Center
05-22 13:39:53.666 D/        (21518): [---null: -1---]  xxd titlename: Message Center ,count is 0
05-22 13:39:53.666 D/        (21518): [---null: -1---]  xxd info.title 'Personal Mode', info.intent <Intent { flg=0x10200000 cmp=com.pekall.emdm.launcher/.ui.BackPersonalActivity }>
05-22 13:39:53.666 D/        (21518): [---null: -1---]  xxd getPackageName  com.pekall.emdm.launcher
05-22 13:39:53.674 D/        (21518): [---null: -1---]  xxd getClassName  com.pekall.emdm.launcher.ui.BackPersonalActivity
05-22 13:39:53.674 D/        (21518): [---null: -1---]  xxd title name from label: Personal Mode
05-22 13:39:53.674 D/        (21518): [---null: -1---]  xxd titlename: Personal Mode ,count is 0
05-22 13:39:53.681 D/        (21518): [---null: -1---]  xxd info.title 'Phone', info.intent <Intent { flg=0x10200000 cmp=com.pekall.emdm.launcher/com.pekall.emdm.contacts.activities.DialtactsActivity }>
05-22 13:39:53.681 D/        (21518): [---null: -1---]  xxd getPackageName  com.pekall.emdm.launcher
05-22 13:39:53.681 D/        (21518): [---null: -1---]  xxd getClassName  com.pekall.emdm.contacts.activities.DialtactsActivity
05-22 13:39:53.689 D/        (21518): [---null: -1---]  xxd title name from label: Phone
05-22 13:39:53.689 D/        (21518): [---null: -1---]  xxd titlename: Phone ,count is 0
05-22 13:39:53.689 D/        (21518): [---null: -1---]  xxd info.title 'Safe Browser', info.intent <Intent { flg=0x10200000 cmp=com.pekall.emdm.launcher/com.pekall.emdm.browser.BrowserActivity }>
05-22 13:39:53.689 D/        (21518): [---null: -1---]  xxd getPackageName  com.pekall.emdm.launcher
05-22 13:39:53.697 D/        (21518): [---null: -1---]  xxd getClassName  com.pekall.emdm.browser.BrowserActivity
05-22 13:39:53.697 D/        (21518): [---null: -1---]  xxd title name from label: Safe Browser
05-22 13:39:53.697 D/        (21518): [---null: -1---]  xxd titlename: Safe Browser ,count is 0
05-22 13:39:53.705 D/        (21518): [---null: -1---]  xxd info.title 'Setting', info.intent <Intent { flg=0x10200000 cmp=com.pekall.emdm.launcher/.ui.SettingActivity }>
05-22 13:39:53.705 D/        (21518): [---null: -1---]  xxd getPackageName  com.pekall.emdm.launcher
05-22 13:39:53.705 D/        (21518): [---null: -1---]  xxd getClassName  com.pekall.emdm.launcher.ui.SettingActivity
05-22 13:39:53.713 D/        (21518): [---null: -1---]  xxd title name from label: Setting
05-22 13:39:53.713 D/        (21518): [---null: -1---]  xxd titlename: Setting ,count is 0
05-22 13:39:53.728 V/CounterTextView(21518): draw
05-22 13:39:53.728 V/CounterTextView(21518): count = 1
05-22 13:39:53.728 D/MDM :   (21518): [null:-1]->zzzzz   getWidth() 175
05-22 13:39:53.736 D/MDM :   (21518): [null:-1]->zzzzz   ++++++++++++++++mWidthTemp <getWidth()(Offset) 0
05-22 13:39:53.736 V/CounterTextView(21518): xxxxxxx   136
05-22 13:39:53.736 V/CounterTextView(21518): draw
05-22 13:39:53.736 V/CounterTextView(21518): count = 1
05-22 13:39:53.744 D/MDM :   (21518): [null:-1]->zzzzz   getWidth() 175
05-22 13:39:53.752 D/MDM :   (21518): [null:-1]->zzzzz   ++++++++++++++++mWidthTemp <getWidth()(Offset) 0
05-22 13:39:53.752 V/CounterTextView(21518): xxxxxxx   136
05-22 13:39:53.760 V/CounterTextView(21518): draw
05-22 13:39:53.760 V/CounterTextView(21518): count = 1
05-22 13:39:53.767 D/MDM :   (21518): [null:-1]->zzzzz   getWidth() 175
05-22 13:39:53.767 D/MDM :   (21518): [null:-1]->zzzzz   ++++++++++++++++mWidthTemp <getWidth()(Offset) 0
05-22 13:39:53.767 V/CounterTextView(21518): xxxxxxx   136
05-22 13:39:53.767 V/CounterTextView(21518): draw
05-22 13:39:53.767 V/CounterTextView(21518): count = 1
05-22 13:39:53.775 D/MDM :   (21518): [null:-1]->zzzzz   getWidth() 175
05-22 13:39:53.775 D/MDM :   (21518): [null:-1]->zzzzz   ++++++++++++++++mWidthTemp <getWidth()(Offset) 0
05-22 13:39:53.775 V/CounterTextView(21518): xxxxxxx   136
05-22 13:39:53.947 W/InputMethodManagerService(  374): Window already focused, ignoring focus gain of: com.android.internal.view.IInputMethodClient$Stub$Proxy@42d89b28 attribute=null, token = android.os.BinderProxy@427d4590
05-22 13:39:53.994 V/CounterTextView(21518): draw
05-22 13:39:54.002 V/CounterTextView(21518): count = 1
05-22 13:39:54.002 D/MDM :   (21518): [null:-1]->zzzzz   getWidth() 175
05-22 13:39:54.010 D/MDM :   (21518): [null:-1]->zzzzz   ++++++++++++++++mWidthTemp <getWidth()(Offset) 0
05-22 13:39:54.010 V/CounterTextView(21518): xxxxxxx   136
05-22 13:39:54.010 V/CounterTextView(21518): draw
05-22 13:39:54.010 V/CounterTextView(21518): count = 1
05-22 13:39:54.017 D/MDM :   (21518): [null:-1]->zzzzz   getWidth() 175
05-22 13:39:54.017 D/MDM :   (21518): [null:-1]->zzzzz   ++++++++++++++++mWidthTemp <getWidth()(Offset) 0
05-22 13:39:54.017 V/CounterTextView(21518): xxxxxxx   136
05-22 13:39:54.041 V/CounterTextView(21518): draw
05-22 13:39:54.041 V/CounterTextView(21518): count = 1
05-22 13:39:54.041 D/MDM :   (21518): [null:-1]->zzzzz   getWidth() 175
05-22 13:39:54.049 D/MDM :   (21518): [null:-1]->zzzzz   ++++++++++++++++mWidthTemp <getWidth()(Offset) 0
05-22 13:39:54.049 V/CounterTextView(21518): xxxxxxx   136
05-22 13:39:54.049 V/CounterTextView(21518): draw
05-22 13:39:54.049 V/CounterTextView(21518): count = 1
05-22 13:39:54.056 D/MDM :   (21518): [null:-1]->zzzzz   getWidth() 175
05-22 13:39:54.056 D/MDM :   (21518): [null:-1]->zzzzz   ++++++++++++++++mWidthTemp <getWidth()(Offset) 0
05-22 13:39:54.056 V/CounterTextView(21518): xxxxxxx   136
05-22 13:39:54.096 D/        (21518): [---null: -1---]     awsa  onActivityResumed
05-22 13:39:54.096 V/LauncherApplication(21518): 2MdmConstant.LAST_LAUNCH_TIME = 1400737193371
05-22 13:39:54.111 D/        (21518): [---null: -1---]  activity = com.pekall.emdm.launcher.Launcher
05-22 13:39:54.111 V/DefultSetContriller(21518): isLauncherDf = com.pekall.emdm.launcher
05-22 13:39:54.119 V/DefultSetContriller(21518): isLauncherDf = com.pekall.emdm.launcher
05-22 13:39:54.119 V/DefultSetContriller(21518): isPhoneDf = com.pekall.emdm.launcher
05-22 13:39:54.119 E/LauncherApplication(21518): isShowLogoutUI = true
05-22 13:39:54.119 E/LauncherApplication(21518): LogoutShowTime 1
05-22 13:39:54.119 V/Launcher(21518): onResume1111111 
05-22 13:39:54.119 V/Launcher(21518): is login ----> 
05-22 13:39:54.127 I/System.out(21518):  
05-22 13:39:54.127 I/System.out(21518): com.pekall.emdm.launcher.Workspace.setWallpaper(Unknown Source)
05-22 13:39:54.127 I/System.out(21518): com.pekall.emdm.launcher.Launcher.onResume(Unknown Source)
05-22 13:39:54.127 I/System.out(21518): android.app.Instrumentation.callActivityOnResume(Instrumentation.java:1192)
05-22 13:39:54.127 I/System.out(21518): android.app.Activity.performResume(Activity.java:5211)
05-22 13:39:54.127 I/System.out(21518): android.app.ActivityThread.performResumeActivity(ActivityThread.java:2780)
05-22 13:39:54.135 I/System.out(21518): android.app.ActivityThread.handleResumeActivity(ActivityThread.java:2819)
05-22 13:39:54.135 I/System.out(21518): android.app.ActivityThread$H.handleMessage(ActivityThread.java:1298)
05-22 13:39:54.135 I/System.out(21518): android.os.Handler.dispatchMessage(Handler.java:99)
05-22 13:39:54.135 I/System.out(21518): android.os.Looper.loop(Looper.java:137)
05-22 13:39:54.135 I/System.out(21518): android.app.ActivityThread.main(ActivityThread.java:5103)
05-22 13:39:54.135 I/System.out(21518): java.lang.reflect.Method.invokeNative(Native Method)
05-22 13:39:54.135 I/System.out(21518): java.lang.reflect.Method.invoke(Method.java:525)
05-22 13:39:54.135 I/System.out(21518): com.android.internal.os.ZygoteInit$MethodAndArgsCaller.run(ZygoteInit.java:737)
05-22 13:39:54.135 I/System.out(21518): com.android.internal.os.ZygoteInit.main(ZygoteInit.java:553)
05-22 13:39:54.135 I/System.out(21518): dalvik.system.NativeStart.main(Native Method)
05-22 13:39:54.385 D/dalvikvm(21518): JIT unchain all for threadid=11
05-22 13:39:54.463 D/dalvikvm(21518): GC_FOR_ALLOC freed 4808K, 30% free 27157K/38500K, paused 321ms, total 325ms
05-22 13:39:54.517 D/dalvikvm(20749): GC_CONCURRENT freed 334K, 5% free 9459K/9932K, paused 98ms+160ms, total 1992ms
05-22 13:39:54.752 I/Choreographer(21518): Skipped 36 frames!  The application may be doing too much work on its main thread.
05-22 13:39:55.135 V/CounterTextView(21518): draw
05-22 13:39:55.135 V/CounterTextView(21518): count = 1
05-22 13:39:55.150 D/MDM :   (21518): [null:-1]->zzzzz   getWidth() 175
05-22 13:39:55.158 D/MDM :   (21518): [null:-1]->zzzzz   ++++++++++++++++mWidthTemp <getWidth()(Offset) 0
05-22 13:39:55.158 V/CounterTextView(21518): xxxxxxx   136
05-22 13:39:55.166 V/CounterTextView(21518): draw
05-22 13:39:55.181 V/CounterTextView(21518): count = 1
05-22 13:39:55.181 D/MDM :   (21518): [null:-1]->zzzzz   getWidth() 175
05-22 13:39:55.181 D/MDM :   (21518): [null:-1]->zzzzz   ++++++++++++++++mWidthTemp <getWidth()(Offset) 0
05-22 13:39:55.181 V/CounterTextView(21518): xxxxxxx   136
05-22 13:39:55.205 V/CounterTextView(21518): draw
05-22 13:39:55.205 V/CounterTextView(21518): count = 1
05-22 13:39:55.213 D/MDM :   (21518): [null:-1]->zzzzz   getWidth() 175
05-22 13:39:55.221 D/MDM :   (21518): [null:-1]->zzzzz   ++++++++++++++++mWidthTemp <getWidth()(Offset) 0
05-22 13:39:55.221 V/CounterTextView(21518): xxxxxxx   136
05-22 13:39:55.221 V/CounterTextView(21518): draw
05-22 13:39:55.228 V/CounterTextView(21518): count = 1
05-22 13:39:55.228 D/MDM :   (21518): [null:-1]->zzzzz   getWidth() 175
05-22 13:39:55.236 D/MDM :   (21518): [null:-1]->zzzzz   ++++++++++++++++mWidthTemp <getWidth()(Offset) 0
05-22 13:39:55.236 V/CounterTextView(21518): xxxxxxx   136
05-22 13:39:55.299 I/QueryController(21737): Matched selector: UiSelector[TEXT=Message Center, CLASS=android.widget.TextView, PACKAGE NAME=com.pekall.emdm.launcher] <<==>> [android.view.accessibility.AccessibilityNodeInfo@21e56; boundsInParent: Rect(0, 0 - 175, 255); boundsInScreen: Rect(185, 335 - 360, 590); packageName: com.pekall.emdm.launcher; className: android.widget.TextView; text: Message Center; contentDescription: null; viewIdResName: com.pekall.emdm.launcher:id/name; checkable: false; checked: false; focusable: false; focused: false; selected: false; clickable: false; longClickable: false; enabled: true; password: false; scrollable: false; [ACTION_SELECT, ACTION_CLEAR_SELECTION, ACTION_ACCESSIBILITY_FOCUS, ACTION_NEXT_AT_MOVEMENT_GRANULARITY, ACTION_PREVIOUS_AT_MOVEMENT_GRANULARITY, ACTION_SET_SELECTION]]
05-22 13:39:55.838 I/QueryController(21737): Matched selector: UiSelector[TEXT=Message Center, CLASS=android.widget.TextView, PACKAGE NAME=com.pekall.emdm.launcher] <<==>> [android.view.accessibility.AccessibilityNodeInfo@21e56; boundsInParent: Rect(0, 0 - 175, 255); boundsInScreen: Rect(185, 335 - 360, 590); packageName: com.pekall.emdm.launcher; className: android.widget.TextView; text: Message Center; contentDescription: null; viewIdResName: com.pekall.emdm.launcher:id/name; checkable: false; checked: false; focusable: false; focused: false; selected: false; clickable: false; longClickable: false; enabled: true; password: false; scrollable: false; [ACTION_SELECT, ACTION_CLEAR_SELECTION, ACTION_ACCESSIBILITY_FOCUS, ACTION_NEXT_AT_MOVEMENT_GRANULARITY, ACTION_PREVIOUS_AT_MOVEMENT_GRANULARITY, ACTION_SET_SELECTION]]
05-22 13:39:55.838 D/UiObject(21737): getText() = Message Center
05-22 13:39:55.846 D/dalvikvm( 1661): GC_EXPLICIT freed 543K, 18% free 13062K/15888K, paused 3ms+12ms, total 129ms
05-22 13:39:55.877 I/QueryController(21737): Matched selector: UiSelector[TEXT=Message Center, CLASS=android.widget.TextView, PACKAGE NAME=com.pekall.emdm.launcher] <<==>> [android.view.accessibility.AccessibilityNodeInfo@21e56; boundsInParent: Rect(0, 0 - 175, 255); boundsInScreen: Rect(185, 335 - 360, 590); packageName: com.pekall.emdm.launcher; className: android.widget.TextView; text: Message Center; contentDescription: null; viewIdResName: com.pekall.emdm.launcher:id/name; checkable: false; checked: false; focusable: false; focused: false; selected: false; clickable: false; longClickable: false; enabled: true; password: false; scrollable: false; [ACTION_SELECT, ACTION_CLEAR_SELECTION, ACTION_ACCESSIBILITY_FOCUS, ACTION_NEXT_AT_MOVEMENT_GRANULARITY, ACTION_PREVIOUS_AT_MOVEMENT_GRANULARITY, ACTION_SET_SELECTION]]
05-22 13:39:56.025 I/QueryController(21737): Matched selector: UiSelector[TEXT=Message Center, CLASS=android.widget.TextView, PACKAGE NAME=com.pekall.emdm.launcher] <<==>> [android.view.accessibility.AccessibilityNodeInfo@21e56; boundsInParent: Rect(0, 0 - 175, 255); boundsInScreen: Rect(185, 335 - 360, 590); packageName: com.pekall.emdm.launcher; className: android.widget.TextView; text: Message Center; contentDescription: null; viewIdResName: com.pekall.emdm.launcher:id/name; checkable: false; checked: false; focusable: false; focused: false; selected: false; clickable: false; longClickable: false; enabled: true; password: false; scrollable: false; [ACTION_SELECT, ACTION_CLEAR_SELECTION, ACTION_ACCESSIBILITY_FOCUS, ACTION_NEXT_AT_MOVEMENT_GRANULARITY, ACTION_PREVIOUS_AT_MOVEMENT_GRANULARITY, ACTION_SET_SELECTION]]
05-22 13:39:56.064 D/InteractionController(21737): clickAndWaitForNewWindow(272, 462)
05-22 13:39:56.260 W/Parcel  ( 1661): Attempt to read object from Parcel 0x5ec3bdac at offset 200 that is not in the object list
05-22 13:39:56.260 I/ActivityManager(  374): START u0 {flg=0x10000000 cmp=com.pekall.emdm.launcher/com.pekall.emdm.messagecenter.activity.MessageMainActivity} from pid 21518
05-22 13:39:56.525 D/dalvikvm(  374): GC_FOR_ALLOC freed 1238K, 20% free 24651K/30516K, paused 216ms, total 216ms
05-22 13:39:56.541 D/LauncherApplication(21518): [null:-1]->onActivityPaused
05-22 13:39:56.564 D/LauncherApplication(21518): [null:-1]->onActivityPaused  updateTime
05-22 13:39:56.689 V/LauncherApplication(21518): onActivityStarted
05-22 13:39:56.689 D/        (21518): [---null: -1---]     awsa  onActivityResumed
05-22 13:39:56.689 V/LauncherApplication(21518): 2MdmConstant.LAST_LAUNCH_TIME = 1400737196568
05-22 13:39:56.705 D/        (21518): [---null: -1---]  activity = com.pekall.emdm.messagecenter.activity.MessageMainActivity
05-22 13:39:56.705 V/DefultSetContriller(21518): isLauncherDf = com.pekall.emdm.launcher
05-22 13:39:56.705 V/DefultSetContriller(21518): isPhoneDf = com.pekall.emdm.launcher
05-22 13:39:56.705 E/LauncherApplication(21518): isShowLogoutUI = true
05-22 13:39:56.705 E/LauncherApplication(21518): LogoutShowTime 1
05-22 13:39:57.041 I/ActivityManager(  374): Displayed com.pekall.emdm.launcher/com.pekall.emdm.messagecenter.activity.MessageMainActivity: +481ms (total +3s678ms)
05-22 13:39:57.846 I/QueryController(21737): Matched selector: UiSelector[TEXT=push message, CLASS=android.widget.TextView, PACKAGE NAME=com.pekall.emdm.launcher] <<==>> [android.view.accessibility.AccessibilityNodeInfo@2c746; boundsInParent: Rect(0, 0 - 186, 38); boundsInScreen: Rect(87, 79 - 273, 117); packageName: com.pekall.emdm.launcher; className: android.widget.TextView; text: push message; contentDescription: null; viewIdResName: android:id/title; checkable: false; checked: false; focusable: false; focused: false; selected: true; clickable: false; longClickable: false; enabled: true; password: false; scrollable: false; [ACTION_SELECT, ACTION_CLEAR_SELECTION, ACTION_ACCESSIBILITY_FOCUS, ACTION_NEXT_AT_MOVEMENT_GRANULARITY, ACTION_PREVIOUS_AT_MOVEMENT_GRANULARITY, ACTION_SET_SELECTION]]
05-22 13:39:57.947 I/QueryController(21737): Matched selector: UiSelector[TEXT=push message, CLASS=android.widget.TextView, PACKAGE NAME=com.pekall.emdm.launcher] <<==>> [android.view.accessibility.AccessibilityNodeInfo@2c746; boundsInParent: Rect(0, 0 - 186, 38); boundsInScreen: Rect(87, 79 - 273, 117); packageName: com.pekall.emdm.launcher; className: android.widget.TextView; text: push message; contentDescription: null; viewIdResName: android:id/title; checkable: false; checked: false; focusable: false; focused: false; selected: true; clickable: false; longClickable: false; enabled: true; password: false; scrollable: false; [ACTION_SELECT, ACTION_CLEAR_SELECTION, ACTION_ACCESSIBILITY_FOCUS, ACTION_NEXT_AT_MOVEMENT_GRANULARITY, ACTION_PREVIOUS_AT_MOVEMENT_GRANULARITY, ACTION_SET_SELECTION]]
05-22 13:39:57.947 D/InteractionController(21737): clickAndSync(180, 98)
05-22 13:39:58.603 I/QueryController(21737): Matched selector: UiSelector[TEXT=SubjectPush test] <<==>> [android.view.accessibility.AccessibilityNodeInfo@292b8; boundsInParent: Rect(0, 0 - 422, 59); boundsInScreen: Rect(160, 166 - 582, 225); packageName: com.pekall.emdm.launcher; className: android.widget.TextView; text: SubjectPush test; contentDescription: null; viewIdResName: com.pekall.emdm.launcher:id/subject; checkable: false; checked: false; focusable: false; focused: false; selected: false; clickable: false; longClickable: false; enabled: true; password: false; scrollable: false; [ACTION_SELECT, ACTION_CLEAR_SELECTION, ACTION_ACCESSIBILITY_FOCUS, ACTION_NEXT_AT_MOVEMENT_GRANULARITY, ACTION_PREVIOUS_AT_MOVEMENT_GRANULARITY, ACTION_SET_SELECTION]]
05-22 13:39:58.627 I/AndroidRuntime(21737): VM exiting with result code 0.
05-22 13:39:58.814 I/RootJni (21762): su: permission denied
05-22 13:40:00.033 V/WiseDownloadConditionControler(20342): checkCondition  type : WISE_DOWNLOAD  inerrupting: true
05-22 13:40:00.197 W/Parcel  ( 1661): Attempt to read object from Parcel 0x6003bdac at offset 200 that is not in the object list
05-22 13:40:00.291 W/Parcel  ( 1661): Attempt to read object from Parcel 0x5ef3bdac at offset 200 that is not in the object list
05-22 13:40:00.978 I/Process (  374): Sending signal. PID: 21698 SIG: 3
05-22 13:40:00.978 I/dalvikvm(21698): threadid=3: reacting to signal 3
05-22 13:40:00.978 W/ActivityManager(  374): Timeout executing service: ServiceRecord{430ea3c8 u0 com.pekall.emdm.launcher/com.baidu.location.f}
05-22 13:40:01.189 I/Process (  374): Sending signal. PID: 374 SIG: 3
05-22 13:40:01.189 I/dalvikvm(  374): threadid=3: reacting to signal 3
05-22 13:40:01.228 D/dalvikvm(21698): JIT unchain all for threadid=12
05-22 13:40:01.471 I/dalvikvm(21698): Wrote stack traces to '/data/anr/traces.txt'
05-22 13:40:03.252 D/dalvikvm(20769): GC_CONCURRENT freed 382K, 5% free 9832K/10316K, paused 413ms+479ms, total 2615ms
05-22 13:40:03.869 D/dalvikvm( 1468): GC_CONCURRENT freed 426K, 21% free 9991K/12512K, paused 471ms+179ms, total 2077ms
05-22 13:40:09.892 I/dalvikvm(  374): Wrote stack traces to '/data/anr/traces.txt'
05-22 13:40:09.900 I/Process (  374): Sending signal. PID: 561 SIG: 3
05-22 13:40:09.900 I/dalvikvm(  561): threadid=3: reacting to signal 3
05-22 13:40:09.947 I/Process (  374): Sending signal. PID: 448 SIG: 3
05-22 13:40:09.947 I/dalvikvm(  448): threadid=3: reacting to signal 3
05-22 13:40:09.955 I/Process (  374): Sending signal. PID: 568 SIG: 3
05-22 13:40:09.955 I/dalvikvm(  568): threadid=3: reacting to signal 3
05-22 13:40:10.002 I/dalvikvm(  561): Wrote stack traces to '/data/anr/traces.txt'
05-22 13:40:10.049 W/MountService(  374): getVolumeState(/storage/emulated/0/external_sd): Unknown volume
05-22 13:40:10.072 I/dalvikvm(  568): Wrote stack traces to '/data/anr/traces.txt'
05-22 13:40:10.103 W/MountService(  374): getVolumeState(/mnt/sdcard-ext): Unknown volume
05-22 13:40:10.119 W/MountService(  374): getVolumeState(/mnt/ext_sdcard): Unknown volume
05-22 13:40:10.150 W/MountService(  374): getVolumeState(/mnt/sdcard2): Unknown volume
05-22 13:40:10.166 W/MountService(  374): getVolumeState(/mnt/emmc): Unknown volume
05-22 13:40:10.205 W/MountService(  374): getVolumeState(/mnt/extSdCard): Unknown volume
05-22 13:40:10.252 W/MountService(  374): getVolumeState(/mnt/sdcard/SD_CARD): Unknown volume
05-22 13:40:10.346 W/MountService(  374): getVolumeState(/mnt/sdcard/extra_sd): Unknown volume
05-22 13:40:10.369 W/MountService(  374): getVolumeState(/mnt/extrasd_bind): Unknown volume
05-22 13:40:10.392 W/MountService(  374): getVolumeState(/mnt/sdcard/ext_sd): Unknown volume
05-22 13:40:10.400 W/MountService(  374): getVolumeState(/storage/extSdCard): Unknown volume
05-22 13:40:10.416 W/MountService(  374): getVolumeState(/storage/sdcard1): Unknown volume
05-22 13:40:10.424 W/MountService(  374): getVolumeState(/mnt/sdcard/external_SD): Unknown volume
05-22 13:40:10.431 W/MountService(  374): getVolumeState(/mnt/sdcard/external_sd): Unknown volume
05-22 13:40:10.994 I/dalvikvm(  448): Wrote stack traces to '/data/anr/traces.txt'
05-22 13:40:10.994 D/dalvikvm(  374): GC_EXPLICIT freed 1862K, 18% free 25187K/30516K, paused 5ms+14ms, total 229ms
05-22 13:40:11.627 I/Process (  374): Sending signal. PID: 21518 SIG: 3
05-22 13:40:11.627 I/dalvikvm(21518): threadid=3: reacting to signal 3
05-22 13:40:11.830 I/Process (  374): Sending signal. PID: 1661 SIG: 3
05-22 13:40:11.830 I/dalvikvm( 1661): threadid=3: reacting to signal 3
05-22 13:40:11.877 D/dalvikvm(21518): JIT unchain all for threadid=11
05-22 13:40:11.908 I/dalvikvm( 1661): Wrote stack traces to '/data/anr/traces.txt'
05-22 13:40:11.908 I/Process (  374): Sending signal. PID: 21248 SIG: 3
05-22 13:40:11.916 I/dalvikvm(21248): threadid=3: reacting to signal 3
05-22 13:40:11.963 I/dalvikvm(21518): Wrote stack traces to '/data/anr/traces.txt'
05-22 13:40:11.986 E/ActivityManager(  374): ANR in com.pekall.emdm.launcher:remote
05-22 13:40:11.986 E/ActivityManager(  374): Reason: Executing service com.pekall.emdm.launcher/com.baidu.location.f
05-22 13:40:11.986 E/ActivityManager(  374): Load: 3.93 / 2.15 / 1.52
05-22 13:40:11.986 E/ActivityManager(  374): CPU usage from 689ms to -10980ms ago:
05-22 13:40:11.986 E/ActivityManager(  374):   84% 21518/com.pekall.emdm.launcher: 84% user + 0.2% kernel / faults: 180 minor
05-22 13:40:11.986 E/ActivityManager(  374):   78% 21698/com.pekall.emdm.launcher:remote: 78% user + 0.4% kernel / faults: 130 minor
05-22 13:40:11.986 E/ActivityManager(  374):   19% 374/system_server: 14% user + 4.8% kernel / faults: 490 minor
05-22 13:40:11.986 E/ActivityManager(  374):   4.1% 448/com.android.systemui: 3.8% user + 0.2% kernel / faults: 48 minor
05-22 13:40:11.986 E/ActivityManager(  374):   1.3% 20243/kworker/1:1: 0% user + 1.3% kernel
05-22 13:40:11.986 E/ActivityManager(  374):   1% 135/adbd: 0.3% user + 0.6% kernel / faults: 18 minor
05-22 13:40:11.986 E/ActivityManager(  374):   0.6% 1468/com.qihoo.daemon: 0.4% user + 0.1% kernel / faults: 527 minor
05-22 13:40:11.986 E/ActivityManager(  374):   0.8% 1661/com.qihoo360.mobilesafe:GuardService: 0.6% user + 0.2% kernel / faults: 256 minor 1 major
05-22 13:40:11.986 E/ActivityManager(  374):   0.5% 127/mediaserver: 0.2% user + 0.2% kernel
05-22 13:40:11.986 E/ActivityManager(  374):   0.2% 561/com.android.phone: 0.2% user + 0% kernel / faults: 51 minor
05-22 13:40:11.986 E/ActivityManager(  374):   0.2% 20769/com.dragon.android.pandaspace:bdservice_v1: 0.2% user + 0% kernel / faults: 179 minor
05-22 13:40:11.986 E/ActivityManager(  374):   0.1% 568/com.android.nfc: 0.1% user + 0% kernel / faults: 38 minor
05-22 13:40:11.986 E/ActivityManager(  374):   0.2% 20870/kworker/0:0: 0% user + 0.2% kernel
05-22 13:40:11.986 E/ActivityManager(  374):   0.1% 20874/com.qihoo.appstore: 0% user + 0% kernel / faults: 2 minor
05-22 13:40:11.986 E/ActivityManager(  374):   0.1% 21248/com.nd.assistance.ServerService: 0.1% user + 0% kernel / faults: 150 minor
05-22 13:40:11.986 E/ActivityManager(  374):   0% 82/mmcqd/0: 0% user + 0% kernel
05-22 13:40:11.986 E/ActivityManager(  374):   0% 124/surfaceflinger: 0% user + 0% kernel
05-22 13:40:11.986 E/ActivityManager(  374):   0% 1615/logcat: 0% user + 0% kernel
05-22 13:40:11.986 E/ActivityManager(  374):   0% 20327/com.tencent.android.qqdownloader:connect: 0% user + 0% kernel / faults: 14 minor
05-22 13:40:11.986 E/ActivityManager(  374):   0% 20342/com.tencent.android.qqdownloader: 0% user + 0% kernel / faults: 35 minor
05-22 13:40:11.986 E/ActivityManager(  374):   0% 21285/kworker/u:2: 0% user + 0% kernel
05-22 13:40:11.986 E/ActivityManager(  374): 99% TOTAL: 94% user + 5.7% kernel
05-22 13:40:11.986 E/ActivityManager(  374): CPU usage from 10011ms to 10605ms later:
05-22 13:40:11.986 E/ActivityManager(  374):   96% 21698/com.pekall.emdm.launcher:remote: 96% user + 0% kernel
05-22 13:40:11.986 E/ActivityManager(  374):     96% 21712/Thread-5314: 96% user + 0% kernel
05-22 13:40:11.986 E/ActivityManager(  374):   88% 21518/com.pekall.emdm.launcher: 88% user + 0% kernel
05-22 13:40:11.986 E/ActivityManager(  374):     88% 21531/Thread-5304: 88% user + 0% kernel
05-22 13:40:11.986 E/ActivityManager(  374):   16% 374/system_server: 1.6% user + 15% kernel
05-22 13:40:11.986 E/ActivityManager(  374):     13% 390/ActivityManager: 3.3% user + 10% kernel
05-22 13:40:11.986 E/ActivityManager(  374):     3.3% 386/SensorService: 1.6% user + 1.6% kernel
05-22 13:40:11.986 E/ActivityManager(  374):     1.6% 388/UI: 0% user + 1.6% kernel
05-22 13:40:11.986 E/ActivityManager(  374):   1.8% 1661/com.qihoo360.mobilesafe:GuardService: 1.8% user + 0% kernel
05-22 13:40:11.986 E/ActivityManager(  374):   1% 21248/com.nd.assistance.ServerService: 1% user + 0% kernel
05-22 13:40:11.986 E/ActivityManager(  374):  +0% 21768/cat: 0% user + 0% kernel
05-22 13:40:11.986 E/ActivityManager(  374): 100% TOTAL: 90% user + 9.3% kernel
05-22 13:40:11.994 W/ActivityManager(  374): Killing ProcessRecord{42698620 21698:com.pekall.emdm.launcher:remote/u0a10066}: background ANR
05-22 13:40:12.080 D/dalvikvm(  374): GC_FOR_ALLOC freed 866K, 17% free 25428K/30516K, paused 79ms, total 79ms
05-22 13:40:12.080 D/ExchangeService(21518): !!! EAS ExchangeService, onDestroy
05-22 13:40:12.080 I/ActivityManager(  374): Process com.pekall.emdm.launcher:remote (pid 21698) has died.
05-22 13:40:12.080 W/ActivityManager(  374): Scheduling restart of crashed service com.pekall.emdm.launcher/com.baidu.location.f in 20000ms
05-22 13:40:12.158 D/dalvikvm(  374): GC_FOR_ALLOC freed 784K, 19% free 24902K/30516K, paused 78ms, total 78ms
05-22 13:40:12.205 I/dalvikvm(21248): Wrote stack traces to '/data/anr/traces.txt'
05-22 13:40:13.791 W/MountService(  374): getVolumeState(/storage/emulated/0/external_sd): Unknown volume
05-22 13:40:13.799 W/MountService(  374): getVolumeState(/mnt/sdcard-ext): Unknown volume
05-22 13:40:13.799 W/MountService(  374): getVolumeState(/mnt/ext_sdcard): Unknown volume
05-22 13:40:13.799 W/MountService(  374): getVolumeState(/mnt/sdcard2): Unknown volume
05-22 13:40:13.799 W/MountService(  374): getVolumeState(/mnt/emmc): Unknown volume
05-22 13:40:13.799 W/MountService(  374): getVolumeState(/mnt/extSdCard): Unknown volume
05-22 13:40:13.799 W/MountService(  374): getVolumeState(/mnt/sdcard/SD_CARD): Unknown volume
05-22 13:40:13.799 W/MountService(  374): getVolumeState(/mnt/sdcard/extra_sd): Unknown volume
05-22 13:40:13.799 W/MountService(  374): getVolumeState(/mnt/extrasd_bind): Unknown volume
05-22 13:40:13.799 W/MountService(  374): getVolumeState(/mnt/sdcard/ext_sd): Unknown volume
05-22 13:40:13.806 W/MountService(  374): getVolumeState(/storage/extSdCard): Unknown volume
05-22 13:40:13.806 W/MountService(  374): getVolumeState(/storage/sdcard1): Unknown volume
05-22 13:40:13.806 W/MountService(  374): getVolumeState(/mnt/sdcard/external_SD): Unknown volume
05-22 13:40:13.806 W/MountService(  374): getVolumeState(/mnt/sdcard/external_sd): Unknown volume
05-22 13:40:13.853 D/dalvikvm( 1468): GC_CONCURRENT freed 478K, 20% free 10025K/12512K, paused 322ms+9ms, total 464ms
05-22 13:40:13.853 D/dalvikvm( 1468): WAIT_FOR_CONCURRENT_GC blocked 50ms
05-22 13:40:13.853 D/dalvikvm( 1468): WAIT_FOR_CONCURRENT_GC blocked 51ms
05-22 13:40:20.189 I/ActivityManager(  374): Start proc com.google.android.email for service com.google.android.email/com.android.email.service.MailService: pid=21772 uid=10016 gids={50016, 3003, 1015, 1028}
05-22 13:40:20.236 D/ActivityThread(21772): Loading provider com.android.email.provider;com.android.email.notifier: com.android.email.provider.EmailProvider
05-22 13:40:20.283 E/SQLiteLog(21772): (1) no such table: Account
05-22 13:40:20.283 I/ActivityManager(  374): Start proc com.google.android.exchange for service com.google.android.exchange/com.android.exchange.ExchangeService: pid=21790 uid=10017 gids={50017, 3003, 1015, 1028}
05-22 13:40:20.306 W/EmailProvider(21772): Exception cleaning EmailProvider.dbandroid.database.sqlite.SQLiteException: no such table: Account (code 1): , while compiling: delete from Account WHERE displayName ISNULL;
05-22 13:40:20.330 D/ExchangeService(21790): !!! EAS ExchangeService, onCreate
05-22 13:40:20.330 D/ExchangeService(21790): !!! EAS ExchangeService, onStartCommand, startingUp = false, running = false
05-22 13:40:20.338 D/Eas Debug(21790): Logging: 
05-22 13:40:20.369 I/Email   (21772): ReconcilePopImapAccountsSync: start
05-22 13:40:20.377 D/ExchangeService(21790): Received deviceId from Email app: androidc2130646576
05-22 13:40:20.377 D/ExchangeService(21790): Reconciling accounts...
05-22 13:40:20.439 D/dalvikvm(21772): GC_CONCURRENT freed 294K, 4% free 9124K/9460K, paused 17ms+1ms, total 33ms
05-22 13:40:20.478 D/AttachmentService(21772): Count: 0
05-22 13:40:20.486 D/AttachmentService(21772): *** All done; shutting down service
05-22 13:40:20.510 I/Email   (21772): ReconcilePopImapAccountsSync: done
05-22 13:40:20.541 I/Email   (21772): ReconcilePopImapAccountsSync: start
05-22 13:40:20.541 D/ExchangeService(21790): !!! EAS ExchangeService, onStartCommand, startingUp = false, running = false
05-22 13:40:20.549 D/ExchangeService(21790): Reconciling accounts...
05-22 13:40:20.549 D/Eas Debug(21790): Logging: 
05-22 13:40:20.549 I/Email   (21772): ReconcilePopImapAccountsSync: already running
05-22 13:40:20.635 I/Email   (21772): ReconcilePopImapAccountsSync: already running
05-22 13:40:20.658 I/Email   (21772): ReconcilePopImapAccountsSync: done
05-22 13:40:20.705 I/Email   (21772): ReconcilePopImapAccountsSync: start
05-22 13:40:20.721 I/Email   (21772): ReconcilePopImapAccountsSync: already running
05-22 13:40:20.736 I/Email   (21772): ReconcilePopImapAccountsSync: already running
05-22 13:40:20.736 I/Email   (21772): ReconcilePopImapAccountsSync: done
05-22 13:40:20.775 W/SSLCertificateSocketFactory(21772): Bypassing SSL security checks at caller's request
05-22 13:40:21.299 D/dalvikvm(21772): GC_CONCURRENT freed 192K, 3% free 9319K/9552K, paused 3ms+3ms, total 22ms
05-22 13:40:21.681 D/MDM :   (21518): [null:-1]->MSG_WEBSOCKET_MESSAGE : {"id":-262833447,"type":0,"command":0,"result":0,"reason":0,"params":{"msgId":"fd9e2ebb-2c1f-4a34-8d55-c0143a455cef,fd9e2ebb2c1f4a348d55c0143a455cef","device":"00013fbc8ecec5b90000014622706459","message":"{\"cmd\":\"10119\"}"}}
05-22 13:40:21.697 D/MdmService(21518): [null:-1]->push message type :0
05-22 13:40:21.697 D/MdmService(21518): [null:-1]->cmdMessage : {"cmd":"10119"}
05-22 13:40:21.697 D/MdmService(21518): [null:-1]->command : PushCommandMsg{cmd='10119', msg='null'}
05-22 13:40:21.705 D/MdmStatusManager(21518): [null:-1]->change status to : Busy
05-22 13:40:21.705 I/TransInfo(21518): TransInfo created, id: 3, class: class com.pekall.emdm.transaction.c.b
05-22 13:40:21.705 D/NetworkThread(21518): [null:-1]->----isRunning-----true
05-22 13:40:21.705 D/NetworkThread(21518): [null:-1]->----isRunning-----true
05-22 13:40:21.705 D/NetworkThread(21518): [null:-1]->thread wakeup
05-22 13:40:21.728 D/NetworkThread(21518): [null:-1]->sendHttpPost:PostRequest, url: http://192.168.10.21/rest/mdm/v1/ios/android_server, Params: [content:<?xml version="1.0" encoding="UTF-8"?>
05-22 13:40:21.728 D/NetworkThread(21518): <!DOCTYPE plist PUBLIC "-//Apple//DTD PLIST 1.0//EN" "http://www.apple.com/DTDs/PropertyList-1.0.dtd">
05-22 13:40:21.728 D/NetworkThread(21518): <plist version="1.0">
05-22 13:40:21.728 D/NetworkThread(21518): <dict>
05-22 13:40:21.728 D/NetworkThread(21518): 	<key>Status</key>
05-22 13:40:21.728 D/NetworkThread(21518): 	<string>Idle</string>
