05-22 13:40:21.728 D/NetworkThread(21518): 	<key>UDID</key>
05-22 13:40:21.728 D/NetworkThread(21518): 	<string>00013fbc8ecec5b90000014622706459</string>
05-22 13:40:21.728 D/NetworkThread(21518): </dict>
05-22 13:40:21.728 D/NetworkThread(21518): </plist>], 
05-22 13:40:21.728 D/HttpClient(21518): enable apache.http debug
05-22 13:40:21.736 V/DEBUG   (21518): HTTP 0
05-22 13:40:21.939 D/MDM :   (21518): [null:-1]->statusCode : 200
05-22 13:40:21.939 D/MDM :   (21518): [null:-1]->statusCode : 200
05-22 13:40:21.939 V/DEBUG   (21518): HTTP 1
05-22 13:40:21.955 D/MDM :   (21518): [null:-1]->read network input stream
05-22 13:40:21.955 D/MDM :   (21518): [null:-1]->Get joson string: <?xml version="1.0" encoding="UTF-8"?>
05-22 13:40:21.955 D/MDM :   (21518): <!DOCTYPE plist PUBLIC "-//Apple//DTD PLIST 1.0//EN" "http://www.apple.com/DTDs/PropertyList-1.0.dtd">
05-22 13:40:21.955 D/MDM :   (21518): <plist version="1.0">
05-22 13:40:21.955 D/MDM :   (21518): <dict>
05-22 13:40:21.955 D/MDM :   (21518): 	<key>CommandUUID</key>
05-22 13:40:21.955 D/MDM :   (21518): 	<string>cf37cff1-cbbd-4f10-babe-db57cd758e4e</string>
05-22 13:40:21.955 D/MDM :   (21518): 	<key>Command</key>
05-22 13:40:21.955 D/MDM :   (21518): 	<dict>
05-22 13:40:21.955 D/MDM :   (21518): 		<key>RequestType</key>
05-22 13:40:21.955 D/MDM :   (21518): 		<string>Location</string>
05-22 13:40:21.955 D/MDM :   (21518): 	</dict>
05-22 13:40:21.955 D/MDM :   (21518): </dict>
05-22 13:40:21.955 D/MDM :   (21518): </plist>
05-22 13:40:21.978 D/CheckInTransInfo(21518): [null:-1]->CommandMsg : CommandMsg{CommandUUID='cf37cff1-cbbd-4f10-babe-db57cd758e4e', Command=CommandObject{RequestType='Location'}}
05-22 13:40:22.010 D/NetworkThread(21518): [null:-1]->clear mCurrentTransInfo
05-22 13:40:22.010 D/NetworkThread(21518): [null:-1]->queue is empty, thread wait...
05-22 13:40:22.041 D/LightsService(  374): Excessive delay setting light: 79ms
05-22 13:40:22.056 D/dalvikvm(  374): GC_EXPLICIT freed 886K, 20% free 24669K/30516K, paused 3ms+11ms, total 127ms
05-22 13:40:22.111 D/MdmService(21518): [null:-1]->handleCheckInResult
05-22 13:40:22.111 D/MdmService(21518): [null:-1]->handleCheckInResult result keyIndex: 3
05-22 13:40:22.111 D/Email   (21772): *** synchronizeMailboxGeneric ***
05-22 13:40:22.119 D/CommandManager(21518): [null:-1]->execute command: CommandMsg{CommandUUID='cf37cff1-cbbd-4f10-babe-db57cd758e4e', Command=CommandObject{RequestType='Location'}}
05-22 13:40:22.119 W/Parcel  ( 1661): Attempt to read object from Parcel 0x5ded3dac at offset 200 that is not in the object list
05-22 13:40:22.127 D/MdmService(21518): [null:-1]->receiver action :com.pekall.mdm.action.LOCATION
05-22 13:40:22.127 D/LightsService(  374): Excessive delay setting light: 67ms
05-22 13:40:22.135 D/dalvikvm(21830): Late-enabling CheckJNI
05-22 13:40:22.142 I/ActivityManager(  374): Start proc com.pekall.emdm.launcher:remote for service com.pekall.emdm.launcher/com.baidu.location.f: pid=21830 uid=10066 gids={50066, 1015, 3002, 3001, 3003, 1028}
05-22 13:40:22.158 D/dalvikvm(  125): GC_EXPLICIT freed 42K, 1% free 8921K/9008K, paused 2ms+2ms, total 25ms
05-22 13:40:22.174 D/dalvikvm(  125): GC_EXPLICIT freed <1K, 1% free 8921K/9008K, paused 1ms+3ms, total 17ms
05-22 13:40:22.189 D/dalvikvm(  125): GC_EXPLICIT freed <1K, 1% free 8921K/9008K, paused 2ms+1ms, total 19ms
05-22 13:40:22.213 V/MyServiceConnection(21830): [SConnection] sandbox service is NOT installed.
05-22 13:40:22.213 V/MyServiceConnection(21830): [SConnection] binding service: pekall.intent.action.SANDBOX_SERVICE
05-22 13:40:22.221 D/ScClassLoader(21830): >> SOURCE FILE: /data/data/com.pekall.emdm.launcher/app_jars/sc-jdk15on-1.47.0.2.dex.jar
05-22 13:40:22.228 D/LightsService(  374): Excessive delay setting light: 66ms
05-22 13:40:22.260 D/dalvikvm(21830): GC_CONCURRENT freed 161K, 3% free 9272K/9472K, paused 3ms+1ms, total 31ms
05-22 13:40:22.260 D/dalvikvm(21830): WAIT_FOR_CONCURRENT_GC blocked 4ms
05-22 13:40:22.283 W/Parcel  ( 1661): Attempt to read object from Parcel 0x6013bdac at offset 200 that is not in the object list
05-22 13:40:22.291 W/Parcel  ( 1661): Attempt to read object from Parcel 0x6003bdac at offset 200 that is not in the object list
05-22 13:40:22.291 D/Email   (21830): Email: init sandbox at the beginning.
05-22 13:40:22.291 V/MyServiceConnection(21830): [SConnection] retry to bind service
05-22 13:40:22.291 V/MyServiceConnection(21830): [SConnection] sandbox service is NOT installed.
05-22 13:40:22.291 V/MyServiceConnection(21830): [SConnection] binding service: pekall.intent.action.SANDBOX_SERVICE
05-22 13:40:22.330 V/MyServiceConnection(21830): [SConnection] retry to bind service
05-22 13:40:22.330 V/MyServiceConnection(21830): [SConnection] sandbox service is NOT installed.
05-22 13:40:22.330 V/MyServiceConnection(21830): [SConnection] binding service: pekall.intent.action.SANDBOX_SERVICE
05-22 13:40:22.338 D/dalvikvm(21830): GC_CONCURRENT freed 232K, 3% free 9553K/9824K, paused 3ms+2ms, total 31ms
05-22 13:40:22.338 D/dalvikvm(21830): WAIT_FOR_CONCURRENT_GC blocked 7ms
05-22 13:40:22.346 V/l       (21830): Bind requested for task setLogging
05-22 13:40:22.346 D/dalvikvm(21830): WAIT_FOR_CONCURRENT_GC blocked 7ms
05-22 13:40:22.431 D/LightsService(  374): Excessive delay setting light: 168ms
05-22 13:40:22.463 D/ExchangeService(21518): !!! EAS ExchangeService, onCreate
05-22 13:40:22.463 W/DocumentManager(21830): Sandbox service is not connected.
05-22 13:40:22.463 D/MessageControllerImpl(21830): controller is null
05-22 13:40:22.463 V/MyServiceConnection(21830): [SConnection] retry to bind service
05-22 13:40:22.463 V/MyServiceConnection(21830): [SConnection] sandbox service is NOT installed.
05-22 13:40:22.463 V/MyServiceConnection(21830): [SConnection] binding service: pekall.intent.action.SANDBOX_SERVICE
05-22 13:40:22.463 W/SQLiteOpenHelper(21830): Opened /data/data/com.pekall.emdm.launcher/databases/message.db
05-22 13:40:22.463 W/dalvikvm(21830): No implementation found for native Lcom/pekall/sandbox/database/sqlite/SQLiteDatabase;.native_setSqliteSoftHeapLimit:(I)V
05-22 13:40:22.463 D/AndroidRuntime(21830): Shutting down VM
05-22 13:40:22.463 W/dalvikvm(21830): threadid=1: thread exiting with uncaught exception (group=0x419c8700)
05-22 13:40:22.463 D/        (21830): [---null: -1---]  Thread is main
05-22 13:40:22.463 W/System.err(21830): java.lang.UnsatisfiedLinkError: Native method not found: com.pekall.sandbox.database.sqlite.SQLiteDatabase.native_setSqliteSoftHeapLimit:(I)V
05-22 13:40:22.463 W/System.err(21830): 	at com.pekall.sandbox.database.sqlite.SQLiteDatabase.native_setSqliteSoftHeapLimit(Native Method)
05-22 13:40:22.463 W/System.err(21830): 	at com.pekall.sandbox.database.sqlite.SQLiteDatabase.<init>(Unknown Source)
05-22 13:40:22.463 W/System.err(21830): 	at com.pekall.sandbox.database.sqlite.SQLiteDatabase.openDatabase(Unknown Source)
05-22 13:40:22.463 W/System.err(21830): 	at com.pekall.sandbox.database.sqlite.SQLiteDatabase.openDatabase(Unknown Source)
05-22 13:40:22.463 W/System.err(21830): 	at com.pekall.sandbox.database.sqlite.SQLiteDatabase.openDatabase(Unknown Source)
05-22 13:40:22.463 W/System.err(21830): 	at com.pekall.sandbox.database.sqlite.SQLiteOpenHelper.getWritableDatabase(Unknown Source)
05-22 13:40:22.463 W/System.err(21830): 	at com.pekall.emdm.messagecenter.db.a.a(Unknown Source)
05-22 13:40:22.463 W/System.err(21830): 	at com.pekall.emdm.messagecenter.db.a.b(Unknown Source)
05-22 13:40:22.471 W/System.err(21830): 	at com.pekall.emdm.messagecenter.activity.a.onCreate(Unknown Source)
05-22 13:40:22.471 W/System.err(21830): 	at com.pekall.emdm.launcher.LauncherApplication.onCreate(Unknown Source)
05-22 13:40:22.471 W/System.err(21830): 	at android.app.Instrumentation.callApplicationOnCreate(Instrumentation.java:1007)
05-22 13:40:22.471 W/System.err(21830): 	at android.app.ActivityThread.handleBindApplication(ActivityThread.java:4444)
05-22 13:40:22.471 W/System.err(21830): 	at android.app.ActivityThread.access$1300(ActivityThread.java:141)
05-22 13:40:22.471 W/System.err(21830): 	at android.app.ActivityThread$H.handleMessage(ActivityThread.java:1316)
05-22 13:40:22.471 W/System.err(21830): 	at android.os.Handler.dispatchMessage(Handler.java:99)
05-22 13:40:22.471 W/System.err(21830): 	at android.os.Looper.loop(Looper.java:137)
05-22 13:40:22.471 W/System.err(21830): 	at android.app.ActivityThread.main(ActivityThread.java:5103)
05-22 13:40:22.471 W/System.err(21830): 	at java.lang.reflect.Method.invokeNative(Native Method)
05-22 13:40:22.471 W/System.err(21830): 	at java.lang.reflect.Method.invoke(Method.java:525)
05-22 13:40:22.471 W/System.err(21830): 	at com.android.internal.os.ZygoteInit$MethodAndArgsCaller.run(ZygoteInit.java:737)
05-22 13:40:22.471 W/System.err(21830): 	at com.android.internal.os.ZygoteInit.main(ZygoteInit.java:553)
05-22 13:40:22.471 W/System.err(21830): 	at dalvik.system.NativeStart.main(Native Method)
05-22 13:40:22.510 W/Parcel  ( 1661): Attempt to read object from Parcel 0x5ef3bdac at offset 200 that is not in the object list
05-22 13:40:22.510 D/ExchangeService(21518): !!! EAS ExchangeService, onStartCommand, startingUp = false, running = false
05-22 13:40:22.510 D/ExchangeService(21518): to start secureStorageService now
05-22 13:40:22.580 V/a       (21518): Bind requested for task test
05-22 13:40:22.642 V/a       (21518): Connected: com.pekall.semail.service.AccountServiceInternal
05-22 13:40:22.658 V/a       (21518): Connection test succeeded in 82ms
05-22 13:40:22.658 D/ExchangeService(21518): Reconciling accounts...
05-22 13:40:22.658 V/a       (21518): Task test completed; disconnecting
05-22 13:40:22.775 V/a       (21518): Bind requested for task reconcileAccounts
05-22 13:40:22.806 V/a       (21518): Waiting for task reconcileAccounts to complete...
05-22 13:40:22.806 V/a       (21518): Connected: com.pekall.semail.service.AccountServiceInternal
05-22 13:40:22.822 V/a       (21518): Task reconcileAccounts completed; disconnecting
05-22 13:40:22.822 D/ActivityThread(21830): Loading provider com.pekall.semail.provider;com.pekall.semail.notifier: com.pekall.semail.provider.EmailProvider
05-22 13:40:22.885 V/a       (21518): Wait for reconcileAccounts finished in 75ms
05-22 13:40:22.955 D/dalvikvm(21830): GC_CONCURRENT freed 463K, 6% free 9475K/9980K, paused 3ms+3ms, total 25ms
05-22 13:40:23.361 D/ExchangeService(21518): !!! EAS ExchangeService, stopping self
05-22 13:40:23.549 D/ActivityThread(21830): Loading provider com.pekall.semail.provider;com.pekall.semail.notifier: com.pekall.semail.provider.EmailProvider
05-22 13:40:23.994 W/EmailProvider(21830): restoreIfNeeded...
05-22 13:40:24.158 D/EmailProvider(21830): restoreAccounts...
05-22 13:40:24.806 D/EmailProvider(21830): No accounts to restore...
05-22 13:40:24.822 D/EmailProvider(21830): Deleting orphans...
05-22 13:40:24.931 D/EmailProvider(21830): EmailProvider pre-caching...
05-22 13:40:25.330 D/EmailProvider(21830): EmailProvider ready.
05-22 13:40:25.517 I/Email   (21830): Notifications being toggled: false
05-22 13:40:25.517 W/ActivityManager(  374): Unable to start service Intent { cmp=com.pekall.emdm.launcher/com.pekall.semail.service.AttachmentDownloadService } U=0: not found
05-22 13:40:27.025 D/Email   (21772): *** synchronizeMailboxGeneric ***
05-22 13:40:27.955 I/PowerManagerService(  374): Going to sleep due to screen timeout...
05-22 13:40:28.666 D/LauncherApplication(21518): [null:-1]->onActivityPaused
05-22 13:40:28.689 D/SurfaceFlinger(  124): Screen released, type=0 flinger=0x40e95478
05-22 13:40:28.689 D/LauncherApplication(21518): [null:-1]->onActivityPaused  updateTime
05-22 13:40:28.799 W/Parcel  ( 1661): Attempt to read object from Parcel 0x5ef3bdac at offset 200 that is not in the object list
05-22 13:40:28.869 D/NfcService(  568): NFC-C OFF, disconnect
05-22 13:40:28.900 V/WiseDownloadConditionControler(20342): checkCondition  type : TODAY_LAUNCHED_USER  inerrupting: false
05-22 13:40:28.916 W/Parcel  ( 1661): Attempt to read object from Parcel 0x6013bdac at offset 200 that is not in the object list
05-22 13:40:28.994 V/MDM :   (21518): [null:-1]->Screen receiver is called.
05-22 13:40:29.010 W/Parcel  ( 1661): Attempt to read object from Parcel 0x5ef3bdac at offset 200 that is not in the object list
05-22 13:40:30.275 D/dalvikvm( 1468): GC_CONCURRENT freed 469K, 21% free 9944K/12512K, paused 8ms+217ms, total 1325ms
05-22 13:40:33.314 D/dalvikvm(21772): GC_CONCURRENT freed 306K, 4% free 9402K/9748K, paused 17ms+340ms, total 1531ms
05-22 13:40:34.064 I/ActivityManager(  374): Process android.process.acore (pid 21415) has died.
05-22 13:40:34.189 V/KeyguardHostView(  374): hide transport, gen:2
05-22 13:40:34.189 V/KeyguardHostView(  374): music state changed: 0
05-22 13:40:34.221 D/PhoneStatusBar(  448): disable: < expand icons alerts ticker system_info back home RECENT* clock SEARCH* >
05-22 13:40:34.252 V/TAG     (  374): bug 7643792: fitSystemWindows([0,50][0,0])
05-22 13:40:34.385 D/PhoneStatusBar(  448): disable: < expand icons alerts ticker system_info BACK* HOME* RECENT CLOCK* SEARCH >
05-22 13:40:39.002 W/BroadcastQueue(  374): Timeout of broadcast BroadcastRecord{4297ebf0 u-1 android.intent.action.SCREEN_OFF} - receiver=android.os.BinderProxy@42a0ca30, started 10000ms ago
05-22 13:40:39.002 W/BroadcastQueue(  374): Receiver during timeout: BroadcastFilter{42ee2c18 u0 ReceiverList{42ee3e40 21830 com.pekall.emdm.launcher:remote/10066/u0 remote:42a0ca30}}
05-22 13:40:39.010 I/Process (  374): Sending signal. PID: 21830 SIG: 3
05-22 13:40:39.010 I/dalvikvm(21830): threadid=3: reacting to signal 3
05-22 13:40:39.205 I/Process (  374): Sending signal. PID: 374 SIG: 3
05-22 13:40:39.205 I/dalvikvm(  374): threadid=3: reacting to signal 3
05-22 13:40:39.260 D/dalvikvm(21830): JIT unchain all for threadid=11
05-22 13:40:39.306 I/dalvikvm(21830): Wrote stack traces to '/data/anr/traces.txt'
05-22 13:40:41.955 D/MDM :   (21518): [null:-1]->MSG_WEBSOCKET_MESSAGE : {"id":1617194403,"type":0,"command":0,"result":0,"reason":0,"params":{"msgId":"ee6ff9af-d920-4ec5-a386-7b19eaf221a7,ee6ff9afd9204ec5a3867b19eaf221a7","device":"00013fbc8ecec5b90000014622706459","message":"{\"cmd\":\"10119\"}"}}
05-22 13:40:41.963 D/MdmService(21518): [null:-1]->push message type :0
05-22 13:40:41.963 D/MdmService(21518): [null:-1]->cmdMessage : {"cmd":"10119"}
05-22 13:40:41.963 D/MdmService(21518): [null:-1]->command : PushCommandMsg{cmd='10119', msg='null'}
05-22 13:40:41.963 D/MdmService(21518): [null:-1]->MdmStatusManager is busy , wait......
05-22 13:40:44.681 D/AndroidRuntime(21871): 
05-22 13:40:44.681 D/AndroidRuntime(21871): >>>>>> AndroidRuntime START com.android.internal.os.RuntimeInit <<<<<<
05-22 13:40:44.681 D/AndroidRuntime(21871): CheckJNI is OFF
05-22 13:40:44.697 D/dalvikvm(21871): Trying to load lib libjavacore.so 0x0
05-22 13:40:44.705 D/dalvikvm(21871): Added shared lib libjavacore.so 0x0
05-22 13:40:44.728 D/dalvikvm(21871): Trying to load lib libnativehelper.so 0x0
05-22 13:40:44.728 D/dalvikvm(21871): Added shared lib libnativehelper.so 0x0
05-22 13:40:45.017 D/AndroidRuntime(21871): Calling main entry com.android.commands.uiautomator.Launcher
05-22 13:40:45.330 I/Process (  374): Sending signal. PID: 561 SIG: 3
05-22 13:40:45.330 I/dalvikvm(  561): threadid=3: reacting to signal 3
05-22 13:40:45.346 I/dalvikvm(  374): Wrote stack traces to '/data/anr/traces.txt'
05-22 13:40:45.416 I/dalvikvm(  561): Wrote stack traces to '/data/anr/traces.txt'
05-22 13:40:45.517 I/Process (  374): Sending signal. PID: 448 SIG: 3
05-22 13:40:45.517 I/dalvikvm(  448): threadid=3: reacting to signal 3
05-22 13:40:45.525 D/dalvikvm(21871): Note: class Landroid/app/ActivityManagerNative; has 163 unimplemented (abstract) methods
05-22 13:40:45.658 I/PowerManagerService(  374): Waking up from sleep...
05-22 13:40:45.721 I/Process (  374): Sending signal. PID: 568 SIG: 3
05-22 13:40:45.721 I/dalvikvm(  568): threadid=3: reacting to signal 3
05-22 13:40:45.791 I/WindowManager(  374): Lock screen displayed!
05-22 13:40:45.822 I/dalvikvm(  568): Wrote stack traces to '/data/anr/traces.txt'
05-22 13:40:46.142 D/PowerManagerService-JNI(  374): Excessive delay in autosuspend_disable() while turning screen on: 367ms
05-22 13:40:46.221 D/PowerManagerService-JNI(  374): Excessive delay in setInteractive(true) while turning screen on: 58ms
05-22 13:40:46.252 D/SurfaceFlinger(  124): Screen acquired, type=0 flinger=0x40e95478
05-22 13:40:46.408 D/LightsService(  374): Excessive delay setting light: 146ms
05-22 13:40:47.017 D/dalvikvm(  374): GC_CONCURRENT freed 2990K, 17% free 25625K/30516K, paused 5ms+43ms, total 329ms
05-22 13:40:47.017 D/dalvikvm(  374): WAIT_FOR_CONCURRENT_GC blocked 269ms
05-22 13:40:47.033 D/dalvikvm(  374): WAIT_FOR_CONCURRENT_GC blocked 283ms
05-22 13:40:47.033 D/dalvikvm(  374): WAIT_FOR_CONCURRENT_GC blocked 160ms
05-22 13:40:47.166 I/dalvikvm(  448): Wrote stack traces to '/data/anr/traces.txt'
05-22 13:40:47.322 D/dalvikvm(  374): GC_EXPLICIT freed 211K, 17% free 25487K/30516K, paused 21ms+14ms, total 261ms
05-22 13:40:47.986 I/Process (  374): Sending signal. PID: 21518 SIG: 3
05-22 13:40:47.986 I/dalvikvm(21518): threadid=3: reacting to signal 3
05-22 13:40:48.228 E/ActivityManager(  374): ANR in com.pekall.emdm.launcher:remote
05-22 13:40:48.228 E/ActivityManager(  374): Reason: Broadcast of Intent { act=android.intent.action.SCREEN_OFF flg=0x50000010 }
05-22 13:40:48.228 E/ActivityManager(  374): Load: 4.51 / 2.52 / 1.67
05-22 13:40:48.228 E/ActivityManager(  374): CPU usage from 368ms to -9182ms ago:
05-22 13:40:48.228 E/ActivityManager(  374):   75% 21518/com.pekall.emdm.launcher: 75% user + 0% kernel / faults: 136 minor
05-22 13:40:48.228 E/ActivityManager(  374):   71% 21830/com.pekall.emdm.launcher:remote: 70% user + 0.4% kernel / faults: 113 minor
05-22 13:40:48.228 E/ActivityManager(  374):   32% 374/system_server: 26% user + 5.7% kernel / faults: 1716 minor 1 major
05-22 13:40:48.228 E/ActivityManager(  374):   6.2% 448/com.android.systemui: 5.4% user + 0.8% kernel / faults: 42 minor
05-22 13:40:48.228 E/ActivityManager(  374):   0.8% 124/surfaceflinger: 0.3% user + 0.5% kernel / faults: 851 minor
05-22 13:40:48.228 E/ActivityManager(  374):   0.4% 561/com.android.phone: 0.3% user + 0% kernel / faults: 59 minor
05-22 13:40:48.228 E/ActivityManager(  374):   0.4% 21772/com.google.android.email: 0.3% user + 0.1% kernel / faults: 27 minor
05-22 13:40:48.228 E/ActivityManager(  374):   0.3% 135/adbd: 0% user + 0.3% kernel / faults: 19 minor
05-22 13:40:48.228 E/ActivityManager(  374):   0.2% 568/com.android.nfc: 0.1% user + 0% kernel / faults: 36 minor
05-22 13:40:48.228 E/ActivityManager(  374):   0.1% 20870/kworker/0:0: 0% user + 0.1% kernel
05-22 13:40:48.228 E/ActivityManager(  374):   0.1% 20874/com.qihoo.appstore: 0% user + 0% kernel / faults: 3 minor
05-22 13:40:48.228 E/ActivityManager(  374):   0.1% 21284/kworker/u:0: 0% user + 0.1% kernel
05-22 13:40:48.228 E/ActivityManager(  374):   0% 116/servicemanager: 0% user + 0% kernel
05-22 13:40:48.228 E/ActivityManager(  374):   0% 121/netd: 0% user + 0% kernel / faults: 6 minor
05-22 13:40:48.228 E/ActivityManager(  374):   0% 4648/logcat: 0% user + 0% kernel
05-22 13:40:48.228 E/ActivityManager(  374):   0% 21248/com.nd.assistance.ServerService: 0% user + 0% kernel / faults: 5 minor
05-22 13:40:48.228 E/ActivityManager(  374):   0% 21862/kworker/u:4: 0% user + 0% kernel
05-22 13:40:48.228 E/ActivityManager(  374):  +0% 21869/sh: 0% user + 0% kernel
05-22 13:40:48.228 E/ActivityManager(  374):  +0% 21871/uiautomator: 0% user + 0% kernel
05-22 13:40:48.228 E/ActivityManager(  374): 99% TOTAL: 94% user + 5.8% kernel
05-22 13:40:48.228 E/ActivityManager(  374): CPU usage from 8315ms to 8903ms later:
05-22 13:40:48.228 E/ActivityManager(  374):   71% 21518/com.pekall.emdm.launcher: 71% user + 0% kernel
05-22 13:40:48.228 E/ActivityManager(  374):     71% 21531/Thread-5304: 71% user + 0% kernel
05-22 13:40:48.228 E/ActivityManager(  374):   54% 374/system_server: 36% user + 17% kernel / faults: 422 minor
05-22 13:40:48.228 E/ActivityManager(  374):     40% 388/UI: 36% user + 3.5% kernel
05-22 13:40:48.228 E/ActivityManager(  374):     7% 390/ActivityManager: 3.5% user + 3.5% kernel
05-22 13:40:48.228 E/ActivityManager(  374):     5.2% 380/Compiler: 0% user + 5.2% kernel
05-22 13:40:48.228 E/ActivityManager(  374):     1.7% 401/UEventObserver: 1.7% user + 0% kernel
05-22 13:40:48.228 E/ActivityManager(  374):     1.7% 595/Binder_5: 1.7% user + 0% kernel
05-22 13:40:48.228 E/ActivityManager(  374):   46% 21830/com.pekall.emdm.launcher:remote: 46% user + 0% kernel
05-22 13:40:48.228 E/ActivityManager(  374):     48% 21843/Thread-5322: 48% user + 0% kernel
05-22 13:40:48.228 E/ActivityManager(  374):   18% 21871/uiautomator: 12% user + 6.8% kernel / faults: 473 minor
05-22 13:40:48.228 E/ActivityManager(  374):     8.6% 21871/uiautomator: 5.1% user + 3.4% kernel
05-22 13:40:48.228 E/ActivityManager(  374):     5.1% 21878/Compiler: 0% user + 5.1% kernel
05-22 13:40:48.228 E/ActivityManager(  374):     3.4% 21879/Binder_1: 1.7% user + 1.7% kernel
05-22 13:40:48.228 E/ActivityManager(  374):     1.7% 21880/Binder_2: 0% user + 1.7% kernel
05-22 13:40:48.228 E/ActivityManager(  374):   1.7% 135/adbd: 0% user + 1.7% kernel
05-22 13:40:48.228 E/ActivityManager(  374):   1% 21862/kworker/u:4: 0% user + 1% kernel
05-22 13:40:48.228 E/ActivityManager(  374): 100% TOTAL: 88% user + 11% kernel
05-22 13:40:48.236 D/dalvikvm(21518): JIT unchain all for threadid=11
05-22 13:40:48.236 W/ActivityManager(  374): Killing ProcessRecord{4290d068 21830:com.pekall.emdm.launcher:remote/u0a10066}: background ANR
05-22 13:40:48.236 W/ActivityManager(  374): Timeout executing service: ServiceRecord{430ea3c8 u0 com.pekall.emdm.launcher/com.baidu.location.f}
05-22 13:40:48.236 I/ActivityManager(  374): Skipping duplicate ANR: ProcessRecord{4290d068 21830:com.pekall.emdm.launcher:remote/u0a10066} Executing service com.pekall.emdm.launcher/com.baidu.location.f
05-22 13:40:48.353 I/dalvikvm(21518): Wrote stack traces to '/data/anr/traces.txt'
05-22 13:40:48.385 D/dalvikvm(  374): GC_FOR_ALLOC freed 1864K, 18% free 25217K/30516K, paused 97ms, total 97ms
05-22 13:40:48.385 I/ActivityManager(  374): Process com.pekall.emdm.launcher:remote (pid 21830) has died.
05-22 13:40:48.392 D/ExchangeService(21518): !!! EAS ExchangeService, onDestroy
05-22 13:40:48.392 W/ActivityManager(  374): Scheduling restart of crashed service com.pekall.emdm.launcher/com.baidu.location.f in 5000ms
05-22 13:40:48.455 W/Parcel  ( 1661): Attempt to read object from Parcel 0x5dfd3dac at offset 200 that is not in the object list
05-22 13:40:48.455 W/Parcel  ( 1661): Attempt to read object from Parcel 0x5ded3dac at offset 200 that is not in the object list
05-22 13:40:48.580 V/DigitalWidgetViewsFactory(19507): DigitalWidget sets next alarm string to null
05-22 13:40:48.580 V/WiseDownloadConditionControler(20342): checkCondition  type : WISE_DOWNLOAD  inerrupting: true
05-22 13:40:48.611 W/Parcel  ( 1661): Attempt to read object from Parcel 0x5ded3dac at offset 200 that is not in the object list
05-22 13:40:48.697 D/Email   (21772): *** synchronizeMailboxGeneric ***
05-22 13:40:49.306 D/Email   (21772): *** synchronizeMailboxGeneric ***
05-22 13:40:50.017 D/dalvikvm(21871): GC_FOR_ALLOC freed 7559K, 93% free 631K/8192K, paused 29ms, total 29ms
05-22 13:40:50.119 D/dalvikvm(21871): GC_CONCURRENT freed 399K, 76% free 622K/2524K, paused 1ms+1ms, total 15ms
05-22 13:40:50.197 D/dalvikvm(21871): GC_CONCURRENT freed 419K, 76% free 627K/2524K, paused 0ms+2ms, total 6ms
05-22 13:40:50.283 D/dalvikvm(21772): GC_CONCURRENT freed 375K, 5% free 9412K/9828K, paused 5ms+74ms, total 180ms
05-22 13:40:50.291 D/dalvikvm(21871): GC_CONCURRENT freed 437K, 76% free 627K/2524K, paused 1ms+2ms, total 6ms
05-22 13:40:50.385 D/dalvikvm(21871): GC_CONCURRENT freed 437K, 76% free 628K/2524K, paused 0ms+2ms, total 6ms
05-22 13:40:50.471 D/dalvikvm(21871): GC_CONCURRENT freed 437K, 76% free 627K/2524K, paused 1ms+1ms, total 6ms
05-22 13:40:50.564 D/dalvikvm(21871): GC_CONCURRENT freed 437K, 76% free 627K/2524K, paused 0ms+2ms, total 5ms
05-22 13:40:50.650 D/dalvikvm(21871): GC_CONCURRENT freed 437K, 76% free 628K/2524K, paused 0ms+2ms, total 6ms
05-22 13:40:50.744 D/dalvikvm(21871): GC_CONCURRENT freed 437K, 76% free 628K/2524K, paused 0ms+1ms, total 6ms
05-22 13:40:50.830 D/dalvikvm(21871): GC_CONCURRENT freed 437K, 76% free 627K/2524K, paused 1ms+1ms, total 6ms
05-22 13:40:50.924 D/dalvikvm(21871): GC_CONCURRENT freed 450K, 76% free 614K/2524K, paused 0ms+2ms, total 6ms
05-22 13:40:51.010 D/dalvikvm(21871): GC_CONCURRENT freed 437K, 76% free 614K/2524K, paused 0ms+2ms, total 6ms
05-22 13:40:51.096 D/dalvikvm(21871): GC_CONCURRENT freed 437K, 76% free 614K/2524K, paused 1ms+2ms, total 6ms
05-22 13:40:51.189 D/dalvikvm(21871): GC_CONCURRENT freed 437K, 76% free 614K/2524K, paused 0ms+2ms, total 5ms
05-22 13:40:51.275 D/dalvikvm(21871): GC_CONCURRENT freed 437K, 76% free 614K/2524K, paused 0ms+2ms, total 6ms
05-22 13:40:51.369 D/dalvikvm(21871): GC_CONCURRENT freed 437K, 76% free 614K/2524K, paused 0ms+1ms, total 6ms
05-22 13:40:51.455 D/dalvikvm(21871): GC_CONCURRENT freed 437K, 76% free 613K/2524K, paused 1ms+1ms, total 6ms
05-22 13:40:51.549 D/dalvikvm(21871): GC_CONCURRENT freed 437K, 76% free 614K/2524K, paused 0ms+1ms, total 6ms
05-22 13:40:51.650 D/dalvikvm(21871): GC_CONCURRENT freed 393K, 77% free 604K/2524K, paused 1ms+1ms, total 5ms
05-22 13:40:51.728 D/dalvikvm(21871): GC_CONCURRENT freed 375K, 76% free 613K/2524K, paused 1ms+0ms, total 5ms
05-22 13:40:51.814 D/dalvikvm(21871): GC_CONCURRENT freed 419K, 76% free 614K/2524K, paused 0ms+0ms, total 5ms
05-22 13:40:51.900 D/dalvikvm(21871): GC_CONCURRENT freed 436K, 76% free 614K/2524K, paused 0ms+2ms, total 6ms
05-22 13:40:51.994 D/dalvikvm(21871): GC_CONCURRENT freed 437K, 76% free 613K/2524K, paused 1ms+1ms, total 6ms
05-22 13:40:52.103 D/dalvikvm(21871): GC_CONCURRENT freed 437K, 76% free 613K/2524K, paused 0ms+2ms, total 5ms
05-22 13:40:52.197 D/dalvikvm(21871): GC_CONCURRENT freed 437K, 76% free 614K/2524K, paused 0ms+2ms, total 6ms
05-22 13:40:52.299 D/dalvikvm(21871): GC_CONCURRENT freed 394K, 77% free 604K/2524K, paused 1ms+1ms, total 5ms
05-22 13:40:52.385 D/dalvikvm(21871): GC_CONCURRENT freed 375K, 76% free 613K/2524K, paused 2ms+0ms, total 6ms
05-22 13:40:52.494 D/dalvikvm(21871): GC_CONCURRENT freed 375K, 76% free 622K/2524K, paused 2ms+1ms, total 6ms
05-22 13:40:52.588 D/dalvikvm(  374): GC_CONCURRENT freed 4278K, 19% free 24989K/30504K, paused 4ms+15ms, total 163ms
05-22 13:40:52.603 D/dalvikvm(21871): GC_CONCURRENT freed 419K, 76% free 613K/2524K, paused 1ms+1ms, total 5ms
05-22 13:40:52.697 D/dalvikvm(21871): GC_CONCURRENT freed 437K, 76% free 614K/2524K, paused 1ms+2ms, total 6ms
05-22 13:40:52.783 D/dalvikvm(21871): GC_CONCURRENT freed 393K, 77% free 604K/2524K, paused 2ms+0ms, total 5ms
05-22 13:40:52.869 D/dalvikvm(21871): GC_CONCURRENT freed 375K, 76% free 613K/2524K, paused 1ms+0ms, total 5ms
05-22 13:40:52.955 D/dalvikvm(21871): GC_CONCURRENT freed 419K, 76% free 614K/2524K, paused 0ms+2ms, total 6ms
05-22 13:40:53.041 D/dalvikvm(21871): GC_CONCURRENT freed 437K, 76% free 614K/2524K, paused 0ms+2ms, total 5ms
05-22 13:40:53.127 D/dalvikvm(21871): GC_CONCURRENT freed 437K, 76% free 613K/2524K, paused 0ms+2ms, total 6ms
05-22 13:40:53.221 D/dalvikvm(21871): GC_CONCURRENT freed 437K, 76% free 613K/2524K, paused 1ms+2ms, total 6ms
05-22 13:40:53.306 D/dalvikvm(21871): GC_CONCURRENT freed 437K, 76% free 614K/2524K, paused 0ms+2ms, total 5ms
05-22 13:40:53.400 D/dalvikvm(21889): Late-enabling CheckJNI
05-22 13:40:53.400 D/dalvikvm(21871): GC_CONCURRENT freed 393K, 76% free 627K/2524K, paused 0ms+8ms, total 12ms
05-22 13:40:53.408 I/ActivityManager(  374): Start proc com.pekall.emdm.launcher:remote for service com.pekall.emdm.launcher/com.baidu.location.f: pid=21889 uid=10066 gids={50066, 1015, 3002, 3001, 3003, 1028}
05-22 13:40:53.494 D/dalvikvm(21871): GC_CONCURRENT freed 419K, 76% free 614K/2524K, paused 1ms+1ms, total 5ms
05-22 13:40:53.510 D/ScClassLoader(21889): >> SOURCE FILE: /data/data/com.pekall.emdm.launcher/app_jars/sc-jdk15on-1.47.0.2.dex.jar
05-22 13:40:53.510 V/MyServiceConnection(21889): [SConnection] sandbox service is NOT installed.
05-22 13:40:53.517 V/MyServiceConnection(21889): [SConnection] binding service: pekall.intent.action.SANDBOX_SERVICE
05-22 13:40:53.588 D/dalvikvm(21889): GC_CONCURRENT freed 137K, 2% free 9296K/9472K, paused 2ms+2ms, total 42ms
05-22 13:40:53.588 D/dalvikvm(21889): WAIT_FOR_CONCURRENT_GC blocked 3ms
05-22 13:40:53.596 W/Parcel  ( 1661): Attempt to read object from Parcel 0x5dfd3dac at offset 200 that is not in the object list
05-22 13:40:53.603 W/Parcel  ( 1661): Attempt to read object from Parcel 0x5ded3dac at offset 200 that is not in the object list
05-22 13:40:53.603 D/Email   (21889): Email: init sandbox at the beginning.
05-22 13:40:53.603 V/MyServiceConnection(21889): [SConnection] retry to bind service
05-22 13:40:53.603 V/MyServiceConnection(21889): [SConnection] sandbox service is NOT installed.
05-22 13:40:53.603 V/MyServiceConnection(21889): [SConnection] binding service: pekall.intent.action.SANDBOX_SERVICE
05-22 13:40:53.611 D/dalvikvm(21871): GC_CONCURRENT freed 437K, 76% free 614K/2524K, paused 1ms+2ms, total 7ms
05-22 13:40:53.650 V/MyServiceConnection(21889): [SConnection] retry to bind service
05-22 13:40:53.650 V/MyServiceConnection(21889): [SConnection] sandbox service is NOT installed.
05-22 13:40:53.650 V/MyServiceConnection(21889): [SConnection] binding service: pekall.intent.action.SANDBOX_SERVICE
05-22 13:40:53.658 V/l       (21889): Bind requested for task setLogging
05-22 13:40:53.689 D/ExchangeService(21518): !!! EAS ExchangeService, onCreate
05-22 13:40:53.689 W/Parcel  ( 1661): Attempt to read object from Parcel 0x6003bdac at offset 200 that is not in the object list
05-22 13:40:53.697 D/ExchangeService(21518): !!! EAS ExchangeService, onStartCommand, startingUp = false, running = false
05-22 13:40:53.697 D/ExchangeService(21518): to start secureStorageService now
05-22 13:40:53.705 V/a       (21518): Bind requested for task test
05-22 13:40:53.705 D/dalvikvm(21871): GC_CONCURRENT freed 437K, 76% free 614K/2524K, paused 0ms+2ms, total 6ms
05-22 13:40:53.721 V/a       (21518): Connected: com.pekall.semail.service.AccountServiceInternal
05-22 13:40:53.736 V/a       (21518): Connection test succeeded in 36ms
05-22 13:40:53.744 D/ExchangeService(21518): Reconciling accounts...
05-22 13:40:53.744 V/a       (21518): Task test completed; disconnecting
05-22 13:40:53.767 V/a       (21518): Bind requested for task reconcileAccounts
05-22 13:40:53.775 D/dalvikvm(21889): GC_CONCURRENT freed 228K, 3% free 9581K/9848K, paused 33ms+14ms, total 93ms
05-22 13:40:53.775 D/dalvikvm(21889): WAIT_FOR_CONCURRENT_GC blocked 26ms
05-22 13:40:53.775 D/dalvikvm(21889): WAIT_FOR_CONCURRENT_GC blocked 26ms
05-22 13:40:53.775 D/dalvikvm(21889): WAIT_FOR_CONCURRENT_GC blocked 27ms
05-22 13:40:53.775 D/dalvikvm(21889): WAIT_FOR_CONCURRENT_GC blocked 26ms
05-22 13:40:53.791 W/DocumentManager(21889): Sandbox service is not connected.
05-22 13:40:53.791 D/MessageControllerImpl(21889): controller is null
05-22 13:40:53.791 V/MyServiceConnection(21889): [SConnection] retry to bind service
05-22 13:40:53.791 V/MyServiceConnection(21889): [SConnection] sandbox service is NOT installed.
05-22 13:40:53.791 V/MyServiceConnection(21889): [SConnection] binding service: pekall.intent.action.SANDBOX_SERVICE
05-22 13:40:53.791 W/SQLiteOpenHelper(21889): Opened /data/data/com.pekall.emdm.launcher/databases/message.db
05-22 13:40:53.791 W/dalvikvm(21889): No implementation found for native Lcom/pekall/sandbox/database/sqlite/SQLiteDatabase;.native_setSqliteSoftHeapLimit:(I)V
05-22 13:40:53.791 D/AndroidRuntime(21889): Shutting down VM
05-22 13:40:53.791 W/dalvikvm(21889): threadid=1: thread exiting with uncaught exception (group=0x419c8700)
05-22 13:40:53.791 D/        (21889): [---null: -1---]  Thread is main
05-22 13:40:53.791 W/System.err(21889): java.lang.UnsatisfiedLinkError: Native method not found: com.pekall.sandbox.database.sqlite.SQLiteDatabase.native_setSqliteSoftHeapLimit:(I)V
05-22 13:40:53.806 W/System.err(21889): 	at com.pekall.sandbox.database.sqlite.SQLiteDatabase.native_setSqliteSoftHeapLimit(Native Method)
05-22 13:40:53.806 W/System.err(21889): 	at com.pekall.sandbox.database.sqlite.SQLiteDatabase.<init>(Unknown Source)
05-22 13:40:53.806 W/System.err(21889): 	at com.pekall.sandbox.database.sqlite.SQLiteDatabase.openDatabase(Unknown Source)
05-22 13:40:53.806 W/System.err(21889): 	at com.pekall.sandbox.database.sqlite.SQLiteDatabase.openDatabase(Unknown Source)
05-22 13:40:53.806 W/System.err(21889): 	at com.pekall.sandbox.database.sqlite.SQLiteDatabase.openDatabase(Unknown Source)
05-22 13:40:53.806 W/System.err(21889): 	at com.pekall.sandbox.database.sqlite.SQLiteOpenHelper.getWritableDatabase(Unknown Source)
05-22 13:40:53.806 W/System.err(21889): 	at com.pekall.emdm.messagecenter.db.a.a(Unknown Source)
05-22 13:40:53.806 W/System.err(21889): 	at com.pekall.emdm.messagecenter.db.a.b(Unknown Source)
05-22 13:40:53.806 W/System.err(21889): 	at com.pekall.emdm.messagecenter.activity.a.onCreate(Unknown Source)
05-22 13:40:53.806 W/System.err(21889): 	at com.pekall.emdm.launcher.LauncherApplication.onCreate(Unknown Source)
05-22 13:40:53.806 W/System.err(21889): 	at android.app.Instrumentation.callApplicationOnCreate(Instrumentation.java:1007)
05-22 13:40:53.806 W/System.err(21889): 	at android.app.ActivityThread.handleBindApplication(ActivityThread.java:4444)
05-22 13:40:53.806 W/System.err(21889): 	at android.app.ActivityThread.access$1300(ActivityThread.java:141)
05-22 13:40:53.814 W/System.err(21889): 	at android.app.ActivityThread$H.handleMessage(ActivityThread.java:1316)
05-22 13:40:53.814 W/System.err(21889): 	at android.os.Handler.dispatchMessage(Handler.java:99)
05-22 13:40:53.814 W/System.err(21889): 	at android.os.Looper.loop(Looper.java:137)
05-22 13:40:53.814 W/System.err(21889): 	at android.app.ActivityThread.main(ActivityThread.java:5103)
05-22 13:40:53.814 W/System.err(21889): 	at java.lang.reflect.Method.invokeNative(Native Method)
05-22 13:40:53.814 W/System.err(21889): 	at java.lang.reflect.Method.invoke(Method.java:525)
05-22 13:40:53.814 W/System.err(21889): 	at com.android.internal.os.ZygoteInit$MethodAndArgsCaller.run(ZygoteInit.java:737)
05-22 13:40:53.814 W/System.err(21889): 	at com.android.internal.os.ZygoteInit.main(ZygoteInit.java:553)
05-22 13:40:53.814 W/System.err(21889): 	at dalvik.system.NativeStart.main(Native Method)
05-22 13:40:53.822 D/dalvikvm(21871): GC_CONCURRENT freed 437K, 76% free 614K/2524K, paused 0ms+2ms, total 6ms
05-22 13:40:53.838 V/a       (21518): Connected: com.pekall.semail.service.AccountServiceInternal
05-22 13:40:53.861 V/a       (21518): Waiting for task reconcileAccounts to complete...
05-22 13:40:53.869 V/a       (21518): Task reconcileAccounts completed; disconnecting
05-22 13:40:53.885 V/a       (21518): Wait for reconcileAccounts finished in 23ms
05-22 13:40:53.924 D/dalvikvm(21871): GC_CONCURRENT freed 437K, 76% free 613K/2524K, paused 0ms+2ms, total 6ms
05-22 13:40:53.963 D/ExchangeService(21518): !!! EAS ExchangeService, stopping self
05-22 13:40:53.994 D/ActivityThread(21889): Loading provider com.pekall.semail.provider;com.pekall.semail.notifier: com.pekall.semail.provider.EmailProvider
05-22 13:40:54.072 D/dalvikvm(21871): GC_CONCURRENT freed 437K, 76% free 614K/2524K, paused 1ms+2ms, total 6ms
05-22 13:40:54.197 D/dalvikvm(21871): GC_CONCURRENT freed 437K, 76% free 614K/2524K, paused 1ms+1ms, total 6ms
05-22 13:40:54.322 D/dalvikvm(21871): GC_CONCURRENT freed 393K, 77% free 605K/2524K, paused 1ms+0ms, total 5ms
05-22 13:40:54.408 D/dalvikvm(21871): GC_CONCURRENT freed 419K, 76% free 614K/2524K, paused 1ms+2ms, total 6ms
05-22 13:40:54.533 D/dalvikvm(21871): GC_CONCURRENT freed 393K, 76% free 629K/2524K, paused 1ms+2ms, total 6ms
05-22 13:40:54.588 D/MDM :   (21518): [null:-1]->Location timeout, set latitude and longitude -1
05-22 13:40:54.619 D/dalvikvm( 1661): GC_CONCURRENT freed 1249K, 18% free 13091K/15888K, paused 9ms+3ms, total 94ms
05-22 13:40:54.642 D/dalvikvm(21871): GC_CONCURRENT freed 419K, 76% free 614K/2524K, paused 0ms+0ms, total 4ms
05-22 13:40:54.767 D/dalvikvm(21871): GC_CONCURRENT freed 437K, 76% free 614K/2524K, paused 0ms+2ms, total 6ms
05-22 13:40:54.892 D/dalvikvm(21871): GC_CONCURRENT freed 393K, 77% free 605K/2524K, paused 1ms+1ms, total 5ms
05-22 13:40:54.994 D/dalvikvm(21871): GC_CONCURRENT freed 375K, 76% free 613K/2524K, paused 1ms+1ms, total 5ms
05-22 13:40:55.017 D/CommandManager(21518): [null:-1]->requestType: Location
05-22 13:40:55.111 D/dalvikvm(21871): GC_CONCURRENT freed 375K, 76% free 622K/2524K, paused 1ms+1ms, total 5ms
05-22 13:40:55.205 D/dalvikvm(21871): GC_CONCURRENT freed 418K, 76% free 614K/2524K, paused 0ms+1ms, total 4ms
05-22 13:40:55.322 D/dalvikvm(21871): GC_CONCURRENT freed 437K, 76% free 614K/2524K, paused 0ms+2ms, total 6ms
05-22 13:40:55.447 D/dalvikvm(21871): GC_CONCURRENT freed 393K, 77% free 604K/2524K, paused 2ms+0ms, total 5ms
05-22 13:40:55.549 D/dalvikvm(21871): GC_CONCURRENT freed 375K, 76% free 613K/2524K, paused 2ms+0ms, total 5ms
05-22 13:40:55.666 D/dalvikvm(21871): GC_CONCURRENT freed 375K, 76% free 621K/2524K, paused 2ms+0ms, total 6ms
05-22 13:40:55.783 D/dalvikvm(21871): GC_CONCURRENT freed 418K, 76% free 614K/2524K, paused 2ms+0ms, total 6ms
05-22 13:40:55.908 D/dalvikvm(21871): GC_CONCURRENT freed 393K, 77% free 604K/2524K, paused 1ms+0ms, total 5ms
05-22 13:40:56.002 D/dalvikvm(21871): GC_CONCURRENT freed 375K, 76% free 613K/2524K, paused 1ms+1ms, total 5ms
05-22 13:40:56.103 D/dalvikvm(21871): GC_CONCURRENT freed 375K, 76% free 622K/2524K, paused 2ms+0ms, total 5ms
05-22 13:40:56.213 D/dalvikvm(21871): GC_CONCURRENT freed 419K, 76% free 613K/2524K, paused 1ms+0ms, total 5ms
05-22 13:40:56.322 D/dalvikvm(21871): GC_CONCURRENT freed 437K, 76% free 614K/2524K, paused 0ms+1ms, total 6ms
05-22 13:40:56.447 D/dalvikvm(21871): GC_CONCURRENT freed 393K, 77% free 604K/2524K, paused 1ms+0ms, total 5ms
05-22 13:40:56.447 D/ActivityThread(21889): Loading provider com.pekall.semail.provider;com.pekall.semail.notifier: com.pekall.semail.provider.EmailProvider
05-22 13:40:56.549 D/MdmDatabaseHelper(21518): [null:-1]->update command cf37cff1-cbbd-4f10-babe-db57cd758e4e to commandStatus <?xml version="1.0" encoding="UTF-8"?>
05-22 13:40:56.549 D/MdmDatabaseHelper(21518): <!DOCTYPE plist PUBLIC "-//Apple//DTD PLIST 1.0//EN" "http://www.apple.com/DTDs/PropertyList-1.0.dtd">
05-22 13:40:56.549 D/MdmDatabaseHelper(21518): <plist version="1.0">
05-22 13:40:56.549 D/MdmDatabaseHelper(21518): <dict>
05-22 13:40:56.549 D/MdmDatabaseHelper(21518): 	<key>Latitude</key>
05-22 13:40:56.549 D/MdmDatabaseHelper(21518): 	<real>-1.0</real>
05-22 13:40:56.549 D/MdmDatabaseHelper(21518): 	<key>Longitude</key>
05-22 13:40:56.549 D/MdmDatabaseHelper(21518): 	<real>-1.0</real>
05-22 13:40:56.549 D/MdmDatabaseHelper(21518): 	<key>CommandUUID</key>
05-22 13:40:56.549 D/MdmDatabaseHelper(21518): 	<string>cf37cff1-cbbd-4f10-babe-db57cd758e4e</string>
05-22 13:40:56.549 D/MdmDatabaseHelper(21518): 	<key>Status</key>
05-22 13:40:56.549 D/MdmDatabaseHelper(21518): 	<string>Error</string>
05-22 13:40:56.549 D/MdmDatabaseHelper(21518): 	<key>UDID</key>
05-22 13:40:56.549 D/MdmDatabaseHelper(21518): 	<string>00013fbc8ecec5b90000014622706459</string>
05-22 13:40:56.549 D/MdmDatabaseHelper(21518): </dict>
05-22 13:40:56.549 D/MdmDatabaseHelper(21518): </plist>
05-22 13:40:56.549 D/dalvikvm(21871): GC_CONCURRENT freed 375K, 76% free 613K/2524K, paused 2ms+0ms, total 6ms
05-22 13:40:56.658 D/dalvikvm(21871): GC_CONCURRENT freed 419K, 76% free 613K/2524K, paused 1ms+0ms, total 7ms
05-22 13:40:56.775 D/dalvikvm(21871): GC_CONCURRENT freed 437K, 76% free 613K/2524K, paused 0ms+2ms, total 5ms
05-22 13:40:56.806 D/dalvikvm(21889): JIT unchain all for threadid=12
05-22 13:40:56.924 D/dalvikvm(21871): GC_CONCURRENT freed 437K, 76% free 614K/2524K, paused 2ms+1ms, total 7ms
05-22 13:40:57.025 I/TransInfo(21518): TransInfo created, id: 3, class: class com.pekall.emdm.transaction.c.b
05-22 13:40:57.025 D/NetworkThread(21518): [null:-1]->----isRunning-----true
05-22 13:40:57.025 D/NetworkThread(21518): [null:-1]->----isRunning-----true
05-22 13:40:57.025 D/NetworkThread(21518): [null:-1]->thread wakeup
05-22 13:40:57.033 D/NetworkThread(21518): [null:-1]->sendHttpPost:PostRequest, url: http://192.168.10.21/rest/mdm/v1/ios/android_server, Params: [content:<?xml version="1.0" encoding="UTF-8"?>
05-22 13:40:57.033 D/NetworkThread(21518): <!DOCTYPE plist PUBLIC "-//Apple//DTD PLIST 1.0//EN" "http://www.apple.com/DTDs/PropertyList-1.0.dtd">
05-22 13:40:57.033 D/NetworkThread(21518): <plist version="1.0">
05-22 13:40:57.033 D/NetworkThread(21518): <dict>
05-22 13:40:57.033 D/NetworkThread(21518): 	<key>Latitude</key>
05-22 13:40:57.033 D/NetworkThread(21518): 	<real>-1.0</real>
05-22 13:40:57.033 D/NetworkThread(21518): 	<key>Longitude</key>
05-22 13:40:57.033 D/NetworkThread(21518): 	<real>-1.0</real>
05-22 13:40:57.033 D/NetworkThread(21518): 	<key>CommandUUID</key>
05-22 13:40:57.033 D/NetworkThread(21518): 	<string>cf37cff1-cbbd-4f10-babe-db57cd758e4e</string>
05-22 13:40:57.033 D/NetworkThread(21518): 	<key>Status</key>
05-22 13:40:57.033 D/NetworkThread(21518): 	<string>Error</string>
05-22 13:40:57.033 D/NetworkThread(21518): 	<key>UDID</key>
05-22 13:40:57.033 D/NetworkThread(21518): 	<string>00013fbc8ecec5b90000014622706459</string>
05-22 13:40:57.033 D/NetworkThread(21518): </dict>
05-22 13:40:57.033 D/NetworkThread(21518): </plist>], 
05-22 13:40:57.033 D/HttpClient(21518): enable apache.http debug
05-22 13:40:57.041 D/dalvikvm(21871): GC_CONCURRENT freed 393K, 77% free 604K/2524K, paused 1ms+1ms, total 5ms
05-22 13:40:57.041 V/DEBUG   (21518): HTTP 0
05-22 13:40:57.096 D/dalvikvm(21889): JIT unchain all for threadid=12
05-22 13:40:57.103 D/dalvikvm(21889): GC_CONCURRENT freed 468K, 6% free 9498K/10008K, paused 322ms+259ms, total 614ms
05-22 13:40:57.103 W/EmailProvider(21889): restoreIfNeeded...
05-22 13:40:57.150 D/dalvikvm(21871): GC_CONCURRENT freed 375K, 76% free 612K/2524K, paused 1ms+1ms, total 5ms
05-22 13:40:57.252 D/dalvikvm(21871): GC_CONCURRENT freed 375K, 76% free 621K/2524K, paused 1ms+1ms, total 5ms
05-22 13:40:57.306 D/EmailProvider(21889): restoreAccounts...
05-22 13:40:57.392 D/dalvikvm(21871): GC_CONCURRENT freed 418K, 76% free 614K/2524K, paused 0ms+1ms, total 4ms
05-22 13:40:57.510 D/dalvikvm(21871): GC_CONCURRENT freed 438K, 76% free 614K/2524K, paused 0ms+2ms, total 6ms
05-22 13:40:57.674 D/dalvikvm(21871): GC_CONCURRENT freed 437K, 76% free 614K/2524K, paused 0ms+2ms, total 6ms
05-22 13:40:57.799 D/dalvikvm(21871): GC_CONCURRENT freed 437K, 76% free 614K/2524K, paused 1ms+3ms, total 8ms
05-22 13:40:57.916 D/dalvikvm(21871): GC_CONCURRENT freed 437K, 76% free 613K/2524K, paused 1ms+2ms, total 6ms
05-22 13:40:58.049 D/dalvikvm(21871): GC_CONCURRENT freed 437K, 76% free 614K/2524K, paused 0ms+2ms, total 6ms
05-22 13:40:58.181 D/dalvikvm(21871): GC_CONCURRENT freed 437K, 76% free 613K/2524K, paused 1ms+2ms, total 6ms
05-22 13:40:58.267 D/dalvikvm(  374): GC_CONCURRENT freed 4055K, 19% free 24971K/30504K, paused 4ms+18ms, total 276ms
05-22 13:40:58.353 D/dalvikvm(21871): GC_CONCURRENT freed 437K, 76% free 613K/2524K, paused 1ms+1ms, total 6ms
05-22 13:40:58.525 D/dalvikvm(21871): GC_CONCURRENT freed 437K, 76% free 614K/2524K, paused 0ms+2ms, total 5ms
05-22 13:40:58.650 D/dalvikvm(21871): GC_CONCURRENT freed 437K, 76% free 613K/2524K, paused 0ms+1ms, total 4ms
05-22 13:40:58.775 D/dalvikvm(21871): GC_CONCURRENT freed 437K, 76% free 614K/2524K, paused 0ms+2ms, total 5ms
05-22 13:40:58.908 D/dalvikvm(21871): GC_CONCURRENT freed 432K, 76% free 616K/2524K, paused 0ms+1ms, total 6ms
05-22 13:40:58.924 V/WiseDownloadConditionControler(20342): checkCondition  type : WISE_DOWNLOAD  inerrupting: true
05-22 13:40:59.064 D/dalvikvm(21871): GC_CONCURRENT freed 399K, 77% free 600K/2524K, paused 1ms+1ms, total 5ms
05-22 13:40:59.806 W/Parcel  ( 1661): Attempt to read object from Parcel 0x5dfd3dac at offset 200 that is not in the object list
05-22 13:40:59.846 W/Parcel  ( 1661): Attempt to read object from Parcel 0x5ded3dac at offset 200 that is not in the object list
05-22 13:40:59.900 D/dalvikvm(21871): GC_CONCURRENT freed 420K, 76% free 614K/2524K, paused 0ms+1ms, total 6ms
05-22 13:41:00.002 W/Parcel  ( 1661): Attempt to read object from Parcel 0x6003bdac at offset 200 that is not in the object list
05-22 13:41:00.088 D/dalvikvm(21871): GC_CONCURRENT freed 394K, 77% free 604K/2524K, paused 2ms+1ms, total 6ms
05-22 13:41:00.252 D/dalvikvm(21871): GC_CONCURRENT freed 420K, 76% free 614K/2524K, paused 0ms+2ms, total 6ms
05-22 13:41:00.564 D/EmailProvider(21889): No accounts to restore...
05-22 13:41:00.564 D/EmailProvider(21889): Deleting orphans...
05-22 13:41:00.681 D/EmailProvider(21889): EmailProvider pre-caching...
05-22 13:41:00.869 D/dalvikvm(21871): GC_CONCURRENT freed 395K, 77% free 603K/2524K, paused 1ms+1ms, total 5ms
05-22 13:41:00.986 D/dalvikvm(21871): GC_CONCURRENT freed 376K, 76% free 611K/2524K, paused 2ms+0ms, total 5ms
05-22 13:41:01.103 W/MountService(  374): getVolumeState(/storage/emulated/0/external_sd): Unknown volume
05-22 13:41:01.111 W/MountService(  374): getVolumeState(/mnt/sdcard-ext): Unknown volume
05-22 13:41:01.127 W/MountService(  374): getVolumeState(/mnt/ext_sdcard): Unknown volume
05-22 13:41:01.142 W/MountService(  374): getVolumeState(/mnt/sdcard2): Unknown volume
05-22 13:41:01.142 W/MountService(  374): getVolumeState(/mnt/emmc): Unknown volume
05-22 13:41:01.150 W/MountService(  374): getVolumeState(/mnt/extSdCard): Unknown volume
05-22 13:41:01.158 W/MountService(  374): getVolumeState(/mnt/sdcard/SD_CARD): Unknown volume
05-22 13:41:01.181 D/dalvikvm(21871): GC_CONCURRENT freed 376K, 76% free 618K/2524K, paused 1ms+0ms, total 5ms
05-22 13:41:01.181 W/MountService(  374): getVolumeState(/mnt/sdcard/extra_sd): Unknown volume
05-22 13:41:01.181 W/MountService(  374): getVolumeState(/mnt/extrasd_bind): Unknown volume
05-22 13:41:01.189 W/MountService(  374): getVolumeState(/mnt/sdcard/ext_sd): Unknown volume
05-22 13:41:01.197 W/MountService(  374): getVolumeState(/storage/extSdCard): Unknown volume
05-22 13:41:01.213 W/MountService(  374): getVolumeState(/storage/sdcard1): Unknown volume
05-22 13:41:01.213 W/MountService(  374): getVolumeState(/mnt/sdcard/external_SD): Unknown volume
05-22 13:41:01.228 W/MountService(  374): getVolumeState(/mnt/sdcard/external_sd): Unknown volume
05-22 13:41:01.291 D/dalvikvm(21871): GC_CONCURRENT freed 376K, 76% free 626K/2524K, paused 1ms+1ms, total 5ms
05-22 13:41:01.494 D/dalvikvm(21871): GC_CONCURRENT freed 419K, 76% free 614K/2524K, paused 0ms+1ms, total 4ms
05-22 13:41:01.611 D/dalvikvm(21871): GC_CONCURRENT freed 395K, 77% free 603K/2524K, paused 1ms+1ms, total 5ms
05-22 13:41:01.705 D/dalvikvm(21871): GC_CONCURRENT freed 376K, 76% free 611K/2524K, paused 2ms+0ms, total 6ms
05-22 13:41:01.799 D/dalvikvm(21871): GC_CONCURRENT freed 376K, 76% free 618K/2524K, paused 2ms+0ms, total 5ms
05-22 13:41:01.924 D/dalvikvm(21871): GC_CONCURRENT freed 376K, 76% free 626K/2524K, paused 1ms+1ms, total 5ms
05-22 13:41:02.924 D/dalvikvm(21871): GC_CONCURRENT freed 420K, 76% free 615K/2524K, paused 1ms+0ms, total 5ms
05-22 13:41:03.041 D/dalvikvm(21871): GC_CONCURRENT freed 394K, 77% free 604K/2524K, paused 1ms+1ms, total 5ms
05-22 13:41:03.150 D/dalvikvm(21871): GC_CONCURRENT freed 376K, 76% free 611K/2524K, paused 1ms+0ms, total 5ms
05-22 13:41:03.252 D/dalvikvm(21871): GC_CONCURRENT freed 376K, 76% free 619K/2524K, paused 1ms+0ms, total 5ms
05-22 13:41:03.478 D/dalvikvm( 1468): GC_CONCURRENT freed 364K, 20% free 10019K/12512K, paused 276ms+376ms, total 2060ms
05-22 13:41:03.728 D/dalvikvm(21871): GC_CONCURRENT freed 376K, 76% free 627K/2524K, paused 1ms+1ms, total 5ms
05-22 13:41:03.838 D/dalvikvm(21871): GC_CONCURRENT freed 420K, 76% free 615K/2524K, paused 0ms+1ms, total 5ms
05-22 13:41:04.111 D/EmailProvider(21889): EmailProvider ready.
05-22 13:41:04.158 I/ActivityManager(  374): Start proc android.process.acore for content provider com.android.providers.contacts/.ContactsProvider2: pid=21928 uid=10000 gids={50000, 3003, 1015, 1028}
05-22 13:41:04.166 D/dalvikvm(21871): GC_CONCURRENT freed 439K, 76% free 614K/2524K, paused 0ms+2ms, total 6ms
05-22 13:41:04.431 D/dalvikvm(21871): GC_CONCURRENT freed 394K, 77% free 604K/2524K, paused 1ms+1ms, total 5ms
05-22 13:41:04.533 D/dalvikvm(21928): GC_CONCURRENT freed 189K, 3% free 9179K/9408K, paused 3ms+7ms, total 42ms
05-22 13:41:04.541 W/ActivityManager(  374): Unable to start service Intent { cmp=com.pekall.emdm.launcher/com.pekall.semail.service.AttachmentDownloadService } U=0: not found
05-22 13:41:04.588 D/dalvikvm(21871): GC_CONCURRENT freed 376K, 76% free 611K/2524K, paused 1ms+0ms, total 5ms
05-22 13:41:04.689 D/dalvikvm(21871): GC_CONCURRENT freed 376K, 76% free 619K/2524K, paused 2ms+0ms, total 5ms
05-22 13:41:04.791 D/dalvikvm(21871): GC_CONCURRENT freed 376K, 76% free 627K/2524K, paused 1ms+0ms, total 5ms
