05-22 13:38:58.861 D/NetworkThread(21518): <!DOCTYPE plist PUBLIC "-//Apple//DTD PLIST 1.0//EN" "http://www.apple.com/DTDs/PropertyList-1.0.dtd">
05-22 13:38:58.861 D/NetworkThread(21518): <plist version="1.0">
05-22 13:38:58.861 D/NetworkThread(21518): <dict>
05-22 13:38:58.861 D/NetworkThread(21518): 	<key>ManagedApplicationList</key>
05-22 13:38:58.861 D/NetworkThread(21518): 	<dict>
05-22 13:38:58.861 D/NetworkThread(21518): 	</dict>
05-22 13:38:58.861 D/NetworkThread(21518): 	<key>CommandUUID</key>
05-22 13:38:58.861 D/NetworkThread(21518): 	<string>2d3ea166-d98e-469e-9055-8deedb18ec6c</string>
05-22 13:38:58.861 D/NetworkThread(21518): 	<key>Status</key>
05-22 13:38:58.861 D/NetworkThread(21518): 	<string>Acknowledged</string>
05-22 13:38:58.861 D/NetworkThread(21518): 	<key>UDID</key>
05-22 13:38:58.861 D/NetworkThread(21518): 	<string>00013fbc8ecec5b90000014622706459</string>
05-22 13:38:58.861 D/NetworkThread(21518): </dict>
05-22 13:38:58.861 D/NetworkThread(21518): </plist>], 
05-22 13:38:58.861 D/HttpClient(21518): enable apache.http debug
05-22 13:38:58.869 V/DEBUG   (21518): HTTP 0
05-22 13:38:59.150 D/dalvikvm(21518): JIT unchain all for threadid=11
05-22 13:38:59.189 I/dalvikvm(21518): Jit: resizing JitTable from 4096 to 8192
05-22 13:38:59.267 W/Parcel  ( 1661): Attempt to read object from Parcel 0x5ef3bdac at offset 200 that is not in the object list
05-22 13:38:59.306 D/dalvikvm( 1468): GC_CONCURRENT freed 537K, 21% free 9971K/12512K, paused 9ms+7ms, total 39ms
05-22 13:38:59.439 D/dalvikvm(21518): JIT unchain all for threadid=11
05-22 13:38:59.697 D/dalvikvm(21518): JIT unchain all for threadid=11
05-22 13:38:59.728 D/dalvikvm(21518): GC_CONCURRENT freed 4731K, 33% free 23652K/35180K, paused 258ms+512ms, total 833ms
05-22 13:38:59.728 D/dalvikvm(21518): WAIT_FOR_CONCURRENT_GC blocked 18ms
05-22 13:39:00.174 D/MDM :   (21518): [null:-1]->statusCode : 200
05-22 13:39:00.181 D/MDM :   (21518): [null:-1]->statusCode : 200
05-22 13:39:00.181 V/DEBUG   (21518): HTTP 1
05-22 13:39:00.189 D/MDM :   (21518): [null:-1]->read network input stream
05-22 13:39:00.197 D/MDM :   (21518): [null:-1]->Get joson string: <?xml version="1.0" encoding="UTF-8"?>
05-22 13:39:00.197 D/MDM :   (21518): <!DOCTYPE plist PUBLIC "-//Apple//DTD PLIST 1.0//EN" "http://www.apple.com/DTDs/PropertyList-1.0.dtd">
05-22 13:39:00.197 D/MDM :   (21518): <plist version="1.0">
05-22 13:39:00.197 D/MDM :   (21518): <dict>
05-22 13:39:00.197 D/MDM :   (21518): 	<key>CommandUUID</key>
05-22 13:39:00.197 D/MDM :   (21518): 	<string>8a10dcdb-f227-4725-98d1-7975501a5bd6</string>
05-22 13:39:00.197 D/MDM :   (21518): 	<key>Command</key>
05-22 13:39:00.197 D/MDM :   (21518): 	<dict>
05-22 13:39:00.197 D/MDM :   (21518): 		<key>RequestType</key>
05-22 13:39:00.197 D/MDM :   (21518): 		<string>InstalledApplicationList</string>
05-22 13:39:00.197 D/MDM :   (21518): 	</dict>
05-22 13:39:00.197 D/MDM :   (21518): </dict>
05-22 13:39:00.197 D/MDM :   (21518): </plist>
05-22 13:39:00.205 D/MdmDatabaseHelper(21518): [null:-1]->update command 2d3ea166-d98e-469e-9055-8deedb18ec6c to status executed
05-22 13:39:00.236 D/CheckInTransInfo(21518): [null:-1]->CommandMsg : CommandMsg{CommandUUID='8a10dcdb-f227-4725-98d1-7975501a5bd6', Command=CommandObject{RequestType='InstalledApplicationList'}}
05-22 13:39:00.267 D/NetworkThread(21518): [null:-1]->clear mCurrentTransInfo
05-22 13:39:00.267 D/NetworkThread(21518): [null:-1]->queue is empty, thread wait...
05-22 13:39:00.369 D/MdmService(21518): [null:-1]->handleCheckInResult
05-22 13:39:00.369 D/MdmService(21518): [null:-1]->handleCheckInResult result keyIndex: 3
05-22 13:39:00.369 D/CommandManager(21518): [null:-1]->execute command: CommandMsg{CommandUUID='8a10dcdb-f227-4725-98d1-7975501a5bd6', Command=CommandObject{RequestType='InstalledApplicationList'}}
05-22 13:39:00.510 D/CommandManager(21518): [null:-1]->requestType: InstalledApplicationList
05-22 13:39:00.525 W/MountService(  374): getVolumeState(/storage/emulated/0/external_sd): Unknown volume
05-22 13:39:00.525 W/MountService(  374): getVolumeState(/mnt/sdcard-ext): Unknown volume
05-22 13:39:00.525 W/MountService(  374): getVolumeState(/mnt/ext_sdcard): Unknown volume
05-22 13:39:00.525 W/MountService(  374): getVolumeState(/mnt/sdcard2): Unknown volume
05-22 13:39:00.525 W/MountService(  374): getVolumeState(/mnt/emmc): Unknown volume
05-22 13:39:00.525 W/MountService(  374): getVolumeState(/mnt/extSdCard): Unknown volume
05-22 13:39:00.525 W/MountService(  374): getVolumeState(/mnt/sdcard/SD_CARD): Unknown volume
05-22 13:39:00.525 W/MountService(  374): getVolumeState(/mnt/sdcard/extra_sd): Unknown volume
05-22 13:39:00.525 W/MountService(  374): getVolumeState(/mnt/extrasd_bind): Unknown volume
05-22 13:39:00.525 W/MountService(  374): getVolumeState(/mnt/sdcard/ext_sd): Unknown volume
05-22 13:39:00.525 W/MountService(  374): getVolumeState(/storage/extSdCard): Unknown volume
05-22 13:39:00.525 W/MountService(  374): getVolumeState(/storage/sdcard1): Unknown volume
05-22 13:39:00.533 W/MountService(  374): getVolumeState(/mnt/sdcard/external_SD): Unknown volume
05-22 13:39:00.533 W/MountService(  374): getVolumeState(/mnt/sdcard/external_sd): Unknown volume
05-22 13:39:00.603 W/Parcel  ( 1661): Attempt to read object from Parcel 0x6013bdac at offset 200 that is not in the object list
05-22 13:39:00.767 D/MdmDatabaseHelper(21518): [null:-1]->update command 8a10dcdb-f227-4725-98d1-7975501a5bd6 to commandStatus <?xml version="1.0" encoding="UTF-8"?>
05-22 13:39:00.767 D/MdmDatabaseHelper(21518): <!DOCTYPE plist PUBLIC "-//Apple//DTD PLIST 1.0//EN" "http://www.apple.com/DTDs/PropertyList-1.0.dtd">
05-22 13:39:00.767 D/MdmDatabaseHelper(21518): <plist version="1.0">
05-22 13:39:00.767 D/MdmDatabaseHelper(21518): <dict>
05-22 13:39:00.767 D/MdmDatabaseHelper(21518): 	<key>InstalledApplicationList</key>
05-22 13:39:00.767 D/MdmDatabaseHelper(21518): 	<array>
05-22 13:39:00.767 D/MdmDatabaseHelper(21518): 		<dict>
05-22 13:39:00.767 D/MdmDatabaseHelper(21518): 			<key>AppPermissions</key>
05-22 13:39:00.767 D/MdmDatabaseHelper(21518): 			<array>
05-22 13:39:00.767 D/MdmDatabaseHelper(21518): 				<string>android.permission.READ_LOGS</string>
05-22 13:39:00.767 D/MdmDatabaseHelper(21518): 				<string>android.permission.WRITE_EXTERNAL_STORAGE</string>
05-22 13:39:00.767 D/MdmDatabaseHelper(21518): 				<string>com.qihoo.root.RESPOND</string>
05-22 13:39:00.767 D/MdmDatabaseHelper(21518): 				<string>com.qihoo.root.provider.READ</string>
05-22 13:39:00.767 D/MdmDatabaseHelper(21518): 				<string>com.qihoo.root.provider.WRITE</string>
05-22 13:39:00.767 D/MdmDatabaseHelper(21518): 				<string>android.permission.INTERNET</string>
05-22 13:39:00.767 D/MdmDatabaseHelper(21518): 				<string>android.permission.ACCESS_NETWORK_STATE</string>
05-22 13:39:00.767 D/MdmDatabaseHelper(21518): 				<string>android.permission.INSTALL_PACKAGES</string>
05-22 13:39:00.767 D/MdmDatabaseHelper(21518): 				<string>android.permission.KILL_BACKGROUND_PROCESSES</string>
05-22 13:39:00.767 D/MdmDatabaseHelper(21518): 				<string>android.permission.RESTART_PACKAGES</string>
05-22 13:39:00.767 D/MdmDatabaseHelper(21518): 				<string>android.permission.READ_PHONE_STATE</string>
05-22 13:39:00.767 D/MdmDatabaseHelper(21518): 				<string>android.permission.DELETE_PACKAGES</string>
05-22 13:39:00.767 D/MdmDatabaseHelper(21518): 				<string>android.permission.READ_EXTERNAL_STORAGE</string>
05-22 13:39:00.767 D/MdmDatabaseHelper(21518): 			</array>
05-22 13:39:00.767 D/MdmDatabaseHelper(21518): 			<key>Version</key>
05-22 13:39:00.767 D/MdmDatabaseHelper(21518): 			<string>7</string>
05-22 13:39:00.767 D/MdmDatabaseHelper(21518): 			<key>ShortVersion</key>
05-22 13:39:00.767 D/MdmDatabaseHelper(21518): 			<string>6.0.1</string>
05-22 13:39:00.767 D/MdmDatabaseHelper(21518): 			<key>Identifier</key>
05-22 13:39:00.767 D/MdmDatabaseHelper(21518): 			<string>com.qihoo.root</string>
05-22 13:39:00.767 D/MdmDatabaseHelper(21518): 			<key>Name</key>
05-22 13:39:00.767 D/MdmDatabaseHelper(21518): 			<string>360</string>
05-22 13:39:00.767 D/MdmDatabaseHelper(21518): 			<key>DynamicSize</key>
05-22 13:39:00.767 D/MdmDatabaseHelper(21518): 			<integer>0</integer>
05-22 13:39:00.767 D/MdmDatabaseHelper(21518): 			<key>BundleSize</key>
05-22 13:39:00.767 D/MdmDatabaseHelper(21518): 			<integer>0</integer>
05-22 13:39:00.767 D/MdmDatabaseHelper(21518): 		</dict>
05-22 13:39:00.767 D/MdmDatabaseHelper(21518): 		<dict>
05-22 13:39:00.767 D/MdmDatabaseHelper(21518): 			<key>AppPermissions</key>
05-22 13:39:00.767 D/MdmDatabaseHelper(21518): 			<array>
05-22 13:39:00.767 D/MdmDatabaseHelper(21518): 				<string>android.permission.ACCESS_FINE_LOCATION</string>
05-22 13:39:00.767 D/MdmDatabaseHelper(21518): 				<string>android.permission.ACCESS_COARSE_LOCATION</string>
05-22 13:39:00.767 D/MdmDatabaseHelper(21518): 				<string>android.permission.SYSTEM_ALERT_WINDOW</string>
05-22 13:39:00.767 D/MdmDatabaseHelper(21518): 				<string>android.permission.RECEIVE_BOOT_COMPLETED</string>
05-22 13:39:00.767 D/MdmDatabaseHelper(21518): 				<string>android.permission.CALL_PHONE</string>
05-22 13:39:00.767 D/MdmDatabaseHelper(21518): 				<string>android.permission.PROCESS_OUTGOING_CALLS</string>
05-22 13:39:00.767 D/MdmDatabaseHelper(21518): 				<string>android.permission.READ_CONTACTS</string>
05-22 13:39:00.767 D/MdmDatabaseHelper(21518): 				<string>android.permission.WRITE_CONTACTS</string>
05-22 13:39:00.767 D/MdmDatabaseHelper(21518): 				<string>android.permission.RECEIVE_SMS</string>
05-22 13:39:00.767 D/MdmDatabaseHelper(21518): 				<string>android.permission.RECEIVE_MMS</string>
05-22 13:39:00.767 D/MdmDatabaseHelper(21518): 				<string>android.permission.RECEIVE_WAP_PUSH</string>
05-22 13:39:00.767 D/MdmDatabaseHelper(21518): 				<string>android.permission.INTERNET</string>
05-22 13:39:00.767 D/MdmDatabaseHelper(21518): 				<string>android.permission.SEND_SMS</string>
05-22 13:39:00.767 D/MdmDatabaseHelper(21518): 				<string>android.permission.READ_SMS</string>
05-22 13:39:00.767 D/MdmDatabaseHelper(21518): 				<string>android.permission.WRITE_SMS</string>
05-22 13:39:00.767 D/MdmDatabaseHelper(21518): 				<string>android.permission.READ_CALL_LOG</string>
05-22 13:39:00.767 D/MdmDatabaseHelper(21518): 				<string>android.permission.WRITE_CALL_LOG</string>
05-22 13:39:00.767 D/MdmDatabaseHelper(21518): 				<string>android.permission.ACCESS_NETWORK_STATE</string>
05-22 13:39:00.767 D/MdmDatabaseHelper(21518): 				<string>android.permission.READ_PHONE_STATE</string>
05-22 13:39:00.767 D/MdmDatabaseHelper(21518): 				<string>android.permission.MODIFY_PHONE_STATE</string>
05-22 13:39:00.767 D/MdmDatabaseHelper(21518): 				<string>android.permission.MODIFY_AUDIO_SETTINGS</string>
05-22 13:39:00.767 D/MdmDatabaseHelper(21518): 				<string>android.permission.VIBRATE</string>
05-22 13:39:00.767 D/MdmDatabaseHelper(21518): 				<string>android.permission.BATTERY_STATS</string>
05-22 13:39:00.767 D/MdmDatabaseHelper(21518): 				<string>android.permission.GET_PACKAGE_SIZE</string>
05-22 13:39:00.767 D/MdmDatabaseHelper(21518): 				<string>com.android.launcher.permission.READ_SETTINGS</string>
05-22 13:39:00.767 D/MdmDatabaseHelper(21518): 				<string>android.permission.WAKE_LOCK</string>
05-22 13:39:00.767 D/MdmDatabaseHelper(21518): 				<string>android.permission.CHANGE_NETWORK_STATE</string>
05-22 13:39:00.767 D/MdmDatabaseHelper(21518): 				<string>android.permission.WRITE_EXTERNAL_STORAGE</string>
05-22 13:39:00.767 D/MdmDatabaseHelper(21518): 				<string>android.permission.RESTART_PACKAGES</string>
05-22 13:39:00.767 D/MdmDatabaseHelper(21518): 				<string>android.permission.CHANGE_WIFI_STATE</string>
05-22 13:39:00.767 D/MdmDatabaseHelper(21518): 				<string>android.permission.WRITE_SETTINGS</string>
05-22 13:39:00.767 D/MdmDatabaseHelper(21518): 				<string>android.permission.WRITE_SECURE_SETTINGS</string>
05-22 13:39:00.767 D/MdmDatabaseHelper(21518): 				<string>android.permission.READ_SYNC_SETTINGS</string>
05-22 13:39:00.767 D/MdmDatabaseHelper(21518): 				<string>android.permission.WRITE_SYNC_SETTINGS</string>
05-22 13:39:00.767 D/MdmDatabaseHelper(21518): 				<string>android.permission.WRITE_APN_SETTINGS</string>
05-22 13:39:00.767 D/MdmDatabaseHelper(21518): 				<string>android.permission.BLUETOOTH_ADMIN</string>
05-22 13:39:00.767 D/MdmDatabaseHelper(21518): 				<string>android.permission.RECORD_AUDIO</string>
05-22 13:39:00.767 D/MdmDatabaseHelper(21518): 				<string>android.permission.READ_LOGS</string>
05-22 13:39:00.767 D/MdmDatabaseHelper(21518): 				<string>com.android.launcher.permission.INSTALL_SHORTCUT</string>
05-22 13:39:00.767 D/MdmDatabaseHelper(21518): 				<string>com.android.launcher.permission.UNINSTALL_SHORTCUT</string>
05-22 13:39:00.767 D/MdmDatabaseHelper(21518): 				<string>android.permission.ACCESS_WIFI_STATE</string>
05-22 13:39:00.767 D/MdmDatabaseHelper(21518): 				<string>android.permission.BLUETOOTH</string>
05-22 13:39:00.767 D/MdmDatabaseHelper(21518): 				<string>android.permission.CLEAR_APP_CACHE</string>
05-22 13:39:00.767 D/MdmDatabaseHelper(21518): 				<string>android.permission.GET_TASKS</string>
05-22 13:39:00.767 D/MdmDatabaseHelper(21518): 				<string>android.permission.REORDER_TASKS</string>
05-22 13:39:00.767 D/MdmDatabaseHelper(21518): 				<string>android.permission.GET_ACCOUNTS</strin
05-22 13:39:00.799 D/dalvikvm( 1468): GC_FOR_ALLOC freed 482K, 21% free 9989K/12512K, paused 26ms, total 26ms
05-22 13:39:00.846 D/dalvikvm(20819): GC_EXPLICIT freed 247K, 4% free 9189K/9480K, paused 1ms+4ms, total 23ms
05-22 13:39:00.877 W/MountService(  374): getVolumeState(/storage/emulated/0/external_sd): Unknown volume
05-22 13:39:00.877 W/MountService(  374): getVolumeState(/mnt/sdcard-ext): Unknown volume
05-22 13:39:00.877 W/MountService(  374): getVolumeState(/mnt/ext_sdcard): Unknown volume
05-22 13:39:00.877 W/MountService(  374): getVolumeState(/mnt/sdcard2): Unknown volume
05-22 13:39:00.877 W/MountService(  374): getVolumeState(/mnt/emmc): Unknown volume
05-22 13:39:00.877 W/MountService(  374): getVolumeState(/mnt/extSdCard): Unknown volume
05-22 13:39:00.885 W/MountService(  374): getVolumeState(/mnt/sdcard/SD_CARD): Unknown volume
05-22 13:39:00.885 W/MountService(  374): getVolumeState(/mnt/sdcard/extra_sd): Unknown volume
05-22 13:39:00.885 W/MountService(  374): getVolumeState(/mnt/extrasd_bind): Unknown volume
05-22 13:39:00.885 W/MountService(  374): getVolumeState(/mnt/sdcard/ext_sd): Unknown volume
05-22 13:39:00.892 W/MountService(  374): getVolumeState(/storage/extSdCard): Unknown volume
05-22 13:39:00.892 W/MountService(  374): getVolumeState(/storage/sdcard1): Unknown volume
05-22 13:39:00.892 W/MountService(  374): getVolumeState(/mnt/sdcard/external_SD): Unknown volume
05-22 13:39:00.892 W/MountService(  374): getVolumeState(/mnt/sdcard/external_sd): Unknown volume
05-22 13:39:00.916 D/dalvikvm( 1468): GC_CONCURRENT freed 422K, 21% free 9959K/12512K, paused 14ms+5ms, total 117ms
05-22 13:39:00.939 I/TransInfo(21518): TransInfo created, id: 3, class: class com.pekall.emdm.transaction.c.b
05-22 13:39:00.947 D/NetworkThread(21518): [null:-1]->----isRunning-----true
05-22 13:39:00.947 D/NetworkThread(21518): [null:-1]->----isRunning-----true
05-22 13:39:00.947 D/NetworkThread(21518): [null:-1]->thread wakeup
05-22 13:39:00.986 D/NetworkThread(21518): [null:-1]->sendHttpPost:PostRequest, url: http://192.168.10.21/rest/mdm/v1/ios/android_server, Params: [content:<?xml version="1.0" encoding="UTF-8"?>
05-22 13:39:00.986 D/NetworkThread(21518): <!DOCTYPE plist PUBLIC "-//Apple//DTD PLIST 1.0//EN" "http://www.apple.com/DTDs/PropertyList-1.0.dtd">
05-22 13:39:00.986 D/NetworkThread(21518): <plist version="1.0">
05-22 13:39:00.986 D/NetworkThread(21518): <dict>
05-22 13:39:00.986 D/NetworkThread(21518): 	<key>InstalledApplicationList</key>
05-22 13:39:00.986 D/NetworkThread(21518): 	<array>
05-22 13:39:00.986 D/NetworkThread(21518): 		<dict>
05-22 13:39:00.986 D/NetworkThread(21518): 			<key>AppPermissions</key>
05-22 13:39:00.986 D/NetworkThread(21518): 			<array>
05-22 13:39:00.986 D/NetworkThread(21518): 				<string>android.permission.READ_LOGS</string>
05-22 13:39:00.986 D/NetworkThread(21518): 				<string>android.permission.WRITE_EXTERNAL_STORAGE</string>
05-22 13:39:00.986 D/NetworkThread(21518): 				<string>com.qihoo.root.RESPOND</string>
05-22 13:39:00.986 D/NetworkThread(21518): 				<string>com.qihoo.root.provider.READ</string>
05-22 13:39:00.986 D/NetworkThread(21518): 				<string>com.qihoo.root.provider.WRITE</string>
05-22 13:39:00.986 D/NetworkThread(21518): 				<string>android.permission.INTERNET</string>
05-22 13:39:00.986 D/NetworkThread(21518): 				<string>android.permission.ACCESS_NETWORK_STATE</string>
05-22 13:39:00.986 D/NetworkThread(21518): 				<string>android.permission.INSTALL_PACKAGES</string>
05-22 13:39:00.986 D/NetworkThread(21518): 				<string>android.permission.KILL_BACKGROUND_PROCESSES</string>
05-22 13:39:00.986 D/NetworkThread(21518): 				<string>android.permission.RESTART_PACKAGES</string>
05-22 13:39:00.986 D/NetworkThread(21518): 				<string>android.permission.READ_PHONE_STATE</string>
05-22 13:39:00.986 D/NetworkThread(21518): 				<string>android.permission.DELETE_PACKAGES</string>
05-22 13:39:00.986 D/NetworkThread(21518): 				<string>android.permission.READ_EXTERNAL_STORAGE</string>
05-22 13:39:00.986 D/NetworkThread(21518): 			</array>
05-22 13:39:00.986 D/NetworkThread(21518): 			<key>Version</key>
05-22 13:39:00.986 D/NetworkThread(21518): 			<string>7</string>
05-22 13:39:00.986 D/NetworkThread(21518): 			<key>ShortVersion</key>
05-22 13:39:00.986 D/NetworkThread(21518): 			<string>6.0.1</string>
05-22 13:39:00.986 D/NetworkThread(21518): 			<key>Identifier</key>
05-22 13:39:00.986 D/NetworkThread(21518): 			<string>com.qihoo.root</string>
05-22 13:39:00.986 D/NetworkThread(21518): 			<key>Name</key>
05-22 13:39:00.986 D/NetworkThread(21518): 			<string>360</string>
05-22 13:39:00.986 D/NetworkThread(21518): 			<key>DynamicSize</key>
05-22 13:39:00.986 D/NetworkThread(21518): 			<integer>0</integer>
05-22 13:39:00.986 D/NetworkThread(21518): 			<key>BundleSize</key>
05-22 13:39:00.986 D/NetworkThread(21518): 			<integer>0</integer>
05-22 13:39:00.986 D/NetworkThread(21518): 		</dict>
05-22 13:39:00.986 D/NetworkThread(21518): 		<dict>
05-22 13:39:00.986 D/NetworkThread(21518): 			<key>AppPermissions</key>
05-22 13:39:00.986 D/NetworkThread(21518): 			<array>
05-22 13:39:00.986 D/NetworkThread(21518): 				<string>android.permission.ACCESS_FINE_LOCATION</string>
05-22 13:39:00.986 D/NetworkThread(21518): 				<string>android.permission.ACCESS_COARSE_LOCATION</string>
05-22 13:39:00.986 D/NetworkThread(21518): 				<string>android.permission.SYSTEM_ALERT_WINDOW</string>
05-22 13:39:00.986 D/NetworkThread(21518): 				<string>android.permission.RECEIVE_BOOT_COMPLETED</string>
05-22 13:39:00.986 D/NetworkThread(21518): 				<string>android.permission.CALL_PHONE</string>
05-22 13:39:00.986 D/NetworkThread(21518): 				<string>android.permission.PROCESS_OUTGOING_CALLS</string>
05-22 13:39:00.986 D/NetworkThread(21518): 				<string>android.permission.READ_CONTACTS</string>
05-22 13:39:00.986 D/NetworkThread(21518): 				<string>android.permission.WRITE_CONTACTS</string>
05-22 13:39:00.986 D/NetworkThread(21518): 				<string>android.permission.RECEIVE_SMS</string>
05-22 13:39:00.986 D/NetworkThread(21518): 				<string>android.permission.RECEIVE_MMS</string>
05-22 13:39:00.986 D/NetworkThread(21518): 				<string>android.permission.RECEIVE_WAP_PUSH</string>
05-22 13:39:00.986 D/NetworkThread(21518): 				<string>android.permission.INTERNET</string>
05-22 13:39:00.986 D/NetworkThread(21518): 				<string>android.permission.SEND_SMS</string>
05-22 13:39:00.986 D/NetworkThread(21518): 				<string>android.permission.READ_SMS</string>
05-22 13:39:00.986 D/NetworkThread(21518): 				<string>android.permission.WRITE_SMS</string>
05-22 13:39:00.986 D/NetworkThread(21518): 				<string>android.permission.READ_CALL_LOG</string>
05-22 13:39:00.986 D/NetworkThread(21518): 				<string>android.permission.WRITE_CALL_LOG</string>
05-22 13:39:00.986 D/NetworkThread(21518): 				<string>android.permission.ACCESS_NETWORK_STATE</string>
05-22 13:39:00.986 D/NetworkThread(21518): 				<string>android.permission.READ_PHONE_STATE</string>
05-22 13:39:00.986 D/NetworkThread(21518): 				<string>android.permission.MODIFY_PHONE_STATE</string>
05-22 13:39:00.986 D/NetworkThread(21518): 				<string>android.permission.MODIFY_AUDIO_SETTINGS</string>
05-22 13:39:00.986 D/NetworkThread(21518): 				<string>android.permission.VIBRATE</string>
05-22 13:39:00.986 D/NetworkThread(21518): 				<string>android.permission.BATTERY_STATS</string>
05-22 13:39:00.986 D/NetworkThread(21518): 				<string>android.permission.GET_PACKAGE_SIZE</string>
05-22 13:39:00.986 D/NetworkThread(21518): 				<string>com.android.launcher.permission.READ_SETTINGS</string>
05-22 13:39:00.986 D/NetworkThread(21518): 				<string>android.permission.WAKE_LOCK</string>
05-22 13:39:00.986 D/NetworkThread(21518): 				<string>android.permission.CHANGE_NETWORK_STATE</string>
05-22 13:39:00.986 D/NetworkThread(21518): 				<string>android.permission.WRITE_EXTERNAL_STORAGE</string>
05-22 13:39:00.986 D/NetworkThread(21518): 				<string>android.permission.RESTART_PACKAGES</string>
05-22 13:39:00.986 D/NetworkThread(21518): 				<string>android.permission.CHANGE_WIFI_STATE</string>
05-22 13:39:00.986 D/NetworkThread(21518): 				<string>android.permission.WRITE_SETTINGS</string>
05-22 13:39:00.986 D/NetworkThread(21518): 				<string>android.permission.WRITE_SECURE_SETTINGS</string>
05-22 13:39:00.986 D/NetworkThread(21518): 				<string>android.permission.READ_SYNC_SETTINGS</string>
05-22 13:39:00.986 D/NetworkThread(21518): 				<string>android.permission.WRITE_SYNC_SETTINGS</string>
05-22 13:39:00.986 D/NetworkThread(21518): 				<string>android.permission.WRITE_APN_SETTINGS</string>
05-22 13:39:00.986 D/NetworkThread(21518): 				<string>android.permission.BLUETOOTH_ADMIN</string>
05-22 13:39:00.986 D/NetworkThread(21518): 				<string>android.permission.RECORD_AUDIO</string>
05-22 13:39:00.986 D/NetworkThread(21518): 				<string>android.permission.READ_LOGS</string>
05-22 13:39:00.986 D/NetworkThread(21518): 				<string>com.android.launcher.permission.INSTALL_SHORTCUT</string>
05-22 13:39:00.986 D/NetworkThread(21518): 				<string>com.android.launcher.permission.UNINSTALL_SHORTCUT</string>
05-22 13:39:00.986 D/NetworkThread(21518): 				<string>android.permission.ACCESS_WIFI_STATE</string>
05-22 13:39:00.986 D/NetworkThread(21518): 				<string>android.permission.BLUETOOTH</string>
05-22 13:39:00.986 D/NetworkThread(21518): 				<string>android.permission.CLEAR_APP_CACHE</string>
05-22 13:39:00.986 D/NetworkThread(21518): 				<string>android.permission.GET_TASKS</string>
05-22 13:39:00.986 D/NetworkThread(21518): 				<string>android.permission.REORDER_TASKS</string>
05-22 13:39:00.986 D/NetworkThread(21518): 				<string>android.pe
05-22 13:39:00.986 D/HttpClient(21518): enable apache.http debug
05-22 13:39:00.986 V/DEBUG   (21518): HTTP 0
05-22 13:39:02.017 D/MDM :   (21518): [null:-1]->statusCode : 200
05-22 13:39:02.017 D/MDM :   (21518): [null:-1]->statusCode : 200
05-22 13:39:02.017 V/DEBUG   (21518): HTTP 1
05-22 13:39:02.017 D/MDM :   (21518): [null:-1]->read network input stream
05-22 13:39:02.017 D/MDM :   (21518): [null:-1]->Get joson string: <?xml version="1.0" encoding="UTF-8"?>
05-22 13:39:02.017 D/MDM :   (21518): <!DOCTYPE plist PUBLIC "-//Apple//DTD PLIST 1.0//EN" "http://www.apple.com/DTDs/PropertyList-1.0.dtd">
05-22 13:39:02.017 D/MDM :   (21518): <plist version="1.0">
05-22 13:39:02.017 D/MDM :   (21518): <dict>
05-22 13:39:02.017 D/MDM :   (21518): 	<key>CommandUUID</key>
05-22 13:39:02.017 D/MDM :   (21518): 	<string>b27bee89-82ec-44f3-9671-cd01e67d26ab</string>
05-22 13:39:02.017 D/MDM :   (21518): 	<key>Command</key>
05-22 13:39:02.017 D/MDM :   (21518): 	<dict>
05-22 13:39:02.017 D/MDM :   (21518): 		<key>RequestType</key>
05-22 13:39:02.017 D/MDM :   (21518): 		<string>SecurityInfo</string>
05-22 13:39:02.017 D/MDM :   (21518): 	</dict>
05-22 13:39:02.017 D/MDM :   (21518): </dict>
05-22 13:39:02.017 D/MDM :   (21518): </plist>
05-22 13:39:02.025 D/MdmDatabaseHelper(21518): [null:-1]->update command 8a10dcdb-f227-4725-98d1-7975501a5bd6 to status executed
05-22 13:39:02.072 D/CheckInTransInfo(21518): [null:-1]->CommandMsg : CommandMsg{CommandUUID='b27bee89-82ec-44f3-9671-cd01e67d26ab', Command=CommandObject{RequestType='SecurityInfo'}}
05-22 13:39:02.103 D/NetworkThread(21518): [null:-1]->clear mCurrentTransInfo
05-22 13:39:02.103 D/NetworkThread(21518): [null:-1]->queue is empty, thread wait...
05-22 13:39:02.205 D/MdmService(21518): [null:-1]->handleCheckInResult
05-22 13:39:02.205 D/MdmService(21518): [null:-1]->handleCheckInResult result keyIndex: 3
05-22 13:39:02.205 D/CommandManager(21518): [null:-1]->execute command: CommandMsg{CommandUUID='b27bee89-82ec-44f3-9671-cd01e67d26ab', Command=CommandObject{RequestType='SecurityInfo'}}
05-22 13:39:02.213 D/CommandManager(21518): [null:-1]->requestType: SecurityInfo
05-22 13:39:02.252 W/Parcel  ( 1661): Attempt to read object from Parcel 0x5ded3dac at offset 200 that is not in the object list
05-22 13:39:02.267 D/MdmDatabaseHelper(21518): [null:-1]->update command b27bee89-82ec-44f3-9671-cd01e67d26ab to commandStatus <?xml version="1.0" encoding="UTF-8"?>
05-22 13:39:02.267 D/MdmDatabaseHelper(21518): <!DOCTYPE plist PUBLIC "-//Apple//DTD PLIST 1.0//EN" "http://www.apple.com/DTDs/PropertyList-1.0.dtd">
05-22 13:39:02.267 D/MdmDatabaseHelper(21518): <plist version="1.0">
05-22 13:39:02.267 D/MdmDatabaseHelper(21518): <dict>
05-22 13:39:02.267 D/MdmDatabaseHelper(21518): 	<key>SecurityInfo</key>
05-22 13:39:02.267 D/MdmDatabaseHelper(21518): 	<dict>
05-22 13:39:02.267 D/MdmDatabaseHelper(21518): 		<key>HardwareEncryptionCaps</key>
05-22 13:39:02.267 D/MdmDatabaseHelper(21518): 		<integer>0</integer>
05-22 13:39:02.267 D/MdmDatabaseHelper(21518): 		<key>PasscodeCompliant</key>
05-22 13:39:02.267 D/MdmDatabaseHelper(21518): 		<false/>
05-22 13:39:02.267 D/MdmDatabaseHelper(21518): 		<key>PasscodeCompliantWithProfiles</key>
05-22 13:39:02.267 D/MdmDatabaseHelper(21518): 		<true/>
05-22 13:39:02.267 D/MdmDatabaseHelper(21518): 		<key>PasscodePresent</key>
05-22 13:39:02.267 D/MdmDatabaseHelper(21518): 		<false/>
05-22 13:39:02.267 D/MdmDatabaseHelper(21518): 	</dict>
05-22 13:39:02.267 D/MdmDatabaseHelper(21518): 	<key>CommandUUID</key>
05-22 13:39:02.267 D/MdmDatabaseHelper(21518): 	<string>b27bee89-82ec-44f3-9671-cd01e67d26ab</string>
05-22 13:39:02.267 D/MdmDatabaseHelper(21518): 	<key>Status</key>
05-22 13:39:02.267 D/MdmDatabaseHelper(21518): 	<string>Acknowledged</string>
05-22 13:39:02.267 D/MdmDatabaseHelper(21518): 	<key>UDID</key>
05-22 13:39:02.267 D/MdmDatabaseHelper(21518): 	<string>00013fbc8ecec5b90000014622706459</string>
05-22 13:39:02.267 D/MdmDatabaseHelper(21518): </dict>
05-22 13:39:02.267 D/MdmDatabaseHelper(21518): </plist>
05-22 13:39:02.299 I/TransInfo(21518): TransInfo created, id: 3, class: class com.pekall.emdm.transaction.c.b
05-22 13:39:02.299 D/NetworkThread(21518): [null:-1]->----isRunning-----true
05-22 13:39:02.299 D/NetworkThread(21518): [null:-1]->----isRunning-----true
05-22 13:39:02.299 D/NetworkThread(21518): [null:-1]->thread wakeup
05-22 13:39:02.306 D/NetworkThread(21518): [null:-1]->sendHttpPost:PostRequest, url: http://192.168.10.21/rest/mdm/v1/ios/android_server, Params: [content:<?xml version="1.0" encoding="UTF-8"?>
05-22 13:39:02.306 D/NetworkThread(21518): <!DOCTYPE plist PUBLIC "-//Apple//DTD PLIST 1.0//EN" "http://www.apple.com/DTDs/PropertyList-1.0.dtd">
05-22 13:39:02.306 D/NetworkThread(21518): <plist version="1.0">
05-22 13:39:02.306 D/NetworkThread(21518): <dict>
05-22 13:39:02.306 D/NetworkThread(21518): 	<key>SecurityInfo</key>
05-22 13:39:02.306 D/NetworkThread(21518): 	<dict>
05-22 13:39:02.306 D/NetworkThread(21518): 		<key>HardwareEncryptionCaps</key>
05-22 13:39:02.306 D/NetworkThread(21518): 		<integer>0</integer>
05-22 13:39:02.306 D/NetworkThread(21518): 		<key>PasscodeCompliant</key>
05-22 13:39:02.306 D/NetworkThread(21518): 		<false/>
05-22 13:39:02.306 D/NetworkThread(21518): 		<key>PasscodeCompliantWithProfiles</key>
05-22 13:39:02.306 D/NetworkThread(21518): 		<true/>
05-22 13:39:02.306 D/NetworkThread(21518): 		<key>PasscodePresent</key>
05-22 13:39:02.306 D/NetworkThread(21518): 		<false/>
05-22 13:39:02.306 D/NetworkThread(21518): 	</dict>
05-22 13:39:02.306 D/NetworkThread(21518): 	<key>CommandUUID</key>
05-22 13:39:02.306 D/NetworkThread(21518): 	<string>b27bee89-82ec-44f3-9671-cd01e67d26ab</string>
05-22 13:39:02.306 D/NetworkThread(21518): 	<key>Status</key>
05-22 13:39:02.306 D/NetworkThread(21518): 	<string>Acknowledged</string>
05-22 13:39:02.306 D/NetworkThread(21518): 	<key>UDID</key>
05-22 13:39:02.306 D/NetworkThread(21518): 	<string>00013fbc8ecec5b90000014622706459</string>
05-22 13:39:02.306 D/NetworkThread(21518): </dict>
05-22 13:39:02.306 D/NetworkThread(21518): </plist>], 
05-22 13:39:02.306 D/HttpClient(21518): enable apache.http debug
05-22 13:39:02.306 V/DEBUG   (21518): HTTP 0
05-22 13:39:02.838 D/MDM :   (21518): [null:-1]->statusCode : 200
05-22 13:39:02.838 D/MDM :   (21518): [null:-1]->statusCode : 200
05-22 13:39:02.838 V/DEBUG   (21518): HTTP 1
05-22 13:39:02.846 D/MDM :   (21518): [null:-1]->read network input stream
05-22 13:39:03.096 D/dalvikvm(21518): JIT unchain all for threadid=11
05-22 13:39:03.103 D/MDM :   (21518): [null:-1]->Get joson string: <?xml version="1.0" encoding="UTF-8"?>
05-22 13:39:03.103 D/MDM :   (21518): <!DOCTYPE plist PUBLIC "-//Apple//DTD PLIST 1.0//EN" "http://www.apple.com/DTDs/PropertyList-1.0.dtd">
05-22 13:39:03.103 D/MDM :   (21518): <plist version="1.0">
05-22 13:39:03.103 D/MDM :   (21518): <dict>
05-22 13:39:03.103 D/MDM :   (21518): 	<key>CommandUUID</key>
05-22 13:39:03.103 D/MDM :   (21518): 	<string>5fed7148-f99a-4d95-8af6-89880d57c81e</string>
05-22 13:39:03.103 D/MDM :   (21518): 	<key>Command</key>
05-22 13:39:03.103 D/MDM :   (21518): 	<dict>
05-22 13:39:03.103 D/MDM :   (21518): 		<key>RequestType</key>
05-22 13:39:03.103 D/MDM :   (21518): 		<string>CertificateList</string>
05-22 13:39:03.103 D/MDM :   (21518): 	</dict>
05-22 13:39:03.103 D/MDM :   (21518): </dict>
05-22 13:39:03.103 D/MDM :   (21518): </plist>
05-22 13:39:03.127 D/MdmDatabaseHelper(21518): [null:-1]->update command b27bee89-82ec-44f3-9671-cd01e67d26ab to status executed
05-22 13:39:03.377 D/dalvikvm(21518): JIT unchain all for threadid=11
05-22 13:39:03.392 D/CheckInTransInfo(21518): [null:-1]->CommandMsg : CommandMsg{CommandUUID='5fed7148-f99a-4d95-8af6-89880d57c81e', Command=CommandObject{RequestType='CertificateList'}}
05-22 13:39:03.408 D/dalvikvm(21518): GC_CONCURRENT freed 4902K, 33% free 23617K/35180K, paused 258ms+259ms, total 560ms
05-22 13:39:03.424 D/NetworkThread(21518): [null:-1]->clear mCurrentTransInfo
05-22 13:39:03.424 D/NetworkThread(21518): [null:-1]->queue is empty, thread wait...
05-22 13:39:03.525 D/MdmService(21518): [null:-1]->handleCheckInResult
05-22 13:39:03.525 D/MdmService(21518): [null:-1]->handleCheckInResult result keyIndex: 3
05-22 13:39:03.525 D/CommandManager(21518): [null:-1]->execute command: CommandMsg{CommandUUID='5fed7148-f99a-4d95-8af6-89880d57c81e', Command=CommandObject{RequestType='CertificateList'}}
05-22 13:39:03.525 D/CommandManager(21518): [null:-1]->requestType: CertificateList
05-22 13:39:03.556 W/Parcel  ( 1661): Attempt to read object from Parcel 0x6013bdac at offset 200 that is not in the object list
05-22 13:39:03.580 D/MdmDatabaseHelper(21518): [null:-1]->update command 5fed7148-f99a-4d95-8af6-89880d57c81e to commandStatus <?xml version="1.0" encoding="UTF-8"?>
05-22 13:39:03.580 D/MdmDatabaseHelper(21518): <!DOCTYPE plist PUBLIC "-//Apple//DTD PLIST 1.0//EN" "http://www.apple.com/DTDs/PropertyList-1.0.dtd">
05-22 13:39:03.580 D/MdmDatabaseHelper(21518): <plist version="1.0">
05-22 13:39:03.580 D/MdmDatabaseHelper(21518): <dict>
05-22 13:39:03.580 D/MdmDatabaseHelper(21518): 	<key>CertificateList</key>
05-22 13:39:03.580 D/MdmDatabaseHelper(21518): 	<array>
05-22 13:39:03.580 D/MdmDatabaseHelper(21518): 	</array>
05-22 13:39:03.580 D/MdmDatabaseHelper(21518): 	<key>CommandUUID</key>
05-22 13:39:03.580 D/MdmDatabaseHelper(21518): 	<string>5fed7148-f99a-4d95-8af6-89880d57c81e</string>
05-22 13:39:03.580 D/MdmDatabaseHelper(21518): 	<key>Status</key>
05-22 13:39:03.580 D/MdmDatabaseHelper(21518): 	<string>Acknowledged</string>
05-22 13:39:03.580 D/MdmDatabaseHelper(21518): 	<key>UDID</key>
05-22 13:39:03.580 D/MdmDatabaseHelper(21518): 	<string>00013fbc8ecec5b90000014622706459</string>
05-22 13:39:03.580 D/MdmDatabaseHelper(21518): </dict>
05-22 13:39:03.580 D/MdmDatabaseHelper(21518): </plist>
05-22 13:39:03.603 I/TransInfo(21518): TransInfo created, id: 3, class: class com.pekall.emdm.transaction.c.b
05-22 13:39:03.611 D/NetworkThread(21518): [null:-1]->----isRunning-----true
05-22 13:39:03.611 D/NetworkThread(21518): [null:-1]->----isRunning-----true
05-22 13:39:03.611 D/NetworkThread(21518): [null:-1]->thread wakeup
05-22 13:39:03.611 D/NetworkThread(21518): [null:-1]->sendHttpPost:PostRequest, url: http://192.168.10.21/rest/mdm/v1/ios/android_server, Params: [content:<?xml version="1.0" encoding="UTF-8"?>
05-22 13:39:03.611 D/NetworkThread(21518): <!DOCTYPE plist PUBLIC "-//Apple//DTD PLIST 1.0//EN" "http://www.apple.com/DTDs/PropertyList-1.0.dtd">
05-22 13:39:03.611 D/NetworkThread(21518): <plist version="1.0">
05-22 13:39:03.611 D/NetworkThread(21518): <dict>
05-22 13:39:03.611 D/NetworkThread(21518): 	<key>CertificateList</key>
05-22 13:39:03.611 D/NetworkThread(21518): 	<array>
05-22 13:39:03.611 D/NetworkThread(21518): 	</array>
05-22 13:39:03.611 D/NetworkThread(21518): 	<key>CommandUUID</key>
05-22 13:39:03.611 D/NetworkThread(21518): 	<string>5fed7148-f99a-4d95-8af6-89880d57c81e</string>
05-22 13:39:03.611 D/NetworkThread(21518): 	<key>Status</key>
05-22 13:39:03.611 D/NetworkThread(21518): 	<string>Acknowledged</string>
05-22 13:39:03.611 D/NetworkThread(21518): 	<key>UDID</key>
05-22 13:39:03.611 D/NetworkThread(21518): 	<string>00013fbc8ecec5b90000014622706459</string>
05-22 13:39:03.611 D/NetworkThread(21518): </dict>
05-22 13:39:03.611 D/NetworkThread(21518): </plist>], 
05-22 13:39:03.611 D/HttpClient(21518): enable apache.http debug
05-22 13:39:03.619 V/DEBUG   (21518): HTTP 0
05-22 13:39:04.072 D/MDM :   (21518): [null:-1]->statusCode : 200
05-22 13:39:04.072 D/MDM :   (21518): [null:-1]->statusCode : 200
05-22 13:39:04.072 V/DEBUG   (21518): HTTP 1
05-22 13:39:04.080 D/MDM :   (21518): [null:-1]->read network input stream
05-22 13:39:04.088 D/MDM :   (21518): [null:-1]->read network input stream
05-22 13:39:04.088 D/MDM :   (21518): [null:-1]->read network input stream
05-22 13:39:04.088 D/MDM :   (21518): [null:-1]->Get joson string: <?xml version="1.0" encoding="UTF-8"?>
05-22 13:39:04.088 D/MDM :   (21518): <!DOCTYPE plist PUBLIC "-//Apple//DTD PLIST 1.0//EN" "http://www.apple.com/DTDs/PropertyList-1.0.dtd">
05-22 13:39:04.088 D/MDM :   (21518): <plist version="1.0">
05-22 13:39:04.088 D/MDM :   (21518): <dict>
05-22 13:39:04.088 D/MDM :   (21518): 	<key>CommandUUID</key>
05-22 13:39:04.088 D/MDM :   (21518): 	<string>68e4a8af-bd51-4be1-bed3-5e9892cc39a1</string>
05-22 13:39:04.088 D/MDM :   (21518): 	<key>Command</key>
05-22 13:39:04.088 D/MDM :   (21518): 	<dict>
05-22 13:39:04.088 D/MDM :   (21518): 		<key>Payload</key>
05-22 13:39:04.088 D/MDM :   (21518): 		<data>
05-22 13:39:04.088 D/MDM :   (21518): 			PD94bWwgdmVyc2lvbj0iMS4wIiBlbmNvZGluZz0iVVRGLTgiPz4KPCFET0NUWVBFIHBsaXN0IFBVQkxJQyAiLS8vQXBwbGUvL0RURCBQTElTVCAxLjAvL0VOIiAiaHR0cDovL3d3dy5hcHBsZS5jb20vRFREcy9Qcm9wZXJ0eUxpc3QtMS4wLmR0ZCI+CjxwbGlzdCB2ZXJzaW9uPSIxLjAiPgo8ZGljdD4KCTxrZXk+UGF5bG9hZENvbnRlbnQ8L2tleT4KCTxhcnJheT4KCQk8ZGljdD4KCQkJPGtleT5jYW1lcmE8L2tleT4KCQkJPHN0cmluZz5lbmFibGVkPC9zdHJpbmc+CgkJCTxrZXk+UGF5bG9hZFR5cGU8L2tleT4KCQkJPHN0cmluZz5jb20ucGVrYWxsLnJlc3RyaWN0aW9ucy5wb2xpY3k8L3N0cmluZz4KCQkJPGtleT5QYXlsb2FkVmVyc2lvbjwva2V5PgoJCQk8aW50ZWdlcj4xPC9pbnRlZ2VyPgoJCQk8a2V5PlBheWxvYWRJZGVudGlmaWVyPC9rZXk+CgkJCTxzdHJpbmc+U24wMngyT0ZMZ0g2YTVrNGpZSHJ2Q1J2RVd6U1hRVjAucmVzdHJpY3Rpb248L3N0cmluZz4KCQkJPGtleT5QYXlsb2FkVVVJRDwva2V5PgoJCQk8c3RyaW5nPmQ2MjVkMzQ1LTZhZTUtNDkzYy1iNWNlLTkyOGY2MTdjMjM1MDwvc3RyaW5nPgoJCQk8a2V5PlBheWxvYWREaXNwbGF5TmFtZTwva2V5PgoJCQk8c3RyaW5nPlJlc3RyaWN0aW9u6YWN572uPC9zdHJpbmc+CgkJCTxrZXk+UGF5bG9hZERlc2NyaXB0aW9uPC9rZXk+CgkJCTxzdHJpbmc+UmVzdHJpY3Rpb27nm7jlhbPphY3nva48L3N0cmluZz4KCQkJPGtleT5QYXlsb2FkT3JnYW5pemF0aW9uPC9rZXk+CgkJCTxzdHJpbmc+UGVrYWxsIENhcHRpY2FsPC9zdHJpbmc+CgkJPC9kaWN0PgoJPC9hcnJheT4KCTxrZXk+UGF5bG9hZFJlbW92YWxEaXNhbGxvd2VkPC9rZXk+Cgk8dHJ1ZS8+Cgk8a2V5PlBheWxvYWRUeXBlPC9rZXk+Cgk8c3RyaW5nPkNvbmZpZ3VyYXRpb248L3N0cmluZz4KCTxrZXk+UGF5bG9hZFZlcnNpb248L2tleT4KCTxpbnRlZ2VyPjE8L2ludGVnZXI+Cgk8a2V5PlBheWxvYWRJZGVudGlmaWVyPC9rZXk+Cgk8c3RyaW5nPlNuMDJ4Mk9GTGdINmE1azRqWUhydkNSdkVXelNYUVYwPC9zdHJpbmc+Cgk8a2V5PlBheWxvYWRVVUlEPC9rZXk+Cgk8c3RyaW5nPmFmMGFjYmQ5LWY1Y2MtNDYyNy1iMmRlLWU3N2RiMDc0MTVhYzwvc3RyaW5nPgoJPGtleT5QYXlsb2FkRGlzcGxheU5hbWU8L2tleT4KCTxzdHJpbmc+5YWB6K645L2/55So55u45py6PC9zdHJpbmc+Cgk8a2V5PlBheWxvYWREZXNjcmlwdGlvbjwva2V5PgoJPHN0cmluZz53b21nPC9zdHJpbmc+Cgk8a2V5PlBheWxvYWRPcmdhbml6YXRpb248L2tleT4KCTxzdHJpbmc+UGVrYWxsIENhcHRpY2FsPC9zdHJpbmc+CjwvZGljdD4KPC9wbGlzdD4=
05-22 13:39:04.088 D/MDM :   (21518): 		</data>
05-22 13:39:04.088 D/MDM :   (21518): 		<key>RequestType</key>
05-22 13:39:04.088 D/MDM :   (21518): 		<string>InstallProfile</string>
05-22 13:39:04.088 D/MDM :   (21518): 	</dict>
05-22 13:39:04.088 D/MDM :   (21518): </dict>
05-22 13:39:04.088 D/MDM :   (21518): </plist>
05-22 13:39:04.103 D/MdmDatabaseHelper(21518): [null:-1]->update command 5fed7148-f99a-4d95-8af6-89880d57c81e to status executed
05-22 13:39:04.135 D/CheckInTransInfo(21518): [null:-1]->CommandMsg : CommandMsg{CommandUUID='68e4a8af-bd51-4be1-bed3-5e9892cc39a1', Command=CommandInstallProfile{super=CommandObject{RequestType='InstallProfile'}Payload=[60, 63, 120, 109, 108, 32, 118, 101, 114, 115, 105, 111, 110, 61, 34, 49, 46, 48, 34, 32, 101, 110, 99, 111, 100, 105, 110, 103, 61, 34, 85, 84, 70, 45, 56, 34, 63, 62, 10, 60, 33, 68, 79, 67, 84, 89, 80, 69, 32, 112, 108, 105, 115, 116, 32, 80, 85, 66, 76, 73, 67, 32, 34, 45, 47, 47, 65, 112, 112, 108, 101, 47, 47, 68, 84, 68, 32, 80, 76, 73, 83, 84, 32, 49, 46, 48, 47, 47, 69, 78, 34, 32, 34, 104, 116, 116, 112, 58, 47, 47, 119, 119, 119, 46, 97, 112, 112, 108, 101, 46, 99, 111, 109, 47, 68, 84, 68, 115, 47, 80, 114, 111, 112, 101, 114, 116, 121, 76, 105, 115, 116, 45, 49, 46, 48, 46, 100, 116, 100, 34, 62, 10, 60, 112, 108, 105, 115, 116, 32, 118, 101, 114, 115, 105, 111, 110, 61, 34, 49, 46, 48, 34, 62, 10, 60, 100, 105, 99, 116, 62, 10, 9, 60, 107, 101, 121, 62, 80, 97, 121, 108, 111, 97, 100, 67, 111, 110, 116, 101, 110, 116, 60, 47, 107, 101, 121, 62, 10, 9, 60, 97, 114, 114, 97, 121, 62, 10, 9, 9, 60, 100, 105, 99, 116, 62, 10, 9, 9, 9, 60, 107, 101, 121, 62, 99, 97, 109, 101, 114, 97, 60, 47, 107, 101, 121, 62, 10, 9, 9, 9, 60, 115, 116, 114, 105, 110, 103, 62, 101, 110, 97, 98, 108, 101, 100, 60, 47, 115, 116, 114, 105, 110, 103, 62, 10, 9, 9, 9, 60, 107, 101, 121, 62, 80, 97, 121, 108, 111, 97, 100, 84, 121, 112, 101, 60, 47, 107, 101, 121, 62, 10, 9, 9, 9, 60, 115, 116, 114, 105, 110, 103, 62, 99, 111, 109, 46, 112, 101, 107, 97, 108, 108, 46, 114, 101, 115, 116, 114, 105, 99, 116, 105, 111, 110, 115, 46, 112, 111, 108, 105, 99, 121, 60, 47, 115, 116, 114, 105, 110, 103, 62, 10, 9, 9, 9, 60, 107, 101, 121, 62, 80, 97, 121, 108, 111, 97, 100, 86, 101, 114, 115, 105, 111, 110, 60, 47, 107, 101, 121, 62, 10, 9, 9, 9, 60, 105, 110, 116, 101, 103, 101, 114, 62, 49, 60, 47, 105, 110, 116, 101, 103, 101, 114, 62, 10, 9, 9, 9, 60, 107, 101, 121, 62, 80, 97, 121, 108, 111, 97, 100, 73, 100, 101, 110, 116, 105, 102, 105, 101, 114, 60, 47, 107, 101, 121, 62, 10, 9, 9, 9, 60, 115, 116, 114, 105, 110, 103, 62, 83, 110, 48, 50, 120, 50, 79, 70, 76, 103, 72, 54, 97, 53, 107, 52, 106, 89, 72, 114, 118, 67, 82, 118, 69, 87, 122, 83, 88, 81, 86, 48, 46, 114, 101, 115, 116, 114, 105, 99, 116, 105, 111, 110, 60, 47, 115, 116, 114, 105, 110, 103, 62, 10, 9, 9, 9, 60, 107, 101, 121, 62, 80, 97, 121, 108, 111, 97, 100, 85, 85, 73, 68, 60, 47, 107, 101, 121, 62, 10, 9, 9, 9, 60, 115, 116, 114, 105, 110, 103, 62, 100, 54, 50, 53, 100, 51, 52, 53, 45, 54, 97, 101, 53, 45, 52, 57, 51, 99, 45, 98, 53, 99, 101, 45, 57, 50, 56, 102, 54, 49, 55, 99, 50, 51, 53, 48, 60, 47, 115, 116, 114, 105, 110, 103, 62, 10, 9, 9, 9, 60, 107, 101, 121, 62, 80, 97, 121, 108, 111, 97, 100, 68, 105, 115, 112, 108, 97, 121, 78, 97, 109, 101, 60, 47, 107, 101, 121, 62, 10, 9, 9, 9, 60, 115, 116, 114, 105, 110, 103, 62, 82, 101, 115, 116, 114, 105, 99, 116, 105, 111, 110, -23, -123, -115, -25, -67, -82, 60, 47, 115, 116, 114, 105, 110, 103, 62, 10, 9, 9, 9, 60, 107, 101, 121, 62, 80, 97, 121, 108, 111, 97, 100, 68, 101, 115, 99, 114, 105, 112, 116, 105, 111, 110, 60, 47, 107, 101, 121, 62, 10, 9, 9, 9, 60, 115, 116, 114, 105, 110, 103, 62, 82, 101, 115, 116, 114, 105, 99, 116, 105, 111, 110, -25, -101, -72, -27, -123, -77, -23, -123, -115, -25, -67, -82, 60, 47, 115, 116, 114, 105, 110, 103, 62, 10, 9, 9, 9, 60, 107, 101, 121, 62, 80, 97, 121, 108, 111, 97, 100, 79, 114, 103, 97, 110, 105, 122, 97, 116, 105, 111, 110, 60, 47, 107, 101, 121, 62, 10, 9, 9, 9, 60, 115, 116, 114, 105, 110, 103, 62, 80, 101, 107, 97, 108, 108, 32, 67, 97, 112, 116, 105, 99, 97, 108, 60, 47, 115, 116, 114, 105, 110, 103, 62, 10, 9, 9, 60, 47, 100, 105, 99, 116, 62, 10, 9, 60, 47, 97, 114, 114, 97, 121, 62, 10, 9, 60, 107, 101, 121, 62, 80, 97, 121, 108, 111, 97, 100, 82, 101, 109, 111, 118, 97, 108, 68, 105, 115, 97, 108, 108, 111, 119, 101, 100, 60, 47, 107, 101, 121, 62, 10, 9, 60, 116, 114, 117, 101, 47, 62, 10, 9, 60, 107, 101, 121, 62, 80, 97, 121, 108, 111, 97, 100, 
05-22 13:39:04.166 D/NetworkThread(21518): [null:-1]->clear mCurrentTransInfo
05-22 13:39:04.166 D/NetworkThread(21518): [null:-1]->queue is empty, thread wait...
05-22 13:39:04.267 D/MdmService(21518): [null:-1]->handleCheckInResult
05-22 13:39:04.267 D/MdmService(21518): [null:-1]->handleCheckInResult result keyIndex: 3
05-22 13:39:04.267 D/CommandManager(21518): [null:-1]->execute command: CommandMsg{CommandUUID='68e4a8af-bd51-4be1-bed3-5e9892cc39a1', Command=CommandInstallProfile{super=CommandObject{RequestType='InstallProfile'}Payload=[60, 63, 120, 109, 108, 32, 118, 101, 114, 115, 105, 111, 110, 61, 34, 49, 46, 48, 34, 32, 101, 110, 99, 111, 100, 105, 110, 103, 61, 34, 85, 84, 70, 45, 56, 34, 63, 62, 10, 60, 33, 68, 79, 67, 84, 89, 80, 69, 32, 112, 108, 105, 115, 116, 32, 80, 85, 66, 76, 73, 67, 32, 34, 45, 47, 47, 65, 112, 112, 108, 101, 47, 47, 68, 84, 68, 32, 80, 76, 73, 83, 84, 32, 49, 46, 48, 47, 47, 69, 78, 34, 32, 34, 104, 116, 116, 112, 58, 47, 47, 119, 119, 119, 46, 97, 112, 112, 108, 101, 46, 99, 111, 109, 47, 68, 84, 68, 115, 47, 80, 114, 111, 112, 101, 114, 116, 121, 76, 105, 115, 116, 45, 49, 46, 48, 46, 100, 116, 100, 34, 62, 10, 60, 112, 108, 105, 115, 116, 32, 118, 101, 114, 115, 105, 111, 110, 61, 34, 49, 46, 48, 34, 62, 10, 60, 100, 105, 99, 116, 62, 10, 9, 60, 107, 101, 121, 62, 80, 97, 121, 108, 111, 97, 100, 67, 111, 110, 116, 101, 110, 116, 60, 47, 107, 101, 121, 62, 10, 9, 60, 97, 114, 114, 97, 121, 62, 10, 9, 9, 60, 100, 105, 99, 116, 62, 10, 9, 9, 9, 60, 107, 101, 121, 62, 99, 97, 109, 101, 114, 97, 60, 47, 107, 101, 121, 62, 10, 9, 9, 9, 60, 115, 116, 114, 105, 110, 103, 62, 101, 110, 97, 98, 108, 101, 100, 60, 47, 115, 116, 114, 105, 110, 103, 62, 10, 9, 9, 9, 60, 107, 101, 121, 62, 80, 97, 121, 108, 111, 97, 100, 84, 121, 112, 101, 60, 47, 107, 101, 121, 62, 10, 9, 9, 9, 60, 115, 116, 114, 105, 110, 103, 62, 99, 111, 109, 46, 112, 101, 107, 97, 108, 108, 46, 114, 101, 115, 116, 114, 105, 99, 116, 105, 111, 110, 115, 46, 112, 111, 108, 105, 99, 121, 60, 47, 115, 116, 114, 105, 110, 103, 62, 10, 9, 9, 9, 60, 107, 101, 121, 62, 80, 97, 121, 108, 111, 97, 100, 86, 101, 114, 115, 105, 111, 110, 60, 47, 107, 101, 121, 62, 10, 9, 9, 9, 60, 105, 110, 116, 101, 103, 101, 114, 62, 49, 60, 47, 105, 110, 116, 101, 103, 101, 114, 62, 10, 9, 9, 9, 60, 107, 101, 121, 62, 80, 97, 121, 108, 111, 97, 100, 73, 100, 101, 110, 116, 105, 102, 105, 101, 114, 60, 47, 107, 101, 121, 62, 10, 9, 9, 9, 60, 115, 116, 114, 105, 110, 103, 62, 83, 110, 48, 50, 120, 50, 79, 70, 76, 103, 72, 54, 97, 53, 107, 52, 106, 89, 72, 114, 118, 67, 82, 118, 69, 87, 122, 83, 88, 81, 86, 48, 46, 114, 101, 115, 116, 114, 105, 99, 116, 105, 111, 110, 60, 47, 115, 116, 114, 105, 110, 103, 62, 10, 9, 9, 9, 60, 107, 101, 121, 62, 80, 97, 121, 108, 111, 97, 100, 85, 85, 73, 68, 60, 47, 107, 101, 121, 62, 10, 9, 9, 9, 60, 115, 116, 114, 105, 110, 103, 62, 100, 54, 50, 53, 100, 51, 52, 53, 45, 54, 97, 101, 53, 45, 52, 57, 51, 99, 45, 9