05-22 13:38:27.150 I/dalvikvm(21518): Could not find method android.app.enterprise.EnterpriseDeviceManager.getWifiPolicy, referenced from method com.pekall.emdm.b.b.a.a
05-22 13:38:27.150 W/dalvikvm(21518): VFY: unable to resolve virtual method 1374: Landroid/app/enterprise/EnterpriseDeviceManager;.getWifiPolicy ()Landroid/app/enterprise/WifiPolicy;
05-22 13:38:27.150 D/dalvikvm(21518): VFY: replacing opcode 0x6e at 0x000b
05-22 13:38:27.150 I/dalvikvm(21518): Could not find method android.app.enterprise.EnterpriseDeviceManager.getRestrictionPolicy, referenced from method com.pekall.emdm.b.b.a.a
05-22 13:38:27.150 W/dalvikvm(21518): VFY: unable to resolve virtual method 1371: Landroid/app/enterprise/EnterpriseDeviceManager;.getRestrictionPolicy ()Landroid/app/enterprise/RestrictionPolicy;
05-22 13:38:27.150 D/dalvikvm(21518): VFY: replacing opcode 0x6e at 0x000a
05-22 13:38:27.158 I/dalvikvm(21518): Could not find method android.app.enterprise.EnterpriseDeviceManager.getBluetoothPolicy, referenced from method com.pekall.emdm.b.b.a.a
05-22 13:38:27.158 W/dalvikvm(21518): VFY: unable to resolve virtual method 1365: Landroid/app/enterprise/EnterpriseDeviceManager;.getBluetoothPolicy ()Landroid/app/enterprise/BluetoothPolicy;
05-22 13:38:27.158 D/dalvikvm(21518): VFY: replacing opcode 0x6e at 0x000a
05-22 13:38:27.158 I/dalvikvm(21518): Could not find method android.app.enterprise.EnterpriseDeviceManager.getSecurityPolicy, referenced from method com.pekall.emdm.b.b.a.b
05-22 13:38:27.158 W/dalvikvm(21518): VFY: unable to resolve virtual method 1373: Landroid/app/enterprise/EnterpriseDeviceManager;.getSecurityPolicy ()Landroid/app/enterprise/SecurityPolicy;
05-22 13:38:27.158 D/dalvikvm(21518): VFY: replacing opcode 0x6e at 0x0015
05-22 13:38:27.158 I/dalvikvm(21518): Could not find method android.app.enterprise.EnterpriseDeviceManager.getWifiPolicy, referenced from method com.pekall.emdm.b.b.a.b
05-22 13:38:27.158 W/dalvikvm(21518): VFY: unable to resolve virtual method 1374: Landroid/app/enterprise/EnterpriseDeviceManager;.getWifiPolicy ()Landroid/app/enterprise/WifiPolicy;
05-22 13:38:27.158 D/dalvikvm(21518): VFY: replacing opcode 0x6e at 0x000b
05-22 13:38:27.158 I/dalvikvm(21518): Could not find method android.app.enterprise.EnterpriseDeviceManager.getDateTimePolicy, referenced from method com.pekall.emdm.b.b.a.b
05-22 13:38:27.158 W/dalvikvm(21518): VFY: unable to resolve virtual method 1366: Landroid/app/enterprise/EnterpriseDeviceManager;.getDateTimePolicy ()Landroid/app/enterprise/DateTimePolicy;
05-22 13:38:27.158 D/dalvikvm(21518): VFY: replacing opcode 0x6e at 0x000a
05-22 13:38:27.166 I/dalvikvm(21518): Could not find method android.app.enterprise.EnterpriseDeviceManager.getWifiPolicy, referenced from method com.pekall.emdm.b.b.a.c
05-22 13:38:27.166 W/dalvikvm(21518): VFY: unable to resolve virtual method 1374: Landroid/app/enterprise/EnterpriseDeviceManager;.getWifiPolicy ()Landroid/app/enterprise/WifiPolicy;
05-22 13:38:27.166 D/dalvikvm(21518): VFY: replacing opcode 0x6e at 0x000a
05-22 13:38:27.166 I/dalvikvm(21518): Could not find method android.app.enterprise.EnterpriseDeviceManager.getRestrictionPolicy, referenced from method com.pekall.emdm.b.b.a.c
05-22 13:38:27.166 W/dalvikvm(21518): VFY: unable to resolve virtual method 1371: Landroid/app/enterprise/EnterpriseDeviceManager;.getRestrictionPolicy ()Landroid/app/enterprise/RestrictionPolicy;
05-22 13:38:27.166 D/dalvikvm(21518): VFY: replacing opcode 0x6e at 0x000a
05-22 13:38:27.166 I/dalvikvm(21518): Could not find method android.app.enterprise.EnterpriseDeviceManager.getWifiPolicy, referenced from method com.pekall.emdm.b.b.a.d
05-22 13:38:27.166 W/dalvikvm(21518): VFY: unable to resolve virtual method 1374: Landroid/app/enterprise/EnterpriseDeviceManager;.getWifiPolicy ()Landroid/app/enterprise/WifiPolicy;
05-22 13:38:27.166 D/dalvikvm(21518): VFY: replacing opcode 0x6e at 0x000a
05-22 13:38:27.174 I/dalvikvm(21518): Could not find method android.app.enterprise.EnterpriseDeviceManager.getRestrictionPolicy, referenced from method com.pekall.emdm.b.b.a.d
05-22 13:38:27.174 W/dalvikvm(21518): VFY: unable to resolve virtual method 1371: Landroid/app/enterprise/EnterpriseDeviceManager;.getRestrictionPolicy ()Landroid/app/enterprise/RestrictionPolicy;
05-22 13:38:27.174 D/dalvikvm(21518): VFY: replacing opcode 0x6e at 0x000a
05-22 13:38:27.174 I/dalvikvm(21518): Could not find method android.app.enterprise.EnterpriseDeviceManager.getLocationPolicy, referenced from method com.pekall.emdm.b.b.a.e
05-22 13:38:27.174 W/dalvikvm(21518): VFY: unable to resolve virtual method 1368: Landroid/app/enterprise/EnterpriseDeviceManager;.getLocationPolicy ()Landroid/app/enterprise/LocationPolicy;
05-22 13:38:27.174 D/dalvikvm(21518): VFY: replacing opcode 0x6e at 0x000a
05-22 13:38:27.174 I/dalvikvm(21518): Could not find method android.app.enterprise.EnterpriseDeviceManager.getRestrictionPolicy, referenced from method com.pekall.emdm.b.b.a.f
05-22 13:38:27.174 W/dalvikvm(21518): VFY: unable to resolve virtual method 1371: Landroid/app/enterprise/EnterpriseDeviceManager;.getRestrictionPolicy ()Landroid/app/enterprise/RestrictionPolicy;
05-22 13:38:27.174 D/dalvikvm(21518): VFY: replacing opcode 0x6e at 0x000a
05-22 13:38:27.174 I/dalvikvm(21518): Could not find method android.app.enterprise.EnterpriseDeviceManager.getWifiPolicy, referenced from method com.pekall.emdm.b.b.a.g
05-22 13:38:27.174 W/dalvikvm(21518): VFY: unable to resolve virtual method 1374: Landroid/app/enterprise/EnterpriseDeviceManager;.getWifiPolicy ()Landroid/app/enterprise/WifiPolicy;
05-22 13:38:27.174 D/dalvikvm(21518): VFY: replacing opcode 0x6e at 0x000a
05-22 13:38:27.181 I/dalvikvm(21518): Could not find method android.app.enterprise.EnterpriseDeviceManager.getRestrictionPolicy, referenced from method com.pekall.emdm.b.b.a.h
05-22 13:38:27.181 D/dalvikvm(  374): GC_FOR_ALLOC freed 756K, 19% free 24632K/30132K, paused 73ms, total 73ms
05-22 13:38:27.181 W/dalvikvm(21518): VFY: unable to resolve virtual method 1371: Landroid/app/enterprise/EnterpriseDeviceManager;.getRestrictionPolicy ()Landroid/app/enterprise/RestrictionPolicy;
05-22 13:38:27.181 D/dalvikvm(21518): VFY: replacing opcode 0x6e at 0x000a
05-22 13:38:27.181 I/dalvikvm(21518): Could not find method android.app.enterprise.EnterpriseDeviceManager.getRestrictionPolicy, referenced from method com.pekall.emdm.b.b.a.i
05-22 13:38:27.181 W/dalvikvm(21518): VFY: unable to resolve virtual method 1371: Landroid/app/enterprise/EnterpriseDeviceManager;.getRestrictionPolicy ()Landroid/app/enterprise/RestrictionPolicy;
05-22 13:38:27.181 D/dalvikvm(21518): VFY: replacing opcode 0x6e at 0x000a
05-22 13:38:27.189 I/dalvikvm(21518): Could not find method android.app.enterprise.EnterpriseDeviceManager.getPhoneRestrictionPolicy, referenced from method com.pekall.emdm.b.b.a.j
05-22 13:38:27.189 W/dalvikvm(21518): VFY: unable to resolve virtual method 1370: Landroid/app/enterprise/EnterpriseDeviceManager;.getPhoneRestrictionPolicy ()Landroid/app/enterprise/PhoneRestrictionPolicy;
05-22 13:38:27.189 D/dalvikvm(21518): VFY: replacing opcode 0x6e at 0x000a
05-22 13:38:27.189 I/dalvikvm(21518): Could not find method android.app.enterprise.EnterpriseDeviceManager.getWifiPolicy, referenced from method com.pekall.emdm.b.b.a.k
05-22 13:38:27.189 W/dalvikvm(21518): VFY: unable to resolve virtual method 1374: Landroid/app/enterprise/EnterpriseDeviceManager;.getWifiPolicy ()Landroid/app/enterprise/WifiPolicy;
05-22 13:38:27.189 D/dalvikvm(21518): VFY: replacing opcode 0x6e at 0x000a
05-22 13:38:27.189 I/dalvikvm(21518): Could not find method android.app.enterprise.EnterpriseDeviceManager.getRestrictionPolicy, referenced from method com.pekall.emdm.b.b.a.l
05-22 13:38:27.189 W/dalvikvm(21518): VFY: unable to resolve virtual method 1371: Landroid/app/enterprise/EnterpriseDeviceManager;.getRestrictionPolicy ()Landroid/app/enterprise/RestrictionPolicy;
05-22 13:38:27.189 D/dalvikvm(21518): VFY: replacing opcode 0x6e at 0x000a
05-22 13:38:27.189 I/dalvikvm(21518): Could not find method android.app.enterprise.EnterpriseDeviceManager.getBluetoothPolicy, referenced from method com.pekall.emdm.b.b.a.m
05-22 13:38:27.189 W/dalvikvm(21518): VFY: unable to resolve virtual method 1365: Landroid/app/enterprise/EnterpriseDeviceManager;.getBluetoothPolicy ()Landroid/app/enterprise/BluetoothPolicy;
05-22 13:38:27.189 D/dalvikvm(21518): VFY: replacing opcode 0x6e at 0x000a
05-22 13:38:27.197 I/dalvikvm(21518): Could not find method android.app.enterprise.EnterpriseDeviceManager.getBluetoothPolicy, referenced from method com.pekall.emdm.b.b.a.n
05-22 13:38:27.197 W/dalvikvm(21518): VFY: unable to resolve virtual method 1365: Landroid/app/enterprise/EnterpriseDeviceManager;.getBluetoothPolicy ()Landroid/app/enterprise/BluetoothPolicy;
05-22 13:38:27.197 D/dalvikvm(21518): VFY: replacing opcode 0x6e at 0x000a
05-22 13:38:27.197 I/dalvikvm(21518): Could not find method android.app.enterprise.EnterpriseDeviceManager.getBluetoothPolicy, referenced from method com.pekall.emdm.b.b.a.o
05-22 13:38:27.197 W/dalvikvm(21518): VFY: unable to resolve virtual method 1365: Landroid/app/enterprise/EnterpriseDeviceManager;.getBluetoothPolicy ()Landroid/app/enterprise/BluetoothPolicy;
05-22 13:38:27.197 D/dalvikvm(21518): VFY: replacing opcode 0x6e at 0x000a
05-22 13:38:27.197 I/dalvikvm(21518): Could not find method android.app.enterprise.EnterpriseDeviceManager.getBluetoothPolicy, referenced from method com.pekall.emdm.b.b.a.p
05-22 13:38:27.197 W/dalvikvm(21518): VFY: unable to resolve virtual method 1365: Landroid/app/enterprise/EnterpriseDeviceManager;.getBluetoothPolicy ()Landroid/app/enterprise/BluetoothPolicy;
05-22 13:38:27.205 D/dalvikvm(21518): VFY: replacing opcode 0x6e at 0x000a
05-22 13:38:27.205 I/dalvikvm(21518): Could not find method android.app.enterprise.EnterpriseDeviceManager.getRestrictionPolicy, referenced from method com.pekall.emdm.b.b.a.q
05-22 13:38:27.205 W/dalvikvm(21518): VFY: unable to resolve virtual method 1371: Landroid/app/enterprise/EnterpriseDeviceManager;.getRestrictionPolicy ()Landroid/app/enterprise/RestrictionPolicy;
05-22 13:38:27.205 D/dalvikvm(21518): VFY: replacing opcode 0x6e at 0x000a
05-22 13:38:27.205 I/dalvikvm(21518): Could not find method android.app.enterprise.EnterpriseDeviceManager.getBluetoothPolicy, referenced from method com.pekall.emdm.b.b.a.r
05-22 13:38:27.205 W/dalvikvm(21518): VFY: unable to resolve virtual method 1365: Landroid/app/enterprise/EnterpriseDeviceManager;.getBluetoothPolicy ()Landroid/app/enterprise/BluetoothPolicy;
05-22 13:38:27.205 D/dalvikvm(21518): VFY: replacing opcode 0x6e at 0x000a
05-22 13:38:27.205 I/dalvikvm(21518): Could not find method android.app.enterprise.EnterpriseDeviceManager.getRestrictionPolicy, referenced from method com.pekall.emdm.b.b.a.s
05-22 13:38:27.205 W/dalvikvm(21518): VFY: unable to resolve virtual method 1371: Landroid/app/enterprise/EnterpriseDeviceManager;.getRestrictionPolicy ()Landroid/app/enterprise/RestrictionPolicy;
05-22 13:38:27.205 D/dalvikvm(21518): VFY: replacing opcode 0x6e at 0x000a
05-22 13:38:27.205 I/dalvikvm(21518): Could not find method android.app.enterprise.EnterpriseDeviceManager.getRestrictionPolicy, referenced from method com.pekall.emdm.b.b.a.t
05-22 13:38:27.205 W/dalvikvm(21518): VFY: unable to resolve virtual method 1371: Landroid/app/enterprise/EnterpriseDeviceManager;.getRestrictionPolicy ()Landroid/app/enterprise/RestrictionPolicy;
05-22 13:38:27.205 D/dalvikvm(21518): VFY: replacing opcode 0x6e at 0x000a
05-22 13:38:27.205 I/dalvikvm(21518): Could not find method android.app.enterprise.EnterpriseDeviceManager.getRestrictionPolicy, referenced from method com.pekall.emdm.b.b.a.u
05-22 13:38:27.205 W/dalvikvm(21518): VFY: unable to resolve virtual method 1371: Landroid/app/enterprise/EnterpriseDeviceManager;.getRestrictionPolicy ()Landroid/app/enterprise/RestrictionPolicy;
05-22 13:38:27.205 D/dalvikvm(21518): VFY: replacing opcode 0x6e at 0x000a
05-22 13:38:27.205 I/dalvikvm(21518): Could not find method android.app.enterprise.EnterpriseDeviceManager.getRestrictionPolicy, referenced from method com.pekall.emdm.b.b.a.v
05-22 13:38:27.205 W/dalvikvm(21518): VFY: unable to resolve virtual method 1371: Landroid/app/enterprise/EnterpriseDeviceManager;.getRestrictionPolicy ()Landroid/app/enterprise/RestrictionPolicy;
05-22 13:38:27.205 D/dalvikvm(21518): VFY: replacing opcode 0x6e at 0x000a
05-22 13:38:27.205 I/dalvikvm(21518): Could not find method android.app.enterprise.EnterpriseDeviceManager.getRestrictionPolicy, referenced from method com.pekall.emdm.b.b.a.w
05-22 13:38:27.205 W/dalvikvm(21518): VFY: unable to resolve virtual method 1371: Landroid/app/enterprise/EnterpriseDeviceManager;.getRestrictionPolicy ()Landroid/app/enterprise/RestrictionPolicy;
05-22 13:38:27.205 D/dalvikvm(21518): VFY: replacing opcode 0x6e at 0x000a
05-22 13:38:27.205 I/dalvikvm(21518): Could not find method android.app.enterprise.EnterpriseDeviceManager.getRestrictionPolicy, referenced from method com.pekall.emdm.b.b.a.x
05-22 13:38:27.205 W/dalvikvm(21518): VFY: unable to resolve virtual method 1371: Landroid/app/enterprise/EnterpriseDeviceManager;.getRestrictionPolicy ()Landroid/app/enterprise/RestrictionPolicy;
05-22 13:38:27.205 D/dalvikvm(21518): VFY: replacing opcode 0x6e at 0x000a
05-22 13:38:27.205 I/dalvikvm(21518): Could not find method android.app.enterprise.EnterpriseDeviceManager.getPasswordPolicy, referenced from method com.pekall.emdm.b.b.a.y
05-22 13:38:27.205 W/dalvikvm(21518): VFY: unable to resolve virtual method 1369: Landroid/app/enterprise/EnterpriseDeviceManager;.getPasswordPolicy ()Landroid/app/enterprise/PasswordPolicy;
05-22 13:38:27.213 D/dalvikvm(21518): VFY: replacing opcode 0x6e at 0x000a
05-22 13:38:27.213 I/dalvikvm(21518): Could not find method android.app.enterprise.EnterpriseDeviceManager.getRestrictionPolicy, referenced from method com.pekall.emdm.b.b.a.z
05-22 13:38:27.213 W/dalvikvm(21518): VFY: unable to resolve virtual method 1371: Landroid/app/enterprise/EnterpriseDeviceManager;.getRestrictionPolicy ()Landroid/app/enterprise/RestrictionPolicy;
05-22 13:38:27.213 D/dalvikvm(21518): VFY: replacing opcode 0x6e at 0x000a
05-22 13:38:27.213 W/Parcel  ( 1661): Attempt to read object from Parcel 0x5ec3bdac at offset 200 that is not in the object list
05-22 13:38:27.213 I/ActivityManager(  374): START u0 {cmp=com.pekall.emdm.launcher/com.pekall.emdm.ui.RegDeviceActivity} from pid 21518
05-22 13:38:27.260 V/LauncherApplication(21518): onActivityStarted
05-22 13:38:27.369 D/        (21518): [---null: -1---]     awsa  onActivityResumed
05-22 13:38:27.369 V/LauncherApplication(21518): 2MdmConstant.LAST_LAUNCH_TIME = 1400737097754
05-22 13:38:27.385 D/        (21518): [---null: -1---]  activity = com.pekall.emdm.ui.RegDeviceActivity
05-22 13:38:27.556 I/ActivityManager(  374): Displayed com.pekall.emdm.launcher/com.pekall.emdm.ui.RegDeviceActivity: +334ms
05-22 13:38:31.111 I/QueryController(21444): Matched selector: UiSelector[TEXT=Server, ENABLED=true] <<==>> [android.view.accessibility.AccessibilityNodeInfo@e6bb; boundsInParent: Rect(0, 0 - 621, 76); boundsInScreen: Rect(49, 280 - 670, 356); packageName: com.pekall.emdm.launcher; className: android.widget.EditText; text: Server; contentDescription: null; viewIdResName: com.pekall.emdm.launcher:id/mdm_edit; checkable: false; checked: false; focusable: true; focused: true; selected: false; clickable: true; longClickable: true; enabled: true; password: false; scrollable: false; [ACTION_CLEAR_FOCUS, ACTION_SELECT, ACTION_CLEAR_SELECTION, ACTION_CLICK, ACTION_LONG_CLICK, ACTION_ACCESSIBILITY_FOCUS]]
05-22 13:38:31.127 I/QueryController(21444): Matched selector: UiSelector[TEXT=Server] <<==>> [android.view.accessibility.AccessibilityNodeInfo@e6bb; boundsInParent: Rect(0, 0 - 621, 76); boundsInScreen: Rect(49, 280 - 670, 356); packageName: com.pekall.emdm.launcher; className: android.widget.EditText; text: Server; contentDescription: null; viewIdResName: com.pekall.emdm.launcher:id/mdm_edit; checkable: false; checked: false; focusable: true; focused: true; selected: false; clickable: true; longClickable: true; enabled: true; password: false; scrollable: false; [ACTION_CLEAR_FOCUS, ACTION_SELECT, ACTION_CLEAR_SELECTION, ACTION_CLICK, ACTION_LONG_CLICK, ACTION_ACCESSIBILITY_FOCUS]]
05-22 13:38:33.408 I/QueryController(21444): Matched selector: UiSelector[TEXT=Server] <<==>> [android.view.accessibility.AccessibilityNodeInfo@e6bb; boundsInParent: Rect(0, 0 - 621, 76); boundsInScreen: Rect(49, 280 - 670, 356); packageName: com.pekall.emdm.launcher; className: android.widget.EditText; text: Server; contentDescription: null; viewIdResName: com.pekall.emdm.launcher:id/mdm_edit; checkable: false; checked: false; focusable: true; focused: true; selected: false; clickable: true; longClickable: true; enabled: true; password: false; scrollable: false; [ACTION_CLEAR_FOCUS, ACTION_SELECT, ACTION_CLEAR_SELECTION, ACTION_CLICK, ACTION_LONG_CLICK, ACTION_ACCESSIBILITY_FOCUS]]
05-22 13:38:35.939 D/dalvikvm(  531): GC_CONCURRENT freed 767K, 18% free 11638K/14100K, paused 2ms+11ms, total 68ms
05-22 13:38:36.822 I/QueryController(21444): Matched selector: UiSelector[TEXT=Please input email address, ENABLED=true] <<==>> [android.view.accessibility.AccessibilityNodeInfo@1268c; boundsInParent: Rect(0, 0 - 621, 76); boundsInScreen: Rect(49, 420 - 670, 496); packageName: com.pekall.emdm.launcher; className: android.widget.EditText; text: Please input email address; contentDescription: null; viewIdResName: com.pekall.emdm.launcher:id/mdm_edit; checkable: false; checked: false; focusable: true; focused: false; selected: false; clickable: true; longClickable: true; enabled: true; password: false; scrollable: false; [ACTION_FOCUS, ACTION_SELECT, ACTION_CLEAR_SELECTION, ACTION_CLICK, ACTION_LONG_CLICK, ACTION_ACCESSIBILITY_FOCUS]]
05-22 13:38:36.822 D/dalvikvm(21444): GC_CONCURRENT freed 380K, 92% free 662K/8152K, paused 1ms+1ms, total 7ms
05-22 13:38:36.838 I/QueryController(21444): Matched selector: UiSelector[TEXT=Please input email address] <<==>> [android.view.accessibility.AccessibilityNodeInfo@1268c; boundsInParent: Rect(0, 0 - 621, 76); boundsInScreen: Rect(49, 420 - 670, 496); packageName: com.pekall.emdm.launcher; className: android.widget.EditText; text: Please input email address; contentDescription: null; viewIdResName: com.pekall.emdm.launcher:id/mdm_edit; checkable: false; checked: false; focusable: true; focused: false; selected: false; clickable: true; longClickable: true; enabled: true; password: false; scrollable: false; [ACTION_FOCUS, ACTION_SELECT, ACTION_CLEAR_SELECTION, ACTION_CLICK, ACTION_LONG_CLICK, ACTION_ACCESSIBILITY_FOCUS]]
05-22 13:38:39.236 I/QueryController(21444): Matched selector: UiSelector[TEXT=Please input email address] <<==>> [android.view.accessibility.AccessibilityNodeInfo@1268c; boundsInParent: Rect(0, 0 - 621, 76); boundsInScreen: Rect(49, 420 - 670, 496); packageName: com.pekall.emdm.launcher; className: android.widget.EditText; text: Please input email address; contentDescription: null; viewIdResName: com.pekall.emdm.launcher:id/mdm_edit; checkable: false; checked: false; focusable: true; focused: true; selected: false; clickable: true; longClickable: true; enabled: true; password: false; scrollable: false; [ACTION_CLEAR_FOCUS, ACTION_SELECT, ACTION_CLEAR_SELECTION, ACTION_CLICK, ACTION_LONG_CLICK, ACTION_ACCESSIBILITY_FOCUS]]
05-22 13:38:42.541 I/QueryController(21444): Matched selector: UiSelector[CLASS=android.widget.EditText, INSTANCE=2, ENABLED=true, COUNT=2] <<==>> [android.view.accessibility.AccessibilityNodeInfo@12a4d; boundsInParent: Rect(0, 0 - 621, 76); boundsInScreen: Rect(49, 560 - 670, 636); packageName: com.pekall.emdm.launcher; className: android.widget.EditText; text: null; contentDescription: null; viewIdResName: com.pekall.emdm.launcher:id/mdm_edit; checkable: false; checked: false; focusable: true; focused: false; selected: false; clickable: true; longClickable: true; enabled: true; password: true; scrollable: false; [ACTION_FOCUS, ACTION_SELECT, ACTION_CLEAR_SELECTION, ACTION_CLICK, ACTION_LONG_CLICK, ACTION_ACCESSIBILITY_FOCUS]]
05-22 13:38:42.556 I/QueryController(21444): Matched selector: UiSelector[CLASS=android.widget.EditText, INSTANCE=2, COUNT=2] <<==>> [android.view.accessibility.AccessibilityNodeInfo@12a4d; boundsInParent: Rect(0, 0 - 621, 76); boundsInScreen: Rect(49, 560 - 670, 636); packageName: com.pekall.emdm.launcher; className: android.widget.EditText; text: null; contentDescription: null; viewIdResName: com.pekall.emdm.launcher:id/mdm_edit; checkable: false; checked: false; focusable: true; focused: false; selected: false; clickable: true; longClickable: true; enabled: true; password: true; scrollable: false; [ACTION_FOCUS, ACTION_SELECT, ACTION_CLEAR_SELECTION, ACTION_CLICK, ACTION_LONG_CLICK, ACTION_ACCESSIBILITY_FOCUS]]
05-22 13:38:44.931 D/dalvikvm(21444): GC_CONCURRENT freed 393K, 92% free 654K/8152K, paused 1ms+1ms, total 6ms
05-22 13:38:44.939 I/QueryController(21444): Matched selector: UiSelector[CLASS=android.widget.EditText, INSTANCE=2, COUNT=2] <<==>> [android.view.accessibility.AccessibilityNodeInfo@12a4d; boundsInParent: Rect(0, 0 - 621, 76); boundsInScreen: Rect(49, 560 - 670, 636); packageName: com.pekall.emdm.launcher; className: android.widget.EditText; text: null; contentDescription: null; viewIdResName: com.pekall.emdm.launcher:id/mdm_edit; checkable: false; checked: false; focusable: true; focused: true; selected: false; clickable: true; longClickable: true; enabled: true; password: true; scrollable: false; [ACTION_CLEAR_FOCUS, ACTION_SELECT, ACTION_CLEAR_SELECTION, ACTION_CLICK, ACTION_LONG_CLICK, ACTION_ACCESSIBILITY_FOCUS]]
05-22 13:38:48.463 I/QueryController(21444): Matched selector: UiSelector[TEXT=Login, CLASS=android.widget.Button] <<==>> [android.view.accessibility.AccessibilityNodeInfo@11788; boundsInParent: Rect(0, 0 - 660, 96); boundsInScreen: Rect(30, 824 - 690, 920); packageName: com.pekall.emdm.launcher; className: android.widget.Button; text: Login; contentDescription: null; viewIdResName: com.pekall.emdm.launcher:id/ok_button; checkable: false; checked: false; focusable: true; focused: false; selected: false; clickable: true; longClickable: false; enabled: true; password: false; scrollable: false; [ACTION_FOCUS, ACTION_SELECT, ACTION_CLEAR_SELECTION, ACTION_CLICK, ACTION_ACCESSIBILITY_FOCUS, ACTION_NEXT_AT_MOVEMENT_GRANULARITY, ACTION_PREVIOUS_AT_MOVEMENT_GRANULARITY, ACTION_SET_SELECTION]]
05-22 13:38:48.463 D/InteractionController(21444): clickAndWaitForNewWindow(360, 872)
05-22 13:38:48.650 I/TransInfo(21518): TransInfo created, id: 9, class: class com.pekall.emdm.transaction.c.e
05-22 13:38:48.650 D/NetworkThread(21518): [null:-1]->----isRunning-----false
05-22 13:38:48.658 D/NetworkThread(21518): [null:-1]->----net work thread begin-----5344
05-22 13:38:48.658 D/NetworkThread(21518): [null:-1]->sendHttpGet: http://192.168.10.21/rest/mdm/v1/system/get_system_info?username=pekall
05-22 13:38:48.658 D/HttpClient(21518): enable apache.http debug
05-22 13:38:48.697 V/DEBUG   (21518): HTTP 0
05-22 13:38:48.822 D/MDM :   (21518): [null:-1]->statusCode : 200
05-22 13:38:48.822 D/MDM :   (21518): [null:-1]->statusCode : 200
05-22 13:38:48.822 V/DEBUG   (21518): HTTP 1
05-22 13:38:48.830 D/MDM :   (21518): [null:-1]->read network input stream
05-22 13:38:48.830 D/MDM :   (21518): [null:-1]->Get joson string: {"result":0,"systemInfo":{"comId":1,"serverVersion":"1.2","serverVersionCode":3}}
05-22 13:38:48.853 D/NetworkThread(21518): [null:-1]->clear mCurrentTransInfo
05-22 13:38:48.853 D/NetworkThread(21518): [null:-1]->queue is empty, thread wait...
05-22 13:38:48.971 D/MDM :   (21518): [null:-1]->handleMessage
05-22 13:38:49.025 I/TransInfo(21518): TransInfo created, id: 1, class: class com.pekall.emdm.transaction.c.f
05-22 13:38:49.025 D/NetworkThread(21518): [null:-1]->----isRunning-----true
05-22 13:38:49.033 D/NetworkThread(21518): [null:-1]->----isRunning-----true
05-22 13:38:49.033 D/NetworkThread(21518): [null:-1]->thread wakeup
05-22 13:38:49.033 D/NetworkThread(21518): [null:-1]->sendHttpPost:PostRequest, url: http://192.168.10.21/rest/mdm/v1/user/login_mdm, Params: [username:zhenhua.sang@pekall.com][password:123456][com_id:1], 
05-22 13:38:49.033 D/HttpClient(21518): enable apache.http debug
05-22 13:38:49.033 V/DEBUG   (21518): HTTP 0
05-22 13:38:49.174 D/MDM :   (21518): [null:-1]->statusCode : 200
05-22 13:38:49.174 D/MDM :   (21518): [null:-1]->statusCode : 200
05-22 13:38:49.174 V/DEBUG   (21518): HTTP 1
05-22 13:38:49.174 D/MDM :   (21518): [null:-1]->read network input stream
05-22 13:38:49.181 D/MDM :   (21518): [null:-1]->Get joson string: {"result":0,"userInfo":{"id":1134,"type":51302,"password":null,"status":51001,"roles":8,"comId":1,"isAdmin":0,"fullName":"","phone":"010-2222222","cellPhone":"12345678910","email":"zhenhua.sang@pekall.com","firstName":null,"lastName":null,"business":null,"im":null,"username":"zhenhua.sang@pekall.com","labelPath":null,"userKey":"uPVi3f5AIdavCrAT","token":"25647830417e8b6ca929166d65b144c71134","deleted":0,"updateTime":1398231202000,"createTime":1397549312000,"directLabelId":0,"isInLabel":1,"setPwd":0,"labels":null,"encrpPwd":null,"deviceNo":0,"new":false}}
05-22 13:38:49.236 I/System.out(21518): [cjx]initUserSecret,keyLength:16,DEK:[1400737129245,1400996329245]
05-22 13:38:49.236 I/System.out(21518): [cjx]to generate user KEK now,keyLength:32,algorithm:Rijndael256
05-22 13:38:49.361 I/System.out(21518): [cjx]blockSize:32
05-22 13:38:49.361 I/System.out(21518): [cjx]iv:[112, 101, 107, 97, 108, 108, 50, 48, 49, 52, 97, 101, 115, 99, 106, 120, 112, 101, 107, 97, 108, 108, 50, 48, 49, 52, 97, 101, 115, 99, 106, 120]
05-22 13:38:49.361 I/System.out(21518): [cjx]secret:[-94, 35, 21, 34, 6, -61, -108, -46, 6, 56, -82, 111, 24, -59, 0, -21, 43, -46, -16, 27, -76, 52, 9, 117, -69, 64, 55, -122, -120, -69, -38, 9]
05-22 13:38:49.361 I/System.out(21518): [cjx]successfully store userID:[B@43bb34d8
05-22 13:38:49.361 I/System.out(21518): [cjx]blockSize:32
05-22 13:38:49.361 I/System.out(21518): [cjx]iv:[112, 101, 107, 97, 108, 108, 50, 48, 49, 52, 97, 101, 115, 99, 106, 120, 112, 101, 107, 97, 108, 108, 50, 48, 49, 52, 97, 101, 115, 99, 106, 120]
05-22 13:38:49.369 I/System.out(21518): [cjx]secret:[-94, 35, 21, 34, 6, -61, -108, -46, 6, 56, -82, 111, 24, -59, 0, -21, 43, -46, -16, 27, -76, 52, 9, 117, -69, 64, 55, -122, -120, -69, -38, 9]
05-22 13:38:49.369 I/System.out(21518): [cjx]successfully store DEK.
05-22 13:38:49.369 D/NetworkThread(21518): [null:-1]->clear mCurrentTransInfo
05-22 13:38:49.369 D/NetworkThread(21518): [null:-1]->queue is empty, thread wait...
05-22 13:38:49.471 D/MDM :   (21518): [null:-1]->handleMessage
05-22 13:38:49.510 I/TransInfo(21518): TransInfo created, id: 8, class: class com.pekall.emdm.transaction.c.a
05-22 13:38:49.517 D/NetworkThread(21518): [null:-1]->----isRunning-----true
05-22 13:38:49.517 D/NetworkThread(21518): [null:-1]->----isRunning-----true
05-22 13:38:49.517 D/NetworkThread(21518): [null:-1]->thread wakeup
05-22 13:38:49.564 D/NetworkThread(21518): [null:-1]->sendHttpPost:PostRequest, url: http://192.168.10.21/rest/mdm/v1/device/check_device, Params: [mac:20:64:32:7a:19:48][imei:351554059027897][ios_uuid:00013fbc8ecec5b90000014622706459][os:51201], 
05-22 13:38:49.564 D/HttpClient(21518): enable apache.http debug
05-22 13:38:49.572 V/DEBUG   (21518): HTTP 0
05-22 13:38:49.838 D/dalvikvm(21518): JIT unchain all for threadid=11
05-22 13:38:50.158 D/dalvikvm(21518): JIT unchain all for threadid=11
05-22 13:38:50.189 D/dalvikvm(21518): GC_CONCURRENT freed 7196K, 21% free 27945K/35180K, paused 260ms+261ms, total 598ms
05-22 13:38:50.189 D/dalvikvm(21518): WAIT_FOR_CONCURRENT_GC blocked 301ms
05-22 13:38:50.330 D/MDM :   (21518): [null:-1]->statusCode : 200
05-22 13:38:50.330 D/MDM :   (21518): [null:-1]->statusCode : 200
05-22 13:38:50.330 V/DEBUG   (21518): HTTP 1
05-22 13:38:50.330 D/MDM :   (21518): [null:-1]->read network input stream
05-22 13:38:50.338 D/MDM :   (21518): [null:-1]->Get joson string: {"result":0,"deviceInfo":{"language":null,"id":449,"type":50701,"productName":"yakju","status":50001,"mac":"20:64:32:7a:19:48","comId":1,"userId":1134,"os":51201,"updateTime":1400729639000,"deviceDetail":null,"createTime":1397813424000,"deviceUuid":"00013fbc8ecec5b90000014621fa2165","sn":"","model":"Galaxy Nexus","iosUdid":"00013fbc8ecec5b90000014621fa2165","lastCheckin":1400737043000,"securityInfo":"{\"HardwareEncryptionCaps\":0,\"PasscodePresent\":false,\"PasscodeCompliant\":false,\"PasscodeCompliantWithProfiles\":true}","imei":"351554059027897","labelNames":null,"mdmUserInfo":null,"connect":1,"dvId":10435,"isRoot":null,"isPrison":null,"groupCount":0,"new":false}}
05-22 13:38:50.361 D/NetworkThread(21518): [null:-1]->clear mCurrentTransInfo
05-22 13:38:50.361 D/NetworkThread(21518): [null:-1]->queue is empty, thread wait...
05-22 13:38:50.471 D/MDM :   (21518): [null:-1]->handleMessage
05-22 13:38:50.471 I/TransInfo(21518): TransInfo created, id: 2, class: class com.pekall.emdm.transaction.c.g
05-22 13:38:50.478 D/NetworkThread(21518): [null:-1]->----isRunning-----true
05-22 13:38:50.478 D/NetworkThread(21518): [null:-1]->----isRunning-----true
05-22 13:38:50.478 D/NetworkThread(21518): [null:-1]->thread wakeup
05-22 13:38:50.478 D/NetworkThread(21518): [null:-1]->sendHttpPost:PostRequest, url: http://192.168.10.21/rest/mdm/v1/device/register_device, Params: [device_uuid:00013fbc8ecec5b90000014622706459][os:51201][device_type:50701][dv_id:10435][sn:][mac:20:64:32:7a:19:48][imei:351554059027897], 
05-22 13:38:50.478 D/HttpClient(21518): enable apache.http debug
05-22 13:38:50.486 V/DEBUG   (21518): HTTP 0
05-22 13:38:50.596 D/dalvikvm(21444): GC_CONCURRENT freed 404K, 93% free 648K/8152K, paused 0ms+1ms, total 8ms
05-22 13:38:51.267 D/dalvikvm(21444): GC_CONCURRENT freed 395K, 93% free 642K/8152K, paused 1ms+1ms, total 7ms
05-22 13:38:51.455 D/dalvikvm(21444): GC_CONCURRENT freed 384K, 93% free 647K/8152K, paused 1ms+0ms, total 7ms
05-22 13:38:51.603 D/MDM :   (21518): [null:-1]->statusCode : 200
05-22 13:38:51.603 D/MDM :   (21518): [null:-1]->statusCode : 200
05-22 13:38:51.603 V/DEBUG   (21518): HTTP 1
05-22 13:38:51.603 D/MDM :   (21518): [null:-1]->read network input stream
05-22 13:38:51.611 D/MDM :   (21518): [null:-1]->Get joson string: {"result":0,"loginInfo":{"mdmPushServerInfoVo":{"id":0,"port":9090,"count":123,"ip":"test.mdm.everknow.cn","pushToken":"123456"},"profileUrl":null}}
05-22 13:38:51.619 D/dalvikvm(21444): GC_CONCURRENT freed 392K, 93% free 646K/8152K, paused 1ms+0ms, total 8ms
05-22 13:38:51.681 W/Parcel  ( 1661): Attempt to read object from Parcel 0x6013bdac at offset 200 that is not in the object list
05-22 13:38:51.681 D/NetworkThread(21518): [null:-1]->clear mCurrentTransInfo
05-22 13:38:51.681 D/NetworkThread(21518): [null:-1]->queue is empty, thread wait...
05-22 13:38:51.689 D/MdmService(21518): [null:-1]->receiver action :com.pekall.mdm.action.MDM_REGISTERED
05-22 13:38:51.689 D/MdmService(21518): [null:-1]->correctAlarm
05-22 13:38:51.697 I/TransInfo(21518): TransInfo created, id: 5, class: class com.pekall.emdm.transaction.c.j
05-22 13:38:51.705 D/NetworkThread(21518): [null:-1]->----isRunning-----true
05-22 13:38:51.705 D/NetworkThread(21518): [null:-1]->----isRunning-----true
05-22 13:38:51.705 D/NetworkThread(21518): [null:-1]->thread wakeup
05-22 13:38:51.705 D/NetworkThread(21518): [null:-1]->sendHttpGet: http://192.168.10.21/rest/mdm/v1/device/trigger_cmd?device_uuid=00013fbc8ecec5b90000014622706459&cmd_types=10103
05-22 13:38:51.705 D/HttpClient(21518): enable apache.http debug
05-22 13:38:51.705 D/MdmService(21518): [null:-1]->keepAliveWithPushServer  client is null 
05-22 13:38:51.705 D/MdmService(21518): [null:-1]->pushUrl : ws://test.mdm.everknow.cn:9090/websocket
05-22 13:38:51.705 D/MDM :   (21518): [null:-1]->mMdmPushClient is :null
05-22 13:38:51.705 D/MDM :   (21518): [null:-1]->mMdmPushClient opened :not opened
05-22 13:38:51.713 V/DEBUG   (21518): HTTP 0
05-22 13:38:51.713 D/MDM :   (21518): [null:-1]->mMdmPushClient connect
05-22 13:38:51.721 D/MdmStatusManager(21518): [null:-1]->change status to : Busy
05-22 13:38:51.721 W/SQLiteOpenHelper(21518): Opened /data/data/com.pekall.emdm.launcher/databases/pekall_mdm.db
05-22 13:38:51.767 I/TransInfo(21518): TransInfo created, id: 3, class: class com.pekall.emdm.transaction.c.b
05-22 13:38:51.767 D/NetworkThread(21518): [null:-1]->----isRunning-----true
05-22 13:38:51.767 I/TransInfo(21518): TransInfo created, id: 9, class: class com.pekall.emdm.transaction.c.c
05-22 13:38:51.775 D/MdmService(21518): [null:-1]->keepAliveWithPushServer client is opened:false
05-22 13:38:51.775 D/MdmService(21518): [null:-1]->pushUrl : ws://test.mdm.everknow.cn:9090/websocket
05-22 13:38:51.775 D/MDM :   (21518): [null:-1]->mMdmPushClient is :not null
05-22 13:38:51.775 D/MDM :   (21518): [null:-1]->mMdmPushClient opened :not opened
05-22 13:38:51.775 D/MDM :   (21518): [null:-1]->mMdmPushClient connect
05-22 13:38:51.775 D/MdmService(21518): [null:-1]->MdmStatusManager is busy , wait......
05-22 13:38:51.775 I/TransInfo(21518): TransInfo created, id: 9, class: class com.pekall.emdm.transaction.c.c
05-22 13:38:51.783 D/ProfileManager(21518): [null:-1]->check policy checking :false
05-22 13:38:51.791 D/ProfileManager(21518): [null:-1]->check policy checking :true
05-22 13:38:51.791 D/MDM :   (21518): [null:-1]->handleMessage
05-22 13:38:51.806 W/Parcel  ( 1661): Attempt to read object from Parcel 0x5ec3bdac at offset 200 that is not in the object list
05-22 13:38:51.806 I/ActivityManager(  374): START u0 {flg=0x8000 cmp=com.pekall.emdm.launcher/.Launcher} from pid 21518
05-22 13:38:51.947 D/dalvikvm(  374): JIT code cache reset in 4 ms (1048424 bytes 60/0)
05-22 13:38:51.947 D/dalvikvm(  374): GC_FOR_ALLOC freed 1218K, 18% free 24715K/30132K, paused 105ms, total 105ms
05-22 13:38:51.963 W/WindowManager(  374): Token{428fe578 ActivityRecord{42856688 u0 com.pekall.emdm.launcher/.Launcher}} failed creating starting window
05-22 13:38:51.963 W/WindowManager(  374): android.view.InflateException: Binary XML file line #34: Error inflating class <unknown>
05-22 13:38:51.963 W/WindowManager(  374): 	at android.view.LayoutInflater.createView(LayoutInflater.java:620)
05-22 13:38:51.963 W/WindowManager(  374): 	at com.android.internal.policy.impl.PhoneLayoutInflater.onCreateView(PhoneLayoutInflater.java:56)
05-22 13:38:51.963 W/WindowManager(  374): 	at android.view.LayoutInflater.onCreateView(LayoutInflater.java:669)
05-22 13:38:51.963 W/WindowManager(  374): 	at android.view.LayoutInflater.createViewFromTag(LayoutInflater.java:694)
05-22 13:38:51.963 W/WindowManager(  374): 	at android.view.LayoutInflater.rInflate(LayoutInflater.java:755)
05-22 13:38:51.963 W/WindowManager(  374): 	at android.view.LayoutInflater.inflate(LayoutInflater.java:492)
05-22 13:38:51.963 W/WindowManager(  374): 	at android.view.LayoutInflater.inflate(LayoutInflater.java:397)
05-22 13:38:51.963 W/WindowManager(  374): 	at android.view.LayoutInflater.inflate(LayoutInflater.java:353)
05-22 13:38:51.963 W/WindowManager(  374): 	at com.android.internal.policy.impl.PhoneWindow.generateLayout(PhoneWindow.java:2823)
05-22 13:38:51.963 W/WindowManager(  374): 	at com.android.internal.policy.impl.PhoneWindow.installDecor(PhoneWindow.java:2886)
05-22 13:38:51.963 W/WindowManager(  374): 	at com.android.internal.policy.impl.PhoneWindow.getDecorView(PhoneWindow.java:1581)
05-22 13:38:51.963 W/WindowManager(  374): 	at com.android.internal.policy.impl.PhoneWindowManager.addStartingWindow(PhoneWindowManager.java:1618)
05-22 13:38:51.963 W/WindowManager(  374): 	at com.android.server.wm.WindowManagerService$H.handleMessage(WindowManagerService.java:6908)
05-22 13:38:51.963 W/WindowManager(  374): 	at android.os.Handler.dispatchMessage(Handler.java:99)
05-22 13:38:51.963 W/WindowManager(  374): 	at android.os.Looper.loop(Looper.java:137)
05-22 13:38:51.963 W/WindowManager(  374): 	at android.os.HandlerThread.run(HandlerThread.java:61)
05-22 13:38:51.963 W/WindowManager(  374): Caused by: java.lang.reflect.InvocationTargetException
05-22 13:38:51.963 W/WindowManager(  374): 	at java.lang.reflect.Constructor.constructNative(Native Method)
05-22 13:38:51.963 W/WindowManager(  374): 	at java.lang.reflect.Constructor.newInstance(Constructor.java:417)
05-22 13:38:51.963 W/WindowManager(  374): 	at android.view.LayoutInflater.createView(LayoutInflater.java:594)
05-22 13:38:51.963 W/WindowManager(  374): 	... 15 more
05-22 13:38:51.963 W/WindowManager(  374): Caused by: android.content.res.Resources$NotFoundException: Resource is not a Drawable (color or path): TypedValue{t=0x2/d=0x1010059 a=-1}
05-22 13:38:51.963 W/WindowManager(  374): 	at android.content.res.Resources.loadDrawable(Resources.java:2063)
05-22 13:38:51.963 W/WindowManager(  374): 	at android.content.res.TypedArray.getDrawable(TypedArray.java:601)
05-22 13:38:51.963 W/WindowManager(  374): 	at android.widget.FrameLayout.<init>(FrameLayout.java:109)
05-22 13:38:51.963 W/WindowManager(  374): 	at android.widget.FrameLayout.<init>(FrameLayout.java:97)
05-22 13:38:51.963 W/WindowManager(  374): 	... 18 more
05-22 13:38:51.971 E/QueryController(21444): Got null root node from accessibility - Retrying...
05-22 13:38:51.978 D/MDM :   (21518): [null:-1]->MSG_WEBSOCKET_OPEN
05-22 13:38:51.978 D/MDM :   (21518): [null:-1]->MSG_WEBSOCKET_OPEN
05-22 13:38:51.986 D/LauncherApplication(21518): [null:-1]->onActivityPaused
05-22 13:38:51.994 D/MDM :   (21518): [null:-1]->statusCode : 200
05-22 13:38:51.994 D/MDM :   (21518): [null:-1]->statusCode : 200
05-22 13:38:51.994 V/DEBUG   (21518): HTTP 1
05-22 13:38:51.994 D/MDM :   (21518): [null:-1]->read network input stream
05-22 13:38:52.002 D/HomeLoaders(21518): aborting loaders
05-22 13:38:52.221 E/QueryController(21444): Got null root node from accessibility - Retrying...
05-22 13:38:52.260 D/dalvikvm(21518): JIT unchain all for threadid=11
05-22 13:38:52.267 D/MDM :   (21518): [null:-1]->Get joson string: {"result":0}
05-22 13:38:52.275 D/PushMessageManager(21518): [null:-1]->add sent message : {"params":{"device":"00013fbc8ecec5b90000014622706459","token":"123456"},"id":0,"command":0,"reason":0,"result":0,"type":0}
05-22 13:38:52.283 D/NetworkThread(21518): [null:-1]->clear mCurrentTransInfo
05-22 13:38:52.283 D/NetworkThread(21518): [null:-1]->sendHttpPost:PostRequest, url: http://192.168.10.21/rest/mdm/v1/ios/android_server, Params: [content:<?xml version="1.0" encoding="UTF-8"?>
05-22 13:38:52.283 D/NetworkThread(21518): <!DOCTYPE plist PUBLIC "-//Apple//DTD PLIST 1.0//EN" "http://www.apple.com/DTDs/PropertyList-1.0.dtd">
05-22 13:38:52.283 D/NetworkThread(21518): <plist version="1.0">
05-22 13:38:52.283 D/NetworkThread(21518): <dict>
05-22 13:38:52.283 D/NetworkThread(21518): 	<key>Status</key>
05-22 13:38:52.283 D/NetworkThread(21518): 	<string>Idle</string>
05-22 13:38:52.283 D/NetworkThread(21518): 	<key>UDID</key>
05-22 13:38:52.283 D/NetworkThread(21518): 	<string>00013fbc8ecec5b90000014622706459</string>
05-22 13:38:52.283 D/NetworkThread(21518): </dict>
05-22 13:38:52.283 D/NetworkThread(21518): </plist>], 
05-22 13:38:52.283 D/HttpClient(21518): enable apache.http debug
05-22 13:38:52.306 V/DEBUG   (21518): HTTP 0
05-22 13:38:52.314 D/PushMessageManager(21518): [null:-1]->add sent message : {"params":{"device":"00013fbc8ecec5b90000014622706459","token":"123456"},"id":0,"command":0,"reason":0,"result":0,"type":0}
05-22 13:38:52.478 E/QueryController(21444): Got null root node from accessibility - Retrying...
05-22 13:38:52.603 D/dalvikvm(21518): JIT unchain all for threadid=11
05-22 13:38:52.642 D/dalvikvm(21518): GC_EXPLICIT freed 7274K, 34% free 23317K/35180K, paused 274ms+268ms, total 638ms
05-22 13:38:52.697 D/MDM :   (21518): [null:-1]->width 104
05-22 13:38:52.697 D/MDM :   (21518): [null:-1]->height 104
05-22 13:38:52.697 D/MDM :   (21518): [null:-1]->scale 0.5
05-22 13:38:52.697 D/MDM :   (21518): [null:-1]->tint false
05-22 13:38:52.697 D/MDM :   (21518): [null:-1]->width 104
05-22 13:38:52.705 D/MDM :   (21518): [null:-1]->height 104
05-22 13:38:52.705 D/MDM :   (21518): [null:-1]->scale 0.5
05-22 13:38:52.705 D/MDM :   (21518): [null:-1]->tint false
05-22 13:38:52.705 D/MDM :   (21518): [null:-1]->icon instanceof BitmapDrawable
05-22 13:38:52.705 D/MDM :   (21518): [null:-1]->  iconWidth 87
05-22 13:38:52.705 D/MDM :   (21518): [null:-1]->  iconHeight 87
05-22 13:38:52.705 D/MDM :   (21518): [null:-1]->  107 87
05-22 13:38:52.705 D/MDM :   (21518): [null:-1]->width 104
05-22 13:38:52.705 D/MDM :   (21518): [null:-1]->height 104
05-22 13:38:52.705 D/MDM :   (21518): [null:-1]->scale 1.0
05-22 13:38:52.713 D/MDM :   (21518): [null:-1]->tint false
05-22 13:38:52.713 D/MDM :   (21518): [null:-1]->width 104
05-22 13:38:52.713 D/MDM :   (21518): [null:-1]->height 104
05-22 13:38:52.713 D/MDM :   (21518): [null:-1]->scale 1.0
05-22 13:38:52.713 D/MDM :   (21518): [null:-1]->tint false
05-22 13:38:52.713 D/MDM :   (21518): [null:-1]->icon instanceof BitmapDrawable
05-22 13:38:52.713 D/MDM :   (21518): [null:-1]->  iconWidth 87
05-22 13:38:52.713 D/MDM :   (21518): [null:-1]->  iconHeight 87
05-22 13:38:52.713 D/MDM :   (21518): [null:-1]->  107 87
05-22 13:38:52.713 D/MDM :   (21518): [null:-1]->width 104
05-22 13:38:52.721 D/MDM :   (21518): [null:-1]->height 104
05-22 13:38:52.721 D/MDM :   (21518): [null:-1]->scale 1.0
05-22 13:38:52.721 D/MDM :   (21518): [null:-1]->tint false
05-22 13:38:52.721 D/MDM :   (21518): [null:-1]->width 104
05-22 13:38:52.721 D/MDM :   (21518): [null:-1]->height 104
05-22 13:38:52.721 D/MDM :   (21518): [null:-1]->scale 1.0
05-22 13:38:52.721 D/MDM :   (21518): [null:-1]->tint false
05-22 13:38:52.721 D/MDM :   (21518): [null:-1]->icon instanceof BitmapDrawable
05-22 13:38:52.721 D/MDM :   (21518): [null:-1]->  iconWidth 87
05-22 13:38:52.721 D/MDM :   (21518): [null:-1]->  iconHeight 87
05-22 13:38:52.721 D/MDM :   (21518): [null:-1]->  107 87
05-22 13:38:52.728 E/QueryController(21444): Cannot proceed when root node is null. Aborted search
05-22 13:38:52.728 E/QueryController(21444): Got null root node from accessibility - Retrying...
05-22 13:38:52.728 D/MDM :   (21518): [null:-1]->width 104
05-22 13:38:52.728 D/MDM :   (21518): [null:-1]->height 104
05-22 13:38:52.728 D/MDM :   (21518): [null:-1]->scale 1.0
05-22 13:38:52.728 D/MDM :   (21518): [null:-1]->tint false
05-22 13:38:52.822 V/Launcher(21518): isLauncherDf = true
05-22 13:38:52.822 V/Launcher(21518): isPhoneDf = true
05-22 13:38:52.822 D/        (21518): [---null: -1---]  ScreenWidth  720
05-22 13:38:52.822 D/        (21518): [---null: -1---]  ScreenHeight  1184
05-22 13:38:52.830 D/HomeLoaders(21518): load applications
05-22 13:38:52.830 D/HomeLoaders(21518):   --> applications loaded, return
05-22 13:38:52.830 D/HomeLoaders(21518): loading user items in Thread[main,5,main]
05-22 13:38:52.830 D/HomeLoaders(21518):   --> items loaded, return
05-22 13:38:52.830 D/HomeLoaders(21518):   --> loading from cache: 11, 0
05-22 13:38:52.830 D/Launcher(21518): ------> binding 11 items
05-22 13:38:52.830 D/Launcher(21518): ------> binding 0 widgets
05-22 13:38:52.830 D/Launcher(21518): ------> start binding items
05-22 13:38:52.830 W/Parcel  ( 1661): Attempt to read object from Parcel 0x6003bdac at offset 200 that is not in the object list
05-22 13:38:52.838 W/Parcel  ( 1661): Attempt to read object from Parcel 0x5ef3bdac at offset 200 that is not in the object list
05-22 13:38:52.838 D/Email   (21518): Email: init sandbox at the beginning.
05-22 13:38:52.838 V/l       (21518): Bind requested for task setLogging
05-22 13:38:52.846 D/MDM :   (21518): [null:-1]->statusCode : 200
05-22 13:38:52.846 D/MDM :   (21518): [null:-1]->statusCode : 200
05-22 13:38:52.846 V/DEBUG   (21518): HTTP 1
05-22 13:38:52.978 E/QueryController(21444): Got null root node from accessibility - Retrying...
05-22 13:38:53.103 D/dalvikvm(21518): JIT unchain all for threadid=11
05-22 13:38:53.119 W/SQLiteOpenHelper(21518): Opened /data/data/com.pekall.emdm.launcher/databases/sandbox.db
05-22 13:38:53.228 E/QueryController(21444): Got null root node from accessibility - Retrying...
05-22 13:38:53.416 D/dalvikvm(21518): JIT unchain all for threadid=11
05-22 13:38:53.447 D/dalvikvm(21518): GC_CONCURRENT freed 4663K, 34% free 23478K/35180K, paused 262ms+271ms, total 593ms
05-22 13:38:53.447 D/dalvikvm(21518): WAIT_FOR_CONCURRENT_GC blocked 287ms
05-22 13:38:53.447 D/dalvikvm(21518): WAIT_FOR_CONCURRENT_GC blocked 288ms
05-22 13:38:53.447 D/dalvikvm(21518): WAIT_FOR_CONCURRENT_GC blocked 290ms
05-22 13:38:53.463 D/MDM :   (21518): [null:-1]->read network input stream
05-22 13:38:53.463 D/MDM :   (21518): [null:-1]->read network input stream
05-22 13:38:53.478 D/MDM :   (21518): [null:-1]->read network input stream
05-22 13:38:53.478 E/QueryController(21444): Cannot proceed when root node is null. Aborted search
05-22 13:38:53.478 E/QueryController(21444): Got null root node from accessibility - Retrying...
05-22 13:38:53.486 W/Parcel  ( 1661): Attempt to read object from Parcel 0x5ded3dac at offset 200 that is not in the object list
05-22 13:38:53.494 D/MDM :   (21518): [null:-1]->Get joson string: <?xml version="1.0" encoding="UTF-8"?>
05-22 13:38:53.494 D/MDM :   (21518): <!DOCTYPE plist PUBLIC "-//Apple//DTD PLIST 1.0//EN" "http://www.apple.com/DTDs/PropertyList-1.0.dtd">
05-22 13:38:53.494 D/MDM :   (21518): <plist version="1.0">
05-22 13:38:53.494 D/MDM :   (21518): <dict>
05-22 13:38:53.494 D/MDM :   (21518): 	<key>CommandUUID</key>
05-22 13:38:53.494 D/MDM :   (21518): 	<string>9bf10d24-2f95-4e19-8ff9-e7fc38295862</string>
05-22 13:38:53.494 D/MDM :   (21518): 	<key>Command</key>
05-22 13:38:53.494 D/MDM :   (21518): 	<dict>
05-22 13:38:53.494 D/MDM :   (21518): 		<key>Queries</key>
05-22 13:38:53.494 D/MDM :   (21518): 		<array>
05-22 13:38:53.494 D/MDM :   (21518): 			<string>UDID</string>
05-22 13:38:53.494 D/MDM :   (21518): 			<string>DeviceName</string>
05-22 13:38:53.494 D/MDM :   (21518): 			<string>OSVersion</string>
05-22 13:38:53.494 D/MDM :   (21518): 			<string>BuildVersion</string>
05-22 13:38:53.494 D/MDM :   (21518): 			<string>ModelName</string>
05-22 13:38:53.494 D/MDM :   (21518): 			<string>Model</string>
05-22 13:38:53.494 D/MDM :   (21518): 			<string>ProductName</string>
05-22 13:38:53.494 D/MDM :   (21518): 			<string>SerialNumber</string>
05-22 13:38:53.494 D/MDM :   (21518): 			<string>DeviceCapacity</string>
05-22 13:38:53.494 D/MDM :   (21518): 			<string>AvailableDeviceCapacity</string>
05-22 13:38:53.494 D/MDM :   (21518): 			<string>BatteryLevel</string>
05-22 13:38:53.494 D/MDM :   (21518): 			<string>CellularTechnology</string>
05-22 13:38:53.494 D/MDM :   (21518): 			<string>IMEI</string>
05-22 13:38:53.494 D/MDM :   (21518): 			<string>MEID</string>
05-22 13:38:53.494 D/MDM :   (21518): 			<string>ModemFirmwareVersion</string>
05-22 13:38:53.494 D/MDM :   (21518): 			<string>ICCID</string>
05-22 13:38:53.494 D/MDM :   (21518): 			<string>BluetoothMAC</string>
05-22 13:38:53.494 D/MDM :   (21518): 			<string>WiFiMAC</string>
05-22 13:38:53.494 D/MDM :   (21518): 			<string>EthernetMAC</string>
05-22 13:38:53.494 D/MDM :   (21518): 			<string>CurrentCarrierNetwork</string>
05-22 13:38:53.494 D/MDM :   (21518): 			<string>SIMCarrierNetwork</string>
05-22 13:38:53.494 D/MDM :   (21518): 			<string>SubscriberCarrierNetwork</string>
05-22 13:38:53.494 D/MDM :   (21518): 			<string>CarrierSettingsVersion</string>
05-22 13:38:53.494 D/MDM :   (21518): 			<string>PhoneNumber</string>
05-22 13:38:53.494 D/MDM :   (21518): 			<string>VoiceRoamingEnabled</string>
05-22 13:38:53.494 D/MDM :   (21518): 			<string>DataRoamingEnabled</string>
05-22 13:38:53.494 D/MDM :   (21518): 			<string>IsRoaming</string>
05-22 13:38:53.494 D/MDM :   (21518): 			<string>SubscriberMCC</string>
05-22 13:38:53.494 D/MDM :   (21518): 			<string>SubscriberMNC</string>
05-22 13:38:53.494 D/MDM :   (21518): 			<string>SIMMCC</string>
05-22 13:38:53.494 D/MDM :   (21518): 			<string>SIMMNC</string>
05-22 13:38:53.494 D/MDM :   (21518): 			<string>CurrentMCC</string>
05-22 13:38:53.494 D/MDM :   (21518): 			<string>CurrentMNC</string>
05-22 13:38:53.494 D/MDM :   (21518): 		</array>
05-22 13:38:53.494 D/MDM :   (21518): 		<key>RequestType</key>
05-22 13:38:53.494 D/MDM :   (21518): 		<string>DeviceInformation</string>
05-22 13:38:53.494 D/MDM :   (21518): 	</dict>
05-22 13:38:53.494 D/MDM :   (21518): </dict>
05-22 13:38:53.494 D/MDM :   (21518): </plist>
05-22 13:38:53.494 W/Parcel  ( 1661): Attempt to read object from Parcel 0x5dfd3dac at offset 200 that is not in the object list
05-22 13:38:53.510 V/LauncherApplication(21518): onActivityStarted
05-22 13:38:53.510 D/        (21518): [---null: -1---]     awsa  onActivityResumed
05-22 13:38:53.510 V/LauncherApplication(21518): 2MdmConstant.LAST_LAUNCH_TIME = 1400737097754
05-22 13:38:53.525 D/        (21518): [---null: -1---]  activity = com.pekall.emdm.launcher.Launcher
05-22 13:38:53.533 V/DefultSetContriller(21518): isLauncherDf = com.pekall.emdm.launcher
05-22 13:38:53.533 V/DefultSetContriller(21518): isLauncherDf = com.pekall.emdm.launcher
05-22 13:38:53.533 V/DefultSetContriller(21518): isPhoneDf = com.pekall.emdm.launcher
05-22 13:38:53.533 E/LauncherApplication(21518): isShowLogoutUI = true
