05-22 13:38:53.533 E/LauncherApplication(21518): LogoutShowTime 1
05-22 13:38:53.533 V/Launcher(21518): onResume1111111 
05-22 13:38:53.533 V/Launcher(21518): is login ----> 
05-22 13:38:53.541 I/System.out(21518):  
05-22 13:38:53.541 I/System.out(21518): com.pekall.emdm.launcher.Workspace.setWallpaper(Unknown Source)
05-22 13:38:53.541 I/System.out(21518): com.pekall.emdm.launcher.Launcher.onResume(Unknown Source)
05-22 13:38:53.541 I/System.out(21518): android.app.Instrumentation.callActivityOnResume(Instrumentation.java:1192)
05-22 13:38:53.541 I/System.out(21518): android.app.Activity.performResume(Activity.java:5211)
05-22 13:38:53.541 I/System.out(21518): android.app.ActivityThread.performResumeActivity(ActivityThread.java:2780)
05-22 13:38:53.541 I/System.out(21518): android.app.ActivityThread.handleResumeActivity(ActivityThread.java:2819)
05-22 13:38:53.541 I/System.out(21518): android.app.ActivityThread.handleLaunchActivity(ActivityThread.java:2266)
05-22 13:38:53.549 I/System.out(21518): android.app.ActivityThread.access$600(ActivityThread.java:141)
05-22 13:38:53.549 I/System.out(21518): android.app.ActivityThread$H.handleMessage(ActivityThread.java:1256)
05-22 13:38:53.549 I/System.out(21518): android.os.Handler.dispatchMessage(Handler.java:99)
05-22 13:38:53.549 I/System.out(21518): android.os.Looper.loop(Looper.java:137)
05-22 13:38:53.549 I/System.out(21518): android.app.ActivityThread.main(ActivityThread.java:5103)
05-22 13:38:53.549 I/System.out(21518): java.lang.reflect.Method.invokeNative(Native Method)
05-22 13:38:53.549 I/System.out(21518): java.lang.reflect.Method.invoke(Method.java:525)
05-22 13:38:53.549 I/System.out(21518): com.android.internal.os.ZygoteInit$MethodAndArgsCaller.run(ZygoteInit.java:737)
05-22 13:38:53.549 I/System.out(21518): com.android.internal.os.ZygoteInit.main(ZygoteInit.java:553)
05-22 13:38:53.549 I/System.out(21518): dalvik.system.NativeStart.main(Native Method)
05-22 13:38:53.549 W/ActivityManager(  374): Unable to start service Intent { cmp=com.pekall.emdm.launcher/com.pekall.semail.service.AttachmentDownloadService } U=0: not found
05-22 13:38:53.572 I/Email   (21518): Notifications being toggled: false
05-22 13:38:53.580 D/CheckInTransInfo(21518): [null:-1]->CommandMsg : CommandMsg{CommandUUID='9bf10d24-2f95-4e19-8ff9-e7fc38295862', Command=CommandObject{RequestType='DeviceInformation'}}
05-22 13:38:53.627 D/NetworkThread(21518): [null:-1]->clear mCurrentTransInfo
05-22 13:38:53.650 D/NetworkThread(21518): [null:-1]->sendHttpPost:PostRequest, url: http://192.168.10.21/rest/mdm/v1/system/check_mdm_app, Params: [version:71][os:51201][pkg_name:com.pekall.emdm.launcher], 
05-22 13:38:53.650 D/HttpClient(21518): enable apache.http debug
05-22 13:38:53.674 V/DEBUG   (21518): HTTP 0
05-22 13:38:53.674 D/MDM :   (21518): [null:-1]->MSG_WEBSOCKET_MESSAGE : {"id":0,"type":1,"command":0,"result":0,"reason":0}
05-22 13:38:53.689 D/MdmService(21518): [null:-1]->push message type :1
05-22 13:38:53.689 D/PushMessageManager(21518): [null:-1]->remove sent message : 0
05-22 13:38:53.697 D/PushMessageManager(21518): [null:-1]->sent message :{"params":{"device":"00013fbc8ecec5b90000014622706459","token":"123456"},"id":0,"command":0,"reason":0,"result":0,"type":0}
05-22 13:38:53.697 D/PushMessageManager(21518): [null:-1]->has message : 0
05-22 13:38:53.705 D/PushMessageManager(21518): [null:-1]->sSentMessage not empty : 1
05-22 13:38:53.705 D/MDM :   (21518): [null:-1]->MSG_WEBSOCKET_MESSAGE : {"id":-877055587,"type":0,"command":0,"result":0,"reason":0,"params":{"device":"00013fbc8ecec5b90000014622706459","message":"{\"cmd\":\"10119\"}"}}
05-22 13:38:53.705 D/MdmService(21518): [null:-1]->push message type :0
05-22 13:38:53.705 D/MdmService(21518): [null:-1]->cmdMessage : {"cmd":"10119"}
05-22 13:38:53.705 D/MdmService(21518): [null:-1]->command : PushCommandMsg{cmd='10119', msg='null'}
05-22 13:38:53.705 D/MdmService(21518): [null:-1]->MdmStatusManager is busy , wait......
05-22 13:38:53.721 D/MDM :   (21518): [null:-1]->MSG_WEBSOCKET_MESSAGE : {"id":1573516447,"type":0,"command":0,"result":0,"reason":0,"params":{"device":"00013fbc8ecec5b90000014622706459","message":"{\"cmd\":\"10119\"}"}}
05-22 13:38:53.728 E/QueryController(21444): Got null root node from accessibility - Retrying...
05-22 13:38:53.736 D/MdmService(21518): [null:-1]->push message type :0
05-22 13:38:53.736 D/MdmService(21518): [null:-1]->cmdMessage : {"cmd":"10119"}
05-22 13:38:53.736 D/MdmService(21518): [null:-1]->command : PushCommandMsg{cmd='10119', msg='null'}
05-22 13:38:53.744 D/MdmService(21518): [null:-1]->MdmStatusManager is busy , wait......
05-22 13:38:53.744 D/MDM :   (21518): [null:-1]->MSG_WEBSOCKET_MESSAGE : {"id":-51192194,"type":0,"command":0,"result":0,"reason":0,"params":{"device":"00013fbc8ecec5b90000014622706459","message":"{\"cmd\":\"10119\"}"}}
05-22 13:38:53.760 D/MdmService(21518): [null:-1]->push message type :0
05-22 13:38:53.760 D/MdmService(21518): [null:-1]->cmdMessage : {"cmd":"10119"}
05-22 13:38:53.760 D/MdmService(21518): [null:-1]->command : PushCommandMsg{cmd='10119', msg='null'}
05-22 13:38:53.760 D/MdmService(21518): [null:-1]->MdmStatusManager is busy , wait......
05-22 13:38:53.760 D/MDM :   (21518): [null:-1]->MSG_WEBSOCKET_MESSAGE : {"id":184246580,"type":0,"command":0,"result":0,"reason":0,"params":{"device":"00013fbc8ecec5b90000014622706459","message":"{\"cmd\":\"10119\"}"}}
05-22 13:38:53.767 D/MdmService(21518): [null:-1]->push message type :0
05-22 13:38:53.767 D/MdmService(21518): [null:-1]->cmdMessage : {"cmd":"10119"}
05-22 13:38:53.767 D/MdmService(21518): [null:-1]->command : PushCommandMsg{cmd='10119', msg='null'}
05-22 13:38:53.767 D/MdmService(21518): [null:-1]->MdmStatusManager is busy , wait......
05-22 13:38:53.767 D/MDM :   (21518): [null:-1]->MSG_WEBSOCKET_MESSAGE : {"id":0,"type":1,"command":0,"result":0,"reason":0}
05-22 13:38:53.775 D/MdmService(21518): [null:-1]->push message type :1
05-22 13:38:53.775 D/PushMessageManager(21518): [null:-1]->remove sent message : 0
05-22 13:38:53.783 D/PushMessageManager(21518): [null:-1]->sent message :{"params":{"device":"00013fbc8ecec5b90000014622706459","token":"123456"},"id":0,"command":0,"reason":0,"result":0,"type":0}
05-22 13:38:53.783 D/PushMessageManager(21518): [null:-1]->has message : 0
05-22 13:38:53.783 D/MDM :   (21518): [null:-1]->MSG_WEBSOCKET_MESSAGE : {"id":-877055587,"type":0,"command":0,"result":0,"reason":0,"params":{"device":"00013fbc8ecec5b90000014622706459","message":"{\"cmd\":\"10119\"}"}}
05-22 13:38:53.791 D/MdmService(21518): [null:-1]->push message type :0
05-22 13:38:53.791 D/MdmService(21518): [null:-1]->cmdMessage : {"cmd":"10119"}
05-22 13:38:53.791 D/MdmService(21518): [null:-1]->command : PushCommandMsg{cmd='10119', msg='null'}
05-22 13:38:53.791 D/MdmService(21518): [null:-1]->MdmStatusManager is busy , wait......
05-22 13:38:53.791 D/MDM :   (21518): [null:-1]->MSG_WEBSOCKET_MESSAGE : {"id":1573516447,"type":0,"command":0,"result":0,"reason":0,"params":{"device":"00013fbc8ecec5b90000014622706459","message":"{\"cmd\":\"10119\"}"}}
05-22 13:38:53.791 D/MdmService(21518): [null:-1]->push message type :0
05-22 13:38:53.799 D/MdmService(21518): [null:-1]->cmdMessage : {"cmd":"10119"}
05-22 13:38:53.799 D/MdmService(21518): [null:-1]->command : PushCommandMsg{cmd='10119', msg='null'}
05-22 13:38:53.799 D/MdmService(21518): [null:-1]->MdmStatusManager is busy , wait......
05-22 13:38:53.799 D/MDM :   (21518): [null:-1]->MSG_WEBSOCKET_MESSAGE : {"id":-51192194,"type":0,"command":0,"result":0,"reason":0,"params":{"device":"00013fbc8ecec5b90000014622706459","message":"{\"cmd\":\"10119\"}"}}
05-22 13:38:53.806 D/MdmService(21518): [null:-1]->push message type :0
05-22 13:38:53.806 D/MdmService(21518): [null:-1]->cmdMessage : {"cmd":"10119"}
05-22 13:38:53.806 D/MdmService(21518): [null:-1]->command : PushCommandMsg{cmd='10119', msg='null'}
05-22 13:38:53.806 D/MdmService(21518): [null:-1]->MdmStatusManager is busy , wait......
05-22 13:38:53.806 D/MDM :   (21518): [null:-1]->MSG_WEBSOCKET_MESSAGE : {"id":184246580,"type":0,"command":0,"result":0,"reason":0,"params":{"device":"00013fbc8ecec5b90000014622706459","message":"{\"cmd\":\"10119\"}"}}
05-22 13:38:53.806 D/MdmService(21518): [null:-1]->push message type :0
05-22 13:38:53.806 D/MdmService(21518): [null:-1]->cmdMessage : {"cmd":"10119"}
05-22 13:38:53.806 D/MdmService(21518): [null:-1]->command : PushCommandMsg{cmd='10119', msg='null'}
05-22 13:38:53.806 D/MdmService(21518): [null:-1]->MdmStatusManager is busy , wait......
05-22 13:38:53.814 D/MDM :   (21518): [null:-1]->width 104
05-22 13:38:53.814 D/MDM :   (21518): [null:-1]->height 104
05-22 13:38:53.814 D/MDM :   (21518): [null:-1]->scale 1.0
05-22 13:38:53.814 D/MDM :   (21518): [null:-1]->tint false
05-22 13:38:53.978 E/QueryController(21444): Got null root node from accessibility - Retrying...
05-22 13:38:54.064 D/dalvikvm(21518): JIT unchain all for threadid=11
05-22 13:38:54.080 D/MDM :   (21518): [null:-1]->width 104
05-22 13:38:54.080 D/MDM :   (21518): [null:-1]->height 104
05-22 13:38:54.088 D/MDM :   (21518): [null:-1]->scale 1.0
05-22 13:38:54.228 E/QueryController(21444): Cannot proceed when root node is null. Aborted search
05-22 13:38:54.236 E/QueryController(21444): Got null root node from accessibility - Retrying...
05-22 13:38:54.361 D/dalvikvm(21518): JIT unchain all for threadid=11
05-22 13:38:54.377 D/dalvikvm(21518): GC_CONCURRENT freed 4857K, 34% free 23499K/35180K, paused 260ms+259ms, total 563ms
05-22 13:38:54.377 D/dalvikvm(21518): WAIT_FOR_CONCURRENT_GC blocked 291ms
05-22 13:38:54.377 D/dalvikvm(21518): WAIT_FOR_CONCURRENT_GC blocked 282ms
05-22 13:38:54.377 D/dalvikvm(21518): WAIT_FOR_CONCURRENT_GC blocked 275ms
05-22 13:38:54.377 D/MDM :   (21518): [null:-1]->tint false
05-22 13:38:54.377 D/MDM :   (21518): [null:-1]->width 104
05-22 13:38:54.385 D/MDM :   (21518): [null:-1]->height 104
05-22 13:38:54.385 D/MDM :   (21518): [null:-1]->scale 1.0
05-22 13:38:54.385 D/MDM :   (21518): [null:-1]->tint false
05-22 13:38:54.385 D/MDM :   (21518): [null:-1]->width 104
05-22 13:38:54.385 D/MDM :   (21518): [null:-1]->height 104
05-22 13:38:54.385 D/MDM :   (21518): [null:-1]->scale 1.0
05-22 13:38:54.385 D/MDM :   (21518): [null:-1]->tint false
05-22 13:38:54.385 D/MDM :   (21518): [null:-1]->width 104
05-22 13:38:54.385 D/MDM :   (21518): [null:-1]->height 104
05-22 13:38:54.385 D/MDM :   (21518): [null:-1]->scale 1.0
05-22 13:38:54.392 D/MDM :   (21518): [null:-1]->statusCode : 200
05-22 13:38:54.392 D/MDM :   (21518): [null:-1]->statusCode : 200
05-22 13:38:54.392 V/DEBUG   (21518): HTTP 1
05-22 13:38:54.392 D/MDM :   (21518): [null:-1]->tint false
05-22 13:38:54.400 D/MDM :   (21518): [null:-1]->read network input stream
05-22 13:38:54.400 D/MDM :   (21518): [null:-1]->width 104
05-22 13:38:54.400 D/MDM :   (21518): [null:-1]->height 104
05-22 13:38:54.408 D/MDM :   (21518): [null:-1]->scale 1.0
05-22 13:38:54.408 D/MDM :   (21518): [null:-1]->tint false
05-22 13:38:54.408 D/MDM :   (21518): [null:-1]->width 104
05-22 13:38:54.408 D/MDM :   (21518): [null:-1]->Get joson string: {"result":0,"mdmClientInfos":{"id":25,"type":51107,"url":"https://test.mdm.everknow.cn/resources/api/v1/download/guest?uuid=cfd90beb2d85455c8524d19daf36","pkgName":"com.pekall.emdm.launcher","platform":51201,"comId":1,"appVersionCode":72,"appVersionName":"BYOD_2.1.0424","appAuthor":null,"appIcon":null,"appName":"Pekall enterprise mobile office","appSize":null,"minSdk":null,"updateTime":1398754856000,"forceUpdate":0,"updateInfo":null,"new":false}}
05-22 13:38:54.408 D/MDM :   (21518): [null:-1]->height 104
05-22 13:38:54.408 D/MDM :   (21518): [null:-1]->scale 1.0
05-22 13:38:54.416 D/MDM :   (21518): [null:-1]->tint false
05-22 13:38:54.416 D/MDM :   (21518): [null:-1]->width 104
05-22 13:38:54.416 D/MDM :   (21518): [null:-1]->height 104
05-22 13:38:54.416 D/MDM :   (21518): [null:-1]->scale 1.0
05-22 13:38:54.416 D/NetworkThread(21518): [null:-1]->clear mCurrentTransInfo
05-22 13:38:54.424 D/MDM :   (21518): [null:-1]->tint false
05-22 13:38:54.424 D/NetworkThread(21518): [null:-1]->queue is empty, thread wait...
05-22 13:38:54.424 D/        (21518): [---null: -1---]  xxd111  getPackageName  com.pekall.emdm.launcher
05-22 13:38:54.424 D/        (21518): [---null: -1---]  xxd111  getClassName  com.pekall.emdm.document.activity.DocMainActivity
05-22 13:38:54.424 D/        (21518): [---null: -1---]  xxd111  info.title  Document Manager ,count is 0
05-22 13:38:54.431 D/        (21518): [---null: -1---]  xxd111  getPackageName  com.pekall.emdm.launcher
05-22 13:38:54.431 D/        (21518): [---null: -1---]  xxd111  getClassName  com.pekall.emdm.launcher.ui.BackPersonalActivity
05-22 13:38:54.431 D/        (21518): [---null: -1---]  xxd111  info.title  Personal Mode ,count is 0
05-22 13:38:54.431 D/        (21518): [---null: -1---]  xxd111  getPackageName  com.pekall.emdm.launcher
05-22 13:38:54.431 D/        (21518): [---null: -1---]  xxd111  getClassName  com.pekall.semail.activity.Welcome
05-22 13:38:54.431 D/        (21518): [---null: -1---]  xxd111  info.title  Email ,count is 0
05-22 13:38:54.439 D/MDM :   (21518): [null:-1]->username is : zhenhua.sang@pekall.com ,pwd is 123456
05-22 13:38:54.439 I/System.out(21518): [cjx]authenticateUser,zhenhua.sang@pekall.com,123456
05-22 13:38:54.439 I/System.out(21518): [cjx]to generate user KEK now,keyLength:32,algorithm:Rijndael256
05-22 13:38:54.486 E/QueryController(21444): Got null root node from accessibility - Retrying...
05-22 13:38:54.556 I/System.out(21518): [cjx]blockSize:32
05-22 13:38:54.556 I/System.out(21518): [cjx]iv:[112, 101, 107, 97, 108, 108, 50, 48, 49, 52, 97, 101, 115, 99, 106, 120, 112, 101, 107, 97, 108, 108, 50, 48, 49, 52, 97, 101, 115, 99, 106, 120]
05-22 13:38:54.556 I/System.out(21518): [cjx]secret:[-94, 35, 21, 34, 6, -61, -108, -46, 6, 56, -82, 111, 24, -59, 0, -21, 43, -46, -16, 27, -76, 52, 9, 117, -69, 64, 55, -122, -120, -69, -38, 9]
05-22 13:38:54.556 I/System.out(21518): [cjx]successfully restore dek:[B@42ad7ba8
05-22 13:38:54.564 I/System.out(21518): [cjx]to generate user KEK now,keyLength:32,algorithm:Rijndael256
05-22 13:38:54.666 I/System.out(21518): [cjx]blockSize:32
05-22 13:38:54.666 I/System.out(21518): [cjx]iv:[112, 101, 107, 97, 108, 108, 50, 48, 49, 52, 97, 101, 115, 99, 106, 120, 112, 101, 107, 97, 108, 108, 50, 48, 49, 52, 97, 101, 115, 99, 106, 120]
05-22 13:38:54.674 I/System.out(21518): [cjx]secret:[-94, 35, 21, 34, 6, -61, -108, -46, 6, 56, -82, 111, 24, -59, 0, -21, 43, -46, -16, 27, -76, 52, 9, 117, -69, 64, 55, -122, -120, -69, -38, 9]
05-22 13:38:54.674 D/ExchangeService(21518): !!! EAS ExchangeService, onCreate
05-22 13:38:54.674 W/Parcel  ( 1661): Attempt to read object from Parcel 0x6013bdac at offset 200 that is not in the object list
05-22 13:38:54.674 I/Choreographer(21518): Skipped 58 frames!  The application may be doing too much work on its main thread.
05-22 13:38:54.697 D/        (21518): [---null: -1---]  1111222  mLongAxisStartPadding110
05-22 13:38:54.697 D/        (21518): [---null: -1---]  11112223  heightSpecSize1094
05-22 13:38:54.697 D/        (21518): [---null: -1---]  11112223  mLongAxisStartPadding110
05-22 13:38:54.705 D/        (21518): [---null: -1---]  11112223  mLongAxisEndPadding110
05-22 13:38:54.705 D/        (21518): [---null: -1---]  11112223  mRows4
05-22 13:38:54.705 D/        (21518): [---null: -1---]  1111222  mLongAxisStartPadding110
05-22 13:38:54.705 D/        (21518): [---null: -1---]  11112223  heightSpecSize1094
05-22 13:38:54.705 D/        (21518): [---null: -1---]  11112223  mLongAxisStartPadding110
05-22 13:38:54.705 D/        (21518): [---null: -1---]  11112223  mLongAxisEndPadding110
05-22 13:38:54.705 D/        (21518): [---null: -1---]  11112223  mRows4
05-22 13:38:54.705 D/        (21518): [---null: -1---]  1111222  mLongAxisStartPadding110
05-22 13:38:54.705 D/        (21518): [---null: -1---]  11112223  heightSpecSize1094
05-22 13:38:54.705 D/        (21518): [---null: -1---]  11112223  mLongAxisStartPadding110
05-22 13:38:54.705 D/        (21518): [---null: -1---]  11112223  mLongAxisEndPadding110
05-22 13:38:54.705 D/        (21518): [---null: -1---]  11112223  mRows4
05-22 13:38:54.713 D/        (21518): [---null: -1---]  1111222  mLongAxisStartPadding110
05-22 13:38:54.713 D/        (21518): [---null: -1---]  11112223  heightSpecSize1094
05-22 13:38:54.713 D/        (21518): [---null: -1---]  11112223  mLongAxisStartPadding110
05-22 13:38:54.721 D/        (21518): [---null: -1---]  11112223  mLongAxisEndPadding110
05-22 13:38:54.721 D/        (21518): [---null: -1---]  11112223  mRows4
05-22 13:38:54.721 D/        (21518): [---null: -1---]  1111222  mLongAxisStartPadding110
05-22 13:38:54.721 D/        (21518): [---null: -1---]  11112223  heightSpecSize1094
05-22 13:38:54.721 D/        (21518): [---null: -1---]  11112223  mLongAxisStartPadding110
05-22 13:38:54.721 D/        (21518): [---null: -1---]  11112223  mLongAxisEndPadding110
05-22 13:38:54.721 D/        (21518): [---null: -1---]  11112223  mRows4
05-22 13:38:54.721 D/        (21518): [---null: -1---]  1111222  mLongAxisStartPadding110
05-22 13:38:54.728 D/        (21518): [---null: -1---]  11112223  heightSpecSize1094
05-22 13:38:54.728 D/        (21518): [---null: -1---]  11112223  mLongAxisStartPadding110
05-22 13:38:54.728 D/        (21518): [---null: -1---]  11112223  mLongAxisEndPadding110
05-22 13:38:54.728 D/        (21518): [---null: -1---]  11112223  mRows4
05-22 13:38:54.728 D/        (21518): [---null: -1---]  1111222  mLongAxisStartPadding110
05-22 13:38:54.728 D/        (21518): [---null: -1---]  11112223  heightSpecSize1094
05-22 13:38:54.728 D/        (21518): [---null: -1---]  11112223  mLongAxisStartPadding110
05-22 13:38:54.728 D/        (21518): [---null: -1---]  11112223  mLongAxisEndPadding110
05-22 13:38:54.728 D/        (21518): [---null: -1---]  11112223  mRows4
05-22 13:38:54.736 D/        (21518): [---null: -1---]  1111222  mLongAxisStartPadding110
05-22 13:38:54.736 E/QueryController(21444): Got null root node from accessibility - Retrying...
05-22 13:38:54.736 D/        (21518): [---null: -1---]  11112223  heightSpecSize1094
05-22 13:38:54.736 D/        (21518): [---null: -1---]  11112223  mLongAxisStartPadding110
05-22 13:38:54.736 D/        (21518): [---null: -1---]  11112223  mLongAxisEndPadding110
05-22 13:38:54.736 D/        (21518): [---null: -1---]  11112223  mRows4
05-22 13:38:54.736 D/        (21518): [---null: -1---]  1111222  mLongAxisStartPadding110
05-22 13:38:54.736 D/        (21518): [---null: -1---]  11112223  heightSpecSize1094
05-22 13:38:54.736 D/        (21518): [---null: -1---]  11112223  mLongAxisStartPadding110
05-22 13:38:54.736 D/        (21518): [---null: -1---]  11112223  mLongAxisEndPadding110
05-22 13:38:54.744 D/        (21518): [---null: -1---]  11112223  mRows4
05-22 13:38:54.744 D/        (21518): [---null: -1---]  1111222  mLongAxisStartPadding110
05-22 13:38:54.744 D/        (21518): [---null: -1---]  11112223  heightSpecSize1094
05-22 13:38:54.744 D/        (21518): [---null: -1---]  11112223  mLongAxisStartPadding110
05-22 13:38:54.744 D/        (21518): [---null: -1---]  11112223  mLongAxisEndPadding110
05-22 13:38:54.744 D/        (21518): [---null: -1---]  11112223  mRows4
05-22 13:38:54.799 D/MdmService(21518): [null:-1]->handleCheckInResult
05-22 13:38:54.799 D/MdmService(21518): [null:-1]->handleCheckInResult result keyIndex: 3
05-22 13:38:54.806 D/        (21518): [---null: -1---]  xxd111  getPackageName  com.pekall.emdm.launcher
05-22 13:38:54.806 D/        (21518): [---null: -1---]  xxd111  getClassName  com.pekall.emdm.contacts.activities.PeopleActivity
05-22 13:38:54.806 D/CommandManager(21518): [null:-1]->execute command: CommandMsg{CommandUUID='9bf10d24-2f95-4e19-8ff9-e7fc38295862', Command=CommandObject{RequestType='DeviceInformation'}}
05-22 13:38:54.806 D/        (21518): [---null: -1---]  xxd111  info.title  EmdmContacts ,count is 0
05-22 13:38:54.814 D/        (21518): [---null: -1---]  xxd111  getPackageName  com.pekall.emdm.launcher
05-22 13:38:54.814 D/        (21518): [---null: -1---]  xxd111  getClassName  com.pekall.emdm.browser.BrowserActivity
05-22 13:38:54.814 D/        (21518): [---null: -1---]  xxd111  info.title  Safe Browser ,count is 0
05-22 13:38:54.814 D/        (21518): [---null: -1---]  xxd111  getPackageName  com.pekall.emdm.launcher
05-22 13:38:54.814 D/        (21518): [---null: -1---]  xxd111  getClassName  com.pekall.emdm.launcher.ui.AboutActivity
05-22 13:38:54.814 D/        (21518): [---null: -1---]  xxd111  info.title  About ,count is 0
05-22 13:38:54.814 D/        (21518): [---null: -1---]  xxd111  getPackageName  com.pekall.emdm.launcher
05-22 13:38:54.822 D/        (21518): [---null: -1---]  xxd111  getClassName  com.pekall.emdm.launcher.ui.SettingActivity
05-22 13:38:54.822 D/        (21518): [---null: -1---]  xxd111  info.title  Setting ,count is 0
05-22 13:38:54.822 W/Parcel  ( 1661): Attempt to read object from Parcel 0x5ec3bdac at offset 200 that is not in the object list
05-22 13:38:54.822 V/l       (21518): Connected: com.pekall.exchange.ExchangeService
05-22 13:38:54.822 W/ActivityManager(  374): Unable to start service Intent { act=pekall.intent.action.DOWNLOAD_APP (has extras) } U=0: not found
05-22 13:38:54.830 D/ExchangeService(21518): !!! EAS ExchangeService, onStartCommand, startingUp = false, running = false
05-22 13:38:54.830 D/ExchangeService(21518): to start secureStorageService now
05-22 13:38:54.830 D/        (21518): [---null: -1---]  1111222  mLongAxisStartPadding110
05-22 13:38:54.830 D/        (21518): [---null: -1---]  11112223  heightSpecSize1094
05-22 13:38:54.838 D/        (21518): [---null: -1---]  11112223  mLongAxisStartPadding110
05-22 13:38:54.838 D/        (21518): [---null: -1---]  11112223  mLongAxisEndPadding110
05-22 13:38:54.838 D/        (21518): [---null: -1---]  11112223  mRows4
05-22 13:38:54.846 V/l       (21518): Task setLogging completed; disconnecting
05-22 13:38:54.853 D/        (21518): [---null: -1---]  1111222  mLongAxisStartPadding110
05-22 13:38:54.853 V/a       (21518): Bind requested for task test
05-22 13:38:54.853 D/        (21518): [---null: -1---]  11112223  heightSpecSize1094
05-22 13:38:54.853 D/        (21518): [---null: -1---]  11112223  mLongAxisStartPadding110
05-22 13:38:54.853 D/        (21518): [---null: -1---]  11112223  mLongAxisEndPadding110
05-22 13:38:54.853 D/        (21518): [---null: -1---]  11112223  mRows4
05-22 13:38:54.869 D/ExchangeService(21518): Reconciling accounts...
05-22 13:38:54.877 V/a       (21518): Bind requested for task reconcileAccounts
05-22 13:38:54.892 V/a       (21518): Waiting for task reconcileAccounts to complete...
05-22 13:38:54.986 E/QueryController(21444): Cannot proceed when root node is null. Aborted search
05-22 13:38:54.986 E/QueryController(21444): Got null root node from accessibility - Retrying...
05-22 13:38:54.986 I/ActivityManager(  374): Displayed com.pekall.emdm.launcher/.Launcher: +2s993ms
05-22 13:38:55.010 D/        (21518): [---null: -1---]  1111222  mLongAxisStartPadding110
05-22 13:38:55.017 D/        (21518): [---null: -1---]  11112223  heightSpecSize1094
05-22 13:38:55.017 D/        (21518): [---null: -1---]  11112223  mLongAxisStartPadding110
05-22 13:38:55.017 D/        (21518): [---null: -1---]  11112223  mLongAxisEndPadding110
05-22 13:38:55.017 D/        (21518): [---null: -1---]  11112223  mRows4
05-22 13:38:55.017 D/        (21518): [---null: -1---]  1111222  mLongAxisStartPadding110
05-22 13:38:55.017 D/        (21518): [---null: -1---]  11112223  heightSpecSize1094
05-22 13:38:55.025 D/        (21518): [---null: -1---]  11112223  mLongAxisStartPadding110
05-22 13:38:55.025 D/        (21518): [---null: -1---]  11112223  mLongAxisEndPadding110
05-22 13:38:55.025 D/        (21518): [---null: -1---]  11112223  mRows4
05-22 13:38:55.025 D/        (21518): [---null: -1---]  1111222  mLongAxisStartPadding110
05-22 13:38:55.025 D/        (21518): [---null: -1---]  11112223  heightSpecSize1094
05-22 13:38:55.025 D/        (21518): [---null: -1---]  11112223  mLongAxisStartPadding110
05-22 13:38:55.025 D/        (21518): [---null: -1---]  11112223  mLongAxisEndPadding110
05-22 13:38:55.025 D/        (21518): [---null: -1---]  11112223  mRows4
05-22 13:38:55.025 D/        (21518): [---null: -1---]  1111222  mLongAxisStartPadding110
05-22 13:38:55.033 D/        (21518): [---null: -1---]  11112223  heightSpecSize1094
05-22 13:38:55.033 D/        (21518): [---null: -1---]  11112223  mLongAxisStartPadding110
05-22 13:38:55.033 D/        (21518): [---null: -1---]  11112223  mLongAxisEndPadding110
05-22 13:38:55.033 D/        (21518): [---null: -1---]  11112223  mRows4
05-22 13:38:55.033 D/        (21518): [---null: -1---]  1111222  mLongAxisStartPadding110
05-22 13:38:55.033 D/        (21518): [---null: -1---]  11112223  heightSpecSize1094
05-22 13:38:55.033 D/        (21518): [---null: -1---]  11112223  mLongAxisStartPadding110
05-22 13:38:55.033 D/        (21518): [---null: -1---]  11112223  mLongAxisEndPadding110
05-22 13:38:55.041 D/        (21518): [---null: -1---]  11112223  mRows4
05-22 13:38:55.041 D/        (21518): [---null: -1---]  1111222  mLongAxisStartPadding110
05-22 13:38:55.041 D/        (21518): [---null: -1---]  11112223  heightSpecSize1094
05-22 13:38:55.041 D/        (21518): [---null: -1---]  11112223  mLongAxisStartPadding110
05-22 13:38:55.041 D/        (21518): [---null: -1---]  11112223  mLongAxisEndPadding110
05-22 13:38:55.041 D/        (21518): [---null: -1---]  11112223  mRows4
05-22 13:38:55.041 D/        (21518): [---null: -1---]  1111222  mLongAxisStartPadding110
05-22 13:38:55.049 D/        (21518): [---null: -1---]  11112223  heightSpecSize1094
05-22 13:38:55.049 D/        (21518): [---null: -1---]  11112223  mLongAxisStartPadding110
05-22 13:38:55.049 D/        (21518): [---null: -1---]  11112223  mLongAxisEndPadding110
05-22 13:38:55.049 D/        (21518): [---null: -1---]  11112223  mRows4
05-22 13:38:55.049 D/        (21518): [---null: -1---]  1111222  mLongAxisStartPadding110
05-22 13:38:55.049 D/        (21518): [---null: -1---]  11112223  heightSpecSize1094
05-22 13:38:55.049 D/        (21518): [---null: -1---]  11112223  mLongAxisStartPadding110
05-22 13:38:55.049 D/        (21518): [---null: -1---]  11112223  mLongAxisEndPadding110
05-22 13:38:55.049 D/        (21518): [---null: -1---]  11112223  mRows4
05-22 13:38:55.056 D/        (21518): [---null: -1---]  1111222  mLongAxisStartPadding110
05-22 13:38:55.056 D/        (21518): [---null: -1---]  11112223  heightSpecSize1094
05-22 13:38:55.056 D/        (21518): [---null: -1---]  11112223  mLongAxisStartPadding110
05-22 13:38:55.056 D/        (21518): [---null: -1---]  11112223  mLongAxisEndPadding110
05-22 13:38:55.056 D/        (21518): [---null: -1---]  11112223  mRows4
05-22 13:38:55.056 D/        (21518): [---null: -1---]  1111222  mLongAxisStartPadding110
05-22 13:38:55.056 D/        (21518): [---null: -1---]  11112223  heightSpecSize1094
05-22 13:38:55.056 D/        (21518): [---null: -1---]  11112223  mLongAxisStartPadding110
05-22 13:38:55.056 D/        (21518): [---null: -1---]  11112223  mLongAxisEndPadding110
05-22 13:38:55.064 D/        (21518): [---null: -1---]  11112223  mRows4
05-22 13:38:55.096 V/a       (21518): Connected: com.pekall.semail.service.AccountServiceInternal
05-22 13:38:55.096 V/a       (21518): Connected: com.pekall.semail.service.AccountServiceInternal
05-22 13:38:55.103 V/a       (21518): Task reconcileAccounts completed; disconnecting
05-22 13:38:55.103 V/a       (21518): Wait for reconcileAccounts finished in 212ms
05-22 13:38:55.111 V/a       (21518): Connection test succeeded in 256ms
05-22 13:38:55.111 V/a       (21518): Task test completed; disconnecting
05-22 13:38:55.111 D/ExchangeService(21518): !!! EAS ExchangeService, stopping self
05-22 13:38:55.135 D/ExchangeService(21518): !!! EAS ExchangeService, onDestroy
05-22 13:38:55.150 D/BluetoothManagerService(  374): Message: 20
05-22 13:38:55.150 D/BluetoothManagerService(  374): Added callback: android.bluetooth.IBluetoothManagerCallback$Stub$Proxy@42644fa0:true
05-22 13:38:55.150 W/Settings(21518): Setting data_roaming has moved from android.provider.Settings.System to android.provider.Settings.Global, returning read-only value.
05-22 13:38:55.291 I/QueryController(21444): Matched selector: UiSelector[TEXT=Personal Mode] <<==>> [android.view.accessibility.AccessibilityNodeInfo@1bcbc; boundsInParent: Rect(0, 0 - 160, 200); boundsInScreen: Rect(190, 608 - 350, 808); packageName: com.pekall.emdm.launcher; className: android.widget.TextView; text: Personal Mode; contentDescription: null; viewIdResName: null; checkable: false; checked: false; focusable: false; focused: false; selected: false; clickable: true; longClickable: true; enabled: true; password: false; scrollable: false; [ACTION_SELECT, ACTION_CLEAR_SELECTION, ACTION_CLICK, ACTION_LONG_CLICK, ACTION_ACCESSIBILITY_FOCUS, ACTION_NEXT_AT_MOVEMENT_GRANULARITY, ACTION_PREVIOUS_AT_MOVEMENT_GRANULARITY, ACTION_SET_SELECTION]]
05-22 13:38:55.299 D/        (21518): [---null: -1---]  1111222  mLongAxisStartPadding110
05-22 13:38:55.299 D/        (21518): [---null: -1---]  11112223  heightSpecSize1094
05-22 13:38:55.299 D/        (21518): [---null: -1---]  11112223  mLongAxisStartPadding110
05-22 13:38:55.299 D/        (21518): [---null: -1---]  11112223  mLongAxisEndPadding110
05-22 13:38:55.299 D/        (21518): [---null: -1---]  11112223  mRows4
05-22 13:38:55.299 D/        (21518): [---null: -1---]  1111222  mLongAxisStartPadding110
05-22 13:38:55.299 D/        (21518): [---null: -1---]  11112223  heightSpecSize1094
05-22 13:38:55.299 D/        (21518): [---null: -1---]  11112223  mLongAxisStartPadding110
05-22 13:38:55.306 D/        (21518): [---null: -1---]  11112223  mLongAxisEndPadding110
05-22 13:38:55.306 D/        (21518): [---null: -1---]  11112223  mRows4
05-22 13:38:55.924 I/QueryController(21444): Matched selector: UiSelector[PACKAGE NAME=com.pekall.emdm.launcher] <<==>> [android.view.accessibility.AccessibilityNodeInfo@1792a; boundsInParent: Rect(0, 0 - 720, 1184); boundsInScreen: Rect(0, 0 - 720, 1184); packageName: com.pekall.emdm.launcher; className: android.widget.FrameLayout; text: null; contentDescription: null; viewIdResName: null; checkable: false; checked: false; focusable: false; focused: false; selected: false; clickable: false; longClickable: false; enabled: true; password: false; scrollable: false; [ACTION_SELECT, ACTION_CLEAR_SELECTION, ACTION_ACCESSIBILITY_FOCUS]]
05-22 13:38:55.939 I/QueryController(21444): Matched selector: UiSelector[TEXT=Personal Mode, CLASS=android.widget.TextView, PACKAGE NAME=com.pekall.emdm.launcher] <<==>> [android.view.accessibility.AccessibilityNodeInfo@1bcbc; boundsInParent: Rect(0, 0 - 160, 200); boundsInScreen: Rect(190, 608 - 350, 808); packageName: com.pekall.emdm.launcher; className: android.widget.TextView; text: Personal Mode; contentDescription: null; viewIdResName: null; checkable: false; checked: false; focusable: false; focused: false; selected: false; clickable: true; longClickable: true; enabled: true; password: false; scrollable: false; [ACTION_SELECT, ACTION_CLEAR_SELECTION, ACTION_CLICK, ACTION_LONG_CLICK, ACTION_ACCESSIBILITY_FOCUS, ACTION_NEXT_AT_MOVEMENT_GRANULARITY, ACTION_PREVIOUS_AT_MOVEMENT_GRANULARITY, ACTION_SET_SELECTION]]
05-22 13:38:55.955 I/QueryController(21444): Matched selector: UiSelector[TEXT=Personal Mode, CLASS=android.widget.TextView, PACKAGE NAME=com.pekall.emdm.launcher] <<==>> [android.view.accessibility.AccessibilityNodeInfo@1bcbc; boundsInParent: Rect(0, 0 - 160, 200); boundsInScreen: Rect(190, 608 - 350, 808); packageName: com.pekall.emdm.launcher; className: android.widget.TextView; text: Personal Mode; contentDescription: null; viewIdResName: null; checkable: false; checked: false; focusable: false; focused: false; selected: false; clickable: true; longClickable: true; enabled: true; password: false; scrollable: false; [ACTION_SELECT, ACTION_CLEAR_SELECTION, ACTION_CLICK, ACTION_LONG_CLICK, ACTION_ACCESSIBILITY_FOCUS, ACTION_NEXT_AT_MOVEMENT_GRANULARITY, ACTION_PREVIOUS_AT_MOVEMENT_GRANULARITY, ACTION_SET_SELECTION]]
05-22 13:38:55.963 I/AndroidRuntime(21444): VM exiting with result code 0.
05-22 13:38:57.853 D/CommandManager(21518): [null:-1]->requestType: DeviceInformation
05-22 13:38:57.892 W/Parcel  ( 1661): Attempt to read object from Parcel 0x5dfd3dac at offset 200 that is not in the object list
05-22 13:38:57.924 D/MdmDatabaseHelper(21518): [null:-1]->update command 9bf10d24-2f95-4e19-8ff9-e7fc38295862 to commandStatus <?xml version="1.0" encoding="UTF-8"?>
05-22 13:38:57.924 D/MdmDatabaseHelper(21518): <!DOCTYPE plist PUBLIC "-//Apple//DTD PLIST 1.0//EN" "http://www.apple.com/DTDs/PropertyList-1.0.dtd">
05-22 13:38:57.924 D/MdmDatabaseHelper(21518): <plist version="1.0">
05-22 13:38:57.924 D/MdmDatabaseHelper(21518): <dict>
05-22 13:38:57.924 D/MdmDatabaseHelper(21518): 	<key>QueryResponses</key>
05-22 13:38:57.924 D/MdmDatabaseHelper(21518): 	<dict>
05-22 13:38:57.924 D/MdmDatabaseHelper(21518): 		<key>deviceId</key>
05-22 13:38:57.924 D/MdmDatabaseHelper(21518): 		<string>00013fbc8ecec5b90000014622706459</string>
05-22 13:38:57.924 D/MdmDatabaseHelper(21518): 		<key>deviceSecurityStatus</key>
05-22 13:38:57.924 D/MdmDatabaseHelper(21518): 		<string>root</string>
05-22 13:38:57.924 D/MdmDatabaseHelper(21518): 		<key>diskTotal</key>
05-22 13:38:57.924 D/MdmDatabaseHelper(21518): 		<string>0.0</string>
05-22 13:38:57.924 D/MdmDatabaseHelper(21518): 		<key>diskUsed</key>
05-22 13:38:57.924 D/MdmDatabaseHelper(21518): 		<string>0.0</string>
05-22 13:38:57.924 D/MdmDatabaseHelper(21518): 		<key>displaySize</key>
05-22 13:38:57.924 D/MdmDatabaseHelper(21518): 		<string>720x1184</string>
05-22 13:38:57.924 D/MdmDatabaseHelper(21518): 		<key>freeDiskSize</key>
05-22 13:38:57.924 D/MdmDatabaseHelper(21518): 		<integer>0</integer>
05-22 13:38:57.924 D/MdmDatabaseHelper(21518): 		<key>freeRamSize</key>
05-22 13:38:57.924 D/MdmDatabaseHelper(21518): 		<integer>21983232</integer>
05-22 13:38:57.924 D/MdmDatabaseHelper(21518): 		<key>language</key>
05-22 13:38:57.924 D/MdmDatabaseHelper(21518): 		<string>en-US</string>
05-22 13:38:57.924 D/MdmDatabaseHelper(21518): 		<key>netSpeed</key>
05-22 13:38:57.924 D/MdmDatabaseHelper(21518): 		<dict>
05-22 13:38:57.924 D/MdmDatabaseHelper(21518): 			<key>downlink</key>
05-22 13:38:57.924 D/MdmDatabaseHelper(21518): 			<real>1.3552895E7</real>
05-22 13:38:57.924 D/MdmDatabaseHelper(21518): 			<key>uplink</key>
05-22 13:38:57.924 D/MdmDatabaseHelper(21518): 			<real>1.0410478333333334E7</real>
05-22 13:38:57.924 D/MdmDatabaseHelper(21518): 		</dict>
05-22 13:38:57.924 D/MdmDatabaseHelper(21518): 		<key>ramTotal</key>
05-22 13:38:57.924 D/MdmDatabaseHelper(21518): 		<string>728023040</string>
05-22 13:38:57.924 D/MdmDatabaseHelper(21518): 		<key>ramUsed</key>
05-22 13:38:57.924 D/MdmDatabaseHelper(21518): 		<string>706039808</string>
05-22 13:38:57.924 D/MdmDatabaseHelper(21518): 		<key>trafficBytes</key>
05-22 13:38:57.924 D/MdmDatabaseHelper(21518): 		<integer>0</integer>
05-22 13:38:57.924 D/MdmDatabaseHelper(21518): 		<key>AvailableDeviceCapacity</key>
05-22 13:38:57.924 D/MdmDatabaseHelper(21518): 		<real>1.3417168E7</real>
05-22 13:38:57.924 D/MdmDatabaseHelper(21518): 		<key>BuildVersion</key>
05-22 13:38:57.924 D/MdmDatabaseHelper(21518): 		<string>REL</string>
05-22 13:38:57.924 D/MdmDatabaseHelper(21518): 		<key>CanDisableSystemFunction</key>
05-22 13:38:57.924 D/MdmDatabaseHelper(21518): 		<false/>
05-22 13:38:57.924 D/MdmDatabaseHelper(21518): 		<key>CellularTechnology</key>
05-22 13:38:57.924 D/MdmDatabaseHelper(21518): 		<integer>3</integer>
05-22 13:38:57.924 D/MdmDatabaseHelper(21518): 		<key>CurrentCarrierNetwork</key>
05-22 13:38:57.924 D/MdmDatabaseHelper(21518): 		<string></string>
05-22 13:38:57.924 D/MdmDatabaseHelper(21518): 		<key>CurrentMCC</key>
05-22 13:38:57.924 D/MdmDatabaseHelper(21518): 		<string>cn</string>
05-22 13:38:57.924 D/MdmDatabaseHelper(21518): 		<key>CurrentMNC</key>
05-22 13:38:57.924 D/MdmDatabaseHelper(21518): 		<string>46001</string>
05-22 13:38:57.924 D/MdmDatabaseHelper(21518): 		<key>DataRoamingEnabled</key>
05-22 13:38:57.924 D/MdmDatabaseHelper(21518): 		<false/>
05-22 13:38:57.924 D/MdmDatabaseHelper(21518): 		<key>DeviceCapacity</key>
05-22 13:38:57.924 D/MdmDatabaseHelper(21518): 		<real>1.3975888E7</real>
05-22 13:38:57.924 D/MdmDatabaseHelper(21518): 		<key>HasSamsungSafeAPI</key>
05-22 13:38:57.924 D/MdmDatabaseHelper(21518): 		<false/>
05-22 13:38:57.924 D/MdmDatabaseHelper(21518): 		<key>ICCID</key>
05-22 13:38:57.924 D/MdmDatabaseHelper(21518): 		<string></string>
05-22 13:38:57.924 D/MdmDatabaseHelper(21518): 		<key>IMEI</key>
05-22 13:38:57.924 D/MdmDatabaseHelper(21518): 		<string>351554059027897</string>
05-22 13:38:57.924 D/MdmDatabaseHelper(21518): 		<key>IsRoaming</key>
05-22 13:38:57.924 D/MdmDatabaseHelper(21518): 		<false/>
05-22 13:38:57.924 D/MdmDatabaseHelper(21518): 		<key>Model</key>
05-22 13:38:57.924 D/MdmDatabaseHelper(21518): 		<string>Galaxy Nexus</string>
05-22 13:38:57.924 D/MdmDatabaseHelper(21518): 		<key>OSVersion</key>
05-22 13:38:57.924 D/MdmDatabaseHelper(21518): 		<string>4.3</string>
05-22 13:38:57.924 D/MdmDatabaseHelper(21518): 		<key>PhoneNumber</key>
05-22 13:38:57.924 D/MdmDatabaseHelper(21518): 		<string>0</string>
05-22 13:38:57.924 D/MdmDatabaseHelper(21518): 		<key>ProductName</key>
05-22 13:38:57.924 D/MdmDatabaseHelper(21518): 		<string>yakju</string>
05-22 13:38:57.924 D/MdmDatabaseHelper(21518): 		<key>SIMCarrierNetwork</key>
05-22 13:38:57.924 D/MdmDatabaseHelper(21518): 		<string></string>
05-22 13:38:57.924 D/MdmDatabaseHelper(21518): 		<key>SerialNumber</key>
05-22 13:38:57.924 D/MdmDatabaseHelper(21518): 		<string>014E0FFF06015018</string>
05-22 13:38:57.924 D/MdmDatabaseHelper(21518): 		<key>UDID</key>
05-22 13:38:57.924 D/MdmDatabaseHelper(21518): 		<string>00013fbc8ecec5b90000014622706459</string>
05-22 13:38:57.924 D/MdmDatabaseHelper(21518): 		<key>WiFiMAC</key>
05-22 13:38:57.924 D/MdmDatabaseHelper(21518): 		<string>20:64:32:7a:19:48</string>
05-22 13:38:57.924 D/MdmDatabaseHelper(21518): 	</dict>
05-22 13:38:57.924 D/MdmDatabaseHelper(21518): 	<key>CommandUUID</key>
05-22 13:38:57.924 D/MdmDatabaseHelper(21518): 	<string>9bf10d24-2f95-4e19-8ff9-e7fc38295862</string>
05-22 13:38:57.924 D/MdmDatabaseHelper(21518): 	<key>Status</key>
05-22 13:38:57.924 D/MdmDatabaseHelper(21518): 	<string>Acknowledged</string>
05-22 13:38:57.924 D/MdmDatabaseHelper(21518): 	<key>UDID</key>
05-22 13:38:57.924 D/MdmDatabaseHelper(21518): 	<string>00013fbc8ecec5b90000014622706459</string>
05-22 13:38:57.924 D/MdmDatabaseHelper(21518): </dict>
05-22 13:38:57.924 D/MdmDatabaseHelper(21518): </plist>
05-22 13:38:57.947 I/TransInfo(21518): TransInfo created, id: 3, class: class com.pekall.emdm.transaction.c.b
05-22 13:38:57.955 D/NetworkThread(21518): [null:-1]->----isRunning-----true
05-22 13:38:57.955 D/NetworkThread(21518): [null:-1]->----isRunning-----true
05-22 13:38:57.955 D/NetworkThread(21518): [null:-1]->thread wakeup
05-22 13:38:57.963 D/NetworkThread(21518): [null:-1]->sendHttpPost:PostRequest, url: http://192.168.10.21/rest/mdm/v1/ios/android_server, Params: [content:<?xml version="1.0" encoding="UTF-8"?>
05-22 13:38:57.963 D/NetworkThread(21518): <!DOCTYPE plist PUBLIC "-//Apple//DTD PLIST 1.0//EN" "http://www.apple.com/DTDs/PropertyList-1.0.dtd">
05-22 13:38:57.963 D/NetworkThread(21518): <plist version="1.0">
05-22 13:38:57.963 D/NetworkThread(21518): <dict>
05-22 13:38:57.963 D/NetworkThread(21518): 	<key>QueryResponses</key>
05-22 13:38:57.963 D/NetworkThread(21518): 	<dict>
05-22 13:38:57.963 D/NetworkThread(21518): 		<key>deviceId</key>
05-22 13:38:57.963 D/NetworkThread(21518): 		<string>00013fbc8ecec5b90000014622706459</string>
05-22 13:38:57.963 D/NetworkThread(21518): 		<key>deviceSecurityStatus</key>
05-22 13:38:57.963 D/NetworkThread(21518): 		<string>root</string>
05-22 13:38:57.963 D/NetworkThread(21518): 		<key>diskTotal</key>
05-22 13:38:57.963 D/NetworkThread(21518): 		<string>0.0</string>
05-22 13:38:57.963 D/NetworkThread(21518): 		<key>diskUsed</key>
05-22 13:38:57.963 D/NetworkThread(21518): 		<string>0.0</string>
05-22 13:38:57.963 D/NetworkThread(21518): 		<key>displaySize</key>
05-22 13:38:57.963 D/NetworkThread(21518): 		<string>720x1184</string>
05-22 13:38:57.963 D/NetworkThread(21518): 		<key>freeDiskSize</key>
05-22 13:38:57.963 D/NetworkThread(21518): 		<integer>0</integer>
05-22 13:38:57.963 D/NetworkThread(21518): 		<key>freeRamSize</key>
05-22 13:38:57.963 D/NetworkThread(21518): 		<integer>21983232</integer>
05-22 13:38:57.963 D/NetworkThread(21518): 		<key>language</key>
05-22 13:38:57.963 D/NetworkThread(21518): 		<string>en-US</string>
05-22 13:38:57.963 D/NetworkThread(21518): 		<key>netSpeed</key>
05-22 13:38:57.963 D/NetworkThread(21518): 		<dict>
05-22 13:38:57.963 D/NetworkThread(21518): 			<key>downlink</key>
05-22 13:38:57.963 D/NetworkThread(21518): 			<real>1.3552895E7</real>
05-22 13:38:57.963 D/NetworkThread(21518): 			<key>uplink</key>
05-22 13:38:57.963 D/NetworkThread(21518): 			<real>1.0410478333333334E7</real>
05-22 13:38:57.963 D/NetworkThread(21518): 		</dict>
05-22 13:38:57.963 D/NetworkThread(21518): 		<key>ramTotal</key>
05-22 13:38:57.963 D/NetworkThread(21518): 		<string>728023040</string>
05-22 13:38:57.963 D/NetworkThread(21518): 		<key>ramUsed</key>
05-22 13:38:57.963 D/NetworkThread(21518): 		<string>706039808</string>
05-22 13:38:57.963 D/NetworkThread(21518): 		<key>trafficBytes</key>
05-22 13:38:57.963 D/NetworkThread(21518): 		<integer>0</integer>
05-22 13:38:57.963 D/NetworkThread(21518): 		<key>AvailableDeviceCapacity</key>
05-22 13:38:57.963 D/NetworkThread(21518): 		<real>1.3417168E7</real>
05-22 13:38:57.963 D/NetworkThread(21518): 		<key>BuildVersion</key>
05-22 13:38:57.963 D/NetworkThread(21518): 		<string>REL</string>
05-22 13:38:57.963 D/NetworkThread(21518): 		<key>CanDisableSystemFunction</key>
05-22 13:38:57.963 D/NetworkThread(21518): 		<false/>
05-22 13:38:57.963 D/NetworkThread(21518): 		<key>CellularTechnology</key>
05-22 13:38:57.963 D/NetworkThread(21518): 		<integer>3</integer>
05-22 13:38:57.963 D/NetworkThread(21518): 		<key>CurrentCarrierNetwork</key>
05-22 13:38:57.963 D/NetworkThread(21518): 		<string></string>
05-22 13:38:57.963 D/NetworkThread(21518): 		<key>CurrentMCC</key>
05-22 13:38:57.963 D/NetworkThread(21518): 		<string>cn</string>
05-22 13:38:57.963 D/NetworkThread(21518): 		<key>CurrentMNC</key>
05-22 13:38:57.963 D/NetworkThread(21518): 		<string>46001</string>
05-22 13:38:57.963 D/NetworkThread(21518): 		<key>DataRoamingEnabled</key>
05-22 13:38:57.963 D/NetworkThread(21518): 		<false/>
05-22 13:38:57.963 D/NetworkThread(21518): 		<key>DeviceCapacity</key>
05-22 13:38:57.963 D/NetworkThread(21518): 		<real>1.3975888E7</real>
05-22 13:38:57.963 D/NetworkThread(21518): 		<key>HasSamsungSafeAPI</key>
05-22 13:38:57.963 D/NetworkThread(21518): 		<false/>
05-22 13:38:57.963 D/NetworkThread(21518): 		<key>ICCID</key>
05-22 13:38:57.963 D/NetworkThread(21518): 		<string></string>
05-22 13:38:57.963 D/NetworkThread(21518): 		<key>IMEI</key>
05-22 13:38:57.963 D/NetworkThread(21518): 		<string>351554059027897</string>
05-22 13:38:57.963 D/NetworkThread(21518): 		<key>IsRoaming</key>
05-22 13:38:57.963 D/NetworkThread(21518): 		<false/>
05-22 13:38:57.963 D/NetworkThread(21518): 		<key>Model</key>
05-22 13:38:57.963 D/NetworkThread(21518): 		<string>Galaxy Nexus</string>
05-22 13:38:57.963 D/NetworkThread(21518): 		<key>OSVersion</key>
05-22 13:38:57.963 D/NetworkThread(21518): 		<string>4.3</string>
05-22 13:38:57.963 D/NetworkThread(21518): 		<key>PhoneNumber</key>
05-22 13:38:57.963 D/NetworkThread(21518): 		<string>0</string>
05-22 13:38:57.963 D/NetworkThread(21518): 		<key>ProductName</key>
05-22 13:38:57.963 D/NetworkThread(21518): 		<string>yakju</string>
05-22 13:38:57.963 D/NetworkThread(21518): 		<key>SIMCarrierNetwork</key>
05-22 13:38:57.963 D/NetworkThread(21518): 		<string></string>
05-22 13:38:57.963 D/NetworkThread(21518): 		<key>SerialNumber</key>
05-22 13:38:57.963 D/NetworkThread(21518): 		<string>014E0FFF06015018</string>
05-22 13:38:57.963 D/NetworkThread(21518): 		<key>UDID</key>
05-22 13:38:57.963 D/NetworkThread(21518): 		<string>00013fbc8ecec5b90000014622706459</string>
05-22 13:38:57.963 D/NetworkThread(21518): 		<key>WiFiMAC</key>
05-22 13:38:57.963 D/NetworkThread(21518): 		<string>20:64:32:7a:19:48</string>
05-22 13:38:57.963 D/NetworkThread(21518): 	</dict>
05-22 13:38:57.963 D/NetworkThread(21518): 	<key>CommandUUID</key>
05-22 13:38:57.963 D/NetworkThread(21518): 	<string>9bf10d24-2f95-4e19-8ff9-e7fc38295862</string>
05-22 13:38:57.963 D/NetworkThread(21518): 	<key>Status</key>
05-22 13:38:57.963 D/NetworkThread(21518): 	<string>Acknowledged</string>
05-22 13:38:57.963 D/NetworkThread(21518): 	<key>UDID</key>
05-22 13:38:57.963 D/NetworkThread(21518): 	<string>00013fbc8ecec5b90000014622706459</string>
05-22 13:38:57.963 D/NetworkThread(21518): </dict>
05-22 13:38:57.963 D/NetworkThread(21518): </plist>], 
05-22 13:38:57.963 D/HttpClient(21518): enable apache.http debug
05-22 13:38:57.971 V/DEBUG   (21518): HTTP 0
05-22 13:38:58.588 D/MDM :   (21518): [null:-1]->statusCode : 200
05-22 13:38:58.588 D/MDM :   (21518): [null:-1]->statusCode : 200
05-22 13:38:58.588 V/DEBUG   (21518): HTTP 1
05-22 13:38:58.596 D/MDM :   (21518): [null:-1]->read network input stream
05-22 13:38:58.596 D/MDM :   (21518): [null:-1]->Get joson string: <?xml version="1.0" encoding="UTF-8"?>
05-22 13:38:58.596 D/MDM :   (21518): <!DOCTYPE plist PUBLIC "-//Apple//DTD PLIST 1.0//EN" "http://www.apple.com/DTDs/PropertyList-1.0.dtd">
05-22 13:38:58.596 D/MDM :   (21518): <plist version="1.0">
05-22 13:38:58.596 D/MDM :   (21518): <dict>
05-22 13:38:58.596 D/MDM :   (21518): 	<key>CommandUUID</key>
05-22 13:38:58.596 D/MDM :   (21518): 	<string>2d3ea166-d98e-469e-9055-8deedb18ec6c</string>
05-22 13:38:58.596 D/MDM :   (21518): 	<key>Command</key>
05-22 13:38:58.596 D/MDM :   (21518): 	<dict>
05-22 13:38:58.596 D/MDM :   (21518): 		<key>RequestType</key>
05-22 13:38:58.596 D/MDM :   (21518): 		<string>ManagedApplicationList</string>
05-22 13:38:58.596 D/MDM :   (21518): 	</dict>
05-22 13:38:58.596 D/MDM :   (21518): </dict>
05-22 13:38:58.596 D/MDM :   (21518): </plist>
05-22 13:38:58.603 D/MdmDatabaseHelper(21518): [null:-1]->update command 9bf10d24-2f95-4e19-8ff9-e7fc38295862 to status executed
05-22 13:38:58.627 D/CheckInTransInfo(21518): [null:-1]->CommandMsg : CommandMsg{CommandUUID='2d3ea166-d98e-469e-9055-8deedb18ec6c', Command=CommandObject{RequestType='ManagedApplicationList'}}
05-22 13:38:58.666 D/NetworkThread(21518): [null:-1]->clear mCurrentTransInfo
05-22 13:38:58.666 D/NetworkThread(21518): [null:-1]->queue is empty, thread wait...
05-22 13:38:58.760 D/MdmService(21518): [null:-1]->handleCheckInResult
05-22 13:38:58.760 D/MdmService(21518): [null:-1]->handleCheckInResult result keyIndex: 3
05-22 13:38:58.767 D/CommandManager(21518): [null:-1]->execute command: CommandMsg{CommandUUID='2d3ea166-d98e-469e-9055-8deedb18ec6c', Command=CommandObject{RequestType='ManagedApplicationList'}}
05-22 13:38:58.767 D/CommandManager(21518): [null:-1]->requestType: ManagedApplicationList
05-22 13:38:58.806 W/Parcel  ( 1661): Attempt to read object from Parcel 0x6003bdac at offset 200 that is not in the object list
05-22 13:38:58.830 D/MdmDatabaseHelper(21518): [null:-1]->update command 2d3ea166-d98e-469e-9055-8deedb18ec6c to commandStatus <?xml version="1.0" encoding="UTF-8"?>
05-22 13:38:58.830 D/MdmDatabaseHelper(21518): <!DOCTYPE plist PUBLIC "-//Apple//DTD PLIST 1.0//EN" "http://www.apple.com/DTDs/PropertyList-1.0.dtd">
05-22 13:38:58.830 D/MdmDatabaseHelper(21518): <plist version="1.0">
05-22 13:38:58.830 D/MdmDatabaseHelper(21518): <dict>
05-22 13:38:58.830 D/MdmDatabaseHelper(21518): 	<key>ManagedApplicationList</key>
05-22 13:38:58.830 D/MdmDatabaseHelper(21518): 	<dict>
05-22 13:38:58.830 D/MdmDatabaseHelper(21518): 	</dict>
05-22 13:38:58.830 D/MdmDatabaseHelper(21518): 	<key>CommandUUID</key>
05-22 13:38:58.830 D/MdmDatabaseHelper(21518): 	<string>2d3ea166-d98e-469e-9055-8deedb18ec6c</string>
05-22 13:38:58.830 D/MdmDatabaseHelper(21518): 	<key>Status</key>
05-22 13:38:58.830 D/MdmDatabaseHelper(21518): 	<string>Acknowledged</string>
05-22 13:38:58.830 D/MdmDatabaseHelper(21518): 	<key>UDID</key>
05-22 13:38:58.830 D/MdmDatabaseHelper(21518): 	<string>00013fbc8ecec5b90000014622706459</string>
05-22 13:38:58.830 D/MdmDatabaseHelper(21518): </dict>
05-22 13:38:58.830 D/MdmDatabaseHelper(21518): </plist>
05-22 13:38:58.853 I/TransInfo(21518): TransInfo created, id: 3, class: class com.pekall.emdm.transaction.c.b
05-22 13:38:58.853 D/NetworkThread(21518): [null:-1]->----isRunning-----true
05-22 13:38:58.853 D/NetworkThread(21518): [null:-1]->----isRunning-----true
05-22 13:38:58.853 D/NetworkThread(21518): [null:-1]->thread wakeup
05-22 13:38:58.861 D/NetworkThread(21518): [null:-1]->sendHttpPost:PostRequest, url: http://192.168.10.21/rest/mdm/v1/ios/android_server, Params: [content:<?xml version="1.0" encoding="UTF-8"?>
