05-22 13:38:16.728 W/WindowManager(  374): 	at android.content.res.TypedArray.getDrawable(TypedArray.java:601)
05-22 13:38:16.728 W/WindowManager(  374): 	at android.widget.FrameLayout.<init>(FrameLayout.java:109)
05-22 13:38:16.728 W/WindowManager(  374): 	at android.widget.FrameLayout.<init>(FrameLayout.java:97)
05-22 13:38:16.728 W/WindowManager(  374): 	... 18 more
05-22 13:38:16.752 D/dalvikvm(21518): GC_FOR_ALLOC freed 80K, 4% free 13272K/13720K, paused 23ms, total 23ms
05-22 13:38:16.760 I/dalvikvm-heap(21518): Grow heap (frag case) to 16.254MB for 3415696-byte allocation
05-22 13:38:16.799 D/dalvikvm(21518): GC_FOR_ALLOC freed <1K, 3% free 16607K/17056K, paused 43ms, total 43ms
05-22 13:38:16.830 D/dalvikvm(21518): GC_CONCURRENT freed 6K, 3% free 16606K/17056K, paused 3ms+2ms, total 25ms
05-22 13:38:16.853 D/LauncherProvider(21518): creating new launcher database
05-22 13:38:16.861 D/LauncherProvider(21518): converting database from an older format, but not onUpgrade
05-22 13:38:16.947 I/System.out(21518):  
05-22 13:38:16.947 I/System.out(21518): com.pekall.emdm.launcher.Workspace.setWallpaper(Unknown Source)
05-22 13:38:16.947 I/System.out(21518): com.pekall.emdm.launcher.Launcher.onResume(Unknown Source)
05-22 13:38:16.947 I/System.out(21518): android.app.Instrumentation.callActivityOnResume(Instrumentation.java:1192)
05-22 13:38:16.947 I/System.out(21518): android.app.Activity.performResume(Activity.java:5211)
05-22 13:38:16.947 I/System.out(21518): android.app.ActivityThread.performResumeActivity(ActivityThread.java:2780)
05-22 13:38:16.947 I/System.out(21518): android.app.ActivityThread.handleResumeActivity(ActivityThread.java:2819)
05-22 13:38:16.947 I/System.out(21518): android.app.ActivityThread.handleLaunchActivity(ActivityThread.java:2266)
05-22 13:38:16.947 I/System.out(21518): android.app.ActivityThread.access$600(ActivityThread.java:141)
05-22 13:38:16.947 I/System.out(21518): android.app.ActivityThread$H.handleMessage(ActivityThread.java:1256)
05-22 13:38:16.947 I/System.out(21518): android.os.Handler.dispatchMessage(Handler.java:99)
05-22 13:38:16.947 I/System.out(21518): android.os.Looper.loop(Looper.java:137)
05-22 13:38:16.947 I/System.out(21518): android.app.ActivityThread.main(ActivityThread.java:5103)
05-22 13:38:16.947 I/System.out(21518): java.lang.reflect.Method.invokeNative(Native Method)
05-22 13:38:16.947 I/System.out(21518): java.lang.reflect.Method.invoke(Method.java:525)
05-22 13:38:16.947 I/System.out(21518): com.android.internal.os.ZygoteInit$MethodAndArgsCaller.run(ZygoteInit.java:737)
05-22 13:38:16.947 I/System.out(21518): com.android.internal.os.ZygoteInit.main(ZygoteInit.java:553)
05-22 13:38:16.947 I/System.out(21518): dalvik.system.NativeStart.main(Native Method)
05-22 13:38:16.978 D/dalvikvm(21518): GC_FOR_ALLOC freed 3403K, 22% free 13336K/17056K, paused 19ms, total 19ms
05-22 13:38:16.978 I/dalvikvm-heap(21518): Grow heap (frag case) to 16.317MB for 3415696-byte allocation
05-22 13:38:17.010 D/dalvikvm(21518): GC_FOR_ALLOC freed 2K, 3% free 16668K/17056K, paused 28ms, total 28ms
05-22 13:38:17.010 D/MDM :   (21518): [null:-1]->icon instanceof BitmapDrawable
05-22 13:38:17.010 D/MDM :   (21518): [null:-1]->  iconWidth 96
05-22 13:38:17.010 D/MDM :   (21518): [null:-1]->  iconHeight 96
05-22 13:38:17.010 D/MDM :   (21518): [null:-1]->  107 96
05-22 13:38:17.010 D/        (21518): [---null: -1---]  xxd  getPackageName  com.pekall.emdm.launcher
05-22 13:38:17.010 D/        (21518): [---null: -1---]  xxd  getClassName  com.pekall.emdm.launcher.CustomShirtcutActivity
05-22 13:38:17.025 D/        (21518): [---null: -1---]  xxd info.title: Custom shortcut
05-22 13:38:17.033 D/MDM :   (21518): [null:-1]->icon instanceof BitmapDrawable
05-22 13:38:17.033 D/MDM :   (21518): [null:-1]->  iconWidth 104
05-22 13:38:17.033 D/MDM :   (21518): [null:-1]->  iconHeight 104
05-22 13:38:17.033 D/MDM :   (21518): [null:-1]->  107 104
05-22 13:38:17.033 D/        (21518): [---null: -1---]  xxd  getPackageName  com.pekall.emdm.launcher
05-22 13:38:17.033 D/        (21518): [---null: -1---]  xxd  getClassName  com.pekall.emdm.contacts.activities.DialtactsActivity
05-22 13:38:17.033 D/        (21518): [---null: -1---]  xxd info.title: Phone
05-22 13:38:17.041 D/MDM :   (21518): [null:-1]->icon instanceof BitmapDrawable
05-22 13:38:17.041 D/MDM :   (21518): [null:-1]->  iconWidth 104
05-22 13:38:17.041 D/MDM :   (21518): [null:-1]->  iconHeight 104
05-22 13:38:17.041 D/MDM :   (21518): [null:-1]->  107 104
05-22 13:38:17.041 D/        (21518): [---null: -1---]  xxd  getPackageName  com.pekall.emdm.launcher
05-22 13:38:17.041 D/        (21518): [---null: -1---]  xxd  getClassName  com.pekall.emdm.messagecenter.activity.MessageMainActivity
05-22 13:38:17.049 D/dalvikvm(21518): GC_CONCURRENT freed 127K, 2% free 16812K/17056K, paused 3ms+6ms, total 39ms
05-22 13:38:17.049 D/        (21518): [---null: -1---]  xxd info.title: Message Center
05-22 13:38:17.056 D/MDM :   (21518): [null:-1]->icon instanceof BitmapDrawable
05-22 13:38:17.056 D/MDM :   (21518): [null:-1]->  iconWidth 104
05-22 13:38:17.056 D/MDM :   (21518): [null:-1]->  iconHeight 104
05-22 13:38:17.056 D/MDM :   (21518): [null:-1]->  107 104
05-22 13:38:17.056 D/        (21518): [---null: -1---]  xxd  getPackageName  com.pekall.emdm.launcher
05-22 13:38:17.056 D/        (21518): [---null: -1---]  xxd  getClassName  com.pekall.emdm.document.activity.DocMainActivity
05-22 13:38:17.064 D/        (21518): [---null: -1---]  xxd info.title: Document Manager
05-22 13:38:17.072 D/MDM :   (21518): [null:-1]->icon instanceof BitmapDrawable
05-22 13:38:17.072 D/MDM :   (21518): [null:-1]->  iconWidth 104
05-22 13:38:17.072 D/MDM :   (21518): [null:-1]->  iconHeight 104
05-22 13:38:17.072 D/MDM :   (21518): [null:-1]->  107 104
05-22 13:38:17.072 D/        (21518): [---null: -1---]  xxd  getPackageName  com.pekall.emdm.launcher
05-22 13:38:17.080 D/        (21518): [---null: -1---]  xxd  getClassName  com.pekall.emdm.launcher.ui.BackPersonalActivity
05-22 13:38:17.080 D/        (21518): [---null: -1---]  xxd info.title: Personal Mode
05-22 13:38:17.088 D/MDM :   (21518): [null:-1]->icon instanceof BitmapDrawable
05-22 13:38:17.088 D/MDM :   (21518): [null:-1]->  iconWidth 104
05-22 13:38:17.088 D/MDM :   (21518): [null:-1]->  iconHeight 104
05-22 13:38:17.088 D/MDM :   (21518): [null:-1]->  107 104
05-22 13:38:17.088 D/        (21518): [---null: -1---]  xxd  getPackageName  com.pekall.emdm.launcher
05-22 13:38:17.088 D/        (21518): [---null: -1---]  xxd  getClassName  com.pekall.semail.activity.Welcome
05-22 13:38:17.088 D/        (21518): [---null: -1---]  xxd info.title: Email
05-22 13:38:17.103 D/MDM :   (21518): [null:-1]->icon instanceof BitmapDrawable
05-22 13:38:17.103 D/MDM :   (21518): [null:-1]->  iconWidth 104
05-22 13:38:17.103 D/MDM :   (21518): [null:-1]->  iconHeight 104
05-22 13:38:17.103 D/MDM :   (21518): [null:-1]->  107 104
05-22 13:38:17.103 D/        (21518): [---null: -1---]  xxd  getPackageName  com.pekall.emdm.launcher
05-22 13:38:17.103 D/        (21518): [---null: -1---]  xxd  getClassName  com.pekall.emdm.contacts.activities.PeopleActivity
05-22 13:38:17.103 D/        (21518): [---null: -1---]  xxd info.title: EmdmContacts
05-22 13:38:17.111 D/MDM :   (21518): [null:-1]->icon instanceof BitmapDrawable
05-22 13:38:17.111 D/MDM :   (21518): [null:-1]->  iconWidth 104
05-22 13:38:17.111 D/MDM :   (21518): [null:-1]->  iconHeight 104
05-22 13:38:17.111 D/MDM :   (21518): [null:-1]->  107 104
05-22 13:38:17.111 D/        (21518): [---null: -1---]  xxd  getPackageName  com.pekall.emdm.launcher
05-22 13:38:17.111 D/        (21518): [---null: -1---]  xxd  getClassName  com.pekall.emdm.browser.BrowserActivity
05-22 13:38:17.119 D/        (21518): [---null: -1---]  xxd info.title: Safe Browser
05-22 13:38:17.119 D/MDM :   (21518): [null:-1]->icon instanceof BitmapDrawable
05-22 13:38:17.119 D/MDM :   (21518): [null:-1]->  iconWidth 104
05-22 13:38:17.119 D/MDM :   (21518): [null:-1]->  iconHeight 104
05-22 13:38:17.119 D/MDM :   (21518): [null:-1]->  107 104
05-22 13:38:17.127 D/        (21518): [---null: -1---]  xxd  getPackageName  com.pekall.emdm.launcher
05-22 13:38:17.127 D/        (21518): [---null: -1---]  xxd  getClassName  com.pekall.emdm.launcher.ui.AboutActivity
05-22 13:38:17.127 D/        (21518): [---null: -1---]  xxd info.title: About
05-22 13:38:17.135 D/MDM :   (21518): [null:-1]->icon instanceof BitmapDrawable
05-22 13:38:17.135 D/MDM :   (21518): [null:-1]->  iconWidth 104
05-22 13:38:17.135 D/MDM :   (21518): [null:-1]->  iconHeight 104
05-22 13:38:17.135 D/MDM :   (21518): [null:-1]->  107 104
05-22 13:38:17.142 D/        (21518): [---null: -1---]  xxd  getPackageName  com.pekall.emdm.launcher
05-22 13:38:17.142 D/        (21518): [---null: -1---]  xxd  getClassName  com.pekall.emdm.launcher.ui.SettingActivity
05-22 13:38:17.142 D/        (21518): [---null: -1---]  xxd info.title: Setting
05-22 13:38:17.142 D/HomeLoaders(21518):   ----> workspace loader 1 finished loading data
05-22 13:38:17.142 D/HomeLoaders(21518):   ----> worskpace items=11
05-22 13:38:17.142 D/HomeLoaders(21518):   ----> worskpace widgets=0
05-22 13:38:17.142 D/HomeLoaders(21518):   --> done loading workspace; not stopped
05-22 13:38:17.142 D/HomeLoaders(21518):   ----> items cloned, ready to refresh UI
05-22 13:38:17.142 D/HomeLoaders(21518):   ----> loading applications from workspace loader
05-22 13:38:17.142 D/HomeLoaders(21518):   --> starting applications loader unlocked
05-22 13:38:17.142 D/HomeLoaders(21518):   --> starting applications loader
05-22 13:38:17.150 D/HomeLoaders(21518):   ----> running applications loader (1)
05-22 13:38:17.150 D/MDM :   (21518): [null:-1]->icon instanceof BitmapDrawable
05-22 13:38:17.150 D/MDM :   (21518): [null:-1]->  iconWidth 104
05-22 13:38:17.150 D/MDM :   (21518): [null:-1]->  iconHeight 104
05-22 13:38:17.150 D/MDM :   (21518): [null:-1]->  107 104
05-22 13:38:17.150 D/MDM :   (21518): [null:-1]->icon instanceof BitmapDrawable
05-22 13:38:17.150 D/MDM :   (21518): [null:-1]->  iconWidth 104
05-22 13:38:17.150 D/MDM :   (21518): [null:-1]->  iconHeight 104
05-22 13:38:17.150 D/MDM :   (21518): [null:-1]->  107 104
05-22 13:38:17.158 D/MDM :   (21518): [null:-1]->icon instanceof BitmapDrawable
05-22 13:38:17.158 D/MDM :   (21518): [null:-1]->  iconWidth 104
05-22 13:38:17.158 D/MDM :   (21518): [null:-1]->  iconHeight 104
05-22 13:38:17.158 D/MDM :   (21518): [null:-1]->  107 104
05-22 13:38:17.158 D/MDM :   (21518): [null:-1]->icon instanceof BitmapDrawable
05-22 13:38:17.158 D/MDM :   (21518): [null:-1]->  iconWidth 104
05-22 13:38:17.158 D/MDM :   (21518): [null:-1]->  iconHeight 104
05-22 13:38:17.158 D/MDM :   (21518): [null:-1]->  107 104
05-22 13:38:17.166 D/MDM :   (21518): [null:-1]->icon instanceof BitmapDrawable
05-22 13:38:17.166 D/MDM :   (21518): [null:-1]->  iconWidth 101
05-22 13:38:17.166 D/MDM :   (21518): [null:-1]->  iconHeight 101
05-22 13:38:17.166 D/MDM :   (21518): [null:-1]->  107 101
05-22 13:38:17.174 D/MDM :   (21518): [null:-1]->icon instanceof BitmapDrawable
05-22 13:38:17.174 D/MDM :   (21518): [null:-1]->  iconWidth 104
05-22 13:38:17.174 D/MDM :   (21518): [null:-1]->  iconHeight 104
05-22 13:38:17.174 D/MDM :   (21518): [null:-1]->  107 104
05-22 13:38:17.174 D/MDM :   (21518): [null:-1]->icon instanceof BitmapDrawable
05-22 13:38:17.174 D/MDM :   (21518): [null:-1]->  iconWidth 104
05-22 13:38:17.181 D/MDM :   (21518): [null:-1]->  iconHeight 104
05-22 13:38:17.181 D/MDM :   (21518): [null:-1]->  107 104
05-22 13:38:17.181 D/MDM :   (21518): [null:-1]->icon instanceof BitmapDrawable
05-22 13:38:17.181 D/MDM :   (21518): [null:-1]->  iconWidth 104
05-22 13:38:17.181 D/MDM :   (21518): [null:-1]->  iconHeight 104
05-22 13:38:17.181 D/MDM :   (21518): [null:-1]->  107 104
05-22 13:38:17.181 D/MDM :   (21518): [null:-1]->icon instanceof BitmapDrawable
05-22 13:38:17.181 D/MDM :   (21518): [null:-1]->  iconWidth 104
05-22 13:38:17.181 D/MDM :   (21518): [null:-1]->  iconHeight 104
05-22 13:38:17.181 D/MDM :   (21518): [null:-1]->  107 104
05-22 13:38:17.181 D/MDM :   (21518): [null:-1]->icon instanceof BitmapDrawable
05-22 13:38:17.181 D/MDM :   (21518): [null:-1]->  iconWidth 104
05-22 13:38:17.181 D/MDM :   (21518): [null:-1]->  iconHeight 104
05-22 13:38:17.181 D/MDM :   (21518): [null:-1]->  107 104
05-22 13:38:17.189 D/EmailProvider(21518): Creating EmailProviderBody database
05-22 13:38:17.213 W/EmailProvider(21518): restoreIfNeeded...
05-22 13:38:17.213 D/EmailProvider(21518): restoreAccounts...
05-22 13:38:17.221 D/dalvikvm(21538): DexOpt: load 52ms, verify+opt 1141ms, 1147988 bytes
05-22 13:38:17.228 W/ActivityManager(  374): Activity pause timeout for ActivityRecord{42f23960 u0 com.pekall.emdm.launcher/.Launcher}
05-22 13:38:17.236 V/WiseDownloadConditionControler(20342): checkCondition  type : WISE_DOWNLOAD  inerrupting: true
05-22 13:38:17.260 W/Parcel  ( 1661): Attempt to read object from Parcel 0x5ec3bdac at offset 200 that is not in the object list
05-22 13:38:17.353 D/dalvikvm(21518): DexOpt: --- END 'sc-jdk15on-1.47.0.2.dex.jar' (success) ---
05-22 13:38:17.353 D/dalvikvm(21518): DEX prep '/data/data/com.pekall.emdm.launcher/app_jars/sc-jdk15on-1.47.0.2.dex.jar': unzip in 69ms, rewrite 1501ms
05-22 13:38:17.353 D/EmailProvider(21518): Creating EmailProvider database
05-22 13:38:17.478 D/EmailProvider(21518): No accounts to restore...
05-22 13:38:17.478 D/EmailProvider(21518): Deleting orphans...
05-22 13:38:17.486 D/EmailProvider(21518): EmailProvider pre-caching...
05-22 13:38:17.549 D/dalvikvm(21518): GC_CONCURRENT freed 1482K, 8% free 17964K/19484K, paused 3ms+3ms, total 40ms
05-22 13:38:17.549 D/dalvikvm(21518): WAIT_FOR_CONCURRENT_GC blocked 24ms
05-22 13:38:17.549 D/dalvikvm(21518): WAIT_FOR_CONCURRENT_GC blocked 27ms
05-22 13:38:17.619 D/EmailProvider(21518): EmailProvider ready.
05-22 13:38:17.697 V/MyServiceConnection(21518): [SConnection] retry to bind service
05-22 13:38:17.697 V/MyServiceConnection(21518): [SConnection] sandbox service is NOT installed.
05-22 13:38:17.697 V/MyServiceConnection(21518): [SConnection] binding service: pekall.intent.action.SANDBOX_SERVICE
05-22 13:38:17.713 D/MdmService(21518): [null:-1]->create mdm service
05-22 13:38:17.713 D/AssistantPhoneService(21518): [---null: -1---]onCreate====================
05-22 13:38:17.736 D/ExchangeService(21518): !!! EAS ExchangeService, onCreate
05-22 13:38:17.736 V/MyServiceConnection(21518): [SConnection] retry to bind service
05-22 13:38:17.736 W/Parcel  ( 1661): Attempt to read object from Parcel 0x6003bdac at offset 200 that is not in the object list
05-22 13:38:17.736 V/MyServiceConnection(21518): [SConnection] sandbox service is NOT installed.
05-22 13:38:17.736 V/MyServiceConnection(21518): [SConnection] binding service: pekall.intent.action.SANDBOX_SERVICE
05-22 13:38:17.744 D/LauncherApplication(21518): [null:-1]->onActivityPaused
05-22 13:38:17.744 D/LauncherApplication(21518): [null:-1]->onActivityPaused  updateTime
05-22 13:38:17.752 I/Choreographer(21518): Skipped 35 frames!  The application may be doing too much work on its main thread.
05-22 13:38:17.767 W/ActivityManager(  374): Unable to start service Intent { cmp=com.pekall.emdm.launcher/com.pekall.semail.service.AttachmentDownloadService } U=0: not found
05-22 13:38:17.775 D/libEGL  (21518): loaded /vendor/lib/egl/libEGL_POWERVR_SGX540_120.so
05-22 13:38:17.783 D/libEGL  (21518): loaded /vendor/lib/egl/libGLESv1_CM_POWERVR_SGX540_120.so
05-22 13:38:17.783 D/libEGL  (21518): loaded /vendor/lib/egl/libGLESv2_POWERVR_SGX540_120.so
05-22 13:38:17.830 I/Email   (21518): Notifications being toggled: false
05-22 13:38:17.838 D/OpenGLRenderer(21518): Enabling debug mode 0
05-22 13:38:17.846 D/HomeLoaders(21518):   ----> onDesktopItemsLoaded()
05-22 13:38:17.846 D/Launcher(21518): ------> binding 11 items
05-22 13:38:17.846 D/Launcher(21518): ------> binding 0 widgets
05-22 13:38:17.846 D/Launcher(21518): ------> start binding items
05-22 13:38:17.846 D/HomeLoaders(21518):   ----> cleared application list
05-22 13:38:17.924 V/LauncherApplication(21518): onActivityStarted
05-22 13:38:17.931 D/        (21518): [---null: -1---]     awsa  onActivityResumed
05-22 13:38:17.931 V/LauncherApplication(21518): 2MdmConstant.LAST_LAUNCH_TIME = 1400737097754
05-22 13:38:17.931 D/        (21518): [---null: -1---]  activity = com.pekall.emdm.ui.SplashActivity
05-22 13:38:17.947 V/MyServiceConnection(21518): [SConnection] onServiceConnected, comp: com.pekall.sandbox.service.SandboxService
05-22 13:38:17.955 D/AuthenticationManager(21518): [21518] binder package: com.pekall.emdm.launcher
05-22 13:38:18.010 D/AuthenticationManager(21518): [21518] not authorized.
05-22 13:38:18.010 D/MdmService(21518): [null:-1]->receiver action :android.net.conn.CONNECTIVITY_CHANGE
05-22 13:38:18.017 D/AssistantPhoneService(21518): [---null: -1---]currentCall====================1400737098020
05-22 13:38:18.017 D/Assistant(21518): [---null: -1---]  call dataChange
05-22 13:38:18.056 I/ActivityManager(  374): Start proc com.qihoo360.mobilesafe:remote for content provider com.qihoo360.mobilesafe/.shield.provider.EmptyProvider: pid=21560 uid=10069 gids={50069, 3003, 1015, 3001, 3002, 1006, 1028}
05-22 13:38:18.072 I/dalvikvm(21560): Turning on JNI app bug workarounds for target SDK version 8...
05-22 13:38:18.142 V/l       (21518): Connected: com.pekall.exchange.ExchangeService
05-22 13:38:18.142 V/l       (21518): Connected: com.pekall.exchange.ExchangeService
05-22 13:38:18.142 D/SConnection(21518): classname is com.pekall.emdm.messagecenter.controller.MessageCenterService
05-22 13:38:18.142 D/ExchangeService(21518): !!! EAS ExchangeService, onStartCommand, startingUp = false, running = false
05-22 13:38:18.142 D/ExchangeService(21518): to start secureStorageService now
05-22 13:38:18.158 V/l       (21518): Task setLogging completed; disconnecting
05-22 13:38:18.158 V/a       (21518): Bind requested for task test
05-22 13:38:18.228 V/a       (21518): Bind requested for task getDeviceId
05-22 13:38:18.228 V/a       (21518): Waiting for task getDeviceId to complete...
05-22 13:38:18.236 V/l       (21518): Task setLogging completed; disconnecting
05-22 13:38:18.244 W/ActivityManager(  374): Unable to start service Intent { cmp=com.pekall.emdm.launcher/com.pekall.semail.service.AttachmentDownloadService } U=0: not found
05-22 13:38:18.252 I/Email   (21518): Notifications being toggled: false
05-22 13:38:18.291 W/InteractionController(21444): runAndwaitForEvent timedout waiting for events
05-22 13:38:18.322 D/MDM :   (21518): [null:-1]->  iconWidth 104
05-22 13:38:18.322 D/MDM :   (21518): [null:-1]->  iconHeight 104
05-22 13:38:18.322 D/MDM :   (21518): [null:-1]->  107 104
05-22 13:38:18.322 D/MDM :   (21518): [null:-1]->width 104
05-22 13:38:18.322 D/MDM :   (21518): [null:-1]->height 104
05-22 13:38:18.322 D/MDM :   (21518): [null:-1]->scale 1.0
05-22 13:38:18.322 D/MDM :   (21518): [null:-1]->tint false
05-22 13:38:18.322 D/MDM :   (21518): [null:-1]->width 104
05-22 13:38:18.322 D/MDM :   (21518): [null:-1]->height 104
05-22 13:38:18.322 D/MDM :   (21518): [null:-1]->scale 1.0
05-22 13:38:18.322 D/MDM :   (21518): [null:-1]->tint false
05-22 13:38:18.322 D/MDM :   (21518): [null:-1]->  iconWidth 104
05-22 13:38:18.322 D/MDM :   (21518): [null:-1]->  iconHeight 104
05-22 13:38:18.322 D/MDM :   (21518): [null:-1]->  107 104
05-22 13:38:18.572 D/dalvikvm(21518): JIT unchain all for threadid=11
05-22 13:38:18.580 D/MDM :   (21518): [null:-1]->width 104
05-22 13:38:18.580 D/MDM :   (21518): [null:-1]->height 104
05-22 13:38:18.580 D/MDM :   (21518): [null:-1]->scale 1.0
05-22 13:38:18.580 D/MDM :   (21518): [null:-1]->tint false
05-22 13:38:18.861 D/dalvikvm(21518): JIT unchain all for threadid=11
05-22 13:38:18.877 D/dalvikvm(21518): GC_CONCURRENT freed 1505K, 8% free 19443K/20992K, paused 254ms+260ms, total 554ms
05-22 13:38:18.877 D/dalvikvm(21518): WAIT_FOR_CONCURRENT_GC blocked 294ms
05-22 13:38:18.877 D/MDM :   (21518): [null:-1]->width 104
05-22 13:38:18.877 D/MDM :   (21518): [null:-1]->height 104
05-22 13:38:18.885 W/CursorWrapperInner(21518): Cursor finalized without prior close()
05-22 13:38:18.885 D/MDM :   (21518): [null:-1]->scale 1.0
05-22 13:38:18.885 D/MDM :   (21518): [null:-1]->tint false
05-22 13:38:18.885 D/MDM :   (21518): [null:-1]->width 104
05-22 13:38:18.892 D/MDM :   (21518): [null:-1]->height 104
05-22 13:38:18.892 D/MDM :   (21518): [null:-1]->scale 1.0
05-22 13:38:18.892 D/MDM :   (21518): [null:-1]->tint false
05-22 13:38:18.892 D/MDM :   (21518): [null:-1]->  iconWidth 104
05-22 13:38:18.892 D/MDM :   (21518): [null:-1]->  iconHeight 104
05-22 13:38:18.892 D/MDM :   (21518): [null:-1]->  107 104
05-22 13:38:18.892 D/MDM :   (21518): [null:-1]->width 104
05-22 13:38:18.892 D/MDM :   (21518): [null:-1]->height 104
05-22 13:38:18.892 D/MDM :   (21518): [null:-1]->scale 1.0
05-22 13:38:18.900 D/MDM :   (21518): [null:-1]->tint false
05-22 13:38:18.900 D/MDM :   (21518): [null:-1]->width 104
05-22 13:38:18.900 D/MDM :   (21518): [null:-1]->height 104
05-22 13:38:18.900 D/MDM :   (21518): [null:-1]->scale 1.0
05-22 13:38:18.900 D/MDM :   (21518): [null:-1]->tint false
05-22 13:38:18.900 D/MDM :   (21518): [null:-1]->width 104
05-22 13:38:18.900 D/MDM :   (21518): [null:-1]->height 104
05-22 13:38:18.900 D/MDM :   (21518): [null:-1]->scale 1.0
05-22 13:38:18.908 D/MDM :   (21518): [null:-1]->tint false
05-22 13:38:18.908 D/MDM :   (21518): [null:-1]->  iconWidth 104
05-22 13:38:18.916 D/MDM :   (21518): [null:-1]->  iconHeight 104
05-22 13:38:18.916 D/MDM :   (21518): [null:-1]->  107 104
05-22 13:38:18.916 D/        (21518): [---null: -1---]  xxd111  getPackageName  com.pekall.emdm.launcher
05-22 13:38:18.916 D/        (21518): [---null: -1---]  xxd111  getClassName  com.pekall.emdm.document.activity.DocMainActivity
05-22 13:38:18.916 D/        (21518): [---null: -1---]  xxd111  info.title  Document Manager ,count is 0
05-22 13:38:18.924 D/MDM :   (21518): [null:-1]->  iconWidth 104
05-22 13:38:18.924 D/MDM :   (21518): [null:-1]->  iconHeight 104
05-22 13:38:18.924 D/MDM :   (21518): [null:-1]->  107 104
05-22 13:38:18.924 D/        (21518): [---null: -1---]  xxd111  getPackageName  com.pekall.emdm.launcher
05-22 13:38:18.924 D/        (21518): [---null: -1---]  xxd111  getClassName  com.pekall.emdm.launcher.ui.BackPersonalActivity
05-22 13:38:18.924 D/        (21518): [---null: -1---]  xxd111  info.title  Personal Mode ,count is 0
05-22 13:38:18.931 D/MDM :   (21518): [null:-1]->  iconWidth 104
05-22 13:38:18.931 D/MDM :   (21518): [null:-1]->  iconHeight 104
05-22 13:38:18.931 D/MDM :   (21518): [null:-1]->  107 104
05-22 13:38:18.931 D/        (21518): [---null: -1---]  xxd111  getPackageName  com.pekall.emdm.launcher
05-22 13:38:18.931 D/        (21518): [---null: -1---]  xxd111  getClassName  com.pekall.semail.activity.Welcome
05-22 13:38:18.931 D/        (21518): [---null: -1---]  xxd111  info.title  Email ,count is 0
05-22 13:38:18.947 I/Choreographer(21518): Skipped 36 frames!  The application may be doing too much work on its main thread.
05-22 13:38:19.103 I/ActivityManager(  374): Displayed com.pekall.emdm.launcher/com.pekall.emdm.ui.SplashActivity: +1s881ms (total +3s518ms)
05-22 13:38:19.103 I/ActivityManager(  374): Displayed com.pekall.emdm.launcher/.Launcher: +3s518ms
05-22 13:38:19.111 D/MDM :   (21518): [null:-1]->  iconWidth 104
05-22 13:38:19.111 D/MDM :   (21518): [null:-1]->  iconHeight 104
05-22 13:38:19.111 D/MDM :   (21518): [null:-1]->  107 104
05-22 13:38:19.111 D/        (21518): [---null: -1---]  xxd111  getPackageName  com.pekall.emdm.launcher
05-22 13:38:19.111 D/        (21518): [---null: -1---]  xxd111  getClassName  com.pekall.emdm.contacts.activities.PeopleActivity
05-22 13:38:19.111 D/        (21518): [---null: -1---]  xxd111  info.title  EmdmContacts ,count is 0
05-22 13:38:19.119 D/MDM :   (21518): [null:-1]->  iconWidth 104
05-22 13:38:19.119 D/MDM :   (21518): [null:-1]->  iconHeight 104
05-22 13:38:19.119 D/MDM :   (21518): [null:-1]->  107 104
05-22 13:38:19.119 D/        (21518): [---null: -1---]  xxd111  getPackageName  com.pekall.emdm.launcher
05-22 13:38:19.119 D/        (21518): [---null: -1---]  xxd111  getClassName  com.pekall.emdm.browser.BrowserActivity
05-22 13:38:19.119 D/        (21518): [---null: -1---]  xxd111  info.title  Safe Browser ,count is 0
05-22 13:38:19.119 D/MDM :   (21518): [null:-1]->  iconWidth 104
05-22 13:38:19.119 D/MDM :   (21518): [null:-1]->  iconHeight 104
05-22 13:38:19.127 D/MDM :   (21518): [null:-1]->  107 104
05-22 13:38:19.127 D/        (21518): [---null: -1---]  xxd111  getPackageName  com.pekall.emdm.launcher
05-22 13:38:19.127 D/        (21518): [---null: -1---]  xxd111  getClassName  com.pekall.emdm.launcher.ui.AboutActivity
05-22 13:38:19.127 D/        (21518): [---null: -1---]  xxd111  info.title  About ,count is 0
05-22 13:38:19.127 D/MDM :   (21518): [null:-1]->  iconWidth 104
05-22 13:38:19.127 D/MDM :   (21518): [null:-1]->  iconHeight 104
05-22 13:38:19.127 D/MDM :   (21518): [null:-1]->  107 104
05-22 13:38:19.127 D/        (21518): [---null: -1---]  xxd111  getPackageName  com.pekall.emdm.launcher
05-22 13:38:19.135 D/        (21518): [---null: -1---]  xxd111  getClassName  com.pekall.emdm.launcher.ui.SettingActivity
05-22 13:38:19.135 D/        (21518): [---null: -1---]  xxd111  info.title  Setting ,count is 0
05-22 13:38:19.408 D/dalvikvm(21518): JIT unchain all for threadid=11
05-22 13:38:19.447 D/dalvikvm(21518): GC_FOR_ALLOC freed 1387K, 11% free 19645K/21904K, paused 282ms, total 282ms
05-22 13:38:19.455 I/dalvikvm-heap(21518): Grow heap (frag case) to 22.478MB for 3415696-byte allocation
05-22 13:38:19.705 D/dalvikvm(21518): JIT unchain all for threadid=11
05-22 13:38:19.752 D/dalvikvm(21518): GC_FOR_ALLOC freed 2K, 9% free 22978K/25240K, paused 293ms, total 293ms
05-22 13:38:19.830 V/a       (21518): Connected: com.pekall.semail.service.AccountServiceInternal
05-22 13:38:19.830 V/a       (21518): Connected: com.pekall.semail.service.AccountServiceInternal
05-22 13:38:19.830 V/a       (21518): Connection test succeeded in 1672ms
05-22 13:38:19.830 V/a       (21518): Task test completed; disconnecting
05-22 13:38:19.830 W/Parcel  ( 1661): Attempt to read object from Parcel 0x5ec3bdac at offset 200 that is not in the object list
05-22 13:38:19.830 I/ActivityManager(  374): START u0 {cmp=com.pekall.emdm.launcher/com.pekall.emdm.ui.AdvActivity} from pid 21518
05-22 13:38:19.838 W/Parcel  ( 1661): Attempt to read object from Parcel 0x6003bdac at offset 200 that is not in the object list
05-22 13:38:19.939 D/dalvikvm(  374): GC_FOR_ALLOC freed 1436K, 20% free 24274K/30132K, paused 71ms, total 71ms
05-22 13:38:19.947 V/a       (21518): Task getDeviceId completed; disconnecting
05-22 13:38:19.947 V/a       (21518): Wait for getDeviceId finished in 1717ms
05-22 13:38:19.947 D/ExchangeService(21518): Received deviceId from Email app: androidc2130646576
05-22 13:38:19.947 D/ExchangeService(21518): Reconciling accounts...
05-22 13:38:19.947 V/a       (21518): Bind requested for task reconcileAccounts
05-22 13:38:19.955 V/l       (21518): Bind requested for task setLogging
05-22 13:38:19.955 V/a       (21518): Waiting for task reconcileAccounts to complete...
05-22 13:38:19.978 D/MDM :   (21518): [null:-1]->  iconWidth 104
05-22 13:38:19.978 D/MDM :   (21518): [null:-1]->  iconHeight 104
05-22 13:38:19.978 D/MDM :   (21518): [null:-1]->  107 104
05-22 13:38:19.978 D/MDM :   (21518): [null:-1]->  iconWidth 104
05-22 13:38:19.986 D/MDM :   (21518): [null:-1]->  iconHeight 104
05-22 13:38:19.986 D/MDM :   (21518): [null:-1]->  107 104
05-22 13:38:19.986 D/MDM :   (21518): [null:-1]->  iconWidth 104
05-22 13:38:19.986 D/MDM :   (21518): [null:-1]->  iconHeight 104
05-22 13:38:19.986 D/MDM :   (21518): [null:-1]->  107 104
05-22 13:38:19.986 D/MDM :   (21518): [null:-1]->  iconWidth 104
05-22 13:38:19.986 D/MDM :   (21518): [null:-1]->  iconHeight 104
05-22 13:38:19.986 D/MDM :   (21518): [null:-1]->  107 104
05-22 13:38:19.994 D/MDM :   (21518): [null:-1]->  iconWidth 104
05-22 13:38:19.994 D/MDM :   (21518): [null:-1]->  iconHeight 104
05-22 13:38:19.994 D/MDM :   (21518): [null:-1]->  107 104
05-22 13:38:19.994 D/MDM :   (21518): [null:-1]->  iconWidth 104
05-22 13:38:19.994 D/MDM :   (21518): [null:-1]->  iconHeight 104
05-22 13:38:20.002 D/MDM :   (21518): [null:-1]->  107 104
05-22 13:38:20.002 D/MDM :   (21518): [null:-1]->  iconWidth 104
05-22 13:38:20.002 D/MDM :   (21518): [null:-1]->  iconHeight 104
05-22 13:38:20.002 D/MDM :   (21518): [null:-1]->  107 104
05-22 13:38:20.002 D/MDM :   (21518): [null:-1]->  iconWidth 104
05-22 13:38:20.002 D/MDM :   (21518): [null:-1]->  iconHeight 104
05-22 13:38:20.002 D/MDM :   (21518): [null:-1]->  107 104
05-22 13:38:20.010 D/MDM :   (21518): [null:-1]->  iconWidth 104
05-22 13:38:20.010 D/MDM :   (21518): [null:-1]->  iconHeight 104
05-22 13:38:20.010 D/MDM :   (21518): [null:-1]->  107 104
05-22 13:38:20.010 D/MDM :   (21518): [null:-1]->  iconWidth 104
05-22 13:38:20.010 D/MDM :   (21518): [null:-1]->  iconHeight 104
05-22 13:38:20.010 D/MDM :   (21518): [null:-1]->  107 104
05-22 13:38:20.017 D/LauncherApplication(21518): [null:-1]->onActivityPaused
05-22 13:38:20.025 D/ExchangeService(21518): !!! EAS ExchangeService, onStartCommand, startingUp = true, running = false
05-22 13:38:20.033 V/l       (21518): Connected: com.pekall.exchange.ExchangeService
05-22 13:38:20.033 V/l       (21518): Task setLogging completed; disconnecting
05-22 13:38:20.072 V/LauncherApplication(21518): onActivityStarted
05-22 13:38:20.072 D/        (21518): [---null: -1---]     awsa  onActivityResumed
05-22 13:38:20.072 V/LauncherApplication(21518): 2MdmConstant.LAST_LAUNCH_TIME = 1400737097754
05-22 13:38:20.080 D/        (21518): [---null: -1---]  activity = com.pekall.emdm.ui.AdvActivity
05-22 13:38:20.088 V/a       (21518): Connected: com.pekall.semail.service.AccountServiceInternal
05-22 13:38:20.088 V/a       (21518): Task reconcileAccounts completed; disconnecting
05-22 13:38:20.096 V/a       (21518): Wait for reconcileAccounts finished in 134ms
05-22 13:38:20.447 D/dalvikvm(21518): JIT unchain all for threadid=11
05-22 13:38:20.486 D/dalvikvm(21518): GC_FOR_ALLOC freed 686K, 8% free 25140K/27320K, paused 283ms, total 283ms
05-22 13:38:20.494 D/ExchangeService(21518): !!! EAS ExchangeService, stopping self
05-22 13:38:20.681 D/ExchangeService(21518): !!! EAS ExchangeService, onDestroy
05-22 13:38:20.783 I/ActivityManager(  374): Displayed com.pekall.emdm.launcher/com.pekall.emdm.ui.AdvActivity: +764ms
05-22 13:38:21.322 I/QueryController(21444): Matched selector: UiSelector[PACKAGE NAME=com.pekall.emdm.launcher] <<==>> [android.view.accessibility.AccessibilityNodeInfo@851d; boundsInParent: Rect(0, 0 - 720, 1184); boundsInScreen: Rect(0, 0 - 720, 1184); packageName: com.pekall.emdm.launcher; className: android.widget.FrameLayout; text: null; contentDescription: null; viewIdResName: null; checkable: false; checked: false; focusable: false; focused: false; selected: false; clickable: false; longClickable: false; enabled: true; password: false; scrollable: false; [ACTION_SELECT, ACTION_CLEAR_SELECTION, ACTION_ACCESSIBILITY_FOCUS]]
05-22 13:38:21.322 D/dalvikvm(21444): GC_CONCURRENT freed 440K, 93% free 593K/8192K, paused 0ms+1ms, total 6ms
05-22 13:38:21.330 I/QueryController(21444): Matched selector: UiSelector[RESOURCE_ID=com.pekall.emdm.launcher:id/circle_indicator] <<==>> [android.view.accessibility.AccessibilityNodeInfo@97e2; boundsInParent: Rect(0, 0 - 720, 21); boundsInScreen: Rect(0, 1123 - 720, 1144); packageName: com.pekall.emdm.launcher; className: android.view.View; text: null; contentDescription: null; viewIdResName: com.pekall.emdm.launcher:id/circle_indicator; checkable: false; checked: false; focusable: false; focused: false; selected: false; clickable: false; longClickable: false; enabled: true; password: false; scrollable: false; [ACTION_SELECT, ACTION_CLEAR_SELECTION, ACTION_ACCESSIBILITY_FOCUS]]
05-22 13:38:22.150 D/dalvikvm(21518): JIT unchain all for threadid=11
05-22 13:38:22.174 D/dalvikvm(21518): GC_FOR_ALLOC freed 39K, 8% free 27234K/29400K, paused 277ms, total 277ms
05-22 13:38:23.166 D/dalvikvm(21518): JIT unchain all for threadid=11
05-22 13:38:23.189 D/dalvikvm(21518): GC_FOR_ALLOC freed 737K, 10% free 28583K/31480K, paused 275ms, total 275ms
05-22 13:38:24.471 I/QueryController(21444): Matched selector: UiSelector[TEXT=Start] <<==>> [android.view.accessibility.AccessibilityNodeInfo@b9ab; boundsInParent: Rect(0, 0 - 400, 96); boundsInScreen: Rect(160, 997 - 560, 1093); packageName: com.pekall.emdm.launcher; className: android.widget.Button; text: Start; contentDescription: null; viewIdResName: com.pekall.emdm.launcher:id/start; checkable: false; checked: false; focusable: true; focused: false; selected: false; clickable: true; longClickable: false; enabled: true; password: false; scrollable: false; [ACTION_FOCUS, ACTION_SELECT, ACTION_CLEAR_SELECTION, ACTION_CLICK, ACTION_ACCESSIBILITY_FOCUS, ACTION_NEXT_AT_MOVEMENT_GRANULARITY, ACTION_PREVIOUS_AT_MOVEMENT_GRANULARITY, ACTION_SET_SELECTION]]
05-22 13:38:24.494 I/QueryController(21444): Matched selector: UiSelector[TEXT=Start, CLASS=android.widget.Button] <<==>> [android.view.accessibility.AccessibilityNodeInfo@b9ab; boundsInParent: Rect(0, 0 - 400, 96); boundsInScreen: Rect(160, 997 - 560, 1093); packageName: com.pekall.emdm.launcher; className: android.widget.Button; text: Start; contentDescription: null; viewIdResName: com.pekall.emdm.launcher:id/start; checkable: false; checked: false; focusable: true; focused: false; selected: false; clickable: true; longClickable: false; enabled: true; password: false; scrollable: false; [ACTION_FOCUS, ACTION_SELECT, ACTION_CLEAR_SELECTION, ACTION_CLICK, ACTION_ACCESSIBILITY_FOCUS, ACTION_NEXT_AT_MOVEMENT_GRANULARITY, ACTION_PREVIOUS_AT_MOVEMENT_GRANULARITY, ACTION_SET_SELECTION]]
05-22 13:38:24.502 I/QueryController(21444): Matched selector: UiSelector[TEXT=Start, CLASS=android.widget.Button] <<==>> [android.view.accessibility.AccessibilityNodeInfo@b9ab; boundsInParent: Rect(0, 0 - 400, 96); boundsInScreen: Rect(160, 997 - 560, 1093); packageName: com.pekall.emdm.launcher; className: android.widget.Button; text: Start; contentDescription: null; viewIdResName: com.pekall.emdm.launcher:id/start; checkable: false; checked: false; focusable: true; focused: false; selected: false; clickable: true; longClickable: false; enabled: true; password: false; scrollable: false; [ACTION_FOCUS, ACTION_SELECT, ACTION_CLEAR_SELECTION, ACTION_CLICK, ACTION_ACCESSIBILITY_FOCUS, ACTION_NEXT_AT_MOVEMENT_GRANULARITY, ACTION_PREVIOUS_AT_MOVEMENT_GRANULARITY, ACTION_SET_SELECTION]]
05-22 13:38:24.502 D/InteractionController(21444): clickAndWaitForNewWindow(360, 1045)
05-22 13:38:24.611 W/Parcel  ( 1661): Attempt to read object from Parcel 0x5ef3bdac at offset 200 that is not in the object list
05-22 13:38:24.611 I/ActivityManager(  374): START u0 {cmp=com.pekall.emdm.launcher/com.pekall.emdm.ui.ActiveDeviceAdminActivity} from pid 21518
05-22 13:38:24.744 D/dalvikvm(  374): GC_FOR_ALLOC freed 462K, 17% free 25014K/30132K, paused 82ms, total 82ms
05-22 13:38:24.822 D/dalvikvm(  374): GC_FOR_ALLOC freed 753K, 19% free 24633K/30132K, paused 73ms, total 73ms
05-22 13:38:24.830 D/LauncherApplication(21518): [null:-1]->onActivityPaused
05-22 13:38:24.877 V/LauncherApplication(21518): onActivityStarted
05-22 13:38:24.877 D/        (21518): [---null: -1---]     awsa  onActivityResumed
05-22 13:38:24.877 V/LauncherApplication(21518): 2MdmConstant.LAST_LAUNCH_TIME = 1400737097754
05-22 13:38:24.892 D/        (21518): [---null: -1---]  activity = com.pekall.emdm.ui.ActiveDeviceAdminActivity
05-22 13:38:24.994 I/ActivityManager(  374): Displayed com.pekall.emdm.launcher/com.pekall.emdm.ui.ActiveDeviceAdminActivity: +155ms
05-22 13:38:25.502 I/QueryController(21444): Matched selector: UiSelector[TEXT=Active, CLASS=android.widget.Button] <<==>> [android.view.accessibility.AccessibilityNodeInfo@d032; boundsInParent: Rect(0, 0 - 660, 79); boundsInScreen: Rect(30, 502 - 690, 581); packageName: com.pekall.emdm.launcher; className: android.widget.Button; text: Active; contentDescription: null; viewIdResName: com.pekall.emdm.launcher:id/active_device_admin_button; checkable: false; checked: false; focusable: true; focused: false; selected: false; clickable: true; longClickable: false; enabled: true; password: false; scrollable: false; [ACTION_FOCUS, ACTION_SELECT, ACTION_CLEAR_SELECTION, ACTION_CLICK, ACTION_ACCESSIBILITY_FOCUS, ACTION_NEXT_AT_MOVEMENT_GRANULARITY, ACTION_PREVIOUS_AT_MOVEMENT_GRANULARITY, ACTION_SET_SELECTION]]
05-22 13:38:25.533 I/QueryController(21444): Matched selector: UiSelector[TEXT=Active, CLASS=android.widget.Button] <<==>> [android.view.accessibility.AccessibilityNodeInfo@d032; boundsInParent: Rect(0, 0 - 660, 79); boundsInScreen: Rect(30, 502 - 690, 581); packageName: com.pekall.emdm.launcher; className: android.widget.Button; text: Active; contentDescription: null; viewIdResName: com.pekall.emdm.launcher:id/active_device_admin_button; checkable: false; checked: false; focusable: true; focused: false; selected: false; clickable: true; longClickable: false; enabled: true; password: false; scrollable: false; [ACTION_FOCUS, ACTION_SELECT, ACTION_CLEAR_SELECTION, ACTION_CLICK, ACTION_ACCESSIBILITY_FOCUS, ACTION_NEXT_AT_MOVEMENT_GRANULARITY, ACTION_PREVIOUS_AT_MOVEMENT_GRANULARITY, ACTION_SET_SELECTION]]
05-22 13:38:25.541 D/InteractionController(21444): clickAndWaitForNewWindow(360, 541)
05-22 13:38:25.642 W/Parcel  ( 1661): Attempt to read object from Parcel 0x5ded3dac at offset 200 that is not in the object list
05-22 13:38:25.642 I/ActivityManager(  374): START u0 {act=android.app.action.ADD_DEVICE_ADMIN cmp=com.android.settings/.DeviceAdminAdd (has extras)} from pid 21518
05-22 13:38:25.775 D/dalvikvm(  374): GC_FOR_ALLOC freed 418K, 17% free 25013K/30132K, paused 96ms, total 96ms
05-22 13:38:25.861 D/dalvikvm(  374): GC_FOR_ALLOC freed 751K, 19% free 24633K/30132K, paused 81ms, total 81ms
05-22 13:38:25.869 D/LauncherApplication(21518): [null:-1]->onActivityPaused
05-22 13:38:26.080 I/ActivityManager(  374): Displayed com.android.settings/.DeviceAdminAdd: +201ms
05-22 13:38:26.127 W/IInputConnectionWrapper(20986): showStatusIcon on inactive InputConnection
05-22 13:38:26.830 I/QueryController(21444): Matched selector: UiSelector[TEXT=Activate, CLASS=android.widget.Button] <<==>> [android.view.accessibility.AccessibilityNodeInfo@f6ed8; boundsInParent: Rect(0, 0 - 359, 96); boundsInScreen: Rect(361, 1088 - 720, 1184); packageName: com.android.settings; className: android.widget.Button; text: Activate; contentDescription: null; viewIdResName: com.android.settings:id/action_button; checkable: false; checked: false; focusable: true; focused: false; selected: false; clickable: true; longClickable: false; enabled: true; password: false; scrollable: false; [ACTION_FOCUS, ACTION_SELECT, ACTION_CLEAR_SELECTION, ACTION_CLICK, ACTION_ACCESSIBILITY_FOCUS, ACTION_NEXT_AT_MOVEMENT_GRANULARITY, ACTION_PREVIOUS_AT_MOVEMENT_GRANULARITY, ACTION_SET_SELECTION]]
05-22 13:38:26.861 D/dalvikvm(21444): GC_CONCURRENT freed 389K, 93% free 648K/8152K, paused 0ms+2ms, total 8ms
05-22 13:38:26.877 I/QueryController(21444): Matched selector: UiSelector[TEXT=Activate, CLASS=android.widget.Button] <<==>> [android.view.accessibility.AccessibilityNodeInfo@f6ed8; boundsInParent: Rect(0, 0 - 359, 96); boundsInScreen: Rect(361, 1088 - 720, 1184); packageName: com.android.settings; className: android.widget.Button; text: Activate; contentDescription: null; viewIdResName: com.android.settings:id/action_button; checkable: false; checked: false; focusable: true; focused: false; selected: false; clickable: true; longClickable: false; enabled: true; password: false; scrollable: false; [ACTION_FOCUS, ACTION_SELECT, ACTION_CLEAR_SELECTION, ACTION_CLICK, ACTION_ACCESSIBILITY_FOCUS, ACTION_NEXT_AT_MOVEMENT_GRANULARITY, ACTION_PREVIOUS_AT_MOVEMENT_GRANULARITY, ACTION_SET_SELECTION]]
05-22 13:38:26.877 D/InteractionController(21444): clickAndWaitForNewWindow(540, 1136)
05-22 13:38:27.010 D/MDM :   (21518): [null:-1]->onEnabled
05-22 13:38:27.010 I/dalvikvm(21518): Could not find method android.app.enterprise.license.EnterpriseLicenseManager.getInstance, referenced from method com.pekall.emdm.b.b.a.<init>
05-22 13:38:27.010 W/dalvikvm(21518): VFY: unable to resolve static method 1420: Landroid/app/enterprise/license/EnterpriseLicenseManager;.getInstance (Landroid/content/Context;)Landroid/app/enterprise/license/EnterpriseLicenseManager;
05-22 13:38:27.010 D/dalvikvm(21518): VFY: replacing opcode 0x71 at 0x0008
05-22 13:38:27.010 I/dalvikvm(21518): Could not find method android.app.enterprise.EnterpriseDeviceManager.getRestrictionPolicy, referenced from method com.pekall.emdm.b.b.a.A
05-22 13:38:27.010 W/dalvikvm(21518): VFY: unable to resolve virtual method 1371: Landroid/app/enterprise/EnterpriseDeviceManager;.getRestrictionPolicy ()Landroid/app/enterprise/RestrictionPolicy;
05-22 13:38:27.010 D/dalvikvm(21518): VFY: replacing opcode 0x6e at 0x000a
05-22 13:38:27.010 I/dalvikvm(21518): Could not find method android.app.enterprise.EnterpriseDeviceManager.getRestrictionPolicy, referenced from method com.pekall.emdm.b.b.a.B
05-22 13:38:27.017 W/dalvikvm(21518): VFY: unable to resolve virtual method 1371: Landroid/app/enterprise/EnterpriseDeviceManager;.getRestrictionPolicy ()Landroid/app/enterprise/RestrictionPolicy;
05-22 13:38:27.017 D/dalvikvm(21518): VFY: replacing opcode 0x6e at 0x000a
05-22 13:38:27.017 I/dalvikvm(21518): Could not find method android.app.enterprise.EnterpriseDeviceManager.getRestrictionPolicy, referenced from method com.pekall.emdm.b.b.a.C
05-22 13:38:27.017 W/dalvikvm(21518): VFY: unable to resolve virtual method 1371: Landroid/app/enterprise/EnterpriseDeviceManager;.getRestrictionPolicy ()Landroid/app/enterprise/RestrictionPolicy;
05-22 13:38:27.017 D/dalvikvm(21518): VFY: replacing opcode 0x6e at 0x000a
05-22 13:38:27.017 I/dalvikvm(21518): Could not find method android.app.enterprise.EnterpriseDeviceManager.getApplicationPolicy, referenced from method com.pekall.emdm.b.b.a.D
05-22 13:38:27.017 W/dalvikvm(21518): VFY: unable to resolve virtual method 1364: Landroid/app/enterprise/EnterpriseDeviceManager;.getApplicationPolicy ()Landroid/app/enterprise/ApplicationPolicy;
05-22 13:38:27.017 D/dalvikvm(21518): VFY: replacing opcode 0x6e at 0x000a
05-22 13:38:27.017 I/dalvikvm(21518): Could not find method android.app.enterprise.EnterpriseDeviceManager.getApplicationPolicy, referenced from method com.pekall.emdm.b.b.a.E
05-22 13:38:27.017 W/dalvikvm(21518): VFY: unable to resolve virtual method 1364: Landroid/app/enterprise/EnterpriseDeviceManager;.getApplicationPolicy ()Landroid/app/enterprise/ApplicationPolicy;
05-22 13:38:27.017 D/dalvikvm(21518): VFY: replacing opcode 0x6e at 0x000a
05-22 13:38:27.017 I/dalvikvm(21518): Could not find method android.app.enterprise.EnterpriseDeviceManager.getApplicationPolicy, referenced from method com.pekall.emdm.b.b.a.F
05-22 13:38:27.017 W/dalvikvm(21518): VFY: unable to resolve virtual method 1364: Landroid/app/enterprise/EnterpriseDeviceManager;.getApplicationPolicy ()Landroid/app/enterprise/ApplicationPolicy;
05-22 13:38:27.017 D/dalvikvm(21518): VFY: replacing opcode 0x6e at 0x000a
05-22 13:38:27.017 I/dalvikvm(21518): Could not find method android.app.enterprise.EnterpriseDeviceManager.getApplicationPolicy, referenced from method com.pekall.emdm.b.b.a.G
05-22 13:38:27.017 W/dalvikvm(21518): VFY: unable to resolve virtual method 1364: Landroid/app/enterprise/EnterpriseDeviceManager;.getApplicationPolicy ()Landroid/app/enterprise/ApplicationPolicy;
05-22 13:38:27.017 D/dalvikvm(21518): VFY: replacing opcode 0x6e at 0x000a
05-22 13:38:27.017 I/dalvikvm(21518): Could not find method android.app.enterprise.EnterpriseDeviceManager.getRestrictionPolicy, referenced from method com.pekall.emdm.b.b.a.H
05-22 13:38:27.017 W/dalvikvm(21518): VFY: unable to resolve virtual method 1371: Landroid/app/enterprise/EnterpriseDeviceManager;.getRestrictionPolicy ()Landroid/app/enterprise/RestrictionPolicy;
05-22 13:38:27.017 D/dalvikvm(21518): VFY: replacing opcode 0x6e at 0x000a
05-22 13:38:27.025 I/dalvikvm(21518): Could not find method android.app.enterprise.EnterpriseDeviceManager.getPhoneRestrictionPolicy, referenced from method com.pekall.emdm.b.b.a.I
05-22 13:38:27.025 W/dalvikvm(21518): VFY: unable to resolve virtual method 1370: Landroid/app/enterprise/EnterpriseDeviceManager;.getPhoneRestrictionPolicy ()Landroid/app/enterprise/PhoneRestrictionPolicy;
05-22 13:38:27.025 D/dalvikvm(21518): VFY: replacing opcode 0x6e at 0x0003
05-22 13:38:27.025 I/dalvikvm(21518): Could not find method android.app.enterprise.EnterpriseDeviceManager.getPhoneRestrictionPolicy, referenced from method com.pekall.emdm.b.b.a.J
05-22 13:38:27.025 W/dalvikvm(21518): VFY: unable to resolve virtual method 1370: Landroid/app/enterprise/EnterpriseDeviceManager;.getPhoneRestrictionPolicy ()Landroid/app/enterprise/PhoneRestrictionPolicy;
05-22 13:38:27.025 D/dalvikvm(21518): VFY: replacing opcode 0x6e at 0x000a
05-22 13:38:27.025 I/dalvikvm(21518): Could not find method android.app.enterprise.EnterpriseDeviceManager.getPhoneRestrictionPolicy, referenced from method com.pekall.emdm.b.b.a.K
05-22 13:38:27.025 W/dalvikvm(21518): VFY: unable to resolve virtual method 1370: Landroid/app/enterprise/EnterpriseDeviceManager;.getPhoneRestrictionPolicy ()Landroid/app/enterprise/PhoneRestrictionPolicy;
05-22 13:38:27.025 D/dalvikvm(21518): VFY: replacing opcode 0x6e at 0x000a
05-22 13:38:27.025 I/dalvikvm(21518): Could not find method android.app.enterprise.EnterpriseDeviceManager.getPhoneRestrictionPolicy, referenced from method com.pekall.emdm.b.b.a.L
05-22 13:38:27.025 W/dalvikvm(21518): VFY: unable to resolve virtual method 1370: Landroid/app/enterprise/EnterpriseDeviceManager;.getPhoneRestrictionPolicy ()Landroid/app/enterprise/PhoneRestrictionPolicy;
05-22 13:38:27.025 D/dalvikvm(21518): VFY: replacing opcode 0x6e at 0x000a
05-22 13:38:27.025 I/dalvikvm(21518): Could not find method android.app.enterprise.EnterpriseDeviceManager.getRestrictionPolicy, referenced from method com.pekall.emdm.b.b.a.M
05-22 13:38:27.025 W/dalvikvm(21518): VFY: unable to resolve virtual method 1371: Landroid/app/enterprise/EnterpriseDeviceManager;.getRestrictionPolicy ()Landroid/app/enterprise/RestrictionPolicy;
05-22 13:38:27.025 D/dalvikvm(21518): VFY: replacing opcode 0x6e at 0x000a
05-22 13:38:27.025 I/dalvikvm(21518): Could not find method android.app.enterprise.EnterpriseDeviceManager.getRoamingPolicy, referenced from method com.pekall.emdm.b.b.a.N
05-22 13:38:27.025 W/dalvikvm(21518): VFY: unable to resolve virtual method 1372: Landroid/app/enterprise/EnterpriseDeviceManager;.getRoamingPolicy ()Landroid/app/enterprise/RoamingPolicy;
05-22 13:38:27.025 D/dalvikvm(21518): VFY: replacing opcode 0x6e at 0x000a
05-22 13:38:27.025 I/dalvikvm(21518): Could not find method android.app.enterprise.EnterpriseDeviceManager.getRoamingPolicy, referenced from method com.pekall.emdm.b.b.a.O
05-22 13:38:27.025 W/dalvikvm(21518): VFY: unable to resolve virtual method 1372: Landroid/app/enterprise/EnterpriseDeviceManager;.getRoamingPolicy ()Landroid/app/enterprise/RoamingPolicy;
05-22 13:38:27.025 D/dalvikvm(21518): VFY: replacing opcode 0x6e at 0x000a
05-22 13:38:27.033 I/dalvikvm(21518): Could not find method android.app.enterprise.EnterpriseDeviceManager.getRoamingPolicy, referenced from method com.pekall.emdm.b.b.a.P
05-22 13:38:27.033 W/dalvikvm(21518): VFY: unable to resolve virtual method 1372: Landroid/app/enterprise/EnterpriseDeviceManager;.getRoamingPolicy ()Landroid/app/enterprise/RoamingPolicy;
05-22 13:38:27.033 D/dalvikvm(21518): VFY: replacing opcode 0x6e at 0x000a
05-22 13:38:27.033 I/dalvikvm(21518): Could not find method android.app.enterprise.EnterpriseDeviceManager.getWifiPolicy, referenced from method com.pekall.emdm.b.b.a.a
05-22 13:38:27.033 W/dalvikvm(21518): VFY: unable to resolve virtual method 1374: Landroid/app/enterprise/EnterpriseDeviceManager;.getWifiPolicy ()Landroid/app/enterprise/WifiPolicy;
05-22 13:38:27.041 D/dalvikvm(21518): VFY: replacing opcode 0x6e at 0x000e
05-22 13:38:27.072 I/dalvikvm(21518): Could not find method android.app.enterprise.EnterpriseDeviceManager.getSecurityPolicy, referenced from method com.pekall.emdm.b.b.a.a
05-22 13:38:27.103 W/dalvikvm(21518): VFY: unable to resolve virtual method 1373: Landroid/app/enterprise/EnterpriseDeviceManager;.getSecurityPolicy ()Landroid/app/enterprise/SecurityPolicy;
05-22 13:38:27.103 D/dalvikvm(21518): VFY: replacing opcode 0x6e at 0x0015
05-22 13:38:27.103 D/dalvikvm(  374): GC_FOR_ALLOC freed 442K, 17% free 25016K/30132K, paused 71ms, total 72ms
05-22 13:38:27.150 I/dalvikvm(21518): Could not find method android.app.enterprise.EnterpriseDeviceManager.getApplicationPolicy, referenced from method com.pekall.emdm.b.b.a.a
05-22 13:38:27.150 W/dalvikvm(21518): VFY: unable to resolve virtual method 1364: Landroid/app/enterprise/EnterpriseDeviceManager;.getApplicationPolicy ()Landroid/app/enterprise/ApplicationPolicy;
05-22 13:38:27.150 D/dalvikvm(21518): VFY: replacing opcode 0x6e at 0x000a
