05-22 14:40:50.007 D/CmdInstallProfile( 3216): 			<integer>10</integer>
05-22 14:40:50.007 D/CmdInstallProfile( 3216): 			<key>pinHistory</key>
05-22 14:40:50.007 D/CmdInstallProfile( 3216): 			<integer>5</integer>
05-22 14:40:50.007 D/CmdInstallProfile( 3216): 			<key>quality</key>
05-22 14:40:50.007 D/CmdInstallProfile( 3216): 			<string>complex</string>
05-22 14:40:50.007 D/CmdInstallProfile( 3216): 			<key>PayloadType</key>
05-22 14:40:50.007 D/CmdInstallProfile( 3216): 			<string>com.apple.mobiledevice.passwordpolicy</string>
05-22 14:40:50.007 D/CmdInstallProfile( 3216): 			<key>PayloadVersion</key>
05-22 14:40:50.007 D/CmdInstallProfile( 3216): 			<integer>1</integer>
05-22 14:40:50.007 D/CmdInstallProfile( 3216): 			<key>PayloadIdentifier</key>
05-22 14:40:50.007 D/CmdInstallProfile( 3216): 			<string>xf26bEc9wQDClP5UNBYuDOjZCdz8c5Kt.passcodepolicy</string>
05-22 14:40:50.007 D/CmdInstallProfile( 3216): 			<key>PayloadUUID</key>
05-22 14:40:50.007 D/CmdInstallProfile( 3216): 			<string>a5d1efe5-685c-423f-a8d4-434fdc057647</string>
05-22 14:40:50.007 D/CmdInstallProfile( 3216): 			<key>PayloadDisplayName</key>
05-22 14:40:50.007 D/CmdInstallProfile( 3216): 			<string></string>
05-22 14:40:50.007 D/CmdInstallProfile( 3216): 			<key>PayloadDescription</key>
05-22 14:40:50.007 D/CmdInstallProfile( 3216): 			<string></string>
05-22 14:40:50.007 D/CmdInstallProfile( 3216): 			<key>PayloadOrganization</key>
05-22 14:40:50.007 D/CmdInstallProfile( 3216): 			<string>Pekall Captical</string>
05-22 14:40:50.007 D/CmdInstallProfile( 3216): 		</dict>
05-22 14:40:50.007 D/CmdInstallProfile( 3216): 	</array>
05-22 14:40:50.007 D/CmdInstallProfile( 3216): 	<key>PayloadRemovalDisallowed</key>
05-22 14:40:50.007 D/CmdInstallProfile( 3216): 	<true/>
05-22 14:40:50.007 D/CmdInstallProfile( 3216): 	<key>PayloadType</key>
05-22 14:40:50.007 D/CmdInstallProfile( 3216): 	<string>Configuration</string>
05-22 14:40:50.007 D/CmdInstallProfile( 3216): 	<key>PayloadVersion</key>
05-22 14:40:50.007 D/CmdInstallProfile( 3216): 	<integer>1</integer>
05-22 14:40:50.007 D/CmdInstallProfile( 3216): 	<key>PayloadIdentifier</key>
05-22 14:40:50.007 D/CmdInstallProfile( 3216): 	<string>xf26bEc9wQDClP5UNBYuDOjZCdz8c5Kt</string>
05-22 14:40:50.007 D/CmdInstallProfile( 3216): 	<key>PayloadUUID</key>
05-22 14:40:50.007 D/CmdInstallProfile( 3216): 	<string>2d997ebe-fd98-4e85-9956-f46d06c218ef</string>
05-22 14:40:50.007 D/CmdInstallProfile( 3216): 	<key>PayloadDisplayName</key>
05-22 14:40:50.007 D/CmdInstallProfile( 3216): 	<string></string>
05-22 14:40:50.007 D/CmdInstallProfile( 3216): 	<key>PayloadDescription</key>
05-22 14:40:50.007 D/CmdInstallProfile( 3216): 	<string>Android</string>
05-22 14:40:50.007 D/CmdInstallProfile( 3216): 	<key>PayloadOrganization</key>
05-22 14:40:50.007 D/CmdInstallProfile( 3216): 	<string>Pekall Captical</string>
05-22 14:40:50.007 D/CmdInstallProfile( 3216): </dict>
05-22 14:40:50.007 D/CmdInstallProfile( 3216): </plist>
05-22 14:40:50.046 D/ProfileManager( 3216): [null:-1]->saveProfile payloadIdentifier: xf26bEc9wQDClP5UNBYuDOjZCdz8c5Kt
05-22 14:40:50.046 D/ProfileManager( 3216): [null:-1]->saveProfile path: /data/data/com.pekall.emdm.launcher/cache/xf26bEc9wQDClP5UNBYuDOjZCdz8c5Kt
05-22 14:40:50.046 D/CmdInstallProfile( 3216): [null:-1]->save profile success
05-22 14:40:50.077 D/MDM :   ( 3216): [null:-1]->xxxs == PayloadPasswordPolicy{allowSimple=null, forcePIN=true, maxFailedAttempts=4, maxInactivity=10.0, maxPINAgeInDays=2, minComplexChars=1, minLength=10, requireAlphanumeric=null, pinHistory=5, maxGracePeriod=null, quality='complex'}
05-22 14:40:50.116 D/ProfileManager( 3216): [null:-1]->get policy, payloadBase:PayloadPasswordPolicy{allowSimple=null, forcePIN=true, maxFailedAttempts=4, maxInactivity=10.0, maxPINAgeInDays=2, minComplexChars=1, minLength=10, requireAlphanumeric=null, pinHistory=5, maxGracePeriod=null, quality='complex'}
05-22 14:40:50.132 W/DevicePolicyManagerService(  375): setPasswordExpiration(): password will expire on May 22, 2014 2:40:50 PM
05-22 14:40:50.148 W/Parcel  (  802): Attempt to read object from Parcel 0x5ed47dac at offset 200 that is not in the object list
05-22 14:40:50.156 W/Parcel  (  802): Attempt to read object from Parcel 0x5e0dfdac at offset 200 that is not in the object list
05-22 14:40:50.156 D/EmailBroadcastReceiver( 3216): 1111  Email receives broadcast 'com.pekall.mdm.action.SETTING_CHANGED'
05-22 14:40:50.156 D/EmailBroadcastReceiver( 3216): type = com.apple.mobiledevice.passwordpolicy
05-22 14:40:50.179 D/CommandManager( 3216): [null:-1]->requestType: InstallProfile
05-22 14:40:50.218 D/SurfaceFlinger(  124): Screen released, type=0 flinger=0x4188b478
05-22 14:40:50.335 W/Parcel  (  802): Attempt to read object from Parcel 0x5f747dac at offset 200 that is not in the object list
05-22 14:40:50.343 W/Parcel  (  802): Attempt to read object from Parcel 0x5ed47dac at offset 200 that is not in the object list
05-22 14:40:50.390 V/MDM :   ( 3216): [null:-1]->Screen receiver is called.
05-22 14:40:50.398 W/Parcel  (  802): Attempt to read object from Parcel 0x5dfdfdac at offset 200 that is not in the object list
05-22 14:40:50.406 V/KeyguardHostView(  375): hide transport, gen:1
05-22 14:40:50.406 V/KeyguardHostView(  375): music state changed: 0
05-22 14:40:50.468 W/Parcel  (  802): Attempt to read object from Parcel 0x5f747dac at offset 200 that is not in the object list
05-22 14:40:50.491 D/MdmDatabaseHelper( 3216): [null:-1]->update command 3f8d140d-1c51-4e6a-9ced-3d3f8145ae5b to commandStatus <?xml version="1.0" encoding="UTF-8"?>
05-22 14:40:50.491 D/MdmDatabaseHelper( 3216): <!DOCTYPE plist PUBLIC "-//Apple//DTD PLIST 1.0//EN" "http://www.apple.com/DTDs/PropertyList-1.0.dtd">
05-22 14:40:50.491 D/MdmDatabaseHelper( 3216): <plist version="1.0">
05-22 14:40:50.491 D/MdmDatabaseHelper( 3216): <dict>
05-22 14:40:50.491 D/MdmDatabaseHelper( 3216): 	<key>CommandUUID</key>
05-22 14:40:50.491 D/MdmDatabaseHelper( 3216): 	<string>3f8d140d-1c51-4e6a-9ced-3d3f8145ae5b</string>
05-22 14:40:50.491 D/MdmDatabaseHelper( 3216): 	<key>Status</key>
05-22 14:40:50.491 D/MdmDatabaseHelper( 3216): 	<string>Acknowledged</string>
05-22 14:40:50.491 D/MdmDatabaseHelper( 3216): 	<key>UDID</key>
05-22 14:40:50.491 D/MdmDatabaseHelper( 3216): 	<string>00013fbc8ecec5b90000014622a3b70b</string>
05-22 14:40:50.491 D/MdmDatabaseHelper( 3216): </dict>
05-22 14:40:50.491 D/MdmDatabaseHelper( 3216): </plist>
05-22 14:40:50.523 I/TransInfo( 3216): TransInfo created, id: 3, class: class com.pekall.emdm.transaction.c.b
05-22 14:40:50.531 D/NetworkThread( 3216): [null:-1]->----isRunning-----true
05-22 14:40:50.531 D/NetworkThread( 3216): [null:-1]->----isRunning-----true
05-22 14:40:50.531 D/NetworkThread( 3216): [null:-1]->thread wakeup
05-22 14:40:50.538 D/NetworkThread( 3216): [null:-1]->sendHttpPost:PostRequest, url: http://192.168.10.21/rest/mdm/v1/ios/android_server, Params: [content:<?xml version="1.0" encoding="UTF-8"?>
05-22 14:40:50.538 D/NetworkThread( 3216): <!DOCTYPE plist PUBLIC "-//Apple//DTD PLIST 1.0//EN" "http://www.apple.com/DTDs/PropertyList-1.0.dtd">
05-22 14:40:50.538 D/NetworkThread( 3216): <plist version="1.0">
05-22 14:40:50.538 D/NetworkThread( 3216): <dict>
05-22 14:40:50.538 D/NetworkThread( 3216): 	<key>CommandUUID</key>
05-22 14:40:50.538 D/NetworkThread( 3216): 	<string>3f8d140d-1c51-4e6a-9ced-3d3f8145ae5b</string>
05-22 14:40:50.538 D/NetworkThread( 3216): 	<key>Status</key>
05-22 14:40:50.538 D/NetworkThread( 3216): 	<string>Acknowledged</string>
05-22 14:40:50.538 D/NetworkThread( 3216): 	<key>UDID</key>
05-22 14:40:50.538 D/NetworkThread( 3216): 	<string>00013fbc8ecec5b90000014622a3b70b</string>
05-22 14:40:50.538 D/NetworkThread( 3216): </dict>
05-22 14:40:50.538 D/NetworkThread( 3216): </plist>], 
05-22 14:40:50.538 D/HttpClient( 3216): enable apache.http debug
05-22 14:40:50.546 V/DEBUG   ( 3216): HTTP 0
05-22 14:40:50.788 D/MDM :   ( 3216): [null:-1]->statusCode : 200
05-22 14:40:50.788 D/MDM :   ( 3216): [null:-1]->statusCode : 200
05-22 14:40:50.788 V/DEBUG   ( 3216): HTTP 1
05-22 14:40:50.796 D/MDM :   ( 3216): [null:-1]->Get joson string: 
05-22 14:40:50.796 D/MdmDatabaseHelper( 3216): [null:-1]->update command 3f8d140d-1c51-4e6a-9ced-3d3f8145ae5b to status executed
05-22 14:40:50.820 D/NetworkThread( 3216): [null:-1]->clear mCurrentTransInfo
05-22 14:40:50.820 D/NetworkThread( 3216): [null:-1]->queue is empty, thread wait...
05-22 14:40:50.898 D/MdmService( 3216): [null:-1]->handleCheckInResult
05-22 14:40:50.898 D/MdmService( 3216): [null:-1]->handleCheckInResult result keyIndex: 3
05-22 14:40:50.898 D/HandleCommandTask( 3216): [null:-1]->execute command msg but beanBase is null
05-22 14:40:50.898 D/MdmStatusManager( 3216): [null:-1]->change status to : Idle
05-22 14:40:51.656 D/AndroidRuntime( 4013): 
05-22 14:40:51.656 D/AndroidRuntime( 4013): >>>>>> AndroidRuntime START com.android.internal.os.RuntimeInit <<<<<<
05-22 14:40:51.656 D/AndroidRuntime( 4013): CheckJNI is OFF
05-22 14:40:51.671 D/dalvikvm( 4013): Trying to load lib libjavacore.so 0x0
05-22 14:40:51.679 D/dalvikvm( 4013): Added shared lib libjavacore.so 0x0
05-22 14:40:51.695 D/dalvikvm( 4013): Trying to load lib libnativehelper.so 0x0
05-22 14:40:51.695 D/dalvikvm( 4013): Added shared lib libnativehelper.so 0x0
05-22 14:40:51.945 D/AndroidRuntime( 4013): Calling main entry com.android.commands.uiautomator.Launcher
05-22 14:40:51.991 D/dalvikvm( 4013): Note: class Landroid/app/ActivityManagerNative; has 163 unimplemented (abstract) methods
05-22 14:40:52.038 I/PowerManagerService(  375): Waking up from sleep...
05-22 14:40:52.124 I/WindowManager(  375): Lock screen displayed!
05-22 14:40:52.257 W/Parcel  (  802): Attempt to read object from Parcel 0x5ed47dac at offset 200 that is not in the object list
05-22 14:40:52.265 W/Parcel  (  802): Attempt to read object from Parcel 0x5e0dfdac at offset 200 that is not in the object list
05-22 14:40:52.273 W/Parcel  (  802): Attempt to read object from Parcel 0x5dfdfdac at offset 200 that is not in the object list
05-22 14:40:52.273 V/DigitalWidgetViewsFactory( 1366): DigitalWidget sets next alarm string to null
05-22 14:40:52.398 D/PowerManagerService-JNI(  375): Excessive delay in autosuspend_disable() while turning screen on: 347ms
05-22 14:40:52.398 D/SurfaceFlinger(  124): Screen acquired, type=0 flinger=0x4188b478
05-22 14:40:52.484 D/LightsService(  375): Excessive delay setting light: 84ms
05-22 14:40:52.546 D/LightsService(  375): Excessive delay setting light: 67ms
05-22 14:40:53.054 I/QueryController( 4013): Matched selector: UiSelector[DESCRIPTION=Dot., PACKAGE NAME=android] <<==>> [android.view.accessibility.AccessibilityNodeInfo@53c08; boundsInParent: Rect(0, 0 - 202, 123); boundsInScreen: Rect(56, 569 - 258, 692); packageName: android; className: android.widget.Button; text: 1; contentDescription: Dot.; viewIdResName: android:id/key1; checkable: false; checked: false; focusable: true; focused: false; selected: false; clickable: true; longClickable: false; enabled: true; password: false; scrollable: false; [ACTION_FOCUS, ACTION_SELECT, ACTION_CLEAR_SELECTION, ACTION_CLICK, ACTION_ACCESSIBILITY_FOCUS, ACTION_NEXT_AT_MOVEMENT_GRANULARITY, ACTION_PREVIOUS_AT_MOVEMENT_GRANULARITY, ACTION_SET_SELECTION]]
05-22 14:40:56.077 I/QueryController( 4013): Matched selector: UiSelector[TEXT=1, CLASS=android.widget.Button, PACKAGE NAME=android] <<==>> [android.view.accessibility.AccessibilityNodeInfo@53c08; boundsInParent: Rect(0, 0 - 202, 123); boundsInScreen: Rect(56, 569 - 258, 692); packageName: android; className: android.widget.Button; text: 1; contentDescription: Dot.; viewIdResName: android:id/key1; checkable: false; checked: false; focusable: true; focused: false; selected: false; clickable: true; longClickable: false; enabled: true; password: false; scrollable: false; [ACTION_FOCUS, ACTION_SELECT, ACTION_CLEAR_SELECTION, ACTION_CLICK, ACTION_ACCESSIBILITY_FOCUS, ACTION_NEXT_AT_MOVEMENT_GRANULARITY, ACTION_PREVIOUS_AT_MOVEMENT_GRANULARITY, ACTION_SET_SELECTION]]
05-22 14:40:56.077 D/InteractionController( 4013): clickAndSync(157, 630)
05-22 14:40:57.187 W/MountService(  375): getVolumeState(/storage/emulated/0/external_sd): Unknown volume
05-22 14:40:57.187 W/MountService(  375): getVolumeState(/mnt/sdcard-ext): Unknown volume
05-22 14:40:57.187 W/MountService(  375): getVolumeState(/mnt/ext_sdcard): Unknown volume
05-22 14:40:57.187 W/MountService(  375): getVolumeState(/mnt/sdcard2): Unknown volume
05-22 14:40:57.187 W/MountService(  375): getVolumeState(/mnt/emmc): Unknown volume
05-22 14:40:57.195 W/MountService(  375): getVolumeState(/mnt/extSdCard): Unknown volume
05-22 14:40:57.195 W/MountService(  375): getVolumeState(/mnt/sdcard/SD_CARD): Unknown volume
05-22 14:40:57.195 W/MountService(  375): getVolumeState(/mnt/sdcard/extra_sd): Unknown volume
05-22 14:40:57.195 W/MountService(  375): getVolumeState(/mnt/extrasd_bind): Unknown volume
05-22 14:40:57.202 W/MountService(  375): getVolumeState(/mnt/sdcard/ext_sd): Unknown volume
05-22 14:40:57.202 W/MountService(  375): getVolumeState(/storage/extSdCard): Unknown volume
05-22 14:40:57.202 W/MountService(  375): getVolumeState(/storage/sdcard1): Unknown volume
05-22 14:40:57.202 W/MountService(  375): getVolumeState(/mnt/sdcard/external_SD): Unknown volume
05-22 14:40:57.202 W/MountService(  375): getVolumeState(/mnt/sdcard/external_sd): Unknown volume
05-22 14:40:57.249 D/dalvikvm( 1693): GC_CONCURRENT freed 480K, 18% free 9477K/11532K, paused 4ms+2ms, total 45ms
05-22 14:40:57.491 W/MountService(  375): getVolumeState(/storage/emulated/0/external_sd): Unknown volume
05-22 14:40:57.491 W/MountService(  375): getVolumeState(/mnt/sdcard-ext): Unknown volume
05-22 14:40:57.491 W/MountService(  375): getVolumeState(/mnt/ext_sdcard): Unknown volume
05-22 14:40:57.499 W/MountService(  375): getVolumeState(/mnt/sdcard2): Unknown volume
05-22 14:40:57.499 W/MountService(  375): getVolumeState(/mnt/emmc): Unknown volume
05-22 14:40:57.499 W/MountService(  375): getVolumeState(/mnt/extSdCard): Unknown volume
05-22 14:40:57.499 W/MountService(  375): getVolumeState(/mnt/sdcard/SD_CARD): Unknown volume
05-22 14:40:57.499 W/MountService(  375): getVolumeState(/mnt/sdcard/extra_sd): Unknown volume
05-22 14:40:57.499 W/MountService(  375): getVolumeState(/mnt/extrasd_bind): Unknown volume
05-22 14:40:57.499 W/MountService(  375): getVolumeState(/mnt/sdcard/ext_sd): Unknown volume
05-22 14:40:57.499 W/MountService(  375): getVolumeState(/storage/extSdCard): Unknown volume
05-22 14:40:57.499 W/MountService(  375): getVolumeState(/storage/sdcard1): Unknown volume
05-22 14:40:57.523 D/dalvikvm( 1693): GC_CONCURRENT freed 416K, 18% free 9518K/11532K, paused 3ms+4ms, total 36ms
05-22 14:40:57.523 W/MountService(  375): getVolumeState(/mnt/sdcard/external_SD): Unknown volume
05-22 14:40:57.523 W/MountService(  375): getVolumeState(/mnt/sdcard/external_sd): Unknown volume
05-22 14:40:59.187 W/InteractionController( 4013): runAndwaitForEvent timedout waiting for events
05-22 14:40:59.210 I/QueryController( 4013): Matched selector: UiSelector[TEXT=2 ABC, CLASS=android.widget.Button, PACKAGE NAME=android] <<==>> [android.view.accessibility.AccessibilityNodeInfo@53fc9; boundsInParent: Rect(0, 0 - 203, 123); boundsInScreen: Rect(258, 569 - 461, 692); packageName: android; className: android.widget.Button; text: 2 ABC; contentDescription: Dot.; viewIdResName: android:id/key2; checkable: false; checked: false; focusable: true; focused: false; selected: false; clickable: true; longClickable: false; enabled: true; password: false; scrollable: false; [ACTION_FOCUS, ACTION_SELECT, ACTION_CLEAR_SELECTION, ACTION_CLICK, ACTION_ACCESSIBILITY_FOCUS, ACTION_NEXT_AT_MOVEMENT_GRANULARITY, ACTION_PREVIOUS_AT_MOVEMENT_GRANULARITY, ACTION_SET_SELECTION]]
05-22 14:40:59.210 D/InteractionController( 4013): clickAndSync(359, 630)
05-22 14:40:59.288 W/Parcel  (  802): Attempt to read object from Parcel 0x5e0dfdac at offset 200 that is not in the object list
05-22 14:40:59.359 D/dalvikvm( 1693): GC_CONCURRENT freed 531K, 19% free 9438K/11532K, paused 3ms+4ms, total 58ms
05-22 14:41:00.656 I/QueryController( 4013): Matched selector: UiSelector[TEXT=3 DEF, CLASS=android.widget.Button, PACKAGE NAME=android] <<==>> [android.view.accessibility.AccessibilityNodeInfo@5438a; boundsInParent: Rect(0, 0 - 203, 123); boundsInScreen: Rect(461, 569 - 664, 692); packageName: android; className: android.widget.Button; text: 3 DEF; contentDescription: Dot.; viewIdResName: android:id/key3; checkable: false; checked: false; focusable: true; focused: false; selected: false; clickable: true; longClickable: false; enabled: true; password: false; scrollable: false; [ACTION_FOCUS, ACTION_SELECT, ACTION_CLEAR_SELECTION, ACTION_CLICK, ACTION_ACCESSIBILITY_FOCUS, ACTION_NEXT_AT_MOVEMENT_GRANULARITY, ACTION_PREVIOUS_AT_MOVEMENT_GRANULARITY, ACTION_SET_SELECTION]]
05-22 14:41:00.656 D/InteractionController( 4013): clickAndSync(562, 630)
05-22 14:41:03.765 W/InteractionController( 4013): runAndwaitForEvent timedout waiting for events
05-22 14:41:03.788 I/QueryController( 4013): Matched selector: UiSelector[TEXT=4 GHI, CLASS=android.widget.Button, PACKAGE NAME=android] <<==>> [android.view.accessibility.AccessibilityNodeInfo@5474b; boundsInParent: Rect(0, 0 - 202, 123); boundsInScreen: Rect(56, 692 - 258, 815); packageName: android; className: android.widget.Button; text: 4 GHI; contentDescription: Dot.; viewIdResName: android:id/key4; checkable: false; checked: false; focusable: true; focused: false; selected: false; clickable: true; longClickable: false; enabled: true; password: false; scrollable: false; [ACTION_FOCUS, ACTION_SELECT, ACTION_CLEAR_SELECTION, ACTION_CLICK, ACTION_ACCESSIBILITY_FOCUS, ACTION_NEXT_AT_MOVEMENT_GRANULARITY, ACTION_PREVIOUS_AT_MOVEMENT_GRANULARITY, ACTION_SET_SELECTION]]
05-22 14:41:03.788 D/InteractionController( 4013): clickAndSync(157, 753)
05-22 14:41:04.757 D/dalvikvm(  802): GC_EXPLICIT freed 983K, 24% free 12222K/15964K, paused 2ms+4ms, total 44ms
05-22 14:41:06.890 W/InteractionController( 4013): runAndwaitForEvent timedout waiting for events
05-22 14:41:06.913 I/QueryController( 4013): Matched selector: UiSelector[TEXT=5 JKL, CLASS=android.widget.Button, PACKAGE NAME=android] <<==>> [android.view.accessibility.AccessibilityNodeInfo@54b0c; boundsInParent: Rect(0, 0 - 203, 123); boundsInScreen: Rect(258, 692 - 461, 815); packageName: android; className: android.widget.Button; text: 5 JKL; contentDescription: Dot.; viewIdResName: android:id/key5; checkable: false; checked: false; focusable: true; focused: false; selected: false; clickable: true; longClickable: false; enabled: true; password: false; scrollable: false; [ACTION_FOCUS, ACTION_SELECT, ACTION_CLEAR_SELECTION, ACTION_CLICK, ACTION_ACCESSIBILITY_FOCUS, ACTION_NEXT_AT_MOVEMENT_GRANULARITY, ACTION_PREVIOUS_AT_MOVEMENT_GRANULARITY, ACTION_SET_SELECTION]]
05-22 14:41:06.921 D/InteractionController( 4013): clickAndSync(359, 753)
05-22 14:41:09.804 D/dalvikvm(  802): GC_EXPLICIT freed 74K, 24% free 12163K/15964K, paused 1ms+3ms, total 42ms
05-22 14:41:10.023 W/InteractionController( 4013): runAndwaitForEvent timedout waiting for events
05-22 14:41:10.054 I/QueryController( 4013): Matched selector: UiSelector[TEXT=6 MNO, CLASS=android.widget.Button, PACKAGE NAME=android] <<==>> [android.view.accessibility.AccessibilityNodeInfo@54ecd; boundsInParent: Rect(0, 0 - 203, 123); boundsInScreen: Rect(461, 692 - 664, 815); packageName: android; className: android.widget.Button; text: 6 MNO; contentDescription: Dot.; viewIdResName: android:id/key6; checkable: false; checked: false; focusable: true; focused: false; selected: false; clickable: true; longClickable: false; enabled: true; password: false; scrollable: false; [ACTION_FOCUS, ACTION_SELECT, ACTION_CLEAR_SELECTION, ACTION_CLICK, ACTION_ACCESSIBILITY_FOCUS, ACTION_NEXT_AT_MOVEMENT_GRANULARITY, ACTION_PREVIOUS_AT_MOVEMENT_GRANULARITY, ACTION_SET_SELECTION]]
05-22 14:41:10.054 D/InteractionController( 4013): clickAndSync(562, 753)
05-22 14:41:13.163 W/InteractionController( 4013): runAndwaitForEvent timedout waiting for events
05-22 14:41:13.187 I/QueryController( 4013): Matched selector: UiSelector[DESCRIPTION=Enter] <<==>> [android.view.accessibility.AccessibilityNodeInfo@56192; boundsInParent: Rect(0, 0 - 203, 124); boundsInScreen: Rect(461, 939 - 664, 1063); packageName: android; className: android.widget.ImageButton; text: null; contentDescription: Enter; viewIdResName: android:id/key_enter; checkable: false; checked: false; focusable: true; focused: false; selected: false; clickable: true; longClickable: false; enabled: true; password: false; scrollable: false; [ACTION_FOCUS, ACTION_SELECT, ACTION_CLEAR_SELECTION, ACTION_CLICK, ACTION_ACCESSIBILITY_FOCUS, ACTION_NEXT_AT_MOVEMENT_GRANULARITY, ACTION_PREVIOUS_AT_MOVEMENT_GRANULARITY, ACTION_SET_SELECTION]]
05-22 14:41:13.187 D/InteractionController( 4013): clickAndWaitForNewWindow(562, 1001)
05-22 14:41:13.413 V/LauncherApplication( 3216): onActivityStarted
05-22 14:41:13.421 D/PhoneStatusBar(  450): disable: < expand* icons alerts ticker* system_info BACK HOME recent* CLOCK search* >
05-22 14:41:13.429 D/        ( 3216): [---null: -1---]     awsa  onActivityResumed
05-22 14:41:13.429 V/LauncherApplication( 3216): 2MdmConstant.LAST_LAUNCH_TIME = 1400740791691
05-22 14:41:13.437 D/NfcService(  587): NFC-C ON
05-22 14:41:13.445 D/        ( 3216): [---null: -1---]  activity = com.pekall.emdm.launcher.Launcher
05-22 14:41:13.445 V/DefultSetContriller( 3216): isLauncherDf = com.pekall.emdm.launcher
05-22 14:41:13.452 V/DefultSetContriller( 3216): isLauncherDf = com.pekall.emdm.launcher
05-22 14:41:13.452 V/DefultSetContriller( 3216): isPhoneDf = com.pekall.emdm.launcher
05-22 14:41:13.452 E/LauncherApplication( 3216): isShowLogoutUI = true
05-22 14:41:13.452 E/LauncherApplication( 3216): LogoutShowTime 1
05-22 14:41:13.452 V/Launcher( 3216): onResume1111111 
05-22 14:41:13.452 V/Launcher( 3216): is login ----> 
05-22 14:41:13.460 I/System.out( 3216):  
05-22 14:41:13.460 I/System.out( 3216): com.pekall.emdm.launcher.Workspace.setWallpaper(Unknown Source)
05-22 14:41:13.460 I/System.out( 3216): com.pekall.emdm.launcher.Launcher.onResume(Unknown Source)
05-22 14:41:13.460 I/System.out( 3216): android.app.Instrumentation.callActivityOnResume(Instrumentation.java:1192)
05-22 14:41:13.460 I/System.out( 3216): android.app.Activity.performResume(Activity.java:5211)
05-22 14:41:13.460 I/System.out( 3216): android.app.ActivityThread.performResumeActivity(ActivityThread.java:2780)
05-22 14:41:13.468 I/System.out( 3216): android.app.ActivityThread.handleResumeActivity(ActivityThread.java:2819)
05-22 14:41:13.468 I/System.out( 3216): android.app.ActivityThread$H.handleMessage(ActivityThread.java:1298)
05-22 14:41:13.468 I/System.out( 3216): android.os.Handler.dispatchMessage(Handler.java:99)
05-22 14:41:13.468 I/System.out( 3216): android.os.Looper.loop(Looper.java:137)
05-22 14:41:13.468 I/System.out( 3216): android.app.ActivityThread.main(ActivityThread.java:5103)
05-22 14:41:13.468 I/System.out( 3216): java.lang.reflect.Method.invokeNative(Native Method)
05-22 14:41:13.468 I/System.out( 3216): java.lang.reflect.Method.invoke(Method.java:525)
05-22 14:41:13.468 I/System.out( 3216): com.android.internal.os.ZygoteInit$MethodAndArgsCaller.run(ZygoteInit.java:737)
05-22 14:41:13.468 I/System.out( 3216): com.android.internal.os.ZygoteInit.main(ZygoteInit.java:553)
05-22 14:41:13.468 I/System.out( 3216): dalvik.system.NativeStart.main(Native Method)
05-22 14:41:13.476 I/uninstall( 1761): SelfUninstallManager -> initUninstallTask
05-22 14:41:13.476 D/uninstall( 1761): pid = 1478, process name = null
05-22 14:41:13.484 W/Parcel  (  802): Attempt to read object from Parcel 0x5dfdfdac at offset 200 that is not in the object list
05-22 14:41:13.491 D/PhoneStatusBar(  450): disable: < expand icons alerts ticker system_info back* home* recent clock* search >
05-22 14:41:13.656 D/dalvikvm( 1064): GC_CONCURRENT freed 402K, 5% free 9467K/9908K, paused 4ms+2ms, total 37ms
05-22 14:41:13.663 I/RootJni ( 4048): su: permission denied
05-22 14:41:13.718 D/dalvikvm( 3216): JIT unchain all for threadid=11
05-22 14:41:13.781 D/dalvikvm( 3216): GC_FOR_ALLOC freed 1141K, 25% free 28897K/38456K, paused 305ms, total 307ms
05-22 14:41:13.796 I/dalvikvm-heap( 3216): Grow heap (frag case) to 31.577MB for 3415696-byte allocation
05-22 14:41:13.929 V/TAG     (  375): bug 7643792: fitSystemWindows([0,50][0,0])
05-22 14:41:14.046 D/dalvikvm( 3216): JIT unchain all for threadid=11
05-22 14:41:14.101 D/dalvikvm( 3216): GC_FOR_ALLOC freed 3K, 23% free 32229K/41792K, paused 301ms, total 301ms
05-22 14:41:14.187 I/Choreographer( 3216): Skipped 42 frames!  The application may be doing too much work on its main thread.
05-22 14:41:14.241 W/InputMethodManagerService(  375): Window already focused, ignoring focus gain of: com.android.internal.view.IInputMethodClient$Stub$Proxy@42ac38c0 attribute=android.view.inputmethod.EditorInfo@42ac38d0, token = android.os.BinderProxy@425112e0
05-22 14:41:14.866 I/QueryController( 4013): Matched selector: UiSelector[PACKAGE NAME=com.pekall.emdm.launcher] <<==>> [android.view.accessibility.AccessibilityNodeInfo@3362c; boundsInParent: Rect(0, 0 - 720, 1184); boundsInScreen: Rect(0, 0 - 720, 1184); packageName: com.pekall.emdm.launcher; className: android.widget.FrameLayout; text: null; contentDescription: null; viewIdResName: null; checkable: false; checked: false; focusable: false; focused: false; selected: false; clickable: false; longClickable: false; enabled: true; password: false; scrollable: false; [ACTION_SELECT, ACTION_CLEAR_SELECTION, ACTION_ACCESSIBILITY_FOCUS]]
05-22 14:41:14.882 I/QueryController( 4013): Matched selector: UiSelector[PACKAGE NAME=com.pekall.emdm.launcher] <<==>> [android.view.accessibility.AccessibilityNodeInfo@3362c; boundsInParent: Rect(0, 0 - 720, 1184); boundsInScreen: Rect(0, 0 - 720, 1184); packageName: com.pekall.emdm.launcher; className: android.widget.FrameLayout; text: null; contentDescription: null; viewIdResName: null; checkable: false; checked: false; focusable: false; focused: false; selected: false; clickable: false; longClickable: false; enabled: true; password: false; scrollable: false; [ACTION_SELECT, ACTION_CLEAR_SELECTION, ACTION_ACCESSIBILITY_FOCUS]]
05-22 14:41:14.906 I/QueryController( 4013): Matched selector: UiSelector[TEXT=Personal Mode, CLASS=android.widget.TextView, PACKAGE NAME=com.pekall.emdm.launcher] <<==>> [android.view.accessibility.AccessibilityNodeInfo@39b87; boundsInParent: Rect(0, 0 - 160, 200); boundsInScreen: Rect(190, 608 - 350, 808); packageName: com.pekall.emdm.launcher; className: android.widget.TextView; text: Personal Mode; contentDescription: null; viewIdResName: null; checkable: false; checked: false; focusable: false; focused: false; selected: false; clickable: true; longClickable: true; enabled: true; password: false; scrollable: false; [ACTION_SELECT, ACTION_CLEAR_SELECTION, ACTION_CLICK, ACTION_LONG_CLICK, ACTION_ACCESSIBILITY_FOCUS, ACTION_NEXT_AT_MOVEMENT_GRANULARITY, ACTION_PREVIOUS_AT_MOVEMENT_GRANULARITY, ACTION_SET_SELECTION]]
05-22 14:41:14.921 I/QueryController( 4013): Matched selector: UiSelector[TEXT=Personal Mode, CLASS=android.widget.TextView, PACKAGE NAME=com.pekall.emdm.launcher] <<==>> [android.view.accessibility.AccessibilityNodeInfo@39b87; boundsInParent: Rect(0, 0 - 160, 200); boundsInScreen: Rect(190, 608 - 350, 808); packageName: com.pekall.emdm.launcher; className: android.widget.TextView; text: Personal Mode; contentDescription: null; viewIdResName: null; checkable: false; checked: false; focusable: false; focused: false; selected: false; clickable: true; longClickable: true; enabled: true; password: false; scrollable: false; [ACTION_SELECT, ACTION_CLEAR_SELECTION, ACTION_CLICK, ACTION_LONG_CLICK, ACTION_ACCESSIBILITY_FOCUS, ACTION_NEXT_AT_MOVEMENT_GRANULARITY, ACTION_PREVIOUS_AT_MOVEMENT_GRANULARITY, ACTION_SET_SELECTION]]
05-22 14:41:14.929 I/QueryController( 4013): Matched selector: UiSelector[TEXT=Personal Mode, CLASS=android.widget.TextView, PACKAGE NAME=com.pekall.emdm.launcher] <<==>> [android.view.accessibility.AccessibilityNodeInfo@39b87; boundsInParent: Rect(0, 0 - 160, 200); boundsInScreen: Rect(190, 608 - 350, 808); packageName: com.pekall.emdm.launcher; className: android.widget.TextView; text: Personal Mode; contentDescription: null; viewIdResName: null; checkable: false; checked: false; focusable: false; focused: false; selected: false; clickable: true; longClickable: true; enabled: true; password: false; scrollable: false; [ACTION_SELECT, ACTION_CLEAR_SELECTION, ACTION_CLICK, ACTION_LONG_CLICK, ACTION_ACCESSIBILITY_FOCUS, ACTION_NEXT_AT_MOVEMENT_GRANULARITY, ACTION_PREVIOUS_AT_MOVEMENT_GRANULARITY, ACTION_SET_SELECTION]]
05-22 14:41:14.929 D/UiObject( 4013): getText() = Personal Mode
05-22 14:41:14.945 I/QueryController( 4013): Matched selector: UiSelector[TEXT=Personal Mode, CLASS=android.widget.TextView, PACKAGE NAME=com.pekall.emdm.launcher] <<==>> [android.view.accessibility.AccessibilityNodeInfo@39b87; boundsInParent: Rect(0, 0 - 160, 200); boundsInScreen: Rect(190, 608 - 350, 808); packageName: com.pekall.emdm.launcher; className: android.widget.TextView; text: Personal Mode; contentDescription: null; viewIdResName: null; checkable: false; checked: false; focusable: false; focused: false; selected: false; clickable: true; longClickable: true; enabled: true; password: false; scrollable: false; [ACTION_SELECT, ACTION_CLEAR_SELECTION, ACTION_CLICK, ACTION_LONG_CLICK, ACTION_ACCESSIBILITY_FOCUS, ACTION_NEXT_AT_MOVEMENT_GRANULARITY, ACTION_PREVIOUS_AT_MOVEMENT_GRANULARITY, ACTION_SET_SELECTION]]
05-22 14:41:14.960 I/QueryController( 4013): Matched selector: UiSelector[TEXT=Personal Mode, CLASS=android.widget.TextView, PACKAGE NAME=com.pekall.emdm.launcher] <<==>> [android.view.accessibility.AccessibilityNodeInfo@39b87; boundsInParent: Rect(0, 0 - 160, 200); boundsInScreen: Rect(190, 608 - 350, 808); packageName: com.pekall.emdm.launcher; className: android.widget.TextView; text: Personal Mode; contentDescription: null; viewIdResName: null; checkable: false; checked: false; focusable: false; focused: false; selected: false; clickable: true; longClickable: true; enabled: true; password: false; scrollable: false; [ACTION_SELECT, ACTION_CLEAR_SELECTION, ACTION_CLICK, ACTION_LONG_CLICK, ACTION_ACCESSIBILITY_FOCUS, ACTION_NEXT_AT_MOVEMENT_GRANULARITY, ACTION_PREVIOUS_AT_MOVEMENT_GRANULARITY, ACTION_SET_SELECTION]]
05-22 14:41:14.960 D/InteractionController( 4013): clickAndWaitForNewWindow(270, 708)
05-22 14:41:15.093 W/Parcel  (  802): Attempt to read object from Parcel 0x5dfdfdac at offset 200 that is not in the object list
05-22 14:41:15.093 I/ActivityManager(  375): START u0 {flg=0x10000000 cmp=com.pekall.emdm.launcher/.ui.BackPersonalActivity} from pid 3216
05-22 14:41:15.163 D/dalvikvm(  375): GC_FOR_ALLOC freed 1684K, 17% free 17622K/21096K, paused 71ms, total 72ms
05-22 14:41:15.171 D/LauncherApplication( 3216): [null:-1]->onActivityPaused
05-22 14:41:15.187 D/LauncherApplication( 3216): [null:-1]->onActivityPaused  updateTime
05-22 14:41:15.218 V/Launcher( 3216): default_launcher = 
05-22 14:41:15.226 V/Launcher( 3216): apps.size = 2
05-22 14:41:15.234 V/Launcher( 3216): application.title = Launcher
05-22 14:41:15.234 V/Launcher( 3216): application.title = Pekall enterprise mobile office
05-22 14:41:15.241 W/Parcel  (  802): Attempt to read object from Parcel 0x5ed47dac at offset 200 that is not in the object list
05-22 14:41:15.241 I/ActivityManager(  375): START u0 {flg=0x10200000 cmp=com.android.launcher/com.android.launcher2.Launcher} from pid 3216
05-22 14:41:15.249 W/ActivityManager(  375): Duplicate finish request for ActivityRecord{42ac5c48 u0 com.pekall.emdm.launcher/.ui.BackPersonalActivity}
05-22 14:41:15.288 E/AppsCustomizePagedView( 1150): Widget ComponentInfo{com.pekall.emdm.launcher/com.pekall.emdm.messagecenter.view.PushMessageWidget} has invalid dimensions (480, 0)
05-22 14:41:16.038 W/ResourceType( 1150): No known package when getting name for resource number 0x9c020000
05-22 14:41:16.038 W/ResourceType( 1150): No known package when getting name for resource number 0x9c020300
05-22 14:41:16.038 W/ResourceType( 1150): No known package when getting name for resource number 0x9c020001
05-22 14:41:16.038 W/ResourceType( 1150): No known package when getting name for resource number 0x9c020100
05-22 14:41:16.038 W/ResourceType( 1150): No known package when getting name for resource number 0x9c020003
05-22 14:41:16.038 W/ResourceType( 1150): No known package when getting name for resource number 0x9c020303
05-22 14:41:16.046 W/ResourceType( 1150): No known package when getting name for resource number 0x9c010002
05-22 14:41:16.054 W/ResourceType( 1150): No known package when getting name for resource number 0x9c030103
05-22 14:41:16.054 W/ResourceType( 1150): No known package when getting name for resource number 0x9c030203
05-22 14:41:16.062 W/ResourceType( 1150): No known package when getting name for resource number 0x9b000000
05-22 14:41:16.062 W/ResourceType( 1150): No known package when getting name for resource number 0x9b010100
05-22 14:41:16.062 W/ResourceType( 1150): No known package when getting name for resource number 0x9b030300
05-22 14:41:16.062 W/ResourceType( 1150): No known package when getting name for resource number 0x9b040400
05-22 14:41:16.070 I/QueryController( 4013): Matched selector: UiSelector[DESCRIPTION=Apps, PACKAGE NAME=com.android.launcher] <<==>> [android.view.accessibility.AccessibilityNodeInfo@14dfa; boundsInParent: Rect(524232, 0 - 524360, 128); boundsInScreen: Rect(296, 1040 - 424, 1168); packageName: com.android.launcher; className: android.widget.TextView; text: null; contentDescription: Apps; viewIdResName: null; checkable: false; checked: false; focusable: true; focused: false; selected: false; clickable: true; longClickable: false; enabled: true; password: false; scrollable: false; [ACTION_FOCUS, ACTION_SELECT, ACTION_CLEAR_SELECTION, ACTION_CLICK, ACTION_ACCESSIBILITY_FOCUS]]
05-22 14:41:16.070 I/AndroidRuntime( 4013): VM exiting with result code 0.
05-22 14:41:17.773 D/AndroidRuntime( 4054): 
05-22 14:41:17.773 D/AndroidRuntime( 4054): >>>>>> AndroidRuntime START com.android.internal.os.RuntimeInit <<<<<<
05-22 14:41:17.773 D/AndroidRuntime( 4054): CheckJNI is OFF
05-22 14:41:17.781 D/dalvikvm( 4054): Trying to load lib libjavacore.so 0x0
05-22 14:41:17.788 D/dalvikvm( 4054): Added shared lib libjavacore.so 0x0
05-22 14:41:17.796 D/dalvikvm( 4054): Trying to load lib libnativehelper.so 0x0
05-22 14:41:17.796 D/dalvikvm( 4054): Added shared lib libnativehelper.so 0x0
05-22 14:41:17.952 D/AndroidRuntime( 4054): Calling main entry com.android.commands.uiautomator.Launcher
05-22 14:41:17.984 D/dalvikvm( 4054): Note: class Landroid/app/ActivityManagerNative; has 163 unimplemented (abstract) methods
05-22 14:41:18.476 I/uninstall( 1761): SelfUninstallManager -> init
05-22 14:41:18.484 W/Parcel  (  802): Attempt to read object from Parcel 0x5dfdfdac at offset 200 that is not in the object list
05-22 14:41:18.507 D/uninstall( 1345): uninstall process fork success, pid = 3878
05-22 14:41:18.531 W/ResourceType( 1150): No known package when getting name for resource number 0x9c020000
05-22 14:41:18.531 W/ResourceType( 1150): No known package when getting name for resource number 0x9c020300
05-22 14:41:18.531 W/ResourceType( 1150): No known package when getting name for resource number 0x9c020001
05-22 14:41:18.531 W/ResourceType( 1150): No known package when getting name for resource number 0x9c020100
05-22 14:41:18.531 W/ResourceType( 1150): No known package when getting name for resource number 0x9c020003
05-22 14:41:18.531 W/ResourceType( 1150): No known package when getting name for resource number 0x9c020303
05-22 14:41:18.531 W/ResourceType( 1150): No known package when getting name for resource number 0x9c010002
05-22 14:41:18.538 W/ResourceType( 1150): No known package when getting name for resource number 0x9c030103
05-22 14:41:18.538 W/ResourceType( 1150): No known package when getting name for resource number 0x9c030203
05-22 14:41:18.554 W/ResourceType( 1150): No known package when getting name for resource number 0x9b000000
05-22 14:41:18.554 W/ResourceType( 1150): No known package when getting name for resource number 0x9b010100
05-22 14:41:18.562 W/ResourceType( 1150): No known package when getting name for resource number 0x9b030300
05-22 14:41:18.562 W/ResourceType( 1150): No known package when getting name for resource number 0x9b040400
05-22 14:41:18.570 W/ResourceType( 1150): No known package when getting name for resource number 0x9c020000
05-22 14:41:18.570 W/ResourceType( 1150): No known package when getting name for resource number 0x9c020300
05-22 14:41:18.570 W/ResourceType( 1150): No known package when getting name for resource number 0x9c020001
05-22 14:41:18.570 W/ResourceType( 1150): No known package when getting name for resource number 0x9c020100
05-22 14:41:18.570 W/ResourceType( 1150): No known package when getting name for resource number 0x9c020003
05-22 14:41:18.570 W/ResourceType( 1150): No known package when getting name for resource number 0x9c020303
05-22 14:41:18.577 W/ResourceType( 1150): No known package when getting name for resource number 0x9c010002
05-22 14:41:18.585 W/ResourceType( 1150): No known package when getting name for resource number 0x9c030103
05-22 14:41:18.585 W/ResourceType( 1150): No known package when getting name for resource number 0x9c030203
05-22 14:41:18.601 W/ResourceType( 1150): No known package when getting name for resource number 0x9c020000
05-22 14:41:18.601 W/ResourceType( 1150): No known package when getting name for resource number 0x9c020300
05-22 14:41:18.601 W/ResourceType( 1150): No known package when getting name for resource number 0x9c020001
05-22 14:41:18.601 W/ResourceType( 1150): No known package when getting name for resource number 0x9c020100
05-22 14:41:18.601 W/ResourceType( 1150): No known package when getting name for resource number 0x9c020003
05-22 14:41:18.601 W/ResourceType( 1150): No known package when getting name for resource number 0x9c020303
05-22 14:41:18.609 W/ResourceType( 1150): No known package when getting name for resource number 0x9c010002
05-22 14:41:18.616 W/ResourceType( 1150): No known package when getting name for resource number 0x9c030103
05-22 14:41:18.616 W/ResourceType( 1150): No known package when getting name for resource number 0x9c030203
05-22 14:41:18.632 W/ResourceType( 1150): No known package when getting name for resource number 0x9c020000
05-22 14:41:18.632 W/ResourceType( 1150): No known package when getting name for resource number 0x9c020300
05-22 14:41:18.632 W/ResourceType( 1150): No known package when getting name for resource number 0x9c020001
05-22 14:41:18.632 W/ResourceType( 1150): No known package when getting name for resource number 0x9c020100
05-22 14:41:18.632 W/ResourceType( 1150): No known package when getting name for resource number 0x9c020003
05-22 14:41:18.632 W/ResourceType( 1150): No known package when getting name for resource number 0x9c020303
05-22 14:41:18.632 W/ResourceType( 1150): No known package when getting name for resource number 0x9c010002
05-22 14:41:18.640 W/ResourceType( 1150): No known package when getting name for resource number 0x9c030103
05-22 14:41:18.640 W/ResourceType( 1150): No known package when getting name for resource number 0x9c030203
05-22 14:41:18.663 W/ResourceType( 1150): No known package when getting name for resource number 0x9c020000
05-22 14:41:18.663 W/ResourceType( 1150): No known package when getting name for resource number 0x9c020300
05-22 14:41:18.671 W/ResourceType( 1150): No known package when getting name for resource number 0x9c020001
05-22 14:41:18.671 W/ResourceType( 1150): No known package when getting name for resource number 0x9c020100
05-22 14:41:18.671 W/ResourceType( 1150): No known package when getting name for resource number 0x9c020003
05-22 14:41:18.671 W/ResourceType( 1150): No known package when getting name for resource number 0x9c020303
05-22 14:41:18.671 W/ResourceType( 1150): No known package when getting name for resource number 0x9c010002
05-22 14:41:18.679 W/ResourceType( 1150): No known package when getting name for resource number 0x9c030103
05-22 14:41:18.679 W/ResourceType( 1150): No known package when getting name for resource number 0x9c030203
05-22 14:41:18.695 W/ResourceType( 1150): No known package when getting name for resource number 0x9c020000
05-22 14:41:18.695 W/ResourceType( 1150): No known package when getting name for resource number 0x9c020300
05-22 14:41:18.702 W/ResourceType( 1150): No known package when getting name for resource number 0x9c020001
05-22 14:41:18.702 W/ResourceType( 1150): No known package when getting name for resource number 0x9c020100
05-22 14:41:18.702 W/ResourceType( 1150): No known package when getting name for resource number 0x9c020003
05-22 14:41:18.702 W/ResourceType( 1150): No known package when getting name for resource number 0x9c020303
05-22 14:41:18.702 W/ResourceType( 1150): No known package when getting name for resource number 0x9c010002
05-22 14:41:18.710 W/ResourceType( 1150): No known package when getting name for resource number 0x9c030103
05-22 14:41:18.710 W/ResourceType( 1150): No known package when getting name for resource number 0x9c030203
05-22 14:41:18.726 W/ResourceType( 1150): No known package when getting name for resource number 0x9c020000
05-22 14:41:18.726 W/ResourceType( 1150): No known package when getting name for resource number 0x9c020300
05-22 14:41:18.726 W/ResourceType( 1150): No known package when getting name for resource number 0x9c020001
05-22 14:41:18.726 W/ResourceType( 1150): No known package when getting name for resource number 0x9c020100
05-22 14:41:18.726 W/ResourceType( 1150): No known package when getting name for resource number 0x9c020003
05-22 14:41:18.726 W/ResourceType( 1150): No known package when getting name for resource number 0x9c020303
05-22 14:41:18.734 W/ResourceType( 1150): No known package when getting name for resource number 0x9c010002
05-22 14:41:18.741 W/ResourceType( 1150): No known package when getting name for resource number 0x9c030103
05-22 14:41:18.741 W/ResourceType( 1150): No known package when getting name for resource number 0x9c030203
05-22 14:41:18.749 W/ResourceType( 1150): No known package when getting name for resource number 0x9c020000
05-22 14:41:18.749 W/ResourceType( 1150): No known package when getting name for resource number 0x9c020300
05-22 14:41:18.749 W/ResourceType( 1150): No known package when getting name for resource number 0x9c020001
05-22 14:41:18.757 W/ResourceType( 1150): No known package when getting name for resource number 0x9c020100
05-22 14:41:18.757 W/ResourceType( 1150): No known package when getting name for resource number 0x9c020003
05-22 14:41:18.757 W/ResourceType( 1150): No known package when getting name for resource number 0x9c020303
05-22 14:41:18.757 W/ResourceType( 1150): No known package when getting name for resource number 0x9c010002
05-22 14:41:18.765 W/ResourceType( 1150): No known package when getting name for resource number 0x9c030103
05-22 14:41:18.765 W/ResourceType( 1150): No known package when getting name for resource number 0x9c030203
05-22 14:41:18.773 V/PanelView(  450): animationTick called with dtms=0; nothing to do (h=0.0 v=4000.0)
05-22 14:41:18.781 W/ResourceType( 1150): No known package when getting name for resource number 0x9c020000
05-22 14:41:18.781 W/ResourceType( 1150): No known package when getting name for resource number 0x9c020300
05-22 14:41:18.781 W/ResourceType( 1150): No known package when getting name for resource number 0x9c020001
05-22 14:41:18.781 W/ResourceType( 1150): No known package when getting name for resource number 0x9c020100
05-22 14:41:18.781 W/ResourceType( 1150): No known package when getting name for resource number 0x9c020003
05-22 14:41:18.781 W/ResourceType( 1150): No known package when getting name for resource number 0x9c020303
05-22 14:41:18.781 W/ResourceType( 1150): No known package when getting name for resource number 0x9c010002
05-22 14:41:18.788 W/ResourceType( 1150): No known package when getting name for resource number 0x9c030103
05-22 14:41:18.788 W/ResourceType( 1150): No known package when getting name for resource number 0x9c030203
05-22 14:41:19.812 D/dalvikvm(  802): GC_EXPLICIT freed 159K, 24% free 12168K/15964K, paused 1ms+3ms, total 49ms
05-22 14:41:24.484 I/QueryController( 4054): Matched selector: UiSelector[TEXT=Set password, PACKAGE NAME=com.pekall.emdm.launcher] <<==>> [android.view.accessibility.AccessibilityNodeInfo@55a0f; boundsInParent: Rect(0, 0 - 457, 48); boundsInScreen: Rect(144, 258 - 601, 306); packageName: com.pekall.emdm.launcher; className: android.widget.TextView; text: Set password; contentDescription: null; viewIdResName: android:id/title; checkable: false; checked: false; focusable: false; focused: false; selected: false; clickable: false; longClickable: false; enabled: true; password: false; scrollable: false; [ACTION_SELECT, ACTION_CLEAR_SELECTION, ACTION_ACCESSIBILITY_FOCUS, ACTION_NEXT_AT_MOVEMENT_GRANULARITY, ACTION_PREVIOUS_AT_MOVEMENT_GRANULARITY, ACTION_SET_SELECTION]]
05-22 14:41:24.507 I/QueryController( 4054): Matched selector: UiSelector[TEXT=Set password, CLASS=android.widget.TextView, PACKAGE NAME=com.pekall.emdm.launcher] <<==>> [android.view.accessibility.AccessibilityNodeInfo@55a0f; boundsInParent: Rect(0, 0 - 457, 48); boundsInScreen: Rect(144, 258 - 601, 306); packageName: com.pekall.emdm.launcher; className: android.widget.TextView; text: Set password; contentDescription: null; viewIdResName: android:id/title; checkable: false; checked: false; focusable: false; focused: false; selected: false; clickable: false; longClickable: false; enabled: true; password: false; scrollable: false; [ACTION_SELECT, ACTION_CLEAR_SELECTION, ACTION_ACCESSIBILITY_FOCUS, ACTION_NEXT_AT_MOVEMENT_GRANULARITY, ACTION_PREVIOUS_AT_MOVEMENT_GRANULARITY, ACTION_SET_SELECTION]]
05-22 14:41:24.523 I/QueryController( 4054): Matched selector: UiSelector[TEXT=Set password, CLASS=android.widget.TextView, PACKAGE NAME=com.pekall.emdm.launcher] <<==>> [android.view.accessibility.AccessibilityNodeInfo@55a0f; boundsInParent: Rect(0, 0 - 457, 48); boundsInScreen: Rect(144, 258 - 601, 306); packageName: com.pekall.emdm.launcher; className: android.widget.TextView; text: Set password; contentDescription: null; viewIdResName: android:id/title; checkable: false; checked: false; focusable: false; focused: false; selected: false; clickable: false; longClickable: false; enabled: true; password: false; scrollable: false; [ACTION_SELECT, ACTION_CLEAR_SELECTION, ACTION_ACCESSIBILITY_FOCUS, ACTION_NEXT_AT_MOVEMENT_GRANULARITY, ACTION_PREVIOUS_AT_MOVEMENT_GRANULARITY, ACTION_SET_SELECTION]]
05-22 14:41:24.523 D/UiObject( 4054): getText() = Set password
05-22 14:41:24.554 I/QueryController( 4054): Matched selector: UiSelector[TEXT=Set password, CLASS=android.widget.TextView, PACKAGE NAME=com.pekall.emdm.launcher] <<==>> [android.view.accessibility.AccessibilityNodeInfo@55a0f; boundsInParent: Rect(0, 0 - 457, 48); boundsInScreen: Rect(144, 258 - 601, 306); packageName: com.pekall.emdm.launcher; className: android.widget.TextView; text: Set password; contentDescription: null; viewIdResName: android:id/title; checkable: false; checked: false; focusable: false; focused: false; selected: false; clickable: false; longClickable: false; enabled: true; password: false; scrollable: false; [ACTION_SELECT, ACTION_CLEAR_SELECTION, ACTION_ACCESSIBILITY_FOCUS, ACTION_NEXT_AT_MOVEMENT_GRANULARITY, ACTION_PREVIOUS_AT_MOVEMENT_GRANULARITY, ACTION_SET_SELECTION]]
05-22 14:41:24.577 I/QueryController( 4054): Matched selector: UiSelector[TEXT=Set password, CLASS=android.widget.TextView, PACKAGE NAME=com.pekall.emdm.launcher] <<==>> [android.view.accessibility.AccessibilityNodeInfo@55a0f; boundsInParent: Rect(0, 0 - 457, 48); boundsInScreen: Rect(144, 258 - 601, 306); packageName: com.pekall.emdm.launcher; className: android.widget.TextView; text: Set password; contentDescription: null; viewIdResName: android:id/title; checkable: false; checked: false; focusable: false; focused: false; selected: false; clickable: false; longClickable: false; enabled: true; password: false; scrollable: false; [ACTION_SELECT, ACTION_CLEAR_SELECTION, ACTION_ACCESSIBILITY_FOCUS, ACTION_NEXT_AT_MOVEMENT_GRANULARITY, ACTION_PREVIOUS_AT_MOVEMENT_GRANULARITY, ACTION_SET_SELECTION]]
05-22 14:41:24.577 D/InteractionController( 4054): clickAndWaitForNewWindow(372, 282)
05-22 14:41:24.702 I/ActivityManager(  375): START u0 {act=android.app.action.SET_NEW_PASSWORD cmp=com.android.settings/.ChooseLockGeneric bnds=[0,242][720,370]} from pid -1
05-22 14:41:24.702 W/ActivityManager(  375): startActivity called from non-Activity context; forcing Intent.FLAG_ACTIVITY_NEW_TASK for: Intent { act=android.app.action.SET_NEW_PASSWORD flg=0x800000 cmp=com.android.settings/.ChooseLockGeneric bnds=[0,242][720,370] }
05-22 14:41:24.820 D/dalvikvm(  375): GC_FOR_ALLOC freed 959K, 17% free 17596K/21096K, paused 68ms, total 68ms
05-22 14:41:24.851 W/KeyguardViewMediator(  375): verifyUnlock called when not externally disabled
