05-22 14:39:06.656 D/AttachmentService( 3216): == Checking attachment queue, 0 entries
05-22 14:39:06.663 D/AttachmentService( 3216): *** All done; shutting down service
05-22 14:39:06.679 D/MdmDatabaseHelper( 3216): [null:-1]->update command 8575857e-a15b-43d5-b907-d61ea1528f00 to commandStatus <?xml version="1.0" encoding="UTF-8"?>
05-22 14:39:06.679 D/MdmDatabaseHelper( 3216): <!DOCTYPE plist PUBLIC "-//Apple//DTD PLIST 1.0//EN" "http://www.apple.com/DTDs/PropertyList-1.0.dtd">
05-22 14:39:06.679 D/MdmDatabaseHelper( 3216): <plist version="1.0">
05-22 14:39:06.679 D/MdmDatabaseHelper( 3216): <dict>
05-22 14:39:06.679 D/MdmDatabaseHelper( 3216): 	<key>Latitude</key>
05-22 14:39:06.679 D/MdmDatabaseHelper( 3216): 	<real>-1.0</real>
05-22 14:39:06.679 D/MdmDatabaseHelper( 3216): 	<key>Longitude</key>
05-22 14:39:06.679 D/MdmDatabaseHelper( 3216): 	<real>-1.0</real>
05-22 14:39:06.679 D/MdmDatabaseHelper( 3216): 	<key>CommandUUID</key>
05-22 14:39:06.679 D/MdmDatabaseHelper( 3216): 	<string>8575857e-a15b-43d5-b907-d61ea1528f00</string>
05-22 14:39:06.679 D/MdmDatabaseHelper( 3216): 	<key>Status</key>
05-22 14:39:06.679 D/MdmDatabaseHelper( 3216): 	<string>Error</string>
05-22 14:39:06.679 D/MdmDatabaseHelper( 3216): 	<key>UDID</key>
05-22 14:39:06.679 D/MdmDatabaseHelper( 3216): 	<string>00013fbc8ecec5b90000014622a3b70b</string>
05-22 14:39:06.679 D/MdmDatabaseHelper( 3216): </dict>
05-22 14:39:06.679 D/MdmDatabaseHelper( 3216): </plist>
05-22 14:39:06.999 D/dalvikvm( 3820): JIT unchain all for threadid=11
05-22 14:39:07.015 I/Email   ( 3820): Notifications being toggled: true
05-22 14:39:07.085 D/Email-MailService( 3216): reschedule: alarm cancel - no account to check
05-22 14:39:07.281 D/dalvikvm( 3820): JIT unchain all for threadid=11
05-22 14:39:07.288 D/dalvikvm( 3820): GC_CONCURRENT freed 524K, 6% free 9551K/10124K, paused 255ms+253ms, total 542ms
05-22 14:39:07.491 I/TransInfo( 3216): TransInfo created, id: 3, class: class com.pekall.emdm.transaction.c.b
05-22 14:39:07.491 D/NetworkThread( 3216): [null:-1]->----isRunning-----true
05-22 14:39:07.491 D/NetworkThread( 3216): [null:-1]->----isRunning-----true
05-22 14:39:07.491 D/NetworkThread( 3216): [null:-1]->thread wakeup
05-22 14:39:07.499 D/NetworkThread( 3216): [null:-1]->sendHttpPost:PostRequest, url: http://192.168.10.21/rest/mdm/v1/ios/android_server, Params: [content:<?xml version="1.0" encoding="UTF-8"?>
05-22 14:39:07.499 D/NetworkThread( 3216): <!DOCTYPE plist PUBLIC "-//Apple//DTD PLIST 1.0//EN" "http://www.apple.com/DTDs/PropertyList-1.0.dtd">
05-22 14:39:07.499 D/NetworkThread( 3216): <plist version="1.0">
05-22 14:39:07.499 D/NetworkThread( 3216): <dict>
05-22 14:39:07.499 D/NetworkThread( 3216): 	<key>Latitude</key>
05-22 14:39:07.499 D/NetworkThread( 3216): 	<real>-1.0</real>
05-22 14:39:07.499 D/NetworkThread( 3216): 	<key>Longitude</key>
05-22 14:39:07.499 D/NetworkThread( 3216): 	<real>-1.0</real>
05-22 14:39:07.499 D/NetworkThread( 3216): 	<key>CommandUUID</key>
05-22 14:39:07.499 D/NetworkThread( 3216): 	<string>8575857e-a15b-43d5-b907-d61ea1528f00</string>
05-22 14:39:07.499 D/NetworkThread( 3216): 	<key>Status</key>
05-22 14:39:07.499 D/NetworkThread( 3216): 	<string>Error</string>
05-22 14:39:07.499 D/NetworkThread( 3216): 	<key>UDID</key>
05-22 14:39:07.499 D/NetworkThread( 3216): 	<string>00013fbc8ecec5b90000014622a3b70b</string>
05-22 14:39:07.499 D/NetworkThread( 3216): </dict>
05-22 14:39:07.499 D/NetworkThread( 3216): </plist>], 
05-22 14:39:07.499 D/HttpClient( 3216): enable apache.http debug
05-22 14:39:07.507 V/DEBUG   ( 3216): HTTP 0
05-22 14:39:07.726 W/Email   ( 3820): Could not load INBOX for account id: 2
05-22 14:39:07.765 I/Email   ( 3820): Observing account changes for notifications
05-22 14:39:07.765 D/MDM :   ( 3216): [null:-1]->statusCode : 200
05-22 14:39:07.765 D/MDM :   ( 3216): [null:-1]->statusCode : 200
05-22 14:39:07.765 V/DEBUG   ( 3216): HTTP 1
05-22 14:39:07.773 D/MDM :   ( 3216): [null:-1]->Get joson string: 
05-22 14:39:07.773 D/MdmDatabaseHelper( 3216): [null:-1]->update command 8575857e-a15b-43d5-b907-d61ea1528f00 to status executed
05-22 14:39:07.804 D/NetworkThread( 3216): [null:-1]->clear mCurrentTransInfo
05-22 14:39:07.804 D/NetworkThread( 3216): [null:-1]->queue is empty, thread wait...
05-22 14:39:07.874 D/MdmService( 3216): [null:-1]->handleCheckInResult
05-22 14:39:07.874 D/MdmService( 3216): [null:-1]->handleCheckInResult result keyIndex: 3
05-22 14:39:07.929 D/HandleCommandTask( 3216): [null:-1]->execute command msg but beanBase is null
05-22 14:39:07.937 D/MdmStatusManager( 3216): [null:-1]->change status to : Idle
05-22 14:39:07.976 W/InteractionController( 3742): runAndwaitForEvent timedout waiting for events
05-22 14:39:08.046 I/QueryController( 3742): Matched selector: UiSelector[TEXT=3 DEF, CLASS=android.widget.Button, PACKAGE NAME=android] <<==>> [android.view.accessibility.AccessibilityNodeInfo@37990; boundsInParent: Rect(0, 0 - 203, 123); boundsInScreen: Rect(461, 569 - 664, 692); packageName: android; className: android.widget.Button; text: 3 DEF; contentDescription: Dot.; viewIdResName: android:id/key3; checkable: false; checked: false; focusable: true; focused: false; selected: false; clickable: true; longClickable: false; enabled: true; password: false; scrollable: false; [ACTION_FOCUS, ACTION_SELECT, ACTION_CLEAR_SELECTION, ACTION_CLICK, ACTION_ACCESSIBILITY_FOCUS, ACTION_NEXT_AT_MOVEMENT_GRANULARITY, ACTION_PREVIOUS_AT_MOVEMENT_GRANULARITY, ACTION_SET_SELECTION]]
05-22 14:39:08.062 D/InteractionController( 3742): clickAndSync(562, 630)
05-22 14:39:11.171 W/InteractionController( 3742): runAndwaitForEvent timedout waiting for events
05-22 14:39:11.195 I/QueryController( 3742): Matched selector: UiSelector[TEXT=4 GHI, CLASS=android.widget.Button, PACKAGE NAME=android] <<==>> [android.view.accessibility.AccessibilityNodeInfo@37d51; boundsInParent: Rect(0, 0 - 202, 123); boundsInScreen: Rect(56, 692 - 258, 815); packageName: android; className: android.widget.Button; text: 4 GHI; contentDescription: Dot.; viewIdResName: android:id/key4; checkable: false; checked: false; focusable: true; focused: false; selected: false; clickable: true; longClickable: false; enabled: true; password: false; scrollable: false; [ACTION_FOCUS, ACTION_SELECT, ACTION_CLEAR_SELECTION, ACTION_CLICK, ACTION_ACCESSIBILITY_FOCUS, ACTION_NEXT_AT_MOVEMENT_GRANULARITY, ACTION_PREVIOUS_AT_MOVEMENT_GRANULARITY, ACTION_SET_SELECTION]]
05-22 14:39:11.195 D/InteractionController( 3742): clickAndSync(157, 753)
05-22 14:39:14.304 W/InteractionController( 3742): runAndwaitForEvent timedout waiting for events
05-22 14:39:14.335 I/QueryController( 3742): Matched selector: UiSelector[TEXT=5 JKL, CLASS=android.widget.Button, PACKAGE NAME=android] <<==>> [android.view.accessibility.AccessibilityNodeInfo@38112; boundsInParent: Rect(0, 0 - 203, 123); boundsInScreen: Rect(258, 692 - 461, 815); packageName: android; className: android.widget.Button; text: 5 JKL; contentDescription: Dot.; viewIdResName: android:id/key5; checkable: false; checked: false; focusable: true; focused: false; selected: false; clickable: true; longClickable: false; enabled: true; password: false; scrollable: false; [ACTION_FOCUS, ACTION_SELECT, ACTION_CLEAR_SELECTION, ACTION_CLICK, ACTION_ACCESSIBILITY_FOCUS, ACTION_NEXT_AT_MOVEMENT_GRANULARITY, ACTION_PREVIOUS_AT_MOVEMENT_GRANULARITY, ACTION_SET_SELECTION]]
05-22 14:39:14.335 D/InteractionController( 3742): clickAndSync(359, 753)
05-22 14:39:17.445 W/InteractionController( 3742): runAndwaitForEvent timedout waiting for events
05-22 14:39:17.460 I/QueryController( 3742): Matched selector: UiSelector[TEXT=6 MNO, CLASS=android.widget.Button, PACKAGE NAME=android] <<==>> [android.view.accessibility.AccessibilityNodeInfo@384d3; boundsInParent: Rect(0, 0 - 203, 123); boundsInScreen: Rect(461, 692 - 664, 815); packageName: android; className: android.widget.Button; text: 6 MNO; contentDescription: Dot.; viewIdResName: android:id/key6; checkable: false; checked: false; focusable: true; focused: false; selected: false; clickable: true; longClickable: false; enabled: true; password: false; scrollable: false; [ACTION_FOCUS, ACTION_SELECT, ACTION_CLEAR_SELECTION, ACTION_CLICK, ACTION_ACCESSIBILITY_FOCUS, ACTION_NEXT_AT_MOVEMENT_GRANULARITY, ACTION_PREVIOUS_AT_MOVEMENT_GRANULARITY, ACTION_SET_SELECTION]]
05-22 14:39:17.468 D/InteractionController( 3742): clickAndSync(562, 753)
05-22 14:39:20.570 W/InteractionController( 3742): runAndwaitForEvent timedout waiting for events
05-22 14:39:20.601 I/QueryController( 3742): Matched selector: UiSelector[DESCRIPTION=Enter] <<==>> [android.view.accessibility.AccessibilityNodeInfo@39798; boundsInParent: Rect(0, 0 - 203, 124); boundsInScreen: Rect(461, 939 - 664, 1063); packageName: android; className: android.widget.ImageButton; text: null; contentDescription: Enter; viewIdResName: android:id/key_enter; checkable: false; checked: false; focusable: true; focused: false; selected: false; clickable: true; longClickable: false; enabled: true; password: false; scrollable: false; [ACTION_FOCUS, ACTION_SELECT, ACTION_CLEAR_SELECTION, ACTION_CLICK, ACTION_ACCESSIBILITY_FOCUS, ACTION_NEXT_AT_MOVEMENT_GRANULARITY, ACTION_PREVIOUS_AT_MOVEMENT_GRANULARITY, ACTION_SET_SELECTION]]
05-22 14:39:20.601 D/InteractionController( 3742): clickAndWaitForNewWindow(562, 1001)
05-22 14:39:20.859 V/LauncherApplication( 3216): onActivityStarted
05-22 14:39:20.866 D/        ( 3216): [---null: -1---]     awsa  onActivityResumed
05-22 14:39:20.866 V/LauncherApplication( 3216): 2MdmConstant.LAST_LAUNCH_TIME = 1400740728757
05-22 14:39:20.866 D/PhoneStatusBar(  450): disable: < expand* icons alerts ticker* system_info BACK HOME recent* CLOCK search* >
05-22 14:39:20.882 D/        ( 3216): [---null: -1---]  activity = com.pekall.emdm.launcher.Launcher
05-22 14:39:20.890 V/DefultSetContriller( 3216): isLauncherDf = com.pekall.emdm.launcher
05-22 14:39:20.898 V/DefultSetContriller( 3216): isLauncherDf = com.pekall.emdm.launcher
05-22 14:39:20.906 V/DefultSetContriller( 3216): isPhoneDf = com.pekall.emdm.launcher
05-22 14:39:20.906 E/LauncherApplication( 3216): isShowLogoutUI = true
05-22 14:39:20.906 E/LauncherApplication( 3216): LogoutShowTime 1
05-22 14:39:20.906 V/Launcher( 3216): onResume1111111 
05-22 14:39:20.906 V/Launcher( 3216): is login ----> 
05-22 14:39:20.921 D/PhoneStatusBar(  450): disable: < expand icons alerts ticker system_info back* home* recent clock* search >
05-22 14:39:20.929 I/System.out( 3216):  
05-22 14:39:20.929 I/System.out( 3216): com.pekall.emdm.launcher.Workspace.setWallpaper(Unknown Source)
05-22 14:39:20.929 I/System.out( 3216): com.pekall.emdm.launcher.Launcher.onResume(Unknown Source)
05-22 14:39:20.929 I/System.out( 3216): android.app.Instrumentation.callActivityOnResume(Instrumentation.java:1192)
05-22 14:39:20.929 I/System.out( 3216): android.app.Activity.performResume(Activity.java:5211)
05-22 14:39:20.929 I/System.out( 3216): android.app.ActivityThread.performResumeActivity(ActivityThread.java:2780)
05-22 14:39:20.929 I/System.out( 3216): android.app.ActivityThread.handleResumeActivity(ActivityThread.java:2819)
05-22 14:39:20.929 I/System.out( 3216): android.app.ActivityThread$H.handleMessage(ActivityThread.java:1298)
05-22 14:39:20.929 I/System.out( 3216): android.os.Handler.dispatchMessage(Handler.java:99)
05-22 14:39:20.929 I/System.out( 3216): android.os.Looper.loop(Looper.java:137)
05-22 14:39:20.929 I/System.out( 3216): android.app.ActivityThread.main(ActivityThread.java:5103)
05-22 14:39:20.929 I/System.out( 3216): java.lang.reflect.Method.invokeNative(Native Method)
05-22 14:39:20.929 I/System.out( 3216): java.lang.reflect.Method.invoke(Method.java:525)
05-22 14:39:20.929 I/System.out( 3216): com.android.internal.os.ZygoteInit$MethodAndArgsCaller.run(ZygoteInit.java:737)
05-22 14:39:20.929 I/System.out( 3216): com.android.internal.os.ZygoteInit.main(ZygoteInit.java:553)
05-22 14:39:20.929 I/System.out( 3216): dalvik.system.NativeStart.main(Native Method)
05-22 14:39:21.132 I/uninstall( 1761): SelfUninstallManager -> initUninstallTask
05-22 14:39:21.171 D/uninstall( 1761): pid = 1478, process name = null
05-22 14:39:21.179 D/dalvikvm( 3216): JIT unchain all for threadid=11
05-22 14:39:21.187 D/NfcService(  587): NFC-C ON
05-22 14:39:21.249 D/dalvikvm( 3216): GC_FOR_ALLOC freed 4749K, 31% free 29075K/41792K, paused 313ms, total 313ms
05-22 14:39:21.382 V/TAG     (  375): bug 7643792: fitSystemWindows([0,50][0,0])
05-22 14:39:21.452 W/Parcel  (  802): Attempt to read object from Parcel 0x5dfdfdac at offset 200 that is not in the object list
05-22 14:39:21.476 W/InputMethodManagerService(  375): Window already focused, ignoring focus gain of: com.android.internal.view.IInputMethodClient$Stub$Proxy@426753a0 attribute=null, token = android.os.BinderProxy@425112e0
05-22 14:39:21.749 I/Process (  375): Sending signal. PID: 3820 SIG: 3
05-22 14:39:21.749 I/dalvikvm( 3820): threadid=3: reacting to signal 3
05-22 14:39:21.749 W/ActivityManager(  375): Timeout executing service: ServiceRecord{428ef990 u0 com.pekall.emdm.launcher/com.baidu.location.f}
05-22 14:39:21.952 I/Process (  375): Sending signal. PID: 375 SIG: 3
05-22 14:39:21.952 I/dalvikvm(  375): threadid=3: reacting to signal 3
05-22 14:39:21.999 D/dalvikvm( 3820): JIT unchain all for threadid=11
05-22 14:39:22.038 D/dalvikvm( 1064): GC_CONCURRENT freed 398K, 5% free 9383K/9868K, paused 17ms+16ms, total 309ms
05-22 14:39:22.101 I/dalvikvm( 3820): Wrote stack traces to '/data/anr/traces.txt'
05-22 14:39:23.062 I/dalvikvm(  375): Wrote stack traces to '/data/anr/traces.txt'
05-22 14:39:23.070 I/Process (  375): Sending signal. PID: 450 SIG: 3
05-22 14:39:23.070 I/dalvikvm(  450): threadid=3: reacting to signal 3
05-22 14:39:23.077 I/Process (  375): Sending signal. PID: 580 SIG: 3
05-22 14:39:23.085 I/dalvikvm(  580): threadid=3: reacting to signal 3
05-22 14:39:23.163 I/dalvikvm(  450): Wrote stack traces to '/data/anr/traces.txt'
05-22 14:39:23.163 I/Process (  375): Sending signal. PID: 587 SIG: 3
05-22 14:39:23.163 I/dalvikvm(  587): threadid=3: reacting to signal 3
05-22 14:39:23.171 I/dalvikvm(  580): Wrote stack traces to '/data/anr/traces.txt'
05-22 14:39:23.234 V/PanelView(  450): animationTick called with dtms=0; nothing to do (h=0.0 v=4000.0)
05-22 14:39:23.343 I/dalvikvm(  587): Wrote stack traces to '/data/anr/traces.txt'
05-22 14:39:23.741 D/dalvikvm(  802): GC_EXPLICIT freed 595K, 24% free 12194K/15964K, paused 12ms+18ms, total 286ms
05-22 14:39:24.015 D/dalvikvm(  375): GC_CONCURRENT freed 2305K, 18% free 17472K/21100K, paused 13ms+35ms, total 422ms
05-22 14:39:24.015 D/dalvikvm(  375): WAIT_FOR_CONCURRENT_GC blocked 307ms
05-22 14:39:24.015 D/dalvikvm(  375): WAIT_FOR_CONCURRENT_GC blocked 174ms
05-22 14:39:24.015 D/dalvikvm(  375): WAIT_FOR_CONCURRENT_GC blocked 169ms
05-22 14:39:24.023 I/Choreographer(  450): Skipped 45 frames!  The application may be doing too much work on its main thread.
05-22 14:39:24.452 D/dalvikvm(  375): GC_EXPLICIT freed 546K, 18% free 17336K/21100K, paused 2ms+23ms, total 170ms
05-22 14:39:25.085 I/Process (  375): Sending signal. PID: 3216 SIG: 3
05-22 14:39:25.085 I/dalvikvm( 3216): threadid=3: reacting to signal 3
05-22 14:39:25.281 I/Process (  375): Sending signal. PID: 1064 SIG: 3
05-22 14:39:25.335 D/dalvikvm( 3216): JIT unchain all for threadid=11
05-22 14:39:25.484 I/Process (  375): Sending signal. PID: 802 SIG: 3
05-22 14:39:25.484 I/dalvikvm(  802): threadid=3: reacting to signal 3
05-22 14:39:25.499 I/dalvikvm( 1064): threadid=3: reacting to signal 3
05-22 14:39:25.538 I/dalvikvm(  802): Wrote stack traces to '/data/anr/traces.txt'
05-22 14:39:25.570 E/ActivityManager(  375): ANR in com.pekall.emdm.launcher:remote
05-22 14:39:25.570 E/ActivityManager(  375): Reason: Executing service com.pekall.emdm.launcher/com.baidu.location.f
05-22 14:39:25.570 E/ActivityManager(  375): Load: 4.11 / 3.19 / 2.15
05-22 14:39:25.570 E/ActivityManager(  375): CPU usage from 2271ms to -3793ms ago:
05-22 14:39:25.570 E/ActivityManager(  375):   66% 3216/com.pekall.emdm.launcher: 65% user + 1.6% kernel / faults: 4743 minor
05-22 14:39:25.570 E/ActivityManager(  375):   61% 3820/com.pekall.emdm.launcher:remote: 61% user + 0.3% kernel / faults: 137 minor
05-22 14:39:25.570 E/ActivityManager(  375):   32% 3742/uiautomator: 14% user + 17% kernel / faults: 180 minor
05-22 14:39:25.570 E/ActivityManager(  375):   19% 375/system_server: 14% user + 5.7% kernel / faults: 892 minor
05-22 14:39:25.570 E/ActivityManager(  375):   4.2% 450/com.android.systemui: 2.8% user + 1.4% kernel / faults: 395 minor
05-22 14:39:25.570 E/ActivityManager(  375):   3.1% 127/mediaserver: 1.4% user + 1.6% kernel / faults: 1 minor
05-22 14:39:25.570 E/ActivityManager(  375):   2.6% 124/surfaceflinger: 1.4% user + 1.1% kernel / faults: 2802 minor
05-22 14:39:25.570 E/ActivityManager(  375):   2.3% 802/com.qihoo360.mobilesafe:GuardService: 1.9% user + 0.3% kernel / faults: 306 minor
05-22 14:39:25.570 E/ActivityManager(  375):   0% 130/keystore: 0% user + 0% kernel / faults: 9 minor
05-22 14:39:25.570 E/ActivityManager(  375):   0.4% 1064/com.dragon.android.pandaspace: 0.2% user + 0.2% kernel / faults: 261 minor
05-22 14:39:25.570 E/ActivityManager(  375):   0.1% 580/com.android.phone: 0.1% user + 0% kernel / faults: 29 minor
05-22 14:39:25.570 E/ActivityManager(  375):   0.1% 587/com.android.nfc: 0% user + 0% kernel / faults: 79 minor
05-22 14:39:25.570 E/ActivityManager(  375):   0.4% 5/kworker/u:0: 0% user + 0.4% kernel
05-22 14:39:25.570 E/ActivityManager(  375):   0.1% 24/kswapd0: 0% user + 0.1% kernel
05-22 14:39:25.570 E/ActivityManager(  375):   0.1% 134/adbd: 0% user + 0.1% kernel
05-22 14:39:25.570 E/ActivityManager(  375):   0.3% 854/com.qihoo.appstore: 0.1% user + 0.1% kernel
05-22 14:39:25.570 E/ActivityManager(  375):   0% 1761/com.tencent.android.qqdownloader: 0% user + 0% kernel / faults: 57 minor
05-22 14:39:25.570 E/ActivityManager(  375):   0.1% 3694/logcat: 0% user + 0% kernel
05-22 14:39:25.570 E/ActivityManager(  375):   0.3% 3864/kworker/0:1: 0% user + 0.3% kernel
05-22 14:39:25.570 E/ActivityManager(  375):   0% 65/kworker/1:1: 0% user + 0% kernel
05-22 14:39:25.570 E/ActivityManager(  375):   0% 92/dhd_dpc: 0% user + 0% kernel
05-22 14:39:25.570 E/ActivityManager(  375):   0% 114/jbd2/mmcblk0p12: 0% user + 0% kernel
05-22 14:39:25.570 E/ActivityManager(  375):   0.1% 121/netd: 0% user + 0.1% kernel
05-22 14:39:25.570 E/ActivityManager(  375):   0.1% 508/com.android.phasebeam: 0.1% user + 0% kernel / faults: 2 minor
05-22 14:39:25.570 E/ActivityManager(  375):   0% 1719/com.android.settings: 0% user + 0% kernel / faults: 120 minor
05-22 14:39:25.570 E/ActivityManager(  375):   0.1% 3028/kworker/u:3: 0% user + 0.1% kernel
05-22 14:39:25.570 E/ActivityManager(  375):  +0% 3874/AsyncTask #3: 0% user + 0% kernel
05-22 14:39:25.570 E/ActivityManager(  375): 100% TOTAL: 83% user + 16% kernel
05-22 14:39:25.570 E/ActivityManager(  375): CPU usage from 2704ms to 3274ms later:
05-22 14:39:25.570 E/ActivityManager(  375):   98% 3742/uiautomator: 33% user + 64% kernel
05-22 14:39:25.570 E/ActivityManager(  375):     100% 3742/uiautomator: 33% user + 66% kernel
05-22 14:39:25.570 E/ActivityManager(  375):   44% 3216/com.pekall.emdm.launcher: 44% user + 0% kernel
05-22 14:39:25.570 E/ActivityManager(  375):     44% 3229/Thread-183: 44% user + 0% kernel
05-22 14:39:25.570 E/ActivityManager(  375):   44% 3820/com.pekall.emdm.launcher:remote: 44% user + 0% kernel
05-22 14:39:25.570 E/ActivityManager(  375):     42% 3833/Thread-210: 42% user + 0% kernel
05-22 14:39:25.570 E/ActivityManager(  375):   9% 375/system_server: 3.6% user + 5.4% kernel / faults: 8 minor
05-22 14:39:25.570 E/ActivityManager(  375):     5.4% 391/ActivityManager: 0% user + 5.4% kernel
05-22 14:39:25.570 E/ActivityManager(  375):     1.8% 387/SensorService: 1.8% user + 0% kernel
05-22 14:39:25.570 E/ActivityManager(  375):     1.8% 389/UI: 1.8% user + 0% kernel
05-22 14:39:25.570 E/ActivityManager(  375):     1.8% 545/Binder_4: 1.8% user + 0% kernel
05-22 14:39:25.570 E/ActivityManager(  375):   1.3% 1064/com.dragon.android.pandaspace: 1.3% user + 0% kernel / faults: 17 minor
05-22 14:39:25.570 E/ActivityManager(  375):     0.6% 1859/AsyncTask #3: 0.6% user + 0% kernel
05-22 14:39:25.570 E/ActivityManager(  375):   1.7% 802/com.qihoo360.mobilesafe:GuardService: 1.7% user + 0% kernel / faults: 5 minor
05-22 14:39:25.570 E/ActivityManager(  375):     1.7% 802/fe:GuardService: 1.7% user + 0% kernel
05-22 14:39:25.570 E/ActivityManager(  375): 100% TOTAL: 67% user + 32% kernel
05-22 14:39:25.570 W/ActivityManager(  375): Killing ProcessRecord{42a356e8 3820:com.pekall.emdm.launcher:remote/u0a10066}: background ANR
05-22 14:39:25.648 D/dalvikvm(  375): GC_FOR_ALLOC freed 1516K, 19% free 17207K/21100K, paused 63ms, total 63ms
05-22 14:39:25.679 I/ActivityManager(  375): Process com.pekall.emdm.launcher:remote (pid 3820) has died.
05-22 14:39:25.679 W/ActivityManager(  375): Scheduling restart of crashed service com.pekall.emdm.launcher/com.baidu.location.f in 20000ms
05-22 14:39:25.773 D/ExchangeService( 3216): !!! EAS ExchangeService, onDestroy
05-22 14:39:25.773 I/dalvikvm( 3216): Wrote stack traces to '/data/anr/traces.txt'
05-22 14:39:25.788 I/RootJni ( 3874): su: permission denied
05-22 14:39:26.257 I/uninstall( 1761): SelfUninstallManager -> init
05-22 14:39:26.257 W/Parcel  (  802): Attempt to read object from Parcel 0x5ed47dac at offset 200 that is not in the object list
05-22 14:39:26.648 I/dalvikvm( 1064): Wrote stack traces to '/data/anr/traces.txt'
05-22 14:39:26.773 W/System.err( 1064): java.io.IOException: write failed: EPIPE (Broken pipe)
05-22 14:39:26.968 W/System.err( 1064): 	at libcore.io.IoBridge.write(IoBridge.java:455)
05-22 14:39:26.984 W/System.err( 1064): 	at java.io.FileOutputStream.write(FileOutputStream.java:187)
05-22 14:39:27.116 D/dalvikvm( 1064): GC_CONCURRENT freed 115K, 5% free 9464K/9868K, paused 20ms+17ms, total 469ms
05-22 14:39:27.132 W/System.err( 1064): 	at java.io.OutputStreamWriter.flushBytes(OutputStreamWriter.java:167)
05-22 14:39:27.148 W/System.err( 1064): 	at java.io.OutputStreamWriter.flush(OutputStreamWriter.java:158)
05-22 14:39:27.359 W/System.err( 1064): 	at com.dragon.android.pandaspace.e.b.b(Unknown Source)
05-22 14:39:27.374 W/System.err( 1064): 	at com.dragon.android.pandaspace.e.b.c(Unknown Source)
05-22 14:39:27.374 W/System.err( 1064): 	at com.dragon.android.pandaspace.e.b.b(Unknown Source)
05-22 14:39:27.374 W/System.err( 1064): 	at com.dragon.android.pandaspace.e.b.doInBackground(Unknown Source)
05-22 14:39:27.406 W/System.err( 1064): 	at android.os.AsyncTask$2.call(AsyncTask.java:287)
05-22 14:39:27.835 W/System.err( 1064): 	at java.util.concurrent.FutureTask.run(FutureTask.java:234)
05-22 14:39:27.890 W/System.err( 1064): 	at java.util.concurrent.ThreadPoolExecutor.runWorker(ThreadPoolExecutor.java:1080)
05-22 14:39:28.116 W/System.err( 1064): 	at java.util.concurrent.ThreadPoolExecutor$Worker.run(ThreadPoolExecutor.java:573)
05-22 14:39:28.116 W/System.err( 1064): 	at java.lang.Thread.run(Thread.java:841)
05-22 14:39:28.116 W/System.err( 1064): Caused by: libcore.io.ErrnoException: write failed: EPIPE (Broken pipe)
05-22 14:39:28.288 W/System.err( 1064): 	at libcore.io.Posix.writeBytes(Native Method)
05-22 14:39:28.288 W/System.err( 1064): 	at libcore.io.Posix.write(Posix.java:201)
05-22 14:39:28.288 W/System.err( 1064): 	at libcore.io.BlockGuardOs.write(BlockGuardOs.java:197)
05-22 14:39:28.288 W/System.err( 1064): 	at libcore.io.IoBridge.write(IoBridge.java:450)
05-22 14:39:28.288 W/System.err( 1064): 	... 12 more
05-22 14:39:28.320 D/uninstall( 1345): uninstall process fork success, pid = 3878
05-22 14:39:28.437 I/dalvikvm(  450): Jit: resizing JitTable from 4096 to 8192
05-22 14:39:28.781 D/dalvikvm(  802): GC_EXPLICIT freed 138K, 24% free 12161K/15964K, paused 2ms+3ms, total 41ms
05-22 14:39:38.827 D/dalvikvm(  802): GC_EXPLICIT freed 90K, 24% free 12162K/15964K, paused 2ms+10ms, total 81ms
05-22 14:39:43.452 D/dalvikvm( 3742): GC_FOR_ALLOC freed 7508K, 92% free 683K/8192K, paused 36ms, total 36ms
05-22 14:39:45.046 D/LightsService(  375): Excessive delay setting light: 67ms
05-22 14:39:45.320 D/LightsService(  375): Excessive delay setting light: 68ms
05-22 14:39:45.702 D/dalvikvm( 3879): Late-enabling CheckJNI
05-22 14:39:45.710 I/ActivityManager(  375): Start proc com.pekall.emdm.launcher:remote for service com.pekall.emdm.launcher/com.baidu.location.f: pid=3879 uid=10066 gids={50066, 1015, 3002, 3001, 3003, 1028}
05-22 14:39:45.788 V/MyServiceConnection( 3879): [SConnection] sandbox service is NOT installed.
05-22 14:39:45.788 D/ScClassLoader( 3879): >> SOURCE FILE: /data/data/com.pekall.emdm.launcher/app_jars/sc-jdk15on-1.47.0.2.dex.jar
05-22 14:39:45.788 V/MyServiceConnection( 3879): [SConnection] binding service: pekall.intent.action.SANDBOX_SERVICE
05-22 14:39:45.859 D/dalvikvm( 3879): GC_CONCURRENT freed 140K, 2% free 9236K/9412K, paused 3ms+10ms, total 40ms
05-22 14:39:45.859 D/dalvikvm( 3879): WAIT_FOR_CONCURRENT_GC blocked 21ms
05-22 14:39:45.859 D/dalvikvm( 3879): WAIT_FOR_CONCURRENT_GC blocked 6ms
05-22 14:39:45.882 W/Parcel  (  802): Attempt to read object from Parcel 0x5e0dfdac at offset 200 that is not in the object list
05-22 14:39:45.882 W/Parcel  (  802): Attempt to read object from Parcel 0x5dfdfdac at offset 200 that is not in the object list
05-22 14:39:45.882 D/Email   ( 3879): Email: init sandbox at the beginning.
05-22 14:39:45.882 V/MyServiceConnection( 3879): [SConnection] retry to bind service
05-22 14:39:45.882 V/MyServiceConnection( 3879): [SConnection] sandbox service is NOT installed.
05-22 14:39:45.882 V/MyServiceConnection( 3879): [SConnection] binding service: pekall.intent.action.SANDBOX_SERVICE
05-22 14:39:45.913 V/MyServiceConnection( 3879): [SConnection] retry to bind service
05-22 14:39:45.913 V/MyServiceConnection( 3879): [SConnection] sandbox service is NOT installed.
05-22 14:39:45.913 V/MyServiceConnection( 3879): [SConnection] binding service: pekall.intent.action.SANDBOX_SERVICE
05-22 14:39:45.921 V/l       ( 3879): Bind requested for task setLogging
05-22 14:39:45.921 D/ExchangeService( 3216): !!! EAS ExchangeService, onCreate
05-22 14:39:45.952 W/Parcel  (  802): Attempt to read object from Parcel 0x5ed47dac at offset 200 that is not in the object list
05-22 14:39:45.952 D/ExchangeService( 3216): !!! EAS ExchangeService, onStartCommand, startingUp = false, running = false
05-22 14:39:45.952 D/ExchangeService( 3216): to start secureStorageService now
05-22 14:39:45.968 D/dalvikvm( 3879): GC_CONCURRENT freed 185K, 3% free 9563K/9784K, paused 3ms+16ms, total 46ms
05-22 14:39:45.976 D/dalvikvm( 3879): WAIT_FOR_CONCURRENT_GC blocked 1ms
05-22 14:39:45.999 V/a       ( 3216): Bind requested for task test
05-22 14:39:46.109 V/a       ( 3216): Connected: com.pekall.semail.service.AccountServiceInternal
05-22 14:39:46.109 D/ExchangeService( 3216): Reconciling accounts...
05-22 14:39:46.109 V/a       ( 3216): Bind requested for task reconcileAccounts
05-22 14:39:46.124 V/a       ( 3216): Connection test succeeded in 125ms
05-22 14:39:46.148 W/DocumentManager( 3879): Sandbox service is not connected.
05-22 14:39:46.148 D/MessageControllerImpl( 3879): controller is null
05-22 14:39:46.148 V/MyServiceConnection( 3879): [SConnection] retry to bind service
05-22 14:39:46.148 V/MyServiceConnection( 3879): [SConnection] sandbox service is NOT installed.
05-22 14:39:46.148 V/MyServiceConnection( 3879): [SConnection] binding service: pekall.intent.action.SANDBOX_SERVICE
05-22 14:39:46.148 V/a       ( 3216): Connected: com.pekall.semail.service.AccountServiceInternal
05-22 14:39:46.148 W/SQLiteOpenHelper( 3879): Opened /data/data/com.pekall.emdm.launcher/databases/message.db
05-22 14:39:46.148 W/dalvikvm( 3879): No implementation found for native Lcom/pekall/sandbox/database/sqlite/SQLiteDatabase;.native_setSqliteSoftHeapLimit:(I)V
05-22 14:39:46.148 D/AndroidRuntime( 3879): Shutting down VM
05-22 14:39:46.148 W/dalvikvm( 3879): threadid=1: thread exiting with uncaught exception (group=0x41993700)
05-22 14:39:46.148 D/        ( 3879): [---null: -1---]  Thread is main
05-22 14:39:46.148 W/System.err( 3879): java.lang.UnsatisfiedLinkError: Native method not found: com.pekall.sandbox.database.sqlite.SQLiteDatabase.native_setSqliteSoftHeapLimit:(I)V
05-22 14:39:46.156 W/System.err( 3879): 	at com.pekall.sandbox.database.sqlite.SQLiteDatabase.native_setSqliteSoftHeapLimit(Native Method)
05-22 14:39:46.156 W/System.err( 3879): 	at com.pekall.sandbox.database.sqlite.SQLiteDatabase.<init>(Unknown Source)
05-22 14:39:46.156 W/System.err( 3879): 	at com.pekall.sandbox.database.sqlite.SQLiteDatabase.openDatabase(Unknown Source)
05-22 14:39:46.156 W/System.err( 3879): 	at com.pekall.sandbox.database.sqlite.SQLiteDatabase.openDatabase(Unknown Source)
05-22 14:39:46.156 W/System.err( 3879): 	at com.pekall.sandbox.database.sqlite.SQLiteDatabase.openDatabase(Unknown Source)
05-22 14:39:46.156 W/System.err( 3879): 	at com.pekall.sandbox.database.sqlite.SQLiteOpenHelper.getWritableDatabase(Unknown Source)
05-22 14:39:46.156 W/System.err( 3879): 	at com.pekall.emdm.messagecenter.db.a.a(Unknown Source)
05-22 14:39:46.156 W/System.err( 3879): 	at com.pekall.emdm.messagecenter.db.a.b(Unknown Source)
05-22 14:39:46.156 W/System.err( 3879): 	at com.pekall.emdm.messagecenter.activity.a.onCreate(Unknown Source)
05-22 14:39:46.156 W/System.err( 3879): 	at com.pekall.emdm.launcher.LauncherApplication.onCreate(Unknown Source)
05-22 14:39:46.156 W/System.err( 3879): 	at android.app.Instrumentation.callApplicationOnCreate(Instrumentation.java:1007)
05-22 14:39:46.156 W/System.err( 3879): 	at android.app.ActivityThread.handleBindApplication(ActivityThread.java:4444)
05-22 14:39:46.156 W/System.err( 3879): 	at android.app.ActivityThread.access$1300(ActivityThread.java:141)
05-22 14:39:46.156 W/System.err( 3879): 	at android.app.ActivityThread$H.handleMessage(ActivityThread.java:1316)
05-22 14:39:46.156 W/System.err( 3879): 	at android.os.Handler.dispatchMessage(Handler.java:99)
05-22 14:39:46.156 W/System.err( 3879): 	at android.os.Looper.loop(Looper.java:137)
05-22 14:39:46.156 W/System.err( 3879): 	at android.app.ActivityThread.main(ActivityThread.java:5103)
05-22 14:39:46.156 W/System.err( 3879): 	at java.lang.reflect.Method.invokeNative(Native Method)
05-22 14:39:46.156 W/System.err( 3879): 	at java.lang.reflect.Method.invoke(Method.java:525)
05-22 14:39:46.156 W/System.err( 3879): 	at com.android.internal.os.ZygoteInit$MethodAndArgsCaller.run(ZygoteInit.java:737)
05-22 14:39:46.156 V/a       ( 3216): Task test completed; disconnecting
05-22 14:39:46.156 W/System.err( 3879): 	at com.android.internal.os.ZygoteInit.main(ZygoteInit.java:553)
05-22 14:39:46.156 W/System.err( 3879): 	at dalvik.system.NativeStart.main(Native Method)
05-22 14:39:46.156 D/ActivityThread( 3879): Loading provider com.pekall.semail.provider;com.pekall.semail.notifier: com.pekall.semail.provider.EmailProvider
05-22 14:39:46.187 V/a       ( 3216): Task reconcileAccounts completed; disconnecting
05-22 14:39:46.304 D/ActivityThread( 3879): Loading provider com.pekall.semail.provider;com.pekall.semail.notifier: com.pekall.semail.provider.EmailProvider
05-22 14:39:46.320 V/a       ( 3216): Waiting for task reconcileAccounts to complete...
05-22 14:39:46.585 D/dalvikvm( 3879): GC_CONCURRENT freed 512K, 6% free 9436K/9988K, paused 10ms+19ms, total 58ms
05-22 14:39:46.695 W/EmailProvider( 3879): restoreIfNeeded...
05-22 14:39:46.937 W/EmailProvider( 3879): restoreIfNeeded: Account exists.
05-22 14:39:46.999 D/EmailProvider( 3879): Deleting orphans...
05-22 14:39:47.007 D/EmailProvider( 3879): EmailProvider pre-caching...
05-22 14:39:48.273 D/EmailProvider( 3879): EmailProvider ready.
05-22 14:39:48.452 D/dalvikvm( 3742): GC_CONCURRENT freed 431K, 92% free 705K/8192K, paused 2ms+1ms, total 12ms
05-22 14:39:49.351 W/Parcel  (  802): Attempt to read object from Parcel 0x5f747dac at offset 200 that is not in the object list
05-22 14:39:49.351 D/Email-MailService( 3216): action: reschedule
05-22 14:39:49.429 W/Parcel  (  802): Attempt to read object from Parcel 0x5e0dfdac at offset 200 that is not in the object list
05-22 14:39:49.476 I/Email   ( 3879): Notifications being toggled: true
05-22 14:39:49.671 D/AttachmentService( 3216): Count: 0
05-22 14:39:49.671 D/AttachmentService( 3216): == Checking attachment queue, 0 entries
05-22 14:39:49.687 D/AttachmentService( 3216): *** All done; shutting down service
05-22 14:39:50.335 D/Email-MailService( 3216): reschedule: alarm cancel - no account to check
05-22 14:39:50.656 W/Email   ( 3879): Could not load INBOX for account id: 2
05-22 14:39:50.702 I/Email   ( 3879): Observing account changes for notifications
05-22 14:39:50.859 I/PowerManagerService(  375): Going to sleep due to screen timeout...
05-22 14:39:51.616 D/LauncherApplication( 3216): [null:-1]->onActivityPaused
05-22 14:39:51.640 D/SurfaceFlinger(  124): Screen released, type=0 flinger=0x4188b478
05-22 14:39:51.679 D/LauncherApplication( 3216): [null:-1]->onActivityPaused  updateTime
05-22 14:39:51.890 W/InputMethodManagerService(  375): Window already focused, ignoring focus gain of: com.android.internal.view.IInputMethodClient$Stub$Proxy@425de018 attribute=android.view.inputmethod.EditorInfo@428b9a30, token = android.os.BinderProxy@425112e0
05-22 14:39:51.984 W/Parcel  (  802): Attempt to read object from Parcel 0x5ed47dac at offset 200 that is not in the object list
05-22 14:39:51.999 W/Parcel  (  802): Attempt to read object from Parcel 0x5f747dac at offset 200 that is not in the object list
05-22 14:39:52.210 V/MDM :   ( 3216): [null:-1]->Screen receiver is called.
05-22 14:39:52.218 W/Parcel  (  802): Attempt to read object from Parcel 0x5dfdfdac at offset 200 that is not in the object list
05-22 14:39:52.226 D/NfcService(  587): NFC-C OFF, disconnect
05-22 14:39:53.304 I/PowerManagerService(  375): Waking up from sleep...
05-22 14:39:53.663 D/PowerManagerService-JNI(  375): Excessive delay in autosuspend_disable() while turning screen on: 354ms
05-22 14:39:53.663 D/SurfaceFlinger(  124): Screen acquired, type=0 flinger=0x4188b478
05-22 14:39:54.031 V/PanelView(  450): animationTick called with dtms=0; nothing to do (h=0.0 v=4000.0)
05-22 14:39:54.038 D/dalvikvm( 3742): GC_CONCURRENT freed 509K, 92% free 621K/7300K, paused 1ms+2ms, total 10ms
05-22 14:39:54.976 D/dalvikvm(  450): GC_CONCURRENT freed 953K, 8% free 13127K/14136K, paused 4ms+13ms, total 157ms
05-22 14:39:55.406 D/MdmService( 3216): [null:-1]->receiver action :com.pekall.mdm.action.MDM_ALARM
05-22 14:39:57.007 D/dalvikvm(  375): GC_CONCURRENT freed 1493K, 16% free 17805K/21100K, paused 14ms+26ms, total 338ms
05-22 14:39:57.007 D/dalvikvm(  375): WAIT_FOR_CONCURRENT_GC blocked 126ms
05-22 14:39:57.101 V/KeyguardHostView(  375): hide transport, gen:1
05-22 14:39:57.101 V/KeyguardHostView(  375): music state changed: 0
05-22 14:39:57.148 D/PhoneStatusBar(  450): disable: < EXPAND* icons alerts TICKER* system_info back home RECENT* clock SEARCH* >
05-22 14:39:57.148 V/PanelView(  450): animationTick called with dtms=0; nothing to do (h=1184.0 v=-4000.0)
05-22 14:39:57.171 V/PanelView(  450): animationTick called with dtms=0; nothing to do (h=1171.964 v=-4000.0)
05-22 14:39:57.171 V/PanelView(  450): animationTick called with dtms=-2; nothing to do (h=1171.964 v=-4000.0)
05-22 14:39:57.273 V/TAG     (  375): bug 7643792: fitSystemWindows([0,50][0,0])
05-22 14:39:57.843 D/PhoneStatusBar(  450): disable: < EXPAND icons alerts TICKER system_info BACK* HOME* RECENT CLOCK* SEARCH >
05-22 14:39:57.906 W/MountService(  375): getVolumeState(/storage/emulated/0/external_sd): Unknown volume
05-22 14:39:57.906 W/MountService(  375): getVolumeState(/mnt/sdcard-ext): Unknown volume
05-22 14:39:57.906 W/MountService(  375): getVolumeState(/mnt/ext_sdcard): Unknown volume
05-22 14:39:57.906 W/MountService(  375): getVolumeState(/mnt/sdcard2): Unknown volume
05-22 14:39:57.913 W/MountService(  375): getVolumeState(/mnt/emmc): Unknown volume
05-22 14:39:57.913 W/MountService(  375): getVolumeState(/mnt/extSdCard): Unknown volume
05-22 14:39:57.921 W/MountService(  375): getVolumeState(/mnt/sdcard/SD_CARD): Unknown volume
05-22 14:39:57.999 W/MountService(  375): getVolumeState(/mnt/sdcard/extra_sd): Unknown volume
05-22 14:39:58.015 W/MountService(  375): getVolumeState(/mnt/extrasd_bind): Unknown volume
05-22 14:39:58.023 W/MountService(  375): getVolumeState(/mnt/sdcard/ext_sd): Unknown volume
05-22 14:39:58.046 W/MountService(  375): getVolumeState(/storage/extSdCard): Unknown volume
05-22 14:39:58.062 W/MountService(  375): getVolumeState(/storage/sdcard1): Unknown volume
05-22 14:39:58.171 W/MountService(  375): getVolumeState(/mnt/sdcard/external_SD): Unknown volume
05-22 14:39:58.288 W/MountService(  375): getVolumeState(/mnt/sdcard/external_sd): Unknown volume
05-22 14:39:58.452 I/QueryController( 3742): Matched selector: UiSelector[DESCRIPTION=Dot., PACKAGE NAME=android] <<==>> [android.view.accessibility.AccessibilityNodeInfo@4534a; boundsInParent: Rect(0, 0 - 202, 123); boundsInScreen: Rect(56, 569 - 258, 692); packageName: android; className: android.widget.Button; text: 1; contentDescription: Dot.; viewIdResName: android:id/key1; checkable: false; checked: false; focusable: true; focused: false; selected: false; clickable: true; longClickable: false; enabled: true; password: false; scrollable: false; [ACTION_FOCUS, ACTION_SELECT, ACTION_CLEAR_SELECTION, ACTION_CLICK, ACTION_ACCESSIBILITY_FOCUS, ACTION_NEXT_AT_MOVEMENT_GRANULARITY, ACTION_PREVIOUS_AT_MOVEMENT_GRANULARITY, ACTION_SET_SELECTION]]
05-22 14:39:59.093 D/dalvikvm( 1693): GC_CONCURRENT freed 348K, 17% free 9574K/11532K, paused 24ms+54ms, total 632ms
05-22 14:40:00.132 W/MountService(  375): getVolumeState(/storage/emulated/0/external_sd): Unknown volume
05-22 14:40:00.218 W/MountService(  375): getVolumeState(/mnt/sdcard-ext): Unknown volume
05-22 14:40:00.218 W/MountService(  375): getVolumeState(/mnt/ext_sdcard): Unknown volume
05-22 14:40:00.218 W/MountService(  375): getVolumeState(/mnt/sdcard2): Unknown volume
05-22 14:40:00.218 W/MountService(  375): getVolumeState(/mnt/emmc): Unknown volume
05-22 14:40:00.226 W/MountService(  375): getVolumeState(/mnt/extSdCard): Unknown volume
05-22 14:40:00.226 W/MountService(  375): getVolumeState(/mnt/sdcard/SD_CARD): Unknown volume
05-22 14:40:00.234 W/MountService(  375): getVolumeState(/mnt/sdcard/extra_sd): Unknown volume
05-22 14:40:00.234 W/MountService(  375): getVolumeState(/mnt/extrasd_bind): Unknown volume
05-22 14:40:00.234 W/MountService(  375): getVolumeState(/mnt/sdcard/ext_sd): Unknown volume
05-22 14:40:00.241 W/MountService(  375): getVolumeState(/storage/extSdCard): Unknown volume
05-22 14:40:00.249 W/MountService(  375): getVolumeState(/storage/sdcard1): Unknown volume
05-22 14:40:00.249 W/MountService(  375): getVolumeState(/mnt/sdcard/external_SD): Unknown volume
05-22 14:40:00.273 W/MountService(  375): getVolumeState(/mnt/sdcard/external_sd): Unknown volume
05-22 14:40:01.218 D/dalvikvm( 1693): GC_CONCURRENT freed 617K, 18% free 9464K/11532K, paused 24ms+2ms, total 922ms
05-22 14:40:01.218 D/dalvikvm( 1693): WAIT_FOR_CONCURRENT_GC blocked 485ms
05-22 14:40:01.484 I/QueryController( 3742): Matched selector: UiSelector[TEXT=1, CLASS=android.widget.Button, PACKAGE NAME=android] <<==>> [android.view.accessibility.AccessibilityNodeInfo@4534a; boundsInParent: Rect(0, 0 - 202, 123); boundsInScreen: Rect(56, 569 - 258, 692); packageName: android; className: android.widget.Button; text: 1; contentDescription: Dot.; viewIdResName: android:id/key1; checkable: false; checked: false; focusable: true; focused: false; selected: false; clickable: true; longClickable: false; enabled: true; password: false; scrollable: false; [ACTION_FOCUS, ACTION_SELECT, ACTION_CLEAR_SELECTION, ACTION_CLICK, ACTION_ACCESSIBILITY_FOCUS, ACTION_NEXT_AT_MOVEMENT_GRANULARITY, ACTION_PREVIOUS_AT_MOVEMENT_GRANULARITY, ACTION_SET_SELECTION]]
05-22 14:40:01.484 D/InteractionController( 3742): clickAndSync(157, 630)
05-22 14:40:01.484 I/InputDispatcher(  375): Dropped event because input dispatch is disabled.
05-22 14:40:01.484 W/InputManager(  375): Input event injection from pid 3742 failed.
05-22 14:40:02.226 I/Process (  375): Sending signal. PID: 3879 SIG: 3
05-22 14:40:02.226 I/dalvikvm( 3879): threadid=3: reacting to signal 3
05-22 14:40:02.226 W/BroadcastQueue(  375): Timeout of broadcast BroadcastRecord{42848188 u-1 android.intent.action.SCREEN_OFF} - receiver=android.os.BinderProxy@427be868, started 10001ms ago
05-22 14:40:02.226 W/BroadcastQueue(  375): Receiver during timeout: BroadcastFilter{427de2e0 u0 ReceiverList{427de338 3879 com.pekall.emdm.launcher:remote/10066/u0 remote:427be868}}
05-22 14:40:02.296 I/WindowManager(  375): Lock screen displayed!
05-22 14:40:02.406 D/LightsService(  375): Excessive delay setting light: 92ms
05-22 14:40:02.429 I/Process (  375): Sending signal. PID: 375 SIG: 3
05-22 14:40:02.429 I/dalvikvm(  375): threadid=3: reacting to signal 3
05-22 14:40:02.476 D/dalvikvm( 3879): JIT unchain all for threadid=11
05-22 14:40:02.531 I/dalvikvm( 3879): Wrote stack traces to '/data/anr/traces.txt'
05-22 14:40:03.679 I/Choreographer(  375): Skipped 72 frames!  The application may be doing too much work on its main thread.
05-22 14:40:03.679 I/dalvikvm(  375): Wrote stack traces to '/data/anr/traces.txt'
05-22 14:40:03.679 I/Process (  375): Sending signal. PID: 450 SIG: 3
05-22 14:40:03.679 I/dalvikvm(  450): threadid=3: reacting to signal 3
05-22 14:40:03.687 I/Process (  375): Sending signal. PID: 580 SIG: 3
05-22 14:40:03.687 I/dalvikvm(  580): threadid=3: reacting to signal 3
05-22 14:40:03.710 I/ActivityManager(  375): Start proc com.google.android.email for service com.google.android.email/com.android.email.service.MailService: pid=3921 uid=10016 gids={50016, 3003, 1015, 1028}
05-22 14:40:03.741 D/dalvikvm( 3742): GC_CONCURRENT freed 373K, 92% free 644K/7212K, paused 0ms+0ms, total 6ms
05-22 14:40:03.749 I/QueryController( 3742): Matched selector: UiSelector[TEXT=2 ABC, CLASS=android.widget.Button, PACKAGE NAME=android] <<==>> [android.view.accessibility.AccessibilityNodeInfo@4570b; boundsInParent: Rect(0, 0 - 203, 123); boundsInScreen: Rect(258, 569 - 461, 692); packageName: android; className: android.widget.Button; text: 2 ABC; contentDescription: Dot.; viewIdResName: android:id/key2; checkable: false; checked: false; focusable: true; focused: false; selected: false; clickable: true; longClickable: false; enabled: true; password: false; scrollable: false; [ACTION_FOCUS, ACTION_SELECT, ACTION_CLEAR_SELECTION, ACTION_CLICK, ACTION_ACCESSIBILITY_FOCUS, ACTION_NEXT_AT_MOVEMENT_GRANULARITY, ACTION_PREVIOUS_AT_MOVEMENT_GRANULARITY, ACTION_SET_SELECTION]]
05-22 14:40:03.749 D/InteractionController( 3742): clickAndSync(359, 630)
05-22 14:40:03.773 I/dalvikvm(  580): Wrote stack traces to '/data/anr/traces.txt'
05-22 14:40:03.773 I/Process (  375): Sending signal. PID: 587 SIG: 3
05-22 14:40:03.773 I/dalvikvm(  587): threadid=3: reacting to signal 3
05-22 14:40:03.773 I/dalvikvm(  450): Wrote stack traces to '/data/anr/traces.txt'
05-22 14:40:03.812 I/dalvikvm(  587): Wrote stack traces to '/data/anr/traces.txt'
05-22 14:40:03.913 W/ProcessStats(  375): Skipping unknown process pid 3869
05-22 14:40:03.991 I/ActivityManager(  375): Start proc com.google.android.exchange for service com.google.android.exchange/com.android.exchange.ExchangeService: pid=3938 uid=10017 gids={50017, 3003, 1015, 1028}
05-22 14:40:03.999 I/Email   ( 3921): ReconcilePopImapAccountsSync: start
05-22 14:40:04.187 D/ExchangeService( 3938): !!! EAS ExchangeService, onCreate
05-22 14:40:04.210 D/ExchangeService( 3938): !!! EAS ExchangeService, onStartCommand, startingUp = false, running = false
05-22 14:40:04.288 D/dalvikvm(  375): GC_EXPLICIT freed 1495K, 14% free 18191K/21096K, paused 6ms+16ms, total 137ms
05-22 14:40:04.460 D/Eas Debug( 3938): Logging: 
05-22 14:40:04.523 D/ExchangeService( 3938): Received deviceId from Email app: androidc2130646576
05-22 14:40:04.531 D/ExchangeService( 3938): Reconciling accounts...
05-22 14:40:04.859 I/Process (  375): Sending signal. PID: 3216 SIG: 3
05-22 14:40:04.859 I/dalvikvm( 3216): threadid=3: reacting to signal 3
05-22 14:40:04.921 E/SQLiteLog( 3921): (1) no such table: Account
05-22 14:40:04.937 W/EmailProvider( 3921): Exception cleaning EmailProvider.dbandroid.database.sqlite.SQLiteException: no such table: Account (code 1): , while compiling: delete from Account WHERE displayName ISNULL;
05-22 14:40:05.062 E/ActivityManager(  375): ANR in com.pekall.emdm.launcher:remote
05-22 14:40:05.062 E/ActivityManager(  375): Reason: Broadcast of Intent { act=android.intent.action.SCREEN_OFF flg=0x50000010 }
05-22 14:40:05.062 E/ActivityManager(  375): Load: 4.03 / 3.28 / 2.22
05-22 14:40:05.062 E/ActivityManager(  375): CPU usage from 10606ms to 1826ms ago with 99% awake:
05-22 14:40:05.062 E/ActivityManager(  375):   65% 3742/uiautomator: 29% user + 36% kernel / faults: 157 minor
05-22 14:40:05.062 E/ActivityManager(  375):   57% 3216/com.pekall.emdm.launcher: 57% user + 0.5% kernel / faults: 1232 minor
05-22 14:40:05.062 E/ActivityManager(  375):   56% 3879/com.pekall.emdm.launcher:remote: 56% user + 0.1% kernel / faults: 5 minor
05-22 14:40:05.062 E/ActivityManager(  375):   9.1% 375/system_server: 7.1% user + 1.9% kernel / faults: 1309 minor
05-22 14:40:05.062 E/ActivityManager(  375):   5% 450/com.android.systemui: 3.8% user + 1.1% kernel / faults: 844 minor
05-22 14:40:05.062 E/ActivityManager(  375):   1.5% 124/surfaceflinger: 0.3% user + 1.2% kernel / faults: 3686 minor
05-22 14:40:05.062 E/ActivityManager(  375):   1.5% 1693/com.qihoo.daemon: 0.7% user + 0.7% kernel / faults: 886 minor 1 major
05-22 14:40:05.062 E/ActivityManager(  375):   0.6% 802/com.qihoo360.mobilesafe:GuardService: 0.4% user + 0.2% kernel / faults: 32 minor
05-22 14:40:05.062 E/ActivityManager(  375):   0.2% 134/adbd: 0.1% user + 0.1% kernel
05-22 14:40:05.062 E/ActivityManager(  375):   0.2% 854/com.qihoo.appstore: 0.1% user + 0.1% kernel / faults: 2 minor
05-22 14:40:05.062 E/ActivityManager(  375):   0% 1150/com.android.launcher: 0% user + 0% kernel / faults: 56 minor
05-22 14:40:05.062 E/ActivityManager(  375):   0.2% 3028/kworker/u:3: 0% user + 0.2% kernel
05-22 14:40:05.062 E/ActivityManager(  375):   0.2% 3864/kworker/0:1: 0% user + 0.2% kernel
05-22 14:40:05.062 E/ActivityManager(  375):   0.1% 5/kworker/u:0: 0% user + 0.1% kernel
05-22 14:40:05.062 E/ActivityManager(  375):   0% 81/mmcqd/0: 0% user + 0% kernel
05-22 14:40:05.062 E/ActivityManager(  375):   0% 107/flush-179:0: 0% user + 0% kernel
05-22 14:40:05.062 E/ActivityManager(  375):   0% 133/sdcard: 0% user + 0% kernel
05-22 14:40:05.062 E/ActivityManager(  375):   0% 508/com.android.phasebeam: 0% user + 0% kernel / faults: 4 minor
05-22 14:40:05.062 E/ActivityManager(  375):   0% 550/com.google.process.location: 0% user + 0% kernel / faults: 37 minor
05-22 14:40:05.062 E/ActivityManager(  375):   0% 580/com.android.phone: 0% user + 0% kernel / faults: 21 minor
05-22 14:40:05.062 E/ActivityManager(  375):   0% 587/com.android.nfc: 0% user + 0% kernel / faults: 9 minor
05-22 14:40:05.062 E/ActivityManager(  375):   0% 1024/android.process.media: 0% user + 0% kernel / faults: 18 minor
05-22 14:40:05.062 E/ActivityManager(  375):   0% 1309/com.dragon.android.pandaspace:bdservice_v1: 0% user + 0% kernel / faults: 67 minor
05-22 14:40:05.062 E/ActivityManager(  375): 100% TOTAL: 78% user + 21% kernel + 0% iowait
05-22 14:40:05.062 E/ActivityManager(  375): CPU usage from 2061ms to 2589ms later:
05-22 14:40:05.062 E/ActivityManager(  375):   94% 3216/com.pekall.emdm.launcher: 94% user + 0% kernel
05-22 14:40:05.062 E/ActivityManager(  375):     94% 3229/Thread-183: 94% user + 0% kernel
05-22 14:40:05.062 E/ActivityManager(  375):   88% 3879/com.pekall.emdm.launcher:remote: 88% user + 0% kernel
05-22 14:40:05.062 E/ActivityManager(  375):     88% 3892/Thread-213: 88% user + 0% kernel
05-22 14:40:05.062 E/ActivityManager(  375):   7.5% 375/system_server: 1.8% user + 5.6% kernel / faults: 3 minor
05-22 14:40:05.062 E/ActivityManager(  375):     7.5% 391/ActivityManager: 0% user + 7.5% kernel
05-22 14:40:05.062 E/ActivityManager(  375):     1.8% 386/Binder_2: 1.8% user + 0% kernel
05-22 14:40:05.062 E/ActivityManager(  375):     1.8% 387/SensorService: 1.8% user + 0% kernel
05-22 14:40:05.062 E/ActivityManager(  375):     1.8% 617/Binder_8: 0% user + 1.8% kernel
05-22 14:40:05.062 E/ActivityManager(  375):   2.8% 3921/com.google.android.email: 1.4% user + 1.4% kernel / faults: 425 minor
05-22 14:40:05.062 E/ActivityManager(  375):     1.4% 3921/e.android.email: 1.4% user + 0% kernel
05-22 14:40:05.062 E/ActivityManager(  375):   1.8% 124/surfaceflinger: 1.8% user + 0% kernel
05-22 14:40:05.062 E/ActivityManager(  375):     1.8% 145/SurfaceFlinger: 1.8% user + 0% kernel
05-22 14:40:05.062 E/ActivityManager(  375):   1.8% 127/mediaserver: 0% user + 1.8% kernel
05-22 14:40:05.062 E/ActivityManager(  375):     3.7% 171/FastMixer: 1.8% user + 1.8% kernel
05-22 14:40:05.062 E/ActivityManager(  375): 100% TOTAL: 94% user + 5.7% kernel
