05-22 14:23:53.921 W/ContextImpl(  375): Calling a method in the system process without a qualified user: android.app.ContextImpl.bindService:1439 android.bluetooth.BluetoothHeadset.<init>:273 android.bluetooth.BluetoothAdapter.getProfileProxy:1162 android.media.AudioService.getBluetoothHeadset:2185 android.media.AudioService.access$2800:108 
05-22 14:23:53.929 W/ContextImpl(  375): Calling a method in the system process without a qualified user: android.app.ContextImpl.bindService:1439 android.bluetooth.BluetoothA2dp.<init>:160 android.bluetooth.BluetoothAdapter.getProfileProxy:1165 android.media.AudioService$AudioServiceBroadcastReceiver.onReceive:4082 android.app.LoadedApk$ReceiverDispatcher$Args.run:763 
05-22 14:23:53.929 V/WiredAccessoryManager(  375): init()
05-22 14:23:57.499 W/ActivityManager(  375): Unable to start service Intent { act=pekall.intent.action.DOWNLOAD_APP (has extras) } U=0: not found
05-22 14:23:57.749 I/PowerManagerService(  375): Boot animation finished.
05-22 14:23:57.820 E/ActivityThread(  802): Failed to find provider info for com.qihoo360.mobilesafe.strongbox.provider
05-22 14:23:58.171 I/ActivityManager(  375): Start proc com.google.android.partnersetup for broadcast com.google.android.partnersetup/.PhoneStateReceiver: pid=989 uid=10027 gids={50027, 3003, 1028}
05-22 14:23:58.452 W/ActivityManager(  375): Unable to start service Intent { act=pekall.intent.action.DOWNLOAD_APP (has extras) } U=0: not found
05-22 14:23:58.640 I/ActivityManager(  375): Start proc com.nd.assistance for broadcast com.nd.assistance/.receiver.WifiStateChangeReceiver: pid=1010 uid=10068 gids={50068, 3003, 1015, 1006, 1028}
05-22 14:23:58.984 I/ActivityManager(  375): Start proc android.process.media for broadcast com.android.providers.media/.MtpReceiver: pid=1024 uid=10015 gids={50015, 1015, 1023, 1024, 1028, 2001, 3003, 3007}
05-22 14:23:59.531 W/ActivityThread(  772): ClassLoader.loadClass: The class loader returned by Thread.getContextClassLoader() may fail for processes that host multiple applications. You should explicitly specify a context class loader. For example: Thread.setContextClassLoader(getClass().getClassLoader());
05-22 14:23:59.913 I/ActivityManager(  375): Start proc com.tencent.android.qqdownloader:connect for broadcast com.tencent.android.qqdownloader/com.qq.AppService.MainReceiver: pid=1048 uid=10065 gids={50065, 3003, 3002, 1006, 1028, 1015}
05-22 14:24:00.288 I/ActivityManager(  375): Start proc com.dragon.android.pandaspace for broadcast com.dragon.android.pandaspace/.manage.speedup.memory.desktop.DesktopMemoryReceiver: pid=1064 uid=10074 gids={50074, 1015, 3003, 1006, 1028}
05-22 14:24:00.968 I/ActivityManager(  375): Start proc com.tencent.android.qqdownloader for broadcast com.tencent.android.qqdownloader/com.tencent.assistant.module.timer.ScheduleJobReceiver: pid=1083 uid=10065 gids={50065, 3003, 3002, 1006, 1028, 1015}
05-22 14:24:01.273 I/ActivityManager(  375): Start proc com.pekall.emdm.launcher:remote for service com.pekall.emdm.launcher/com.baidu.location.f: pid=1097 uid=10066 gids={50066, 1015, 3002, 3001, 3003, 1028}
05-22 14:24:01.741 I/ActivityManager(  375): START u0 {flg=0x10000000 cmp=com.pekall.emdm.launcher/.ui.BackPersonalActivity} from pid 606
05-22 14:24:02.413 I/ActivityManager(  375): START u0 {flg=0x10200000 cmp=com.android.launcher/com.android.launcher2.Launcher} from pid 606
05-22 14:24:02.413 W/ActivityManager(  375): Duplicate finish request for ActivityRecord{427783e8 u0 com.pekall.emdm.launcher/.ui.BackPersonalActivity}
05-22 14:24:02.445 I/ActivityManager(  375): Start proc com.android.launcher for activity com.android.launcher/com.android.launcher2.Launcher: pid=1150 uid=10034 gids={50034, 1028}
05-22 14:24:03.390 I/ActivityManager(  375): Start proc com.google.android.gallery3d for broadcast com.google.android.gallery3d/com.google.android.picasasync.ConnectivityReceiver: pid=1175 uid=10019 gids={50019, 1006, 3003, 1015, 1028}
05-22 14:24:03.702 D/ActivityThread( 1097): Loading provider com.pekall.semail.provider;com.pekall.semail.notifier: com.pekall.semail.provider.EmailProvider
05-22 14:24:03.851 D/ActivityThread( 1097): Loading provider com.pekall.semail.provider;com.pekall.semail.notifier: com.pekall.semail.provider.EmailProvider
05-22 14:24:08.796 I/ActivityManager(  375): Start proc com.google.android.apps.uploader for broadcast com.google.android.apps.uploader/com.google.android.picasasync.ConnectivityReceiver: pid=1221 uid=10039 gids={50039, 3003, 1015, 1028}
05-22 14:24:09.507 I/ActivityManager(  375): Start proc com.android.mms for broadcast com.android.mms/.transaction.MmsSystemEventReceiver: pid=1240 uid=10040 gids={50040, 3003, 1015, 1028}
05-22 14:24:09.616 D/CountryDetector(  375): The first listener is added
05-22 14:24:11.804 D/ConnectivityService(  375): handleInetConditionHoldEnd: net=1, condition=0, published condition=0
05-22 14:24:11.906 W/ActivityManager(  375): Unable to start service Intent { act=com.google.android.gms.analytics.service.START (has extras) } U=0: not found
05-22 14:24:19.749 W/ActivityManager(  375): Unable to start service Intent { act=com.google.android.gms.analytics.service.START (has extras) } U=0: not found
05-22 14:24:21.570 W/ActivityManager(  375): Timeout executing service: ServiceRecord{42976af0 u0 com.pekall.emdm.launcher/com.baidu.location.f}
05-22 14:24:22.202 I/ActivityManager(  375): Start proc com.dragon.android.pandaspace:bdservice_v1 for broadcast com.dragon.android.pandaspace/com.baidu.android.moplus.MoPlusReceiver: pid=1309 uid=10074 gids={50074, 1015, 3003, 1006, 1028}
05-22 14:24:23.976 I/ActivityManager(  375): Start proc com.google.android.calendar for broadcast com.google.android.calendar/com.android.calendar.widget.CalendarAppWidgetService$CalendarFactory: pid=1329 uid=10006 gids={50006, 3003, 1028}
05-22 14:24:23.984 E/ActivityManager(  375): ANR in com.pekall.emdm.launcher:remote
05-22 14:24:23.984 E/ActivityManager(  375): Reason: Executing service com.pekall.emdm.launcher/com.baidu.location.f
05-22 14:24:23.984 E/ActivityManager(  375): Load: 11.31 / 2.83 / 0.95
05-22 14:24:23.984 E/ActivityManager(  375): CPU usage from 11545ms to 2385ms ago with 99% awake:
05-22 14:24:23.984 E/ActivityManager(  375):   89% 606/com.pekall.emdm.launcher: 89% user + 0.2% kernel / faults: 350 minor
05-22 14:24:23.984 E/ActivityManager(  375):   87% 1097/com.pekall.emdm.launcher:remote: 87% user + 0.2% kernel / faults: 117 minor
05-22 14:24:23.984 E/ActivityManager(  375):   8.2% 802/com.qihoo360.mobilesafe:GuardService: 6.3% user + 1.9% kernel / faults: 1766 minor 1 major
05-22 14:24:23.984 E/ActivityManager(  375):   3.1% 375/system_server: 1.7% user + 1.4% kernel / faults: 44 minor
05-22 14:24:23.984 E/ActivityManager(  375):   0.7% 1083/com.tencent.android.qqdownloader: 0.6% user + 0.1% kernel / faults: 303 minor
05-22 14:24:23.984 E/ActivityManager(  375):   0.6% 124/surfaceflinger: 0.4% user + 0.2% kernel
05-22 14:24:23.984 E/ActivityManager(  375):   0.6% 1064/com.dragon.android.pandaspace: 0.4% user + 0.2% kernel / faults: 356 minor
05-22 14:24:23.984 E/ActivityManager(  375):   0.5% 621/com.google.process.gapps: 0.5% user + 0% kernel / faults: 241 minor
05-22 14:24:23.984 E/ActivityManager(  375):   0.5% 1175/com.google.android.gallery3d: 0.4% user + 0.1% kernel / faults: 305 minor
05-22 14:24:23.984 E/ActivityManager(  375):   0.4% 94/kworker/0:2: 0% user + 0.4% kernel
05-22 14:24:23.984 E/ActivityManager(  375):   0.4% 1150/com.android.launcher: 0.3% user + 0.1% kernel / faults: 685 minor
05-22 14:24:23.984 E/ActivityManager(  375):   0.3% 121/netd: 0.2% user + 0.1% kernel / faults: 6 minor
05-22 14:24:23.984 E/ActivityManager(  375):   0.2% 81/mmcqd/0: 0% user + 0.2% kernel
05-22 14:24:23.984 E/ActivityManager(  375):   0.2% 95/ueventd: 0.1% user + 0.1% kernel
05-22 14:24:23.984 E/ActivityManager(  375):   0.2% 508/com.android.phasebeam: 0.1% user + 0.1% kernel
05-22 14:24:23.984 E/ActivityManager(  375):   0.2% 1221/com.google.android.apps.uploader: 0.2% user + 0% kernel / faults: 312 minor
05-22 14:24:23.984 E/ActivityManager(  375):   0.1% 5/kworker/u:0: 0% user + 0.1% kernel
05-22 14:24:23.984 E/ActivityManager(  375):   0.1% 65/kworker/1:1: 0% user + 0.1% kernel
05-22 14:24:23.984 E/ActivityManager(  375):   0.1% 74/kworker/u:2: 0% user + 0.1% kernel
05-22 14:24:23.984 E/ActivityManager(  375):   0% 116/servicemanager: 0% user + 0% kernel
05-22 14:24:23.984 E/ActivityManager(  375):   0.1% 117/vold: 0.1% user + 0% kernel
05-22 14:24:23.984 E/ActivityManager(  375):   0.1% 450/com.android.systemui: 0% user + 0.1% kernel / faults: 24 minor
05-22 14:24:23.984 E/ActivityManager(  375):   0.1% 580/com.android.phone: 0.1% user + 0% kernel / faults: 10 minor
05-22 14:24:23.984 E/ActivityManager(  375):   0.1% 760/kworker/u:4: 0% user + 0.1% kernel
05-22 14:24:23.984 E/ActivityManager(  375):   0.1% 854/com.qihoo.appstore: 0% user + 0.1% kernel / faults: 23 minor
05-22 14:24:23.984 E/ActivityManager(  375):   0% 1010/com.nd.assistance: 0% user + 0% kernel
05-22 14:24:23.984 E/ActivityManager(  375):   0.1% 1024/android.process.media: 0% user + 0.1% kernel / faults: 11 minor
05-22 14:24:23.984 E/ActivityManager(  375):   0.1% 1048/com.tencent.android.qqdownloader:connect: 0.1% user + 0% kernel / faults: 75 minor
05-22 14:24:23.984 E/ActivityManager(  375):   0.1% 1240/com.android.mms: 0.1% user + 0% kernel / faults: 49 minor
05-22 14:24:23.984 E/ActivityManager(  375):  +0% 1274/su: 0% user + 0% kernel
05-22 14:24:23.984 E/ActivityManager(  375):  +0% 1277/permmgrd: 0% user + 0% kernel
05-22 14:24:23.984 E/ActivityManager(  375):  +0% 1289/permmgrd: 0% user + 0% kernel
05-22 14:24:23.984 E/ActivityManager(  375):  +0% 1291/sh: 0% user + 0% kernel
05-22 14:24:23.984 E/ActivityManager(  375):  +0% 1292/app_process: 0% user + 0% kernel
05-22 14:24:23.984 E/ActivityManager(  375): 100% TOTAL: 96% user + 3.7% kernel
05-22 14:24:23.984 E/ActivityManager(  375): CPU usage from 1261ms to 1784ms later:
05-22 14:24:23.984 E/ActivityManager(  375):   88% 606/com.pekall.emdm.launcher: 88% user + 0% kernel
05-22 14:24:23.984 E/ActivityManager(  375):     90% 671/Thread-42: 90% user + 0% kernel
05-22 14:24:23.984 E/ActivityManager(  375):   84% 1097/com.pekall.emdm.launcher:remote: 84% user + 0% kernel / faults: 3 minor
05-22 14:24:23.984 E/ActivityManager(  375):     86% 1115/Thread-88: 86% user + 0% kernel
05-22 14:24:23.984 E/ActivityManager(  375):   5.7% 375/system_server: 1.9% user + 3.8% kernel / faults: 9 minor
05-22 14:24:23.984 E/ActivityManager(  375):     5.7% 391/ActivityManager: 1.9% user + 3.8% kernel
05-22 14:24:23.984 E/ActivityManager(  375):     1.9% 386/Binder_2: 1.9% user + 0% kernel
05-22 14:24:23.984 E/ActivityManager(  375):     1.9% 387/SensorService: 1.9% user + 0% kernel
05-22 14:24:23.984 E/ActivityManager(  375):   3% 1083/com.tencent.android.qqdownloader: 3% user + 0% kernel / faults: 268 minor
05-22 14:24:23.984 E/ActivityManager(  375):     3% 1089/Compiler: 3% user + 0% kernel
05-22 14:24:23.984 E/ActivityManager(  375):     1.5% 1126/default-thread: 0% user + 1.5% kernel
05-22 14:24:23.984 E/ActivityManager(  375):   1.1% 124/surfaceflinger: 0% user + 1.1% kernel
05-22 14:24:23.984 E/ActivityManager(  375):     1.1% 166/EventThread: 0% user + 1.1% kernel
05-22 14:24:23.984 E/ActivityManager(  375):   1.8% 450/com.android.systemui: 1.8% user + 0% kernel / faults: 1 minor
05-22 14:24:23.984 E/ActivityManager(  375):   1.5% 1175/com.google.android.gallery3d: 0% user + 1.5% kernel / faults: 48 minor
05-22 14:24:23.984 E/ActivityManager(  375): 100% TOTAL: 92% user + 7.6% kernel
05-22 14:24:23.999 W/ActivityManager(  375): Killing ProcessRecord{4280eae0 1097:com.pekall.emdm.launcher:remote/u0a10066}: background ANR
05-22 14:24:24.421 I/ActivityManager(  375): Start proc com.tencent.android.qqdownloader:uninstall for service com.tencent.android.qqdownloader/com.tencent.assistant.service.UninstallService: pid=1345 uid=10065 gids={50065, 3003, 3002, 1006, 1028, 1015}
05-22 14:24:24.429 I/ActivityManager(  375): Process com.pekall.emdm.launcher:remote (pid 1097) has died.
05-22 14:24:24.445 W/ActivityManager(  375): Scheduling restart of crashed service com.pekall.emdm.launcher/com.baidu.location.f in 5000ms
05-22 14:24:24.687 I/ActivityManager(  375): Start proc com.google.android.deskclock for broadcast com.google.android.deskclock/com.android.deskclock.AlarmInitReceiver: pid=1366 uid=10013 gids={50013, 1028}
05-22 14:24:24.952 I/ActivityManager(  375): Start proc com.android.providers.calendar for content provider com.android.providers.calendar/.CalendarProvider2: pid=1380 uid=10007 gids={50007, 3003, 1015, 1028}
05-22 14:24:25.031 I/ActivityManager(  375): Start proc com.google.android.apps.maps:FriendService for broadcast com.google.android.apps.maps/com.google.googlenav.friend.android.ServiceReceiver: pid=1394 uid=10038 gids={50038, 3003, 1015, 1028}
05-22 14:24:25.398 W/ActivityThread(  621): ClassLoader.loadClass: The class loader returned by Thread.getContextClassLoader() may fail for processes that host multiple applications. You should explicitly specify a context class loader. For example: Thread.setContextClassLoader(getClass().getClassLoader());
05-22 14:24:25.460 I/ActivityManager(  375): Start proc com.android.dialer for broadcast com.android.dialer/.calllog.CallLogReceiver: pid=1414 uid=10014 gids={50014, 3003, 1015, 1028}
05-22 14:24:25.585 I/BootReceiver(  375): Copying /proc/last_kmsg to DropBox (SYSTEM_LAST_KMSG)
05-22 14:24:25.671 I/BootReceiver(  375): Copying audit failures to DropBox
05-22 14:24:25.702 I/ActivityManager(  375): Start proc com.google.android.configupdater for broadcast com.google.android.configupdater/.CertPin.CertPinUpdateRequestReceiver: pid=1439 uid=10010 gids={50010, 3003, 2001, 1028}
05-22 14:24:25.702 I/BootReceiver(  375): Copied 0 worth of audits to DropBox
05-22 14:24:25.718 I/BootReceiver(  375): Copying /data/tombstones/tombstone_05 to DropBox (SYSTEM_TOMBSTONE)
05-22 14:24:26.195 I/ActivityManager(  375): Start proc com.google.android.email for broadcast com.google.android.email/com.android.email.service.EmailBroadcastReceiver: pid=1466 uid=10016 gids={50016, 3003, 1015, 1028}
05-22 14:24:26.531 I/ActivityManager(  375): Start proc com.google.android.exchange for service com.google.android.exchange/com.android.exchange.ExchangeService: pid=1484 uid=10017 gids={50017, 3003, 1015, 1028}
05-22 14:24:26.679 I/ActivityManager(  375): No longer want com.google.android.apps.maps (pid 560): empty #17
05-22 14:24:26.796 I/ActivityManager(  375): Start proc com.google.android.gm for broadcast com.google.android.gm/.GoogleMailDeviceStartupReceiver: pid=1506 uid=10021 gids={50021, 3003, 1015, 1028}
05-22 14:24:27.171 D/ActivityThread( 1506): Loading provider com.android.gmail.ui: com.google.android.gm.provider.UiProvider
05-22 14:24:27.445 I/ActivityManager(  375): Start proc com.google.android.gsf.login for service com.google.android.gsf.login/com.google.android.gsf.loginservice.GoogleLoginService: pid=1535 uid=10009 gids={50009, 3003, 1007, 1028, 1015, 1006, 2001, 3006}
05-22 14:24:27.484 I/ActivityManager(  375): Start proc com.google.android.onetimeinitializer for broadcast com.google.android.onetimeinitializer/.OneTimeInitializerReceiver: pid=1546 uid=10026 gids={50026, 1028}
05-22 14:24:27.796 I/ActivityManager(  375): No longer want com.qihoo.daemon (pid 838): empty #17
05-22 14:24:27.812 I/ActivityManager(  375): No longer want com.google.android.browser (pid 906): empty #17
05-22 14:24:27.859 I/ActivityManager(  375): Config changes=1401 {1.0 999mcc?mnc en_US ldltr sw360dp w360dp h567dp 320dpi nrml port finger -keyb/v/h -nav/h s.6}
05-22 14:24:28.070 I/SystemUpdateService(  621): cancelUpdate (empty URL)
05-22 14:24:28.273 I/ActivityManager(  375): Start proc com.android.onetimeinitializer for broadcast com.android.onetimeinitializer/.OneTimeInitializerReceiver: pid=1591 uid=10044 gids={50044, 1028}
05-22 14:24:28.351 D/ConnectivityService(  375): handleInetConditionHoldEnd: net=1, condition=100, published condition=0
05-22 14:24:28.468 I/SystemUpdateService(  621): cancelUpdate (empty URL)
05-22 14:24:28.601 I/ActivityManager(  375): START u0 {act=android.intent.action.MAIN cat=[android.intent.category.HOME] flg=0x10000000 cmp=com.pekall.emdm.launcher/.Launcher} from pid 606
05-22 14:24:28.851 I/WindowManager(  375): Screen frozen for +987ms due to Window{4268ab38 u0 com.android.launcher/com.android.launcher2.Launcher}
05-22 14:24:29.085 I/ActivityManager(  375): No longer want com.android.settings (pid 777): empty #17
05-22 14:24:29.257 I/ActivityManager(  375): No longer want com.nd.assistance (pid 1010): empty #17
05-22 14:24:29.374 I/ActivityManager(  375): No longer want com.google.android.gallery3d (pid 1175): empty #17
05-22 14:24:29.468 I/ActivityManager(  375): Start proc com.pekall.emdm.launcher:remote for service com.pekall.emdm.launcher/com.baidu.location.f: pid=1615 uid=10066 gids={50066, 1015, 3002, 3001, 3003, 1028}
05-22 14:24:29.609 D/ActivityThread( 1615): Loading provider com.pekall.semail.provider;com.pekall.semail.notifier: com.pekall.semail.provider.EmailProvider
05-22 14:24:29.937 D/ActivityThread( 1615): Loading provider com.pekall.semail.provider;com.pekall.semail.notifier: com.pekall.semail.provider.EmailProvider
05-22 14:24:30.906 I/ActivityManager(  375): START u0 {flg=0x10000000 cmp=com.pekall.emdm.launcher/.ui.BackPersonalActivity} from pid 606
05-22 14:24:31.406 W/ActivityManager(  375): Activity pause timeout for ActivityRecord{428483e0 u0 com.pekall.emdm.launcher/.Launcher}
05-22 14:24:34.101 I/ActivityManager(  375): START u0 {flg=0x10000000 cmp=com.pekall.emdm.launcher/.ui.BackPersonalActivity} from pid 606
05-22 14:24:34.609 W/ActivityManager(  375): Activity pause timeout for ActivityRecord{4282e200 u0 com.pekall.emdm.launcher/.ui.BackPersonalActivity}
05-22 14:24:37.570 I/PowerManagerService(  375): Going to sleep due to screen timeout...
05-22 14:24:38.788 I/WindowManager(  375): No lock screen!
05-22 14:24:38.843 W/ActivityManager(  375): Launch timeout has expired, giving up wake lock!
05-22 14:24:38.906 W/ActivityManager(  375): Activity idle timeout for ActivityRecord{428483e0 u0 com.pekall.emdm.launcher/.Launcher}
05-22 14:24:39.757 I/ActivityManager(  375): START u0 {act=android.intent.action.VIEW flg=0x10200000 cmp=com.android.launcher/com.android.launcher2.Launcher} from pid 606
05-22 14:24:40.265 W/ActivityManager(  375): Activity pause timeout for ActivityRecord{42917f50 u0 com.pekall.emdm.launcher/.ui.BackPersonalActivity}
05-22 14:24:40.663 W/InputMethodManagerService(  375): Window already focused, ignoring focus gain of: com.android.internal.view.IInputMethodClient$Stub$Proxy@425b03e8 attribute=null, token = android.os.BinderProxy@4274a3d8
05-22 14:24:41.898 I/ActivityManager(  375): START u0 {act=android.intent.action.VIEW flg=0x10200000 cmp=com.android.launcher/com.android.launcher2.Launcher} from pid 606
05-22 14:24:42.491 I/ActivityManager(  375): Start proc com.qihoo.daemon for broadcast com.qihoo.appstore/com.qihoo.express.mini.receiver.BootReceiver: pid=1693 uid=10064 gids={50064, 3003, 1015, 3002, 1006, 3001, 1028}
05-22 14:24:43.413 I/ActivityManager(  375): Start proc com.android.settings for broadcast com.android.settings/.widget.SettingsAppWidgetProvider: pid=1719 uid=1000 gids={41000, 1015, 1028, 3002, 3001, 3003, 3007}
05-22 14:24:43.554 W/ContextImpl( 1719): Calling a method in the system process without a qualified user: android.app.ContextImpl.bindService:1439 android.content.ContextWrapper.bindService:496 android.bluetooth.BluetoothInputDevice.<init>:240 android.bluetooth.BluetoothAdapter.getProfileProxy:1168 com.android.settings.bluetooth.LocalBluetoothAdapter.getProfileProxy:94 
05-22 14:24:43.577 W/ContextImpl( 1719): Calling a method in the system process without a qualified user: android.app.ContextImpl.bindService:1439 android.content.ContextWrapper.bindService:496 android.bluetooth.BluetoothPan.<init>:141 android.bluetooth.BluetoothAdapter.getProfileProxy:1171 com.android.settings.bluetooth.PanProfile.<init>:73 
05-22 14:24:43.593 W/ContextImpl( 1719): Calling a method in the system process without a qualified user: android.app.ContextImpl.bindService:1439 android.content.ContextWrapper.bindService:496 android.bluetooth.BluetoothPbap.<init>:161 com.android.settings.bluetooth.PbapServerProfile.<init>:68 com.android.settings.bluetooth.LocalBluetoothProfileManager.<init>:124 
05-22 14:24:43.671 I/ActivityManager(  375): No longer want com.google.android.apps.uploader (pid 1221): empty #17
05-22 14:24:44.538 I/ActivityManager(  375): Start proc com.google.android.apps.maps for broadcast com.google.android.apps.maps/com.google.android.location.internal.NlpNetworkProviderSettingsUpdateReceiver: pid=1733 uid=10038 gids={50038, 3003, 1015, 1028}
05-22 14:24:44.718 I/ActivityManager(  375): Activity reported stop, but no longer stopping: ActivityRecord{42917f50 u0 com.pekall.emdm.launcher/.ui.BackPersonalActivity}
05-22 14:24:44.945 W/ActivityManager(  375): Activity idle timeout for ActivityRecord{42917f50 u0 com.pekall.emdm.launcher/.ui.BackPersonalActivity}
05-22 14:24:45.390 I/ActivityManager(  375): No longer want com.tencent.android.qqdownloader (pid 1083): empty #17
05-22 14:24:45.937 W/ActivityManager(  375): Scheduling restart of crashed service com.tencent.android.qqdownloader/com.tencent.assistant.sdk.PluginSupportService in 5000ms
05-22 14:24:46.827 I/ActivityManager(  375): Start proc com.tencent.android.qqdownloader for service com.tencent.android.qqdownloader/com.tencent.assistant.sdk.PluginSupportService: pid=1761 uid=10065 gids={50065, 3003, 3002, 1006, 1028, 1015}
05-22 14:24:46.999 I/ActivityManager(  375): Start proc com.qihoo.root for broadcast com.qihoo.root/.SuRequestReceiver: pid=1774 uid=10072 gids={50072, 1015, 3003, 1028}
05-22 14:24:49.507 W/ActivityManager(  375): Timeout executing service: ServiceRecord{42976af0 u0 com.pekall.emdm.launcher/com.baidu.location.f}
05-22 14:24:54.116 E/ActivityManager(  375): ANR in com.pekall.emdm.launcher:remote
05-22 14:24:54.116 E/ActivityManager(  375): Reason: Executing service com.pekall.emdm.launcher/com.baidu.location.f
05-22 14:24:54.116 E/ActivityManager(  375): Load: 11.11 / 3.61 / 1.27
05-22 14:24:54.116 E/ActivityManager(  375): CPU usage from 658ms to -4559ms ago:
05-22 14:24:54.116 E/ActivityManager(  375):   86% 606/com.pekall.emdm.launcher: 85% user + 1.1% kernel / faults: 502 minor
05-22 14:24:54.116 E/ActivityManager(  375):   78% 1615/com.pekall.emdm.launcher:remote: 78% user + 0.3% kernel / faults: 122 minor
05-22 14:24:54.116 E/ActivityManager(  375):   18% 375/system_server: 10% user + 7% kernel / faults: 554 minor
05-22 14:24:54.116 E/ActivityManager(  375):   7.5% 1814/app_process: 6.7% user + 0.7% kernel / faults: 4683 minor
05-22 14:24:54.116 E/ActivityManager(  375):   2.6% 1761/com.tencent.android.qqdownloader: 1.9% user + 0.7% kernel / faults: 367 minor
05-22 14:24:54.116 E/ActivityManager(  375):   1.5% 802/com.qihoo360.mobilesafe:GuardService: 1.3% user + 0.1% kernel / faults: 1000 minor
05-22 14:24:54.116 E/ActivityManager(  375):   1.1% 580/com.android.phone: 0.7% user + 0.3% kernel / faults: 30 minor
05-22 14:24:54.116 E/ActivityManager(  375):   0.9% 450/com.android.systemui: 0.5% user + 0.3% kernel / faults: 33 minor
05-22 14:24:54.116 E/ActivityManager(  375):   0.2% 587/com.android.nfc: 0.2% user + 0% kernel / faults: 40 minor
05-22 14:24:54.116 E/ActivityManager(  375):   0.3% 81/mmcqd/0: 0% user + 0.3% kernel
05-22 14:24:54.116 E/ActivityManager(  375):   0.3% 854/com.qihoo.appstore: 0.3% user + 0% kernel / faults: 23 minor
05-22 14:24:54.116 E/ActivityManager(  375):   0.3% 1693/com.qihoo.daemon: 0.3% user + 0% kernel / faults: 86 minor
05-22 14:24:54.116 E/ActivityManager(  375):   0.1% 92/dhd_dpc: 0% user + 0.1% kernel
05-22 14:24:54.116 E/ActivityManager(  375):   0.1% 133/sdcard: 0% user + 0.1% kernel
05-22 14:24:54.116 E/ActivityManager(  375):   0.1% 1024/android.process.media: 0.1% user + 0% kernel / faults: 20 minor
05-22 14:24:54.116 E/ActivityManager(  375):   0.1% 1733/com.google.android.apps.maps: 0.1% user + 0% kernel / faults: 126 minor
05-22 14:24:54.116 E/ActivityManager(  375): 100% TOTAL: 94% user + 5.3% kernel
05-22 14:24:54.116 E/ActivityManager(  375): CPU usage from 3742ms to 4283ms later:
05-22 14:24:54.116 E/ActivityManager(  375):   96% 1615/com.pekall.emdm.launcher:remote: 96% user + 0% kernel
05-22 14:24:54.116 E/ActivityManager(  375):     96% 1628/Thread-144: 96% user + 0% kernel
05-22 14:24:54.116 E/ActivityManager(  375):   89% 606/com.pekall.emdm.launcher: 87% user + 1.7% kernel / faults: 8 minor
05-22 14:24:54.116 E/ActivityManager(  375):     87% 671/Thread-42: 87% user + 0% kernel
05-22 14:24:54.116 E/ActivityManager(  375):   9% 375/system_server: 3.6% user + 5.4% kernel
05-22 14:24:54.116 E/ActivityManager(  375):     3.6% 391/ActivityManager: 0% user + 3.6% kernel
05-22 14:24:54.116 E/ActivityManager(  375):   3.6% 580/com.android.phone: 1.8% user + 1.8% kernel / faults: 4 minor
05-22 14:24:54.116 E/ActivityManager(  375):     1.8% 586/Signal Catcher: 0% user + 1.8% kernel
05-22 14:24:54.116 E/ActivityManager(  375):   1.1% 587/com.android.nfc: 1.1% user + 0% kernel / faults: 18 minor
05-22 14:24:54.116 E/ActivityManager(  375):   1.3% 1693/com.qihoo.daemon: 1.3% user + 0% kernel / faults: 65 minor
05-22 14:24:54.116 E/ActivityManager(  375): 100% TOTAL: 97% user + 2.8% kernel
05-22 14:24:54.124 W/ActivityManager(  375): Killing ProcessRecord{4266d4f0 1615:com.pekall.emdm.launcher:remote/u0a10066}: background ANR
05-22 14:24:54.124 W/BroadcastQueue(  375): Timeout of broadcast BroadcastRecord{4273aef0 u-1 android.intent.action.SCREEN_OFF} - receiver=android.os.BinderProxy@427bb6d0, started 11535ms ago
05-22 14:24:54.124 W/BroadcastQueue(  375): Receiver during timeout: BroadcastFilter{4279add8 u0 ReceiverList{427ba660 1615 com.pekall.emdm.launcher:remote/10066/u0 remote:427bb6d0}}
05-22 14:24:54.124 I/ActivityManager(  375): Skipping duplicate ANR: ProcessRecord{4266d4f0 1615:com.pekall.emdm.launcher:remote/u0a10066} Broadcast of Intent { act=android.intent.action.SCREEN_OFF flg=0x50000010 }
05-22 14:24:54.382 I/ActivityManager(  375): Process com.pekall.emdm.launcher:remote (pid 1615) has died.
05-22 14:24:54.382 W/ActivityManager(  375): Scheduling restart of crashed service com.pekall.emdm.launcher/com.baidu.location.f in 20000ms
05-22 14:24:54.656 I/ActivityManager(  375): Start proc com.google.android.apps.maps:LocationFriendService for broadcast com.google.android.apps.maps/com.google.googlenav.friend.reporting.LocationReportingIntentReceiver: pid=1831 uid=10038 gids={50038, 3003, 1015, 1028}
05-22 14:24:54.796 D/PhoneStatusBar(  450): disable: < expand icons alerts ticker system_info back home RECENT* clock SEARCH* >
05-22 14:24:55.062 D/PhoneStatusBar(  450): disable: < expand icons alerts ticker system_info BACK* HOME* RECENT CLOCK* SEARCH >
05-22 14:24:57.851 I/ActivityManager(  375): No longer want com.android.dialer (pid 1414): empty #17
05-22 14:24:59.937 I/ActivityManager(  375): No longer want com.google.android.configupdater (pid 1439): empty #17
05-22 14:25:02.273 I/ActivityManager(  375): No longer want com.google.android.onetimeinitializer (pid 1546): empty #17
05-22 14:25:02.648 I/ActivityManager(  375): No longer want com.google.android.gsf.login (pid 1535): empty #17
05-22 14:25:14.421 I/ActivityManager(  375): Start proc com.pekall.emdm.launcher:remote for service com.pekall.emdm.launcher/com.baidu.location.f: pid=2172 uid=10066 gids={50066, 1015, 3002, 3001, 3003, 1028}
05-22 14:25:14.781 D/ActivityThread( 2172): Loading provider com.pekall.semail.provider;com.pekall.semail.notifier: com.pekall.semail.provider.EmailProvider
05-22 14:25:14.945 D/ActivityThread( 2172): Loading provider com.pekall.semail.provider;com.pekall.semail.notifier: com.pekall.semail.provider.EmailProvider
05-22 14:25:17.562 W/ProcessStats(  375): Skipping unknown process pid 2217
05-22 14:25:17.562 W/ProcessStats(  375): Skipping unknown process pid 2218
05-22 14:25:34.468 W/ActivityManager(  375): Timeout executing service: ServiceRecord{42976af0 u0 com.pekall.emdm.launcher/com.baidu.location.f}
05-22 14:25:37.851 E/ActivityManager(  375): ANR in com.pekall.emdm.launcher:remote
05-22 14:25:37.851 E/ActivityManager(  375): Reason: Executing service com.pekall.emdm.launcher/com.baidu.location.f
05-22 14:25:37.851 E/ActivityManager(  375): Load: 7.68 / 3.82 / 1.45
05-22 14:25:37.851 E/ActivityManager(  375): CPU usage from 11633ms to 0ms ago:
05-22 14:25:37.851 E/ActivityManager(  375):   93% 606/com.pekall.emdm.launcher: 93% user + 0% kernel / faults: 1 minor
05-22 14:25:37.851 E/ActivityManager(  375):   86% 2172/com.pekall.emdm.launcher:remote: 86% user + 0% kernel
05-22 14:25:37.851 E/ActivityManager(  375):   1% 802/com.qihoo360.mobilesafe:GuardService: 1% user + 0% kernel / faults: 126 minor
05-22 14:25:37.851 E/ActivityManager(  375):   0.3% 1894/rt_server: 0% user + 0.2% kernel / faults: 613 minor
05-22 14:25:37.851 E/ActivityManager(  375):   0.2% 375/system_server: 0% user + 0.2% kernel
05-22 14:25:37.851 E/ActivityManager(  375):   0.1% 854/com.qihoo.appstore: 0.1% user + 0% kernel / faults: 41 minor
05-22 14:25:37.851 E/ActivityManager(  375):   0% 5/kworker/u:0: 0% user + 0% kernel
05-22 14:25:37.851 E/ActivityManager(  375):   0% 81/mmcqd/0: 0% user + 0% kernel
05-22 14:25:37.851 E/ActivityManager(  375):   0% 107/flush-179:0: 0% user + 0% kernel
05-22 14:25:37.851 E/ActivityManager(  375):   0% 550/com.google.process.location: 0% user + 0% kernel / faults: 10 minor
05-22 14:25:37.851 E/ActivityManager(  375): 100% TOTAL: 97% user + 2.4% kernel
05-22 14:25:37.851 E/ActivityManager(  375): CPU usage from 2594ms to 3132ms later:
05-22 14:25:37.851 E/ActivityManager(  375):   100% 2172/com.pekall.emdm.launcher:remote: 100% user + 0% kernel
05-22 14:25:37.851 E/ActivityManager(  375):     100% 2186/Thread-166: 100% user + 0% kernel
05-22 14:25:37.851 E/ActivityManager(  375):   94% 606/com.pekall.emdm.launcher: 94% user + 0% kernel
05-22 14:25:37.851 E/ActivityManager(  375):     96% 671/Thread-42: 96% user + 0% kernel
05-22 14:25:37.851 E/ActivityManager(  375):   7.4% 375/system_server: 1.8% user + 5.5% kernel
05-22 14:25:37.851 E/ActivityManager(  375):     7.4% 391/ActivityManager: 1.8% user + 5.5% kernel
05-22 14:25:37.851 E/ActivityManager(  375): 100% TOTAL: 98% user + 1.8% kernel
05-22 14:25:37.960 W/ActivityManager(  375): Killing ProcessRecord{427d9bb0 2172:com.pekall.emdm.launcher:remote/u0a10066}: background ANR
05-22 14:25:38.366 I/ActivityManager(  375): Process com.pekall.emdm.launcher:remote (pid 2172) has died.
05-22 14:25:38.366 W/ActivityManager(  375): Scheduling restart of crashed service com.pekall.emdm.launcher/com.baidu.location.f in 80000ms
05-22 14:26:58.398 I/ActivityManager(  375): Start proc com.pekall.emdm.launcher:remote for service com.pekall.emdm.launcher/com.baidu.location.f: pid=2330 uid=10066 gids={50066, 1015, 3002, 3001, 3003, 1028}
05-22 14:26:58.656 D/ActivityThread( 2330): Loading provider com.pekall.semail.provider;com.pekall.semail.notifier: com.pekall.semail.provider.EmailProvider
05-22 14:26:58.734 D/ActivityThread( 2330): Loading provider com.pekall.semail.provider;com.pekall.semail.notifier: com.pekall.semail.provider.EmailProvider
05-22 14:27:18.421 W/ActivityManager(  375): Timeout executing service: ServiceRecord{42976af0 u0 com.pekall.emdm.launcher/com.baidu.location.f}
05-22 14:27:21.109 E/ActivityManager(  375): ANR in com.pekall.emdm.launcher:remote
05-22 14:27:21.109 E/ActivityManager(  375): Reason: Executing service com.pekall.emdm.launcher/com.baidu.location.f
05-22 14:27:21.109 E/ActivityManager(  375): Load: 2.69 / 3.11 / 1.45
05-22 14:27:21.109 E/ActivityManager(  375): CPU usage from 13423ms to 0ms ago with 99% awake:
05-22 14:27:21.109 E/ActivityManager(  375):   100% 2330/com.pekall.emdm.launcher:remote: 100% user + 0% kernel
05-22 14:27:21.109 E/ActivityManager(  375):   99% 606/com.pekall.emdm.launcher: 99% user + 0% kernel
05-22 14:27:21.109 E/ActivityManager(  375):   0.2% 375/system_server: 0% user + 0.2% kernel / faults: 4 minor
05-22 14:27:21.109 E/ActivityManager(  375):   0% 772/com.google.android.apps.maps:GoogleLocationService: 0% user + 0% kernel / faults: 14 minor
05-22 14:27:21.109 E/ActivityManager(  375):   0% 854/com.qihoo.appstore: 0% user + 0% kernel / faults: 25 minor
05-22 14:27:21.109 E/ActivityManager(  375): 100% TOTAL: 99% user + 0% kernel
05-22 14:27:21.109 E/ActivityManager(  375): CPU usage from 1891ms to 2441ms later:
05-22 14:27:21.109 E/ActivityManager(  375):   101% 2330/com.pekall.emdm.launcher:remote: 101% user + 0% kernel
05-22 14:27:21.109 E/ActivityManager(  375):     100% 2343/Thread-168: 100% user + 0% kernel
05-22 14:27:21.109 E/ActivityManager(  375):   94% 606/com.pekall.emdm.launcher: 94% user + 0% kernel
05-22 14:27:21.109 E/ActivityManager(  375):     92% 671/Thread-42: 92% user + 0% kernel
05-22 14:27:21.109 E/ActivityManager(  375):   5.3% 375/system_server: 0% user + 5.3% kernel
05-22 14:27:21.109 E/ActivityManager(  375):     5.3% 391/ActivityManager: 0% user + 5.3% kernel
05-22 14:27:21.109 E/ActivityManager(  375): 100% TOTAL: 98% user + 1.8% kernel
05-22 14:27:21.116 W/ActivityManager(  375): Killing ProcessRecord{4280eae0 2330:com.pekall.emdm.launcher:remote/u0a10066}: background ANR
05-22 14:27:21.226 I/ActivityManager(  375): Process com.pekall.emdm.launcher:remote (pid 2330) has died.
05-22 14:27:21.226 W/ActivityManager(  375): Scheduling restart of crashed service com.pekall.emdm.launcher/com.baidu.location.f in 320000ms
05-22 14:32:41.273 I/ActivityManager(  375): Start proc com.pekall.emdm.launcher:remote for service com.pekall.emdm.launcher/com.baidu.location.f: pid=2371 uid=10066 gids={50066, 1015, 3002, 3001, 3003, 1028}
05-22 14:32:41.562 D/ActivityThread( 2371): Loading provider com.pekall.semail.provider;com.pekall.semail.notifier: com.pekall.semail.provider.EmailProvider
05-22 14:32:41.874 D/ActivityThread( 2371): Loading provider com.pekall.semail.provider;com.pekall.semail.notifier: com.pekall.semail.provider.EmailProvider
05-22 14:32:48.273 W/ProcessStats(  375): Skipping unknown process pid 2420
05-22 14:32:48.273 W/ProcessStats(  375): Skipping unknown process pid 2422
05-22 14:32:53.507 W/MountService(  375): getVolumeState(/storage/emulated/0/external_sd): Unknown volume
05-22 14:32:53.562 W/MountService(  375): getVolumeState(/mnt/sdcard-ext): Unknown volume
05-22 14:32:53.624 W/MountService(  375): getVolumeState(/mnt/ext_sdcard): Unknown volume
05-22 14:32:53.624 W/MountService(  375): getVolumeState(/mnt/sdcard2): Unknown volume
05-22 14:32:53.648 W/MountService(  375): getVolumeState(/mnt/emmc): Unknown volume
05-22 14:32:53.656 W/MountService(  375): getVolumeState(/mnt/extSdCard): Unknown volume
05-22 14:32:53.679 W/MountService(  375): getVolumeState(/mnt/sdcard/SD_CARD): Unknown volume
05-22 14:32:53.702 W/MountService(  375): getVolumeState(/mnt/sdcard/extra_sd): Unknown volume
05-22 14:32:53.702 W/MountService(  375): getVolumeState(/mnt/extrasd_bind): Unknown volume
05-22 14:32:53.757 W/MountService(  375): getVolumeState(/mnt/sdcard/ext_sd): Unknown volume
05-22 14:32:53.773 W/MountService(  375): getVolumeState(/storage/extSdCard): Unknown volume
05-22 14:32:53.796 W/MountService(  375): getVolumeState(/storage/sdcard1): Unknown volume
05-22 14:32:53.796 W/MountService(  375): getVolumeState(/mnt/sdcard/external_SD): Unknown volume
05-22 14:32:53.820 W/MountService(  375): getVolumeState(/mnt/sdcard/external_sd): Unknown volume
05-22 14:32:55.554 W/MountService(  375): getVolumeState(/storage/emulated/0/external_sd): Unknown volume
05-22 14:32:55.554 W/MountService(  375): getVolumeState(/mnt/sdcard-ext): Unknown volume
05-22 14:32:55.554 W/MountService(  375): getVolumeState(/mnt/ext_sdcard): Unknown volume
05-22 14:32:55.554 W/MountService(  375): getVolumeState(/mnt/sdcard2): Unknown volume
05-22 14:32:55.554 W/MountService(  375): getVolumeState(/mnt/emmc): Unknown volume
05-22 14:32:55.554 W/MountService(  375): getVolumeState(/mnt/extSdCard): Unknown volume
05-22 14:32:55.601 W/MountService(  375): getVolumeState(/mnt/sdcard/SD_CARD): Unknown volume
05-22 14:32:55.601 W/MountService(  375): getVolumeState(/mnt/sdcard/extra_sd): Unknown volume
05-22 14:32:55.624 W/MountService(  375): getVolumeState(/mnt/extrasd_bind): Unknown volume
05-22 14:32:55.624 W/MountService(  375): getVolumeState(/mnt/sdcard/ext_sd): Unknown volume
05-22 14:32:55.773 W/MountService(  375): getVolumeState(/storage/extSdCard): Unknown volume
05-22 14:32:55.788 W/MountService(  375): getVolumeState(/storage/sdcard1): Unknown volume
05-22 14:32:55.804 W/MountService(  375): getVolumeState(/mnt/sdcard/external_SD): Unknown volume
05-22 14:32:55.820 W/MountService(  375): getVolumeState(/mnt/sdcard/external_sd): Unknown volume
05-22 14:32:59.413 W/MountService(  375): getVolumeState(/storage/emulated/0/external_sd): Unknown volume
05-22 14:32:59.796 I/ActivityManager(  375): START u0 {act=com.qihoo360.daemon.pcdaemon.ACTION_START_OPERATE_AUTHOR flg=0x10000000 cmp=com.qihoo.appstore/com.qihoo.express.mini.activity.PCLinkConfirmDialogActivity (has extras)} from pid 1693
05-22 14:32:59.820 W/MountService(  375): getVolumeState(/mnt/sdcard-ext): Unknown volume
05-22 14:32:59.827 W/MountService(  375): getVolumeState(/mnt/ext_sdcard): Unknown volume
05-22 14:32:59.835 W/MountService(  375): getVolumeState(/mnt/sdcard2): Unknown volume
05-22 14:32:59.835 W/MountService(  375): getVolumeState(/mnt/emmc): Unknown volume
05-22 14:32:59.843 W/MountService(  375): getVolumeState(/mnt/extSdCard): Unknown volume
05-22 14:32:59.843 W/MountService(  375): getVolumeState(/mnt/sdcard/SD_CARD): Unknown volume
05-22 14:32:59.851 W/MountService(  375): getVolumeState(/mnt/sdcard/extra_sd): Unknown volume
05-22 14:32:59.890 W/MountService(  375): getVolumeState(/mnt/extrasd_bind): Unknown volume
05-22 14:32:59.898 W/MountService(  375): getVolumeState(/mnt/sdcard/ext_sd): Unknown volume
05-22 14:32:59.906 W/MountService(  375): getVolumeState(/storage/extSdCard): Unknown volume
05-22 14:32:59.906 W/MountService(  375): getVolumeState(/storage/sdcard1): Unknown volume
05-22 14:32:59.906 W/MountService(  375): getVolumeState(/mnt/sdcard/external_SD): Unknown volume
05-22 14:32:59.913 W/MountService(  375): getVolumeState(/mnt/sdcard/external_sd): Unknown volume
05-22 14:33:00.195 I/WindowManager(  375): Screenshot max retries 4 of Token{424bdd88 ActivityRecord{427b5070 u0 com.android.launcher/com.android.launcher2.Launcher}} appWin=Window{4268ab38 u0 com.android.launcher/com.android.launcher2.Launcher} drawState=4
05-22 14:33:00.202 W/WindowManager(  375): Screenshot failure taking screenshot for (720x1280) to layer 21010
05-22 14:33:00.218 I/ActivityManager(  375): Start proc com.android.defcontainer for service com.android.defcontainer/.DefaultContainerService: pid=2563 uid=10012 gids={50012, 1015, 1023, 2001, 1028}
05-22 14:33:00.226 I/ActivityManager(  375): No longer want com.google.android.exchange (pid 1484): empty #17
05-22 14:33:01.304 W/ActivityManager(  375): Timeout executing service: ServiceRecord{42976af0 u0 com.pekall.emdm.launcher/com.baidu.location.f}
05-22 14:33:05.210 I/ActivityManager(  375): Start proc com.qihoo360.mobilesafe for service com.qihoo360.mobilesafe/.service.ExamService: pid=2578 uid=10069 gids={50069, 3003, 1015, 3001, 3002, 1006, 1028}
05-22 14:33:06.335 W/ProcessStats(  375): Skipping unknown process pid 2592
05-22 14:33:07.452 I/ActivityManager(  375): No longer want com.google.android.partnersetup (pid 989): empty #17
05-22 14:33:07.531 E/ActivityManager(  375): ANR in com.pekall.emdm.launcher:remote
05-22 14:33:07.531 E/ActivityManager(  375): Reason: Executing service com.pekall.emdm.launcher/com.baidu.location.f
05-22 14:33:07.531 E/ActivityManager(  375): Load: 3.08 / 2.15 / 1.47
05-22 14:33:07.531 E/ActivityManager(  375): CPU usage from 0ms to 6194ms later:
05-22 14:33:07.531 E/ActivityManager(  375):   80% 606/com.pekall.emdm.launcher: 80% user + 0.3% kernel / faults: 104 minor
05-22 14:33:07.531 E/ActivityManager(  375):   78% 2371/com.pekall.emdm.launcher:remote: 78% user + 0.3% kernel / faults: 134 minor
05-22 14:33:07.531 E/ActivityManager(  375):   19% 375/system_server: 15% user + 4% kernel / faults: 578 minor
05-22 14:33:07.531 E/ActivityManager(  375):   4.2% 1693/com.qihoo.daemon: 3.2% user + 0.9% kernel / faults: 523 minor
05-22 14:33:07.531 E/ActivityManager(  375):   0% 802/com.qihoo360.mobilesafe:GuardService: 0% user + 0% kernel / faults: 214 minor 1 major
05-22 14:33:07.531 E/ActivityManager(  375):   0.3% 580/com.android.phone: 0.2% user + 0.1% kernel / faults: 50 minor
05-22 14:33:07.531 E/ActivityManager(  375):   0.8% 450/com.android.systemui: 0.3% user + 0.4% kernel / faults: 20 minor
05-22 14:33:07.531 E/ActivityManager(  375):   0% 587/com.android.nfc: 0% user + 0% kernel / faults: 27 minor
05-22 14:33:07.531 E/ActivityManager(  375):   0% 1024/android.process.media: 0% user + 0% kernel / faults: 132 minor
05-22 14:33:07.531 E/ActivityManager(  375):   0.4% 81/mmcqd/0: 0% user + 0.4% kernel
05-22 14:33:07.531 E/ActivityManager(  375):   0.4% 134/adbd: 0% user + 0.4% kernel
05-22 14:33:07.531 E/ActivityManager(  375):   0.3% 114/jbd2/mmcblk0p12: 0% user + 0.3% kernel
05-22 14:33:07.531 E/ActivityManager(  375):   0.1% 19/kworker/0:1: 0% user + 0.1% kernel
05-22 14:33:07.531 E/ActivityManager(  375):   0.1% 24/kswapd0: 0% user + 0.1% kernel
05-22 14:33:07.531 E/ActivityManager(  375):   0.1% 125/zygote: 0.1% user + 0% kernel / faults: 47 minor
05-22 14:33:07.531 E/ActivityManager(  375):   0.1% 133/sdcard: 0% user + 0.1% kernel
05-22 14:33:07.531 E/ActivityManager(  375):   0.1% 517/android.process.acore: 0% user + 0.1% kernel / faults: 19 minor
05-22 14:33:07.531 E/ActivityManager(  375):   0.1% 854/com.qihoo.appstore: 0.1% user + 0% kernel
05-22 14:33:07.531 E/ActivityManager(  375):   0% 1894/rt_server: 0% user + 0% kernel / faults: 16 minor
05-22 14:33:07.531 E/ActivityManager(  375):   0.1% 2406/logcat: 0% user + 0.1% kernel
05-22 14:33:07.531 E/ActivityManager(  375):   0.1% 2563/com.android.defcontainer: 0.1% user + 0% kernel / faults: 69 minor
05-22 14:33:07.531 E/ActivityManager(  375):  +0% 2578/com.qihoo360.mobilesafe: 0% user + 0% kernel
05-22 14:33:07.531 E/ActivityManager(  375): 99% TOTAL: 94% user + 5.1% kernel
05-22 14:33:07.531 E/ActivityManager(  375): CPU usage from 4968ms to 5534ms later with 99% awake:
05-22 14:33:07.531 E/ActivityManager(  375):   73% 606/com.pekall.emdm.launcher: 73% user + 0% kernel
05-22 14:33:07.531 E/ActivityManager(  375):     73% 671/Thread-42: 73% user + 0% kernel
05-22 14:33:07.531 E/ActivityManager(  375):   62% 2371/com.pekall.emdm.launcher:remote: 62% user + 0% kernel
05-22 14:33:07.531 E/ActivityManager(  375):     62% 2384/Thread-171: 62% user + 0% kernel
05-22 14:33:07.531 E/ActivityManager(  375):   40% 2578/com.qihoo360.mobilesafe: 31% user + 8.7% kernel / faults: 1420 minor 8 major
05-22 14:33:07.531 E/ActivityManager(  375):     19% 2578/o360.mobilesafe: 15% user + 3.5% kernel
05-22 14:33:07.531 E/ActivityManager(  375):     8.7% 2580/GC: 5.2% user + 3.5% kernel
05-22 14:33:07.531 E/ActivityManager(  375):    +0% 2594/Thread-178: 0% user + 0% kernel
05-22 14:33:07.531 E/ActivityManager(  375):    +0% 2595/AsyncTask #1: 0% user + 0% kernel
05-22 14:33:07.531 E/ActivityManager(  375):    +0% 2596/AsyncTask #2: 0% user + 0% kernel
05-22 14:33:07.531 E/ActivityManager(  375):    +0% 2597/AsyncTask #1: 0% user + 0% kernel
05-22 14:33:07.531 E/ActivityManager(  375):    +0% 2598/SafeManageServi: 0% user + 0% kernel
05-22 14:33:07.531 E/ActivityManager(  375):    +0% 2599/Timer-0: 0% user + 0% kernel
05-22 14:33:07.531 E/ActivityManager(  375):   14% 375/system_server: 7% user + 7% kernel / faults: 12 minor
05-22 14:33:07.531 E/ActivityManager(  375):     5.2% 391/ActivityManager: 0% user + 5.2% kernel
05-22 14:33:07.531 E/ActivityManager(  375):     1.7% 545/Binder_4: 1.7% user + 0% kernel
05-22 14:33:07.531 E/ActivityManager(  375):     1.7% 1308/Binder_B: 1.7% user + 0% kernel
05-22 14:33:07.531 E/ActivityManager(  375):   2% 802/com.qihoo360.mobilesafe:GuardService: 1% user + 1% kernel / faults: 57 minor
05-22 14:33:07.531 E/ActivityManager(  375):     1% 813/Binder_1: 1% user + 0% kernel
05-22 14:33:07.531 E/ActivityManager(  375):     1% 814/Binder_2: 1% user + 0% kernel
05-22 14:33:07.531 E/ActivityManager(  375):   0.7% 24/kswapd0: 0% user + 0.7% kernel
05-22 14:33:07.531 E/ActivityManager(  375):   0.7% 81/mmcqd/0: 0% user + 0.7% kernel
05-22 14:33:07.531 E/ActivityManager(  375):   1% 1024/android.process.media: 1% user + 0% kernel / faults: 5 minor
05-22 14:33:07.531 E/ActivityManager(  375):     1% 1035/Binder_2: 0% user + 1% kernel
05-22 14:33:07.531 E/ActivityManager(  375):   1.7% 1693/com.qihoo.daemon: 1.7% user + 0% kernel / faults: 10 minor
05-22 14:33:07.531 E/ActivityManager(  375):     1.7% 1695/GC: 1.7% user + 0% kernel
05-22 14:33:07.531 E/ActivityManager(  375): 100% TOTAL: 93% user + 6.3% kernel
05-22 14:33:07.538 W/ActivityManager(  375): Killing ProcessRecord{427d9bb0 2371:com.pekall.emdm.launcher:remote/u0a10066}: background ANR
05-22 14:33:07.749 I/ActivityManager(  375): Process com.pekall.emdm.launcher:remote (pid 2371) has died.
05-22 14:33:07.749 W/ActivityManager(  375): Scheduling restart of crashed service com.pekall.emdm.launcher/com.baidu.location.f in 1280000ms
05-22 14:33:08.210 W/MountService(  375): getVolumeState(/storage/emulated/0/external_sd): Unknown volume
05-22 14:33:08.234 W/MountService(  375): getVolumeState(/mnt/sdcard-ext): Unknown volume
05-22 14:33:08.234 W/MountService(  375): getVolumeState(/mnt/ext_sdcard): Unknown volume
05-22 14:33:08.234 W/MountService(  375): getVolumeState(/mnt/sdcard2): Unknown volume
05-22 14:33:08.234 W/MountService(  375): getVolumeState(/mnt/emmc): Unknown volume
05-22 14:33:08.234 W/MountService(  375): getVolumeState(/mnt/extSdCard): Unknown volume
05-22 14:33:08.241 W/MountService(  375): getVolumeState(/mnt/sdcard/SD_CARD): Unknown volume
05-22 14:33:08.241 W/MountService(  375): getVolumeState(/mnt/sdcard/extra_sd): Unknown volume
05-22 14:33:08.249 W/MountService(  375): getVolumeState(/mnt/extrasd_bind): Unknown volume
05-22 14:33:08.249 W/MountService(  375): getVolumeState(/mnt/sdcard/ext_sd): Unknown volume
05-22 14:33:08.249 W/MountService(  375): getVolumeState(/storage/extSdCard): Unknown volume
05-22 14:33:08.249 W/MountService(  375): getVolumeState(/storage/sdcard1): Unknown volume
05-22 14:33:08.257 W/MountService(  375): getVolumeState(/mnt/sdcard/external_SD): Unknown volume
05-22 14:33:08.257 W/MountService(  375): getVolumeState(/mnt/sdcard/external_sd): Unknown volume
05-22 14:33:08.820 I/ActivityManager(  375): Start proc com.qihoo360.mobilesafe:PcDaemon for service com.qihoo360.mobilesafe/.pcdaemon.service.DaemonService: pid=2635 uid=10069 gids={50069, 3003, 1015, 3001, 3002, 1006, 1028}
05-22 14:33:09.890 W/BroadcastQueue(  375): Failure [background] sending broadcast result of Intent { act=com.qihoo360.mobilesafe.NotifyDaemonStart flg=0x10 }
05-22 14:33:09.890 W/BroadcastQueue(  375): android.os.DeadObjectException
05-22 14:33:09.890 W/BroadcastQueue(  375): 	at android.os.BinderProxy.transact(Native Method)
05-22 14:33:09.890 W/BroadcastQueue(  375): 	at android.content.IIntentReceiver$Stub$Proxy.performReceive(IIntentReceiver.java:124)
05-22 14:33:09.890 W/BroadcastQueue(  375): 	at com.android.server.am.BroadcastQueue.performReceiveLocked(BroadcastQueue.java:376)
05-22 14:33:09.890 W/BroadcastQueue(  375): 	at com.android.server.am.BroadcastQueue.processNextBroadcast(BroadcastQueue.java:599)
05-22 14:33:09.890 W/BroadcastQueue(  375): 	at com.android.server.am.ActivityManagerService.finishReceiver(ActivityManagerService.java:12390)
05-22 14:33:09.890 W/BroadcastQueue(  375): 	at android.app.ActivityManagerNative.onTransact(ActivityManagerNative.java:379)
05-22 14:33:09.890 W/BroadcastQueue(  375): 	at com.android.server.am.ActivityManagerService.onTransact(ActivityManagerService.java:1737)
05-22 14:33:09.890 W/BroadcastQueue(  375): 	at android.os.Binder.execTransact(Binder.java:388)
05-22 14:33:09.890 W/BroadcastQueue(  375): 	at dalvik.system.NativeStart.run(Native Method)
05-22 14:33:13.054 I/ActivityManager(  375): No longer want com.google.android.apps.maps:FriendService (pid 1394): empty #17
05-22 14:33:25.687 I/ActivityManager(  375): No longer want com.android.onetimeinitializer (pid 1591): empty #17
05-22 14:33:35.374 I/PowerManagerService(  375): Waking up from sleep...
05-22 14:33:35.570 I/WindowManager(  375): Lock screen displayed!
05-22 14:33:36.968 D/PhoneStatusBar(  450): disable: < expand icons alerts ticker system_info BACK HOME recent* CLOCK search* >
05-22 14:33:37.046 D/PhoneStatusBar(  450): disable: < expand icons alerts ticker system_info back* home* recent clock* search >
05-22 14:33:37.054 W/InputMethodManagerService(  375): Window already focused, ignoring focus gain of: com.android.internal.view.IInputMethodClient$Stub$Proxy@42954138 attribute=android.view.inputmethod.EditorInfo@42954148, token = android.os.BinderProxy@4274a3d8
05-22 14:33:37.101 I/ActivityManager(  375): No longer want com.google.android.email (pid 1466): empty #17
