05-22 14:43:57.781 W/MountService(  375): getVolumeState(/mnt/emmc): Unknown volume
05-22 14:43:57.788 W/MountService(  375): getVolumeState(/mnt/extSdCard): Unknown volume
05-22 14:43:57.788 W/MountService(  375): getVolumeState(/mnt/sdcard/SD_CARD): Unknown volume
05-22 14:43:57.788 W/MountService(  375): getVolumeState(/mnt/sdcard/extra_sd): Unknown volume
05-22 14:43:57.788 W/MountService(  375): getVolumeState(/mnt/extrasd_bind): Unknown volume
05-22 14:43:57.788 W/MountService(  375): getVolumeState(/mnt/sdcard/ext_sd): Unknown volume
05-22 14:43:57.788 W/MountService(  375): getVolumeState(/storage/extSdCard): Unknown volume
05-22 14:43:57.788 W/MountService(  375): getVolumeState(/storage/sdcard1): Unknown volume
05-22 14:43:57.788 W/MountService(  375): getVolumeState(/mnt/sdcard/external_SD): Unknown volume
05-22 14:43:57.788 W/MountService(  375): getVolumeState(/mnt/sdcard/external_sd): Unknown volume
05-22 14:43:58.234 I/WindowManager(  375): Screenshot Window{427f9588 u0 com.google.android.gallery3d/com.android.camera.CameraLauncher} was all black! mSurfaceLayer=21020 minLayer=21020 maxLayer=21020
05-22 14:44:06.257 I/ActivityManager(  375): START u0 {act=android.intent.action.MAIN cat=[android.intent.category.LAUNCHER] flg=0x10200000 cmp=com.google.android.gallery3d/com.android.camera.CameraLauncher} from pid 1150
05-22 14:44:08.062 I/WindowManager(  375): Screenshot Window{42913750 u0 com.google.android.gallery3d/com.android.camera.CameraLauncher} was all black! mSurfaceLayer=21020 minLayer=21020 maxLayer=21020
05-22 14:44:15.976 I/ActivityManager(  375): START u0 {act=android.intent.action.MAIN cat=[android.intent.category.LAUNCHER] flg=0x10200000 cmp=com.google.android.gallery3d/com.android.camera.CameraLauncher} from pid 1150
05-22 14:44:17.726 I/WindowManager(  375): Screenshot Window{42ad4690 u0 com.google.android.gallery3d/com.android.camera.CameraLauncher} was all black! mSurfaceLayer=21020 minLayer=21020 maxLayer=21020
05-22 14:44:25.718 I/ActivityManager(  375): START u0 {act=android.intent.action.MAIN cat=[android.intent.category.LAUNCHER] flg=0x10200000 cmp=com.google.android.gallery3d/com.android.camera.CameraLauncher} from pid 1150
05-22 14:44:27.460 I/WindowManager(  375): Screenshot Window{429176f8 u0 com.google.android.gallery3d/com.android.camera.CameraLauncher} was all black! mSurfaceLayer=21020 minLayer=21020 maxLayer=21020
05-22 14:44:35.484 I/ActivityManager(  375): START u0 {act=android.intent.action.MAIN cat=[android.intent.category.LAUNCHER] flg=0x10200000 cmp=com.google.android.gallery3d/com.android.camera.CameraLauncher} from pid 1150
05-22 14:44:37.327 I/WindowManager(  375): Screenshot Window{427a2fc0 u0 com.google.android.gallery3d/com.android.camera.CameraLauncher} was all black! mSurfaceLayer=21020 minLayer=21020 maxLayer=21020
05-22 14:44:44.812 I/ActivityManager(  375): START u0 {act=android.intent.action.MAIN cat=[android.intent.category.LAUNCHER] flg=0x10200000 cmp=com.google.android.gallery3d/com.android.camera.CameraLauncher} from pid 1150
05-22 14:44:46.531 I/WindowManager(  375): Screenshot Window{428fa608 u0 com.google.android.gallery3d/com.android.camera.CameraLauncher} was all black! mSurfaceLayer=21020 minLayer=21020 maxLayer=21020
05-22 14:44:54.554 I/ActivityManager(  375): START u0 {act=android.intent.action.MAIN cat=[android.intent.category.LAUNCHER] flg=0x10200000 cmp=com.google.android.gallery3d/com.android.camera.CameraLauncher} from pid 1150
05-22 14:44:57.445 W/MountService(  375): getVolumeState(/storage/emulated/0/external_sd): Unknown volume
05-22 14:44:57.445 W/MountService(  375): getVolumeState(/mnt/sdcard-ext): Unknown volume
05-22 14:44:57.445 W/MountService(  375): getVolumeState(/mnt/ext_sdcard): Unknown volume
05-22 14:44:57.445 W/MountService(  375): getVolumeState(/mnt/sdcard2): Unknown volume
05-22 14:44:57.445 W/MountService(  375): getVolumeState(/mnt/emmc): Unknown volume
05-22 14:44:57.445 W/MountService(  375): getVolumeState(/mnt/extSdCard): Unknown volume
05-22 14:44:57.452 W/MountService(  375): getVolumeState(/mnt/sdcard/SD_CARD): Unknown volume
05-22 14:44:57.452 W/MountService(  375): getVolumeState(/mnt/sdcard/extra_sd): Unknown volume
05-22 14:44:57.452 W/MountService(  375): getVolumeState(/mnt/extrasd_bind): Unknown volume
05-22 14:44:57.452 W/MountService(  375): getVolumeState(/mnt/sdcard/ext_sd): Unknown volume
05-22 14:44:57.460 W/MountService(  375): getVolumeState(/storage/extSdCard): Unknown volume
05-22 14:44:57.460 W/MountService(  375): getVolumeState(/storage/sdcard1): Unknown volume
05-22 14:44:57.460 W/MountService(  375): getVolumeState(/mnt/sdcard/external_SD): Unknown volume
05-22 14:44:57.460 W/MountService(  375): getVolumeState(/mnt/sdcard/external_sd): Unknown volume
05-22 14:44:57.757 W/MountService(  375): getVolumeState(/storage/emulated/0/external_sd): Unknown volume
05-22 14:44:57.757 W/MountService(  375): getVolumeState(/mnt/sdcard-ext): Unknown volume
05-22 14:44:57.757 W/MountService(  375): getVolumeState(/mnt/ext_sdcard): Unknown volume
05-22 14:44:57.757 W/MountService(  375): getVolumeState(/mnt/sdcard2): Unknown volume
05-22 14:44:57.757 W/MountService(  375): getVolumeState(/mnt/emmc): Unknown volume
05-22 14:44:57.757 W/MountService(  375): getVolumeState(/mnt/extSdCard): Unknown volume
05-22 14:44:57.757 W/MountService(  375): getVolumeState(/mnt/sdcard/SD_CARD): Unknown volume
05-22 14:44:57.757 W/MountService(  375): getVolumeState(/mnt/sdcard/extra_sd): Unknown volume
05-22 14:44:57.757 W/MountService(  375): getVolumeState(/mnt/extrasd_bind): Unknown volume
05-22 14:44:57.757 W/MountService(  375): getVolumeState(/mnt/sdcard/ext_sd): Unknown volume
05-22 14:44:57.765 W/MountService(  375): getVolumeState(/storage/extSdCard): Unknown volume
05-22 14:44:57.765 W/MountService(  375): getVolumeState(/storage/sdcard1): Unknown volume
05-22 14:44:57.773 W/MountService(  375): getVolumeState(/mnt/sdcard/external_SD): Unknown volume
05-22 14:44:57.773 W/MountService(  375): getVolumeState(/mnt/sdcard/external_sd): Unknown volume
05-22 14:45:25.632 I/WindowManager(  375): Screenshot Window{42a940c0 u0 com.google.android.gallery3d/com.android.camera.CameraLauncher} was all black! mSurfaceLayer=21020 minLayer=21020 maxLayer=21020
05-22 14:45:33.687 I/ActivityManager(  375): START u0 {act=android.intent.action.MAIN cat=[android.intent.category.LAUNCHER] flg=0x10200000 cmp=com.google.android.gallery3d/com.android.camera.CameraLauncher} from pid 1150
05-22 14:45:57.593 W/MountService(  375): getVolumeState(/storage/emulated/0/external_sd): Unknown volume
05-22 14:45:57.593 W/MountService(  375): getVolumeState(/mnt/sdcard-ext): Unknown volume
05-22 14:45:57.593 W/MountService(  375): getVolumeState(/mnt/ext_sdcard): Unknown volume
05-22 14:45:57.593 W/MountService(  375): getVolumeState(/mnt/sdcard2): Unknown volume
05-22 14:45:57.593 W/MountService(  375): getVolumeState(/mnt/emmc): Unknown volume
05-22 14:45:57.593 W/MountService(  375): getVolumeState(/mnt/extSdCard): Unknown volume
05-22 14:45:57.593 W/MountService(  375): getVolumeState(/mnt/sdcard/SD_CARD): Unknown volume
05-22 14:45:57.601 W/MountService(  375): getVolumeState(/mnt/sdcard/extra_sd): Unknown volume
05-22 14:45:57.601 W/MountService(  375): getVolumeState(/mnt/extrasd_bind): Unknown volume
05-22 14:45:57.601 W/MountService(  375): getVolumeState(/mnt/sdcard/ext_sd): Unknown volume
05-22 14:45:57.601 W/MountService(  375): getVolumeState(/storage/extSdCard): Unknown volume
05-22 14:45:57.601 W/MountService(  375): getVolumeState(/storage/sdcard1): Unknown volume
05-22 14:45:57.601 W/MountService(  375): getVolumeState(/mnt/sdcard/external_SD): Unknown volume
05-22 14:45:57.601 W/MountService(  375): getVolumeState(/mnt/sdcard/external_sd): Unknown volume
05-22 14:45:57.851 W/MountService(  375): getVolumeState(/storage/emulated/0/external_sd): Unknown volume
05-22 14:45:57.851 W/MountService(  375): getVolumeState(/mnt/sdcard-ext): Unknown volume
05-22 14:45:57.851 W/MountService(  375): getVolumeState(/mnt/ext_sdcard): Unknown volume
05-22 14:45:57.859 W/MountService(  375): getVolumeState(/mnt/sdcard2): Unknown volume
05-22 14:45:57.859 W/MountService(  375): getVolumeState(/mnt/emmc): Unknown volume
05-22 14:45:57.859 W/MountService(  375): getVolumeState(/mnt/extSdCard): Unknown volume
05-22 14:45:57.859 W/MountService(  375): getVolumeState(/mnt/sdcard/SD_CARD): Unknown volume
05-22 14:45:57.859 W/MountService(  375): getVolumeState(/mnt/sdcard/extra_sd): Unknown volume
05-22 14:45:57.859 W/MountService(  375): getVolumeState(/mnt/extrasd_bind): Unknown volume
05-22 14:45:57.859 W/MountService(  375): getVolumeState(/mnt/sdcard/ext_sd): Unknown volume
05-22 14:45:57.859 W/MountService(  375): getVolumeState(/storage/extSdCard): Unknown volume
05-22 14:45:57.866 W/MountService(  375): getVolumeState(/storage/sdcard1): Unknown volume
05-22 14:45:57.866 W/MountService(  375): getVolumeState(/mnt/sdcard/external_SD): Unknown volume
05-22 14:45:57.866 W/MountService(  375): getVolumeState(/mnt/sdcard/external_sd): Unknown volume
05-22 14:46:03.898 I/WindowManager(  375): Screenshot Window{42ad4690 u0 com.google.android.gallery3d/com.android.camera.CameraLauncher} was all black! mSurfaceLayer=21020 minLayer=21020 maxLayer=21020
05-22 14:46:13.390 I/ActivityManager(  375): START u0 {act=android.intent.action.MAIN cat=[android.intent.category.LAUNCHER] flg=0x10200000 cmp=com.android.settings/.Settings} from pid 1150
05-22 14:46:13.749 D/WifiService(  375): setWifiEnabled: true pid=1719, uid=1000
05-22 14:46:15.343 I/ActivityManager(  375): START u0 {act=android.intent.action.MAIN cmp=com.android.settings/.SubSettings (has extras)} from pid 1719
05-22 14:46:33.827 W/InputMethodManagerService(  375): Starting input on non-focused client com.android.internal.view.IInputMethodClient$Stub$Proxy@42906fc8 (uid=1000 pid=1719)
05-22 14:46:40.976 I/ActivityManager(  375): START u0 {act=android.intent.action.MAIN cat=[android.intent.category.LAUNCHER] flg=0x10200000 cmp=com.android.settings/.Settings} from pid 1150
05-22 14:46:41.312 D/WifiService(  375): setWifiEnabled: true pid=1719, uid=1000
05-22 14:46:42.929 I/ActivityManager(  375): START u0 {act=android.intent.action.MAIN cmp=com.android.settings/.SubSettings (has extras)} from pid 1719
05-22 14:46:57.663 W/MountService(  375): getVolumeState(/storage/emulated/0/external_sd): Unknown volume
05-22 14:46:57.663 W/MountService(  375): getVolumeState(/mnt/sdcard-ext): Unknown volume
05-22 14:46:57.663 W/MountService(  375): getVolumeState(/mnt/ext_sdcard): Unknown volume
05-22 14:46:57.663 W/MountService(  375): getVolumeState(/mnt/sdcard2): Unknown volume
05-22 14:46:57.663 W/MountService(  375): getVolumeState(/mnt/emmc): Unknown volume
05-22 14:46:57.663 W/MountService(  375): getVolumeState(/mnt/extSdCard): Unknown volume
05-22 14:46:57.663 W/MountService(  375): getVolumeState(/mnt/sdcard/SD_CARD): Unknown volume
05-22 14:46:57.663 W/MountService(  375): getVolumeState(/mnt/sdcard/extra_sd): Unknown volume
05-22 14:46:57.663 W/MountService(  375): getVolumeState(/mnt/extrasd_bind): Unknown volume
05-22 14:46:57.663 W/MountService(  375): getVolumeState(/mnt/sdcard/ext_sd): Unknown volume
05-22 14:46:57.663 W/MountService(  375): getVolumeState(/storage/extSdCard): Unknown volume
05-22 14:46:57.663 W/MountService(  375): getVolumeState(/storage/sdcard1): Unknown volume
05-22 14:46:57.663 W/MountService(  375): getVolumeState(/mnt/sdcard/external_SD): Unknown volume
05-22 14:46:57.671 W/MountService(  375): getVolumeState(/mnt/sdcard/external_sd): Unknown volume
05-22 14:46:57.921 W/MountService(  375): getVolumeState(/storage/emulated/0/external_sd): Unknown volume
05-22 14:46:57.921 W/MountService(  375): getVolumeState(/mnt/sdcard-ext): Unknown volume
05-22 14:46:57.921 W/MountService(  375): getVolumeState(/mnt/ext_sdcard): Unknown volume
05-22 14:46:57.921 W/MountService(  375): getVolumeState(/mnt/sdcard2): Unknown volume
05-22 14:46:57.921 W/MountService(  375): getVolumeState(/mnt/emmc): Unknown volume
05-22 14:46:57.921 W/MountService(  375): getVolumeState(/mnt/extSdCard): Unknown volume
05-22 14:46:57.921 W/MountService(  375): getVolumeState(/mnt/sdcard/SD_CARD): Unknown volume
05-22 14:46:57.921 W/MountService(  375): getVolumeState(/mnt/sdcard/extra_sd): Unknown volume
05-22 14:46:57.921 W/MountService(  375): getVolumeState(/mnt/extrasd_bind): Unknown volume
05-22 14:46:57.929 W/MountService(  375): getVolumeState(/mnt/sdcard/ext_sd): Unknown volume
05-22 14:46:57.929 W/MountService(  375): getVolumeState(/storage/extSdCard): Unknown volume
05-22 14:46:57.929 W/MountService(  375): getVolumeState(/storage/sdcard1): Unknown volume
05-22 14:46:57.929 W/MountService(  375): getVolumeState(/mnt/sdcard/external_SD): Unknown volume
05-22 14:46:57.929 W/MountService(  375): getVolumeState(/mnt/sdcard/external_sd): Unknown volume
05-22 14:47:01.390 W/InputMethodManagerService(  375): Starting input on non-focused client com.android.internal.view.IInputMethodClient$Stub$Proxy@42906fc8 (uid=1000 pid=1719)
05-22 14:47:08.038 I/ActivityManager(  375): Start proc com.pekall.emdm.launcher:remote for service com.pekall.emdm.launcher/com.baidu.location.f: pid=4768 uid=10066 gids={50066, 1015, 3002, 3001, 3003, 1028}
05-22 14:47:08.179 D/ActivityThread( 4768): Loading provider com.pekall.semail.provider;com.pekall.semail.notifier: com.pekall.semail.provider.EmailProvider
05-22 14:47:08.226 D/ActivityThread( 4768): Loading provider com.pekall.semail.provider;com.pekall.semail.notifier: com.pekall.semail.provider.EmailProvider
05-22 14:47:08.476 I/ActivityManager(  375): START u0 {act=android.intent.action.MAIN cat=[android.intent.category.LAUNCHER] flg=0x10200000 cmp=com.android.settings/.Settings} from pid 1150
05-22 14:47:08.874 D/WifiService(  375): setWifiEnabled: true pid=1719, uid=1000
05-22 14:47:10.554 I/ActivityManager(  375): START u0 {act=android.intent.action.MAIN cmp=com.android.settings/.SubSettings (has extras)} from pid 1719
05-22 14:47:28.062 W/ActivityManager(  375): Timeout executing service: ServiceRecord{428ef990 u0 com.pekall.emdm.launcher/com.baidu.location.f}
05-22 14:47:30.984 E/ActivityManager(  375): ANR in com.pekall.emdm.launcher:remote
05-22 14:47:30.984 E/ActivityManager(  375): Reason: Executing service com.pekall.emdm.launcher/com.baidu.location.f
05-22 14:47:30.984 E/ActivityManager(  375): Load: 2.24 / 2.4 / 2.18
05-22 14:47:30.984 E/ActivityManager(  375): CPU usage from 9291ms to 0ms ago:
05-22 14:47:30.984 E/ActivityManager(  375):   98% 4768/com.pekall.emdm.launcher:remote: 98% user + 0.1% kernel
05-22 14:47:30.984 E/ActivityManager(  375):   95% 3216/com.pekall.emdm.launcher: 95% user + 0% kernel
05-22 14:47:30.984 E/ActivityManager(  375):   1% 375/system_server: 0.3% user + 0.7% kernel / faults: 84 minor
05-22 14:47:30.984 E/ActivityManager(  375):   0.7% 1719/com.android.settings: 0.7% user + 0% kernel / faults: 52 minor
05-22 14:47:30.984 E/ActivityManager(  375):   0.5% 4476/kworker/0:2: 0% user + 0.5% kernel
05-22 14:47:30.984 E/ActivityManager(  375):   0.4% 772/com.google.android.apps.maps:GoogleLocationService: 0.4% user + 0% kernel / faults: 126 minor 1 major
05-22 14:47:30.984 E/ActivityManager(  375):   0.3% 134/adbd: 0% user + 0.3% kernel / faults: 13 minor
05-22 14:47:30.984 E/ActivityManager(  375):   0.1% 854/com.qihoo.appstore: 0.1% user + 0% kernel
05-22 14:47:30.984 E/ActivityManager(  375):   0% 92/dhd_dpc: 0% user + 0% kernel
05-22 14:47:30.984 E/ActivityManager(  375):   0% 95/ueventd: 0% user + 0% kernel
05-22 14:47:30.984 E/ActivityManager(  375):   0% 124/surfaceflinger: 0% user + 0% kernel
05-22 14:47:30.984 E/ActivityManager(  375):   0% 441/wpa_supplicant: 0% user + 0% kernel
05-22 14:47:30.984 E/ActivityManager(  375):   0% 450/com.android.systemui: 0% user + 0% kernel / faults: 10 minor
05-22 14:47:30.984 E/ActivityManager(  375):   0.1% 550/com.google.process.location: 0.1% user + 0% kernel / faults: 25 minor
05-22 14:47:30.984 E/ActivityManager(  375):   0% 621/com.google.process.gapps: 0% user + 0% kernel
05-22 14:47:30.984 E/ActivityManager(  375):   0% 802/com.qihoo360.mobilesafe:GuardService: 0% user + 0% kernel / faults: 3 minor
05-22 14:47:30.984 E/ActivityManager(  375):   0% 2577/kworker/u:2: 0% user + 0% kernel
05-22 14:47:30.984 E/ActivityManager(  375):   0% 3028/kworker/u:3: 0% user + 0% kernel
05-22 14:47:30.984 E/ActivityManager(  375):  +0% 4809/logcat: 0% user + 0% kernel
05-22 14:47:30.984 E/ActivityManager(  375): 100% TOTAL: 98% user + 1.3% kernel
05-22 14:47:30.984 E/ActivityManager(  375): CPU usage from 2137ms to 2664ms later:
05-22 14:47:30.984 E/ActivityManager(  375):   98% 3216/com.pekall.emdm.launcher: 98% user + 0% kernel
05-22 14:47:30.984 E/ActivityManager(  375):     100% 3229/Thread-183: 100% user + 0% kernel
05-22 14:47:30.984 E/ActivityManager(  375):   96% 4768/com.pekall.emdm.launcher:remote: 96% user + 0% kernel
05-22 14:47:30.984 E/ActivityManager(  375):     96% 4781/Thread-225: 96% user + 0% kernel
05-22 14:47:30.984 E/ActivityManager(  375):   7.5% 375/system_server: 1.8% user + 5.6% kernel / faults: 4 minor
05-22 14:47:30.984 E/ActivityManager(  375):     5.6% 391/ActivityManager: 0% user + 5.6% kernel
05-22 14:47:30.984 E/ActivityManager(  375): 100% TOTAL: 98% user + 1.8% kernel
05-22 14:47:30.991 W/ActivityManager(  375): Killing ProcessRecord{42a88bd8 4768:com.pekall.emdm.launcher:remote/u0a10066}: background ANR
05-22 14:47:30.999 I/ActivityManager(  375): Process com.pekall.emdm.launcher:remote (pid 4768) has died.
05-22 14:47:30.999 W/ActivityManager(  375): Scheduling restart of crashed service com.pekall.emdm.launcher/com.baidu.location.f in 1280000ms
05-22 14:47:40.374 I/PowerManagerService(  375): Going to sleep due to screen timeout...
05-22 14:47:42.671 I/PowerManagerService(  375): Waking up from sleep...
05-22 14:47:42.679 I/WindowManager(  375): No lock screen!
05-22 14:47:54.085 I/ActivityManager(  375): START u0 {act=android.intent.action.MAIN cat=[android.intent.category.LAUNCHER] flg=0x10200000 cmp=com.pekall.emdm.launcher/.Launcher} from pid 1150
05-22 14:47:57.866 W/MountService(  375): getVolumeState(/storage/emulated/0/external_sd): Unknown volume
05-22 14:47:57.945 W/MountService(  375): getVolumeState(/mnt/sdcard-ext): Unknown volume
05-22 14:47:58.038 W/MountService(  375): getVolumeState(/mnt/ext_sdcard): Unknown volume
05-22 14:47:58.046 W/MountService(  375): getVolumeState(/mnt/sdcard2): Unknown volume
05-22 14:47:58.077 W/MountService(  375): getVolumeState(/mnt/emmc): Unknown volume
05-22 14:47:58.077 I/ActivityManager(  375): START u0 {flg=0x10000000 cmp=com.pekall.emdm.launcher/com.pekall.semail.activity.Welcome} from pid 3216
05-22 14:47:58.077 W/MountService(  375): getVolumeState(/mnt/extSdCard): Unknown volume
05-22 14:47:58.085 W/MountService(  375): getVolumeState(/mnt/sdcard/SD_CARD): Unknown volume
05-22 14:47:58.187 W/MountService(  375): getVolumeState(/mnt/sdcard/extra_sd): Unknown volume
05-22 14:47:58.265 W/MountService(  375): getVolumeState(/mnt/extrasd_bind): Unknown volume
05-22 14:47:58.327 I/ActivityManager(  375): START u0 {flg=0x2000000 cmp=com.pekall.emdm.launcher/com.pekall.semail.activity.setup.AccountSetupUser} from pid 3216
05-22 14:47:58.491 W/MountService(  375): getVolumeState(/mnt/sdcard/ext_sd): Unknown volume
05-22 14:47:58.538 W/MountService(  375): getVolumeState(/storage/extSdCard): Unknown volume
05-22 14:47:58.546 W/MountService(  375): getVolumeState(/storage/sdcard1): Unknown volume
05-22 14:47:58.546 W/MountService(  375): getVolumeState(/mnt/sdcard/external_SD): Unknown volume
05-22 14:47:58.562 W/MountService(  375): getVolumeState(/mnt/sdcard/external_sd): Unknown volume
05-22 14:47:59.632 W/MountService(  375): getVolumeState(/storage/emulated/0/external_sd): Unknown volume
05-22 14:47:59.632 W/MountService(  375): getVolumeState(/mnt/sdcard-ext): Unknown volume
05-22 14:47:59.632 W/MountService(  375): getVolumeState(/mnt/ext_sdcard): Unknown volume
05-22 14:47:59.640 W/MountService(  375): getVolumeState(/mnt/sdcard2): Unknown volume
05-22 14:47:59.640 W/MountService(  375): getVolumeState(/mnt/emmc): Unknown volume
05-22 14:47:59.640 W/MountService(  375): getVolumeState(/mnt/extSdCard): Unknown volume
05-22 14:47:59.640 W/MountService(  375): getVolumeState(/mnt/sdcard/SD_CARD): Unknown volume
05-22 14:47:59.648 W/MountService(  375): getVolumeState(/mnt/sdcard/extra_sd): Unknown volume
05-22 14:47:59.648 W/MountService(  375): getVolumeState(/mnt/extrasd_bind): Unknown volume
05-22 14:47:59.656 W/MountService(  375): getVolumeState(/mnt/sdcard/ext_sd): Unknown volume
05-22 14:47:59.656 W/MountService(  375): getVolumeState(/storage/extSdCard): Unknown volume
05-22 14:47:59.656 W/MountService(  375): getVolumeState(/storage/sdcard1): Unknown volume
05-22 14:47:59.656 W/MountService(  375): getVolumeState(/mnt/sdcard/external_SD): Unknown volume
05-22 14:47:59.656 W/MountService(  375): getVolumeState(/mnt/sdcard/external_sd): Unknown volume
05-22 14:48:16.132 W/InputMethodManagerService(  375): Window already focused, ignoring focus gain of: com.android.internal.view.IInputMethodClient$Stub$Proxy@42751170 attribute=null, token = android.os.BinderProxy@4264a8d0
05-22 14:48:16.257 I/ActivityManager(  375): START u0 {cmp=com.pekall.emdm.launcher/com.pekall.semail.activity.Welcome} from pid 3216
05-22 14:48:17.984 I/ActivityManager(  375): START u0 {flg=0x2000000 cmp=com.pekall.emdm.launcher/com.pekall.semail.activity.EmailActivity (has extras)} from pid 3216
05-22 14:48:18.640 W/ActivityManager(  375): Duplicate finish request for ActivityRecord{429da5a8 u0 com.pekall.emdm.launcher/com.pekall.semail.activity.Welcome}
05-22 14:48:37.445 I/ActivityManager(  375): START u0 {act=android.intent.action.MAIN dat=content://ui.semail.pekall.com/view/mailbox?ACCOUNT_ID=2 flg=0x4000000 cmp=com.pekall.emdm.launcher/com.pekall.semail.activity.Welcome} from pid 3216
05-22 14:48:37.593 I/ActivityManager(  375): START u0 {flg=0x2000000 cmp=com.pekall.emdm.launcher/com.pekall.semail.activity.setup.AccountSetupUser} from pid 3216
05-22 14:48:37.984 I/ActivityManager(  375): START u0 {act=android.intent.action.MAIN dat=content://ui.semail.pekall.com/view/mailbox?ACCOUNT_ID=3 flg=0x4000000 cmp=com.pekall.emdm.launcher/com.pekall.semail.activity.Welcome} from pid 3216
05-22 14:48:38.273 W/ActivityManager(  375): Duplicate finish request for ActivityRecord{4266fa90 u0 com.pekall.emdm.launcher/com.pekall.semail.activity.EmailActivity}
05-22 14:48:38.570 I/ActivityManager(  375): START u0 {flg=0x2000000 cmp=com.pekall.emdm.launcher/com.pekall.semail.activity.setup.AccountSetupUser} from pid 3216
05-22 14:48:40.546 I/ActivityManager(  375): START u0 {act=android.intent.action.MAIN cat=[android.intent.category.HOME] flg=0x10200000 cmp=com.pekall.emdm.launcher/.Launcher} from pid 375
05-22 14:48:44.218 I/ActivityManager(  375): START u0 {flg=0x10000000 cmp=com.pekall.emdm.launcher/com.pekall.semail.activity.Welcome} from pid 3216
05-22 14:48:44.398 I/ActivityManager(  375): START u0 {flg=0x2000000 cmp=com.pekall.emdm.launcher/com.pekall.semail.activity.setup.AccountSetupUser} from pid 3216
05-22 14:48:57.804 W/MountService(  375): getVolumeState(/storage/emulated/0/external_sd): Unknown volume
05-22 14:48:57.812 W/MountService(  375): getVolumeState(/mnt/sdcard-ext): Unknown volume
05-22 14:48:57.812 W/MountService(  375): getVolumeState(/mnt/ext_sdcard): Unknown volume
05-22 14:48:57.812 W/MountService(  375): getVolumeState(/mnt/sdcard2): Unknown volume
05-22 14:48:57.812 W/MountService(  375): getVolumeState(/mnt/emmc): Unknown volume
05-22 14:48:57.812 W/MountService(  375): getVolumeState(/mnt/extSdCard): Unknown volume
05-22 14:48:57.812 W/MountService(  375): getVolumeState(/mnt/sdcard/SD_CARD): Unknown volume
05-22 14:48:57.812 W/MountService(  375): getVolumeState(/mnt/sdcard/extra_sd): Unknown volume
05-22 14:48:57.812 W/MountService(  375): getVolumeState(/mnt/extrasd_bind): Unknown volume
05-22 14:48:57.812 W/MountService(  375): getVolumeState(/mnt/sdcard/ext_sd): Unknown volume
05-22 14:48:57.812 W/MountService(  375): getVolumeState(/storage/extSdCard): Unknown volume
05-22 14:48:57.812 W/MountService(  375): getVolumeState(/storage/sdcard1): Unknown volume
05-22 14:48:57.812 W/MountService(  375): getVolumeState(/mnt/sdcard/external_SD): Unknown volume
05-22 14:48:57.820 W/MountService(  375): getVolumeState(/mnt/sdcard/external_sd): Unknown volume
05-22 14:48:58.179 W/MountService(  375): getVolumeState(/storage/emulated/0/external_sd): Unknown volume
05-22 14:48:58.179 W/MountService(  375): getVolumeState(/mnt/sdcard-ext): Unknown volume
05-22 14:48:58.179 W/MountService(  375): getVolumeState(/mnt/ext_sdcard): Unknown volume
05-22 14:48:58.179 W/MountService(  375): getVolumeState(/mnt/sdcard2): Unknown volume
05-22 14:48:58.179 W/MountService(  375): getVolumeState(/mnt/emmc): Unknown volume
05-22 14:48:58.179 W/MountService(  375): getVolumeState(/mnt/extSdCard): Unknown volume
05-22 14:48:58.179 W/MountService(  375): getVolumeState(/mnt/sdcard/SD_CARD): Unknown volume
05-22 14:48:58.187 W/MountService(  375): getVolumeState(/mnt/sdcard/extra_sd): Unknown volume
05-22 14:48:58.187 W/MountService(  375): getVolumeState(/mnt/extrasd_bind): Unknown volume
05-22 14:48:58.187 W/MountService(  375): getVolumeState(/mnt/sdcard/ext_sd): Unknown volume
05-22 14:48:58.187 W/MountService(  375): getVolumeState(/storage/extSdCard): Unknown volume
05-22 14:48:58.187 W/MountService(  375): getVolumeState(/storage/sdcard1): Unknown volume
05-22 14:48:58.187 W/MountService(  375): getVolumeState(/mnt/sdcard/external_SD): Unknown volume
05-22 14:48:58.187 W/MountService(  375): getVolumeState(/mnt/sdcard/external_sd): Unknown volume
05-22 14:48:58.452 W/ActivityManager(  375): Unable to start service Intent { cmp=com.pekall.emdm.launcher/com.pekall.semail.service.AttachmentDownloadService } U=0: not found
05-22 14:48:58.460 W/ActivityManager(  375): Unable to start service Intent { act=com.pekall.semail.intent.action.MAIL_SERVICE_RESCHEDULE cmp=com.pekall.emdm.launcher/com.pekall.semail.service.MailService } U=0: not found
05-22 14:49:00.382 I/ActivityManager(  375): START u0 {act=android.intent.action.MAIN cat=[android.intent.category.HOME] flg=0x10200000 cmp=com.pekall.emdm.launcher/.Launcher} from pid 375
--------- beginning of /dev/log/main
05-22 14:49:03.234 I/QueryController( 4932): Matched selector: UiSelector[TEXT=Email, CLASS=android.widget.TextView, PACKAGE NAME=com.pekall.emdm.launcher] <<==>> [android.view.accessibility.AccessibilityNodeInfo@39f48; boundsInParent: Rect(0, 0 - 160, 200); boundsInScreen: Rect(370, 608 - 530, 808); packageName: com.pekall.emdm.launcher; className: android.widget.TextView; text: Email; contentDescription: null; viewIdResName: null; checkable: false; checked: false; focusable: false; focused: false; selected: false; clickable: true; longClickable: true; enabled: true; password: false; scrollable: false; [ACTION_SELECT, ACTION_CLEAR_SELECTION, ACTION_CLICK, ACTION_LONG_CLICK, ACTION_ACCESSIBILITY_FOCUS, ACTION_NEXT_AT_MOVEMENT_GRANULARITY, ACTION_PREVIOUS_AT_MOVEMENT_GRANULARITY, ACTION_SET_SELECTION]]
05-22 14:49:03.257 I/QueryController( 4932): Matched selector: UiSelector[TEXT=Email, CLASS=android.widget.TextView, PACKAGE NAME=com.pekall.emdm.launcher] <<==>> [android.view.accessibility.AccessibilityNodeInfo@39f48; boundsInParent: Rect(0, 0 - 160, 200); boundsInScreen: Rect(370, 608 - 530, 808); packageName: com.pekall.emdm.launcher; className: android.widget.TextView; text: Email; contentDescription: null; viewIdResName: null; checkable: false; checked: false; focusable: false; focused: false; selected: false; clickable: true; longClickable: true; enabled: true; password: false; scrollable: false; [ACTION_SELECT, ACTION_CLEAR_SELECTION, ACTION_CLICK, ACTION_LONG_CLICK, ACTION_ACCESSIBILITY_FOCUS, ACTION_NEXT_AT_MOVEMENT_GRANULARITY, ACTION_PREVIOUS_AT_MOVEMENT_GRANULARITY, ACTION_SET_SELECTION]]
05-22 14:49:03.273 I/QueryController( 4932): Matched selector: UiSelector[TEXT=Email, CLASS=android.widget.TextView, PACKAGE NAME=com.pekall.emdm.launcher] <<==>> [android.view.accessibility.AccessibilityNodeInfo@39f48; boundsInParent: Rect(0, 0 - 160, 200); boundsInScreen: Rect(370, 608 - 530, 808); packageName: com.pekall.emdm.launcher; className: android.widget.TextView; text: Email; contentDescription: null; viewIdResName: null; checkable: false; checked: false; focusable: false; focused: false; selected: false; clickable: true; longClickable: true; enabled: true; password: false; scrollable: false; [ACTION_SELECT, ACTION_CLEAR_SELECTION, ACTION_CLICK, ACTION_LONG_CLICK, ACTION_ACCESSIBILITY_FOCUS, ACTION_NEXT_AT_MOVEMENT_GRANULARITY, ACTION_PREVIOUS_AT_MOVEMENT_GRANULARITY, ACTION_SET_SELECTION]]
05-22 14:49:03.273 D/UiObject( 4932): getText() = Email
05-22 14:49:03.288 I/QueryController( 4932): Matched selector: UiSelector[TEXT=Email, CLASS=android.widget.TextView, PACKAGE NAME=com.pekall.emdm.launcher] <<==>> [android.view.accessibility.AccessibilityNodeInfo@39f48; boundsInParent: Rect(0, 0 - 160, 200); boundsInScreen: Rect(370, 608 - 530, 808); packageName: com.pekall.emdm.launcher; className: android.widget.TextView; text: Email; contentDescription: null; viewIdResName: null; checkable: false; checked: false; focusable: false; focused: false; selected: false; clickable: true; longClickable: true; enabled: true; password: false; scrollable: false; [ACTION_SELECT, ACTION_CLEAR_SELECTION, ACTION_CLICK, ACTION_LONG_CLICK, ACTION_ACCESSIBILITY_FOCUS, ACTION_NEXT_AT_MOVEMENT_GRANULARITY, ACTION_PREVIOUS_AT_MOVEMENT_GRANULARITY, ACTION_SET_SELECTION]]
05-22 14:49:03.312 I/QueryController( 4932): Matched selector: UiSelector[TEXT=Email, CLASS=android.widget.TextView, PACKAGE NAME=com.pekall.emdm.launcher] <<==>> [android.view.accessibility.AccessibilityNodeInfo@39f48; boundsInParent: Rect(0, 0 - 160, 200); boundsInScreen: Rect(370, 608 - 530, 808); packageName: com.pekall.emdm.launcher; className: android.widget.TextView; text: Email; contentDescription: null; viewIdResName: null; checkable: false; checked: false; focusable: false; focused: false; selected: false; clickable: true; longClickable: true; enabled: true; password: false; scrollable: false; [ACTION_SELECT, ACTION_CLEAR_SELECTION, ACTION_CLICK, ACTION_LONG_CLICK, ACTION_ACCESSIBILITY_FOCUS, ACTION_NEXT_AT_MOVEMENT_GRANULARITY, ACTION_PREVIOUS_AT_MOVEMENT_GRANULARITY, ACTION_SET_SELECTION]]
05-22 14:49:03.312 D/InteractionController( 4932): clickAndWaitForNewWindow(450, 708)
05-22 14:49:03.429 W/Parcel  (  802): Attempt to read object from Parcel 0x5f747dac at offset 200 that is not in the object list
05-22 14:49:03.437 I/ActivityManager(  375): START u0 {flg=0x10000000 cmp=com.pekall.emdm.launcher/com.pekall.semail.activity.Welcome} from pid 3216
05-22 14:49:03.523 D/dalvikvm(  375): GC_FOR_ALLOC freed 853K, 16% free 18261K/21608K, paused 57ms, total 57ms
05-22 14:49:03.531 D/LauncherApplication( 3216): [null:-1]->onActivityPaused
05-22 14:49:03.546 D/LauncherApplication( 3216): [null:-1]->onActivityPaused  updateTime
05-22 14:49:03.554 W/Parcel  (  802): Attempt to read object from Parcel 0x5dfdfdac at offset 200 that is not in the object list
05-22 14:49:03.593 V/LauncherApplication( 3216): onActivityStarted
05-22 14:49:03.601 D/        ( 3216): [---null: -1---]     awsa  onActivityResumed
05-22 14:49:03.601 V/LauncherApplication( 3216): 2MdmConstant.LAST_LAUNCH_TIME = 1400741343553
05-22 14:49:03.609 D/        ( 3216): [---null: -1---]  activity = com.pekall.semail.activity.Welcome
05-22 14:49:03.609 V/DefultSetContriller( 3216): isLauncherDf = com.pekall.emdm.launcher
05-22 14:49:03.609 V/DefultSetContriller( 3216): isPhoneDf = com.pekall.emdm.launcher
05-22 14:49:03.609 E/LauncherApplication( 3216): isShowLogoutUI = true
05-22 14:49:03.609 E/LauncherApplication( 3216): LogoutShowTime 1
05-22 14:49:03.616 D/ExchangeService( 3216): !!! EAS ExchangeService, onCreate
05-22 14:49:03.616 D/ExchangeService( 3216): !!! EAS ExchangeService, onStartCommand, startingUp = false, running = false
05-22 14:49:03.616 D/ExchangeService( 3216): to start secureStorageService now
05-22 14:49:03.624 W/Parcel  (  802): Attempt to read object from Parcel 0x5ed47dac at offset 200 that is not in the object list
05-22 14:49:03.624 V/a       ( 3216): Bind requested for task test
05-22 14:49:03.624 D/ExchangeService( 3216): Reconciling accounts...
05-22 14:49:03.624 V/a       ( 3216): Bind requested for task reconcileAccounts
05-22 14:49:03.624 V/a       ( 3216): Waiting for task reconcileAccounts to complete...
05-22 14:49:03.695 D/ExchangeService( 3216): !!! EAS ExchangeService, onStartCommand, startingUp = true, running = false
05-22 14:49:03.741 V/a       ( 3216): Connected: com.pekall.semail.service.AccountServiceInternal
05-22 14:49:03.741 V/a       ( 3216): Connected: com.pekall.semail.service.AccountServiceInternal
05-22 14:49:03.749 V/a       ( 3216): Connection test succeeded in 125ms
05-22 14:49:03.749 I/ActivityManager(  375): Displayed com.pekall.emdm.launcher/com.pekall.semail.activity.Welcome: +204ms
05-22 14:49:03.749 V/a       ( 3216): Task test completed; disconnecting
05-22 14:49:03.757 V/a       ( 3216): Task reconcileAccounts completed; disconnecting
05-22 14:49:03.757 V/a       ( 3216): Wait for reconcileAccounts finished in 130ms
05-22 14:49:03.757 D/ExchangeService( 3216): !!! EAS ExchangeService, stopping self
05-22 14:49:03.781 D/ExchangeService( 3216): !!! EAS ExchangeService, onDestroy
05-22 14:49:04.257 I/QueryController( 4932): Matched selector: UiSelector[TEXT=Email] <<==>> [android.view.accessibility.AccessibilityNodeInfo@62cce; boundsInParent: Rect(0, 0 - 91, 48); boundsInScreen: Rect(90, 74 - 181, 122); packageName: com.pekall.emdm.launcher; className: android.widget.TextView; text: Email; contentDescription: null; viewIdResName: android:id/action_bar_title; checkable: false; checked: false; focusable: false; focused: false; selected: false; clickable: false; longClickable: false; enabled: true; password: false; scrollable: false; [ACTION_SELECT, ACTION_CLEAR_SELECTION, ACTION_ACCESSIBILITY_FOCUS, ACTION_NEXT_AT_MOVEMENT_GRANULARITY, ACTION_PREVIOUS_AT_MOVEMENT_GRANULARITY, ACTION_SET_SELECTION]]
05-22 14:49:04.265 I/AndroidRuntime( 4932): VM exiting with result code 0.
05-22 14:49:08.468 I/InputReader(  375): Reconfiguring input devices.  changes=0x00000010
05-22 14:49:08.507 I/Launcher( 1150): Deferring update until onResume
05-22 14:49:08.515 I/Launcher( 1150): Deferring update until onResume
05-22 14:49:08.546 W/Searchables(  375): No global search activity found
05-22 14:49:27.468 D/LightsService(  375): Excessive delay setting light: 67ms
05-22 14:49:27.741 D/LightsService(  375): Excessive delay setting light: 67ms
05-22 14:49:30.484 D/AndroidRuntime( 4962): 
05-22 14:49:30.484 D/AndroidRuntime( 4962): >>>>>> AndroidRuntime START com.android.internal.os.RuntimeInit <<<<<<
05-22 14:49:30.484 D/AndroidRuntime( 4962): CheckJNI is OFF
05-22 14:49:30.491 D/dalvikvm( 4962): Trying to load lib libjavacore.so 0x0
05-22 14:49:30.491 D/dalvikvm( 4962): Added shared lib libjavacore.so 0x0
05-22 14:49:30.507 D/dalvikvm( 4962): Trying to load lib libnativehelper.so 0x0
05-22 14:49:30.507 D/dalvikvm( 4962): Added shared lib libnativehelper.so 0x0
05-22 14:49:30.656 D/AndroidRuntime( 4962): Calling main entry com.android.commands.uiautomator.Launcher
05-22 14:49:30.671 D/dalvikvm( 4962): Note: class Landroid/app/ActivityManagerNative; has 163 unimplemented (abstract) methods
05-22 14:49:31.327 I/QueryController( 4962): Matched selector: UiSelector[PACKAGE NAME=com.pekall.emdm.launcher] <<==>> [android.view.accessibility.AccessibilityNodeInfo@5f840; boundsInParent: Rect(0, 0 - 720, 1184); boundsInScreen: Rect(0, 0 - 720, 1184); packageName: com.pekall.emdm.launcher; className: android.widget.FrameLayout; text: null; contentDescription: null; viewIdResName: null; checkable: false; checked: false; focusable: false; focused: false; selected: false; clickable: false; longClickable: false; enabled: true; password: false; scrollable: false; [ACTION_SELECT, ACTION_CLEAR_SELECTION, ACTION_ACCESSIBILITY_FOCUS]]
05-22 14:49:31.351 I/QueryController( 4962): Matched selector: UiSelector[PACKAGE NAME=com.pekall.emdm.launcher] <<==>> [android.view.accessibility.AccessibilityNodeInfo@5f840; boundsInParent: Rect(0, 0 - 720, 1184); boundsInScreen: Rect(0, 0 - 720, 1184); packageName: com.pekall.emdm.launcher; className: android.widget.FrameLayout; text: null; contentDescription: null; viewIdResName: null; checkable: false; checked: false; focusable: false; focused: false; selected: false; clickable: false; longClickable: false; enabled: true; password: false; scrollable: false; [ACTION_SELECT, ACTION_CLEAR_SELECTION, ACTION_ACCESSIBILITY_FOCUS]]
05-22 14:49:31.374 I/ActivityManager(  375): START u0 {act=android.intent.action.MAIN cat=[android.intent.category.HOME] flg=0x10200000 cmp=com.pekall.emdm.launcher/.Launcher} from pid 375
05-22 14:49:31.460 D/dalvikvm(  375): GC_FOR_ALLOC freed 1438K, 17% free 17937K/21608K, paused 55ms, total 55ms
05-22 14:49:31.468 D/LauncherApplication( 3216): [null:-1]->onActivityPaused
05-22 14:49:31.484 D/LauncherApplication( 3216): [null:-1]->onActivityPaused  updateTime
05-22 14:49:31.491 V/LauncherApplication( 3216): onActivityStarted
05-22 14:49:31.491 D/        ( 3216): [---null: -1---]     awsa  onActivityResumed
05-22 14:49:31.491 V/LauncherApplication( 3216): 2MdmConstant.LAST_LAUNCH_TIME = 1400741371492
05-22 14:49:31.491 D/        ( 3216): [---null: -1---]  activity = com.pekall.emdm.launcher.Launcher
05-22 14:49:31.499 V/DefultSetContriller( 3216): isLauncherDf = com.pekall.emdm.launcher
05-22 14:49:31.507 V/DefultSetContriller( 3216): isLauncherDf = com.pekall.emdm.launcher
05-22 14:49:31.507 V/DefultSetContriller( 3216): isPhoneDf = com.pekall.emdm.launcher
05-22 14:49:31.507 E/LauncherApplication( 3216): isShowLogoutUI = true
05-22 14:49:31.507 E/LauncherApplication( 3216): LogoutShowTime 1
05-22 14:49:31.507 V/Launcher( 3216): onResume1111111 
05-22 14:49:31.507 V/Launcher( 3216): is login ----> 
05-22 14:49:31.507 I/System.out( 3216):  
05-22 14:49:31.507 I/System.out( 3216): com.pekall.emdm.launcher.Workspace.setWallpaper(Unknown Source)
05-22 14:49:31.507 I/System.out( 3216): com.pekall.emdm.launcher.Launcher.onResume(Unknown Source)
05-22 14:49:31.507 I/System.out( 3216): android.app.Instrumentation.callActivityOnResume(Instrumentation.java:1192)
05-22 14:49:31.507 I/System.out( 3216): android.app.Activity.performResume(Activity.java:5211)
05-22 14:49:31.507 I/System.out( 3216): android.app.ActivityThread.performResumeActivity(ActivityThread.java:2780)
05-22 14:49:31.507 I/System.out( 3216): android.app.ActivityThread.handleResumeActivity(ActivityThread.java:2819)
05-22 14:49:31.507 I/System.out( 3216): android.app.ActivityThread$H.handleMessage(ActivityThread.java:1298)
05-22 14:49:31.507 I/System.out( 3216): android.os.Handler.dispatchMessage(Handler.java:99)
05-22 14:49:31.507 I/System.out( 3216): android.os.Looper.loop(Looper.java:137)
05-22 14:49:31.507 I/System.out( 3216): android.app.ActivityThread.main(ActivityThread.java:5103)
05-22 14:49:31.507 I/System.out( 3216): java.lang.reflect.Method.invokeNative(Native Method)
05-22 14:49:31.507 I/System.out( 3216): java.lang.reflect.Method.invoke(Method.java:525)
05-22 14:49:31.507 I/System.out( 3216): com.android.internal.os.ZygoteInit$MethodAndArgsCaller.run(ZygoteInit.java:737)
05-22 14:49:31.507 I/System.out( 3216): com.android.internal.os.ZygoteInit.main(ZygoteInit.java:553)
05-22 14:49:31.507 I/System.out( 3216): dalvik.system.NativeStart.main(Native Method)
05-22 14:49:31.585 D/LightsService(  375): Excessive delay setting light: 67ms
05-22 14:49:31.765 D/dalvikvm( 3216): JIT unchain all for threadid=11
05-22 14:49:31.812 D/dalvikvm( 3216): GC_FOR_ALLOC freed 3887K, 21% free 30466K/38456K, paused 297ms, total 299ms
05-22 14:49:31.820 I/dalvikvm-heap( 3216): Grow heap (frag case) to 33.110MB for 3415696-byte allocation
05-22 14:49:31.859 D/LightsService(  375): Excessive delay setting light: 67ms
05-22 14:49:32.070 D/dalvikvm( 3216): JIT unchain all for threadid=11
05-22 14:49:32.116 D/dalvikvm( 3216): GC_FOR_ALLOC freed 118K, 20% free 33683K/41792K, paused 300ms, total 300ms
05-22 14:49:32.241 I/Choreographer( 3216): Skipped 43 frames!  The application may be doing too much work on its main thread.
05-22 14:49:32.679 D/Email   ( 3216): Welcome: Closing self...
05-22 14:49:32.679 W/ActivityManager(  375): Duplicate finish request for ActivityRecord{42665eb8 u0 com.pekall.emdm.launcher/com.pekall.semail.activity.Welcome}
05-22 14:49:34.421 I/QueryController( 4962): Matched selector: UiSelector[TEXT=Personal Mode, CLASS=android.widget.TextView, PACKAGE NAME=com.pekall.emdm.launcher] <<==>> [android.view.accessibility.AccessibilityNodeInfo@39b87; boundsInParent: Rect(0, 0 - 160, 200); boundsInScreen: Rect(190, 608 - 350, 808); packageName: com.pekall.emdm.launcher; className: android.widget.TextView; text: Personal Mode; contentDescription: null; viewIdResName: null; checkable: false; checked: false; focusable: false; focused: false; selected: false; clickable: true; longClickable: true; enabled: true; password: false; scrollable: false; [ACTION_SELECT, ACTION_CLEAR_SELECTION, ACTION_CLICK, ACTION_LONG_CLICK, ACTION_ACCESSIBILITY_FOCUS, ACTION_NEXT_AT_MOVEMENT_GRANULARITY, ACTION_PREVIOUS_AT_MOVEMENT_GRANULARITY, ACTION_SET_SELECTION]]
05-22 14:49:34.437 I/QueryController( 4962): Matched selector: UiSelector[TEXT=Document Manager, CLASS=android.widget.TextView, PACKAGE NAME=com.pekall.emdm.launcher] <<==>> [android.view.accessibility.AccessibilityNodeInfo@397c6; boundsInParent: Rect(0, 0 - 160, 200); boundsInScreen: Rect(10, 608 - 170, 808); packageName: com.pekall.emdm.launcher; className: android.widget.TextView; text: Document Manager; contentDescription: null; viewIdResName: null; checkable: false; checked: false; focusable: false; focused: false; selected: false; clickable: true; longClickable: true; enabled: true; password: false; scrollable: false; [ACTION_SELECT, ACTION_CLEAR_SELECTION, ACTION_CLICK, ACTION_LONG_CLICK, ACTION_ACCESSIBILITY_FOCUS, ACTION_NEXT_AT_MOVEMENT_GRANULARITY, ACTION_PREVIOUS_AT_MOVEMENT_GRANULARITY, ACTION_SET_SELECTION]]
05-22 14:49:34.452 I/QueryController( 4962): Matched selector: UiSelector[TEXT=Document Manager, CLASS=android.widget.TextView, PACKAGE NAME=com.pekall.emdm.launcher] <<==>> [android.view.accessibility.AccessibilityNodeInfo@397c6; boundsInParent: Rect(0, 0 - 160, 200); boundsInScreen: Rect(10, 608 - 170, 808); packageName: com.pekall.emdm.launcher; className: android.widget.TextView; text: Document Manager; contentDescription: null; viewIdResName: null; checkable: false; checked: false; focusable: false; focused: false; selected: false; clickable: true; longClickable: true; enabled: true; password: false; scrollable: false; [ACTION_SELECT, ACTION_CLEAR_SELECTION, ACTION_CLICK, ACTION_LONG_CLICK, ACTION_ACCESSIBILITY_FOCUS, ACTION_NEXT_AT_MOVEMENT_GRANULARITY, ACTION_PREVIOUS_AT_MOVEMENT_GRANULARITY, ACTION_SET_SELECTION]]
05-22 14:49:34.468 I/QueryController( 4962): Matched selector: UiSelector[TEXT=Document Manager, CLASS=android.widget.TextView, PACKAGE NAME=com.pekall.emdm.launcher] <<==>> [android.view.accessibility.AccessibilityNodeInfo@397c6; boundsInParent: Rect(0, 0 - 160, 200); boundsInScreen: Rect(10, 608 - 170, 808); packageName: com.pekall.emdm.launcher; className: android.widget.TextView; text: Document Manager; contentDescription: null; viewIdResName: null; checkable: false; checked: false; focusable: false; focused: false; selected: false; clickable: true; longClickable: true; enabled: true; password: false; scrollable: false; [ACTION_SELECT, ACTION_CLEAR_SELECTION, ACTION_CLICK, ACTION_LONG_CLICK, ACTION_ACCESSIBILITY_FOCUS, ACTION_NEXT_AT_MOVEMENT_GRANULARITY, ACTION_PREVIOUS_AT_MOVEMENT_GRANULARITY, ACTION_SET_SELECTION]]
05-22 14:49:34.468 D/UiObject( 4962): getText() = Document Manager
05-22 14:49:34.476 I/QueryController( 4962): Matched selector: UiSelector[TEXT=Document Manager, CLASS=android.widget.TextView, PACKAGE NAME=com.pekall.emdm.launcher] <<==>> [android.view.accessibility.AccessibilityNodeInfo@397c6; boundsInParent: Rect(0, 0 - 160, 200); boundsInScreen: Rect(10, 608 - 170, 808); packageName: com.pekall.emdm.launcher; className: android.widget.TextView; text: Document Manager; contentDescription: null; viewIdResName: null; checkable: false; checked: false; focusable: false; focused: false; selected: false; clickable: true; longClickable: true; enabled: true; password: false; scrollable: false; [ACTION_SELECT, ACTION_CLEAR_SELECTION, ACTION_CLICK, ACTION_LONG_CLICK, ACTION_ACCESSIBILITY_FOCUS, ACTION_NEXT_AT_MOVEMENT_GRANULARITY, ACTION_PREVIOUS_AT_MOVEMENT_GRANULARITY, ACTION_SET_SELECTION]]
05-22 14:49:34.491 I/QueryController( 4962): Matched selector: UiSelector[TEXT=Document Manager, CLASS=android.widget.TextView, PACKAGE NAME=com.pekall.emdm.launcher] <<==>> [android.view.accessibility.AccessibilityNodeInfo@397c6; boundsInParent: Rect(0, 0 - 160, 200); boundsInScreen: Rect(10, 608 - 170, 808); packageName: com.pekall.emdm.launcher; className: android.widget.TextView; text: Document Manager; contentDescription: null; viewIdResName: null; checkable: false; checked: false; focusable: false; focused: false; selected: false; clickable: true; longClickable: true; enabled: true; password: false; scrollable: false; [ACTION_SELECT, ACTION_CLEAR_SELECTION, ACTION_CLICK, ACTION_LONG_CLICK, ACTION_ACCESSIBILITY_FOCUS, ACTION_NEXT_AT_MOVEMENT_GRANULARITY, ACTION_PREVIOUS_AT_MOVEMENT_GRANULARITY, ACTION_SET_SELECTION]]
05-22 14:49:34.499 D/InteractionController( 4962): clickAndWaitForNewWindow(90, 708)
05-22 14:49:34.609 V/CounterTextView( 3216): draw
05-22 14:49:34.609 V/CounterTextView( 3216): count = 1
05-22 14:49:34.609 D/MDM :   ( 3216): [null:-1]->zzzzz   getWidth() 160
05-22 14:49:34.609 D/MDM :   ( 3216): [null:-1]->zzzzz   ------------------mWidthTemp >getWidth()() 
05-22 14:49:34.609 V/CounterTextView( 3216): xxxxxxx   136
05-22 14:49:34.616 W/Parcel  (  802): Attempt to read object from Parcel 0x5ed47dac at offset 200 that is not in the object list
05-22 14:49:34.616 I/ActivityManager(  375): START u0 {flg=0x10000000 cmp=com.pekall.emdm.launcher/com.pekall.emdm.document.activity.DocMainActivity} from pid 3216
05-22 14:49:34.718 D/dalvikvm(  375): GC_FOR_ALLOC freed 1237K, 18% free 17886K/21608K, paused 60ms, total 60ms
05-22 14:49:34.734 D/LauncherApplication( 3216): [null:-1]->onActivityPaused
05-22 14:49:34.741 D/LauncherApplication( 3216): [null:-1]->onActivityPaused  updateTime
05-22 14:49:34.749 V/CounterTextView( 3216): draw
05-22 14:49:34.749 V/CounterTextView( 3216): count = 1
05-22 14:49:34.749 D/MDM :   ( 3216): [null:-1]->zzzzz   getWidth() 160
05-22 14:49:34.749 D/MDM :   ( 3216): [null:-1]->zzzzz   ------------------mWidthTemp >getWidth()() 
05-22 14:49:34.749 V/CounterTextView( 3216): xxxxxxx   136
05-22 14:49:34.796 V/LauncherApplication( 3216): onActivityStarted
05-22 14:49:34.804 D/        ( 3216): [---null: -1---]     awsa  onActivityResumed
05-22 14:49:34.804 V/LauncherApplication( 3216): 2MdmConstant.LAST_LAUNCH_TIME = 1400741374748
05-22 14:49:34.804 D/        ( 3216): [---null: -1---]  activity = com.pekall.emdm.document.activity.DocMainActivity
05-22 14:49:34.812 V/DefultSetContriller( 3216): isLauncherDf = com.pekall.emdm.launcher
05-22 14:49:34.812 V/DefultSetContriller( 3216): isPhoneDf = com.pekall.emdm.launcher
05-22 14:49:34.812 E/LauncherApplication( 3216): isShowLogoutUI = true
05-22 14:49:34.812 E/LauncherApplication( 3216): LogoutShowTime 1
05-22 14:49:34.859 D/BaseFragment( 3216): [null:-1]->mSelection is read = 0 ,mSort is _id DESC
05-22 14:49:34.882 D/BaseFragment( 3216): [null:-1]->mSelection is null ,mSort is _id DESC
05-22 14:49:34.890 D/BaseFragment( 3216): [null:-1]->mSelection is is_favorite = 1 ,mSort is _id DESC
05-22 14:49:34.960 I/ActivityManager(  375): Displayed com.pekall.emdm.launcher/com.pekall.emdm.document.activity.DocMainActivity: +218ms
05-22 14:49:35.007 D/DocAdapter( 3216): [null:-1]->document status is 0 , visible sattus is false
05-22 14:49:35.054 D/DocAdapter( 3216): [null:-1]->document status is 0 , visible sattus is false
05-22 14:49:35.749 I/QueryController( 4962): Matched selector: UiSelector[TEXT=UnRead, CLASS=android.widget.TextView, PACKAGE NAME=com.pekall.emdm.launcher] <<==>> [android.view.accessibility.AccessibilityNodeInfo@72c13; boundsInParent: Rect(0, 0 - 100, 38); boundsInScreen: Rect(70, 79 - 170, 117); packageName: com.pekall.emdm.launcher; className: android.widget.TextView; text: UnRead; contentDescription: null; viewIdResName: android:id/title; checkable: false; checked: false; focusable: false; focused: false; selected: true; clickable: false; longClickable: false; enabled: true; password: false; scrollable: false; [ACTION_SELECT, ACTION_CLEAR_SELECTION, ACTION_ACCESSIBILITY_FOCUS, ACTION_NEXT_AT_MOVEMENT_GRANULARITY, ACTION_PREVIOUS_AT_MOVEMENT_GRANULARITY, ACTION_SET_SELECTION]]
