05-22 14:35:08.085 D/AccountProvision( 3216): 	<string>C60Eh88w0O9RxeccHlnjARJMW4mImeIQ.Email</string>
05-22 14:35:08.085 D/AccountProvision( 3216): 	<key>PayloadOrganization</key>
05-22 14:35:08.085 D/AccountProvision( 3216): 	<string>Pekall Captical</string>
05-22 14:35:08.085 D/AccountProvision( 3216): 	<key>PayloadType</key>
05-22 14:35:08.085 D/AccountProvision( 3216): 	<string>com.apple.mail.managed</string>
05-22 14:35:08.085 D/AccountProvision( 3216): 	<key>PayloadUUID</key>
05-22 14:35:08.085 D/AccountProvision( 3216): 	<string>82e58cec-9c01-4599-b5a1-6790d310dcea</string>
05-22 14:35:08.085 D/AccountProvision( 3216): 	<key>PayloadVersion</key>
05-22 14:35:08.085 D/AccountProvision( 3216): 	<integer>1</integer>
05-22 14:35:08.085 D/AccountProvision( 3216): </dict>
05-22 14:35:08.085 D/AccountProvision( 3216): </plist>
05-22 14:35:08.101 I/AccountProvision( 3216): email address: null, account type: EmailTypeIMAP, display name: John, sender name: null
05-22 14:35:08.101 D/AccountProvision( 3216): Account type: EmailTypeIMAP
05-22 14:35:08.109 V/AccountProvision( 3216): Email protocol: imap
05-22 14:35:08.109 I/AccountProvision( 3216): incoming server: mail.pekall.com, port: 993, security type: 9, use SSL: true
05-22 14:35:08.109 I/AccountProvision( 3216): outgoing server: mail.pekall.com, port: 465, security type: 9, use SSL: true
05-22 14:35:08.109 I/AccountProvision( 3216): is default: true
05-22 14:35:08.109 I/AccountProvision( 3216): [C] Add account, email: null, protocol: imap
05-22 14:35:08.109 I/AccountProvision( 3216): [C] Add account, rece server: mail.pekall.com, port: 993, security type: 9
05-22 14:35:08.109 I/AccountProvision( 3216): [C] Add account, send server: mail.pekall.com, port: 465, security type: 9
05-22 14:35:08.109 V/h       ( 3216): Bind requested for task addAccount
05-22 14:35:08.109 I/AccountProvision( 3216): [C] Add account, result: true
05-22 14:35:08.116 V/h       ( 3216): Connected: com.pekall.semail.service.AccountService
05-22 14:35:08.116 W/AccountService( 3216): Invalid parameter: displayName: John, emailAddress: null
05-22 14:35:08.116 I/AccountService( 3216): [S] Add account, email: null, protocol: imap
05-22 14:35:08.116 I/AccountService( 3216): [S] Add account, rece server: mail.pekall.com, port: 993, security type: 9
05-22 14:35:08.116 I/AccountService( 3216): [S] Add account, send server: mail.pekall.com, port: 465, security type: 9
05-22 14:35:08.116 D/Email   ( 3216): Host auth recv id: 0
05-22 14:35:08.116 D/Email   ( 3216): Valid Host auth recv? true
05-22 14:35:08.116 D/AccountService( 3216): Set receiving login account: pekall_login_user_holder_to_be_updated/pekall_login_password_holder_to_be_updated
05-22 14:35:08.116 D/Email   ( 3216): Host auth send id: 0
05-22 14:35:08.116 D/Email   ( 3216): Valid Host auth send? true
05-22 14:35:08.116 D/AccountService( 3216): Set sending login account: pekall_login_user_holder_to_be_updated/pekall_login_password_holder_to_be_updated
05-22 14:35:08.124 W/Parcel  (  802): Attempt to read object from Parcel 0x5dfdfdac at offset 200 that is not in the object list
05-22 14:35:08.163 D/MdmDatabaseHelper( 3216): [null:-1]->update command a458e771-8189-4520-8808-1cfeb0a1f451 to commandStatus <?xml version="1.0" encoding="UTF-8"?>
05-22 14:35:08.163 D/MdmDatabaseHelper( 3216): <!DOCTYPE plist PUBLIC "-//Apple//DTD PLIST 1.0//EN" "http://www.apple.com/DTDs/PropertyList-1.0.dtd">
05-22 14:35:08.163 D/MdmDatabaseHelper( 3216): <plist version="1.0">
05-22 14:35:08.163 D/MdmDatabaseHelper( 3216): <dict>
05-22 14:35:08.163 D/MdmDatabaseHelper( 3216): 	<key>CommandUUID</key>
05-22 14:35:08.163 D/MdmDatabaseHelper( 3216): 	<string>a458e771-8189-4520-8808-1cfeb0a1f451</string>
05-22 14:35:08.163 D/MdmDatabaseHelper( 3216): 	<key>Status</key>
05-22 14:35:08.163 D/MdmDatabaseHelper( 3216): 	<string>Acknowledged</string>
05-22 14:35:08.163 D/MdmDatabaseHelper( 3216): 	<key>UDID</key>
05-22 14:35:08.163 D/MdmDatabaseHelper( 3216): 	<string>00013fbc8ecec5b90000014622a3b70b</string>
05-22 14:35:08.163 D/MdmDatabaseHelper( 3216): </dict>
05-22 14:35:08.163 D/MdmDatabaseHelper( 3216): </plist>
05-22 14:35:08.218 I/TransInfo( 3216): TransInfo created, id: 3, class: class com.pekall.emdm.transaction.c.b
05-22 14:35:08.226 D/NetworkThread( 3216): [null:-1]->----isRunning-----true
05-22 14:35:08.226 D/NetworkThread( 3216): [null:-1]->----isRunning-----true
05-22 14:35:08.226 D/NetworkThread( 3216): [null:-1]->thread wakeup
05-22 14:35:08.226 D/NetworkThread( 3216): [null:-1]->sendHttpPost:PostRequest, url: http://192.168.10.21/rest/mdm/v1/ios/android_server, Params: [content:<?xml version="1.0" encoding="UTF-8"?>
05-22 14:35:08.226 D/NetworkThread( 3216): <!DOCTYPE plist PUBLIC "-//Apple//DTD PLIST 1.0//EN" "http://www.apple.com/DTDs/PropertyList-1.0.dtd">
05-22 14:35:08.226 D/NetworkThread( 3216): <plist version="1.0">
05-22 14:35:08.226 D/NetworkThread( 3216): <dict>
05-22 14:35:08.226 D/NetworkThread( 3216): 	<key>CommandUUID</key>
05-22 14:35:08.226 D/NetworkThread( 3216): 	<string>a458e771-8189-4520-8808-1cfeb0a1f451</string>
05-22 14:35:08.226 D/NetworkThread( 3216): 	<key>Status</key>
05-22 14:35:08.226 D/NetworkThread( 3216): 	<string>Acknowledged</string>
05-22 14:35:08.226 D/NetworkThread( 3216): 	<key>UDID</key>
05-22 14:35:08.226 D/NetworkThread( 3216): 	<string>00013fbc8ecec5b90000014622a3b70b</string>
05-22 14:35:08.226 D/NetworkThread( 3216): </dict>
05-22 14:35:08.226 D/NetworkThread( 3216): </plist>], 
05-22 14:35:08.226 D/HttpClient( 3216): enable apache.http debug
05-22 14:35:08.226 V/AccountService( 3216): [SERVICE] adding new account, type: imap, result: true
05-22 14:35:08.226 V/h       ( 3216): Task addAccount completed; disconnecting
05-22 14:35:08.234 V/DEBUG   ( 3216): HTTP 0
05-22 14:35:08.312 W/Parcel  (  802): Attempt to read object from Parcel 0x5e0dfdac at offset 200 that is not in the object list
05-22 14:35:08.312 D/Email-MailService( 3216): action: reschedule
05-22 14:35:08.312 W/Parcel  (  802): Attempt to read object from Parcel 0x5ed47dac at offset 200 that is not in the object list
05-22 14:35:08.320 I/Email   ( 3216): Notifications being toggled: true
05-22 14:35:08.320 D/AttachmentService( 3216): Count: 0
05-22 14:35:08.327 D/AttachmentService( 3216): == Checking attachment queue, 0 entries
05-22 14:35:08.327 D/AttachmentService( 3216): *** All done; shutting down service
05-22 14:35:08.343 D/Email-MailService( 3216): reschedule: alarm cancel - no account to check
05-22 14:35:08.343 W/Email   ( 3216): Could not load INBOX for account id: 1
05-22 14:35:08.343 I/Email   ( 3216): Observing account changes for notifications
05-22 14:35:08.624 D/MDM :   ( 3216): [null:-1]->statusCode : 200
05-22 14:35:08.624 D/MDM :   ( 3216): [null:-1]->statusCode : 200
05-22 14:35:08.624 V/DEBUG   ( 3216): HTTP 1
05-22 14:35:08.640 D/MDM :   ( 3216): [null:-1]->read network input stream
05-22 14:35:08.640 D/MDM :   ( 3216): [null:-1]->read network input stream
05-22 14:35:08.640 D/MDM :   ( 3216): [null:-1]->Get joson string: <?xml version="1.0" encoding="UTF-8"?>
05-22 14:35:08.640 D/MDM :   ( 3216): <!DOCTYPE plist PUBLIC "-//Apple//DTD PLIST 1.0//EN" "http://www.apple.com/DTDs/PropertyList-1.0.dtd">
05-22 14:35:08.640 D/MDM :   ( 3216): <plist version="1.0">
05-22 14:35:08.640 D/MDM :   ( 3216): <dict>
05-22 14:35:08.640 D/MDM :   ( 3216): 	<key>CommandUUID</key>
05-22 14:35:08.640 D/MDM :   ( 3216): 	<string>a1b8c996-7c8b-4adc-b678-32a1db90735a</string>
05-22 14:35:08.640 D/MDM :   ( 3216): 	<key>Command</key>
05-22 14:35:08.640 D/MDM :   ( 3216): 	<dict>
05-22 14:35:08.640 D/MDM :   ( 3216): 		<key>DocumentName</key>
05-22 14:35:08.640 D/MDM :   ( 3216): 		<string></string>
05-22 14:35:08.640 D/MDM :   ( 3216): 		<key>DocumentSize</key>
05-22 14:35:08.640 D/MDM :   ( 3216): 		<integer>40</integer>
05-22 14:35:08.640 D/MDM :   ( 3216): 		<key>DocumentFormat</key>
05-22 14:35:08.640 D/MDM :   ( 3216): 		<string>txt</string>
05-22 14:35:08.640 D/MDM :   ( 3216): 		<key>DownloadURL</key>
05-22 14:35:08.640 D/MDM :   ( 3216): 		<string>https://test.mdm.everknow.cn/resources/api/v1/download/guest?uuid=b8742e09146849259046165f4161</string>
05-22 14:35:08.640 D/MDM :   ( 3216): 		<key>Auth</key>
05-22 14:35:08.640 D/MDM :   ( 3216): 		<integer>0</integer>
05-22 14:35:08.640 D/MDM :   ( 3216): 		<key>DocumentUUID</key>
05-22 14:35:08.640 D/MDM :   ( 3216): 		<string>164</string>
05-22 14:35:08.640 D/MDM :   ( 3216): 		<key>Version</key>
05-22 14:35:08.640 D/MDM :   ( 3216): 		<string></string>
05-22 14:35:08.640 D/MDM :   ( 3216): 		<key>DocumentDescription</key>
05-22 14:35:08.640 D/MDM :   ( 3216): 		<string></string>
05-22 14:35:08.640 D/MDM :   ( 3216): 		<key>DocumentCategory</key>
05-22 14:35:08.640 D/MDM :   ( 3216): 		<integer>57506</integer>
05-22 14:35:08.640 D/MDM :   ( 3216): 		<key>IsCompressed</key>
05-22 14:35:08.640 D/MDM :   ( 3216): 		<integer>0</integer>
05-22 14:35:08.640 D/MDM :   ( 3216): 		<key>ReadAuthDay</key>
05-22 14:35:08.640 D/MDM :   ( 3216): 		<integer>0</integer>
05-22 14:35:08.640 D/MDM :   ( 3216): 		<key>RingNotify</key>
05-22 14:35:08.640 D/MDM :   ( 3216): 		<integer>0</integer>
05-22 14:35:08.640 D/MDM :   ( 3216): 		<key>EncryptLevel</key>
05-22 14:35:08.640 D/MDM :   ( 3216): 		<integer>0</integer>
05-22 14:35:08.640 D/MDM :   ( 3216): 		<key>DocumentType</key>
05-22 14:35:08.640 D/MDM :   ( 3216): 		<string>Normal</string>
05-22 14:35:08.640 D/MDM :   ( 3216): 		<key>RequestType</key>
05-22 14:35:08.640 D/MDM :   ( 3216): 		<string>InstallDocument</string>
05-22 14:35:08.640 D/MDM :   ( 3216): 	</dict>
05-22 14:35:08.640 D/MDM :   ( 3216): </dict>
05-22 14:35:08.640 D/MDM :   ( 3216): </plist>
05-22 14:35:08.656 D/MdmDatabaseHelper( 3216): [null:-1]->update command a458e771-8189-4520-8808-1cfeb0a1f451 to status executed
05-22 14:35:08.679 D/CheckInTransInfo( 3216): [null:-1]->CommandMsg : CommandMsg{CommandUUID='a1b8c996-7c8b-4adc-b678-32a1db90735a', Command=CommandInstallDocument{DocumentName='', DocumentSize=40, DocumentFormat='txt', DownloadURL='https://test.mdm.everknow.cn/resources/api/v1/download/guest?uuid=b8742e09146849259046165f4161', Auth=0, DocumentUUID='164', Version='', DocumentDescription='', DocumentCategory=57506, IsCompressed=0, ReadAuthDay=0, RingNotify=0, EncryptLevel=0}}
05-22 14:35:08.710 D/NetworkThread( 3216): [null:-1]->clear mCurrentTransInfo
05-22 14:35:08.710 D/NetworkThread( 3216): [null:-1]->queue is empty, thread wait...
05-22 14:35:08.812 D/MdmService( 3216): [null:-1]->handleCheckInResult
05-22 14:35:08.812 D/MdmService( 3216): [null:-1]->handleCheckInResult result keyIndex: 3
05-22 14:35:08.812 D/CommandManager( 3216): [null:-1]->execute command: CommandMsg{CommandUUID='a1b8c996-7c8b-4adc-b678-32a1db90735a', Command=CommandInstallDocument{DocumentName='', DocumentSize=40, DocumentFormat='txt', DownloadURL='https://test.mdm.everknow.cn/resources/api/v1/download/guest?uuid=b8742e09146849259046165f4161', Auth=0, DocumentUUID='164', Version='', DocumentDescription='', DocumentCategory=57506, IsCompressed=0, ReadAuthDay=0, RingNotify=0, EncryptLevel=0}}
05-22 14:35:08.812 W/Parcel  (  802): Attempt to read object from Parcel 0x5f747dac at offset 200 that is not in the object list
05-22 14:35:08.820 D/CommandManager( 3216): [null:-1]->requestType: InstallDocument
05-22 14:35:08.835 D/DownLoadDocService( 3216): [null:-1]->action is  com.pekall.emdm.action.DOWNLOADDOC
05-22 14:35:08.835 D/DownLoadDocService( 3216): [null:-1]->uuid is  164 ,url is https://test.mdm.everknow.cn/resources/api/v1/download/guest?uuid=b8742e09146849259046165f4161
05-22 14:35:08.835 W/SQLiteOpenHelper( 3216): Opened /data/data/com.pekall.emdm.launcher/databases/document.db
05-22 14:35:08.851 I/DocDatabaseHelper( 3216): Database update: from 0 to 1
05-22 14:35:08.874 W/Parcel  (  802): Attempt to read object from Parcel 0x5dfdfdac at offset 200 that is not in the object list
05-22 14:35:08.882 D/MdmDatabaseHelper( 3216): [null:-1]->update command a1b8c996-7c8b-4adc-b678-32a1db90735a to commandStatus <?xml version="1.0" encoding="UTF-8"?>
05-22 14:35:08.882 D/MdmDatabaseHelper( 3216): <!DOCTYPE plist PUBLIC "-//Apple//DTD PLIST 1.0//EN" "http://www.apple.com/DTDs/PropertyList-1.0.dtd">
05-22 14:35:08.882 D/MdmDatabaseHelper( 3216): <plist version="1.0">
05-22 14:35:08.882 D/MdmDatabaseHelper( 3216): <dict>
05-22 14:35:08.882 D/MdmDatabaseHelper( 3216): 	<key>CommandUUID</key>
05-22 14:35:08.882 D/MdmDatabaseHelper( 3216): 	<string>a1b8c996-7c8b-4adc-b678-32a1db90735a</string>
05-22 14:35:08.882 D/MdmDatabaseHelper( 3216): 	<key>Status</key>
05-22 14:35:08.882 D/MdmDatabaseHelper( 3216): 	<string>Acknowledged</string>
05-22 14:35:08.882 D/MdmDatabaseHelper( 3216): 	<key>UDID</key>
05-22 14:35:08.882 D/MdmDatabaseHelper( 3216): 	<string>00013fbc8ecec5b90000014622a3b70b</string>
05-22 14:35:08.882 D/MdmDatabaseHelper( 3216): </dict>
05-22 14:35:08.882 D/MdmDatabaseHelper( 3216): </plist>
05-22 14:35:08.952 D/StorageManager( 3216): Create document synchronously, bundle
05-22 14:35:08.952 D/SDCardDocumentStore( 3216): Home directory: /storage/emulated/0/contentlocker
05-22 14:35:08.952 D/StorageManageImpl( 3216): >>> name: 
05-22 14:35:08.960 D/StorageManageImpl( 3216): >>> extension: txt
05-22 14:35:08.960 D/StorageManageImpl( 3216): >>> mime type: text/plain
05-22 14:35:08.960 D/StorageManageImpl( 3216): >>> size: 40
05-22 14:35:08.960 D/StorageManageImpl( 3216): >>> created date: 1400740508965
05-22 14:35:08.960 D/StorageManageImpl( 3216): >>> modified date: 1400740508965
05-22 14:35:08.960 D/StorageManageImpl( 3216): >>> server url: 164
05-22 14:35:08.960 D/StorageManageImpl( 3216): >>> is visible: false
05-22 14:35:08.960 D/StorageManageImpl( 3216): >>> sort: C
05-22 14:35:09.031 W/Parcel  (  802): Attempt to read object from Parcel 0x5e0dfdac at offset 200 that is not in the object list
05-22 14:35:09.046 W/Parcel  (  802): Attempt to read object from Parcel 0x5ed47dac at offset 200 that is not in the object list
05-22 14:35:09.054 I/TransInfo( 3216): TransInfo created, id: 3, class: class com.pekall.emdm.transaction.c.b
05-22 14:35:09.062 D/NetworkThread( 3216): [null:-1]->----isRunning-----true
05-22 14:35:09.062 D/NetworkThread( 3216): [null:-1]->----isRunning-----true
05-22 14:35:09.062 D/NetworkThread( 3216): [null:-1]->thread wakeup
05-22 14:35:09.062 D/NetworkThread( 3216): [null:-1]->sendHttpPost:PostRequest, url: http://192.168.10.21/rest/mdm/v1/ios/android_server, Params: [content:<?xml version="1.0" encoding="UTF-8"?>
05-22 14:35:09.062 D/NetworkThread( 3216): <!DOCTYPE plist PUBLIC "-//Apple//DTD PLIST 1.0//EN" "http://www.apple.com/DTDs/PropertyList-1.0.dtd">
05-22 14:35:09.062 D/NetworkThread( 3216): <plist version="1.0">
05-22 14:35:09.062 D/NetworkThread( 3216): <dict>
05-22 14:35:09.062 D/NetworkThread( 3216): 	<key>CommandUUID</key>
05-22 14:35:09.062 D/NetworkThread( 3216): 	<string>a1b8c996-7c8b-4adc-b678-32a1db90735a</string>
05-22 14:35:09.062 D/NetworkThread( 3216): 	<key>Status</key>
05-22 14:35:09.062 D/NetworkThread( 3216): 	<string>Acknowledged</string>
05-22 14:35:09.062 D/NetworkThread( 3216): 	<key>UDID</key>
05-22 14:35:09.062 D/NetworkThread( 3216): 	<string>00013fbc8ecec5b90000014622a3b70b</string>
05-22 14:35:09.062 D/NetworkThread( 3216): </dict>
05-22 14:35:09.062 D/NetworkThread( 3216): </plist>], 
05-22 14:35:09.062 D/HttpClient( 3216): enable apache.http debug
05-22 14:35:09.070 V/DEBUG   ( 3216): HTTP 0
05-22 14:35:09.109 V/CounterTextView( 3216): onReceive
05-22 14:35:09.109 D/        ( 3216): [---null: -1---]   msg  xxd1
05-22 14:35:09.116 V/CounterTextView( 3216): onReceive
05-22 14:35:09.124 D/        ( 3216): [---null: -1---]   msg  xxd1
05-22 14:35:09.124 V/CounterTextView( 3216): onReceive
05-22 14:35:09.124 D/        ( 3216): [---null: -1---]   msg  xxd1
05-22 14:35:09.124 V/CounterTextView( 3216): onReceive
05-22 14:35:09.132 D/        ( 3216): [---null: -1---]   msg  xxd1
05-22 14:35:09.140 D/        ( 3216): [---null: -1---]  1111222  mLongAxisStartPadding110
05-22 14:35:09.148 D/        ( 3216): [---null: -1---]  11112223  heightSpecSize1094
05-22 14:35:09.148 D/        ( 3216): [---null: -1---]  11112223  mLongAxisStartPadding110
05-22 14:35:09.148 D/        ( 3216): [---null: -1---]  11112223  mLongAxisEndPadding110
05-22 14:35:09.148 D/        ( 3216): [---null: -1---]  11112223  mRows4
05-22 14:35:09.148 D/        ( 3216): [---null: -1---]  1111222  mLongAxisStartPadding110
05-22 14:35:09.148 D/        ( 3216): [---null: -1---]  11112223  heightSpecSize1094
05-22 14:35:09.148 D/        ( 3216): [---null: -1---]  11112223  mLongAxisStartPadding110
05-22 14:35:09.148 D/        ( 3216): [---null: -1---]  11112223  mLongAxisEndPadding110
05-22 14:35:09.148 D/        ( 3216): [---null: -1---]  11112223  mRows4
05-22 14:35:09.156 V/CounterTextView( 3216): draw
05-22 14:35:09.156 V/CounterTextView( 3216): count = 1
05-22 14:35:09.156 D/MDM :   ( 3216): [null:-1]->zzzzz   getWidth() 160
05-22 14:35:09.156 D/MDM :   ( 3216): [null:-1]->zzzzz   =================mWidthTemp() 160
05-22 14:35:09.163 D/MDM :   ( 3216): [null:-1]->zzzzz   ------------------mWidthTemp >getWidth()() 
05-22 14:35:09.163 V/CounterTextView( 3216): xxxxxxx   136
05-22 14:35:09.632 D/MDM :   ( 3216): [null:-1]->statusCode : 200
05-22 14:35:09.632 D/MDM :   ( 3216): [null:-1]->statusCode : 200
05-22 14:35:09.632 V/DEBUG   ( 3216): HTTP 1
05-22 14:35:09.640 D/MDM :   ( 3216): [null:-1]->read network input stream
05-22 14:35:09.640 D/MDM :   ( 3216): [null:-1]->Get joson string: <?xml version="1.0" encoding="UTF-8"?>
05-22 14:35:09.640 D/MDM :   ( 3216): <!DOCTYPE plist PUBLIC "-//Apple//DTD PLIST 1.0//EN" "http://www.apple.com/DTDs/PropertyList-1.0.dtd">
05-22 14:35:09.640 D/MDM :   ( 3216): <plist version="1.0">
05-22 14:35:09.640 D/MDM :   ( 3216): <dict>
05-22 14:35:09.640 D/MDM :   ( 3216): 	<key>CommandUUID</key>
05-22 14:35:09.640 D/MDM :   ( 3216): 	<string>ae5d632e-daaa-43c7-96ba-a6ed31b52af0</string>
05-22 14:35:09.640 D/MDM :   ( 3216): 	<key>Command</key>
05-22 14:35:09.640 D/MDM :   ( 3216): 	<dict>
05-22 14:35:09.640 D/MDM :   ( 3216): 		<key>RequestType</key>
05-22 14:35:09.640 D/MDM :   ( 3216): 		<string>Location</string>
05-22 14:35:09.640 D/MDM :   ( 3216): 	</dict>
05-22 14:35:09.640 D/MDM :   ( 3216): </dict>
05-22 14:35:09.640 D/MDM :   ( 3216): </plist>
05-22 14:35:09.648 D/MdmDatabaseHelper( 3216): [null:-1]->update command a1b8c996-7c8b-4adc-b678-32a1db90735a to status executed
05-22 14:35:09.671 D/CheckInTransInfo( 3216): [null:-1]->CommandMsg : CommandMsg{CommandUUID='ae5d632e-daaa-43c7-96ba-a6ed31b52af0', Command=CommandObject{RequestType='Location'}}
05-22 14:35:09.702 D/NetworkThread( 3216): [null:-1]->clear mCurrentTransInfo
05-22 14:35:09.702 D/NetworkThread( 3216): [null:-1]->queue is empty, thread wait...
05-22 14:35:09.804 D/MdmService( 3216): [null:-1]->handleCheckInResult
05-22 14:35:09.804 D/MdmService( 3216): [null:-1]->handleCheckInResult result keyIndex: 3
05-22 14:35:09.804 D/CommandManager( 3216): [null:-1]->execute command: CommandMsg{CommandUUID='ae5d632e-daaa-43c7-96ba-a6ed31b52af0', Command=CommandObject{RequestType='Location'}}
05-22 14:35:09.804 W/Parcel  (  802): Attempt to read object from Parcel 0x5f747dac at offset 200 that is not in the object list
05-22 14:35:09.812 D/MdmService( 3216): [null:-1]->receiver action :com.pekall.mdm.action.LOCATION
05-22 14:35:09.820 I/ActivityManager(  375): Start proc com.pekall.emdm.launcher:remote for service com.pekall.emdm.launcher/com.baidu.location.f: pid=3379 uid=10066 gids={50066, 1015, 3002, 3001, 3003, 1028}
05-22 14:35:09.827 D/dalvikvm( 3379): Late-enabling CheckJNI
05-22 14:35:09.874 V/MyServiceConnection( 3379): [SConnection] sandbox service is NOT installed.
05-22 14:35:09.874 V/MyServiceConnection( 3379): [SConnection] binding service: pekall.intent.action.SANDBOX_SERVICE
05-22 14:35:09.882 D/ScClassLoader( 3379): >> SOURCE FILE: /data/data/com.pekall.emdm.launcher/app_jars/sc-jdk15on-1.47.0.2.dex.jar
05-22 14:35:09.929 D/dalvikvm( 3379): GC_CONCURRENT freed 99K, 2% free 9276K/9412K, paused 3ms+6ms, total 30ms
05-22 14:35:09.929 D/dalvikvm( 3379): WAIT_FOR_CONCURRENT_GC blocked 1ms
05-22 14:35:09.929 D/dalvikvm( 3379): WAIT_FOR_CONCURRENT_GC blocked 1ms
05-22 14:35:09.952 W/Parcel  (  802): Attempt to read object from Parcel 0x5dfdfdac at offset 200 that is not in the object list
05-22 14:35:09.952 W/Parcel  (  802): Attempt to read object from Parcel 0x5e0dfdac at offset 200 that is not in the object list
05-22 14:35:09.952 D/Email   ( 3379): Email: init sandbox at the beginning.
05-22 14:35:09.952 V/MyServiceConnection( 3379): [SConnection] retry to bind service
05-22 14:35:09.952 V/MyServiceConnection( 3379): [SConnection] sandbox service is NOT installed.
05-22 14:35:09.952 V/MyServiceConnection( 3379): [SConnection] binding service: pekall.intent.action.SANDBOX_SERVICE
05-22 14:35:09.984 V/MyServiceConnection( 3379): [SConnection] retry to bind service
05-22 14:35:09.984 V/MyServiceConnection( 3379): [SConnection] sandbox service is NOT installed.
05-22 14:35:09.984 V/MyServiceConnection( 3379): [SConnection] binding service: pekall.intent.action.SANDBOX_SERVICE
05-22 14:35:10.007 V/l       ( 3379): Bind requested for task setLogging
05-22 14:35:10.007 D/ExchangeService( 3216): !!! EAS ExchangeService, onCreate
05-22 14:35:10.007 W/Parcel  (  802): Attempt to read object from Parcel 0x5ed47dac at offset 200 that is not in the object list
05-22 14:35:10.023 D/dalvikvm( 3379): GC_CONCURRENT freed 283K, 4% free 9497K/9820K, paused 2ms+4ms, total 33ms
05-22 14:35:10.031 D/ExchangeService( 3216): !!! EAS ExchangeService, onStartCommand, startingUp = false, running = false
05-22 14:35:10.031 D/ExchangeService( 3216): to start secureStorageService now
05-22 14:35:10.031 V/a       ( 3216): Bind requested for task test
05-22 14:35:10.062 D/ExchangeService( 3216): Reconciling accounts...
05-22 14:35:10.062 V/a       ( 3216): Bind requested for task reconcileAccounts
05-22 14:35:10.062 D/ActivityThread( 3379): Loading provider com.pekall.semail.provider;com.pekall.semail.notifier: com.pekall.semail.provider.EmailProvider
05-22 14:35:10.085 V/a       ( 3216): Connected: com.pekall.semail.service.AccountServiceInternal
05-22 14:35:10.085 W/DocumentManager( 3379): Sandbox service is not connected.
05-22 14:35:10.085 D/MessageControllerImpl( 3379): controller is null
05-22 14:35:10.085 V/MyServiceConnection( 3379): [SConnection] retry to bind service
05-22 14:35:10.093 V/MyServiceConnection( 3379): [SConnection] sandbox service is NOT installed.
05-22 14:35:10.093 V/MyServiceConnection( 3379): [SConnection] binding service: pekall.intent.action.SANDBOX_SERVICE
05-22 14:35:10.093 W/SQLiteOpenHelper( 3379): Opened /data/data/com.pekall.emdm.launcher/databases/message.db
05-22 14:35:10.093 V/a       ( 3216): Connected: com.pekall.semail.service.AccountServiceInternal
05-22 14:35:10.093 W/dalvikvm( 3379): No implementation found for native Lcom/pekall/sandbox/database/sqlite/SQLiteDatabase;.native_setSqliteSoftHeapLimit:(I)V
05-22 14:35:10.093 D/AndroidRuntime( 3379): Shutting down VM
05-22 14:35:10.093 W/dalvikvm( 3379): threadid=1: thread exiting with uncaught exception (group=0x41993700)
05-22 14:35:10.093 D/        ( 3379): [---null: -1---]  Thread is main
05-22 14:35:10.093 W/System.err( 3379): java.lang.UnsatisfiedLinkError: Native method not found: com.pekall.sandbox.database.sqlite.SQLiteDatabase.native_setSqliteSoftHeapLimit:(I)V
05-22 14:35:10.093 W/System.err( 3379): 	at com.pekall.sandbox.database.sqlite.SQLiteDatabase.native_setSqliteSoftHeapLimit(Native Method)
05-22 14:35:10.093 V/a       ( 3216): Waiting for task reconcileAccounts to complete...
05-22 14:35:10.101 W/System.err( 3379): 	at com.pekall.sandbox.database.sqlite.SQLiteDatabase.<init>(Unknown Source)
05-22 14:35:10.101 W/System.err( 3379): 	at com.pekall.sandbox.database.sqlite.SQLiteDatabase.openDatabase(Unknown Source)
05-22 14:35:10.101 W/System.err( 3379): 	at com.pekall.sandbox.database.sqlite.SQLiteDatabase.openDatabase(Unknown Source)
05-22 14:35:10.101 W/System.err( 3379): 	at com.pekall.sandbox.database.sqlite.SQLiteDatabase.openDatabase(Unknown Source)
05-22 14:35:10.101 W/System.err( 3379): 	at com.pekall.sandbox.database.sqlite.SQLiteOpenHelper.getWritableDatabase(Unknown Source)
05-22 14:35:10.101 W/System.err( 3379): 	at com.pekall.emdm.messagecenter.db.a.a(Unknown Source)
05-22 14:35:10.101 W/System.err( 3379): 	at com.pekall.emdm.messagecenter.db.a.b(Unknown Source)
05-22 14:35:10.101 W/System.err( 3379): 	at com.pekall.emdm.messagecenter.activity.a.onCreate(Unknown Source)
05-22 14:35:10.101 W/System.err( 3379): 	at com.pekall.emdm.launcher.LauncherApplication.onCreate(Unknown Source)
05-22 14:35:10.101 W/System.err( 3379): 	at android.app.Instrumentation.callApplicationOnCreate(Instrumentation.java:1007)
05-22 14:35:10.101 W/System.err( 3379): 	at android.app.ActivityThread.handleBindApplication(ActivityThread.java:4444)
05-22 14:35:10.101 W/System.err( 3379): 	at android.app.ActivityThread.access$1300(ActivityThread.java:141)
05-22 14:35:10.101 W/System.err( 3379): 	at android.app.ActivityThread$H.handleMessage(ActivityThread.java:1316)
05-22 14:35:10.101 W/System.err( 3379): 	at android.os.Handler.dispatchMessage(Handler.java:99)
05-22 14:35:10.101 W/System.err( 3379): 	at android.os.Looper.loop(Looper.java:137)
05-22 14:35:10.101 W/System.err( 3379): 	at android.app.ActivityThread.main(ActivityThread.java:5103)
05-22 14:35:10.101 W/System.err( 3379): 	at java.lang.reflect.Method.invokeNative(Native Method)
05-22 14:35:10.101 D/ActivityThread( 3379): Loading provider com.pekall.semail.provider;com.pekall.semail.notifier: com.pekall.semail.provider.EmailProvider
05-22 14:35:10.109 W/System.err( 3379): 	at java.lang.reflect.Method.invoke(Method.java:525)
05-22 14:35:10.109 W/System.err( 3379): 	at com.android.internal.os.ZygoteInit$MethodAndArgsCaller.run(ZygoteInit.java:737)
05-22 14:35:10.109 W/System.err( 3379): 	at com.android.internal.os.ZygoteInit.main(ZygoteInit.java:553)
05-22 14:35:10.109 W/System.err( 3379): 	at dalvik.system.NativeStart.main(Native Method)
05-22 14:35:10.109 V/a       ( 3216): Connection test succeeded in 75ms
05-22 14:35:10.109 V/a       ( 3216): Task test completed; disconnecting
05-22 14:35:10.116 V/a       ( 3216): Task reconcileAccounts completed; disconnecting
05-22 14:35:10.187 V/a       ( 3216): Wait for reconcileAccounts finished in 94ms
05-22 14:35:10.296 D/ExchangeService( 3216): !!! EAS ExchangeService, stopping self
05-22 14:35:10.374 D/dalvikvm( 3379): GC_CONCURRENT freed 469K, 6% free 9442K/9952K, paused 3ms+3ms, total 41ms
05-22 14:35:10.374 W/EmailProvider( 3379): restoreIfNeeded...
05-22 14:35:10.491 W/EmailProvider( 3379): restoreIfNeeded: Account exists.
05-22 14:35:10.531 D/EmailProvider( 3379): Deleting orphans...
05-22 14:35:10.531 D/EmailProvider( 3379): EmailProvider pre-caching...
05-22 14:35:10.835 D/EmailProvider( 3379): EmailProvider ready.
05-22 14:35:10.906 W/Parcel  (  802): Attempt to read object from Parcel 0x5f747dac at offset 200 that is not in the object list
05-22 14:35:10.929 D/Email-MailService( 3216): action: reschedule
05-22 14:35:10.929 W/Parcel  (  802): Attempt to read object from Parcel 0x5dfdfdac at offset 200 that is not in the object list
05-22 14:35:10.937 D/AttachmentService( 3216): Count: 0
05-22 14:35:10.937 D/AttachmentService( 3216): == Checking attachment queue, 0 entries
05-22 14:35:10.937 D/AttachmentService( 3216): *** All done; shutting down service
05-22 14:35:10.976 I/Email   ( 3379): Notifications being toggled: true
05-22 14:35:11.601 D/dalvikvm(  802): GC_CONCURRENT freed 956K, 24% free 12216K/16036K, paused 3ms+18ms, total 74ms
05-22 14:35:12.038 D/Email-MailService( 3216): reschedule: alarm cancel - no account to check
05-22 14:35:12.359 W/Email   ( 3379): Could not load INBOX for account id: 1
05-22 14:35:12.390 I/Email   ( 3379): Observing account changes for notifications
05-22 14:35:16.249 D/LightsService(  375): Excessive delay setting light: 67ms
05-22 14:35:16.484 D/LightsService(  375): Excessive delay setting light: 67ms
05-22 14:35:18.366 I/InputReader(  375): Reconfiguring input devices.  changes=0x00000010
05-22 14:35:18.515 I/Launcher( 1150): Deferring update until onResume
05-22 14:35:18.820 I/Launcher( 1150): Deferring update until onResume
05-22 14:35:21.171 W/Searchables(  375): No global search activity found
05-22 14:35:22.023 I/PowerManagerService(  375): Going to sleep due to screen timeout...
05-22 14:35:22.695 D/SurfaceFlinger(  124): Screen released, type=0 flinger=0x4188b478
05-22 14:35:22.788 D/dalvikvm(  375): GC_FOR_ALLOC freed 1723K, 14% free 17072K/19628K, paused 99ms, total 99ms
05-22 14:35:22.937 D/dalvikvm(  375): GC_FOR_ALLOC freed 767K, 14% free 17048K/19628K, paused 132ms, total 132ms
05-22 14:35:22.945 D/LauncherApplication( 3216): [null:-1]->onActivityPaused
05-22 14:35:22.984 D/LauncherApplication( 3216): [null:-1]->onActivityPaused  updateTime
05-22 14:35:23.156 W/Parcel  (  802): Attempt to read object from Parcel 0x5f747dac at offset 200 that is not in the object list
05-22 14:35:23.265 D/NfcService(  587): NFC-C OFF, disconnect
05-22 14:35:23.476 W/Parcel  (  802): Attempt to read object from Parcel 0x5dfdfdac at offset 200 that is not in the object list
05-22 14:35:23.538 V/MDM :   ( 3216): [null:-1]->Screen receiver is called.
05-22 14:35:23.546 W/Parcel  (  802): Attempt to read object from Parcel 0x5ed47dac at offset 200 that is not in the object list
05-22 14:35:24.077 D/dalvikvm( 1693): GC_CONCURRENT freed 491K, 19% free 9403K/11532K, paused 3ms+124ms, total 593ms
05-22 14:35:27.859 D/dalvikvm(  375): GC_FOR_ALLOC freed 659K, 11% free 17604K/19628K, paused 130ms, total 131ms
05-22 14:35:28.101 D/dalvikvm(  375): GC_FOR_ALLOC freed 28K, 9% free 18209K/19812K, paused 113ms, total 118ms
05-22 14:35:28.179 V/KeyguardHostView(  375): hide transport, gen:1
05-22 14:35:28.179 V/KeyguardHostView(  375): music state changed: 0
05-22 14:35:28.234 D/PhoneStatusBar(  450): disable: < expand icons alerts ticker system_info back home RECENT* clock SEARCH* >
05-22 14:35:28.257 V/TAG     (  375): bug 7643792: fitSystemWindows([0,50][0,0])
05-22 14:35:28.406 D/PhoneStatusBar(  450): disable: < expand icons alerts ticker system_info BACK* HOME* RECENT CLOCK* SEARCH >
05-22 14:35:29.851 W/ActivityManager(  375): Timeout executing service: ServiceRecord{428ef990 u0 com.pekall.emdm.launcher/com.baidu.location.f}
05-22 14:35:29.890 I/Process (  375): Sending signal. PID: 3379 SIG: 3
05-22 14:35:29.890 I/dalvikvm( 3379): threadid=3: reacting to signal 3
05-22 14:35:30.085 I/Process (  375): Sending signal. PID: 375 SIG: 3
05-22 14:35:30.085 I/dalvikvm(  375): threadid=3: reacting to signal 3
05-22 14:35:30.140 D/dalvikvm( 3379): JIT unchain all for threadid=12
05-22 14:35:30.210 I/dalvikvm( 3379): Wrote stack traces to '/data/anr/traces.txt'
05-22 14:35:31.070 I/Process (  375): Sending signal. PID: 580 SIG: 3
05-22 14:35:31.070 I/dalvikvm(  580): threadid=3: reacting to signal 3
05-22 14:35:31.070 I/Process (  375): Sending signal. PID: 450 SIG: 3
05-22 14:35:31.070 I/dalvikvm(  450): threadid=3: reacting to signal 3
05-22 14:35:31.077 I/dalvikvm(  375): Wrote stack traces to '/data/anr/traces.txt'
05-22 14:35:31.077 I/Process (  375): Sending signal. PID: 587 SIG: 3
05-22 14:35:31.077 I/dalvikvm(  587): threadid=3: reacting to signal 3
05-22 14:35:31.156 I/dalvikvm(  587): Wrote stack traces to '/data/anr/traces.txt'
05-22 14:35:31.156 I/dalvikvm(  580): Wrote stack traces to '/data/anr/traces.txt'
05-22 14:35:31.179 I/dalvikvm(  450): Wrote stack traces to '/data/anr/traces.txt'
05-22 14:35:31.687 D/dalvikvm(  375): GC_EXPLICIT freed 1103K, 7% free 19134K/20364K, paused 3ms+11ms, total 107ms
05-22 14:35:32.288 I/Process (  375): Sending signal. PID: 3216 SIG: 3
05-22 14:35:32.288 I/dalvikvm( 3216): threadid=3: reacting to signal 3
05-22 14:35:32.499 E/ActivityManager(  375): ANR in com.pekall.emdm.launcher:remote
05-22 14:35:32.499 E/ActivityManager(  375): Reason: Executing service com.pekall.emdm.launcher/com.baidu.location.f
05-22 14:35:32.499 E/ActivityManager(  375): Load: 2.79 / 2.5 / 1.71
05-22 14:35:32.499 E/ActivityManager(  375): CPU usage from 6914ms to 0ms ago with 99% awake:
05-22 14:35:32.499 E/ActivityManager(  375):   90% 3379/com.pekall.emdm.launcher:remote: 90% user + 0% kernel
05-22 14:35:32.499 E/ActivityManager(  375):   84% 3216/com.pekall.emdm.launcher: 84% user + 0% kernel / faults: 28 minor
05-22 14:35:32.499 E/ActivityManager(  375):   10% 375/system_server: 8.5% user + 2% kernel / faults: 1701 minor 5 major
05-22 14:35:32.499 E/ActivityManager(  375):   2.4% 1150/com.android.launcher: 2% user + 0.4% kernel / faults: 213 minor
05-22 14:35:32.499 E/ActivityManager(  375):   2% 3164/kworker/0:0: 0% user + 2% kernel
05-22 14:35:32.499 E/ActivityManager(  375):   1.8% 134/adbd: 0.4% user + 1.4% kernel / faults: 13 minor
05-22 14:35:32.499 E/ActivityManager(  375):   0.8% 124/surfaceflinger: 0% user + 0.8% kernel / faults: 1702 minor
05-22 14:35:32.499 E/ActivityManager(  375):   0.5% 802/com.qihoo360.mobilesafe:GuardService: 0.4% user + 0.1% kernel / faults: 43 minor
05-22 14:35:32.499 E/ActivityManager(  375):   0.5% 1693/com.qihoo.daemon: 0.5% user + 0% kernel / faults: 127 minor
05-22 14:35:32.499 E/ActivityManager(  375):   0.4% 450/com.android.systemui: 0.4% user + 0% kernel / faults: 160 minor 2 major
05-22 14:35:32.499 E/ActivityManager(  375):   0.1% 81/mmcqd/0: 0% user + 0.1% kernel
05-22 14:35:32.499 E/ActivityManager(  375):   0% 92/dhd_dpc: 0% user + 0% kernel
05-22 14:35:32.499 E/ActivityManager(  375):   0% 123/rild: 0% user + 0% kernel / faults: 26 minor
05-22 14:35:32.499 E/ActivityManager(  375):   0% 580/com.android.phone: 0% user + 0% kernel / faults: 16 minor
05-22 14:35:32.499 E/ActivityManager(  375):   0% 587/com.android.nfc: 0% user + 0% kernel / faults: 31 minor
05-22 14:35:32.499 E/ActivityManager(  375):   0% 772/com.google.android.apps.maps:GoogleLocationService: 0% user + 0% kernel / faults: 35 minor
05-22 14:35:32.499 E/ActivityManager(  375):   0.1% 854/com.qihoo.appstore: 0% user + 0.1% kernel / faults: 8 minor
05-22 14:35:32.499 E/ActivityManager(  375):   0% 1064/com.dragon.android.pandaspace: 0% user + 0% kernel / faults: 126 minor
05-22 14:35:32.499 E/ActivityManager(  375):   0.1% 1309/com.dragon.android.pandaspace:bdservice_v1: 0.1% user + 0% kernel / faults: 28 minor
05-22 14:35:32.499 E/ActivityManager(  375):  +0% 3418/logcat: 0% user + 0% kernel
05-22 14:35:32.499 E/ActivityManager(  375): 100% TOTAL: 95% user + 4.6% kernel
05-22 14:35:32.499 E/ActivityManager(  375): CPU usage from 1839ms to 2377ms later:
05-22 14:35:32.499 E/ActivityManager(  375):   96% 3379/com.pekall.emdm.launcher:remote: 96% user + 0% kernel
05-22 14:35:32.499 E/ActivityManager(  375):     94% 3393/Thread-193: 94% user + 0% kernel
05-22 14:35:32.499 E/ActivityManager(  375):   94% 3216/com.pekall.emdm.launcher: 94% user + 0% kernel
05-22 14:35:32.499 E/ActivityManager(  375):     91% 3229/Thread-183: 91% user + 0% kernel
05-22 14:35:32.499 E/ActivityManager(  375):   5.5% 375/system_server: 0% user + 5.5% kernel
05-22 14:35:32.499 E/ActivityManager(  375):     7.4% 391/ActivityManager: 0% user + 7.4% kernel
05-22 14:35:32.499 E/ActivityManager(  375): 98% TOTAL: 95% user + 2.7% kernel
05-22 14:35:32.515 W/ActivityManager(  375): Killing ProcessRecord{426913c8 3379:com.pekall.emdm.launcher:remote/u0a10066}: background ANR
05-22 14:35:32.523 I/ActivityManager(  375): Process com.pekall.emdm.launcher:remote (pid 3379) has died.
05-22 14:35:32.523 W/ActivityManager(  375): Scheduling restart of crashed service com.pekall.emdm.launcher/com.baidu.location.f in 5000ms
05-22 14:35:32.538 D/dalvikvm( 3216): JIT unchain all for threadid=11
05-22 14:35:32.656 I/dalvikvm( 3216): Wrote stack traces to '/data/anr/traces.txt'
05-22 14:35:32.656 D/dalvikvm(  375): GC_FOR_ALLOC freed 2361K, 17% free 18118K/21664K, paused 123ms, total 124ms
05-22 14:35:32.656 D/ExchangeService( 3216): !!! EAS ExchangeService, onDestroy
05-22 14:35:36.859 D/dalvikvm(  802): GC_EXPLICIT freed 374K, 24% free 12164K/15964K, paused 3ms+5ms, total 57ms
05-22 14:35:37.538 D/dalvikvm( 3423): Late-enabling CheckJNI
05-22 14:35:37.538 I/ActivityManager(  375): Start proc com.pekall.emdm.launcher:remote for service com.pekall.emdm.launcher/com.baidu.location.f: pid=3423 uid=10066 gids={50066, 1015, 3002, 3001, 3003, 1028}
05-22 14:35:37.593 V/MyServiceConnection( 3423): [SConnection] sandbox service is NOT installed.
05-22 14:35:37.601 D/ScClassLoader( 3423): >> SOURCE FILE: /data/data/com.pekall.emdm.launcher/app_jars/sc-jdk15on-1.47.0.2.dex.jar
05-22 14:35:37.601 V/MyServiceConnection( 3423): [SConnection] binding service: pekall.intent.action.SANDBOX_SERVICE
05-22 14:35:37.663 D/dalvikvm( 3423): GC_CONCURRENT freed 143K, 2% free 9232K/9412K, paused 4ms+7ms, total 42ms
05-22 14:35:37.663 D/dalvikvm( 3423): WAIT_FOR_CONCURRENT_GC blocked 1ms
05-22 14:35:37.663 D/dalvikvm( 3423): WAIT_FOR_CONCURRENT_GC blocked 2ms
05-22 14:35:37.695 W/Parcel  (  802): Attempt to read object from Parcel 0x5ed47dac at offset 200 that is not in the object list
05-22 14:35:37.695 W/Parcel  (  802): Attempt to read object from Parcel 0x5f747dac at offset 200 that is not in the object list
05-22 14:35:37.695 D/Email   ( 3423): Email: init sandbox at the beginning.
05-22 14:35:37.695 V/MyServiceConnection( 3423): [SConnection] retry to bind service
05-22 14:35:37.702 V/MyServiceConnection( 3423): [SConnection] sandbox service is NOT installed.
05-22 14:35:37.702 V/MyServiceConnection( 3423): [SConnection] binding service: pekall.intent.action.SANDBOX_SERVICE
05-22 14:35:37.734 V/MyServiceConnection( 3423): [SConnection] retry to bind service
05-22 14:35:37.734 V/MyServiceConnection( 3423): [SConnection] sandbox service is NOT installed.
05-22 14:35:37.734 V/MyServiceConnection( 3423): [SConnection] binding service: pekall.intent.action.SANDBOX_SERVICE
05-22 14:35:37.741 V/l       ( 3423): Bind requested for task setLogging
05-22 14:35:37.741 D/ExchangeService( 3216): !!! EAS ExchangeService, onCreate
05-22 14:35:37.749 W/Parcel  (  802): Attempt to read object from Parcel 0x5e0dfdac at offset 200 that is not in the object list
05-22 14:35:37.757 D/ExchangeService( 3216): !!! EAS ExchangeService, onStartCommand, startingUp = false, running = false
05-22 14:35:37.757 D/ExchangeService( 3216): to start secureStorageService now
05-22 14:35:37.781 V/a       ( 3216): Bind requested for task test
05-22 14:35:37.788 V/a       ( 3216): Connected: com.pekall.semail.service.AccountServiceInternal
05-22 14:35:37.788 D/ExchangeService( 3216): Reconciling accounts...
05-22 14:35:37.788 V/a       ( 3216): Bind requested for task reconcileAccounts
05-22 14:35:37.788 V/a       ( 3216): Connection test succeeded in 11ms
05-22 14:35:37.796 V/a       ( 3216): Connected: com.pekall.semail.service.AccountServiceInternal
05-22 14:35:37.796 V/a       ( 3216): Task test completed; disconnecting
05-22 14:35:37.796 V/a       ( 3216): Waiting for task reconcileAccounts to complete...
05-22 14:35:37.804 D/dalvikvm( 3423): GC_CONCURRENT freed 188K, 3% free 9540K/9764K, paused 4ms+11ms, total 61ms
05-22 14:35:37.812 V/a       ( 3216): Task reconcileAccounts completed; disconnecting
05-22 14:35:37.812 V/a       ( 3216): Wait for reconcileAccounts finished in 20ms
05-22 14:35:37.960 W/DocumentManager( 3423): Sandbox service is not connected.
05-22 14:35:37.960 D/MessageControllerImpl( 3423): controller is null
05-22 14:35:37.960 V/MyServiceConnection( 3423): [SConnection] retry to bind service
05-22 14:35:37.960 V/MyServiceConnection( 3423): [SConnection] sandbox service is NOT installed.
05-22 14:35:37.960 V/MyServiceConnection( 3423): [SConnection] binding service: pekall.intent.action.SANDBOX_SERVICE
05-22 14:35:37.960 W/SQLiteOpenHelper( 3423): Opened /data/data/com.pekall.emdm.launcher/databases/message.db
05-22 14:35:37.960 D/ActivityThread( 3423): Loading provider com.pekall.semail.provider;com.pekall.semail.notifier: com.pekall.semail.provider.EmailProvider
05-22 14:35:37.968 W/dalvikvm( 3423): No implementation found for native Lcom/pekall/sandbox/database/sqlite/SQLiteDatabase;.native_setSqliteSoftHeapLimit:(I)V
05-22 14:35:37.968 D/AndroidRuntime( 3423): Shutting down VM
05-22 14:35:37.968 W/dalvikvm( 3423): threadid=1: thread exiting with uncaught exception (group=0x41993700)
05-22 14:35:37.968 D/        ( 3423): [---null: -1---]  Thread is main
05-22 14:35:37.968 W/System.err( 3423): java.lang.UnsatisfiedLinkError: Native method not found: com.pekall.sandbox.database.sqlite.SQLiteDatabase.native_setSqliteSoftHeapLimit:(I)V
05-22 14:35:37.968 W/System.err( 3423): 	at com.pekall.sandbox.database.sqlite.SQLiteDatabase.native_setSqliteSoftHeapLimit(Native Method)
05-22 14:35:37.968 W/System.err( 3423): 	at com.pekall.sandbox.database.sqlite.SQLiteDatabase.<init>(Unknown Source)
05-22 14:35:37.968 W/System.err( 3423): 	at com.pekall.sandbox.database.sqlite.SQLiteDatabase.openDatabase(Unknown Source)
05-22 14:35:37.968 W/System.err( 3423): 	at com.pekall.sandbox.database.sqlite.SQLiteDatabase.openDatabase(Unknown Source)
05-22 14:35:37.968 W/System.err( 3423): 	at com.pekall.sandbox.database.sqlite.SQLiteDatabase.openDatabase(Unknown Source)
05-22 14:35:37.968 W/System.err( 3423): 	at com.pekall.sandbox.database.sqlite.SQLiteOpenHelper.getWritableDatabase(Unknown Source)
05-22 14:35:37.968 W/System.err( 3423): 	at com.pekall.emdm.messagecenter.db.a.a(Unknown Source)
05-22 14:35:37.968 W/System.err( 3423): 	at com.pekall.emdm.messagecenter.db.a.b(Unknown Source)
05-22 14:35:37.968 W/System.err( 3423): 	at com.pekall.emdm.messagecenter.activity.a.onCreate(Unknown Source)
05-22 14:35:37.968 W/System.err( 3423): 	at com.pekall.emdm.launcher.LauncherApplication.onCreate(Unknown Source)
05-22 14:35:37.968 W/System.err( 3423): 	at android.app.Instrumentation.callApplicationOnCreate(Instrumentation.java:1007)
05-22 14:35:37.968 W/System.err( 3423): 	at android.app.ActivityThread.handleBindApplication(ActivityThread.java:4444)
05-22 14:35:37.968 W/System.err( 3423): 	at android.app.ActivityThread.access$1300(ActivityThread.java:141)
05-22 14:35:37.968 W/System.err( 3423): 	at android.app.ActivityThread$H.handleMessage(ActivityThread.java:1316)
05-22 14:35:37.968 W/System.err( 3423): 	at android.os.Handler.dispatchMessage(Handler.java:99)
05-22 14:35:37.968 W/System.err( 3423): 	at android.os.Looper.loop(Looper.java:137)
05-22 14:35:37.968 W/System.err( 3423): 	at android.app.ActivityThread.main(ActivityThread.java:5103)
05-22 14:35:37.968 W/System.err( 3423): 	at java.lang.reflect.Method.invokeNative(Native Method)
05-22 14:35:37.968 W/System.err( 3423): 	at java.lang.reflect.Method.invoke(Method.java:525)
05-22 14:35:37.968 W/System.err( 3423): 	at com.android.internal.os.ZygoteInit$MethodAndArgsCaller.run(ZygoteInit.java:737)
05-22 14:35:37.968 W/System.err( 3423): 	at com.android.internal.os.ZygoteInit.main(ZygoteInit.java:553)
05-22 14:35:37.968 W/System.err( 3423): 	at dalvik.system.NativeStart.main(Native Method)
05-22 14:35:38.015 D/ExchangeService( 3216): !!! EAS ExchangeService, stopping self
05-22 14:35:38.163 D/dalvikvm( 3423): GC_CONCURRENT freed 519K, 6% free 9433K/9992K, paused 4ms+3ms, total 47ms
05-22 14:35:38.281 D/ActivityThread( 3423): Loading provider com.pekall.semail.provider;com.pekall.semail.notifier: com.pekall.semail.provider.EmailProvider
05-22 14:35:38.656 W/EmailProvider( 3423): restoreIfNeeded...
05-22 14:35:38.788 W/EmailProvider( 3423): restoreIfNeeded: Account exists.
05-22 14:35:39.093 D/EmailProvider( 3423): Deleting orphans...
05-22 14:35:39.132 D/EmailProvider( 3423): EmailProvider pre-caching...
05-22 14:35:39.749 D/EmailProvider( 3423): EmailProvider ready.
05-22 14:35:40.687 W/Parcel  (  802): Attempt to read object from Parcel 0x5dfdfdac at offset 200 that is not in the object list
05-22 14:35:40.687 D/Email-MailService( 3216): action: reschedule
05-22 14:35:40.687 W/Parcel  (  802): Attempt to read object from Parcel 0x5ed47dac at offset 200 that is not in the object list
05-22 14:35:40.710 I/Email   ( 3423): Notifications being toggled: true
05-22 14:35:40.874 D/AttachmentService( 3216): Count: 0
05-22 14:35:40.874 D/AttachmentService( 3216): == Checking attachment queue, 0 entries
05-22 14:35:40.882 D/AttachmentService( 3216): *** All done; shutting down service
05-22 14:35:41.210 D/Email-MailService( 3216): reschedule: alarm cancel - no account to check
05-22 14:35:41.429 W/Email   ( 3423): Could not load INBOX for account id: 1
05-22 14:35:41.452 I/Email   ( 3423): Observing account changes for notifications
05-22 14:35:41.859 D/MDM :   ( 3216): [null:-1]->Location timeout, set latitude and longitude -1
05-22 14:35:41.960 D/dalvikvm(  802): GC_EXPLICIT freed 19K, 24% free 12146K/15964K, paused 3ms+4ms, total 101ms
05-22 14:35:42.523 D/dalvikvm( 3216): JIT unchain all for threadid=11
05-22 14:35:42.859 D/dalvikvm( 3216): JIT unchain all for threadid=11
05-22 14:35:42.999 D/dalvikvm( 3216): GC_CONCURRENT freed 4720K, 33% free 23803K/35120K, paused 274ms+275ms, total 727ms
05-22 14:35:43.257 D/CommandManager( 3216): [null:-1]->requestType: Location
05-22 14:35:43.695 D/MdmDatabaseHelper( 3216): [null:-1]->update command ae5d632e-daaa-43c7-96ba-a6ed31b52af0 to commandStatus <?xml version="1.0" encoding="UTF-8"?>
05-22 14:35:43.695 D/MdmDatabaseHelper( 3216): <!DOCTYPE plist PUBLIC "-//Apple//DTD PLIST 1.0//EN" "http://www.apple.com/DTDs/PropertyList-1.0.dtd">
05-22 14:35:43.695 D/MdmDatabaseHelper( 3216): <plist version="1.0">
05-22 14:35:43.695 D/MdmDatabaseHelper( 3216): <dict>
05-22 14:35:43.695 D/MdmDatabaseHelper( 3216): 	<key>Latitude</key>
05-22 14:35:43.695 D/MdmDatabaseHelper( 3216): 	<real>-1.0</real>
05-22 14:35:43.695 D/MdmDatabaseHelper( 3216): 	<key>Longitude</key>
05-22 14:35:43.695 D/MdmDatabaseHelper( 3216): 	<real>-1.0</real>
05-22 14:35:43.695 D/MdmDatabaseHelper( 3216): 	<key>CommandUUID</key>
05-22 14:35:43.695 D/MdmDatabaseHelper( 3216): 	<string>ae5d632e-daaa-43c7-96ba-a6ed31b52af0</string>
05-22 14:35:43.695 D/MdmDatabaseHelper( 3216): 	<key>Status</key>
05-22 14:35:43.695 D/MdmDatabaseHelper( 3216): 	<string>Error</string>
05-22 14:35:43.695 D/MdmDatabaseHelper( 3216): 	<key>UDID</key>
05-22 14:35:43.695 D/MdmDatabaseHelper( 3216): 	<string>00013fbc8ecec5b90000014622a3b70b</string>
05-22 14:35:43.695 D/MdmDatabaseHelper( 3216): </dict>
05-22 14:35:43.695 D/MdmDatabaseHelper( 3216): </plist>
05-22 14:35:43.890 I/TransInfo( 3216): TransInfo created, id: 3, class: class com.pekall.emdm.transaction.c.b
05-22 14:35:43.898 D/NetworkThread( 3216): [null:-1]->----isRunning-----true
05-22 14:35:43.898 D/NetworkThread( 3216): [null:-1]->----isRunning-----true
05-22 14:35:43.898 D/NetworkThread( 3216): [null:-1]->thread wakeup
05-22 14:35:43.906 D/NetworkThread( 3216): [null:-1]->sendHttpPost:PostRequest, url: http://192.168.10.21/rest/mdm/v1/ios/android_server, Params: [content:<?xml version="1.0" encoding="UTF-8"?>
05-22 14:35:43.906 D/NetworkThread( 3216): <!DOCTYPE plist PUBLIC "-//Apple//DTD PLIST 1.0//EN" "http://www.apple.com/DTDs/PropertyList-1.0.dtd">
05-22 14:35:43.906 D/NetworkThread( 3216): <plist version="1.0">
05-22 14:35:43.906 D/NetworkThread( 3216): <dict>
05-22 14:35:43.906 D/NetworkThread( 3216): 	<key>Latitude</key>
05-22 14:35:43.906 D/NetworkThread( 3216): 	<real>-1.0</real>
05-22 14:35:43.906 D/NetworkThread( 3216): 	<key>Longitude</key>
05-22 14:35:43.906 D/NetworkThread( 3216): 	<real>-1.0</real>
05-22 14:35:43.906 D/NetworkThread( 3216): 	<key>CommandUUID</key>
05-22 14:35:43.906 D/NetworkThread( 3216): 	<string>ae5d632e-daaa-43c7-96ba-a6ed31b52af0</string>
05-22 14:35:43.906 D/NetworkThread( 3216): 	<key>Status</key>
05-22 14:35:43.906 D/NetworkThread( 3216): 	<string>Error</string>
05-22 14:35:43.906 D/NetworkThread( 3216): 	<key>UDID</key>
05-22 14:35:43.906 D/NetworkThread( 3216): 	<string>00013fbc8ecec5b90000014622a3b70b</string>
05-22 14:35:43.906 D/NetworkThread( 3216): </dict>
05-22 14:35:43.906 D/NetworkThread( 3216): </plist>], 
05-22 14:35:43.906 D/HttpClient( 3216): enable apache.http debug
05-22 14:35:43.929 V/DEBUG   ( 3216): HTTP 0
05-22 14:35:44.202 D/MDM :   ( 3216): [null:-1]->statusCode : 200
05-22 14:35:44.202 D/MDM :   ( 3216): [null:-1]->statusCode : 200
05-22 14:35:44.202 V/DEBUG   ( 3216): HTTP 1
05-22 14:35:44.202 D/MDM :   ( 3216): [null:-1]->Get joson string: 
05-22 14:35:44.202 D/MdmDatabaseHelper( 3216): [null:-1]->update command ae5d632e-daaa-43c7-96ba-a6ed31b52af0 to status executed
05-22 14:35:44.234 D/NetworkThread( 3216): [null:-1]->clear mCurrentTransInfo
05-22 14:35:44.234 D/NetworkThread( 3216): [null:-1]->queue is empty, thread wait...
05-22 14:35:44.304 D/MdmService( 3216): [null:-1]->handleCheckInResult
05-22 14:35:44.304 D/MdmService( 3216): [null:-1]->handleCheckInResult result keyIndex: 3
05-22 14:35:44.304 D/HandleCommandTask( 3216): [null:-1]->execute command msg but beanBase is null
05-22 14:35:44.304 D/MdmStatusManager( 3216): [null:-1]->change status to : Idle
