05-22 14:47:58.320 D/Email   ( 3216): Valid Host auth send? true
05-22 14:47:58.327 D/Email   ( 3216): [User] action setup user
05-22 14:47:58.327 W/Parcel  (  802): Attempt to read object from Parcel 0x5e0dfdac at offset 200 that is not in the object list
05-22 14:47:58.327 I/ActivityManager(  375): START u0 {flg=0x2000000 cmp=com.pekall.emdm.launcher/com.pekall.semail.activity.setup.AccountSetupUser} from pid 3216
05-22 14:47:58.335 D/ExchangeService( 3216): !!! EAS ExchangeService, onStartCommand, startingUp = false, running = false
05-22 14:47:58.335 D/ExchangeService( 3216): to start secureStorageService now
05-22 14:47:58.374 V/a       ( 3216): Bind requested for task test
05-22 14:47:58.484 D/Email   ( 3216): [User] AccountSetupUserFragment onCreate
05-22 14:47:58.491 D/Email   ( 3216): [User] AccountSetupUserFragment onCreateView
05-22 14:47:58.491 W/ResourceType( 3216): Failure getting entry for 0x7f1100f9 (t=16 e=249) in package 0 (error -75)
05-22 14:47:58.491 W/ResourceType( 3216): Failure getting entry for 0x7f1100f9 (t=16 e=249) in package 0 (error -75)
05-22 14:47:58.491 W/MountService(  375): getVolumeState(/mnt/sdcard/ext_sd): Unknown volume
05-22 14:47:58.538 W/MountService(  375): getVolumeState(/storage/extSdCard): Unknown volume
05-22 14:47:58.546 W/MountService(  375): getVolumeState(/storage/sdcard1): Unknown volume
05-22 14:47:58.546 W/MountService(  375): getVolumeState(/mnt/sdcard/external_SD): Unknown volume
05-22 14:47:58.554 D/ExchangeService( 3216): Reconciling accounts...
05-22 14:47:58.554 V/a       ( 3216): Bind requested for task reconcileAccounts
05-22 14:47:58.554 D/Email   ( 3216): [User] AccountSetupUserFragment onActivityCreated
05-22 14:47:58.554 V/LauncherApplication( 3216): onActivityStarted
05-22 14:47:58.554 D/Email   ( 3216): [User] AccountSetupUserFragment onStart
05-22 14:47:58.554 D/        ( 3216): [---null: -1---]     awsa  onActivityResumed
05-22 14:47:58.554 V/LauncherApplication( 3216): 2MdmConstant.LAST_LAUNCH_TIME = 1400741278290
05-22 14:47:58.554 V/a       ( 3216): Waiting for task reconcileAccounts to complete...
05-22 14:47:58.562 W/MountService(  375): getVolumeState(/mnt/sdcard/external_sd): Unknown volume
05-22 14:47:58.570 D/        ( 3216): [---null: -1---]  activity = com.pekall.semail.activity.setup.AccountSetupUser
05-22 14:47:58.570 V/DefultSetContriller( 3216): isLauncherDf = com.pekall.emdm.launcher
05-22 14:47:58.577 V/DefultSetContriller( 3216): isPhoneDf = com.pekall.emdm.launcher
05-22 14:47:58.577 E/LauncherApplication( 3216): isShowLogoutUI = true
05-22 14:47:58.577 E/LauncherApplication( 3216): LogoutShowTime 1
05-22 14:47:58.577 D/Email   ( 3216): [User] AccountSetupUserFragment onResume
05-22 14:47:58.577 E/Email   ( 3216): [User] Get user name from configuration 'zhenhua.sang@pekall.com'
05-22 14:47:58.577 D/Email   ( 3216): [User] on enable proceed buttons
05-22 14:47:58.577 D/Email   ( 3216): [User] on enable proceed buttons
05-22 14:47:58.718 D/dalvikvm( 1693): GC_CONCURRENT freed 398K, 18% free 9459K/11532K, paused 18ms+2ms, total 149ms
05-22 14:47:58.741 V/a       ( 3216): Connected: com.pekall.semail.service.AccountServiceInternal
05-22 14:47:58.749 V/a       ( 3216): Connected: com.pekall.semail.service.AccountServiceInternal
05-22 14:47:58.765 V/a       ( 3216): Connection test succeeded in 391ms
05-22 14:47:58.765 V/a       ( 3216): Task test completed; disconnecting
05-22 14:47:58.773 V/a       ( 3216): Task reconcileAccounts completed; disconnecting
05-22 14:47:58.773 V/a       ( 3216): Wait for reconcileAccounts finished in 218ms
05-22 14:47:58.827 I/ActivityManager(  375): Displayed com.pekall.emdm.launcher/com.pekall.semail.activity.setup.AccountSetupUser: +488ms (total +545ms)
05-22 14:47:58.843 D/ExchangeService( 3216): !!! EAS ExchangeService, stopping self
05-22 14:47:58.960 D/ExchangeService( 3216): !!! EAS ExchangeService, onDestroy
05-22 14:47:59.085 D/dalvikvm(  527): GC_CONCURRENT freed 366K, 4% free 9872K/10272K, paused 3ms+15ms, total 64ms
05-22 14:47:59.468 D/dalvikvm( 1024): GC_EXPLICIT freed 265K, 6% free 9235K/9752K, paused 4ms+7ms, total 45ms
05-22 14:47:59.632 W/MountService(  375): getVolumeState(/storage/emulated/0/external_sd): Unknown volume
05-22 14:47:59.632 W/MountService(  375): getVolumeState(/mnt/sdcard-ext): Unknown volume
05-22 14:47:59.632 W/MountService(  375): getVolumeState(/mnt/ext_sdcard): Unknown volume
05-22 14:47:59.640 W/MountService(  375): getVolumeState(/mnt/sdcard2): Unknown volume
05-22 14:47:59.640 W/MountService(  375): getVolumeState(/mnt/emmc): Unknown volume
05-22 14:47:59.640 W/MountService(  375): getVolumeState(/mnt/extSdCard): Unknown volume
05-22 14:47:59.640 W/MountService(  375): getVolumeState(/mnt/sdcard/SD_CARD): Unknown volume
05-22 14:47:59.648 W/MountService(  375): getVolumeState(/mnt/sdcard/extra_sd): Unknown volume
05-22 14:47:59.648 W/MountService(  375): getVolumeState(/mnt/extrasd_bind): Unknown volume
05-22 14:47:59.656 W/MountService(  375): getVolumeState(/mnt/sdcard/ext_sd): Unknown volume
05-22 14:47:59.656 W/MountService(  375): getVolumeState(/storage/extSdCard): Unknown volume
05-22 14:47:59.656 W/MountService(  375): getVolumeState(/storage/sdcard1): Unknown volume
05-22 14:47:59.656 W/MountService(  375): getVolumeState(/mnt/sdcard/external_SD): Unknown volume
05-22 14:47:59.656 W/MountService(  375): getVolumeState(/mnt/sdcard/external_sd): Unknown volume
05-22 14:47:59.702 D/dalvikvm( 1693): GC_CONCURRENT freed 416K, 18% free 9554K/11532K, paused 5ms+16ms, total 88ms
05-22 14:47:59.702 D/dalvikvm( 1693): WAIT_FOR_CONCURRENT_GC blocked 5ms
05-22 14:48:00.077 I/QueryController( 4819): Matched selector: UiSelector[TEXT=Account setup] <<==>> [android.view.accessibility.AccessibilityNodeInfo@41b75; boundsInParent: Rect(0, 0 - 231, 48); boundsInScreen: Rect(90, 74 - 321, 122); packageName: com.pekall.emdm.launcher; className: android.widget.TextView; text: Account setup; contentDescription: null; viewIdResName: android:id/action_bar_title; checkable: false; checked: false; focusable: false; focused: false; selected: false; clickable: false; longClickable: false; enabled: true; password: false; scrollable: false; [ACTION_SELECT, ACTION_CLEAR_SELECTION, ACTION_ACCESSIBILITY_FOCUS, ACTION_NEXT_AT_MOVEMENT_GRANULARITY, ACTION_PREVIOUS_AT_MOVEMENT_GRANULARITY, ACTION_SET_SELECTION]]
05-22 14:48:00.116 I/QueryController( 4819): Matched selector: UiSelector[CLASS=android.widget.EditText, DESCRIPTION=Email address] <<==>> [android.view.accessibility.AccessibilityNodeInfo@3b9db; boundsInParent: Rect(0, 0 - 656, 64); boundsInScreen: Rect(32, 353 - 688, 417); packageName: com.pekall.emdm.launcher; className: android.widget.EditText; text: zhenhua.sang@pekall.com; contentDescription: Email address; viewIdResName: com.pekall.emdm.launcher:id/account_email; checkable: false; checked: false; focusable: true; focused: true; selected: false; clickable: true; longClickable: true; enabled: true; password: false; scrollable: false; [ACTION_CLEAR_FOCUS, ACTION_SELECT, ACTION_CLEAR_SELECTION, ACTION_CLICK, ACTION_LONG_CLICK, ACTION_ACCESSIBILITY_FOCUS, ACTION_NEXT_AT_MOVEMENT_GRANULARITY, ACTION_PREVIOUS_AT_MOVEMENT_GRANULARITY, ACTION_SET_SELECTION]]
05-22 14:48:01.741 I/QueryController( 4819): Matched selector: UiSelector[CONTAINS_DESCRIPTION=Select all] <<==>> [android.view.accessibility.AccessibilityNodeInfo@43d3e; boundsInParent: Rect(0, 0 - 112, 96); boundsInScreen: Rect(384, 50 - 496, 146); packageName: com.pekall.emdm.launcher; className: android.widget.TextView; text: null; contentDescription: Select all; viewIdResName: android:id/selectAll; checkable: false; checked: false; focusable: true; focused: false; selected: false; clickable: true; longClickable: true; enabled: true; password: false; scrollable: false; [ACTION_FOCUS, ACTION_SELECT, ACTION_CLEAR_SELECTION, ACTION_CLICK, ACTION_LONG_CLICK, ACTION_ACCESSIBILITY_FOCUS]]
05-22 14:48:01.773 I/dalvikvm( 3216): Jit: resizing JitTable from 8192 to 16384
05-22 14:48:02.023 D/dalvikvm( 3216): JIT unchain all for threadid=11
05-22 14:48:02.210 I/QueryController( 4819): Matched selector: UiSelector[CONTAINS_DESCRIPTION=Select all] <<==>> [android.view.accessibility.AccessibilityNodeInfo@43d3e; boundsInParent: Rect(0, 0 - 112, 96); boundsInScreen: Rect(384, 50 - 496, 146); packageName: com.pekall.emdm.launcher; className: android.widget.TextView; text: null; contentDescription: Select all; viewIdResName: android:id/selectAll; checkable: false; checked: false; focusable: true; focused: false; selected: false; clickable: true; longClickable: true; enabled: true; password: false; scrollable: false; [ACTION_FOCUS, ACTION_SELECT, ACTION_CLEAR_SELECTION, ACTION_CLICK, ACTION_LONG_CLICK, ACTION_ACCESSIBILITY_FOCUS]]
05-22 14:48:02.366 D/InteractionController( 4819): clickAndSync(440, 98)
05-22 14:48:05.476 W/InteractionController( 4819): runAndwaitForEvent timedout waiting for events
05-22 14:48:05.820 D/Email   ( 3216): [User] on enable proceed buttons
05-22 14:48:06.656 I/QueryController( 4819): Matched selector: UiSelector[CLASS=android.widget.EditText, DESCRIPTION=Email address] <<==>> [android.view.accessibility.AccessibilityNodeInfo@3b9db; boundsInParent: Rect(0, 0 - 656, 64); boundsInScreen: Rect(32, 353 - 688, 417); packageName: com.pekall.emdm.launcher; className: android.widget.EditText; text: User name; contentDescription: Email address; viewIdResName: com.pekall.emdm.launcher:id/account_email; checkable: false; checked: false; focusable: true; focused: true; selected: false; clickable: true; longClickable: true; enabled: true; password: false; scrollable: false; [ACTION_CLEAR_FOCUS, ACTION_SELECT, ACTION_CLEAR_SELECTION, ACTION_CLICK, ACTION_LONG_CLICK, ACTION_ACCESSIBILITY_FOCUS]]
05-22 14:48:08.976 D/Email   ( 3216): [User] on enable proceed buttons
05-22 14:48:08.999 D/Email   ( 3216): [User] on enable proceed buttons
05-22 14:48:09.015 D/Email   ( 3216): [User] on enable proceed buttons
05-22 14:48:09.038 D/Email   ( 3216): [User] on enable proceed buttons
05-22 14:48:09.054 D/Email   ( 3216): [User] on enable proceed buttons
05-22 14:48:09.077 D/Email   ( 3216): [User] on enable proceed buttons
05-22 14:48:09.085 D/Email   ( 3216): [User] on enable proceed buttons
05-22 14:48:09.109 D/Email   ( 3216): [User] on enable proceed buttons
05-22 14:48:09.132 D/Email   ( 3216): [User] on enable proceed buttons
05-22 14:48:09.156 D/Email   ( 3216): [User] on enable proceed buttons
05-22 14:48:09.179 D/Email   ( 3216): [User] on enable proceed buttons
05-22 14:48:09.187 D/Email   ( 3216): [User] on enable proceed buttons
05-22 14:48:09.202 D/Email   ( 3216): [User] on enable proceed buttons
05-22 14:48:09.234 D/Email   ( 3216): [User] on enable proceed buttons
05-22 14:48:09.249 D/Email   ( 3216): [User] on enable proceed buttons
05-22 14:48:09.257 D/Email   ( 3216): [User] on enable proceed buttons
05-22 14:48:09.281 D/Email   ( 3216): [User] on enable proceed buttons
05-22 14:48:09.288 D/Email   ( 3216): [User] on enable proceed buttons
05-22 14:48:09.304 D/Email   ( 3216): [User] on enable proceed buttons
05-22 14:48:09.327 D/Email   ( 3216): [User] on enable proceed buttons
05-22 14:48:09.351 D/Email   ( 3216): [User] on enable proceed buttons
05-22 14:48:09.366 D/Email   ( 3216): [User] on enable proceed buttons
05-22 14:48:09.382 D/Email   ( 3216): [User] on enable proceed buttons
05-22 14:48:09.968 I/QueryController( 4819): Matched selector: UiSelector[CLASS=android.widget.EditText, DESCRIPTION=Password] <<==>> [android.view.accessibility.AccessibilityNodeInfo@3f5eb; boundsInParent: Rect(0, 0 - 656, 65); boundsInScreen: Rect(32, 425 - 688, 490); packageName: com.pekall.emdm.launcher; className: android.widget.EditText; text: null; contentDescription: Password; viewIdResName: com.pekall.emdm.launcher:id/account_password; checkable: false; checked: false; focusable: true; focused: false; selected: false; clickable: true; longClickable: true; enabled: true; password: true; scrollable: false; [ACTION_FOCUS, ACTION_SELECT, ACTION_CLEAR_SELECTION, ACTION_CLICK, ACTION_LONG_CLICK, ACTION_ACCESSIBILITY_FOCUS]]
05-22 14:48:10.499 W/View    ( 3216): couldn't find view with id 2131296416
05-22 14:48:10.679 D/dalvikvm(  450): GC_CONCURRENT freed 1579K, 12% free 12976K/14592K, paused 2ms+4ms, total 57ms
05-22 14:48:12.382 I/QueryController( 4819): Matched selector: UiSelector[CLASS=android.widget.EditText, DESCRIPTION=Password] <<==>> [android.view.accessibility.AccessibilityNodeInfo@3f5eb; boundsInParent: Rect(0, 0 - 656, 65); boundsInScreen: Rect(32, 425 - 688, 490); packageName: com.pekall.emdm.launcher; className: android.widget.EditText; text: null; contentDescription: Password; viewIdResName: com.pekall.emdm.launcher:id/account_password; checkable: false; checked: false; focusable: true; focused: true; selected: false; clickable: true; longClickable: true; enabled: true; password: true; scrollable: false; [ACTION_CLEAR_FOCUS, ACTION_SELECT, ACTION_CLEAR_SELECTION, ACTION_CLICK, ACTION_LONG_CLICK, ACTION_ACCESSIBILITY_FOCUS]]
05-22 14:48:13.116 D/dalvikvm( 1064): GC_CONCURRENT freed 495K, 6% free 9364K/9908K, paused 1ms+2ms, total 16ms
05-22 14:48:14.671 D/Email   ( 3216): [User] on enable proceed buttons
05-22 14:48:14.695 D/Email   ( 3216): [User] on enable proceed buttons
05-22 14:48:14.726 D/Email   ( 3216): [User] on enable proceed buttons
05-22 14:48:14.757 D/Email   ( 3216): [User] on enable proceed buttons
05-22 14:48:14.773 D/Email   ( 3216): [User] on enable proceed buttons
05-22 14:48:14.796 D/Email   ( 3216): [User] on enable proceed buttons
05-22 14:48:15.413 I/QueryController( 4819): Matched selector: UiSelector[TEXT=Done, CLASS=android.widget.Button, PACKAGE NAME=com.pekall.emdm.launcher] <<==>> [android.view.accessibility.AccessibilityNodeInfo@3fd6d; boundsInParent: Rect(0, 0 - 656, 80); boundsInScreen: Rect(32, 650 - 688, 730); packageName: com.pekall.emdm.launcher; className: android.widget.Button; text: Done; contentDescription: null; viewIdResName: com.pekall.emdm.launcher:id/complete; checkable: false; checked: false; focusable: true; focused: false; selected: false; clickable: true; longClickable: false; enabled: true; password: false; scrollable: false; [ACTION_FOCUS, ACTION_SELECT, ACTION_CLEAR_SELECTION, ACTION_CLICK, ACTION_ACCESSIBILITY_FOCUS, ACTION_NEXT_AT_MOVEMENT_GRANULARITY, ACTION_PREVIOUS_AT_MOVEMENT_GRANULARITY, ACTION_SET_SELECTION]]
05-22 14:48:15.413 D/InteractionController( 4819): clickAndWaitForNewWindow(360, 690)
05-22 14:48:15.531 D/Email   ( 3216): [User] complete, verify user with server
05-22 14:48:15.531 D/Email   ( 3216): [User] initial userName 'zhenhua.sang@pekall.com', userPassword '432911'
05-22 14:48:15.531 D/Email   ( 3216): [User] initial display name 'John', sender name 'John'
05-22 14:48:15.531 D/Email   ( 3216): Host auth recv id: 3
05-22 14:48:15.538 D/Email   ( 3216): Valid Host auth recv? true
05-22 14:48:15.538 D/Email   ( 3216): Host auth send id: 4
05-22 14:48:15.538 D/Email   ( 3216): Valid Host auth send? true
05-22 14:48:15.538 D/Email   ( 3216): [User] on proceed next
05-22 14:48:15.546 D/Email   ( 3216): Begin check of incoming email settings
05-22 14:48:15.554 D/Email   ( 3216): Valid Host auth recv? true
05-22 14:48:15.616 D/Email   ( 3216): Valid Host auth recv? true
05-22 14:48:15.640 D/Email   ( 3216): *** IMAP open mail.pekall.com:993
05-22 14:48:15.773 W/SSLCertificateSocketFactory( 3216): Bypassing SSL security checks at caller's request
05-22 14:48:15.851 D/Email   ( 3216): <<< #null# ["OK", "mail.pekall.com Zimbra IMAP4rev1 server ready"]
05-22 14:48:15.851 D/Email   ( 3216): >>> 1 CAPABILITY
05-22 14:48:15.866 D/Email   ( 3216): <<< #null# ["CAPABILITY", "IMAP4rev1", "AUTH=PLAIN", "ACL", "BINARY", "CATENATE", "CHILDREN", "CONDSTORE", "ENABLE", "ESEARCH", "ESORT", "I18NLEVEL=1", "ID", "IDLE", "LIST-EXTENDED", "LIST-STATUS", "LITERAL+", "LOGIN-REFERRALS", "MULTIAPPEND", "NAMESPACE", "QRESYNC", "QUOTA", "RIGHTS=ektx", "SASL-IR", "SEARCHRES", "SORT", "THREAD=ORDEREDSUBJECT", "UIDPLUS", "UNSELECT", "WITHIN", "XLIST"]
05-22 14:48:15.866 D/Email   ( 3216): <<< #1# ["OK", "CAPABILITY completed"]
05-22 14:48:15.882 D/Email   ( 3216): >>> 2 ID ("name" "com.pekall.emdm.launcher" "os" "android" "os-version" "4.3; JWR66Y" "vendor" "samsung" "x-android-device-model" "Galaxy Nexus" "AGUID" "HLZ8G18joGkJZk+0EpDZPnif6R8=")
05-22 14:48:15.898 D/Email   ( 3216): <<< #null# ["ID", ["NAME", "Zimbra", "VERSION", "8.0.4_GA_5737", "RELEASE", "20130524120036"]]
05-22 14:48:15.898 D/Email   ( 3216): <<< #2# ["OK", "ID completed"]
05-22 14:48:15.898 D/Email   ( 3216): >>> 3 LOGIN zhenhua.sang@pekall.com "432911"
05-22 14:48:15.913 D/Email   ( 3216): <<< #3# ["OK", ["CAPABILITY", "IMAP4rev1", "ACL", "BINARY", "CATENATE", "CHILDREN", "CONDSTORE", "ENABLE", "ESEARCH", "ESORT", "I18NLEVEL=1", "ID", "IDLE", "LIST-EXTENDED", "LIST-STATUS", "LITERAL+", "LOGIN-REFERRALS", "MULTIAPPEND", "NAMESPACE", "QRESYNC", "QUOTA", "RIGHTS=ektx", "SASL-IR", "SEARCHRES", "SORT", "THREAD=ORDEREDSUBJECT", "UIDPLUS", "UNSELECT", "WITHIN", "XLIST"], "LOGIN completed"]
05-22 14:48:15.913 D/Email   ( 3216): >>> 4 NAMESPACE
05-22 14:48:15.913 D/Email   ( 3216): <<< #null# ["NAMESPACE", [["", "/"]], [["/home/", "/"]], ]
05-22 14:48:15.921 D/Email   ( 3216): <<< #4# ["OK", "NAMESPACE completed"]
05-22 14:48:15.921 D/Email   ( 3216): Begin check of outgoing email settings
05-22 14:48:15.929 D/Email   ( 3216): Valid Host auth send? true
05-22 14:48:15.929 D/Email   ( 3216): Valid Host auth send? true
05-22 14:48:15.929 D/Email   ( 3216): Valid Host auth send? true
05-22 14:48:15.929 D/Email   ( 3216): *** IMAP open mail.pekall.com:465
05-22 14:48:16.031 D/Email   ( 3216): <<< 220 mail.pekall.com ESMTP Postfix
05-22 14:48:16.031 D/Email   ( 3216): >>> EHLO [192.168.8.144]
05-22 14:48:16.038 D/Email   ( 3216): <<< 250-mail.pekall.com
05-22 14:48:16.038 D/Email   ( 3216): <<< 250-PIPELINING
05-22 14:48:16.038 D/Email   ( 3216): <<< 250-SIZE 102400000
05-22 14:48:16.038 D/Email   ( 3216): <<< 250-VRFY
05-22 14:48:16.038 D/Email   ( 3216): <<< 250-ETRN
05-22 14:48:16.038 D/Email   ( 3216): <<< 250-AUTH PLAIN LOGIN
05-22 14:48:16.038 D/Email   ( 3216): <<< 250-AUTH=PLAIN LOGIN
05-22 14:48:16.038 D/Email   ( 3216): <<< 250-ENHANCEDSTATUSCODES
05-22 14:48:16.038 D/Email   ( 3216): <<< 250-8BITMIME
05-22 14:48:16.038 D/Email   ( 3216): <<< 250 DSN
05-22 14:48:16.038 D/Email   ( 3216): >>> AUTH PLAIN AHpoZW5odWEuc2FuZ0BwZWthbGwuY29tADQzMjkxMQ==
05-22 14:48:16.085 D/Email   ( 3216): <<< 235 2.7.0 Authentication successful
05-22 14:48:16.124 D/Email   ( 3216): [User] AccountSetupUserFragment saveSettingsAfterSetup
05-22 14:48:16.132 W/InputMethodManagerService(  375): Window already focused, ignoring focus gain of: com.android.internal.view.IInputMethodClient$Stub$Proxy@42751170 attribute=null, token = android.os.BinderProxy@4264a8d0
05-22 14:48:16.148 D/Email   ( 3216): [User] Account is changed during setup user.
05-22 14:48:16.148 D/Email   ( 3216): [User] Account is changed during setup user.
05-22 14:48:16.187 D/Email   ( 3216): Valid Host auth recv? true
05-22 14:48:16.226 D/Email   ( 3216): Valid Host auth send? true
05-22 14:48:16.234 W/Email   ( 3216): Could not load INBOX for account id: 2
05-22 14:48:16.257 D/Email   ( 3216): [User] on check settings complete, result: 0
05-22 14:48:16.257 W/Parcel  (  802): Attempt to read object from Parcel 0x5f747dac at offset 200 that is not in the object list
05-22 14:48:16.257 I/ActivityManager(  375): START u0 {cmp=com.pekall.emdm.launcher/com.pekall.semail.activity.Welcome} from pid 3216
05-22 14:48:16.281 W/Email   ( 3216): Could not load INBOX for account id: 2
05-22 14:48:16.359 D/dalvikvm(  375): GC_FOR_ALLOC freed 1982K, 18% free 17931K/21608K, paused 62ms, total 64ms
05-22 14:48:16.366 D/Email   ( 3216): [User] AccountSetupUserFragment onPause
05-22 14:48:16.382 D/LauncherApplication( 3216): [null:-1]->onActivityPaused
05-22 14:48:16.390 D/LauncherApplication( 3216): [null:-1]->onActivityPaused  updateTime
05-22 14:48:16.421 W/Parcel  (  802): Attempt to read object from Parcel 0x5dfdfdac at offset 200 that is not in the object list
05-22 14:48:16.429 W/Email   ( 3216): Could not load INBOX for account id: 2
05-22 14:48:16.429 D/Email   ( 3216): Host auth recv id: 3
05-22 14:48:16.429 D/Email   ( 3216): Valid Host auth recv? true
05-22 14:48:16.437 I/Email   ( 3216): Inbox not found.  Starting mailbox finder...
05-22 14:48:16.437 E/Email   ( 3216): Adding new waiting sync message view
05-22 14:48:16.702 D/dalvikvm( 3216): JIT unchain all for threadid=11
05-22 14:48:17.054 D/dalvikvm( 3216): JIT unchain all for threadid=11
05-22 14:48:17.101 V/LauncherApplication( 3216): onActivityStarted
05-22 14:48:17.101 D/        ( 3216): [---null: -1---]     awsa  onActivityResumed
05-22 14:48:17.101 V/LauncherApplication( 3216): 2MdmConstant.LAST_LAUNCH_TIME = 1400741296399
05-22 14:48:17.116 D/dalvikvm( 3216): GC_CONCURRENT freed 6498K, 24% free 29455K/38456K, paused 272ms+275ms, total 659ms
05-22 14:48:17.124 D/        ( 3216): [---null: -1---]  activity = com.pekall.semail.activity.Welcome
05-22 14:48:17.148 V/DefultSetContriller( 3216): isLauncherDf = com.pekall.emdm.launcher
05-22 14:48:17.156 V/DefultSetContriller( 3216): isPhoneDf = com.pekall.emdm.launcher
05-22 14:48:17.156 E/LauncherApplication( 3216): isShowLogoutUI = true
05-22 14:48:17.156 E/LauncherApplication( 3216): LogoutShowTime 1
05-22 14:48:17.179 D/ExchangeService( 3216): !!! EAS ExchangeService, onCreate
05-22 14:48:17.179 D/ExchangeService( 3216): !!! EAS ExchangeService, onStartCommand, startingUp = false, running = false
05-22 14:48:17.179 D/ExchangeService( 3216): to start secureStorageService now
05-22 14:48:17.179 D/Email   ( 3216): [User] Handle reset setup data.
05-22 14:48:17.179 W/Parcel  (  802): Attempt to read object from Parcel 0x5e0dfdac at offset 200 that is not in the object list
05-22 14:48:17.179 V/a       ( 3216): Bind requested for task test
05-22 14:48:17.187 D/ExchangeService( 3216): Reconciling accounts...
05-22 14:48:17.187 V/a       ( 3216): Bind requested for task reconcileAccounts
05-22 14:48:17.202 V/a       ( 3216): Waiting for task reconcileAccounts to complete...
05-22 14:48:17.257 D/ExchangeService( 3216): !!! EAS ExchangeService, onStartCommand, startingUp = true, running = false
05-22 14:48:17.273 I/Email   ( 3216): MailboxFinder: Starting network lookup.
05-22 14:48:17.304 V/a       ( 3216): Connected: com.pekall.semail.service.AccountServiceInternal
05-22 14:48:17.312 I/ActivityManager(  375): Displayed com.pekall.emdm.launcher/com.pekall.semail.activity.Welcome: +922ms
05-22 14:48:17.312 V/a       ( 3216): Connected: com.pekall.semail.service.AccountServiceInternal
05-22 14:48:17.320 V/a       ( 3216): Connection test succeeded in 136ms
05-22 14:48:17.335 V/a       ( 3216): Task test completed; disconnecting
05-22 14:48:17.335 V/a       ( 3216): Task reconcileAccounts completed; disconnecting
05-22 14:48:17.335 V/a       ( 3216): Wait for reconcileAccounts finished in 130ms
05-22 14:48:17.351 D/ExchangeService( 3216): !!! EAS ExchangeService, stopping self
05-22 14:48:17.359 I/Email   ( 3216): MailboxFinder: updateMailboxListCallback
05-22 14:48:17.359 D/ExchangeService( 3216): !!! EAS ExchangeService, onDestroy
05-22 14:48:17.366 D/Email   ( 3216): Host auth recv id: 3
05-22 14:48:17.366 D/Email   ( 3216): Valid Host auth recv? true
05-22 14:48:17.366 D/Email   ( 3216): *** IMAP open mail.pekall.com:993
05-22 14:48:17.398 D/Email   ( 3216): <<< #null# ["OK", "mail.pekall.com Zimbra IMAP4rev1 server ready"]
05-22 14:48:17.398 D/Email   ( 3216): >>> 1 CAPABILITY
05-22 14:48:17.413 D/Email   ( 3216): <<< #null# ["CAPABILITY", "IMAP4rev1", "AUTH=PLAIN", "ACL", "BINARY", "CATENATE", "CHILDREN", "CONDSTORE", "ENABLE", "ESEARCH", "ESORT", "I18NLEVEL=1", "ID", "IDLE", "LIST-EXTENDED", "LIST-STATUS", "LITERAL+", "LOGIN-REFERRALS", "MULTIAPPEND", "NAMESPACE", "QRESYNC", "QUOTA", "RIGHTS=ektx", "SASL-IR", "SEARCHRES", "SORT", "THREAD=ORDEREDSUBJECT", "UIDPLUS", "UNSELECT", "WITHIN", "XLIST"]
05-22 14:48:17.413 D/Email   ( 3216): <<< #1# ["OK", "CAPABILITY completed"]
05-22 14:48:17.413 D/Email   ( 3216): >>> 2 ID ("name" "com.pekall.emdm.launcher" "os" "android" "os-version" "4.3; JWR66Y" "vendor" "samsung" "x-android-device-model" "Galaxy Nexus" "AGUID" "HLZ8G18joGkJZk+0EpDZPnif6R8=")
05-22 14:48:17.429 D/Email   ( 3216): <<< #null# ["ID", ["NAME", "Zimbra", "VERSION", "8.0.4_GA_5737", "RELEASE", "20130524120036"]]
05-22 14:48:17.429 D/Email   ( 3216): <<< #2# ["OK", "ID completed"]
05-22 14:48:17.429 D/Email   ( 3216): >>> 3 LOGIN zhenhua.sang@pekall.com "432911"
05-22 14:48:17.445 D/Email   ( 3216): <<< #3# ["OK", ["CAPABILITY", "IMAP4rev1", "ACL", "BINARY", "CATENATE", "CHILDREN", "CONDSTORE", "ENABLE", "ESEARCH", "ESORT", "I18NLEVEL=1", "ID", "IDLE", "LIST-EXTENDED", "LIST-STATUS", "LITERAL+", "LOGIN-REFERRALS", "MULTIAPPEND", "NAMESPACE", "QRESYNC", "QUOTA", "RIGHTS=ektx", "SASL-IR", "SEARCHRES", "SORT", "THREAD=ORDEREDSUBJECT", "UIDPLUS", "UNSELECT", "WITHIN", "XLIST"], "LOGIN completed"]
05-22 14:48:17.445 D/Email   ( 3216): >>> 4 NAMESPACE
05-22 14:48:17.452 D/Email   ( 3216): <<< #null# ["NAMESPACE", [["", "/"]], [["/home/", "/"]], ]
05-22 14:48:17.452 D/Email   ( 3216): <<< #4# ["OK", "NAMESPACE completed"]
05-22 14:48:17.452 D/Email   ( 3216): >>> 5 NOOP
05-22 14:48:17.468 D/Email   ( 3216): <<< #5# ["OK", "NOOP completed"]
05-22 14:48:17.468 D/Email   ( 3216): >>> 6 LIST "" "*"
05-22 14:48:17.484 D/Email   ( 3216): <<< #null# ["LIST", ["\HasNoChildren"], "/", "Chats"]
05-22 14:48:17.484 D/Email   ( 3216): <<< #null# ["LIST", ["\HasNoChildren"], "/", "Contacts"]
05-22 14:48:17.484 D/Email   ( 3216): <<< #null# ["LIST", ["\HasNoChildren"], "/", "Drafts"]
05-22 14:48:17.484 D/Email   ( 3216): <<< #null# ["LIST", ["\HasNoChildren"], "/", "Emailed Contacts"]
05-22 14:48:17.484 D/Email   ( 3216): <<< #null# ["LIST", ["\HasNoChildren"], "/", "INBOX"]
05-22 14:48:17.484 D/Email   ( 3216): <<< #null# ["LIST", ["\NoInferiors"], "/", "Junk"]
05-22 14:48:17.484 D/Email   ( 3216): <<< #null# ["LIST", ["\HasNoChildren"], "/", "Sent"]
05-22 14:48:17.484 D/Email   ( 3216): <<< #null# ["LIST", ["\HasNoChildren"], "/", "Trash"]
05-22 14:48:17.484 D/Email   ( 3216): <<< #6# ["OK", "LIST completed"]
05-22 14:48:17.491 I/Email   ( 3216): Could not find mailbox at "Chats"
05-22 14:48:17.538 I/Email   ( 3216): Could not find mailbox at "Contacts"
05-22 14:48:17.554 I/Email   ( 3216): Could not find mailbox at "Drafts"
05-22 14:48:17.593 I/Email   ( 3216): Could not find mailbox at "Emailed Contacts"
05-22 14:48:17.616 I/Email   ( 3216): Could not find mailbox at "Junk"
05-22 14:48:17.632 D/Email   ( 3216): [User] AccountSetupUserFragment onStop
05-22 14:48:17.632 D/Email   ( 3216): [User] AccountSetupUserFragment onDestroy
05-22 14:48:17.679 I/Email   ( 3216): Could not find mailbox at "Sent"
05-22 14:48:17.710 I/Email   ( 3216): Could not find mailbox at "Trash"
05-22 14:48:17.741 I/Email   ( 3216): Could not find mailbox at "INBOX"
05-22 14:48:17.968 I/Email   ( 3216): MailboxFinder: updateMailboxListCallback
05-22 14:48:17.976 D/Email   ( 3216): MailboxFinder: mailbox found: id=8
05-22 14:48:17.984 W/Parcel  (  802): Attempt to read object from Parcel 0x5ed47dac at offset 200 that is not in the object list
05-22 14:48:17.984 I/ActivityManager(  375): START u0 {flg=0x2000000 cmp=com.pekall.emdm.launcher/com.pekall.semail.activity.EmailActivity (has extras)} from pid 3216
05-22 14:48:18.085 D/dalvikvm(  375): GC_FOR_ALLOC freed 1289K, 18% free 17901K/21608K, paused 61ms, total 61ms
05-22 14:48:18.101 D/LauncherApplication( 3216): [null:-1]->onActivityPaused
05-22 14:48:18.109 D/LauncherApplication( 3216): [null:-1]->onActivityPaused  updateTime
05-22 14:48:18.124 D/Email   ( 3216): com.pekall.semail.activity.EmailActivity@42281380 onCreate
05-22 14:48:18.163 D/Email   ( 3216): UIControllerOnePane onActivityViewReady
05-22 14:48:18.163 I/Email   ( 3216): UIControllerOnePane setListContext: [MessageListContext 2:8:null]
05-22 14:48:18.163 I/Email   ( 3216): UIControllerOnePane open [MessageListContext 2:8:null] messageId=-1
05-22 14:48:18.171 D/Email   ( 3216): MessageListFragment{42236060 #0 id=0x7f0901dc} onAttach
05-22 14:48:18.171 D/Email   ( 3216): MessageListFragment{42236060 #0 id=0x7f0901dc} onCreate
05-22 14:48:18.171 D/Email   ( 3216): UIControllerOnePane onActivityCreated
05-22 14:48:18.171 E/Email   ( 3216): on calling refresh......
05-22 14:48:18.171 D/Email   ( 3216): MessageListFragment{42236060 #0 id=0x7f0901dc} onCreateView
05-22 14:48:18.179 D/Email   ( 3216): MessageListFragment{42236060 #0 id=0x7f0901dc} onActivityCreated
05-22 14:48:18.187 D/Email   ( 3216): MessageListFragment{42236060 #0 id=0x7f0901dc} startLoading
05-22 14:48:18.187 D/Email   ( 3216): MessageListFragment{42236060 #0 id=0x7f0901dc} onCreateLoader(messages) listContext=[MessageListContext 2:8:null]
05-22 14:48:18.187 D/Email   ( 3216): MessagesAdapter createLoader listContext=[MessageListContext 2:8:null]
05-22 14:48:18.187 D/Email   ( 3216): com.pekall.semail.activity.EmailActivity@42281380 onInstallFragment fragment=MessageListFragment{42236060 #0 id=0x7f0901dc}
05-22 14:48:18.187 D/Email   ( 3216): UIControllerOnePane onInstallFragment  fragment=MessageListFragment{42236060 #0 id=0x7f0901dc}
05-22 14:48:18.195 E/Email   ( 3216): on calling refresh......
05-22 14:48:18.195 D/Email   ( 3216): com.pekall.semail.activity.EmailActivity@42281380 onStart
05-22 14:48:18.195 V/LauncherApplication( 3216): onActivityStarted
05-22 14:48:18.195 D/Email   ( 3216): UIControllerOnePane onActivityStart
05-22 14:48:18.195 D/Email   ( 3216): MessageListFragment{42236060 #0 id=0x7f0901dc} onStart
05-22 14:48:18.195 D/Email   ( 3216): com.pekall.semail.activity.EmailActivity@42281380 onResume
05-22 14:48:18.195 D/        ( 3216): [---null: -1---]     awsa  onActivityResumed
05-22 14:48:18.195 V/LauncherApplication( 3216): 2MdmConstant.LAST_LAUNCH_TIME = 1400741298115
05-22 14:48:18.202 D/        ( 3216): [---null: -1---]  activity = com.pekall.semail.activity.EmailActivity
05-22 14:48:18.202 V/DefultSetContriller( 3216): isLauncherDf = com.pekall.emdm.launcher
05-22 14:48:18.210 V/DefultSetContriller( 3216): isPhoneDf = com.pekall.emdm.launcher
05-22 14:48:18.210 E/LauncherApplication( 3216): isShowLogoutUI = true
05-22 14:48:18.210 E/LauncherApplication( 3216): LogoutShowTime 1
05-22 14:48:18.210 D/Email   ( 3216): UIControllerOnePane onActivityResume
05-22 14:48:18.210 E/Email   ( 3216): on calling refresh......
05-22 14:48:18.218 D/Email   ( 3216): MessageListFragment{42236060 #0 id=0x7f0901dc} onResume
05-22 14:48:18.320 I/ActivityManager(  375): Displayed com.pekall.emdm.launcher/com.pekall.semail.activity.EmailActivity: +205ms
05-22 14:48:18.413 D/Email   ( 3216): MessageListFragment{42236060 #0 id=0x7f0901dc} onLoadFinished(messages) mailboxId=8, mIsFirstLoad? true
05-22 14:48:18.429 W/Parcel  (  802): Attempt to read object from Parcel 0x5f747dac at offset 200 that is not in the object list
05-22 14:48:18.515 D/Email   ( 3216): setAccountMailboxInfo, account id: 2, mailbox id: 8
05-22 14:48:18.523 D/Email   ( 3216): -- display name: John
05-22 14:48:18.531 E/Email   ( 3216): Email account '2' exists? true
05-22 14:48:18.531 D/Email   ( 3216): *** synchronizeMailboxGeneric ***
05-22 14:48:18.538 D/Email   ( 3216): Host auth recv id: 3
05-22 14:48:18.538 D/Email   ( 3216): Valid Host auth recv? true
05-22 14:48:18.538 D/Email   ( 3216): >>> 7 NOOP
05-22 14:48:18.554 D/Email   ( 3216): <<< #7# ["OK", "NOOP completed"]
05-22 14:48:18.554 D/Email   ( 3216): >>> 8 SELECT "INBOX"
05-22 14:48:18.562 D/Email   ( 3216): <<< #null# ["558", "EXISTS"]
05-22 14:48:18.562 D/Email   ( 3216): <<< #null# ["7", "RECENT"]
05-22 14:48:18.562 D/Email   ( 3216): <<< #null# ["OK", ["UNSEEN", "1"], "mailbox contains unseen messages"]
05-22 14:48:18.562 D/Email   ( 3216): <<< #null# ["OK", ["UIDVALIDITY", "1"], "UIDs are valid for this mailbox"]
05-22 14:48:18.570 D/Email   ( 3216): <<< #null# ["OK", ["UIDNEXT", "3996"], "next expected UID is 3996"]
05-22 14:48:18.570 D/Email   ( 3216): <<< #null# ["FLAGS", ["\Answered", "\Deleted", "\Draft", "\Flagged", "\Seen", "$Forwarded", "$MDNSent", "Forwarded", "$Junk", "$NotJunk", "Junk", "JunkRecorded", "NonJunk", "NotJunk"]]
05-22 14:48:18.570 D/Email   ( 3216): <<< #null# ["OK", ["PERMANENTFLAGS", ["\Answered", "\Deleted", "\Draft", "\Flagged", "\Seen", "$Forwarded", "$MDNSent", "Forwarded", "\*"]], "junk-related flags are not permanent"]
05-22 14:48:18.570 D/Email   ( 3216): <<< #null# ["OK", ["HIGHESTMODSEQ", "6711"], "modseq tracked on this mailbox"]
05-22 14:48:18.570 D/Email   ( 3216): <<< #8# ["OK", ["READ-WRITE"], "SELECT completed"]
05-22 14:48:18.570 D/Email   ( 3216): >>> 9 UID SEARCH 534:558 NOT DELETED
05-22 14:48:18.577 D/Email   ( 3216): <<< #null# ["SEARCH", "3966", "3968", "3969", "3970", "3971", "3972", "3973", "3974", "3975", "3976", "3977", "3978", "3980", "3982", "3983", "3984", "3985", "3987", "3989", "3990", "3991", "3992", "3993", "3994", "3995"]
05-22 14:48:18.577 D/Email   ( 3216): <<< #9# ["OK", "UID SEARCH completed"]
05-22 14:48:18.585 D/Email   ( 3216): >>> 10 UID FETCH 3966,3968,3969,3970,3971,3972,3973,3974,3975,3976,3977,3978,3980,3982,3983,3984,3985,3987,3989,3990,3991,3992,3993,3994,3995 (UID FLAGS INTERNALDATE RFC822.SIZE BODY.PEEK[HEADER.FIELDS (date subject from content-type to cc message-id)])
05-22 14:48:18.616 D/Email   ( 3216): <<< #null# ["534", "FETCH", ["UID", "3966", "INTERNALDATE", "21-May-2014 19:16:56 +0800", "RFC822.SIZE", "133024", "BODY[HEADER.FIELDS (DATE SUBJECT FROM CONTENT-TYPE TO CC MESSAGE-ID)]", {547 byte literal(memory)}, "FLAGS", []]]
05-22 14:48:18.640 D/Email   ( 3216): Welcome: Closing self...
05-22 14:48:18.640 W/ActivityManager(  375): Duplicate finish request for ActivityRecord{429da5a8 u0 com.pekall.emdm.launcher/com.pekall.semail.activity.Welcome}
05-22 14:48:18.679 D/Email   ( 3216): setAccountMailboxInfo, account id: 2, mailbox id: 8
05-22 14:48:18.687 D/Email   ( 3216): -- display name: John
05-22 14:48:18.702 D/Email   ( 3216): MessageListFragment{42236060 #0 id=0x7f0901dc} onLoadFinished(messages) mailboxId=8, mIsFirstLoad? false
05-22 14:48:18.710 W/Parcel  (  802): Attempt to read object from Parcel 0x5dfdfdac at offset 200 that is not in the object list
05-22 14:48:18.718 E/Email   ( 3216): Email account '2' exists? true
05-22 14:48:19.077 D/Email   ( 3216): <<< #null# ["535", "FETCH", ["UID", "3968", "INTERNALDATE", "21-May-2014 20:00:54 +0800", "RFC822.SIZE", "20856", "BODY[HEADER.FIELDS (DATE SUBJECT FROM CONTENT-TYPE TO CC MESSAGE-ID)]", {556 byte literal(memory)}, "FLAGS", []]]
05-22 14:48:19.124 D/Email   ( 3216): <<< #null# ["536", "FETCH", ["UID", "3969", "INTERNALDATE", "21-May-2014 20:10:55 +0800", "RFC822.SIZE", "7610", "BODY[HEADER.FIELDS (DATE SUBJECT FROM CONTENT-TYPE TO CC MESSAGE-ID)]", {521 byte literal(memory)}, "FLAGS", []]]
05-22 14:48:19.171 D/Email   ( 3216): <<< #null# ["537", "FETCH", ["UID", "3970", "INTERNALDATE", "21-May-2014 21:16:52 +0800", "RFC822.SIZE", "120082", "BODY[HEADER.FIELDS (DATE SUBJECT FROM CONTENT-TYPE TO CC MESSAGE-ID)]", {345 byte literal(memory)}, "FLAGS", []]]
05-22 14:48:19.218 D/Email   ( 3216): <<< #null# ["538", "FETCH", ["UID", "3971", "INTERNALDATE", "22-May-2014 09:55:13 +0800", "RFC822.SIZE", "33047", "BODY[HEADER.FIELDS (DATE SUBJECT FROM CONTENT-TYPE TO CC MESSAGE-ID)]", {353 byte literal(memory)}, "FLAGS", []]]
05-22 14:48:19.257 D/Email   ( 3216): <<< #null# ["539", "FETCH", ["UID", "3972", "INTERNALDATE", "22-May-2014 10:02:02 +0800", "RFC822.SIZE", "7590", "BODY[HEADER.FIELDS (DATE SUBJECT FROM CONTENT-TYPE TO CC MESSAGE-ID)]", {432 byte literal(memory)}, "FLAGS", []]]
05-22 14:48:19.288 D/Email   ( 3216): setAccountMailboxInfo, account id: 2, mailbox id: 8
05-22 14:48:19.296 D/Email   ( 3216): -- display name: John
05-22 14:48:19.304 D/Email   ( 3216): MessageListFragment{42236060 #0 id=0x7f0901dc} onLoadFinished(messages) mailboxId=8, mIsFirstLoad? false
05-22 14:48:19.320 W/Parcel  (  802): Attempt to read object from Parcel 0x5e0dfdac at offset 200 that is not in the object list
05-22 14:48:19.366 D/Email   ( 3216): <<< #null# ["540", "FETCH", ["UID", "3973", "INTERNALDATE", "22-May-2014 10:06:43 +0800", "RFC822.SIZE", "7420", "BODY[HEADER.FIELDS (DATE SUBJECT FROM CONTENT-TYPE TO CC MESSAGE-ID)]", {417 byte literal(memory)}, "FLAGS", []]]
05-22 14:48:19.476 E/Email   ( 3216): Email account '2' exists? true
05-22 14:48:19.554 D/Email   ( 3216): <<< #null# ["541", "FETCH", ["UID", "3974", "INTERNALDATE", "22-May-2014 10:10:00 +0800", "RFC822.SIZE", "7345", "BODY[HEADER.FIELDS (DATE SUBJECT FROM CONTENT-TYPE TO CC MESSAGE-ID)]", {403 byte literal(memory)}, "FLAGS", []]]
05-22 14:48:19.593 D/Email   ( 3216): <<< #null# ["542", "FETCH", ["UID", "3975", "INTERNALDATE", "22-May-2014 10:32:33 +0800", "RFC822.SIZE", "29534", "BODY[HEADER.FIELDS (DATE SUBJECT FROM CONTENT-TYPE TO CC MESSAGE-ID)]", {330 byte literal(memory)}, "FLAGS", []]]
05-22 14:48:19.640 D/Email   ( 3216): <<< #null# ["543", "FETCH", ["UID", "3976", "INTERNALDATE", "22-May-2014 10:59:45 +0800", "RFC822.SIZE", "3597", "BODY[HEADER.FIELDS (DATE SUBJECT FROM CONTENT-TYPE TO CC MESSAGE-ID)]", {309 byte literal(memory)}, "FLAGS", []]]
05-22 14:48:19.679 D/Email   ( 3216): <<< #null# ["544", "FETCH", ["UID", "3977", "INTERNALDATE", "22-May-2014 11:12:39 +0800", "RFC822.SIZE", "1118", "BODY[HEADER.FIELDS (DATE SUBJECT FROM CONTENT-TYPE TO CC MESSAGE-ID)]", {362 byte literal(memory)}, "FLAGS", []]]
05-22 14:48:19.718 D/Email   ( 3216): <<< #null# ["545", "FETCH", ["UID", "3978", "INTERNALDATE", "22-May-2014 11:19:52 +0800", "RFC822.SIZE", "2499", "BODY[HEADER.FIELDS (DATE SUBJECT FROM CONTENT-TYPE TO CC MESSAGE-ID)]", {395 byte literal(memory)}, "FLAGS", []]]
05-22 14:48:19.773 D/Email   ( 3216): <<< #null# ["546", "FETCH", ["UID", "3980", "INTERNALDATE", "22-May-2014 11:20:27 +0800", "RFC822.SIZE", "1953", "BODY[HEADER.FIELDS (DATE SUBJECT FROM CONTENT-TYPE TO CC MESSAGE-ID)]", {362 byte literal(memory)}, "FLAGS", []]]
05-22 14:48:19.812 D/Email   ( 3216): <<< #null# ["547", "FETCH", ["UID", "3982", "INTERNALDATE", "22-May-2014 11:33:07 +0800", "RFC822.SIZE", "8078", "BODY[HEADER.FIELDS (DATE SUBJECT FROM CONTENT-TYPE TO CC MESSAGE-ID)]", {463 byte literal(memory)}, "FLAGS", []]]
05-22 14:48:19.866 D/Email   ( 3216): <<< #null# ["548", "FETCH", ["UID", "3983", "INTERNALDATE", "22-May-2014 11:41:47 +0800", "RFC822.SIZE", "44809", "BODY[HEADER.FIELDS (DATE SUBJECT FROM CONTENT-TYPE TO CC MESSAGE-ID)]", {313 byte literal(memory)}, "FLAGS", []]]
05-22 14:48:19.913 D/Email   ( 3216): <<< #null# ["549", "FETCH", ["UID", "3984", "INTERNALDATE", "22-May-2014 11:46:10 +0800", "RFC822.SIZE", "1032", "BODY[HEADER.FIELDS (DATE SUBJECT FROM CONTENT-TYPE TO CC MESSAGE-ID)]", {402 byte literal(memory)}, "FLAGS", []]]
05-22 14:48:19.976 D/Email   ( 3216): <<< #null# ["550", "FETCH", ["UID", "3985", "INTERNALDATE", "22-May-2014 11:48:42 +0800", "RFC822.SIZE", "30215", "BODY[HEADER.FIELDS (DATE SUBJECT FROM CONTENT-TYPE TO CC MESSAGE-ID)]", {388 byte literal(memory)}, "FLAGS", []]]
05-22 14:48:20.015 D/Email   ( 3216): <<< #null# ["551", "FETCH", ["UID", "3987", "INTERNALDATE", "22-May-2014 11:55:18 +0800", "RFC822.SIZE", "2481", "BODY[HEADER.FIELDS (DATE SUBJECT FROM CONTENT-TYPE TO CC MESSAGE-ID)]", {439 byte literal(memory)}, "FLAGS", []]]
05-22 14:48:20.054 D/Email   ( 3216): <<< #null# ["552", "FETCH", ["UID", "3989", "INTERNALDATE", "22-May-2014 13:47:51 +0800", "RFC822.SIZE", "4085", "BODY[HEADER.FIELDS (DATE SUBJECT FROM CONTENT-TYPE TO CC MESSAGE-ID)]", {405 byte literal(memory)}, "FLAGS", ["\Recent"]]]
05-22 14:48:20.085 D/Email   ( 3216): <<< #null# ["553", "FETCH", ["UID", "3990", "INTERNALDATE", "22-May-2014 14:04:49 +0800", "RFC822.SIZE", "9544", "BODY[HEADER.FIELDS (DATE SUBJECT FROM CONTENT-TYPE TO CC MESSAGE-ID)]", {624 byte literal(memory)}, "FLAGS", ["\Recent"]]]
05-22 14:48:20.140 D/Email   ( 3216): <<< #null# ["554", "FETCH", ["UID", "3991", "INTERNALDATE", "22-May-2014 14:13:58 +0800", "RFC822.SIZE", "4196", "BODY[HEADER.FIELDS (DATE SUBJECT FROM CONTENT-TYPE TO CC MESSAGE-ID)]", {360 byte literal(memory)}, "FLAGS", ["\Recent"]]]
05-22 14:48:20.187 D/Email   ( 3216): <<< #null# ["555", "FETCH", ["UID", "3992", "INTERNALDATE", "22-May-2014 14:44:57 +0800", "RFC822.SIZE", "4338", "BODY[HEADER.FIELDS (DATE SUBJECT FROM CONTENT-TYPE TO CC MESSAGE-ID)]", {601 byte literal(memory)}, "FLAGS", ["\Recent"]]]
05-22 14:48:20.226 D/Email   ( 3216): <<< #null# ["556", "FETCH", ["UID", "3993", "INTERNALDATE", "22-May-2014 14:48:20 +0800", "RFC822.SIZE", "8461", "BODY[HEADER.FIELDS (DATE SUBJECT FROM CONTENT-TYPE TO CC MESSAGE-ID)]", {705 byte literal(memory)}, "FLAGS", ["\Recent"]]]
05-22 14:48:20.273 D/Email   ( 3216): <<< #null# ["557", "FETCH", ["UID", "3994", "INTERNALDATE", "22-May-2014 14:48:39 +0800", "RFC822.SIZE", "4199", "BODY[HEADER.FIELDS (DATE SUBJECT FROM CONTENT-TYPE TO CC MESSAGE-ID)]", {532 byte literal(memory)}, "FLAGS", ["\Recent"]]]
05-22 14:48:20.320 D/Email   ( 3216): <<< #null# ["558", "FETCH", ["UID", "3995", "INTERNALDATE", "22-May-2014 14:53:09 +0800", "RFC822.SIZE", "1657", "BODY[HEADER.FIELDS (DATE SUBJECT FROM CONTENT-TYPE TO CC MESSAGE-ID)]", {361 byte literal(memory)}, "FLAGS", ["\Recent"]]]
05-22 14:48:20.374 D/Email   ( 3216): <<< #10# ["OK", "UID FETCH completed"]
05-22 14:48:20.374 D/Email   ( 3216): >>> 11 UID FETCH 3966,3968,3969,3970,3971,3972,3973,3974,3975,3976,3977,3978,3980,3982,3983,3984,3985,3987,3989,3990,3991,3992,3993,3994,3995 (UID FLAGS)
05-22 14:48:20.390 D/Email   ( 3216): <<< #null# ["534", "FETCH", ["UID", "3966", "FLAGS", []]]
05-22 14:48:20.429 D/Email   ( 3216): <<< #null# ["535", "FETCH", ["UID", "3968", "FLAGS", []]]
05-22 14:48:20.429 D/Email   ( 3216): <<< #null# ["536", "FETCH", ["UID", "3969", "FLAGS", []]]
05-22 14:48:20.429 D/Email   ( 3216): <<< #null# ["537", "FETCH", ["UID", "3970", "FLAGS", []]]
05-22 14:48:20.429 D/Email   ( 3216): <<< #null# ["538", "FETCH", ["UID", "3971", "FLAGS", []]]
05-22 14:48:20.437 D/Email   ( 3216): <<< #null# ["539", "FETCH", ["UID", "3972", "FLAGS", []]]
05-22 14:48:20.437 D/Email   ( 3216): <<< #null# ["540", "FETCH", ["UID", "3973", "FLAGS", []]]
05-22 14:48:20.437 D/Email   ( 3216): <<< #null# ["541", "FETCH", ["UID", "3974", "FLAGS", []]]
05-22 14:48:20.437 D/Email   ( 3216): <<< #null# ["542", "FETCH", ["UID", "3975", "FLAGS", []]]
05-22 14:48:20.445 D/Email   ( 3216): <<< #null# ["543", "FETCH", ["UID", "3976", "FLAGS", []]]
05-22 14:48:20.445 D/Email   ( 3216): <<< #null# ["544", "FETCH", ["UID", "3977", "FLAGS", []]]
05-22 14:48:20.445 D/Email   ( 3216): <<< #null# ["545", "FETCH", ["UID", "3978", "FLAGS", []]]
05-22 14:48:20.445 D/Email   ( 3216): <<< #null# ["546", "FETCH", ["UID", "3980", "FLAGS", []]]
05-22 14:48:20.445 D/Email   ( 3216): <<< #null# ["547", "FETCH", ["UID", "3982", "FLAGS", []]]
05-22 14:48:20.445 D/Email   ( 3216): <<< #null# ["548", "FETCH", ["UID", "3983", "FLAGS", []]]
05-22 14:48:20.445 D/Email   ( 3216): <<< #null# ["549", "FETCH", ["UID", "3984", "FLAGS", []]]
05-22 14:48:20.445 D/Email   ( 3216): <<< #null# ["550", "FETCH", ["UID", "3985", "FLAGS", []]]
05-22 14:48:20.452 D/Email   ( 3216): <<< #null# ["551", "FETCH", ["UID", "3987", "FLAGS", []]]
05-22 14:48:20.452 D/Email   ( 3216): <<< #null# ["552", "FETCH", ["UID", "3989", "FLAGS", ["\Recent"]]]
05-22 14:48:20.452 D/Email   ( 3216): <<< #null# ["553", "FETCH", ["UID", "3990", "FLAGS", ["\Recent"]]]
05-22 14:48:20.460 D/Email   ( 3216): <<< #null# ["554", "FETCH", ["UID", "3991", "FLAGS", ["\Recent"]]]
05-22 14:48:20.460 D/Email   ( 3216): <<< #null# ["555", "FETCH", ["UID", "3992", "FLAGS", ["\Recent"]]]
05-22 14:48:20.460 D/Email   ( 3216): <<< #null# ["556", "FETCH", ["UID", "3993", "FLAGS", ["\Recent"]]]
05-22 14:48:20.460 D/Email   ( 3216): <<< #null# ["557", "FETCH", ["UID", "3994", "FLAGS", ["\Recent"]]]
05-22 14:48:20.460 D/Email   ( 3216): <<< #null# ["558", "FETCH", ["UID", "3995", "FLAGS", ["\Recent"]]]
05-22 14:48:20.460 D/Email   ( 3216): <<< #11# ["OK", "UID FETCH completed"]
05-22 14:48:20.460 D/Email   ( 3216): >>> 12 UID FETCH 3968,3969,3972,3973,3974,3976,3977,3978,3980,3982,3984,3987,3989,3990,3991,3992,3993,3994,3995 (UID BODY.PEEK[])
05-22 14:48:20.484 D/Email   ( 3216): <<< #null# ["535", "FETCH", ["UID", "3968", "BODY[]", {20856 byte literal(memory)}]]
05-22 14:48:20.851 I/QueryController( 4819): Matched selector: UiSelector[TEXT=Inbox, PACKAGE NAME=com.pekall.emdm.launcher] <<==>> [android.view.accessibility.AccessibilityNodeInfo@5043a; boundsInParent: Rect(0, 0 - 79, 38); boundsInScreen: Rect(98, 66 - 177, 104); packageName: com.pekall.emdm.launcher; className: android.widget.TextView; text: Inbox; contentDescription: null; viewIdResName: com.pekall.emdm.launcher:id/spinner_line_1; checkable: false; checked: false; focusable: false; focused: false; selected: false; clickable: false; longClickable: false; enabled: true; password: false; scrollable: false; [ACTION_SELECT, ACTION_CLEAR_SELECTION, ACTION_ACCESSIBILITY_FOCUS, ACTION_NEXT_AT_MOVEMENT_GRANULARITY, ACTION_PREVIOUS_AT_MOVEMENT_GRANULARITY, ACTION_SET_SELECTION]]
05-22 14:48:20.859 I/AndroidRuntime( 4819): VM exiting with result code 0.
05-22 14:48:21.718 D/Email   ( 3216): MessageListFragment{42236060 #0 id=0x7f0901dc} onLoadFinished(messages) mailboxId=8, mIsFirstLoad? false
05-22 14:48:21.734 W/Parcel  (  802): Attempt to read object from Parcel 0x5dfdfdac at offset 200 that is not in the object list
05-22 14:48:21.866 D/Email   ( 3216): setAccountMailboxInfo, account id: 2, mailbox id: 8
05-22 14:48:21.866 D/Email   ( 3216): -- display name: John
05-22 14:48:21.960 E/Email   ( 3216): Email account '2' exists? true
05-22 14:48:24.804 D/Email   ( 3216): <<< #null# ["536", "FETCH", ["UID", "3969", "BODY[]", {7610 byte literal(memory)}]]
05-22 14:48:24.929 D/Email   ( 3216): <<< #null# ["539", "FETCH", ["UID", "3972", "BODY[]", {7590 byte literal(memory)}]]
05-22 14:48:25.038 D/dalvikvm(  375): GC_EXPLICIT freed 673K, 18% free 17895K/21608K, paused 2ms+7ms, total 91ms
05-22 14:48:25.062 D/Email   ( 3216): setAccountMailboxInfo, account id: 2, mailbox id: 8
05-22 14:48:25.062 D/Email   ( 3216): MessageListFragment{42236060 #0 id=0x7f0901dc} onLoadFinished(messages) mailboxId=8, mIsFirstLoad? false
05-22 14:48:25.062 D/Email   ( 3216): -- display name: John
05-22 14:48:25.070 W/Parcel  (  802): Attempt to read object from Parcel 0x5ed47dac at offset 200 that is not in the object list
05-22 14:48:25.109 E/Email   ( 3216): Email account '2' exists? true
05-22 14:48:25.656 D/Email   ( 3216): <<< #null# ["540", "FETCH", ["UID", "3973", "BODY[]", {7420 byte literal(memory)}]]
05-22 14:48:26.218 D/Email   ( 3216): <<< #null# ["541", "FETCH", ["UID", "3974", "BODY[]", {7345 byte literal(memory)}]]
05-22 14:48:26.866 D/Email   ( 3216): <<< #null# ["543", "FETCH", ["UID", "3976", "BODY[]", {3597 byte literal(memory)}]]
05-22 14:48:27.234 D/Email   ( 3216): <<< #null# ["544", "FETCH", ["UID", "3977", "BODY[]", {1118 byte literal(memory)}]]
05-22 14:48:27.374 D/Email   ( 3216): MessageListFragment{42236060 #0 id=0x7f0901dc} onLoadFinished(messages) mailboxId=8, mIsFirstLoad? false
05-22 14:48:27.382 W/Parcel  (  802): Attempt to read object from Parcel 0x5f747dac at offset 200 that is not in the object list
05-22 14:48:27.421 D/Email   ( 3216): <<< #null# ["545", "FETCH", ["UID", "3978", "BODY[]", {2499 byte literal(memory)}]]
05-22 14:48:27.452 D/Email   ( 3216): setAccountMailboxInfo, account id: 2, mailbox id: 8
05-22 14:48:27.710 D/dalvikvm( 3216): JIT unchain all for threadid=11
05-22 14:48:28.038 D/dalvikvm( 3216): JIT unchain all for threadid=11
05-22 14:48:28.109 D/dalvikvm( 3216): GC_CONCURRENT freed 5250K, 20% free 30993K/38456K, paused 271ms+287ms, total 647ms
05-22 14:48:28.116 D/Email   ( 3216): -- display name: John
05-22 14:48:28.195 E/Email   ( 3216): Email account '2' exists? true
05-22 14:48:28.515 D/Email   ( 3216): <<< #null# ["546", "FETCH", ["UID", "3980", "BODY[]", {1953 byte literal(memory)}]]
05-22 14:48:28.820 D/Email   ( 3216): <<< #null# ["547", "FETCH", ["UID", "3982", "BODY[]", {8078 byte literal(memory)}]]
05-22 14:48:30.077 D/Email   ( 3216): MessageListFragment{42236060 #0 id=0x7f0901dc} onLoadFinished(messages) mailboxId=8, mIsFirstLoad? false
05-22 14:48:30.109 W/Parcel  (  802): Attempt to read object from Parcel 0x5dfdfdac at offset 200 that is not in the object list
05-22 14:48:30.171 D/Email   ( 3216): setAccountMailboxInfo, account id: 2, mailbox id: 8
05-22 14:48:30.187 D/Email   ( 3216): -- display name: John
05-22 14:48:30.234 E/Email   ( 3216): Email account '2' exists? true
05-22 14:48:30.609 D/Email   ( 3216): <<< #null# ["549", "FETCH", ["UID", "3984", "BODY[]", {1032 byte literal(memory)}]]
05-22 14:48:30.718 D/Email   ( 3216): <<< #null# ["551", "FETCH", ["UID", "3987", "BODY[]", {2481 byte literal(memory)}]]
05-22 14:48:30.749 D/Email   ( 3216): MessageListFragment{42236060 #0 id=0x7f0901dc} onLoadFinished(messages) mailboxId=8, mIsFirstLoad? false
05-22 14:48:30.757 W/Parcel  (  802): Attempt to read object from Parcel 0x5e0dfdac at offset 200 that is not in the object list
05-22 14:48:30.788 D/Email   ( 3216): setAccountMailboxInfo, account id: 2, mailbox id: 8
05-22 14:48:30.796 D/Email   ( 3216): -- display name: John
05-22 14:48:30.804 E/Email   ( 3216): Email account '2' exists? true
