05-22 13:00:56.994 W/MountService(  374): getVolumeState(/mnt/sdcard/external_sd): Unknown volume
05-22 13:00:57.166 D/dalvikvm( 1468): GC_CONCURRENT freed 304K, 20% free 10096K/12512K, paused 8ms+18ms, total 64ms
05-22 13:00:57.267 D/dalvikvm(20309): GC_EXPLICIT freed 143K, 2% free 9189K/9372K, paused 2ms+5ms, total 34ms
05-22 13:00:57.377 W/MountService(  374): getVolumeState(/storage/emulated/0/external_sd): Unknown volume
05-22 13:00:57.377 W/MountService(  374): getVolumeState(/mnt/sdcard-ext): Unknown volume
05-22 13:00:57.377 W/MountService(  374): getVolumeState(/mnt/ext_sdcard): Unknown volume
05-22 13:00:57.385 W/MountService(  374): getVolumeState(/mnt/sdcard2): Unknown volume
05-22 13:00:57.385 W/MountService(  374): getVolumeState(/mnt/emmc): Unknown volume
05-22 13:00:57.385 W/MountService(  374): getVolumeState(/mnt/extSdCard): Unknown volume
05-22 13:00:57.385 W/MountService(  374): getVolumeState(/mnt/sdcard/SD_CARD): Unknown volume
05-22 13:00:57.385 W/MountService(  374): getVolumeState(/mnt/sdcard/extra_sd): Unknown volume
05-22 13:00:57.385 W/MountService(  374): getVolumeState(/mnt/extrasd_bind): Unknown volume
05-22 13:00:57.385 W/MountService(  374): getVolumeState(/mnt/sdcard/ext_sd): Unknown volume
05-22 13:00:57.385 W/MountService(  374): getVolumeState(/storage/extSdCard): Unknown volume
05-22 13:00:57.385 W/MountService(  374): getVolumeState(/storage/sdcard1): Unknown volume
05-22 13:00:57.385 W/MountService(  374): getVolumeState(/mnt/sdcard/external_SD): Unknown volume
05-22 13:00:57.392 W/MountService(  374): getVolumeState(/mnt/sdcard/external_sd): Unknown volume
05-22 13:00:57.455 D/dalvikvm( 1468): GC_CONCURRENT freed 608K, 21% free 9995K/12512K, paused 15ms+7ms, total 57ms
05-22 13:00:57.455 D/dalvikvm( 1468): WAIT_FOR_CONCURRENT_GC blocked 16ms
05-22 13:01:37.088 D/dalvikvm( 1661): GC_EXPLICIT freed 233K, 18% free 13034K/15888K, paused 3ms+5ms, total 76ms
05-22 13:01:42.158 D/dalvikvm( 1661): GC_EXPLICIT freed 2K, 18% free 13032K/15888K, paused 3ms+5ms, total 69ms
05-22 13:01:52.174 D/dalvikvm( 1661): GC_EXPLICIT freed <1K, 18% free 13032K/15888K, paused 3ms+5ms, total 75ms
05-22 13:01:57.150 W/MountService(  374): getVolumeState(/storage/emulated/0/external_sd): Unknown volume
05-22 13:01:57.150 W/MountService(  374): getVolumeState(/mnt/sdcard-ext): Unknown volume
05-22 13:01:57.150 W/MountService(  374): getVolumeState(/mnt/ext_sdcard): Unknown volume
05-22 13:01:57.150 W/MountService(  374): getVolumeState(/mnt/sdcard2): Unknown volume
05-22 13:01:57.158 W/MountService(  374): getVolumeState(/mnt/emmc): Unknown volume
05-22 13:01:57.158 W/MountService(  374): getVolumeState(/mnt/extSdCard): Unknown volume
05-22 13:01:57.158 W/MountService(  374): getVolumeState(/mnt/sdcard/SD_CARD): Unknown volume
05-22 13:01:57.158 W/MountService(  374): getVolumeState(/mnt/sdcard/extra_sd): Unknown volume
05-22 13:01:57.158 W/MountService(  374): getVolumeState(/mnt/extrasd_bind): Unknown volume
05-22 13:01:57.158 W/MountService(  374): getVolumeState(/mnt/sdcard/ext_sd): Unknown volume
05-22 13:01:57.158 W/MountService(  374): getVolumeState(/storage/extSdCard): Unknown volume
05-22 13:01:57.158 W/MountService(  374): getVolumeState(/storage/sdcard1): Unknown volume
05-22 13:01:57.158 W/MountService(  374): getVolumeState(/mnt/sdcard/external_SD): Unknown volume
05-22 13:01:57.166 W/MountService(  374): getVolumeState(/mnt/sdcard/external_sd): Unknown volume
05-22 13:01:57.275 D/dalvikvm( 1468): GC_CONCURRENT freed 449K, 21% free 9976K/12512K, paused 22ms+10ms, total 82ms
05-22 13:01:57.486 W/MountService(  374): getVolumeState(/storage/emulated/0/external_sd): Unknown volume
05-22 13:01:57.494 W/MountService(  374): getVolumeState(/mnt/sdcard-ext): Unknown volume
05-22 13:01:57.494 W/MountService(  374): getVolumeState(/mnt/ext_sdcard): Unknown volume
05-22 13:01:57.494 W/MountService(  374): getVolumeState(/mnt/sdcard2): Unknown volume
05-22 13:01:57.494 W/MountService(  374): getVolumeState(/mnt/emmc): Unknown volume
05-22 13:01:57.494 W/MountService(  374): getVolumeState(/mnt/extSdCard): Unknown volume
05-22 13:01:57.494 W/MountService(  374): getVolumeState(/mnt/sdcard/SD_CARD): Unknown volume
05-22 13:01:57.494 W/MountService(  374): getVolumeState(/mnt/sdcard/extra_sd): Unknown volume
05-22 13:01:57.494 W/MountService(  374): getVolumeState(/mnt/extrasd_bind): Unknown volume
05-22 13:01:57.494 W/MountService(  374): getVolumeState(/mnt/sdcard/ext_sd): Unknown volume
05-22 13:01:57.494 W/MountService(  374): getVolumeState(/storage/extSdCard): Unknown volume
05-22 13:01:57.494 W/MountService(  374): getVolumeState(/storage/sdcard1): Unknown volume
05-22 13:01:57.510 W/MountService(  374): getVolumeState(/mnt/sdcard/external_SD): Unknown volume
05-22 13:01:57.510 W/MountService(  374): getVolumeState(/mnt/sdcard/external_sd): Unknown volume
05-22 13:01:57.549 D/dalvikvm( 1468): GC_CONCURRENT freed 477K, 21% free 10002K/12512K, paused 9ms+7ms, total 52ms
05-22 13:01:57.549 D/dalvikvm( 1468): WAIT_FOR_CONCURRENT_GC blocked 27ms
05-22 13:01:57.556 D/dalvikvm( 1468): WAIT_FOR_CONCURRENT_GC blocked 22ms
05-22 13:02:56.322 W/Parcel  ( 1661): Attempt to read object from Parcel 0x6013bdac at offset 200 that is not in the object list
05-22 13:02:56.385 D/dalvikvm( 1468): GC_CONCURRENT freed 478K, 21% free 9934K/12512K, paused 6ms+6ms, total 39ms
05-22 13:02:57.353 W/MountService(  374): getVolumeState(/storage/emulated/0/external_sd): Unknown volume
05-22 13:02:57.361 W/MountService(  374): getVolumeState(/mnt/sdcard-ext): Unknown volume
05-22 13:02:57.361 W/MountService(  374): getVolumeState(/mnt/ext_sdcard): Unknown volume
05-22 13:02:57.361 W/MountService(  374): getVolumeState(/mnt/sdcard2): Unknown volume
05-22 13:02:57.361 W/MountService(  374): getVolumeState(/mnt/emmc): Unknown volume
05-22 13:02:57.361 W/MountService(  374): getVolumeState(/mnt/extSdCard): Unknown volume
05-22 13:02:57.361 W/MountService(  374): getVolumeState(/mnt/sdcard/SD_CARD): Unknown volume
05-22 13:02:57.361 W/MountService(  374): getVolumeState(/mnt/sdcard/extra_sd): Unknown volume
05-22 13:02:57.361 W/MountService(  374): getVolumeState(/mnt/extrasd_bind): Unknown volume
05-22 13:02:57.361 W/MountService(  374): getVolumeState(/mnt/sdcard/ext_sd): Unknown volume
05-22 13:02:57.369 W/MountService(  374): getVolumeState(/storage/extSdCard): Unknown volume
05-22 13:02:57.369 W/MountService(  374): getVolumeState(/storage/sdcard1): Unknown volume
05-22 13:02:57.369 W/MountService(  374): getVolumeState(/mnt/sdcard/external_SD): Unknown volume
05-22 13:02:57.369 W/MountService(  374): getVolumeState(/mnt/sdcard/external_sd): Unknown volume
05-22 13:02:57.525 D/dalvikvm( 1468): GC_CONCURRENT freed 282K, 20% free 10087K/12512K, paused 8ms+10ms, total 51ms
05-22 13:02:57.681 W/MountService(  374): getVolumeState(/storage/emulated/0/external_sd): Unknown volume
05-22 13:02:57.681 W/MountService(  374): getVolumeState(/mnt/sdcard-ext): Unknown volume
05-22 13:02:57.681 W/MountService(  374): getVolumeState(/mnt/ext_sdcard): Unknown volume
05-22 13:02:57.681 W/MountService(  374): getVolumeState(/mnt/sdcard2): Unknown volume
05-22 13:02:57.681 W/MountService(  374): getVolumeState(/mnt/emmc): Unknown volume
05-22 13:02:57.681 W/MountService(  374): getVolumeState(/mnt/extSdCard): Unknown volume
05-22 13:02:57.681 W/MountService(  374): getVolumeState(/mnt/sdcard/SD_CARD): Unknown volume
05-22 13:02:57.681 W/MountService(  374): getVolumeState(/mnt/sdcard/extra_sd): Unknown volume
05-22 13:02:57.689 W/MountService(  374): getVolumeState(/mnt/extrasd_bind): Unknown volume
05-22 13:02:57.689 W/MountService(  374): getVolumeState(/mnt/sdcard/ext_sd): Unknown volume
05-22 13:02:57.689 W/MountService(  374): getVolumeState(/storage/extSdCard): Unknown volume
05-22 13:02:57.689 W/MountService(  374): getVolumeState(/storage/sdcard1): Unknown volume
05-22 13:02:57.689 W/MountService(  374): getVolumeState(/mnt/sdcard/external_SD): Unknown volume
05-22 13:02:57.689 W/MountService(  374): getVolumeState(/mnt/sdcard/external_sd): Unknown volume
05-22 13:02:57.752 D/dalvikvm( 1468): GC_CONCURRENT freed 624K, 21% free 9974K/12512K, paused 6ms+6ms, total 54ms
05-22 13:02:57.752 D/dalvikvm( 1468): WAIT_FOR_CONCURRENT_GC blocked 12ms
05-22 13:03:05.642 D/dalvikvm(20503): GC_CONCURRENT freed 326K, 6% free 9190K/9700K, paused 2ms+3ms, total 22ms
05-22 13:03:37.385 D/dalvikvm( 1661): GC_EXPLICIT freed 651K, 18% free 13045K/15888K, paused 3ms+5ms, total 77ms
05-22 13:03:41.650 D/dalvikvm(  374): JIT code cache reset in 5 ms (1048524 bytes 59/0)
05-22 13:03:41.658 D/dalvikvm(  374): GC_EXPLICIT freed 920K, 19% free 24545K/30132K, paused 4ms+18ms, total 128ms
05-22 13:03:41.681 I/ActivityManager(  374): No longer want com.qihoo360.mobilesafe:PcDaemon (pid 19993): empty for 1807s
05-22 13:03:41.689 W/ActivityManager(  374): Scheduling restart of crashed service com.qihoo360.mobilesafe/.pcdaemon.service.DaemonService in 5000ms
05-22 13:03:42.455 D/dalvikvm( 1661): GC_EXPLICIT freed 13K, 18% free 13032K/15888K, paused 3ms+5ms, total 60ms
05-22 13:03:46.713 I/dalvikvm(20579): Turning on JNI app bug workarounds for target SDK version 8...
05-22 13:03:46.713 I/ActivityManager(  374): Start proc com.qihoo360.mobilesafe:PcDaemon for service com.qihoo360.mobilesafe/.pcdaemon.service.DaemonService: pid=20579 uid=10069 gids={50069, 3003, 1015, 3001, 3002, 1006, 1028}
05-22 13:03:52.447 D/dalvikvm( 1661): GC_EXPLICIT freed <1K, 18% free 13032K/15888K, paused 3ms+5ms, total 60ms
05-22 13:03:57.478 W/MountService(  374): getVolumeState(/storage/emulated/0/external_sd): Unknown volume
05-22 13:03:57.478 W/MountService(  374): getVolumeState(/mnt/sdcard-ext): Unknown volume
05-22 13:03:57.478 W/MountService(  374): getVolumeState(/mnt/ext_sdcard): Unknown volume
05-22 13:03:57.486 W/MountService(  374): getVolumeState(/mnt/sdcard2): Unknown volume
05-22 13:03:57.486 W/MountService(  374): getVolumeState(/mnt/emmc): Unknown volume
05-22 13:03:57.486 W/MountService(  374): getVolumeState(/mnt/extSdCard): Unknown volume
05-22 13:03:57.486 W/MountService(  374): getVolumeState(/mnt/sdcard/SD_CARD): Unknown volume
05-22 13:03:57.486 W/MountService(  374): getVolumeState(/mnt/sdcard/extra_sd): Unknown volume
05-22 13:03:57.486 W/MountService(  374): getVolumeState(/mnt/extrasd_bind): Unknown volume
05-22 13:03:57.486 W/MountService(  374): getVolumeState(/mnt/sdcard/ext_sd): Unknown volume
05-22 13:03:57.486 W/MountService(  374): getVolumeState(/storage/extSdCard): Unknown volume
05-22 13:03:57.486 W/MountService(  374): getVolumeState(/storage/sdcard1): Unknown volume
05-22 13:03:57.494 W/MountService(  374): getVolumeState(/mnt/sdcard/external_SD): Unknown volume
05-22 13:03:57.494 W/MountService(  374): getVolumeState(/mnt/sdcard/external_sd): Unknown volume
05-22 13:03:57.619 D/dalvikvm( 1468): GC_CONCURRENT freed 458K, 21% free 9955K/12512K, paused 21ms+10ms, total 90ms
05-22 13:03:57.877 W/MountService(  374): getVolumeState(/storage/emulated/0/external_sd): Unknown volume
05-22 13:03:57.877 W/MountService(  374): getVolumeState(/mnt/sdcard-ext): Unknown volume
05-22 13:03:57.877 W/MountService(  374): getVolumeState(/mnt/ext_sdcard): Unknown volume
05-22 13:03:57.885 W/MountService(  374): getVolumeState(/mnt/sdcard2): Unknown volume
05-22 13:03:57.885 W/MountService(  374): getVolumeState(/mnt/emmc): Unknown volume
05-22 13:03:57.885 W/MountService(  374): getVolumeState(/mnt/extSdCard): Unknown volume
05-22 13:03:57.885 W/MountService(  374): getVolumeState(/mnt/sdcard/SD_CARD): Unknown volume
05-22 13:03:57.892 W/MountService(  374): getVolumeState(/mnt/sdcard/extra_sd): Unknown volume
05-22 13:03:57.892 W/MountService(  374): getVolumeState(/mnt/extrasd_bind): Unknown volume
05-22 13:03:57.892 W/MountService(  374): getVolumeState(/mnt/sdcard/ext_sd): Unknown volume
05-22 13:03:57.892 W/MountService(  374): getVolumeState(/storage/extSdCard): Unknown volume
05-22 13:03:57.892 W/MountService(  374): getVolumeState(/storage/sdcard1): Unknown volume
05-22 13:03:57.892 W/MountService(  374): getVolumeState(/mnt/sdcard/external_SD): Unknown volume
05-22 13:03:57.892 W/MountService(  374): getVolumeState(/mnt/sdcard/external_sd): Unknown volume
05-22 13:03:57.924 D/dalvikvm( 1468): GC_CONCURRENT freed 476K, 21% free 9990K/12512K, paused 11ms+7ms, total 55ms
05-22 13:03:57.924 D/dalvikvm( 1468): WAIT_FOR_CONCURRENT_GC blocked 25ms
05-22 13:03:57.924 D/dalvikvm( 1468): WAIT_FOR_CONCURRENT_GC blocked 26ms
05-22 13:04:40.510 D/MdmService(17184): [null:-1]->receiver action :com.pekall.mdm.action.MDM_ALARM
05-22 13:04:40.510 D/MdmService(17184): [null:-1]->keepAliveWithPushServer client is opened:true
05-22 13:04:40.510 D/MDM :   (17184): [null:-1]->ping!!!!!!!!!
05-22 13:04:40.510 D/MdmService(17184): [null:-1]->pushUrl : ws://test.mdm.everknow.cn:9090/websocket
05-22 13:04:40.517 D/MDM :   (17184): [null:-1]->mMdmPushClient is :not null
05-22 13:04:40.517 D/MDM :   (17184): [null:-1]->mMdmPushClient opened : opened
05-22 13:04:40.517 D/MdmStatusManager(17184): [null:-1]->change status to : Busy
05-22 13:04:40.517 I/TransInfo(17184): TransInfo created, id: 3, class: class com.pekall.emdm.transaction.c.b
05-22 13:04:40.517 D/NetworkThread(17184): [null:-1]->----isRunning-----true
05-22 13:04:40.517 D/NetworkThread(17184): [null:-1]->----isRunning-----true
05-22 13:04:40.525 D/NetworkThread(17184): [null:-1]->thread wakeup
05-22 13:04:40.525 D/NetworkThread(17184): [null:-1]->sendHttpPost:PostRequest, url: http://192.168.10.21/rest/mdm/v1/ios/android_server, Params: [content:<?xml version="1.0" encoding="UTF-8"?>
05-22 13:04:40.525 D/NetworkThread(17184): <!DOCTYPE plist PUBLIC "-//Apple//DTD PLIST 1.0//EN" "http://www.apple.com/DTDs/PropertyList-1.0.dtd">
05-22 13:04:40.525 D/NetworkThread(17184): <plist version="1.0">
05-22 13:04:40.525 D/NetworkThread(17184): <dict>
05-22 13:04:40.525 D/NetworkThread(17184): 	<key>Status</key>
05-22 13:04:40.525 D/NetworkThread(17184): 	<string>Idle</string>
05-22 13:04:40.525 D/NetworkThread(17184): 	<key>UDID</key>
05-22 13:04:40.525 D/NetworkThread(17184): 	<string>00013fbc8ecec5b90000014621fa2165</string>
05-22 13:04:40.525 D/NetworkThread(17184): </dict>
05-22 13:04:40.525 D/NetworkThread(17184): </plist>], 
05-22 13:04:40.525 D/HttpClient(17184): enable apache.http debug
05-22 13:04:40.533 D/MDM :   (17184): [null:-1]->MSG_WEBSOCKET_PONG
05-22 13:04:40.533 V/DEBUG   (17184): HTTP 0
05-22 13:04:45.705 D/MDM :   (17184): [null:-1]->statusCode : 200
05-22 13:04:45.705 D/MDM :   (17184): [null:-1]->statusCode : 200
05-22 13:04:45.705 V/DEBUG   (17184): HTTP 1
05-22 13:04:45.713 D/MDM :   (17184): [null:-1]->Get joson string: 
05-22 13:04:45.713 D/NetworkThread(17184): [null:-1]->clear mCurrentTransInfo
05-22 13:04:45.713 D/NetworkThread(17184): [null:-1]->queue is empty, thread wait...
05-22 13:04:45.814 D/MdmService(17184): [null:-1]->handleCheckInResult
05-22 13:04:45.814 D/MdmService(17184): [null:-1]->handleCheckInResult result keyIndex: 3
05-22 13:04:45.814 D/HandleCommandTask(17184): [null:-1]->execute command msg but beanBase is null
05-22 13:04:45.814 D/MdmStatusManager(17184): [null:-1]->change status to : Idle
05-22 13:04:51.822 D/dalvikvm(  561): GC_EXPLICIT freed 203K, 5% free 9421K/9856K, paused 2ms+5ms, total 33ms
05-22 13:04:56.658 W/Parcel  ( 1661): Attempt to read object from Parcel 0x5dfd3dac at offset 200 that is not in the object list
05-22 13:04:56.721 D/dalvikvm( 1468): GC_CONCURRENT freed 426K, 21% free 9960K/12512K, paused 7ms+6ms, total 39ms
05-22 13:04:57.705 W/MountService(  374): getVolumeState(/storage/emulated/0/external_sd): Unknown volume
05-22 13:04:57.705 W/MountService(  374): getVolumeState(/mnt/sdcard-ext): Unknown volume
05-22 13:04:57.705 W/MountService(  374): getVolumeState(/mnt/ext_sdcard): Unknown volume
05-22 13:04:57.705 W/MountService(  374): getVolumeState(/mnt/sdcard2): Unknown volume
05-22 13:04:57.705 W/MountService(  374): getVolumeState(/mnt/emmc): Unknown volume
05-22 13:04:57.705 W/MountService(  374): getVolumeState(/mnt/extSdCard): Unknown volume
05-22 13:04:57.713 W/MountService(  374): getVolumeState(/mnt/sdcard/SD_CARD): Unknown volume
05-22 13:04:57.713 W/MountService(  374): getVolumeState(/mnt/sdcard/extra_sd): Unknown volume
05-22 13:04:57.713 W/MountService(  374): getVolumeState(/mnt/extrasd_bind): Unknown volume
05-22 13:04:57.713 W/MountService(  374): getVolumeState(/mnt/sdcard/ext_sd): Unknown volume
05-22 13:04:57.713 W/MountService(  374): getVolumeState(/storage/extSdCard): Unknown volume
05-22 13:04:57.713 W/MountService(  374): getVolumeState(/storage/sdcard1): Unknown volume
05-22 13:04:57.713 W/MountService(  374): getVolumeState(/mnt/sdcard/external_SD): Unknown volume
05-22 13:04:57.713 W/MountService(  374): getVolumeState(/mnt/sdcard/external_sd): Unknown volume
05-22 13:04:57.892 D/dalvikvm( 1468): GC_CONCURRENT freed 306K, 20% free 10091K/12512K, paused 7ms+7ms, total 56ms
05-22 13:04:58.049 W/MountService(  374): getVolumeState(/storage/emulated/0/external_sd): Unknown volume
05-22 13:04:58.049 W/MountService(  374): getVolumeState(/mnt/sdcard-ext): Unknown volume
05-22 13:04:58.049 W/MountService(  374): getVolumeState(/mnt/ext_sdcard): Unknown volume
05-22 13:04:58.049 W/MountService(  374): getVolumeState(/mnt/sdcard2): Unknown volume
05-22 13:04:58.049 W/MountService(  374): getVolumeState(/mnt/emmc): Unknown volume
05-22 13:04:58.049 W/MountService(  374): getVolumeState(/mnt/extSdCard): Unknown volume
05-22 13:04:58.049 W/MountService(  374): getVolumeState(/mnt/sdcard/SD_CARD): Unknown volume
05-22 13:04:58.056 W/MountService(  374): getVolumeState(/mnt/sdcard/extra_sd): Unknown volume
05-22 13:04:58.056 W/MountService(  374): getVolumeState(/mnt/extrasd_bind): Unknown volume
05-22 13:04:58.056 W/MountService(  374): getVolumeState(/mnt/sdcard/ext_sd): Unknown volume
05-22 13:04:58.056 W/MountService(  374): getVolumeState(/storage/extSdCard): Unknown volume
05-22 13:04:58.064 W/MountService(  374): getVolumeState(/storage/sdcard1): Unknown volume
05-22 13:04:58.064 W/MountService(  374): getVolumeState(/mnt/sdcard/external_SD): Unknown volume
05-22 13:04:58.064 W/MountService(  374): getVolumeState(/mnt/sdcard/external_sd): Unknown volume
05-22 13:04:58.119 D/dalvikvm( 1468): GC_CONCURRENT freed 624K, 21% free 9975K/12512K, paused 7ms+6ms, total 53ms
05-22 13:04:58.119 D/dalvikvm( 1468): WAIT_FOR_CONCURRENT_GC blocked 17ms
05-22 13:05:19.580 D/dalvikvm(20597): Late-enabling CheckJNI
05-22 13:05:19.603 I/ActivityManager(  374): Start proc com.pekall.emdm.launcher:remote for service com.pekall.emdm.launcher/com.baidu.location.f: pid=20597 uid=10066 gids={50066, 1015, 3002, 3001, 3003, 1028}
05-22 13:05:19.642 V/MyServiceConnection(20597): [SConnection] sandbox service is NOT installed.
05-22 13:05:19.650 V/MyServiceConnection(20597): [SConnection] binding service: pekall.intent.action.SANDBOX_SERVICE
05-22 13:05:19.650 D/ScClassLoader(20597): >> SOURCE FILE: /data/data/com.pekall.emdm.launcher/app_jars/sc-jdk15on-1.47.0.2.dex.jar
05-22 13:05:19.713 D/dalvikvm(20597): GC_CONCURRENT freed 153K, 3% free 9280K/9472K, paused 4ms+2ms, total 43ms
05-22 13:05:19.713 D/dalvikvm(20597): WAIT_FOR_CONCURRENT_GC blocked 16ms
05-22 13:05:19.721 D/dalvikvm(20597): WAIT_FOR_CONCURRENT_GC blocked 15ms
05-22 13:05:19.721 W/Parcel  ( 1661): Attempt to read object from Parcel 0x6013bdac at offset 200 that is not in the object list
05-22 13:05:19.721 W/Parcel  ( 1661): Attempt to read object from Parcel 0x5ec3bdac at offset 200 that is not in the object list
05-22 13:05:19.721 D/Email   (20597): Email: init sandbox at the beginning.
05-22 13:05:19.721 V/MyServiceConnection(20597): [SConnection] retry to bind service
05-22 13:05:19.721 V/MyServiceConnection(20597): [SConnection] sandbox service is NOT installed.
05-22 13:05:19.721 V/MyServiceConnection(20597): [SConnection] binding service: pekall.intent.action.SANDBOX_SERVICE
05-22 13:05:19.775 V/MyServiceConnection(20597): [SConnection] retry to bind service
05-22 13:05:19.775 V/MyServiceConnection(20597): [SConnection] sandbox service is NOT installed.
05-22 13:05:19.775 V/MyServiceConnection(20597): [SConnection] binding service: pekall.intent.action.SANDBOX_SERVICE
05-22 13:05:19.791 V/l       (20597): Bind requested for task setLogging
05-22 13:05:19.799 D/ExchangeService(17184): !!! EAS ExchangeService, onCreate
05-22 13:05:19.806 W/Parcel  ( 1661): Attempt to read object from Parcel 0x5ef3bdac at offset 200 that is not in the object list
05-22 13:05:19.806 D/ExchangeService(17184): !!! EAS ExchangeService, onStartCommand, startingUp = false, running = false
05-22 13:05:19.806 D/ExchangeService(17184): to start secureStorageService now
05-22 13:05:19.806 D/dalvikvm(20597): GC_CONCURRENT freed 259K, 4% free 9534K/9832K, paused 3ms+3ms, total 40ms
05-22 13:05:19.806 D/dalvikvm(20597): WAIT_FOR_CONCURRENT_GC blocked 12ms
05-22 13:05:19.806 D/dalvikvm(20597): WAIT_FOR_CONCURRENT_GC blocked 8ms
05-22 13:05:19.814 D/dalvikvm(20597): WAIT_FOR_CONCURRENT_GC blocked 10ms
05-22 13:05:19.838 V/a       (17184): Bind requested for task test
05-22 13:05:19.861 V/a       (17184): Connected: com.pekall.semail.service.AccountServiceInternal
05-22 13:05:19.877 D/ExchangeService(17184): Reconciling accounts...
05-22 13:05:19.885 V/a       (17184): Connection test succeeded in 46ms
05-22 13:05:19.885 V/a       (17184): Task test completed; disconnecting
05-22 13:05:19.900 V/a       (17184): Bind requested for task reconcileAccounts
05-22 13:05:19.924 W/DocumentManager(20597): Sandbox service is not connected.
05-22 13:05:19.924 D/MessageControllerImpl(20597): controller is null
05-22 13:05:19.924 V/MyServiceConnection(20597): [SConnection] retry to bind service
05-22 13:05:19.924 V/MyServiceConnection(20597): [SConnection] sandbox service is NOT installed.
05-22 13:05:19.924 V/MyServiceConnection(20597): [SConnection] binding service: pekall.intent.action.SANDBOX_SERVICE
05-22 13:05:19.947 W/SQLiteOpenHelper(20597): Opened /data/data/com.pekall.emdm.launcher/databases/message.db
05-22 13:05:19.947 W/dalvikvm(20597): No implementation found for native Lcom/pekall/sandbox/database/sqlite/SQLiteDatabase;.native_setSqliteSoftHeapLimit:(I)V
05-22 13:05:19.947 D/AndroidRuntime(20597): Shutting down VM
05-22 13:05:19.947 W/dalvikvm(20597): threadid=1: thread exiting with uncaught exception (group=0x419c8700)
05-22 13:05:19.947 D/        (20597): [---null: -1---]  Thread is main
05-22 13:05:19.947 W/System.err(20597): java.lang.UnsatisfiedLinkError: Native method not found: com.pekall.sandbox.database.sqlite.SQLiteDatabase.native_setSqliteSoftHeapLimit:(I)V
05-22 13:05:19.963 W/System.err(20597): 	at com.pekall.sandbox.database.sqlite.SQLiteDatabase.native_setSqliteSoftHeapLimit(Native Method)
05-22 13:05:19.963 W/System.err(20597): 	at com.pekall.sandbox.database.sqlite.SQLiteDatabase.<init>(Unknown Source)
05-22 13:05:19.963 W/System.err(20597): 	at com.pekall.sandbox.database.sqlite.SQLiteDatabase.openDatabase(Unknown Source)
05-22 13:05:19.963 W/System.err(20597): 	at com.pekall.sandbox.database.sqlite.SQLiteDatabase.openDatabase(Unknown Source)
05-22 13:05:19.963 W/System.err(20597): 	at com.pekall.sandbox.database.sqlite.SQLiteDatabase.openDatabase(Unknown Source)
05-22 13:05:19.963 W/System.err(20597): 	at com.pekall.sandbox.database.sqlite.SQLiteOpenHelper.getWritableDatabase(Unknown Source)
05-22 13:05:19.963 W/System.err(20597): 	at com.pekall.emdm.messagecenter.db.a.a(Unknown Source)
05-22 13:05:19.963 W/System.err(20597): 	at com.pekall.emdm.messagecenter.db.a.b(Unknown Source)
05-22 13:05:19.963 W/System.err(20597): 	at com.pekall.emdm.messagecenter.activity.a.onCreate(Unknown Source)
05-22 13:05:19.963 W/System.err(20597): 	at com.pekall.emdm.launcher.LauncherApplication.onCreate(Unknown Source)
05-22 13:05:19.963 W/System.err(20597): 	at android.app.Instrumentation.callApplicationOnCreate(Instrumentation.java:1007)
05-22 13:05:19.963 W/System.err(20597): 	at android.app.ActivityThread.handleBindApplication(ActivityThread.java:4444)
05-22 13:05:19.963 W/System.err(20597): 	at android.app.ActivityThread.access$1300(ActivityThread.java:141)
05-22 13:05:19.963 W/System.err(20597): 	at android.app.ActivityThread$H.handleMessage(ActivityThread.java:1316)
05-22 13:05:19.963 W/System.err(20597): 	at android.os.Handler.dispatchMessage(Handler.java:99)
05-22 13:05:19.971 W/System.err(20597): 	at android.os.Looper.loop(Looper.java:137)
05-22 13:05:19.971 W/System.err(20597): 	at android.app.ActivityThread.main(ActivityThread.java:5103)
05-22 13:05:19.971 W/System.err(20597): 	at java.lang.reflect.Method.invokeNative(Native Method)
05-22 13:05:19.971 W/System.err(20597): 	at java.lang.reflect.Method.invoke(Method.java:525)
05-22 13:05:19.971 W/System.err(20597): 	at com.android.internal.os.ZygoteInit$MethodAndArgsCaller.run(ZygoteInit.java:737)
05-22 13:05:19.971 W/System.err(20597): 	at com.android.internal.os.ZygoteInit.main(ZygoteInit.java:553)
05-22 13:05:19.971 W/System.err(20597): 	at dalvik.system.NativeStart.main(Native Method)
05-22 13:05:19.978 V/a       (17184): Connected: com.pekall.semail.service.AccountServiceInternal
05-22 13:05:19.994 V/a       (17184): Task reconcileAccounts completed; disconnecting
05-22 13:05:20.010 V/a       (17184): Waiting for task reconcileAccounts to complete...
05-22 13:05:20.025 D/dalvikvm(20597): GC_CONCURRENT freed 460K, 6% free 9462K/9964K, paused 14ms+15ms, total 62ms
05-22 13:05:20.025 D/ActivityThread(20597): Loading provider com.pekall.semail.provider;com.pekall.semail.notifier: com.pekall.semail.provider.EmailProvider
05-22 13:05:20.127 D/ActivityThread(20597): Loading provider com.pekall.semail.provider;com.pekall.semail.notifier: com.pekall.semail.provider.EmailProvider
05-22 13:05:22.033 W/EmailProvider(20597): restoreIfNeeded...
05-22 13:05:22.033 D/EmailProvider(20597): restoreAccounts...
05-22 13:05:22.775 D/EmailProvider(20597): No accounts to restore...
05-22 13:05:22.916 D/EmailProvider(20597): Deleting orphans...
05-22 13:05:22.986 D/EmailProvider(20597): EmailProvider pre-caching...
05-22 13:05:23.533 D/EmailProvider(20597): EmailProvider ready.
05-22 13:05:23.963 W/ActivityManager(  374): Unable to start service Intent { cmp=com.pekall.emdm.launcher/com.pekall.semail.service.AttachmentDownloadService } U=0: not found
05-22 13:05:23.978 I/Email   (20597): Notifications being toggled: false
05-22 13:05:37.822 D/dalvikvm( 1661): GC_EXPLICIT freed 234K, 18% free 13034K/15888K, paused 3ms+5ms, total 125ms
05-22 13:05:39.642 W/ActivityManager(  374): Timeout executing service: ServiceRecord{4301b240 u0 com.pekall.emdm.launcher/com.baidu.location.f}
05-22 13:05:39.666 I/Process (  374): Sending signal. PID: 20597 SIG: 3
05-22 13:05:39.666 I/dalvikvm(20597): threadid=3: reacting to signal 3
05-22 13:05:39.869 I/Process (  374): Sending signal. PID: 374 SIG: 3
05-22 13:05:39.869 I/dalvikvm(  374): threadid=3: reacting to signal 3
05-22 13:05:39.916 D/dalvikvm(20597): JIT unchain all for threadid=11
05-22 13:05:39.971 I/dalvikvm(20597): Wrote stack traces to '/data/anr/traces.txt'
05-22 13:05:42.971 D/dalvikvm( 1661): GC_EXPLICIT freed 2K, 18% free 13032K/15888K, paused 2ms+5ms, total 153ms
05-22 13:05:43.353 I/Process (  374): Sending signal. PID: 561 SIG: 3
05-22 13:05:43.353 I/dalvikvm(  561): threadid=3: reacting to signal 3
05-22 13:05:43.353 I/dalvikvm(  374): Wrote stack traces to '/data/anr/traces.txt'
05-22 13:05:43.392 I/Process (  374): Sending signal. PID: 448 SIG: 3
05-22 13:05:43.392 I/dalvikvm(  448): threadid=3: reacting to signal 3
05-22 13:05:43.400 I/Process (  374): Sending signal. PID: 568 SIG: 3
05-22 13:05:43.400 I/dalvikvm(  568): threadid=3: reacting to signal 3
05-22 13:05:43.478 I/dalvikvm(  561): Wrote stack traces to '/data/anr/traces.txt'
05-22 13:05:43.510 I/dalvikvm(  568): Wrote stack traces to '/data/anr/traces.txt'
05-22 13:05:44.377 I/dalvikvm(  448): Wrote stack traces to '/data/anr/traces.txt'
05-22 13:05:44.471 D/dalvikvm(  374): GC_EXPLICIT freed 1714K, 17% free 25066K/30132K, paused 11ms+19ms, total 281ms
05-22 13:05:45.096 I/Process (  374): Sending signal. PID: 17184 SIG: 3
05-22 13:05:45.096 I/dalvikvm(17184): threadid=3: reacting to signal 3
05-22 13:05:45.346 D/dalvikvm(17184): JIT unchain all for threadid=11
05-22 13:05:45.346 E/ActivityManager(  374): ANR in com.pekall.emdm.launcher:remote
05-22 13:05:45.346 E/ActivityManager(  374): Reason: Executing service com.pekall.emdm.launcher/com.baidu.location.f
05-22 13:05:45.346 E/ActivityManager(  374): Load: 1.65 / 1.22 / 1.18
05-22 13:05:45.346 E/ActivityManager(  374): CPU usage from 0ms to 5654ms later:
05-22 13:05:45.346 E/ActivityManager(  374):   85% 17184/com.pekall.emdm.launcher: 85% user + 0% kernel
05-22 13:05:45.346 E/ActivityManager(  374):   74% 20597/com.pekall.emdm.launcher:remote: 74% user + 0.3% kernel / faults: 114 minor
05-22 13:05:45.346 E/ActivityManager(  374):   29% 374/system_server: 22% user + 6.7% kernel / faults: 741 minor
05-22 13:05:45.346 E/ActivityManager(  374):   1.1% 448/com.android.systemui: 0.9% user + 0.1% kernel / faults: 37 minor
05-22 13:05:45.346 E/ActivityManager(  374):   1% 1661/com.qihoo360.mobilesafe:GuardService: 1% user + 0% kernel / faults: 141 minor
05-22 13:05:45.346 E/ActivityManager(  374):   0.7% 561/com.android.phone: 0.7% user + 0% kernel / faults: 31 minor
05-22 13:05:45.346 E/ActivityManager(  374):   0% 568/com.android.nfc: 0% user + 0% kernel / faults: 29 minor
05-22 13:05:45.346 E/ActivityManager(  374): 100% TOTAL: 95% user + 4% kernel
05-22 13:05:45.346 E/ActivityManager(  374): CPU usage from 4834ms to 5396ms later:
05-22 13:05:45.346 E/ActivityManager(  374):   100% 17184/com.pekall.emdm.launcher: 100% user + 0% kernel
05-22 13:05:45.346 E/ActivityManager(  374):     100% 17197/Thread-5058: 100% user + 0% kernel
05-22 13:05:45.346 E/ActivityManager(  374):   94% 20597/com.pekall.emdm.launcher:remote: 94% user + 0% kernel
05-22 13:05:45.346 E/ActivityManager(  374):     94% 20610/Thread-5244: 94% user + 0% kernel
05-22 13:05:45.346 E/ActivityManager(  374):   5.3% 374/system_server: 1.7% user + 3.5% kernel / faults: 23 minor
05-22 13:05:45.346 E/ActivityManager(  374):     7.1% 390/ActivityManager: 1.7% user + 5.3% kernel
05-22 13:05:45.346 E/ActivityManager(  374): 100% TOTAL: 97% user + 2.6% kernel
05-22 13:05:45.353 W/ActivityManager(  374): Killing ProcessRecord{426e1e50 20597:com.pekall.emdm.launcher:remote/u0a10066}: background ANR
05-22 13:05:45.361 I/ActivityManager(  374): Process com.pekall.emdm.launcher:remote (pid 20597) has died.
05-22 13:05:45.361 W/ActivityManager(  374): Scheduling restart of crashed service com.pekall.emdm.launcher/com.baidu.location.f in 5120000ms
05-22 13:05:45.502 D/dalvikvm(  374): GC_FOR_ALLOC freed 817K, 16% free 25311K/30132K, paused 134ms, total 134ms
05-22 13:05:45.549 I/dalvikvm(17184): Wrote stack traces to '/data/anr/traces.txt'
05-22 13:05:45.619 D/dalvikvm(  374): GC_FOR_ALLOC freed 777K, 18% free 24790K/30132K, paused 115ms, total 115ms
05-22 13:05:52.892 D/dalvikvm( 1661): GC_EXPLICIT freed <1K, 18% free 13032K/15888K, paused 3ms+4ms, total 60ms
05-22 13:05:57.806 W/MountService(  374): getVolumeState(/storage/emulated/0/external_sd): Unknown volume
05-22 13:05:57.806 W/MountService(  374): getVolumeState(/mnt/sdcard-ext): Unknown volume
05-22 13:05:57.814 W/MountService(  374): getVolumeState(/mnt/ext_sdcard): Unknown volume
05-22 13:05:57.814 W/MountService(  374): getVolumeState(/mnt/sdcard2): Unknown volume
05-22 13:05:57.814 W/MountService(  374): getVolumeState(/mnt/emmc): Unknown volume
05-22 13:05:57.814 W/MountService(  374): getVolumeState(/mnt/extSdCard): Unknown volume
05-22 13:05:57.814 W/MountService(  374): getVolumeState(/mnt/sdcard/SD_CARD): Unknown volume
05-22 13:05:57.814 W/MountService(  374): getVolumeState(/mnt/sdcard/extra_sd): Unknown volume
05-22 13:05:57.814 W/MountService(  374): getVolumeState(/mnt/extrasd_bind): Unknown volume
05-22 13:05:57.814 W/MountService(  374): getVolumeState(/mnt/sdcard/ext_sd): Unknown volume
05-22 13:05:57.814 W/MountService(  374): getVolumeState(/storage/extSdCard): Unknown volume
05-22 13:05:57.814 W/MountService(  374): getVolumeState(/storage/sdcard1): Unknown volume
05-22 13:05:57.814 W/MountService(  374): getVolumeState(/mnt/sdcard/external_SD): Unknown volume
05-22 13:05:57.814 W/MountService(  374): getVolumeState(/mnt/sdcard/external_sd): Unknown volume
05-22 13:05:57.963 D/dalvikvm( 1468): GC_CONCURRENT freed 450K, 20% free 10055K/12512K, paused 24ms+16ms, total 107ms
05-22 13:05:58.166 W/MountService(  374): getVolumeState(/storage/emulated/0/external_sd): Unknown volume
05-22 13:05:58.166 W/MountService(  374): getVolumeState(/mnt/sdcard-ext): Unknown volume
05-22 13:05:58.174 W/MountService(  374): getVolumeState(/mnt/ext_sdcard): Unknown volume
05-22 13:05:58.174 W/MountService(  374): getVolumeState(/mnt/sdcard2): Unknown volume
05-22 13:05:58.174 W/MountService(  374): getVolumeState(/mnt/emmc): Unknown volume
05-22 13:05:58.174 W/MountService(  374): getVolumeState(/mnt/extSdCard): Unknown volume
05-22 13:05:58.174 W/MountService(  374): getVolumeState(/mnt/sdcard/SD_CARD): Unknown volume
05-22 13:05:58.174 W/MountService(  374): getVolumeState(/mnt/sdcard/extra_sd): Unknown volume
05-22 13:05:58.174 W/MountService(  374): getVolumeState(/mnt/extrasd_bind): Unknown volume
05-22 13:05:58.174 W/MountService(  374): getVolumeState(/mnt/sdcard/ext_sd): Unknown volume
05-22 13:05:58.174 W/MountService(  374): getVolumeState(/storage/extSdCard): Unknown volume
05-22 13:05:58.174 W/MountService(  374): getVolumeState(/storage/sdcard1): Unknown volume
05-22 13:05:58.181 W/MountService(  374): getVolumeState(/mnt/sdcard/external_SD): Unknown volume
05-22 13:05:58.181 W/MountService(  374): getVolumeState(/mnt/sdcard/external_sd): Unknown volume
05-22 13:05:58.228 D/dalvikvm( 1468): GC_CONCURRENT freed 574K, 21% free 9992K/12512K, paused 6ms+6ms, total 52ms
05-22 13:05:58.228 D/dalvikvm( 1468): WAIT_FOR_CONCURRENT_GC blocked 18ms
05-22 13:06:05.017 V/a       (17184): Wait for reconcileAccounts finished in 45006ms
05-22 13:06:05.025 D/ExchangeService(17184): !!! EAS ExchangeService, stopping self
05-22 13:06:05.025 D/ExchangeService(17184): !!! EAS ExchangeService, onDestroy
05-22 13:06:56.838 W/Parcel  ( 1661): Attempt to read object from Parcel 0x5ef3bdac at offset 200 that is not in the object list
05-22 13:06:57.885 W/MountService(  374): getVolumeState(/storage/emulated/0/external_sd): Unknown volume
05-22 13:06:57.885 W/MountService(  374): getVolumeState(/mnt/sdcard-ext): Unknown volume
05-22 13:06:57.885 W/MountService(  374): getVolumeState(/mnt/ext_sdcard): Unknown volume
05-22 13:06:57.892 W/MountService(  374): getVolumeState(/mnt/sdcard2): Unknown volume
05-22 13:06:57.892 W/MountService(  374): getVolumeState(/mnt/emmc): Unknown volume
05-22 13:06:57.892 W/MountService(  374): getVolumeState(/mnt/extSdCard): Unknown volume
05-22 13:06:57.908 W/MountService(  374): getVolumeState(/mnt/sdcard/SD_CARD): Unknown volume
05-22 13:06:57.908 W/MountService(  374): getVolumeState(/mnt/sdcard/extra_sd): Unknown volume
05-22 13:06:57.908 W/MountService(  374): getVolumeState(/mnt/extrasd_bind): Unknown volume
05-22 13:06:57.908 W/MountService(  374): getVolumeState(/mnt/sdcard/ext_sd): Unknown volume
05-22 13:06:57.908 W/MountService(  374): getVolumeState(/storage/extSdCard): Unknown volume
05-22 13:06:57.908 W/MountService(  374): getVolumeState(/storage/sdcard1): Unknown volume
05-22 13:06:57.908 W/MountService(  374): getVolumeState(/mnt/sdcard/external_SD): Unknown volume
05-22 13:06:57.908 W/MountService(  374): getVolumeState(/mnt/sdcard/external_sd): Unknown volume
05-22 13:06:57.986 D/dalvikvm( 1468): GC_CONCURRENT freed 522K, 21% free 9974K/12512K, paused 7ms+18ms, total 98ms
05-22 13:06:57.986 D/dalvikvm( 1468): WAIT_FOR_CONCURRENT_GC blocked 43ms
05-22 13:06:58.267 W/MountService(  374): getVolumeState(/storage/emulated/0/external_sd): Unknown volume
05-22 13:06:58.267 W/MountService(  374): getVolumeState(/mnt/sdcard-ext): Unknown volume
05-22 13:06:58.267 W/MountService(  374): getVolumeState(/mnt/ext_sdcard): Unknown volume
05-22 13:06:58.267 W/MountService(  374): getVolumeState(/mnt/sdcard2): Unknown volume
05-22 13:06:58.267 W/MountService(  374): getVolumeState(/mnt/emmc): Unknown volume
05-22 13:06:58.267 W/MountService(  374): getVolumeState(/mnt/extSdCard): Unknown volume
05-22 13:06:58.267 W/MountService(  374): getVolumeState(/mnt/sdcard/SD_CARD): Unknown volume
05-22 13:06:58.283 W/MountService(  374): getVolumeState(/mnt/sdcard/extra_sd): Unknown volume
05-22 13:06:58.283 W/MountService(  374): getVolumeState(/mnt/extrasd_bind): Unknown volume
05-22 13:06:58.283 W/MountService(  374): getVolumeState(/mnt/sdcard/ext_sd): Unknown volume
05-22 13:06:58.283 W/MountService(  374): getVolumeState(/storage/extSdCard): Unknown volume
05-22 13:06:58.283 W/MountService(  374): getVolumeState(/storage/sdcard1): Unknown volume
05-22 13:06:58.283 W/MountService(  374): getVolumeState(/mnt/sdcard/external_SD): Unknown volume
05-22 13:06:58.283 W/MountService(  374): getVolumeState(/mnt/sdcard/external_sd): Unknown volume
05-22 13:06:58.306 D/dalvikvm( 1468): GC_CONCURRENT freed 485K, 21% free 10000K/12512K, paused 23ms+6ms, total 71ms
05-22 13:06:58.306 D/dalvikvm( 1468): WAIT_FOR_CONCURRENT_GC blocked 39ms
05-22 13:06:58.306 D/dalvikvm( 1468): WAIT_FOR_CONCURRENT_GC blocked 21ms
05-22 13:07:00.064 D/dalvikvm(  448): GC_CONCURRENT freed 1373K, 15% free 13855K/16128K, paused 2ms+9ms, total 57ms
05-22 13:07:33.299 D/dalvikvm( 1661): GC_EXPLICIT freed 385K, 18% free 13037K/15888K, paused 3ms+5ms, total 77ms
05-22 13:07:38.369 D/dalvikvm( 1661): GC_EXPLICIT freed 6K, 18% free 13031K/15888K, paused 3ms+5ms, total 60ms
05-22 13:07:48.369 D/dalvikvm( 1661): GC_EXPLICIT freed <1K, 18% free 13031K/15888K, paused 2ms+5ms, total 59ms
05-22 13:07:57.971 W/MountService(  374): getVolumeState(/storage/emulated/0/external_sd): Unknown volume
05-22 13:07:57.971 W/MountService(  374): getVolumeState(/mnt/sdcard-ext): Unknown volume
05-22 13:07:57.971 W/MountService(  374): getVolumeState(/mnt/ext_sdcard): Unknown volume
05-22 13:07:57.978 W/MountService(  374): getVolumeState(/mnt/sdcard2): Unknown volume
05-22 13:07:57.978 W/MountService(  374): getVolumeState(/mnt/emmc): Unknown volume
05-22 13:07:57.978 W/MountService(  374): getVolumeState(/mnt/extSdCard): Unknown volume
05-22 13:07:57.978 W/MountService(  374): getVolumeState(/mnt/sdcard/SD_CARD): Unknown volume
05-22 13:07:57.978 W/MountService(  374): getVolumeState(/mnt/sdcard/extra_sd): Unknown volume
05-22 13:07:57.978 W/MountService(  374): getVolumeState(/mnt/extrasd_bind): Unknown volume
05-22 13:07:57.978 W/MountService(  374): getVolumeState(/mnt/sdcard/ext_sd): Unknown volume
05-22 13:07:57.986 W/MountService(  374): getVolumeState(/storage/extSdCard): Unknown volume
05-22 13:07:57.986 W/MountService(  374): getVolumeState(/storage/sdcard1): Unknown volume
05-22 13:07:57.986 W/MountService(  374): getVolumeState(/mnt/sdcard/external_SD): Unknown volume
05-22 13:07:57.994 W/MountService(  374): getVolumeState(/mnt/sdcard/external_sd): Unknown volume
05-22 13:07:58.017 D/dalvikvm( 1468): GC_CONCURRENT freed 522K, 21% free 9983K/12512K, paused 13ms+6ms, total 58ms
05-22 13:07:58.017 D/dalvikvm( 1468): WAIT_FOR_CONCURRENT_GC blocked 26ms
05-22 13:07:58.025 D/dalvikvm( 1468): WAIT_FOR_CONCURRENT_GC blocked 25ms
05-22 13:07:58.346 D/dalvikvm( 1468): GC_CONCURRENT freed 519K, 21% free 9971K/12512K, paused 29ms+6ms, total 66ms
05-22 13:07:58.346 D/dalvikvm( 1468): WAIT_FOR_CONCURRENT_GC blocked 30ms
05-22 13:07:58.346 D/dalvikvm( 1468): WAIT_FOR_CONCURRENT_GC blocked 31ms
05-22 13:07:58.353 W/MountService(  374): getVolumeState(/storage/emulated/0/external_sd): Unknown volume
05-22 13:07:58.353 W/MountService(  374): getVolumeState(/mnt/sdcard-ext): Unknown volume
05-22 13:07:58.353 W/MountService(  374): getVolumeState(/mnt/ext_sdcard): Unknown volume
05-22 13:07:58.353 W/MountService(  374): getVolumeState(/mnt/sdcard2): Unknown volume
05-22 13:07:58.353 W/MountService(  374): getVolumeState(/mnt/emmc): Unknown volume
05-22 13:07:58.353 W/MountService(  374): getVolumeState(/mnt/extSdCard): Unknown volume
05-22 13:07:58.361 W/MountService(  374): getVolumeState(/mnt/sdcard/SD_CARD): Unknown volume
05-22 13:07:58.361 W/MountService(  374): getVolumeState(/mnt/sdcard/extra_sd): Unknown volume
05-22 13:07:58.361 W/MountService(  374): getVolumeState(/mnt/extrasd_bind): Unknown volume
05-22 13:07:58.361 W/MountService(  374): getVolumeState(/mnt/sdcard/ext_sd): Unknown volume
05-22 13:07:58.361 W/MountService(  374): getVolumeState(/storage/extSdCard): Unknown volume
05-22 13:07:58.361 W/MountService(  374): getVolumeState(/storage/sdcard1): Unknown volume
05-22 13:07:58.361 W/MountService(  374): getVolumeState(/mnt/sdcard/external_SD): Unknown volume
05-22 13:07:58.361 W/MountService(  374): getVolumeState(/mnt/sdcard/external_sd): Unknown volume
05-22 13:07:58.478 D/dalvikvm( 1468): GC_CONCURRENT freed 434K, 21% free 9964K/12512K, paused 7ms+5ms, total 42ms
05-22 13:08:33.931 D/dalvikvm(20503): GC_CONCURRENT freed 367K, 6% free 9209K/9700K, paused 2ms+3ms, total 27ms
05-22 13:08:56.939 W/Parcel  ( 1661): Attempt to read object from Parcel 0x5dfd3dac at offset 200 that is not in the object list
05-22 13:08:57.986 W/MountService(  374): getVolumeState(/storage/emulated/0/external_sd): Unknown volume
05-22 13:08:57.986 W/MountService(  374): getVolumeState(/mnt/sdcard-ext): Unknown volume
05-22 13:08:57.986 W/MountService(  374): getVolumeState(/mnt/ext_sdcard): Unknown volume
05-22 13:08:57.986 W/MountService(  374): getVolumeState(/mnt/sdcard2): Unknown volume
05-22 13:08:57.986 W/MountService(  374): getVolumeState(/mnt/emmc): Unknown volume
05-22 13:08:57.986 W/MountService(  374): getVolumeState(/mnt/extSdCard): Unknown volume
05-22 13:08:57.986 W/MountService(  374): getVolumeState(/mnt/sdcard/SD_CARD): Unknown volume
05-22 13:08:57.986 W/MountService(  374): getVolumeState(/mnt/sdcard/extra_sd): Unknown volume
05-22 13:08:57.986 W/MountService(  374): getVolumeState(/mnt/extrasd_bind): Unknown volume
05-22 13:08:57.986 W/MountService(  374): getVolumeState(/mnt/sdcard/ext_sd): Unknown volume
05-22 13:08:57.986 W/MountService(  374): getVolumeState(/storage/extSdCard): Unknown volume
05-22 13:08:57.994 W/MountService(  374): getVolumeState(/storage/sdcard1): Unknown volume
05-22 13:08:57.994 W/MountService(  374): getVolumeState(/mnt/sdcard/external_SD): Unknown volume
05-22 13:08:57.994 W/MountService(  374): getVolumeState(/mnt/sdcard/external_sd): Unknown volume
05-22 13:08:58.111 D/dalvikvm( 1468): GC_CONCURRENT freed 429K, 20% free 10047K/12512K, paused 13ms+24ms, total 71ms
05-22 13:08:58.111 D/dalvikvm( 1468): WAIT_FOR_CONCURRENT_GC blocked 3ms
05-22 13:08:58.322 D/dalvikvm(20309): GC_EXPLICIT freed 245K, 4% free 9189K/9476K, paused 1ms+5ms, total 31ms
05-22 13:08:58.353 W/MountService(  374): getVolumeState(/storage/emulated/0/external_sd): Unknown volume
05-22 13:08:58.353 W/MountService(  374): getVolumeState(/mnt/sdcard-ext): Unknown volume
05-22 13:08:58.353 W/MountService(  374): getVolumeState(/mnt/ext_sdcard): Unknown volume
05-22 13:08:58.353 W/MountService(  374): getVolumeState(/mnt/sdcard2): Unknown volume
05-22 13:08:58.353 W/MountService(  374): getVolumeState(/mnt/emmc): Unknown volume
05-22 13:08:58.353 W/MountService(  374): getVolumeState(/mnt/extSdCard): Unknown volume
05-22 13:08:58.353 W/MountService(  374): getVolumeState(/mnt/sdcard/SD_CARD): Unknown volume
05-22 13:08:58.361 W/MountService(  374): getVolumeState(/mnt/sdcard/extra_sd): Unknown volume
05-22 13:08:58.361 W/MountService(  374): getVolumeState(/mnt/extrasd_bind): Unknown volume
05-22 13:08:58.361 W/MountService(  374): getVolumeState(/mnt/sdcard/ext_sd): Unknown volume
05-22 13:08:58.361 W/MountService(  374): getVolumeState(/storage/extSdCard): Unknown volume
05-22 13:08:58.361 W/MountService(  374): getVolumeState(/storage/sdcard1): Unknown volume
05-22 13:08:58.361 W/MountService(  374): getVolumeState(/mnt/sdcard/external_SD): Unknown volume
05-22 13:08:58.361 W/MountService(  374): getVolumeState(/mnt/sdcard/external_sd): Unknown volume
05-22 13:08:58.416 D/dalvikvm( 1468): GC_CONCURRENT freed 574K, 21% free 9980K/12512K, paused 7ms+7ms, total 53ms
05-22 13:08:58.416 D/dalvikvm( 1468): WAIT_FOR_CONCURRENT_GC blocked 19ms
05-22 13:09:24.127 D/dalvikvm(  374): GC_EXPLICIT freed 1327K, 19% free 24547K/30132K, paused 4ms+11ms, total 121ms
05-22 13:09:38.228 D/dalvikvm( 1661): GC_EXPLICIT freed 354K, 18% free 13036K/15888K, paused 3ms+5ms, total 77ms
05-22 13:09:40.510 D/MdmService(17184): [null:-1]->receiver action :com.pekall.mdm.action.MDM_ALARM
05-22 13:09:40.510 D/ProfileManager(17184): [null:-1]->check policy checking :false
05-22 13:09:40.510 D/com.pekall.restrictions.policy(17184): [null:-1]->allowBluetooth : null
05-22 13:09:40.517 D/com.pekall.restrictions.policy(17184): [null:-1]->ensureSimulateLocation :null
05-22 13:09:40.517 D/com.pekall.restrictions.policy(17184): [null:-1]->allowUseNetworkDate : null
05-22 13:09:40.517 E/DatabaseUtils(  374): Writing exception to parcel
05-22 13:09:40.517 E/DatabaseUtils(  374): java.lang.SecurityException: Permission denial: writing to secure settings requires android.permission.WRITE_SECURE_SETTINGS
05-22 13:09:40.517 E/DatabaseUtils(  374): 	at com.android.providers.settings.SettingsProvider.checkWritePermissions(SettingsProvider.java:279)
05-22 13:09:40.517 E/DatabaseUtils(  374): 	at com.android.providers.settings.SettingsProvider.insertForUser(SettingsProvider.java:897)
05-22 13:09:40.517 E/DatabaseUtils(  374): 	at com.android.providers.settings.SettingsProvider.callFromPackage(SettingsProvider.java:634)
05-22 13:09:40.517 E/DatabaseUtils(  374): 	at android.content.ContentProvider$Transport.call(ContentProvider.java:279)
05-22 13:09:40.517 E/DatabaseUtils(  374): 	at android.content.ContentProviderNative.onTransact(ContentProviderNative.java:273)
05-22 13:09:40.517 E/DatabaseUtils(  374): 	at android.os.Binder.execTransact(Binder.java:388)
05-22 13:09:40.517 E/DatabaseUtils(  374): 	at dalvik.system.NativeStart.run(Native Method)
05-22 13:09:40.525 D/com.pekall.restrictions.policy(17184): [null:-1]->allowUseNetworkDate error
05-22 13:09:40.525 D/com.pekall.restrictions.policy(17184): java.lang.SecurityException: Permission denial: writing to secure settings requires android.permission.WRITE_SECURE_SETTINGS
05-22 13:09:40.525 D/com.pekall.restrictions.policy(17184): 	at android.os.Parcel.readException(Parcel.java:1431)
05-22 13:09:40.525 D/com.pekall.restrictions.policy(17184): 	at android.database.DatabaseUtils.readExceptionFromParcel(DatabaseUtils.java:185)
05-22 13:09:40.525 D/com.pekall.restrictions.policy(17184): 	at android.database.DatabaseUtils.readExceptionFromParcel(DatabaseUtils.java:137)
05-22 13:09:40.525 D/com.pekall.restrictions.policy(17184): 	at android.content.ContentProviderProxy.call(ContentProviderNative.java:602)
05-22 13:09:40.525 D/com.pekall.restrictions.policy(17184): 	at android.provider.Settings$NameValueCache.putStringForUser(Settings.java:818)
05-22 13:09:40.525 D/com.pekall.restrictions.policy(17184): 	at android.provider.Settings$Global.putStringForUser(Settings.java:5529)
05-22 13:09:40.525 D/com.pekall.restrictions.policy(17184): 	at android.provider.Settings$Global.putString(Settings.java:5519)
05-22 13:09:40.525 D/com.pekall.restrictions.policy(17184): 	at android.provider.Settings$Global.putInt(Settings.java:5607)
05-22 13:09:40.525 D/com.pekall.restrictions.policy(17184): 	at com.pekall.emdm.b.c.b.j.c(Unknown Source)
05-22 13:09:40.525 D/com.pekall.restrictions.policy(17184): 	at com.pekall.emdm.b.c.b.j.h(Unknown Source)
05-22 13:09:40.525 D/com.pekall.restrictions.policy(17184): 	at com.pekall.emdm.b.c.e.run(Unknown Source)
05-22 13:09:40.525 D/com.pekall.restrictions.policy(17184): [null:-1]->allowNFC : null
05-22 13:09:40.533 D/InnerClass(17184): [null:-1]->enableNfc : 
05-22 13:09:40.533 D/InnerClass(17184): java.lang.reflect.InvocationTargetException
05-22 13:09:40.533 D/InnerClass(17184): 	at java.lang.reflect.Method.invokeNative(Native Method)
05-22 13:09:40.533 D/InnerClass(17184): 	at java.lang.reflect.Method.invoke(Method.java:525)
05-22 13:09:40.533 D/InnerClass(17184): 	at com.pekall.emdm.c.i.a(Unknown Source)
05-22 13:09:40.533 D/InnerClass(17184): 	at com.pekall.emdm.c.c.a(Unknown Source)
05-22 13:09:40.533 D/InnerClass(17184): 	at com.pekall.emdm.b.c.b.j.b(Unknown Source)
05-22 13:09:40.533 D/InnerClass(17184): 	at com.pekall.emdm.b.c.b.j.h(Unknown Source)
05-22 13:09:40.533 D/InnerClass(17184): 	at com.pekall.emdm.b.c.e.run(Unknown Source)
05-22 13:09:40.533 D/InnerClass(17184): Caused by: java.lang.SecurityException: WRITE_SECURE_SETTINGS permission required: Neither user 10066 nor current process has android.permission.WRITE_SECURE_SETTINGS.
05-22 13:09:40.533 D/InnerClass(17184): 	at android.os.Parcel.readException(Parcel.java:1431)
05-22 13:09:40.533 D/InnerClass(17184): 	at android.os.Parcel.readException(Parcel.java:1385)
05-22 13:09:40.533 D/InnerClass(17184): 	at android.nfc.INfcAdapter$Stub$Proxy.disable(INfcAdapter.java:252)
05-22 13:09:40.533 D/InnerClass(17184): 	at android.nfc.NfcAdapter.disable(NfcAdapter.java:574)
