05-22 12:47:33.713 D/com.nd.assistance.server.ServerService(20277): startDaemonServer(false)
05-22 12:47:33.713 D/com.nd.assistance.server.ServerService(20277): mDaemonServer == null
05-22 12:47:33.900 D/dalvikvm(  374): GC_EXPLICIT freed 1426K, 19% free 24540K/30132K, paused 5ms+11ms, total 159ms
05-22 12:47:33.908 E/daemon.k.a(20277): acquireWifiLock()
05-22 12:47:33.908 D/daemon.h.b.b(20277): set mIsStarting = false
05-22 12:47:33.908 D/com.nd.assistance.server.ServerService(20277): ServerService onStart used time: 201
05-22 12:47:33.916 D/com.nd.assistance.server.ServerService(20277): start nio server
05-22 12:47:33.924 D/daemon.h.b.c(20277): SelectReactor run()
05-22 12:47:34.642 E/daemon.c.c(20277): start heartbeat server.
05-22 12:47:34.752 D/dalvikvm(20277): GC_CONCURRENT freed 233K, 3% free 9095K/9368K, paused 3ms+2ms, total 34ms
05-22 12:47:35.080 D/dalvikvm( 1661): GC_EXPLICIT freed 205K, 18% free 13034K/15888K, paused 2ms+4ms, total 60ms
05-22 12:47:40.142 D/dalvikvm( 1661): GC_EXPLICIT freed 2K, 18% free 13032K/15888K, paused 3ms+5ms, total 60ms
05-22 12:47:50.150 D/dalvikvm( 1661): GC_EXPLICIT freed <1K, 18% free 13032K/15888K, paused 2ms+5ms, total 59ms
05-22 12:47:55.127 W/MountService(  374): getVolumeState(/storage/emulated/0/external_sd): Unknown volume
05-22 12:47:55.127 W/MountService(  374): getVolumeState(/mnt/sdcard-ext): Unknown volume
05-22 12:47:55.127 W/MountService(  374): getVolumeState(/mnt/ext_sdcard): Unknown volume
05-22 12:47:55.127 W/MountService(  374): getVolumeState(/mnt/sdcard2): Unknown volume
05-22 12:47:55.135 W/MountService(  374): getVolumeState(/mnt/emmc): Unknown volume
05-22 12:47:55.135 W/MountService(  374): getVolumeState(/mnt/extSdCard): Unknown volume
05-22 12:47:55.135 W/MountService(  374): getVolumeState(/mnt/sdcard/SD_CARD): Unknown volume
05-22 12:47:55.142 W/MountService(  374): getVolumeState(/mnt/sdcard/extra_sd): Unknown volume
05-22 12:47:55.142 W/MountService(  374): getVolumeState(/mnt/extrasd_bind): Unknown volume
05-22 12:47:55.142 W/MountService(  374): getVolumeState(/mnt/sdcard/ext_sd): Unknown volume
05-22 12:47:55.142 W/MountService(  374): getVolumeState(/storage/extSdCard): Unknown volume
05-22 12:47:55.142 W/MountService(  374): getVolumeState(/storage/sdcard1): Unknown volume
05-22 12:47:55.166 D/dalvikvm( 1468): GC_CONCURRENT freed 512K, 21% free 9977K/12512K, paused 16ms+6ms, total 55ms
05-22 12:47:55.166 D/dalvikvm( 1468): WAIT_FOR_CONCURRENT_GC blocked 23ms
05-22 12:47:55.166 W/MountService(  374): getVolumeState(/mnt/sdcard/external_SD): Unknown volume
05-22 12:47:55.174 W/MountService(  374): getVolumeState(/mnt/sdcard/external_sd): Unknown volume
05-22 12:47:55.478 D/dalvikvm( 1468): GC_CONCURRENT freed 498K, 21% free 9988K/12512K, paused 23ms+7ms, total 62ms
05-22 12:47:55.478 D/dalvikvm( 1468): WAIT_FOR_CONCURRENT_GC blocked 20ms
05-22 12:47:55.486 W/MountService(  374): getVolumeState(/storage/emulated/0/external_sd): Unknown volume
05-22 12:47:55.486 W/MountService(  374): getVolumeState(/mnt/sdcard-ext): Unknown volume
05-22 12:47:55.486 W/MountService(  374): getVolumeState(/mnt/ext_sdcard): Unknown volume
05-22 12:47:55.486 W/MountService(  374): getVolumeState(/mnt/sdcard2): Unknown volume
05-22 12:47:55.486 W/MountService(  374): getVolumeState(/mnt/emmc): Unknown volume
05-22 12:47:55.486 W/MountService(  374): getVolumeState(/mnt/extSdCard): Unknown volume
05-22 12:47:55.486 W/MountService(  374): getVolumeState(/mnt/sdcard/SD_CARD): Unknown volume
05-22 12:47:55.486 W/MountService(  374): getVolumeState(/mnt/sdcard/extra_sd): Unknown volume
05-22 12:47:55.486 W/MountService(  374): getVolumeState(/mnt/extrasd_bind): Unknown volume
05-22 12:47:55.494 W/MountService(  374): getVolumeState(/mnt/sdcard/ext_sd): Unknown volume
05-22 12:47:55.494 W/MountService(  374): getVolumeState(/storage/extSdCard): Unknown volume
05-22 12:47:55.494 W/MountService(  374): getVolumeState(/storage/sdcard1): Unknown volume
05-22 12:47:55.494 W/MountService(  374): getVolumeState(/mnt/sdcard/external_SD): Unknown volume
05-22 12:47:55.494 W/MountService(  374): getVolumeState(/mnt/sdcard/external_sd): Unknown volume
05-22 12:47:55.658 D/dalvikvm( 1468): GC_CONCURRENT freed 458K, 21% free 9940K/12512K, paused 6ms+6ms, total 39ms
05-22 12:48:54.330 W/Parcel  ( 1661): Attempt to read object from Parcel 0x5ef3bdac at offset 200 that is not in the object list
05-22 12:48:55.228 W/MountService(  374): getVolumeState(/storage/emulated/0/external_sd): Unknown volume
05-22 12:48:55.228 W/MountService(  374): getVolumeState(/mnt/sdcard-ext): Unknown volume
05-22 12:48:55.228 W/MountService(  374): getVolumeState(/mnt/ext_sdcard): Unknown volume
05-22 12:48:55.228 W/MountService(  374): getVolumeState(/mnt/sdcard2): Unknown volume
05-22 12:48:55.228 W/MountService(  374): getVolumeState(/mnt/emmc): Unknown volume
05-22 12:48:55.228 W/MountService(  374): getVolumeState(/mnt/extSdCard): Unknown volume
05-22 12:48:55.228 W/MountService(  374): getVolumeState(/mnt/sdcard/SD_CARD): Unknown volume
05-22 12:48:55.236 W/MountService(  374): getVolumeState(/mnt/sdcard/extra_sd): Unknown volume
05-22 12:48:55.236 W/MountService(  374): getVolumeState(/mnt/extrasd_bind): Unknown volume
05-22 12:48:55.236 W/MountService(  374): getVolumeState(/mnt/sdcard/ext_sd): Unknown volume
05-22 12:48:55.236 W/MountService(  374): getVolumeState(/storage/extSdCard): Unknown volume
05-22 12:48:55.236 W/MountService(  374): getVolumeState(/storage/sdcard1): Unknown volume
05-22 12:48:55.236 W/MountService(  374): getVolumeState(/mnt/sdcard/external_SD): Unknown volume
05-22 12:48:55.236 W/MountService(  374): getVolumeState(/mnt/sdcard/external_sd): Unknown volume
05-22 12:48:55.353 D/dalvikvm( 1468): GC_CONCURRENT freed 413K, 20% free 10038K/12512K, paused 7ms+21ms, total 68ms
05-22 12:48:55.353 D/dalvikvm( 1468): WAIT_FOR_CONCURRENT_GC blocked 3ms
05-22 12:48:55.549 W/MountService(  374): getVolumeState(/storage/emulated/0/external_sd): Unknown volume
05-22 12:48:55.549 W/MountService(  374): getVolumeState(/mnt/sdcard-ext): Unknown volume
05-22 12:48:55.549 W/MountService(  374): getVolumeState(/mnt/ext_sdcard): Unknown volume
05-22 12:48:55.549 W/MountService(  374): getVolumeState(/mnt/sdcard2): Unknown volume
05-22 12:48:55.549 W/MountService(  374): getVolumeState(/mnt/emmc): Unknown volume
05-22 12:48:55.549 W/MountService(  374): getVolumeState(/mnt/extSdCard): Unknown volume
05-22 12:48:55.549 W/MountService(  374): getVolumeState(/mnt/sdcard/SD_CARD): Unknown volume
05-22 12:48:55.549 W/MountService(  374): getVolumeState(/mnt/sdcard/extra_sd): Unknown volume
05-22 12:48:55.549 W/MountService(  374): getVolumeState(/mnt/extrasd_bind): Unknown volume
05-22 12:48:55.549 W/MountService(  374): getVolumeState(/mnt/sdcard/ext_sd): Unknown volume
05-22 12:48:55.549 W/MountService(  374): getVolumeState(/storage/extSdCard): Unknown volume
05-22 12:48:55.549 W/MountService(  374): getVolumeState(/storage/sdcard1): Unknown volume
05-22 12:48:55.549 W/MountService(  374): getVolumeState(/mnt/sdcard/external_SD): Unknown volume
05-22 12:48:55.556 W/MountService(  374): getVolumeState(/mnt/sdcard/external_sd): Unknown volume
05-22 12:48:55.611 D/dalvikvm( 1468): GC_CONCURRENT freed 546K, 21% free 9996K/12512K, paused 13ms+6ms, total 52ms
05-22 12:48:55.611 D/dalvikvm( 1468): WAIT_FOR_CONCURRENT_GC blocked 22ms
05-22 12:49:35.119 I/EventLogService(  603): Aggregate from 1400732374990 (log), 1400732374990 (data)
05-22 12:49:35.174 I/ServiceDumpSys(  603): dumping service [account]
05-22 12:49:35.408 D/dalvikvm( 1661): GC_EXPLICIT freed 233K, 18% free 13035K/15888K, paused 3ms+5ms, total 61ms
05-22 12:49:40.478 D/dalvikvm( 1661): GC_EXPLICIT freed 2K, 18% free 13032K/15888K, paused 2ms+5ms, total 60ms
05-22 12:49:40.510 D/MdmService(17184): [null:-1]->receiver action :com.pekall.mdm.action.MDM_ALARM
05-22 12:49:40.517 D/MdmStatusManager(17184): [null:-1]->change status to : Busy
05-22 12:49:40.517 I/TransInfo(17184): TransInfo created, id: 3, class: class com.pekall.emdm.transaction.c.b
05-22 12:49:40.517 D/NetworkThread(17184): [null:-1]->----isRunning-----true
05-22 12:49:40.525 D/NetworkThread(17184): [null:-1]->----isRunning-----true
05-22 12:49:40.525 D/NetworkThread(17184): [null:-1]->thread wakeup
05-22 12:49:40.525 D/NetworkThread(17184): [null:-1]->sendHttpPost:PostRequest, url: http://192.168.10.21/rest/mdm/v1/ios/android_server, Params: [content:<?xml version="1.0" encoding="UTF-8"?>
05-22 12:49:40.525 D/NetworkThread(17184): <!DOCTYPE plist PUBLIC "-//Apple//DTD PLIST 1.0//EN" "http://www.apple.com/DTDs/PropertyList-1.0.dtd">
05-22 12:49:40.525 D/NetworkThread(17184): <plist version="1.0">
05-22 12:49:40.525 D/NetworkThread(17184): <dict>
05-22 12:49:40.525 D/NetworkThread(17184): 	<key>Status</key>
05-22 12:49:40.525 D/NetworkThread(17184): 	<string>Idle</string>
05-22 12:49:40.525 D/NetworkThread(17184): 	<key>UDID</key>
05-22 12:49:40.525 D/NetworkThread(17184): 	<string>00013fbc8ecec5b90000014621fa2165</string>
05-22 12:49:40.525 D/NetworkThread(17184): </dict>
05-22 12:49:40.525 D/NetworkThread(17184): </plist>], 
05-22 12:49:40.525 D/HttpClient(17184): enable apache.http debug
05-22 12:49:40.525 D/ProfileManager(17184): [null:-1]->check policy checking :false
05-22 12:49:40.533 V/DEBUG   (17184): HTTP 0
05-22 12:49:40.549 D/com.pekall.restrictions.policy(17184): [null:-1]->allowBluetooth : null
05-22 12:49:40.549 D/com.pekall.restrictions.policy(17184): [null:-1]->ensureSimulateLocation :null
05-22 12:49:40.549 D/com.pekall.restrictions.policy(17184): [null:-1]->allowUseNetworkDate : null
05-22 12:49:40.549 E/DatabaseUtils(  374): Writing exception to parcel
05-22 12:49:40.549 E/DatabaseUtils(  374): java.lang.SecurityException: Permission denial: writing to secure settings requires android.permission.WRITE_SECURE_SETTINGS
05-22 12:49:40.549 E/DatabaseUtils(  374): 	at com.android.providers.settings.SettingsProvider.checkWritePermissions(SettingsProvider.java:279)
05-22 12:49:40.549 E/DatabaseUtils(  374): 	at com.android.providers.settings.SettingsProvider.insertForUser(SettingsProvider.java:897)
05-22 12:49:40.549 E/DatabaseUtils(  374): 	at com.android.providers.settings.SettingsProvider.callFromPackage(SettingsProvider.java:634)
05-22 12:49:40.549 E/DatabaseUtils(  374): 	at android.content.ContentProvider$Transport.call(ContentProvider.java:279)
05-22 12:49:40.549 E/DatabaseUtils(  374): 	at android.content.ContentProviderNative.onTransact(ContentProviderNative.java:273)
05-22 12:49:40.549 E/DatabaseUtils(  374): 	at android.os.Binder.execTransact(Binder.java:388)
05-22 12:49:40.549 E/DatabaseUtils(  374): 	at dalvik.system.NativeStart.run(Native Method)
05-22 12:49:40.556 D/com.pekall.restrictions.policy(17184): [null:-1]->allowUseNetworkDate error
05-22 12:49:40.556 D/com.pekall.restrictions.policy(17184): java.lang.SecurityException: Permission denial: writing to secure settings requires android.permission.WRITE_SECURE_SETTINGS
05-22 12:49:40.556 D/com.pekall.restrictions.policy(17184): 	at android.os.Parcel.readException(Parcel.java:1431)
05-22 12:49:40.556 D/com.pekall.restrictions.policy(17184): 	at android.database.DatabaseUtils.readExceptionFromParcel(DatabaseUtils.java:185)
05-22 12:49:40.556 D/com.pekall.restrictions.policy(17184): 	at android.database.DatabaseUtils.readExceptionFromParcel(DatabaseUtils.java:137)
05-22 12:49:40.556 D/com.pekall.restrictions.policy(17184): 	at android.content.ContentProviderProxy.call(ContentProviderNative.java:602)
05-22 12:49:40.556 D/com.pekall.restrictions.policy(17184): 	at android.provider.Settings$NameValueCache.putStringForUser(Settings.java:818)
05-22 12:49:40.556 D/com.pekall.restrictions.policy(17184): 	at android.provider.Settings$Global.putStringForUser(Settings.java:5529)
05-22 12:49:40.556 D/com.pekall.restrictions.policy(17184): 	at android.provider.Settings$Global.putString(Settings.java:5519)
05-22 12:49:40.556 D/com.pekall.restrictions.policy(17184): 	at android.provider.Settings$Global.putInt(Settings.java:5607)
05-22 12:49:40.556 D/com.pekall.restrictions.policy(17184): 	at com.pekall.emdm.b.c.b.j.c(Unknown Source)
05-22 12:49:40.556 D/com.pekall.restrictions.policy(17184): 	at com.pekall.emdm.b.c.b.j.h(Unknown Source)
05-22 12:49:40.556 D/com.pekall.restrictions.policy(17184): 	at com.pekall.emdm.b.c.e.run(Unknown Source)
05-22 12:49:40.556 D/com.pekall.restrictions.policy(17184): [null:-1]->allowNFC : null
05-22 12:49:40.564 D/InnerClass(17184): [null:-1]->enableNfc : 
05-22 12:49:40.564 D/InnerClass(17184): java.lang.reflect.InvocationTargetException
05-22 12:49:40.564 D/InnerClass(17184): 	at java.lang.reflect.Method.invokeNative(Native Method)
05-22 12:49:40.564 D/InnerClass(17184): 	at java.lang.reflect.Method.invoke(Method.java:525)
05-22 12:49:40.564 D/InnerClass(17184): 	at com.pekall.emdm.c.i.a(Unknown Source)
05-22 12:49:40.564 D/InnerClass(17184): 	at com.pekall.emdm.c.c.a(Unknown Source)
05-22 12:49:40.564 D/InnerClass(17184): 	at com.pekall.emdm.b.c.b.j.b(Unknown Source)
05-22 12:49:40.564 D/InnerClass(17184): 	at com.pekall.emdm.b.c.b.j.h(Unknown Source)
05-22 12:49:40.564 D/InnerClass(17184): 	at com.pekall.emdm.b.c.e.run(Unknown Source)
05-22 12:49:40.564 D/InnerClass(17184): Caused by: java.lang.SecurityException: WRITE_SECURE_SETTINGS permission required: Neither user 10066 nor current process has android.permission.WRITE_SECURE_SETTINGS.
05-22 12:49:40.564 D/InnerClass(17184): 	at android.os.Parcel.readException(Parcel.java:1431)
05-22 12:49:40.564 D/InnerClass(17184): 	at android.os.Parcel.readException(Parcel.java:1385)
05-22 12:49:40.564 D/InnerClass(17184): 	at android.nfc.INfcAdapter$Stub$Proxy.disable(INfcAdapter.java:252)
05-22 12:49:40.564 D/InnerClass(17184): 	at android.nfc.NfcAdapter.disable(NfcAdapter.java:574)
05-22 12:49:40.564 D/InnerClass(17184): 	... 7 more
05-22 12:49:45.744 D/MDM :   (17184): [null:-1]->statusCode : 200
05-22 12:49:45.744 D/MDM :   (17184): [null:-1]->statusCode : 200
05-22 12:49:45.744 V/DEBUG   (17184): HTTP 1
05-22 12:49:45.760 D/MDM :   (17184): [null:-1]->Get joson string: 
05-22 12:49:45.760 D/NetworkThread(17184): [null:-1]->clear mCurrentTransInfo
05-22 12:49:45.760 D/NetworkThread(17184): [null:-1]->queue is empty, thread wait...
05-22 12:49:45.861 D/MdmService(17184): [null:-1]->handleCheckInResult
05-22 12:49:45.861 D/MdmService(17184): [null:-1]->handleCheckInResult result keyIndex: 3
05-22 12:49:45.861 D/HandleCommandTask(17184): [null:-1]->execute command msg but beanBase is null
05-22 12:49:45.861 D/MdmStatusManager(17184): [null:-1]->change status to : Idle
05-22 12:49:50.549 D/dalvikvm( 1661): GC_EXPLICIT freed <1K, 18% free 13032K/15888K, paused 2ms+13ms, total 125ms
05-22 12:49:55.385 W/MountService(  374): getVolumeState(/storage/emulated/0/external_sd): Unknown volume
05-22 12:49:55.385 W/MountService(  374): getVolumeState(/mnt/sdcard-ext): Unknown volume
05-22 12:49:55.385 W/MountService(  374): getVolumeState(/mnt/ext_sdcard): Unknown volume
05-22 12:49:55.385 W/MountService(  374): getVolumeState(/mnt/sdcard2): Unknown volume
05-22 12:49:55.385 W/MountService(  374): getVolumeState(/mnt/emmc): Unknown volume
05-22 12:49:55.385 W/MountService(  374): getVolumeState(/mnt/extSdCard): Unknown volume
05-22 12:49:55.385 W/MountService(  374): getVolumeState(/mnt/sdcard/SD_CARD): Unknown volume
05-22 12:49:55.392 W/MountService(  374): getVolumeState(/mnt/sdcard/extra_sd): Unknown volume
05-22 12:49:55.392 W/MountService(  374): getVolumeState(/mnt/extrasd_bind): Unknown volume
05-22 12:49:55.392 W/MountService(  374): getVolumeState(/mnt/sdcard/ext_sd): Unknown volume
05-22 12:49:55.392 W/MountService(  374): getVolumeState(/storage/extSdCard): Unknown volume
05-22 12:49:55.392 W/MountService(  374): getVolumeState(/storage/sdcard1): Unknown volume
05-22 12:49:55.392 W/MountService(  374): getVolumeState(/mnt/sdcard/external_SD): Unknown volume
05-22 12:49:55.392 W/MountService(  374): getVolumeState(/mnt/sdcard/external_sd): Unknown volume
05-22 12:49:55.502 D/dalvikvm( 1468): GC_CONCURRENT freed 504K, 21% free 9986K/12512K, paused 23ms+10ms, total 88ms
05-22 12:49:55.681 D/dalvikvm(19741): GC_EXPLICIT freed 243K, 4% free 9192K/9480K, paused 2ms+5ms, total 29ms
05-22 12:49:55.760 W/MountService(  374): getVolumeState(/storage/emulated/0/external_sd): Unknown volume
05-22 12:49:55.760 W/MountService(  374): getVolumeState(/mnt/sdcard-ext): Unknown volume
05-22 12:49:55.760 W/MountService(  374): getVolumeState(/mnt/ext_sdcard): Unknown volume
05-22 12:49:55.760 W/MountService(  374): getVolumeState(/mnt/sdcard2): Unknown volume
05-22 12:49:55.760 W/MountService(  374): getVolumeState(/mnt/emmc): Unknown volume
05-22 12:49:55.760 W/MountService(  374): getVolumeState(/mnt/extSdCard): Unknown volume
05-22 12:49:55.760 W/MountService(  374): getVolumeState(/mnt/sdcard/SD_CARD): Unknown volume
05-22 12:49:55.760 W/MountService(  374): getVolumeState(/mnt/sdcard/extra_sd): Unknown volume
05-22 12:49:55.760 W/MountService(  374): getVolumeState(/mnt/extrasd_bind): Unknown volume
05-22 12:49:55.767 W/MountService(  374): getVolumeState(/mnt/sdcard/ext_sd): Unknown volume
05-22 12:49:55.767 W/MountService(  374): getVolumeState(/storage/extSdCard): Unknown volume
05-22 12:49:55.767 W/MountService(  374): getVolumeState(/storage/sdcard1): Unknown volume
05-22 12:49:55.767 W/MountService(  374): getVolumeState(/mnt/sdcard/external_SD): Unknown volume
05-22 12:49:55.775 W/MountService(  374): getVolumeState(/mnt/sdcard/external_sd): Unknown volume
05-22 12:49:55.806 D/dalvikvm( 1468): GC_CONCURRENT freed 468K, 20% free 10021K/12512K, paused 11ms+6ms, total 60ms
05-22 12:49:55.806 D/dalvikvm( 1468): WAIT_FOR_CONCURRENT_GC blocked 28ms
05-22 12:49:55.806 D/dalvikvm( 1468): WAIT_FOR_CONCURRENT_GC blocked 27ms
05-22 12:50:13.971 I/ActivityManager(  374): No longer want com.tencent.android.qqdownloader:connect (pid 19828): empty for 1800s
05-22 12:50:13.971 I/ActivityManager(  374): No longer want com.tencent.android.qqdownloader (pid 19843): empty for 1800s
05-22 12:50:13.971 I/ActivityManager(  374): No longer want android.process.media (pid 19741): empty for 1801s
05-22 12:50:13.986 W/ActivityManager(  374): Scheduling restart of crashed service com.android.providers.media/.MtpService in 5000ms
05-22 12:50:13.994 E/JavaBinder(  374): !!! FAILED BINDER TRANSACTION !!!
05-22 12:50:14.002 W/ActivityManager(  374): Exception when unbinding service com.tencent.android.qqdownloader/com.tencent.assistant.sdk.PluginSupportService
05-22 12:50:14.002 W/ActivityManager(  374): android.os.TransactionTooLargeException
05-22 12:50:14.002 W/ActivityManager(  374): 	at android.os.BinderProxy.transact(Native Method)
05-22 12:50:14.002 W/ActivityManager(  374): 	at android.app.ApplicationThreadProxy.scheduleUnbindService(ApplicationThreadNative.java:844)
05-22 12:50:14.002 W/ActivityManager(  374): 	at com.android.server.am.ActiveServices.removeConnectionLocked(ActiveServices.java:1353)
05-22 12:50:14.002 W/ActivityManager(  374): 	at com.android.server.am.ActiveServices.killServicesLocked(ActiveServices.java:1627)
05-22 12:50:14.002 W/ActivityManager(  374): 	at com.android.server.am.ActivityManagerService.cleanUpApplicationRecordLocked(ActivityManagerService.java:11005)
05-22 12:50:14.002 W/ActivityManager(  374): 	at com.android.server.am.ActivityManagerService.handleAppDiedLocked(ActivityManagerService.java:2995)
05-22 12:50:14.002 W/ActivityManager(  374): 	at com.android.server.am.ActivityManagerService.appDiedLocked(ActivityManagerService.java:3085)
05-22 12:50:14.002 W/ActivityManager(  374): 	at com.android.server.am.ActivityManagerService$AppDeathRecipient.binderDied(ActivityManagerService.java:897)
05-22 12:50:14.002 W/ActivityManager(  374): 	at android.os.BinderProxy.sendDeathNotice(Binder.java:470)
05-22 12:50:14.002 W/ActivityManager(  374): 	at dalvik.system.NativeStart.run(Native Method)
05-22 12:50:14.010 W/ActivityManager(  374): Exception when stopping service com.tencent.android.qqdownloader/com.tencent.assistant.sdk.PluginSupportService
05-22 12:50:14.010 W/ActivityManager(  374): android.os.DeadObjectException
05-22 12:50:14.010 W/ActivityManager(  374): 	at android.os.BinderProxy.transact(Native Method)
05-22 12:50:14.010 W/ActivityManager(  374): 	at android.app.ApplicationThreadProxy.scheduleStopService(ApplicationThreadNative.java:873)
05-22 12:50:14.010 W/ActivityManager(  374): 	at com.android.server.am.ActiveServices.bringDownServiceLocked(ActiveServices.java:1280)
05-22 12:50:14.010 W/ActivityManager(  374): 	at com.android.server.am.ActiveServices.removeConnectionLocked(ActiveServices.java:1361)
05-22 12:50:14.010 W/ActivityManager(  374): 	at com.android.server.am.ActiveServices.killServicesLocked(ActiveServices.java:1627)
05-22 12:50:14.010 W/ActivityManager(  374): 	at com.android.server.am.ActivityManagerService.cleanUpApplicationRecordLocked(ActivityManagerService.java:11005)
05-22 12:50:14.010 W/ActivityManager(  374): 	at com.android.server.am.ActivityManagerService.handleAppDiedLocked(ActivityManagerService.java:2995)
05-22 12:50:14.010 W/ActivityManager(  374): 	at com.android.server.am.ActivityManagerService.appDiedLocked(ActivityManagerService.java:3085)
05-22 12:50:14.010 W/ActivityManager(  374): 	at com.android.server.am.ActivityManagerService$AppDeathRecipient.binderDied(ActivityManagerService.java:897)
05-22 12:50:14.010 W/ActivityManager(  374): 	at android.os.BinderProxy.sendDeathNotice(Binder.java:470)
05-22 12:50:14.010 W/ActivityManager(  374): 	at dalvik.system.NativeStart.run(Native Method)
05-22 12:50:14.010 W/ActivityManager(  374): Scheduling restart of crashed service com.tencent.android.qqdownloader/com.qq.AppService.AppService in 14974ms
05-22 12:50:14.010 W/ActivityManager(  374): Scheduling restart of crashed service com.tencent.android.qqdownloader/com.qq.AppService.IPCService in 24974ms
05-22 12:50:14.010 W/ActivityManager(  374): Scheduling restart of crashed service com.tencent.android.qqdownloader/com.tencent.assistant.manager.notification.NotificationService in 24973ms
05-22 12:50:14.010 W/ActivityManager(  374): Scheduling restart of crashed service com.tencent.android.qqdownloader/com.tencent.assistant.service.WiseDownloadService in 34973ms
05-22 12:50:18.994 I/ActivityManager(  374): Start proc android.process.media for service com.android.providers.media/.MtpService: pid=20309 uid=10015 gids={50015, 1015, 1023, 1024, 1028, 2001, 3003, 3007}
05-22 12:50:19.049 W/Parcel  ( 1661): Attempt to read object from Parcel 0x5ec3bdac at offset 200 that is not in the object list
05-22 12:50:19.142 D/MtpService(20309): updating state; isCurrentUser=true, mMtpLocked=false
05-22 12:50:19.150 D/MtpService(20309): addStorageLocked 65537 /storage/emulated/0
05-22 12:50:19.150 D/MtpService(20309): updating state; isCurrentUser=true, mMtpLocked=false
05-22 12:50:19.158 D/MtpService(20309): starting MTP server in MTP mode
05-22 12:50:19.166 D/MtpService(20309): addStorageLocked 65537 /storage/emulated/0
05-22 12:50:29.010 I/ActivityManager(  374): Start proc com.tencent.android.qqdownloader:connect for service com.tencent.android.qqdownloader/com.qq.AppService.AppService: pid=20327 uid=10065 gids={50065, 3003, 3002, 1006, 1028, 1015}
05-22 12:50:29.119 I/ActivityManager(  374): Start proc com.tencent.android.qqdownloader for service com.tencent.android.qqdownloader/com.tencent.assistant.sdk.PluginSupportService: pid=20342 uid=10065 gids={50065, 3003, 3002, 1006, 1028, 1015}
05-22 12:50:29.127 W/dalvikvm(20327): VFY: unable to find class referenced in signature (Lcom/tencent/tmassistantsdk/protocol/jce/Request;)
05-22 12:50:29.127 W/dalvikvm(20327): VFY: unable to resolve instance field 13688
05-22 12:50:29.127 D/dalvikvm(20327): VFY: replacing opcode 0x54 at 0x0004
05-22 12:50:29.135 E/dalvikvm(20327): Could not find class 'com.tencent.tmassistantsdk.protocol.jce.ReportLogRequest', referenced from method com.tencent.tmassistantsdk.protocol.ProtocolPackage.buildReportRequest
05-22 12:50:29.135 W/dalvikvm(20327): VFY: unable to resolve new-instance 3741 (Lcom/tencent/tmassistantsdk/protocol/jce/ReportLogRequest;) in Lcom/tencent/tmassistantsdk/protocol/ProtocolPackage;
05-22 12:50:29.135 D/dalvikvm(20327): VFY: replacing opcode 0x22 at 0x0000
05-22 12:50:29.135 W/dalvikvm(20327): VFY: unable to find class referenced in signature (Lcom/tencent/tmassistantsdk/protocol/jce/Request;)
05-22 12:50:29.135 E/dalvikvm(20327): Could not find class 'com.tencent.tmassistantsdk.protocol.jce.Request', referenced from method com.tencent.tmassistantsdk.protocol.ProtocolPackage.buildRequest
05-22 12:50:29.135 W/dalvikvm(20327): VFY: unable to resolve new-instance 3743 (Lcom/tencent/tmassistantsdk/protocol/jce/Request;) in Lcom/tencent/tmassistantsdk/protocol/ProtocolPackage;
05-22 12:50:29.135 D/dalvikvm(20327): VFY: replacing opcode 0x22 at 0x0004
05-22 12:50:29.135 I/dalvikvm(20327): Could not find method com.tencent.tmassistantsdk.protocol.jce.JceCmd.convert, referenced from method com.tencent.tmassistantsdk.protocol.ProtocolPackage.getCmdId
05-22 12:50:29.135 W/dalvikvm(20327): VFY: unable to resolve static method 26273: Lcom/tencent/tmassistantsdk/protocol/jce/JceCmd;.convert (Ljava/lang/String;)Lcom/tencent/tmassistantsdk/protocol/jce/JceCmd;
05-22 12:50:29.135 D/dalvikvm(20327): VFY: replacing opcode 0x71 at 0x001c
05-22 12:50:29.135 W/dalvikvm(20327): VFY: unable to find class referenced in signature (Lcom/tencent/tmassistantsdk/protocol/jce/ReqHead;)
05-22 12:50:29.135 E/dalvikvm(20327): Could not find class 'com.tencent.tmassistantsdk.protocol.jce.ReqHead', referenced from method com.tencent.tmassistantsdk.protocol.ProtocolPackage.getReqHead
05-22 12:50:29.135 W/dalvikvm(20327): VFY: unable to resolve new-instance 3742 (Lcom/tencent/tmassistantsdk/protocol/jce/ReqHead;) in Lcom/tencent/tmassistantsdk/protocol/ProtocolPackage;
05-22 12:50:29.135 D/dalvikvm(20327): VFY: replacing opcode 0x22 at 0x0004
05-22 12:50:29.135 W/dalvikvm(20327): VFY: unable to find class referenced in signature (Lcom/tencent/tmassistantsdk/protocol/jce/Response;)
05-22 12:50:29.135 E/dalvikvm(20327): Could not find class 'com.tencent.tmassistantsdk.protocol.jce.Response', referenced from method com.tencent.tmassistantsdk.protocol.ProtocolPackage.unpackPackage
05-22 12:50:29.135 W/dalvikvm(20327): VFY: unable to resolve new-instance 3744 (Lcom/tencent/tmassistantsdk/protocol/jce/Response;) in Lcom/tencent/tmassistantsdk/protocol/ProtocolPackage;
05-22 12:50:29.135 D/dalvikvm(20327): VFY: replacing opcode 0x22 at 0x000a
05-22 12:50:29.166 D/dalvikvm(  125): GC_EXPLICIT freed 43K, 1% free 8921K/9008K, paused 2ms+3ms, total 40ms
05-22 12:50:29.166 I/dalvikvm(20327): DexOpt: unable to optimize instance field ref 0x3572 at 0x07 in Lcom/tencent/tmassistantsdk/protocol/ProtocolPackage;.buildPostData
05-22 12:50:29.166 I/dalvikvm(20327): DexOpt: unable to optimize instance field ref 0x3577 at 0x09 in Lcom/tencent/tmassistantsdk/protocol/ProtocolPackage;.buildPostData
05-22 12:50:29.166 I/dalvikvm(20327): DexOpt: unable to optimize instance field ref 0x3577 at 0x10 in Lcom/tencent/tmassistantsdk/protocol/ProtocolPackage;.buildPostData
05-22 12:50:29.166 I/dalvikvm(20327): DexOpt: unable to optimize instance field ref 0x3577 at 0x16 in Lcom/tencent/tmassistantsdk/protocol/ProtocolPackage;.buildPostData
05-22 12:50:29.166 I/dalvikvm(20327): DexOpt: unable to optimize instance field ref 0x3578 at 0x18 in Lcom/tencent/tmassistantsdk/protocol/ProtocolPackage;.buildPostData
05-22 12:50:29.166 I/dalvikvm(20327): DexOpt: unable to optimize instance field ref 0x3578 at 0x1a in Lcom/tencent/tmassistantsdk/protocol/ProtocolPackage;.buildPostData
05-22 12:50:29.181 I/dalvikvm(20327): DexOpt: unable to optimize instance field ref 0x3572 at 0x1c in Lcom/tencent/tmassistantsdk/protocol/ProtocolPackage;.buildPostData
05-22 12:50:29.181 I/dalvikvm(20327): DexOpt: unable to optimize instance field ref 0x3572 at 0x21 in Lcom/tencent/tmassistantsdk/protocol/ProtocolPackage;.buildPostData
05-22 12:50:29.181 I/dalvikvm(20327): DexOpt: unable to optimize instance field ref 0x3577 at 0x23 in Lcom/tencent/tmassistantsdk/protocol/ProtocolPackage;.buildPostData
05-22 12:50:29.189 I/dalvikvm(20327): DexOpt: unable to optimize instance field ref 0x3577 at 0x2f in Lcom/tencent/tmassistantsdk/protocol/ProtocolPackage;.buildPostData
05-22 12:50:29.189 I/dalvikvm(20327): DexOpt: unable to optimize instance field ref 0x3578 at 0x31 in Lcom/tencent/tmassistantsdk/protocol/ProtocolPackage;.buildPostData
05-22 12:50:29.189 I/dalvikvm(20327): DexOpt: unable to optimize instance field ref 0x3578 at 0x33 in Lcom/tencent/tmassistantsdk/protocol/ProtocolPackage;.buildPostData
05-22 12:50:29.189 I/dalvikvm(20327): DexOpt: unable to optimize instance field ref 0x3572 at 0x35 in Lcom/tencent/tmassistantsdk/protocol/ProtocolPackage;.buildPostData
05-22 12:50:29.189 I/dalvikvm(20327): DexOpt: unable to optimize instance field ref 0x3572 at 0x3a in Lcom/tencent/tmassistantsdk/protocol/ProtocolPackage;.buildPostData
05-22 12:50:29.189 D/dalvikvm(20327): DexOpt: unable to opt direct call 0x66a3 at 0x02 in Lcom/tencent/tmassistantsdk/protocol/ProtocolPackage;.buildReportRequest
05-22 12:50:29.189 D/dalvikvm(  125): GC_EXPLICIT freed <1K, 1% free 8921K/9008K, paused 2ms+3ms, total 26ms
05-22 12:50:29.189 I/dalvikvm(20327): DexOpt: unable to optimize instance field ref 0x356e at 0x06 in Lcom/tencent/tmassistantsdk/protocol/ProtocolPackage;.buildReportRequest
05-22 12:50:29.189 I/dalvikvm(20327): DexOpt: unable to optimize instance field ref 0x356d at 0x0c in Lcom/tencent/tmassistantsdk/protocol/ProtocolPackage;.buildReportRequest
05-22 12:50:29.189 I/dalvikvm(20327): DexOpt: unable to optimize instance field ref 0x356a at 0x0e in Lcom/tencent/tmassistantsdk/protocol/ProtocolPackage;.buildReportRequest
05-22 12:50:29.197 I/dalvikvm(20327): DexOpt: unable to optimize instance field ref 0x356b at 0x10 in Lcom/tencent/tmassistantsdk/protocol/ProtocolPackage;.buildReportRequest
05-22 12:50:29.197 I/dalvikvm(20327): DexOpt: unable to optimize instance field ref 0x356c at 0x12 in Lcom/tencent/tmassistantsdk/protocol/ProtocolPackage;.buildReportRequest
05-22 12:50:29.197 D/dalvikvm(20327): DexOpt: unable to opt direct call 0x66a5 at 0x06 in Lcom/tencent/tmassistantsdk/protocol/ProtocolPackage;.buildRequest
05-22 12:50:29.197 I/dalvikvm(20327): DexOpt: unable to optimize instance field ref 0x3578 at 0x0d in Lcom/tencent/tmassistantsdk/protocol/ProtocolPackage;.buildRequest
05-22 12:50:29.213 D/dalvikvm(  125): GC_EXPLICIT freed <1K, 1% free 8921K/9008K, paused 2ms+3ms, total 25ms
05-22 12:50:29.213 D/dalvikvm(20327): GC_CONCURRENT freed 443K, 6% free 8991K/9472K, paused 4ms+3ms, total 78ms
05-22 12:50:29.213 D/dalvikvm(20327): WAIT_FOR_CONCURRENT_GC blocked 19ms
05-22 12:50:29.213 I/dalvikvm(20327): DexOpt: unable to optimize instance field ref 0x3577 at 0x13 in Lcom/tencent/tmassistantsdk/protocol/ProtocolPackage;.buildRequest
05-22 12:50:29.213 D/dalvikvm(20327): DexOpt: unable to opt direct call 0x66a4 at 0x06 in Lcom/tencent/tmassistantsdk/protocol/ProtocolPackage;.getReqHead
05-22 12:50:29.213 I/dalvikvm(20327): DexOpt: unable to optimize instance field ref 0x3575 at 0x0d in Lcom/tencent/tmassistantsdk/protocol/ProtocolPackage;.getReqHead
05-22 12:50:29.213 I/dalvikvm(20327): DexOpt: unable to optimize instance field ref 0x3571 at 0x13 in Lcom/tencent/tmassistantsdk/protocol/ProtocolPackage;.getReqHead
05-22 12:50:29.213 I/dalvikvm(20327): DexOpt: unable to optimize instance field ref 0x3574 at 0x1d in Lcom/tencent/tmassistantsdk/protocol/ProtocolPackage;.getReqHead
05-22 12:50:29.213 I/dalvikvm(20327): DexOpt: unable to optimize instance field ref 0x3573 at 0x27 in Lcom/tencent/tmassistantsdk/protocol/ProtocolPackage;.getReqHead
05-22 12:50:29.213 I/dalvikvm(20327): DexOpt: unable to optimize instance field ref 0x3576 at 0x31 in Lcom/tencent/tmassistantsdk/protocol/ProtocolPackage;.getReqHead
05-22 12:50:29.221 I/dalvikvm(20327): DexOpt: unable to optimize instance field ref 0x356f at 0x3b in Lcom/tencent/tmassistantsdk/protocol/ProtocolPackage;.getReqHead
05-22 12:50:29.221 I/dalvikvm(20327): DexOpt: unable to optimize instance field ref 0x3570 at 0x45 in Lcom/tencent/tmassistantsdk/protocol/ProtocolPackage;.getReqHead
05-22 12:50:29.221 D/dalvikvm(20327): DexOpt: unable to opt direct call 0x66a6 at 0x0c in Lcom/tencent/tmassistantsdk/protocol/ProtocolPackage;.unpackPackage
05-22 12:50:29.221 I/dalvikvm(20327): DexOpt: unable to optimize instance field ref 0x357a at 0x1c in Lcom/tencent/tmassistantsdk/protocol/ProtocolPackage;.unpackPackage
05-22 12:50:29.221 I/dalvikvm(20327): DexOpt: unable to optimize instance field ref 0x357d at 0x1e in Lcom/tencent/tmassistantsdk/protocol/ProtocolPackage;.unpackPackage
05-22 12:50:29.221 I/dalvikvm(20327): DexOpt: unable to optimize instance field ref 0x357a at 0x22 in Lcom/tencent/tmassistantsdk/protocol/ProtocolPackage;.unpackPackage
05-22 12:50:29.221 I/dalvikvm(20327): DexOpt: unable to optimize instance field ref 0x357b at 0x24 in Lcom/tencent/tmassistantsdk/protocol/ProtocolPackage;.unpackPackage
05-22 12:50:29.221 I/dalvikvm(20327): DexOpt: unable to optimize instance field ref 0x3579 at 0x2b in Lcom/tencent/tmassistantsdk/protocol/ProtocolPackage;.unpackPackage
05-22 12:50:29.221 I/dalvikvm(20327): DexOpt: unable to optimize instance field ref 0x3579 at 0x37 in Lcom/tencent/tmassistantsdk/protocol/ProtocolPackage;.unpackPackage
05-22 12:50:29.221 I/dalvikvm(20327): DexOpt: unable to optimize instance field ref 0x357a at 0x39 in Lcom/tencent/tmassistantsdk/protocol/ProtocolPackage;.unpackPackage
05-22 12:50:29.221 I/dalvikvm(20327): DexOpt: unable to optimize instance field ref 0x357b at 0x3b in Lcom/tencent/tmassistantsdk/protocol/ProtocolPackage;.unpackPackage
05-22 12:50:29.221 I/dalvikvm(20327): DexOpt: unable to optimize instance field ref 0x3579 at 0x42 in Lcom/tencent/tmassistantsdk/protocol/ProtocolPackage;.unpackPackage
05-22 12:50:29.221 I/dalvikvm(20327): DexOpt: unable to optimize instance field ref 0x3579 at 0x48 in Lcom/tencent/tmassistantsdk/protocol/ProtocolPackage;.unpackPackage
05-22 12:50:29.221 I/dalvikvm(20327): DexOpt: unable to optimize instance field ref 0x357a at 0x4e in Lcom/tencent/tmassistantsdk/protocol/ProtocolPackage;.unpackPackage
05-22 12:50:29.221 I/dalvikvm(20327): DexOpt: unable to optimize instance field ref 0x357c at 0x50 in Lcom/tencent/tmassistantsdk/protocol/ProtocolPackage;.unpackPackage
05-22 12:50:29.306 D/com.qq.connect(20327): using guid in !
05-22 12:50:29.306 I/uninstall(20342): load yyb_uninsatll lib
05-22 12:50:29.314 D/dalvikvm(20342): Trying to load lib /data/app-lib/com.tencent.android.qqdownloader-1/libyyb_uninstall.so 0x4228a320
05-22 12:50:29.314 D/dalvikvm(20342): Added shared lib /data/app-lib/com.tencent.android.qqdownloader-1/libyyb_uninstall.so 0x4228a320
05-22 12:50:29.314 D/dalvikvm(20342): No JNI_OnLoad found in /data/app-lib/com.tencent.android.qqdownloader-1/libyyb_uninstall.so 0x4228a320, skipping init
05-22 12:50:29.322 I/uninstall(20342): SelfUninstallManager -> initUninstallTask
05-22 12:50:29.322 D/com.qq.connect(20327): startFileTCPService
05-22 12:50:29.338 D/uninstall(20342): yyb has not changed and uninsall process run well, return
05-22 12:50:29.353 D/dalvikvm(20327): Trying to load lib /data/app-lib/com.tencent.android.qqdownloader-1/libqqndkfile.so 0x42288b28
05-22 12:50:29.361 D/dalvikvm(20327): Added shared lib /data/app-lib/com.tencent.android.qqdownloader-1/libqqndkfile.so 0x42288b28
05-22 12:50:29.361 D/dalvikvm(20327): No JNI_OnLoad found in /data/app-lib/com.tencent.android.qqdownloader-1/libqqndkfile.so 0x42288b28, skipping init
05-22 12:50:29.392 D/dalvikvm(20342): GC_CONCURRENT freed 385K, 5% free 9049K/9472K, paused 3ms+4ms, total 57ms
05-22 12:50:29.392 D/dalvikvm(20342): WAIT_FOR_CONCURRENT_GC blocked 13ms
05-22 12:50:29.392 D/dalvikvm(20342): WAIT_FOR_CONCURRENT_GC blocked 14ms
05-22 12:50:29.400 D/dalvikvm(20342): WAIT_FOR_CONCURRENT_GC blocked 14ms
05-22 12:50:29.408 D/com.qq.connect(20327): startIPCServer start wifiAdminServer
05-22 12:50:29.431 D/com.qq.connect(20327): switch to wifi
05-22 12:50:29.588 D/dalvikvm(20342): GC_CONCURRENT freed 200K, 3% free 9366K/9600K, paused 2ms+16ms, total 93ms
05-22 12:50:29.588 D/dalvikvm(20342): WAIT_FOR_CONCURRENT_GC blocked 20ms
05-22 12:50:29.588 D/dalvikvm(20342): WAIT_FOR_CONCURRENT_GC blocked 10ms
05-22 12:50:29.588 D/dalvikvm(20342): WAIT_FOR_CONCURRENT_GC blocked 15ms
05-22 12:50:29.596 W/Parcel  ( 1661): Attempt to read object from Parcel 0x5dfd3dac at offset 200 that is not in the object list
05-22 12:50:29.635 D/dalvikvm(  374): GC_EXPLICIT freed 765K, 19% free 24543K/30132K, paused 5ms+12ms, total 246ms
05-22 12:50:29.650 D/com.qq.connect(20327): onBindIntent { cmp=com.tencent.android.qqdownloader/com.qq.AppService.IPCService (has extras) }
05-22 12:50:29.658 D/dalvikvm(20342): WAIT_FOR_CONCURRENT_GC blocked 93ms
05-22 12:50:29.674 D/com.qq.connect(20327): thumb thread time spent299
05-22 12:50:29.697 W/dalvikvm(20342): VFY: unable to find class referenced in signature (Lcom/tencent/tmassistantsdk/protocol/jce/Request;)
05-22 12:50:29.697 W/dalvikvm(20342): VFY: unable to resolve instance field 13688
05-22 12:50:29.697 D/dalvikvm(20342): VFY: replacing opcode 0x54 at 0x0004
05-22 12:50:29.705 E/dalvikvm(20342): Could not find class 'com.tencent.tmassistantsdk.protocol.jce.ReportLogRequest', referenced from method com.tencent.tmassistantsdk.protocol.ProtocolPackage.buildReportRequest
05-22 12:50:29.705 W/dalvikvm(20342): VFY: unable to resolve new-instance 3741 (Lcom/tencent/tmassistantsdk/protocol/jce/ReportLogRequest;) in Lcom/tencent/tmassistantsdk/protocol/ProtocolPackage;
05-22 12:50:29.705 D/dalvikvm(20342): VFY: replacing opcode 0x22 at 0x0000
05-22 12:50:29.705 W/dalvikvm(20342): VFY: unable to find class referenced in signature (Lcom/tencent/tmassistantsdk/protocol/jce/Request;)
05-22 12:50:29.705 E/dalvikvm(20342): Could not find class 'com.tencent.tmassistantsdk.protocol.jce.Request', referenced from method com.tencent.tmassistantsdk.protocol.ProtocolPackage.buildRequest
05-22 12:50:29.705 W/dalvikvm(20342): VFY: unable to resolve new-instance 3743 (Lcom/tencent/tmassistantsdk/protocol/jce/Request;) in Lcom/tencent/tmassistantsdk/protocol/ProtocolPackage;
05-22 12:50:29.705 D/dalvikvm(20342): VFY: replacing opcode 0x22 at 0x0004
05-22 12:50:29.705 I/dalvikvm(20342): Could not find method com.tencent.tmassistantsdk.protocol.jce.JceCmd.convert, referenced from method com.tencent.tmassistantsdk.protocol.ProtocolPackage.getCmdId
05-22 12:50:29.705 W/dalvikvm(20342): VFY: unable to resolve static method 26273: Lcom/tencent/tmassistantsdk/protocol/jce/JceCmd;.convert (Ljava/lang/String;)Lcom/tencent/tmassistantsdk/protocol/jce/JceCmd;
05-22 12:50:29.705 D/dalvikvm(20342): VFY: replacing opcode 0x71 at 0x001c
05-22 12:50:29.705 W/dalvikvm(20342): VFY: unable to find class referenced in signature (Lcom/tencent/tmassistantsdk/protocol/jce/ReqHead;)
05-22 12:50:29.713 E/dalvikvm(20342): Could not find class 'com.tencent.tmassistantsdk.protocol.jce.ReqHead', referenced from method com.tencent.tmassistantsdk.protocol.ProtocolPackage.getReqHead
05-22 12:50:29.713 W/dalvikvm(20342): VFY: unable to resolve new-instance 3742 (Lcom/tencent/tmassistantsdk/protocol/jce/ReqHead;) in Lcom/tencent/tmassistantsdk/protocol/ProtocolPackage;
05-22 12:50:29.713 D/dalvikvm(20342): VFY: replacing opcode 0x22 at 0x0004
05-22 12:50:29.713 W/dalvikvm(20342): VFY: unable to find class referenced in signature (Lcom/tencent/tmassistantsdk/protocol/jce/Response;)
05-22 12:50:29.713 E/dalvikvm(20342): Could not find class 'com.tencent.tmassistantsdk.protocol.jce.Response', referenced from method com.tencent.tmassistantsdk.protocol.ProtocolPackage.unpackPackage
05-22 12:50:29.713 W/dalvikvm(20342): VFY: unable to resolve new-instance 3744 (Lcom/tencent/tmassistantsdk/protocol/jce/Response;) in Lcom/tencent/tmassistantsdk/protocol/ProtocolPackage;
05-22 12:50:29.713 D/dalvikvm(20342): VFY: replacing opcode 0x22 at 0x000a
05-22 12:50:29.713 I/dalvikvm(20342): DexOpt: unable to optimize instance field ref 0x3572 at 0x07 in Lcom/tencent/tmassistantsdk/protocol/ProtocolPackage;.buildPostData
05-22 12:50:29.713 D/com.qq.connect(20327): set callbackcom.qq.AppService.w@422b5158
05-22 12:50:29.713 D/com.qq.connect(20327): isServiceRunning
05-22 12:50:29.721 I/dalvikvm(20342): DexOpt: unable to optimize instance field ref 0x3577 at 0x09 in Lcom/tencent/tmassistantsdk/protocol/ProtocolPackage;.buildPostData
05-22 12:50:29.721 I/dalvikvm(20342): DexOpt: unable to optimize instance field ref 0x3577 at 0x10 in Lcom/tencent/tmassistantsdk/protocol/ProtocolPackage;.buildPostData
05-22 12:50:29.721 I/dalvikvm(20342): DexOpt: unable to optimize instance field ref 0x3577 at 0x16 in Lcom/tencent/tmassistantsdk/protocol/ProtocolPackage;.buildPostData
05-22 12:50:29.721 I/dalvikvm(20342): DexOpt: unable to optimize instance field ref 0x3578 at 0x18 in Lcom/tencent/tmassistantsdk/protocol/ProtocolPackage;.buildPostData
05-22 12:50:29.728 I/dalvikvm(20342): DexOpt: unable to optimize instance field ref 0x3578 at 0x1a in Lcom/tencent/tmassistantsdk/protocol/ProtocolPackage;.buildPostData
05-22 12:50:29.728 I/dalvikvm(20342): DexOpt: unable to optimize instance field ref 0x3572 at 0x1c in Lcom/tencent/tmassistantsdk/protocol/ProtocolPackage;.buildPostData
05-22 12:50:29.728 D/com.qq.connect(20327): updateAllIconCache over ,cache count: 98
05-22 12:50:29.744 I/dalvikvm(20342): DexOpt: unable to optimize instance field ref 0x3572 at 0x21 in Lcom/tencent/tmassistantsdk/protocol/ProtocolPackage;.buildPostData
05-22 12:50:29.783 D/com.qq.connect(20327): updateAllIconCache spent time: 388
05-22 12:50:29.791 D/dalvikvm(20327): GC_CONCURRENT freed 216K, 3% free 9214K/9472K, paused 13ms+2ms, total 37ms
05-22 12:50:29.799 I/dalvikvm(20342): DexOpt: unable to optimize instance field ref 0x3577 at 0x23 in Lcom/tencent/tmassistantsdk/protocol/ProtocolPackage;.buildPostData
05-22 12:50:29.822 D/com.qq.connect(20342): using guid in !
05-22 12:50:29.822 I/dalvikvm(20342): DexOpt: unable to optimize instance field ref 0x3577 at 0x2f in Lcom/tencent/tmassistantsdk/protocol/ProtocolPackage;.buildPostData
05-22 12:50:29.830 I/dalvikvm(20342): DexOpt: unable to optimize instance field ref 0x3578 at 0x31 in Lcom/tencent/tmassistantsdk/protocol/ProtocolPackage;.buildPostData
05-22 12:50:29.846 I/dalvikvm(20342): DexOpt: unable to optimize instance field ref 0x3578 at 0x33 in Lcom/tencent/tmassistantsdk/protocol/ProtocolPackage;.buildPostData
05-22 12:50:29.846 I/dalvikvm(20342): DexOpt: unable to optimize instance field ref 0x3572 at 0x35 in Lcom/tencent/tmassistantsdk/protocol/ProtocolPackage;.buildPostData
05-22 12:50:29.846 I/dalvikvm(20342): DexOpt: unable to optimize instance field ref 0x3572 at 0x3a in Lcom/tencent/tmassistantsdk/protocol/ProtocolPackage;.buildPostData
05-22 12:50:29.853 D/dalvikvm(20342): DexOpt: unable to opt direct call 0x66a3 at 0x02 in Lcom/tencent/tmassistantsdk/protocol/ProtocolPackage;.buildReportRequest
05-22 12:50:29.853 I/dalvikvm(20342): DexOpt: unable to optimize instance field ref 0x356e at 0x06 in Lcom/tencent/tmassistantsdk/protocol/ProtocolPackage;.buildReportRequest
05-22 12:50:29.853 I/dalvikvm(20342): DexOpt: unable to optimize instance field ref 0x356d at 0x0c in Lcom/tencent/tmassistantsdk/protocol/ProtocolPackage;.buildReportRequest
05-22 12:50:29.861 I/dalvikvm(20342): DexOpt: unable to optimize instance field ref 0x356a at 0x0e in Lcom/tencent/tmassistantsdk/protocol/ProtocolPackage;.buildReportRequest
05-22 12:50:29.861 I/dalvikvm(20342): DexOpt: unable to optimize instance field ref 0x356b at 0x10 in Lcom/tencent/tmassistantsdk/protocol/ProtocolPackage;.buildReportRequest
05-22 12:50:29.861 I/dalvikvm(20342): DexOpt: unable to optimize instance field ref 0x356c at 0x12 in Lcom/tencent/tmassistantsdk/protocol/ProtocolPackage;.buildReportRequest
05-22 12:50:29.861 D/dalvikvm(20342): DexOpt: unable to opt direct call 0x66a5 at 0x06 in Lcom/tencent/tmassistantsdk/protocol/ProtocolPackage;.buildRequest
05-22 12:50:29.861 I/dalvikvm(20342): DexOpt: unable to optimize instance field ref 0x3578 at 0x0d in Lcom/tencent/tmassistantsdk/protocol/ProtocolPackage;.buildRequest
05-22 12:50:29.861 I/dalvikvm(20342): DexOpt: unable to optimize instance field ref 0x3577 at 0x13 in Lcom/tencent/tmassistantsdk/protocol/ProtocolPackage;.buildRequest
05-22 12:50:29.861 D/dalvikvm(20342): DexOpt: unable to opt direct call 0x66a4 at 0x06 in Lcom/tencent/tmassistantsdk/protocol/ProtocolPackage;.getReqHead
05-22 12:50:29.869 I/dalvikvm(20342): DexOpt: unable to optimize instance field ref 0x3575 at 0x0d in Lcom/tencent/tmassistantsdk/protocol/ProtocolPackage;.getReqHead
05-22 12:50:29.869 I/dalvikvm(20342): DexOpt: unable to optimize instance field ref 0x3571 at 0x13 in Lcom/tencent/tmassistantsdk/protocol/ProtocolPackage;.getReqHead
05-22 12:50:29.869 I/dalvikvm(20342): DexOpt: unable to optimize instance field ref 0x3574 at 0x1d in Lcom/tencent/tmassistantsdk/protocol/ProtocolPackage;.getReqHead
05-22 12:50:29.869 I/dalvikvm(20342): DexOpt: unable to optimize instance field ref 0x3573 at 0x27 in Lcom/tencent/tmassistantsdk/protocol/ProtocolPackage;.getReqHead
05-22 12:50:29.877 D/dalvikvm(20342): GC_CONCURRENT freed 449K, 5% free 9415K/9904K, paused 6ms+5ms, total 39ms
05-22 12:50:29.877 I/dalvikvm(20342): DexOpt: unable to optimize instance field ref 0x3576 at 0x31 in Lcom/tencent/tmassistantsdk/protocol/ProtocolPackage;.getReqHead
05-22 12:50:29.877 I/dalvikvm(20342): DexOpt: unable to optimize instance field ref 0x356f at 0x3b in Lcom/tencent/tmassistantsdk/protocol/ProtocolPackage;.getReqHead
05-22 12:50:29.877 I/dalvikvm(20342): DexOpt: unable to optimize instance field ref 0x3570 at 0x45 in Lcom/tencent/tmassistantsdk/protocol/ProtocolPackage;.getReqHead
05-22 12:50:29.877 D/dalvikvm(20342): DexOpt: unable to opt direct call 0x66a6 at 0x0c in Lcom/tencent/tmassistantsdk/protocol/ProtocolPackage;.unpackPackage
05-22 12:50:29.885 I/dalvikvm(20342): DexOpt: unable to optimize instance field ref 0x357a at 0x1c in Lcom/tencent/tmassistantsdk/protocol/ProtocolPackage;.unpackPackage
05-22 12:50:29.885 I/dalvikvm(20342): DexOpt: unable to optimize instance field ref 0x357d at 0x1e in Lcom/tencent/tmassistantsdk/protocol/ProtocolPackage;.unpackPackage
05-22 12:50:29.885 I/dalvikvm(20342): DexOpt: unable to optimize instance field ref 0x357a at 0x22 in Lcom/tencent/tmassistantsdk/protocol/ProtocolPackage;.unpackPackage
05-22 12:50:29.885 I/dalvikvm(20342): DexOpt: unable to optimize instance field ref 0x357b at 0x24 in Lcom/tencent/tmassistantsdk/protocol/ProtocolPackage;.unpackPackage
05-22 12:50:29.885 I/dalvikvm(20342): DexOpt: unable to optimize instance field ref 0x3579 at 0x2b in Lcom/tencent/tmassistantsdk/protocol/ProtocolPackage;.unpackPackage
05-22 12:50:29.885 I/dalvikvm(20342): DexOpt: unable to optimize instance field ref 0x3579 at 0x37 in Lcom/tencent/tmassistantsdk/protocol/ProtocolPackage;.unpackPackage
05-22 12:50:29.885 I/dalvikvm(20342): DexOpt: unable to optimize instance field ref 0x357a at 0x39 in Lcom/tencent/tmassistantsdk/protocol/ProtocolPackage;.unpackPackage
05-22 12:50:29.885 I/dalvikvm(20342): DexOpt: unable to optimize instance field ref 0x357b at 0x3b in Lcom/tencent/tmassistantsdk/protocol/ProtocolPackage;.unpackPackage
05-22 12:50:29.885 I/dalvikvm(20342): DexOpt: unable to optimize instance field ref 0x3579 at 0x42 in Lcom/tencent/tmassistantsdk/protocol/ProtocolPackage;.unpackPackage
05-22 12:50:29.885 I/dalvikvm(20342): DexOpt: unable to optimize instance field ref 0x3579 at 0x48 in Lcom/tencent/tmassistantsdk/protocol/ProtocolPackage;.unpackPackage
05-22 12:50:29.885 I/dalvikvm(20342): DexOpt: unable to optimize instance field ref 0x357a at 0x4e in Lcom/tencent/tmassistantsdk/protocol/ProtocolPackage;.unpackPackage
05-22 12:50:29.885 I/dalvikvm(20342): DexOpt: unable to optimize instance field ref 0x357c at 0x50 in Lcom/tencent/tmassistantsdk/protocol/ProtocolPackage;.unpackPackage
05-22 12:50:30.010 D/dalvikvm(20342): GC_CONCURRENT freed 394K, 6% free 9409K/9928K, paused 4ms+3ms, total 26ms
05-22 12:50:30.049 V/WiseDownloadConditionControler(20342): register start
05-22 12:50:30.056 V/WiseDownloadConditionControler(20342): register end : true
05-22 12:50:30.080 V/WiseDownloadConditionControler(20342): checkCondition  type : WISE_DOWNLOAD  inerrupting: true
05-22 12:50:30.135 V/WiseDownloadConditionControler(20342): onTimeJobTrigger 2 check trigger
05-22 12:50:30.135 V/WiseDownloadConditionControler(20342): checkCondition  type : TODAY_LAUNCHED_USER  inerrupting: false
05-22 12:50:30.252 D/dalvikvm(20342): GC_CONCURRENT freed 389K, 5% free 9530K/9960K, paused 22ms+19ms, total 97ms
05-22 12:50:30.252 D/dalvikvm(20342): WAIT_FOR_CONCURRENT_GC blocked 5ms
05-22 12:50:54.603 W/Parcel  ( 1661): Attempt to read object from Parcel 0x5ef3bdac at offset 200 that is not in the object list
05-22 12:50:54.666 D/dalvikvm( 1468): GC_CONCURRENT freed 466K, 21% free 9959K/12512K, paused 6ms+6ms, total 38ms
05-22 12:50:55.541 W/MountService(  374): getVolumeState(/storage/emulated/0/external_sd): Unknown volume
05-22 12:50:55.549 W/MountService(  374): getVolumeState(/mnt/sdcard-ext): Unknown volume
05-22 12:50:55.549 W/MountService(  374): getVolumeState(/mnt/ext_sdcard): Unknown volume
