05-22 13:24:08.525 W/SQLiteCursor(17184): 	at android.content.ContentResolver.query(ContentResolver.java:414)
05-22 13:24:08.525 W/SQLiteCursor(17184): 	at android.content.ContentResolver.query(ContentResolver.java:357)
05-22 13:24:08.525 W/SQLiteCursor(17184): 	at com.pekall.emdm.contacts.ui.DefaultContactBrowseListFragment.d(Unknown Source)
05-22 13:24:08.525 W/SQLiteCursor(17184): 	at com.pekall.emdm.contacts.ui.DefaultContactBrowseListFragment.onClick(Unknown Source)
05-22 13:24:08.525 W/SQLiteCursor(17184): 	at android.view.View.performClick(View.java:4240)
05-22 13:24:08.525 W/SQLiteCursor(17184): 	at android.view.View$PerformClick.run(View.java:17721)
05-22 13:24:08.525 W/SQLiteCursor(17184): 	at android.os.Handler.handleCallback(Handler.java:730)
05-22 13:24:08.525 W/SQLiteCursor(17184): 	at android.os.Handler.dispatchMessage(Handler.java:92)
05-22 13:24:08.525 W/SQLiteCursor(17184): 	at android.os.Looper.loop(Looper.java:137)
05-22 13:24:08.525 W/SQLiteCursor(17184): 	at android.app.ActivityThread.main(ActivityThread.java:5103)
05-22 13:24:08.525 W/SQLiteCursor(17184): 	at java.lang.reflect.Method.invokeNative(Native Method)
05-22 13:24:08.525 W/SQLiteCursor(17184): 	at java.lang.reflect.Method.invoke(Method.java:525)
05-22 13:24:08.525 W/SQLiteCursor(17184): 	at com.android.internal.os.ZygoteInit$MethodAndArgsCaller.run(ZygoteInit.java:737)
05-22 13:24:08.525 W/SQLiteCursor(17184): 	at com.android.internal.os.ZygoteInit.main(ZygoteInit.java:553)
05-22 13:24:08.525 W/SQLiteCursor(17184): 	at dalvik.system.NativeStart.main(Native Method)
05-22 13:24:08.525 W/CursorWrapperInner(17184): Cursor finalized without prior close()
05-22 13:24:08.525 W/SQLiteCursor(17184): Finalizing a Cursor that has not been deactivated or closed. database = /data/data/com.pekall.emdm.launcher/databases/emdm_contacts.db, table = company_calllogs, query = SELECT _id, number, date, duration, type, name, numbertype, numberlabel, company_calllogs_id, company_calllogs_department, company_id FROM company_calllogs ORDER BY date DESC
05-22 13:24:08.525 W/SQLiteCursor(17184): com.pekall.sandbox.database.sqlite.DatabaseObjectNotClosedException: Application did not close the cursor or database object that was opened here
05-22 13:24:08.525 W/SQLiteCursor(17184): 	at com.pekall.sandbox.database.sqlite.SQLiteCursor.<init>(Unknown Source)
05-22 13:24:08.525 W/SQLiteCursor(17184): 	at com.pekall.sandbox.database.sqlite.SQLiteDirectCursorDriver.query(Unknown Source)
05-22 13:24:08.525 W/SQLiteCursor(17184): 	at com.pekall.sandbox.database.sqlite.SQLiteDatabase.rawQueryWithFactory(Unknown Source)
05-22 13:24:08.525 W/SQLiteCursor(17184): 	at com.pekall.sandbox.database.sqlite.SQLiteQueryBuilder.query(Unknown Source)
05-22 13:24:08.525 W/SQLiteCursor(17184): 	at com.pekall.emdm.contacts.db.SimpleContactsProvider.query(Unknown Source)
05-22 13:24:08.525 W/SQLiteCursor(17184): 	at android.content.ContentProvider.query(ContentProvider.java:744)
05-22 13:24:08.525 W/SQLiteCursor(17184): 	at android.content.ContentProvider$Transport.query(ContentProvider.java:199)
05-22 13:24:08.525 W/SQLiteCursor(17184): 	at android.content.ContentResolver.query(ContentResolver.java:414)
05-22 13:24:08.525 W/SQLiteCursor(17184): 	at android.content.ContentResolver.query(ContentResolver.java:357)
05-22 13:24:08.525 W/SQLiteCursor(17184): 	at android.content.AsyncQueryHandler$WorkerHandler.handleMessage(AsyncQueryHandler.java:79)
05-22 13:24:08.525 W/SQLiteCursor(17184): 	at com.pekall.emdm.contacts.calllog.p.handleMessage(Unknown Source)
05-22 13:24:08.525 W/SQLiteCursor(17184): 	at android.os.Handler.dispatchMessage(Handler.java:99)
05-22 13:24:08.525 W/SQLiteCursor(17184): 	at android.os.Looper.loop(Looper.java:137)
05-22 13:24:08.525 W/SQLiteCursor(17184): 	at android.os.HandlerThread.run(HandlerThread.java:61)
05-22 13:24:08.525 W/CursorWrapperInner(17184): Cursor finalized without prior close()
05-22 13:24:08.627 D/LauncherApplication(17184): [null:-1]->onActivityPaused
05-22 13:24:08.642 D/LauncherApplication(17184): [null:-1]->onActivityPaused  updateTime
05-22 13:24:08.681 V/Launcher(17184): default_launcher = #Intent;launchFlags=0x10200000;component=com.android.launcher/com.android.launcher2.Launcher;end
05-22 13:24:08.681 W/Parcel  ( 1661): Attempt to read object from Parcel 0x5ded3dac at offset 200 that is not in the object list
05-22 13:24:08.681 I/ActivityManager(  374): START u0 {act=android.intent.action.VIEW flg=0x10200000 cmp=com.android.launcher/com.android.launcher2.Launcher} from pid 17184
05-22 13:24:08.721 E/AppsCustomizePagedView(  576): Widget ComponentInfo{com.pekall.emdm.launcher/com.pekall.emdm.messagecenter.view.PushMessageWidget} has invalid dimensions (480, 0)
05-22 13:24:09.158 I/ActivityManager(  374): Start proc com.android.settings for broadcast com.android.settings/.widget.SettingsAppWidgetProvider: pid=20986 uid=1000 gids={41000, 1015, 1028, 3002, 3001, 3003, 3007}
05-22 13:24:09.236 D/BluetoothManagerService(  374): Message: 20
05-22 13:24:09.236 D/BluetoothManagerService(  374): Added callback: android.bluetooth.IBluetoothManagerCallback$Stub$Proxy@427cffd0:true
05-22 13:24:09.244 D/BluetoothAdapter(20986): 1109935904: getState() :  mService = null. Returning STATE_OFF
05-22 13:24:09.252 D/BluetoothManagerService(  374): Message: 30
05-22 13:24:09.252 W/ContextImpl(20986): Calling a method in the system process without a qualified user: android.app.ContextImpl.bindService:1439 android.content.ContextWrapper.bindService:496 android.bluetooth.BluetoothInputDevice.<init>:240 android.bluetooth.BluetoothAdapter.getProfileProxy:1168 com.android.settings.bluetooth.LocalBluetoothAdapter.getProfileProxy:94 
05-22 13:24:09.260 D/BluetoothManagerService(  374): Message: 30
05-22 13:24:09.260 D/BluetoothPan(20986): BluetoothPan() call bindService
05-22 13:24:09.260 D/BluetoothPan(20986): BluetoothPan(), bindService called
05-22 13:24:09.260 D/BluetoothManagerService(  374): Message: 30
05-22 13:24:09.260 D/LocalBluetoothProfileManager(20986): LocalBluetoothProfileManager construction complete
05-22 13:24:09.260 D/BluetoothAdapter(20986): 1109935904: getState() :  mService = null. Returning STATE_OFF
05-22 13:24:09.260 D/BluetoothAdapter(20986): 1109935904: getState() :  mService = null. Returning STATE_OFF
05-22 13:24:09.260 W/ContextImpl(20986): Calling a method in the system process without a qualified user: android.app.ContextImpl.bindService:1439 android.content.ContextWrapper.bindService:496 android.bluetooth.BluetoothPan.<init>:141 android.bluetooth.BluetoothAdapter.getProfileProxy:1171 com.android.settings.bluetooth.PanProfile.<init>:73 
05-22 13:24:09.260 W/ContextImpl(20986): Calling a method in the system process without a qualified user: android.app.ContextImpl.bindService:1439 android.content.ContextWrapper.bindService:496 android.bluetooth.BluetoothPbap.<init>:161 com.android.settings.bluetooth.PbapServerProfile.<init>:68 com.android.settings.bluetooth.LocalBluetoothProfileManager.<init>:124 
05-22 13:24:09.267 D/BluetoothManagerService(  374): enable():  mBluetooth =null mBinding = false
05-22 13:24:09.322 D/BluetoothManagerService(  374): Message: 1
05-22 13:24:09.322 D/BluetoothManagerService(  374): MESSAGE_ENABLE: mBluetooth = null
05-22 13:24:09.338 I/ActivityManager(  374): Start proc com.android.bluetooth for service com.android.bluetooth/.btservice.AdapterService: pid=21002 uid=1002 gids={41002, 3003, 3002, 3001, 1015, 3005, 1016, 3008, 1028}
05-22 13:24:09.424 D/AdapterServiceConfig(21002): Adding HeadsetService
05-22 13:24:09.424 D/AdapterServiceConfig(21002): Adding A2dpService
05-22 13:24:09.424 D/AdapterServiceConfig(21002): Adding HidService
05-22 13:24:09.424 D/AdapterServiceConfig(21002): Adding HealthService
05-22 13:24:09.424 D/AdapterServiceConfig(21002): Adding PanService
05-22 13:24:09.424 D/AdapterServiceConfig(21002): Adding GattService
05-22 13:24:09.439 D/BluetoothAdapterService(21002): REFCOUNT: CREATED. INSTANCE_COUNT1
05-22 13:24:09.447 D/BluetoothManagerService(  374): Message: 20
05-22 13:24:09.447 D/BluetoothManagerService(  374): Added callback: android.bluetooth.IBluetoothManagerCallback$Stub$Proxy@42c106a8:true
05-22 13:24:09.447 D/BluetoothAdapterState(21002): make
05-22 13:24:09.447 I/bluedroid(21002): init
05-22 13:24:09.447 I/BluetoothAdapterState(21002): Entering OffState
05-22 13:24:09.455 I/bte_conf(21002): Attempt to load stack conf from /etc/bluetooth/bt_stack.conf
05-22 13:24:09.463 I/bluedroid(21002): get_profile_interface socket
05-22 13:24:09.463 I/GKI_LINUX(21002): gki_task_entry: gki_task_entry task_id=1 [BTIF] starting
05-22 13:24:09.463 I/BluetoothAdapterProperties(21002): adapterPropertyChangedCallback with type:2 len:6
05-22 13:24:09.463 D/BluetoothManagerService(  374): BluetoothServiceConnection: com.android.bluetooth.btservice.AdapterService
05-22 13:24:09.463 D/BluetoothManagerService(  374): Message: 40
05-22 13:24:09.463 D/BluetoothAdapterProperties(21002): Address is:B0:D0:9C:58:D9:DE
05-22 13:24:09.463 D/BluetoothManagerService(  374): MESSAGE_BLUETOOTH_SERVICE_CONNECTED: 1
05-22 13:24:09.463 I/BluetoothAdapterProperties(21002): adapterPropertyChangedCallback with type:1 len:12
05-22 13:24:09.463 D/BluetoothAdapterProperties(21002): Name is: Galaxy Nexus
05-22 13:24:09.463 D/BluetoothManagerService(  374): Calling onBluetoothServiceUp callbacks
05-22 13:24:09.463 D/BluetoothManagerService(  374): Broadcasting onBluetoothServiceUp() to 8 receivers.
05-22 13:24:09.471 D/BluetoothManagerService(  374): Bluetooth Adapter name changed to Galaxy Nexus
05-22 13:24:09.471 D/BluetoothManagerService(  374): Stored Bluetooth name: Galaxy Nexus
05-22 13:24:09.471 D/BluetoothAdapterState(21002): CURRENT_STATE=OFF, MESSAGE = USER_TURN_ON
05-22 13:24:09.471 D/BluetoothAdapterProperties(21002): Setting state to 11
05-22 13:24:09.471 I/BluetoothAdapterState(21002): Bluetooth adapter state changed: 10-> 11
05-22 13:24:09.471 D/BluetoothAdapterService(21002): Broadcasting updateAdapterState() to 1 receivers.
05-22 13:24:09.471 D/BluetoothManagerService(  374): Message: 60
05-22 13:24:09.471 D/BluetoothManagerService(  374): MESSAGE_BLUETOOTH_STATE_CHANGE: prevState = 10, newState=11
05-22 13:24:09.471 D/BluetoothManagerService(  374): Bluetooth State Change Intent: 10 -> 11
05-22 13:24:09.471 D/BluetoothBondStateMachine(21002): make
05-22 13:24:09.478 I/BluetoothBondStateMachine(21002): StableState(): Entering Off State
05-22 13:24:09.494 D/BluetoothHeadset(  374): Proxy object connected
05-22 13:24:09.494 D/BluetoothHeadset(  561): Proxy object connected
05-22 13:24:09.494 D/HeadsetService(21002): Received start request. Starting profile...
05-22 13:24:09.494 I/BluetoothHeadsetServiceJni(21002): classInitNative: succeeds
05-22 13:24:09.494 D/HeadsetStateMachine(21002): make
05-22 13:24:09.502 I/BluetoothAdapterState(21002): Entering PendingCommandState State: isTurningOn()=true, isTurningOff()=false
05-22 13:24:09.510 D/BluetoothHeadset(  561): Proxy object connected
05-22 13:24:09.510 I/bluedroid(21002): get_profile_interface handsfree
05-22 13:24:09.510 E/bt-btif (21002): btif_enable_service: current services:0x40
05-22 13:24:09.510 D/BluetoothA2dp(  374): Proxy object connected
05-22 13:24:09.510 D/A2dpService(21002): Received start request. Starting profile...
05-22 13:24:09.510 I/BluetoothA2dpServiceJni(21002): classInitNative: succeeds
05-22 13:24:09.510 D/A2dpStateMachine(21002): make
05-22 13:24:09.510 I/bluedroid(21002): get_profile_interface a2dp
05-22 13:24:09.517 I/GKI_LINUX(21002): gki_task_entry: gki_task_entry task_id=2 [A2DP-MEDIA] starting
05-22 13:24:09.517 E/bt-btif (21002): btif_enable_service: current services:0x40040
05-22 13:24:09.525 I/BluetoothAvrcpServiceJni(21002): classInitNative: succeeds
05-22 13:24:09.525 D/A2dpStateMachine(21002): Enter Disconnected: -2
05-22 13:24:09.525 I/bluedroid(21002): get_profile_interface avrcp
05-22 13:24:09.533 I/BluetoothHidServiceJni(21002): classInitNative: succeeds
05-22 13:24:09.533 D/BluetoothInputDevice(20986): Proxy object connected
05-22 13:24:09.541 D/HidProfile(20986): Bluetooth service connected
05-22 13:24:09.541 D/HidService(21002): Received start request. Starting profile...
05-22 13:24:09.541 I/bluedroid(21002): get_profile_interface hidhost
05-22 13:24:09.541 E/bt-btif (21002): btif_enable_service: current services:0x140040
05-22 13:24:09.541 I/BluetoothHealthServiceJni(21002): classInitNative: succeeds
05-22 13:24:09.541 D/HealthService(21002): Received start request. Starting profile...
05-22 13:24:09.541 I/bluedroid(21002): get_profile_interface health
05-22 13:24:09.541 I/BluetoothPanServiceJni(21002): classInitNative(L105): succeeds
05-22 13:24:09.541 D/BluetoothPan(  374): BluetoothPAN Proxy object connected
05-22 13:24:09.541 D/BluetoothPan(20986): BluetoothPAN Proxy object connected
05-22 13:24:09.541 D/PanProfile(20986): Bluetooth service connected
05-22 13:24:09.541 D/PanService(21002): Received start request. Starting profile...
05-22 13:24:09.541 D/BluetoothPanServiceJni(21002): initializeNative(L110): pan
05-22 13:24:09.541 I/bluedroid(21002): get_profile_interface pan
05-22 13:24:09.541 D/BluetoothTethering(  374): got CMD_CHANNEL_HALF_CONNECTED
05-22 13:24:09.549 I/BtGatt.JNI(21002): classInitNative(L673): classInitNative: Success!
05-22 13:24:09.549 D/BtGatt.DebugUtils(21002): handleDebugAction() action=null
05-22 13:24:09.549 D/BtGatt.GattService(21002): Received start request. Starting profile...
05-22 13:24:09.549 D/BtGatt.GattService(21002): start()
05-22 13:24:09.549 I/bluedroid(21002): get_profile_interface gatt
05-22 13:24:09.549 E/BtGatt.JNI(21002): ERROR: initializeNative(L701): Failed to get Bluetooth GATT Interface##
05-22 13:24:09.556 D/BluetoothAdapterService(21002): Profile still not running:com.android.bluetooth.hdp.HealthService
05-22 13:24:09.556 D/HeadsetPhoneState(21002): sendDeviceStateChanged. mService=0 mSignal=0 mRoam=0 mBatteryCharge=4
05-22 13:24:09.556 D/BluetoothAdapterService(21002): Profile still not running:com.android.bluetooth.hdp.HealthService
05-22 13:24:09.556 D/BluetoothAdapterService(21002): Profile still not running:com.android.bluetooth.hdp.HealthService
05-22 13:24:09.556 D/BluetoothAdapterService(21002): Profile still not running:com.android.bluetooth.pan.PanService
05-22 13:24:09.556 D/BluetoothAdapterService(21002): Profile still not running:com.android.bluetooth.gatt.GattService
05-22 13:24:09.556 D/BluetoothAdapterState(21002): CURRENT_STATE=PENDING, MESSAGE = STARTED, isTurningOn=true, isTurningOff=false
05-22 13:24:09.556 I/bluedroid(21002): enable
05-22 13:24:09.564 I/bt_hci_bdroid(21002): init
05-22 13:24:09.564 I/bt_vendor(21002): init
05-22 13:24:09.564 I/bt_vnd_conf(21002): Attempt to load conf from /etc/bluetooth/bt_vendor.conf
05-22 13:24:09.564 I/bt_vnd_conf(21002): vnd_load_conf file >/etc/bluetooth/bt_vendor.conf< not found
05-22 13:24:09.572 I/bt_hci_bdroid(21002): bt_hc_worker_thread started
05-22 13:24:09.572 I/bt_userial_vendor(21002): userial vendor open: opening /dev/ttyO1
05-22 13:24:09.572 I/bt_userial_vendor(21002): device fd = 62 open
05-22 13:24:09.580 I/GKI_LINUX(21002): gki_task_entry: gki_task_entry task_id=0 [BTU] starting
05-22 13:24:09.580 I/bt-btu  (21002): btu_task pending for preload complete event
05-22 13:24:09.596 I/bt_hwcfg(21002): bt vendor lib: set UART baud 3000000
05-22 13:24:09.627 D/bt_hwcfg(21002): Chipset BCM4330B1
05-22 13:24:09.627 D/bt_hwcfg(21002): Target name = [BCM4330B1]
05-22 13:24:09.635 D/bt_hwcfg(21002): Target name = [BCM4330]
05-22 13:24:09.635 I/bt_hwcfg(21002): Found patchfile: /vendor/firmware//bcm4330.hcd
05-22 13:24:09.838 I/bt_hwcfg(21002): bt vendor lib: set UART baud 115200
05-22 13:24:09.838 D/bt_hwcfg(21002): Settlement delay -- 100 ms
05-22 13:24:09.939 I/bt_hwcfg(21002): bt vendor lib: set UART baud 3000000
05-22 13:24:09.939 I/bt_hwcfg(21002): Setting local bd addr to B0:D0:9C:58:D9:DE
05-22 13:24:09.963 I/bt_hwcfg(21002): vendor lib fwcfg completed
05-22 13:24:09.963 I/bt-btu  (21002): btu_task received preload complete event
05-22 13:24:09.971 I/        (21002): BTE_InitTraceLevels -- TRC_HCI
05-22 13:24:09.971 I/        (21002): BTE_InitTraceLevels -- TRC_L2CAP
05-22 13:24:09.971 I/        (21002): BTE_InitTraceLevels -- TRC_RFCOMM
05-22 13:24:09.971 I/        (21002): BTE_InitTraceLevels -- TRC_AVDT
05-22 13:24:09.971 I/        (21002): BTE_InitTraceLevels -- TRC_AVRC
05-22 13:24:09.971 I/        (21002): BTE_InitTraceLevels -- TRC_A2D
05-22 13:24:09.971 I/        (21002): BTE_InitTraceLevels -- TRC_BNEP
05-22 13:24:09.971 I/        (21002): BTE_InitTraceLevels -- TRC_BTM
05-22 13:24:09.971 I/        (21002): BTE_InitTraceLevels -- TRC_GAP
05-22 13:24:09.971 I/        (21002): BTE_InitTraceLevels -- TRC_PAN
05-22 13:24:09.971 I/        (21002): BTE_InitTraceLevels -- TRC_SDP
05-22 13:24:09.971 I/        (21002): BTE_InitTraceLevels -- TRC_BTAPP
05-22 13:24:09.971 I/        (21002): BTE_InitTraceLevels -- TRC_BTIF
05-22 13:24:10.041 E/bt-btif (21002): Calling BTA_HhEnable
05-22 13:24:10.041 E/bt-btif (21002): ## btif_config_get assert section && *section && key && *key && name && *name && bytes && type failed at line:182 ##
05-22 13:24:10.041 E/bt-btif (21002): btif_storage_get_adapter_property service_mask:0x140040
05-22 13:24:10.041 I/BluetoothAdapterProperties(21002): adapterPropertyChangedCallback with type:2 len:6
05-22 13:24:10.041 D/BluetoothAdapterProperties(21002): Address is:B0:D0:9C:58:D9:DE
05-22 13:24:10.041 I/BluetoothAdapterProperties(21002): adapterPropertyChangedCallback with type:1 len:12
05-22 13:24:10.041 D/BluetoothAdapterProperties(21002): Name is: Galaxy Nexus
05-22 13:24:10.041 I/BluetoothAdapterProperties(21002): adapterPropertyChangedCallback with type:7 len:4
05-22 13:24:10.041 D/BluetoothManagerService(  374): Bluetooth Adapter name changed to Galaxy Nexus
05-22 13:24:10.049 D/BluetoothManagerService(  374): Stored Bluetooth name: Galaxy Nexus
05-22 13:24:10.049 D/BluetoothAdapterProperties(21002): Scan Mode:20
05-22 13:24:10.049 I/BluetoothAdapterProperties(21002): adapterPropertyChangedCallback with type:9 len:4
05-22 13:24:10.049 D/BluetoothAdapterProperties(21002): Discoverable Timeout:120
05-22 13:24:10.049 I/BluetoothAdapterProperties(21002): adapterPropertyChangedCallback with type:8 len:0
05-22 13:24:10.049 I/BluetoothAdapterProperties(21002): adapterPropertyChangedCallback with type:3 len:48
05-22 13:24:10.049 I/bt_hwcfg(21002): SCO over I2SPCM interface {1, 1, 0, 1}
05-22 13:24:10.049 I/bte_conf(21002): Attempt to load did conf from /etc/bluetooth/bt_did.conf
05-22 13:24:10.049 I/bte_conf(21002): [1] primary_record=1 vendor_id=0x000F vendor_id_source=0x0001 product_id=0x1200 version=0x1436
05-22 13:24:10.049 I/bte_conf(21002): Attempt to load did conf from /etc/bluetooth/bt_did.conf
05-22 13:24:10.049 I/bte_conf(21002): Attempt to load did conf from /etc/bluetooth/bt_did.conf
05-22 13:24:10.049 E/bt-btif (21002): ## btif_config_get assert section && *section && key && *key && name && *name && bytes && type failed at line:182 ##
05-22 13:24:10.049 D/BluetoothAdapterState(21002): CURRENT_STATE=PENDING, MESSAGE = ENABLE_READY, isTurningOn=true, isTurningOff=false
05-22 13:24:10.049 D/BluetoothPanServiceJni(21002): control_state_callback(L61): state:0, local_role:0, ifname:bt-pan
05-22 13:24:10.049 D/BluetoothAdapterProperties(21002): ScanMode =  20
05-22 13:24:10.049 D/BluetoothAdapterProperties(21002): State =  11
05-22 13:24:10.049 D/BluetoothAdapterProperties(21002): Setting state to 12
05-22 13:24:10.049 I/BluetoothAdapterProperties(21002): adapterPropertyChangedCallback with type:7 len:4
05-22 13:24:10.049 I/BluetoothAdapterState(21002): Bluetooth adapter state changed: 11-> 12
05-22 13:24:10.049 D/BluetoothAdapterService(21002): Broadcasting updateAdapterState() to 1 receivers.
05-22 13:24:10.049 D/BluetoothManagerService(  374): Message: 60
05-22 13:24:10.049 D/BluetoothManagerService(  374): MESSAGE_BLUETOOTH_STATE_CHANGE: prevState = 11, newState=12
05-22 13:24:10.049 D/BluetoothAdapterProperties(21002): Scan Mode:21
05-22 13:24:10.049 I/BluetoothAdapterProperties(21002): adapterPropertyChangedCallback with type:9 len:4
05-22 13:24:10.049 D/BluetoothManagerService(  374): Broadcasting onBluetoothStateChange(true) to 8 receivers.
05-22 13:24:10.049 D/BluetoothAdapterProperties(21002): Discoverable Timeout:120
05-22 13:24:10.049 D/BluetoothHeadset(  374): onBluetoothStateChange: up=true
05-22 13:24:10.049 D/BluetoothA2dp(  374): onBluetoothStateChange: up=true
05-22 13:24:10.049 D/BluetoothHeadset(  561): onBluetoothStateChange: up=true
05-22 13:24:10.049 I/BluetoothAdapterState(21002): Entering On State
05-22 13:24:10.049 D/BluetoothInputDevice(20986): onBluetoothStateChange: up=true
05-22 13:24:10.049 D/BluetoothPbap(20986): onBluetoothStateChange: up=true
05-22 13:24:10.049 W/ContextImpl(20986): Calling a method in the system process without a qualified user: android.app.ContextImpl.bindService:1439 android.content.ContextWrapper.bindService:496 android.bluetooth.BluetoothPbap$1.onBluetoothStateChange:132 android.bluetooth.IBluetoothStateChangeCallback$Stub.onTransact:55 android.os.Binder.execTransact:388 
05-22 13:24:10.056 D/BluetoothAdapterService(1109956848)(21002): Get Bonded Devices being called
05-22 13:24:10.056 D/BluetoothAdapterService(1109956848)(21002): Get Bonded Devices being called
05-22 13:24:10.056 D/BluetoothPan(20986): onBluetoothStateChange(on) call bindService
05-22 13:24:10.056 D/BluetoothPan(20986): BluetoothPan(), bindService called
05-22 13:24:10.056 D/BluetoothHeadset(  561): onBluetoothStateChange: up=true
05-22 13:24:10.056 D/BluetoothPan(  374): onBluetoothStateChange(on) call bindService
05-22 13:24:10.056 D/BluetoothPan(  374): BluetoothPan(), bindService called
05-22 13:24:10.056 D/BluetoothManagerService(  374): Bluetooth State Change Intent: 11 -> 12
05-22 13:24:10.056 W/ContextImpl(20986): Calling a method in the system process without a qualified user: android.app.ContextImpl.bindService:1439 android.content.ContextWrapper.bindService:496 android.bluetooth.BluetoothPan$1.onBluetoothStateChange:173 android.bluetooth.IBluetoothStateChangeCallback$Stub.onTransact:55 android.os.Binder.execTransact:388 
05-22 13:24:10.056 W/ContextImpl(  374): Calling a method in the system process without a qualified user: android.app.ContextImpl.bindService:1439 android.bluetooth.BluetoothPan$1.onBluetoothStateChange:173 com.android.server.BluetoothManagerService.sendBluetoothStateCallback:488 com.android.server.BluetoothManagerService.bluetoothStateChangeHandler:1112 com.android.server.BluetoothManagerService.access$2800:48 
05-22 13:24:10.064 D/LocalBluetoothProfileManager(20986): Adding local A2DP profile
05-22 13:24:10.072 E/bt_h4   (21002): vendor lib postload completed
05-22 13:24:10.072 D/BluetoothManagerService(  374): Message: 30
05-22 13:24:10.072 D/LocalBluetoothProfileManager(20986): Adding local HEADSET profile
05-22 13:24:10.072 D/BluetoothAdapterService(1109956848)(21002): Get Bonded Devices being called
05-22 13:24:10.072 W/ContextImpl(20986): Calling a method in the system process without a qualified user: android.app.ContextImpl.bindService:1439 android.content.ContextWrapper.bindService:496 android.bluetooth.BluetoothA2dp.<init>:160 android.bluetooth.BluetoothAdapter.getProfileProxy:1165 com.android.settings.bluetooth.LocalBluetoothAdapter.getProfileProxy:94 
05-22 13:24:10.080 D/BluetoothManagerService(  374): Message: 30
05-22 13:24:10.088 W/ContextImpl(20986): Calling a method in the system process without a qualified user: android.app.ContextImpl.bindService:1439 android.content.ContextWrapper.bindService:496 android.bluetooth.BluetoothHeadset.<init>:273 android.bluetooth.BluetoothAdapter.getProfileProxy:1162 com.android.settings.bluetooth.LocalBluetoothAdapter.getProfileProxy:94 
05-22 13:24:10.096 D/BluetoothAdapterService(1109956848)(21002): Get Bonded Devices being called
05-22 13:24:10.096 D/BluetoothA2dp(20986): Proxy object connected
05-22 13:24:10.096 D/A2dpProfile(20986): Bluetooth service connected
05-22 13:24:10.103 D/BluetoothManagerService(  374): checkIfCallerIsForegroundUser: valid=true callingUser=0 foregroundUser=0
05-22 13:24:10.111 W/BluetoothAdapter(21002): getBluetoothService() called with no BluetoothManagerCallback
05-22 13:24:10.111 E/BluetoothServiceJni(21002): SOCK FLAG = 1 ***********************
05-22 13:24:10.111 W/ContextImpl(20986): Calling a method in the system process without a qualified user: android.app.ContextImpl.startService:1385 android.content.ContextWrapper.startService:473 android.content.ContextWrapper.startService:473 com.android.settings.bluetooth.DockEventReceiver.beginStartingService:134 com.android.settings.bluetooth.DockEventReceiver.onReceive:115 
05-22 13:24:10.119 D/BluetoothHeadset(20986): Proxy object connected
05-22 13:24:10.119 D/HeadsetProfile(20986): Bluetooth service connected
05-22 13:24:10.119 D/BluetoothPbap(20986): Proxy object connected
05-22 13:24:10.119 D/PbapServerProfile(20986): Bluetooth service connected
05-22 13:24:10.127 D/DockEventReceiver(20986): finishStartingService: stopping service
05-22 13:24:10.267 D/BluetoothManagerService(  374): checkIfCallerIsForegroundUser: valid=true callingUser=0 foregroundUser=0
05-22 13:24:10.267 W/BluetoothAdapter(21002): getBluetoothService() called with no BluetoothManagerCallback
05-22 13:24:10.267 E/BluetoothServiceJni(21002): SOCK FLAG = 0 ***********************
05-22 13:24:10.267 I/BtOppRfcommListener(21002): Accept thread started.
05-22 13:24:11.306 D/dalvikvm(21002): GC_CONCURRENT freed 229K, 3% free 9080K/9348K, paused 5ms+2ms, total 29ms
05-22 13:24:12.931 W/Parcel  ( 1661): Attempt to read object from Parcel 0x5ec3bdac at offset 200 that is not in the object list
05-22 13:24:12.931 I/ActivityManager(  374): START u0 {act=android.intent.action.MAIN cat=[android.intent.category.LAUNCHER] flg=0x10200000 cmp=com.pekall.emdm.launcher/.Launcher} from pid 576
05-22 13:24:13.049 D/dalvikvm(  374): GC_FOR_ALLOC freed 1044K, 19% free 24680K/30132K, paused 77ms, total 78ms
05-22 13:24:13.080 V/LauncherApplication(17184): onActivityStarted
05-22 13:24:13.080 D/        (17184): [---null: -1---]     awsa  onActivityResumed
05-22 13:24:13.080 V/LauncherApplication(17184): 2MdmConstant.LAST_LAUNCH_TIME = 1400736248647
05-22 13:24:13.088 D/        (17184): [---null: -1---]  activity = com.pekall.emdm.launcher.Launcher
05-22 13:24:13.088 V/DefultSetContriller(17184): isLauncherDf = com.pekall.emdm.launcher
05-22 13:24:13.088 V/DefultSetContriller(17184): isPhoneDf = com.pekall.emdm.launcher
05-22 13:24:13.088 E/LauncherApplication(17184): isShowLogoutUI = true
05-22 13:24:13.088 E/LauncherApplication(17184): LogoutShowTime 1
05-22 13:24:13.088 V/Launcher(17184): onResume1111111 
05-22 13:24:13.088 V/Launcher(17184): is login ----> 
05-22 13:24:13.088 I/System.out(17184):  
05-22 13:24:13.088 I/System.out(17184): com.pekall.emdm.launcher.Workspace.setWallpaper(Unknown Source)
05-22 13:24:13.096 I/System.out(17184): com.pekall.emdm.launcher.Launcher.onResume(Unknown Source)
05-22 13:24:13.096 I/System.out(17184): android.app.Instrumentation.callActivityOnResume(Instrumentation.java:1192)
05-22 13:24:13.096 I/System.out(17184): android.app.Activity.performResume(Activity.java:5211)
05-22 13:24:13.096 I/System.out(17184): android.app.ActivityThread.performResumeActivity(ActivityThread.java:2780)
05-22 13:24:13.096 I/System.out(17184): android.app.ActivityThread.handleResumeActivity(ActivityThread.java:2819)
05-22 13:24:13.096 I/System.out(17184): android.app.ActivityThread$H.handleMessage(ActivityThread.java:1298)
05-22 13:24:13.096 I/System.out(17184): android.os.Handler.dispatchMessage(Handler.java:99)
05-22 13:24:13.096 I/System.out(17184): android.os.Looper.loop(Looper.java:137)
05-22 13:24:13.096 I/System.out(17184): android.app.ActivityThread.main(ActivityThread.java:5103)
05-22 13:24:13.096 I/System.out(17184): java.lang.reflect.Method.invokeNative(Native Method)
05-22 13:24:13.096 I/System.out(17184): java.lang.reflect.Method.invoke(Method.java:525)
05-22 13:24:13.096 I/System.out(17184): com.android.internal.os.ZygoteInit$MethodAndArgsCaller.run(ZygoteInit.java:737)
05-22 13:24:13.096 I/System.out(17184): com.android.internal.os.ZygoteInit.main(ZygoteInit.java:553)
05-22 13:24:13.096 I/System.out(17184): dalvik.system.NativeStart.main(Native Method)
05-22 13:24:13.346 D/dalvikvm(17184): JIT unchain all for threadid=11
05-22 13:24:13.400 D/dalvikvm(17184): GC_FOR_ALLOC freed 5060K, 30% free 30264K/42844K, paused 301ms, total 303ms
05-22 13:24:14.900 W/Parcel  ( 1661): Attempt to read object from Parcel 0x5ded3dac at offset 200 that is not in the object list
05-22 13:24:14.900 I/ActivityManager(  374): START u0 {flg=0x10000000 cmp=com.pekall.emdm.launcher/.ui.BackPersonalActivity} from pid 17184
05-22 13:24:15.010 D/dalvikvm(  374): GC_FOR_ALLOC freed 815K, 19% free 24660K/30132K, paused 75ms, total 76ms
05-22 13:24:15.080 D/dalvikvm(  374): GC_FOR_ALLOC freed 747K, 19% free 24656K/30132K, paused 68ms, total 68ms
05-22 13:24:15.088 D/LauncherApplication(17184): [null:-1]->onActivityPaused
05-22 13:24:15.088 D/LauncherApplication(17184): [null:-1]->onActivityPaused  updateTime
05-22 13:24:15.119 V/Launcher(17184): default_launcher = #Intent;launchFlags=0x10200000;component=com.android.launcher/com.android.launcher2.Launcher;end
05-22 13:24:15.119 W/Parcel  ( 1661): Attempt to read object from Parcel 0x6003bdac at offset 200 that is not in the object list
05-22 13:24:15.119 I/ActivityManager(  374): START u0 {act=android.intent.action.VIEW flg=0x10200000 cmp=com.android.launcher/com.android.launcher2.Launcher} from pid 17184
05-22 13:24:19.978 W/Parcel  ( 1661): Attempt to read object from Parcel 0x5dfd3dac at offset 200 that is not in the object list
05-22 13:24:19.986 I/ActivityManager(  374): START u0 {act=android.intent.action.MAIN cat=[android.intent.category.LAUNCHER] flg=0x10200000 cmp=com.android.settings/.Settings} from pid 576
05-22 13:24:20.119 D/dalvikvm(  374): GC_FOR_ALLOC freed 806K, 18% free 24741K/30132K, paused 97ms, total 97ms
05-22 13:24:20.244 D/dalvikvm(20986): GC_CONCURRENT freed 258K, 4% free 9088K/9380K, paused 6ms+3ms, total 50ms
05-22 13:24:20.392 D/libEGL  (20986): loaded /vendor/lib/egl/libEGL_POWERVR_SGX540_120.so
05-22 13:24:20.408 D/libEGL  (20986): loaded /vendor/lib/egl/libGLESv1_CM_POWERVR_SGX540_120.so
05-22 13:24:20.408 D/libEGL  (20986): loaded /vendor/lib/egl/libGLESv2_POWERVR_SGX540_120.so
05-22 13:24:20.463 D/OpenGLRenderer(20986): Enabling debug mode 0
05-22 13:24:20.478 D/WifiService(  374): setWifiEnabled: true pid=20986, uid=1000
05-22 13:24:20.572 D/dalvikvm(20986): GC_CONCURRENT freed 63K, 2% free 9446K/9552K, paused 5ms+4ms, total 36ms
05-22 13:24:20.752 I/ActivityManager(  374): Displayed com.android.settings/.Settings: +612ms (total +12s114ms)
05-22 13:24:26.603 W/Parcel  ( 1661): Attempt to read object from Parcel 0x5ec3bdac at offset 200 that is not in the object list
05-22 13:24:26.603 I/ActivityManager(  374): START u0 {act=android.intent.action.MAIN cmp=com.android.settings/.SubSettings (has extras)} from pid 20986
05-22 13:24:26.744 D/dalvikvm(  374): GC_FOR_ALLOC freed 1182K, 20% free 24383K/30132K, paused 83ms, total 85ms
05-22 13:24:26.822 D/dalvikvm(20986): GC_CONCURRENT freed 77K, 2% free 9802K/9924K, paused 1ms+3ms, total 21ms
05-22 13:24:27.056 I/ActivityManager(  374): Displayed com.android.settings/.SubSettings: +299ms
05-22 13:24:32.158 W/Parcel  ( 1661): Attempt to read object from Parcel 0x6003bdac at offset 200 that is not in the object list
05-22 13:24:32.158 I/ActivityManager(  374): START u0 {act=android.intent.action.MAIN cmp=com.android.settings/.SubSettings (has extras)} from pid 20986
05-22 13:24:32.283 D/dalvikvm(  374): GC_FOR_ALLOC freed 902K, 19% free 24666K/30132K, paused 89ms, total 89ms
05-22 13:24:32.361 D/dalvikvm(  374): GC_FOR_ALLOC freed 751K, 19% free 24659K/30132K, paused 71ms, total 71ms
05-22 13:24:32.549 D/dalvikvm(20986): GC_CONCURRENT freed 138K, 2% free 10060K/10240K, paused 4ms+4ms, total 30ms
05-22 13:24:32.603 I/ActivityManager(  374): Displayed com.android.settings/.SubSettings: +240ms
05-22 13:24:34.197 W/Parcel  ( 1661): Attempt to read object from Parcel 0x5ef3bdac at offset 200 that is not in the object list
05-22 13:24:34.197 I/ActivityManager(  374): START u0 {flg=0x2000000 cmp=com.android.settings/.ChooseLockPassword (has extras)} from pid 20986
05-22 13:24:34.314 D/dalvikvm(  374): GC_FOR_ALLOC freed 409K, 17% free 25041K/30132K, paused 77ms, total 78ms
05-22 13:24:34.392 D/dalvikvm(  374): GC_FOR_ALLOC freed 751K, 19% free 24661K/30132K, paused 70ms, total 71ms
05-22 13:24:34.494 D/dalvikvm(20986): GC_CONCURRENT freed 88K, 2% free 10477K/10612K, paused 2ms+2ms, total 20ms
05-22 13:24:34.494 D/dalvikvm(20986): WAIT_FOR_CONCURRENT_GC blocked 12ms
05-22 13:24:34.533 D/dalvikvm(20986): GC_CONCURRENT freed 31K, 2% free 10896K/11036K, paused 1ms+2ms, total 19ms
05-22 13:24:34.533 D/dalvikvm(20986): WAIT_FOR_CONCURRENT_GC blocked 13ms
05-22 13:24:34.666 I/ActivityManager(  374): Displayed com.android.settings/.ChooseLockPassword: +271ms
05-22 13:24:36.080 D/dalvikvm(20503): GC_CONCURRENT freed 386K, 6% free 9203K/9700K, paused 2ms+2ms, total 17ms
05-22 13:24:40.510 D/MdmService(17184): [null:-1]->receiver action :com.pekall.mdm.action.MDM_ALARM
05-22 13:24:40.510 D/MdmService(17184): [null:-1]->keepAliveWithPushServer client is opened:true
05-22 13:24:40.510 D/MDM :   (17184): [null:-1]->ping!!!!!!!!!
05-22 13:24:40.517 D/MdmService(17184): [null:-1]->pushUrl : ws://test.mdm.everknow.cn:9090/websocket
05-22 13:24:40.517 D/MDM :   (17184): [null:-1]->mMdmPushClient is :not null
05-22 13:24:40.517 D/MDM :   (17184): [null:-1]->mMdmPushClient opened : opened
05-22 13:24:40.533 D/MDM :   (17184): [null:-1]->MSG_WEBSOCKET_PONG
05-22 13:24:40.705 D/dalvikvm(20986): GC_CONCURRENT freed 278K, 3% free 11153K/11472K, paused 1ms+3ms, total 50ms
05-22 13:24:44.377 D/dalvikvm(  374): GC_FOR_ALLOC freed 903K, 17% free 25060K/30132K, paused 73ms, total 74ms
05-22 13:24:44.455 D/dalvikvm(  374): GC_FOR_ALLOC freed 772K, 19% free 24660K/30132K, paused 68ms, total 68ms
05-22 13:24:44.635 I/ActivityManager(  374): Process com.google.android.email (pid 19524) has died.
05-22 13:24:46.096 D/dalvikvm(  374): GC_FOR_ALLOC freed 795K, 19% free 24668K/30132K, paused 88ms, total 88ms
05-22 13:24:47.189 D/dalvikvm(  374): GC_FOR_ALLOC freed 795K, 19% free 24650K/30132K, paused 102ms, total 103ms
05-22 13:24:47.283 D/dalvikvm(  374): GC_FOR_ALLOC freed 749K, 19% free 24644K/30132K, paused 85ms, total 85ms
05-22 13:24:50.744 W/Parcel  ( 1661): Attempt to read object from Parcel 0x6013bdac at offset 200 that is not in the object list
05-22 13:24:50.744 I/ActivityManager(  374): START u0 {act=android.intent.action.MAIN cat=[android.intent.category.LAUNCHER] flg=0x10200000 cmp=com.android.settings/.Settings} from pid 576
05-22 13:24:50.869 D/dalvikvm(  374): GC_FOR_ALLOC freed 420K, 17% free 25103K/30132K, paused 72ms, total 73ms
05-22 13:24:50.947 D/dalvikvm(  374): GC_FOR_ALLOC freed 752K, 18% free 24724K/30132K, paused 73ms, total 73ms
05-22 13:24:51.142 D/WifiService(  374): setWifiEnabled: true pid=20986, uid=1000
05-22 13:24:51.260 I/ActivityManager(  374): Displayed com.android.settings/.Settings: +277ms
05-22 13:24:51.369 I/ActivityManager(  374): Process com.google.android.apps.maps:LocationFriendService (pid 20465) has died.
05-22 13:24:54.588 W/Parcel  ( 1661): Attempt to read object from Parcel 0x5ec3bdac at offset 200 that is not in the object list
05-22 13:24:54.588 I/ActivityManager(  374): START u0 {act=android.intent.action.MAIN cmp=com.android.settings/.SubSettings (has extras)} from pid 20986
05-22 13:24:54.697 D/dalvikvm(  374): GC_FOR_ALLOC freed 785K, 18% free 24740K/30132K, paused 73ms, total 73ms
05-22 13:24:54.752 D/dalvikvm(20986): GC_CONCURRENT freed 318K, 4% free 11491K/11848K, paused 1ms+9ms, total 27ms
05-22 13:24:54.986 I/ActivityManager(  374): Displayed com.android.settings/.SubSettings: +275ms
05-22 13:24:56.392 W/Parcel  ( 1661): Attempt to read object from Parcel 0x5ef3bdac at offset 200 that is not in the object list
05-22 13:24:56.392 I/ActivityManager(  374): START u0 {act=android.intent.action.MAIN cmp=com.android.settings/.SubSettings (has extras)} from pid 20986
05-22 13:24:56.502 D/dalvikvm(  374): GC_FOR_ALLOC freed 887K, 19% free 24649K/30132K, paused 69ms, total 69ms
05-22 13:24:56.572 D/dalvikvm(  374): GC_FOR_ALLOC freed 751K, 19% free 24640K/30132K, paused 69ms, total 69ms
05-22 13:24:56.611 W/Parcel  ( 1661): Attempt to read object from Parcel 0x5dfd3dac at offset 200 that is not in the object list
05-22 13:24:56.611 I/ActivityManager(  374): START u0 {cmp=com.android.settings/.ConfirmLockPassword} from pid 20986
05-22 13:24:56.775 D/dalvikvm(20986): GC_CONCURRENT freed 1812K, 16% free 10490K/12352K, paused 2ms+3ms, total 23ms
05-22 13:24:56.775 D/dalvikvm(20986): WAIT_FOR_CONCURRENT_GC blocked 19ms
05-22 13:24:56.814 D/dalvikvm(20986): GC_CONCURRENT freed 58K, 12% free 10958K/12352K, paused 1ms+2ms, total 20ms
05-22 13:24:56.814 D/dalvikvm(20986): WAIT_FOR_CONCURRENT_GC blocked 10ms
05-22 13:24:56.994 I/ActivityManager(  374): Displayed com.android.settings/.ConfirmLockPassword: +365ms (total +416ms)
05-22 13:24:56.994 I/ActivityManager(  374): Displayed com.android.settings/.SubSettings: +416ms
05-22 13:24:57.197 D/dalvikvm(  448): GC_CONCURRENT freed 1410K, 14% free 13970K/16128K, paused 5ms+7ms, total 64ms
05-22 13:24:57.338 I/ActivityManager(  374): Process com.google.android.apps.maps:FriendService (pid 20452) has died.
05-22 13:24:58.096 W/Parcel  ( 1661): Attempt to read object from Parcel 0x6013bdac at offset 200 that is not in the object list
05-22 13:24:58.142 D/dalvikvm( 1468): GC_CONCURRENT freed 463K, 21% free 9956K/12512K, paused 6ms+4ms, total 29ms
05-22 13:24:59.197 W/MountService(  374): getVolumeState(/storage/emulated/0/external_sd): Unknown volume
05-22 13:24:59.197 W/MountService(  374): getVolumeState(/mnt/sdcard-ext): Unknown volume
05-22 13:24:59.197 W/MountService(  374): getVolumeState(/mnt/ext_sdcard): Unknown volume
05-22 13:24:59.197 W/MountService(  374): getVolumeState(/mnt/sdcard2): Unknown volume
05-22 13:24:59.197 W/MountService(  374): getVolumeState(/mnt/emmc): Unknown volume
05-22 13:24:59.205 W/MountService(  374): getVolumeState(/mnt/extSdCard): Unknown volume
05-22 13:24:59.205 W/MountService(  374): getVolumeState(/mnt/sdcard/SD_CARD): Unknown volume
05-22 13:24:59.205 W/MountService(  374): getVolumeState(/mnt/sdcard/extra_sd): Unknown volume
05-22 13:24:59.205 W/MountService(  374): getVolumeState(/mnt/extrasd_bind): Unknown volume
05-22 13:24:59.205 W/MountService(  374): getVolumeState(/mnt/sdcard/ext_sd): Unknown volume
05-22 13:24:59.205 W/MountService(  374): getVolumeState(/storage/extSdCard): Unknown volume
05-22 13:24:59.205 W/MountService(  374): getVolumeState(/storage/sdcard1): Unknown volume
05-22 13:24:59.205 W/MountService(  374): getVolumeState(/mnt/sdcard/external_SD): Unknown volume
05-22 13:24:59.205 W/MountService(  374): getVolumeState(/mnt/sdcard/external_sd): Unknown volume
05-22 13:24:59.338 D/dalvikvm( 1468): GC_CONCURRENT freed 304K, 20% free 10085K/12512K, paused 5ms+5ms, total 34ms
05-22 13:24:59.392 D/dalvikvm( 1661): GC_CONCURRENT freed 1217K, 18% free 13123K/15888K, paused 3ms+4ms, total 46ms
05-22 13:24:59.486 W/MountService(  374): getVolumeState(/storage/emulated/0/external_sd): Unknown volume
05-22 13:24:59.486 W/MountService(  374): getVolumeState(/mnt/sdcard-ext): Unknown volume
05-22 13:24:59.486 W/MountService(  374): getVolumeState(/mnt/ext_sdcard): Unknown volume
05-22 13:24:59.486 W/MountService(  374): getVolumeState(/mnt/sdcard2): Unknown volume
05-22 13:24:59.486 W/MountService(  374): getVolumeState(/mnt/emmc): Unknown volume
05-22 13:24:59.486 W/MountService(  374): getVolumeState(/mnt/extSdCard): Unknown volume
05-22 13:24:59.486 W/MountService(  374): getVolumeState(/mnt/sdcard/SD_CARD): Unknown volume
05-22 13:24:59.486 W/MountService(  374): getVolumeState(/mnt/sdcard/extra_sd): Unknown volume
05-22 13:24:59.486 W/MountService(  374): getVolumeState(/mnt/extrasd_bind): Unknown volume
05-22 13:24:59.486 W/MountService(  374): getVolumeState(/mnt/sdcard/ext_sd): Unknown volume
05-22 13:24:59.486 W/MountService(  374): getVolumeState(/storage/extSdCard): Unknown volume
05-22 13:24:59.486 W/MountService(  374): getVolumeState(/storage/sdcard1): Unknown volume
05-22 13:24:59.486 W/MountService(  374): getVolumeState(/mnt/sdcard/external_SD): Unknown volume
05-22 13:24:59.486 W/MountService(  374): getVolumeState(/mnt/sdcard/external_sd): Unknown volume
05-22 13:24:59.533 D/dalvikvm( 1468): GC_CONCURRENT freed 563K, 21% free 9980K/12512K, paused 4ms+6ms, total 32ms
05-22 13:25:04.892 D/AndroidRuntime(21078): 
05-22 13:25:04.892 D/AndroidRuntime(21078): >>>>>> AndroidRuntime START com.android.internal.os.RuntimeInit <<<<<<
05-22 13:25:04.892 D/AndroidRuntime(21078): CheckJNI is OFF
05-22 13:25:04.900 D/dalvikvm(21078): Trying to load lib libjavacore.so 0x0
05-22 13:25:04.908 D/dalvikvm(21078): Added shared lib libjavacore.so 0x0
05-22 13:25:04.916 D/dalvikvm(21078): Trying to load lib libnativehelper.so 0x0
05-22 13:25:04.916 D/dalvikvm(21078): Added shared lib libnativehelper.so 0x0
05-22 13:25:05.064 D/AndroidRuntime(21078): Calling main entry com.android.commands.uiautomator.Launcher
05-22 13:25:06.213 I/AccessibilityNodeInfoDumper(21078): Skipping invisible child: android.view.accessibility.AccessibilityNodeInfo@9043; boundsInParent: Rect(0, 0 - 0, 0); boundsInScreen: Rect(720, 50 - 720, 50); packageName: com.android.settings; className: android.widget.ImageView; text: null; contentDescription: null; viewIdResName: null; checkable: false; checked: false; focusable: false; focused: false; selected: false; clickable: false; longClickable: false; enabled: true; password: false; scrollable: false; [ACTION_SELECT, ACTION_CLEAR_SELECTION, ACTION_ACCESSIBILITY_FOCUS]
05-22 13:25:06.228 I/AccessibilityNodeInfoDumper(21078): Skipping invisible child: android.view.accessibility.AccessibilityNodeInfo@cc53; boundsInParent: Rect(0, 0 - 0, 96); boundsInScreen: Rect(720, 50 - 720, 146); packageName: com.android.settings; className: android.widget.LinearLayout; text: null; contentDescription: null; viewIdResName: null; checkable: false; checked: false; focusable: false; focused: false; selected: false; clickable: false; longClickable: false; enabled: true; password: false; scrollable: false; [ACTION_SELECT, ACTION_CLEAR_SELECTION, ACTION_ACCESSIBILITY_FOCUS]
05-22 13:25:06.236 I/AccessibilityNodeInfoDumper(21078): Skipping invisible child: android.view.accessibility.AccessibilityNodeInfo@b5cd; boundsInParent: Rect(0, 0 - 656, 0); boundsInScreen: Rect(32, 627 - 688, 627); packageName: com.android.settings; className: android.view.View; text: null; contentDescription: null; viewIdResName: null; checkable: false; checked: false; focusable: false; focused: false; selected: false; clickable: false; longClickable: false; enabled: true; password: false; scrollable: false; [ACTION_SELECT, ACTION_CLEAR_SELECTION, ACTION_ACCESSIBILITY_FOCUS]
05-22 13:25:06.236 W/AccessibilityNodeInfoDumper(21078): Fetch time: 62ms
05-22 13:25:06.244 D/AndroidRuntime(21078): Shutting down VM
05-22 13:25:06.244 D/dalvikvm(21078): GC_CONCURRENT freed 295K, 36% free 559K/864K, paused 0ms+1ms, total 4ms
05-22 13:25:14.971 D/dalvikvm(20874): GC_CONCURRENT freed 262K, 4% free 9548K/9852K, paused 1ms+2ms, total 31ms
05-22 13:25:18.666 I/ActivityManager(  374): Start proc com.google.android.email for service com.google.android.email/com.android.email.service.MailService: pid=21095 uid=10016 gids={50016, 3003, 1015, 1028}
05-22 13:25:18.806 I/Email   (21095): ReconcilePopImapAccountsSync: start
05-22 13:25:18.806 I/ActivityManager(  374): Start proc com.google.android.exchange for service com.google.android.exchange/com.android.exchange.ExchangeService: pid=21111 uid=10017 gids={50017, 3003, 1015, 1028}
05-22 13:25:18.877 E/SQLiteLog(21095): (1) no such table: Account
05-22 13:25:18.877 W/EmailProvider(21095): Exception cleaning EmailProvider.dbandroid.database.sqlite.SQLiteException: no such table: Account (code 1): , while compiling: delete from Account WHERE displayName ISNULL;
05-22 13:25:18.900 D/ExchangeService(21111): !!! EAS ExchangeService, onCreate
05-22 13:25:18.900 D/ExchangeService(21111): !!! EAS ExchangeService, onStartCommand, startingUp = false, running = false
05-22 13:25:18.900 D/Eas Debug(21111): Logging: 
05-22 13:25:18.908 D/ExchangeService(21111): Received deviceId from Email app: androidc2130646576
05-22 13:25:18.908 D/ExchangeService(21111): Reconciling accounts...
05-22 13:25:18.986 D/AttachmentService(21095): Count: 0
05-22 13:25:19.010 D/dalvikvm(21095): GC_CONCURRENT freed 258K, 4% free 9175K/9472K, paused 3ms+2ms, total 41ms
05-22 13:25:19.010 D/dalvikvm(21095): WAIT_FOR_CONCURRENT_GC blocked 9ms
05-22 13:25:19.010 D/dalvikvm(21095): WAIT_FOR_CONCURRENT_GC blocked 6ms
05-22 13:25:19.010 D/dalvikvm(21095): WAIT_FOR_CONCURRENT_GC blocked 5ms
05-22 13:25:19.010 D/dalvikvm(21095): WAIT_FOR_CONCURRENT_GC blocked 5ms
05-