05-22 13:09:40.533 D/InnerClass(17184): 	... 7 more
05-22 13:09:43.299 D/dalvikvm( 1661): GC_EXPLICIT freed 5K, 18% free 13031K/15888K, paused 2ms+4ms, total 60ms
05-22 13:09:53.314 D/dalvikvm( 1661): GC_EXPLICIT freed <1K, 18% free 13031K/15888K, paused 2ms+5ms, total 75ms
05-22 13:09:58.056 W/MountService(  374): getVolumeState(/storage/emulated/0/external_sd): Unknown volume
05-22 13:09:58.056 W/MountService(  374): getVolumeState(/mnt/sdcard-ext): Unknown volume
05-22 13:09:58.056 W/MountService(  374): getVolumeState(/mnt/ext_sdcard): Unknown volume
05-22 13:09:58.056 W/MountService(  374): getVolumeState(/mnt/sdcard2): Unknown volume
05-22 13:09:58.056 W/MountService(  374): getVolumeState(/mnt/emmc): Unknown volume
05-22 13:09:58.056 W/MountService(  374): getVolumeState(/mnt/extSdCard): Unknown volume
05-22 13:09:58.056 W/MountService(  374): getVolumeState(/mnt/sdcard/SD_CARD): Unknown volume
05-22 13:09:58.056 W/MountService(  374): getVolumeState(/mnt/sdcard/extra_sd): Unknown volume
05-22 13:09:58.064 W/MountService(  374): getVolumeState(/mnt/extrasd_bind): Unknown volume
05-22 13:09:58.064 W/MountService(  374): getVolumeState(/mnt/sdcard/ext_sd): Unknown volume
05-22 13:09:58.064 W/MountService(  374): getVolumeState(/storage/extSdCard): Unknown volume
05-22 13:09:58.064 W/MountService(  374): getVolumeState(/storage/sdcard1): Unknown volume
05-22 13:09:58.064 W/MountService(  374): getVolumeState(/mnt/sdcard/external_SD): Unknown volume
05-22 13:09:58.064 W/MountService(  374): getVolumeState(/mnt/sdcard/external_sd): Unknown volume
05-22 13:09:58.166 D/dalvikvm( 1468): GC_CONCURRENT freed 492K, 21% free 9972K/12512K, paused 11ms+18ms, total 94ms
05-22 13:09:58.400 W/MountService(  374): getVolumeState(/storage/emulated/0/external_sd): Unknown volume
05-22 13:09:58.400 W/MountService(  374): getVolumeState(/mnt/sdcard-ext): Unknown volume
05-22 13:09:58.400 W/MountService(  374): getVolumeState(/mnt/ext_sdcard): Unknown volume
05-22 13:09:58.400 W/MountService(  374): getVolumeState(/mnt/sdcard2): Unknown volume
05-22 13:09:58.400 W/MountService(  374): getVolumeState(/mnt/emmc): Unknown volume
05-22 13:09:58.400 W/MountService(  374): getVolumeState(/mnt/extSdCard): Unknown volume
05-22 13:09:58.400 W/MountService(  374): getVolumeState(/mnt/sdcard/SD_CARD): Unknown volume
05-22 13:09:58.400 W/MountService(  374): getVolumeState(/mnt/sdcard/extra_sd): Unknown volume
05-22 13:09:58.400 W/MountService(  374): getVolumeState(/mnt/extrasd_bind): Unknown volume
05-22 13:09:58.408 W/MountService(  374): getVolumeState(/mnt/sdcard/ext_sd): Unknown volume
05-22 13:09:58.408 W/MountService(  374): getVolumeState(/storage/extSdCard): Unknown volume
05-22 13:09:58.408 W/MountService(  374): getVolumeState(/storage/sdcard1): Unknown volume
05-22 13:09:58.408 W/MountService(  374): getVolumeState(/mnt/sdcard/external_SD): Unknown volume
05-22 13:09:58.408 W/MountService(  374): getVolumeState(/mnt/sdcard/external_sd): Unknown volume
05-22 13:09:58.447 D/dalvikvm( 1468): GC_CONCURRENT freed 510K, 21% free 9973K/12512K, paused 6ms+6ms, total 55ms
05-22 13:09:58.447 D/dalvikvm( 1468): WAIT_FOR_CONCURRENT_GC blocked 31ms
05-22 13:09:58.447 D/dalvikvm( 1468): WAIT_FOR_CONCURRENT_GC blocked 29ms
05-22 13:10:18.041 I/Email   (19524): ReconcilePopImapAccountsSync: start
05-22 13:10:18.056 W/Email   (19524): Received BYE
05-22 13:10:18.064 I/Email   (19524): ReconcilePopImapAccountsSync: done
05-22 13:10:18.486 D/Email   (19524): *** synchronizeMailboxGeneric ***
05-22 13:10:18.642 D/dalvikvm(19524): GC_CONCURRENT freed 352K, 4% free 9508K/9900K, paused 7ms+5ms, total 34ms
05-22 13:10:30.400 D/dalvikvm(20342): GC_CONCURRENT freed 445K, 5% free 9479K/9968K, paused 2ms+2ms, total 24ms
05-22 13:10:57.056 W/Parcel  ( 1661): Attempt to read object from Parcel 0x5ec3bdac at offset 200 that is not in the object list
05-22 13:10:57.127 D/dalvikvm( 1468): GC_CONCURRENT freed 411K, 21% free 9959K/12512K, paused 7ms+6ms, total 39ms
05-22 13:10:58.103 W/MountService(  374): getVolumeState(/storage/emulated/0/external_sd): Unknown volume
05-22 13:10:58.103 W/MountService(  374): getVolumeState(/mnt/sdcard-ext): Unknown volume
05-22 13:10:58.103 W/MountService(  374): getVolumeState(/mnt/ext_sdcard): Unknown volume
05-22 13:10:58.103 W/MountService(  374): getVolumeState(/mnt/sdcard2): Unknown volume
05-22 13:10:58.103 W/MountService(  374): getVolumeState(/mnt/emmc): Unknown volume
05-22 13:10:58.111 W/MountService(  374): getVolumeState(/mnt/extSdCard): Unknown volume
05-22 13:10:58.111 W/MountService(  374): getVolumeState(/mnt/sdcard/SD_CARD): Unknown volume
05-22 13:10:58.111 W/MountService(  374): getVolumeState(/mnt/sdcard/extra_sd): Unknown volume
05-22 13:10:58.111 W/MountService(  374): getVolumeState(/mnt/extrasd_bind): Unknown volume
05-22 13:10:58.111 W/MountService(  374): getVolumeState(/mnt/sdcard/ext_sd): Unknown volume
05-22 13:10:58.111 W/MountService(  374): getVolumeState(/storage/extSdCard): Unknown volume
05-22 13:10:58.111 W/MountService(  374): getVolumeState(/storage/sdcard1): Unknown volume
05-22 13:10:58.111 W/MountService(  374): getVolumeState(/mnt/sdcard/external_SD): Unknown volume
05-22 13:10:58.111 W/MountService(  374): getVolumeState(/mnt/sdcard/external_sd): Unknown volume
05-22 13:10:58.275 D/dalvikvm( 1468): GC_CONCURRENT freed 304K, 20% free 10092K/12512K, paused 8ms+9ms, total 57ms
05-22 13:10:58.377 D/dalvikvm(  561): GC_EXPLICIT freed 381K, 5% free 9424K/9856K, paused 2ms+5ms, total 57ms
05-22 13:10:58.588 W/MountService(  374): getVolumeState(/storage/emulated/0/external_sd): Unknown volume
05-22 13:10:58.596 W/MountService(  374): getVolumeState(/mnt/sdcard-ext): Unknown volume
05-22 13:10:58.596 W/MountService(  374): getVolumeState(/mnt/ext_sdcard): Unknown volume
05-22 13:10:58.596 W/MountService(  374): getVolumeState(/mnt/sdcard2): Unknown volume
05-22 13:10:58.596 W/MountService(  374): getVolumeState(/mnt/emmc): Unknown volume
05-22 13:10:58.596 W/MountService(  374): getVolumeState(/mnt/extSdCard): Unknown volume
05-22 13:10:58.596 W/MountService(  374): getVolumeState(/mnt/sdcard/SD_CARD): Unknown volume
05-22 13:10:58.596 W/MountService(  374): getVolumeState(/mnt/sdcard/extra_sd): Unknown volume
05-22 13:10:58.596 W/MountService(  374): getVolumeState(/mnt/extrasd_bind): Unknown volume
05-22 13:10:58.596 W/MountService(  374): getVolumeState(/mnt/sdcard/ext_sd): Unknown volume
05-22 13:10:58.596 W/MountService(  374): getVolumeState(/storage/extSdCard): Unknown volume
05-22 13:10:58.596 W/MountService(  374): getVolumeState(/storage/sdcard1): Unknown volume
05-22 13:10:58.603 W/MountService(  374): getVolumeState(/mnt/sdcard/external_SD): Unknown volume
05-22 13:10:58.603 W/MountService(  374): getVolumeState(/mnt/sdcard/external_sd): Unknown volume
05-22 13:10:58.658 D/dalvikvm( 1468): GC_CONCURRENT freed 624K, 21% free 9976K/12512K, paused 11ms+6ms, total 55ms
05-22 13:10:58.658 D/dalvikvm( 1468): WAIT_FOR_CONCURRENT_GC blocked 11ms
05-22 13:11:38.353 D/dalvikvm( 1661): GC_EXPLICIT freed 233K, 18% free 13033K/15888K, paused 3ms+5ms, total 71ms
05-22 13:11:43.416 D/dalvikvm( 1661): GC_EXPLICIT freed 2K, 18% free 13031K/15888K, paused 3ms+5ms, total 61ms
05-22 13:11:53.424 D/dalvikvm( 1661): GC_EXPLICIT freed <1K, 18% free 13031K/15888K, paused 3ms+5ms, total 60ms
05-22 13:11:58.174 W/MountService(  374): getVolumeState(/storage/emulated/0/external_sd): Unknown volume
05-22 13:11:58.174 W/MountService(  374): getVolumeState(/mnt/sdcard-ext): Unknown volume
05-22 13:11:58.174 W/MountService(  374): getVolumeState(/mnt/ext_sdcard): Unknown volume
05-22 13:11:58.174 W/MountService(  374): getVolumeState(/mnt/sdcard2): Unknown volume
05-22 13:11:58.174 W/MountService(  374): getVolumeState(/mnt/emmc): Unknown volume
05-22 13:11:58.174 W/MountService(  374): getVolumeState(/mnt/extSdCard): Unknown volume
05-22 13:11:58.174 W/MountService(  374): getVolumeState(/mnt/sdcard/SD_CARD): Unknown volume
05-22 13:11:58.174 W/MountService(  374): getVolumeState(/mnt/sdcard/extra_sd): Unknown volume
05-22 13:11:58.174 W/MountService(  374): getVolumeState(/mnt/extrasd_bind): Unknown volume
05-22 13:11:58.181 W/MountService(  374): getVolumeState(/mnt/sdcard/ext_sd): Unknown volume
05-22 13:11:58.181 W/MountService(  374): getVolumeState(/storage/extSdCard): Unknown volume
05-22 13:11:58.181 W/MountService(  374): getVolumeState(/storage/sdcard1): Unknown volume
05-22 13:11:58.181 W/MountService(  374): getVolumeState(/mnt/sdcard/external_SD): Unknown volume
05-22 13:11:58.181 W/MountService(  374): getVolumeState(/mnt/sdcard/external_sd): Unknown volume
05-22 13:11:58.314 D/dalvikvm( 1468): GC_CONCURRENT freed 452K, 20% free 10035K/12512K, paused 24ms+7ms, total 91ms
05-22 13:11:58.314 D/dalvikvm( 1468): WAIT_FOR_CONCURRENT_GC blocked 10ms
05-22 13:11:58.533 W/MountService(  374): getVolumeState(/storage/emulated/0/external_sd): Unknown volume
05-22 13:11:58.533 W/MountService(  374): getVolumeState(/mnt/sdcard-ext): Unknown volume
05-22 13:11:58.533 W/MountService(  374): getVolumeState(/mnt/ext_sdcard): Unknown volume
05-22 13:11:58.533 W/MountService(  374): getVolumeState(/mnt/sdcard2): Unknown volume
05-22 13:11:58.533 W/MountService(  374): getVolumeState(/mnt/emmc): Unknown volume
05-22 13:11:58.533 W/MountService(  374): getVolumeState(/mnt/extSdCard): Unknown volume
05-22 13:11:58.533 W/MountService(  374): getVolumeState(/mnt/sdcard/SD_CARD): Unknown volume
05-22 13:11:58.533 W/MountService(  374): getVolumeState(/mnt/sdcard/extra_sd): Unknown volume
05-22 13:11:58.533 W/MountService(  374): getVolumeState(/mnt/extrasd_bind): Unknown volume
05-22 13:11:58.533 W/MountService(  374): getVolumeState(/mnt/sdcard/ext_sd): Unknown volume
05-22 13:11:58.541 W/MountService(  374): getVolumeState(/storage/extSdCard): Unknown volume
05-22 13:11:58.541 W/MountService(  374): getVolumeState(/storage/sdcard1): Unknown volume
05-22 13:11:58.541 W/MountService(  374): getVolumeState(/mnt/sdcard/external_SD): Unknown volume
05-22 13:11:58.541 W/MountService(  374): getVolumeState(/mnt/sdcard/external_sd): Unknown volume
05-22 13:11:58.596 D/dalvikvm( 1468): GC_CONCURRENT freed 572K, 21% free 9975K/12512K, paused 11ms+6ms, total 52ms
05-22 13:11:58.596 D/dalvikvm( 1468): WAIT_FOR_CONCURRENT_GC blocked 20ms
05-22 13:11:58.596 D/dalvikvm( 1468): WAIT_FOR_CONCURRENT_GC blocked 19ms
05-22 13:12:04.510 D/dalvikvm(  374): GC_EXPLICIT freed 553K, 19% free 24545K/30132K, paused 4ms+12ms, total 120ms
05-22 13:12:34.541 I/ActivityManager(  374): No longer want com.dragon.android.pandaspace (pid 20184): empty for 1806s
05-22 13:12:34.549 I/ActivityManager(  374): No longer want com.dragon.android.pandaspace:bdservice_v1 (pid 20156): empty for 1807s
05-22 13:12:34.564 W/ActivityManager(  374): Scheduling restart of crashed service com.dragon.android.pandaspace/com.dragon.pandaspace.download.flow.DownloadTaskService in 5000ms
05-22 13:12:34.564 W/ActivityManager(  374): Scheduling restart of crashed service com.dragon.android.pandaspace/com.baidu.android.moplus.MoPlusService in 14997ms
05-22 13:12:39.588 I/dalvikvm(20749): Turning on JNI app bug workarounds for target SDK version 8...
05-22 13:12:39.596 I/ActivityManager(  374): Start proc com.dragon.android.pandaspace for service com.dragon.android.pandaspace/com.dragon.pandaspace.download.flow.DownloadTaskService: pid=20749 uid=10074 gids={50074, 1015, 3003, 1006, 1028}
05-22 13:12:39.635 D/dalvikvm(20749): Trying to load lib /data/app-lib/com.dragon.android.pandaspace-1/libroot.so 0x422855d0
05-22 13:12:39.642 D/dalvikvm(20749): Added shared lib /data/app-lib/com.dragon.android.pandaspace-1/libroot.so 0x422855d0
05-22 13:12:39.642 I/RootJni (20749): JNI_OnLoad......
05-22 13:12:39.885 D/dalvikvm(20749): GC_CONCURRENT freed 262K, 4% free 9059K/9360K, paused 4ms+3ms, total 36ms
05-22 13:12:39.908 W/Parcel  ( 1661): Attempt to read object from Parcel 0x5ec3bdac at offset 200 that is not in the object list
05-22 13:12:49.588 I/dalvikvm(20769): Turning on JNI app bug workarounds for target SDK version 8...
05-22 13:12:49.588 I/ActivityManager(  374): Start proc com.dragon.android.pandaspace:bdservice_v1 for service com.dragon.android.pandaspace/com.baidu.android.moplus.MoPlusService: pid=20769 uid=10074 gids={50074, 1015, 3003, 1006, 1028}
05-22 13:12:49.642 D/dalvikvm(20769): Trying to load lib /data/app-lib/com.dragon.android.pandaspace-1/libroot.so 0x422864c8
05-22 13:12:49.642 D/dalvikvm(20769): Added shared lib /data/app-lib/com.dragon.android.pandaspace-1/libroot.so 0x422864c8
05-22 13:12:49.642 I/RootJni (20769): JNI_OnLoad......
05-22 13:12:49.838 D/dalvikvm(20769): GC_CONCURRENT freed 334K, 4% free 9046K/9412K, paused 4ms+4ms, total 37ms
05-22 13:12:49.861 W/Parcel  ( 1661): Attempt to read object from Parcel 0x5ef3bdac at offset 200 that is not in the object list
05-22 13:12:49.986 D/dalvikvm(20769): GC_CONCURRENT freed 300K, 4% free 9244K/9584K, paused 10ms+3ms, total 45ms
05-22 13:12:50.096 D/dalvikvm(20769): GC_CONCURRENT freed 285K, 4% free 9470K/9796K, paused 3ms+6ms, total 33ms
05-22 13:12:50.096 D/dalvikvm(20769): WAIT_FOR_CONCURRENT_GC blocked 2ms
05-22 13:12:50.158 D/dalvikvm(20769): GC_CONCURRENT freed 423K, 5% free 9526K/10020K, paused 3ms+2ms, total 30ms
05-22 13:12:50.158 D/dalvikvm(20769): WAIT_FOR_CONCURRENT_GC blocked 6ms
05-22 13:12:50.228 D/dalvikvm(20769): GC_CONCURRENT freed 400K, 5% free 9559K/10032K, paused 3ms+3ms, total 36ms
05-22 13:12:50.236 I/dalvikvm(20769): Failed resolving Lcom/baidu/android/nebula/util/BDLocationManager$BaiduLocationListener; interface 1169 'Lcom/baidu/location/BDLocationListener;'
05-22 13:12:50.236 W/dalvikvm(20769): Link of class 'Lcom/baidu/android/nebula/util/BDLocationManager$BaiduLocationListener;' failed
05-22 13:12:50.236 W/dalvikvm(20769): VFY: unable to find class referenced in signature (Lcom/baidu/location/LocationClient;)
05-22 13:12:50.236 I/dalvikvm(20769): Failed resolving Lcom/baidu/android/nebula/util/BDLocationManager$BaiduLocationListener; interface 1169 'Lcom/baidu/location/BDLocationListener;'
05-22 13:12:50.236 W/dalvikvm(20769): Link of class 'Lcom/baidu/android/nebula/util/BDLocationManager$BaiduLocationListener;' failed
05-22 13:12:50.236 I/dalvikvm(20769): Failed resolving Lcom/baidu/android/nebula/util/BDLocationManager$BaiduLocationListener; interface 1169 'Lcom/baidu/location/BDLocationListener;'
05-22 13:12:50.236 W/dalvikvm(20769): Link of class 'Lcom/baidu/android/nebula/util/BDLocationManager$BaiduLocationListener;' failed
05-22 13:12:50.236 I/dalvikvm(20769): Could not find method com.baidu.location.LocationClient.unRegisterLocationListener, referenced from method com.baidu.android.nebula.util.BDLocationManager.d
05-22 13:12:50.236 W/dalvikvm(20769): VFY: unable to resolve virtual method 7866: Lcom/baidu/location/LocationClient;.unRegisterLocationListener (Lcom/baidu/location/BDLocationListener;)V
05-22 13:12:50.244 D/dalvikvm(20769): VFY: replacing opcode 0x6e at 0x0012
05-22 13:12:50.244 E/dalvikvm(20769): Could not find class 'com.baidu.location.LocationClient', referenced from method com.baidu.android.nebula.util.BDLocationManager.e
05-22 13:12:50.244 W/dalvikvm(20769): VFY: unable to resolve new-instance 1170 (Lcom/baidu/location/LocationClient;) in Lcom/baidu/android/nebula/util/BDLocationManager;
05-22 13:12:50.244 D/dalvikvm(20769): VFY: replacing opcode 0x22 at 0x0000
05-22 13:12:50.244 E/dalvikvm(20769): Could not find class 'com.baidu.location.LocationClientOption', referenced from method com.baidu.android.nebula.util.BDLocationManager.f
05-22 13:12:50.244 W/dalvikvm(20769): VFY: unable to resolve new-instance 1171 (Lcom/baidu/location/LocationClientOption;) in Lcom/baidu/android/nebula/util/BDLocationManager;
05-22 13:12:50.244 D/dalvikvm(20769): VFY: replacing opcode 0x22 at 0x0000
05-22 13:12:50.244 W/dalvikvm(20769): VFY: unable to find class referenced in signature (Lcom/baidu/location/LocationClientOption;)
05-22 13:12:50.244 I/dalvikvm(20769): Could not find method com.baidu.location.LocationClientOption.setOpenGps, referenced from method com.baidu.android.nebula.util.BDLocationManager.a
05-22 13:12:50.244 W/dalvikvm(20769): VFY: unable to resolve virtual method 7870: Lcom/baidu/location/LocationClientOption;.setOpenGps (Z)V
05-22 13:12:50.244 D/dalvikvm(20769): VFY: replacing opcode 0x6e at 0x0009
05-22 13:12:50.244 D/dalvikvm(20769): DexOpt: unable to opt direct call 0x1eb3 at 0x04 in Lcom/baidu/android/nebula/util/BDLocationManager;.e
05-22 13:12:50.244 I/dalvikvm(20769): Failed resolving Lcom/baidu/android/nebula/util/BDLocationManager$BaiduLocationListener; interface 1169 'Lcom/baidu/location/BDLocationListener;'
05-22 13:12:50.244 W/dalvikvm(20769): Link of class 'Lcom/baidu/android/nebula/util/BDLocationManager$BaiduLocationListener;' failed
05-22 13:12:50.244 D/dalvikvm(20769): DexOpt: unable to opt direct call 0x1cc1 at 0x0b in Lcom/baidu/android/nebula/util/BDLocationManager;.e
05-22 13:12:50.244 D/dalvikvm(20769): DexOpt: unable to opt direct call 0x1ebb at 0x02 in Lcom/baidu/android/nebula/util/BDLocationManager;.f
05-22 13:12:50.244 W/Parcel  ( 1661): Attempt to read object from Parcel 0x6003bdac at offset 200 that is not in the object list
05-22 13:12:50.322 D/dalvikvm(20769): GC_CONCURRENT freed 614K, 7% free 9436K/10092K, paused 3ms+4ms, total 41ms
05-22 13:12:50.416 D/dalvikvm(20769): GC_CONCURRENT freed 89K, 4% free 9732K/10092K, paused 3ms+2ms, total 25ms
05-22 13:12:50.416 D/dalvikvm(20769): WAIT_FOR_CONCURRENT_GC blocked 9ms
05-22 13:12:50.431 W/Parcel  ( 1661): Attempt to read object from Parcel 0x6013bdac at offset 200 that is not in the object list
05-22 13:12:50.431 W/Parcel  ( 1661): Attempt to read object from Parcel 0x5ec3bdac at offset 200 that is not in the object list
05-22 13:12:57.135 W/Parcel  ( 1661): Attempt to read object from Parcel 0x5ded3dac at offset 200 that is not in the object list
05-22 13:12:58.197 W/MountService(  374): getVolumeState(/storage/emulated/0/external_sd): Unknown volume
05-22 13:12:58.197 W/MountService(  374): getVolumeState(/mnt/sdcard-ext): Unknown volume
05-22 13:12:58.197 W/MountService(  374): getVolumeState(/mnt/ext_sdcard): Unknown volume
05-22 13:12:58.197 W/MountService(  374): getVolumeState(/mnt/sdcard2): Unknown volume
05-22 13:12:58.197 W/MountService(  374): getVolumeState(/mnt/emmc): Unknown volume
05-22 13:12:58.213 W/MountService(  374): getVolumeState(/mnt/extSdCard): Unknown volume
05-22 13:12:58.213 W/MountService(  374): getVolumeState(/mnt/sdcard/SD_CARD): Unknown volume
05-22 13:12:58.213 W/MountService(  374): getVolumeState(/mnt/sdcard/extra_sd): Unknown volume
05-22 13:12:58.213 W/MountService(  374): getVolumeState(/mnt/extrasd_bind): Unknown volume
05-22 13:12:58.213 W/MountService(  374): getVolumeState(/mnt/sdcard/ext_sd): Unknown volume
05-22 13:12:58.213 W/MountService(  374): getVolumeState(/storage/extSdCard): Unknown volume
05-22 13:12:58.213 W/MountService(  374): getVolumeState(/storage/sdcard1): Unknown volume
05-22 13:12:58.213 W/MountService(  374): getVolumeState(/mnt/sdcard/external_SD): Unknown volume
05-22 13:12:58.213 W/MountService(  374): getVolumeState(/mnt/sdcard/external_sd): Unknown volume
05-22 13:12:58.299 D/dalvikvm( 1468): GC_CONCURRENT freed 504K, 21% free 9982K/12512K, paused 7ms+19ms, total 99ms
05-22 13:12:58.299 D/dalvikvm( 1468): WAIT_FOR_CONCURRENT_GC blocked 65ms
05-22 13:12:58.580 D/dalvikvm( 1468): GC_CONCURRENT freed 530K, 21% free 9958K/12512K, paused 17ms+7ms, total 63ms
05-22 13:12:58.580 D/dalvikvm( 1468): WAIT_FOR_CONCURRENT_GC blocked 21ms
05-22 13:12:58.588 D/dalvikvm( 1468): WAIT_FOR_CONCURRENT_GC blocked 22ms
05-22 13:12:58.596 W/MountService(  374): getVolumeState(/storage/emulated/0/external_sd): Unknown volume
05-22 13:12:58.596 W/MountService(  374): getVolumeState(/mnt/sdcard-ext): Unknown volume
05-22 13:12:58.596 W/MountService(  374): getVolumeState(/mnt/ext_sdcard): Unknown volume
05-22 13:12:58.596 W/MountService(  374): getVolumeState(/mnt/sdcard2): Unknown volume
05-22 13:12:58.596 W/MountService(  374): getVolumeState(/mnt/emmc): Unknown volume
05-22 13:12:58.596 W/MountService(  374): getVolumeState(/mnt/extSdCard): Unknown volume
05-22 13:12:58.596 W/MountService(  374): getVolumeState(/mnt/sdcard/SD_CARD): Unknown volume
05-22 13:12:58.596 W/MountService(  374): getVolumeState(/mnt/sdcard/extra_sd): Unknown volume
05-22 13:12:58.596 W/MountService(  374): getVolumeState(/mnt/extrasd_bind): Unknown volume
05-22 13:12:58.603 W/MountService(  374): getVolumeState(/mnt/sdcard/ext_sd): Unknown volume
05-22 13:12:58.603 W/MountService(  374): getVolumeState(/storage/extSdCard): Unknown volume
05-22 13:12:58.603 W/MountService(  374): getVolumeState(/storage/sdcard1): Unknown volume
05-22 13:12:58.603 W/MountService(  374): getVolumeState(/mnt/sdcard/external_SD): Unknown volume
05-22 13:12:58.603 W/MountService(  374): getVolumeState(/mnt/sdcard/external_sd): Unknown volume
05-22 13:13:38.408 D/dalvikvm( 1661): GC_EXPLICIT freed 913K, 18% free 13047K/15888K, paused 2ms+5ms, total 85ms
05-22 13:13:43.478 D/dalvikvm( 1661): GC_EXPLICIT freed 16K, 18% free 13031K/15888K, paused 3ms+5ms, total 60ms
05-22 13:13:53.486 D/dalvikvm( 1661): GC_EXPLICIT freed <1K, 18% free 13031K/15888K, paused 2ms+5ms, total 68ms
05-22 13:13:55.642 D/dalvikvm(20503): GC_CONCURRENT freed 388K, 6% free 9206K/9700K, paused 2ms+3ms, total 23ms
05-22 13:13:58.221 W/MountService(  374): getVolumeState(/storage/emulated/0/external_sd): Unknown volume
05-22 13:13:58.221 W/MountService(  374): getVolumeState(/mnt/sdcard-ext): Unknown volume
05-22 13:13:58.221 W/MountService(  374): getVolumeState(/mnt/ext_sdcard): Unknown volume
05-22 13:13:58.221 W/MountService(  374): getVolumeState(/mnt/sdcard2): Unknown volume
05-22 13:13:58.221 W/MountService(  374): getVolumeState(/mnt/emmc): Unknown volume
05-22 13:13:58.228 W/MountService(  374): getVolumeState(/mnt/extSdCard): Unknown volume
05-22 13:13:58.228 W/MountService(  374): getVolumeState(/mnt/sdcard/SD_CARD): Unknown volume
05-22 13:13:58.236 W/MountService(  374): getVolumeState(/mnt/sdcard/extra_sd): Unknown volume
05-22 13:13:58.236 W/MountService(  374): getVolumeState(/mnt/extrasd_bind): Unknown volume
05-22 13:13:58.236 W/MountService(  374): getVolumeState(/mnt/sdcard/ext_sd): Unknown volume
05-22 13:13:58.236 W/MountService(  374): getVolumeState(/storage/extSdCard): Unknown volume
05-22 13:13:58.236 W/MountService(  374): getVolumeState(/storage/sdcard1): Unknown volume
05-22 13:13:58.236 W/MountService(  374): getVolumeState(/mnt/sdcard/external_SD): Unknown volume
05-22 13:13:58.236 W/MountService(  374): getVolumeState(/mnt/sdcard/external_sd): Unknown volume
05-22 13:13:58.267 D/dalvikvm( 1468): GC_CONCURRENT freed 500K, 21% free 9965K/12512K, paused 16ms+6ms, total 56ms
05-22 13:13:58.267 D/dalvikvm( 1468): WAIT_FOR_CONCURRENT_GC blocked 28ms
05-22 13:13:58.267 D/dalvikvm( 1468): WAIT_FOR_CONCURRENT_GC blocked 25ms
05-22 13:13:58.588 D/dalvikvm( 1468): GC_CONCURRENT freed 489K, 21% free 9988K/12512K, paused 8ms+7ms, total 66ms
05-22 13:13:58.588 D/dalvikvm( 1468): WAIT_FOR_CONCURRENT_GC blocked 21ms
05-22 13:13:58.588 D/dalvikvm( 1468): WAIT_FOR_CONCURRENT_GC blocked 4ms
05-22 13:13:58.603 W/MountService(  374): getVolumeState(/storage/emulated/0/external_sd): Unknown volume
05-22 13:13:58.611 W/MountService(  374): getVolumeState(/mnt/sdcard-ext): Unknown volume
05-22 13:13:58.611 W/MountService(  374): getVolumeState(/mnt/ext_sdcard): Unknown volume
05-22 13:13:58.611 W/MountService(  374): getVolumeState(/mnt/sdcard2): Unknown volume
05-22 13:13:58.611 W/MountService(  374): getVolumeState(/mnt/emmc): Unknown volume
05-22 13:13:58.611 W/MountService(  374): getVolumeState(/mnt/extSdCard): Unknown volume
05-22 13:13:58.611 W/MountService(  374): getVolumeState(/mnt/sdcard/SD_CARD): Unknown volume
05-22 13:13:58.611 W/MountService(  374): getVolumeState(/mnt/sdcard/extra_sd): Unknown volume
05-22 13:13:58.611 W/MountService(  374): getVolumeState(/mnt/extrasd_bind): Unknown volume
05-22 13:13:58.611 W/MountService(  374): getVolumeState(/mnt/sdcard/ext_sd): Unknown volume
05-22 13:13:58.611 W/MountService(  374): getVolumeState(/storage/extSdCard): Unknown volume
05-22 13:13:58.619 W/MountService(  374): getVolumeState(/storage/sdcard1): Unknown volume
05-22 13:13:58.619 W/MountService(  374): getVolumeState(/mnt/sdcard/external_SD): Unknown volume
05-22 13:13:58.619 W/MountService(  374): getVolumeState(/mnt/sdcard/external_sd): Unknown volume
05-22 13:13:58.713 D/dalvikvm( 1468): GC_CONCURRENT freed 465K, 21% free 9963K/12512K, paused 6ms+7ms, total 45ms
05-22 13:14:34.314 D/dalvikvm(20342): GC_CONCURRENT freed 366K, 5% free 9502K/9968K, paused 4ms+3ms, total 32ms
05-22 13:14:40.510 D/MdmService(17184): [null:-1]->receiver action :com.pekall.mdm.action.MDM_ALARM
05-22 13:14:40.510 D/MdmService(17184): [null:-1]->keepAliveWithPushServer client is opened:true
05-22 13:14:40.510 D/MDM :   (17184): [null:-1]->ping!!!!!!!!!
05-22 13:14:40.525 D/MdmService(17184): [null:-1]->pushUrl : ws://test.mdm.everknow.cn:9090/websocket
05-22 13:14:40.525 D/MDM :   (17184): [null:-1]->mMdmPushClient is :not null
05-22 13:14:40.525 D/MDM :   (17184): [null:-1]->mMdmPushClient opened : opened
05-22 13:14:40.525 D/MDM :   (17184): [null:-1]->MSG_WEBSOCKET_PONG
05-22 13:14:57.197 W/Parcel  ( 1661): Attempt to read object from Parcel 0x5ef3bdac at offset 200 that is not in the object list
05-22 13:14:58.260 W/MountService(  374): getVolumeState(/storage/emulated/0/external_sd): Unknown volume
05-22 13:14:58.260 W/MountService(  374): getVolumeState(/mnt/sdcard-ext): Unknown volume
05-22 13:14:58.260 W/MountService(  374): getVolumeState(/mnt/ext_sdcard): Unknown volume
05-22 13:14:58.260 W/MountService(  374): getVolumeState(/mnt/sdcard2): Unknown volume
05-22 13:14:58.260 W/MountService(  374): getVolumeState(/mnt/emmc): Unknown volume
05-22 13:14:58.260 W/MountService(  374): getVolumeState(/mnt/extSdCard): Unknown volume
05-22 13:14:58.260 W/MountService(  374): getVolumeState(/mnt/sdcard/SD_CARD): Unknown volume
05-22 13:14:58.260 W/MountService(  374): getVolumeState(/mnt/sdcard/extra_sd): Unknown volume
05-22 13:14:58.267 W/MountService(  374): getVolumeState(/mnt/extrasd_bind): Unknown volume
05-22 13:14:58.267 W/MountService(  374): getVolumeState(/mnt/sdcard/ext_sd): Unknown volume
05-22 13:14:58.267 W/MountService(  374): getVolumeState(/storage/extSdCard): Unknown volume
05-22 13:14:58.267 W/MountService(  374): getVolumeState(/storage/sdcard1): Unknown volume
05-22 13:14:58.267 W/MountService(  374): getVolumeState(/mnt/sdcard/external_SD): Unknown volume
05-22 13:14:58.267 W/MountService(  374): getVolumeState(/mnt/sdcard/external_sd): Unknown volume
05-22 13:14:58.392 D/dalvikvm( 1468): GC_CONCURRENT freed 430K, 20% free 10044K/12512K, paused 7ms+6ms, total 62ms
05-22 13:14:58.392 D/dalvikvm( 1468): WAIT_FOR_CONCURRENT_GC blocked 17ms
05-22 13:14:58.580 W/MountService(  374): getVolumeState(/storage/emulated/0/external_sd): Unknown volume
05-22 13:14:58.580 W/MountService(  374): getVolumeState(/mnt/sdcard-ext): Unknown volume
05-22 13:14:58.580 W/MountService(  374): getVolumeState(/mnt/ext_sdcard): Unknown volume
05-22 13:14:58.580 W/MountService(  374): getVolumeState(/mnt/sdcard2): Unknown volume
05-22 13:14:58.588 W/MountService(  374): getVolumeState(/mnt/emmc): Unknown volume
05-22 13:14:58.588 W/MountService(  374): getVolumeState(/mnt/extSdCard): Unknown volume
05-22 13:14:58.588 W/MountService(  374): getVolumeState(/mnt/sdcard/SD_CARD): Unknown volume
05-22 13:14:58.588 W/MountService(  374): getVolumeState(/mnt/sdcard/extra_sd): Unknown volume
05-22 13:14:58.588 W/MountService(  374): getVolumeState(/mnt/extrasd_bind): Unknown volume
05-22 13:14:58.588 W/MountService(  374): getVolumeState(/mnt/sdcard/ext_sd): Unknown volume
05-22 13:14:58.588 W/MountService(  374): getVolumeState(/storage/extSdCard): Unknown volume
05-22 13:14:58.588 W/MountService(  374): getVolumeState(/storage/sdcard1): Unknown volume
05-22 13:14:58.588 W/MountService(  374): getVolumeState(/mnt/sdcard/external_SD): Unknown volume
05-22 13:14:58.588 W/MountService(  374): getVolumeState(/mnt/sdcard/external_sd): Unknown volume
05-22 13:14:58.642 D/dalvikvm( 1468): GC_CONCURRENT freed 549K, 21% free 10003K/12512K, paused 10ms+7ms, total 50ms
05-22 13:14:58.642 D/dalvikvm( 1468): WAIT_FOR_CONCURRENT_GC blocked 18ms
05-22 13:15:01.806 V/DigitalWidgetViewsFactory(19507): DigitalWidget sets next alarm string to null
05-22 13:15:38.447 D/dalvikvm( 1661): GC_EXPLICIT freed 417K, 18% free 13037K/15888K, paused 2ms+5ms, total 77ms
05-22 13:15:43.517 D/dalvikvm( 1661): GC_EXPLICIT freed 6K, 18% free 13030K/15888K, paused 3ms+5ms, total 60ms
05-22 13:15:53.541 D/dalvikvm( 1661): GC_EXPLICIT freed <1K, 18% free 13030K/15888K, paused 2ms+5ms, total 84ms
05-22 13:15:58.392 W/MountService(  374): getVolumeState(/storage/emulated/0/external_sd): Unknown volume
05-22 13:15:58.392 W/MountService(  374): getVolumeState(/mnt/sdcard-ext): Unknown volume
05-22 13:15:58.392 W/MountService(  374): getVolumeState(/mnt/ext_sdcard): Unknown volume
05-22 13:15:58.392 W/MountService(  374): getVolumeState(/mnt/sdcard2): Unknown volume
05-22 13:15:58.392 W/MountService(  374): getVolumeState(/mnt/emmc): Unknown volume
05-22 13:15:58.392 W/MountService(  374): getVolumeState(/mnt/extSdCard): Unknown volume
05-22 13:15:58.392 W/MountService(  374): getVolumeState(/mnt/sdcard/SD_CARD): Unknown volume
05-22 13:15:58.392 W/MountService(  374): getVolumeState(/mnt/sdcard/extra_sd): Unknown volume
05-22 13:15:58.400 W/MountService(  374): getVolumeState(/mnt/extrasd_bind): Unknown volume
05-22 13:15:58.400 W/MountService(  374): getVolumeState(/mnt/sdcard/ext_sd): Unknown volume
05-22 13:15:58.400 W/MountService(  374): getVolumeState(/storage/extSdCard): Unknown volume
05-22 13:15:58.400 W/MountService(  374): getVolumeState(/storage/sdcard1): Unknown volume
05-22 13:15:58.400 W/MountService(  374): getVolumeState(/mnt/sdcard/external_SD): Unknown volume
05-22 13:15:58.400 W/MountService(  374): getVolumeState(/mnt/sdcard/external_sd): Unknown volume
05-22 13:15:58.502 D/dalvikvm( 1468): GC_CONCURRENT freed 502K, 21% free 9984K/12512K, paused 22ms+8ms, total 81ms
05-22 13:15:58.689 D/dalvikvm(  374): GC_EXPLICIT freed 773K, 19% free 24571K/30132K, paused 4ms+12ms, total 123ms
05-22 13:15:58.853 W/MountService(  374): getVolumeState(/storage/emulated/0/external_sd): Unknown volume
05-22 13:15:58.853 W/MountService(  374): getVolumeState(/mnt/sdcard-ext): Unknown volume
05-22 13:15:58.853 W/MountService(  374): getVolumeState(/mnt/ext_sdcard): Unknown volume
05-22 13:15:58.853 W/MountService(  374): getVolumeState(/mnt/sdcard2): Unknown volume
05-22 13:15:58.853 W/MountService(  374): getVolumeState(/mnt/emmc): Unknown volume
05-22 13:15:58.853 W/MountService(  374): getVolumeState(/mnt/extSdCard): Unknown volume
05-22 13:15:58.853 W/MountService(  374): getVolumeState(/mnt/sdcard/SD_CARD): Unknown volume
05-22 13:15:58.861 W/MountService(  374): getVolumeState(/mnt/sdcard/extra_sd): Unknown volume
05-22 13:15:58.861 W/MountService(  374): getVolumeState(/mnt/extrasd_bind): Unknown volume
05-22 13:15:58.861 W/MountService(  374): getVolumeState(/mnt/sdcard/ext_sd): Unknown volume
05-22 13:15:58.861 W/MountService(  374): getVolumeState(/storage/extSdCard): Unknown volume
05-22 13:15:58.877 W/MountService(  374): getVolumeState(/storage/sdcard1): Unknown volume
05-22 13:15:58.877 W/MountService(  374): getVolumeState(/mnt/sdcard/external_SD): Unknown volume
05-22 13:15:58.877 W/MountService(  374): getVolumeState(/mnt/sdcard/external_sd): Unknown volume
05-22 13:15:58.900 D/dalvikvm( 1468): GC_CONCURRENT freed 502K, 21% free 9986K/12512K, paused 17ms+6ms, total 56ms
05-22 13:15:58.900 D/dalvikvm( 1468): WAIT_FOR_CONCURRENT_GC blocked 21ms
05-22 13:15:58.900 D/dalvikvm( 1468): WAIT_FOR_CONCURRENT_GC blocked 18ms
05-22 13:16:57.369 W/Parcel  ( 1661): Attempt to read object from Parcel 0x6003bdac at offset 200 that is not in the object list
05-22 13:16:57.431 D/dalvikvm( 1468): GC_CONCURRENT freed 425K, 21% free 9965K/12512K, paused 6ms+6ms, total 38ms
05-22 13:16:58.447 W/MountService(  374): getVolumeState(/storage/emulated/0/external_sd): Unknown volume
05-22 13:16:58.455 W/MountService(  374): getVolumeState(/mnt/sdcard-ext): Unknown volume
05-22 13:16:58.455 W/MountService(  374): getVolumeState(/mnt/ext_sdcard): Unknown volume
05-22 13:16:58.455 W/MountService(  374): getVolumeState(/mnt/sdcard2): Unknown volume
05-22 13:16:58.455 W/MountService(  374): getVolumeState(/mnt/emmc): Unknown volume
05-22 13:16:58.455 W/MountService(  374): getVolumeState(/mnt/extSdCard): Unknown volume
05-22 13:16:58.455 W/MountService(  374): getVolumeState(/mnt/sdcard/SD_CARD): Unknown volume
05-22 13:16:58.455 W/MountService(  374): getVolumeState(/mnt/sdcard/extra_sd): Unknown volume
05-22 13:16:58.455 W/MountService(  374): getVolumeState(/mnt/extrasd_bind): Unknown volume
05-22 13:16:58.455 W/MountService(  374): getVolumeState(/mnt/sdcard/ext_sd): Unknown volume
05-22 13:16:58.463 W/MountService(  374): getVolumeState(/storage/extSdCard): Unknown volume
05-22 13:16:58.463 W/MountService(  374): getVolumeState(/storage/sdcard1): Unknown volume
05-22 13:16:58.463 W/MountService(  374): getVolumeState(/mnt/sdcard/external_SD): Unknown volume
05-22 13:16:58.463 W/MountService(  374): getVolumeState(/mnt/sdcard/external_sd): Unknown volume
05-22 13:16:58.627 D/dalvikvm( 1468): GC_CONCURRENT freed 304K, 20% free 10099K/12512K, paused 8ms+21ms, total 68ms
05-22 13:16:58.775 W/MountService(  374): getVolumeState(/storage/emulated/0/external_sd): Unknown volume
05-22 13:16:58.775 W/MountService(  374): getVolumeState(/mnt/sdcard-ext): Unknown volume
05-22 13:16:58.775 W/MountService(  374): getVolumeState(/mnt/ext_sdcard): Unknown volume
05-22 13:16:58.775 W/MountService(  374): getVolumeState(/mnt/sdcard2): Unknown volume
05-22 13:16:58.775 W/MountService(  374): getVolumeState(/mnt/emmc): Unknown volume
05-22 13:16:58.775 W/MountService(  374): getVolumeState(/mnt/extSdCard): Unknown volume
05-22 13:16:58.775 W/MountService(  374): getVolumeState(/mnt/sdcard/SD_CARD): Unknown volume
05-22 13:16:58.783 W/MountService(  374): getVolumeState(/mnt/sdcard/extra_sd): Unknown volume
05-22 13:16:58.783 W/MountService(  374): getVolumeState(/mnt/extrasd_bind): Unknown volume
05-22 13:16:58.783 W/MountService(  374): getVolumeState(/mnt/sdcard/ext_sd): Unknown volume
05-22 13:16:58.783 W/MountService(  374): getVolumeState(/storage/extSdCard): Unknown volume
05-22 13:16:58.783 W/MountService(  374): getVolumeState(/storage/sdcard1): Unknown volume
05-22 13:16:58.783 W/MountService(  374): getVolumeState(/mnt/sdcard/external_SD): Unknown volume
05-22 13:16:58.783 W/MountService(  374): getVolumeState(/mnt/sdcard/external_sd): Unknown volume
05-22 13:16:58.846 D/dalvikvm( 1468): GC_CONCURRENT freed 624K, 21% free 9982K/12512K, paused 11ms+6ms, total 56ms
05-22 13:16:58.846 D/dalvikvm( 1468): WAIT_FOR_CONCURRENT_GC blocked 12ms
05-22 13:17:15.166 D/dalvikvm(  561): GC_EXPLICIT freed 288K, 5% free 9425K/9856K, paused 2ms+5ms, total 33ms
05-22 13:17:38.674 D/dalvikvm( 1661): GC_EXPLICIT freed 233K, 18% free 13032K/15888K, paused 2ms+5ms, total 60ms
05-22 13:17:43.744 D/dalvikvm( 1661): GC_EXPLICIT freed 2K, 18% free 13030K/15888K, paused 3ms+4ms, total 61ms
05-22 13:17:50.635 D/dalvikvm(20769): GC_CONCURRENT freed 314K, 4% free 9809K/10168K, paused 3ms+3ms, total 35ms
05-22 13:17:50.666 D/dalvikvm(20769): Trying to load lib /data/app-lib/com.dragon.android.pandaspace-1/libBdMoplusMD5_V1.so 0x422864c8
05-22 13:17:50.666 D/dalvikvm(20769): Added shared lib /data/app-lib/com.dragon.android.pandaspace-1/libBdMoplusMD5_V1.so 0x422864c8
05-22 13:17:50.666 D/dalvikvm(20769): No JNI_OnLoad found in /data/app-lib/com.dragon.android.pandaspace-1/libBdMoplusMD5_V1.so 0x422864c8, skipping init
05-22 13:17:50.885 D/dalvikvm(20769): GC_FOR_ALLOC freed 219K, 6% free 9777K/10304K, paused 21ms, total 23ms
05-22 13:17:51.353 D/dalvikvm(20769): GC_FOR_ALLOC freed 156K, 6% free 9775K/10304K, paused 21ms, total 22ms
05-22 13:17:51.650 D/dalvikvm(20769): GC_FOR_ALLOC freed 158K, 6% free 9775K/10304K, paused 21ms, total 22ms
05-22 13:17:51.900 D/dalvikvm(20769): GC_FOR_ALLOC freed 158K, 6% free 9775K/10304K, paused 21ms, total 22ms
05-22 13:17:52.056 D/dalvikvm(20769): GC_FOR_ALLOC freed 154K, 6% free 9776K/10304K, paused 21ms, total 22ms
05-22 13:17:52.127 D/dalvikvm(20769): GC_FOR_ALLOC freed 152K, 6% free 9776K/10304K, paused 21ms, total 22ms
05-22 13:17:52.291 D/dalvikvm(20769): GC_FOR_ALLOC freed 153K, 6% free 9777K/10304K, paused 24ms, total 25ms
05-22 13:17:52.963 D/dalvikvm(20769): GC_FOR_ALLOC freed 146K, 6% free 9777K/10304K, paused 22ms, total 23ms
05-22 13:17:53.064 D/dalvikvm(20769): GC_FOR_ALLOC freed 159K, 6% free 9777K/10304K, paused 22ms, total 22ms
05-22 13:17:53.767 D/dalvikvm(20769): GC_FOR_ALLOC freed 154K, 6% free 9778K/10304K, paused 51ms, total 62ms
05-22 13:17:53.775 D/dalvikvm( 1661): GC_EXPLICIT freed 29K, 18% free 13030K/15888K, paused 3ms+9ms, total 93ms
05-22 13:17:54.221 D/dalvikvm(20769): GC_FOR_ALLOC freed 158K, 6% free 9778K/10304K, paused 23ms, total 24ms
05-22 13:17:54.236 W/dalvikvm(20769): VFY: unable to find class referenced in signature (Lcom/baidu/location/LocationClient;)
05-22 13:17:54.236 W/dalvikvm(20769): VFY: unable to find class referenced in signature (Lcom/baidu/location/LocationClient;)
05-22 13:17:54.236 I/dalvikvm(20769): Could not find method com.baidu.location.LocationClient.isStarted, referenced from method com.baidu.android.nebula.util.a.run
05-22 13:17:54.236 W/dalvikvm(20769): VFY: unable to resolve virtual method 7860: Lcom/baidu/location/LocationClient;.isStarted ()Z
05-22 13:17:54.236 D/dalvikvm(20769): VFY: replacing opcode 0x6e at 0x000f
05-22 13:17:58.549 W/MountService(  374): getVolumeState(/storage/emulated/0/external_sd): Unknown volume
05-22 13:17:58.549 W/MountService(  374): getVolumeState(/mnt/sdcard-ext): Unknown volume
05-22 13:17:58.549 W/MountService(  374): getVolumeState(/mnt/ext_sdcard): Unknown volume
05-22 13:17:58.549 W/MountService(  374): getVolumeState(/mnt/sdcard2): Unknown volume
05-22 13:17:58.549 W/MountService(  374): getVolumeState(/mnt/emmc): Unknown volume
05-22 13:17:58.549 W/MountService(  374): getVolumeState(/mnt/extSdCard): Unknown volume
05-22 13:17:58.549 W/MountService(  374): getVolumeState(/mnt/sdcard/SD_CARD): Unknown volume
05-22 13:17:58.556 W/MountService(  374): getVolumeState(/mnt/sdcard/extra_sd): Unknown volume
05-22 13:17:58.556 W/MountService(  374): getVolumeState(/mnt/extrasd_bind): Unknown volume
05-22 13:17:58.556 W/MountService(  374): getVolumeState(/mnt/sdcard/ext_sd): Unknown volume
05-22 13:17:58.556 W/MountService(  374): getVolumeState(/storage/extSdCard): Unknown volume
05-22 13:17:58.556 W/MountService(  374): getVolumeState(/storage/sdcard1): Unknown volume
05-22 13:17:58.556 W/MountService(  374): getVolumeState(/mnt/sdcard/external_SD): Unknown volume
05-22 13:17:58.556 W/MountService(  374): getVolumeState(/mnt/sdcard/external_sd): Unknown volume
05-22 13:17:58.666 D/dalvikvm( 1468): GC_CONCURRENT freed 450K, 21% free 9962K/12512K, paused 15ms+11ms, total 67ms
05-22 13:17:58.822 D/dalvikvm(20309): GC_EXPLICIT freed 240K, 3% free 9193K/9476K, paused 2ms+5ms, total 29ms
05-22 13:17:58.916 W/MountService(  374): getVolumeState(/storage/emulated/0/external_sd): Unknown volume
05-22 13:17:58.916 W/MountService(  374): getVolumeState(/mnt/sdcard-ext): Unknown volume
05-22 13:17:58.916 W/MountService(  374): getVolumeState(/mnt/ext_sdcard): Unknown volume
05-22 13:17:58.916 W/MountService(  374): getVolumeState(/mnt/sdcard2): Unknown volume
05-22 13:17:58.924 W/MountService(  374): getVolumeState(/mnt/emmc): Unknown volume
05-22 13:17:58.924 W/MountService(  374): getVolumeState(/mnt/extSdCard): Unknown volume
05-22 13:17:58.924 W/MountService(  374): getVolumeState(/mnt/sdcard/SD_CARD): Unknown volume
05-22 13:17:58.924 W/MountService(  374): getVolumeState(/mnt/sdcard/extra_sd): Unknown volume
05-22 13:17:58.924 W/MountService(  374): getVolumeState(/mnt/extrasd_bind): Unknown volume
05-22 13:17:58.931 W/MountService(  374): getVolumeState(/mnt/sdcard/ext_sd): Unknown volume
05-22 13:17:58.931 W/MountService(  374): getVolumeState(/storage/extSdCard): Unknown volume
05-22 13:17:58.931 W/MountService(  374): getVolumeState(/storage/sdcard1): Unknown volume
05-22 13:17:58.931 W/MountService(  374): getVolumeState(/mnt/sdcard/external_SD): Unknown volume
05-22 13:17:58.931 W/MountService(  374): getVolumeState(/mnt/sdcard/external_sd): Unknown volume
05-22 13:17:58.971 D/dalvikvm( 1468): GC_CONCURRENT freed 455K, 20% free 10011K/12512K, paused 17ms+7ms, total 60ms
05-22 13:17:58.971 D/dalvikvm( 1468): WAIT_FOR_CONCURRENT_GC blocked 31ms
05-22 13:17:58.971 D/dalvikvm( 1468): WAIT_FOR_CONCURRENT_GC blocked 26ms
05-22 13:18:57.525 W/Parcel  ( 1661): Attempt to read object from Parcel 0x5ded3dac at offset 200 that is not in the object list
05-22 13:18:57.588 D/dalvikvm( 1468): GC_CONCURRENT freed 464K, 21% free 9959K/12512K, paused 7ms+5ms, total 42ms
05-22 13:18:58.611 W/MountService(  374): getVolumeState(/storage/emulated/0/external_sd): Unknown volume
05-22 13:18:58.611 W/MountService(  374): getVolumeState(/mnt/sdcard-ext): Unknown volume
05-22 13:18:58.611 W/MountService(  374): getVolumeState(/mnt/ext_sdcard): Unknown volume
05-22 13:18:58.611 W/MountService(  374): getVolumeState(/mnt/sdcard2): Unknown volume
05-22 13:18:58.611 W/MountService(  374): getVolumeState(/mnt/emmc): Unknown volume
05-22 13:18:58.611 W/MountService(  374): getVolumeState(/mnt/extSdCard): Unknown volume
05-22 13:18:58.611 W/MountService(  374): getVolumeState(/mnt/sdcard/SD_CARD): Unknown volume
05-22 13:18:58.611 W/MountService(  374): getVolumeState(/mnt/sdcard/extra_sd): Unknown volume
05-22 13:18:58.619 W/MountService(  374): getVolumeState(/mnt/extrasd_bind): Unknown volume
05-22 13:18:58.619 W/MountService(  374): getVolumeState(/mnt/sdcard/ext_sd): Unknown volume
05-22 13:18:58.619 W/MountService(  374): getVolumeState(/storage/extSdCard): Unknown volume
05-22 13:18:58.619 W/MountService(  374): getVolumeState(/storage/sdcard1): Unknown volume
05-22 13:18:58.619 W/MountService(  374): getVolumeState(/mnt/sdcard/external_SD): Unknown volume
05-22 13:18:58.619 W/MountService(  374): getVolumeState(/mnt/sdcard/external_sd): Unknown volume
05-22 13:18:58.767 D/dalvikvm( 1468): GC_CONCURRENT freed 305K, 20% free 10088K/12512K, paused 7ms+7ms, total 52ms
05-22 13:18:58.931 W/MountService(  374): getVolumeState(/storage/emulated/0/external_sd): Unknown volume
05-22 13:18:58.931 W/MountService(  374): getVolumeState(/mnt/sdcard-ext): Unknown volume
05-22 13:18:58.939 W/MountService(  374): getVolumeState(/mnt/ext_sdcard): Unknown volume
05-22 13:18:58.939 W/MountService(  374): getVolumeState(/mnt/sdcard2): Unknown volume
05-22 13:18:58.939 W/MountService(  374): getVolumeState(/mnt/emmc): Unknown volume
05-22 13:18:58.939 W/MountService(  374): getVolumeState(/mnt/extSdCard): Unknown volume
05-22 13:18:58.939 W/MountService(  374): getVolumeState(/mnt/sdcard/SD_CARD): Unknown volume
05-22 13:18:58.939 W/MountService(  374): getVolumeState(/mnt/sdcard/extra_sd): Unknown volume
05-22 13:18:58.939 W/MountService(  374): getVolumeState(/mnt/extrasd_bind): Unknown volume
05-22 13:18:58.939 W/MountService(  374): getVolumeState(/mnt/sdcard/ext_sd): Unknown volume
05-22 13:18:58.939 W/MountService(  374): getVolumeState(/storage/extSdCard): Unknown volume
05-22 13:18:58.939 W/MountService(  374): getVolumeState(/storage/sdcard1): Unknown volume
05-22 13:18:58.939 W/MountService(  374): getVolumeState(/mnt/sdcard/external_SD): Unknown volume
05-22 13:18:58.947 W/MountService(  374): getVolumeState(/mnt/sdcard/external_sd): Unknown volume
05-22 13:18:59.002 D/dalvikvm( 1468): GC_CONCURRENT freed 624K, 21% free 9975K/12512K, paused 11ms+6ms, total 55ms
05-22 13:18:59.002 D/dalvikvm( 1468): WAIT_FOR_CONCURRENT_GC blocked 11ms
05-22 13:19:30.049 D/dalvikvm(20503): GC_CONCURRENT freed 401K, 6% free 9206K/9720K, paused 3ms+3ms, total 25ms
05-22 13:19:30.642 D/dalvikvm( 1661): GC_EXPLICIT freed 261K, 18% free 13032K/15888K, paused 3ms+5ms, total 61ms
05-22 13:19:35.205 I/EventLogService(  603): Aggregate from 1400734175127 (log), 1400734175127 (data)
05-22 13:19:35.252 I/ServiceDumpSys(  603): dumping service [account]
05-22 13:19:35.322 D/dalvikvm(  603): GC_FOR_ALLOC freed 292K, 7% free 9692K/10328K, paused 42ms, total 42ms
05-22 13:19:35.705 D/dalvikvm( 1661): GC_EXPLICIT freed 2K, 18% free 13030K/15888K, paused 3ms+5ms, total 60ms
05-22 13:19:40.510 D/MdmService(17184): [null:-1]->receiver action :com.pekall.mdm.action.MDM_ALARM
05-22 13:19:40.510 D/MdmStatusManager(17184): [null:-1]->change status to : Busy
05-22 13:19:40.517 I/TransInfo(17184): TransInfo created, id: 3, class: class com.pekall.emdm.transaction.c.b
05-22 13:19:40.517 D/NetworkThread(17184): [null:-1]->----isRunning-----true
05-22 13:19:40.517 D/NetworkThread(17184): [null:-1]->----isRunning-----true
05-22 13:19:40.517 D/NetworkThread(17184): [null:-1]->thread wakeup
05-22 13:19:40.517 D/ProfileManager(17184): [null:-1]->check policy checking :false
05-22 13:19:40.525 D/NetworkThread(17184): [null:-1]->sendHttpPost:PostRequest, url: http://192.168.10.21/rest/mdm/v1/ios/android_server, Params: [content:<?xml version="1.0" encoding="UTF-8"?>
05-22 13:19:40.525 D/NetworkThread(17184): <!DOCTYPE plist PUBLIC "-//Apple//DTD PLIST 1.0//EN" "http://www.apple.com/DTDs/PropertyList-1.0.dtd">
05-22 13:19:40.525 D/NetworkThread(17184): <plist version="1.0">
05-22 13:19:40.525 D/NetworkThread(17184): <dict>
05-22 13:19:40.525 D/NetworkThread(17184): 	<key>Status</key>
05-22 13:19:40.525 D/NetworkThread(17184): 	<string>Idle</string>
05-22 13:19:40.525 D/NetworkThread(17184): 	<key>UDID</key>
05-22 13:19:40.525 D/NetworkThread(17184): 	<string>00013fbc8ecec5b90000014621fa2165</string>
05-22 13:19:40.525 D/NetworkThread(17184): </dict>
05-22 13:19:40.525 D/NetworkThread(17184): </plist>], 
05-22 13:19:40.525 D/HttpClient(17184): enable apache.http debug
05-22 13:19:40.525 D/com.pekall.restrictions.policy(17184): [null:-1]->allowBluetooth : null
05-22 13:19:40.525 D/com.pekall.restrictions.policy(17184): [null:-1]->ensureSimulateLocation :null
05-22 13:19:40.525 D/com.pekall.restrictions.policy(17184): [null:-1]->allowUseNetworkDate : null
05-22 13:19:40.525 E/DatabaseUtils(  374): Writing exception to parcel
05-22 13:19:40.525 E/DatabaseUtils(  374): java.lang.SecurityException: Permission denial: writing to secure settings requires android.permission.WRITE_SECURE_SETTINGS
05-22 13:19:40.525 E/DatabaseUtils(  374): 	at com.android.providers.settings.SettingsProvider.checkWritePermissions(SettingsProvider.java:279)
05-22 13:19:40.525 E/DatabaseUtils(  374): 	at com.android.providers.settings.SettingsProvider.insertForUser(SettingsProvider.java:897)
05-22 13:19:40.525 E/DatabaseUtils(  374): 	at com.android.providers.settings.SettingsProvider.callFromPackage(SettingsProvider.java:634)
05-22 13:19:40.525 E/DatabaseUtils(  374): 	at android.content.ContentProvider$Transport.call(ContentProvider.java:279)
05-22 13:19:40.525 E/DatabaseUtils(  374): 	at android.content.ContentProviderNative.onTransact(ContentProviderNative.java:273)
05-22 13:19:40.525 E/DatabaseUtils(  374): 	at android.os.Binder.execTransact(Binder.java:388)
05-22 13:19:40.525 E/DatabaseUtils(  374): 	at com.android.server.SystemServer.init1(Native Method)
05-22 13:19:40.525 E/DatabaseUtils(  374): 	at com.android.server.SystemServer.main(SystemServer.java:1066)
05-22 13:19:40.525 E/DatabaseUtils(  374): 	at java.lang.reflect.Method.invokeNative(Native Method)
05-22 13:19:40.525 E/DatabaseUtils(  374): 	at java.lang.reflect.Method.invoke(Method.java:525)
05-22 13:19:40.525 E/DatabaseUtils(  374): 	at com.android.internal.os.ZygoteInit$MethodAndArgsCaller.run(ZygoteInit.java:737)
05-22 13:19:40.525 E/DatabaseUtils(  374): 	at com.android.internal.os.ZygoteInit.main(ZygoteInit.java:553)
05-22 13:19:40.525 E/DatabaseUtils(  374): 	at dalvik.system.NativeStart.main(Native Method)
05-22 13:19:40.533 D/com.pekall.restrictions.policy(17184): [null:-1]->allowUseNetworkDate error
05-22 13:19:40.533 D/com.pekall.restrictions.policy(17184): java.lang.SecurityException: Permission denial: writing to secure settings requires android.permission.WRITE_SECURE_SETTINGS
05-22 13:19:40.533 D/com.pekall.restrictions.policy(17184): 	at android.os.Parcel.readException(Parcel.java:1431)
05-22 13:19:40.533 D/com.pekall.restrictions.policy(17184): 	at android.database.DatabaseUtils.readExceptionFromParcel(DatabaseUtils.java:185)
05-22 13:19:40.533 D/com.pekall.restrictions.policy(17184): 	at android.database.DatabaseUtils.readExceptionFromParcel(DatabaseUtils.java:137)
05-22 13:19:40.533 D/com.pekall.restrictions.policy(17184): 	at android.content.ContentProviderProxy.call(ContentProviderNative.java:602)
05-22 13:19:40.533 D/com.pekall.restrictions.policy(17184): 	at android.provider.Settings$NameValueCache.putStringForUser(Settings.java:818)
05-22 13:19:40.533 D/com.pekall.restrictions.policy(17184): 	at android.provider.Settings$Global.putStringForUser(Settings.java:5529)
