05-20 13:39:01.299 D/NetworkThread(26771): 		<string></string>
05-20 13:39:01.299 D/NetworkThread(26771): 		<key>IMEI</key>
05-20 13:39:01.299 D/NetworkThread(26771): 		<string>351554059027897</string>
05-20 13:39:01.299 D/NetworkThread(26771): 		<key>IsRoaming</key>
05-20 13:39:01.299 D/NetworkThread(26771): 		<false/>
05-20 13:39:01.299 D/NetworkThread(26771): 		<key>Model</key>
05-20 13:39:01.299 D/NetworkThread(26771): 		<string>Galaxy Nexus</string>
05-20 13:39:01.299 D/NetworkThread(26771): 		<key>OSVersion</key>
05-20 13:39:01.299 D/NetworkThread(26771): 		<string>4.3</string>
05-20 13:39:01.299 D/NetworkThread(26771): 		<key>PhoneNumber</key>
05-20 13:39:01.299 D/NetworkThread(26771): 		<string>0</string>
05-20 13:39:01.299 D/NetworkThread(26771): 		<key>ProductName</key>
05-20 13:39:01.299 D/NetworkThread(26771): 		<string>yakju</string>
05-20 13:39:01.299 D/NetworkThread(26771): 		<key>SIMCarrierNetwork</key>
05-20 13:39:01.299 D/NetworkThread(26771): 		<string></string>
05-20 13:39:01.299 D/NetworkThread(26771): 		<key>SerialNumber</key>
05-20 13:39:01.299 D/NetworkThread(26771): 		<string>014E0FFF06015018</string>
05-20 13:39:01.299 D/NetworkThread(26771): 		<key>UDID</key>
05-20 13:39:01.299 D/NetworkThread(26771): 		<string>00013fbc8ecec5b90000014613abe64a</string>
05-20 13:39:01.299 D/NetworkThread(26771): 		<key>WiFiMAC</key>
05-20 13:39:01.299 D/NetworkThread(26771): 		<string>20:64:32:7a:19:48</string>
05-20 13:39:01.299 D/NetworkThread(26771): 	</dict>
05-20 13:39:01.299 D/NetworkThread(26771): 	<key>CommandUUID</key>
05-20 13:39:01.299 D/NetworkThread(26771): 	<string>aba3632c-828b-415b-8f77-c582bfb47193</string>
05-20 13:39:01.299 D/NetworkThread(26771): 	<key>Status</key>
05-20 13:39:01.299 D/NetworkThread(26771): 	<string>Acknowledged</string>
05-20 13:39:01.299 D/NetworkThread(26771): 	<key>UDID</key>
05-20 13:39:01.299 D/NetworkThread(26771): 	<string>00013fbc8ecec5b90000014613abe64a</string>
05-20 13:39:01.299 D/NetworkThread(26771): </dict>
05-20 13:39:01.299 D/NetworkThread(26771): </plist>], 
05-20 13:39:01.299 D/HttpClient(26771): enable apache.http debug
05-20 13:39:01.299 V/DEBUG   (26771): HTTP 0
05-20 13:39:01.830 D/MDM :   (26771): [null:-1]->statusCode : 200
05-20 13:39:01.830 D/MDM :   (26771): [null:-1]->statusCode : 200
05-20 13:39:01.830 V/DEBUG   (26771): HTTP 1
05-20 13:39:01.838 D/MDM :   (26771): [null:-1]->read network input stream
05-20 13:39:01.846 D/MDM :   (26771): [null:-1]->Get joson string: <?xml version="1.0" encoding="UTF-8"?>
05-20 13:39:01.846 D/MDM :   (26771): <!DOCTYPE plist PUBLIC "-//Apple//DTD PLIST 1.0//EN" "http://www.apple.com/DTDs/PropertyList-1.0.dtd">
05-20 13:39:01.846 D/MDM :   (26771): <plist version="1.0">
05-20 13:39:01.846 D/MDM :   (26771): <dict>
05-20 13:39:01.846 D/MDM :   (26771): 	<key>CommandUUID</key>
05-20 13:39:01.846 D/MDM :   (26771): 	<string>17718e58-86fa-4fcb-981c-bfe531093714</string>
05-20 13:39:01.846 D/MDM :   (26771): 	<key>Command</key>
05-20 13:39:01.846 D/MDM :   (26771): 	<dict>
05-20 13:39:01.846 D/MDM :   (26771): 		<key>RequestType</key>
05-20 13:39:01.846 D/MDM :   (26771): 		<string>ManagedApplicationList</string>
05-20 13:39:01.846 D/MDM :   (26771): 	</dict>
05-20 13:39:01.846 D/MDM :   (26771): </dict>
05-20 13:39:01.846 D/MDM :   (26771): </plist>
05-20 13:39:01.853 D/MdmDatabaseHelper(26771): [null:-1]->update command aba3632c-828b-415b-8f77-c582bfb47193 to status executed
05-20 13:39:01.885 D/CheckInTransInfo(26771): [null:-1]->CommandMsg : CommandMsg{CommandUUID='17718e58-86fa-4fcb-981c-bfe531093714', Command=CommandObject{RequestType='ManagedApplicationList'}}
05-20 13:39:01.908 D/NetworkThread(26771): [null:-1]->clear mCurrentTransInfo
05-20 13:39:01.908 D/NetworkThread(26771): [null:-1]->queue is empty, thread wait...
05-20 13:39:02.010 D/MdmService(26771): [null:-1]->handleCheckInResult
05-20 13:39:02.010 D/MdmService(26771): [null:-1]->handleCheckInResult result keyIndex: 3
05-20 13:39:02.010 D/CommandManager(26771): [null:-1]->execute command: CommandMsg{CommandUUID='17718e58-86fa-4fcb-981c-bfe531093714', Command=CommandObject{RequestType='ManagedApplicationList'}}
05-20 13:39:02.010 D/CommandManager(26771): [null:-1]->requestType: ManagedApplicationList
05-20 13:39:02.041 W/Parcel  ( 1661): Attempt to read object from Parcel 0x5ded3dac at offset 200 that is not in the object list
05-20 13:39:02.056 D/MdmDatabaseHelper(26771): [null:-1]->update command 17718e58-86fa-4fcb-981c-bfe531093714 to commandStatus <?xml version="1.0" encoding="UTF-8"?>
05-20 13:39:02.056 D/MdmDatabaseHelper(26771): <!DOCTYPE plist PUBLIC "-//Apple//DTD PLIST 1.0//EN" "http://www.apple.com/DTDs/PropertyList-1.0.dtd">
05-20 13:39:02.056 D/MdmDatabaseHelper(26771): <plist version="1.0">
05-20 13:39:02.056 D/MdmDatabaseHelper(26771): <dict>
05-20 13:39:02.056 D/MdmDatabaseHelper(26771): 	<key>ManagedApplicationList</key>
05-20 13:39:02.056 D/MdmDatabaseHelper(26771): 	<dict>
05-20 13:39:02.056 D/MdmDatabaseHelper(26771): 	</dict>
05-20 13:39:02.056 D/MdmDatabaseHelper(26771): 	<key>CommandUUID</key>
05-20 13:39:02.056 D/MdmDatabaseHelper(26771): 	<string>17718e58-86fa-4fcb-981c-bfe531093714</string>
05-20 13:39:02.056 D/MdmDatabaseHelper(26771): 	<key>Status</key>
05-20 13:39:02.056 D/MdmDatabaseHelper(26771): 	<string>Acknowledged</string>
05-20 13:39:02.056 D/MdmDatabaseHelper(26771): 	<key>UDID</key>
05-20 13:39:02.056 D/MdmDatabaseHelper(26771): 	<string>00013fbc8ecec5b90000014613abe64a</string>
05-20 13:39:02.056 D/MdmDatabaseHelper(26771): </dict>
05-20 13:39:02.056 D/MdmDatabaseHelper(26771): </plist>
05-20 13:39:02.088 I/TransInfo(26771): TransInfo created, id: 3, class: class com.pekall.emdm.transaction.c.b
05-20 13:39:02.088 D/NetworkThread(26771): [null:-1]->----isRunning-----true
05-20 13:39:02.096 D/NetworkThread(26771): [null:-1]->----isRunning-----true
05-20 13:39:02.096 D/NetworkThread(26771): [null:-1]->thread wakeup
05-20 13:39:02.096 D/NetworkThread(26771): [null:-1]->sendHttpPost:PostRequest, url: http://192.168.10.21/rest/mdm/v1/ios/android_server, Params: [content:<?xml version="1.0" encoding="UTF-8"?>
05-20 13:39:02.096 D/NetworkThread(26771): <!DOCTYPE plist PUBLIC "-//Apple//DTD PLIST 1.0//EN" "http://www.apple.com/DTDs/PropertyList-1.0.dtd">
05-20 13:39:02.096 D/NetworkThread(26771): <plist version="1.0">
05-20 13:39:02.096 D/NetworkThread(26771): <dict>
05-20 13:39:02.096 D/NetworkThread(26771): 	<key>ManagedApplicationList</key>
05-20 13:39:02.096 D/NetworkThread(26771): 	<dict>
05-20 13:39:02.096 D/NetworkThread(26771): 	</dict>
05-20 13:39:02.096 D/NetworkThread(26771): 	<key>CommandUUID</key>
05-20 13:39:02.096 D/NetworkThread(26771): 	<string>17718e58-86fa-4fcb-981c-bfe531093714</string>
05-20 13:39:02.096 D/NetworkThread(26771): 	<key>Status</key>
05-20 13:39:02.096 D/NetworkThread(26771): 	<string>Acknowledged</string>
05-20 13:39:02.096 D/NetworkThread(26771): 	<key>UDID</key>
05-20 13:39:02.096 D/NetworkThread(26771): 	<string>00013fbc8ecec5b90000014613abe64a</string>
05-20 13:39:02.096 D/NetworkThread(26771): </dict>
05-20 13:39:02.096 D/NetworkThread(26771): </plist>], 
05-20 13:39:02.096 D/HttpClient(26771): enable apache.http debug
05-20 13:39:02.103 V/DEBUG   (26771): HTTP 0
05-20 13:39:02.228 D/dalvikvm( 1661): GC_CONCURRENT freed 1310K, 18% free 13137K/15888K, paused 2ms+3ms, total 68ms
05-20 13:39:02.650 D/MDM :   (26771): [null:-1]->statusCode : 200
05-20 13:39:02.650 D/MDM :   (26771): [null:-1]->statusCode : 200
05-20 13:39:02.658 V/DEBUG   (26771): HTTP 1
05-20 13:39:02.681 D/MDM :   (26771): [null:-1]->read network input stream
05-20 13:39:02.681 D/MDM :   (26771): [null:-1]->Get joson string: <?xml version="1.0" encoding="UTF-8"?>
05-20 13:39:02.681 D/MDM :   (26771): <!DOCTYPE plist PUBLIC "-//Apple//DTD PLIST 1.0//EN" "http://www.apple.com/DTDs/PropertyList-1.0.dtd">
05-20 13:39:02.681 D/MDM :   (26771): <plist version="1.0">
05-20 13:39:02.681 D/MDM :   (26771): <dict>
05-20 13:39:02.681 D/MDM :   (26771): 	<key>CommandUUID</key>
05-20 13:39:02.681 D/MDM :   (26771): 	<string>d4464916-37e0-41c2-be7e-aae2687c0bb5</string>
05-20 13:39:02.681 D/MDM :   (26771): 	<key>Command</key>
05-20 13:39:02.681 D/MDM :   (26771): 	<dict>
05-20 13:39:02.681 D/MDM :   (26771): 		<key>RequestType</key>
05-20 13:39:02.681 D/MDM :   (26771): 		<string>InstalledApplicationList</string>
05-20 13:39:02.681 D/MDM :   (26771): 	</dict>
05-20 13:39:02.681 D/MDM :   (26771): </dict>
05-20 13:39:02.681 D/MDM :   (26771): </plist>
05-20 13:39:02.689 D/MdmDatabaseHelper(26771): [null:-1]->update command 17718e58-86fa-4fcb-981c-bfe531093714 to status executed
05-20 13:39:02.721 D/CheckInTransInfo(26771): [null:-1]->CommandMsg : CommandMsg{CommandUUID='d4464916-37e0-41c2-be7e-aae2687c0bb5', Command=CommandObject{RequestType='InstalledApplicationList'}}
05-20 13:39:02.752 I/QueryController(32377): Matched selector: UiSelector[TEXT=Personal Mode, CLASS=android.widget.TextView, PACKAGE NAME=com.pekall.emdm.launcher] <<==>> [android.view.accessibility.AccessibilityNodeInfo@a778d; boundsInParent: Rect(0, 0 - 160, 200); boundsInScreen: Rect(190, 608 - 350, 808); packageName: com.pekall.emdm.launcher; className: android.widget.TextView; text: Personal Mode; contentDescription: null; viewIdResName: null; checkable: false; checked: false; focusable: false; focused: false; selected: false; clickable: true; longClickable: true; enabled: true; password: false; scrollable: false; [ACTION_SELECT, ACTION_CLEAR_SELECTION, ACTION_CLICK, ACTION_LONG_CLICK, ACTION_ACCESSIBILITY_FOCUS, ACTION_NEXT_AT_MOVEMENT_GRANULARITY, ACTION_PREVIOUS_AT_MOVEMENT_GRANULARITY, ACTION_SET_SELECTION]]
05-20 13:39:02.752 D/NetworkThread(26771): [null:-1]->clear mCurrentTransInfo
05-20 13:39:02.752 D/NetworkThread(26771): [null:-1]->queue is empty, thread wait...
05-20 13:39:02.760 I/AndroidRuntime(32377): VM exiting with result code 0.
05-20 13:39:02.853 D/MdmService(26771): [null:-1]->handleCheckInResult
05-20 13:39:02.853 D/MdmService(26771): [null:-1]->handleCheckInResult result keyIndex: 3
05-20 13:39:02.853 D/CommandManager(26771): [null:-1]->execute command: CommandMsg{CommandUUID='d4464916-37e0-41c2-be7e-aae2687c0bb5', Command=CommandObject{RequestType='InstalledApplicationList'}}
05-20 13:39:02.994 D/CommandManager(26771): [null:-1]->requestType: InstalledApplicationList
05-20 13:39:03.025 W/Parcel  ( 1661): Attempt to read object from Parcel 0x5ef3bdac at offset 200 that is not in the object list
05-20 13:39:03.072 D/MdmDatabaseHelper(26771): [null:-1]->update command d4464916-37e0-41c2-be7e-aae2687c0bb5 to commandStatus <?xml version="1.0" encoding="UTF-8"?>
05-20 13:39:03.072 D/MdmDatabaseHelper(26771): <!DOCTYPE plist PUBLIC "-//Apple//DTD PLIST 1.0//EN" "http://www.apple.com/DTDs/PropertyList-1.0.dtd">
05-20 13:39:03.072 D/MdmDatabaseHelper(26771): <plist version="1.0">
05-20 13:39:03.072 D/MdmDatabaseHelper(26771): <dict>
05-20 13:39:03.072 D/MdmDatabaseHelper(26771): 	<key>InstalledApplicationList</key>
05-20 13:39:03.072 D/MdmDatabaseHelper(26771): 	<array>
05-20 13:39:03.072 D/MdmDatabaseHelper(26771): 		<dict>
05-20 13:39:03.072 D/MdmDatabaseHelper(26771): 			<key>AppPermissions</key>
05-20 13:39:03.072 D/MdmDatabaseHelper(26771): 			<array>
05-20 13:39:03.072 D/MdmDatabaseHelper(26771): 				<string>android.permission.READ_LOGS</string>
05-20 13:39:03.072 D/MdmDatabaseHelper(26771): 				<string>android.permission.WRITE_EXTERNAL_STORAGE</string>
05-20 13:39:03.072 D/MdmDatabaseHelper(26771): 				<string>com.qihoo.root.RESPOND</string>
05-20 13:39:03.072 D/MdmDatabaseHelper(26771): 				<string>com.qihoo.root.provider.READ</string>
05-20 13:39:03.072 D/MdmDatabaseHelper(26771): 				<string>com.qihoo.root.provider.WRITE</string>
05-20 13:39:03.072 D/MdmDatabaseHelper(26771): 				<string>android.permission.INTERNET</string>
05-20 13:39:03.072 D/MdmDatabaseHelper(26771): 				<string>android.permission.ACCESS_NETWORK_STATE</string>
05-20 13:39:03.072 D/MdmDatabaseHelper(26771): 				<string>android.permission.INSTALL_PACKAGES</string>
05-20 13:39:03.072 D/MdmDatabaseHelper(26771): 				<string>android.permission.KILL_BACKGROUND_PROCESSES</string>
05-20 13:39:03.072 D/MdmDatabaseHelper(26771): 				<string>android.permission.RESTART_PACKAGES</string>
05-20 13:39:03.072 D/MdmDatabaseHelper(26771): 				<string>android.permission.READ_PHONE_STATE</string>
05-20 13:39:03.072 D/MdmDatabaseHelper(26771): 				<string>android.permission.DELETE_PACKAGES</string>
05-20 13:39:03.072 D/MdmDatabaseHelper(26771): 				<string>android.permission.READ_EXTERNAL_STORAGE</string>
05-20 13:39:03.072 D/MdmDatabaseHelper(26771): 			</array>
05-20 13:39:03.072 D/MdmDatabaseHelper(26771): 			<key>Version</key>
05-20 13:39:03.072 D/MdmDatabaseHelper(26771): 			<string>7</string>
05-20 13:39:03.072 D/MdmDatabaseHelper(26771): 			<key>ShortVersion</key>
05-20 13:39:03.072 D/MdmDatabaseHelper(26771): 			<string>6.0.1</string>
05-20 13:39:03.072 D/MdmDatabaseHelper(26771): 			<key>Identifier</key>
05-20 13:39:03.072 D/MdmDatabaseHelper(26771): 			<string>com.qihoo.root</string>
05-20 13:39:03.072 D/MdmDatabaseHelper(26771): 			<key>Name</key>
05-20 13:39:03.072 D/MdmDatabaseHelper(26771): 			<string>360</string>
05-20 13:39:03.072 D/MdmDatabaseHelper(26771): 			<key>DynamicSize</key>
05-20 13:39:03.072 D/MdmDatabaseHelper(26771): 			<integer>0</integer>
05-20 13:39:03.072 D/MdmDatabaseHelper(26771): 			<key>BundleSize</key>
05-20 13:39:03.072 D/MdmDatabaseHelper(26771): 			<integer>0</integer>
05-20 13:39:03.072 D/MdmDatabaseHelper(26771): 		</dict>
05-20 13:39:03.072 D/MdmDatabaseHelper(26771): 		<dict>
05-20 13:39:03.072 D/MdmDatabaseHelper(26771): 			<key>AppPermissions</key>
05-20 13:39:03.072 D/MdmDatabaseHelper(26771): 			<array>
05-20 13:39:03.072 D/MdmDatabaseHelper(26771): 				<string>android.permission.ACCESS_FINE_LOCATION</string>
05-20 13:39:03.072 D/MdmDatabaseHelper(26771): 				<string>android.permission.ACCESS_COARSE_LOCATION</string>
05-20 13:39:03.072 D/MdmDatabaseHelper(26771): 				<string>android.permission.SYSTEM_ALERT_WINDOW</string>
05-20 13:39:03.072 D/MdmDatabaseHelper(26771): 				<string>android.permission.RECEIVE_BOOT_COMPLETED</string>
05-20 13:39:03.072 D/MdmDatabaseHelper(26771): 				<string>android.permission.CALL_PHONE</string>
05-20 13:39:03.072 D/MdmDatabaseHelper(26771): 				<string>android.permission.PROCESS_OUTGOING_CALLS</string>
05-20 13:39:03.072 D/MdmDatabaseHelper(26771): 				<string>android.permission.READ_CONTACTS</string>
05-20 13:39:03.072 D/MdmDatabaseHelper(26771): 				<string>android.permission.WRITE_CONTACTS</string>
05-20 13:39:03.072 D/MdmDatabaseHelper(26771): 				<string>android.permission.RECEIVE_SMS</string>
05-20 13:39:03.072 D/MdmDatabaseHelper(26771): 				<string>android.permission.RECEIVE_MMS</string>
05-20 13:39:03.072 D/MdmDatabaseHelper(26771): 				<string>android.permission.RECEIVE_WAP_PUSH</string>
05-20 13:39:03.072 D/MdmDatabaseHelper(26771): 				<string>android.permission.INTERNET</string>
05-20 13:39:03.072 D/MdmDatabaseHelper(26771): 				<string>android.permission.SEND_SMS</string>
05-20 13:39:03.072 D/MdmDatabaseHelper(26771): 				<string>android.permission.READ_SMS</string>
05-20 13:39:03.072 D/MdmDatabaseHelper(26771): 				<string>android.permission.WRITE_SMS</string>
05-20 13:39:03.072 D/MdmDatabaseHelper(26771): 				<string>android.permission.READ_CALL_LOG</string>
05-20 13:39:03.072 D/MdmDatabaseHelper(26771): 				<string>android.permission.WRITE_CALL_LOG</string>
05-20 13:39:03.072 D/MdmDatabaseHelper(26771): 				<string>android.permission.ACCESS_NETWORK_STATE</string>
05-20 13:39:03.072 D/MdmDatabaseHelper(26771): 				<string>android.permission.READ_PHONE_STATE</string>
05-20 13:39:03.072 D/MdmDatabaseHelper(26771): 				<string>android.permission.MODIFY_PHONE_STATE</string>
05-20 13:39:03.072 D/MdmDatabaseHelper(26771): 				<string>android.permission.MODIFY_AUDIO_SETTINGS</string>
05-20 13:39:03.072 D/MdmDatabaseHelper(26771): 				<string>android.permission.VIBRATE</string>
05-20 13:39:03.072 D/MdmDatabaseHelper(26771): 				<string>android.permission.BATTERY_STATS</string>
05-20 13:39:03.072 D/MdmDatabaseHelper(26771): 				<string>android.permission.GET_PACKAGE_SIZE</string>
05-20 13:39:03.072 D/MdmDatabaseHelper(26771): 				<string>com.android.launcher.permission.READ_SETTINGS</string>
05-20 13:39:03.072 D/MdmDatabaseHelper(26771): 				<string>android.permission.WAKE_LOCK</string>
05-20 13:39:03.072 D/MdmDatabaseHelper(26771): 				<string>android.permission.CHANGE_NETWORK_STATE</string>
05-20 13:39:03.072 D/MdmDatabaseHelper(26771): 				<string>android.permission.WRITE_EXTERNAL_STORAGE</string>
05-20 13:39:03.072 D/MdmDatabaseHelper(26771): 				<string>android.permission.RESTART_PACKAGES</string>
05-20 13:39:03.072 D/MdmDatabaseHelper(26771): 				<string>android.permission.CHANGE_WIFI_STATE</string>
05-20 13:39:03.072 D/MdmDatabaseHelper(26771): 				<string>android.permission.WRITE_SETTINGS</string>
05-20 13:39:03.072 D/MdmDatabaseHelper(26771): 				<string>android.permission.WRITE_SECURE_SETTINGS</string>
05-20 13:39:03.072 D/MdmDatabaseHelper(26771): 				<string>android.permission.READ_SYNC_SETTINGS</string>
05-20 13:39:03.072 D/MdmDatabaseHelper(26771): 				<string>android.permission.WRITE_SYNC_SETTINGS</string>
05-20 13:39:03.072 D/MdmDatabaseHelper(26771): 				<string>android.permission.WRITE_APN_SETTINGS</string>
05-20 13:39:03.072 D/MdmDatabaseHelper(26771): 				<string>android.permission.BLUETOOTH_ADMIN</string>
05-20 13:39:03.072 D/MdmDatabaseHelper(26771): 				<string>android.permission.RECORD_AUDIO</string>
05-20 13:39:03.072 D/MdmDatabaseHelper(26771): 				<string>android.permission.READ_LOGS</string>
05-20 13:39:03.072 D/MdmDatabaseHelper(26771): 				<string>com.android.launcher.permission.INSTALL_SHORTCUT</string>
05-20 13:39:03.072 D/MdmDatabaseHelper(26771): 				<string>com.android.launcher.permission.UNINSTALL_SHORTCUT</string>
05-20 13:39:03.072 D/MdmDatabaseHelper(26771): 				<string>android.permission.ACCESS_WIFI_STATE</string>
05-20 13:39:03.072 D/MdmDatabaseHelper(26771): 				<string>android.permission.BLUETOOTH</string>
05-20 13:39:03.072 D/MdmDatabaseHelper(26771): 				<string>android.permission.CLEAR_APP_CACHE</string>
05-20 13:39:03.072 D/MdmDatabaseHelper(26771): 				<string>android.permission.GET_TASKS</string>
05-20 13:39:03.072 D/MdmDatabaseHelper(26771): 				<string>android.permission.REORDER_TASKS</string>
05-20 13:39:03.072 D/MdmDatabaseHelper(26771): 				<string>android.permission.GET_ACCOUNTS</strin
05-20 13:39:03.103 I/TransInfo(26771): TransInfo created, id: 3, class: class com.pekall.emdm.transaction.c.b
05-20 13:39:03.103 D/NetworkThread(26771): [null:-1]->----isRunning-----true
05-20 13:39:03.103 D/NetworkThread(26771): [null:-1]->----isRunning-----true
05-20 13:39:03.103 D/NetworkThread(26771): [null:-1]->thread wakeup
05-20 13:39:03.135 D/NetworkThread(26771): [null:-1]->sendHttpPost:PostRequest, url: http://192.168.10.21/rest/mdm/v1/ios/android_server, Params: [content:<?xml version="1.0" encoding="UTF-8"?>
05-20 13:39:03.135 D/NetworkThread(26771): <!DOCTYPE plist PUBLIC "-//Apple//DTD PLIST 1.0//EN" "http://www.apple.com/DTDs/PropertyList-1.0.dtd">
05-20 13:39:03.135 D/NetworkThread(26771): <plist version="1.0">
05-20 13:39:03.135 D/NetworkThread(26771): <dict>
05-20 13:39:03.135 D/NetworkThread(26771): 	<key>InstalledApplicationList</key>
05-20 13:39:03.135 D/NetworkThread(26771): 	<array>
05-20 13:39:03.135 D/NetworkThread(26771): 		<dict>
05-20 13:39:03.135 D/NetworkThread(26771): 			<key>AppPermissions</key>
05-20 13:39:03.135 D/NetworkThread(26771): 			<array>
05-20 13:39:03.135 D/NetworkThread(26771): 				<string>android.permission.READ_LOGS</string>
05-20 13:39:03.135 D/NetworkThread(26771): 				<string>android.permission.WRITE_EXTERNAL_STORAGE</string>
05-20 13:39:03.135 D/NetworkThread(26771): 				<string>com.qihoo.root.RESPOND</string>
05-20 13:39:03.135 D/NetworkThread(26771): 				<string>com.qihoo.root.provider.READ</string>
05-20 13:39:03.135 D/NetworkThread(26771): 				<string>com.qihoo.root.provider.WRITE</string>
05-20 13:39:03.135 D/NetworkThread(26771): 				<string>android.permission.INTERNET</string>
05-20 13:39:03.135 D/NetworkThread(26771): 				<string>android.permission.ACCESS_NETWORK_STATE</string>
05-20 13:39:03.135 D/NetworkThread(26771): 				<string>android.permission.INSTALL_PACKAGES</string>
05-20 13:39:03.135 D/NetworkThread(26771): 				<string>android.permission.KILL_BACKGROUND_PROCESSES</string>
05-20 13:39:03.135 D/NetworkThread(26771): 				<string>android.permission.RESTART_PACKAGES</string>
05-20 13:39:03.135 D/NetworkThread(26771): 				<string>android.permission.READ_PHONE_STATE</string>
05-20 13:39:03.135 D/NetworkThread(26771): 				<string>android.permission.DELETE_PACKAGES</string>
05-20 13:39:03.135 D/NetworkThread(26771): 				<string>android.permission.READ_EXTERNAL_STORAGE</string>
05-20 13:39:03.135 D/NetworkThread(26771): 			</array>
05-20 13:39:03.135 D/NetworkThread(26771): 			<key>Version</key>
05-20 13:39:03.135 D/NetworkThread(26771): 			<string>7</string>
05-20 13:39:03.135 D/NetworkThread(26771): 			<key>ShortVersion</key>
05-20 13:39:03.135 D/NetworkThread(26771): 			<string>6.0.1</string>
05-20 13:39:03.135 D/NetworkThread(26771): 			<key>Identifier</key>
05-20 13:39:03.135 D/NetworkThread(26771): 			<string>com.qihoo.root</string>
05-20 13:39:03.135 D/NetworkThread(26771): 			<key>Name</key>
05-20 13:39:03.135 D/NetworkThread(26771): 			<string>360</string>
05-20 13:39:03.135 D/NetworkThread(26771): 			<key>DynamicSize</key>
05-20 13:39:03.135 D/NetworkThread(26771): 			<integer>0</integer>
05-20 13:39:03.135 D/NetworkThread(26771): 			<key>BundleSize</key>
05-20 13:39:03.135 D/NetworkThread(26771): 			<integer>0</integer>
05-20 13:39:03.135 D/NetworkThread(26771): 		</dict>
05-20 13:39:03.135 D/NetworkThread(26771): 		<dict>
05-20 13:39:03.135 D/NetworkThread(26771): 			<key>AppPermissions</key>
05-20 13:39:03.135 D/NetworkThread(26771): 			<array>
05-20 13:39:03.135 D/NetworkThread(26771): 				<string>android.permission.ACCESS_FINE_LOCATION</string>
05-20 13:39:03.135 D/NetworkThread(26771): 				<string>android.permission.ACCESS_COARSE_LOCATION</string>
05-20 13:39:03.135 D/NetworkThread(26771): 				<string>android.permission.SYSTEM_ALERT_WINDOW</string>
05-20 13:39:03.135 D/NetworkThread(26771): 				<string>android.permission.RECEIVE_BOOT_COMPLETED</string>
05-20 13:39:03.135 D/NetworkThread(26771): 				<string>android.permission.CALL_PHONE</string>
05-20 13:39:03.135 D/NetworkThread(26771): 				<string>android.permission.PROCESS_OUTGOING_CALLS</string>
05-20 13:39:03.135 D/NetworkThread(26771): 				<string>android.permission.READ_CONTACTS</string>
05-20 13:39:03.135 D/NetworkThread(26771): 				<string>android.permission.WRITE_CONTACTS</string>
05-20 13:39:03.135 D/NetworkThread(26771): 				<string>android.permission.RECEIVE_SMS</string>
05-20 13:39:03.135 D/NetworkThread(26771): 				<string>android.permission.RECEIVE_MMS</string>
05-20 13:39:03.135 D/NetworkThread(26771): 				<string>android.permission.RECEIVE_WAP_PUSH</string>
05-20 13:39:03.135 D/NetworkThread(26771): 				<string>android.permission.INTERNET</string>
05-20 13:39:03.135 D/NetworkThread(26771): 				<string>android.permission.SEND_SMS</string>
05-20 13:39:03.135 D/NetworkThread(26771): 				<string>android.permission.READ_SMS</string>
05-20 13:39:03.135 D/NetworkThread(26771): 				<string>android.permission.WRITE_SMS</string>
05-20 13:39:03.135 D/NetworkThread(26771): 				<string>android.permission.READ_CALL_LOG</string>
05-20 13:39:03.135 D/NetworkThread(26771): 				<string>android.permission.WRITE_CALL_LOG</string>
05-20 13:39:03.135 D/NetworkThread(26771): 				<string>android.permission.ACCESS_NETWORK_STATE</string>
05-20 13:39:03.135 D/NetworkThread(26771): 				<string>android.permission.READ_PHONE_STATE</string>
05-20 13:39:03.135 D/NetworkThread(26771): 				<string>android.permission.MODIFY_PHONE_STATE</string>
05-20 13:39:03.135 D/NetworkThread(26771): 				<string>android.permission.MODIFY_AUDIO_SETTINGS</string>
05-20 13:39:03.135 D/NetworkThread(26771): 				<string>android.permission.VIBRATE</string>
05-20 13:39:03.135 D/NetworkThread(26771): 				<string>android.permission.BATTERY_STATS</string>
05-20 13:39:03.135 D/NetworkThread(26771): 				<string>android.permission.GET_PACKAGE_SIZE</string>
05-20 13:39:03.135 D/NetworkThread(26771): 				<string>com.android.launcher.permission.READ_SETTINGS</string>
05-20 13:39:03.135 D/NetworkThread(26771): 				<string>android.permission.WAKE_LOCK</string>
05-20 13:39:03.135 D/NetworkThread(26771): 				<string>android.permission.CHANGE_NETWORK_STATE</string>
05-20 13:39:03.135 D/NetworkThread(26771): 				<string>android.permission.WRITE_EXTERNAL_STORAGE</string>
05-20 13:39:03.135 D/NetworkThread(26771): 				<string>android.permission.RESTART_PACKAGES</string>
05-20 13:39:03.135 D/NetworkThread(26771): 				<string>android.permission.CHANGE_WIFI_STATE</string>
05-20 13:39:03.135 D/NetworkThread(26771): 				<string>android.permission.WRITE_SETTINGS</string>
05-20 13:39:03.135 D/NetworkThread(26771): 				<string>android.permission.WRITE_SECURE_SETTINGS</string>
05-20 13:39:03.135 D/NetworkThread(26771): 				<string>android.permission.READ_SYNC_SETTINGS</string>
05-20 13:39:03.135 D/NetworkThread(26771): 				<string>android.permission.WRITE_SYNC_SETTINGS</string>
05-20 13:39:03.135 D/NetworkThread(26771): 				<string>android.permission.WRITE_APN_SETTINGS</string>
05-20 13:39:03.135 D/NetworkThread(26771): 				<string>android.permission.BLUETOOTH_ADMIN</string>
05-20 13:39:03.135 D/NetworkThread(26771): 				<string>android.permission.RECORD_AUDIO</string>
05-20 13:39:03.135 D/NetworkThread(26771): 				<string>android.permission.READ_LOGS</string>
05-20 13:39:03.135 D/NetworkThread(26771): 				<string>com.android.launcher.permission.INSTALL_SHORTCUT</string>
05-20 13:39:03.135 D/NetworkThread(26771): 				<string>com.android.launcher.permission.UNINSTALL_SHORTCUT</string>
05-20 13:39:03.135 D/NetworkThread(26771): 				<string>android.permission.ACCESS_WIFI_STATE</string>
05-20 13:39:03.135 D/NetworkThread(26771): 				<string>android.permission.BLUETOOTH</string>
05-20 13:39:03.135 D/NetworkThread(26771): 				<string>android.permission.CLEAR_APP_CACHE</string>
05-20 13:39:03.135 D/NetworkThread(26771): 				<string>android.permission.GET_TASKS</string>
05-20 13:39:03.135 D/NetworkThread(26771): 				<string>android.permission.REORDER_TASKS</string>
05-20 13:39:03.135 D/NetworkThread(26771): 				<string>android.pe
05-20 13:39:03.135 D/HttpClient(26771): enable apache.http debug
05-20 13:39:03.142 V/DEBUG   (26771): HTTP 0
05-20 13:39:03.908 D/MDM :   (26771): [null:-1]->statusCode : 200
05-20 13:39:03.908 D/MDM :   (26771): [null:-1]->statusCode : 200
05-20 13:39:03.908 V/DEBUG   (26771): HTTP 1
05-20 13:39:03.916 D/MDM :   (26771): [null:-1]->read network input stream
05-20 13:39:03.916 D/MDM :   (26771): [null:-1]->Get joson string: <?xml version="1.0" encoding="UTF-8"?>
05-20 13:39:03.916 D/MDM :   (26771): <!DOCTYPE plist PUBLIC "-//Apple//DTD PLIST 1.0//EN" "http://www.apple.com/DTDs/PropertyList-1.0.dtd">
05-20 13:39:03.916 D/MDM :   (26771): <plist version="1.0">
05-20 13:39:03.916 D/MDM :   (26771): <dict>
05-20 13:39:03.916 D/MDM :   (26771): 	<key>CommandUUID</key>
05-20 13:39:03.916 D/MDM :   (26771): 	<string>625da827-6538-41ea-b928-de9e4010b930</string>
05-20 13:39:03.916 D/MDM :   (26771): 	<key>Command</key>
05-20 13:39:03.916 D/MDM :   (26771): 	<dict>
05-20 13:39:03.916 D/MDM :   (26771): 		<key>RequestType</key>
05-20 13:39:03.916 D/MDM :   (26771): 		<string>SecurityInfo</string>
05-20 13:39:03.916 D/MDM :   (26771): 	</dict>
05-20 13:39:03.916 D/MDM :   (26771): </dict>
05-20 13:39:03.916 D/MDM :   (26771): </plist>
05-20 13:39:03.924 D/MdmDatabaseHelper(26771): [null:-1]->update command d4464916-37e0-41c2-be7e-aae2687c0bb5 to status executed
05-20 13:39:03.971 D/CheckInTransInfo(26771): [null:-1]->CommandMsg : CommandMsg{CommandUUID='625da827-6538-41ea-b928-de9e4010b930', Command=CommandObject{RequestType='SecurityInfo'}}
05-20 13:39:04.002 D/NetworkThread(26771): [null:-1]->clear mCurrentTransInfo
05-20 13:39:04.002 D/NetworkThread(26771): [null:-1]->queue is empty, thread wait...
05-20 13:39:04.096 D/MdmService(26771): [null:-1]->handleCheckInResult
05-20 13:39:04.103 D/MdmService(26771): [null:-1]->handleCheckInResult result keyIndex: 3
05-20 13:39:04.103 D/CommandManager(26771): [null:-1]->execute command: CommandMsg{CommandUUID='625da827-6538-41ea-b928-de9e4010b930', Command=CommandObject{RequestType='SecurityInfo'}}
05-20 13:39:04.103 D/CommandManager(26771): [null:-1]->requestType: SecurityInfo
05-20 13:39:04.142 W/Parcel  ( 1661): Attempt to read object from Parcel 0x6013bdac at offset 200 that is not in the object list
05-20 13:39:04.158 D/MdmDatabaseHelper(26771): [null:-1]->update command 625da827-6538-41ea-b928-de9e4010b930 to commandStatus <?xml version="1.0" encoding="UTF-8"?>
05-20 13:39:04.158 D/MdmDatabaseHelper(26771): <!DOCTYPE plist PUBLIC "-//Apple//DTD PLIST 1.0//EN" "http://www.apple.com/DTDs/PropertyList-1.0.dtd">
05-20 13:39:04.158 D/MdmDatabaseHelper(26771): <plist version="1.0">
05-20 13:39:04.158 D/MdmDatabaseHelper(26771): <dict>
05-20 13:39:04.158 D/MdmDatabaseHelper(26771): 	<key>SecurityInfo</key>
05-20 13:39:04.158 D/MdmDatabaseHelper(26771): 	<dict>
05-20 13:39:04.158 D/MdmDatabaseHelper(26771): 		<key>HardwareEncryptionCaps</key>
05-20 13:39:04.158 D/MdmDatabaseHelper(26771): 		<integer>0</integer>
05-20 13:39:04.158 D/MdmDatabaseHelper(26771): 		<key>PasscodeCompliant</key>
05-20 13:39:04.158 D/MdmDatabaseHelper(26771): 		<false/>
05-20 13:39:04.158 D/MdmDatabaseHelper(26771): 		<key>PasscodeCompliantWithProfiles</key>
05-20 13:39:04.158 D/MdmDatabaseHelper(26771): 		<true/>
05-20 13:39:04.158 D/MdmDatabaseHelper(26771): 		<key>PasscodePresent</key>
05-20 13:39:04.158 D/MdmDatabaseHelper(26771): 		<false/>
05-20 13:39:04.158 D/MdmDatabaseHelper(26771): 	</dict>
05-20 13:39:04.158 D/MdmDatabaseHelper(26771): 	<key>CommandUUID</key>
05-20 13:39:04.158 D/MdmDatabaseHelper(26771): 	<string>625da827-6538-41ea-b928-de9e4010b930</string>
05-20 13:39:04.158 D/MdmDatabaseHelper(26771): 	<key>Status</key>
05-20 13:39:04.158 D/MdmDatabaseHelper(26771): 	<string>Acknowledged</string>
05-20 13:39:04.158 D/MdmDatabaseHelper(26771): 	<key>UDID</key>
05-20 13:39:04.158 D/MdmDatabaseHelper(26771): 	<string>00013fbc8ecec5b90000014613abe64a</string>
05-20 13:39:04.158 D/MdmDatabaseHelper(26771): </dict>
05-20 13:39:04.158 D/MdmDatabaseHelper(26771): </plist>
05-20 13:39:04.416 D/AndroidRuntime(32423): 
05-20 13:39:04.416 D/AndroidRuntime(32423): >>>>>> AndroidRuntime START com.android.internal.os.RuntimeInit <<<<<<
05-20 13:39:04.416 D/AndroidRuntime(32423): CheckJNI is OFF
05-20 13:39:04.424 D/dalvikvm(32423): Trying to load lib libjavacore.so 0x0
05-20 13:39:04.431 D/dalvikvm(32423): Added shared lib libjavacore.so 0x0
05-20 13:39:04.439 D/dalvikvm(32423): Trying to load lib libnativehelper.so 0x0
05-20 13:39:04.439 D/dalvikvm(32423): Added shared lib libnativehelper.so 0x0
05-20 13:39:04.463 I/TransInfo(26771): TransInfo created, id: 3, class: class com.pekall.emdm.transaction.c.b
05-20 13:39:04.463 D/NetworkThread(26771): [null:-1]->----isRunning-----true
05-20 13:39:04.471 D/NetworkThread(26771): [null:-1]->----isRunning-----true
05-20 13:39:04.471 D/NetworkThread(26771): [null:-1]->thread wakeup
05-20 13:39:04.471 D/NetworkThread(26771): [null:-1]->sendHttpPost:PostRequest, url: http://192.168.10.21/rest/mdm/v1/ios/android_server, Params: [content:<?xml version="1.0" encoding="UTF-8"?>
05-20 13:39:04.471 D/NetworkThread(26771): <!DOCTYPE plist PUBLIC "-//Apple//DTD PLIST 1.0//EN" "http://www.apple.com/DTDs/PropertyList-1.0.dtd">
05-20 13:39:04.471 D/NetworkThread(26771): <plist version="1.0">
05-20 13:39:04.471 D/NetworkThread(26771): <dict>
05-20 13:39:04.471 D/NetworkThread(26771): 	<key>SecurityInfo</key>
05-20 13:39:04.471 D/NetworkThread(26771): 	<dict>
05-20 13:39:04.471 D/NetworkThread(26771): 		<key>HardwareEncryptionCaps</key>
05-20 13:39:04.471 D/NetworkThread(26771): 		<integer>0</integer>
05-20 13:39:04.471 D/NetworkThread(26771): 		<key>PasscodeCompliant</key>
05-20 13:39:04.471 D/NetworkThread(26771): 		<false/>
05-20 13:39:04.471 D/NetworkThread(26771): 		<key>PasscodeCompliantWithProfiles</key>
05-20 13:39:04.471 D/NetworkThread(26771): 		<true/>
05-20 13:39:04.471 D/NetworkThread(26771): 		<key>PasscodePresent</key>
05-20 13:39:04.471 D/NetworkThread(26771): 		<false/>
05-20 13:39:04.471 D/NetworkThread(26771): 	</dict>
05-20 13:39:04.471 D/NetworkThread(26771): 	<key>CommandUUID</key>
05-20 13:39:04.471 D/NetworkThread(26771): 	<string>625da827-6538-41ea-b928-de9e4010b930</string>
05-20 13:39:04.471 D/NetworkThread(26771): 	<key>Status</key>
05-20 13:39:04.471 D/NetworkThread(26771): 	<string>Acknowledged</string>
05-20 13:39:04.471 D/NetworkThread(26771): 	<key>UDID</key>
05-20 13:39:04.471 D/NetworkThread(26771): 	<string>00013fbc8ecec5b90000014613abe64a</string>
05-20 13:39:04.471 D/NetworkThread(26771): </dict>
05-20 13:39:04.471 D/NetworkThread(26771): </plist>], 
05-20 13:39:04.471 D/HttpClient(26771): enable apache.http debug
05-20 13:39:04.486 V/DEBUG   (26771): HTTP 0
05-20 13:39:04.603 D/AndroidRuntime(32423): Calling main entry com.android.commands.uiautomator.Launcher
05-20 13:39:04.642 D/dalvikvm(32423): Note: class Landroid/app/ActivityManagerNative; has 163 unimplemented (abstract) methods
05-20 13:39:05.111 D/MDM :   (26771): [null:-1]->statusCode : 200
05-20 13:39:05.111 D/MDM :   (26771): [null:-1]->statusCode : 200
05-20 13:39:05.111 V/DEBUG   (26771): HTTP 1
05-20 13:39:05.119 D/MDM :   (26771): [null:-1]->read network input stream
05-20 13:39:05.119 D/MDM :   (26771): [null:-1]->Get joson string: <?xml version="1.0" encoding="UTF-8"?>
05-20 13:39:05.119 D/MDM :   (26771): <!DOCTYPE plist PUBLIC "-//Apple//DTD PLIST 1.0//EN" "http://www.apple.com/DTDs/PropertyList-1.0.dtd">
05-20 13:39:05.119 D/MDM :   (26771): <plist version="1.0">
05-20 13:39:05.119 D/MDM :   (26771): <dict>
05-20 13:39:05.119 D/MDM :   (26771): 	<key>CommandUUID</key>
05-20 13:39:05.119 D/MDM :   (26771): 	<string>33626e57-8b25-465e-a8b6-8fdf1e48495d</string>
05-20 13:39:05.119 D/MDM :   (26771): 	<key>Command</key>
05-20 13:39:05.119 D/MDM :   (26771): 	<dict>
05-20 13:39:05.119 D/MDM :   (26771): 		<key>RequestType</key>
05-20 13:39:05.119 D/MDM :   (26771): 		<string>CertificateList</string>
05-20 13:39:05.119 D/MDM :   (26771): 	</dict>
05-20 13:39:05.119 D/MDM :   (26771): </dict>
05-20 13:39:05.119 D/MDM :   (26771): </plist>
05-20 13:39:05.127 D/MdmDatabaseHelper(26771): [null:-1]->update command 625da827-6538-41ea-b928-de9e4010b930 to status executed
05-20 13:39:05.150 D/CheckInTransInfo(26771): [null:-1]->CommandMsg : CommandMsg{CommandUUID='33626e57-8b25-465e-a8b6-8fdf1e48495d', Command=CommandObject{RequestType='CertificateList'}}
05-20 13:39:05.181 D/NetworkThread(26771): [null:-1]->clear mCurrentTransInfo
05-20 13:39:05.181 D/NetworkThread(26771): [null:-1]->queue is empty, thread wait...
05-20 13:39:05.260 V/PanelView(  448): animationTick called with dtms=0; nothing to do (h=0.0 v=4000.0)
05-20 13:39:05.283 D/MdmService(26771): [null:-1]->handleCheckInResult
05-20 13:39:05.291 D/MdmService(26771): [null:-1]->handleCheckInResult result keyIndex: 3
05-20 13:39:05.299 D/CommandManager(26771): [null:-1]->execute command: CommandMsg{CommandUUID='33626e57-8b25-465e-a8b6-8fdf1e48495d', Command=CommandObject{RequestType='CertificateList'}}
05-20 13:39:05.306 D/CommandManager(26771): [null:-1]->requestType: CertificateList
05-20 13:39:05.463 W/Parcel  ( 1661): Attempt to read object from Parcel 0x5ec3bdac at offset 200 that is not in the object list
05-20 13:39:05.588 D/MdmDatabaseHelper(26771): [null:-1]->update command 33626e57-8b25-465e-a8b6-8fdf1e48495d to commandStatus <?xml version="1.0" encoding="UTF-8"?>
05-20 13:39:05.588 D/MdmDatabaseHelper(26771): <!DOCTYPE plist PUBLIC "-//Apple//DTD PLIST 1.0//EN" "http://www.apple.com/DTDs/PropertyList-1.0.dtd">
05-20 13:39:05.588 D/MdmDatabaseHelper(26771): <plist version="1.0">
05-20 13:39:05.588 D/MdmDatabaseHelper(26771): <dict>
05-20 13:39:05.588 D/MdmDatabaseHelper(26771): 	<key>CertificateList</key>
05-20 13:39:05.588 D/MdmDatabaseHelper(26771): 	<array>
05-20 13:39:05.588 D/MdmDatabaseHelper(26771): 	</array>
05-20 13:39:05.588 D/MdmDatabaseHelper(26771): 	<key>CommandUUID</key>
05-20 13:39:05.588 D/MdmDatabaseHelper(26771): 	<string>33626e57-8b25-465e-a8b6-8fdf1e48495d</string>
05-20 13:39:05.588 D/MdmDatabaseHelper(26771): 	<key>Status</key>
05-20 13:39:05.588 D/MdmDatabaseHelper(26771): 	<string>Acknowledged</string>
05-20 13:39:05.588 D/MdmDatabaseHelper(26771): 	<key>UDID</key>
05-20 13:39:05.588 D/MdmDatabaseHelper(26771): 	<string>00013fbc8ecec5b90000014613abe64a</string>
05-20 13:39:05.588 D/MdmDatabaseHelper(26771): </dict>
05-20 13:39:05.588 D/MdmDatabaseHelper(26771): </plist>
05-20 13:39:05.619 I/TransInfo(26771): TransInfo created, id: 3, class: class com.pekall.emdm.transaction.c.b
05-20 13:39:05.619 D/NetworkThread(26771): [null:-1]->----isRunning-----true
05-20 13:39:05.619 D/NetworkThread(26771): [null:-1]->----isRunning-----true
05-20 13:39:05.619 D/NetworkThread(26771): [null:-1]->thread wakeup
05-20 13:39:05.627 D/NetworkThread(26771): [null:-1]->sendHttpPost:PostRequest, url: http://192.168.10.21/rest/mdm/v1/ios/android_server, Params: [content:<?xml version="1.0" encoding="UTF-8"?>
05-20 13:39:05.627 D/NetworkThread(26771): <!DOCTYPE plist PUBLIC "-//Apple//DTD PLIST 1.0//EN" "http://www.apple.com/DTDs/PropertyList-1.0.dtd">
05-20 13:39:05.627 D/NetworkThread(26771): <plist version="1.0">
05-20 13:39:05.627 D/NetworkThread(26771): <dict>
05-20 13:39:05.627 D/NetworkThread(26771): 	<key>CertificateList</key>
05-20 13:39:05.627 D/NetworkThread(26771): 	<array>
05-20 13:39:05.627 D/NetworkThread(26771): 	</array>
05-20 13:39:05.627 D/NetworkThread(26771): 	<key>CommandUUID</key>
05-20 13:39:05.627 D/NetworkThread(26771): 	<string>33626e57-8b25-465e-a8b6-8fdf1e48495d</string>
05-20 13:39:05.627 D/NetworkThread(26771): 	<key>Status</key>
05-20 13:39:05.627 D/NetworkThread(26771): 	<string>Acknowledged</string>
05-20 13:39:05.627 D/NetworkThread(26771): 	<key>UDID</key>
05-20 13:39:05.627 D/NetworkThread(26771): 	<string>00013fbc8ecec5b90000014613abe64a</string>
05-20 13:39:05.627 D/NetworkThread(26771): </dict>
05-20 13:39:05.627 D/NetworkThread(26771): </plist>], 
05-20 13:39:05.627 D/HttpClient(26771): enable apache.http debug
05-20 13:39:05.627 V/DEBUG   (26771): HTTP 0
05-20 13:39:06.135 D/MDM :   (26771): [null:-1]->statusCode : 200
05-20 13:39:06.142 D/MDM :   (26771): [null:-1]->statusCode : 200
05-20 13:39:06.142 V/DEBUG   (26771): HTTP 1
05-20 13:39:06.150 D/MDM :   (26771): [null:-1]->read network input stream
05-20 13:39:06.150 D/MDM :   (26771): [null:-1]->read network input stream
05-20 13:39:06.150 D/MDM :   (26771): [null:-1]->read network input stream
05-20 13:39:06.166 D/MDM :   (26771): [null:-1]->Get joson string: <?xml version="1.0" encoding="UTF-8"?>
05-20 13:39:06.166 D/MDM :   (26771): <!DOCTYPE plist PUBLIC "-//Apple//DTD PLIST 1.0//EN" "http://www.apple.com/DTDs/PropertyList-1.0.dtd">
05-20 13:39:06.166 D/MDM :   (26771): <plist version="1.0">
05-20 13:39:06.166 D/MDM :   (26771): <dict>
05-20 13:39:06.166 D/MDM :   (26771): 	<key>CommandUUID</key>
05-20 13:39:06.166 D/MDM :   (26771): 	<string>93088ca1-9a97-46d7-85e4-279611d4e519</string>
05-20 13:39:06.166 D/MDM :   (26771): 	<key>Command</key>
05-20 13:39:06.166 D/MDM :   (26771): 	<dict>
05-20 13:39:06.166 D/MDM :   (26771): 		<key>Payload</key>
05-20 13:39:06.166 D/MDM :   (26771): 		<data>
05-20 13:39:06.166 D/MDM :   (26771): 			PD94bWwgdmVyc2lvbj0iMS4wIiBlbmNvZGluZz0iVVRGLTgiPz4KPCFET0NUWVBFIHBsaXN0IFBVQkxJQyAiLS8vQXBwbGUvL0RURCBQTElTVCAxLjAvL0VOIiAiaHR0cDovL3d3dy5hcHBsZS5jb20vRFREcy9Qcm9wZXJ0eUxpc3QtMS4wLmR0ZCI+CjxwbGlzdCB2ZXJzaW9uPSIxLjAiPgo8ZGljdD4KCTxrZXk+UGF5bG9hZENvbnRlbnQ8L2tleT4KCTxhcnJheT4KCQk8ZGljdD4KCQkJPGtleT5jYW1lcmE8L2tleT4KCQkJPHN0cmluZz5lbmFibGVkPC9zdHJpbmc+CgkJCTxrZXk+UGF5bG9hZFR5cGU8L2tleT4KCQkJPHN0cmluZz5jb20ucGVrYWxsLnJlc3RyaWN0aW9ucy5wb2xpY3k8L3N0cmluZz4KCQkJPGtleT5QYXlsb2FkVmVyc2lvbjwva2V5PgoJCQk8aW50ZWdlcj4xPC9pbnRlZ2VyPgoJCQk8a2V5PlBheWxvYWRJZGVudGlmaWVyPC9rZXk+CgkJCTxzdHJpbmc+U24wMngyT0ZMZ0g2YTVrNGpZSHJ2Q1J2RVd6U1hRVjAucmVzdHJpY3Rpb248L3N0cmluZz4KCQkJPGtleT5QYXlsb2FkVVVJRDwva2V5PgoJCQk8c3RyaW5nPmQ2MjVkMzQ1LTZhZTUtNDkzYy1iNWNlLTkyOGY2MTdjMjM1MDwvc3RyaW5nPgoJCQk8a2V5PlBheWxvYWREaXNwbGF5TmFtZTwva2V5PgoJCQk8c3RyaW5nPlJlc3RyaWN0aW9u6YWN572uPC9zdHJpbmc+CgkJCTxrZXk+UGF5bG9hZERlc2NyaXB0aW9uPC9rZXk+CgkJCTxzdHJpbmc+UmVzdHJpY3Rpb27nm7jlhbPphY3nva48L3N0cmluZz4KCQkJPGtleT5QYXlsb2FkT3JnYW5pemF0aW9uPC9rZXk+CgkJCTxzdHJpbmc+UGVrYWxsIENhcHRpY2FsPC9zdHJpbmc+CgkJPC9kaWN0PgoJPC9hcnJheT4KCTxrZXk+UGF5bG9hZFJlbW92YWxEaXNhbGxvd2VkPC9rZXk+Cgk8dHJ1ZS8+Cgk8a2V5PlBheWxvYWRUeXBlPC9rZXk+Cgk8c3RyaW5nPkNvbmZpZ3VyYXRpb248L3N0cmluZz4KCTxrZXk+UGF5bG9hZFZlcnNpb248L2tleT4KCTxpbnRlZ2VyPjE8L2ludGVnZXI+Cgk8a2V5PlBheWxvYWRJZGVudGlmaWVyPC9rZXk+Cgk8c3RyaW5nPlNuMDJ4Mk9GTGdINmE1azRqWUhydkNSdkVXelNYUVYwPC9zdHJpbmc+Cgk8a2V5PlBheWxvYWRVVUlEPC9rZXk+Cgk8c3RyaW5nPmFmMGFjYmQ5LWY1Y2MtNDYyNy1iMmRlLWU3N2RiMDc0MTVhYzwvc3RyaW5nPgoJPGtleT5QYXlsb2FkRGlzcGxheU5hbWU8L2tleT4KCTxzdHJpbmc+5YWB6K645L2/55So55u45py6PC9zdHJpbmc+Cgk8a2V5PlBheWxvYWREZXNjcmlwdGlvbjwva2V5PgoJPHN0cmluZz53b21nPC9zdHJpbmc+Cgk8a2V5PlBheWxvYWRPcmdhbml6YXRpb248L2tleT4KCTxzdHJpbmc+UGVrYWxsIENhcHRpY2FsPC9zdHJpbmc+CjwvZGljdD4KPC9wbGlzdD4=
05-20 13:39:06.166 D/MDM :   (26771): 		</data>
05-20 13:39:06.166 D/MDM :   (26771): 		<key>RequestType</key>
05-20 13:39:06.166 D/MDM :   (26771): 		<string>InstallProfile</string>
05-20 13:39:06.166 D/MDM :   (26771): 	</dict>
05-20 13:39:06.166 D/MDM :   (26771): </dict>
05-20 13:39:06.166 D/MDM :   (26771): </plist>
05-20 13:39:06.174 D/MdmDatabaseHelper(26771): [null:-1]->update command 33626e57-8b25-465e-a8b6-8fdf1e48495d to status executed
05-20 13:39:06.213 D/CheckInTransInfo(26771): [null:-1]->CommandMsg : CommandMsg{CommandUUID='93088ca1-9a97-46d7-85e4-279611d4e519', Command=CommandInstallProfile{super=CommandObject{RequestType='InstallProfile'}Payload=[60, 63, 120, 109, 108, 32, 118, 101, 114, 115, 105, 111, 110, 61, 34, 49, 46, 48, 34, 32, 101, 110, 99, 111, 100, 105, 110, 103, 61, 34, 85, 84, 70, 45, 56, 34, 63, 62, 10, 60, 33, 68, 79, 67, 84, 89, 80, 69, 32, 112, 108, 105, 115, 116, 32, 80, 85, 66, 76, 73, 67, 32, 34, 45, 47, 47, 65, 112, 112, 108, 101, 47, 47, 68, 84, 68, 32, 80, 76, 73, 83, 84, 32, 49, 46, 48, 47, 47, 69, 78, 34, 32, 34, 104, 116, 116, 112, 58, 47, 47, 119, 119, 119, 46, 97, 112, 112, 108, 101, 46, 99, 111, 109, 47, 68, 84, 68, 115, 47, 80, 114, 111, 112, 101, 114, 116, 121, 76, 105, 115, 116, 45, 49, 46, 48, 46, 100, 116, 100, 34, 62, 10, 60, 112, 108, 105, 115, 116, 32, 118, 101, 114, 115, 105, 111, 110, 61, 34, 49, 46, 48, 34, 62, 10, 60, 100, 105, 99, 116, 62, 10, 9, 60, 107, 101, 121, 62, 80, 97, 121, 108, 111, 97, 100, 67, 111, 110, 116, 101, 110, 116, 60, 47, 107, 101, 121, 62, 10, 9, 60, 97, 114, 114, 97, 121, 62, 10, 9, 9, 60, 100, 105, 99, 116, 62, 10, 9, 9, 9, 60, 107, 101, 121, 62, 99, 97, 109, 101, 114, 97, 60, 47, 107, 101, 121, 62, 10, 9, 9, 9, 60, 115, 116, 114, 105, 110, 103, 62, 101, 110, 97, 98, 108, 101, 100, 60, 47, 115, 116, 114, 105, 110, 103, 62, 10, 9, 9, 9, 60, 107, 101, 121, 62, 80, 97, 121, 108, 111, 97, 100, 84, 121, 112, 101, 60, 47, 107, 101, 121, 62, 10, 9, 9, 9, 60, 115, 116, 114, 105, 110, 103, 62, 99, 111, 109, 46, 112, 101, 107, 97, 108, 108, 46, 114, 101, 115, 116, 114, 105, 99, 116, 105, 111, 110, 115, 46, 112, 111, 108, 105, 99, 121, 60, 47, 115, 116, 114, 105, 110, 103, 62, 10, 9, 9, 9, 60, 107, 101, 121, 62, 80, 97, 121, 108, 111, 97, 100, 86, 101, 114, 115, 105, 111, 110, 60, 47, 107, 101, 121, 62, 10, 9, 9, 9, 60, 105, 110, 116, 101, 103, 101, 114, 62, 49, 60, 47, 105, 110, 116, 101, 103, 101, 114, 62, 10, 9, 9, 9, 60, 107, 101, 121, 62, 80, 97, 121, 108, 111, 97, 100, 73, 100, 101, 110, 116, 105, 102, 105, 101, 114, 60, 47, 107, 101, 121, 62, 10, 9, 9, 9, 60, 115, 116, 114, 105, 110, 103, 62, 83, 110, 48, 50, 120, 50, 79, 70, 76, 103, 72, 54, 97, 53, 107, 52, 106, 89, 72, 114, 118, 67, 82, 118, 69, 87, 122, 83, 88, 81, 86, 48, 46, 114, 101, 115, 116, 114, 105, 99, 116, 105, 111, 110, 60, 47, 115, 116, 114, 105, 110, 103, 62, 10, 9, 9, 9, 60, 107, 101, 121, 62, 80, 97, 121, 108, 111, 97, 100, 85, 85, 73, 68, 60, 47, 107, 101, 121, 62, 10, 9, 9, 9, 60, 115, 116, 114, 105, 110, 103, 62, 100, 54, 50, 53, 100, 51, 52, 53, 45, 54, 97, 101, 53, 45, 52, 57, 51, 99, 45, 98, 53, 99, 101, 45, 57, 50, 56, 102, 54, 49, 55, 99, 50, 51, 53, 48, 60, 47, 115, 116, 114, 105, 110, 103, 62, 10, 9, 9, 9, 60, 107, 101, 121, 62, 80, 97, 121, 108, 111, 97, 100, 68, 105, 115, 112, 108, 97, 121, 78, 97, 109, 101, 60, 47, 107, 101, 121, 62, 10, 9, 9, 9, 60, 115, 116, 114, 105, 110, 103, 62, 82, 101, 115, 116, 114, 105, 99, 116, 105, 111, 110, -23, -123, -115, -25, -67, -82, 60, 47, 115, 116, 114, 105, 110, 103, 62, 10, 9, 9, 9, 60, 107, 101, 121, 62, 80, 97, 121, 108, 111, 97, 100, 68, 101, 115, 99, 114, 105, 112, 116, 105, 111, 110, 60, 47, 107, 101, 121, 62, 10, 9, 9, 9, 60, 115, 116, 114, 105, 110, 103, 62, 82, 101, 115, 116, 114, 105, 99, 116, 105, 111, 110, -25, -101, -72, -27, -123, -77, -23, -123, -115, -25, -67, -82, 60, 47, 115, 116, 114, 105, 110, 103, 62, 10, 9, 9, 9, 60, 107, 101, 121, 62, 80, 97, 121, 108, 111, 97, 100, 79, 114, 103, 97, 110, 105, 122, 97, 116, 105, 111, 110, 60, 47, 107, 101, 121, 62, 10, 9, 9, 9, 60, 115, 116, 114, 105, 110, 103, 62, 80, 101, 107, 97, 108, 108, 32, 67, 97, 112, 116, 105, 99, 97, 108, 60, 47, 115, 116, 114, 105, 110, 103, 62, 10, 9, 9, 60, 47, 100, 105, 99, 116, 62, 10, 9, 60, 47, 97, 114, 114, 97, 121, 62, 10, 9, 60, 107, 101, 121, 62, 80, 97, 121, 108, 111, 97, 100, 82, 101, 109, 111, 118, 97, 108, 68, 105, 115, 97, 108, 108, 111, 119, 101, 100, 60, 47, 107, 101, 121, 62, 10, 9, 60, 116, 114, 117, 101, 47, 62, 10, 9, 60, 107, 101, 121, 62, 80, 97, 121, 108, 111, 97, 100, 
05-20 13:39:06.252 D/NetworkThread(26771): [null:-1]->clear mCurrentTransInfo
05-20 13:39:06.252 D/NetworkThread(26771): [null:-1]->queue is empty, thread wait...
05-20 13:39:06.346 D/MdmService(26771): [null:-1]->handleCheckInResult
05-20 13:39:06.346 D/MdmService(26771): [null:-1]->handleCheckInResult result keyIndex: 3
