05-20 13:26:09.721 W/MountService(  374): getVolumeState(/mnt/sdcard/external_sd): Unknown volume
05-20 13:26:09.869 I/ActivityManager(  374): Start proc com.pekall.emdm.launcher:remote for service com.pekall.emdm.launcher/com.baidu.location.f: pid=31548 uid=10066 gids={50066, 1015, 3002, 3001, 3003, 1028}
05-20 13:26:10.299 D/ActivityThread(31548): Loading provider com.pekall.semail.provider;com.pekall.semail.notifier: com.pekall.semail.provider.EmailProvider
05-20 13:26:10.611 D/ActivityThread(31548): Loading provider com.pekall.semail.provider;com.pekall.semail.notifier: com.pekall.semail.provider.EmailProvider
05-20 13:26:12.127 I/ActivityManager(  374): Process com.qihoo.root (pid 30702) has died.
05-20 13:26:12.877 W/MountService(  374): getVolumeState(/storage/emulated/0/external_sd): Unknown volume
05-20 13:26:12.877 W/MountService(  374): getVolumeState(/mnt/sdcard-ext): Unknown volume
05-20 13:26:12.877 W/MountService(  374): getVolumeState(/mnt/ext_sdcard): Unknown volume
05-20 13:26:12.877 W/MountService(  374): getVolumeState(/mnt/sdcard2): Unknown volume
05-20 13:26:12.877 W/MountService(  374): getVolumeState(/mnt/emmc): Unknown volume
05-20 13:26:12.877 W/MountService(  374): getVolumeState(/mnt/extSdCard): Unknown volume
05-20 13:26:12.877 W/MountService(  374): getVolumeState(/mnt/sdcard/SD_CARD): Unknown volume
05-20 13:26:12.877 W/MountService(  374): getVolumeState(/mnt/sdcard/extra_sd): Unknown volume
05-20 13:26:12.877 W/MountService(  374): getVolumeState(/mnt/extrasd_bind): Unknown volume
05-20 13:26:12.877 W/MountService(  374): getVolumeState(/mnt/sdcard/ext_sd): Unknown volume
05-20 13:26:12.877 W/MountService(  374): getVolumeState(/storage/extSdCard): Unknown volume
05-20 13:26:12.877 W/MountService(  374): getVolumeState(/storage/sdcard1): Unknown volume
05-20 13:26:12.877 W/MountService(  374): getVolumeState(/mnt/sdcard/external_SD): Unknown volume
05-20 13:26:12.885 W/MountService(  374): getVolumeState(/mnt/sdcard/external_sd): Unknown volume
05-20 13:26:16.400 W/ActivityManager(  374): Unable to start service Intent { cmp=com.pekall.emdm.launcher/com.pekall.semail.service.AttachmentDownloadService } U=0: not found
05-20 13:26:29.916 W/ActivityManager(  374): Timeout executing service: ServiceRecord{42d711c0 u0 com.pekall.emdm.launcher/com.baidu.location.f}
05-20 13:26:34.322 E/ActivityManager(  374): ANR in com.pekall.emdm.launcher:remote
05-20 13:26:34.322 E/ActivityManager(  374): Reason: Executing service com.pekall.emdm.launcher/com.baidu.location.f
05-20 13:26:34.322 E/ActivityManager(  374): Load: 4.82 / 2.69 / 1.83
05-20 13:26:34.322 E/ActivityManager(  374): CPU usage from 19770ms to 0ms ago:
05-20 13:26:34.322 E/ActivityManager(  374):   99% 31548/com.pekall.emdm.launcher:remote: 99% user + 0% kernel / faults: 868 minor
05-20 13:26:34.322 E/ActivityManager(  374):   98% 26771/com.pekall.emdm.launcher: 98% user + 0% kernel / faults: 100 minor
05-20 13:26:34.322 E/ActivityManager(  374):   0.6% 1468/com.qihoo.daemon: 0.4% user + 0.1% kernel / faults: 243 minor
05-20 13:26:34.322 E/ActivityManager(  374):   0.5% 374/system_server: 0.3% user + 0.1% kernel / faults: 65 minor
05-20 13:26:34.322 E/ActivityManager(  374):   0.2% 30346/com.qihoo.appstore: 0.1% user + 0.1% kernel / faults: 18 minor
05-20 13:26:34.322 E/ActivityManager(  374):   0.1% 24/kswapd0: 0% user + 0.1% kernel
05-20 13:26:34.322 E/ActivityManager(  374):   0.1% 82/mmcqd/0: 0% user + 0.1% kernel
05-20 13:26:34.322 E/ActivityManager(  374):   0% 114/jbd2/mmcblk0p12: 0% user + 0% kernel
05-20 13:26:34.322 E/ActivityManager(  374):   0% 135/adbd: 0% user + 0% kernel
05-20 13:26:34.322 E/ActivityManager(  374):   0% 30956/com.nd.assistance.ServerService: 0% user + 0% kernel / faults: 57 minor
05-20 13:26:34.322 E/ActivityManager(  374):   0% 92/dhd_dpc: 0% user + 0% kernel
05-20 13:26:34.322 E/ActivityManager(  374):   0% 133/sdcard: 0% user + 0% kernel / faults: 17 minor
05-20 13:26:34.322 E/ActivityManager(  374):   0% 546/com.google.process.location: 0% user + 0% kernel / faults: 26 minor
05-20 13:26:34.322 E/ActivityManager(  374):   0% 561/com.android.phone: 0% user + 0% kernel / faults: 45 minor
05-20 13:26:34.322 E/ActivityManager(  374):   0% 1661/com.qihoo360.mobilesafe:GuardService: 0% user + 0% kernel / faults: 45 minor
05-20 13:26:34.322 E/ActivityManager(  374):   0% 30014/com.tencent.android.qqdownloader: 0% user + 0% kernel / faults: 94 minor
05-20 13:26:34.322 E/ActivityManager(  374):   0% 31070/android.process.media: 0% user + 0% kernel / faults: 73 minor
05-20 13:26:34.322 E/ActivityManager(  374): 100% TOTAL: 99% user + 0.1% kernel
05-20 13:26:34.322 E/ActivityManager(  374): CPU usage from 3502ms to 4040ms later:
05-20 13:26:34.322 E/ActivityManager(  374):   94% 26771/com.pekall.emdm.launcher: 94% user + 0% kernel
05-20 13:26:34.322 E/ActivityManager(  374):     98% 26784/Thread-1176: 98% user + 0% kernel
05-20 13:26:34.322 E/ActivityManager(  374):   90% 31548/com.pekall.emdm.launcher:remote: 90% user + 0% kernel
05-20 13:26:34.322 E/ActivityManager(  374):     92% 31561/Thread-1467: 92% user + 0% kernel
05-20 13:26:34.322 E/ActivityManager(  374):   5.5% 374/system_server: 0% user + 5.5% kernel / faults: 18 minor
05-20 13:26:34.322 E/ActivityManager(  374):     5.5% 390/ActivityManager: 1.8% user + 3.7% kernel
05-20 13:26:34.322 E/ActivityManager(  374):     1.8% 380/Compiler: 1.8% user + 0% kernel
05-20 13:26:34.322 E/ActivityManager(  374):   1.2% 30956/com.nd.assistance.ServerService: 0% user + 1.2% kernel
05-20 13:26:34.322 E/ActivityManager(  374): 98% TOTAL: 94% user + 3.7% kernel
05-20 13:26:34.322 W/ActivityManager(  374): Killing ProcessRecord{426f7568 31548:com.pekall.emdm.launcher:remote/u0a10066}: background ANR
05-20 13:26:34.338 I/ActivityManager(  374): Process com.pekall.emdm.launcher:remote (pid 31548) has died.
05-20 13:26:34.556 W/ActivityManager(  374): Scheduling restart of crashed service com.pekall.emdm.launcher/com.baidu.location.f in 80000ms
05-20 13:27:09.736 W/MountService(  374): getVolumeState(/storage/emulated/0/external_sd): Unknown volume
05-20 13:27:09.736 W/MountService(  374): getVolumeState(/mnt/sdcard-ext): Unknown volume
05-20 13:27:09.736 W/MountService(  374): getVolumeState(/mnt/ext_sdcard): Unknown volume
05-20 13:27:09.736 W/MountService(  374): getVolumeState(/mnt/sdcard2): Unknown volume
05-20 13:27:09.736 W/MountService(  374): getVolumeState(/mnt/emmc): Unknown volume
05-20 13:27:09.736 W/MountService(  374): getVolumeState(/mnt/extSdCard): Unknown volume
05-20 13:27:09.736 W/MountService(  374): getVolumeState(/mnt/sdcard/SD_CARD): Unknown volume
05-20 13:27:09.736 W/MountService(  374): getVolumeState(/mnt/sdcard/extra_sd): Unknown volume
05-20 13:27:09.736 W/MountService(  374): getVolumeState(/mnt/extrasd_bind): Unknown volume
05-20 13:27:09.736 W/MountService(  374): getVolumeState(/mnt/sdcard/ext_sd): Unknown volume
05-20 13:27:09.744 W/MountService(  374): getVolumeState(/storage/extSdCard): Unknown volume
05-20 13:27:09.744 W/MountService(  374): getVolumeState(/storage/sdcard1): Unknown volume
05-20 13:27:09.744 W/MountService(  374): getVolumeState(/mnt/sdcard/external_SD): Unknown volume
05-20 13:27:09.744 W/MountService(  374): getVolumeState(/mnt/sdcard/external_sd): Unknown volume
05-20 13:27:10.033 W/MountService(  374): getVolumeState(/storage/emulated/0/external_sd): Unknown volume
05-20 13:27:10.033 W/MountService(  374): getVolumeState(/mnt/sdcard-ext): Unknown volume
05-20 13:27:10.033 W/MountService(  374): getVolumeState(/mnt/ext_sdcard): Unknown volume
05-20 13:27:10.033 W/MountService(  374): getVolumeState(/mnt/sdcard2): Unknown volume
05-20 13:27:10.041 W/MountService(  374): getVolumeState(/mnt/emmc): Unknown volume
05-20 13:27:10.049 W/MountService(  374): getVolumeState(/mnt/extSdCard): Unknown volume
05-20 13:27:10.049 W/MountService(  374): getVolumeState(/mnt/sdcard/SD_CARD): Unknown volume
05-20 13:27:10.049 W/MountService(  374): getVolumeState(/mnt/sdcard/extra_sd): Unknown volume
05-20 13:27:10.049 W/MountService(  374): getVolumeState(/mnt/extrasd_bind): Unknown volume
05-20 13:27:10.049 W/MountService(  374): getVolumeState(/mnt/sdcard/ext_sd): Unknown volume
05-20 13:27:10.049 W/MountService(  374): getVolumeState(/storage/extSdCard): Unknown volume
05-20 13:27:10.049 W/MountService(  374): getVolumeState(/storage/sdcard1): Unknown volume
05-20 13:27:10.049 W/MountService(  374): getVolumeState(/mnt/sdcard/external_SD): Unknown volume
05-20 13:27:10.056 W/MountService(  374): getVolumeState(/mnt/sdcard/external_sd): Unknown volume
05-20 13:27:35.002 I/PowerManagerService(  374): Waking up from sleep...
05-20 13:27:35.049 I/WindowManager(  374): Lock screen displayed!
05-20 13:27:36.306 D/PhoneStatusBar(  448): disable: < expand icons alerts ticker system_info BACK HOME recent* CLOCK search* >
05-20 13:27:36.377 D/PhoneStatusBar(  448): disable: < expand icons alerts ticker system_info back* home* recent clock* search >
05-20 13:27:36.431 W/InputMethodManagerService(  374): Window already focused, ignoring focus gain of: com.android.internal.view.IInputMethodClient$Stub$Proxy@4254b728 attribute=android.view.inputmethod.EditorInfo@43009888, token = android.os.BinderProxy@428b19a8
05-20 13:27:36.705 I/ActivityManager(  374): Process com.nd.assistance.ServerService (pid 30956) has died.
05-20 13:27:38.838 I/ActivityManager(  374): Start proc com.nd.assistance.ServerService for service com.nd.assistance/.server.ServerService: pid=31666 uid=10068 gids={50068, 3003, 1015, 1006, 1028}
05-20 13:27:39.627 W/MountService(  374): getVolumeState(/storage/emulated/0/external_sd): Unknown volume
05-20 13:27:39.627 W/MountService(  374): getVolumeState(/mnt/sdcard-ext): Unknown volume
05-20 13:27:39.627 W/MountService(  374): getVolumeState(/mnt/ext_sdcard): Unknown volume
05-20 13:27:39.627 W/MountService(  374): getVolumeState(/mnt/sdcard2): Unknown volume
05-20 13:27:39.627 W/MountService(  374): getVolumeState(/mnt/emmc): Unknown volume
05-20 13:27:39.627 W/MountService(  374): getVolumeState(/mnt/extSdCard): Unknown volume
05-20 13:27:39.627 W/MountService(  374): getVolumeState(/mnt/sdcard/SD_CARD): Unknown volume
05-20 13:27:39.627 W/MountService(  374): getVolumeState(/mnt/sdcard/extra_sd): Unknown volume
05-20 13:27:39.627 W/MountService(  374): getVolumeState(/mnt/extrasd_bind): Unknown volume
05-20 13:27:39.627 W/MountService(  374): getVolumeState(/mnt/sdcard/ext_sd): Unknown volume
05-20 13:27:39.627 W/MountService(  374): getVolumeState(/storage/extSdCard): Unknown volume
05-20 13:27:39.627 W/MountService(  374): getVolumeState(/storage/sdcard1): Unknown volume
05-20 13:27:39.627 W/MountService(  374): getVolumeState(/mnt/sdcard/external_SD): Unknown volume
05-20 13:27:39.635 W/MountService(  374): getVolumeState(/mnt/sdcard/external_sd): Unknown volume
05-20 13:27:39.791 W/MountService(  374): getVolumeState(/storage/emulated/0/external_sd): Unknown volume
05-20 13:27:39.791 W/MountService(  374): getVolumeState(/mnt/sdcard-ext): Unknown volume
05-20 13:27:39.791 W/MountService(  374): getVolumeState(/mnt/ext_sdcard): Unknown volume
05-20 13:27:39.791 W/MountService(  374): getVolumeState(/mnt/sdcard2): Unknown volume
05-20 13:27:39.799 W/MountService(  374): getVolumeState(/mnt/emmc): Unknown volume
05-20 13:27:39.799 W/MountService(  374): getVolumeState(/mnt/extSdCard): Unknown volume
05-20 13:27:39.799 W/MountService(  374): getVolumeState(/mnt/sdcard/SD_CARD): Unknown volume
05-20 13:27:39.799 W/MountService(  374): getVolumeState(/mnt/sdcard/extra_sd): Unknown volume
05-20 13:27:39.799 W/MountService(  374): getVolumeState(/mnt/extrasd_bind): Unknown volume
05-20 13:27:39.799 W/MountService(  374): getVolumeState(/mnt/sdcard/ext_sd): Unknown volume
05-20 13:27:39.799 W/MountService(  374): getVolumeState(/storage/extSdCard): Unknown volume
05-20 13:27:39.799 W/MountService(  374): getVolumeState(/storage/sdcard1): Unknown volume
05-20 13:27:39.814 W/MountService(  374): getVolumeState(/mnt/sdcard/external_SD): Unknown volume
05-20 13:27:39.814 W/MountService(  374): getVolumeState(/mnt/sdcard/external_sd): Unknown volume
05-20 13:27:40.127 W/MountService(  374): getVolumeState(/storage/emulated/0/external_sd): Unknown volume
05-20 13:27:40.127 W/MountService(  374): getVolumeState(/mnt/sdcard-ext): Unknown volume
05-20 13:27:40.127 W/MountService(  374): getVolumeState(/mnt/ext_sdcard): Unknown volume
05-20 13:27:40.127 W/MountService(  374): getVolumeState(/mnt/sdcard2): Unknown volume
05-20 13:27:40.127 W/MountService(  374): getVolumeState(/mnt/emmc): Unknown volume
05-20 13:27:40.127 W/MountService(  374): getVolumeState(/mnt/extSdCard): Unknown volume
05-20 13:27:40.127 W/MountService(  374): getVolumeState(/mnt/sdcard/SD_CARD): Unknown volume
05-20 13:27:40.127 W/MountService(  374): getVolumeState(/mnt/sdcard/extra_sd): Unknown volume
05-20 13:27:40.135 W/MountService(  374): getVolumeState(/mnt/extrasd_bind): Unknown volume
05-20 13:27:40.135 W/MountService(  374): getVolumeState(/mnt/sdcard/ext_sd): Unknown volume
05-20 13:27:40.135 W/MountService(  374): getVolumeState(/storage/extSdCard): Unknown volume
05-20 13:27:40.135 W/MountService(  374): getVolumeState(/storage/sdcard1): Unknown volume
05-20 13:27:40.135 W/MountService(  374): getVolumeState(/mnt/sdcard/external_SD): Unknown volume
05-20 13:27:40.135 W/MountService(  374): getVolumeState(/mnt/sdcard/external_sd): Unknown volume
05-20 13:27:40.158 I/NotificationService(  374): cancelToast pkg=com.tencent.android.qqdownloader callback=android.app.ITransientNotification$Stub$Proxy@42d5b200
05-20 13:27:40.549 W/ActivityManager(  374): Duplicate finish request for ActivityRecord{427b37b8 u0 com.tencent.android.qqdownloader/com.tencent.assistant.activity.MainActivity}
05-20 13:27:40.939 I/ActivityManager(  374): Start proc com.android.defcontainer for service com.android.defcontainer/.DefaultContainerService: pid=31797 uid=10012 gids={50012, 1015, 1023, 2001, 1028}
05-20 13:27:41.838 I/ActivityManager(  374): Process com.tencent.android.qqdownloader (pid 30014) has died.
05-20 13:27:41.838 W/ActivityManager(  374): Scheduling restart of crashed service com.tencent.android.qqdownloader/com.tencent.assistant.sdk.PluginSupportService in 22502ms
05-20 13:27:41.838 W/ActivityManager(  374): Scheduling restart of crashed service com.tencent.android.qqdownloader/com.tencent.assistant.service.WiseDownloadService in 32500ms
05-20 13:27:41.838 W/ActivityManager(  374): Scheduling restart of crashed service com.tencent.android.qqdownloader/com.tencent.assistant.manager.notification.NotificationService in 42500ms
05-20 13:27:41.861 I/WindowState(  374): WIN DEATH: Window{42290b90 u0 com.tencent.android.qqdownloader/com.tencent.assistant.activity.MainActivity}
05-20 13:27:41.931 W/MountService(  374): getVolumeState(/storage/emulated/0/external_sd): Unknown volume
05-20 13:27:41.931 W/MountService(  374): getVolumeState(/mnt/sdcard-ext): Unknown volume
05-20 13:27:41.931 W/MountService(  374): getVolumeState(/mnt/ext_sdcard): Unknown volume
05-20 13:27:41.931 W/MountService(  374): getVolumeState(/mnt/sdcard2): Unknown volume
05-20 13:27:41.931 W/MountService(  374): getVolumeState(/mnt/emmc): Unknown volume
05-20 13:27:41.931 W/MountService(  374): getVolumeState(/mnt/extSdCard): Unknown volume
05-20 13:27:41.931 W/MountService(  374): getVolumeState(/mnt/sdcard/SD_CARD): Unknown volume
05-20 13:27:41.931 W/MountService(  374): getVolumeState(/mnt/sdcard/extra_sd): Unknown volume
05-20 13:27:41.931 W/MountService(  374): getVolumeState(/mnt/extrasd_bind): Unknown volume
05-20 13:27:41.931 W/MountService(  374): getVolumeState(/mnt/sdcard/ext_sd): Unknown volume
05-20 13:27:41.931 W/MountService(  374): getVolumeState(/storage/extSdCard): Unknown volume
05-20 13:27:41.931 W/MountService(  374): getVolumeState(/storage/sdcard1): Unknown volume
05-20 13:27:41.931 W/MountService(  374): getVolumeState(/mnt/sdcard/external_SD): Unknown volume
05-20 13:27:41.931 W/MountService(  374): getVolumeState(/mnt/sdcard/external_sd): Unknown volume
05-20 13:27:42.369 I/ActivityManager(  374): Start proc com.tencent.android.qqdownloader for service com.tencent.android.qqdownloader/com.tencent.assistant.sdk.PluginSupportService: pid=31841 uid=10065 gids={50065, 3003, 3002, 1006, 1028, 1015}
05-20 13:27:42.791 V/PanelView(  448): animationTick called with dtms=0; nothing to do (h=860.0 v=1470.7761)
05-20 13:27:42.791 V/PanelView(  448): animationTick called with dtms=-5; nothing to do (h=860.0 v=1470.7761)
05-20 13:27:44.986 I/ActivityManager(  374): Start proc com.qihoo360.mobilesafe for service com.qihoo360.mobilesafe/.service.ExamService: pid=31889 uid=10069 gids={50069, 3003, 1015, 3001, 3002, 1006, 1028}
05-20 13:27:46.986 I/ActivityManager(  374): Start proc com.qihoo360.mobilesafe:PcDaemon for service com.qihoo360.mobilesafe/.pcdaemon.service.DaemonService: pid=31932 uid=10069 gids={50069, 3003, 1015, 3001, 3002, 1006, 1028}
05-20 13:27:48.267 W/BroadcastQueue(  374): Failure [background] sending broadcast result of Intent { act=com.qihoo360.mobilesafe.NotifyDaemonStop flg=0x10 }
05-20 13:27:48.267 W/BroadcastQueue(  374): android.os.DeadObjectException
05-20 13:27:48.267 W/BroadcastQueue(  374): 	at android.os.BinderProxy.transact(Native Method)
05-20 13:27:48.267 W/BroadcastQueue(  374): 	at android.content.IIntentReceiver$Stub$Proxy.performReceive(IIntentReceiver.java:124)
05-20 13:27:48.267 W/BroadcastQueue(  374): 	at com.android.server.am.BroadcastQueue.performReceiveLocked(BroadcastQueue.java:376)
05-20 13:27:48.267 W/BroadcastQueue(  374): 	at com.android.server.am.BroadcastQueue.processNextBroadcast(BroadcastQueue.java:599)
05-20 13:27:48.267 W/BroadcastQueue(  374): 	at com.android.server.am.ActivityManagerService.finishReceiver(ActivityManagerService.java:12390)
05-20 13:27:48.267 W/BroadcastQueue(  374): 	at android.app.ActivityManagerNative.onTransact(ActivityManagerNative.java:379)
05-20 13:27:48.267 W/BroadcastQueue(  374): 	at com.android.server.am.ActivityManagerService.onTransact(ActivityManagerService.java:1737)
05-20 13:27:48.267 W/BroadcastQueue(  374): 	at android.os.Binder.execTransact(Binder.java:388)
05-20 13:27:48.267 W/BroadcastQueue(  374): 	at dalvik.system.NativeStart.run(Native Method)
05-20 13:27:54.353 I/ActivityManager(  374): Start proc com.pekall.emdm.launcher:remote for service com.pekall.emdm.launcher/com.baidu.location.f: pid=31982 uid=10066 gids={50066, 1015, 3002, 3001, 3003, 1028}
05-20 13:27:54.635 D/ActivityThread(31982): Loading provider com.pekall.semail.provider;com.pekall.semail.notifier: com.pekall.semail.provider.EmailProvider
05-20 13:27:54.658 D/ActivityThread(31982): Loading provider com.pekall.semail.provider;com.pekall.semail.notifier: com.pekall.semail.provider.EmailProvider
05-20 13:27:59.728 W/ActivityManager(  374): Unable to start service Intent { cmp=com.pekall.emdm.launcher/com.pekall.semail.service.AttachmentDownloadService } U=0: not found
05-20 13:28:14.377 W/ActivityManager(  374): Timeout executing service: ServiceRecord{42d711c0 u0 com.pekall.emdm.launcher/com.baidu.location.f}
05-20 13:28:17.502 E/ActivityManager(  374): ANR in com.pekall.emdm.launcher:remote
05-20 13:28:17.502 E/ActivityManager(  374): Reason: Executing service com.pekall.emdm.launcher/com.baidu.location.f
05-20 13:28:17.502 E/ActivityManager(  374): Load: 4.4 / 2.95 / 2.01
05-20 13:28:17.502 E/ActivityManager(  374): CPU usage from 3287ms to -3095ms ago:
05-20 13:28:17.502 E/ActivityManager(  374):   90% 26771/com.pekall.emdm.launcher: 90% user + 0.1% kernel / faults: 120 minor
05-20 13:28:17.502 E/ActivityManager(  374):   86% 31982/com.pekall.emdm.launcher:remote: 86% user + 0.3% kernel / faults: 114 minor
05-20 13:28:17.502 E/ActivityManager(  374):   14% 374/system_server: 10% user + 3.9% kernel / faults: 696 minor
05-20 13:28:17.502 E/ActivityManager(  374):   3.4% 448/com.android.systemui: 3.1% user + 0.3% kernel / faults: 45 minor
05-20 13:28:17.502 E/ActivityManager(  374):   1.2% 31889/com.qihoo360.mobilesafe: 0.8% user + 0.4% kernel / faults: 1246 minor 2 major
05-20 13:28:17.502 E/ActivityManager(  374):   1.2% 1661/com.qihoo360.mobilesafe:GuardService: 0.9% user + 0.3% kernel / faults: 149 minor 1 major
05-20 13:28:17.502 E/ActivityManager(  374):   0.3% 561/com.android.phone: 0.1% user + 0.1% kernel / faults: 50 minor
05-20 13:28:17.502 E/ActivityManager(  374):   0% 568/com.android.nfc: 0% user + 0% kernel / faults: 100 minor
05-20 13:28:17.502 E/ActivityManager(  374):   0.3% 29976/com.dragon.android.pandaspace: 0.3% user + 0% kernel / faults: 23 minor
05-20 13:28:17.502 E/ActivityManager(  374):   0% 114/jbd2/mmcblk0p12: 0% user + 0% kernel
05-20 13:28:17.502 E/ActivityManager(  374):   0.1% 124/surfaceflinger: 0.1% user + 0% kernel
05-20 13:28:17.502 E/ActivityManager(  374):   0.1% 30605/kworker/u:1: 0% user + 0.1% kernel
05-20 13:28:17.502 E/ActivityManager(  374): 100% TOTAL: 97% user + 2.9% kernel
05-20 13:28:17.502 E/ActivityManager(  374): CPU usage from 2130ms to 2654ms later:
05-20 13:28:17.502 E/ActivityManager(  374):   88% 31982/com.pekall.emdm.launcher:remote: 88% user + 0% kernel
05-20 13:28:17.502 E/ActivityManager(  374):     87% 31995/Thread-1485: 87% user + 0% kernel
05-20 13:28:17.502 E/ActivityManager(  374):   83% 26771/com.pekall.emdm.launcher: 83% user + 0% kernel / faults: 1 minor
05-20 13:28:17.502 E/ActivityManager(  374):     81% 26784/Thread-1176: 81% user + 0% kernel
05-20 13:28:17.502 E/ActivityManager(  374):   12% 31889/com.qihoo360.mobilesafe: 12% user + 0% kernel / faults: 765 minor 1 major
05-20 13:28:17.502 E/ActivityManager(  374):     6% 31889/o360.mobilesafe: 6% user + 0% kernel
05-20 13:28:17.502 E/ActivityManager(  374):     1.5% 31895/Compiler: 1.5% user + 0% kernel
05-20 13:28:17.502 E/ActivityManager(  374):    +0% 32014/AsyncTask #3: 0% user + 0% kernel
05-20 13:28:17.502 E/ActivityManager(  374):    +0% 32015/AsyncTask #4: 0% user + 0% kernel
05-20 13:28:17.502 E/ActivityManager(  374):    +0% 32016/AsyncTask #5: 0% user + 0% kernel
05-20 13:28:17.502 E/ActivityManager(  374):   9.6% 374/system_server: 3.8% user + 5.7% kernel / faults: 71 minor
05-20 13:28:17.502 E/ActivityManager(  374):     3.8% 390/ActivityManager: 1.9% user + 1.9% kernel
05-20 13:28:17.502 E/ActivityManager(  374):     1.9% 384/Binder_1: 1.9% user + 0% kernel
05-20 13:28:17.502 E/ActivityManager(  374):     1.9% 388/UI: 0% user + 1.9% kernel
05-20 13:28:17.502 E/ActivityManager(  374):     1.9% 634/Binder_B: 1.9% user + 0% kernel
05-20 13:28:17.502 E/ActivityManager(  374):     1.9% 1318/Binder_D: 1.9% user + 0% kernel
05-20 13:28:17.502 E/ActivityManager(  374):   3.7% 448/com.android.systemui: 3.7% user + 0% kernel
05-20 13:28:17.502 E/ActivityManager(  374):   1.3% 1661/com.qihoo360.mobilesafe:GuardService: 1.3% user + 0% kernel
05-20 13:28:17.502 E/ActivityManager(  374):     1.3% 1661/fe:GuardService: 1.3% user + 0% kernel
05-20 13:28:17.502 E/ActivityManager(  374): 100% TOTAL: 95% user + 4.7% kernel
05-20 13:28:17.510 W/ActivityManager(  374): Killing ProcessRecord{426a3ed0 31982:com.pekall.emdm.launcher:remote/u0a10066}: background ANR
05-20 13:28:17.658 I/ActivityManager(  374): Process com.pekall.emdm.launcher:remote (pid 31982) has died.
05-20 13:28:17.658 W/ActivityManager(  374): Scheduling restart of crashed service com.pekall.emdm.launcher/com.baidu.location.f in 320000ms
05-20 13:28:31.869 I/PowerManagerService(  374): Going to sleep due to screen timeout...
05-20 13:28:32.799 W/InputMethodManagerService(  374): Window already focused, ignoring focus gain of: com.android.internal.view.IInputMethodClient$Stub$Proxy@42d702e0 attribute=android.view.inputmethod.EditorInfo@42f37448, token = android.os.BinderProxy@42d5a578
05-20 13:28:37.627 D/PhoneStatusBar(  448): disable: < expand icons alerts ticker system_info back home RECENT* clock SEARCH* >
05-20 13:28:37.689 D/PhoneStatusBar(  448): disable: < expand icons alerts ticker system_info BACK* HOME* RECENT CLOCK* SEARCH >
05-20 13:28:39.885 W/MountService(  374): getVolumeState(/storage/emulated/0/external_sd): Unknown volume
05-20 13:28:39.885 W/MountService(  374): getVolumeState(/mnt/sdcard-ext): Unknown volume
05-20 13:28:39.885 W/MountService(  374): getVolumeState(/mnt/ext_sdcard): Unknown volume
05-20 13:28:39.885 W/MountService(  374): getVolumeState(/mnt/sdcard2): Unknown volume
05-20 13:28:39.885 W/MountService(  374): getVolumeState(/mnt/emmc): Unknown volume
05-20 13:28:39.885 W/MountService(  374): getVolumeState(/mnt/extSdCard): Unknown volume
05-20 13:28:39.885 W/MountService(  374): getVolumeState(/mnt/sdcard/SD_CARD): Unknown volume
05-20 13:28:39.885 W/MountService(  374): getVolumeState(/mnt/sdcard/extra_sd): Unknown volume
05-20 13:28:39.892 W/MountService(  374): getVolumeState(/mnt/extrasd_bind): Unknown volume
05-20 13:28:39.892 W/MountService(  374): getVolumeState(/mnt/sdcard/ext_sd): Unknown volume
05-20 13:28:39.892 W/MountService(  374): getVolumeState(/storage/extSdCard): Unknown volume
05-20 13:28:39.892 W/MountService(  374): getVolumeState(/storage/sdcard1): Unknown volume
05-20 13:28:39.892 W/MountService(  374): getVolumeState(/mnt/sdcard/external_SD): Unknown volume
05-20 13:28:39.892 W/MountService(  374): getVolumeState(/mnt/sdcard/external_sd): Unknown volume
05-20 13:28:40.213 W/MountService(  374): getVolumeState(/storage/emulated/0/external_sd): Unknown volume
05-20 13:28:40.213 W/MountService(  374): getVolumeState(/mnt/sdcard-ext): Unknown volume
05-20 13:28:40.213 W/MountService(  374): getVolumeState(/mnt/ext_sdcard): Unknown volume
05-20 13:28:40.213 W/MountService(  374): getVolumeState(/mnt/sdcard2): Unknown volume
05-20 13:28:40.213 W/MountService(  374): getVolumeState(/mnt/emmc): Unknown volume
05-20 13:28:40.213 W/MountService(  374): getVolumeState(/mnt/extSdCard): Unknown volume
05-20 13:28:40.213 W/MountService(  374): getVolumeState(/mnt/sdcard/SD_CARD): Unknown volume
05-20 13:28:40.228 W/MountService(  374): getVolumeState(/mnt/sdcard/extra_sd): Unknown volume
05-20 13:28:40.228 W/MountService(  374): getVolumeState(/mnt/extrasd_bind): Unknown volume
05-20 13:28:40.228 W/MountService(  374): getVolumeState(/mnt/sdcard/ext_sd): Unknown volume
05-20 13:28:40.228 W/MountService(  374): getVolumeState(/storage/extSdCard): Unknown volume
05-20 13:28:40.228 W/MountService(  374): getVolumeState(/storage/sdcard1): Unknown volume
05-20 13:28:40.228 W/MountService(  374): getVolumeState(/mnt/sdcard/external_SD): Unknown volume
05-20 13:28:40.228 W/MountService(  374): getVolumeState(/mnt/sdcard/external_sd): Unknown volume
05-20 13:29:39.885 W/MountService(  374): getVolumeState(/storage/emulated/0/external_sd): Unknown volume
05-20 13:29:39.885 W/MountService(  374): getVolumeState(/mnt/sdcard-ext): Unknown volume
05-20 13:29:39.885 W/MountService(  374): getVolumeState(/mnt/ext_sdcard): Unknown volume
05-20 13:29:39.885 W/MountService(  374): getVolumeState(/mnt/sdcard2): Unknown volume
05-20 13:29:39.885 W/MountService(  374): getVolumeState(/mnt/emmc): Unknown volume
05-20 13:29:39.885 W/MountService(  374): getVolumeState(/mnt/extSdCard): Unknown volume
05-20 13:29:39.892 W/MountService(  374): getVolumeState(/mnt/sdcard/SD_CARD): Unknown volume
05-20 13:29:39.900 W/MountService(  374): getVolumeState(/mnt/sdcard/extra_sd): Unknown volume
05-20 13:29:39.900 W/MountService(  374): getVolumeState(/mnt/extrasd_bind): Unknown volume
05-20 13:29:39.900 W/MountService(  374): getVolumeState(/mnt/sdcard/ext_sd): Unknown volume
05-20 13:29:39.900 W/MountService(  374): getVolumeState(/storage/extSdCard): Unknown volume
05-20 13:29:39.908 W/MountService(  374): getVolumeState(/storage/sdcard1): Unknown volume
05-20 13:29:39.908 W/MountService(  374): getVolumeState(/mnt/sdcard/external_SD): Unknown volume
05-20 13:29:39.908 W/MountService(  374): getVolumeState(/mnt/sdcard/external_sd): Unknown volume
05-20 13:29:40.291 W/MountService(  374): getVolumeState(/storage/emulated/0/external_sd): Unknown volume
05-20 13:29:40.291 W/MountService(  374): getVolumeState(/mnt/sdcard-ext): Unknown volume
05-20 13:29:40.291 W/MountService(  374): getVolumeState(/mnt/ext_sdcard): Unknown volume
05-20 13:29:40.291 W/MountService(  374): getVolumeState(/mnt/sdcard2): Unknown volume
05-20 13:29:40.291 W/MountService(  374): getVolumeState(/mnt/emmc): Unknown volume
05-20 13:29:40.291 W/MountService(  374): getVolumeState(/mnt/extSdCard): Unknown volume
05-20 13:29:40.291 W/MountService(  374): getVolumeState(/mnt/sdcard/SD_CARD): Unknown volume
05-20 13:29:40.291 W/MountService(  374): getVolumeState(/mnt/sdcard/extra_sd): Unknown volume
05-20 13:29:40.291 W/MountService(  374): getVolumeState(/mnt/extrasd_bind): Unknown volume
05-20 13:29:40.299 W/MountService(  374): getVolumeState(/mnt/sdcard/ext_sd): Unknown volume
05-20 13:29:40.299 W/MountService(  374): getVolumeState(/storage/extSdCard): Unknown volume
05-20 13:29:40.299 W/MountService(  374): getVolumeState(/storage/sdcard1): Unknown volume
05-20 13:29:40.299 W/MountService(  374): getVolumeState(/mnt/sdcard/external_SD): Unknown volume
05-20 13:29:40.299 W/MountService(  374): getVolumeState(/mnt/sdcard/external_sd): Unknown volume
05-20 13:30:39.900 W/MountService(  374): getVolumeState(/storage/emulated/0/external_sd): Unknown volume
05-20 13:30:39.900 W/MountService(  374): getVolumeState(/mnt/sdcard-ext): Unknown volume
05-20 13:30:39.900 W/MountService(  374): getVolumeState(/mnt/ext_sdcard): Unknown volume
05-20 13:30:39.900 W/MountService(  374): getVolumeState(/mnt/sdcard2): Unknown volume
05-20 13:30:39.900 W/MountService(  374): getVolumeState(/mnt/emmc): Unknown volume
05-20 13:30:39.900 W/MountService(  374): getVolumeState(/mnt/extSdCard): Unknown volume
05-20 13:30:39.908 W/MountService(  374): getVolumeState(/mnt/sdcard/SD_CARD): Unknown volume
05-20 13:30:39.908 W/MountService(  374): getVolumeState(/mnt/sdcard/extra_sd): Unknown volume
05-20 13:30:39.908 W/MountService(  374): getVolumeState(/mnt/extrasd_bind): Unknown volume
05-20 13:30:39.908 W/MountService(  374): getVolumeState(/mnt/sdcard/ext_sd): Unknown volume
05-20 13:30:39.908 W/MountService(  374): getVolumeState(/storage/extSdCard): Unknown volume
05-20 13:30:39.908 W/MountService(  374): getVolumeState(/storage/sdcard1): Unknown volume
05-20 13:30:39.908 W/MountService(  374): getVolumeState(/mnt/sdcard/external_SD): Unknown volume
05-20 13:30:39.908 W/MountService(  374): getVolumeState(/mnt/sdcard/external_sd): Unknown volume
05-20 13:30:40.213 W/MountService(  374): getVolumeState(/storage/emulated/0/external_sd): Unknown volume
05-20 13:30:40.213 W/MountService(  374): getVolumeState(/mnt/sdcard-ext): Unknown volume
05-20 13:30:40.213 W/MountService(  374): getVolumeState(/mnt/ext_sdcard): Unknown volume
05-20 13:30:40.221 W/MountService(  374): getVolumeState(/mnt/sdcard2): Unknown volume
05-20 13:30:40.221 W/MountService(  374): getVolumeState(/mnt/emmc): Unknown volume
05-20 13:30:40.221 W/MountService(  374): getVolumeState(/mnt/extSdCard): Unknown volume
05-20 13:30:40.221 W/MountService(  374): getVolumeState(/mnt/sdcard/SD_CARD): Unknown volume
05-20 13:30:40.228 W/MountService(  374): getVolumeState(/mnt/sdcard/extra_sd): Unknown volume
05-20 13:30:40.228 W/MountService(  374): getVolumeState(/mnt/extrasd_bind): Unknown volume
05-20 13:30:40.228 W/MountService(  374): getVolumeState(/mnt/sdcard/ext_sd): Unknown volume
05-20 13:30:40.228 W/MountService(  374): getVolumeState(/storage/extSdCard): Unknown volume
05-20 13:30:40.228 W/MountService(  374): getVolumeState(/storage/sdcard1): Unknown volume
05-20 13:30:40.228 W/MountService(  374): getVolumeState(/mnt/sdcard/external_SD): Unknown volume
05-20 13:30:40.228 W/MountService(  374): getVolumeState(/mnt/sdcard/external_sd): Unknown volume
05-20 13:31:39.908 W/MountService(  374): getVolumeState(/storage/emulated/0/external_sd): Unknown volume
05-20 13:31:39.908 W/MountService(  374): getVolumeState(/mnt/sdcard-ext): Unknown volume
05-20 13:31:39.916 W/MountService(  374): getVolumeState(/mnt/ext_sdcard): Unknown volume
05-20 13:31:39.916 W/MountService(  374): getVolumeState(/mnt/sdcard2): Unknown volume
05-20 13:31:39.916 W/MountService(  374): getVolumeState(/mnt/emmc): Unknown volume
05-20 13:31:39.916 W/MountService(  374): getVolumeState(/mnt/extSdCard): Unknown volume
05-20 13:31:39.916 W/MountService(  374): getVolumeState(/mnt/sdcard/SD_CARD): Unknown volume
05-20 13:31:39.916 W/MountService(  374): getVolumeState(/mnt/sdcard/extra_sd): Unknown volume
05-20 13:31:39.916 W/MountService(  374): getVolumeState(/mnt/extrasd_bind): Unknown volume
05-20 13:31:39.916 W/MountService(  374): getVolumeState(/mnt/sdcard/ext_sd): Unknown volume
05-20 13:31:39.916 W/MountService(  374): getVolumeState(/storage/extSdCard): Unknown volume
05-20 13:31:39.916 W/MountService(  374): getVolumeState(/storage/sdcard1): Unknown volume
05-20 13:31:39.924 W/MountService(  374): getVolumeState(/mnt/sdcard/external_SD): Unknown volume
05-20 13:31:39.924 W/MountService(  374): getVolumeState(/mnt/sdcard/external_sd): Unknown volume
05-20 13:31:40.260 W/MountService(  374): getVolumeState(/storage/emulated/0/external_sd): Unknown volume
05-20 13:31:40.260 W/MountService(  374): getVolumeState(/mnt/sdcard-ext): Unknown volume
05-20 13:31:40.260 W/MountService(  374): getVolumeState(/mnt/ext_sdcard): Unknown volume
05-20 13:31:40.267 W/MountService(  374): getVolumeState(/mnt/sdcard2): Unknown volume
05-20 13:31:40.267 W/MountService(  374): getVolumeState(/mnt/emmc): Unknown volume
05-20 13:31:40.267 W/MountService(  374): getVolumeState(/mnt/extSdCard): Unknown volume
05-20 13:31:40.267 W/MountService(  374): getVolumeState(/mnt/sdcard/SD_CARD): Unknown volume
05-20 13:31:40.267 W/MountService(  374): getVolumeState(/mnt/sdcard/extra_sd): Unknown volume
05-20 13:31:40.267 W/MountService(  374): getVolumeState(/mnt/extrasd_bind): Unknown volume
05-20 13:31:40.267 W/MountService(  374): getVolumeState(/mnt/sdcard/ext_sd): Unknown volume
05-20 13:31:40.267 W/MountService(  374): getVolumeState(/storage/extSdCard): Unknown volume
05-20 13:31:40.267 W/MountService(  374): getVolumeState(/storage/sdcard1): Unknown volume
05-20 13:31:40.267 W/MountService(  374): getVolumeState(/mnt/sdcard/external_SD): Unknown volume
05-20 13:31:40.275 W/MountService(  374): getVolumeState(/mnt/sdcard/external_sd): Unknown volume
05-20 13:32:39.924 W/MountService(  374): getVolumeState(/storage/emulated/0/external_sd): Unknown volume
05-20 13:32:39.931 W/MountService(  374): getVolumeState(/mnt/sdcard-ext): Unknown volume
05-20 13:32:39.931 W/MountService(  374): getVolumeState(/mnt/ext_sdcard): Unknown volume
05-20 13:32:39.931 W/MountService(  374): getVolumeState(/mnt/sdcard2): Unknown volume
05-20 13:32:39.931 W/MountService(  374): getVolumeState(/mnt/emmc): Unknown volume
05-20 13:32:39.931 W/MountService(  374): getVolumeState(/mnt/extSdCard): Unknown volume
05-20 13:32:39.931 W/MountService(  374): getVolumeState(/mnt/sdcard/SD_CARD): Unknown volume
05-20 13:32:39.931 W/MountService(  374): getVolumeState(/mnt/sdcard/extra_sd): Unknown volume
05-20 13:32:39.939 W/MountService(  374): getVolumeState(/mnt/extrasd_bind): Unknown volume
05-20 13:32:39.939 W/MountService(  374): getVolumeState(/mnt/sdcard/ext_sd): Unknown volume
05-20 13:32:39.939 W/MountService(  374): getVolumeState(/storage/extSdCard): Unknown volume
05-20 13:32:39.939 W/MountService(  374): getVolumeState(/storage/sdcard1): Unknown volume
05-20 13:32:39.939 W/MountService(  374): getVolumeState(/mnt/sdcard/external_SD): Unknown volume
05-20 13:32:39.939 W/MountService(  374): getVolumeState(/mnt/sdcard/external_sd): Unknown volume
05-20 13:32:40.252 W/MountService(  374): getVolumeState(/storage/emulated/0/external_sd): Unknown volume
05-20 13:32:40.252 W/MountService(  374): getVolumeState(/mnt/sdcard-ext): Unknown volume
05-20 13:32:40.260 W/MountService(  374): getVolumeState(/mnt/ext_sdcard): Unknown volume
05-20 13:32:40.260 W/MountService(  374): getVolumeState(/mnt/sdcard2): Unknown volume
05-20 13:32:40.260 W/MountService(  374): getVolumeState(/mnt/emmc): Unknown volume
05-20 13:32:40.260 W/MountService(  374): getVolumeState(/mnt/extSdCard): Unknown volume
05-20 13:32:40.260 W/MountService(  374): getVolumeState(/mnt/sdcard/SD_CARD): Unknown volume
05-20 13:32:40.260 W/MountService(  374): getVolumeState(/mnt/sdcard/extra_sd): Unknown volume
05-20 13:32:40.260 W/MountService(  374): getVolumeState(/mnt/extrasd_bind): Unknown volume
05-20 13:32:40.260 W/MountService(  374): getVolumeState(/mnt/sdcard/ext_sd): Unknown volume
05-20 13:32:40.260 W/MountService(  374): getVolumeState(/storage/extSdCard): Unknown volume
05-20 13:32:40.260 W/MountService(  374): getVolumeState(/storage/sdcard1): Unknown volume
05-20 13:32:40.260 W/MountService(  374): getVolumeState(/mnt/sdcard/external_SD): Unknown volume
05-20 13:32:40.267 W/MountService(  374): getVolumeState(/mnt/sdcard/external_sd): Unknown volume
05-20 13:33:37.713 I/ActivityManager(  374): Start proc com.pekall.emdm.launcher:remote for service com.pekall.emdm.launcher/com.baidu.location.f: pid=32039 uid=10066 gids={50066, 1015, 3002, 3001, 3003, 1028}
05-20 13:33:38.080 D/ActivityThread(32039): Loading provider com.pekall.semail.provider;com.pekall.semail.notifier: com.pekall.semail.provider.EmailProvider
05-20 13:33:38.111 D/ActivityThread(32039): Loading provider com.pekall.semail.provider;com.pekall.semail.notifier: com.pekall.semail.provider.EmailProvider
05-20 13:33:40.197 W/MountService(  374): getVolumeState(/storage/emulated/0/external_sd): Unknown volume
05-20 13:33:40.346 W/MountService(  374): getVolumeState(/mnt/sdcard-ext): Unknown volume
05-20 13:33:40.346 W/MountService(  374): getVolumeState(/mnt/ext_sdcard): Unknown volume
05-20 13:33:40.346 W/MountService(  374): getVolumeState(/mnt/sdcard2): Unknown volume
05-20 13:33:40.361 W/MountService(  374): getVolumeState(/mnt/emmc): Unknown volume
05-20 13:33:40.361 W/MountService(  374): getVolumeState(/mnt/extSdCard): Unknown volume
05-20 13:33:40.400 W/MountService(  374): getVolumeState(/mnt/sdcard/SD_CARD): Unknown volume
05-20 13:33:40.400 W/MountService(  374): getVolumeState(/mnt/sdcard/extra_sd): Unknown volume
05-20 13:33:40.400 W/MountService(  374): getVolumeState(/mnt/extrasd_bind): Unknown volume
05-20 13:33:40.400 W/MountService(  374): getVolumeState(/mnt/sdcard/ext_sd): Unknown volume
05-20 13:33:40.471 W/MountService(  374): getVolumeState(/storage/extSdCard): Unknown volume
05-20 13:33:40.471 W/MountService(  374): getVolumeState(/storage/sdcard1): Unknown volume
05-20 13:33:40.478 W/MountService(  374): getVolumeState(/mnt/sdcard/external_SD): Unknown volume
05-20 13:33:40.478 W/MountService(  374): getVolumeState(/mnt/sdcard/external_sd): Unknown volume
05-20 13:33:43.369 W/ActivityManager(  374): Unable to start service Intent { cmp=com.pekall.emdm.launcher/com.pekall.semail.service.AttachmentDownloadService } U=0: not found
05-20 13:33:44.314 W/MountService(  374): getVolumeState(/storage/emulated/0/external_sd): Unknown volume
05-20 13:33:44.361 W/MountService(  374): getVolumeState(/mnt/sdcard-ext): Unknown volume
05-20 13:33:44.361 W/MountService(  374): getVolumeState(/mnt/ext_sdcard): Unknown volume
05-20 13:33:44.377 W/MountService(  374): getVolumeState(/mnt/sdcard2): Unknown volume
05-20 13:33:44.377 W/MountService(  374): getVolumeState(/mnt/emmc): Unknown volume
05-20 13:33:44.377 W/MountService(  374): getVolumeState(/mnt/extSdCard): Unknown volume
05-20 13:33:44.392 W/MountService(  374): getVolumeState(/mnt/sdcard/SD_CARD): Unknown volume
05-20 13:33:44.439 W/MountService(  374): getVolumeState(/mnt/sdcard/extra_sd): Unknown volume
05-20 13:33:44.924 W/MountService(  374): getVolumeState(/mnt/extrasd_bind): Unknown volume
05-20 13:33:44.924 W/MountService(  374): getVolumeState(/mnt/sdcard/ext_sd): Unknown volume
05-20 13:33:45.017 W/MountService(  374): getVolumeState(/storage/extSdCard): Unknown volume
05-20 13:33:45.033 W/MountService(  374): getVolumeState(/storage/sdcard1): Unknown volume
05-20 13:33:45.033 W/MountService(  374): getVolumeState(/mnt/sdcard/external_SD): Unknown volume
05-20 13:33:45.033 W/MountService(  374): getVolumeState(/mnt/sdcard/external_sd): Unknown volume
05-20 13:33:57.752 W/ActivityManager(  374): Timeout executing service: ServiceRecord{42d711c0 u0 com.pekall.emdm.launcher/com.baidu.location.f}
05-20 13:34:02.783 E/ActivityManager(  374): ANR in com.pekall.emdm.launcher:remote
05-20 13:34:02.783 E/ActivityManager(  374): Reason: Executing service com.pekall.emdm.launcher/com.baidu.location.f
05-20 13:34:02.783 E/ActivityManager(  374): Load: 1.7 / 1.81 / 1.76
05-20 13:34:02.783 E/ActivityManager(  374): CPU usage from 0ms to 5017ms later with 99% awake:
05-20 13:34:02.783 E/ActivityManager(  374):   86% 32039/com.pekall.emdm.launcher:remote: 86% user + 0.1% kernel / faults: 104 minor
05-20 13:34:02.783 E/ActivityManager(  374):   79% 26771/com.pekall.emdm.launcher: 79% user + 0% kernel
05-20 13:34:02.783 E/ActivityManager(  374):   26% 374/system_server: 21% user + 4.7% kernel / faults: 431 minor
05-20 13:34:02.783 E/ActivityManager(  374):   0.4% 448/com.android.systemui: 0.4% user + 0% kernel / faults: 30 minor
05-20 13:34:02.783 E/ActivityManager(  374):   0.9% 561/com.android.phone: 0.3% user + 0.5% kernel / faults: 32 minor
05-20 13:34:02.783 E/ActivityManager(  374):   0% 568/com.android.nfc: 0% user + 0% kernel / faults: 29 minor
05-20 13:34:02.783 E/ActivityManager(  374):   0.1% 30346/com.qihoo.appstore: 0% user + 0.1% kernel / faults: 1 minor
05-20 13:34:02.783 E/ActivityManager(  374):   0.1% 31666/com.nd.assistance.ServerService: 0.1% user + 0% kernel
05-20 13:34:02.783 E/ActivityManager(  374): 100% TOTAL: 96% user + 3% kernel
05-20 13:34:02.783 E/ActivityManager(  374): CPU usage from 4221ms to 4771ms later:
05-20 13:34:02.783 E/ActivityManager(  374):   100% 32039/com.pekall.emdm.launcher:remote: 100% user + 0% kernel
05-20 13:34:02.783 E/ActivityManager(  374):     100% 32052/Thread-1488: 100% user + 0% kernel
05-20 13:34:02.783 E/ActivityManager(  374):   94% 26771/com.pekall.emdm.launcher: 94% user + 0% kernel
05-20 13:34:02.783 E/ActivityManager(  374):     94% 26784/Thread-1176: 94% user + 0% kernel
05-20 13:34:02.783 E/ActivityManager(  374):   7.1% 374/system_server: 1.7% user + 5.3% kernel
05-20 13:34:02.783 E/ActivityManager(  374):     5.3% 390/ActivityManager: 1.7% user + 3.5% kernel
05-20 13:34:02.783 E/ActivityManager(  374): 100% TOTAL: 99% user + 0.9% kernel
05-20 13:34:02.783 W/ActivityManager(  374): Killing ProcessRecord{426f7568 32039:com.pekall.emdm.launcher:remote/u0a10066}: background ANR
05-20 13:34:02.939 I/ActivityManager(  374): Process com.pekall.emdm.launcher:remote (pid 32039) has died.
05-20 13:34:02.939 W/ActivityManager(  374): Scheduling restart of crashed service com.pekall.emdm.launcher/com.baidu.location.f in 1280000ms
05-20 13:34:36.846 I/PowerManagerService(  374): Waking up from sleep...
05-20 13:34:36.877 I/WindowManager(  374): Lock screen displayed!
05-20 13:34:38.236 D/PhoneStatusBar(  448): disable: < expand icons alerts ticker system_info BACK HOME recent* CLOCK search* >
05-20 13:34:38.322 D/PhoneStatusBar(  448): disable: < expand icons alerts ticker system_info back* home* recent clock* search >
05-20 13:34:39.072 W/InputMethodManagerService(  374): Window already focused, ignoring focus gain of: com.android.internal.view.IInputMethodClient$Stub$Proxy@42f94728 attribute=null, token = android.os.BinderProxy@42d5a578
05-20 13:34:39.986 W/MountService(  374): getVolumeState(/storage/emulated/0/external_sd): Unknown volume
05-20 13:34:39.994 W/MountService(  374): getVolumeState(/mnt/sdcard-ext): Unknown volume
05-20 13:34:39.994 W/MountService(  374): getVolumeState(/mnt/ext_sdcard): Unknown volume
05-20 13:34:39.994 W/MountService(  374): getVolumeState(/mnt/sdcard2): Unknown volume
05-20 13:34:39.994 W/MountService(  374): getVolumeState(/mnt/emmc): Unknown volume
05-20 13:34:39.994 W/MountService(  374): getVolumeState(/mnt/extSdCard): Unknown volume
05-20 13:34:39.994 W/MountService(  374): getVolumeState(/mnt/sdcard/SD_CARD): Unknown volume
05-20 13:34:40.002 W/MountService(  374): getVolumeState(/mnt/sdcard/extra_sd): Unknown volume
05-20 13:34:40.002 W/MountService(  374): getVolumeState(/mnt/extrasd_bind): Unknown volume
05-20 13:34:40.002 W/MountService(  374): getVolumeState(/mnt/sdcard/ext_sd): Unknown volume
05-20 13:34:40.025 W/MountService(  374): getVolumeState(/storage/extSdCard): Unknown volume
05-20 13:34:40.025 W/MountService(  374): getVolumeState(/storage/sdcard1): Unknown volume
05-20 13:34:40.033 W/MountService(  374): getVolumeState(/mnt/sdcard/external_SD): Unknown volume
05-20 13:34:40.033 W/MountService(  374): getVolumeState(/mnt/sdcard/external_sd): Unknown volume
05-20 13:34:40.299 W/MountService(  374): getVolumeState(/storage/emulated/0/external_sd): Unknown volume
05-20 13:34:40.299 W/MountService(  374): getVolumeState(/mnt/sdcard-ext): Unknown volume
05-20 13:34:40.299 W/MountService(  374): getVolumeState(/mnt/ext_sdcard): Unknown volume
05-20 13:34:40.299 W/MountService(  374): getVolumeState(/mnt/sdcard2): Unknown volume
05-20 13:34:40.306 W/MountService(  374): getVolumeState(/mnt/emmc): Unknown volume
05-20 13:34:40.306 W/MountService(  374): getVolumeState(/mnt/extSdCard): Unknown volume
05-20 13:34:40.306 W/MountService(  374): getVolumeState(/mnt/sdcard/SD_CARD): Unknown volume
05-20 13:34:40.306 W/MountService(  374): getVolumeState(/mnt/sdcard/extra_sd): Unknown volume
05-20 13:34:40.306 W/MountService(  374): getVolumeState(/mnt/extrasd_bind): Unknown volume
05-20 13:34:40.306 W/MountService(  374): getVolumeState(/mnt/sdcard/ext_sd): Unknown volume
05-20 13:34:40.306 W/MountService(  374): getVolumeState(/storage/extSdCard): Unknown volume
05-20 13:34:40.306 W/MountService(  374): getVolumeState(/storage/sdcard1): Unknown volume
05-20 13:34:40.306 W/MountService(  374): getVolumeState(/mnt/sdcard/external_SD): Unknown volume
05-20 13:34:40.306 W/MountService(  374): getVolumeState(/mnt/sdcard/external_sd): Unknown volume
05-20 13:34:42.189 V/PanelView(  448): animationTick called with dtms=0; nothing to do (h=0.0 v=4000.0)
05-20 13:35:08.205 I/PowerManagerService(  374): Going to sleep due to screen timeout...
05-20 13:35:09.002 W/InputMethodManagerService(  374): Window already focused, ignoring focus gain of: com.android.internal.view.IInputMethodClient$Stub$Proxy@427edf50 attribute=android.view.inputmethod.EditorInfo@42a0d0c0, token = android.os.BinderProxy@42d5a578
05-20 13:35:09.541 I/PowerManagerService(  374): Waking up from sleep...
05-20 13:35:09.541 I/WindowManager(  374): No lock screen!
05-20 13:35:39.541 I/PowerManagerService(  374): Going to sleep due to screen timeout...
05-20 13:35:40.080 W/MountService(  374): getVolumeState(/storage/emulated/0/external_sd): Unknown volume
05-20 13:35:40.080 W/MountService(  374): getVolumeState(/mnt/sdcard-ext): Unknown volume
05-20 13:35:40.080 W/MountService(  374): getVolumeState(/mnt/ext_sdcard): Unknown volume
05-20 13:35:40.080 W/MountService(  374): getVolumeState(/mnt/sdcard2): Unknown volume
05-20 13:35:40.080 W/MountService(  374): getVolumeState(/mnt/emmc): Unknown volume
05-20 13:35:40.080 W/MountService(  374): getVolumeState(/mnt/extSdCard): Unknown volume
05-20 13:35:40.080 W/MountService(  374): getVolumeState(/mnt/sdcard/SD_CARD): Unknown volume
05-20 13:35:40.088 W/MountService(  374): getVolumeState(/mnt/sdcard/extra_sd): Unknown volume
05-20 13:35:40.088 W/MountService(  374): getVolumeState(/mnt/extrasd_bind): Unknown volume
05-20 13:35:40.088 W/MountService(  374): getVolumeState(/mnt/sdcard/ext_sd): Unknown volume
05-20 13:35:40.088 W/MountService(  374): getVolumeState(/storage/extSdCard): Unknown volume
05-20 13:35:40.096 W/MountService(  374): getVolumeState(/storage/sdcard1): Unknown volume
05-20 13:35:40.096 W/MountService(  374): getVolumeState(/mnt/sdcard/external_SD): Unknown volume
05-20 13:35:40.096 W/MountService(  374): getVolumeState(/mnt/sdcard/external_sd): Unknown volume
05-20 13:35:40.549 W/MountService(  374): getVolumeState(/storage/emulated/0/external_sd): Unknown volume
05-20 13:35:40.549 W/MountService(  374): getVolumeState(/mnt/sdcard-ext): Unknown volume
05-20 13:35:40.556 W/MountService(  374): getVolumeState(/mnt/ext_sdcard): Unknown volume
05-20 13:35:40.556 W/MountService(  374): getVolumeState(/mnt/sdcard2): Unknown volume
05-20 13:35:40.556 W/MountService(  374): getVolumeState(/mnt/emmc): Unknown volume
05-20 13:35:40.564 W/MountService(  374): getVolumeState(/mnt/extSdCard): Unknown volume
05-20 13:35:40.564 W/MountService(  374): getVolumeState(/mnt/sdcard/SD_CARD): Unknown volume
05-20 13:35:40.564 W/MountService(  374): getVolumeState(/mnt/sdcard/extra_sd): Unknown volume
05-20 13:35:40.564 W/MountService(  374): getVolumeState(/mnt/extrasd_bind): Unknown volume
05-20 13:35:40.564 W/MountService(  374): getVolumeState(/mnt/sdcard/ext_sd): Unknown volume
05-20 13:35:40.564 W/MountService(  374): getVolumeState(/storage/extSdCard): Unknown volume
05-20 13:35:40.564 W/MountService(  374): getVolumeState(/storage/sdcard1): Unknown volume
05-20 13:35:40.564 W/MountService(  374): getVolumeState(/mnt/sdcard/external_SD): Unknown volume
