05-20 13:38:56.041 D/MDM :   (26771): [null:-1]->Get joson string: <?xml version="1.0" encoding="UTF-8"?>
05-20 13:38:56.041 D/MDM :   (26771): <!DOCTYPE plist PUBLIC "-//Apple//DTD PLIST 1.0//EN" "http://www.apple.com/DTDs/PropertyList-1.0.dtd">
05-20 13:38:56.041 D/MDM :   (26771): <plist version="1.0">
05-20 13:38:56.041 D/MDM :   (26771): <dict>
05-20 13:38:56.041 D/MDM :   (26771): 	<key>CommandUUID</key>
05-20 13:38:56.041 D/MDM :   (26771): 	<string>aba3632c-828b-415b-8f77-c582bfb47193</string>
05-20 13:38:56.041 D/MDM :   (26771): 	<key>Command</key>
05-20 13:38:56.041 D/MDM :   (26771): 	<dict>
05-20 13:38:56.041 D/MDM :   (26771): 		<key>Queries</key>
05-20 13:38:56.041 D/MDM :   (26771): 		<array>
05-20 13:38:56.041 D/MDM :   (26771): 			<string>UDID</string>
05-20 13:38:56.041 D/MDM :   (26771): 			<string>DeviceName</string>
05-20 13:38:56.041 D/MDM :   (26771): 			<string>OSVersion</string>
05-20 13:38:56.041 D/MDM :   (26771): 			<string>BuildVersion</string>
05-20 13:38:56.041 D/MDM :   (26771): 			<string>ModelName</string>
05-20 13:38:56.041 D/MDM :   (26771): 			<string>Model</string>
05-20 13:38:56.041 D/MDM :   (26771): 			<string>ProductName</string>
05-20 13:38:56.041 D/MDM :   (26771): 			<string>SerialNumber</string>
05-20 13:38:56.041 D/MDM :   (26771): 			<string>DeviceCapacity</string>
05-20 13:38:56.041 D/MDM :   (26771): 			<string>AvailableDeviceCapacity</string>
05-20 13:38:56.041 D/MDM :   (26771): 			<string>BatteryLevel</string>
05-20 13:38:56.041 D/MDM :   (26771): 			<string>CellularTechnology</string>
05-20 13:38:56.041 D/MDM :   (26771): 			<string>IMEI</string>
05-20 13:38:56.041 D/MDM :   (26771): 			<string>MEID</string>
05-20 13:38:56.041 D/MDM :   (26771): 			<string>ModemFirmwareVersion</string>
05-20 13:38:56.041 D/MDM :   (26771): 			<string>ICCID</string>
05-20 13:38:56.041 D/MDM :   (26771): 			<string>BluetoothMAC</string>
05-20 13:38:56.041 D/MDM :   (26771): 			<string>WiFiMAC</string>
05-20 13:38:56.041 D/MDM :   (26771): 			<string>EthernetMAC</string>
05-20 13:38:56.041 D/MDM :   (26771): 			<string>CurrentCarrierNetwork</string>
05-20 13:38:56.041 D/MDM :   (26771): 			<string>SIMCarrierNetwork</string>
05-20 13:38:56.041 D/MDM :   (26771): 			<string>SubscriberCarrierNetwork</string>
05-20 13:38:56.041 D/MDM :   (26771): 			<string>CarrierSettingsVersion</string>
05-20 13:38:56.041 D/MDM :   (26771): 			<string>PhoneNumber</string>
05-20 13:38:56.041 D/MDM :   (26771): 			<string>VoiceRoamingEnabled</string>
05-20 13:38:56.041 D/MDM :   (26771): 			<string>DataRoamingEnabled</string>
05-20 13:38:56.041 D/MDM :   (26771): 			<string>IsRoaming</string>
05-20 13:38:56.041 D/MDM :   (26771): 			<string>SubscriberMCC</string>
05-20 13:38:56.041 D/MDM :   (26771): 			<string>SubscriberMNC</string>
05-20 13:38:56.041 D/MDM :   (26771): 			<string>SIMMCC</string>
05-20 13:38:56.041 D/MDM :   (26771): 			<string>SIMMNC</string>
05-20 13:38:56.041 D/MDM :   (26771): 			<string>CurrentMCC</string>
05-20 13:38:56.041 D/MDM :   (26771): 			<string>CurrentMNC</string>
05-20 13:38:56.041 D/MDM :   (26771): 		</array>
05-20 13:38:56.041 D/MDM :   (26771): 		<key>RequestType</key>
05-20 13:38:56.041 D/MDM :   (26771): 		<string>DeviceInformation</string>
05-20 13:38:56.041 D/MDM :   (26771): 	</dict>
05-20 13:38:56.041 D/MDM :   (26771): </dict>
05-20 13:38:56.041 D/MDM :   (26771): </plist>
05-20 13:38:56.181 E/QueryController(32377): Got null root node from accessibility - Retrying...
05-20 13:38:56.314 D/dalvikvm(26771): JIT unchain all for threadid=11
05-20 13:38:56.369 D/CheckInTransInfo(26771): [null:-1]->CommandMsg : CommandMsg{CommandUUID='aba3632c-828b-415b-8f77-c582bfb47193', Command=CommandObject{RequestType='DeviceInformation'}}
05-20 13:38:56.377 D/dalvikvm(26771): GC_EXPLICIT freed 2789K, 17% free 56895K/68276K, paused 265ms+282ms, total 683ms
05-20 13:38:56.431 E/QueryController(32377): Cannot proceed when root node is null. Aborted search
05-20 13:38:56.431 E/QueryController(32377): Got null root node from accessibility - Retrying...
05-20 13:38:56.439 D/NetworkThread(26771): [null:-1]->clear mCurrentTransInfo
05-20 13:38:56.439 D/NetworkThread(26771): [null:-1]->sendHttpGet: http://192.168.10.21/rest/mdm/v1/device/trigger_cmd?device_uuid=00013fbc8ecec5b90000014613abe64a&cmd_types=10103
05-20 13:38:56.439 D/HttpClient(26771): enable apache.http debug
05-20 13:38:56.463 V/DEBUG   (26771): HTTP 0
05-20 13:38:56.478 D/MDM :   (26771): [null:-1]->width 104
05-20 13:38:56.486 D/MDM :   (26771): [null:-1]->height 104
05-20 13:38:56.494 D/MDM :   (26771): [null:-1]->scale 0.5
05-20 13:38:56.494 D/MDM :   (26771): [null:-1]->tint false
05-20 13:38:56.494 D/MDM :   (26771): [null:-1]->width 104
05-20 13:38:56.502 D/MDM :   (26771): [null:-1]->height 104
05-20 13:38:56.502 D/MDM :   (26771): [null:-1]->scale 0.5
05-20 13:38:56.502 D/MDM :   (26771): [null:-1]->tint false
05-20 13:38:56.510 D/MDM :   (26771): [null:-1]->icon instanceof BitmapDrawable
05-20 13:38:56.510 D/MDM :   (26771): [null:-1]->  iconWidth 87
05-20 13:38:56.510 D/MDM :   (26771): [null:-1]->  iconHeight 87
05-20 13:38:56.510 D/MDM :   (26771): [null:-1]->  107 87
05-20 13:38:56.517 D/MDM :   (26771): [null:-1]->width 104
05-20 13:38:56.517 D/MDM :   (26771): [null:-1]->height 104
05-20 13:38:56.517 D/MDM :   (26771): [null:-1]->scale 1.0
05-20 13:38:56.517 D/MDM :   (26771): [null:-1]->tint false
05-20 13:38:56.525 D/MDM :   (26771): [null:-1]->width 104
05-20 13:38:56.525 D/MDM :   (26771): [null:-1]->height 104
05-20 13:38:56.525 D/MDM :   (26771): [null:-1]->scale 1.0
05-20 13:38:56.525 D/MDM :   (26771): [null:-1]->tint false
05-20 13:38:56.525 D/MDM :   (26771): [null:-1]->icon instanceof BitmapDrawable
05-20 13:38:56.525 D/MDM :   (26771): [null:-1]->  iconWidth 87
05-20 13:38:56.525 D/MDM :   (26771): [null:-1]->  iconHeight 87
05-20 13:38:56.533 D/MDM :   (26771): [null:-1]->  107 87
05-20 13:38:56.533 D/MDM :   (26771): [null:-1]->width 104
05-20 13:38:56.533 D/MDM :   (26771): [null:-1]->height 104
05-20 13:38:56.533 D/MDM :   (26771): [null:-1]->scale 1.0
05-20 13:38:56.533 D/MDM :   (26771): [null:-1]->tint false
05-20 13:38:56.533 D/MDM :   (26771): [null:-1]->width 104
05-20 13:38:56.533 D/MDM :   (26771): [null:-1]->height 104
05-20 13:38:56.533 D/MDM :   (26771): [null:-1]->scale 1.0
05-20 13:38:56.541 D/MDM :   (26771): [null:-1]->tint false
05-20 13:38:56.541 D/MDM :   (26771): [null:-1]->icon instanceof BitmapDrawable
05-20 13:38:56.541 D/MDM :   (26771): [null:-1]->  iconWidth 87
05-20 13:38:56.541 D/MDM :   (26771): [null:-1]->  iconHeight 87
05-20 13:38:56.541 D/MDM :   (26771): [null:-1]->  107 87
05-20 13:38:56.541 D/MDM :   (26771): [null:-1]->width 104
05-20 13:38:56.549 D/MDM :   (26771): [null:-1]->height 104
05-20 13:38:56.549 D/MDM :   (26771): [null:-1]->scale 1.0
05-20 13:38:56.549 D/MDM :   (26771): [null:-1]->tint false
05-20 13:38:56.681 E/QueryController(32377): Got null root node from accessibility - Retrying...
05-20 13:38:56.799 D/dalvikvm(26771): JIT unchain all for threadid=11
05-20 13:38:56.846 D/dalvikvm(26771): GC_FOR_ALLOC freed 1289K, 17% free 57090K/68276K, paused 297ms, total 297ms
05-20 13:38:56.861 I/dalvikvm-heap(26771): Grow heap (frag case) to 59.111MB for 3415696-byte allocation
05-20 13:38:56.931 E/QueryController(32377): Got null root node from accessibility - Retrying...
05-20 13:38:57.111 D/dalvikvm(26771): JIT unchain all for threadid=11
05-20 13:38:57.174 D/dalvikvm(26771): GC_FOR_ALLOC freed 10K, 16% free 60416K/71612K, paused 313ms, total 313ms
05-20 13:38:57.181 E/QueryController(32377): Cannot proceed when root node is null. Aborted search
05-20 13:38:57.181 E/QueryController(32377): Got null root node from accessibility - Retrying...
05-20 13:38:57.189 D/MDM :   (26771): [null:-1]->statusCode : 200
05-20 13:38:57.189 D/MDM :   (26771): [null:-1]->statusCode : 200
05-20 13:38:57.189 V/DEBUG   (26771): HTTP 1
05-20 13:38:57.189 D/MDM :   (26771): [null:-1]->read network input stream
05-20 13:38:57.197 D/MDM :   (26771): [null:-1]->Get joson string: {"result":0}
05-20 13:38:57.197 D/NetworkThread(26771): [null:-1]->clear mCurrentTransInfo
05-20 13:38:57.197 D/NetworkThread(26771): [null:-1]->sendHttpPost:PostRequest, url: http://192.168.10.21/rest/mdm/v1/system/check_mdm_app, Params: [version:71][os:51201][pkg_name:com.pekall.emdm.launcher], 
05-20 13:38:57.197 D/HttpClient(26771): enable apache.http debug
05-20 13:38:57.228 V/DEBUG   (26771): HTTP 0
05-20 13:38:57.306 V/Launcher(26771): isLauncherDf = true
05-20 13:38:57.314 V/Launcher(26771): isPhoneDf = true
05-20 13:38:57.314 D/        (26771): [---null: -1---]  ScreenWidth  720
05-20 13:38:57.314 D/        (26771): [---null: -1---]  ScreenHeight  1184
05-20 13:38:57.322 D/HomeLoaders(26771): load applications
05-20 13:38:57.322 D/HomeLoaders(26771):   --> applications loaded, return
05-20 13:38:57.322 D/HomeLoaders(26771): loading user items in Thread[main,5,main]
05-20 13:38:57.322 D/HomeLoaders(26771):   --> items loaded, return
05-20 13:38:57.322 D/HomeLoaders(26771):   --> loading from cache: 11, 0
05-20 13:38:57.322 D/Launcher(26771): ------> binding 11 items
05-20 13:38:57.322 D/Launcher(26771): ------> binding 0 widgets
05-20 13:38:57.322 D/Launcher(26771): ------> start binding items
05-20 13:38:57.322 W/Parcel  ( 1661): Attempt to read object from Parcel 0x6013bdac at offset 200 that is not in the object list
05-20 13:38:57.330 W/Parcel  ( 1661): Attempt to read object from Parcel 0x5ec3bdac at offset 200 that is not in the object list
05-20 13:38:57.330 D/Email   (26771): Email: init sandbox at the beginning.
05-20 13:38:57.330 V/l       (26771): Bind requested for task setLogging
05-20 13:38:57.338 W/Parcel  ( 1661): Attempt to read object from Parcel 0x5ded3dac at offset 200 that is not in the object list
05-20 13:38:57.353 W/Parcel  ( 1661): Attempt to read object from Parcel 0x5dfd3dac at offset 200 that is not in the object list
05-20 13:38:57.361 D/MDM :   (26771): [null:-1]->statusCode : 200
05-20 13:38:57.361 V/LauncherApplication(26771): onActivityStarted
05-20 13:38:57.361 D/        (26771): [---null: -1---]     awsa  onActivityResumed
05-20 13:38:57.361 V/LauncherApplication(26771): 2MdmConstant.LAST_LAUNCH_TIME = 1400564298847
05-20 13:38:57.361 D/MDM :   (26771): [null:-1]->statusCode : 200
05-20 13:38:57.361 V/DEBUG   (26771): HTTP 1
05-20 13:38:57.361 D/MDM :   (26771): [null:-1]->read network input stream
05-20 13:38:57.369 D/        (26771): [---null: -1---]  activity = com.pekall.emdm.launcher.Launcher
05-20 13:38:57.369 V/DefultSetContriller(26771): isLauncherDf = com.pekall.emdm.launcher
05-20 13:38:57.377 V/DefultSetContriller(26771): isLauncherDf = com.pekall.emdm.launcher
05-20 13:38:57.377 D/MDM :   (26771): [null:-1]->Get joson string: {"result":0,"mdmClientInfos":{"id":25,"type":51107,"url":"https://test.mdm.everknow.cn/resources/api/v1/download/guest?uuid=441604abdf8e437a5a56e08ed097","pkgName":"com.pekall.emdm.launcher","platform":51201,"comId":1,"appVersionCode":72,"appVersionName":"BYOD_2.1.0424","appAuthor":null,"appIcon":null,"appName":"Pekall enterprise mobile office","appSize":null,"minSdk":null,"updateTime":1398754856000,"forceUpdate":0,"updateInfo":null,"new":false}}
05-20 13:38:57.377 V/DefultSetContriller(26771): isPhoneDf = com.pekall.emdm.launcher
05-20 13:38:57.377 E/LauncherApplication(26771): isShowLogoutUI = true
05-20 13:38:57.377 E/LauncherApplication(26771): LogoutShowTime 1
05-20 13:38:57.377 V/Launcher(26771): onResume1111111 
05-20 13:38:57.377 V/Launcher(26771): is login ----> 
05-20 13:38:57.377 I/System.out(26771):  
05-20 13:38:57.377 I/System.out(26771): com.pekall.emdm.launcher.Workspace.setWallpaper(Unknown Source)
05-20 13:38:57.385 I/System.out(26771): com.pekall.emdm.launcher.Launcher.onResume(Unknown Source)
05-20 13:38:57.385 I/System.out(26771): android.app.Instrumentation.callActivityOnResume(Instrumentation.java:1192)
05-20 13:38:57.385 I/System.out(26771): android.app.Activity.performResume(Activity.java:5211)
05-20 13:38:57.385 I/System.out(26771): android.app.ActivityThread.performResumeActivity(ActivityThread.java:2780)
05-20 13:38:57.385 I/System.out(26771): android.app.ActivityThread.handleResumeActivity(ActivityThread.java:2819)
05-20 13:38:57.385 I/System.out(26771): android.app.ActivityThread.handleLaunchActivity(ActivityThread.java:2266)
05-20 13:38:57.385 I/System.out(26771): android.app.ActivityThread.access$600(ActivityThread.java:141)
05-20 13:38:57.385 I/System.out(26771): android.app.ActivityThread$H.handleMessage(ActivityThread.java:1256)
05-20 13:38:57.385 I/System.out(26771): android.os.Handler.dispatchMessage(Handler.java:99)
05-20 13:38:57.385 I/System.out(26771): android.os.Looper.loop(Looper.java:137)
05-20 13:38:57.385 D/NetworkThread(26771): [null:-1]->clear mCurrentTransInfo
05-20 13:38:57.385 D/NetworkThread(26771): [null:-1]->queue is empty, thread wait...
05-20 13:38:57.385 I/System.out(26771): android.app.ActivityThread.main(ActivityThread.java:5103)
05-20 13:38:57.385 I/System.out(26771): java.lang.reflect.Method.invokeNative(Native Method)
05-20 13:38:57.385 I/Email   (26771): Notifications being toggled: false
05-20 13:38:57.385 I/System.out(26771): java.lang.reflect.Method.invoke(Method.java:525)
05-20 13:38:57.385 W/ActivityManager(  374): Unable to start service Intent { cmp=com.pekall.emdm.launcher/com.pekall.semail.service.AttachmentDownloadService } U=0: not found
05-20 13:38:57.392 I/System.out(26771): com.android.internal.os.ZygoteInit$MethodAndArgsCaller.run(ZygoteInit.java:737)
05-20 13:38:57.392 I/System.out(26771): com.android.internal.os.ZygoteInit.main(ZygoteInit.java:553)
05-20 13:38:57.392 I/System.out(26771): dalvik.system.NativeStart.main(Native Method)
05-20 13:38:57.439 E/QueryController(32377): Got null root node from accessibility - Retrying...
05-20 13:38:57.642 D/dalvikvm(26771): JIT unchain all for threadid=11
05-20 13:38:57.689 E/QueryController(32377): Got null root node from accessibility - Retrying...
05-20 13:38:57.689 D/dalvikvm(26771): GC_FOR_ALLOC freed 4168K, 17% free 57093K/68276K, paused 301ms, total 302ms
05-20 13:38:57.705 I/dalvikvm-heap(26771): Grow heap (frag case) to 59.114MB for 3415696-byte allocation
05-20 13:38:57.939 E/QueryController(32377): Cannot proceed when root node is null. Aborted search
05-20 13:38:57.939 E/QueryController(32377): Got null root node from accessibility - Retrying...
05-20 13:38:57.955 D/dalvikvm(26771): JIT unchain all for threadid=11
05-20 13:38:58.017 D/dalvikvm(26771): GC_FOR_ALLOC freed 2K, 16% free 60426K/71612K, paused 313ms, total 313ms
05-20 13:38:58.142 D/MdmService(26771): [null:-1]->handleCheckInResult
05-20 13:38:58.142 D/MdmService(26771): [null:-1]->handleCheckInResult result keyIndex: 3
05-20 13:38:58.142 D/MDM :   (26771): [null:-1]->MSG_WEBSOCKET_MESSAGE : {"id":-1175229074,"type":0,"command":0,"result":0,"reason":0,"params":{"msgId":"d60a583c-2df3-48a7-baff-22267bb307b1,d60a583c2df348a7baff22267bb307b1","device":"00013fbc8ecec5b90000014613abe64a","message":"{\"cmd\":\"10119\"}"}}
05-20 13:38:58.142 D/CommandManager(26771): [null:-1]->execute command: CommandMsg{CommandUUID='aba3632c-828b-415b-8f77-c582bfb47193', Command=CommandObject{RequestType='DeviceInformation'}}
05-20 13:38:58.158 D/MdmService(26771): [null:-1]->push message type :0
05-20 13:38:58.158 D/MdmService(26771): [null:-1]->cmdMessage : {"cmd":"10119"}
05-20 13:38:58.158 D/MdmService(26771): [null:-1]->command : PushCommandMsg{cmd='10119', msg='null'}
05-20 13:38:58.158 D/MdmService(26771): [null:-1]->MdmStatusManager is busy , wait......
05-20 13:38:58.166 D/MDM :   (26771): [null:-1]->width 104
05-20 13:38:58.166 D/MDM :   (26771): [null:-1]->height 104
05-20 13:38:58.166 D/MDM :   (26771): [null:-1]->scale 1.0
05-20 13:38:58.166 D/MDM :   (26771): [null:-1]->tint false
05-20 13:38:58.166 D/MDM :   (26771): [null:-1]->width 104
05-20 13:38:58.174 D/MDM :   (26771): [null:-1]->height 104
05-20 13:38:58.174 D/MDM :   (26771): [null:-1]->scale 1.0
05-20 13:38:58.174 D/MDM :   (26771): [null:-1]->tint false
05-20 13:38:58.174 D/MDM :   (26771): [null:-1]->width 104
05-20 13:38:58.174 D/MDM :   (26771): [null:-1]->height 104
05-20 13:38:58.174 D/MDM :   (26771): [null:-1]->scale 1.0
05-20 13:38:58.174 D/MDM :   (26771): [null:-1]->tint false
05-20 13:38:58.174 D/MDM :   (26771): [null:-1]->width 104
05-20 13:38:58.174 D/MDM :   (26771): [null:-1]->height 104
05-20 13:38:58.174 D/MDM :   (26771): [null:-1]->scale 1.0
05-20 13:38:58.174 D/MDM :   (26771): [null:-1]->tint false
05-20 13:38:58.181 D/MDM :   (26771): [null:-1]->width 104
05-20 13:38:58.181 D/MDM :   (26771): [null:-1]->height 104
05-20 13:38:58.181 D/MDM :   (26771): [null:-1]->scale 1.0
05-20 13:38:58.181 D/MDM :   (26771): [null:-1]->tint false
05-20 13:38:58.181 D/MDM :   (26771): [null:-1]->width 104
05-20 13:38:58.181 D/MDM :   (26771): [null:-1]->height 104
05-20 13:38:58.181 D/MDM :   (26771): [null:-1]->scale 1.0
05-20 13:38:58.181 D/MDM :   (26771): [null:-1]->tint false
05-20 13:38:58.189 D/MDM :   (26771): [null:-1]->width 104
05-20 13:38:58.189 D/MDM :   (26771): [null:-1]->height 104
05-20 13:38:58.189 D/MDM :   (26771): [null:-1]->scale 1.0
05-20 13:38:58.189 D/MDM :   (26771): [null:-1]->tint false
05-20 13:38:58.189 E/QueryController(32377): Got null root node from accessibility - Retrying...
05-20 13:38:58.189 D/MDM :   (26771): [null:-1]->width 104
05-20 13:38:58.189 D/MDM :   (26771): [null:-1]->height 104
05-20 13:38:58.189 D/MDM :   (26771): [null:-1]->scale 1.0
05-20 13:38:58.197 D/MDM :   (26771): [null:-1]->tint false
05-20 13:38:58.197 V/CounterTextView(26771): onReceive
05-20 13:38:58.197 D/        (26771): [---null: -1---]   msg  xxd1
05-20 13:38:58.197 D/        (26771): [---null: -1---]  xxd111  getPackageName  com.pekall.emdm.launcher
05-20 13:38:58.205 D/        (26771): [---null: -1---]  xxd111  getClassName  com.pekall.emdm.document.activity.DocMainActivity
05-20 13:38:58.205 D/        (26771): [---null: -1---]  xxd111  info.title  Document Manager ,count is 0
05-20 13:38:58.205 D/        (26771): [---null: -1---]  xxd111  getPackageName  com.pekall.emdm.launcher
05-20 13:38:58.205 D/        (26771): [---null: -1---]  xxd111  getClassName  com.pekall.emdm.launcher.ui.BackPersonalActivity
05-20 13:38:58.205 D/        (26771): [---null: -1---]  xxd111  info.title  Personal Mode ,count is 0
05-20 13:38:58.213 D/        (26771): [---null: -1---]  xxd111  getPackageName  com.pekall.emdm.launcher
05-20 13:38:58.213 D/        (26771): [---null: -1---]  xxd111  getClassName  com.pekall.semail.activity.Welcome
05-20 13:38:58.213 D/        (26771): [---null: -1---]  xxd111  info.title  Email ,count is 0
05-20 13:38:58.221 D/MDM :   (26771): [null:-1]->username is : zhenhua.sang@pekall.com ,pwd is 123456
05-20 13:38:58.221 I/System.out(26771): [cjx]authenticateUser,zhenhua.sang@pekall.com,123456
05-20 13:38:58.221 I/System.out(26771): [cjx]to generate user KEK now,keyLength:32,algorithm:Rijndael256
05-20 13:38:58.338 I/System.out(26771): [cjx]blockSize:32
05-20 13:38:58.338 I/System.out(26771): [cjx]iv:[112, 101, 107, 97, 108, 108, 50, 48, 49, 52, 97, 101, 115, 99, 106, 120, 112, 101, 107, 97, 108, 108, 50, 48, 49, 52, 97, 101, 115, 99, 106, 120]
05-20 13:38:58.338 I/System.out(26771): [cjx]secret:[-94, 35, 21, 34, 6, -61, -108, -46, 6, 56, -82, 111, 24, -59, 0, -21, 43, -46, -16, 27, -76, 52, 9, 117, -69, 64, 55, -122, -120, -69, -38, 9]
05-20 13:38:58.338 I/System.out(26771): [cjx]to generate user KEK now,keyLength:32,algorithm:Rijndael256
05-20 13:38:58.439 E/QueryController(32377): Got null root node from accessibility - Retrying...
05-20 13:38:58.447 I/System.out(26771): [cjx]blockSize:32
05-20 13:38:58.447 I/System.out(26771): [cjx]iv:[112, 101, 107, 97, 108, 108, 50, 48, 49, 52, 97, 101, 115, 99, 106, 120, 112, 101, 107, 97, 108, 108, 50, 48, 49, 52, 97, 101, 115, 99, 106, 120]
05-20 13:38:58.447 I/System.out(26771): [cjx]secret:[-94, 35, 21, 34, 6, -61, -108, -46, 6, 56, -82, 111, 24, -59, 0, -21, 43, -46, -16, 27, -76, 52, 9, 117, -69, 64, 55, -122, -120, -69, -38, 9]
05-20 13:38:58.455 D/ExchangeService(26771): !!! EAS ExchangeService, onCreate
05-20 13:38:58.455 W/Parcel  ( 1661): Attempt to read object from Parcel 0x6003bdac at offset 200 that is not in the object list
05-20 13:38:58.471 W/Parcel  ( 1661): Attempt to read object from Parcel 0x5ef3bdac at offset 200 that is not in the object list
05-20 13:38:58.471 W/ActivityManager(  374): Unable to start service Intent { act=pekall.intent.action.DOWNLOAD_APP (has extras) } U=0: not found
05-20 13:38:58.478 D/        (26771): [---null: -1---]  1111222  mLongAxisStartPadding110
05-20 13:38:58.478 D/        (26771): [---null: -1---]  11112223  heightSpecSize1094
05-20 13:38:58.478 D/        (26771): [---null: -1---]  11112223  mLongAxisStartPadding110
05-20 13:38:58.478 D/        (26771): [---null: -1---]  11112223  mLongAxisEndPadding110
05-20 13:38:58.486 D/        (26771): [---null: -1---]  11112223  mRows4
05-20 13:38:58.486 D/        (26771): [---null: -1---]  1111222  mLongAxisStartPadding110
05-20 13:38:58.486 D/        (26771): [---null: -1---]  11112223  heightSpecSize1094
05-20 13:38:58.486 D/        (26771): [---null: -1---]  11112223  mLongAxisStartPadding110
05-20 13:38:58.486 D/        (26771): [---null: -1---]  11112223  mLongAxisEndPadding110
05-20 13:38:58.486 D/        (26771): [---null: -1---]  11112223  mRows4
05-20 13:38:58.486 D/        (26771): [---null: -1---]  1111222  mLongAxisStartPadding110
05-20 13:38:58.486 D/        (26771): [---null: -1---]  11112223  heightSpecSize1094
05-20 13:38:58.486 D/        (26771): [---null: -1---]  11112223  mLongAxisStartPadding110
05-20 13:38:58.486 D/        (26771): [---null: -1---]  11112223  mLongAxisEndPadding110
05-20 13:38:58.494 D/        (26771): [---null: -1---]  11112223  mRows4
05-20 13:38:58.494 D/        (26771): [---null: -1---]  1111222  mLongAxisStartPadding110
05-20 13:38:58.494 D/        (26771): [---null: -1---]  11112223  heightSpecSize1094
05-20 13:38:58.502 D/        (26771): [---null: -1---]  11112223  mLongAxisStartPadding110
05-20 13:38:58.502 D/        (26771): [---null: -1---]  11112223  mLongAxisEndPadding110
05-20 13:38:58.502 D/        (26771): [---null: -1---]  11112223  mRows4
05-20 13:38:58.502 D/        (26771): [---null: -1---]  1111222  mLongAxisStartPadding110
05-20 13:38:58.502 D/        (26771): [---null: -1---]  11112223  heightSpecSize1094
05-20 13:38:58.502 D/        (26771): [---null: -1---]  11112223  mLongAxisStartPadding110
05-20 13:38:58.502 D/        (26771): [---null: -1---]  11112223  mLongAxisEndPadding110
05-20 13:38:58.502 D/        (26771): [---null: -1---]  11112223  mRows4
05-20 13:38:58.510 D/        (26771): [---null: -1---]  1111222  mLongAxisStartPadding110
05-20 13:38:58.510 D/        (26771): [---null: -1---]  11112223  heightSpecSize1094
05-20 13:38:58.510 D/        (26771): [---null: -1---]  11112223  mLongAxisStartPadding110
05-20 13:38:58.510 D/        (26771): [---null: -1---]  11112223  mLongAxisEndPadding110
05-20 13:38:58.510 D/        (26771): [---null: -1---]  11112223  mRows4
05-20 13:38:58.510 D/        (26771): [---null: -1---]  1111222  mLongAxisStartPadding110
05-20 13:38:58.517 D/        (26771): [---null: -1---]  11112223  heightSpecSize1094
05-20 13:38:58.517 D/        (26771): [---null: -1---]  11112223  mLongAxisStartPadding110
05-20 13:38:58.517 D/        (26771): [---null: -1---]  11112223  mLongAxisEndPadding110
05-20 13:38:58.517 D/        (26771): [---null: -1---]  11112223  mRows4
05-20 13:38:58.517 D/        (26771): [---null: -1---]  1111222  mLongAxisStartPadding110
05-20 13:38:58.517 D/        (26771): [---null: -1---]  11112223  heightSpecSize1094
05-20 13:38:58.517 D/        (26771): [---null: -1---]  11112223  mLongAxisStartPadding110
05-20 13:38:58.517 D/        (26771): [---null: -1---]  11112223  mLongAxisEndPadding110
05-20 13:38:58.517 D/        (26771): [---null: -1---]  11112223  mRows4
05-20 13:38:58.525 D/        (26771): [---null: -1---]  1111222  mLongAxisStartPadding110
05-20 13:38:58.525 D/        (26771): [---null: -1---]  11112223  heightSpecSize1094
05-20 13:38:58.525 D/        (26771): [---null: -1---]  11112223  mLongAxisStartPadding110
05-20 13:38:58.525 D/        (26771): [---null: -1---]  11112223  mLongAxisEndPadding110
05-20 13:38:58.525 D/        (26771): [---null: -1---]  11112223  mRows4
05-20 13:38:58.525 D/        (26771): [---null: -1---]  1111222  mLongAxisStartPadding110
05-20 13:38:58.525 D/        (26771): [---null: -1---]  11112223  heightSpecSize1094
05-20 13:38:58.525 D/        (26771): [---null: -1---]  11112223  mLongAxisStartPadding110
05-20 13:38:58.533 D/        (26771): [---null: -1---]  11112223  mLongAxisEndPadding110
05-20 13:38:58.533 D/        (26771): [---null: -1---]  11112223  mRows4
05-20 13:38:58.580 D/        (26771): [---null: -1---]  xxd111  getPackageName  com.pekall.emdm.launcher
05-20 13:38:58.588 D/        (26771): [---null: -1---]  xxd111  getClassName  com.pekall.emdm.contacts.activities.PeopleActivity
05-20 13:38:58.588 D/        (26771): [---null: -1---]  xxd111  info.title  EmdmContacts ,count is 0
05-20 13:38:58.588 D/        (26771): [---null: -1---]  xxd111  getPackageName  com.pekall.emdm.launcher
05-20 13:38:58.588 D/        (26771): [---null: -1---]  xxd111  getClassName  com.pekall.emdm.browser.BrowserActivity
05-20 13:38:58.588 D/        (26771): [---null: -1---]  xxd111  info.title  Safe Browser ,count is 0
05-20 13:38:58.588 D/        (26771): [---null: -1---]  xxd111  getPackageName  com.pekall.emdm.launcher
05-20 13:38:58.596 D/        (26771): [---null: -1---]  xxd111  getClassName  com.pekall.emdm.launcher.ui.AboutActivity
05-20 13:38:58.596 D/        (26771): [---null: -1---]  xxd111  info.title  About ,count is 0
05-20 13:38:58.596 D/        (26771): [---null: -1---]  xxd111  getPackageName  com.pekall.emdm.launcher
05-20 13:38:58.596 D/        (26771): [---null: -1---]  xxd111  getClassName  com.pekall.emdm.launcher.ui.SettingActivity
05-20 13:38:58.603 D/        (26771): [---null: -1---]  xxd111  info.title  Setting ,count is 0
05-20 13:38:58.603 V/l       (26771): Connected: com.pekall.exchange.ExchangeService
05-20 13:38:58.603 D/ExchangeService(26771): !!! EAS ExchangeService, onStartCommand, startingUp = false, running = false
05-20 13:38:58.611 D/ExchangeService(26771): to start secureStorageService now
05-20 13:38:58.611 D/        (26771): [---null: -1---]  1111222  mLongAxisStartPadding110
05-20 13:38:58.619 D/        (26771): [---null: -1---]  11112223  heightSpecSize1094
05-20 13:38:58.619 V/l       (26771): Task setLogging completed; disconnecting
05-20 13:38:58.619 D/        (26771): [---null: -1---]  11112223  mLongAxisStartPadding110
05-20 13:38:58.619 D/        (26771): [---null: -1---]  11112223  mLongAxisEndPadding110
05-20 13:38:58.619 D/        (26771): [---null: -1---]  11112223  mRows4
05-20 13:38:58.627 V/a       (26771): Bind requested for task test
05-20 13:38:58.627 D/        (26771): [---null: -1---]  1111222  mLongAxisStartPadding110
05-20 13:38:58.627 D/        (26771): [---null: -1---]  11112223  heightSpecSize1094
05-20 13:38:58.627 D/        (26771): [---null: -1---]  11112223  mLongAxisStartPadding110
05-20 13:38:58.627 D/        (26771): [---null: -1---]  11112223  mLongAxisEndPadding110
05-20 13:38:58.635 D/        (26771): [---null: -1---]  11112223  mRows4
05-20 13:38:58.666 D/ExchangeService(26771): Reconciling accounts...
05-20 13:38:58.666 V/a       (26771): Bind requested for task reconcileAccounts
05-20 13:38:58.674 V/a       (26771): Waiting for task reconcileAccounts to complete...
05-20 13:38:58.689 E/QueryController(32377): Cannot proceed when root node is null. Aborted search
05-20 13:38:58.689 E/QueryController(32377): Got null root node from accessibility - Retrying...
05-20 13:38:58.744 I/ActivityManager(  374): Displayed com.pekall.emdm.launcher/.Launcher: +3s57ms
05-20 13:38:58.775 D/        (26771): [---null: -1---]  1111222  mLongAxisStartPadding110
05-20 13:38:58.775 D/        (26771): [---null: -1---]  11112223  heightSpecSize1094
05-20 13:38:58.775 D/        (26771): [---null: -1---]  11112223  mLongAxisStartPadding110
05-20 13:38:58.775 D/        (26771): [---null: -1---]  11112223  mLongAxisEndPadding110
05-20 13:38:58.775 D/        (26771): [---null: -1---]  11112223  mRows4
05-20 13:38:58.775 D/        (26771): [---null: -1---]  1111222  mLongAxisStartPadding110
05-20 13:38:58.775 D/        (26771): [---null: -1---]  11112223  heightSpecSize1094
05-20 13:38:58.783 D/        (26771): [---null: -1---]  11112223  mLongAxisStartPadding110
05-20 13:38:58.783 D/        (26771): [---null: -1---]  11112223  mLongAxisEndPadding110
05-20 13:38:58.783 D/        (26771): [---null: -1---]  11112223  mRows4
05-20 13:38:58.783 D/        (26771): [---null: -1---]  1111222  mLongAxisStartPadding110
05-20 13:38:58.783 D/        (26771): [---null: -1---]  11112223  heightSpecSize1094
05-20 13:38:58.783 D/        (26771): [---null: -1---]  11112223  mLongAxisStartPadding110
05-20 13:38:58.783 D/        (26771): [---null: -1---]  11112223  mLongAxisEndPadding110
05-20 13:38:58.791 D/        (26771): [---null: -1---]  11112223  mRows4
05-20 13:38:58.791 D/        (26771): [---null: -1---]  1111222  mLongAxisStartPadding110
05-20 13:38:58.791 D/        (26771): [---null: -1---]  11112223  heightSpecSize1094
05-20 13:38:58.791 D/        (26771): [---null: -1---]  11112223  mLongAxisStartPadding110
05-20 13:38:58.791 D/        (26771): [---null: -1---]  11112223  mLongAxisEndPadding110
05-20 13:38:58.791 D/        (26771): [---null: -1---]  11112223  mRows4
05-20 13:38:58.791 D/        (26771): [---null: -1---]  1111222  mLongAxisStartPadding110
05-20 13:38:58.799 D/        (26771): [---null: -1---]  11112223  heightSpecSize1094
05-20 13:38:58.799 D/        (26771): [---null: -1---]  11112223  mLongAxisStartPadding110
05-20 13:38:58.799 D/        (26771): [---null: -1---]  11112223  mLongAxisEndPadding110
05-20 13:38:58.799 D/        (26771): [---null: -1---]  11112223  mRows4
05-20 13:38:58.799 D/        (26771): [---null: -1---]  1111222  mLongAxisStartPadding110
05-20 13:38:58.799 D/        (26771): [---null: -1---]  11112223  heightSpecSize1094
05-20 13:38:58.806 D/        (26771): [---null: -1---]  11112223  mLongAxisStartPadding110
05-20 13:38:58.806 D/        (26771): [---null: -1---]  11112223  mLongAxisEndPadding110
05-20 13:38:58.806 D/        (26771): [---null: -1---]  11112223  mRows4
05-20 13:38:58.806 D/        (26771): [---null: -1---]  1111222  mLongAxisStartPadding110
05-20 13:38:58.806 D/        (26771): [---null: -1---]  11112223  heightSpecSize1094
05-20 13:38:58.806 D/        (26771): [---null: -1---]  11112223  mLongAxisStartPadding110
05-20 13:38:58.806 D/        (26771): [---null: -1---]  11112223  mLongAxisEndPadding110
05-20 13:38:58.806 D/        (26771): [---null: -1---]  11112223  mRows4
05-20 13:38:58.814 D/        (26771): [---null: -1---]  1111222  mLongAxisStartPadding110
05-20 13:38:58.814 D/        (26771): [---null: -1---]  11112223  heightSpecSize1094
05-20 13:38:58.814 D/        (26771): [---null: -1---]  11112223  mLongAxisStartPadding110
05-20 13:38:58.814 D/        (26771): [---null: -1---]  11112223  mLongAxisEndPadding110
05-20 13:38:58.814 D/        (26771): [---null: -1---]  11112223  mRows4
05-20 13:38:58.814 D/        (26771): [---null: -1---]  1111222  mLongAxisStartPadding110
05-20 13:38:58.822 D/        (26771): [---null: -1---]  11112223  heightSpecSize1094
05-20 13:38:58.822 D/        (26771): [---null: -1---]  11112223  mLongAxisStartPadding110
05-20 13:38:58.822 D/        (26771): [---null: -1---]  11112223  mLongAxisEndPadding110
05-20 13:38:58.822 D/        (26771): [---null: -1---]  11112223  mRows4
05-20 13:38:58.822 D/        (26771): [---null: -1---]  1111222  mLongAxisStartPadding110
05-20 13:38:58.822 D/        (26771): [---null: -1---]  11112223  heightSpecSize1094
05-20 13:38:58.822 D/        (26771): [---null: -1---]  11112223  mLongAxisStartPadding110
05-20 13:38:58.822 D/        (26771): [---null: -1---]  11112223  mLongAxisEndPadding110
05-20 13:38:58.830 D/        (26771): [---null: -1---]  11112223  mRows4
05-20 13:38:58.869 W/Settings(26771): Setting data_roaming has moved from android.provider.Settings.System to android.provider.Settings.Global, returning read-only value.
05-20 13:38:58.892 V/a       (26771): Connected: com.pekall.semail.service.AccountServiceInternal
05-20 13:38:58.900 V/a       (26771): Connected: com.pekall.semail.service.AccountServiceInternal
05-20 13:38:58.900 V/a       (26771): Task reconcileAccounts completed; disconnecting
05-20 13:38:58.908 V/a       (26771): Wait for reconcileAccounts finished in 229ms
05-20 13:38:58.908 V/a       (26771): Connection test succeeded in 280ms
05-20 13:38:58.908 V/a       (26771): Task test completed; disconnecting
05-20 13:38:58.908 D/ExchangeService(26771): !!! EAS ExchangeService, stopping self
05-20 13:38:58.916 D/ExchangeService(26771): !!! EAS ExchangeService, onDestroy
05-20 13:38:59.041 I/QueryController(32377): Matched selector: UiSelector[TEXT=Personal Mode] <<==>> [android.view.accessibility.AccessibilityNodeInfo@a778d; boundsInParent: Rect(0, 0 - 160, 200); boundsInScreen: Rect(190, 608 - 350, 808); packageName: com.pekall.emdm.launcher; className: android.widget.TextView; text: Personal Mode; contentDescription: null; viewIdResName: null; checkable: false; checked: false; focusable: false; focused: false; selected: false; clickable: true; longClickable: true; enabled: true; password: false; scrollable: false; [ACTION_SELECT, ACTION_CLEAR_SELECTION, ACTION_CLICK, ACTION_LONG_CLICK, ACTION_ACCESSIBILITY_FOCUS, ACTION_NEXT_AT_MOVEMENT_GRANULARITY, ACTION_PREVIOUS_AT_MOVEMENT_GRANULARITY, ACTION_SET_SELECTION]]
05-20 13:38:59.041 D/        (26771): [---null: -1---]  1111222  mLongAxisStartPadding110
05-20 13:38:59.041 D/        (26771): [---null: -1---]  11112223  heightSpecSize1094
05-20 13:38:59.041 D/        (26771): [---null: -1---]  11112223  mLongAxisStartPadding110
05-20 13:38:59.041 D/        (26771): [---null: -1---]  11112223  mLongAxisEndPadding110
05-20 13:38:59.049 D/        (26771): [---null: -1---]  11112223  mRows4
05-20 13:38:59.049 D/        (26771): [---null: -1---]  1111222  mLongAxisStartPadding110
05-20 13:38:59.049 D/        (26771): [---null: -1---]  11112223  heightSpecSize1094
05-20 13:38:59.049 D/        (26771): [---null: -1---]  11112223  mLongAxisStartPadding110
05-20 13:38:59.049 D/        (26771): [---null: -1---]  11112223  mLongAxisEndPadding110
05-20 13:38:59.049 D/        (26771): [---null: -1---]  11112223  mRows4
05-20 13:38:59.564 D/LauncherApplication(26771): [null:-1]->onActivityPaused
05-20 13:38:59.564 I/ActivityManager(  374): START u0 {act=android.intent.action.MAIN cat=[android.intent.category.HOME] flg=0x10200000 cmp=com.pekall.emdm.launcher/.Launcher} from pid 374
05-20 13:38:59.603 D/LauncherApplication(26771): [null:-1]->onActivityPaused  updateTime
05-20 13:38:59.627 D/        (26771): [---null: -1---]     awsa  onActivityResumed
05-20 13:38:59.627 V/LauncherApplication(26771): 2MdmConstant.LAST_LAUNCH_TIME = 1400564339613
05-20 13:38:59.635 D/        (26771): [---null: -1---]  activity = com.pekall.emdm.launcher.Launcher
05-20 13:38:59.642 V/DefultSetContriller(26771): isLauncherDf = com.pekall.emdm.launcher
05-20 13:38:59.650 V/DefultSetContriller(26771): isLauncherDf = com.pekall.emdm.launcher
05-20 13:38:59.650 V/DefultSetContriller(26771): isPhoneDf = com.pekall.emdm.launcher
05-20 13:38:59.650 E/LauncherApplication(26771): isShowLogoutUI = true
05-20 13:38:59.650 E/LauncherApplication(26771): LogoutShowTime 1
05-20 13:38:59.650 V/Launcher(26771): onResume1111111 
05-20 13:38:59.650 V/Launcher(26771): is login ----> 
05-20 13:38:59.650 I/System.out(26771):  
05-20 13:38:59.650 I/System.out(26771): com.pekall.emdm.launcher.Workspace.setWallpaper(Unknown Source)
05-20 13:38:59.658 I/System.out(26771): com.pekall.emdm.launcher.Launcher.onResume(Unknown Source)
05-20 13:38:59.658 I/System.out(26771): android.app.Instrumentation.callActivityOnResume(Instrumentation.java:1192)
05-20 13:38:59.658 I/System.out(26771): android.app.Activity.performResume(Activity.java:5211)
05-20 13:38:59.658 I/System.out(26771): android.app.ActivityThread.performNewIntents(ActivityThread.java:2345)
05-20 13:38:59.658 I/System.out(26771): android.app.ActivityThread.handleNewIntent(ActivityThread.java:2352)
05-20 13:38:59.658 I/System.out(26771): android.app.ActivityThread.access$1400(ActivityThread.java:141)
05-20 13:38:59.658 I/System.out(26771): android.app.ActivityThread$H.handleMessage(ActivityThread.java:1327)
05-20 13:38:59.658 I/System.out(26771): android.os.Handler.dispatchMessage(Handler.java:99)
05-20 13:38:59.658 I/System.out(26771): android.os.Looper.loop(Looper.java:137)
05-20 13:38:59.658 I/System.out(26771): android.app.ActivityThread.main(ActivityThread.java:5103)
05-20 13:38:59.658 I/System.out(26771): java.lang.reflect.Method.invokeNative(Native Method)
05-20 13:38:59.658 I/System.out(26771): java.lang.reflect.Method.invoke(Method.java:525)
05-20 13:38:59.658 I/System.out(26771): com.android.internal.os.ZygoteInit$MethodAndArgsCaller.run(ZygoteInit.java:737)
05-20 13:38:59.658 I/System.out(26771): com.android.internal.os.ZygoteInit.main(ZygoteInit.java:553)
05-20 13:38:59.658 I/System.out(26771): dalvik.system.NativeStart.main(Native Method)
05-20 13:38:59.689 D/dalvikvm(  448): GC_FOR_ALLOC freed 928K, 18% free 13300K/16128K, paused 26ms, total 28ms
05-20 13:38:59.689 I/dalvikvm-heap(  448): Grow heap (frag case) to 13.389MB for 380496-byte allocation
05-20 13:38:59.713 D/dalvikvm(  448): GC_FOR_ALLOC freed 56K, 18% free 13615K/16500K, paused 22ms, total 22ms
05-20 13:38:59.908 D/dalvikvm(26771): JIT unchain all for threadid=11
05-20 13:38:59.971 D/dalvikvm(26771): GC_FOR_ALLOC freed 3607K, 14% free 61852K/71612K, paused 315ms, total 315ms
05-20 13:39:00.002 I/dalvikvm-heap(26771): Grow heap (frag case) to 63.761MB for 3415696-byte allocation
05-20 13:39:00.314 D/dalvikvm(26771): JIT unchain all for threadid=11
05-20 13:39:00.361 D/dalvikvm(26771): GC_FOR_ALLOC freed 11K, 14% free 65176K/74944K, paused 303ms, total 303ms
05-20 13:39:00.377 I/Choreographer(26771): Skipped 43 frames!  The application may be doing too much work on its main thread.
05-20 13:39:01.181 D/CommandManager(26771): [null:-1]->requestType: DeviceInformation
05-20 13:39:01.221 W/Parcel  ( 1661): Attempt to read object from Parcel 0x6013bdac at offset 200 that is not in the object list
05-20 13:39:01.252 D/MdmDatabaseHelper(26771): [null:-1]->update command aba3632c-828b-415b-8f77-c582bfb47193 to commandStatus <?xml version="1.0" encoding="UTF-8"?>
05-20 13:39:01.252 D/MdmDatabaseHelper(26771): <!DOCTYPE plist PUBLIC "-//Apple//DTD PLIST 1.0//EN" "http://www.apple.com/DTDs/PropertyList-1.0.dtd">
05-20 13:39:01.252 D/MdmDatabaseHelper(26771): <plist version="1.0">
05-20 13:39:01.252 D/MdmDatabaseHelper(26771): <dict>
05-20 13:39:01.252 D/MdmDatabaseHelper(26771): 	<key>QueryResponses</key>
05-20 13:39:01.252 D/MdmDatabaseHelper(26771): 	<dict>
05-20 13:39:01.252 D/MdmDatabaseHelper(26771): 		<key>deviceId</key>
05-20 13:39:01.252 D/MdmDatabaseHelper(26771): 		<string>00013fbc8ecec5b90000014613abe64a</string>
05-20 13:39:01.252 D/MdmDatabaseHelper(26771): 		<key>deviceSecurityStatus</key>
05-20 13:39:01.252 D/MdmDatabaseHelper(26771): 		<string>root</string>
05-20 13:39:01.252 D/MdmDatabaseHelper(26771): 		<key>diskTotal</key>
05-20 13:39:01.252 D/MdmDatabaseHelper(26771): 		<string>0.0</string>
05-20 13:39:01.252 D/MdmDatabaseHelper(26771): 		<key>diskUsed</key>
05-20 13:39:01.252 D/MdmDatabaseHelper(26771): 		<string>0.0</string>
05-20 13:39:01.252 D/MdmDatabaseHelper(26771): 		<key>displaySize</key>
05-20 13:39:01.252 D/MdmDatabaseHelper(26771): 		<string>720x1184</string>
05-20 13:39:01.252 D/MdmDatabaseHelper(26771): 		<key>freeDiskSize</key>
05-20 13:39:01.252 D/MdmDatabaseHelper(26771): 		<integer>0</integer>
05-20 13:39:01.252 D/MdmDatabaseHelper(26771): 		<key>freeRamSize</key>
05-20 13:39:01.252 D/MdmDatabaseHelper(26771): 		<integer>23363584</integer>
05-20 13:39:01.252 D/MdmDatabaseHelper(26771): 		<key>language</key>
05-20 13:39:01.252 D/MdmDatabaseHelper(26771): 		<string>en-US</string>
05-20 13:39:01.252 D/MdmDatabaseHelper(26771): 		<key>netSpeed</key>
05-20 13:39:01.252 D/MdmDatabaseHelper(26771): 		<dict>
05-20 13:39:01.252 D/MdmDatabaseHelper(26771): 			<key>downlink</key>
05-20 13:39:01.252 D/MdmDatabaseHelper(26771): 			<real>7167852.666666667</real>
05-20 13:39:01.252 D/MdmDatabaseHelper(26771): 			<key>uplink</key>
05-20 13:39:01.252 D/MdmDatabaseHelper(26771): 			<real>5306948.333333333</real>
05-20 13:39:01.252 D/MdmDatabaseHelper(26771): 		</dict>
05-20 13:39:01.252 D/MdmDatabaseHelper(26771): 		<key>ramTotal</key>
05-20 13:39:01.252 D/MdmDatabaseHelper(26771): 		<string>728023040</string>
05-20 13:39:01.252 D/MdmDatabaseHelper(26771): 		<key>ramUsed</key>
05-20 13:39:01.252 D/MdmDatabaseHelper(26771): 		<string>704659456</string>
05-20 13:39:01.252 D/MdmDatabaseHelper(26771): 		<key>trafficBytes</key>
05-20 13:39:01.252 D/MdmDatabaseHelper(26771): 		<integer>0</integer>
05-20 13:39:01.252 D/MdmDatabaseHelper(26771): 		<key>AvailableDeviceCapacity</key>
05-20 13:39:01.252 D/MdmDatabaseHelper(26771): 		<real>1.3424576E7</real>
05-20 13:39:01.252 D/MdmDatabaseHelper(26771): 		<key>BuildVersion</key>
05-20 13:39:01.252 D/MdmDatabaseHelper(26771): 		<string>REL</string>
05-20 13:39:01.252 D/MdmDatabaseHelper(26771): 		<key>CanDisableSystemFunction</key>
05-20 13:39:01.252 D/MdmDatabaseHelper(26771): 		<false/>
05-20 13:39:01.252 D/MdmDatabaseHelper(26771): 		<key>CellularTechnology</key>
05-20 13:39:01.252 D/MdmDatabaseHelper(26771): 		<integer>3</integer>
05-20 13:39:01.252 D/MdmDatabaseHelper(26771): 		<key>CurrentCarrierNetwork</key>
05-20 13:39:01.252 D/MdmDatabaseHelper(26771): 		<string></string>
05-20 13:39:01.252 D/MdmDatabaseHelper(26771): 		<key>CurrentMCC</key>
05-20 13:39:01.252 D/MdmDatabaseHelper(26771): 		<string>cn</string>
05-20 13:39:01.252 D/MdmDatabaseHelper(26771): 		<key>CurrentMNC</key>
05-20 13:39:01.252 D/MdmDatabaseHelper(26771): 		<string>46001</string>
05-20 13:39:01.252 D/MdmDatabaseHelper(26771): 		<key>DataRoamingEnabled</key>
05-20 13:39:01.252 D/MdmDatabaseHelper(26771): 		<false/>
05-20 13:39:01.252 D/MdmDatabaseHelper(26771): 		<key>DeviceCapacity</key>
05-20 13:39:01.252 D/MdmDatabaseHelper(26771): 		<real>1.3975888E7</real>
05-20 13:39:01.252 D/MdmDatabaseHelper(26771): 		<key>HasSamsungSafeAPI</key>
05-20 13:39:01.252 D/MdmDatabaseHelper(26771): 		<false/>
05-20 13:39:01.252 D/MdmDatabaseHelper(26771): 		<key>ICCID</key>
05-20 13:39:01.252 D/MdmDatabaseHelper(26771): 		<string></string>
05-20 13:39:01.252 D/MdmDatabaseHelper(26771): 		<key>IMEI</key>
05-20 13:39:01.252 D/MdmDatabaseHelper(26771): 		<string>351554059027897</string>
05-20 13:39:01.252 D/MdmDatabaseHelper(26771): 		<key>IsRoaming</key>
05-20 13:39:01.252 D/MdmDatabaseHelper(26771): 		<false/>
05-20 13:39:01.252 D/MdmDatabaseHelper(26771): 		<key>Model</key>
05-20 13:39:01.252 D/MdmDatabaseHelper(26771): 		<string>Galaxy Nexus</string>
05-20 13:39:01.252 D/MdmDatabaseHelper(26771): 		<key>OSVersion</key>
05-20 13:39:01.252 D/MdmDatabaseHelper(26771): 		<string>4.3</string>
05-20 13:39:01.252 D/MdmDatabaseHelper(26771): 		<key>PhoneNumber</key>
05-20 13:39:01.252 D/MdmDatabaseHelper(26771): 		<string>0</string>
05-20 13:39:01.252 D/MdmDatabaseHelper(26771): 		<key>ProductName</key>
05-20 13:39:01.252 D/MdmDatabaseHelper(26771): 		<string>yakju</string>
05-20 13:39:01.252 D/MdmDatabaseHelper(26771): 		<key>SIMCarrierNetwork</key>
05-20 13:39:01.252 D/MdmDatabaseHelper(26771): 		<string></string>
05-20 13:39:01.252 D/MdmDatabaseHelper(26771): 		<key>SerialNumber</key>
05-20 13:39:01.252 D/MdmDatabaseHelper(26771): 		<string>014E0FFF06015018</string>
05-20 13:39:01.252 D/MdmDatabaseHelper(26771): 		<key>UDID</key>
05-20 13:39:01.252 D/MdmDatabaseHelper(26771): 		<string>00013fbc8ecec5b90000014613abe64a</string>
05-20 13:39:01.252 D/MdmDatabaseHelper(26771): 		<key>WiFiMAC</key>
05-20 13:39:01.252 D/MdmDatabaseHelper(26771): 		<string>20:64:32:7a:19:48</string>
05-20 13:39:01.252 D/MdmDatabaseHelper(26771): 	</dict>
05-20 13:39:01.252 D/MdmDatabaseHelper(26771): 	<key>CommandUUID</key>
05-20 13:39:01.252 D/MdmDatabaseHelper(26771): 	<string>aba3632c-828b-415b-8f77-c582bfb47193</string>
05-20 13:39:01.252 D/MdmDatabaseHelper(26771): 	<key>Status</key>
05-20 13:39:01.252 D/MdmDatabaseHelper(26771): 	<string>Acknowledged</string>
05-20 13:39:01.252 D/MdmDatabaseHelper(26771): 	<key>UDID</key>
05-20 13:39:01.252 D/MdmDatabaseHelper(26771): 	<string>00013fbc8ecec5b90000014613abe64a</string>
05-20 13:39:01.252 D/MdmDatabaseHelper(26771): </dict>
05-20 13:39:01.252 D/MdmDatabaseHelper(26771): </plist>
05-20 13:39:01.275 I/TransInfo(26771): TransInfo created, id: 3, class: class com.pekall.emdm.transaction.c.b
05-20 13:39:01.283 D/NetworkThread(26771): [null:-1]->----isRunning-----true
05-20 13:39:01.283 D/NetworkThread(26771): [null:-1]->----isRunning-----true
05-20 13:39:01.283 D/NetworkThread(26771): [null:-1]->thread wakeup
05-20 13:39:01.299 D/NetworkThread(26771): [null:-1]->sendHttpPost:PostRequest, url: http://192.168.10.21/rest/mdm/v1/ios/android_server, Params: [content:<?xml version="1.0" encoding="UTF-8"?>
05-20 13:39:01.299 D/NetworkThread(26771): <!DOCTYPE plist PUBLIC "-//Apple//DTD PLIST 1.0//EN" "http://www.apple.com/DTDs/PropertyList-1.0.dtd">
05-20 13:39:01.299 D/NetworkThread(26771): <plist version="1.0">
05-20 13:39:01.299 D/NetworkThread(26771): <dict>
05-20 13:39:01.299 D/NetworkThread(26771): 	<key>QueryResponses</key>
05-20 13:39:01.299 D/NetworkThread(26771): 	<dict>
05-20 13:39:01.299 D/NetworkThread(26771): 		<key>deviceId</key>
05-20 13:39:01.299 D/NetworkThread(26771): 		<string>00013fbc8ecec5b90000014613abe64a</string>
05-20 13:39:01.299 D/NetworkThread(26771): 		<key>deviceSecurityStatus</key>
05-20 13:39:01.299 D/NetworkThread(26771): 		<string>root</string>
05-20 13:39:01.299 D/NetworkThread(26771): 		<key>diskTotal</key>
05-20 13:39:01.299 D/NetworkThread(26771): 		<string>0.0</string>
05-20 13:39:01.299 D/NetworkThread(26771): 		<key>diskUsed</key>
05-20 13:39:01.299 D/NetworkThread(26771): 		<string>0.0</string>
05-20 13:39:01.299 D/NetworkThread(26771): 		<key>displaySize</key>
05-20 13:39:01.299 D/NetworkThread(26771): 		<string>720x1184</string>
05-20 13:39:01.299 D/NetworkThread(26771): 		<key>freeDiskSize</key>
05-20 13:39:01.299 D/NetworkThread(26771): 		<integer>0</integer>
05-20 13:39:01.299 D/NetworkThread(26771): 		<key>freeRamSize</key>
05-20 13:39:01.299 D/NetworkThread(26771): 		<integer>23363584</integer>
05-20 13:39:01.299 D/NetworkThread(26771): 		<key>language</key>
05-20 13:39:01.299 D/NetworkThread(26771): 		<string>en-US</string>
05-20 13:39:01.299 D/NetworkThread(26771): 		<key>netSpeed</key>
05-20 13:39:01.299 D/NetworkThread(26771): 		<dict>
05-20 13:39:01.299 D/NetworkThread(26771): 			<key>downlink</key>
05-20 13:39:01.299 D/NetworkThread(26771): 			<real>7167852.666666667</real>
05-20 13:39:01.299 D/NetworkThread(26771): 			<key>uplink</key>
05-20 13:39:01.299 D/NetworkThread(26771): 			<real>5306948.333333333</real>
05-20 13:39:01.299 D/NetworkThread(26771): 		</dict>
05-20 13:39:01.299 D/NetworkThread(26771): 		<key>ramTotal</key>
05-20 13:39:01.299 D/NetworkThread(26771): 		<string>728023040</string>
05-20 13:39:01.299 D/NetworkThread(26771): 		<key>ramUsed</key>
05-20 13:39:01.299 D/NetworkThread(26771): 		<string>704659456</string>
05-20 13:39:01.299 D/NetworkThread(26771): 		<key>trafficBytes</key>
05-20 13:39:01.299 D/NetworkThread(26771): 		<integer>0</integer>
05-20 13:39:01.299 D/NetworkThread(26771): 		<key>AvailableDeviceCapacity</key>
05-20 13:39:01.299 D/NetworkThread(26771): 		<real>1.3424576E7</real>
05-20 13:39:01.299 D/NetworkThread(26771): 		<key>BuildVersion</key>
05-20 13:39:01.299 D/NetworkThread(26771): 		<string>REL</string>
05-20 13:39:01.299 D/NetworkThread(26771): 		<key>CanDisableSystemFunction</key>
05-20 13:39:01.299 D/NetworkThread(26771): 		<false/>
05-20 13:39:01.299 D/NetworkThread(26771): 		<key>CellularTechnology</key>
05-20 13:39:01.299 D/NetworkThread(26771): 		<integer>3</integer>
05-20 13:39:01.299 D/NetworkThread(26771): 		<key>CurrentCarrierNetwork</key>
05-20 13:39:01.299 D/NetworkThread(26771): 		<string></string>
05-20 13:39:01.299 D/NetworkThread(26771): 		<key>CurrentMCC</key>
05-20 13:39:01.299 D/NetworkThread(26771): 		<string>cn</string>
05-20 13:39:01.299 D/NetworkThread(26771): 		<key>CurrentMNC</key>
05-20 13:39:01.299 D/NetworkThread(26771): 		<string>46001</string>
05-20 13:39:01.299 D/NetworkThread(26771): 		<key>DataRoamingEnabled</key>
05-20 13:39:01.299 D/NetworkThread(26771): 		<false/>
05-20 13:39:01.299 D/NetworkThread(26771): 		<key>DeviceCapacity</key>
05-20 13:39:01.299 D/NetworkThread(26771): 		<real>1.3975888E7</real>
05-20 13:39:01.299 D/NetworkThread(26771): 		<key>HasSamsungSafeAPI</key>
05-20 13:39:01.299 D/NetworkThread(26771): 		<false/>
05-20 13:39:01.299 D/NetworkThread(26771): 		<key>ICCID</key>
