05-20 11:06:08.416 I/ActivityManager(  374): Start proc com.google.android.apps.maps:FriendService for broadcast com.google.android.apps.maps/com.google.googlenav.friend.android.ServiceReceiver: pid=27430 uid=10038 gids={50038, 3003, 1015, 1028}
05-20 11:06:08.572 I/ActivityManager(  374): Start proc com.google.android.apps.maps:LocationFriendService for broadcast com.google.android.apps.maps/com.google.googlenav.friend.reporting.LocationReportingIntentReceiver: pid=27442 uid=10038 gids={50038, 3003, 1015, 1028}
05-20 11:06:09.299 I/ActivityManager(  374): START u0 {cmp=com.pekall.emdm.launcher/com.pekall.emdm.ui.ActiveDeviceAdminActivity} from pid 26771
05-20 11:06:09.361 I/ActivityManager(  374): START u0 {cmp=com.pekall.emdm.launcher/com.pekall.emdm.ui.RegDeviceActivity} from pid 26771
05-20 11:06:11.330 I/PowerManagerService(  374): Waking up from sleep...
05-20 11:06:11.377 I/WindowManager(  374): Lock screen displayed!
05-20 11:06:12.619 W/ActivityThread(27405): ClassLoader.loadClass: The class loader returned by Thread.getContextClassLoader() may fail for processes that host multiple applications. You should explicitly specify a context class loader. For example: Thread.setContextClassLoader(getClass().getClassLoader());
05-20 11:06:12.939 D/PhoneStatusBar(  448): disable: < expand icons alerts ticker system_info BACK HOME recent* CLOCK search* >
05-20 11:06:13.002 D/PhoneStatusBar(  448): disable: < expand icons alerts ticker system_info back* home* recent clock* search >
05-20 11:06:42.900 I/PowerManagerService(  374): Going to sleep due to screen timeout...
05-20 11:06:48.666 D/PhoneStatusBar(  448): disable: < expand icons alerts ticker system_info back home RECENT* clock SEARCH* >
05-20 11:06:48.775 D/PhoneStatusBar(  448): disable: < expand icons alerts ticker system_info BACK* HOME* RECENT CLOCK* SEARCH >
05-20 11:06:56.666 W/MountService(  374): getVolumeState(/storage/emulated/0/external_sd): Unknown volume
05-20 11:06:56.674 W/MountService(  374): getVolumeState(/mnt/sdcard-ext): Unknown volume
05-20 11:06:56.674 W/MountService(  374): getVolumeState(/mnt/ext_sdcard): Unknown volume
05-20 11:06:56.674 W/MountService(  374): getVolumeState(/mnt/sdcard2): Unknown volume
05-20 11:06:56.697 W/MountService(  374): getVolumeState(/mnt/emmc): Unknown volume
05-20 11:06:56.697 W/MountService(  374): getVolumeState(/mnt/extSdCard): Unknown volume
05-20 11:06:56.697 W/MountService(  374): getVolumeState(/mnt/sdcard/SD_CARD): Unknown volume
05-20 11:06:56.705 W/MountService(  374): getVolumeState(/mnt/sdcard/extra_sd): Unknown volume
05-20 11:06:56.705 W/MountService(  374): getVolumeState(/mnt/extrasd_bind): Unknown volume
05-20 11:06:56.705 W/MountService(  374): getVolumeState(/mnt/sdcard/ext_sd): Unknown volume
05-20 11:06:56.705 W/MountService(  374): getVolumeState(/storage/extSdCard): Unknown volume
05-20 11:06:56.705 W/MountService(  374): getVolumeState(/storage/sdcard1): Unknown volume
05-20 11:06:56.713 W/MountService(  374): getVolumeState(/mnt/sdcard/external_SD): Unknown volume
05-20 11:06:56.713 W/MountService(  374): getVolumeState(/mnt/sdcard/external_sd): Unknown volume
05-20 11:06:57.033 W/MountService(  374): getVolumeState(/storage/emulated/0/external_sd): Unknown volume
05-20 11:06:57.033 W/MountService(  374): getVolumeState(/mnt/sdcard-ext): Unknown volume
05-20 11:06:57.041 W/MountService(  374): getVolumeState(/mnt/ext_sdcard): Unknown volume
05-20 11:06:57.041 W/MountService(  374): getVolumeState(/mnt/sdcard2): Unknown volume
05-20 11:06:57.041 W/MountService(  374): getVolumeState(/mnt/emmc): Unknown volume
05-20 11:06:57.041 W/MountService(  374): getVolumeState(/mnt/extSdCard): Unknown volume
05-20 11:06:57.041 W/MountService(  374): getVolumeState(/mnt/sdcard/SD_CARD): Unknown volume
05-20 11:06:57.049 W/MountService(  374): getVolumeState(/mnt/sdcard/extra_sd): Unknown volume
05-20 11:06:57.049 W/MountService(  374): getVolumeState(/mnt/extrasd_bind): Unknown volume
05-20 11:06:57.049 W/MountService(  374): getVolumeState(/mnt/sdcard/ext_sd): Unknown volume
05-20 11:06:57.049 W/MountService(  374): getVolumeState(/storage/extSdCard): Unknown volume
05-20 11:06:57.049 W/MountService(  374): getVolumeState(/storage/sdcard1): Unknown volume
05-20 11:06:57.049 W/MountService(  374): getVolumeState(/mnt/sdcard/external_SD): Unknown volume
05-20 11:06:57.049 W/MountService(  374): getVolumeState(/mnt/sdcard/external_sd): Unknown volume
05-20 11:06:58.213 I/PowerManagerService(  374): Waking up from sleep...
05-20 11:06:58.244 I/WindowManager(  374): Lock screen displayed!
05-20 11:06:59.556 D/PhoneStatusBar(  448): disable: < expand icons alerts ticker system_info BACK HOME recent* CLOCK search* >
05-20 11:06:59.635 D/PhoneStatusBar(  448): disable: < expand icons alerts ticker system_info back* home* recent clock* search >
05-20 11:06:59.642 W/InputMethodManagerService(  374): Window already focused, ignoring focus gain of: com.android.internal.view.IInputMethodClient$Stub$Proxy@428dcda8 attribute=android.view.inputmethod.EditorInfo@42a11af0, token = android.os.BinderProxy@422c87e0
05-20 11:07:08.267 I/ActivityManager(  374): START u0 {flg=0x8000 cmp=com.pekall.emdm.launcher/.Launcher} from pid 26771
05-20 11:07:11.517 W/ActivityManager(  374): Unable to start service Intent { cmp=com.pekall.emdm.launcher/com.pekall.semail.service.AttachmentDownloadService } U=0: not found
05-20 11:07:12.674 I/ActivityManager(  374): START u0 {act=android.intent.action.MAIN cat=[android.intent.category.HOME] flg=0x10200000 cmp=com.pekall.emdm.launcher/.Launcher} from pid 374
05-20 11:07:12.752 W/ActivityManager(  374): Unable to start service Intent { act=pekall.intent.action.DOWNLOAD_APP (has extras) } U=0: not found
05-20 11:07:18.650 V/PanelView(  448): animationTick called with dtms=0; nothing to do (h=0.0 v=4000.0)
05-20 11:07:23.041 I/ActivityManager(  374): Start proc com.pekall.emdm.launcher:remote for service com.pekall.emdm.launcher/com.baidu.location.f: pid=27570 uid=10066 gids={50066, 1015, 3002, 3001, 3003, 1028}
05-20 11:07:23.408 D/ActivityThread(27570): Loading provider com.pekall.semail.provider;com.pekall.semail.notifier: com.pekall.semail.provider.EmailProvider
05-20 11:07:23.463 D/ActivityThread(27570): Loading provider com.pekall.semail.provider;com.pekall.semail.notifier: com.pekall.semail.provider.EmailProvider
05-20 11:07:27.252 W/ActivityManager(  374): Unable to start service Intent { cmp=com.pekall.emdm.launcher/com.pekall.semail.service.AttachmentDownloadService } U=0: not found
05-20 11:07:42.674 I/PowerManagerService(  374): Going to sleep due to screen timeout...
05-20 11:07:43.072 W/ActivityManager(  374): Timeout executing service: ServiceRecord{42d711c0 u0 com.pekall.emdm.launcher/com.baidu.location.f}
05-20 11:07:46.892 E/ActivityManager(  374): ANR in com.pekall.emdm.launcher:remote
05-20 11:07:46.892 E/ActivityManager(  374): Reason: Executing service com.pekall.emdm.launcher/com.baidu.location.f
05-20 11:07:46.892 E/ActivityManager(  374): Load: 2.89 / 1.97 / 1.85
05-20 11:07:46.892 E/ActivityManager(  374): CPU usage from 29002ms to 0ms ago:
05-20 11:07:46.892 E/ActivityManager(  374):   77% 26771/com.pekall.emdm.launcher: 75% user + 1.8% kernel / faults: 11699 minor
05-20 11:07:46.892 E/ActivityManager(  374):   31% 448/com.android.systemui: 30% user + 1.2% kernel / faults: 2943 minor
05-20 11:07:46.892 E/ActivityManager(  374):   4.4% 374/system_server: 2.3% user + 2% kernel / faults: 823 minor
05-20 11:07:46.892 E/ActivityManager(  374):   1.1% 1661/com.qihoo360.mobilesafe:GuardService: 0.9% user + 0.2% kernel / faults: 321 minor 1 major
05-20 11:07:46.892 E/ActivityManager(  374):   1% 135/adbd: 0.2% user + 0.8% kernel / faults: 17 minor
05-20 11:07:46.892 E/ActivityManager(  374):   0.7% 124/surfaceflinger: 0.3% user + 0.3% kernel / faults: 7471 minor
05-20 11:07:46.892 E/ActivityManager(  374):   0.2% 10683/com.dragon.android.pandaspace: 0.1% user + 0.1% kernel / faults: 123 minor
05-20 11:07:46.892 E/ActivityManager(  374):   0.2% 24876/com.qihoo.appstore: 0.1% user + 0.1% kernel / faults: 64 minor
05-20 11:07:46.892 E/ActivityManager(  374):   0.2% 24939/kworker/0:2: 0% user + 0.2% kernel
05-20 11:07:46.892 E/ActivityManager(  374):   0.2% 27495/logcat: 0.1% user + 0.1% kernel / faults: 1 minor
05-20 11:07:46.892 E/ActivityManager(  374):   0.2% 82/mmcqd/0: 0% user + 0.2% kernel
05-20 11:07:46.892 E/ActivityManager(  374):   0.1% 1615/logcat: 0% user + 0% kernel
05-20 11:07:46.892 E/ActivityManager(  374):   0.1% 4648/logcat: 0% user + 0% kernel
05-20 11:07:46.892 E/ActivityManager(  374):   0.1% 26157/com.nd.assistance.ServerService: 0% user + 0% kernel / faults: 17 minor
05-20 11:07:46.892 E/ActivityManager(  374):   0% 26839/kworker/1:0: 0% user + 0% kernel
05-20 11:07:46.892 E/ActivityManager(  374):   0.1% 27529/kworker/u:3: 0% user + 0.1% kernel
05-20 11:07:46.892 E/ActivityManager(  374):   0% 92/dhd_dpc: 0% user + 0% kernel
05-20 11:07:46.892 E/ActivityManager(  374):   0% 114/jbd2/mmcblk0p12: 0% user + 0% kernel
05-20 11:07:46.892 E/ActivityManager(  374):   0% 27476/kworker/u:1: 0% user + 0% kernel
05-20 11:07:46.892 E/ActivityManager(  374):   0% 24/kswapd0: 0% user + 0% kernel
05-20 11:07:46.892 E/ActivityManager(  374):   0% 95/ueventd: 0% user + 0% kernel
05-20 11:07:46.892 E/ActivityManager(  374):   0% 117/vold: 0% user + 0% kernel
05-20 11:07:46.892 E/ActivityManager(  374):   0% 121/netd: 0% user + 0% kernel
05-20 11:07:46.892 E/ActivityManager(  374):   0% 125/zygote: 0% user + 0% kernel / faults: 51 minor
05-20 11:07:46.892 E/ActivityManager(  374):   0% 26624/com.dragon.android.pandaspace:bdservice_v1: 0% user + 0% kernel / faults: 40 minor
05-20 11:07:46.892 E/ActivityManager(  374):   0% 26710/kworker/u:4: 0% user + 0% kernel
05-20 11:07:46.892 E/ActivityManager(  374):   0% 27405/com.google.android.apps.maps:GoogleLocationService: 0% user + 0% kernel / faults: 19 minor
05-20 11:07:46.892 E/ActivityManager(  374):  +0% 27552/sh: 0% user + 0% kernel
05-20 11:07:46.892 E/ActivityManager(  374):  +0% 27554/uiautomator: 0% user + 0% kernel
05-20 11:07:46.892 E/ActivityManager(  374):  +0% 27570/com.pekall.emdm.launcher:remote: 0% user + 0% kernel
05-20 11:07:46.892 E/ActivityManager(  374):  +0% 27603/kworker/1:1: 0% user + 0% kernel
05-20 11:07:46.892 E/ActivityManager(  374): 92% TOTAL: 87% user + 4.9% kernel + 0.6% iowait
05-20 11:07:46.892 E/ActivityManager(  374): CPU usage from 2922ms to 3536ms later:
05-20 11:07:46.892 E/ActivityManager(  374):   84% 27570/com.pekall.emdm.launcher:remote: 84% user + 0% kernel
05-20 11:07:46.892 E/ActivityManager(  374):     84% 27583/Thread-1221: 84% user + 0% kernel
05-20 11:07:46.892 E/ActivityManager(  374):   58% 26771/com.pekall.emdm.launcher: 58% user + 0% kernel
05-20 11:07:46.892 E/ActivityManager(  374):     58% 26784/Thread-1176: 58% user + 0% kernel
05-20 11:07:46.892 E/ActivityManager(  374):   33% 448/com.android.systemui: 33% user + 0% kernel / faults: 21 minor
05-20 11:07:46.892 E/ActivityManager(  374):     35% 448/ndroid.systemui: 35% user + 0% kernel
05-20 11:07:46.892 E/ActivityManager(  374):   9.8% 374/system_server: 1.6% user + 8.1% kernel / faults: 5 minor
05-20 11:07:46.892 E/ActivityManager(  374):     4.9% 390/ActivityManager: 0% user + 4.9% kernel
05-20 11:07:46.892 E/ActivityManager(  374):     1.6% 386/SensorService: 1.6% user + 0% kernel
05-20 11:07:46.892 E/ActivityManager(  374):   8.9% 27554/uiautomator: 8.9% user + 0% kernel / faults: 47 minor
05-20 11:07:46.892 E/ActivityManager(  374):     1.7% 27554/uiautomator: 1.7% user + 0% kernel
05-20 11:07:46.892 E/ActivityManager(  374):     1.7% 27558/GC: 1.7% user + 0% kernel
05-20 11:07:46.892 E/ActivityManager(  374):     1.7% 27602/Binder_3: 1.7% user + 0% kernel
05-20 11:07:46.892 E/ActivityManager(  374): 100% TOTAL: 95% user + 4% kernel
05-20 11:07:46.892 W/ActivityManager(  374): Killing ProcessRecord{4269d6b8 27570:com.pekall.emdm.launcher:remote/u0a10066}: background ANR
05-20 11:07:46.978 I/ActivityManager(  374): Process com.pekall.emdm.launcher:remote (pid 27570) has died.
05-20 11:07:46.978 W/ActivityManager(  374): Scheduling restart of crashed service com.pekall.emdm.launcher/com.baidu.location.f in 5000ms
05-20 11:07:47.181 W/InputMethodManagerService(  374): Window already focused, ignoring focus gain of: com.android.internal.view.IInputMethodClient$Stub$Proxy@42274f78 attribute=android.view.inputmethod.EditorInfo@43022788, token = android.os.BinderProxy@4320eb18
05-20 11:07:47.306 W/BroadcastQueue(  374): Failure sending broadcast Intent { act=android.intent.action.SCREEN_OFF flg=0x50000010 }
05-20 11:07:47.306 W/BroadcastQueue(  374): android.os.DeadObjectException
05-20 11:07:47.306 W/BroadcastQueue(  374): 	at android.os.BinderProxy.transact(Native Method)
05-20 11:07:47.306 W/BroadcastQueue(  374): 	at android.content.IIntentReceiver$Stub$Proxy.performReceive(IIntentReceiver.java:124)
05-20 11:07:47.306 W/BroadcastQueue(  374): 	at com.android.server.am.BroadcastQueue.performReceiveLocked(BroadcastQueue.java:376)
05-20 11:07:47.306 W/BroadcastQueue(  374): 	at com.android.server.am.BroadcastQueue.deliverToRegisteredReceiverLocked(BroadcastQueue.java:449)
05-20 11:07:47.306 W/BroadcastQueue(  374): 	at com.android.server.am.BroadcastQueue.processNextBroadcast(BroadcastQueue.java:656)
05-20 11:07:47.306 W/BroadcastQueue(  374): 	at com.android.server.am.ActivityManagerService.finishReceiver(ActivityManagerService.java:12390)
05-20 11:07:47.306 W/BroadcastQueue(  374): 	at android.app.ActivityManagerNative.onTransact(ActivityManagerNative.java:379)
05-20 11:07:47.306 W/BroadcastQueue(  374): 	at com.android.server.am.ActivityManagerService.onTransact(ActivityManagerService.java:1737)
05-20 11:07:47.306 W/BroadcastQueue(  374): 	at android.os.Binder.execTransact(Binder.java:388)
05-20 11:07:47.306 W/BroadcastQueue(  374): 	at dalvik.system.NativeStart.run(Native Method)
05-20 11:07:50.244 D/PhoneStatusBar(  448): disable: < expand icons alerts ticker system_info back home RECENT* clock SEARCH* >
05-20 11:07:50.299 D/PhoneStatusBar(  448): disable: < expand icons alerts ticker system_info BACK* HOME* RECENT CLOCK* SEARCH >
05-20 11:07:51.986 I/ActivityManager(  374): Start proc com.pekall.emdm.launcher:remote for service com.pekall.emdm.launcher/com.baidu.location.f: pid=27613 uid=10066 gids={50066, 1015, 3002, 3001, 3003, 1028}
05-20 11:07:52.377 D/ActivityThread(27613): Loading provider com.pekall.semail.provider;com.pekall.semail.notifier: com.pekall.semail.provider.EmailProvider
05-20 11:07:52.408 D/ActivityThread(27613): Loading provider com.pekall.semail.provider;com.pekall.semail.notifier: com.pekall.semail.provider.EmailProvider
05-20 11:07:54.205 W/ActivityManager(  374): Unable to start service Intent { cmp=com.pekall.emdm.launcher/com.pekall.semail.service.AttachmentDownloadService } U=0: not found
05-20 11:07:56.916 W/MountService(  374): getVolumeState(/storage/emulated/0/external_sd): Unknown volume
05-20 11:07:56.986 W/MountService(  374): getVolumeState(/mnt/sdcard-ext): Unknown volume
05-20 11:07:57.049 W/MountService(  374): getVolumeState(/mnt/ext_sdcard): Unknown volume
05-20 11:07:57.064 W/MountService(  374): getVolumeState(/mnt/sdcard2): Unknown volume
05-20 11:07:57.064 W/MountService(  374): getVolumeState(/mnt/emmc): Unknown volume
05-20 11:07:57.064 W/MountService(  374): getVolumeState(/mnt/extSdCard): Unknown volume
05-20 11:07:57.127 W/MountService(  374): getVolumeState(/mnt/sdcard/SD_CARD): Unknown volume
05-20 11:07:57.127 W/MountService(  374): getVolumeState(/mnt/sdcard/extra_sd): Unknown volume
05-20 11:07:57.142 W/MountService(  374): getVolumeState(/mnt/extrasd_bind): Unknown volume
05-20 11:07:57.142 W/MountService(  374): getVolumeState(/mnt/sdcard/ext_sd): Unknown volume
05-20 11:07:57.150 W/MountService(  374): getVolumeState(/storage/extSdCard): Unknown volume
05-20 11:07:57.158 W/MountService(  374): getVolumeState(/storage/sdcard1): Unknown volume
05-20 11:07:57.181 W/MountService(  374): getVolumeState(/mnt/sdcard/external_SD): Unknown volume
05-20 11:07:57.197 W/MountService(  374): getVolumeState(/mnt/sdcard/external_sd): Unknown volume
05-20 11:08:01.142 W/MountService(  374): getVolumeState(/storage/emulated/0/external_sd): Unknown volume
05-20 11:08:01.205 W/MountService(  374): getVolumeState(/mnt/sdcard-ext): Unknown volume
05-20 11:08:01.213 W/MountService(  374): getVolumeState(/mnt/ext_sdcard): Unknown volume
05-20 11:08:01.228 W/MountService(  374): getVolumeState(/mnt/sdcard2): Unknown volume
05-20 11:08:01.244 W/MountService(  374): getVolumeState(/mnt/emmc): Unknown volume
05-20 11:08:01.244 W/MountService(  374): getVolumeState(/mnt/extSdCard): Unknown volume
05-20 11:08:01.260 W/MountService(  374): getVolumeState(/mnt/sdcard/SD_CARD): Unknown volume
05-20 11:08:01.291 W/MountService(  374): getVolumeState(/mnt/sdcard/extra_sd): Unknown volume
05-20 11:08:01.299 W/MountService(  374): getVolumeState(/mnt/extrasd_bind): Unknown volume
05-20 11:08:01.314 W/MountService(  374): getVolumeState(/mnt/sdcard/ext_sd): Unknown volume
05-20 11:08:01.346 W/MountService(  374): getVolumeState(/storage/extSdCard): Unknown volume
05-20 11:08:01.346 W/MountService(  374): getVolumeState(/storage/sdcard1): Unknown volume
05-20 11:08:01.377 W/MountService(  374): getVolumeState(/mnt/sdcard/external_SD): Unknown volume
05-20 11:08:01.377 W/MountService(  374): getVolumeState(/mnt/sdcard/external_sd): Unknown volume
05-20 11:08:12.033 W/ActivityManager(  374): Timeout executing service: ServiceRecord{42d711c0 u0 com.pekall.emdm.launcher/com.baidu.location.f}
05-20 11:08:18.205 E/ActivityManager(  374): ANR in com.pekall.emdm.launcher:remote
05-20 11:08:18.205 E/ActivityManager(  374): Reason: Executing service com.pekall.emdm.launcher/com.baidu.location.f
05-20 11:08:18.205 E/ActivityManager(  374): Load: 2.98 / 2.09 / 1.89
05-20 11:08:18.205 E/ActivityManager(  374): CPU usage from 0ms to 6146ms later:
05-20 11:08:18.205 E/ActivityManager(  374):   84% 27613/com.pekall.emdm.launcher:remote: 83% user + 0.3% kernel / faults: 116 minor
05-20 11:08:18.205 E/ActivityManager(  374):   83% 26771/com.pekall.emdm.launcher: 83% user + 0% kernel
05-20 11:08:18.205 E/ActivityManager(  374):   25% 374/system_server: 21% user + 4.2% kernel / faults: 370 minor
05-20 11:08:18.205 E/ActivityManager(  374):   2% 448/com.android.systemui: 1.9% user + 0% kernel / faults: 29 minor
05-20 11:08:18.205 E/ActivityManager(  374):   0.3% 561/com.android.phone: 0.3% user + 0% kernel / faults: 27 minor
05-20 11:08:18.205 E/ActivityManager(  374):   0.1% 568/com.android.nfc: 0% user + 0% kernel / faults: 28 minor
05-20 11:08:18.205 E/ActivityManager(  374):   0.3% 24876/com.qihoo.appstore: 0% user + 0.3% kernel
05-20 11:08:18.205 E/ActivityManager(  374):   0% 135/adbd: 0% user + 0% kernel
05-20 11:08:18.205 E/ActivityManager(  374):   0% 4648/logcat: 0% user + 0% kernel
05-20 11:08:18.205 E/ActivityManager(  374):   0.1% 26157/com.nd.assistance.ServerService: 0.1% user + 0% kernel / faults: 6 minor
05-20 11:08:18.205 E/ActivityManager(  374): 100% TOTAL: 97% user + 2.4% kernel
05-20 11:08:18.205 E/ActivityManager(  374): CPU usage from 5346ms to 5887ms later:
05-20 11:08:18.205 E/ActivityManager(  374):   101% 27613/com.pekall.emdm.launcher:remote: 101% user + 0% kernel
05-20 11:08:18.205 E/ActivityManager(  374):     100% 27626/Thread-1224: 100% user + 0% kernel
05-20 11:08:18.205 E/ActivityManager(  374):   94% 26771/com.pekall.emdm.launcher: 94% user + 0% kernel
05-20 11:08:18.205 E/ActivityManager(  374):     94% 26784/Thread-1176: 94% user + 0% kernel
05-20 11:08:18.205 E/ActivityManager(  374):   7.2% 374/system_server: 0% user + 7.2% kernel
05-20 11:08:18.205 E/ActivityManager(  374):     7.2% 390/ActivityManager: 1.8% user + 5.4% kernel
05-20 11:08:18.205 E/ActivityManager(  374):     1.8% 382/FinalizerDaemon: 1.8% user + 0% kernel
05-20 11:08:18.205 E/ActivityManager(  374): 100% TOTAL: 97% user + 2.7% kernel
05-20 11:08:18.221 W/ActivityManager(  374): Killing ProcessRecord{4229bd80 27613:com.pekall.emdm.launcher:remote/u0a10066}: background ANR
05-20 11:08:18.353 I/ActivityManager(  374): Process com.pekall.emdm.launcher:remote (pid 27613) has died.
05-20 11:08:18.353 W/ActivityManager(  374): Scheduling restart of crashed service com.pekall.emdm.launcher/com.baidu.location.f in 20000ms
05-20 11:08:38.400 I/ActivityManager(  374): Start proc com.pekall.emdm.launcher:remote for service com.pekall.emdm.launcher/com.baidu.location.f: pid=27648 uid=10066 gids={50066, 1015, 3002, 3001, 3003, 1028}
05-20 11:08:38.650 D/ActivityThread(27648): Loading provider com.pekall.semail.provider;com.pekall.semail.notifier: com.pekall.semail.provider.EmailProvider
--------- beginning of /dev/log/main
05-20 11:08:38.689 W/System.err(27648): 	at android.app.ActivityThread.main(ActivityThread.java:5103)
05-20 11:08:38.689 W/System.err(27648): 	at java.lang.reflect.Method.invokeNative(Native Method)
05-20 11:08:38.689 W/System.err(27648): 	at java.lang.reflect.Method.invoke(Method.java:525)
05-20 11:08:38.689 W/System.err(27648): 	at com.android.internal.os.ZygoteInit$MethodAndArgsCaller.run(ZygoteInit.java:737)
05-20 11:08:38.689 W/System.err(27648): 	at com.android.internal.os.ZygoteInit.main(ZygoteInit.java:553)
05-20 11:08:38.689 W/System.err(27648): 	at dalvik.system.NativeStart.main(Native Method)
05-20 11:08:38.697 V/a       (26771): Task reconcileAccounts completed; disconnecting
05-20 11:08:38.705 V/a       (26771): Waiting for task reconcileAccounts to complete...
05-20 11:08:38.767 D/dalvikvm(27648): GC_CONCURRENT freed 233K, 3% free 9766K/10040K, paused 14ms+14ms, total 63ms
05-20 11:08:38.783 D/ActivityThread(27648): Loading provider com.pekall.semail.provider;com.pekall.semail.notifier: com.pekall.semail.provider.EmailProvider
05-20 11:08:39.283 W/EmailProvider(27648): restoreIfNeeded...
05-20 11:08:39.463 D/EmailProvider(27648): restoreAccounts...
05-20 11:08:39.892 D/EmailProvider(27648): No accounts to restore...
05-20 11:08:39.900 D/EmailProvider(27648): Deleting orphans...
05-20 11:08:39.924 D/EmailProvider(27648): EmailProvider pre-caching...
05-20 11:08:40.275 D/EmailProvider(27648): EmailProvider ready.
05-20 11:08:41.127 W/ActivityManager(  374): Unable to start service Intent { cmp=com.pekall.emdm.launcher/com.pekall.semail.service.AttachmentDownloadService } U=0: not found
05-20 11:08:41.142 I/Email   (27648): Notifications being toggled: false
05-20 11:08:56.713 W/Parcel  ( 1661): Attempt to read object from Parcel 0x6013bdac at offset 200 that is not in the object list
05-20 11:08:56.978 W/MountService(  374): getVolumeState(/storage/emulated/0/external_sd): Unknown volume
05-20 11:08:56.994 W/MountService(  374): getVolumeState(/mnt/sdcard-ext): Unknown volume
05-20 11:08:56.994 W/MountService(  374): getVolumeState(/mnt/ext_sdcard): Unknown volume
05-20 11:08:57.010 W/MountService(  374): getVolumeState(/mnt/sdcard2): Unknown volume
05-20 11:08:57.025 W/MountService(  374): getVolumeState(/mnt/emmc): Unknown volume
05-20 11:08:57.025 W/MountService(  374): getVolumeState(/mnt/extSdCard): Unknown volume
05-20 11:08:57.041 W/MountService(  374): getVolumeState(/mnt/sdcard/SD_CARD): Unknown volume
05-20 11:08:57.064 W/MountService(  374): getVolumeState(/mnt/sdcard/extra_sd): Unknown volume
05-20 11:08:57.064 W/MountService(  374): getVolumeState(/mnt/extrasd_bind): Unknown volume
05-20 11:08:57.096 W/MountService(  374): getVolumeState(/mnt/sdcard/ext_sd): Unknown volume
05-20 11:08:57.096 W/MountService(  374): getVolumeState(/storage/extSdCard): Unknown volume
05-20 11:08:57.197 W/MountService(  374): getVolumeState(/storage/sdcard1): Unknown volume
05-20 11:08:57.197 W/MountService(  374): getVolumeState(/mnt/sdcard/external_SD): Unknown volume
05-20 11:08:57.244 W/MountService(  374): getVolumeState(/mnt/sdcard/external_sd): Unknown volume
05-20 11:08:58.408 W/ActivityManager(  374): Timeout executing service: ServiceRecord{42d711c0 u0 com.pekall.emdm.launcher/com.baidu.location.f}
05-20 11:08:58.447 I/Process (  374): Sending signal. PID: 27648 SIG: 3
05-20 11:08:58.447 I/dalvikvm(27648): threadid=3: reacting to signal 3
05-20 11:08:58.642 I/Process (  374): Sending signal. PID: 374 SIG: 3
05-20 11:08:58.642 I/dalvikvm(  374): threadid=3: reacting to signal 3
05-20 11:08:58.697 D/dalvikvm(27648): JIT unchain all for threadid=11
05-20 11:08:58.760 I/dalvikvm(27648): Wrote stack traces to '/data/anr/traces.txt'
05-20 11:08:59.275 D/dalvikvm( 1468): GC_CONCURRENT freed 512K, 21% free 9600K/12104K, paused 7ms+4ms, total 1570ms
05-20 11:08:59.275 D/dalvikvm( 1468): WAIT_FOR_CONCURRENT_GC blocked 1007ms
05-20 11:09:03.002 I/dalvikvm(  374): Wrote stack traces to '/data/anr/traces.txt'
05-20 11:09:03.017 I/Process (  374): Sending signal. PID: 448 SIG: 3
05-20 11:09:03.017 I/dalvikvm(  448): threadid=3: reacting to signal 3
05-20 11:09:03.017 I/Process (  374): Sending signal. PID: 561 SIG: 3
05-20 11:09:03.017 I/dalvikvm(  561): threadid=3: reacting to signal 3
05-20 11:09:03.142 I/dalvikvm(  561): Wrote stack traces to '/data/anr/traces.txt'
05-20 11:09:03.142 I/Process (  374): Sending signal. PID: 568 SIG: 3
05-20 11:09:03.142 I/dalvikvm(  568): threadid=3: reacting to signal 3
05-20 11:09:03.221 I/dalvikvm(  568): Wrote stack traces to '/data/anr/traces.txt'
05-20 11:09:03.611 I/dalvikvm(  448): Wrote stack traces to '/data/anr/traces.txt'
05-20 11:09:03.978 D/dalvikvm(  374): GC_EXPLICIT freed 2686K, 24% free 21139K/27544K, paused 4ms+10ms, total 116ms
05-20 11:09:04.596 I/Process (  374): Sending signal. PID: 26771 SIG: 3
05-20 11:09:04.596 I/dalvikvm(26771): threadid=3: reacting to signal 3
05-20 11:09:04.799 I/Process (  374): Sending signal. PID: 1468 SIG: 3
05-20 11:09:04.799 I/dalvikvm( 1468): threadid=3: reacting to signal 3
05-20 11:09:04.846 D/dalvikvm(26771): JIT unchain all for threadid=11
05-20 11:09:04.994 I/Process (  374): Sending signal. PID: 1661 SIG: 3
05-20 11:09:04.994 I/dalvikvm( 1661): threadid=3: reacting to signal 3
05-20 11:09:05.010 I/dalvikvm(26771): Wrote stack traces to '/data/anr/traces.txt'
05-20 11:09:05.072 E/ActivityManager(  374): ANR in com.pekall.emdm.launcher:remote
05-20 11:09:05.072 E/ActivityManager(  374): Reason: Executing service com.pekall.emdm.launcher/com.baidu.location.f
05-20 11:09:05.072 E/ActivityManager(  374): Load: 3.18 / 2.24 / 1.95
05-20 11:09:05.072 E/ActivityManager(  374): CPU usage from 0ms to 6607ms later:
05-20 11:09:05.072 E/ActivityManager(  374):   85% 26771/com.pekall.emdm.launcher: 85% user + 0.6% kernel / faults: 209 minor
05-20 11:09:05.072 E/ActivityManager(  374):   79% 27648/com.pekall.emdm.launcher:remote: 79% user + 0.1% kernel / faults: 115 minor
05-20 11:09:05.072 E/ActivityManager(  374):   25% 374/system_server: 20% user + 4.8% kernel / faults: 355 minor
05-20 11:09:05.072 E/ActivityManager(  374):   0.6% 448/com.android.systemui: 0.5% user + 0% kernel / faults: 24 minor
05-20 11:09:05.072 E/ActivityManager(  374):   2.8% 1468/com.qihoo.daemon: 2.1% user + 0.7% kernel / faults: 646 minor
05-20 11:09:05.072 E/ActivityManager(  374):   0.1% 561/com.android.phone: 0.1% user + 0% kernel / faults: 34 minor
05-20 11:09:05.072 E/ActivityManager(  374):   0% 568/com.android.nfc: 0% user + 0% kernel / faults: 28 minor
05-20 11:09:05.072 E/ActivityManager(  374):   0% 1661/com.qihoo360.mobilesafe:GuardService: 0% user + 0% kernel / faults: 13 minor
05-20 11:09:05.072 E/ActivityManager(  374):   0.3% 26157/com.nd.assistance.ServerService: 0.3% user + 0% kernel / faults: 8 minor
05-20 11:09:05.072 E/ActivityManager(  374):   0.1% 82/mmcqd/0: 0% user + 0.1% kernel
05-20 11:09:05.072 E/ActivityManager(  374):   0% 133/sdcard: 0% user + 0% kernel
05-20 11:09:05.072 E/ActivityManager(  374):   0.1% 1615/logcat: 0.1% user + 0% kernel
05-20 11:09:05.072 E/ActivityManager(  374):   0% 24510/android.process.media: 0% user + 0% kernel / faults: 11 minor
05-20 11:09:05.072 E/ActivityManager(  374):   0.1% 24876/com.qihoo.appstore: 0.1% user + 0% kernel
05-20 11:09:05.072 E/ActivityManager(  374): 100% TOTAL: 95% user + 4% kernel
05-20 11:09:05.072 E/ActivityManager(  374): CPU usage from 5568ms to 6106ms later:
05-20 11:09:05.072 E/ActivityManager(  374):   94% 26771/com.pekall.emdm.launcher: 94% user + 0% kernel
05-20 11:09:05.072 E/ActivityManager(  374):     93% 26784/Thread-1176: 93% user + 0% kernel
05-20 11:09:05.072 E/ActivityManager(  374):   84% 27648/com.pekall.emdm.launcher:remote: 84% user + 0% kernel / faults: 1 minor
05-20 11:09:05.072 E/ActivityManager(  374):     84% 27661/Thread-1227: 84% user + 0% kernel
05-20 11:09:05.072 E/ActivityManager(  374):   9% 374/system_server: 3.6% user + 5.4% kernel / faults: 6 minor
05-20 11:09:05.072 E/ActivityManager(  374):     7.2% 390/ActivityManager: 3.6% user + 3.6% kernel
05-20 11:09:05.072 E/ActivityManager(  374):     1.8% 374/system_server: 1.8% user + 0% kernel
05-20 11:09:05.072 E/ActivityManager(  374):   1.9% 1468/com.qihoo.daemon: 1.9% user + 0% kernel / faults: 20 minor
05-20 11:09:05.072 E/ActivityManager(  374):     0.9% 1471/GC: 0.9% user + 0% kernel
05-20 11:09:05.072 E/ActivityManager(  374):     0.9% 23947/pool-97-thread-: 0.9% user + 0% kernel
05-20 11:09:05.072 E/ActivityManager(  374):   0.9% 561/com.android.phone: 0.9% user + 0% kernel / faults: 2 minor
05-20 11:09:05.072 E/ActivityManager(  374):     0.9% 18050/Binder_6: 0.9% user + 0% kernel
05-20 11:09:05.072 E/ActivityManager(  374):   1% 1661/com.qihoo360.mobilesafe:GuardService: 1% user + 0% kernel / faults: 6 minor
05-20 11:09:05.072 E/ActivityManager(  374):     1% 3773/Binder_3: 0% user + 1% kernel
05-20 11:09:05.072 E/ActivityManager(  374): 100% TOTAL: 96% user + 3.7% kernel
05-20 11:09:05.080 W/ActivityManager(  374): Killing ProcessRecord{426a3ed0 27648:com.pekall.emdm.launcher:remote/u0a10066}: background ANR
05-20 11:09:05.142 I/dalvikvm( 1661): Wrote stack traces to '/data/anr/traces.txt'
05-20 11:09:05.314 I/dalvikvm( 1468): Wrote stack traces to '/data/anr/traces.txt'
05-20 11:09:05.314 I/ActivityManager(  374): Process com.pekall.emdm.launcher:remote (pid 27648) has died.
05-20 11:09:05.314 W/ActivityManager(  374): Scheduling restart of crashed service com.pekall.emdm.launcher/com.baidu.location.f in 80000ms
05-20 11:09:05.377 W/MountService(  374): getVolumeState(/storage/emulated/0/external_sd): Unknown volume
05-20 11:09:05.377 W/MountService(  374): getVolumeState(/mnt/sdcard-ext): Unknown volume
05-20 11:09:05.377 W/MountService(  374): getVolumeState(/mnt/ext_sdcard): Unknown volume
05-20 11:09:05.377 W/MountService(  374): getVolumeState(/mnt/sdcard2): Unknown volume
05-20 11:09:05.377 W/MountService(  374): getVolumeState(/mnt/emmc): Unknown volume
05-20 11:09:05.385 W/MountService(  374): getVolumeState(/mnt/extSdCard): Unknown volume
05-20 11:09:05.385 W/MountService(  374): getVolumeState(/mnt/sdcard/SD_CARD): Unknown volume
05-20 11:09:05.385 W/MountService(  374): getVolumeState(/mnt/sdcard/extra_sd): Unknown volume
05-20 11:09:05.385 W/MountService(  374): getVolumeState(/mnt/extrasd_bind): Unknown volume
05-20 11:09:05.385 W/MountService(  374): getVolumeState(/mnt/sdcard/ext_sd): Unknown volume
05-20 11:09:05.385 W/MountService(  374): getVolumeState(/storage/extSdCard): Unknown volume
05-20 11:09:05.385 W/MountService(  374): getVolumeState(/storage/sdcard1): Unknown volume
05-20 11:09:05.385 W/MountService(  374): getVolumeState(/mnt/sdcard/external_SD): Unknown volume
05-20 11:09:05.385 W/MountService(  374): getVolumeState(/mnt/sdcard/external_sd): Unknown volume
05-20 11:09:05.416 D/dalvikvm( 1468): GC_CONCURRENT freed 443K, 21% free 9668K/12104K, paused 5ms+5ms, total 52ms
05-20 11:09:05.416 D/dalvikvm( 1468): WAIT_FOR_CONCURRENT_GC blocked 22ms
05-20 11:09:05.416 D/dalvikvm( 1468): WAIT_FOR_CONCURRENT_GC blocked 22ms
05-20 11:09:10.517 V/WiseDownloadConditionControler(10785): checkCondition  type : WISE_DOWNLOAD  inerrupting: true
05-20 11:09:10.525 W/Parcel  ( 1661): Attempt to read object from Parcel 0x6013bdac at offset 200 that is not in the object list
05-20 11:09:10.533 W/Parcel  ( 1661): Attempt to read object from Parcel 0x6003bdac at offset 200 that is not in the object list
05-20 11:09:23.705 V/a       (26771): Wait for reconcileAccounts finished in 45001ms
05-20 11:09:23.713 D/ExchangeService(26771): !!! EAS ExchangeService, stopping self
05-20 11:09:23.713 D/ExchangeService(26771): !!! EAS ExchangeService, onDestroy
05-20 11:09:29.806 D/dalvikvm(10785): GC_CONCURRENT freed 380K, 6% free 9904K/10460K, paused 4ms+3ms, total 29ms
05-20 11:09:38.416 D/dalvikvm( 1661): GC_EXPLICIT freed 341K, 18% free 13081K/15888K, paused 3ms+5ms, total 60ms
05-20 11:09:43.486 D/dalvikvm( 1661): GC_EXPLICIT freed 4K, 18% free 13076K/15888K, paused 2ms+5ms, total 59ms
05-20 11:09:53.486 D/dalvikvm( 1661): GC_EXPLICIT freed <1K, 18% free 13076K/15888K, paused 3ms+4ms, total 59ms
05-20 11:09:56.916 W/MountService(  374): getVolumeState(/storage/emulated/0/external_sd): Unknown volume
05-20 11:09:56.924 W/MountService(  374): getVolumeState(/mnt/sdcard-ext): Unknown volume
05-20 11:09:56.924 W/MountService(  374): getVolumeState(/mnt/ext_sdcard): Unknown volume
05-20 11:09:56.924 W/MountService(  374): getVolumeState(/mnt/sdcard2): Unknown volume
05-20 11:09:56.924 W/MountService(  374): getVolumeState(/mnt/emmc): Unknown volume
05-20 11:09:56.924 W/MountService(  374): getVolumeState(/mnt/extSdCard): Unknown volume
05-20 11:09:56.924 W/MountService(  374): getVolumeState(/mnt/sdcard/SD_CARD): Unknown volume
05-20 11:09:56.924 W/MountService(  374): getVolumeState(/mnt/sdcard/extra_sd): Unknown volume
05-20 11:09:56.931 W/MountService(  374): getVolumeState(/mnt/extrasd_bind): Unknown volume
05-20 11:09:56.931 W/MountService(  374): getVolumeState(/mnt/sdcard/ext_sd): Unknown volume
05-20 11:09:56.931 W/MountService(  374): getVolumeState(/storage/extSdCard): Unknown volume
05-20 11:09:56.931 W/MountService(  374): getVolumeState(/storage/sdcard1): Unknown volume
05-20 11:09:56.939 W/MountService(  374): getVolumeState(/mnt/sdcard/external_SD): Unknown volume
05-20 11:09:56.939 W/MountService(  374): getVolumeState(/mnt/sdcard/external_sd): Unknown volume
05-20 11:09:56.955 D/dalvikvm( 1468): GC_CONCURRENT freed 549K, 21% free 9627K/12104K, paused 5ms+5ms, total 53ms
05-20 11:09:56.955 D/dalvikvm( 1468): WAIT_FOR_CONCURRENT_GC blocked 18ms
05-20 11:09:56.971 D/dalvikvm( 1468): WAIT_FOR_CONCURRENT_GC blocked 31ms
05-20 11:09:57.283 D/dalvikvm( 1468): GC_CONCURRENT freed 466K, 21% free 9672K/12104K, paused 15ms+4ms, total 54ms
05-20 11:09:57.283 D/dalvikvm( 1468): WAIT_FOR_CONCURRENT_GC blocked 21ms
05-20 11:09:57.283 D/dalvikvm( 1468): WAIT_FOR_CONCURRENT_GC blocked 22ms
05-20 11:09:57.291 W/MountService(  374): getVolumeState(/storage/emulated/0/external_sd): Unknown volume
05-20 11:09:57.291 W/MountService(  374): getVolumeState(/mnt/sdcard-ext): Unknown volume
05-20 11:09:57.291 W/MountService(  374): getVolumeState(/mnt/ext_sdcard): Unknown volume
05-20 11:09:57.291 W/MountService(  374): getVolumeState(/mnt/sdcard2): Unknown volume
05-20 11:09:57.291 W/MountService(  374): getVolumeState(/mnt/emmc): Unknown volume
05-20 11:09:57.291 W/MountService(  374): getVolumeState(/mnt/extSdCard): Unknown volume
05-20 11:09:57.291 W/MountService(  374): getVolumeState(/mnt/sdcard/SD_CARD): Unknown volume
05-20 11:09:57.299 W/MountService(  374): getVolumeState(/mnt/sdcard/extra_sd): Unknown volume
05-20 11:09:57.299 W/MountService(  374): getVolumeState(/mnt/extrasd_bind): Unknown volume
05-20 11:09:57.299 W/MountService(  374): getVolumeState(/mnt/sdcard/ext_sd): Unknown volume
05-20 11:09:57.299 W/MountService(  374): getVolumeState(/storage/extSdCard): Unknown volume
05-20 11:09:57.299 W/MountService(  374): getVolumeState(/storage/sdcard1): Unknown volume
05-20 11:09:57.299 W/MountService(  374): getVolumeState(/mnt/sdcard/external_SD): Unknown volume
05-20 11:09:57.299 W/MountService(  374): getVolumeState(/mnt/sdcard/external_sd): Unknown volume
05-20 11:09:57.408 D/dalvikvm( 1468): GC_CONCURRENT freed 454K, 21% free 9606K/12104K, paused 5ms+4ms, total 32ms
05-20 11:10:25.353 D/dalvikvm(27684): Late-enabling CheckJNI
05-20 11:10:25.353 I/ActivityManager(  374): Start proc com.pekall.emdm.launcher:remote for service com.pekall.emdm.launcher/com.baidu.location.f: pid=27684 uid=10066 gids={50066, 1015, 3002, 3001, 3003, 1028}
05-20 11:10:25.377 D/dalvikvm(  125): GC_EXPLICIT freed 44K, 1% free 8921K/9008K, paused 2ms+3ms, total 33ms
05-20 11:10:25.408 D/dalvikvm(  125): GC_EXPLICIT freed <1K, 1% free 8921K/9008K, paused 2ms+3ms, total 26ms
05-20 11:10:25.431 D/dalvikvm(  125): GC_EXPLICIT freed <1K, 1% free 8921K/9008K, paused 2ms+3ms, total 25ms
05-20 11:10:25.455 D/ScClassLoader(27684): >> SOURCE FILE: /data/data/com.pekall.emdm.launcher/app_jars/sc-jdk15on-1.47.0.2.dex.jar
05-20 11:10:25.471 V/MyServiceConnection(27684): [SConnection] sandbox service is NOT installed.
05-20 11:10:25.471 V/MyServiceConnection(27684): [SConnection] binding service: pekall.intent.action.SANDBOX_SERVICE
05-20 11:10:25.525 D/dalvikvm(27684): GC_CONCURRENT freed 163K, 3% free 9271K/9472K, paused 3ms+3ms, total 46ms
05-20 11:10:25.525 D/dalvikvm(27684): WAIT_FOR_CONCURRENT_GC blocked 8ms
05-20 11:10:25.525 D/dalvikvm(27684): WAIT_FOR_CONCURRENT_GC blocked 7ms
05-20 11:10:25.549 W/Parcel  ( 1661): Attempt to read object from Parcel 0x5ef3bdac at offset 200 that is not in the object list
05-20 11:10:25.549 W/Parcel  ( 1661): Attempt to read object from Parcel 0x5ec3bdac at offset 200 that is not in the object list
05-20 11:10:25.549 D/Email   (27684): Email: init sandbox at the beginning.
05-20 11:10:25.549 V/MyServiceConnection(27684): [SConnection] retry to bind service
05-20 11:10:25.549 V/MyServiceConnection(27684): [SConnection] sandbox service is NOT installed.
05-20 11:10:25.549 V/MyServiceConnection(27684): [SConnection] binding service: pekall.intent.action.SANDBOX_SERVICE
05-20 11:10:25.588 V/MyServiceConnection(27684): [SConnection] retry to bind service
05-20 11:10:25.588 V/MyServiceConnection(27684): [SConnection] sandbox service is NOT installed.
05-20 11:10:25.588 V/MyServiceConnection(27684): [SConnection] binding service: pekall.intent.action.SANDBOX_SERVICE
05-20 11:10:25.596 V/l       (27684): Bind requested for task setLogging
05-20 11:10:25.603 D/ExchangeService(26771): !!! EAS ExchangeService, onCreate
05-20 11:10:25.603 W/Parcel  ( 1661): Attempt to read object from Parcel 0x5dfd3dac at offset 200 that is not in the object list
05-20 11:10:25.603 D/ExchangeService(26771): !!! EAS ExchangeService, onStartCommand, startingUp = false, running = false
05-20 11:10:25.603 D/ExchangeService(26771): to start secureStorageService now
05-20 11:10:25.603 V/a       (26771): Bind requested for task test
05-20 11:10:25.611 V/a       (26771): Connected: com.pekall.semail.service.AccountServiceInternal
05-20 11:10:25.611 D/ExchangeService(26771): Reconciling accounts...
05-20 11:10:25.611 V/a       (26771): Bind requested for task reconcileAccounts
05-20 11:10:25.619 V/a       (26771): Connected: com.pekall.semail.service.AccountServiceInternal
05-20 11:10:25.619 V/a       (26771): Connection test succeeded in 13ms
05-20 11:10:25.642 V/a       (26771): Task test completed; disconnecting
05-20 11:10:25.666 D/dalvikvm(27684): GC_CONCURRENT freed 202K, 3% free 9583K/9824K, paused 29ms+4ms, total 66ms
05-20 11:10:25.666 D/dalvikvm(27684): WAIT_FOR_CONCURRENT_GC blocked 10ms
05-20 11:10:25.666 D/dalvikvm(27684): WAIT_FOR_CONCURRENT_GC blocked 1ms
05-20 11:10:25.666 V/a       (26771): Waiting for task reconcileAccounts to complete...
05-20 11:10:25.674 D/dalvikvm(27684): WAIT_FOR_CONCURRENT_GC blocked 9ms
05-20 11:10:25.674 V/a       (26771): Task reconcileAccounts completed; disconnecting
05-20 11:10:25.674 V/a       (26771): Wait for reconcileAccounts finished in 57ms
05-20 11:10:25.681 D/ExchangeService(26771): !!! EAS ExchangeService, stopping self
05-20 11:10:25.697 W/DocumentManager(27684): Sandbox service is not connected.
05-20 11:10:25.697 D/MessageControllerImpl(27684): controller is null
05-20 11:10:25.697 V/MyServiceConnection(27684): [SConnection] retry to bind service
05-20 11:10:25.697 V/MyServiceConnection(27684): [SConnection] sandbox service is NOT installed.
05-20 11:10:25.697 V/MyServiceConnection(27684): [SConnection] binding service: pekall.intent.action.SANDBOX_SERVICE
05-20 11:10:25.697 W/SQLiteOpenHelper(27684): Opened /data/data/com.pekall.emdm.launcher/databases/message.db
05-20 11:10:25.705 W/dalvikvm(27684): No implementation found for native Lcom/pekall/sandbox/database/sqlite/SQLiteDatabase;.native_setSqliteSoftHeapLimit:(I)V
05-20 11:10:25.713 D/AndroidRuntime(27684): Shutting down VM
05-20 11:10:25.713 W/dalvikvm(27684): threadid=1: thread exiting with uncaught exception (group=0x419c8700)
05-20 11:10:25.713 D/        (27684): [---null: -1---]  Thread is main
05-20 11:10:25.713 W/System.err(27684): java.lang.UnsatisfiedLinkError: Native method not found: com.pekall.sandbox.database.sqlite.SQLiteDatabase.native_setSqliteSoftHeapLimit:(I)V
05-20 11:10:25.713 W/System.err(27684): 	at com.pekall.sandbox.database.sqlite.SQLiteDatabase.native_setSqliteSoftHeapLimit(Native Method)
05-20 11:10:25.721 W/System.err(27684): 	at com.pekall.sandbox.database.sqlite.SQLiteDatabase.<init>(Unknown Source)
05-20 11:10:25.721 W/System.err(27684): 	at com.pekall.sandbox.database.sqlite.SQLiteDatabase.openDatabase(Unknown Source)
05-20 11:10:25.721 W/System.err(27684): 	at com.pekall.sandbox.database.sqlite.SQLiteDatabase.openDatabase(Unknown Source)
05-20 11:10:25.721 W/System.err(27684): 	at com.pekall.sandbox.database.sqlite.SQLiteDatabase.openDatabase(Unknown Source)
05-20 11:10:25.721 W/System.err(27684): 	at com.pekall.sandbox.database.sqlite.SQLiteOpenHelper.getWritableDatabase(Unknown Source)
05-20 11:10:25.721 W/System.err(27684): 	at com.pekall.emdm.messagecenter.db.a.a(Unknown Source)
05-20 11:10:25.721 W/System.err(27684): 	at com.pekall.emdm.messagecenter.db.a.b(Unknown Source)
05-20 11:10:25.721 W/System.err(27684): 	at com.pekall.emdm.messagecenter.activity.a.onCreate(Unknown Source)
05-20 11:10:25.721 W/System.err(27684): 	at com.pekall.emdm.launcher.LauncherApplication.onCreate(Unknown Source)
05-20 11:10:25.721 W/System.err(27684): 	at android.app.Instrumentation.callApplicationOnCreate(Instrumentation.java:1007)
05-20 11:10:25.721 W/System.err(27684): 	at android.app.ActivityThread.handleBindApplication(ActivityThread.java:4444)
05-20 11:10:25.721 W/System.err(27684): 	at android.app.ActivityThread.access$1300(ActivityThread.java:141)
05-20 11:10:25.721 W/System.err(27684): 	at android.app.ActivityThread$H.handleMessage(ActivityThread.java:1316)
05-20 11:10:25.721 W/System.err(27684): 	at android.os.Handler.dispatchMessage(Handler.java:99)
05-20 11:10:25.721 W/System.err(27684): 	at android.os.Looper.loop(Looper.java:137)
05-20 11:10:25.721 W/System.err(27684): 	at android.app.ActivityThread.main(ActivityThread.java:5103)
05-20 11:10:25.721 W/System.err(27684): 	at java.lang.reflect.Method.invokeNative(Native Method)
05-20 11:10:25.721 W/System.err(27684): 	at java.lang.reflect.Method.invoke(Method.java:525)
05-20 11:10:25.721 W/System.err(27684): 	at com.android.internal.os.ZygoteInit$MethodAndArgsCaller.run(ZygoteInit.java:737)
05-20 11:10:25.721 W/System.err(27684): 	at com.android.internal.os.ZygoteInit.main(ZygoteInit.java:553)
05-20 11:10:25.721 W/System.err(27684): 	at dalvik.system.NativeStart.main(Native Method)
05-20 11:10:25.822 D/ActivityThread(27684): Loading provider com.pekall.semail.provider;com.pekall.semail.notifier: com.pekall.semail.provider.EmailProvider
05-20 11:10:25.924 D/ActivityThread(27684): Loading provider com.pekall.semail.provider;com.pekall.semail.notifier: com.pekall.semail.provider.EmailProvider
05-20 11:10:25.994 D/dalvikvm(27684): GC_CONCURRENT freed 508K, 6% free 9494K/10044K, paused 4ms+11ms, total 40ms
05-20 11:10:26.361 W/EmailProvider(27684): restoreIfNeeded...
05-20 11:10:26.611 D/EmailProvider(27684): restoreAccounts...
05-20 11:10:29.236 D/EmailProvider(27684): No accounts to restore...
05-20 11:10:29.260 D/EmailProvider(27684): Deleting orphans...
05-20 11:10:29.666 D/EmailProvider(27684): EmailProvider pre-caching...
05-20 11:10:30.494 D/EmailProvider(27684): EmailProvider ready.
05-20 11:10:30.822 W/ActivityManager(  374): Unable to start service Intent { cmp=com.pekall.emdm.launcher/com.pekall.semail.service.AttachmentDownloadService } U=0: not found
05-20 11:10:30.853 I/Email   (27684): Notifications being toggled: false
05-20 11:10:45.431 W/ActivityManager(  374): Timeout executing service: ServiceRecord{42d711c0 u0 com.pekall.emdm.launcher/com.baidu.location.f}
05-20 11:10:45.455 I/Process (  374): Sending signal. PID: 27684 SIG: 3
05-20 11:10:45.455 I/dalvikvm(27684): threadid=3: reacting to signal 3
05-20 11:10:45.658 I/Process (  374): Sending signal. PID: 374 SIG: 3
05-20 11:10:45.658 I/dalvikvm(  374): threadid=3: reacting to signal 3
05-20 11:10:45.705 D/dalvikvm(27684): JIT unchain all for threadid=11
05-20 11:10:45.767 I/dalvikvm(27684): Wrote stack traces to '/data/anr/traces.txt'
05-20 11:10:50.228 I/dalvikvm(  374): Wrote stack traces to '/data/anr/traces.txt'
05-20 11:10:50.236 I/Process (  374): Sending signal. PID: 448 SIG: 3
05-20 11:10:50.236 I/Process (  374): Sending signal. PID: 561 SIG: 3
05-20 11:10:50.236 I/dalvikvm(  561): threadid=3: reacting to signal 3
05-20 11:10:50.236 I/dalvikvm(  448): threadid=3: reacting to signal 3
05-20 11:10:50.244 I/Process (  374): Sending signal. PID: 568 SIG: 3
05-20 11:10:50.244 I/dalvikvm(  568): threadid=3: reacting to signal 3
05-20 11:10:50.330 I/dalvikvm(  568): Wrote stack traces to '/data/anr/traces.txt'
05-20 11:10:50.330 I/dalvikvm(  561): Wrote stack traces to '/data/anr/traces.txt'
05-20 11:10:50.744 I/dalvikvm(  448): Wrote stack traces to '/data/anr/traces.txt'
05-20 11:10:50.861 D/dalvikvm(  374): GC_CONCURRENT freed 3241K, 24% free 20959K/27544K, paused 6ms+9ms, total 152ms
05-20 11:10:50.861 D/dalvikvm(  374): WAIT_FOR_CONCURRENT_GC blocked 88ms
05-20 11:10:51.127 D/dalvikvm(  374): GC_EXPLICIT freed 528K, 24% free 21127K/27544K, paused 5ms+11ms, total 112ms
05-20 11:10:51.713 I/Process (  374): Sending signal. PID: 26771 SIG: 3
05-20 11:10:51.713 I/dalvikvm(26771): threadid=3: reacting to signal 3
05-20 11:10:51.939 E/ActivityManager(  374): ANR in com.pekall.emdm.launcher:remote
05-20 11:10:51.939 E/ActivityManager(  374): Reason: Executing service com.pekall.emdm.launcher/com.baidu.location.f
05-20 11:10:51.939 E/ActivityManager(  374): Load: 2.12 / 2.05 / 1.9
05-20 11:10:51.939 E/ActivityManager(  374): CPU usage from 0ms to 6484ms later:
05-20 11:10:51.939 E/ActivityManager(  374):   83% 26771/com.pekall.emdm.launcher: 83% user + 0% kernel
05-20 11:10:51.939 E/ActivityManager(  374):   83% 27684/com.pekall.emdm.launcher:remote: 82% user + 0.6% kernel / faults: 111 minor
05-20 11:10:51.939 E/ActivityManager(  374):   25% 374/system_server: 21% user + 4.6% kernel / faults: 521 minor
05-20 11:10:51.939 E/ActivityManager(  374):   0.5% 448/com.android.systemui: 0.4% user + 0.1% kernel / faults: 24 minor
05-20 11:10:51.939 E/ActivityManager(  374):   0.6% 561/com.android.phone: 0.3% user + 0.3% kernel / faults: 26 minor
05-20 11:10:51.939 E/ActivityManager(  374):   0% 568/com.android.nfc: 0% user + 0% kernel / faults: 28 minor
05-20 11:10:51.939 E/ActivityManager(  374):   0% 1615/logcat: 0% user + 0% kernel
05-20 11:10:51.939 E/ActivityManager(  374):   0.1% 24876/com.qihoo.appstore: 0.1% user + 0% kernel / faults: 2 minor
05-20 11:10:51.939 E/ActivityManager(  374):   0.1% 26157/com.nd.assistance.ServerService: 0% user + 0.1% kernel
05-20 11:10:51.939 E/ActivityManager(  374): 99% TOTAL: 95% user + 3.6% kernel
05-20 11:10:51.939 E/ActivityManager(  374): CPU usage from 5702ms to 6240ms later:
05-20 11:10:51.939 E/ActivityManager(  374):   98% 26771/com.pekall.emdm.launcher: 98% user + 0% kernel
05-20 11:10:51.939 E/ActivityManager(  374):     96% 26784/Thread-1176: 96% user + 0% kernel
05-20 11:10:51.939 E/ActivityManager(  374):   90% 27684/com.pekall.emdm.launcher:remote: 90% user + 0% kernel
05-20 11:10:51.939 E/ActivityManager(  374):     88% 27697/Thread-1230: 88% user + 0% kernel
05-20 11:10:51.939 E/ActivityManager(  374):   7.2% 374/system_server: 0% user + 7.2% kernel
05-20 11:10:51.939 E/ActivityManager(  374):     5.4% 390/ActivityManager: 0% user + 5.4% kernel
05-20 11:10:51.939 E/ActivityManager(  374): 96% TOTAL: 92% user + 3.7% kernel
05-20 11:10:51.955 W/ActivityManager(  374): Killing ProcessRecord{4229bd80 27684:com.pekall.emdm.launcher:remote/u0a10066}: background ANR
05-20 11:10:51.963 D/dalvikvm(26771): JIT unchain all for threadid=11
05-20 11:10:51.978 I/ActivityManager(  374): Process com.pekall.emdm.launcher:remote (pid 27684) has died.
05-20 11:10:51.978 W/ActivityManager(  374): Scheduling restart of crashed service com.pekall.emdm.launcher/com.baidu.location.f in 320000ms
05-20 11:10:52.072 I/dalvikvm(26771): Wrote stack traces to '/data/anr/traces.txt'
05-20 11:10:52.072 D/ExchangeService(26771): !!! EAS ExchangeService, onDestroy
05-20 11:10:53.697 I/ActivityManager(  374): No longer want android.process.media (pid 24510): empty for 1802s
