05-20 15:27:33.002 W/MountService(  374): getVolumeState(/mnt/sdcard2): Unknown volume
05-20 15:27:33.002 W/MountService(  374): getVolumeState(/mnt/emmc): Unknown volume
05-20 15:27:33.002 W/MountService(  374): getVolumeState(/mnt/extSdCard): Unknown volume
05-20 15:27:33.002 W/MountService(  374): getVolumeState(/mnt/sdcard/SD_CARD): Unknown volume
05-20 15:27:33.002 W/MountService(  374): getVolumeState(/mnt/sdcard/extra_sd): Unknown volume
05-20 15:27:33.010 W/MountService(  374): getVolumeState(/mnt/extrasd_bind): Unknown volume
05-20 15:27:33.010 W/MountService(  374): getVolumeState(/mnt/sdcard/ext_sd): Unknown volume
05-20 15:27:33.010 W/MountService(  374): getVolumeState(/storage/extSdCard): Unknown volume
05-20 15:27:33.010 W/MountService(  374): getVolumeState(/storage/sdcard1): Unknown volume
05-20 15:27:33.010 W/MountService(  374): getVolumeState(/mnt/sdcard/external_SD): Unknown volume
05-20 15:27:33.010 W/MountService(  374): getVolumeState(/mnt/sdcard/external_sd): Unknown volume
05-20 15:28:13.033 W/BroadcastQueue(  374): Timeout of broadcast BroadcastRecord{4303b628 u0 com.pekall.mdm.action.MDM_ALARM} - receiver=android.os.BinderProxy@429033e0, started 60013ms ago
05-20 15:28:13.033 W/BroadcastQueue(  374): Receiver during timeout: BroadcastFilter{4296bb18 u0 ReceiverList{4296be68 26771 com.pekall.emdm.launcher/10066/u0 remote:429033e0}}
05-20 15:28:13.080 I/ActivityManager(  374): Skipping duplicate ANR: ProcessRecord{42291a78 26771:com.pekall.emdm.launcher/u0a10066} Broadcast of Intent { act=com.pekall.mdm.action.MDM_ALARM flg=0x14 (has extras) }
05-20 15:28:32.431 W/MountService(  374): getVolumeState(/storage/emulated/0/external_sd): Unknown volume
05-20 15:28:32.431 W/MountService(  374): getVolumeState(/mnt/sdcard-ext): Unknown volume
05-20 15:28:32.431 W/MountService(  374): getVolumeState(/mnt/ext_sdcard): Unknown volume
05-20 15:28:32.431 W/MountService(  374): getVolumeState(/mnt/sdcard2): Unknown volume
05-20 15:28:32.431 W/MountService(  374): getVolumeState(/mnt/emmc): Unknown volume
05-20 15:28:32.439 W/MountService(  374): getVolumeState(/mnt/extSdCard): Unknown volume
05-20 15:28:32.439 W/MountService(  374): getVolumeState(/mnt/sdcard/SD_CARD): Unknown volume
05-20 15:28:32.439 W/MountService(  374): getVolumeState(/mnt/sdcard/extra_sd): Unknown volume
05-20 15:28:32.439 W/MountService(  374): getVolumeState(/mnt/extrasd_bind): Unknown volume
05-20 15:28:32.439 W/MountService(  374): getVolumeState(/mnt/sdcard/ext_sd): Unknown volume
05-20 15:28:32.439 W/MountService(  374): getVolumeState(/storage/extSdCard): Unknown volume
05-20 15:28:32.439 W/MountService(  374): getVolumeState(/storage/sdcard1): Unknown volume
05-20 15:28:32.439 W/MountService(  374): getVolumeState(/mnt/sdcard/external_SD): Unknown volume
05-20 15:28:32.447 W/MountService(  374): getVolumeState(/mnt/sdcard/external_sd): Unknown volume
05-20 15:28:32.752 W/MountService(  374): getVolumeState(/storage/emulated/0/external_sd): Unknown volume
05-20 15:28:32.752 W/MountService(  374): getVolumeState(/mnt/sdcard-ext): Unknown volume
05-20 15:28:32.760 W/MountService(  374): getVolumeState(/mnt/ext_sdcard): Unknown volume
05-20 15:28:32.760 W/MountService(  374): getVolumeState(/mnt/sdcard2): Unknown volume
05-20 15:28:32.760 W/MountService(  374): getVolumeState(/mnt/emmc): Unknown volume
05-20 15:28:32.760 W/MountService(  374): getVolumeState(/mnt/extSdCard): Unknown volume
05-20 15:28:32.760 W/MountService(  374): getVolumeState(/mnt/sdcard/SD_CARD): Unknown volume
05-20 15:28:32.760 W/MountService(  374): getVolumeState(/mnt/sdcard/extra_sd): Unknown volume
05-20 15:28:32.760 W/MountService(  374): getVolumeState(/mnt/extrasd_bind): Unknown volume
05-20 15:28:32.760 W/MountService(  374): getVolumeState(/mnt/sdcard/ext_sd): Unknown volume
05-20 15:28:32.767 W/MountService(  374): getVolumeState(/storage/extSdCard): Unknown volume
05-20 15:28:32.767 W/MountService(  374): getVolumeState(/storage/sdcard1): Unknown volume
05-20 15:28:32.767 W/MountService(  374): getVolumeState(/mnt/sdcard/external_SD): Unknown volume
05-20 15:28:32.767 W/MountService(  374): getVolumeState(/mnt/sdcard/external_sd): Unknown volume
05-20 15:29:32.439 W/MountService(  374): getVolumeState(/storage/emulated/0/external_sd): Unknown volume
05-20 15:29:32.439 W/MountService(  374): getVolumeState(/mnt/sdcard-ext): Unknown volume
05-20 15:29:32.439 W/MountService(  374): getVolumeState(/mnt/ext_sdcard): Unknown volume
05-20 15:29:32.439 W/MountService(  374): getVolumeState(/mnt/sdcard2): Unknown volume
05-20 15:29:32.439 W/MountService(  374): getVolumeState(/mnt/emmc): Unknown volume
05-20 15:29:32.439 W/MountService(  374): getVolumeState(/mnt/extSdCard): Unknown volume
05-20 15:29:32.439 W/MountService(  374): getVolumeState(/mnt/sdcard/SD_CARD): Unknown volume
05-20 15:29:32.447 W/MountService(  374): getVolumeState(/mnt/sdcard/extra_sd): Unknown volume
05-20 15:29:32.447 W/MountService(  374): getVolumeState(/mnt/extrasd_bind): Unknown volume
05-20 15:29:32.447 W/MountService(  374): getVolumeState(/mnt/sdcard/ext_sd): Unknown volume
05-20 15:29:32.447 W/MountService(  374): getVolumeState(/storage/extSdCard): Unknown volume
05-20 15:29:32.447 W/MountService(  374): getVolumeState(/storage/sdcard1): Unknown volume
05-20 15:29:32.455 W/MountService(  374): getVolumeState(/mnt/sdcard/external_SD): Unknown volume
05-20 15:29:32.455 W/MountService(  374): getVolumeState(/mnt/sdcard/external_sd): Unknown volume
05-20 15:29:32.799 W/MountService(  374): getVolumeState(/storage/emulated/0/external_sd): Unknown volume
05-20 15:29:32.806 W/MountService(  374): getVolumeState(/mnt/sdcard-ext): Unknown volume
05-20 15:29:32.806 W/MountService(  374): getVolumeState(/mnt/ext_sdcard): Unknown volume
05-20 15:29:32.806 W/MountService(  374): getVolumeState(/mnt/sdcard2): Unknown volume
05-20 15:29:32.806 W/MountService(  374): getVolumeState(/mnt/emmc): Unknown volume
05-20 15:29:32.806 W/MountService(  374): getVolumeState(/mnt/extSdCard): Unknown volume
05-20 15:29:32.806 W/MountService(  374): getVolumeState(/mnt/sdcard/SD_CARD): Unknown volume
05-20 15:29:32.806 W/MountService(  374): getVolumeState(/mnt/sdcard/extra_sd): Unknown volume
05-20 15:29:32.806 W/MountService(  374): getVolumeState(/mnt/extrasd_bind): Unknown volume
05-20 15:29:32.814 W/MountService(  374): getVolumeState(/mnt/sdcard/ext_sd): Unknown volume
05-20 15:29:32.822 W/MountService(  374): getVolumeState(/storage/extSdCard): Unknown volume
05-20 15:29:32.822 W/MountService(  374): getVolumeState(/storage/sdcard1): Unknown volume
05-20 15:29:32.822 W/MountService(  374): getVolumeState(/mnt/sdcard/external_SD): Unknown volume
05-20 15:29:32.830 W/MountService(  374): getVolumeState(/mnt/sdcard/external_sd): Unknown volume
05-20 15:30:32.478 W/MountService(  374): getVolumeState(/storage/emulated/0/external_sd): Unknown volume
05-20 15:30:32.478 W/MountService(  374): getVolumeState(/mnt/sdcard-ext): Unknown volume
05-20 15:30:32.478 W/MountService(  374): getVolumeState(/mnt/ext_sdcard): Unknown volume
05-20 15:30:32.478 W/MountService(  374): getVolumeState(/mnt/sdcard2): Unknown volume
05-20 15:30:32.478 W/MountService(  374): getVolumeState(/mnt/emmc): Unknown volume
05-20 15:30:32.478 W/MountService(  374): getVolumeState(/mnt/extSdCard): Unknown volume
05-20 15:30:32.478 W/MountService(  374): getVolumeState(/mnt/sdcard/SD_CARD): Unknown volume
05-20 15:30:32.478 W/MountService(  374): getVolumeState(/mnt/sdcard/extra_sd): Unknown volume
05-20 15:30:32.478 W/MountService(  374): getVolumeState(/mnt/extrasd_bind): Unknown volume
05-20 15:30:32.486 W/MountService(  374): getVolumeState(/mnt/sdcard/ext_sd): Unknown volume
05-20 15:30:32.486 W/MountService(  374): getVolumeState(/storage/extSdCard): Unknown volume
05-20 15:30:32.486 W/MountService(  374): getVolumeState(/storage/sdcard1): Unknown volume
05-20 15:30:32.494 W/MountService(  374): getVolumeState(/mnt/sdcard/external_SD): Unknown volume
05-20 15:30:32.494 W/MountService(  374): getVolumeState(/mnt/sdcard/external_sd): Unknown volume
05-20 15:30:32.806 W/MountService(  374): getVolumeState(/storage/emulated/0/external_sd): Unknown volume
05-20 15:30:32.806 W/MountService(  374): getVolumeState(/mnt/sdcard-ext): Unknown volume
05-20 15:30:32.806 W/MountService(  374): getVolumeState(/mnt/ext_sdcard): Unknown volume
05-20 15:30:32.814 W/MountService(  374): getVolumeState(/mnt/sdcard2): Unknown volume
05-20 15:30:32.814 W/MountService(  374): getVolumeState(/mnt/emmc): Unknown volume
05-20 15:30:32.814 W/MountService(  374): getVolumeState(/mnt/extSdCard): Unknown volume
05-20 15:30:32.814 W/MountService(  374): getVolumeState(/mnt/sdcard/SD_CARD): Unknown volume
05-20 15:30:32.838 W/MountService(  374): getVolumeState(/mnt/sdcard/extra_sd): Unknown volume
05-20 15:30:32.838 W/MountService(  374): getVolumeState(/mnt/extrasd_bind): Unknown volume
05-20 15:30:32.838 W/MountService(  374): getVolumeState(/mnt/sdcard/ext_sd): Unknown volume
05-20 15:30:32.838 W/MountService(  374): getVolumeState(/storage/extSdCard): Unknown volume
05-20 15:30:32.838 W/MountService(  374): getVolumeState(/storage/sdcard1): Unknown volume
05-20 15:30:32.846 W/MountService(  374): getVolumeState(/mnt/sdcard/external_SD): Unknown volume
05-20 15:30:32.846 W/MountService(  374): getVolumeState(/mnt/sdcard/external_sd): Unknown volume
05-20 15:31:32.471 W/MountService(  374): getVolumeState(/storage/emulated/0/external_sd): Unknown volume
05-20 15:31:32.478 W/MountService(  374): getVolumeState(/mnt/sdcard-ext): Unknown volume
05-20 15:31:32.478 W/MountService(  374): getVolumeState(/mnt/ext_sdcard): Unknown volume
05-20 15:31:32.478 W/MountService(  374): getVolumeState(/mnt/sdcard2): Unknown volume
05-20 15:31:32.478 W/MountService(  374): getVolumeState(/mnt/emmc): Unknown volume
05-20 15:31:32.478 W/MountService(  374): getVolumeState(/mnt/extSdCard): Unknown volume
05-20 15:31:32.478 W/MountService(  374): getVolumeState(/mnt/sdcard/SD_CARD): Unknown volume
05-20 15:31:32.478 W/MountService(  374): getVolumeState(/mnt/sdcard/extra_sd): Unknown volume
05-20 15:31:32.478 W/MountService(  374): getVolumeState(/mnt/extrasd_bind): Unknown volume
05-20 15:31:32.478 W/MountService(  374): getVolumeState(/mnt/sdcard/ext_sd): Unknown volume
05-20 15:31:32.486 W/MountService(  374): getVolumeState(/storage/extSdCard): Unknown volume
05-20 15:31:32.486 W/MountService(  374): getVolumeState(/storage/sdcard1): Unknown volume
05-20 15:31:32.486 W/MountService(  374): getVolumeState(/mnt/sdcard/external_SD): Unknown volume
05-20 15:31:32.486 W/MountService(  374): getVolumeState(/mnt/sdcard/external_sd): Unknown volume
05-20 15:31:32.806 W/MountService(  374): getVolumeState(/storage/emulated/0/external_sd): Unknown volume
05-20 15:31:32.806 W/MountService(  374): getVolumeState(/mnt/sdcard-ext): Unknown volume
05-20 15:31:32.806 W/MountService(  374): getVolumeState(/mnt/ext_sdcard): Unknown volume
05-20 15:31:32.806 W/MountService(  374): getVolumeState(/mnt/sdcard2): Unknown volume
05-20 15:31:32.814 W/MountService(  374): getVolumeState(/mnt/emmc): Unknown volume
05-20 15:31:32.814 W/MountService(  374): getVolumeState(/mnt/extSdCard): Unknown volume
05-20 15:31:32.814 W/MountService(  374): getVolumeState(/mnt/sdcard/SD_CARD): Unknown volume
05-20 15:31:32.814 W/MountService(  374): getVolumeState(/mnt/sdcard/extra_sd): Unknown volume
05-20 15:31:32.814 W/MountService(  374): getVolumeState(/mnt/extrasd_bind): Unknown volume
05-20 15:31:32.814 W/MountService(  374): getVolumeState(/mnt/sdcard/ext_sd): Unknown volume
05-20 15:31:32.814 W/MountService(  374): getVolumeState(/storage/extSdCard): Unknown volume
05-20 15:31:32.814 W/MountService(  374): getVolumeState(/storage/sdcard1): Unknown volume
05-20 15:31:32.814 W/MountService(  374): getVolumeState(/mnt/sdcard/external_SD): Unknown volume
05-20 15:31:32.814 W/MountService(  374): getVolumeState(/mnt/sdcard/external_sd): Unknown volume
05-20 15:32:32.471 W/MountService(  374): getVolumeState(/storage/emulated/0/external_sd): Unknown volume
05-20 15:32:32.471 W/MountService(  374): getVolumeState(/mnt/sdcard-ext): Unknown volume
05-20 15:32:32.471 W/MountService(  374): getVolumeState(/mnt/ext_sdcard): Unknown volume
05-20 15:32:32.471 W/MountService(  374): getVolumeState(/mnt/sdcard2): Unknown volume
05-20 15:32:32.471 W/MountService(  374): getVolumeState(/mnt/emmc): Unknown volume
05-20 15:32:32.478 W/MountService(  374): getVolumeState(/mnt/extSdCard): Unknown volume
05-20 15:32:32.478 W/MountService(  374): getVolumeState(/mnt/sdcard/SD_CARD): Unknown volume
05-20 15:32:32.478 W/MountService(  374): getVolumeState(/mnt/sdcard/extra_sd): Unknown volume
05-20 15:32:32.478 W/MountService(  374): getVolumeState(/mnt/extrasd_bind): Unknown volume
05-20 15:32:32.494 W/MountService(  374): getVolumeState(/mnt/sdcard/ext_sd): Unknown volume
05-20 15:32:32.494 W/MountService(  374): getVolumeState(/storage/extSdCard): Unknown volume
05-20 15:32:32.494 W/MountService(  374): getVolumeState(/storage/sdcard1): Unknown volume
05-20 15:32:32.494 W/MountService(  374): getVolumeState(/mnt/sdcard/external_SD): Unknown volume
05-20 15:32:32.494 W/MountService(  374): getVolumeState(/mnt/sdcard/external_sd): Unknown volume
05-20 15:32:32.822 W/MountService(  374): getVolumeState(/storage/emulated/0/external_sd): Unknown volume
05-20 15:32:32.822 W/MountService(  374): getVolumeState(/mnt/sdcard-ext): Unknown volume
05-20 15:32:32.830 W/MountService(  374): getVolumeState(/mnt/ext_sdcard): Unknown volume
05-20 15:32:32.830 W/MountService(  374): getVolumeState(/mnt/sdcard2): Unknown volume
05-20 15:32:32.838 W/MountService(  374): getVolumeState(/mnt/emmc): Unknown volume
05-20 15:32:32.838 W/MountService(  374): getVolumeState(/mnt/extSdCard): Unknown volume
05-20 15:32:32.838 W/MountService(  374): getVolumeState(/mnt/sdcard/SD_CARD): Unknown volume
05-20 15:32:32.838 W/MountService(  374): getVolumeState(/mnt/sdcard/extra_sd): Unknown volume
05-20 15:32:32.838 W/MountService(  374): getVolumeState(/mnt/extrasd_bind): Unknown volume
05-20 15:32:32.838 W/MountService(  374): getVolumeState(/mnt/sdcard/ext_sd): Unknown volume
05-20 15:32:32.838 W/MountService(  374): getVolumeState(/storage/extSdCard): Unknown volume
05-20 15:32:32.846 W/MountService(  374): getVolumeState(/storage/sdcard1): Unknown volume
05-20 15:32:32.846 W/MountService(  374): getVolumeState(/mnt/sdcard/external_SD): Unknown volume
05-20 15:32:32.846 W/MountService(  374): getVolumeState(/mnt/sdcard/external_sd): Unknown volume
05-20 15:33:13.033 W/BroadcastQueue(  374): Timeout of broadcast BroadcastRecord{42d87680 u0 com.pekall.mdm.action.MDM_ALARM} - receiver=android.os.BinderProxy@429033e0, started 60010ms ago
05-20 15:33:13.033 W/BroadcastQueue(  374): Receiver during timeout: BroadcastFilter{4296bb18 u0 ReceiverList{4296be68 26771 com.pekall.emdm.launcher/10066/u0 remote:429033e0}}
05-20 15:33:13.072 I/ActivityManager(  374): Skipping duplicate ANR: ProcessRecord{42291a78 26771:com.pekall.emdm.launcher/u0a10066} Broadcast of Intent { act=com.pekall.mdm.action.MDM_ALARM flg=0x14 (has extras) }
05-20 15:33:32.494 W/MountService(  374): getVolumeState(/storage/emulated/0/external_sd): Unknown volume
05-20 15:33:32.494 W/MountService(  374): getVolumeState(/mnt/sdcard-ext): Unknown volume
05-20 15:33:32.502 W/MountService(  374): getVolumeState(/mnt/ext_sdcard): Unknown volume
05-20 15:33:32.502 W/MountService(  374): getVolumeState(/mnt/sdcard2): Unknown volume
05-20 15:33:32.502 W/MountService(  374): getVolumeState(/mnt/emmc): Unknown volume
05-20 15:33:32.502 W/MountService(  374): getVolumeState(/mnt/extSdCard): Unknown volume
05-20 15:33:32.502 W/MountService(  374): getVolumeState(/mnt/sdcard/SD_CARD): Unknown volume
05-20 15:33:32.502 W/MountService(  374): getVolumeState(/mnt/sdcard/extra_sd): Unknown volume
05-20 15:33:32.502 W/MountService(  374): getVolumeState(/mnt/extrasd_bind): Unknown volume
05-20 15:33:32.502 W/MountService(  374): getVolumeState(/mnt/sdcard/ext_sd): Unknown volume
05-20 15:33:32.510 W/MountService(  374): getVolumeState(/storage/extSdCard): Unknown volume
05-20 15:33:32.510 W/MountService(  374): getVolumeState(/storage/sdcard1): Unknown volume
05-20 15:33:32.510 W/MountService(  374): getVolumeState(/mnt/sdcard/external_SD): Unknown volume
05-20 15:33:32.510 W/MountService(  374): getVolumeState(/mnt/sdcard/external_sd): Unknown volume
05-20 15:33:32.822 W/MountService(  374): getVolumeState(/storage/emulated/0/external_sd): Unknown volume
05-20 15:33:32.830 W/MountService(  374): getVolumeState(/mnt/sdcard-ext): Unknown volume
05-20 15:33:32.830 W/MountService(  374): getVolumeState(/mnt/ext_sdcard): Unknown volume
05-20 15:33:32.830 W/MountService(  374): getVolumeState(/mnt/sdcard2): Unknown volume
05-20 15:33:32.830 W/MountService(  374): getVolumeState(/mnt/emmc): Unknown volume
05-20 15:33:32.830 W/MountService(  374): getVolumeState(/mnt/extSdCard): Unknown volume
05-20 15:33:32.830 W/MountService(  374): getVolumeState(/mnt/sdcard/SD_CARD): Unknown volume
05-20 15:33:32.830 W/MountService(  374): getVolumeState(/mnt/sdcard/extra_sd): Unknown volume
05-20 15:33:32.830 W/MountService(  374): getVolumeState(/mnt/extrasd_bind): Unknown volume
05-20 15:33:32.830 W/MountService(  374): getVolumeState(/mnt/sdcard/ext_sd): Unknown volume
05-20 15:33:32.830 W/MountService(  374): getVolumeState(/storage/extSdCard): Unknown volume
05-20 15:33:32.830 W/MountService(  374): getVolumeState(/storage/sdcard1): Unknown volume
05-20 15:33:32.830 W/MountService(  374): getVolumeState(/mnt/sdcard/external_SD): Unknown volume
05-20 15:33:32.838 W/MountService(  374): getVolumeState(/mnt/sdcard/external_sd): Unknown volume
05-20 15:34:32.494 W/MountService(  374): getVolumeState(/storage/emulated/0/external_sd): Unknown volume
05-20 15:34:32.494 W/MountService(  374): getVolumeState(/mnt/sdcard-ext): Unknown volume
05-20 15:34:32.494 W/MountService(  374): getVolumeState(/mnt/ext_sdcard): Unknown volume
05-20 15:34:32.494 W/MountService(  374): getVolumeState(/mnt/sdcard2): Unknown volume
05-20 15:34:32.494 W/MountService(  374): getVolumeState(/mnt/emmc): Unknown volume
05-20 15:34:32.494 W/MountService(  374): getVolumeState(/mnt/extSdCard): Unknown volume
05-20 15:34:32.494 W/MountService(  374): getVolumeState(/mnt/sdcard/SD_CARD): Unknown volume
05-20 15:34:32.502 W/MountService(  374): getVolumeState(/mnt/sdcard/extra_sd): Unknown volume
05-20 15:34:32.502 W/MountService(  374): getVolumeState(/mnt/extrasd_bind): Unknown volume
05-20 15:34:32.502 W/MountService(  374): getVolumeState(/mnt/sdcard/ext_sd): Unknown volume
05-20 15:34:32.502 W/MountService(  374): getVolumeState(/storage/extSdCard): Unknown volume
05-20 15:34:32.502 W/MountService(  374): getVolumeState(/storage/sdcard1): Unknown volume
05-20 15:34:32.502 W/MountService(  374): getVolumeState(/mnt/sdcard/external_SD): Unknown volume
05-20 15:34:32.502 W/MountService(  374): getVolumeState(/mnt/sdcard/external_sd): Unknown volume
05-20 15:34:32.892 W/MountService(  374): getVolumeState(/storage/emulated/0/external_sd): Unknown volume
05-20 15:34:32.892 W/MountService(  374): getVolumeState(/mnt/sdcard-ext): Unknown volume
05-20 15:34:32.892 W/MountService(  374): getVolumeState(/mnt/ext_sdcard): Unknown volume
05-20 15:34:32.892 W/MountService(  374): getVolumeState(/mnt/sdcard2): Unknown volume
05-20 15:34:32.892 W/MountService(  374): getVolumeState(/mnt/emmc): Unknown volume
05-20 15:34:32.900 W/MountService(  374): getVolumeState(/mnt/extSdCard): Unknown volume
05-20 15:34:32.900 W/MountService(  374): getVolumeState(/mnt/sdcard/SD_CARD): Unknown volume
05-20 15:34:32.900 W/MountService(  374): getVolumeState(/mnt/sdcard/extra_sd): Unknown volume
05-20 15:34:32.916 W/MountService(  374): getVolumeState(/mnt/extrasd_bind): Unknown volume
05-20 15:34:32.924 W/MountService(  374): getVolumeState(/mnt/sdcard/ext_sd): Unknown volume
05-20 15:34:32.924 W/MountService(  374): getVolumeState(/storage/extSdCard): Unknown volume
05-20 15:34:32.931 W/MountService(  374): getVolumeState(/storage/sdcard1): Unknown volume
05-20 15:34:32.931 W/MountService(  374): getVolumeState(/mnt/sdcard/external_SD): Unknown volume
05-20 15:34:32.931 W/MountService(  374): getVolumeState(/mnt/sdcard/external_sd): Unknown volume
05-20 15:34:34.306 I/PowerManagerService(  374): Waking up from sleep...
05-20 15:34:34.455 I/WindowManager(  374): Lock screen displayed!
05-20 15:34:35.424 D/PhoneStatusBar(  448): disable: < expand icons alerts ticker system_info BACK HOME recent* CLOCK search* >
05-20 15:34:35.517 D/PhoneStatusBar(  448): disable: < expand icons alerts ticker system_info back* home* recent clock* search >
05-20 15:34:45.424 W/ActivityManager(  374): Activity idle timeout for ActivityRecord{428562d8 u0 com.pekall.emdm.launcher/.Launcher}
05-20 15:35:05.400 I/PowerManagerService(  374): Going to sleep due to screen timeout...
05-20 15:35:06.525 W/ActivityManager(  374): Activity pause timeout for ActivityRecord{428562d8 u0 com.pekall.emdm.launcher/.Launcher}
05-20 15:35:07.002 I/PowerManagerService(  374): Waking up from sleep...
05-20 15:35:08.049 W/InputManager(  374): Input event injection from pid 2863 failed.
05-20 15:35:11.041 W/ActivityManager(  374): Sleep timeout!  Sleeping now.
05-20 15:35:11.119 D/PhoneStatusBar(  448): disable: < expand icons alerts ticker system_info back home RECENT* clock SEARCH* >
05-20 15:35:11.236 D/PhoneStatusBar(  448): disable: < expand icons alerts ticker system_info BACK* HOME* RECENT CLOCK* SEARCH >
05-20 15:35:11.877 W/InputManager(  374): Input event injection from pid 2863 failed.
05-20 15:35:11.877 W/InputManager(  374): Input event injection from pid 2863 failed.
05-20 15:35:11.877 W/InputManager(  374): Input event injection from pid 2863 failed.
05-20 15:35:16.119 W/BroadcastQueue(  374): Timeout of broadcast BroadcastRecord{424d75d0 u-1 android.intent.action.SCREEN_OFF} - receiver=android.os.BinderProxy@426da900, started 10000ms ago
05-20 15:35:16.127 W/BroadcastQueue(  374): Receiver during timeout: BroadcastFilter{42970580 u0 ReceiverList{42970eb8 26771 com.pekall.emdm.launcher/10066/u0 remote:426da900}}
05-20 15:35:16.127 I/ActivityManager(  374): Skipping duplicate ANR: ProcessRecord{42291a78 26771:com.pekall.emdm.launcher/u0a10066} Broadcast of Intent { act=android.intent.action.SCREEN_OFF flg=0x50000010 }
05-20 15:35:16.181 I/WindowManager(  374): Lock screen displayed!
05-20 15:35:16.525 W/ActivityManager(  374): Activity stop timeout for ActivityRecord{428562d8 u0 com.pekall.emdm.launcher/.Launcher}
05-20 15:35:32.533 W/MountService(  374): getVolumeState(/storage/emulated/0/external_sd): Unknown volume
05-20 15:35:32.533 W/MountService(  374): getVolumeState(/mnt/sdcard-ext): Unknown volume
05-20 15:35:32.541 W/MountService(  374): getVolumeState(/mnt/ext_sdcard): Unknown volume
05-20 15:35:32.541 W/MountService(  374): getVolumeState(/mnt/sdcard2): Unknown volume
05-20 15:35:32.549 W/MountService(  374): getVolumeState(/mnt/emmc): Unknown volume
05-20 15:35:32.549 W/MountService(  374): getVolumeState(/mnt/extSdCard): Unknown volume
05-20 15:35:32.549 W/MountService(  374): getVolumeState(/mnt/sdcard/SD_CARD): Unknown volume
05-20 15:35:32.549 W/MountService(  374): getVolumeState(/mnt/sdcard/extra_sd): Unknown volume
05-20 15:35:32.556 W/MountService(  374): getVolumeState(/mnt/extrasd_bind): Unknown volume
05-20 15:35:32.556 W/MountService(  374): getVolumeState(/mnt/sdcard/ext_sd): Unknown volume
05-20 15:35:32.556 W/MountService(  374): getVolumeState(/storage/extSdCard): Unknown volume
05-20 15:35:32.556 W/MountService(  374): getVolumeState(/storage/sdcard1): Unknown volume
05-20 15:35:32.556 W/MountService(  374): getVolumeState(/mnt/sdcard/external_SD): Unknown volume
05-20 15:35:32.564 W/MountService(  374): getVolumeState(/mnt/sdcard/external_sd): Unknown volume
05-20 15:35:32.846 W/MountService(  374): getVolumeState(/storage/emulated/0/external_sd): Unknown volume
05-20 15:35:32.853 W/MountService(  374): getVolumeState(/mnt/sdcard-ext): Unknown volume
05-20 15:35:32.853 W/MountService(  374): getVolumeState(/mnt/ext_sdcard): Unknown volume
05-20 15:35:32.853 W/MountService(  374): getVolumeState(/mnt/sdcard2): Unknown volume
05-20 15:35:32.853 W/MountService(  374): getVolumeState(/mnt/emmc): Unknown volume
05-20 15:35:32.853 W/MountService(  374): getVolumeState(/mnt/extSdCard): Unknown volume
05-20 15:35:32.853 W/MountService(  374): getVolumeState(/mnt/sdcard/SD_CARD): Unknown volume
05-20 15:35:32.853 W/MountService(  374): getVolumeState(/mnt/sdcard/extra_sd): Unknown volume
05-20 15:35:32.853 W/MountService(  374): getVolumeState(/mnt/extrasd_bind): Unknown volume
05-20 15:35:32.853 W/MountService(  374): getVolumeState(/mnt/sdcard/ext_sd): Unknown volume
05-20 15:35:32.853 W/MountService(  374): getVolumeState(/storage/extSdCard): Unknown volume
05-20 15:35:32.853 W/MountService(  374): getVolumeState(/storage/sdcard1): Unknown volume
05-20 15:35:32.853 W/MountService(  374): getVolumeState(/mnt/sdcard/external_SD): Unknown volume
05-20 15:35:32.853 W/MountService(  374): getVolumeState(/mnt/sdcard/external_sd): Unknown volume
05-20 15:35:38.900 D/PhoneStatusBar(  448): disable: < expand icons alerts ticker system_info BACK HOME recent* CLOCK search* >
05-20 15:35:38.978 D/PhoneStatusBar(  448): disable: < expand icons alerts ticker system_info back* home* recent clock* search >
05-20 15:35:48.900 W/ActivityManager(  374): Activity idle timeout for ActivityRecord{428562d8 u0 com.pekall.emdm.launcher/.Launcher}
05-20 15:36:08.877 I/PowerManagerService(  374): Going to sleep due to screen timeout...
05-20 15:36:09.978 W/ActivityManager(  374): Activity pause timeout for ActivityRecord{428562d8 u0 com.pekall.emdm.launcher/.Launcher}
05-20 15:36:14.517 W/ActivityManager(  374): Sleep timeout!  Sleeping now.
05-20 15:36:14.650 D/PhoneStatusBar(  448): disable: < expand icons alerts ticker system_info back home RECENT* clock SEARCH* >
05-20 15:36:14.705 D/PhoneStatusBar(  448): disable: < expand icons alerts ticker system_info BACK* HOME* RECENT CLOCK* SEARCH >
05-20 15:36:19.596 W/BroadcastQueue(  374): Timeout of broadcast BroadcastRecord{429809e0 u-1 android.intent.action.SCREEN_OFF} - receiver=android.os.BinderProxy@426da900, started 10000ms ago
05-20 15:36:19.596 W/BroadcastQueue(  374): Receiver during timeout: BroadcastFilter{42970580 u0 ReceiverList{42970eb8 26771 com.pekall.emdm.launcher/10066/u0 remote:426da900}}
05-20 15:36:19.603 I/ActivityManager(  374): Skipping duplicate ANR: ProcessRecord{42291a78 26771:com.pekall.emdm.launcher/u0a10066} Broadcast of Intent { act=android.intent.action.SCREEN_OFF flg=0x50000010 }
05-20 15:36:19.986 W/ActivityManager(  374): Activity stop timeout for ActivityRecord{428562d8 u0 com.pekall.emdm.launcher/.Launcher}
05-20 15:36:32.556 W/MountService(  374): getVolumeState(/storage/emulated/0/external_sd): Unknown volume
05-20 15:36:32.556 W/MountService(  374): getVolumeState(/mnt/sdcard-ext): Unknown volume
05-20 15:36:32.564 W/MountService(  374): getVolumeState(/mnt/ext_sdcard): Unknown volume
05-20 15:36:32.564 W/MountService(  374): getVolumeState(/mnt/sdcard2): Unknown volume
05-20 15:36:32.564 W/MountService(  374): getVolumeState(/mnt/emmc): Unknown volume
05-20 15:36:32.564 W/MountService(  374): getVolumeState(/mnt/extSdCard): Unknown volume
05-20 15:36:32.564 W/MountService(  374): getVolumeState(/mnt/sdcard/SD_CARD): Unknown volume
05-20 15:36:32.564 W/MountService(  374): getVolumeState(/mnt/sdcard/extra_sd): Unknown volume
05-20 15:36:32.564 W/MountService(  374): getVolumeState(/mnt/extrasd_bind): Unknown volume
05-20 15:36:32.564 W/MountService(  374): getVolumeState(/mnt/sdcard/ext_sd): Unknown volume
05-20 15:36:32.564 W/MountService(  374): getVolumeState(/storage/extSdCard): Unknown volume
05-20 15:36:32.564 W/MountService(  374): getVolumeState(/storage/sdcard1): Unknown volume
05-20 15:36:32.564 W/MountService(  374): getVolumeState(/mnt/sdcard/external_SD): Unknown volume
05-20 15:36:32.572 W/MountService(  374): getVolumeState(/mnt/sdcard/external_sd): Unknown volume
05-20 15:36:32.908 W/MountService(  374): getVolumeState(/storage/emulated/0/external_sd): Unknown volume
05-20 15:36:32.908 W/MountService(  374): getVolumeState(/mnt/sdcard-ext): Unknown volume
05-20 15:36:32.908 W/MountService(  374): getVolumeState(/mnt/ext_sdcard): Unknown volume
05-20 15:36:32.908 W/MountService(  374): getVolumeState(/mnt/sdcard2): Unknown volume
05-20 15:36:32.916 W/MountService(  374): getVolumeState(/mnt/emmc): Unknown volume
05-20 15:36:32.916 W/MountService(  374): getVolumeState(/mnt/extSdCard): Unknown volume
05-20 15:36:32.916 W/MountService(  374): getVolumeState(/mnt/sdcard/SD_CARD): Unknown volume
05-20 15:36:32.916 W/MountService(  374): getVolumeState(/mnt/sdcard/extra_sd): Unknown volume
05-20 15:36:32.916 W/MountService(  374): getVolumeState(/mnt/extrasd_bind): Unknown volume
05-20 15:36:32.916 W/MountService(  374): getVolumeState(/mnt/sdcard/ext_sd): Unknown volume
05-20 15:36:32.916 W/MountService(  374): getVolumeState(/storage/extSdCard): Unknown volume
05-20 15:36:32.916 W/MountService(  374): getVolumeState(/storage/sdcard1): Unknown volume
05-20 15:36:32.916 W/MountService(  374): getVolumeState(/mnt/sdcard/external_SD): Unknown volume
05-20 15:36:32.924 W/MountService(  374): getVolumeState(/mnt/sdcard/external_sd): Unknown volume
05-20 15:37:22.611 I/ActivityManager(  374): No longer want com.google.android.apps.maps:LocationFriendService (pid 2393): empty for 1803s
05-20 15:37:22.611 I/ActivityManager(  374): No longer want com.google.android.apps.maps:FriendService (pid 2381): empty for 1803s
05-20 15:37:22.611 I/ActivityManager(  374): No longer want com.google.android.apps.maps:GoogleLocationService (pid 2359): empty for 1804s
05-20 15:37:22.635 W/ActivityManager(  374): Scheduling restart of crashed service com.google.android.apps.maps/com.google.android.location.internal.server.GoogleLocationService in 5000ms
05-20 15:37:27.642 I/ActivityManager(  374): Start proc com.google.android.apps.maps:GoogleLocationService for service com.google.android.apps.maps/com.google.android.location.internal.server.GoogleLocationService: pid=2929 uid=10038 gids={50038, 3003, 1015, 1028}
05-20 15:37:32.572 W/MountService(  374): getVolumeState(/storage/emulated/0/external_sd): Unknown volume
05-20 15:37:32.572 W/MountService(  374): getVolumeState(/mnt/sdcard-ext): Unknown volume
05-20 15:37:32.572 W/MountService(  374): getVolumeState(/mnt/ext_sdcard): Unknown volume
05-20 15:37:32.572 W/MountService(  374): getVolumeState(/mnt/sdcard2): Unknown volume
05-20 15:37:32.572 W/MountService(  374): getVolumeState(/mnt/emmc): Unknown volume
05-20 15:37:32.580 W/MountService(  374): getVolumeState(/mnt/extSdCard): Unknown volume
05-20 15:37:32.580 W/MountService(  374): getVolumeState(/mnt/sdcard/SD_CARD): Unknown volume
05-20 15:37:32.580 W/MountService(  374): getVolumeState(/mnt/sdcard/extra_sd): Unknown volume
05-20 15:37:32.580 W/MountService(  374): getVolumeState(/mnt/extrasd_bind): Unknown volume
05-20 15:37:32.580 W/MountService(  374): getVolumeState(/mnt/sdcard/ext_sd): Unknown volume
05-20 15:37:32.580 W/MountService(  374): getVolumeState(/storage/extSdCard): Unknown volume
05-20 15:37:32.580 W/MountService(  374): getVolumeState(/storage/sdcard1): Unknown volume
05-20 15:37:32.580 W/MountService(  374): getVolumeState(/mnt/sdcard/external_SD): Unknown volume
05-20 15:37:32.588 W/MountService(  374): getVolumeState(/mnt/sdcard/external_sd): Unknown volume
05-20 15:37:33.049 W/MountService(  374): getVolumeState(/storage/emulated/0/external_sd): Unknown volume
05-20 15:37:33.049 W/MountService(  374): getVolumeState(/mnt/sdcard-ext): Unknown volume
05-20 15:37:33.049 W/MountService(  374): getVolumeState(/mnt/ext_sdcard): Unknown volume
05-20 15:37:33.049 W/MountService(  374): getVolumeState(/mnt/sdcard2): Unknown volume
05-20 15:37:33.049 W/MountService(  374): getVolumeState(/mnt/emmc): Unknown volume
05-20 15:37:33.049 W/MountService(  374): getVolumeState(/mnt/extSdCard): Unknown volume
05-20 15:37:33.049 W/MountService(  374): getVolumeState(/mnt/sdcard/SD_CARD): Unknown volume
05-20 15:37:33.056 W/MountService(  374): getVolumeState(/mnt/sdcard/extra_sd): Unknown volume
05-20 15:37:33.056 W/MountService(  374): getVolumeState(/mnt/extrasd_bind): Unknown volume
05-20 15:37:33.056 W/MountService(  374): getVolumeState(/mnt/sdcard/ext_sd): Unknown volume
05-20 15:37:33.056 W/MountService(  374): getVolumeState(/storage/extSdCard): Unknown volume
05-20 15:37:33.056 W/MountService(  374): getVolumeState(/storage/sdcard1): Unknown volume
05-20 15:37:33.056 W/MountService(  374): getVolumeState(/mnt/sdcard/external_SD): Unknown volume
05-20 15:37:33.056 W/MountService(  374): getVolumeState(/mnt/sdcard/external_sd): Unknown volume
05-20 15:38:13.033 W/BroadcastQueue(  374): Timeout of broadcast BroadcastRecord{431f2cf0 u0 com.pekall.mdm.action.MDM_ALARM} - receiver=android.os.BinderProxy@429033e0, started 60013ms ago
05-20 15:38:13.033 W/BroadcastQueue(  374): Receiver during timeout: BroadcastFilter{4296bb18 u0 ReceiverList{4296be68 26771 com.pekall.emdm.launcher/10066/u0 remote:429033e0}}
05-20 15:38:13.041 I/ActivityManager(  374): Start proc com.google.android.apps.maps:FriendService for broadcast com.google.android.apps.maps/com.google.googlenav.friend.android.ServiceReceiver: pid=2981 uid=10038 gids={50038, 3003, 1015, 1028}
05-20 15:38:13.064 I/ActivityManager(  374): Skipping duplicate ANR: ProcessRecord{42291a78 26771:com.pekall.emdm.launcher/u0a10066} Broadcast of Intent { act=com.pekall.mdm.action.MDM_ALARM flg=0x14 (has extras) }
05-20 15:38:13.322 I/ActivityManager(  374): Start proc com.google.android.apps.maps:LocationFriendService for broadcast com.google.android.apps.maps/com.google.googlenav.friend.reporting.LocationReportingIntentReceiver: pid=2995 uid=10038 gids={50038, 3003, 1015, 1028}
05-20 15:38:32.580 W/MountService(  374): getVolumeState(/storage/emulated/0/external_sd): Unknown volume
05-20 15:38:32.588 W/MountService(  374): getVolumeState(/mnt/sdcard-ext): Unknown volume
05-20 15:38:32.588 W/MountService(  374): getVolumeState(/mnt/ext_sdcard): Unknown volume
05-20 15:38:32.588 W/MountService(  374): getVolumeState(/mnt/sdcard2): Unknown volume
05-20 15:38:32.588 W/MountService(  374): getVolumeState(/mnt/emmc): Unknown volume
05-20 15:38:32.588 W/MountService(  374): getVolumeState(/mnt/extSdCard): Unknown volume
05-20 15:38:32.588 W/MountService(  374): getVolumeState(/mnt/sdcard/SD_CARD): Unknown volume
05-20 15:38:32.588 W/MountService(  374): getVolumeState(/mnt/sdcard/extra_sd): Unknown volume
05-20 15:38:32.588 W/MountService(  374): getVolumeState(/mnt/extrasd_bind): Unknown volume
05-20 15:38:32.596 W/MountService(  374): getVolumeState(/mnt/sdcard/ext_sd): Unknown volume
05-20 15:38:32.596 W/MountService(  374): getVolumeState(/storage/extSdCard): Unknown volume
05-20 15:38:32.596 W/MountService(  374): getVolumeState(/storage/sdcard1): Unknown volume
05-20 15:38:32.596 W/MountService(  374): getVolumeState(/mnt/sdcard/external_SD): Unknown volume
05-20 15:38:32.596 W/MountService(  374): getVolumeState(/mnt/sdcard/external_sd): Unknown volume
05-20 15:38:32.760 I/ActivityManager(  374): No longer want android.process.acore (pid 2416): empty for 1800s
05-20 15:38:32.963 W/MountService(  374): getVolumeState(/storage/emulated/0/external_sd): Unknown volume
05-20 15:38:32.963 W/MountService(  374): getVolumeState(/mnt/sdcard-ext): Unknown volume
05-20 15:38:32.963 W/MountService(  374): getVolumeState(/mnt/ext_sdcard): Unknown volume
05-20 15:38:32.963 W/MountService(  374): getVolumeState(/mnt/sdcard2): Unknown volume
05-20 15:38:32.963 W/MountService(  374): getVolumeState(/mnt/emmc): Unknown volume
05-20 15:38:32.963 W/MountService(  374): getVolumeState(/mnt/extSdCard): Unknown volume
05-20 15:38:32.963 W/MountService(  374): getVolumeState(/mnt/sdcard/SD_CARD): Unknown volume
05-20 15:38:32.963 W/MountService(  374): getVolumeState(/mnt/sdcard/extra_sd): Unknown volume
05-20 15:38:32.963 W/MountService(  374): getVolumeState(/mnt/extrasd_bind): Unknown volume
05-20 15:38:32.971 W/MountService(  374): getVolumeState(/mnt/sdcard/ext_sd): Unknown volume
05-20 15:38:32.971 W/MountService(  374): getVolumeState(/storage/extSdCard): Unknown volume
05-20 15:38:32.971 W/MountService(  374): getVolumeState(/storage/sdcard1): Unknown volume
05-20 15:38:32.971 W/MountService(  374): getVolumeState(/mnt/sdcard/external_SD): Unknown volume
05-20 15:38:32.971 W/MountService(  374): getVolumeState(/mnt/sdcard/external_sd): Unknown volume
05-20 15:38:46.174 I/PowerManagerService(  374): Waking up from sleep...
05-20 15:38:46.205 I/WindowManager(  374): Lock screen displayed!
05-20 15:38:47.291 D/PhoneStatusBar(  448): disable: < expand icons alerts ticker system_info BACK HOME recent* CLOCK search* >
05-20 15:38:47.369 D/PhoneStatusBar(  448): disable: < expand icons alerts ticker system_info back* home* recent clock* search >
05-20 15:38:51.846 W/MountService(  374): getVolumeState(/storage/emulated/0/external_sd): Unknown volume
05-20 15:38:51.846 W/MountService(  374): getVolumeState(/mnt/sdcard-ext): Unknown volume
05-20 15:38:51.846 W/MountService(  374): getVolumeState(/mnt/ext_sdcard): Unknown volume
05-20 15:38:51.846 W/MountService(  374): getVolumeState(/mnt/sdcard2): Unknown volume
05-20 15:38:51.853 W/MountService(  374): getVolumeState(/mnt/emmc): Unknown volume
05-20 15:38:51.853 W/MountService(  374): getVolumeState(/mnt/extSdCard): Unknown volume
05-20 15:38:51.853 W/MountService(  374): getVolumeState(/mnt/sdcard/SD_CARD): Unknown volume
05-20 15:38:51.853 W/MountService(  374): getVolumeState(/mnt/sdcard/extra_sd): Unknown volume
05-20 15:38:51.853 W/MountService(  374): getVolumeState(/mnt/extrasd_bind): Unknown volume
05-20 15:38:51.853 W/MountService(  374): getVolumeState(/mnt/sdcard/ext_sd): Unknown volume
05-20 15:38:51.853 W/MountService(  374): getVolumeState(/storage/extSdCard): Unknown volume
05-20 15:38:51.853 W/MountService(  374): getVolumeState(/storage/sdcard1): Unknown volume
05-20 15:38:51.853 W/MountService(  374): getVolumeState(/mnt/sdcard/external_SD): Unknown volume
05-20 15:38:51.853 W/MountService(  374): getVolumeState(/mnt/sdcard/external_sd): Unknown volume
05-20 15:38:51.947 W/MountService(  374): getVolumeState(/storage/emulated/0/external_sd): Unknown volume
05-20 15:38:51.947 W/MountService(  374): getVolumeState(/mnt/sdcard-ext): Unknown volume
05-20 15:38:51.947 W/MountService(  374): getVolumeState(/mnt/ext_sdcard): Unknown volume
05-20 15:38:51.947 W/MountService(  374): getVolumeState(/mnt/sdcard2): Unknown volume
05-20 15:38:51.947 W/MountService(  374): getVolumeState(/mnt/emmc): Unknown volume
05-20 15:38:51.947 W/MountService(  374): getVolumeState(/mnt/extSdCard): Unknown volume
05-20 15:38:51.947 W/MountService(  374): getVolumeState(/mnt/sdcard/SD_CARD): Unknown volume
05-20 15:38:51.947 W/MountService(  374): getVolumeState(/mnt/sdcard/extra_sd): Unknown volume
05-20 15:38:51.947 W/MountService(  374): getVolumeState(/mnt/extrasd_bind): Unknown volume
05-20 15:38:51.947 W/MountService(  374): getVolumeState(/mnt/sdcard/ext_sd): Unknown volume
05-20 15:38:51.947 W/MountService(  374): getVolumeState(/storage/extSdCard): Unknown volume
05-20 15:38:51.947 W/MountService(  374): getVolumeState(/storage/sdcard1): Unknown volume
05-20 15:38:51.947 W/MountService(  374): getVolumeState(/mnt/sdcard/external_SD): Unknown volume
05-20 15:38:51.947 W/MountService(  374): getVolumeState(/mnt/sdcard/external_sd): Unknown volume
05-20 15:38:52.135 W/MountService(  374): getVolumeState(/storage/emulated/0/external_sd): Unknown volume
05-20 15:38:52.135 W/MountService(  374): getVolumeState(/mnt/sdcard-ext): Unknown volume
05-20 15:38:52.135 W/MountService(  374): getVolumeState(/mnt/ext_sdcard): Unknown volume
05-20 15:38:52.135 W/MountService(  374): getVolumeState(/mnt/sdcard2): Unknown volume
05-20 15:38:52.135 W/MountService(  374): getVolumeState(/mnt/emmc): Unknown volume
05-20 15:38:52.135 W/MountService(  374): getVolumeState(/mnt/extSdCard): Unknown volume
05-20 15:38:52.135 W/MountService(  374): getVolumeState(/mnt/sdcard/SD_CARD): Unknown volume
05-20 15:38:52.135 W/MountService(  374): getVolumeState(/mnt/sdcard/extra_sd): Unknown volume
05-20 15:38:52.135 W/MountService(  374): getVolumeState(/mnt/extrasd_bind): Unknown volume
05-20 15:38:52.135 W/MountService(  374): getVolumeState(/mnt/sdcard/ext_sd): Unknown volume
05-20 15:38:52.142 W/MountService(  374): getVolumeState(/storage/extSdCard): Unknown volume
05-20 15:38:52.142 W/MountService(  374): getVolumeState(/storage/sdcard1): Unknown volume
05-20 15:38:52.142 W/MountService(  374): getVolumeState(/mnt/sdcard/external_SD): Unknown volume
05-20 15:38:52.142 W/MountService(  374): getVolumeState(/mnt/sdcard/external_sd): Unknown volume
05-20 15:38:52.361 I/ActivityManager(  374): Start proc android.process.acore for content provider com.android.providers.contacts/.ContactsProvider2: pid=3231 uid=10000 gids={50000, 3003, 1015, 1028}
05-20 15:38:52.486 I/PowerManagerService(  374): Going to sleep by user request...
05-20 15:38:53.603 D/PhoneStatusBar(  448): disable: < expand icons alerts ticker system_info back home RECENT* clock SEARCH* >
05-20 15:38:53.783 D/PhoneStatusBar(  448): disable: < expand icons alerts ticker system_info BACK* HOME* RECENT CLOCK* SEARCH >
05-20 15:38:53.783 I/PowerManagerService(  374): Waking up from sleep...
05-20 15:38:53.791 W/ActivityManager(  374): Activity pause timeout for ActivityRecord{428562d8 u0 com.pekall.emdm.launcher/.Launcher}
05-20 15:38:55.478 W/MountService(  374): getVolumeState(/storage/emulated/0/external_sd): Unknown volume
05-20 15:38:55.478 W/MountService(  374): getVolumeState(/mnt/sdcard-ext): Unknown volume
05-20 15:38:55.478 W/MountService(  374): getVolumeState(/mnt/ext_sdcard): Unknown volume
05-20 15:38:55.478 W/MountService(  374): getVolumeState(/mnt/sdcard2): Unknown volume
05-20 15:38:55.478 W/MountService(  374): getVolumeState(/mnt/emmc): Unknown volume
05-20 15:38:55.478 W/MountService(  374): getVolumeState(/mnt/extSdCard): Unknown volume
05-20 15:38:55.478 W/MountService(  374): getVolumeState(/mnt/sdcard/SD_CARD): Unknown volume
05-20 15:38:55.486 W/MountService(  374): getVolumeState(/mnt/sdcard/extra_sd): Unknown volume
05-20 15:38:55.486 W/MountService(  374): getVolumeState(/mnt/extrasd_bind): Unknown volume
05-20 15:38:55.486 W/MountService(  374): getVolumeState(/mnt/sdcard/ext_sd): Unknown volume
05-20 15:38:55.588 W/MountService(  374): getVolumeState(/storage/extSdCard): Unknown volume
05-20 15:38:55.596 W/MountService(  374): getVolumeState(/storage/sdcard1): Unknown volume
05-20 15:38:55.596 W/MountService(  374): getVolumeState(/mnt/sdcard/external_SD): Unknown volume
05-20 15:38:55.611 W/MountService(  374): getVolumeState(/mnt/sdcard/external_sd): Unknown volume
05-20 15:38:57.119 I/ActivityManager(  374): Start proc com.qihoo360.mobilesafe for service com.qihoo360.mobilesafe/.service.ExamService: pid=3269 uid=10069 gids={50069, 3003, 1015, 3001, 3002, 1006, 1028}
05-20 15:38:57.142 I/PowerManagerService(  374): Going to sleep by user request...
05-20 15:38:57.291 W/ActivityManager(  374): Activity idle timeout for ActivityRecord{428562d8 u0 com.pekall.emdm.launcher/.Launcher}
05-20 15:38:58.291 W/ActivityManager(  374): Sleep timeout!  Sleeping now.
05-20 15:38:59.494 I/ActivityManager(  374): Start proc com.qihoo360.mobilesafe:PcDaemon for service com.qihoo360.mobilesafe/.pcdaemon.service.DaemonService: pid=3314 uid=10069 gids={50069, 3003, 1015, 3001, 3002, 1006, 1028}
05-20 15:39:00.260 I/ActivityManager(  374): Process com.google.android.email (pid 1916) has died.
05-20 15:39:01.033 I/PowerManagerService(  374): Waking up from sleep...
05-20 15:39:02.385 I/ActivityManager(  374): Process com.nd.assistance.ServerService (pid 2620) has died.
05-20 15:39:02.666 I/PowerManagerService(  374): Going to sleep by user request...
05-20 15:39:03.572 W/BroadcastQueue(  374): Timeout of broadcast BroadcastRecord{4320deb8 u-1 android.intent.action.SCREEN_OFF} - receiver=android.os.BinderProxy@426da900, started 10000ms ago
05-20 15:39:03.572 W/BroadcastQueue(  374): Receiver during timeout: BroadcastFilter{42970580 u0 ReceiverList{42970eb8 26771 com.pekall.emdm.launcher/10066/u0 remote:426da900}}
05-20 15:39:03.580 I/ActivityManager(  374): Skipping duplicate ANR: ProcessRecord{42291a78 26771:com.pekall.emdm.launcher/u0a10066} Broadcast of Intent { act=android.intent.action.SCREEN_OFF flg=0x50000010 }
05-20 15:39:03.650 I/WindowManager(  374): Lock screen displayed!
05-20 15:39:03.791 W/ActivityManager(  374): Activity stop timeout for ActivityRecord{428562d8 u0 com.pekall.emdm.launcher/.Launcher}
05-20 15:39:04.666 I/PowerManagerService(  374): Waking up from sleep...
05-20 15:39:09.299 I/PowerManagerService(  374): Going to sleep by user request...
05-20 15:39:09.424 I/ActivityManager(  374): Start proc com.nd.assistance.ServerService for service com.nd.assistance/.server.ServerService: pid=3440 uid=10068 gids={50068, 3003, 1015, 1006, 1028}
05-20 15:39:13.088 I/PowerManagerService(  374): Waking up from sleep...
05-20 15:39:14.611 W/BroadcastQueue(  374): Timeout of broadcast BroadcastRecord{42548260 u-1 android.intent.action.SCREEN_OFF} - receiver=android.os.BinderProxy@426da900, started 10000ms ago
05-20 15:39:14.611 W/BroadcastQueue(  374): Receiver during timeout: BroadcastFilter{42970580 u0 ReceiverList{42970eb8 26771 com.pekall.emdm.launcher/10066/u0 remote:426da900}}
05-20 15:39:14.619 I/ActivityManager(  374): Skipping duplicate ANR: ProcessRecord{42291a78 26771:com.pekall.emdm.launcher/u0a10066} Broadcast of Intent { act=android.intent.action.SCREEN_OFF flg=0x50000010 }
05-20 15:39:14.674 I/WindowManager(  374): Lock screen displayed!
05-20 15:39:15.103 W/ActivityThread( 2929): ClassLoader.loadClass: The class loader returned by Thread.getContextClassLoader() may fail for processes that host multiple applications. You should explicitly specify a context class loader. For example: Thread.setContextClassLoader(getClass().getClassLoader());
05-20 15:39:25.049 W/BroadcastQueue(  374): Timeout of broadcast BroadcastRecord{426dbe50 u-1 android.intent.action.SCREEN_OFF} - receiver=android.os.BinderProxy@426da900, started 10000ms ago
05-20 15:39:25.049 W/BroadcastQueue(  374): Receiver during timeout: BroadcastFilter{42970580 u0 ReceiverList{42970eb8 26771 com.pekall.emdm.launcher/10066/u0 remote:426da900}}
05-20 15:39:25.072 I/ActivityManager(  374): Skipping duplicate ANR: ProcessRecord{42291a78 26771:com.pekall.emdm.launcher/u0a10066} Broadcast of Intent { act=android.intent.action.SCREEN_OFF flg=0x50000010 }
05-20 15:39:25.127 I/WindowManager(  374): Lock screen displayed!
05-20 15:39:26.205 D/PhoneStatusBar(  448): disable: < expand icons alerts ticker system_info BACK HOME recent* CLOCK search* >
05-20 15:39:26.260 D/PhoneStatusBar(  448): disable: < expand icons alerts ticker system_info back* home* recent clock* search >
05-20 15:39:36.205 W/ActivityManager(  374): Activity idle timeout for ActivityRecord{428562d8 u0 com.pekall.emdm.launcher/.Launcher}
05-20 15:39:56.189 I/PowerManagerService(  374): Going to sleep due to screen timeout...
05-20 15:39:57.275 W/ActivityManager(  374): Activity pause timeout for ActivityRecord{428562d8 u0 com.pekall.emdm.launcher/.Launcher}
05-20 15:40:01.806 W/ActivityManager(  374): Sleep timeout!  Sleeping now.
05-20 15:40:01.955 D/PhoneStatusBar(  448): disable: < expand icons alerts ticker system_info back home RECENT* clock SEARCH* >
05-20 15:40:02.002 D/PhoneStatusBar(  448): disable: < expand icons alerts ticker system_info BACK* HOME* RECENT CLOCK* SEARCH >
05-20 15:40:06.916 I/ActivityManager(  374): No longer want com.dragon.android.pandaspace:bdservice_v1 (pid 2435): empty for 1804s
05-20 15:40:06.916 W/BroadcastQueue(  374): Timeout of broadcast BroadcastRecord{42918048 u-1 android.intent.action.SCREEN_OFF} - receiver=android.os.BinderProxy@426da900, started 10001ms ago
05-20 15:40:06.916 W/BroadcastQueue(  374): Receiver during timeout: BroadcastFilter{42970580 u0 ReceiverList{42970eb8 26771 com.pekall.emdm.launcher/10066/u0 remote:426da900}}
05-20 15:40:06.924 I/ActivityManager(  374): Skipping duplicate ANR: ProcessRecord{42291a78 26771:com.pekall.emdm.launcher/u0a10066} Broadcast of Intent { act=android.intent.action.SCREEN_OFF flg=0x50000010 }
05-20 15:40:06.931 W/ActivityManager(  374): Scheduling restart of crashed service com.dragon.android.pandaspace/com.baidu.android.moplus.MoPlusService in 5000ms
05-20 15:40:06.939 W/BroadcastQueue(  374): Failure sending broadcast Intent { act=android.intent.action.SCREEN_OFF flg=0x50000010 }
05-20 15:40:06.939 W/BroadcastQueue(  374): android.os.DeadObjectException
05-20 15:40:06.939 W/BroadcastQueue(  374): 	at android.os.BinderProxy.transact(Native Method)
05-20 15:40:06.939 W/BroadcastQueue(  374): 	at android.content.IIntentReceiver$Stub$Proxy.performReceive(IIntentReceiver.java:124)
05-20 15:40:06.939 W/BroadcastQueue(  374): 	at com.android.server.am.BroadcastQueue.performReceiveLocked(BroadcastQueue.java:376)
