05-20 16:01:36.346 D/        ( 4418): [---null: -1---]  xxd111  info.title  Email ,count is 0
05-20 16:01:36.361 D/MDM :   ( 4418): [null:-1]->username is : zhenhua.sang@pekall.com ,pwd is 123456
05-20 16:01:36.361 I/System.out( 4418): [cjx]authenticateUser,zhenhua.sang@pekall.com,123456
05-20 16:01:36.361 I/System.out( 4418): [cjx]to generate user KEK now,keyLength:32,algorithm:Rijndael256
05-20 16:01:36.478 I/System.out( 4418): [cjx]blockSize:32
05-20 16:01:36.478 I/System.out( 4418): [cjx]iv:[112, 101, 107, 97, 108, 108, 50, 48, 49, 52, 97, 101, 115, 99, 106, 120, 112, 101, 107, 97, 108, 108, 50, 48, 49, 52, 97, 101, 115, 99, 106, 120]
05-20 16:01:36.478 I/System.out( 4418): [cjx]secret:[-94, 35, 21, 34, 6, -61, -108, -46, 6, 56, -82, 111, 24, -59, 0, -21, 43, -46, -16, 27, -76, 52, 9, 117, -69, 64, 55, -122, -120, -69, -38, 9]
05-20 16:01:36.486 I/System.out( 4418): [cjx]to generate user KEK now,keyLength:32,algorithm:Rijndael256
05-20 16:01:36.603 I/System.out( 4418): [cjx]blockSize:32
05-20 16:01:36.603 I/System.out( 4418): [cjx]iv:[112, 101, 107, 97, 108, 108, 50, 48, 49, 52, 97, 101, 115, 99, 106, 120, 112, 101, 107, 97, 108, 108, 50, 48, 49, 52, 97, 101, 115, 99, 106, 120]
05-20 16:01:36.603 I/System.out( 4418): [cjx]secret:[-94, 35, 21, 34, 6, -61, -108, -46, 6, 56, -82, 111, 24, -59, 0, -21, 43, -46, -16, 27, -76, 52, 9, 117, -69, 64, 55, -122, -120, -69, -38, 9]
05-20 16:01:36.603 D/ExchangeService( 4418): !!! EAS ExchangeService, onCreate
05-20 16:01:36.603 V/CounterTextView( 4418): onReceive
05-20 16:01:36.603 D/        ( 4418): [---null: -1---]   msg  xxd1
05-20 16:01:36.611 V/CounterTextView( 4418): onReceive
05-20 16:01:36.611 D/        ( 4418): [---null: -1---]   msg  xxd1
05-20 16:01:36.611 V/CounterTextView( 4418): onReceive
05-20 16:01:36.611 D/        ( 4418): [---null: -1---]   msg  xxd1
05-20 16:01:36.619 V/CounterTextView( 4418): onReceive
05-20 16:01:36.619 D/        ( 4418): [---null: -1---]   msg  xxd1
05-20 16:01:36.619 V/CounterTextView( 4418): onReceive
05-20 16:01:36.619 D/        ( 4418): [---null: -1---]   msg  xxd1
05-20 16:01:36.627 W/Parcel  ( 1661): Attempt to read object from Parcel 0x5ec3bdac at offset 200 that is not in the object list
05-20 16:01:36.627 V/CounterTextView( 4418): onReceive
05-20 16:01:36.627 D/        ( 4418): [---null: -1---]   msg  xxd1
05-20 16:01:36.627 V/CounterTextView( 4418): onReceive
05-20 16:01:36.627 D/        ( 4418): [---null: -1---]   msg  xxd1
05-20 16:01:36.635 V/CounterTextView( 4418): onReceive
05-20 16:01:36.635 D/        ( 4418): [---null: -1---]   msg  xxd1
05-20 16:01:36.635 V/CounterTextView( 4418): onReceive
05-20 16:01:36.635 D/        ( 4418): [---null: -1---]   msg  xxd1
05-20 16:01:36.635 V/CounterTextView( 4418): onReceive
05-20 16:01:36.635 D/        ( 4418): [---null: -1---]   msg  xxd1
05-20 16:01:36.642 V/CounterTextView( 4418): onReceive
05-20 16:01:36.642 D/        ( 4418): [---null: -1---]   msg  xxd1
05-20 16:01:36.642 V/CounterTextView( 4418): onReceive
05-20 16:01:36.642 D/        ( 4418): [---null: -1---]   msg  xxd1
05-20 16:01:36.650 V/CounterTextView( 4418): onReceive
05-20 16:01:36.650 D/        ( 4418): [---null: -1---]   msg  xxd1
05-20 16:01:36.650 V/CounterTextView( 4418): onReceive
05-20 16:01:36.650 D/        ( 4418): [---null: -1---]   msg  xxd1
05-20 16:01:36.650 V/CounterTextView( 4418): onReceive
05-20 16:01:36.658 D/        ( 4418): [---null: -1---]   msg  xxd1
05-20 16:01:36.658 V/CounterTextView( 4418): onReceive
05-20 16:01:36.658 D/        ( 4418): [---null: -1---]   msg  xxd1
05-20 16:01:36.658 V/CounterTextView( 4418): onReceive
05-20 16:01:36.658 D/        ( 4418): [---null: -1---]   msg  xxd1
05-20 16:01:36.666 V/CounterTextView( 4418): onReceive
05-20 16:01:36.666 D/        ( 4418): [---null: -1---]   msg  xxd1
05-20 16:01:36.666 V/CounterTextView( 4418): onReceive
05-20 16:01:36.666 D/        ( 4418): [---null: -1---]   msg  xxd1
05-20 16:01:36.674 D/LauncherApplication( 4418): [null:-1]->onActivityPaused
05-20 16:01:36.681 D/LauncherApplication( 4418): [null:-1]->onActivityPaused  updateTime
05-20 16:01:36.760 V/LauncherApplication( 4418): onActivityStarted
05-20 16:01:36.760 D/        ( 4418): [---null: -1---]     awsa  onActivityResumed
05-20 16:01:36.760 V/LauncherApplication( 4418): 2MdmConstant.LAST_LAUNCH_TIME = 1400572896688
05-20 16:01:36.767 D/        ( 4418): [---null: -1---]  activity = com.pekall.emdm.ui.SplashActivity
05-20 16:01:36.791 D/        ( 4418): [---null: -1---]  xxd111  getPackageName  com.pekall.emdm.launcher
05-20 16:01:36.791 D/        ( 4418): [---null: -1---]  xxd111  getClassName  com.pekall.emdm.contacts.activities.PeopleActivity
05-20 16:01:36.791 D/        ( 4418): [---null: -1---]  xxd111  info.title  EmdmContacts ,count is 0
05-20 16:01:36.799 D/        ( 4418): [---null: -1---]  xxd111  getPackageName  com.pekall.emdm.launcher
05-20 16:01:36.799 D/        ( 4418): [---null: -1---]  xxd111  getClassName  com.pekall.emdm.browser.BrowserActivity
05-20 16:01:36.799 D/        ( 4418): [---null: -1---]  xxd111  info.title  Safe Browser ,count is 0
05-20 16:01:36.799 D/        ( 4418): [---null: -1---]  xxd111  getPackageName  com.pekall.emdm.launcher
05-20 16:01:36.799 D/        ( 4418): [---null: -1---]  xxd111  getClassName  com.pekall.emdm.launcher.ui.AboutActivity
05-20 16:01:36.806 D/        ( 4418): [---null: -1---]  xxd111  info.title  About ,count is 0
05-20 16:01:36.806 D/        ( 4418): [---null: -1---]  xxd111  getPackageName  com.pekall.emdm.launcher
05-20 16:01:36.806 D/        ( 4418): [---null: -1---]  xxd111  getClassName  com.pekall.emdm.launcher.ui.SettingActivity
05-20 16:01:36.806 D/        ( 4418): [---null: -1---]  xxd111  info.title  Setting ,count is 0
05-20 16:01:36.814 V/l       ( 4418): Connected: com.pekall.exchange.ExchangeService
05-20 16:01:36.814 D/ExchangeService( 4418): !!! EAS ExchangeService, onStartCommand, startingUp = false, running = false
05-20 16:01:36.814 D/ExchangeService( 4418): to start secureStorageService now
05-20 16:01:36.814 V/a       ( 4418): Bind requested for task test
05-20 16:01:36.830 D/ExchangeService( 4418): Reconciling accounts...
05-20 16:01:36.830 V/l       ( 4418): Task setLogging completed; disconnecting
05-20 16:01:36.846 V/a       ( 4418): Bind requested for task reconcileAccounts
05-20 16:01:36.846 V/a       ( 4418): Waiting for task reconcileAccounts to complete...
05-20 16:01:36.931 V/CounterTextView( 4418): onReceive
05-20 16:01:36.931 D/        ( 4418): [---null: -1---]   msg  xxd1
05-20 16:01:36.978 V/a       ( 4418): Connected: com.pekall.semail.service.AccountServiceInternal
05-20 16:01:36.978 V/a       ( 4418): Connected: com.pekall.semail.service.AccountServiceInternal
05-20 16:01:36.986 I/ActivityManager(  374): Displayed com.pekall.emdm.launcher/com.pekall.emdm.ui.SplashActivity: +729ms (total +2s493ms)
05-20 16:01:36.986 V/a       ( 4418): Task reconcileAccounts completed; disconnecting
05-20 16:01:36.986 V/a       ( 4418): Wait for reconcileAccounts finished in 138ms
05-20 16:01:36.986 V/a       ( 4418): Connection test succeeded in 174ms
05-20 16:01:36.986 V/a       ( 4418): Task test completed; disconnecting
05-20 16:01:36.994 D/ExchangeService( 4418): !!! EAS ExchangeService, stopping self
05-20 16:01:36.994 I/ActivityManager(  374): Displayed com.pekall.emdm.launcher/.Launcher: +2s159ms
05-20 16:01:37.041 D/ExchangeService( 4418): !!! EAS ExchangeService, onDestroy
05-20 16:01:37.681 D/dalvikvm( 4810): GC_CONCURRENT freed 399K, 80% free 599K/2916K, paused 0ms+0ms, total 5ms
05-20 16:01:38.260 W/Parcel  ( 1661): Attempt to read object from Parcel 0x5ef3bdac at offset 200 that is not in the object list
05-20 16:01:38.260 I/ActivityManager(  374): START u0 {cmp=com.pekall.emdm.launcher/com.pekall.emdm.ui.ActiveDeviceAdminActivity} from pid 4418
05-20 16:01:38.353 D/dalvikvm(  374): GC_FOR_ALLOC freed 1381K, 26% free 20829K/27920K, paused 66ms, total 67ms
05-20 16:01:38.369 D/LauncherApplication( 4418): [null:-1]->onActivityPaused
05-20 16:01:38.377 D/dalvikvm( 4810): GC_CONCURRENT freed 387K, 80% free 600K/2916K, paused 1ms+0ms, total 6ms
05-20 16:01:38.408 V/LauncherApplication( 4418): onActivityStarted
05-20 16:01:38.408 D/        ( 4418): [---null: -1---]     awsa  onActivityResumed
05-20 16:01:38.408 V/LauncherApplication( 4418): 2MdmConstant.LAST_LAUNCH_TIME = 1400572896688
05-20 16:01:38.424 D/        ( 4418): [---null: -1---]  activity = com.pekall.emdm.ui.ActiveDeviceAdminActivity
05-20 16:01:38.424 W/Parcel  ( 1661): Attempt to read object from Parcel 0x5ded3dac at offset 200 that is not in the object list
05-20 16:01:38.424 D/LauncherApplication( 4418): [null:-1]->onActivityPaused
05-20 16:01:38.424 I/ActivityManager(  374): START u0 {cmp=com.pekall.emdm.launcher/com.pekall.emdm.ui.RegDeviceActivity} from pid 4418
05-20 16:01:38.447 W/Parcel  ( 1661): Attempt to read object from Parcel 0x6003bdac at offset 200 that is not in the object list
05-20 16:01:38.447 I/ActivityManager(  374): START u0 {flg=0x8000 cmp=com.pekall.emdm.launcher/.Launcher} from pid 4418
05-20 16:01:38.658 D/dalvikvm(  374): GC_FOR_ALLOC freed 1199K, 26% free 20816K/27920K, paused 65ms, total 66ms
05-20 16:01:38.666 I/WindowManager(  374): Screenshot Window{426a6228 u0 Starting com.pekall.emdm.launcher} was all black! mSurfaceLayer=21010 minLayer=21000 maxLayer=21010
05-20 16:01:38.681 W/WindowManager(  374): Token{42633308 ActivityRecord{426d03d8 u0 com.pekall.emdm.launcher/.Launcher}} failed creating starting window
05-20 16:01:38.681 W/WindowManager(  374): android.view.InflateException: Binary XML file line #34: Error inflating class <unknown>
05-20 16:01:38.681 W/WindowManager(  374): 	at android.view.LayoutInflater.createView(LayoutInflater.java:620)
05-20 16:01:38.681 W/WindowManager(  374): 	at com.android.internal.policy.impl.PhoneLayoutInflater.onCreateView(PhoneLayoutInflater.java:56)
05-20 16:01:38.681 W/WindowManager(  374): 	at android.view.LayoutInflater.onCreateView(LayoutInflater.java:669)
05-20 16:01:38.681 W/WindowManager(  374): 	at android.view.LayoutInflater.createViewFromTag(LayoutInflater.java:694)
05-20 16:01:38.681 W/WindowManager(  374): 	at android.view.LayoutInflater.rInflate(LayoutInflater.java:755)
05-20 16:01:38.681 W/WindowManager(  374): 	at android.view.LayoutInflater.inflate(LayoutInflater.java:492)
05-20 16:01:38.681 W/WindowManager(  374): 	at android.view.LayoutInflater.inflate(LayoutInflater.java:397)
05-20 16:01:38.681 W/WindowManager(  374): 	at android.view.LayoutInflater.inflate(LayoutInflater.java:353)
05-20 16:01:38.681 W/WindowManager(  374): 	at com.android.internal.policy.impl.PhoneWindow.generateLayout(PhoneWindow.java:2823)
05-20 16:01:38.681 W/WindowManager(  374): 	at com.android.internal.policy.impl.PhoneWindow.installDecor(PhoneWindow.java:2886)
05-20 16:01:38.681 W/WindowManager(  374): 	at com.android.internal.policy.impl.PhoneWindow.getDecorView(PhoneWindow.java:1581)
05-20 16:01:38.681 W/WindowManager(  374): 	at com.android.internal.policy.impl.PhoneWindowManager.addStartingWindow(PhoneWindowManager.java:1618)
05-20 16:01:38.681 W/WindowManager(  374): 	at com.android.server.wm.WindowManagerService$H.handleMessage(WindowManagerService.java:6908)
05-20 16:01:38.681 W/WindowManager(  374): 	at android.os.Handler.dispatchMessage(Handler.java:99)
05-20 16:01:38.681 W/WindowManager(  374): 	at android.os.Looper.loop(Looper.java:137)
05-20 16:01:38.681 W/WindowManager(  374): 	at android.os.HandlerThread.run(HandlerThread.java:61)
05-20 16:01:38.681 W/WindowManager(  374): Caused by: java.lang.reflect.InvocationTargetException
05-20 16:01:38.681 W/WindowManager(  374): 	at java.lang.reflect.Constructor.constructNative(Native Method)
05-20 16:01:38.681 W/WindowManager(  374): 	at java.lang.reflect.Constructor.newInstance(Constructor.java:417)
05-20 16:01:38.681 W/WindowManager(  374): 	at android.view.LayoutInflater.createView(LayoutInflater.java:594)
05-20 16:01:38.681 W/WindowManager(  374): 	... 15 more
05-20 16:01:38.681 W/WindowManager(  374): Caused by: android.content.res.Resources$NotFoundException: Resource is not a Drawable (color or path): TypedValue{t=0x2/d=0x1010059 a=-1}
05-20 16:01:38.681 W/WindowManager(  374): 	at android.content.res.Resources.loadDrawable(Resources.java:2063)
05-20 16:01:38.681 W/WindowManager(  374): 	at android.content.res.TypedArray.getDrawable(TypedArray.java:601)
05-20 16:01:38.681 W/WindowManager(  374): 	at android.widget.FrameLayout.<init>(FrameLayout.java:109)
05-20 16:01:38.681 W/WindowManager(  374): 	at android.widget.FrameLayout.<init>(FrameLayout.java:97)
05-20 16:01:38.681 W/WindowManager(  374): 	... 18 more
05-20 16:01:38.689 D/HomeLoaders( 4418): aborting loaders
05-20 16:01:38.939 D/dalvikvm( 4418): JIT unchain all for threadid=11
05-20 16:01:39.236 D/dalvikvm( 4418): JIT unchain all for threadid=11
05-20 16:01:39.267 D/dalvikvm( 4418): GC_EXPLICIT freed 2162K, 5% free 53207K/55476K, paused 258ms+267ms, total 580ms
05-20 16:01:39.346 D/MDM :   ( 4418): [null:-1]->width 104
05-20 16:01:39.346 D/MDM :   ( 4418): [null:-1]->height 104
05-20 16:01:39.346 D/MDM :   ( 4418): [null:-1]->scale 0.5
05-20 16:01:39.346 D/MDM :   ( 4418): [null:-1]->tint false
05-20 16:01:39.353 D/MDM :   ( 4418): [null:-1]->width 104
05-20 16:01:39.353 D/MDM :   ( 4418): [null:-1]->height 104
05-20 16:01:39.353 D/MDM :   ( 4418): [null:-1]->scale 0.5
05-20 16:01:39.361 D/MDM :   ( 4418): [null:-1]->tint false
05-20 16:01:39.361 D/MDM :   ( 4418): [null:-1]->icon instanceof BitmapDrawable
05-20 16:01:39.361 D/MDM :   ( 4418): [null:-1]->  iconWidth 87
05-20 16:01:39.361 D/MDM :   ( 4418): [null:-1]->  iconHeight 87
05-20 16:01:39.361 D/MDM :   ( 4418): [null:-1]->  107 87
05-20 16:01:39.361 D/MDM :   ( 4418): [null:-1]->width 104
05-20 16:01:39.361 D/MDM :   ( 4418): [null:-1]->height 104
05-20 16:01:39.361 D/MDM :   ( 4418): [null:-1]->scale 1.0
05-20 16:01:39.369 D/MDM :   ( 4418): [null:-1]->tint false
05-20 16:01:39.369 D/MDM :   ( 4418): [null:-1]->width 104
05-20 16:01:39.369 D/MDM :   ( 4418): [null:-1]->height 104
05-20 16:01:39.369 D/MDM :   ( 4418): [null:-1]->scale 1.0
05-20 16:01:39.369 D/MDM :   ( 4418): [null:-1]->tint false
05-20 16:01:39.377 D/MDM :   ( 4418): [null:-1]->icon instanceof BitmapDrawable
05-20 16:01:39.377 D/MDM :   ( 4418): [null:-1]->  iconWidth 87
05-20 16:01:39.377 D/MDM :   ( 4418): [null:-1]->  iconHeight 87
05-20 16:01:39.377 D/MDM :   ( 4418): [null:-1]->  107 87
05-20 16:01:39.377 D/MDM :   ( 4418): [null:-1]->width 104
05-20 16:01:39.377 D/MDM :   ( 4418): [null:-1]->height 104
05-20 16:01:39.377 D/MDM :   ( 4418): [null:-1]->scale 1.0
05-20 16:01:39.377 D/MDM :   ( 4418): [null:-1]->tint false
05-20 16:01:39.385 D/MDM :   ( 4418): [null:-1]->width 104
05-20 16:01:39.385 D/MDM :   ( 4418): [null:-1]->height 104
05-20 16:01:39.385 D/MDM :   ( 4418): [null:-1]->scale 1.0
05-20 16:01:39.385 D/MDM :   ( 4418): [null:-1]->tint false
05-20 16:01:39.385 D/MDM :   ( 4418): [null:-1]->icon instanceof BitmapDrawable
05-20 16:01:39.385 D/MDM :   ( 4418): [null:-1]->  iconWidth 87
05-20 16:01:39.392 D/MDM :   ( 4418): [null:-1]->  iconHeight 87
05-20 16:01:39.392 D/MDM :   ( 4418): [null:-1]->  107 87
05-20 16:01:39.392 D/MDM :   ( 4418): [null:-1]->width 104
05-20 16:01:39.392 D/MDM :   ( 4418): [null:-1]->height 104
05-20 16:01:39.392 D/MDM :   ( 4418): [null:-1]->scale 1.0
05-20 16:01:39.392 D/MDM :   ( 4418): [null:-1]->tint false
05-20 16:01:39.525 V/Launcher( 4418): isLauncherDf = true
05-20 16:01:39.533 V/Launcher( 4418): isPhoneDf = true
05-20 16:01:39.533 D/        ( 4418): [---null: -1---]  ScreenWidth  720
05-20 16:01:39.533 D/        ( 4418): [---null: -1---]  ScreenHeight  1184
05-20 16:01:39.541 D/HomeLoaders( 4418): load applications
05-20 16:01:39.541 D/HomeLoaders( 4418):   --> applications loaded, return
05-20 16:01:39.541 D/HomeLoaders( 4418): loading user items in Thread[main,5,main]
05-20 16:01:39.541 D/HomeLoaders( 4418):   --> items loaded, return
05-20 16:01:39.541 D/HomeLoaders( 4418):   --> loading from cache: 11, 0
05-20 16:01:39.541 D/Launcher( 4418): ------> binding 11 items
05-20 16:01:39.541 D/Launcher( 4418): ------> binding 0 widgets
05-20 16:01:39.541 D/Launcher( 4418): ------> start binding items
05-20 16:01:39.541 W/Parcel  ( 1661): Attempt to read object from Parcel 0x5dfd3dac at offset 200 that is not in the object list
05-20 16:01:39.541 W/Parcel  ( 1661): Attempt to read object from Parcel 0x5ec3bdac at offset 200 that is not in the object list
05-20 16:01:39.549 D/Email   ( 4418): Email: init sandbox at the beginning.
05-20 16:01:39.549 V/l       ( 4418): Bind requested for task setLogging
05-20 16:01:39.564 W/Parcel  ( 1661): Attempt to read object from Parcel 0x5ef3bdac at offset 200 that is not in the object list
05-20 16:01:39.564 W/Parcel  ( 1661): Attempt to read object from Parcel 0x5ded3dac at offset 200 that is not in the object list
05-20 16:01:39.572 I/Email   ( 4418): Notifications being toggled: false
05-20 16:01:39.572 V/LauncherApplication( 4418): onActivityStarted
05-20 16:01:39.572 D/        ( 4418): [---null: -1---]     awsa  onActivityResumed
05-20 16:01:39.572 V/LauncherApplication( 4418): 2MdmConstant.LAST_LAUNCH_TIME = 1400572896688
05-20 16:01:39.572 W/ActivityManager(  374): Unable to start service Intent { cmp=com.pekall.emdm.launcher/com.pekall.semail.service.AttachmentDownloadService } U=0: not found
05-20 16:01:39.580 D/        ( 4418): [---null: -1---]  activity = com.pekall.emdm.launcher.Launcher
05-20 16:01:39.580 V/DefultSetContriller( 4418): isLauncherDf = com.pekall.emdm.launcher
05-20 16:01:39.580 V/LauncherApplication( 4418): is not regist
05-20 16:01:39.588 W/Parcel  ( 1661): Attempt to read object from Parcel 0x6003bdac at offset 200 that is not in the object list
05-20 16:01:39.588 E/LauncherApplication( 4418): isShowLogoutUI = true
05-20 16:01:39.588 E/LauncherApplication( 4418): LogoutShowTime 1
05-20 16:01:39.588 V/Launcher( 4418): onResume1111111 
05-20 16:01:39.588 V/Launcher( 4418): is logout ----> 
05-20 16:01:39.588 W/WindowManager(  374): Token{428ea020 ActivityRecord{427b37b8 u0 com.pekall.emdm.launcher/com.pekall.emdm.ui.SplashActivity}} failed creating starting window
05-20 16:01:39.588 W/WindowManager(  374): android.view.InflateException: Binary XML file line #34: Error inflating class <unknown>
05-20 16:01:39.588 W/WindowManager(  374): 	at android.view.LayoutInflater.createView(LayoutInflater.java:620)
05-20 16:01:39.588 W/WindowManager(  374): 	at com.android.internal.policy.impl.PhoneLayoutInflater.onCreateView(PhoneLayoutInflater.java:56)
05-20 16:01:39.588 W/WindowManager(  374): 	at android.view.LayoutInflater.onCreateView(LayoutInflater.java:669)
05-20 16:01:39.588 W/WindowManager(  374): 	at android.view.LayoutInflater.createViewFromTag(LayoutInflater.java:694)
05-20 16:01:39.588 W/WindowManager(  374): 	at android.view.LayoutInflater.rInflate(LayoutInflater.java:755)
05-20 16:01:39.588 W/WindowManager(  374): 	at android.view.LayoutInflater.inflate(LayoutInflater.java:492)
05-20 16:01:39.588 W/WindowManager(  374): 	at android.view.LayoutInflater.inflate(LayoutInflater.java:397)
05-20 16:01:39.588 W/WindowManager(  374): 	at android.view.LayoutInflater.inflate(LayoutInflater.java:353)
05-20 16:01:39.588 W/WindowManager(  374): 	at com.android.internal.policy.impl.PhoneWindow.generateLayout(PhoneWindow.java:2823)
05-20 16:01:39.588 W/WindowManager(  374): 	at com.android.internal.policy.impl.PhoneWindow.installDecor(PhoneWindow.java:2886)
05-20 16:01:39.588 W/WindowManager(  374): 	at com.android.internal.policy.impl.PhoneWindow.getDecorView(PhoneWindow.java:1581)
05-20 16:01:39.588 W/WindowManager(  374): 	at com.android.internal.policy.impl.PhoneWindowManager.addStartingWindow(PhoneWindowManager.java:1618)
05-20 16:01:39.588 W/WindowManager(  374): 	at com.android.server.wm.WindowManagerService$H.handleMessage(WindowManagerService.java:6908)
05-20 16:01:39.588 W/WindowManager(  374): 	at android.os.Handler.dispatchMessage(Handler.java:99)
05-20 16:01:39.588 W/WindowManager(  374): 	at android.os.Looper.loop(Looper.java:137)
05-20 16:01:39.588 W/WindowManager(  374): 	at android.os.HandlerThread.run(HandlerThread.java:61)
05-20 16:01:39.588 W/WindowManager(  374): Caused by: java.lang.reflect.InvocationTargetException
05-20 16:01:39.588 W/WindowManager(  374): 	at java.lang.reflect.Constructor.constructNative(Native Method)
05-20 16:01:39.588 W/WindowManager(  374): 	at java.lang.reflect.Constructor.newInstance(Constructor.java:417)
05-20 16:01:39.588 W/WindowManager(  374): 	at android.view.LayoutInflater.createView(LayoutInflater.java:594)
05-20 16:01:39.588 W/WindowManager(  374): 	... 15 more
05-20 16:01:39.588 W/WindowManager(  374): Caused by: android.content.res.Resources$NotFoundException: Resource is not a Drawable (color or path): TypedValue{t=0x2/d=0x1010059 a=-1}
05-20 16:01:39.588 W/WindowManager(  374): 	at android.content.res.Resources.loadDrawable(Resources.java:2063)
05-20 16:01:39.588 W/WindowManager(  374): 	at android.content.res.TypedArray.getDrawable(TypedArray.java:601)
05-20 16:01:39.588 W/WindowManager(  374): 	at android.widget.FrameLayout.<init>(FrameLayout.java:109)
05-20 16:01:39.588 W/WindowManager(  374): 	at android.widget.FrameLayout.<init>(FrameLayout.java:97)
05-20 16:01:39.588 W/WindowManager(  374): 	... 18 more
05-20 16:01:39.588 I/ActivityManager(  374): START u0 {cmp=com.pekall.emdm.launcher/com.pekall.emdm.ui.SplashActivity} from pid 4418
05-20 16:01:39.596 I/System.out( 4418):  
05-20 16:01:39.596 I/System.out( 4418): com.pekall.emdm.launcher.Workspace.setWallpaper(Unknown Source)
05-20 16:01:39.596 I/System.out( 4418): com.pekall.emdm.launcher.Launcher.onResume(Unknown Source)
05-20 16:01:39.596 I/System.out( 4418): android.app.Instrumentation.callActivityOnResume(Instrumentation.java:1192)
05-20 16:01:39.596 I/System.out( 4418): android.app.Activity.performResume(Activity.java:5211)
05-20 16:01:39.596 I/System.out( 4418): android.app.ActivityThread.performResumeActivity(ActivityThread.java:2780)
05-20 16:01:39.596 I/System.out( 4418): android.app.ActivityThread.handleResumeActivity(ActivityThread.java:2819)
05-20 16:01:39.596 I/System.out( 4418): android.app.ActivityThread.handleLaunchActivity(ActivityThread.java:2266)
05-20 16:01:39.596 I/System.out( 4418): android.app.ActivityThread.access$600(ActivityThread.java:141)
05-20 16:01:39.596 I/System.out( 4418): android.app.ActivityThread$H.handleMessage(ActivityThread.java:1256)
05-20 16:01:39.596 I/System.out( 4418): android.os.Handler.dispatchMessage(Handler.java:99)
05-20 16:01:39.596 I/System.out( 4418): android.os.Looper.loop(Looper.java:137)
05-20 16:01:39.596 I/System.out( 4418): android.app.ActivityThread.main(ActivityThread.java:5103)
05-20 16:01:39.596 I/System.out( 4418): java.lang.reflect.Method.invokeNative(Native Method)
05-20 16:01:39.596 I/System.out( 4418): java.lang.reflect.Method.invoke(Method.java:525)
05-20 16:01:39.596 I/System.out( 4418): com.android.internal.os.ZygoteInit$MethodAndArgsCaller.run(ZygoteInit.java:737)
05-20 16:01:39.596 I/System.out( 4418): com.android.internal.os.ZygoteInit.main(ZygoteInit.java:553)
05-20 16:01:39.596 I/System.out( 4418): dalvik.system.NativeStart.main(Native Method)
05-20 16:01:39.846 D/dalvikvm( 4418): JIT unchain all for threadid=11
05-20 16:01:39.892 D/dalvikvm( 4418): GC_FOR_ALLOC freed 4399K, 4% free 53405K/55476K, paused 296ms, total 297ms
05-20 16:01:40.080 D/MDM :   ( 4418): [null:-1]->width 104
05-20 16:01:40.080 D/MDM :   ( 4418): [null:-1]->height 104
05-20 16:01:40.088 D/MDM :   ( 4418): [null:-1]->scale 1.0
05-20 16:01:40.088 D/MDM :   ( 4418): [null:-1]->tint false
05-20 16:01:40.088 D/MDM :   ( 4418): [null:-1]->width 104
05-20 16:01:40.088 D/MDM :   ( 4418): [null:-1]->height 104
05-20 16:01:40.088 W/ActivityManager(  374): Activity pause timeout for ActivityRecord{426d03d8 u0 com.pekall.emdm.launcher/.Launcher}
05-20 16:01:40.096 D/MDM :   ( 4418): [null:-1]->scale 1.0
05-20 16:01:40.096 D/MDM :   ( 4418): [null:-1]->tint false
05-20 16:01:40.096 D/MDM :   ( 4418): [null:-1]->width 104
05-20 16:01:40.096 D/MDM :   ( 4418): [null:-1]->height 104
05-20 16:01:40.096 D/MDM :   ( 4418): [null:-1]->scale 1.0
05-20 16:01:40.103 D/MDM :   ( 4418): [null:-1]->tint false
05-20 16:01:40.103 D/MDM :   ( 4418): [null:-1]->width 104
05-20 16:01:40.103 D/MDM :   ( 4418): [null:-1]->height 104
05-20 16:01:40.103 D/MDM :   ( 4418): [null:-1]->scale 1.0
05-20 16:01:40.103 D/MDM :   ( 4418): [null:-1]->tint false
05-20 16:01:40.111 D/MDM :   ( 4418): [null:-1]->width 104
05-20 16:01:40.111 D/MDM :   ( 4418): [null:-1]->height 104
05-20 16:01:40.111 D/MDM :   ( 4418): [null:-1]->scale 1.0
05-20 16:01:40.111 D/MDM :   ( 4418): [null:-1]->tint false
05-20 16:01:40.111 D/MDM :   ( 4418): [null:-1]->width 104
05-20 16:01:40.111 D/MDM :   ( 4418): [null:-1]->height 104
05-20 16:01:40.111 D/MDM :   ( 4418): [null:-1]->scale 1.0
05-20 16:01:40.111 D/MDM :   ( 4418): [null:-1]->tint false
05-20 16:01:40.111 D/MDM :   ( 4418): [null:-1]->width 104
05-20 16:01:40.111 D/MDM :   ( 4418): [null:-1]->height 104
05-20 16:01:40.119 D/MDM :   ( 4418): [null:-1]->scale 1.0
05-20 16:01:40.119 D/MDM :   ( 4418): [null:-1]->tint false
05-20 16:01:40.119 D/MDM :   ( 4418): [null:-1]->width 104
05-20 16:01:40.119 D/MDM :   ( 4418): [null:-1]->height 104
05-20 16:01:40.127 D/MDM :   ( 4418): [null:-1]->scale 1.0
05-20 16:01:40.127 D/MDM :   ( 4418): [null:-1]->tint false
05-20 16:01:40.127 V/CounterTextView( 4418): onReceive
05-20 16:01:40.135 D/        ( 4418): [---null: -1---]   msg  xxd1
05-20 16:01:40.135 D/        ( 4418): [---null: -1---]  xxd111  getPackageName  com.pekall.emdm.launcher
05-20 16:01:40.142 D/        ( 4418): [---null: -1---]  xxd111  getClassName  com.pekall.emdm.document.activity.DocMainActivity
05-20 16:01:40.142 D/        ( 4418): [---null: -1---]  xxd111  info.title  Document Manager ,count is 0
05-20 16:01:40.142 D/        ( 4418): [---null: -1---]  xxd111  getPackageName  com.pekall.emdm.launcher
05-20 16:01:40.142 D/        ( 4418): [---null: -1---]  xxd111  getClassName  com.pekall.emdm.launcher.ui.BackPersonalActivity
05-20 16:01:40.142 D/        ( 4418): [---null: -1---]  xxd111  info.title  Personal Mode ,count is 0
05-20 16:01:40.150 D/        ( 4418): [---null: -1---]  xxd111  getPackageName  com.pekall.emdm.launcher
05-20 16:01:40.150 D/        ( 4418): [---null: -1---]  xxd111  getClassName  com.pekall.semail.activity.Welcome
05-20 16:01:40.150 D/        ( 4418): [---null: -1---]  xxd111  info.title  Email ,count is 0
05-20 16:01:40.158 D/MDM :   ( 4418): [null:-1]->username is : zhenhua.sang@pekall.com ,pwd is 123456
05-20 16:01:40.158 I/System.out( 4418): [cjx]authenticateUser,zhenhua.sang@pekall.com,123456
05-20 16:01:40.158 I/System.out( 4418): [cjx]to generate user KEK now,keyLength:32,algorithm:Rijndael256
05-20 16:01:40.283 I/System.out( 4418): [cjx]blockSize:32
05-20 16:01:40.283 I/System.out( 4418): [cjx]iv:[112, 101, 107, 97, 108, 108, 50, 48, 49, 52, 97, 101, 115, 99, 106, 120, 112, 101, 107, 97, 108, 108, 50, 48, 49, 52, 97, 101, 115, 99, 106, 120]
05-20 16:01:40.283 I/System.out( 4418): [cjx]secret:[-94, 35, 21, 34, 6, -61, -108, -46, 6, 56, -82, 111, 24, -59, 0, -21, 43, -46, -16, 27, -76, 52, 9, 117, -69, 64, 55, -122, -120, -69, -38, 9]
05-20 16:01:40.291 I/System.out( 4418): [cjx]to generate user KEK now,keyLength:32,algorithm:Rijndael256
05-20 16:01:40.408 I/System.out( 4418): [cjx]blockSize:32
05-20 16:01:40.408 I/System.out( 4418): [cjx]iv:[112, 101, 107, 97, 108, 108, 50, 48, 49, 52, 97, 101, 115, 99, 106, 120, 112, 101, 107, 97, 108, 108, 50, 48, 49, 52, 97, 101, 115, 99, 106, 120]
05-20 16:01:40.408 I/System.out( 4418): [cjx]secret:[-94, 35, 21, 34, 6, -61, -108, -46, 6, 56, -82, 111, 24, -59, 0, -21, 43, -46, -16, 27, -76, 52, 9, 117, -69, 64, 55, -122, -120, -69, -38, 9]
05-20 16:01:40.408 D/ExchangeService( 4418): !!! EAS ExchangeService, onCreate
05-20 16:01:40.408 W/Parcel  ( 1661): Attempt to read object from Parcel 0x6013bdac at offset 200 that is not in the object list
05-20 16:01:40.408 V/CounterTextView( 4418): onReceive
05-20 16:01:40.408 D/        ( 4418): [---null: -1---]   msg  xxd1
05-20 16:01:40.416 V/CounterTextView( 4418): onReceive
05-20 16:01:40.416 D/        ( 4418): [---null: -1---]   msg  xxd1
05-20 16:01:40.416 V/CounterTextView( 4418): onReceive
05-20 16:01:40.416 D/        ( 4418): [---null: -1---]   msg  xxd1
05-20 16:01:40.424 V/CounterTextView( 4418): onReceive
05-20 16:01:40.424 D/        ( 4418): [---null: -1---]   msg  xxd1
05-20 16:01:40.424 V/CounterTextView( 4418): onReceive
05-20 16:01:40.424 D/        ( 4418): [---null: -1---]   msg  xxd1
05-20 16:01:40.431 V/CounterTextView( 4418): onReceive
05-20 16:01:40.431 D/        ( 4418): [---null: -1---]   msg  xxd1
05-20 16:01:40.431 V/CounterTextView( 4418): onReceive
05-20 16:01:40.431 D/        ( 4418): [---null: -1---]   msg  xxd1
05-20 16:01:40.431 V/CounterTextView( 4418): onReceive
05-20 16:01:40.439 D/        ( 4418): [---null: -1---]   msg  xxd1
05-20 16:01:40.439 V/CounterTextView( 4418): onReceive
05-20 16:01:40.439 D/        ( 4418): [---null: -1---]   msg  xxd1
05-20 16:01:40.447 V/CounterTextView( 4418): onReceive
05-20 16:01:40.447 D/        ( 4418): [---null: -1---]   msg  xxd1
05-20 16:01:40.447 V/CounterTextView( 4418): onReceive
05-20 16:01:40.447 D/        ( 4418): [---null: -1---]   msg  xxd1
05-20 16:01:40.447 V/CounterTextView( 4418): onReceive
05-20 16:01:40.447 D/        ( 4418): [---null: -1---]   msg  xxd1
05-20 16:01:40.455 V/CounterTextView( 4418): onReceive
05-20 16:01:40.455 D/        ( 4418): [---null: -1---]   msg  xxd1
05-20 16:01:40.455 V/CounterTextView( 4418): onReceive
05-20 16:01:40.455 D/        ( 4418): [---null: -1---]   msg  xxd1
05-20 16:01:40.463 V/CounterTextView( 4418): onReceive
05-20 16:01:40.463 D/        ( 4418): [---null: -1---]   msg  xxd1
05-20 16:01:40.463 V/CounterTextView( 4418): onReceive
05-20 16:01:40.463 D/        ( 4418): [---null: -1---]   msg  xxd1
05-20 16:01:40.463 V/CounterTextView( 4418): onReceive
05-20 16:01:40.471 D/        ( 4418): [---null: -1---]   msg  xxd1
05-20 16:01:40.471 V/CounterTextView( 4418): onReceive
05-20 16:01:40.471 D/        ( 4418): [---null: -1---]   msg  xxd1
05-20 16:01:40.471 V/CounterTextView( 4418): onReceive
05-20 16:01:40.471 D/        ( 4418): [---null: -1---]   msg  xxd1
05-20 16:01:40.478 V/CounterTextView( 4418): onReceive
05-20 16:01:40.478 D/        ( 4418): [---null: -1---]   msg  xxd1
05-20 16:01:40.478 V/CounterTextView( 4418): onReceive
05-20 16:01:40.478 D/        ( 4418): [---null: -1---]   msg  xxd1
05-20 16:01:40.486 D/LauncherApplication( 4418): [null:-1]->onActivityPaused
05-20 16:01:40.510 D/LauncherApplication( 4418): [null:-1]->onActivityPaused  updateTime
05-20 16:01:40.564 D/dalvikvm(  448): GC_CONCURRENT freed 799K, 15% free 13722K/16128K, paused 1ms+27ms, total 69ms
05-20 16:01:40.603 V/LauncherApplication( 4418): onActivityStarted
05-20 16:01:40.603 D/        ( 4418): [---null: -1---]     awsa  onActivityResumed
05-20 16:01:40.603 V/LauncherApplication( 4418): 2MdmConstant.LAST_LAUNCH_TIME = 1400572900513
05-20 16:01:40.603 D/        ( 4418): [---null: -1---]  activity = com.pekall.emdm.ui.SplashActivity
05-20 16:01:40.619 D/        ( 4418): [---null: -1---]  xxd111  getPackageName  com.pekall.emdm.launcher
05-20 16:01:40.619 D/        ( 4418): [---null: -1---]  xxd111  getClassName  com.pekall.emdm.contacts.activities.PeopleActivity
05-20 16:01:40.619 D/        ( 4418): [---null: -1---]  xxd111  info.title  EmdmContacts ,count is 0
05-20 16:01:40.619 D/        ( 4418): [---null: -1---]  xxd111  getPackageName  com.pekall.emdm.launcher
05-20 16:01:40.619 D/        ( 4418): [---null: -1---]  xxd111  getClassName  com.pekall.emdm.browser.BrowserActivity
05-20 16:01:40.627 D/        ( 4418): [---null: -1---]  xxd111  info.title  Safe Browser ,count is 0
05-20 16:01:40.627 D/        ( 4418): [---null: -1---]  xxd111  getPackageName  com.pekall.emdm.launcher
05-20 16:01:40.627 D/        ( 4418): [---null: -1---]  xxd111  getClassName  com.pekall.emdm.launcher.ui.AboutActivity
05-20 16:01:40.635 D/        ( 4418): [---null: -1---]  xxd111  info.title  About ,count is 0
05-20 16:01:40.635 D/        ( 4418): [---null: -1---]  xxd111  getPackageName  com.pekall.emdm.launcher
05-20 16:01:40.635 D/        ( 4418): [---null: -1---]  xxd111  getClassName  com.pekall.emdm.launcher.ui.SettingActivity
05-20 16:01:40.635 D/        ( 4418): [---null: -1---]  xxd111  info.title  Setting ,count is 0
05-20 16:01:40.635 V/l       ( 4418): Connected: com.pekall.exchange.ExchangeService
05-20 16:01:40.635 D/ExchangeService( 4418): !!! EAS ExchangeService, onStartCommand, startingUp = false, running = false
05-20 16:01:40.635 D/ExchangeService( 4418): to start secureStorageService now
05-20 16:01:40.642 V/l       ( 4418): Task setLogging completed; disconnecting
05-20 16:01:40.658 V/a       ( 4418): Bind requested for task test
05-20 16:01:40.666 D/ExchangeService( 4418): Reconciling accounts...
05-20 16:01:40.681 V/a       ( 4418): Bind requested for task reconcileAccounts
05-20 16:01:40.689 V/a       ( 4418): Waiting for task reconcileAccounts to complete...
05-20 16:01:40.767 V/CounterTextView( 4418): onReceive
05-20 16:01:40.767 D/        ( 4418): [---null: -1---]   msg  xxd1
05-20 16:01:40.830 V/a       ( 4418): Connected: com.pekall.semail.service.AccountServiceInternal
05-20 16:01:40.830 V/a       ( 4418): Connected: com.pekall.semail.service.AccountServiceInternal
05-20 16:01:40.838 V/a       ( 4418): Task reconcileAccounts completed; disconnecting
05-20 16:01:40.838 I/ActivityManager(  374): Displayed com.pekall.emdm.launcher/com.pekall.emdm.ui.SplashActivity: +749ms (total +2s451ms)
05-20 16:01:40.838 V/a       ( 4418): Wait for reconcileAccounts finished in 153ms
05-20 16:01:40.838 I/ActivityManager(  374): Displayed com.pekall.emdm.launcher/.Launcher: +2s159ms
05-20 16:01:40.838 V/a       ( 4418): Connection test succeeded in 179ms
05-20 16:01:40.846 V/a       ( 4418): Task test completed; disconnecting
05-20 16:01:40.853 D/ExchangeService( 4418): !!! EAS ExchangeService, stopping self
05-20 16:01:40.877 D/ExchangeService( 4418): !!! EAS ExchangeService, onDestroy
05-20 16:01:41.510 D/dalvikvm( 4810): GC_CONCURRENT freed 386K, 80% free 597K/2916K, paused 2ms+0ms, total 6ms
05-20 16:01:42.103 W/Parcel  ( 1661): Attempt to read object from Parcel 0x5ec3bdac at offset 200 that is not in the object list
05-20 16:01:42.103 I/ActivityManager(  374): START u0 {cmp=com.pekall.emdm.launcher/com.pekall.emdm.ui.ActiveDeviceAdminActivity} from pid 4418
05-20 16:01:42.111 D/dalvikvm( 4810): GC_CONCURRENT freed 389K, 80% free 592K/2916K, paused 1ms+1ms, total 6ms
05-20 16:01:42.197 D/dalvikvm(  374): GC_FOR_ALLOC freed 1387K, 26% free 20830K/27920K, paused 65ms, total 65ms
05-20 16:01:42.213 D/LauncherApplication( 4418): [null:-1]->onActivityPaused
05-20 16:01:42.244 V/LauncherApplication( 4418): onActivityStarted
05-20 16:01:42.244 D/        ( 4418): [---null: -1---]     awsa  onActivityResumed
05-20 16:01:42.244 V/LauncherApplication( 4418): 2MdmConstant.LAST_LAUNCH_TIME = 1400572900513
05-20 16:01:42.260 D/        ( 4418): [---null: -1---]  activity = com.pekall.emdm.ui.ActiveDeviceAdminActivity
05-20 16:01:42.260 W/Parcel  ( 1661): Attempt to read object from Parcel 0x5ef3bdac at offset 200 that is not in the object list
05-20 16:01:42.260 I/ActivityManager(  374): START u0 {cmp=com.pekall.emdm.launcher/com.pekall.emdm.ui.RegDeviceActivity} from pid 4418
05-20 16:01:42.267 D/LauncherApplication( 4418): [null:-1]->onActivityPaused
05-20 16:01:42.306 W/Parcel  ( 1661): Attempt to read object from Parcel 0x5ded3dac at offset 200 that is not in the object list
05-20 16:01:42.306 I/ActivityManager(  374): START u0 {flg=0x8000 cmp=com.pekall.emdm.launcher/.Launcher} from pid 4418
05-20 16:01:42.510 D/dalvikvm(  374): GC_FOR_ALLOC freed 1203K, 26% free 20813K/27920K, paused 66ms, total 67ms
05-20 16:01:42.533 W/WindowManager(  374): Token{426214e8 ActivityRecord{427f4d38 u0 com.pekall.emdm.launcher/.Launcher}} failed creating starting window
05-20 16:01:42.533 W/WindowManager(  374): android.view.InflateException: Binary XML file line #34: Error inflating class <unknown>
05-20 16:01:42.533 W/WindowManager(  374): 	at android.view.LayoutInflater.createView(LayoutInflater.java:620)
05-20 16:01:42.533 W/WindowManager(  374): 	at com.android.internal.policy.impl.PhoneLayoutInflater.onCreateView(PhoneLayoutInflater.java:56)
05-20 16:01:42.533 W/WindowManager(  374): 	at android.view.LayoutInflater.onCreateView(LayoutInflater.java:669)
05-20 16:01:42.533 W/WindowManager(  374): 	at android.view.LayoutInflater.createViewFromTag(LayoutInflater.java:694)
05-20 16:01:42.533 W/WindowManager(  374): 	at android.view.LayoutInflater.rInflate(LayoutInflater.java:755)
05-20 16:01:42.533 W/WindowManager(  374): 	at android.view.LayoutInflater.inflate(LayoutInflater.java:492)
05-20 16:01:42.533 W/WindowManager(  374): 	at android.view.LayoutInflater.inflate(LayoutInflater.java:397)
05-20 16:01:42.533 W/WindowManager(  374): 	at android.view.LayoutInflater.inflate(LayoutInflater.java:353)
05-20 16:01:42.533 W/WindowManager(  374): 	at com.android.internal.policy.impl.PhoneWindow.generateLayout(PhoneWindow.java:2823)
05-20 16:01:42.533 W/WindowManager(  374): 	at com.android.internal.policy.impl.PhoneWindow.installDecor(PhoneWindow.java:2886)
05-20 16:01:42.533 W/WindowManager(  374): 	at com.android.internal.policy.impl.PhoneWindow.getDecorView(PhoneWindow.java:1581)
05-20 16:01:42.533 W/WindowManager(  374): 	at com.android.internal.policy.impl.PhoneWindowManager.addStartingWindow(PhoneWindowManager.java:1618)
05-20 16:01:42.533 W/WindowManager(  374): 	at com.android.server.wm.WindowManagerService$H.handleMessage(WindowManagerService.java:6908)
05-20 16:01:42.533 W/WindowManager(  374): 	at android.os.Handler.dispatchMessage(Handler.java:99)
05-20 16:01:42.533 W/WindowManager(  374): 	at android.os.Looper.loop(Looper.java:137)
05-20 16:01:42.533 W/WindowManager(  374): 	at android.os.HandlerThread.run(HandlerThread.java:61)
05-20 16:01:42.533 W/WindowManager(  374): Caused by: java.lang.reflect.InvocationTargetException
05-20 16:01:42.533 W/WindowManager(  374): 	at java.lang.reflect.Constructor.constructNative(Native Method)
05-20 16:01:42.533 W/WindowManager(  374): 	at java.lang.reflect.Constructor.newInstance(Constructor.java:417)
05-20 16:01:42.533 W/WindowManager(  374): 	at android.view.LayoutInflater.createView(LayoutInflater.java:594)
05-20 16:01:42.533 W/WindowManager(  374): 	... 15 more
05-20 16:01:42.533 W/WindowManager(  374): Caused by: android.content.res.Resources$NotFoundException: Resource is not a Drawable (color or path): TypedValue{t=0x2/d=0x1010059 a=-1}
05-20 16:01:42.533 W/WindowManager(  374): 	at android.content.res.Resources.loadDrawable(Resources.java:2063)
05-20 16:01:42.533 W/WindowManager(  374): 	at android.content.res.TypedArray.getDrawable(TypedArray.java:601)
05-20 16:01:42.533 W/WindowManager(  374): 	at android.widget.FrameLayout.<init>(FrameLayout.java:109)
05-20 16:01:42.533 W/WindowManager(  374): 	at android.widget.FrameLayout.<init>(FrameLayout.java:97)
05-20 16:01:42.533 W/WindowManager(  374): 	... 18 more
05-20 16:01:42.533 D/HomeLoaders( 4418): aborting loaders
05-20 16:01:42.783 D/dalvikvm( 4418): JIT unchain all for threadid=11
05-20 16:01:43.088 D/dalvikvm( 4418): JIT unchain all for threadid=11
05-20 16:01:43.119 D/dalvikvm( 4418): GC_EXPLICIT freed 2210K, 4% free 56876K/59196K, paused 258ms+267ms, total 588ms
05-20 16:01:43.197 D/MDM :   ( 4418): [null:-1]->width 104
05-20 16:01:43.197 D/MDM :   ( 4418): [null:-1]->height 104
05-20 16:01:43.197 D/MDM :   ( 4418): [null:-1]->scale 0.5
05-20 16:01:43.197 D/MDM :   ( 4418): [null:-1]->tint false
05-20 16:01:43.205 D/MDM :   ( 4418): [null:-1]->width 104
05-20 16:01:43.205 D/MDM :   ( 4418): [null:-1]->height 104
05-20 16:01:43.205 D/MDM :   ( 4418): [null:-1]->scale 0.5
05-20 16:01:43.205 D/MDM :   ( 4418): [null:-1]->tint false
05-20 16:01:43.213 D/MDM :   ( 4418): [null:-1]->icon instanceof BitmapDrawable
05-20 16:01:43.213 D/MDM :   ( 4418): [null:-1]->  iconWidth 87
05-20 16:01:43.213 D/MDM :   ( 4418): [null:-1]->  iconHeight 87
05-20 16:01:43.213 D/MDM :   ( 4418): [null:-1]->  107 87
05-20 16:01:43.213 D/MDM :   ( 4418): [null:-1]->width 104
05-20 16:01:43.213 D/MDM :   ( 4418): [null:-1]->height 104
05-20 16:01:43.213 D/MDM :   ( 4418): [null:-1]->scale 1.0
05-20 16:01:43.213 D/MDM :   ( 4418): [null:-1]->tint false
05-20 16:01:43.221 D/MDM :   ( 4418): [null:-1]->width 104
05-20 16:01:43.221 D/MDM :   ( 4418): [null:-1]->height 104
05-20 16:01:43.221 D/MDM :   ( 4418): [null:-1]->scale 1.0
05-20 16:01:43.221 D/MDM :   ( 4418): [null:-1]->tint false
05-20 16:01:43.221 D/MDM :   ( 4418): [null:-1]->icon instanceof BitmapDrawable
05-20 16:01:43.221 D/MDM :   ( 4418): [null:-1]->  iconWidth 87
05-20 16:01:43.228 D/MDM :   ( 4418): [null:-1]->  iconHeight 87
05-20 16:01:43.228 D/MDM :   ( 4418): [null:-1]->  107 87
05-20 16:01:43.228 D/MDM :   ( 4418): [null:-1]->width 104
05-20 16:01:43.228 D/MDM :   ( 4418): [null:-1]->height 104
05-20 16:01:43.228 D/MDM :   ( 4418): [null:-1]->scale 1.0
05-20 16:01:43.228 D/MDM :   ( 4418): [null:-1]->tint false
05-20 16:01:43.228 D/MDM :   ( 4418): [null:-1]->width 104
05-20 16:01:43.228 D/MDM :   ( 4418): [null:-1]->height 104
05-20 16:01:43.228 D/MDM :   ( 4418): [null:-1]->scale 1.0
05-20 16:01:43.236 D/MDM :   ( 4418): [null:-1]->tint false
05-20 16:01:43.236 D/MDM :   ( 4418): [null:-1]->icon instanceof BitmapDrawable
05-20 16:01:43.236 D/MDM :   ( 4418): [null:-1]->  iconWidth 87
05-20 16:01:43.236 D/MDM :   ( 4418): [null:-1]->  iconHeight 87
05-20 16:01:43.236 D/MDM :   ( 4418): [null:-1]->  107 87
05-20 16:01:43.236 D/MDM :   ( 4418): [null:-1]->width 104
05-20 16:01:43.236 D/MDM :   ( 4418): [null:-1]->height 104
05-20 16:01:43.236 D/MDM :   ( 4418): [null:-1]->scale 1.0
05-20 16:01:43.244 D/MDM :   ( 4418): [null:-1]->tint false
05-20 16:01:43.353 V/Launcher( 4418): isLauncherDf = true
05-20 16:01:43.361 V/Launcher( 4418): isPhoneDf = true
05-20 16:01:43.361 D/        ( 4418): [---null: -1---]  ScreenWidth  720
05-20 16:01:43.361 D/        ( 4418): [---null: -1---]  ScreenHeight  1184
05-20 16:01:43.369 D/HomeLoaders( 4418): load applications
05-20 16:01:43.369 D/HomeLoaders( 4418):   --> applications loaded, return
05-20 16:01:43.369 D/HomeLoaders( 4418): loading user items in Thread[main,5,main]
05-20 16:01:43.369 D/HomeLoaders( 4418):   --> items loaded, return
05-20 16:01:43.369 D/HomeLoaders( 4418):   --> loading from cache: 11, 0
05-20 16:01:43.369 D/Launcher( 4418): ------> binding 11 items
05-20 16:01:43.369 D/Launcher( 4418): ------> binding 0 widgets
05-20 16:01:43.369 D/Launcher( 4418): ------> start binding items
05-20 16:01:43.369 W/Parcel  ( 1661): Attempt to read object from Parcel 0x6003bdac at offset 200 that is not in the object list
05-20 16:01:43.369 W/Parcel  ( 1661): Attempt to read object from Parcel 0x6013bdac at offset 200 that is not in the object list
05-20 16:01:43.377 D/Email   ( 4418): Email: init sandbox at the beginning.
05-20 16:01:43.377 V/l       ( 4418): Bind requested for task setLogging
05-20 16:01:43.385 I/Email   ( 4418): Notifications being toggled: false
05-20 16:01:43.385 W/ActivityManager(  374): Unable to start service Intent { cmp=com.pekall.emdm.launcher/com.pekall.semail.service.AttachmentDownloadService } U=0: not found
05-20 16:01:43.392 W/Parcel  ( 1661): Attempt to read object from Parcel 0x5dfd3dac at offset 200 that is not in the object list
05-20 16:01:43.400 W/Parcel  ( 1661): Attempt to read object from Parcel 0x5ec3bdac at offset 200 that is not in the object list
05-20 16:01:43.408 V/LauncherApplication( 4418): onActivityStarted
05-20 16:01:43.408 D/        ( 4418): [---null: -1---]     awsa  onActivityResumed
05-20 16:01:43.408 V/LauncherApplication( 4418): 2MdmConstant.LAST_LAUNCH_TIME = 1400572900513
05-20 16:01:43.416 D/        ( 4418): [---null: -1---]  activity = com.pekall.emdm.launcher.Launcher
05-20 16:01:43.416 V/DefultSetContriller( 4418): isLauncherDf = com.pekall.emdm.launcher
05-20 16:01:43.416 V/LauncherApplication( 4418): is not regist
05-20 16:01:43.416 W/Parcel  ( 1661): Attempt to read object from Parcel 0x5ef3bdac at offset 200 that is not in the object list
05-20 16:01:43.424 I/ActivityManager(  374): START u0 {cmp=com.pekall.emdm.launcher/com.pekall.emdm.ui.SplashActivity} from pid 4418
05-20 16:01:43.431 W/WindowManager(  374): Token{42951760 ActivityRecord{42841448 u0 com.pekall.emdm.launcher/com.pekall.emdm.ui.SplashActivity}} failed creating starting window
05-20 16:01:43.431 W/WindowManager(  374): android.view.InflateException: Binary XML file line #34: Error inflating class <unknown>
0