05-20 16:01:29.260 D/        ( 4418): [---null: -1---]  xxd111  getClassName  com.pekall.emdm.launcher.ui.SettingActivity
05-20 16:01:29.267 D/        ( 4418): [---null: -1---]  xxd111  info.title  Setting ,count is 0
05-20 16:01:29.267 V/DigitalWidgetViewsFactory( 2749): DigitalWidget sets next alarm string to null
05-20 16:01:29.275 V/l       ( 4418): Connected: com.pekall.exchange.ExchangeService
05-20 16:01:29.283 D/ExchangeService( 4418): !!! EAS ExchangeService, onStartCommand, startingUp = false, running = false
05-20 16:01:29.283 E/QueryController( 4810): Got null root node from accessibility - Retrying...
05-20 16:01:29.283 D/ExchangeService( 4418): to start secureStorageService now
05-20 16:01:29.283 V/a       ( 4418): Bind requested for task test
05-20 16:01:29.291 V/l       ( 4418): Task setLogging completed; disconnecting
05-20 16:01:29.299 W/Parcel  ( 1661): Attempt to read object from Parcel 0x6003bdac at offset 200 that is not in the object list
05-20 16:01:29.330 V/LauncherApplication( 4418): onActivityStarted
05-20 16:01:29.330 D/        ( 4418): [---null: -1---]     awsa  onActivityResumed
05-20 16:01:29.330 V/LauncherApplication( 4418): 2MdmConstant.LAST_LAUNCH_TIME = 1400572888223
05-20 16:01:29.377 D/        ( 4418): [---null: -1---]  activity = com.pekall.emdm.ui.SplashActivity
05-20 16:01:29.416 D/ExchangeService( 4418): Reconciling accounts...
05-20 16:01:29.416 V/a       ( 4418): Bind requested for task reconcileAccounts
05-20 16:01:29.431 V/a       ( 4418): Waiting for task reconcileAccounts to complete...
05-20 16:01:29.486 I/ActivityManager(  374): Activity reported stop, but no longer stopping: ActivityRecord{42c8dd18 u0 com.pekall.emdm.launcher/com.pekall.emdm.ui.SplashActivity}
05-20 16:01:29.494 D/dalvikvm( 1468): GC_CONCURRENT freed 498K, 20% free 9700K/12104K, paused 20ms+5ms, total 84ms
05-20 16:01:29.494 D/dalvikvm( 1468): WAIT_FOR_CONCURRENT_GC blocked 22ms
05-20 16:01:29.494 D/dalvikvm( 1468): WAIT_FOR_CONCURRENT_GC blocked 22ms
05-20 16:01:29.502 D/dalvikvm( 1468): WAIT_FOR_CONCURRENT_GC blocked 27ms
05-20 16:01:29.502 V/CounterTextView( 4418): onReceive
05-20 16:01:29.502 I/ActivityManager(  374): Displayed com.pekall.emdm.launcher/com.pekall.emdm.ui.SplashActivity: +1s743ms (total +3s287ms)
05-20 16:01:29.502 D/        ( 4418): [---null: -1---]   msg  xxd1
05-20 16:01:29.525 W/MountService(  374): getVolumeState(/storage/emulated/0/external_sd): Unknown volume
05-20 16:01:29.525 W/MountService(  374): getVolumeState(/mnt/sdcard-ext): Unknown volume
05-20 16:01:29.525 W/MountService(  374): getVolumeState(/mnt/ext_sdcard): Unknown volume
05-20 16:01:29.525 W/MountService(  374): getVolumeState(/mnt/sdcard2): Unknown volume
05-20 16:01:29.533 W/MountService(  374): getVolumeState(/mnt/emmc): Unknown volume
05-20 16:01:29.533 W/MountService(  374): getVolumeState(/mnt/extSdCard): Unknown volume
05-20 16:01:29.533 W/MountService(  374): getVolumeState(/mnt/sdcard/SD_CARD): Unknown volume
05-20 16:01:29.533 W/MountService(  374): getVolumeState(/mnt/sdcard/extra_sd): Unknown volume
05-20 16:01:29.541 W/MountService(  374): getVolumeState(/mnt/extrasd_bind): Unknown volume
05-20 16:01:29.541 W/MountService(  374): getVolumeState(/mnt/sdcard/ext_sd): Unknown volume
05-20 16:01:29.541 W/MountService(  374): getVolumeState(/storage/extSdCard): Unknown volume
05-20 16:01:29.541 W/MountService(  374): getVolumeState(/storage/sdcard1): Unknown volume
05-20 16:01:29.541 W/MountService(  374): getVolumeState(/mnt/sdcard/external_SD): Unknown volume
05-20 16:01:29.580 V/a       ( 4418): Connected: com.pekall.semail.service.AccountServiceInternal
05-20 16:01:29.588 V/a       ( 4418): Connected: com.pekall.semail.service.AccountServiceInternal
05-20 16:01:29.596 V/a       ( 4418): Connection test succeeded in 309ms
05-20 16:01:29.603 V/a       ( 4418): Task test completed; disconnecting
05-20 16:01:29.603 V/a       ( 4418): Task reconcileAccounts completed; disconnecting
05-20 16:01:29.611 W/MountService(  374): getVolumeState(/mnt/sdcard/external_sd): Unknown volume
05-20 16:01:29.650 V/a       ( 4418): Wait for reconcileAccounts finished in 170ms
05-20 16:01:29.666 D/ExchangeService( 4418): !!! EAS ExchangeService, stopping self
05-20 16:01:29.666 D/ExchangeService( 4418): !!! EAS ExchangeService, onDestroy
05-20 16:01:30.252 D/dalvikvm( 4810): GC_CONCURRENT freed 389K, 93% free 600K/8192K, paused 1ms+1ms, total 11ms
05-20 16:01:30.338 W/Parcel  ( 1661): Attempt to read object from Parcel 0x5ef3bdac at offset 200 that is not in the object list
05-20 16:01:30.338 I/ActivityManager(  374): START u0 {cmp=com.pekall.emdm.launcher/com.pekall.emdm.ui.ActiveDeviceAdminActivity} from pid 4418
05-20 16:01:30.447 D/dalvikvm(  374): GC_FOR_ALLOC freed 1771K, 26% free 20844K/27920K, paused 80ms, total 83ms
05-20 16:01:30.471 D/LauncherApplication( 4418): [null:-1]->onActivityPaused
05-20 16:01:30.502 V/LauncherApplication( 4418): onActivityStarted
05-20 16:01:30.502 D/        ( 4418): [---null: -1---]     awsa  onActivityResumed
05-20 16:01:30.502 V/LauncherApplication( 4418): 2MdmConstant.LAST_LAUNCH_TIME = 1400572888223
05-20 16:01:30.510 D/        ( 4418): [---null: -1---]  activity = com.pekall.emdm.ui.ActiveDeviceAdminActivity
05-20 16:01:30.510 W/Parcel  ( 1661): Attempt to read object from Parcel 0x5ef3bdac at offset 200 that is not in the object list
05-20 16:01:30.510 I/ActivityManager(  374): START u0 {cmp=com.pekall.emdm.launcher/com.pekall.emdm.ui.RegDeviceActivity} from pid 4418
05-20 16:01:30.525 D/LauncherApplication( 4418): [null:-1]->onActivityPaused
05-20 16:01:30.556 W/Parcel  ( 1661): Attempt to read object from Parcel 0x5ded3dac at offset 200 that is not in the object list
05-20 16:01:30.556 I/ActivityManager(  374): START u0 {flg=0x8000 cmp=com.pekall.emdm.launcher/.Launcher} from pid 4418
05-20 16:01:30.752 D/dalvikvm(  374): GC_FOR_ALLOC freed 1214K, 26% free 20817K/27920K, paused 65ms, total 66ms
05-20 16:01:30.767 W/WindowManager(  374): Token{426156e0 ActivityRecord{427c7f20 u0 com.pekall.emdm.launcher/.Launcher}} failed creating starting window
05-20 16:01:30.767 W/WindowManager(  374): android.view.InflateException: Binary XML file line #34: Error inflating class <unknown>
05-20 16:01:30.767 W/WindowManager(  374): 	at android.view.LayoutInflater.createView(LayoutInflater.java:620)
05-20 16:01:30.767 W/WindowManager(  374): 	at com.android.internal.policy.impl.PhoneLayoutInflater.onCreateView(PhoneLayoutInflater.java:56)
05-20 16:01:30.767 W/WindowManager(  374): 	at android.view.LayoutInflater.onCreateView(LayoutInflater.java:669)
05-20 16:01:30.767 W/WindowManager(  374): 	at android.view.LayoutInflater.createViewFromTag(LayoutInflater.java:694)
05-20 16:01:30.767 W/WindowManager(  374): 	at android.view.LayoutInflater.rInflate(LayoutInflater.java:755)
05-20 16:01:30.767 W/WindowManager(  374): 	at android.view.LayoutInflater.inflate(LayoutInflater.java:492)
05-20 16:01:30.767 W/WindowManager(  374): 	at android.view.LayoutInflater.inflate(LayoutInflater.java:397)
05-20 16:01:30.767 W/WindowManager(  374): 	at android.view.LayoutInflater.inflate(LayoutInflater.java:353)
05-20 16:01:30.767 W/WindowManager(  374): 	at com.android.internal.policy.impl.PhoneWindow.generateLayout(PhoneWindow.java:2823)
05-20 16:01:30.767 W/WindowManager(  374): 	at com.android.internal.policy.impl.PhoneWindow.installDecor(PhoneWindow.java:2886)
05-20 16:01:30.767 W/WindowManager(  374): 	at com.android.internal.policy.impl.PhoneWindow.getDecorView(PhoneWindow.java:1581)
05-20 16:01:30.767 W/WindowManager(  374): 	at com.android.internal.policy.impl.PhoneWindowManager.addStartingWindow(PhoneWindowManager.java:1618)
05-20 16:01:30.767 W/WindowManager(  374): 	at com.android.server.wm.WindowManagerService$H.handleMessage(WindowManagerService.java:6908)
05-20 16:01:30.767 W/WindowManager(  374): 	at android.os.Handler.dispatchMessage(Handler.java:99)
05-20 16:01:30.767 W/WindowManager(  374): 	at android.os.Looper.loop(Looper.java:137)
05-20 16:01:30.767 W/WindowManager(  374): 	at android.os.HandlerThread.run(HandlerThread.java:61)
05-20 16:01:30.767 W/WindowManager(  374): Caused by: java.lang.reflect.InvocationTargetException
05-20 16:01:30.767 W/WindowManager(  374): 	at java.lang.reflect.Constructor.constructNative(Native Method)
05-20 16:01:30.767 W/WindowManager(  374): 	at java.lang.reflect.Constructor.newInstance(Constructor.java:417)
05-20 16:01:30.767 W/WindowManager(  374): 	at android.view.LayoutInflater.createView(LayoutInflater.java:594)
05-20 16:01:30.767 W/WindowManager(  374): 	... 15 more
05-20 16:01:30.767 W/WindowManager(  374): Caused by: android.content.res.Resources$NotFoundException: Resource is not a Drawable (color or path): TypedValue{t=0x2/d=0x1010059 a=-1}
05-20 16:01:30.767 W/WindowManager(  374): 	at android.content.res.Resources.loadDrawable(Resources.java:2063)
05-20 16:01:30.767 W/WindowManager(  374): 	at android.content.res.TypedArray.getDrawable(TypedArray.java:601)
05-20 16:01:30.767 W/WindowManager(  374): 	at android.widget.FrameLayout.<init>(FrameLayout.java:109)
05-20 16:01:30.767 W/WindowManager(  374): 	at android.widget.FrameLayout.<init>(FrameLayout.java:97)
05-20 16:01:30.767 W/WindowManager(  374): 	... 18 more
05-20 16:01:30.775 D/HomeLoaders( 4418): aborting loaders
05-20 16:01:31.025 D/dalvikvm( 4418): JIT unchain all for threadid=11
05-20 16:01:31.314 D/dalvikvm( 4418): JIT unchain all for threadid=11
05-20 16:01:31.338 D/dalvikvm( 4418): GC_EXPLICIT freed 2087K, 5% free 45901K/48096K, paused 258ms+266ms, total 568ms
05-20 16:01:31.431 D/MDM :   ( 4418): [null:-1]->width 104
05-20 16:01:31.431 D/MDM :   ( 4418): [null:-1]->height 104
05-20 16:01:31.431 D/MDM :   ( 4418): [null:-1]->scale 0.5
05-20 16:01:31.431 D/MDM :   ( 4418): [null:-1]->tint false
05-20 16:01:31.439 D/MDM :   ( 4418): [null:-1]->width 104
05-20 16:01:31.439 D/MDM :   ( 4418): [null:-1]->height 104
05-20 16:01:31.439 D/MDM :   ( 4418): [null:-1]->scale 0.5
05-20 16:01:31.439 D/MDM :   ( 4418): [null:-1]->tint false
05-20 16:01:31.447 D/MDM :   ( 4418): [null:-1]->icon instanceof BitmapDrawable
05-20 16:01:31.447 D/MDM :   ( 4418): [null:-1]->  iconWidth 87
05-20 16:01:31.447 D/MDM :   ( 4418): [null:-1]->  iconHeight 87
05-20 16:01:31.447 D/MDM :   ( 4418): [null:-1]->  107 87
05-20 16:01:31.447 D/MDM :   ( 4418): [null:-1]->width 104
05-20 16:01:31.447 D/MDM :   ( 4418): [null:-1]->height 104
05-20 16:01:31.447 D/MDM :   ( 4418): [null:-1]->scale 1.0
05-20 16:01:31.447 D/MDM :   ( 4418): [null:-1]->tint false
05-20 16:01:31.455 D/MDM :   ( 4418): [null:-1]->width 104
05-20 16:01:31.455 D/MDM :   ( 4418): [null:-1]->height 104
05-20 16:01:31.455 D/MDM :   ( 4418): [null:-1]->scale 1.0
05-20 16:01:31.455 D/MDM :   ( 4418): [null:-1]->tint false
05-20 16:01:31.455 D/MDM :   ( 4418): [null:-1]->icon instanceof BitmapDrawable
05-20 16:01:31.463 D/MDM :   ( 4418): [null:-1]->  iconWidth 87
05-20 16:01:31.463 D/MDM :   ( 4418): [null:-1]->  iconHeight 87
05-20 16:01:31.463 D/MDM :   ( 4418): [null:-1]->  107 87
05-20 16:01:31.463 D/MDM :   ( 4418): [null:-1]->width 104
05-20 16:01:31.463 D/MDM :   ( 4418): [null:-1]->height 104
05-20 16:01:31.463 D/MDM :   ( 4418): [null:-1]->scale 1.0
05-20 16:01:31.463 D/MDM :   ( 4418): [null:-1]->tint false
05-20 16:01:31.463 D/MDM :   ( 4418): [null:-1]->width 104
05-20 16:01:31.463 D/MDM :   ( 4418): [null:-1]->height 104
05-20 16:01:31.471 D/MDM :   ( 4418): [null:-1]->scale 1.0
05-20 16:01:31.471 D/MDM :   ( 4418): [null:-1]->tint false
05-20 16:01:31.471 D/MDM :   ( 4418): [null:-1]->icon instanceof BitmapDrawable
05-20 16:01:31.471 D/MDM :   ( 4418): [null:-1]->  iconWidth 87
05-20 16:01:31.471 D/MDM :   ( 4418): [null:-1]->  iconHeight 87
05-20 16:01:31.471 D/MDM :   ( 4418): [null:-1]->  107 87
05-20 16:01:31.478 D/MDM :   ( 4418): [null:-1]->width 104
05-20 16:01:31.478 D/MDM :   ( 4418): [null:-1]->height 104
05-20 16:01:31.478 D/MDM :   ( 4418): [null:-1]->scale 1.0
05-20 16:01:31.478 D/MDM :   ( 4418): [null:-1]->tint false
05-20 16:01:31.603 V/Launcher( 4418): isLauncherDf = true
05-20 16:01:31.603 V/Launcher( 4418): isPhoneDf = true
05-20 16:01:31.603 D/        ( 4418): [---null: -1---]  ScreenWidth  720
05-20 16:01:31.603 D/        ( 4418): [---null: -1---]  ScreenHeight  1184
05-20 16:01:31.611 D/HomeLoaders( 4418): load applications
05-20 16:01:31.611 D/HomeLoaders( 4418):   --> applications loaded, return
05-20 16:01:31.611 D/HomeLoaders( 4418): loading user items in Thread[main,5,main]
05-20 16:01:31.611 D/HomeLoaders( 4418):   --> items loaded, return
05-20 16:01:31.611 D/HomeLoaders( 4418):   --> loading from cache: 11, 0
05-20 16:01:31.619 D/Launcher( 4418): ------> binding 11 items
05-20 16:01:31.619 D/Launcher( 4418): ------> binding 0 widgets
05-20 16:01:31.619 D/Launcher( 4418): ------> start binding items
05-20 16:01:31.619 W/Parcel  ( 1661): Attempt to read object from Parcel 0x6013bdac at offset 200 that is not in the object list
05-20 16:01:31.619 W/Parcel  ( 1661): Attempt to read object from Parcel 0x5dfd3dac at offset 200 that is not in the object list
05-20 16:01:31.619 D/Email   ( 4418): Email: init sandbox at the beginning.
05-20 16:01:31.619 V/l       ( 4418): Bind requested for task setLogging
05-20 16:01:31.635 W/Parcel  ( 1661): Attempt to read object from Parcel 0x5ec3bdac at offset 200 that is not in the object list
05-20 16:01:31.642 W/ActivityManager(  374): Unable to start service Intent { cmp=com.pekall.emdm.launcher/com.pekall.semail.service.AttachmentDownloadService } U=0: not found
05-20 16:01:31.650 W/Parcel  ( 1661): Attempt to read object from Parcel 0x5ef3bdac at offset 200 that is not in the object list
05-20 16:01:31.650 I/Email   ( 4418): Notifications being toggled: false
05-20 16:01:31.650 V/LauncherApplication( 4418): onActivityStarted
05-20 16:01:31.658 D/        ( 4418): [---null: -1---]     awsa  onActivityResumed
05-20 16:01:31.658 V/LauncherApplication( 4418): 2MdmConstant.LAST_LAUNCH_TIME = 1400572888223
05-20 16:01:31.658 D/        ( 4418): [---null: -1---]  activity = com.pekall.emdm.launcher.Launcher
05-20 16:01:31.666 V/DefultSetContriller( 4418): isLauncherDf = com.pekall.emdm.launcher
05-20 16:01:31.666 V/LauncherApplication( 4418): is not regist
05-20 16:01:31.666 W/Parcel  ( 1661): Attempt to read object from Parcel 0x5ded3dac at offset 200 that is not in the object list
05-20 16:01:31.666 I/ActivityManager(  374): START u0 {cmp=com.pekall.emdm.launcher/com.pekall.emdm.ui.SplashActivity} from pid 4418
05-20 16:01:31.674 E/LauncherApplication( 4418): isShowLogoutUI = true
05-20 16:01:31.674 E/LauncherApplication( 4418): LogoutShowTime 1
05-20 16:01:31.674 V/Launcher( 4418): onResume1111111 
05-20 16:01:31.674 V/Launcher( 4418): is logout ----> 
05-20 16:01:31.674 I/System.out( 4418):  
05-20 16:01:31.674 W/WindowManager(  374): Token{428f6dc0 ActivityRecord{4303c220 u0 com.pekall.emdm.launcher/com.pekall.emdm.ui.SplashActivity}} failed creating starting window
05-20 16:01:31.674 W/WindowManager(  374): android.view.InflateException: Binary XML file line #34: Error inflating class <unknown>
05-20 16:01:31.674 W/WindowManager(  374): 	at android.view.LayoutInflater.createView(LayoutInflater.java:620)
05-20 16:01:31.674 W/WindowManager(  374): 	at com.android.internal.policy.impl.PhoneLayoutInflater.onCreateView(PhoneLayoutInflater.java:56)
05-20 16:01:31.674 W/WindowManager(  374): 	at android.view.LayoutInflater.onCreateView(LayoutInflater.java:669)
05-20 16:01:31.674 W/WindowManager(  374): 	at android.view.LayoutInflater.createViewFromTag(LayoutInflater.java:694)
05-20 16:01:31.674 W/WindowManager(  374): 	at android.view.LayoutInflater.rInflate(LayoutInflater.java:755)
05-20 16:01:31.674 W/WindowManager(  374): 	at android.view.LayoutInflater.inflate(LayoutInflater.java:492)
05-20 16:01:31.674 W/WindowManager(  374): 	at android.view.LayoutInflater.inflate(LayoutInflater.java:397)
05-20 16:01:31.674 W/WindowManager(  374): 	at android.view.LayoutInflater.inflate(LayoutInflater.java:353)
05-20 16:01:31.674 W/WindowManager(  374): 	at com.android.internal.policy.impl.PhoneWindow.generateLayout(PhoneWindow.java:2823)
05-20 16:01:31.674 W/WindowManager(  374): 	at com.android.internal.policy.impl.PhoneWindow.installDecor(PhoneWindow.java:2886)
05-20 16:01:31.674 W/WindowManager(  374): 	at com.android.internal.policy.impl.PhoneWindow.getDecorView(PhoneWindow.java:1581)
05-20 16:01:31.674 W/WindowManager(  374): 	at com.android.internal.policy.impl.PhoneWindowManager.addStartingWindow(PhoneWindowManager.java:1618)
05-20 16:01:31.674 W/WindowManager(  374): 	at com.android.server.wm.WindowManagerService$H.handleMessage(WindowManagerService.java:6908)
05-20 16:01:31.674 W/WindowManager(  374): 	at android.os.Handler.dispatchMessage(Handler.java:99)
05-20 16:01:31.674 W/WindowManager(  374): 	at android.os.Looper.loop(Looper.java:137)
05-20 16:01:31.674 W/WindowManager(  374): 	at android.os.HandlerThread.run(HandlerThread.java:61)
05-20 16:01:31.674 W/WindowManager(  374): Caused by: java.lang.reflect.InvocationTargetException
05-20 16:01:31.674 W/WindowManager(  374): 	at java.lang.reflect.Constructor.constructNative(Native Method)
05-20 16:01:31.674 W/WindowManager(  374): 	at java.lang.reflect.Constructor.newInstance(Constructor.java:417)
05-20 16:01:31.674 W/WindowManager(  374): 	at android.view.LayoutInflater.createView(LayoutInflater.java:594)
05-20 16:01:31.674 W/WindowManager(  374): 	... 15 more
05-20 16:01:31.674 W/WindowManager(  374): Caused by: android.content.res.Resources$NotFoundException: Resource is not a Drawable (color or path): TypedValue{t=0x2/d=0x1010059 a=-1}
05-20 16:01:31.674 W/WindowManager(  374): 	at android.content.res.Resources.loadDrawable(Resources.java:2063)
05-20 16:01:31.674 W/WindowManager(  374): 	at android.content.res.TypedArray.getDrawable(TypedArray.java:601)
05-20 16:01:31.674 W/WindowManager(  374): 	at android.widget.FrameLayout.<init>(FrameLayout.java:109)
05-20 16:01:31.674 W/WindowManager(  374): 	at android.widget.FrameLayout.<init>(FrameLayout.java:97)
05-20 16:01:31.674 W/WindowManager(  374): 	... 18 more
05-20 16:01:31.674 I/System.out( 4418): com.pekall.emdm.launcher.Workspace.setWallpaper(Unknown Source)
05-20 16:01:31.681 I/System.out( 4418): com.pekall.emdm.launcher.Launcher.onResume(Unknown Source)
05-20 16:01:31.681 I/System.out( 4418): android.app.Instrumentation.callActivityOnResume(Instrumentation.java:1192)
05-20 16:01:31.681 I/System.out( 4418): android.app.Activity.performResume(Activity.java:5211)
05-20 16:01:31.681 I/System.out( 4418): android.app.ActivityThread.performResumeActivity(ActivityThread.java:2780)
05-20 16:01:31.681 I/System.out( 4418): android.app.ActivityThread.handleResumeActivity(ActivityThread.java:2819)
05-20 16:01:31.681 I/System.out( 4418): android.app.ActivityThread.handleLaunchActivity(ActivityThread.java:2266)
05-20 16:01:31.681 I/System.out( 4418): android.app.ActivityThread.access$600(ActivityThread.java:141)
05-20 16:01:31.681 I/System.out( 4418): android.app.ActivityThread$H.handleMessage(ActivityThread.java:1256)
05-20 16:01:31.681 I/System.out( 4418): android.os.Handler.dispatchMessage(Handler.java:99)
05-20 16:01:31.681 I/System.out( 4418): android.os.Looper.loop(Looper.java:137)
05-20 16:01:31.681 I/System.out( 4418): android.app.ActivityThread.main(ActivityThread.java:5103)
05-20 16:01:31.681 I/System.out( 4418): java.lang.reflect.Method.invokeNative(Native Method)
05-20 16:01:31.681 I/System.out( 4418): java.lang.reflect.Method.invoke(Method.java:525)
05-20 16:01:31.681 I/System.out( 4418): com.android.internal.os.ZygoteInit$MethodAndArgsCaller.run(ZygoteInit.java:737)
05-20 16:01:31.681 I/System.out( 4418): com.android.internal.os.ZygoteInit.main(ZygoteInit.java:553)
05-20 16:01:31.681 I/System.out( 4418): dalvik.system.NativeStart.main(Native Method)
05-20 16:01:31.931 D/dalvikvm( 4418): JIT unchain all for threadid=11
05-20 16:01:31.986 D/dalvikvm( 4418): GC_FOR_ALLOC freed 4425K, 5% free 46071K/48096K, paused 302ms, total 304ms
05-20 16:01:32.174 W/ActivityManager(  374): Activity pause timeout for ActivityRecord{427c7f20 u0 com.pekall.emdm.launcher/.Launcher}
05-20 16:01:32.205 D/MDM :   ( 4418): [null:-1]->width 104
05-20 16:01:32.205 D/MDM :   ( 4418): [null:-1]->height 104
05-20 16:01:32.205 D/MDM :   ( 4418): [null:-1]->scale 1.0
05-20 16:01:32.205 D/MDM :   ( 4418): [null:-1]->tint false
05-20 16:01:32.205 D/MDM :   ( 4418): [null:-1]->width 104
05-20 16:01:32.205 D/MDM :   ( 4418): [null:-1]->height 104
05-20 16:01:32.205 D/MDM :   ( 4418): [null:-1]->scale 1.0
05-20 16:01:32.213 D/MDM :   ( 4418): [null:-1]->tint false
05-20 16:01:32.213 D/MDM :   ( 4418): [null:-1]->width 104
05-20 16:01:32.213 D/MDM :   ( 4418): [null:-1]->height 104
05-20 16:01:32.213 D/MDM :   ( 4418): [null:-1]->scale 1.0
05-20 16:01:32.213 D/MDM :   ( 4418): [null:-1]->tint false
05-20 16:01:32.213 D/MDM :   ( 4418): [null:-1]->width 104
05-20 16:01:32.213 D/MDM :   ( 4418): [null:-1]->height 104
05-20 16:01:32.213 D/MDM :   ( 4418): [null:-1]->scale 1.0
05-20 16:01:32.221 D/MDM :   ( 4418): [null:-1]->tint false
05-20 16:01:32.221 D/MDM :   ( 4418): [null:-1]->width 104
05-20 16:01:32.221 D/MDM :   ( 4418): [null:-1]->height 104
05-20 16:01:32.221 D/MDM :   ( 4418): [null:-1]->scale 1.0
05-20 16:01:32.221 D/MDM :   ( 4418): [null:-1]->tint false
05-20 16:01:32.221 D/MDM :   ( 4418): [null:-1]->width 104
05-20 16:01:32.221 D/MDM :   ( 4418): [null:-1]->height 104
05-20 16:01:32.228 D/MDM :   ( 4418): [null:-1]->scale 1.0
05-20 16:01:32.228 D/MDM :   ( 4418): [null:-1]->tint false
05-20 16:01:32.228 D/MDM :   ( 4418): [null:-1]->width 104
05-20 16:01:32.228 D/MDM :   ( 4418): [null:-1]->height 104
05-20 16:01:32.228 D/MDM :   ( 4418): [null:-1]->scale 1.0
05-20 16:01:32.228 D/MDM :   ( 4418): [null:-1]->tint false
05-20 16:01:32.236 D/MDM :   ( 4418): [null:-1]->width 104
05-20 16:01:32.236 D/MDM :   ( 4418): [null:-1]->height 104
05-20 16:01:32.236 D/MDM :   ( 4418): [null:-1]->scale 1.0
05-20 16:01:32.236 D/MDM :   ( 4418): [null:-1]->tint false
05-20 16:01:32.244 V/CounterTextView( 4418): onReceive
05-20 16:01:32.244 D/        ( 4418): [---null: -1---]   msg  xxd1
05-20 16:01:32.252 D/        ( 4418): [---null: -1---]  xxd111  getPackageName  com.pekall.emdm.launcher
05-20 16:01:32.252 D/        ( 4418): [---null: -1---]  xxd111  getClassName  com.pekall.emdm.document.activity.DocMainActivity
05-20 16:01:32.252 D/        ( 4418): [---null: -1---]  xxd111  info.title  Document Manager ,count is 0
05-20 16:01:32.260 D/        ( 4418): [---null: -1---]  xxd111  getPackageName  com.pekall.emdm.launcher
05-20 16:01:32.260 D/        ( 4418): [---null: -1---]  xxd111  getClassName  com.pekall.emdm.launcher.ui.BackPersonalActivity
05-20 16:01:32.260 D/        ( 4418): [---null: -1---]  xxd111  info.title  Personal Mode ,count is 0
05-20 16:01:32.260 D/        ( 4418): [---null: -1---]  xxd111  getPackageName  com.pekall.emdm.launcher
05-20 16:01:32.260 D/        ( 4418): [---null: -1---]  xxd111  getClassName  com.pekall.semail.activity.Welcome
05-20 16:01:32.260 D/        ( 4418): [---null: -1---]  xxd111  info.title  Email ,count is 0
05-20 16:01:32.275 D/MDM :   ( 4418): [null:-1]->username is : zhenhua.sang@pekall.com ,pwd is 123456
05-20 16:01:32.275 I/System.out( 4418): [cjx]authenticateUser,zhenhua.sang@pekall.com,123456
05-20 16:01:32.275 I/System.out( 4418): [cjx]to generate user KEK now,keyLength:32,algorithm:Rijndael256
05-20 16:01:32.392 I/System.out( 4418): [cjx]blockSize:32
05-20 16:01:32.392 I/System.out( 4418): [cjx]iv:[112, 101, 107, 97, 108, 108, 50, 48, 49, 52, 97, 101, 115, 99, 106, 120, 112, 101, 107, 97, 108, 108, 50, 48, 49, 52, 97, 101, 115, 99, 106, 120]
05-20 16:01:32.392 I/System.out( 4418): [cjx]secret:[-94, 35, 21, 34, 6, -61, -108, -46, 6, 56, -82, 111, 24, -59, 0, -21, 43, -46, -16, 27, -76, 52, 9, 117, -69, 64, 55, -122, -120, -69, -38, 9]
05-20 16:01:32.392 I/System.out( 4418): [cjx]to generate user KEK now,keyLength:32,algorithm:Rijndael256
05-20 16:01:32.502 I/System.out( 4418): [cjx]blockSize:32
05-20 16:01:32.510 I/System.out( 4418): [cjx]iv:[112, 101, 107, 97, 108, 108, 50, 48, 49, 52, 97, 101, 115, 99, 106, 120, 112, 101, 107, 97, 108, 108, 50, 48, 49, 52, 97, 101, 115, 99, 106, 120]
05-20 16:01:32.510 I/System.out( 4418): [cjx]secret:[-94, 35, 21, 34, 6, -61, -108, -46, 6, 56, -82, 111, 24, -59, 0, -21, 43, -46, -16, 27, -76, 52, 9, 117, -69, 64, 55, -122, -120, -69, -38, 9]
05-20 16:01:32.510 D/ExchangeService( 4418): !!! EAS ExchangeService, onCreate
05-20 16:01:32.510 W/Parcel  ( 1661): Attempt to read object from Parcel 0x6003bdac at offset 200 that is not in the object list
05-20 16:01:32.510 V/CounterTextView( 4418): onReceive
05-20 16:01:32.510 D/        ( 4418): [---null: -1---]   msg  xxd1
05-20 16:01:32.517 V/CounterTextView( 4418): onReceive
05-20 16:01:32.517 D/        ( 4418): [---null: -1---]   msg  xxd1
05-20 16:01:32.517 V/CounterTextView( 4418): onReceive
05-20 16:01:32.517 D/        ( 4418): [---null: -1---]   msg  xxd1
05-20 16:01:32.525 V/CounterTextView( 4418): onReceive
05-20 16:01:32.525 D/        ( 4418): [---null: -1---]   msg  xxd1
05-20 16:01:32.525 V/CounterTextView( 4418): onReceive
05-20 16:01:32.525 D/        ( 4418): [---null: -1---]   msg  xxd1
05-20 16:01:32.525 V/CounterTextView( 4418): onReceive
05-20 16:01:32.525 D/        ( 4418): [---null: -1---]   msg  xxd1
05-20 16:01:32.533 V/CounterTextView( 4418): onReceive
05-20 16:01:32.533 D/        ( 4418): [---null: -1---]   msg  xxd1
05-20 16:01:32.533 V/CounterTextView( 4418): onReceive
05-20 16:01:32.533 D/        ( 4418): [---null: -1---]   msg  xxd1
05-20 16:01:32.533 V/CounterTextView( 4418): onReceive
05-20 16:01:32.533 D/        ( 4418): [---null: -1---]   msg  xxd1
05-20 16:01:32.541 V/CounterTextView( 4418): onReceive
05-20 16:01:32.541 D/        ( 4418): [---null: -1---]   msg  xxd1
05-20 16:01:32.541 V/CounterTextView( 4418): onReceive
05-20 16:01:32.541 D/        ( 4418): [---null: -1---]   msg  xxd1
05-20 16:01:32.549 V/CounterTextView( 4418): onReceive
05-20 16:01:32.549 D/        ( 4418): [---null: -1---]   msg  xxd1
05-20 16:01:32.549 V/CounterTextView( 4418): onReceive
05-20 16:01:32.549 D/        ( 4418): [---null: -1---]   msg  xxd1
05-20 16:01:32.549 V/CounterTextView( 4418): onReceive
05-20 16:01:32.549 D/        ( 4418): [---null: -1---]   msg  xxd1
05-20 16:01:32.556 V/CounterTextView( 4418): onReceive
05-20 16:01:32.556 D/        ( 4418): [---null: -1---]   msg  xxd1
05-20 16:01:32.556 V/CounterTextView( 4418): onReceive
05-20 16:01:32.556 D/        ( 4418): [---null: -1---]   msg  xxd1
05-20 16:01:32.564 V/CounterTextView( 4418): onReceive
05-20 16:01:32.564 D/        ( 4418): [---null: -1---]   msg  xxd1
05-20 16:01:32.564 D/LauncherApplication( 4418): [null:-1]->onActivityPaused
05-20 16:01:32.572 D/LauncherApplication( 4418): [null:-1]->onActivityPaused  updateTime
05-20 16:01:32.635 V/LauncherApplication( 4418): onActivityStarted
05-20 16:01:32.635 D/        ( 4418): [---null: -1---]     awsa  onActivityResumed
05-20 16:01:32.642 V/LauncherApplication( 4418): 2MdmConstant.LAST_LAUNCH_TIME = 1400572892580
05-20 16:01:32.650 D/        ( 4418): [---null: -1---]  activity = com.pekall.emdm.ui.SplashActivity
05-20 16:01:32.666 D/        ( 4418): [---null: -1---]  xxd111  getPackageName  com.pekall.emdm.launcher
05-20 16:01:32.666 D/        ( 4418): [---null: -1---]  xxd111  getClassName  com.pekall.emdm.contacts.activities.PeopleActivity
05-20 16:01:32.666 D/dalvikvm( 4810): GC_CONCURRENT freed 404K, 80% free 606K/2916K, paused 1ms+2ms, total 8ms
05-20 16:01:32.674 D/        ( 4418): [---null: -1---]  xxd111  info.title  EmdmContacts ,count is 0
05-20 16:01:32.674 D/        ( 4418): [---null: -1---]  xxd111  getPackageName  com.pekall.emdm.launcher
05-20 16:01:32.674 D/        ( 4418): [---null: -1---]  xxd111  getClassName  com.pekall.emdm.browser.BrowserActivity
05-20 16:01:32.674 D/        ( 4418): [---null: -1---]  xxd111  info.title  Safe Browser ,count is 0
05-20 16:01:32.681 D/        ( 4418): [---null: -1---]  xxd111  getPackageName  com.pekall.emdm.launcher
05-20 16:01:32.681 D/        ( 4418): [---null: -1---]  xxd111  getClassName  com.pekall.emdm.launcher.ui.AboutActivity
05-20 16:01:32.681 D/        ( 4418): [---null: -1---]  xxd111  info.title  About ,count is 0
05-20 16:01:32.681 D/        ( 4418): [---null: -1---]  xxd111  getPackageName  com.pekall.emdm.launcher
05-20 16:01:32.681 D/        ( 4418): [---null: -1---]  xxd111  getClassName  com.pekall.emdm.launcher.ui.SettingActivity
05-20 16:01:32.681 D/        ( 4418): [---null: -1---]  xxd111  info.title  Setting ,count is 0
05-20 16:01:32.689 V/l       ( 4418): Connected: com.pekall.exchange.ExchangeService
05-20 16:01:32.689 D/ExchangeService( 4418): !!! EAS ExchangeService, onStartCommand, startingUp = false, running = false
05-20 16:01:32.689 D/ExchangeService( 4418): to start secureStorageService now
05-20 16:01:32.705 V/a       ( 4418): Bind requested for task test
05-20 16:01:32.705 V/l       ( 4418): Task setLogging completed; disconnecting
05-20 16:01:32.728 D/ExchangeService( 4418): Reconciling accounts...
05-20 16:01:32.728 V/a       ( 4418): Bind requested for task reconcileAccounts
05-20 16:01:32.728 V/a       ( 4418): Waiting for task reconcileAccounts to complete...
05-20 16:01:32.799 V/CounterTextView( 4418): onReceive
05-20 16:01:32.806 D/        ( 4418): [---null: -1---]   msg  xxd1
05-20 16:01:32.861 I/ActivityManager(  374): Displayed com.pekall.emdm.launcher/com.pekall.emdm.ui.SplashActivity: +687ms (total +2s384ms)
05-20 16:01:32.861 V/a       ( 4418): Connected: com.pekall.semail.service.AccountServiceInternal
05-20 16:01:32.861 V/a       ( 4418): Connected: com.pekall.semail.service.AccountServiceInternal
05-20 16:01:32.869 V/a       ( 4418): Connection test succeeded in 165ms
05-20 16:01:32.869 V/a       ( 4418): Task test completed; disconnecting
05-20 16:01:32.869 V/a       ( 4418): Task reconcileAccounts completed; disconnecting
05-20 16:01:32.869 V/a       ( 4418): Wait for reconcileAccounts finished in 140ms
05-20 16:01:32.877 D/ExchangeService( 4418): !!! EAS ExchangeService, stopping self
05-20 16:01:32.877 I/ActivityManager(  374): Displayed com.pekall.emdm.launcher/.Launcher: +2s110ms
05-20 16:01:32.916 D/ExchangeService( 4418): !!! EAS ExchangeService, onDestroy
05-20 16:01:34.056 D/dalvikvm( 4810): GC_CONCURRENT freed 399K, 80% free 592K/2916K, paused 1ms+0ms, total 5ms
05-20 16:01:34.072 I/dalvikvm( 4418): Jit: resizing JitTable from 4096 to 8192
05-20 16:01:34.322 D/dalvikvm( 4418): JIT unchain all for threadid=11
05-20 16:01:34.330 W/Parcel  ( 1661): Attempt to read object from Parcel 0x6013bdac at offset 200 that is not in the object list
05-20 16:01:34.330 I/ActivityManager(  374): START u0 {cmp=com.pekall.emdm.launcher/com.pekall.emdm.ui.ActiveDeviceAdminActivity} from pid 4418
05-20 16:01:34.424 D/dalvikvm(  374): GC_FOR_ALLOC freed 1391K, 26% free 20833K/27920K, paused 64ms, total 64ms
05-20 16:01:34.478 D/LauncherApplication( 4418): [null:-1]->onActivityPaused
05-20 16:01:34.525 V/LauncherApplication( 4418): onActivityStarted
05-20 16:01:34.533 D/        ( 4418): [---null: -1---]     awsa  onActivityResumed
05-20 16:01:34.533 V/LauncherApplication( 4418): 2MdmConstant.LAST_LAUNCH_TIME = 1400572892580
05-20 16:01:34.541 D/        ( 4418): [---null: -1---]  activity = com.pekall.emdm.ui.ActiveDeviceAdminActivity
05-20 16:01:34.541 W/Parcel  ( 1661): Attempt to read object from Parcel 0x5dfd3dac at offset 200 that is not in the object list
05-20 16:01:34.541 I/ActivityManager(  374): START u0 {cmp=com.pekall.emdm.launcher/com.pekall.emdm.ui.RegDeviceActivity} from pid 4418
05-20 16:01:34.549 D/LauncherApplication( 4418): [null:-1]->onActivityPaused
05-20 16:01:34.588 W/Parcel  ( 1661): Attempt to read object from Parcel 0x5ec3bdac at offset 200 that is not in the object list
05-20 16:01:34.588 I/ActivityManager(  374): START u0 {flg=0x8000 cmp=com.pekall.emdm.launcher/.Launcher} from pid 4418
05-20 16:01:34.822 D/dalvikvm(  374): GC_FOR_ALLOC freed 1203K, 26% free 20816K/27920K, paused 91ms, total 91ms
05-20 16:01:34.838 W/WindowManager(  374): Token{42621c40 ActivityRecord{427b5718 u0 com.pekall.emdm.launcher/.Launcher}} failed creating starting window
05-20 16:01:34.838 W/WindowManager(  374): android.view.InflateException: Binary XML file line #34: Error inflating class <unknown>
05-20 16:01:34.838 W/WindowManager(  374): 	at android.view.LayoutInflater.createView(LayoutInflater.java:620)
05-20 16:01:34.838 W/WindowManager(  374): 	at com.android.internal.policy.impl.PhoneLayoutInflater.onCreateView(PhoneLayoutInflater.java:56)
05-20 16:01:34.838 W/WindowManager(  374): 	at android.view.LayoutInflater.onCreateView(LayoutInflater.java:669)
05-20 16:01:34.838 W/WindowManager(  374): 	at android.view.LayoutInflater.createViewFromTag(LayoutInflater.java:694)
05-20 16:01:34.838 W/WindowManager(  374): 	at android.view.LayoutInflater.rInflate(LayoutInflater.java:755)
05-20 16:01:34.838 W/WindowManager(  374): 	at android.view.LayoutInflater.inflate(LayoutInflater.java:492)
05-20 16:01:34.838 W/WindowManager(  374): 	at android.view.LayoutInflater.inflate(LayoutInflater.java:397)
05-20 16:01:34.838 W/WindowManager(  374): 	at android.view.LayoutInflater.inflate(LayoutInflater.java:353)
05-20 16:01:34.838 W/WindowManager(  374): 	at com.android.internal.policy.impl.PhoneWindow.generateLayout(PhoneWindow.java:2823)
05-20 16:01:34.838 W/WindowManager(  374): 	at com.android.internal.policy.impl.PhoneWindow.installDecor(PhoneWindow.java:2886)
05-20 16:01:34.838 W/WindowManager(  374): 	at com.android.internal.policy.impl.PhoneWindow.getDecorView(PhoneWindow.java:1581)
05-20 16:01:34.838 W/WindowManager(  374): 	at com.android.internal.policy.impl.PhoneWindowManager.addStartingWindow(PhoneWindowManager.java:1618)
05-20 16:01:34.838 W/WindowManager(  374): 	at com.android.server.wm.WindowManagerService$H.handleMessage(WindowManagerService.java:6908)
05-20 16:01:34.838 W/WindowManager(  374): 	at android.os.Handler.dispatchMessage(Handler.java:99)
05-20 16:01:34.838 W/WindowManager(  374): 	at android.os.Looper.loop(Looper.java:137)
05-20 16:01:34.838 W/WindowManager(  374): 	at android.os.HandlerThread.run(HandlerThread.java:61)
05-20 16:01:34.838 W/WindowManager(  374): Caused by: java.lang.reflect.InvocationTargetException
05-20 16:01:34.838 W/WindowManager(  374): 	at java.lang.reflect.Constructor.constructNative(Native Method)
05-20 16:01:34.838 W/WindowManager(  374): 	at java.lang.reflect.Constructor.newInstance(Constructor.java:417)
05-20 16:01:34.838 W/WindowManager(  374): 	at android.view.LayoutInflater.createView(LayoutInflater.java:594)
05-20 16:01:34.838 W/WindowManager(  374): 	... 15 more
05-20 16:01:34.838 W/WindowManager(  374): Caused by: android.content.res.Resources$NotFoundException: Resource is not a Drawable (color or path): TypedValue{t=0x2/d=0x1010059 a=-1}
05-20 16:01:34.838 W/WindowManager(  374): 	at android.content.res.Resources.loadDrawable(Resources.java:2063)
05-20 16:01:34.838 W/WindowManager(  374): 	at android.content.res.TypedArray.getDrawable(TypedArray.java:601)
05-20 16:01:34.838 W/WindowManager(  374): 	at android.widget.FrameLayout.<init>(FrameLayout.java:109)
05-20 16:01:34.838 W/WindowManager(  374): 	at android.widget.FrameLayout.<init>(FrameLayout.java:97)
05-20 16:01:34.838 W/WindowManager(  374): 	... 18 more
05-20 16:01:34.846 D/HomeLoaders( 4418): aborting loaders
05-20 16:01:35.096 D/dalvikvm( 4418): JIT unchain all for threadid=11
05-20 16:01:35.408 D/dalvikvm( 4418): JIT unchain all for threadid=11
05-20 16:01:35.447 D/dalvikvm( 4418): GC_EXPLICIT freed 2118K, 5% free 49537K/51764K, paused 262ms+276ms, total 603ms
05-20 16:01:35.533 D/MDM :   ( 4418): [null:-1]->width 104
05-20 16:01:35.533 D/MDM :   ( 4418): [null:-1]->height 104
05-20 16:01:35.533 D/MDM :   ( 4418): [null:-1]->scale 0.5
05-20 16:01:35.541 D/MDM :   ( 4418): [null:-1]->tint false
05-20 16:01:35.541 D/MDM :   ( 4418): [null:-1]->width 104
05-20 16:01:35.541 D/MDM :   ( 4418): [null:-1]->height 104
05-20 16:01:35.549 D/MDM :   ( 4418): [null:-1]->scale 0.5
05-20 16:01:35.549 D/MDM :   ( 4418): [null:-1]->tint false
05-20 16:01:35.549 D/MDM :   ( 4418): [null:-1]->icon instanceof BitmapDrawable
05-20 16:01:35.549 D/MDM :   ( 4418): [null:-1]->  iconWidth 87
05-20 16:01:35.549 D/MDM :   ( 4418): [null:-1]->  iconHeight 87
05-20 16:01:35.549 D/MDM :   ( 4418): [null:-1]->  107 87
05-20 16:01:35.549 D/MDM :   ( 4418): [null:-1]->width 104
05-20 16:01:35.549 D/MDM :   ( 4418): [null:-1]->height 104
05-20 16:01:35.556 D/MDM :   ( 4418): [null:-1]->scale 1.0
05-20 16:01:35.556 D/MDM :   ( 4418): [null:-1]->tint false
05-20 16:01:35.556 D/MDM :   ( 4418): [null:-1]->width 104
05-20 16:01:35.556 D/MDM :   ( 4418): [null:-1]->height 104
05-20 16:01:35.556 D/MDM :   ( 4418): [null:-1]->scale 1.0
05-20 16:01:35.556 D/MDM :   ( 4418): [null:-1]->tint false
05-20 16:01:35.556 D/MDM :   ( 4418): [null:-1]->icon instanceof BitmapDrawable
05-20 16:01:35.556 D/MDM :   ( 4418): [null:-1]->  iconWidth 87
05-20 16:01:35.564 D/MDM :   ( 4418): [null:-1]->  iconHeight 87
05-20 16:01:35.564 D/MDM :   ( 4418): [null:-1]->  107 87
05-20 16:01:35.564 D/MDM :   ( 4418): [null:-1]->width 104
05-20 16:01:35.564 D/MDM :   ( 4418): [null:-1]->height 104
05-20 16:01:35.564 D/MDM :   ( 4418): [null:-1]->scale 1.0
05-20 16:01:35.564 D/MDM :   ( 4418): [null:-1]->tint false
05-20 16:01:35.564 D/MDM :   ( 4418): [null:-1]->width 104
05-20 16:01:35.564 D/MDM :   ( 4418): [null:-1]->height 104
05-20 16:01:35.572 D/MDM :   ( 4418): [null:-1]->scale 1.0
05-20 16:01:35.572 D/MDM :   ( 4418): [null:-1]->tint false
05-20 16:01:35.572 D/MDM :   ( 4418): [null:-1]->icon instanceof BitmapDrawable
05-20 16:01:35.572 D/MDM :   ( 4418): [null:-1]->  iconWidth 87
05-20 16:01:35.572 D/MDM :   ( 4418): [null:-1]->  iconHeight 87
05-20 16:01:35.572 D/MDM :   ( 4418): [null:-1]->  107 87
05-20 16:01:35.572 D/MDM :   ( 4418): [null:-1]->width 104
05-20 16:01:35.572 D/MDM :   ( 4418): [null:-1]->height 104
05-20 16:01:35.580 D/MDM :   ( 4418): [null:-1]->scale 1.0
05-20 16:01:35.580 D/MDM :   ( 4418): [null:-1]->tint false
05-20 16:01:35.681 V/Launcher( 4418): isLauncherDf = true
05-20 16:01:35.681 V/Launcher( 4418): isPhoneDf = true
05-20 16:01:35.681 D/        ( 4418): [---null: -1---]  ScreenWidth  720
05-20 16:01:35.681 D/        ( 4418): [---null: -1---]  ScreenHeight  1184
05-20 16:01:35.689 D/HomeLoaders( 4418): load applications
05-20 16:01:35.689 D/HomeLoaders( 4418):   --> applications loaded, return
05-20 16:01:35.689 D/HomeLoaders( 4418): loading user items in Thread[main,5,main]
05-20 16:01:35.689 D/HomeLoaders( 4418):   --> items loaded, return
05-20 16:01:35.689 D/HomeLoaders( 4418):   --> loading from cache: 11, 0
05-20 16:01:35.689 D/Launcher( 4418): ------> binding 11 items
05-20 16:01:35.689 D/Launcher( 4418): ------> binding 0 widgets
05-20 16:01:35.689 D/Launcher( 4418): ------> start binding items
05-20 16:01:35.689 W/Parcel  ( 1661): Attempt to read object from Parcel 0x5ef3bdac at offset 200 that is not in the object list
05-20 16:01:35.697 W/Parcel  ( 1661): Attempt to read object from Parcel 0x5ded3dac at offset 200 that is not in the object list
05-20 16:01:35.697 D/Email   ( 4418): Email: init sandbox at the beginning.
05-20 16:01:35.697 V/l       ( 4418): Bind requested for task setLogging
05-20 16:01:35.713 W/Parcel  ( 1661): Attempt to read object from Parcel 0x6003bdac at offset 200 that is not in the object list
05-20 16:01:35.721 W/Parcel  ( 1661): Attempt to read object from Parcel 0x6013bdac at offset 200 that is not in the object list
05-20 16:01:35.728 V/LauncherApplication( 4418): onActivityStarted
05-20 16:01:35.728 D/        ( 4418): [---null: -1---]     awsa  onActivityResumed
05-20 16:01:35.728 V/LauncherApplication( 4418): 2MdmConstant.LAST_LAUNCH_TIME = 1400572892580
05-20 16:01:35.736 D/        ( 4418): [---null: -1---]  activity = com.pekall.emdm.launcher.Launcher
05-20 16:01:35.744 V/DefultSetContriller( 4418): isLauncherDf = com.pekall.emdm.launcher
05-20 16:01:35.744 V/LauncherApplication( 4418): is not regist
05-20 16:01:35.744 W/Parcel  ( 1661): Attempt to read object from Parcel 0x5dfd3dac at offset 200 that is not in the object list
05-20 16:01:35.744 I/ActivityManager(  374): START u0 {cmp=com.pekall.emdm.launcher/com.pekall.emdm.ui.SplashActivity} from pid 4418
05-20 16:01:35.752 W/WindowManager(  374): Token{42927818 ActivityRecord{42a513f0 u0 com.pekall.emdm.launcher/com.pekall.emdm.ui.SplashActivity}} failed creating starting window
05-20 16:01:35.752 W/WindowManager(  374): android.view.InflateException: Binary XML file line #34: Error inflating class <unknown>
05-20 16:01:35.752 W/WindowManager(  374): 	at android.view.LayoutInflater.createView(LayoutInflater.java:620)
05-20 16:01:35.752 W/WindowManager(  374): 	at com.android.internal.policy.impl.PhoneLayoutInflater.onCreateView(PhoneLayoutInflater.java:56)
05-20 16:01:35.752 W/WindowManager(  374): 	at android.view.LayoutInflater.onCreateView(LayoutInflater.java:669)
05-20 16:01:35.752 W/WindowManager(  374): 	at android.view.LayoutInflater.createViewFromTag(LayoutInflater.java:694)
05-20 16:01:35.752 W/WindowManager(  374): 	at android.view.LayoutInflater.rInflate(LayoutInflater.java:755)
05-20 16:01:35.752 W/WindowManager(  374): 	at android.view.LayoutInflater.inflate(LayoutInflater.java:492)
05-20 16:01:35.752 W/WindowManager(  374): 	at android.view.LayoutInflater.inflate(LayoutInflater.java:397)
05-20 16:01:35.752 W/WindowManager(  374): 	at android.view.LayoutInflater.inflate(LayoutInflater.java:353)
05-20 16:01:35.752 W/WindowManager(  374): 	at com.android.internal.policy.impl.PhoneWindow.generateLayout(PhoneWindow.java:2823)
05-20 16:01:35.752 W/WindowManager(  374): 	at com.android.internal.policy.impl.PhoneWindow.installDecor(PhoneWindow.java:2886)
05-20 16:01:35.752 W/WindowManager(  374): 	at com.android.internal.policy.impl.PhoneWindow.getDecorView(PhoneWindow.java:1581)
05-20 16:01:35.752 W/WindowManager(  374): 	at com.android.internal.policy.impl.PhoneWindowManager.addStartingWindow(PhoneWindowManager.java:1618)
05-20 16:01:35.752 W/WindowManager(  374): 	at com.android.server.wm.WindowManagerService$H.handleMessage(WindowManagerService.java:6908)
05-20 16:01:35.752 W/WindowManager(  374): 	at android.os.Handler.dispatchMessage(Handler.java:99)
05-20 16:01:35.752 W/WindowManager(  374): 	at android.os.Looper.loop(Looper.java:137)
05-20 16:01:35.752 W/WindowManager(  374): 	at android.os.HandlerThread.run(HandlerThread.java:61)
05-20 16:01:35.752 W/WindowManager(  374): Caused by: java.lang.reflect.InvocationTargetException
05-20 16:01:35.752 W/WindowManager(  374): 	at java.lang.reflect.Constructor.constructNative(Native Method)
05-20 16:01:35.752 W/WindowManager(  374): 	at java.lang.reflect.Constructor.newInstance(Constructor.java:417)
05-20 16:01:35.752 W/WindowManager(  374): 	at android.view.LayoutInflater.createView(LayoutInflater.java:594)
05-20 16:01:35.752 W/WindowManager(  374): 	... 15 more
05-20 16:01:35.752 W/WindowManager(  374): Caused by: android.content.res.Resources$NotFoundException: Resource is not a Drawable (color or path): TypedValue{t=0x2/d=0x1010059 a=-1}
05-20 16:01:35.752 W/WindowManager(  374): 	at android.content.res.Resources.loadDrawable(Resources.java:2063)
05-20 16:01:35.752 W/WindowManager(  374): 	at android.content.res.TypedArray.getDrawable(TypedArray.java:601)
05-20 16:01:35.752 W/WindowManager(  374): 	at android.widget.FrameLayout.<init>(FrameLayout.java:109)
05-20 16:01:35.752 W/WindowManager(  374): 	at android.widget.FrameLayout.<init>(FrameLayout.java:97)
05-20 16:01:35.752 W/WindowManager(  374): 	... 18 more
05-20 16:01:35.752 E/LauncherApplication( 4418): isShowLogoutUI = true
05-20 16:01:35.752 E/LauncherApplication( 4418): LogoutShowTime 1
05-20 16:01:35.752 V/Launcher( 4418): onResume1111111 
05-20 16:01:35.752 V/Launcher( 4418): is logout ----> 
05-20 16:01:35.760 I/System.out( 4418):  
05-20 16:01:35.760 I/System.out( 4418): com.pekall.emdm.launcher.Workspace.setWallpaper(Unknown Source)
05-20 16:01:35.760 I/System.out( 4418): com.pekall.emdm.launcher.Launcher.onResume(Unknown Source)
05-20 16:01:35.760 I/System.out( 4418): android.app.Instrumentation.callActivityOnResume(Instrumentation.java:1192)
05-20 16:01:35.760 I/System.out( 4418): android.app.Activity.performResume(Activity.java:5211)
05-20 16:01:35.760 I/System.out( 4418): android.app.ActivityThread.performResumeActivity(ActivityThread.java:2780)
05-20 16:01:35.760 I/System.out( 4418): android.app.ActivityThread.handleResumeActivity(ActivityThread.java:2819)
05-20 16:01:35.760 I/System.out( 4418): android.app.ActivityThread.handleLaunchActivity(ActivityThread.java:2266)
05-20 16:01:35.760 I/System.out( 4418): android.app.ActivityThread.access$600(ActivityThread.java:141)
05-20 16:01:35.760 I/System.out( 4418): android.app.ActivityThread$H.handleMessage(ActivityThread.java:1256)
05-20 16:01:35.760 I/System.out( 4418): android.os.Handler.dispatchMessage(Handler.java:99)
05-20 16:01:35.760 I/System.out( 4418): android.os.Looper.loop(Looper.java:137)
05-20 16:01:35.760 I/System.out( 4418): android.app.ActivityThread.main(ActivityThread.java:5103)
05-20 16:01:35.760 I/System.out( 4418): java.lang.reflect.Method.invokeNative(Native Method)
05-20 16:01:35.760 I/System.out( 4418): java.lang.reflect.Method.invoke(Method.java:525)
05-20 16:01:35.760 I/System.out( 4418): com.android.internal.os.ZygoteInit$MethodAndArgsCaller.run(ZygoteInit.java:737)
05-20 16:01:35.767 I/System.out( 4418): com.android.internal.os.ZygoteInit.main(ZygoteInit.java:553)
05-20 16:01:35.767 I/System.out( 4418): dalvik.system.NativeStart.main(Native Method)
05-20 16:01:36.017 D/dalvikvm( 4418): JIT unchain all for threadid=11
05-20 16:01:36.072 D/dalvikvm( 4418): GC_FOR_ALLOC freed 4396K, 4% free 49736K/51764K, paused 305ms, total 305ms
05-20 16:01:36.150 I/Email   ( 4418): Notifications being toggled: false
05-20 16:01:36.150 W/ActivityManager(  374): Unable to start service Intent { cmp=com.pekall.emdm.launcher/com.pekall.semail.service.AttachmentDownloadService } U=0: not found
05-20 16:01:36.252 W/ActivityManager(  374): Activity pause timeout for ActivityRecord{427b5718 u0 com.pekall.emdm.launcher/.Launcher}
05-20 16:01:36.291 D/MDM :   ( 4418): [null:-1]->width 104
05-20 16:01:36.291 D/MDM :   ( 4418): [null:-1]->height 104
05-20 16:01:36.291 D/MDM :   ( 4418): [null:-1]->scale 1.0
05-20 16:01:36.291 D/MDM :   ( 4418): [null:-1]->tint false
05-20 16:01:36.291 D/MDM :   ( 4418): [null:-1]->width 104
05-20 16:01:36.291 D/MDM :   ( 4418): [null:-1]->height 104
05-20 16:01:36.291 D/MDM :   ( 4418): [null:-1]->scale 1.0
05-20 16:01:36.291 D/MDM :   ( 4418): [null:-1]->tint false
05-20 16:01:36.299 D/MDM :   ( 4418): [null:-1]->width 104
05-20 16:01:36.299 D/MDM :   ( 4418): [null:-1]->height 104
05-20 16:01:36.299 D/MDM :   ( 4418): [null:-1]->scale 1.0
05-20 16:01:36.299 D/MDM :   ( 4418): [null:-1]->tint false
05-20 16:01:36.299 D/MDM :   ( 4418): [null:-1]->width 104
05-20 16:01:36.299 D/MDM :   ( 4418): [null:-1]->height 104
05-20 16:01:36.299 D/MDM :   ( 4418): [null:-1]->scale 1.0
05-20 16:01:36.306 D/MDM :   ( 4418): [null:-1]->tint false
05-20 16:01:36.306 D/MDM :   ( 4418): [null:-1]->width 104
05-20 16:01:36.306 D/MDM :   ( 4418): [null:-1]->height 104
05-20 16:01:36.306 D/MDM :   ( 4418): [null:-1]->scale 1.0
05-20 16:01:36.306 D/MDM :   ( 4418): [null:-1]->tint false
05-20 16:01:36.314 D/MDM :   ( 4418): [null:-1]->width 104
05-20 16:01:36.314 D/MDM :   ( 4418): [null:-1]->height 104
05-20 16:01:36.314 D/MDM :   ( 4418): [null:-1]->scale 1.0
05-20 16:01:36.314 D/MDM :   ( 4418): [null:-1]->tint false
05-20 16:01:36.314 D/MDM :   ( 4418): [null:-1]->width 104
05-20 16:01:36.314 D/MDM :   ( 4418): [null:-1]->height 104
05-20 16:01:36.314 D/MDM :   ( 4418): [null:-1]->scale 1.0
05-20 16:01:36.322 D/MDM :   ( 4418): [null:-1]->tint false
05-20 16:01:36.322 D/MDM :   ( 4418): [null:-1]->width 104
05-20 16:01:36.322 D/MDM :   ( 4418): [null:-1]->height 104
05-20 16:01:36.322 D/MDM :   ( 4418): [null:-1]->scale 1.0
05-20 16:01:36.322 D/MDM :   ( 4418): [null:-1]->tint false
05-20 16:01:36.330 V/CounterTextView( 4418): onReceive
05-20 16:01:36.330 D/        ( 4418): [---null: -1---]   msg  xxd1
05-20 16:01:36.338 D/        ( 4418): [---null: -1---]  xxd111  getPackageName  com.pekall.emdm.launcher
05-20 16:01:36.338 D/        ( 4418): [---null: -1---]  xxd111  getClassName  com.pekall.emdm.document.activity.DocMainActivity
05-20 16:01:36.338 D/        ( 4418): [---null: -1---]  xxd111  info.title  Document Manager ,count is 0
05-20 16:01:36.346 D/        ( 4418): [---null: -1---]  xxd111  getPackageName  com.pekall.emdm.launcher
05-20 16:01:36.346 D/        ( 4418): [---null: -1---]  xxd111  getClassName  com.pekall.emdm.launcher.ui.BackPersonalActivity
05-20 16:01:36.346 D/        ( 4418): [---null: -1---]  xxd111  info.title  Personal Mode ,count is 0
05-20 16:01:36.346 D/        ( 4418): [---null: -1---]  xxd111  getPackageName  com.pekall.emdm.launcher
05-20 16:01:36.346 D/        ( 4418): [---null: -1---]  xxd111  getClassName  com.pekall.semail.activity.Welcome
