05-20 15:57:39.166 W/WindowManager(  374):   Surface: shown=false layer=21015 alpha=0.0 rect=(0.0,0.0) 720.0 x 1184.0
05-20 15:57:39.166 W/WindowManager(  374):   mShownAlpha=1.0 mAlpha=1.0 mLastAlpha=0.0
05-20 15:57:39.166 W/WindowManager(  374): Current app token list:
05-20 15:57:39.166 V/WindowManager(  374):   #1: Token{4260cfa0 ActivityRecord{43041218 u0 com.pekall.emdm.launcher/.Launcher}}
05-20 15:57:39.166 V/WindowManager(  374):   #0: Token{425dac38 ActivityRecord{425da7f0 u0 com.android.launcher/com.android.launcher2.Launcher}}
05-20 15:57:39.166 W/WindowManager(  374): Final window list:
05-20 15:57:39.166 V/WindowManager(  374):   #0: Window{42776ae8 u0 SearchPanel}
05-20 15:57:39.166 V/WindowManager(  374):   #1: Window{425d6be8 u0 NavigationBar}
05-20 15:57:39.166 V/WindowManager(  374):   #2: Window{428ae890 u0 StatusBar}
05-20 15:57:39.166 V/WindowManager(  374):   #3: Window{42667920 u0 Keyguard}
05-20 15:57:39.166 V/WindowManager(  374):   #4: Window{42941d98 u0 com.android.phasebeam.PhaseBeamWallpaper}
05-20 15:57:39.166 V/WindowManager(  374):   #5: Window{426e3090 u0 com.qihoo360.mobilesafe}
05-20 15:57:39.166 V/WindowManager(  374):   #6: Window{423d8a70 u0 Application Not Responding: com.pekall.emdm.launcher}
05-20 15:57:39.166 V/WindowManager(  374):   #7: Window{42972e98 u0 com.qihoo360.mobilesafe}
05-20 15:57:39.166 V/WindowManager(  374):   #8: Window{4308d330 u0 InputMethod}
05-20 15:57:39.166 V/WindowManager(  374):   #9: Window{426f6f48 u0 com.android.launcher/com.android.launcher2.Launcher}
05-20 15:57:39.166 D/PhoneStatusBar(  448): disable: < expand icons alerts ticker system_info BACK HOME recent* CLOCK search* >
05-20 15:57:39.236 D/PhoneStatusBar(  448): disable: < expand icons alerts ticker system_info back* home* recent clock* search >
05-20 15:57:41.330 W/ActivityManager(  374):   Force finishing activity com.pekall.emdm.launcher/.Launcher
05-20 15:57:41.330 I/ActivityManager(  374): Killing ProcessRecord{426a4128 3795:com.pekall.emdm.launcher/u0a10066}: user's request
05-20 15:57:41.400 I/ActivityManager(  374): Process com.pekall.emdm.launcher (pid 3795) has died.
05-20 15:57:41.400 I/WindowState(  374): WIN DEATH: Window{429ae8a8 u0 com.pekall.emdm.launcher/com.pekall.emdm.ui.SplashActivity}
05-20 15:57:41.400 W/ActivityManager(  374): Scheduling restart of crashed service com.pekall.emdm.launcher/com.pekall.emdm.contacts.service.PhoneService in 5000ms
05-20 15:57:41.400 W/ActivityManager(  374): Scheduling restart of crashed service com.pekall.emdm.launcher/com.pekall.emdm.MdmService in 15000ms
05-20 15:57:41.549 W/InputMethodManagerService(  374): Got RemoteException sending setActive(false) notification to pid 3795 uid 10066
05-20 15:57:46.424 I/ActivityManager(  374): Start proc com.pekall.emdm.launcher for service com.pekall.emdm.launcher/com.pekall.emdm.contacts.service.PhoneService: pid=4418 uid=10066 gids={50066, 1015, 3002, 3001, 3003, 1028}
05-20 15:57:49.181 I/ActivityManager(  374): Start proc com.qihoo360.mobilesafe:remote for content provider com.qihoo360.mobilesafe/.shield.provider.EmptyProvider: pid=4448 uid=10069 gids={50069, 3003, 1015, 3001, 3002, 1006, 1028}
05-20 15:57:49.299 W/ActivityManager(  374): Unable to start service Intent { cmp=com.pekall.emdm.launcher/com.pekall.semail.service.AttachmentDownloadService } U=0: not found
05-20 15:58:01.533 I/EntropyMixer(  374): Writing entropy...
05-20 15:58:01.564 W/PowerUI (  448): unknown intent: Intent { act=android.intent.action.ACTION_POWER_CONNECTED flg=0x8000010 }
05-20 15:58:13.025 W/BroadcastQueue(  374): Timeout of broadcast BroadcastRecord{426fcb48 u0 com.pekall.mdm.action.MDM_ALARM} - receiver=android.os.BinderProxy@426d53c0, started 60009ms ago
05-20 15:58:13.025 W/BroadcastQueue(  374): Receiver during timeout: BroadcastFilter{42964938 u0 ReceiverList{42965078 3795 com.pekall.emdm.launcher/10066/u0 remote:426d53c0}}
05-20 15:58:31.533 I/PowerManagerService(  374): Going to sleep due to screen timeout...
05-20 15:58:37.283 D/PhoneStatusBar(  448): disable: < expand icons alerts ticker system_info back home RECENT* clock SEARCH* >
05-20 15:58:37.346 D/PhoneStatusBar(  448): disable: < expand icons alerts ticker system_info BACK* HOME* RECENT CLOCK* SEARCH >
05-20 15:59:16.377 I/PowerManagerService(  374): Waking up from sleep...
05-20 15:59:16.416 I/WindowManager(  374): Lock screen displayed!
05-20 15:59:17.525 D/PhoneStatusBar(  448): disable: < expand icons alerts ticker system_info BACK HOME recent* CLOCK search* >
05-20 15:59:17.603 D/PhoneStatusBar(  448): disable: < expand icons alerts ticker system_info back* home* recent clock* search >
05-20 15:59:17.611 W/InputMethodManagerService(  374): Window already focused, ignoring focus gain of: com.android.internal.view.IInputMethodClient$Stub$Proxy@428c2468 attribute=android.view.inputmethod.EditorInfo@426b2708, token = android.os.BinderProxy@42942f70
05-20 15:59:26.947 W/MountService(  374): getVolumeState(/storage/emulated/0/external_sd): Unknown volume
05-20 15:59:26.947 W/MountService(  374): getVolumeState(/mnt/sdcard-ext): Unknown volume
05-20 15:59:26.947 W/MountService(  374): getVolumeState(/mnt/ext_sdcard): Unknown volume
05-20 15:59:26.947 W/MountService(  374): getVolumeState(/mnt/sdcard2): Unknown volume
05-20 15:59:26.947 W/MountService(  374): getVolumeState(/mnt/emmc): Unknown volume
05-20 15:59:26.947 W/MountService(  374): getVolumeState(/mnt/extSdCard): Unknown volume
05-20 15:59:26.947 W/MountService(  374): getVolumeState(/mnt/sdcard/SD_CARD): Unknown volume
05-20 15:59:26.947 W/MountService(  374): getVolumeState(/mnt/sdcard/extra_sd): Unknown volume
05-20 15:59:26.947 W/MountService(  374): getVolumeState(/mnt/extrasd_bind): Unknown volume
05-20 15:59:26.947 W/MountService(  374): getVolumeState(/mnt/sdcard/ext_sd): Unknown volume
05-20 15:59:26.947 W/MountService(  374): getVolumeState(/storage/extSdCard): Unknown volume
05-20 15:59:26.947 W/MountService(  374): getVolumeState(/storage/sdcard1): Unknown volume
05-20 15:59:26.947 W/MountService(  374): getVolumeState(/mnt/sdcard/external_SD): Unknown volume
05-20 15:59:26.947 W/MountService(  374): getVolumeState(/mnt/sdcard/external_sd): Unknown volume
05-20 15:59:26.994 W/MountService(  374): getVolumeState(/storage/emulated/0/external_sd): Unknown volume
05-20 15:59:26.994 W/MountService(  374): getVolumeState(/mnt/sdcard-ext): Unknown volume
05-20 15:59:26.994 W/MountService(  374): getVolumeState(/mnt/ext_sdcard): Unknown volume
05-20 15:59:26.994 W/MountService(  374): getVolumeState(/mnt/sdcard2): Unknown volume
05-20 15:59:26.994 W/MountService(  374): getVolumeState(/mnt/emmc): Unknown volume
05-20 15:59:26.994 W/MountService(  374): getVolumeState(/mnt/extSdCard): Unknown volume
05-20 15:59:26.994 W/MountService(  374): getVolumeState(/mnt/sdcard/SD_CARD): Unknown volume
05-20 15:59:26.994 W/MountService(  374): getVolumeState(/mnt/sdcard/extra_sd): Unknown volume
05-20 15:59:26.994 W/MountService(  374): getVolumeState(/mnt/extrasd_bind): Unknown volume
05-20 15:59:26.994 W/MountService(  374): getVolumeState(/mnt/sdcard/ext_sd): Unknown volume
05-20 15:59:26.994 W/MountService(  374): getVolumeState(/storage/extSdCard): Unknown volume
05-20 15:59:26.994 W/MountService(  374): getVolumeState(/storage/sdcard1): Unknown volume
05-20 15:59:26.994 W/MountService(  374): getVolumeState(/mnt/sdcard/external_SD): Unknown volume
05-20 15:59:27.002 W/MountService(  374): getVolumeState(/mnt/sdcard/external_sd): Unknown volume
05-20 15:59:27.267 W/MountService(  374): getVolumeState(/storage/emulated/0/external_sd): Unknown volume
05-20 15:59:27.267 W/MountService(  374): getVolumeState(/mnt/sdcard-ext): Unknown volume
05-20 15:59:27.267 W/MountService(  374): getVolumeState(/mnt/ext_sdcard): Unknown volume
05-20 15:59:27.267 W/MountService(  374): getVolumeState(/mnt/sdcard2): Unknown volume
05-20 15:59:27.267 W/MountService(  374): getVolumeState(/mnt/emmc): Unknown volume
05-20 15:59:27.267 W/MountService(  374): getVolumeState(/mnt/extSdCard): Unknown volume
05-20 15:59:27.267 W/MountService(  374): getVolumeState(/mnt/sdcard/SD_CARD): Unknown volume
05-20 15:59:27.267 W/MountService(  374): getVolumeState(/mnt/sdcard/extra_sd): Unknown volume
05-20 15:59:27.267 W/MountService(  374): getVolumeState(/mnt/extrasd_bind): Unknown volume
05-20 15:59:27.267 W/MountService(  374): getVolumeState(/mnt/sdcard/ext_sd): Unknown volume
05-20 15:59:27.267 W/MountService(  374): getVolumeState(/storage/extSdCard): Unknown volume
05-20 15:59:27.267 W/MountService(  374): getVolumeState(/storage/sdcard1): Unknown volume
05-20 15:59:27.267 W/MountService(  374): getVolumeState(/mnt/sdcard/external_SD): Unknown volume
05-20 15:59:27.275 W/MountService(  374): getVolumeState(/mnt/sdcard/external_sd): Unknown volume
05-20 15:59:27.392 I/ActivityManager(  374): START u0 {act=com.qihoo360.daemon.pcdaemon.ACTION_START_UI2 flg=0x10000000 cmp=com.qihoo.appstore/.activities.MainActivity (has extras)} from pid 1468
05-20 15:59:27.517 I/ActivityManager(  374): Start proc android.process.acore for content provider com.android.providers.contacts/.ContactsProvider2: pid=4590 uid=10000 gids={50000, 3003, 1015, 1028}
05-20 15:59:29.830 W/MountService(  374): getVolumeState(/storage/emulated/0/external_sd): Unknown volume
05-20 15:59:29.830 W/MountService(  374): getVolumeState(/mnt/sdcard-ext): Unknown volume
05-20 15:59:29.830 W/MountService(  374): getVolumeState(/mnt/ext_sdcard): Unknown volume
05-20 15:59:29.846 W/MountService(  374): getVolumeState(/mnt/sdcard2): Unknown volume
05-20 15:59:29.846 W/MountService(  374): getVolumeState(/mnt/emmc): Unknown volume
05-20 15:59:29.853 W/MountService(  374): getVolumeState(/mnt/extSdCard): Unknown volume
05-20 15:59:29.853 W/MountService(  374): getVolumeState(/mnt/sdcard/SD_CARD): Unknown volume
05-20 15:59:29.853 W/MountService(  374): getVolumeState(/mnt/sdcard/extra_sd): Unknown volume
05-20 15:59:29.853 W/MountService(  374): getVolumeState(/mnt/extrasd_bind): Unknown volume
05-20 15:59:29.861 W/MountService(  374): getVolumeState(/mnt/sdcard/ext_sd): Unknown volume
05-20 15:59:29.861 W/MountService(  374): getVolumeState(/storage/extSdCard): Unknown volume
05-20 15:59:29.861 W/MountService(  374): getVolumeState(/storage/sdcard1): Unknown volume
05-20 15:59:29.861 W/MountService(  374): getVolumeState(/mnt/sdcard/external_SD): Unknown volume
05-20 15:59:29.861 W/MountService(  374): getVolumeState(/mnt/sdcard/external_sd): Unknown volume
05-20 15:59:32.236 I/ActivityManager(  374): Start proc com.qihoo360.mobilesafe for service com.qihoo360.mobilesafe/.service.ExamService: pid=4636 uid=10069 gids={50069, 3003, 1015, 3001, 3002, 1006, 1028}
05-20 15:59:33.892 I/ActivityManager(  374): Start proc com.qihoo.appstore:permmgr for service com.qihoo.appstore/com.qihoo.permmgr.PermService: pid=4675 uid=10064 gids={50064, 3003, 1015, 3002, 1006, 3001, 1028}
05-20 15:59:35.471 W/BroadcastQueue(  374): Failure [background] sending broadcast result of Intent { act=com.qihoo360.mobilesafe.NotifyDaemonStop flg=0x10 }
05-20 15:59:35.471 W/BroadcastQueue(  374): android.os.DeadObjectException
05-20 15:59:35.471 W/BroadcastQueue(  374): 	at android.os.BinderProxy.transact(Native Method)
05-20 15:59:35.471 W/BroadcastQueue(  374): 	at android.content.IIntentReceiver$Stub$Proxy.performReceive(IIntentReceiver.java:124)
05-20 15:59:35.471 W/BroadcastQueue(  374): 	at com.android.server.am.BroadcastQueue.performReceiveLocked(BroadcastQueue.java:376)
05-20 15:59:35.471 W/BroadcastQueue(  374): 	at com.android.server.am.BroadcastQueue.processNextBroadcast(BroadcastQueue.java:599)
05-20 15:59:35.471 W/BroadcastQueue(  374): 	at com.android.server.am.ActivityManagerService.finishReceiver(ActivityManagerService.java:12390)
05-20 15:59:35.471 W/BroadcastQueue(  374): 	at android.app.ActivityManagerNative.onTransact(ActivityManagerNative.java:379)
05-20 15:59:35.471 W/BroadcastQueue(  374): 	at com.android.server.am.ActivityManagerService.onTransact(ActivityManagerService.java:1737)
05-20 15:59:35.471 W/BroadcastQueue(  374): 	at android.os.Binder.execTransact(Binder.java:388)
05-20 15:59:35.471 W/BroadcastQueue(  374): 	at dalvik.system.NativeStart.run(Native Method)
05-20 15:59:42.283 I/ActivityManager(  374): Process com.qihoo.appstore:permmgr (pid 4675) has died.
05-20 15:59:42.338 W/SocketClient(  121): write error (Broken pipe)
05-20 15:59:47.502 I/PowerManagerService(  374): Going to sleep due to screen timeout...
05-20 15:59:53.221 D/PhoneStatusBar(  448): disable: < expand icons alerts ticker system_info back home RECENT* clock SEARCH* >
05-20 15:59:53.306 D/PhoneStatusBar(  448): disable: < expand icons alerts ticker system_info BACK* HOME* RECENT CLOCK* SEARCH >
05-20 16:00:27.189 W/MountService(  374): getVolumeState(/storage/emulated/0/external_sd): Unknown volume
05-20 16:00:27.189 W/MountService(  374): getVolumeState(/mnt/sdcard-ext): Unknown volume
05-20 16:00:27.189 W/MountService(  374): getVolumeState(/mnt/ext_sdcard): Unknown volume
05-20 16:00:27.189 W/MountService(  374): getVolumeState(/mnt/sdcard2): Unknown volume
05-20 16:00:27.189 W/MountService(  374): getVolumeState(/mnt/emmc): Unknown volume
05-20 16:00:27.189 W/MountService(  374): getVolumeState(/mnt/extSdCard): Unknown volume
05-20 16:00:27.189 W/MountService(  374): getVolumeState(/mnt/sdcard/SD_CARD): Unknown volume
05-20 16:00:27.189 W/MountService(  374): getVolumeState(/mnt/sdcard/extra_sd): Unknown volume
05-20 16:00:27.189 W/MountService(  374): getVolumeState(/mnt/extrasd_bind): Unknown volume
05-20 16:00:27.189 W/MountService(  374): getVolumeState(/mnt/sdcard/ext_sd): Unknown volume
05-20 16:00:27.197 W/MountService(  374): getVolumeState(/storage/extSdCard): Unknown volume
05-20 16:00:27.197 W/MountService(  374): getVolumeState(/storage/sdcard1): Unknown volume
05-20 16:00:27.197 W/MountService(  374): getVolumeState(/mnt/sdcard/external_SD): Unknown volume
05-20 16:00:27.197 W/MountService(  374): getVolumeState(/mnt/sdcard/external_sd): Unknown volume
05-20 16:00:27.533 W/MountService(  374): getVolumeState(/storage/emulated/0/external_sd): Unknown volume
05-20 16:00:27.533 W/MountService(  374): getVolumeState(/mnt/sdcard-ext): Unknown volume
05-20 16:00:27.533 W/MountService(  374): getVolumeState(/mnt/ext_sdcard): Unknown volume
05-20 16:00:27.533 W/MountService(  374): getVolumeState(/mnt/sdcard2): Unknown volume
05-20 16:00:27.533 W/MountService(  374): getVolumeState(/mnt/emmc): Unknown volume
05-20 16:00:27.533 W/MountService(  374): getVolumeState(/mnt/extSdCard): Unknown volume
05-20 16:00:27.533 W/MountService(  374): getVolumeState(/mnt/sdcard/SD_CARD): Unknown volume
05-20 16:00:27.533 W/MountService(  374): getVolumeState(/mnt/sdcard/extra_sd): Unknown volume
05-20 16:00:27.533 W/MountService(  374): getVolumeState(/mnt/extrasd_bind): Unknown volume
05-20 16:00:27.541 W/MountService(  374): getVolumeState(/mnt/sdcard/ext_sd): Unknown volume
05-20 16:00:27.541 W/MountService(  374): getVolumeState(/storage/extSdCard): Unknown volume
05-20 16:00:27.541 W/MountService(  374): getVolumeState(/storage/sdcard1): Unknown volume
05-20 16:00:27.541 W/MountService(  374): getVolumeState(/mnt/sdcard/external_SD): Unknown volume
05-20 16:00:27.541 W/MountService(  374): getVolumeState(/mnt/sdcard/external_sd): Unknown volume
05-20 16:00:46.017 I/PowerManagerService(  374): Waking up from sleep...
05-20 16:00:46.127 I/WindowManager(  374): Lock screen displayed!
05-20 16:00:47.455 D/PhoneStatusBar(  448): disable: < expand icons alerts ticker system_info BACK HOME recent* CLOCK search* >
05-20 16:00:47.533 D/PhoneStatusBar(  448): disable: < expand icons alerts ticker system_info back* home* recent clock* search >
05-20 16:00:47.533 W/InputMethodManagerService(  374): Window already focused, ignoring focus gain of: com.android.internal.view.IInputMethodClient$Stub$Proxy@42d2da40 attribute=android.view.inputmethod.EditorInfo@427d0558, token = android.os.BinderProxy@429b45f0
05-20 16:00:56.721 I/ActivityManager(  374): START u0 {act=android.intent.action.MAIN cat=[android.intent.category.LAUNCHER] flg=0x10200000 cmp=com.pekall.emdm.launcher/.Launcher} from pid 576
05-20 16:00:59.588 I/ActivityManager(  374): START u0 {cmp=com.pekall.emdm.launcher/com.pekall.emdm.ui.SplashActivity} from pid 4418
05-20 16:01:00.096 W/ActivityManager(  374): Activity pause timeout for ActivityRecord{429588b8 u0 com.pekall.emdm.launcher/.Launcher}
05-20 16:01:00.744 W/ActivityManager(  374): Unable to start service Intent { cmp=com.pekall.emdm.launcher/com.pekall.semail.service.AttachmentDownloadService } U=0: not found
05-20 16:01:02.908 I/ActivityManager(  374): START u0 {cmp=com.pekall.emdm.launcher/com.pekall.emdm.ui.ActiveDeviceAdminActivity} from pid 4418
05-20 16:01:03.088 I/ActivityManager(  374): START u0 {cmp=com.pekall.emdm.launcher/com.pekall.emdm.ui.RegDeviceActivity} from pid 4418
05-20 16:01:03.166 I/ActivityManager(  374): START u0 {flg=0x8000 cmp=com.pekall.emdm.launcher/.Launcher} from pid 4418
05-20 16:01:04.744 W/ActivityManager(  374): Unable to start service Intent { cmp=com.pekall.emdm.launcher/com.pekall.semail.service.AttachmentDownloadService } U=0: not found
05-20 16:01:04.783 I/ActivityManager(  374): START u0 {cmp=com.pekall.emdm.launcher/com.pekall.emdm.ui.SplashActivity} from pid 4418
05-20 16:01:05.283 W/ActivityManager(  374): Activity pause timeout for ActivityRecord{426d03d8 u0 com.pekall.emdm.launcher/.Launcher}
05-20 16:01:07.314 I/ActivityManager(  374): START u0 {cmp=com.pekall.emdm.launcher/com.pekall.emdm.ui.ActiveDeviceAdminActivity} from pid 4418
05-20 16:01:07.463 I/ActivityManager(  374): START u0 {cmp=com.pekall.emdm.launcher/com.pekall.emdm.ui.RegDeviceActivity} from pid 4418
05-20 16:01:07.525 I/ActivityManager(  374): START u0 {flg=0x8000 cmp=com.pekall.emdm.launcher/.Launcher} from pid 4418
05-20 16:01:09.244 I/ActivityManager(  374): START u0 {cmp=com.pekall.emdm.launcher/com.pekall.emdm.ui.SplashActivity} from pid 4418
05-20 16:01:09.330 W/ActivityManager(  374): Unable to start service Intent { cmp=com.pekall.emdm.launcher/com.pekall.semail.service.AttachmentDownloadService } U=0: not found
--------- beginning of /dev/log/main
05-20 16:01:09.767 D/        ( 4418): [---null: -1---]  xxd111  getPackageName  com.pekall.emdm.launcher
05-20 16:01:09.767 D/        ( 4418): [---null: -1---]  xxd111  getClassName  com.pekall.emdm.contacts.activities.PeopleActivity
05-20 16:01:09.767 D/        ( 4418): [---null: -1---]  xxd111  info.title  EmdmContacts ,count is 0
05-20 16:01:09.767 D/        ( 4418): [---null: -1---]  xxd111  getPackageName  com.pekall.emdm.launcher
05-20 16:01:09.775 D/        ( 4418): [---null: -1---]  xxd111  getClassName  com.pekall.emdm.browser.BrowserActivity
05-20 16:01:09.775 D/        ( 4418): [---null: -1---]  xxd111  info.title  Safe Browser ,count is 0
05-20 16:01:09.775 D/        ( 4418): [---null: -1---]  xxd111  getPackageName  com.pekall.emdm.launcher
05-20 16:01:09.775 D/        ( 4418): [---null: -1---]  xxd111  getClassName  com.pekall.emdm.launcher.ui.AboutActivity
05-20 16:01:09.775 D/        ( 4418): [---null: -1---]  xxd111  info.title  About ,count is 0
05-20 16:01:09.783 D/        ( 4418): [---null: -1---]  xxd111  getPackageName  com.pekall.emdm.launcher
05-20 16:01:09.783 D/        ( 4418): [---null: -1---]  xxd111  getClassName  com.pekall.emdm.launcher.ui.SettingActivity
05-20 16:01:09.783 D/        ( 4418): [---null: -1---]  xxd111  info.title  Setting ,count is 0
05-20 16:01:09.791 V/l       ( 4418): Connected: com.pekall.exchange.ExchangeService
05-20 16:01:09.791 D/ExchangeService( 4418): !!! EAS ExchangeService, onStartCommand, startingUp = false, running = false
05-20 16:01:09.791 D/ExchangeService( 4418): to start secureStorageService now
05-20 16:01:09.799 V/a       ( 4418): Bind requested for task test
05-20 16:01:09.799 V/l       ( 4418): Task setLogging completed; disconnecting
05-20 16:01:09.822 D/ExchangeService( 4418): Reconciling accounts...
05-20 16:01:09.822 V/a       ( 4418): Bind requested for task reconcileAccounts
05-20 16:01:09.822 V/LauncherApplication( 4418): onActivityStarted
05-20 16:01:09.822 V/a       ( 4418): Waiting for task reconcileAccounts to complete...
05-20 16:01:09.822 D/        ( 4418): [---null: -1---]     awsa  onActivityResumed
05-20 16:01:09.822 V/LauncherApplication( 4418): 2MdmConstant.LAST_LAUNCH_TIME = 1400572869722
05-20 16:01:09.830 D/        ( 4418): [---null: -1---]  activity = com.pekall.emdm.ui.SplashActivity
05-20 16:01:09.947 V/CounterTextView( 4418): onReceive
05-20 16:01:09.947 D/        ( 4418): [---null: -1---]   msg  xxd1
05-20 16:01:09.994 V/a       ( 4418): Connected: com.pekall.semail.service.AccountServiceInternal
05-20 16:01:10.002 V/a       ( 4418): Connected: com.pekall.semail.service.AccountServiceInternal
05-20 16:01:10.002 V/a       ( 4418): Connection test succeeded in 205ms
05-20 16:01:10.002 V/a       ( 4418): Task test completed; disconnecting
05-20 16:01:10.010 I/ActivityManager(  374): Displayed com.pekall.emdm.launcher/com.pekall.emdm.ui.SplashActivity: +293ms (total +2s574ms)
05-20 16:01:10.010 I/ActivityManager(  374): Displayed com.pekall.emdm.launcher/.Launcher: +2s263ms
05-20 16:01:10.033 V/a       ( 4418): Task reconcileAccounts completed; disconnecting
05-20 16:01:10.033 V/a       ( 4418): Wait for reconcileAccounts finished in 213ms
05-20 16:01:10.041 D/ExchangeService( 4418): !!! EAS ExchangeService, stopping self
05-20 16:01:10.064 D/ExchangeService( 4418): !!! EAS ExchangeService, onDestroy
05-20 16:01:11.322 W/Parcel  ( 1661): Attempt to read object from Parcel 0x5ded3dac at offset 200 that is not in the object list
05-20 16:01:11.322 I/ActivityManager(  374): START u0 {cmp=com.pekall.emdm.launcher/com.pekall.emdm.ui.ActiveDeviceAdminActivity} from pid 4418
05-20 16:01:11.416 D/dalvikvm(  374): GC_FOR_ALLOC freed 1386K, 26% free 20836K/27920K, paused 63ms, total 65ms
05-20 16:01:11.431 D/LauncherApplication( 4418): [null:-1]->onActivityPaused
05-20 16:01:11.471 V/LauncherApplication( 4418): onActivityStarted
05-20 16:01:11.471 D/        ( 4418): [---null: -1---]     awsa  onActivityResumed
05-20 16:01:11.471 V/LauncherApplication( 4418): 2MdmConstant.LAST_LAUNCH_TIME = 1400572869722
05-20 16:01:11.486 D/        ( 4418): [---null: -1---]  activity = com.pekall.emdm.ui.ActiveDeviceAdminActivity
05-20 16:01:11.486 W/Parcel  ( 1661): Attempt to read object from Parcel 0x5dfd3dac at offset 200 that is not in the object list
05-20 16:01:11.486 I/ActivityManager(  374): START u0 {cmp=com.pekall.emdm.launcher/com.pekall.emdm.ui.RegDeviceActivity} from pid 4418
05-20 16:01:11.494 D/LauncherApplication( 4418): [null:-1]->onActivityPaused
05-20 16:01:11.533 W/Parcel  ( 1661): Attempt to read object from Parcel 0x6013bdac at offset 200 that is not in the object list
05-20 16:01:11.533 I/ActivityManager(  374): START u0 {flg=0x8000 cmp=com.pekall.emdm.launcher/.Launcher} from pid 4418
05-20 16:01:11.760 D/dalvikvm(  374): GC_FOR_ALLOC freed 1209K, 26% free 20817K/27920K, paused 77ms, total 77ms
05-20 16:01:11.775 W/WindowManager(  374): Token{4256a2d8 ActivityRecord{4303c220 u0 com.pekall.emdm.launcher/.Launcher}} failed creating starting window
05-20 16:01:11.775 W/WindowManager(  374): android.view.InflateException: Binary XML file line #34: Error inflating class <unknown>
05-20 16:01:11.775 W/WindowManager(  374): 	at android.view.LayoutInflater.createView(LayoutInflater.java:620)
05-20 16:01:11.775 W/WindowManager(  374): 	at com.android.internal.policy.impl.PhoneLayoutInflater.onCreateView(PhoneLayoutInflater.java:56)
05-20 16:01:11.775 W/WindowManager(  374): 	at android.view.LayoutInflater.onCreateView(LayoutInflater.java:669)
05-20 16:01:11.775 W/WindowManager(  374): 	at android.view.LayoutInflater.createViewFromTag(LayoutInflater.java:694)
05-20 16:01:11.775 W/WindowManager(  374): 	at android.view.LayoutInflater.rInflate(LayoutInflater.java:755)
05-20 16:01:11.775 W/WindowManager(  374): 	at android.view.LayoutInflater.inflate(LayoutInflater.java:492)
05-20 16:01:11.775 W/WindowManager(  374): 	at android.view.LayoutInflater.inflate(LayoutInflater.java:397)
05-20 16:01:11.775 W/WindowManager(  374): 	at android.view.LayoutInflater.inflate(LayoutInflater.java:353)
05-20 16:01:11.775 W/WindowManager(  374): 	at com.android.internal.policy.impl.PhoneWindow.generateLayout(PhoneWindow.java:2823)
05-20 16:01:11.775 W/WindowManager(  374): 	at com.android.internal.policy.impl.PhoneWindow.installDecor(PhoneWindow.java:2886)
05-20 16:01:11.775 W/WindowManager(  374): 	at com.android.internal.policy.impl.PhoneWindow.getDecorView(PhoneWindow.java:1581)
05-20 16:01:11.775 W/WindowManager(  374): 	at com.android.internal.policy.impl.PhoneWindowManager.addStartingWindow(PhoneWindowManager.java:1618)
05-20 16:01:11.775 W/WindowManager(  374): 	at com.android.server.wm.WindowManagerService$H.handleMessage(WindowManagerService.java:6908)
05-20 16:01:11.775 W/WindowManager(  374): 	at android.os.Handler.dispatchMessage(Handler.java:99)
05-20 16:01:11.775 W/WindowManager(  374): 	at android.os.Looper.loop(Looper.java:137)
05-20 16:01:11.775 W/WindowManager(  374): 	at android.os.HandlerThread.run(HandlerThread.java:61)
05-20 16:01:11.775 W/WindowManager(  374): Caused by: java.lang.reflect.InvocationTargetException
05-20 16:01:11.775 W/WindowManager(  374): 	at java.lang.reflect.Constructor.constructNative(Native Method)
05-20 16:01:11.775 W/WindowManager(  374): 	at java.lang.reflect.Constructor.newInstance(Constructor.java:417)
05-20 16:01:11.775 W/WindowManager(  374): 	at android.view.LayoutInflater.createView(LayoutInflater.java:594)
05-20 16:01:11.775 W/WindowManager(  374): 	... 15 more
05-20 16:01:11.775 W/WindowManager(  374): Caused by: android.content.res.Resources$NotFoundException: Resource is not a Drawable (color or path): TypedValue{t=0x2/d=0x1010059 a=-1}
05-20 16:01:11.775 W/WindowManager(  374): 	at android.content.res.Resources.loadDrawable(Resources.java:2063)
05-20 16:01:11.775 W/WindowManager(  374): 	at android.content.res.TypedArray.getDrawable(TypedArray.java:601)
05-20 16:01:11.775 W/WindowManager(  374): 	at android.widget.FrameLayout.<init>(FrameLayout.java:109)
05-20 16:01:11.775 W/WindowManager(  374): 	at android.widget.FrameLayout.<init>(FrameLayout.java:97)
05-20 16:01:11.775 W/WindowManager(  374): 	... 18 more
05-20 16:01:11.783 D/HomeLoaders( 4418): aborting loaders
05-20 16:01:12.033 D/dalvikvm( 4418): JIT unchain all for threadid=11
05-20 16:01:12.338 D/dalvikvm( 4418): JIT unchain all for threadid=11
05-20 16:01:12.361 D/dalvikvm( 4418): GC_EXPLICIT freed 5374K, 17% free 27538K/33020K, paused 258ms+263ms, total 577ms
05-20 16:01:12.431 D/MDM :   ( 4418): [null:-1]->width 104
05-20 16:01:12.431 D/MDM :   ( 4418): [null:-1]->height 104
05-20 16:01:12.431 D/MDM :   ( 4418): [null:-1]->scale 0.5
05-20 16:01:12.439 D/MDM :   ( 4418): [null:-1]->tint false
05-20 16:01:12.439 D/MDM :   ( 4418): [null:-1]->width 104
05-20 16:01:12.439 D/MDM :   ( 4418): [null:-1]->height 104
05-20 16:01:12.439 D/MDM :   ( 4418): [null:-1]->scale 0.5
05-20 16:01:12.439 D/MDM :   ( 4418): [null:-1]->tint false
05-20 16:01:12.447 D/MDM :   ( 4418): [null:-1]->icon instanceof BitmapDrawable
05-20 16:01:12.447 D/MDM :   ( 4418): [null:-1]->  iconWidth 87
05-20 16:01:12.447 D/MDM :   ( 4418): [null:-1]->  iconHeight 87
05-20 16:01:12.447 D/MDM :   ( 4418): [null:-1]->  107 87
05-20 16:01:12.447 D/MDM :   ( 4418): [null:-1]->width 104
05-20 16:01:12.447 D/MDM :   ( 4418): [null:-1]->height 104
05-20 16:01:12.447 D/MDM :   ( 4418): [null:-1]->scale 1.0
05-20 16:01:12.455 D/MDM :   ( 4418): [null:-1]->tint false
05-20 16:01:12.455 D/MDM :   ( 4418): [null:-1]->width 104
05-20 16:01:12.455 D/MDM :   ( 4418): [null:-1]->height 104
05-20 16:01:12.455 D/MDM :   ( 4418): [null:-1]->scale 1.0
05-20 16:01:12.455 D/MDM :   ( 4418): [null:-1]->tint false
05-20 16:01:12.455 D/MDM :   ( 4418): [null:-1]->icon instanceof BitmapDrawable
05-20 16:01:12.455 D/MDM :   ( 4418): [null:-1]->  iconWidth 87
05-20 16:01:12.455 D/MDM :   ( 4418): [null:-1]->  iconHeight 87
05-20 16:01:12.455 D/MDM :   ( 4418): [null:-1]->  107 87
05-20 16:01:12.455 D/MDM :   ( 4418): [null:-1]->width 104
05-20 16:01:12.463 D/MDM :   ( 4418): [null:-1]->height 104
05-20 16:01:12.463 D/MDM :   ( 4418): [null:-1]->scale 1.0
05-20 16:01:12.463 D/MDM :   ( 4418): [null:-1]->tint false
05-20 16:01:12.463 D/MDM :   ( 4418): [null:-1]->width 104
05-20 16:01:12.463 D/MDM :   ( 4418): [null:-1]->height 104
05-20 16:01:12.463 D/MDM :   ( 4418): [null:-1]->scale 1.0
05-20 16:01:12.463 D/MDM :   ( 4418): [null:-1]->tint false
05-20 16:01:12.463 D/MDM :   ( 4418): [null:-1]->icon instanceof BitmapDrawable
05-20 16:01:12.463 D/MDM :   ( 4418): [null:-1]->  iconWidth 87
05-20 16:01:12.471 D/MDM :   ( 4418): [null:-1]->  iconHeight 87
05-20 16:01:12.471 D/MDM :   ( 4418): [null:-1]->  107 87
05-20 16:01:12.471 D/MDM :   ( 4418): [null:-1]->width 104
05-20 16:01:12.471 D/MDM :   ( 4418): [null:-1]->height 104
05-20 16:01:12.471 D/MDM :   ( 4418): [null:-1]->scale 1.0
05-20 16:01:12.471 D/MDM :   ( 4418): [null:-1]->tint false
05-20 16:01:12.580 V/Launcher( 4418): isLauncherDf = true
05-20 16:01:12.580 V/Launcher( 4418): isPhoneDf = true
05-20 16:01:12.580 D/        ( 4418): [---null: -1---]  ScreenWidth  720
05-20 16:01:12.580 D/        ( 4418): [---null: -1---]  ScreenHeight  1184
05-20 16:01:12.588 D/HomeLoaders( 4418): load applications
05-20 16:01:12.588 D/HomeLoaders( 4418):   --> applications loaded, return
05-20 16:01:12.588 D/HomeLoaders( 4418): loading user items in Thread[main,5,main]
05-20 16:01:12.588 D/HomeLoaders( 4418):   --> items loaded, return
05-20 16:01:12.588 D/HomeLoaders( 4418):   --> loading from cache: 11, 0
05-20 16:01:12.588 D/Launcher( 4418): ------> binding 11 items
05-20 16:01:12.588 D/Launcher( 4418): ------> binding 0 widgets
05-20 16:01:12.588 D/Launcher( 4418): ------> start binding items
05-20 16:01:12.588 W/Parcel  ( 1661): Attempt to read object from Parcel 0x6003bdac at offset 200 that is not in the object list
05-20 16:01:12.596 W/Parcel  ( 1661): Attempt to read object from Parcel 0x5ef3bdac at offset 200 that is not in the object list
05-20 16:01:12.596 D/Email   ( 4418): Email: init sandbox at the beginning.
05-20 16:01:12.596 V/l       ( 4418): Bind requested for task setLogging
05-20 16:01:12.627 W/Parcel  ( 1661): Attempt to read object from Parcel 0x5ded3dac at offset 200 that is not in the object list
05-20 16:01:12.627 W/Parcel  ( 1661): Attempt to read object from Parcel 0x5ec3bdac at offset 200 that is not in the object list
05-20 16:01:12.635 V/LauncherApplication( 4418): onActivityStarted
05-20 16:01:12.635 D/        ( 4418): [---null: -1---]     awsa  onActivityResumed
05-20 16:01:12.635 V/LauncherApplication( 4418): 2MdmConstant.LAST_LAUNCH_TIME = 1400572869722
05-20 16:01:12.642 I/Email   ( 4418): Notifications being toggled: false
05-20 16:01:12.642 W/ActivityManager(  374): Unable to start service Intent { cmp=com.pekall.emdm.launcher/com.pekall.semail.service.AttachmentDownloadService } U=0: not found
05-20 16:01:12.650 D/        ( 4418): [---null: -1---]  activity = com.pekall.emdm.launcher.Launcher
05-20 16:01:12.650 V/DefultSetContriller( 4418): isLauncherDf = com.pekall.emdm.launcher
05-20 16:01:12.650 V/LauncherApplication( 4418): is not regist
05-20 16:01:12.650 W/Parcel  ( 1661): Attempt to read object from Parcel 0x5dfd3dac at offset 200 that is not in the object list
05-20 16:01:12.650 E/LauncherApplication( 4418): isShowLogoutUI = true
05-20 16:01:12.650 E/LauncherApplication( 4418): LogoutShowTime 1
05-20 16:01:12.650 V/Launcher( 4418): onResume1111111 
05-20 16:01:12.650 I/ActivityManager(  374): START u0 {cmp=com.pekall.emdm.launcher/com.pekall.emdm.ui.SplashActivity} from pid 4418
05-20 16:01:12.658 V/Launcher( 4418): is logout ----> 
05-20 16:01:12.658 W/WindowManager(  374): Token{428f1d70 ActivityRecord{427ad5c8 u0 com.pekall.emdm.launcher/com.pekall.emdm.ui.SplashActivity}} failed creating starting window
05-20 16:01:12.658 W/WindowManager(  374): android.view.InflateException: Binary XML file line #34: Error inflating class <unknown>
05-20 16:01:12.658 W/WindowManager(  374): 	at android.view.LayoutInflater.createView(LayoutInflater.java:620)
05-20 16:01:12.658 W/WindowManager(  374): 	at com.android.internal.policy.impl.PhoneLayoutInflater.onCreateView(PhoneLayoutInflater.java:56)
05-20 16:01:12.658 W/WindowManager(  374): 	at android.view.LayoutInflater.onCreateView(LayoutInflater.java:669)
05-20 16:01:12.658 W/WindowManager(  374): 	at android.view.LayoutInflater.createViewFromTag(LayoutInflater.java:694)
05-20 16:01:12.658 W/WindowManager(  374): 	at android.view.LayoutInflater.rInflate(LayoutInflater.java:755)
05-20 16:01:12.658 W/WindowManager(  374): 	at android.view.LayoutInflater.inflate(LayoutInflater.java:492)
05-20 16:01:12.658 W/WindowManager(  374): 	at android.view.LayoutInflater.inflate(LayoutInflater.java:397)
05-20 16:01:12.658 W/WindowManager(  374): 	at android.view.LayoutInflater.inflate(LayoutInflater.java:353)
05-20 16:01:12.658 W/WindowManager(  374): 	at com.android.internal.policy.impl.PhoneWindow.generateLayout(PhoneWindow.java:2823)
05-20 16:01:12.658 W/WindowManager(  374): 	at com.android.internal.policy.impl.PhoneWindow.installDecor(PhoneWindow.java:2886)
05-20 16:01:12.658 W/WindowManager(  374): 	at com.android.internal.policy.impl.PhoneWindow.getDecorView(PhoneWindow.java:1581)
05-20 16:01:12.658 W/WindowManager(  374): 	at com.android.internal.policy.impl.PhoneWindowManager.addStartingWindow(PhoneWindowManager.java:1618)
05-20 16:01:12.658 W/WindowManager(  374): 	at com.android.server.wm.WindowManagerService$H.handleMessage(WindowManagerService.java:6908)
05-20 16:01:12.658 W/WindowManager(  374): 	at android.os.Handler.dispatchMessage(Handler.java:99)
05-20 16:01:12.658 W/WindowManager(  374): 	at android.os.Looper.loop(Looper.java:137)
05-20 16:01:12.658 W/WindowManager(  374): 	at android.os.HandlerThread.run(HandlerThread.java:61)
05-20 16:01:12.658 W/WindowManager(  374): Caused by: java.lang.reflect.InvocationTargetException
05-20 16:01:12.658 W/WindowManager(  374): 	at java.lang.reflect.Constructor.constructNative(Native Method)
05-20 16:01:12.658 W/WindowManager(  374): 	at java.lang.reflect.Constructor.newInstance(Constructor.java:417)
05-20 16:01:12.658 W/WindowManager(  374): 	at android.view.LayoutInflater.createView(LayoutInflater.java:594)
05-20 16:01:12.658 W/WindowManager(  374): 	... 15 more
05-20 16:01:12.658 W/WindowManager(  374): Caused by: android.content.res.Resources$NotFoundException: Resource is not a Drawable (color or path): TypedValue{t=0x2/d=0x1010059 a=-1}
05-20 16:01:12.658 W/WindowManager(  374): 	at android.content.res.Resources.loadDrawable(Resources.java:2063)
05-20 16:01:12.658 W/WindowManager(  374): 	at android.content.res.TypedArray.getDrawable(TypedArray.java:601)
05-20 16:01:12.658 W/WindowManager(  374): 	at android.widget.FrameLayout.<init>(FrameLayout.java:109)
05-20 16:01:12.658 W/WindowManager(  374): 	at android.widget.FrameLayout.<init>(FrameLayout.java:97)
05-20 16:01:12.658 W/WindowManager(  374): 	... 18 more
05-20 16:01:12.658 I/System.out( 4418):  
05-20 16:01:12.658 I/System.out( 4418): com.pekall.emdm.launcher.Workspace.setWallpaper(Unknown Source)
05-20 16:01:12.658 I/System.out( 4418): com.pekall.emdm.launcher.Launcher.onResume(Unknown Source)
05-20 16:01:12.658 I/System.out( 4418): android.app.Instrumentation.callActivityOnResume(Instrumentation.java:1192)
05-20 16:01:12.658 I/System.out( 4418): android.app.Activity.performResume(Activity.java:5211)
05-20 16:01:12.658 I/System.out( 4418): android.app.ActivityThread.performResumeActivity(ActivityThread.java:2780)
05-20 16:01:12.658 I/System.out( 4418): android.app.ActivityThread.handleResumeActivity(ActivityThread.java:2819)
05-20 16:01:12.658 I/System.out( 4418): android.app.ActivityThread.handleLaunchActivity(ActivityThread.java:2266)
05-20 16:01:12.658 I/System.out( 4418): android.app.ActivityThread.access$600(ActivityThread.java:141)
05-20 16:01:12.658 I/System.out( 4418): android.app.ActivityThread$H.handleMessage(ActivityThread.java:1256)
05-20 16:01:12.658 I/System.out( 4418): android.os.Handler.dispatchMessage(Handler.java:99)
05-20 16:01:12.658 I/System.out( 4418): android.os.Looper.loop(Looper.java:137)
05-20 16:01:12.658 I/System.out( 4418): android.app.ActivityThread.main(ActivityThread.java:5103)
05-20 16:01:12.658 I/System.out( 4418): java.lang.reflect.Method.invokeNative(Native Method)
05-20 16:01:12.658 I/System.out( 4418): java.lang.reflect.Method.invoke(Method.java:525)
05-20 16:01:12.658 I/System.out( 4418): com.android.internal.os.ZygoteInit$MethodAndArgsCaller.run(ZygoteInit.java:737)
05-20 16:01:12.658 I/System.out( 4418): com.android.internal.os.ZygoteInit.main(ZygoteInit.java:553)
05-20 16:01:12.658 I/System.out( 4418): dalvik.system.NativeStart.main(Native Method)
05-20 16:01:12.799 D/dalvikvm( 1661): GC_EXPLICIT freed 101K, 18% free 13087K/15888K, paused 3ms+3ms, total 50ms
05-20 16:01:12.908 D/dalvikvm( 4418): JIT unchain all for threadid=11
05-20 16:01:12.963 D/dalvikvm( 4418): GC_FOR_ALLOC freed 4403K, 17% free 27729K/33020K, paused 299ms, total 299ms
05-20 16:01:13.111 D/MDM :   ( 4418): [null:-1]->width 104
05-20 16:01:13.111 D/MDM :   ( 4418): [null:-1]->height 104
05-20 16:01:13.111 D/MDM :   ( 4418): [null:-1]->scale 1.0
05-20 16:01:13.111 D/MDM :   ( 4418): [null:-1]->tint false
05-20 16:01:13.111 D/MDM :   ( 4418): [null:-1]->width 104
05-20 16:01:13.119 D/MDM :   ( 4418): [null:-1]->height 104
05-20 16:01:13.119 D/MDM :   ( 4418): [null:-1]->scale 1.0
05-20 16:01:13.119 D/MDM :   ( 4418): [null:-1]->tint false
05-20 16:01:13.119 D/MDM :   ( 4418): [null:-1]->width 104
05-20 16:01:13.119 D/MDM :   ( 4418): [null:-1]->height 104
05-20 16:01:13.119 D/MDM :   ( 4418): [null:-1]->scale 1.0
05-20 16:01:13.119 D/MDM :   ( 4418): [null:-1]->tint false
05-20 16:01:13.119 D/MDM :   ( 4418): [null:-1]->width 104
05-20 16:01:13.119 D/MDM :   ( 4418): [null:-1]->height 104
05-20 16:01:13.119 D/MDM :   ( 4418): [null:-1]->scale 1.0
05-20 16:01:13.119 D/MDM :   ( 4418): [null:-1]->tint false
05-20 16:01:13.127 D/MDM :   ( 4418): [null:-1]->width 104
05-20 16:01:13.127 D/MDM :   ( 4418): [null:-1]->height 104
05-20 16:01:13.127 D/MDM :   ( 4418): [null:-1]->scale 1.0
05-20 16:01:13.127 D/MDM :   ( 4418): [null:-1]->tint false
05-20 16:01:13.127 D/MDM :   ( 4418): [null:-1]->width 104
05-20 16:01:13.127 D/MDM :   ( 4418): [null:-1]->height 104
05-20 16:01:13.127 D/MDM :   ( 4418): [null:-1]->scale 1.0
05-20 16:01:13.135 D/MDM :   ( 4418): [null:-1]->tint false
05-20 16:01:13.135 D/MDM :   ( 4418): [null:-1]->width 104
05-20 16:01:13.135 D/MDM :   ( 4418): [null:-1]->height 104
05-20 16:01:13.135 D/MDM :   ( 4418): [null:-1]->scale 1.0
05-20 16:01:13.135 D/MDM :   ( 4418): [null:-1]->tint false
05-20 16:01:13.135 D/MDM :   ( 4418): [null:-1]->width 104
05-20 16:01:13.135 D/MDM :   ( 4418): [null:-1]->height 104
05-20 16:01:13.135 D/MDM :   ( 4418): [null:-1]->scale 1.0
05-20 16:01:13.142 D/MDM :   ( 4418): [null:-1]->tint false
05-20 16:01:13.142 V/CounterTextView( 4418): onReceive
05-20 16:01:13.142 D/        ( 4418): [---null: -1---]   msg  xxd1
05-20 16:01:13.150 D/        ( 4418): [---null: -1---]  xxd111  getPackageName  com.pekall.emdm.launcher
05-20 16:01:13.150 D/        ( 4418): [---null: -1---]  xxd111  getClassName  com.pekall.emdm.document.activity.DocMainActivity
05-20 16:01:13.150 D/        ( 4418): [---null: -1---]  xxd111  info.title  Document Manager ,count is 0
05-20 16:01:13.150 W/ActivityManager(  374): Activity pause timeout for ActivityRecord{4303c220 u0 com.pekall.emdm.launcher/.Launcher}
05-20 16:01:13.158 D/        ( 4418): [---null: -1---]  xxd111  getPackageName  com.pekall.emdm.launcher
05-20 16:01:13.158 D/        ( 4418): [---null: -1---]  xxd111  getClassName  com.pekall.emdm.launcher.ui.BackPersonalActivity
05-20 16:01:13.158 D/        ( 4418): [---null: -1---]  xxd111  info.title  Personal Mode ,count is 0
05-20 16:01:13.166 D/        ( 4418): [---null: -1---]  xxd111  getPackageName  com.pekall.emdm.launcher
05-20 16:01:13.166 D/        ( 4418): [---null: -1---]  xxd111  getClassName  com.pekall.semail.activity.Welcome
05-20 16:01:13.166 D/        ( 4418): [---null: -1---]  xxd111  info.title  Email ,count is 0
05-20 16:01:13.166 D/MDM :   ( 4418): [null:-1]->username is : zhenhua.sang@pekall.com ,pwd is 123456
05-20 16:01:13.166 I/System.out( 4418): [cjx]authenticateUser,zhenhua.sang@pekall.com,123456
05-20 16:01:13.174 I/System.out( 4418): [cjx]to generate user KEK now,keyLength:32,algorithm:Rijndael256
05-20 16:01:13.275 I/System.out( 4418): [cjx]blockSize:32
05-20 16:01:13.275 I/System.out( 4418): [cjx]iv:[112, 101, 107, 97, 108, 108, 50, 48, 49, 52, 97, 101, 115, 99, 106, 120, 112, 101, 107, 97, 108, 108, 50, 48, 49, 52, 97, 101, 115, 99, 106, 120]
05-20 16:01:13.275 I/System.out( 4418): [cjx]secret:[-94, 35, 21, 34, 6, -61, -108, -46, 6, 56, -82, 111, 24, -59, 0, -21, 43, -46, -16, 27, -76, 52, 9, 117, -69, 64, 55, -122, -120, -69, -38, 9]
05-20 16:01:13.283 I/System.out( 4418): [cjx]to generate user KEK now,keyLength:32,algorithm:Rijndael256
05-20 16:01:13.377 I/System.out( 4418): [cjx]blockSize:32
05-20 16:01:13.377 I/System.out( 4418): [cjx]iv:[112, 101, 107, 97, 108, 108, 50, 48, 49, 52, 97, 101, 115, 99, 106, 120, 112, 101, 107, 97, 108, 108, 50, 48, 49, 52, 97, 101, 115, 99, 106, 120]
05-20 16:01:13.377 I/System.out( 4418): [cjx]secret:[-94, 35, 21, 34, 6, -61, -108, -46, 6, 56, -82, 111, 24, -59, 0, -21, 43, -46, -16, 27, -76, 52, 9, 117, -69, 64, 55, -122, -120, -69, -38, 9]
05-20 16:01:13.385 D/ExchangeService( 4418): !!! EAS ExchangeService, onCreate
05-20 16:01:13.385 V/CounterTextView( 4418): onReceive
05-20 16:01:13.385 D/        ( 4418): [---null: -1---]   msg  xxd1
05-20 16:01:13.392 V/CounterTextView( 4418): onReceive
05-20 16:01:13.392 D/        ( 4418): [---null: -1---]   msg  xxd1
05-20 16:01:13.392 V/CounterTextView( 4418): onReceive
05-20 16:01:13.392 D/        ( 4418): [---null: -1---]   msg  xxd1
05-20 16:01:13.392 V/CounterTextView( 4418): onReceive
05-20 16:01:13.392 D/        ( 4418): [---null: -1---]   msg  xxd1
05-20 16:01:13.392 V/CounterTextView( 4418): onReceive
05-20 16:01:13.400 D/        ( 4418): [---null: -1---]   msg  xxd1
05-20 16:01:13.400 V/CounterTextView( 4418): onReceive
05-20 16:01:13.400 D/        ( 4418): [---null: -1---]   msg  xxd1
05-20 16:01:13.400 V/CounterTextView( 4418): onReceive
05-20 16:01:13.400 D/        ( 4418): [---null: -1---]   msg  xxd1
05-20 16:01:13.408 D/LauncherApplication( 4418): [null:-1]->onActivityPaused
05-20 16:01:13.408 W/Parcel  ( 1661): Attempt to read object from Parcel 0x6013bdac at offset 200 that is not in the object list
05-20 16:01:13.416 D/LauncherApplication( 4418): [null:-1]->onActivityPaused  updateTime
05-20 16:01:13.510 V/LauncherApplication( 4418): onActivityStarted
05-20 16:01:13.510 D/        ( 4418): [---null: -1---]     awsa  onActivityResumed
05-20 16:01:13.510 V/LauncherApplication( 4418): 2MdmConstant.LAST_LAUNCH_TIME = 1400572873421
05-20 16:01:13.517 D/        ( 4418): [---null: -1---]  activity = com.pekall.emdm.ui.SplashActivity
05-20 16:01:13.525 D/        ( 4418): [---null: -1---]  xxd111  getPackageName  com.pekall.emdm.launcher
05-20 16:01:13.525 D/        ( 4418): [---null: -1---]  xxd111  getClassName  com.pekall.emdm.contacts.activities.PeopleActivity
05-20 16:01:13.525 D/        ( 4418): [---null: -1---]  xxd111  info.title  EmdmContacts ,count is 0
05-20 16:01:13.533 D/        ( 4418): [---null: -1---]  xxd111  getPackageName  com.pekall.emdm.launcher
05-20 16:01:13.533 D/        ( 4418): [---null: -1---]  xxd111  getClassName  com.pekall.emdm.browser.BrowserActivity
05-20 16:01:13.533 D/        ( 4418): [---null: -1---]  xxd111  info.title  Safe Browser ,count is 0
05-20 16:01:13.541 D/        ( 4418): [---null: -1---]  xxd111  getPackageName  com.pekall.emdm.launcher
05-20 16:01:13.541 D/        ( 4418): [---null: -1---]  xxd111  getClassName  com.pekall.emdm.launcher.ui.AboutActivity
05-20 16:01:13.541 D/        ( 4418): [---null: -1---]  xxd111  info.title  About ,count is 0
05-20 16:01:13.541 D/        ( 4418): [---null: -1---]  xxd111  getPackageName  com.pekall.emdm.launcher
05-20 16:01:13.541 D/        ( 4418): [---null: -1---]  xxd111  getClassName  com.pekall.emdm.launcher.ui.SettingActivity
05-20 16:01:13.541 D/        ( 4418): [---null: -1---]  xxd111  info.title  Setting ,count is 0
05-20 16:01:13.549 V/l       ( 4418): Connected: com.pekall.exchange.ExchangeService
05-20 16:01:13.556 D/ExchangeService( 4418): !!! EAS ExchangeService, onStartCommand, startingUp = false, running = false
05-20 16:01:13.556 D/ExchangeService( 4418): to start secureStorageService now
05-20 16:01:13.556 V/l       ( 4418): Task setLogging completed; disconnecting
05-20 16:01:13.556 V/a       ( 4418): Bind requested for task test
05-20 16:01:13.572 D/ExchangeService( 4418): Reconciling accounts...
05-20 16:01:13.580 V/a       ( 4418): Bind requested for task reconcileAccounts
05-20 16:01:13.588 V/a       ( 4418): Waiting for task reconcileAccounts to complete...
05-20 16:01:13.674 V/CounterTextView( 4418): onReceive
05-20 16:01:13.674 D/        ( 4418): [---null: -1---]   msg  xxd1
05-20 16:01:13.728 V/a       ( 4418): Connected: com.pekall.semail.service.AccountServiceInternal
05-20 16:01:13.728 V/a       ( 4418): Connected: com.pekall.semail.service.AccountServiceInternal
05-20 16:01:13.728 V/a       ( 4418): Task reconcileAccounts completed; disconnecting
05-20 16:01:13.736 V/a       ( 4418): Wait for reconcileAccounts finished in 146ms
05-20 16:01:13.736 D/ExchangeService( 4418): !!! EAS ExchangeService, stopping self
05-20 16:01:13.736 V/a       ( 4418): Connection test succeeded in 180ms
05-20 16:01:13.736 I/ActivityManager(  374): Displayed com.pekall.emdm.launcher/com.pekall.emdm.ui.SplashActivity: +587ms (total +2s292ms)
05-20 16:01:13.736 I/ActivityManager(  374): Displayed com.pekall.emdm.launcher/.Launcher: +1s966ms
05-20 16:01:13.744 V/a       ( 4418): Task test completed; disconnecting
05-20 16:01:13.806 D/ExchangeService( 4418): !!! EAS ExchangeService, onDestroy
05-20 16:01:15.010 W/Parcel  ( 1661): Attempt to read object from Parcel 0x6003bdac at offset 200 that is not in the object list
05-20 16:01:15.017 I/ActivityManager(  374): START u0 {cmp=com.pekall.emdm.launcher/com.pekall.emdm.ui.ActiveDeviceAdminActivity} from pid 4418
05-20 16:01:15.111 D/dalvikvm(  374): GC_FOR_ALLOC freed 1390K, 26% free 20831K/27920K, paused 66ms, total 66ms
05-20 16:01:15.135 D/LauncherApplication( 4418): [null:-1]->onActivityPaused
05-20 16:01:15.166 V/LauncherApplication( 4418): onActivityStarted
05-20 16:01:15.166 D/        ( 4418): [---null: -1---]     awsa  onActivityResumed
05-20 16:01:15.166 V/LauncherApplication( 4418): 2MdmConstant.LAST_LAUNCH_TIME = 1400572873421
05-20 16:01:15.174 D/        ( 4418): [---null: -1---]  activity = com.pekall.emdm.ui.ActiveDeviceAdminActivity
05-20 16:01:15.174 W/Parcel  ( 1661): Attempt to read object from Parcel 0x5ef3bdac at offset 200 that is not in the object list
05-20 16:01:15.174 I/ActivityManager(  374): START u0 {cmp=com.pekall.emdm.launcher/com.pekall.emdm.ui.RegDeviceActivity} from pid 4418
05-20 16:01:15.181 D/LauncherApplication( 4418): [null:-1]->onActivityPaused
05-20 16:01:15.213 W/Parcel  ( 1661): Attempt to read object from Parcel 0x5ded3dac at offset 200 that is not in the object list
05-20 16:01:15.213 I/ActivityManager(  374): START u0 {flg=0x8000 cmp=com.pekall.emdm.launcher/.Launcher} from pid 4418
05-20 16:01:15.416 D/dalvikvm(  374): GC_FOR_ALLOC freed 1195K, 26% free 20822K/27920K, paused 64ms, total 64ms
05-20 16:01:15.431 W/WindowManager(  374): Token{42692f40 ActivityRecord{42a513f0 u0 com.pekall.emdm.launcher/.Launcher}} failed creating starting window
05-20 16:01:15.431 W/WindowManager(  374): android.view.InflateException: Binary XML file line #34: Error inflating class <unknown>
05-20 16:01:15.431 W/WindowManager(  374): 	at android.view.LayoutInflater.createView(LayoutInflater.java:620)
05-20 16:01:15.431 W/WindowManager(  374): 	at com.android.internal.policy.impl.PhoneLayoutInflater.onCreateView(PhoneLayoutInflater.java:56)
05-20 16:01:15.431 W/WindowManager(  374): 	at android.view.LayoutInflater.onCreateView(LayoutInflater.java:669)
05-20 16:01:15.431 W/WindowManager(  374): 	at android.view.LayoutInflater.createViewFromTag(LayoutInflater.java:694)
05-20 16:01:15.431 W/WindowManager(  374): 	at android.view.LayoutInflater.rInflate(LayoutInflater.java:755)
05-20 16:01:15.431 W/WindowManager(  374): 	at android.view.LayoutInflater.inflate(LayoutInflater.java:492)
05-20 16:01:15.431 W/WindowManager(  374): 	at android.view.LayoutInflater.inflate(LayoutInflater.java:397)
05-20 16:01:15.431 W/WindowManager(  374): 	at android.view.LayoutInflater.inflate(LayoutInflater.java:353)
05-20 16:01:15.431 W/WindowManager(  374): 	at com.android.internal.policy.impl.PhoneWindow.generateLayout(PhoneWindow.java:2823)
05-20 16:01:15.431 W/WindowManager(  374): 	at com.android.internal.policy.impl.PhoneWindow.installDecor(PhoneWindow.java:2886)
05-20 16:01:15.431 W/WindowManager(  374): 	at com.android.internal.policy.impl.PhoneWindow.getDecorView(PhoneWindow.java:1581)
