05-20 15:11:03.853 I/ActivityManager(  374): START u0 {cmp=com.pekall.emdm.launcher/com.pekall.emdm.ui.ActiveDeviceAdminActivity} from pid 26771
05-20 15:11:03.963 D/dalvikvm(  374): GC_FOR_ALLOC freed 1976K, 25% free 20599K/27192K, paused 73ms, total 73ms
05-20 15:11:03.986 D/LauncherApplication(26771): [null:-1]->onActivityPaused
05-20 15:11:04.072 V/LauncherApplication(26771): onActivityStarted
05-20 15:11:04.072 D/        (26771): [---null: -1---]     awsa  onActivityResumed
05-20 15:11:04.072 V/LauncherApplication(26771): 2MdmConstant.LAST_LAUNCH_TIME = 1400569861778
05-20 15:11:04.080 D/        (26771): [---null: -1---]  activity = com.pekall.emdm.ui.ActiveDeviceAdminActivity
05-20 15:11:04.080 W/Parcel  ( 1661): Attempt to read object from Parcel 0x6013bdac at offset 200 that is not in the object list
05-20 15:11:04.080 I/ActivityManager(  374): START u0 {cmp=com.pekall.emdm.launcher/com.pekall.emdm.ui.RegDeviceActivity} from pid 26771
05-20 15:11:04.111 D/LauncherApplication(26771): [null:-1]->onActivityPaused
05-20 15:11:04.181 W/Parcel  ( 1661): Attempt to read object from Parcel 0x5ec3bdac at offset 200 that is not in the object list
05-20 15:11:04.181 I/ActivityManager(  374): START u0 {flg=0x8000 cmp=com.pekall.emdm.launcher/.Launcher} from pid 26771
05-20 15:11:04.306 D/dalvikvm(  374): GC_FOR_ALLOC freed 1231K, 25% free 20570K/27192K, paused 66ms, total 66ms
05-20 15:11:04.338 W/WindowManager(  374): Token{42664a80 ActivityRecord{428562d8 u0 com.pekall.emdm.launcher/.Launcher}} failed creating starting window
05-20 15:11:04.338 W/WindowManager(  374): android.view.InflateException: Binary XML file line #34: Error inflating class <unknown>
05-20 15:11:04.338 W/WindowManager(  374): 	at android.view.LayoutInflater.createView(LayoutInflater.java:620)
05-20 15:11:04.338 W/WindowManager(  374): 	at com.android.internal.policy.impl.PhoneLayoutInflater.onCreateView(PhoneLayoutInflater.java:56)
05-20 15:11:04.338 W/WindowManager(  374): 	at android.view.LayoutInflater.onCreateView(LayoutInflater.java:669)
05-20 15:11:04.338 W/WindowManager(  374): 	at android.view.LayoutInflater.createViewFromTag(LayoutInflater.java:694)
05-20 15:11:04.338 W/WindowManager(  374): 	at android.view.LayoutInflater.rInflate(LayoutInflater.java:755)
05-20 15:11:04.338 W/WindowManager(  374): 	at android.view.LayoutInflater.inflate(LayoutInflater.java:492)
05-20 15:11:04.338 W/WindowManager(  374): 	at android.view.LayoutInflater.inflate(LayoutInflater.java:397)
05-20 15:11:04.338 W/WindowManager(  374): 	at android.view.LayoutInflater.inflate(LayoutInflater.java:353)
05-20 15:11:04.338 W/WindowManager(  374): 	at com.android.internal.policy.impl.PhoneWindow.generateLayout(PhoneWindow.java:2823)
05-20 15:11:04.338 W/WindowManager(  374): 	at com.android.internal.policy.impl.PhoneWindow.installDecor(PhoneWindow.java:2886)
05-20 15:11:04.338 W/WindowManager(  374): 	at com.android.internal.policy.impl.PhoneWindow.getDecorView(PhoneWindow.java:1581)
05-20 15:11:04.338 W/WindowManager(  374): 	at com.android.internal.policy.impl.PhoneWindowManager.addStartingWindow(PhoneWindowManager.java:1618)
05-20 15:11:04.338 W/WindowManager(  374): 	at com.android.server.wm.WindowManagerService$H.handleMessage(WindowManagerService.java:6908)
05-20 15:11:04.338 W/WindowManager(  374): 	at android.os.Handler.dispatchMessage(Handler.java:99)
05-20 15:11:04.338 W/WindowManager(  374): 	at android.os.Looper.loop(Looper.java:137)
05-20 15:11:04.338 W/WindowManager(  374): 	at android.os.HandlerThread.run(HandlerThread.java:61)
05-20 15:11:04.338 W/WindowManager(  374): Caused by: java.lang.reflect.InvocationTargetException
05-20 15:11:04.338 W/WindowManager(  374): 	at java.lang.reflect.Constructor.constructNative(Native Method)
05-20 15:11:04.338 W/WindowManager(  374): 	at java.lang.reflect.Constructor.newInstance(Constructor.java:417)
05-20 15:11:04.338 W/WindowManager(  374): 	at android.view.LayoutInflater.createView(LayoutInflater.java:594)
05-20 15:11:04.338 W/WindowManager(  374): 	... 15 more
05-20 15:11:04.338 W/WindowManager(  374): Caused by: android.content.res.Resources$NotFoundException: Resource is not a Drawable (color or path): TypedValue{t=0x2/d=0x1010059 a=-1}
05-20 15:11:04.338 W/WindowManager(  374): 	at android.content.res.Resources.loadDrawable(Resources.java:2063)
05-20 15:11:04.338 W/WindowManager(  374): 	at android.content.res.TypedArray.getDrawable(TypedArray.java:601)
05-20 15:11:04.338 W/WindowManager(  374): 	at android.widget.FrameLayout.<init>(FrameLayout.java:109)
05-20 15:11:04.338 W/WindowManager(  374): 	at android.widget.FrameLayout.<init>(FrameLayout.java:97)
05-20 15:11:04.338 W/WindowManager(  374): 	... 18 more
05-20 15:11:04.353 D/HomeLoaders(26771): aborting loaders
05-20 15:11:04.603 D/dalvikvm(26771): JIT unchain all for threadid=11
05-20 15:11:04.931 D/dalvikvm(26771): JIT unchain all for threadid=11
05-20 15:11:04.963 D/dalvikvm(26771): GC_EXPLICIT freed 472K, 11% free 85052K/95548K, paused 267ms+271ms, total 612ms
05-20 15:11:04.986 I/Choreographer(26771): Skipped 39 frames!  The application may be doing too much work on its main thread.
05-20 15:11:05.010 E/QueryController( 2516): Got null root node from accessibility - Retrying...
05-20 15:11:05.072 D/MDM :   (26771): [null:-1]->width 104
05-20 15:11:05.072 D/MDM :   (26771): [null:-1]->height 104
05-20 15:11:05.072 D/MDM :   (26771): [null:-1]->scale 0.5
05-20 15:11:05.072 D/MDM :   (26771): [null:-1]->tint false
05-20 15:11:05.080 D/MDM :   (26771): [null:-1]->width 104
05-20 15:11:05.080 D/MDM :   (26771): [null:-1]->height 104
05-20 15:11:05.080 D/MDM :   (26771): [null:-1]->scale 0.5
05-20 15:11:05.080 D/MDM :   (26771): [null:-1]->tint false
05-20 15:11:05.080 D/MDM :   (26771): [null:-1]->icon instanceof BitmapDrawable
05-20 15:11:05.080 D/MDM :   (26771): [null:-1]->  iconWidth 87
05-20 15:11:05.088 D/MDM :   (26771): [null:-1]->  iconHeight 87
05-20 15:11:05.088 D/MDM :   (26771): [null:-1]->  107 87
05-20 15:11:05.088 D/MDM :   (26771): [null:-1]->width 104
05-20 15:11:05.088 D/MDM :   (26771): [null:-1]->height 104
05-20 15:11:05.088 D/MDM :   (26771): [null:-1]->scale 1.0
05-20 15:11:05.088 D/MDM :   (26771): [null:-1]->tint false
05-20 15:11:05.088 D/MDM :   (26771): [null:-1]->width 104
05-20 15:11:05.088 D/MDM :   (26771): [null:-1]->height 104
05-20 15:11:05.096 D/MDM :   (26771): [null:-1]->scale 1.0
05-20 15:11:05.096 D/MDM :   (26771): [null:-1]->tint false
05-20 15:11:05.096 D/MDM :   (26771): [null:-1]->icon instanceof BitmapDrawable
05-20 15:11:05.096 D/MDM :   (26771): [null:-1]->  iconWidth 87
05-20 15:11:05.096 D/MDM :   (26771): [null:-1]->  iconHeight 87
05-20 15:11:05.096 D/MDM :   (26771): [null:-1]->  107 87
05-20 15:11:05.103 D/MDM :   (26771): [null:-1]->width 104
05-20 15:11:05.103 D/MDM :   (26771): [null:-1]->height 104
05-20 15:11:05.103 D/MDM :   (26771): [null:-1]->scale 1.0
05-20 15:11:05.103 D/MDM :   (26771): [null:-1]->tint false
05-20 15:11:05.103 D/MDM :   (26771): [null:-1]->width 104
05-20 15:11:05.103 D/MDM :   (26771): [null:-1]->height 104
05-20 15:11:05.103 D/MDM :   (26771): [null:-1]->scale 1.0
05-20 15:11:05.103 D/MDM :   (26771): [null:-1]->tint false
05-20 15:11:05.111 D/MDM :   (26771): [null:-1]->icon instanceof BitmapDrawable
05-20 15:11:05.111 D/MDM :   (26771): [null:-1]->  iconWidth 87
05-20 15:11:05.111 D/MDM :   (26771): [null:-1]->  iconHeight 87
05-20 15:11:05.111 D/MDM :   (26771): [null:-1]->  107 87
05-20 15:11:05.111 D/MDM :   (26771): [null:-1]->width 104
05-20 15:11:05.111 D/MDM :   (26771): [null:-1]->height 104
05-20 15:11:05.111 D/MDM :   (26771): [null:-1]->scale 1.0
05-20 15:11:05.119 D/MDM :   (26771): [null:-1]->tint false
05-20 15:11:05.369 D/dalvikvm(26771): JIT unchain all for threadid=11
05-20 15:11:05.431 D/dalvikvm(26771): GC_FOR_ALLOC freed 2323K, 13% free 83893K/95548K, paused 313ms, total 315ms
05-20 15:11:05.431 I/dalvikvm-heap(26771): Forcing collection of SoftReferences for 3415696-byte allocation
05-20 15:11:05.681 D/dalvikvm(26771): JIT unchain all for threadid=11
05-20 15:11:05.752 D/dalvikvm(26771): GC_BEFORE_OOM freed 8K, 13% free 83884K/95548K, paused 321ms, total 321ms
05-20 15:11:05.752 E/dalvikvm-heap(26771): Out of memory on a 3415696-byte allocation.
05-20 15:11:05.760 I/dalvikvm(26771): "main" prio=5 tid=1 RUNNABLE
05-20 15:11:05.760 I/dalvikvm(26771):   | group="main" sCount=0 dsCount=0 obj=0x419c9578 self=0x40050120
05-20 15:11:05.760 I/dalvikvm(26771):   | sysTid=26771 nice=0 sched=0/0 cgrp=apps handle=1075089404
05-20 15:11:05.760 I/dalvikvm(26771):   | state=R schedstat=( 0 0 0 ) utm=5516 stm=1942 core=0
05-20 15:11:05.760 I/dalvikvm(26771):   at android.graphics.BitmapFactory.nativeDecodeAsset(Native Method)
05-20 15:11:05.760 I/dalvikvm(26771):   at android.graphics.BitmapFactory.decodeStream(BitmapFactory.java:503)
05-20 15:11:05.760 I/dalvikvm(26771):   at android.graphics.BitmapFactory.decodeStream(BitmapFactory.java:603)
05-20 15:11:05.760 I/dalvikvm(26771):   at android.graphics.drawable.BitmapDrawable.<init>(BitmapDrawable.java:161)
05-20 15:11:05.760 I/dalvikvm(26771):   at com.pekall.emdm.launcher.Launcher.c((null):-1)
05-20 15:11:05.760 I/dalvikvm(26771):   at com.pekall.emdm.launcher.Workspace.setWallpaperHack((null):-1)
05-20 15:11:05.760 I/dalvikvm(26771):   at com.pekall.emdm.launcher.Launcher.ab((null):-1)
05-20 15:11:05.760 I/dalvikvm(26771):   at com.pekall.emdm.launcher.Launcher.N((null):-1)
05-20 15:11:05.760 I/dalvikvm(26771):   at com.pekall.emdm.launcher.Launcher.onCreate((null):-1)
05-20 15:11:05.760 I/dalvikvm(26771):   at android.app.Activity.performCreate(Activity.java:5133)
05-20 15:11:05.760 I/dalvikvm(26771):   at android.app.Instrumentation.callActivityOnCreate(Instrumentation.java:1087)
05-20 15:11:05.760 I/dalvikvm(26771):   at android.app.ActivityThread.performLaunchActivity(ActivityThread.java:2175)
05-20 15:11:05.760 I/dalvikvm(26771):   at android.app.ActivityThread.handleLaunchActivity(ActivityThread.java:2261)
05-20 15:11:05.760 I/dalvikvm(26771):   at android.app.ActivityThread.access$600(ActivityThread.java:141)
05-20 15:11:05.760 I/dalvikvm(26771):   at android.app.ActivityThread$H.handleMessage(ActivityThread.java:1256)
05-20 15:11:05.760 I/dalvikvm(26771):   at android.os.Handler.dispatchMessage(Handler.java:99)
05-20 15:11:05.760 I/dalvikvm(26771):   at android.os.Looper.loop(Looper.java:137)
05-20 15:11:05.760 I/dalvikvm(26771):   at android.app.ActivityThread.main(ActivityThread.java:5103)
05-20 15:11:05.760 I/dalvikvm(26771):   at java.lang.reflect.Method.invokeNative(Native Method)
05-20 15:11:05.760 I/dalvikvm(26771):   at java.lang.reflect.Method.invoke(Method.java:525)
05-20 15:11:05.760 I/dalvikvm(26771):   at com.android.internal.os.ZygoteInit$MethodAndArgsCaller.run(ZygoteInit.java:737)
05-20 15:11:05.760 I/dalvikvm(26771):   at com.android.internal.os.ZygoteInit.main(ZygoteInit.java:553)
05-20 15:11:05.760 I/dalvikvm(26771):   at dalvik.system.NativeStart.main(Native Method)
05-20 15:11:05.760 I/dalvikvm(26771): 
05-20 15:11:05.767 D/skia    (26771): --- decoder->decode returned false
05-20 15:11:05.767 D/AndroidRuntime(26771): Shutting down VM
05-20 15:11:05.767 W/dalvikvm(26771): threadid=1: thread exiting with uncaught exception (group=0x419c8700)
05-20 15:11:05.767 D/        (26771): [---null: -1---]  Thread is main
05-20 15:11:05.767 W/System.err(26771): java.lang.OutOfMemoryError
05-20 15:11:05.767 W/System.err(26771): 	at android.graphics.BitmapFactory.nativeDecodeAsset(Native Method)
05-20 15:11:05.767 W/System.err(26771): 	at android.graphics.BitmapFactory.decodeStream(BitmapFactory.java:503)
05-20 15:11:05.767 W/System.err(26771): 	at android.graphics.BitmapFactory.decodeStream(BitmapFactory.java:603)
05-20 15:11:05.767 W/System.err(26771): 	at android.graphics.drawable.BitmapDrawable.<init>(BitmapDrawable.java:161)
05-20 15:11:05.775 W/System.err(26771): 	at com.pekall.emdm.launcher.Launcher.c(Unknown Source)
05-20 15:11:05.775 W/System.err(26771): 	at com.pekall.emdm.launcher.Workspace.setWallpaperHack(Unknown Source)
05-20 15:11:05.775 W/System.err(26771): 	at com.pekall.emdm.launcher.Launcher.ab(Unknown Source)
05-20 15:11:05.775 W/System.err(26771): 	at com.pekall.emdm.launcher.Launcher.N(Unknown Source)
05-20 15:11:05.775 W/System.err(26771): 	at com.pekall.emdm.launcher.Launcher.onCreate(Unknown Source)
05-20 15:11:05.775 W/System.err(26771): 	at android.app.Activity.performCreate(Activity.java:5133)
05-20 15:11:05.775 W/System.err(26771): 	at android.app.Instrumentation.callActivityOnCreate(Instrumentation.java:1087)
05-20 15:11:05.775 W/System.err(26771): 	at android.app.ActivityThread.performLaunchActivity(ActivityThread.java:2175)
05-20 15:11:05.775 W/System.err(26771): 	at android.app.ActivityThread.handleLaunchActivity(ActivityThread.java:2261)
05-20 15:11:05.775 W/System.err(26771): 	at android.app.ActivityThread.access$600(ActivityThread.java:141)
05-20 15:11:05.775 W/System.err(26771): 	at android.app.ActivityThread$H.handleMessage(ActivityThread.java:1256)
05-20 15:11:05.775 W/System.err(26771): 	at android.os.Handler.dispatchMessage(Handler.java:99)
05-20 15:11:05.775 W/System.err(26771): 	at android.os.Looper.loop(Looper.java:137)
05-20 15:11:05.775 W/System.err(26771): 	at android.app.ActivityThread.main(ActivityThread.java:5103)
05-20 15:11:05.775 W/System.err(26771): 	at java.lang.reflect.Method.invokeNative(Native Method)
05-20 15:11:05.775 W/System.err(26771): 	at java.lang.reflect.Method.invoke(Method.java:525)
05-20 15:11:05.775 W/System.err(26771): 	at com.android.internal.os.ZygoteInit$MethodAndArgsCaller.run(ZygoteInit.java:737)
05-20 15:11:05.775 W/System.err(26771): 	at com.android.internal.os.ZygoteInit.main(ZygoteInit.java:553)
05-20 15:11:05.783 W/System.err(26771): 	at dalvik.system.NativeStart.main(Native Method)
05-20 15:11:09.697 D/dalvikvm( 1661): GC_CONCURRENT freed 1220K, 18% free 13139K/15888K, paused 3ms+3ms, total 49ms
05-20 15:11:10.017 D/CmdSelectEraseDevice(26771): [null:-1]->==========select erase device========
05-20 15:11:10.025 W/Parcel  ( 1661): Attempt to read object from Parcel 0x5dfd3dac at offset 200 that is not in the object list
05-20 15:11:10.260 E/QueryController( 2516): Got null root node from accessibility - Retrying...
05-20 15:11:12.228 D/dalvikvm( 1661): GC_EXPLICIT freed 66K, 18% free 13082K/15888K, paused 2ms+4ms, total 44ms
05-20 15:11:13.963 W/ActivityManager(  374): Launch timeout has expired, giving up wake lock!
05-20 15:11:13.994 W/ActivityManager(  374): Activity idle timeout for ActivityRecord{427c83e8 u0 com.pekall.emdm.launcher/com.pekall.emdm.ui.ActiveDeviceAdminActivity}
05-20 15:11:14.346 W/ActivityManager(  374): Activity idle timeout for ActivityRecord{428562d8 u0 com.pekall.emdm.launcher/.Launcher}
05-20 15:11:15.510 E/QueryController( 2516): Got null root node from accessibility - Retrying...
05-20 15:11:17.267 D/dalvikvm( 1661): GC_EXPLICIT freed 19K, 18% free 13083K/15888K, paused 1ms+3ms, total 42ms
05-20 15:11:20.760 E/QueryController( 2516): Cannot proceed when root node is null. Aborted search
05-20 15:11:24.002 W/ActivityManager(  374): Activity destroy timeout for ActivityRecord{427c83e8 u0 com.pekall.emdm.launcher/com.pekall.emdm.ui.ActiveDeviceAdminActivity}
05-20 15:11:24.002 W/ActivityManager(  374): Activity destroy timeout for ActivityRecord{427d9d70 u0 com.pekall.emdm.launcher/com.pekall.emdm.ui.RegDeviceActivity}
05-20 15:11:25.306 D/LightsService(  374): Excessive delay setting light: 67ms
05-20 15:11:25.541 D/LightsService(  374): Excessive delay setting light: 67ms
05-20 15:11:25.760 E/QueryController( 2516): Got null root node from accessibility - Retrying...
05-20 15:11:27.267 D/dalvikvm( 1661): GC_EXPLICIT freed 88K, 18% free 13086K/15888K, paused 2ms+3ms, total 44ms
05-20 15:11:31.010 E/QueryController( 2516): Got null root node from accessibility - Retrying...
05-20 15:11:31.064 I/PowerManagerService(  374): Going to sleep due to screen timeout...
05-20 15:11:31.736 D/SurfaceFlinger(  124): Screen released, type=0 flinger=0x40e95478
05-20 15:11:31.791 D/dalvikvm( 2462): GC_CONCURRENT freed 299K, 5% free 9345K/9744K, paused 4ms+3ms, total 49ms
05-20 15:11:31.791 D/dalvikvm( 2462): WAIT_FOR_CONCURRENT_GC blocked 11ms
05-20 15:11:31.799 D/PowerManagerService-JNI(  374): Excessive delay in setInteractive(false) while turning screen off: 62ms
05-20 15:11:31.799 I/dalvikvm-heap( 2462): Grow heap (frag case) to 9.373MB for 221232-byte allocation
05-20 15:11:31.814 W/Parcel  ( 1661): Attempt to read object from Parcel 0x6003bdac at offset 200 that is not in the object list
05-20 15:11:31.822 D/NfcService(  568): NFC-C OFF, disconnect
05-20 15:11:31.838 D/dalvikvm( 2462): GC_FOR_ALLOC freed 2K, 5% free 9558K/9964K, paused 30ms, total 30ms
05-20 15:11:32.142 W/MountService(  374): getVolumeState(/storage/emulated/0/external_sd): Unknown volume
05-20 15:11:32.142 W/MountService(  374): getVolumeState(/mnt/sdcard-ext): Unknown volume
05-20 15:11:32.142 W/MountService(  374): getVolumeState(/mnt/ext_sdcard): Unknown volume
05-20 15:11:32.142 W/MountService(  374): getVolumeState(/mnt/sdcard2): Unknown volume
05-20 15:11:32.174 D/dalvikvm( 1468): GC_CONCURRENT freed 519K, 20% free 9687K/12104K, paused 4ms+8ms, total 44ms
05-20 15:11:32.174 W/MountService(  374): getVolumeState(/mnt/emmc): Unknown volume
05-20 15:11:32.174 W/MountService(  374): getVolumeState(/mnt/extSdCard): Unknown volume
05-20 15:11:32.174 W/MountService(  374): getVolumeState(/mnt/sdcard/SD_CARD): Unknown volume
05-20 15:11:32.174 W/MountService(  374): getVolumeState(/mnt/sdcard/extra_sd): Unknown volume
05-20 15:11:32.174 W/MountService(  374): getVolumeState(/mnt/extrasd_bind): Unknown volume
05-20 15:11:32.174 W/MountService(  374): getVolumeState(/mnt/sdcard/ext_sd): Unknown volume
05-20 15:11:32.181 W/MountService(  374): getVolumeState(/storage/extSdCard): Unknown volume
05-20 15:11:32.181 W/MountService(  374): getVolumeState(/storage/sdcard1): Unknown volume
05-20 15:11:32.181 W/MountService(  374): getVolumeState(/mnt/sdcard/external_SD): Unknown volume
05-20 15:11:32.181 W/MountService(  374): getVolumeState(/mnt/sdcard/external_sd): Unknown volume
05-20 15:11:32.197 W/Parcel  ( 1661): Attempt to read object from Parcel 0x5dfd3dac at offset 200 that is not in the object list
05-20 15:11:32.213 W/ActivityManager(  374): Activity pause timeout for ActivityRecord{428562d8 u0 com.pekall.emdm.launcher/.Launcher}
05-20 15:11:32.346 D/dalvikvm( 1468): GC_CONCURRENT freed 313K, 20% free 9769K/12104K, paused 6ms+8ms, total 40ms
05-20 15:11:32.525 W/MountService(  374): getVolumeState(/storage/emulated/0/external_sd): Unknown volume
05-20 15:11:32.525 W/MountService(  374): getVolumeState(/mnt/sdcard-ext): Unknown volume
05-20 15:11:32.533 W/MountService(  374): getVolumeState(/mnt/ext_sdcard): Unknown volume
05-20 15:11:32.533 W/MountService(  374): getVolumeState(/mnt/sdcard2): Unknown volume
05-20 15:11:32.533 W/MountService(  374): getVolumeState(/mnt/emmc): Unknown volume
05-20 15:11:32.533 W/MountService(  374): getVolumeState(/mnt/extSdCard): Unknown volume
05-20 15:11:32.533 W/MountService(  374): getVolumeState(/mnt/sdcard/SD_CARD): Unknown volume
05-20 15:11:32.533 W/MountService(  374): getVolumeState(/mnt/sdcard/extra_sd): Unknown volume
05-20 15:11:32.541 W/MountService(  374): getVolumeState(/mnt/extrasd_bind): Unknown volume
05-20 15:11:32.541 W/MountService(  374): getVolumeState(/mnt/sdcard/ext_sd): Unknown volume
05-20 15:11:32.541 W/MountService(  374): getVolumeState(/storage/extSdCard): Unknown volume
05-20 15:11:32.541 W/MountService(  374): getVolumeState(/storage/sdcard1): Unknown volume
05-20 15:11:32.541 W/MountService(  374): getVolumeState(/mnt/sdcard/external_SD): Unknown volume
05-20 15:11:32.549 W/MountService(  374): getVolumeState(/mnt/sdcard/external_sd): Unknown volume
05-20 15:11:32.596 D/dalvikvm( 1468): GC_CONCURRENT freed 597K, 21% free 9683K/12104K, paused 9ms+8ms, total 49ms
05-20 15:11:36.260 E/QueryController( 2516): Got null root node from accessibility - Retrying...
05-20 15:11:36.713 W/ActivityManager(  374): Sleep timeout!  Sleeping now.
05-20 15:11:36.963 I/ActivityManager(  374): No longer want com.nd.assistance.ServerService (pid 2203): empty for 1803s
05-20 15:11:36.963 I/ActivityManager(  374): No longer want com.nd.assistance (pid 2189): empty for 1803s
05-20 15:11:36.978 W/ActivityManager(  374): Scheduling restart of crashed service com.nd.assistance/.server.ServerService in 5000ms
05-20 15:11:37.408 D/AndroidRuntime( 2579): 
05-20 15:11:37.408 D/AndroidRuntime( 2579): >>>>>> AndroidRuntime START com.android.internal.os.RuntimeInit <<<<<<
05-20 15:11:37.408 D/AndroidRuntime( 2579): CheckJNI is OFF
05-20 15:11:37.424 D/dalvikvm( 2579): Trying to load lib libjavacore.so 0x0
05-20 15:11:37.431 D/dalvikvm( 2579): Added shared lib libjavacore.so 0x0
05-20 15:11:37.447 D/dalvikvm( 2579): Trying to load lib libnativehelper.so 0x0
05-20 15:11:37.447 D/dalvikvm( 2579): Added shared lib libnativehelper.so 0x0
05-20 15:11:37.713 D/AndroidRuntime( 2579): Calling main entry com.android.commands.am.Am
05-20 15:11:37.713 D/dalvikvm( 2579): Note: class Landroid/app/ActivityManagerNative; has 163 unimplemented (abstract) methods
05-20 15:11:41.517 E/QueryController( 2516): Cannot proceed when root node is null. Aborted search
05-20 15:11:41.517 I/PowerManagerService(  374): Waking up from sleep...
05-20 15:11:41.869 D/PowerManagerService-JNI(  374): Excessive delay in autosuspend_disable() while turning screen on: 346ms
05-20 15:11:41.869 W/BroadcastQueue(  374): Timeout of broadcast BroadcastRecord{42f90410 u-1 android.intent.action.SCREEN_OFF} - receiver=android.os.BinderProxy@426da900, started 10000ms ago
05-20 15:11:41.877 V/WiseDownloadConditionControler( 2267): checkCondition  type : TODAY_LAUNCHED_USER  inerrupting: false
05-20 15:11:41.877 W/BroadcastQueue(  374): Receiver during timeout: BroadcastFilter{42970580 u0 ReceiverList{42970eb8 26771 com.pekall.emdm.launcher/10066/u0 remote:426da900}}
05-20 15:11:41.978 I/Process (  374): Sending signal. PID: 26771 SIG: 3
05-20 15:11:41.978 I/dalvikvm(26771): threadid=3: reacting to signal 3
05-20 15:11:42.010 I/WindowManager(  374): No lock screen!
05-20 15:11:42.135 D/SurfaceFlinger(  124): Screen acquired, type=0 flinger=0x40e95478
05-20 15:11:42.158 D/AndroidRuntime( 2594): 
05-20 15:11:42.158 D/AndroidRuntime( 2594): >>>>>> AndroidRuntime START com.android.internal.os.RuntimeInit <<<<<<
05-20 15:11:42.158 D/AndroidRuntime( 2594): CheckJNI is OFF
05-20 15:11:42.174 D/dalvikvm( 2594): Trying to load lib libjavacore.so 0x0
05-20 15:11:42.181 D/dalvikvm( 2594): Added shared lib libjavacore.so 0x0
05-20 15:11:42.181 I/Process (  374): Sending signal. PID: 374 SIG: 3
05-20 15:11:42.181 I/dalvikvm(  374): threadid=3: reacting to signal 3
05-20 15:11:42.189 D/dalvikvm( 2594): Trying to load lib libnativehelper.so 0x0
05-20 15:11:42.189 D/dalvikvm( 2594): Added shared lib libnativehelper.so 0x0
05-20 15:11:42.228 D/dalvikvm(26771): JIT unchain all for threadid=11
05-20 15:11:42.260 V/WiseDownloadConditionControler( 2267): checkCondition  type : TRIGGER_WISE_DOWNLOAD  inerrupting: false
05-20 15:11:42.455 D/AndroidRuntime( 2594): Calling main entry com.android.commands.am.Am
05-20 15:11:42.455 D/dalvikvm( 2594): Note: class Landroid/app/ActivityManagerNative; has 163 unimplemented (abstract) methods
05-20 15:11:42.455 I/dalvikvm(26771): Wrote stack traces to '/data/anr/traces.txt'
05-20 15:11:43.056 I/Process (  374): Sending signal. PID: 561 SIG: 3
05-20 15:11:43.056 I/dalvikvm(  561): threadid=3: reacting to signal 3
05-20 15:11:43.056 I/dalvikvm(  374): Wrote stack traces to '/data/anr/traces.txt'
05-20 15:11:43.064 I/Process (  374): Sending signal. PID: 448 SIG: 3
05-20 15:11:43.064 I/dalvikvm(  448): threadid=3: reacting to signal 3
05-20 15:11:43.103 I/AndroidRuntime( 2594): VM exiting with result code 1.
05-20 15:11:43.119 I/dalvikvm(  561): Wrote stack traces to '/data/anr/traces.txt'
05-20 15:11:43.119 I/Process (  374): Sending signal. PID: 568 SIG: 3
05-20 15:11:43.119 I/dalvikvm(  568): threadid=3: reacting to signal 3
05-20 15:11:43.142 I/dalvikvm(  568): Wrote stack traces to '/data/anr/traces.txt'
05-20 15:11:43.221 D/LightsService(  374): Excessive delay setting light: 132ms
05-20 15:11:43.385 I/dalvikvm(  448): Wrote stack traces to '/data/anr/traces.txt'
05-20 15:11:43.541 D/dalvikvm(  374): GC_EXPLICIT freed 2265K, 25% free 20617K/27192K, paused 3ms+8ms, total 96ms
05-20 15:11:43.791 D/AndroidRuntime( 2608): 
05-20 15:11:43.791 D/AndroidRuntime( 2608): >>>>>> AndroidRuntime START com.android.internal.os.RuntimeInit <<<<<<
05-20 15:11:43.791 D/AndroidRuntime( 2608): CheckJNI is OFF
05-20 15:11:43.799 D/dalvikvm( 2608): Trying to load lib libjavacore.so 0x0
05-20 15:11:43.799 D/dalvikvm( 2608): Added shared lib libjavacore.so 0x0
05-20 15:11:43.806 D/dalvikvm( 2608): Trying to load lib libnativehelper.so 0x0
05-20 15:11:43.806 D/dalvikvm( 2608): Added shared lib libnativehelper.so 0x0
05-20 15:11:43.963 D/AndroidRuntime( 2608): Calling main entry com.android.commands.pm.Pm
05-20 15:11:44.056 D/AndroidRuntime( 2608): Shutting down VM
05-20 15:11:44.064 D/dalvikvm( 2608): GC_CONCURRENT freed 243K, 34% free 481K/728K, paused 1ms+0ms, total 3ms
05-20 15:11:44.103 E/ActivityManager(  374): ANR in com.pekall.emdm.launcher
05-20 15:11:44.103 E/ActivityManager(  374): Reason: Broadcast of Intent { act=android.intent.action.SCREEN_OFF flg=0x50000010 }
05-20 15:11:44.103 E/ActivityManager(  374): Load: 1.64 / 1.4 / 1.3
05-20 15:11:44.103 E/ActivityManager(  374): CPU usage from 10256ms to 256ms ago:
05-20 15:11:44.103 E/ActivityManager(  374):   97% 26771/com.pekall.emdm.launcher: 97% user + 0% kernel / faults: 1 minor
05-20 15:11:44.103 E/ActivityManager(  374):   0.7% 1468/com.qihoo.daemon: 0.5% user + 0.1% kernel / faults: 1001 minor
05-20 15:11:44.103 E/ActivityManager(  374):   2.3% 374/system_server: 1.6% user + 0.7% kernel / faults: 86 minor
05-20 15:11:44.103 E/ActivityManager(  374):   0.7% 2462/com.dragon.android.pandaspace: 0.7% user + 0% kernel / faults: 286 minor 1 major
05-20 15:11:44.103 E/ActivityManager(  374):   0.6% 1661/com.qihoo360.mobilesafe:GuardService: 0.5% user + 0.1% kernel / faults: 83 minor
05-20 15:11:44.103 E/ActivityManager(  374):   0.1% 82/mmcqd/0: 0% user + 0.1% kernel
05-20 15:11:44.103 E/ActivityManager(  374):   0.4% 135/adbd: 0% user + 0.4% kernel / faults: 50 minor
05-20 15:11:44.103 E/ActivityManager(  374):   0.2% 2530/com.qihoo.appstore: 0.1% user + 0% kernel / faults: 46 minor
05-20 15:11:44.103 E/ActivityManager(  374):   0% 114/jbd2/mmcblk0p12: 0% user + 0% kernel
05-20 15:11:44.103 E/ActivityManager(  374):   0.1% 124/surfaceflinger: 0% user + 0% kernel / faults: 9 minor
05-20 15:11:44.103 E/ActivityManager(  374):   0% 576/com.android.launcher: 0% user + 0% kernel / faults: 65 minor
05-20 15:11:44.103 E/ActivityManager(  374):   0% 133/sdcard: 0% user + 0% kernel
05-20 15:11:44.103 E/ActivityManager(  374):   0% 442/wpa_supplicant: 0% user + 0% kernel
05-20 15:11:44.103 E/ActivityManager(  374):   0.1% 448/com.android.systemui: 0% user + 0.1% kernel / faults: 91 minor
05-20 15:11:44.103 E/ActivityManager(  374):   0.1% 561/com.android.phone: 0.1% user + 0% kernel / faults: 3 minor
05-20 15:11:44.103 E/ActivityManager(  374):   0% 815/kworker/0:2: 0% user + 0% kernel
05-20 15:11:44.103 E/ActivityManager(  374):   0% 2160/android.process.media: 0% user + 0% kernel / faults: 31 minor
05-20 15:11:44.103 E/ActivityManager(  374):   0% 2245/kworker/1:1: 0% user + 0% kernel
05-20 15:11:44.103 E/ActivityManager(  374):   0% 2359/com.google.android.apps.maps:GoogleLocationService: 0% user + 0% kernel / faults: 4 minor
05-20 15:11:44.103 E/ActivityManager(  374):   0% 2507/logcat: 0% user + 0% kernel
05-20 15:11:44.103 E/ActivityManager(  374):  +0% 2576/flush-0:20: 0% user + 0% kernel
05-20 15:11:44.103 E/ActivityManager(  374): 57% TOTAL: 54% user + 2.7% kernel + 0.6% iowait
05-20 15:11:44.103 E/ActivityManager(  374): CPU usage from 1578ms to 2105ms later:
05-20 15:11:44.103 E/ActivityManager(  374):   88% 26771/com.pekall.emdm.launcher: 88% user + 0% kernel
05-20 15:11:44.103 E/ActivityManager(  374):     88% 26784/Thread-1176: 88% user + 0% kernel
05-20 15:11:44.103 E/ActivityManager(  374):   78% 2608/app_process: 65% user + 13% kernel / faults: 7426 minor 1 major
05-20 15:11:44.103 E/ActivityManager(  374):     73% 2608/app_process: 59% user + 13% kernel
05-20 15:11:44.103 E/ActivityManager(  374):    +0% 2610/ReferenceQueueD: 0% user + 0% kernel
05-20 15:11:44.103 E/ActivityManager(  374):    +0% 2611/FinalizerDaemon: 0% user + 0% kernel
05-20 15:11:44.103 E/ActivityManager(  374):    +0% 2612/FinalizerWatchd: 0% user + 0% kernel
05-20 15:11:44.103 E/ActivityManager(  374):   7.5% 374/system_server: 7.5% user + 0% kernel / faults: 3 minor
05-20 15:11:44.103 E/ActivityManager(  374):     5.6% 390/ActivityManager: 5.6% user + 0% kernel
05-20 15:11:44.103 E/ActivityManager(  374):     1.8% 388/UI: 1.8% user + 0% kernel
05-20 15:11:44.103 E/ActivityManager(  374):   1.2% 135/adbd: 0% user + 1.2% kernel / faults: 18 minor
05-20 15:11:44.103 E/ActivityManager(  374):     1.2% 1221/adbd: 0% user + 1.2% kernel
05-20 15:11:44.103 E/ActivityManager(  374):    +0% 2609/adbd: 0% user + 0% kernel
05-20 15:11:44.103 E/ActivityManager(  374):   1.4% 2245/kworker/1:1: 0% user + 1.4% kernel
05-20 15:11:44.103 E/ActivityManager(  374): 92% TOTAL: 79% user + 9.6% kernel + 2.8% iowait
05-20 15:11:44.119 D/dalvikvm( 2620): Late-enabling CheckJNI
05-20 15:11:44.119 I/ActivityManager(  374): Start proc com.nd.assistance.ServerService for service com.nd.assistance/.server.ServerService: pid=2620 uid=10068 gids={50068, 3003, 1015, 1006, 1028}
05-20 15:11:44.127 W/ActivityManager(  374): Activity destroy timeout for ActivityRecord{42794640 u0 com.pekall.emdm.launcher/com.pekall.emdm.ui.SplashActivity}
05-20 15:11:44.127 W/ActivityManager(  374): Activity stop timeout for ActivityRecord{428562d8 u0 com.pekall.emdm.launcher/.Launcher}
05-20 15:11:44.127 I/ActivityManager(  374): Activity reported stop, but no longer stopping: ActivityRecord{428562d8 u0 com.pekall.emdm.launcher/.Launcher}
05-20 15:11:44.166 I/dalvikvm( 2620): Turning on JNI app bug workarounds for target SDK version 3...
05-20 15:11:44.213 E/LogCenter( 2620): logger_impl_ init
05-20 15:11:44.228 D/com.nd.assistance.server.ServerService( 2620): ServerService onCreate()
05-20 15:11:44.252 W/Parcel  ( 1661): Attempt to read object from Parcel 0x5dfd3dac at offset 200 that is not in the object list
05-20 15:11:44.252 W/Parcel  ( 1661): Attempt to read object from Parcel 0x5ef3bdac at offset 200 that is not in the object list
05-20 15:11:44.283 D/NfcService(  568): NFC-C ON
05-20 15:11:44.353 V/WiseDownloadConditionControler( 2267): checkCondition  type : WISE_DOWNLOAD  inerrupting: true
05-20 15:11:44.385 W/Settings( 1661): Setting airplane_mode_on has moved from android.provider.Settings.System to android.provider.Settings.Global, returning read-only value.
05-20 15:11:44.971 D/AndroidRuntime( 2638): 
05-20 15:11:44.971 D/AndroidRuntime( 2638): >>>>>> AndroidRuntime START com.android.internal.os.RuntimeInit <<<<<<
05-20 15:11:44.971 D/AndroidRuntime( 2638): CheckJNI is OFF
05-20 15:11:44.978 D/dalvikvm( 2638): Trying to load lib libjavacore.so 0x0
05-20 15:11:44.986 D/dalvikvm( 2638): Added shared lib libjavacore.so 0x0
05-20 15:11:44.994 D/dalvikvm( 2638): Trying to load lib libnativehelper.so 0x0
05-20 15:11:44.994 D/dalvikvm( 2638): Added shared lib libnativehelper.so 0x0
05-20 15:11:45.142 D/AndroidRuntime( 2638): Calling main entry com.android.commands.am.Am
05-20 15:11:45.142 D/dalvikvm( 2638): Note: class Landroid/app/ActivityManagerNative; has 163 unimplemented (abstract) methods
05-20 15:11:48.096 E/QueryController( 2516): Got null root node from accessibility - Retrying...
05-20 15:11:49.002 I/AndroidRuntime( 2516): VM exiting with result code 0.
05-20 15:11:53.096 W/ActivityManager(  374): Activity idle timeout for ActivityRecord{428562d8 u0 com.pekall.emdm.launcher/.Launcher}
05-20 15:12:05.705 D/LightsService(  374): Excessive delay setting light: 67ms
05-20 15:12:05.978 D/LightsService(  374): Excessive delay setting light: 67ms
05-20 15:12:10.033 W/BroadcastQueue(  374): Timeout of broadcast BroadcastRecord{43004680 u0 com.pekall.mdm.action.SELECT_ERASE} - receiver=android.os.BinderProxy@4284b080, started 60006ms ago
05-20 15:12:10.033 W/BroadcastQueue(  374): Receiver during timeout: ResolveInfo{42d2c808 com.pekall.emdm.launcher.CleanReceiver p=0 o=0 m=0x108000}
05-20 15:12:10.049 I/ActivityManager(  374): Skipping duplicate ANR: ProcessRecord{42291a78 26771:com.pekall.emdm.launcher/u0a10066} Broadcast of Intent { act=com.pekall.mdm.action.SELECT_ERASE flg=0x10 cmp=com.pekall.emdm.launcher/.CleanReceiver (has extras) }
05-20 15:12:11.353 D/dalvikvm( 1661): GC_CONCURRENT freed 1234K, 18% free 13137K/15888K, paused 3ms+3ms, total 40ms
05-20 15:12:11.517 I/PowerManagerService(  374): Going to sleep due to screen timeout...
05-20 15:12:12.135 D/SurfaceFlinger(  124): Screen released, type=0 flinger=0x40e95478
05-20 15:12:12.158 W/Parcel  ( 1661): Attempt to read object from Parcel 0x6003bdac at offset 200 that is not in the object list
05-20 15:12:12.166 D/NfcService(  568): NFC-C OFF, disconnect
05-20 15:12:12.603 W/ActivityManager(  374): Activity pause timeout for ActivityRecord{428562d8 u0 com.pekall.emdm.launcher/.Launcher}
05-20 15:12:15.963 D/AndroidRuntime( 2662): 
05-20 15:12:15.963 D/AndroidRuntime( 2662): >>>>>> AndroidRuntime START com.android.internal.os.RuntimeInit <<<<<<
05-20 15:12:15.963 D/AndroidRuntime( 2662): CheckJNI is OFF
05-20 15:12:15.978 D/dalvikvm( 2662): Trying to load lib libjavacore.so 0x0
05-20 15:12:15.986 D/dalvikvm( 2662): Added shared lib libjavacore.so 0x0
05-20 15:12:16.002 D/dalvikvm( 2662): Trying to load lib libnativehelper.so 0x0
05-20 15:12:16.002 D/dalvikvm( 2662): Added shared lib libnativehelper.so 0x0
05-20 15:12:16.252 D/AndroidRuntime( 2662): Calling main entry com.android.commands.uiautomator.Launcher
05-20 15:12:16.299 D/dalvikvm( 2662): Note: class Landroid/app/ActivityManagerNative; has 163 unimplemented (abstract) methods
05-20 15:12:16.353 I/PowerManagerService(  374): Waking up from sleep...
05-20 15:12:16.705 D/PowerManagerService-JNI(  374): Excessive delay in autosuspend_disable() while turning screen on: 349ms
05-20 15:12:16.705 D/SurfaceFlinger(  124): Screen acquired, type=0 flinger=0x40e95478
05-20 15:12:17.119 W/ActivityManager(  374): Sleep timeout!  Sleeping now.
05-20 15:12:17.385 I/QueryController( 2662): Matched selector: UiSelector[PACKAGE NAME=android] <<==>> [android.view.accessibility.AccessibilityNodeInfo@28bbd5; boundsInParent: Rect(0, 0 - 640, 294); boundsInScreen: Rect(40, 470 - 680, 764); packageName: android; className: android.widget.FrameLayout; text: null; contentDescription: null; viewIdResName: null; checkable: false; checked: false; focusable: false; focused: false; selected: false; clickable: false; longClickable: false; enabled: true; password: false; scrollable: false; [ACTION_SELECT, ACTION_CLEAR_SELECTION, ACTION_ACCESSIBILITY_FOCUS]]
05-20 15:12:18.025 I/AndroidRuntime( 2662): VM exiting with result code 0.
05-20 15:12:22.205 V/WiseDownloadConditionControler( 2267): checkCondition  type : TODAY_LAUNCHED_USER  inerrupting: false
05-20 15:12:22.205 V/WiseDownloadConditionControler( 2267): checkCondition  type : TRIGGER_WISE_DOWNLOAD  inerrupting: false
05-20 15:12:22.205 W/BroadcastQueue(  374): Timeout of broadcast BroadcastRecord{42f99460 u-1 android.intent.action.SCREEN_OFF} - receiver=android.os.BinderProxy@426da900, started 10000ms ago
05-20 15:12:22.205 W/BroadcastQueue(  374): Receiver during timeout: BroadcastFilter{42970580 u0 ReceiverList{42970eb8 26771 com.pekall.emdm.launcher/10066/u0 remote:426da900}}
05-20 15:12:22.213 I/ActivityManager(  374): Skipping duplicate ANR: ProcessRecord{42291a78 26771:com.pekall.emdm.launcher/u0a10066} Broadcast of Intent { act=android.intent.action.SCREEN_OFF flg=0x50000010 }
05-20 15:12:22.252 I/WindowManager(  374): No lock screen!
05-20 15:12:22.267 W/WindowManager(  374): Rebuild removed 2 windows but added 1
05-20 15:12:22.267 W/WindowManager(  374): This window was lost: Window{42efd988 u0 com.pekall.emdm.launcher/com.pekall.emdm.ui.SplashActivity}
05-20 15:12:22.267 W/WindowManager(  374): mDisplayId=0 mSession=Session{426c4cd8 26771:u0a10066} mClient=android.os.BinderProxy@42848af0
05-20 15:12:22.267 W/WindowManager(  374): mOwnerUid=10066 mShowToOwnerOnly=true package=com.pekall.emdm.launcher appop=NONE
05-20 15:12:22.267 W/WindowManager(  374): mAttrs=WM.LayoutParams{(0,0)(fillxfill) sim=#120 ty=1 fl=#1810100 pfl=0x8 wanim=0x10302ed}
05-20 15:12:22.267 W/WindowManager(  374): Requested w=720 h=1184 mLayoutSeq=7787
05-20 15:12:22.267 W/WindowManager(  374): mBaseLayer=21000 mSubLayer=0 mAnimLayer=21010+0=21010 mLastLayer=21020
05-20 15:12:22.267 W/WindowManager(  374): mToken=AppWindowToken{431f1ba0 token=Token{4301e3e0 ActivityRecord{42794640 u0 com.pekall.emdm.launcher/com.pekall.emdm.ui.SplashActivity}}}
05-20 15:12:22.267 W/WindowManager(  374): mRootToken=AppWindowToken{431f1ba0 token=Token{4301e3e0 ActivityRecord{42794640 u0 com.pekall.emdm.launcher/com.pekall.emdm.ui.SplashActivity}}}
05-20 15:12:22.267 W/WindowManager(  374): mAppToken=AppWindowToken{431f1ba0 token=Token{4301e3e0 ActivityRecord{42794640 u0 com.pekall.emdm.launcher/com.pekall.emdm.ui.SplashActivity}}}
05-20 15:12:22.267 W/WindowManager(  374): mViewVisibility=0x8 mHaveFrame=true mObscured=false
05-20 15:12:22.267 W/WindowManager(  374): mSeq=0 mSystemUiVisibility=0x0
05-20 15:12:22.267 W/WindowManager(  374): mGivenContentInsets=[0,0][0,0] mGivenVisibleInsets=[0,0][0,0]
05-20 15:12:22.267 W/WindowManager(  374): mConfiguration={1.0 999mcc?mnc en_US ldltr sw360dp w360dp h567dp 320dpi nrml port finger -keyb/v/h -nav/h s.11}
05-20 15:12:22.267 W/WindowManager(  374): mHasSurface=false mShownFrame=[0.0,0.0][720.0,1184.0] isReadyForDisplay()=false
05-20 15:12:22.267 W/WindowManager(  374): mFrame=[0,0][720,1184] last=[0,0][720,1184]
05-20 15:12:22.267 W/WindowManager(  374): mSystemDecorRect=[0,50][720,1184] last=[0,50][720,1184]
05-20 15:12:22.267 W/WindowManager(  374): Frames: containing=[0,0][720,1184] parent=[0,0][720,1184]
05-20 15:12:22.267 W/WindowManager(  374):     display=[0,0][720,1184] overscan=[0,0][720,1280]
05-20 15:12:22.267 W/WindowManager(  374):     content=[0,50][720,1184] visible=[0,50][720,1184]
05-20 15:12:22.267 W/WindowManager(  374): Cur insets: overscan=[0,0][0,0] content=[0,50][0,0] visible=[0,50][0,0]
05-20 15:12:22.267 W/WindowManager(  374): Lst insets: overscan=[0,0][0,0] content=[0,50][0,0] visible=[0,50][0,0]
05-20 15:12:22.267 W/WindowManager(  374): WindowStateAnimator{42f2cfc0 com.pekall.emdm.launcher/com.pekall.emdm.ui.SplashActivity}:
05-20 15:12:22.267 W/WindowManager(  374):   mShownAlpha=1.0 mAlpha=1.0 mLastAlpha=0.0
05-20 15:12:22.267 W/WindowManager(  374): Current app token list:
05-20 15:12:22.267 V/WindowManager(  374):   #1: Token{42664a80 ActivityRecord{428562d8 u0 com.pekall.emdm.launcher/.Launcher}}
05-20 15:12:22.267 V/WindowManager(  374):   #0: Token{425dac38 ActivityRecord{425da7f0 u0 com.android.launcher/com.android.launcher2.Launcher}}
05-20 15:12:22.267 W/WindowManager(  374): Final window list:
05-20 15:12:22.267 V/WindowManager(  374):   #0: Window{4261f680 u0 SearchPanel}
05-20 15:12:22.267 V/WindowManager(  374):   #1: Window{425d6be8 u0 NavigationBar}
05-20 15:12:22.267 V/WindowManager(  374):   #2: Window{428ae890 u0 StatusBar}
05-20 15:12:22.267 V/WindowManager(  374):   #3: Window{42667920 u0 Keyguard}
05-20 15:12:22.267 V/WindowManager(  374):   #4: Window{4253f5e0 u0 Application Not Responding: com.pekall.emdm.launcher}
05-20 15:12:22.267 V/WindowManager(  374):   #5: Window{42972e98 u0 com.qihoo360.mobilesafe}
05-20 15:12:22.267 V/WindowManager(  374):   #6: Window{4308d330 u0 InputMethod}
05-20 15:12:22.267 V/WindowManager(  374):   #7: Window{423d8a70 u0 com.dragon.android.pandaspace}
05-20 15:12:22.267 V/WindowManager(  374):   #8: Window{426f6f48 u0 com.android.launcher/com.android.launcher2.Launcher}
05-20 15:12:22.267 V/WindowManager(  374):   #9: Window{42941d98 u0 com.android.phasebeam.PhaseBeamWallpaper}
05-20 15:12:22.338 D/NfcService(  568): NFC-C ON
05-20 15:12:22.353 W/Parcel  ( 1661): Attempt to read object from Parcel 0x5dfd3dac at offset 200 that is not in the object list
05-20 15:12:22.353 W/Parcel  ( 1661): Attempt to read object from Parcel 0x5ef3bdac at offset 200 that is not in the object list
05-20 15:12:22.408 V/WiseDownloadConditionControler( 2267): checkCondition  type : WISE_DOWNLOAD  inerrupting: true
05-20 15:12:22.416 W/Settings( 1661): Setting airplane_mode_on has moved from android.provider.Settings.System to android.provider.Settings.Global, returning read-only value.
05-20 15:12:22.416 D/LightsService(  374): Excessive delay setting light: 106ms
05-20 15:12:22.603 W/ActivityManager(  374): Activity stop timeout for ActivityRecord{428562d8 u0 com.pekall.emdm.launcher/.Launcher}
05-20 15:12:22.603 I/ActivityManager(  374): Activity reported stop, but no longer stopping: ActivityRecord{428562d8 u0 com.pekall.emdm.launcher/.Launcher}
05-20 15:12:29.400 D/dalvikvm( 2530): GC_CONCURRENT freed 268K, 4% free 9546K/9856K, paused 3ms+1ms, total 18ms
05-20 15:12:32.260 W/MountService(  374): getVolumeState(/storage/emulated/0/external_sd): Unknown volume
05-20 15:12:32.260 W/MountService(  374): getVolumeState(/mnt/sdcard-ext): Unknown volume
05-20 15:12:32.260 W/MountService(  374): getVolumeState(/mnt/ext_sdcard): Unknown volume
05-20 15:12:32.260 W/MountService(  374): getVolumeState(/mnt/sdcard2): Unknown volume
05-20 15:12:32.260 W/MountService(  374): getVolumeState(/mnt/emmc): Unknown volume
05-20 15:12:32.260 W/MountService(  374): getVolumeState(/mnt/extSdCard): Unknown volume
05-20 15:12:32.260 W/MountService(  374): getVolumeState(/mnt/sdcard/SD_CARD): Unknown volume
05-20 15:12:32.260 W/MountService(  374): getVolumeState(/mnt/sdcard/extra_sd): Unknown volume
05-20 15:12:32.260 W/MountService(  374): getVolumeState(/mnt/extrasd_bind): Unknown volume
05-20 15:12:32.260 W/MountService(  374): getVolumeState(/mnt/sdcard/ext_sd): Unknown volume
05-20 15:12:32.260 W/MountService(  374): getVolumeState(/storage/extSdCard): Unknown volume
05-20 15:12:32.267 W/MountService(  374): getVolumeState(/storage/sdcard1): Unknown volume
05-20 15:12:32.267 W/MountService(  374): getVolumeState(/mnt/sdcard/external_SD): Unknown volume
05-20 15:12:32.267 W/MountService(  374): getVolumeState(/mnt/sdcard/external_sd): Unknown volume
05-20 15:12:32.267 W/ActivityManager(  374): Activity idle timeout for ActivityRecord{428562d8 u0 com.pekall.emdm.launcher/.Launcher}
05-20 15:12:32.330 D/dalvikvm( 1468): GC_CONCURRENT freed 503K, 21% free 9665K/12104K, paused 8ms+3ms, total 47ms
05-20 15:12:32.541 W/MountService(  374): getVolumeState(/storage/emulated/0/external_sd): Unknown volume
05-20 15:12:32.541 W/MountService(  374): getVolumeState(/mnt/sdcard-ext): Unknown volume
05-20 15:12:32.541 W/MountService(  374): getVolumeState(/mnt/ext_sdcard): Unknown volume
05-20 15:12:32.541 W/MountService(  374): getVolumeState(/mnt/sdcard2): Unknown volume
05-20 15:12:32.541 W/MountService(  374): getVolumeState(/mnt/emmc): Unknown volume
05-20 15:12:32.541 W/MountService(  374): getVolumeState(/mnt/extSdCard): Unknown volume
05-20 15:12:32.541 W/MountService(  374): getVolumeState(/mnt/sdcard/SD_CARD): Unknown volume
05-20 15:12:32.541 W/MountService(  374): getVolumeState(/mnt/sdcard/extra_sd): Unknown volume
05-20 15:12:32.541 W/MountService(  374): getVolumeState(/mnt/extrasd_bind): Unknown volume
05-20 15:12:32.541 W/MountService(  374): getVolumeState(/mnt/sdcard/ext_sd): Unknown volume
05-20 15:12:32.541 W/MountService(  374): getVolumeState(/storage/extSdCard): Unknown volume
05-20 15:12:32.541 W/MountService(  374): getVolumeState(/storage/sdcard1): Unknown volume
05-20 15:12:32.541 W/MountService(  374): getVolumeState(/mnt/sdcard/external_SD): Unknown volume
05-20 15:12:32.541 W/MountService(  374): getVolumeState(/mnt/sdcard/external_sd): Unknown volume
05-20 15:12:32.556 D/dalvikvm( 1468): GC_CONCURRENT freed 494K, 21% free 9682K/12104K, paused 3ms+3ms, total 33ms
05-20 15:12:32.556 D/dalvikvm( 1468): WAIT_FOR_CONCURRENT_GC blocked 10ms
05-20 15:12:32.556 D/dalvikvm( 1468): WAIT_FOR_CONCURRENT_GC blocked 3ms
05-20 15:12:40.486 D/LightsService(  374): Excessive delay setting light: 67ms
05-20 15:12:40.744 D/LightsService(  374): Excessive delay setting light: 67ms
05-20 15:12:46.353 I/PowerManagerService(  374): Going to sleep due to screen timeout...
05-20 15:12:46.986 D/SurfaceFlinger(  124): Screen released, type=0 flinger=0x40e95478
05-20 15:12:47.017 D/NfcService(  568): NFC-C OFF, disconnect
05-20 15:12:47.017 W/Parcel  ( 1661): Attempt to read object from Parcel 0x5ef3bdac at offset 200 that is not in the object list
05-20 15:12:47.174 D/dalvikvm( 1661): GC_CONCURRENT freed 1357K, 18% free 13148K/15888K, paused 6ms+4ms, total 82ms
05-20 15:12:47.455 W/ActivityManager(  374): Activity pause timeout for ActivityRecord{428562d8 u0 com.pekall.emdm.launcher/.Launcher}
05-20 15:12:51.955 W/ActivityManager(  374): Sleep timeout!  Sleeping now.
05-20 15:12:57.080 V/WiseDownloadConditionControler( 2267): checkCondition  type : TODAY_LAUNCHED_USER  inerrupting: false
05-20 15:12:57.080 W/BroadcastQueue(  374): Timeout of broadcast BroadcastRecord{4288f4f0 u-1 android.intent.action.SCREEN_OFF} - receiver=android.os.BinderProxy@426da900, started 10000ms ago
05-20 15:12:57.080 W/BroadcastQueue(  374): Receiver during timeout: BroadcastFilter{42970580 u0 ReceiverList{42970eb8 26771 com.pekall.emdm.launcher/10066/u0 remote:426da900}}
05-20 15:12:57.088 I/ActivityManager(  374): Skipping duplicate ANR: ProcessRecord{42291a78 26771:com.pekall.emdm.launcher/u0a10066} Broadcast of Intent { act=android.intent.action.SCREEN_OFF flg=0x50000010 }
05-20 15:12:57.096 W/Parcel  ( 1661): Attempt to read object from Parcel 0x5ded3dac at offset 200 that is not in the object list
05-20 15:12:57.096 V/WiseDownloadConditionControler( 2267): checkCondition  type : TRIGGER_WISE_DOWNLOAD  inerrupting: false
05-20 15:12:57.096 V/WiseDownloadConditionControler( 2267): checkingStatus~~~ 
05-20 15:12:57.096 V/WiseDownloadConditionControler( 2267): checkCondition  type : WISE_DOWNLOAD  inerrupting: false
05-20 15:12:57.463 W/ActivityManager(  374): Activity stop timeout for ActivityRecord{428562d8 u0 com.pekall.emdm.launcher/.Launcher}
05-20 15:13:10.041 W/BroadcastQueue(  374): Timeout of broadcast BroadcastRecord{43004680 u0 com.pekall.mdm.action.SELECT_ERASE} - receiver=android.os.BinderProxy@4284b080, started 60012ms ago
05-20 15:13:10.041 W/BroadcastQueue(  374): Receiver during timeout: ResolveInfo{42d29020 com.pekall.emdm.ApplicationReceiver p=0 o=0 m=0x108000}
05-20 15:13:10.064 I/ActivityManager(  374): Skipping duplicate ANR: ProcessRecord{42291a78 26771:com.pekall.emdm.launcher/u0a10066} Broadcast of Intent { act=com.pekall.mdm.action.SELECT_ERASE flg=0x10 cmp=com.pekall.emdm.launcher/com.pekall.emdm.ApplicationReceiver (has extras) }
05-20 15:13:11.596 D/dalvikvm( 1661): GC_EXPLICIT freed 65K, 18% free 13083K/15888K, paused 3ms+5ms, total 60ms
05-20 15:13:16.658 D/dalvikvm( 1661): GC_EXPLICIT freed 5K, 18% free 13077K/15888K, paused 3ms+5ms, total 60ms
05-20 15:13:26.666 D/dalvikvm( 1661): GC_EXPLICIT freed <1K, 18% free 13077K/15888K, paused 3ms+5ms, total 60ms
05-20 15:13:32.275 W/MountService(  374): getVolumeState(/storage/emulated/0/external_sd): Unknown volume
05-20 15:13:32.275 W/MountService(  374): getVolumeState(/mnt/sdcard-ext): Unknown volume
05-20 15:13:32.275 W/MountService(  374): getVolumeState(/mnt/ext_sdcard): Unknown volume
05-20 15:13:32.275 W/MountService(  374): getVolumeState(/mnt/sdcard2): Unknown volume
05-20 15:13:32.275 W/MountService(  374): getVolumeState(/mnt/emmc): Unknown volume
05-20 15:13:32.275 W/MountService(  374): getVolumeState(/mnt/extSdCard): Unknown volume
05-20 15:13:32.275 W/MountService(  374): getVolumeState(/mnt/sdcard/SD_CARD): Unknown volume
05-20 15:13:32.275 W/MountService(  374): getVolumeState(/mnt/sdcard/extra_sd): Unknown volume
05-20 15:13:32.275 W/MountService(  374): getVolumeState(/mnt/extrasd_bind): Unknown volume
05-20 15:13:32.275 W/MountService(  374): getVolumeState(/mnt/sdcard/ext_sd): Unknown volume
05-20 15:13:32.283 W/MountService(  374): getVolumeState(/storage/extSdCard): Unknown volume
05-20 15:13:32.283 W/MountService(  374): getVolumeState(/storage/sdcard1): Unknown volume
05-20 15:13:32.283 W/MountService(  374): getVolumeState(/mnt/sdcard/external_SD): Unknown volume
05-20 15:13:32.283 W/MountService(  374): getVolumeState(/mnt/sdcard/external_sd): Unknown volume
05-20 15:13:32.306 D/dalvikvm( 1468): GC_CONCURRENT freed 534K, 21% free 9659K/12104K, paused 5ms+4ms, total 51ms
05-20 15:13:32.306 D/dalvikvm( 1468): WAIT_FOR_CONCURRENT_GC blocked 19ms
05-20 15:13:32.306 D/dalvikvm( 1468): WAIT_FOR_CONCURRENT_GC blocked 17ms
05-20 15:13:32.314 W/Parcel  ( 1661): Attempt to read object from Parcel 0x6003bdac at offset 200 that is not in the object list
