05-20 10:52:05.291 I/AndroidRuntime(26720): VM exiting with result code 0.
05-20 10:52:06.096 D/LightsService(  374): Excessive delay setting light: 67ms
05-20 10:52:07.392 W/ActivityManager(  374):   Force finishing activity com.pekall.emdm.launcher/.Launcher
05-20 10:52:07.510 D/dalvikvm(  374): GC_FOR_ALLOC freed 1143K, 24% free 20789K/27176K, paused 67ms, total 68ms
05-20 10:52:07.572 D/dalvikvm(  374): GC_FOR_ALLOC freed 749K, 25% free 20411K/27176K, paused 61ms, total 61ms
05-20 10:52:07.572 I/ActivityManager(  374): Killing ProcessRecord{42785268 12519:com.pekall.emdm.launcher/u0a10066}: user's request
05-20 10:52:07.627 I/ActivityManager(  374): Process com.pekall.emdm.launcher (pid 12519) has died.
05-20 10:52:07.627 I/WindowState(  374): WIN DEATH: Window{427ee968 u0 com.pekall.emdm.launcher/com.pekall.emdm.ui.RegDeviceActivity}
05-20 10:52:07.627 W/ActivityManager(  374): Scheduling restart of crashed service com.pekall.emdm.launcher/com.pekall.emdm.contacts.service.PhoneService in 5000ms
05-20 10:52:07.627 W/ActivityManager(  374): Scheduling restart of crashed service com.pekall.emdm.launcher/com.pekall.emailcommon.accountprovision.AccountProvisionService in 15000ms
05-20 10:52:07.627 W/ActivityManager(  374): Scheduling restart of crashed service com.pekall.emdm.launcher/com.pekall.emdm.MdmService in 25000ms
05-20 10:52:07.627 I/WindowState(  374): WIN DEATH: Window{42853eb8 u0 com.pekall.emdm.launcher/com.pekall.emdm.launcher.Launcher}
05-20 10:52:07.861 W/InputMethodManagerService(  374): Got RemoteException sending setActive(false) notification to pid 12519 uid 10066
05-20 10:52:12.642 I/ActivityManager(  374): Start proc com.pekall.emdm.launcher for service com.pekall.emdm.launcher/com.pekall.emdm.contacts.service.PhoneService: pid=26771 uid=10066 gids={50066, 1015, 3002, 3001, 3003, 1028}
05-20 10:52:12.650 D/dalvikvm(26771): Late-enabling CheckJNI
05-20 10:52:12.705 V/weixing (26771): mOpenHelper
05-20 10:52:12.728 D/dalvikvm(26771): Trying to load lib /data/app-lib/com.pekall.emdm.launcher-1/libsandbox_jni.so 0x42288638
05-20 10:52:12.728 D/dalvikvm(26771): Added shared lib /data/app-lib/com.pekall.emdm.launcher-1/libsandbox_jni.so 0x42288638
05-20 10:52:12.767 D/ScClassLoader(26771): >> SOURCE FILE: /data/data/com.pekall.emdm.launcher/app_jars/sc-jdk15on-1.47.0.2.dex.jar
05-20 10:52:12.767 V/MyServiceConnection(26771): [SConnection] sandbox service is NOT installed.
05-20 10:52:12.775 V/MyServiceConnection(26771): [SConnection] binding service: pekall.intent.action.SANDBOX_SERVICE
05-20 10:52:12.814 D/dalvikvm(26771): GC_CONCURRENT freed 101K, 2% free 9332K/9472K, paused 4ms+3ms, total 28ms
05-20 10:52:12.814 D/dalvikvm(26771): WAIT_FOR_CONCURRENT_GC blocked 13ms
05-20 10:52:12.814 D/dalvikvm(26771): WAIT_FOR_CONCURRENT_GC blocked 18ms
05-20 10:52:12.830 W/Parcel  ( 1661): Attempt to read object from Parcel 0x5ec3bdac at offset 200 that is not in the object list
05-20 10:52:12.830 W/Parcel  ( 1661): Attempt to read object from Parcel 0x5dfd3dac at offset 200 that is not in the object list
05-20 10:52:12.830 D/Email   (26771): Email: init sandbox at the beginning.
05-20 10:52:12.830 V/MyServiceConnection(26771): [SConnection] retry to bind service
05-20 10:52:12.830 V/MyServiceConnection(26771): [SConnection] sandbox service is NOT installed.
05-20 10:52:12.830 V/MyServiceConnection(26771): [SConnection] binding service: pekall.intent.action.SANDBOX_SERVICE
05-20 10:52:12.846 V/MyServiceConnection(26771): [SConnection] retry to bind service
05-20 10:52:12.846 V/MyServiceConnection(26771): [SConnection] sandbox service is NOT installed.
05-20 10:52:12.846 V/MyServiceConnection(26771): [SConnection] binding service: pekall.intent.action.SANDBOX_SERVICE
05-20 10:52:12.861 V/l       (26771): Bind requested for task setLogging
05-20 10:52:12.892 D/dalvikvm(26771): GC_CONCURRENT freed 219K, 3% free 9626K/9884K, paused 5ms+2ms, total 24ms
05-20 10:52:12.892 D/dalvikvm(26771): WAIT_FOR_CONCURRENT_GC blocked 4ms
05-20 10:52:12.892 D/dalvikvm(26771): WAIT_FOR_CONCURRENT_GC blocked 5ms
05-20 10:52:12.892 D/dalvikvm(26771): WAIT_FOR_CONCURRENT_GC blocked 6ms
05-20 10:52:12.892 D/dalvikvm(26771): WAIT_FOR_CONCURRENT_GC blocked 8ms
05-20 10:52:12.892 D/dalvikvm(26771): WAIT_FOR_CONCURRENT_GC blocked 8ms
05-20 10:52:12.916 W/DocumentManager(26771): Sandbox service is not connected.
05-20 10:52:12.916 D/MessageControllerImpl(26771): controller is null
05-20 10:52:12.916 V/MyServiceConnection(26771): [SConnection] retry to bind service
05-20 10:52:12.916 V/MyServiceConnection(26771): [SConnection] sandbox service is NOT installed.
05-20 10:52:12.916 V/MyServiceConnection(26771): [SConnection] binding service: pekall.intent.action.SANDBOX_SERVICE
05-20 10:52:12.916 W/SQLiteOpenHelper(26771): Opened /data/data/com.pekall.emdm.launcher/databases/message.db
05-20 10:52:12.955 D/MessageControllerImpl(26771): controller is null
05-20 10:52:12.955 D/MessageControllerImpl(26771): controller is null
05-20 10:52:12.955 D/MessageControllerImpl(26771): controller is null
05-20 10:52:12.971 D/AssistantPhoneService(26771): [---null: -1---]onCreate====================
05-20 10:52:12.971 D/dalvikvm(26771): GC_CONCURRENT freed 266K, 3% free 9860K/10160K, paused 4ms+3ms, total 29ms
05-20 10:52:12.986 V/AccountProvision(26771): create account provision service
05-20 10:52:12.986 D/AccountProvision(26771): Handle email account changed.
05-20 10:52:12.986 W/SQLiteOpenHelper(26771): Opened /data/data/com.pekall.emdm.launcher/databases/pekall_mdm.db
05-20 10:52:12.994 D/MDM :   (26771): [null:-1]->table : profiles, selection : type='com.apple.mail.managed'
05-20 10:52:13.002 E/AccountProvision(26771): No valid config record, found 0 item.
05-20 10:52:13.017 D/MdmService(26771): [null:-1]->create mdm service
05-20 10:52:13.017 W/EmailProvider(26771): restoreIfNeeded...
05-20 10:52:13.017 D/MdmService(26771): [null:-1]->correctAlarm
05-20 10:52:13.025 D/EmailProvider(26771): restoreAccounts...
05-20 10:52:13.330 D/dalvikvm(26771): JIT unchain all for threadid=11
05-20 10:52:13.603 D/dalvikvm(26771): JIT unchain all for threadid=11
05-20 10:52:13.619 D/dalvikvm(26771): GC_CONCURRENT freed 503K, 6% free 9763K/10304K, paused 254ms+259ms, total 538ms
05-20 10:52:13.924 D/dalvikvm(26771): JIT unchain all for threadid=11
05-20 10:52:14.205 D/dalvikvm(26771): JIT unchain all for threadid=11
05-20 10:52:14.205 D/dalvikvm(26771): GC_CONCURRENT freed 197K, 4% free 9954K/10304K, paused 255ms+254ms, total 537ms
05-20 10:52:14.533 D/dalvikvm(26771): JIT unchain all for threadid=11
05-20 10:52:14.814 D/dalvikvm(26771): JIT unchain all for threadid=11
05-20 10:52:14.822 D/dalvikvm(26771): GC_CONCURRENT freed 278K, 4% free 10181K/10504K, paused 254ms+254ms, total 541ms
05-20 10:52:14.822 D/dalvikvm(26771): WAIT_FOR_CONCURRENT_GC blocked 263ms
05-20 10:52:14.830 D/dalvikvm(26771): WAIT_FOR_CONCURRENT_GC blocked 274ms
05-20 10:52:15.135 D/dalvikvm(26771): JIT unchain all for threadid=11
05-20 10:52:15.166 V/MyServiceConnection(26771): [SConnection] retry to bind service
05-20 10:52:15.166 V/MyServiceConnection(26771): [SConnection] sandbox service is NOT installed.
05-20 10:52:15.166 V/MyServiceConnection(26771): [SConnection] binding service: pekall.intent.action.SANDBOX_SERVICE
05-20 10:52:15.181 D/MDM :   (26771): [null:-1]->username is : zhenhua.sang@pekall.com ,pwd is 123456
05-20 10:52:15.181 V/MyServiceConnection(26771): [SConnection] retry to bind service
05-20 10:52:15.181 V/MyServiceConnection(26771): [SConnection] sandbox service is NOT installed.
05-20 10:52:15.181 V/MyServiceConnection(26771): [SConnection] binding service: pekall.intent.action.SANDBOX_SERVICE
05-20 10:52:15.181 W/Sandbox (26771): Sandbox service is not connected.
05-20 10:52:15.447 D/dalvikvm(26771): JIT unchain all for threadid=11
05-20 10:52:15.455 D/dalvikvm(26771): GC_CONCURRENT freed 337K, 4% free 10336K/10724K, paused 257ms+260ms, total 572ms
05-20 10:52:15.455 D/AssistantPhoneService(26771): [---null: -1---]currentCall====================1400554335459
05-20 10:52:15.455 D/Assistant(26771): [---null: -1---]  call dataChange
05-20 10:52:15.463 D/ExchangeService(26771): !!! EAS ExchangeService, onCreate
05-20 10:52:15.463 W/Parcel  ( 1661): Attempt to read object from Parcel 0x6013bdac at offset 200 that is not in the object list
05-20 10:52:15.510 I/ActivityManager(  374): Start proc com.qihoo360.mobilesafe:remote for content provider com.qihoo360.mobilesafe/.shield.provider.EmptyProvider: pid=26800 uid=10069 gids={50069, 3003, 1015, 3001, 3002, 1006, 1028}
05-20 10:52:15.525 I/dalvikvm(26800): Turning on JNI app bug workarounds for target SDK version 8...
05-20 10:52:15.549 D/EmailProvider(26771): No accounts to restore...
05-20 10:52:15.549 D/EmailProvider(26771): Deleting orphans...
05-20 10:52:15.556 D/EmailProvider(26771): EmailProvider pre-caching...
05-20 10:52:15.572 D/EmailProvider(26771): EmailProvider ready.
05-20 10:52:15.588 D/MdmService(26771): [null:-1]->receiver action :android.net.conn.CONNECTIVITY_CHANGE
05-20 10:52:15.588 I/TransInfo(26771): TransInfo created, id: 5, class: class com.pekall.emdm.transaction.c.j
05-20 10:52:15.596 D/NetworkThread(26771): [null:-1]->----isRunning-----false
05-20 10:52:15.596 D/MdmService(26771): [null:-1]->keepAliveWithPushServer  client is null 
05-20 10:52:15.596 D/MdmService(26771): [null:-1]->pushUrl : ws://test.mdm.everknow.cn:9090/websocket
05-20 10:52:15.596 D/MDM :   (26771): [null:-1]->mMdmPushClient is :null
05-20 10:52:15.596 D/MDM :   (26771): [null:-1]->mMdmPushClient opened :not opened
05-20 10:52:15.596 D/NetworkThread(26771): [null:-1]->----net work thread begin-----1192
05-20 10:52:15.603 D/NetworkThread(26771): [null:-1]->sendHttpGet: http://192.168.10.21/rest/mdm/v1/device/trigger_cmd?device_uuid=00013fbc8ecec5b90000014613abe64a&cmd_types=10103
05-20 10:52:15.603 D/HttpClient(26771): enable apache.http debug
05-20 10:52:15.619 D/MDM :   (26771): [null:-1]->mMdmPushClient connect
05-20 10:52:15.627 D/MdmStatusManager(26771): [null:-1]->change status to : Busy
05-20 10:52:15.642 V/DEBUG   (26771): HTTP 0
05-20 10:52:15.650 D/MDM :   (26771): [null:-1]->has executed command to report status
05-20 10:52:15.924 D/dalvikvm(26771): JIT unchain all for threadid=11
05-20 10:52:16.221 D/dalvikvm(26771): JIT unchain all for threadid=11
05-20 10:52:16.228 D/dalvikvm(26771): GC_CONCURRENT freed 328K, 4% free 10513K/10888K, paused 258ms+255ms, total 552ms
05-20 10:52:16.228 D/dalvikvm(26771): WAIT_FOR_CONCURRENT_GC blocked 266ms
05-20 10:52:16.228 D/dalvikvm(26771): WAIT_FOR_CONCURRENT_GC blocked 270ms
05-20 10:52:16.228 D/dalvikvm(26771): WAIT_FOR_CONCURRENT_GC blocked 271ms
05-20 10:52:16.228 W/CursorWrapperInner(26771): Cursor finalized without prior close()
05-20 10:52:16.267 W/ActivityManager(  374): Unable to start service Intent { cmp=com.pekall.emdm.launcher/com.pekall.semail.service.AttachmentDownloadService } U=0: not found
05-20 10:52:16.275 I/TransInfo(26771): TransInfo created, id: 9, class: class com.pekall.emdm.transaction.c.c
05-20 10:52:16.283 D/NetworkThread(26771): [null:-1]->----isRunning-----true
05-20 10:52:16.283 V/MyServiceConnection(26771): [SConnection] onServiceConnected, comp: com.pekall.sandbox.service.SandboxService
05-20 10:52:16.283 D/AuthenticationManager(26771): [26771] binder package: com.pekall.emdm.launcher
05-20 10:52:16.564 D/dalvikvm(26771): JIT unchain all for threadid=11
05-20 10:52:16.564 I/Email   (26771): Notifications being toggled: false
05-20 10:52:16.846 D/dalvikvm(26771): JIT unchain all for threadid=11
05-20 10:52:16.877 D/dalvikvm(26771): GC_CONCURRENT freed 439K, 5% free 10609K/11060K, paused 260ms+258ms, total 564ms
05-20 10:52:16.877 D/AuthenticationManager(26771): [26771] not authorized.
05-20 10:52:16.877 D/MDM :   (26771): [null:-1]->statusCode : 200
05-20 10:52:16.877 V/l       (26771): Connected: com.pekall.exchange.ExchangeService
05-20 10:52:16.885 D/MDM :   (26771): [null:-1]->statusCode : 200
05-20 10:52:16.885 V/DEBUG   (26771): HTTP 1
05-20 10:52:16.885 D/MDM :   (26771): [null:-1]->read network input stream
05-20 10:52:16.885 D/MDM :   (26771): [null:-1]->Get joson string: {"result":0}
05-20 10:52:16.892 D/SConnection(26771): classname is com.pekall.emdm.messagecenter.controller.MessageCenterService
05-20 10:52:16.892 D/ExchangeService(26771): !!! EAS ExchangeService, onStartCommand, startingUp = false, running = false
05-20 10:52:16.892 D/ExchangeService(26771): to start secureStorageService now
05-20 10:52:16.892 D/NetworkThread(26771): [null:-1]->clear mCurrentTransInfo
05-20 10:52:16.892 D/NetworkThread(26771): [null:-1]->sendHttpPost:PostRequest, url: http://192.168.10.21/rest/mdm/v1/system/check_mdm_app, Params: [version:71][os:51201][pkg_name:com.pekall.emdm.launcher], 
05-20 10:52:16.892 D/HttpClient(26771): enable apache.http debug
05-20 10:52:16.900 V/l       (26771): Task setLogging completed; disconnecting
05-20 10:52:16.908 D/MDM :   (26771): [null:-1]->username is : zhenhua.sang@pekall.com ,pwd is 123456
05-20 10:52:16.908 I/System.out(26771): [cjx]authenticateUser,zhenhua.sang@pekall.com,123456
05-20 10:52:16.908 I/System.out(26771): [cjx]to generate user KEK now,keyLength:32,algorithm:Rijndael256
05-20 10:52:16.908 V/DEBUG   (26771): HTTP 0
05-20 10:52:16.908 V/a       (26771): Bind requested for task test
05-20 10:52:17.197 D/dalvikvm(26771): JIT unchain all for threadid=11
05-20 10:52:17.478 D/dalvikvm(26771): JIT unchain all for threadid=11
05-20 10:52:17.486 D/dalvikvm(26771): GC_CONCURRENT freed 561K, 6% free 10603K/11212K, paused 259ms+256ms, total 548ms
05-20 10:52:17.486 D/dalvikvm(26771): WAIT_FOR_CONCURRENT_GC blocked 268ms
05-20 10:52:17.502 D/dalvikvm(26771): WAIT_FOR_CONCURRENT_GC blocked 12ms
05-20 10:52:17.502 D/dalvikvm(26771): WAIT_FOR_CONCURRENT_GC blocked 275ms
05-20 10:52:17.517 D/MDM :   (26771): [null:-1]->statusCode : 200
05-20 10:52:17.517 D/MDM :   (26771): [null:-1]->statusCode : 200
05-20 10:52:17.517 V/DEBUG   (26771): HTTP 1
05-20 10:52:17.517 D/MDM :   (26771): [null:-1]->read network input stream
05-20 10:52:17.533 D/MDM :   (26771): [null:-1]->Get joson string: {"result":0,"mdmClientInfos":{"id":25,"type":51107,"url":"https://test.mdm.everknow.cn/resources/api/v1/download/guest?uuid=9b3b3fd4c6a44c8985b1f91b34d5","pkgName":"com.pekall.emdm.launcher","platform":51201,"comId":1,"appVersionCode":72,"appVersionName":"BYOD_2.1.0424","appAuthor":null,"appIcon":null,"appName":"Pekall enterprise mobile office","appSize":null,"minSdk":null,"updateTime":1398754856000,"forceUpdate":0,"updateInfo":null,"new":false}}
05-20 10:52:17.549 D/NetworkThread(26771): [null:-1]->clear mCurrentTransInfo
05-20 10:52:17.549 D/NetworkThread(26771): [null:-1]->queue is empty, thread wait...
05-20 10:52:17.556 V/a       (26771): Bind requested for task getDeviceId
05-20 10:52:17.611 V/a       (26771): Waiting for task getDeviceId to complete...
05-20 10:52:17.861 D/dalvikvm(26771): JIT unchain all for threadid=11
05-20 10:52:17.885 I/System.out(26771): [cjx]blockSize:32
05-20 10:52:17.885 I/System.out(26771): [cjx]iv:[112, 101, 107, 97, 108, 108, 50, 48, 49, 52, 97, 101, 115, 99, 106, 120, 112, 101, 107, 97, 108, 108, 50, 48, 49, 52, 97, 101, 115, 99, 106, 120]
05-20 10:52:17.885 I/System.out(26771): [cjx]secret:[-94, 35, 21, 34, 6, -61, -108, -46, 6, 56, -82, 111, 24, -59, 0, -21, 43, -46, -16, 27, -76, 52, 9, 117, -69, 64, 55, -122, -120, -69, -38, 9]
05-20 10:52:17.892 I/System.out(26771): [cjx]successfully restore dek:[B@4248f938
05-20 10:52:17.892 I/System.out(26771): [cjx]to generate user KEK now,keyLength:32,algorithm:Rijndael256
05-20 10:52:18.174 D/dalvikvm(26771): JIT unchain all for threadid=11
05-20 10:52:18.197 D/dalvikvm(26771): GC_CONCURRENT freed 503K, 6% free 10597K/11212K, paused 261ms+271ms, total 583ms
05-20 10:52:18.291 I/System.out(26771): [cjx]blockSize:32
05-20 10:52:18.291 I/System.out(26771): [cjx]iv:[112, 101, 107, 97, 108, 108, 50, 48, 49, 52, 97, 101, 115, 99, 106, 120, 112, 101, 107, 97, 108, 108, 50, 48, 49, 52, 97, 101, 115, 99, 106, 120]
05-20 10:52:18.291 I/System.out(26771): [cjx]secret:[-94, 35, 21, 34, 6, -61, -108, -46, 6, 56, -82, 111, 24, -59, 0, -21, 43, -46, -16, 27, -76, 52, 9, 117, -69, 64, 55, -122, -120, -69, -38, 9]
05-20 10:52:18.306 I/System.out(26771): [cjx]successfully restore dek:[B@423dc3f0
05-20 10:52:18.314 D/MDM :   (26771): [null:-1]->MSG_WEBSOCKET_OPEN
05-20 10:52:18.314 D/ProfileManager(26771): [null:-1]->check policy checking :false
05-20 10:52:18.314 I/TransInfo(26771): TransInfo created, id: 3, class: class com.pekall.emdm.transaction.c.b
05-20 10:52:18.314 D/NetworkThread(26771): [null:-1]->----isRunning-----true
05-20 10:52:18.322 D/NetworkThread(26771): [null:-1]->----isRunning-----true
05-20 10:52:18.322 D/NetworkThread(26771): [null:-1]->thread wakeup
05-20 10:52:18.330 D/MdmService(26771): [null:-1]->keepAliveWithPushServer client is opened:true
05-20 10:52:18.330 D/MDM :   (26771): [null:-1]->ping!!!!!!!!!
05-20 10:52:18.338 D/MdmService(26771): [null:-1]->pushUrl : ws://test.mdm.everknow.cn:9090/websocket
05-20 10:52:18.338 D/MDM :   (26771): [null:-1]->mMdmPushClient is :not null
05-20 10:52:18.346 D/MDM :   (26771): [null:-1]->mMdmPushClient opened : opened
05-20 10:52:18.346 D/MdmService(26771): [null:-1]->MdmStatusManager is busy , wait......
05-20 10:52:18.346 I/TransInfo(26771): TransInfo created, id: 9, class: class com.pekall.emdm.transaction.c.c
05-20 10:52:18.346 D/NetworkThread(26771): [null:-1]->----isRunning-----true
05-20 10:52:18.346 D/NetworkThread(26771): [null:-1]->sendHttpPost:PostRequest, url: http://192.168.10.21/rest/mdm/v1/ios/android_server, Params: [content:<?xml version="1.0" encoding="UTF-8"?>
05-20 10:52:18.346 D/NetworkThread(26771): <!DOCTYPE plist PUBLIC "-//Apple//DTD PLIST 1.0//EN" "http://www.apple.com/DTDs/PropertyList-1.0.dtd">
05-20 10:52:18.346 D/NetworkThread(26771): <plist version="1.0">
05-20 10:52:18.346 D/NetworkThread(26771): <dict>
05-20 10:52:18.346 D/NetworkThread(26771): 	<key>QueryResponses</key>
05-20 10:52:18.346 D/NetworkThread(26771): 	<dict>
05-20 10:52:18.346 D/NetworkThread(26771): 		<key>deviceId</key>
05-20 10:52:18.346 D/NetworkThread(26771): 		<string>00013fbc8ecec5b90000014613abe64a</string>
05-20 10:52:18.346 D/NetworkThread(26771): 		<key>deviceSecurityStatus</key>
05-20 10:52:18.346 D/NetworkThread(26771): 		<string>root</string>
05-20 10:52:18.346 D/NetworkThread(26771): 		<key>diskTotal</key>
05-20 10:52:18.346 D/NetworkThread(26771): 		<string>0.0</string>
05-20 10:52:18.346 D/NetworkThread(26771): 		<key>diskUsed</key>
05-20 10:52:18.346 D/NetworkThread(26771): 		<string>0.0</string>
05-20 10:52:18.346 D/NetworkThread(26771): 		<key>displaySize</key>
05-20 10:52:18.346 D/NetworkThread(26771): 		<string>720x1184</string>
05-20 10:52:18.346 D/NetworkThread(26771): 		<key>freeDiskSize</key>
05-20 10:52:18.346 D/NetworkThread(26771): 		<integer>0</integer>
05-20 10:52:18.346 D/NetworkThread(26771): 		<key>freeRamSize</key>
05-20 10:52:18.346 D/NetworkThread(26771): 		<integer>29061120</integer>
05-20 10:52:18.346 D/NetworkThread(26771): 		<key>language</key>
05-20 10:52:18.346 D/NetworkThread(26771): 		<string>en-US</string>
05-20 10:52:18.346 D/NetworkThread(26771): 		<key>netSpeed</key>
05-20 10:52:18.346 D/NetworkThread(26771): 		<dict>
05-20 10:52:18.346 D/NetworkThread(26771): 			<key>downlink</key>
05-20 10:52:18.346 D/NetworkThread(26771): 			<real>6061355.333333333</real>
05-20 10:52:18.346 D/NetworkThread(26771): 			<key>uplink</key>
05-20 10:52:18.346 D/NetworkThread(26771): 			<real>4353382.0</real>
05-20 10:52:18.346 D/NetworkThread(26771): 		</dict>
05-20 10:52:18.346 D/NetworkThread(26771): 		<key>ramTotal</key>
05-20 10:52:18.346 D/NetworkThread(26771): 		<string>728023040</string>
05-20 10:52:18.346 D/NetworkThread(26771): 		<key>ramUsed</key>
05-20 10:52:18.346 D/NetworkThread(26771): 		<string>698961920</string>
05-20 10:52:18.346 D/NetworkThread(26771): 		<key>trafficBytes</key>
05-20 10:52:18.346 D/NetworkThread(26771): 		<integer>0</integer>
05-20 10:52:18.346 D/NetworkThread(26771): 		<key>AvailableDeviceCapacity</key>
05-20 10:52:18.346 D/NetworkThread(26771): 		<real>1.342936E7</real>
05-20 10:52:18.346 D/NetworkThread(26771): 		<key>BuildVersion</key>
05-20 10:52:18.346 D/NetworkThread(26771): 		<string>REL</string>
05-20 10:52:18.346 D/NetworkThread(26771): 		<key>CanDisableSystemFunction</key>
05-20 10:52:18.346 D/NetworkThread(26771): 		<false/>
05-20 10:52:18.346 D/NetworkThread(26771): 		<key>CellularTechnology</key>
05-20 10:52:18.346 D/NetworkThread(26771): 		<integer>3</integer>
05-20 10:52:18.346 D/NetworkThread(26771): 		<key>CurrentCarrierNetwork</key>
05-20 10:52:18.346 D/NetworkThread(26771): 		<string></string>
05-20 10:52:18.346 D/NetworkThread(26771): 		<key>CurrentMCC</key>
05-20 10:52:18.346 D/NetworkThread(26771): 		<string>cn</string>
05-20 10:52:18.346 D/NetworkThread(26771): 		<key>CurrentMNC</key>
05-20 10:52:18.346 D/NetworkThread(26771): 		<string>46001</string>
05-20 10:52:18.346 D/NetworkThread(26771): 		<key>DataRoamingEnabled</key>
05-20 10:52:18.346 D/NetworkThread(26771): 		<false/>
05-20 10:52:18.346 D/NetworkThread(26771): 		<key>DeviceCapacity</key>
05-20 10:52:18.346 D/NetworkThread(26771): 		<real>1.3975888E7</real>
05-20 10:52:18.346 D/NetworkThread(26771): 		<key>HasSamsungSafeAPI</key>
05-20 10:52:18.346 D/NetworkThread(26771): 		<false/>
05-20 10:52:18.346 D/NetworkThread(26771): 		<key>ICCID</key>
05-20 10:52:18.346 D/NetworkThread(26771): 		<string></string>
05-20 10:52:18.346 D/NetworkThread(26771): 		<key>IMEI</key>
05-20 10:52:18.346 D/NetworkThread(26771): 		<string>351554059027897</string>
05-20 10:52:18.346 D/NetworkThread(26771): 		<key>IsRoaming</key>
05-20 10:52:18.346 D/NetworkThread(26771): 		<false/>
05-20 10:52:18.346 D/NetworkThread(26771): 		<key>Model</key>
05-20 10:52:18.346 D/NetworkThread(26771): 		<string>Galaxy Nexus</string>
05-20 10:52:18.346 D/NetworkThread(26771): 		<key>OSVersion</key>
05-20 10:52:18.346 D/NetworkThread(26771): 		<string>4.3</string>
05-20 10:52:18.346 D/NetworkThread(26771): 		<key>PhoneNumber</key>
05-20 10:52:18.346 D/NetworkThread(26771): 		<string>0</string>
05-20 10:52:18.346 D/NetworkThread(26771): 		<key>ProductName</key>
05-20 10:52:18.346 D/NetworkThread(26771): 		<string>yakju</string>
05-20 10:52:18.346 D/NetworkThread(26771): 		<key>SIMCarrierNetwork</key>
05-20 10:52:18.346 D/NetworkThread(26771): 		<string></string>
05-20 10:52:18.346 D/NetworkThread(26771): 		<key>SerialNumber</key>
05-20 10:52:18.346 D/NetworkThread(26771): 		<string>014E0FFF06015018</string>
05-20 10:52:18.346 D/NetworkThread(26771): 		<key>UDID</key>
05-20 10:52:18.346 D/NetworkThread(26771): 		<string>00013fbc8ecec5b90000014613abe64a</string>
05-20 10:52:18.346 D/NetworkThread(26771): 		<key>WiFiMAC</key>
05-20 10:52:18.346 D/NetworkThread(26771): 		<string>20:64:32:7a:19:48</string>
05-20 10:52:18.346 D/NetworkThread(26771): 	</dict>
05-20 10:52:18.346 D/NetworkThread(26771): 	<key>CommandUUID</key>
05-20 10:52:18.346 D/NetworkThread(26771): 	<string>9a506dda-63aa-4737-b106-5d1aacba04df</string>
05-20 10:52:18.346 D/NetworkThread(26771): 	<key>Status</key>
05-20 10:52:18.346 D/NetworkThread(26771): 	<string>Acknowledged</string>
05-20 10:52:18.346 D/NetworkThread(26771): 	<key>UDID</key>
05-20 10:52:18.346 D/NetworkThread(26771): 	<string>00013fbc8ecec5b90000014613abe64a</string>
05-20 10:52:18.346 D/NetworkThread(26771): </dict>
05-20 10:52:18.346 D/NetworkThread(26771): </plist>], 
05-20 10:52:18.346 D/HttpClient(26771): enable apache.http debug
05-20 10:52:18.603 D/dalvikvm(26771): JIT unchain all for threadid=11
05-20 10:52:18.619 W/Parcel  ( 1661): Attempt to read object from Parcel 0x5ec3bdac at offset 200 that is not in the object list
05-20 10:52:18.619 D/MDM :   (26771): [null:-1]->MSG_WEBSOCKET_MESSAGE : {"id":-228398184,"type":2,"command":0,"result":0,"reason":4}
05-20 10:52:18.619 W/ActivityManager(  374): Unable to start service Intent { act=pekall.intent.action.DOWNLOAD_APP (has extras) } U=0: not found
05-20 10:52:18.635 D/PushMessageManager(26771): [null:-1]->add sent message : {"params":{"device":"00013fbc8ecec5b90000014613abe64a","token":"123456"},"id":0,"command":0,"reason":0,"result":0,"type":0}
05-20 10:52:18.635 V/DEBUG   (26771): HTTP 0
05-20 10:52:18.885 D/dalvikvm(26771): JIT unchain all for threadid=11
05-20 10:52:18.908 D/MdmService(26771): [null:-1]->push message type :2
05-20 10:52:18.908 V/a       (26771): Connected: com.pekall.semail.service.AccountServiceInternal
05-20 10:52:18.924 D/dalvikvm(26771): GC_CONCURRENT freed 511K, 6% free 10648K/11212K, paused 256ms+280ms, total 573ms
05-20 10:52:18.924 D/dalvikvm(26771): WAIT_FOR_CONCURRENT_GC blocked 7ms
05-20 10:52:18.931 D/PushMessageManager(26771): [null:-1]->add sent message : {"params":{"device":"00013fbc8ecec5b90000014613abe64a","token":"123456"},"id":0,"command":0,"reason":0,"result":0,"type":0}
05-20 10:52:18.939 V/a       (26771): Connected: com.pekall.semail.service.AccountServiceInternal
05-20 10:52:18.955 D/MDM :   (26771): [null:-1]->MSG_WEBSOCKET_MESSAGE : {"id":0,"type":1,"command":0,"result":0,"reason":0}
05-20 10:52:18.955 V/a       (26771): Connection test succeeded in 2051ms
05-20 10:52:18.955 V/a       (26771): Task test completed; disconnecting
05-20 10:52:18.963 D/MdmService(26771): [null:-1]->push message type :1
05-20 10:52:18.963 D/PushMessageManager(26771): [null:-1]->remove sent message : 0
05-20 10:52:18.971 W/Parcel  ( 1661): Attempt to read object from Parcel 0x5dfd3dac at offset 200 that is not in the object list
05-20 10:52:18.971 V/a       (26771): Task getDeviceId completed; disconnecting
05-20 10:52:18.971 V/a       (26771): Wait for getDeviceId finished in 1367ms
05-20 10:52:18.971 D/ExchangeService(26771): Received deviceId from Email app: androidc2130646576
05-20 10:52:18.978 D/PushMessageManager(26771): [null:-1]->sent message :{"params":{"device":"00013fbc8ecec5b90000014613abe64a","token":"123456"},"id":0,"command":0,"reason":0,"result":0,"type":0}
05-20 10:52:18.978 D/PushMessageManager(26771): [null:-1]->has message : 0
05-20 10:52:18.986 D/PushMessageManager(26771): [null:-1]->sSentMessage not empty : 1
05-20 10:52:18.986 D/MDM :   (26771): [null:-1]->MSG_WEBSOCKET_MESSAGE : {"id":259995396,"type":0,"command":0,"result":0,"reason":0,"params":{"device":"00013fbc8ecec5b90000014613abe64a","message":"{\"cmd\":\"10119\"}"}}
05-20 10:52:19.002 D/MdmService(26771): [null:-1]->push message type :0
05-20 10:52:19.002 D/MdmService(26771): [null:-1]->cmdMessage : {"cmd":"10119"}
05-20 10:52:19.002 D/MdmService(26771): [null:-1]->command : PushCommandMsg{cmd='10119', msg='null'}
05-20 10:52:19.252 D/dalvikvm(26771): JIT unchain all for threadid=11
05-20 10:52:19.267 D/MdmService(26771): [null:-1]->MdmStatusManager is busy , wait......
05-20 10:52:19.267 D/ExchangeService(26771): !!! EAS ExchangeService, onStartCommand, startingUp = true, running = false
05-20 10:52:19.283 D/MDM :   (26771): [null:-1]->MSG_WEBSOCKET_MESSAGE : {"id":0,"type":1,"command":0,"result":0,"reason":0}
05-20 10:52:19.291 D/ExchangeService(26771): Reconciling accounts...
05-20 10:52:19.291 V/a       (26771): Bind requested for task reconcileAccounts
05-20 10:52:19.291 V/l       (26771): Bind requested for task setLogging
05-20 10:52:19.549 D/dalvikvm(26771): JIT unchain all for threadid=11
05-20 10:52:19.564 D/dalvikvm(26771): GC_CONCURRENT freed 592K, 6% free 10622K/11264K, paused 264ms+261ms, total 560ms
05-20 10:52:19.564 D/dalvikvm(26771): WAIT_FOR_CONCURRENT_GC blocked 271ms
05-20 10:52:19.564 D/dalvikvm(26771): WAIT_FOR_CONCURRENT_GC blocked 271ms
05-20 10:52:19.564 D/dalvikvm(26771): WAIT_FOR_CONCURRENT_GC blocked 271ms
05-20 10:52:19.564 D/dalvikvm(26771): WAIT_FOR_CONCURRENT_GC blocked 270ms
05-20 10:52:19.572 D/dalvikvm(26771): WAIT_FOR_CONCURRENT_GC blocked 283ms
05-20 10:52:19.572 D/dalvikvm(26771): WAIT_FOR_CONCURRENT_GC blocked 18ms
05-20 10:52:19.588 D/MdmService(26771): [null:-1]->push message type :1
05-20 10:52:19.588 D/PushMessageManager(26771): [null:-1]->remove sent message : 0
05-20 10:52:19.603 V/a       (26771): Waiting for task reconcileAccounts to complete...
05-20 10:52:19.603 D/PushMessageManager(26771): [null:-1]->sent message :{"params":{"device":"00013fbc8ecec5b90000014613abe64a","token":"123456"},"id":0,"command":0,"reason":0,"result":0,"type":0}
05-20 10:52:19.603 D/PushMessageManager(26771): [null:-1]->has message : 0
05-20 10:52:19.603 D/MDM :   (26771): [null:-1]->MSG_WEBSOCKET_MESSAGE : {"id":259995396,"type":0,"command":0,"result":0,"reason":0,"params":{"device":"00013fbc8ecec5b90000014613abe64a","message":"{\"cmd\":\"10119\"}"}}
05-20 10:52:19.611 D/MdmService(26771): [null:-1]->push message type :0
05-20 10:52:19.611 D/MdmService(26771): [null:-1]->cmdMessage : {"cmd":"10119"}
05-20 10:52:19.611 D/MdmService(26771): [null:-1]->command : PushCommandMsg{cmd='10119', msg='null'}
05-20 10:52:19.611 D/MdmService(26771): [null:-1]->MdmStatusManager is busy , wait......
05-20 10:52:19.611 V/l       (26771): Connected: com.pekall.exchange.ExchangeService
05-20 10:52:19.619 V/a       (26771): Connected: com.pekall.semail.service.AccountServiceInternal
05-20 10:52:19.619 V/l       (26771): Task setLogging completed; disconnecting
05-20 10:52:19.627 V/a       (26771): Task reconcileAccounts completed; disconnecting
05-20 10:52:19.627 V/a       (26771): Wait for reconcileAccounts finished in 70ms
05-20 10:52:19.635 D/ExchangeService(26771): !!! EAS ExchangeService, stopping self
05-20 10:52:19.635 D/ExchangeService(26771): !!! EAS ExchangeService, onDestroy
05-20 10:52:20.260 D/MDM :   (26771): [null:-1]->statusCode : 200
05-20 10:52:20.260 D/MDM :   (26771): [null:-1]->statusCode : 200
05-20 10:52:20.260 V/DEBUG   (26771): HTTP 1
05-20 10:52:20.260 D/MDM :   (26771): [null:-1]->read network input stream
05-20 10:52:20.267 D/MDM :   (26771): [null:-1]->Get joson string: <?xml version="1.0" encoding="UTF-8"?>
05-20 10:52:20.267 D/MDM :   (26771): <!DOCTYPE plist PUBLIC "-//Apple//DTD PLIST 1.0//EN" "http://www.apple.com/DTDs/PropertyList-1.0.dtd">
05-20 10:52:20.267 D/MDM :   (26771): <plist version="1.0">
05-20 10:52:20.267 D/MDM :   (26771): <dict>
05-20 10:52:20.267 D/MDM :   (26771): 	<key>CommandUUID</key>
05-20 10:52:20.267 D/MDM :   (26771): 	<string>ccfaca2a-a3f7-4113-87b2-abda23d0d9a4</string>
05-20 10:52:20.267 D/MDM :   (26771): 	<key>Command</key>
05-20 10:52:20.267 D/MDM :   (26771): 	<dict>
05-20 10:52:20.267 D/MDM :   (26771): 		<key>RequestType</key>
05-20 10:52:20.267 D/MDM :   (26771): 		<string>ManagedApplicationList</string>
05-20 10:52:20.267 D/MDM :   (26771): 	</dict>
05-20 10:52:20.267 D/MDM :   (26771): </dict>
05-20 10:52:20.267 D/MDM :   (26771): </plist>
05-20 10:52:20.517 D/dalvikvm(26771): JIT unchain all for threadid=11
05-20 10:52:20.533 D/MdmDatabaseHelper(26771): [null:-1]->update command 9a506dda-63aa-4737-b106-5d1aacba04df to status executed
05-20 10:52:20.799 D/dalvikvm(26771): JIT unchain all for threadid=11
05-20 10:52:20.806 D/CheckInTransInfo(26771): [null:-1]->CommandMsg : CommandMsg{CommandUUID='ccfaca2a-a3f7-4113-87b2-abda23d0d9a4', Command=CommandObject{RequestType='ManagedApplicationList'}}
05-20 10:52:20.814 D/dalvikvm(26771): GC_CONCURRENT freed 474K, 6% free 10642K/11264K, paused 255ms+263ms, total 547ms
05-20 10:52:20.838 D/NetworkThread(26771): [null:-1]->clear mCurrentTransInfo
05-20 10:52:20.838 D/NetworkThread(26771): [null:-1]->sendHttpPost:PostRequest, url: http://192.168.10.21/rest/mdm/v1/system/check_mdm_app, Params: [version:71][os:51201][pkg_name:com.pekall.emdm.launcher], 
05-20 10:52:20.838 D/HttpClient(26771): enable apache.http debug
05-20 10:52:20.846 V/DEBUG   (26771): HTTP 0
05-20 10:52:20.931 D/MdmService(26771): [null:-1]->handleCheckInResult
05-20 10:52:20.931 D/MdmService(26771): [null:-1]->handleCheckInResult result keyIndex: 3
05-20 10:52:20.939 D/CommandManager(26771): [null:-1]->execute command: CommandMsg{CommandUUID='ccfaca2a-a3f7-4113-87b2-abda23d0d9a4', Command=CommandObject{RequestType='ManagedApplicationList'}}
05-20 10:52:20.939 D/CommandManager(26771): [null:-1]->requestType: ManagedApplicationList
05-20 10:52:21.221 D/dalvikvm(26771): JIT unchain all for threadid=11
05-20 10:52:21.236 D/MDM :   (26771): [null:-1]->statusCode : 200
05-20 10:52:21.236 D/MDM :   (26771): [null:-1]->statusCode : 200
05-20 10:52:21.236 V/DEBUG   (26771): HTTP 1
05-20 10:52:21.244 D/MDM :   (26771): [null:-1]->read network input stream
05-20 10:52:21.260 W/Parcel  ( 1661): Attempt to read object from Parcel 0x5ded3dac at offset 200 that is not in the object list
05-20 10:52:21.510 D/dalvikvm(26771): JIT unchain all for threadid=11
05-20 10:52:21.517 D/dalvikvm(26771): GC_CONCURRENT freed 550K, 6% free 10662K/11264K, paused 262ms+257ms, total 550ms
05-20 10:52:21.517 D/dalvikvm(26771): WAIT_FOR_CONCURRENT_GC blocked 4ms
05-20 10:52:21.517 D/dalvikvm(26771): WAIT_FOR_CONCURRENT_GC blocked 276ms
05-20 10:52:21.525 D/dalvikvm(26771): WAIT_FOR_CONCURRENT_GC blocked 6ms
05-20 10:52:21.525 D/MDM :   (26771): [null:-1]->Get joson string: {"result":0,"mdmClientInfos":{"id":25,"type":51107,"url":"https://test.mdm.everknow.cn/resources/api/v1/download/guest?uuid=43adbcaab07e4c5ff59175e84dce","pkgName":"com.pekall.emdm.launcher","platform":51201,"comId":1,"appVersionCode":72,"appVersionName":"BYOD_2.1.0424","appAuthor":null,"appIcon":null,"appName":"Pekall enterprise mobile office","appSize":null,"minSdk":null,"updateTime":1398754856000,"forceUpdate":0,"updateInfo":null,"new":false}}
05-20 10:52:21.541 D/NetworkThread(26771): [null:-1]->clear mCurrentTransInfo
05-20 10:52:21.541 D/NetworkThread(26771): [null:-1]->queue is empty, thread wait...
05-20 10:52:21.541 D/MdmDatabaseHelper(26771): [null:-1]->update command ccfaca2a-a3f7-4113-87b2-abda23d0d9a4 to commandStatus <?xml version="1.0" encoding="UTF-8"?>
05-20 10:52:21.541 D/MdmDatabaseHelper(26771): <!DOCTYPE plist PUBLIC "-//Apple//DTD PLIST 1.0//EN" "http://www.apple.com/DTDs/PropertyList-1.0.dtd">
05-20 10:52:21.541 D/MdmDatabaseHelper(26771): <plist version="1.0">
05-20 10:52:21.541 D/MdmDatabaseHelper(26771): <dict>
05-20 10:52:21.541 D/MdmDatabaseHelper(26771): 	<key>ManagedApplicationList</key>
05-20 10:52:21.541 D/MdmDatabaseHelper(26771): 	<dict>
05-20 10:52:21.541 D/MdmDatabaseHelper(26771): 	</dict>
05-20 10:52:21.541 D/MdmDatabaseHelper(26771): 	<key>CommandUUID</key>
05-20 10:52:21.541 D/MdmDatabaseHelper(26771): 	<string>ccfaca2a-a3f7-4113-87b2-abda23d0d9a4</string>
05-20 10:52:21.541 D/MdmDatabaseHelper(26771): 	<key>Status</key>
05-20 10:52:21.541 D/MdmDatabaseHelper(26771): 	<string>Acknowledged</string>
05-20 10:52:21.541 D/MdmDatabaseHelper(26771): 	<key>UDID</key>
05-20 10:52:21.541 D/MdmDatabaseHelper(26771): 	<string>00013fbc8ecec5b90000014613abe64a</string>
05-20 10:52:21.541 D/MdmDatabaseHelper(26771): </dict>
05-20 10:52:21.541 D/MdmDatabaseHelper(26771): </plist>
05-20 10:52:21.572 I/TransInfo(26771): TransInfo created, id: 3, class: class com.pekall.emdm.transaction.c.b
05-20 10:52:21.572 D/NetworkThread(26771): [null:-1]->----isRunning-----true
05-20 10:52:21.580 D/NetworkThread(26771): [null:-1]->----isRunning-----true
05-20 10:52:21.580 D/NetworkThread(26771): [null:-1]->thread wakeup
05-20 10:52:21.580 D/NetworkThread(26771): [null:-1]->sendHttpPost:PostRequest, url: http://192.168.10.21/rest/mdm/v1/ios/android_server, Params: [content:<?xml version="1.0" encoding="UTF-8"?>
05-20 10:52:21.580 D/NetworkThread(26771): <!DOCTYPE plist PUBLIC "-//Apple//DTD PLIST 1.0//EN" "http://www.apple.com/DTDs/PropertyList-1.0.dtd">
05-20 10:52:21.580 D/NetworkThread(26771): <plist version="1.0">
05-20 10:52:21.580 D/NetworkThread(26771): <dict>
05-20 10:52:21.580 D/NetworkThread(26771): 	<key>ManagedApplicationList</key>
05-20 10:52:21.580 D/NetworkThread(26771): 	<dict>
05-20 10:52:21.580 D/NetworkThread(26771): 	</dict>
05-20 10:52:21.580 D/NetworkThread(26771): 	<key>CommandUUID</key>
05-20 10:52:21.580 D/NetworkThread(26771): 	<string>ccfaca2a-a3f7-4113-87b2-abda23d0d9a4</string>
05-20 10:52:21.580 D/NetworkThread(26771): 	<key>Status</key>
05-20 10:52:21.580 D/NetworkThread(26771): 	<string>Acknowledged</string>
05-20 10:52:21.580 D/NetworkThread(26771): 	<key>UDID</key>
05-20 10:52:21.580 D/NetworkThread(26771): 	<string>00013fbc8ecec5b90000014613abe64a</string>
05-20 10:52:21.580 D/NetworkThread(26771): </dict>
05-20 10:52:21.580 D/NetworkThread(26771): </plist>], 
05-20 10:52:21.580 D/HttpClient(26771): enable apache.http debug
05-20 10:52:21.580 V/DEBUG   (26771): HTTP 0
05-20 10:52:21.877 D/dalvikvm(26771): JIT unchain all for threadid=11
05-20 10:52:21.885 W/Parcel  ( 1661): Attempt to read object from Parcel 0x6003bdac at offset 200 that is not in the object list
05-20 10:52:21.885 W/ActivityManager(  374): Unable to start service Intent { act=pekall.intent.action.DOWNLOAD_APP (has extras) } U=0: not found
05-20 10:52:22.150 D/dalvikvm(26771): JIT unchain all for threadid=11
05-20 10:52:22.158 D/dalvikvm(26771): GC_CONCURRENT freed 502K, 6% free 10651K/11264K, paused 255ms+256ms, total 533ms
05-20 10:52:22.174 D/MDM :   (26771): [null:-1]->statusCode : 200
05-20 10:52:22.174 D/MDM :   (26771): [null:-1]->statusCode : 200
05-20 10:52:22.174 V/DEBUG   (26771): HTTP 1
05-20 10:52:22.181 D/MDM :   (26771): [null:-1]->read network input stream
05-20 10:52:22.181 D/MDM :   (26771): [null:-1]->Get joson string: <?xml version="1.0" encoding="UTF-8"?>
05-20 10:52:22.181 D/MDM :   (26771): <!DOCTYPE plist PUBLIC "-//Apple//DTD PLIST 1.0//EN" "http://www.apple.com/DTDs/PropertyList-1.0.dtd">
05-20 10:52:22.181 D/MDM :   (26771): <plist version="1.0">
05-20 10:52:22.181 D/MDM :   (26771): <dict>
05-20 10:52:22.181 D/MDM :   (26771): 	<key>CommandUUID</key>
05-20 10:52:22.181 D/MDM :   (26771): 	<string>281578f2-9691-4930-9517-4c1fdc3581f9</string>
05-20 10:52:22.181 D/MDM :   (26771): 	<key>Command</key>
05-20 10:52:22.181 D/MDM :   (26771): 	<dict>
05-20 10:52:22.181 D/MDM :   (26771): 		<key>RequestType</key>
05-20 10:52:22.181 D/MDM :   (26771): 		<string>InstalledApplicationList</string>
05-20 10:52:22.181 D/MDM :   (26771): 	</dict>
05-20 10:52:22.181 D/MDM :   (26771): </dict>
05-20 10:52:22.181 D/MDM :   (26771): </plist>
05-20 10:52:22.189 D/MdmDatabaseHelper(26771): [null:-1]->update command ccfaca2a-a3f7-4113-87b2-abda23d0d9a4 to status executed
05-20 10:52:22.221 D/CheckInTransInfo(26771): [null:-1]->CommandMsg : CommandMsg{CommandUUID='281578f2-9691-4930-9517-4c1fdc3581f9', Command=CommandObject{RequestType='InstalledApplicationList'}}
05-20 10:52:22.244 D/NetworkThread(26771): [null:-1]->clear mCurrentTransInfo
05-20 10:52:22.244 D/NetworkThread(26771): [null:-1]->queue is empty, thread wait...
05-20 10:52:22.346 D/MdmService(26771): [null:-1]->handleCheckInResult
05-20 10:52:22.346 D/MdmService(26771): [null:-1]->handleCheckInResult result keyIndex: 3
05-20 10:52:22.346 D/CommandManager(26771): [null:-1]->execute command: CommandMsg{CommandUUID='281578f2-9691-4930-9517-4c1fdc3581f9', Command=CommandObject{RequestType='InstalledApplicationList'}}
05-20 10:52:22.635 D/dalvikvm(26771): JIT unchain all for threadid=11
05-20 10:52:22.916 D/dalvikvm(26771): JIT unchain all for threadid=11
05-20 10:52:22.924 D/dalvikvm(26771): GC_CONCURRENT freed 349K, 5% free 10791K/11264K, paused 255ms+257ms, total 534ms
05-20 10:52:22.994 D/CommandManager(26771): [null:-1]->requestType: InstalledApplicationList
05-20 10:52:23.041 W/Parcel  ( 1661): Attempt to read object from Parcel 0x5ec3bdac at offset 200 that is not in the object list
05-20 10:52:23.338 D/dalvikvm(26771): JIT unchain all for threadid=11
05-20 10:52:23.619 D/dalvikvm(26771): JIT unchain all for threadid=11
05-20 10:52:23.627 D/dalvikvm(26771): GC_CONCURRENT freed 617K, 6% free 10700K/11380K, paused 256ms+258ms, total 539ms
05-20 10:52:23.892 D/dalvikvm(26771): JIT unchain all for threadid=11
05-20 10:52:23.916 D/dalvikvm(26771): GC_FOR_ALLOC freed 31K, 7% free 10695K/11380K, paused 274ms, total 274ms
05-20 10:52:23.916 I/dalvikvm-heap(26771): Grow heap (frag case) to 10.516MB for 37406-byte allocation
05-20 10:52:24.174 D/dalvikvm(26771): JIT unchain all for threadid=11
05-20 10:52:24.189 D/dalvikvm(26771): GC_FOR_ALLOC freed 24K, 7% free 10708K/11420K, paused 274ms, total 274ms
05-20 10:52:24.486 D/dalvikvm(26771): JIT unchain all for threadid=11
05-20 10:52:24.517 D/dalvikvm(26771): GC_FOR_ALLOC freed 36K, 7% free 10720K/11420K, paused 275ms, total 275ms
05-20 10:52:24.517 I/dalvikvm-heap(26771): Grow heap (frag case) to 10.558MB for 56104-byte allocation
05-20 10:52:24.767 D/dalvikvm(26771): JIT unchain all for threadid=11
05-20 10:52:24.799 D/dalvikvm(26771): GC_FOR_ALLOC freed 36K, 7% free 10738K/11476K, paused 280ms, total 280ms
05-20 10:52:25.072 D/dalvikvm(26771): JIT unchain all for threadid=11
05-20 10:52:25.096 D/dalvikvm(26771): GC_FOR_ALLOC freed 9K, 7% free 10741K/11476K, paused 274ms, total 274ms
05-20 10:52:25.096 I/dalvikvm-heap(26771): Grow heap (frag case) to 10.565MB for 41174-byte allocation
05-20 10:52:25.346 D/dalvikvm(26771): JIT unchain all for threadid=11
05-20 10:52:25.369 D/dalvikvm(26771): GC_FOR_ALLOC freed 0K, 7% free 10781K/11520K, paused 275ms, total 275ms
05-20 10:52:25.619 D/dalvikvm(26771): JIT unchain all for threadid=11
05-20 10:52:25.650 D/dalvikvm(26771): GC_FOR_ALLOC freed 54K, 7% free 10727K/11520K, paused 278ms, total 278ms
05-20 10:52:25.900 D/dalvikvm(26771): JIT unchain all for threadid=11
05-20 10:52:25.931 D/dalvikvm(26771): GC_FOR_ALLOC freed 104K, 7% free 10718K/11520K, paused 279ms, total 280ms
05-20 10:52:26.189 D/dalvikvm(26771): JIT unchain all for threadid=11
05-20 10:52:26.213 D/dalvikvm(26771): GC_FOR_ALLOC freed 136K, 8% free 10663K/11520K, paused 278ms, total 278ms
05-20 10:52:26.213 D/MdmDatabaseHelper(26771): [null:-1]->update command 281578f2-9691-4930-9517-4c1fdc3581f9 to commandStatus <?xml version="1.0" encoding="UTF-8"?>
05-20 10:52:26.213 D/MdmDatabaseHelper(26771): <!DOCTYPE plist PUBLIC "-//Apple//DTD PLIST 1.0//EN" "http://www.apple.com/DTDs/PropertyList-1.0.dtd">
05-20 10:52:26.213 D/MdmDatabaseHelper(26771): <plist version="1.0">
05-20 10:52:26.213 D/MdmDatabaseHelper(26771): <dict>
05-20 10:52:26.213 D/MdmDatabaseHelper(26771): 	<key>InstalledApplicationList</key>
05-20 10:52:26.213 D/MdmDatabaseHelper(26771): 	<array>
05-20 10:52:26.213 D/MdmDatabaseHelper(26771): 		<dict>
05-20 10:52:26.213 D/MdmDatabaseHelper(26771): 			<key>AppPermissions</key>
05-20 10:52:26.213 D/MdmDatabaseHelper(26771): 			<array>
05-20 10:52:26.213 D/MdmDatabaseHelper(26771): 				<string>android.permission.READ_LOGS</string>
05-20 10:52:26.213 D/MdmDatabaseHelper(26771): 				<string>android.permission.WRITE_EXTERNAL_STORAGE</string>
05-20 10:52:26.213 D/MdmDatabaseHelper(26771): 				<string>com.qihoo.root.RESPOND</string>
05-20 10:52:26.213 D/MdmDatabaseHelper(26771): 				<string>com.qihoo.root.provider.READ</string>
05-20 10:52:26.213 D/MdmDatabaseHelper(26771): 				<string>com.qihoo.root.provider.WRITE</string>
05-20 10:52:26.213 D/MdmDatabaseHelper(26771): 				<string>android.permission.INTERNET</string>
05-20 10:52:26.213 D/MdmDatabaseHelper(26771): 				<string>android.permission.ACCESS_NETWORK_STATE</string>
05-20 10:52:26.213 D/MdmDatabaseHelper(26771): 				<string>android.permission.INSTALL_PACKAGES</string>
05-20 10:52:26.213 D/MdmDatabaseHelper(26771): 				<string>android.permission.KILL_BACKGROUND_PROCESSES</string>
05-20 10:52:26.213 D/MdmDatabaseHelper(26771): 				<string>android.permission.RESTART_PACKAGES</string>
05-20 10:52:26.213 D/MdmDatabaseHelper(26771): 				<string>android.permission.READ_PHONE_STATE</string>
05-20 10:52:26.213 D/MdmDatabaseHelper(26771): 				<string>android.permission.DELETE_PACKAGES</string>
05-20 10:52:26.213 D/MdmDatabaseHelper(26771): 				<string>android.permission.READ_EXTERNAL_STORAGE</string>
05-20 10:52:26.213 D/MdmDatabaseHelper(26771): 			</array>
05-20 10:52:26.213 D/MdmDatabaseHelper(26771): 			<key>Version</key>
05-20 10:52:26.213 D/MdmDatabaseHelper(26771): 			<string>7</string>
05-20 10:52:26.213 D/MdmDatabaseHelper(26771): 			<key>ShortVersion</key>
05-20 10:52:26.213 D/MdmDatabaseHelper(26771): 			<string>6.0.1</string>
05-20 10:52:26.213 D/MdmDatabaseHelper(26771): 			<key>Identifier</key>
05-20 10:52:26.213 D/MdmDatabaseHelper(26771): 			<string>com.qihoo.root</string>
05-20 10:52:26.213 D/MdmDatabaseHelper(26771): 			<key>Name</key>
05-20 10:52:26.213 D/MdmDatabaseHelper(26771): 			<string>360</string>
05-20 10:52:26.213 D/MdmDatabaseHelper(26771): 			<key>DynamicSize</key>
05-20 10:52:26.213 D/MdmDatabaseHelper(26771): 			<integer>0</integer>
05-20 10:52:26.213 D/MdmDatabaseHelper(26771): 			<key>BundleSize</key>
05-20 10:52:26.213 D/MdmDatabaseHelper(26771): 			<integer>0</integer>
05-20 10:52:26.213 D/MdmDatabaseHelper(26771): 		</dict>
05-20 10:52:26.213 D/MdmDatabaseHelper(26771): 		<dict>
05-20 10:52:26.213 D/MdmDatabaseHelper(26771): 			<key>AppPermissions</key>
05-20 10:52:26.213 D/MdmDatabaseHelper(26771): 			<array>
05-20 10:52:26.213 D/MdmDatabaseHelper(26771): 				<string>android.permission.ACCESS_FINE_LOCATION</string>
05-20 10:52:26.213 D/MdmDatabaseHelper(26771): 				<string>android.permission.ACCESS_COARSE_LOCATION</string>
05-20 10:52:26.213 D/MdmDatabaseHelper(26771): 				<string>android.permission.SYSTEM_ALERT_WINDOW</string>
05-20 10:52:26.213 D/MdmDatabaseHelper(26771): 				<string>android.permission.RECEIVE_BOOT_COMPLETED</string>
05-20 10:52:26.213 D/MdmDatabaseHelper(26771): 				<string>android.permission.CALL_PHONE</string>
05-20 10:52:26.213 D/MdmDatabaseHelper(26771): 				<string>android.permission.PROCESS_OUTGOING_CALLS</string>
05-20 10:52:26.213 D/MdmDatabaseHelper(26771): 				<string>android.permission.READ_CONTACTS</string>
05-20 10:52:26.213 D/MdmDatabaseHelper(26771): 				<string>android.permission.WRITE_CONTACTS</string>
05-20 10:52:26.213 D/MdmDatabaseHelper(26771): 				<string>android.permission.RECEIVE_SMS</string>
05-20 10:52:26.213 D/MdmDatabaseHelper(26771): 				<string>android.permission.RECEIVE_MMS</string>
05-20 10:52:26.213 D/MdmDatabaseHelper(26771): 				<string>android.permission.RECEIVE_WAP_PUSH</string>
05-20 10:52:26.213 D/MdmDatabaseHelper(26771): 				<string>android.permission.INTERNET</string>
05-20 10:52:26.213 D/MdmDatabaseHelper(26771): 				<string>android.permission.SEND_SMS</string>
05-20 10:52:26.213 D/MdmDatabaseHelper(26771): 				<string>android.permission.READ_SMS</string>
05-20 10:52:26.213 D/MdmDatabaseHelper(26771): 				<string>android.permission.WRITE_SMS</string>
05-20 10:52:26.213 D/MdmDatabaseHelper(26771): 				<string>android.permission.READ_CALL_LOG</string>
05-20 10:52:26.213 D/MdmDatabaseHelper(26771): 				<string>android.permission.WRITE_CALL_LOG</string>
05-20 10:52:26.213 D/MdmDatabaseHelper(26771): 				<string>android.permission.ACCESS_NETWORK_STATE</string>
05-20 10:52:26.213 D/MdmDatabaseHelper(26771): 				<string>android.permission.READ_PHONE_STATE</string>
05-20 10:52:26.213 D/MdmDatabaseHelper(26771): 				<string>android.permission.MODIFY_PHONE_STATE</string>
05-20 10:52:26.213 D/MdmDatabaseHelper(26771): 				<string>android.permission.MODIFY_AUDIO_SETTINGS</string>
05-20 10:52:26.213 D/MdmDatabaseHelper(26771): 				<string>android.permission.VIBRATE</string>
05-20 10:52:26.213 D/MdmDatabaseHelper(26771): 				<string>android.permission.BATTERY_STATS</string>
05-20 10:52:26.213 D/MdmDatabaseHelper(26771): 				<string>android.permission.GET_PACKAGE_SIZE</string>
05-20 10:52:26.213 D/MdmDatabaseHelper(26771): 				<string>com.android.launcher.permission.READ_SETTINGS</string>
05-20 10:52:26.213 D/MdmDatabaseHelper(26771): 				<string>android.permission.WAKE_LOCK</string>
05-20 10:52:26.213 D/MdmDatabaseHelper(26771): 				<string>android.permission.CHANGE_NETWORK_STATE</string>
05-20 10:52:26.213 D/MdmDatabaseHelper(26771): 				<string>android.permission.WRITE_EXTERNAL_STORAGE</string>
05-20 10:52:26.213 D/MdmDatabaseHelper(26771): 				<string>android.permission.RESTART_PACKAGES</string>
05-20 10:52:26.213 D/MdmDatabaseHelper(26771): 				<string>android.permission.CHANGE_WIFI_STATE</string>
05-20 10:52:26.213 D/MdmDatabaseHelper(26771): 				<string>android.permission.WRITE_SETTINGS</string>
05-20 10:52:26.213 D/MdmDatabaseHelper(26771): 				<string>android.permission.WRITE_SECURE_SETTINGS</string>
05-20 10:52:26.213 D/MdmDatabaseHelper(26771): 				<string>android.permission.READ_SYNC_SETTINGS</string>
05-20 10:52:26.213 D/MdmDatabaseHelper(26771): 				<string>android.permission.WRITE_SYNC_SETTINGS</string>
05-20 10:52:26.213 D/MdmDatabaseHelper(26771): 				<string>android.permission.WRITE_APN_SETTINGS</string>
05-20 10:52:26.213 D/MdmDatabaseHelper(26771): 				<string>android.permission.BLUETOOTH_ADMIN</string>
05-20 10:52:26.213 D/MdmDatabaseHelper(26771): 				<string>android.permission.RECORD_AUDIO</string>
05-20 10:52:26.213 D/MdmDatabaseHelper(26771): 				<string>android.permission.READ_LOGS</string>
05-20 10:52:26.213 D/MdmDatabaseHelper(26771): 				<string>com.android.launcher.permission.INSTALL_SHORTCUT</string>
05-20 10:52:26.213 D/MdmDatabaseHelper(26771): 				<string>com.android.launcher.permission.UNINSTALL_SHORTCUT</string>
05-20 10:52:26.213 D/MdmDatabaseHelper(26771): 				<string>android.permission.ACCESS_WIFI_STATE</string>
