05-20 10:25:33.127 W/MountService(  374): getVolumeState(/mnt/extrasd_bind): Unknown volume
05-20 10:25:33.127 W/MountService(  374): getVolumeState(/mnt/sdcard/ext_sd): Unknown volume
05-20 10:25:33.127 W/MountService(  374): getVolumeState(/storage/extSdCard): Unknown volume
05-20 10:25:33.127 W/MountService(  374): getVolumeState(/storage/sdcard1): Unknown volume
05-20 10:25:33.127 W/MountService(  374): getVolumeState(/mnt/sdcard/external_SD): Unknown volume
05-20 10:25:33.127 W/MountService(  374): getVolumeState(/mnt/sdcard/external_sd): Unknown volume
05-20 10:25:33.431 W/MountService(  374): getVolumeState(/storage/emulated/0/external_sd): Unknown volume
05-20 10:25:33.431 W/MountService(  374): getVolumeState(/mnt/sdcard-ext): Unknown volume
05-20 10:25:33.431 W/MountService(  374): getVolumeState(/mnt/ext_sdcard): Unknown volume
05-20 10:25:33.431 W/MountService(  374): getVolumeState(/mnt/sdcard2): Unknown volume
05-20 10:25:33.431 W/MountService(  374): getVolumeState(/mnt/emmc): Unknown volume
05-20 10:25:33.431 W/MountService(  374): getVolumeState(/mnt/extSdCard): Unknown volume
05-20 10:25:33.431 W/MountService(  374): getVolumeState(/mnt/sdcard/SD_CARD): Unknown volume
05-20 10:25:33.439 W/MountService(  374): getVolumeState(/mnt/sdcard/extra_sd): Unknown volume
05-20 10:25:33.439 W/MountService(  374): getVolumeState(/mnt/extrasd_bind): Unknown volume
05-20 10:25:33.439 W/MountService(  374): getVolumeState(/mnt/sdcard/ext_sd): Unknown volume
05-20 10:25:33.439 W/MountService(  374): getVolumeState(/storage/extSdCard): Unknown volume
05-20 10:25:33.439 W/MountService(  374): getVolumeState(/storage/sdcard1): Unknown volume
05-20 10:25:33.439 W/MountService(  374): getVolumeState(/mnt/sdcard/external_SD): Unknown volume
05-20 10:25:33.439 W/MountService(  374): getVolumeState(/mnt/sdcard/external_sd): Unknown volume
05-20 10:26:33.166 W/MountService(  374): getVolumeState(/storage/emulated/0/external_sd): Unknown volume
05-20 10:26:33.166 W/MountService(  374): getVolumeState(/mnt/sdcard-ext): Unknown volume
05-20 10:26:33.166 W/MountService(  374): getVolumeState(/mnt/ext_sdcard): Unknown volume
05-20 10:26:33.166 W/MountService(  374): getVolumeState(/mnt/sdcard2): Unknown volume
05-20 10:26:33.166 W/MountService(  374): getVolumeState(/mnt/emmc): Unknown volume
05-20 10:26:33.166 W/MountService(  374): getVolumeState(/mnt/extSdCard): Unknown volume
05-20 10:26:33.166 W/MountService(  374): getVolumeState(/mnt/sdcard/SD_CARD): Unknown volume
05-20 10:26:33.166 W/MountService(  374): getVolumeState(/mnt/sdcard/extra_sd): Unknown volume
05-20 10:26:33.166 W/MountService(  374): getVolumeState(/mnt/extrasd_bind): Unknown volume
05-20 10:26:33.166 W/MountService(  374): getVolumeState(/mnt/sdcard/ext_sd): Unknown volume
05-20 10:26:33.166 W/MountService(  374): getVolumeState(/storage/extSdCard): Unknown volume
05-20 10:26:33.166 W/MountService(  374): getVolumeState(/storage/sdcard1): Unknown volume
05-20 10:26:33.166 W/MountService(  374): getVolumeState(/mnt/sdcard/external_SD): Unknown volume
05-20 10:26:33.166 W/MountService(  374): getVolumeState(/mnt/sdcard/external_sd): Unknown volume
05-20 10:26:33.463 W/MountService(  374): getVolumeState(/storage/emulated/0/external_sd): Unknown volume
05-20 10:26:33.471 W/MountService(  374): getVolumeState(/mnt/sdcard-ext): Unknown volume
05-20 10:26:33.471 W/MountService(  374): getVolumeState(/mnt/ext_sdcard): Unknown volume
05-20 10:26:33.471 W/MountService(  374): getVolumeState(/mnt/sdcard2): Unknown volume
05-20 10:26:33.471 W/MountService(  374): getVolumeState(/mnt/emmc): Unknown volume
05-20 10:26:33.471 W/MountService(  374): getVolumeState(/mnt/extSdCard): Unknown volume
05-20 10:26:33.471 W/MountService(  374): getVolumeState(/mnt/sdcard/SD_CARD): Unknown volume
05-20 10:26:33.471 W/MountService(  374): getVolumeState(/mnt/sdcard/extra_sd): Unknown volume
05-20 10:26:33.471 W/MountService(  374): getVolumeState(/mnt/extrasd_bind): Unknown volume
05-20 10:26:33.471 W/MountService(  374): getVolumeState(/mnt/sdcard/ext_sd): Unknown volume
05-20 10:26:33.471 W/MountService(  374): getVolumeState(/storage/extSdCard): Unknown volume
05-20 10:26:33.478 W/MountService(  374): getVolumeState(/storage/sdcard1): Unknown volume
05-20 10:26:33.478 W/MountService(  374): getVolumeState(/mnt/sdcard/external_SD): Unknown volume
05-20 10:26:33.478 W/MountService(  374): getVolumeState(/mnt/sdcard/external_sd): Unknown volume
05-20 10:26:57.799 I/PowerManagerService(  374): Waking up from sleep...
05-20 10:26:57.861 I/WindowManager(  374): Lock screen displayed!
05-20 10:26:58.025 I/ActivityManager(  374): Start proc com.qihoo.appstore for service com.qihoo.appstore/.express.DownloadCoreService: pid=24876 uid=10064 gids={50064, 3003, 1015, 3002, 1006, 3001, 1028}
05-20 10:26:59.174 D/PhoneStatusBar(  448): disable: < expand icons alerts ticker system_info BACK HOME recent* CLOCK search* >
05-20 10:26:59.275 D/PhoneStatusBar(  448): disable: < expand icons alerts ticker system_info back* home* recent clock* search >
05-20 10:26:59.283 W/InputMethodManagerService(  374): Window already focused, ignoring focus gain of: com.android.internal.view.IInputMethodClient$Stub$Proxy@4263f910 attribute=android.view.inputmethod.EditorInfo@43003c80, token = android.os.BinderProxy@42d78210
05-20 10:27:32.955 I/PowerManagerService(  374): Going to sleep due to screen timeout...
05-20 10:27:33.189 W/MountService(  374): getVolumeState(/storage/emulated/0/external_sd): Unknown volume
05-20 10:27:33.197 W/MountService(  374): getVolumeState(/mnt/sdcard-ext): Unknown volume
05-20 10:27:33.197 W/MountService(  374): getVolumeState(/mnt/ext_sdcard): Unknown volume
05-20 10:27:33.197 W/MountService(  374): getVolumeState(/mnt/sdcard2): Unknown volume
05-20 10:27:33.197 W/MountService(  374): getVolumeState(/mnt/emmc): Unknown volume
05-20 10:27:33.197 W/MountService(  374): getVolumeState(/mnt/extSdCard): Unknown volume
05-20 10:27:33.197 W/MountService(  374): getVolumeState(/mnt/sdcard/SD_CARD): Unknown volume
05-20 10:27:33.197 W/MountService(  374): getVolumeState(/mnt/sdcard/extra_sd): Unknown volume
05-20 10:27:33.197 W/MountService(  374): getVolumeState(/mnt/extrasd_bind): Unknown volume
05-20 10:27:33.197 W/MountService(  374): getVolumeState(/mnt/sdcard/ext_sd): Unknown volume
05-20 10:27:33.197 W/MountService(  374): getVolumeState(/storage/extSdCard): Unknown volume
05-20 10:27:33.197 W/MountService(  374): getVolumeState(/storage/sdcard1): Unknown volume
05-20 10:27:33.197 W/MountService(  374): getVolumeState(/mnt/sdcard/external_SD): Unknown volume
05-20 10:27:33.197 W/MountService(  374): getVolumeState(/mnt/sdcard/external_sd): Unknown volume
05-20 10:27:33.510 W/MountService(  374): getVolumeState(/storage/emulated/0/external_sd): Unknown volume
05-20 10:27:33.510 W/MountService(  374): getVolumeState(/mnt/sdcard-ext): Unknown volume
05-20 10:27:33.510 W/MountService(  374): getVolumeState(/mnt/ext_sdcard): Unknown volume
05-20 10:27:33.510 W/MountService(  374): getVolumeState(/mnt/sdcard2): Unknown volume
05-20 10:27:33.510 W/MountService(  374): getVolumeState(/mnt/emmc): Unknown volume
05-20 10:27:33.510 W/MountService(  374): getVolumeState(/mnt/extSdCard): Unknown volume
05-20 10:27:33.510 W/MountService(  374): getVolumeState(/mnt/sdcard/SD_CARD): Unknown volume
05-20 10:27:33.510 W/MountService(  374): getVolumeState(/mnt/sdcard/extra_sd): Unknown volume
05-20 10:27:33.517 W/MountService(  374): getVolumeState(/mnt/extrasd_bind): Unknown volume
05-20 10:27:33.517 W/MountService(  374): getVolumeState(/mnt/sdcard/ext_sd): Unknown volume
05-20 10:27:33.517 W/MountService(  374): getVolumeState(/storage/extSdCard): Unknown volume
05-20 10:27:33.517 W/MountService(  374): getVolumeState(/storage/sdcard1): Unknown volume
05-20 10:27:33.517 W/MountService(  374): getVolumeState(/mnt/sdcard/external_SD): Unknown volume
05-20 10:27:33.517 W/MountService(  374): getVolumeState(/mnt/sdcard/external_sd): Unknown volume
05-20 10:27:38.697 D/PhoneStatusBar(  448): disable: < expand icons alerts ticker system_info back home RECENT* clock SEARCH* >
05-20 10:27:38.783 D/PhoneStatusBar(  448): disable: < expand icons alerts ticker system_info BACK* HOME* RECENT CLOCK* SEARCH >
05-20 10:27:52.846 I/PowerManagerService(  374): Waking up from sleep...
05-20 10:27:52.892 I/WindowManager(  374): Lock screen displayed!
05-20 10:27:54.119 D/PhoneStatusBar(  448): disable: < expand icons alerts ticker system_info BACK HOME recent* CLOCK search* >
05-20 10:27:54.205 D/PhoneStatusBar(  448): disable: < expand icons alerts ticker system_info back* home* recent clock* search >
05-20 10:27:54.213 W/InputMethodManagerService(  374): Window already focused, ignoring focus gain of: com.android.internal.view.IInputMethodClient$Stub$Proxy@42c743f0 attribute=android.view.inputmethod.EditorInfo@42b12450, token = android.os.BinderProxy@42942f70
05-20 10:28:10.486 I/ActivityManager(  374): START u0 {act=android.intent.action.MAIN cat=[android.intent.category.LAUNCHER] flg=0x10200000 cmp=com.pekall.emdm.launcher/.Launcher} from pid 576
05-20 10:28:11.627 I/ActivityManager(  374): Process android.process.acore (pid 24652) has died.
05-20 10:28:23.728 I/ActivityManager(  374): START u0 {act=com.pekall.emdm.launcher.action.launcheraction flg=0x10000000 cmp=com.pekall.emdm.launcher/.CustomShirtcutActivity bnds=[293,1078][426,1174] (has extras)} from pid 12519
05-20 10:28:24.181 W/InputMethodManagerService(  374): Window already focused, ignoring focus gain of: com.android.internal.view.IInputMethodClient$Stub$Proxy@426adf48 attribute=android.view.inputmethod.EditorInfo@4283afc8, token = android.os.BinderProxy@4267cb00
05-20 10:28:26.767 I/ActivityManager(  374): START u0 {flg=0x10000000 cmp=com.pekall.emdm.launcher/com.pekall.emdm.messagecenter.activity.MessageMainActivity} from pid 12519
05-20 10:28:29.635 W/DisplayManagerService(  374): Failed to notify process 1412 that displays changed, assuming it died.
05-20 10:28:29.635 W/DisplayManagerService(  374): android.os.TransactionTooLargeException
05-20 10:28:29.635 W/DisplayManagerService(  374): 	at android.os.BinderProxy.transact(Native Method)
05-20 10:28:29.635 W/DisplayManagerService(  374): 	at android.hardware.display.IDisplayManagerCallback$Stub$Proxy.onDisplayEvent(IDisplayManagerCallback.java:81)
05-20 10:28:29.635 W/DisplayManagerService(  374): 	at com.android.server.display.DisplayManagerService$CallbackRecord.notifyDisplayEventAsync(DisplayManagerService.java:1072)
05-20 10:28:29.635 W/DisplayManagerService(  374): 	at com.android.server.display.DisplayManagerService.deliverDisplayEvent(DisplayManagerService.java:899)
05-20 10:28:29.635 W/DisplayManagerService(  374): 	at com.android.server.display.DisplayManagerService.access$300(DisplayManagerService.java:89)
05-20 10:28:29.635 W/DisplayManagerService(  374): 	at com.android.server.display.DisplayManagerService$DisplayManagerHandler.handleMessage(DisplayManagerService.java:1007)
05-20 10:28:29.635 W/DisplayManagerService(  374): 	at android.os.Handler.dispatchMessage(Handler.java:99)
05-20 10:28:29.635 W/DisplayManagerService(  374): 	at android.os.Looper.loop(Looper.java:137)
05-20 10:28:29.635 W/DisplayManagerService(  374): 	at android.os.HandlerThread.run(HandlerThread.java:61)
05-20 10:28:29.642 I/ActivityManager(  374): Config changes=1480 {1.0 999mcc?mnc en_US ldltr sw360dp w598dp h335dp 320dpi nrml land finger -keyb/v/h -nav/h s.10}
05-20 10:28:29.892 I/ActivityManager(  374): Start proc android.process.acore for content provider com.android.providers.contacts/.ContactsProvider2: pid=24952 uid=10000 gids={50000, 3003, 1015, 1028}
05-20 10:28:30.080 I/WindowManager(  374): Screen frozen for +494ms due to Window{42c76f20 u0 com.pekall.emdm.launcher/com.pekall.emdm.messagecenter.activity.MessageMainActivity}
05-20 10:28:31.174 I/ActivityManager(  374): Process com.google.android.email (pid 24740) has died.
05-20 10:28:33.221 W/MountService(  374): getVolumeState(/storage/emulated/0/external_sd): Unknown volume
05-20 10:28:33.221 W/MountService(  374): getVolumeState(/mnt/sdcard-ext): Unknown volume
05-20 10:28:33.221 W/MountService(  374): getVolumeState(/mnt/ext_sdcard): Unknown volume
05-20 10:28:33.221 W/MountService(  374): getVolumeState(/mnt/sdcard2): Unknown volume
05-20 10:28:33.221 W/MountService(  374): getVolumeState(/mnt/emmc): Unknown volume
05-20 10:28:33.221 W/MountService(  374): getVolumeState(/mnt/extSdCard): Unknown volume
05-20 10:28:33.221 W/MountService(  374): getVolumeState(/mnt/sdcard/SD_CARD): Unknown volume
05-20 10:28:33.221 W/MountService(  374): getVolumeState(/mnt/sdcard/extra_sd): Unknown volume
05-20 10:28:33.221 W/MountService(  374): getVolumeState(/mnt/extrasd_bind): Unknown volume
05-20 10:28:33.221 W/MountService(  374): getVolumeState(/mnt/sdcard/ext_sd): Unknown volume
05-20 10:28:33.221 W/MountService(  374): getVolumeState(/storage/extSdCard): Unknown volume
05-20 10:28:33.221 W/MountService(  374): getVolumeState(/storage/sdcard1): Unknown volume
05-20 10:28:33.221 W/MountService(  374): getVolumeState(/mnt/sdcard/external_SD): Unknown volume
05-20 10:28:33.228 W/MountService(  374): getVolumeState(/mnt/sdcard/external_sd): Unknown volume
05-20 10:28:33.486 W/MountService(  374): getVolumeState(/storage/emulated/0/external_sd): Unknown volume
05-20 10:28:33.486 W/MountService(  374): getVolumeState(/mnt/sdcard-ext): Unknown volume
05-20 10:28:33.486 W/MountService(  374): getVolumeState(/mnt/ext_sdcard): Unknown volume
05-20 10:28:33.486 W/MountService(  374): getVolumeState(/mnt/sdcard2): Unknown volume
05-20 10:28:33.486 W/MountService(  374): getVolumeState(/mnt/emmc): Unknown volume
05-20 10:28:33.486 W/MountService(  374): getVolumeState(/mnt/extSdCard): Unknown volume
05-20 10:28:33.486 W/MountService(  374): getVolumeState(/mnt/sdcard/SD_CARD): Unknown volume
05-20 10:28:33.486 W/MountService(  374): getVolumeState(/mnt/sdcard/extra_sd): Unknown volume
05-20 10:28:33.486 W/MountService(  374): getVolumeState(/mnt/extrasd_bind): Unknown volume
05-20 10:28:33.486 W/MountService(  374): getVolumeState(/mnt/sdcard/ext_sd): Unknown volume
05-20 10:28:33.486 W/MountService(  374): getVolumeState(/storage/extSdCard): Unknown volume
05-20 10:28:33.486 W/MountService(  374): getVolumeState(/storage/sdcard1): Unknown volume
05-20 10:28:33.486 W/MountService(  374): getVolumeState(/mnt/sdcard/external_SD): Unknown volume
05-20 10:28:33.494 W/MountService(  374): getVolumeState(/mnt/sdcard/external_sd): Unknown volume
05-20 10:28:38.619 I/PowerManagerService(  374): Going to sleep by user request...
05-20 10:28:38.791 I/ActivityManager(  374): Process com.google.android.apps.maps:LocationFriendService (pid 24474) has died.
05-20 10:28:39.377 I/ActivityManager(  374): Process com.google.android.apps.maps:FriendService (pid 24462) has died.
05-20 10:28:39.486 D/PhoneStatusBar(  448): disable: < expand icons alerts ticker system_info back home RECENT* clock SEARCH* >
05-20 10:28:39.572 I/ActivityManager(  374): Config changes=1480 {1.0 999mcc?mnc en_US ldltr sw360dp w360dp h567dp 320dpi nrml port finger -keyb/v/h -nav/h s.11}
05-20 10:28:40.244 D/PhoneStatusBar(  448): disable: < expand icons alerts ticker system_info BACK* HOME* RECENT CLOCK* SEARCH >
05-20 10:28:40.572 I/PowerManagerService(  374): Waking up from sleep...
05-20 10:28:40.596 I/WindowManager(  374): Lock screen displayed!
05-20 10:28:41.838 D/PhoneStatusBar(  448): disable: < expand icons alerts ticker system_info BACK HOME recent* CLOCK search* >
05-20 10:28:41.908 D/PhoneStatusBar(  448): disable: < expand icons alerts ticker system_info back* home* recent clock* search >
05-20 10:28:42.564 I/ActivityManager(  374): Process com.nd.assistance (pid 24537) has died.
05-20 10:28:44.650 W/WindowManager(  374): App freeze timeout expired.
05-20 10:29:33.228 W/MountService(  374): getVolumeState(/storage/emulated/0/external_sd): Unknown volume
05-20 10:29:33.228 W/MountService(  374): getVolumeState(/mnt/sdcard-ext): Unknown volume
05-20 10:29:33.228 W/MountService(  374): getVolumeState(/mnt/ext_sdcard): Unknown volume
05-20 10:29:33.228 W/MountService(  374): getVolumeState(/mnt/sdcard2): Unknown volume
05-20 10:29:33.228 W/MountService(  374): getVolumeState(/mnt/emmc): Unknown volume
05-20 10:29:33.228 W/MountService(  374): getVolumeState(/mnt/extSdCard): Unknown volume
05-20 10:29:33.236 W/MountService(  374): getVolumeState(/mnt/sdcard/SD_CARD): Unknown volume
05-20 10:29:33.236 W/MountService(  374): getVolumeState(/mnt/sdcard/extra_sd): Unknown volume
05-20 10:29:33.236 W/MountService(  374): getVolumeState(/mnt/extrasd_bind): Unknown volume
05-20 10:29:33.236 W/MountService(  374): getVolumeState(/mnt/sdcard/ext_sd): Unknown volume
05-20 10:29:33.236 W/MountService(  374): getVolumeState(/storage/extSdCard): Unknown volume
05-20 10:29:33.236 W/MountService(  374): getVolumeState(/storage/sdcard1): Unknown volume
05-20 10:29:33.236 W/MountService(  374): getVolumeState(/mnt/sdcard/external_SD): Unknown volume
05-20 10:29:33.236 W/MountService(  374): getVolumeState(/mnt/sdcard/external_sd): Unknown volume
05-20 10:29:33.502 W/MountService(  374): getVolumeState(/storage/emulated/0/external_sd): Unknown volume
05-20 10:29:33.502 W/MountService(  374): getVolumeState(/mnt/sdcard-ext): Unknown volume
05-20 10:29:33.502 W/MountService(  374): getVolumeState(/mnt/ext_sdcard): Unknown volume
05-20 10:29:33.502 W/MountService(  374): getVolumeState(/mnt/sdcard2): Unknown volume
05-20 10:29:33.502 W/MountService(  374): getVolumeState(/mnt/emmc): Unknown volume
05-20 10:29:33.502 W/MountService(  374): getVolumeState(/mnt/extSdCard): Unknown volume
05-20 10:29:33.502 W/MountService(  374): getVolumeState(/mnt/sdcard/SD_CARD): Unknown volume
05-20 10:29:33.502 W/MountService(  374): getVolumeState(/mnt/sdcard/extra_sd): Unknown volume
05-20 10:29:33.502 W/MountService(  374): getVolumeState(/mnt/extrasd_bind): Unknown volume
05-20 10:29:33.510 W/MountService(  374): getVolumeState(/mnt/sdcard/ext_sd): Unknown volume
05-20 10:29:33.510 W/MountService(  374): getVolumeState(/storage/extSdCard): Unknown volume
05-20 10:29:33.510 W/MountService(  374): getVolumeState(/storage/sdcard1): Unknown volume
05-20 10:29:33.510 W/MountService(  374): getVolumeState(/mnt/sdcard/external_SD): Unknown volume
05-20 10:29:33.510 W/MountService(  374): getVolumeState(/mnt/sdcard/external_sd): Unknown volume
05-20 10:29:38.400 I/ActivityManager(  374): START u0 {flg=0x10000000 cmp=com.pekall.emdm.launcher/.ui.BackPersonalActivity} from pid 12519
05-20 10:29:38.681 I/ActivityManager(  374): START u0 {act=android.intent.action.VIEW flg=0x10200000 cmp=com.android.launcher/com.android.launcher2.Launcher} from pid 12519
05-20 10:29:44.267 I/ActivityManager(  374): START u0 {act=android.intent.action.MAIN cat=[android.intent.category.LAUNCHER] flg=0x10200000 cmp=com.pekall.emdm.launcher/.Launcher} from pid 576
05-20 10:30:33.267 W/MountService(  374): getVolumeState(/storage/emulated/0/external_sd): Unknown volume
05-20 10:30:33.267 W/MountService(  374): getVolumeState(/mnt/sdcard-ext): Unknown volume
05-20 10:30:33.267 W/MountService(  374): getVolumeState(/mnt/ext_sdcard): Unknown volume
05-20 10:30:33.267 W/MountService(  374): getVolumeState(/mnt/sdcard2): Unknown volume
05-20 10:30:33.267 W/MountService(  374): getVolumeState(/mnt/emmc): Unknown volume
05-20 10:30:33.267 W/MountService(  374): getVolumeState(/mnt/extSdCard): Unknown volume
05-20 10:30:33.275 W/MountService(  374): getVolumeState(/mnt/sdcard/SD_CARD): Unknown volume
05-20 10:30:33.275 W/MountService(  374): getVolumeState(/mnt/sdcard/extra_sd): Unknown volume
05-20 10:30:33.275 W/MountService(  374): getVolumeState(/mnt/extrasd_bind): Unknown volume
05-20 10:30:33.275 W/MountService(  374): getVolumeState(/mnt/sdcard/ext_sd): Unknown volume
05-20 10:30:33.275 W/MountService(  374): getVolumeState(/storage/extSdCard): Unknown volume
05-20 10:30:33.275 W/MountService(  374): getVolumeState(/storage/sdcard1): Unknown volume
05-20 10:30:33.275 W/MountService(  374): getVolumeState(/mnt/sdcard/external_SD): Unknown volume
05-20 10:30:33.275 W/MountService(  374): getVolumeState(/mnt/sdcard/external_sd): Unknown volume
05-20 10:30:33.525 W/MountService(  374): getVolumeState(/storage/emulated/0/external_sd): Unknown volume
05-20 10:30:33.525 W/MountService(  374): getVolumeState(/mnt/sdcard-ext): Unknown volume
05-20 10:30:33.525 W/MountService(  374): getVolumeState(/mnt/ext_sdcard): Unknown volume
05-20 10:30:33.525 W/MountService(  374): getVolumeState(/mnt/sdcard2): Unknown volume
05-20 10:30:33.525 W/MountService(  374): getVolumeState(/mnt/emmc): Unknown volume
05-20 10:30:33.525 W/MountService(  374): getVolumeState(/mnt/extSdCard): Unknown volume
05-20 10:30:33.525 W/MountService(  374): getVolumeState(/mnt/sdcard/SD_CARD): Unknown volume
05-20 10:30:33.525 W/MountService(  374): getVolumeState(/mnt/sdcard/extra_sd): Unknown volume
05-20 10:30:33.533 W/MountService(  374): getVolumeState(/mnt/extrasd_bind): Unknown volume
05-20 10:30:33.541 W/MountService(  374): getVolumeState(/mnt/sdcard/ext_sd): Unknown volume
05-20 10:30:33.541 W/MountService(  374): getVolumeState(/storage/extSdCard): Unknown volume
05-20 10:30:33.541 W/MountService(  374): getVolumeState(/storage/sdcard1): Unknown volume
05-20 10:30:33.541 W/MountService(  374): getVolumeState(/mnt/sdcard/external_SD): Unknown volume
05-20 10:30:33.541 W/MountService(  374): getVolumeState(/mnt/sdcard/external_sd): Unknown volume
05-20 10:30:43.822 I/PowerManagerService(  374): Going to sleep due to screen timeout...
05-20 10:30:49.588 D/PhoneStatusBar(  448): disable: < expand icons alerts ticker system_info back home RECENT* clock SEARCH* >
05-20 10:30:49.697 D/PhoneStatusBar(  448): disable: < expand icons alerts ticker system_info BACK* HOME* RECENT CLOCK* SEARCH >
05-20 10:30:49.697 I/PowerManagerService(  374): Waking up from sleep...
05-20 10:30:50.361 I/WindowManager(  374): Lock screen displayed!
05-20 10:30:50.510 I/ActivityManager(  374): Process com.nd.assistance.ServerService (pid 24550) has died.
05-20 10:30:51.103 D/PhoneStatusBar(  448): disable: < expand icons alerts ticker system_info BACK HOME recent* CLOCK search* >
05-20 10:30:51.174 D/PhoneStatusBar(  448): disable: < expand icons alerts ticker system_info back* home* recent clock* search >
05-20 10:30:52.010 W/InputMethodManagerService(  374): Window already focused, ignoring focus gain of: com.android.internal.view.IInputMethodClient$Stub$Proxy@42c6f8b0 attribute=android.view.inputmethod.EditorInfo@42a18120, token = android.os.BinderProxy@4267cb00
05-20 10:30:52.924 I/ActivityManager(  374): Start proc com.nd.assistance for broadcast com.nd.assistance/.controller.DaemonController: pid=25047 uid=10068 gids={50068, 3003, 1015, 1006, 1028}
05-20 10:30:52.978 I/ActivityManager(  374): Start proc com.nd.assistance.ServerService for service com.nd.assistance/.server.ServerService: pid=25060 uid=10068 gids={50068, 3003, 1015, 1006, 1028}
05-20 10:30:53.096 I/ActivityManager(  374): Process com.google.android.exchange (pid 24757) has died.
05-20 10:30:54.221 W/MountService(  374): getVolumeState(/storage/emulated/0/external_sd): Unknown volume
05-20 10:30:54.221 W/MountService(  374): getVolumeState(/mnt/sdcard-ext): Unknown volume
05-20 10:30:54.221 W/MountService(  374): getVolumeState(/mnt/ext_sdcard): Unknown volume
05-20 10:30:54.221 W/MountService(  374): getVolumeState(/mnt/sdcard2): Unknown volume
05-20 10:30:54.221 W/MountService(  374): getVolumeState(/mnt/emmc): Unknown volume
05-20 10:30:54.221 W/MountService(  374): getVolumeState(/mnt/extSdCard): Unknown volume
05-20 10:30:54.221 W/MountService(  374): getVolumeState(/mnt/sdcard/SD_CARD): Unknown volume
05-20 10:30:54.221 W/MountService(  374): getVolumeState(/mnt/sdcard/extra_sd): Unknown volume
05-20 10:30:54.221 W/MountService(  374): getVolumeState(/mnt/extrasd_bind): Unknown volume
05-20 10:30:54.228 W/MountService(  374): getVolumeState(/mnt/sdcard/ext_sd): Unknown volume
05-20 10:30:54.228 W/MountService(  374): getVolumeState(/storage/extSdCard): Unknown volume
05-20 10:30:54.236 W/MountService(  374): getVolumeState(/storage/sdcard1): Unknown volume
05-20 10:30:54.236 W/MountService(  374): getVolumeState(/mnt/sdcard/external_SD): Unknown volume
05-20 10:30:54.236 W/MountService(  374): getVolumeState(/mnt/sdcard/external_sd): Unknown volume
05-20 10:30:54.400 W/MountService(  374): getVolumeState(/storage/emulated/0/external_sd): Unknown volume
05-20 10:30:54.400 W/MountService(  374): getVolumeState(/mnt/sdcard-ext): Unknown volume
05-20 10:30:54.400 W/MountService(  374): getVolumeState(/mnt/ext_sdcard): Unknown volume
05-20 10:30:54.400 W/MountService(  374): getVolumeState(/mnt/sdcard2): Unknown volume
05-20 10:30:54.400 W/MountService(  374): getVolumeState(/mnt/emmc): Unknown volume
05-20 10:30:54.400 W/MountService(  374): getVolumeState(/mnt/extSdCard): Unknown volume
05-20 10:30:54.400 W/MountService(  374): getVolumeState(/mnt/sdcard/SD_CARD): Unknown volume
05-20 10:30:54.400 W/MountService(  374): getVolumeState(/mnt/sdcard/extra_sd): Unknown volume
05-20 10:30:54.400 W/MountService(  374): getVolumeState(/mnt/extrasd_bind): Unknown volume
05-20 10:30:54.408 W/MountService(  374): getVolumeState(/mnt/sdcard/ext_sd): Unknown volume
05-20 10:30:54.408 W/MountService(  374): getVolumeState(/storage/extSdCard): Unknown volume
05-20 10:30:54.408 W/MountService(  374): getVolumeState(/storage/sdcard1): Unknown volume
05-20 10:30:54.408 W/MountService(  374): getVolumeState(/mnt/sdcard/external_SD): Unknown volume
05-20 10:30:54.408 W/MountService(  374): getVolumeState(/mnt/sdcard/external_sd): Unknown volume
05-20 10:30:54.806 W/MountService(  374): getVolumeState(/storage/emulated/0/external_sd): Unknown volume
05-20 10:30:54.814 W/MountService(  374): getVolumeState(/mnt/sdcard-ext): Unknown volume
05-20 10:30:54.814 W/MountService(  374): getVolumeState(/mnt/ext_sdcard): Unknown volume
05-20 10:30:54.814 W/MountService(  374): getVolumeState(/mnt/sdcard2): Unknown volume
05-20 10:30:54.814 W/MountService(  374): getVolumeState(/mnt/emmc): Unknown volume
05-20 10:30:54.822 W/MountService(  374): getVolumeState(/mnt/extSdCard): Unknown volume
05-20 10:30:54.822 W/MountService(  374): getVolumeState(/mnt/sdcard/SD_CARD): Unknown volume
05-20 10:30:54.830 W/MountService(  374): getVolumeState(/mnt/sdcard/extra_sd): Unknown volume
05-20 10:30:54.830 W/MountService(  374): getVolumeState(/mnt/extrasd_bind): Unknown volume
05-20 10:30:54.830 W/MountService(  374): getVolumeState(/mnt/sdcard/ext_sd): Unknown volume
05-20 10:30:54.830 W/MountService(  374): getVolumeState(/storage/extSdCard): Unknown volume
05-20 10:30:54.830 W/MountService(  374): getVolumeState(/storage/sdcard1): Unknown volume
05-20 10:30:54.846 W/MountService(  374): getVolumeState(/mnt/sdcard/external_SD): Unknown volume
05-20 10:30:54.853 W/MountService(  374): getVolumeState(/mnt/sdcard/external_sd): Unknown volume
05-20 10:30:55.221 I/ActivityManager(  374): Process com.android.settings (pid 23825) has died.
05-20 10:30:55.455 I/ActivityManager(  374): Start proc com.android.defcontainer for service com.android.defcontainer/.DefaultContainerService: pid=25240 uid=10012 gids={50012, 1015, 1023, 2001, 1028}
05-20 10:30:56.603 W/MountService(  374): getVolumeState(/storage/emulated/0/external_sd): Unknown volume
05-20 10:30:56.611 W/MountService(  374): getVolumeState(/mnt/sdcard-ext): Unknown volume
05-20 10:30:56.611 W/MountService(  374): getVolumeState(/mnt/ext_sdcard): Unknown volume
05-20 10:30:56.611 W/MountService(  374): getVolumeState(/mnt/sdcard2): Unknown volume
05-20 10:30:56.611 W/MountService(  374): getVolumeState(/mnt/emmc): Unknown volume
05-20 10:30:56.611 W/MountService(  374): getVolumeState(/mnt/extSdCard): Unknown volume
05-20 10:30:56.611 W/MountService(  374): getVolumeState(/mnt/sdcard/SD_CARD): Unknown volume
05-20 10:30:56.619 W/MountService(  374): getVolumeState(/mnt/sdcard/extra_sd): Unknown volume
05-20 10:30:56.619 W/MountService(  374): getVolumeState(/mnt/extrasd_bind): Unknown volume
05-20 10:30:56.619 W/MountService(  374): getVolumeState(/mnt/sdcard/ext_sd): Unknown volume
05-20 10:30:56.619 W/MountService(  374): getVolumeState(/storage/extSdCard): Unknown volume
05-20 10:30:56.619 W/MountService(  374): getVolumeState(/storage/sdcard1): Unknown volume
05-20 10:30:56.627 W/MountService(  374): getVolumeState(/mnt/sdcard/external_SD): Unknown volume
05-20 10:30:56.627 W/MountService(  374): getVolumeState(/mnt/sdcard/external_sd): Unknown volume
05-20 10:30:59.533 I/ActivityManager(  374): Start proc com.qihoo360.mobilesafe for service com.qihoo360.mobilesafe/.service.ExamService: pid=25289 uid=10069 gids={50069, 3003, 1015, 3001, 3002, 1006, 1028}
05-20 10:31:01.252 I/ActivityManager(  374): Start proc com.qihoo360.mobilesafe:PcDaemon for service com.qihoo360.mobilesafe/.pcdaemon.service.DaemonService: pid=25330 uid=10069 gids={50069, 3003, 1015, 3001, 3002, 1006, 1028}
05-20 10:31:01.978 W/BroadcastQueue(  374): Failure [background] sending broadcast result of Intent { act=com.qihoo360.mobilesafe.NotifyDaemonStart flg=0x10 }
05-20 10:31:01.978 W/BroadcastQueue(  374): android.os.DeadObjectException
05-20 10:31:01.978 W/BroadcastQueue(  374): 	at android.os.BinderProxy.transact(Native Method)
05-20 10:31:01.978 W/BroadcastQueue(  374): 	at android.content.IIntentReceiver$Stub$Proxy.performReceive(IIntentReceiver.java:124)
05-20 10:31:01.978 W/BroadcastQueue(  374): 	at com.android.server.am.BroadcastQueue.performReceiveLocked(BroadcastQueue.java:376)
05-20 10:31:01.978 W/BroadcastQueue(  374): 	at com.android.server.am.BroadcastQueue.processNextBroadcast(BroadcastQueue.java:599)
05-20 10:31:01.978 W/BroadcastQueue(  374): 	at com.android.server.am.ActivityManagerService.finishReceiver(ActivityManagerService.java:12390)
05-20 10:31:01.978 W/BroadcastQueue(  374): 	at android.app.ActivityManagerNative.onTransact(ActivityManagerNative.java:379)
05-20 10:31:01.978 W/BroadcastQueue(  374): 	at com.android.server.am.ActivityManagerService.onTransact(ActivityManagerService.java:1737)
05-20 10:31:01.978 W/BroadcastQueue(  374): 	at android.os.Binder.execTransact(Binder.java:388)
05-20 10:31:01.978 W/BroadcastQueue(  374): 	at dalvik.system.NativeStart.run(Native Method)
05-20 10:31:05.306 I/ActivityManager(  374): START u0 {flg=0x10000000 cmp=com.pekall.emdm.launcher/.ui.BackPersonalActivity} from pid 12519
05-20 10:31:05.361 I/ActivityManager(  374): START u0 {act=android.intent.action.VIEW flg=0x10200000 cmp=com.android.launcher/com.android.launcher2.Launcher} from pid 12519
05-20 10:31:20.885 I/ActivityManager(  374): START u0 {act=android.intent.action.MAIN cat=[android.intent.category.LAUNCHER] flg=0x10200000 cmp=com.pekall.emdm.launcher/.Launcher} from pid 576
05-20 10:31:46.697 I/ActivityManager(  374): Process com.nd.assistance.ServerService (pid 25060) has died.
05-20 10:31:46.760 I/ActivityManager(  374): START u0 {flg=0x10000000 cmp=com.pekall.emdm.launcher/.ui.BackPersonalActivity} from pid 12519
05-20 10:31:47.041 I/ActivityManager(  374): START u0 {act=android.intent.action.VIEW flg=0x10200000 cmp=com.android.launcher/com.android.launcher2.Launcher} from pid 12519
05-20 10:31:49.017 I/ActivityManager(  374): Start proc com.nd.assistance.ServerService for service com.nd.assistance/.server.ServerService: pid=25452 uid=10068 gids={50068, 3003, 1015, 1006, 1028}
05-20 10:31:51.197 I/ActivityManager(  374): Process android.process.acore (pid 24952) has died.
05-20 10:31:51.244 W/MountService(  374): getVolumeState(/storage/emulated/0/external_sd): Unknown volume
05-20 10:31:51.244 W/MountService(  374): getVolumeState(/mnt/sdcard-ext): Unknown volume
05-20 10:31:51.244 W/MountService(  374): getVolumeState(/mnt/ext_sdcard): Unknown volume
05-20 10:31:51.244 W/MountService(  374): getVolumeState(/mnt/sdcard2): Unknown volume
05-20 10:31:51.244 W/MountService(  374): getVolumeState(/mnt/emmc): Unknown volume
05-20 10:31:51.252 W/MountService(  374): getVolumeState(/mnt/extSdCard): Unknown volume
05-20 10:31:51.252 W/MountService(  374): getVolumeState(/mnt/sdcard/SD_CARD): Unknown volume
05-20 10:31:51.252 W/MountService(  374): getVolumeState(/mnt/sdcard/extra_sd): Unknown volume
05-20 10:31:51.252 W/MountService(  374): getVolumeState(/mnt/extrasd_bind): Unknown volume
05-20 10:31:51.260 W/MountService(  374): getVolumeState(/mnt/sdcard/ext_sd): Unknown volume
05-20 10:31:51.260 W/MountService(  374): getVolumeState(/storage/extSdCard): Unknown volume
05-20 10:31:51.260 W/MountService(  374): getVolumeState(/storage/sdcard1): Unknown volume
05-20 10:31:51.260 W/MountService(  374): getVolumeState(/mnt/sdcard/external_SD): Unknown volume
05-20 10:31:51.260 W/MountService(  374): getVolumeState(/mnt/sdcard/external_sd): Unknown volume
05-20 10:31:51.346 W/MountService(  374): getVolumeState(/storage/emulated/0/external_sd): Unknown volume
05-20 10:31:51.346 W/MountService(  374): getVolumeState(/mnt/sdcard-ext): Unknown volume
05-20 10:31:51.346 W/MountService(  374): getVolumeState(/mnt/ext_sdcard): Unknown volume
05-20 10:31:51.346 W/MountService(  374): getVolumeState(/mnt/sdcard2): Unknown volume
05-20 10:31:51.346 W/MountService(  374): getVolumeState(/mnt/emmc): Unknown volume
05-20 10:31:51.346 W/MountService(  374): getVolumeState(/mnt/extSdCard): Unknown volume
05-20 10:31:51.346 W/MountService(  374): getVolumeState(/mnt/sdcard/SD_CARD): Unknown volume
05-20 10:31:51.346 W/MountService(  374): getVolumeState(/mnt/sdcard/extra_sd): Unknown volume
05-20 10:31:51.346 W/MountService(  374): getVolumeState(/mnt/extrasd_bind): Unknown volume
05-20 10:31:51.346 W/MountService(  374): getVolumeState(/mnt/sdcard/ext_sd): Unknown volume
05-20 10:31:51.346 W/MountService(  374): getVolumeState(/storage/extSdCard): Unknown volume
05-20 10:31:51.346 W/MountService(  374): getVolumeState(/storage/sdcard1): Unknown volume
05-20 10:31:51.385 W/MountService(  374): getVolumeState(/mnt/sdcard/external_SD): Unknown volume
05-20 10:31:51.385 W/MountService(  374): getVolumeState(/mnt/sdcard/external_sd): Unknown volume
05-20 10:31:51.775 W/MountService(  374): getVolumeState(/storage/emulated/0/external_sd): Unknown volume
05-20 10:31:51.775 W/MountService(  374): getVolumeState(/mnt/sdcard-ext): Unknown volume
05-20 10:31:51.775 W/MountService(  374): getVolumeState(/mnt/ext_sdcard): Unknown volume
05-20 10:31:51.783 W/MountService(  374): getVolumeState(/mnt/sdcard2): Unknown volume
05-20 10:31:51.783 W/MountService(  374): getVolumeState(/mnt/emmc): Unknown volume
05-20 10:31:51.783 W/MountService(  374): getVolumeState(/mnt/extSdCard): Unknown volume
05-20 10:31:51.783 W/MountService(  374): getVolumeState(/mnt/sdcard/SD_CARD): Unknown volume
05-20 10:31:51.783 W/MountService(  374): getVolumeState(/mnt/sdcard/extra_sd): Unknown volume
05-20 10:31:51.783 W/MountService(  374): getVolumeState(/mnt/extrasd_bind): Unknown volume
05-20 10:31:51.783 W/MountService(  374): getVolumeState(/mnt/sdcard/ext_sd): Unknown volume
05-20 10:31:51.783 W/MountService(  374): getVolumeState(/storage/extSdCard): Unknown volume
05-20 10:31:51.783 W/MountService(  374): getVolumeState(/storage/sdcard1): Unknown volume
05-20 10:31:51.783 W/MountService(  374): getVolumeState(/mnt/sdcard/external_SD): Unknown volume
05-20 10:31:51.783 W/MountService(  374): getVolumeState(/mnt/sdcard/external_sd): Unknown volume
05-20 10:31:52.049 I/ActivityManager(  374): Start proc android.process.acore for content provider com.android.providers.contacts/.ContactsProvider2: pid=25617 uid=10000 gids={50000, 3003, 1015, 1028}
05-20 10:31:53.377 W/MountService(  374): getVolumeState(/storage/emulated/0/external_sd): Unknown volume
05-20 10:31:53.377 W/MountService(  374): getVolumeState(/mnt/sdcard-ext): Unknown volume
05-20 10:31:53.549 W/MountService(  374): getVolumeState(/mnt/ext_sdcard): Unknown volume
05-20 10:31:53.549 W/MountService(  374): getVolumeState(/mnt/sdcard2): Unknown volume
05-20 10:31:53.549 W/MountService(  374): getVolumeState(/mnt/emmc): Unknown volume
05-20 10:31:53.549 W/MountService(  374): getVolumeState(/mnt/extSdCard): Unknown volume
05-20 10:31:53.556 W/MountService(  374): getVolumeState(/mnt/sdcard/SD_CARD): Unknown volume
05-20 10:31:53.556 W/MountService(  374): getVolumeState(/mnt/sdcard/extra_sd): Unknown volume
05-20 10:31:53.556 W/MountService(  374): getVolumeState(/mnt/extrasd_bind): Unknown volume
05-20 10:31:53.556 W/MountService(  374): getVolumeState(/mnt/sdcard/ext_sd): Unknown volume
05-20 10:31:53.564 W/MountService(  374): getVolumeState(/storage/extSdCard): Unknown volume
05-20 10:31:53.564 W/MountService(  374): getVolumeState(/storage/sdcard1): Unknown volume
05-20 10:31:53.564 W/MountService(  374): getVolumeState(/mnt/sdcard/external_SD): Unknown volume
05-20 10:31:53.572 W/MountService(  374): getVolumeState(/mnt/sdcard/external_sd): Unknown volume
05-20 10:32:26.330 I/PowerManagerService(  374): Going to sleep due to screen timeout...
05-20 10:32:32.111 D/PhoneStatusBar(  448): disable: < expand icons alerts ticker system_info back home RECENT* clock SEARCH* >
05-20 10:32:32.252 D/PhoneStatusBar(  448): disable: < expand icons alerts ticker system_info BACK* HOME* RECENT CLOCK* SEARCH >
05-20 10:32:51.549 W/MountService(  374): getVolumeState(/storage/emulated/0/external_sd): Unknown volume
05-20 10:32:51.549 W/MountService(  374): getVolumeState(/mnt/sdcard-ext): Unknown volume
05-20 10:32:51.549 W/MountService(  374): getVolumeState(/mnt/ext_sdcard): Unknown volume
05-20 10:32:51.549 W/MountService(  374): getVolumeState(/mnt/sdcard2): Unknown volume
05-20 10:32:51.549 W/MountService(  374): getVolumeState(/mnt/emmc): Unknown volume
05-20 10:32:51.549 W/MountService(  374): getVolumeState(/mnt/extSdCard): Unknown volume
05-20 10:32:51.549 W/MountService(  374): getVolumeState(/mnt/sdcard/SD_CARD): Unknown volume
05-20 10:32:51.549 W/MountService(  374): getVolumeState(/mnt/sdcard/extra_sd): Unknown volume
05-20 10:32:51.549 W/MountService(  374): getVolumeState(/mnt/extrasd_bind): Unknown volume
05-20 10:32:51.549 W/MountService(  374): getVolumeState(/mnt/sdcard/ext_sd): Unknown volume
05-20 10:32:51.549 W/MountService(  374): getVolumeState(/storage/extSdCard): Unknown volume
05-20 10:32:51.549 W/MountService(  374): getVolumeState(/storage/sdcard1): Unknown volume
05-20 10:32:51.556 W/MountService(  374): getVolumeState(/mnt/sdcard/external_SD): Unknown volume
05-20 10:32:51.556 W/MountService(  374): getVolumeState(/mnt/sdcard/external_sd): Unknown volume
05-20 10:32:51.877 W/MountService(  374): getVolumeState(/storage/emulated/0/external_sd): Unknown volume
05-20 10:32:51.877 W/MountService(  374): getVolumeState(/mnt/sdcard-ext): Unknown volume
05-20 10:32:51.877 W/MountService(  374): getVolumeState(/mnt/ext_sdcard): Unknown volume
05-20 10:32:51.877 W/MountService(  374): getVolumeState(/mnt/sdcard2): Unknown volume
05-20 10:32:51.877 W/MountService(  374): getVolumeState(/mnt/emmc): Unknown volume
05-20 10:32:51.885 W/MountService(  374): getVolumeState(/mnt/extSdCard): Unknown volume
05-20 10:32:51.885 W/MountService(  374): getVolumeState(/mnt/sdcard/SD_CARD): Unknown volume
05-20 10:32:51.885 W/MountService(  374): getVolumeState(/mnt/sdcard/extra_sd): Unknown volume
05-20 10:32:51.885 W/MountService(  374): getVolumeState(/mnt/extrasd_bind): Unknown volume
05-20 10:32:51.885 W/MountService(  374): getVolumeState(/mnt/sdcard/ext_sd): Unknown volume
05-20 10:32:51.885 W/MountService(  374): getVolumeState(/storage/extSdCard): Unknown volume
05-20 10:32:51.885 W/MountService(  374): getVolumeState(/storage/sdcard1): Unknown volume
05-20 10:32:51.885 W/MountService(  374): getVolumeState(/mnt/sdcard/external_SD): Unknown volume
05-20 10:32:51.885 W/MountService(  374): getVolumeState(/mnt/sdcard/external_sd): Unknown volume
05-20 10:33:51.556 W/MountService(  374): getVolumeState(/storage/emulated/0/external_sd): Unknown volume
05-20 10:33:51.556 W/MountService(  374): getVolumeState(/mnt/sdcard-ext): Unknown volume
05-20 10:33:51.556 W/MountService(  374): getVolumeState(/mnt/ext_sdcard): Unknown volume
05-20 10:33:51.556 W/MountService(  374): getVolumeState(/mnt/sdcard2): Unknown volume
05-20 10:33:51.556 W/MountService(  374): getVolumeState(/mnt/emmc): Unknown volume
05-20 10:33:51.556 W/MountService(  374): getVolumeState(/mnt/extSdCard): Unknown volume
05-20 10:33:51.556 W/MountService(  374): getVolumeState(/mnt/sdcard/SD_CARD): Unknown volume
05-20 10:33:51.556 W/MountService(  374): getVolumeState(/mnt/sdcard/extra_sd): Unknown volume
05-20 10:33:51.564 W/MountService(  374): getVolumeState(/mnt/extrasd_bind): Unknown volume
05-20 10:33:51.564 W/MountService(  374): getVolumeState(/mnt/sdcard/ext_sd): Unknown volume
05-20 10:33:51.564 W/MountService(  374): getVolumeState(/storage/extSdCard): Unknown volume
05-20 10:33:51.564 W/MountService(  374): getVolumeState(/storage/sdcard1): Unknown volume
05-20 10:33:51.564 W/MountService(  374): getVolumeState(/mnt/sdcard/external_SD): Unknown volume
05-20 10:33:51.564 W/MountService(  374): getVolumeState(/mnt/sdcard/external_sd): Unknown volume
05-20 10:33:51.931 W/MountService(  374): getVolumeState(/storage/emulated/0/external_sd): Unknown volume
05-20 10:33:51.931 W/MountService(  374): getVolumeState(/mnt/sdcard-ext): Unknown volume
05-20 10:33:51.931 W/MountService(  374): getVolumeState(/mnt/ext_sdcard): Unknown volume
05-20 10:33:51.939 W/MountService(  374): getVolumeState(/mnt/sdcard2): Unknown volume
05-20 10:33:51.939 W/MountService(  374): getVolumeState(/mnt/emmc): Unknown volume
05-20 10:33:51.939 W/MountService(  374): getVolumeState(/mnt/extSdCard): Unknown volume
05-20 10:33:51.939 W/MountService(  374): getVolumeState(/mnt/sdcard/SD_CARD): Unknown volume
05-20 10:33:51.939 W/MountService(  374): getVolumeState(/mnt/sdcard/extra_sd): Unknown volume
05-20 10:33:51.939 W/MountService(  374): getVolumeState(/mnt/extrasd_bind): Unknown volume
05-20 10:33:51.939 W/MountService(  374): getVolumeState(/mnt/sdcard/ext_sd): Unknown volume
05-20 10:33:51.939 W/MountService(  374): getVolumeState(/storage/extSdCard): Unknown volume
05-20 10:33:51.939 W/MountService(  374): getVolumeState(/storage/sdcard1): Unknown volume
05-20 10:33:51.939 W/MountService(  374): getVolumeState(/mnt/sdcard/external_SD): Unknown volume
05-20 10:33:51.947 W/MountService(  374): getVolumeState(/mnt/sdcard/external_sd): Unknown volume
05-20 10:34:02.033 I/ActivityManager(  374): Start proc com.google.android.email for service com.google.android.email/com.android.email.service.MailService: pid=25696 uid=10016 gids={50016, 3003, 1015, 1028}
05-20 10:34:02.142 D/ActivityThread(25696): Loading provider com.android.email.provider;com.android.email.notifier: com.android.email.provider.EmailProvider
05-20 10:34:02.197 I/ActivityManager(  374): Start proc com.google.android.exchange for service com.google.android.exchange/com.android.exchange.ExchangeService: pid=25713 uid=10017 gids={50017, 3003, 1015, 1028}
05-20 10:34:51.588 W/MountService(  374): getVolumeState(/storage/emulated/0/external_sd): Unknown volume
05-20 10:34:51.588 W/MountService(  374): getVolumeState(/mnt/sdcard-ext): Unknown volume
05-20 10:34:51.588 W/MountService(  374): getVolumeState(/mnt/ext_sdcard): Unknown volume
05-20 10:34:51.588 W/MountService(  374): getVolumeState(/mnt/sdcard2): Unknown volume
05-20 10:34:51.588 W/MountService(  374): getVolumeState(/mnt/emmc): Unknown volume
05-20 10:34:51.588 W/MountService(  374): getVolumeState(/mnt/extSdCard): Unknown volume
05-20 10:34:51.588 W/MountService(  374): getVolumeState(/mnt/sdcard/SD_CARD): Unknown volume
05-20 10:34:51.596 W/MountService(  374): getVolumeState(/mnt/sdcard/extra_sd): Unknown volume
05-20 10:34:51.596 W/MountService(  374): getVolumeState(/mnt/extrasd_bind): Unknown volume
05-20 10:34:51.596 W/MountService(  374): getVolumeState(/mnt/sdcard/ext_sd): Unknown volume
05-20 10:34:51.596 W/MountService(  374): getVolumeState(/storage/extSdCard): Unknown volume
05-20 10:34:51.596 W/MountService(  374): getVolumeState(/storage/sdcard1): Unknown volume
05-20 10:34:51.596 W/MountService(  374): getVolumeState(/mnt/sdcard/external_SD): Unknown volume
05-20 10:34:51.596 W/MountService(  374): getVolumeState(/mnt/sdcard/external_sd): Unknown volume
05-20 10:34:51.885 W/MountService(  374): getVolumeState(/storage/emulated/0/external_sd): Unknown volume
05-20 10:34:51.885 W/MountService(  374): getVolumeState(/mnt/sdcard-ext): Unknown volume
05-20 10:34:51.885 W/MountService(  374): getVolumeState(/mnt/ext_sdcard): Unknown volume
05-20 10:34:51.885 W/MountService(  374): getVolumeState(/mnt/sdcard2): Unknown volume
05-20 10:34:51.885 W/MountService(  374): getVolumeState(/mnt/emmc): Unknown volume
05-20 10:34:51.885 W/MountService(  374): getVolumeState(/mnt/extSdCard): Unknown volume
05-20 10:34:51.885 W/MountService(  374): getVolumeState(/mnt/sdcard/SD_CARD): Unknown volume
05-20 10:34:51.885 W/MountService(  374): getVolumeState(/mnt/sdcard/extra_sd): Unknown volume
05-20 10:34:51.885 W/MountService(  374): getVolumeState(/mnt/extrasd_bind): Unknown volume
05-20 10:34:51.892 W/MountService(  374): getVolumeState(/mnt/sdcard/ext_sd): Unknown volume
05-20 10:34:51.892 W/MountService(  374): getVolumeState(/storage/extSdCard): Unknown volume
05-20 10:34:51.892 W/MountService(  374): getVolumeState(/storage/sdcard1): Unknown volume
05-20 10:34:51.892 W/MountService(  374): getVolumeState(/mnt/sdcard/external_SD): Unknown volume
05-20 10:34:51.892 W/MountService(  374): getVolumeState(/mnt/sdcard/external_sd): Unknown volume
05-20 10:35:49.541 I/ActivityManager(  374): No longer want com.google.android.apps.maps:GoogleLocationService (pid 24441): empty for 1800s
05-20 10:35:49.549 W/ActivityManager(  374): Scheduling restart of crashed service com.google.android.apps.maps/com.google.android.location.internal.server.GoogleLocationService in 5000ms
05-20 10:35:51.588 W/MountService(  374): getVolumeState(/storage/emulated/0/external_sd): Unknown volume
05-20 10:35:51.588 W/MountService(  374): getVolumeState(/mnt/sdcard-ext): Unknown volume
05-20 10:35:51.588 W/MountService(  374): getVolumeState(/mnt/ext_sdcard): Unknown volume
05-20 10:35:51.588 W/MountService(  374): getVolumeState(/mnt/sdcard2): Unknown volume
05-20 10:35:51.588 W/MountService(  374): getVolumeState(/mnt/emmc): Unknown volume
05-20 10:35:51.588 W/MountService(  374): getVolumeState(/mnt/extSdCard): Unknown volume
05-20 10:35:51.588 W/MountService(  374): getVolumeState(/mnt/sdcard/SD_CARD): Unknown volume
05-20 10:35:51.588 W/MountService(  374): getVolumeState(/mnt/sdcard/extra_sd): Unknown volume
05-20 10:35:51.588 W/MountService(  374): getVolumeState(/mnt/extrasd_bind): Unknown volume
05-20 10:35:51.596 W/MountService(  374): getVolumeState(/mnt/sdcard/ext_sd): Unknown volume
05-20 10:35:51.596 W/MountService(  374): getVolumeState(/storage/extSdCard): Unknown volume
05-20 10:35:51.596 W/MountService(  374): getVolumeState(/storage/sdcard1): Unknown volume
05-20 10:35:51.596 W/MountService(  374): getVolumeState(/mnt/sdcard/external_SD): Unknown volume
05-20 10:35:51.596 W/MountService(  374): getVolumeState(/mnt/sdcard/external_sd): Unknown volume
05-20 10:35:51.885 W/MountService(  374): getVolumeState(/storage/emulated/0/external_sd): Unknown volume
05-20 10:35:51.885 W/MountService(  374): getVolumeState(/mnt/sdcard-ext): Unknown volume
05-20 10:35:51.885 W/MountService(  374): getVolumeState(/mnt/ext_sdcard): Unknown volume
05-20 10:35:51.885 W/MountService(  374): getVolumeState(/mnt/sdcard2): Unknown volume
05-20 10:35:51.892 W/MountService(  374): getVolumeState(/mnt/emmc): Unknown volume
05-20 10:35:51.892 W/MountService(  374): getVolumeState(/mnt/extSdCard): Unknown volume
05-20 10:35:51.892 W/MountService(  374): getVolumeState(/mnt/sdcard/SD_CARD): Unknown volume
05-20 10:35:51.892 W/MountService(  374): getVolumeState(/mnt/sdcard/extra_sd): Unknown volume
05-20 10:35:51.892 W/MountService(  374): getVolumeState(/mnt/extrasd_bind): Unknown volume
05-20 10:35:51.892 W/MountService(  374): getVolumeState(/mnt/sdcard/ext_sd): Unknown volume
05-20 10:35:51.892 W/MountService(  374): getVolumeState(/storage/extSdCard): Unknown volume
05-20 10:35:51.892 W/MountService(  374): getVolumeState(/storage/sdcard1): Unknown volume
05-20 10:35:51.892 W/MountService(  374): getVolumeState(/mnt/sdcard/external_SD): Unknown volume
05-20 10:35:51.892 W/MountService(  374): getVolumeState(/mnt/sdcard/external_sd): Unknown volume
05-20 10:35:54.572 I/ActivityManager(  374): Start proc com.google.android.apps.maps:GoogleLocationService for service com.google.android.apps.maps/com.google.android.location.internal.server.GoogleLocationService: pid=25752 uid=10038 gids={50038, 3003, 1015, 1028}
05-20 10:35:55.728 I/ActivityManager(  374): Start proc com.google.android.apps.maps:FriendService for broadcast com.google.android.apps.maps/com.google.googlenav.friend.android.ServiceReceiver: pid=25773 uid=10038 gids={50038, 3003, 1015, 1028}
05-20 10:35:55.877 I/ActivityManager(  374): Start proc com.google.android.apps.maps:LocationFriendService for broadcast com.google.android.apps.maps/com.google.googlenav.friend.reporting.LocationReportingIntentReceiver: pid=25785 uid=10038 gids={50038, 3003, 1015, 1028}
