05-20 10:36:51.627 W/MountService(  374): getVolumeState(/storage/emulated/0/external_sd): Unknown volume
05-20 10:36:51.627 W/MountService(  374): getVolumeState(/mnt/sdcard-ext): Unknown volume
05-20 10:36:51.627 W/MountService(  374): getVolumeState(/mnt/ext_sdcard): Unknown volume
05-20 10:36:51.627 W/MountService(  374): getVolumeState(/mnt/sdcard2): Unknown volume
05-20 10:36:51.627 W/MountService(  374): getVolumeState(/mnt/emmc): Unknown volume
05-20 10:36:51.627 W/MountService(  374): getVolumeState(/mnt/extSdCard): Unknown volume
05-20 10:36:51.627 W/MountService(  374): getVolumeState(/mnt/sdcard/SD_CARD): Unknown volume
05-20 10:36:51.635 W/MountService(  374): getVolumeState(/mnt/sdcard/extra_sd): Unknown volume
05-20 10:36:51.642 W/MountService(  374): getVolumeState(/mnt/extrasd_bind): Unknown volume
05-20 10:36:51.650 W/MountService(  374): getVolumeState(/mnt/sdcard/ext_sd): Unknown volume
05-20 10:36:51.650 W/MountService(  374): getVolumeState(/storage/extSdCard): Unknown volume
05-20 10:36:51.650 W/MountService(  374): getVolumeState(/storage/sdcard1): Unknown volume
05-20 10:36:51.650 W/MountService(  374): getVolumeState(/mnt/sdcard/external_SD): Unknown volume
05-20 10:36:51.650 W/MountService(  374): getVolumeState(/mnt/sdcard/external_sd): Unknown volume
05-20 10:36:51.939 W/MountService(  374): getVolumeState(/storage/emulated/0/external_sd): Unknown volume
05-20 10:36:51.963 W/MountService(  374): getVolumeState(/mnt/sdcard-ext): Unknown volume
05-20 10:36:51.963 W/MountService(  374): getVolumeState(/mnt/ext_sdcard): Unknown volume
05-20 10:36:51.963 W/MountService(  374): getVolumeState(/mnt/sdcard2): Unknown volume
05-20 10:36:51.963 W/MountService(  374): getVolumeState(/mnt/emmc): Unknown volume
05-20 10:36:51.963 W/MountService(  374): getVolumeState(/mnt/extSdCard): Unknown volume
05-20 10:36:51.963 W/MountService(  374): getVolumeState(/mnt/sdcard/SD_CARD): Unknown volume
05-20 10:36:51.971 W/MountService(  374): getVolumeState(/mnt/sdcard/extra_sd): Unknown volume
05-20 10:36:51.971 W/MountService(  374): getVolumeState(/mnt/extrasd_bind): Unknown volume
05-20 10:36:51.971 W/MountService(  374): getVolumeState(/mnt/sdcard/ext_sd): Unknown volume
05-20 10:36:51.971 W/MountService(  374): getVolumeState(/storage/extSdCard): Unknown volume
05-20 10:36:51.971 W/MountService(  374): getVolumeState(/storage/sdcard1): Unknown volume
05-20 10:36:51.971 W/MountService(  374): getVolumeState(/mnt/sdcard/external_SD): Unknown volume
05-20 10:36:51.971 W/MountService(  374): getVolumeState(/mnt/sdcard/external_sd): Unknown volume
05-20 10:37:51.650 W/MountService(  374): getVolumeState(/storage/emulated/0/external_sd): Unknown volume
05-20 10:37:51.650 W/MountService(  374): getVolumeState(/mnt/sdcard-ext): Unknown volume
05-20 10:37:51.650 W/MountService(  374): getVolumeState(/mnt/ext_sdcard): Unknown volume
05-20 10:37:51.650 W/MountService(  374): getVolumeState(/mnt/sdcard2): Unknown volume
05-20 10:37:51.650 W/MountService(  374): getVolumeState(/mnt/emmc): Unknown volume
05-20 10:37:51.658 W/MountService(  374): getVolumeState(/mnt/extSdCard): Unknown volume
05-20 10:37:51.658 W/MountService(  374): getVolumeState(/mnt/sdcard/SD_CARD): Unknown volume
05-20 10:37:51.658 W/MountService(  374): getVolumeState(/mnt/sdcard/extra_sd): Unknown volume
05-20 10:37:51.658 W/MountService(  374): getVolumeState(/mnt/extrasd_bind): Unknown volume
05-20 10:37:51.658 W/MountService(  374): getVolumeState(/mnt/sdcard/ext_sd): Unknown volume
05-20 10:37:51.658 W/MountService(  374): getVolumeState(/storage/extSdCard): Unknown volume
05-20 10:37:51.658 W/MountService(  374): getVolumeState(/storage/sdcard1): Unknown volume
05-20 10:37:51.666 W/MountService(  374): getVolumeState(/mnt/sdcard/external_SD): Unknown volume
05-20 10:37:51.666 W/MountService(  374): getVolumeState(/mnt/sdcard/external_sd): Unknown volume
05-20 10:37:52.025 W/MountService(  374): getVolumeState(/storage/emulated/0/external_sd): Unknown volume
05-20 10:37:52.025 W/MountService(  374): getVolumeState(/mnt/sdcard-ext): Unknown volume
05-20 10:37:52.025 W/MountService(  374): getVolumeState(/mnt/ext_sdcard): Unknown volume
05-20 10:37:52.025 W/MountService(  374): getVolumeState(/mnt/sdcard2): Unknown volume
05-20 10:37:52.025 W/MountService(  374): getVolumeState(/mnt/emmc): Unknown volume
05-20 10:37:52.033 W/MountService(  374): getVolumeState(/mnt/extSdCard): Unknown volume
05-20 10:37:52.033 W/MountService(  374): getVolumeState(/mnt/sdcard/SD_CARD): Unknown volume
05-20 10:37:52.033 W/MountService(  374): getVolumeState(/mnt/sdcard/extra_sd): Unknown volume
05-20 10:37:52.033 W/MountService(  374): getVolumeState(/mnt/extrasd_bind): Unknown volume
05-20 10:37:52.033 W/MountService(  374): getVolumeState(/mnt/sdcard/ext_sd): Unknown volume
05-20 10:37:52.033 W/MountService(  374): getVolumeState(/storage/extSdCard): Unknown volume
05-20 10:37:52.033 W/MountService(  374): getVolumeState(/storage/sdcard1): Unknown volume
05-20 10:37:52.033 W/MountService(  374): getVolumeState(/mnt/sdcard/external_SD): Unknown volume
05-20 10:37:52.033 W/MountService(  374): getVolumeState(/mnt/sdcard/external_sd): Unknown volume
05-20 10:38:51.689 W/MountService(  374): getVolumeState(/storage/emulated/0/external_sd): Unknown volume
05-20 10:38:51.689 W/MountService(  374): getVolumeState(/mnt/sdcard-ext): Unknown volume
05-20 10:38:51.689 W/MountService(  374): getVolumeState(/mnt/ext_sdcard): Unknown volume
05-20 10:38:51.689 W/MountService(  374): getVolumeState(/mnt/sdcard2): Unknown volume
05-20 10:38:51.689 W/MountService(  374): getVolumeState(/mnt/emmc): Unknown volume
05-20 10:38:51.689 W/MountService(  374): getVolumeState(/mnt/extSdCard): Unknown volume
05-20 10:38:51.689 W/MountService(  374): getVolumeState(/mnt/sdcard/SD_CARD): Unknown volume
05-20 10:38:51.697 W/MountService(  374): getVolumeState(/mnt/sdcard/extra_sd): Unknown volume
05-20 10:38:51.697 W/MountService(  374): getVolumeState(/mnt/extrasd_bind): Unknown volume
05-20 10:38:51.697 W/MountService(  374): getVolumeState(/mnt/sdcard/ext_sd): Unknown volume
05-20 10:38:51.697 W/MountService(  374): getVolumeState(/storage/extSdCard): Unknown volume
05-20 10:38:51.697 W/MountService(  374): getVolumeState(/storage/sdcard1): Unknown volume
05-20 10:38:51.697 W/MountService(  374): getVolumeState(/mnt/sdcard/external_SD): Unknown volume
05-20 10:38:51.697 W/MountService(  374): getVolumeState(/mnt/sdcard/external_sd): Unknown volume
05-20 10:38:52.072 W/MountService(  374): getVolumeState(/storage/emulated/0/external_sd): Unknown volume
05-20 10:38:52.080 W/MountService(  374): getVolumeState(/mnt/sdcard-ext): Unknown volume
05-20 10:38:52.080 W/MountService(  374): getVolumeState(/mnt/ext_sdcard): Unknown volume
05-20 10:38:52.080 W/MountService(  374): getVolumeState(/mnt/sdcard2): Unknown volume
05-20 10:38:52.088 W/MountService(  374): getVolumeState(/mnt/emmc): Unknown volume
05-20 10:38:52.088 W/MountService(  374): getVolumeState(/mnt/extSdCard): Unknown volume
05-20 10:38:52.088 W/MountService(  374): getVolumeState(/mnt/sdcard/SD_CARD): Unknown volume
05-20 10:38:52.088 W/MountService(  374): getVolumeState(/mnt/sdcard/extra_sd): Unknown volume
05-20 10:38:52.088 W/MountService(  374): getVolumeState(/mnt/extrasd_bind): Unknown volume
05-20 10:38:52.088 W/MountService(  374): getVolumeState(/mnt/sdcard/ext_sd): Unknown volume
05-20 10:38:52.088 W/MountService(  374): getVolumeState(/storage/extSdCard): Unknown volume
05-20 10:38:52.088 W/MountService(  374): getVolumeState(/storage/sdcard1): Unknown volume
05-20 10:38:52.088 W/MountService(  374): getVolumeState(/mnt/sdcard/external_SD): Unknown volume
05-20 10:38:52.088 W/MountService(  374): getVolumeState(/mnt/sdcard/external_sd): Unknown volume
05-20 10:39:51.697 W/MountService(  374): getVolumeState(/storage/emulated/0/external_sd): Unknown volume
05-20 10:39:51.697 W/MountService(  374): getVolumeState(/mnt/sdcard-ext): Unknown volume
05-20 10:39:51.697 W/MountService(  374): getVolumeState(/mnt/ext_sdcard): Unknown volume
05-20 10:39:51.697 W/MountService(  374): getVolumeState(/mnt/sdcard2): Unknown volume
05-20 10:39:51.705 W/MountService(  374): getVolumeState(/mnt/emmc): Unknown volume
05-20 10:39:51.705 W/MountService(  374): getVolumeState(/mnt/extSdCard): Unknown volume
05-20 10:39:51.705 W/MountService(  374): getVolumeState(/mnt/sdcard/SD_CARD): Unknown volume
05-20 10:39:51.705 W/MountService(  374): getVolumeState(/mnt/sdcard/extra_sd): Unknown volume
05-20 10:39:51.705 W/MountService(  374): getVolumeState(/mnt/extrasd_bind): Unknown volume
05-20 10:39:51.713 W/MountService(  374): getVolumeState(/mnt/sdcard/ext_sd): Unknown volume
05-20 10:39:51.713 W/MountService(  374): getVolumeState(/storage/extSdCard): Unknown volume
05-20 10:39:51.713 W/MountService(  374): getVolumeState(/storage/sdcard1): Unknown volume
05-20 10:39:51.721 W/MountService(  374): getVolumeState(/mnt/sdcard/external_SD): Unknown volume
05-20 10:39:51.721 W/MountService(  374): getVolumeState(/mnt/sdcard/external_sd): Unknown volume
05-20 10:39:52.080 W/MountService(  374): getVolumeState(/storage/emulated/0/external_sd): Unknown volume
05-20 10:39:52.080 W/MountService(  374): getVolumeState(/mnt/sdcard-ext): Unknown volume
05-20 10:39:52.080 W/MountService(  374): getVolumeState(/mnt/ext_sdcard): Unknown volume
05-20 10:39:52.080 W/MountService(  374): getVolumeState(/mnt/sdcard2): Unknown volume
05-20 10:39:52.080 W/MountService(  374): getVolumeState(/mnt/emmc): Unknown volume
05-20 10:39:52.088 W/MountService(  374): getVolumeState(/mnt/extSdCard): Unknown volume
05-20 10:39:52.088 W/MountService(  374): getVolumeState(/mnt/sdcard/SD_CARD): Unknown volume
05-20 10:39:52.088 W/MountService(  374): getVolumeState(/mnt/sdcard/extra_sd): Unknown volume
05-20 10:39:52.088 W/MountService(  374): getVolumeState(/mnt/extrasd_bind): Unknown volume
05-20 10:39:52.088 W/MountService(  374): getVolumeState(/mnt/sdcard/ext_sd): Unknown volume
05-20 10:39:52.088 W/MountService(  374): getVolumeState(/storage/extSdCard): Unknown volume
05-20 10:39:52.088 W/MountService(  374): getVolumeState(/storage/sdcard1): Unknown volume
05-20 10:39:52.088 W/MountService(  374): getVolumeState(/mnt/sdcard/external_SD): Unknown volume
05-20 10:39:52.088 W/MountService(  374): getVolumeState(/mnt/sdcard/external_sd): Unknown volume
05-20 10:40:22.283 I/ActivityManager(  374): Process com.nd.assistance.ServerService (pid 25452) has died.
05-20 10:40:24.314 I/ActivityManager(  374): Start proc com.nd.assistance.ServerService for service com.nd.assistance/.server.ServerService: pid=25849 uid=10068 gids={50068, 3003, 1015, 1006, 1028}
05-20 10:40:26.361 I/ActivityManager(  374): Process android.process.acore (pid 25617) has died.
05-20 10:40:26.908 I/ActivityManager(  374): Process com.qihoo360.mobilesafe:PcDaemon (pid 25330) has died.
05-20 10:40:27.213 W/MountService(  374): getVolumeState(/storage/emulated/0/external_sd): Unknown volume
05-20 10:40:27.213 W/MountService(  374): getVolumeState(/mnt/sdcard-ext): Unknown volume
05-20 10:40:27.213 W/MountService(  374): getVolumeState(/mnt/ext_sdcard): Unknown volume
05-20 10:40:27.213 W/MountService(  374): getVolumeState(/mnt/sdcard2): Unknown volume
05-20 10:40:27.213 W/MountService(  374): getVolumeState(/mnt/emmc): Unknown volume
05-20 10:40:27.213 W/MountService(  374): getVolumeState(/mnt/extSdCard): Unknown volume
05-20 10:40:27.213 W/MountService(  374): getVolumeState(/mnt/sdcard/SD_CARD): Unknown volume
05-20 10:40:27.213 W/MountService(  374): getVolumeState(/mnt/sdcard/extra_sd): Unknown volume
05-20 10:40:27.213 W/MountService(  374): getVolumeState(/mnt/extrasd_bind): Unknown volume
05-20 10:40:27.213 W/MountService(  374): getVolumeState(/mnt/sdcard/ext_sd): Unknown volume
05-20 10:40:27.213 W/MountService(  374): getVolumeState(/storage/extSdCard): Unknown volume
05-20 10:40:27.213 W/MountService(  374): getVolumeState(/storage/sdcard1): Unknown volume
05-20 10:40:27.213 W/MountService(  374): getVolumeState(/mnt/sdcard/external_SD): Unknown volume
05-20 10:40:27.221 W/MountService(  374): getVolumeState(/mnt/sdcard/external_sd): Unknown volume
05-20 10:40:27.361 W/MountService(  374): getVolumeState(/storage/emulated/0/external_sd): Unknown volume
05-20 10:40:27.361 W/MountService(  374): getVolumeState(/mnt/sdcard-ext): Unknown volume
05-20 10:40:27.361 W/MountService(  374): getVolumeState(/mnt/ext_sdcard): Unknown volume
05-20 10:40:27.361 W/MountService(  374): getVolumeState(/mnt/sdcard2): Unknown volume
05-20 10:40:27.361 W/MountService(  374): getVolumeState(/mnt/emmc): Unknown volume
05-20 10:40:27.361 W/MountService(  374): getVolumeState(/mnt/extSdCard): Unknown volume
05-20 10:40:27.361 W/MountService(  374): getVolumeState(/mnt/sdcard/SD_CARD): Unknown volume
05-20 10:40:27.361 W/MountService(  374): getVolumeState(/mnt/sdcard/extra_sd): Unknown volume
05-20 10:40:27.361 W/MountService(  374): getVolumeState(/mnt/extrasd_bind): Unknown volume
05-20 10:40:27.361 W/MountService(  374): getVolumeState(/mnt/sdcard/ext_sd): Unknown volume
05-20 10:40:27.361 W/MountService(  374): getVolumeState(/storage/extSdCard): Unknown volume
05-20 10:40:27.361 W/MountService(  374): getVolumeState(/storage/sdcard1): Unknown volume
05-20 10:40:27.361 W/MountService(  374): getVolumeState(/mnt/sdcard/external_SD): Unknown volume
05-20 10:40:27.369 W/MountService(  374): getVolumeState(/mnt/sdcard/external_sd): Unknown volume
05-20 10:40:27.596 W/MountService(  374): getVolumeState(/storage/emulated/0/external_sd): Unknown volume
05-20 10:40:27.603 W/MountService(  374): getVolumeState(/mnt/sdcard-ext): Unknown volume
05-20 10:40:27.635 W/MountService(  374): getVolumeState(/mnt/ext_sdcard): Unknown volume
05-20 10:40:27.681 W/MountService(  374): getVolumeState(/mnt/sdcard2): Unknown volume
05-20 10:40:27.689 W/MountService(  374): getVolumeState(/mnt/emmc): Unknown volume
05-20 10:40:27.689 W/MountService(  374): getVolumeState(/mnt/extSdCard): Unknown volume
05-20 10:40:27.689 W/MountService(  374): getVolumeState(/mnt/sdcard/SD_CARD): Unknown volume
05-20 10:40:27.689 W/MountService(  374): getVolumeState(/mnt/sdcard/extra_sd): Unknown volume
05-20 10:40:27.689 W/MountService(  374): getVolumeState(/mnt/extrasd_bind): Unknown volume
05-20 10:40:27.689 W/MountService(  374): getVolumeState(/mnt/sdcard/ext_sd): Unknown volume
05-20 10:40:27.689 W/MountService(  374): getVolumeState(/storage/extSdCard): Unknown volume
05-20 10:40:27.689 W/MountService(  374): getVolumeState(/storage/sdcard1): Unknown volume
05-20 10:40:27.689 W/MountService(  374): getVolumeState(/mnt/sdcard/external_SD): Unknown volume
05-20 10:40:27.689 W/MountService(  374): getVolumeState(/mnt/sdcard/external_sd): Unknown volume
05-20 10:40:27.900 I/ActivityManager(  374): Start proc android.process.acore for content provider com.android.providers.contacts/.ContactsProvider2: pid=26040 uid=10000 gids={50000, 3003, 1015, 1028}
05-20 10:40:28.072 I/PowerManagerService(  374): Waking up from sleep...
05-20 10:40:28.127 I/WindowManager(  374): Lock screen displayed!
05-20 10:40:30.736 I/ActivityManager(  374): Process com.google.android.deskclock (pid 24126) has died.
05-20 10:40:32.049 W/MountService(  374): getVolumeState(/storage/emulated/0/external_sd): Unknown volume
05-20 10:40:32.056 W/MountService(  374): getVolumeState(/mnt/sdcard-ext): Unknown volume
05-20 10:40:32.056 W/MountService(  374): getVolumeState(/mnt/ext_sdcard): Unknown volume
05-20 10:40:32.056 W/MountService(  374): getVolumeState(/mnt/sdcard2): Unknown volume
05-20 10:40:32.056 W/MountService(  374): getVolumeState(/mnt/emmc): Unknown volume
05-20 10:40:32.056 W/MountService(  374): getVolumeState(/mnt/extSdCard): Unknown volume
05-20 10:40:32.056 W/MountService(  374): getVolumeState(/mnt/sdcard/SD_CARD): Unknown volume
05-20 10:40:32.056 W/MountService(  374): getVolumeState(/mnt/sdcard/extra_sd): Unknown volume
05-20 10:40:32.056 W/MountService(  374): getVolumeState(/mnt/extrasd_bind): Unknown volume
05-20 10:40:32.056 W/MountService(  374): getVolumeState(/mnt/sdcard/ext_sd): Unknown volume
05-20 10:40:32.056 W/MountService(  374): getVolumeState(/storage/extSdCard): Unknown volume
05-20 10:40:32.056 W/MountService(  374): getVolumeState(/storage/sdcard1): Unknown volume
05-20 10:40:32.056 W/MountService(  374): getVolumeState(/mnt/sdcard/external_SD): Unknown volume
05-20 10:40:32.056 W/MountService(  374): getVolumeState(/mnt/sdcard/external_sd): Unknown volume
05-20 10:40:33.221 I/ActivityManager(  374): Start proc com.qihoo360.mobilesafe:PcDaemon for service com.qihoo360.mobilesafe/.pcdaemon.service.DaemonService: pid=26085 uid=10069 gids={50069, 3003, 1015, 3001, 3002, 1006, 1028}
05-20 10:40:33.291 I/ActivityManager(  374): Process com.google.android.email (pid 25696) has died.
05-20 10:40:34.056 W/BroadcastQueue(  374): Failure [background] sending broadcast result of Intent { act=com.qihoo360.mobilesafe.NotifyDaemonStart flg=0x10 }
05-20 10:40:34.056 W/BroadcastQueue(  374): android.os.DeadObjectException
05-20 10:40:34.056 W/BroadcastQueue(  374): 	at android.os.BinderProxy.transact(Native Method)
05-20 10:40:34.056 W/BroadcastQueue(  374): 	at android.content.IIntentReceiver$Stub$Proxy.performReceive(IIntentReceiver.java:124)
05-20 10:40:34.056 W/BroadcastQueue(  374): 	at com.android.server.am.BroadcastQueue.performReceiveLocked(BroadcastQueue.java:376)
05-20 10:40:34.056 W/BroadcastQueue(  374): 	at com.android.server.am.BroadcastQueue.processNextBroadcast(BroadcastQueue.java:599)
05-20 10:40:34.056 W/BroadcastQueue(  374): 	at com.android.server.am.ActivityManagerService.finishReceiver(ActivityManagerService.java:12390)
05-20 10:40:34.056 W/BroadcastQueue(  374): 	at android.app.ActivityManagerNative.onTransact(ActivityManagerNative.java:379)
05-20 10:40:34.056 W/BroadcastQueue(  374): 	at com.android.server.am.ActivityManagerService.onTransact(ActivityManagerService.java:1737)
05-20 10:40:34.056 W/BroadcastQueue(  374): 	at android.os.Binder.execTransact(Binder.java:388)
05-20 10:40:34.056 W/BroadcastQueue(  374): 	at dalvik.system.NativeStart.run(Native Method)
05-20 10:40:50.174 D/PhoneStatusBar(  448): disable: < expand icons alerts ticker system_info BACK HOME recent* CLOCK search* >
05-20 10:40:50.236 W/InputMethodManagerService(  374): Window already focused, ignoring focus gain of: com.android.internal.view.IInputMethodClient$Stub$Proxy@42b04810 attribute=android.view.inputmethod.EditorInfo@42d83670, token = android.os.BinderProxy@42942f70
05-20 10:40:50.236 D/PhoneStatusBar(  448): disable: < expand icons alerts ticker system_info back* home* recent clock* search >
05-20 10:40:50.486 I/ActivityManager(  374): Process com.nd.assistance.ServerService (pid 25849) has died.
05-20 10:40:52.166 I/ActivityManager(  374): Start proc com.nd.assistance.ServerService for service com.nd.assistance/.server.ServerService: pid=26157 uid=10068 gids={50068, 3003, 1015, 1006, 1028}
05-20 10:40:54.767 W/MountService(  374): getVolumeState(/storage/emulated/0/external_sd): Unknown volume
05-20 10:40:54.767 W/MountService(  374): getVolumeState(/mnt/sdcard-ext): Unknown volume
05-20 10:40:54.767 W/MountService(  374): getVolumeState(/mnt/ext_sdcard): Unknown volume
05-20 10:40:54.767 W/MountService(  374): getVolumeState(/mnt/sdcard2): Unknown volume
05-20 10:40:54.767 W/MountService(  374): getVolumeState(/mnt/emmc): Unknown volume
05-20 10:40:54.767 W/MountService(  374): getVolumeState(/mnt/extSdCard): Unknown volume
05-20 10:40:54.767 W/MountService(  374): getVolumeState(/mnt/sdcard/SD_CARD): Unknown volume
05-20 10:40:54.767 W/MountService(  374): getVolumeState(/mnt/sdcard/extra_sd): Unknown volume
05-20 10:40:54.767 W/MountService(  374): getVolumeState(/mnt/extrasd_bind): Unknown volume
05-20 10:40:54.767 W/MountService(  374): getVolumeState(/mnt/sdcard/ext_sd): Unknown volume
05-20 10:40:54.767 W/MountService(  374): getVolumeState(/storage/extSdCard): Unknown volume
05-20 10:40:54.767 W/MountService(  374): getVolumeState(/storage/sdcard1): Unknown volume
05-20 10:40:54.767 W/MountService(  374): getVolumeState(/mnt/sdcard/external_SD): Unknown volume
05-20 10:40:54.767 W/MountService(  374): getVolumeState(/mnt/sdcard/external_sd): Unknown volume
05-20 10:40:54.916 W/MountService(  374): getVolumeState(/storage/emulated/0/external_sd): Unknown volume
05-20 10:40:54.916 W/MountService(  374): getVolumeState(/mnt/sdcard-ext): Unknown volume
05-20 10:40:54.916 W/MountService(  374): getVolumeState(/mnt/ext_sdcard): Unknown volume
05-20 10:40:54.916 W/MountService(  374): getVolumeState(/mnt/sdcard2): Unknown volume
05-20 10:40:54.916 W/MountService(  374): getVolumeState(/mnt/emmc): Unknown volume
05-20 10:40:54.916 W/MountService(  374): getVolumeState(/mnt/extSdCard): Unknown volume
05-20 10:40:54.916 W/MountService(  374): getVolumeState(/mnt/sdcard/SD_CARD): Unknown volume
05-20 10:40:54.916 W/MountService(  374): getVolumeState(/mnt/sdcard/extra_sd): Unknown volume
05-20 10:40:54.916 W/MountService(  374): getVolumeState(/mnt/extrasd_bind): Unknown volume
05-20 10:40:54.916 W/MountService(  374): getVolumeState(/mnt/sdcard/ext_sd): Unknown volume
05-20 10:40:54.916 W/MountService(  374): getVolumeState(/storage/extSdCard): Unknown volume
05-20 10:40:54.916 W/MountService(  374): getVolumeState(/storage/sdcard1): Unknown volume
05-20 10:40:54.916 W/MountService(  374): getVolumeState(/mnt/sdcard/external_SD): Unknown volume
05-20 10:40:54.916 W/MountService(  374): getVolumeState(/mnt/sdcard/external_sd): Unknown volume
05-20 10:40:55.119 W/MountService(  374): getVolumeState(/storage/emulated/0/external_sd): Unknown volume
05-20 10:40:55.119 W/MountService(  374): getVolumeState(/mnt/sdcard-ext): Unknown volume
05-20 10:40:55.119 W/MountService(  374): getVolumeState(/mnt/ext_sdcard): Unknown volume
05-20 10:40:55.127 W/MountService(  374): getVolumeState(/mnt/sdcard2): Unknown volume
05-20 10:40:55.135 W/MountService(  374): getVolumeState(/mnt/emmc): Unknown volume
05-20 10:40:55.135 W/MountService(  374): getVolumeState(/mnt/extSdCard): Unknown volume
05-20 10:40:55.135 W/MountService(  374): getVolumeState(/mnt/sdcard/SD_CARD): Unknown volume
05-20 10:40:55.135 W/MountService(  374): getVolumeState(/mnt/sdcard/extra_sd): Unknown volume
05-20 10:40:55.135 W/MountService(  374): getVolumeState(/mnt/extrasd_bind): Unknown volume
05-20 10:40:55.135 W/MountService(  374): getVolumeState(/mnt/sdcard/ext_sd): Unknown volume
05-20 10:40:55.135 W/MountService(  374): getVolumeState(/storage/extSdCard): Unknown volume
05-20 10:40:55.142 W/MountService(  374): getVolumeState(/storage/sdcard1): Unknown volume
05-20 10:40:55.142 W/MountService(  374): getVolumeState(/mnt/sdcard/external_SD): Unknown volume
05-20 10:40:55.142 W/MountService(  374): getVolumeState(/mnt/sdcard/external_sd): Unknown volume
05-20 10:40:55.517 W/MountService(  374): getVolumeState(/storage/emulated/0/external_sd): Unknown volume
05-20 10:40:55.517 W/MountService(  374): getVolumeState(/mnt/sdcard-ext): Unknown volume
05-20 10:40:55.517 W/MountService(  374): getVolumeState(/mnt/ext_sdcard): Unknown volume
05-20 10:40:55.517 W/MountService(  374): getVolumeState(/mnt/sdcard2): Unknown volume
05-20 10:40:55.517 W/MountService(  374): getVolumeState(/mnt/emmc): Unknown volume
05-20 10:40:55.517 W/MountService(  374): getVolumeState(/mnt/extSdCard): Unknown volume
05-20 10:40:55.517 W/MountService(  374): getVolumeState(/mnt/sdcard/SD_CARD): Unknown volume
05-20 10:40:55.517 W/MountService(  374): getVolumeState(/mnt/sdcard/extra_sd): Unknown volume
05-20 10:40:55.517 W/MountService(  374): getVolumeState(/mnt/extrasd_bind): Unknown volume
05-20 10:40:55.517 W/MountService(  374): getVolumeState(/mnt/sdcard/ext_sd): Unknown volume
05-20 10:40:55.517 W/MountService(  374): getVolumeState(/storage/extSdCard): Unknown volume
05-20 10:40:55.533 W/MountService(  374): getVolumeState(/storage/sdcard1): Unknown volume
05-20 10:40:55.533 W/MountService(  374): getVolumeState(/mnt/sdcard/external_SD): Unknown volume
05-20 10:40:55.533 W/MountService(  374): getVolumeState(/mnt/sdcard/external_sd): Unknown volume
05-20 10:41:01.947 W/BroadcastQueue(  374): Failure [background] sending broadcast result of Intent { act=com.qihoo360.mobilesafe.NotifyDaemonStop flg=0x10 }
05-20 10:41:01.947 W/BroadcastQueue(  374): android.os.DeadObjectException
05-20 10:41:01.947 W/BroadcastQueue(  374): 	at android.os.BinderProxy.transact(Native Method)
05-20 10:41:01.947 W/BroadcastQueue(  374): 	at android.content.IIntentReceiver$Stub$Proxy.performReceive(IIntentReceiver.java:124)
05-20 10:41:01.947 W/BroadcastQueue(  374): 	at com.android.server.am.BroadcastQueue.performReceiveLocked(BroadcastQueue.java:376)
05-20 10:41:01.947 W/BroadcastQueue(  374): 	at com.android.server.am.BroadcastQueue.processNextBroadcast(BroadcastQueue.java:599)
05-20 10:41:01.947 W/BroadcastQueue(  374): 	at com.android.server.am.ActivityManagerService.finishReceiver(ActivityManagerService.java:12390)
05-20 10:41:01.947 W/BroadcastQueue(  374): 	at android.app.ActivityManagerNative.onTransact(ActivityManagerNative.java:379)
05-20 10:41:01.947 W/BroadcastQueue(  374): 	at com.android.server.am.ActivityManagerService.onTransact(ActivityManagerService.java:1737)
05-20 10:41:01.947 W/BroadcastQueue(  374): 	at android.os.Binder.execTransact(Binder.java:388)
05-20 10:41:01.947 W/BroadcastQueue(  374): 	at dalvik.system.NativeStart.run(Native Method)
05-20 10:41:28.635 I/PowerManagerService(  374): Going to sleep due to screen timeout...
05-20 10:41:34.330 I/ActivityManager(  374): Start proc com.google.android.deskclock for service com.google.android.deskclock/com.android.alarmclock.DigitalAppWidgetService: pid=26417 uid=10013 gids={50013, 1028}
05-20 10:41:34.588 D/PhoneStatusBar(  448): disable: < expand icons alerts ticker system_info back home RECENT* clock SEARCH* >
05-20 10:41:34.658 D/PhoneStatusBar(  448): disable: < expand icons alerts ticker system_info BACK* HOME* RECENT CLOCK* SEARCH >
05-20 10:41:42.650 I/PowerManagerService(  374): Waking up from sleep...
05-20 10:41:42.775 I/WindowManager(  374): Lock screen displayed!
05-20 10:41:55.135 W/MountService(  374): getVolumeState(/storage/emulated/0/external_sd): Unknown volume
05-20 10:41:55.135 W/MountService(  374): getVolumeState(/mnt/sdcard-ext): Unknown volume
05-20 10:41:55.135 W/MountService(  374): getVolumeState(/mnt/ext_sdcard): Unknown volume
05-20 10:41:55.135 W/MountService(  374): getVolumeState(/mnt/sdcard2): Unknown volume
05-20 10:41:55.135 W/MountService(  374): getVolumeState(/mnt/emmc): Unknown volume
05-20 10:41:55.135 W/MountService(  374): getVolumeState(/mnt/extSdCard): Unknown volume
05-20 10:41:55.142 W/MountService(  374): getVolumeState(/mnt/sdcard/SD_CARD): Unknown volume
05-20 10:41:55.142 W/MountService(  374): getVolumeState(/mnt/sdcard/extra_sd): Unknown volume
05-20 10:41:55.142 W/MountService(  374): getVolumeState(/mnt/extrasd_bind): Unknown volume
05-20 10:41:55.142 W/MountService(  374): getVolumeState(/mnt/sdcard/ext_sd): Unknown volume
05-20 10:41:55.142 W/MountService(  374): getVolumeState(/storage/extSdCard): Unknown volume
05-20 10:41:55.142 W/MountService(  374): getVolumeState(/storage/sdcard1): Unknown volume
05-20 10:41:55.150 W/MountService(  374): getVolumeState(/mnt/sdcard/external_SD): Unknown volume
05-20 10:41:55.150 W/MountService(  374): getVolumeState(/mnt/sdcard/external_sd): Unknown volume
05-20 10:41:55.455 W/MountService(  374): getVolumeState(/storage/emulated/0/external_sd): Unknown volume
05-20 10:41:55.455 W/MountService(  374): getVolumeState(/mnt/sdcard-ext): Unknown volume
05-20 10:41:55.455 W/MountService(  374): getVolumeState(/mnt/ext_sdcard): Unknown volume
05-20 10:41:55.463 W/MountService(  374): getVolumeState(/mnt/sdcard2): Unknown volume
05-20 10:41:55.463 W/MountService(  374): getVolumeState(/mnt/emmc): Unknown volume
05-20 10:41:55.463 W/MountService(  374): getVolumeState(/mnt/extSdCard): Unknown volume
05-20 10:41:55.463 W/MountService(  374): getVolumeState(/mnt/sdcard/SD_CARD): Unknown volume
05-20 10:41:55.463 W/MountService(  374): getVolumeState(/mnt/sdcard/extra_sd): Unknown volume
05-20 10:41:55.463 W/MountService(  374): getVolumeState(/mnt/extrasd_bind): Unknown volume
05-20 10:41:55.463 W/MountService(  374): getVolumeState(/mnt/sdcard/ext_sd): Unknown volume
05-20 10:41:55.463 W/MountService(  374): getVolumeState(/storage/extSdCard): Unknown volume
05-20 10:41:55.463 W/MountService(  374): getVolumeState(/storage/sdcard1): Unknown volume
05-20 10:41:55.463 W/MountService(  374): getVolumeState(/mnt/sdcard/external_SD): Unknown volume
05-20 10:41:55.463 W/MountService(  374): getVolumeState(/mnt/sdcard/external_sd): Unknown volume
05-20 10:42:12.658 I/PowerManagerService(  374): Going to sleep due to screen timeout...
05-20 10:42:14.088 I/ActivityManager(  374): START u0 {flg=0x10008000 cmp=com.pekall.emdm.launcher/com.pekall.emdm.ui.SplashActivity} from pid 12519
05-20 10:42:14.103 W/ActivityManager(  374): Unable to start service Intent { act=com.pekall.mdm.action.SELECT_ERASE } U=0: not found
05-20 10:42:14.119 I/ActivityManager(  374): START u0 {cmp=com.pekall.emdm.launcher/com.pekall.emdm.ui.SplashActivity} from pid 12519
05-20 10:42:14.596 W/ActivityManager(  374): Activity pause timeout for ActivityRecord{4229e598 u0 com.pekall.emdm.launcher/.Launcher}
--------- beginning of /dev/log/main
05-20 10:42:15.056 W/System.err(12519): 	at com.pekall.sandbox.database.sqlite.SQLiteStatement.acquireAndLock(Unknown Source)
05-20 10:42:15.056 W/System.err(12519): 	at com.pekall.sandbox.database.sqlite.SQLiteStatement.executeUpdateDelete(Unknown Source)
05-20 10:42:15.056 W/System.err(12519): 	at com.pekall.sandbox.database.sqlite.SQLiteDatabase.delete(Unknown Source)
05-20 10:42:15.056 W/System.err(12519): 	at com.pekall.emdm.database.a.e(Unknown Source)
05-20 10:42:15.056 W/System.err(12519): 	at com.pekall.emdm.b.run(Unknown Source)
05-20 10:42:15.056 W/System.err(12519): 	at java.lang.Thread.run(Thread.java:841)
05-20 10:42:15.072 D/LauncherApplication(12519): [null:-1]->onActivityPaused
05-20 10:42:15.088 D/LauncherApplication(12519): [null:-1]->onActivityPaused  updateTime
05-20 10:42:15.088 I/Choreographer(12519): Skipped 57 frames!  The application may be doing too much work on its main thread.
05-20 10:42:15.103 W/ActivityManager(  374): Activity pause timeout for ActivityRecord{427df3e0 u0 com.pekall.emdm.launcher/com.pekall.emdm.ui.SplashActivity}
05-20 10:42:15.502 D/dalvikvm(12519): JIT unchain all for threadid=11
05-20 10:42:15.588 D/dalvikvm(12519): GC_FOR_ALLOC freed 294K, 9% free 89457K/97572K, paused 330ms, total 331ms
05-20 10:42:15.596 I/dalvikvm-heap(12519): Grow heap (frag case) to 88.072MB for 638672-byte allocation
05-20 10:42:15.846 D/dalvikvm(12519): JIT unchain all for threadid=11
05-20 10:42:15.924 I/dalvikvm-heap(12519): Clamp target GC heap from 96.068MB to 96.000MB
05-20 10:42:15.924 D/dalvikvm(12519): GC_FOR_ALLOC freed 4K, 9% free 90077K/98196K, paused 329ms, total 329ms
05-20 10:42:16.010 V/LauncherApplication(12519): onActivityStarted
05-20 10:42:16.010 D/        (12519): [---null: -1---]     awsa  onActivityResumed
05-20 10:42:16.010 V/LauncherApplication(12519): 2MdmConstant.LAST_LAUNCH_TIME = 1400553735096
05-20 10:42:16.025 D/        (12519): [---null: -1---]  activity = com.pekall.emdm.ui.SplashActivity
05-20 10:42:16.033 D/LauncherApplication(12519): [null:-1]->onActivityPaused
05-20 10:42:16.049 V/LauncherApplication(12519): onActivityStarted
05-20 10:42:16.049 D/        (12519): [---null: -1---]     awsa  onActivityResumed
05-20 10:42:16.049 V/LauncherApplication(12519): 2MdmConstant.LAST_LAUNCH_TIME = 1400553735096
05-20 10:42:16.056 D/        (12519): [---null: -1---]  activity = com.pekall.emdm.ui.SplashActivity
05-20 10:42:16.064 D/LauncherApplication(12519): [null:-1]->onActivityPaused
05-20 10:42:16.080 D/HomeLoaders(12519): aborting loaders
05-20 10:42:16.330 D/dalvikvm(12519): JIT unchain all for threadid=11
05-20 10:42:16.658 D/dalvikvm(12519): JIT unchain all for threadid=11
05-20 10:42:16.697 I/dalvikvm-heap(12519): Clamp target GC heap from 96.077MB to 96.000MB
05-20 10:42:16.697 D/dalvikvm(12519): GC_EXPLICIT freed 59K, 9% free 90086K/98196K, paused 268ms+279ms, total 620ms
05-20 10:42:16.744 I/Choreographer(12519): Skipped 92 frames!  The application may be doing too much work on its main thread.
05-20 10:42:16.814 D/EmailBroadcastReceiver(12519): 1111  Email receives broadcast 'com.pekall.mdm.action.SELECT_ERASE'
05-20 10:42:16.814 D/AccountProvision(12519): Process email select erase broadcast.
05-20 10:42:16.814 W/Parcel  ( 1661): Attempt to read object from Parcel 0x5dfd3dac at offset 200 that is not in the object list
05-20 10:42:16.838 V/h       (12519): Bind requested for task deleteAccount
05-20 10:42:16.846 V/MessageReceiver(12519): Received message: com.pekall.mdm.action.SELECT_ERASE
05-20 10:42:16.861 I/ActivityManager(  374): Displayed com.pekall.emdm.launcher/com.pekall.emdm.ui.SplashActivity: +2s262ms (total +12m38s197ms)
05-20 10:42:16.900 D/MessageCenterReceiver(12519): action is : com.pekall.mdm.action.SELECT_ERASE
05-20 10:42:16.900 D/MessageProvider(12519): uri is content://com.pekall.emdm.message/message
05-20 10:42:16.931 W/Parcel  ( 1661): Attempt to read object from Parcel 0x5ded3dac at offset 200 that is not in the object list
05-20 10:42:16.939 D/MessageProvider(12519): delete all message
05-20 10:42:16.939 D/MessageCenterReceiver(12519): uri is : content://com.pekall.emdm.message/message  , count is 24
05-20 10:42:16.947 V/h       (12519): Connected: com.pekall.semail.service.AccountService
05-20 10:42:16.963 W/AccountService(12519): There's no account.
05-20 10:42:16.963 V/h       (12519): Task deleteAccount completed; disconnecting
05-20 10:42:16.971 I/Email   (12519): Notifications being toggled: false
05-20 10:42:16.971 W/ActivityManager(  374): Unable to start service Intent { cmp=com.pekall.emdm.launcher/com.pekall.semail.service.AttachmentDownloadService } U=0: not found
05-20 10:42:17.510 W/Parcel  ( 1661): Attempt to read object from Parcel 0x5ec3bdac at offset 200 that is not in the object list
05-20 10:42:17.510 I/ActivityManager(  374): START u0 {cmp=com.pekall.emdm.launcher/com.pekall.emdm.ui.ActiveDeviceAdminActivity} from pid 12519
05-20 10:42:17.572 V/LauncherApplication(12519): onActivityStarted
05-20 10:42:17.572 D/        (12519): [---null: -1---]     awsa  onActivityResumed
05-20 10:42:17.572 V/LauncherApplication(12519): 2MdmConstant.LAST_LAUNCH_TIME = 1400553735096
05-20 10:42:17.588 D/        (12519): [---null: -1---]  activity = com.pekall.emdm.ui.ActiveDeviceAdminActivity
05-20 10:42:17.588 W/Parcel  ( 1661): Attempt to read object from Parcel 0x6003bdac at offset 200 that is not in the object list
05-20 10:42:17.588 I/ActivityManager(  374): START u0 {cmp=com.pekall.emdm.launcher/com.pekall.emdm.ui.RegDeviceActivity} from pid 12519
05-20 10:42:17.596 D/LauncherApplication(12519): [null:-1]->onActivityPaused
05-20 10:42:17.650 V/LauncherApplication(12519): onActivityStarted
05-20 10:42:17.713 D/        (12519): [---null: -1---]     awsa  onActivityResumed
05-20 10:42:17.713 V/LauncherApplication(12519): 2MdmConstant.LAST_LAUNCH_TIME = 1400553735096
05-20 10:42:17.728 D/        (12519): [---null: -1---]  activity = com.pekall.emdm.ui.RegDeviceActivity
05-20 10:42:17.736 D/LauncherApplication(12519): [null:-1]->onActivityPaused
05-20 10:42:17.744 V/LauncherApplication(12519): onActivityStarted
05-20 10:42:17.744 D/        (12519): [---null: -1---]     awsa  onActivityResumed
05-20 10:42:17.744 V/LauncherApplication(12519): 2MdmConstant.LAST_LAUNCH_TIME = 1400553735096
05-20 10:42:17.752 D/        (12519): [---null: -1---]  activity = com.pekall.emdm.ui.RegDeviceActivity
05-20 10:42:17.760 D/LauncherApplication(12519): [null:-1]->onActivityPaused
05-20 10:42:17.963 I/ActivityManager(  374): Displayed com.pekall.emdm.launcher/com.pekall.emdm.ui.RegDeviceActivity: +362ms (total +451ms)
05-20 10:42:19.627 D/dalvikvm( 1661): GC_EXPLICIT freed 83K, 18% free 13077K/15888K, paused 3ms+5ms, total 62ms
05-20 10:42:24.955 D/AndroidRuntime(26480): 
05-20 10:42:24.955 D/AndroidRuntime(26480): >>>>>> AndroidRuntime START com.android.internal.os.RuntimeInit <<<<<<
05-20 10:42:24.955 D/AndroidRuntime(26480): CheckJNI is OFF
05-20 10:42:24.971 D/dalvikvm(26480): Trying to load lib libjavacore.so 0x0
05-20 10:42:24.978 D/dalvikvm(26480): Added shared lib libjavacore.so 0x0
05-20 10:42:24.994 D/dalvikvm(26480): Trying to load lib libnativehelper.so 0x0
05-20 10:42:24.994 D/dalvikvm(26480): Added shared lib libnativehelper.so 0x0
05-20 10:42:25.291 D/AndroidRuntime(26480): Calling main entry com.android.commands.uiautomator.Launcher
05-20 10:42:25.322 D/dalvikvm(26480): Note: class Landroid/app/ActivityManagerNative; has 163 unimplemented (abstract) methods
05-20 10:42:25.392 I/PowerManagerService(  374): Waking up from sleep...
05-20 10:42:25.455 I/WindowManager(  374): Lock screen displayed!
05-20 10:42:25.580 W/Parcel  ( 1661): Attempt to read object from Parcel 0x5ec3bdac at offset 200 that is not in the object list
05-20 10:42:25.580 W/Parcel  ( 1661): Attempt to read object from Parcel 0x6003bdac at offset 200 that is not in the object list
05-20 10:42:25.736 W/Settings( 1661): Setting airplane_mode_on has moved from android.provider.Settings.System to android.provider.Settings.Global, returning read-only value.
05-20 10:42:25.752 D/PowerManagerService-JNI(  374): Excessive delay in autosuspend_disable() while turning screen on: 352ms
05-20 10:42:25.760 V/WiseDownloadConditionControler(10785): checkCondition  type : WISE_DOWNLOAD  inerrupting: true
05-20 10:42:25.783 W/Parcel  ( 1661): Attempt to read object from Parcel 0x6003bdac at offset 200 that is not in the object list
05-20 10:42:25.830 V/DigitalWidgetViewsFactory(26417): DigitalWidget sets next alarm string to null
05-20 10:42:25.931 I/ActivityManager(  374): Process com.google.android.apps.maps:LocationFriendService (pid 25785) has died.
05-20 10:42:25.939 D/SurfaceFlinger(  124): Screen acquired, type=0 flinger=0x40e95478
05-20 10:42:26.002 D/LightsService(  374): Excessive delay setting light: 61ms
05-20 10:42:26.017 W/dalvikvm(26480): Stack overflow on call to interp (req=48 top=0x41714000 cur=0x4170e330 size=24576 Ljava/lang/ref/Reference;.get)
05-20 10:42:26.017 I/dalvikvm(26480): threadid=1: stack overflow on call to Ljava/lang/ref/Reference;.get:L
05-20 10:42:26.017 I/dalvikvm(26480):   method requires 8+20+0=28 bytes, fp is 0x4170e31c (28 left)
05-20 10:42:26.017 I/dalvikvm(26480):   expanding stack end (0x4170e300 to 0x4170e000)
05-20 10:42:26.017 I/dalvikvm(26480): Shrank stack (to 0x4170e300, curFrame is 0x41713d0c)
05-20 10:42:26.189 I/AndroidRuntime(26480): VM exiting with result code 0.
05-20 10:42:29.635 D/dalvikvm( 1661): GC_EXPLICIT freed 539K, 18% free 13109K/15888K, paused 4ms+6ms, total 60ms
05-20 10:42:49.502 D/LightsService(  374): Excessive delay setting light: 67ms
05-20 10:42:51.642 D/AndroidRuntime(26511): 
05-20 10:42:51.642 D/AndroidRuntime(26511): >>>>>> AndroidRuntime START com.android.internal.os.RuntimeInit <<<<<<
05-20 10:42:51.642 D/AndroidRuntime(26511): CheckJNI is OFF
05-20 10:42:51.650 D/dalvikvm(26511): Trying to load lib libjavacore.so 0x0
05-20 10:42:51.650 D/dalvikvm(26511): Added shared lib libjavacore.so 0x0
05-20 10:42:51.658 D/dalvikvm(26511): Trying to load lib libnativehelper.so 0x0
05-20 10:42:51.666 D/dalvikvm(26511): Added shared lib libnativehelper.so 0x0
05-20 10:42:51.814 D/AndroidRuntime(26511): Calling main entry com.android.commands.uiautomator.Launcher
05-20 10:42:51.838 D/dalvikvm(26511): Note: class Landroid/app/ActivityManagerNative; has 163 unimplemented (abstract) methods
05-20 10:42:51.947 W/dalvikvm(26511): Stack overflow on call to interp (req=48 top=0x4171a000 cur=0x41714330 size=24576 Ljava/lang/ref/Reference;.get)
05-20 10:42:51.947 I/dalvikvm(26511): threadid=1: stack overflow on call to Ljava/lang/ref/Reference;.get:L
05-20 10:42:51.947 I/dalvikvm(26511):   method requires 8+20+0=28 bytes, fp is 0x4171431c (28 left)
05-20 10:42:51.947 I/dalvikvm(26511):   expanding stack end (0x41714300 to 0x41714000)
05-20 10:42:51.947 I/dalvikvm(26511): Shrank stack (to 0x41714300, curFrame is 0x41719d0c)
05-20 10:42:52.096 I/AndroidRuntime(26511): VM exiting with result code 0.
05-20 10:42:55.228 W/MountService(  374): getVolumeState(/storage/emulated/0/external_sd): Unknown volume
05-20 10:42:55.236 W/MountService(  374): getVolumeState(/mnt/sdcard-ext): Unknown volume
05-20 10:42:55.236 W/MountService(  374): getVolumeState(/mnt/ext_sdcard): Unknown volume
05-20 10:42:55.236 W/MountService(  374): getVolumeState(/mnt/sdcard2): Unknown volume
05-20 10:42:55.236 W/MountService(  374): getVolumeState(/mnt/emmc): Unknown volume
05-20 10:42:55.236 W/MountService(  374): getVolumeState(/mnt/extSdCard): Unknown volume
05-20 10:42:55.236 W/MountService(  374): getVolumeState(/mnt/sdcard/SD_CARD): Unknown volume
05-20 10:42:55.236 W/MountService(  374): getVolumeState(/mnt/sdcard/extra_sd): Unknown volume
05-20 10:42:55.236 W/MountService(  374): getVolumeState(/mnt/extrasd_bind): Unknown volume
05-20 10:42:55.244 W/MountService(  374): getVolumeState(/mnt/sdcard/ext_sd): Unknown volume
05-20 10:42:55.252 D/dalvikvm( 1468): GC_CONCURRENT freed 551K, 21% free 9608K/12104K, paused 3ms+4ms, total 33ms
05-20 10:42:55.252 D/dalvikvm( 1468): WAIT_FOR_CONCURRENT_GC blocked 8ms
05-20 10:42:55.252 W/MountService(  374): getVolumeState(/storage/extSdCard): Unknown volume
05-20 10:42:55.260 W/MountService(  374): getVolumeState(/storage/sdcard1): Unknown volume
05-20 10:42:55.260 W/MountService(  374): getVolumeState(/mnt/sdcard/external_SD): Unknown volume
05-20 10:42:55.260 W/MountService(  374): getVolumeState(/mnt/sdcard/external_sd): Unknown volume
05-20 10:42:55.275 W/Parcel  ( 1661): Attempt to read object from Parcel 0x5ec3bdac at offset 200 that is not in the object list
05-20 10:42:55.385 D/dalvikvm( 1468): GC_CONCURRENT freed 286K, 20% free 9723K/12104K, paused 4ms+4ms, total 25ms
05-20 10:42:55.392 I/PowerManagerService(  374): Going to sleep due to screen timeout...
05-20 10:42:55.666 W/MountService(  374): getVolumeState(/storage/emulated/0/external_sd): Unknown volume
05-20 10:42:55.666 W/MountService(  374): getVolumeState(/mnt/sdcard-ext): Unknown volume
05-20 10:42:55.666 W/MountService(  374): getVolumeState(/mnt/ext_sdcard): Unknown volume
05-20 10:42:55.666 W/MountService(  374): getVolumeState(/mnt/sdcard2): Unknown volume
05-20 10:42:55.666 W/MountService(  374): getVolumeState(/mnt/emmc): Unknown volume
05-20 10:42:55.666 W/MountService(  374): getVolumeState(/mnt/extSdCard): Unknown volume
05-20 10:42:55.666 W/MountService(  374): getVolumeState(/mnt/sdcard/SD_CARD): Unknown volume
05-20 10:42:55.674 W/MountService(  374): getVolumeState(/mnt/sdcard/extra_sd): Unknown volume
05-20 10:42:55.674 W/MountService(  374): getVolumeState(/mnt/extrasd_bind): Unknown volume
05-20 10:42:55.674 W/MountService(  374): getVolumeState(/mnt/sdcard/ext_sd): Unknown volume
05-20 10:42:55.674 W/MountService(  374): getVolumeState(/storage/extSdCard): Unknown volume
05-20 10:42:55.674 W/MountService(  374): getVolumeState(/storage/sdcard1): Unknown volume
05-20 10:42:55.674 W/MountService(  374): getVolumeState(/mnt/sdcard/external_SD): Unknown volume
05-20 10:42:55.674 W/MountService(  374): getVolumeState(/mnt/sdcard/external_sd): Unknown volume
05-20 10:42:55.721 D/dalvikvm( 1468): GC_CONCURRENT freed 520K, 21% free 9661K/12104K, paused 4ms+6ms, total 41ms
05-20 10:42:56.096 W/Parcel  ( 1661): Attempt to read object from Parcel 0x5ef3bdac at offset 200 that is not in the object list
05-20 10:42:56.127 V/KeyguardHostView(  374): hide transport, gen:1
05-20 10:42:56.127 V/KeyguardHostView(  374): music state changed: 0
05-20 10:42:56.135 D/LightsService(  374): Excessive delay setting light: 102ms
05-20 10:42:56.150 D/SurfaceFlinger(  124): Screen released, type=0 flinger=0x40e95478
05-20 10:42:56.174 V/MDM :   (12519): [null:-1]->Screen receiver is called.
05-20 10:42:56.181 V/WiseDownloadConditionControler(10785): checkCondition  type : TODAY_LAUNCHED_USER  inerrupting: false
05-20 10:42:56.189 W/Parcel  ( 1661): Attempt to read object from Parcel 0x6003bdac at offset 200 that is not in the object list
05-20 10:42:56.189 W/Parcel  ( 1661): Attempt to read object from Parcel 0x5ef3bdac at offset 200 that is not in the object list
05-20 10:43:02.666 D/dalvikvm(  374): GC_EXPLICIT freed 2174K, 20% free 21539K/26804K, paused 4ms+18ms, total 132ms
05-20 10:43:22.767 D/dalvikvm(  561): GC_EXPLICIT freed 327K, 5% free 9420K/9852K, paused 2ms+5ms, total 35ms
05-20 10:43:55.080 D/dalvikvm( 1661): GC_EXPLICIT freed 665K, 18% free 13122K/15888K, paused 3ms+5ms, total 77ms
05-20 10:43:55.361 W/MountService(  374): getVolumeState(/storage/emulated/0/external_sd): Unknown volume
05-20 10:43:55.361 W/MountService(  374): getVolumeState(/mnt/sdcard-ext): Unknown volume
05-20 10:43:55.361 W/MountService(  374): getVolumeState(/mnt/ext_sdcard): Unknown volume
05-20 10:43:55.361 W/MountService(  374): getVolumeState(/mnt/sdcard2): Unknown volume
05-20 10:43:55.361 W/MountService(  374): getVolumeState(/mnt/emmc): Unknown volume
05-20 10:43:55.361 W/MountService(  374): getVolumeState(/mnt/extSdCard): Unknown volume
05-20 10:43:55.361 W/MountService(  374): getVolumeState(/mnt/sdcard/SD_CARD): Unknown volume
05-20 10:43:55.361 W/MountService(  374): getVolumeState(/mnt/sdcard/extra_sd): Unknown volume
05-20 10:43:55.369 W/MountService(  374): getVolumeState(/mnt/extrasd_bind): Unknown volume
05-20 10:43:55.369 W/MountService(  374): getVolumeState(/mnt/sdcard/ext_sd): Unknown volume
05-20 10:43:55.369 W/MountService(  374): getVolumeState(/storage/extSdCard): Unknown volume
05-20 10:43:55.369 W/MountService(  374): getVolumeState(/storage/sdcard1): Unknown volume
05-20 10:43:55.369 W/MountService(  374): getVolumeState(/mnt/sdcard/external_SD): Unknown volume
05-20 10:43:55.369 W/MountService(  374): getVolumeState(/mnt/sdcard/external_sd): Unknown volume
05-20 10:43:55.455 D/dalvikvm( 1468): GC_CONCURRENT freed 527K, 21% free 9644K/12104K, paused 7ms+18ms, total 78ms
05-20 10:43:55.455 D/dalvikvm( 1468): WAIT_FOR_CONCURRENT_GC blocked 37ms
05-20 10:43:55.721 W/MountService(  374): getVolumeState(/storage/emulated/0/external_sd): Unknown volume
05-20 10:43:55.721 W/MountService(  374): getVolumeState(/mnt/sdcard-ext): Unknown volume
05-20 10:43:55.721 W/MountService(  374): getVolumeState(/mnt/ext_sdcard): Unknown volume
05-20 10:43:55.721 W/MountService(  374): getVolumeState(/mnt/sdcard2): Unknown volume
05-20 10:43:55.728 W/MountService(  374): getVolumeState(/mnt/emmc): Unknown volume
05-20 10:43:55.728 W/MountService(  374): getVolumeState(/mnt/extSdCard): Unknown volume
05-20 10:43:55.728 W/MountService(  374): getVolumeState(/mnt/sdcard/SD_CARD): Unknown volume
05-20 10:43:55.736 W/MountService(  374): getVolumeState(/mnt/sdcard/extra_sd): Unknown volume
05-20 10:43:55.736 W/MountService(  374): getVolumeState(/mnt/extrasd_bind): Unknown volume
05-20 10:43:55.736 W/MountService(  374): getVolumeState(/mnt/sdcard/ext_sd): Unknown volume
05-20 10:43:55.736 W/MountService(  374): getVolumeState(/storage/extSdCard): Unknown volume
05-20 10:43:55.736 W/MountService(  374): getVolumeState(/storage/sdcard1): Unknown volume
05-20 10:43:55.736 W/MountService(  374): getVolumeState(/mnt/sdcard/external_SD): Unknown volume
05-20 10:43:55.736 W/MountService(  374): getVolumeState(/mnt/sdcard/external_sd): Unknown volume
05-20 10:43:55.760 D/dalvikvm( 1468): GC_CONCURRENT freed 529K, 21% free 9626K/12104K, paused 4ms+4ms, total 44ms
05-20 10:43:55.760 D/dalvikvm( 1468): WAIT_FOR_CONCURRENT_GC blocked 16ms
05-20 10:44:00.142 D/dalvikvm( 1661): GC_EXPLICIT freed 131K, 18% free 13079K/15888K, paused 3ms+5ms, total 63ms
05-20 10:44:10.135 D/dalvikvm( 1661): GC_EXPLICIT freed 30K, 18% free 13077K/15888K, paused 3ms+5ms, total 60ms
05-20 10:44:33.056 D/MdmService(12519): [null:-1]->receiver action :com.pekall.mdm.action.MDM_ALARM
05-20 10:44:33.056 D/MdmService(12519): [null:-1]->keepAliveWithPushServer client is opened:true
05-20 10:44:33.056 D/MDM :   (12519): [null:-1]->ping!!!!!!!!!
05-20 10:44:33.064 D/MdmService(12519): [null:-1]->pushUrl : ws://test.mdm.everknow.cn:9090/websocket
05-20 10:44:33.064 D/MDM :   (12519): [null:-1]->mMdmPushClient is :not null
05-20 10:44:33.064 D/MDM :   (12519): [null:-1]->mMdmPushClient opened : opened
05-20 10:44:33.064 D/ProfileManager(12519): [null:-1]->check policy checking :false
05-20 10:44:33.064 D/com.pekall.restrictions.policy(12519): [null:-1]->allowBluetooth : null
05-20 10:44:33.072 D/com.pekall.restrictions.policy(12519): [null:-1]->ensureSimulateLocation :null
05-20 10:44:33.072 D/com.pekall.restrictions.policy(12519): [null:-1]->allowUseNetworkDate : null
05-20 10:44:33.072 E/DatabaseUtils(  374): Writing exception to parcel
05-20 10:44:33.072 E/DatabaseUtils(  374): java.lang.SecurityException: Permission denial: writing to secure settings requires android.permission.WRITE_SECURE_SETTINGS
05-20 10:44:33.072 E/DatabaseUtils(  374): 	at com.android.providers.settings.SettingsProvider.checkWritePermissions(SettingsProvider.java:279)
