05-20 10:44:33.072 E/DatabaseUtils(  374): 	at com.android.providers.settings.SettingsProvider.insertForUser(SettingsProvider.java:897)
05-20 10:44:33.072 E/DatabaseUtils(  374): 	at com.android.providers.settings.SettingsProvider.callFromPackage(SettingsProvider.java:634)
05-20 10:44:33.072 E/DatabaseUtils(  374): 	at android.content.ContentProvider$Transport.call(ContentProvider.java:279)
05-20 10:44:33.072 E/DatabaseUtils(  374): 	at android.content.ContentProviderNative.onTransact(ContentProviderNative.java:273)
05-20 10:44:33.072 E/DatabaseUtils(  374): 	at android.os.Binder.execTransact(Binder.java:388)
05-20 10:44:33.072 E/DatabaseUtils(  374): 	at dalvik.system.NativeStart.run(Native Method)
05-20 10:44:33.080 D/com.pekall.restrictions.policy(12519): [null:-1]->allowUseNetworkDate error
05-20 10:44:33.080 D/com.pekall.restrictions.policy(12519): java.lang.SecurityException: Permission denial: writing to secure settings requires android.permission.WRITE_SECURE_SETTINGS
05-20 10:44:33.080 D/com.pekall.restrictions.policy(12519): 	at android.os.Parcel.readException(Parcel.java:1431)
05-20 10:44:33.080 D/com.pekall.restrictions.policy(12519): 	at android.database.DatabaseUtils.readExceptionFromParcel(DatabaseUtils.java:185)
05-20 10:44:33.080 D/com.pekall.restrictions.policy(12519): 	at android.database.DatabaseUtils.readExceptionFromParcel(DatabaseUtils.java:137)
05-20 10:44:33.080 D/com.pekall.restrictions.policy(12519): 	at android.content.ContentProviderProxy.call(ContentProviderNative.java:602)
05-20 10:44:33.080 D/com.pekall.restrictions.policy(12519): 	at android.provider.Settings$NameValueCache.putStringForUser(Settings.java:818)
05-20 10:44:33.080 D/com.pekall.restrictions.policy(12519): 	at android.provider.Settings$Global.putStringForUser(Settings.java:5529)
05-20 10:44:33.080 D/com.pekall.restrictions.policy(12519): 	at android.provider.Settings$Global.putString(Settings.java:5519)
05-20 10:44:33.080 D/com.pekall.restrictions.policy(12519): 	at android.provider.Settings$Global.putInt(Settings.java:5607)
05-20 10:44:33.080 D/com.pekall.restrictions.policy(12519): 	at com.pekall.emdm.b.c.b.j.c(Unknown Source)
05-20 10:44:33.080 D/com.pekall.restrictions.policy(12519): 	at com.pekall.emdm.b.c.b.j.h(Unknown Source)
05-20 10:44:33.080 D/com.pekall.restrictions.policy(12519): 	at com.pekall.emdm.b.c.e.run(Unknown Source)
05-20 10:44:33.080 D/com.pekall.restrictions.policy(12519): [null:-1]->allowNFC : null
05-20 10:44:33.088 D/InnerClass(12519): [null:-1]->enableNfc : 
05-20 10:44:33.088 D/InnerClass(12519): java.lang.reflect.InvocationTargetException
05-20 10:44:33.088 D/InnerClass(12519): 	at java.lang.reflect.Method.invokeNative(Native Method)
05-20 10:44:33.088 D/InnerClass(12519): 	at java.lang.reflect.Method.invoke(Method.java:525)
05-20 10:44:33.088 D/InnerClass(12519): 	at com.pekall.emdm.c.i.a(Unknown Source)
05-20 10:44:33.088 D/InnerClass(12519): 	at com.pekall.emdm.c.c.a(Unknown Source)
05-20 10:44:33.088 D/InnerClass(12519): 	at com.pekall.emdm.b.c.b.j.b(Unknown Source)
05-20 10:44:33.088 D/InnerClass(12519): 	at com.pekall.emdm.b.c.b.j.h(Unknown Source)
05-20 10:44:33.088 D/InnerClass(12519): 	at com.pekall.emdm.b.c.e.run(Unknown Source)
05-20 10:44:33.088 D/InnerClass(12519): Caused by: java.lang.SecurityException: WRITE_SECURE_SETTINGS permission required: Neither user 10066 nor current process has android.permission.WRITE_SECURE_SETTINGS.
05-20 10:44:33.088 D/InnerClass(12519): 	at android.os.Parcel.readException(Parcel.java:1431)
05-20 10:44:33.088 D/InnerClass(12519): 	at android.os.Parcel.readException(Parcel.java:1385)
05-20 10:44:33.088 D/InnerClass(12519): 	at android.nfc.INfcAdapter$Stub$Proxy.disable(INfcAdapter.java:252)
05-20 10:44:33.088 D/InnerClass(12519): 	at android.nfc.NfcAdapter.disable(NfcAdapter.java:574)
05-20 10:44:33.088 D/InnerClass(12519): 	... 7 more
05-20 10:44:33.088 D/MDM :   (12519): [null:-1]->MSG_WEBSOCKET_PONG
05-20 10:44:55.424 W/MountService(  374): getVolumeState(/storage/emulated/0/external_sd): Unknown volume
05-20 10:44:55.431 W/MountService(  374): getVolumeState(/mnt/sdcard-ext): Unknown volume
05-20 10:44:55.439 W/MountService(  374): getVolumeState(/mnt/ext_sdcard): Unknown volume
05-20 10:44:55.439 W/MountService(  374): getVolumeState(/mnt/sdcard2): Unknown volume
05-20 10:44:55.439 W/MountService(  374): getVolumeState(/mnt/emmc): Unknown volume
05-20 10:44:55.439 W/MountService(  374): getVolumeState(/mnt/extSdCard): Unknown volume
05-20 10:44:55.439 W/MountService(  374): getVolumeState(/mnt/sdcard/SD_CARD): Unknown volume
05-20 10:44:55.439 W/MountService(  374): getVolumeState(/mnt/sdcard/extra_sd): Unknown volume
05-20 10:44:55.439 W/MountService(  374): getVolumeState(/mnt/extrasd_bind): Unknown volume
05-20 10:44:55.439 W/MountService(  374): getVolumeState(/mnt/sdcard/ext_sd): Unknown volume
05-20 10:44:55.447 W/MountService(  374): getVolumeState(/storage/extSdCard): Unknown volume
05-20 10:44:55.447 W/MountService(  374): getVolumeState(/storage/sdcard1): Unknown volume
05-20 10:44:55.447 W/MountService(  374): getVolumeState(/mnt/sdcard/external_SD): Unknown volume
05-20 10:44:55.447 W/MountService(  374): getVolumeState(/mnt/sdcard/external_sd): Unknown volume
05-20 10:44:55.471 D/dalvikvm( 1468): GC_CONCURRENT freed 497K, 21% free 9640K/12104K, paused 5ms+4ms, total 50ms
05-20 10:44:55.471 D/dalvikvm( 1468): WAIT_FOR_CONCURRENT_GC blocked 18ms
05-20 10:44:55.486 D/dalvikvm( 1468): WAIT_FOR_CONCURRENT_GC blocked 29ms
05-20 10:44:55.486 D/dalvikvm( 1468): WAIT_FOR_CONCURRENT_GC blocked 29ms
05-20 10:44:55.494 W/Parcel  ( 1661): Attempt to read object from Parcel 0x6013bdac at offset 200 that is not in the object list
05-20 10:44:55.799 D/dalvikvm( 1468): GC_CONCURRENT freed 551K, 21% free 9600K/12104K, paused 6ms+4ms, total 60ms
05-20 10:44:55.799 D/dalvikvm( 1468): WAIT_FOR_CONCURRENT_GC blocked 16ms
05-20 10:44:55.822 W/MountService(  374): getVolumeState(/storage/emulated/0/external_sd): Unknown volume
05-20 10:44:55.822 W/MountService(  374): getVolumeState(/mnt/sdcard-ext): Unknown volume
05-20 10:44:55.822 W/MountService(  374): getVolumeState(/mnt/ext_sdcard): Unknown volume
05-20 10:44:55.822 W/MountService(  374): getVolumeState(/mnt/sdcard2): Unknown volume
05-20 10:44:55.822 W/MountService(  374): getVolumeState(/mnt/emmc): Unknown volume
05-20 10:44:55.830 W/MountService(  374): getVolumeState(/mnt/extSdCard): Unknown volume
05-20 10:44:55.830 W/MountService(  374): getVolumeState(/mnt/sdcard/SD_CARD): Unknown volume
05-20 10:44:55.830 W/MountService(  374): getVolumeState(/mnt/sdcard/extra_sd): Unknown volume
05-20 10:44:55.830 W/MountService(  374): getVolumeState(/mnt/extrasd_bind): Unknown volume
05-20 10:44:55.830 W/MountService(  374): getVolumeState(/mnt/sdcard/ext_sd): Unknown volume
05-20 10:44:55.830 W/MountService(  374): getVolumeState(/storage/extSdCard): Unknown volume
05-20 10:44:55.830 W/MountService(  374): getVolumeState(/storage/sdcard1): Unknown volume
05-20 10:44:55.830 W/MountService(  374): getVolumeState(/mnt/sdcard/external_SD): Unknown volume
05-20 10:44:55.830 W/MountService(  374): getVolumeState(/mnt/sdcard/external_sd): Unknown volume
05-20 10:44:55.931 D/dalvikvm( 1468): GC_CONCURRENT freed 465K, 21% free 9597K/12104K, paused 5ms+5ms, total 39ms
05-20 10:45:01.486 V/DigitalWidgetViewsFactory(26417): DigitalWidget sets next alarm string to null
05-20 10:45:22.322 D/dalvikvm(26536): Late-enabling CheckJNI
05-20 10:45:22.346 I/ActivityManager(  374): Start proc com.pekall.emdm.launcher:remote for service com.pekall.emdm.launcher/com.baidu.location.f: pid=26536 uid=10066 gids={50066, 1015, 3002, 3001, 3003, 1028}
05-20 10:45:22.385 D/dalvikvm(  125): GC_EXPLICIT freed 41K, 1% free 8921K/9008K, paused 2ms+3ms, total 33ms
05-20 10:45:22.392 V/MyServiceConnection(26536): [SConnection] sandbox service is NOT installed.
05-20 10:45:22.392 V/MyServiceConnection(26536): [SConnection] binding service: pekall.intent.action.SANDBOX_SERVICE
05-20 10:45:22.400 D/ScClassLoader(26536): >> SOURCE FILE: /data/data/com.pekall.emdm.launcher/app_jars/sc-jdk15on-1.47.0.2.dex.jar
05-20 10:45:22.424 D/dalvikvm(  125): GC_EXPLICIT freed <1K, 1% free 8921K/9008K, paused 2ms+3ms, total 36ms
05-20 10:45:22.455 W/Parcel  ( 1661): Attempt to read object from Parcel 0x5ded3dac at offset 200 that is not in the object list
05-20 10:45:22.455 W/Parcel  ( 1661): Attempt to read object from Parcel 0x5dfd3dac at offset 200 that is not in the object list
05-20 10:45:22.463 D/Email   (26536): Email: init sandbox at the beginning.
05-20 10:45:22.463 V/MyServiceConnection(26536): [SConnection] retry to bind service
05-20 10:45:22.463 D/dalvikvm(  125): GC_EXPLICIT freed <1K, 1% free 8921K/9008K, paused 2ms+4ms, total 33ms
05-20 10:45:22.463 V/MyServiceConnection(26536): [SConnection] sandbox service is NOT installed.
05-20 10:45:22.463 V/MyServiceConnection(26536): [SConnection] binding service: pekall.intent.action.SANDBOX_SERVICE
05-20 10:45:22.478 D/dalvikvm(26536): GC_CONCURRENT freed 133K, 2% free 9301K/9472K, paused 4ms+4ms, total 54ms
05-20 10:45:22.478 D/dalvikvm(26536): WAIT_FOR_CONCURRENT_GC blocked 12ms
05-20 10:45:22.478 D/dalvikvm(26536): WAIT_FOR_CONCURRENT_GC blocked 12ms
05-20 10:45:22.478 D/dalvikvm(26536): WAIT_FOR_CONCURRENT_GC blocked 2ms
05-20 10:45:22.517 V/MyServiceConnection(26536): [SConnection] retry to bind service
05-20 10:45:22.517 V/MyServiceConnection(26536): [SConnection] sandbox service is NOT installed.
05-20 10:45:22.517 V/MyServiceConnection(26536): [SConnection] binding service: pekall.intent.action.SANDBOX_SERVICE
05-20 10:45:22.533 V/l       (26536): Bind requested for task setLogging
05-20 10:45:22.541 D/ExchangeService(12519): !!! EAS ExchangeService, onCreate
05-20 10:45:22.541 W/Parcel  ( 1661): Attempt to read object from Parcel 0x5ec3bdac at offset 200 that is not in the object list
05-20 10:45:22.549 D/ExchangeService(12519): !!! EAS ExchangeService, onStartCommand, startingUp = false, running = false
05-20 10:45:22.549 D/ExchangeService(12519): to start secureStorageService now
05-20 10:45:22.580 V/a       (12519): Bind requested for task test
05-20 10:45:22.580 D/dalvikvm(26536): GC_CONCURRENT freed 191K, 3% free 9610K/9836K, paused 11ms+6ms, total 41ms
05-20 10:45:22.681 W/DocumentManager(26536): Sandbox service is not connected.
05-20 10:45:22.681 D/MessageControllerImpl(26536): controller is null
05-20 10:45:22.681 V/MyServiceConnection(26536): [SConnection] retry to bind service
05-20 10:45:22.681 V/MyServiceConnection(26536): [SConnection] sandbox service is NOT installed.
05-20 10:45:22.681 V/MyServiceConnection(26536): [SConnection] binding service: pekall.intent.action.SANDBOX_SERVICE
05-20 10:45:22.681 W/SQLiteOpenHelper(26536): Opened /data/data/com.pekall.emdm.launcher/databases/message.db
05-20 10:45:22.681 W/dalvikvm(26536): No implementation found for native Lcom/pekall/sandbox/database/sqlite/SQLiteDatabase;.native_setSqliteSoftHeapLimit:(I)V
05-20 10:45:22.681 D/AndroidRuntime(26536): Shutting down VM
05-20 10:45:22.681 W/dalvikvm(26536): threadid=1: thread exiting with uncaught exception (group=0x419c8700)
05-20 10:45:22.689 D/        (26536): [---null: -1---]  Thread is main
05-20 10:45:22.689 W/System.err(26536): java.lang.UnsatisfiedLinkError: Native method not found: com.pekall.sandbox.database.sqlite.SQLiteDatabase.native_setSqliteSoftHeapLimit:(I)V
05-20 10:45:22.689 W/System.err(26536): 	at com.pekall.sandbox.database.sqlite.SQLiteDatabase.native_setSqliteSoftHeapLimit(Native Method)
05-20 10:45:22.689 W/System.err(26536): 	at com.pekall.sandbox.database.sqlite.SQLiteDatabase.<init>(Unknown Source)
05-20 10:45:22.689 W/System.err(26536): 	at com.pekall.sandbox.database.sqlite.SQLiteDatabase.openDatabase(Unknown Source)
05-20 10:45:22.689 W/System.err(26536): 	at com.pekall.sandbox.database.sqlite.SQLiteDatabase.openDatabase(Unknown Source)
05-20 10:45:22.689 W/System.err(26536): 	at com.pekall.sandbox.database.sqlite.SQLiteDatabase.openDatabase(Unknown Source)
05-20 10:45:22.689 W/System.err(26536): 	at com.pekall.sandbox.database.sqlite.SQLiteOpenHelper.getWritableDatabase(Unknown Source)
05-20 10:45:22.689 W/System.err(26536): 	at com.pekall.emdm.messagecenter.db.a.a(Unknown Source)
05-20 10:45:22.689 W/System.err(26536): 	at com.pekall.emdm.messagecenter.db.a.b(Unknown Source)
05-20 10:45:22.689 W/System.err(26536): 	at com.pekall.emdm.messagecenter.activity.a.onCreate(Unknown Source)
05-20 10:45:22.689 W/System.err(26536): 	at com.pekall.emdm.launcher.LauncherApplication.onCreate(Unknown Source)
05-20 10:45:22.689 W/System.err(26536): 	at android.app.Instrumentation.callApplicationOnCreate(Instrumentation.java:1007)
05-20 10:45:22.689 W/System.err(26536): 	at android.app.ActivityThread.handleBindApplication(ActivityThread.java:4444)
05-20 10:45:22.689 W/System.err(26536): 	at android.app.ActivityThread.access$1300(ActivityThread.java:141)
05-20 10:45:22.689 W/System.err(26536): 	at android.app.ActivityThread$H.handleMessage(ActivityThread.java:1316)
05-20 10:45:22.689 W/System.err(26536): 	at android.os.Handler.dispatchMessage(Handler.java:99)
05-20 10:45:22.689 W/System.err(26536): 	at android.os.Looper.loop(Looper.java:137)
05-20 10:45:22.689 W/System.err(26536): 	at android.app.ActivityThread.main(ActivityThread.java:5103)
05-20 10:45:22.689 W/System.err(26536): 	at java.lang.reflect.Method.invokeNative(Native Method)
05-20 10:45:22.689 W/System.err(26536): 	at java.lang.reflect.Method.invoke(Method.java:525)
05-20 10:45:22.689 W/System.err(26536): 	at com.android.internal.os.ZygoteInit$MethodAndArgsCaller.run(ZygoteInit.java:737)
05-20 10:45:22.689 W/System.err(26536): 	at com.android.internal.os.ZygoteInit.main(ZygoteInit.java:553)
05-20 10:45:22.689 W/System.err(26536): 	at dalvik.system.NativeStart.main(Native Method)
05-20 10:45:22.705 D/ActivityThread(26536): Loading provider com.pekall.semail.provider;com.pekall.semail.notifier: com.pekall.semail.provider.EmailProvider
05-20 10:45:22.760 D/ExchangeService(12519): Reconciling accounts...
05-20 10:45:22.760 V/a       (12519): Bind requested for task reconcileAccounts
05-20 10:45:22.760 V/a       (12519): Connected: com.pekall.semail.service.AccountServiceInternal
05-20 10:45:22.775 V/a       (12519): Connection test succeeded in 195ms
05-20 10:45:22.806 V/a       (12519): Task test completed; disconnecting
05-20 10:45:22.806 V/a       (12519): Waiting for task reconcileAccounts to complete...
05-20 10:45:22.806 V/a       (12519): Connected: com.pekall.semail.service.AccountServiceInternal
05-20 10:45:22.861 V/a       (12519): Task reconcileAccounts completed; disconnecting
05-20 10:45:22.924 V/a       (12519): Wait for reconcileAccounts finished in 111ms
05-20 10:45:22.947 D/ActivityThread(26536): Loading provider com.pekall.semail.provider;com.pekall.semail.notifier: com.pekall.semail.provider.EmailProvider
05-20 10:45:22.978 D/dalvikvm(26536): GC_CONCURRENT freed 531K, 6% free 9465K/10040K, paused 15ms+6ms, total 55ms
05-20 10:45:23.385 D/ExchangeService(12519): !!! EAS ExchangeService, stopping self
05-20 10:45:24.103 I/ActivityManager(  374): Process android.process.acore (pid 26040) has died.
05-20 10:45:24.392 W/EmailProvider(26536): restoreIfNeeded...
05-20 10:45:24.549 D/EmailProvider(26536): restoreAccounts...
05-20 10:45:25.002 D/EmailProvider(26536): No accounts to restore...
05-20 10:45:25.002 D/EmailProvider(26536): Deleting orphans...
05-20 10:45:25.041 D/EmailProvider(26536): EmailProvider pre-caching...
05-20 10:45:25.306 D/EmailProvider(26536): EmailProvider ready.
05-20 10:45:25.416 W/ActivityManager(  374): Unable to start service Intent { cmp=com.pekall.emdm.launcher/com.pekall.semail.service.AttachmentDownloadService } U=0: not found
05-20 10:45:25.494 I/Email   (26536): Notifications being toggled: false
05-20 10:45:33.705 D/dalvikvm(26157): GC_CONCURRENT freed 418K, 6% free 9193K/9772K, paused 1ms+143ms, total 546ms
05-20 10:45:35.689 D/dalvikvm( 1661): GC_EXPLICIT freed 119K, 18% free 13078K/15888K, paused 3ms+12ms, total 125ms
05-20 10:45:40.814 D/dalvikvm( 1661): GC_EXPLICIT freed 1K, 18% free 13077K/15888K, paused 2ms+13ms, total 119ms
05-20 10:45:42.369 W/ActivityManager(  374): Timeout executing service: ServiceRecord{428c3d68 u0 com.pekall.emdm.launcher/com.baidu.location.f}
05-20 10:45:42.392 I/Process (  374): Sending signal. PID: 26536 SIG: 3
05-20 10:45:42.392 I/dalvikvm(26536): threadid=3: reacting to signal 3
05-20 10:45:42.596 I/Process (  374): Sending signal. PID: 374 SIG: 3
05-20 10:45:42.596 I/dalvikvm(  374): threadid=3: reacting to signal 3
05-20 10:45:42.642 D/dalvikvm(26536): JIT unchain all for threadid=11
05-20 10:45:42.713 I/dalvikvm(26536): Wrote stack traces to '/data/anr/traces.txt'
05-20 10:45:48.025 I/Process (  374): Sending signal. PID: 561 SIG: 3
05-20 10:45:48.025 I/dalvikvm(  561): threadid=3: reacting to signal 3
05-20 10:45:48.041 I/dalvikvm(  374): Wrote stack traces to '/data/anr/traces.txt'
05-20 10:45:48.064 I/Process (  374): Sending signal. PID: 448 SIG: 3
05-20 10:45:48.064 I/dalvikvm(  448): threadid=3: reacting to signal 3
05-20 10:45:48.072 I/Process (  374): Sending signal. PID: 568 SIG: 3
05-20 10:45:48.072 I/dalvikvm(  568): threadid=3: reacting to signal 3
05-20 10:45:48.119 I/dalvikvm(  561): Wrote stack traces to '/data/anr/traces.txt'
05-20 10:45:48.174 I/dalvikvm(  568): Wrote stack traces to '/data/anr/traces.txt'
05-20 10:45:48.572 I/dalvikvm(  448): Wrote stack traces to '/data/anr/traces.txt'
05-20 10:45:48.799 D/dalvikvm(  374): GC_EXPLICIT freed 2836K, 23% free 20756K/26804K, paused 5ms+12ms, total 122ms
05-20 10:45:49.408 I/Process (  374): Sending signal. PID: 12519 SIG: 3
05-20 10:45:49.408 I/dalvikvm(12519): threadid=3: reacting to signal 3
05-20 10:45:49.658 D/dalvikvm(12519): JIT unchain all for threadid=11
05-20 10:45:49.658 E/ActivityManager(  374): ANR in com.pekall.emdm.launcher:remote
05-20 10:45:49.658 E/ActivityManager(  374): Reason: Executing service com.pekall.emdm.launcher/com.baidu.location.f
05-20 10:45:49.658 E/ActivityManager(  374): Load: 1.55 / 1.44 / 1.6
05-20 10:45:49.658 E/ActivityManager(  374): CPU usage from 0ms to 7245ms later:
05-20 10:45:49.658 E/ActivityManager(  374):   87% 26536/com.pekall.emdm.launcher:remote: 86% user + 0.2% kernel / faults: 117 minor
05-20 10:45:49.658 E/ActivityManager(  374):   84% 12519/com.pekall.emdm.launcher: 83% user + 0.4% kernel / faults: 6 minor
05-20 10:45:49.658 E/ActivityManager(  374):   23% 374/system_server: 18% user + 4.1% kernel / faults: 838 minor 11 major
05-20 10:45:49.658 E/ActivityManager(  374):   0.5% 448/com.android.systemui: 0.4% user + 0% kernel / faults: 192 minor
05-20 10:45:49.658 E/ActivityManager(  374):   0.6% 561/com.android.phone: 0.4% user + 0.2% kernel / faults: 279 minor 4 major
05-20 10:45:49.658 E/ActivityManager(  374):   0% 568/com.android.nfc: 0% user + 0% kernel / faults: 277 minor 3 major
05-20 10:45:49.658 E/ActivityManager(  374):   0% 82/mmcqd/0: 0% user + 0% kernel
05-20 10:45:49.658 E/ActivityManager(  374):   0% 4648/logcat: 0% user + 0% kernel
05-20 10:45:49.658 E/ActivityManager(  374):   0.1% 24876/com.qihoo.appstore: 0.1% user + 0% kernel / faults: 1 minor
05-20 10:45:49.658 E/ActivityManager(  374): 99% TOTAL: 96% user + 3.1% kernel
05-20 10:45:49.658 E/ActivityManager(  374): CPU usage from 6441ms to 6983ms later:
05-20 10:45:49.658 E/ActivityManager(  374):   101% 26536/com.pekall.emdm.launcher:remote: 101% user + 0% kernel
05-20 10:45:49.658 E/ActivityManager(  374):     100% 26549/Thread-1164: 100% user + 0% kernel
05-20 10:45:49.658 E/ActivityManager(  374):   94% 12519/com.pekall.emdm.launcher: 94% user + 0% kernel
05-20 10:45:49.658 E/ActivityManager(  374):     94% 12532/Thread-642: 94% user + 0% kernel
05-20 10:45:49.658 E/ActivityManager(  374):   7.2% 374/system_server: 1.8% user + 5.4% kernel / faults: 3 minor
05-20 10:45:49.658 E/ActivityManager(  374):     9% 390/ActivityManager: 1.8% user + 7.2% kernel
05-20 10:45:49.658 E/ActivityManager(  374): 100% TOTAL: 98% user + 1.8% kernel
05-20 10:45:49.658 W/ActivityManager(  374): Killing ProcessRecord{4253a458 26536:com.pekall.emdm.launcher:remote/u0a10066}: background ANR
05-20 10:45:49.681 I/ActivityManager(  374): Process com.pekall.emdm.launcher:remote (pid 26536) has died.
05-20 10:45:49.681 W/ActivityManager(  374): Scheduling restart of crashed service com.pekall.emdm.launcher/com.baidu.location.f in 5120000ms
05-20 10:45:49.806 D/dalvikvm(  374): GC_FOR_ALLOC freed 1534K, 24% free 20542K/26804K, paused 123ms, total 124ms
05-20 10:45:49.838 I/dalvikvm(12519): Wrote stack traces to '/data/anr/traces.txt'
05-20 10:45:49.838 D/ExchangeService(12519): !!! EAS ExchangeService, onDestroy
05-20 10:45:50.752 D/dalvikvm( 1661): GC_EXPLICIT freed <1K, 18% free 13077K/15888K, paused 2ms+5ms, total 59ms
05-20 10:45:55.447 W/MountService(  374): getVolumeState(/storage/emulated/0/external_sd): Unknown volume
05-20 10:45:55.447 W/MountService(  374): getVolumeState(/mnt/sdcard-ext): Unknown volume
05-20 10:45:55.447 W/MountService(  374): getVolumeState(/mnt/ext_sdcard): Unknown volume
05-20 10:45:55.447 W/MountService(  374): getVolumeState(/mnt/sdcard2): Unknown volume
05-20 10:45:55.447 W/MountService(  374): getVolumeState(/mnt/emmc): Unknown volume
05-20 10:45:55.455 W/MountService(  374): getVolumeState(/mnt/extSdCard): Unknown volume
05-20 10:45:55.455 W/MountService(  374): getVolumeState(/mnt/sdcard/SD_CARD): Unknown volume
05-20 10:45:55.455 W/MountService(  374): getVolumeState(/mnt/sdcard/extra_sd): Unknown volume
05-20 10:45:55.455 W/MountService(  374): getVolumeState(/mnt/extrasd_bind): Unknown volume
05-20 10:45:55.455 W/MountService(  374): getVolumeState(/mnt/sdcard/ext_sd): Unknown volume
05-20 10:45:55.455 W/MountService(  374): getVolumeState(/storage/extSdCard): Unknown volume
05-20 10:45:55.455 W/MountService(  374): getVolumeState(/storage/sdcard1): Unknown volume
05-20 10:45:55.455 W/MountService(  374): getVolumeState(/mnt/sdcard/external_SD): Unknown volume
05-20 10:45:55.463 W/MountService(  374): getVolumeState(/mnt/sdcard/external_sd): Unknown volume
05-20 10:45:55.603 D/dalvikvm( 1468): GC_CONCURRENT freed 306K, 20% free 9725K/12104K, paused 5ms+5ms, total 40ms
05-20 10:45:55.650 I/ActivityManager(  374): Start proc android.process.acore for content provider com.android.providers.contacts/.ContactsProvider2: pid=26571 uid=10000 gids={50000, 3003, 1015, 1028}
05-20 10:45:55.799 D/dalvikvm(26571): GC_CONCURRENT freed 197K, 3% free 9216K/9444K, paused 3ms+3ms, total 40ms
05-20 10:45:56.010 I/ContactLocale(26571): AddressBook Labels [en_US]: [, A, B, C, D, E, F, G, H, I, J, K, L, M, N, O, P, Q, R, S, T, U, V, W, X, Y, Z, , , , , , , , , , , , , , , , , , , , , , , , , , , , , , , , , , , , , , , , , , , , , , , , , , , , , , , , , , , , , , , , , , , , , , , , , , , , , , , , , , , , , , , , , , , , , , , , , , , , , , , , , , , , , , , , , , , , , , , , , , , , , , , , , , , , , , , , , , , , , , , , , , , , , , , , , , , , , , , , , , , , , , , , , , , , , , , , , , , , , , #, ]
05-20 10:45:56.213 D/dalvikvm(24510): GC_EXPLICIT freed 297K, 4% free 9216K/9556K, paused 2ms+5ms, total 33ms
05-20 10:45:56.299 W/MountService(  374): getVolumeState(/storage/emulated/0/external_sd): Unknown volume
05-20 10:45:56.299 W/MountService(  374): getVolumeState(/mnt/sdcard-ext): Unknown volume
05-20 10:45:56.299 W/MountService(  374): getVolumeState(/mnt/ext_sdcard): Unknown volume
05-20 10:45:56.306 W/MountService(  374): getVolumeState(/mnt/sdcard2): Unknown volume
05-20 10:45:56.306 W/MountService(  374): getVolumeState(/mnt/emmc): Unknown volume
05-20 10:45:56.306 W/MountService(  374): getVolumeState(/mnt/extSdCard): Unknown volume
05-20 10:45:56.306 W/MountService(  374): getVolumeState(/mnt/sdcard/SD_CARD): Unknown volume
05-20 10:45:56.306 W/MountService(  374): getVolumeState(/mnt/sdcard/extra_sd): Unknown volume
05-20 10:45:56.306 W/MountService(  374): getVolumeState(/mnt/extrasd_bind): Unknown volume
05-20 10:45:56.306 W/MountService(  374): getVolumeState(/mnt/sdcard/ext_sd): Unknown volume
05-20 10:45:56.306 W/MountService(  374): getVolumeState(/storage/extSdCard): Unknown volume
05-20 10:45:56.306 W/MountService(  374): getVolumeState(/storage/sdcard1): Unknown volume
05-20 10:45:56.314 W/MountService(  374): getVolumeState(/mnt/sdcard/external_SD): Unknown volume
05-20 10:45:56.314 W/MountService(  374): getVolumeState(/mnt/sdcard/external_sd): Unknown volume
05-20 10:45:56.361 D/dalvikvm( 1468): GC_CONCURRENT freed 602K, 21% free 9635K/12104K, paused 5ms+4ms, total 47ms
05-20 10:45:56.361 D/dalvikvm( 1468): WAIT_FOR_CONCURRENT_GC blocked 10ms
05-20 10:46:48.502 I/EventLogService(  603): Aggregate from 1400552208374 (log), 1400552208374 (data)
05-20 10:46:48.556 I/ServiceDumpSys(  603): dumping service [account]
05-20 10:46:55.533 W/MountService(  374): getVolumeState(/storage/emulated/0/external_sd): Unknown volume
05-20 10:46:55.533 W/MountService(  374): getVolumeState(/mnt/sdcard-ext): Unknown volume
05-20 10:46:55.533 W/MountService(  374): getVolumeState(/mnt/ext_sdcard): Unknown volume
05-20 10:46:55.533 W/MountService(  374): getVolumeState(/mnt/sdcard2): Unknown volume
05-20 10:46:55.533 W/MountService(  374): getVolumeState(/mnt/emmc): Unknown volume
05-20 10:46:55.533 W/MountService(  374): getVolumeState(/mnt/extSdCard): Unknown volume
05-20 10:46:55.533 W/MountService(  374): getVolumeState(/mnt/sdcard/SD_CARD): Unknown volume
05-20 10:46:55.533 W/MountService(  374): getVolumeState(/mnt/sdcard/extra_sd): Unknown volume
05-20 10:46:55.541 W/MountService(  374): getVolumeState(/mnt/extrasd_bind): Unknown volume
05-20 10:46:55.541 W/MountService(  374): getVolumeState(/mnt/sdcard/ext_sd): Unknown volume
05-20 10:46:55.541 W/MountService(  374): getVolumeState(/storage/extSdCard): Unknown volume
05-20 10:46:55.541 W/MountService(  374): getVolumeState(/storage/sdcard1): Unknown volume
05-20 10:46:55.541 W/MountService(  374): getVolumeState(/mnt/sdcard/external_SD): Unknown volume
05-20 10:46:55.541 W/MountService(  374): getVolumeState(/mnt/sdcard/external_sd): Unknown volume
05-20 10:46:55.572 W/Parcel  ( 1661): Attempt to read object from Parcel 0x5ef3bdac at offset 200 that is not in the object list
05-20 10:46:55.642 D/dalvikvm( 1468): GC_CONCURRENT freed 556K, 21% free 9585K/12104K, paused 22ms+5ms, total 70ms
05-20 10:46:55.642 D/dalvikvm( 1468): WAIT_FOR_CONCURRENT_GC blocked 11ms
05-20 10:46:55.775 D/dalvikvm(26571): GC_CONCURRENT freed 295K, 4% free 9308K/9644K, paused 3ms+2ms, total 26ms
05-20 10:46:55.924 W/MountService(  374): getVolumeState(/storage/emulated/0/external_sd): Unknown volume
05-20 10:46:55.924 W/MountService(  374): getVolumeState(/mnt/sdcard-ext): Unknown volume
05-20 10:46:55.931 W/MountService(  374): getVolumeState(/mnt/ext_sdcard): Unknown volume
05-20 10:46:55.931 W/MountService(  374): getVolumeState(/mnt/sdcard2): Unknown volume
05-20 10:46:55.931 W/MountService(  374): getVolumeState(/mnt/emmc): Unknown volume
05-20 10:46:55.931 W/MountService(  374): getVolumeState(/mnt/extSdCard): Unknown volume
05-20 10:46:55.931 W/MountService(  374): getVolumeState(/mnt/sdcard/SD_CARD): Unknown volume
05-20 10:46:55.931 W/MountService(  374): getVolumeState(/mnt/sdcard/extra_sd): Unknown volume
05-20 10:46:55.931 W/MountService(  374): getVolumeState(/mnt/extrasd_bind): Unknown volume
05-20 10:46:55.931 W/MountService(  374): getVolumeState(/mnt/sdcard/ext_sd): Unknown volume
05-20 10:46:55.939 W/MountService(  374): getVolumeState(/storage/extSdCard): Unknown volume
05-20 10:46:55.939 W/MountService(  374): getVolumeState(/storage/sdcard1): Unknown volume
05-20 10:46:55.939 W/MountService(  374): getVolumeState(/mnt/sdcard/external_SD): Unknown volume
05-20 10:46:55.947 W/MountService(  374): getVolumeState(/mnt/sdcard/external_sd): Unknown volume
05-20 10:46:55.963 D/dalvikvm( 1468): GC_CONCURRENT freed 443K, 21% free 9653K/12104K, paused 10ms+5ms, total 52ms
05-20 10:46:55.963 D/dalvikvm( 1468): WAIT_FOR_CONCURRENT_GC blocked 20ms
05-20 10:46:55.971 D/dalvikvm( 1468): WAIT_FOR_CONCURRENT_GC blocked 19ms
05-20 10:47:35.705 D/dalvikvm( 1661): GC_EXPLICIT freed 233K, 18% free 13079K/15888K, paused 3ms+5ms, total 68ms
05-20 10:47:40.775 D/dalvikvm( 1661): GC_EXPLICIT freed 2K, 18% free 13077K/15888K, paused 2ms+5ms, total 68ms
05-20 10:47:48.830 D/dalvikvm(24876): GC_CONCURRENT freed 387K, 5% free 9527K/9964K, paused 3ms+2ms, total 25ms
05-20 10:47:50.775 D/dalvikvm( 1661): GC_EXPLICIT freed <1K, 18% free 13077K/15888K, paused 3ms+5ms, total 60ms
05-20 10:47:55.580 W/MountService(  374): getVolumeState(/storage/emulated/0/external_sd): Unknown volume
05-20 10:47:55.580 W/MountService(  374): getVolumeState(/mnt/sdcard-ext): Unknown volume
05-20 10:47:55.580 W/MountService(  374): getVolumeState(/mnt/ext_sdcard): Unknown volume
05-20 10:47:55.588 W/MountService(  374): getVolumeState(/mnt/sdcard2): Unknown volume
05-20 10:47:55.588 W/MountService(  374): getVolumeState(/mnt/emmc): Unknown volume
05-20 10:47:55.588 W/MountService(  374): getVolumeState(/mnt/extSdCard): Unknown volume
05-20 10:47:55.588 W/MountService(  374): getVolumeState(/mnt/sdcard/SD_CARD): Unknown volume
05-20 10:47:55.588 W/MountService(  374): getVolumeState(/mnt/sdcard/extra_sd): Unknown volume
05-20 10:47:55.588 W/MountService(  374): getVolumeState(/mnt/extrasd_bind): Unknown volume
05-20 10:47:55.588 W/MountService(  374): getVolumeState(/mnt/sdcard/ext_sd): Unknown volume
05-20 10:47:55.596 W/MountService(  374): getVolumeState(/storage/extSdCard): Unknown volume
05-20 10:47:55.596 W/MountService(  374): getVolumeState(/storage/sdcard1): Unknown volume
05-20 10:47:55.596 W/MountService(  374): getVolumeState(/mnt/sdcard/external_SD): Unknown volume
05-20 10:47:55.596 W/MountService(  374): getVolumeState(/mnt/sdcard/external_sd): Unknown volume
05-20 10:47:55.611 D/dalvikvm( 1468): GC_CONCURRENT freed 518K, 21% free 9647K/12104K, paused 5ms+4ms, total 51ms
05-20 10:47:55.611 D/dalvikvm( 1468): WAIT_FOR_CONCURRENT_GC blocked 17ms
05-20 10:47:55.619 D/dalvikvm( 1468): WAIT_FOR_CONCURRENT_GC blocked 17ms
05-20 10:47:55.908 W/MountService(  374): getVolumeState(/storage/emulated/0/external_sd): Unknown volume
05-20 10:47:55.908 W/MountService(  374): getVolumeState(/mnt/sdcard-ext): Unknown volume
05-20 10:47:55.908 W/MountService(  374): getVolumeState(/mnt/ext_sdcard): Unknown volume
05-20 10:47:55.908 W/MountService(  374): getVolumeState(/mnt/sdcard2): Unknown volume
05-20 10:47:55.908 W/MountService(  374): getVolumeState(/mnt/emmc): Unknown volume
05-20 10:47:55.908 W/MountService(  374): getVolumeState(/mnt/extSdCard): Unknown volume
05-20 10:47:55.924 W/MountService(  374): getVolumeState(/mnt/sdcard/SD_CARD): Unknown volume
05-20 10:47:55.924 W/MountService(  374): getVolumeState(/mnt/sdcard/extra_sd): Unknown volume
05-20 10:47:55.931 D/dalvikvm( 1468): GC_CONCURRENT freed 546K, 21% free 9613K/12104K, paused 16ms+4ms, total 63ms
05-20 10:47:55.931 D/dalvikvm( 1468): WAIT_FOR_CONCURRENT_GC blocked 27ms
05-20 10:47:55.931 D/dalvikvm( 1468): WAIT_FOR_CONCURRENT_GC blocked 13ms
05-20 10:47:55.939 W/MountService(  374): getVolumeState(/mnt/extrasd_bind): Unknown volume
05-20 10:47:55.939 W/MountService(  374): getVolumeState(/mnt/sdcard/ext_sd): Unknown volume
05-20 10:47:55.939 W/MountService(  374): getVolumeState(/storage/extSdCard): Unknown volume
05-20 10:47:55.939 W/MountService(  374): getVolumeState(/storage/sdcard1): Unknown volume
05-20 10:47:55.939 W/MountService(  374): getVolumeState(/mnt/sdcard/external_SD): Unknown volume
05-20 10:47:55.947 W/MountService(  374): getVolumeState(/mnt/sdcard/external_sd): Unknown volume
05-20 10:48:55.588 W/MountService(  374): getVolumeState(/storage/emulated/0/external_sd): Unknown volume
05-20 10:48:55.596 W/Parcel  ( 1661): Attempt to read object from Parcel 0x5dfd3dac at offset 200 that is not in the object list
05-20 10:48:55.596 W/MountService(  374): getVolumeState(/mnt/sdcard-ext): Unknown volume
05-20 10:48:55.596 W/MountService(  374): getVolumeState(/mnt/ext_sdcard): Unknown volume
05-20 10:48:55.596 W/MountService(  374): getVolumeState(/mnt/sdcard2): Unknown volume
05-20 10:48:55.596 W/MountService(  374): getVolumeState(/mnt/emmc): Unknown volume
05-20 10:48:55.603 W/MountService(  374): getVolumeState(/mnt/extSdCard): Unknown volume
05-20 10:48:55.603 W/MountService(  374): getVolumeState(/mnt/sdcard/SD_CARD): Unknown volume
05-20 10:48:55.603 W/MountService(  374): getVolumeState(/mnt/sdcard/extra_sd): Unknown volume
05-20 10:48:55.627 D/dalvikvm( 1468): GC_CONCURRENT freed 529K, 21% free 9595K/12104K, paused 4ms+4ms, total 51ms
05-20 10:48:55.627 D/dalvikvm( 1468): WAIT_FOR_CONCURRENT_GC blocked 19ms
05-20 10:48:55.627 D/dalvikvm( 1468): WAIT_FOR_CONCURRENT_GC blocked 19ms
05-20 10:48:55.627 D/dalvikvm( 1468): WAIT_FOR_CONCURRENT_GC blocked 19ms
05-20 10:48:55.627 D/dalvikvm( 1468): WAIT_FOR_CONCURRENT_GC blocked 15ms
05-20 10:48:55.627 W/MountService(  374): getVolumeState(/mnt/extrasd_bind): Unknown volume
05-20 10:48:55.627 W/MountService(  374): getVolumeState(/mnt/sdcard/ext_sd): Unknown volume
05-20 10:48:55.627 W/MountService(  374): getVolumeState(/storage/extSdCard): Unknown volume
05-20 10:48:55.635 W/MountService(  374): getVolumeState(/storage/sdcard1): Unknown volume
05-20 10:48:55.635 W/MountService(  374): getVolumeState(/mnt/sdcard/external_SD): Unknown volume
05-20 10:48:55.635 W/MountService(  374): getVolumeState(/mnt/sdcard/external_sd): Unknown volume
05-20 10:48:55.791 D/dalvikvm( 1468): GC_CONCURRENT freed 301K, 20% free 9721K/12104K, paused 8ms+5ms, total 45ms
05-20 10:48:55.947 W/MountService(  374): getVolumeState(/storage/emulated/0/external_sd): Unknown volume
05-20 10:48:55.947 W/MountService(  374): getVolumeState(/mnt/sdcard-ext): Unknown volume
05-20 10:48:55.955 W/MountService(  374): getVolumeState(/mnt/ext_sdcard): Unknown volume
05-20 10:48:55.955 W/MountService(  374): getVolumeState(/mnt/sdcard2): Unknown volume
05-20 10:48:55.955 W/MountService(  374): getVolumeState(/mnt/emmc): Unknown volume
05-20 10:48:55.955 W/MountService(  374): getVolumeState(/mnt/extSdCard): Unknown volume
05-20 10:48:55.955 W/MountService(  374): getVolumeState(/mnt/sdcard/SD_CARD): Unknown volume
05-20 10:48:55.955 W/MountService(  374): getVolumeState(/mnt/sdcard/extra_sd): Unknown volume
05-20 10:48:55.955 W/MountService(  374): getVolumeState(/mnt/extrasd_bind): Unknown volume
05-20 10:48:55.955 W/MountService(  374): getVolumeState(/mnt/sdcard/ext_sd): Unknown volume
05-20 10:48:55.955 W/MountService(  374): getVolumeState(/storage/extSdCard): Unknown volume
05-20 10:48:55.955 W/MountService(  374): getVolumeState(/storage/sdcard1): Unknown volume
05-20 10:48:55.955 W/MountService(  374): getVolumeState(/mnt/sdcard/external_SD): Unknown volume
05-20 10:48:55.955 W/MountService(  374): getVolumeState(/mnt/sdcard/external_sd): Unknown volume
05-20 10:48:56.017 D/dalvikvm( 1468): GC_CONCURRENT freed 625K, 21% free 9608K/12104K, paused 5ms+4ms, total 48ms
05-20 10:48:56.017 D/dalvikvm( 1468): WAIT_FOR_CONCURRENT_GC blocked 7ms
05-20 10:49:07.283 I/ActivityManager(  374): Start proc com.google.android.email for service com.google.android.email/com.android.email.service.MailService: pid=26593 uid=10016 gids={50016, 3003, 1015, 1028}
05-20 10:49:07.369 D/ExchangeService(25713): !!! EAS ExchangeService, onCreate
05-20 10:49:07.369 D/ExchangeService(25713): !!! EAS ExchangeService, onStartCommand, startingUp = false, running = false
05-20 10:49:07.494 D/dalvikvm(  374): GC_EXPLICIT freed 1479K, 25% free 20316K/26804K, paused 5ms+12ms, total 118ms
05-20 10:49:07.494 D/ExchangeService(25713): Reconciling accounts...
05-20 10:49:07.502 I/Email   (26593): ReconcilePopImapAccountsSync: start
05-20 10:49:07.502 E/SQLiteLog(26593): (1) no such table: Account
05-20 10:49:07.502 W/EmailProvider(26593): Exception cleaning EmailProvider.dbandroid.database.sqlite.SQLiteException: no such table: Account (code 1): , while compiling: delete from Account WHERE displayName ISNULL;
05-20 10:49:07.517 D/Eas Debug(25713): Logging: 
05-20 10:49:07.635 D/AttachmentService(26593): Count: 0
05-20 10:49:07.642 D/AttachmentService(26593): *** All done; shutting down service
05-20 10:49:07.689 D/dalvikvm(26593): GC_CONCURRENT freed 212K, 3% free 9167K/9420K, paused 4ms+11ms, total 40ms
05-20 10:49:07.697 I/Email   (26593): ReconcilePopImapAccountsSync: already running
05-20 10:49:07.705 I/Email   (26593): ReconcilePopImapAccountsSync: already running
05-20 10:49:07.861 I/Email   (26593): ReconcilePopImapAccountsSync: done
05-20 10:49:07.924 W/SSLCertificateSocketFactory(26593): Bypassing SSL security checks at caller's request
05-20 10:49:08.017 I/Email   (26593): ReconcilePopImapAccountsSync: start
05-20 10:49:08.041 I/Email   (26593): ReconcilePopImapAccountsSync: already running
05-20 10:49:08.056 I/Email   (26593): ReconcilePopImapAccountsSync: done
05-20 10:49:08.135 D/dalvikvm(26593): GC_CONCURRENT freed 262K, 4% free 9304K/9608K, paused 4ms+6ms, total 33ms
05-20 10:49:08.392 D/Email   (26593): *** synchronizeMailboxGeneric ***
05-20 10:49:08.783 I/ActivityManager(  374): Process com.google.android.apps.maps:FriendService (pid 25773) has died.
05-20 10:49:08.885 D/dalvikvm(  374): GC_EXPLICIT freed 147K, 25% free 20315K/26804K, paused 5ms+11ms, total 108ms
05-20 10:49:08.924 D/Email   (26593): *** synchronizeMailboxGeneric ***
05-20 10:49:09.408 D/dalvikvm(26593): GC_CONCURRENT freed 303K, 4% free 9387K/9732K, paused 3ms+4ms, total 30ms
05-20 10:49:09.580 D/Email   (26593): *** synchronizeMailboxGeneric ***
05-20 10:49:28.689 I/ActivityManager(  374): No longer want com.dragon.android.pandaspace:bdservice_v1 (pid 24790): empty for 1807s
05-20 10:49:28.697 W/ActivityManager(  374): Scheduling restart of crashed service com.dragon.android.pandaspace/com.baidu.android.moplus.MoPlusService in 5000ms
05-20 10:49:33.056 D/MdmService(12519): [null:-1]->receiver action :com.pekall.mdm.action.MDM_ALARM
05-20 10:49:33.705 I/ActivityManager(  374): Start proc com.dragon.android.pandaspace:bdservice_v1 for service com.dragon.android.pandaspace/com.baidu.android.moplus.MoPlusService: pid=26624 uid=10074 gids={50074, 1015, 3003, 1006, 1028}
05-20 10:49:33.721 I/dalvikvm(26624): Turning on JNI app bug workarounds for target SDK version 8...
05-20 10:49:33.853 D/dalvikvm(26624): Trying to load lib /data/app-lib/com.dragon.android.pandaspace-1/libroot.so 0x422807c8
05-20 10:49:33.861 D/dalvikvm(26624): Added shared lib /data/app-lib/com.dragon.android.pandaspace-1/libroot.so 0x422807c8
05-20 10:49:33.861 I/RootJni (26624): JNI_OnLoad......
05-20 10:49:34.135 W/Parcel  ( 1661): Attempt to read object from Parcel 0x5dfd3dac at offset 200 that is not in the object list
05-20 10:49:34.158 D/dalvikvm(26624): GC_CONCURRENT freed 360K, 5% free 9074K/9472K, paused 3ms+3ms, total 55ms
05-20 10:49:34.158 D/dalvikvm(26624): WAIT_FOR_CONCURRENT_GC blocked 11ms
05-20 10:49:34.158 D/dalvikvm(26624): WAIT_FOR_CONCURRENT_GC blocked 14ms
05-20 10:49:34.299 D/dalvikvm(26624): GC_CONCURRENT freed 330K, 4% free 9239K/9608K, paused 10ms+11ms, total 49ms
05-20 10:49:34.400 D/dalvikvm(26624): GC_CONCURRENT freed 256K, 4% free 9491K/9788K, paused 3ms+7ms, total 35ms
05-20 10:49:34.400 D/dalvikvm(26624): WAIT_FOR_CONCURRENT_GC blocked 1ms
05-20 10:49:34.471 D/dalvikvm(26624): GC_CONCURRENT freed 441K, 5% free 9542K/10044K, paused 3ms+2ms, total 33ms
05-20 10:49:34.471 D/dalvikvm(26624): WAIT_FOR_CONCURRENT_GC blocked 8ms
05-20 10:49:34.517 I/dalvikvm(26624): Failed resolving Lcom/baidu/android/nebula/util/BDLocationManager$BaiduLocationListener; interface 1169 'Lcom/baidu/location/BDLocationListener;'
05-20 10:49:34.517 W/dalvikvm(26624): Link of class 'Lcom/baidu/android/nebula/util/BDLocationManager$BaiduLocationListener;' failed
05-20 10:49:34.533 W/dalvikvm(26624): VFY: unable to find class referenced in signature (Lcom/baidu/location/LocationClient;)
05-20 10:49:34.533 I/dalvikvm(26624): Failed resolving Lcom/baidu/android/nebula/util/BDLocationManager$BaiduLocationListener; interface 1169 'Lcom/baidu/location/BDLocationListener;'
05-20 10:49:34.533 W/dalvikvm(26624): Link of class 'Lcom/baidu/android/nebula/util/BDLocationManager$BaiduLocationListener;' failed
05-20 10:49:34.533 I/dalvikvm(26624): Failed resolving Lcom/baidu/android/nebula/util/BDLocationManager$BaiduLocationListener; interface 1169 'Lcom/baidu/location/BDLocationListener;'
05-20 10:49:34.533 W/dalvikvm(26624): Link of class 'Lcom/baidu/android/nebula/util/BDLocationManager$BaiduLocationListener;' failed
05-20 10:49:34.533 I/dalvikvm(26624): Could not find method com.baidu.location.LocationClient.unRegisterLocationListener, referenced from method com.baidu.android.nebula.util.BDLocationManager.d
05-20 10:49:34.533 W/dalvikvm(26624): VFY: unable to resolve virtual method 7866: Lcom/baidu/location/LocationClient;.unRegisterLocationListener (Lcom/baidu/location/BDLocationListener;)V
05-20 10:49:34.533 D/dalvikvm(26624): VFY: replacing opcode 0x6e at 0x0012
05-20 10:49:34.533 E/dalvikvm(26624): Could not find class 'com.baidu.location.LocationClient', referenced from method com.baidu.android.nebula.util.BDLocationManager.e
05-20 10:49:34.541 W/dalvikvm(26624): VFY: unable to resolve new-instance 1170 (Lcom/baidu/location/LocationClient;) in Lcom/baidu/android/nebula/util/BDLocationManager;
05-20 10:49:34.541 D/dalvikvm(26624): VFY: replacing opcode 0x22 at 0x0000
05-20 10:49:34.549 E/dalvikvm(26624): Could not find class 'com.baidu.location.LocationClientOption', referenced from method com.baidu.android.nebula.util.BDLocationManager.f
05-20 10:49:34.549 W/dalvikvm(26624): VFY: unable to resolve new-instance 1171 (Lcom/baidu/location/LocationClientOption;) in Lcom/baidu/android/nebula/util/BDLocationManager;
05-20 10:49:34.549 D/dalvikvm(26624): VFY: replacing opcode 0x22 at 0x0000
05-20 10:49:34.549 W/dalvikvm(26624): VFY: unable to find class referenced in signature (Lcom/baidu/location/LocationClientOption;)
05-20 10:49:34.549 I/dalvikvm(26624): Could not find method com.baidu.location.LocationClientOption.setOpenGps, referenced from method com.baidu.android.nebula.util.BDLocationManager.a
05-20 10:49:34.549 W/dalvikvm(26624): VFY: unable to resolve virtual method 7870: Lcom/baidu/location/LocationClientOption;.setOpenGps (Z)V
05-20 10:49:34.549 D/dalvikvm(26624): VFY: replacing opcode 0x6e at 0x0009
05-20 10:49:34.549 D/dalvikvm(26624): DexOpt: unable to opt direct call 0x1eb3 at 0x04 in Lcom/baidu/android/nebula/util/BDLocationManager;.e
05-20 10:49:34.549 I/dalvikvm(26624): Failed resolving Lcom/baidu/android/nebula/util/BDLocationManager$BaiduLocationListener; interface 1169 'Lcom/baidu/location/BDLocationListener;'
05-20 10:49:34.549 W/dalvikvm(26624): Link of class 'Lcom/baidu/android/nebula/util/BDLocationManager$BaiduLocationListener;' failed
05-20 10:49:34.549 D/dalvikvm(26624): DexOpt: unable to opt direct call 0x1cc1 at 0x0b in Lcom/baidu/android/nebula/util/BDLocationManager;.e
05-20 10:49:34.549 D/dalvikvm(26624): DexOpt: unable to opt direct call 0x1ebb at 0x02 in Lcom/baidu/android/nebula/util/BDLocationManager;.f
05-20 10:49:34.556 W/Parcel  ( 1661): Attempt to read object from Parcel 0x6003bdac at offset 200 that is not in the object list
05-20 10:49:34.556 D/dalvikvm(26624): GC_CONCURRENT freed 789K, 9% free 9245K/10080K, paused 4ms+10ms, total 36ms
05-20 10:49:34.658 D/dalvikvm(26624): GC_CONCURRENT freed 194K, 6% free 9532K/10080K, paused 4ms+4ms, total 42ms
05-20 10:49:34.728 W/Parcel  ( 1661): Attempt to read object from Parcel 0x6013bdac at offset 200 that is not in the object list
05-20 10:49:34.736 W/Parcel  ( 1661): Attempt to read object from Parcel 0x5ded3dac at offset 200 that is not in the object list
05-20 10:49:35.783 D/dalvikvm( 1661): GC_EXPLICIT freed 384K, 18% free 13082K/15888K, paused 2ms+5ms, total 60ms
05-20 10:49:40.853 D/dalvikvm( 1661): GC_EXPLICIT freed 33K, 18% free 13077K/15888K, paused 3ms+5ms, total 60ms
05-20 10:49:48.775 D/dalvikvm(  561): GC_EXPLICIT freed 235K, 5% free 9418K/9852K, paused 2ms+5ms, total 41ms
05-20 10:49:50.853 D/dalvikvm( 1661): GC_EXPLICIT freed <1K, 18% free 13077K/15888K, paused 3ms+5ms, total 59ms
05-20 10:49:55.666 W/MountService(  374): getVolumeState(/storage/emulated/0/external_sd): Unknown volume
05-20 10:49:55.666 W/MountService(  374): getVolumeState(/mnt/sdcard-ext): Unknown volume
05-20 10:49:55.674 W/MountService(  374): getVolumeState(/mnt/ext_sdcard): Unknown volume
05-20 10:49:55.674 W/MountService(  374): getVolumeState(/mnt/sdcard2): Unknown volume
05-20 10:49:55.674 W/MountService(  374): getVolumeState(/mnt/emmc): Unknown volume
05-20 10:49:55.674 W/MountService(  374): getVolumeState(/mnt/extSdCard): Unknown volume
05-20 10:49:55.674 W/MountService(  374): getVolumeState(/mnt/sdcard/SD_CARD): Unknown volume
05-20 10:49:55.674 W/MountService(  374): getVolumeState(/mnt/sdcard/extra_sd): Unknown volume
05-20 10:49:55.674 W/MountService(  374): getVolumeState(/mnt/extrasd_bind): Unknown volume
05-20 10:49:55.674 W/MountService(  374): getVolumeState(/mnt/sdcard/ext_sd): Unknown volume
05-20 10:49:55.681 W/MountService(  374): getVolumeState(/storage/extSdCard): Unknown volume
05-20 10:49:55.681 W/MountService(  374): getVolumeState(/storage/sdcard1): Unknown volume
05-20 10:49:55.681 W/MountService(  374): getVolumeState(/mnt/sdcard/external_SD): Unknown volume
05-20 10:49:55.681 W/MountService(  374): getVolumeState(/mnt/sdcard/external_sd): Unknown volume
05-20 10:49:55.736 I/ActivityManager(  374): Process com.qihoo360.mobilesafe:PcDaemon (pid 26085) has died.
05-20 10:49:55.767 D/dalvikvm( 1468): GC_CONCURRENT freed 458K, 21% free 9588K/12104K, paused 6ms+5ms, total 56ms
05-20 10:49:56.017 W/MountService(  374): getVolumeState(/storage/emulated/0/external_sd): Unknown volume
05-20 10:49:56.017 W/MountService(  374): getVolumeState(/mnt/sdcard-ext): Unknown volume
05-20 10:49:56.017 W/MountService(  374): getVolumeState(/mnt/ext_sdcard): Unknown volume
05-20 10:49:56.017 W/MountService(  374): getVolumeState(/mnt/sdcard2): Unknown volume
05-20 10:49:56.017 W/MountService(  374): getVolumeState(/mnt/emmc): Unknown volume
05-20 10:49:56.017 W/MountService(  374): getVolumeState(/mnt/extSdCard): Unknown volume
05-20 10:49:56.017 W/MountService(  374): getVolumeState(/mnt/sdcard/SD_CARD): Unknown volume
05-20 10:49:56.025 W/MountService(  374): getVolumeState(/mnt/sdcard/extra_sd): Unknown volume
05-20 10:49:56.025 W/MountService(  374): getVolumeState(/mnt/extrasd_bind): Unknown volume
05-20 10:49:56.025 W/MountService(  374): getVolumeState(/mnt/sdcard/ext_sd): Unknown volume
05-20 10:49:56.025 W/MountService(  374): getVolumeState(/storage/extSdCard): Unknown volume
05-20 10:49:56.025 W/MountService(  374): getVolumeState(/storage/sdcard1): Unknown volume
05-20 10:49:56.025 W/MountService(  374): getVolumeState(/mnt/sdcard/external_SD): Unknown volume
05-20 10:49:56.025 W/MountService(  374): getVolumeState(/mnt/sdcard/external_sd): Unknown volume
05-20 10:49:56.049 D/dalvikvm( 1468): GC_CONCURRENT freed 446K, 21% free 9646K/12104K, paused 5ms+4ms, total 49ms
05-20 10:49:56.049 D/dalvikvm( 1468): WAIT_FOR_CONCURRENT_GC blocked 15ms
05-20 10:49:56.049 D/dalvikvm( 1468): WAIT_FOR_CONCURRENT_GC blocked 16ms
05-20 10:50:01.306 D/AndroidRuntime(26661): 
05-20 10:50:01.306 D/AndroidRuntime(26661): >>>>>> AndroidRuntime START com.android.internal.os.RuntimeInit <<<<<<
05-20 10:50:01.306 D/AndroidRuntime(26661): CheckJNI is OFF
05-20 10:50:01.322 D/dalvikvm(26661): Trying to load lib libjavacore.so 0x0
05-20 10:50:01.330 D/dalvikvm(26661): Added shared lib libjavacore.so 0x0
05-20 10:50:01.338 D/dalvikvm(26661): Trying to load lib libnativehelper.so 0x0
05-20 10:50:01.346 D/dalvikvm(26661): Added shared lib libnativehelper.so 0x0
05-20 10:50:01.361 I/dalvikvm(26661): DexOpt: source file mod time mismatch (44b45530 vs 44b45639)
05-20 10:50:01.361 D/dalvikvm(26661): ODEX file is stale or bad; removing and retrying (/data/local/tmp/dalvik-cache/data@local@tmp@MDMMobileTest.jar@classes.dex)
05-20 10:50:01.369 D/dalvikvm(26661): DexOpt: --- BEGIN 'MDMMobileTest.jar' (bootstrap=0) ---
05-20 10:50:01.416 D/dalvikvm(26662): DexOpt: load 8ms, verify+opt 3ms, 122220 bytes
05-20 10:50:01.439 D/dalvikvm(26661): DexOpt: --- END 'MDMMobileTest.jar' (success) ---
05-20 10:50:01.439 D/dalvikvm(26661): DEX prep '/data/local/tmp/MDMMobileTest.jar': unzip in 2ms, rewrite 72ms
05-20 10:50:01.689 D/AndroidRuntime(26661): Calling main entry com.android.commands.uiautomator.Launcher
05-20 10:50:01.736 D/dalvikvm(26661): Note: class Landroid/app/ActivityManagerNative; has 163 unimplemented (abstract) methods
05-20 10:50:02.369 I/AndroidRuntime(26661): VM exiting with result code 0.
05-20 10:50:04.010 I/ActivityManager(  374): Process com.android.defcontainer (pid 25240) has died.
05-20 10:50:18.588 D/MDM :   (12519): [null:-1]->MSG_WEBSOCKET_MESSAGE : {"id":-1449457026,"type":0,"command":0,"result":0,"reason":0,"params":{"msgId":"9e2d9be8-3a2c-4779-a9da-c424eb4a345d,9e2d9be83a2c4779a9dac424eb4a345d","device":"00013fbc8ecec5b90000014613abe64a","message":"{\"cmd\":\"10119\"}"}}
05-20 10:50:18.611 D/MdmService(12519): [null:-1]->push message type :0
05-20 10:50:18.611 D/MdmService(12519): [null:-1]->cmdMessage : {"cmd":"10119"}
