--------- beginning of /dev/log/system
05-21 23:39:11.736 W/ActivityManager(  374): Killing ProcessRecord{425f0630 5092:com.pekall.emdm.launcher:remote/u0a10066}: background ANR
05-21 23:39:11.799 I/ActivityManager(  374): Process com.pekall.emdm.launcher:remote (pid 5092) has died.
05-21 23:39:11.799 W/ActivityManager(  374): Scheduling restart of crashed service com.pekall.emdm.launcher/com.baidu.location.f in 5120000ms
05-21 23:42:36.916 I/ActivityManager(  374): No longer want com.nd.assistance (pid 4875): empty for 1803s
05-21 23:42:57.353 I/ActivityManager(  374): No longer want com.android.mms (pid 4947): empty for 1819s
05-21 23:42:57.353 I/ActivityManager(  374): No longer want com.dragon.android.pandaspace:bdservice_v1 (pid 4659): empty for 1819s
05-21 23:42:57.353 I/ActivityManager(  374): No longer want com.dragon.android.pandaspace (pid 4476): empty for 1819s
05-21 23:42:57.353 I/ActivityManager(  374): No longer want com.google.android.apps.uploader (pid 4932): empty for 1820s
05-21 23:42:57.353 I/ActivityManager(  374): No longer want android.process.media (pid 4891): empty for 1820s
05-21 23:42:57.353 I/ActivityManager(  374): No longer want com.google.android.gallery3d (pid 4906): empty for 1820s
05-21 23:42:57.353 I/ActivityManager(  374): No longer want com.qihoo.appstore (pid 4629): empty for 3386s
05-21 23:42:57.689 D/CountryDetector(  374): No listener is left
05-21 23:42:57.689 W/ActivityManager(  374): Scheduling restart of crashed service com.qihoo.appstore/.express.DownloadCoreService in 5000ms
05-21 23:42:57.689 W/ActivityManager(  374): Scheduling restart of crashed service com.dragon.android.pandaspace/.receiver.UpdateAndMessageService in 5000ms
05-21 23:42:57.689 W/ActivityManager(  374): Scheduling restart of crashed service com.dragon.android.pandaspace/com.dragon.pandaspace.download.flow.DownloadTaskService in 15000ms
05-21 23:42:57.689 W/ActivityManager(  374): Scheduling restart of crashed service com.dragon.android.pandaspace/com.baidu.android.moplus.MoPlusService in 24998ms
05-21 23:43:02.697 I/ActivityManager(  374): Start proc com.dragon.android.pandaspace for service com.dragon.android.pandaspace/.receiver.UpdateAndMessageService: pid=5127 uid=10074 gids={50074, 1015, 3003, 1006, 1028}
05-21 23:43:22.721 I/ActivityManager(  374): Start proc com.dragon.android.pandaspace:bdservice_v1 for service com.dragon.android.pandaspace/com.baidu.android.moplus.MoPlusService: pid=5147 uid=10074 gids={50074, 1015, 3003, 1006, 1028}
05-21 23:44:59.994 I/ActivityManager(  374): No longer want com.google.android.apps.maps:LocationFriendService (pid 5026): empty for 1824s
05-21 23:44:59.994 I/ActivityManager(  374): No longer want com.google.android.apps.maps:FriendService (pid 5014): empty for 1824s
05-21 23:44:59.994 I/ActivityManager(  374): No longer want com.google.android.apps.maps:GoogleLocationService (pid 4991): empty for 1825s
05-21 23:45:00.033 W/ActivityManager(  374): Scheduling restart of crashed service com.google.android.apps.maps/com.google.android.location.internal.server.GoogleLocationService in 5000ms
05-21 23:45:05.041 I/ActivityManager(  374): Start proc com.google.android.apps.maps:GoogleLocationService for service com.google.android.apps.maps/com.google.android.location.internal.server.GoogleLocationService: pid=5179 uid=10038 gids={50038, 3003, 1015, 1028}
05-21 23:45:05.986 I/ActivityManager(  374): Start proc com.google.android.apps.maps:FriendService for broadcast com.google.android.apps.maps/com.google.googlenav.friend.android.ServiceReceiver: pid=5200 uid=10038 gids={50038, 3003, 1015, 1028}
05-21 23:45:06.064 I/ActivityManager(  374): Start proc com.google.android.apps.maps:LocationFriendService for broadcast com.google.android.apps.maps/com.google.googlenav.friend.reporting.LocationReportingIntentReceiver: pid=5212 uid=10038 gids={50038, 3003, 1015, 1028}
05-21 23:47:09.197 W/ActivityThread( 5179): ClassLoader.loadClass: The class loader returned by Thread.getContextClassLoader() may fail for processes that host multiple applications. You should explicitly specify a context class loader. For example: Thread.setContextClassLoader(getClass().getClassLoader());
05-22 00:00:00.080 I/ActivityManager(  374): Start proc com.google.android.calendar for broadcast com.google.android.calendar/com.android.calendar.widget.CalendarAppWidgetService$CalendarFactory: pid=5243 uid=10006 gids={50006, 3003, 1028}
05-22 00:00:00.213 I/ActivityManager(  374): Start proc com.android.providers.calendar for content provider com.android.providers.calendar/.CalendarProvider2: pid=5260 uid=10007 gids={50007, 3003, 1015, 1028}
05-22 00:13:02.892 W/ActivityManager(  374): Unable to start service Intent { act=pekall.intent.action.DOWNLOAD_APP (has extras) } U=0: not found
05-22 00:13:03.174 I/ActivityManager(  374): Start proc com.pekall.emdm.launcher:remote for service com.pekall.emdm.launcher/com.baidu.location.f: pid=5295 uid=10066 gids={50066, 1015, 3002, 3001, 3003, 1028}
05-22 00:13:03.471 D/ActivityThread( 5295): Loading provider com.pekall.semail.provider;com.pekall.semail.notifier: com.pekall.semail.provider.EmailProvider
05-22 00:13:03.494 D/ActivityThread( 5295): Loading provider com.pekall.semail.provider;com.pekall.semail.notifier: com.pekall.semail.provider.EmailProvider
05-22 00:13:05.588 W/ActivityManager(  374): Unable to start service Intent { cmp=com.pekall.emdm.launcher/com.pekall.semail.service.AttachmentDownloadService } U=0: not found
05-22 00:13:23.213 W/ActivityManager(  374): Timeout executing service: ServiceRecord{42f969c8 u0 com.pekall.emdm.launcher/com.baidu.location.f}
05-22 00:13:28.260 E/ActivityManager(  374): ANR in com.pekall.emdm.launcher:remote
05-22 00:13:28.260 E/ActivityManager(  374): Reason: Executing service com.pekall.emdm.launcher/com.baidu.location.f
05-22 00:13:28.260 E/ActivityManager(  374): Load: 1.5 / 1.13 / 1.08
05-22 00:13:28.260 E/ActivityManager(  374): CPU usage from 0ms to 5026ms later with 99% awake:
05-22 00:13:28.260 E/ActivityManager(  374):   80% 700/com.pekall.emdm.launcher: 80% user + 0% kernel / faults: 1 minor
05-22 00:13:28.260 E/ActivityManager(  374):   77% 5295/com.pekall.emdm.launcher:remote: 77% user + 0% kernel / faults: 115 minor
05-22 00:13:28.260 E/ActivityManager(  374):   32% 374/system_server: 27% user + 4.5% kernel / faults: 430 minor
05-22 00:13:28.260 E/ActivityManager(  374):   1.6% 448/com.android.systemui: 1.4% user + 0.1% kernel / faults: 29 minor
05-22 00:13:28.260 E/ActivityManager(  374):   0% 561/com.android.phone: 0% user + 0% kernel / faults: 34 minor
05-22 00:13:28.260 E/ActivityManager(  374):   0.1% 568/com.android.nfc: 0% user + 0% kernel / faults: 28 minor
05-22 00:13:28.260 E/ActivityManager(  374): 100% TOTAL: 97% user + 2.8% kernel
05-22 00:13:28.260 E/ActivityManager(  374): CPU usage from 4239ms to 4780ms later:
05-22 00:13:28.260 E/ActivityManager(  374):   98% 5295/com.pekall.emdm.launcher:remote: 98% user + 0% kernel
05-22 00:13:28.260 E/ActivityManager(  374):     100% 5308/Thread-4152: 100% user + 0% kernel
05-22 00:13:28.260 E/ActivityManager(  374):   94% 700/com.pekall.emdm.launcher: 94% user + 0% kernel
05-22 00:13:28.260 E/ActivityManager(  374):     94% 736/Thread-3768: 94% user + 0% kernel
05-22 00:13:28.260 E/ActivityManager(  374):   5.5% 374/system_server: 1.8% user + 3.7% kernel
05-22 00:13:28.260 E/ActivityManager(  374):     7.4% 390/ActivityManager: 1.8% user + 5.5% kernel
05-22 00:13:28.260 E/ActivityManager(  374): 100% TOTAL: 97% user + 2.7% kernel
05-22 00:13:28.260 W/ActivityManager(  374): Killing ProcessRecord{4270ce60 5295:com.pekall.emdm.launcher:remote/u0a10066}: background ANR
05-22 00:13:28.283 I/ActivityManager(  374): Process com.pekall.emdm.launcher:remote (pid 5295) has died.
05-22 00:13:28.283 W/ActivityManager(  374): Scheduling restart of crashed service com.pekall.emdm.launcher/com.baidu.location.f in 5000ms
05-22 00:13:28.392 I/ActivityManager(  374): No longer want com.dragon.android.pandaspace:bdservice_v1 (pid 5147): empty for 1805s
05-22 00:13:28.392 I/ActivityManager(  374): No longer want com.dragon.android.pandaspace (pid 5127): empty for 1825s
05-22 00:13:28.416 W/ActivityManager(  374): Scheduling restart of crashed service com.dragon.android.pandaspace/com.baidu.android.moplus.MoPlusService in 14868ms
05-22 00:13:28.416 W/ActivityManager(  374): Scheduling restart of crashed service com.dragon.android.pandaspace/com.dragon.pandaspace.download.flow.DownloadTaskService in 24866ms
05-22 00:13:33.314 I/ActivityManager(  374): Start proc com.pekall.emdm.launcher:remote for service com.pekall.emdm.launcher/com.baidu.location.f: pid=5328 uid=10066 gids={50066, 1015, 3002, 3001, 3003, 1028}
05-22 00:13:33.611 D/ActivityThread( 5328): Loading provider com.pekall.semail.provider;com.pekall.semail.notifier: com.pekall.semail.provider.EmailProvider
05-22 00:13:33.650 D/ActivityThread( 5328): Loading provider com.pekall.semail.provider;com.pekall.semail.notifier: com.pekall.semail.provider.EmailProvider
05-22 00:13:36.260 W/ActivityManager(  374): Unable to start service Intent { cmp=com.pekall.emdm.launcher/com.pekall.semail.service.AttachmentDownloadService } U=0: not found
05-22 00:13:43.322 I/ActivityManager(  374): Start proc com.dragon.android.pandaspace:bdservice_v1 for service com.dragon.android.pandaspace/com.baidu.android.moplus.MoPlusService: pid=5361 uid=10074 gids={50074, 1015, 3003, 1006, 1028}
05-22 00:13:53.322 I/ActivityManager(  374): Start proc com.dragon.android.pandaspace for service com.dragon.android.pandaspace/com.dragon.pandaspace.download.flow.DownloadTaskService: pid=5385 uid=10074 gids={50074, 1015, 3003, 1006, 1028}
05-22 00:13:53.322 W/ActivityManager(  374): Timeout executing service: ServiceRecord{42f969c8 u0 com.pekall.emdm.launcher/com.baidu.location.f}
05-22 00:14:01.697 E/ActivityManager(  374): ANR in com.pekall.emdm.launcher:remote
05-22 00:14:01.697 E/ActivityManager(  374): Reason: Executing service com.pekall.emdm.launcher/com.baidu.location.f
05-22 00:14:01.697 E/ActivityManager(  374): Load: 2.16 / 1.31 / 1.14
05-22 00:14:01.697 E/ActivityManager(  374): CPU usage from 0ms to 8331ms later:
05-22 00:14:01.697 E/ActivityManager(  374):   82% 5328/com.pekall.emdm.launcher:remote: 82% user + 0% kernel / faults: 113 minor
05-22 00:14:01.697 E/ActivityManager(  374):   81% 700/com.pekall.emdm.launcher: 80% user + 0.4% kernel / faults: 272 minor
05-22 00:14:01.697 E/ActivityManager(  374):   21% 374/system_server: 17% user + 4.3% kernel / faults: 589 minor
05-22 00:14:01.697 E/ActivityManager(  374):   1.3% 448/com.android.systemui: 1.2% user + 0.1% kernel / faults: 24 minor
05-22 00:14:01.697 E/ActivityManager(  374):   3.1% 5385/com.dragon.android.pandaspace: 2.1% user + 0.9% kernel / faults: 4081 minor
05-22 00:14:01.697 E/ActivityManager(  374):   2.4% 5361/com.dragon.android.pandaspace:bdservice_v1: 2.1% user + 0.2% kernel / faults: 550 minor
05-22 00:14:01.697 E/ActivityManager(  374):   1.2% 1661/com.qihoo360.mobilesafe:GuardService: 1% user + 0.1% kernel / faults: 130 minor 1 major
05-22 00:14:01.697 E/ActivityManager(  374):   0.1% 561/com.android.phone: 0.1% user + 0% kernel / faults: 30 minor
05-22 00:14:01.697 E/ActivityManager(  374):   0% 568/com.android.nfc: 0% user + 0% kernel / faults: 28 minor
05-22 00:14:01.697 E/ActivityManager(  374):   0.1% 82/mmcqd/0: 0% user + 0.1% kernel
05-22 00:14:01.697 E/ActivityManager(  374):   0.1% 133/sdcard: 0% user + 0.1% kernel
05-22 00:14:01.697 E/ActivityManager(  374):  +0% 5405/chmod: 0% user + 0% kernel
05-22 00:14:01.697 E/ActivityManager(  374):  +0% 5406/chmod: 0% user + 0% kernel
05-22 00:14:01.697 E/ActivityManager(  374): 100% TOTAL: 96% user + 3.5% kernel
05-22 00:14:01.697 E/ActivityManager(  374): CPU usage from 7370ms to 7924ms later:
05-22 00:14:01.697 E/ActivityManager(  374):   98% 5328/com.pekall.emdm.launcher:remote: 98% user + 0% kernel
05-22 00:14:01.697 E/ActivityManager(  374):     98% 5341/Thread-4155: 98% user + 0% kernel
05-22 00:14:01.697 E/ActivityManager(  374):   92% 700/com.pekall.emdm.launcher: 92% user + 0% kernel
05-22 00:14:01.697 E/ActivityManager(  374):     92% 736/Thread-3768: 92% user + 0% kernel
05-22 00:14:01.697 E/ActivityManager(  374):   7.2% 374/system_server: 0% user + 7.2% kernel / faults: 2 minor
05-22 00:14:01.697 E/ActivityManager(  374):     5.4% 390/ActivityManager: 0% user + 5.4% kernel
05-22 00:14:01.697 E/ActivityManager(  374):   3.6% 5361/com.dragon.android.pandaspace:bdservice_v1: 3.6% user + 0% kernel / faults: 58 minor
05-22 00:14:01.697 E/ActivityManager(  374):     1.8% 5361/ce:bdservice_v1: 1.8% user + 0% kernel
05-22 00:14:01.697 E/ActivityManager(  374):     1.8% 5363/GC: 1.8% user + 0% kernel
05-22 00:14:01.697 E/ActivityManager(  374): 100% TOTAL: 97% user + 2.7% kernel
05-22 00:14:01.705 W/ActivityManager(  374): Killing ProcessRecord{426948b8 5328:com.pekall.emdm.launcher:remote/u0a10066}: background ANR
05-22 00:14:01.728 I/ActivityManager(  374): Process com.pekall.emdm.launcher:remote (pid 5328) has died.
05-22 00:14:01.728 W/ActivityManager(  374): Scheduling restart of crashed service com.pekall.emdm.launcher/com.baidu.location.f in 20000ms
05-22 00:14:21.775 I/ActivityManager(  374): Start proc com.pekall.emdm.launcher:remote for service com.pekall.emdm.launcher/com.baidu.location.f: pid=5409 uid=10066 gids={50066, 1015, 3002, 3001, 3003, 1028}
05-22 00:14:22.166 D/ActivityThread( 5409): Loading provider com.pekall.semail.provider;com.pekall.semail.notifier: com.pekall.semail.provider.EmailProvider
05-22 00:14:22.517 D/ActivityThread( 5409): Loading provider com.pekall.semail.provider;com.pekall.semail.notifier: com.pekall.semail.provider.EmailProvider
05-22 00:14:23.517 W/ActivityManager(  374): Unable to start service Intent { cmp=com.pekall.emdm.launcher/com.pekall.semail.service.AttachmentDownloadService } U=0: not found
05-22 00:14:41.783 W/ActivityManager(  374): Timeout executing service: ServiceRecord{42f969c8 u0 com.pekall.emdm.launcher/com.baidu.location.f}
05-22 00:14:46.353 E/ActivityManager(  374): ANR in com.pekall.emdm.launcher:remote
05-22 00:14:46.353 E/ActivityManager(  374): Reason: Executing service com.pekall.emdm.launcher/com.baidu.location.f
05-22 00:14:46.353 E/ActivityManager(  374): Load: 2.33 / 1.46 / 1.2
05-22 00:14:46.353 E/ActivityManager(  374): CPU usage from 4412ms to -4529ms ago:
05-22 00:14:46.353 E/ActivityManager(  374):   90% 5409/com.pekall.emdm.launcher:remote: 90% user + 0.2% kernel / faults: 117 minor
05-22 00:14:46.353 E/ActivityManager(  374):   85% 700/com.pekall.emdm.launcher: 85% user + 0% kernel
05-22 00:14:46.353 E/ActivityManager(  374):   18% 374/system_server: 16% user + 2.2% kernel / faults: 643 minor
05-22 00:14:46.353 E/ActivityManager(  374):   4.7% 448/com.android.systemui: 4.3% user + 0.3% kernel / faults: 27 minor
05-22 00:14:46.353 E/ActivityManager(  374):   0.1% 561/com.android.phone: 0% user + 0% kernel / faults: 30 minor
05-22 00:14:46.353 E/ActivityManager(  374):   0% 568/com.android.nfc: 0% user + 0% kernel / faults: 28 minor
05-22 00:14:46.353 E/ActivityManager(  374): 99% TOTAL: 98% user + 1.6% kernel
05-22 00:14:46.353 E/ActivityManager(  374): CPU usage from 3751ms to 4283ms later with 99% awake:
05-22 00:14:46.353 E/ActivityManager(  374):   100% 5409/com.pekall.emdm.launcher:remote: 100% user + 0% kernel
05-22 00:14:46.353 E/ActivityManager(  374):     100% 5422/Thread-4164: 100% user + 0% kernel
05-22 00:14:46.353 E/ActivityManager(  374):   92% 700/com.pekall.emdm.launcher: 92% user + 0% kernel
05-22 00:14:46.353 E/ActivityManager(  374):     96% 736/Thread-3768: 96% user + 0% kernel
05-22 00:14:46.353 E/ActivityManager(  374):   7.4% 374/system_server: 1.8% user + 5.5% kernel
05-22 00:14:46.353 E/ActivityManager(  374):     3.7% 390/ActivityManager: 0% user + 3.7% kernel
05-22 00:14:46.353 E/ActivityManager(  374): 100% TOTAL: 96% user + 3.7% kernel
05-22 00:14:46.361 W/ActivityManager(  374): Killing ProcessRecord{425f0668 5409:com.pekall.emdm.launcher:remote/u0a10066}: background ANR
05-22 00:14:46.392 I/ActivityManager(  374): Process com.pekall.emdm.launcher:remote (pid 5409) has died.
05-22 00:14:46.392 W/ActivityManager(  374): Scheduling restart of crashed service com.pekall.emdm.launcher/com.baidu.location.f in 80000ms
05-22 00:15:06.244 I/ActivityManager(  374): No longer want com.google.android.apps.maps:LocationFriendService (pid 5212): empty for 1800s
05-22 00:15:06.244 I/ActivityManager(  374): No longer want com.google.android.apps.maps:FriendService (pid 5200): empty for 1800s
05-22 00:15:06.244 I/ActivityManager(  374): No longer want com.google.android.apps.maps:GoogleLocationService (pid 5179): empty for 1801s
05-22 00:15:06.267 W/ActivityManager(  374): Scheduling restart of crashed service com.google.android.apps.maps/com.google.android.location.internal.server.GoogleLocationService in 5000ms
05-22 00:15:11.299 I/ActivityManager(  374): Start proc com.google.android.apps.maps:GoogleLocationService for service com.google.android.apps.maps/com.google.android.location.internal.server.GoogleLocationService: pid=5444 uid=10038 gids={50038, 3003, 1015, 1028}
05-22 00:15:12.267 I/ActivityManager(  374): Start proc com.google.android.apps.maps:FriendService for broadcast com.google.android.apps.maps/com.google.googlenav.friend.android.ServiceReceiver: pid=5465 uid=10038 gids={50038, 3003, 1015, 1028}
05-22 00:15:12.361 I/ActivityManager(  374): Start proc com.google.android.apps.maps:LocationFriendService for broadcast com.google.android.apps.maps/com.google.googlenav.friend.reporting.LocationReportingIntentReceiver: pid=5477 uid=10038 gids={50038, 3003, 1015, 1028}
05-22 00:16:06.408 I/ActivityManager(  374): Start proc com.pekall.emdm.launcher:remote for service com.pekall.emdm.launcher/com.baidu.location.f: pid=5496 uid=10066 gids={50066, 1015, 3002, 3001, 3003, 1028}
05-22 00:16:06.892 D/ActivityThread( 5496): Loading provider com.pekall.semail.provider;com.pekall.semail.notifier: com.pekall.semail.provider.EmailProvider
05-22 00:16:07.564 D/ActivityThread( 5496): Loading provider com.pekall.semail.provider;com.pekall.semail.notifier: com.pekall.semail.provider.EmailProvider
05-22 00:16:09.056 W/ActivityManager(  374): Unable to start service Intent { cmp=com.pekall.emdm.launcher/com.pekall.semail.service.AttachmentDownloadService } U=0: not found
05-22 00:16:26.447 W/ActivityManager(  374): Timeout executing service: ServiceRecord{42f969c8 u0 com.pekall.emdm.launcher/com.baidu.location.f}
05-22 00:16:31.158 E/ActivityManager(  374): ANR in com.pekall.emdm.launcher:remote
05-22 00:16:31.158 E/ActivityManager(  374): Reason: Executing service com.pekall.emdm.launcher/com.baidu.location.f
05-22 00:16:31.158 E/ActivityManager(  374): Load: 2.28 / 1.61 / 1.28
05-22 00:16:31.158 E/ActivityManager(  374): CPU usage from 21445ms to 0ms ago:
05-22 00:16:31.158 E/ActivityManager(  374):   99% 700/com.pekall.emdm.launcher: 99% user + 0% kernel / faults: 351 minor
05-22 00:16:31.158 E/ActivityManager(  374):   0.3% 374/system_server: 0.1% user + 0.1% kernel / faults: 13 minor
05-22 00:16:31.158 E/ActivityManager(  374):   0% 82/mmcqd/0: 0% user + 0% kernel
05-22 00:16:31.158 E/ActivityManager(  374):   0% 114/jbd2/mmcblk0p12: 0% user + 0% kernel
05-22 00:16:31.158 E/ActivityManager(  374):   0% 125/zygote: 0% user + 0% kernel / faults: 51 minor
05-22 00:16:31.158 E/ActivityManager(  374):   0% 1615/logcat: 0% user + 0% kernel
05-22 00:16:31.158 E/ActivityManager(  374):   0% 4648/logcat: 0% user + 0% kernel
05-22 00:16:31.158 E/ActivityManager(  374):   0% 5444/com.google.android.apps.maps:GoogleLocationService: 0% user + 0% kernel / faults: 37 minor
05-22 00:16:31.158 E/ActivityManager(  374):  +0% 5496/com.pekall.emdm.launcher:remote: 0% user + 0% kernel
05-22 00:16:31.158 E/ActivityManager(  374): 96% TOTAL: 95% user + 0.3% kernel
05-22 00:16:31.158 E/ActivityManager(  374): CPU usage from 3929ms to 4462ms later:
05-22 00:16:31.158 E/ActivityManager(  374):   92% 700/com.pekall.emdm.launcher: 92% user + 0% kernel
05-22 00:16:31.158 E/ActivityManager(  374):     90% 736/Thread-3768: 90% user + 0% kernel
05-22 00:16:31.158 E/ActivityManager(  374):   87% 5496/com.pekall.emdm.launcher:remote: 87% user + 0% kernel
05-22 00:16:31.158 E/ActivityManager(  374):     87% 5509/Thread-4176: 87% user + 0% kernel
05-22 00:16:31.158 E/ActivityManager(  374):   7.5% 374/system_server: 5.6% user + 1.8% kernel
05-22 00:16:31.158 E/ActivityManager(  374):     3.7% 390/ActivityManager: 3.7% user + 0% kernel
05-22 00:16:31.158 E/ActivityManager(  374): 93% TOTAL: 92% user + 0.9% kernel
05-22 00:16:31.166 W/ActivityManager(  374): Killing ProcessRecord{426b4660 5496:com.pekall.emdm.launcher:remote/u0a10066}: background ANR
05-22 00:16:31.174 I/ActivityManager(  374): Process com.pekall.emdm.launcher:remote (pid 5496) has died.
05-22 00:16:31.174 W/ActivityManager(  374): Scheduling restart of crashed service com.pekall.emdm.launcher/com.baidu.location.f in 320000ms
05-22 00:17:00.322 W/ActivityThread( 5444): ClassLoader.loadClass: The class loader returned by Thread.getContextClassLoader() may fail for processes that host multiple applications. You should explicitly specify a context class loader. For example: Thread.setContextClassLoader(getClass().getClassLoader());
05-22 00:21:51.228 I/ActivityManager(  374): Start proc com.pekall.emdm.launcher:remote for service com.pekall.emdm.launcher/com.baidu.location.f: pid=5535 uid=10066 gids={50066, 1015, 3002, 3001, 3003, 1028}
05-22 00:21:51.627 D/ActivityThread( 5535): Loading provider com.pekall.semail.provider;com.pekall.semail.notifier: com.pekall.semail.provider.EmailProvider
05-22 00:21:51.744 D/ActivityThread( 5535): Loading provider com.pekall.semail.provider;com.pekall.semail.notifier: com.pekall.semail.provider.EmailProvider
05-22 00:21:53.580 W/ActivityManager(  374): Unable to start service Intent { cmp=com.pekall.emdm.launcher/com.pekall.semail.service.AttachmentDownloadService } U=0: not found
05-22 00:22:11.260 W/ActivityManager(  374): Timeout executing service: ServiceRecord{42f969c8 u0 com.pekall.emdm.launcher/com.baidu.location.f}
05-22 00:22:16.213 E/ActivityManager(  374): ANR in com.pekall.emdm.launcher:remote
05-22 00:22:16.213 E/ActivityManager(  374): Reason: Executing service com.pekall.emdm.launcher/com.baidu.location.f
05-22 00:22:16.213 E/ActivityManager(  374): Load: 1.71 / 1.37 / 1.25
05-22 00:22:16.213 E/ActivityManager(  374): CPU usage from 6258ms to 0ms ago:
05-22 00:22:16.213 E/ActivityManager(  374):   99% 700/com.pekall.emdm.launcher: 99% user + 0% kernel
05-22 00:22:16.213 E/ActivityManager(  374):   99% 5535/com.pekall.emdm.launcher:remote: 99% user + 0% kernel
05-22 00:22:16.213 E/ActivityManager(  374):   0.1% 374/system_server: 0.1% user + 0% kernel
05-22 00:22:16.213 E/ActivityManager(  374): 100% TOTAL: 99% user + 0% kernel
05-22 00:22:16.213 E/ActivityManager(  374): CPU usage from 4062ms to 4600ms later:
05-22 00:22:16.213 E/ActivityManager(  374):   98% 5535/com.pekall.emdm.launcher:remote: 98% user + 0% kernel
05-22 00:22:16.213 E/ActivityManager(  374):     98% 5548/Thread-4179: 98% user + 0% kernel
05-22 00:22:16.213 E/ActivityManager(  374):   92% 700/com.pekall.emdm.launcher: 92% user + 0% kernel
05-22 00:22:16.213 E/ActivityManager(  374):     92% 736/Thread-3768: 92% user + 0% kernel
05-22 00:22:16.213 E/ActivityManager(  374):   5.5% 374/system_server: 1.8% user + 3.7% kernel / faults: 4 minor
05-22 00:22:16.213 E/ActivityManager(  374):     5.5% 390/ActivityManager: 1.8% user + 3.7% kernel
05-22 00:22:16.213 E/ActivityManager(  374):   1.2% 5444/com.google.android.apps.maps:GoogleLocationService: 1.2% user + 0% kernel / faults: 7 minor
05-22 00:22:16.213 E/ActivityManager(  374):     1.2% 5464/NetworkLocation: 1.2% user + 0% kernel
05-22 00:22:16.213 E/ActivityManager(  374): 100% TOTAL: 96% user + 3.7% kernel
05-22 00:22:16.213 W/ActivityManager(  374): Killing ProcessRecord{42299ee0 5535:com.pekall.emdm.launcher:remote/u0a10066}: background ANR
05-22 00:22:16.244 I/ActivityManager(  374): Process com.pekall.emdm.launcher:remote (pid 5535) has died.
05-22 00:22:16.244 W/ActivityManager(  374): Scheduling restart of crashed service com.pekall.emdm.launcher/com.baidu.location.f in 1280000ms
05-22 00:23:59.994 I/ActivityManager(  374): No longer want com.tencent.android.qqdownloader:connect (pid 3068): empty for 1853s
05-22 00:23:59.994 I/ActivityManager(  374): No longer want com.tencent.android.qqdownloader (pid 3083): empty for 1853s
05-22 00:24:00.017 W/ActivityManager(  374): Scheduling restart of crashed service com.tencent.android.qqdownloader/com.tencent.assistant.service.WiseDownloadService in 5000ms
05-22 00:24:00.017 W/ActivityManager(  374): Scheduling restart of crashed service com.tencent.android.qqdownloader/com.tencent.assistant.manager.notification.NotificationService in 15000ms
05-22 00:24:00.017 W/ActivityManager(  374): Scheduling restart of crashed service com.tencent.android.qqdownloader/com.tencent.assistant.sdk.PluginSupportService in 24999ms
05-22 00:24:00.025 W/ActivityManager(  374): Scheduling restart of crashed service com.tencent.android.qqdownloader/com.qq.AppService.AppService in 24989ms
05-22 00:24:05.025 I/ActivityManager(  374): Start proc com.tencent.android.qqdownloader for service com.tencent.android.qqdownloader/com.tencent.assistant.service.WiseDownloadService: pid=5570 uid=10065 gids={50065, 3003, 3002, 1006, 1028, 1015}
05-22 00:24:05.158 I/ActivityManager(  374): Start proc com.tencent.android.qqdownloader:connect for service com.tencent.android.qqdownloader/com.qq.AppService.IPCService: pid=5586 uid=10065 gids={50065, 3003, 3002, 1006, 1028, 1015}
05-22 00:24:05.580 I/ActivityManager(  374): Start proc android.process.media for content provider com.android.providers.media/.MediaProvider: pid=5627 uid=10015 gids={50015, 1015, 1023, 1024, 1028, 2001, 3003, 3007}
05-22 00:30:06.252 I/ActivityManager(  374): No longer want com.android.providers.calendar (pid 5260): empty for 1804s
05-22 00:30:06.252 I/ActivityManager(  374): No longer want com.google.android.calendar (pid 5243): empty for 1804s
05-22 00:30:06.267 I/ActivityManager(  374): Kill com.google.android.calendar (pid 5243): provider com.android.providers.calendar.CalendarProvider2 in dying process com.android.providers.calendar
05-22 00:30:25.213 D/ConnectivityService(  374): ConnectivityChange for WIFI: DISCONNECTED/DISCONNECTED
05-22 00:30:25.228 D/ConnectivityService(  374): Attempting to switch to mobile
05-22 00:30:25.228 D/ConnectivityService(  374): Attempting to switch to BLUETOOTH_TETHER
05-22 00:30:25.228 D/ConnectivityService(  374): Attempting to switch to ETHERNET
05-22 00:30:25.244 I/ActivityManager(  374): Start proc com.nd.assistance for broadcast com.nd.assistance/.receiver.WifiStateChangeReceiver: pid=5663 uid=10068 gids={50068, 3003, 1015, 1006, 1028}
05-22 00:30:25.252 D/ConnectivityService(  374): resetConnections(wlan0, 3)
05-22 00:30:25.267 W/ActivityManager(  374): Failed to clear dns cache for: com.tencent.android.qqdownloader
05-22 00:30:25.267 D/Nat464Xlat(  374): requiresClat: netType=1, hasIPv4Address=false
05-22 00:30:25.455 D/ConnectivityService(  374): handleInetConditionChange: no active default network - ignore
05-22 00:30:27.580 D/ConnectivityService(  374): Captive portal check NetworkInfo: type: WIFI[], state: CONNECTING/CAPTIVE_PORTAL_CHECK, reason: (unspecified), extra: "pekall_work", roaming: false, failover: false, isAvailable: true
05-22 00:30:27.588 D/ConnectivityService(  374): ConnectivityChange for WIFI: CONNECTED/CONNECTED
05-22 00:30:27.619 W/ActivityManager(  374): Failed to clear dns cache for: com.tencent.android.qqdownloader
05-22 00:30:27.635 D/Nat464Xlat(  374): requiresClat: netType=1, hasIPv4Address=true
05-22 00:30:28.424 I/ActivityManager(  374): Start proc com.google.android.gallery3d for broadcast com.google.android.gallery3d/com.google.android.picasasync.ConnectivityReceiver: pid=5716 uid=10019 gids={50019, 1006, 3003, 1015, 1028}
05-22 00:30:28.588 D/ConnectivityService(  374): NetTransition Wakelock for ConnectedState released by timeout
05-22 00:30:28.721 I/ActivityManager(  374): Start proc com.google.android.apps.uploader for broadcast com.google.android.apps.uploader/com.google.android.picasasync.ConnectivityReceiver: pid=5740 uid=10039 gids={50039, 3003, 1015, 1028}
05-22 00:30:28.830 I/ActivityManager(  374): Start proc com.android.mms for broadcast com.android.mms/.transaction.MmsSystemEventReceiver: pid=5753 uid=10040 gids={50040, 3003, 1015, 1028}
05-22 00:30:28.892 D/CountryDetector(  374): The first listener is added
05-22 00:30:32.424 D/ConnectivityService(  374): handleInetConditionHoldEnd: net=1, condition=100, published condition=0
05-22 00:30:32.424 I/ActivityManager(  374): Start proc com.qihoo.root for broadcast com.qihoo.root/.SuRequestReceiver: pid=5841 uid=10072 gids={50072, 1015, 3003, 1028}
05-22 00:30:32.611 I/ActivityManager(  374): START u0 {flg=0x10000000 cmp=com.qihoo.root/.SuRequestActivity (has extras)} from pid 5841
05-22 00:30:33.752 W/ActivityManager(  374): Unable to start service Intent { act=com.google.android.gms.analytics.service.START (has extras) } U=0: not found
05-22 00:30:33.791 I/ActivityManager(  374): Start proc com.qihoo.appstore for service com.qihoo.appstore/.express.DownloadCoreService: pid=5861 uid=10064 gids={50064, 3003, 1015, 3002, 1006, 3001, 1028}
05-22 00:30:38.760 W/ActivityManager(  374): Unable to start service Intent { act=com.google.android.gms.analytics.service.START (has extras) } U=0: not found
05-22 00:30:47.174 I/WindowManager(  374): Screenshot max retries 4 of Token{425dac38 ActivityRecord{425da7f0 u0 com.android.launcher/com.android.launcher2.Launcher}} appWin=Window{426f6f48 u0 com.android.launcher/com.android.launcher2.Launcher} drawState=4
05-22 00:30:47.174 W/WindowManager(  374): Screenshot failure taking screenshot for (720x1280) to layer 21010
05-22 00:43:36.291 I/ActivityManager(  374): Start proc com.pekall.emdm.launcher:remote for service com.pekall.emdm.launcher/com.baidu.location.f: pid=5920 uid=10066 gids={50066, 1015, 3002, 3001, 3003, 1028}
05-22 00:43:36.681 D/ActivityThread( 5920): Loading provider com.pekall.semail.provider;com.pekall.semail.notifier: com.pekall.semail.provider.EmailProvider
05-22 00:43:36.728 D/ActivityThread( 5920): Loading provider com.pekall.semail.provider;com.pekall.semail.notifier: com.pekall.semail.provider.EmailProvider
05-22 00:43:40.221 W/ActivityManager(  374): Unable to start service Intent { cmp=com.pekall.emdm.launcher/com.pekall.semail.service.AttachmentDownloadService } U=0: not found
05-22 00:43:56.330 W/ActivityManager(  374): Timeout executing service: ServiceRecord{42f969c8 u0 com.pekall.emdm.launcher/com.baidu.location.f}
05-22 00:44:03.721 E/ActivityManager(  374): ANR in com.pekall.emdm.launcher:remote
05-22 00:44:03.721 E/ActivityManager(  374): Reason: Executing service com.pekall.emdm.launcher/com.baidu.location.f
05-22 00:44:03.721 E/ActivityManager(  374): Load: 1.78 / 1.21 / 1.16
05-22 00:44:03.721 E/ActivityManager(  374): CPU usage from 0ms to 7364ms later:
05-22 00:44:03.721 E/ActivityManager(  374):   86% 700/com.pekall.emdm.launcher: 86% user + 0% kernel / faults: 4 minor
05-22 00:44:03.721 E/ActivityManager(  374):   84% 5920/com.pekall.emdm.launcher:remote: 84% user + 0.1% kernel / faults: 114 minor 2 major
05-22 00:44:03.721 E/ActivityManager(  374):   22% 374/system_server: 18% user + 3.8% kernel / faults: 816 minor
05-22 00:44:03.721 E/ActivityManager(  374):   0.6% 448/com.android.systemui: 0.6% user + 0% kernel / faults: 236 minor
05-22 00:44:03.721 E/ActivityManager(  374):   0% 561/com.android.phone: 0% user + 0% kernel / faults: 375 minor 1 major
05-22 00:44:03.721 E/ActivityManager(  374):   0% 568/com.android.nfc: 0% user + 0% kernel / faults: 406 minor
05-22 00:44:03.721 E/ActivityManager(  374):   0.1% 5861/com.qihoo.appstore: 0.1% user + 0% kernel / faults: 1 minor
05-22 00:44:03.721 E/ActivityManager(  374): 99% TOTAL: 97% user + 2.5% kernel
05-22 00:44:03.721 E/ActivityManager(  374): CPU usage from 6551ms to 7106ms later:
05-22 00:44:03.721 E/ActivityManager(  374):   98% 700/com.pekall.emdm.launcher: 98% user + 0% kernel
05-22 00:44:03.721 E/ActivityManager(  374):     96% 736/Thread-3768: 96% user + 0% kernel
05-22 00:44:03.721 E/ActivityManager(  374):   94% 5920/com.pekall.emdm.launcher:remote: 94% user + 0% kernel
05-22 00:44:03.721 E/ActivityManager(  374):     92% 5933/Thread-4209: 92% user + 0% kernel
05-22 00:44:03.721 E/ActivityManager(  374):   5.3% 374/system_server: 1.7% user + 3.5% kernel
05-22 00:44:03.721 E/ActivityManager(  374):     7.1% 390/ActivityManager: 5.3% user + 1.7% kernel
05-22 00:44:03.721 E/ActivityManager(  374):   5.3% 448/com.android.systemui: 5.3% user + 0% kernel / faults: 2 minor
05-22 00:44:03.721 E/ActivityManager(  374):     3.5% 453/GC: 3.5% user + 0% kernel
05-22 00:44:03.721 E/ActivityManager(  374):     1.7% 454/Signal Catcher: 1.7% user + 0% kernel
05-22 00:44:03.721 E/ActivityManager(  374): 99% TOTAL: 97% user + 1.8% kernel
05-22 00:44:03.728 W/ActivityManager(  374): Killing ProcessRecord{43005920 5920:com.pekall.emdm.launcher:remote/u0a10066}: background ANR
05-22 00:44:03.791 I/ActivityManager(  374): Process com.pekall.emdm.launcher:remote (pid 5920) has died.
05-22 00:44:03.791 W/ActivityManager(  374): Scheduling restart of crashed service com.pekall.emdm.launcher/com.baidu.location.f in 5120000ms
05-22 00:45:30.838 I/ActivityManager(  374): No longer want com.google.android.apps.maps:LocationFriendService (pid 5477): empty for 1818s
05-22 00:45:30.838 I/ActivityManager(  374): No longer want com.google.android.apps.maps:FriendService (pid 5465): empty for 1818s
05-22 00:45:30.846 I/ActivityManager(  374): No longer want com.google.android.apps.maps:GoogleLocationService (pid 5444): empty for 1819s
05-22 00:45:30.869 W/ActivityManager(  374): Scheduling restart of crashed service com.google.android.apps.maps/com.google.android.location.internal.server.GoogleLocationService in 5000ms
05-22 00:45:35.877 I/ActivityManager(  374): Start proc com.google.android.apps.maps:GoogleLocationService for service com.google.android.apps.maps/com.google.android.location.internal.server.GoogleLocationService: pid=5955 uid=10038 gids={50038, 3003, 1015, 1028}
05-22 00:45:36.853 I/ActivityManager(  374): Start proc com.google.android.apps.maps:FriendService for broadcast com.google.android.apps.maps/com.google.googlenav.friend.android.ServiceReceiver: pid=5977 uid=10038 gids={50038, 3003, 1015, 1028}
05-22 00:45:36.978 I/ActivityManager(  374): Start proc com.google.android.apps.maps:LocationFriendService for broadcast com.google.android.apps.maps/com.google.googlenav.friend.reporting.LocationReportingIntentReceiver: pid=5990 uid=10038 gids={50038, 3003, 1015, 1028}
05-22 00:46:38.994 W/ActivityThread( 5955): ClassLoader.loadClass: The class loader returned by Thread.getContextClassLoader() may fail for processes that host multiple applications. You should explicitly specify a context class loader. For example: Thread.setContextClassLoader(getClass().getClassLoader());
05-22 01:00:29.400 I/ActivityManager(  374): No longer want com.nd.assistance (pid 5663): empty for 1801s
05-22 01:00:31.181 I/ActivityManager(  374): No longer want com.dragon.android.pandaspace:bdservice_v1 (pid 5361): empty for 1800s
05-22 01:00:31.197 I/ActivityManager(  374): No longer want com.dragon.android.pandaspace (pid 5385): empty for 1800s
05-22 01:00:31.197 I/ActivityManager(  374): No longer want com.android.mms (pid 5753): empty for 1800s
05-22 01:00:31.197 I/ActivityManager(  374): No longer want com.google.android.apps.uploader (pid 5740): empty for 1800s
05-22 01:00:31.197 I/ActivityManager(  374): No longer want com.google.android.gallery3d (pid 5716): empty for 1800s
05-22 01:00:31.197 I/ActivityManager(  374): No longer want android.process.media (pid 5627): empty for 1800s
05-22 01:00:31.197 I/ActivityManager(  374): No longer want com.tencent.android.qqdownloader:connect (pid 5586): empty for 1800s
05-22 01:00:31.197 I/ActivityManager(  374): No longer want com.tencent.android.qqdownloader (pid 5570): empty for 1800s
05-22 01:00:31.252 W/ActivityManager(  374): Scheduling restart of crashed service com.tencent.android.qqdownloader/com.qq.AppService.AppService in 5000ms
05-22 01:00:31.252 W/ActivityManager(  374): Scheduling restart of crashed service com.tencent.android.qqdownloader/com.qq.AppService.IPCService in 14999ms
05-22 01:00:31.260 W/ActivityManager(  374): Scheduling restart of crashed service com.dragon.android.pandaspace/com.baidu.android.moplus.MoPlusService in 24989ms
05-22 01:00:31.260 D/CountryDetector(  374): No listener is left
05-22 01:00:31.260 W/ActivityManager(  374): Scheduling restart of crashed service com.tencent.android.qqdownloader/com.tencent.assistant.manager.notification.NotificationService in 34985ms
05-22 01:00:31.260 W/ActivityManager(  374): Scheduling restart of crashed service com.tencent.android.qqdownloader/com.tencent.assistant.service.WiseDownloadService in 44985ms
05-22 01:00:31.275 W/ActivityManager(  374): Scheduling restart of crashed service com.dragon.android.pandaspace/.receiver.UpdateAndMessageService in 54972ms
05-22 01:00:31.275 W/ActivityManager(  374): Scheduling restart of crashed service com.dragon.android.pandaspace/com.dragon.pandaspace.download.flow.DownloadTaskService in 64971ms
05-22 01:00:36.267 I/ActivityManager(  374): Start proc com.tencent.android.qqdownloader:connect for service com.tencent.android.qqdownloader/com.qq.AppService.AppService: pid=6016 uid=10065 gids={50065, 3003, 3002, 1006, 1028, 1015}
05-22 01:00:36.291 I/ActivityManager(  374): No longer want com.qihoo.appstore (pid 5861): empty for 1802s
05-22 01:00:36.299 W/ActivityManager(  374): Scheduling restart of crashed service com.qihoo.appstore/.express.DownloadCoreService in 5000ms
05-22 01:00:36.392 I/ActivityManager(  374): Start proc com.tencent.android.qqdownloader for service com.tencent.android.qqdownloader/com.tencent.assistant.sdk.PluginSupportService: pid=6031 uid=10065 gids={50065, 3003, 3002, 1006, 1028, 1015}
05-22 01:00:36.572 I/ActivityManager(  374): Start proc android.process.media for content provider com.android.providers.media/.MediaProvider: pid=6057 uid=10015 gids={50015, 1015, 1023, 1024, 1028, 2001, 3003, 3007}
05-22 01:00:56.267 I/ActivityManager(  374): Start proc com.dragon.android.pandaspace:bdservice_v1 for service com.dragon.android.pandaspace/com.baidu.android.moplus.MoPlusService: pid=6104 uid=10074 gids={50074, 1015, 3003, 1006, 1028}
05-22 01:00:56.283 I/ActivityManager(  374): No longer want com.qihoo.root (pid 5841): empty for 1808s
05-22 01:00:57.158 I/ActivityManager(  374): Start proc com.dragon.android.pandaspace for service com.dragon.android.pandaspace/com.dragon.pandaspace.download.flow.DownloadTaskService: pid=6131 uid=10074 gids={50074, 1015, 3003, 1006, 1028}
05-22 01:15:59.994 I/ActivityManager(  374): No longer want com.google.android.apps.maps:LocationFriendService (pid 5990): empty for 1822s
05-22 01:15:59.994 I/ActivityManager(  374): No longer want com.google.android.apps.maps:FriendService (pid 5977): empty for 1823s
05-22 01:15:59.994 I/ActivityManager(  374): No longer want com.google.android.apps.maps:GoogleLocationService (pid 5955): empty for 1824s
05-22 01:16:00.033 W/ActivityManager(  374): Scheduling restart of crashed service com.google.android.apps.maps/com.google.android.location.internal.server.GoogleLocationService in 5000ms
05-22 01:16:05.049 I/ActivityManager(  374): Start proc com.google.android.apps.maps:GoogleLocationService for service com.google.android.apps.maps/com.google.android.location.internal.server.GoogleLocationService: pid=6164 uid=10038 gids={50038, 3003, 1015, 1028}
05-22 01:16:06.103 I/ActivityManager(  374): Start proc com.google.android.apps.maps:FriendService for broadcast com.google.android.apps.maps/com.google.googlenav.friend.android.ServiceReceiver: pid=6186 uid=10038 gids={50038, 3003, 1015, 1028}
05-22 01:16:06.213 I/ActivityManager(  374): Start proc com.google.android.apps.maps:LocationFriendService for broadcast com.google.android.apps.maps/com.google.googlenav.friend.reporting.LocationReportingIntentReceiver: pid=6198 uid=10038 gids={50038, 3003, 1015, 1028}
05-22 01:16:08.658 W/ActivityThread( 6164): ClassLoader.loadClass: The class loader returned by Thread.getContextClassLoader() may fail for processes that host multiple applications. You should explicitly specify a context class loader. For example: Thread.setContextClassLoader(getClass().getClassLoader());
05-22 01:18:02.971 W/ActivityManager(  374): Unable to start service Intent { act=pekall.intent.action.DOWNLOAD_APP (has extras) } U=0: not found
05-22 01:18:03.252 I/ActivityManager(  374): Start proc com.pekall.emdm.launcher:remote for service com.pekall.emdm.launcher/com.baidu.location.f: pid=6223 uid=10066 gids={50066, 1015, 3002, 3001, 3003, 1028}
05-22 01:18:03.533 D/ActivityThread( 6223): Loading provider com.pekall.semail.provider;com.pekall.semail.notifier: com.pekall.semail.provider.EmailProvider
05-22 01:18:03.588 D/ActivityThread( 6223): Loading provider com.pekall.semail.provider;com.pekall.semail.notifier: com.pekall.semail.provider.EmailProvider
05-22 01:18:04.783 W/ActivityManager(  374): Unable to start service Intent { cmp=com.pekall.emdm.launcher/com.pekall.semail.service.AttachmentDownloadService } U=0: not found
05-22 01:18:23.291 W/ActivityManager(  374): Timeout executing service: ServiceRecord{42f969c8 u0 com.pekall.emdm.launcher/com.baidu.location.f}
05-22 01:18:27.650 E/ActivityManager(  374): ANR in com.pekall.emdm.launcher:remote
05-22 01:18:27.650 E/ActivityManager(  374): Reason: Executing service com.pekall.emdm.launcher/com.baidu.location.f
05-22 01:18:27.650 E/ActivityManager(  374): Load: 1.29 / 1.08 / 1.07
05-22 01:18:27.650 E/ActivityManager(  374): CPU usage from 20933ms to 0ms ago:
05-22 01:18:27.650 E/ActivityManager(  374):   100% 700/com.pekall.emdm.launcher: 99% user + 0.2% kernel / faults: 1173 minor
05-22 01:18:27.650 E/ActivityManager(  374):   0.2% 374/system_server: 0.1% user + 0% kernel / faults: 13 minor
05-22 01:18:27.650 E/ActivityManager(  374):   0% 82/mmcqd/0: 0% user + 0% kernel
05-22 01:18:27.650 E/ActivityManager(  374):   0% 92/dhd_dpc: 0% user + 0% kernel
05-22 01:18:27.650 E/ActivityManager(  374):   0% 114/jbd2/mmcblk0p12: 0% user + 0% kernel
05-22 01:18:27.650 E/ActivityManager(  374):   0% 125/zygote: 0% user + 0% kernel / faults: 51 minor
05-22 01:18:27.650 E/ActivityManager(  374):   0% 133/sdcard: 0% user + 0% kernel
05-22 01:18:27.650 E/ActivityManager(  374):   0% 4648/logcat: 0% user + 0% kernel
05-22 01:18:27.650 E/ActivityManager(  374):   0% 6031/com.tencent.android.qqdownloader: 0% user + 0% kernel / faults: 6 minor
05-22 01:18:27.650 E/ActivityManager(  374):  +0% 6223/com.pekall.emdm.launcher:remote: 0% user + 0% kernel
05-22 01:18:27.650 E/ActivityManager(  374): 97% TOTAL: 97% user + 0.3% kernel + 0% iowait
05-22 01:18:27.650 E/ActivityManager(  374): CPU usage from 3579ms to 4116ms later:
05-22 01:18:27.650 E/ActivityManager(  374):   98% 6223/com.pekall.emdm.launcher:remote: 98% user + 0% kernel
05-22 01:18:27.650 E/ActivityManager(  374):     100% 6236/Thread-4245: 100% user + 0% kernel
05-22 01:18:27.650 E/ActivityManager(  374):   94% 700/com.pekall.emdm.launcher: 94% user + 0% kernel
05-22 01:18:27.650 E/ActivityManager(  374):     96% 736/Thread-3768: 96% user + 0% kernel
05-22 01:18:27.650 E/ActivityManager(  374):   7.4% 374/system_server: 3.7% user + 3.7% kernel / faults: 1 minor
05-22 01:18:27.650 E/ActivityManager(  374):     7.4% 390/ActivityManager: 3.7% user + 3.7% kernel
05-22 01:18:27.650 E/ActivityManager(  374): 100% TOTAL: 97% user + 2.8% kernel
05-22 01:18:27.666 W/ActivityManager(  374): Killing ProcessRecord{426e1e50 6223:com.pekall.emdm.launcher:remote/u0a10066}: background ANR
05-22 01:18:27.689 I/ActivityManager(  374): Process com.pekall.emdm.launcher:remote (pid 6223) has died.
05-22 01:18:27.689 W/ActivityManager(  374): Scheduling restart of crashed service com.pekall.emdm.launcher/com.baidu.location.f in 5000ms
05-22 01:18:32.728 I/ActivityManager(  374): Start proc com.pekall.emdm.launcher:remote for service com.pekall.emdm.launcher/com.baidu.location.f: pid=6256 uid=10066 gids={50066, 1015, 3002, 3001, 3003, 1028}
05-22 01:18:33.002 D/ActivityThread( 6256): Loading provider com.pekall.semail.provider;com.pekall.semail.notifier: com.pekall.semail.provider.EmailProvider
05-22 01:18:33.236 D/ActivityThread( 6256): Loading provider com.pekall.semail.provider;com.pekall.semail.notifier: com.pekall.semail.provider.EmailProvider
05-22 01:18:34.580 W/ActivityManager(  374): Unable to start service Intent { cmp=com.pekall.emdm.launcher/com.pekall.semail.service.AttachmentDownloadService } U=0: not found
05-22 01:18:52.744 W/ActivityManager(  374): Timeout executing service: ServiceRecord{42f969c8 u0 com.pekall.emdm.launcher/com.baidu.location.f}
05-22 01:18:57.361 E/ActivityManager(  374): ANR in com.pekall.emdm.launcher:remote
05-22 01:18:57.361 E/ActivityManager(  374): Reason: Executing service com.pekall.emdm.launcher/com.baidu.location.f
05-22 01:18:57.361 E/ActivityManager(  374): Load: 2.08 / 1.29 / 1.14
05-22 01:18:57.361 E/ActivityManager(  374): CPU usage from 29453ms to 0ms ago:
05-22 01:18:57.361 E/ActivityManager(  374):   96% 700/com.pekall.emdm.launcher: 96% user + 0.2% kernel / faults: 2189 minor
05-22 01:18:57.361 E/ActivityManager(  374):   5.4% 374/system_server: 4.5% user + 0.9% kernel / faults: 817 minor
05-22 01:18:57.361 E/ActivityManager(  374):   0.8% 448/com.android.systemui: 0.7% user + 0% kernel / faults: 28 minor
05-22 01:18:57.361 E/ActivityManager(  374):   0% 561/com.android.phone: 0% user + 0% kernel / faults: 30 minor
05-22 01:18:57.361 E/ActivityManager(  374):   0% 568/com.android.nfc: 0% user + 0% kernel / faults: 28 minor
05-22 01:18:57.361 E/ActivityManager(  374):   0% 1615/logcat: 0% user + 0% kernel
05-22 01:18:57.361 E/ActivityManager(  374):   0% 82/mmcqd/0: 0% user + 0% kernel
05-22 01:18:57.361 E/ActivityManager(  374):   0% 125/zygote: 0% user + 0% kernel / faults: 51 minor
05-22 01:18:57.361 E/ActivityManager(  374):   0% 3950/kworker/0:1: 0% user + 0% kernel
05-22 01:18:57.361 E/ActivityManager(  374):   0% 6104/com.dragon.android.pandaspace:bdservice_v1: 0% user + 0% kernel / faults: 10 minor
05-22 01:18:57.361 E/ActivityManager(  374):  +0% 6256/com.pekall.emdm.launcher:remote: 0% user + 0% kernel
05-22 01:18:57.361 E/ActivityManager(  374): 91% TOTAL: 90% user + 0.8% kernel + 0% iowait
05-22 01:18:57.361 E/ActivityManager(  374): CPU usage from 3820ms to 4368ms later:
05-22 01:18:57.361 E/ActivityManager(  374):   101% 700/com.pekall.emdm.launcher: 101% user + 0% kernel
05-22 01:18:57.361 E/ActivityManager(  374):     98% 736/Thread-3768: 98% user + 0% kernel
05-22 01:18:57.361 E/ActivityManager(  374):   94% 6256/com.pekall.emdm.launcher:remote: 94% user + 0% kernel
05-22 01:18:57.361 E/ActivityManager(  374):     96% 6270/Thread-4248: 96% user + 0% kernel
05-22 01:18:57.361 E/ActivityManager(  374):   5.4% 374/system_server: 1.8% user + 3.6% kernel
05-22 01:18:57.361 E/ActivityManager(  374):     7.2% 390/ActivityManager: 1.8% user + 5.4% kernel
05-22 01:18:57.361 E/ActivityManager(  374): 100% TOTAL: 98% user + 1.8% kernel
05-22 01:18:57.369 W/ActivityManager(  374): Killing ProcessRecord{42299ee0 6256:com.pekall.emdm.launcher:remote/u0a10066}: background ANR
05-22 01:18:57.377 I/ActivityManager(  374): Process com.pekall.emdm.launcher:remote (pid 6256) has died.
05-22 01:18:57.377 W/ActivityManager(  374): Scheduling restart of crashed service com.pekall.emdm.launcher/com.baidu.location.f in 20000ms
05-22 01:19:17.416 I/ActivityManager(  374): Start proc com.pekall.emdm.launcher:remote for service com.pekall.emdm.launcher/com.baidu.location.f: pid=6291 uid=10066 gids={50066, 1015, 3002, 3001, 3003, 1028}
05-22 01:19:17.838 D/ActivityThread( 6291): Loading provider com.pekall.semail.provider;com.pekall.semail.notifier: com.pekall.semail.provider.EmailProvider
05-22 01:19:17.861 D/ActivityThread( 6291): Loading provider com.pekall.semail.provider;com.pekall.semail.notifier: com.pekall.semail.provider.EmailProvider
05-22 01:19:20.346 W/ActivityManager(  374): Unable to start service Intent { cmp=com.pekall.emdm.launcher/com.pekall.semail.service.AttachmentDownloadService } U=0: not found
05-22 01:19:37.424 W/ActivityManager(  374): Timeout executing service: ServiceRecord{42f969c8 u0 com.pekall.emdm.launcher/com.baidu.location.f}
05-22 01:19:41.760 E/ActivityManager(  374): ANR in com.pekall.emdm.launcher:remote
05-22 01:19:41.760 E/ActivityManager(  374): Reason: Executing service com.pekall.emdm.launcher/com.baidu.location.f
05-22 01:19:41.760 E/ActivityManager(  374): Load: 1.99 / 1.36 / 1.17
05-22 01:19:41.760 E/ActivityManager(  374): CPU usage from 2501ms to -4310ms ago:
05-22 01:19:41.760 E/ActivityManager(  374):   85% 700/com.pekall.emdm.launcher: 85% user + 0% kernel
05-22 01:19:41.760 E/ActivityManager(  374):   83% 6291/com.pekall.emdm.launcher:remote: 83% user + 0% kernel / faults: 115 minor
05-22 01:19:41.760 E/ActivityManager(  374):   23% 374/system_server: 20% user + 2.7% kernel / faults: 632 minor
