05-22 15:58:50.812 D/MdmDatabaseHelper( 3216): 			<integer>0</integer>
05-22 15:58:50.812 D/MdmDatabaseHelper( 3216): 			<key>BundleSize</key>
05-22 15:58:50.812 D/MdmDatabaseHelper( 3216): 			<integer>0</integer>
05-22 15:58:50.812 D/MdmDatabaseHelper( 3216): 		</dict>
05-22 15:58:50.812 D/MdmDatabaseHelper( 3216): 		<dict>
05-22 15:58:50.812 D/MdmDatabaseHelper( 3216): 			<key>AppPermissions</key>
05-22 15:58:50.812 D/MdmDatabaseHelper( 3216): 			<array>
05-22 15:58:50.812 D/MdmDatabaseHelper( 3216): 				<string>android.permission.ACCESS_FINE_LOCATION</string>
05-22 15:58:50.812 D/MdmDatabaseHelper( 3216): 				<string>android.permission.ACCESS_COARSE_LOCATION</string>
05-22 15:58:50.812 D/MdmDatabaseHelper( 3216): 				<string>android.permission.SYSTEM_ALERT_WINDOW</string>
05-22 15:58:50.812 D/MdmDatabaseHelper( 3216): 				<string>android.permission.RECEIVE_BOOT_COMPLETED</string>
05-22 15:58:50.812 D/MdmDatabaseHelper( 3216): 				<string>android.permission.CALL_PHONE</string>
05-22 15:58:50.812 D/MdmDatabaseHelper( 3216): 				<string>android.permission.PROCESS_OUTGOING_CALLS</string>
05-22 15:58:50.812 D/MdmDatabaseHelper( 3216): 				<string>android.permission.READ_CONTACTS</string>
05-22 15:58:50.812 D/MdmDatabaseHelper( 3216): 				<string>android.permission.WRITE_CONTACTS</string>
05-22 15:58:50.812 D/MdmDatabaseHelper( 3216): 				<string>android.permission.RECEIVE_SMS</string>
05-22 15:58:50.812 D/MdmDatabaseHelper( 3216): 				<string>android.permission.RECEIVE_MMS</string>
05-22 15:58:50.812 D/MdmDatabaseHelper( 3216): 				<string>android.permission.RECEIVE_WAP_PUSH</string>
05-22 15:58:50.812 D/MdmDatabaseHelper( 3216): 				<string>android.permission.INTERNET</string>
05-22 15:58:50.812 D/MdmDatabaseHelper( 3216): 				<string>android.permission.SEND_SMS</string>
05-22 15:58:50.812 D/MdmDatabaseHelper( 3216): 				<string>android.permission.READ_SMS</string>
05-22 15:58:50.812 D/MdmDatabaseHelper( 3216): 				<string>android.permission.WRITE_SMS</string>
05-22 15:58:50.812 D/MdmDatabaseHelper( 3216): 				<string>android.permission.READ_CALL_LOG</string>
05-22 15:58:50.812 D/MdmDatabaseHelper( 3216): 				<string>android.permission.WRITE_CALL_LOG</string>
05-22 15:58:50.812 D/MdmDatabaseHelper( 3216): 				<string>android.permission.ACCESS_NETWORK_STATE</string>
05-22 15:58:50.812 D/MdmDatabaseHelper( 3216): 				<string>android.permission.READ_PHONE_STATE</string>
05-22 15:58:50.812 D/MdmDatabaseHelper( 3216): 				<string>android.permission.MODIFY_PHONE_STATE</string>
05-22 15:58:50.812 D/MdmDatabaseHelper( 3216): 				<string>android.permission.MODIFY_AUDIO_SETTINGS</string>
05-22 15:58:50.812 D/MdmDatabaseHelper( 3216): 				<string>android.permission.VIBRATE</string>
05-22 15:58:50.812 D/MdmDatabaseHelper( 3216): 				<string>android.permission.BATTERY_STATS</string>
05-22 15:58:50.812 D/MdmDatabaseHelper( 3216): 				<string>android.permission.GET_PACKAGE_SIZE</string>
05-22 15:58:50.812 D/MdmDatabaseHelper( 3216): 				<string>com.android.launcher.permission.READ_SETTINGS</string>
05-22 15:58:50.812 D/MdmDatabaseHelper( 3216): 				<string>android.permission.WAKE_LOCK</string>
05-22 15:58:50.812 D/MdmDatabaseHelper( 3216): 				<string>android.permission.CHANGE_NETWORK_STATE</string>
05-22 15:58:50.812 D/MdmDatabaseHelper( 3216): 				<string>android.permission.WRITE_EXTERNAL_STORAGE</string>
05-22 15:58:50.812 D/MdmDatabaseHelper( 3216): 				<string>android.permission.RESTART_PACKAGES</string>
05-22 15:58:50.812 D/MdmDatabaseHelper( 3216): 				<string>android.permission.CHANGE_WIFI_STATE</string>
05-22 15:58:50.812 D/MdmDatabaseHelper( 3216): 				<string>android.permission.WRITE_SETTINGS</string>
05-22 15:58:50.812 D/MdmDatabaseHelper( 3216): 				<string>android.permission.WRITE_SECURE_SETTINGS</string>
05-22 15:58:50.812 D/MdmDatabaseHelper( 3216): 				<string>android.permission.READ_SYNC_SETTINGS</string>
05-22 15:58:50.812 D/MdmDatabaseHelper( 3216): 				<string>android.permission.WRITE_SYNC_SETTINGS</string>
05-22 15:58:50.812 D/MdmDatabaseHelper( 3216): 				<string>android.permission.WRITE_APN_SETTINGS</string>
05-22 15:58:50.812 D/MdmDatabaseHelper( 3216): 				<string>android.permission.BLUETOOTH_ADMIN</string>
05-22 15:58:50.812 D/MdmDatabaseHelper( 3216): 				<string>android.permission.RECORD_AUDIO</string>
05-22 15:58:50.812 D/MdmDatabaseHelper( 3216): 				<string>android.permission.READ_LOGS</string>
05-22 15:58:50.812 D/MdmDatabaseHelper( 3216): 				<string>com.android.launcher.permission.INSTALL_SHORTCUT</string>
05-22 15:58:50.812 D/MdmDatabaseHelper( 3216): 				<string>com.android.launcher.permission.UNINSTALL_SHORTCUT</string>
05-22 15:58:50.812 D/MdmDatabaseHelper( 3216): 				<string>android.permission.ACCESS_WIFI_STATE</string>
05-22 15:58:50.812 D/MdmDatabaseHelper( 3216): 				<string>android.permission.BLUETOOTH</string>
05-22 15:58:50.812 D/MdmDatabaseHelper( 3216): 				<string>android.permission.CLEAR_APP_CACHE</string>
05-22 15:58:50.812 D/MdmDatabaseHelper( 3216): 				<string>android.permission.GET_TASKS</string>
05-22 15:58:50.812 D/MdmDatabaseHelper( 3216): 				<string>android.permission.REORDER_TASKS</string>
05-22 15:58:50.812 D/MdmDatabaseHelper( 3216): 				<string>android.permission.GET_ACCOUNTS</strin
05-22 15:58:50.843 I/TransInfo( 3216): TransInfo created, id: 3, class: class com.pekall.emdm.transaction.c.b
05-22 15:58:50.843 D/NetworkThread( 3216): [null:-1]->----isRunning-----true
05-22 15:58:50.843 D/NetworkThread( 3216): [null:-1]->----isRunning-----true
05-22 15:58:50.843 D/NetworkThread( 3216): [null:-1]->thread wakeup
05-22 15:58:50.898 D/NetworkThread( 3216): [null:-1]->sendHttpPost:PostRequest, url: http://192.168.10.21/rest/mdm/v1/ios/android_server, Params: [content:<?xml version="1.0" encoding="UTF-8"?>
05-22 15:58:50.898 D/NetworkThread( 3216): <!DOCTYPE plist PUBLIC "-//Apple//DTD PLIST 1.0//EN" "http://www.apple.com/DTDs/PropertyList-1.0.dtd">
05-22 15:58:50.898 D/NetworkThread( 3216): <plist version="1.0">
05-22 15:58:50.898 D/NetworkThread( 3216): <dict>
05-22 15:58:50.898 D/NetworkThread( 3216): 	<key>InstalledApplicationList</key>
05-22 15:58:50.898 D/NetworkThread( 3216): 	<array>
05-22 15:58:50.898 D/NetworkThread( 3216): 		<dict>
05-22 15:58:50.898 D/NetworkThread( 3216): 			<key>AppPermissions</key>
05-22 15:58:50.898 D/NetworkThread( 3216): 			<array>
05-22 15:58:50.898 D/NetworkThread( 3216): 				<string>android.permission.READ_LOGS</string>
05-22 15:58:50.898 D/NetworkThread( 3216): 				<string>android.permission.WRITE_EXTERNAL_STORAGE</string>
05-22 15:58:50.898 D/NetworkThread( 3216): 				<string>com.qihoo.root.RESPOND</string>
05-22 15:58:50.898 D/NetworkThread( 3216): 				<string>com.qihoo.root.provider.READ</string>
05-22 15:58:50.898 D/NetworkThread( 3216): 				<string>com.qihoo.root.provider.WRITE</string>
05-22 15:58:50.898 D/NetworkThread( 3216): 				<string>android.permission.INTERNET</string>
05-22 15:58:50.898 D/NetworkThread( 3216): 				<string>android.permission.ACCESS_NETWORK_STATE</string>
05-22 15:58:50.898 D/NetworkThread( 3216): 				<string>android.permission.INSTALL_PACKAGES</string>
05-22 15:58:50.898 D/NetworkThread( 3216): 				<string>android.permission.KILL_BACKGROUND_PROCESSES</string>
05-22 15:58:50.898 D/NetworkThread( 3216): 				<string>android.permission.RESTART_PACKAGES</string>
05-22 15:58:50.898 D/NetworkThread( 3216): 				<string>android.permission.READ_PHONE_STATE</string>
05-22 15:58:50.898 D/NetworkThread( 3216): 				<string>android.permission.DELETE_PACKAGES</string>
05-22 15:58:50.898 D/NetworkThread( 3216): 				<string>android.permission.READ_EXTERNAL_STORAGE</string>
05-22 15:58:50.898 D/NetworkThread( 3216): 			</array>
05-22 15:58:50.898 D/NetworkThread( 3216): 			<key>Version</key>
05-22 15:58:50.898 D/NetworkThread( 3216): 			<string>7</string>
05-22 15:58:50.898 D/NetworkThread( 3216): 			<key>ShortVersion</key>
05-22 15:58:50.898 D/NetworkThread( 3216): 			<string>6.0.1</string>
05-22 15:58:50.898 D/NetworkThread( 3216): 			<key>Identifier</key>
05-22 15:58:50.898 D/NetworkThread( 3216): 			<string>com.qihoo.root</string>
05-22 15:58:50.898 D/NetworkThread( 3216): 			<key>Name</key>
05-22 15:58:50.898 D/NetworkThread( 3216): 			<string>360</string>
05-22 15:58:50.898 D/NetworkThread( 3216): 			<key>DynamicSize</key>
05-22 15:58:50.898 D/NetworkThread( 3216): 			<integer>0</integer>
05-22 15:58:50.898 D/NetworkThread( 3216): 			<key>BundleSize</key>
05-22 15:58:50.898 D/NetworkThread( 3216): 			<integer>0</integer>
05-22 15:58:50.898 D/NetworkThread( 3216): 		</dict>
05-22 15:58:50.898 D/NetworkThread( 3216): 		<dict>
05-22 15:58:50.898 D/NetworkThread( 3216): 			<key>AppPermissions</key>
05-22 15:58:50.898 D/NetworkThread( 3216): 			<array>
05-22 15:58:50.898 D/NetworkThread( 3216): 				<string>android.permission.ACCESS_FINE_LOCATION</string>
05-22 15:58:50.898 D/NetworkThread( 3216): 				<string>android.permission.ACCESS_COARSE_LOCATION</string>
05-22 15:58:50.898 D/NetworkThread( 3216): 				<string>android.permission.SYSTEM_ALERT_WINDOW</string>
05-22 15:58:50.898 D/NetworkThread( 3216): 				<string>android.permission.RECEIVE_BOOT_COMPLETED</string>
05-22 15:58:50.898 D/NetworkThread( 3216): 				<string>android.permission.CALL_PHONE</string>
05-22 15:58:50.898 D/NetworkThread( 3216): 				<string>android.permission.PROCESS_OUTGOING_CALLS</string>
05-22 15:58:50.898 D/NetworkThread( 3216): 				<string>android.permission.READ_CONTACTS</string>
05-22 15:58:50.898 D/NetworkThread( 3216): 				<string>android.permission.WRITE_CONTACTS</string>
05-22 15:58:50.898 D/NetworkThread( 3216): 				<string>android.permission.RECEIVE_SMS</string>
05-22 15:58:50.898 D/NetworkThread( 3216): 				<string>android.permission.RECEIVE_MMS</string>
05-22 15:58:50.898 D/NetworkThread( 3216): 				<string>android.permission.RECEIVE_WAP_PUSH</string>
05-22 15:58:50.898 D/NetworkThread( 3216): 				<string>android.permission.INTERNET</string>
05-22 15:58:50.898 D/NetworkThread( 3216): 				<string>android.permission.SEND_SMS</string>
05-22 15:58:50.898 D/NetworkThread( 3216): 				<string>android.permission.READ_SMS</string>
05-22 15:58:50.898 D/NetworkThread( 3216): 				<string>android.permission.WRITE_SMS</string>
05-22 15:58:50.898 D/NetworkThread( 3216): 				<string>android.permission.READ_CALL_LOG</string>
05-22 15:58:50.898 D/NetworkThread( 3216): 				<string>android.permission.WRITE_CALL_LOG</string>
05-22 15:58:50.898 D/NetworkThread( 3216): 				<string>android.permission.ACCESS_NETWORK_STATE</string>
05-22 15:58:50.898 D/NetworkThread( 3216): 				<string>android.permission.READ_PHONE_STATE</string>
05-22 15:58:50.898 D/NetworkThread( 3216): 				<string>android.permission.MODIFY_PHONE_STATE</string>
05-22 15:58:50.898 D/NetworkThread( 3216): 				<string>android.permission.MODIFY_AUDIO_SETTINGS</string>
05-22 15:58:50.898 D/NetworkThread( 3216): 				<string>android.permission.VIBRATE</string>
05-22 15:58:50.898 D/NetworkThread( 3216): 				<string>android.permission.BATTERY_STATS</string>
05-22 15:58:50.898 D/NetworkThread( 3216): 				<string>android.permission.GET_PACKAGE_SIZE</string>
05-22 15:58:50.898 D/NetworkThread( 3216): 				<string>com.android.launcher.permission.READ_SETTINGS</string>
05-22 15:58:50.898 D/NetworkThread( 3216): 				<string>android.permission.WAKE_LOCK</string>
05-22 15:58:50.898 D/NetworkThread( 3216): 				<string>android.permission.CHANGE_NETWORK_STATE</string>
05-22 15:58:50.898 D/NetworkThread( 3216): 				<string>android.permission.WRITE_EXTERNAL_STORAGE</string>
05-22 15:58:50.898 D/NetworkThread( 3216): 				<string>android.permission.RESTART_PACKAGES</string>
05-22 15:58:50.898 D/NetworkThread( 3216): 				<string>android.permission.CHANGE_WIFI_STATE</string>
05-22 15:58:50.898 D/NetworkThread( 3216): 				<string>android.permission.WRITE_SETTINGS</string>
05-22 15:58:50.898 D/NetworkThread( 3216): 				<string>android.permission.WRITE_SECURE_SETTINGS</string>
05-22 15:58:50.898 D/NetworkThread( 3216): 				<string>android.permission.READ_SYNC_SETTINGS</string>
05-22 15:58:50.898 D/NetworkThread( 3216): 				<string>android.permission.WRITE_SYNC_SETTINGS</string>
05-22 15:58:50.898 D/NetworkThread( 3216): 				<string>android.permission.WRITE_APN_SETTINGS</string>
05-22 15:58:50.898 D/NetworkThread( 3216): 				<string>android.permission.BLUETOOTH_ADMIN</string>
05-22 15:58:50.898 D/NetworkThread( 3216): 				<string>android.permission.RECORD_AUDIO</string>
05-22 15:58:50.898 D/NetworkThread( 3216): 				<string>android.permission.READ_LOGS</string>
05-22 15:58:50.898 D/NetworkThread( 3216): 				<string>com.android.launcher.permission.INSTALL_SHORTCUT</string>
05-22 15:58:50.898 D/NetworkThread( 3216): 				<string>com.android.launcher.permission.UNINSTALL_SHORTCUT</string>
05-22 15:58:50.898 D/NetworkThread( 3216): 				<string>android.permission.ACCESS_WIFI_STATE</string>
05-22 15:58:50.898 D/NetworkThread( 3216): 				<string>android.permission.BLUETOOTH</string>
05-22 15:58:50.898 D/NetworkThread( 3216): 				<string>android.permission.CLEAR_APP_CACHE</string>
05-22 15:58:50.898 D/NetworkThread( 3216): 				<string>android.permission.GET_TASKS</string>
05-22 15:58:50.898 D/NetworkThread( 3216): 				<string>android.permission.REORDER_TASKS</string>
05-22 15:58:50.898 D/NetworkThread( 3216): 				<string>android.pe
05-22 15:58:50.898 D/HttpClient( 3216): enable apache.http debug
05-22 15:58:50.906 V/DEBUG   ( 3216): HTTP 0
05-22 15:58:51.234 D/dalvikvm( 3216): JIT unchain all for threadid=11
05-22 15:58:51.609 D/dalvikvm( 3216): JIT unchain all for threadid=11
05-22 15:58:51.671 D/dalvikvm( 3216): GC_CONCURRENT freed 7764K, 24% free 32178K/41968K, paused 268ms+289ms, total 690ms
05-22 15:58:51.671 D/dalvikvm( 3216): WAIT_FOR_CONCURRENT_GC blocked 403ms
05-22 15:58:51.960 D/MDM :   ( 3216): [null:-1]->statusCode : 200
05-22 15:58:51.960 D/MDM :   ( 3216): [null:-1]->statusCode : 200
05-22 15:58:51.960 V/DEBUG   ( 3216): HTTP 1
05-22 15:58:51.968 D/MDM :   ( 3216): [null:-1]->read network input stream
05-22 15:58:51.976 D/MDM :   ( 3216): [null:-1]->Get joson string: <?xml version="1.0" encoding="UTF-8"?>
05-22 15:58:51.976 D/MDM :   ( 3216): <!DOCTYPE plist PUBLIC "-//Apple//DTD PLIST 1.0//EN" "http://www.apple.com/DTDs/PropertyList-1.0.dtd">
05-22 15:58:51.976 D/MDM :   ( 3216): <plist version="1.0">
05-22 15:58:51.976 D/MDM :   ( 3216): <dict>
05-22 15:58:51.976 D/MDM :   ( 3216): 	<key>CommandUUID</key>
05-22 15:58:51.976 D/MDM :   ( 3216): 	<string>ed1e5347-a022-40f6-a47d-944d89944391</string>
05-22 15:58:51.976 D/MDM :   ( 3216): 	<key>Command</key>
05-22 15:58:51.976 D/MDM :   ( 3216): 	<dict>
05-22 15:58:51.976 D/MDM :   ( 3216): 		<key>RequestType</key>
05-22 15:58:51.976 D/MDM :   ( 3216): 		<string>SecurityInfo</string>
05-22 15:58:51.976 D/MDM :   ( 3216): 	</dict>
05-22 15:58:51.976 D/MDM :   ( 3216): </dict>
05-22 15:58:51.976 D/MDM :   ( 3216): </plist>
05-22 15:58:51.991 D/MdmDatabaseHelper( 3216): [null:-1]->update command 8e11fcd0-d52a-4e8c-978e-19cb09583204 to status executed
05-22 15:58:52.038 D/CheckInTransInfo( 3216): [null:-1]->CommandMsg : CommandMsg{CommandUUID='ed1e5347-a022-40f6-a47d-944d89944391', Command=CommandObject{RequestType='SecurityInfo'}}
05-22 15:58:52.085 D/NetworkThread( 3216): [null:-1]->clear mCurrentTransInfo
05-22 15:58:52.085 D/NetworkThread( 3216): [null:-1]->queue is empty, thread wait...
05-22 15:58:52.187 D/MdmService( 3216): [null:-1]->handleCheckInResult
05-22 15:58:52.187 D/MdmService( 3216): [null:-1]->handleCheckInResult result keyIndex: 3
05-22 15:58:52.187 D/CommandManager( 3216): [null:-1]->execute command: CommandMsg{CommandUUID='ed1e5347-a022-40f6-a47d-944d89944391', Command=CommandObject{RequestType='SecurityInfo'}}
05-22 15:58:52.187 D/CommandManager( 3216): [null:-1]->requestType: SecurityInfo
05-22 15:58:52.226 W/Parcel  (  802): Attempt to read object from Parcel 0x5f747dac at offset 200 that is not in the object list
05-22 15:58:52.265 D/MdmDatabaseHelper( 3216): [null:-1]->update command ed1e5347-a022-40f6-a47d-944d89944391 to commandStatus <?xml version="1.0" encoding="UTF-8"?>
05-22 15:58:52.265 D/MdmDatabaseHelper( 3216): <!DOCTYPE plist PUBLIC "-//Apple//DTD PLIST 1.0//EN" "http://www.apple.com/DTDs/PropertyList-1.0.dtd">
05-22 15:58:52.265 D/MdmDatabaseHelper( 3216): <plist version="1.0">
05-22 15:58:52.265 D/MdmDatabaseHelper( 3216): <dict>
05-22 15:58:52.265 D/MdmDatabaseHelper( 3216): 	<key>SecurityInfo</key>
05-22 15:58:52.265 D/MdmDatabaseHelper( 3216): 	<dict>
05-22 15:58:52.265 D/MdmDatabaseHelper( 3216): 		<key>HardwareEncryptionCaps</key>
05-22 15:58:52.265 D/MdmDatabaseHelper( 3216): 		<integer>0</integer>
05-22 15:58:52.265 D/MdmDatabaseHelper( 3216): 		<key>PasscodeCompliant</key>
05-22 15:58:52.265 D/MdmDatabaseHelper( 3216): 		<false/>
05-22 15:58:52.265 D/MdmDatabaseHelper( 3216): 		<key>PasscodeCompliantWithProfiles</key>
05-22 15:58:52.265 D/MdmDatabaseHelper( 3216): 		<true/>
05-22 15:58:52.265 D/MdmDatabaseHelper( 3216): 		<key>PasscodePresent</key>
05-22 15:58:52.265 D/MdmDatabaseHelper( 3216): 		<false/>
05-22 15:58:52.265 D/MdmDatabaseHelper( 3216): 	</dict>
05-22 15:58:52.265 D/MdmDatabaseHelper( 3216): 	<key>CommandUUID</key>
05-22 15:58:52.265 D/MdmDatabaseHelper( 3216): 	<string>ed1e5347-a022-40f6-a47d-944d89944391</string>
05-22 15:58:52.265 D/MdmDatabaseHelper( 3216): 	<key>Status</key>
05-22 15:58:52.265 D/MdmDatabaseHelper( 3216): 	<string>Acknowledged</string>
05-22 15:58:52.265 D/MdmDatabaseHelper( 3216): 	<key>UDID</key>
05-22 15:58:52.265 D/MdmDatabaseHelper( 3216): 	<string>00013fbc8ecec5b90000014622a3b70b</string>
05-22 15:58:52.265 D/MdmDatabaseHelper( 3216): </dict>
05-22 15:58:52.265 D/MdmDatabaseHelper( 3216): </plist>
05-22 15:58:52.288 I/TransInfo( 3216): TransInfo created, id: 3, class: class com.pekall.emdm.transaction.c.b
05-22 15:58:52.296 D/NetworkThread( 3216): [null:-1]->----isRunning-----true
05-22 15:58:52.296 D/NetworkThread( 3216): [null:-1]->----isRunning-----true
05-22 15:58:52.296 D/NetworkThread( 3216): [null:-1]->thread wakeup
05-22 15:58:52.304 D/NetworkThread( 3216): [null:-1]->sendHttpPost:PostRequest, url: http://192.168.10.21/rest/mdm/v1/ios/android_server, Params: [content:<?xml version="1.0" encoding="UTF-8"?>
05-22 15:58:52.304 D/NetworkThread( 3216): <!DOCTYPE plist PUBLIC "-//Apple//DTD PLIST 1.0//EN" "http://www.apple.com/DTDs/PropertyList-1.0.dtd">
05-22 15:58:52.304 D/NetworkThread( 3216): <plist version="1.0">
05-22 15:58:52.304 D/NetworkThread( 3216): <dict>
05-22 15:58:52.304 D/NetworkThread( 3216): 	<key>SecurityInfo</key>
05-22 15:58:52.304 D/NetworkThread( 3216): 	<dict>
05-22 15:58:52.304 D/NetworkThread( 3216): 		<key>HardwareEncryptionCaps</key>
05-22 15:58:52.304 D/NetworkThread( 3216): 		<integer>0</integer>
05-22 15:58:52.304 D/NetworkThread( 3216): 		<key>PasscodeCompliant</key>
05-22 15:58:52.304 D/NetworkThread( 3216): 		<false/>
05-22 15:58:52.304 D/NetworkThread( 3216): 		<key>PasscodeCompliantWithProfiles</key>
05-22 15:58:52.304 D/NetworkThread( 3216): 		<true/>
05-22 15:58:52.304 D/NetworkThread( 3216): 		<key>PasscodePresent</key>
05-22 15:58:52.304 D/NetworkThread( 3216): 		<false/>
05-22 15:58:52.304 D/NetworkThread( 3216): 	</dict>
05-22 15:58:52.304 D/NetworkThread( 3216): 	<key>CommandUUID</key>
05-22 15:58:52.304 D/NetworkThread( 3216): 	<string>ed1e5347-a022-40f6-a47d-944d89944391</string>
05-22 15:58:52.304 D/NetworkThread( 3216): 	<key>Status</key>
05-22 15:58:52.304 D/NetworkThread( 3216): 	<string>Acknowledged</string>
05-22 15:58:52.304 D/NetworkThread( 3216): 	<key>UDID</key>
05-22 15:58:52.304 D/NetworkThread( 3216): 	<string>00013fbc8ecec5b90000014622a3b70b</string>
05-22 15:58:52.304 D/NetworkThread( 3216): </dict>
05-22 15:58:52.304 D/NetworkThread( 3216): </plist>], 
05-22 15:58:52.304 D/HttpClient( 3216): enable apache.http debug
05-22 15:58:52.312 V/DEBUG   ( 3216): HTTP 0
05-22 15:58:53.156 D/MDM :   ( 3216): [null:-1]->statusCode : 200
05-22 15:58:53.156 D/MDM :   ( 3216): [null:-1]->statusCode : 200
05-22 15:58:53.156 V/DEBUG   ( 3216): HTTP 1
05-22 15:58:53.163 D/MDM :   ( 3216): [null:-1]->read network input stream
05-22 15:58:53.163 D/MDM :   ( 3216): [null:-1]->Get joson string: <?xml version="1.0" encoding="UTF-8"?>
05-22 15:58:53.163 D/MDM :   ( 3216): <!DOCTYPE plist PUBLIC "-//Apple//DTD PLIST 1.0//EN" "http://www.apple.com/DTDs/PropertyList-1.0.dtd">
05-22 15:58:53.163 D/MDM :   ( 3216): <plist version="1.0">
05-22 15:58:53.163 D/MDM :   ( 3216): <dict>
05-22 15:58:53.163 D/MDM :   ( 3216): 	<key>CommandUUID</key>
05-22 15:58:53.163 D/MDM :   ( 3216): 	<string>11f407f3-176c-4559-b1c9-9800cf1b807f</string>
05-22 15:58:53.163 D/MDM :   ( 3216): 	<key>Command</key>
05-22 15:58:53.163 D/MDM :   ( 3216): 	<dict>
05-22 15:58:53.163 D/MDM :   ( 3216): 		<key>RequestType</key>
05-22 15:58:53.163 D/MDM :   ( 3216): 		<string>CertificateList</string>
05-22 15:58:53.163 D/MDM :   ( 3216): 	</dict>
05-22 15:58:53.163 D/MDM :   ( 3216): </dict>
05-22 15:58:53.163 D/MDM :   ( 3216): </plist>
05-22 15:58:53.171 D/MdmDatabaseHelper( 3216): [null:-1]->update command ed1e5347-a022-40f6-a47d-944d89944391 to status executed
05-22 15:58:53.202 D/CheckInTransInfo( 3216): [null:-1]->CommandMsg : CommandMsg{CommandUUID='11f407f3-176c-4559-b1c9-9800cf1b807f', Command=CommandObject{RequestType='CertificateList'}}
05-22 15:58:53.226 D/NetworkThread( 3216): [null:-1]->clear mCurrentTransInfo
05-22 15:58:53.226 D/NetworkThread( 3216): [null:-1]->queue is empty, thread wait...
05-22 15:58:53.327 D/MdmService( 3216): [null:-1]->handleCheckInResult
05-22 15:58:53.327 D/MdmService( 3216): [null:-1]->handleCheckInResult result keyIndex: 3
05-22 15:58:53.327 D/CommandManager( 3216): [null:-1]->execute command: CommandMsg{CommandUUID='11f407f3-176c-4559-b1c9-9800cf1b807f', Command=CommandObject{RequestType='CertificateList'}}
05-22 15:58:53.327 D/CommandManager( 3216): [null:-1]->requestType: CertificateList
05-22 15:58:53.366 W/Parcel  (  802): Attempt to read object from Parcel 0x5dfdfdac at offset 200 that is not in the object list
05-22 15:58:53.382 D/MdmDatabaseHelper( 3216): [null:-1]->update command 11f407f3-176c-4559-b1c9-9800cf1b807f to commandStatus <?xml version="1.0" encoding="UTF-8"?>
05-22 15:58:53.382 D/MdmDatabaseHelper( 3216): <!DOCTYPE plist PUBLIC "-//Apple//DTD PLIST 1.0//EN" "http://www.apple.com/DTDs/PropertyList-1.0.dtd">
05-22 15:58:53.382 D/MdmDatabaseHelper( 3216): <plist version="1.0">
05-22 15:58:53.382 D/MdmDatabaseHelper( 3216): <dict>
05-22 15:58:53.382 D/MdmDatabaseHelper( 3216): 	<key>CertificateList</key>
05-22 15:58:53.382 D/MdmDatabaseHelper( 3216): 	<array>
05-22 15:58:53.382 D/MdmDatabaseHelper( 3216): 	</array>
05-22 15:58:53.382 D/MdmDatabaseHelper( 3216): 	<key>CommandUUID</key>
05-22 15:58:53.382 D/MdmDatabaseHelper( 3216): 	<string>11f407f3-176c-4559-b1c9-9800cf1b807f</string>
05-22 15:58:53.382 D/MdmDatabaseHelper( 3216): 	<key>Status</key>
05-22 15:58:53.382 D/MdmDatabaseHelper( 3216): 	<string>Acknowledged</string>
05-22 15:58:53.382 D/MdmDatabaseHelper( 3216): 	<key>UDID</key>
05-22 15:58:53.382 D/MdmDatabaseHelper( 3216): 	<string>00013fbc8ecec5b90000014622a3b70b</string>
05-22 15:58:53.382 D/MdmDatabaseHelper( 3216): </dict>
05-22 15:58:53.382 D/MdmDatabaseHelper( 3216): </plist>
05-22 15:58:53.406 I/TransInfo( 3216): TransInfo created, id: 3, class: class com.pekall.emdm.transaction.c.b
05-22 15:58:53.413 D/NetworkThread( 3216): [null:-1]->----isRunning-----true
05-22 15:58:53.413 D/NetworkThread( 3216): [null:-1]->----isRunning-----true
05-22 15:58:53.413 D/NetworkThread( 3216): [null:-1]->thread wakeup
05-22 15:58:53.413 D/NetworkThread( 3216): [null:-1]->sendHttpPost:PostRequest, url: http://192.168.10.21/rest/mdm/v1/ios/android_server, Params: [content:<?xml version="1.0" encoding="UTF-8"?>
05-22 15:58:53.413 D/NetworkThread( 3216): <!DOCTYPE plist PUBLIC "-//Apple//DTD PLIST 1.0//EN" "http://www.apple.com/DTDs/PropertyList-1.0.dtd">
05-22 15:58:53.413 D/NetworkThread( 3216): <plist version="1.0">
05-22 15:58:53.413 D/NetworkThread( 3216): <dict>
05-22 15:58:53.413 D/NetworkThread( 3216): 	<key>CertificateList</key>
05-22 15:58:53.413 D/NetworkThread( 3216): 	<array>
05-22 15:58:53.413 D/NetworkThread( 3216): 	</array>
05-22 15:58:53.413 D/NetworkThread( 3216): 	<key>CommandUUID</key>
05-22 15:58:53.413 D/NetworkThread( 3216): 	<string>11f407f3-176c-4559-b1c9-9800cf1b807f</string>
05-22 15:58:53.413 D/NetworkThread( 3216): 	<key>Status</key>
05-22 15:58:53.413 D/NetworkThread( 3216): 	<string>Acknowledged</string>
05-22 15:58:53.413 D/NetworkThread( 3216): 	<key>UDID</key>
05-22 15:58:53.413 D/NetworkThread( 3216): 	<string>00013fbc8ecec5b90000014622a3b70b</string>
05-22 15:58:53.413 D/NetworkThread( 3216): </dict>
05-22 15:58:53.413 D/NetworkThread( 3216): </plist>], 
05-22 15:58:53.413 D/HttpClient( 3216): enable apache.http debug
05-22 15:58:53.421 V/DEBUG   ( 3216): HTTP 0
05-22 15:58:53.663 D/MDM :   ( 3216): [null:-1]->statusCode : 200
05-22 15:58:53.663 D/MDM :   ( 3216): [null:-1]->statusCode : 200
05-22 15:58:53.671 V/DEBUG   ( 3216): HTTP 1
05-22 15:58:53.671 D/MDM :   ( 3216): [null:-1]->Get joson string: 
05-22 15:58:53.671 D/MdmDatabaseHelper( 3216): [null:-1]->update command 11f407f3-176c-4559-b1c9-9800cf1b807f to status executed
05-22 15:58:53.695 D/NetworkThread( 3216): [null:-1]->clear mCurrentTransInfo
05-22 15:58:53.695 D/NetworkThread( 3216): [null:-1]->queue is empty, thread wait...
05-22 15:58:53.773 D/MdmService( 3216): [null:-1]->handleCheckInResult
05-22 15:58:53.773 D/MdmService( 3216): [null:-1]->handleCheckInResult result keyIndex: 3
05-22 15:58:53.773 D/HandleCommandTask( 3216): [null:-1]->execute command msg but beanBase is null
05-22 15:58:53.773 D/MdmStatusManager( 3216): [null:-1]->change status to : Idle
05-22 15:58:58.679 D/dalvikvm(  802): GC_EXPLICIT freed 31K, 24% free 12153K/15964K, paused 2ms+5ms, total 54ms
05-22 15:59:03.656 W/MountService(  375): getVolumeState(/storage/emulated/0/external_sd): Unknown volume
05-22 15:59:03.656 W/MountService(  375): getVolumeState(/mnt/sdcard-ext): Unknown volume
05-22 15:59:03.656 W/MountService(  375): getVolumeState(/mnt/ext_sdcard): Unknown volume
05-22 15:59:03.656 W/MountService(  375): getVolumeState(/mnt/sdcard2): Unknown volume
05-22 15:59:03.656 W/MountService(  375): getVolumeState(/mnt/emmc): Unknown volume
05-22 15:59:03.656 W/MountService(  375): getVolumeState(/mnt/extSdCard): Unknown volume
05-22 15:59:03.656 W/MountService(  375): getVolumeState(/mnt/sdcard/SD_CARD): Unknown volume
05-22 15:59:03.663 W/MountService(  375): getVolumeState(/mnt/sdcard/extra_sd): Unknown volume
05-22 15:59:03.663 W/MountService(  375): getVolumeState(/mnt/extrasd_bind): Unknown volume
05-22 15:59:03.663 W/MountService(  375): getVolumeState(/mnt/sdcard/ext_sd): Unknown volume
05-22 15:59:03.663 W/MountService(  375): getVolumeState(/storage/extSdCard): Unknown volume
05-22 15:59:03.663 W/MountService(  375): getVolumeState(/storage/sdcard1): Unknown volume
05-22 15:59:03.663 W/MountService(  375): getVolumeState(/mnt/sdcard/external_SD): Unknown volume
05-22 15:59:03.663 W/MountService(  375): getVolumeState(/mnt/sdcard/external_sd): Unknown volume
05-22 15:59:03.773 D/dalvikvm( 1693): GC_CONCURRENT freed 505K, 17% free 9581K/11532K, paused 15ms+3ms, total 70ms
05-22 15:59:03.827 I/ActivityManager(  375): Start proc android.process.acore for content provider com.android.providers.contacts/.ContactsProvider2: pid=6233 uid=10000 gids={50000, 3003, 1015, 1028}
05-22 15:59:03.984 D/dalvikvm( 6233): GC_CONCURRENT freed 218K, 3% free 9124K/9380K, paused 4ms+10ms, total 50ms
05-22 15:59:04.195 I/ContactLocale( 6233): AddressBook Labels [en_US]: [, A, B, C, D, E, F, G, H, I, J, K, L, M, N, O, P, Q, R, S, T, U, V, W, X, Y, Z, , , , , , , , , , , , , , , , , , , , , , , , , , , , , , , , , , , , , , , , , , , , , , , , , , , , , , , , , , , , , , , , , , , , , , , , , , , , , , , , , , , , , , , , , , , , , , , , , , , , , , , , , , , , , , , , , , , , , , , , , , , , , , , , , , , , , , , , , , , , , , , , , , , , , , , , , , , , , , , , , , , , , , , , , , , , , , , , , , , , , , #, ]
05-22 15:59:04.460 W/MountService(  375): getVolumeState(/storage/emulated/0/external_sd): Unknown volume
05-22 15:59:04.460 W/MountService(  375): getVolumeState(/mnt/sdcard-ext): Unknown volume
05-22 15:59:04.460 W/MountService(  375): getVolumeState(/mnt/ext_sdcard): Unknown volume
05-22 15:59:04.460 W/MountService(  375): getVolumeState(/mnt/sdcard2): Unknown volume
05-22 15:59:04.460 W/MountService(  375): getVolumeState(/mnt/emmc): Unknown volume
05-22 15:59:04.460 W/MountService(  375): getVolumeState(/mnt/extSdCard): Unknown volume
05-22 15:59:04.460 W/MountService(  375): getVolumeState(/mnt/sdcard/SD_CARD): Unknown volume
05-22 15:59:04.468 W/MountService(  375): getVolumeState(/mnt/sdcard/extra_sd): Unknown volume
05-22 15:59:04.468 W/MountService(  375): getVolumeState(/mnt/extrasd_bind): Unknown volume
05-22 15:59:04.468 W/MountService(  375): getVolumeState(/mnt/sdcard/ext_sd): Unknown volume
05-22 15:59:04.468 W/MountService(  375): getVolumeState(/storage/extSdCard): Unknown volume
05-22 15:59:04.468 W/MountService(  375): getVolumeState(/storage/sdcard1): Unknown volume
05-22 15:59:04.468 W/MountService(  375): getVolumeState(/mnt/sdcard/external_SD): Unknown volume
05-22 15:59:04.468 W/MountService(  375): getVolumeState(/mnt/sdcard/external_sd): Unknown volume
05-22 15:59:04.523 D/dalvikvm( 1693): GC_CONCURRENT freed 624K, 18% free 9466K/11532K, paused 4ms+5ms, total 43ms
05-22 15:59:04.523 D/dalvikvm( 1693): WAIT_FOR_CONCURRENT_GC blocked 3ms
05-22 15:59:04.984 D/dalvikvm( 6233): GC_CONCURRENT freed 202K, 3% free 9312K/9552K, paused 3ms+4ms, total 32ms
05-22 15:59:05.265 W/Parcel  (  802): Attempt to read object from Parcel 0x5ed47dac at offset 200 that is not in the object list
05-22 15:59:28.226 D/dalvikvm( 6100): GC_CONCURRENT freed 563K, 7% free 9406K/10092K, paused 3ms+2ms, total 26ms
05-22 15:59:31.288 D/dalvikvm( 6100): GC_CONCURRENT freed 366K, 6% free 9551K/10092K, paused 4ms+3ms, total 33ms
05-22 15:59:31.288 D/dalvikvm( 6100): WAIT_FOR_CONCURRENT_GC blocked 14ms
05-22 15:59:55.406 D/MdmService( 3216): [null:-1]->receiver action :com.pekall.mdm.action.MDM_ALARM
05-22 15:59:55.406 D/ProfileManager( 3216): [null:-1]->check policy checking :false
05-22 15:59:55.406 D/com.pekall.restrictions.policy( 3216): [null:-1]->allowBluetooth : null
05-22 15:59:55.406 D/com.pekall.restrictions.policy( 3216): [null:-1]->ensureSimulateLocation :null
05-22 15:59:55.406 D/com.pekall.restrictions.policy( 3216): [null:-1]->allowUseNetworkDate : null
05-22 15:59:55.413 E/DatabaseUtils(  375): Writing exception to parcel
05-22 15:59:55.413 E/DatabaseUtils(  375): java.lang.SecurityException: Permission denial: writing to secure settings requires android.permission.WRITE_SECURE_SETTINGS
05-22 15:59:55.413 E/DatabaseUtils(  375): 	at com.android.providers.settings.SettingsProvider.checkWritePermissions(SettingsProvider.java:279)
05-22 15:59:55.413 E/DatabaseUtils(  375): 	at com.android.providers.settings.SettingsProvider.insertForUser(SettingsProvider.java:897)
05-22 15:59:55.413 E/DatabaseUtils(  375): 	at com.android.providers.settings.SettingsProvider.callFromPackage(SettingsProvider.java:634)
05-22 15:59:55.413 E/DatabaseUtils(  375): 	at android.content.ContentProvider$Transport.call(ContentProvider.java:279)
05-22 15:59:55.413 E/DatabaseUtils(  375): 	at android.content.ContentProviderNative.onTransact(ContentProviderNative.java:273)
05-22 15:59:55.413 E/DatabaseUtils(  375): 	at android.os.Binder.execTransact(Binder.java:388)
05-22 15:59:55.413 E/DatabaseUtils(  375): 	at dalvik.system.NativeStart.run(Native Method)
05-22 15:59:55.413 D/com.pekall.restrictions.policy( 3216): [null:-1]->allowUseNetworkDate error
05-22 15:59:55.413 D/com.pekall.restrictions.policy( 3216): java.lang.SecurityException: Permission denial: writing to secure settings requires android.permission.WRITE_SECURE_SETTINGS
05-22 15:59:55.413 D/com.pekall.restrictions.policy( 3216): 	at android.os.Parcel.readException(Parcel.java:1431)
05-22 15:59:55.413 D/com.pekall.restrictions.policy( 3216): 	at android.database.DatabaseUtils.readExceptionFromParcel(DatabaseUtils.java:185)
05-22 15:59:55.413 D/com.pekall.restrictions.policy( 3216): 	at android.database.DatabaseUtils.readExceptionFromParcel(DatabaseUtils.java:137)
05-22 15:59:55.413 D/com.pekall.restrictions.policy( 3216): 	at android.content.ContentProviderProxy.call(ContentProviderNative.java:602)
05-22 15:59:55.413 D/com.pekall.restrictions.policy( 3216): 	at android.provider.Settings$NameValueCache.putStringForUser(Settings.java:818)
05-22 15:59:55.413 D/com.pekall.restrictions.policy( 3216): 	at android.provider.Settings$Global.putStringForUser(Settings.java:5529)
05-22 15:59:55.413 D/com.pekall.restrictions.policy( 3216): 	at android.provider.Settings$Global.putString(Settings.java:5519)
05-22 15:59:55.413 D/com.pekall.restrictions.policy( 3216): 	at android.provider.Settings$Global.putInt(Settings.java:5607)
05-22 15:59:55.413 D/com.pekall.restrictions.policy( 3216): 	at com.pekall.emdm.b.c.b.j.c(Unknown Source)
05-22 15:59:55.413 D/com.pekall.restrictions.policy( 3216): 	at com.pekall.emdm.b.c.b.j.h(Unknown Source)
05-22 15:59:55.413 D/com.pekall.restrictions.policy( 3216): 	at com.pekall.emdm.b.c.e.run(Unknown Source)
05-22 15:59:55.413 D/com.pekall.restrictions.policy( 3216): [null:-1]->allowNFC : null
05-22 15:59:55.421 D/InnerClass( 3216): [null:-1]->enableNfc : 
05-22 15:59:55.421 D/InnerClass( 3216): java.lang.reflect.InvocationTargetException
05-22 15:59:55.421 D/InnerClass( 3216): 	at java.lang.reflect.Method.invokeNative(Native Method)
05-22 15:59:55.421 D/InnerClass( 3216): 	at java.lang.reflect.Method.invoke(Method.java:525)
05-22 15:59:55.421 D/InnerClass( 3216): 	at com.pekall.emdm.c.i.a(Unknown Source)
05-22 15:59:55.421 D/InnerClass( 3216): 	at com.pekall.emdm.c.c.a(Unknown Source)
05-22 15:59:55.421 D/InnerClass( 3216): 	at com.pekall.emdm.b.c.b.j.b(Unknown Source)
05-22 15:59:55.421 D/InnerClass( 3216): 	at com.pekall.emdm.b.c.b.j.h(Unknown Source)
05-22 15:59:55.421 D/InnerClass( 3216): 	at com.pekall.emdm.b.c.e.run(Unknown Source)
05-22 15:59:55.421 D/InnerClass( 3216): Caused by: java.lang.SecurityException: WRITE_SECURE_SETTINGS permission required: Neither user 10066 nor current process has android.permission.WRITE_SECURE_SETTINGS.
05-22 15:59:55.421 D/InnerClass( 3216): 	at android.os.Parcel.readException(Parcel.java:1431)
05-22 15:59:55.421 D/InnerClass( 3216): 	at android.os.Parcel.readException(Parcel.java:1385)
05-22 15:59:55.421 D/InnerClass( 3216): 	at android.nfc.INfcAdapter$Stub$Proxy.disable(INfcAdapter.java:252)
05-22 15:59:55.421 D/InnerClass( 3216): 	at android.nfc.NfcAdapter.disable(NfcAdapter.java:574)
05-22 15:59:55.421 D/InnerClass( 3216): 	... 7 more
05-22 16:00:01.749 V/DigitalWidgetViewsFactory( 1366): DigitalWidget sets next alarm string to null
05-22 16:00:03.757 W/MountService(  375): getVolumeState(/storage/emulated/0/external_sd): Unknown volume
05-22 16:00:03.757 W/MountService(  375): getVolumeState(/mnt/sdcard-ext): Unknown volume
05-22 16:00:03.757 W/MountService(  375): getVolumeState(/mnt/ext_sdcard): Unknown volume
05-22 16:00:03.757 W/MountService(  375): getVolumeState(/mnt/sdcard2): Unknown volume
05-22 16:00:03.765 W/MountService(  375): getVolumeState(/mnt/emmc): Unknown volume
05-22 16:00:03.765 W/MountService(  375): getVolumeState(/mnt/extSdCard): Unknown volume
05-22 16:00:03.765 W/MountService(  375): getVolumeState(/mnt/sdcard/SD_CARD): Unknown volume
05-22 16:00:03.765 W/MountService(  375): getVolumeState(/mnt/sdcard/extra_sd): Unknown volume
05-22 16:00:03.765 W/MountService(  375): getVolumeState(/mnt/extrasd_bind): Unknown volume
05-22 16:00:03.765 W/MountService(  375): getVolumeState(/mnt/sdcard/ext_sd): Unknown volume
05-22 16:00:03.765 W/MountService(  375): getVolumeState(/storage/extSdCard): Unknown volume
05-22 16:00:03.765 W/MountService(  375): getVolumeState(/storage/sdcard1): Unknown volume
05-22 16:00:03.765 W/MountService(  375): getVolumeState(/mnt/sdcard/external_SD): Unknown volume
05-22 16:00:03.765 W/MountService(  375): getVolumeState(/mnt/sdcard/external_sd): Unknown volume
05-22 16:00:03.835 D/dalvikvm( 1693): GC_CONCURRENT freed 505K, 18% free 9464K/11532K, paused 4ms+4ms, total 66ms
05-22 16:00:03.835 D/dalvikvm( 1693): WAIT_FOR_CONCURRENT_GC blocked 23ms
05-22 16:00:04.109 D/dalvikvm(  375): GC_EXPLICIT freed 922K, 16% free 19083K/22540K, paused 3ms+11ms, total 99ms
05-22 16:00:04.226 W/MountService(  375): getVolumeState(/storage/emulated/0/external_sd): Unknown volume
05-22 16:00:04.226 W/MountService(  375): getVolumeState(/mnt/sdcard-ext): Unknown volume
05-22 16:00:04.226 W/MountService(  375): getVolumeState(/mnt/ext_sdcard): Unknown volume
05-22 16:00:04.226 W/MountService(  375): getVolumeState(/mnt/sdcard2): Unknown volume
05-22 16:00:04.226 W/MountService(  375): getVolumeState(/mnt/emmc): Unknown volume
05-22 16:00:04.226 W/MountService(  375): getVolumeState(/mnt/extSdCard): Unknown volume
05-22 16:00:04.226 W/MountService(  375): getVolumeState(/mnt/sdcard/SD_CARD): Unknown volume
05-22 16:00:04.234 W/MountService(  375): getVolumeState(/mnt/sdcard/extra_sd): Unknown volume
05-22 16:00:04.234 W/MountService(  375): getVolumeState(/mnt/extrasd_bind): Unknown volume
05-22 16:00:04.234 W/MountService(  375): getVolumeState(/mnt/sdcard/ext_sd): Unknown volume
05-22 16:00:04.234 W/MountService(  375): getVolumeState(/storage/extSdCard): Unknown volume
05-22 16:00:04.234 W/MountService(  375): getVolumeState(/storage/sdcard1): Unknown volume
05-22 16:00:04.234 W/MountService(  375): getVolumeState(/mnt/sdcard/external_SD): Unknown volume
05-22 16:00:04.241 W/MountService(  375): getVolumeState(/mnt/sdcard/external_sd): Unknown volume
05-22 16:00:04.249 D/dalvikvm( 1693): GC_CONCURRENT freed 483K, 18% free 9491K/11532K, paused 4ms+3ms, total 53ms
05-22 16:00:04.249 D/dalvikvm( 1693): WAIT_FOR_CONCURRENT_GC blocked 10ms
05-22 16:00:04.249 D/dalvikvm( 1693): WAIT_FOR_CONCURRENT_GC blocked 10ms
05-22 16:00:14.804 D/dalvikvm( 6157): GC_CONCURRENT freed 145K, 3% free 9770K/10032K, paused 3ms+4ms, total 28ms
05-22 16:00:14.937 D/dalvikvm( 6157): Trying to load lib /data/app-lib/com.dragon.android.pandaspace-1/libBdMoplusMD5_V1.so 0x42241810
05-22 16:00:14.937 D/dalvikvm( 6157): Added shared lib /data/app-lib/com.dragon.android.pandaspace-1/libBdMoplusMD5_V1.so 0x42241810
05-22 16:00:14.937 D/dalvikvm( 6157): No JNI_OnLoad found in /data/app-lib/com.dragon.android.pandaspace-1/libBdMoplusMD5_V1.so 0x42241810, skipping init
05-22 16:00:15.093 D/dalvikvm( 6157): GC_CONCURRENT freed 412K, 5% free 9794K/10252K, paused 3ms+4ms, total 31ms
05-22 16:00:15.601 D/dalvikvm( 6157): GC_FOR_ALLOC freed 322K, 6% free 9719K/10320K, paused 21ms, total 22ms
05-22 16:00:15.859 D/dalvikvm( 6157): GC_FOR_ALLOC freed 313K, 6% free 9720K/10320K, paused 21ms, total 23ms
05-22 16:00:15.999 D/dalvikvm( 6157): GC_FOR_ALLOC freed 305K, 6% free 9721K/10320K, paused 21ms, total 22ms
05-22 16:00:16.507 D/dalvikvm( 6157): GC_FOR_ALLOC freed 306K, 6% free 9721K/10320K, paused 21ms, total 22ms
05-22 16:00:17.210 D/dalvikvm( 6157): GC_FOR_ALLOC freed 313K, 6% free 9722K/10320K, paused 21ms, total 22ms
05-22 16:00:17.218 W/dalvikvm( 6157): VFY: unable to find class referenced in signature (Lcom/baidu/location/LocationClient;)
05-22 16:00:17.218 W/dalvikvm( 6157): VFY: unable to find class referenced in signature (Lcom/baidu/location/LocationClient;)
05-22 16:00:17.218 I/dalvikvm( 6157): Could not find method com.baidu.location.LocationClient.isStarted, referenced from method com.baidu.android.nebula.util.a.run
05-22 16:00:17.218 W/dalvikvm( 6157): VFY: unable to resolve virtual method 7860: Lcom/baidu/location/LocationClient;.isStarted ()Z
05-22 16:00:17.218 D/dalvikvm( 6157): VFY: replacing opcode 0x6e at 0x000f
05-22 16:00:25.491 D/dalvikvm(  802): GC_EXPLICIT freed 203K, 24% free 12154K/15964K, paused 3ms+4ms, total 55ms
05-22 16:00:30.554 D/dalvikvm(  802): GC_EXPLICIT freed 1K, 24% free 12152K/15964K, paused 3ms+4ms, total 54ms
05-22 16:00:40.562 D/dalvikvm(  802): GC_EXPLICIT freed <1K, 24% free 12152K/15964K, paused 2ms+4ms, total 55ms
05-22 16:01:03.820 W/MountService(  375): getVolumeState(/storage/emulated/0/external_sd): Unknown volume
05-22 16:01:03.820 W/MountService(  375): getVolumeState(/mnt/sdcard-ext): Unknown volume
05-22 16:01:03.820 W/MountService(  375): getVolumeState(/mnt/ext_sdcard): Unknown volume
05-22 16:01:03.820 W/MountService(  375): getVolumeState(/mnt/sdcard2): Unknown volume
05-22 16:01:03.820 W/MountService(  375): getVolumeState(/mnt/emmc): Unknown volume
05-22 16:01:03.827 W/MountService(  375): getVolumeState(/mnt/extSdCard): Unknown volume
05-22 16:01:03.827 W/MountService(  375): getVolumeState(/mnt/sdcard/SD_CARD): Unknown volume
05-22 16:01:03.827 W/MountService(  375): getVolumeState(/mnt/sdcard/extra_sd): Unknown volume
05-22 16:01:03.827 W/MountService(  375): getVolumeState(/mnt/extrasd_bind): Unknown volume
05-22 16:01:03.835 W/MountService(  375): getVolumeState(/mnt/sdcard/ext_sd): Unknown volume
05-22 16:01:03.835 W/MountService(  375): getVolumeState(/storage/extSdCard): Unknown volume
05-22 16:01:03.843 W/MountService(  375): getVolumeState(/storage/sdcard1): Unknown volume
05-22 16:01:03.843 W/MountService(  375): getVolumeState(/mnt/sdcard/external_SD): Unknown volume
05-22 16:01:03.843 W/MountService(  375): getVolumeState(/mnt/sdcard/external_sd): Unknown volume
05-22 16:01:03.859 D/dalvikvm( 1693): GC_CONCURRENT freed 495K, 18% free 9497K/11532K, paused 4ms+3ms, total 56ms
05-22 16:01:03.859 D/dalvikvm( 1693): WAIT_FOR_CONCURRENT_GC blocked 16ms
05-22 16:01:03.859 D/dalvikvm( 1693): WAIT_FOR_CONCURRENT_GC blocked 15ms
05-22 16:01:04.116 D/dalvikvm( 6068): GC_EXPLICIT freed 157K, 3% free 9132K/9328K, paused 3ms+5ms, total 34ms
05-22 16:01:04.234 D/dalvikvm( 1693): GC_CONCURRENT freed 503K, 18% free 9505K/11532K, paused 3ms+3ms, total 54ms
05-22 16:01:04.234 D/dalvikvm( 1693): WAIT_FOR_CONCURRENT_GC blocked 20ms
05-22 16:01:04.234 D/dalvikvm( 1693): WAIT_FOR_CONCURRENT_GC blocked 19ms
05-22 16:01:04.234 W/MountService(  375): getVolumeState(/storage/emulated/0/external_sd): Unknown volume
05-22 16:01:04.234 W/MountService(  375): getVolumeState(/mnt/sdcard-ext): Unknown volume
05-22 16:01:04.241 W/MountService(  375): getVolumeState(/mnt/ext_sdcard): Unknown volume
05-22 16:01:04.241 W/MountService(  375): getVolumeState(/mnt/sdcard2): Unknown volume
05-22 16:01:04.241 W/MountService(  375): getVolumeState(/mnt/emmc): Unknown volume
05-22 16:01:04.241 W/MountService(  375): getVolumeState(/mnt/extSdCard): Unknown volume
05-22 16:01:04.241 W/MountService(  375): getVolumeState(/mnt/sdcard/SD_CARD): Unknown volume
05-22 16:01:04.241 W/MountService(  375): getVolumeState(/mnt/sdcard/extra_sd): Unknown volume
05-22 16:01:04.249 W/MountService(  375): getVolumeState(/mnt/extrasd_bind): Unknown volume
05-22 16:01:04.249 W/MountService(  375): getVolumeState(/mnt/sdcard/ext_sd): Unknown volume
05-22 16:01:04.249 W/MountService(  375): getVolumeState(/storage/extSdCard): Unknown volume
05-22 16:01:04.249 W/MountService(  375): getVolumeState(/storage/sdcard1): Unknown volume
05-22 16:01:04.249 W/MountService(  375): getVolumeState(/mnt/sdcard/external_SD): Unknown volume
05-22 16:01:04.249 W/MountService(  375): getVolumeState(/mnt/sdcard/external_sd): Unknown volume
05-22 16:01:04.366 D/dalvikvm( 1693): GC_CONCURRENT freed 445K, 19% free 9445K/11532K, paused 4ms+2ms, total 27ms
05-22 16:01:05.398 W/Parcel  (  802): Attempt to read object from Parcel 0x5f747dac at offset 200 that is not in the object list
05-22 16:02:03.937 W/MountService(  375): getVolumeState(/storage/emulated/0/external_sd): Unknown volume
05-22 16:02:03.937 W/MountService(  375): getVolumeState(/mnt/sdcard-ext): Unknown volume
05-22 16:02:03.937 W/MountService(  375): getVolumeState(/mnt/ext_sdcard): Unknown volume
05-22 16:02:03.937 W/MountService(  375): getVolumeState(/mnt/sdcard2): Unknown volume
05-22 16:02:03.937 W/MountService(  375): getVolumeState(/mnt/emmc): Unknown volume
05-22 16:02:03.937 W/MountService(  375): getVolumeState(/mnt/extSdCard): Unknown volume
05-22 16:02:03.937 W/MountService(  375): getVolumeState(/mnt/sdcard/SD_CARD): Unknown volume
05-22 16:02:03.937 W/MountService(  375): getVolumeState(/mnt/sdcard/extra_sd): Unknown volume
05-22 16:02:03.945 W/MountService(  375): getVolumeState(/mnt/extrasd_bind): Unknown volume
05-22 16:02:03.945 W/MountService(  375): getVolumeState(/mnt/sdcard/ext_sd): Unknown volume
05-22 16:02:03.945 W/MountService(  375): getVolumeState(/storage/extSdCard): Unknown volume
05-22 16:02:03.945 W/MountService(  375): getVolumeState(/storage/sdcard1): Unknown volume
05-22 16:02:03.945 W/MountService(  375): getVolumeState(/mnt/sdcard/external_SD): Unknown volume
05-22 16:02:03.945 W/MountService(  375): getVolumeStat