05-22 15:55:08.796 W/ActivityManager(  375): Scheduling restart of crashed service com.dragon.android.pandaspace/.receiver.UpdateAndMessageService in 24996ms
05-22 15:55:08.991 D/dalvikvm( 6100): GC_CONCURRENT freed 266K, 4% free 9099K/9404K, paused 4ms+3ms, total 69ms
05-22 15:55:08.991 D/dalvikvm( 6100): WAIT_FOR_CONCURRENT_GC blocked 6ms
05-22 15:55:09.023 D/dalvikvm( 6100): GC_FOR_ALLOC freed 64K, 4% free 9266K/9584K, paused 25ms, total 25ms
05-22 15:55:09.046 D/dalvikvm( 6100): GC_FOR_ALLOC freed 68K, 5% free 9294K/9684K, paused 20ms, total 20ms
05-22 15:55:09.046 I/dalvikvm-heap( 6100): Grow heap (frag case) to 9.288MB for 186718-byte allocation
05-22 15:55:09.070 D/dalvikvm( 6100): GC_FOR_ALLOC freed <1K, 4% free 9476K/9868K, paused 18ms, total 18ms
05-22 15:55:09.226 D/dalvikvm( 6100): GC_CONCURRENT freed 499K, 6% free 9486K/10024K, paused 3ms+6ms, total 51ms
05-22 15:55:09.226 D/dalvikvm( 6100): WAIT_FOR_CONCURRENT_GC blocked 1ms
05-22 15:55:09.406 D/dalvikvm( 6100): GC_CONCURRENT freed 682K, 8% free 9313K/10036K, paused 3ms+2ms, total 57ms
05-22 15:55:09.406 D/dalvikvm( 6100): WAIT_FOR_CONCURRENT_GC blocked 10ms
05-22 15:55:09.468 W/Parcel  (  802): Attempt to read object from Parcel 0x5f747dac at offset 200 that is not in the object list
05-22 15:55:09.491 I/ActivityManager(  375): Start proc com.google.android.apps.maps:FriendService for broadcast com.google.android.apps.maps/com.google.googlenav.friend.android.ServiceReceiver: pid=6121 uid=10038 gids={50038, 3003, 1015, 1028}
05-22 15:55:09.577 W/Parcel  (  802): Attempt to read object from Parcel 0x5e0dfdac at offset 200 that is not in the object list
05-22 15:55:09.624 I/ActivityManager(  375): Start proc com.google.android.apps.maps:LocationFriendService for broadcast com.google.android.apps.maps/com.google.googlenav.friend.reporting.LocationReportingIntentReceiver: pid=6133 uid=10038 gids={50038, 3003, 1015, 1028}
05-22 15:55:09.804 D/dalvikvm( 6133): GC_CONCURRENT freed 255K, 4% free 9027K/9320K, paused 4ms+2ms, total 45ms
05-22 15:55:09.812 W/Settings( 6100): Setting airplane_mode_on has moved from android.provider.Settings.System to android.provider.Settings.Global, returning read-only value.
05-22 15:55:11.124 D/dalvikvm(  550): GC_CONCURRENT freed 334K, 5% free 9578K/10032K, paused 3ms+3ms, total 98ms
05-22 15:55:11.132 D/dalvikvm( 6100): GC_CONCURRENT freed 424K, 7% free 9400K/10036K, paused 10ms+2ms, total 60ms
05-22 15:55:11.132 D/dalvikvm( 6100): WAIT_FOR_CONCURRENT_GC blocked 45ms
05-22 15:55:11.140 D/dalvikvm( 6100): WAIT_FOR_CONCURRENT_GC blocked 41ms
05-22 15:55:13.656 D/dalvikvm( 6100): GC_CONCURRENT freed 368K, 5% free 9543K/10036K, paused 14ms+4ms, total 45ms
05-22 15:55:13.656 D/dalvikvm( 6100): WAIT_FOR_CONCURRENT_GC blocked 31ms
05-22 15:55:13.804 I/ActivityManager(  375): Start proc com.dragon.android.pandaspace:bdservice_v1 for service com.dragon.android.pandaspace/com.baidu.android.moplus.MoPlusService: pid=6157 uid=10074 gids={50074, 1015, 3003, 1006, 1028}
05-22 15:55:13.812 I/dalvikvm( 6157): Turning on JNI app bug workarounds for target SDK version 8...
05-22 15:55:13.866 D/dalvikvm( 6157): Trying to load lib /data/app-lib/com.dragon.android.pandaspace-1/libroot.so 0x42241810
05-22 15:55:13.866 D/dalvikvm( 6157): Added shared lib /data/app-lib/com.dragon.android.pandaspace-1/libroot.so 0x42241810
05-22 15:55:13.866 I/RootJni ( 6157): JNI_OnLoad......
05-22 15:55:14.132 D/dalvikvm( 6157): GC_CONCURRENT freed 397K, 5% free 8979K/9412K, paused 3ms+3ms, total 52ms
05-22 15:55:14.132 D/dalvikvm( 6157): WAIT_FOR_CONCURRENT_GC blocked 9ms
05-22 15:55:14.140 W/Parcel  (  802): Attempt to read object from Parcel 0x5f747dac at offset 200 that is not in the object list
05-22 15:55:14.273 D/dalvikvm( 6157): GC_CONCURRENT freed 313K, 4% free 9177K/9528K, paused 4ms+10ms, total 54ms
05-22 15:55:14.382 D/dalvikvm( 6157): GC_CONCURRENT freed 290K, 4% free 9395K/9724K, paused 3ms+2ms, total 33ms
05-22 15:55:14.382 D/dalvikvm( 6157): WAIT_FOR_CONCURRENT_GC blocked 4ms
05-22 15:55:14.452 D/dalvikvm( 6157): GC_CONCURRENT freed 389K, 5% free 9490K/9944K, paused 3ms+6ms, total 33ms
05-22 15:55:14.452 D/dalvikvm( 6157): WAIT_FOR_CONCURRENT_GC blocked 1ms
05-22 15:55:14.499 I/dalvikvm( 6157): Failed resolving Lcom/baidu/android/nebula/util/BDLocationManager$BaiduLocationListener; interface 1169 'Lcom/baidu/location/BDLocationListener;'
05-22 15:55:14.499 W/dalvikvm( 6157): Link of class 'Lcom/baidu/android/nebula/util/BDLocationManager$BaiduLocationListener;' failed
05-22 15:55:14.515 W/dalvikvm( 6157): VFY: unable to find class referenced in signature (Lcom/baidu/location/LocationClient;)
05-22 15:55:14.515 I/dalvikvm( 6157): Failed resolving Lcom/baidu/android/nebula/util/BDLocationManager$BaiduLocationListener; interface 1169 'Lcom/baidu/location/BDLocationListener;'
05-22 15:55:14.515 W/dalvikvm( 6157): Link of class 'Lcom/baidu/android/nebula/util/BDLocationManager$BaiduLocationListener;' failed
05-22 15:55:14.515 I/dalvikvm( 6157): Failed resolving Lcom/baidu/android/nebula/util/BDLocationManager$BaiduLocationListener; interface 1169 'Lcom/baidu/location/BDLocationListener;'
05-22 15:55:14.515 W/dalvikvm( 6157): Link of class 'Lcom/baidu/android/nebula/util/BDLocationManager$BaiduLocationListener;' failed
05-22 15:55:14.515 I/dalvikvm( 6157): Could not find method com.baidu.location.LocationClient.unRegisterLocationListener, referenced from method com.baidu.android.nebula.util.BDLocationManager.d
05-22 15:55:14.515 W/dalvikvm( 6157): VFY: unable to resolve virtual method 7866: Lcom/baidu/location/LocationClient;.unRegisterLocationListener (Lcom/baidu/location/BDLocationListener;)V
05-22 15:55:14.515 D/dalvikvm( 6157): VFY: replacing opcode 0x6e at 0x0012
05-22 15:55:14.515 E/dalvikvm( 6157): Could not find class 'com.baidu.location.LocationClient', referenced from method com.baidu.android.nebula.util.BDLocationManager.e
05-22 15:55:14.515 W/dalvikvm( 6157): VFY: unable to resolve new-instance 1170 (Lcom/baidu/location/LocationClient;) in Lcom/baidu/android/nebula/util/BDLocationManager;
05-22 15:55:14.515 D/dalvikvm( 6157): VFY: replacing opcode 0x22 at 0x0000
05-22 15:55:14.515 E/dalvikvm( 6157): Could not find class 'com.baidu.location.LocationClientOption', referenced from method com.baidu.android.nebula.util.BDLocationManager.f
05-22 15:55:14.515 W/dalvikvm( 6157): VFY: unable to resolve new-instance 1171 (Lcom/baidu/location/LocationClientOption;) in Lcom/baidu/android/nebula/util/BDLocationManager;
05-22 15:55:14.515 D/dalvikvm( 6157): VFY: replacing opcode 0x22 at 0x0000
05-22 15:55:14.515 W/dalvikvm( 6157): VFY: unable to find class referenced in signature (Lcom/baidu/location/LocationClientOption;)
05-22 15:55:14.515 I/dalvikvm( 6157): Could not find method com.baidu.location.LocationClientOption.setOpenGps, referenced from method com.baidu.android.nebula.util.BDLocationManager.a
05-22 15:55:14.515 W/dalvikvm( 6157): VFY: unable to resolve virtual method 7870: Lcom/baidu/location/LocationClientOption;.setOpenGps (Z)V
05-22 15:55:14.515 D/dalvikvm( 6157): VFY: replacing opcode 0x6e at 0x0009
05-22 15:55:14.531 D/dalvikvm( 6157): DexOpt: unable to opt direct call 0x1eb3 at 0x04 in Lcom/baidu/android/nebula/util/BDLocationManager;.e
05-22 15:55:14.531 I/dalvikvm( 6157): Failed resolving Lcom/baidu/android/nebula/util/BDLocationManager$BaiduLocationListener; interface 1169 'Lcom/baidu/location/BDLocationListener;'
05-22 15:55:14.531 W/dalvikvm( 6157): Link of class 'Lcom/baidu/android/nebula/util/BDLocationManager$BaiduLocationListener;' failed
05-22 15:55:14.531 D/dalvikvm( 6157): DexOpt: unable to opt direct call 0x1cc1 at 0x0b in Lcom/baidu/android/nebula/util/BDLocationManager;.e
05-22 15:55:14.531 D/dalvikvm( 6157): DexOpt: unable to opt direct call 0x1ebb at 0x02 in Lcom/baidu/android/nebula/util/BDLocationManager;.f
05-22 15:55:14.531 W/Parcel  (  802): Attempt to read object from Parcel 0x5dfdfdac at offset 200 that is not in the object list
05-22 15:55:14.546 D/dalvikvm( 6157): GC_CONCURRENT freed 827K, 9% free 9222K/10032K, paused 3ms+7ms, total 45ms
05-22 15:55:14.648 D/dalvikvm( 6157): GC_CONCURRENT freed 196K, 6% free 9516K/10032K, paused 4ms+4ms, total 42ms
05-22 15:55:14.710 W/Parcel  (  802): Attempt to read object from Parcel 0x5f747dac at offset 200 that is not in the object list
05-22 15:55:14.734 I/dalvikvm( 6184): Turning on JNI app bug workarounds for target SDK version 8...
05-22 15:55:14.734 I/ActivityManager(  375): Start proc com.dragon.android.pandaspace for service com.dragon.android.pandaspace/com.dragon.pandaspace.download.flow.DownloadTaskService: pid=6184 uid=10074 gids={50074, 1015, 3003, 1006, 1028}
05-22 15:55:14.765 W/Parcel  (  802): Attempt to read object from Parcel 0x5e0dfdac at offset 200 that is not in the object list
05-22 15:55:14.796 D/dalvikvm( 6184): Trying to load lib /data/app-lib/com.dragon.android.pandaspace-1/libroot.so 0x42242ff8
05-22 15:55:14.796 D/dalvikvm( 6184): Added shared lib /data/app-lib/com.dragon.android.pandaspace-1/libroot.so 0x42242ff8
05-22 15:55:14.796 I/RootJni ( 6184): JNI_OnLoad......
05-22 15:55:15.101 D/dalvikvm( 6184): GC_CONCURRENT freed 266K, 4% free 9002K/9308K, paused 3ms+3ms, total 38ms
05-22 15:55:15.132 W/Parcel  (  802): Attempt to read object from Parcel 0x5e0dfdac at offset 200 that is not in the object list
05-22 15:55:16.406 I/Email   ( 3921): ReconcilePopImapAccountsSync: start
05-22 15:55:16.429 I/Email   ( 3921): ReconcilePopImapAccountsSync: done
05-22 15:55:16.437 W/Email   ( 3921): Received BYE
05-22 15:55:16.921 D/dalvikvm(  375): GC_EXPLICIT freed 313K, 16% free 19061K/22540K, paused 4ms+11ms, total 97ms
05-22 15:55:16.968 D/dalvikvm( 3921): GC_CONCURRENT freed 322K, 4% free 9444K/9804K, paused 3ms+3ms, total 31ms
05-22 15:55:16.976 D/Email   ( 3921): *** synchronizeMailboxGeneric ***
05-22 15:55:22.413 D/dalvikvm( 6100): GC_CONCURRENT freed 524K, 6% free 9531K/10092K, paused 3ms+3ms, total 52ms
05-22 15:55:22.413 D/dalvikvm( 6100): WAIT_FOR_CONCURRENT_GC blocked 18ms
05-22 15:55:31.148 D/dalvikvm( 6100): GC_CONCURRENT freed 460K, 6% free 9583K/10092K, paused 3ms+3ms, total 49ms
05-22 15:55:31.148 D/dalvikvm( 6100): WAIT_FOR_CONCURRENT_GC blocked 17ms
05-22 15:56:03.304 W/MountService(  375): getVolumeState(/storage/emulated/0/external_sd): Unknown volume
05-22 15:56:03.304 W/MountService(  375): getVolumeState(/mnt/sdcard-ext): Unknown volume
05-22 15:56:03.304 W/MountService(  375): getVolumeState(/mnt/ext_sdcard): Unknown volume
05-22 15:56:03.304 W/MountService(  375): getVolumeState(/mnt/sdcard2): Unknown volume
05-22 15:56:03.304 W/MountService(  375): getVolumeState(/mnt/emmc): Unknown volume
05-22 15:56:03.304 W/MountService(  375): getVolumeState(/mnt/extSdCard): Unknown volume
05-22 15:56:03.304 W/MountService(  375): getVolumeState(/mnt/sdcard/SD_CARD): Unknown volume
05-22 15:56:03.304 W/MountService(  375): getVolumeState(/mnt/sdcard/extra_sd): Unknown volume
05-22 15:56:03.304 W/MountService(  375): getVolumeState(/mnt/extrasd_bind): Unknown volume
05-22 15:56:03.304 W/MountService(  375): getVolumeState(/mnt/sdcard/ext_sd): Unknown volume
05-22 15:56:03.304 W/MountService(  375): getVolumeState(/storage/extSdCard): Unknown volume
05-22 15:56:03.304 W/MountService(  375): getVolumeState(/storage/sdcard1): Unknown volume
05-22 15:56:03.304 W/MountService(  375): getVolumeState(/mnt/sdcard/external_SD): Unknown volume
05-22 15:56:03.312 W/MountService(  375): getVolumeState(/mnt/sdcard/external_sd): Unknown volume
05-22 15:56:03.452 D/dalvikvm( 1693): GC_CONCURRENT freed 309K, 17% free 9578K/11532K, paused 4ms+3ms, total 45ms
05-22 15:56:03.632 W/MountService(  375): getVolumeState(/storage/emulated/0/external_sd): Unknown volume
05-22 15:56:03.632 W/MountService(  375): getVolumeState(/mnt/sdcard-ext): Unknown volume
05-22 15:56:03.632 W/MountService(  375): getVolumeState(/mnt/ext_sdcard): Unknown volume
05-22 15:56:03.632 W/MountService(  375): getVolumeState(/mnt/sdcard2): Unknown volume
05-22 15:56:03.632 W/MountService(  375): getVolumeState(/mnt/emmc): Unknown volume
05-22 15:56:03.632 W/MountService(  375): getVolumeState(/mnt/extSdCard): Unknown volume
05-22 15:56:03.632 W/MountService(  375): getVolumeState(/mnt/sdcard/SD_CARD): Unknown volume
05-22 15:56:03.632 W/MountService(  375): getVolumeState(/mnt/sdcard/extra_sd): Unknown volume
05-22 15:56:03.632 W/MountService(  375): getVolumeState(/mnt/extrasd_bind): Unknown volume
05-22 15:56:03.632 W/MountService(  375): getVolumeState(/mnt/sdcard/ext_sd): Unknown volume
05-22 15:56:03.640 W/MountService(  375): getVolumeState(/storage/extSdCard): Unknown volume
05-22 15:56:03.640 W/MountService(  375): getVolumeState(/storage/sdcard1): Unknown volume
05-22 15:56:03.640 W/MountService(  375): getVolumeState(/mnt/sdcard/external_SD): Unknown volume
05-22 15:56:03.640 W/MountService(  375): getVolumeState(/mnt/sdcard/external_sd): Unknown volume
05-22 15:56:03.687 D/dalvikvm( 1693): GC_CONCURRENT freed 621K, 18% free 9465K/11532K, paused 6ms+4ms, total 43ms
05-22 15:56:43.429 D/dalvikvm(  802): GC_EXPLICIT freed 490K, 24% free 12157K/15964K, paused 3ms+5ms, total 61ms
05-22 15:56:48.484 D/dalvikvm(  802): GC_EXPLICIT freed 9K, 24% free 12152K/15964K, paused 2ms+4ms, total 55ms
05-22 15:56:58.484 D/dalvikvm(  802): GC_EXPLICIT freed 8K, 24% free 12152K/15964K, paused 3ms+4ms, total 55ms
05-22 15:57:03.421 W/MountService(  375): getVolumeState(/storage/emulated/0/external_sd): Unknown volume
05-22 15:57:03.429 W/MountService(  375): getVolumeState(/mnt/sdcard-ext): Unknown volume
05-22 15:57:03.429 W/MountService(  375): getVolumeState(/mnt/ext_sdcard): Unknown volume
05-22 15:57:03.429 W/MountService(  375): getVolumeState(/mnt/sdcard2): Unknown volume
05-22 15:57:03.429 W/MountService(  375): getVolumeState(/mnt/emmc): Unknown volume
05-22 15:57:03.429 W/MountService(  375): getVolumeState(/mnt/extSdCard): Unknown volume
05-22 15:57:03.429 W/MountService(  375): getVolumeState(/mnt/sdcard/SD_CARD): Unknown volume
05-22 15:57:03.429 W/MountService(  375): getVolumeState(/mnt/sdcard/extra_sd): Unknown volume
05-22 15:57:03.437 W/MountService(  375): getVolumeState(/mnt/extrasd_bind): Unknown volume
05-22 15:57:03.437 W/MountService(  375): getVolumeState(/mnt/sdcard/ext_sd): Unknown volume
05-22 15:57:03.437 W/MountService(  375): getVolumeState(/storage/extSdCard): Unknown volume
05-22 15:57:03.437 W/MountService(  375): getVolumeState(/storage/sdcard1): Unknown volume
05-22 15:57:03.437 W/MountService(  375): getVolumeState(/mnt/sdcard/external_SD): Unknown volume
05-22 15:57:03.437 W/MountService(  375): getVolumeState(/mnt/sdcard/external_sd): Unknown volume
05-22 15:57:03.523 D/dalvikvm( 1693): GC_CONCURRENT freed 451K, 19% free 9445K/11532K, paused 3ms+6ms, total 53ms
05-22 15:57:03.741 W/MountService(  375): getVolumeState(/storage/emulated/0/external_sd): Unknown volume
05-22 15:57:03.741 W/MountService(  375): getVolumeState(/mnt/sdcard-ext): Unknown volume
05-22 15:57:03.741 W/MountService(  375): getVolumeState(/mnt/ext_sdcard): Unknown volume
05-22 15:57:03.741 W/MountService(  375): getVolumeState(/mnt/sdcard2): Unknown volume
05-22 15:57:03.741 W/MountService(  375): getVolumeState(/mnt/emmc): Unknown volume
05-22 15:57:03.741 W/MountService(  375): getVolumeState(/mnt/extSdCard): Unknown volume
05-22 15:57:03.741 W/MountService(  375): getVolumeState(/mnt/sdcard/SD_CARD): Unknown volume
05-22 15:57:03.749 W/MountService(  375): getVolumeState(/mnt/sdcard/extra_sd): Unknown volume
05-22 15:57:03.749 W/MountService(  375): getVolumeState(/mnt/extrasd_bind): Unknown volume
05-22 15:57:03.749 W/MountService(  375): getVolumeState(/mnt/sdcard/ext_sd): Unknown volume
05-22 15:57:03.749 W/MountService(  375): getVolumeState(/storage/extSdCard): Unknown volume
05-22 15:57:03.749 W/MountService(  375): getVolumeState(/storage/sdcard1): Unknown volume
05-22 15:57:03.749 W/MountService(  375): getVolumeState(/mnt/sdcard/external_SD): Unknown volume
05-22 15:57:03.757 W/MountService(  375): getVolumeState(/mnt/sdcard/external_sd): Unknown volume
05-22 15:57:03.781 D/dalvikvm( 1693): GC_CONCURRENT freed 451K, 18% free 9504K/11532K, paused 4ms+3ms, total 46ms
05-22 15:57:03.781 D/dalvikvm( 1693): WAIT_FOR_CONCURRENT_GC blocked 12ms
05-22 15:57:03.781 D/dalvikvm( 1693): WAIT_FOR_CONCURRENT_GC blocked 12ms
05-22 15:57:05.031 W/Parcel  (  802): Attempt to read object from Parcel 0x5ed47dac at offset 200 that is not in the object list
05-22 15:57:05.093 D/dalvikvm( 1693): GC_CONCURRENT freed 449K, 19% free 9451K/11532K, paused 4ms+3ms, total 29ms
05-22 15:58:03.523 W/MountService(  375): getVolumeState(/storage/emulated/0/external_sd): Unknown volume
05-22 15:58:03.523 W/MountService(  375): getVolumeState(/mnt/sdcard-ext): Unknown volume
05-22 15:58:03.531 W/MountService(  375): getVolumeState(/mnt/ext_sdcard): Unknown volume
05-22 15:58:03.531 W/MountService(  375): getVolumeState(/mnt/sdcard2): Unknown volume
05-22 15:58:03.531 W/MountService(  375): getVolumeState(/mnt/emmc): Unknown volume
05-22 15:58:03.531 W/MountService(  375): getVolumeState(/mnt/extSdCard): Unknown volume
05-22 15:58:03.531 W/MountService(  375): getVolumeState(/mnt/sdcard/SD_CARD): Unknown volume
05-22 15:58:03.531 W/MountService(  375): getVolumeState(/mnt/sdcard/extra_sd): Unknown volume
05-22 15:58:03.531 W/MountService(  375): getVolumeState(/mnt/extrasd_bind): Unknown volume
05-22 15:58:03.531 W/MountService(  375): getVolumeState(/mnt/sdcard/ext_sd): Unknown volume
05-22 15:58:03.538 W/MountService(  375): getVolumeState(/storage/extSdCard): Unknown volume
05-22 15:58:03.546 W/MountService(  375): getVolumeState(/storage/sdcard1): Unknown volume
05-22 15:58:03.546 W/MountService(  375): getVolumeState(/mnt/sdcard/external_SD): Unknown volume
05-22 15:58:03.546 W/MountService(  375): getVolumeState(/mnt/sdcard/external_sd): Unknown volume
05-22 15:58:03.671 D/dalvikvm( 1693): GC_CONCURRENT freed 310K, 17% free 9581K/11532K, paused 4ms+4ms, total 36ms
05-22 15:58:03.695 I/ActivityManager(  375): No longer want android.process.acore (pid 5802): empty for 1802s
05-22 15:58:03.851 W/MountService(  375): getVolumeState(/storage/emulated/0/external_sd): Unknown volume
05-22 15:58:03.851 W/MountService(  375): getVolumeState(/mnt/sdcard-ext): Unknown volume
05-22 15:58:03.851 W/MountService(  375): getVolumeState(/mnt/ext_sdcard): Unknown volume
05-22 15:58:03.851 W/MountService(  375): getVolumeState(/mnt/sdcard2): Unknown volume
05-22 15:58:03.851 W/MountService(  375): getVolumeState(/mnt/emmc): Unknown volume
05-22 15:58:03.851 W/MountService(  375): getVolumeState(/mnt/extSdCard): Unknown volume
05-22 15:58:03.851 W/MountService(  375): getVolumeState(/mnt/sdcard/SD_CARD): Unknown volume
05-22 15:58:03.859 W/MountService(  375): getVolumeState(/mnt/sdcard/extra_sd): Unknown volume
05-22 15:58:03.859 W/MountService(  375): getVolumeState(/mnt/extrasd_bind): Unknown volume
05-22 15:58:03.859 W/MountService(  375): getVolumeState(/mnt/sdcard/ext_sd): Unknown volume
05-22 15:58:03.859 W/MountService(  375): getVolumeState(/storage/extSdCard): Unknown volume
05-22 15:58:03.859 W/MountService(  375): getVolumeState(/storage/sdcard1): Unknown volume
05-22 15:58:03.859 W/MountService(  375): getVolumeState(/mnt/sdcard/external_SD): Unknown volume
05-22 15:58:03.866 W/MountService(  375): getVolumeState(/mnt/sdcard/external_sd): Unknown volume
05-22 15:58:03.913 D/dalvikvm( 1693): GC_CONCURRENT freed 571K, 18% free 9519K/11532K, paused 4ms+5ms, total 43ms
05-22 15:58:39.827 D/MDM :   ( 3216): [null:-1]->MSG_WEBSOCKET_MESSAGE : {"id":554552782,"type":0,"command":0,"result":0,"reason":0,"params":{"msgId":"75d672e8-4ef7-43d5-8149-4358871f879f,75d672e84ef743d581494358871f879f","device":"00013fbc8ecec5b90000014622a3b70b","message":"{\"cmd\":\"10119\"}"}}
05-22 15:58:39.843 D/MdmService( 3216): [null:-1]->push message type :0
05-22 15:58:39.843 D/MdmService( 3216): [null:-1]->cmdMessage : {"cmd":"10119"}
05-22 15:58:39.843 D/MdmService( 3216): [null:-1]->command : PushCommandMsg{cmd='10119', msg='null'}
05-22 15:58:39.843 D/MdmStatusManager( 3216): [null:-1]->change status to : Busy
05-22 15:58:39.843 I/TransInfo( 3216): TransInfo created, id: 3, class: class com.pekall.emdm.transaction.c.b
05-22 15:58:39.851 D/NetworkThread( 3216): [null:-1]->----isRunning-----true
05-22 15:58:39.851 D/NetworkThread( 3216): [null:-1]->----isRunning-----true
05-22 15:58:39.851 D/NetworkThread( 3216): [null:-1]->thread wakeup
05-22 15:58:39.851 D/NetworkThread( 3216): [null:-1]->sendHttpPost:PostRequest, url: http://192.168.10.21/rest/mdm/v1/ios/android_server, Params: [content:<?xml version="1.0" encoding="UTF-8"?>
05-22 15:58:39.851 D/NetworkThread( 3216): <!DOCTYPE plist PUBLIC "-//Apple//DTD PLIST 1.0//EN" "http://www.apple.com/DTDs/PropertyList-1.0.dtd">
05-22 15:58:39.851 D/NetworkThread( 3216): <plist version="1.0">
05-22 15:58:39.851 D/NetworkThread( 3216): <dict>
05-22 15:58:39.851 D/NetworkThread( 3216): 	<key>Status</key>
05-22 15:58:39.851 D/NetworkThread( 3216): 	<string>Idle</string>
05-22 15:58:39.851 D/NetworkThread( 3216): 	<key>UDID</key>
05-22 15:58:39.851 D/NetworkThread( 3216): 	<string>00013fbc8ecec5b90000014622a3b70b</string>
05-22 15:58:39.851 D/NetworkThread( 3216): </dict>
05-22 15:58:39.851 D/NetworkThread( 3216): </plist>], 
05-22 15:58:39.851 D/HttpClient( 3216): enable apache.http debug
05-22 15:58:39.859 V/DEBUG   ( 3216): HTTP 0
05-22 15:58:43.616 D/dalvikvm(  802): GC_EXPLICIT freed 560K, 24% free 12164K/15964K, paused 3ms+5ms, total 56ms
05-22 15:58:45.093 D/MDM :   ( 3216): [null:-1]->statusCode : 200
05-22 15:58:45.093 D/MDM :   ( 3216): [null:-1]->statusCode : 200
05-22 15:58:45.093 V/DEBUG   ( 3216): HTTP 1
05-22 15:58:45.116 D/MDM :   ( 3216): [null:-1]->read network input stream
05-22 15:58:45.116 D/MDM :   ( 3216): [null:-1]->read network input stream
05-22 15:58:45.116 D/MDM :   ( 3216): [null:-1]->Get joson string: <?xml version="1.0" encoding="UTF-8"?>
05-22 15:58:45.116 D/MDM :   ( 3216): <!DOCTYPE plist PUBLIC "-//Apple//DTD PLIST 1.0//EN" "http://www.apple.com/DTDs/PropertyList-1.0.dtd">
05-22 15:58:45.116 D/MDM :   ( 3216): <plist version="1.0">
05-22 15:58:45.116 D/MDM :   ( 3216): <dict>
05-22 15:58:45.116 D/MDM :   ( 3216): 	<key>CommandUUID</key>
05-22 15:58:45.116 D/MDM :   ( 3216): 	<string>b175c8c6-398d-4848-a9ed-b7d0ce8afc27</string>
05-22 15:58:45.116 D/MDM :   ( 3216): 	<key>Command</key>
05-22 15:58:45.116 D/MDM :   ( 3216): 	<dict>
05-22 15:58:45.116 D/MDM :   ( 3216): 		<key>Queries</key>
05-22 15:58:45.116 D/MDM :   ( 3216): 		<array>
05-22 15:58:45.116 D/MDM :   ( 3216): 			<string>UDID</string>
05-22 15:58:45.116 D/MDM :   ( 3216): 			<string>DeviceName</string>
05-22 15:58:45.116 D/MDM :   ( 3216): 			<string>OSVersion</string>
05-22 15:58:45.116 D/MDM :   ( 3216): 			<string>BuildVersion</string>
05-22 15:58:45.116 D/MDM :   ( 3216): 			<string>ModelName</string>
05-22 15:58:45.116 D/MDM :   ( 3216): 			<string>Model</string>
05-22 15:58:45.116 D/MDM :   ( 3216): 			<string>ProductName</string>
05-22 15:58:45.116 D/MDM :   ( 3216): 			<string>SerialNumber</string>
05-22 15:58:45.116 D/MDM :   ( 3216): 			<string>DeviceCapacity</string>
05-22 15:58:45.116 D/MDM :   ( 3216): 			<string>AvailableDeviceCapacity</string>
05-22 15:58:45.116 D/MDM :   ( 3216): 			<string>BatteryLevel</string>
05-22 15:58:45.116 D/MDM :   ( 3216): 			<string>CellularTechnology</string>
05-22 15:58:45.116 D/MDM :   ( 3216): 			<string>IMEI</string>
05-22 15:58:45.116 D/MDM :   ( 3216): 			<string>MEID</string>
05-22 15:58:45.116 D/MDM :   ( 3216): 			<string>ModemFirmwareVersion</string>
05-22 15:58:45.116 D/MDM :   ( 3216): 			<string>ICCID</string>
05-22 15:58:45.116 D/MDM :   ( 3216): 			<string>BluetoothMAC</string>
05-22 15:58:45.116 D/MDM :   ( 3216): 			<string>WiFiMAC</string>
05-22 15:58:45.116 D/MDM :   ( 3216): 			<string>EthernetMAC</string>
05-22 15:58:45.116 D/MDM :   ( 3216): 			<string>CurrentCarrierNetwork</string>
05-22 15:58:45.116 D/MDM :   ( 3216): 			<string>SIMCarrierNetwork</string>
05-22 15:58:45.116 D/MDM :   ( 3216): 			<string>SubscriberCarrierNetwork</string>
05-22 15:58:45.116 D/MDM :   ( 3216): 			<string>CarrierSettingsVersion</string>
05-22 15:58:45.116 D/MDM :   ( 3216): 			<string>PhoneNumber</string>
05-22 15:58:45.116 D/MDM :   ( 3216): 			<string>VoiceRoamingEnabled</string>
05-22 15:58:45.116 D/MDM :   ( 3216): 			<string>DataRoamingEnabled</string>
05-22 15:58:45.116 D/MDM :   ( 3216): 			<string>IsRoaming</string>
05-22 15:58:45.116 D/MDM :   ( 3216): 			<string>SubscriberMCC</string>
05-22 15:58:45.116 D/MDM :   ( 3216): 			<string>SubscriberMNC</string>
05-22 15:58:45.116 D/MDM :   ( 3216): 			<string>SIMMCC</string>
05-22 15:58:45.116 D/MDM :   ( 3216): 			<string>SIMMNC</string>
05-22 15:58:45.116 D/MDM :   ( 3216): 			<string>CurrentMCC</string>
05-22 15:58:45.116 D/MDM :   ( 3216): 			<string>CurrentMNC</string>
05-22 15:58:45.116 D/MDM :   ( 3216): 		</array>
05-22 15:58:45.116 D/MDM :   ( 3216): 		<key>RequestType</key>
05-22 15:58:45.116 D/MDM :   ( 3216): 		<string>DeviceInformation</string>
05-22 15:58:45.116 D/MDM :   ( 3216): 	</dict>
05-22 15:58:45.116 D/MDM :   ( 3216): </dict>
05-22 15:58:45.116 D/MDM :   ( 3216): </plist>
05-22 15:58:45.148 D/CheckInTransInfo( 3216): [null:-1]->CommandMsg : CommandMsg{CommandUUID='b175c8c6-398d-4848-a9ed-b7d0ce8afc27', Command=CommandObject{RequestType='DeviceInformation'}}
05-22 15:58:45.202 D/NetworkThread( 3216): [null:-1]->clear mCurrentTransInfo
05-22 15:58:45.202 D/NetworkThread( 3216): [null:-1]->queue is empty, thread wait...
05-22 15:58:45.304 D/MdmService( 3216): [null:-1]->handleCheckInResult
05-22 15:58:45.304 D/MdmService( 3216): [null:-1]->handleCheckInResult result keyIndex: 3
05-22 15:58:45.304 D/CommandManager( 3216): [null:-1]->execute command: CommandMsg{CommandUUID='b175c8c6-398d-4848-a9ed-b7d0ce8afc27', Command=CommandObject{RequestType='DeviceInformation'}}
05-22 15:58:45.429 W/Settings( 3216): Setting data_roaming has moved from android.provider.Settings.System to android.provider.Settings.Global, returning read-only value.
05-22 15:58:48.327 D/CommandManager( 3216): [null:-1]->requestType: DeviceInformation
05-22 15:58:48.366 W/Parcel  (  802): Attempt to read object from Parcel 0x5f747dac at offset 200 that is not in the object list
05-22 15:58:48.406 D/MdmDatabaseHelper( 3216): [null:-1]->update command b175c8c6-398d-4848-a9ed-b7d0ce8afc27 to commandStatus <?xml version="1.0" encoding="UTF-8"?>
05-22 15:58:48.406 D/MdmDatabaseHelper( 3216): <!DOCTYPE plist PUBLIC "-//Apple//DTD PLIST 1.0//EN" "http://www.apple.com/DTDs/PropertyList-1.0.dtd">
05-22 15:58:48.406 D/MdmDatabaseHelper( 3216): <plist version="1.0">
05-22 15:58:48.406 D/MdmDatabaseHelper( 3216): <dict>
05-22 15:58:48.406 D/MdmDatabaseHelper( 3216): 	<key>QueryResponses</key>
05-22 15:58:48.406 D/MdmDatabaseHelper( 3216): 	<dict>
05-22 15:58:48.406 D/MdmDatabaseHelper( 3216): 		<key>deviceId</key>
05-22 15:58:48.406 D/MdmDatabaseHelper( 3216): 		<string>00013fbc8ecec5b90000014622a3b70b</string>
05-22 15:58:48.406 D/MdmDatabaseHelper( 3216): 		<key>deviceSecurityStatus</key>
05-22 15:58:48.406 D/MdmDatabaseHelper( 3216): 		<string>root</string>
05-22 15:58:48.406 D/MdmDatabaseHelper( 3216): 		<key>diskTotal</key>
05-22 15:58:48.406 D/MdmDatabaseHelper( 3216): 		<string>0.0</string>
05-22 15:58:48.406 D/MdmDatabaseHelper( 3216): 		<key>diskUsed</key>
05-22 15:58:48.406 D/MdmDatabaseHelper( 3216): 		<string>0.0</string>
05-22 15:58:48.406 D/MdmDatabaseHelper( 3216): 		<key>displaySize</key>
05-22 15:58:48.406 D/MdmDatabaseHelper( 3216): 		<string>720x1184</string>
05-22 15:58:48.406 D/MdmDatabaseHelper( 3216): 		<key>freeDiskSize</key>
05-22 15:58:48.406 D/MdmDatabaseHelper( 3216): 		<integer>0</integer>
05-22 15:58:48.406 D/MdmDatabaseHelper( 3216): 		<key>freeRamSize</key>
05-22 15:58:48.406 D/MdmDatabaseHelper( 3216): 		<integer>59105280</integer>
05-22 15:58:48.406 D/MdmDatabaseHelper( 3216): 		<key>language</key>
05-22 15:58:48.406 D/MdmDatabaseHelper( 3216): 		<string>en-US</string>
05-22 15:58:48.406 D/MdmDatabaseHelper( 3216): 		<key>netSpeed</key>
05-22 15:58:48.406 D/MdmDatabaseHelper( 3216): 		<dict>
05-22 15:58:48.406 D/MdmDatabaseHelper( 3216): 			<key>downlink</key>
05-22 15:58:48.406 D/MdmDatabaseHelper( 3216): 			<real>398592.0</real>
05-22 15:58:48.406 D/MdmDatabaseHelper( 3216): 			<key>uplink</key>
05-22 15:58:48.406 D/MdmDatabaseHelper( 3216): 			<real>245853.33333333334</real>
05-22 15:58:48.406 D/MdmDatabaseHelper( 3216): 		</dict>
05-22 15:58:48.406 D/MdmDatabaseHelper( 3216): 		<key>ramTotal</key>
05-22 15:58:48.406 D/MdmDatabaseHelper( 3216): 		<string>728023040</string>
05-22 15:58:48.406 D/MdmDatabaseHelper( 3216): 		<key>ramUsed</key>
05-22 15:58:48.406 D/MdmDatabaseHelper( 3216): 		<string>668917760</string>
05-22 15:58:48.406 D/MdmDatabaseHelper( 3216): 		<key>trafficBytes</key>
05-22 15:58:48.406 D/MdmDatabaseHelper( 3216): 		<integer>0</integer>
05-22 15:58:48.406 D/MdmDatabaseHelper( 3216): 		<key>AvailableDeviceCapacity</key>
05-22 15:58:48.406 D/MdmDatabaseHelper( 3216): 		<real>1.3416508E7</real>
05-22 15:58:48.406 D/MdmDatabaseHelper( 3216): 		<key>BuildVersion</key>
05-22 15:58:48.406 D/MdmDatabaseHelper( 3216): 		<string>REL</string>
05-22 15:58:48.406 D/MdmDatabaseHelper( 3216): 		<key>CanDisableSystemFunction</key>
05-22 15:58:48.406 D/MdmDatabaseHelper( 3216): 		<false/>
05-22 15:58:48.406 D/MdmDatabaseHelper( 3216): 		<key>CellularTechnology</key>
05-22 15:58:48.406 D/MdmDatabaseHelper( 3216): 		<integer>3</integer>
05-22 15:58:48.406 D/MdmDatabaseHelper( 3216): 		<key>CurrentCarrierNetwork</key>
05-22 15:58:48.406 D/MdmDatabaseHelper( 3216): 		<string></string>
05-22 15:58:48.406 D/MdmDatabaseHelper( 3216): 		<key>CurrentMCC</key>
05-22 15:58:48.406 D/MdmDatabaseHelper( 3216): 		<string>cn</string>
05-22 15:58:48.406 D/MdmDatabaseHelper( 3216): 		<key>CurrentMNC</key>
05-22 15:58:48.406 D/MdmDatabaseHelper( 3216): 		<string>46001</string>
05-22 15:58:48.406 D/MdmDatabaseHelper( 3216): 		<key>DataRoamingEnabled</key>
05-22 15:58:48.406 D/MdmDatabaseHelper( 3216): 		<false/>
05-22 15:58:48.406 D/MdmDatabaseHelper( 3216): 		<key>DeviceCapacity</key>
05-22 15:58:48.406 D/MdmDatabaseHelper( 3216): 		<real>1.3975888E7</real>
05-22 15:58:48.406 D/MdmDatabaseHelper( 3216): 		<key>HasSamsungSafeAPI</key>
05-22 15:58:48.406 D/MdmDatabaseHelper( 3216): 		<false/>
05-22 15:58:48.406 D/MdmDatabaseHelper( 3216): 		<key>ICCID</key>
05-22 15:58:48.406 D/MdmDatabaseHelper( 3216): 		<string></string>
05-22 15:58:48.406 D/MdmDatabaseHelper( 3216): 		<key>IMEI</key>
05-22 15:58:48.406 D/MdmDatabaseHelper( 3216): 		<string>351554059027897</string>
05-22 15:58:48.406 D/MdmDatabaseHelper( 3216): 		<key>IsRoaming</key>
05-22 15:58:48.406 D/MdmDatabaseHelper( 3216): 		<false/>
05-22 15:58:48.406 D/MdmDatabaseHelper( 3216): 		<key>Model</key>
05-22 15:58:48.406 D/MdmDatabaseHelper( 3216): 		<string>Galaxy Nexus</string>
05-22 15:58:48.406 D/MdmDatabaseHelper( 3216): 		<key>OSVersion</key>
05-22 15:58:48.406 D/MdmDatabaseHelper( 3216): 		<string>4.3</string>
05-22 15:58:48.406 D/MdmDatabaseHelper( 3216): 		<key>PhoneNumber</key>
05-22 15:58:48.406 D/MdmDatabaseHelper( 3216): 		<string>0</string>
05-22 15:58:48.406 D/MdmDatabaseHelper( 3216): 		<key>ProductName</key>
05-22 15:58:48.406 D/MdmDatabaseHelper( 3216): 		<string>yakju</string>
05-22 15:58:48.406 D/MdmDatabaseHelper( 3216): 		<key>SIMCarrierNetwork</key>
05-22 15:58:48.406 D/MdmDatabaseHelper( 3216): 		<string></string>
05-22 15:58:48.406 D/MdmDatabaseHelper( 3216): 		<key>SerialNumber</key>
05-22 15:58:48.406 D/MdmDatabaseHelper( 3216): 		<string>014E0FFF06015018</string>
05-22 15:58:48.406 D/MdmDatabaseHelper( 3216): 		<key>UDID</key>
05-22 15:58:48.406 D/MdmDatabaseHelper( 3216): 		<string>00013fbc8ecec5b90000014622a3b70b</string>
05-22 15:58:48.406 D/MdmDatabaseHelper( 3216): 		<key>WiFiMAC</key>
05-22 15:58:48.406 D/MdmDatabaseHelper( 3216): 		<string>20:64:32:7a:19:48</string>
05-22 15:58:48.406 D/MdmDatabaseHelper( 3216): 	</dict>
05-22 15:58:48.406 D/MdmDatabaseHelper( 3216): 	<key>CommandUUID</key>
05-22 15:58:48.406 D/MdmDatabaseHelper( 3216): 	<string>b175c8c6-398d-4848-a9ed-b7d0ce8afc27</string>
05-22 15:58:48.406 D/MdmDatabaseHelper( 3216): 	<key>Status</key>
05-22 15:58:48.406 D/MdmDatabaseHelper( 3216): 	<string>Acknowledged</string>
05-22 15:58:48.406 D/MdmDatabaseHelper( 3216): 	<key>UDID</key>
05-22 15:58:48.406 D/MdmDatabaseHelper( 3216): 	<string>00013fbc8ecec5b90000014622a3b70b</string>
05-22 15:58:48.406 D/MdmDatabaseHelper( 3216): </dict>
05-22 15:58:48.406 D/MdmDatabaseHelper( 3216): </plist>
05-22 15:58:48.437 I/TransInfo( 3216): TransInfo created, id: 3, class: class com.pekall.emdm.transaction.c.b
05-22 15:58:48.437 D/NetworkThread( 3216): [null:-1]->----isRunning-----true
05-22 15:58:48.437 D/NetworkThread( 3216): [null:-1]->----isRunning-----true
05-22 15:58:48.437 D/NetworkThread( 3216): [null:-1]->thread wakeup
05-22 15:58:48.452 D/NetworkThread( 3216): [null:-1]->sendHttpPost:PostRequest, url: http://192.168.10.21/rest/mdm/v1/ios/android_server, Params: [content:<?xml version="1.0" encoding="UTF-8"?>
05-22 15:58:48.452 D/NetworkThread( 3216): <!DOCTYPE plist PUBLIC "-//Apple//DTD PLIST 1.0//EN" "http://www.apple.com/DTDs/PropertyList-1.0.dtd">
05-22 15:58:48.452 D/NetworkThread( 3216): <plist version="1.0">
05-22 15:58:48.452 D/NetworkThread( 3216): <dict>
05-22 15:58:48.452 D/NetworkThread( 3216): 	<key>QueryResponses</key>
05-22 15:58:48.452 D/NetworkThread( 3216): 	<dict>
05-22 15:58:48.452 D/NetworkThread( 3216): 		<key>deviceId</key>
05-22 15:58:48.452 D/NetworkThread( 3216): 		<string>00013fbc8ecec5b90000014622a3b70b</string>
05-22 15:58:48.452 D/NetworkThread( 3216): 		<key>deviceSecurityStatus</key>
05-22 15:58:48.452 D/NetworkThread( 3216): 		<string>root</string>
05-22 15:58:48.452 D/NetworkThread( 3216): 		<key>diskTotal</key>
05-22 15:58:48.452 D/NetworkThread( 3216): 		<string>0.0</string>
05-22 15:58:48.452 D/NetworkThread( 3216): 		<key>diskUsed</key>
05-22 15:58:48.452 D/NetworkThread( 3216): 		<string>0.0</string>
05-22 15:58:48.452 D/NetworkThread( 3216): 		<key>displaySize</key>
05-22 15:58:48.452 D/NetworkThread( 3216): 		<string>720x1184</string>
05-22 15:58:48.452 D/NetworkThread( 3216): 		<key>freeDiskSize</key>
05-22 15:58:48.452 D/NetworkThread( 3216): 		<integer>0</integer>
05-22 15:58:48.452 D/NetworkThread( 3216): 		<key>freeRamSize</key>
05-22 15:58:48.452 D/NetworkThread( 3216): 		<integer>59105280</integer>
05-22 15:58:48.452 D/NetworkThread( 3216): 		<key>language</key>
05-22 15:58:48.452 D/NetworkThread( 3216): 		<string>en-US</string>
05-22 15:58:48.452 D/NetworkThread( 3216): 		<key>netSpeed</key>
05-22 15:58:48.452 D/NetworkThread( 3216): 		<dict>
05-22 15:58:48.452 D/NetworkThread( 3216): 			<key>downlink</key>
05-22 15:58:48.452 D/NetworkThread( 3216): 			<real>398592.0</real>
05-22 15:58:48.452 D/NetworkThread( 3216): 			<key>uplink</key>
05-22 15:58:48.452 D/NetworkThread( 3216): 			<real>245853.33333333334</real>
05-22 15:58:48.452 D/NetworkThread( 3216): 		</dict>
05-22 15:58:48.452 D/NetworkThread( 3216): 		<key>ramTotal</key>
05-22 15:58:48.452 D/NetworkThread( 3216): 		<string>728023040</string>
05-22 15:58:48.452 D/NetworkThread( 3216): 		<key>ramUsed</key>
05-22 15:58:48.452 D/NetworkThread( 3216): 		<string>668917760</string>
05-22 15:58:48.452 D/NetworkThread( 3216): 		<key>trafficBytes</key>
05-22 15:58:48.452 D/NetworkThread( 3216): 		<integer>0</integer>
05-22 15:58:48.452 D/NetworkThread( 3216): 		<key>AvailableDeviceCapacity</key>
05-22 15:58:48.452 D/NetworkThread( 3216): 		<real>1.3416508E7</real>
05-22 15:58:48.452 D/NetworkThread( 3216): 		<key>BuildVersion</key>
05-22 15:58:48.452 D/NetworkThread( 3216): 		<string>REL</string>
05-22 15:58:48.452 D/NetworkThread( 3216): 		<key>CanDisableSystemFunction</key>
05-22 15:58:48.452 D/NetworkThread( 3216): 		<false/>
05-22 15:58:48.452 D/NetworkThread( 3216): 		<key>CellularTechnology</key>
05-22 15:58:48.452 D/NetworkThread( 3216): 		<integer>3</integer>
05-22 15:58:48.452 D/NetworkThread( 3216): 		<key>CurrentCarrierNetwork</key>
05-22 15:58:48.452 D/NetworkThread( 3216): 		<string></string>
05-22 15:58:48.452 D/NetworkThread( 3216): 		<key>CurrentMCC</key>
05-22 15:58:48.452 D/NetworkThread( 3216): 		<string>cn</string>
05-22 15:58:48.452 D/NetworkThread( 3216): 		<key>CurrentMNC</key>
05-22 15:58:48.452 D/NetworkThread( 3216): 		<string>46001</string>
05-22 15:58:48.452 D/NetworkThread( 3216): 		<key>DataRoamingEnabled</key>
05-22 15:58:48.452 D/NetworkThread( 3216): 		<false/>
05-22 15:58:48.452 D/NetworkThread( 3216): 		<key>DeviceCapacity</key>
05-22 15:58:48.452 D/NetworkThread( 3216): 		<real>1.3975888E7</real>
05-22 15:58:48.452 D/NetworkThread( 3216): 		<key>HasSamsungSafeAPI</key>
05-22 15:58:48.452 D/NetworkThread( 3216): 		<false/>
05-22 15:58:48.452 D/NetworkThread( 3216): 		<key>ICCID</key>
05-22 15:58:48.452 D/NetworkThread( 3216): 		<string></string>
05-22 15:58:48.452 D/NetworkThread( 3216): 		<key>IMEI</key>
05-22 15:58:48.452 D/NetworkThread( 3216): 		<string>351554059027897</string>
05-22 15:58:48.452 D/NetworkThread( 3216): 		<key>IsRoaming</key>
05-22 15:58:48.452 D/NetworkThread( 3216): 		<false/>
05-22 15:58:48.452 D/NetworkThread( 3216): 		<key>Model</key>
05-22 15:58:48.452 D/NetworkThread( 3216): 		<string>Galaxy Nexus</string>
05-22 15:58:48.452 D/NetworkThread( 3216): 		<key>OSVersion</key>
05-22 15:58:48.452 D/NetworkThread( 3216): 		<string>4.3</string>
05-22 15:58:48.452 D/NetworkThread( 3216): 		<key>PhoneNumber</key>
05-22 15:58:48.452 D/NetworkThread( 3216): 		<string>0</string>
05-22 15:58:48.452 D/NetworkThread( 3216): 		<key>ProductName</key>
05-22 15:58:48.452 D/NetworkThread( 3216): 		<string>yakju</string>
05-22 15:58:48.452 D/NetworkThread( 3216): 		<key>SIMCarrierNetwork</key>
05-22 15:58:48.452 D/NetworkThread( 3216): 		<string></string>
05-22 15:58:48.452 D/NetworkThread( 3216): 		<key>SerialNumber</key>
05-22 15:58:48.452 D/NetworkThread( 3216): 		<string>014E0FFF06015018</string>
05-22 15:58:48.452 D/NetworkThread( 3216): 		<key>UDID</key>
05-22 15:58:48.452 D/NetworkThread( 3216): 		<string>00013fbc8ecec5b90000014622a3b70b</string>
05-22 15:58:48.452 D/NetworkThread( 3216): 		<key>WiFiMAC</key>
05-22 15:58:48.452 D/NetworkThread( 3216): 		<string>20:64:32:7a:19:48</string>
05-22 15:58:48.452 D/NetworkThread( 3216): 	</dict>
05-22 15:58:48.452 D/NetworkThread( 3216): 	<key>CommandUUID</key>
05-22 15:58:48.452 D/NetworkThread( 3216): 	<string>b175c8c6-398d-4848-a9ed-b7d0ce8afc27</string>
05-22 15:58:48.452 D/NetworkThread( 3216): 	<key>Status</key>
05-22 15:58:48.452 D/NetworkThread( 3216): 	<string>Acknowledged</string>
05-22 15:58:48.452 D/NetworkThread( 3216): 	<key>UDID</key>
05-22 15:58:48.452 D/NetworkThread( 3216): 	<string>00013fbc8ecec5b90000014622a3b70b</string>
05-22 15:58:48.452 D/NetworkThread( 3216): </dict>
05-22 15:58:48.452 D/NetworkThread( 3216): </plist>], 
05-22 15:58:48.452 D/HttpClient( 3216): enable apache.http debug
05-22 15:58:48.460 V/DEBUG   ( 3216): HTTP 0
05-22 15:58:48.671 D/dalvikvm(  802): GC_EXPLICIT freed 99K, 24% free 12153K/15964K, paused 2ms+4ms, total 54ms
05-22 15:58:49.257 D/MDM :   ( 3216): [null:-1]->statusCode : 200
05-22 15:58:49.257 D/MDM :   ( 3216): [null:-1]->statusCode : 200
05-22 15:58:49.257 V/DEBUG   ( 3216): HTTP 1
05-22 15:58:49.265 D/MDM :   ( 3216): [null:-1]->read network input stream
05-22 15:58:49.265 D/MDM :   ( 3216): [null:-1]->Get joson string: <?xml version="1.0" encoding="UTF-8"?>
05-22 15:58:49.265 D/MDM :   ( 3216): <!DOCTYPE plist PUBLIC "-//Apple//DTD PLIST 1.0//EN" "http://www.apple.com/DTDs/PropertyList-1.0.dtd">
05-22 15:58:49.265 D/MDM :   ( 3216): <plist version="1.0">
05-22 15:58:49.265 D/MDM :   ( 3216): <dict>
05-22 15:58:49.265 D/MDM :   ( 3216): 	<key>CommandUUID</key>
05-22 15:58:49.265 D/MDM :   ( 3216): 	<string>08dba549-74fe-4a9e-a9dd-dfbd10f90a7e</string>
05-22 15:58:49.265 D/MDM :   ( 3216): 	<key>Command</key>
05-22 15:58:49.265 D/MDM :   ( 3216): 	<dict>
05-22 15:58:49.265 D/MDM :   ( 3216): 		<key>RequestType</key>
05-22 15:58:49.265 D/MDM :   ( 3216): 		<string>ManagedApplicationList</string>
05-22 15:58:49.265 D/MDM :   ( 3216): 	</dict>
05-22 15:58:49.265 D/MDM :   ( 3216): </dict>
05-22 15:58:49.265 D/MDM :   ( 3216): </plist>
05-22 15:58:49.273 D/MdmDatabaseHelper( 3216): [null:-1]->update command b175c8c6-398d-4848-a9ed-b7d0ce8afc27 to status executed
05-22 15:58:49.296 D/CheckInTransInfo( 3216): [null:-1]->CommandMsg : CommandMsg{CommandUUID='08dba549-74fe-4a9e-a9dd-dfbd10f90a7e', Command=CommandObject{RequestType='ManagedApplicationList'}}
05-22 15:58:49.335 D/NetworkThread( 3216): [null:-1]->clear mCurrentTransInfo
05-22 15:58:49.335 D/NetworkThread( 3216): [null:-1]->queue is empty, thread wait...
05-22 15:58:49.437 D/MdmService( 3216): [null:-1]->handleCheckInResult
05-22 15:58:49.437 D/MdmService( 3216): [null:-1]->handleCheckInResult result keyIndex: 3
05-22 15:58:49.437 D/CommandManager( 3216): [null:-1]->execute command: CommandMsg{CommandUUID='08dba549-74fe-4a9e-a9dd-dfbd10f90a7e', Command=CommandObject{RequestType='ManagedApplicationList'}}
05-22 15:58:49.445 D/CommandManager( 3216): [null:-1]->requestType: ManagedApplicationList
05-22 15:58:49.484 W/Parcel  (  802): Attempt to read object from Parcel 0x5dfdfdac at offset 200 that is not in the object list
05-22 15:58:49.491 D/MdmDatabaseHelper( 3216): [null:-1]->update command 08dba549-74fe-4a9e-a9dd-dfbd10f90a7e to commandStatus <?xml version="1.0" encoding="UTF-8"?>
05-22 15:58:49.491 D/MdmDatabaseHelper( 3216): <!DOCTYPE plist PUBLIC "-//Apple//DTD PLIST 1.0//EN" "http://www.apple.com/DTDs/PropertyList-1.0.dtd">
05-22 15:58:49.491 D/MdmDatabaseHelper( 3216): <plist version="1.0">
05-22 15:58:49.491 D/MdmDatabaseHelper( 3216): <dict>
05-22 15:58:49.491 D/MdmDatabaseHelper( 3216): 	<key>ManagedApplicationList</key>
05-22 15:58:49.491 D/MdmDatabaseHelper( 3216): 	<dict>
05-22 15:58:49.491 D/MdmDatabaseHelper( 3216): 	</dict>
05-22 15:58:49.491 D/MdmDatabaseHelper( 3216): 	<key>CommandUUID</key>
05-22 15:58:49.491 D/MdmDatabaseHelper( 3216): 	<string>08dba549-74fe-4a9e-a9dd-dfbd10f90a7e</string>
05-22 15:58:49.491 D/MdmDatabaseHelper( 3216): 	<key>Status</key>
05-22 15:58:49.491 D/MdmDatabaseHelper( 3216): 	<string>Acknowledged</string>
05-22 15:58:49.491 D/MdmDatabaseHelper( 3216): 	<key>UDID</key>
05-22 15:58:49.491 D/MdmDatabaseHelper( 3216): 	<string>00013fbc8ecec5b90000014622a3b70b</string>
05-22 15:58:49.491 D/MdmDatabaseHelper( 3216): </dict>
05-22 15:58:49.491 D/MdmDatabaseHelper( 3216): </plist>
05-22 15:58:49.515 I/TransInfo( 3216): TransInfo created, id: 3, class: class com.pekall.emdm.transaction.c.b
05-22 15:58:49.523 D/NetworkThread( 3216): [null:-1]->----isRunning-----true
05-22 15:58:49.523 D/NetworkThread( 3216): [null:-1]->----isRunning-----true
05-22 15:58:49.523 D/NetworkThread( 3216): [null:-1]->thread wakeup
05-22 15:58:49.523 D/NetworkThread( 3216): [null:-1]->sendHttpPost:PostRequest, url: http://192.168.10.21/rest/mdm/v1/ios/android_server, Params: [content:<?xml version="1.0" encoding="UTF-8"?>
05-22 15:58:49.523 D/NetworkThread( 3216): <!DOCTYPE plist PUBLIC "-//Apple//DTD PLIST 1.0//EN" "http://www.apple.com/DTDs/PropertyList-1.0.dtd">
05-22 15:58:49.523 D/NetworkThread( 3216): <plist version="1.0">
05-22 15:58:49.523 D/NetworkThread( 3216): <dict>
05-22 15:58:49.523 D/NetworkThread( 3216): 	<key>ManagedApplicationList</key>
05-22 15:58:49.523 D/NetworkThread( 3216): 	<dict>
05-22 15:58:49.523 D/NetworkThread( 3216): 	</dict>
05-22 15:58:49.523 D/NetworkThread( 3216): 	<key>CommandUUID</key>
05-22 15:58:49.523 D/NetworkThread( 3216): 	<string>08dba549-74fe-4a9e-a9dd-dfbd10f90a7e</string>
05-22 15:58:49.523 D/NetworkThread( 3216): 	<key>Status</key>
05-22 15:58:49.523 D/NetworkThread( 3216): 	<string>Acknowledged</string>
05-22 15:58:49.523 D/NetworkThread( 3216): 	<key>UDID</key>
05-22 15:58:49.523 D/NetworkThread( 3216): 	<string>00013fbc8ecec5b90000014622a3b70b</string>
05-22 15:58:49.523 D/NetworkThread( 3216): </dict>
05-22 15:58:49.523 D/NetworkThread( 3216): </plist>], 
05-22 15:58:49.523 D/HttpClient( 3216): enable apache.http debug
05-22 15:58:49.531 V/DEBUG   ( 3216): HTTP 0
05-22 15:58:50.281 D/MDM :   ( 3216): [null:-1]->statusCode : 200
05-22 15:58:50.281 D/MDM :   ( 3216): [null:-1]->statusCode : 200
05-22 15:58:50.281 V/DEBUG   ( 3216): HTTP 1
05-22 15:58:50.288 D/MDM :   ( 3216): [null:-1]->read network input stream
05-22 15:58:50.288 D/MDM :   ( 3216): [null:-1]->Get joson string: <?xml version="1.0" encoding="UTF-8"?>
05-22 15:58:50.288 D/MDM :   ( 3216): <!DOCTYPE plist PUBLIC "-//Apple//DTD PLIST 1.0//EN" "http://www.apple.com/DTDs/PropertyList-1.0.dtd">
05-22 15:58:50.288 D/MDM :   ( 3216): <plist version="1.0">
05-22 15:58:50.288 D/MDM :   ( 3216): <dict>
05-22 15:58:50.288 D/MDM :   ( 3216): 	<key>CommandUUID</key>
05-22 15:58:50.288 D/MDM :   ( 3216): 	<string>8e11fcd0-d52a-4e8c-978e-19cb09583204</string>
05-22 15:58:50.288 D/MDM :   ( 3216): 	<key>Command</key>
05-22 15:58:50.288 D/MDM :   ( 3216): 	<dict>
05-22 15:58:50.288 D/MDM :   ( 3216): 		<key>RequestType</key>
05-22 15:58:50.288 D/MDM :   ( 3216): 		<string>InstalledApplicationList</string>
05-22 15:58:50.288 D/MDM :   ( 3216): 	</dict>
05-22 15:58:50.288 D/MDM :   ( 3216): </dict>
05-22 15:58:50.288 D/MDM :   ( 3216): </plist>
05-22 15:58:50.296 D/MdmDatabaseHelper( 3216): [null:-1]->update command 08dba549-74fe-4a9e-a9dd-dfbd10f90a7e to status executed
05-22 15:58:50.327 D/CheckInTransInfo( 3216): [null:-1]->CommandMsg : CommandMsg{CommandUUID='8e11fcd0-d52a-4e8c-978e-19cb09583204', Command=CommandObject{RequestType='InstalledApplicationList'}}
05-22 15:58:50.351 D/NetworkThread( 3216): [null:-1]->clear mCurrentTransInfo
05-22 15:58:50.351 D/NetworkThread( 3216): [null:-1]->queue is empty, thread wait...
05-22 15:58:50.452 D/MdmService( 3216): [null:-1]->handleCheckInResult
05-22 15:58:50.452 D/MdmService( 3216): [null:-1]->handleCheckInResult result keyIndex: 3
05-22 15:58:50.452 D/CommandManager( 3216): [null:-1]->execute command: CommandMsg{CommandUUID='8e11fcd0-d52a-4e8c-978e-19cb09583204', Command=CommandObject{RequestType='InstalledApplicationList'}}
05-22 15:58:50.616 D/CommandManager( 3216): [null:-1]->requestType: InstalledApplicationList
05-22 15:58:50.663 W/Parcel  (  802): Attempt to read object from Parcel 0x5e0dfdac at offset 200 that is not in the object list
05-22 15:58:50.812 D/MdmDatabaseHelper( 3216): [null:-1]->update command 8e11fcd0-d52a-4e8c-978e-19cb09583204 to commandStatus <?xml version="1.0" encoding="UTF-8"?>
05-22 15:58:50.812 D/MdmDatabaseHelper( 3216): <!DOCTYPE plist PUBLIC "-//Apple//DTD PLIST 1.0//EN" "http://www.apple.com/DTDs/PropertyList-1.0.dtd">
05-22 15:58:50.812 D/MdmDatabaseHelper( 3216): <plist version="1.0">
05-22 15:58:50.812 D/MdmDatabaseHelper( 3216): <dict>
05-22 15:58:50.812 D/MdmDatabaseHelper( 3216): 	<key>InstalledApplicationList</key>
05-22 15:58:50.812 D/MdmDatabaseHelper( 3216): 	<array>
05-22 15:58:50.812 D/MdmDatabaseHelper( 3216): 		<dict>
05-22 15:58:50.812 D/MdmDatabaseHelper( 3216): 			<key>AppPermissions</key>
05-22 15:58:50.812 D/MdmDatabaseHelper( 3216): 			<array>
05-22 15:58:50.812 D/MdmDatabaseHelper( 3216): 				<string>android.permission.READ_LOGS</string>
05-22 15:58:50.812 D/MdmDatabaseHelper( 3216): 				<string>android.permission.WRITE_EXTERNAL_STORAGE</string>
05-22 15:58:50.812 D/MdmDatabaseHelper( 3216): 				<string>com.qihoo.root.RESPOND</string>
05-22 15:58:50.812 D/MdmDatabaseHelper( 3216): 				<string>com.qihoo.root.provider.READ</string>
05-22 15:58:50.812 D/MdmDatabaseHelper( 3216): 				<string>com.qihoo.root.provider.WRITE</string>
05-22 15:58:50.812 D/MdmDatabaseHelper( 3216): 				<string>android.permission.INTERNET</string>
05-22 15:58:50.812 D/MdmDatabaseHelper( 3216): 				<string>android.permission.ACCESS_NETWORK_STATE</string>
05-22 15:58:50.812 D/MdmDatabaseHelper( 3216): 				<string>android.permission.INSTALL_PACKAGES</string>
05-22 15:58:50.812 D/MdmDatabaseHelper( 3216): 				<string>android.permission.KILL_BACKGROUND_PROCESSES</string>
05-22 15:58:50.812 D/MdmDatabaseHelper( 3216): 				<string>android.permission.RESTART_PACKAGES</string>
05-22 15:58:50.812 D/MdmDatabaseHelper( 3216): 				<string>android.permission.READ_PHONE_STATE</string>
05-22 15:58:50.812 D/MdmDatabaseHelper( 3216): 				<string>android.permission.DELETE_PACKAGES</string>
05-22 15:58:50.812 D/MdmDatabaseHelper( 3216): 				<string>android.permission.READ_EXTERNAL_STORAGE</string>
05-22 15:58:50.812 D/MdmDatabaseHelper( 3216): 			</array>
05-22 15:58:50.812 D/MdmDatabaseHelper( 3216): 			<key>Version</key>
05-22 15:58:50.812 D/MdmDatabaseHelper( 3216): 			<string>7</string>
05-22 15:58:50.812 D/MdmDatabaseHelper( 3216): 			<key>ShortVersion</key>
05-22 15:58:50.812 D/MdmDatabaseHelper( 3216): 			<string>6.0.1</string>
05-22 15:58:50.812 D/MdmDatabaseHelper( 3216): 			<key>Identifier</key>
05-22 15:58:50.812 D/MdmDatabaseHelper( 3216): 			<string>com.qihoo.root</string>
05-22 15:58:50.812 D/MdmDatabaseHelper( 3216): 			<key>Name</key>
05-22 15:58:50.812 D/MdmDatabaseHelper( 3216): 			<string>360</string>
05-22 15:58:50.812 D/MdmDatabaseHelper( 3216): 			<key>DynamicSize</key>
