05-22 15:48:03.101 W/MountService(  375): getVolumeState(/mnt/sdcard/extra_sd): Unknown volume
05-22 15:48:03.101 W/MountService(  375): getVolumeState(/mnt/extrasd_bind): Unknown volume
05-22 15:48:03.109 W/MountService(  375): getVolumeState(/mnt/sdcard/ext_sd): Unknown volume
05-22 15:48:03.109 W/MountService(  375): getVolumeState(/storage/extSdCard): Unknown volume
05-22 15:48:03.109 W/MountService(  375): getVolumeState(/storage/sdcard1): Unknown volume
05-22 15:48:03.109 W/MountService(  375): getVolumeState(/mnt/sdcard/external_SD): Unknown volume
05-22 15:48:03.109 W/MountService(  375): getVolumeState(/mnt/sdcard/external_sd): Unknown volume
05-22 15:48:03.132 D/dalvikvm( 1693): GC_CONCURRENT freed 486K, 18% free 9527K/11532K, paused 10ms+3ms, total 51ms
05-22 15:48:03.132 D/dalvikvm( 1693): WAIT_FOR_CONCURRENT_GC blocked 19ms
05-22 15:48:03.132 D/dalvikvm( 1693): WAIT_FOR_CONCURRENT_GC blocked 19ms
05-22 15:48:42.827 D/dalvikvm(  802): GC_EXPLICIT freed 518K, 24% free 12162K/15964K, paused 3ms+5ms, total 56ms
05-22 15:48:45.015 D/dalvikvm( 6031): Late-enabling CheckJNI
05-22 15:48:45.015 I/ActivityManager(  375): Start proc com.pekall.emdm.launcher:remote for service com.pekall.emdm.launcher/com.baidu.location.f: pid=6031 uid=10066 gids={50066, 1015, 3002, 3001, 3003, 1028}
05-22 15:48:45.062 V/MyServiceConnection( 6031): [SConnection] sandbox service is NOT installed.
05-22 15:48:45.070 V/MyServiceConnection( 6031): [SConnection] binding service: pekall.intent.action.SANDBOX_SERVICE
05-22 15:48:45.077 D/ScClassLoader( 6031): >> SOURCE FILE: /data/data/com.pekall.emdm.launcher/app_jars/sc-jdk15on-1.47.0.2.dex.jar
05-22 15:48:45.124 W/Parcel  (  802): Attempt to read object from Parcel 0x5dfdfdac at offset 200 that is not in the object list
05-22 15:48:45.124 W/Parcel  (  802): Attempt to read object from Parcel 0x5ed47dac at offset 200 that is not in the object list
05-22 15:48:45.124 D/Email   ( 6031): Email: init sandbox at the beginning.
05-22 15:48:45.124 V/MyServiceConnection( 6031): [SConnection] retry to bind service
05-22 15:48:45.124 V/MyServiceConnection( 6031): [SConnection] sandbox service is NOT installed.
05-22 15:48:45.124 V/MyServiceConnection( 6031): [SConnection] binding service: pekall.intent.action.SANDBOX_SERVICE
05-22 15:48:45.148 D/dalvikvm( 6031): GC_CONCURRENT freed 114K, 2% free 9258K/9412K, paused 8ms+2ms, total 53ms
05-22 15:48:45.148 D/dalvikvm( 6031): WAIT_FOR_CONCURRENT_GC blocked 8ms
05-22 15:48:45.171 V/MyServiceConnection( 6031): [SConnection] retry to bind service
05-22 15:48:45.171 V/MyServiceConnection( 6031): [SConnection] sandbox service is NOT installed.
05-22 15:48:45.171 V/MyServiceConnection( 6031): [SConnection] binding service: pekall.intent.action.SANDBOX_SERVICE
05-22 15:48:45.187 V/l       ( 6031): Bind requested for task setLogging
05-22 15:48:45.195 D/ExchangeService( 3216): !!! EAS ExchangeService, onCreate
05-22 15:48:45.202 W/Parcel  (  802): Attempt to read object from Parcel 0x5f747dac at offset 200 that is not in the object list
05-22 15:48:45.202 D/ExchangeService( 3216): !!! EAS ExchangeService, onStartCommand, startingUp = false, running = false
05-22 15:48:45.202 D/ExchangeService( 3216): to start secureStorageService now
05-22 15:48:45.218 V/a       ( 3216): Bind requested for task test
05-22 15:48:45.241 V/a       ( 3216): Connected: com.pekall.semail.service.AccountServiceInternal
05-22 15:48:45.249 D/dalvikvm( 6031): GC_CONCURRENT freed 219K, 3% free 9553K/9808K, paused 5ms+18ms, total 52ms
05-22 15:48:45.249 D/dalvikvm( 6031): WAIT_FOR_CONCURRENT_GC blocked 5ms
05-22 15:48:45.257 D/dalvikvm( 6031): WAIT_FOR_CONCURRENT_GC blocked 3ms
05-22 15:48:45.257 V/a       ( 3216): Connection test succeeded in 37ms
05-22 15:48:45.257 V/a       ( 3216): Task test completed; disconnecting
05-22 15:48:45.273 W/DocumentManager( 6031): Sandbox service is not connected.
05-22 15:48:45.273 D/MessageControllerImpl( 6031): controller is null
05-22 15:48:45.273 V/MyServiceConnection( 6031): [SConnection] retry to bind service
05-22 15:48:45.273 V/MyServiceConnection( 6031): [SConnection] sandbox service is NOT installed.
05-22 15:48:45.273 V/MyServiceConnection( 6031): [SConnection] binding service: pekall.intent.action.SANDBOX_SERVICE
05-22 15:48:45.273 W/SQLiteOpenHelper( 6031): Opened /data/data/com.pekall.emdm.launcher/databases/message.db
05-22 15:48:45.273 W/dalvikvm( 6031): No implementation found for native Lcom/pekall/sandbox/database/sqlite/SQLiteDatabase;.native_setSqliteSoftHeapLimit:(I)V
05-22 15:48:45.273 D/AndroidRuntime( 6031): Shutting down VM
05-22 15:48:45.273 W/dalvikvm( 6031): threadid=1: thread exiting with uncaught exception (group=0x41993700)
05-22 15:48:45.281 D/        ( 6031): [---null: -1---]  Thread is main
05-22 15:48:45.281 W/System.err( 6031): java.lang.UnsatisfiedLinkError: Native method not found: com.pekall.sandbox.database.sqlite.SQLiteDatabase.native_setSqliteSoftHeapLimit:(I)V
05-22 15:48:45.281 W/System.err( 6031): 	at com.pekall.sandbox.database.sqlite.SQLiteDatabase.native_setSqliteSoftHeapLimit(Native Method)
05-22 15:48:45.281 W/System.err( 6031): 	at com.pekall.sandbox.database.sqlite.SQLiteDatabase.<init>(Unknown Source)
05-22 15:48:45.281 W/System.err( 6031): 	at com.pekall.sandbox.database.sqlite.SQLiteDatabase.openDatabase(Unknown Source)
05-22 15:48:45.281 W/System.err( 6031): 	at com.pekall.sandbox.database.sqlite.SQLiteDatabase.openDatabase(Unknown Source)
05-22 15:48:45.281 W/System.err( 6031): 	at com.pekall.sandbox.database.sqlite.SQLiteDatabase.openDatabase(Unknown Source)
05-22 15:48:45.281 W/System.err( 6031): 	at com.pekall.sandbox.database.sqlite.SQLiteOpenHelper.getWritableDatabase(Unknown Source)
05-22 15:48:45.281 W/System.err( 6031): 	at com.pekall.emdm.messagecenter.db.a.a(Unknown Source)
05-22 15:48:45.281 W/System.err( 6031): 	at com.pekall.emdm.messagecenter.db.a.b(Unknown Source)
05-22 15:48:45.281 W/System.err( 6031): 	at com.pekall.emdm.messagecenter.activity.a.onCreate(Unknown Source)
05-22 15:48:45.281 W/System.err( 6031): 	at com.pekall.emdm.launcher.LauncherApplication.onCreate(Unknown Source)
05-22 15:48:45.281 W/System.err( 6031): 	at android.app.Instrumentation.callApplicationOnCreate(Instrumentation.java:1007)
05-22 15:48:45.281 W/System.err( 6031): 	at android.app.ActivityThread.handleBindApplication(ActivityThread.java:4444)
05-22 15:48:45.281 W/System.err( 6031): 	at android.app.ActivityThread.access$1300(ActivityThread.java:141)
05-22 15:48:45.281 W/System.err( 6031): 	at android.app.ActivityThread$H.handleMessage(ActivityThread.java:1316)
05-22 15:48:45.281 W/System.err( 6031): 	at android.os.Handler.dispatchMessage(Handler.java:99)
05-22 15:48:45.281 W/System.err( 6031): 	at android.os.Looper.loop(Looper.java:137)
05-22 15:48:45.281 W/System.err( 6031): 	at android.app.ActivityThread.main(ActivityThread.java:5103)
05-22 15:48:45.281 W/System.err( 6031): 	at java.lang.reflect.Method.invokeNative(Native Method)
05-22 15:48:45.281 W/System.err( 6031): 	at java.lang.reflect.Method.invoke(Method.java:525)
05-22 15:48:45.288 W/System.err( 6031): 	at com.android.internal.os.ZygoteInit$MethodAndArgsCaller.run(ZygoteInit.java:737)
05-22 15:48:45.288 W/System.err( 6031): 	at com.android.internal.os.ZygoteInit.main(ZygoteInit.java:553)
05-22 15:48:45.288 W/System.err( 6031): 	at dalvik.system.NativeStart.main(Native Method)
05-22 15:48:45.335 D/ExchangeService( 3216): Reconciling accounts...
05-22 15:48:45.335 V/a       ( 3216): Bind requested for task reconcileAccounts
05-22 15:48:45.382 D/ActivityThread( 6031): Loading provider com.pekall.semail.provider;com.pekall.semail.notifier: com.pekall.semail.provider.EmailProvider
05-22 15:48:45.413 V/a       ( 3216): Waiting for task reconcileAccounts to complete...
05-22 15:48:45.413 V/a       ( 3216): Connected: com.pekall.semail.service.AccountServiceInternal
05-22 15:48:45.421 V/a       ( 3216): Task reconcileAccounts completed; disconnecting
05-22 15:48:45.421 V/a       ( 3216): Wait for reconcileAccounts finished in 9ms
05-22 15:48:45.429 D/ExchangeService( 3216): !!! EAS ExchangeService, stopping self
05-22 15:48:45.445 D/ActivityThread( 6031): Loading provider com.pekall.semail.provider;com.pekall.semail.notifier: com.pekall.semail.provider.EmailProvider
05-22 15:48:45.468 D/dalvikvm( 6031): GC_CONCURRENT freed 551K, 6% free 9436K/10028K, paused 16ms+13ms, total 54ms
05-22 15:48:45.656 W/EmailProvider( 6031): restoreIfNeeded...
05-22 15:48:45.820 D/EmailProvider( 6031): restoreAccounts...
05-22 15:48:46.327 D/EmailProvider( 6031): No accounts to restore...
05-22 15:48:46.327 D/EmailProvider( 6031): Deleting orphans...
05-22 15:48:46.327 D/EmailProvider( 6031): EmailProvider pre-caching...
05-22 15:48:46.656 D/EmailProvider( 6031): EmailProvider ready.
05-22 15:48:46.827 W/ActivityManager(  375): Unable to start service Intent { cmp=com.pekall.emdm.launcher/com.pekall.semail.service.AttachmentDownloadService } U=0: not found
05-22 15:48:46.835 I/Email   ( 6031): Notifications being toggled: false
05-22 15:48:47.929 D/dalvikvm(  802): GC_EXPLICIT freed 12K, 24% free 12151K/15964K, paused 2ms+4ms, total 102ms
05-22 15:48:57.937 D/dalvikvm(  802): GC_EXPLICIT freed <1K, 24% free 12151K/15964K, paused 2ms+12ms, total 104ms
05-22 15:49:03.156 W/MountService(  375): getVolumeState(/storage/emulated/0/external_sd): Unknown volume
05-22 15:49:03.257 W/MountService(  375): getVolumeState(/mnt/sdcard-ext): Unknown volume
05-22 15:49:03.257 W/MountService(  375): getVolumeState(/mnt/ext_sdcard): Unknown volume
05-22 15:49:03.257 W/MountService(  375): getVolumeState(/mnt/sdcard2): Unknown volume
05-22 15:49:03.312 W/MountService(  375): getVolumeState(/mnt/emmc): Unknown volume
05-22 15:49:03.312 W/MountService(  375): getVolumeState(/mnt/extSdCard): Unknown volume
05-22 15:49:03.327 W/MountService(  375): getVolumeState(/mnt/sdcard/SD_CARD): Unknown volume
05-22 15:49:03.343 W/MountService(  375): getVolumeState(/mnt/sdcard/extra_sd): Unknown volume
05-22 15:49:03.390 W/MountService(  375): getVolumeState(/mnt/extrasd_bind): Unknown volume
05-22 15:49:03.390 W/MountService(  375): getVolumeState(/mnt/sdcard/ext_sd): Unknown volume
05-22 15:49:03.593 W/MountService(  375): getVolumeState(/storage/extSdCard): Unknown volume
05-22 15:49:03.609 W/MountService(  375): getVolumeState(/storage/sdcard1): Unknown volume
05-22 15:49:03.632 W/MountService(  375): getVolumeState(/mnt/sdcard/external_SD): Unknown volume
05-22 15:49:03.648 W/MountService(  375): getVolumeState(/mnt/sdcard/external_sd): Unknown volume
05-22 15:49:03.866 D/dalvikvm( 1693): GC_CONCURRENT freed 576K, 19% free 9451K/11532K, paused 3ms+3ms, total 891ms
05-22 15:49:03.866 D/dalvikvm( 1693): WAIT_FOR_CONCURRENT_GC blocked 203ms
05-22 15:49:04.140 D/dalvikvm( 1693): WAIT_FOR_CONCURRENT_GC blocked 413ms
05-22 15:49:04.531 W/Parcel  (  802): Attempt to read object from Parcel 0x5e0dfdac at offset 200 that is not in the object list
05-22 15:49:05.038 I/Process (  375): Sending signal. PID: 6031 SIG: 3
05-22 15:49:05.038 I/dalvikvm( 6031): threadid=3: reacting to signal 3
05-22 15:49:05.038 W/ActivityManager(  375): Timeout executing service: ServiceRecord{428ef990 u0 com.pekall.emdm.launcher/com.baidu.location.f}
05-22 15:49:05.241 I/Process (  375): Sending signal. PID: 375 SIG: 3
05-22 15:49:05.241 I/dalvikvm(  375): threadid=3: reacting to signal 3
05-22 15:49:05.288 D/dalvikvm( 6031): JIT unchain all for threadid=11
05-22 15:49:05.312 D/dalvikvm( 1693): GC_CONCURRENT freed 393K, 19% free 9443K/11532K, paused 10ms+3ms, total 113ms
05-22 15:49:05.351 I/dalvikvm( 6031): Wrote stack traces to '/data/anr/traces.txt'
05-22 15:49:08.749 I/dalvikvm(  375): Wrote stack traces to '/data/anr/traces.txt'
05-22 15:49:08.765 I/Process (  375): Sending signal. PID: 450 SIG: 3
05-22 15:49:08.765 I/dalvikvm(  450): threadid=3: reacting to signal 3
05-22 15:49:08.765 I/Process (  375): Sending signal. PID: 580 SIG: 3
05-22 15:49:08.765 I/dalvikvm(  580): threadid=3: reacting to signal 3
05-22 15:49:08.835 I/dalvikvm(  580): Wrote stack traces to '/data/anr/traces.txt'
05-22 15:49:08.835 I/Process (  375): Sending signal. PID: 587 SIG: 3
05-22 15:49:08.835 I/dalvikvm(  587): threadid=3: reacting to signal 3
05-22 15:49:08.882 I/dalvikvm(  450): Wrote stack traces to '/data/anr/traces.txt'
05-22 15:49:08.921 I/dalvikvm(  587): Wrote stack traces to '/data/anr/traces.txt'
05-22 15:49:09.234 D/dalvikvm(  375): GC_EXPLICIT freed 2324K, 14% free 19388K/22540K, paused 4ms+13ms, total 222ms
05-22 15:49:09.234 D/dalvikvm(  375): WAIT_FOR_CONCURRENT_GC blocked 30ms
05-22 15:49:09.343 D/dalvikvm(  375): GC_EXPLICIT freed 33K, 15% free 19357K/22540K, paused 5ms+9ms, total 107ms
05-22 15:49:09.945 I/Process (  375): Sending signal. PID: 3216 SIG: 3
05-22 15:49:09.945 I/dalvikvm( 3216): threadid=3: reacting to signal 3
05-22 15:49:10.140 I/Process (  375): Sending signal. PID: 1693 SIG: 3
05-22 15:49:10.140 I/dalvikvm( 1693): threadid=3: reacting to signal 3
05-22 15:49:10.195 D/dalvikvm( 3216): JIT unchain all for threadid=11
05-22 15:49:10.273 I/dalvikvm( 1693): Wrote stack traces to '/data/anr/traces.txt'
05-22 15:49:10.273 I/Process (  375): Sending signal. PID: 5584 SIG: 3
05-22 15:49:10.273 I/dalvikvm( 5584): threadid=3: reacting to signal 3
05-22 15:49:10.343 I/dalvikvm( 5584): Wrote stack traces to '/data/anr/traces.txt'
05-22 15:49:10.366 D/dalvikvm( 1693): GC_CONCURRENT freed 255K, 18% free 9468K/11532K, paused 14ms+3ms, total 94ms
05-22 15:49:10.366 E/ActivityManager(  375): ANR in com.pekall.emdm.launcher:remote
05-22 15:49:10.366 E/ActivityManager(  375): Reason: Executing service com.pekall.emdm.launcher/com.baidu.location.f
05-22 15:49:10.366 E/ActivityManager(  375): Load: 1.82 / 1.45 / 1.35
05-22 15:49:10.366 E/ActivityManager(  375): CPU usage from 44ms to -5301ms ago:
05-22 15:49:10.366 E/ActivityManager(  375):   84% 6031/com.pekall.emdm.launcher:remote: 84% user + 0.3% kernel / faults: 116 minor
05-22 15:49:10.366 E/ActivityManager(  375):   83% 3216/com.pekall.emdm.launcher: 82% user + 0.1% kernel / faults: 212 minor
05-22 15:49:10.366 E/ActivityManager(  375):   23% 375/system_server: 18% user + 4.8% kernel / faults: 501 minor
05-22 15:49:10.366 E/ActivityManager(  375):   3.1% 1693/com.qihoo.daemon: 2.6% user + 0.5% kernel / faults: 612 minor 2 major
05-22 15:49:10.366 E/ActivityManager(  375):   1.4% 450/com.android.systemui: 1.3% user + 0.1% kernel / faults: 20 minor
05-22 15:49:10.366 E/ActivityManager(  375):   0% 5584/android.process.media: 0% user + 0% kernel / faults: 162 minor
05-22 15:49:10.366 E/ActivityManager(  375):   0% 580/com.android.phone: 0% user + 0% kernel / faults: 32 minor
05-22 15:49:10.366 E/ActivityManager(  375):   0% 587/com.android.nfc: 0% user + 0% kernel / faults: 27 minor
05-22 15:49:10.366 E/ActivityManager(  375):   0.3% 81/mmcqd/0: 0% user + 0.3% kernel
05-22 15:49:10.366 E/ActivityManager(  375):   0% 133/sdcard: 0% user + 0% kernel
05-22 15:49:10.366 E/ActivityManager(  375):   0.1% 802/com.qihoo360.mobilesafe:GuardService: 0.1% user + 0% kernel / faults: 5 minor
05-22 15:49:10.366 E/ActivityManager(  375):   0% 5537/kworker/1:1: 0% user + 0% kernel
05-22 15:49:10.366 E/ActivityManager(  375): 99% TOTAL: 96% user + 3.2% kernel
05-22 15:49:10.366 E/ActivityManager(  375): CPU usage from 4303ms to 4839ms later:
05-22 15:49:10.366 E/ActivityManager(  375):   96% 6031/com.pekall.emdm.launcher:remote: 96% user + 0% kernel
05-22 15:49:10.366 E/ActivityManager(  375):     94% 6044/Thread-282: 94% user + 0% kernel
05-22 15:49:10.366 E/ActivityManager(  375):   87% 3216/com.pekall.emdm.launcher: 87% user + 0% kernel
05-22 15:49:10.366 E/ActivityManager(  375):     87% 3229/Thread-183: 87% user + 0% kernel
05-22 15:49:10.366 E/ActivityManager(  375):   7.4% 375/system_server: 1.8% user + 5.5% kernel / faults: 5 minor
05-22 15:49:10.366 E/ActivityManager(  375):     7.4% 391/ActivityManager: 3.7% user + 3.7% kernel
05-22 15:49:10.366 E/ActivityManager(  375):     1.8% 535/Binder_3: 1.8% user + 0% kernel
05-22 15:49:10.366 E/ActivityManager(  375):     1.8% 576/Binder_7: 0% user + 1.8% kernel
05-22 15:49:10.366 E/ActivityManager(  375):     1.8% 617/Binder_8: 1.8% user + 0% kernel
05-22 15:49:10.366 E/ActivityManager(  375):   1.1% 133/sdcard: 1.1% user + 0% kernel
05-22 15:49:10.366 E/ActivityManager(  375):   1.2% 1693/com.qihoo.daemon: 1.2% user + 0% kernel / faults: 35 minor
05-22 15:49:10.366 E/ActivityManager(  375):     2.5% 2546/pool-2-thread-2: 1.2% user + 1.2% kernel
05-22 15:49:10.366 E/ActivityManager(  375):   1.7% 5584/android.process.media: 1.7% user + 0% kernel / faults: 15 minor
05-22 15:49:10.366 E/ActivityManager(  375):     1.7% 5588/Compiler: 0% user + 1.7% kernel
05-22 15:49:10.366 E/ActivityManager(  375):     1.7% 5593/Binder_1: 1.7% user + 0% kernel
05-22 15:49:10.366 E/ActivityManager(  375): 100% TOTAL: 97% user + 2.7% kernel
05-22 15:49:10.366 W/ActivityManager(  375): Killing ProcessRecord{42674708 6031:com.pekall.emdm.launcher:remote/u0a10066}: background ANR
05-22 15:49:10.452 I/dalvikvm( 3216): Wrote stack traces to '/data/anr/traces.txt'
05-22 15:49:10.484 D/dalvikvm(  375): GC_FOR_ALLOC freed 1430K, 15% free 19277K/22540K, paused 101ms, total 101ms
05-22 15:49:10.523 W/MountService(  375): getVolumeState(/storage/emulated/0/external_sd): Unknown volume
05-22 15:49:10.523 W/MountService(  375): getVolumeState(/mnt/sdcard-ext): Unknown volume
05-22 15:49:10.523 W/MountService(  375): getVolumeState(/mnt/ext_sdcard): Unknown volume
05-22 15:49:10.523 W/MountService(  375): getVolumeState(/mnt/sdcard2): Unknown volume
05-22 15:49:10.523 W/MountService(  375): getVolumeState(/mnt/emmc): Unknown volume
05-22 15:49:10.523 W/MountService(  375): getVolumeState(/mnt/extSdCard): Unknown volume
05-22 15:49:10.523 W/MountService(  375): getVolumeState(/mnt/sdcard/SD_CARD): Unknown volume
05-22 15:49:10.523 I/ActivityManager(  375): Process com.pekall.emdm.launcher:remote (pid 6031) has died.
05-22 15:49:10.531 D/ExchangeService( 3216): !!! EAS ExchangeService, onDestroy
05-22 15:49:10.531 W/ActivityManager(  375): Scheduling restart of crashed service com.pekall.emdm.launcher/com.baidu.location.f in 1280000ms
05-22 15:49:10.531 W/MountService(  375): getVolumeState(/mnt/sdcard/extra_sd): Unknown volume
05-22 15:49:10.531 W/MountService(  375): getVolumeState(/mnt/extrasd_bind): Unknown volume
05-22 15:49:10.538 W/MountService(  375): getVolumeState(/mnt/sdcard/ext_sd): Unknown volume
05-22 15:49:10.538 W/MountService(  375): getVolumeState(/storage/extSdCard): Unknown volume
05-22 15:49:10.538 W/MountService(  375): getVolumeState(/storage/sdcard1): Unknown volume
05-22 15:49:10.546 W/MountService(  375): getVolumeState(/mnt/sdcard/external_SD): Unknown volume
05-22 15:49:10.546 W/MountService(  375): getVolumeState(/mnt/sdcard/external_sd): Unknown volume
05-22 15:49:45.773 I/EventLogService(  621): Aggregate from 1400743185605 (log), 1400743185605 (data)
05-22 15:49:45.827 I/ServiceDumpSys(  621): dumping service [account]
05-22 15:49:55.406 D/MdmService( 3216): [null:-1]->receiver action :com.pekall.mdm.action.MDM_ALARM
05-22 15:49:55.406 D/ProfileManager( 3216): [null:-1]->check policy checking :false
05-22 15:49:55.406 D/com.pekall.restrictions.policy( 3216): [null:-1]->allowBluetooth : null
05-22 15:49:55.406 D/com.pekall.restrictions.policy( 3216): [null:-1]->ensureSimulateLocation :null
05-22 15:49:55.413 D/com.pekall.restrictions.policy( 3216): [null:-1]->allowUseNetworkDate : null
05-22 15:49:55.413 E/DatabaseUtils(  375): Writing exception to parcel
05-22 15:49:55.413 E/DatabaseUtils(  375): java.lang.SecurityException: Permission denial: writing to secure settings requires android.permission.WRITE_SECURE_SETTINGS
05-22 15:49:55.413 E/DatabaseUtils(  375): 	at com.android.providers.settings.SettingsProvider.checkWritePermissions(SettingsProvider.java:279)
05-22 15:49:55.413 E/DatabaseUtils(  375): 	at com.android.providers.settings.SettingsProvider.insertForUser(SettingsProvider.java:897)
05-22 15:49:55.413 E/DatabaseUtils(  375): 	at com.android.providers.settings.SettingsProvider.callFromPackage(SettingsProvider.java:634)
05-22 15:49:55.413 E/DatabaseUtils(  375): 	at android.content.ContentProvider$Transport.call(ContentProvider.java:279)
05-22 15:49:55.413 E/DatabaseUtils(  375): 	at android.content.ContentProviderNative.onTransact(ContentProviderNative.java:273)
05-22 15:49:55.413 E/DatabaseUtils(  375): 	at android.os.Binder.execTransact(Binder.java:388)
05-22 15:49:55.413 E/DatabaseUtils(  375): 	at dalvik.system.NativeStart.run(Native Method)
05-22 15:49:55.421 D/com.pekall.restrictions.policy( 3216): [null:-1]->allowUseNetworkDate error
05-22 15:49:55.421 D/com.pekall.restrictions.policy( 3216): java.lang.SecurityException: Permission denial: writing to secure settings requires android.permission.WRITE_SECURE_SETTINGS
05-22 15:49:55.421 D/com.pekall.restrictions.policy( 3216): 	at android.os.Parcel.readException(Parcel.java:1431)
05-22 15:49:55.421 D/com.pekall.restrictions.policy( 3216): 	at android.database.DatabaseUtils.readExceptionFromParcel(DatabaseUtils.java:185)
05-22 15:49:55.421 D/com.pekall.restrictions.policy( 3216): 	at android.database.DatabaseUtils.readExceptionFromParcel(DatabaseUtils.java:137)
05-22 15:49:55.421 D/com.pekall.restrictions.policy( 3216): 	at android.content.ContentProviderProxy.call(ContentProviderNative.java:602)
05-22 15:49:55.421 D/com.pekall.restrictions.policy( 3216): 	at android.provider.Settings$NameValueCache.putStringForUser(Settings.java:818)
05-22 15:49:55.421 D/com.pekall.restrictions.policy( 3216): 	at android.provider.Settings$Global.putStringForUser(Settings.java:5529)
05-22 15:49:55.421 D/com.pekall.restrictions.policy( 3216): 	at android.provider.Settings$Global.putString(Settings.java:5519)
05-22 15:49:55.421 D/com.pekall.restrictions.policy( 3216): 	at android.provider.Settings$Global.putInt(Settings.java:5607)
05-22 15:49:55.421 D/com.pekall.restrictions.policy( 3216): 	at com.pekall.emdm.b.c.b.j.c(Unknown Source)
05-22 15:49:55.421 D/com.pekall.restrictions.policy( 3216): 	at com.pekall.emdm.b.c.b.j.h(Unknown Source)
05-22 15:49:55.421 D/com.pekall.restrictions.policy( 3216): 	at com.pekall.emdm.b.c.e.run(Unknown Source)
05-22 15:49:55.421 D/com.pekall.restrictions.policy( 3216): [null:-1]->allowNFC : null
05-22 15:49:55.429 D/InnerClass( 3216): [null:-1]->enableNfc : 
05-22 15:49:55.429 D/InnerClass( 3216): java.lang.reflect.InvocationTargetException
05-22 15:49:55.429 D/InnerClass( 3216): 	at java.lang.reflect.Method.invokeNative(Native Method)
05-22 15:49:55.429 D/InnerClass( 3216): 	at java.lang.reflect.Method.invoke(Method.java:525)
05-22 15:49:55.429 D/InnerClass( 3216): 	at com.pekall.emdm.c.i.a(Unknown Source)
05-22 15:49:55.429 D/InnerClass( 3216): 	at com.pekall.emdm.c.c.a(Unknown Source)
05-22 15:49:55.429 D/InnerClass( 3216): 	at com.pekall.emdm.b.c.b.j.b(Unknown Source)
05-22 15:49:55.429 D/InnerClass( 3216): 	at com.pekall.emdm.b.c.b.j.h(Unknown Source)
05-22 15:49:55.429 D/InnerClass( 3216): 	at com.pekall.emdm.b.c.e.run(Unknown Source)
05-22 15:49:55.429 D/InnerClass( 3216): Caused by: java.lang.SecurityException: WRITE_SECURE_SETTINGS permission required: Neither user 10066 nor current process has android.permission.WRITE_SECURE_SETTINGS.
05-22 15:49:55.429 D/InnerClass( 3216): 	at android.os.Parcel.readException(Parcel.java:1431)
05-22 15:49:55.429 D/InnerClass( 3216): 	at android.os.Parcel.readException(Parcel.java:1385)
05-22 15:49:55.429 D/InnerClass( 3216): 	at android.nfc.INfcAdapter$Stub$Proxy.disable(INfcAdapter.java:252)
05-22 15:49:55.429 D/InnerClass( 3216): 	at android.nfc.NfcAdapter.disable(NfcAdapter.java:574)
05-22 15:49:55.429 D/InnerClass( 3216): 	... 7 more
05-22 15:50:02.945 W/MountService(  375): getVolumeState(/storage/emulated/0/external_sd): Unknown volume
05-22 15:50:02.945 W/MountService(  375): getVolumeState(/mnt/sdcard-ext): Unknown volume
05-22 15:50:02.945 W/MountService(  375): getVolumeState(/mnt/ext_sdcard): Unknown volume
05-22 15:50:02.945 W/MountService(  375): getVolumeState(/mnt/sdcard2): Unknown volume
05-22 15:50:02.945 W/MountService(  375): getVolumeState(/mnt/emmc): Unknown volume
05-22 15:50:02.952 W/MountService(  375): getVolumeState(/mnt/extSdCard): Unknown volume
05-22 15:50:02.952 W/MountService(  375): getVolumeState(/mnt/sdcard/SD_CARD): Unknown volume
05-22 15:50:02.952 W/MountService(  375): getVolumeState(/mnt/sdcard/extra_sd): Unknown volume
05-22 15:50:02.952 W/MountService(  375): getVolumeState(/mnt/extrasd_bind): Unknown volume
05-22 15:50:02.952 W/MountService(  375): getVolumeState(/mnt/sdcard/ext_sd): Unknown volume
05-22 15:50:02.952 W/MountService(  375): getVolumeState(/storage/extSdCard): Unknown volume
05-22 15:50:02.952 W/MountService(  375): getVolumeState(/storage/sdcard1): Unknown volume
05-22 15:50:02.952 W/MountService(  375): getVolumeState(/mnt/sdcard/external_SD): Unknown volume
05-22 15:50:02.960 W/MountService(  375): getVolumeState(/mnt/sdcard/external_sd): Unknown volume
05-22 15:50:02.984 D/dalvikvm( 1693): GC_CONCURRENT freed 528K, 19% free 9446K/11532K, paused 3ms+2ms, total 50ms
05-22 15:50:02.984 D/dalvikvm( 1693): WAIT_FOR_CONCURRENT_GC blocked 20ms
05-22 15:50:02.991 D/dalvikvm( 1693): WAIT_FOR_CONCURRENT_GC blocked 17ms
05-22 15:50:03.132 I/ActivityManager(  375): No longer want android.process.media (pid 5584): empty for 1801s
05-22 15:50:03.140 W/ActivityManager(  375): Scheduling restart of crashed service com.android.providers.media/.MtpService in 5000ms
05-22 15:50:03.187 I/ActivityManager(  375): Start proc android.process.media for content provider com.android.providers.media/.MediaProvider: pid=6068 uid=10015 gids={50015, 1015, 1023, 1024, 1028, 2001, 3003, 3007}
05-22 15:50:03.241 W/Parcel  (  802): Attempt to read object from Parcel 0x5dfdfdac at offset 200 that is not in the object list
05-22 15:50:03.320 D/MtpService( 6068): updating state; isCurrentUser=true, mMtpLocked=false
05-22 15:50:03.320 D/MtpService( 6068): addStorageLocked 65537 /storage/emulated/0
05-22 15:50:03.320 D/MtpService( 6068): updating state; isCurrentUser=true, mMtpLocked=false
05-22 15:50:03.343 D/MtpService( 6068): starting MTP server in MTP mode
05-22 15:50:03.343 D/MtpService( 6068): addStorageLocked 65537 /storage/emulated/0
05-22 15:50:03.491 D/dalvikvm( 1693): GC_CONCURRENT freed 445K, 18% free 9513K/11532K, paused 10ms+3ms, total 56ms
05-22 15:50:03.491 D/dalvikvm( 1693): WAIT_FOR_CONCURRENT_GC blocked 21ms
05-22 15:50:03.499 D/dalvikvm( 1693): WAIT_FOR_CONCURRENT_GC blocked 20ms
05-22 15:50:03.507 W/MountService(  375): getVolumeState(/storage/emulated/0/external_sd): Unknown volume
05-22 15:50:03.507 W/MountService(  375): getVolumeState(/mnt/sdcard-ext): Unknown volume
05-22 15:50:03.507 W/MountService(  375): getVolumeState(/mnt/ext_sdcard): Unknown volume
05-22 15:50:03.507 W/MountService(  375): getVolumeState(/mnt/sdcard2): Unknown volume
05-22 15:50:03.507 W/MountService(  375): getVolumeState(/mnt/emmc): Unknown volume
05-22 15:50:03.507 W/MountService(  375): getVolumeState(/mnt/extSdCard): Unknown volume
05-22 15:50:03.507 W/MountService(  375): getVolumeState(/mnt/sdcard/SD_CARD): Unknown volume
05-22 15:50:03.507 W/MountService(  375): getVolumeState(/mnt/sdcard/extra_sd): Unknown volume
05-22 15:50:03.507 W/MountService(  375): getVolumeState(/mnt/extrasd_bind): Unknown volume
05-22 15:50:03.515 W/MountService(  375): getVolumeState(/mnt/sdcard/ext_sd): Unknown volume
05-22 15:50:03.515 W/MountService(  375): getVolumeState(/storage/extSdCard): Unknown volume
05-22 15:50:03.515 W/MountService(  375): getVolumeState(/storage/sdcard1): Unknown volume
05-22 15:50:03.515 W/MountService(  375): getVolumeState(/mnt/sdcard/external_SD): Unknown volume
05-22 15:50:03.515 W/MountService(  375): getVolumeState(/mnt/sdcard/external_sd): Unknown volume
05-22 15:50:03.624 D/dalvikvm( 1693): GC_CONCURRENT freed 489K, 19% free 9445K/11532K, paused 3ms+3ms, total 30ms
05-22 15:50:21.843 D/dalvikvm( 5687): GC_CONCURRENT freed 547K, 6% free 9755K/10340K, paused 3ms+4ms, total 47ms
05-22 15:50:21.843 D/dalvikvm( 5687): WAIT_FOR_CONCURRENT_GC blocked 18ms
05-22 15:50:45.038 D/dalvikvm(  802): GC_EXPLICIT freed 174K, 24% free 12153K/15964K, paused 3ms+5ms, total 55ms
05-22 15:50:50.101 D/dalvikvm(  802): GC_EXPLICIT freed 1K, 24% free 12151K/15964K, paused 2ms+4ms, total 54ms
05-22 15:51:00.109 D/dalvikvm(  802): GC_EXPLICIT freed <1K, 24% free 12151K/15964K, paused 3ms+5ms, total 62ms
05-22 15:51:03.015 W/MountService(  375): getVolumeState(/storage/emulated/0/external_sd): Unknown volume
05-22 15:51:03.015 W/MountService(  375): getVolumeState(/mnt/sdcard-ext): Unknown volume
05-22 15:51:03.015 W/MountService(  375): getVolumeState(/mnt/ext_sdcard): Unknown volume
05-22 15:51:03.015 W/MountService(  375): getVolumeState(/mnt/sdcard2): Unknown volume
05-22 15:51:03.015 W/MountService(  375): getVolumeState(/mnt/emmc): Unknown volume
05-22 15:51:03.015 W/MountService(  375): getVolumeState(/mnt/extSdCard): Unknown volume
05-22 15:51:03.015 W/MountService(  375): getVolumeState(/mnt/sdcard/SD_CARD): Unknown volume
05-22 15:51:03.023 W/MountService(  375): getVolumeState(/mnt/sdcard/extra_sd): Unknown volume
05-22 15:51:03.023 W/MountService(  375): getVolumeState(/mnt/extrasd_bind): Unknown volume
05-22 15:51:03.023 W/MountService(  375): getVolumeState(/mnt/sdcard/ext_sd): Unknown volume
05-22 15:51:03.023 W/MountService(  375): getVolumeState(/storage/extSdCard): Unknown volume
05-22 15:51:03.023 W/MountService(  375): getVolumeState(/storage/sdcard1): Unknown volume
05-22 15:51:03.023 W/MountService(  375): getVolumeState(/mnt/sdcard/external_SD): Unknown volume
05-22 15:51:03.023 W/MountService(  375): getVolumeState(/mnt/sdcard/external_sd): Unknown volume
05-22 15:51:03.156 D/dalvikvm( 1693): GC_CONCURRENT freed 305K, 17% free 9573K/11532K, paused 4ms+4ms, total 34ms
05-22 15:51:03.327 W/MountService(  375): getVolumeState(/storage/emulated/0/external_sd): Unknown volume
05-22 15:51:03.327 W/MountService(  375): getVolumeState(/mnt/sdcard-ext): Unknown volume
05-22 15:51:03.327 W/MountService(  375): getVolumeState(/mnt/ext_sdcard): Unknown volume
05-22 15:51:03.327 W/MountService(  375): getVolumeState(/mnt/sdcard2): Unknown volume
05-22 15:51:03.327 W/MountService(  375): getVolumeState(/mnt/emmc): Unknown volume
05-22 15:51:03.327 W/MountService(  375): getVolumeState(/mnt/extSdCard): Unknown volume
05-22 15:51:03.327 W/MountService(  375): getVolumeState(/mnt/sdcard/SD_CARD): Unknown volume
05-22 15:51:03.335 W/MountService(  375): getVolumeState(/mnt/sdcard/extra_sd): Unknown volume
05-22 15:51:03.335 W/MountService(  375): getVolumeState(/mnt/extrasd_bind): Unknown volume
05-22 15:51:03.335 W/MountService(  375): getVolumeState(/mnt/sdcard/ext_sd): Unknown volume
05-22 15:51:03.335 W/MountService(  375): getVolumeState(/storage/extSdCard): Unknown volume
05-22 15:51:03.335 W/MountService(  375): getVolumeState(/storage/sdcard1): Unknown volume
05-22 15:51:03.335 W/MountService(  375): getVolumeState(/mnt/sdcard/external_SD): Unknown volume
05-22 15:51:03.335 W/MountService(  375): getVolumeState(/mnt/sdcard/external_sd): Unknown volume
05-22 15:51:03.382 D/dalvikvm( 1693): GC_CONCURRENT freed 621K, 18% free 9461K/11532K, paused 4ms+3ms, total 41ms
05-22 15:51:04.679 W/Parcel  (  802): Attempt to read object from Parcel 0x5ed47dac at offset 200 that is not in the object list
05-22 15:52:03.062 W/MountService(  375): getVolumeState(/storage/emulated/0/external_sd): Unknown volume
05-22 15:52:03.062 W/MountService(  375): getVolumeState(/mnt/sdcard-ext): Unknown volume
05-22 15:52:03.062 W/MountService(  375): getVolumeState(/mnt/ext_sdcard): Unknown volume
05-22 15:52:03.062 W/MountService(  375): getVolumeState(/mnt/sdcard2): Unknown volume
05-22 15:52:03.070 W/MountService(  375): getVolumeState(/mnt/emmc): Unknown volume
05-22 15:52:03.070 W/MountService(  375): getVolumeState(/mnt/extSdCard): Unknown volume
05-22 15:52:03.070 W/MountService(  375): getVolumeState(/mnt/sdcard/SD_CARD): Unknown volume
05-22 15:52:03.070 W/MountService(  375): getVolumeState(/mnt/sdcard/extra_sd): Unknown volume
05-22 15:52:03.070 W/MountService(  375): getVolumeState(/mnt/extrasd_bind): Unknown volume
05-22 15:52:03.070 W/MountService(  375): getVolumeState(/mnt/sdcard/ext_sd): Unknown volume
05-22 15:52:03.070 W/MountService(  375): getVolumeState(/storage/extSdCard): Unknown volume
05-22 15:52:03.070 W/MountService(  375): getVolumeState(/storage/sdcard1): Unknown volume
05-22 15:52:03.070 W/MountService(  375): getVolumeState(/mnt/sdcard/external_SD): Unknown volume
05-22 15:52:03.070 W/MountService(  375): getVolumeState(/mnt/sdcard/external_sd): Unknown volume
05-22 15:52:03.140 D/dalvikvm( 1693): GC_CONCURRENT freed 505K, 18% free 9460K/11532K, paused 3ms+3ms, total 61ms
05-22 15:52:03.140 D/dalvikvm( 1693): WAIT_FOR_CONCURRENT_GC blocked 22ms
05-22 15:52:03.421 W/MountService(  375): getVolumeState(/storage/emulated/0/external_sd): Unknown volume
05-22 15:52:03.421 W/MountService(  375): getVolumeState(/mnt/sdcard-ext): Unknown volume
05-22 15:52:03.421 W/MountService(  375): getVolumeState(/mnt/ext_sdcard): Unknown volume
05-22 15:52:03.421 W/MountService(  375): getVolumeState(/mnt/sdcard2): Unknown volume
05-22 15:52:03.421 W/MountService(  375): getVolumeState(/mnt/emmc): Unknown volume
05-22 15:52:03.429 W/MountService(  375): getVolumeState(/mnt/extSdCard): Unknown volume
05-22 15:52:03.429 W/MountService(  375): getVolumeState(/mnt/sdcard/SD_CARD): Unknown volume
05-22 15:52:03.437 W/MountService(  375): getVolumeState(/mnt/sdcard/extra_sd): Unknown volume
05-22 15:52:03.437 W/MountService(  375): getVolumeState(/mnt/extrasd_bind): Unknown volume
05-22 15:52:03.437 W/MountService(  375): getVolumeState(/mnt/sdcard/ext_sd): Unknown volume
05-22 15:52:03.445 W/MountService(  375): getVolumeState(/storage/extSdCard): Unknown volume
05-22 15:52:03.445 W/MountService(  375): getVolumeState(/storage/sdcard1): Unknown volume
05-22 15:52:03.445 W/MountService(  375): getVolumeState(/mnt/sdcard/external_SD): Unknown volume
05-22 15:52:03.445 W/MountService(  375): getVolumeState(/mnt/sdcard/external_sd): Unknown volume
05-22 15:52:03.468 D/dalvikvm( 6068): GC_CONCURRENT freed 206K, 3% free 9049K/9292K, paused 2ms+3ms, total 112ms
05-22 15:52:03.476 D/dalvikvm( 1693): GC_CONCURRENT freed 491K, 18% free 9478K/11532K, paused 6ms+3ms, total 70ms
05-22 15:52:03.476 D/dalvikvm( 1693): WAIT_FOR_CONCURRENT_GC blocked 34ms
05-22 15:52:03.484 D/dalvikvm( 1693): WAIT_FOR_CONCURRENT_GC blocked 35ms
05-22 15:52:43.187 D/dalvikvm(  802): GC_EXPLICIT freed 173K, 24% free 12153K/15964K, paused 4ms+4ms, total 55ms
05-22 15:52:48.241 D/dalvikvm(  802): GC_EXPLICIT freed 1K, 24% free 12151K/15964K, paused 2ms+5ms, total 54ms
05-22 15:52:58.249 D/dalvikvm(  802): GC_EXPLICIT freed <1K, 24% free 12151K/15964K, paused 3ms+5ms, total 54ms
05-22 15:53:03.140 W/MountService(  375): getVolumeState(/storage/emulated/0/external_sd): Unknown volume
05-22 15:53:03.140 W/MountService(  375): getVolumeState(/mnt/sdcard-ext): Unknown volume
05-22 15:53:03.140 W/MountService(  375): getVolumeState(/mnt/ext_sdcard): Unknown volume
05-22 15:53:03.140 W/MountService(  375): getVolumeState(/mnt/sdcard2): Unknown volume
05-22 15:53:03.140 W/MountService(  375): getVolumeState(/mnt/emmc): Unknown volume
05-22 15:53:03.140 W/MountService(  375): getVolumeState(/mnt/extSdCard): Unknown volume
05-22 15:53:03.140 W/MountService(  375): getVolumeState(/mnt/sdcard/SD_CARD): Unknown volume
05-22 15:53:03.148 W/MountService(  375): getVolumeState(/mnt/sdcard/extra_sd): Unknown volume
05-22 15:53:03.148 W/MountService(  375): getVolumeState(/mnt/extrasd_bind): Unknown volume
05-22 15:53:03.148 W/MountService(  375): getVolumeState(/mnt/sdcard/ext_sd): Unknown volume
05-22 15:53:03.148 W/MountService(  375): getVolumeState(/storage/extSdCard): Unknown volume
05-22 15:53:03.148 W/MountService(  375): getVolumeState(/storage/sdcard1): Unknown volume
05-22 15:53:03.156 W/MountService(  375): getVolumeState(/mnt/sdcard/external_SD): Unknown volume
05-22 15:53:03.156 W/MountService(  375): getVolumeState(/mnt/sdcard/external_sd): Unknown volume
05-22 15:53:03.179 D/dalvikvm( 1693): GC_CONCURRENT freed 496K, 18% free 9493K/11532K, paused 3ms+3ms, total 48ms
05-22 15:53:03.179 D/dalvikvm( 1693): WAIT_FOR_CONCURRENT_GC blocked 17ms
05-22 15:53:03.187 D/dalvikvm( 1693): WAIT_FOR_CONCURRENT_GC blocked 23ms
05-22 15:53:03.484 D/dalvikvm( 1693): GC_CONCURRENT freed 528K, 18% free 9470K/11532K, paused 13ms+3ms, total 52ms
05-22 15:53:03.484 D/dalvikvm( 1693): WAIT_FOR_CONCURRENT_GC blocked 17ms
05-22 15:53:03.491 D/dalvikvm( 1693): WAIT_FOR_CONCURRENT_GC blocked 16ms
05-22 15:53:03.491 W/MountService(  375): getVolumeState(/storage/emulated/0/external_sd): Unknown volume
05-22 15:53:03.491 W/MountService(  375): getVolumeState(/mnt/sdcard-ext): Unknown volume
05-22 15:53:03.499 W/MountService(  375): getVolumeState(/mnt/ext_sdcard): Unknown volume
05-22 15:53:03.499 W/MountService(  375): getVolumeState(/mnt/sdcard2): Unknown volume
05-22 15:53:03.499 W/MountService(  375): getVolumeState(/mnt/emmc): Unknown volume
05-22 15:53:03.499 W/MountService(  375): getVolumeState(/mnt/extSdCard): Unknown volume
05-22 15:53:03.499 W/MountService(  375): getVolumeState(/mnt/sdcard/SD_CARD): Unknown volume
05-22 15:53:03.499 W/MountService(  375): getVolumeState(/mnt/sdcard/extra_sd): Unknown volume
05-22 15:53:03.499 W/MountService(  375): getVolumeState(/mnt/extrasd_bind): Unknown volume
05-22 15:53:03.507 W/MountService(  375): getVolumeState(/mnt/sdcard/ext_sd): Unknown volume
05-22 15:53:03.507 W/MountService(  375): getVolumeState(/storage/extSdCard): Unknown volume
05-22 15:53:03.507 W/MountService(  375): getVolumeState(/storage/sdcard1): Unknown volume
05-22 15:53:03.507 W/MountService(  375): getVolumeState(/mnt/sdcard/external_SD): Unknown volume
05-22 15:53:03.507 W/MountService(  375): getVolumeState(/mnt/sdcard/external_sd): Unknown volume
05-22 15:53:04.781 W/Parcel  (  802): Attempt to read object from Parcel 0x5f747dac at offset 200 that is not in the object list
05-22 15:53:04.812 D/dalvikvm( 1693): GC_CONCURRENT freed 504K, 19% free 9448K/11532K, paused 6ms+6ms, total 36ms
05-22 15:54:03.195 W/MountService(  375): getVolumeState(/storage/emulated/0/external_sd): Unknown volume
05-22 15:54:03.202 W/MountService(  375): getVolumeState(/mnt/sdcard-ext): Unknown volume
05-22 15:54:03.202 W/MountService(  375): getVolumeState(/mnt/ext_sdcard): Unknown volume
05-22 15:54:03.202 W/MountService(  375): getVolumeState(/mnt/sdcard2): Unknown volume
05-22 15:54:03.202 W/MountService(  375): getVolumeState(/mnt/emmc): Unknown volume
05-22 15:54:03.202 W/MountService(  375): getVolumeState(/mnt/extSdCard): Unknown volume
05-22 15:54:03.202 W/MountService(  375): getVolumeState(/mnt/sdcard/SD_CARD): Unknown volume
05-22 15:54:03.202 W/MountService(  375): getVolumeState(/mnt/sdcard/extra_sd): Unknown volume
05-22 15:54:03.202 W/MountService(  375): getVolumeState(/mnt/extrasd_bind): Unknown volume
05-22 15:54:03.210 W/MountService(  375): getVolumeState(/mnt/sdcard/ext_sd): Unknown volume
05-22 15:54:03.210 W/MountService(  375): getVolumeState(/storage/extSdCard): Unknown volume
05-22 15:54:03.210 W/MountService(  375): getVolumeState(/storage/sdcard1): Unknown volume
05-22 15:54:03.210 W/MountService(  375): getVolumeState(/mnt/sdcard/external_SD): Unknown volume
05-22 15:54:03.210 W/MountService(  375): getVolumeState(/mnt/sdcard/external_sd): Unknown volume
05-22 15:54:03.343 D/dalvikvm( 1693): GC_CONCURRENT freed 334K, 17% free 9575K/11532K, paused 3ms+4ms, total 34ms
05-22 15:54:03.523 W/MountService(  375): getVolumeState(/storage/emulated/0/external_sd): Unknown volume
05-22 15:54:03.531 W/MountService(  375): getVolumeState(/mnt/sdcard-ext): Unknown volume
05-22 15:54:03.531 W/MountService(  375): getVolumeState(/mnt/ext_sdcard): Unknown volume
05-22 15:54:03.531 W/MountService(  375): getVolumeState(/mnt/sdcard2): Unknown volume
05-22 15:54:03.531 W/MountService(  375): getVolumeState(/mnt/emmc): Unknown volume
05-22 15:54:03.531 W/MountService(  375): getVolumeState(/mnt/extSdCard): Unknown volume
05-22 15:54:03.531 W/MountService(  375): getVolumeState(/mnt/sdcard/SD_CARD): Unknown volume
05-22 15:54:03.531 W/MountService(  375): getVolumeState(/mnt/sdcard/extra_sd): Unknown volume
05-22 15:54:03.531 W/MountService(  375): getVolumeState(/mnt/extrasd_bind): Unknown volume
05-22 15:54:03.531 W/MountService(  375): getVolumeState(/mnt/sdcard/ext_sd): Unknown volume
05-22 15:54:03.531 W/MountService(  375): getVolumeState(/storage/extSdCard): Unknown volume
05-22 15:54:03.531 W/MountService(  375): getVolumeState(/storage/sdcard1): Unknown volume
05-22 15:54:03.531 W/MountService(  375): getVolumeState(/mnt/sdcard/external_SD): Unknown volume
05-22 15:54:03.538 W/MountService(  375): getVolumeState(/mnt/sdcard/external_sd): Unknown volume
05-22 15:54:03.577 D/dalvikvm( 1693): GC_CONCURRENT freed 594K, 18% free 9462K/11532K, paused 4ms+3ms, total 39ms
05-22 15:54:19.859 D/dalvikvm( 5687): GC_CONCURRENT freed 516K, 7% free 9624K/10340K, paused 3ms+2ms, total 27ms
05-22 15:54:21.976 D/dalvikvm( 5687): GC_CONCURRENT freed 379K, 6% free 9756K/10340K, paused 3ms+2ms, total 34ms
05-22 15:54:21.976 D/dalvikvm( 5687): WAIT_FOR_CONCURRENT_GC blocked 20ms
05-22 15:54:43.327 D/dalvikvm(  802): GC_EXPLICIT freed 173K, 24% free 12153K/15964K, paused 3ms+4ms, total 55ms
05-22 15:54:48.382 D/dalvikvm(  802): GC_EXPLICIT freed 1K, 24% free 12151K/15964K, paused 3ms+4ms, total 54ms
05-22 15:54:55.406 D/MdmService( 3216): [null:-1]->receiver action :com.pekall.mdm.action.MDM_ALARM
05-22 15:54:55.406 D/MdmService( 3216): [null:-1]->keepAliveWithPushServer client is opened:true
05-22 15:54:55.406 D/MDM :   ( 3216): [null:-1]->ping!!!!!!!!!
05-22 15:54:55.413 D/MdmService( 3216): [null:-1]->pushUrl : ws://test.mdm.everknow.cn:9090/websocket
05-22 15:54:55.413 D/MDM :   ( 3216): [null:-1]->mMdmPushClient is :not null
05-22 15:54:55.413 D/MDM :   ( 3216): [null:-1]->mMdmPushClient opened : opened
05-22 15:54:55.421 D/MdmStatusManager( 3216): [null:-1]->change status to : Busy
05-22 15:54:55.421 I/TransInfo( 3216): TransInfo created, id: 3, class: class com.pekall.emdm.transaction.c.b
05-22 15:54:55.421 D/NetworkThread( 3216): [null:-1]->----isRunning-----true
05-22 15:54:55.421 D/NetworkThread( 3216): [null:-1]->----isRunning-----true
05-22 15:54:55.421 D/NetworkThread( 3216): [null:-1]->thread wakeup
05-22 15:54:55.421 D/MDM :   ( 3216): [null:-1]->MSG_WEBSOCKET_PONG
05-22 15:54:55.429 D/NetworkThread( 3216): [null:-1]->sendHttpPost:PostRequest, url: http://192.168.10.21/rest/mdm/v1/ios/android_server, Params: [content:<?xml version="1.0" encoding="UTF-8"?>
05-22 15:54:55.429 D/NetworkThread( 3216): <!DOCTYPE plist PUBLIC "-//Apple//DTD PLIST 1.0//EN" "http://www.apple.com/DTDs/PropertyList-1.0.dtd">
05-22 15:54:55.429 D/NetworkThread( 3216): <plist version="1.0">
05-22 15:54:55.429 D/NetworkThread( 3216): <dict>
05-22 15:54:55.429 D/NetworkThread( 3216): 	<key>Status</key>
05-22 15:54:55.429 D/NetworkThread( 3216): 	<string>Idle</string>
05-22 15:54:55.429 D/NetworkThread( 3216): 	<key>UDID</key>
05-22 15:54:55.429 D/NetworkThread( 3216): 	<string>00013fbc8ecec5b90000014622a3b70b</string>
05-22 15:54:55.429 D/NetworkThread( 3216): </dict>
05-22 15:54:55.429 D/NetworkThread( 3216): </plist>], 
05-22 15:54:55.429 D/HttpClient( 3216): enable apache.http debug
05-22 15:54:55.445 V/DEBUG   ( 3216): HTTP 0
05-22 15:54:58.390 D/dalvikvm(  802): GC_EXPLICIT freed <1K, 24% free 12151K/15964K, paused 2ms+5ms, total 54ms
05-22 15:55:00.663 D/MDM :   ( 3216): [null:-1]->statusCode : 200
05-22 15:55:00.671 D/MDM :   ( 3216): [null:-1]->statusCode : 200
05-22 15:55:00.671 V/DEBUG   ( 3216): HTTP 1
05-22 15:55:00.671 D/MDM :   ( 3216): [null:-1]->Get joson string: 
05-22 15:55:00.671 D/NetworkThread( 3216): [null:-1]->clear mCurrentTransInfo
05-22 15:55:00.671 D/NetworkThread( 3216): [null:-1]->queue is empty, thread wait...
05-22 15:55:00.773 D/MdmService( 3216): [null:-1]->handleCheckInResult
05-22 15:55:00.773 D/MdmService( 3216): [null:-1]->handleCheckInResult result keyIndex: 3
05-22 15:55:00.773 D/HandleCommandTask( 3216): [null:-1]->execute command msg but beanBase is null
05-22 15:55:00.773 D/MdmStatusManager( 3216): [null:-1]->change status to : Idle
05-22 15:55:03.249 W/MountService(  375): getVolumeState(/storage/emulated/0/external_sd): Unknown volume
05-22 15:55:03.249 W/MountService(  375): getVolumeState(/mnt/sdcard-ext): Unknown volume
05-22 15:55:03.249 W/MountService(  375): getVolumeState(/mnt/ext_sdcard): Unknown volume
05-22 15:55:03.257 W/MountService(  375): getVolumeState(/mnt/sdcard2): Unknown volume
05-22 15:55:03.257 W/MountService(  375): getVolumeState(/mnt/emmc): Unknown volume
05-22 15:55:03.257 W/MountService(  375): getVolumeState(/mnt/extSdCard): Unknown volume
05-22 15:55:03.257 W/MountService(  375): getVolumeState(/mnt/sdcard/SD_CARD): Unknown volume
05-22 15:55:03.257 W/MountService(  375): getVolumeState(/mnt/sdcard/extra_sd): Unknown volume
05-22 15:55:03.257 W/MountService(  375): getVolumeState(/mnt/extrasd_bind): Unknown volume
05-22 15:55:03.257 W/MountService(  375): getVolumeState(/mnt/sdcard/ext_sd): Unknown volume
05-22 15:55:03.257 W/MountService(  375): getVolumeState(/storage/extSdCard): Unknown volume
05-22 15:55:03.265 W/MountService(  375): getVolumeState(/storage/sdcard1): Unknown volume
05-22 15:55:03.265 W/MountService(  375): getVolumeState(/mnt/sdcard/external_SD): Unknown volume
05-22 15:55:03.265 W/MountService(  375): getVolumeState(/mnt/sdcard/external_sd): Unknown volume
05-22 15:55:03.335 D/dalvikvm( 1693): GC_CONCURRENT freed 466K, 18% free 9461K/11532K, paused 3ms+8ms, total 63ms
05-22 15:55:03.437 I/ActivityManager(  375): No longer want com.google.android.apps.maps:LocationFriendService (pid 5721): empty for 1801s
05-22 15:55:03.437 I/ActivityManager(  375): No longer want com.google.android.apps.maps:FriendService (pid 5709): empty for 1801s
05-22 15:55:03.437 I/ActivityManager(  375): No longer want com.google.android.apps.maps:GoogleLocationService (pid 5687): empty for 1802s
05-22 15:55:03.460 W/ActivityManager(  375): Scheduling restart of crashed service com.google.android.apps.maps/com.google.android.location.internal.server.GoogleLocationService in 5000ms
05-22 15:55:03.593 D/dalvikvm(  375): GC_EXPLICIT freed 1694K, 16% free 19033K/22540K, paused 3ms+10ms, total 100ms
05-22 15:55:03.734 W/MountService(  375): getVolumeState(/storage/emulated/0/external_sd): Unknown volume
05-22 15:55:03.734 W/MountService(  375): getVolumeState(/mnt/sdcard-ext): Unknown volume
05-22 15:55:03.734 W/MountService(  375): getVolumeState(/mnt/ext_sdcard): Unknown volume
05-22 15:55:03.734 W/MountService(  375): getVolumeState(/mnt/sdcard2): Unknown volume
05-22 15:55:03.734 W/MountService(  375): getVolumeState(/mnt/emmc): Unknown volume
05-22 15:55:03.741 W/MountService(  375): getVolumeState(/mnt/extSdCard): Unknown volume
05-22 15:55:03.741 W/MountService(  375): getVolumeState(/mnt/sdcard/SD_CARD): Unknown volume
05-22 15:55:03.741 W/MountService(  375): getVolumeState(/mnt/sdcard/extra_sd): Unknown volume
05-22 15:55:03.741 W/MountService(  375): getVolumeState(/mnt/extrasd_bind): Unknown volume
05-22 15:55:03.741 W/MountService(  375): getVolumeState(/mnt/sdcard/ext_sd): Unknown volume
05-22 15:55:03.741 W/MountService(  375): getVolumeState(/storage/extSdCard): Unknown volume
05-22 15:55:03.741 W/MountService(  375): getVolumeState(/storage/sdcard1): Unknown volume
05-22 15:55:03.741 W/MountService(  375): getVolumeState(/mnt/sdcard/external_SD): Unknown volume
05-22 15:55:03.741 W/MountService(  375): getVolumeState(/mnt/sdcard/external_sd): Unknown volume
05-22 15:55:03.765 D/dalvikvm( 1693): GC_CONCURRENT freed 459K, 18% free 9503K/11532K, paused 3ms+3ms, total 45ms
05-22 15:55:03.765 D/dalvikvm( 1693): WAIT_FOR_CONCURRENT_GC blocked 15ms
05-22 15:55:03.765 D/dalvikvm( 1693): WAIT_FOR_CONCURRENT_GC blocked 12ms
05-22 15:55:04.890 W/Parcel  (  802): Attempt to read object from Parcel 0x5e0dfdac at offset 200 that is not in the object list
05-22 15:55:04.945 D/dalvikvm( 1693): GC_CONCURRENT freed 459K, 19% free 9449K/11532K, paused 3ms+3ms, total 26ms
05-22 15:55:08.476 I/ActivityManager(  375): Start proc com.google.android.apps.maps:GoogleLocationService for service com.google.android.apps.maps/com.google.android.location.internal.server.GoogleLocationService: pid=6100 uid=10038 gids={50038, 3003, 1015, 1028}
05-22 15:55:08.491 I/ActivityManager(  375): No longer want com.dragon.android.pandaspace:bdservice_v1 (pid 5741): empty for 1801s
05-22 15:55:08.491 I/ActivityManager(  375): No longer want com.dragon.android.pandaspace (pid 1064): empty for 4389s
05-22 15:55:08.773 W/Parcel  (  802): Attempt to read object from Parcel 0x5dfdfdac at offset 200 that is not in the object list
05-22 15:55:08.788 W/ActivityManager(  375): Scheduling restart of crashed service com.dragon.android.pandaspace/com.baidu.android.moplus.MoPlusService in 5000ms
05-22 15:55:08.796 W/ActivityManager(  375): Scheduling restart of crashed service com.dragon.android.pandaspace/com.dragon.pandaspace.download.flow.DownloadTaskService in 14996ms
