05-19 17:59:10.359 D/MDM :   (12519): [null:-1]->zzzzz   ------------------mWidthTemp >getWidth()() 
05-19 17:59:10.359 V/CounterTextView(12519): xxxxxxx   136
05-19 17:59:10.438 D/dalvikvm(15261): GC_CONCURRENT freed 209K, 3% free 9110K/9348K, paused 2ms+7ms, total 42ms
05-19 17:59:10.477 W/MountService(  374): getVolumeState(/storage/emulated/0/external_sd): Unknown volume
05-19 17:59:10.477 W/MountService(  374): getVolumeState(/mnt/sdcard-ext): Unknown volume
05-19 17:59:10.477 W/MountService(  374): getVolumeState(/mnt/ext_sdcard): Unknown volume
05-19 17:59:10.484 W/MountService(  374): getVolumeState(/mnt/sdcard2): Unknown volume
05-19 17:59:10.484 W/MountService(  374): getVolumeState(/mnt/emmc): Unknown volume
05-19 17:59:10.484 W/MountService(  374): getVolumeState(/mnt/extSdCard): Unknown volume
05-19 17:59:10.484 W/MountService(  374): getVolumeState(/mnt/sdcard/SD_CARD): Unknown volume
05-19 17:59:10.484 W/MountService(  374): getVolumeState(/mnt/sdcard/extra_sd): Unknown volume
05-19 17:59:10.492 W/MountService(  374): getVolumeState(/mnt/extrasd_bind): Unknown volume
05-19 17:59:10.492 W/MountService(  374): getVolumeState(/mnt/sdcard/ext_sd): Unknown volume
05-19 17:59:10.492 W/MountService(  374): getVolumeState(/storage/extSdCard): Unknown volume
05-19 17:59:10.492 W/MountService(  374): getVolumeState(/storage/sdcard1): Unknown volume
05-19 17:59:10.492 W/MountService(  374): getVolumeState(/mnt/sdcard/external_SD): Unknown volume
05-19 17:59:10.492 W/MountService(  374): getVolumeState(/mnt/sdcard/external_sd): Unknown volume
05-19 17:59:10.524 D/dalvikvm( 1468): GC_CONCURRENT freed 592K, 20% free 9541K/11844K, paused 3ms+3ms, total 28ms
05-19 17:59:10.524 D/dalvikvm( 1468): WAIT_FOR_CONCURRENT_GC blocked 2ms
05-19 17:59:10.828 D/MDM :   (12519): [null:-1]->statusCode : 200
05-19 17:59:10.828 D/MDM :   (12519): [null:-1]->statusCode : 200
05-19 17:59:10.828 V/DEBUG   (12519): HTTP 1
05-19 17:59:10.836 D/MDM :   (12519): [null:-1]->read network input stream
05-19 17:59:10.844 D/MDM :   (12519): [null:-1]->Get joson string: <?xml version="1.0" encoding="UTF-8"?>
05-19 17:59:10.844 D/MDM :   (12519): <!DOCTYPE plist PUBLIC "-//Apple//DTD PLIST 1.0//EN" "http://www.apple.com/DTDs/PropertyList-1.0.dtd">
05-19 17:59:10.844 D/MDM :   (12519): <plist version="1.0">
05-19 17:59:10.844 D/MDM :   (12519): <dict>
05-19 17:59:10.844 D/MDM :   (12519): 	<key>CommandUUID</key>
05-19 17:59:10.844 D/MDM :   (12519): 	<string>322c456d-c2a1-4529-8dc3-f674a17ca36d</string>
05-19 17:59:10.844 D/MDM :   (12519): 	<key>Command</key>
05-19 17:59:10.844 D/MDM :   (12519): 	<dict>
05-19 17:59:10.844 D/MDM :   (12519): 		<key>RequestType</key>
05-19 17:59:10.844 D/MDM :   (12519): 		<string>Location</string>
05-19 17:59:10.844 D/MDM :   (12519): 	</dict>
05-19 17:59:10.844 D/MDM :   (12519): </dict>
05-19 17:59:10.844 D/MDM :   (12519): </plist>
05-19 17:59:10.852 D/MdmDatabaseHelper(12519): [null:-1]->update command b2a78b90-6ac8-497d-aace-594f592a8893 to status executed
05-19 17:59:10.883 D/CheckInTransInfo(12519): [null:-1]->CommandMsg : CommandMsg{CommandUUID='322c456d-c2a1-4529-8dc3-f674a17ca36d', Command=CommandObject{RequestType='Location'}}
05-19 17:59:10.922 D/NetworkThread(12519): [null:-1]->clear mCurrentTransInfo
05-19 17:59:10.922 D/NetworkThread(12519): [null:-1]->queue is empty, thread wait...
05-19 17:59:11.024 D/MdmService(12519): [null:-1]->handleCheckInResult
05-19 17:59:11.024 D/MdmService(12519): [null:-1]->handleCheckInResult result keyIndex: 3
05-19 17:59:11.031 D/CommandManager(12519): [null:-1]->execute command: CommandMsg{CommandUUID='322c456d-c2a1-4529-8dc3-f674a17ca36d', Command=CommandObject{RequestType='Location'}}
05-19 17:59:11.047 W/Parcel  ( 1661): Attempt to read object from Parcel 0x5ef3bdac at offset 200 that is not in the object list
05-19 17:59:11.047 D/MdmService(12519): [null:-1]->receiver action :com.pekall.mdm.action.LOCATION
05-19 17:59:11.055 D/dalvikvm(15476): Late-enabling CheckJNI
05-19 17:59:11.063 I/ActivityManager(  374): Start proc com.pekall.emdm.launcher:remote for service com.pekall.emdm.launcher/com.baidu.location.f: pid=15476 uid=10066 gids={50066, 1015, 3002, 3001, 3003, 1028}
05-19 17:59:11.149 V/MyServiceConnection(15476): [SConnection] sandbox service is NOT installed.
05-19 17:59:11.149 V/MyServiceConnection(15476): [SConnection] binding service: pekall.intent.action.SANDBOX_SERVICE
05-19 17:59:11.156 D/ScClassLoader(15476): >> SOURCE FILE: /data/data/com.pekall.emdm.launcher/app_jars/sc-jdk15on-1.47.0.2.dex.jar
05-19 17:59:11.211 D/dalvikvm(15476): GC_CONCURRENT freed 152K, 3% free 9273K/9468K, paused 3ms+3ms, total 31ms
05-19 17:59:11.219 W/Parcel  ( 1661): Attempt to read object from Parcel 0x5dfd3dac at offset 200 that is not in the object list
05-19 17:59:11.219 W/Parcel  ( 1661): Attempt to read object from Parcel 0x6003bdac at offset 200 that is not in the object list
05-19 17:59:11.219 D/Email   (15476): Email: init sandbox at the beginning.
05-19 17:59:11.219 V/MyServiceConnection(15476): [SConnection] retry to bind service
05-19 17:59:11.227 V/MyServiceConnection(15476): [SConnection] sandbox service is NOT installed.
05-19 17:59:11.227 V/MyServiceConnection(15476): [SConnection] binding service: pekall.intent.action.SANDBOX_SERVICE
05-19 17:59:11.250 V/MyServiceConnection(15476): [SConnection] retry to bind service
05-19 17:59:11.250 V/MyServiceConnection(15476): [SConnection] sandbox service is NOT installed.
05-19 17:59:11.250 V/MyServiceConnection(15476): [SConnection] binding service: pekall.intent.action.SANDBOX_SERVICE
05-19 17:59:11.266 V/l       (15476): Bind requested for task setLogging
05-19 17:59:11.266 D/ExchangeService(12519): !!! EAS ExchangeService, onCreate
05-19 17:59:11.274 W/Parcel  ( 1661): Attempt to read object from Parcel 0x5ded3dac at offset 200 that is not in the object list
05-19 17:59:11.274 D/ExchangeService(12519): !!! EAS ExchangeService, onStartCommand, startingUp = false, running = false
05-19 17:59:11.274 D/ExchangeService(12519): to start secureStorageService now
05-19 17:59:11.281 V/a       (12519): Bind requested for task test
05-19 17:59:11.289 V/a       (12519): Connected: com.pekall.semail.service.AccountServiceInternal
05-19 17:59:11.297 D/ExchangeService(12519): Reconciling accounts...
05-19 17:59:11.297 V/a       (12519): Bind requested for task reconcileAccounts
05-19 17:59:11.297 V/a       (12519): Connected: com.pekall.semail.service.AccountServiceInternal
05-19 17:59:11.305 V/a       (12519): Waiting for task reconcileAccounts to complete...
05-19 17:59:11.305 V/a       (12519): Connection test succeeded in 26ms
05-19 17:59:11.305 V/a       (12519): Task test completed; disconnecting
05-19 17:59:11.328 V/a       (12519): Task reconcileAccounts completed; disconnecting
05-19 17:59:11.359 D/dalvikvm(15476): GC_CONCURRENT freed 185K, 3% free 9599K/9824K, paused 5ms+15ms, total 33ms
05-19 17:59:11.359 D/dalvikvm(15476): WAIT_FOR_CONCURRENT_GC blocked 1ms
05-19 17:59:11.359 D/dalvikvm(15476): WAIT_FOR_CONCURRENT_GC blocked 2ms
05-19 17:59:11.359 D/dalvikvm(15476): WAIT_FOR_CONCURRENT_GC blocked 3ms
05-19 17:59:11.359 D/dalvikvm(15476): WAIT_FOR_CONCURRENT_GC blocked 3ms
05-19 17:59:11.367 V/a       (12519): Wait for reconcileAccounts finished in 68ms
05-19 17:59:11.367 D/ExchangeService(12519): !!! EAS ExchangeService, stopping self
05-19 17:59:11.367 D/dalvikvm(15476): WAIT_FOR_CONCURRENT_GC blocked 14ms
05-19 17:59:11.399 D/ActivityThread(15476): Loading provider com.pekall.semail.provider;com.pekall.semail.notifier: com.pekall.semail.provider.EmailProvider
05-19 17:59:11.414 W/DocumentManager(15476): Sandbox service is not connected.
05-19 17:59:11.414 D/MessageControllerImpl(15476): controller is null
05-19 17:59:11.414 V/MyServiceConnection(15476): [SConnection] retry to bind service
05-19 17:59:11.414 V/MyServiceConnection(15476): [SConnection] sandbox service is NOT installed.
05-19 17:59:11.414 V/MyServiceConnection(15476): [SConnection] binding service: pekall.intent.action.SANDBOX_SERVICE
05-19 17:59:11.414 W/SQLiteOpenHelper(15476): Opened /data/data/com.pekall.emdm.launcher/databases/message.db
05-19 17:59:11.414 W/dalvikvm(15476): No implementation found for native Lcom/pekall/sandbox/database/sqlite/SQLiteDatabase;.native_setSqliteSoftHeapLimit:(I)V
05-19 17:59:11.414 D/AndroidRuntime(15476): Shutting down VM
05-19 17:59:11.414 W/dalvikvm(15476): threadid=1: thread exiting with uncaught exception (group=0x419c8700)
05-19 17:59:11.414 D/        (15476): [---null: -1---]  Thread is main
05-19 17:59:11.414 W/System.err(15476): java.lang.UnsatisfiedLinkError: Native method not found: com.pekall.sandbox.database.sqlite.SQLiteDatabase.native_setSqliteSoftHeapLimit:(I)V
05-19 17:59:11.422 W/System.err(15476): 	at com.pekall.sandbox.database.sqlite.SQLiteDatabase.native_setSqliteSoftHeapLimit(Native Method)
05-19 17:59:11.422 W/System.err(15476): 	at com.pekall.sandbox.database.sqlite.SQLiteDatabase.<init>(Unknown Source)
05-19 17:59:11.422 W/System.err(15476): 	at com.pekall.sandbox.database.sqlite.SQLiteDatabase.openDatabase(Unknown Source)
05-19 17:59:11.422 W/System.err(15476): 	at com.pekall.sandbox.database.sqlite.SQLiteDatabase.openDatabase(Unknown Source)
05-19 17:59:11.422 W/System.err(15476): 	at com.pekall.sandbox.database.sqlite.SQLiteDatabase.openDatabase(Unknown Source)
05-19 17:59:11.422 W/System.err(15476): 	at com.pekall.sandbox.database.sqlite.SQLiteOpenHelper.getWritableDatabase(Unknown Source)
05-19 17:59:11.422 W/System.err(15476): 	at com.pekall.emdm.messagecenter.db.a.a(Unknown Source)
05-19 17:59:11.422 W/System.err(15476): 	at com.pekall.emdm.messagecenter.db.a.b(Unknown Source)
05-19 17:59:11.422 W/System.err(15476): 	at com.pekall.emdm.messagecenter.activity.a.onCreate(Unknown Source)
05-19 17:59:11.422 W/System.err(15476): 	at com.pekall.emdm.launcher.LauncherApplication.onCreate(Unknown Source)
05-19 17:59:11.422 W/System.err(15476): 	at android.app.Instrumentation.callApplicationOnCreate(Instrumentation.java:1007)
05-19 17:59:11.422 W/System.err(15476): 	at android.app.ActivityThread.handleBindApplication(ActivityThread.java:4444)
05-19 17:59:11.422 W/System.err(15476): 	at android.app.ActivityThread.access$1300(ActivityThread.java:141)
05-19 17:59:11.422 W/System.err(15476): 	at android.app.ActivityThread$H.handleMessage(ActivityThread.java:1316)
05-19 17:59:11.422 W/System.err(15476): 	at android.os.Handler.dispatchMessage(Handler.java:99)
05-19 17:59:11.422 W/System.err(15476): 	at android.os.Looper.loop(Looper.java:137)
05-19 17:59:11.422 W/System.err(15476): 	at android.app.ActivityThread.main(ActivityThread.java:5103)
05-19 17:59:11.422 W/System.err(15476): 	at java.lang.reflect.Method.invokeNative(Native Method)
05-19 17:59:11.422 W/System.err(15476): 	at java.lang.reflect.Method.invoke(Method.java:525)
05-19 17:59:11.430 W/System.err(15476): 	at com.android.internal.os.ZygoteInit$MethodAndArgsCaller.run(ZygoteInit.java:737)
05-19 17:59:11.430 W/System.err(15476): 	at com.android.internal.os.ZygoteInit.main(ZygoteInit.java:553)
05-19 17:59:11.430 W/System.err(15476): 	at dalvik.system.NativeStart.main(Native Method)
05-19 17:59:11.453 D/ActivityThread(15476): Loading provider com.pekall.semail.provider;com.pekall.semail.notifier: com.pekall.semail.provider.EmailProvider
05-19 17:59:11.594 D/dalvikvm(15476): GC_CONCURRENT freed 523K, 6% free 9494K/10060K, paused 2ms+3ms, total 38ms
05-19 17:59:11.688 W/EmailProvider(15476): restoreIfNeeded...
05-19 17:59:12.586 D/EmailProvider(15476): restoreAccounts...
05-19 17:59:14.047 D/EmailProvider(15476): No accounts to restore...
05-19 17:59:14.055 D/EmailProvider(15476): Deleting orphans...
05-19 17:59:14.211 D/EmailProvider(15476): EmailProvider pre-caching...
05-19 17:59:14.727 D/EmailProvider(15476): EmailProvider ready.
05-19 17:59:14.859 W/ActivityManager(  374): Unable to start service Intent { cmp=com.pekall.emdm.launcher/com.pekall.semail.service.AttachmentDownloadService } U=0: not found
05-19 17:59:14.875 I/Email   (15476): Notifications being toggled: false
05-19 17:59:17.516 D/dalvikvm(10683): GC_CONCURRENT freed 746K, 9% free 9492K/10380K, paused 17ms+1ms, total 407ms
05-19 17:59:23.844 D/LightsService(  374): Excessive delay setting light: 75ms
05-19 17:59:23.984 D/LightsService(  374): Excessive delay setting light: 81ms
05-19 17:59:24.211 D/LightsService(  374): Excessive delay setting light: 64ms
05-19 17:59:24.336 D/LightsService(  374): Excessive delay setting light: 55ms
05-19 17:59:29.758 I/PowerManagerService(  374): Going to sleep due to screen timeout...
05-19 17:59:30.563 D/dalvikvm(  374): GC_FOR_ALLOC freed 2313K, 24% free 20684K/27176K, paused 108ms, total 108ms
05-19 17:59:30.563 D/SurfaceFlinger(  124): Screen released, type=0 flinger=0x40e95478
05-19 17:59:30.570 D/LauncherApplication(12519): [null:-1]->onActivityPaused
05-19 17:59:30.633 D/LauncherApplication(12519): [null:-1]->onActivityPaused  updateTime
05-19 17:59:30.734 D/dalvikvm(10683): GC_FOR_ALLOC freed 124K, 6% free 9611K/10184K, paused 69ms, total 70ms
05-19 17:59:30.734 I/dalvikvm-heap(10683): Grow heap (frag case) to 9.633MB for 221232-byte allocation
05-19 17:59:30.766 W/InputMethodManagerService(  374): Window already focused, ignoring focus gain of: com.android.internal.view.IInputMethodClient$Stub$Proxy@42a771d0 attribute=android.view.inputmethod.EditorInfo@42dcb2a8, token = android.os.BinderProxy@42d52ac8
05-19 17:59:30.789 D/dalvikvm(10683): GC_FOR_ALLOC freed <1K, 6% free 9827K/10404K, paused 52ms, total 52ms
05-19 17:59:30.797 W/Parcel  ( 1661): Attempt to read object from Parcel 0x5dfd3dac at offset 200 that is not in the object list
05-19 17:59:30.953 D/NfcService(  568): NFC-C OFF, disconnect
05-19 17:59:30.961 V/MDM :   (12519): [null:-1]->Screen receiver is called.
05-19 17:59:30.969 W/Parcel  ( 1661): Attempt to read object from Parcel 0x6003bdac at offset 200 that is not in the object list
05-19 17:59:30.984 W/Parcel  ( 1661): Attempt to read object from Parcel 0x5dfd3dac at offset 200 that is not in the object list
05-19 17:59:31.102 W/ActivityManager(  374): Timeout executing service: ServiceRecord{428c3d68 u0 com.pekall.emdm.launcher/com.baidu.location.f}
05-19 17:59:31.109 I/Process (  374): Sending signal. PID: 15476 SIG: 3
05-19 17:59:31.109 I/dalvikvm(15476): threadid=3: reacting to signal 3
05-19 17:59:31.305 I/Process (  374): Sending signal. PID: 374 SIG: 3
05-19 17:59:31.305 I/dalvikvm(  374): threadid=3: reacting to signal 3
05-19 17:59:31.359 D/dalvikvm(15476): JIT unchain all for threadid=11
05-19 17:59:31.406 I/dalvikvm(15476): Wrote stack traces to '/data/anr/traces.txt'
05-19 17:59:32.555 I/Choreographer(  576): Skipped 44 frames!  The application may be doing too much work on its main thread.
05-19 17:59:36.391 I/dalvikvm(  374): Wrote stack traces to '/data/anr/traces.txt'
05-19 17:59:36.391 I/Process (  374): Sending signal. PID: 448 SIG: 3
05-19 17:59:36.391 I/dalvikvm(  448): threadid=3: reacting to signal 3
05-19 17:59:36.414 I/Process (  374): Sending signal. PID: 561 SIG: 3
05-19 17:59:36.414 I/dalvikvm(  561): threadid=3: reacting to signal 3
05-19 17:59:36.422 I/Process (  374): Sending signal. PID: 568 SIG: 3
05-19 17:59:36.422 I/dalvikvm(  568): threadid=3: reacting to signal 3
05-19 17:59:36.641 I/dalvikvm(  561): Wrote stack traces to '/data/anr/traces.txt'
05-19 17:59:36.695 I/dalvikvm(  448): Wrote stack traces to '/data/anr/traces.txt'
05-19 17:59:36.914 I/dalvikvm(  568): Wrote stack traces to '/data/anr/traces.txt'
05-19 17:59:37.109 D/dalvikvm(  374): GC_EXPLICIT freed 3140K, 27% free 19850K/27176K, paused 4ms+10ms, total 112ms
05-19 17:59:37.758 I/Process (  374): Sending signal. PID: 12519 SIG: 3
05-19 17:59:37.758 I/dalvikvm(12519): threadid=3: reacting to signal 3
05-19 17:59:38.000 E/ActivityManager(  374): ANR in com.pekall.emdm.launcher:remote
05-19 17:59:38.000 E/ActivityManager(  374): Reason: Executing service com.pekall.emdm.launcher/com.baidu.location.f
05-19 17:59:38.000 E/ActivityManager(  374): Load: 1.93 / 1.55 / 1.61
05-19 17:59:38.000 E/ActivityManager(  374): CPU usage from 535ms to -6854ms ago:
05-19 17:59:38.000 E/ActivityManager(  374):   82% 12519/com.pekall.emdm.launcher: 82% user + 0.1% kernel / faults: 220 minor
05-19 17:59:38.000 E/ActivityManager(  374):   81% 15476/com.pekall.emdm.launcher:remote: 81% user + 0.1% kernel / faults: 117 minor
05-19 17:59:38.000 E/ActivityManager(  374):   23% 374/system_server: 18% user + 4.5% kernel / faults: 489 minor
05-19 17:59:38.000 E/ActivityManager(  374):   3.7% 15458/uiautomator: 3.3% user + 0.4% kernel / faults: 240 minor 3 major
05-19 17:59:38.000 E/ActivityManager(  374):   2.9% 448/com.android.systemui: 2% user + 0.9% kernel / faults: 195 minor
05-19 17:59:38.000 E/ActivityManager(  374):   1.2% 124/surfaceflinger: 0.1% user + 1% kernel / faults: 1998 minor
05-19 17:59:38.000 E/ActivityManager(  374):   1.2% 10683/com.dragon.android.pandaspace: 1.2% user + 0% kernel / faults: 388 minor 1 major
05-19 17:59:38.000 E/ActivityManager(  374):   0.8% 561/com.android.phone: 0.5% user + 0.2% kernel / faults: 74 minor
05-19 17:59:38.000 E/ActivityManager(  374):   0% 568/com.android.nfc: 0% user + 0% kernel / faults: 117 minor 2 major
05-19 17:59:38.000 E/ActivityManager(  374):   0.5% 1661/com.qihoo360.mobilesafe:GuardService: 0% user + 0.5% kernel / faults: 73 minor
05-19 17:59:38.000 E/ActivityManager(  374):   0.2% 135/adbd: 0.1% user + 0.1% kernel
05-19 17:59:38.000 E/ActivityManager(  374):   0.1% 92/dhd_dpc: 0% user + 0.1% kernel
05-19 17:59:38.000 E/ActivityManager(  374):   0% 106/flush-179:0: 0% user + 0% kernel
05-19 17:59:38.000 E/ActivityManager(  374):   0% 576/com.android.launcher: 0% user + 0% kernel / faults: 20 minor
05-19 17:59:38.000 E/ActivityManager(  374):   0% 10785/com.tencent.android.qqdownloader: 0% user + 0% kernel / faults: 12 minor
05-19 17:59:38.000 E/ActivityManager(  374):   0.1% 15156/com.nd.assistance.ServerService: 0% user + 0.1% kernel / faults: 4 minor
05-19 17:59:38.000 E/ActivityManager(  374):   0.1% 15233/kworker/0:0: 0% user + 0.1% kernel
05-19 17:59:38.000 E/ActivityManager(  374):   0% 15306/com.dragon.android.pandaspace:bdservice_v1: 0% user + 0% kernel / faults: 77 minor
05-19 17:59:38.000 E/ActivityManager(  374): 99% TOTAL: 94% user + 4.8% kernel + 0% softirq
05-19 17:59:38.000 E/ActivityManager(  374): CPU usage from 6004ms to 6548ms later:
05-19 17:59:38.000 E/ActivityManager(  374):   86% 15476/com.pekall.emdm.launcher:remote: 86% user + 0% kernel
05-19 17:59:38.000 E/ActivityManager(  374):     88% 15489/Thread-792: 88% user + 0% kernel
05-19 17:59:38.000 E/ActivityManager(  374):   85% 12519/com.pekall.emdm.launcher: 85% user + 0% kernel
05-19 17:59:38.000 E/ActivityManager(  374):     85% 12532/Thread-642: 85% user + 0% kernel
05-19 17:59:38.000 E/ActivityManager(  374):   5.3% 124/surfaceflinger: 1% user + 4.2% kernel / faults: 1695 minor
05-19 17:59:38.000 E/ActivityManager(  374):     3.1% 151/SurfaceFlinger: 1% user + 2.1% kernel
05-19 17:59:38.000 E/ActivityManager(  374):     1% 693/Binder_4: 0% user + 1% kernel
05-19 17:59:38.000 E/ActivityManager(  374):   7.2% 374/system_server: 0% user + 7.2% kernel
05-19 17:59:38.000 E/ActivityManager(  374):     7.2% 390/ActivityManager: 1.8% user + 5.4% kernel
05-19 17:59:38.000 E/ActivityManager(  374):   5.4% 15458/uiautomator: 2.7% user + 2.7% kernel / faults: 170 minor 3 major
05-19 17:59:38.000 E/ActivityManager(  374):     4.1% 15458/uiautomator: 2.7% user + 1.3% kernel
05-19 17:59:38.000 E/ActivityManager(  374): 98% TOTAL: 88% user + 9.1% kernel
05-19 17:59:38.000 W/ActivityManager(  374): Killing ProcessRecord{42cfb3d8 15476:com.pekall.emdm.launcher:remote/u0a10066}: background ANR
05-19 17:59:38.024 D/dalvikvm(12519): JIT unchain all for threadid=11
05-19 17:59:38.172 D/dalvikvm(  374): GC_FOR_ALLOC freed 1504K, 28% free 19693K/27176K, paused 153ms, total 153ms
05-19 17:59:38.172 I/ActivityManager(  374): Process com.pekall.emdm.launcher:remote (pid 15476) has died.
05-19 17:59:38.172 W/ActivityManager(  374): Scheduling restart of crashed service com.pekall.emdm.launcher/com.baidu.location.f in 5000ms
05-19 17:59:38.281 D/MdmService(12519): [null:-1]->receiver action :com.pekall.mdm.action.MDM_ALARM
05-19 17:59:38.297 D/ExchangeService(12519): !!! EAS ExchangeService, onDestroy
05-19 17:59:38.297 I/dalvikvm(12519): Wrote stack traces to '/data/anr/traces.txt'
05-19 17:59:38.438 V/KeyguardHostView(  374): hide transport, gen:1
05-19 17:59:38.438 V/KeyguardHostView(  374): music state changed: 0
05-19 17:59:38.469 D/PhoneStatusBar(  448): disable: < expand icons alerts ticker system_info back home RECENT* clock SEARCH* >
05-19 17:59:38.516 V/TAG     (  374): bug 7643792: fitSystemWindows([0,50][0,0])
05-19 17:59:38.633 D/PhoneStatusBar(  448): disable: < expand icons alerts ticker system_info BACK* HOME* RECENT CLOCK* SEARCH >
05-19 17:59:38.719 I/AndroidRuntime(15458): VM exiting with result code 0.
05-19 17:59:42.633 D/MDM :   (12519): [null:-1]->Location timeout, set latitude and longitude -1
05-19 17:59:42.641 D/CommandManager(12519): [null:-1]->requestType: Location
05-19 17:59:42.641 D/MdmDatabaseHelper(12519): [null:-1]->update command 322c456d-c2a1-4529-8dc3-f674a17ca36d to commandStatus <?xml version="1.0" encoding="UTF-8"?>
05-19 17:59:42.641 D/MdmDatabaseHelper(12519): <!DOCTYPE plist PUBLIC "-//Apple//DTD PLIST 1.0//EN" "http://www.apple.com/DTDs/PropertyList-1.0.dtd">
05-19 17:59:42.641 D/MdmDatabaseHelper(12519): <plist version="1.0">
05-19 17:59:42.641 D/MdmDatabaseHelper(12519): <dict>
05-19 17:59:42.641 D/MdmDatabaseHelper(12519): 	<key>Latitude</key>
05-19 17:59:42.641 D/MdmDatabaseHelper(12519): 	<real>-1.0</real>
05-19 17:59:42.641 D/MdmDatabaseHelper(12519): 	<key>Longitude</key>
05-19 17:59:42.641 D/MdmDatabaseHelper(12519): 	<real>-1.0</real>
05-19 17:59:42.641 D/MdmDatabaseHelper(12519): 	<key>CommandUUID</key>
05-19 17:59:42.641 D/MdmDatabaseHelper(12519): 	<string>322c456d-c2a1-4529-8dc3-f674a17ca36d</string>
05-19 17:59:42.641 D/MdmDatabaseHelper(12519): 	<key>Status</key>
05-19 17:59:42.641 D/MdmDatabaseHelper(12519): 	<string>Error</string>
05-19 17:59:42.641 D/MdmDatabaseHelper(12519): 	<key>UDID</key>
05-19 17:59:42.641 D/MdmDatabaseHelper(12519): 	<string>00013fbc8ecec5b90000014613abe64a</string>
05-19 17:59:42.641 D/MdmDatabaseHelper(12519): </dict>
05-19 17:59:42.641 D/MdmDatabaseHelper(12519): </plist>
05-19 17:59:42.672 I/TransInfo(12519): TransInfo created, id: 3, class: class com.pekall.emdm.transaction.c.b
05-19 17:59:42.680 D/NetworkThread(12519): [null:-1]->----isRunning-----true
05-19 17:59:42.680 D/NetworkThread(12519): [null:-1]->----isRunning-----true
05-19 17:59:42.680 D/NetworkThread(12519): [null:-1]->thread wakeup
05-19 17:59:42.680 D/NetworkThread(12519): [null:-1]->sendHttpPost:PostRequest, url: http://192.168.10.21/rest/mdm/v1/ios/android_server, Params: [content:<?xml version="1.0" encoding="UTF-8"?>
05-19 17:59:42.680 D/NetworkThread(12519): <!DOCTYPE plist PUBLIC "-//Apple//DTD PLIST 1.0//EN" "http://www.apple.com/DTDs/PropertyList-1.0.dtd">
05-19 17:59:42.680 D/NetworkThread(12519): <plist version="1.0">
05-19 17:59:42.680 D/NetworkThread(12519): <dict>
05-19 17:59:42.680 D/NetworkThread(12519): 	<key>Latitude</key>
05-19 17:59:42.680 D/NetworkThread(12519): 	<real>-1.0</real>
05-19 17:59:42.680 D/NetworkThread(12519): 	<key>Longitude</key>
05-19 17:59:42.680 D/NetworkThread(12519): 	<real>-1.0</real>
05-19 17:59:42.680 D/NetworkThread(12519): 	<key>CommandUUID</key>
05-19 17:59:42.680 D/NetworkThread(12519): 	<string>322c456d-c2a1-4529-8dc3-f674a17ca36d</string>
05-19 17:59:42.680 D/NetworkThread(12519): 	<key>Status</key>
05-19 17:59:42.680 D/NetworkThread(12519): 	<string>Error</string>
05-19 17:59:42.680 D/NetworkThread(12519): 	<key>UDID</key>
05-19 17:59:42.680 D/NetworkThread(12519): 	<string>00013fbc8ecec5b90000014613abe64a</string>
05-19 17:59:42.680 D/NetworkThread(12519): </dict>
05-19 17:59:42.680 D/NetworkThread(12519): </plist>], 
05-19 17:59:42.680 D/HttpClient(12519): enable apache.http debug
05-19 17:59:42.695 V/DEBUG   (12519): HTTP 0
05-19 17:59:42.922 D/MDM :   (12519): [null:-1]->statusCode : 200
05-19 17:59:42.922 D/MDM :   (12519): [null:-1]->statusCode : 200
05-19 17:59:42.922 V/DEBUG   (12519): HTTP 1
05-19 17:59:42.930 D/MDM :   (12519): [null:-1]->Get joson string: 
05-19 17:59:42.930 D/MdmDatabaseHelper(12519): [null:-1]->update command 322c456d-c2a1-4529-8dc3-f674a17ca36d to status executed
05-19 17:59:42.961 D/NetworkThread(12519): [null:-1]->clear mCurrentTransInfo
05-19 17:59:42.961 D/NetworkThread(12519): [null:-1]->queue is empty, thread wait...
05-19 17:59:43.031 D/MdmService(12519): [null:-1]->handleCheckInResult
05-19 17:59:43.031 D/MdmService(12519): [null:-1]->handleCheckInResult result keyIndex: 3
05-19 17:59:43.031 D/HandleCommandTask(12519): [null:-1]->execute command msg but beanBase is null
05-19 17:59:43.031 D/MdmStatusManager(12519): [null:-1]->change status to : Idle
05-19 17:59:43.188 D/dalvikvm(15516): Late-enabling CheckJNI
05-19 17:59:43.203 I/ActivityManager(  374): Start proc com.pekall.emdm.launcher:remote for service com.pekall.emdm.launcher/com.baidu.location.f: pid=15516 uid=10066 gids={50066, 1015, 3002, 3001, 3003, 1028}
05-19 17:59:43.242 V/MyServiceConnection(15516): [SConnection] sandbox service is NOT installed.
05-19 17:59:43.250 V/MyServiceConnection(15516): [SConnection] binding service: pekall.intent.action.SANDBOX_SERVICE
05-19 17:59:43.250 D/ScClassLoader(15516): >> SOURCE FILE: /data/data/com.pekall.emdm.launcher/app_jars/sc-jdk15on-1.47.0.2.dex.jar
05-19 17:59:43.305 W/Parcel  ( 1661): Attempt to read object from Parcel 0x5ef3bdac at offset 200 that is not in the object list
05-19 17:59:43.305 W/Parcel  ( 1661): Attempt to read object from Parcel 0x6003bdac at offset 200 that is not in the object list
05-19 17:59:43.313 D/Email   (15516): Email: init sandbox at the beginning.
05-19 17:59:43.313 V/MyServiceConnection(15516): [SConnection] retry to bind service
05-19 17:59:43.313 V/MyServiceConnection(15516): [SConnection] sandbox service is NOT installed.
05-19 17:59:43.313 V/MyServiceConnection(15516): [SConnection] binding service: pekall.intent.action.SANDBOX_SERVICE
05-19 17:59:43.344 D/dalvikvm(15516): GC_CONCURRENT freed 130K, 2% free 9303K/9472K, paused 3ms+3ms, total 72ms
05-19 17:59:43.344 D/dalvikvm(15516): WAIT_FOR_CONCURRENT_GC blocked 9ms
05-19 17:59:43.344 D/dalvikvm(15516): WAIT_FOR_CONCURRENT_GC blocked 10ms
05-19 17:59:43.367 V/MyServiceConnection(15516): [SConnection] retry to bind service
05-19 17:59:43.367 V/MyServiceConnection(15516): [SConnection] sandbox service is NOT installed.
05-19 17:59:43.367 V/MyServiceConnection(15516): [SConnection] binding service: pekall.intent.action.SANDBOX_SERVICE
05-19 17:59:43.375 V/l       (15516): Bind requested for task setLogging
05-19 17:59:43.383 D/ExchangeService(12519): !!! EAS ExchangeService, onCreate
05-19 17:59:43.406 W/Parcel  ( 1661): Attempt to read object from Parcel 0x5dfd3dac at offset 200 that is not in the object list
05-19 17:59:43.406 D/ExchangeService(12519): !!! EAS ExchangeService, onStartCommand, startingUp = false, running = false
05-19 17:59:43.414 D/ExchangeService(12519): to start secureStorageService now
05-19 17:59:43.414 V/a       (12519): Bind requested for task test
05-19 17:59:43.461 D/dalvikvm(15516): GC_CONCURRENT freed 234K, 3% free 9583K/9856K, paused 7ms+3ms, total 46ms
05-19 17:59:43.461 D/dalvikvm(15516): WAIT_FOR_CONCURRENT_GC blocked 8ms
05-19 17:59:43.461 D/dalvikvm(15516): WAIT_FOR_CONCURRENT_GC blocked 8ms
05-19 17:59:43.461 D/dalvikvm(15516): WAIT_FOR_CONCURRENT_GC blocked 7ms
05-19 17:59:43.461 D/dalvikvm(15516): WAIT_FOR_CONCURRENT_GC blocked 7ms
05-19 17:59:43.477 W/DocumentManager(15516): Sandbox service is not connected.
05-19 17:59:43.477 D/MessageControllerImpl(15516): controller is null
05-19 17:59:43.477 V/MyServiceConnection(15516): [SConnection] retry to bind service
05-19 17:59:43.477 V/MyServiceConnection(15516): [SConnection] sandbox service is NOT installed.
05-19 17:59:43.477 V/MyServiceConnection(15516): [SConnection] binding service: pekall.intent.action.SANDBOX_SERVICE
05-19 17:59:43.477 W/SQLiteOpenHelper(15516): Opened /data/data/com.pekall.emdm.launcher/databases/message.db
05-19 17:59:43.500 W/dalvikvm(15516): No implementation found for native Lcom/pekall/sandbox/database/sqlite/SQLiteDatabase;.native_setSqliteSoftHeapLimit:(I)V
05-19 17:59:43.500 D/AndroidRuntime(15516): Shutting down VM
05-19 17:59:43.500 W/dalvikvm(15516): threadid=1: thread exiting with uncaught exception (group=0x419c8700)
05-19 17:59:43.500 D/        (15516): [---null: -1---]  Thread is main
05-19 17:59:43.500 W/System.err(15516): java.lang.UnsatisfiedLinkError: Native method not found: com.pekall.sandbox.database.sqlite.SQLiteDatabase.native_setSqliteSoftHeapLimit:(I)V
05-19 17:59:43.500 W/System.err(15516): 	at com.pekall.sandbox.database.sqlite.SQLiteDatabase.native_setSqliteSoftHeapLimit(Native Method)
05-19 17:59:43.500 W/System.err(15516): 	at com.pekall.sandbox.database.sqlite.SQLiteDatabase.<init>(Unknown Source)
05-19 17:59:43.500 W/System.err(15516): 	at com.pekall.sandbox.database.sqlite.SQLiteDatabase.openDatabase(Unknown Source)
05-19 17:59:43.500 W/System.err(15516): 	at com.pekall.sandbox.database.sqlite.SQLiteDatabase.openDatabase(Unknown Source)
05-19 17:59:43.500 W/System.err(15516): 	at com.pekall.sandbox.database.sqlite.SQLiteDatabase.openDatabase(Unknown Source)
05-19 17:59:43.500 W/System.err(15516): 	at com.pekall.sandbox.database.sqlite.SQLiteOpenHelper.getWritableDatabase(Unknown Source)
05-19 17:59:43.500 W/System.err(15516): 	at com.pekall.emdm.messagecenter.db.a.a(Unknown Source)
05-19 17:59:43.500 W/System.err(15516): 	at com.pekall.emdm.messagecenter.db.a.b(Unknown Source)
05-19 17:59:43.500 W/System.err(15516): 	at com.pekall.emdm.messagecenter.activity.a.onCreate(Unknown Source)
05-19 17:59:43.500 W/System.err(15516): 	at com.pekall.emdm.launcher.LauncherApplication.onCreate(Unknown Source)
05-19 17:59:43.500 W/System.err(15516): 	at android.app.Instrumentation.callApplicationOnCreate(Instrumentation.java:1007)
05-19 17:59:43.500 W/System.err(15516): 	at android.app.ActivityThread.handleBindApplication(ActivityThread.java:4444)
05-19 17:59:43.508 W/System.err(15516): 	at android.app.ActivityThread.access$1300(ActivityThread.java:141)
05-19 17:59:43.508 W/System.err(15516): 	at android.app.ActivityThread$H.handleMessage(ActivityThread.java:1316)
05-19 17:59:43.508 W/System.err(15516): 	at android.os.Handler.dispatchMessage(Handler.java:99)
05-19 17:59:43.508 W/System.err(15516): 	at android.os.Looper.loop(Looper.java:137)
05-19 17:59:43.508 W/System.err(15516): 	at android.app.ActivityThread.main(ActivityThread.java:5103)
05-19 17:59:43.508 W/System.err(15516): 	at java.lang.reflect.Method.invokeNative(Native Method)
05-19 17:59:43.508 W/System.err(15516): 	at java.lang.reflect.Method.invoke(Method.java:525)
05-19 17:59:43.508 W/System.err(15516): 	at com.android.internal.os.ZygoteInit$MethodAndArgsCaller.run(ZygoteInit.java:737)
05-19 17:59:43.508 W/System.err(15516): 	at com.android.internal.os.ZygoteInit.main(ZygoteInit.java:553)
05-19 17:59:43.508 W/System.err(15516): 	at dalvik.system.NativeStart.main(Native Method)
05-19 17:59:43.594 D/dalvikvm(15516): WAIT_FOR_CONCURRENT_GC blocked 136ms
05-19 17:59:43.633 V/a       (12519): Connected: com.pekall.semail.service.AccountServiceInternal
05-19 17:59:43.633 D/ActivityThread(15516): Loading provider com.pekall.semail.provider;com.pekall.semail.notifier: com.pekall.semail.provider.EmailProvider
05-19 17:59:43.656 D/ExchangeService(12519): Reconciling accounts...
05-19 17:59:43.656 V/a       (12519): Connection test succeeded in 239ms
05-19 17:59:43.656 V/a       (12519): Task test completed; disconnecting
05-19 17:59:43.656 V/a       (12519): Bind requested for task reconcileAccounts
05-19 17:59:43.727 V/a       (12519): Connected: com.pekall.semail.service.AccountServiceInternal
05-19 17:59:43.742 V/a       (12519): Task reconcileAccounts completed; disconnecting
05-19 17:59:43.766 V/a       (12519): Waiting for task reconcileAccounts to complete...
05-19 17:59:43.781 D/dalvikvm(15516): GC_CONCURRENT freed 491K, 6% free 9480K/10012K, paused 11ms+8ms, total 59ms
05-19 17:59:43.820 D/ActivityThread(15516): Loading provider com.pekall.semail.provider;com.pekall.semail.notifier: com.pekall.semail.provider.EmailProvider
05-19 17:59:45.234 W/EmailProvider(15516): restoreIfNeeded...
05-19 17:59:46.211 D/EmailProvider(15516): restoreAccounts...
05-19 17:59:48.820 D/EmailProvider(15516): No accounts to restore...
05-19 17:59:48.844 D/EmailProvider(15516): Deleting orphans...
05-19 17:59:49.094 D/EmailProvider(15516): EmailProvider pre-caching...
05-19 17:59:49.750 D/EmailProvider(15516): EmailProvider ready.
05-19 17:59:50.688 I/Email   (15516): Notifications being toggled: false
05-19 17:59:50.688 W/ActivityManager(  374): Unable to start service Intent { cmp=com.pekall.emdm.launcher/com.pekall.semail.service.AttachmentDownloadService } U=0: not found
05-19 18:00:01.008 D/dalvikvm(  448): GC_CONCURRENT freed 1157K, 14% free 14060K/16316K, paused 6ms+15ms, total 86ms
05-19 18:00:01.125 W/Parcel  ( 1661): Attempt to read object from Parcel 0x6013bdac at offset 200 that is not in the object list
05-19 18:00:01.242 W/Parcel  ( 1661): Attempt to read object from Parcel 0x5ef3bdac at offset 200 that is not in the object list
05-19 18:00:01.836 V/DigitalWidgetViewsFactory( 2455): DigitalWidget sets next alarm string to null
05-19 18:00:03.219 W/ActivityManager(  374): Timeout executing service: ServiceRecord{428c3d68 u0 com.pekall.emdm.launcher/com.baidu.location.f}
05-19 18:00:03.250 I/Process (  374): Sending signal. PID: 15516 SIG: 3
05-19 18:00:03.250 I/dalvikvm(15516): threadid=3: reacting to signal 3
05-19 18:00:03.453 I/Process (  374): Sending signal. PID: 374 SIG: 3
05-19 18:00:03.453 I/dalvikvm(  374): threadid=3: reacting to signal 3
05-19 18:00:03.500 D/dalvikvm(15516): JIT unchain all for threadid=11
05-19 18:00:03.555 I/dalvikvm(15516): Wrote stack traces to '/data/anr/traces.txt'
05-19 18:00:09.250 I/Process (  374): Sending signal. PID: 448 SIG: 3
05-19 18:00:09.250 I/dalvikvm(  448): threadid=3: reacting to signal 3
05-19 18:00:09.250 I/dalvikvm(  374): Wrote stack traces to '/data/anr/traces.txt'
05-19 18:00:09.250 I/Process (  374): Sending signal. PID: 561 SIG: 3
05-19 18:00:09.250 I/dalvikvm(  561): threadid=3: reacting to signal 3
05-19 18:00:09.250 I/Process (  374): Sending signal. PID: 568 SIG: 3
05-19 18:00:09.250 I/dalvikvm(  568): threadid=3: reacting to signal 3
05-19 18:00:09.367 I/dalvikvm(  561): Wrote stack traces to '/data/anr/traces.txt'
05-19 18:00:09.383 I/dalvikvm(  568): Wrote stack traces to '/data/anr/traces.txt'
05-19 18:00:09.602 I/dalvikvm(  448): Wrote stack traces to '/data/anr/traces.txt'
05-19 18:00:09.899 D/dalvikvm(  374): GC_EXPLICIT freed 1998K, 26% free 20255K/27176K, paused 4ms+11ms, total 116ms
05-19 18:00:10.211 W/MountService(  374): getVolumeState(/storage/emulated/0/external_sd): Unknown volume
05-19 18:00:10.266 W/MountService(  374): getVolumeState(/mnt/sdcard-ext): Unknown volume
05-19 18:00:10.320 W/MountService(  374): getVolumeState(/mnt/ext_sdcard): Unknown volume
05-19 18:00:10.320 W/MountService(  374): getVolumeState(/mnt/sdcard2): Unknown volume
05-19 18:00:10.320 W/MountService(  374): getVolumeState(/mnt/emmc): Unknown volume
05-19 18:00:10.516 I/Process (  374): Sending signal. PID: 12519 SIG: 3
05-19 18:00:10.524 I/dalvikvm(12519): threadid=3: reacting to signal 3
05-19 18:00:10.609 W/MountService(  374): getVolumeState(/mnt/extSdCard): Unknown volume
05-19 18:00:10.609 W/MountService(  374): getVolumeState(/mnt/sdcard/SD_CARD): Unknown volume
05-19 18:00:10.609 W/MountService(  374): getVolumeState(/mnt/sdcard/extra_sd): Unknown volume
05-19 18:00:10.609 W/MountService(  374): getVolumeState(/mnt/extrasd_bind): Unknown volume
05-19 18:00:10.641 W/MountService(  374): getVolumeState(/mnt/sdcard/ext_sd): Unknown volume
05-19 18:00:10.664 W/MountService(  374): getVolumeState(/storage/extSdCard): Unknown volume
05-19 18:00:10.664 W/MountService(  374): getVolumeState(/storage/sdcard1): Unknown volume
05-19 18:00:10.664 W/MountService(  374): getVolumeState(/mnt/sdcard/external_SD): Unknown volume
05-19 18:00:10.672 W/MountService(  374): getVolumeState(/mnt/sdcard/external_sd): Unknown volume
05-19 18:00:10.727 I/Process (  374): Sending signal. PID: 1468 SIG: 3
05-19 18:00:10.727 I/dalvikvm( 1468): threadid=3: reacting to signal 3
05-19 18:00:10.774 D/dalvikvm(12519): JIT unchain all for threadid=11
05-19 18:00:10.945 E/ActivityManager(  374): ANR in com.pekall.emdm.launcher:remote
05-19 18:00:10.945 E/ActivityManager(  374): Reason: Executing service com.pekall.emdm.launcher/com.baidu.location.f
05-19 18:00:10.945 E/ActivityManager(  374): Load: 3.14 / 1.87 / 1.72
05-19 18:00:10.945 E/ActivityManager(  374): CPU usage from 0ms to 7705ms later:
05-19 18:00:10.945 E/ActivityManager(  374):   86% 15516/com.pekall.emdm.launcher:remote: 86% user + 0.2% kernel / faults: 106 minor
05-19 18:00:10.945 E/ActivityManager(  374):   86% 12519/com.pekall.emdm.launcher: 86% user + 0.2% kernel / faults: 45 minor
05-19 18:00:10.945 E/ActivityManager(  374):   20% 374/system_server: 17% user + 3.3% kernel / faults: 353 minor
05-19 18:00:10.945 E/ActivityManager(  374):   2.2% 448/com.android.systemui: 1.8% user + 0.3% kernel / faults: 34 minor
05-19 18:00:10.945 E/ActivityManager(  374):   1.2% 1468/com.qihoo.daemon: 0.6% user + 0.6% kernel / faults: 324 minor
05-19 18:00:10.945 E/ActivityManager(  374):   0.1% 561/com.android.phone: 0.1% user + 0% kernel / faults: 25 minor
05-19 18:00:10.945 E/ActivityManager(  374):   0.1% 568/com.android.nfc: 0% user + 0% kernel / faults: 27 minor
05-19 18:00:10.945 E/ActivityManager(  374):   0.2% 135/adbd: 0% user + 0.2% kernel
05-19 18:00:10.945 E/ActivityManager(  374):   0% 82/mmcqd/0: 0% user + 0% kernel
05-19 18:00:10.945 E/ActivityManager(  374):   0% 4648/logcat: 0% user + 0% kernel
05-19 18:00:10.945 E/ActivityManager(  374):   0.1% 10758/com.qihoo.appstore: 0.1% user + 0% kernel
05-19 18:00:10.945 E/ActivityManager(  374):   0% 15233/kworker/0:0: 0% user + 0% kernel
05-19 18:00:10.945 E/ActivityManager(  374): 99% TOTAL: 96% user + 2.9% kernel
05-19 18:00:10.945 E/ActivityManager(  374): CPU usage from 6682ms to 7227ms later:
05-19 18:00:10.945 E/ActivityManager(  374):   96% 15516/com.pekall.emdm.launcher:remote: 96% user + 0% kernel
05-19 18:00:10.945 E/ActivityManager(  374):     94% 15529/Thread-795: 94% user + 0% kernel
05-19 18:00:10.945 E/ActivityManager(  374):   89% 12519/com.pekall.emdm.launcher: 89% user + 0% kernel
05-19 18:00:10.945 E/ActivityManager(  374):     92% 12532/Thread-642: 92% user + 0% kernel
05-19 18:00:10.945 E/ActivityManager(  374):   7.2% 374/system_server: 1.8% user + 5.4% kernel
05-19 18:00:10.945 E/ActivityManager(  374):     7.2% 390/ActivityManager: 1.8% user + 5.4% kernel
05-19 18:00:10.945 E/ActivityManager(  374):   2.4% 1468/com.qihoo.daemon: 2.4% user + 0% kernel / faults: 98 minor
05-19 18:00:10.945 E/ActivityManager(  374):     1.2% 1471/GC: 1.2% user + 0% kernel
05-19 18:00:10.945 E/ActivityManager(  374): 100% TOTAL: 96% user + 3.6% kernel
05-19 18:00:10.961 W/ActivityManager(  374): Killing ProcessRecord{42291a78 15516:com.pekall.emdm.launcher:remote/u0a10066}: background ANR
05-19 18:00:11.008 I/dalvikvm(12519): Wrote stack traces to '/data/anr/traces.txt'
05-19 18:00:11.063 D/dalvikvm(  374): GC_FOR_ALLOC freed 1616K, 27% free 19979K/27176K, paused 90ms, total 90ms
05-19 18:00:11.117 I/ActivityManager(  374): Process com.pekall.emdm.launcher:remote (pid 15516) has died.
05-19 18:00:11.117 W/ActivityManager(  374): Scheduling restart of crashed service com.pekall.emdm.launcher/com.baidu.location.f in 20000ms
05-19 18:00:11.242 I/dalvikvm( 1468): Wrote stack traces to '/data/anr/traces.txt'
05-19 18:00:11.250 D/dalvikvm( 1468): GC_CONCURRENT freed 429K, 19% free 9619K/11844K, paused 26ms+379ms, total 895ms
05-19 18:00:11.250 D/dalvikvm( 1468): WAIT_FOR_CONCURRENT_GC blocked 27ms
05-19 18:00:11.539 W/MountService(  374): getVolumeState(/storage/emulated/0/external_sd): Unknown volume
05-19 18:00:11.539 W/MountService(  374): getVolumeState(/mnt/sdcard-ext): Unknown volume
05-19 18:00:11.539 W/MountService(  374): getVolumeState(/mnt/ext_sdcard): Unknown volume
05-19 18:00:11.539 W/MountService(  374): getVolumeState(/mnt/sdcard2): Unknown volume
05-19 18:00:11.539 W/MountService(  374): getVolumeState(/mnt/emmc): Unknown volume
05-19 18:00:11.539 W/MountService(  374): getVolumeState(/mnt/extSdCard): Unknown volume
05-19 18:00:11.547 W/MountService(  374): getVolumeState(/mnt/sdcard/SD_CARD): Unknown volume
05-19 18:00:11.547 W/MountService(  374): getVolumeState(/mnt/sdcard/extra_sd): Unknown volume
05-19 18:00:11.547 W/MountService(  374): getVolumeState(/mnt/extrasd_bind): Unknown volume
05-19 18:00:11.547 W/MountService(  374): getVolumeState(/mnt/sdcard/ext_sd): Unknown volume
05-19 18:00:11.547 W/MountService(  374): getVolumeState(/storage/extSdCard): Unknown volume
05-19 18:00:11.547 W/MountService(  374): getVolumeState(/storage/sdcard1): Unknown volume
05-19 18:00:11.547 W/MountService(  374): getVolumeState(/mnt/sdcard/external_SD): Unknown volume
05-19 18:00:11.555 W/MountService(  374): getVolumeState(/mnt/sdcard/external_sd): Unknown volume
05-19 18:00:11.578 D/dalvikvm( 1468): GC_CONCURRENT freed 590K, 20% free 9541K/11844K, paused 7ms+4ms, total 57ms
05-19 18:00:11.578 D/dalvikvm( 1468): WAIT_FOR_CONCURRENT_GC blocked 13ms
05-19 18:00:11.578 D/dalvikvm( 1468): WAIT_FOR_CONCURRENT_GC blocked 8ms
05-19 18:00:19.656 D/dalvikvm(14483): GC_CONCURRENT freed 493K, 6% free 9723K/10264K, paused 3ms+17ms, total 49ms
05-19 18:00:19.656 D/dalvikvm(14483): WAIT_FOR_CONCURRENT_GC blocked 4ms
05-19 18:00:19.719 D/dalvikvm(14483): GC_CONCURRENT freed 420K, 6% free 9697K/10264K, paused 3ms+2ms, total 31ms
05-19 18:00:28.766 V/a       (12519): Wait for reconcileAccounts finished in 45000ms
05-19 18:00:28.774 D/ExchangeService(12519): !!! EAS ExchangeService, stopping self
05-19 18:00:28.774 D/ExchangeService(12519): !!! EAS ExchangeService, onDestroy
05-19 18:00:29.477 W/CallerInfoCache(  561): Previous cache task is remaining.
05-19 18:00:31.141 D/dalvikvm(15553): Late-enabling CheckJNI
05-19 18:00:31.164 I/ActivityManager(  374): Start proc com.pekall.emdm.launcher:remote for service com.pekall.emdm.launcher/com.baidu.location.f: pid=15553 uid=10066 gids={50066, 1015, 3002, 3001, 3003, 1028}
05-19 18:00:31.195 V/MyServiceConnection(15553): [SConnection] sandbox service is NOT installed.
05-19 18:00:31.203 V/MyServiceConnection(15553): [SConnection] binding service: pekall.intent.action.SANDBOX_SERVICE
05-19 18:00:31.211 D/ScClassLoader(15553): >> SOURCE FILE: /data/data/com.pekall.emdm.launcher/app_jars/sc-jdk15on-1.47.0.2.dex.jar
05-19 18:00:31.258 W/Parcel  ( 1661): Attempt to read object from Parcel 0x5ded3dac at offset 200 that is not in the object list
05-19 18:00:31.258 W/Parcel  ( 1661): Attempt to read object from Parcel 0x5ec3bdac at offset 200 that is not in the object list
05-19 18:00:31.258 D/Email   (15553): Email: init sandbox at the beginning.
05-19 18:00:31.258 V/MyServiceConnection(15553): [SConnection] retry to bind service
05-19 18:00:31.258 V/MyServiceConnection(15553): [SConnection] sandbox service is NOT installed.
05-19 18:00:31.258 V/MyServiceConnection(15553): [SConnection] binding service: pekall.intent.action.SANDBOX_SERVICE
05-19 18:00:31.274 D/dalvikvm(15553): GC_CONCURRENT freed 132K, 2% free 9301K/9472K, paused 5ms+3ms, total 50ms
05-19 18:00:31.274 D/dalvikvm(15553): WAIT_FOR_CONCURRENT_GC blocked 7ms
05-19 18:00:31.313 V/MyServiceConnection(15553): [SConnection] retry to bind service
05-19 18:00:31.313 V/MyServiceConnection(15553): [SConnection] sandbox service is NOT installed.
05-19 18:00:31.313 V/MyServiceConnection(15553): [SConnection] binding service: pekall.intent.action.SANDBOX_SERVICE
05-19 18:00:31.336 V/l       (15553): Bind requested for task setLogging
05-19 18:00:31.344 D/ExchangeService(12519): !!! EAS ExchangeService, onCreate
05-19 18:00:31.375 D/dalvikvm(15553): GC_CONCURRENT freed 230K, 3% free 9582K/9852K, paused 5ms+4ms, total 35ms
05-19 18:00:31.375 D/dalvikvm(15553): WAIT_FOR_CONCURRENT_GC blocked 15ms
05-19 18:00:31.375 D/dalvikvm(15553): WAIT_FOR_CONCURRENT_GC blocked 14ms
05-19 18:00:31.375 D/dalvikvm(15553): WAIT_FOR_CONCURRENT_GC blocked 14ms
05-19 18:00:31.406 W/Parcel  ( 1661): Attempt to read object from Parcel 0x6013bdac at offset 200 that is not in the object list
05-19 18:00:31.406 D/ExchangeService(12519): !!! EAS ExchangeService, onStartCommand, startingUp = false, running = false
05-19 18:00:31.406 D/ExchangeService(12519): to start secureStorageService now
05-19 18:00:31.406 V/a       (12519): Bind requested for task test
05-19 18:00:31.422 V/a       (12519): Connected: com.pekall.semail.service.AccountServiceInternal
05-19 18:00:31.438 V/a       (12519): Connection test succeeded in 26ms
05-19 18:00:31.438 V/a       (12519): Task test completed; disconnecting
05-19 18:00:31.438 D/ExchangeService(12519): Reconciling accounts...
05-19 18:00:31.461 W/DocumentManager(15553): Sandbox service is not connected.
05-19 18:00:31.461 D/MessageControllerImpl(15553): controller is null
05-19 18:00:31.461 V/MyServiceConnection(15553): [SConnection] retry to bind service
05-19 18:00:31.461 V/MyServiceConnection(15553): [SConnection] sandbox service is NOT installed.
05-19 18:00:31.461 V/MyServiceConnection(15553): [SConnection] binding service: pekall.intent.action.SANDBOX_SERVICE
05-19 18:00:31.461 W/SQLiteOpenHelper(15553): Opened /data/data/com.pekall.emdm.launcher/databases/message.db
05-19 18:00:31.469 W/dalvikvm(15553): No implementation found for native Lcom/pekall/sandbox/database/sqlite/SQLiteDatabase;.native_setSqliteSoftHeapLimit:(I)V
05-19 18:00:31.469 D/AndroidRuntime(15553): Shutting down VM
05-19 18:00:31.469 W/dalvikvm(15553): threadid=1: thread exiting with uncaught exception (group=0x419c8700)
05-19 18:00:31.477 D/        (15553): [---null: -1---]  Thread is main
05-19 18:00:31.477 W/System.err(15553): java.lang.UnsatisfiedLinkError: Native method not found: com.pekall.sandbox.database.sqlite.SQLiteDatabase.native_setSqliteSoftHeapLimit:(I)V
05-19 18:00:31.477 W/System.err(15553): 	at com.pekall.sandbox.database.sqlite.SQLiteDatabase.native_setSqliteSoftHeapLimit(Native Method)
05-19 18:00:31.477 W/System.err(15553): 	at com.pekall.sandbox.database.sqlite.SQLiteDatabase.<init>(Unknown Source)
05-19 18:00:31.477 W/System.err(15553): 	at com.pekall.sandbox.database.sqlite.SQLiteDatabase.openDatabase(Unknown Source)
05-19 18:00:31.477 W/System.err(15553): 	at com.pekall.sandbox.database.sqlite.SQLiteDatabase.openDatabase(Unknown Source)
05-19 18:00:31.477 W/System.err(15553): 	at com.pekall.sandbox.database.sqlite.SQLiteDatabase.openDatabase(Unknown Source)
05-19 18:00:31.477 W/System.err(15553): 	at com.pekall.sandbox.database.sqlite.SQLiteOpenHelper.getWritableDatabase(Unknown Source)
05-19 18:00:31.477 W/System.err(15553): 	at com.pekall.emdm.messagecenter.db.a.a(Unknown Source)
05-19 18:00:31.477 W/System.err(15553): 	at com.pekall.emdm.messagecenter.db.a.b(Unknown Source)
05-19 18:00:31.477 W/System.err(15553): 	at com.pekall.emdm.messagecenter.activity.a.onCreate(Unknown Source)
05-19 18:00:31.477 W/System.err(15553): 	at com.pekall.emdm.launcher.LauncherApplication.onCreate(Unknown Source)
05-19 18:00:31.477 W/System.err(15553): 	at android.app.Instrumentation.callApplicationOnCreate(Instrumentation.java:1007)
05-19 18:00:31.477 W/System.err(15553): 	at android.app.ActivityThread.handleBindApplication(ActivityThread.java:4444)
05-19 18:00:31.477 W/System.err(15553): 	at android.app.ActivityThread.access$1300(ActivityThread.java:141)
05-19 18:00:31.477 W/System.err(15553): 	at android.app.ActivityThread$H.handleMessage(ActivityThread.java:1316)
05-19 18:00:31.484 W/System.err(15553): 	at android.os.Handler.dispatchMessage(Handler.java:99)
05-19 18:00:31.484 W/System.err(15553): 	at android.os.Looper.loop(Looper.java:137)
05-19 18:00:31.484 W/System.err(15553): 	at android.app.ActivityThread.main(ActivityThread.java:5103)
05-19 18:00:31.484 W/System.err(15553): 	at java.lang.reflect.Method.invokeNative(Native Method)
05-19 18:00:31.484 W/System.err(15553): 	at java.lang.reflect.Method.invoke(Method.java:525)
05-19 18:00:31.484 W/System.err(15553): 	at com.android.internal.os.ZygoteInit$MethodAndArgsCaller.run(ZygoteInit.java:737)
05-19 18:00:31.484 W/System.err(15553): 	at com.android.internal.os.ZygoteInit.main(ZygoteInit.java:553)
05-19 18:00:31.492 W/System.err(15553): 	at dalvik.system.NativeStart.main(Native Method)
05-19 18:00:31.547 D/ActivityThread(15553): Loading provider com.pekall.semail.provider;com.pekall.semail.notifier: com.pekall.semail.provider.EmailProvider
05-19 18:00:31.570 V/a       (12519): Bind requested for task reconcileAccounts
05-19 18:00:31.602 V/a       (12519): Connected: com.pekall.semail.service.AccountServiceInternal
05-19 18:00:31.625 V/a       (12519): Task reconcileAccounts completed; disconnecting
