05-20 16:16:07.556 W/ResourceType(  576): No known package when getting name for resource number 0x9b000000
05-20 16:16:07.556 W/ResourceType(  576): No known package when getting name for resource number 0x9b010100
05-20 16:16:07.556 W/ResourceType(  576): No known package when getting name for resource number 0x9b030300
05-20 16:16:07.556 W/ResourceType(  576): No known package when getting name for resource number 0x9b040400
05-20 16:16:07.564 W/ResourceType(  576): No known package when getting name for resource number 0x9c030103
05-20 16:16:07.564 W/ResourceType(  576): No known package when getting name for resource number 0x9c030203
05-20 16:16:07.564 W/ResourceType(  576): No known package when getting name for resource number 0x9c010002
05-20 16:16:07.580 W/ResourceType(  576): No known package when getting name for resource number 0x9b000000
05-20 16:16:07.580 W/ResourceType(  576): No known package when getting name for resource number 0x9b010100
05-20 16:16:07.580 W/ResourceType(  576): No known package when getting name for resource number 0x9b030300
05-20 16:16:07.580 W/ResourceType(  576): No known package when getting name for resource number 0x9b040400
05-20 16:16:07.588 W/ResourceType(  576): No known package when getting name for resource number 0x9c030103
05-20 16:16:07.588 W/ResourceType(  576): No known package when getting name for resource number 0x9c030203
05-20 16:16:07.588 W/ResourceType(  576): No known package when getting name for resource number 0x9c010002
05-20 16:16:07.596 W/ResourceType(  576): No known package when getting name for resource number 0x9b000000
05-20 16:16:07.603 W/ResourceType(  576): No known package when getting name for resource number 0x9b010100
05-20 16:16:07.603 W/ResourceType(  576): No known package when getting name for resource number 0x9b030300
05-20 16:16:07.603 W/ResourceType(  576): No known package when getting name for resource number 0x9b040400
05-20 16:16:07.603 W/ResourceType(  576): No known package when getting name for resource number 0x9c030103
05-20 16:16:07.603 W/ResourceType(  576): No known package when getting name for resource number 0x9c030203
05-20 16:16:07.603 W/ResourceType(  576): No known package when getting name for resource number 0x9c010002
05-20 16:16:07.619 W/ResourceType(  576): No known package when getting name for resource number 0x9b000000
05-20 16:16:07.619 W/ResourceType(  576): No known package when getting name for resource number 0x9b010100
05-20 16:16:07.619 W/ResourceType(  576): No known package when getting name for resource number 0x9b030300
05-20 16:16:07.619 W/ResourceType(  576): No known package when getting name for resource number 0x9b040400
05-20 16:16:07.627 W/ResourceType(  576): No known package when getting name for resource number 0x9c030103
05-20 16:16:07.627 W/ResourceType(  576): No known package when getting name for resource number 0x9c030203
05-20 16:16:07.627 W/ResourceType(  576): No known package when getting name for resource number 0x9c010002
05-20 16:16:07.642 W/ResourceType(  576): No known package when getting name for resource number 0x9b000000
05-20 16:16:07.642 W/ResourceType(  576): No known package when getting name for resource number 0x9b010100
05-20 16:16:07.642 W/ResourceType(  576): No known package when getting name for resource number 0x9b030300
05-20 16:16:07.642 W/ResourceType(  576): No known package when getting name for resource number 0x9b040400
05-20 16:16:07.666 W/ResourceType(  576): No known package when getting name for resource number 0x9c030103
05-20 16:16:07.674 D/dalvikvm(  576): GC_CONCURRENT freed 2916K, 21% free 17992K/22700K, paused 3ms+4ms, total 44ms
05-20 16:16:07.674 W/ResourceType(  576): No known package when getting name for resource number 0x9c030203
05-20 16:16:07.674 W/ResourceType(  576): No known package when getting name for resource number 0x9c010002
05-20 16:16:07.689 D/dalvikvm( 5652): GC_CONCURRENT freed 410K, 92% free 693K/8192K, paused 2ms+0ms, total 8ms
05-20 16:16:07.697 W/ResourceType(  576): No known package when getting name for resource number 0x9b000000
05-20 16:16:07.697 W/ResourceType(  576): No known package when getting name for resource number 0x9b010100
05-20 16:16:07.697 W/ResourceType(  576): No known package when getting name for resource number 0x9b030300
05-20 16:16:07.697 W/ResourceType(  576): No known package when getting name for resource number 0x9b040400
05-20 16:16:07.697 W/ResourceType(  576): No known package when getting name for resource number 0x9c030103
05-20 16:16:07.697 W/ResourceType(  576): No known package when getting name for resource number 0x9c030203
05-20 16:16:07.697 W/ResourceType(  576): No known package when getting name for resource number 0x9c010002
05-20 16:16:07.713 D/dalvikvm( 5090): JIT unchain all for threadid=11
05-20 16:16:07.713 W/ResourceType(  576): No known package when getting name for resource number 0x9b000000
05-20 16:16:07.713 W/ResourceType(  576): No known package when getting name for resource number 0x9b010100
05-20 16:16:07.713 W/ResourceType(  576): No known package when getting name for resource number 0x9b030300
05-20 16:16:07.713 W/ResourceType(  576): No known package when getting name for resource number 0x9b040400
05-20 16:16:07.721 W/ResourceType(  576): No known package when getting name for resource number 0x9c030103
05-20 16:16:07.721 W/ResourceType(  576): No known package when getting name for resource number 0x9c030203
05-20 16:16:07.721 W/ResourceType(  576): No known package when getting name for resource number 0x9c010002
05-20 16:16:07.736 W/ResourceType(  576): No known package when getting name for resource number 0x9b000000
05-20 16:16:07.736 W/ResourceType(  576): No known package when getting name for resource number 0x9b010100
05-20 16:16:07.736 W/ResourceType(  576): No known package when getting name for resource number 0x9b030300
05-20 16:16:07.736 W/ResourceType(  576): No known package when getting name for resource number 0x9b040400
05-20 16:16:07.744 W/ResourceType(  576): No known package when getting name for resource number 0x9c030103
05-20 16:16:07.744 W/ResourceType(  576): No known package when getting name for resource number 0x9c030203
05-20 16:16:07.744 W/ResourceType(  576): No known package when getting name for resource number 0x9c010002
05-20 16:16:07.760 W/ResourceType(  576): No known package when getting name for resource number 0x9b000000
05-20 16:16:07.760 W/ResourceType(  576): No known package when getting name for resource number 0x9b010100
05-20 16:16:07.760 W/ResourceType(  576): No known package when getting name for resource number 0x9b030300
05-20 16:16:07.760 W/ResourceType(  576): No known package when getting name for resource number 0x9b040400
05-20 16:16:07.767 W/ResourceType(  576): No known package when getting name for resource number 0x9c030103
05-20 16:16:07.767 W/ResourceType(  576): No known package when getting name for resource number 0x9c030203
05-20 16:16:07.767 W/ResourceType(  576): No known package when getting name for resource number 0x9c010002
05-20 16:16:07.783 W/ResourceType(  576): No known package when getting name for resource number 0x9b000000
05-20 16:16:07.783 W/ResourceType(  576): No known package when getting name for resource number 0x9b010100
05-20 16:16:07.783 W/ResourceType(  576): No known package when getting name for resource number 0x9b030300
05-20 16:16:07.791 W/ResourceType(  576): No known package when getting name for resource number 0x9b040400
05-20 16:16:07.791 W/ResourceType(  576): No known package when getting name for resource number 0x9c030103
05-20 16:16:07.791 W/ResourceType(  576): No known package when getting name for resource number 0x9c030203
05-20 16:16:07.791 W/ResourceType(  576): No known package when getting name for resource number 0x9c010002
05-20 16:16:07.806 W/ResourceType(  576): No known package when getting name for resource number 0x9b000000
05-20 16:16:07.806 W/ResourceType(  576): No known package when getting name for resource number 0x9b010100
05-20 16:16:07.806 W/ResourceType(  576): No known package when getting name for resource number 0x9b030300
05-20 16:16:07.806 W/ResourceType(  576): No known package when getting name for resource number 0x9b040400
05-20 16:16:07.814 W/ResourceType(  576): No known package when getting name for resource number 0x9c030103
05-20 16:16:07.814 W/ResourceType(  576): No known package when getting name for resource number 0x9c030203
05-20 16:16:07.814 W/ResourceType(  576): No known package when getting name for resource number 0x9c010002
05-20 16:16:07.822 D/dalvikvm( 5652): GC_CONCURRENT freed 432K, 92% free 692K/8192K, paused 0ms+2ms, total 6ms
05-20 16:16:07.830 W/ResourceType(  576): No known package when getting name for resource number 0x9b000000
05-20 16:16:07.830 W/ResourceType(  576): No known package when getting name for resource number 0x9b010100
05-20 16:16:07.830 W/ResourceType(  576): No known package when getting name for resource number 0x9b030300
05-20 16:16:07.830 W/ResourceType(  576): No known package when getting name for resource number 0x9b040400
05-20 16:16:07.830 W/ResourceType(  576): No known package when getting name for resource number 0x9c030103
05-20 16:16:07.830 W/ResourceType(  576): No known package when getting name for resource number 0x9c030203
05-20 16:16:07.830 W/ResourceType(  576): No known package when getting name for resource number 0x9c010002
05-20 16:16:07.846 W/ResourceType(  576): No known package when getting name for resource number 0x9b000000
05-20 16:16:07.846 W/ResourceType(  576): No known package when getting name for resource number 0x9b010100
05-20 16:16:07.846 W/ResourceType(  576): No known package when getting name for resource number 0x9b030300
05-20 16:16:07.846 W/ResourceType(  576): No known package when getting name for resource number 0x9b040400
05-20 16:16:07.853 W/ResourceType(  576): No known package when getting name for resource number 0x9c030103
05-20 16:16:07.853 W/ResourceType(  576): No known package when getting name for resource number 0x9c030203
05-20 16:16:07.853 W/ResourceType(  576): No known package when getting name for resource number 0x9c010002
05-20 16:16:07.869 W/ResourceType(  576): No known package when getting name for resource number 0x9b000000
05-20 16:16:07.869 W/ResourceType(  576): No known package when getting name for resource number 0x9b010100
05-20 16:16:07.869 W/ResourceType(  576): No known package when getting name for resource number 0x9b030300
05-20 16:16:07.869 W/ResourceType(  576): No known package when getting name for resource number 0x9b040400
05-20 16:16:07.877 W/ResourceType(  576): No known package when getting name for resource number 0x9c030103
05-20 16:16:07.877 W/ResourceType(  576): No known package when getting name for resource number 0x9c030203
05-20 16:16:07.877 W/ResourceType(  576): No known package when getting name for resource number 0x9c010002
05-20 16:16:07.885 W/ResourceType(  576): No known package when getting name for resource number 0x9b000000
05-20 16:16:07.892 W/ResourceType(  576): No known package when getting name for resource number 0x9b010100
05-20 16:16:07.892 W/ResourceType(  576): No known package when getting name for resource number 0x9b030300
05-20 16:16:07.892 W/ResourceType(  576): No known package when getting name for resource number 0x9b040400
05-20 16:16:07.892 W/ResourceType(  576): No known package when getting name for resource number 0x9c030103
05-20 16:16:07.892 W/ResourceType(  576): No known package when getting name for resource number 0x9c030203
05-20 16:16:07.892 W/ResourceType(  576): No known package when getting name for resource number 0x9c010002
05-20 16:16:07.908 W/ResourceType(  576): No known package when getting name for resource number 0x9b000000
05-20 16:16:07.908 W/ResourceType(  576): No known package when getting name for resource number 0x9b010100
05-20 16:16:07.908 W/ResourceType(  576): No known package when getting name for resource number 0x9b030300
05-20 16:16:07.908 W/ResourceType(  576): No known package when getting name for resource number 0x9b040400
05-20 16:16:07.916 W/ResourceType(  576): No known package when getting name for resource number 0x9c030103
05-20 16:16:07.916 W/ResourceType(  576): No known package when getting name for resource number 0x9c030203
05-20 16:16:07.916 W/ResourceType(  576): No known package when getting name for resource number 0x9c010002
05-20 16:16:07.931 W/ResourceType(  576): No known package when getting name for resource number 0x9b000000
05-20 16:16:07.931 W/ResourceType(  576): No known package when getting name for resource number 0x9b010100
05-20 16:16:07.931 W/ResourceType(  576): No known package when getting name for resource number 0x9b030300
05-20 16:16:07.931 W/ResourceType(  576): No known package when getting name for resource number 0x9b040400
05-20 16:16:07.931 W/ResourceType(  576): No known package when getting name for resource number 0x9c030103
05-20 16:16:07.931 W/ResourceType(  576): No known package when getting name for resource number 0x9c030203
05-20 16:16:07.931 W/ResourceType(  576): No known package when getting name for resource number 0x9c010002
05-20 16:16:07.947 D/dalvikvm( 5652): GC_CONCURRENT freed 429K, 92% free 692K/8192K, paused 0ms+1ms, total 5ms
05-20 16:16:07.955 W/ResourceType(  576): No known package when getting name for resource number 0x9b000000
05-20 16:16:07.955 W/ResourceType(  576): No known package when getting name for resource number 0x9b010100
05-20 16:16:07.955 W/ResourceType(  576): No known package when getting name for resource number 0x9b030300
05-20 16:16:07.955 W/ResourceType(  576): No known package when getting name for resource number 0x9b040400
05-20 16:16:07.955 W/ResourceType(  576): No known package when getting name for resource number 0x9c030103
05-20 16:16:07.963 W/ResourceType(  576): No known package when getting name for resource number 0x9c030203
05-20 16:16:07.963 W/ResourceType(  576): No known package when getting name for resource number 0x9c010002
05-20 16:16:07.971 W/ResourceType(  576): No known package when getting name for resource number 0x9b000000
05-20 16:16:07.978 W/ResourceType(  576): No known package when getting name for resource number 0x9b010100
05-20 16:16:07.978 W/ResourceType(  576): No known package when getting name for resource number 0x9b030300
05-20 16:16:07.978 W/ResourceType(  576): No known package when getting name for resource number 0x9b040400
05-20 16:16:07.978 W/ResourceType(  576): No known package when getting name for resource number 0x9c030103
05-20 16:16:07.978 W/ResourceType(  576): No known package when getting name for resource number 0x9c030203
05-20 16:16:07.978 W/ResourceType(  576): No known package when getting name for resource number 0x9c010002
05-20 16:16:07.994 W/ResourceType(  576): No known package when getting name for resource number 0x9b000000
05-20 16:16:07.994 W/ResourceType(  576): No known package when getting name for resource number 0x9b010100
05-20 16:16:07.994 W/ResourceType(  576): No known package when getting name for resource number 0x9b030300
05-20 16:16:07.994 W/ResourceType(  576): No known package when getting name for resource number 0x9b040400
05-20 16:16:08.002 W/ResourceType(  576): No known package when getting name for resource number 0x9c030103
05-20 16:16:08.002 W/ResourceType(  576): No known package when getting name for resource number 0x9c030203
05-20 16:16:08.002 W/ResourceType(  576): No known package when getting name for resource number 0x9c010002
05-20 16:16:08.017 W/ResourceType(  576): No known package when getting name for resource number 0x9b000000
05-20 16:16:08.017 W/ResourceType(  576): No known package when getting name for resource number 0x9b010100
05-20 16:16:08.017 W/ResourceType(  576): No known package when getting name for resource number 0x9b030300
05-20 16:16:08.017 W/ResourceType(  576): No known package when getting name for resource number 0x9b040400
05-20 16:16:08.017 W/ResourceType(  576): No known package when getting name for resource number 0x9c030103
05-20 16:16:08.017 W/ResourceType(  576): No known package when getting name for resource number 0x9c030203
05-20 16:16:08.017 W/ResourceType(  576): No known package when getting name for resource number 0x9c010002
05-20 16:16:08.033 D/dalvikvm( 5090): JIT unchain all for threadid=11
05-20 16:16:08.041 W/ResourceType(  576): No known package when getting name for resource number 0x9b000000
05-20 16:16:08.041 W/ResourceType(  576): No known package when getting name for resource number 0x9b010100
05-20 16:16:08.041 W/ResourceType(  576): No known package when getting name for resource number 0x9b030300
05-20 16:16:08.041 W/ResourceType(  576): No known package when getting name for resource number 0x9b040400
05-20 16:16:08.041 W/ResourceType(  576): No known package when getting name for resource number 0x9c030103
05-20 16:16:08.041 W/ResourceType(  576): No known package when getting name for resource number 0x9c030203
05-20 16:16:08.049 W/ResourceType(  576): No known package when getting name for resource number 0x9c010002
05-20 16:16:08.064 W/ResourceType(  576): No known package when getting name for resource number 0x9b000000
05-20 16:16:08.064 W/ResourceType(  576): No known package when getting name for resource number 0x9b010100
05-20 16:16:08.064 W/ResourceType(  576): No known package when getting name for resource number 0x9b030300
05-20 16:16:08.064 W/ResourceType(  576): No known package when getting name for resource number 0x9b040400
05-20 16:16:08.072 W/ResourceType(  576): No known package when getting name for resource number 0x9c030103
05-20 16:16:08.072 W/ResourceType(  576): No known package when getting name for resource number 0x9c030203
05-20 16:16:08.072 W/ResourceType(  576): No known package when getting name for resource number 0x9c010002
05-20 16:16:08.088 D/dalvikvm( 5652): GC_CONCURRENT freed 431K, 92% free 692K/8192K, paused 0ms+0ms, total 6ms
05-20 16:16:08.096 W/ResourceType(  576): No known package when getting name for resource number 0x9b000000
05-20 16:16:08.096 W/ResourceType(  576): No known package when getting name for resource number 0x9b010100
05-20 16:16:08.096 W/ResourceType(  576): No known package when getting name for resource number 0x9b030300
05-20 16:16:08.096 W/ResourceType(  576): No known package when getting name for resource number 0x9b040400
05-20 16:16:08.096 D/dalvikvm( 5090): GC_CONCURRENT freed 6239K, 23% free 27388K/35148K, paused 274ms+271ms, total 640ms
05-20 16:16:08.096 D/dalvikvm( 5090): WAIT_FOR_CONCURRENT_GC blocked 333ms
05-20 16:16:08.103 W/ResourceType(  576): No known package when getting name for resource number 0x9c030103
05-20 16:16:08.103 W/ResourceType(  576): No known package when getting name for resource number 0x9c030203
05-20 16:16:08.103 W/ResourceType(  576): No known package when getting name for resource number 0x9c010002
05-20 16:16:08.119 W/ResourceType(  576): No known package when getting name for resource number 0x9b000000
05-20 16:16:08.119 W/ResourceType(  576): No known package when getting name for resource number 0x9b010100
05-20 16:16:08.119 W/ResourceType(  576): No known package when getting name for resource number 0x9b030300
05-20 16:16:08.119 W/ResourceType(  576): No known package when getting name for resource number 0x9b040400
05-20 16:16:08.127 W/ResourceType(  576): No known package when getting name for resource number 0x9c030103
05-20 16:16:08.127 W/ResourceType(  576): No known package when getting name for resource number 0x9c030203
05-20 16:16:08.127 W/ResourceType(  576): No known package when getting name for resource number 0x9c010002
05-20 16:16:08.142 W/ResourceType(  576): No known package when getting name for resource number 0x9b000000
05-20 16:16:08.142 W/ResourceType(  576): No known package when getting name for resource number 0x9b010100
05-20 16:16:08.142 W/ResourceType(  576): No known package when getting name for resource number 0x9b030300
05-20 16:16:08.142 W/ResourceType(  576): No known package when getting name for resource number 0x9b040400
05-20 16:16:08.150 W/ResourceType(  576): No known package when getting name for resource number 0x9c030103
05-20 16:16:08.150 W/ResourceType(  576): No known package when getting name for resource number 0x9c030203
05-20 16:16:08.150 W/ResourceType(  576): No known package when getting name for resource number 0x9c010002
05-20 16:16:08.166 W/ResourceType(  576): No known package when getting name for resource number 0x9b000000
05-20 16:16:08.166 W/ResourceType(  576): No known package when getting name for resource number 0x9b010100
05-20 16:16:08.166 W/ResourceType(  576): No known package when getting name for resource number 0x9b030300
05-20 16:16:08.174 W/ResourceType(  576): No known package when getting name for resource number 0x9b040400
05-20 16:16:08.174 W/ResourceType(  576): No known package when getting name for resource number 0x9c030103
05-20 16:16:08.174 W/ResourceType(  576): No known package when getting name for resource number 0x9c030203
05-20 16:16:08.181 W/ResourceType(  576): No known package when getting name for resource number 0x9c010002
05-20 16:16:08.189 W/ResourceType(  576): No known package when getting name for resource number 0x9b000000
05-20 16:16:08.189 W/ResourceType(  576): No known package when getting name for resource number 0x9b010100
05-20 16:16:08.197 W/ResourceType(  576): No known package when getting name for resource number 0x9b030300
05-20 16:16:08.197 W/ResourceType(  576): No known package when getting name for resource number 0x9b040400
05-20 16:16:08.197 W/ResourceType(  576): No known package when getting name for resource number 0x9c030103
05-20 16:16:08.197 W/ResourceType(  576): No known package when getting name for resource number 0x9c030203
05-20 16:16:08.197 W/ResourceType(  576): No known package when getting name for resource number 0x9c010002
05-20 16:16:08.213 W/ResourceType(  576): No known package when getting name for resource number 0x9b000000
05-20 16:16:08.213 W/ResourceType(  576): No known package when getting name for resource number 0x9b010100
05-20 16:16:08.213 W/ResourceType(  576): No known package when getting name for resource number 0x9b030300
05-20 16:16:08.221 W/ResourceType(  576): No known package when getting name for resource number 0x9b040400
05-20 16:16:08.221 W/ResourceType(  576): No known package when getting name for resource number 0x9c030103
05-20 16:16:08.221 W/ResourceType(  576): No known package when getting name for resource number 0x9c030203
05-20 16:16:08.221 W/ResourceType(  576): No known package when getting name for resource number 0x9c010002
05-20 16:16:08.236 D/dalvikvm( 5652): GC_CONCURRENT freed 433K, 92% free 692K/8192K, paused 0ms+2ms, total 7ms
05-20 16:16:08.244 W/ResourceType(  576): No known package when getting name for resource number 0x9b000000
05-20 16:16:08.244 W/ResourceType(  576): No known package when getting name for resource number 0x9b010100
05-20 16:16:08.244 W/ResourceType(  576): No known package when getting name for resource number 0x9b030300
05-20 16:16:08.244 W/ResourceType(  576): No known package when getting name for resource number 0x9b040400
05-20 16:16:08.252 W/ResourceType(  576): No known package when getting name for resource number 0x9c030103
05-20 16:16:08.252 W/ResourceType(  576): No known package when getting name for resource number 0x9c030203
05-20 16:16:08.252 W/ResourceType(  576): No known package when getting name for resource number 0x9c010002
05-20 16:16:08.267 W/ResourceType(  576): No known package when getting name for resource number 0x9b000000
05-20 16:16:08.267 W/ResourceType(  576): No known package when getting name for resource number 0x9b010100
05-20 16:16:08.267 W/ResourceType(  576): No known package when getting name for resource number 0x9b030300
05-20 16:16:08.267 W/ResourceType(  576): No known package when getting name for resource number 0x9b040400
05-20 16:16:08.267 W/ResourceType(  576): No known package when getting name for resource number 0x9c030103
05-20 16:16:08.275 W/ResourceType(  576): No known package when getting name for resource number 0x9c030203
05-20 16:16:08.275 W/ResourceType(  576): No known package when getting name for resource number 0x9c010002
05-20 16:16:08.291 W/ResourceType(  576): No known package when getting name for resource number 0x9b000000
05-20 16:16:08.291 W/ResourceType(  576): No known package when getting name for resource number 0x9b010100
05-20 16:16:08.291 W/ResourceType(  576): No known package when getting name for resource number 0x9b030300
05-20 16:16:08.291 W/ResourceType(  576): No known package when getting name for resource number 0x9b040400
05-20 16:16:08.291 W/ResourceType(  576): No known package when getting name for resource number 0x9c030103
05-20 16:16:08.291 W/ResourceType(  576): No known package when getting name for resource number 0x9c030203
05-20 16:16:08.291 W/ResourceType(  576): No known package when getting name for resource number 0x9c010002
05-20 16:16:08.306 W/ResourceType(  576): No known package when getting name for resource number 0x9b000000
05-20 16:16:08.306 W/ResourceType(  576): No known package when getting name for resource number 0x9b010100
05-20 16:16:08.306 W/ResourceType(  576): No known package when getting name for resource number 0x9b030300
05-20 16:16:08.306 W/ResourceType(  576): No known package when getting name for resource number 0x9b040400
05-20 16:16:08.314 W/ResourceType(  576): No known package when getting name for resource number 0x9c030103
05-20 16:16:08.314 W/ResourceType(  576): No known package when getting name for resource number 0x9c030203
05-20 16:16:08.314 W/ResourceType(  576): No known package when getting name for resource number 0x9c010002
05-20 16:16:08.330 W/ResourceType(  576): No known package when getting name for resource number 0x9b000000
05-20 16:16:08.330 W/ResourceType(  576): No known package when getting name for resource number 0x9b010100
05-20 16:16:08.330 W/ResourceType(  576): No known package when getting name for resource number 0x9b030300
05-20 16:16:08.330 W/ResourceType(  576): No known package when getting name for resource number 0x9b040400
05-20 16:16:08.338 W/ResourceType(  576): No known package when getting name for resource number 0x9c030103
05-20 16:16:08.338 W/ResourceType(  576): No known package when getting name for resource number 0x9c030203
05-20 16:16:08.338 W/ResourceType(  576): No known package when getting name for resource number 0x9c010002
05-20 16:16:08.353 W/ResourceType(  576): No known package when getting name for resource number 0x9b000000
05-20 16:16:08.353 W/ResourceType(  576): No known package when getting name for resource number 0x9b010100
05-20 16:16:08.353 W/ResourceType(  576): No known package when getting name for resource number 0x9b030300
05-20 16:16:08.353 W/ResourceType(  576): No known package when getting name for resource number 0x9b040400
05-20 16:16:08.353 W/ResourceType(  576): No known package when getting name for resource number 0x9c030103
05-20 16:16:08.353 W/ResourceType(  576): No known package when getting name for resource number 0x9c030203
05-20 16:16:08.361 W/ResourceType(  576): No known package when getting name for resource number 0x9c010002
05-20 16:16:08.377 D/dalvikvm( 5652): GC_CONCURRENT freed 429K, 92% free 692K/8192K, paused 2ms+0ms, total 7ms
05-20 16:16:08.377 W/ResourceType(  576): No known package when getting name for resource number 0x9b000000
05-20 16:16:08.377 W/ResourceType(  576): No known package when getting name for resource number 0x9b010100
05-20 16:16:08.377 W/ResourceType(  576): No known package when getting name for resource number 0x9b030300
05-20 16:16:08.377 W/ResourceType(  576): No known package when getting name for resource number 0x9b040400
05-20 16:16:08.385 W/ResourceType(  576): No known package when getting name for resource number 0x9c030103
05-20 16:16:08.385 W/ResourceType(  576): No known package when getting name for resource number 0x9c030203
05-20 16:16:08.385 W/ResourceType(  576): No known package when getting name for resource number 0x9c010002
05-20 16:16:08.400 W/ResourceType(  576): No known package when getting name for resource number 0x9b000000
05-20 16:16:08.400 W/ResourceType(  576): No known package when getting name for resource number 0x9b010100
05-20 16:16:08.400 W/ResourceType(  576): No known package when getting name for resource number 0x9b030300
05-20 16:16:08.400 W/ResourceType(  576): No known package when getting name for resource number 0x9b040400
05-20 16:16:08.408 W/ResourceType(  576): No known package when getting name for resource number 0x9c030103
05-20 16:16:08.408 W/ResourceType(  576): No known package when getting name for resource number 0x9c030203
05-20 16:16:08.408 W/ResourceType(  576): No known package when getting name for resource number 0x9c010002
05-20 16:16:08.424 W/ResourceType(  576): No known package when getting name for resource number 0x9b000000
05-20 16:16:08.424 W/ResourceType(  576): No known package when getting name for resource number 0x9b010100
05-20 16:16:08.424 W/ResourceType(  576): No known package when getting name for resource number 0x9b030300
05-20 16:16:08.424 W/ResourceType(  576): No known package when getting name for resource number 0x9b040400
05-20 16:16:08.424 W/ResourceType(  576): No known package when getting name for resource number 0x9c030103
05-20 16:16:08.424 W/ResourceType(  576): No known package when getting name for resource number 0x9c030203
05-20 16:16:08.424 W/ResourceType(  576): No known package when getting name for resource number 0x9c010002
05-20 16:16:08.439 W/ResourceType(  576): No known package when getting name for resource number 0x9b000000
05-20 16:16:08.439 W/ResourceType(  576): No known package when getting name for resource number 0x9b010100
05-20 16:16:08.439 W/ResourceType(  576): No known package when getting name for resource number 0x9b030300
05-20 16:16:08.439 W/ResourceType(  576): No known package when getting name for resource number 0x9b040400
05-20 16:16:08.447 W/ResourceType(  576): No known package when getting name for resource number 0x9c030103
05-20 16:16:08.447 W/ResourceType(  576): No known package when getting name for resource number 0x9c030203
05-20 16:16:08.447 W/ResourceType(  576): No known package when getting name for resource number 0x9c010002
05-20 16:16:08.463 W/ResourceType(  576): No known package when getting name for resource number 0x9b000000
05-20 16:16:08.463 W/ResourceType(  576): No known package when getting name for resource number 0x9b010100
05-20 16:16:08.463 W/ResourceType(  576): No known package when getting name for resource number 0x9b030300
05-20 16:16:08.463 W/ResourceType(  576): No known package when getting name for resource number 0x9b040400
05-20 16:16:08.463 W/ResourceType(  576): No known package when getting name for resource number 0x9c030103
05-20 16:16:08.471 W/ResourceType(  576): No known package when getting name for resource number 0x9c030203
05-20 16:16:08.471 W/ResourceType(  576): No known package when getting name for resource number 0x9c010002
05-20 16:16:08.478 W/ResourceType(  576): No known package when getting name for resource number 0x9b000000
05-20 16:16:08.478 W/ResourceType(  576): No known package when getting name for resource number 0x9b010100
05-20 16:16:08.486 W/ResourceType(  576): No known package when getting name for resource number 0x9b030300
05-20 16:16:08.486 W/ResourceType(  576): No known package when getting name for resource number 0x9b040400
05-20 16:16:08.486 W/ResourceType(  576): No known package when getting name for resource number 0x9c030103
05-20 16:16:08.486 W/ResourceType(  576): No known package when getting name for resource number 0x9c030203
05-20 16:16:08.486 W/ResourceType(  576): No known package when getting name for resource number 0x9c010002
05-20 16:16:08.502 D/dalvikvm( 5652): GC_CONCURRENT freed 431K, 92% free 692K/8192K, paused 1ms+1ms, total 5ms
05-20 16:16:08.502 W/ResourceType(  576): No known package when getting name for resource number 0x9b000000
05-20 16:16:08.510 W/ResourceType(  576): No known package when getting name for resource number 0x9b010100
05-20 16:16:08.510 W/ResourceType(  576): No known package when getting name for resource number 0x9b030300
05-20 16:16:08.510 W/ResourceType(  576): No known package when getting name for resource number 0x9b040400
05-20 16:16:08.510 W/ResourceType(  576): No known package when getting name for resource number 0x9c030103
05-20 16:16:08.510 W/ResourceType(  576): No known package when getting name for resource number 0x9c030203
05-20 16:16:08.510 W/ResourceType(  576): No known package when getting name for resource number 0x9c010002
05-20 16:16:08.525 W/ResourceType(  576): No known package when getting name for resource number 0x9b000000
05-20 16:16:08.525 W/ResourceType(  576): No known package when getting name for resource number 0x9b010100
05-20 16:16:08.525 W/ResourceType(  576): No known package when getting name for resource number 0x9b030300
05-20 16:16:08.525 W/ResourceType(  576): No known package when getting name for resource number 0x9b040400
05-20 16:16:08.533 W/ResourceType(  576): No known package when getting name for resource number 0x9c030103
05-20 16:16:08.533 W/ResourceType(  576): No known package when getting name for resource number 0x9c030203
05-20 16:16:08.533 W/ResourceType(  576): No known package when getting name for resource number 0x9c010002
05-20 16:16:08.549 W/ResourceType(  576): No known package when getting name for resource number 0x9b000000
05-20 16:16:08.549 W/ResourceType(  576): No known package when getting name for resource number 0x9b010100
05-20 16:16:08.549 W/ResourceType(  576): No known package when getting name for resource number 0x9b030300
05-20 16:16:08.549 W/ResourceType(  576): No known package when getting name for resource number 0x9b040400
05-20 16:16:08.549 W/ResourceType(  576): No known package when getting name for resource number 0x9c030103
05-20 16:16:08.556 W/ResourceType(  576): No known package when getting name for resource number 0x9c030203
05-20 16:16:08.556 W/ResourceType(  576): No known package when getting name for resource number 0x9c010002
05-20 16:16:08.564 D/MDM :   ( 5090): [null:-1]->statusCode : 200
05-20 16:16:08.564 D/MDM :   ( 5090): [null:-1]->statusCode : 200
05-20 16:16:08.564 V/DEBUG   ( 5090): HTTP 1
05-20 16:16:08.572 W/ResourceType(  576): No known package when getting name for resource number 0x9b000000
05-20 16:16:08.572 W/ResourceType(  576): No known package when getting name for resource number 0x9b010100
05-20 16:16:08.572 W/ResourceType(  576): No known package when getting name for resource number 0x9b030300
05-20 16:16:08.572 W/ResourceType(  576): No known package when getting name for resource number 0x9b040400
05-20 16:16:08.572 W/ResourceType(  576): No known package when getting name for resource number 0x9c030103
05-20 16:16:08.572 W/ResourceType(  576): No known package when getting name for resource number 0x9c030203
05-20 16:16:08.580 W/ResourceType(  576): No known package when getting name for resource number 0x9c010002
05-20 16:16:08.580 D/MDM :   ( 5090): [null:-1]->read network input stream
05-20 16:16:08.580 D/MDM :   ( 5090): [null:-1]->read network input stream
05-20 16:16:08.588 D/MDM :   ( 5090): [null:-1]->Get joson string: <?xml version="1.0" encoding="UTF-8"?>
05-20 16:16:08.588 D/MDM :   ( 5090): <!DOCTYPE plist PUBLIC "-//Apple//DTD PLIST 1.0//EN" "http://www.apple.com/DTDs/PropertyList-1.0.dtd">
05-20 16:16:08.588 D/MDM :   ( 5090): <plist version="1.0">
05-20 16:16:08.588 D/MDM :   ( 5090): <dict>
05-20 16:16:08.588 D/MDM :   ( 5090): 	<key>CommandUUID</key>
05-20 16:16:08.588 D/MDM :   ( 5090): 	<string>844eb80e-7336-403a-b5a3-3f31f34e6232</string>
05-20 16:16:08.588 D/MDM :   ( 5090): 	<key>Command</key>
05-20 16:16:08.588 D/MDM :   ( 5090): 	<dict>
05-20 16:16:08.588 D/MDM :   ( 5090): 		<key>DocumentName</key>
05-20 16:16:08.588 D/MDM :   ( 5090): 		<string></string>
05-20 16:16:08.588 D/MDM :   ( 5090): 		<key>DocumentSize</key>
05-20 16:16:08.588 D/MDM :   ( 5090): 		<integer>40</integer>
05-20 16:16:08.588 D/MDM :   ( 5090): 		<key>DocumentFormat</key>
05-20 16:16:08.588 D/MDM :   ( 5090): 		<string>txt</string>
05-20 16:16:08.588 D/MDM :   ( 5090): 		<key>DownloadURL</key>
05-20 16:16:08.588 D/MDM :   ( 5090): 		<string>https://test.mdm.everknow.cn/resources/api/v1/download/guest?uuid=a065cc5188324d9012dcc441e365</string>
05-20 16:16:08.588 D/MDM :   ( 5090): 		<key>Auth</key>
05-20 16:16:08.588 D/MDM :   ( 5090): 		<integer>0</integer>
05-20 16:16:08.588 D/MDM :   ( 5090): 		<key>DocumentUUID</key>
05-20 16:16:08.588 D/MDM :   ( 5090): 		<string>164</string>
05-20 16:16:08.588 D/MDM :   ( 5090): 		<key>Version</key>
05-20 16:16:08.588 D/MDM :   ( 5090): 		<string></string>
05-20 16:16:08.588 D/MDM :   ( 5090): 		<key>DocumentDescription</key>
05-20 16:16:08.588 D/MDM :   ( 5090): 		<string></string>
05-20 16:16:08.588 D/MDM :   ( 5090): 		<key>DocumentCategory</key>
05-20 16:16:08.588 D/MDM :   ( 5090): 		<integer>57506</integer>
05-20 16:16:08.588 D/MDM :   ( 5090): 		<key>IsCompressed</key>
05-20 16:16:08.588 D/MDM :   ( 5090): 		<integer>0</integer>
05-20 16:16:08.588 D/MDM :   ( 5090): 		<key>ReadAuthDay</key>
05-20 16:16:08.588 D/MDM :   ( 5090): 		<integer>0</integer>
05-20 16:16:08.588 D/MDM :   ( 5090): 		<key>RingNotify</key>
05-20 16:16:08.588 D/MDM :   ( 5090): 		<integer>0</integer>
05-20 16:16:08.588 D/MDM :   ( 5090): 		<key>EncryptLevel</key>
05-20 16:16:08.588 D/MDM :   ( 5090): 		<integer>0</integer>
05-20 16:16:08.588 D/MDM :   ( 5090): 		<key>DocumentType</key>
05-20 16:16:08.588 D/MDM :   ( 5090): 		<string>Normal</string>
05-20 16:16:08.588 D/MDM :   ( 5090): 		<key>RequestType</key>
05-20 16:16:08.588 D/MDM :   ( 5090): 		<string>InstallDocument</string>
05-20 16:16:08.588 D/MDM :   ( 5090): 	</dict>
05-20 16:16:08.588 D/MDM :   ( 5090): </dict>
05-20 16:16:08.588 D/MDM :   ( 5090): </plist>
05-20 16:16:08.596 W/ResourceType(  576): No known package when getting name for resource number 0x9b000000
05-20 16:16:08.596 W/ResourceType(  576): No known package when getting name for resource number 0x9b010100
05-20 16:16:08.596 W/ResourceType(  576): No known package when getting name for resource number 0x9b030300
05-20 16:16:08.596 W/ResourceType(  576): No known package when getting name for resource number 0x9b040400
05-20 16:16:08.596 W/ResourceType(  576): No known package when getting name for resource number 0x9c030103
05-20 16:16:08.596 W/ResourceType(  576): No known package when getting name for resource number 0x9c030203
05-20 16:16:08.603 W/ResourceType(  576): No known package when getting name for resource number 0x9c010002
05-20 16:16:08.619 W/ResourceType(  576): No known package when getting name for resource number 0x9b000000
05-20 16:16:08.619 W/ResourceType(  576): No known package when getting name for resource number 0x9b010100
05-20 16:16:08.619 W/ResourceType(  576): No known package when getting name for resource number 0x9b030300
05-20 16:16:08.619 W/ResourceType(  576): No known package when getting name for resource number 0x9b040400
05-20 16:16:08.619 D/MdmDatabaseHelper( 5090): [null:-1]->update command 825aade0-524e-49a5-91dc-83ab23d2f3c1 to status executed
05-20 16:16:08.627 W/ResourceType(  576): No known package when getting name for resource number 0x9c030103
05-20 16:16:08.627 W/ResourceType(  576): No known package when getting name for resource number 0x9c030203
05-20 16:16:08.627 W/ResourceType(  576): No known package when getting name for resource number 0x9c010002
05-20 16:16:08.642 D/dalvikvm( 5652): GC_CONCURRENT freed 382K, 92% free 694K/8192K, paused 2ms+0ms, total 7ms
05-20 16:16:08.650 W/ResourceType(  576): No known package when getting name for resource number 0x9b000000
05-20 16:16:08.650 W/ResourceType(  576): No known package when getting name for resource number 0x9b010100
05-20 16:16:08.650 W/ResourceType(  576): No known package when getting name for resource number 0x9b030300
05-20 16:16:08.650 W/ResourceType(  576): No known package when getting name for resource number 0x9b040400
05-20 16:16:08.658 D/CheckInTransInfo( 5090): [null:-1]->CommandMsg : CommandMsg{CommandUUID='844eb80e-7336-403a-b5a3-3f31f34e6232', Command=CommandInstallDocument{DocumentName='', DocumentSize=40, DocumentFormat='txt', DownloadURL='https://test.mdm.everknow.cn/resources/api/v1/download/guest?uuid=a065cc5188324d9012dcc441e365', Auth=0, DocumentUUID='164', Version='', DocumentDescription='', DocumentCategory=57506, IsCompressed=0, ReadAuthDay=0, RingNotify=0, EncryptLevel=0}}
05-20 16:16:08.658 W/ResourceType(  576): No known package when getting name for resource number 0x9c030103
05-20 16:16:08.658 W/ResourceType(  576): No known package when getting name for resource number 0x9c030203
05-20 16:16:08.658 W/ResourceType(  576): No known package when getting name for resource number 0x9c010002
05-20 16:16:08.674 W/ResourceType(  576): No known package when getting name for resource number 0x9b000000
05-20 16:16:08.674 W/ResourceType(  576): No known package when getting name for resource number 0x9b010100
05-20 16:16:08.674 W/ResourceType(  576): No known package when getting name for resource number 0x9b030300
05-20 16:16:08.674 W/ResourceType(  576): No known package when getting name for resource number 0x9b040400
05-20 16:16:08.674 W/ResourceType(  576): No known package when getting name for resource number 0x9c030103
05-20 16:16:08.681 W/ResourceType(  576): No known package when getting name for resource number 0x9c030203
05-20 16:16:08.681 W/ResourceType(  576): No known package when getting name for resource number 0x9c010002
05-20 16:16:08.689 D/NetworkThread( 5090): [null:-1]->clear mCurrentTransInfo
05-20 16:16:08.689 D/NetworkThread( 5090): [null:-1]->queue is empty, thread wait...
05-20 16:16:08.689 W/ResourceType(  576): No known package when getting name for resource number 0x9b000000
05-20 16:16:08.697 W/ResourceType(  576): No known package when getting name for resource number 0x9b010100
05-20 16:16:08.697 W/ResourceType(  576): No known package when getting name for resource number 0x9b030300
05-20 16:16:08.697 W/ResourceType(  576): No known package when getting name for resource number 0x9b040400
05-20 16:16:08.697 W/ResourceType(  576): No known package when getting name for resource number 0x9c030103
05-20 16:16:08.697 W/ResourceType(  576): No known package when getting name for resource number 0x9c030203
05-20 16:16:08.697 W/ResourceType(  576): No known package when getting name for resource number 0x9c010002
05-20 16:16:08.713 W/ResourceType(  576): No known package when getting name for resource number 0x9b000000
05-20 16:16:08.713 W/ResourceType(  576): No known package when getting name for resource number 0x9b010100
05-20 16:16:08.713 W/ResourceType(  576): No known package when getting name for resource number 0x9b030300
05-20 16:16:08.713 W/ResourceType(  576): No known package when getting name for resource number 0x9b040400
05-20 16:16:08.721 W/ResourceType(  576): No known package when getting name for resource number 0x9c030103
05-20 16:16:08.721 W/ResourceType(  576): No known package when getting name for resource number 0x9c030203
05-20 16:16:08.721 W/ResourceType(  576): No known package when getting name for resource number 0x9c010002
05-20 16:16:08.728 W/ResourceType(  576): No known package when getting name for resource number 0x9b000000
05-20 16:16:08.728 W/ResourceType(  576): No known package when getting name for resource number 0x9b010100
05-20 16:16:08.736 W/ResourceType(  576): No known package when getting name for resource number 0x9b030300
05-20 16:16:08.736 W/ResourceType(  576): No known package when getting name for resource number 0x9b040400
05-20 16:16:08.736 W/ResourceType(  576): No known package when getting name for resource number 0x9c030103
05-20 16:16:08.736 W/ResourceType(  576): No known package when getting name for resource number 0x9c030203
05-20 16:16:08.736 W/ResourceType(  576): No known package when getting name for resource number 0x9c010002
05-20 16:16:08.752 D/dalvikvm( 5652): GC_CONCURRENT freed 431K, 92% free 671K/8192K, paused 1ms+1ms, total 5ms
05-20 16:16:08.760 W/ResourceType(  576): No known package when getting name for resource number 0x9b000000
05-20 16:16:08.760 W/ResourceType(  576): No known package when getting name for resource number 0x9b010100
05-20 16:16:08.760 W/ResourceType(  576): No known package when getting name for resource number 0x9b030300
05-20 16:16:08.760 W/ResourceType(  576): No known package when getting name for resource number 0x9b040400
05-20 16:16:08.760 W/ResourceType(  576): No known package when getting name for resource number 0x9c030103
05-20 16:16:08.760 W/ResourceType(  576): No known package when getting name for resource number 0x9c030203
05-20 16:16:08.760 W/ResourceType(  576): No known package when getting name for resource number 0x9c010002
05-20 16:16:08.775 W/ResourceType(  576): No known package when getting name for resource number 0x9b000000
05-20 16:16:08.783 W/ResourceType(  576): No known package when getting name for resource number 0x9b010100
05-20 16:16:08.783 W/ResourceType(  576): No known package when getting name for resource number 0x9b030300
05-20 16:16:08.783 W/ResourceType(  576): No known package when getting name for resource number 0x9b040400
05-20 16:16:08.783 W/ResourceType(  576): No known package when getting name for resource number 0x9c030103
05-20 16:16:08.783 W/ResourceType(  576): No known package when getting name for resource number 0x9c030203
05-20 16:16:08.783 W/ResourceType(  576): No known package when getting name for resource number 0x9c010002
05-20 16:16:08.791 D/MdmService( 5090): [null:-1]->handleCheckInResult
05-20 16:16:08.791 D/MdmService( 5090): [null:-1]->handleCheckInResult result keyIndex: 3
05-20 16:16:08.791 D/CommandManager( 5090): [null:-1]->execute command: CommandMsg{CommandUUID='844eb80e-7336-403a-b5a3-3f31f34e6232', Command=CommandInstallDocument{DocumentName='', DocumentSize=40, DocumentFormat='txt', DownloadURL='https://test.mdm.everknow.cn/resources/api/v1/download/guest?uuid=a065cc5188324d9012dcc441e365', Auth=0, DocumentUUID='164', Version='', DocumentDescription='', DocumentCategory=57506, IsCompressed=0, ReadAuthDay=0, RingNotify=0, EncryptLevel=0}}
05-20 16:16:08.799 W/Parcel  ( 1661): Attempt to read object from Parcel 0x5ef3bdac at offset 200 that is not in the object list
05-20 16:16:08.806 D/DownLoadDocService( 5090): [null:-1]->action is  com.pekall.emdm.action.DOWNLOADDOC
05-20 16:16:08.806 D/DownLoadDocService( 5090): [null:-1]->uuid is  164 ,url is https://test.mdm.everknow.cn/resources/api/v1/download/guest?uuid=a065cc5188324d9012dcc441e365
05-20 16:16:08.806 W/ResourceType(  576): No known package when getting name for resource number 0x9b000000
05-20 16:16:08.806 D/StorageManager( 5090): Create document synchronously, bundle
05-20 16:16:08.806 W/ResourceType(  576): No known package when getting name for resource number 0x9b010100
05-20 16:16:08.814 W/ResourceType(  576): No known package when getting name for resource number 0x9b030300
05-20 16:16:08.814 W/ResourceType(  576): No known package when getting name for resource number 0x9b040400
05-20 16:16:08.814 W/ResourceType(  576): No known package when getting name for resource number 0x9c030103
05-20 16:16:08.814 D/SDCardDocumentStore( 5090): Home directory: /storage/emulated/0/contentlocker
05-20 16:16:08.822 D/StorageManageImpl( 5090): >>> name: 
05-20 16:16:08.822 D/StorageManageImpl( 5090): >>> extension: txt
05-20 16:16:08.822 D/StorageManageImpl( 5090): >>> mime type: text/plain
05-20 16:16:08.822 D/StorageManageImpl( 5090): >>> size: 40
05-20 16:16:08.822 D/StorageManageImpl( 5090): >>> created date: 1400573768826
05-20 16:16:08.822 D/StorageManageImpl( 5090): >>> modified date: 1400573768826
05-20 16:16:08.822 D/StorageManageImpl( 5090): >>> server url: 164
05-20 16:16:08.822 D/StorageManageImpl( 5090): >>> is visible: false
05-20 16:16:08.822 D/StorageManageImpl( 5090): >>> sort: C
05-20 16:16:08.822 W/ResourceType(  576): No known package when getting name for resource number 0x9c030203
05-20 16:16:08.830 W/ResourceType(  576): No known package when getting name for resource number 0x9c010002
05-20 16:16:08.838 D/CommandManager( 5090): [null:-1]->requestType: InstallDocument
05-20 16:16:08.846 W/ResourceType(  576): No known package when getting name for resource number 0x9b000000
05-20 16:16:08.846 W/ResourceType(  576): No known package when getting name for resource number 0x9b010100
05-20 16:16:08.846 W/ResourceType(  576): No known package when getting name for resource number 0x9b030300
05-20 16:16:08.846 W/ResourceType(  576): No known package when getting name for resource number 0x9b040400
05-20 16:16:08.846 W/ResourceType(  576): No known package when getting name for resource number 0x9c030103
05-20 16:16:08.853 W/ResourceType(  576): No known package when getting name for resource number 0x9c030203
