05-20 16:16:08.853 W/ResourceType(  576): No known package when getting name for resource number 0x9c010002
05-20 16:16:08.869 W/ResourceType(  576): No known package when getting name for resource number 0x9b000000
05-20 16:16:08.869 W/ResourceType(  576): No known package when getting name for resource number 0x9b010100
05-20 16:16:08.869 W/ResourceType(  576): No known package when getting name for resource number 0x9b030300
05-20 16:16:08.869 W/ResourceType(  576): No known package when getting name for resource number 0x9b040400
05-20 16:16:08.877 W/ResourceType(  576): No known package when getting name for resource number 0x9c030103
05-20 16:16:08.877 W/ResourceType(  576): No known package when getting name for resource number 0x9c030203
05-20 16:16:08.877 W/ResourceType(  576): No known package when getting name for resource number 0x9c010002
05-20 16:16:08.892 W/ResourceType(  576): No known package when getting name for resource number 0x9b000000
05-20 16:16:08.892 W/ResourceType(  576): No known package when getting name for resource number 0x9b010100
05-20 16:16:08.892 W/ResourceType(  576): No known package when getting name for resource number 0x9b030300
05-20 16:16:08.892 W/ResourceType(  576): No known package when getting name for resource number 0x9b040400
05-20 16:16:08.892 W/ResourceType(  576): No known package when getting name for resource number 0x9c030103
05-20 16:16:08.892 W/ResourceType(  576): No known package when getting name for resource number 0x9c030203
05-20 16:16:08.892 W/ResourceType(  576): No known package when getting name for resource number 0x9c010002
05-20 16:16:08.908 W/Parcel  ( 1661): Attempt to read object from Parcel 0x6003bdac at offset 200 that is not in the object list
05-20 16:16:08.916 D/dalvikvm( 5652): GC_CONCURRENT freed 409K, 92% free 693K/8192K, paused 0ms+2ms, total 7ms
05-20 16:16:08.916 W/ResourceType(  576): No known package when getting name for resource number 0x9b000000
05-20 16:16:08.916 W/ResourceType(  576): No known package when getting name for resource number 0x9b010100
05-20 16:16:08.924 W/ResourceType(  576): No known package when getting name for resource number 0x9b030300
05-20 16:16:08.924 W/ResourceType(  576): No known package when getting name for resource number 0x9b040400
05-20 16:16:08.924 W/ResourceType(  576): No known package when getting name for resource number 0x9c030103
05-20 16:16:08.924 W/ResourceType(  576): No known package when getting name for resource number 0x9c030203
05-20 16:16:08.924 W/ResourceType(  576): No known package when getting name for resource number 0x9c010002
05-20 16:16:08.939 W/ResourceType(  576): No known package when getting name for resource number 0x9b000000
05-20 16:16:08.939 W/ResourceType(  576): No known package when getting name for resource number 0x9b010100
05-20 16:16:08.939 W/ResourceType(  576): No known package when getting name for resource number 0x9b030300
05-20 16:16:08.939 W/ResourceType(  576): No known package when getting name for resource number 0x9b040400
05-20 16:16:08.947 W/ResourceType(  576): No known package when getting name for resource number 0x9c030103
05-20 16:16:08.947 W/ResourceType(  576): No known package when getting name for resource number 0x9c030203
05-20 16:16:08.947 W/ResourceType(  576): No known package when getting name for resource number 0x9c010002
05-20 16:16:08.947 W/Parcel  ( 1661): Attempt to read object from Parcel 0x5ded3dac at offset 200 that is not in the object list
05-20 16:16:08.963 W/ResourceType(  576): No known package when getting name for resource number 0x9b000000
05-20 16:16:08.963 W/ResourceType(  576): No known package when getting name for resource number 0x9b010100
05-20 16:16:08.963 W/ResourceType(  576): No known package when getting name for resource number 0x9b030300
05-20 16:16:08.963 W/ResourceType(  576): No known package when getting name for resource number 0x9b040400
05-20 16:16:08.971 W/ResourceType(  576): No known package when getting name for resource number 0x9c030103
05-20 16:16:08.971 W/ResourceType(  576): No known package when getting name for resource number 0x9c030203
05-20 16:16:08.971 W/ResourceType(  576): No known package when getting name for resource number 0x9c010002
05-20 16:16:09.002 W/Parcel  ( 1661): Attempt to read object from Parcel 0x6013bdac at offset 200 that is not in the object list
05-20 16:16:09.025 D/MdmDatabaseHelper( 5090): [null:-1]->update command 844eb80e-7336-403a-b5a3-3f31f34e6232 to commandStatus <?xml version="1.0" encoding="UTF-8"?>
05-20 16:16:09.025 D/MdmDatabaseHelper( 5090): <!DOCTYPE plist PUBLIC "-//Apple//DTD PLIST 1.0//EN" "http://www.apple.com/DTDs/PropertyList-1.0.dtd">
05-20 16:16:09.025 D/MdmDatabaseHelper( 5090): <plist version="1.0">
05-20 16:16:09.025 D/MdmDatabaseHelper( 5090): <dict>
05-20 16:16:09.025 D/MdmDatabaseHelper( 5090): 	<key>CommandUUID</key>
05-20 16:16:09.025 D/MdmDatabaseHelper( 5090): 	<string>844eb80e-7336-403a-b5a3-3f31f34e6232</string>
05-20 16:16:09.025 D/MdmDatabaseHelper( 5090): 	<key>Status</key>
05-20 16:16:09.025 D/MdmDatabaseHelper( 5090): 	<string>Acknowledged</string>
05-20 16:16:09.025 D/MdmDatabaseHelper( 5090): 	<key>UDID</key>
05-20 16:16:09.025 D/MdmDatabaseHelper( 5090): 	<string>00013fbc8ecec5b90000014613abe64a</string>
05-20 16:16:09.025 D/MdmDatabaseHelper( 5090): </dict>
05-20 16:16:09.025 D/MdmDatabaseHelper( 5090): </plist>
05-20 16:16:09.056 V/CounterTextView( 5090): onReceive
05-20 16:16:09.056 D/        ( 5090): [---null: -1---]   msg  xxd1
05-20 16:16:09.056 V/CounterTextView( 5090): onReceive
05-20 16:16:09.064 D/        ( 5090): [---null: -1---]   msg  xxd1
05-20 16:16:09.064 V/CounterTextView( 5090): onReceive
05-20 16:16:09.064 D/        ( 5090): [---null: -1---]   msg  xxd1
05-20 16:16:09.064 V/CounterTextView( 5090): onReceive
05-20 16:16:09.064 D/        ( 5090): [---null: -1---]   msg  xxd1
05-20 16:16:09.072 V/CounterTextView( 5090): onReceive
05-20 16:16:09.072 D/        ( 5090): [---null: -1---]   msg  xxd1
05-20 16:16:09.072 V/CounterTextView( 5090): onReceive
05-20 16:16:09.072 D/        ( 5090): [---null: -1---]   msg  xxd1
05-20 16:16:09.088 I/TransInfo( 5090): TransInfo created, id: 3, class: class com.pekall.emdm.transaction.c.b
05-20 16:16:09.096 D/NetworkThread( 5090): [null:-1]->----isRunning-----true
05-20 16:16:09.096 D/NetworkThread( 5090): [null:-1]->----isRunning-----true
05-20 16:16:09.096 D/NetworkThread( 5090): [null:-1]->thread wakeup
05-20 16:16:09.096 D/NetworkThread( 5090): [null:-1]->sendHttpPost:PostRequest, url: http://192.168.10.21/rest/mdm/v1/ios/android_server, Params: [content:<?xml version="1.0" encoding="UTF-8"?>
05-20 16:16:09.096 D/NetworkThread( 5090): <!DOCTYPE plist PUBLIC "-//Apple//DTD PLIST 1.0//EN" "http://www.apple.com/DTDs/PropertyList-1.0.dtd">
05-20 16:16:09.096 D/NetworkThread( 5090): <plist version="1.0">
05-20 16:16:09.096 D/NetworkThread( 5090): <dict>
05-20 16:16:09.096 D/NetworkThread( 5090): 	<key>CommandUUID</key>
05-20 16:16:09.096 D/NetworkThread( 5090): 	<string>844eb80e-7336-403a-b5a3-3f31f34e6232</string>
05-20 16:16:09.096 D/NetworkThread( 5090): 	<key>Status</key>
05-20 16:16:09.096 D/NetworkThread( 5090): 	<string>Acknowledged</string>
05-20 16:16:09.096 D/NetworkThread( 5090): 	<key>UDID</key>
05-20 16:16:09.096 D/NetworkThread( 5090): 	<string>00013fbc8ecec5b90000014613abe64a</string>
05-20 16:16:09.096 D/NetworkThread( 5090): </dict>
05-20 16:16:09.096 D/NetworkThread( 5090): </plist>], 
05-20 16:16:09.096 D/HttpClient( 5090): enable apache.http debug
05-20 16:16:09.103 V/DEBUG   ( 5090): HTTP 0
05-20 16:16:09.471 W/ResourceType(  576): No known package when getting name for resource number 0x9b000000
05-20 16:16:09.471 W/ResourceType(  576): No known package when getting name for resource number 0x9b010100
05-20 16:16:09.471 W/ResourceType(  576): No known package when getting name for resource number 0x9b030300
05-20 16:16:09.471 W/ResourceType(  576): No known package when getting name for resource number 0x9b040400
05-20 16:16:09.478 W/ResourceType(  576): No known package when getting name for resource number 0x9c030103
05-20 16:16:09.478 W/ResourceType(  576): No known package when getting name for resource number 0x9c030203
05-20 16:16:09.478 W/ResourceType(  576): No known package when getting name for resource number 0x9c010002
05-20 16:16:09.494 W/ResourceType(  576): No known package when getting name for resource number 0x9b000000
05-20 16:16:09.494 W/ResourceType(  576): No known package when getting name for resource number 0x9b010100
05-20 16:16:09.494 W/ResourceType(  576): No known package when getting name for resource number 0x9b030300
05-20 16:16:09.494 W/ResourceType(  576): No known package when getting name for resource number 0x9b040400
05-20 16:16:09.494 W/ResourceType(  576): No known package when getting name for resource number 0x9c030103
05-20 16:16:09.494 W/ResourceType(  576): No known package when getting name for resource number 0x9c030203
05-20 16:16:09.494 W/ResourceType(  576): No known package when getting name for resource number 0x9c010002
05-20 16:16:09.510 W/ResourceType(  576): No known package when getting name for resource number 0x9b000000
05-20 16:16:09.510 W/ResourceType(  576): No known package when getting name for resource number 0x9b010100
05-20 16:16:09.510 W/ResourceType(  576): No known package when getting name for resource number 0x9b030300
05-20 16:16:09.510 W/ResourceType(  576): No known package when getting name for resource number 0x9b040400
05-20 16:16:09.517 W/ResourceType(  576): No known package when getting name for resource number 0x9c030103
05-20 16:16:09.517 W/ResourceType(  576): No known package when getting name for resource number 0x9c030203
05-20 16:16:09.517 W/ResourceType(  576): No known package when getting name for resource number 0x9c010002
05-20 16:16:09.533 D/dalvikvm( 5652): GC_CONCURRENT freed 386K, 92% free 691K/8192K, paused 1ms+0ms, total 6ms
05-20 16:16:09.541 W/ResourceType(  576): No known package when getting name for resource number 0x9b000000
05-20 16:16:09.541 W/ResourceType(  576): No known package when getting name for resource number 0x9b010100
05-20 16:16:09.541 W/ResourceType(  576): No known package when getting name for resource number 0x9b030300
05-20 16:16:09.541 W/ResourceType(  576): No known package when getting name for resource number 0x9b040400
05-20 16:16:09.541 W/ResourceType(  576): No known package when getting name for resource number 0x9c030103
05-20 16:16:09.541 W/ResourceType(  576): No known package when getting name for resource number 0x9c030203
05-20 16:16:09.541 W/ResourceType(  576): No known package when getting name for resource number 0x9c010002
05-20 16:16:09.556 W/ResourceType(  576): No known package when getting name for resource number 0x9b000000
05-20 16:16:09.556 W/ResourceType(  576): No known package when getting name for resource number 0x9b010100
05-20 16:16:09.556 W/ResourceType(  576): No known package when getting name for resource number 0x9b030300
05-20 16:16:09.556 W/ResourceType(  576): No known package when getting name for resource number 0x9b040400
05-20 16:16:09.564 W/ResourceType(  576): No known package when getting name for resource number 0x9c030103
05-20 16:16:09.564 W/ResourceType(  576): No known package when getting name for resource number 0x9c030203
05-20 16:16:09.564 W/ResourceType(  576): No known package when getting name for resource number 0x9c010002
05-20 16:16:09.580 W/ResourceType(  576): No known package when getting name for resource number 0x9b000000
05-20 16:16:09.580 W/ResourceType(  576): No known package when getting name for resource number 0x9b010100
05-20 16:16:09.580 W/ResourceType(  576): No known package when getting name for resource number 0x9b030300
05-20 16:16:09.580 W/ResourceType(  576): No known package when getting name for resource number 0x9b040400
05-20 16:16:09.588 W/ResourceType(  576): No known package when getting name for resource number 0x9c030103
05-20 16:16:09.588 W/ResourceType(  576): No known package when getting name for resource number 0x9c030203
05-20 16:16:09.588 W/ResourceType(  576): No known package when getting name for resource number 0x9c010002
05-20 16:16:09.588 D/MDM :   ( 5090): [null:-1]->statusCode : 200
05-20 16:16:09.596 D/MDM :   ( 5090): [null:-1]->statusCode : 200
05-20 16:16:09.596 V/DEBUG   ( 5090): HTTP 1
05-20 16:16:09.603 W/ResourceType(  576): No known package when getting name for resource number 0x9b000000
05-20 16:16:09.603 W/ResourceType(  576): No known package when getting name for resource number 0x9b010100
05-20 16:16:09.603 W/ResourceType(  576): No known package when getting name for resource number 0x9b030300
05-20 16:16:09.603 W/ResourceType(  576): No known package when getting name for resource number 0x9b040400
05-20 16:16:09.603 W/ResourceType(  576): No known package when getting name for resource number 0x9c030103
05-20 16:16:09.603 W/ResourceType(  576): No known package when getting name for resource number 0x9c030203
05-20 16:16:09.611 W/ResourceType(  576): No known package when getting name for resource number 0x9c010002
05-20 16:16:09.619 W/ResourceType(  576): No known package when getting name for resource number 0x9b000000
05-20 16:16:09.627 W/ResourceType(  576): No known package when getting name for resource number 0x9b010100
05-20 16:16:09.627 W/ResourceType(  576): No known package when getting name for resource number 0x9b030300
05-20 16:16:09.627 W/ResourceType(  576): No known package when getting name for resource number 0x9b040400
05-20 16:16:09.627 W/ResourceType(  576): No known package when getting name for resource number 0x9c030103
05-20 16:16:09.627 W/ResourceType(  576): No known package when getting name for resource number 0x9c030203
05-20 16:16:09.627 W/ResourceType(  576): No known package when getting name for resource number 0x9c010002
05-20 16:16:09.642 D/dalvikvm( 5652): GC_CONCURRENT freed 410K, 92% free 693K/8192K, paused 1ms+0ms, total 6ms
05-20 16:16:09.642 W/ResourceType(  576): No known package when getting name for resource number 0x9b000000
05-20 16:16:09.642 W/ResourceType(  576): No known package when getting name for resource number 0x9b010100
05-20 16:16:09.642 D/MDM :   ( 5090): [null:-1]->read network input stream
05-20 16:16:09.642 W/ResourceType(  576): No known package when getting name for resource number 0x9b030300
05-20 16:16:09.642 W/ResourceType(  576): No known package when getting name for resource number 0x9b040400
05-20 16:16:09.650 D/MDM :   ( 5090): [null:-1]->Get joson string: <?xml version="1.0" encoding="UTF-8"?>
05-20 16:16:09.650 D/MDM :   ( 5090): <!DOCTYPE plist PUBLIC "-//Apple//DTD PLIST 1.0//EN" "http://www.apple.com/DTDs/PropertyList-1.0.dtd">
05-20 16:16:09.650 D/MDM :   ( 5090): <plist version="1.0">
05-20 16:16:09.650 D/MDM :   ( 5090): <dict>
05-20 16:16:09.650 D/MDM :   ( 5090): 	<key>CommandUUID</key>
05-20 16:16:09.650 D/MDM :   ( 5090): 	<string>700dec13-0787-49a0-8a2e-9a56d4dfedc0</string>
05-20 16:16:09.650 D/MDM :   ( 5090): 	<key>Command</key>
05-20 16:16:09.650 D/MDM :   ( 5090): 	<dict>
05-20 16:16:09.650 D/MDM :   ( 5090): 		<key>RequestType</key>
05-20 16:16:09.650 D/MDM :   ( 5090): 		<string>Location</string>
05-20 16:16:09.650 D/MDM :   ( 5090): 	</dict>
05-20 16:16:09.650 D/MDM :   ( 5090): </dict>
05-20 16:16:09.650 D/MDM :   ( 5090): </plist>
05-20 16:16:09.650 D/MdmDatabaseHelper( 5090): [null:-1]->update command 844eb80e-7336-403a-b5a3-3f31f34e6232 to status executed
05-20 16:16:09.650 W/ResourceType(  576): No known package when getting name for resource number 0x9c030103
05-20 16:16:09.650 W/ResourceType(  576): No known package when getting name for resource number 0x9c030203
05-20 16:16:09.658 W/ResourceType(  576): No known package when getting name for resource number 0x9c010002
05-20 16:16:09.674 W/ResourceType(  576): No known package when getting name for resource number 0x9b000000
05-20 16:16:09.674 W/ResourceType(  576): No known package when getting name for resource number 0x9b010100
05-20 16:16:09.674 W/ResourceType(  576): No known package when getting name for resource number 0x9b030300
05-20 16:16:09.674 W/ResourceType(  576): No known package when getting name for resource number 0x9b040400
05-20 16:16:09.674 W/ResourceType(  576): No known package when getting name for resource number 0x9c030103
05-20 16:16:09.681 W/ResourceType(  576): No known package when getting name for resource number 0x9c030203
05-20 16:16:09.681 W/ResourceType(  576): No known package when getting name for resource number 0x9c010002
05-20 16:16:09.689 D/CheckInTransInfo( 5090): [null:-1]->CommandMsg : CommandMsg{CommandUUID='700dec13-0787-49a0-8a2e-9a56d4dfedc0', Command=CommandObject{RequestType='Location'}}
05-20 16:16:09.697 W/ResourceType(  576): No known package when getting name for resource number 0x9b000000
05-20 16:16:09.697 W/ResourceType(  576): No known package when getting name for resource number 0x9b010100
05-20 16:16:09.697 W/ResourceType(  576): No known package when getting name for resource number 0x9b030300
05-20 16:16:09.697 W/ResourceType(  576): No known package when getting name for resource number 0x9b040400
05-20 16:16:09.705 W/ResourceType(  576): No known package when getting name for resource number 0x9c030103
05-20 16:16:09.705 W/ResourceType(  576): No known package when getting name for resource number 0x9c030203
05-20 16:16:09.705 W/ResourceType(  576): No known package when getting name for resource number 0x9c010002
05-20 16:16:09.713 D/NetworkThread( 5090): [null:-1]->clear mCurrentTransInfo
05-20 16:16:09.713 D/NetworkThread( 5090): [null:-1]->queue is empty, thread wait...
05-20 16:16:09.721 W/ResourceType(  576): No known package when getting name for resource number 0x9b000000
05-20 16:16:09.721 W/ResourceType(  576): No known package when getting name for resource number 0x9b010100
05-20 16:16:09.721 W/ResourceType(  576): No known package when getting name for resource number 0x9b030300
05-20 16:16:09.721 W/ResourceType(  576): No known package when getting name for resource number 0x9b040400
05-20 16:16:09.728 W/ResourceType(  576): No known package when getting name for resource number 0x9c030103
05-20 16:16:09.728 W/ResourceType(  576): No known package when getting name for resource number 0x9c030203
05-20 16:16:09.728 W/ResourceType(  576): No known package when getting name for resource number 0x9c010002
05-20 16:16:09.744 W/ResourceType(  576): No known package when getting name for resource number 0x9b000000
05-20 16:16:09.744 W/ResourceType(  576): No known package when getting name for resource number 0x9b010100
05-20 16:16:09.744 W/ResourceType(  576): No known package when getting name for resource number 0x9b030300
05-20 16:16:09.744 W/ResourceType(  576): No known package when getting name for resource number 0x9b040400
05-20 16:16:09.752 W/ResourceType(  576): No known package when getting name for resource number 0x9c030103
05-20 16:16:09.752 W/ResourceType(  576): No known package when getting name for resource number 0x9c030203
05-20 16:16:09.752 W/ResourceType(  576): No known package when getting name for resource number 0x9c010002
05-20 16:16:09.767 W/ResourceType(  576): No known package when getting name for resource number 0x9b000000
05-20 16:16:09.767 W/ResourceType(  576): No known package when getting name for resource number 0x9b010100
05-20 16:16:09.767 W/ResourceType(  576): No known package when getting name for resource number 0x9b030300
05-20 16:16:09.767 W/ResourceType(  576): No known package when getting name for resource number 0x9b040400
05-20 16:16:09.767 W/ResourceType(  576): No known package when getting name for resource number 0x9c030103
05-20 16:16:09.775 W/ResourceType(  576): No known package when getting name for resource number 0x9c030203
05-20 16:16:09.775 W/ResourceType(  576): No known package when getting name for resource number 0x9c010002
05-20 16:16:09.783 D/dalvikvm( 5652): GC_CONCURRENT freed 381K, 92% free 696K/8192K, paused 1ms+0ms, total 6ms
05-20 16:16:09.791 W/ResourceType(  576): No known package when getting name for resource number 0x9b000000
05-20 16:16:09.791 W/ResourceType(  576): No known package when getting name for resource number 0x9b010100
05-20 16:16:09.791 W/ResourceType(  576): No known package when getting name for resource number 0x9b030300
05-20 16:16:09.791 W/ResourceType(  576): No known package when getting name for resource number 0x9b040400
05-20 16:16:09.799 W/ResourceType(  576): No known package when getting name for resource number 0x9c030103
05-20 16:16:09.799 W/ResourceType(  576): No known package when getting name for resource number 0x9c030203
05-20 16:16:09.799 W/ResourceType(  576): No known package when getting name for resource number 0x9c010002
05-20 16:16:09.814 W/ResourceType(  576): No known package when getting name for resource number 0x9b000000
05-20 16:16:09.814 D/MdmService( 5090): [null:-1]->handleCheckInResult
05-20 16:16:09.814 W/ResourceType(  576): No known package when getting name for resource number 0x9b010100
05-20 16:16:09.814 W/ResourceType(  576): No known package when getting name for resource number 0x9b030300
05-20 16:16:09.814 W/ResourceType(  576): No known package when getting name for resource number 0x9b040400
05-20 16:16:09.814 W/ResourceType(  576): No known package when getting name for resource number 0x9c030103
05-20 16:16:09.822 W/ResourceType(  576): No known package when getting name for resource number 0x9c030203
05-20 16:16:09.822 W/ResourceType(  576): No known package when getting name for resource number 0x9c010002
05-20 16:16:09.822 D/MdmService( 5090): [null:-1]->handleCheckInResult result keyIndex: 3
05-20 16:16:09.830 D/CommandManager( 5090): [null:-1]->execute command: CommandMsg{CommandUUID='700dec13-0787-49a0-8a2e-9a56d4dfedc0', Command=CommandObject{RequestType='Location'}}
05-20 16:16:09.830 W/Parcel  ( 1661): Attempt to read object from Parcel 0x5dfd3dac at offset 200 that is not in the object list
05-20 16:16:09.830 D/MdmService( 5090): [null:-1]->receiver action :com.pekall.mdm.action.LOCATION
05-20 16:16:09.846 W/ResourceType(  576): No known package when getting name for resource number 0x9b000000
05-20 16:16:09.846 W/ResourceType(  576): No known package when getting name for resource number 0x9b010100
05-20 16:16:09.846 W/ResourceType(  576): No known package when getting name for resource number 0x9b030300
05-20 16:16:09.846 W/ResourceType(  576): No known package when getting name for resource number 0x9b040400
05-20 16:16:09.846 D/dalvikvm( 5703): Late-enabling CheckJNI
05-20 16:16:09.846 W/ResourceType(  576): No known package when getting name for resource number 0x9c030103
05-20 16:16:09.846 I/ActivityManager(  374): Start proc com.pekall.emdm.launcher:remote for service com.pekall.emdm.launcher/com.baidu.location.f: pid=5703 uid=10066 gids={50066, 1015, 3002, 3001, 3003, 1028}
05-20 16:16:09.853 W/ResourceType(  576): No known package when getting name for resource number 0x9c030203
05-20 16:16:09.853 W/ResourceType(  576): No known package when getting name for resource number 0x9c010002
05-20 16:16:09.869 W/ResourceType(  576): No known package when getting name for resource number 0x9b000000
05-20 16:16:09.869 W/ResourceType(  576): No known package when getting name for resource number 0x9b010100
05-20 16:16:09.869 W/ResourceType(  576): No known package when getting name for resource number 0x9b030300
05-20 16:16:09.869 W/ResourceType(  576): No known package when getting name for resource number 0x9b040400
05-20 16:16:09.877 W/ResourceType(  576): No known package when getting name for resource number 0x9c030103
05-20 16:16:09.877 W/ResourceType(  576): No known package when getting name for resource number 0x9c030203
05-20 16:16:09.877 W/ResourceType(  576): No known package when getting name for resource number 0x9c010002
05-20 16:16:09.900 W/ResourceType(  576): No known package when getting name for resource number 0x9b000000
05-20 16:16:09.900 V/MyServiceConnection( 5703): [SConnection] sandbox service is NOT installed.
05-20 16:16:09.900 W/ResourceType(  576): No known package when getting name for resource number 0x9b010100
05-20 16:16:09.900 W/ResourceType(  576): No known package when getting name for resource number 0x9b030300
05-20 16:16:09.900 W/ResourceType(  576): No known package when getting name for resource number 0x9b040400
05-20 16:16:09.900 V/MyServiceConnection( 5703): [SConnection] binding service: pekall.intent.action.SANDBOX_SERVICE
05-20 16:16:09.900 W/ResourceType(  576): No known package when getting name for resource number 0x9c030103
05-20 16:16:09.908 W/ResourceType(  576): No known package when getting name for resource number 0x9c030203
05-20 16:16:09.908 W/ResourceType(  576): No known package when getting name for resource number 0x9c010002
05-20 16:16:09.908 D/ScClassLoader( 5703): >> SOURCE FILE: /data/data/com.pekall.emdm.launcher/app_jars/sc-jdk15on-1.47.0.2.dex.jar
05-20 16:16:09.931 D/dalvikvm( 5652): GC_CONCURRENT freed 410K, 92% free 692K/8192K, paused 2ms+1ms, total 6ms
05-20 16:16:09.939 W/ResourceType(  576): No known package when getting name for resource number 0x9b000000
05-20 16:16:09.939 W/ResourceType(  576): No known package when getting name for resource number 0x9b010100
05-20 16:16:09.947 W/ResourceType(  576): No known package when getting name for resource number 0x9b030300
05-20 16:16:09.947 W/ResourceType(  576): No known package when getting name for resource number 0x9b040400
05-20 16:16:09.947 W/ResourceType(  576): No known package when getting name for resource number 0x9c030103
05-20 16:16:09.947 W/Parcel  ( 1661): Attempt to read object from Parcel 0x5ec3bdac at offset 200 that is not in the object list
05-20 16:16:09.955 W/Parcel  ( 1661): Attempt to read object from Parcel 0x5ef3bdac at offset 200 that is not in the object list
05-20 16:16:09.955 W/ResourceType(  576): No known package when getting name for resource number 0x9c030203
05-20 16:16:09.955 D/Email   ( 5703): Email: init sandbox at the beginning.
05-20 16:16:09.955 V/MyServiceConnection( 5703): [SConnection] retry to bind service
05-20 16:16:09.955 V/MyServiceConnection( 5703): [SConnection] sandbox service is NOT installed.
05-20 16:16:09.955 V/MyServiceConnection( 5703): [SConnection] binding service: pekall.intent.action.SANDBOX_SERVICE
05-20 16:16:09.955 W/ResourceType(  576): No known package when getting name for resource number 0x9c010002
05-20 16:16:09.978 W/ResourceType(  576): No known package when getting name for resource number 0x9b000000
05-20 16:16:09.978 W/ResourceType(  576): No known package when getting name for resource number 0x9b010100
05-20 16:16:09.978 W/ResourceType(  576): No known package when getting name for resource number 0x9b030300
05-20 16:16:09.978 W/ResourceType(  576): No known package when getting name for resource number 0x9b040400
05-20 16:16:09.986 W/ResourceType(  576): No known package when getting name for resource number 0x9c030103
05-20 16:16:09.986 W/ResourceType(  576): No known package when getting name for resource number 0x9c030203
05-20 16:16:09.986 W/ResourceType(  576): No known package when getting name for resource number 0x9c010002
05-20 16:16:09.986 D/dalvikvm( 5703): GC_CONCURRENT freed 150K, 2% free 9283K/9472K, paused 4ms+7ms, total 63ms
05-20 16:16:09.986 D/dalvikvm( 5703): WAIT_FOR_CONCURRENT_GC blocked 13ms
05-20 16:16:09.986 D/dalvikvm( 5703): WAIT_FOR_CONCURRENT_GC blocked 9ms
05-20 16:16:09.986 D/dalvikvm( 5703): WAIT_FOR_CONCURRENT_GC blocked 14ms
05-20 16:16:09.986 V/MyServiceConnection( 5703): [SConnection] retry to bind service
05-20 16:16:09.994 V/MyServiceConnection( 5703): [SConnection] sandbox service is NOT installed.
05-20 16:16:09.994 V/MyServiceConnection( 5703): [SConnection] binding service: pekall.intent.action.SANDBOX_SERVICE
05-20 16:16:10.010 W/ResourceType(  576): No known package when getting name for resource number 0x9b000000
05-20 16:16:10.010 V/l       ( 5703): Bind requested for task setLogging
05-20 16:16:10.017 D/ExchangeService( 5090): !!! EAS ExchangeService, onCreate
05-20 16:16:10.017 W/ResourceType(  576): No known package when getting name for resource number 0x9b010100
05-20 16:16:10.017 W/ResourceType(  576): No known package when getting name for resource number 0x9b030300
05-20 16:16:10.017 W/ResourceType(  576): No known package when getting name for resource number 0x9b040400
05-20 16:16:10.025 W/ResourceType(  576): No known package when getting name for resource number 0x9c030103
05-20 16:16:10.025 W/ResourceType(  576): No known package when getting name for resource number 0x9c030203
05-20 16:16:10.025 W/ResourceType(  576): No known package when getting name for resource number 0x9c010002
05-20 16:16:10.049 W/Parcel  ( 1661): Attempt to read object from Parcel 0x6003bdac at offset 200 that is not in the object list
05-20 16:16:10.056 D/ExchangeService( 5090): !!! EAS ExchangeService, onStartCommand, startingUp = false, running = false
05-20 16:16:10.056 D/ExchangeService( 5090): to start secureStorageService now
05-20 16:16:10.064 W/ResourceType(  576): No known package when getting name for resource number 0x9b000000
05-20 16:16:10.064 W/ResourceType(  576): No known package when getting name for resource number 0x9b010100
05-20 16:16:10.064 W/ResourceType(  576): No known package when getting name for resource number 0x9b030300
05-20 16:16:10.064 W/ResourceType(  576): No known package when getting name for resource number 0x9b040400
05-20 16:16:10.072 W/ResourceType(  576): No known package when getting name for resource number 0x9c030103
05-20 16:16:10.072 W/ResourceType(  576): No known package when getting name for resource number 0x9c030203
05-20 16:16:10.072 W/ResourceType(  576): No known package when getting name for resource number 0x9c010002
05-20 16:16:10.080 V/a       ( 5090): Bind requested for task test
05-20 16:16:10.088 W/ResourceType(  576): No known package when getting name for resource number 0x9b000000
05-20 16:16:10.096 V/a       ( 5090): Connected: com.pekall.semail.service.AccountServiceInternal
05-20 16:16:10.096 D/dalvikvm( 5703): GC_CONCURRENT freed 201K, 3% free 9594K/9836K, paused 4ms+5ms, total 46ms
05-20 16:16:10.096 D/dalvikvm( 5703): WAIT_FOR_CONCURRENT_GC blocked 32ms
05-20 16:16:10.096 D/dalvikvm( 5703): WAIT_FOR_CONCURRENT_GC blocked 24ms
05-20 16:16:10.096 W/ResourceType(  576): No known package when getting name for resource number 0x9b010100
05-20 16:16:10.096 W/ResourceType(  576): No known package when getting name for resource number 0x9b030300
05-20 16:16:10.096 W/ResourceType(  576): No known package when getting name for resource number 0x9b040400
05-20 16:16:10.103 W/ResourceType(  576): No known package when getting name for resource number 0x9c030103
05-20 16:16:10.103 W/ResourceType(  576): No known package when getting name for resource number 0x9c030203
05-20 16:16:10.103 W/ResourceType(  576): No known package when getting name for resource number 0x9c010002
05-20 16:16:10.111 D/dalvikvm( 5703): WAIT_FOR_CONCURRENT_GC blocked 26ms
05-20 16:16:10.111 D/dalvikvm( 5703): WAIT_FOR_CONCURRENT_GC blocked 29ms
05-20 16:16:10.111 V/a       ( 5090): Connection test succeeded in 33ms
05-20 16:16:10.119 V/a       ( 5090): Task test completed; disconnecting
05-20 16:16:10.119 W/ResourceType(  576): No known package when getting name for resource number 0x9b000000
05-20 16:16:10.119 W/ResourceType(  576): No known package when getting name for resource number 0x9b010100
05-20 16:16:10.119 W/ResourceType(  576): No known package when getting name for resource number 0x9b030300
05-20 16:16:10.119 W/ResourceType(  576): No known package when getting name for resource number 0x9b040400
05-20 16:16:10.127 D/ExchangeService( 5090): Reconciling accounts...
05-20 16:16:10.127 W/ResourceType(  576): No known package when getting name for resource number 0x9c030103
05-20 16:16:10.127 W/ResourceType(  576): No known package when getting name for resource number 0x9c030203
05-20 16:16:10.127 W/ResourceType(  576): No known package when getting name for resource number 0x9c010002
05-20 16:16:10.135 V/a       ( 5090): Bind requested for task reconcileAccounts
05-20 16:16:10.142 D/dalvikvm( 5652): GC_CONCURRENT freed 380K, 92% free 695K/8192K, paused 2ms+0ms, total 7ms
05-20 16:16:10.150 W/ResourceType(  576): No known package when getting name for resource number 0x9b000000
05-20 16:16:10.158 V/a       ( 5090): Connected: com.pekall.semail.service.AccountServiceInternal
05-20 16:16:10.158 W/ResourceType(  576): No known package when getting name for resource number 0x9b010100
05-20 16:16:10.158 W/ResourceType(  576): No known package when getting name for resource number 0x9b030300
05-20 16:16:10.158 W/ResourceType(  576): No known package when getting name for resource number 0x9b040400
05-20 16:16:10.166 W/ResourceType(  576): No known package when getting name for resource number 0x9c030103
05-20 16:16:10.166 W/ResourceType(  576): No known package when getting name for resource number 0x9c030203
05-20 16:16:10.166 W/ResourceType(  576): No known package when getting name for resource number 0x9c010002
05-20 16:16:10.197 V/a       ( 5090): Task reconcileAccounts completed; disconnecting
05-20 16:16:10.205 W/ResourceType(  576): No known package when getting name for resource number 0x9b000000
05-20 16:16:10.205 W/ResourceType(  576): No known package when getting name for resource number 0x9b010100
05-20 16:16:10.205 W/ResourceType(  576): No known package when getting name for resource number 0x9b030300
05-20 16:16:10.205 W/ResourceType(  576): No known package when getting name for resource number 0x9b040400
05-20 16:16:10.213 W/ResourceType(  576): No known package when getting name for resource number 0x9c030103
05-20 16:16:10.221 W/ResourceType(  576): No known package when getting name for resource number 0x9c030203
05-20 16:16:10.221 W/ResourceType(  576): No known package when getting name for resource number 0x9c010002
05-20 16:16:10.221 D/ActivityThread( 5703): Loading provider com.pekall.semail.provider;com.pekall.semail.notifier: com.pekall.semail.provider.EmailProvider
05-20 16:16:10.236 W/DocumentManager( 5703): Sandbox service is not connected.
05-20 16:16:10.236 D/MessageControllerImpl( 5703): controller is null
05-20 16:16:10.236 V/MyServiceConnection( 5703): [SConnection] retry to bind service
05-20 16:16:10.236 V/MyServiceConnection( 5703): [SConnection] sandbox service is NOT installed.
05-20 16:16:10.236 V/MyServiceConnection( 5703): [SConnection] binding service: pekall.intent.action.SANDBOX_SERVICE
05-20 16:16:10.236 W/SQLiteOpenHelper( 5703): Opened /data/data/com.pekall.emdm.launcher/databases/message.db
05-20 16:16:10.244 W/dalvikvm( 5703): No implementation found for native Lcom/pekall/sandbox/database/sqlite/SQLiteDatabase;.native_setSqliteSoftHeapLimit:(I)V
05-20 16:16:10.244 D/AndroidRuntime( 5703): Shutting down VM
05-20 16:16:10.244 W/dalvikvm( 5703): threadid=1: thread exiting with uncaught exception (group=0x419c8700)
05-20 16:16:10.252 D/        ( 5703): [---null: -1---]  Thread is main
05-20 16:16:10.252 W/System.err( 5703): java.lang.UnsatisfiedLinkError: Native method not found: com.pekall.sandbox.database.sqlite.SQLiteDatabase.native_setSqliteSoftHeapLimit:(I)V
05-20 16:16:10.252 W/System.err( 5703): 	at com.pekall.sandbox.database.sqlite.SQLiteDatabase.native_setSqliteSoftHeapLimit(Native Method)
05-20 16:16:10.252 W/System.err( 5703): 	at com.pekall.sandbox.database.sqlite.SQLiteDatabase.<init>(Unknown Source)
05-20 16:16:10.252 W/System.err( 5703): 	at com.pekall.sandbox.database.sqlite.SQLiteDatabase.openDatabase(Unknown Source)
05-20 16:16:10.252 W/System.err( 5703): 	at com.pekall.sandbox.database.sqlite.SQLiteDatabase.openDatabase(Unknown Source)
05-20 16:16:10.252 W/System.err( 5703): 	at com.pekall.sandbox.database.sqlite.SQLiteDatabase.openDatabase(Unknown Source)
05-20 16:16:10.252 W/System.err( 5703): 	at com.pekall.sandbox.database.sqlite.SQLiteOpenHelper.getWritableDatabase(Unknown Source)
05-20 16:16:10.252 W/System.err( 5703): 	at com.pekall.emdm.messagecenter.db.a.a(Unknown Source)
05-20 16:16:10.252 W/System.err( 5703): 	at com.pekall.emdm.messagecenter.db.a.b(Unknown Source)
05-20 16:16:10.252 W/System.err( 5703): 	at com.pekall.emdm.messagecenter.activity.a.onCreate(Unknown Source)
05-20 16:16:10.252 W/System.err( 5703): 	at com.pekall.emdm.launcher.LauncherApplication.onCreate(Unknown Source)
05-20 16:16:10.252 W/System.err( 5703): 	at android.app.Instrumentation.callApplicationOnCreate(Instrumentation.java:1007)
05-20 16:16:10.252 W/System.err( 5703): 	at android.app.ActivityThread.handleBindApplication(ActivityThread.java:4444)
05-20 16:16:10.252 W/System.err( 5703): 	at android.app.ActivityThread.access$1300(ActivityThread.java:141)
05-20 16:16:10.252 W/System.err( 5703): 	at android.app.ActivityThread$H.handleMessage(ActivityThread.java:1316)
05-20 16:16:10.252 W/System.err( 5703): 	at android.os.Handler.dispatchMessage(Handler.java:99)
05-20 16:16:10.252 W/System.err( 5703): 	at android.os.Looper.loop(Looper.java:137)
05-20 16:16:10.260 W/System.err( 5703): 	at android.app.ActivityThread.main(ActivityThread.java:5103)
05-20 16:16:10.260 W/System.err( 5703): 	at java.lang.reflect.Method.invokeNative(Native Method)
05-20 16:16:10.260 W/System.err( 5703): 	at java.lang.reflect.Method.invoke(Method.java:525)
05-20 16:16:10.260 W/System.err( 5703): 	at com.android.internal.os.ZygoteInit$MethodAndArgsCaller.run(ZygoteInit.java:737)
05-20 16:16:10.260 W/System.err( 5703): 	at com.android.internal.os.ZygoteInit.main(ZygoteInit.java:553)
05-20 16:16:10.260 W/System.err( 5703): 	at dalvik.system.NativeStart.main(Native Method)
05-20 16:16:10.267 V/a       ( 5090): Waiting for task reconcileAccounts to complete...
05-20 16:16:10.267 W/ResourceType(  576): No known package when getting name for resource number 0x9b000000
05-20 16:16:10.267 W/ResourceType(  576): No known package when getting name for resource number 0x9b010100
05-20 16:16:10.275 W/ResourceType(  576): No known package when getting name for resource number 0x9b030300
05-20 16:16:10.275 W/ResourceType(  576): No known package when getting name for resource number 0x9b040400
05-20 16:16:10.275 W/ResourceType(  576): No known package when getting name for resource number 0x9c030103
05-20 16:16:10.275 W/ResourceType(  576): No known package when getting name for resource number 0x9c030203
05-20 16:16:10.283 W/ResourceType(  576): No known package when getting name for resource number 0x9c010002
05-20 16:16:10.299 D/ActivityThread( 5703): Loading provider com.pekall.semail.provider;com.pekall.semail.notifier: com.pekall.semail.provider.EmailProvider
05-20 16:16:10.306 W/ResourceType(  576): No known package when getting name for resource number 0x9b000000
05-20 16:16:10.306 W/ResourceType(  576): No known package when getting name for resource number 0x9b010100
05-20 16:16:10.306 W/ResourceType(  576): No known package when getting name for resource number 0x9b030300
05-20 16:16:10.306 W/ResourceType(  576): No known package when getting name for resource number 0x9b040400
05-20 16:16:10.306 W/ResourceType(  576): No known package when getting name for resource number 0x9c030103
05-20 16:16:10.306 W/ResourceType(  576): No known package when getting name for resource number 0x9c030203
05-20 16:16:10.306 W/ResourceType(  576): No known package when getting name for resource number 0x9c010002
05-20 16:16:10.338 W/ResourceType(  576): No known package when getting name for resource number 0x9b000000
05-20 16:16:10.338 W/ResourceType(  576): No known package when getting name for resource number 0x9b010100
05-20 16:16:10.338 W/ResourceType(  576): No known package when getting name for resource number 0x9b030300
05-20 16:16:10.338 W/ResourceType(  576): No known package when getting name for resource number 0x9b040400
05-20 16:16:10.346 W/ResourceType(  576): No known package when getting name for resource number 0x9c030103
05-20 16:16:10.353 W/ResourceType(  576): No known package when getting name for resource number 0x9c030203
05-20 16:16:10.353 W/ResourceType(  576): No known package when getting name for resource number 0x9c010002
05-20 16:16:10.369 D/dalvikvm( 5652): GC_CONCURRENT freed 408K, 92% free 692K/8192K, paused 2ms+1ms, total 6ms
05-20 16:16:10.377 W/ResourceType(  576): No known package when getting name for resource number 0x9b000000
05-20 16:16:10.377 W/ResourceType(  576): No known package when getting name for resource number 0x9b010100
05-20 16:16:10.385 W/ResourceType(  576): No known package when getting name for resource number 0x9b030300
05-20 16:16:10.385 W/ResourceType(  576): No known package when getting name for resource number 0x9b040400
05-20 16:16:10.392 W/ResourceType(  576): No known package when getting name for resource number 0x9c030103
05-20 16:16:10.392 W/ResourceType(  576): No known package when getting name for resource number 0x9c030203
05-20 16:16:10.392 W/ResourceType(  576): No known package when getting name for resource number 0x9c010002
05-20 16:16:10.424 W/ResourceType(  576): No known package when getting name for resource number 0x9b000000
05-20 16:16:10.424 W/ResourceType(  576): No known package when getting name for resource number 0x9b010100
05-20 16:16:10.424 W/ResourceType(  576): No known package when getting name for resource number 0x9b030300
05-20 16:16:10.424 W/ResourceType(  576): No known package when getting name for resource number 0x9b040400
05-20 16:16:10.439 W/ResourceType(  576): No known package when getting name for resource number 0x9c030103
05-20 16:16:10.439 W/ResourceType(  576): No known package when getting name for resource number 0x9c030203
05-20 16:16:10.439 W/ResourceType(  576): No known package when getting name for resource number 0x9c010002
05-20 16:16:10.455 W/ResourceType(  576): No known package when getting name for resource number 0x9b000000
05-20 16:16:10.463 W/ResourceType(  576): No known package when getting name for resource number 0x9b010100
05-20 16:16:10.463 W/ResourceType(  576): No known package when getting name for resource number 0x9b030300
05-20 16:16:10.463 W/ResourceType(  576): No known package when getting name for resource number 0x9b040400
05-20 16:16:10.463 W/ResourceType(  576): No known package when getting name for resource number 0x9c030103
05-20 16:16:10.471 W/ResourceType(  576): No known package when getting name for resource number 0x9c030203
05-20 16:16:10.471 W/ResourceType(  576): No known package when getting name for resource number 0x9c010002
05-20 16:16:10.494 W/ResourceType(  576): No known package when getting name for resource number 0x9b000000
05-20 16:16:10.494 W/ResourceType(  576): No known package when getting name for resource number 0x9b010100
05-20 16:16:10.494 W/ResourceType(  576): No known package when getting name for resource number 0x9b030300
05-20 16:16:10.494 W/ResourceType(  576): No known package when getting name for resource number 0x9b040400
05-20 16:16:10.494 W/ResourceType(  576): No known package when getting name for resource number 0x9c030103
05-20 16:16:10.494 W/ResourceType(  576): No known package when getting name for resource number 0x9c030203
05-20 16:16:10.494 W/ResourceType(  576): No known package when getting name for resource number 0x9c010002
05-20 16:16:10.510 W/ResourceType(  576): No known package when getting name for resource number 0x9b000000
05-20 16:16:10.510 W/ResourceType(  576): No known package when getting name for resource number 0x9b010100
05-20 16:16:10.510 W/ResourceType(  576): No known package when getting name for resource number 0x9b030300
05-20 16:16:10.510 W/ResourceType(  576): No known package when getting name for resource number 0x9b040400
05-20 16:16:10.517 W/ResourceType(  576): No known package when getting name for resource number 0x9c030103
05-20 16:16:10.517 W/ResourceType(  576): No known package when getting name for resource number 0x9c030203
05-20 16:16:10.517 W/ResourceType(  576): No known package when getting name for resource number 0x9c010002
05-20 16:16:10.533 W/ResourceType(  576): No known package when getting name for resource number 0x9b000000
05-20 16:16:10.533 W/ResourceType(  576): No known package when getting name for resource number 0x9b010100
05-20 16:16:10.533 W/ResourceType(  576): No known package when getting name for resource number 0x9b030300
05-20 16:16:10.533 W/ResourceType(  576): No known package when getting name for resource number 0x9b040400
05-20 16:16:10.533 W/ResourceType(  576): No known package when getting name for resource number 0x9c030103
05-20 16:16:10.541 W/ResourceType(  576): No known package when getting name for resource number 0x9c030203
05-20 16:16:10.541 W/ResourceType(  576): No known package when getting name for resource number 0x9c010002
05-20 16:16:10.564 D/dalvikvm( 5652): GC_CONCURRENT freed 382K, 92% free 694K/8192K, paused 2ms+1ms, total 6ms
05-20 16:16:10.572 W/ResourceType(  576): No known package when getting name for resource number 0x9b000000
05-20 16:16:10.572 W/ResourceType(  576): No known package when getting name for resource number 0x9b010100
05-20 16:16:10.572 W/ResourceType(  576): No known package when getting name for resource number 0x9b030300
05-20 16:16:10.572 W/ResourceType(  576): No known package when getting name for resource number 0x9b040400
05-20 16:16:10.580 W/ResourceType(  576): No known package when getting name for resource number 0x9c030103
05-20 16:16:10.580 W/ResourceType(  576): No known package when getting name for resource number 0x9c030203
05-20 16:16:10.580 W/ResourceType(  576): No known package when getting name for resource number 0x9c010002
05-20 16:16:10.603 W/ResourceType(  576): No known package when getting name for resource number 0x9b000000
05-20 16:16:10.611 W/ResourceType(  576): No known package when getting name for resource number 0x9b010100
05-20 16:16:10.611 W/ResourceType(  576): No known package when getting name for resource number 0x9b030300
05-20 16:16:10.611 W/ResourceType(  576): No known package when getting name for resource number 0x9b040400
05-20 16:16:10.619 W/ResourceType(  576): No known package when getting name for resource number 0x9c030103
05-20 16:16:10.619 W/ResourceType(  576): No known package when getting name for resource number 0x9c030203
05-20 16:16:10.619 W/ResourceType(  576): No known package when getting name for resource number 0x9c010002
05-20 16:16:10.642 W/ResourceType(  576): No known package when getting name for resource number 0x9b000000
05-20 16:16:10.642 W/ResourceType(  576): No known package when getting name for resource number 0x9b010100
05-20 16:16:10.642 W/ResourceType(  576): No known package when getting name for resource number 0x9b030300
05-20 16:16:10.642 W/ResourceType(  576): No known package when getting name for resource number 0x9b040400
05-20 16:16:10.650 W/ResourceType(  576): No known package when getting name for resource number 0x9c030103
05-20 16:16:10.658 W/ResourceType(  576): No known package when getting name for resource number 0x9c030203
05-20 16:16:10.658 W/ResourceType(  576): No known package when getting name for resource number 0x9c010002
05-20 16:16:10.674 W/ResourceType(  576): No known package when getting name for resource number 0x9b000000
05-20 16:16:10.674 W/ResourceType(  576): No known package when getting name for resource number 0x9b010100
05-20 16:16:10.681 W/ResourceType(  576): No known package when getting name for resource number 0x9b030300
05-20 16:16:10.681 W/ResourceType(  576): No known package when getting name for resource number 0x9b040400
05-20 16:16:10.689 W/ResourceType(  576): No known package when getting name for resource number 0x9c030103
05-20 16:16:10.689 W/ResourceType(  576): No known package when getting name for resource number 0x9c030203
05-20 16:16:10.689 W/ResourceType(  576): No known package when getting name for resource number 0x9c010002
05-20 16:16:10.697 W/ResourceType(  576): No known package when getting name for resource number 0x9b000000
05-20 16:16:10.705 W/ResourceType(  576): No known package when getting name for resource number 0x9b010100
05-20 16:16:10.705 W/ResourceType(  576): No known package when getting name for resource number 0x9b030300
05-20 16:16:10.705 W/ResourceType(  576): No known package when getting name for resource number 0x9b040400
05-20 16:16:10.705 W/ResourceType(  576): No known package when getting name for resource number 0x9c030103
05-20 16:16:10.705 W/ResourceType(  576): No known package when getting name for resource number 0x9c030203
05-20 16:16:10.705 W/ResourceType(  576): No known package when getting name for resource number 0x9c010002
05-20 16:16:10.721 D/dalvikvm( 5652): GC_CONCURRENT freed 410K, 92% free 692K/8192K, paused 1ms+1ms, total 6ms
05-20 16:16:10.728 W/ResourceType(  576): No known package when getting name for resource number 0x9b000000
05-20 16:16:10.736 W/ResourceType(  576): No known package when getting name for resource number 0x9b010100
05-20 16:16:10.736 W/ResourceType(  576): No known package when getting name for resource number 0x9b030300
05-20 16:16:10.736 W/ResourceType(  576): No known package when getting name for resource number 0x9b040400
