05-20 16:16:34.408 D/dalvikvm( 2771): GC_EXPLICIT freed 248K, 4% free 9220K/9596K, paused 2ms+4ms, total 27ms
05-20 16:16:34.471 D/dalvikvm( 1468): GC_CONCURRENT freed 503K, 20% free 9719K/12104K, paused 3ms+4ms, total 40ms
05-20 16:16:34.471 D/dalvikvm( 1468): WAIT_FOR_CONCURRENT_GC blocked 8ms
05-20 16:16:34.471 D/dalvikvm( 1468): WAIT_FOR_CONCURRENT_GC blocked 9ms
05-20 16:16:34.478 W/MountService(  374): getVolumeState(/storage/emulated/0/external_sd): Unknown volume
05-20 16:16:34.478 W/MountService(  374): getVolumeState(/mnt/sdcard-ext): Unknown volume
05-20 16:16:34.486 W/MountService(  374): getVolumeState(/mnt/ext_sdcard): Unknown volume
05-20 16:16:34.486 W/MountService(  374): getVolumeState(/mnt/sdcard2): Unknown volume
05-20 16:16:34.486 W/MountService(  374): getVolumeState(/mnt/emmc): Unknown volume
05-20 16:16:34.486 W/MountService(  374): getVolumeState(/mnt/extSdCard): Unknown volume
05-20 16:16:34.486 W/MountService(  374): getVolumeState(/mnt/sdcard/SD_CARD): Unknown volume
05-20 16:16:34.486 W/MountService(  374): getVolumeState(/mnt/sdcard/extra_sd): Unknown volume
05-20 16:16:34.486 W/MountService(  374): getVolumeState(/mnt/extrasd_bind): Unknown volume
05-20 16:16:34.486 W/MountService(  374): getVolumeState(/mnt/sdcard/ext_sd): Unknown volume
05-20 16:16:34.486 W/MountService(  374): getVolumeState(/storage/extSdCard): Unknown volume
05-20 16:16:34.486 W/MountService(  374): getVolumeState(/storage/sdcard1): Unknown volume
05-20 16:16:34.486 W/MountService(  374): getVolumeState(/mnt/sdcard/external_SD): Unknown volume
05-20 16:16:34.486 W/MountService(  374): getVolumeState(/mnt/sdcard/external_sd): Unknown volume
05-20 16:16:34.572 D/dalvikvm( 1468): GC_CONCURRENT freed 415K, 20% free 9716K/12104K, paused 4ms+5ms, total 25ms
05-20 16:16:34.931 D/dalvikvm( 5741): GC_CONCURRENT freed 519K, 75% free 641K/2500K, paused 0ms+1ms, total 5ms
05-20 16:16:35.049 D/dalvikvm( 5741): GC_CONCURRENT freed 336K, 72% free 724K/2500K, paused 1ms+0ms, total 5ms
05-20 16:16:35.158 D/dalvikvm( 5741): GC_CONCURRENT freed 371K, 71% free 736K/2500K, paused 1ms+0ms, total 6ms
05-20 16:16:35.244 D/dalvikvm( 5741): GC_CONCURRENT freed 369K, 70% free 751K/2500K, paused 1ms+0ms, total 6ms
05-20 16:16:35.385 D/dalvikvm( 5741): GC_CONCURRENT freed 411K, 72% free 724K/2500K, paused 1ms+0ms, total 6ms
05-20 16:16:35.853 D/dalvikvm( 5741): GC_CONCURRENT freed 361K, 71% free 746K/2500K, paused 2ms+1ms, total 6ms
05-20 16:16:35.947 D/dalvikvm( 5741): GC_CONCURRENT freed 405K, 71% free 725K/2500K, paused 1ms+0ms, total 5ms
05-20 16:16:36.025 D/dalvikvm( 5741): GC_CONCURRENT freed 369K, 71% free 740K/2500K, paused 2ms+1ms, total 6ms
05-20 16:16:36.103 D/dalvikvm( 5741): GC_CONCURRENT freed 369K, 70% free 754K/2500K, paused 2ms+1ms, total 6ms
05-20 16:16:36.197 D/dalvikvm( 5741): GC_CONCURRENT freed 469K, 71% free 744K/2500K, paused 1ms+0ms, total 6ms
05-20 16:16:36.299 D/dalvikvm( 5741): GC_CONCURRENT freed 391K, 71% free 736K/2500K, paused 1ms+0ms, total 6ms
05-20 16:16:36.377 D/dalvikvm( 5741): GC_CONCURRENT freed 369K, 70% free 751K/2500K, paused 1ms+0ms, total 5ms
05-20 16:16:36.455 D/dalvikvm( 5741): GC_CONCURRENT freed 469K, 71% free 744K/2500K, paused 1ms+0ms, total 6ms
05-20 16:16:36.549 D/dalvikvm( 5741): GC_CONCURRENT freed 391K, 71% free 736K/2500K, paused 1ms+0ms, total 5ms
05-20 16:16:36.627 D/dalvikvm( 5741): GC_CONCURRENT freed 369K, 70% free 750K/2500K, paused 2ms+0ms, total 6ms
05-20 16:16:36.713 D/dalvikvm( 5741): GC_CONCURRENT freed 469K, 71% free 744K/2500K, paused 1ms+0ms, total 7ms
05-20 16:16:36.806 D/dalvikvm( 5741): GC_CONCURRENT freed 391K, 71% free 736K/2500K, paused 1ms+0ms, total 5ms
05-20 16:16:36.885 D/dalvikvm( 5741): GC_CONCURRENT freed 369K, 70% free 751K/2500K, paused 1ms+0ms, total 5ms
05-20 16:16:36.963 D/dalvikvm( 5741): GC_CONCURRENT freed 469K, 71% free 744K/2500K, paused 1ms+0ms, total 6ms
05-20 16:16:37.088 D/dalvikvm( 5741): GC_CONCURRENT freed 391K, 71% free 736K/2500K, paused 1ms+0ms, total 6ms
05-20 16:16:37.158 D/dalvikvm( 5741): GC_CONCURRENT freed 369K, 70% free 751K/2500K, paused 1ms+0ms, total 6ms
05-20 16:16:37.244 D/dalvikvm( 5741): GC_CONCURRENT freed 469K, 71% free 744K/2500K, paused 1ms+0ms, total 6ms
05-20 16:16:37.338 D/dalvikvm( 5741): GC_CONCURRENT freed 391K, 70% free 760K/2500K, paused 0ms+0ms, total 5ms
05-20 16:16:37.416 D/dalvikvm( 5741): GC_CONCURRENT freed 491K, 72% free 724K/2500K, paused 0ms+0ms, total 5ms
05-20 16:16:37.533 D/dalvikvm( 5741): GC_CONCURRENT freed 370K, 71% free 737K/2500K, paused 2ms+0ms, total 6ms
05-20 16:16:37.556 D/dalvikvm(  448): GC_CONCURRENT freed 1384K, 17% free 13417K/16128K, paused 3ms+4ms, total 61ms
05-20 16:16:37.619 D/dalvikvm( 5741): GC_CONCURRENT freed 369K, 70% free 752K/2500K, paused 1ms+0ms, total 6ms
05-20 16:16:37.705 D/dalvikvm( 5741): GC_CONCURRENT freed 470K, 71% free 744K/2500K, paused 1ms+0ms, total 6ms
05-20 16:16:37.799 D/dalvikvm( 5741): GC_CONCURRENT freed 391K, 71% free 737K/2500K, paused 1ms+0ms, total 5ms
05-20 16:16:37.931 D/dalvikvm( 5741): GC_CONCURRENT freed 369K, 70% free 752K/2500K, paused 1ms+0ms, total 8ms
05-20 16:16:38.096 D/dalvikvm( 5741): GC_CONCURRENT freed 470K, 71% free 744K/2500K, paused 2ms+0ms, total 8ms
05-20 16:16:38.197 D/dalvikvm( 5741): GC_CONCURRENT freed 391K, 70% free 760K/2500K, paused 0ms+0ms, total 5ms
05-20 16:16:38.275 D/dalvikvm( 5741): GC_CONCURRENT freed 490K, 72% free 724K/2500K, paused 1ms+0ms, total 5ms
05-20 16:16:38.369 D/dalvikvm( 5741): GC_CONCURRENT freed 371K, 70% free 759K/2500K, paused 0ms+0ms, total 5ms
05-20 16:16:38.447 D/dalvikvm( 5741): GC_CONCURRENT freed 491K, 72% free 724K/2500K, paused 1ms+1ms, total 5ms
05-20 16:16:38.549 D/dalvikvm( 5741): GC_CONCURRENT freed 370K, 71% free 738K/2500K, paused 2ms+1ms, total 7ms
05-20 16:16:38.627 D/dalvikvm( 5741): GC_CONCURRENT freed 452K, 71% free 748K/2500K, paused 1ms+2ms, total 7ms
05-20 16:16:38.721 D/dalvikvm( 5741): GC_CONCURRENT freed 409K, 72% free 724K/2500K, paused 0ms+1ms, total 10ms
05-20 16:16:38.822 D/dalvikvm( 5741): GC_CONCURRENT freed 432K, 70% free 752K/2500K, paused 0ms+1ms, total 7ms
05-20 16:16:38.900 D/dalvikvm( 5741): GC_CONCURRENT freed 408K, 71% free 727K/2500K, paused 2ms+0ms, total 6ms
05-20 16:16:38.978 D/dalvikvm( 5741): GC_CONCURRENT freed 383K, 71% free 727K/2500K, paused 2ms+1ms, total 6ms
05-20 16:16:39.080 D/dalvikvm( 5741): GC_CONCURRENT freed 376K, 70% free 760K/2500K, paused 1ms+1ms, total 5ms
05-20 16:16:39.166 D/dalvikvm( 5741): GC_CONCURRENT freed 490K, 72% free 724K/2500K, paused 0ms+0ms, total 5ms
05-20 16:16:39.260 D/dalvikvm( 5741): GC_CONCURRENT freed 371K, 70% free 760K/2500K, paused 1ms+1ms, total 6ms
05-20 16:16:39.338 D/dalvikvm( 5741): GC_CONCURRENT freed 491K, 72% free 724K/2500K, paused 0ms+0ms, total 5ms
05-20 16:16:39.385 D/dalvikvm( 5756): Late-enabling CheckJNI
05-20 16:16:39.400 I/ActivityManager(  374): Start proc com.pekall.emdm.launcher:remote for service com.pekall.emdm.launcher/com.baidu.location.f: pid=5756 uid=10066 gids={50066, 1015, 3002, 3001, 3003, 1028}
05-20 16:16:39.471 D/dalvikvm( 5741): GC_CONCURRENT freed 370K, 71% free 737K/2500K, paused 2ms+1ms, total 6ms
05-20 16:16:39.502 D/ScClassLoader( 5756): >> SOURCE FILE: /data/data/com.pekall.emdm.launcher/app_jars/sc-jdk15on-1.47.0.2.dex.jar
05-20 16:16:39.502 V/MyServiceConnection( 5756): [SConnection] sandbox service is NOT installed.
05-20 16:16:39.502 V/MyServiceConnection( 5756): [SConnection] binding service: pekall.intent.action.SANDBOX_SERVICE
05-20 16:16:39.549 D/dalvikvm( 5756): GC_CONCURRENT freed 147K, 2% free 9286K/9472K, paused 3ms+2ms, total 33ms
05-20 16:16:39.549 D/dalvikvm( 5756): WAIT_FOR_CONCURRENT_GC blocked 11ms
05-20 16:16:39.556 D/dalvikvm( 5756): WAIT_FOR_CONCURRENT_GC blocked 14ms
05-20 16:16:39.556 W/Parcel  ( 1661): Attempt to read object from Parcel 0x6003bdac at offset 200 that is not in the object list
05-20 16:16:39.564 W/Parcel  ( 1661): Attempt to read object from Parcel 0x6013bdac at offset 200 that is not in the object list
05-20 16:16:39.564 D/Email   ( 5756): Email: init sandbox at the beginning.
05-20 16:16:39.564 V/MyServiceConnection( 5756): [SConnection] retry to bind service
05-20 16:16:39.564 V/MyServiceConnection( 5756): [SConnection] sandbox service is NOT installed.
05-20 16:16:39.564 V/MyServiceConnection( 5756): [SConnection] binding service: pekall.intent.action.SANDBOX_SERVICE
05-20 16:16:39.588 V/MyServiceConnection( 5756): [SConnection] retry to bind service
05-20 16:16:39.588 V/MyServiceConnection( 5756): [SConnection] sandbox service is NOT installed.
05-20 16:16:39.588 V/MyServiceConnection( 5756): [SConnection] binding service: pekall.intent.action.SANDBOX_SERVICE
05-20 16:16:39.603 D/dalvikvm( 5741): GC_CONCURRENT freed 369K, 70% free 752K/2500K, paused 1ms+0ms, total 6ms
05-20 16:16:39.627 V/l       ( 5756): Bind requested for task setLogging
05-20 16:16:39.666 D/dalvikvm( 5756): GC_CONCURRENT freed 237K, 3% free 9559K/9836K, paused 4ms+1ms, total 49ms
05-20 16:16:39.666 D/dalvikvm( 5756): WAIT_FOR_CONCURRENT_GC blocked 27ms
05-20 16:16:39.666 D/dalvikvm( 5756): WAIT_FOR_CONCURRENT_GC blocked 12ms
05-20 16:16:39.760 W/DocumentManager( 5756): Sandbox service is not connected.
05-20 16:16:39.760 D/MessageControllerImpl( 5756): controller is null
05-20 16:16:39.760 V/MyServiceConnection( 5756): [SConnection] retry to bind service
05-20 16:16:39.760 V/MyServiceConnection( 5756): [SConnection] sandbox service is NOT installed.
05-20 16:16:39.760 V/MyServiceConnection( 5756): [SConnection] binding service: pekall.intent.action.SANDBOX_SERVICE
05-20 16:16:39.760 W/SQLiteOpenHelper( 5756): Opened /data/data/com.pekall.emdm.launcher/databases/message.db
05-20 16:16:39.767 W/dalvikvm( 5756): No implementation found for native Lcom/pekall/sandbox/database/sqlite/SQLiteDatabase;.native_setSqliteSoftHeapLimit:(I)V
05-20 16:16:39.767 D/AndroidRuntime( 5756): Shutting down VM
05-20 16:16:39.767 W/dalvikvm( 5756): threadid=1: thread exiting with uncaught exception (group=0x419c8700)
05-20 16:16:39.767 D/        ( 5756): [---null: -1---]  Thread is main
05-20 16:16:39.767 W/System.err( 5756): java.lang.UnsatisfiedLinkError: Native method not found: com.pekall.sandbox.database.sqlite.SQLiteDatabase.native_setSqliteSoftHeapLimit:(I)V
05-20 16:16:39.767 W/System.err( 5756): 	at com.pekall.sandbox.database.sqlite.SQLiteDatabase.native_setSqliteSoftHeapLimit(Native Method)
05-20 16:16:39.767 W/System.err( 5756): 	at com.pekall.sandbox.database.sqlite.SQLiteDatabase.<init>(Unknown Source)
05-20 16:16:39.767 W/System.err( 5756): 	at com.pekall.sandbox.database.sqlite.SQLiteDatabase.openDatabase(Unknown Source)
05-20 16:16:39.767 W/System.err( 5756): 	at com.pekall.sandbox.database.sqlite.SQLiteDatabase.openDatabase(Unknown Source)
05-20 16:16:39.767 W/System.err( 5756): 	at com.pekall.sandbox.database.sqlite.SQLiteDatabase.openDatabase(Unknown Source)
05-20 16:16:39.767 W/System.err( 5756): 	at com.pekall.sandbox.database.sqlite.SQLiteOpenHelper.getWritableDatabase(Unknown Source)
05-20 16:16:39.767 W/System.err( 5756): 	at com.pekall.emdm.messagecenter.db.a.a(Unknown Source)
05-20 16:16:39.767 W/System.err( 5756): 	at com.pekall.emdm.messagecenter.db.a.b(Unknown Source)
05-20 16:16:39.767 W/System.err( 5756): 	at com.pekall.emdm.messagecenter.activity.a.onCreate(Unknown Source)
05-20 16:16:39.767 W/System.err( 5756): 	at com.pekall.emdm.launcher.LauncherApplication.onCreate(Unknown Source)
05-20 16:16:39.767 W/System.err( 5756): 	at android.app.Instrumentation.callApplicationOnCreate(Instrumentation.java:1007)
05-20 16:16:39.767 W/System.err( 5756): 	at android.app.ActivityThread.handleBindApplication(ActivityThread.java:4444)
05-20 16:16:39.767 W/System.err( 5756): 	at android.app.ActivityThread.access$1300(ActivityThread.java:141)
05-20 16:16:39.767 W/System.err( 5756): 	at android.app.ActivityThread$H.handleMessage(ActivityThread.java:1316)
05-20 16:16:39.767 W/System.err( 5756): 	at android.os.Handler.dispatchMessage(Handler.java:99)
05-20 16:16:39.767 W/System.err( 5756): 	at android.os.Looper.loop(Looper.java:137)
05-20 16:16:39.767 W/System.err( 5756): 	at android.app.ActivityThread.main(ActivityThread.java:5103)
05-20 16:16:39.767 W/System.err( 5756): 	at java.lang.reflect.Method.invokeNative(Native Method)
05-20 16:16:39.767 W/System.err( 5756): 	at java.lang.reflect.Method.invoke(Method.java:525)
05-20 16:16:39.767 W/System.err( 5756): 	at com.android.internal.os.ZygoteInit$MethodAndArgsCaller.run(ZygoteInit.java:737)
05-20 16:16:39.767 W/System.err( 5756): 	at com.android.internal.os.ZygoteInit.main(ZygoteInit.java:553)
05-20 16:16:39.775 W/System.err( 5756): 	at dalvik.system.NativeStart.main(Native Method)
05-20 16:16:39.783 D/dalvikvm( 5741): GC_CONCURRENT freed 463K, 71% free 748K/2500K, paused 0ms+0ms, total 5ms
05-20 16:16:39.799 D/ActivityThread( 5756): Loading provider com.pekall.semail.provider;com.pekall.semail.notifier: com.pekall.semail.provider.EmailProvider
05-20 16:16:39.877 D/dalvikvm( 5756): GC_CONCURRENT freed 458K, 6% free 9490K/9992K, paused 11ms+17ms, total 56ms
05-20 16:16:39.908 D/ActivityThread( 5756): Loading provider com.pekall.semail.provider;com.pekall.semail.notifier: com.pekall.semail.provider.EmailProvider
05-20 16:16:39.931 D/dalvikvm( 5741): GC_CONCURRENT freed 398K, 71% free 733K/2500K, paused 1ms+0ms, total 6ms
05-20 16:16:40.072 D/dalvikvm( 5741): GC_CONCURRENT freed 369K, 71% free 748K/2500K, paused 1ms+0ms, total 6ms
05-20 16:16:40.213 D/dalvikvm( 5741): GC_CONCURRENT freed 491K, 72% free 724K/2500K, paused 1ms+0ms, total 6ms
05-20 16:16:40.400 D/dalvikvm( 5741): GC_CONCURRENT freed 433K, 70% free 750K/2500K, paused 1ms+2ms, total 7ms
05-20 16:16:40.541 D/dalvikvm( 5741): GC_CONCURRENT freed 405K, 71% free 729K/2500K, paused 2ms+1ms, total 6ms
05-20 16:16:40.681 D/dalvikvm( 5741): GC_CONCURRENT freed 385K, 71% free 728K/2500K, paused 1ms+0ms, total 5ms
05-20 16:16:40.861 D/dalvikvm( 5741): GC_CONCURRENT freed 377K, 71% free 734K/2500K, paused 1ms+0ms, total 5ms
05-20 16:16:41.002 D/dalvikvm( 5741): GC_CONCURRENT freed 369K, 71% free 749K/2500K, paused 1ms+1ms, total 6ms
05-20 16:16:41.088 W/EmailProvider( 5756): restoreIfNeeded...
05-20 16:16:41.127 D/dalvikvm( 5741): GC_CONCURRENT freed 470K, 71% free 744K/2500K, paused 1ms+0ms, total 6ms
05-20 16:16:41.267 D/dalvikvm( 5741): GC_CONCURRENT freed 391K, 71% free 737K/2500K, paused 1ms+1ms, total 6ms
05-20 16:16:41.385 D/LightsService(  374): Excessive delay setting light: 197ms
05-20 16:16:41.408 D/dalvikvm( 5741): GC_CONCURRENT freed 369K, 70% free 751K/2500K, paused 1ms+0ms, total 6ms
05-20 16:16:41.424 D/EmailProvider( 5756): restoreAccounts...
05-20 16:16:41.455 D/LightsService(  374): Excessive delay setting light: 74ms
05-20 16:16:41.549 D/dalvikvm( 5741): GC_CONCURRENT freed 447K, 71% free 749K/2500K, paused 1ms+0ms, total 6ms
05-20 16:16:41.689 D/dalvikvm( 5741): GC_CONCURRENT freed 385K, 71% free 747K/2500K, paused 1ms+0ms, total 6ms
05-20 16:16:41.728 D/LightsService(  374): Excessive delay setting light: 261ms
05-20 16:16:41.853 D/dalvikvm(  448): GC_CONCURRENT freed 1387K, 17% free 13413K/16128K, paused 2ms+32ms, total 81ms
05-20 16:16:41.924 D/dalvikvm( 5741): GC_CONCURRENT freed 456K, 70% free 751K/2500K, paused 0ms+2ms, total 6ms
05-20 16:16:42.049 D/dalvikvm( 5741): GC_CONCURRENT freed 408K, 71% free 747K/2500K, paused 1ms+0ms, total 6ms
05-20 16:16:42.127 D/LightsService(  374): Excessive delay setting light: 397ms
05-20 16:16:42.213 D/dalvikvm( 5741): GC_CONCURRENT freed 394K, 71% free 737K/2500K, paused 2ms+1ms, total 6ms
05-20 16:16:42.338 D/dalvikvm( 5741): GC_CONCURRENT freed 369K, 70% free 752K/2500K, paused 2ms+1ms, total 6ms
05-20 16:16:42.471 D/dalvikvm( 5741): GC_CONCURRENT freed 470K, 71% free 744K/2500K, paused 1ms+0ms, total 6ms
05-20 16:16:42.635 D/dalvikvm( 5741): GC_CONCURRENT freed 391K, 71% free 737K/2500K, paused 1ms+0ms, total 6ms
05-20 16:16:42.666 D/EmailProvider( 5756): No accounts to restore...
05-20 16:16:42.666 D/EmailProvider( 5756): Deleting orphans...
05-20 16:16:42.783 D/dalvikvm( 5741): GC_CONCURRENT freed 369K, 70% free 752K/2500K, paused 1ms+1ms, total 6ms
05-20 16:16:42.924 D/dalvikvm( 5741): GC_CONCURRENT freed 464K, 71% free 747K/2500K, paused 2ms+0ms, total 7ms
05-20 16:16:42.963 D/EmailProvider( 5756): EmailProvider pre-caching...
05-20 16:16:43.096 D/dalvikvm( 5741): GC_CONCURRENT freed 456K, 70% free 752K/2500K, paused 0ms+2ms, total 7ms
05-20 16:16:43.221 D/dalvikvm( 5741): GC_CONCURRENT freed 388K, 71% free 748K/2500K, paused 1ms+0ms, total 6ms
05-20 16:16:43.346 D/EmailProvider( 5756): EmailProvider ready.
05-20 16:16:43.361 D/MDM :   ( 5090): [null:-1]->Location timeout, set latitude and longitude -1
05-20 16:16:43.400 D/dalvikvm( 5741): GC_CONCURRENT freed 385K, 71% free 746K/2500K, paused 1ms+0ms, total 6ms
05-20 16:16:43.549 D/CommandManager( 5090): [null:-1]->requestType: Location
05-20 16:16:43.572 D/dalvikvm( 5741): GC_CONCURRENT freed 398K, 67% free 846K/2500K, paused 0ms+1ms, total 9ms
05-20 16:16:43.736 D/dalvikvm( 5741): GC_CONCURRENT freed 492K, 71% free 737K/2500K, paused 1ms+0ms, total 6ms
05-20 16:16:43.892 D/MdmDatabaseHelper( 5090): [null:-1]->update command 700dec13-0787-49a0-8a2e-9a56d4dfedc0 to commandStatus <?xml version="1.0" encoding="UTF-8"?>
05-20 16:16:43.892 D/MdmDatabaseHelper( 5090): <!DOCTYPE plist PUBLIC "-//Apple//DTD PLIST 1.0//EN" "http://www.apple.com/DTDs/PropertyList-1.0.dtd">
05-20 16:16:43.892 D/MdmDatabaseHelper( 5090): <plist version="1.0">
05-20 16:16:43.892 D/MdmDatabaseHelper( 5090): <dict>
05-20 16:16:43.892 D/MdmDatabaseHelper( 5090): 	<key>Latitude</key>
05-20 16:16:43.892 D/MdmDatabaseHelper( 5090): 	<real>-1.0</real>
05-20 16:16:43.892 D/MdmDatabaseHelper( 5090): 	<key>Longitude</key>
05-20 16:16:43.892 D/MdmDatabaseHelper( 5090): 	<real>-1.0</real>
05-20 16:16:43.892 D/MdmDatabaseHelper( 5090): 	<key>CommandUUID</key>
05-20 16:16:43.892 D/MdmDatabaseHelper( 5090): 	<string>700dec13-0787-49a0-8a2e-9a56d4dfedc0</string>
05-20 16:16:43.892 D/MdmDatabaseHelper( 5090): 	<key>Status</key>
05-20 16:16:43.892 D/MdmDatabaseHelper( 5090): 	<string>Error</string>
05-20 16:16:43.892 D/MdmDatabaseHelper( 5090): 	<key>UDID</key>
05-20 16:16:43.892 D/MdmDatabaseHelper( 5090): 	<string>00013fbc8ecec5b90000014613abe64a</string>
05-20 16:16:43.892 D/MdmDatabaseHelper( 5090): </dict>
05-20 16:16:43.892 D/MdmDatabaseHelper( 5090): </plist>
05-20 16:16:44.142 D/dalvikvm( 5741): GC_CONCURRENT freed 369K, 70% free 752K/2500K, paused 2ms+0ms, total 6ms
05-20 16:16:44.205 W/ActivityManager(  374): Unable to start service Intent { cmp=com.pekall.emdm.launcher/com.pekall.semail.service.AttachmentDownloadService } U=0: not found
05-20 16:16:44.306 D/dalvikvm( 5741): GC_CONCURRENT freed 480K, 71% free 727K/2500K, paused 2ms+1ms, total 6ms
05-20 16:16:44.447 I/Email   ( 5756): Notifications being toggled: false
05-20 16:16:44.494 D/dalvikvm( 5741): GC_CONCURRENT freed 381K, 71% free 729K/2500K, paused 2ms+1ms, total 6ms
05-20 16:16:44.635 D/dalvikvm( 5741): GC_CONCURRENT freed 369K, 71% free 744K/2500K, paused 2ms+1ms, total 6ms
05-20 16:16:44.767 D/dalvikvm( 5741): GC_CONCURRENT freed 369K, 70% free 758K/2500K, paused 2ms+1ms, total 6ms
05-20 16:16:44.838 I/TransInfo( 5090): TransInfo created, id: 3, class: class com.pekall.emdm.transaction.c.b
05-20 16:16:44.838 D/NetworkThread( 5090): [null:-1]->----isRunning-----true
05-20 16:16:44.838 D/NetworkThread( 5090): [null:-1]->----isRunning-----true
05-20 16:16:44.838 D/NetworkThread( 5090): [null:-1]->thread wakeup
05-20 16:16:44.846 D/NetworkThread( 5090): [null:-1]->sendHttpPost:PostRequest, url: http://192.168.10.21/rest/mdm/v1/ios/android_server, Params: [content:<?xml version="1.0" encoding="UTF-8"?>
05-20 16:16:44.846 D/NetworkThread( 5090): <!DOCTYPE plist PUBLIC "-//Apple//DTD PLIST 1.0//EN" "http://www.apple.com/DTDs/PropertyList-1.0.dtd">
05-20 16:16:44.846 D/NetworkThread( 5090): <plist version="1.0">
05-20 16:16:44.846 D/NetworkThread( 5090): <dict>
05-20 16:16:44.846 D/NetworkThread( 5090): 	<key>Latitude</key>
05-20 16:16:44.846 D/NetworkThread( 5090): 	<real>-1.0</real>
05-20 16:16:44.846 D/NetworkThread( 5090): 	<key>Longitude</key>
05-20 16:16:44.846 D/NetworkThread( 5090): 	<real>-1.0</real>
05-20 16:16:44.846 D/NetworkThread( 5090): 	<key>CommandUUID</key>
05-20 16:16:44.846 D/NetworkThread( 5090): 	<string>700dec13-0787-49a0-8a2e-9a56d4dfedc0</string>
05-20 16:16:44.846 D/NetworkThread( 5090): 	<key>Status</key>
05-20 16:16:44.846 D/NetworkThread( 5090): 	<string>Error</string>
05-20 16:16:44.846 D/NetworkThread( 5090): 	<key>UDID</key>
05-20 16:16:44.846 D/NetworkThread( 5090): 	<string>00013fbc8ecec5b90000014613abe64a</string>
05-20 16:16:44.846 D/NetworkThread( 5090): </dict>
05-20 16:16:44.846 D/NetworkThread( 5090): </plist>], 
05-20 16:16:44.846 D/HttpClient( 5090): enable apache.http debug
05-20 16:16:44.853 V/DEBUG   ( 5090): HTTP 0
05-20 16:16:44.916 D/dalvikvm( 5741): GC_CONCURRENT freed 427K, 71% free 726K/2500K, paused 1ms+1ms, total 13ms
05-20 16:16:45.041 D/dalvikvm( 5741): GC_CONCURRENT freed 433K, 72% free 724K/2500K, paused 0ms+0ms, total 5ms
05-20 16:16:45.127 D/MDM :   ( 5090): [null:-1]->statusCode : 200
05-20 16:16:45.135 D/MDM :   ( 5090): [null:-1]->statusCode : 200
05-20 16:16:45.135 V/DEBUG   ( 5090): HTTP 1
05-20 16:16:45.135 D/MDM :   ( 5090): [null:-1]->Get joson string: 
05-20 16:16:45.142 D/MdmDatabaseHelper( 5090): [null:-1]->update command 700dec13-0787-49a0-8a2e-9a56d4dfedc0 to status executed
05-20 16:16:45.181 D/NetworkThread( 5090): [null:-1]->clear mCurrentTransInfo
05-20 16:16:45.181 D/NetworkThread( 5090): [null:-1]->queue is empty, thread wait...
05-20 16:16:45.244 D/MdmService( 5090): [null:-1]->handleCheckInResult
05-20 16:16:45.244 D/MdmService( 5090): [null:-1]->handleCheckInResult result keyIndex: 3
05-20 16:16:45.244 D/HandleCommandTask( 5090): [null:-1]->execute command msg but beanBase is null
05-20 16:16:45.267 D/dalvikvm( 5741): GC_CONCURRENT freed 438K, 70% free 750K/2500K, paused 0ms+2ms, total 7ms
05-20 16:16:45.306 D/MdmStatusManager( 5090): [null:-1]->change status to : Idle
05-20 16:16:45.869 D/dalvikvm( 5741): GC_CONCURRENT freed 451K, 73% free 687K/2500K, paused 0ms+0ms, total 5ms
05-20 16:16:46.072 D/dalvikvm( 5741): GC_CONCURRENT freed 401K, 70% free 750K/2500K, paused 1ms+2ms, total 7ms
05-20 16:16:46.228 D/dalvikvm( 5741): GC_CONCURRENT freed 410K, 71% free 727K/2500K, paused 1ms+0ms, total 6ms
05-20 16:16:46.408 D/dalvikvm( 5741): GC_CONCURRENT freed 373K, 71% free 738K/2500K, paused 1ms+0ms, total 5ms
05-20 16:16:46.541 D/dalvikvm( 5741): GC_CONCURRENT freed 368K, 70% free 753K/2500K, paused 1ms+1ms, total 6ms
05-20 16:16:46.674 D/dalvikvm( 5741): GC_CONCURRENT freed 453K, 70% free 763K/2500K, paused 1ms+1ms, total 7ms
05-20 16:16:46.830 D/dalvikvm( 5741): GC_CONCURRENT freed 408K, 71% free 738K/2500K, paused 2ms+1ms, total 6ms
05-20 16:16:46.971 D/dalvikvm( 5741): GC_CONCURRENT freed 368K, 70% free 753K/2500K, paused 1ms+0ms, total 6ms
05-20 16:16:47.111 D/dalvikvm( 5741): GC_CONCURRENT freed 470K, 71% free 745K/2500K, paused 1ms+0ms, total 6ms
05-20 16:16:47.166 I/PowerManagerService(  374): Going to sleep due to screen timeout...
05-20 16:16:47.213 I/PowerManagerService(  374): Waking up from sleep...
05-20 16:16:47.392 D/dalvikvm(  374): GC_FOR_ALLOC freed 3068K, 27% free 20991K/28616K, paused 134ms, total 134ms
05-20 16:16:47.392 D/LauncherApplication( 5090): [null:-1]->onActivityPaused
05-20 16:16:47.424 D/LauncherApplication( 5090): [null:-1]->onActivityPaused  updateTime
05-20 16:16:47.580 W/InputMethodManagerService(  374): Window already focused, ignoring focus gain of: com.android.internal.view.IInputMethodClient$Stub$Proxy@4283efd8 attribute=android.view.inputmethod.EditorInfo@427fe5a8, token = android.os.BinderProxy@42a0b6e0
05-20 16:16:47.619 D/NfcService(  568): NFC-C OFF, disconnect
05-20 16:16:47.752 D/LightsService(  374): Excessive delay setting light: 51ms
05-20 16:16:47.838 V/WiseDownloadConditionControler( 2267): checkCondition  type : TODAY_LAUNCHED_USER  inerrupting: false
05-20 16:16:47.853 D/LightsService(  374): Excessive delay setting light: 72ms
05-20 16:16:47.861 V/MDM :   ( 5090): [null:-1]->Screen receiver is called.
05-20 16:16:47.869 W/Parcel  ( 1661): Attempt to read object from Parcel 0x6013bdac at offset 200 that is not in the object list
05-20 16:16:47.955 D/LightsService(  374): Excessive delay setting light: 96ms
05-20 16:16:47.986 V/WiseDownloadConditionControler( 2267): checkCondition  type : TRIGGER_WISE_DOWNLOAD  inerrupting: false
05-20 16:16:48.033 D/LightsService(  374): Excessive delay setting light: 60ms
05-20 16:16:48.080 V/PanelView(  448): animationTick called with dtms=0; nothing to do (h=0.0 v=4000.0)
05-20 16:16:48.166 D/LightsService(  374): Excessive delay setting light: 124ms
05-20 16:16:48.236 D/dalvikvm( 5741): GC_CONCURRENT freed 538K, 76% free 607K/2500K, paused 2ms+0ms, total 6ms
05-20 16:16:48.260 D/LightsService(  374): Excessive delay setting light: 99ms
05-20 16:16:48.424 D/dalvikvm(  448): GC_CONCURRENT freed 1389K, 17% free 13437K/16128K, paused 5ms+26ms, total 113ms
05-20 16:16:48.463 D/dalvikvm( 5741): GC_CONCURRENT freed 398K, 77% free 593K/2500K, paused 2ms+0ms, total 6ms
05-20 16:16:49.010 D/dalvikvm( 5741): GC_CONCURRENT freed 249K, 71% free 729K/2500K, paused 0ms+0ms, total 4ms
05-20 16:16:49.588 D/dalvikvm( 5741): GC_CONCURRENT freed 438K, 71% free 730K/2500K, paused 0ms+0ms, total 4ms
05-20 16:16:49.767 D/dalvikvm( 5741): GC_CONCURRENT freed 369K, 71% free 745K/2500K, paused 1ms+0ms, total 5ms
05-20 16:16:49.908 D/dalvikvm( 5741): GC_CONCURRENT freed 368K, 70% free 760K/2500K, paused 1ms+0ms, total 5ms
05-20 16:16:50.041 D/dalvikvm( 5741): GC_CONCURRENT freed 467K, 70% free 751K/2500K, paused 2ms+0ms, total 6ms
05-20 16:16:50.213 D/dalvikvm( 5741): GC_CONCURRENT freed 390K, 70% free 766K/2500K, paused 1ms+1ms, total 5ms
05-20 16:16:50.353 D/dalvikvm( 5741): GC_CONCURRENT freed 488K, 71% free 730K/2500K, paused 0ms+0ms, total 4ms
05-20 16:16:50.533 D/dalvikvm( 5741): GC_CONCURRENT freed 369K, 70% free 766K/2500K, paused 0ms+0ms, total 4ms
05-20 16:16:50.674 D/dalvikvm( 5741): GC_CONCURRENT freed 487K, 71% free 730K/2500K, paused 1ms+0ms, total 5ms
05-20 16:16:50.846 D/dalvikvm( 5741): GC_CONCURRENT freed 369K, 71% free 744K/2500K, paused 2ms+1ms, total 6ms
05-20 16:16:50.994 D/dalvikvm( 5741): GC_CONCURRENT freed 368K, 70% free 760K/2500K, paused 2ms+1ms, total 6ms
05-20 16:16:51.135 D/dalvikvm( 5741): GC_CONCURRENT freed 467K, 70% free 751K/2500K, paused 1ms+0ms, total 6ms
05-20 16:16:51.322 D/dalvikvm( 5741): GC_CONCURRENT freed 457K, 69% free 784K/2500K, paused 0ms+1ms, total 7ms
05-20 16:16:51.471 D/dalvikvm( 5741): GC_CONCURRENT freed 422K, 70% free 766K/2500K, paused 0ms+1ms, total 5ms
05-20 16:16:51.603 D/dalvikvm( 5741): GC_CONCURRENT freed 488K, 71% free 730K/2500K, paused 1ms+1ms, total 5ms
05-20 16:16:51.744 D/dalvikvm( 5741): GC_CONCURRENT freed 369K, 71% free 745K/2500K, paused 2ms+0ms, total 6ms
05-20 16:16:51.892 D/dalvikvm( 5741): GC_CONCURRENT freed 367K, 70% free 762K/2500K, paused 2ms+1ms, total 6ms
05-20 16:16:52.017 D/dalvikvm( 5741): GC_CONCURRENT freed 468K, 70% free 751K/2500K, paused 2ms+1ms, total 6ms
05-20 16:16:52.189 D/dalvikvm( 5741): GC_CONCURRENT freed 389K, 70% free 766K/2500K, paused 0ms+1ms, total 5ms
05-20 16:16:52.330 V/KeyguardHostView(  374): hide transport, gen:1
05-20 16:16:52.338 V/KeyguardHostView(  374): music state changed: 0
05-20 16:16:52.377 D/dalvikvm( 5741): GC_CONCURRENT freed 467K, 70% free 751K/2500K, paused 1ms+1ms, total 9ms
05-20 16:16:52.400 V/TAG     (  374): bug 7643792: fitSystemWindows([0,50][0,0])
05-20 16:16:52.408 D/PhoneStatusBar(  448): disable: < expand icons alerts ticker system_info back home RECENT* clock SEARCH* >
05-20 16:16:52.408 V/PanelView(  448): animationTick called with dtms=0; nothing to do (h=1184.0 v=-4000.0)
05-20 16:16:52.689 D/dalvikvm( 5741): GC_CONCURRENT freed 554K, 75% free 628K/2500K, paused 1ms+1ms, total 10ms
05-20 16:16:52.728 W/QueryController( 5741): AccessibilityNodeInfo returned a null child (0 of 2)
05-20 16:16:52.728 W/QueryController( 5741): parent = android.view.accessibility.AccessibilityNodeInfo@172b7e; boundsInParent: Rect(0, 0 - 720, 140); boundsInScreen: Rect(0, 236 - 720, 376); packageName: com.android.systemui; className: android.widget.FrameLayout; text: null; contentDescription: null; viewIdResName: null; checkable: false; checked: false; focusable: false; focused: false; selected: false; clickable: false; longClickable: false; enabled: true; password: false; scrollable: false; [ACTION_SELECT, ACTION_CLEAR_SELECTION, ACTION_ACCESSIBILITY_FOCUS]
05-20 16:16:52.728 W/QueryController( 5741): AccessibilityNodeInfo returned a null child (1 of 2)
05-20 16:16:52.728 W/QueryController( 5741): AccessibilityNodeInfo returned a null child (4 of 14)
05-20 16:16:52.728 W/QueryController( 5741): parent = android.view.accessibility.AccessibilityNodeInfo@13f67; boundsInParent: Rect(0, 0 - 720, 1960); boundsInScreen: Rect(0, 96 - 720, 2056); packageName: com.android.systemui; className: android.widget.LinearLayout; text: null; contentDescription: null; viewIdResName: com.android.systemui:id/latestItems; checkable: false; checked: false; focusable: false; focused: false; selected: false; clickable: false; longClickable: false; enabled: true; password: false; scrollable: false; [ACTION_SELECT, ACTION_CLEAR_SELECTION, ACTION_ACCESSIBILITY_FOCUS]
05-20 16:16:52.736 W/QueryController( 5741): AccessibilityNodeInfo returned a null child (5 of 14)
05-20 16:16:52.736 W/QueryController( 5741): AccessibilityNodeInfo returned a null child (6 of 14)
05-20 16:16:52.736 W/QueryController( 5741): AccessibilityNodeInfo returned a null child (7 of 14)
05-20 16:16:52.736 W/QueryController( 5741): AccessibilityNodeInfo returned a null child (8 of 14)
05-20 16:16:52.736 W/QueryController( 5741): AccessibilityNodeInfo returned a null child (9 of 14)
05-20 16:16:52.736 W/QueryController( 5741): AccessibilityNodeInfo returned a null child (10 of 14)
05-20 16:16:52.744 W/QueryController( 5741): AccessibilityNodeInfo returned a null child (11 of 14)
05-20 16:16:52.744 W/QueryController( 5741): AccessibilityNodeInfo returned a null child (12 of 14)
05-20 16:16:52.744 W/QueryController( 5741): AccessibilityNodeInfo returned a null child (13 of 14)
05-20 16:16:52.869 D/PhoneStatusBar(  448): disable: < expand icons alerts ticker system_info BACK* HOME* RECENT CLOCK* SEARCH >
05-20 16:16:53.635 D/dalvikvm( 1661): GC_EXPLICIT freed 961K, 18% free 13116K/15888K, paused 2ms+26ms, total 279ms
05-20 16:16:54.080 I/AndroidRuntime( 5741): VM exiting with result code 0.
05-20 16:16:55.283 V/a       ( 5090): Wait for reconcileAccounts finished in 45013ms
05-20 16:16:55.330 D/ExchangeService( 5090): !!! EAS ExchangeService, stopping self
05-20 16:16:57.885 I/Process (  374): Sending signal. PID: 5756 SIG: 3
05-20 16:16:57.885 W/BroadcastQueue(  374): Timeout of broadcast BroadcastRecord{430c6fd0 u-1 android.intent.action.SCREEN_OFF} - receiver=android.os.BinderProxy@4269aca8, started 10000ms ago
05-20 16:16:57.885 W/BroadcastQueue(  374): Receiver during timeout: BroadcastFilter{42d8eea8 u0 ReceiverList{42d912c8 5756 com.pekall.emdm.launcher:remote/10066/u0 remote:4269aca8}}
05-20 16:16:57.892 I/dalvikvm( 5756): threadid=3: reacting to signal 3
05-20 16:16:57.908 I/WindowManager(  374): Lock screen displayed!
05-20 16:16:58.049 D/LightsService(  374): Excessive delay setting light: 95ms
05-20 16:16:58.088 I/Process (  374): Sending signal. PID: 374 SIG: 3
05-20 16:16:58.088 I/dalvikvm(  374): threadid=3: reacting to signal 3
05-20 16:16:58.142 D/dalvikvm( 5756): JIT unchain all for threadid=11
05-20 16:16:58.213 I/dalvikvm( 5756): Wrote stack traces to '/data/anr/traces.txt'
05-20 16:16:58.744 D/dalvikvm( 1661): GC_EXPLICIT freed 39K, 18% free 13077K/15888K, paused 2ms+6ms, total 101ms
05-20 16:16:59.978 I/dalvikvm(  374): Wrote stack traces to '/data/anr/traces.txt'
05-20 16:16:59.986 I/Process (  374): Sending signal. PID: 448 SIG: 3
05-20 16:16:59.986 I/dalvikvm(  448): threadid=3: reacting to signal 3
05-20 16:16:59.986 I/Process (  374): Sending signal. PID: 561 SIG: 3
05-20 16:16:59.986 I/dalvikvm(  561): threadid=3: reacting to signal 3
05-20 16:17:00.041 I/dalvikvm(  561): Wrote stack traces to '/data/anr/traces.txt'
05-20 16:17:00.041 I/Process (  374): Sending signal. PID: 568 SIG: 3
05-20 16:17:00.041 I/dalvikvm(  568): threadid=3: reacting to signal 3
05-20 16:17:00.111 I/dalvikvm(  568): Wrote stack traces to '/data/anr/traces.txt'
05-20 16:17:00.416 I/dalvikvm(  448): Wrote stack traces to '/data/anr/traces.txt'
05-20 16:17:00.681 D/dalvikvm(  374): GC_EXPLICIT freed 1544K, 23% free 22238K/28616K, paused 3ms+14ms, total 160ms
05-20 16:17:01.275 I/Process (  374): Sending signal. PID: 5090 SIG: 3
05-20 16:17:01.275 I/dalvikvm( 5090): threadid=3: reacting to signal 3
05-20 16:17:01.478 E/ActivityManager(  374): ANR in com.pekall.emdm.launcher:remote
05-20 16:17:01.478 E/ActivityManager(  374): Reason: Broadcast of Intent { act=android.intent.action.SCREEN_OFF flg=0x50000010 }
05-20 16:17:01.478 E/ActivityManager(  374): Load: 3.86 / 2.3 / 1.93
05-20 16:17:01.478 E/ActivityManager(  374): CPU usage from 10491ms to 658ms ago:
05-20 16:17:01.478 E/ActivityManager(  374):   74% 5090/com.pekall.emdm.launcher: 74% user + 0.5% kernel / faults: 1387 minor
05-20 16:17:01.478 E/ActivityManager(  374):   74% 5756/com.pekall.emdm.launcher:remote: 74% user + 0% kernel / faults: 1 minor
05-20 16:17:01.478 E/ActivityManager(  374):   17% 448/com.android.systemui: 16% user + 1% kernel / faults: 699 minor
05-20 16:17:01.478 E/ActivityManager(  374):   12% 374/system_server: 10% user + 2.4% kernel / faults: 2309 minor 1 major
05-20 16:17:01.478 E/ActivityManager(  374):   3.2% 124/surfaceflinger: 1.3% user + 1.9% kernel / faults: 10206 minor
05-20 16:17:01.478 E/ActivityManager(  374):   0.3% 576/com.android.launcher: 0.2% user + 0% kernel / faults: 180 minor
05-20 16:17:01.478 E/ActivityManager(  374):   0.8% 1661/com.qihoo360.mobilesafe:GuardService: 0.8% user + 0% kernel / faults: 203 minor
05-20 16:17:01.478 E/ActivityManager(  374):   0.4% 135/adbd: 0.2% user + 0.2% kernel / faults: 19 minor
05-20 16:17:01.478 E/ActivityManager(  374):   0.1% 5545/kworker/u:1: 0% user + 0.1% kernel
05-20 16:17:01.478 E/ActivityManager(  374):   0% 5533/kworker/u:0: 0% user + 0% kernel
05-20 16:17:01.478 E/ActivityManager(  374):   0.3% 5579/kworker/0:1: 0% user + 0.3% kernel
05-20 16:17:01.478 E/ActivityManager(  374):   0% 24/kswapd0: 0% user + 0% kernel
05-20 16:17:01.478 E/ActivityManager(  374):   0% 121/netd: 0% user + 0% kernel
05-20 16:17:01.478 E/ActivityManager(  374):   0.2% 2530/com.qihoo.appstore: 0.2% user + 0% kernel / faults: 1 minor
05-20 16:17:01.478 E/ActivityManager(  374):   0% 2820/kworker/u:4: 0% user + 0% kernel
05-20 16:17:01.478 E/ActivityManager(  374):   0.1% 95/ueventd: 0% user + 0.1% kernel
05-20 16:17:01.478 E/ActivityManager(  374):   0.1% 116/servicemanager: 0% user + 0.1% kernel
05-20 16:17:01.478 E/ActivityManager(  374):   0.1% 117/vold: 0% user + 0.1% kernel
05-20 16:17:01.478 E/ActivityManager(  374):   0.1% 568/com.android.nfc: 0% user + 0.1% kernel / faults: 3 minor
05-20 16:17:01.478 E/ActivityManager(  374):   0.1% 1468/com.qihoo.daemon: 0% user + 0.1% kernel / faults: 33 minor
05-20 16:17:01.478 E/ActivityManager(  374):   0% 2267/com.tencent.android.qqdownloader: 0% user + 0% kernel / faults: 25 minor
05-20 16:17:01.478 E/ActivityManager(  374):   0.1% 2462/com.dragon.android.pandaspace: 0.1% user + 0% kernel / faults: 1 minor
05-20 16:17:01.478 E/ActivityManager(  374):   0.1% 3634/kworker/1:0: 0% user + 0.1% kernel
05-20 16:17:01.478 E/ActivityManager(  374):   0% 5432/com.google.android.apps.maps:GoogleLocationService: 0% user + 0% kernel / faults: 21 minor
05-20 16:17:01.478 E/ActivityManager(  374):   0% 5500/com.dragon.android.pandaspace:bdservice_v1: 0% user + 0% kernel / faults: 4 minor
05-20 16:17:01.478 E/ActivityManager(  374): 100% TOTAL: 96% user + 3.9% kernel
05-20 16:17:01.478 E/ActivityManager(  374): CPU usage from 2801ms to 3353ms later with 101% awake:
05-20 16:17:01.478 E/ActivityManager(  374):   92% 5090/com.pekall.emdm.launcher: 90% user + 1.8% kernel
05-20 16:17:01.478 E/ActivityManager(  374):     90% 5103/Thread-1728: 90% user + 0% kernel
05-20 16:17:01.478 E/ActivityManager(  374):   74% 5756/com.pekall.emdm.launcher:remote: 74% user + 0% kernel
05-20 16:17:01.478 E/ActivityManager(  374):     74% 5769/Thread-1773: 74% user + 0% kernel
05-20 16:17:01.478 E/ActivityManager(  374):   22% 374/system_server: 16% user + 5.6% kernel / faults: 24 minor
05-20 16:17:01.478 E/ActivityManager(  374):     16% 388/UI: 15% user + 1.8% kernel
05-20 16:17:01.478 E/ActivityManager(  374):     5.6% 390/ActivityManager: 1.8% user + 3.7% kernel
05-20 16:17:01.478 E/ActivityManager(  374):   3.7% 124/surfaceflinger: 3.7% user + 0% kernel
05-20 16:17:01.478 E/ActivityManager(  374):     1.8% 151/SurfaceFlinger: 1.8% user + 0% kernel
05-20 16:17:01.478 E/ActivityManager(  374):     1.8% 165/SurfaceFlinger: 0% user + 1.8% kernel
05-20 16:17:01.478 E/ActivityManager(  374):     1.8% 169/EventThread: 0% user + 1.8% kernel
05-20 16:17:01.478 E/ActivityManager(  374):     1.8% 170/Binder_1: 1.8% user + 0% kernel
05-20 16:17:01.478 E/ActivityManager(  374):     1.8% 263/Binder_3: 0% user + 1.8% kernel
05-20 16:17:01.478 E/ActivityManager(  374):     1.8% 5942/Binder_6: 1.8% user + 0% kernel
05-20 16:17:01.478 E/ActivityManager(  374):   1.2% 3787/kworker/u:2: 0% user + 1.2% kernel
05-20 16:17:01.478 E/ActivityManager(  374):   1.2% 5533/kworker/u:0: 0% user + 1.2% kernel
05-20 16:17:01.478 E/ActivityManager(  374): 100% TOTAL: 93% user + 6.4% kernel
05-20 16:17:01.494 W/ActivityManager(  374): Killing ProcessRecord{4228e180 5756:com.pekall.emdm.launcher:remote/u0a10066}: background ANR
05-20 16:17:01.494 W/ActivityManager(  374): Timeout executing service: ServiceRecord{43022348 u0 com.pekall.emdm.launcher/com.baidu.location.f}
05-20 16:17:01.502 I/ActivityManager(  374): Skipping duplicate ANR: ProcessRecord{4228e180 5756:com.pekall.emdm.launcher:remote/u0a10066} Executing service com.pekall.emdm.launcher/com.baidu.location.f
05-20 16:17:01.525 D/dalvikvm( 5090): JIT unchain all for threadid=11
05-20 16:17:01.525 I/ActivityManager(  374): Process com.pekall.emdm.launcher:remote (pid 5756) has died.
05-20 16:17:01.525 W/ActivityManager(  374): Scheduling restart of crashed service com.pekall.emdm.launcher/com.baidu.location.f in 20000ms
05-20 16:17:01.635 I/dalvikvm( 5090): Wrote stack traces to '/data/anr/traces.txt'
05-20 16:17:01.635 W/Parcel  ( 1661): Attempt to read object from Parcel 0x6003bdac at offset 200 that is not in the object list
05-20 16:17:01.635 D/ExchangeService( 5090): !!! EAS ExchangeService, onDestroy
05-20 16:17:01.666 D/dalvikvm(  448): GC_CONCURRENT freed 1087K, 15% free 13847K/16128K, paused 2ms+25ms, total 91ms
05-20 16:17:01.705 V/WiseDownloadConditionControler( 2267): checkCondition  type : WISE_DOWNLOAD  inerrupting: true
05-20 16:17:01.752 W/Settings( 1661): Setting airplane_mode_on has moved from android.provider.Settings.System to android.provider.Settings.Global, returning read-only value.
05-20 16:17:01.767 V/DigitalWidgetViewsFactory( 2749): DigitalWidget sets next alarm string to null
05-20 16:17:01.791 W/Parcel  ( 1661): Attempt to read object from Parcel 0x6003bdac at offset 200 that is not in the object list
05-20 16:17:08.689 D/dalvikvm( 1661): GC_EXPLICIT freed 501K, 18% free 13106K/15888K, paused 2ms+3ms, total 45ms
05-20 16:17:16.588 D/LightsService(  374): Excessive delay setting light: 69ms
05-20 16:17:16.861 D/LightsService(  374): Excessive delay setting light: 64ms
05-20 16:17:21.549 D/dalvikvm( 5807): Late-enabling CheckJNI
05-20 16:17:21.549 I/ActivityManager(  374): Start proc com.pekall.emdm.launcher:remote for service com.pekall.emdm.launcher/com.baidu.location.f: pid=5807 uid=10066 gids={50066, 1015, 3002, 3001, 3003, 1028}
05-20 16:17:21.603 V/MyServiceConnection( 5807): [SConnection] sandbox service is NOT installed.
05-20 16:17:21.603 D/ScClassLoader( 5807): >> SOURCE FILE: /data/data/com.pekall.emdm.launcher/app_jars/sc-jdk15on-1.47.0.2.dex.jar
05-20 16:17:21.603 V/MyServiceConnection( 5807): [SConnection] binding service: pekall.intent.action.SANDBOX_SERVICE
05-20 16:17:21.650 D/dalvikvm( 5807): GC_CONCURRENT freed 150K, 2% free 9284K/9472K, paused 5ms+2ms, total 30ms
05-20 16:17:21.650 D/dalvikvm( 5807): WAIT_FOR_CONCURRENT_GC blocked 4ms
05-20 16:17:21.650 W/Parcel  ( 1661): Attempt to read object from Parcel 0x5ec3bdac at offset 200 that is not in the object list
05-20 16:17:21.658 W/Parcel  ( 1661): Attempt to read object from Parcel 0x5ef3bdac at offset 200 that is not in the object list
05-20 16:17:21.658 D/Email   ( 5807): Email: init sandbox at the beginning.
05-20 16:17:21.658 V/MyServiceConnection( 5807): [SConnection] retry to bind service
05-20 16:17:21.658 V/MyServiceConnection( 5807): [SConnection] sandbox service is NOT installed.
05-20 16:17:21.658 V/MyServiceConnection( 5807): [SConnection] binding service: pekall.intent.action.SANDBOX_SERVICE
05-20 16:17:21.666 V/MyServiceConnection( 5807): [SConnection] retry to bind service
05-20 16:17:21.666 V/MyServiceConnection( 5807): [SConnection] sandbox service is NOT installed.
05-20 16:17:21.666 V/MyServiceConnection( 5807): [SConnection] binding service: pekall.intent.action.SANDBOX_SERVICE
05-20 16:17:21.674 V/l       ( 5807): Bind requested for task setLogging
05-20 16:17:21.681 D/ExchangeService( 5090): !!! EAS ExchangeService, onCreate
05-20 16:17:21.681 W/Parcel  ( 1661): Attempt to read object from Parcel 0x6013bdac at offset 200 that is not in the object list
05-20 16:17:21.681 D/ExchangeService( 5090): !!! EAS ExchangeService, onStartCommand, startingUp = false, running = false
05-20 16:17:21.681 D/ExchangeService( 5090): to start secureStorageService now
05-20 16:17:21.681 V/a       ( 5090): Bind requested for task test
05-20 16:17:21.705 V/a       ( 5090): Connected: com.pekall.semail.service.AccountServiceInternal
05-20 16:17:21.705 D/ExchangeService( 5090): Reconciling accounts...
05-20 16:17:21.705 V/a       ( 5090): Bind requested for task reconcileAccounts
05-20 16:17:21.705 V/a       ( 5090): Connection test succeeded in 21ms
05-20 16:17:21.705 V/a       ( 5090): Task test completed; disconnecting
05-20 16:17:21.721 V/a       ( 5090): Connected: com.pekall.semail.service.AccountServiceInternal
05-20 16:17:21.728 V/a       ( 5090): Waiting for task reconcileAccounts to complete...
05-20 16:17:21.736 W/DocumentManager( 5807): Sandbox service is not connected.
05-20 16:17:21.736 D/MessageControllerImpl( 5807): controller is null
05-20 16:17:21.736 V/MyServiceConnection( 5807): [SConnection] retry to bind service
05-20 16:17:21.736 V/MyServiceConnection( 5807): [SConnection] sandbox service is NOT installed.
05-20 16:17:21.736 V/MyServiceConnection( 5807): [SConnection] binding service: pekall.intent.action.SANDBOX_SERVICE
05-20 16:17:21.736 V/a       ( 5090): Task reconcileAccounts completed; disconnecting
05-20 16:17:21.736 V/a       ( 5090): Wait for reconcileAccounts finished in 9ms
05-20 16:17:21.736 D/dalvikvm( 5807): GC_CONCURRENT freed 228K, 3% free 9569K/9836K, paused 5ms+2ms, total 41ms
05-20 16:17:21.736 D/dalvikvm( 5807): WAIT_FOR_CONCURRENT_GC blocked 3ms
05-20 16:17:21.736 D/dalvikvm( 5807): WAIT_FOR_CONCURRENT_GC blocked 3ms
05-20 16:17:21.736 D/dalvikvm( 5807): WAIT_FOR_CONCURRENT_GC blocked 4ms
05-20 16:17:21.736 W/SQLiteOpenHelper( 5807): Opened /data/data/com.pekall.emdm.launcher/databases/message.db
05-20 16:17:21.744 W/dalvikvm( 5807): No implementation found for native Lcom/pekall/sandbox/database/sqlite/SQLiteDatabase;.native_setSqliteSoftHeapLimit:(I)V
05-20 16:17:21.744 D/AndroidRuntime( 5807): Shutting down VM
05-20 16:17:21.744 W/dalvikvm( 5807): threadid=1: thread exiting with uncaught exception (group=0x419c8700)
05-20 16:17:21.744 D/        ( 5807): [---null: -1---]  Thread is main
05-20 16:17:21.744 W/System.err( 5807): java.lang.UnsatisfiedLinkError: Native method not found: com.pekall.sandbox.database.sqlite.SQLiteDatabase.native_setSqliteSoftHeapLimit:(I)V
05-20 16:17:21.752 W/System.err( 5807): 	at com.pekall.sandbox.database.sqlite.SQLiteDatabase.native_setSqliteSoftHeapLimit(Native Method)
05-20 16:17:21.752 W/System.err( 5807): 	at com.pekall.sandbox.database.sqlite.SQLiteDatabase.<init>(Unknown Source)
05-20 16:17:21.752 W/System.err( 5807): 	at com.pekall.sandbox.database.sqlite.SQLiteDatabase.openDatabase(Unknown Source)
05-20 16:17:21.752 W/System.err( 5807): 	at com.pekall.sandbox.database.sqlite.SQLiteDatabase.openDatabase(Unknown Source)
05-20 16:17:21.752 W/System.err( 5807): 	at com.pekall.sandbox.database.sqlite.SQLiteDatabase.openDatabase(Unknown Source)
05-20 16:17:21.752 W/System.err( 5807): 	at com.pekall.sandbox.database.sqlite.SQLiteOpenHelper.getWritableDatabase(Unknown Source)
05-20 16:17:21.752 W/System.err( 5807): 	at com.pekall.emdm.messagecenter.db.a.a(Unknown Source)
05-20 16:17:21.752 W/System.err( 5807): 	at com.pekall.emdm.messagecenter.db.a.b(Unknown Source)
05-20 16:17:21.752 W/System.err( 5807):