05-21 10:29:53.853 D/        (23086): [---null: -1---]  xxd111  getClassName  com.pekall.emdm.document.activity.DocMainActivity
05-21 10:29:53.853 D/        (23086): [---null: -1---]  xxd111  info.title  Document Manager ,count is 0
05-21 10:29:53.853 D/        (23086): [---null: -1---]  xxd111  getPackageName  com.pekall.emdm.launcher
05-21 10:29:53.853 D/        (23086): [---null: -1---]  xxd111  getClassName  com.pekall.emdm.launcher.ui.BackPersonalActivity
05-21 10:29:53.861 D/        (23086): [---null: -1---]  xxd111  info.title  Personal Mode ,count is 0
05-21 10:29:53.861 D/        (23086): [---null: -1---]  xxd111  getPackageName  com.pekall.emdm.launcher
05-21 10:29:53.861 D/        (23086): [---null: -1---]  xxd111  getClassName  com.pekall.semail.activity.Welcome
05-21 10:29:53.861 D/        (23086): [---null: -1---]  xxd111  info.title  Email ,count is 0
05-21 10:29:53.869 D/MDM :   (23086): [null:-1]->username is : zhenhua.sang@pekall.com ,pwd is 123456
05-21 10:29:53.869 I/System.out(23086): [cjx]authenticateUser,zhenhua.sang@pekall.com,123456
05-21 10:29:53.869 I/System.out(23086): [cjx]to generate user KEK now,keyLength:32,algorithm:Rijndael256
05-21 10:29:53.892 D/CommandManager(23086): [null:-1]->execute command: CommandMsg{CommandUUID='d10023c1-86d0-4118-aa56-02a4a28c3fad', Command=CommandObject{RequestType='DeviceInformation'}}
05-21 10:29:53.994 I/System.out(23086): [cjx]blockSize:32
05-21 10:29:53.994 I/System.out(23086): [cjx]iv:[112, 101, 107, 97, 108, 108, 50, 48, 49, 52, 97, 101, 115, 99, 106, 120, 112, 101, 107, 97, 108, 108, 50, 48, 49, 52, 97, 101, 115, 99, 106, 120]
05-21 10:29:53.994 I/System.out(23086): [cjx]secret:[-94, 35, 21, 34, 6, -61, -108, -46, 6, 56, -82, 111, 24, -59, 0, -21, 43, -46, -16, 27, -76, 52, 9, 117, -69, 64, 55, -122, -120, -69, -38, 9]
05-21 10:29:53.994 I/System.out(23086): [cjx]successfully restore dek:[B@4338cb10
05-21 10:29:53.994 I/System.out(23086): [cjx]to generate user KEK now,keyLength:32,algorithm:Rijndael256
05-21 10:29:54.041 E/QueryController(23015): Cannot proceed when root node is null. Aborted search
05-21 10:29:54.041 E/QueryController(23015): Got null root node from accessibility - Retrying...
05-21 10:29:54.111 I/System.out(23086): [cjx]blockSize:32
05-21 10:29:54.111 I/System.out(23086): [cjx]iv:[112, 101, 107, 97, 108, 108, 50, 48, 49, 52, 97, 101, 115, 99, 106, 120, 112, 101, 107, 97, 108, 108, 50, 48, 49, 52, 97, 101, 115, 99, 106, 120]
05-21 10:29:54.119 I/System.out(23086): [cjx]secret:[-94, 35, 21, 34, 6, -61, -108, -46, 6, 56, -82, 111, 24, -59, 0, -21, 43, -46, -16, 27, -76, 52, 9, 117, -69, 64, 55, -122, -120, -69, -38, 9]
05-21 10:29:54.119 W/Parcel  ( 1661): Attempt to read object from Parcel 0x5dfd3dac at offset 200 that is not in the object list
05-21 10:29:54.119 W/ActivityManager(  374): Unable to start service Intent { act=pekall.intent.action.DOWNLOAD_APP (has extras) } U=0: not found
05-21 10:29:54.127 D/ExchangeService(23086): !!! EAS ExchangeService, onCreate
05-21 10:29:54.127 W/Parcel  ( 1661): Attempt to read object from Parcel 0x6013bdac at offset 200 that is not in the object list
05-21 10:29:54.127 I/Choreographer(23086): Skipped 57 frames!  The application may be doing too much work on its main thread.
05-21 10:29:54.150 D/        (23086): [---null: -1---]  1111222  mLongAxisStartPadding110
05-21 10:29:54.150 D/        (23086): [---null: -1---]  11112223  heightSpecSize1094
05-21 10:29:54.150 D/        (23086): [---null: -1---]  11112223  mLongAxisStartPadding110
05-21 10:29:54.150 D/        (23086): [---null: -1---]  11112223  mLongAxisEndPadding110
05-21 10:29:54.150 D/        (23086): [---null: -1---]  11112223  mRows4
05-21 10:29:54.150 D/        (23086): [---null: -1---]  1111222  mLongAxisStartPadding110
05-21 10:29:54.150 D/        (23086): [---null: -1---]  11112223  heightSpecSize1094
05-21 10:29:54.150 D/        (23086): [---null: -1---]  11112223  mLongAxisStartPadding110
05-21 10:29:54.150 D/        (23086): [---null: -1---]  11112223  mLongAxisEndPadding110
05-21 10:29:54.158 D/        (23086): [---null: -1---]  11112223  mRows4
05-21 10:29:54.158 D/        (23086): [---null: -1---]  1111222  mLongAxisStartPadding110
05-21 10:29:54.158 D/        (23086): [---null: -1---]  11112223  heightSpecSize1094
05-21 10:29:54.158 D/        (23086): [---null: -1---]  11112223  mLongAxisStartPadding110
05-21 10:29:54.158 D/        (23086): [---null: -1---]  11112223  mLongAxisEndPadding110
05-21 10:29:54.158 D/        (23086): [---null: -1---]  11112223  mRows4
05-21 10:29:54.166 D/        (23086): [---null: -1---]  1111222  mLongAxisStartPadding110
05-21 10:29:54.166 D/        (23086): [---null: -1---]  11112223  heightSpecSize1094
05-21 10:29:54.166 D/        (23086): [---null: -1---]  11112223  mLongAxisStartPadding110
05-21 10:29:54.166 D/        (23086): [---null: -1---]  11112223  mLongAxisEndPadding110
05-21 10:29:54.174 D/        (23086): [---null: -1---]  11112223  mRows4
05-21 10:29:54.174 D/        (23086): [---null: -1---]  1111222  mLongAxisStartPadding110
05-21 10:29:54.174 D/        (23086): [---null: -1---]  11112223  heightSpecSize1094
05-21 10:29:54.174 D/        (23086): [---null: -1---]  11112223  mLongAxisStartPadding110
05-21 10:29:54.174 D/        (23086): [---null: -1---]  11112223  mLongAxisEndPadding110
05-21 10:29:54.174 D/        (23086): [---null: -1---]  11112223  mRows4
05-21 10:29:54.181 D/        (23086): [---null: -1---]  1111222  mLongAxisStartPadding110
05-21 10:29:54.181 D/        (23086): [---null: -1---]  11112223  heightSpecSize1094
05-21 10:29:54.181 D/        (23086): [---null: -1---]  11112223  mLongAxisStartPadding110
05-21 10:29:54.181 D/        (23086): [---null: -1---]  11112223  mLongAxisEndPadding110
05-21 10:29:54.181 D/        (23086): [---null: -1---]  11112223  mRows4
05-21 10:29:54.181 D/        (23086): [---null: -1---]  1111222  mLongAxisStartPadding110
05-21 10:29:54.181 D/        (23086): [---null: -1---]  11112223  heightSpecSize1094
05-21 10:29:54.181 D/        (23086): [---null: -1---]  11112223  mLongAxisStartPadding110
05-21 10:29:54.189 D/        (23086): [---null: -1---]  11112223  mLongAxisEndPadding110
05-21 10:29:54.189 D/        (23086): [---null: -1---]  11112223  mRows4
05-21 10:29:54.189 D/        (23086): [---null: -1---]  1111222  mLongAxisStartPadding110
05-21 10:29:54.189 D/        (23086): [---null: -1---]  11112223  heightSpecSize1094
05-21 10:29:54.189 D/        (23086): [---null: -1---]  11112223  mLongAxisStartPadding110
05-21 10:29:54.189 D/        (23086): [---null: -1---]  11112223  mLongAxisEndPadding110
05-21 10:29:54.189 D/        (23086): [---null: -1---]  11112223  mRows4
05-21 10:29:54.189 D/        (23086): [---null: -1---]  1111222  mLongAxisStartPadding110
05-21 10:29:54.189 D/        (23086): [---null: -1---]  11112223  heightSpecSize1094
05-21 10:29:54.197 D/        (23086): [---null: -1---]  11112223  mLongAxisStartPadding110
05-21 10:29:54.197 D/        (23086): [---null: -1---]  11112223  mLongAxisEndPadding110
05-21 10:29:54.197 D/        (23086): [---null: -1---]  11112223  mRows4
05-21 10:29:54.197 D/        (23086): [---null: -1---]  1111222  mLongAxisStartPadding110
05-21 10:29:54.197 D/        (23086): [---null: -1---]  11112223  heightSpecSize1094
05-21 10:29:54.197 D/        (23086): [---null: -1---]  11112223  mLongAxisStartPadding110
05-21 10:29:54.197 D/        (23086): [---null: -1---]  11112223  mLongAxisEndPadding110
05-21 10:29:54.197 D/        (23086): [---null: -1---]  11112223  mRows4
05-21 10:29:54.252 D/        (23086): [---null: -1---]  xxd111  getPackageName  com.pekall.emdm.launcher
05-21 10:29:54.260 D/        (23086): [---null: -1---]  xxd111  getClassName  com.pekall.emdm.contacts.activities.PeopleActivity
05-21 10:29:54.260 D/        (23086): [---null: -1---]  xxd111  info.title  EmdmContacts ,count is 0
05-21 10:29:54.260 D/        (23086): [---null: -1---]  xxd111  getPackageName  com.pekall.emdm.launcher
05-21 10:29:54.260 D/        (23086): [---null: -1---]  xxd111  getClassName  com.pekall.emdm.browser.BrowserActivity
05-21 10:29:54.260 D/        (23086): [---null: -1---]  xxd111  info.title  Safe Browser ,count is 0
05-21 10:29:54.267 D/        (23086): [---null: -1---]  xxd111  getPackageName  com.pekall.emdm.launcher
05-21 10:29:54.267 D/        (23086): [---null: -1---]  xxd111  getClassName  com.pekall.emdm.launcher.ui.AboutActivity
05-21 10:29:54.267 D/        (23086): [---null: -1---]  xxd111  info.title  About ,count is 0
05-21 10:29:54.267 D/        (23086): [---null: -1---]  xxd111  getPackageName  com.pekall.emdm.launcher
05-21 10:29:54.275 D/        (23086): [---null: -1---]  xxd111  getClassName  com.pekall.emdm.launcher.ui.SettingActivity
05-21 10:29:54.275 D/        (23086): [---null: -1---]  xxd111  info.title  Setting ,count is 0
05-21 10:29:54.275 V/l       (23086): Connected: com.pekall.exchange.ExchangeService
05-21 10:29:54.275 D/ExchangeService(23086): !!! EAS ExchangeService, onStartCommand, startingUp = false, running = false
05-21 10:29:54.275 D/ExchangeService(23086): to start secureStorageService now
05-21 10:29:54.283 V/l       (23086): Task setLogging completed; disconnecting
05-21 10:29:54.283 D/        (23086): [---null: -1---]  1111222  mLongAxisStartPadding110
05-21 10:29:54.283 D/        (23086): [---null: -1---]  11112223  heightSpecSize1094
05-21 10:29:54.291 D/        (23086): [---null: -1---]  11112223  mLongAxisStartPadding110
05-21 10:29:54.291 D/        (23086): [---null: -1---]  11112223  mLongAxisEndPadding110
05-21 10:29:54.291 D/        (23086): [---null: -1---]  11112223  mRows4
05-21 10:29:54.291 E/QueryController(23015): Got null root node from accessibility - Retrying...
05-21 10:29:54.299 D/        (23086): [---null: -1---]  1111222  mLongAxisStartPadding110
05-21 10:29:54.299 D/        (23086): [---null: -1---]  11112223  heightSpecSize1094
05-21 10:29:54.299 D/        (23086): [---null: -1---]  11112223  mLongAxisStartPadding110
05-21 10:29:54.306 D/        (23086): [---null: -1---]  11112223  mLongAxisEndPadding110
05-21 10:29:54.306 D/        (23086): [---null: -1---]  11112223  mRows4
05-21 10:29:54.314 V/a       (23086): Bind requested for task test
05-21 10:29:54.338 D/ExchangeService(23086): Reconciling accounts...
05-21 10:29:54.338 V/a       (23086): Bind requested for task reconcileAccounts
05-21 10:29:54.338 V/a       (23086): Waiting for task reconcileAccounts to complete...
05-21 10:29:54.439 I/ActivityManager(  374): Displayed com.pekall.emdm.launcher/.Launcher: +3s389ms
05-21 10:29:54.463 D/        (23086): [---null: -1---]  1111222  mLongAxisStartPadding110
05-21 10:29:54.463 D/        (23086): [---null: -1---]  11112223  heightSpecSize1094
05-21 10:29:54.463 D/        (23086): [---null: -1---]  11112223  mLongAxisStartPadding110
05-21 10:29:54.463 D/        (23086): [---null: -1---]  11112223  mLongAxisEndPadding110
05-21 10:29:54.463 D/        (23086): [---null: -1---]  11112223  mRows4
05-21 10:29:54.463 D/        (23086): [---null: -1---]  1111222  mLongAxisStartPadding110
05-21 10:29:54.463 D/        (23086): [---null: -1---]  11112223  heightSpecSize1094
05-21 10:29:54.463 D/        (23086): [---null: -1---]  11112223  mLongAxisStartPadding110
05-21 10:29:54.463 D/        (23086): [---null: -1---]  11112223  mLongAxisEndPadding110
05-21 10:29:54.463 D/        (23086): [---null: -1---]  11112223  mRows4
05-21 10:29:54.471 D/        (23086): [---null: -1---]  1111222  mLongAxisStartPadding110
05-21 10:29:54.471 D/        (23086): [---null: -1---]  11112223  heightSpecSize1094
05-21 10:29:54.471 D/        (23086): [---null: -1---]  11112223  mLongAxisStartPadding110
05-21 10:29:54.471 D/        (23086): [---null: -1---]  11112223  mLongAxisEndPadding110
05-21 10:29:54.471 D/        (23086): [---null: -1---]  11112223  mRows4
05-21 10:29:54.471 D/        (23086): [---null: -1---]  1111222  mLongAxisStartPadding110
05-21 10:29:54.471 D/        (23086): [---null: -1---]  11112223  heightSpecSize1094
05-21 10:29:54.478 D/        (23086): [---null: -1---]  11112223  mLongAxisStartPadding110
05-21 10:29:54.478 D/        (23086): [---null: -1---]  11112223  mLongAxisEndPadding110
05-21 10:29:54.478 D/        (23086): [---null: -1---]  11112223  mRows4
05-21 10:29:54.478 D/        (23086): [---null: -1---]  1111222  mLongAxisStartPadding110
05-21 10:29:54.478 D/        (23086): [---null: -1---]  11112223  heightSpecSize1094
05-21 10:29:54.478 D/        (23086): [---null: -1---]  11112223  mLongAxisStartPadding110
05-21 10:29:54.478 D/        (23086): [---null: -1---]  11112223  mLongAxisEndPadding110
05-21 10:29:54.478 D/        (23086): [---null: -1---]  11112223  mRows4
05-21 10:29:54.478 D/        (23086): [---null: -1---]  1111222  mLongAxisStartPadding110
05-21 10:29:54.486 D/        (23086): [---null: -1---]  11112223  heightSpecSize1094
05-21 10:29:54.486 D/        (23086): [---null: -1---]  11112223  mLongAxisStartPadding110
05-21 10:29:54.486 D/        (23086): [---null: -1---]  11112223  mLongAxisEndPadding110
05-21 10:29:54.486 D/        (23086): [---null: -1---]  11112223  mRows4
05-21 10:29:54.486 D/        (23086): [---null: -1---]  1111222  mLongAxisStartPadding110
05-21 10:29:54.486 D/        (23086): [---null: -1---]  11112223  heightSpecSize1094
05-21 10:29:54.486 D/        (23086): [---null: -1---]  11112223  mLongAxisStartPadding110
05-21 10:29:54.486 D/        (23086): [---null: -1---]  11112223  mLongAxisEndPadding110
05-21 10:29:54.494 D/        (23086): [---null: -1---]  11112223  mRows4
05-21 10:29:54.494 D/        (23086): [---null: -1---]  1111222  mLongAxisStartPadding110
05-21 10:29:54.494 D/        (23086): [---null: -1---]  11112223  heightSpecSize1094
05-21 10:29:54.494 D/        (23086): [---null: -1---]  11112223  mLongAxisStartPadding110
05-21 10:29:54.494 D/        (23086): [---null: -1---]  11112223  mLongAxisEndPadding110
05-21 10:29:54.494 D/        (23086): [---null: -1---]  11112223  mRows4
05-21 10:29:54.494 D/        (23086): [---null: -1---]  1111222  mLongAxisStartPadding110
05-21 10:29:54.494 D/        (23086): [---null: -1---]  11112223  heightSpecSize1094
05-21 10:29:54.502 D/        (23086): [---null: -1---]  11112223  mLongAxisStartPadding110
05-21 10:29:54.502 D/        (23086): [---null: -1---]  11112223  mLongAxisEndPadding110
05-21 10:29:54.502 D/        (23086): [---null: -1---]  11112223  mRows4
05-21 10:29:54.502 D/        (23086): [---null: -1---]  1111222  mLongAxisStartPadding110
05-21 10:29:54.502 D/        (23086): [---null: -1---]  11112223  heightSpecSize1094
05-21 10:29:54.502 D/        (23086): [---null: -1---]  11112223  mLongAxisStartPadding110
05-21 10:29:54.502 D/        (23086): [---null: -1---]  11112223  mLongAxisEndPadding110
05-21 10:29:54.510 D/        (23086): [---null: -1---]  11112223  mRows4
05-21 10:29:54.556 D/BluetoothManagerService(  374): Message: 20
05-21 10:29:54.556 D/BluetoothManagerService(  374): Added callback: android.bluetooth.IBluetoothManagerCallback$Stub$Proxy@426c75d0:true
05-21 10:29:54.556 W/Settings(23086): Setting data_roaming has moved from android.provider.Settings.System to android.provider.Settings.Global, returning read-only value.
05-21 10:29:54.627 I/QueryController(23015): Matched selector: UiSelector[TEXT=Personal Mode] <<==>> [android.view.accessibility.AccessibilityNodeInfo@1db11; boundsInParent: Rect(0, 0 - 160, 200); boundsInScreen: Rect(190, 608 - 350, 808); packageName: com.pekall.emdm.launcher; className: android.widget.TextView; text: Personal Mode; contentDescription: null; viewIdResName: null; checkable: false; checked: false; focusable: false; focused: false; selected: false; clickable: true; longClickable: true; enabled: true; password: false; scrollable: false; [ACTION_SELECT, ACTION_CLEAR_SELECTION, ACTION_CLICK, ACTION_LONG_CLICK, ACTION_ACCESSIBILITY_FOCUS, ACTION_NEXT_AT_MOVEMENT_GRANULARITY, ACTION_PREVIOUS_AT_MOVEMENT_GRANULARITY, ACTION_SET_SELECTION]]
05-21 10:29:54.627 V/a       (23086): Connected: com.pekall.semail.service.AccountServiceInternal
05-21 10:29:54.627 V/a       (23086): Connected: com.pekall.semail.service.AccountServiceInternal
05-21 10:29:54.627 D/        (23086): [---null: -1---]  1111222  mLongAxisStartPadding110
05-21 10:29:54.627 D/        (23086): [---null: -1---]  11112223  heightSpecSize1094
05-21 10:29:54.635 D/        (23086): [---null: -1---]  11112223  mLongAxisStartPadding110
05-21 10:29:54.635 D/        (23086): [---null: -1---]  11112223  mLongAxisEndPadding110
05-21 10:29:54.635 D/        (23086): [---null: -1---]  11112223  mRows4
05-21 10:29:54.635 D/        (23086): [---null: -1---]  1111222  mLongAxisStartPadding110
05-21 10:29:54.635 D/        (23086): [---null: -1---]  11112223  heightSpecSize1094
05-21 10:29:54.635 D/        (23086): [---null: -1---]  11112223  mLongAxisStartPadding110
05-21 10:29:54.642 V/a       (23086): Task reconcileAccounts completed; disconnecting
05-21 10:29:54.642 D/        (23086): [---null: -1---]  11112223  mLongAxisEndPadding110
05-21 10:29:54.642 V/a       (23086): Connection test succeeded in 363ms
05-21 10:29:54.642 D/        (23086): [---null: -1---]  11112223  mRows4
05-21 10:29:54.642 V/a       (23086): Task test completed; disconnecting
05-21 10:29:54.650 V/a       (23086): Wait for reconcileAccounts finished in 311ms
05-21 10:29:54.658 D/ExchangeService(23086): !!! EAS ExchangeService, stopping self
05-21 10:29:54.658 D/ExchangeService(23086): !!! EAS ExchangeService, onDestroy
05-21 10:29:55.267 I/QueryController(23015): Matched selector: UiSelector[PACKAGE NAME=com.pekall.emdm.launcher] <<==>> [android.view.accessibility.AccessibilityNodeInfo@175b6; boundsInParent: Rect(0, 0 - 720, 1184); boundsInScreen: Rect(0, 0 - 720, 1184); packageName: com.pekall.emdm.launcher; className: android.widget.FrameLayout; text: null; contentDescription: null; viewIdResName: null; checkable: false; checked: false; focusable: false; focused: false; selected: false; clickable: false; longClickable: false; enabled: true; password: false; scrollable: false; [ACTION_SELECT, ACTION_CLEAR_SELECTION, ACTION_ACCESSIBILITY_FOCUS]]
05-21 10:29:55.291 I/QueryController(23015): Matched selector: UiSelector[TEXT=Personal Mode, CLASS=android.widget.TextView, PACKAGE NAME=com.pekall.emdm.launcher] <<==>> [android.view.accessibility.AccessibilityNodeInfo@1db11; boundsInParent: Rect(0, 0 - 160, 200); boundsInScreen: Rect(190, 608 - 350, 808); packageName: com.pekall.emdm.launcher; className: android.widget.TextView; text: Personal Mode; contentDescription: null; viewIdResName: null; checkable: false; checked: false; focusable: false; focused: false; selected: false; clickable: true; longClickable: true; enabled: true; password: false; scrollable: false; [ACTION_SELECT, ACTION_CLEAR_SELECTION, ACTION_CLICK, ACTION_LONG_CLICK, ACTION_ACCESSIBILITY_FOCUS, ACTION_NEXT_AT_MOVEMENT_GRANULARITY, ACTION_PREVIOUS_AT_MOVEMENT_GRANULARITY, ACTION_SET_SELECTION]]
05-21 10:29:55.299 D/dalvikvm(23015): GC_CONCURRENT freed 396K, 92% free 674K/8172K, paused 2ms+1ms, total 9ms
05-21 10:29:55.314 I/QueryController(23015): Matched selector: UiSelector[TEXT=Personal Mode, CLASS=android.widget.TextView, PACKAGE NAME=com.pekall.emdm.launcher] <<==>> [android.view.accessibility.AccessibilityNodeInfo@1db11; boundsInParent: Rect(0, 0 - 160, 200); boundsInScreen: Rect(190, 608 - 350, 808); packageName: com.pekall.emdm.launcher; className: android.widget.TextView; text: Personal Mode; contentDescription: null; viewIdResName: null; checkable: false; checked: false; focusable: false; focused: false; selected: false; clickable: true; longClickable: true; enabled: true; password: false; scrollable: false; [ACTION_SELECT, ACTION_CLEAR_SELECTION, ACTION_CLICK, ACTION_LONG_CLICK, ACTION_ACCESSIBILITY_FOCUS, ACTION_NEXT_AT_MOVEMENT_GRANULARITY, ACTION_PREVIOUS_AT_MOVEMENT_GRANULARITY, ACTION_SET_SELECTION]]
05-21 10:29:55.330 I/AndroidRuntime(23015): VM exiting with result code 0.
05-21 10:29:55.564 D/MDM :   (23086): [null:-1]->MSG_WEBSOCKET_OPEN
05-21 10:29:55.572 D/PushMessageManager(23086): [null:-1]->add sent message : {"params":{"device":"00013fbc8ecec5b9000001461c9cf9d7","token":"123456"},"id":0,"command":0,"reason":0,"result":0,"type":0}
05-21 10:29:55.588 D/MDM :   (23086): [null:-1]->MSG_WEBSOCKET_MESSAGE : {"id":0,"type":1,"command":0,"result":0,"reason":0}
05-21 10:29:55.588 D/MdmService(23086): [null:-1]->push message type :1
05-21 10:29:55.588 D/PushMessageManager(23086): [null:-1]->remove sent message : 0
05-21 10:29:55.596 D/PushMessageManager(23086): [null:-1]->sent message :{"params":{"device":"00013fbc8ecec5b9000001461c9cf9d7","token":"123456"},"id":0,"command":0,"reason":0,"result":0,"type":0}
05-21 10:29:55.596 D/PushMessageManager(23086): [null:-1]->has message : 0
05-21 10:29:56.978 D/CommandManager(23086): [null:-1]->requestType: DeviceInformation
05-21 10:29:57.017 W/Parcel  ( 1661): Attempt to read object from Parcel 0x5ded3dac at offset 200 that is not in the object list
05-21 10:29:57.041 D/MdmDatabaseHelper(23086): [null:-1]->update command d10023c1-86d0-4118-aa56-02a4a28c3fad to commandStatus <?xml version="1.0" encoding="UTF-8"?>
05-21 10:29:57.041 D/MdmDatabaseHelper(23086): <!DOCTYPE plist PUBLIC "-//Apple//DTD PLIST 1.0//EN" "http://www.apple.com/DTDs/PropertyList-1.0.dtd">
05-21 10:29:57.041 D/MdmDatabaseHelper(23086): <plist version="1.0">
05-21 10:29:57.041 D/MdmDatabaseHelper(23086): <dict>
05-21 10:29:57.041 D/MdmDatabaseHelper(23086): 	<key>QueryResponses</key>
05-21 10:29:57.041 D/MdmDatabaseHelper(23086): 	<dict>
05-21 10:29:57.041 D/MdmDatabaseHelper(23086): 		<key>deviceId</key>
05-21 10:29:57.041 D/MdmDatabaseHelper(23086): 		<string>00013fbc8ecec5b9000001461c9cf9d7</string>
05-21 10:29:57.041 D/MdmDatabaseHelper(23086): 		<key>deviceSecurityStatus</key>
05-21 10:29:57.041 D/MdmDatabaseHelper(23086): 		<string>root</string>
05-21 10:29:57.041 D/MdmDatabaseHelper(23086): 		<key>diskTotal</key>
05-21 10:29:57.041 D/MdmDatabaseHelper(23086): 		<string>0.0</string>
05-21 10:29:57.041 D/MdmDatabaseHelper(23086): 		<key>diskUsed</key>
05-21 10:29:57.041 D/MdmDatabaseHelper(23086): 		<string>0.0</string>
05-21 10:29:57.041 D/MdmDatabaseHelper(23086): 		<key>displaySize</key>
05-21 10:29:57.041 D/MdmDatabaseHelper(23086): 		<string>720x1184</string>
05-21 10:29:57.041 D/MdmDatabaseHelper(23086): 		<key>freeDiskSize</key>
05-21 10:29:57.041 D/MdmDatabaseHelper(23086): 		<integer>0</integer>
05-21 10:29:57.041 D/MdmDatabaseHelper(23086): 		<key>freeRamSize</key>
05-21 10:29:57.041 D/MdmDatabaseHelper(23086): 		<integer>21409792</integer>
05-21 10:29:57.041 D/MdmDatabaseHelper(23086): 		<key>language</key>
05-21 10:29:57.041 D/MdmDatabaseHelper(23086): 		<string>en-US</string>
05-21 10:29:57.041 D/MdmDatabaseHelper(23086): 		<key>netSpeed</key>
05-21 10:29:57.041 D/MdmDatabaseHelper(23086): 		<dict>
05-21 10:29:57.041 D/MdmDatabaseHelper(23086): 			<key>downlink</key>
05-21 10:29:57.041 D/MdmDatabaseHelper(23086): 			<real>9411983.666666666</real>
05-21 10:29:57.041 D/MdmDatabaseHelper(23086): 			<key>uplink</key>
05-21 10:29:57.041 D/MdmDatabaseHelper(23086): 			<real>7387974.0</real>
05-21 10:29:57.041 D/MdmDatabaseHelper(23086): 		</dict>
05-21 10:29:57.041 D/MdmDatabaseHelper(23086): 		<key>ramTotal</key>
05-21 10:29:57.041 D/MdmDatabaseHelper(23086): 		<string>728023040</string>
05-21 10:29:57.041 D/MdmDatabaseHelper(23086): 		<key>ramUsed</key>
05-21 10:29:57.041 D/MdmDatabaseHelper(23086): 		<string>706613248</string>
05-21 10:29:57.041 D/MdmDatabaseHelper(23086): 		<key>trafficBytes</key>
05-21 10:29:57.041 D/MdmDatabaseHelper(23086): 		<integer>0</integer>
05-21 10:29:57.041 D/MdmDatabaseHelper(23086): 		<key>AvailableDeviceCapacity</key>
05-21 10:29:57.041 D/MdmDatabaseHelper(23086): 		<real>1.3422416E7</real>
05-21 10:29:57.041 D/MdmDatabaseHelper(23086): 		<key>BuildVersion</key>
05-21 10:29:57.041 D/MdmDatabaseHelper(23086): 		<string>REL</string>
05-21 10:29:57.041 D/MdmDatabaseHelper(23086): 		<key>CanDisableSystemFunction</key>
05-21 10:29:57.041 D/MdmDatabaseHelper(23086): 		<false/>
05-21 10:29:57.041 D/MdmDatabaseHelper(23086): 		<key>CellularTechnology</key>
05-21 10:29:57.041 D/MdmDatabaseHelper(23086): 		<integer>3</integer>
05-21 10:29:57.041 D/MdmDatabaseHelper(23086): 		<key>CurrentCarrierNetwork</key>
05-21 10:29:57.041 D/MdmDatabaseHelper(23086): 		<string></string>
05-21 10:29:57.041 D/MdmDatabaseHelper(23086): 		<key>CurrentMCC</key>
05-21 10:29:57.041 D/MdmDatabaseHelper(23086): 		<string>cn</string>
05-21 10:29:57.041 D/MdmDatabaseHelper(23086): 		<key>CurrentMNC</key>
05-21 10:29:57.041 D/MdmDatabaseHelper(23086): 		<string>46001</string>
05-21 10:29:57.041 D/MdmDatabaseHelper(23086): 		<key>DataRoamingEnabled</key>
05-21 10:29:57.041 D/MdmDatabaseHelper(23086): 		<false/>
05-21 10:29:57.041 D/MdmDatabaseHelper(23086): 		<key>DeviceCapacity</key>
05-21 10:29:57.041 D/MdmDatabaseHelper(23086): 		<real>1.3975888E7</real>
05-21 10:29:57.041 D/MdmDatabaseHelper(23086): 		<key>HasSamsungSafeAPI</key>
05-21 10:29:57.041 D/MdmDatabaseHelper(23086): 		<false/>
05-21 10:29:57.041 D/MdmDatabaseHelper(23086): 		<key>ICCID</key>
05-21 10:29:57.041 D/MdmDatabaseHelper(23086): 		<string></string>
05-21 10:29:57.041 D/MdmDatabaseHelper(23086): 		<key>IMEI</key>
05-21 10:29:57.041 D/MdmDatabaseHelper(23086): 		<string>351554059027897</string>
05-21 10:29:57.041 D/MdmDatabaseHelper(23086): 		<key>IsRoaming</key>
05-21 10:29:57.041 D/MdmDatabaseHelper(23086): 		<false/>
05-21 10:29:57.041 D/MdmDatabaseHelper(23086): 		<key>Model</key>
05-21 10:29:57.041 D/MdmDatabaseHelper(23086): 		<string>Galaxy Nexus</string>
05-21 10:29:57.041 D/MdmDatabaseHelper(23086): 		<key>OSVersion</key>
05-21 10:29:57.041 D/MdmDatabaseHelper(23086): 		<string>4.3</string>
05-21 10:29:57.041 D/MdmDatabaseHelper(23086): 		<key>PhoneNumber</key>
05-21 10:29:57.041 D/MdmDatabaseHelper(23086): 		<string>0</string>
05-21 10:29:57.041 D/MdmDatabaseHelper(23086): 		<key>ProductName</key>
05-21 10:29:57.041 D/MdmDatabaseHelper(23086): 		<string>yakju</string>
05-21 10:29:57.041 D/MdmDatabaseHelper(23086): 		<key>SIMCarrierNetwork</key>
05-21 10:29:57.041 D/MdmDatabaseHelper(23086): 		<string></string>
05-21 10:29:57.041 D/MdmDatabaseHelper(23086): 		<key>SerialNumber</key>
05-21 10:29:57.041 D/MdmDatabaseHelper(23086): 		<string>014E0FFF06015018</string>
05-21 10:29:57.041 D/MdmDatabaseHelper(23086): 		<key>UDID</key>
05-21 10:29:57.041 D/MdmDatabaseHelper(23086): 		<string>00013fbc8ecec5b9000001461c9cf9d7</string>
05-21 10:29:57.041 D/MdmDatabaseHelper(23086): 		<key>WiFiMAC</key>
05-21 10:29:57.041 D/MdmDatabaseHelper(23086): 		<string>20:64:32:7a:19:48</string>
05-21 10:29:57.041 D/MdmDatabaseHelper(23086): 	</dict>
05-21 10:29:57.041 D/MdmDatabaseHelper(23086): 	<key>CommandUUID</key>
05-21 10:29:57.041 D/MdmDatabaseHelper(23086): 	<string>d10023c1-86d0-4118-aa56-02a4a28c3fad</string>
05-21 10:29:57.041 D/MdmDatabaseHelper(23086): 	<key>Status</key>
05-21 10:29:57.041 D/MdmDatabaseHelper(23086): 	<string>Acknowledged</string>
05-21 10:29:57.041 D/MdmDatabaseHelper(23086): 	<key>UDID</key>
05-21 10:29:57.041 D/MdmDatabaseHelper(23086): 	<string>00013fbc8ecec5b9000001461c9cf9d7</string>
05-21 10:29:57.041 D/MdmDatabaseHelper(23086): </dict>
05-21 10:29:57.041 D/MdmDatabaseHelper(23086): </plist>
05-21 10:29:57.080 I/TransInfo(23086): TransInfo created, id: 3, class: class com.pekall.emdm.transaction.c.b
05-21 10:29:57.080 D/NetworkThread(23086): [null:-1]->----isRunning-----true
05-21 10:29:57.088 D/NetworkThread(23086): [null:-1]->----isRunning-----true
05-21 10:29:57.088 D/NetworkThread(23086): [null:-1]->thread wakeup
05-21 10:29:57.103 D/NetworkThread(23086): [null:-1]->sendHttpPost:PostRequest, url: http://192.168.10.21/rest/mdm/v1/ios/android_server, Params: [content:<?xml version="1.0" encoding="UTF-8"?>
05-21 10:29:57.103 D/NetworkThread(23086): <!DOCTYPE plist PUBLIC "-//Apple//DTD PLIST 1.0//EN" "http://www.apple.com/DTDs/PropertyList-1.0.dtd">
05-21 10:29:57.103 D/NetworkThread(23086): <plist version="1.0">
05-21 10:29:57.103 D/NetworkThread(23086): <dict>
05-21 10:29:57.103 D/NetworkThread(23086): 	<key>QueryResponses</key>
05-21 10:29:57.103 D/NetworkThread(23086): 	<dict>
05-21 10:29:57.103 D/NetworkThread(23086): 		<key>deviceId</key>
05-21 10:29:57.103 D/NetworkThread(23086): 		<string>00013fbc8ecec5b9000001461c9cf9d7</string>
05-21 10:29:57.103 D/NetworkThread(23086): 		<key>deviceSecurityStatus</key>
05-21 10:29:57.103 D/NetworkThread(23086): 		<string>root</string>
05-21 10:29:57.103 D/NetworkThread(23086): 		<key>diskTotal</key>
05-21 10:29:57.103 D/NetworkThread(23086): 		<string>0.0</string>
05-21 10:29:57.103 D/NetworkThread(23086): 		<key>diskUsed</key>
05-21 10:29:57.103 D/NetworkThread(23086): 		<string>0.0</string>
05-21 10:29:57.103 D/NetworkThread(23086): 		<key>displaySize</key>
05-21 10:29:57.103 D/NetworkThread(23086): 		<string>720x1184</string>
05-21 10:29:57.103 D/NetworkThread(23086): 		<key>freeDiskSize</key>
05-21 10:29:57.103 D/NetworkThread(23086): 		<integer>0</integer>
05-21 10:29:57.103 D/NetworkThread(23086): 		<key>freeRamSize</key>
05-21 10:29:57.103 D/NetworkThread(23086): 		<integer>21409792</integer>
05-21 10:29:57.103 D/NetworkThread(23086): 		<key>language</key>
05-21 10:29:57.103 D/NetworkThread(23086): 		<string>en-US</string>
05-21 10:29:57.103 D/NetworkThread(23086): 		<key>netSpeed</key>
05-21 10:29:57.103 D/NetworkThread(23086): 		<dict>
05-21 10:29:57.103 D/NetworkThread(23086): 			<key>downlink</key>
05-21 10:29:57.103 D/NetworkThread(23086): 			<real>9411983.666666666</real>
05-21 10:29:57.103 D/NetworkThread(23086): 			<key>uplink</key>
05-21 10:29:57.103 D/NetworkThread(23086): 			<real>7387974.0</real>
05-21 10:29:57.103 D/NetworkThread(23086): 		</dict>
05-21 10:29:57.103 D/NetworkThread(23086): 		<key>ramTotal</key>
05-21 10:29:57.103 D/NetworkThread(23086): 		<string>728023040</string>
05-21 10:29:57.103 D/NetworkThread(23086): 		<key>ramUsed</key>
05-21 10:29:57.103 D/NetworkThread(23086): 		<string>706613248</string>
05-21 10:29:57.103 D/NetworkThread(23086): 		<key>trafficBytes</key>
05-21 10:29:57.103 D/NetworkThread(23086): 		<integer>0</integer>
05-21 10:29:57.103 D/NetworkThread(23086): 		<key>AvailableDeviceCapacity</key>
05-21 10:29:57.103 D/NetworkThread(23086): 		<real>1.3422416E7</real>
05-21 10:29:57.103 D/NetworkThread(23086): 		<key>BuildVersion</key>
05-21 10:29:57.103 D/NetworkThread(23086): 		<string>REL</string>
05-21 10:29:57.103 D/NetworkThread(23086): 		<key>CanDisableSystemFunction</key>
05-21 10:29:57.103 D/NetworkThread(23086): 		<false/>
05-21 10:29:57.103 D/NetworkThread(23086): 		<key>CellularTechnology</key>
05-21 10:29:57.103 D/NetworkThread(23086): 		<integer>3</integer>
05-21 10:29:57.103 D/NetworkThread(23086): 		<key>CurrentCarrierNetwork</key>
05-21 10:29:57.103 D/NetworkThread(23086): 		<string></string>
05-21 10:29:57.103 D/NetworkThread(23086): 		<key>CurrentMCC</key>
05-21 10:29:57.103 D/NetworkThread(23086): 		<string>cn</string>
05-21 10:29:57.103 D/NetworkThread(23086): 		<key>CurrentMNC</key>
05-21 10:29:57.103 D/NetworkThread(23086): 		<string>46001</string>
05-21 10:29:57.103 D/NetworkThread(23086): 		<key>DataRoamingEnabled</key>
05-21 10:29:57.103 D/NetworkThread(23086): 		<false/>
05-21 10:29:57.103 D/NetworkThread(23086): 		<key>DeviceCapacity</key>
05-21 10:29:57.103 D/NetworkThread(23086): 		<real>1.3975888E7</real>
05-21 10:29:57.103 D/NetworkThread(23086): 		<key>HasSamsungSafeAPI</key>
05-21 10:29:57.103 D/NetworkThread(23086): 		<false/>
05-21 10:29:57.103 D/NetworkThread(23086): 		<key>ICCID</key>
05-21 10:29:57.103 D/NetworkThread(23086): 		<string></string>
05-21 10:29:57.103 D/NetworkThread(23086): 		<key>IMEI</key>
05-21 10:29:57.103 D/NetworkThread(23086): 		<string>351554059027897</string>
05-21 10:29:57.103 D/NetworkThread(23086): 		<key>IsRoaming</key>
05-21 10:29:57.103 D/NetworkThread(23086): 		<false/>
05-21 10:29:57.103 D/NetworkThread(23086): 		<key>Model</key>
05-21 10:29:57.103 D/NetworkThread(23086): 		<string>Galaxy Nexus</string>
05-21 10:29:57.103 D/NetworkThread(23086): 		<key>OSVersion</key>
05-21 10:29:57.103 D/NetworkThread(23086): 		<string>4.3</string>
05-21 10:29:57.103 D/NetworkThread(23086): 		<key>PhoneNumber</key>
05-21 10:29:57.103 D/NetworkThread(23086): 		<string>0</string>
05-21 10:29:57.103 D/NetworkThread(23086): 		<key>ProductName</key>
05-21 10:29:57.103 D/NetworkThread(23086): 		<string>yakju</string>
05-21 10:29:57.103 D/NetworkThread(23086): 		<key>SIMCarrierNetwork</key>
05-21 10:29:57.103 D/NetworkThread(23086): 		<string></string>
05-21 10:29:57.103 D/NetworkThread(23086): 		<key>SerialNumber</key>
05-21 10:29:57.103 D/NetworkThread(23086): 		<string>014E0FFF06015018</string>
05-21 10:29:57.103 D/NetworkThread(23086): 		<key>UDID</key>
05-21 10:29:57.103 D/NetworkThread(23086): 		<string>00013fbc8ecec5b9000001461c9cf9d7</string>
05-21 10:29:57.103 D/NetworkThread(23086): 		<key>WiFiMAC</key>
05-21 10:29:57.103 D/NetworkThread(23086): 		<string>20:64:32:7a:19:48</string>
05-21 10:29:57.103 D/NetworkThread(23086): 	</dict>
05-21 10:29:57.103 D/NetworkThread(23086): 	<key>CommandUUID</key>
05-21 10:29:57.103 D/NetworkThread(23086): 	<string>d10023c1-86d0-4118-aa56-02a4a28c3fad</string>
05-21 10:29:57.103 D/NetworkThread(23086): 	<key>Status</key>
05-21 10:29:57.103 D/NetworkThread(23086): 	<string>Acknowledged</string>
05-21 10:29:57.103 D/NetworkThread(23086): 	<key>UDID</key>
05-21 10:29:57.103 D/NetworkThread(23086): 	<string>00013fbc8ecec5b9000001461c9cf9d7</string>
05-21 10:29:57.103 D/NetworkThread(23086): </dict>
05-21 10:29:57.103 D/NetworkThread(23086): </plist>], 
05-21 10:29:57.103 D/HttpClient(23086): enable apache.http debug
05-21 10:29:57.103 V/DEBUG   (23086): HTTP 0
05-21 10:29:57.939 D/MDM :   (23086): [null:-1]->statusCode : 200
05-21 10:29:57.939 D/MDM :   (23086): [null:-1]->statusCode : 200
05-21 10:29:57.947 V/DEBUG   (23086): HTTP 1
05-21 10:29:57.947 D/MDM :   (23086): [null:-1]->read network input stream
05-21 10:29:57.947 D/MDM :   (23086): [null:-1]->Get joson string: <?xml version="1.0" encoding="UTF-8"?>
05-21 10:29:57.947 D/MDM :   (23086): <!DOCTYPE plist PUBLIC "-//Apple//DTD PLIST 1.0//EN" "http://www.apple.com/DTDs/PropertyList-1.0.dtd">
05-21 10:29:57.947 D/MDM :   (23086): <plist version="1.0">
05-21 10:29:57.947 D/MDM :   (23086): <dict>
05-21 10:29:57.947 D/MDM :   (23086): 	<key>CommandUUID</key>
05-21 10:29:57.947 D/MDM :   (23086): 	<string>8bf4cb97-ac78-4bc1-bc7e-8d63cb7f5c6e</string>
05-21 10:29:57.947 D/MDM :   (23086): 	<key>Command</key>
05-21 10:29:57.947 D/MDM :   (23086): 	<dict>
05-21 10:29:57.947 D/MDM :   (23086): 		<key>RequestType</key>
05-21 10:29:57.947 D/MDM :   (23086): 		<string>ManagedApplicationList</string>
05-21 10:29:57.947 D/MDM :   (23086): 	</dict>
05-21 10:29:57.947 D/MDM :   (23086): </dict>
05-21 10:29:57.947 D/MDM :   (23086): </plist>
05-21 10:29:57.955 D/MdmDatabaseHelper(23086): [null:-1]->update command d10023c1-86d0-4118-aa56-02a4a28c3fad to status executed
05-21 10:29:57.986 D/CheckInTransInfo(23086): [null:-1]->CommandMsg : CommandMsg{CommandUUID='8bf4cb97-ac78-4bc1-bc7e-8d63cb7f5c6e', Command=CommandObject{RequestType='ManagedApplicationList'}}
05-21 10:29:58.010 D/NetworkThread(23086): [null:-1]->clear mCurrentTransInfo
05-21 10:29:58.010 D/NetworkThread(23086): [null:-1]->queue is empty, thread wait...
05-21 10:29:58.111 D/MdmService(23086): [null:-1]->handleCheckInResult
05-21 10:29:58.111 D/MdmService(23086): [null:-1]->handleCheckInResult result keyIndex: 3
05-21 10:29:58.111 D/CommandManager(23086): [null:-1]->execute command: CommandMsg{CommandUUID='8bf4cb97-ac78-4bc1-bc7e-8d63cb7f5c6e', Command=CommandObject{RequestType='ManagedApplicationList'}}
05-21 10:29:58.111 D/CommandManager(23086): [null:-1]->requestType: ManagedApplicationList
05-21 10:29:58.150 W/Parcel  ( 1661): Attempt to read object from Parcel 0x5dfd3dac at offset 200 that is not in the object list
05-21 10:29:58.291 D/dalvikvm(21105): GC_CONCURRENT freed 403K, 6% free 9493K/10044K, paused 1ms+2ms, total 28ms
05-21 10:29:58.424 D/dalvikvm(23086): JIT unchain all for threadid=11
05-21 10:29:58.447 D/MdmDatabaseHelper(23086): [null:-1]->update command 8bf4cb97-ac78-4bc1-bc7e-8d63cb7f5c6e to commandStatus <?xml version="1.0" encoding="UTF-8"?>
05-21 10:29:58.447 D/MdmDatabaseHelper(23086): <!DOCTYPE plist PUBLIC "-//Apple//DTD PLIST 1.0//EN" "http://www.apple.com/DTDs/PropertyList-1.0.dtd">
05-21 10:29:58.447 D/MdmDatabaseHelper(23086): <plist version="1.0">
05-21 10:29:58.447 D/MdmDatabaseHelper(23086): <dict>
05-21 10:29:58.447 D/MdmDatabaseHelper(23086): 	<key>ManagedApplicationList</key>
05-21 10:29:58.447 D/MdmDatabaseHelper(23086): 	<dict>
05-21 10:29:58.447 D/MdmDatabaseHelper(23086): 	</dict>
05-21 10:29:58.447 D/MdmDatabaseHelper(23086): 	<key>CommandUUID</key>
05-21 10:29:58.447 D/MdmDatabaseHelper(23086): 	<string>8bf4cb97-ac78-4bc1-bc7e-8d63cb7f5c6e</string>
05-21 10:29:58.447 D/MdmDatabaseHelper(23086): 	<key>Status</key>
05-21 10:29:58.447 D/MdmDatabaseHelper(23086): 	<string>Acknowledged</string>
05-21 10:29:58.447 D/MdmDatabaseHelper(23086): 	<key>UDID</key>
05-21 10:29:58.447 D/MdmDatabaseHelper(23086): 	<string>00013fbc8ecec5b9000001461c9cf9d7</string>
05-21 10:29:58.447 D/MdmDatabaseHelper(23086): </dict>
05-21 10:29:58.447 D/MdmDatabaseHelper(23086): </plist>
05-21 10:29:58.713 D/dalvikvm(23086): JIT unchain all for threadid=11
05-21 10:29:58.736 D/dalvikvm(23086): GC_CONCURRENT freed 4590K, 20% free 23566K/29100K, paused 260ms+260ms, total 559ms
05-21 10:29:58.767 I/TransInfo(23086): TransInfo created, id: 3, class: class com.pekall.emdm.transaction.c.b
05-21 10:29:58.767 D/NetworkThread(23086): [null:-1]->----isRunning-----true
05-21 10:29:58.767 D/NetworkThread(23086): [null:-1]->----isRunning-----true
05-21 10:29:58.767 D/NetworkThread(23086): [null:-1]->thread wakeup
05-21 10:29:58.775 D/NetworkThread(23086): [null:-1]->sendHttpPost:PostRequest, url: http://192.168.10.21/rest/mdm/v1/ios/android_server, Params: [content:<?xml version="1.0" encoding="UTF-8"?>
05-21 10:29:58.775 D/NetworkThread(23086): <!DOCTYPE plist PUBLIC "-//Apple//DTD PLIST 1.0//EN" "http://www.apple.com/DTDs/PropertyList-1.0.dtd">
05-21 10:29:58.775 D/NetworkThread(23086): <plist version="1.0">
05-21 10:29:58.775 D/NetworkThread(23086): <dict>
05-21 10:29:58.775 D/NetworkThread(23086): 	<key>ManagedApplicationList</key>
05-21 10:29:58.775 D/NetworkThread(23086): 	<dict>
05-21 10:29:58.775 D/NetworkThread(23086): 	</dict>
05-21 10:29:58.775 D/NetworkThread(23086): 	<key>CommandUUID</key>
05-21 10:29:58.775 D/NetworkThread(23086): 	<string>8bf4cb97-ac78-4bc1-bc7e-8d63cb7f5c6e</string>
05-21 10:29:58.775 D/NetworkThread(23086): 	<key>Status</key>
05-21 10:29:58.775 D/NetworkThread(23086): 	<string>Acknowledged</string>
05-21 10:29:58.775 D/NetworkThread(23086): 	<key>UDID</key>
05-21 10:29:58.775 D/NetworkThread(23086): 	<string>00013fbc8ecec5b9000001461c9cf9d7</string>
05-21 10:29:58.775 D/NetworkThread(23086): </dict>
05-21 10:29:58.775 D/NetworkThread(23086): </plist>], 
05-21 10:29:58.775 D/HttpClient(23086): enable apache.http debug
05-21 10:29:58.783 V/DEBUG   (23086): HTTP 0
05-21 10:29:59.174 D/MDM :   (23086): [null:-1]->statusCode : 200
05-21 10:29:59.174 D/MDM :   (23086): [null:-1]->statusCode : 200
05-21 10:29:59.174 V/DEBUG   (23086): HTTP 1
05-21 10:29:59.181 D/MDM :   (23086): [null:-1]->read network input stream
05-21 10:29:59.181 D/MDM :   (23086): [null:-1]->Get joson string: <?xml version="1.0" encoding="UTF-8"?>
05-21 10:29:59.181 D/MDM :   (23086): <!DOCTYPE plist PUBLIC "-//Apple//DTD PLIST 1.0//EN" "http://www.apple.com/DTDs/PropertyList-1.0.dtd">
05-21 10:29:59.181 D/MDM :   (23086): <plist version="1.0">
05-21 10:29:59.181 D/MDM :   (23086): <dict>
05-21 10:29:59.181 D/MDM :   (23086): 	<key>CommandUUID</key>
05-21 10:29:59.181 D/MDM :   (23086): 	<string>572bc00f-759b-4a41-a12a-5e45ab9f73e9</string>
05-21 10:29:59.181 D/MDM :   (23086): 	<key>Command</key>
05-21 10:29:59.181 D/MDM :   (23086): 	<dict>
05-21 10:29:59.181 D/MDM :   (23086): 		<key>RequestType</key>
05-21 10:29:59.181 D/MDM :   (23086): 		<string>InstalledApplicationList</string>
05-21 10:29:59.181 D/MDM :   (23086): 	</dict>
05-21 10:29:59.181 D/MDM :   (23086): </dict>
05-21 10:29:59.181 D/MDM :   (23086): </plist>
05-21 10:29:59.189 D/MdmDatabaseHelper(23086): [null:-1]->update command 8bf4cb97-ac78-4bc1-bc7e-8d63cb7f5c6e to status executed
05-21 10:29:59.213 D/CheckInTransInfo(23086): [null:-1]->CommandMsg : CommandMsg{CommandUUID='572bc00f-759b-4a41-a12a-5e45ab9f73e9', Command=CommandObject{RequestType='InstalledApplicationList'}}
05-21 10:29:59.236 D/NetworkThread(23086): [null:-1]->clear mCurrentTransInfo
05-21 10:29:59.236 D/NetworkThread(23086): [null:-1]->queue is empty, thread wait...
05-21 10:29:59.338 D/MdmService(23086): [null:-1]->handleCheckInResult
05-21 10:29:59.338 D/MdmService(23086): [null:-1]->handleCheckInResult result keyIndex: 3
05-21 10:29:59.338 D/CommandManager(23086): [null:-1]->execute command: CommandMsg{CommandUUID='572bc00f-759b-4a41-a12a-5e45ab9f73e9', Command=CommandObject{RequestType='InstalledApplicationList'}}
05-21 10:29:59.400 I/dalvikvm(23086): Jit: resizing JitTable from 4096 to 8192
05-21 10:29:59.658 D/dalvikvm(23086): JIT unchain all for threadid=11
05-21 10:29:59.744 D/CommandManager(23086): [null:-1]->requestType: InstalledApplicationList
05-21 10:29:59.783 W/Parcel  ( 1661): Attempt to read object from Parcel 0x5ded3dac at offset 200 that is not in the object list
05-21 10:29:59.885 D/MdmDatabaseHelper(23086): [null:-1]->update command 572bc00f-759b-4a41-a12a-5e45ab9f73e9 to commandStatus <?xml version="1.0" encoding="UTF-8"?>
05-21 10:29:59.885 D/MdmDatabaseHelper(23086): <!DOCTYPE plist PUBLIC "-//Apple//DTD PLIST 1.0//EN" "http://www.apple.com/DTDs/PropertyList-1.0.dtd">
05-21 10:29:59.885 D/MdmDatabaseHelper(23086): <plist version="1.0">
05-21 10:29:59.885 D/MdmDatabaseHelper(23086): <dict>
05-21 10:29:59.885 D/MdmDatabaseHelper(23086): 	<key>InstalledApplicationList</key>
05-21 10:29:59.885 D/MdmDatabaseHelper(23086): 	<array>
05-21 10:29:59.885 D/MdmDatabaseHelper(23086): 		<dict>
05-21 10:29:59.885 D/MdmDatabaseHelper(23086): 			<key>AppPermissions</key>
05-21 10:29:59.885 D/MdmDatabaseHelper(23086): 			<array>
05-21 10:29:59.885 D/MdmDatabaseHelper(23086): 				<string>android.permission.READ_LOGS</string>
05-21 10:29:59.885 D/MdmDatabaseHelper(23086): 				<string>android.permission.WRITE_EXTERNAL_STORAGE</string>
05-21 10:29:59.885 D/MdmDatabaseHelper(23086): 				<string>com.qihoo.root.RESPOND</string>
05-21 10:29:59.885 D/MdmDatabaseHelper(23086): 				<string>com.qihoo.root.provider.READ</string>
05-21 10:29:59.885 D/MdmDatabaseHelper(23086): 				<string>com.qihoo.root.provider.WRITE</string>
05-21 10:29:59.885 D/MdmDatabaseHelper(23086): 				<string>android.permission.INTERNET</string>
05-21 10:29:59.885 D/MdmDatabaseHelper(23086): 				<string>android.permission.ACCESS_NETWORK_STATE</string>
05-21 10:29:59.885 D/MdmDatabaseHelper(23086): 				<string>android.permission.INSTALL_PACKAGES</string>
05-21 10:29:59.885 D/MdmDatabaseHelper(23086): 				<string>android.permission.KILL_BACKGROUND_PROCESSES</string>
05-21 10:29:59.885 D/MdmDatabaseHelper(23086): 				<string>android.permission.RESTART_PACKAGES</string>
05-21 10:29:59.885 D/MdmDatabaseHelper(23086): 				<string>android.permission.READ_PHONE_STATE</string>
05-21 10:29:59.885 D/MdmDatabaseHelper(23086): 				<string>android.permission.DELETE_PACKAGES</string>
05-21 10:29:59.885 D/MdmDatabaseHelper(23086): 				<string>android.permission.READ_EXTERNAL_STORAGE</string>
05-21 10:29:59.885 D/MdmDatabaseHelper(23086): 			</array>
05-21 10:29:59.885 D/MdmDatabaseHelper(23086): 			<key>Version</key>
05-21 10:29:59.885 D/MdmDatabaseHelper(23086): 			<string>7</string>
05-21 10:29:59.885 D/MdmDatabaseHelper(23086): 			<key>ShortVersion</key>
05-21 10:29:59.885 D/MdmDatabaseHelper(23086): 			<string>6.0.1</string>
05-21 10:29:59.885 D/MdmDatabaseHelper(23086): 			<key>Identifier</key>
05-21 10:29:59.885 D/MdmDatabaseHelper(23086): 			<string>com.qihoo.root</string>
05-21 10:29:59.885 D/MdmDatabaseHelper(23086): 			<key>Name</key>
05-21 10:29:59.885 D/MdmDatabaseHelper(23086): 			<string>360</string>
05-21 10:29:59.885 D/MdmDatabaseHelper(23086): 			<key>DynamicSize</key>
05-21 10:29:59.885 D/MdmDatabaseHelper(23086): 			<integer>0</integer>
05-21 10:29:59.885 D/MdmDatabaseHelper(23086): 			<key>BundleSize</key>
05-21 10:29:59.885 D/MdmDatabaseHelper(23086): 			<integer>0</integer>
05-21 10:29:59.885 D/MdmDatabaseHelper(23086): 		</dict>
05-21 10:29:59.885 D/MdmDatabaseHelper(23086): 		<dict>
05-21 10:29:59.885 D/MdmDatabaseHelper(23086): 			<key>AppPermissions</key>
05-21 10:29:59.885 D/MdmDatabaseHelper(23086): 			<array>
05-21 10:29:59.885 D/MdmDatabaseHelper(23086): 				<string>android.permission.ACCESS_FINE_LOCATION</string>
05-21 10:29:59.885 D/MdmDatabaseHelper(23086): 				<string>android.permission.ACCESS_COARSE_LOCATION</string>
05-21 10:29:59.885 D/MdmDatabaseHelper(23086): 				<string>android.permission.SYSTEM_ALERT_WINDOW</string>
05-21 10:29:59.885 D/MdmDatabaseHelper(23086): 				<string>android.permission.RECEIVE_BOOT_COMPLETED</string>
05-21 10:29:59.885 D/MdmDatabaseHelper(23086): 				<string>android.permission.CALL_PHONE</string>
05-21 10:29:59.885 D/MdmDatabaseHelper(23086): 				<string>android.permission.PROCESS_OUTGOING_CALLS</string>
05-21 10:29:59.885 D/MdmDatabaseHelper(23086): 				<string>android.permission.READ_CONTACTS</string>
05-21 10:29:59.885 D/MdmDatabaseHelper(23086): 				<string>android.permission.WRITE_CONTACTS</string>
05-21 10:29:59.885 D/MdmDatabaseHelper(23086): 				<string>android.permission.RECEIVE_SMS</string>
05-21 10:29:59.885 D/MdmDatabaseHelper(23086): 				<string>android.permission.RECEIVE_MMS</string>
05-21 10:29:59.885 D/MdmDatabaseHelper(23086): 				<string>android.permission.RECEIVE_WAP_PUSH</string>
05-21 10:29:59.885 D/MdmDatabaseHelper(23086): 				<string>android.permission.INTERNET</string>
05-21 10:29:59.885 D/MdmDatabaseHelper(23086): 				<string>android.permission.SEND_SMS</string>
05-21 10:29:59.885 D/MdmDatabaseHelper(23086): 				<string>android.permission.READ_SMS</string>
05-21 10:29:59.885 D/MdmDatabaseHelper(23086): 				<string>android.permission.WRITE_SMS</string>
05-21 10:29:59.885 D/MdmDatabaseHelper(23086): 				<string>android.permission.READ_CALL_LOG</string>
05-21 10:29:59.885 D/MdmDatabaseHelper(23086): 				<string>android.permission.WRITE_CALL_LOG</string>
05-21 10:29:59.885 D/MdmDatabaseHelper(23086): 				<string>android.permission.ACCESS_NETWORK_STATE</string>
05-21 10:29:59.885 D/MdmDatabaseHelper(23086): 				<string>android.permission.READ_PHONE_STATE</string>
05-21 10:29:59.885 D/MdmDatabaseHelper(23086): 				<string>android.permission.MODIFY_PHONE_STATE</string>
05-21 10:29:59.885 D/MdmDatabaseHelper(23086): 				<string>android.permission.MODIFY_AUDIO_SETTINGS</string>
05-21 10:29:59.885 D/MdmDatabaseHelper(23086): 				<string>android.permission.VIBRATE</string>
05-21 10:29:59.885 D/MdmDatabaseHelper(23086): 				<string>android.permission.BATTERY_STATS</string>
05-21 10:29:59.885 D/MdmDatabaseHelper(23086): 				<string>android.permission.GET_PACKAGE_SIZE</string>
05-21 10:29:59.885 D/MdmDatabaseHelper(23086): 				<string>com.android.launcher.permission.READ_SETTINGS</string>
05-21 10:29:59.885 D/MdmDatabaseHelper(23086): 				<string>android.permission.WAKE_LOCK</string>
05-21 10:29:59.885 D/MdmDatabaseHelper(23086): 				<string>android.permission.CHANGE_NETWORK_STATE</string>
05-21 10:29:59.885 D/MdmDatabaseHelper(23086): 				<string>android.permission.WRITE_EXTERNAL_STORAGE</string>
05-21 10:29:59.885 D/MdmDatabaseHelper(23086): 				<string>android.permission.RESTART_PACKAGES</string>
05-21 10:29:59.885 D/MdmDatabaseHelper(23086): 				<string>android.permission.CHANGE_WIFI_STATE</string>
05-21 10:29:59.885 D/MdmDatabaseHelper(23086): 				<string>android.permission.WRITE_SETTINGS</string>
05-21 10:29:59.885 D/MdmDatabaseHelper(23086): 				<string>android.permission.WRITE_SECURE_SETTINGS</string>
05-21 10:29:59.885 D/MdmDatabaseHelper(23086): 				<string>android.permission.READ_SYNC_SETTINGS</string>
05-21 10:29:59.885 D/MdmDatabaseHelper(23086): 				<string>android.permission.WRITE_SYNC_SETTINGS</string>
05-21 10:29:59.885 D/MdmDatabaseHelper(23086): 				<string>android.permission.WRITE_APN_SETTINGS</string>
05-21 10:29:59.885 D/MdmDatabaseHelper(23086): 				<string>android.permission.BLUETOOTH_ADMIN</string>
05-21 10:29:59.885 D/MdmDatabaseHelper(23086): 				<string>android.permission.RECORD_AUDIO</string>
05-21 10:29:59.885 D/MdmDatabaseHelper(23086): 				<string>android.permission.READ_LOGS</string>
05-21 10:29:59.885 D/MdmDatabaseHelper(23086): 				<string>com.android.launcher.permission.INSTALL_SHORTCUT</string>
05-21 10:29:59.885 D/MdmDatabaseHelper(23086): 				<string>com.android.launcher.permission.UNINSTALL_SHORTCUT</string>
05-21 10:29:59.885 D/MdmDatabaseHelper(23086): 				<string>android.permission.ACCESS_WIFI_STATE</string>
05-21 10:29:59.885 D/MdmDatabaseHelper(23086): 				<string>android.permission.BLUETOOTH</string>
05-21 10:29:59.885 D/MdmDatabaseHelper(23086): 				<string>android.permission.CLEAR_APP_CACHE</string>
