05-21 07:44:23.650 I/ActivityManager(  374): Start proc com.pekall.emdm.launcher:remote for service com.pekall.emdm.launcher/com.baidu.location.f: pid=19914 uid=10066 gids={50066, 1015, 3002, 3001, 3003, 1028}
05-21 07:44:23.666 I/ActivityManager(  374): No longer want com.nd.assistance.ServerService (pid 19701): empty for 1818s
05-21 07:44:23.674 W/ActivityManager(  374): Scheduling restart of crashed service com.nd.assistance/.server.ServerService in 5000ms
05-21 07:44:24.158 D/ActivityThread(19914): Loading provider com.pekall.semail.provider;com.pekall.semail.notifier: com.pekall.semail.provider.EmailProvider
05-21 07:44:24.189 D/ActivityThread(19914): Loading provider com.pekall.semail.provider;com.pekall.semail.notifier: com.pekall.semail.provider.EmailProvider
05-21 07:44:25.814 W/ActivityManager(  374): Unable to start service Intent { cmp=com.pekall.emdm.launcher/com.pekall.semail.service.AttachmentDownloadService } U=0: not found
05-21 07:44:28.713 I/ActivityManager(  374): Start proc com.nd.assistance.ServerService for service com.nd.assistance/.server.ServerService: pid=19946 uid=10068 gids={50068, 3003, 1015, 1006, 1028}
05-21 07:44:43.674 W/ActivityManager(  374): Timeout executing service: ServiceRecord{42a20660 u0 com.pekall.emdm.launcher/com.baidu.location.f}
05-21 07:44:47.971 E/ActivityManager(  374): ANR in com.pekall.emdm.launcher:remote
05-21 07:44:47.971 E/ActivityManager(  374): Reason: Executing service com.pekall.emdm.launcher/com.baidu.location.f
05-21 07:44:47.971 E/ActivityManager(  374): Load: 2.11 / 1.38 / 1.17
05-21 07:44:47.971 E/ActivityManager(  374): CPU usage from 12696ms to 0ms ago:
05-21 07:44:47.971 E/ActivityManager(  374):   99% 11191/com.pekall.emdm.launcher: 99% user + 0% kernel
05-21 07:44:47.971 E/ActivityManager(  374):   99% 19914/com.pekall.emdm.launcher:remote: 99% user + 0% kernel
05-21 07:44:47.971 E/ActivityManager(  374):   0.2% 374/system_server: 0.1% user + 0% kernel
05-21 07:44:47.971 E/ActivityManager(  374):   0.1% 19717/com.qihoo.appstore: 0.1% user + 0% kernel / faults: 3 minor
05-21 07:44:47.971 E/ActivityManager(  374): 100% TOTAL: 99% user + 0% kernel
05-21 07:44:47.971 E/ActivityManager(  374): CPU usage from 3508ms to 4047ms later:
05-21 07:44:47.971 E/ActivityManager(  374):   92% 11191/com.pekall.emdm.launcher: 92% user + 0% kernel
05-21 07:44:47.971 E/ActivityManager(  374):     92% 11204/Thread-2040: 92% user + 0% kernel
05-21 07:44:47.971 E/ActivityManager(  374):   89% 19914/com.pekall.emdm.launcher:remote: 89% user + 0% kernel
05-21 07:44:47.971 E/ActivityManager(  374):     89% 19927/Thread-2928: 89% user + 0% kernel
05-21 07:44:47.971 E/ActivityManager(  374):   7.4% 374/system_server: 1.8% user + 5.5% kernel
05-21 07:44:47.971 E/ActivityManager(  374):     7.4% 390/ActivityManager: 1.8% user + 5.5% kernel
05-21 07:44:47.971 E/ActivityManager(  374): 94% TOTAL: 92% user + 1.8% kernel
05-21 07:44:47.986 W/ActivityManager(  374): Killing ProcessRecord{422aac90 19914:com.pekall.emdm.launcher:remote/u0a10066}: background ANR
05-21 07:44:47.994 I/ActivityManager(  374): Process com.pekall.emdm.launcher:remote (pid 19914) has died.
05-21 07:44:47.994 W/ActivityManager(  374): Scheduling restart of crashed service com.pekall.emdm.launcher/com.baidu.location.f in 80000ms
05-21 07:44:59.994 I/ActivityManager(  374): No longer want com.tencent.android.qqdownloader:connect (pid 19462): empty for 1827s
05-21 07:44:59.994 I/ActivityManager(  374): No longer want com.tencent.android.qqdownloader (pid 19477): empty for 1827s
05-21 07:45:00.033 W/ActivityManager(  374): Exception when unbinding service com.tencent.android.qqdownloader/com.tencent.assistant.sdk.PluginSupportService
05-21 07:45:00.033 W/ActivityManager(  374): android.os.DeadObjectException
05-21 07:45:00.033 W/ActivityManager(  374): 	at android.os.BinderProxy.transact(Native Method)
05-21 07:45:00.033 W/ActivityManager(  374): 	at android.app.ApplicationThreadProxy.scheduleUnbindService(ApplicationThreadNative.java:844)
05-21 07:45:00.033 W/ActivityManager(  374): 	at com.android.server.am.ActiveServices.removeConnectionLocked(ActiveServices.java:1353)
05-21 07:45:00.033 W/ActivityManager(  374): 	at com.android.server.am.ActiveServices.killServicesLocked(ActiveServices.java:1627)
05-21 07:45:00.033 W/ActivityManager(  374): 	at com.android.server.am.ActivityManagerService.cleanUpApplicationRecordLocked(ActivityManagerService.java:11005)
05-21 07:45:00.033 W/ActivityManager(  374): 	at com.android.server.am.ActivityManagerService.handleAppDiedLocked(ActivityManagerService.java:2995)
05-21 07:45:00.033 W/ActivityManager(  374): 	at com.android.server.am.ActivityManagerService.appDiedLocked(ActivityManagerService.java:3085)
05-21 07:45:00.033 W/ActivityManager(  374): 	at com.android.server.am.ActivityManagerService$AppDeathRecipient.binderDied(ActivityManagerService.java:897)
05-21 07:45:00.033 W/ActivityManager(  374): 	at android.os.BinderProxy.sendDeathNotice(Binder.java:470)
05-21 07:45:00.033 W/ActivityManager(  374): 	at dalvik.system.NativeStart.run(Native Method)
05-21 07:45:00.033 W/ActivityManager(  374): Exception when stopping service com.tencent.android.qqdownloader/com.tencent.assistant.sdk.PluginSupportService
05-21 07:45:00.033 W/ActivityManager(  374): android.os.DeadObjectException
05-21 07:45:00.033 W/ActivityManager(  374): 	at android.os.BinderProxy.transact(Native Method)
05-21 07:45:00.033 W/ActivityManager(  374): 	at android.app.ApplicationThreadProxy.scheduleStopService(ApplicationThreadNative.java:873)
05-21 07:45:00.033 W/ActivityManager(  374): 	at com.android.server.am.ActiveServices.bringDownServiceLocked(ActiveServices.java:1280)
05-21 07:45:00.033 W/ActivityManager(  374): 	at com.android.server.am.ActiveServices.removeConnectionLocked(ActiveServices.java:1361)
05-21 07:45:00.033 W/ActivityManager(  374): 	at com.android.server.am.ActiveServices.killServicesLocked(ActiveServices.java:1627)
05-21 07:45:00.033 W/ActivityManager(  374): 	at com.android.server.am.ActivityManagerService.cleanUpApplicationRecordLocked(ActivityManagerService.java:11005)
05-21 07:45:00.033 W/ActivityManager(  374): 	at com.android.server.am.ActivityManagerService.handleAppDiedLocked(ActivityManagerService.java:2995)
05-21 07:45:00.033 W/ActivityManager(  374): 	at com.android.server.am.ActivityManagerService.appDiedLocked(ActivityManagerService.java:3085)
05-21 07:45:00.033 W/ActivityManager(  374): 	at com.android.server.am.ActivityManagerService$AppDeathRecipient.binderDied(ActivityManagerService.java:897)
05-21 07:45:00.033 W/ActivityManager(  374): 	at android.os.BinderProxy.sendDeathNotice(Binder.java:470)
05-21 07:45:00.033 W/ActivityManager(  374): 	at dalvik.system.NativeStart.run(Native Method)
05-21 07:45:00.033 W/ActivityManager(  374): Scheduling restart of crashed service com.tencent.android.qqdownloader/com.qq.AppService.IPCService in 5000ms
05-21 07:45:00.033 W/ActivityManager(  374): Scheduling restart of crashed service com.tencent.android.qqdownloader/com.qq.AppService.AppService in 14999ms
05-21 07:45:00.033 W/ActivityManager(  374): Scheduling restart of crashed service com.tencent.android.qqdownloader/com.tencent.assistant.manager.notification.NotificationService in 24998ms
05-21 07:45:00.033 W/ActivityManager(  374): Scheduling restart of crashed service com.tencent.android.qqdownloader/com.tencent.assistant.service.WiseDownloadService in 34998ms
05-21 07:45:15.064 I/ActivityManager(  374): Start proc com.tencent.android.qqdownloader:connect for service com.tencent.android.qqdownloader/com.qq.AppService.AppService: pid=19961 uid=10065 gids={50065, 3003, 3002, 1006, 1028, 1015}
05-21 07:45:15.158 I/ActivityManager(  374): Start proc com.tencent.android.qqdownloader for service com.tencent.android.qqdownloader/com.tencent.assistant.sdk.PluginSupportService: pid=19976 uid=10065 gids={50065, 3003, 3002, 1006, 1028, 1015}
05-21 07:45:15.369 I/ActivityManager(  374): Start proc android.process.media for content provider com.android.providers.media/.MediaProvider: pid=20004 uid=10015 gids={50015, 1015, 1023, 1024, 1028, 2001, 3003, 3007}
05-21 07:46:08.010 I/ActivityManager(  374): Start proc com.pekall.emdm.launcher:remote for service com.pekall.emdm.launcher/com.baidu.location.f: pid=20048 uid=10066 gids={50066, 1015, 3002, 3001, 3003, 1028}
05-21 07:46:08.603 D/ActivityThread(20048): Loading provider com.pekall.semail.provider;com.pekall.semail.notifier: com.pekall.semail.provider.EmailProvider
05-21 07:46:08.760 D/ActivityThread(20048): Loading provider com.pekall.semail.provider;com.pekall.semail.notifier: com.pekall.semail.provider.EmailProvider
05-21 07:46:13.846 W/ActivityManager(  374): Unable to start service Intent { cmp=com.pekall.emdm.launcher/com.pekall.semail.service.AttachmentDownloadService } U=0: not found
05-21 07:46:28.041 W/ActivityManager(  374): Timeout executing service: ServiceRecord{42a20660 u0 com.pekall.emdm.launcher/com.baidu.location.f}
05-21 07:46:33.517 E/ActivityManager(  374): ANR in com.pekall.emdm.launcher:remote
05-21 07:46:33.517 E/ActivityManager(  374): Reason: Executing service com.pekall.emdm.launcher/com.baidu.location.f
05-21 07:46:33.517 E/ActivityManager(  374): Load: 1.79 / 1.41 / 1.2
05-21 07:46:33.517 E/ActivityManager(  374): CPU usage from 4970ms to -5450ms ago:
05-21 07:46:33.517 E/ActivityManager(  374):   90% 20048/com.pekall.emdm.launcher:remote: 90% user + 0% kernel / faults: 109 minor
05-21 07:46:33.517 E/ActivityManager(  374):   90% 11191/com.pekall.emdm.launcher: 90% user + 0% kernel
05-21 07:46:33.517 E/ActivityManager(  374):   14% 374/system_server: 11% user + 2.9% kernel / faults: 557 minor
05-21 07:46:33.517 E/ActivityManager(  374):   1.2% 448/com.android.systemui: 1.1% user + 0.1% kernel / faults: 30 minor
05-21 07:46:33.517 E/ActivityManager(  374):   0% 561/com.android.phone: 0% user + 0% kernel / faults: 30 minor
05-21 07:46:33.517 E/ActivityManager(  374):   0.3% 19748/com.google.android.apps.maps:GoogleLocationService: 0.3% user + 0% kernel / faults: 12 minor
05-21 07:46:33.517 E/ActivityManager(  374):   0% 568/com.android.nfc: 0% user + 0% kernel / faults: 28 minor
05-21 07:46:33.517 E/ActivityManager(  374):   0.1% 19717/com.qihoo.appstore: 0.1% user + 0% kernel
05-21 07:46:33.517 E/ActivityManager(  374): 99% TOTAL: 98% user + 1.8% kernel
05-21 07:46:33.517 E/ActivityManager(  374): CPU usage from 4654ms to 5191ms later:
05-21 07:46:33.517 E/ActivityManager(  374):   98% 20048/com.pekall.emdm.launcher:remote: 98% user + 0% kernel
05-21 07:46:33.517 E/ActivityManager(  374):     96% 20061/Thread-2943: 96% user + 0% kernel
05-21 07:46:33.517 E/ActivityManager(  374):   90% 11191/com.pekall.emdm.launcher: 90% user + 0% kernel
05-21 07:46:33.517 E/ActivityManager(  374):     92% 11204/Thread-2040: 92% user + 0% kernel
05-21 07:46:33.517 E/ActivityManager(  374):   5.5% 374/system_server: 0% user + 5.5% kernel
05-21 07:46:33.517 E/ActivityManager(  374):     7.4% 390/ActivityManager: 0% user + 7.4% kernel
05-21 07:46:33.517 E/ActivityManager(  374): 97% TOTAL: 93% user + 3.7% kernel
05-21 07:46:33.525 W/ActivityManager(  374): Killing ProcessRecord{42783b98 20048:com.pekall.emdm.launcher:remote/u0a10066}: background ANR
05-21 07:46:33.549 I/ActivityManager(  374): Process com.pekall.emdm.launcher:remote (pid 20048) has died.
05-21 07:46:33.549 W/ActivityManager(  374): Scheduling restart of crashed service com.pekall.emdm.launcher/com.baidu.location.f in 320000ms
05-21 07:50:54.111 D/ConnectivityService(  374): Captive portal check NetworkInfo: type: WIFI[], state: CONNECTING/CAPTIVE_PORTAL_CHECK, reason: (unspecified), extra: "pekall_work", roaming: false, failover: false, isAvailable: true
05-21 07:50:54.127 D/ConnectivityService(  374): ConnectivityChange for WIFI: CONNECTED/CONNECTED
05-21 07:50:54.142 D/ConnectivityService(  374): handleConnectivityChange: address are the same reset per doReset linkProperty[1]: resetMask=0
05-21 07:50:54.142 D/Nat464Xlat(  374): requiresClat: netType=1, hasIPv4Address=true
05-21 07:50:54.142 W/ActivityManager(  374): Failed to clear dns cache for: com.tencent.android.qqdownloader
05-21 07:50:54.197 I/ActivityManager(  374): Start proc com.nd.assistance for broadcast com.nd.assistance/.receiver.WifiStateChangeReceiver: pid=20114 uid=10068 gids={50068, 3003, 1015, 1006, 1028}
05-21 07:50:55.127 D/ConnectivityService(  374): NetTransition Wakelock for ConnectedState released by timeout
05-21 07:50:57.283 I/ActivityManager(  374): Start proc com.google.android.gallery3d for broadcast com.google.android.gallery3d/com.google.android.picasasync.ConnectivityReceiver: pid=20131 uid=10019 gids={50019, 1006, 3003, 1015, 1028}
05-21 07:50:57.564 I/ActivityManager(  374): Start proc com.google.android.apps.uploader for broadcast com.google.android.apps.uploader/com.google.android.picasasync.ConnectivityReceiver: pid=20156 uid=10039 gids={50039, 3003, 1015, 1028}
05-21 07:50:57.658 D/ConnectivityService(  374): handleInetConditionHoldEnd: net=1, condition=100, published condition=0
05-21 07:50:57.666 I/ActivityManager(  374): Start proc com.android.mms for broadcast com.android.mms/.transaction.MmsSystemEventReceiver: pid=20169 uid=10040 gids={50040, 3003, 1015, 1028}
05-21 07:50:57.728 D/CountryDetector(  374): The first listener is added
05-21 07:51:01.713 I/ActivityManager(  374): Start proc com.qihoo.root for broadcast com.qihoo.root/.SuRequestReceiver: pid=20240 uid=10072 gids={50072, 1015, 3003, 1028}
05-21 07:51:01.846 I/ActivityManager(  374): START u0 {flg=0x10000000 cmp=com.qihoo.root/.SuRequestActivity (has extras)} from pid 20240
05-21 07:51:02.510 W/ActivityManager(  374): Unable to start service Intent { act=com.google.android.gms.analytics.service.START (has extras) } U=0: not found
05-21 07:51:07.510 W/ActivityManager(  374): Unable to start service Intent { act=com.google.android.gms.analytics.service.START (has extras) } U=0: not found
05-21 07:51:16.455 I/WindowManager(  374): Screenshot max retries 4 of Token{425dac38 ActivityRecord{425da7f0 u0 com.android.launcher/com.android.launcher2.Launcher}} appWin=Window{426f6f48 u0 com.android.launcher/com.android.launcher2.Launcher} drawState=4
05-21 07:51:16.455 W/WindowManager(  374): Screenshot failure taking screenshot for (720x1280) to layer 21010
05-21 07:51:53.572 I/ActivityManager(  374): Start proc com.pekall.emdm.launcher:remote for service com.pekall.emdm.launcher/com.baidu.location.f: pid=20275 uid=10066 gids={50066, 1015, 3002, 3001, 3003, 1028}
05-21 07:51:54.002 D/ActivityThread(20275): Loading provider com.pekall.semail.provider;com.pekall.semail.notifier: com.pekall.semail.provider.EmailProvider
05-21 07:51:54.150 D/ActivityThread(20275): Loading provider com.pekall.semail.provider;com.pekall.semail.notifier: com.pekall.semail.provider.EmailProvider
05-21 07:51:56.783 W/ActivityManager(  374): Unable to start service Intent { cmp=com.pekall.emdm.launcher/com.pekall.semail.service.AttachmentDownloadService } U=0: not found
05-21 07:52:13.619 W/ActivityManager(  374): Timeout executing service: ServiceRecord{42a20660 u0 com.pekall.emdm.launcher/com.baidu.location.f}
05-21 07:52:19.275 E/ActivityManager(  374): ANR in com.pekall.emdm.launcher:remote
05-21 07:52:19.275 E/ActivityManager(  374): Reason: Executing service com.pekall.emdm.launcher/com.baidu.location.f
05-21 07:52:19.275 E/ActivityManager(  374): Load: 1.62 / 1.29 / 1.19
05-21 07:52:19.275 E/ActivityManager(  374): CPU usage from 0ms to 5633ms later:
05-21 07:52:19.275 E/ActivityManager(  374):   84% 20275/com.pekall.emdm.launcher:remote: 83% user + 0.3% kernel / faults: 113 minor
05-21 07:52:19.275 E/ActivityManager(  374):   82% 11191/com.pekall.emdm.launcher: 82% user + 0.1% kernel
05-21 07:52:19.275 E/ActivityManager(  374):   25% 374/system_server: 19% user + 5.3% kernel / faults: 503 minor
05-21 07:52:19.275 E/ActivityManager(  374):   2.3% 448/com.android.systemui: 2.1% user + 0.2% kernel / faults: 51 minor
05-21 07:52:19.275 E/ActivityManager(  374):   0% 561/com.android.phone: 0% user + 0% kernel / faults: 53 minor
05-21 07:52:19.275 E/ActivityManager(  374):   0% 568/com.android.nfc: 0% user + 0% kernel / faults: 50 minor
05-21 07:52:19.275 E/ActivityManager(  374):   0.1% 19717/com.qihoo.appstore: 0.1% user + 0% kernel
05-21 07:52:19.275 E/ActivityManager(  374): 100% TOTAL: 96% user + 3.3% kernel
05-21 07:52:19.275 E/ActivityManager(  374): CPU usage from 4842ms to 5381ms later:
05-21 07:52:19.275 E/ActivityManager(  374):   100% 20275/com.pekall.emdm.launcher:remote: 100% user + 0% kernel
05-21 07:52:19.275 E/ActivityManager(  374):     100% 20289/Thread-2961: 100% user + 0% kernel
05-21 07:52:19.275 E/ActivityManager(  374):   92% 11191/com.pekall.emdm.launcher: 92% user + 0% kernel
05-21 07:52:19.275 E/ActivityManager(  374):     94% 11204/Thread-2040: 94% user + 0% kernel
05-21 07:52:19.275 E/ActivityManager(  374):   7.4% 374/system_server: 3.7% user + 3.7% kernel
05-21 07:52:19.275 E/ActivityManager(  374):     7.4% 390/ActivityManager: 5.5% user + 1.8% kernel
05-21 07:52:19.275 E/ActivityManager(  374): 100% TOTAL: 97% user + 2.7% kernel
05-21 07:52:19.291 W/ActivityManager(  374): Killing ProcessRecord{426c5028 20275:com.pekall.emdm.launcher:remote/u0a10066}: background ANR
05-21 07:52:19.314 I/ActivityManager(  374): Process com.pekall.emdm.launcher:remote (pid 20275) has died.
05-21 07:52:19.314 W/ActivityManager(  374): Scheduling restart of crashed service com.pekall.emdm.launcher/com.baidu.location.f in 1280000ms
05-21 07:57:59.994 I/ActivityManager(  374): No longer want com.google.android.apps.maps:LocationFriendService (pid 19781): empty for 1853s
05-21 07:57:59.994 I/ActivityManager(  374): No longer want com.google.android.apps.maps:FriendService (pid 19769): empty for 1853s
05-21 07:57:59.994 I/ActivityManager(  374): No longer want com.google.android.apps.maps:GoogleLocationService (pid 19748): empty for 1854s
05-21 07:58:00.025 W/ActivityManager(  374): Scheduling restart of crashed service com.google.android.apps.maps/com.google.android.location.internal.server.GoogleLocationService in 5000ms
05-21 07:58:05.049 I/ActivityManager(  374): Start proc com.google.android.apps.maps:GoogleLocationService for service com.google.android.apps.maps/com.google.android.location.internal.server.GoogleLocationService: pid=20314 uid=10038 gids={50038, 3003, 1015, 1028}
05-21 07:58:05.978 I/ActivityManager(  374): Start proc com.google.android.apps.maps:FriendService for broadcast com.google.android.apps.maps/com.google.googlenav.friend.android.ServiceReceiver: pid=20335 uid=10038 gids={50038, 3003, 1015, 1028}
05-21 07:58:06.103 I/ActivityManager(  374): Start proc com.google.android.apps.maps:LocationFriendService for broadcast com.google.android.apps.maps/com.google.googlenav.friend.reporting.LocationReportingIntentReceiver: pid=20347 uid=10038 gids={50038, 3003, 1015, 1028}
05-21 07:58:08.017 W/ActivityThread(20314): ClassLoader.loadClass: The class loader returned by Thread.getContextClassLoader() may fail for processes that host multiple applications. You should explicitly specify a context class loader. For example: Thread.setContextClassLoader(getClass().getClassLoader());
05-21 08:13:39.353 I/ActivityManager(  374): Start proc com.pekall.emdm.launcher:remote for service com.pekall.emdm.launcher/com.baidu.location.f: pid=20384 uid=10066 gids={50066, 1015, 3002, 3001, 3003, 1028}
05-21 08:13:39.580 D/ActivityThread(20384): Loading provider com.pekall.semail.provider;com.pekall.semail.notifier: com.pekall.semail.provider.EmailProvider
05-21 08:13:39.580 D/ActivityThread(20384): Loading provider com.pekall.semail.provider;com.pekall.semail.notifier: com.pekall.semail.provider.EmailProvider
05-21 08:13:41.197 W/ActivityManager(  374): Unable to start service Intent { cmp=com.pekall.emdm.launcher/com.pekall.semail.service.AttachmentDownloadService } U=0: not found
05-21 08:13:59.385 W/ActivityManager(  374): Timeout executing service: ServiceRecord{42a20660 u0 com.pekall.emdm.launcher/com.baidu.location.f}
05-21 08:14:04.041 E/ActivityManager(  374): ANR in com.pekall.emdm.launcher:remote
05-21 08:14:04.041 E/ActivityManager(  374): Reason: Executing service com.pekall.emdm.launcher/com.baidu.location.f
05-21 08:14:04.041 E/ActivityManager(  374): Load: 1.58 / 1.15 / 1.12
05-21 08:14:04.041 E/ActivityManager(  374): CPU usage from 35067ms to 0ms ago:
05-21 08:14:04.041 E/ActivityManager(  374):   99% 11191/com.pekall.emdm.launcher: 99% user + 0% kernel / faults: 305 minor
05-21 08:14:04.041 E/ActivityManager(  374):   0.1% 374/system_server: 0.1% user + 0% kernel / faults: 12 minor
05-21 08:14:04.041 E/ActivityManager(  374):   0.1% 19717/com.qihoo.appstore: 0% user + 0% kernel / faults: 9 minor
05-21 08:14:04.041 E/ActivityManager(  374):   0% 124/surfaceflinger: 0% user + 0% kernel
05-21 08:14:04.041 E/ActivityManager(  374):   0% 125/zygote: 0% user + 0% kernel / faults: 51 minor
05-21 08:14:04.041 E/ActivityManager(  374):   0% 442/wpa_supplicant: 0% user + 0% kernel
05-21 08:14:04.041 E/ActivityManager(  374):   0% 603/com.google.process.gapps: 0% user + 0% kernel
05-21 08:14:04.041 E/ActivityManager(  374):   0% 1615/logcat: 0% user + 0% kernel
05-21 08:14:04.041 E/ActivityManager(  374):   0% 4648/logcat: 0% user + 0% kernel
05-21 08:14:04.041 E/ActivityManager(  374):   0% 19961/com.tencent.android.qqdownloader:connect: 0% user + 0% kernel
05-21 08:14:04.041 E/ActivityManager(  374):  +0% 20384/com.pekall.emdm.launcher:remote: 0% user + 0% kernel
05-21 08:14:04.041 E/ActivityManager(  374): 78% TOTAL: 78% user + 0.1% kernel
05-21 08:14:04.041 E/ActivityManager(  374): CPU usage from 3728ms to 4266ms later:
05-21 08:14:04.041 E/ActivityManager(  374):   92% 20384/com.pekall.emdm.launcher:remote: 92% user + 0% kernel
05-21 08:14:04.041 E/ActivityManager(  374):     92% 20397/Thread-2973: 92% user + 0% kernel
05-21 08:14:04.041 E/ActivityManager(  374):   90% 11191/com.pekall.emdm.launcher: 90% user + 0% kernel
05-21 08:14:04.041 E/ActivityManager(  374):     90% 11204/Thread-2040: 90% user + 0% kernel
05-21 08:14:04.041 E/ActivityManager(  374):   5.5% 374/system_server: 0% user + 5.5% kernel / faults: 4 minor
05-21 08:14:04.041 E/ActivityManager(  374):     5.5% 390/ActivityManager: 0% user + 5.5% kernel
05-21 08:14:04.041 E/ActivityManager(  374):   1.2% 19717/com.qihoo.appstore: 1.2% user + 0% kernel
05-21 08:14:04.041 E/ActivityManager(  374): 94% TOTAL: 90% user + 3.7% kernel
05-21 08:14:04.041 W/ActivityManager(  374): Killing ProcessRecord{42972938 20384:com.pekall.emdm.launcher:remote/u0a10066}: background ANR
05-21 08:14:04.072 I/ActivityManager(  374): Process com.pekall.emdm.launcher:remote (pid 20384) has died.
05-21 08:14:04.072 W/ActivityManager(  374): Scheduling restart of crashed service com.pekall.emdm.launcher/com.baidu.location.f in 5120000ms
05-21 08:14:30.908 I/ActivityManager(  374): No longer want com.nd.assistance.ServerService (pid 19946): empty for 1802s
05-21 08:14:30.939 W/ActivityManager(  374): Scheduling restart of crashed service com.nd.assistance/.server.ServerService in 5000ms
05-21 08:14:35.947 I/ActivityManager(  374): Start proc com.nd.assistance.ServerService for service com.nd.assistance/.server.ServerService: pid=20419 uid=10068 gids={50068, 3003, 1015, 1006, 1028}
05-21 08:20:57.767 I/ActivityManager(  374): No longer want com.google.android.apps.uploader (pid 20156): empty for 1800s
05-21 08:20:57.767 I/ActivityManager(  374): No longer want android.process.media (pid 20004): empty for 1800s
05-21 08:20:57.767 I/ActivityManager(  374): No longer want com.google.android.gallery3d (pid 20131): empty for 1800s
05-21 08:20:57.767 I/ActivityManager(  374): No longer want com.tencent.android.qqdownloader:connect (pid 19961): empty for 1800s
05-21 08:20:57.767 I/ActivityManager(  374): No longer want com.tencent.android.qqdownloader (pid 19976): empty for 1800s
05-21 08:20:57.767 I/ActivityManager(  374): No longer want com.nd.assistance (pid 20114): empty for 1803s
05-21 08:20:57.799 W/ActivityManager(  374): Scheduling restart of crashed service com.tencent.android.qqdownloader/com.qq.AppService.IPCService in 5000ms
05-21 08:20:57.799 W/ActivityManager(  374): Scheduling restart of crashed service com.tencent.android.qqdownloader/com.qq.AppService.AppService in 15000ms
05-21 08:20:57.814 W/ActivityManager(  374): Scheduling restart of crashed service com.tencent.android.qqdownloader/com.tencent.assistant.service.WiseDownloadService in 24984ms
05-21 08:20:57.814 W/ActivityManager(  374): Scheduling restart of crashed service com.tencent.android.qqdownloader/com.tencent.assistant.manager.notification.NotificationService in 34984ms
05-21 08:20:59.994 I/ActivityManager(  374): No longer want com.android.mms (pid 20169): empty for 1802s
05-21 08:20:59.994 I/ActivityManager(  374): No longer want com.dragon.android.pandaspace:bdservice_v1 (pid 19809): empty for 1802s
05-21 08:21:00.025 D/CountryDetector(  374): No listener is left
05-21 08:21:00.033 W/ActivityManager(  374): Scheduling restart of crashed service com.dragon.android.pandaspace/com.baidu.android.moplus.MoPlusService in 42769ms
05-21 08:21:12.822 I/ActivityManager(  374): Start proc com.tencent.android.qqdownloader:connect for service com.tencent.android.qqdownloader/com.qq.AppService.AppService: pid=20439 uid=10065 gids={50065, 3003, 3002, 1006, 1028, 1015}
05-21 08:21:12.947 I/ActivityManager(  374): Start proc com.tencent.android.qqdownloader for service com.tencent.android.qqdownloader/com.tencent.assistant.sdk.PluginSupportService: pid=20454 uid=10065 gids={50065, 3003, 3002, 1006, 1028, 1015}
05-21 08:21:13.166 I/ActivityManager(  374): Start proc android.process.media for content provider com.android.providers.media/.MediaProvider: pid=20483 uid=10015 gids={50015, 1015, 1023, 1024, 1028, 2001, 3003, 3007}
05-21 08:21:42.853 I/ActivityManager(  374): Start proc com.dragon.android.pandaspace:bdservice_v1 for service com.dragon.android.pandaspace/com.baidu.android.moplus.MoPlusService: pid=20526 uid=10074 gids={50074, 1015, 3003, 1006, 1028}
05-21 08:21:42.853 I/ActivityManager(  374): No longer want com.qihoo.root (pid 20240): empty for 1826s
05-21 08:27:59.994 I/ActivityManager(  374): No longer want com.qihoo.appstore (pid 19717): empty for 4292s
05-21 08:28:00.010 W/ActivityManager(  374): Scheduling restart of crashed service com.qihoo.appstore/.express.DownloadCoreService in 5000ms
05-21 08:28:59.994 I/ActivityManager(  374): No longer want com.google.android.apps.maps:LocationFriendService (pid 20347): empty for 1853s
05-21 08:28:59.994 I/ActivityManager(  374): No longer want com.google.android.apps.maps:FriendService (pid 20335): empty for 1853s
05-21 08:28:59.994 I/ActivityManager(  374): No longer want com.google.android.apps.maps:GoogleLocationService (pid 20314): empty for 1854s
05-21 08:29:00.025 W/ActivityManager(  374): Scheduling restart of crashed service com.google.android.apps.maps/com.google.android.location.internal.server.GoogleLocationService in 5000ms
05-21 08:29:05.049 I/ActivityManager(  374): Start proc com.google.android.apps.maps:GoogleLocationService for service com.google.android.apps.maps/com.google.android.location.internal.server.GoogleLocationService: pid=20563 uid=10038 gids={50038, 3003, 1015, 1028}
05-21 08:29:05.994 I/ActivityManager(  374): Start proc com.google.android.apps.maps:FriendService for broadcast com.google.android.apps.maps/com.google.googlenav.friend.android.ServiceReceiver: pid=20584 uid=10038 gids={50038, 3003, 1015, 1028}
05-21 08:29:06.111 I/ActivityManager(  374): Start proc com.google.android.apps.maps:LocationFriendService for broadcast com.google.android.apps.maps/com.google.googlenav.friend.reporting.LocationReportingIntentReceiver: pid=20597 uid=10038 gids={50038, 3003, 1015, 1028}
05-21 08:29:07.080 W/ActivityThread(20563): ClassLoader.loadClass: The class loader returned by Thread.getContextClassLoader() may fail for processes that host multiple applications. You should explicitly specify a context class loader. For example: Thread.setContextClassLoader(getClass().getClassLoader());
05-21 08:32:02.791 I/EntropyMixer(  374): Writing entropy...
05-21 08:44:59.994 I/ActivityManager(  374): No longer want com.nd.assistance.ServerService (pid 20419): empty for 1824s
05-21 08:45:00.025 W/ActivityManager(  374): Scheduling restart of crashed service com.nd.assistance/.server.ServerService in 5000ms
05-21 08:45:05.049 I/ActivityManager(  374): Start proc com.nd.assistance.ServerService for service com.nd.assistance/.server.ServerService: pid=20630 uid=10068 gids={50068, 3003, 1015, 1006, 1028}
05-21 08:48:13.471 I/ActivityManager(  374): Start proc com.pekall.emdm.launcher:remote for service com.pekall.emdm.launcher/com.baidu.location.f: pid=20649 uid=10066 gids={50066, 1015, 3002, 3001, 3003, 1028}
05-21 08:48:13.650 W/ActivityManager(  374): Unable to start service Intent { act=pekall.intent.action.DOWNLOAD_APP (has extras) } U=0: not found
05-21 08:48:13.955 D/ActivityThread(20649): Loading provider com.pekall.semail.provider;com.pekall.semail.notifier: com.pekall.semail.provider.EmailProvider
05-21 08:48:13.971 D/ActivityThread(20649): Loading provider com.pekall.semail.provider;com.pekall.semail.notifier: com.pekall.semail.provider.EmailProvider
05-21 08:48:15.502 W/ActivityManager(  374): Unable to start service Intent { cmp=com.pekall.emdm.launcher/com.pekall.semail.service.AttachmentDownloadService } U=0: not found
05-21 08:48:33.510 W/ActivityManager(  374): Timeout executing service: ServiceRecord{42a20660 u0 com.pekall.emdm.launcher/com.baidu.location.f}
05-21 08:48:36.978 E/ActivityManager(  374): ANR in com.pekall.emdm.launcher:remote
05-21 08:48:36.978 E/ActivityManager(  374): Reason: Executing service com.pekall.emdm.launcher/com.baidu.location.f
05-21 08:48:36.978 E/ActivityManager(  374): Load: 1.62 / 1.16 / 1.09
05-21 08:48:36.978 E/ActivityManager(  374): CPU usage from 28510ms to 0ms ago:
05-21 08:48:36.978 E/ActivityManager(  374):   100% 11191/com.pekall.emdm.launcher: 100% user + 0.1% kernel / faults: 928 minor
05-21 08:48:36.978 E/ActivityManager(  374):   0.2% 374/system_server: 0.1% user + 0.1% kernel / faults: 4 minor
05-21 08:48:36.978 E/ActivityManager(  374):   0% 114/jbd2/mmcblk0p12: 0% user + 0% kernel
05-21 08:48:36.978 E/ActivityManager(  374):   0% 1468/com.qihoo.daemon: 0% user + 0% kernel / faults: 34 minor
05-21 08:48:36.978 E/ActivityManager(  374):   0% 1615/logcat: 0% user + 0% kernel
05-21 08:48:36.978 E/ActivityManager(  374):   0% 4648/logcat: 0% user + 0% kernel
05-21 08:48:36.978 E/ActivityManager(  374):  +0% 20649/com.pekall.emdm.launcher:remote: 0% user + 0% kernel
05-21 08:48:36.978 E/ActivityManager(  374): 85% TOTAL: 84% user + 0.2% kernel
05-21 08:48:36.978 E/ActivityManager(  374): CPU usage from 2693ms to 3226ms later:
05-21 08:48:36.978 E/ActivityManager(  374):   100% 20649/com.pekall.emdm.launcher:remote: 100% user + 0% kernel
05-21 08:48:36.978 E/ActivityManager(  374):     100% 20663/Thread-3003: 100% user + 0% kernel
05-21 08:48:36.978 E/ActivityManager(  374):   94% 11191/com.pekall.emdm.launcher: 94% user + 0% kernel
05-21 08:48:36.978 E/ActivityManager(  374):     92% 11204/Thread-2040: 92% user + 0% kernel
05-21 08:48:36.978 E/ActivityManager(  374):   5.5% 374/system_server: 0% user + 5.5% kernel
05-21 08:48:36.978 E/ActivityManager(  374):     5.5% 390/ActivityManager: 0% user + 5.5% kernel
05-21 08:48:36.978 E/ActivityManager(  374):   0.7% 24/kswapd0: 0% user + 0.7% kernel
05-21 08:48:36.978 E/ActivityManager(  374): 100% TOTAL: 98% user + 1.8% kernel
05-21 08:48:36.994 W/ActivityManager(  374): Killing ProcessRecord{429daab8 20649:com.pekall.emdm.launcher:remote/u0a10066}: background ANR
05-21 08:48:37.017 I/ActivityManager(  374): Process com.pekall.emdm.launcher:remote (pid 20649) has died.
05-21 08:48:37.017 W/ActivityManager(  374): Scheduling restart of crashed service com.pekall.emdm.launcher/com.baidu.location.f in 5000ms
05-21 08:48:42.049 I/ActivityManager(  374): Start proc com.pekall.emdm.launcher:remote for service com.pekall.emdm.launcher/com.baidu.location.f: pid=20683 uid=10066 gids={50066, 1015, 3002, 3001, 3003, 1028}
05-21 08:48:42.439 D/ActivityThread(20683): Loading provider com.pekall.semail.provider;com.pekall.semail.notifier: com.pekall.semail.provider.EmailProvider
05-21 08:48:42.502 D/ActivityThread(20683): Loading provider com.pekall.semail.provider;com.pekall.semail.notifier: com.pekall.semail.provider.EmailProvider
05-21 08:48:44.408 W/ActivityManager(  374): Unable to start service Intent { cmp=com.pekall.emdm.launcher/com.pekall.semail.service.AttachmentDownloadService } U=0: not found
05-21 08:49:02.056 W/ActivityManager(  374): Timeout executing service: ServiceRecord{42a20660 u0 com.pekall.emdm.launcher/com.baidu.location.f}
05-21 08:49:05.588 E/ActivityManager(  374): ANR in com.pekall.emdm.launcher:remote
05-21 08:49:05.588 E/ActivityManager(  374): Reason: Executing service com.pekall.emdm.launcher/com.baidu.location.f
05-21 08:49:05.588 E/ActivityManager(  374): Load: 1.69 / 1.21 / 1.11
05-21 08:49:05.588 E/ActivityManager(  374): CPU usage from 28550ms to 0ms ago:
05-21 08:49:05.588 E/ActivityManager(  374):   96% 11191/com.pekall.emdm.launcher: 95% user + 0.1% kernel / faults: 445 minor
05-21 08:49:05.588 E/ActivityManager(  374):   5.3% 374/system_server: 4.4% user + 0.8% kernel / faults: 626 minor
05-21 08:49:05.588 E/ActivityManager(  374):   0.6% 448/com.android.systemui: 0.5% user + 0% kernel / faults: 34 minor
05-21 08:49:05.588 E/ActivityManager(  374):   0% 561/com.android.phone: 0% user + 0% kernel / faults: 49 minor
05-21 08:49:05.588 E/ActivityManager(  374):   0% 24/kswapd0: 0% user + 0% kernel
05-21 08:49:05.588 E/ActivityManager(  374):   0% 82/mmcqd/0: 0% user + 0% kernel
05-21 08:49:05.588 E/ActivityManager(  374):   0% 125/zygote: 0% user + 0% kernel / faults: 101 minor
05-21 08:49:05.588 E/ActivityManager(  374):   0% 568/com.android.nfc: 0% user + 0% kernel / faults: 29 minor
05-21 08:49:05.588 E/ActivityManager(  374):   0% 1615/logcat: 0% user + 0% kernel
05-21 08:49:05.588 E/ActivityManager(  374):   0% 20439/com.tencent.android.qqdownloader:connect: 0% user + 0% kernel
05-21 08:49:05.588 E/ActivityManager(  374):  +0% 20683/com.pekall.emdm.launcher:remote: 0% user + 0% kernel
05-21 08:49:05.588 E/ActivityManager(  374): 91% TOTAL: 90% user + 0.8% kernel + 0% iowait
05-21 08:49:05.588 E/ActivityManager(  374): CPU usage from 2746ms to 3302ms later:
05-21 08:49:05.588 E/ActivityManager(  374):   100% 20683/com.pekall.emdm.launcher:remote: 100% user + 0% kernel
05-21 08:49:05.588 E/ActivityManager(  374):     101% 20696/Thread-3006: 101% user + 0% kernel
05-21 08:49:05.588 E/ActivityManager(  374):   94% 11191/com.pekall.emdm.launcher: 94% user + 0% kernel
05-21 08:49:05.588 E/ActivityManager(  374):     94% 11204/Thread-2040: 94% user + 0% kernel
05-21 08:49:05.588 E/ActivityManager(  374):   5.4% 374/system_server: 0% user + 5.4% kernel
05-21 08:49:05.588 E/ActivityManager(  374):     5.4% 390/ActivityManager: 0% user + 5.4% kernel
05-21 08:49:05.588 E/ActivityManager(  374): 100% TOTAL: 97% user + 2.7% kernel
05-21 08:49:05.596 W/ActivityManager(  374): Killing ProcessRecord{42293358 20683:com.pekall.emdm.launcher:remote/u0a10066}: background ANR
05-21 08:49:05.619 I/ActivityManager(  374): Process com.pekall.emdm.launcher:remote (pid 20683) has died.
05-21 08:49:05.619 W/ActivityManager(  374): Scheduling restart of crashed service com.pekall.emdm.launcher/com.baidu.location.f in 20000ms
05-21 08:49:25.627 I/ActivityManager(  374): Start proc com.pekall.emdm.launcher:remote for service com.pekall.emdm.launcher/com.baidu.location.f: pid=20718 uid=10066 gids={50066, 1015, 3002, 3001, 3003, 1028}
05-21 08:49:26.267 D/ActivityThread(20718): Loading provider com.pekall.semail.provider;com.pekall.semail.notifier: com.pekall.semail.provider.EmailProvider
05-21 08:49:26.283 D/ActivityThread(20718): Loading provider com.pekall.semail.provider;com.pekall.semail.notifier: com.pekall.semail.provider.EmailProvider
05-21 08:49:31.471 W/ActivityManager(  374): Unable to start service Intent { cmp=com.pekall.emdm.launcher/com.pekall.semail.service.AttachmentDownloadService } U=0: not found
05-21 08:49:45.666 W/ActivityManager(  374): Timeout executing service: ServiceRecord{42a20660 u0 com.pekall.emdm.launcher/com.baidu.location.f}
05-21 08:49:48.971 E/ActivityManager(  374): ANR in com.pekall.emdm.launcher:remote
05-21 08:49:48.971 E/ActivityManager(  374): Reason: Executing service com.pekall.emdm.launcher/com.baidu.location.f
05-21 08:49:48.971 E/ActivityManager(  374): Load: 1.83 / 1.31 / 1.15
05-21 08:49:48.971 E/ActivityManager(  374): CPU usage from 12565ms to 0ms ago:
05-21 08:49:48.971 E/ActivityManager(  374):   99% 20718/com.pekall.emdm.launcher:remote: 99% user + 0% kernel
05-21 08:49:48.971 E/ActivityManager(  374):   99% 11191/com.pekall.emdm.launcher: 99% user + 0% kernel
05-21 08:49:48.971 E/ActivityManager(  374):   0.1% 374/system_server: 0% user + 0% kernel / faults: 2 minor
05-21 08:49:48.971 E/ActivityManager(  374):   0% 124/surfaceflinger: 0% user + 0% kernel
05-21 08:49:48.971 E/ActivityManager(  374):   0% 20454/com.tencent.android.qqdownloader: 0% user + 0% kernel / faults: 14 minor
05-21 08:49:48.971 E/ActivityManager(  374):   0% 20563/com.google.android.apps.maps:GoogleLocationService: 0% user + 0% kernel
05-21 08:49:48.971 E/ActivityManager(  374):   0% 20621/kworker/0:1: 0% user + 0% kernel
05-21 08:49:48.971 E/ActivityManager(  374): 100% TOTAL: 99% user + 0% kernel
05-21 08:49:48.971 E/ActivityManager(  374): CPU usage from 2614ms to 3147ms later:
05-21 08:49:48.971 E/ActivityManager(  374):   96% 20718/com.pekall.emdm.launcher:remote: 94% user + 1.8% kernel
05-21 08:49:48.971 E/ActivityManager(  374):     96% 20731/Thread-3009: 96% user + 0% kernel
05-21 08:49:48.971 E/ActivityManager(  374):   92% 11191/com.pekall.emdm.launcher: 92% user + 0% kernel
05-21 08:49:48.971 E/ActivityManager(  374):     92% 11204/Thread-2040: 92% user + 0% kernel
05-21 08:49:48.971 E/ActivityManager(  374):   7.4% 374/system_server: 1.8% user + 5.5% kernel
05-21 08:49:48.971 E/ActivityManager(  374):     5.5% 390/ActivityManager: 0% user + 5.5% kernel
05-21 08:49:48.971 E/ActivityManager(  374): 97% TOTAL: 94% user + 2.8% kernel
05-21 08:49:48.978 W/ActivityManager(  374): Killing ProcessRecord{422aac90 20718:com.pekall.emdm.launcher:remote/u0a10066}: background ANR
05-21 08:49:49.002 I/ActivityManager(  374): Process com.pekall.emdm.launcher:remote (pid 20718) has died.
05-21 08:49:49.002 W/ActivityManager(  374): Scheduling restart of crashed service com.pekall.emdm.launcher/com.baidu.location.f in 80000ms
05-21 08:51:09.041 I/ActivityManager(  374): Start proc com.pekall.emdm.launcher:remote for service com.pekall.emdm.launcher/com.baidu.location.f: pid=20753 uid=10066 gids={50066, 1015, 3002, 3001, 3003, 1028}
05-21 08:51:09.314 D/ActivityThread(20753): Loading provider com.pekall.semail.provider;com.pekall.semail.notifier: com.pekall.semail.provider.EmailProvider
05-21 08:51:10.228 D/ActivityThread(20753): Loading provider com.pekall.semail.provider;com.pekall.semail.notifier: com.pekall.semail.provider.EmailProvider
05-21 08:51:11.510 W/ActivityManager(  374): Unable to start service Intent { cmp=com.pekall.emdm.launcher/com.pekall.semail.service.AttachmentDownloadService } U=0: not found
05-21 08:51:29.056 W/ActivityManager(  374): Timeout executing service: ServiceRecord{42a20660 u0 com.pekall.emdm.launcher/com.baidu.location.f}
05-21 08:51:32.650 E/ActivityManager(  374): ANR in com.pekall.emdm.launcher:remote
05-21 08:51:32.650 E/ActivityManager(  374): Reason: Executing service com.pekall.emdm.launcher/com.baidu.location.f
05-21 08:51:32.650 E/ActivityManager(  374): Load: 1.74 / 1.36 / 1.18
05-21 08:51:32.650 E/ActivityManager(  374): CPU usage from 24054ms to -1ms ago:
05-21 08:51:32.650 E/ActivityManager(  374):   99% 11191/com.pekall.emdm.launcher: 99% user + 0% kernel / faults: 15 minor
05-21 08:51:32.650 E/ActivityManager(  374):   0% 125/zygote: 0% user + 0% kernel / faults: 522 minor
05-21 08:51:32.650 E/ActivityManager(  374):   0.2% 374/system_server: 0.1% user + 0.1% kernel / faults: 3 minor
05-21 08:51:32.650 E/ActivityManager(  374):   0% 114/jbd2/mmcblk0p12: 0% user + 0% kernel
05-21 08:51:32.650 E/ActivityManager(  374):   0% 124/surfaceflinger: 0% user + 0% kernel
05-21 08:51:32.650 E/ActivityManager(  374):   0% 4648/logcat: 0% user + 0% kernel
05-21 08:51:32.650 E/ActivityManager(  374):   0% 20454/com.tencent.android.qqdownloader: 0% user + 0% kernel / faults: 8 minor
05-21 08:51:32.650 E/ActivityManager(  374):  +0% 20753/com.pekall.emdm.launcher:remote: 0% user + 0% kernel
05-21 08:51:32.650 E/ActivityManager(  374): 91% TOTAL: 91% user + 0.2% kernel
05-21 08:51:32.650 E/ActivityManager(  374): CPU usage from 2902ms to 3434ms later:
05-21 08:51:32.650 E/ActivityManager(  374):   98% 20753/com.pekall.emdm.launcher:remote: 98% user + 0% kernel
05-21 08:51:32.650 E/ActivityManager(  374):     100% 20766/Thread-3012: 100% user + 0% kernel
05-21 08:51:32.650 E/ActivityManager(  374):   94% 11191/com.pekall.emdm.launcher: 94% user + 0% kernel
05-21 08:51:32.650 E/ActivityManager(  374):     96% 11204/Thread-2040: 96% user + 0% kernel
05-21 08:51:32.650 E/ActivityManager(  374):   5.6% 374/system_server: 0% user + 5.6% kernel
05-21 08:51:32.650 E/ActivityManager(  374):     5.6% 390/ActivityManager: 0% user + 5.6% kernel
05-21 08:51:32.650 E/ActivityManager(  374): 100% TOTAL: 97% user + 2.8% kernel
05-21 08:51:32.650 W/ActivityManager(  374): Killing ProcessRecord{42293358 20753:com.pekall.emdm.launcher:remote/u0a10066}: background ANR
05-21 08:51:32.705 I/ActivityManager(  374): Process com.pekall.emdm.launcher:remote (pid 20753) has died.
05-21 08:51:32.713 W/ActivityManager(  374): Scheduling restart of crashed service com.pekall.emdm.launcher/com.baidu.location.f in 320000ms
05-21 08:51:59.994 I/ActivityManager(  374): No longer want com.dragon.android.pandaspace:bdservice_v1 (pid 20526): empty for 1816s
05-21 08:51:59.994 I/ActivityManager(  374): No longer want com.tencent.android.qqdownloader:connect (pid 20439): empty for 1845s
05-21 08:51:59.994 I/ActivityManager(  374): No longer want com.tencent.android.qqdownloader (pid 20454): empty for 1845s
05-21 08:51:59.994 I/ActivityManager(  374): No longer want android.process.media (pid 20483): empty for 1846s
05-21 08:51:59.994 I/ActivityManager(  374): No longer want com.dragon.android.pandaspace (pid 19610): empty for 3662s
05-21 08:52:00.025 W/ActivityManager(  374): Scheduling restart of crashed service com.dragon.android.pandaspace/com.dragon.pandaspace.download.flow.DownloadTaskService in 5000ms
05-21 08:52:00.119 W/ActivityManager(  374): Exception when unbinding service com.tencent.android.qqdownloader/com.tencent.assistant.sdk.PluginSupportService
05-21 08:52:00.119 W/ActivityManager(  374): android.os.DeadObjectException
05-21 08:52:00.119 W/ActivityManager(  374): 	at android.os.BinderProxy.transact(Native Method)
05-21 08:52:00.119 W/ActivityManager(  374): 	at android.app.ApplicationThreadProxy.scheduleUnbindService(ApplicationThreadNative.java:844)
05-21 08:52:00.119 W/ActivityManager(  374): 	at com.android.server.am.ActiveServices.removeConnectionLocked(ActiveServices.java:1353)
05-21 08:52:00.119 W/ActivityManager(  374): 	at com.android.server.am.ActiveServices.killServicesLocked(ActiveServices.java:1627)
05-21 08:52:00.119 W/ActivityManager(  374): 	at com.android.server.am.ActivityManagerService.cleanUpApplicationRecordLocked(ActivityManagerService.java:11005)
05-21 08:52:00.119 W/ActivityManager(  374): 	at com.android.server.am.ActivityManagerService.handleAppDiedLocked(ActivityManagerService.java:2995)
05-21 08:52:00.119 W/ActivityManager(  374): 	at com.android.server.am.ActivityManagerService.appDiedLocked(ActivityManagerService.java:3085)
05-21 08:52:00.119 W/ActivityManager(  374): 	at com.android.server.am.ActivityManagerService$AppDeathRecipient.binderDied(ActivityManagerService.java:897)
05-21 08:52:00.119 W/ActivityManager(  374): 	at android.os.BinderProxy.sendDeathNotice(Binder.java:470)
05-21 08:52:00.119 W/ActivityManager(  374): 	at dalvik.system.NativeStart.run(Native Method)
05-21 08:52:00.119 W/ActivityManager(  374): Exception when stopping service com.tencent.android.qqdownloader/com.tencent.assistant.sdk.PluginSupportService
05-21 08:52:00.119 W/ActivityManager(  374): android.os.DeadObjectException
05-21 08:52:00.119 W/ActivityManager(  374): 	at android.os.BinderProxy.transact(Native Method)
05-21 08:52:00.119 W/ActivityManager(  374): 	at android.app.ApplicationThreadProxy.scheduleStopService(ApplicationThreadNative.java:873)
05-21 08:52:00.119 W/ActivityManager(  374): 	at com.android.server.am.ActiveServices.bringDownServiceLocked(ActiveServices.java:1280)
05-21 08:52:00.119 W/ActivityManager(  374): 	at com.android.server.am.ActiveServices.removeConnectionLocked(ActiveServices.java:1361)
05-21 08:52:00.119 W/ActivityManager(  374): 	at com.android.server.am.ActiveServices.killServicesLocked(ActiveServices.java:1627)
05-21 08:52:00.119 W/ActivityManager(  374): 	at com.android.server.am.ActivityManagerService.cleanUpApplicationRecordLocked(ActivityManagerService.java:11005)
05-21 08:52:00.119 W/ActivityManager(  374): 	at com.android.server.am.ActivityManagerService.handleAppDiedLocked(ActivityManagerService.java:2995)
05-21 08:52:00.119 W/ActivityManager(  374): 	at com.android.server.am.ActivityManagerService.appDiedLocked(ActivityManagerService.java:3085)
05-21 08:52:00.119 W/ActivityManager(  374): 	at com.android.server.am.ActivityManagerService$AppDeathRecipient.binderDied(ActivityManagerService.java:897)
05-21 08:52:00.119 W/ActivityManager(  374): 	at android.os.BinderProxy.sendDeathNotice(Binder.java:470)
05-21 08:52:00.119 W/ActivityManager(  374): 	at dalvik.system.NativeStart.run(Native Method)
05-21 08:52:00.119 W/ActivityManager(  374): Scheduling restart of crashed service com.tencent.android.qqdownloader/com.qq.AppService.AppService in 14902ms
05-21 08:52:00.127 W/ActivityManager(  374): Scheduling restart of crashed service com.tencent.android.qqdownloader/com.qq.AppService.IPCService in 24901ms
05-21 08:52:00.127 W/ActivityManager(  374): Scheduling restart of crashed service com.tencent.android.qqdownloader/com.tencent.assistant.manager.notification.NotificationService in 24899ms
05-21 08:52:00.127 W/ActivityManager(  374): Scheduling restart of crashed service com.tencent.android.qqdownloader/com.tencent.assistant.service.WiseDownloadService in 34899ms
05-21 08:52:00.127 W/ActivityManager(  374): Scheduling restart of crashed service com.dragon.android.pandaspace/com.baidu.android.moplus.MoPlusService in 44898ms
05-21 08:52:05.033 I/ActivityManager(  374): Start proc com.dragon.android.pandaspace for service com.dragon.android.pandaspace/com.dragon.pandaspace.download.flow.DownloadTaskService: pid=20786 uid=10074 gids={50074, 1015, 3003, 1006, 1028}
05-21 08:52:15.041 I/ActivityManager(  374): Start proc com.tencent.android.qqdownloader:connect for service com.tencent.android.qqdownloader/com.qq.AppService.AppService: pid=20807 uid=10065 gids={50065, 3003, 3002, 1006, 1028, 1015}
05-21 08:52:15.150 I/ActivityManager(  374): Start proc com.tencent.android.qqdownloader for service com.tencent.android.qqdownloader/com.tencent.assistant.sdk.PluginSupportService: pid=20822 uid=10065 gids={50065, 3003, 3002, 1006, 1028, 1015}
05-21 08:52:15.314 I/ActivityManager(  374): Start proc android.process.media for content provider com.android.providers.media/.MediaProvider: pid=20844 uid=10015 gids={50015, 1015, 1023, 1024, 1028, 2001, 3003, 3007}
05-21 08:52:45.064 I/ActivityManager(  374): Start proc com.dragon.android.pandaspace:bdservice_v1 for service com.dragon.android.pandaspace/com.baidu.android.moplus.MoPlusService: pid=20892 uid=10074 gids={50074, 1015, 3003, 1006, 1028}
05-21 08:56:52.791 I/ActivityManager(  374): Start proc com.pekall.emdm.launcher:remote for service com.pekall.emdm.launcher/com.baidu.location.f: pid=20922 uid=10066 gids={50066, 1015, 3002, 3001, 3003, 1028}
05-21 08:56:53.064 D/ActivityThread(20922): Loading provider com.pekall.semail.provider;com.pekall.semail.notifier: com.pekall.semail.provider.EmailProvider
05-21 08:56:53.080 D/ActivityThread(20922): Loading provider com.pekall.semail.provider;com.pekall.semail.notifier: com.pekall.semail.provider.EmailProvider
05-21 08:56:55.822 W/ActivityManager(  374): Unable to start service Intent { cmp=com.pekall.emdm.launcher/com.pekall.semail.service.AttachmentDownloadService } U=0: not found
05-21 08:57:12.799 W/ActivityManager(  374): Timeout executing service: ServiceRecord{42a20660 u0 com.pekall.emdm.launcher/com.baidu.location.f}
05-21 08:57:16.611 E/ActivityManager(  374): ANR in com.pekall.emdm.launcher:remote
05-21 08:57:16.611 E/ActivityManager(  374): Reason: Executing service com.pekall.emdm.launcher/com.baidu.location.f
05-21 08:57:16.611 E/ActivityManager(  374): Load: 1.47 / 1.32 / 1.22
05-21 08:57:16.611 E/ActivityManager(  374): CPU usage from 7797ms to 0ms ago:
05-21 08:57:16.611 E/ActivityManager(  374):   100% 11191/com.pekall.emdm.launcher: 100% user + 0% kernel
05-21 08:57:16.611 E/ActivityManager(  374):   99% 20922/com.pekall.emdm.launcher:remote: 99% user + 0% kernel
