05-20 14:52:13.049 D/com.pekall.restrictions.policy(26771): 	at android.provider.Settings$Global.putString(Settings.java:5519)
05-20 14:52:13.049 D/com.pekall.restrictions.policy(26771): 	at android.provider.Settings$Global.putInt(Settings.java:5607)
05-20 14:52:13.049 D/com.pekall.restrictions.policy(26771): 	at com.pekall.emdm.b.c.b.j.c(Unknown Source)
05-20 14:52:13.049 D/com.pekall.restrictions.policy(26771): 	at com.pekall.emdm.b.c.b.j.h(Unknown Source)
05-20 14:52:13.049 D/com.pekall.restrictions.policy(26771): 	at com.pekall.emdm.b.c.e.run(Unknown Source)
05-20 14:52:13.056 D/com.pekall.restrictions.policy(26771): [null:-1]->allowNFC : null
05-20 14:52:13.096 D/NetworkThread(26771): [null:-1]->sendHttpPost:PostRequest, url: http://192.168.10.21/rest/mdm/v1/ios/android_server, Params: [content:<?xml version="1.0" encoding="UTF-8"?>
05-20 14:52:13.096 D/NetworkThread(26771): <!DOCTYPE plist PUBLIC "-//Apple//DTD PLIST 1.0//EN" "http://www.apple.com/DTDs/PropertyList-1.0.dtd">
05-20 14:52:13.096 D/NetworkThread(26771): <plist version="1.0">
05-20 14:52:13.096 D/NetworkThread(26771): <dict>
05-20 14:52:13.096 D/NetworkThread(26771): 	<key>Status</key>
05-20 14:52:13.096 D/NetworkThread(26771): 	<string>Idle</string>
05-20 14:52:13.096 D/NetworkThread(26771): 	<key>UDID</key>
05-20 14:52:13.096 D/NetworkThread(26771): 	<string>00013fbc8ecec5b90000014613abe64a</string>
05-20 14:52:13.096 D/NetworkThread(26771): </dict>
05-20 14:52:13.096 D/NetworkThread(26771): </plist>], 
05-20 14:52:13.096 D/HttpClient(26771): enable apache.http debug
05-20 14:52:13.096 D/InnerClass(26771): [null:-1]->enableNfc : 
05-20 14:52:13.096 D/InnerClass(26771): java.lang.reflect.InvocationTargetException
05-20 14:52:13.096 D/InnerClass(26771): 	at java.lang.reflect.Method.invokeNative(Native Method)
05-20 14:52:13.096 D/InnerClass(26771): 	at java.lang.reflect.Method.invoke(Method.java:525)
05-20 14:52:13.096 D/InnerClass(26771): 	at com.pekall.emdm.c.i.a(Unknown Source)
05-20 14:52:13.096 D/InnerClass(26771): 	at com.pekall.emdm.c.c.a(Unknown Source)
05-20 14:52:13.096 D/InnerClass(26771): 	at com.pekall.emdm.b.c.b.j.b(Unknown Source)
05-20 14:52:13.096 D/InnerClass(26771): 	at com.pekall.emdm.b.c.b.j.h(Unknown Source)
05-20 14:52:13.096 D/InnerClass(26771): 	at com.pekall.emdm.b.c.e.run(Unknown Source)
05-20 14:52:13.096 D/InnerClass(26771): Caused by: java.lang.SecurityException: WRITE_SECURE_SETTINGS permission required: Neither user 10066 nor current process has android.permission.WRITE_SECURE_SETTINGS.
05-20 14:52:13.096 D/InnerClass(26771): 	at android.os.Parcel.readException(Parcel.java:1431)
05-20 14:52:13.096 D/InnerClass(26771): 	at android.os.Parcel.readException(Parcel.java:1385)
05-20 14:52:13.096 D/InnerClass(26771): 	at android.nfc.INfcAdapter$Stub$Proxy.disable(INfcAdapter.java:252)
05-20 14:52:13.096 D/InnerClass(26771): 	at android.nfc.NfcAdapter.disable(NfcAdapter.java:574)
05-20 14:52:13.096 D/InnerClass(26771): 	... 7 more
05-20 14:52:13.111 V/DEBUG   (26771): HTTP 0
05-20 14:52:18.291 D/MDM :   (26771): [null:-1]->statusCode : 200
05-20 14:52:18.291 D/MDM :   (26771): [null:-1]->statusCode : 200
05-20 14:52:18.291 V/DEBUG   (26771): HTTP 1
05-20 14:52:18.291 D/MDM :   (26771): [null:-1]->Get joson string: 
05-20 14:52:18.291 D/NetworkThread(26771): [null:-1]->clear mCurrentTransInfo
05-20 14:52:18.291 D/NetworkThread(26771): [null:-1]->queue is empty, thread wait...
05-20 14:52:18.392 D/MdmService(26771): [null:-1]->handleCheckInResult
05-20 14:52:18.392 D/MdmService(26771): [null:-1]->handleCheckInResult result keyIndex: 3
05-20 14:52:18.392 D/HandleCommandTask(26771): [null:-1]->execute command msg but beanBase is null
05-20 14:52:18.392 D/MdmStatusManager(26771): [null:-1]->change status to : Idle
05-20 14:52:31.885 W/MountService(  374): getVolumeState(/storage/emulated/0/external_sd): Unknown volume
05-20 14:52:31.885 W/MountService(  374): getVolumeState(/mnt/sdcard-ext): Unknown volume
05-20 14:52:31.885 W/MountService(  374): getVolumeState(/mnt/ext_sdcard): Unknown volume
05-20 14:52:31.885 W/MountService(  374): getVolumeState(/mnt/sdcard2): Unknown volume
05-20 14:52:31.885 W/MountService(  374): getVolumeState(/mnt/emmc): Unknown volume
05-20 14:52:31.885 W/MountService(  374): getVolumeState(/mnt/extSdCard): Unknown volume
05-20 14:52:31.885 W/MountService(  374): getVolumeState(/mnt/sdcard/SD_CARD): Unknown volume
05-20 14:52:31.892 W/MountService(  374): getVolumeState(/mnt/sdcard/extra_sd): Unknown volume
05-20 14:52:31.892 W/MountService(  374): getVolumeState(/mnt/extrasd_bind): Unknown volume
05-20 14:52:31.892 W/MountService(  374): getVolumeState(/mnt/sdcard/ext_sd): Unknown volume
05-20 14:52:31.892 W/MountService(  374): getVolumeState(/storage/extSdCard): Unknown volume
05-20 14:52:31.892 W/MountService(  374): getVolumeState(/storage/sdcard1): Unknown volume
05-20 14:52:31.892 W/MountService(  374): getVolumeState(/mnt/sdcard/external_SD): Unknown volume
05-20 14:52:31.892 W/MountService(  374): getVolumeState(/mnt/sdcard/external_sd): Unknown volume
05-20 14:52:31.978 D/dalvikvm( 1468): GC_CONCURRENT freed 552K, 21% free 9660K/12104K, paused 7ms+14ms, total 85ms
05-20 14:52:31.978 D/dalvikvm( 1468): WAIT_FOR_CONCURRENT_GC blocked 61ms
05-20 14:52:32.252 W/MountService(  374): getVolumeState(/storage/emulated/0/external_sd): Unknown volume
05-20 14:52:32.252 W/MountService(  374): getVolumeState(/mnt/sdcard-ext): Unknown volume
05-20 14:52:32.252 W/MountService(  374): getVolumeState(/mnt/ext_sdcard): Unknown volume
05-20 14:52:32.252 W/MountService(  374): getVolumeState(/mnt/sdcard2): Unknown volume
05-20 14:52:32.252 W/MountService(  374): getVolumeState(/mnt/emmc): Unknown volume
05-20 14:52:32.260 W/MountService(  374): getVolumeState(/mnt/extSdCard): Unknown volume
05-20 14:52:32.260 W/MountService(  374): getVolumeState(/mnt/sdcard/SD_CARD): Unknown volume
05-20 14:52:32.260 W/MountService(  374): getVolumeState(/mnt/sdcard/extra_sd): Unknown volume
05-20 14:52:32.260 W/MountService(  374): getVolumeState(/mnt/extrasd_bind): Unknown volume
05-20 14:52:32.260 W/MountService(  374): getVolumeState(/mnt/sdcard/ext_sd): Unknown volume
05-20 14:52:32.260 W/MountService(  374): getVolumeState(/storage/extSdCard): Unknown volume
05-20 14:52:32.260 W/MountService(  374): getVolumeState(/storage/sdcard1): Unknown volume
05-20 14:52:32.267 W/MountService(  374): getVolumeState(/mnt/sdcard/external_SD): Unknown volume
05-20 14:52:32.267 W/MountService(  374): getVolumeState(/mnt/sdcard/external_sd): Unknown volume
05-20 14:52:32.283 D/dalvikvm( 1468): GC_CONCURRENT freed 492K, 21% free 9679K/12104K, paused 5ms+5ms, total 59ms
05-20 14:52:32.283 D/dalvikvm( 1468): WAIT_FOR_CONCURRENT_GC blocked 17ms
05-20 14:52:32.291 D/dalvikvm( 1468): WAIT_FOR_CONCURRENT_GC blocked 25ms
05-20 14:53:12.033 D/dalvikvm( 1661): GC_EXPLICIT freed 836K, 18% free 13093K/15888K, paused 2ms+5ms, total 77ms
05-20 14:53:17.111 D/dalvikvm( 1661): GC_EXPLICIT freed 18K, 18% free 13075K/15888K, paused 3ms+5ms, total 68ms
05-20 14:53:27.103 D/dalvikvm( 1661): GC_EXPLICIT freed 61K, 18% free 13077K/15888K, paused 3ms+5ms, total 60ms
05-20 14:53:31.892 W/MountService(  374): getVolumeState(/storage/emulated/0/external_sd): Unknown volume
05-20 14:53:31.892 W/MountService(  374): getVolumeState(/mnt/sdcard-ext): Unknown volume
05-20 14:53:31.892 W/MountService(  374): getVolumeState(/mnt/ext_sdcard): Unknown volume
05-20 14:53:31.892 W/MountService(  374): getVolumeState(/mnt/sdcard2): Unknown volume
05-20 14:53:31.892 W/MountService(  374): getVolumeState(/mnt/emmc): Unknown volume
05-20 14:53:31.892 W/MountService(  374): getVolumeState(/mnt/extSdCard): Unknown volume
05-20 14:53:31.892 W/MountService(  374): getVolumeState(/mnt/sdcard/SD_CARD): Unknown volume
05-20 14:53:31.892 W/MountService(  374): getVolumeState(/mnt/sdcard/extra_sd): Unknown volume
05-20 14:53:31.900 W/MountService(  374): getVolumeState(/mnt/extrasd_bind): Unknown volume
05-20 14:53:31.900 W/MountService(  374): getVolumeState(/mnt/sdcard/ext_sd): Unknown volume
05-20 14:53:31.900 W/MountService(  374): getVolumeState(/storage/extSdCard): Unknown volume
05-20 14:53:31.900 W/MountService(  374): getVolumeState(/storage/sdcard1): Unknown volume
05-20 14:53:31.900 W/MountService(  374): getVolumeState(/mnt/sdcard/external_SD): Unknown volume
05-20 14:53:31.900 W/MountService(  374): getVolumeState(/mnt/sdcard/external_sd): Unknown volume
05-20 14:53:31.924 D/dalvikvm( 1468): GC_CONCURRENT freed 546K, 21% free 9645K/12104K, paused 4ms+4ms, total 50ms
05-20 14:53:31.924 D/dalvikvm( 1468): WAIT_FOR_CONCURRENT_GC blocked 17ms
05-20 14:53:31.924 D/dalvikvm( 1468): WAIT_FOR_CONCURRENT_GC blocked 18ms
05-20 14:53:32.080 W/Parcel  ( 1661): Attempt to read object from Parcel 0x5ef3bdac at offset 200 that is not in the object list
05-20 14:53:32.213 D/dalvikvm( 1468): GC_CONCURRENT freed 374K, 20% free 9687K/12104K, paused 9ms+4ms, total 75ms
05-20 14:53:32.275 W/MountService(  374): getVolumeState(/storage/emulated/0/external_sd): Unknown volume
05-20 14:53:32.275 W/MountService(  374): getVolumeState(/mnt/sdcard-ext): Unknown volume
05-20 14:53:32.275 W/MountService(  374): getVolumeState(/mnt/ext_sdcard): Unknown volume
05-20 14:53:32.275 W/MountService(  374): getVolumeState(/mnt/sdcard2): Unknown volume
05-20 14:53:32.275 W/MountService(  374): getVolumeState(/mnt/emmc): Unknown volume
05-20 14:53:32.275 W/MountService(  374): getVolumeState(/mnt/extSdCard): Unknown volume
05-20 14:53:32.275 W/MountService(  374): getVolumeState(/mnt/sdcard/SD_CARD): Unknown volume
05-20 14:53:32.283 W/MountService(  374): getVolumeState(/mnt/sdcard/extra_sd): Unknown volume
05-20 14:53:32.283 W/MountService(  374): getVolumeState(/mnt/extrasd_bind): Unknown volume
05-20 14:53:32.283 W/MountService(  374): getVolumeState(/mnt/sdcard/ext_sd): Unknown volume
05-20 14:53:32.283 W/MountService(  374): getVolumeState(/storage/extSdCard): Unknown volume
05-20 14:53:32.283 W/MountService(  374): getVolumeState(/storage/sdcard1): Unknown volume
05-20 14:53:32.283 W/MountService(  374): getVolumeState(/mnt/sdcard/external_SD): Unknown volume
05-20 14:53:32.283 W/MountService(  374): getVolumeState(/mnt/sdcard/external_sd): Unknown volume
05-20 14:53:32.353 D/dalvikvm( 1468): GC_CONCURRENT freed 479K, 21% free 9675K/12104K, paused 5ms+7ms, total 41ms
05-20 14:54:06.517 D/dalvikvm(  546): GC_CONCURRENT freed 393K, 5% free 9620K/10080K, paused 2ms+3ms, total 33ms
05-20 14:54:08.002 D/dalvikvm( 2267): GC_CONCURRENT freed 353K, 6% free 9520K/10044K, paused 2ms+2ms, total 26ms
05-20 14:54:31.892 W/MountService(  374): getVolumeState(/storage/emulated/0/external_sd): Unknown volume
05-20 14:54:31.892 W/MountService(  374): getVolumeState(/mnt/sdcard-ext): Unknown volume
05-20 14:54:31.892 W/MountService(  374): getVolumeState(/mnt/ext_sdcard): Unknown volume
05-20 14:54:31.892 W/MountService(  374): getVolumeState(/mnt/sdcard2): Unknown volume
05-20 14:54:31.892 W/MountService(  374): getVolumeState(/mnt/emmc): Unknown volume
05-20 14:54:31.892 W/MountService(  374): getVolumeState(/mnt/extSdCard): Unknown volume
05-20 14:54:31.892 W/MountService(  374): getVolumeState(/mnt/sdcard/SD_CARD): Unknown volume
05-20 14:54:31.892 W/MountService(  374): getVolumeState(/mnt/sdcard/extra_sd): Unknown volume
05-20 14:54:31.892 W/MountService(  374): getVolumeState(/mnt/extrasd_bind): Unknown volume
05-20 14:54:31.900 W/MountService(  374): getVolumeState(/mnt/sdcard/ext_sd): Unknown volume
05-20 14:54:31.900 W/MountService(  374): getVolumeState(/storage/extSdCard): Unknown volume
05-20 14:54:31.900 W/MountService(  374): getVolumeState(/storage/sdcard1): Unknown volume
05-20 14:54:31.900 W/MountService(  374): getVolumeState(/mnt/sdcard/external_SD): Unknown volume
05-20 14:54:31.900 W/MountService(  374): getVolumeState(/mnt/sdcard/external_sd): Unknown volume
05-20 14:54:31.986 D/dalvikvm( 1468): GC_CONCURRENT freed 470K, 21% free 9636K/12104K, paused 5ms+5ms, total 49ms
05-20 14:54:32.221 D/dalvikvm(  374): GC_EXPLICIT freed 682K, 24% free 20834K/27192K, paused 4ms+10ms, total 109ms
05-20 14:54:32.353 W/MountService(  374): getVolumeState(/storage/emulated/0/external_sd): Unknown volume
05-20 14:54:32.353 W/MountService(  374): getVolumeState(/mnt/sdcard-ext): Unknown volume
05-20 14:54:32.353 W/MountService(  374): getVolumeState(/mnt/ext_sdcard): Unknown volume
05-20 14:54:32.353 W/MountService(  374): getVolumeState(/mnt/sdcard2): Unknown volume
05-20 14:54:32.353 W/MountService(  374): getVolumeState(/mnt/emmc): Unknown volume
05-20 14:54:32.353 W/MountService(  374): getVolumeState(/mnt/extSdCard): Unknown volume
05-20 14:54:32.353 W/MountService(  374): getVolumeState(/mnt/sdcard/SD_CARD): Unknown volume
05-20 14:54:32.353 W/MountService(  374): getVolumeState(/mnt/sdcard/extra_sd): Unknown volume
05-20 14:54:32.361 W/MountService(  374): getVolumeState(/mnt/extrasd_bind): Unknown volume
05-20 14:54:32.361 W/MountService(  374): getVolumeState(/mnt/sdcard/ext_sd): Unknown volume
05-20 14:54:32.361 W/MountService(  374): getVolumeState(/storage/extSdCard): Unknown volume
05-20 14:54:32.361 W/MountService(  374): getVolumeState(/storage/sdcard1): Unknown volume
05-20 14:54:32.361 W/MountService(  374): getVolumeState(/mnt/sdcard/external_SD): Unknown volume
05-20 14:54:32.361 W/MountService(  374): getVolumeState(/mnt/sdcard/external_sd): Unknown volume
05-20 14:54:32.392 D/dalvikvm( 1468): GC_CONCURRENT freed 477K, 21% free 9662K/12104K, paused 4ms+4ms, total 50ms
05-20 14:54:32.392 D/dalvikvm( 1468): WAIT_FOR_CONCURRENT_GC blocked 22ms
05-20 14:54:32.392 D/dalvikvm( 1468): WAIT_FOR_CONCURRENT_GC blocked 15ms
05-20 14:55:02.494 D/dalvikvm( 1661): GC_EXPLICIT freed 354K, 18% free 13079K/15888K, paused 2ms+5ms, total 76ms
05-20 14:55:07.580 D/dalvikvm( 1661): GC_EXPLICIT freed 5K, 18% free 13074K/15888K, paused 2ms+5ms, total 82ms
05-20 14:55:17.588 D/dalvikvm( 1661): GC_EXPLICIT freed <1K, 18% free 13074K/15888K, paused 3ms+4ms, total 84ms
05-20 14:55:31.900 W/MountService(  374): getVolumeState(/storage/emulated/0/external_sd): Unknown volume
05-20 14:55:31.900 W/MountService(  374): getVolumeState(/mnt/sdcard-ext): Unknown volume
05-20 14:55:31.900 W/MountService(  374): getVolumeState(/mnt/ext_sdcard): Unknown volume
05-20 14:55:31.900 W/MountService(  374): getVolumeState(/mnt/sdcard2): Unknown volume
05-20 14:55:31.900 W/MountService(  374): getVolumeState(/mnt/emmc): Unknown volume
05-20 14:55:31.900 W/MountService(  374): getVolumeState(/mnt/extSdCard): Unknown volume
05-20 14:55:31.900 W/MountService(  374): getVolumeState(/mnt/sdcard/SD_CARD): Unknown volume
05-20 14:55:31.908 W/MountService(  374): getVolumeState(/mnt/sdcard/extra_sd): Unknown volume
05-20 14:55:31.908 W/MountService(  374): getVolumeState(/mnt/extrasd_bind): Unknown volume
05-20 14:55:31.908 W/MountService(  374): getVolumeState(/mnt/sdcard/ext_sd): Unknown volume
05-20 14:55:31.924 W/MountService(  374): getVolumeState(/storage/extSdCard): Unknown volume
05-20 14:55:31.924 W/MountService(  374): getVolumeState(/storage/sdcard1): Unknown volume
05-20 14:55:31.924 W/MountService(  374): getVolumeState(/mnt/sdcard/external_SD): Unknown volume
05-20 14:55:31.924 W/MountService(  374): getVolumeState(/mnt/sdcard/external_sd): Unknown volume
05-20 14:55:31.986 D/dalvikvm( 1468): GC_CONCURRENT freed 519K, 21% free 9653K/12104K, paused 4ms+5ms, total 78ms
05-20 14:55:31.986 D/dalvikvm( 1468): WAIT_FOR_CONCURRENT_GC blocked 52ms
05-20 14:55:32.080 W/Parcel  ( 1661): Attempt to read object from Parcel 0x5dfd3dac at offset 200 that is not in the object list
05-20 14:55:32.291 D/dalvikvm( 1468): GC_CONCURRENT freed 522K, 21% free 9642K/12104K, paused 5ms+5ms, total 62ms
05-20 14:55:32.291 D/dalvikvm( 1468): WAIT_FOR_CONCURRENT_GC blocked 23ms
05-20 14:55:32.291 D/dalvikvm( 1468): WAIT_FOR_CONCURRENT_GC blocked 17ms
05-20 14:55:32.299 W/MountService(  374): getVolumeState(/storage/emulated/0/external_sd): Unknown volume
05-20 14:55:32.299 W/MountService(  374): getVolumeState(/mnt/sdcard-ext): Unknown volume
05-20 14:55:32.299 W/MountService(  374): getVolumeState(/mnt/ext_sdcard): Unknown volume
05-20 14:55:32.299 W/MountService(  374): getVolumeState(/mnt/sdcard2): Unknown volume
05-20 14:55:32.306 W/MountService(  374): getVolumeState(/mnt/emmc): Unknown volume
05-20 14:55:32.306 W/MountService(  374): getVolumeState(/mnt/extSdCard): Unknown volume
05-20 14:55:32.306 W/MountService(  374): getVolumeState(/mnt/sdcard/SD_CARD): Unknown volume
05-20 14:55:32.306 W/MountService(  374): getVolumeState(/mnt/sdcard/extra_sd): Unknown volume
05-20 14:55:32.306 W/MountService(  374): getVolumeState(/mnt/extrasd_bind): Unknown volume
05-20 14:55:32.306 W/MountService(  374): getVolumeState(/mnt/sdcard/ext_sd): Unknown volume
05-20 14:55:32.306 W/MountService(  374): getVolumeState(/storage/extSdCard): Unknown volume
05-20 14:55:32.306 W/MountService(  374): getVolumeState(/storage/sdcard1): Unknown volume
05-20 14:55:32.306 W/MountService(  374): getVolumeState(/mnt/sdcard/external_SD): Unknown volume
05-20 14:55:32.314 W/MountService(  374): getVolumeState(/mnt/sdcard/external_sd): Unknown volume
05-20 14:55:32.416 D/dalvikvm( 1468): GC_CONCURRENT freed 460K, 21% free 9643K/12104K, paused 5ms+5ms, total 39ms
05-20 14:56:31.924 W/MountService(  374): getVolumeState(/storage/emulated/0/external_sd): Unknown volume
05-20 14:56:31.931 W/MountService(  374): getVolumeState(/mnt/sdcard-ext): Unknown volume
05-20 14:56:31.931 W/MountService(  374): getVolumeState(/mnt/ext_sdcard): Unknown volume
05-20 14:56:31.931 W/MountService(  374): getVolumeState(/mnt/sdcard2): Unknown volume
05-20 14:56:31.931 W/MountService(  374): getVolumeState(/mnt/emmc): Unknown volume
05-20 14:56:31.931 W/MountService(  374): getVolumeState(/mnt/extSdCard): Unknown volume
05-20 14:56:31.931 W/MountService(  374): getVolumeState(/mnt/sdcard/SD_CARD): Unknown volume
05-20 14:56:31.931 W/MountService(  374): getVolumeState(/mnt/sdcard/extra_sd): Unknown volume
05-20 14:56:31.931 W/MountService(  374): getVolumeState(/mnt/extrasd_bind): Unknown volume
05-20 14:56:31.939 W/MountService(  374): getVolumeState(/mnt/sdcard/ext_sd): Unknown volume
05-20 14:56:31.939 W/MountService(  374): getVolumeState(/storage/extSdCard): Unknown volume
05-20 14:56:31.939 W/MountService(  374): getVolumeState(/storage/sdcard1): Unknown volume
05-20 14:56:31.939 W/MountService(  374): getVolumeState(/mnt/sdcard/external_SD): Unknown volume
05-20 14:56:31.939 W/MountService(  374): getVolumeState(/mnt/sdcard/external_sd): Unknown volume
05-20 14:56:32.103 D/dalvikvm( 1468): GC_CONCURRENT freed 305K, 20% free 9772K/12104K, paused 5ms+8ms, total 45ms
05-20 14:56:32.306 W/MountService(  374): getVolumeState(/storage/emulated/0/external_sd): Unknown volume
05-20 14:56:32.306 W/MountService(  374): getVolumeState(/mnt/sdcard-ext): Unknown volume
05-20 14:56:32.306 W/MountService(  374): getVolumeState(/mnt/ext_sdcard): Unknown volume
05-20 14:56:32.306 W/MountService(  374): getVolumeState(/mnt/sdcard2): Unknown volume
05-20 14:56:32.306 W/MountService(  374): getVolumeState(/mnt/emmc): Unknown volume
05-20 14:56:32.306 W/MountService(  374): getVolumeState(/mnt/extSdCard): Unknown volume
05-20 14:56:32.314 W/MountService(  374): getVolumeState(/mnt/sdcard/SD_CARD): Unknown volume
05-20 14:56:32.314 W/MountService(  374): getVolumeState(/mnt/sdcard/extra_sd): Unknown volume
05-20 14:56:32.314 W/MountService(  374): getVolumeState(/mnt/extrasd_bind): Unknown volume
05-20 14:56:32.314 W/MountService(  374): getVolumeState(/mnt/sdcard/ext_sd): Unknown volume
05-20 14:56:32.314 W/MountService(  374): getVolumeState(/storage/extSdCard): Unknown volume
05-20 14:56:32.314 W/MountService(  374): getVolumeState(/storage/sdcard1): Unknown volume
05-20 14:56:32.314 W/MountService(  374): getVolumeState(/mnt/sdcard/external_SD): Unknown volume
05-20 14:56:32.314 W/MountService(  374): getVolumeState(/mnt/sdcard/external_sd): Unknown volume
05-20 14:56:32.369 D/dalvikvm( 1468): GC_CONCURRENT freed 597K, 20% free 9686K/12104K, paused 7ms+7ms, total 47ms
05-20 14:56:55.010 D/dalvikvm(  561): GC_EXPLICIT freed 350K, 5% free 9420K/9848K, paused 2ms+5ms, total 55ms
05-20 14:57:05.088 D/dalvikvm( 2203): GC_CONCURRENT freed 390K, 5% free 9156K/9588K, paused 2ms+3ms, total 30ms
05-20 14:57:12.111 D/dalvikvm( 1661): GC_EXPLICIT freed 295K, 18% free 13078K/15888K, paused 3ms+5ms, total 76ms
05-20 14:57:13.025 D/MdmService(26771): [null:-1]->receiver action :com.pekall.mdm.action.MDM_ALARM
05-20 14:57:13.025 D/MdmService(26771): [null:-1]->keepAliveWithPushServer client is opened:true
05-20 14:57:13.025 D/MDM :   (26771): [null:-1]->ping!!!!!!!!!
05-20 14:57:13.025 D/MdmService(26771): [null:-1]->pushUrl : ws://test.mdm.everknow.cn:9090/websocket
05-20 14:57:13.025 D/MDM :   (26771): [null:-1]->mMdmPushClient is :not null
05-20 14:57:13.025 D/MDM :   (26771): [null:-1]->mMdmPushClient opened : opened
05-20 14:57:13.033 D/MDM :   (26771): [null:-1]->MSG_WEBSOCKET_PONG
05-20 14:57:17.189 D/dalvikvm( 1661): GC_EXPLICIT freed 4K, 18% free 13074K/15888K, paused 3ms+4ms, total 75ms
05-20 14:57:27.197 D/dalvikvm( 1661): GC_EXPLICIT freed <1K, 18% free 13074K/15888K, paused 2ms+5ms, total 74ms
05-20 14:57:31.924 W/MountService(  374): getVolumeState(/storage/emulated/0/external_sd): Unknown volume
05-20 14:57:31.924 W/MountService(  374): getVolumeState(/mnt/sdcard-ext): Unknown volume
05-20 14:57:31.924 W/MountService(  374): getVolumeState(/mnt/ext_sdcard): Unknown volume
05-20 14:57:31.924 W/MountService(  374): getVolumeState(/mnt/sdcard2): Unknown volume
05-20 14:57:31.931 W/MountService(  374): getVolumeState(/mnt/emmc): Unknown volume
05-20 14:57:31.931 W/MountService(  374): getVolumeState(/mnt/extSdCard): Unknown volume
05-20 14:57:31.931 W/MountService(  374): getVolumeState(/mnt/sdcard/SD_CARD): Unknown volume
05-20 14:57:31.931 W/MountService(  374): getVolumeState(/mnt/sdcard/extra_sd): Unknown volume
05-20 14:57:31.931 W/MountService(  374): getVolumeState(/mnt/extrasd_bind): Unknown volume
05-20 14:57:31.931 W/MountService(  374): getVolumeState(/mnt/sdcard/ext_sd): Unknown volume
05-20 14:57:31.931 W/MountService(  374): getVolumeState(/storage/extSdCard): Unknown volume
05-20 14:57:31.931 W/MountService(  374): getVolumeState(/storage/sdcard1): Unknown volume
05-20 14:57:31.939 W/MountService(  374): getVolumeState(/mnt/sdcard/external_SD): Unknown volume
05-20 14:57:31.939 W/MountService(  374): getVolumeState(/mnt/sdcard/external_sd): Unknown volume
05-20 14:57:32.025 D/dalvikvm( 1468): GC_CONCURRENT freed 477K, 21% free 9639K/12104K, paused 7ms+5ms, total 54ms
05-20 14:57:32.088 W/Parcel  ( 1661): Attempt to read object from Parcel 0x5ded3dac at offset 200 that is not in the object list
05-20 14:57:32.291 D/dalvikvm( 1468): GC_CONCURRENT freed 466K, 21% free 9673K/12104K, paused 18ms+5ms, total 56ms
05-20 14:57:32.291 D/dalvikvm( 1468): WAIT_FOR_CONCURRENT_GC blocked 23ms
05-20 14:57:32.299 D/dalvikvm( 1468): WAIT_FOR_CONCURRENT_GC blocked 24ms
05-20 14:57:32.299 W/MountService(  374): getVolumeState(/storage/emulated/0/external_sd): Unknown volume
05-20 14:57:32.306 W/MountService(  374): getVolumeState(/mnt/sdcard-ext): Unknown volume
05-20 14:57:32.306 W/MountService(  374): getVolumeState(/mnt/ext_sdcard): Unknown volume
05-20 14:57:32.306 W/MountService(  374): getVolumeState(/mnt/sdcard2): Unknown volume
05-20 14:57:32.306 W/MountService(  374): getVolumeState(/mnt/emmc): Unknown volume
05-20 14:57:32.306 W/MountService(  374): getVolumeState(/mnt/extSdCard): Unknown volume
05-20 14:57:32.306 W/MountService(  374): getVolumeState(/mnt/sdcard/SD_CARD): Unknown volume
05-20 14:57:32.306 W/MountService(  374): getVolumeState(/mnt/sdcard/extra_sd): Unknown volume
05-20 14:57:32.306 W/MountService(  374): getVolumeState(/mnt/extrasd_bind): Unknown volume
05-20 14:57:32.314 W/MountService(  374): getVolumeState(/mnt/sdcard/ext_sd): Unknown volume
05-20 14:57:32.314 W/MountService(  374): getVolumeState(/storage/extSdCard): Unknown volume
05-20 14:57:32.314 W/MountService(  374): getVolumeState(/storage/sdcard1): Unknown volume
05-20 14:57:32.314 W/MountService(  374): getVolumeState(/mnt/sdcard/external_SD): Unknown volume
05-20 14:57:32.314 W/MountService(  374): getVolumeState(/mnt/sdcard/external_sd): Unknown volume
05-20 14:57:32.431 D/dalvikvm( 1468): GC_CONCURRENT freed 438K, 21% free 9644K/12104K, paused 5ms+5ms, total 33ms
05-20 14:58:31.963 W/MountService(  374): getVolumeState(/storage/emulated/0/external_sd): Unknown volume
05-20 14:58:31.963 W/MountService(  374): getVolumeState(/mnt/sdcard-ext): Unknown volume
05-20 14:58:31.963 W/MountService(  374): getVolumeState(/mnt/ext_sdcard): Unknown volume
05-20 14:58:31.963 W/MountService(  374): getVolumeState(/mnt/sdcard2): Unknown volume
05-20 14:58:31.963 W/MountService(  374): getVolumeState(/mnt/emmc): Unknown volume
05-20 14:58:31.963 W/MountService(  374): getVolumeState(/mnt/extSdCard): Unknown volume
05-20 14:58:31.971 W/MountService(  374): getVolumeState(/mnt/sdcard/SD_CARD): Unknown volume
05-20 14:58:31.986 W/MountService(  374): getVolumeState(/mnt/sdcard/extra_sd): Unknown volume
05-20 14:58:31.986 W/MountService(  374): getVolumeState(/mnt/extrasd_bind): Unknown volume
05-20 14:58:31.986 W/MountService(  374): getVolumeState(/mnt/sdcard/ext_sd): Unknown volume
05-20 14:58:31.986 W/MountService(  374): getVolumeState(/storage/extSdCard): Unknown volume
05-20 14:58:31.986 W/MountService(  374): getVolumeState(/storage/sdcard1): Unknown volume
05-20 14:58:31.986 W/MountService(  374): getVolumeState(/mnt/sdcard/external_SD): Unknown volume
05-20 14:58:31.986 W/MountService(  374): getVolumeState(/mnt/sdcard/external_sd): Unknown volume
05-20 14:58:32.135 D/dalvikvm( 1468): GC_CONCURRENT freed 305K, 20% free 9773K/12104K, paused 6ms+9ms, total 46ms
05-20 14:58:32.306 D/dalvikvm(  374): GC_EXPLICIT freed 728K, 24% free 20834K/27192K, paused 5ms+12ms, total 111ms
05-20 14:58:32.416 W/MountService(  374): getVolumeState(/storage/emulated/0/external_sd): Unknown volume
05-20 14:58:32.416 W/MountService(  374): getVolumeState(/mnt/sdcard-ext): Unknown volume
05-20 14:58:32.416 W/MountService(  374): getVolumeState(/mnt/ext_sdcard): Unknown volume
05-20 14:58:32.416 W/MountService(  374): getVolumeState(/mnt/sdcard2): Unknown volume
05-20 14:58:32.424 W/MountService(  374): getVolumeState(/mnt/emmc): Unknown volume
05-20 14:58:32.424 W/MountService(  374): getVolumeState(/mnt/extSdCard): Unknown volume
05-20 14:58:32.424 W/MountService(  374): getVolumeState(/mnt/sdcard/SD_CARD): Unknown volume
05-20 14:58:32.424 W/MountService(  374): getVolumeState(/mnt/sdcard/extra_sd): Unknown volume
05-20 14:58:32.424 W/MountService(  374): getVolumeState(/mnt/extrasd_bind): Unknown volume
05-20 14:58:32.424 W/MountService(  374): getVolumeState(/mnt/sdcard/ext_sd): Unknown volume
05-20 14:58:32.424 W/MountService(  374): getVolumeState(/storage/extSdCard): Unknown volume
05-20 14:58:32.424 W/MountService(  374): getVolumeState(/storage/sdcard1): Unknown volume
05-20 14:58:32.424 W/MountService(  374): getVolumeState(/mnt/sdcard/external_SD): Unknown volume
05-20 14:58:32.424 W/MountService(  374): getVolumeState(/mnt/sdcard/external_sd): Unknown volume
05-20 14:58:32.478 D/dalvikvm( 1468): GC_CONCURRENT freed 597K, 20% free 9687K/12104K, paused 5ms+8ms, total 47ms
05-20 14:59:12.127 D/dalvikvm( 1661): GC_EXPLICIT freed 354K, 18% free 13080K/15888K, paused 2ms+4ms, total 83ms
05-20 14:59:17.205 D/dalvikvm( 1661): GC_EXPLICIT freed 5K, 18% free 13074K/15888K, paused 3ms+5ms, total 76ms
05-20 14:59:27.213 D/dalvikvm( 1661): GC_EXPLICIT freed <1K, 18% free 13074K/15888K, paused 3ms+5ms, total 74ms
05-20 14:59:31.963 W/MountService(  374): getVolumeState(/storage/emulated/0/external_sd): Unknown volume
05-20 14:59:31.963 W/MountService(  374): getVolumeState(/mnt/sdcard-ext): Unknown volume
05-20 14:59:31.963 W/MountService(  374): getVolumeState(/mnt/ext_sdcard): Unknown volume
05-20 14:59:31.963 W/MountService(  374): getVolumeState(/mnt/sdcard2): Unknown volume
05-20 14:59:31.963 W/MountService(  374): getVolumeState(/mnt/emmc): Unknown volume
05-20 14:59:31.971 W/MountService(  374): getVolumeState(/mnt/extSdCard): Unknown volume
05-20 14:59:31.971 W/MountService(  374): getVolumeState(/mnt/sdcard/SD_CARD): Unknown volume
05-20 14:59:31.971 W/MountService(  374): getVolumeState(/mnt/sdcard/extra_sd): Unknown volume
05-20 14:59:31.971 W/MountService(  374): getVolumeState(/mnt/extrasd_bind): Unknown volume
05-20 14:59:31.971 W/MountService(  374): getVolumeState(/mnt/sdcard/ext_sd): Unknown volume
05-20 14:59:31.971 W/MountService(  374): getVolumeState(/storage/extSdCard): Unknown volume
05-20 14:59:31.971 W/MountService(  374): getVolumeState(/storage/sdcard1): Unknown volume
05-20 14:59:31.978 W/MountService(  374): getVolumeState(/mnt/sdcard/external_SD): Unknown volume
05-20 14:59:31.978 W/MountService(  374): getVolumeState(/mnt/sdcard/external_sd): Unknown volume
05-20 14:59:32.064 D/dalvikvm( 1468): GC_CONCURRENT freed 453K, 21% free 9665K/12104K, paused 12ms+5ms, total 63ms
05-20 14:59:32.127 W/Parcel  ( 1661): Attempt to read object from Parcel 0x5ded3dac at offset 200 that is not in the object list
05-20 14:59:32.338 D/dalvikvm( 1468): GC_CONCURRENT freed 492K, 21% free 9672K/12104K, paused 19ms+4ms, total 59ms
05-20 14:59:32.338 D/dalvikvm( 1468): WAIT_FOR_CONCURRENT_GC blocked 21ms
05-20 14:59:32.338 D/dalvikvm( 1468): WAIT_FOR_CONCURRENT_GC blocked 23ms
05-20 14:59:32.346 W/MountService(  374): getVolumeState(/storage/emulated/0/external_sd): Unknown volume
05-20 14:59:32.346 W/MountService(  374): getVolumeState(/mnt/sdcard-ext): Unknown volume
05-20 14:59:32.346 W/MountService(  374): getVolumeState(/mnt/ext_sdcard): Unknown volume
05-20 14:59:32.346 W/MountService(  374): getVolumeState(/mnt/sdcard2): Unknown volume
05-20 14:59:32.353 W/MountService(  374): getVolumeState(/mnt/emmc): Unknown volume
05-20 14:59:32.353 W/MountService(  374): getVolumeState(/mnt/extSdCard): Unknown volume
05-20 14:59:32.353 W/MountService(  374): getVolumeState(/mnt/sdcard/SD_CARD): Unknown volume
05-20 14:59:32.353 W/MountService(  374): getVolumeState(/mnt/sdcard/extra_sd): Unknown volume
05-20 14:59:32.353 W/MountService(  374): getVolumeState(/mnt/extrasd_bind): Unknown volume
05-20 14:59:32.353 W/MountService(  374): getVolumeState(/mnt/sdcard/ext_sd): Unknown volume
05-20 14:59:32.353 W/MountService(  374): getVolumeState(/storage/extSdCard): Unknown volume
05-20 14:59:32.353 W/MountService(  374): getVolumeState(/storage/sdcard1): Unknown volume
05-20 14:59:32.353 W/MountService(  374): getVolumeState(/mnt/sdcard/external_SD): Unknown volume
05-20 14:59:32.361 W/MountService(  374): getVolumeState(/mnt/sdcard/external_sd): Unknown volume
05-20 14:59:32.463 D/dalvikvm( 1468): GC_CONCURRENT freed 435K, 21% free 9646K/12104K, paused 5ms+5ms, total 32ms
05-20 15:00:31.955 W/MountService(  374): getVolumeState(/storage/emulated/0/external_sd): Unknown volume
05-20 15:00:31.955 W/MountService(  374): getVolumeState(/mnt/sdcard-ext): Unknown volume
05-20 15:00:31.955 W/MountService(  374): getVolumeState(/mnt/ext_sdcard): Unknown volume
05-20 15:00:31.955 W/MountService(  374): getVolumeState(/mnt/sdcard2): Unknown volume
05-20 15:00:31.963 W/MountService(  374): getVolumeState(/mnt/emmc): Unknown volume
05-20 15:00:31.963 W/MountService(  374): getVolumeState(/mnt/extSdCard): Unknown volume
05-20 15:00:31.963 W/MountService(  374): getVolumeState(/mnt/sdcard/SD_CARD): Unknown volume
05-20 15:00:31.963 W/MountService(  374): getVolumeState(/mnt/sdcard/extra_sd): Unknown volume
05-20 15:00:31.963 W/MountService(  374): getVolumeState(/mnt/extrasd_bind): Unknown volume
05-20 15:00:31.963 W/MountService(  374): getVolumeState(/mnt/sdcard/ext_sd): Unknown volume
05-20 15:00:31.971 W/MountService(  374): getVolumeState(/storage/extSdCard): Unknown volume
05-20 15:00:31.971 W/MountService(  374): getVolumeState(/storage/sdcard1): Unknown volume
05-20 15:00:31.971 W/MountService(  374): getVolumeState(/mnt/sdcard/external_SD): Unknown volume
05-20 15:00:31.971 W/MountService(  374): getVolumeState(/mnt/sdcard/external_sd): Unknown volume
05-20 15:00:32.111 D/dalvikvm( 1468): GC_CONCURRENT freed 304K, 20% free 9775K/12104K, paused 6ms+5ms, total 42ms
05-20 15:00:32.267 D/dalvikvm( 2160): GC_EXPLICIT freed 243K, 4% free 9189K/9476K, paused 2ms+5ms, total 61ms
05-20 15:00:32.377 W/MountService(  374): getVolumeState(/storage/emulated/0/external_sd): Unknown volume
05-20 15:00:32.377 W/MountService(  374): getVolumeState(/mnt/sdcard-ext): Unknown volume
05-20 15:00:32.385 W/MountService(  374): getVolumeState(/mnt/ext_sdcard): Unknown volume
05-20 15:00:32.385 W/MountService(  374): getVolumeState(/mnt/sdcard2): Unknown volume
05-20 15:00:32.385 W/MountService(  374): getVolumeState(/mnt/emmc): Unknown volume
05-20 15:00:32.385 W/MountService(  374): getVolumeState(/mnt/extSdCard): Unknown volume
05-20 15:00:32.385 W/MountService(  374): getVolumeState(/mnt/sdcard/SD_CARD): Unknown volume
05-20 15:00:32.385 W/MountService(  374): getVolumeState(/mnt/sdcard/extra_sd): Unknown volume
05-20 15:00:32.385 W/MountService(  374): getVolumeState(/mnt/extrasd_bind): Unknown volume
05-20 15:00:32.385 W/MountService(  374): getVolumeState(/mnt/sdcard/ext_sd): Unknown volume
05-20 15:00:32.385 W/MountService(  374): getVolumeState(/storage/extSdCard): Unknown volume
05-20 15:00:32.392 W/MountService(  374): getVolumeState(/storage/sdcard1): Unknown volume
05-20 15:00:32.392 W/MountService(  374): getVolumeState(/mnt/sdcard/external_SD): Unknown volume
05-20 15:00:32.392 W/MountService(  374): getVolumeState(/mnt/sdcard/external_sd): Unknown volume
05-20 15:00:32.447 D/dalvikvm( 1468): GC_CONCURRENT freed 583K, 20% free 9704K/12104K, paused 5ms+5ms, total 48ms
05-20 15:00:32.447 D/dalvikvm( 1468): WAIT_FOR_CONCURRENT_GC blocked 12ms
05-20 15:01:12.252 D/dalvikvm( 1661): GC_EXPLICIT freed 233K, 18% free 13076K/15888K, paused 3ms+5ms, total 76ms
05-20 15:01:17.314 D/dalvikvm( 1661): GC_EXPLICIT freed 2K, 18% free 13074K/15888K, paused 3ms+4ms, total 60ms
05-20 15:01:27.322 D/dalvikvm( 1661): GC_EXPLICIT freed <1K, 18% free 13074K/15888K, paused 3ms+5ms, total 60ms
05-20 15:01:31.963 W/MountService(  374): getVolumeState(/storage/emulated/0/external_sd): Unknown volume
05-20 15:01:31.971 W/MountService(  374): getVolumeState(/mnt/sdcard-ext): Unknown volume
05-20 15:01:31.971 W/MountService(  374): getVolumeState(/mnt/ext_sdcard): Unknown volume
05-20 15:01:31.971 W/MountService(  374): getVolumeState(/mnt/sdcard2): Unknown volume
05-20 15:01:31.971 W/MountService(  374): getVolumeState(/mnt/emmc): Unknown volume
05-20 15:01:31.971 W/MountService(  374): getVolumeState(/mnt/extSdCard): Unknown volume
05-20 15:01:31.971 W/MountService(  374): getVolumeState(/mnt/sdcard/SD_CARD): Unknown volume
05-20 15:01:31.971 W/MountService(  374): getVolumeState(/mnt/sdcard/extra_sd): Unknown volume
05-20 15:01:31.971 W/MountService(  374): getVolumeState(/mnt/extrasd_bind): Unknown volume
05-20 15:01:31.971 W/MountService(  374): getVolumeState(/mnt/sdcard/ext_sd): Unknown volume
05-20 15:01:31.978 W/MountService(  374): getVolumeState(/storage/extSdCard): Unknown volume
05-20 15:01:31.978 W/MountService(  374): getVolumeState(/storage/sdcard1): Unknown volume
05-20 15:01:31.978 W/MountService(  374): getVolumeState(/mnt/sdcard/external_SD): Unknown volume
05-20 15:01:31.978 W/MountService(  374): getVolumeState(/mnt/sdcard/external_sd): Unknown volume
05-20 15:01:32.064 D/dalvikvm( 1468): GC_CONCURRENT freed 498K, 21% free 9636K/12104K, paused 14ms+6ms, total 53ms
05-20 15:01:32.119 W/Parcel  ( 1661): Attempt to read object from Parcel 0x6013bdac at offset 200 that is not in the object list
05-20 15:01:32.338 D/dalvikvm( 1468): GC_CONCURRENT freed 494K, 21% free 9651K/12104K, paused 14ms+5ms, total 58ms
05-20 15:01:32.338 D/dalvikvm( 1468): WAIT_FOR_CONCURRENT_GC blocked 21ms
05-20 15:01:32.338 D/dalvikvm( 1468): WAIT_FOR_CONCURRENT_GC blocked 19ms
05-20 15:01:32.346 W/MountService(  374): getVolumeState(/storage/emulated/0/external_sd): Unknown volume
05-20 15:01:32.346 W/MountService(  374): getVolumeState(/mnt/sdcard-ext): Unknown volume
05-20 15:01:32.346 W/MountService(  374): getVolumeState(/mnt/ext_sdcard): Unknown volume
05-20 15:01:32.346 W/MountService(  374): getVolumeState(/mnt/sdcard2): Unknown volume
05-20 15:01:32.346 W/MountService(  374): getVolumeState(/mnt/emmc): Unknown volume
05-20 15:01:32.346 W/MountService(  374): getVolumeState(/mnt/extSdCard): Unknown volume
05-20 15:01:32.353 W/MountService(  374): getVolumeState(/mnt/sdcard/SD_CARD): Unknown volume
05-20 15:01:32.353 W/MountService(  374): getVolumeState(/mnt/sdcard/extra_sd): Unknown volume
05-20 15:01:32.353 W/MountService(  374): getVolumeState(/mnt/extrasd_bind): Unknown volume
05-20 15:01:32.353 W/MountService(  374): getVolumeState(/mnt/sdcard/ext_sd): Unknown volume
05-20 15:01:32.353 W/MountService(  374): getVolumeState(/storage/extSdCard): Unknown volume
05-20 15:01:32.353 W/MountService(  374): getVolumeState(/storage/sdcard1): Unknown volume
05-20 15:01:32.353 W/MountService(  374): getVolumeState(/mnt/sdcard/external_SD): Unknown volume
05-20 15:01:32.353 W/MountService(  374): getVolumeState(/mnt/sdcard/external_sd): Unknown volume
05-20 15:01:32.471 D/dalvikvm( 1468): GC_CONCURRENT freed 409K, 21% free 9642K/12104K, paused 5ms+4ms, total 32ms
05-20 15:02:10.385 W/Settings( 1661): Setting airplane_mode_on has moved from android.provider.Settings.System to android.provider.Settings.Global, returning read-only value.
05-20 15:02:13.025 D/MdmService(26771): [null:-1]->receiver action :com.pekall.mdm.action.MDM_ALARM
05-20 15:02:13.025 D/ProfileManager(26771): [null:-1]->check policy checking :false
05-20 15:02:13.025 D/com.pekall.restrictions.policy(26771): [null:-1]->allowBluetooth : null
05-20 15:02:13.025 D/com.pekall.restrictions.policy(26771): [null:-1]->ensureSimulateLocation :null
05-20 15:02:13.025 D/com.pekall.restrictions.policy(26771): [null:-1]->allowUseNetworkDate : null
05-20 15:02:13.025 E/DatabaseUtils(  374): Writing exception to parcel
05-20 15:02:13.025 E/DatabaseUtils(  374): java.lang.SecurityException: Permission denial: writing to secure settings requires android.permission.WRITE_SECURE_SETTINGS
05-20 15:02:13.025 E/DatabaseUtils(  374): 	at com.android.providers.settings.SettingsProvider.checkWritePermissions(SettingsProvider.java:279)
05-20 15:02:13.025 E/DatabaseUtils(  374): 	at com.android.providers.settings.SettingsProvider.insertForUser(SettingsProvider.java:897)
05-20 15:02:13.025 E/DatabaseUtils(  374): 	at com.android.providers.settings.SettingsProvider.callFromPackage(SettingsProvider.java:634)
05-20 15:02:13.025 E/DatabaseUtils(  374): 	at android.content.ContentProvider$Transport.call(ContentProvider.java:279)
05-20 15:02:13.025 E/DatabaseUtils(  374): 	at android.content.ContentProviderNative.onTransact(ContentProviderNative.java:273)
05-20 15:02:13.025 E/DatabaseUtils(  374): 	at android.os.Binder.execTransact(Binder.java:388)
05-20 15:02:13.025 E/DatabaseUtils(  374): 	at dalvik.system.NativeStart.run(Native Method)
05-20 15:02:13.033 D/com.pekall.restrictions.policy(26771): [null:-1]->allowUseNetworkDate error
05-20 15:02:13.033 D/com.pekall.restrictions.policy(26771): java.lang.SecurityException: Permission denial: writing to secure settings requires android.permission.WRITE_SECURE_SETTINGS
05-20 15:02:13.033 D/com.pekall.restrictions.policy(26771): 	at android.os.Parcel.readException(Parcel.java:1431)
05-20 15:02:13.033 D/com.pekall.restrictions.policy(26771): 	at android.database.DatabaseUtils.readExceptionFromParcel(DatabaseUtils.java:185)
05-20 15:02:13.033 D/com.pekall.restrictions.policy(26771): 	at android.database.DatabaseUtils.readExceptionFromParcel(DatabaseUtils.java:137)
05-20 15:02:13.033 D/com.pekall.restrictions.policy(26771): 	at android.content.ContentProviderProxy.call(ContentProviderNative.java:602)
05-20 15:02:13.033 D/com.pekall.restrictions.policy(26771): 	at android.provider.Settings$NameValueCache.putStringForUser(Settings.java:818)
05-20 15:02:13.033 D/com.pekall.restrictions.policy(26771): 	at android.provider.Settings$Global.putStringForUser(Settings.java:5529)
05-20 15:02:13.033 D/com.pekall.restrictions.policy(26771): 	at android.provider.Settings$Global.putString(Settings.java:5519)
05-20 15:02:13.033 D/com.pekall.restrictions.policy(26771): 	at android.provider.Settings$Global.putInt(Settings.java:5607)
05-20 15:02:13.033 D/com.pekall.restrictions.policy(26771): 	at com.pekall.emdm.b.c.b.j.c(Unknown Source)
05-20 15:02:13.033 D/com.pekall.restrictions.policy(26771): 	at com.pekall.emdm.b.c.b.j.h(Unknown Source)
05-20 15:02:13.033 D/com.pekall.restrictions.policy(26771): 	at com.pekall.emdm.b.c.e.run(Unknown Source)
05-20 15:02:13.033 D/com.pekall.restrictions.policy(26771): [null:-1]->allowNFC : null
05-20 15:02:13.033 D/InnerClass(26771): [null:-1]->enableNfc : 
05-20 15:02:13.033 D/InnerClass(26771): java.lang.reflect.InvocationTargetException
05-20 15:02:13.033 D/InnerClass(26771): 	at java.lang.reflect.Method.invokeNative(Native Method)
05-20 15:02:13.033 D/InnerClass(26771): 	at java.lang.reflect.Method.invoke(Method.java:525)
05-20 15:02:13.033 D/InnerClass(26771): 	at com.pekall.emdm.c.i.a(Unknown Source)
05-20 15:02:13.033 D/InnerClass(26771): 	at com.pekall.emdm.c.c.a(Unknown Source)
05-20 15:02:13.033 D/InnerClass(26771): 	at com.pekall.emdm.b.c.b.j.b(Unknown Source)
05-20 15:02:13.033 D/InnerClass(26771): 	at com.pekall.emdm.b.c.b.j.h(Unknown Source)
05-20 15:02:13.033 D/InnerClass(26771): 	at com.pekall.emdm.b.c.e.run(Unknown Source)
05-20 15:02:13.033 D/InnerClass(26771): Caused by: java.lang.SecurityException: WRITE_SECURE_SETTINGS permission required: Neither user 10066 nor current process has android.permission.WRITE_SECURE_SETTINGS.
05-20 15:02:13.033 D/InnerClass(26771): 	at android.os.Parcel.readException(Parcel.java:1431)
05-20 15:02:13.033 D/InnerClass(26771): 	at android.os.Parcel.readException(Parcel.java:1385)
05-20 15:02:13.033 D/InnerClass(26771): 	at android.nfc.INfcAdapter$Stub$Proxy.disable(INfcAdapter.java:252)
05-20 15:02:13.033 D/InnerClass(26771): 	at android.nfc.NfcAdapter.disable(NfcAdapter.java:574)
05-20 15:02:13.033 D/InnerClass(26771): 	... 7 more
05-20 15:02:26.400 D/dalvikvm( 2203): GC_CONCURRENT freed 385K, 5% free 9157K/9588K, paused 3ms+3ms, total 24ms
05-20 15:02:32.010 W/MountService(  374): getVolumeState(/storage/emulated/0/external_sd): Unknown volume
05-20 15:02:32.010 W/MountService(  374): getVolumeState(/mnt/sdcard-ext): Unknown volume
05-20 15:02:32.010 W/MountService(  374): getVolumeState(/mnt/ext_sdcard): Unknown volume
05-20 15:02:32.010 W/MountService(  374): getVolumeState(/mnt/sdcard2): Unknown volume
05-20 15:02:32.010 W/MountService(  374): getVolumeState(/mnt/emmc): Unknown volume
05-20 15:02:32.010 W/MountService(  374): getVolumeState(/mnt/extSdCard): Unknown volume
05-20 15:02:32.010 W/MountService(  374): getVolumeState(/mnt/sdcard/SD_CARD): Unknown volume
05-20 15:02:32.010 W/MountService(  374): getVolumeState(/mnt/sdcard/extra_sd): Unknown volume
05-20 15:02:32.010 W/MountService(  374): getVolumeState(/mnt/extrasd_bind): Unknown volume
05-20 15:02:32.010 W/MountService(  374): getVolumeState(/mnt/sdcard/ext_sd): Unknown volume
05-20 15:02:32.017 W/MountService(  374): getVolumeState(/storage/extSdCard): Unknown volume
05-20 15:02:32.017 W/MountService(  374): getVolumeState(/storage/sdcard1): Unknown volume
05-20 15:02:32.017 W/MountService(  374): getVolumeState(/mnt/sdcard/external_SD): Unknown volume
05-20 15:02:32.017 W/MountService(  374): getVolumeState(/mnt/sdcard/external_sd): Unknown volume
05-20 15:02:32.158 D/dalvikvm( 1468): GC_CONCURRENT freed 304K, 20% free 9771K/12104K, paused 6ms+4ms, total 38ms
05-20 15:02:32.330 D/dalvikvm(  374): GC_EXPLICIT freed 853K, 24% free 20842K/27192K, paused 5ms+12ms, total 112ms
05-20 15:02:32.447 W/MountService(  374): getVolumeState(/storage/emulated/0/external_sd): Unknown volume
05-20 15:02:32.447 W/MountService(  374): getVolumeState(/mnt/sdcard-ext): Unknown volume
05-20 15:02:32.447 W/MountService(  374): getVolumeState(/mnt/ext_sdcard): Unknown volume
05-20 15:02:32.447 W/MountService(  374): getVolumeState(/mnt/sdcard2): Unknown volume
05-20 15:02:32.447 W/MountService(  374): getVolumeState(/mnt/emmc): Unknown volume
05-20 15:02:32.447 W/MountService(  374): getVolumeState(/mnt/extSdCard): Unknown volume
05-20 15:02:32.447 W/MountService(  374): getVolumeState(/mnt/sdcard/SD_CARD): Unknown volume
05-20 15:02:32.455 W/MountService(  374): getVolumeState(/mnt/sdcard/extra_sd): Unknown volume
05-20 15:02:32.455 W/MountService(  374): getVolumeState(/mnt/extrasd_bind): Unknown volume
05-20 15:02:32.455 W/MountService(  374): getVolumeState(/mnt/sdcard/ext_sd): Unknown volume
05-20 15:02:32.455 W/MountService(  374): getVolumeState(/storage/extSdCard): Unknown volume
05-20 15:02:32.455 W/MountService(  374): getVolumeState(/storage/sdcard1): Unknown volume
05-20 15:02:32.455 W/MountService(  374): getVolumeState(/mnt/sdcard/external_SD): Unknown volume
05-20 15:02:32.455 W/MountService(  374): getVolumeState(/mnt/sdcard/external_sd): Unknown volume
05-20 15:02:32.510 D/dalvikvm( 1468): GC_CONCURRENT freed 623K, 21% free 9659K/12104K, paused 5ms+5ms, total 47ms
05-20 15:02:32.510 D/dalvikvm( 1468): WAIT_FOR_CONCURRENT_GC blocked 3ms
05-20 15:02:45.455 D/dalvikvm(  561): GC_CONCURRENT freed 409K, 5% free 9414K/9868K, paused 2ms+5ms, total 44ms
05-20 15:03:12.158 D/dalvikvm( 1661): GC_EXPLICIT freed 591K, 18% free 13086K/15888K, paused 2ms+5ms, total 76ms
05-20 15:03:17.228 D/dalvikvm( 1661): GC_EXPLICIT freed 12K, 18% free 13074K/15888K, paused 3ms+5ms, total 60ms
05-20 15:03:27.228 D/dalvikvm( 1661): GC_EXPLICIT freed <1K, 18% free 13074K/15888K, paused 3ms+5ms, total 59ms
05-20 15:03:32.010 W/MountService(  374): getVolumeState(/storage/emulated/0/external_sd): Unknown volume
05-20 15:03:32.010 W/MountService(  374): getVolumeState(/mnt/sdcard-ext): Unknown volume
05-20 15:03:32.017 W/MountService(  374): getVolumeState(/mnt/ext_sdcard): Unknown volume
05-20 15:03:32.017 W/MountService(  374): getVolumeState(/mnt/sdcard2): Unknown volume
05-20 15:03:32.017 W/MountService(  374): getVolumeState(/mnt/emmc): Unknown volume
05-20 15:03:32.017 W/MountService(  374): getVolumeState(/mnt/extSdCard): Unknown volume
05-20 15:03:32.017 W/MountService(  374): getVolumeState(/mnt/sdcard/SD_CARD): Unknown volume
05-20 15:03:32.017 W/MountService(  374): getVolumeState(/mnt/sdcard/extra_sd): Unknown volume
05-20 15:03:32.017 W/MountService(  374): getVolumeState(/mnt/extrasd_bind): Unknown volume
05-20 15:03:32.017 W/MountService(  374): getVolumeState(/mnt/sdcard/ext_sd): Unknown volume
05-20 15:03:32.017 W/MountService(  374): getVolumeState(/storage/extSdCard): Unknown volume
05-20 15:03:32.025 W/MountService(  374): getVolumeState(/storage/sdcard1): Unknown volume
05-20 15:03:32.025 W/MountService(  374): getVolumeState(/mnt/sdcard/external_SD): Unknown volume
05-20 15:03:32.025 W/MountService(  374): getVolumeState(/mnt/sdcard/external_sd): Unknown volume
05-20 15:03:32.135 D/dalvikvm( 1468): GC_CONCURRENT freed 451K, 21% free 9638K/12104K, paused 6ms+8ms, total 73ms
05-20 15:03:32.142 W/Parcel  ( 1661): Attempt to read object from Parcel 0x5dfd3dac at offset 200 that is not in the object list
05-20 15:03:32.377 D/dalvikvm( 1468): GC_CONCURRENT freed 468K, 21% free 9670K/12104K, paused 19ms+4ms, total 58ms
05-20 15:03:32.377 D/dalvikvm( 1468): WAIT_FOR_CONCURRENT_GC blocked 21ms
05-20 15:03:32.377 D/dalvikvm( 1468): WAIT_FOR_CONCURRENT_GC blocked 23ms
05-20 15:03:32.385 W/MountService(  374): getVolumeState(/storage/emulated/0/external_sd): Unknown volume
05-20 15:03:32.385 W/MountService(  374): getVolumeState(/mnt/sdcard-ext): Unknown volume
05-20 15:03:32.385 W/MountService(  374): getVolumeState(/mnt/ext_sdcard): Unknown volume
05-20 15:03:32.385 W/MountService(  374): getVolumeState(/mnt/sdcard2): Unknown volume
05-20 15:03:32.385 W/MountService(  374): getVolumeState(/mnt/emmc): Unknown volume
05-20 15:03:32.392 W/MountService(  374): getVolumeState(/mnt/extSdCard): Unknown volume
05-20 15:03:32.392 W/MountService(  374): getVolumeState(/mnt/sdcard/SD_CARD): Unknown volume
05-20 15:03:32.392 W/MountService(  374): getVolumeState(/mnt/sdcard/extra_sd): Unknown volume
05-20 15:03:32.392 W/MountService(  374): getVolumeState(/mnt/extrasd_bind): Unknown volume
05-20 15:03:32.392 W/MountService(  374): getVolumeState(/mnt/sdcard/ext_sd): Unknown volume
05-20 15:03:32.392 W/MountService(  374): getVolumeState(/storage/extSdCard): Unknown volume
05-20 15:03:32.392 W/MountService(  374): getVolumeState(/storage/sdcard1): Unknown volume
05-20 15:03:32.392 W/MountService(  374): getVolumeState(/mnt/sdcard/external_SD): Unknown volume
05-20 15:03:32.400 W/MountService(  374): getVolumeState(/mnt/sdcard/external_sd): Unknown volume
05-20 15:03:32.502 D/dalvikvm( 1468): GC_CONCURRENT freed 436K, 21% free 9643K/12104K, paused 5ms+4ms, total 33ms
05-20 15:04:32.017 W/MountService(  374): getVolumeState(/storage/emulated/0/external_sd): Unknown volume
