05-20 14:39:53.306 W/dalvikvm( 2093): VFY: unable to resolve new-instance 1171 (Lcom/baidu/location/LocationClientOption;) in Lcom/baidu/android/nebula/util/BDLocationManager;
05-20 14:39:53.306 D/dalvikvm( 2093): VFY: replacing opcode 0x22 at 0x0000
05-20 14:39:53.306 W/dalvikvm( 2093): VFY: unable to find class referenced in signature (Lcom/baidu/location/LocationClientOption;)
05-20 14:39:53.306 I/dalvikvm( 2093): Could not find method com.baidu.location.LocationClientOption.setOpenGps, referenced from method com.baidu.android.nebula.util.BDLocationManager.a
05-20 14:39:53.306 W/dalvikvm( 2093): VFY: unable to resolve virtual method 7870: Lcom/baidu/location/LocationClientOption;.setOpenGps (Z)V
05-20 14:39:53.306 D/dalvikvm( 2093): VFY: replacing opcode 0x6e at 0x0009
05-20 14:39:53.306 D/dalvikvm( 2093): DexOpt: unable to opt direct call 0x1eb3 at 0x04 in Lcom/baidu/android/nebula/util/BDLocationManager;.e
05-20 14:39:53.306 I/dalvikvm( 2093): Failed resolving Lcom/baidu/android/nebula/util/BDLocationManager$BaiduLocationListener; interface 1169 'Lcom/baidu/location/BDLocationListener;'
05-20 14:39:53.306 W/dalvikvm( 2093): Link of class 'Lcom/baidu/android/nebula/util/BDLocationManager$BaiduLocationListener;' failed
05-20 14:39:53.306 D/dalvikvm( 2093): DexOpt: unable to opt direct call 0x1cc1 at 0x0b in Lcom/baidu/android/nebula/util/BDLocationManager;.e
05-20 14:39:53.306 D/dalvikvm( 2093): DexOpt: unable to opt direct call 0x1ebb at 0x02 in Lcom/baidu/android/nebula/util/BDLocationManager;.f
05-20 14:39:53.306 W/Parcel  ( 1661): Attempt to read object from Parcel 0x6013bdac at offset 200 that is not in the object list
05-20 14:39:53.392 D/dalvikvm( 2093): GC_CONCURRENT freed 605K, 7% free 9455K/10104K, paused 3ms+4ms, total 42ms
05-20 14:39:53.502 D/dalvikvm( 2093): GC_FOR_ALLOC freed 89K, 4% free 9736K/10104K, paused 21ms, total 21ms
05-20 14:39:53.525 W/Parcel  ( 1661): Attempt to read object from Parcel 0x5ec3bdac at offset 200 that is not in the object list
05-20 14:39:53.525 W/Parcel  ( 1661): Attempt to read object from Parcel 0x5dfd3dac at offset 200 that is not in the object list
05-20 14:40:31.744 W/MountService(  374): getVolumeState(/storage/emulated/0/external_sd): Unknown volume
05-20 14:40:31.744 W/MountService(  374): getVolumeState(/mnt/sdcard-ext): Unknown volume
05-20 14:40:31.744 W/MountService(  374): getVolumeState(/mnt/ext_sdcard): Unknown volume
05-20 14:40:31.752 W/MountService(  374): getVolumeState(/mnt/sdcard2): Unknown volume
05-20 14:40:31.752 W/MountService(  374): getVolumeState(/mnt/emmc): Unknown volume
05-20 14:40:31.752 W/MountService(  374): getVolumeState(/mnt/extSdCard): Unknown volume
05-20 14:40:31.752 W/MountService(  374): getVolumeState(/mnt/sdcard/SD_CARD): Unknown volume
05-20 14:40:31.752 W/MountService(  374): getVolumeState(/mnt/sdcard/extra_sd): Unknown volume
05-20 14:40:31.752 W/MountService(  374): getVolumeState(/mnt/extrasd_bind): Unknown volume
05-20 14:40:31.752 W/MountService(  374): getVolumeState(/mnt/sdcard/ext_sd): Unknown volume
05-20 14:40:31.752 W/MountService(  374): getVolumeState(/storage/extSdCard): Unknown volume
05-20 14:40:31.760 W/MountService(  374): getVolumeState(/storage/sdcard1): Unknown volume
05-20 14:40:31.760 W/MountService(  374): getVolumeState(/mnt/sdcard/external_SD): Unknown volume
05-20 14:40:31.760 W/MountService(  374): getVolumeState(/mnt/sdcard/external_sd): Unknown volume
05-20 14:40:31.931 D/dalvikvm( 1468): GC_CONCURRENT freed 306K, 20% free 9770K/12104K, paused 5ms+6ms, total 41ms
05-20 14:40:32.119 W/MountService(  374): getVolumeState(/storage/emulated/0/external_sd): Unknown volume
05-20 14:40:32.119 W/MountService(  374): getVolumeState(/mnt/sdcard-ext): Unknown volume
05-20 14:40:32.119 W/MountService(  374): getVolumeState(/mnt/ext_sdcard): Unknown volume
05-20 14:40:32.119 W/MountService(  374): getVolumeState(/mnt/sdcard2): Unknown volume
05-20 14:40:32.119 W/MountService(  374): getVolumeState(/mnt/emmc): Unknown volume
05-20 14:40:32.119 W/MountService(  374): getVolumeState(/mnt/extSdCard): Unknown volume
05-20 14:40:32.119 W/MountService(  374): getVolumeState(/mnt/sdcard/SD_CARD): Unknown volume
05-20 14:40:32.119 W/MountService(  374): getVolumeState(/mnt/sdcard/extra_sd): Unknown volume
05-20 14:40:32.119 W/MountService(  374): getVolumeState(/mnt/extrasd_bind): Unknown volume
05-20 14:40:32.119 W/MountService(  374): getVolumeState(/mnt/sdcard/ext_sd): Unknown volume
05-20 14:40:32.127 W/MountService(  374): getVolumeState(/storage/extSdCard): Unknown volume
05-20 14:40:32.127 W/MountService(  374): getVolumeState(/storage/sdcard1): Unknown volume
05-20 14:40:32.127 W/MountService(  374): getVolumeState(/mnt/sdcard/external_SD): Unknown volume
05-20 14:40:32.127 W/MountService(  374): getVolumeState(/mnt/sdcard/external_sd): Unknown volume
05-20 14:40:32.181 D/dalvikvm( 1468): GC_CONCURRENT freed 597K, 20% free 9684K/12104K, paused 5ms+8ms, total 48ms
05-20 14:41:02.939 I/ActivityManager(  374): Start proc com.pekall.emdm.launcher:remote for service com.pekall.emdm.launcher/com.baidu.location.f: pid=2123 uid=10066 gids={50066, 1015, 3002, 3001, 3003, 1028}
05-20 14:41:02.947 D/dalvikvm( 2123): Late-enabling CheckJNI
05-20 14:41:03.002 D/ScClassLoader( 2123): >> SOURCE FILE: /data/data/com.pekall.emdm.launcher/app_jars/sc-jdk15on-1.47.0.2.dex.jar
05-20 14:41:03.010 V/MyServiceConnection( 2123): [SConnection] sandbox service is NOT installed.
05-20 14:41:03.010 V/MyServiceConnection( 2123): [SConnection] binding service: pekall.intent.action.SANDBOX_SERVICE
05-20 14:41:03.072 D/dalvikvm( 2123): GC_CONCURRENT freed 149K, 2% free 9285K/9472K, paused 4ms+7ms, total 43ms
05-20 14:41:03.072 D/dalvikvm( 2123): WAIT_FOR_CONCURRENT_GC blocked 4ms
05-20 14:41:03.080 W/Parcel  ( 1661): Attempt to read object from Parcel 0x5dfd3dac at offset 200 that is not in the object list
05-20 14:41:03.080 W/Parcel  ( 1661): Attempt to read object from Parcel 0x6003bdac at offset 200 that is not in the object list
05-20 14:41:03.088 D/Email   ( 2123): Email: init sandbox at the beginning.
05-20 14:41:03.088 V/MyServiceConnection( 2123): [SConnection] retry to bind service
05-20 14:41:03.088 V/MyServiceConnection( 2123): [SConnection] sandbox service is NOT installed.
05-20 14:41:03.088 V/MyServiceConnection( 2123): [SConnection] binding service: pekall.intent.action.SANDBOX_SERVICE
05-20 14:41:03.127 V/MyServiceConnection( 2123): [SConnection] retry to bind service
05-20 14:41:03.127 V/MyServiceConnection( 2123): [SConnection] sandbox service is NOT installed.
05-20 14:41:03.127 V/MyServiceConnection( 2123): [SConnection] binding service: pekall.intent.action.SANDBOX_SERVICE
05-20 14:41:03.127 V/l       ( 2123): Bind requested for task setLogging
05-20 14:41:03.135 D/ExchangeService(26771): !!! EAS ExchangeService, onCreate
05-20 14:41:03.142 W/Parcel  ( 1661): Attempt to read object from Parcel 0x5ef3bdac at offset 200 that is not in the object list
05-20 14:41:03.142 D/ExchangeService(26771): !!! EAS ExchangeService, onStartCommand, startingUp = false, running = false
05-20 14:41:03.142 D/ExchangeService(26771): to start secureStorageService now
05-20 14:41:03.150 V/a       (26771): Bind requested for task test
05-20 14:41:03.158 V/a       (26771): Connected: com.pekall.semail.service.AccountServiceInternal
05-20 14:41:03.174 V/a       (26771): Connection test succeeded in 24ms
05-20 14:41:03.174 D/ExchangeService(26771): Reconciling accounts...
05-20 14:41:03.174 V/a       (26771): Task test completed; disconnecting
05-20 14:41:03.174 V/a       (26771): Bind requested for task reconcileAccounts
05-20 14:41:03.181 V/a       (26771): Waiting for task reconcileAccounts to complete...
05-20 14:41:03.181 D/dalvikvm( 2123): GC_CONCURRENT freed 187K, 3% free 9610K/9836K, paused 6ms+3ms, total 48ms
05-20 14:41:03.181 D/dalvikvm( 2123): WAIT_FOR_CONCURRENT_GC blocked 12ms
05-20 14:41:03.181 D/dalvikvm( 2123): WAIT_FOR_CONCURRENT_GC blocked 9ms
05-20 14:41:03.189 D/dalvikvm( 2123): WAIT_FOR_CONCURRENT_GC blocked 9ms
05-20 14:41:03.189 V/a       (26771): Connected: com.pekall.semail.service.AccountServiceInternal
05-20 14:41:03.189 D/dalvikvm( 2123): WAIT_FOR_CONCURRENT_GC blocked 11ms
05-20 14:41:03.189 D/dalvikvm( 2123): WAIT_FOR_CONCURRENT_GC blocked 12ms
05-20 14:41:03.189 D/dalvikvm( 2123): WAIT_FOR_CONCURRENT_GC blocked 12ms
05-20 14:41:03.205 W/DocumentManager( 2123): Sandbox service is not connected.
05-20 14:41:03.205 D/MessageControllerImpl( 2123): controller is null
05-20 14:41:03.205 V/MyServiceConnection( 2123): [SConnection] retry to bind service
05-20 14:41:03.205 V/MyServiceConnection( 2123): [SConnection] sandbox service is NOT installed.
05-20 14:41:03.205 V/MyServiceConnection( 2123): [SConnection] binding service: pekall.intent.action.SANDBOX_SERVICE
05-20 14:41:03.205 W/SQLiteOpenHelper( 2123): Opened /data/data/com.pekall.emdm.launcher/databases/message.db
05-20 14:41:03.213 W/dalvikvm( 2123): No implementation found for native Lcom/pekall/sandbox/database/sqlite/SQLiteDatabase;.native_setSqliteSoftHeapLimit:(I)V
05-20 14:41:03.213 D/AndroidRuntime( 2123): Shutting down VM
05-20 14:41:03.221 W/dalvikvm( 2123): threadid=1: thread exiting with uncaught exception (group=0x419c8700)
05-20 14:41:03.221 D/        ( 2123): [---null: -1---]  Thread is main
05-20 14:41:03.221 W/System.err( 2123): java.lang.UnsatisfiedLinkError: Native method not found: com.pekall.sandbox.database.sqlite.SQLiteDatabase.native_setSqliteSoftHeapLimit:(I)V
05-20 14:41:03.221 W/System.err( 2123): 	at com.pekall.sandbox.database.sqlite.SQLiteDatabase.native_setSqliteSoftHeapLimit(Native Method)
05-20 14:41:03.228 W/System.err( 2123): 	at com.pekall.sandbox.database.sqlite.SQLiteDatabase.<init>(Unknown Source)
05-20 14:41:03.228 W/System.err( 2123): 	at com.pekall.sandbox.database.sqlite.SQLiteDatabase.openDatabase(Unknown Source)
05-20 14:41:03.228 W/System.err( 2123): 	at com.pekall.sandbox.database.sqlite.SQLiteDatabase.openDatabase(Unknown Source)
05-20 14:41:03.228 W/System.err( 2123): 	at com.pekall.sandbox.database.sqlite.SQLiteDatabase.openDatabase(Unknown Source)
05-20 14:41:03.228 W/System.err( 2123): 	at com.pekall.sandbox.database.sqlite.SQLiteOpenHelper.getWritableDatabase(Unknown Source)
05-20 14:41:03.228 W/System.err( 2123): 	at com.pekall.emdm.messagecenter.db.a.a(Unknown Source)
05-20 14:41:03.228 W/System.err( 2123): 	at com.pekall.emdm.messagecenter.db.a.b(Unknown Source)
05-20 14:41:03.228 W/System.err( 2123): 	at com.pekall.emdm.messagecenter.activity.a.onCreate(Unknown Source)
05-20 14:41:03.228 W/System.err( 2123): 	at com.pekall.emdm.launcher.LauncherApplication.onCreate(Unknown Source)
05-20 14:41:03.228 W/System.err( 2123): 	at android.app.Instrumentation.callApplicationOnCreate(Instrumentation.java:1007)
05-20 14:41:03.228 W/System.err( 2123): 	at android.app.ActivityThread.handleBindApplication(ActivityThread.java:4444)
05-20 14:41:03.228 W/System.err( 2123): 	at android.app.ActivityThread.access$1300(ActivityThread.java:141)
05-20 14:41:03.228 W/System.err( 2123): 	at android.app.ActivityThread$H.handleMessage(ActivityThread.java:1316)
05-20 14:41:03.228 W/System.err( 2123): 	at android.os.Handler.dispatchMessage(Handler.java:99)
05-20 14:41:03.228 W/System.err( 2123): 	at android.os.Looper.loop(Looper.java:137)
05-20 14:41:03.228 W/System.err( 2123): 	at android.app.ActivityThread.main(ActivityThread.java:5103)
05-20 14:41:03.228 W/System.err( 2123): 	at java.lang.reflect.Method.invokeNative(Native Method)
05-20 14:41:03.228 W/System.err( 2123): 	at java.lang.reflect.Method.invoke(Method.java:525)
05-20 14:41:03.228 W/System.err( 2123): 	at com.android.internal.os.ZygoteInit$MethodAndArgsCaller.run(ZygoteInit.java:737)
05-20 14:41:03.228 W/System.err( 2123): 	at com.android.internal.os.ZygoteInit.main(ZygoteInit.java:553)
05-20 14:41:03.228 W/System.err( 2123): 	at dalvik.system.NativeStart.main(Native Method)
05-20 14:41:03.236 V/a       (26771): Task reconcileAccounts completed; disconnecting
05-20 14:41:03.236 V/a       (26771): Wait for reconcileAccounts finished in 54ms
05-20 14:41:03.346 D/ActivityThread( 2123): Loading provider com.pekall.semail.provider;com.pekall.semail.notifier: com.pekall.semail.provider.EmailProvider
05-20 14:41:03.346 D/ActivityThread( 2123): Loading provider com.pekall.semail.provider;com.pekall.semail.notifier: com.pekall.semail.provider.EmailProvider
05-20 14:41:03.556 D/ExchangeService(26771): !!! EAS ExchangeService, stopping self
05-20 14:41:03.564 D/dalvikvm( 2123): GC_CONCURRENT freed 516K, 6% free 9494K/10052K, paused 15ms+5ms, total 54ms
05-20 14:41:03.736 W/EmailProvider( 2123): restoreIfNeeded...
05-20 14:41:03.939 D/EmailProvider( 2123): restoreAccounts...
05-20 14:41:04.533 D/EmailProvider( 2123): No accounts to restore...
05-20 14:41:04.541 D/EmailProvider( 2123): Deleting orphans...
05-20 14:41:04.689 D/EmailProvider( 2123): EmailProvider pre-caching...
05-20 14:41:04.861 D/EmailProvider( 2123): EmailProvider ready.
05-20 14:41:05.213 W/ActivityManager(  374): Unable to start service Intent { cmp=com.pekall.emdm.launcher/com.pekall.semail.service.AttachmentDownloadService } U=0: not found
05-20 14:41:05.228 I/Email   ( 2123): Notifications being toggled: false
05-20 14:41:12.080 D/dalvikvm( 1661): GC_EXPLICIT freed 381K, 18% free 13079K/15888K, paused 2ms+12ms, total 114ms
05-20 14:41:17.213 D/dalvikvm( 1661): GC_EXPLICIT freed 3K, 18% free 13075K/15888K, paused 2ms+13ms, total 114ms
05-20 14:41:22.994 W/ActivityManager(  374): Timeout executing service: ServiceRecord{42d711c0 u0 com.pekall.emdm.launcher/com.baidu.location.f}
05-20 14:41:23.041 I/Process (  374): Sending signal. PID: 2123 SIG: 3
05-20 14:41:23.041 I/dalvikvm( 2123): threadid=3: reacting to signal 3
05-20 14:41:23.236 I/Process (  374): Sending signal. PID: 374 SIG: 3
05-20 14:41:23.236 I/dalvikvm(  374): threadid=3: reacting to signal 3
05-20 14:41:23.291 D/dalvikvm( 2123): JIT unchain all for threadid=12
05-20 14:41:23.330 I/dalvikvm( 2123): Wrote stack traces to '/data/anr/traces.txt'
05-20 14:41:26.627 I/dalvikvm(  374): Wrote stack traces to '/data/anr/traces.txt'
05-20 14:41:26.689 I/Process (  374): Sending signal. PID: 561 SIG: 3
05-20 14:41:26.689 I/dalvikvm(  561): threadid=3: reacting to signal 3
05-20 14:41:26.697 I/Process (  374): Sending signal. PID: 448 SIG: 3
05-20 14:41:26.697 I/dalvikvm(  448): threadid=3: reacting to signal 3
05-20 14:41:26.767 I/dalvikvm(  561): Wrote stack traces to '/data/anr/traces.txt'
05-20 14:41:26.767 I/Process (  374): Sending signal. PID: 568 SIG: 3
05-20 14:41:26.767 I/dalvikvm(  568): threadid=3: reacting to signal 3
05-20 14:41:26.846 I/dalvikvm(  568): Wrote stack traces to '/data/anr/traces.txt'
05-20 14:41:27.260 D/dalvikvm( 1661): GC_EXPLICIT freed <1K, 18% free 13075K/15888K, paused 2ms+13ms, total 162ms
05-20 14:41:27.361 I/dalvikvm(  448): Wrote stack traces to '/data/anr/traces.txt'
05-20 14:41:27.533 D/dalvikvm(  374): GC_EXPLICIT freed 1496K, 22% free 21303K/27192K, paused 5ms+12ms, total 124ms
05-20 14:41:27.744 I/ActivityManager(  374): No longer want android.process.media (pid 748): empty for 1801s
05-20 14:41:27.760 W/ActivityManager(  374): Scheduling restart of crashed service com.android.providers.media/.MtpService in 5000ms
05-20 14:41:28.174 I/Process (  374): Sending signal. PID: 26771 SIG: 3
05-20 14:41:28.174 I/dalvikvm(26771): threadid=3: reacting to signal 3
05-20 14:41:28.377 I/Process (  374): Sending signal. PID: 1468 SIG: 3
05-20 14:41:28.377 I/dalvikvm( 1468): threadid=3: reacting to signal 3
05-20 14:41:28.424 D/dalvikvm(26771): JIT unchain all for threadid=11
05-20 14:41:28.619 E/ActivityManager(  374): ANR in com.pekall.emdm.launcher:remote
05-20 14:41:28.619 E/ActivityManager(  374): Reason: Executing service com.pekall.emdm.launcher/com.baidu.location.f
05-20 14:41:28.619 E/ActivityManager(  374): Load: 1.78 / 1.28 / 1.35
05-20 14:41:28.619 E/ActivityManager(  374): CPU usage from 0ms to 5584ms later:
05-20 14:41:28.619 E/ActivityManager(  374):   82% 26771/com.pekall.emdm.launcher: 82% user + 0.7% kernel / faults: 287 minor
05-20 14:41:28.619 E/ActivityManager(  374):   78% 2123/com.pekall.emdm.launcher:remote: 77% user + 0.3% kernel / faults: 142 minor
05-20 14:41:28.619 E/ActivityManager(  374):   27% 374/system_server: 21% user + 6.4% kernel / faults: 749 minor 1 major
05-20 14:41:28.619 E/ActivityManager(  374):   1.3% 448/com.android.systemui: 1.2% user + 0% kernel / faults: 156 minor
05-20 14:41:28.619 E/ActivityManager(  374):   0.2% 1468/com.qihoo.daemon: 0.2% user + 0% kernel / faults: 388 minor 1 major
05-20 14:41:28.619 E/ActivityManager(  374):   1.2% 1661/com.qihoo360.mobilesafe:GuardService: 1.2% user + 0% kernel / faults: 141 minor
05-20 14:41:28.619 E/ActivityManager(  374):   1% 561/com.android.phone: 0.5% user + 0.5% kernel / faults: 72 minor 3 major
05-20 14:41:28.619 E/ActivityManager(  374):   0% 568/com.android.nfc: 0% user + 0% kernel / faults: 108 minor
05-20 14:41:28.619 E/ActivityManager(  374):   0% 82/mmcqd/0: 0% user + 0% kernel
05-20 14:41:28.619 E/ActivityManager(  374): 99% TOTAL: 94% user + 4.5% kernel + 0% softirq
05-20 14:41:28.619 E/ActivityManager(  374): CPU usage from 4546ms to 5089ms later:
05-20 14:41:28.619 E/ActivityManager(  374):   93% 26771/com.pekall.emdm.launcher: 93% user + 0% kernel
05-20 14:41:28.619 E/ActivityManager(  374):     93% 26784/Thread-1176: 93% user + 0% kernel
05-20 14:41:28.619 E/ActivityManager(  374):   83% 2123/com.pekall.emdm.launcher:remote: 83% user + 0% kernel
05-20 14:41:28.619 E/ActivityManager(  374):     84% 2137/Thread-1612: 84% user + 0% kernel
05-20 14:41:28.619 E/ActivityManager(  374):   7.4% 374/system_server: 0% user + 7.4% kernel / faults: 10 minor 1 major
05-20 14:41:28.619 E/ActivityManager(  374):     7.4% 390/ActivityManager: 0% user + 7.4% kernel
05-20 14:41:28.619 E/ActivityManager(  374):     1.8% 602/Binder_6: 1.8% user + 0% kernel
05-20 14:41:28.619 E/ActivityManager(  374):   1% 1468/com.qihoo.daemon: 0% user + 1% kernel / faults: 26 minor
05-20 14:41:28.619 E/ActivityManager(  374): 95% TOTAL: 89% user + 5.5% kernel
05-20 14:41:28.627 I/dalvikvm(26771): Wrote stack traces to '/data/anr/traces.txt'
05-20 14:41:28.635 W/ActivityManager(  374): Killing ProcessRecord{428c0178 2123:com.pekall.emdm.launcher:remote/u0a10066}: background ANR
05-20 14:41:28.642 D/ExchangeService(26771): !!! EAS ExchangeService, onDestroy
05-20 14:41:28.642 I/ActivityManager(  374): Process com.pekall.emdm.launcher:remote (pid 2123) has died.
05-20 14:41:28.642 W/ActivityManager(  374): Scheduling restart of crashed service com.pekall.emdm.launcher/com.baidu.location.f in 5120000ms
05-20 14:41:28.744 D/dalvikvm(  374): GC_FOR_ALLOC freed 1541K, 23% free 21094K/27192K, paused 92ms, total 93ms
05-20 14:41:29.017 I/dalvikvm( 1468): Wrote stack traces to '/data/anr/traces.txt'
05-20 14:41:31.760 W/MountService(  374): getVolumeState(/storage/emulated/0/external_sd): Unknown volume
05-20 14:41:31.760 W/MountService(  374): getVolumeState(/mnt/sdcard-ext): Unknown volume
05-20 14:41:31.760 W/MountService(  374): getVolumeState(/mnt/ext_sdcard): Unknown volume
05-20 14:41:31.760 W/MountService(  374): getVolumeState(/mnt/sdcard2): Unknown volume
05-20 14:41:31.760 W/MountService(  374): getVolumeState(/mnt/emmc): Unknown volume
05-20 14:41:31.760 W/MountService(  374): getVolumeState(/mnt/extSdCard): Unknown volume
05-20 14:41:31.760 W/MountService(  374): getVolumeState(/mnt/sdcard/SD_CARD): Unknown volume
05-20 14:41:31.767 W/MountService(  374): getVolumeState(/mnt/sdcard/extra_sd): Unknown volume
05-20 14:41:31.767 W/MountService(  374): getVolumeState(/mnt/extrasd_bind): Unknown volume
05-20 14:41:31.767 W/MountService(  374): getVolumeState(/mnt/sdcard/ext_sd): Unknown volume
05-20 14:41:31.767 W/MountService(  374): getVolumeState(/storage/extSdCard): Unknown volume
05-20 14:41:31.767 W/MountService(  374): getVolumeState(/storage/sdcard1): Unknown volume
05-20 14:41:31.767 W/MountService(  374): getVolumeState(/mnt/sdcard/external_SD): Unknown volume
05-20 14:41:31.767 W/MountService(  374): getVolumeState(/mnt/sdcard/external_sd): Unknown volume
05-20 14:41:31.861 D/dalvikvm( 1468): GC_CONCURRENT freed 477K, 21% free 9637K/12104K, paused 5ms+5ms, total 56ms
05-20 14:41:31.939 I/ActivityManager(  374): No longer want com.nd.assistance.ServerService (pid 1238): empty for 1803s
05-20 14:41:31.955 W/ActivityManager(  374): Scheduling restart of crashed service com.nd.assistance/.server.ServerService in 10805ms
05-20 14:41:32.041 I/ActivityManager(  374): Start proc android.process.media for content provider com.android.providers.media/.MediaProvider: pid=2160 uid=10015 gids={50015, 1015, 1023, 1024, 1028, 2001, 3003, 3007}
05-20 14:41:32.072 W/Parcel  ( 1661): Attempt to read object from Parcel 0x5ded3dac at offset 200 that is not in the object list
05-20 14:41:32.111 W/Parcel  ( 1661): Attempt to read object from Parcel 0x5ec3bdac at offset 200 that is not in the object list
05-20 14:41:32.322 D/MtpService( 2160): updating state; isCurrentUser=true, mMtpLocked=false
05-20 14:41:32.322 D/MtpService( 2160): addStorageLocked 65537 /storage/emulated/0
05-20 14:41:32.330 D/MtpService( 2160): updating state; isCurrentUser=true, mMtpLocked=false
05-20 14:41:32.330 D/MtpService( 2160): starting MTP server in MTP mode
05-20 14:41:32.338 D/MtpService( 2160): addStorageLocked 65537 /storage/emulated/0
05-20 14:41:32.619 D/AndroidRuntime( 2158): 
05-20 14:41:32.619 D/AndroidRuntime( 2158): >>>>>> AndroidRuntime START com.android.internal.os.RuntimeInit <<<<<<
05-20 14:41:32.619 D/AndroidRuntime( 2158): CheckJNI is OFF
05-20 14:41:32.666 D/dalvikvm( 2158): Trying to load lib libjavacore.so 0x0
05-20 14:41:32.674 D/dalvikvm( 2158): Added shared lib libjavacore.so 0x0
05-20 14:41:32.689 D/dalvikvm( 2158): Trying to load lib libnativehelper.so 0x0
05-20 14:41:32.697 D/dalvikvm( 2158): Added shared lib libnativehelper.so 0x0
05-20 14:41:32.986 D/dalvikvm( 1468): GC_CONCURRENT freed 455K, 20% free 9694K/12104K, paused 129ms+4ms, total 231ms
05-20 14:41:32.986 D/dalvikvm( 1468): WAIT_FOR_CONCURRENT_GC blocked 51ms
05-20 14:41:32.994 D/dalvikvm( 1468): WAIT_FOR_CONCURRENT_GC blocked 49ms
05-20 14:41:33.002 W/MountService(  374): getVolumeState(/storage/emulated/0/external_sd): Unknown volume
05-20 14:41:33.002 W/MountService(  374): getVolumeState(/mnt/sdcard-ext): Unknown volume
05-20 14:41:33.002 W/MountService(  374): getVolumeState(/mnt/ext_sdcard): Unknown volume
05-20 14:41:33.002 W/MountService(  374): getVolumeState(/mnt/sdcard2): Unknown volume
05-20 14:41:33.002 W/MountService(  374): getVolumeState(/mnt/emmc): Unknown volume
05-20 14:41:33.002 W/MountService(  374): getVolumeState(/mnt/extSdCard): Unknown volume
05-20 14:41:33.025 D/AndroidRuntime( 2158): Calling main entry com.android.commands.am.Am
05-20 14:41:33.025 D/dalvikvm( 2158): Note: class Landroid/app/ActivityManagerNative; has 163 unimplemented (abstract) methods
05-20 14:41:33.033 W/MountService(  374): getVolumeState(/mnt/sdcard/SD_CARD): Unknown volume
05-20 14:41:33.041 W/MountService(  374): getVolumeState(/mnt/sdcard/extra_sd): Unknown volume
05-20 14:41:33.041 W/MountService(  374): getVolumeState(/mnt/extrasd_bind): Unknown volume
05-20 14:41:33.041 W/MountService(  374): getVolumeState(/mnt/sdcard/ext_sd): Unknown volume
05-20 14:41:33.049 D/dalvikvm( 1468): WAIT_FOR_CONCURRENT_GC blocked 105ms
05-20 14:41:33.049 D/dalvikvm( 2189): Late-enabling CheckJNI
05-20 14:41:33.049 W/MountService(  374): getVolumeState(/storage/extSdCard): Unknown volume
05-20 14:41:33.049 I/ActivityManager(  374): Start proc com.nd.assistance for broadcast com.nd.assistance/.controller.DaemonController: pid=2189 uid=10068 gids={50068, 3003, 1015, 1006, 1028}
05-20 14:41:33.056 W/MountService(  374): getVolumeState(/storage/sdcard1): Unknown volume
05-20 14:41:33.056 W/MountService(  374): getVolumeState(/mnt/sdcard/external_SD): Unknown volume
05-20 14:41:33.056 W/MountService(  374): getVolumeState(/mnt/sdcard/external_sd): Unknown volume
05-20 14:41:33.072 I/dalvikvm( 2189): Turning on JNI app bug workarounds for target SDK version 3...
05-20 14:41:33.103 E/LogCenter( 2189): logger_impl_ init
05-20 14:41:33.103 W/Parcel  ( 1661): Attempt to read object from Parcel 0x5dfd3dac at offset 200 that is not in the object list
05-20 14:41:33.119 D/dalvikvm( 2203): Late-enabling CheckJNI
05-20 14:41:33.119 D/AndroidRuntime( 2158): Shutting down VM
05-20 14:41:33.119 I/ActivityManager(  374): Start proc com.nd.assistance.ServerService for service com.nd.assistance/.server.ServerService: pid=2203 uid=10068 gids={50068, 3003, 1015, 1006, 1028}
05-20 14:41:33.127 D/dalvikvm( 2158): GC_CONCURRENT freed 92K, 16% free 512K/608K, paused 1ms+0ms, total 4ms
05-20 14:41:33.142 I/dalvikvm( 2203): Turning on JNI app bug workarounds for target SDK version 3...
05-20 14:41:33.181 E/LogCenter( 2203): logger_impl_ init
05-20 14:41:33.189 D/com.nd.assistance.server.ServerService( 2203): ServerService onCreate()
05-20 14:41:33.189 D/com.nd.assistance.server.ServerService( 2203): ServerService onStart()
05-20 14:41:33.189 D/com.nd.assistance.server.ServerService( 2203): mIsStarting is false, set mIsStarting = true
05-20 14:41:33.189 D/com.nd.assistance.server.ServerService( 2203): startDaemonServer(false)
05-20 14:41:33.189 D/com.nd.assistance.server.ServerService( 2203): mDaemonServer == null
05-20 14:41:33.221 E/daemon.k.a( 2203): acquireWifiLock()
05-20 14:41:33.236 D/daemon.h.b.b( 2203): set mIsStarting = false
05-20 14:41:33.236 D/com.nd.assistance.server.ServerService( 2203): ServerService onStart used time: 51
05-20 14:41:33.244 D/com.nd.assistance.server.ServerService( 2203): start nio server
05-20 14:41:33.283 D/daemon.h.b.c( 2203): SelectReactor run()
05-20 14:41:33.353 D/dalvikvm( 1468): GC_CONCURRENT freed 478K, 21% free 9613K/12104K, paused 5ms+9ms, total 55ms
05-20 14:41:34.088 E/daemon.c.c( 2203): start heartbeat server.
05-20 14:41:34.150 D/dalvikvm( 2203): GC_CONCURRENT freed 240K, 3% free 9095K/9376K, paused 13ms+2ms, total 37ms
05-20 14:42:10.205 W/Settings( 1661): Setting airplane_mode_on has moved from android.provider.Settings.System to android.provider.Settings.Global, returning read-only value.
05-20 14:42:10.236 I/ActivityManager(  374): No longer want com.qihoo360.mobilesafe (pid 1607): empty for 1801s
05-20 14:42:13.025 D/MdmService(26771): [null:-1]->receiver action :com.pekall.mdm.action.MDM_ALARM
05-20 14:42:13.025 D/ProfileManager(26771): [null:-1]->check policy checking :false
05-20 14:42:13.025 D/com.pekall.restrictions.policy(26771): [null:-1]->allowBluetooth : null
05-20 14:42:13.025 D/com.pekall.restrictions.policy(26771): [null:-1]->ensureSimulateLocation :null
05-20 14:42:13.025 D/com.pekall.restrictions.policy(26771): [null:-1]->allowUseNetworkDate : null
05-20 14:42:13.033 E/DatabaseUtils(  374): Writing exception to parcel
05-20 14:42:13.033 E/DatabaseUtils(  374): java.lang.SecurityException: Permission denial: writing to secure settings requires android.permission.WRITE_SECURE_SETTINGS
05-20 14:42:13.033 E/DatabaseUtils(  374): 	at com.android.providers.settings.SettingsProvider.checkWritePermissions(SettingsProvider.java:279)
05-20 14:42:13.033 E/DatabaseUtils(  374): 	at com.android.providers.settings.SettingsProvider.insertForUser(SettingsProvider.java:897)
05-20 14:42:13.033 E/DatabaseUtils(  374): 	at com.android.providers.settings.SettingsProvider.callFromPackage(SettingsProvider.java:634)
05-20 14:42:13.033 E/DatabaseUtils(  374): 	at android.content.ContentProvider$Transport.call(ContentProvider.java:279)
05-20 14:42:13.033 E/DatabaseUtils(  374): 	at android.content.ContentProviderNative.onTransact(ContentProviderNative.java:273)
05-20 14:42:13.033 E/DatabaseUtils(  374): 	at android.os.Binder.execTransact(Binder.java:388)
05-20 14:42:13.033 E/DatabaseUtils(  374): 	at dalvik.system.NativeStart.run(Native Method)
05-20 14:42:13.033 D/com.pekall.restrictions.policy(26771): [null:-1]->allowUseNetworkDate error
05-20 14:42:13.033 D/com.pekall.restrictions.policy(26771): java.lang.SecurityException: Permission denial: writing to secure settings requires android.permission.WRITE_SECURE_SETTINGS
05-20 14:42:13.033 D/com.pekall.restrictions.policy(26771): 	at android.os.Parcel.readException(Parcel.java:1431)
05-20 14:42:13.033 D/com.pekall.restrictions.policy(26771): 	at android.database.DatabaseUtils.readExceptionFromParcel(DatabaseUtils.java:185)
05-20 14:42:13.033 D/com.pekall.restrictions.policy(26771): 	at android.database.DatabaseUtils.readExceptionFromParcel(DatabaseUtils.java:137)
05-20 14:42:13.033 D/com.pekall.restrictions.policy(26771): 	at android.content.ContentProviderProxy.call(ContentProviderNative.java:602)
05-20 14:42:13.033 D/com.pekall.restrictions.policy(26771): 	at android.provider.Settings$NameValueCache.putStringForUser(Settings.java:818)
05-20 14:42:13.033 D/com.pekall.restrictions.policy(26771): 	at android.provider.Settings$Global.putStringForUser(Settings.java:5529)
05-20 14:42:13.033 D/com.pekall.restrictions.policy(26771): 	at android.provider.Settings$Global.putString(Settings.java:5519)
05-20 14:42:13.033 D/com.pekall.restrictions.policy(26771): 	at android.provider.Settings$Global.putInt(Settings.java:5607)
05-20 14:42:13.033 D/com.pekall.restrictions.policy(26771): 	at com.pekall.emdm.b.c.b.j.c(Unknown Source)
05-20 14:42:13.033 D/com.pekall.restrictions.policy(26771): 	at com.pekall.emdm.b.c.b.j.h(Unknown Source)
05-20 14:42:13.033 D/com.pekall.restrictions.policy(26771): 	at com.pekall.emdm.b.c.e.run(Unknown Source)
05-20 14:42:13.033 D/com.pekall.restrictions.policy(26771): [null:-1]->allowNFC : null
05-20 14:42:13.041 D/InnerClass(26771): [null:-1]->enableNfc : 
05-20 14:42:13.041 D/InnerClass(26771): java.lang.reflect.InvocationTargetException
05-20 14:42:13.041 D/InnerClass(26771): 	at java.lang.reflect.Method.invokeNative(Native Method)
05-20 14:42:13.041 D/InnerClass(26771): 	at java.lang.reflect.Method.invoke(Method.java:525)
05-20 14:42:13.041 D/InnerClass(26771): 	at com.pekall.emdm.c.i.a(Unknown Source)
05-20 14:42:13.041 D/InnerClass(26771): 	at com.pekall.emdm.c.c.a(Unknown Source)
05-20 14:42:13.041 D/InnerClass(26771): 	at com.pekall.emdm.b.c.b.j.b(Unknown Source)
05-20 14:42:13.041 D/InnerClass(26771): 	at com.pekall.emdm.b.c.b.j.h(Unknown Source)
05-20 14:42:13.041 D/InnerClass(26771): 	at com.pekall.emdm.b.c.e.run(Unknown Source)
05-20 14:42:13.041 D/InnerClass(26771): Caused by: java.lang.SecurityException: WRITE_SECURE_SETTINGS permission required: Neither user 10066 nor current process has android.permission.WRITE_SECURE_SETTINGS.
05-20 14:42:13.041 D/InnerClass(26771): 	at android.os.Parcel.readException(Parcel.java:1431)
05-20 14:42:13.041 D/InnerClass(26771): 	at android.os.Parcel.readException(Parcel.java:1385)
05-20 14:42:13.041 D/InnerClass(26771): 	at android.nfc.INfcAdapter$Stub$Proxy.disable(INfcAdapter.java:252)
05-20 14:42:13.041 D/InnerClass(26771): 	at android.nfc.NfcAdapter.disable(NfcAdapter.java:574)
05-20 14:42:13.041 D/InnerClass(26771): 	... 7 more
05-20 14:42:31.767 W/MountService(  374): getVolumeState(/storage/emulated/0/external_sd): Unknown volume
05-20 14:42:31.767 W/MountService(  374): getVolumeState(/mnt/sdcard-ext): Unknown volume
05-20 14:42:31.767 W/MountService(  374): getVolumeState(/mnt/ext_sdcard): Unknown volume
05-20 14:42:31.775 W/MountService(  374): getVolumeState(/mnt/sdcard2): Unknown volume
05-20 14:42:31.775 W/MountService(  374): getVolumeState(/mnt/emmc): Unknown volume
05-20 14:42:31.775 W/MountService(  374): getVolumeState(/mnt/extSdCard): Unknown volume
05-20 14:42:31.775 W/MountService(  374): getVolumeState(/mnt/sdcard/SD_CARD): Unknown volume
05-20 14:42:31.775 W/MountService(  374): getVolumeState(/mnt/sdcard/extra_sd): Unknown volume
05-20 14:42:31.775 W/MountService(  374): getVolumeState(/mnt/extrasd_bind): Unknown volume
05-20 14:42:31.775 W/MountService(  374): getVolumeState(/mnt/sdcard/ext_sd): Unknown volume
05-20 14:42:31.775 W/MountService(  374): getVolumeState(/storage/extSdCard): Unknown volume
05-20 14:42:31.775 W/MountService(  374): getVolumeState(/storage/sdcard1): Unknown volume
05-20 14:42:31.783 W/MountService(  374): getVolumeState(/mnt/sdcard/external_SD): Unknown volume
05-20 14:42:31.783 W/MountService(  374): getVolumeState(/mnt/sdcard/external_sd): Unknown volume
05-20 14:42:31.924 D/dalvikvm( 1468): GC_CONCURRENT freed 286K, 20% free 9767K/12104K, paused 6ms+6ms, total 41ms
05-20 14:42:32.103 W/MountService(  374): getVolumeState(/storage/emulated/0/external_sd): Unknown volume
05-20 14:42:32.111 W/MountService(  374): getVolumeState(/mnt/sdcard-ext): Unknown volume
05-20 14:42:32.111 W/MountService(  374): getVolumeState(/mnt/ext_sdcard): Unknown volume
05-20 14:42:32.111 W/MountService(  374): getVolumeState(/mnt/sdcard2): Unknown volume
05-20 14:42:32.111 W/MountService(  374): getVolumeState(/mnt/emmc): Unknown volume
05-20 14:42:32.111 W/MountService(  374): getVolumeState(/mnt/extSdCard): Unknown volume
05-20 14:42:32.111 W/MountService(  374): getVolumeState(/mnt/sdcard/SD_CARD): Unknown volume
05-20 14:42:32.111 W/MountService(  374): getVolumeState(/mnt/sdcard/extra_sd): Unknown volume
05-20 14:42:32.111 W/MountService(  374): getVolumeState(/mnt/extrasd_bind): Unknown volume
05-20 14:42:32.111 W/MountService(  374): getVolumeState(/mnt/sdcard/ext_sd): Unknown volume
05-20 14:42:32.119 W/MountService(  374): getVolumeState(/storage/extSdCard): Unknown volume
05-20 14:42:32.119 W/MountService(  374): getVolumeState(/storage/sdcard1): Unknown volume
05-20 14:42:32.119 W/MountService(  374): getVolumeState(/mnt/sdcard/external_SD): Unknown volume
05-20 14:42:32.119 W/MountService(  374): getVolumeState(/mnt/sdcard/external_sd): Unknown volume
05-20 14:42:32.174 D/dalvikvm( 1468): GC_CONCURRENT freed 624K, 21% free 9655K/12104K, paused 5ms+6ms, total 49ms
05-20 14:42:32.174 D/dalvikvm( 1468): WAIT_FOR_CONCURRENT_GC blocked 2ms
05-20 14:43:11.947 D/dalvikvm( 1661): GC_EXPLICIT freed 653K, 18% free 13089K/15888K, paused 3ms+5ms, total 61ms
05-20 14:43:17.010 D/dalvikvm( 1661): GC_EXPLICIT freed 14K, 18% free 13076K/15888K, paused 3ms+5ms, total 60ms
05-20 14:43:27.010 D/dalvikvm( 1661): GC_EXPLICIT freed <1K, 18% free 13076K/15888K, paused 3ms+4ms, total 59ms
05-20 14:43:31.775 W/MountService(  374): getVolumeState(/storage/emulated/0/external_sd): Unknown volume
05-20 14:43:31.775 W/MountService(  374): getVolumeState(/mnt/sdcard-ext): Unknown volume
05-20 14:43:31.783 W/MountService(  374): getVolumeState(/mnt/ext_sdcard): Unknown volume
05-20 14:43:31.783 W/MountService(  374): getVolumeState(/mnt/sdcard2): Unknown volume
05-20 14:43:31.783 W/MountService(  374): getVolumeState(/mnt/emmc): Unknown volume
05-20 14:43:31.783 W/MountService(  374): getVolumeState(/mnt/extSdCard): Unknown volume
05-20 14:43:31.783 W/MountService(  374): getVolumeState(/mnt/sdcard/SD_CARD): Unknown volume
05-20 14:43:31.783 W/MountService(  374): getVolumeState(/mnt/sdcard/extra_sd): Unknown volume
05-20 14:43:31.783 W/MountService(  374): getVolumeState(/mnt/extrasd_bind): Unknown volume
05-20 14:43:31.783 W/MountService(  374): getVolumeState(/mnt/sdcard/ext_sd): Unknown volume
05-20 14:43:31.783 W/MountService(  374): getVolumeState(/storage/extSdCard): Unknown volume
05-20 14:43:31.783 W/MountService(  374): getVolumeState(/storage/sdcard1): Unknown volume
05-20 14:43:31.783 W/MountService(  374): getVolumeState(/mnt/sdcard/external_SD): Unknown volume
05-20 14:43:31.791 W/MountService(  374): getVolumeState(/mnt/sdcard/external_sd): Unknown volume
05-20 14:43:31.908 D/dalvikvm( 1468): GC_CONCURRENT freed 451K, 20% free 9722K/12104K, paused 16ms+8ms, total 80ms
05-20 14:43:32.056 W/Parcel  ( 1661): Attempt to read object from Parcel 0x5ded3dac at offset 200 that is not in the object list
05-20 14:43:32.119 D/dalvikvm( 2160): GC_CONCURRENT freed 215K, 3% free 9104K/9360K, paused 3ms+2ms, total 81ms
05-20 14:43:32.174 W/MountService(  374): getVolumeState(/storage/emulated/0/external_sd): Unknown volume
05-20 14:43:32.181 W/MountService(  374): getVolumeState(/mnt/sdcard-ext): Unknown volume
05-20 14:43:32.181 W/MountService(  374): getVolumeState(/mnt/ext_sdcard): Unknown volume
05-20 14:43:32.181 W/MountService(  374): getVolumeState(/mnt/sdcard2): Unknown volume
05-20 14:43:32.181 W/MountService(  374): getVolumeState(/mnt/emmc): Unknown volume
05-20 14:43:32.181 W/MountService(  374): getVolumeState(/mnt/extSdCard): Unknown volume
05-20 14:43:32.181 W/MountService(  374): getVolumeState(/mnt/sdcard/SD_CARD): Unknown volume
05-20 14:43:32.181 W/MountService(  374): getVolumeState(/mnt/sdcard/extra_sd): Unknown volume
05-20 14:43:32.181 W/MountService(  374): getVolumeState(/mnt/extrasd_bind): Unknown volume
05-20 14:43:32.189 W/MountService(  374): getVolumeState(/mnt/sdcard/ext_sd): Unknown volume
05-20 14:43:32.189 W/MountService(  374): getVolumeState(/storage/extSdCard): Unknown volume
05-20 14:43:32.189 W/MountService(  374): getVolumeState(/storage/sdcard1): Unknown volume
05-20 14:43:32.189 W/MountService(  374): getVolumeState(/mnt/sdcard/external_SD): Unknown volume
05-20 14:43:32.189 W/MountService(  374): getVolumeState(/mnt/sdcard/external_sd): Unknown volume
05-20 14:43:32.221 D/dalvikvm( 1468): GC_CONCURRENT freed 575K, 21% free 9655K/12104K, paused 12ms+4ms, total 55ms
05-20 14:43:32.221 D/dalvikvm( 1468): WAIT_FOR_CONCURRENT_GC blocked 24ms
05-20 14:43:32.221 D/dalvikvm( 1468): WAIT_FOR_CONCURRENT_GC blocked 16ms
05-20 14:44:31.806 W/MountService(  374): getVolumeState(/storage/emulated/0/external_sd): Unknown volume
05-20 14:44:31.806 W/MountService(  374): getVolumeState(/mnt/sdcard-ext): Unknown volume
05-20 14:44:31.806 W/MountService(  374): getVolumeState(/mnt/ext_sdcard): Unknown volume
05-20 14:44:31.806 W/MountService(  374): getVolumeState(/mnt/sdcard2): Unknown volume
05-20 14:44:31.806 W/MountService(  374): getVolumeState(/mnt/emmc): Unknown volume
05-20 14:44:31.806 W/MountService(  374): getVolumeState(/mnt/extSdCard): Unknown volume
05-20 14:44:31.814 W/MountService(  374): getVolumeState(/mnt/sdcard/SD_CARD): Unknown volume
05-20 14:44:31.814 W/MountService(  374): getVolumeState(/mnt/sdcard/extra_sd): Unknown volume
05-20 14:44:31.814 W/MountService(  374): getVolumeState(/mnt/extrasd_bind): Unknown volume
05-20 14:44:31.814 W/MountService(  374): getVolumeState(/mnt/sdcard/ext_sd): Unknown volume
05-20 14:44:31.814 W/MountService(  374): getVolumeState(/storage/extSdCard): Unknown volume
05-20 14:44:31.814 W/MountService(  374): getVolumeState(/storage/sdcard1): Unknown volume
05-20 14:44:31.814 W/MountService(  374): getVolumeState(/mnt/sdcard/external_SD): Unknown volume
05-20 14:44:31.814 W/MountService(  374): getVolumeState(/mnt/sdcard/external_sd): Unknown volume
05-20 14:44:31.838 D/dalvikvm( 1468): GC_CONCURRENT freed 486K, 21% free 9680K/12104K, paused 5ms+5ms, total 54ms
05-20 14:44:31.846 D/dalvikvm( 1468): WAIT_FOR_CONCURRENT_GC blocked 21ms
05-20 14:44:31.846 D/dalvikvm( 1468): WAIT_FOR_CONCURRENT_GC blocked 23ms
05-20 14:44:32.064 D/dalvikvm(  561): GC_EXPLICIT freed 200K, 5% free 9419K/9848K, paused 2ms+5ms, total 32ms
05-20 14:44:32.205 D/dalvikvm(  374): GC_EXPLICIT freed 1304K, 24% free 20841K/27192K, paused 5ms+11ms, total 113ms
05-20 14:44:32.314 W/MountService(  374): getVolumeState(/storage/emulated/0/external_sd): Unknown volume
05-20 14:44:32.314 W/MountService(  374): getVolumeState(/mnt/sdcard-ext): Unknown volume
05-20 14:44:32.314 W/MountService(  374): getVolumeState(/mnt/ext_sdcard): Unknown volume
05-20 14:44:32.314 W/MountService(  374): getVolumeState(/mnt/sdcard2): Unknown volume
05-20 14:44:32.314 W/MountService(  374): getVolumeState(/mnt/emmc): Unknown volume
05-20 14:44:32.314 W/MountService(  374): getVolumeState(/mnt/extSdCard): Unknown volume
05-20 14:44:32.322 W/MountService(  374): getVolumeState(/mnt/sdcard/SD_CARD): Unknown volume
05-20 14:44:32.322 W/MountService(  374): getVolumeState(/mnt/sdcard/extra_sd): Unknown volume
05-20 14:44:32.322 W/MountService(  374): getVolumeState(/mnt/extrasd_bind): Unknown volume
05-20 14:44:32.322 W/MountService(  374): getVolumeState(/mnt/sdcard/ext_sd): Unknown volume
05-20 14:44:32.322 W/MountService(  374): getVolumeState(/storage/extSdCard): Unknown volume
05-20 14:44:32.322 W/MountService(  374): getVolumeState(/storage/sdcard1): Unknown volume
05-20 14:44:32.330 W/MountService(  374): getVolumeState(/mnt/sdcard/external_SD): Unknown volume
05-20 14:44:32.330 W/MountService(  374): getVolumeState(/mnt/sdcard/external_sd): Unknown volume
05-20 14:44:32.338 D/dalvikvm( 1468): GC_CONCURRENT freed 536K, 21% free 9655K/12104K, paused 5ms+5ms, total 57ms
05-20 14:44:32.338 D/dalvikvm( 1468): WAIT_FOR_CONCURRENT_GC blocked 11ms
05-20 14:44:46.416 D/dalvikvm(30346): GC_CONCURRENT freed 384K, 5% free 9530K/9968K, paused 2ms+2ms, total 25ms
05-20 14:44:53.767 D/dalvikvm( 2093): GC_CONCURRENT freed 312K, 4% free 9811K/10172K, paused 3ms+4ms, total 32ms
05-20 14:44:53.806 D/dalvikvm( 2093): Trying to load lib /data/app-lib/com.dragon.android.pandaspace-1/libBdMoplusMD5_V1.so 0x422825f0
05-20 14:44:53.806 D/dalvikvm( 2093): Added shared lib /data/app-lib/com.dragon.android.pandaspace-1/libBdMoplusMD5_V1.so 0x422825f0
05-20 14:44:53.806 D/dalvikvm( 2093): No JNI_OnLoad found in /data/app-lib/com.dragon.android.pandaspace-1/libBdMoplusMD5_V1.so 0x422825f0, skipping init
05-20 14:44:54.010 D/dalvikvm( 2093): GC_FOR_ALLOC freed 218K, 6% free 9781K/10308K, paused 22ms, total 24ms
05-20 14:44:54.471 D/dalvikvm( 2093): GC_FOR_ALLOC freed 156K, 6% free 9779K/10308K, paused 22ms, total 23ms
05-20 14:44:54.767 D/dalvikvm( 2093): GC_FOR_ALLOC freed 158K, 6% free 9779K/10308K, paused 22ms, total 22ms
05-20 14:44:55.033 D/dalvikvm( 2093): GC_FOR_ALLOC freed 158K, 6% free 9779K/10308K, paused 22ms, total 23ms
05-20 14:44:55.197 D/dalvikvm( 2093): GC_FOR_ALLOC freed 154K, 6% free 9780K/10308K, paused 23ms, total 24ms
05-20 14:44:55.267 D/dalvikvm( 2093): GC_FOR_ALLOC freed 152K, 6% free 9780K/10308K, paused 22ms, total 22ms
05-20 14:44:55.439 D/dalvikvm( 2093): GC_FOR_ALLOC freed 153K, 6% free 9781K/10308K, paused 22ms, total 22ms
05-20 14:44:56.135 D/dalvikvm( 2093): GC_FOR_ALLOC freed 146K, 6% free 9781K/10308K, paused 22ms, total 24ms
05-20 14:44:56.244 D/dalvikvm( 2093): GC_FOR_ALLOC freed 159K, 6% free 9781K/10308K, paused 22ms, total 23ms
05-20 14:44:56.916 D/dalvikvm( 2093): GC_FOR_ALLOC freed 156K, 6% free 9782K/10308K, paused 22ms, total 22ms
05-20 14:44:57.400 D/dalvikvm( 2093): GC_FOR_ALLOC freed 158K, 6% free 9782K/10308K, paused 21ms, total 22ms
05-20 14:44:57.416 W/dalvikvm( 2093): VFY: unable to find class referenced in signature (Lcom/baidu/location/LocationClient;)
05-20 14:44:57.416 W/dalvikvm( 2093): VFY: unable to find class referenced in signature (Lcom/baidu/location/LocationClient;)
05-20 14:44:57.416 I/dalvikvm( 2093): Could not find method com.baidu.location.LocationClient.isStarted, referenced from method com.baidu.android.nebula.util.a.run
05-20 14:44:57.416 W/dalvikvm( 2093): VFY: unable to resolve virtual method 7860: Lcom/baidu/location/LocationClient;.isStarted ()Z
05-20 14:44:57.416 D/dalvikvm( 2093): VFY: replacing opcode 0x6e at 0x000f
05-20 14:44:59.994 I/ActivityManager(  374): No longer want com.qihoo.appstore (pid 30346): empty for 7563s
05-20 14:45:00.041 W/ActivityManager(  374): Scheduling restart of crashed service com.qihoo.appstore/.express.DownloadCoreService in 5000ms
05-20 14:45:12.010 D/dalvikvm( 1661): GC_EXPLICIT freed 290K, 18% free 13078K/15888K, paused 3ms+4ms, total 60ms
05-20 14:45:17.080 D/dalvikvm( 1661): GC_EXPLICIT freed 2K, 18% free 13075K/15888K, paused 3ms+5ms, total 60ms
05-20 14:45:27.080 D/dalvikvm( 1661): GC_EXPLICIT freed <1K, 18% free 13075K/15888K, paused 3ms+5ms, total 59ms
05-20 14:45:31.806 W/MountService(  374): getVolumeState(/storage/emulated/0/external_sd): Unknown volume
05-20 14:45:31.814 W/MountService(  374): getVolumeState(/mnt/sdcard-ext): Unknown volume
05-20 14:45:31.814 W/MountService(  374): getVolumeState(/mnt/ext_sdcard): Unknown volume
05-20 14:45:31.814 W/MountService(  374): getVolumeState(/mnt/sdcard2): Unknown volume
05-20 14:45:31.814 W/MountService(  374): getVolumeState(/mnt/emmc): Unknown volume
05-20 14:45:31.814 W/MountService(  374): getVolumeState(/mnt/extSdCard): Unknown volume
05-20 14:45:31.814 W/MountService(  374): getVolumeState(/mnt/sdcard/SD_CARD): Unknown volume
05-20 14:45:31.814 W/MountService(  374): getVolumeState(/mnt/sdcard/extra_sd): Unknown volume
05-20 14:45:31.822 W/MountService(  374): getVolumeState(/mnt/extrasd_bind): Unknown volume
05-20 14:45:31.830 W/MountService(  374): getVolumeState(/mnt/sdcard/ext_sd): Unknown volume
05-20 14:45:31.830 W/MountService(  374): getVolumeState(/storage/extSdCard): Unknown volume
05-20 14:45:31.846 W/MountService(  374): getVolumeState(/storage/sdcard1): Unknown volume
05-20 14:45:31.846 W/MountService(  374): getVolumeState(/mnt/sdcard/external_SD): Unknown volume
05-20 14:45:31.846 W/MountService(  374): getVolumeState(/mnt/sdcard/external_sd): Unknown volume
05-20 14:45:31.853 D/dalvikvm( 1468): GC_CONCURRENT freed 530K, 21% free 9637K/12104K, paused 5ms+6ms, total 54ms
05-20 14:45:31.853 D/dalvikvm( 1468): WAIT_FOR_CONCURRENT_GC blocked 10ms
05-20 14:45:31.853 D/dalvikvm( 1468): WAIT_FOR_CONCURRENT_GC blocked 4ms
05-20 14:45:32.064 W/Parcel  ( 1661): Attempt to read object from Parcel 0x6013bdac at offset 200 that is not in the object list
05-20 14:45:32.181 D/dalvikvm( 1468): GC_CONCURRENT freed 492K, 21% free 9656K/12104K, paused 4ms+6ms, total 99ms
05-20 14:45:32.181 D/dalvikvm( 1468): WAIT_FOR_CONCURRENT_GC blocked 11ms
05-20 14:45:32.181 D/dalvikvm( 1468): WAIT_FOR_CONCURRENT_GC blocked 12ms
05-20 14:45:32.181 D/dalvikvm( 1468): WAIT_FOR_CONCURRENT_GC blocked 6ms
05-20 14:45:32.221 W/MountService(  374): getVolumeState(/storage/emulated/0/external_sd): Unknown volume
05-20 14:45:32.221 W/MountService(  374): getVolumeState(/mnt/sdcard-ext): Unknown volume
05-20 14:45:32.221 W/MountService(  374): getVolumeState(/mnt/ext_sdcard): Unknown volume
05-20 14:45:32.221 W/MountService(  374): getVolumeState(/mnt/sdcard2): Unknown volume
05-20 14:45:32.221 W/MountService(  374): getVolumeState(/mnt/emmc): Unknown volume
05-20 14:45:32.221 W/MountService(  374): getVolumeState(/mnt/extSdCard): Unknown volume
05-20 14:45:32.221 W/MountService(  374): getVolumeState(/mnt/sdcard/SD_CARD): Unknown volume
05-20 14:45:32.221 W/MountService(  374): getVolumeState(/mnt/sdcard/extra_sd): Unknown volume
05-20 14:45:32.228 W/MountService(  374): getVolumeState(/mnt/extrasd_bind): Unknown volume
05-20 14:45:32.228 W/MountService(  374): getVolumeState(/mnt/sdcard/ext_sd): Unknown volume
05-20 14:45:32.228 W/MountService(  374): getVolumeState(/storage/extSdCard): Unknown volume
05-20 14:45:32.228 W/MountService(  374): getVolumeState(/storage/sdcard1): Unknown volume
05-20 14:45:32.228 W/MountService(  374): getVolumeState(/mnt/sdcard/external_SD): Unknown volume
05-20 14:45:32.228 W/MountService(  374): getVolumeState(/mnt/sdcard/external_sd): Unknown volume
05-20 14:45:32.314 D/dalvikvm( 1468): GC_CONCURRENT freed 454K, 21% free 9670K/12104K, paused 5ms+4ms, total 40ms
05-20 14:46:29.416 D/dalvikvm( 2203): GC_CONCURRENT freed 349K, 5% free 9150K/9544K, paused 3ms+3ms, total 27ms
05-20 14:46:31.814 W/MountService(  374): getVolumeState(/storage/emulated/0/external_sd): Unknown volume
05-20 14:46:31.814 W/MountService(  374): getVolumeState(/mnt/sdcard-ext): Unknown volume
05-20 14:46:31.814 W/MountService(  374): getVolumeState(/mnt/ext_sdcard): Unknown volume
05-20 14:46:31.814 W/MountService(  374): getVolumeState(/mnt/sdcard2): Unknown volume
05-20 14:46:31.814 W/MountService(  374): getVolumeState(/mnt/emmc): Unknown volume
05-20 14:46:31.814 W/MountService(  374): getVolumeState(/mnt/extSdCard): Unknown volume
05-20 14:46:31.814 W/MountService(  374): getVolumeState(/mnt/sdcard/SD_CARD): Unknown volume
05-20 14:46:31.822 W/MountService(  374): getVolumeState(/mnt/sdcard/extra_sd): Unknown volume
05-20 14:46:31.822 W/MountService(  374): getVolumeState(/mnt/extrasd_bind): Unknown volume
05-20 14:46:31.822 W/MountService(  374): getVolumeState(/mnt/sdcard/ext_sd): Unknown volume
05-20 14:46:31.822 W/MountService(  374): getVolumeState(/storage/extSdCard): Unknown volume
05-20 14:46:31.822 W/MountService(  374): getVolumeState(/storage/sdcard1): Unknown volume
05-20 14:46:31.822 W/MountService(  374): getVolumeState(/mnt/sdcard/external_SD): Unknown volume
05-20 14:46:31.822 W/MountService(  374): getVolumeState(/mnt/sdcard/external_sd): Unknown volume
05-20 14:46:31.963 D/dalvikvm( 1468): GC_CONCURRENT freed 415K, 20% free 9767K/12104K, paused 6ms+5ms, total 36ms
05-20 14:46:31.963 D/dalvikvm( 1468): WAIT_FOR_CONCURRENT_GC blocked 24ms
05-20 14:46:32.158 W/MountService(  374): getVolumeState(/storage/emulated/0/external_sd): Unknown volume
05-20 14:46:32.158 W/MountService(  374): getVolumeState(/mnt/sdcard-ext): Unknown volume
05-20 14:46:32.158 W/MountService(  374): getVolumeState(/mnt/ext_sdcard): Unknown volume
05-20 14:46:32.158 W/MountService(  374): getVolumeState(/mnt/sdcard2): Unknown volume
05-20 14:46:32.158 W/MountService(  374): getVolumeState(/mnt/emmc): Unknown volume
