--------- beginning of /dev/log/system
05-20 14:11:30.385 W/MountService(  374): getVolumeState(/mnt/sdcard/SD_CARD): Unknown volume
05-20 14:11:30.385 W/MountService(  374): getVolumeState(/mnt/sdcard/extra_sd): Unknown volume
05-20 14:11:30.385 W/MountService(  374): getVolumeState(/mnt/extrasd_bind): Unknown volume
05-20 14:11:30.385 W/MountService(  374): getVolumeState(/mnt/sdcard/ext_sd): Unknown volume
05-20 14:11:30.385 W/MountService(  374): getVolumeState(/storage/extSdCard): Unknown volume
05-20 14:11:30.385 W/MountService(  374): getVolumeState(/storage/sdcard1): Unknown volume
05-20 14:11:30.385 W/MountService(  374): getVolumeState(/mnt/sdcard/external_SD): Unknown volume
05-20 14:11:30.400 W/MountService(  374): getVolumeState(/mnt/sdcard/external_sd): Unknown volume
05-20 14:11:31.283 W/MountService(  374): getVolumeState(/storage/emulated/0/external_sd): Unknown volume
05-20 14:11:31.283 W/MountService(  374): getVolumeState(/mnt/sdcard-ext): Unknown volume
05-20 14:11:31.291 W/MountService(  374): getVolumeState(/mnt/ext_sdcard): Unknown volume
05-20 14:11:31.291 W/MountService(  374): getVolumeState(/mnt/sdcard2): Unknown volume
05-20 14:11:31.291 W/MountService(  374): getVolumeState(/mnt/emmc): Unknown volume
05-20 14:11:31.291 W/MountService(  374): getVolumeState(/mnt/extSdCard): Unknown volume
05-20 14:11:31.291 W/MountService(  374): getVolumeState(/mnt/sdcard/SD_CARD): Unknown volume
05-20 14:11:31.291 W/MountService(  374): getVolumeState(/mnt/sdcard/extra_sd): Unknown volume
05-20 14:11:31.291 W/MountService(  374): getVolumeState(/mnt/extrasd_bind): Unknown volume
05-20 14:11:31.291 W/MountService(  374): getVolumeState(/mnt/sdcard/ext_sd): Unknown volume
05-20 14:11:31.291 W/MountService(  374): getVolumeState(/storage/extSdCard): Unknown volume
05-20 14:11:31.291 W/MountService(  374): getVolumeState(/storage/sdcard1): Unknown volume
05-20 14:11:31.291 W/MountService(  374): getVolumeState(/mnt/sdcard/external_SD): Unknown volume
05-20 14:11:31.299 W/MountService(  374): getVolumeState(/mnt/sdcard/external_sd): Unknown volume
05-20 14:11:31.846 W/MountService(  374): getVolumeState(/storage/emulated/0/external_sd): Unknown volume
05-20 14:11:31.846 W/MountService(  374): getVolumeState(/mnt/sdcard-ext): Unknown volume
05-20 14:11:31.846 W/MountService(  374): getVolumeState(/mnt/ext_sdcard): Unknown volume
05-20 14:11:31.846 W/MountService(  374): getVolumeState(/mnt/sdcard2): Unknown volume
05-20 14:11:31.846 W/MountService(  374): getVolumeState(/mnt/emmc): Unknown volume
05-20 14:11:31.846 W/MountService(  374): getVolumeState(/mnt/extSdCard): Unknown volume
05-20 14:11:31.853 W/MountService(  374): getVolumeState(/mnt/sdcard/SD_CARD): Unknown volume
05-20 14:11:31.853 W/MountService(  374): getVolumeState(/mnt/sdcard/extra_sd): Unknown volume
05-20 14:11:31.853 W/MountService(  374): getVolumeState(/mnt/extrasd_bind): Unknown volume
05-20 14:11:31.853 W/MountService(  374): getVolumeState(/mnt/sdcard/ext_sd): Unknown volume
05-20 14:11:31.853 W/MountService(  374): getVolumeState(/storage/extSdCard): Unknown volume
05-20 14:11:31.853 W/MountService(  374): getVolumeState(/storage/sdcard1): Unknown volume
05-20 14:11:31.853 W/MountService(  374): getVolumeState(/mnt/sdcard/external_SD): Unknown volume
05-20 14:11:31.853 W/MountService(  374): getVolumeState(/mnt/sdcard/external_sd): Unknown volume
05-20 14:11:32.502 I/ActivityManager(  374): Start proc com.android.defcontainer for service com.android.defcontainer/.DefaultContainerService: pid=1503 uid=10012 gids={50012, 1015, 1023, 2001, 1028}
05-20 14:11:32.736 W/MountService(  374): getVolumeState(/storage/emulated/0/external_sd): Unknown volume
05-20 14:11:32.736 W/MountService(  374): getVolumeState(/mnt/sdcard-ext): Unknown volume
05-20 14:11:32.744 W/MountService(  374): getVolumeState(/mnt/ext_sdcard): Unknown volume
05-20 14:11:32.744 W/MountService(  374): getVolumeState(/mnt/sdcard2): Unknown volume
05-20 14:11:32.744 W/MountService(  374): getVolumeState(/mnt/emmc): Unknown volume
05-20 14:11:32.744 W/MountService(  374): getVolumeState(/mnt/extSdCard): Unknown volume
05-20 14:11:32.744 W/MountService(  374): getVolumeState(/mnt/sdcard/SD_CARD): Unknown volume
05-20 14:11:32.744 W/MountService(  374): getVolumeState(/mnt/sdcard/extra_sd): Unknown volume
05-20 14:11:32.744 W/MountService(  374): getVolumeState(/mnt/extrasd_bind): Unknown volume
05-20 14:11:32.744 W/MountService(  374): getVolumeState(/mnt/sdcard/ext_sd): Unknown volume
05-20 14:11:32.744 W/MountService(  374): getVolumeState(/storage/extSdCard): Unknown volume
05-20 14:11:32.744 W/MountService(  374): getVolumeState(/storage/sdcard1): Unknown volume
05-20 14:11:32.744 W/MountService(  374): getVolumeState(/mnt/sdcard/external_SD): Unknown volume
05-20 14:11:32.744 W/MountService(  374): getVolumeState(/mnt/sdcard/external_sd): Unknown volume
05-20 14:11:35.392 I/ActivityManager(  374): Process com.google.android.apps.maps:LocationFriendService (pid 890) has died.
05-20 14:11:36.752 I/ActivityManager(  374): Start proc com.qihoo360.mobilesafe for service com.qihoo360.mobilesafe/.service.ExamService: pid=1607 uid=10069 gids={50069, 3003, 1015, 3001, 3002, 1006, 1028}
--------- beginning of /dev/log/main
05-20 14:11:36.986 W/System.err( 1607): 	at android.content.res.AssetManager.open(AssetManager.java:316)
05-20 14:11:36.986 W/System.err( 1607): 	at android.content.res.AssetManager.open(AssetManager.java:290)
05-20 14:11:36.986 W/System.err( 1607): 	at root.o.a(Unknown Source)
05-20 14:11:36.986 W/System.err( 1607): 	at com.qihoo.permmgr.PermManager.checkFiles(Unknown Source)
05-20 14:11:36.986 W/System.err( 1607): 	at com.qihoo.permmgr.PermManager.<init>(Unknown Source)
05-20 14:11:36.986 W/System.err( 1607): 	at com.qihoo.permmgr.PermManager.getInstance(Unknown Source)
05-20 14:11:36.986 W/System.err( 1607): 	at root.w.<init>(Unknown Source)
05-20 14:11:36.986 W/System.err( 1607): 	at com.qihoo360.plugin.root.Entry.createObject(Unknown Source)
05-20 14:11:36.986 W/System.err( 1607): 	at java.lang.reflect.Method.invokeNative(Native Method)
05-20 14:11:36.986 W/System.err( 1607): 	at java.lang.reflect.Method.invoke(Method.java:525)
05-20 14:11:36.986 W/System.err( 1607): 	at ko.p(360MobileSafe:114)
05-20 14:11:36.986 W/System.err( 1607): 	at kl.h(360MobileSafe:233)
05-20 14:11:36.986 W/System.err( 1607): 	at kl.g(360MobileSafe:206)
05-20 14:11:36.986 W/System.err( 1607): 	at kk.b(360MobileSafe:359)
05-20 14:11:36.986 W/System.err( 1607): 	at com.qihoo360.mobilesafe.ui.index.MobileSafeApplication.b(360MobileSafe:521)
05-20 14:11:36.986 W/System.err( 1607): 	at com.qihoo360.mobilesafe.ui.index.MobileSafeApplication.onCreate(360MobileSafe:407)
05-20 14:11:36.986 W/System.err( 1607): 	at android.app.Instrumentation.callApplicationOnCreate(Instrumentation.java:1007)
05-20 14:11:36.986 W/System.err( 1607): 	at android.app.ActivityThread.handleBindApplication(ActivityThread.java:4444)
05-20 14:11:36.986 W/System.err( 1607): 	at android.app.ActivityThread.access$1300(ActivityThread.java:141)
05-20 14:11:36.986 W/System.err( 1607): 	at android.app.ActivityThread$H.handleMessage(ActivityThread.java:1316)
05-20 14:11:36.986 W/System.err( 1607): 	at android.os.Handler.dispatchMessage(Handler.java:99)
05-20 14:11:36.986 W/System.err( 1607): 	at android.os.Looper.loop(Looper.java:137)
05-20 14:11:36.986 W/System.err( 1607): 	at android.app.ActivityThread.main(ActivityThread.java:5103)
05-20 14:11:36.986 W/System.err( 1607): 	at java.lang.reflect.Method.invokeNative(Native Method)
05-20 14:11:36.986 W/System.err( 1607): 	at java.lang.reflect.Method.invoke(Method.java:525)
05-20 14:11:36.986 W/System.err( 1607): 	at com.android.internal.os.ZygoteInit$MethodAndArgsCaller.run(ZygoteInit.java:737)
05-20 14:11:36.986 W/System.err( 1607): 	at com.android.internal.os.ZygoteInit.main(ZygoteInit.java:553)
05-20 14:11:36.986 W/System.err( 1607): 	at dalvik.system.NativeStart.main(Native Method)
05-20 14:11:37.002 D/dalvikvm( 1607): Trying to load lib /data/data/com.qihoo360.mobilesafe/files/permmgr/Libpermc.so 0x422d5038
05-20 14:11:37.002 D/dalvikvm( 1607): Added shared lib /data/data/com.qihoo360.mobilesafe/files/permmgr/Libpermc.so 0x422d5038
05-20 14:11:37.002 I/dex     ( 1607): load /data/data/com.qihoo360.mobilesafe/files/appmgr.apk ...
05-20 14:11:37.010 I/dex     ( 1607): load /data/data/com.qihoo360.mobilesafe/files/appmgr.apk = dalvik.system.DexClassLoader[DexPathList[[zip file "/data/data/com.qihoo360.mobilesafe/files/appmgr.apk"],nativeLibraryDirectories=[/vendor/lib, /system/lib]]]
05-20 14:11:37.049 D/dalvikvm( 1468): GC_CONCURRENT freed 429K, 30% free 9730K/13848K, paused 5ms+4ms, total 29ms
05-20 14:11:37.080 D/dalvikvm( 1607): GC_CONCURRENT freed 484K, 6% free 9116K/9640K, paused 3ms+1ms, total 31ms
05-20 14:11:37.080 D/dalvikvm( 1607): WAIT_FOR_CONCURRENT_GC blocked 13ms
05-20 14:11:37.135 I/ActivityManager(  374): Process com.google.android.apps.maps:FriendService (pid 874) has died.
05-20 14:11:37.252 D/dalvikvm( 1607): Trying to load lib /data/data/com.qihoo360.mobilesafe/files/so_libs/libmobilesafe360-jni-2.2.so 0x42281f58
05-20 14:11:37.267 D/dalvikvm( 1468): GC_CONCURRENT freed 402K, 30% free 9754K/13848K, paused 14ms+6ms, total 43ms
05-20 14:11:37.275 D/dalvikvm( 1607): Added shared lib /data/data/com.qihoo360.mobilesafe/files/so_libs/libmobilesafe360-jni-2.2.so 0x42281f58
05-20 14:11:37.431 D/dalvikvm( 1607): GC_CONCURRENT freed 240K, 4% free 9277K/9640K, paused 3ms+5ms, total 30ms
05-20 14:11:37.556 D/dalvikvm( 1468): GC_CONCURRENT freed 470K, 30% free 9728K/13848K, paused 30ms+3ms, total 82ms
05-20 14:11:37.556 D/dalvikvm( 1607): GC_CONCURRENT freed 452K, 6% free 9267K/9760K, paused 5ms+1ms, total 35ms
05-20 14:11:37.783 W/Settings( 1607): Setting adb_enabled has moved from android.provider.Settings.Secure to android.provider.Settings.Global.
05-20 14:11:37.814 D/dalvikvm( 1607): GC_CONCURRENT freed 342K, 4% free 9438K/9820K, paused 6ms+11ms, total 85ms
05-20 14:11:37.814 D/dalvikvm( 1607): WAIT_FOR_CONCURRENT_GC blocked 17ms
05-20 14:11:37.830 D/dalvikvm( 1607): WAIT_FOR_CONCURRENT_GC blocked 26ms
05-20 14:11:37.931 D/dalvikvm( 1607): GC_CONCURRENT freed 443K, 5% free 9425K/9912K, paused 3ms+6ms, total 52ms
05-20 14:11:38.033 D/AndroidRuntime( 1639): 
05-20 14:11:38.033 D/AndroidRuntime( 1639): >>>>>> AndroidRuntime START com.android.internal.os.RuntimeInit <<<<<<
05-20 14:11:38.033 D/AndroidRuntime( 1639): CheckJNI is OFF
05-20 14:11:38.049 D/dalvikvm( 1639): Trying to load lib libjavacore.so 0x0
05-20 14:11:38.049 D/dalvikvm( 1639): Added shared lib libjavacore.so 0x0
05-20 14:11:38.056 D/dalvikvm( 1639): Trying to load lib libnativehelper.so 0x0
05-20 14:11:38.056 D/dalvikvm( 1639): Added shared lib libnativehelper.so 0x0
05-20 14:11:38.275 D/AndroidRuntime( 1639): Calling main entry com.android.commands.am.Am
05-20 14:11:38.275 D/dalvikvm( 1639): Note: class Landroid/app/ActivityManagerNative; has 163 unimplemented (abstract) methods
05-20 14:11:38.283 D/dalvikvm( 1468): GC_CONCURRENT freed 441K, 30% free 9712K/13848K, paused 3ms+4ms, total 31ms
05-20 14:11:38.299 I/dalvikvm( 1655): Turning on JNI app bug workarounds for target SDK version 8...
05-20 14:11:38.306 D/AndroidRuntime( 1639): Shutting down VM
05-20 14:11:38.306 D/dalvikvm( 1639): GC_CONCURRENT freed 91K, 16% free 514K/608K, paused 0ms+0ms, total 3ms
05-20 14:11:38.306 I/ActivityManager(  374): Start proc com.qihoo360.mobilesafe:PcDaemon for service com.qihoo360.mobilesafe/.pcdaemon.service.DaemonService: pid=1655 uid=10069 gids={50069, 3003, 1015, 3001, 3002, 1006, 1028}
05-20 14:11:38.408 D/dalvikvm(  374): GC_EXPLICIT freed 1234K, 26% free 20738K/27924K, paused 3ms+8ms, total 98ms
05-20 14:11:38.486 D/dalvikvm( 1607): GC_CONCURRENT freed 115K, 3% free 9708K/9912K, paused 93ms+2ms, total 150ms
05-20 14:11:38.861 D/AndroidRuntime( 1681): 
05-20 14:11:38.861 D/AndroidRuntime( 1681): >>>>>> AndroidRuntime START com.android.internal.os.RuntimeInit <<<<<<
05-20 14:11:38.861 D/AndroidRuntime( 1681): CheckJNI is OFF
05-20 14:11:38.869 D/dalvikvm( 1681): Trying to load lib libjavacore.so 0x0
05-20 14:11:38.877 D/dalvikvm( 1681): Added shared lib libjavacore.so 0x0
05-20 14:11:38.885 D/dalvikvm( 1681): Trying to load lib libnativehelper.so 0x0
05-20 14:11:38.885 D/dalvikvm( 1681): Added shared lib libnativehelper.so 0x0
05-20 14:11:39.049 D/AndroidRuntime( 1681): Calling main entry com.android.commands.am.Am
05-20 14:11:39.049 D/dalvikvm( 1681): Note: class Landroid/app/ActivityManagerNative; has 163 unimplemented (abstract) methods
05-20 14:11:39.369 D/AndroidRuntime( 1696): 
05-20 14:11:39.369 D/AndroidRuntime( 1696): >>>>>> AndroidRuntime START com.android.internal.os.RuntimeInit <<<<<<
05-20 14:11:39.369 D/AndroidRuntime( 1696): CheckJNI is OFF
05-20 14:11:39.377 D/dalvikvm( 1696): Trying to load lib libjavacore.so 0x0
05-20 14:11:39.377 D/dalvikvm( 1696): Added shared lib libjavacore.so 0x0
05-20 14:11:39.385 D/dalvikvm( 1696): Trying to load lib libnativehelper.so 0x0
05-20 14:11:39.385 D/dalvikvm( 1696): Added shared lib libnativehelper.so 0x0
05-20 14:11:39.408 D/dalvikvm( 1468): GC_CONCURRENT freed 511K, 30% free 9709K/13848K, paused 38ms+42ms, total 379ms
05-20 14:11:39.408 D/dalvikvm( 1468): WAIT_FOR_CONCURRENT_GC blocked 292ms
05-20 14:11:39.556 D/AndroidRuntime( 1696): Calling main entry com.android.commands.am.Am
05-20 14:11:39.556 D/dalvikvm( 1696): Note: class Landroid/app/ActivityManagerNative; has 163 unimplemented (abstract) methods
05-20 14:11:39.580 W/BroadcastQueue(  374): Failure [background] sending broadcast result of Intent { act=com.qihoo360.mobilesafe.NotifyDaemonStop flg=0x10 }
05-20 14:11:39.580 W/BroadcastQueue(  374): android.os.DeadObjectException
05-20 14:11:39.580 W/BroadcastQueue(  374): 	at android.os.BinderProxy.transact(Native Method)
05-20 14:11:39.580 W/BroadcastQueue(  374): 	at android.content.IIntentReceiver$Stub$Proxy.performReceive(IIntentReceiver.java:124)
05-20 14:11:39.580 W/BroadcastQueue(  374): 	at com.android.server.am.BroadcastQueue.performReceiveLocked(BroadcastQueue.java:376)
05-20 14:11:39.580 W/BroadcastQueue(  374): 	at com.android.server.am.BroadcastQueue.processNextBroadcast(BroadcastQueue.java:599)
05-20 14:11:39.580 W/BroadcastQueue(  374): 	at com.android.server.am.ActivityManagerService.finishReceiver(ActivityManagerService.java:12390)
05-20 14:11:39.580 W/BroadcastQueue(  374): 	at android.app.ActivityManagerNative.onTransact(ActivityManagerNative.java:379)
05-20 14:11:39.580 W/BroadcastQueue(  374): 	at com.android.server.am.ActivityManagerService.onTransact(ActivityManagerService.java:1737)
05-20 14:11:39.580 W/BroadcastQueue(  374): 	at android.os.Binder.execTransact(Binder.java:388)
05-20 14:11:39.580 W/BroadcastQueue(  374): 	at dalvik.system.NativeStart.run(Native Method)
05-20 14:11:39.681 D/dalvikvm( 1607): GC_CONCURRENT freed 372K, 5% free 9726K/10140K, paused 3ms+5ms, total 30ms
05-20 14:11:39.721 D/dalvikvm( 1468): GC_CONCURRENT freed 535K, 31% free 9680K/13848K, paused 3ms+6ms, total 35ms
05-20 14:11:39.830 D/dalvikvm( 1607): GC_CONCURRENT freed 298K, 4% free 9848K/10232K, paused 2ms+2ms, total 27ms
05-20 14:11:39.900 D/dalvikvm( 1468): GC_CONCURRENT freed 482K, 31% free 9678K/13848K, paused 2ms+8ms, total 34ms
05-20 14:11:40.049 D/dalvikvm( 1607): GC_CONCURRENT freed 363K, 5% free 9897K/10312K, paused 2ms+13ms, total 45ms
05-20 14:11:40.072 D/dalvikvm( 1468): GC_CONCURRENT freed 508K, 31% free 9650K/13848K, paused 2ms+3ms, total 37ms
05-20 14:11:40.228 D/dalvikvm( 1468): GC_CONCURRENT freed 429K, 31% free 9648K/13848K, paused 3ms+4ms, total 25ms
05-20 14:11:40.431 D/dalvikvm( 1607): GC_CONCURRENT freed 380K, 5% free 10029K/10448K, paused 2ms+2ms, total 75ms
05-20 14:11:40.431 D/dalvikvm( 1607): WAIT_FOR_CONCURRENT_GC blocked 56ms
05-20 14:11:40.439 D/dalvikvm( 1607): WAIT_FOR_CONCURRENT_GC blocked 52ms
05-20 14:11:40.439 W/Settings( 1607): Setting android_id has moved from android.provider.Settings.System to android.provider.Settings.Secure, returning read-only value.
05-20 14:11:40.455 D/dalvikvm( 1468): GC_CONCURRENT freed 484K, 31% free 9671K/13848K, paused 3ms+7ms, total 74ms
05-20 14:11:40.549 D/dalvikvm( 1607): GC_CONCURRENT freed 321K, 4% free 10212K/10580K, paused 4ms+2ms, total 43ms
05-20 14:11:40.549 D/dalvikvm( 1607): WAIT_FOR_CONCURRENT_GC blocked 6ms
05-20 14:11:40.650 D/dalvikvm( 1468): GC_CONCURRENT freed 480K, 31% free 9672K/13848K, paused 2ms+27ms, total 59ms
05-20 14:11:40.666 D/dalvikvm( 1607): GC_CONCURRENT freed 141K, 2% free 10561K/10764K, paused 3ms+3ms, total 41ms
05-20 14:11:40.666 D/dalvikvm( 1607): WAIT_FOR_CONCURRENT_GC blocked 8ms
05-20 14:11:40.767 D/dalvikvm( 1607): GC_CONCURRENT freed 153K, 3% free 10927K/11152K, paused 3ms+3ms, total 47ms
05-20 14:11:40.767 D/dalvikvm( 1607): WAIT_FOR_CONCURRENT_GC blocked 10ms
05-20 14:11:40.822 D/dalvikvm( 1468): GC_CONCURRENT freed 535K, 31% free 9644K/13848K, paused 3ms+9ms, total 44ms
05-20 14:11:40.846 D/dalvikvm( 1726): Late-enabling CheckJNI
05-20 14:11:40.853 I/ActivityManager(  374): Start proc com.pekall.emdm.launcher:remote for service com.pekall.emdm.launcher/com.baidu.location.f: pid=1726 uid=10066 gids={50066, 1015, 3002, 3001, 3003, 1028}
05-20 14:11:40.892 V/MyServiceConnection( 1726): [SConnection] sandbox service is NOT installed.
05-20 14:11:40.892 V/MyServiceConnection( 1726): [SConnection] binding service: pekall.intent.action.SANDBOX_SERVICE
05-20 14:11:40.892 D/ScClassLoader( 1726): >> SOURCE FILE: /data/data/com.pekall.emdm.launcher/app_jars/sc-jdk15on-1.47.0.2.dex.jar
05-20 14:11:40.931 W/Parcel  ( 1661): Attempt to read object from Parcel 0x6003bdac at offset 200 that is not in the object list
05-20 14:11:40.931 W/Parcel  ( 1661): Attempt to read object from Parcel 0x5ded3dac at offset 200 that is not in the object list
05-20 14:11:40.931 D/Email   ( 1726): Email: init sandbox at the beginning.
05-20 14:11:40.931 V/MyServiceConnection( 1726): [SConnection] retry to bind service
05-20 14:11:40.931 V/MyServiceConnection( 1726): [SConnection] sandbox service is NOT installed.
05-20 14:11:40.931 V/MyServiceConnection( 1726): [SConnection] binding service: pekall.intent.action.SANDBOX_SERVICE
05-20 14:11:40.939 D/dalvikvm( 1726): GC_CONCURRENT freed 120K, 2% free 9313K/9472K, paused 4ms+2ms, total 35ms
05-20 14:11:40.939 D/dalvikvm( 1726): WAIT_FOR_CONCURRENT_GC blocked 4ms
05-20 14:11:40.978 V/MyServiceConnection( 1726): [SConnection] retry to bind service
05-20 14:11:40.978 V/MyServiceConnection( 1726): [SConnection] sandbox service is NOT installed.
05-20 14:11:40.978 V/MyServiceConnection( 1726): [SConnection] binding service: pekall.intent.action.SANDBOX_SERVICE
05-20 14:11:40.986 V/l       ( 1726): Bind requested for task setLogging
05-20 14:11:40.994 I/ActivityManager(  374): Process com.google.android.deskclock (pid 26417) has died.
05-20 14:11:41.010 D/ExchangeService(26771): !!! EAS ExchangeService, onCreate
05-20 14:11:41.017 D/dalvikvm( 1726): GC_CONCURRENT freed 232K, 3% free 9592K/9864K, paused 4ms+2ms, total 24ms
05-20 14:11:41.017 D/dalvikvm( 1726): WAIT_FOR_CONCURRENT_GC blocked 13ms
05-20 14:11:41.017 D/dalvikvm( 1726): WAIT_FOR_CONCURRENT_GC blocked 6ms
05-20 14:11:41.072 W/Parcel  ( 1661): Attempt to read object from Parcel 0x6013bdac at offset 200 that is not in the object list
05-20 14:11:41.080 D/ExchangeService(26771): !!! EAS ExchangeService, onStartCommand, startingUp = false, running = false
05-20 14:11:41.080 D/ExchangeService(26771): to start secureStorageService now
05-20 14:11:41.080 W/DocumentManager( 1726): Sandbox service is not connected.
05-20 14:11:41.080 D/MessageControllerImpl( 1726): controller is null
05-20 14:11:41.080 V/MyServiceConnection( 1726): [SConnection] retry to bind service
05-20 14:11:41.080 V/MyServiceConnection( 1726): [SConnection] sandbox service is NOT installed.
05-20 14:11:41.080 V/MyServiceConnection( 1726): [SConnection] binding service: pekall.intent.action.SANDBOX_SERVICE
05-20 14:11:41.080 W/SQLiteOpenHelper( 1726): Opened /data/data/com.pekall.emdm.launcher/databases/message.db
05-20 14:11:41.080 W/dalvikvm( 1726): No implementation found for native Lcom/pekall/sandbox/database/sqlite/SQLiteDatabase;.native_setSqliteSoftHeapLimit:(I)V
05-20 14:11:41.080 D/AndroidRuntime( 1726): Shutting down VM
05-20 14:11:41.080 W/dalvikvm( 1726): threadid=1: thread exiting with uncaught exception (group=0x419c8700)
05-20 14:11:41.080 D/        ( 1726): [---null: -1---]  Thread is main
05-20 14:11:41.080 W/System.err( 1726): java.lang.UnsatisfiedLinkError: Native method not found: com.pekall.sandbox.database.sqlite.SQLiteDatabase.native_setSqliteSoftHeapLimit:(I)V
05-20 14:11:41.088 W/System.err( 1726): 	at com.pekall.sandbox.database.sqlite.SQLiteDatabase.native_setSqliteSoftHeapLimit(Native Method)
05-20 14:11:41.088 W/System.err( 1726): 	at com.pekall.sandbox.database.sqlite.SQLiteDatabase.<init>(Unknown Source)
05-20 14:11:41.088 W/System.err( 1726): 	at com.pekall.sandbox.database.sqlite.SQLiteDatabase.openDatabase(Unknown Source)
05-20 14:11:41.088 W/System.err( 1726): 	at com.pekall.sandbox.database.sqlite.SQLiteDatabase.openDatabase(Unknown Source)
05-20 14:11:41.088 W/System.err( 1726): 	at com.pekall.sandbox.database.sqlite.SQLiteDatabase.openDatabase(Unknown Source)
05-20 14:11:41.088 W/System.err( 1726): 	at com.pekall.sandbox.database.sqlite.SQLiteOpenHelper.getWritableDatabase(Unknown Source)
05-20 14:11:41.088 W/System.err( 1726): 	at com.pekall.emdm.messagecenter.db.a.a(Unknown Source)
05-20 14:11:41.088 W/System.err( 1726): 	at com.pekall.emdm.messagecenter.db.a.b(Unknown Source)
05-20 14:11:41.088 W/System.err( 1726): 	at com.pekall.emdm.messagecenter.activity.a.onCreate(Unknown Source)
05-20 14:11:41.088 W/System.err( 1726): 	at com.pekall.emdm.launcher.LauncherApplication.onCreate(Unknown Source)
05-20 14:11:41.088 W/System.err( 1726): 	at android.app.Instrumentation.callApplicationOnCreate(Instrumentation.java:1007)
05-20 14:11:41.088 W/System.err( 1726): 	at android.app.ActivityThread.handleBindApplication(ActivityThread.java:4444)
05-20 14:11:41.088 W/System.err( 1726): 	at android.app.ActivityThread.access$1300(ActivityThread.java:141)
05-20 14:11:41.088 W/System.err( 1726): 	at android.app.ActivityThread$H.handleMessage(ActivityThread.java:1316)
05-20 14:11:41.096 W/System.err( 1726): 	at android.os.Handler.dispatchMessage(Handler.java:99)
05-20 14:11:41.096 W/System.err( 1726): 	at android.os.Looper.loop(Looper.java:137)
05-20 14:11:41.096 W/System.err( 1726): 	at android.app.ActivityThread.main(ActivityThread.java:5103)
05-20 14:11:41.096 W/System.err( 1726): 	at java.lang.reflect.Method.invokeNative(Native Method)
05-20 14:11:41.096 W/System.err( 1726): 	at java.lang.reflect.Method.invoke(Method.java:525)
05-20 14:11:41.096 W/System.err( 1726): 	at com.android.internal.os.ZygoteInit$MethodAndArgsCaller.run(ZygoteInit.java:737)
05-20 14:11:41.096 W/System.err( 1726): 	at com.android.internal.os.ZygoteInit.main(ZygoteInit.java:553)
05-20 14:11:41.096 W/System.err( 1726): 	at dalvik.system.NativeStart.main(Native Method)
05-20 14:11:41.127 V/a       (26771): Bind requested for task test
05-20 14:11:41.158 D/ExchangeService(26771): Reconciling accounts...
05-20 14:11:41.158 V/a       (26771): Connected: com.pekall.semail.service.AccountServiceInternal
05-20 14:11:41.181 V/a       (26771): Connection test succeeded in 55ms
05-20 14:11:41.181 V/a       (26771): Task test completed; disconnecting
05-20 14:11:41.236 V/a       (26771): Bind requested for task reconcileAccounts
05-20 14:11:41.666 D/ActivityThread( 1726): Loading provider com.pekall.semail.provider;com.pekall.semail.notifier: com.pekall.semail.provider.EmailProvider
05-20 14:11:41.697 V/a       (26771): Waiting for task reconcileAccounts to complete...
05-20 14:11:41.697 V/a       (26771): Connected: com.pekall.semail.service.AccountServiceInternal
05-20 14:11:41.721 V/a       (26771): Task reconcileAccounts completed; disconnecting
05-20 14:11:41.728 D/dalvikvm( 1726): GC_CONCURRENT freed 490K, 6% free 9488K/10020K, paused 4ms+3ms, total 47ms
05-20 14:11:41.838 V/a       (26771): Wait for reconcileAccounts finished in 139ms
05-20 14:11:41.900 D/ActivityThread( 1726): Loading provider com.pekall.semail.provider;com.pekall.semail.notifier: com.pekall.semail.provider.EmailProvider
05-20 14:11:43.377 D/ExchangeService(26771): !!! EAS ExchangeService, stopping self
05-20 14:11:43.471 D/dalvikvm( 1661): GC_EXPLICIT freed 453K, 18% free 13156K/15888K, paused 2ms+4ms, total 93ms
05-20 14:11:45.642 D/dalvikvm( 1468): GC_CONCURRENT freed 486K, 31% free 9667K/13848K, paused 375ms+3ms, total 1601ms
05-20 14:11:45.642 D/dalvikvm( 1468): WAIT_FOR_CONCURRENT_GC blocked 483ms
05-20 14:11:46.760 D/dalvikvm( 1661): GC_EXPLICIT freed 216K, 18% free 13100K/15888K, paused 2ms+3ms, total 93ms
05-20 14:11:47.033 D/dalvikvm( 1661): GC_EXPLICIT freed 85K, 18% free 13092K/15888K, paused 2ms+3ms, total 87ms
05-20 14:11:47.119 W/EmailProvider( 1726): restoreIfNeeded...
05-20 14:11:47.283 D/EmailProvider( 1726): restoreAccounts...
05-20 14:11:47.674 D/LightsService(  374): Excessive delay setting light: 67ms
05-20 14:11:47.947 D/LightsService(  374): Excessive delay setting light: 67ms
05-20 14:11:48.142 D/dalvikvm( 1468): GC_CONCURRENT freed 509K, 31% free 9665K/13848K, paused 7ms+119ms, total 668ms
05-20 14:11:48.142 D/dalvikvm( 1468): WAIT_FOR_CONCURRENT_GC blocked 227ms
05-20 14:11:50.033 D/EmailProvider( 1726): No accounts to restore...
05-20 14:11:50.096 D/dalvikvm( 1468): GC_CONCURRENT freed 481K, 31% free 9690K/13848K, paused 34ms+206ms, total 680ms
05-20 14:11:50.135 D/EmailProvider( 1726): Deleting orphans...
05-20 14:11:50.392 D/EmailProvider( 1726): EmailProvider pre-caching...
05-20 14:11:51.525 D/dalvikvm( 1468): GC_CONCURRENT freed 560K, 31% free 9638K/13848K, paused 2ms+3ms, total 617ms
05-20 14:11:51.525 D/dalvikvm( 1468): WAIT_FOR_CONCURRENT_GC blocked 179ms
05-20 14:11:51.556 D/EmailProvider( 1726): EmailProvider ready.
05-20 14:11:52.244 W/ActivityManager(  374): Unable to start service Intent { cmp=com.pekall.emdm.launcher/com.pekall.semail.service.AttachmentDownloadService } U=0: not found
05-20 14:11:52.338 I/Email   ( 1726): Notifications being toggled: false
05-20 14:11:52.971 D/dalvikvm( 1468): GC_CONCURRENT freed 504K, 31% free 9644K/13848K, paused 18ms+131ms, total 750ms
05-20 14:11:52.971 D/dalvikvm( 1468): WAIT_FOR_CONCURRENT_GC blocked 242ms
05-20 14:11:53.002 D/dalvikvm( 1468): WAIT_FOR_CONCURRENT_GC blocked 246ms
05-20 14:11:53.892 I/PowerManagerService(  374): Going to sleep due to screen timeout...
05-20 14:11:54.822 D/LauncherApplication(26771): [null:-1]->onActivityPaused
05-20 14:11:54.853 D/LauncherApplication(26771): [null:-1]->onActivityPaused  updateTime
05-20 14:11:54.892 W/Parcel  ( 1661): Attempt to read object from Parcel 0x5ec3bdac at offset 200 that is not in the object list
05-20 14:11:54.916 D/dalvikvm( 1468): GC_CONCURRENT freed 436K, 31% free 9685K/13848K, paused 94ms+12ms, total 1028ms
05-20 14:11:54.978 V/MDM :   (26771): [null:-1]->Screen receiver is called.
05-20 14:11:54.978 W/Parcel  ( 1661): Attempt to read object from Parcel 0x5dfd3dac at offset 200 that is not in the object list
05-20 14:11:55.010 D/dalvikvm(29976): GC_CONCURRENT freed 619K, 9% free 9513K/10396K, paused 60ms+9ms, total 734ms
05-20 14:11:55.025 V/WiseDownloadConditionControler(31841): checkCondition  type : TODAY_LAUNCHED_USER  inerrupting: false
05-20 14:11:55.041 W/Parcel  ( 1661): Attempt to read object from Parcel 0x5ec3bdac at offset 200 that is not in the object list
05-20 14:11:55.103 V/WiseDownloadConditionControler(31841): checkCondition  type : TRIGGER_WISE_DOWNLOAD  inerrupting: false
05-20 14:11:55.197 D/LightsService(  374): Excessive delay setting light: 375ms
05-20 14:11:55.228 D/SurfaceFlinger(  124): Screen released, type=0 flinger=0x40e95478
05-20 14:11:55.877 D/NfcService(  568): NFC-C OFF, disconnect
05-20 14:11:56.439 D/PowerManagerService-JNI(  374): Excessive delay in autosuspend_enable() while turning screen off: 1177ms
05-20 14:11:57.580 D/dalvikvm( 1607): GC_CONCURRENT freed 329K, 4% free 11196K/11592K, paused 389ms+478ms, total 2529ms
05-20 14:11:58.166 V/WiseDownloadConditionControler(31841): checkingStatus~~~ 
05-20 14:11:58.197 V/WiseDownloadConditionControler(31841): checkCondition  type : WISE_DOWNLOAD  inerrupting: false
05-20 14:11:58.564 D/dalvikvm( 1468): GC_CONCURRENT freed 515K, 31% free 9676K/13848K, paused 164ms+4ms, total 1555ms
05-20 14:11:58.564 D/dalvikvm( 1468): WAIT_FOR_CONCURRENT_GC blocked 172ms
05-20 14:11:59.931 I/PowerManagerService(  374): Waking up from sleep...
05-20 14:11:59.955 I/ActivityManager(  374): Start proc com.google.android.deskclock for service com.google.android.deskclock/com.android.alarmclock.DigitalAppWidgetService: pid=1770 uid=10013 gids={50013, 1028}
05-20 14:12:00.135 V/KeyguardHostView(  374): hide transport, gen:1
05-20 14:12:00.135 V/KeyguardHostView(  374): music state changed: 0
05-20 14:12:00.189 D/PhoneStatusBar(  448): disable: < expand icons alerts ticker system_info back home RECENT* clock SEARCH* >
05-20 14:12:00.228 V/TAG     (  374): bug 7643792: fitSystemWindows([0,50][0,0])
05-20 14:12:00.322 D/PowerManagerService-JNI(  374): Excessive delay in autosuspend_disable() while turning screen on: 383ms
05-20 14:12:00.322 D/SurfaceFlinger(  124): Screen acquired, type=0 flinger=0x40e95478
05-20 14:12:00.322 D/PhoneStatusBar(  448): disable: < expand icons alerts ticker system_info BACK* HOME* RECENT CLOCK* SEARCH >
05-20 14:12:00.869 W/ActivityManager(  374): Timeout executing service: ServiceRecord{42d711c0 u0 com.pekall.emdm.launcher/com.baidu.location.f}
05-20 14:12:00.916 I/Process (  374): Sending signal. PID: 1726 SIG: 3
05-20 14:12:00.916 I/dalvikvm( 1726): threadid=3: reacting to signal 3
05-20 14:12:01.111 I/Process (  374): Sending signal. PID: 374 SIG: 3
05-20 14:12:01.111 I/dalvikvm(  374): threadid=3: reacting to signal 3
05-20 14:12:01.150 D/dalvikvm( 1468): GC_CONCURRENT freed 534K, 31% free 9649K/13848K, paused 141ms+300ms, total 1430ms
05-20 14:12:01.150 D/dalvikvm( 1468): WAIT_FOR_CONCURRENT_GC blocked 624ms
05-20 14:12:01.166 D/dalvikvm( 1726): JIT unchain all for threadid=11
05-20 14:12:01.236 I/dalvikvm( 1726): Wrote stack traces to '/data/anr/traces.txt'
05-20 14:12:06.635 I/Choreographer(  374): Skipped 325 frames!  The application may be doing too much work on its main thread.
05-20 14:12:06.635 I/Process (  374): Sending signal. PID: 561 SIG: 3
05-20 14:12:06.635 I/dalvikvm(  561): threadid=3: reacting to signal 3
05-20 14:12:06.642 I/Process (  374): Sending signal. PID: 448 SIG: 3
05-20 14:12:06.642 I/dalvikvm(  448): threadid=3: reacting to signal 3
05-20 14:12:06.642 I/dalvikvm(  374): Wrote stack traces to '/data/anr/traces.txt'
05-20 14:12:06.642 I/Process (  374): Sending signal. PID: 568 SIG: 3
05-20 14:12:06.642 I/dalvikvm(  568): threadid=3: reacting to signal 3
05-20 14:12:06.713 I/dalvikvm(  568): Wrote stack traces to '/data/anr/traces.txt'
05-20 14:12:06.760 I/dalvikvm(  561): Wrote stack traces to '/data/anr/traces.txt'
05-20 14:12:06.760 I/PowerManagerService(  374): Going to sleep by user request...
05-20 14:12:06.760 I/PowerManagerService(  374): Waking up from sleep...
05-20 14:12:07.017 D/dalvikvm(  374): GC_CONCURRENT freed 1556K, 21% free 22144K/27924K, paused 17ms+15ms, total 212ms
05-20 14:12:07.017 D/dalvikvm(  374): WAIT_FOR_CONCURRENT_GC blocked 130ms
05-20 14:12:07.369 I/dalvikvm(  448): Wrote stack traces to '/data/anr/traces.txt'
05-20 14:12:07.517 D/dalvikvm(  374): GC_EXPLICIT freed 2131K, 24% free 21264K/27924K, paused 4ms+11ms, total 117ms
05-20 14:12:08.142 I/Process (  374): Sending signal. PID: 26771 SIG: 3
05-20 14:12:08.142 I/dalvikvm(26771): threadid=3: reacting to signal 3
05-20 14:12:08.377 E/ActivityManager(  374): ANR in com.pekall.emdm.launcher:remote
05-20 14:12:08.377 E/ActivityManager(  374): Reason: Executing service com.pekall.emdm.launcher/com.baidu.location.f
05-20 14:12:08.377 E/ActivityManager(  374): Load: 4.84 / 2.68 / 1.97
05-20 14:12:08.377 E/ActivityManager(  374): CPU usage from 0ms to 7467ms later:
05-20 14:12:08.377 E/ActivityManager(  374):   86% 26771/com.pekall.emdm.launcher: 86% user + 0% kernel
05-20 14:12:08.377 E/ActivityManager(  374):   81% 1726/com.pekall.emdm.launcher:remote: 80% user + 0.4% kernel / faults: 106 minor
05-20 14:12:08.377 E/ActivityManager(  374):   22% 374/system_server: 18% user + 4.5% kernel / faults: 778 minor 1 major
05-20 14:12:08.377 E/ActivityManager(  374):   4.9% 448/com.android.systemui: 4.1% user + 0.8% kernel / faults: 139 minor
05-20 14:12:08.377 E/ActivityManager(  374):   2% 1607/com.qihoo360.mobilesafe: 2% user + 0% kernel / faults: 414 minor
05-20 14:12:08.377 E/ActivityManager(  374):   0.3% 561/com.android.phone: 0.2% user + 0.1% kernel / faults: 253 minor 4 major
05-20 14:12:08.377 E/ActivityManager(  374):   0.6% 1468/com.qihoo.daemon: 0.2% user + 0.4% kernel / faults: 2 minor
05-20 14:12:08.377 E/ActivityManager(  374):   0% 568/com.android.nfc: 0% user + 0% kernel / faults: 214 minor
05-20 14:12:08.377 E/ActivityManager(  374):   0.1% 24/kswapd0: 0% user + 0.1% kernel
05-20 14:12:08.377 E/ActivityManager(  374):   0.1% 82/mmcqd/0: 0% user + 0.1% kernel
05-20 14:12:08.377 E/ActivityManager(  374):   0% 95/ueventd: 0% user + 0% kernel
05-20 14:12:08.377 E/ActivityManager(  374):   0.1% 114/jbd2/mmcblk0p12: 0% user + 0.1% kernel
05-20 14:12:08.377 E/ActivityManager(  374):   0.1% 124/surfaceflinger: 0.1% user + 0% kernel
05-20 14:12:08.377 E/ActivityManager(  374):   0% 30346/com.qihoo.appstore: 0% user + 0% kernel / faults: 80 minor
05-20 14:12:08.377 E/ActivityManager(  374):   0% 30606/kworker/1:0: 0% user + 0% kernel
05-20 14:12:08.377 E/ActivityManager(  374): 100% TOTAL: 96% user + 3.5% kernel
05-20 14:12:08.377 E/ActivityManager(  374): CPU usage from 6647ms to 7208ms later:
05-20 14:12:08.377 E/ActivityManager(  374):   98% 26771/com.pekall.emdm.launcher: 98% user + 0% kernel
05-20 14:12:08.377 E/ActivityManager(  374):     98% 26784/Thread-1176: 98% user + 0% kernel
05-20 14:12:08.377 E/ActivityManager(  374):   92% 1726/com.pekall.emdm.launcher:remote: 92% user + 0% kernel
05-20 14:12:08.377 E/ActivityManager(  374):     96% 1742/Thread-1575: 96% user + 0% kernel
05-20 14:12:08.377 E/ActivityManager(  374):   7.2% 374/system_server: 1.8% user + 5.4% kernel
05-20 14:12:08.377 E/ActivityManager(  374):     7.2% 390/ActivityManager: 0% user + 7.2% kernel
05-20 14:12:08.377 E/ActivityManager(  374): 100% TOTAL: 97% user + 2.6% kernel
05-20 14:12:08.392 D/dalvikvm(26771): JIT unchain all for threadid=11
05-20 14:12:08.392 W/ActivityManager(  374): Killing ProcessRecord{4228e180 1726:com.pekall.emdm.launcher:remote/u0a10066}: background ANR
05-20 14:12:08.392 W/BroadcastQueue(  374): Timeout of broadcast BroadcastRecord{42a09930 u-1 android.intent.action.SCREEN_OFF} - receiver=android.os.BinderProxy@428f6118, started 13084ms ago
05-20 14:12:08.392 W/BroadcastQueue(  374): Receiver during timeout: BroadcastFilter{427b3298 u0 ReceiverList{427b50b0 1726 com.pekall.emdm.launcher:remote/10066/u0 remote:428f6118}}
05-20 14:12:08.392 I/ActivityManager(  374): Skipping duplicate ANR: ProcessRecord{4228e180 1726:com.pekall.emdm.launcher:remote/u0a10066} Broadcast of Intent { act=android.intent.action.SCREEN_OFF flg=0x50000010 }
05-20 14:12:08.424 I/ActivityManager(  374): Process com.pekall.emdm.launcher:remote (pid 1726) has died.
05-20 14:12:08.424 W/ActivityManager(  374): Scheduling restart of crashed service com.pekall.emdm.launcher/com.baidu.location.f in 80000ms
05-20 14:12:08.424 I/WindowManager(  374): Lock screen displayed!
05-20 14:12:08.580 W/Settings( 1607): Setting adb_enabled has moved from android.provider.Settings.Secure to android.provider.Settings.Global.
05-20 14:12:08.697 W/Parcel  ( 1661): Attempt to read object from Parcel 0x5ec3bdac at offset 200 that is not in the object list
05-20 14:12:08.697 D/LightsService(  374): Excessive delay setting light: 181ms
05-20 14:12:08.697 W/Parcel  ( 1661): Attempt to read object from Parcel 0x5ef3bdac at offset 200 that is not in the object list
05-20 14:12:08.744 I/dalvikvm(26771): Wrote stack traces to '/data/anr/traces.txt'
05-20 14:12:08.760 D/ExchangeService(26771): !!! EAS ExchangeService, onDestroy
05-20 14:12:08.853 W/Settings( 1661): Setting airplane_mode_on has moved from android.provider.Settings.System to android.provider.Settings.Global, returning read-only value.
05-20 14:12:08.885 V/WiseDownloadConditionControler(31841): checkCondition  type : WISE_DOWNLOAD  inerrupting: true
05-20 14:12:08.908 W/Parcel  ( 1661): Attempt to read object from Parcel 0x5ef3bdac at offset 200 that is not in the object list
05-20 14:12:08.939 V/DigitalWidgetViewsFactory( 1770): DigitalWidget sets next alarm string to null
05-20 14:12:09.002 D/dalvikvm( 1468): GC_CONCURRENT freed 411K, 21% free 9630K/12104K, paused 5ms+31ms, total 320ms
05-20 14:12:09.127 W/Parcel  ( 1661): Attempt to read object from Parcel 0x5ef3bdac at offset 200 that is not in the object list
05-20 14:12:09.244 V/KeyguardHostView(  374): hide transport, gen:1
05-20 14:12:09.244 V/KeyguardHostView(  374): music state changed: 0
05-20 14:12:09.244 V/MDM :   (26771): [null:-1]->Screen receiver is called.
05-20 14:12:09.267 W/Parcel  ( 1661): Attempt to read object from Parcel 0x5ded3dac at offset 200 that is not in the object list
05-20 14:12:09.299 V/WiseDownloadConditionControler(31841): checkCondition  type : TODAY_LAUNCHED_USER  inerrupting: false
05-20 14:12:09.322 W/Parcel  ( 1661): Attempt to read object from Parcel 0x5dfd3dac at offset 200 that is not in the object list
05-20 14:12:09.463 W/Parcel  ( 1661): Attempt to read object from Parcel 0x5ef3bdac at offset 200 that is not in the object list
05-20 14:12:09.471 D/dalvikvm(30346): GC_CONCURRENT freed 389K, 5% free 9531K/9964K, paused 19ms+161ms, total 771ms
05-20 14:12:09.494 V/WiseDownloadConditionControler(31841): checkCondition  type : TRIGGER_WISE_DOWNLOAD  inerrupting: false
05-20 14:12:09.502 W/Parcel  ( 1661): Attempt to read object from Parcel 0x5ded3dac at offset 200 that is not in the object list
05-20 14:12:09.658 I/WindowManager(  374): Lock screen displayed!
05-20 14:12:09.674 D/dalvikvm( 1607): GC_CONCURRENT freed 1618K, 14% free 10244K/11900K, paused 6ms+123ms, total 488ms
05-20 14:12:09.736 W/Settings( 1661): Setting airplane_mode_on has moved from android.provider.Settings.System to android.provider.Settings.Global, returning read-only value.
05-20 14:12:09.806 D/dalvikvm( 1661): GC_CONCURRENT freed 1335K, 18% free 13167K/15888K, paused 3ms+5ms, total 88ms
05-20 14:12:09.806 D/dalvikvm( 1661): WAIT_FOR_CONCURRENT_GC blocked 36ms
05-20 14:12:09.822 V/WiseDownloadConditionControler(31841): checkCondition  type : WISE_DOWNLOAD  inerrupting: true
05-20 14:12:09.900 W/Parcel  ( 1661): Attempt to read object from Parcel 0x5ded3dac at offset 200 that is not in the object list
05-20 14:12:09.916 V/DigitalWidgetViewsFactory( 1770): DigitalWidget sets next alarm string to null
05-20 14:12:10.439 D/dalvikvm( 1607): GC_EXPLICIT freed 185K, 16% free 10098K/11900K, paused 6ms+80ms, total 429ms
05-20 14:12:10.642 D/dalvikvm( 1607): GC_EXPLICIT freed 378K, 16% free 10077K/11900K, paused 2ms+2ms, total 38ms
05-20 14:12:13.025 D/MdmService(26771): [null:-1]->receiver action :com.pekall.mdm.action.MDM_ALARM
05-20 14:12:17.096 D/dalvikvm( 1661): GC_EXPLICIT freed 348K, 18% free 13102K/15888K, paused 2ms+3ms, total 45ms
05-20 14:12:25.002 V/WiseDownloadConditionControler(31841): checkCondition  type : WISE_DOWNLOAD  inerrupting: true
05-20 14:12:25.002 W/Parcel  ( 1661): Attempt to read object from Parcel 0x5dfd3dac at offset 200 that is not in the object list
05-20 14:12:25.033 W/Parcel  ( 1661): Attempt to read object from Parcel 0x5ec3bdac at offset 200 that is not in the object list
05-20 14:12:28.033 D/dalvikvm( 1238): GC_CONCURRENT freed 481K, 6% free 9195K/9720K, paused 2ms+2ms, total 20ms
05-20 14:12:30.978 D/LightsService(  374): Excessive delay setting light: 68ms
05-20 14:12:31.213 D/LightsService(  374): Excessive delay setting light: 67ms
05-20 14:12:31.439 W/MountService(  374): getVolumeState(/storage/emulated/0/external_sd): Unknown volume
05-20 14:12:31.439 W/MountService(  374): getVolumeState(/mnt/sdcard-ext): Unknown volume
05-20 14:12:31.439 W/MountService(  374): getVolumeState(/mnt/ext_sdcard): Unknown volume
05-20 14:12:31.439 W/MountService(  374): getVolumeState(/mnt/sdcard2): Unknown volume
05-20 14:12:31.439 W/MountService(  374): getVolumeState(/mnt/emmc): Unknown volume
05-20 14:12:31.439 W/MountService(  374): getVolumeState(/mnt/extSdCard): Unknown volume
05-20 14:12:31.439 W/MountService(  374): getVolumeState(/mnt/sdcard/SD_CARD): Unknown volume
05-20 14:12:31.439 W/MountService(  374): getVolumeState(/mnt/sdcard/extra_sd): Unknown volume
05-20 14:12:31.439 W/MountService(  374): getVolumeState(/mnt/extrasd_bind): Unknown volume
05-20 14:12:31.439 W/MountService(  374): getVolumeState(/mnt/sdcard/ext_sd): Unknown volume
05-20 14:12:31.447 W/MountService(  374): getVolumeState(/storage/extSdCard): Unknown volume
05-20 14:12:31.447 W/MountService(  374): getVolumeState(/storage/sdcard1): Unknown volume
05-20 14:12:31.447 W/MountService(  374): getVolumeState(/mnt/sdcard/external_SD): Unknown volume
05-20 14:12:31.447 W/MountService(  374): getVolumeState(/mnt/sdcard/external_sd): Unknown volume
05-20 14:12:31.510 D/dalvikvm( 1468): GC_CONCURRENT freed 414K, 20% free 9698K/12104K, paused 4ms+4ms, total 58ms
05-20 14:12:31.736 W/MountService(  374): getVolumeState(/storage/emulated/0/external_sd): Unknown volume
05-20 14:12:31.736 W/MountService(  374): getVolumeState(/mnt/sdcard-ext): Unknown volume
05-20 14:12:31.736 W/MountService(  374): getVolumeState(/mnt/ext_sdcard): Unknown volume
05-20 14:12:31.736 W/MountService(  374): getVolumeState(/mnt/sdcard2): Unknown volume
05-20 14:12:31.736 W/MountService(  374): getVolumeState(/mnt/emmc): Unknown volume
05-20 14:12:31.736 W/MountService(  374): getVolumeState(/mnt/extSdCard): Unknown volume
05-20 14:12:31.736 W/MountService(  374): getVolumeState(/mnt/sdcard/SD_CARD): Unknown volume
05-20 14:12:31.736 W/MountService(  374): getVolumeState(/mnt/sdcard/extra_sd): Unknown volume
05-20 14:12:31.744 W/MountService(  374): getVolumeState(/mnt/extrasd_bind): Unknown volume
05-20 14:12:31.744 W/MountService(  374): getVolumeState(/mnt/sdcard/ext_sd): Unknown volume
05-20 14:12:31.744 W/MountService(  374): getVolumeState(/storage/extSdCard): Unknown volume
05-20 14:12:31.744 W/MountService(  374): getVolumeState(/storage/sdcard1): Unknown volume
05-20 14:12:31.744 W/MountService(  374): getVolumeState(/mnt/sdcard/external_SD): Unknown volume
05-20 14:12:31.744 W/MountService(  374): getVolumeState(/mnt/sdcard/external_sd): Unknown volume
05-20 14:12:31.767 D/dalvikvm( 1468): GC_CONCURRENT freed 539K, 21% free 9671K/12104K, paused 12ms+3ms, total 31ms
05-20 14:12:31.767 D/dalvikvm( 1468): WAIT_FOR_CONCURRENT_GC blocked 16ms
05-20 14:12:31.767 D/dalvikvm( 1468): WAIT_FOR_CONCURRENT_GC blocked 15ms
05-20 14:12:36.760 I/PowerManagerService(  374): Going to sleep due to screen timeout...
05-20 14:12:37.408 D/LightsService(  374): Excessive delay setting light: 54ms
05-20 14:12:37.424 W/Parcel  ( 1661): Attempt to read object from Parcel 0x6013bdac at offset 200 that is not in the object list
05-20 14:12:37.439 V/KeyguardHostView(  374): hide transport, gen:1
05-20 14:12:37.439 V/KeyguardHostView(  374): music state changed: 0
05-20 14:12:37.439 D/SurfaceFlinger(  124): Screen released, type=0 flinger=0x40e95478
05-20 14:12:37.502 V/MDM :   (26771): [null:-1]->Screen receiver is called.
05-20 14:12:37.517 W/Parcel  ( 1661): Attempt to read object from Parcel 0x5ef3bdac at offset 200 that is not in the object list
05-20 14:12:37.572 V/WiseDownloadConditionControler(31841): checkCondition  type : TODAY_LAUNCHED_USER  inerrupting: false
05-20 14:12:37.596 V/WiseDownloadConditionControler(31841): checkCondition  type : TRIGGER_WISE_DOWNLOAD  inerrupting: false
05-20 14:12:37.596 W/Parcel  ( 1661): Attempt to read object from Parcel 0x6013bdac at offset 200 that is not in the object list
05-20 14:12:37.642 V/WiseDownloadConditionControler(31841): checkingStatus~~~ 
05-20 14:12:37.642 V/WiseDownloadConditionControler(31841): checkCondition  type : WISE_DOWNLOAD  inerrupting: false
05-20 14:12:37.666 D/dalvikvm(  374): GC_CONCURRENT freed 3142K, 23% free 21151K/27448K, paused 39ms+14ms, total 193ms
05-20 14:12:39.111 D/dalvikvm( 1607): GC_EXPLICIT freed 15K, 16% free 10075K/11884K, paused 17ms+3ms, total 51ms
05-20 14:13:09.846 D/dalvikvm( 1661): GC_EXPLICIT freed 650K, 18% free 13118K/15888K, paused 3ms+5ms, total 68ms
05-20 14:13:10.127 D/dalvikvm(  561): GC_EXPLICIT freed 347K, 5% free 9417K/9848K, paused 2ms+6ms, total 33ms
05-20 14:13:14.916 D/dalvikvm( 1661): GC_EXPLICIT freed 42K, 18% free 13076K/15888K, paused 3ms+5ms, total 60ms
05-20 14:13:24.924 D/dalvikvm( 1661): GC_EXPLICIT freed <1K, 18% free 13076K/15888K, paused 3ms+5ms, total 59ms
05-20 14:13:28.455 D/dalvikvm( 1819): Late-enabling CheckJNI
05-20 14:13:28.471 I/ActivityManager(  374): Start proc com.pekall.emdm.launcher:remote for service com.pekall.emdm.launcher/com.baidu.location.f: pid=1819 uid=10066 gids={50066, 1015, 3002, 3001, 3003, 1028}
05-20 14:13:28.517 V/MyServiceConnection( 1819): [SConnection] sandbox service is NOT installed.
05-20 14:13:28.517 V/MyServiceConnection( 1819): [SConnection] binding service: pekall.intent.action.SANDBOX_SERVICE
05-20 14:13:28.517 D/ScClassLoader( 1819): >> SOURCE FILE: /data/data/com.pekall.emdm.launcher/app_jars/sc-jdk15on-1.47.0.2.dex.jar
05-20 14:13:28.588 W/Parcel  ( 1661): Attempt to read object from Parcel 0x5dfd3dac at offset 200 that is not in the object list
05-20 14:13:28.588 W/Parcel  ( 1661): Attempt to read object from Parcel 0x5ec3bdac at offset 200 that is not in the object list
05-20 14:13:28.588 D/Email   ( 1819): Email: init sandbox at the beginning.
05-20 14:13:28.588 V/MyServiceConnection( 1819): [SConnection] retry to bind service
05-20 14:13:28.588 V/MyServiceConnection( 1819): [SConnection] sandbox service is NOT installed.
05-20 14:13:28.588 V/MyServiceConnection( 1819): [SConnection] binding service: pekall.intent.action.SANDBOX_SERVICE
05-20 14:13:28.603 D/dalvikvm( 1819): GC_CONCURRENT freed 124K, 2% free 9309K/9472K, paused 2ms+3ms, total 59ms
05-20 14:13:28.603 D/dalvikvm( 1819): WAIT_FOR_CONCURRENT_GC blocked 5ms
05-20 14:13:28.603 D/dalvikvm( 1819): WAIT_FOR_CONCURRENT_GC blocked 4ms
05-20 14:13:28.627 V/MyServiceConnection( 1819): [SConnection] retry to bind service
05-20 14:13:28.627 V/MyServiceConnection( 1819): [SConnection] sandbox service is NOT installed.
05-20 14:13:28.627 V/MyServiceConnection( 1819): [SConnection] binding service: pekall.intent.action.SANDBOX_SERVICE
05-20 14:13:28.635 V/l       ( 1819): Bind requested for task setLogging
05-20 14:13:28.642 D/ExchangeService(26771): !!! EAS ExchangeService, onCreate
05-20 14:13:28.642 W/Parcel  ( 1661): Attempt to read object from Parcel 0x6003bdac at offset 200 that is not in the object list
05-20 14:13:28.642 D/ExchangeService(26771): !!! EAS ExchangeService, onStartCommand, startingUp = false, running = false
05-20 14:13:28.642 D/ExchangeService(26771): to start secureStorageService now
05-20 14:13:28.642 V/a       (26771): Bind requested for task test
05-20 14:13:28.650 D/ExchangeService(26771): Reconciling accounts...
05-20 14:13:28.650 V/a       (26771): Connected: com.pekall.semail.service.AccountServiceInternal
05-20 14:13:28.666 V/a       (26771): Connection test succeeded in 19ms
05-20 14:13:28.666 V/a       (26771): Bind requested for task reconcileAccounts
05-20 14:13:28.666 V/a       (26771): Task test completed; disconnecting
05-20 14:13:28.681 V/a       (26771): Connected: com.pekall.semail.service.AccountServiceInternal
05-20 14:13:28.681 V/a       (26771): Waiting for task reconcileAccounts to complete...
05-20 14:13:28.689 V/a       (26771): Task reconcileAccounts completed; disconnecting
05-20 14:13:28.689 V/a       (26771): Wait for reconcileAccounts finished in 10ms
05-20 14:13:28.697 D/ExchangeService(26771): !!! EAS ExchangeService, stopping self
05-20 14:13:28.721 D/dalvikvm( 1819): GC_CONCURRENT freed 201K, 3% free 9519K/9760K, paused 19ms+6ms, total 43ms
05-20 14:13:28.783 W/DocumentManager( 1819): Sandbox service is not connected.
05-20 14:13:28.783 D/MessageControllerImpl( 1819): controller is null
05-20 14:13:28.783 V/MyServiceConnection( 1819): [SConnection] retry to bind service
05-20 14:13:28.799 D/ActivityThread( 1819): Loading provider com.pekall.semail.provider;com.pekall.semail.notifier: com.pekall.semail.provider.EmailProvider
05-20 14:13:28.814 V/MyServiceConnection( 1819): [SConnection] sandbox service is NOT installed.
05-20 14:13:28.814 V/MyServiceConnection( 1819): [SConnection] binding service: pekall.intent.action.SANDBOX_SERVICE
05-20 14:13:28.814 W/SQLiteOpenHelper( 1819): Opened /data/data/com.pekall.emdm.launcher/databases/message.db
05-20 14:13:28.814 W/dalvikvm( 1819): No implementation found for native Lcom/pekall/sandbox/database/sqlite/SQLiteDatabase;.native_setSqliteSoftHeapLimit:(I)V
05-20 14:13:28.830 D/dalvikvm( 1819): GC_CONCURRENT freed 208K, 3% free 9741K/9992K, paused 2ms+25ms, total 46ms
