05-20 14:30:31.963 D/dalvikvm(  374): GC_EXPLICIT freed 1105K, 24% free 20840K/27192K, paused 5ms+11ms, total 113ms
05-20 14:30:32.072 W/MountService(  374): getVolumeState(/storage/emulated/0/external_sd): Unknown volume
05-20 14:30:32.072 W/MountService(  374): getVolumeState(/mnt/sdcard-ext): Unknown volume
05-20 14:30:32.072 W/MountService(  374): getVolumeState(/mnt/ext_sdcard): Unknown volume
05-20 14:30:32.072 W/MountService(  374): getVolumeState(/mnt/sdcard2): Unknown volume
05-20 14:30:32.072 W/MountService(  374): getVolumeState(/mnt/emmc): Unknown volume
05-20 14:30:32.080 W/MountService(  374): getVolumeState(/mnt/extSdCard): Unknown volume
05-20 14:30:32.080 W/MountService(  374): getVolumeState(/mnt/sdcard/SD_CARD): Unknown volume
05-20 14:30:32.080 W/MountService(  374): getVolumeState(/mnt/sdcard/extra_sd): Unknown volume
05-20 14:30:32.080 W/MountService(  374): getVolumeState(/mnt/extrasd_bind): Unknown volume
05-20 14:30:32.080 W/MountService(  374): getVolumeState(/mnt/sdcard/ext_sd): Unknown volume
05-20 14:30:32.080 W/MountService(  374): getVolumeState(/storage/extSdCard): Unknown volume
05-20 14:30:32.080 W/MountService(  374): getVolumeState(/storage/sdcard1): Unknown volume
05-20 14:30:32.080 W/MountService(  374): getVolumeState(/mnt/sdcard/external_SD): Unknown volume
05-20 14:30:32.088 W/MountService(  374): getVolumeState(/mnt/sdcard/external_sd): Unknown volume
05-20 14:30:32.135 D/dalvikvm( 1468): GC_CONCURRENT freed 583K, 20% free 9699K/12104K, paused 5ms+5ms, total 47ms
05-20 14:30:32.135 D/dalvikvm( 1468): WAIT_FOR_CONCURRENT_GC blocked 10ms
05-20 14:31:11.892 D/dalvikvm( 1661): GC_EXPLICIT freed 233K, 18% free 13078K/15888K, paused 3ms+5ms, total 61ms
05-20 14:31:16.955 D/dalvikvm( 1661): GC_EXPLICIT freed 2K, 18% free 13076K/15888K, paused 3ms+5ms, total 60ms
05-20 14:31:26.963 D/dalvikvm( 1661): GC_EXPLICIT freed <1K, 18% free 13076K/15888K, paused 2ms+5ms, total 59ms
05-20 14:31:31.635 W/MountService(  374): getVolumeState(/storage/emulated/0/external_sd): Unknown volume
05-20 14:31:31.635 W/MountService(  374): getVolumeState(/mnt/sdcard-ext): Unknown volume
05-20 14:31:31.635 W/MountService(  374): getVolumeState(/mnt/ext_sdcard): Unknown volume
05-20 14:31:31.642 W/MountService(  374): getVolumeState(/mnt/sdcard2): Unknown volume
05-20 14:31:31.642 W/MountService(  374): getVolumeState(/mnt/emmc): Unknown volume
05-20 14:31:31.642 W/MountService(  374): getVolumeState(/mnt/extSdCard): Unknown volume
05-20 14:31:31.642 W/MountService(  374): getVolumeState(/mnt/sdcard/SD_CARD): Unknown volume
05-20 14:31:31.642 W/MountService(  374): getVolumeState(/mnt/sdcard/extra_sd): Unknown volume
05-20 14:31:31.642 W/MountService(  374): getVolumeState(/mnt/extrasd_bind): Unknown volume
05-20 14:31:31.642 W/MountService(  374): getVolumeState(/mnt/sdcard/ext_sd): Unknown volume
05-20 14:31:31.650 W/MountService(  374): getVolumeState(/storage/extSdCard): Unknown volume
05-20 14:31:31.650 W/MountService(  374): getVolumeState(/storage/sdcard1): Unknown volume
05-20 14:31:31.650 W/MountService(  374): getVolumeState(/mnt/sdcard/external_SD): Unknown volume
05-20 14:31:31.650 W/MountService(  374): getVolumeState(/mnt/sdcard/external_sd): Unknown volume
05-20 14:31:31.736 D/dalvikvm( 1468): GC_CONCURRENT freed 491K, 21% free 9638K/12104K, paused 4ms+5ms, total 41ms
05-20 14:31:32.010 W/Parcel  ( 1661): Attempt to read object from Parcel 0x5ec3bdac at offset 200 that is not in the object list
05-20 14:31:32.017 W/MountService(  374): getVolumeState(/storage/emulated/0/external_sd): Unknown volume
05-20 14:31:32.017 W/MountService(  374): getVolumeState(/mnt/sdcard-ext): Unknown volume
05-20 14:31:32.017 W/MountService(  374): getVolumeState(/mnt/ext_sdcard): Unknown volume
05-20 14:31:32.017 W/MountService(  374): getVolumeState(/mnt/sdcard2): Unknown volume
05-20 14:31:32.017 W/MountService(  374): getVolumeState(/mnt/emmc): Unknown volume
05-20 14:31:32.017 W/MountService(  374): getVolumeState(/mnt/extSdCard): Unknown volume
05-20 14:31:32.017 W/MountService(  374): getVolumeState(/mnt/sdcard/SD_CARD): Unknown volume
05-20 14:31:32.017 W/MountService(  374): getVolumeState(/mnt/sdcard/extra_sd): Unknown volume
05-20 14:31:32.025 W/MountService(  374): getVolumeState(/mnt/extrasd_bind): Unknown volume
05-20 14:31:32.025 W/MountService(  374): getVolumeState(/mnt/sdcard/ext_sd): Unknown volume
05-20 14:31:32.025 W/MountService(  374): getVolumeState(/storage/extSdCard): Unknown volume
05-20 14:31:32.025 W/MountService(  374): getVolumeState(/storage/sdcard1): Unknown volume
05-20 14:31:32.025 W/MountService(  374): getVolumeState(/mnt/sdcard/external_SD): Unknown volume
05-20 14:31:32.025 W/MountService(  374): getVolumeState(/mnt/sdcard/external_sd): Unknown volume
05-20 14:31:32.056 D/dalvikvm( 1468): GC_CONCURRENT freed 435K, 20% free 9714K/12104K, paused 12ms+5ms, total 57ms
05-20 14:31:32.056 D/dalvikvm( 1468): WAIT_FOR_CONCURRENT_GC blocked 18ms
05-20 14:31:32.056 D/dalvikvm( 1468): WAIT_FOR_CONCURRENT_GC blocked 23ms
05-20 14:31:32.213 D/dalvikvm( 1468): GC_CONCURRENT freed 466K, 21% free 9645K/12104K, paused 5ms+4ms, total 32ms
05-20 14:31:43.330 D/dalvikvm(30346): GC_CONCURRENT freed 384K, 5% free 9530K/9968K, paused 3ms+2ms, total 26ms
05-20 14:32:02.705 I/EntropyMixer(  374): Writing entropy...
05-20 14:32:06.541 D/dalvikvm(  561): GC_EXPLICIT freed 202K, 5% free 9422K/9848K, paused 2ms+5ms, total 32ms
05-20 14:32:10.049 W/Settings( 1661): Setting airplane_mode_on has moved from android.provider.Settings.System to android.provider.Settings.Global, returning read-only value.
05-20 14:32:13.025 D/MdmService(26771): [null:-1]->receiver action :com.pekall.mdm.action.MDM_ALARM
05-20 14:32:13.025 D/ProfileManager(26771): [null:-1]->check policy checking :false
05-20 14:32:13.025 D/com.pekall.restrictions.policy(26771): [null:-1]->allowBluetooth : null
05-20 14:32:13.025 D/com.pekall.restrictions.policy(26771): [null:-1]->ensureSimulateLocation :null
05-20 14:32:13.025 D/com.pekall.restrictions.policy(26771): [null:-1]->allowUseNetworkDate : null
05-20 14:32:13.025 E/DatabaseUtils(  374): Writing exception to parcel
05-20 14:32:13.025 E/DatabaseUtils(  374): java.lang.SecurityException: Permission denial: writing to secure settings requires android.permission.WRITE_SECURE_SETTINGS
05-20 14:32:13.025 E/DatabaseUtils(  374): 	at com.android.providers.settings.SettingsProvider.checkWritePermissions(SettingsProvider.java:279)
05-20 14:32:13.025 E/DatabaseUtils(  374): 	at com.android.providers.settings.SettingsProvider.insertForUser(SettingsProvider.java:897)
05-20 14:32:13.025 E/DatabaseUtils(  374): 	at com.android.providers.settings.SettingsProvider.callFromPackage(SettingsProvider.java:634)
05-20 14:32:13.025 E/DatabaseUtils(  374): 	at android.content.ContentProvider$Transport.call(ContentProvider.java:279)
05-20 14:32:13.025 E/DatabaseUtils(  374): 	at android.content.ContentProviderNative.onTransact(ContentProviderNative.java:273)
05-20 14:32:13.025 E/DatabaseUtils(  374): 	at android.os.Binder.execTransact(Binder.java:388)
05-20 14:32:13.025 E/DatabaseUtils(  374): 	at dalvik.system.NativeStart.run(Native Method)
05-20 14:32:13.033 D/com.pekall.restrictions.policy(26771): [null:-1]->allowUseNetworkDate error
05-20 14:32:13.033 D/com.pekall.restrictions.policy(26771): java.lang.SecurityException: Permission denial: writing to secure settings requires android.permission.WRITE_SECURE_SETTINGS
05-20 14:32:13.033 D/com.pekall.restrictions.policy(26771): 	at android.os.Parcel.readException(Parcel.java:1431)
05-20 14:32:13.033 D/com.pekall.restrictions.policy(26771): 	at android.database.DatabaseUtils.readExceptionFromParcel(DatabaseUtils.java:185)
05-20 14:32:13.033 D/com.pekall.restrictions.policy(26771): 	at android.database.DatabaseUtils.readExceptionFromParcel(DatabaseUtils.java:137)
05-20 14:32:13.033 D/com.pekall.restrictions.policy(26771): 	at android.content.ContentProviderProxy.call(ContentProviderNative.java:602)
05-20 14:32:13.033 D/com.pekall.restrictions.policy(26771): 	at android.provider.Settings$NameValueCache.putStringForUser(Settings.java:818)
05-20 14:32:13.033 D/com.pekall.restrictions.policy(26771): 	at android.provider.Settings$Global.putStringForUser(Settings.java:5529)
05-20 14:32:13.033 D/com.pekall.restrictions.policy(26771): 	at android.provider.Settings$Global.putString(Settings.java:5519)
05-20 14:32:13.033 D/com.pekall.restrictions.policy(26771): 	at android.provider.Settings$Global.putInt(Settings.java:5607)
05-20 14:32:13.033 D/com.pekall.restrictions.policy(26771): 	at com.pekall.emdm.b.c.b.j.c(Unknown Source)
05-20 14:32:13.033 D/com.pekall.restrictions.policy(26771): 	at com.pekall.emdm.b.c.b.j.h(Unknown Source)
05-20 14:32:13.033 D/com.pekall.restrictions.policy(26771): 	at com.pekall.emdm.b.c.e.run(Unknown Source)
05-20 14:32:13.033 D/com.pekall.restrictions.policy(26771): [null:-1]->allowNFC : null
05-20 14:32:13.033 D/InnerClass(26771): [null:-1]->enableNfc : 
05-20 14:32:13.033 D/InnerClass(26771): java.lang.reflect.InvocationTargetException
05-20 14:32:13.033 D/InnerClass(26771): 	at java.lang.reflect.Method.invokeNative(Native Method)
05-20 14:32:13.033 D/InnerClass(26771): 	at java.lang.reflect.Method.invoke(Method.java:525)
05-20 14:32:13.033 D/InnerClass(26771): 	at com.pekall.emdm.c.i.a(Unknown Source)
05-20 14:32:13.033 D/InnerClass(26771): 	at com.pekall.emdm.c.c.a(Unknown Source)
05-20 14:32:13.033 D/InnerClass(26771): 	at com.pekall.emdm.b.c.b.j.b(Unknown Source)
05-20 14:32:13.033 D/InnerClass(26771): 	at com.pekall.emdm.b.c.b.j.h(Unknown Source)
05-20 14:32:13.033 D/InnerClass(26771): 	at com.pekall.emdm.b.c.e.run(Unknown Source)
05-20 14:32:13.033 D/InnerClass(26771): Caused by: java.lang.SecurityException: WRITE_SECURE_SETTINGS permission required: Neither user 10066 nor current process has android.permission.WRITE_SECURE_SETTINGS.
05-20 14:32:13.033 D/InnerClass(26771): 	at android.os.Parcel.readException(Parcel.java:1431)
05-20 14:32:13.033 D/InnerClass(26771): 	at android.os.Parcel.readException(Parcel.java:1385)
05-20 14:32:13.033 D/InnerClass(26771): 	at android.nfc.INfcAdapter$Stub$Proxy.disable(INfcAdapter.java:252)
05-20 14:32:13.033 D/InnerClass(26771): 	at android.nfc.NfcAdapter.disable(NfcAdapter.java:574)
05-20 14:32:13.033 D/InnerClass(26771): 	... 7 more
05-20 14:32:31.666 W/MountService(  374): getVolumeState(/storage/emulated/0/external_sd): Unknown volume
05-20 14:32:31.666 W/MountService(  374): getVolumeState(/mnt/sdcard-ext): Unknown volume
05-20 14:32:31.666 W/MountService(  374): getVolumeState(/mnt/ext_sdcard): Unknown volume
05-20 14:32:31.666 W/MountService(  374): getVolumeState(/mnt/sdcard2): Unknown volume
05-20 14:32:31.666 W/MountService(  374): getVolumeState(/mnt/emmc): Unknown volume
05-20 14:32:31.666 W/MountService(  374): getVolumeState(/mnt/extSdCard): Unknown volume
05-20 14:32:31.666 W/MountService(  374): getVolumeState(/mnt/sdcard/SD_CARD): Unknown volume
05-20 14:32:31.666 W/MountService(  374): getVolumeState(/mnt/sdcard/extra_sd): Unknown volume
05-20 14:32:31.674 W/MountService(  374): getVolumeState(/mnt/extrasd_bind): Unknown volume
05-20 14:32:31.674 W/MountService(  374): getVolumeState(/mnt/sdcard/ext_sd): Unknown volume
05-20 14:32:31.674 W/MountService(  374): getVolumeState(/storage/extSdCard): Unknown volume
05-20 14:32:31.674 W/MountService(  374): getVolumeState(/storage/sdcard1): Unknown volume
05-20 14:32:31.674 W/MountService(  374): getVolumeState(/mnt/sdcard/external_SD): Unknown volume
05-20 14:32:31.674 W/MountService(  374): getVolumeState(/mnt/sdcard/external_sd): Unknown volume
05-20 14:32:31.838 D/dalvikvm( 1468): GC_CONCURRENT freed 305K, 20% free 9773K/12104K, paused 6ms+8ms, total 45ms
05-20 14:32:32.010 W/MountService(  374): getVolumeState(/storage/emulated/0/external_sd): Unknown volume
05-20 14:32:32.010 W/MountService(  374): getVolumeState(/mnt/sdcard-ext): Unknown volume
05-20 14:32:32.010 W/MountService(  374): getVolumeState(/mnt/ext_sdcard): Unknown volume
05-20 14:32:32.010 W/MountService(  374): getVolumeState(/mnt/sdcard2): Unknown volume
05-20 14:32:32.010 W/MountService(  374): getVolumeState(/mnt/emmc): Unknown volume
05-20 14:32:32.010 W/MountService(  374): getVolumeState(/mnt/extSdCard): Unknown volume
05-20 14:32:32.010 W/MountService(  374): getVolumeState(/mnt/sdcard/SD_CARD): Unknown volume
05-20 14:32:32.010 W/MountService(  374): getVolumeState(/mnt/sdcard/extra_sd): Unknown volume
05-20 14:32:32.010 W/MountService(  374): getVolumeState(/mnt/extrasd_bind): Unknown volume
05-20 14:32:32.010 W/MountService(  374): getVolumeState(/mnt/sdcard/ext_sd): Unknown volume
05-20 14:32:32.017 W/MountService(  374): getVolumeState(/storage/extSdCard): Unknown volume
05-20 14:32:32.017 W/MountService(  374): getVolumeState(/storage/sdcard1): Unknown volume
05-20 14:32:32.017 W/MountService(  374): getVolumeState(/mnt/sdcard/external_SD): Unknown volume
05-20 14:32:32.017 W/MountService(  374): getVolumeState(/mnt/sdcard/external_sd): Unknown volume
05-20 14:32:32.072 D/dalvikvm( 1468): GC_CONCURRENT freed 599K, 20% free 9686K/12104K, paused 5ms+7ms, total 47ms
05-20 14:32:53.697 D/dalvikvm( 1238): GC_CONCURRENT freed 392K, 6% free 9198K/9712K, paused 2ms+3ms, total 24ms
05-20 14:33:11.861 D/dalvikvm( 1661): GC_EXPLICIT freed 471K, 18% free 13084K/15888K, paused 3ms+5ms, total 76ms
05-20 14:33:16.931 D/dalvikvm( 1661): GC_EXPLICIT freed 8K, 18% free 13075K/15888K, paused 3ms+4ms, total 67ms
05-20 14:33:26.931 D/dalvikvm( 1661): GC_EXPLICIT freed <1K, 18% free 13075K/15888K, paused 3ms+5ms, total 60ms
05-20 14:33:31.674 W/MountService(  374): getVolumeState(/storage/emulated/0/external_sd): Unknown volume
05-20 14:33:31.674 W/MountService(  374): getVolumeState(/mnt/sdcard-ext): Unknown volume
05-20 14:33:31.674 W/MountService(  374): getVolumeState(/mnt/ext_sdcard): Unknown volume
05-20 14:33:31.674 W/MountService(  374): getVolumeState(/mnt/sdcard2): Unknown volume
05-20 14:33:31.674 W/MountService(  374): getVolumeState(/mnt/emmc): Unknown volume
05-20 14:33:31.674 W/MountService(  374): getVolumeState(/mnt/extSdCard): Unknown volume
05-20 14:33:31.674 W/MountService(  374): getVolumeState(/mnt/sdcard/SD_CARD): Unknown volume
05-20 14:33:31.681 W/MountService(  374): getVolumeState(/mnt/sdcard/extra_sd): Unknown volume
05-20 14:33:31.681 W/MountService(  374): getVolumeState(/mnt/extrasd_bind): Unknown volume
05-20 14:33:31.681 W/MountService(  374): getVolumeState(/mnt/sdcard/ext_sd): Unknown volume
05-20 14:33:31.681 W/MountService(  374): getVolumeState(/storage/extSdCard): Unknown volume
05-20 14:33:31.681 W/MountService(  374): getVolumeState(/storage/sdcard1): Unknown volume
05-20 14:33:31.681 W/MountService(  374): getVolumeState(/mnt/sdcard/external_SD): Unknown volume
05-20 14:33:31.681 W/MountService(  374): getVolumeState(/mnt/sdcard/external_sd): Unknown volume
05-20 14:33:31.799 D/dalvikvm( 1468): GC_CONCURRENT freed 477K, 20% free 9737K/12104K, paused 5ms+7ms, total 78ms
05-20 14:33:31.986 W/MountService(  374): getVolumeState(/storage/emulated/0/external_sd): Unknown volume
05-20 14:33:31.994 W/MountService(  374): getVolumeState(/mnt/sdcard-ext): Unknown volume
05-20 14:33:31.994 W/MountService(  374): getVolumeState(/mnt/ext_sdcard): Unknown volume
05-20 14:33:31.994 W/MountService(  374): getVolumeState(/mnt/sdcard2): Unknown volume
05-20 14:33:31.994 W/MountService(  374): getVolumeState(/mnt/emmc): Unknown volume
05-20 14:33:31.994 W/MountService(  374): getVolumeState(/mnt/extSdCard): Unknown volume
05-20 14:33:31.994 W/MountService(  374): getVolumeState(/mnt/sdcard/SD_CARD): Unknown volume
05-20 14:33:31.994 W/MountService(  374): getVolumeState(/mnt/sdcard/extra_sd): Unknown volume
05-20 14:33:31.994 W/MountService(  374): getVolumeState(/mnt/extrasd_bind): Unknown volume
05-20 14:33:31.994 W/MountService(  374): getVolumeState(/mnt/sdcard/ext_sd): Unknown volume
05-20 14:33:32.002 W/MountService(  374): getVolumeState(/storage/extSdCard): Unknown volume
05-20 14:33:32.002 W/MountService(  374): getVolumeState(/storage/sdcard1): Unknown volume
05-20 14:33:32.002 W/MountService(  374): getVolumeState(/mnt/sdcard/external_SD): Unknown volume
05-20 14:33:32.002 W/MountService(  374): getVolumeState(/mnt/sdcard/external_sd): Unknown volume
05-20 14:33:32.017 W/Parcel  ( 1661): Attempt to read object from Parcel 0x5ef3bdac at offset 200 that is not in the object list
05-20 14:33:32.056 D/dalvikvm( 1468): GC_CONCURRENT freed 567K, 21% free 9677K/12104K, paused 12ms+4ms, total 49ms
05-20 14:33:32.056 D/dalvikvm( 1468): WAIT_FOR_CONCURRENT_GC blocked 20ms
05-20 14:33:47.596 D/dalvikvm(31841): GC_CONCURRENT freed 391K, 5% free 9481K/9916K, paused 2ms+2ms, total 25ms
05-20 14:34:31.681 W/MountService(  374): getVolumeState(/storage/emulated/0/external_sd): Unknown volume
05-20 14:34:31.681 W/MountService(  374): getVolumeState(/mnt/sdcard-ext): Unknown volume
05-20 14:34:31.681 W/MountService(  374): getVolumeState(/mnt/ext_sdcard): Unknown volume
05-20 14:34:31.681 W/MountService(  374): getVolumeState(/mnt/sdcard2): Unknown volume
05-20 14:34:31.681 W/MountService(  374): getVolumeState(/mnt/emmc): Unknown volume
05-20 14:34:31.681 W/MountService(  374): getVolumeState(/mnt/extSdCard): Unknown volume
05-20 14:34:31.689 W/MountService(  374): getVolumeState(/mnt/sdcard/SD_CARD): Unknown volume
05-20 14:34:31.689 W/MountService(  374): getVolumeState(/mnt/sdcard/extra_sd): Unknown volume
05-20 14:34:31.689 W/MountService(  374): getVolumeState(/mnt/extrasd_bind): Unknown volume
05-20 14:34:31.689 W/MountService(  374): getVolumeState(/mnt/sdcard/ext_sd): Unknown volume
05-20 14:34:31.697 W/MountService(  374): getVolumeState(/storage/extSdCard): Unknown volume
05-20 14:34:31.697 W/MountService(  374): getVolumeState(/storage/sdcard1): Unknown volume
05-20 14:34:31.697 W/MountService(  374): getVolumeState(/mnt/sdcard/external_SD): Unknown volume
05-20 14:34:31.697 W/MountService(  374): getVolumeState(/mnt/sdcard/external_sd): Unknown volume
05-20 14:34:31.728 D/dalvikvm( 1468): GC_CONCURRENT freed 503K, 20% free 9684K/12104K, paused 9ms+5ms, total 59ms
05-20 14:34:31.728 D/dalvikvm( 1468): WAIT_FOR_CONCURRENT_GC blocked 21ms
05-20 14:34:31.736 D/dalvikvm( 1468): WAIT_FOR_CONCURRENT_GC blocked 29ms
05-20 14:34:32.049 D/dalvikvm(  374): GC_EXPLICIT freed 925K, 24% free 20840K/27192K, paused 5ms+10ms, total 112ms
05-20 14:34:32.096 D/dalvikvm(  748): GC_EXPLICIT freed 241K, 4% free 9206K/9540K, paused 2ms+5ms, total 30ms
05-20 14:34:32.221 D/dalvikvm( 1468): GC_CONCURRENT freed 529K, 21% free 9662K/12104K, paused 4ms+5ms, total 56ms
05-20 14:34:32.221 D/dalvikvm( 1468): WAIT_FOR_CONCURRENT_GC blocked 11ms
05-20 14:34:32.221 D/dalvikvm( 1468): WAIT_FOR_CONCURRENT_GC blocked 13ms
05-20 14:34:32.228 W/MountService(  374): getVolumeState(/storage/emulated/0/external_sd): Unknown volume
05-20 14:34:32.228 W/MountService(  374): getVolumeState(/mnt/sdcard-ext): Unknown volume
05-20 14:34:32.228 W/MountService(  374): getVolumeState(/mnt/ext_sdcard): Unknown volume
05-20 14:34:32.228 W/MountService(  374): getVolumeState(/mnt/sdcard2): Unknown volume
05-20 14:34:32.228 W/MountService(  374): getVolumeState(/mnt/emmc): Unknown volume
05-20 14:34:32.236 W/MountService(  374): getVolumeState(/mnt/extSdCard): Unknown volume
05-20 14:34:32.236 W/MountService(  374): getVolumeState(/mnt/sdcard/SD_CARD): Unknown volume
05-20 14:34:32.236 W/MountService(  374): getVolumeState(/mnt/sdcard/extra_sd): Unknown volume
05-20 14:34:32.236 W/MountService(  374): getVolumeState(/mnt/extrasd_bind): Unknown volume
05-20 14:34:32.236 W/MountService(  374): getVolumeState(/mnt/sdcard/ext_sd): Unknown volume
05-20 14:34:32.236 W/MountService(  374): getVolumeState(/storage/extSdCard): Unknown volume
05-20 14:34:32.236 W/MountService(  374): getVolumeState(/storage/sdcard1): Unknown volume
05-20 14:34:32.236 W/MountService(  374): getVolumeState(/mnt/sdcard/external_SD): Unknown volume
05-20 14:34:32.244 W/MountService(  374): getVolumeState(/mnt/sdcard/external_sd): Unknown volume
05-20 14:34:47.869 I/Email   ( 1916): ReconcilePopImapAccountsSync: start
05-20 14:34:47.892 I/Email   ( 1916): ReconcilePopImapAccountsSync: done
05-20 14:34:47.900 W/Email   ( 1916): Received BYE
05-20 14:34:53.197 D/Email   ( 1916): *** synchronizeMailboxGeneric ***
05-20 14:34:53.564 D/dalvikvm( 1916): GC_CONCURRENT freed 369K, 5% free 9429K/9840K, paused 3ms+5ms, total 29ms
05-20 14:35:11.931 D/dalvikvm( 1661): GC_EXPLICIT freed 233K, 18% free 13078K/15888K, paused 3ms+4ms, total 60ms
05-20 14:35:17.002 D/dalvikvm( 1661): GC_EXPLICIT freed 2K, 18% free 13075K/15888K, paused 3ms+5ms, total 60ms
05-20 14:35:27.002 D/dalvikvm( 1661): GC_EXPLICIT freed <1K, 18% free 13075K/15888K, paused 3ms+5ms, total 60ms
05-20 14:35:31.681 W/MountService(  374): getVolumeState(/storage/emulated/0/external_sd): Unknown volume
05-20 14:35:31.689 W/MountService(  374): getVolumeState(/mnt/sdcard-ext): Unknown volume
05-20 14:35:31.689 W/MountService(  374): getVolumeState(/mnt/ext_sdcard): Unknown volume
05-20 14:35:31.689 W/MountService(  374): getVolumeState(/mnt/sdcard2): Unknown volume
05-20 14:35:31.689 W/MountService(  374): getVolumeState(/mnt/emmc): Unknown volume
05-20 14:35:31.689 W/MountService(  374): getVolumeState(/mnt/extSdCard): Unknown volume
05-20 14:35:31.689 W/MountService(  374): getVolumeState(/mnt/sdcard/SD_CARD): Unknown volume
05-20 14:35:31.689 W/MountService(  374): getVolumeState(/mnt/sdcard/extra_sd): Unknown volume
05-20 14:35:31.697 W/MountService(  374): getVolumeState(/mnt/extrasd_bind): Unknown volume
05-20 14:35:31.697 W/MountService(  374): getVolumeState(/mnt/sdcard/ext_sd): Unknown volume
05-20 14:35:31.721 D/dalvikvm( 1468): GC_CONCURRENT freed 513K, 21% free 9660K/12104K, paused 10ms+4ms, total 49ms
05-20 14:35:31.721 D/dalvikvm( 1468): WAIT_FOR_CONCURRENT_GC blocked 22ms
05-20 14:35:31.721 D/dalvikvm( 1468): WAIT_FOR_CONCURRENT_GC blocked 23ms
05-20 14:35:31.721 W/MountService(  374): getVolumeState(/storage/extSdCard): Unknown volume
05-20 14:35:31.721 W/MountService(  374): getVolumeState(/storage/sdcard1): Unknown volume
05-20 14:35:31.721 W/MountService(  374): getVolumeState(/mnt/sdcard/external_SD): Unknown volume
05-20 14:35:31.721 W/MountService(  374): getVolumeState(/mnt/sdcard/external_sd): Unknown volume
05-20 14:35:32.025 W/Parcel  ( 1661): Attempt to read object from Parcel 0x6003bdac at offset 200 that is not in the object list
05-20 14:35:32.072 D/dalvikvm( 1468): GC_CONCURRENT freed 515K, 21% free 9657K/12104K, paused 30ms+5ms, total 63ms
05-20 14:35:32.072 D/dalvikvm( 1468): WAIT_FOR_CONCURRENT_GC blocked 25ms
05-20 14:35:32.072 D/dalvikvm( 1468): WAIT_FOR_CONCURRENT_GC blocked 28ms
05-20 14:35:32.080 D/dalvikvm( 1468): WAIT_FOR_CONCURRENT_GC blocked 30ms
05-20 14:35:32.080 D/dalvikvm( 1468): WAIT_FOR_CONCURRENT_GC blocked 30ms
05-20 14:35:32.080 D/dalvikvm( 1468): WAIT_FOR_CONCURRENT_GC blocked 25ms
05-20 14:35:32.080 D/dalvikvm( 1468): WAIT_FOR_CONCURRENT_GC blocked 25ms
05-20 14:35:32.088 W/MountService(  374): getVolumeState(/storage/emulated/0/external_sd): Unknown volume
05-20 14:35:32.088 W/MountService(  374): getVolumeState(/mnt/sdcard-ext): Unknown volume
05-20 14:35:32.088 W/MountService(  374): getVolumeState(/mnt/ext_sdcard): Unknown volume
05-20 14:35:32.088 W/MountService(  374): getVolumeState(/mnt/sdcard2): Unknown volume
05-20 14:35:32.088 W/MountService(  374): getVolumeState(/mnt/emmc): Unknown volume
05-20 14:35:32.088 W/MountService(  374): getVolumeState(/mnt/extSdCard): Unknown volume
05-20 14:35:32.088 W/MountService(  374): getVolumeState(/mnt/sdcard/SD_CARD): Unknown volume
05-20 14:35:32.096 W/MountService(  374): getVolumeState(/mnt/sdcard/extra_sd): Unknown volume
05-20 14:35:32.096 W/MountService(  374): getVolumeState(/mnt/extrasd_bind): Unknown volume
05-20 14:35:32.096 W/MountService(  374): getVolumeState(/mnt/sdcard/ext_sd): Unknown volume
05-20 14:35:32.096 W/MountService(  374): getVolumeState(/storage/extSdCard): Unknown volume
05-20 14:35:32.096 W/MountService(  374): getVolumeState(/storage/sdcard1): Unknown volume
05-20 14:35:32.096 W/MountService(  374): getVolumeState(/mnt/sdcard/external_SD): Unknown volume
05-20 14:35:32.096 W/MountService(  374): getVolumeState(/mnt/sdcard/external_sd): Unknown volume
05-20 14:35:32.197 D/dalvikvm( 1468): GC_CONCURRENT freed 436K, 21% free 9668K/12104K, paused 4ms+7ms, total 37ms
05-20 14:36:31.713 W/MountService(  374): getVolumeState(/storage/emulated/0/external_sd): Unknown volume
05-20 14:36:31.713 W/MountService(  374): getVolumeState(/mnt/sdcard-ext): Unknown volume
05-20 14:36:31.713 W/MountService(  374): getVolumeState(/mnt/ext_sdcard): Unknown volume
05-20 14:36:31.713 W/MountService(  374): getVolumeState(/mnt/sdcard2): Unknown volume
05-20 14:36:31.713 W/MountService(  374): getVolumeState(/mnt/emmc): Unknown volume
05-20 14:36:31.713 W/MountService(  374): getVolumeState(/mnt/extSdCard): Unknown volume
05-20 14:36:31.713 W/MountService(  374): getVolumeState(/mnt/sdcard/SD_CARD): Unknown volume
05-20 14:36:31.721 W/MountService(  374): getVolumeState(/mnt/sdcard/extra_sd): Unknown volume
05-20 14:36:31.721 W/MountService(  374): getVolumeState(/mnt/extrasd_bind): Unknown volume
05-20 14:36:31.721 W/MountService(  374): getVolumeState(/mnt/sdcard/ext_sd): Unknown volume
05-20 14:36:31.721 W/MountService(  374): getVolumeState(/storage/extSdCard): Unknown volume
05-20 14:36:31.721 W/MountService(  374): getVolumeState(/storage/sdcard1): Unknown volume
05-20 14:36:31.721 W/MountService(  374): getVolumeState(/mnt/sdcard/external_SD): Unknown volume
05-20 14:36:31.721 W/MountService(  374): getVolumeState(/mnt/sdcard/external_sd): Unknown volume
05-20 14:36:31.830 D/dalvikvm( 1468): GC_CONCURRENT freed 437K, 21% free 9635K/12104K, paused 4ms+8ms, total 58ms
05-20 14:36:32.056 W/MountService(  374): getVolumeState(/storage/emulated/0/external_sd): Unknown volume
05-20 14:36:32.056 W/MountService(  374): getVolumeState(/mnt/sdcard-ext): Unknown volume
05-20 14:36:32.056 W/MountService(  374): getVolumeState(/mnt/ext_sdcard): Unknown volume
05-20 14:36:32.056 W/MountService(  374): getVolumeState(/mnt/sdcard2): Unknown volume
05-20 14:36:32.056 W/MountService(  374): getVolumeState(/mnt/emmc): Unknown volume
05-20 14:36:32.056 W/MountService(  374): getVolumeState(/mnt/extSdCard): Unknown volume
05-20 14:36:32.056 W/MountService(  374): getVolumeState(/mnt/sdcard/SD_CARD): Unknown volume
05-20 14:36:32.056 W/MountService(  374): getVolumeState(/mnt/sdcard/extra_sd): Unknown volume
05-20 14:36:32.064 W/MountService(  374): getVolumeState(/mnt/extrasd_bind): Unknown volume
05-20 14:36:32.064 W/MountService(  374): getVolumeState(/mnt/sdcard/ext_sd): Unknown volume
05-20 14:36:32.064 W/MountService(  374): getVolumeState(/storage/extSdCard): Unknown volume
05-20 14:36:32.064 W/MountService(  374): getVolumeState(/storage/sdcard1): Unknown volume
05-20 14:36:32.064 W/MountService(  374): getVolumeState(/mnt/sdcard/external_SD): Unknown volume
05-20 14:36:32.064 W/MountService(  374): getVolumeState(/mnt/sdcard/external_sd): Unknown volume
05-20 14:36:32.088 D/dalvikvm( 1468): GC_CONCURRENT freed 459K, 21% free 9680K/12104K, paused 7ms+5ms, total 54ms
05-20 14:36:32.088 D/dalvikvm( 1468): WAIT_FOR_CONCURRENT_GC blocked 17ms
05-20 14:36:32.096 D/dalvikvm( 1468): WAIT_FOR_CONCURRENT_GC blocked 14ms
05-20 14:37:07.041 I/ActivityManager(  374): No longer want com.google.android.apps.maps:GoogleLocationService (pid 852): empty for 1801s
05-20 14:37:07.049 W/ActivityManager(  374): Scheduling restart of crashed service com.google.android.apps.maps/com.google.android.location.internal.server.GoogleLocationService in 5000ms
05-20 14:37:11.963 D/dalvikvm( 1661): GC_EXPLICIT freed 233K, 18% free 13077K/15888K, paused 3ms+5ms, total 61ms
05-20 14:37:12.088 I/ActivityManager(  374): Start proc com.google.android.apps.maps:GoogleLocationService for service com.google.android.apps.maps/com.google.android.location.internal.server.GoogleLocationService: pid=2004 uid=10038 gids={50038, 3003, 1015, 1028}
05-20 14:37:12.361 W/Parcel  ( 1661): Attempt to read object from Parcel 0x5ded3dac at offset 200 that is not in the object list
05-20 14:37:12.510 D/dalvikvm(  374): GC_EXPLICIT freed 543K, 24% free 20835K/27192K, paused 4ms+11ms, total 112ms
05-20 14:37:12.736 D/dalvikvm( 2004): GC_CONCURRENT freed 234K, 3% free 9210K/9472K, paused 4ms+14ms, total 89ms
05-20 14:37:12.736 D/dalvikvm( 2004): WAIT_FOR_CONCURRENT_GC blocked 5ms
05-20 14:37:12.775 D/dalvikvm( 2004): GC_FOR_ALLOC freed 149K, 5% free 9351K/9748K, paused 24ms, total 24ms
05-20 14:37:12.775 I/dalvikvm-heap( 2004): Grow heap (frag case) to 9.346MB for 186718-byte allocation
05-20 14:37:12.791 D/dalvikvm( 2004): GC_FOR_ALLOC freed <1K, 5% free 9534K/9932K, paused 21ms, total 21ms
05-20 14:37:12.955 D/dalvikvm( 2004): GC_CONCURRENT freed 489K, 6% free 9553K/10084K, paused 3ms+13ms, total 55ms
05-20 14:37:12.955 D/dalvikvm( 2004): WAIT_FOR_CONCURRENT_GC blocked 1ms
05-20 14:37:13.025 D/MdmService(26771): [null:-1]->receiver action :com.pekall.mdm.action.MDM_ALARM
05-20 14:37:13.025 D/MdmService(26771): [null:-1]->keepAliveWithPushServer client is opened:true
05-20 14:37:13.025 D/MDM :   (26771): [null:-1]->ping!!!!!!!!!
05-20 14:37:13.033 D/MdmService(26771): [null:-1]->pushUrl : ws://test.mdm.everknow.cn:9090/websocket
05-20 14:37:13.033 D/MDM :   (26771): [null:-1]->mMdmPushClient is :not null
05-20 14:37:13.033 D/MDM :   (26771): [null:-1]->mMdmPushClient opened : opened
05-20 14:37:13.033 D/MdmStatusManager(26771): [null:-1]->change status to : Busy
05-20 14:37:13.033 I/TransInfo(26771): TransInfo created, id: 3, class: class com.pekall.emdm.transaction.c.b
05-20 14:37:13.041 D/NetworkThread(26771): [null:-1]->----isRunning-----true
05-20 14:37:13.041 D/NetworkThread(26771): [null:-1]->----isRunning-----true
05-20 14:37:13.041 D/NetworkThread(26771): [null:-1]->thread wakeup
05-20 14:37:13.041 D/NetworkThread(26771): [null:-1]->sendHttpPost:PostRequest, url: http://192.168.10.21/rest/mdm/v1/ios/android_server, Params: [content:<?xml version="1.0" encoding="UTF-8"?>
05-20 14:37:13.041 D/NetworkThread(26771): <!DOCTYPE plist PUBLIC "-//Apple//DTD PLIST 1.0//EN" "http://www.apple.com/DTDs/PropertyList-1.0.dtd">
05-20 14:37:13.041 D/NetworkThread(26771): <plist version="1.0">
05-20 14:37:13.041 D/NetworkThread(26771): <dict>
05-20 14:37:13.041 D/NetworkThread(26771): 	<key>Status</key>
05-20 14:37:13.041 D/NetworkThread(26771): 	<string>Idle</string>
05-20 14:37:13.041 D/NetworkThread(26771): 	<key>UDID</key>
05-20 14:37:13.041 D/NetworkThread(26771): 	<string>00013fbc8ecec5b90000014613abe64a</string>
05-20 14:37:13.041 D/NetworkThread(26771): </dict>
05-20 14:37:13.041 D/NetworkThread(26771): </plist>], 
05-20 14:37:13.041 D/HttpClient(26771): enable apache.http debug
05-20 14:37:13.049 D/MDM :   (26771): [null:-1]->MSG_WEBSOCKET_PONG
05-20 14:37:13.056 V/DEBUG   (26771): HTTP 0
05-20 14:37:13.189 D/dalvikvm( 2004): GC_CONCURRENT freed 677K, 8% free 9384K/10104K, paused 3ms+12ms, total 71ms
05-20 14:37:13.189 D/dalvikvm( 2004): WAIT_FOR_CONCURRENT_GC blocked 6ms
05-20 14:37:13.267 W/Parcel  ( 1661): Attempt to read object from Parcel 0x5dfd3dac at offset 200 that is not in the object list
05-20 14:37:13.299 I/ActivityManager(  374): Start proc com.google.android.apps.maps:FriendService for broadcast com.google.android.apps.maps/com.google.googlenav.friend.android.ServiceReceiver: pid=2039 uid=10038 gids={50038, 3003, 1015, 1028}
05-20 14:37:13.353 W/Parcel  ( 1661): Attempt to read object from Parcel 0x6003bdac at offset 200 that is not in the object list
05-20 14:37:13.431 I/ActivityManager(  374): Start proc com.google.android.apps.maps:LocationFriendService for broadcast com.google.android.apps.maps/com.google.googlenav.friend.reporting.LocationReportingIntentReceiver: pid=2052 uid=10038 gids={50038, 3003, 1015, 1028}
05-20 14:37:13.533 W/Settings( 2004): Setting airplane_mode_on has moved from android.provider.Settings.System to android.provider.Settings.Global, returning read-only value.
05-20 14:37:13.541 I/ActivityManager(  374): Process android.process.acore (pid 1859) has died.
05-20 14:37:13.689 D/dalvikvm( 2052): GC_CONCURRENT freed 224K, 3% free 9101K/9364K, paused 47ms+2ms, total 74ms
05-20 14:37:13.853 D/dalvikvm( 2004): GC_CONCURRENT freed 333K, 7% free 9463K/10104K, paused 6ms+6ms, total 49ms
05-20 14:37:15.549 W/ActivityThread( 2004): ClassLoader.loadClass: The class loader returned by Thread.getContextClassLoader() may fail for processes that host multiple applications. You should explicitly specify a context class loader. For example: Thread.setContextClassLoader(getClass().getClassLoader());
05-20 14:37:16.142 D/dalvikvm( 2004): GC_CONCURRENT freed 326K, 6% free 9560K/10104K, paused 3ms+3ms, total 44ms
05-20 14:37:17.033 D/dalvikvm( 1661): GC_EXPLICIT freed 35K, 18% free 13077K/15888K, paused 3ms+5ms, total 60ms
05-20 14:37:18.228 D/MDM :   (26771): [null:-1]->statusCode : 200
05-20 14:37:18.228 D/MDM :   (26771): [null:-1]->statusCode : 200
05-20 14:37:18.228 V/DEBUG   (26771): HTTP 1
05-20 14:37:18.236 D/MDM :   (26771): [null:-1]->Get joson string: 
05-20 14:37:18.236 D/NetworkThread(26771): [null:-1]->clear mCurrentTransInfo
05-20 14:37:18.236 D/NetworkThread(26771): [null:-1]->queue is empty, thread wait...
05-20 14:37:18.338 D/MdmService(26771): [null:-1]->handleCheckInResult
05-20 14:37:18.338 D/MdmService(26771): [null:-1]->handleCheckInResult result keyIndex: 3
05-20 14:37:18.338 D/HandleCommandTask(26771): [null:-1]->execute command msg but beanBase is null
05-20 14:37:18.338 D/MdmStatusManager(26771): [null:-1]->change status to : Idle
05-20 14:37:27.033 D/dalvikvm( 1661): GC_EXPLICIT freed 29K, 18% free 13077K/15888K, paused 3ms+5ms, total 60ms
05-20 14:37:31.713 W/MountService(  374): getVolumeState(/storage/emulated/0/external_sd): Unknown volume
05-20 14:37:31.713 W/MountService(  374): getVolumeState(/mnt/sdcard-ext): Unknown volume
05-20 14:37:31.713 W/MountService(  374): getVolumeState(/mnt/ext_sdcard): Unknown volume
05-20 14:37:31.728 W/MountService(  374): getVolumeState(/mnt/sdcard2): Unknown volume
05-20 14:37:31.728 W/MountService(  374): getVolumeState(/mnt/emmc): Unknown volume
05-20 14:37:31.728 W/MountService(  374): getVolumeState(/mnt/extSdCard): Unknown volume
05-20 14:37:31.728 W/MountService(  374): getVolumeState(/mnt/sdcard/SD_CARD): Unknown volume
05-20 14:37:31.728 W/MountService(  374): getVolumeState(/mnt/sdcard/extra_sd): Unknown volume
05-20 14:37:31.728 W/MountService(  374): getVolumeState(/mnt/extrasd_bind): Unknown volume
05-20 14:37:31.728 W/MountService(  374): getVolumeState(/mnt/sdcard/ext_sd): Unknown volume
05-20 14:37:31.728 W/MountService(  374): getVolumeState(/storage/extSdCard): Unknown volume
05-20 14:37:31.728 W/MountService(  374): getVolumeState(/storage/sdcard1): Unknown volume
05-20 14:37:31.736 W/MountService(  374): getVolumeState(/mnt/sdcard/external_SD): Unknown volume
05-20 14:37:31.736 W/MountService(  374): getVolumeState(/mnt/sdcard/external_sd): Unknown volume
05-20 14:37:31.767 D/dalvikvm( 1468): GC_CONCURRENT freed 481K, 20% free 9710K/12104K, paused 5ms+6ms, total 52ms
05-20 14:37:31.767 D/dalvikvm( 1468): WAIT_FOR_CONCURRENT_GC blocked 21ms
05-20 14:37:31.767 D/dalvikvm( 1468): WAIT_FOR_CONCURRENT_GC blocked 4ms
05-20 14:37:31.908 I/ActivityManager(  374): Start proc android.process.acore for content provider com.android.providers.contacts/.ContactsProvider2: pid=2072 uid=10000 gids={50000, 3003, 1015, 1028}
05-20 14:37:32.080 W/Parcel  ( 1661): Attempt to read object from Parcel 0x5dfd3dac at offset 200 that is not in the object list
05-20 14:37:32.088 D/dalvikvm( 2072): GC_CONCURRENT freed 194K, 3% free 9182K/9416K, paused 13ms+11ms, total 48ms
05-20 14:37:32.174 I/ActivityManager(  374): Process com.google.android.exchange (pid 1934) has died.
05-20 14:37:32.338 I/ContactLocale( 2072): AddressBook Labels [en_US]: [, A, B, C, D, E, F, G, H, I, J, K, L, M, N, O, P, Q, R, S, T, U, V, W, X, Y, Z, , , , , , , , , , , , , , , , , , , , , , , , , , , , , , , , , , , , , , , , , , , , , , , , , , , , , , , , , , , , , , , , , , , , , , , , , , , , , , , , , , , , , , , , , , , , , , , , , , , , , , , , , , , , , , , , , , , , , , , , , , , , , , , , , , , , , , , , , , , , , , , , , , , , , , , , , , , , , , , , , , , , , , , , , , , , , , , , , , , , , , #, ]
05-20 14:37:32.611 D/dalvikvm( 1468): GC_CONCURRENT freed 542K, 21% free 9680K/12104K, paused 13ms+5ms, total 64ms
05-20 14:37:32.611 D/dalvikvm( 1468): WAIT_FOR_CONCURRENT_GC blocked 21ms
05-20 14:37:32.611 D/dalvikvm( 1468): WAIT_FOR_CONCURRENT_GC blocked 19ms
05-20 14:37:32.627 W/MountService(  374): getVolumeState(/storage/emulated/0/external_sd): Unknown volume
05-20 14:37:32.627 W/MountService(  374): getVolumeState(/mnt/sdcard-ext): Unknown volume
05-20 14:37:32.627 W/MountService(  374): getVolumeState(/mnt/ext_sdcard): Unknown volume
05-20 14:37:32.627 W/MountService(  374): getVolumeState(/mnt/sdcard2): Unknown volume
05-20 14:37:32.627 W/MountService(  374): getVolumeState(/mnt/emmc): Unknown volume
05-20 14:37:32.627 W/MountService(  374): getVolumeState(/mnt/extSdCard): Unknown volume
05-20 14:37:32.627 W/MountService(  374): getVolumeState(/mnt/sdcard/SD_CARD): Unknown volume
05-20 14:37:32.627 W/MountService(  374): getVolumeState(/mnt/sdcard/extra_sd): Unknown volume
05-20 14:37:32.635 W/MountService(  374): getVolumeState(/mnt/extrasd_bind): Unknown volume
05-20 14:37:32.635 W/MountService(  374): getVolumeState(/mnt/sdcard/ext_sd): Unknown volume
05-20 14:37:32.635 W/MountService(  374): getVolumeState(/storage/extSdCard): Unknown volume
05-20 14:37:32.635 W/MountService(  374): getVolumeState(/storage/sdcard1): Unknown volume
05-20 14:37:32.635 W/MountService(  374): getVolumeState(/mnt/sdcard/external_SD): Unknown volume
05-20 14:37:32.635 W/MountService(  374): getVolumeState(/mnt/sdcard/external_sd): Unknown volume
05-20 14:37:32.767 D/dalvikvm( 1468): GC_CONCURRENT freed 476K, 21% free 9669K/12104K, paused 5ms+7ms, total 41ms
05-20 14:37:33.080 D/dalvikvm( 2072): GC_CONCURRENT freed 202K, 3% free 9368K/9612K, paused 4ms+3ms, total 32ms
05-20 14:38:08.056 D/dalvikvm( 1238): GC_CONCURRENT freed 379K, 6% free 9203K/9712K, paused 2ms+2ms, total 22ms
05-20 14:38:13.463 D/dalvikvm(30346): GC_CONCURRENT freed 384K, 5% free 9530K/9968K, paused 3ms+2ms, total 25ms
05-20 14:38:17.205 D/dalvikvm(  561): GC_EXPLICIT freed 286K, 5% free 9419K/9848K, paused 2ms+5ms, total 32ms
05-20 14:38:31.736 W/MountService(  374): getVolumeState(/storage/emulated/0/external_sd): Unknown volume
05-20 14:38:31.736 W/MountService(  374): getVolumeState(/mnt/sdcard-ext): Unknown volume
05-20 14:38:31.736 W/MountService(  374): getVolumeState(/mnt/ext_sdcard): Unknown volume
05-20 14:38:31.736 W/MountService(  374): getVolumeState(/mnt/sdcard2): Unknown volume
05-20 14:38:31.736 W/MountService(  374): getVolumeState(/mnt/emmc): Unknown volume
05-20 14:38:31.744 W/MountService(  374): getVolumeState(/mnt/extSdCard): Unknown volume
05-20 14:38:31.744 W/MountService(  374): getVolumeState(/mnt/sdcard/SD_CARD): Unknown volume
05-20 14:38:31.744 W/MountService(  374): getVolumeState(/mnt/sdcard/extra_sd): Unknown volume
05-20 14:38:31.744 W/MountService(  374): getVolumeState(/mnt/extrasd_bind): Unknown volume
05-20 14:38:31.744 W/MountService(  374): getVolumeState(/mnt/sdcard/ext_sd): Unknown volume
05-20 14:38:31.744 W/MountService(  374): getVolumeState(/storage/extSdCard): Unknown volume
05-20 14:38:31.744 W/MountService(  374): getVolumeState(/storage/sdcard1): Unknown volume
05-20 14:38:31.744 W/MountService(  374): getVolumeState(/mnt/sdcard/external_SD): Unknown volume
05-20 14:38:31.744 W/MountService(  374): getVolumeState(/mnt/sdcard/external_sd): Unknown volume
05-20 14:38:31.892 D/dalvikvm( 1468): GC_CONCURRENT freed 333K, 20% free 9769K/12104K, paused 6ms+6ms, total 39ms
05-20 14:38:32.072 W/MountService(  374): getVolumeState(/storage/emulated/0/external_sd): Unknown volume
05-20 14:38:32.072 W/MountService(  374): getVolumeState(/mnt/sdcard-ext): Unknown volume
05-20 14:38:32.080 W/MountService(  374): getVolumeState(/mnt/ext_sdcard): Unknown volume
05-20 14:38:32.080 W/MountService(  374): getVolumeState(/mnt/sdcard2): Unknown volume
05-20 14:38:32.080 W/MountService(  374): getVolumeState(/mnt/emmc): Unknown volume
05-20 14:38:32.080 W/MountService(  374): getVolumeState(/mnt/extSdCard): Unknown volume
05-20 14:38:32.080 W/MountService(  374): getVolumeState(/mnt/sdcard/SD_CARD): Unknown volume
05-20 14:38:32.080 W/MountService(  374): getVolumeState(/mnt/sdcard/extra_sd): Unknown volume
05-20 14:38:32.080 W/MountService(  374): getVolumeState(/mnt/extrasd_bind): Unknown volume
05-20 14:38:32.080 W/MountService(  374): getVolumeState(/mnt/sdcard/ext_sd): Unknown volume
05-20 14:38:32.080 W/MountService(  374): getVolumeState(/storage/extSdCard): Unknown volume
05-20 14:38:32.088 W/MountService(  374): getVolumeState(/storage/sdcard1): Unknown volume
05-20 14:38:32.088 W/MountService(  374): getVolumeState(/mnt/sdcard/external_SD): Unknown volume
05-20 14:38:32.088 W/MountService(  374): getVolumeState(/mnt/sdcard/external_sd): Unknown volume
05-20 14:38:32.142 D/dalvikvm( 1468): GC_CONCURRENT freed 626K, 21% free 9655K/12104K, paused 7ms+6ms, total 48ms
05-20 14:38:32.142 D/dalvikvm( 1468): WAIT_FOR_CONCURRENT_GC blocked 2ms
05-20 14:38:53.408 D/dalvikvm( 1661): GC_EXPLICIT freed 234K, 18% free 13077K/15888K, paused 2ms+5ms, total 66ms
05-20 14:38:58.471 D/dalvikvm( 1661): GC_EXPLICIT freed 2K, 18% free 13075K/15888K, paused 3ms+5ms, total 59ms
05-20 14:39:08.478 D/dalvikvm( 1661): GC_EXPLICIT freed <1K, 18% free 13075K/15888K, paused 3ms+5ms, total 67ms
05-20 14:39:31.728 W/MountService(  374): getVolumeState(/storage/emulated/0/external_sd): Unknown volume
05-20 14:39:31.728 W/MountService(  374): getVolumeState(/mnt/sdcard-ext): Unknown volume
05-20 14:39:31.736 W/MountService(  374): getVolumeState(/mnt/ext_sdcard): Unknown volume
05-20 14:39:31.736 W/MountService(  374): getVolumeState(/mnt/sdcard2): Unknown volume
05-20 14:39:31.736 W/MountService(  374): getVolumeState(/mnt/emmc): Unknown volume
05-20 14:39:31.736 W/MountService(  374): getVolumeState(/mnt/extSdCard): Unknown volume
05-20 14:39:31.736 W/MountService(  374): getVolumeState(/mnt/sdcard/SD_CARD): Unknown volume
05-20 14:39:31.736 W/MountService(  374): getVolumeState(/mnt/sdcard/extra_sd): Unknown volume
05-20 14:39:31.736 W/MountService(  374): getVolumeState(/mnt/extrasd_bind): Unknown volume
05-20 14:39:31.744 W/MountService(  374): getVolumeState(/mnt/sdcard/ext_sd): Unknown volume
05-20 14:39:31.744 W/MountService(  374): getVolumeState(/storage/extSdCard): Unknown volume
05-20 14:39:31.744 W/MountService(  374): getVolumeState(/storage/sdcard1): Unknown volume
05-20 14:39:31.744 W/MountService(  374): getVolumeState(/mnt/sdcard/external_SD): Unknown volume
05-20 14:39:31.744 W/MountService(  374): getVolumeState(/mnt/sdcard/external_sd): Unknown volume
05-20 14:39:31.846 D/dalvikvm( 1468): GC_CONCURRENT freed 426K, 21% free 9659K/12104K, paused 15ms+13ms, total 67ms
05-20 14:39:32.041 W/Parcel  ( 1661): Attempt to read object from Parcel 0x5ec3bdac at offset 200 that is not in the object list
05-20 14:39:32.197 D/dalvikvm(  374): JIT code cache reset in 6 ms (1048452 bytes 23/0)
05-20 14:39:32.213 D/dalvikvm(  374): GC_EXPLICIT freed 608K, 24% free 20854K/27192K, paused 5ms+18ms, total 134ms
05-20 14:39:32.260 W/MountService(  374): getVolumeState(/storage/emulated/0/external_sd): Unknown volume
05-20 14:39:32.260 W/MountService(  374): getVolumeState(/mnt/sdcard-ext): Unknown volume
05-20 14:39:32.260 W/MountService(  374): getVolumeState(/mnt/ext_sdcard): Unknown volume
05-20 14:39:32.260 W/MountService(  374): getVolumeState(/mnt/sdcard2): Unknown volume
05-20 14:39:32.267 W/MountService(  374): getVolumeState(/mnt/emmc): Unknown volume
05-20 14:39:32.267 W/MountService(  374): getVolumeState(/mnt/extSdCard): Unknown volume
05-20 14:39:32.267 W/MountService(  374): getVolumeState(/mnt/sdcard/SD_CARD): Unknown volume
05-20 14:39:32.267 W/MountService(  374): getVolumeState(/mnt/sdcard/extra_sd): Unknown volume
05-20 14:39:32.267 W/MountService(  374): getVolumeState(/mnt/extrasd_bind): Unknown volume
05-20 14:39:32.267 W/MountService(  374): getVolumeState(/mnt/sdcard/ext_sd): Unknown volume
05-20 14:39:32.267 W/MountService(  374): getVolumeState(/storage/extSdCard): Unknown volume
05-20 14:39:32.267 W/MountService(  374): getVolumeState(/storage/sdcard1): Unknown volume
05-20 14:39:32.267 W/MountService(  374): getVolumeState(/mnt/sdcard/external_SD): Unknown volume
05-20 14:39:32.283 W/MountService(  374): getVolumeState(/mnt/sdcard/external_sd): Unknown volume
05-20 14:39:32.291 D/dalvikvm( 1468): GC_CONCURRENT freed 508K, 21% free 9657K/12104K, paused 4ms+5ms, total 144ms
05-20 14:39:32.291 D/dalvikvm( 1468): WAIT_FOR_CONCURRENT_GC blocked 28ms
05-20 14:39:32.291 D/dalvikvm( 1468): WAIT_FOR_CONCURRENT_GC blocked 12ms
05-20 14:39:32.424 D/dalvikvm( 1468): GC_CONCURRENT freed 416K, 21% free 9643K/12104K, paused 5ms+5ms, total 32ms
05-20 14:39:47.385 I/ActivityManager(  374): No longer want com.dragon.android.pandaspace:bdservice_v1 (pid 994): empty for 1806s
05-20 14:39:47.400 W/ActivityManager(  374): Scheduling restart of crashed service com.dragon.android.pandaspace/com.baidu.android.moplus.MoPlusService in 5000ms
05-20 14:39:52.416 I/ActivityManager(  374): Start proc com.dragon.android.pandaspace:bdservice_v1 for service com.dragon.android.pandaspace/com.baidu.android.moplus.MoPlusService: pid=2093 uid=10074 gids={50074, 1015, 3003, 1006, 1028}
05-20 14:39:52.431 I/dalvikvm( 2093): Turning on JNI app bug workarounds for target SDK version 8...
05-20 14:39:52.572 D/dalvikvm( 2093): Trying to load lib /data/app-lib/com.dragon.android.pandaspace-1/libroot.so 0x422825f0
05-20 14:39:52.572 D/dalvikvm( 2093): Added shared lib /data/app-lib/com.dragon.android.pandaspace-1/libroot.so 0x422825f0
05-20 14:39:52.572 I/RootJni ( 2093): JNI_OnLoad......
05-20 14:39:52.869 W/Parcel  ( 1661): Attempt to read object from Parcel 0x6003bdac at offset 200 that is not in the object list
05-20 14:39:52.892 D/dalvikvm( 2093): GC_CONCURRENT freed 390K, 5% free 9044K/9472K, paused 3ms+3ms, total 71ms
05-20 14:39:52.892 D/dalvikvm( 2093): WAIT_FOR_CONCURRENT_GC blocked 11ms
05-20 14:39:52.892 D/dalvikvm( 2093): WAIT_FOR_CONCURRENT_GC blocked 11ms
05-20 14:39:53.025 D/dalvikvm( 2093): GC_CONCURRENT freed 297K, 4% free 9213K/9552K, paused 3ms+4ms, total 39ms
05-20 14:39:53.150 D/dalvikvm( 2093): GC_CONCURRENT freed 235K, 3% free 9488K/9764K, paused 3ms+7ms, total 35ms
05-20 14:39:53.158 D/dalvikvm( 2093): WAIT_FOR_CONCURRENT_GC blocked 1ms
05-20 14:39:53.221 D/dalvikvm( 2093): GC_CONCURRENT freed 441K, 6% free 9537K/10040K, paused 3ms+4ms, total 32ms
05-20 14:39:53.221 D/dalvikvm( 2093): WAIT_FOR_CONCURRENT_GC blocked 3ms
05-20 14:39:53.299 I/dalvikvm( 2093): Failed resolving Lcom/baidu/android/nebula/util/BDLocationManager$BaiduLocationListener; interface 1169 'Lcom/baidu/location/BDLocationListener;'
05-20 14:39:53.299 W/dalvikvm( 2093): Link of class 'Lcom/baidu/android/nebula/util/BDLocationManager$BaiduLocationListener;' failed
05-20 14:39:53.299 D/dalvikvm( 2093): GC_CONCURRENT freed 373K, 5% free 9577K/10040K, paused 3ms+11ms, total 41ms
05-20 14:39:53.299 W/dalvikvm( 2093): VFY: unable to find class referenced in signature (Lcom/baidu/location/LocationClient;)
05-20 14:39:53.299 I/dalvikvm( 2093): Failed resolving Lcom/baidu/android/nebula/util/BDLocationManager$BaiduLocationListener; interface 1169 'Lcom/baidu/location/BDLocationListener;'
05-20 14:39:53.299 W/dalvikvm( 2093): Link of class 'Lcom/baidu/android/nebula/util/BDLocationManager$BaiduLocationListener;' failed
05-20 14:39:53.299 I/dalvikvm( 2093): Failed resolving Lcom/baidu/android/nebula/util/BDLocationManager$BaiduLocationListener; interface 1169 'Lcom/baidu/location/BDLocationListener;'
05-20 14:39:53.299 W/dalvikvm( 2093): Link of class 'Lcom/baidu/android/nebula/util/BDLocationManager$BaiduLocationListener;' failed
05-20 14:39:53.299 I/dalvikvm( 2093): Could not find method com.baidu.location.LocationClient.unRegisterLocationListener, referenced from method com.baidu.android.nebula.util.BDLocationManager.d
05-20 14:39:53.306 W/dalvikvm( 2093): VFY: unable to resolve virtual method 7866: Lcom/baidu/location/LocationClient;.unRegisterLocationListener (Lcom/baidu/location/BDLocationListener;)V
05-20 14:39:53.306 D/dalvikvm( 2093): VFY: replacing opcode 0x6e at 0x0012
05-20 14:39:53.306 E/dalvikvm( 2093): Could not find class 'com.baidu.location.LocationClient', referenced from method com.baidu.android.nebula.util.BDLocationManager.e
05-20 14:39:53.306 W/dalvikvm( 2093): VFY: unable to resolve new-instance 1170 (Lcom/baidu/location/LocationClient;) in Lcom/baidu/android/nebula/util/BDLocationManager;
05-20 14:39:53.306 D/dalvikvm( 2093): VFY: replacing opcode 0x22 at 0x0000
05-20 14:39:53.306 E/dalvikvm( 2093): Could not find class 'com.baidu.location.LocationClientOption', referenced from method com.baidu.android.nebula.util.BDLocationManager.f
