05-20 10:31:48.314 D/dalvikvm( 1468): GC_CONCURRENT freed 415K, 21% free 9612K/12104K, paused 4ms+5ms, total 31ms
05-20 10:31:48.744 D/AndroidRuntime(25412): 
05-20 10:31:48.744 D/AndroidRuntime(25412): >>>>>> AndroidRuntime START com.android.internal.os.RuntimeInit <<<<<<
05-20 10:31:48.744 D/AndroidRuntime(25412): CheckJNI is OFF
05-20 10:31:48.752 D/dalvikvm(25412): Trying to load lib libjavacore.so 0x0
05-20 10:31:48.760 D/dalvikvm(25412): Added shared lib libjavacore.so 0x0
05-20 10:31:48.767 D/dalvikvm(25412): Trying to load lib libnativehelper.so 0x0
05-20 10:31:48.767 D/dalvikvm(25412): Added shared lib libnativehelper.so 0x0
05-20 10:31:48.986 D/AndroidRuntime(25412): Calling main entry com.android.commands.am.Am
05-20 10:31:48.986 D/dalvikvm(25412): Note: class Landroid/app/ActivityManagerNative; has 163 unimplemented (abstract) methods
05-20 10:31:49.002 W/Parcel  ( 1661): Attempt to read object from Parcel 0x5ec3bdac at offset 200 that is not in the object list
05-20 10:31:49.010 D/dalvikvm(25452): Late-enabling CheckJNI
05-20 10:31:49.017 D/AndroidRuntime(25412): Shutting down VM
05-20 10:31:49.017 I/ActivityManager(  374): Start proc com.nd.assistance.ServerService for service com.nd.assistance/.server.ServerService: pid=25452 uid=10068 gids={50068, 3003, 1015, 1006, 1028}
05-20 10:31:49.025 D/dalvikvm(25412): GC_CONCURRENT freed 92K, 16% free 512K/608K, paused 0ms+1ms, total 4ms
05-20 10:31:49.033 I/dalvikvm(25452): Turning on JNI app bug workarounds for target SDK version 3...
05-20 10:31:49.096 E/LogCenter(25452): logger_impl_ init
05-20 10:31:49.096 D/com.nd.assistance.server.ServerService(25452): ServerService onCreate()
05-20 10:31:49.103 D/com.nd.assistance.server.ServerService(25452): ServerService onStart()
05-20 10:31:49.103 D/com.nd.assistance.server.ServerService(25452): mIsStarting is false, set mIsStarting = true
05-20 10:31:49.103 D/com.nd.assistance.server.ServerService(25452): startDaemonServer(false)
05-20 10:31:49.103 D/com.nd.assistance.server.ServerService(25452): mDaemonServer == null
05-20 10:31:49.174 E/daemon.k.a(25452): acquireWifiLock()
05-20 10:31:49.181 D/com.nd.assistance.server.ServerService(25452): set mIsStarting = false
05-20 10:31:49.181 D/com.nd.assistance.server.ServerService(25452): ServerService onStart used time: 83
05-20 10:31:49.189 D/daemon.h.b.b(25452): start nio server
05-20 10:31:49.213 D/daemon.h.b.c(25452): SelectReactor run()
05-20 10:31:49.931 E/daemon.c.c(25452): start heartbeat server.
05-20 10:31:50.267 D/dalvikvm(25452): GC_CONCURRENT freed 243K, 3% free 9190K/9472K, paused 50ms+47ms, total 311ms
05-20 10:31:50.267 D/dalvikvm(25452): WAIT_FOR_CONCURRENT_GC blocked 3ms
05-20 10:31:50.346 D/AndroidRuntime(25534): 
05-20 10:31:50.346 D/AndroidRuntime(25534): >>>>>> AndroidRuntime START com.android.internal.os.RuntimeInit <<<<<<
05-20 10:31:50.346 D/AndroidRuntime(25534): CheckJNI is OFF
05-20 10:31:50.353 D/dalvikvm(25534): Trying to load lib libjavacore.so 0x0
05-20 10:31:50.361 D/dalvikvm(25534): Added shared lib libjavacore.so 0x0
05-20 10:31:50.369 D/dalvikvm(25534): Trying to load lib libnativehelper.so 0x0
05-20 10:31:50.369 D/dalvikvm(25534): Added shared lib libnativehelper.so 0x0
05-20 10:31:50.556 D/AndroidRuntime(25534): Calling main entry com.android.commands.am.Am
05-20 10:31:50.556 D/dalvikvm(25534): Note: class Landroid/app/ActivityManagerNative; has 163 unimplemented (abstract) methods
05-20 10:31:50.564 D/AndroidRuntime(25534): Shutting down VM
05-20 10:31:50.572 D/dalvikvm(25534): GC_CONCURRENT freed 91K, 16% free 514K/608K, paused 1ms+1ms, total 3ms
05-20 10:31:50.869 D/dalvikvm(25452): GC_CONCURRENT freed 318K, 4% free 9321K/9680K, paused 3ms+2ms, total 108ms
05-20 10:31:50.908 D/AndroidRuntime(25578): 
05-20 10:31:50.908 D/AndroidRuntime(25578): >>>>>> AndroidRuntime START com.android.internal.os.RuntimeInit <<<<<<
05-20 10:31:50.908 D/AndroidRuntime(25578): CheckJNI is OFF
05-20 10:31:50.916 D/dalvikvm(25578): Trying to load lib libjavacore.so 0x0
05-20 10:31:50.924 D/dalvikvm(25578): Added shared lib libjavacore.so 0x0
05-20 10:31:50.931 D/dalvikvm(25578): Trying to load lib libnativehelper.so 0x0
05-20 10:31:50.931 D/dalvikvm(25578): Added shared lib libnativehelper.so 0x0
05-20 10:31:51.049 D/dalvikvm(  561): GC_CONCURRENT freed 435K, 5% free 9384K/9860K, paused 5ms+7ms, total 69ms
05-20 10:31:51.142 D/AndroidRuntime(25578): Calling main entry com.android.commands.pm.Pm
05-20 10:31:51.181 D/AndroidRuntime(25578): Shutting down VM
05-20 10:31:51.189 D/dalvikvm(25578): GC_CONCURRENT freed 99K, 18% free 485K/588K, paused 1ms+0ms, total 3ms
05-20 10:31:51.197 I/ActivityManager(  374): Process android.process.acore (pid 24952) has died.
05-20 10:31:51.244 W/MountService(  374): getVolumeState(/storage/emulated/0/external_sd): Unknown volume
05-20 10:31:51.244 W/MountService(  374): getVolumeState(/mnt/sdcard-ext): Unknown volume
05-20 10:31:51.244 W/MountService(  374): getVolumeState(/mnt/ext_sdcard): Unknown volume
05-20 10:31:51.244 W/MountService(  374): getVolumeState(/mnt/sdcard2): Unknown volume
05-20 10:31:51.244 W/MountService(  374): getVolumeState(/mnt/emmc): Unknown volume
05-20 10:31:51.252 W/MountService(  374): getVolumeState(/mnt/extSdCard): Unknown volume
05-20 10:31:51.252 W/MountService(  374): getVolumeState(/mnt/sdcard/SD_CARD): Unknown volume
05-20 10:31:51.252 W/MountService(  374): getVolumeState(/mnt/sdcard/extra_sd): Unknown volume
05-20 10:31:51.252 W/MountService(  374): getVolumeState(/mnt/extrasd_bind): Unknown volume
05-20 10:31:51.260 W/MountService(  374): getVolumeState(/mnt/sdcard/ext_sd): Unknown volume
05-20 10:31:51.260 W/MountService(  374): getVolumeState(/storage/extSdCard): Unknown volume
05-20 10:31:51.260 W/MountService(  374): getVolumeState(/storage/sdcard1): Unknown volume
05-20 10:31:51.260 W/MountService(  374): getVolumeState(/mnt/sdcard/external_SD): Unknown volume
05-20 10:31:51.260 W/MountService(  374): getVolumeState(/mnt/sdcard/external_sd): Unknown volume
05-20 10:31:51.346 W/MountService(  374): getVolumeState(/storage/emulated/0/external_sd): Unknown volume
05-20 10:31:51.346 W/MountService(  374): getVolumeState(/mnt/sdcard-ext): Unknown volume
05-20 10:31:51.346 W/MountService(  374): getVolumeState(/mnt/ext_sdcard): Unknown volume
05-20 10:31:51.346 W/MountService(  374): getVolumeState(/mnt/sdcard2): Unknown volume
05-20 10:31:51.346 W/MountService(  374): getVolumeState(/mnt/emmc): Unknown volume
05-20 10:31:51.346 W/MountService(  374): getVolumeState(/mnt/extSdCard): Unknown volume
05-20 10:31:51.346 W/MountService(  374): getVolumeState(/mnt/sdcard/SD_CARD): Unknown volume
05-20 10:31:51.346 W/MountService(  374): getVolumeState(/mnt/sdcard/extra_sd): Unknown volume
05-20 10:31:51.346 W/MountService(  374): getVolumeState(/mnt/extrasd_bind): Unknown volume
05-20 10:31:51.346 W/MountService(  374): getVolumeState(/mnt/sdcard/ext_sd): Unknown volume
05-20 10:31:51.346 W/MountService(  374): getVolumeState(/storage/extSdCard): Unknown volume
05-20 10:31:51.346 W/MountService(  374): getVolumeState(/storage/sdcard1): Unknown volume
05-20 10:31:51.385 D/dalvikvm( 1468): GC_CONCURRENT freed 525K, 21% free 9599K/12104K, paused 3ms+3ms, total 57ms
05-20 10:31:51.385 D/dalvikvm( 1468): WAIT_FOR_CONCURRENT_GC blocked 37ms
05-20 10:31:51.385 D/dalvikvm( 1468): WAIT_FOR_CONCURRENT_GC blocked 32ms
05-20 10:31:51.385 W/MountService(  374): getVolumeState(/mnt/sdcard/external_SD): Unknown volume
05-20 10:31:51.385 W/MountService(  374): getVolumeState(/mnt/sdcard/external_sd): Unknown volume
05-20 10:31:51.760 W/Parcel  ( 1661): Attempt to read object from Parcel 0x5dfd3dac at offset 200 that is not in the object list
05-20 10:31:51.767 D/dalvikvm( 1468): GC_CONCURRENT freed 434K, 21% free 9676K/12104K, paused 8ms+3ms, total 34ms
05-20 10:31:51.767 D/dalvikvm( 1468): WAIT_FOR_CONCURRENT_GC blocked 23ms
05-20 10:31:51.767 D/dalvikvm( 1468): WAIT_FOR_CONCURRENT_GC blocked 24ms
05-20 10:31:51.767 D/dalvikvm( 1468): WAIT_FOR_CONCURRENT_GC blocked 9ms
05-20 10:31:51.767 D/dalvikvm( 1468): WAIT_FOR_CONCURRENT_GC blocked 10ms
05-20 10:31:51.767 D/dalvikvm( 1468): WAIT_FOR_CONCURRENT_GC blocked 11ms
05-20 10:31:51.767 D/dalvikvm( 1468): WAIT_FOR_CONCURRENT_GC blocked 12ms
05-20 10:31:51.775 D/dalvikvm( 1468): WAIT_FOR_CONCURRENT_GC blocked 12ms
05-20 10:31:51.775 W/MountService(  374): getVolumeState(/storage/emulated/0/external_sd): Unknown volume
05-20 10:31:51.775 W/MountService(  374): getVolumeState(/mnt/sdcard-ext): Unknown volume
05-20 10:31:51.775 W/MountService(  374): getVolumeState(/mnt/ext_sdcard): Unknown volume
05-20 10:31:51.783 W/MountService(  374): getVolumeState(/mnt/sdcard2): Unknown volume
05-20 10:31:51.783 W/MountService(  374): getVolumeState(/mnt/emmc): Unknown volume
05-20 10:31:51.783 W/MountService(  374): getVolumeState(/mnt/extSdCard): Unknown volume
05-20 10:31:51.783 W/MountService(  374): getVolumeState(/mnt/sdcard/SD_CARD): Unknown volume
05-20 10:31:51.783 W/MountService(  374): getVolumeState(/mnt/sdcard/extra_sd): Unknown volume
05-20 10:31:51.783 W/MountService(  374): getVolumeState(/mnt/extrasd_bind): Unknown volume
05-20 10:31:51.783 W/MountService(  374): getVolumeState(/mnt/sdcard/ext_sd): Unknown volume
05-20 10:31:51.783 W/MountService(  374): getVolumeState(/storage/extSdCard): Unknown volume
05-20 10:31:51.783 W/MountService(  374): getVolumeState(/storage/sdcard1): Unknown volume
05-20 10:31:51.783 W/MountService(  374): getVolumeState(/mnt/sdcard/external_SD): Unknown volume
05-20 10:31:51.783 W/MountService(  374): getVolumeState(/mnt/sdcard/external_sd): Unknown volume
05-20 10:31:51.939 D/dalvikvm( 1468): GC_CONCURRENT freed 360K, 19% free 9828K/12104K, paused 11ms+3ms, total 45ms
05-20 10:31:51.939 D/dalvikvm( 1468): WAIT_FOR_CONCURRENT_GC blocked 12ms
05-20 10:31:51.939 D/dalvikvm( 1468): WAIT_FOR_CONCURRENT_GC blocked 16ms
05-20 10:31:51.939 D/dalvikvm( 1468): WAIT_FOR_CONCURRENT_GC blocked 14ms
05-20 10:31:51.939 D/dalvikvm( 1468): WAIT_FOR_CONCURRENT_GC blocked 10ms
05-20 10:31:52.049 I/ActivityManager(  374): Start proc android.process.acore for content provider com.android.providers.contacts/.ContactsProvider2: pid=25617 uid=10000 gids={50000, 3003, 1015, 1028}
05-20 10:31:52.064 D/dalvikvm(  125): GC_EXPLICIT freed 41K, 1% free 8921K/9008K, paused 1ms+2ms, total 28ms
05-20 10:31:52.096 D/dalvikvm(  125): GC_EXPLICIT freed <1K, 1% free 8921K/9008K, paused 1ms+2ms, total 27ms
05-20 10:31:52.119 D/dalvikvm(  125): GC_EXPLICIT freed <1K, 1% free 8921K/9008K, paused 2ms+2ms, total 20ms
05-20 10:31:52.158 D/dalvikvm( 1468): GC_CONCURRENT freed 296K, 18% free 10044K/12104K, paused 10ms+18ms, total 161ms
05-20 10:31:52.158 D/dalvikvm( 1468): WAIT_FOR_CONCURRENT_GC blocked 63ms
05-20 10:31:52.166 D/dalvikvm( 1468): WAIT_FOR_CONCURRENT_GC blocked 45ms
05-20 10:31:52.228 D/dalvikvm(25617): GC_CONCURRENT freed 237K, 3% free 9186K/9468K, paused 8ms+2ms, total 35ms
05-20 10:31:52.228 D/dalvikvm(25617): WAIT_FOR_CONCURRENT_GC blocked 7ms
05-20 10:31:52.283 D/dalvikvm( 1468): GC_CONCURRENT freed 134K, 14% free 10422K/12104K, paused 6ms+9ms, total 44ms
05-20 10:31:52.283 D/dalvikvm( 1468): WAIT_FOR_CONCURRENT_GC blocked 1ms
05-20 10:31:52.283 D/dalvikvm( 1468): WAIT_FOR_CONCURRENT_GC blocked 26ms
05-20 10:31:52.283 D/dalvikvm( 1468): WAIT_FOR_CONCURRENT_GC blocked 24ms
05-20 10:31:52.361 D/dalvikvm( 1468): GC_CONCURRENT freed 107K, 11% free 10839K/12104K, paused 10ms+3ms, total 39ms
05-20 10:31:52.361 D/dalvikvm( 1468): WAIT_FOR_CONCURRENT_GC blocked 7ms
05-20 10:31:52.361 D/dalvikvm( 1468): WAIT_FOR_CONCURRENT_GC blocked 26ms
05-20 10:31:52.369 D/dalvikvm( 1468): WAIT_FOR_CONCURRENT_GC blocked 22ms
05-20 10:31:52.486 D/dalvikvm( 1468): GC_CONCURRENT freed 348K, 8% free 11152K/12104K, paused 5ms+3ms, total 55ms
05-20 10:31:52.486 D/dalvikvm( 1468): WAIT_FOR_CONCURRENT_GC blocked 27ms
05-20 10:31:52.486 D/dalvikvm( 1468): WAIT_FOR_CONCURRENT_GC blocked 18ms
05-20 10:31:52.650 D/dalvikvm( 1468): GC_CONCURRENT freed 710K, 8% free 11210K/12104K, paused 2ms+3ms, total 52ms
05-20 10:31:52.650 D/dalvikvm( 1468): WAIT_FOR_CONCURRENT_GC blocked 20ms
05-20 10:31:52.650 D/dalvikvm( 1468): WAIT_FOR_CONCURRENT_GC blocked 19ms
05-20 10:31:52.767 I/ContactLocale(25617): AddressBook Labels [en_US]: [, A, B, C, D, E, F, G, H, I, J, K, L, M, N, O, P, Q, R, S, T, U, V, W, X, Y, Z, , , , , , , , , , , , , , , , , , , , , , , , , , , , , , , , , , , , , , , , , , , , , , , , , , , , , , , , , , , , , , , , , , , , , , , , , , , , , , , , , , , , , , , , , , , , , , , , , , , , , , , , , , , , , , , , , , , , , , , , , , , , , , , , , , , , , , , , , , , , , , , , , , , , , , , , , , , , , , , , , , , , , , , , , , , , , , , , , , , , , , #, ]
05-20 10:31:52.830 D/dalvikvm( 1468): GC_CONCURRENT freed 701K, 8% free 11252K/12104K, paused 7ms+3ms, total 47ms
05-20 10:31:52.830 D/dalvikvm( 1468): WAIT_FOR_CONCURRENT_GC blocked 33ms
05-20 10:31:53.205 D/dalvikvm( 1468): GC_CONCURRENT freed 1917K, 17% free 10189K/12140K, paused 23ms+21ms, total 173ms
05-20 10:31:53.205 D/dalvikvm( 1468): WAIT_FOR_CONCURRENT_GC blocked 134ms
05-20 10:31:53.205 I/dalvikvm-heap( 1468): Grow heap (frag case) to 10.096MB for 51590-byte allocation
05-20 10:31:53.260 D/dalvikvm( 1468): GC_FOR_ALLOC freed 159K, 18% free 10080K/12192K, paused 54ms, total 54ms
05-20 10:31:53.330 D/dalvikvm( 1468): GC_FOR_ALLOC freed 94K, 18% free 10074K/12192K, paused 62ms, total 62ms
05-20 10:31:53.330 I/dalvikvm-heap( 1468): Grow heap (frag case) to 10.008MB for 77380-byte allocation
05-20 10:31:53.353 D/dalvikvm(25617): GC_CONCURRENT freed 200K, 3% free 9371K/9612K, paused 3ms+2ms, total 23ms
05-20 10:31:53.353 D/dalvikvm( 1468): GC_FOR_ALLOC freed 55K, 18% free 10094K/12268K, paused 27ms, total 27ms
05-20 10:31:53.377 W/MountService(  374): getVolumeState(/storage/emulated/0/external_sd): Unknown volume
05-20 10:31:53.377 W/MountService(  374): getVolumeState(/mnt/sdcard-ext): Unknown volume
05-20 10:31:53.416 D/dalvikvm( 1468): GC_FOR_ALLOC freed 221K, 18% free 10070K/12268K, paused 31ms, total 31ms
05-20 10:31:53.416 I/dalvikvm-heap( 1468): Grow heap (frag case) to 10.041MB for 116066-byte allocation
05-20 10:31:53.439 D/dalvikvm( 1468): GC_FOR_ALLOC freed 4K, 18% free 10179K/12384K, paused 24ms, total 24ms
05-20 10:31:53.471 D/dalvikvm( 1468): GC_FOR_ALLOC freed 242K, 19% free 10104K/12384K, paused 30ms, total 31ms
05-20 10:31:53.471 I/dalvikvm-heap( 1468): Grow heap (frag case) to 10.129MB for 174094-byte allocation
05-20 10:31:53.502 D/dalvikvm( 1468): GC_FOR_ALLOC freed <1K, 19% free 10273K/12556K, paused 29ms, total 29ms
05-20 10:31:53.549 D/dalvikvm( 1468): GC_FOR_ALLOC freed 326K, 20% free 10159K/12556K, paused 36ms, total 36ms
05-20 10:31:53.549 W/MountService(  374): getVolumeState(/mnt/ext_sdcard): Unknown volume
05-20 10:31:53.549 W/MountService(  374): getVolumeState(/mnt/sdcard2): Unknown volume
05-20 10:31:53.549 W/MountService(  374): getVolumeState(/mnt/emmc): Unknown volume
05-20 10:31:53.549 W/MountService(  374): getVolumeState(/mnt/extSdCard): Unknown volume
05-20 10:31:53.556 W/MountService(  374): getVolumeState(/mnt/sdcard/SD_CARD): Unknown volume
05-20 10:31:53.556 W/MountService(  374): getVolumeState(/mnt/sdcard/extra_sd): Unknown volume
05-20 10:31:53.556 W/MountService(  374): getVolumeState(/mnt/extrasd_bind): Unknown volume
05-20 10:31:53.556 W/MountService(  374): getVolumeState(/mnt/sdcard/ext_sd): Unknown volume
05-20 10:31:53.564 W/MountService(  374): getVolumeState(/storage/extSdCard): Unknown volume
05-20 10:31:53.564 W/MountService(  374): getVolumeState(/storage/sdcard1): Unknown volume
05-20 10:31:53.564 W/MountService(  374): getVolumeState(/mnt/sdcard/external_SD): Unknown volume
05-20 10:31:53.572 W/MountService(  374): getVolumeState(/mnt/sdcard/external_sd): Unknown volume
05-20 10:31:53.627 D/dalvikvm( 1468): GC_CONCURRENT freed 393K, 19% free 10272K/12556K, paused 12ms+5ms, total 63ms
05-20 10:31:53.627 D/dalvikvm( 1468): WAIT_FOR_CONCURRENT_GC blocked 58ms
05-20 10:31:53.627 I/dalvikvm-heap( 1468): Grow heap (frag case) to 10.325MB for 205426-byte allocation
05-20 10:31:53.674 D/dalvikvm( 1468): GC_FOR_ALLOC freed 5K, 18% free 10468K/12760K, paused 47ms, total 47ms
05-20 10:31:53.674 D/dalvikvm( 1468): WAIT_FOR_CONCURRENT_GC blocked 81ms
05-20 10:31:53.674 D/dalvikvm( 1468): WAIT_FOR_CONCURRENT_GC blocked 90ms
05-20 10:31:53.767 D/dalvikvm( 1468): GC_FOR_ALLOC freed 1003K, 24% free 9796K/12760K, paused 57ms, total 57ms
05-20 10:31:53.767 I/dalvikvm-heap( 1468): Grow heap (frag case) to 10.664MB for 1048592-byte allocation
05-20 10:31:53.791 D/dalvikvm( 1468): GC_FOR_ALLOC freed <1K, 22% free 10820K/13788K, paused 24ms, total 24ms
05-20 10:31:53.908 D/dalvikvm( 1468): GC_CONCURRENT freed 296K, 22% free 10830K/13788K, paused 4ms+5ms, total 107ms
05-20 10:31:54.025 D/dalvikvm(25240): GC_CONCURRENT freed 394K, 5% free 8944K/9380K, paused 2ms+1ms, total 24ms
05-20 10:31:54.142 D/dalvikvm( 1468): GC_CONCURRENT freed 1637K, 30% free 9783K/13788K, paused 3ms+6ms, total 42ms
05-20 10:31:54.174 D/dalvikvm(  576): GC_CONCURRENT freed 989K, 22% free 17755K/22700K, paused 1ms+4ms, total 50ms
05-20 10:31:54.174 D/dalvikvm(  576): WAIT_FOR_CONCURRENT_GC blocked 38ms
05-20 10:31:54.322 D/dalvikvm( 1468): GC_CONCURRENT freed 350K, 28% free 9944K/13788K, paused 6ms+12ms, total 77ms
05-20 10:31:54.322 D/dalvikvm( 1468): WAIT_FOR_CONCURRENT_GC blocked 37ms
05-20 10:31:54.322 D/dalvikvm( 1468): WAIT_FOR_CONCURRENT_GC blocked 1ms
05-20 10:31:54.541 D/dalvikvm( 1468): GC_CONCURRENT freed 550K, 29% free 9831K/13788K, paused 3ms+3ms, total 34ms
05-20 10:31:54.541 D/dalvikvm( 1468): WAIT_FOR_CONCURRENT_GC blocked 25ms
05-20 10:31:54.541 I/dalvikvm-heap( 1468): Grow heap (frag case) to 10.673MB for 1024016-byte allocation
05-20 10:31:54.572 D/dalvikvm( 1468): GC_FOR_ALLOC freed 1027K, 29% free 9804K/13788K, paused 26ms, total 26ms
05-20 10:31:54.674 D/dalvikvm( 1468): GC_CONCURRENT freed 522K, 29% free 9793K/13788K, paused 10ms+4ms, total 51ms
05-20 10:31:54.674 D/dalvikvm( 1468): WAIT_FOR_CONCURRENT_GC blocked 8ms
05-20 10:31:54.767 D/dalvikvm( 1468): GC_CONCURRENT freed 488K, 29% free 9816K/13788K, paused 5ms+7ms, total 49ms
05-20 10:31:54.767 D/dalvikvm( 1468): WAIT_FOR_CONCURRENT_GC blocked 3ms
05-20 10:31:54.799 D/dalvikvm( 1468): GC_FOR_ALLOC freed 114K, 30% free 9764K/13788K, paused 24ms, total 24ms
05-20 10:31:54.799 I/dalvikvm-heap( 1468): Grow heap (frag case) to 10.608MB for 1024016-byte allocation
05-20 10:31:54.822 D/dalvikvm( 1468): GC_FOR_ALLOC freed <1K, 22% free 10763K/13788K, paused 23ms, total 23ms
05-20 10:31:54.892 D/dalvikvm( 1468): GC_CONCURRENT freed 1145K, 29% free 9797K/13788K, paused 5ms+11ms, total 67ms
05-20 10:31:55.064 D/dalvikvm( 1468): GC_CONCURRENT freed 502K, 29% free 9806K/13788K, paused 4ms+5ms, total 48ms
05-20 10:31:55.064 D/dalvikvm( 1468): WAIT_FOR_CONCURRENT_GC blocked 8ms
05-20 10:31:55.064 D/dalvikvm( 1468): WAIT_FOR_CONCURRENT_GC blocked 8ms
05-20 10:31:55.213 D/dalvikvm( 1468): GC_CONCURRENT freed 408K, 29% free 9802K/13788K, paused 4ms+5ms, total 34ms
05-20 10:31:55.392 D/dalvikvm( 1468): GC_CONCURRENT freed 496K, 29% free 9814K/13788K, paused 2ms+3ms, total 55ms
05-20 10:31:55.392 D/dalvikvm( 1468): WAIT_FOR_CONCURRENT_GC blocked 12ms
05-20 10:31:55.541 D/dalvikvm(  374): GC_EXPLICIT freed 2012K, 25% free 20152K/26804K, paused 3ms+9ms, total 87ms
05-20 10:31:55.611 D/dalvikvm( 1468): GC_CONCURRENT freed 574K, 30% free 9684K/13788K, paused 3ms+5ms, total 23ms
05-20 10:31:55.775 D/dalvikvm( 1468): GC_CONCURRENT freed 449K, 30% free 9662K/13788K, paused 3ms+4ms, total 23ms
05-20 10:31:55.931 D/dalvikvm( 1468): GC_CONCURRENT freed 505K, 31% free 9638K/13788K, paused 4ms+6ms, total 36ms
05-20 10:31:56.103 D/dalvikvm( 1468): GC_CONCURRENT freed 457K, 31% free 9635K/13788K, paused 3ms+3ms, total 30ms
05-20 10:31:56.267 D/dalvikvm( 1468): GC_CONCURRENT freed 403K, 30% free 9659K/13788K, paused 3ms+4ms, total 22ms
05-20 10:31:56.447 D/dalvikvm( 1468): GC_CONCURRENT freed 455K, 31% free 9632K/13788K, paused 4ms+3ms, total 27ms
05-20 10:31:56.619 D/dalvikvm( 1468): GC_CONCURRENT freed 429K, 31% free 9630K/13788K, paused 3ms+3ms, total 35ms
05-20 10:31:57.135 D/AndroidRuntime(25647): 
05-20 10:31:57.135 D/AndroidRuntime(25647): >>>>>> AndroidRuntime START com.android.internal.os.RuntimeInit <<<<<<
05-20 10:31:57.135 D/AndroidRuntime(25647): CheckJNI is OFF
05-20 10:31:57.142 D/dalvikvm(25647): Trying to load lib libjavacore.so 0x0
05-20 10:31:57.150 D/dalvikvm(25647): Added shared lib libjavacore.so 0x0
05-20 10:31:57.158 D/dalvikvm(25647): Trying to load lib libnativehelper.so 0x0
05-20 10:31:57.166 D/dalvikvm(25647): Added shared lib libnativehelper.so 0x0
05-20 10:31:57.330 D/AndroidRuntime(25647): Calling main entry com.android.commands.am.Am
05-20 10:31:57.338 D/dalvikvm(25647): Note: class Landroid/app/ActivityManagerNative; has 163 unimplemented (abstract) methods
05-20 10:31:57.353 D/AndroidRuntime(25647): Shutting down VM
05-20 10:31:57.361 D/dalvikvm(25647): GC_CONCURRENT freed 91K, 16% free 514K/608K, paused 0ms+0ms, total 3ms
05-20 10:31:57.408 D/dalvikvm( 1468): GC_CONCURRENT freed 509K, 31% free 9631K/13788K, paused 20ms+11ms, total 360ms
05-20 10:31:57.408 D/dalvikvm( 1468): WAIT_FOR_CONCURRENT_GC blocked 16ms
05-20 10:31:57.822 D/dalvikvm( 1468): GC_CONCURRENT freed 508K, 31% free 9630K/13788K, paused 4ms+8ms, total 244ms
05-20 10:31:57.822 D/dalvikvm( 1468): WAIT_FOR_CONCURRENT_GC blocked 10ms
05-20 10:31:57.892 D/AndroidRuntime(25660): 
05-20 10:31:57.892 D/AndroidRuntime(25660): >>>>>> AndroidRuntime START com.android.internal.os.RuntimeInit <<<<<<
05-20 10:31:57.892 D/AndroidRuntime(25660): CheckJNI is OFF
05-20 10:31:57.900 D/dalvikvm(25660): Trying to load lib libjavacore.so 0x0
05-20 10:31:57.908 D/dalvikvm(25660): Added shared lib libjavacore.so 0x0
05-20 10:31:57.916 D/dalvikvm(25660): Trying to load lib libnativehelper.so 0x0
05-20 10:31:57.916 D/dalvikvm(25660): Added shared lib libnativehelper.so 0x0
05-20 10:31:57.924 D/dalvikvm(25240): GC_CONCURRENT freed 387K, 5% free 8943K/9380K, paused 3ms+1ms, total 15ms
05-20 10:31:58.072 D/dalvikvm( 1468): GC_CONCURRENT freed 508K, 30% free 9655K/13788K, paused 3ms+5ms, total 55ms
05-20 10:31:58.119 D/AndroidRuntime(25660): Calling main entry com.android.commands.am.Am
05-20 10:31:58.119 D/dalvikvm(25660): Note: class Landroid/app/ActivityManagerNative; has 163 unimplemented (abstract) methods
05-20 10:31:58.267 D/dalvikvm( 1468): GC_CONCURRENT freed 535K, 31% free 9628K/13788K, paused 4ms+10ms, total 61ms
05-20 10:31:58.267 D/dalvikvm( 1468): WAIT_FOR_CONCURRENT_GC blocked 2ms
05-20 10:31:58.431 D/AndroidRuntime(25673): 
05-20 10:31:58.431 D/AndroidRuntime(25673): >>>>>> AndroidRuntime START com.android.internal.os.RuntimeInit <<<<<<
05-20 10:31:58.431 D/AndroidRuntime(25673): CheckJNI is OFF
05-20 10:31:58.447 D/dalvikvm(25673): Trying to load lib libjavacore.so 0x0
05-20 10:31:58.447 D/dalvikvm(25673): Added shared lib libjavacore.so 0x0
05-20 10:31:58.463 D/dalvikvm(25673): Trying to load lib libnativehelper.so 0x0
05-20 10:31:58.463 D/dalvikvm(25673): Added shared lib libnativehelper.so 0x0
05-20 10:31:58.494 D/dalvikvm( 1468): GC_CONCURRENT freed 533K, 31% free 9602K/13788K, paused 3ms+10ms, total 66ms
05-20 10:31:58.494 D/dalvikvm( 1468): WAIT_FOR_CONCURRENT_GC blocked 10ms
05-20 10:31:58.619 D/AndroidRuntime(25673): Calling main entry com.android.commands.am.Am
05-20 10:31:58.619 D/dalvikvm(25673): Note: class Landroid/app/ActivityManagerNative; has 163 unimplemented (abstract) methods
05-20 10:31:58.627 D/AndroidRuntime(25673): Shutting down VM
05-20 10:31:58.674 D/dalvikvm( 1468): GC_CONCURRENT freed 456K, 31% free 9625K/13788K, paused 3ms+5ms, total 32ms
05-20 10:31:58.838 D/dalvikvm( 1468): GC_CONCURRENT freed 431K, 31% free 9648K/13788K, paused 4ms+5ms, total 27ms
05-20 10:31:59.025 D/dalvikvm( 1468): GC_CONCURRENT freed 455K, 31% free 9647K/13788K, paused 3ms+2ms, total 28ms
05-20 10:31:59.221 D/dalvikvm( 1468): GC_CONCURRENT freed 455K, 31% free 9618K/13788K, paused 3ms+3ms, total 43ms
05-20 10:31:59.361 D/dalvikvm( 1468): GC_CONCURRENT freed 429K, 31% free 9617K/13788K, paused 2ms+3ms, total 21ms
05-20 10:31:59.533 D/dalvikvm( 1468): GC_CONCURRENT freed 428K, 31% free 9642K/13788K, paused 3ms+4ms, total 30ms
05-20 10:31:59.681 D/dalvikvm( 1468): GC_CONCURRENT freed 479K, 31% free 9590K/13788K, paused 2ms+3ms, total 23ms
05-20 10:31:59.830 D/dalvikvm( 1468): GC_CONCURRENT freed 405K, 31% free 9612K/13788K, paused 3ms+2ms, total 22ms
05-20 10:31:59.978 D/dalvikvm( 1468): GC_CONCURRENT freed 428K, 31% free 9638K/13788K, paused 2ms+5ms, total 31ms
05-20 10:32:00.158 D/dalvikvm( 1468): GC_CONCURRENT freed 429K, 31% free 9609K/13788K, paused 4ms+2ms, total 21ms
05-20 10:32:00.306 D/dalvikvm( 1468): GC_CONCURRENT freed 479K, 31% free 9584K/13788K, paused 3ms+3ms, total 24ms
05-20 10:32:00.494 D/dalvikvm(24441): GC_CONCURRENT freed 354K, 5% free 9613K/10084K, paused 148ms+9ms, total 212ms
05-20 10:32:00.502 D/dalvikvm( 1468): GC_CONCURRENT freed 458K, 31% free 9634K/13788K, paused 4ms+17ms, total 77ms
05-20 10:32:00.681 D/dalvikvm( 1468): GC_CONCURRENT freed 455K, 31% free 9605K/13788K, paused 3ms+3ms, total 24ms
05-20 10:32:00.822 D/dalvikvm( 1468): GC_CONCURRENT freed 401K, 31% free 9604K/13788K, paused 3ms+3ms, total 20ms
05-20 10:32:02.689 D/dalvikvm(10683): GC_CONCURRENT freed 393K, 6% free 9503K/10088K, paused 1ms+1ms, total 17ms
05-20 10:32:02.955 D/dalvikvm(25289): GC_EXPLICIT freed 133K, 16% free 9955K/11760K, paused 2ms+3ms, total 25ms
05-20 10:32:20.471 D/LightsService(  374): Excessive delay setting light: 67ms
05-20 10:32:26.330 I/PowerManagerService(  374): Going to sleep due to screen timeout...
05-20 10:32:27.010 D/SurfaceFlinger(  124): Screen released, type=0 flinger=0x40e95478
05-20 10:32:27.103 D/dalvikvm(10683): GC_FOR_ALLOC freed 242K, 6% free 9502K/10088K, paused 59ms, total 60ms
05-20 10:32:27.103 I/dalvikvm-heap(10683): Grow heap (frag case) to 9.434MB for 124264-byte allocation
05-20 10:32:27.135 D/NfcService(  568): NFC-C OFF, disconnect
05-20 10:32:27.135 W/Parcel  ( 1661): Attempt to read object from Parcel 0x6003bdac at offset 200 that is not in the object list
05-20 10:32:27.158 D/dalvikvm(10683): GC_FOR_ALLOC freed 0K, 6% free 9624K/10212K, paused 52ms, total 52ms
05-20 10:32:27.181 D/dalvikvm(10683): GC_FOR_ALLOC freed <1K, 6% free 9624K/10212K, paused 22ms, total 22ms
05-20 10:32:27.181 I/dalvikvm-heap(10683): Grow heap (frag case) to 9.645MB for 221232-byte allocation
05-20 10:32:27.236 D/dalvikvm(10683): GC_FOR_ALLOC freed 0K, 6% free 9840K/10432K, paused 53ms, total 53ms
05-20 10:32:27.291 V/MDM :   (12519): [null:-1]->Screen receiver is called.
05-20 10:32:27.299 V/WiseDownloadConditionControler(10785): checkCondition  type : TODAY_LAUNCHED_USER  inerrupting: false
05-20 10:32:27.322 W/Parcel  ( 1661): Attempt to read object from Parcel 0x5ded3dac at offset 200 that is not in the object list
05-20 10:32:27.330 W/Parcel  ( 1661): Attempt to read object from Parcel 0x6003bdac at offset 200 that is not in the object list
05-20 10:32:27.369 D/dalvikvm(25289): GC_FOR_ALLOC freed 5K, 16% free 9952K/11760K, paused 27ms, total 27ms
05-20 10:32:27.369 I/dalvikvm-heap(25289): Grow heap (frag case) to 9.910MB for 97432-byte allocation
05-20 10:32:27.400 D/dalvikvm(25289): GC_FOR_ALLOC freed 0K, 16% free 10047K/11856K, paused 34ms, total 34ms
05-20 10:32:32.080 V/KeyguardHostView(  374): hide transport, gen:1
05-20 10:32:32.080 V/KeyguardHostView(  374): music state changed: 0
05-20 10:32:32.111 D/PhoneStatusBar(  448): disable: < expand icons alerts ticker system_info back home RECENT* clock SEARCH* >
05-20 10:32:32.150 V/TAG     (  374): bug 7643792: fitSystemWindows([0,50][0,0])
05-20 10:32:32.197 D/dalvikvm( 1468): GC_CONCURRENT freed 429K, 21% free 9581K/12104K, paused 7ms+7ms, total 79ms
05-20 10:32:32.252 D/PhoneStatusBar(  448): disable: < expand icons alerts ticker system_info BACK* HOME* RECENT CLOCK* SEARCH >
05-20 10:32:36.619 W/Parcel  ( 1661): Attempt to read object from Parcel 0x6013bdac at offset 200 that is not in the object list
05-20 10:32:36.627 V/WiseDownloadConditionControler(10785): checkCondition  type : WISE_DOWNLOAD  inerrupting: true
05-20 10:32:36.666 W/Parcel  ( 1661): Attempt to read object from Parcel 0x5ded3dac at offset 200 that is not in the object list
05-20 10:32:36.744 D/dalvikvm(  374): GC_CONCURRENT freed 1830K, 22% free 21010K/26804K, paused 5ms+10ms, total 110ms
05-20 10:32:51.447 D/dalvikvm(10785): GC_CONCURRENT freed 372K, 6% free 9925K/10460K, paused 4ms+15ms, total 45ms
05-20 10:32:51.447 D/dalvikvm(10785): WAIT_FOR_CONCURRENT_GC blocked 22ms
05-20 10:32:51.447 I/dalvikvm-heap(10785): Grow heap (frag case) to 9.753MB for 25864-byte allocation
05-20 10:32:51.471 D/dalvikvm(10785): GC_FOR_ALLOC freed 18K, 6% free 9932K/10488K, paused 22ms, total 22ms
05-20 10:32:51.549 W/MountService(  374): getVolumeState(/storage/emulated/0/external_sd): Unknown volume
05-20 10:32:51.549 W/MountService(  374): getVolumeState(/mnt/sdcard-ext): Unknown volume
05-20 10:32:51.549 W/MountService(  374): getVolumeState(/mnt/ext_sdcard): Unknown volume
05-20 10:32:51.549 W/MountService(  374): getVolumeState(/mnt/sdcard2): Unknown volume
05-20 10:32:51.549 W/MountService(  374): getVolumeState(/mnt/emmc): Unknown volume
05-20 10:32:51.549 W/MountService(  374): getVolumeState(/mnt/extSdCard): Unknown volume
05-20 10:32:51.549 W/MountService(  374): getVolumeState(/mnt/sdcard/SD_CARD): Unknown volume
05-20 10:32:51.549 W/MountService(  374): getVolumeState(/mnt/sdcard/extra_sd): Unknown volume
05-20 10:32:51.549 W/MountService(  374): getVolumeState(/mnt/extrasd_bind): Unknown volume
05-20 10:32:51.549 W/MountService(  374): getVolumeState(/mnt/sdcard/ext_sd): Unknown volume
05-20 10:32:51.549 W/MountService(  374): getVolumeState(/storage/extSdCard): Unknown volume
05-20 10:32:51.549 W/MountService(  374): getVolumeState(/storage/sdcard1): Unknown volume
05-20 10:32:51.556 W/MountService(  374): getVolumeState(/mnt/sdcard/external_SD): Unknown volume
05-20 10:32:51.556 W/MountService(  374): getVolumeState(/mnt/sdcard/external_sd): Unknown volume
05-20 10:32:51.572 D/dalvikvm(10785): GC_FOR_ALLOC freed 116K, 6% free 9915K/10488K, paused 41ms, total 50ms
05-20 10:32:51.705 D/dalvikvm( 1468): GC_CONCURRENT freed 286K, 20% free 9733K/12104K, paused 4ms+5ms, total 33ms
05-20 10:32:51.877 W/MountService(  374): getVolumeState(/storage/emulated/0/external_sd): Unknown volume
05-20 10:32:51.877 W/MountService(  374): getVolumeState(/mnt/sdcard-ext): Unknown volume
05-20 10:32:51.877 W/MountService(  374): getVolumeState(/mnt/ext_sdcard): Unknown volume
05-20 10:32:51.877 W/MountService(  374): getVolumeState(/mnt/sdcard2): Unknown volume
05-20 10:32:51.877 W/MountService(  374): getVolumeState(/mnt/emmc): Unknown volume
05-20 10:32:51.885 W/MountService(  374): getVolumeState(/mnt/extSdCard): Unknown volume
05-20 10:32:51.885 W/MountService(  374): getVolumeState(/mnt/sdcard/SD_CARD): Unknown volume
05-20 10:32:51.885 W/MountService(  374): getVolumeState(/mnt/sdcard/extra_sd): Unknown volume
05-20 10:32:51.885 W/MountService(  374): getVolumeState(/mnt/extrasd_bind): Unknown volume
05-20 10:32:51.885 W/MountService(  374): getVolumeState(/mnt/sdcard/ext_sd): Unknown volume
05-20 10:32:51.885 W/MountService(  374): getVolumeState(/storage/extSdCard): Unknown volume
05-20 10:32:51.885 W/MountService(  374): getVolumeState(/storage/sdcard1): Unknown volume
05-20 10:32:51.885 W/MountService(  374): getVolumeState(/mnt/sdcard/external_SD): Unknown volume
05-20 10:32:51.885 W/MountService(  374): getVolumeState(/mnt/sdcard/external_sd): Unknown volume
05-20 10:32:51.931 D/dalvikvm( 1468): GC_CONCURRENT freed 598K, 21% free 9619K/12104K, paused 4ms+4ms, total 36ms
05-20 10:32:53.283 D/dalvikvm(25452): GC_CONCURRENT freed 532K, 6% free 9173K/9748K, paused 2ms+2ms, total 27ms
05-20 10:32:57.697 D/dalvikvm( 1661): GC_EXPLICIT freed 1187K, 18% free 13121K/15888K, paused 3ms+6ms, total 64ms
05-20 10:33:02.760 D/dalvikvm( 1661): GC_EXPLICIT freed 74K, 18% free 13075K/15888K, paused 3ms+4ms, total 60ms
05-20 10:33:12.760 D/dalvikvm( 1661): GC_EXPLICIT freed <1K, 18% free 13075K/15888K, paused 3ms+5ms, total 59ms
05-20 10:33:51.556 W/MountService(  374): getVolumeState(/storage/emulated/0/external_sd): Unknown volume
05-20 10:33:51.556 W/MountService(  374): getVolumeState(/mnt/sdcard-ext): Unknown volume
05-20 10:33:51.556 W/MountService(  374): getVolumeState(/mnt/ext_sdcard): Unknown volume
05-20 10:33:51.556 W/MountService(  374): getVolumeState(/mnt/sdcard2): Unknown volume
05-20 10:33:51.556 W/MountService(  374): getVolumeState(/mnt/emmc): Unknown volume
05-20 10:33:51.556 W/MountService(  374): getVolumeState(/mnt/extSdCard): Unknown volume
05-20 10:33:51.556 W/MountService(  374): getVolumeState(/mnt/sdcard/SD_CARD): Unknown volume
05-20 10:33:51.556 W/MountService(  374): getVolumeState(/mnt/sdcard/extra_sd): Unknown volume
05-20 10:33:51.564 W/MountService(  374): getVolumeState(/mnt/extrasd_bind): Unknown volume
05-20 10:33:51.564 W/MountService(  374): getVolumeState(/mnt/sdcard/ext_sd): Unknown volume
05-20 10:33:51.564 W/MountService(  374): getVolumeState(/storage/extSdCard): Unknown volume
05-20 10:33:51.564 W/MountService(  374): getVolumeState(/storage/sdcard1): Unknown volume
05-20 10:33:51.564 W/MountService(  374): getVolumeState(/mnt/sdcard/external_SD): Unknown volume
05-20 10:33:51.564 W/MountService(  374): getVolumeState(/mnt/sdcard/external_sd): Unknown volume
05-20 10:33:51.650 D/dalvikvm( 1468): GC_CONCURRENT freed 471K, 21% free 9607K/12104K, paused 10ms+4ms, total 61ms
05-20 10:33:51.783 W/Parcel  ( 1661): Attempt to read object from Parcel 0x5ded3dac at offset 200 that is not in the object list
05-20 10:33:51.924 D/dalvikvm( 1468): GC_CONCURRENT freed 516K, 21% free 9600K/12104K, paused 12ms+6ms, total 52ms
05-20 10:33:51.924 D/dalvikvm( 1468): WAIT_FOR_CONCURRENT_GC blocked 19ms
05-20 10:33:51.924 D/dalvikvm( 1468): WAIT_FOR_CONCURRENT_GC blocked 6ms
05-20 10:33:51.931 W/MountService(  374): getVolumeState(/storage/emulated/0/external_sd): Unknown volume
05-20 10:33:51.931 W/MountService(  374): getVolumeState(/mnt/sdcard-ext): Unknown volume
05-20 10:33:51.931 W/MountService(  374): getVolumeState(/mnt/ext_sdcard): Unknown volume
05-20 10:33:51.939 W/MountService(  374): getVolumeState(/mnt/sdcard2): Unknown volume
05-20 10:33:51.939 W/MountService(  374): getVolumeState(/mnt/emmc): Unknown volume
05-20 10:33:51.939 W/MountService(  374): getVolumeState(/mnt/extSdCard): Unknown volume
05-20 10:33:51.939 W/MountService(  374): getVolumeState(/mnt/sdcard/SD_CARD): Unknown volume
05-20 10:33:51.939 W/MountService(  374): getVolumeState(/mnt/sdcard/extra_sd): Unknown volume
05-20 10:33:51.939 W/MountService(  374): getVolumeState(/mnt/extrasd_bind): Unknown volume
05-20 10:33:51.939 W/MountService(  374): getVolumeState(/mnt/sdcard/ext_sd): Unknown volume
05-20 10:33:51.939 W/MountService(  374): getVolumeState(/storage/extSdCard): Unknown volume
05-20 10:33:51.939 W/MountService(  374): getVolumeState(/storage/sdcard1): Unknown volume
05-20 10:33:51.939 W/MountService(  374): getVolumeState(/mnt/sdcard/external_SD): Unknown volume
05-20 10:33:51.947 W/MountService(  374): getVolumeState(/mnt/sdcard/external_sd): Unknown volume
05-20 10:33:52.041 D/dalvikvm( 1468): GC_CONCURRENT freed 411K, 21% free 9588K/12104K, paused 4ms+4ms, total 30ms
05-20 10:34:02.033 I/ActivityManager(  374): Start proc com.google.android.email for service com.google.android.email/com.android.email.service.MailService: pid=25696 uid=10016 gids={50016, 3003, 1015, 1028}
05-20 10:34:02.142 D/ActivityThread(25696): Loading provider com.android.email.provider;com.android.email.notifier: com.android.email.provider.EmailProvider
05-20 10:34:02.197 I/ActivityManager(  374): Start proc com.google.android.exchange for service com.google.android.exchange/com.android.exchange.ExchangeService: pid=25713 uid=10017 gids={50017, 3003, 1015, 1028}
05-20 10:34:02.205 I/Email   (25696): ReconcilePopImapAccountsSync: start
05-20 10:34:02.236 E/SQLiteLog(25696): (1) no such table: Account
05-20 10:34:02.236 W/EmailProvider(25696): Exception cleaning EmailProvider.dbandroid.database.sqlite.SQLiteException: no such table: Account (code 1): , while compiling: delete from Account WHERE displayName ISNULL;
05-20 10:34:02.283 D/ExchangeService(25713): !!! EAS ExchangeService, onCreate
05-20 10:34:02.291 D/ExchangeService(25713): !!! EAS ExchangeService, onStartCommand, startingUp = false, running = false
05-20 10:34:02.291 D/Eas Debug(25713): Logging: 
05-20 10:34:02.385 D/AttachmentService(25696): Count: 0
05-20 10:34:02.416 D/AttachmentService(25696): *** All done; shutting down service
05-20 10:34:02.431 D/dalvikvm(25696): GC_CONCURRENT freed 203K, 3% free 9156K/9400K, paused 4ms+3ms, total 53ms
05-20 10:34:02.455 D/AttachmentService(25696): Count: 0
05-20 10:34:02.463 D/ExchangeService(25713): !!! EAS ExchangeService, onStartCommand, startingUp = true, running = false
05-20 10:34:02.463 I/Email   (25696): ReconcilePopImapAccountsSync: already running
05-20 10:34:02.471 D/AttachmentService(25696): *** All done; shutting down service
05-20 10:34:02.471 D/Eas Debug(25713): Logging: 
05-20 10:34:02.510 D/AttachmentService(25696): Count: 0
05-20 10:34:02.517 I/Email   (25696): ReconcilePopImapAccountsSync: already running
05-20 10:34:02.525 D/AttachmentService(25696): *** All done; shutting down service
05-20 10:34:02.588 I/Email   (25696): ReconcilePopImapAccountsSync: already running
05-20 10:34:02.588 I/Email   (25696): ReconcilePopImapAccountsSync: done
05-20 10:34:02.721 D/dalvikvm(  374): GC_EXPLICIT freed 869K, 23% free 20665K/26804K, paused 12ms+11ms, total 117ms
05-20 10:34:02.767 I/Email   (25696): ReconcilePopImapAccountsSync: start
05-20 10:34:02.861 W/SSLCertificateSocketFactory(25696): Bypassing SSL security checks at caller's request
05-20 10:34:02.892 I/Email   (25696): ReconcilePopImapAccountsSync: already running
05-20 10:34:02.900 I/Email   (25696): ReconcilePopImapAccountsSync: done
05-20 10:34:03.002 I/Email   (25696): ReconcilePopImapAccountsSync: start
05-20 10:34:03.017 I/Email   (25696): ReconcilePopImapAccountsSync: done
05-20 10:34:05.971 D/dalvikvm(25696): GC_CONCURRENT freed 254K, 4% free 9318K/9612K, paused 4ms+3ms, total 48ms
05-20 10:34:06.205 D/Email   (25696): *** synchronizeMailboxGeneric ***
05-20 10:34:06.471 D/Email   (25696): *** synchronizeMailboxGeneric ***
05-20 10:34:06.588 D/dalvikvm(25696): GC_CONCURRENT freed 309K, 4% free 9400K/9752K, paused 3ms+3ms, total 27ms
05-20 10:34:06.853 D/dalvikvm(  374): GC_EXPLICIT freed 139K, 23% free 20658K/26804K, paused 4ms+10ms, total 104ms
05-20 10:34:06.869 D/Email   (25696): *** synchronizeMailboxGeneric ***
05-20 10:34:07.150 D/Email   (25696): *** synchronizeMailboxGeneric ***
05-20 10:34:10.228 D/dalvikvm(  546): GC_CONCURRENT freed 360K, 5% free 9604K/10064K, paused 7ms+2ms, total 38ms
05-20 10:34:33.056 D/MdmService(12519): [null:-1]->receiver action :com.pekall.mdm.action.MDM_ALARM
05-20 10:34:33.064 D/MdmService(12519): [null:-1]->keepAliveWithPushServer client is opened:true
05-20 10:34:33.064 D/MDM :   (12519): [null:-1]->ping!!!!!!!!!
05-20 10:34:33.088 V/WiseDownloadConditionControler(10785): checkCondition  type : WISE_DOWNLOAD  inerrupting: true
05-20 10:34:33.088 W/Parcel  ( 1661): Attempt to read object from Parcel 0x5ded3dac at offset 200 that is not in the object list
05-20 10:34:33.096 W/Parcel  ( 1661): Attempt to read object from Parcel 0x6003bdac at offset 200 that is not in the object list
05-20 10:34:33.119 D/MdmService(12519): [null:-1]->pushUrl : ws://test.mdm.everknow.cn:9090/websocket
05-20 10:34:33.119 D/MDM :   (12519): [null:-1]->mMdmPushClient is :not null
05-20 10:34:33.119 D/MDM :   (12519): [null:-1]->mMdmPushClient opened : opened
05-20 10:34:33.119 D/MDM :   (12519): [null:-1]->MSG_WEBSOCKET_PONG
05-20 10:34:33.127 D/ProfileManager(12519): [null:-1]->check policy checking :false
05-20 10:34:33.127 D/com.pekall.restrictions.policy(12519): [null:-1]->allowBluetooth : null
05-20 10:34:33.127 D/com.pekall.restrictions.policy(12519): [null:-1]->ensureSimulateLocation :null
05-20 10:34:33.127 D/com.pekall.restrictions.policy(12519): [null:-1]->allowUseNetworkDate : null
05-20 10:34:33.135 E/DatabaseUtils(  374): Writing exception to parcel
05-20 10:34:33.135 E/DatabaseUtils(  374): java.lang.SecurityException: Permission denial: writing to secure settings requires android.permission.WRITE_SECURE_SETTINGS
05-20 10:34:33.135 E/DatabaseUtils(  374): 	at com.android.providers.settings.SettingsProvider.checkWritePermissions(SettingsProvider.java:279)
05-20 10:34:33.135 E/DatabaseUtils(  374): 	at com.android.providers.settings.SettingsProvider.insertForUser(SettingsProvider.java:897)
05-20 10:34:33.135 E/DatabaseUtils(  374): 	at com.android.providers.settings.SettingsProvider.callFromPackage(SettingsProvider.java:634)
05-20 10:34:33.135 E/DatabaseUtils(  374): 	at android.content.ContentProvider$Transport.call(ContentProvider.java:279)
05-20 10:34:33.135 E/DatabaseUtils(  374): 	at android.content.ContentProviderNative.onTransact(ContentProviderNative.java:273)
05-20 10:34:33.135 E/DatabaseUtils(  374): 	at android.os.Binder.execTransact(Binder.java:388)
05-20 10:34:33.135 E/DatabaseUtils(  374): 	at dalvik.system.NativeStart.run(Native Method)
05-20 10:34:33.142 D/com.pekall.restrictions.policy(12519): [null:-1]->allowUseNetworkDate error
05-20 10:34:33.142 D/com.pekall.restrictions.policy(12519): java.lang.SecurityException: Permission denial: writing to secure settings requires android.permission.WRITE_SECURE_SETTINGS
05-20 10:34:33.142 D/com.pekall.restrictions.policy(12519): 	at android.os.Parcel.readException(Parcel.java:1431)
05-20 10:34:33.142 D/com.pekall.restrictions.policy(12519): 	at android.database.DatabaseUtils.readExceptionFromParcel(DatabaseUtils.java:185)
05-20 10:34:33.142 D/com.pekall.restrictions.policy(12519): 	at android.database.DatabaseUtils.readExceptionFromParcel(DatabaseUtils.java:137)
05-20 10:34:33.142 D/com.pekall.restrictions.policy(12519): 	at android.content.ContentProviderProxy.call(ContentProviderNative.java:602)
05-20 10:34:33.142 D/com.pekall.restrictions.policy(12519): 	at android.provider.Settings$NameValueCache.putStringForUser(Settings.java:818)
05-20 10:34:33.142 D/com.pekall.restrictions.policy(12519): 	at android.provider.Settings$Global.putStringForUser(Settings.java:5529)
05-20 10:34:33.142 D/com.pekall.restrictions.policy(12519): 	at android.provider.Settings$Global.putString(Settings.java:5519)
05-20 10:34:33.142 D/com.pekall.restrictions.policy(12519): 	at android.provider.Settings$Global.putInt(Settings.java:5607)
05-20 10:34:33.142 D/com.pekall.restrictions.policy(12519): 	at com.pekall.emdm.b.c.b.j.c(Unknown Source)
05-20 10:34:33.142 D/com.pekall.restrictions.policy(12519): 	at com.pekall.emdm.b.c.b.j.h(Unknown Source)
05-20 10:34:33.142 D/com.pekall.restrictions.policy(12519): 	at com.pekall.emdm.b.c.e.run(Unknown Source)
05-20 10:34:33.142 D/com.pekall.restrictions.policy(12519): [null:-1]->allowNFC : null
05-20 10:34:33.158 D/InnerClass(12519): [null:-1]->enableNfc : 
05-20 10:34:33.158 D/InnerClass(12519): java.lang.reflect.InvocationTargetException
05-20 10:34:33.158 D/InnerClass(12519): 	at java.lang.reflect.Method.invokeNative(Native Method)
05-20 10:34:33.158 D/InnerClass(12519): 	at java.lang.reflect.Method.invoke(Method.java:525)
05-20 10:34:33.158 D/InnerClass(12519): 	at com.pekall.emdm.c.i.a(Unknown Source)
05-20 10:34:33.158 D/InnerClass(12519): 	at com.pekall.emdm.c.c.a(Unknown Source)
05-20 10:34:33.158 D/InnerClass(12519): 	at com.pekall.emdm.b.c.b.j.b(Unknown Source)
05-20 10:34:33.158 D/InnerClass(12519): 	at com.pekall.emdm.b.c.b.j.h(Unknown Source)
05-20 10:34:33.158 D/InnerClass(12519): 	at com.pekall.emdm.b.c.e.run(Unknown Source)
05-20 10:34:33.158 D/InnerClass(12519): Caused by: java.lang.SecurityException: WRITE_SECURE_SETTINGS permission required: Neither user 10066 nor current process has android.permission.WRITE_SECURE_SETTINGS.
05-20 10:34:33.158 D/InnerClass(12519): 	at android.os.Parcel.readException(Parcel.java:1431)
05-20 10:34:33.158 D/InnerClass(12519): 	at android.os.Parcel.readException(Parcel.java:1385)
05-20 10:34:33.158 D/InnerClass(12519): 	at android.nfc.INfcAdapter$Stub$Proxy.disable(INfcAdapter.java:252)
05-20 10:34:33.158 D/InnerClass(12519): 	at android.nfc.NfcAdapter.disable(NfcAdapter.java:574)
05-20 10:34:33.158 D/InnerClass(12519): 	... 7 more
05-20 10:34:39.377 D/dalvikvm( 1661): GC_EXPLICIT freed 182K, 18% free 13078K/15888K, paused 3ms+4ms, total 60ms
05-20 10:34:44.439 D/dalvikvm( 1661): GC_EXPLICIT freed 3K, 18% free 13075K/15888K, paused 3ms+5ms, total 60ms
05-20 10:34:47.314 D/ExchangeService(25713): Received deviceId from Email app: androidc2130646576
05-20 10:34:47.314 D/ExchangeService(25713): Reconciling accounts...
05-20 10:34:47.353 D/dalvikvm(25696): GC_CONCURRENT freed 391K, 5% free 9400K/9832K, paused 3ms+3ms, total 36ms
05-20 10:34:51.588 W/MountService(  374): getVolumeState(/storage/emulated/0/external_sd): Unknown volume
05-20 10:34:51.588 W/MountService(  374): getVolumeState(/mnt/sdcard-ext): Unknown volume
05-20 10:34:51.588 W/MountService(  374): getVolumeState(/mnt/ext_sdcard): Unknown volume
05-20 10:34:51.588 W/MountService(  374): getVolumeState(/mnt/sdcard2): Unknown volume
05-20 10:34:51.588 W/MountService(  374): getVolumeState(/mnt/emmc): Unknown volume
05-20 10:34:51.588 W/MountService(  374): getVolumeState(/mnt/extSdCard): Unknown volume
05-20 10:34:51.588 W/MountService(  374): getVolumeState(/mnt/sdcard/SD_CARD): Unknown volume
05-20 10:34:51.596 W/MountService(  374): getVolumeState(/mnt/sdcard/extra_sd): Unknown volume
05-20 10:34:51.596 W/MountService(  374): getVolumeState(/mnt/extrasd_bind): Unknown volume
05-20 10:34:51.596 W/MountService(  374): getVolumeState(/mnt/sdcard/ext_sd): Unknown volume
05-20 10:34:51.596 W/MountService(  374): getVolumeState(/storage/extSdCard): Unknown volume
05-20 10:34:51.596 W/MountService(  374): getVolumeState(/storage/sdcard1): Unknown volume
05-20 10:34:51.596 W/MountService(  374): getVolumeState(/mnt/sdcard/external_SD): Unknown volume
05-20 10:34:51.596 W/MountService(  374): getVolumeState(/mnt/sdcard/external_sd): Unknown volume
05-20 10:34:51.728 D/dalvikvm( 1468): GC_CONCURRENT freed 316K, 20% free 9718K/12104K, paused 4ms+5ms, total 35ms
05-20 10:34:51.885 W/MountService(  374): getVolumeState(/storage/emulated/0/external_sd): Unknown volume
05-20 10:34:51.885 W/MountService(  374): getVolumeState(/mnt/sdcard-ext): Unknown volume
05-20 10:34:51.885 W/MountService(  374): getVolumeState(/mnt/ext_sdcard): Unknown volume
05-20 10:34:51.885 W/MountService(  374): getVolumeState(/mnt/sdcard2): Unknown volume
05-20 10:34:51.885 W/MountService(  374): getVolumeState(/mnt/emmc): Unknown volume
05-20 10:34:51.885 W/MountService(  374): getVolumeState(/mnt/extSdCard): Unknown volume
05-20 10:34:51.885 W/MountService(  374): getVolumeState(/mnt/sdcard/SD_CARD): Unknown volume
05-20 10:34:51.885 W/MountService(  374): getVolumeState(/mnt/sdcard/extra_sd): Unknown volume
05-20 10:34:51.885 W/MountService(  374): getVolumeState(/mnt/extrasd_bind): Unknown volume
05-20 10:34:51.892 W/MountService(  374): getVolumeState(/mnt/sdcard/ext_sd): Unknown volume
05-20 10:34:51.892 W/MountService(  374): getVolumeState(/storage/extSdCard): Unknown volume
05-20 10:34:51.892 W/MountService(  374): getVolumeState(/storage/sdcard1): Unknown volume
05-20 10:34:51.892 W/MountService(  374): getVolumeState(/mnt/sdcard/external_SD): Unknown volume
05-20 10:34:51.892 W/MountService(  374): getVolumeState(/mnt/sdcard/external_sd): Unknown volume
05-20 10:34:51.939 D/dalvikvm( 1468): GC_CONCURRENT freed 623K, 21% free 9632K/12104K, paused 7ms+4ms, total 46ms
05-20 10:34:54.447 D/dalvikvm( 1661): GC_EXPLICIT freed 86K, 18% free 13075K/15888K, paused 3ms+5ms, total 60ms
05-20 10:35:09.080 D/dalvikvm(24876): GC_CONCURRENT freed 403K, 5% free 9527K/9980K, paused 2ms+2ms, total 24ms
05-20 10:35:49.541 I/ActivityManager(  374): No longer want com.google.android.apps.maps:GoogleLocationService (pid 24441): empty for 1800s
05-20 10:35:49.549 W/ActivityManager(  374): Scheduling restart of crashed service com.google.android.apps.maps/com.google.android.location.internal.server.GoogleLocationService in 5000ms
05-20 10:35:51.588 W/MountService(  374): getVolumeState(/storage/emulated/0/external_sd): Unknown volume
05-20 10:35:51.588 W/MountService(  374): getVolumeState(/mnt/sdcard-ext): Unknown volume
05-20 10:35:51.588 W/MountService(  374): getVolumeState(/mnt/ext_sdcard): Unknown volume
05-20 10:35:51.588 W/MountService(  374): getVolumeState(/mnt/sdcard2): Unknown volume
05-20 10:35:51.588 W/MountService(  374): getVolumeState(/mnt/emmc): Unknown volume
05-20 10:35:51.588 W/MountService(  374): getVolumeState(/mnt/extSdCard): Unknown volume
05-20 10:35:51.588 W/MountService(  374): getVolumeState(/mnt/sdcard/SD_CARD): Unknown volume
05-20 10:35:51.588 W/MountService(  374): getVolumeState(/mnt/sdcard/extra_sd): Unknown volume
05-20 10:35:51.588 W/MountService(  374): getVolumeState(/mnt/extrasd_bind): Unknown volume
05-20 10:35:51.596 W/MountService(  374): getVolumeState(/mnt/sdcard/ext_sd): Unknown volume
