05-20 10:30:49.619 V/TAG     (  374): bug 7643792: fitSystemWindows([0,50][0,0])
05-20 10:30:49.697 D/PhoneStatusBar(  448): disable: < expand icons alerts ticker system_info BACK* HOME* RECENT CLOCK* SEARCH >
05-20 10:30:49.697 I/PowerManagerService(  374): Waking up from sleep...
05-20 10:30:49.877 D/dalvikvm(  448): GC_FOR_ALLOC freed 861K, 15% free 13901K/16312K, paused 78ms, total 78ms
05-20 10:30:49.963 W/Parcel  ( 1661): Attempt to read object from Parcel 0x5dfd3dac at offset 200 that is not in the object list
05-20 10:30:49.971 W/Parcel  ( 1661): Attempt to read object from Parcel 0x5ded3dac at offset 200 that is not in the object list
05-20 10:30:50.056 D/PowerManagerService-JNI(  374): Excessive delay in autosuspend_disable() while turning screen on: 348ms
05-20 10:30:50.056 D/SurfaceFlinger(  124): Screen acquired, type=0 flinger=0x40e95478
05-20 10:30:50.103 V/WiseDownloadConditionControler(10785): checkCondition  type : WISE_DOWNLOAD  inerrupting: true
05-20 10:30:50.174 W/Settings( 1661): Setting airplane_mode_on has moved from android.provider.Settings.System to android.provider.Settings.Global, returning read-only value.
05-20 10:30:50.291 D/dalvikvm( 1661): GC_CONCURRENT freed 1351K, 18% free 13146K/15888K, paused 12ms+5ms, total 90ms
05-20 10:30:50.291 D/dalvikvm( 1661): WAIT_FOR_CONCURRENT_GC blocked 50ms
05-20 10:30:50.314 W/Parcel  ( 1661): Attempt to read object from Parcel 0x5ded3dac at offset 200 that is not in the object list
05-20 10:30:50.338 D/SurfaceControl(  374): Excessive delay in unblankDisplay() while turning screen on: 286ms
05-20 10:30:50.361 I/WindowManager(  374): Lock screen displayed!
05-20 10:30:50.369 I/Choreographer(  374): Skipped 34 frames!  The application may be doing too much work on its main thread.
05-20 10:30:50.424 W/Parcel  ( 1661): Attempt to read object from Parcel 0x5dfd3dac at offset 200 that is not in the object list
05-20 10:30:50.431 V/WiseDownloadConditionControler(10785): checkCondition  type : WISE_DOWNLOAD  inerrupting: true
05-20 10:30:50.439 V/DigitalWidgetViewsFactory(24126): DigitalWidget sets next alarm string to null
05-20 10:30:50.455 W/Parcel  ( 1661): Attempt to read object from Parcel 0x5ded3dac at offset 200 that is not in the object list
05-20 10:30:50.486 E/daemon.k.a(24550): releasekWifiLock()
05-20 10:30:50.486 D/com.nd.assistance.server.ServerService(24550): *Close LogCenter.
05-20 10:30:50.494 I/Process (24550): Sending signal. PID: 24550 SIG: 9
05-20 10:30:50.510 I/ActivityManager(  374): Process com.nd.assistance.ServerService (pid 24550) has died.
05-20 10:30:50.549 D/LightsService(  374): Excessive delay setting light: 126ms
05-20 10:30:50.736 W/Parcel  ( 1661): Attempt to read object from Parcel 0x5ec3bdac at offset 200 that is not in the object list
05-20 10:30:50.775 D/MtpService(24510): updating state; isCurrentUser=true, mMtpLocked=false
05-20 10:30:50.783 D/MtpService(24510): addStorageLocked 65537 /storage/emulated/0
05-20 10:30:50.783 D/MtpService(24510): updating state; isCurrentUser=true, mMtpLocked=false
05-20 10:30:50.799 D/MtpService(24510): starting MTP server in MTP mode
05-20 10:30:50.799 D/MtpService(24510): addStorageLocked 65537 /storage/emulated/0
05-20 10:30:51.088 V/LauncherApplication(12519): onActivityStarted
05-20 10:30:51.096 D/        (12519): [---null: -1---]     awsa  onActivityResumed
05-20 10:30:51.096 V/LauncherApplication(12519): 2MdmConstant.LAST_LAUNCH_TIME = 1400553044572
05-20 10:30:51.103 V/WiseDownloadConditionControler(10785): checkCondition  type : WISE_DOWNLOAD  inerrupting: true
05-20 10:30:51.103 D/PhoneStatusBar(  448): disable: < expand icons alerts ticker system_info BACK HOME recent* CLOCK search* >
05-20 10:30:51.119 D/        (12519): [---null: -1---]  activity = com.pekall.emdm.launcher.Launcher
05-20 10:30:51.119 V/DefultSetContriller(12519): isLauncherDf = com.pekall.emdm.launcher
05-20 10:30:51.127 V/DefultSetContriller(12519): isPhoneDf = com.pekall.emdm.launcher
05-20 10:30:51.127 E/LauncherApplication(12519): isShowLogoutUI = true
05-20 10:30:51.127 E/LauncherApplication(12519): LogoutShowTime 1
05-20 10:30:51.127 V/Launcher(12519): onResume1111111 
05-20 10:30:51.127 V/Launcher(12519): is login ----> 
05-20 10:30:51.127 I/System.out(12519):  
05-20 10:30:51.127 I/System.out(12519): com.pekall.emdm.launcher.Workspace.setWallpaper(Unknown Source)
05-20 10:30:51.127 I/System.out(12519): com.pekall.emdm.launcher.Launcher.onResume(Unknown Source)
05-20 10:30:51.127 I/System.out(12519): android.app.Instrumentation.callActivityOnResume(Instrumentation.java:1192)
05-20 10:30:51.127 I/System.out(12519): android.app.Activity.performResume(Activity.java:5211)
05-20 10:30:51.127 I/System.out(12519): android.app.ActivityThread.performResumeActivity(ActivityThread.java:2780)
05-20 10:30:51.127 I/System.out(12519): android.app.ActivityThread.handleResumeActivity(ActivityThread.java:2819)
05-20 10:30:51.127 I/System.out(12519): android.app.ActivityThread$H.handleMessage(ActivityThread.java:1298)
05-20 10:30:51.127 I/System.out(12519): android.os.Handler.dispatchMessage(Handler.java:99)
05-20 10:30:51.127 I/System.out(12519): android.os.Looper.loop(Looper.java:137)
05-20 10:30:51.127 I/System.out(12519): android.app.ActivityThread.main(ActivityThread.java:5103)
05-20 10:30:51.127 I/System.out(12519): java.lang.reflect.Method.invokeNative(Native Method)
05-20 10:30:51.127 I/System.out(12519): java.lang.reflect.Method.invoke(Method.java:525)
05-20 10:30:51.127 I/System.out(12519): com.android.internal.os.ZygoteInit$MethodAndArgsCaller.run(ZygoteInit.java:737)
05-20 10:30:51.127 I/System.out(12519): com.android.internal.os.ZygoteInit.main(ZygoteInit.java:553)
05-20 10:30:51.127 I/System.out(12519): dalvik.system.NativeStart.main(Native Method)
05-20 10:30:51.135 W/Parcel  ( 1661): Attempt to read object from Parcel 0x6003bdac at offset 200 that is not in the object list
05-20 10:30:51.166 I/uninstall(10785): SelfUninstallManager -> initUninstallTask
05-20 10:30:51.166 I/uninstall(10785): initUninstallTask init is running, return
05-20 10:30:51.174 D/PhoneStatusBar(  448): disable: < expand icons alerts ticker system_info back* home* recent clock* search >
05-20 10:30:51.181 D/NfcService(  568): NFC-C ON
05-20 10:30:51.197 W/Parcel  ( 1661): Attempt to read object from Parcel 0x5dfd3dac at offset 200 that is not in the object list
05-20 10:30:51.361 D/dalvikvm(10683): GC_CONCURRENT freed 395K, 6% free 9867K/10432K, paused 3ms+4ms, total 27ms
05-20 10:30:51.385 D/dalvikvm(12519): JIT unchain all for threadid=11
05-20 10:30:51.463 D/dalvikvm(12519): GC_FOR_ALLOC freed 3659K, 9% free 86033K/94236K, paused 331ms, total 333ms
05-20 10:30:51.471 I/dalvikvm-heap(12519): Grow heap (frag case) to 87.375MB for 3415696-byte allocation
05-20 10:30:51.596 V/TAG     (  374): bug 7643792: fitSystemWindows([0,50][0,0])
05-20 10:30:51.721 D/dalvikvm(12519): JIT unchain all for threadid=11
05-20 10:30:51.814 D/dalvikvm(12519): GC_FOR_ALLOC freed 1K, 9% free 89368K/97572K, paused 347ms, total 347ms
05-20 10:30:51.931 I/Choreographer(12519): Skipped 46 frames!  The application may be doing too much work on its main thread.
05-20 10:30:52.010 W/InputMethodManagerService(  374): Window already focused, ignoring focus gain of: com.android.internal.view.IInputMethodClient$Stub$Proxy@42c6f8b0 attribute=android.view.inputmethod.EditorInfo@42a18120, token = android.os.BinderProxy@4267cb00
05-20 10:30:52.049 W/Parcel  ( 1661): Attempt to read object from Parcel 0x6013bdac at offset 200 that is not in the object list
05-20 10:30:52.056 D/dalvikvm( 1468): GC_CONCURRENT freed 481K, 20% free 9569K/11816K, paused 3ms+5ms, total 33ms
05-20 10:30:52.666 D/AndroidRuntime(25036): 
05-20 10:30:52.666 D/AndroidRuntime(25036): >>>>>> AndroidRuntime START com.android.internal.os.RuntimeInit <<<<<<
05-20 10:30:52.666 D/AndroidRuntime(25036): CheckJNI is OFF
05-20 10:30:52.705 D/dalvikvm(25036): Trying to load lib libjavacore.so 0x0
05-20 10:30:52.713 D/dalvikvm(25036): Added shared lib libjavacore.so 0x0
05-20 10:30:52.728 D/dalvikvm(25036): Trying to load lib libnativehelper.so 0x0
05-20 10:30:52.728 D/dalvikvm(25036): Added shared lib libnativehelper.so 0x0
05-20 10:30:52.908 D/AndroidRuntime(25036): Calling main entry com.android.commands.am.Am
05-20 10:30:52.908 D/dalvikvm(25036): Note: class Landroid/app/ActivityManagerNative; has 163 unimplemented (abstract) methods
05-20 10:30:52.924 D/dalvikvm(25047): Late-enabling CheckJNI
05-20 10:30:52.924 I/ActivityManager(  374): Start proc com.nd.assistance for broadcast com.nd.assistance/.controller.DaemonController: pid=25047 uid=10068 gids={50068, 3003, 1015, 1006, 1028}
05-20 10:30:52.931 I/dalvikvm(25047): Turning on JNI app bug workarounds for target SDK version 3...
05-20 10:30:52.963 E/LogCenter(25047): logger_impl_ init
05-20 10:30:52.963 W/Parcel  ( 1661): Attempt to read object from Parcel 0x5dfd3dac at offset 200 that is not in the object list
05-20 10:30:52.978 D/AndroidRuntime(25036): Shutting down VM
05-20 10:30:52.978 D/dalvikvm(25060): Late-enabling CheckJNI
05-20 10:30:52.978 I/ActivityManager(  374): Start proc com.nd.assistance.ServerService for service com.nd.assistance/.server.ServerService: pid=25060 uid=10068 gids={50068, 3003, 1015, 1006, 1028}
05-20 10:30:52.986 D/dalvikvm(25036): GC_CONCURRENT freed 92K, 16% free 512K/608K, paused 0ms+0ms, total 2ms
05-20 10:30:52.994 I/dalvikvm(25060): Turning on JNI app bug workarounds for target SDK version 3...
05-20 10:30:53.025 E/LogCenter(25060): logger_impl_ init
05-20 10:30:53.025 D/com.nd.assistance.server.ServerService(25060): ServerService onCreate()
05-20 10:30:53.025 D/com.nd.assistance.server.ServerService(25060): ServerService onStart()
05-20 10:30:53.025 D/com.nd.assistance.server.ServerService(25060): mIsStarting is false, set mIsStarting = true
05-20 10:30:53.025 D/com.nd.assistance.server.ServerService(25060): startDaemonServer(false)
05-20 10:30:53.033 D/com.nd.assistance.server.ServerService(25060): mDaemonServer == null
05-20 10:30:53.049 E/daemon.k.a(25060): acquireWifiLock()
05-20 10:30:53.056 D/daemon.h.b.b(25060): set mIsStarting = false
05-20 10:30:53.056 D/com.nd.assistance.server.ServerService(25060): ServerService onStart used time: 29
05-20 10:30:53.080 D/com.nd.assistance.server.ServerService(25060): start nio server
05-20 10:30:53.096 D/daemon.h.b.c(25060): SelectReactor run()
05-20 10:30:53.096 I/ActivityManager(  374): Process com.google.android.exchange (pid 24757) has died.
05-20 10:30:53.736 D/AndroidRuntime(25093): 
05-20 10:30:53.736 D/AndroidRuntime(25093): >>>>>> AndroidRuntime START com.android.internal.os.RuntimeInit <<<<<<
05-20 10:30:53.736 D/AndroidRuntime(25093): CheckJNI is OFF
05-20 10:30:53.752 D/dalvikvm(25093): Trying to load lib libjavacore.so 0x0
05-20 10:30:53.752 D/dalvikvm(25093): Added shared lib libjavacore.so 0x0
05-20 10:30:53.760 D/dalvikvm(25093): Trying to load lib libnativehelper.so 0x0
05-20 10:30:53.760 D/dalvikvm(25093): Added shared lib libnativehelper.so 0x0
05-20 10:30:53.939 D/AndroidRuntime(25093): Calling main entry com.android.commands.am.Am
05-20 10:30:53.939 D/dalvikvm(25093): Note: class Landroid/app/ActivityManagerNative; has 163 unimplemented (abstract) methods
05-20 10:30:53.955 D/AndroidRuntime(25093): Shutting down VM
05-20 10:30:53.955 D/dalvikvm(25093): GC_CONCURRENT freed 91K, 16% free 514K/608K, paused 1ms+0ms, total 4ms
05-20 10:30:53.978 E/daemon.c.c(25060): start heartbeat server.
05-20 10:30:54.056 D/dalvikvm(25060): GC_CONCURRENT freed 224K, 3% free 9112K/9380K, paused 3ms+1ms, total 72ms
05-20 10:30:54.221 W/MountService(  374): getVolumeState(/storage/emulated/0/external_sd): Unknown volume
05-20 10:30:54.221 W/MountService(  374): getVolumeState(/mnt/sdcard-ext): Unknown volume
05-20 10:30:54.221 W/MountService(  374): getVolumeState(/mnt/ext_sdcard): Unknown volume
05-20 10:30:54.221 W/MountService(  374): getVolumeState(/mnt/sdcard2): Unknown volume
05-20 10:30:54.221 W/MountService(  374): getVolumeState(/mnt/emmc): Unknown volume
05-20 10:30:54.221 W/MountService(  374): getVolumeState(/mnt/extSdCard): Unknown volume
05-20 10:30:54.221 W/MountService(  374): getVolumeState(/mnt/sdcard/SD_CARD): Unknown volume
05-20 10:30:54.221 W/MountService(  374): getVolumeState(/mnt/sdcard/extra_sd): Unknown volume
05-20 10:30:54.221 W/MountService(  374): getVolumeState(/mnt/extrasd_bind): Unknown volume
05-20 10:30:54.228 W/MountService(  374): getVolumeState(/mnt/sdcard/ext_sd): Unknown volume
05-20 10:30:54.228 W/MountService(  374): getVolumeState(/storage/extSdCard): Unknown volume
05-20 10:30:54.236 W/MountService(  374): getVolumeState(/storage/sdcard1): Unknown volume
05-20 10:30:54.236 W/MountService(  374): getVolumeState(/mnt/sdcard/external_SD): Unknown volume
05-20 10:30:54.236 W/MountService(  374): getVolumeState(/mnt/sdcard/external_sd): Unknown volume
05-20 10:30:54.369 D/dalvikvm( 1468): GC_CONCURRENT freed 481K, 19% free 9593K/11816K, paused 3ms+3ms, total 128ms
05-20 10:30:54.369 D/dalvikvm( 1468): WAIT_FOR_CONCURRENT_GC blocked 30ms
05-20 10:30:54.400 W/MountService(  374): getVolumeState(/storage/emulated/0/external_sd): Unknown volume
05-20 10:30:54.400 W/MountService(  374): getVolumeState(/mnt/sdcard-ext): Unknown volume
05-20 10:30:54.400 W/MountService(  374): getVolumeState(/mnt/ext_sdcard): Unknown volume
05-20 10:30:54.400 W/MountService(  374): getVolumeState(/mnt/sdcard2): Unknown volume
05-20 10:30:54.400 W/MountService(  374): getVolumeState(/mnt/emmc): Unknown volume
05-20 10:30:54.400 W/MountService(  374): getVolumeState(/mnt/extSdCard): Unknown volume
05-20 10:30:54.400 W/MountService(  374): getVolumeState(/mnt/sdcard/SD_CARD): Unknown volume
05-20 10:30:54.400 W/MountService(  374): getVolumeState(/mnt/sdcard/extra_sd): Unknown volume
05-20 10:30:54.400 W/MountService(  374): getVolumeState(/mnt/extrasd_bind): Unknown volume
05-20 10:30:54.408 W/MountService(  374): getVolumeState(/mnt/sdcard/ext_sd): Unknown volume
05-20 10:30:54.408 W/MountService(  374): getVolumeState(/storage/extSdCard): Unknown volume
05-20 10:30:54.408 W/MountService(  374): getVolumeState(/storage/sdcard1): Unknown volume
05-20 10:30:54.408 W/MountService(  374): getVolumeState(/mnt/sdcard/external_SD): Unknown volume
05-20 10:30:54.408 W/MountService(  374): getVolumeState(/mnt/sdcard/external_sd): Unknown volume
05-20 10:30:54.580 W/Parcel  ( 1661): Attempt to read object from Parcel 0x6013bdac at offset 200 that is not in the object list
05-20 10:30:54.744 D/dalvikvm(25060): GC_CONCURRENT freed 205K, 3% free 9336K/9584K, paused 22ms+1ms, total 129ms
05-20 10:30:54.799 D/dalvikvm( 1468): GC_CONCURRENT freed 495K, 19% free 9610K/11816K, paused 3ms+8ms, total 258ms
05-20 10:30:54.799 D/dalvikvm( 1468): WAIT_FOR_CONCURRENT_GC blocked 210ms
05-20 10:30:54.799 D/dalvikvm( 1468): WAIT_FOR_CONCURRENT_GC blocked 211ms
05-20 10:30:54.799 D/dalvikvm( 1468): WAIT_FOR_CONCURRENT_GC blocked 211ms
05-20 10:30:54.799 D/dalvikvm( 1468): WAIT_FOR_CONCURRENT_GC blocked 207ms
05-20 10:30:54.799 D/dalvikvm( 1468): WAIT_FOR_CONCURRENT_GC blocked 180ms
05-20 10:30:54.799 D/dalvikvm( 1468): WAIT_FOR_CONCURRENT_GC blocked 97ms
05-20 10:30:54.799 D/dalvikvm( 1468): WAIT_FOR_CONCURRENT_GC blocked 200ms
05-20 10:30:54.806 W/MountService(  374): getVolumeState(/storage/emulated/0/external_sd): Unknown volume
05-20 10:30:54.814 W/MountService(  374): getVolumeState(/mnt/sdcard-ext): Unknown volume
05-20 10:30:54.814 W/MountService(  374): getVolumeState(/mnt/ext_sdcard): Unknown volume
05-20 10:30:54.814 W/MountService(  374): getVolumeState(/mnt/sdcard2): Unknown volume
05-20 10:30:54.814 W/MountService(  374): getVolumeState(/mnt/emmc): Unknown volume
05-20 10:30:54.822 W/MountService(  374): getVolumeState(/mnt/extSdCard): Unknown volume
05-20 10:30:54.822 W/MountService(  374): getVolumeState(/mnt/sdcard/SD_CARD): Unknown volume
05-20 10:30:54.830 W/MountService(  374): getVolumeState(/mnt/sdcard/extra_sd): Unknown volume
05-20 10:30:54.830 W/MountService(  374): getVolumeState(/mnt/extrasd_bind): Unknown volume
05-20 10:30:54.830 W/MountService(  374): getVolumeState(/mnt/sdcard/ext_sd): Unknown volume
05-20 10:30:54.830 W/MountService(  374): getVolumeState(/storage/extSdCard): Unknown volume
05-20 10:30:54.830 W/MountService(  374): getVolumeState(/storage/sdcard1): Unknown volume
05-20 10:30:54.846 W/MountService(  374): getVolumeState(/mnt/sdcard/external_SD): Unknown volume
05-20 10:30:54.853 W/MountService(  374): getVolumeState(/mnt/sdcard/external_sd): Unknown volume
05-20 10:30:55.166 D/AndroidRuntime(25191): 
05-20 10:30:55.166 D/AndroidRuntime(25191): >>>>>> AndroidRuntime START com.android.internal.os.RuntimeInit <<<<<<
05-20 10:30:55.166 D/AndroidRuntime(25191): CheckJNI is OFF
05-20 10:30:55.174 D/dalvikvm(25191): Trying to load lib libjavacore.so 0x0
05-20 10:30:55.181 D/dalvikvm(25191): Added shared lib libjavacore.so 0x0
05-20 10:30:55.197 D/dalvikvm(25191): Trying to load lib libnativehelper.so 0x0
05-20 10:30:55.197 D/dalvikvm(25191): Added shared lib libnativehelper.so 0x0
05-20 10:30:55.221 I/ActivityManager(  374): Process com.android.settings (pid 23825) has died.
05-20 10:30:55.424 D/dalvikvm( 1468): GC_CONCURRENT freed 261K, 17% free 9861K/11816K, paused 49ms+196ms, total 557ms
05-20 10:30:55.424 D/dalvikvm( 1468): WAIT_FOR_CONCURRENT_GC blocked 508ms
05-20 10:30:55.424 D/dalvikvm( 1468): WAIT_FOR_CONCURRENT_GC blocked 507ms
05-20 10:30:55.431 D/dalvikvm( 1468): WAIT_FOR_CONCURRENT_GC blocked 511ms
05-20 10:30:55.431 D/dalvikvm( 1468): WAIT_FOR_CONCURRENT_GC blocked 511ms
05-20 10:30:55.431 D/dalvikvm( 1468): WAIT_FOR_CONCURRENT_GC blocked 514ms
05-20 10:30:55.431 D/dalvikvm( 1468): WAIT_FOR_CONCURRENT_GC blocked 507ms
05-20 10:30:55.455 I/ActivityManager(  374): Start proc com.android.defcontainer for service com.android.defcontainer/.DefaultContainerService: pid=25240 uid=10012 gids={50012, 1015, 1023, 2001, 1028}
05-20 10:30:55.463 D/AndroidRuntime(25191): Calling main entry com.android.commands.pm.Pm
05-20 10:30:55.486 D/AndroidRuntime(25191): Shutting down VM
05-20 10:30:55.486 I/AndroidRuntime(25191): NOTE: attach of thread 'Binder_2' failed
05-20 10:30:55.494 D/dalvikvm(25191): GC_CONCURRENT freed 99K, 18% free 485K/588K, paused 1ms+0ms, total 3ms
05-20 10:30:55.736 D/dalvikvm( 1468): GC_CONCURRENT freed 199K, 14% free 10173K/11816K, paused 8ms+17ms, total 137ms
05-20 10:30:55.736 D/dalvikvm( 1468): WAIT_FOR_CONCURRENT_GC blocked 106ms
05-20 10:30:55.736 D/dalvikvm( 1468): WAIT_FOR_CONCURRENT_GC blocked 106ms
05-20 10:30:55.744 D/dalvikvm( 1468): WAIT_FOR_CONCURRENT_GC blocked 73ms
05-20 10:30:55.830 D/dalvikvm( 1468): GC_CONCURRENT freed 55K, 11% free 10630K/11816K, paused 5ms+2ms, total 31ms
05-20 10:30:55.830 D/dalvikvm( 1468): WAIT_FOR_CONCURRENT_GC blocked 4ms
05-20 10:30:55.955 D/dalvikvm( 1468): GC_CONCURRENT freed 133K, 7% free 11089K/11816K, paused 7ms+17ms, total 72ms
05-20 10:30:55.955 D/dalvikvm( 1468): WAIT_FOR_CONCURRENT_GC blocked 31ms
05-20 10:30:55.955 D/dalvikvm( 1468): WAIT_FOR_CONCURRENT_GC blocked 56ms
05-20 10:30:55.955 D/dalvikvm( 1468): WAIT_FOR_CONCURRENT_GC blocked 57ms
05-20 10:30:55.955 D/dalvikvm( 1468): WAIT_FOR_CONCURRENT_GC blocked 61ms
05-20 10:30:56.150 D/dalvikvm(24510): GC_EXPLICIT freed 271K, 4% free 9194K/9508K, paused 2ms+4ms, total 22ms
05-20 10:30:56.221 D/dalvikvm( 1468): GC_CONCURRENT freed 667K, 7% free 11165K/11936K, paused 7ms+10ms, total 145ms
05-20 10:30:56.221 D/dalvikvm( 1468): WAIT_FOR_CONCURRENT_GC blocked 54ms
05-20 10:30:56.221 D/dalvikvm( 1468): WAIT_FOR_CONCURRENT_GC blocked 111ms
05-20 10:30:56.221 D/dalvikvm( 1468): WAIT_FOR_CONCURRENT_GC blocked 81ms
05-20 10:30:56.221 D/dalvikvm( 1468): WAIT_FOR_CONCURRENT_GC blocked 65ms
05-20 10:30:56.353 D/dalvikvm(  374): GC_CONCURRENT freed 1641K, 22% free 21445K/27176K, paused 4ms+11ms, total 77ms
05-20 10:30:56.486 D/dalvikvm(25060): GC_CONCURRENT freed 432K, 5% free 9303K/9776K, paused 3ms+2ms, total 96ms
05-20 10:30:56.556 D/dalvikvm( 1468): GC_CONCURRENT freed 744K, 8% free 11192K/12040K, paused 4ms+23ms, total 110ms
05-20 10:30:56.556 D/dalvikvm( 1468): WAIT_FOR_CONCURRENT_GC blocked 67ms
05-20 10:30:56.556 D/dalvikvm( 1468): WAIT_FOR_CONCURRENT_GC blocked 56ms
05-20 10:30:56.556 D/dalvikvm( 1468): WAIT_FOR_CONCURRENT_GC blocked 52ms
05-20 10:30:56.556 D/dalvikvm( 1468): WAIT_FOR_CONCURRENT_GC blocked 18ms
05-20 10:30:56.603 W/MountService(  374): getVolumeState(/storage/emulated/0/external_sd): Unknown volume
05-20 10:30:56.611 W/MountService(  374): getVolumeState(/mnt/sdcard-ext): Unknown volume
05-20 10:30:56.611 W/MountService(  374): getVolumeState(/mnt/ext_sdcard): Unknown volume
05-20 10:30:56.611 W/MountService(  374): getVolumeState(/mnt/sdcard2): Unknown volume
05-20 10:30:56.611 W/MountService(  374): getVolumeState(/mnt/emmc): Unknown volume
05-20 10:30:56.611 W/MountService(  374): getVolumeState(/mnt/extSdCard): Unknown volume
05-20 10:30:56.611 W/MountService(  374): getVolumeState(/mnt/sdcard/SD_CARD): Unknown volume
05-20 10:30:56.619 W/MountService(  374): getVolumeState(/mnt/sdcard/extra_sd): Unknown volume
05-20 10:30:56.619 W/MountService(  374): getVolumeState(/mnt/extrasd_bind): Unknown volume
05-20 10:30:56.619 W/MountService(  374): getVolumeState(/mnt/sdcard/ext_sd): Unknown volume
05-20 10:30:56.619 W/MountService(  374): getVolumeState(/storage/extSdCard): Unknown volume
05-20 10:30:56.619 W/MountService(  374): getVolumeState(/storage/sdcard1): Unknown volume
05-20 10:30:56.627 W/MountService(  374): getVolumeState(/mnt/sdcard/external_SD): Unknown volume
05-20 10:30:56.627 W/MountService(  374): getVolumeState(/mnt/sdcard/external_sd): Unknown volume
05-20 10:30:56.783 D/dalvikvm( 1468): GC_CONCURRENT freed 756K, 8% free 11216K/12076K, paused 8ms+3ms, total 65ms
05-20 10:30:56.783 D/dalvikvm( 1468): WAIT_FOR_CONCURRENT_GC blocked 36ms
05-20 10:30:56.783 D/dalvikvm( 1468): WAIT_FOR_CONCURRENT_GC blocked 15ms
05-20 10:30:57.010 D/dalvikvm( 1468): GC_CONCURRENT freed 715K, 7% free 11284K/12104K, paused 5ms+6ms, total 75ms
05-20 10:30:57.010 D/dalvikvm( 1468): WAIT_FOR_CONCURRENT_GC blocked 37ms
05-20 10:30:57.010 D/dalvikvm( 1468): WAIT_FOR_CONCURRENT_GC blocked 28ms
05-20 10:30:57.158 D/dalvikvm( 1468): GC_CONCURRENT freed 2009K, 18% free 10043K/12192K, paused 6ms+5ms, total 44ms
05-20 10:30:57.158 D/dalvikvm( 1468): WAIT_FOR_CONCURRENT_GC blocked 29ms
05-20 10:30:57.158 I/dalvikvm-heap( 1468): Grow heap (frag case) to 9.978MB for 77380-byte allocation
05-20 10:30:57.174 D/dalvikvm( 1468): GC_FOR_ALLOC freed 101K, 19% free 10017K/12268K, paused 17ms, total 17ms
05-20 10:30:57.174 D/dalvikvm( 1468): WAIT_FOR_CONCURRENT_GC blocked 41ms
05-20 10:30:57.189 D/dalvikvm( 1468): GC_FOR_ALLOC freed 101K, 19% free 10022K/12268K, paused 18ms, total 18ms
05-20 10:30:57.189 I/dalvikvm-heap( 1468): Grow heap (frag case) to 9.995MB for 116066-byte allocation
05-20 10:30:57.213 D/dalvikvm( 1468): GC_FOR_ALLOC freed 0K, 19% free 10135K/12384K, paused 21ms, total 21ms
05-20 10:30:57.236 D/dalvikvm( 1468): GC_FOR_ALLOC freed 215K, 19% free 10059K/12384K, paused 18ms, total 18ms
05-20 10:30:57.236 I/dalvikvm-heap( 1468): Grow heap (frag case) to 10.086MB for 174094-byte allocation
05-20 10:30:57.252 D/dalvikvm( 1468): GC_FOR_ALLOC freed <1K, 19% free 10229K/12556K, paused 18ms, total 18ms
05-20 10:30:57.283 D/dalvikvm( 1468): GC_FOR_ALLOC freed 326K, 20% free 10115K/12556K, paused 21ms, total 21ms
05-20 10:30:57.306 D/dalvikvm( 1468): GC_FOR_ALLOC freed 311K, 19% free 10187K/12556K, paused 18ms, total 18ms
05-20 10:30:57.306 I/dalvikvm-heap( 1468): Grow heap (frag case) to 10.242MB for 205426-byte allocation
05-20 10:30:57.322 D/dalvikvm( 1468): GC_FOR_ALLOC freed <1K, 19% free 10388K/12760K, paused 17ms, total 17ms
05-20 10:30:57.369 D/dalvikvm( 1468): GC_FOR_ALLOC freed 984K, 24% free 9721K/12760K, paused 19ms, total 20ms
05-20 10:30:57.369 I/dalvikvm-heap( 1468): Grow heap (frag case) to 10.590MB for 1048592-byte allocation
05-20 10:30:57.392 D/dalvikvm( 1468): GC_FOR_ALLOC freed <1K, 23% free 10745K/13788K, paused 19ms, total 19ms
05-20 10:30:57.431 D/dalvikvm( 1468): GC_CONCURRENT freed 80K, 23% free 10745K/13788K, paused 3ms+3ms, total 40ms
05-20 10:30:57.642 D/dalvikvm( 1468): GC_CONCURRENT freed 1612K, 30% free 9732K/13788K, paused 3ms+6ms, total 29ms
05-20 10:30:57.846 D/dalvikvm( 1468): GC_CONCURRENT freed 354K, 29% free 9889K/13788K, paused 4ms+3ms, total 40ms
05-20 10:30:57.846 D/dalvikvm( 1468): WAIT_FOR_CONCURRENT_GC blocked 14ms
05-20 10:30:58.002 D/dalvikvm( 1468): GC_FOR_ALLOC freed 398K, 29% free 9816K/13788K, paused 20ms, total 21ms
05-20 10:30:58.002 I/dalvikvm-heap( 1468): Grow heap (frag case) to 10.659MB for 1024016-byte allocation
05-20 10:30:58.017 D/dalvikvm( 1468): GC_FOR_ALLOC freed 1K, 22% free 10814K/13788K, paused 17ms, total 17ms
05-20 10:30:58.119 D/dalvikvm( 1468): GC_CONCURRENT freed 1394K, 29% free 9890K/13788K, paused 4ms+20ms, total 99ms
05-20 10:30:58.205 D/dalvikvm( 1468): GC_CONCURRENT freed 610K, 29% free 9792K/13788K, paused 4ms+4ms, total 44ms
05-20 10:30:58.205 D/dalvikvm( 1468): WAIT_FOR_CONCURRENT_GC blocked 3ms
05-20 10:30:58.213 D/dalvikvm( 1468): WAIT_FOR_CONCURRENT_GC blocked 12ms
05-20 10:30:58.244 D/dalvikvm( 1468): GC_FOR_ALLOC freed 159K, 30% free 9762K/13788K, paused 20ms, total 21ms
05-20 10:30:58.244 I/dalvikvm-heap( 1468): Grow heap (frag case) to 10.606MB for 1024016-byte allocation
05-20 10:30:58.267 D/dalvikvm( 1468): GC_FOR_ALLOC freed <1K, 22% free 10761K/13788K, paused 17ms, total 17ms
05-20 10:30:58.330 D/dalvikvm( 1468): GC_CONCURRENT freed 1212K, 29% free 9795K/13788K, paused 3ms+7ms, total 67ms
05-20 10:30:58.486 D/dalvikvm( 1468): GC_CONCURRENT freed 505K, 29% free 9801K/13788K, paused 2ms+2ms, total 51ms
05-20 10:30:58.486 D/dalvikvm( 1468): WAIT_FOR_CONCURRENT_GC blocked 5ms
05-20 10:30:58.486 D/dalvikvm( 1468): WAIT_FOR_CONCURRENT_GC blocked 15ms
05-20 10:30:58.486 D/dalvikvm( 1468): WAIT_FOR_CONCURRENT_GC blocked 11ms
05-20 10:30:58.541 D/dalvikvm(25240): GC_CONCURRENT freed 363K, 5% free 8943K/9348K, paused 2ms+1ms, total 19ms
05-20 10:30:58.681 D/dalvikvm( 1468): GC_CONCURRENT freed 490K, 29% free 9822K/13788K, paused 3ms+3ms, total 48ms
05-20 10:30:58.681 D/dalvikvm( 1468): WAIT_FOR_CONCURRENT_GC blocked 6ms
05-20 10:30:58.681 D/dalvikvm( 1468): WAIT_FOR_CONCURRENT_GC blocked 16ms
05-20 10:30:58.681 D/dalvikvm( 1468): WAIT_FOR_CONCURRENT_GC blocked 14ms
05-20 10:30:58.861 D/dalvikvm( 1468): GC_CONCURRENT freed 461K, 29% free 9814K/13788K, paused 2ms+8ms, total 29ms
05-20 10:30:59.017 D/dalvikvm( 1468): GC_CONCURRENT freed 602K, 30% free 9673K/13788K, paused 4ms+3ms, total 31ms
05-20 10:30:59.166 D/dalvikvm( 1468): GC_CONCURRENT freed 436K, 30% free 9691K/13788K, paused 3ms+3ms, total 25ms
05-20 10:30:59.314 D/dalvikvm( 1468): GC_CONCURRENT freed 428K, 30% free 9690K/13788K, paused 3ms+5ms, total 22ms
05-20 10:30:59.478 D/dalvikvm( 1468): GC_CONCURRENT freed 455K, 30% free 9662K/13788K, paused 3ms+3ms, total 23ms
05-20 10:30:59.533 I/ActivityManager(  374): Start proc com.qihoo360.mobilesafe for service com.qihoo360.mobilesafe/.service.ExamService: pid=25289 uid=10069 gids={50069, 3003, 1015, 3001, 3002, 1006, 1028}
05-20 10:30:59.549 I/dalvikvm(25289): Turning on JNI app bug workarounds for target SDK version 8...
05-20 10:30:59.705 D/dalvikvm( 1468): GC_CONCURRENT freed 377K, 30% free 9678K/13788K, paused 4ms+2ms, total 63ms
05-20 10:30:59.830 D/dalvikvm(25289): GC_CONCURRENT freed 235K, 3% free 9078K/9352K, paused 3ms+4ms, total 21ms
05-20 10:30:59.924 I/dex     (25289): load /data/data/com.qihoo360.mobilesafe/files/root.apk ...
05-20 10:30:59.931 I/dex     (25289): load /data/data/com.qihoo360.mobilesafe/files/root.apk = dalvik.system.DexClassLoader[DexPathList[[zip file "/data/data/com.qihoo360.mobilesafe/files/root.apk"],nativeLibraryDirectories=[/vendor/lib, /system/lib]]]
05-20 10:30:59.971 D/dalvikvm( 1468): GC_CONCURRENT freed 428K, 30% free 9704K/13788K, paused 8ms+4ms, total 48ms
05-20 10:31:00.002 W/System.err(25289): java.io.FileNotFoundException: permmgr/permd
05-20 10:31:00.017 W/System.err(25289): 	at android.content.res.AssetManager.openAsset(Native Method)
05-20 10:31:00.017 W/System.err(25289): 	at android.content.res.AssetManager.open(AssetManager.java:316)
05-20 10:31:00.017 W/System.err(25289): 	at android.content.res.AssetManager.open(AssetManager.java:290)
05-20 10:31:00.017 W/System.err(25289): 	at root.o.a(Unknown Source)
05-20 10:31:00.017 W/System.err(25289): 	at com.qihoo.permmgr.PermManager.checkFiles(Unknown Source)
05-20 10:31:00.017 W/System.err(25289): 	at com.qihoo.permmgr.PermManager.<init>(Unknown Source)
05-20 10:31:00.017 W/System.err(25289): 	at com.qihoo.permmgr.PermManager.getInstance(Unknown Source)
05-20 10:31:00.017 W/System.err(25289): 	at root.w.<init>(Unknown Source)
05-20 10:31:00.017 W/System.err(25289): 	at com.qihoo360.plugin.root.Entry.createObject(Unknown Source)
05-20 10:31:00.017 W/System.err(25289): 	at java.lang.reflect.Method.invokeNative(Native Method)
05-20 10:31:00.017 W/System.err(25289): 	at java.lang.reflect.Method.invoke(Method.java:525)
05-20 10:31:00.017 W/System.err(25289): 	at ko.p(360MobileSafe:114)
05-20 10:31:00.017 W/System.err(25289): 	at kl.h(360MobileSafe:233)
05-20 10:31:00.017 W/System.err(25289): 	at kl.g(360MobileSafe:206)
05-20 10:31:00.017 W/System.err(25289): 	at kk.b(360MobileSafe:359)
05-20 10:31:00.017 W/System.err(25289): 	at com.qihoo360.mobilesafe.ui.index.MobileSafeApplication.b(360MobileSafe:521)
05-20 10:31:00.017 W/System.err(25289): 	at com.qihoo360.mobilesafe.ui.index.MobileSafeApplication.onCreate(360MobileSafe:407)
05-20 10:31:00.017 W/System.err(25289): 	at android.app.Instrumentation.callApplicationOnCreate(Instrumentation.java:1007)
05-20 10:31:00.017 W/System.err(25289): 	at android.app.ActivityThread.handleBindApplication(ActivityThread.java:4444)
05-20 10:31:00.017 W/System.err(25289): 	at android.app.ActivityThread.access$1300(ActivityThread.java:141)
05-20 10:31:00.017 W/System.err(25289): 	at android.app.ActivityThread$H.handleMessage(ActivityThread.java:1316)
05-20 10:31:00.017 W/System.err(25289): 	at android.os.Handler.dispatchMessage(Handler.java:99)
05-20 10:31:00.017 W/System.err(25289): 	at android.os.Looper.loop(Looper.java:137)
05-20 10:31:00.017 W/System.err(25289): 	at android.app.ActivityThread.main(ActivityThread.java:5103)
05-20 10:31:00.017 W/System.err(25289): 	at java.lang.reflect.Method.invokeNative(Native Method)
05-20 10:31:00.017 W/System.err(25289): 	at java.lang.reflect.Method.invoke(Method.java:525)
05-20 10:31:00.017 W/System.err(25289): 	at com.android.internal.os.ZygoteInit$MethodAndArgsCaller.run(ZygoteInit.java:737)
05-20 10:31:00.017 W/System.err(25289): 	at com.android.internal.os.ZygoteInit.main(ZygoteInit.java:553)
05-20 10:31:00.017 W/System.err(25289): 	at dalvik.system.NativeStart.main(Native Method)
05-20 10:31:00.041 D/dalvikvm(25289): Trying to load lib /data/data/com.qihoo360.mobilesafe/files/permmgr/Libpermc.so 0x422abc18
05-20 10:31:00.041 D/dalvikvm(25289): Added shared lib /data/data/com.qihoo360.mobilesafe/files/permmgr/Libpermc.so 0x422abc18
05-20 10:31:00.041 I/dex     (25289): load /data/data/com.qihoo360.mobilesafe/files/appmgr.apk ...
05-20 10:31:00.049 I/dex     (25289): load /data/data/com.qihoo360.mobilesafe/files/appmgr.apk = dalvik.system.DexClassLoader[DexPathList[[zip file "/data/data/com.qihoo360.mobilesafe/files/appmgr.apk"],nativeLibraryDirectories=[/vendor/lib, /system/lib]]]
05-20 10:31:00.103 D/dalvikvm(25289): GC_CONCURRENT freed 477K, 6% free 9114K/9632K, paused 3ms+3ms, total 24ms
05-20 10:31:00.213 D/dalvikvm(25289): Trying to load lib /data/data/com.qihoo360.mobilesafe/files/so_libs/libmobilesafe360-jni-2.2.so 0x42286ae0
05-20 10:31:00.221 D/dalvikvm(25289): Added shared lib /data/data/com.qihoo360.mobilesafe/files/so_libs/libmobilesafe360-jni-2.2.so 0x42286ae0
05-20 10:31:00.361 D/dalvikvm(25289): GC_CONCURRENT freed 296K, 4% free 9259K/9632K, paused 3ms+2ms, total 33ms
05-20 10:31:00.385 D/dalvikvm( 1468): GC_CONCURRENT freed 488K, 30% free 9713K/13788K, paused 3ms+3ms, total 69ms
05-20 10:31:00.541 D/dalvikvm(25289): GC_CONCURRENT freed 398K, 5% free 9297K/9736K, paused 3ms+4ms, total 19ms
05-20 10:31:00.596 D/dalvikvm( 1468): GC_CONCURRENT freed 515K, 30% free 9679K/13788K, paused 3ms+5ms, total 31ms
05-20 10:31:00.736 W/Settings(25289): Setting adb_enabled has moved from android.provider.Settings.Secure to android.provider.Settings.Global.
05-20 10:31:00.744 D/dalvikvm(25289): GC_CONCURRENT freed 393K, 5% free 9415K/9848K, paused 3ms+2ms, total 52ms
05-20 10:31:00.752 D/dalvikvm(25289): WAIT_FOR_CONCURRENT_GC blocked 6ms
05-20 10:31:01.049 D/AndroidRuntime(25320): 
05-20 10:31:01.049 D/AndroidRuntime(25320): >>>>>> AndroidRuntime START com.android.internal.os.RuntimeInit <<<<<<
05-20 10:31:01.049 D/AndroidRuntime(25320): CheckJNI is OFF
05-20 10:31:01.056 D/dalvikvm(25320): Trying to load lib libjavacore.so 0x0
05-20 10:31:01.056 D/dalvikvm(25320): Added shared lib libjavacore.so 0x0
05-20 10:31:01.072 D/dalvikvm(25320): Trying to load lib libnativehelper.so 0x0
05-20 10:31:01.072 D/dalvikvm(25320): Added shared lib libnativehelper.so 0x0
05-20 10:31:01.080 D/dalvikvm(25289): GC_CONCURRENT freed 403K, 5% free 9449K/9896K, paused 4ms+12ms, total 69ms
05-20 10:31:01.228 D/AndroidRuntime(25320): Calling main entry com.android.commands.am.Am
05-20 10:31:01.228 D/dalvikvm(25320): Note: class Landroid/app/ActivityManagerNative; has 163 unimplemented (abstract) methods
05-20 10:31:01.252 D/AndroidRuntime(25320): Shutting down VM
05-20 10:31:01.252 I/AndroidRuntime(25320): NOTE: attach of thread 'Binder_2' failed
05-20 10:31:01.252 D/dalvikvm(25320): GC_CONCURRENT freed 91K, 16% free 514K/608K, paused 0ms+0ms, total 3ms
05-20 10:31:01.252 I/ActivityManager(  374): Start proc com.qihoo360.mobilesafe:PcDaemon for service com.qihoo360.mobilesafe/.pcdaemon.service.DaemonService: pid=25330 uid=10069 gids={50069, 3003, 1015, 3001, 3002, 1006, 1028}
05-20 10:31:01.275 I/dalvikvm(25330): Turning on JNI app bug workarounds for target SDK version 8...
05-20 10:31:01.330 D/dalvikvm( 1468): GC_CONCURRENT freed 524K, 31% free 9634K/13788K, paused 3ms+3ms, total 89ms
05-20 10:31:01.752 D/AndroidRuntime(25348): 
05-20 10:31:01.752 D/AndroidRuntime(25348): >>>>>> AndroidRuntime START com.android.internal.os.RuntimeInit <<<<<<
05-20 10:31:01.752 D/AndroidRuntime(25348): CheckJNI is OFF
05-20 10:31:01.760 D/dalvikvm(25348): Trying to load lib libjavacore.so 0x0
05-20 10:31:01.767 D/dalvikvm(25348): Added shared lib libjavacore.so 0x0
05-20 10:31:01.775 D/dalvikvm(25348): Trying to load lib libnativehelper.so 0x0
05-20 10:31:01.775 D/dalvikvm(25348): Added shared lib libnativehelper.so 0x0
05-20 10:31:01.799 D/dalvikvm(25289): GC_CONCURRENT freed 134K, 2% free 9728K/9904K, paused 5ms+301ms, total 380ms
05-20 10:31:01.939 D/AndroidRuntime(25348): Calling main entry com.android.commands.am.Am
05-20 10:31:01.939 D/dalvikvm(25348): Note: class Landroid/app/ActivityManagerNative; has 163 unimplemented (abstract) methods
05-20 10:31:01.978 W/BroadcastQueue(  374): Failure [background] sending broadcast result of Intent { act=com.qihoo360.mobilesafe.NotifyDaemonStart flg=0x10 }
05-20 10:31:01.978 W/BroadcastQueue(  374): android.os.DeadObjectException
05-20 10:31:01.978 W/BroadcastQueue(  374): 	at android.os.BinderProxy.transact(Native Method)
05-20 10:31:01.978 W/BroadcastQueue(  374): 	at android.content.IIntentReceiver$Stub$Proxy.performReceive(IIntentReceiver.java:124)
05-20 10:31:01.978 W/BroadcastQueue(  374): 	at com.android.server.am.BroadcastQueue.performReceiveLocked(BroadcastQueue.java:376)
05-20 10:31:01.978 W/BroadcastQueue(  374): 	at com.android.server.am.BroadcastQueue.processNextBroadcast(BroadcastQueue.java:599)
05-20 10:31:01.978 W/BroadcastQueue(  374): 	at com.android.server.am.ActivityManagerService.finishReceiver(ActivityManagerService.java:12390)
05-20 10:31:01.978 W/BroadcastQueue(  374): 	at android.app.ActivityManagerNative.onTransact(ActivityManagerNative.java:379)
05-20 10:31:01.978 W/BroadcastQueue(  374): 	at com.android.server.am.ActivityManagerService.onTransact(ActivityManagerService.java:1737)
05-20 10:31:01.978 W/BroadcastQueue(  374): 	at android.os.Binder.execTransact(Binder.java:388)
05-20 10:31:01.978 W/BroadcastQueue(  374): 	at dalvik.system.NativeStart.run(Native Method)
05-20 10:31:02.049 D/dalvikvm( 1468): GC_CONCURRENT freed 486K, 30% free 9656K/13788K, paused 5ms+3ms, total 105ms
05-20 10:31:02.049 D/dalvikvm( 1468): WAIT_FOR_CONCURRENT_GC blocked 29ms
05-20 10:31:02.322 D/AndroidRuntime(25360): 
05-20 10:31:02.322 D/AndroidRuntime(25360): >>>>>> AndroidRuntime START com.android.internal.os.RuntimeInit <<<<<<
05-20 10:31:02.322 D/AndroidRuntime(25360): CheckJNI is OFF
05-20 10:31:02.330 D/dalvikvm(25360): Trying to load lib libjavacore.so 0x0
05-20 10:31:02.338 D/dalvikvm(25360): Added shared lib libjavacore.so 0x0
05-20 10:31:02.346 D/dalvikvm(25360): Trying to load lib libnativehelper.so 0x0
05-20 10:31:02.346 D/dalvikvm(25360): Added shared lib libnativehelper.so 0x0
05-20 10:31:02.541 D/AndroidRuntime(25360): Calling main entry com.android.commands.am.Am
05-20 10:31:02.549 D/dalvikvm(25360): Note: class Landroid/app/ActivityManagerNative; has 163 unimplemented (abstract) methods
05-20 10:31:02.705 D/dalvikvm( 1468): GC_CONCURRENT freed 455K, 30% free 9681K/13788K, paused 3ms+95ms, total 148ms
05-20 10:31:02.822 D/dalvikvm(25289): GC_CONCURRENT freed 371K, 5% free 9761K/10172K, paused 15ms+4ms, total 43ms
05-20 10:31:02.916 D/dalvikvm( 1468): GC_CONCURRENT freed 506K, 30% free 9655K/13788K, paused 3ms+9ms, total 34ms
05-20 10:31:03.096 D/dalvikvm(25289): GC_CONCURRENT freed 307K, 4% free 9960K/10312K, paused 3ms+15ms, total 40ms
05-20 10:31:03.111 D/dalvikvm(25289): WAIT_FOR_CONCURRENT_GC blocked 27ms
05-20 10:31:03.119 D/dalvikvm( 1468): GC_CONCURRENT freed 456K, 31% free 9627K/13788K, paused 6ms+3ms, total 28ms
05-20 10:31:03.244 D/dalvikvm(25289): GC_CONCURRENT freed 421K, 5% free 9945K/10420K, paused 3ms+4ms, total 29ms
05-20 10:31:03.338 D/dalvikvm(  374): GC_EXPLICIT freed 2497K, 24% free 20376K/26804K, paused 2ms+10ms, total 86ms
05-20 10:31:03.369 D/dalvikvm( 1468): GC_CONCURRENT freed 431K, 31% free 9649K/13788K, paused 4ms+3ms, total 31ms
05-20 10:31:03.533 D/dalvikvm( 1468): GC_CONCURRENT freed 479K, 31% free 9651K/13788K, paused 2ms+5ms, total 30ms
05-20 10:31:03.736 D/dalvikvm( 1468): GC_CONCURRENT freed 511K, 31% free 9620K/13788K, paused 3ms+5ms, total 27ms
05-20 10:31:03.822 D/dalvikvm(25289): GC_CONCURRENT freed 331K, 4% free 10011K/10420K, paused 2ms+4ms, total 24ms
05-20 10:31:03.978 D/dalvikvm( 1468): GC_CONCURRENT freed 535K, 31% free 9593K/13788K, paused 3ms+23ms, total 65ms
05-20 10:31:03.978 D/dalvikvm( 1468): WAIT_FOR_CONCURRENT_GC blocked 1ms
05-20 10:31:03.986 W/Settings(25289): Setting android_id has moved from android.provider.Settings.System to android.provider.Settings.Secure, returning read-only value.
05-20 10:31:04.033 D/dalvikvm(25289): GC_CONCURRENT freed 438K, 5% free 10086K/10564K, paused 17ms+6ms, total 56ms
05-20 10:31:04.033 D/dalvikvm(25289): WAIT_FOR_CONCURRENT_GC blocked 2ms
05-20 10:31:04.041 D/dalvikvm(25289): WAIT_FOR_CONCURRENT_GC blocked 19ms
05-20 10:31:04.135 D/dalvikvm(25289): GC_CONCURRENT freed 172K, 3% free 10409K/10636K, paused 4ms+3ms, total 51ms
05-20 10:31:04.135 D/dalvikvm(25289): WAIT_FOR_CONCURRENT_GC blocked 17ms
05-20 10:31:04.174 D/dalvikvm( 1468): GC_CONCURRENT freed 483K, 31% free 9617K/13788K, paused 2ms+9ms, total 50ms
05-20 10:31:04.236 D/dalvikvm(25289): GC_CONCURRENT freed 127K, 2% free 10736K/10936K, paused 2ms+2ms, total 39ms
05-20 10:31:04.236 D/dalvikvm(25289): WAIT_FOR_CONCURRENT_GC blocked 12ms
05-20 10:31:04.369 D/dalvikvm( 1468): GC_CONCURRENT freed 535K, 31% free 9590K/13788K, paused 3ms+16ms, total 60ms
05-20 10:31:04.369 D/dalvikvm( 1468): WAIT_FOR_CONCURRENT_GC blocked 2ms
05-20 10:31:04.377 D/dalvikvm(25289): GC_CONCURRENT freed 158K, 3% free 11118K/11364K, paused 3ms+2ms, total 90ms
05-20 10:31:04.533 D/dalvikvm( 1468): GC_CONCURRENT freed 405K, 31% free 9637K/13788K, paused 3ms+4ms, total 24ms
05-20 10:31:04.674 D/dalvikvm( 1468): GC_CONCURRENT freed 455K, 31% free 9610K/13788K, paused 3ms+2ms, total 25ms
05-20 10:31:04.838 D/dalvikvm( 1468): GC_CONCURRENT freed 429K, 31% free 9635K/13788K, paused 4ms+4ms, total 25ms
05-20 10:31:04.986 D/dalvikvm( 1468): GC_CONCURRENT freed 429K, 31% free 9633K/13788K, paused 3ms+5ms, total 22ms
05-20 10:31:05.158 D/dalvikvm( 1468): GC_CONCURRENT freed 505K, 31% free 9582K/13788K, paused 2ms+3ms, total 23ms
05-20 10:31:05.306 W/Parcel  ( 1661): Attempt to read object from Parcel 0x5ded3dac at offset 200 that is not in the object list
05-20 10:31:05.306 I/ActivityManager(  374): START u0 {flg=0x10000000 cmp=com.pekall.emdm.launcher/.ui.BackPersonalActivity} from pid 12519
05-20 10:31:05.314 D/LauncherApplication(12519): [null:-1]->onActivityPaused
05-20 10:31:05.322 D/dalvikvm( 1468): GC_CONCURRENT freed 405K, 31% free 9630K/13788K, paused 3ms+8ms, total 41ms
05-20 10:31:05.330 D/LauncherApplication(12519): [null:-1]->onActivityPaused  updateTime
05-20 10:31:05.361 V/Launcher(12519): default_launcher = #Intent;launchFlags=0x10200000;component=com.android.launcher/com.android.launcher2.Launcher;end
05-20 10:31:05.361 W/Parcel  ( 1661): Attempt to read object from Parcel 0x6003bdac at offset 200 that is not in the object list
05-20 10:31:05.361 I/ActivityManager(  374): START u0 {act=android.intent.action.VIEW flg=0x10200000 cmp=com.android.launcher/com.android.launcher2.Launcher} from pid 12519
05-20 10:31:05.760 D/dalvikvm( 1661): GC_EXPLICIT freed 984K, 18% free 13172K/15888K, paused 2ms+4ms, total 57ms
05-20 10:31:06.041 D/dalvikvm( 1661): GC_EXPLICIT freed 231K, 18% free 13101K/15888K, paused 2ms+4ms, total 55ms
05-20 10:31:06.189 D/dalvikvm( 1661): GC_EXPLICIT freed 14K, 18% free 13087K/15888K, paused 2ms+3ms, total 47ms
05-20 10:31:06.408 D/dalvikvm(  576): GC_FOR_ALLOC freed 3275K, 29% free 16307K/22700K, paused 26ms, total 26ms
05-20 10:31:13.455 D/dalvikvm( 1661): GC_EXPLICIT freed 79K, 18% free 13091K/15888K, paused 2ms+3ms, total 43ms
05-20 10:31:14.799 D/dalvikvm( 1468): GC_CONCURRENT freed 450K, 21% free 9579K/12104K, paused 2ms+2ms, total 19ms
05-20 10:31:18.517 D/dalvikvm( 1661): GC_EXPLICIT freed 55K, 18% free 13090K/15888K, paused 2ms+4ms, total 59ms
05-20 10:31:20.885 W/Parcel  ( 1661): Attempt to read object from Parcel 0x6013bdac at offset 200 that is not in the object list
05-20 10:31:20.885 I/ActivityManager(  374): START u0 {act=android.intent.action.MAIN cat=[android.intent.category.LAUNCHER] flg=0x10200000 cmp=com.pekall.emdm.launcher/.Launcher} from pid 576
05-20 10:31:21.002 D/dalvikvm(  374): GC_FOR_ALLOC freed 1038K, 24% free 20371K/26804K, paused 67ms, total 67ms
05-20 10:31:21.033 V/LauncherApplication(12519): onActivityStarted
05-20 10:31:21.033 D/        (12519): [---null: -1---]     awsa  onActivityResumed
05-20 10:31:21.033 V/LauncherApplication(12519): 2MdmConstant.LAST_LAUNCH_TIME = 1400553065337
05-20 10:31:21.041 D/        (12519): [---null: -1---]  activity = com.pekall.emdm.launcher.Launcher
05-20 10:31:21.041 V/DefultSetContriller(12519): isLauncherDf = com.pekall.emdm.launcher
05-20 10:31:21.049 V/DefultSetContriller(12519): isPhoneDf = com.pekall.emdm.launcher
05-20 10:31:21.049 E/LauncherApplication(12519): isShowLogoutUI = true
05-20 10:31:21.049 E/LauncherApplication(12519): LogoutShowTime 1
05-20 10:31:21.049 V/Launcher(12519): onResume1111111 
05-20 10:31:21.049 V/Launcher(12519): is login ----> 
05-20 10:31:21.049 I/System.out(12519):  
05-20 10:31:21.049 I/System.out(12519): com.pekall.emdm.launcher.Workspace.setWallpaper(Unknown Source)
05-20 10:31:21.049 I/System.out(12519): com.pekall.emdm.launcher.Launcher.onResume(Unknown Source)
05-20 10:31:21.056 I/System.out(12519): android.app.Instrumentation.callActivityOnResume(Instrumentation.java:1192)
05-20 10:31:21.056 I/System.out(12519): android.app.Activity.performResume(Activity.java:5211)
05-20 10:31:21.056 I/System.out(12519): android.app.ActivityThread.performResumeActivity(ActivityThread.java:2780)
05-20 10:31:21.056 I/System.out(12519): android.app.ActivityThread.handleResumeActivity(ActivityThread.java:2819)
05-20 10:31:21.056 I/System.out(12519): android.app.ActivityThread$H.handleMessage(ActivityThread.java:1298)
05-20 10:31:21.056 I/System.out(12519): android.os.Handler.dispatchMessage(Handler.java:99)
05-20 10:31:21.056 I/System.out(12519): android.os.Looper.loop(Looper.java:137)
05-20 10:31:21.056 I/System.out(12519): android.app.ActivityThread.main(ActivityThread.java:5103)
05-20 10:31:21.056 I/System.out(12519): java.lang.reflect.Method.invokeNative(Native Method)
05-20 10:31:21.056 I/System.out(12519): java.lang.reflect.Method.invoke(Method.java:525)
05-20 10:31:21.056 I/System.out(12519): com.android.internal.os.ZygoteInit$MethodAndArgsCaller.run(ZygoteInit.java:737)
05-20 10:31:21.056 I/System.out(12519): com.android.internal.os.ZygoteInit.main(ZygoteInit.java:553)
05-20 10:31:21.056 I/System.out(12519): dalvik.system.NativeStart.main(Native Method)
05-20 10:31:21.306 D/dalvikvm(12519): JIT unchain all for threadid=11
05-20 10:31:21.385 D/dalvikvm(12519): GC_FOR_ALLOC freed 3454K, 12% free 86033K/97572K, paused 322ms, total 324ms
05-20 10:31:24.689 D/dalvikvm(10683): GC_CONCURRENT freed 745K, 9% free 9508K/10428K, paused 2ms+2ms, total 17ms
05-20 10:31:28.502 D/dalvikvm( 1661): GC_EXPLICIT freed 155K, 18% free 13092K/15888K, paused 3ms+3ms, total 48ms
05-20 10:31:30.674 W/Settings(25289): Setting adb_enabled has moved from android.provider.Settings.Secure to android.provider.Settings.Global.
05-20 10:31:30.814 D/dalvikvm(25289): GC_EXPLICIT freed 542K, 6% free 11166K/11760K, paused 3ms+14ms, total 62ms
05-20 10:31:30.955 D/dalvikvm(25289): GC_EXPLICIT freed 1479K, 16% free 9942K/11760K, paused 1ms+3ms, total 29ms
05-20 10:31:36.260 D/dalvikvm( 1661): GC_EXPLICIT freed 119K, 18% free 13093K/15888K, paused 2ms+3ms, total 44ms
05-20 10:31:40.158 W/Parcel  ( 1661): Attempt to read object from Parcel 0x5ded3dac at offset 200 that is not in the object list
05-20 10:31:40.158 V/WiseDownloadConditionControler(10785): checkCondition  type : WISE_DOWNLOAD  inerrupting: true
05-20 10:31:40.205 D/dalvikvm(10800): GC_CONCURRENT freed 371K, 6% free 9120K/9684K, paused 9ms+1ms, total 41ms
05-20 10:31:44.986 D/LightsService(  374): Excessive delay setting light: 67ms
05-20 10:31:45.588 D/daemon.c.b(25060): close conn
05-20 10:31:45.588 D/com.nd.assistance.server.ServerService(25060): no connection, stop service
05-20 10:31:45.588 D/com.nd.assistance.server.ServerService(25060): ** Enter ServerService onDestroy. **
05-20 10:31:46.197 D/LightsService(  374): Excessive delay setting light: 55ms
05-20 10:31:46.291 D/LightsService(  374): Excessive delay setting light: 67ms
05-20 10:31:46.596 W/Parcel  ( 1661): Attempt to read object from Parcel 0x5ec3bdac at offset 200 that is not in the object list
05-20 10:31:46.619 V/WiseDownloadConditionControler(10785): checkCondition  type : WISE_DOWNLOAD  inerrupting: true
05-20 10:31:46.689 E/daemon.k.a(25060): releasekWifiLock()
05-20 10:31:46.689 D/com.nd.assistance.server.ServerService(25060): *Close LogCenter.
05-20 10:31:46.697 I/Process (25060): Sending signal. PID: 25060 SIG: 9
05-20 10:31:46.697 I/ActivityManager(  374): Process com.nd.assistance.ServerService (pid 25060) has died.
05-20 10:31:46.760 W/Parcel  ( 1661): Attempt to read object from Parcel 0x5dfd3dac at offset 200 that is not in the object list
05-20 10:31:46.760 I/ActivityManager(  374): START u0 {flg=0x10000000 cmp=com.pekall.emdm.launcher/.ui.BackPersonalActivity} from pid 12519
05-20 10:31:46.900 D/dalvikvm(  374): JIT code cache reset in 5 ms (1048496 bytes 17/0)
05-20 10:31:46.916 D/dalvikvm(  374): GC_FOR_ALLOC freed 1059K, 25% free 20353K/26804K, paused 96ms, total 103ms
05-20 10:31:46.986 D/dalvikvm(  374): GC_FOR_ALLOC freed 756K, 25% free 20340K/26804K, paused 62ms, total 63ms
05-20 10:31:46.994 D/LauncherApplication(12519): [null:-1]->onActivityPaused
05-20 10:31:47.010 D/LauncherApplication(12519): [null:-1]->onActivityPaused  updateTime
05-20 10:31:47.041 V/Launcher(12519): default_launcher = #Intent;launchFlags=0x10200000;component=com.android.launcher/com.android.launcher2.Launcher;end
05-20 10:31:47.041 W/Parcel  ( 1661): Attempt to read object from Parcel 0x5ef3bdac at offset 200 that is not in the object list
05-20 10:31:47.041 I/ActivityManager(  374): START u0 {act=android.intent.action.VIEW flg=0x10200000 cmp=com.android.launcher/com.android.launcher2.Launcher} from pid 12519
05-20 10:31:47.275 W/Parcel  ( 1661): Attempt to read object from Parcel 0x5ded3dac at offset 200 that is not in the object list
05-20 10:31:47.299 D/MtpService(24510): updating state; isCurrentUser=true, mMtpLocked=false
05-20 10:31:47.306 D/MtpService(24510): addStorageLocked 65537 /storage/emulated/0
05-20 10:31:47.306 D/MtpService(24510): updating state; isCurrentUser=true, mMtpLocked=false
05-20 10:31:47.306 D/MtpService(24510): starting MTP server in MTP mode
05-20 10:31:47.306 D/MtpService(24510): addStorageLocked 65537 /storage/emulated/0
05-20 10:31:48.244 W/Parcel  ( 1661): Attempt to read object from Parcel 0x6003bdac at offset 200 that is not in the object list
