05-20 10:40:50.369 W/Parcel  ( 1661): Attempt to read object from Parcel 0x5ded3dac at offset 200 that is not in the object list
05-20 10:40:50.385 W/Parcel  ( 1661): Attempt to read object from Parcel 0x5ec3bdac at offset 200 that is not in the object list
05-20 10:40:50.478 E/daemon.k.a(25849): releasekWifiLock()
05-20 10:40:50.478 D/com.nd.assistance.server.ServerService(25849): *Close LogCenter.
05-20 10:40:50.478 I/Process (25849): Sending signal. PID: 25849 SIG: 9
05-20 10:40:50.486 I/ActivityManager(  374): Process com.nd.assistance.ServerService (pid 25849) has died.
05-20 10:40:50.556 D/dalvikvm(10683): GC_CONCURRENT freed 448K, 6% free 9863K/10432K, paused 6ms+3ms, total 36ms
05-20 10:40:50.689 V/TAG     (  374): bug 7643792: fitSystemWindows([0,50][0,0])
05-20 10:40:50.947 W/Parcel  ( 1661): Attempt to read object from Parcel 0x5ef3bdac at offset 200 that is not in the object list
05-20 10:40:50.963 D/MtpService(24510): updating state; isCurrentUser=true, mMtpLocked=false
05-20 10:40:50.963 D/MtpService(24510): addStorageLocked 65537 /storage/emulated/0
05-20 10:40:50.963 D/MtpService(24510): updating state; isCurrentUser=true, mMtpLocked=false
05-20 10:40:50.963 D/MtpService(24510): starting MTP server in MTP mode
05-20 10:40:50.963 D/MtpService(24510): addStorageLocked 65537 /storage/emulated/0
05-20 10:40:51.635 W/Parcel  ( 1661): Attempt to read object from Parcel 0x5ded3dac at offset 200 that is not in the object list
05-20 10:40:51.955 D/AndroidRuntime(26144): 
05-20 10:40:51.955 D/AndroidRuntime(26144): >>>>>> AndroidRuntime START com.android.internal.os.RuntimeInit <<<<<<
05-20 10:40:51.955 D/AndroidRuntime(26144): CheckJNI is OFF
05-20 10:40:51.963 D/dalvikvm(26144): Trying to load lib libjavacore.so 0x0
05-20 10:40:51.971 D/dalvikvm(26144): Added shared lib libjavacore.so 0x0
05-20 10:40:51.978 D/dalvikvm(26144): Trying to load lib libnativehelper.so 0x0
05-20 10:40:51.978 D/dalvikvm(26144): Added shared lib libnativehelper.so 0x0
05-20 10:40:52.142 D/AndroidRuntime(26144): Calling main entry com.android.commands.am.Am
05-20 10:40:52.142 D/dalvikvm(26144): Note: class Landroid/app/ActivityManagerNative; has 163 unimplemented (abstract) methods
05-20 10:40:52.150 W/Parcel  ( 1661): Attempt to read object from Parcel 0x5ec3bdac at offset 200 that is not in the object list
05-20 10:40:52.166 D/AndroidRuntime(26144): Shutting down VM
05-20 10:40:52.166 D/dalvikvm(26157): Late-enabling CheckJNI
05-20 10:40:52.166 I/ActivityManager(  374): Start proc com.nd.assistance.ServerService for service com.nd.assistance/.server.ServerService: pid=26157 uid=10068 gids={50068, 3003, 1015, 1006, 1028}
05-20 10:40:52.174 D/dalvikvm(26144): GC_CONCURRENT freed 92K, 16% free 512K/608K, paused 0ms+1ms, total 3ms
05-20 10:40:52.189 I/dalvikvm(26157): Turning on JNI app bug workarounds for target SDK version 3...
05-20 10:40:52.236 E/LogCenter(26157): logger_impl_ init
05-20 10:40:52.236 D/com.nd.assistance.server.ServerService(26157): ServerService onCreate()
05-20 10:40:52.236 D/com.nd.assistance.server.ServerService(26157): ServerService onStart()
05-20 10:40:52.236 D/com.nd.assistance.server.ServerService(26157): mIsStarting is false, set mIsStarting = true
05-20 10:40:52.236 D/com.nd.assistance.server.ServerService(26157): startDaemonServer(false)
05-20 10:40:52.236 D/com.nd.assistance.server.ServerService(26157): mDaemonServer == null
05-20 10:40:52.252 E/daemon.k.a(26157): acquireWifiLock()
05-20 10:40:52.275 D/com.nd.assistance.server.ServerService(26157): start nio server
05-20 10:40:52.283 D/com.nd.assistance.server.ServerService(26157): set mIsStarting = false
05-20 10:40:52.283 D/com.nd.assistance.server.ServerService(26157): ServerService onStart used time: 42
05-20 10:40:52.314 D/daemon.h.b.c(26157): SelectReactor run()
05-20 10:40:53.103 E/daemon.c.c(26157): start heartbeat server.
05-20 10:40:53.142 D/dalvikvm(26157): GC_CONCURRENT freed 229K, 3% free 9095K/9364K, paused 3ms+1ms, total 22ms
05-20 10:40:53.447 D/dalvikvm(26157): GC_CONCURRENT freed 218K, 3% free 9280K/9540K, paused 3ms+7ms, total 31ms
05-20 10:40:54.080 D/AndroidRuntime(26282): 
05-20 10:40:54.080 D/AndroidRuntime(26282): >>>>>> AndroidRuntime START com.android.internal.os.RuntimeInit <<<<<<
05-20 10:40:54.080 D/AndroidRuntime(26282): CheckJNI is OFF
05-20 10:40:54.088 D/dalvikvm(26282): Trying to load lib libjavacore.so 0x0
05-20 10:40:54.096 D/dalvikvm(26282): Added shared lib libjavacore.so 0x0
05-20 10:40:54.103 D/dalvikvm(26282): Trying to load lib libnativehelper.so 0x0
05-20 10:40:54.103 D/dalvikvm(26282): Added shared lib libnativehelper.so 0x0
05-20 10:40:54.314 D/AndroidRuntime(26282): Calling main entry com.android.commands.am.Am
05-20 10:40:54.314 D/dalvikvm(26282): Note: class Landroid/app/ActivityManagerNative; has 163 unimplemented (abstract) methods
05-20 10:40:54.338 D/AndroidRuntime(26282): Shutting down VM
05-20 10:40:54.338 D/dalvikvm(26282): GC_CONCURRENT freed 91K, 16% free 514K/608K, paused 1ms+1ms, total 4ms
05-20 10:40:54.486 D/AndroidRuntime(26300): 
05-20 10:40:54.486 D/AndroidRuntime(26300): >>>>>> AndroidRuntime START com.android.internal.os.RuntimeInit <<<<<<
05-20 10:40:54.486 D/AndroidRuntime(26300): CheckJNI is OFF
05-20 10:40:54.502 D/dalvikvm(26300): Trying to load lib libjavacore.so 0x0
05-20 10:40:54.502 D/dalvikvm(26300): Added shared lib libjavacore.so 0x0
05-20 10:40:54.517 D/dalvikvm(26300): Trying to load lib libnativehelper.so 0x0
05-20 10:40:54.517 D/dalvikvm(26300): Added shared lib libnativehelper.so 0x0
05-20 10:40:54.705 D/AndroidRuntime(26300): Calling main entry com.android.commands.pm.Pm
05-20 10:40:54.728 D/AndroidRuntime(26300): Shutting down VM
05-20 10:40:54.728 D/dalvikvm(26300): GC_CONCURRENT freed 99K, 18% free 485K/588K, paused 0ms+0ms, total 2ms
05-20 10:40:54.728 I/AndroidRuntime(26300): NOTE: attach of thread 'Binder_2' failed
05-20 10:40:54.767 W/MountService(  374): getVolumeState(/storage/emulated/0/external_sd): Unknown volume
05-20 10:40:54.767 W/MountService(  374): getVolumeState(/mnt/sdcard-ext): Unknown volume
05-20 10:40:54.767 W/MountService(  374): getVolumeState(/mnt/ext_sdcard): Unknown volume
05-20 10:40:54.767 W/MountService(  374): getVolumeState(/mnt/sdcard2): Unknown volume
05-20 10:40:54.767 W/MountService(  374): getVolumeState(/mnt/emmc): Unknown volume
05-20 10:40:54.767 W/MountService(  374): getVolumeState(/mnt/extSdCard): Unknown volume
05-20 10:40:54.767 W/MountService(  374): getVolumeState(/mnt/sdcard/SD_CARD): Unknown volume
05-20 10:40:54.767 W/MountService(  374): getVolumeState(/mnt/sdcard/extra_sd): Unknown volume
05-20 10:40:54.767 W/MountService(  374): getVolumeState(/mnt/extrasd_bind): Unknown volume
05-20 10:40:54.767 W/MountService(  374): getVolumeState(/mnt/sdcard/ext_sd): Unknown volume
05-20 10:40:54.767 W/MountService(  374): getVolumeState(/storage/extSdCard): Unknown volume
05-20 10:40:54.767 W/MountService(  374): getVolumeState(/storage/sdcard1): Unknown volume
05-20 10:40:54.767 W/MountService(  374): getVolumeState(/mnt/sdcard/external_SD): Unknown volume
05-20 10:40:54.767 W/MountService(  374): getVolumeState(/mnt/sdcard/external_sd): Unknown volume
05-20 10:40:54.799 D/dalvikvm(26157): GC_CONCURRENT freed 522K, 6% free 9224K/9788K, paused 5ms+6ms, total 58ms
05-20 10:40:54.814 D/dalvikvm( 1468): GC_CONCURRENT freed 504K, 21% free 9628K/12104K, paused 4ms+16ms, total 78ms
05-20 10:40:54.814 D/dalvikvm( 1468): WAIT_FOR_CONCURRENT_GC blocked 40ms
05-20 10:40:54.814 D/dalvikvm( 1468): WAIT_FOR_CONCURRENT_GC blocked 40ms
05-20 10:40:54.916 W/MountService(  374): getVolumeState(/storage/emulated/0/external_sd): Unknown volume
05-20 10:40:54.916 W/MountService(  374): getVolumeState(/mnt/sdcard-ext): Unknown volume
05-20 10:40:54.916 W/MountService(  374): getVolumeState(/mnt/ext_sdcard): Unknown volume
05-20 10:40:54.916 W/MountService(  374): getVolumeState(/mnt/sdcard2): Unknown volume
05-20 10:40:54.916 W/MountService(  374): getVolumeState(/mnt/emmc): Unknown volume
05-20 10:40:54.916 W/MountService(  374): getVolumeState(/mnt/extSdCard): Unknown volume
05-20 10:40:54.916 W/MountService(  374): getVolumeState(/mnt/sdcard/SD_CARD): Unknown volume
05-20 10:40:54.916 W/MountService(  374): getVolumeState(/mnt/sdcard/extra_sd): Unknown volume
05-20 10:40:54.916 W/MountService(  374): getVolumeState(/mnt/extrasd_bind): Unknown volume
05-20 10:40:54.916 W/MountService(  374): getVolumeState(/mnt/sdcard/ext_sd): Unknown volume
05-20 10:40:54.916 W/MountService(  374): getVolumeState(/storage/extSdCard): Unknown volume
05-20 10:40:54.916 W/MountService(  374): getVolumeState(/storage/sdcard1): Unknown volume
05-20 10:40:54.916 W/MountService(  374): getVolumeState(/mnt/sdcard/external_SD): Unknown volume
05-20 10:40:54.916 W/MountService(  374): getVolumeState(/mnt/sdcard/external_sd): Unknown volume
05-20 10:40:54.955 D/dalvikvm( 1468): GC_CONCURRENT freed 525K, 21% free 9614K/12104K, paused 3ms+3ms, total 33ms
05-20 10:40:54.955 D/dalvikvm( 1468): WAIT_FOR_CONCURRENT_GC blocked 13ms
05-20 10:40:54.955 D/dalvikvm( 1468): WAIT_FOR_CONCURRENT_GC blocked 9ms
05-20 10:40:55.103 W/Parcel  ( 1661): Attempt to read object from Parcel 0x6003bdac at offset 200 that is not in the object list
05-20 10:40:55.119 W/MountService(  374): getVolumeState(/storage/emulated/0/external_sd): Unknown volume
05-20 10:40:55.119 W/MountService(  374): getVolumeState(/mnt/sdcard-ext): Unknown volume
05-20 10:40:55.119 W/MountService(  374): getVolumeState(/mnt/ext_sdcard): Unknown volume
05-20 10:40:55.127 W/MountService(  374): getVolumeState(/mnt/sdcard2): Unknown volume
05-20 10:40:55.135 W/MountService(  374): getVolumeState(/mnt/emmc): Unknown volume
05-20 10:40:55.135 W/MountService(  374): getVolumeState(/mnt/extSdCard): Unknown volume
05-20 10:40:55.135 W/MountService(  374): getVolumeState(/mnt/sdcard/SD_CARD): Unknown volume
05-20 10:40:55.135 W/MountService(  374): getVolumeState(/mnt/sdcard/extra_sd): Unknown volume
05-20 10:40:55.135 W/MountService(  374): getVolumeState(/mnt/extrasd_bind): Unknown volume
05-20 10:40:55.135 W/MountService(  374): getVolumeState(/mnt/sdcard/ext_sd): Unknown volume
05-20 10:40:55.135 W/MountService(  374): getVolumeState(/storage/extSdCard): Unknown volume
05-20 10:40:55.142 W/MountService(  374): getVolumeState(/storage/sdcard1): Unknown volume
05-20 10:40:55.142 W/MountService(  374): getVolumeState(/mnt/sdcard/external_SD): Unknown volume
05-20 10:40:55.142 W/MountService(  374): getVolumeState(/mnt/sdcard/external_sd): Unknown volume
05-20 10:40:55.205 D/dalvikvm( 1468): GC_CONCURRENT freed 412K, 20% free 9714K/12104K, paused 4ms+30ms, total 82ms
05-20 10:40:55.205 D/dalvikvm( 1468): WAIT_FOR_CONCURRENT_GC blocked 2ms
05-20 10:40:55.213 D/dalvikvm( 1468): WAIT_FOR_CONCURRENT_GC blocked 9ms
05-20 10:40:55.213 D/dalvikvm( 1468): WAIT_FOR_CONCURRENT_GC blocked 9ms
05-20 10:40:55.213 D/dalvikvm( 1468): WAIT_FOR_CONCURRENT_GC blocked 9ms
05-20 10:40:55.267 D/dalvikvm( 1468): GC_CONCURRENT freed 153K, 17% free 10072K/12104K, paused 7ms+4ms, total 29ms
05-20 10:40:55.267 D/dalvikvm( 1468): WAIT_FOR_CONCURRENT_GC blocked 15ms
05-20 10:40:55.275 D/dalvikvm( 1468): WAIT_FOR_CONCURRENT_GC blocked 20ms
05-20 10:40:55.275 D/dalvikvm( 1468): WAIT_FOR_CONCURRENT_GC blocked 21ms
05-20 10:40:55.330 D/dalvikvm( 1468): GC_CONCURRENT freed 220K, 15% free 10363K/12104K, paused 7ms+3ms, total 35ms
05-20 10:40:55.330 D/dalvikvm( 1468): WAIT_FOR_CONCURRENT_GC blocked 16ms
05-20 10:40:55.330 D/dalvikvm( 1468): WAIT_FOR_CONCURRENT_GC blocked 22ms
05-20 10:40:55.338 D/dalvikvm( 1468): WAIT_FOR_CONCURRENT_GC blocked 22ms
05-20 10:40:55.338 D/dalvikvm( 1468): WAIT_FOR_CONCURRENT_GC blocked 14ms
05-20 10:40:55.408 D/dalvikvm( 1468): GC_CONCURRENT freed 119K, 12% free 10756K/12104K, paused 3ms+4ms, total 36ms
05-20 10:40:55.408 D/dalvikvm( 1468): WAIT_FOR_CONCURRENT_GC blocked 10ms
05-20 10:40:55.408 D/dalvikvm( 1468): WAIT_FOR_CONCURRENT_GC blocked 20ms
05-20 10:40:55.408 D/dalvikvm( 1468): WAIT_FOR_CONCURRENT_GC blocked 10ms
05-20 10:40:55.502 D/dalvikvm( 1468): GC_CONCURRENT freed 258K, 9% free 11133K/12104K, paused 3ms+5ms, total 44ms
05-20 10:40:55.502 D/dalvikvm( 1468): WAIT_FOR_CONCURRENT_GC blocked 20ms
05-20 10:40:55.502 D/dalvikvm( 1468): WAIT_FOR_CONCURRENT_GC blocked 21ms
05-20 10:40:55.502 D/dalvikvm( 1468): WAIT_FOR_CONCURRENT_GC blocked 21ms
05-20 10:40:55.502 D/dalvikvm( 1468): WAIT_FOR_CONCURRENT_GC blocked 19ms
05-20 10:40:55.517 W/MountService(  374): getVolumeState(/storage/emulated/0/external_sd): Unknown volume
05-20 10:40:55.517 W/MountService(  374): getVolumeState(/mnt/sdcard-ext): Unknown volume
05-20 10:40:55.517 W/MountService(  374): getVolumeState(/mnt/ext_sdcard): Unknown volume
05-20 10:40:55.517 W/MountService(  374): getVolumeState(/mnt/sdcard2): Unknown volume
05-20 10:40:55.517 W/MountService(  374): getVolumeState(/mnt/emmc): Unknown volume
05-20 10:40:55.517 W/MountService(  374): getVolumeState(/mnt/extSdCard): Unknown volume
05-20 10:40:55.517 W/MountService(  374): getVolumeState(/mnt/sdcard/SD_CARD): Unknown volume
05-20 10:40:55.517 W/MountService(  374): getVolumeState(/mnt/sdcard/extra_sd): Unknown volume
05-20 10:40:55.517 W/MountService(  374): getVolumeState(/mnt/extrasd_bind): Unknown volume
05-20 10:40:55.517 W/MountService(  374): getVolumeState(/mnt/sdcard/ext_sd): Unknown volume
05-20 10:40:55.517 W/MountService(  374): getVolumeState(/storage/extSdCard): Unknown volume
05-20 10:40:55.533 W/MountService(  374): getVolumeState(/storage/sdcard1): Unknown volume
05-20 10:40:55.533 W/MountService(  374): getVolumeState(/mnt/sdcard/external_SD): Unknown volume
05-20 10:40:55.533 W/MountService(  374): getVolumeState(/mnt/sdcard/external_sd): Unknown volume
05-20 10:40:55.658 D/dalvikvm( 1468): GC_CONCURRENT freed 727K, 8% free 11167K/12104K, paused 4ms+4ms, total 48ms
05-20 10:40:55.658 D/dalvikvm( 1468): WAIT_FOR_CONCURRENT_GC blocked 30ms
05-20 10:40:55.658 D/dalvikvm( 1468): WAIT_FOR_CONCURRENT_GC blocked 12ms
05-20 10:40:55.658 D/dalvikvm( 1468): WAIT_FOR_CONCURRENT_GC blocked 29ms
05-20 10:40:55.838 D/dalvikvm( 1468): GC_CONCURRENT freed 721K, 8% free 11217K/12104K, paused 5ms+5ms, total 55ms
05-20 10:40:55.838 D/dalvikvm( 1468): WAIT_FOR_CONCURRENT_GC blocked 2ms
05-20 10:40:55.838 D/dalvikvm( 1468): WAIT_FOR_CONCURRENT_GC blocked 25ms
05-20 10:40:55.838 D/dalvikvm( 1468): WAIT_FOR_CONCURRENT_GC blocked 22ms
05-20 10:40:56.017 D/dalvikvm( 1468): GC_CONCURRENT freed 739K, 7% free 11263K/12108K, paused 3ms+3ms, total 59ms
05-20 10:40:56.017 D/dalvikvm( 1468): WAIT_FOR_CONCURRENT_GC blocked 25ms
05-20 10:40:56.017 D/dalvikvm( 1468): WAIT_FOR_CONCURRENT_GC blocked 17ms
05-20 10:40:56.150 D/dalvikvm( 1468): GC_CONCURRENT freed 1957K, 18% free 10090K/12160K, paused 6ms+3ms, total 51ms
05-20 10:40:56.150 D/dalvikvm( 1468): WAIT_FOR_CONCURRENT_GC blocked 42ms
05-20 10:40:56.150 I/dalvikvm-heap( 1468): Grow heap (frag case) to 10.000MB for 51590-byte allocation
05-20 10:40:56.174 D/dalvikvm( 1468): GC_FOR_ALLOC freed 82K, 18% free 10058K/12212K, paused 24ms, total 24ms
05-20 10:40:56.174 D/dalvikvm( 1468): WAIT_FOR_CONCURRENT_GC blocked 60ms
05-20 10:40:56.205 D/dalvikvm( 1468): GC_FOR_ALLOC freed 86K, 18% free 10040K/12212K, paused 22ms, total 23ms
05-20 10:40:56.205 I/dalvikvm-heap( 1468): Grow heap (frag case) to 9.975MB for 77380-byte allocation
05-20 10:40:56.221 D/dalvikvm( 1468): GC_FOR_ALLOC freed 0K, 18% free 10116K/12288K, paused 18ms, total 18ms
05-20 10:40:56.252 D/dalvikvm( 1468): GC_FOR_ALLOC freed 155K, 19% free 10068K/12288K, paused 22ms, total 23ms
05-20 10:40:56.252 I/dalvikvm-heap( 1468): Grow heap (frag case) to 10.040MB for 116066-byte allocation
05-20 10:40:56.275 D/dalvikvm( 1468): GC_FOR_ALLOC freed <1K, 18% free 10181K/12404K, paused 18ms, total 18ms
05-20 10:40:56.299 D/dalvikvm( 1468): GC_FOR_ALLOC freed 242K, 19% free 10106K/12404K, paused 23ms, total 24ms
05-20 10:40:56.338 D/dalvikvm( 1468): GC_FOR_ALLOC freed 327K, 19% free 10162K/12404K, paused 26ms, total 26ms
05-20 10:40:56.338 I/dalvikvm-heap( 1468): Grow heap (frag case) to 10.270MB for 261136-byte allocation
05-20 10:40:56.353 D/dalvikvm( 1468): GC_FOR_ALLOC freed <1K, 18% free 10417K/12660K, paused 20ms, total 20ms
05-20 10:40:56.385 D/dalvikvm( 1468): GC_FOR_ALLOC freed 301K, 20% free 10243K/12660K, paused 26ms, total 26ms
05-20 10:40:56.385 I/dalvikvm-heap( 1468): Grow heap (frag case) to 10.296MB for 205426-byte allocation
05-20 10:40:56.408 D/dalvikvm( 1468): GC_FOR_ALLOC freed <1K, 19% free 10444K/12864K, paused 22ms, total 22ms
05-20 10:40:56.471 D/dalvikvm( 1468): GC_FOR_ALLOC freed 931K, 24% free 9777K/12864K, paused 30ms, total 30ms
05-20 10:40:56.471 I/dalvikvm-heap( 1468): Grow heap (frag case) to 10.644MB for 1048592-byte allocation
05-20 10:40:56.502 D/dalvikvm( 1468): GC_FOR_ALLOC freed <1K, 23% free 10800K/13892K, paused 28ms, total 28ms
05-20 10:40:56.556 D/dalvikvm( 1468): GC_CONCURRENT freed 106K, 23% free 10829K/13892K, paused 7ms+10ms, total 53ms
05-20 10:40:56.760 D/dalvikvm(  374): GC_EXPLICIT freed 2036K, 24% free 20565K/26804K, paused 3ms+10ms, total 110ms
05-20 10:40:56.978 D/dalvikvm(25240): GC_CONCURRENT freed 386K, 5% free 8945K/9372K, paused 2ms+1ms, total 19ms
05-20 10:40:57.244 D/dalvikvm( 1468): GC_CONCURRENT freed 1658K, 30% free 9800K/13892K, paused 3ms+3ms, total 45ms
05-20 10:40:57.447 D/dalvikvm( 1468): GC_CONCURRENT freed 368K, 29% free 9954K/13892K, paused 3ms+3ms, total 67ms
05-20 10:40:57.447 D/dalvikvm( 1468): WAIT_FOR_CONCURRENT_GC blocked 30ms
05-20 10:40:57.674 D/dalvikvm( 1468): GC_CONCURRENT freed 469K, 29% free 9986K/13892K, paused 3ms+3ms, total 47ms
05-20 10:40:57.674 D/dalvikvm( 1468): WAIT_FOR_CONCURRENT_GC blocked 27ms
05-20 10:40:57.674 I/dalvikvm-heap( 1468): Grow heap (frag case) to 10.826MB for 1024016-byte allocation
05-20 10:40:57.705 D/dalvikvm( 1468): GC_FOR_ALLOC freed 1167K, 30% free 9819K/13892K, paused 27ms, total 27ms
05-20 10:40:57.791 D/dalvikvm( 1468): GC_CONCURRENT freed 682K, 31% free 9649K/13892K, paused 7ms+4ms, total 41ms
05-20 10:40:57.791 D/dalvikvm( 1468): WAIT_FOR_CONCURRENT_GC blocked 13ms
05-20 10:40:57.791 D/dalvikvm( 1468): WAIT_FOR_CONCURRENT_GC blocked 8ms
05-20 10:40:57.861 D/dalvikvm( 1468): GC_CONCURRENT freed 511K, 31% free 9650K/13892K, paused 4ms+3ms, total 33ms
05-20 10:40:57.861 D/dalvikvm( 1468): WAIT_FOR_CONCURRENT_GC blocked 6ms
05-20 10:40:57.861 D/dalvikvm( 1468): WAIT_FOR_CONCURRENT_GC blocked 8ms
05-20 10:40:57.924 D/dalvikvm( 1468): GC_CONCURRENT freed 493K, 31% free 9648K/13892K, paused 4ms+2ms, total 32ms
05-20 10:40:57.924 D/dalvikvm( 1468): WAIT_FOR_CONCURRENT_GC blocked 14ms
05-20 10:40:57.924 I/dalvikvm-heap( 1468): Grow heap (frag case) to 10.496MB for 1024016-byte allocation
05-20 10:40:57.947 D/dalvikvm( 1468): GC_FOR_ALLOC freed 30K, 24% free 10618K/13892K, paused 21ms, total 21ms
05-20 10:40:58.096 D/dalvikvm( 1468): GC_CONCURRENT freed 1498K, 31% free 9663K/13892K, paused 3ms+5ms, total 36ms
05-20 10:40:58.221 D/dalvikvm( 1468): GC_CONCURRENT freed 427K, 31% free 9649K/13892K, paused 3ms+2ms, total 24ms
05-20 10:40:58.346 D/dalvikvm( 1468): GC_CONCURRENT freed 384K, 31% free 9700K/13892K, paused 2ms+4ms, total 23ms
05-20 10:40:58.502 D/dalvikvm( 1468): GC_CONCURRENT freed 470K, 31% free 9657K/13892K, paused 3ms+4ms, total 25ms
05-20 10:40:58.728 D/dalvikvm( 1468): GC_CONCURRENT freed 481K, 31% free 9657K/13892K, paused 5ms+7ms, total 45ms
05-20 10:40:58.963 D/dalvikvm( 1468): GC_CONCURRENT freed 428K, 31% free 9656K/13892K, paused 4ms+3ms, total 37ms
05-20 10:40:59.166 D/dalvikvm( 1468): GC_CONCURRENT freed 455K, 31% free 9682K/13892K, paused 3ms+7ms, total 44ms
05-20 10:40:59.369 D/dalvikvm( 1468): GC_CONCURRENT freed 482K, 31% free 9654K/13892K, paused 3ms+3ms, total 30ms
05-20 10:40:59.541 D/dalvikvm( 1468): GC_CONCURRENT freed 455K, 31% free 9652K/13892K, paused 4ms+4ms, total 33ms
05-20 10:40:59.705 D/dalvikvm( 1468): GC_CONCURRENT freed 429K, 31% free 9677K/13892K, paused 4ms+5ms, total 33ms
05-20 10:40:59.892 D/dalvikvm( 1468): GC_CONCURRENT freed 508K, 31% free 9676K/13892K, paused 4ms+4ms, total 44ms
05-20 10:41:00.424 D/AndroidRuntime(26376): 
05-20 10:41:00.424 D/AndroidRuntime(26376): >>>>>> AndroidRuntime START com.android.internal.os.RuntimeInit <<<<<<
05-20 10:41:00.424 D/AndroidRuntime(26376): CheckJNI is OFF
05-20 10:41:00.431 D/dalvikvm(26376): Trying to load lib libjavacore.so 0x0
05-20 10:41:00.431 D/dalvikvm(26376): Added shared lib libjavacore.so 0x0
05-20 10:41:00.447 D/dalvikvm(26376): Trying to load lib libnativehelper.so 0x0
05-20 10:41:00.447 D/dalvikvm(26376): Added shared lib libnativehelper.so 0x0
05-20 10:41:00.471 D/dalvikvm( 1468): GC_CONCURRENT freed 560K, 31% free 9627K/13892K, paused 74ms+3ms, total 366ms
05-20 10:41:00.471 D/dalvikvm( 1468): WAIT_FOR_CONCURRENT_GC blocked 317ms
05-20 10:41:00.642 D/AndroidRuntime(26376): Calling main entry com.android.commands.am.Am
05-20 10:41:00.642 D/dalvikvm(26376): Note: class Landroid/app/ActivityManagerNative; has 163 unimplemented (abstract) methods
05-20 10:41:00.650 D/AndroidRuntime(26376): Shutting down VM
05-20 10:41:00.658 D/dalvikvm(26376): GC_CONCURRENT freed 91K, 16% free 514K/608K, paused 0ms+0ms, total 3ms
05-20 10:41:00.721 D/dalvikvm( 1468): GC_CONCURRENT freed 458K, 31% free 9675K/13892K, paused 3ms+12ms, total 52ms
05-20 10:41:01.056 D/dalvikvm( 1468): GC_CONCURRENT freed 508K, 31% free 9674K/13892K, paused 3ms+7ms, total 184ms
05-20 10:41:01.197 D/AndroidRuntime(26388): 
05-20 10:41:01.197 D/AndroidRuntime(26388): >>>>>> AndroidRuntime START com.android.internal.os.RuntimeInit <<<<<<
05-20 10:41:01.197 D/AndroidRuntime(26388): CheckJNI is OFF
05-20 10:41:01.205 D/dalvikvm(26388): Trying to load lib libjavacore.so 0x0
05-20 10:41:01.213 D/dalvikvm(26388): Added shared lib libjavacore.so 0x0
05-20 10:41:01.221 D/dalvikvm(26388): Trying to load lib libnativehelper.so 0x0
05-20 10:41:01.221 D/dalvikvm(26388): Added shared lib libnativehelper.so 0x0
05-20 10:41:01.392 D/AndroidRuntime(26388): Calling main entry com.android.commands.am.Am
05-20 10:41:01.392 D/dalvikvm(26388): Note: class Landroid/app/ActivityManagerNative; has 163 unimplemented (abstract) methods
05-20 10:41:01.439 D/dalvikvm( 1468): GC_CONCURRENT freed 533K, 31% free 9648K/13892K, paused 3ms+4ms, total 45ms
05-20 10:41:01.611 D/dalvikvm( 1468): GC_CONCURRENT freed 430K, 31% free 9618K/13892K, paused 2ms+3ms, total 23ms
05-20 10:41:01.744 D/AndroidRuntime(26401): 
05-20 10:41:01.744 D/AndroidRuntime(26401): >>>>>> AndroidRuntime START com.android.internal.os.RuntimeInit <<<<<<
05-20 10:41:01.744 D/AndroidRuntime(26401): CheckJNI is OFF
05-20 10:41:01.752 D/dalvikvm(26401): Trying to load lib libjavacore.so 0x0
05-20 10:41:01.760 D/dalvikvm(26401): Added shared lib libjavacore.so 0x0
05-20 10:41:01.767 D/dalvikvm(26401): Trying to load lib libnativehelper.so 0x0
05-20 10:41:01.767 D/dalvikvm(26401): Added shared lib libnativehelper.so 0x0
05-20 10:41:01.799 D/dalvikvm( 1468): GC_CONCURRENT freed 508K, 31% free 9618K/13892K, paused 4ms+12ms, total 58ms
05-20 10:41:01.931 D/AndroidRuntime(26401): Calling main entry com.android.commands.am.Am
05-20 10:41:01.939 D/dalvikvm(26401): Note: class Landroid/app/ActivityManagerNative; has 163 unimplemented (abstract) methods
05-20 10:41:01.947 W/BroadcastQueue(  374): Failure [background] sending broadcast result of Intent { act=com.qihoo360.mobilesafe.NotifyDaemonStop flg=0x10 }
05-20 10:41:01.947 W/BroadcastQueue(  374): android.os.DeadObjectException
05-20 10:41:01.947 W/BroadcastQueue(  374): 	at android.os.BinderProxy.transact(Native Method)
05-20 10:41:01.947 W/BroadcastQueue(  374): 	at android.content.IIntentReceiver$Stub$Proxy.performReceive(IIntentReceiver.java:124)
05-20 10:41:01.947 W/BroadcastQueue(  374): 	at com.android.server.am.BroadcastQueue.performReceiveLocked(BroadcastQueue.java:376)
05-20 10:41:01.947 W/BroadcastQueue(  374): 	at com.android.server.am.BroadcastQueue.processNextBroadcast(BroadcastQueue.java:599)
05-20 10:41:01.947 W/BroadcastQueue(  374): 	at com.android.server.am.ActivityManagerService.finishReceiver(ActivityManagerService.java:12390)
05-20 10:41:01.947 W/BroadcastQueue(  374): 	at android.app.ActivityManagerNative.onTransact(ActivityManagerNative.java:379)
05-20 10:41:01.947 W/BroadcastQueue(  374): 	at com.android.server.am.ActivityManagerService.onTransact(ActivityManagerService.java:1737)
05-20 10:41:01.947 W/BroadcastQueue(  374): 	at android.os.Binder.execTransact(Binder.java:388)
05-20 10:41:01.947 W/BroadcastQueue(  374): 	at dalvik.system.NativeStart.run(Native Method)
05-20 10:41:02.033 D/dalvikvm( 1468): GC_CONCURRENT freed 405K, 31% free 9640K/13892K, paused 3ms+3ms, total 22ms
05-20 10:41:02.181 D/dalvikvm( 1468): GC_CONCURRENT freed 428K, 31% free 9639K/13892K, paused 3ms+3ms, total 23ms
05-20 10:41:02.361 D/dalvikvm( 1468): GC_CONCURRENT freed 428K, 31% free 9637K/13892K, paused 2ms+2ms, total 19ms
05-20 10:41:02.541 D/dalvikvm( 1468): GC_CONCURRENT freed 428K, 31% free 9663K/13892K, paused 5ms+7ms, total 38ms
05-20 10:41:02.697 D/dalvikvm( 1468): GC_CONCURRENT freed 429K, 31% free 9661K/13892K, paused 3ms+5ms, total 23ms
05-20 10:41:02.846 D/dalvikvm( 1468): GC_CONCURRENT freed 455K, 31% free 9633K/13892K, paused 3ms+2ms, total 23ms
05-20 10:41:03.002 D/dalvikvm( 1468): GC_CONCURRENT freed 429K, 31% free 9658K/13892K, paused 4ms+4ms, total 28ms
05-20 10:41:03.174 D/dalvikvm( 1468): GC_CONCURRENT freed 455K, 31% free 9630K/13892K, paused 4ms+2ms, total 25ms
05-20 10:41:03.322 D/dalvikvm( 1468): GC_CONCURRENT freed 402K, 31% free 9655K/13892K, paused 3ms+5ms, total 24ms
05-20 10:41:03.471 D/dalvikvm( 1468): GC_CONCURRENT freed 454K, 31% free 9627K/13892K, paused 3ms+3ms, total 23ms
05-20 10:41:03.642 D/dalvikvm( 1468): GC_CONCURRENT freed 429K, 31% free 9652K/13892K, paused 3ms+6ms, total 27ms
05-20 10:41:15.408 D/dalvikvm( 1468): GC_CONCURRENT freed 479K, 21% free 9625K/12104K, paused 6ms+5ms, total 44ms
05-20 10:41:22.791 D/LightsService(  374): Excessive delay setting light: 66ms
05-20 10:41:25.736 D/dalvikvm(10683): GC_CONCURRENT freed 738K, 9% free 9510K/10428K, paused 2ms+1ms, total 18ms
05-20 10:41:28.635 I/PowerManagerService(  374): Going to sleep due to screen timeout...
05-20 10:41:28.681 D/dalvikvm(24876): GC_CONCURRENT freed 387K, 5% free 9527K/9980K, paused 2ms+1ms, total 39ms
05-20 10:41:29.306 D/SurfaceFlinger(  124): Screen released, type=0 flinger=0x40e95478
05-20 10:41:29.330 W/Parcel  ( 1661): Attempt to read object from Parcel 0x6013bdac at offset 200 that is not in the object list
05-20 10:41:29.338 D/NfcService(  568): NFC-C OFF, disconnect
05-20 10:41:29.556 V/MDM :   (12519): [null:-1]->Screen receiver is called.
05-20 10:41:29.564 W/Parcel  ( 1661): Attempt to read object from Parcel 0x5dfd3dac at offset 200 that is not in the object list
05-20 10:41:29.564 V/WiseDownloadConditionControler(10785): checkCondition  type : TODAY_LAUNCHED_USER  inerrupting: false
05-20 10:41:29.572 W/Parcel  ( 1661): Attempt to read object from Parcel 0x6013bdac at offset 200 that is not in the object list
05-20 10:41:34.330 I/ActivityManager(  374): Start proc com.google.android.deskclock for service com.google.android.deskclock/com.android.alarmclock.DigitalAppWidgetService: pid=26417 uid=10013 gids={50013, 1028}
05-20 10:41:34.549 D/dalvikvm(  374): GC_CONCURRENT freed 1842K, 20% free 21638K/26804K, paused 8ms+16ms, total 182ms
05-20 10:41:34.549 D/dalvikvm(  374): WAIT_FOR_CONCURRENT_GC blocked 164ms
05-20 10:41:34.564 V/KeyguardHostView(  374): hide transport, gen:1
05-20 10:41:34.564 V/KeyguardHostView(  374): music state changed: 0
05-20 10:41:34.588 D/PhoneStatusBar(  448): disable: < expand icons alerts ticker system_info back home RECENT* clock SEARCH* >
05-20 10:41:34.603 V/TAG     (  374): bug 7643792: fitSystemWindows([0,50][0,0])
05-20 10:41:34.658 D/PhoneStatusBar(  448): disable: < expand icons alerts ticker system_info BACK* HOME* RECENT CLOCK* SEARCH >
05-20 10:41:42.127 D/AndroidRuntime(26438): 
05-20 10:41:42.127 D/AndroidRuntime(26438): >>>>>> AndroidRuntime START com.android.internal.os.RuntimeInit <<<<<<
05-20 10:41:42.127 D/AndroidRuntime(26438): CheckJNI is OFF
05-20 10:41:42.142 D/dalvikvm(26438): Trying to load lib libjavacore.so 0x0
05-20 10:41:42.150 D/dalvikvm(26438): Added shared lib libjavacore.so 0x0
05-20 10:41:42.166 D/dalvikvm(26438): Trying to load lib libnativehelper.so 0x0
05-20 10:41:42.166 D/dalvikvm(26438): Added shared lib libnativehelper.so 0x0
05-20 10:41:42.197 I/dalvikvm(26438): DexOpt: source file mod time mismatch (44b39203 vs 44b45530)
05-20 10:41:42.197 D/dalvikvm(26438): ODEX file is stale or bad; removing and retrying (/data/local/tmp/dalvik-cache/data@local@tmp@MDMMobileTest.jar@classes.dex)
05-20 10:41:42.197 D/dalvikvm(26438): DexOpt: --- BEGIN 'MDMMobileTest.jar' (bootstrap=0) ---
05-20 10:41:42.252 D/dalvikvm(26439): DexOpt: load 7ms, verify+opt 3ms, 122220 bytes
05-20 10:41:42.275 D/dalvikvm(26438): DexOpt: --- END 'MDMMobileTest.jar' (success) ---
05-20 10:41:42.275 D/dalvikvm(26438): DEX prep '/data/local/tmp/MDMMobileTest.jar': unzip in 2ms, rewrite 77ms
05-20 10:41:42.510 D/AndroidRuntime(26438): Calling main entry com.android.commands.uiautomator.Launcher
05-20 10:41:42.572 D/dalvikvm(26438): Note: class Landroid/app/ActivityManagerNative; has 163 unimplemented (abstract) methods
05-20 10:41:42.650 I/PowerManagerService(  374): Waking up from sleep...
05-20 10:41:42.775 I/WindowManager(  374): Lock screen displayed!
05-20 10:41:42.814 D/dalvikvm(  448): GC_FOR_ALLOC freed 942K, 15% free 13935K/16312K, paused 54ms, total 54ms
05-20 10:41:42.885 W/Parcel  ( 1661): Attempt to read object from Parcel 0x5ec3bdac at offset 200 that is not in the object list
05-20 10:41:42.892 W/Parcel  ( 1661): Attempt to read object from Parcel 0x6003bdac at offset 200 that is not in the object list
05-20 10:41:43.002 W/Settings( 1661): Setting airplane_mode_on has moved from android.provider.Settings.System to android.provider.Settings.Global, returning read-only value.
05-20 10:41:43.017 V/WiseDownloadConditionControler(10785): checkCondition  type : WISE_DOWNLOAD  inerrupting: true
05-20 10:41:43.025 W/Parcel  ( 1661): Attempt to read object from Parcel 0x6003bdac at offset 200 that is not in the object list
05-20 10:41:43.064 D/PowerManagerService-JNI(  374): Excessive delay in autosuspend_disable() while turning screen on: 397ms
05-20 10:41:43.064 D/SurfaceFlinger(  124): Screen acquired, type=0 flinger=0x40e95478
05-20 10:41:43.096 V/DigitalWidgetViewsFactory(26417): DigitalWidget sets next alarm string to null
05-20 10:41:43.119 D/dalvikvm( 1661): GC_CONCURRENT freed 1357K, 18% free 13149K/15888K, paused 10ms+5ms, total 126ms
05-20 10:41:43.119 D/dalvikvm( 1661): WAIT_FOR_CONCURRENT_GC blocked 56ms
05-20 10:41:43.119 D/dalvikvm( 1661): WAIT_FOR_CONCURRENT_GC blocked 79ms
05-20 10:41:43.135 D/LightsService(  374): Excessive delay setting light: 68ms
05-20 10:41:43.299 I/dalvikvm(26438): threadid=1: stack overflow on call to Landroid/os/Parcel;.nativeWriteInterfaceToken:VIL
05-20 10:41:43.299 I/dalvikvm(26438):   method requires 8+20+0=28 bytes, fp is 0x57b5c314 (20 left)
05-20 10:41:43.299 I/dalvikvm(26438):   expanding stack end (0x57b5c300 to 0x57b5c000)
05-20 10:41:43.299 I/dalvikvm(26438): Shrank stack (to 0x57b5c300, curFrame is 0x57b61cb4)
05-20 10:41:43.463 I/AndroidRuntime(26438): VM exiting with result code 0.
05-20 10:41:54.892 D/dalvikvm(10785): GC_CONCURRENT freed 404K, 6% free 9894K/10488K, paused 3ms+2ms, total 29ms
05-20 10:41:55.135 W/MountService(  374): getVolumeState(/storage/emulated/0/external_sd): Unknown volume
05-20 10:41:55.135 W/MountService(  374): getVolumeState(/mnt/sdcard-ext): Unknown volume
05-20 10:41:55.135 W/MountService(  374): getVolumeState(/mnt/ext_sdcard): Unknown volume
05-20 10:41:55.135 W/MountService(  374): getVolumeState(/mnt/sdcard2): Unknown volume
05-20 10:41:55.135 W/MountService(  374): getVolumeState(/mnt/emmc): Unknown volume
05-20 10:41:55.135 W/MountService(  374): getVolumeState(/mnt/extSdCard): Unknown volume
05-20 10:41:55.142 W/MountService(  374): getVolumeState(/mnt/sdcard/SD_CARD): Unknown volume
05-20 10:41:55.142 W/MountService(  374): getVolumeState(/mnt/sdcard/extra_sd): Unknown volume
05-20 10:41:55.142 W/MountService(  374): getVolumeState(/mnt/extrasd_bind): Unknown volume
05-20 10:41:55.142 W/MountService(  374): getVolumeState(/mnt/sdcard/ext_sd): Unknown volume
05-20 10:41:55.142 W/MountService(  374): getVolumeState(/storage/extSdCard): Unknown volume
05-20 10:41:55.142 W/MountService(  374): getVolumeState(/storage/sdcard1): Unknown volume
05-20 10:41:55.150 W/MountService(  374): getVolumeState(/mnt/sdcard/external_SD): Unknown volume
05-20 10:41:55.150 W/MountService(  374): getVolumeState(/mnt/sdcard/external_sd): Unknown volume
05-20 10:41:55.197 D/dalvikvm( 1468): GC_CONCURRENT freed 405K, 21% free 9666K/12104K, paused 3ms+7ms, total 43ms
05-20 10:41:55.455 W/MountService(  374): getVolumeState(/storage/emulated/0/external_sd): Unknown volume
05-20 10:41:55.455 W/MountService(  374): getVolumeState(/mnt/sdcard-ext): Unknown volume
05-20 10:41:55.455 W/MountService(  374): getVolumeState(/mnt/ext_sdcard): Unknown volume
05-20 10:41:55.463 W/MountService(  374): getVolumeState(/mnt/sdcard2): Unknown volume
05-20 10:41:55.463 W/MountService(  374): getVolumeState(/mnt/emmc): Unknown volume
05-20 10:41:55.463 W/MountService(  374): getVolumeState(/mnt/extSdCard): Unknown volume
05-20 10:41:55.463 W/MountService(  374): getVolumeState(/mnt/sdcard/SD_CARD): Unknown volume
05-20 10:41:55.463 W/MountService(  374): getVolumeState(/mnt/sdcard/extra_sd): Unknown volume
05-20 10:41:55.463 W/MountService(  374): getVolumeState(/mnt/extrasd_bind): Unknown volume
05-20 10:41:55.463 W/MountService(  374): getVolumeState(/mnt/sdcard/ext_sd): Unknown volume
05-20 10:41:55.463 W/MountService(  374): getVolumeState(/storage/extSdCard): Unknown volume
05-20 10:41:55.463 W/MountService(  374): getVolumeState(/storage/sdcard1): Unknown volume
05-20 10:41:55.463 W/MountService(  374): getVolumeState(/mnt/sdcard/external_SD): Unknown volume
05-20 10:41:55.463 W/MountService(  374): getVolumeState(/mnt/sdcard/external_sd): Unknown volume
05-20 10:41:55.486 D/dalvikvm( 1468): GC_CONCURRENT freed 530K, 21% free 9648K/12104K, paused 3ms+4ms, total 39ms
05-20 10:41:55.486 D/dalvikvm( 1468): WAIT_FOR_CONCURRENT_GC blocked 15ms
05-20 10:41:55.486 D/dalvikvm( 1468): WAIT_FOR_CONCURRENT_GC blocked 16ms
05-20 10:41:59.580 V/WiseDownloadConditionControler(10785): checkCondition  type : WISE_DOWNLOAD  inerrupting: true
05-20 10:41:59.580 W/Parcel  ( 1661): Attempt to read object from Parcel 0x6013bdac at offset 200 that is not in the object list
05-20 10:41:59.588 W/Parcel  ( 1661): Attempt to read object from Parcel 0x5ded3dac at offset 200 that is not in the object list
05-20 10:42:03.174 D/MDM :   (12519): [null:-1]->MSG_WEBSOCKET_MESSAGE : {"id":-1325409958,"type":0,"command":0,"result":0,"reason":0,"params":{"msgId":"cee24c57-e6e2-489d-8082-d1d0fbdbc484,cee24c57e6e2489d8082d1d0fbdbc484","device":"00013fbc8ecec5b90000014613abe64a","message":"{\"cmd\":\"10119\"}"}}
05-20 10:42:03.197 D/MdmService(12519): [null:-1]->push message type :0
05-20 10:42:03.197 D/MdmService(12519): [null:-1]->cmdMessage : {"cmd":"10119"}
05-20 10:42:03.197 D/MdmService(12519): [null:-1]->command : PushCommandMsg{cmd='10119', msg='null'}
05-20 10:42:03.197 D/MdmStatusManager(12519): [null:-1]->change status to : Busy
05-20 10:42:03.205 I/TransInfo(12519): TransInfo created, id: 3, class: class com.pekall.emdm.transaction.c.b
05-20 10:42:03.205 D/NetworkThread(12519): [null:-1]->----isRunning-----true
05-20 10:42:03.205 D/NetworkThread(12519): [null:-1]->----isRunning-----true
05-20 10:42:03.205 D/NetworkThread(12519): [null:-1]->thread wakeup
05-20 10:42:03.228 D/NetworkThread(12519): [null:-1]->sendHttpPost:PostRequest, url: http://192.168.10.21/rest/mdm/v1/ios/android_server, Params: [content:<?xml version="1.0" encoding="UTF-8"?>
05-20 10:42:03.228 D/NetworkThread(12519): <!DOCTYPE plist PUBLIC "-//Apple//DTD PLIST 1.0//EN" "http://www.apple.com/DTDs/PropertyList-1.0.dtd">
05-20 10:42:03.228 D/NetworkThread(12519): <plist version="1.0">
05-20 10:42:03.228 D/NetworkThread(12519): <dict>
05-20 10:42:03.228 D/NetworkThread(12519): 	<key>Status</key>
05-20 10:42:03.228 D/NetworkThread(12519): 	<string>Idle</string>
05-20 10:42:03.228 D/NetworkThread(12519): 	<key>UDID</key>
05-20 10:42:03.228 D/NetworkThread(12519): 	<string>00013fbc8ecec5b90000014613abe64a</string>
05-20 10:42:03.228 D/NetworkThread(12519): </dict>
05-20 10:42:03.228 D/NetworkThread(12519): </plist>], 
05-20 10:42:03.228 D/HttpClient(12519): enable apache.http debug
05-20 10:42:03.236 V/DEBUG   (12519): HTTP 0
05-20 10:42:03.814 D/MDM :   (12519): [null:-1]->statusCode : 200
05-20 10:42:03.814 D/MDM :   (12519): [null:-1]->statusCode : 200
05-20 10:42:03.814 V/DEBUG   (12519): HTTP 1
05-20 10:42:03.822 D/MDM :   (12519): [null:-1]->read network input stream
05-20 10:42:03.830 D/MDM :   (12519): [null:-1]->Get joson string: <?xml version="1.0" encoding="UTF-8"?>
05-20 10:42:03.830 D/MDM :   (12519): <!DOCTYPE plist PUBLIC "-//Apple//DTD PLIST 1.0//EN" "http://www.apple.com/DTDs/PropertyList-1.0.dtd">
05-20 10:42:03.830 D/MDM :   (12519): <plist version="1.0">
05-20 10:42:03.830 D/MDM :   (12519): <dict>
05-20 10:42:03.830 D/MDM :   (12519): 	<key>CommandUUID</key>
05-20 10:42:03.830 D/MDM :   (12519): 	<string>a3c1c250-70b8-4e1d-a7da-3474f4b442a1</string>
05-20 10:42:03.830 D/MDM :   (12519): 	<key>Command</key>
05-20 10:42:03.830 D/MDM :   (12519): 	<dict>
05-20 10:42:03.830 D/MDM :   (12519): 		<key>RequestType</key>
05-20 10:42:03.830 D/MDM :   (12519): 		<string>SelectErase</string>
05-20 10:42:03.830 D/MDM :   (12519): 	</dict>
05-20 10:42:03.830 D/MDM :   (12519): </dict>
05-20 10:42:03.830 D/MDM :   (12519): </plist>
05-20 10:42:03.846 D/CheckInTransInfo(12519): [null:-1]->CommandMsg : CommandMsg{CommandUUID='a3c1c250-70b8-4e1d-a7da-3474f4b442a1', Command=CommandObject{RequestType='SelectErase'}}
05-20 10:42:03.877 D/NetworkThread(12519): [null:-1]->clear mCurrentTransInfo
05-20 10:42:03.877 D/NetworkThread(12519): [null:-1]->queue is empty, thread wait...
05-20 10:42:03.978 D/MdmService(12519): [null:-1]->handleCheckInResult
05-20 10:42:03.978 D/MdmService(12519): [null:-1]->handleCheckInResult result keyIndex: 3
05-20 10:42:03.978 D/CommandManager(12519): [null:-1]->execute command: CommandMsg{CommandUUID='a3c1c250-70b8-4e1d-a7da-3474f4b442a1', Command=CommandObject{RequestType='SelectErase'}}
05-20 10:42:03.994 D/CommandManager(12519): [null:-1]->requestType: SelectErase
05-20 10:42:04.025 W/Parcel  ( 1661): Attempt to read object from Parcel 0x5ded3dac at offset 200 that is not in the object list
05-20 10:42:04.041 D/MdmDatabaseHelper(12519): [null:-1]->update command a3c1c250-70b8-4e1d-a7da-3474f4b442a1 to status executed
05-20 10:42:04.064 I/TransInfo(12519): TransInfo created, id: 3, class: class com.pekall.emdm.transaction.c.b
05-20 10:42:04.064 D/NetworkThread(12519): [null:-1]->----isRunning-----true
05-20 10:42:04.064 D/NetworkThread(12519): [null:-1]->----isRunning-----true
05-20 10:42:04.064 D/NetworkThread(12519): [null:-1]->thread wakeup
05-20 10:42:04.064 D/NetworkThread(12519): [null:-1]->sendHttpPost:PostRequest, url: http://192.168.10.21/rest/mdm/v1/ios/android_server, Params: [content:<?xml version="1.0" encoding="UTF-8"?>
05-20 10:42:04.064 D/NetworkThread(12519): <!DOCTYPE plist PUBLIC "-//Apple//DTD PLIST 1.0//EN" "http://www.apple.com/DTDs/PropertyList-1.0.dtd">
05-20 10:42:04.064 D/NetworkThread(12519): <plist version="1.0">
05-20 10:42:04.064 D/NetworkThread(12519): <dict>
05-20 10:42:04.064 D/NetworkThread(12519): 	<key>CommandUUID</key>
05-20 10:42:04.064 D/NetworkThread(12519): 	<string>a3c1c250-70b8-4e1d-a7da-3474f4b442a1</string>
05-20 10:42:04.064 D/NetworkThread(12519): 	<key>Status</key>
05-20 10:42:04.064 D/NetworkThread(12519): 	<string>Acknowledged</string>
05-20 10:42:04.064 D/NetworkThread(12519): 	<key>UDID</key>
05-20 10:42:04.064 D/NetworkThread(12519): 	<string>00013fbc8ecec5b90000014613abe64a</string>
05-20 10:42:04.064 D/NetworkThread(12519): </dict>
05-20 10:42:04.064 D/NetworkThread(12519): </plist>], 
05-20 10:42:04.064 D/HttpClient(12519): enable apache.http debug
05-20 10:42:04.072 V/DEBUG   (12519): HTTP 0
05-20 10:42:04.291 D/MDM :   (12519): [null:-1]->statusCode : 200
05-20 10:42:04.291 D/MDM :   (12519): [null:-1]->statusCode : 200
05-20 10:42:04.291 V/DEBUG   (12519): HTTP 1
05-20 10:42:04.291 D/MDM :   (12519): [null:-1]->Get joson string: 
05-20 10:42:04.291 D/MdmDatabaseHelper(12519): [null:-1]->update command a3c1c250-70b8-4e1d-a7da-3474f4b442a1 to status executed
05-20 10:42:04.322 D/NetworkThread(12519): [null:-1]->clear mCurrentTransInfo
05-20 10:42:04.322 D/NetworkThread(12519): [null:-1]->queue is empty, thread wait...
05-20 10:42:04.392 D/MdmService(12519): [null:-1]->handleCheckInResult
05-20 10:42:04.392 D/MdmService(12519): [null:-1]->handleCheckInResult result keyIndex: 3
05-20 10:42:04.392 D/HandleCommandTask(12519): [null:-1]->execute command msg but beanBase is null
05-20 10:42:04.392 D/MdmStatusManager(12519): [null:-1]->change status to : Idle
05-20 10:42:06.799 D/LightsService(  374): Excessive delay setting light: 67ms
05-20 10:42:12.658 I/PowerManagerService(  374): Going to sleep due to screen timeout...
05-20 10:42:13.299 D/SurfaceFlinger(  124): Screen released, type=0 flinger=0x40e95478
05-20 10:42:13.377 W/Parcel  ( 1661): Attempt to read object from Parcel 0x5ded3dac at offset 200 that is not in the object list
05-20 10:42:13.424 V/KeyguardHostView(  374): hide transport, gen:1
05-20 10:42:13.424 V/KeyguardHostView(  374): music state changed: 0
05-20 10:42:13.478 V/MDM :   (12519): [null:-1]->Screen receiver is called.
05-20 10:42:13.486 V/WiseDownloadConditionControler(10785): checkCondition  type : TODAY_LAUNCHED_USER  inerrupting: false
05-20 10:42:13.494 W/Parcel  ( 1661): Attempt to read object from Parcel 0x6013bdac at offset 200 that is not in the object list
05-20 10:42:13.494 W/Parcel  ( 1661): Attempt to read object from Parcel 0x5ded3dac at offset 200 that is not in the object list
05-20 10:42:14.002 D/CmdSelectEraseDevice(12519): [null:-1]->==========select erase device========
05-20 10:42:14.002 W/Parcel  ( 1661): Attempt to read object from Parcel 0x6003bdac at offset 200 that is not in the object list
05-20 10:42:14.010 D/MdmService(12519): [null:-1]->receiver action :com.pekall.mdm.action.SELECT_ERASE
05-20 10:42:14.025 D/mdm_log (12519): [null:-1]->action is : com.pekall.mdm.action.SELECT_ERASE
05-20 10:42:14.033 D/MDM :   (12519): [null:-1]->selectErase start to select eraser data 
05-20 10:42:14.041 V/MdmApp  (12519): [null:-1]->Token for user zhenhua.sang@pekall.com <password '123456', token 'ce7c65355558b88752406165a893c9a31134'> has expired, ask user to re-login
05-20 10:42:14.088 W/Parcel  ( 1661): Attempt to read object from Parcel 0x5ec3bdac at offset 200 that is not in the object list
05-20 10:42:14.088 I/ActivityManager(  374): START u0 {flg=0x10008000 cmp=com.pekall.emdm.launcher/com.pekall.emdm.ui.SplashActivity} from pid 12519
05-20 10:42:14.103 W/Parcel  ( 1661): Attempt to read object from Parcel 0x6003bdac at offset 200 that is not in the object list
05-20 10:42:14.103 V/LauncherApplication(12519): onActivityStarted
05-20 10:42:14.103 D/        (12519): [---null: -1---]     awsa  onActivityResumed
05-20 10:42:14.103 V/LauncherApplication(12519): 2MdmConstant.LAST_LAUNCH_TIME = 1400553107015
05-20 10:42:14.103 W/ActivityManager(  374): Unable to start service Intent { act=com.pekall.mdm.action.SELECT_ERASE } U=0: not found
05-20 10:42:14.119 D/        (12519): [---null: -1---]  activity = com.pekall.emdm.launcher.Launcher
05-20 10:42:14.119 V/LauncherApplication(12519): is not regist
05-20 10:42:14.119 W/Parcel  ( 1661): Attempt to read object from Parcel 0x5ef3bdac at offset 200 that is not in the object list
05-20 10:42:14.119 I/ActivityManager(  374): START u0 {cmp=com.pekall.emdm.launcher/com.pekall.emdm.ui.SplashActivity} from pid 12519
05-20 10:42:14.127 E/LauncherApplication(12519): isShowLogoutUI = true
05-20 10:42:14.127 E/LauncherApplication(12519): LogoutShowTime 1
05-20 10:42:14.127 V/Launcher(12519): onResume1111111 
05-20 10:42:14.127 V/Launcher(12519): is logout ----> 
05-20 10:42:14.127 I/System.out(12519):  
05-20 10:42:14.127 I/System.out(12519): com.pekall.emdm.launcher.Workspace.setWallpaper(Unknown Source)
05-20 10:42:14.127 I/System.out(12519): com.pekall.emdm.launcher.Launcher.onResume(Unknown Source)
05-20 10:42:14.127 I/System.out(12519): android.app.Instrumentation.callActivityOnResume(Instrumentation.java:1192)
05-20 10:42:14.135 I/System.out(12519): android.app.Activity.performResume(Activity.java:5211)
05-20 10:42:14.135 I/System.out(12519): android.app.ActivityThread.performResumeActivity(ActivityThread.java:2780)
05-20 10:42:14.135 I/System.out(12519): android.app.ActivityThread.handleResumeActivi