05-20 10:03:32.041 W/MountService(  374): getVolumeState(/mnt/sdcard/extra_sd): Unknown volume
05-20 10:03:32.049 W/MountService(  374): getVolumeState(/mnt/extrasd_bind): Unknown volume
05-20 10:03:32.049 W/MountService(  374): getVolumeState(/mnt/sdcard/ext_sd): Unknown volume
05-20 10:03:32.049 W/MountService(  374): getVolumeState(/storage/extSdCard): Unknown volume
05-20 10:03:32.049 W/MountService(  374): getVolumeState(/storage/sdcard1): Unknown volume
05-20 10:03:32.049 W/MountService(  374): getVolumeState(/mnt/sdcard/external_SD): Unknown volume
05-20 10:03:32.049 W/MountService(  374): getVolumeState(/mnt/sdcard/external_sd): Unknown volume
05-20 10:03:32.377 W/MountService(  374): getVolumeState(/storage/emulated/0/external_sd): Unknown volume
05-20 10:03:32.385 W/MountService(  374): getVolumeState(/mnt/sdcard-ext): Unknown volume
05-20 10:03:32.385 W/MountService(  374): getVolumeState(/mnt/ext_sdcard): Unknown volume
05-20 10:03:32.385 W/MountService(  374): getVolumeState(/mnt/sdcard2): Unknown volume
05-20 10:03:32.385 W/MountService(  374): getVolumeState(/mnt/emmc): Unknown volume
05-20 10:03:32.385 W/MountService(  374): getVolumeState(/mnt/extSdCard): Unknown volume
05-20 10:03:32.385 W/MountService(  374): getVolumeState(/mnt/sdcard/SD_CARD): Unknown volume
05-20 10:03:32.385 W/MountService(  374): getVolumeState(/mnt/sdcard/extra_sd): Unknown volume
05-20 10:03:32.385 W/MountService(  374): getVolumeState(/mnt/extrasd_bind): Unknown volume
05-20 10:03:32.385 W/MountService(  374): getVolumeState(/mnt/sdcard/ext_sd): Unknown volume
05-20 10:03:32.385 W/MountService(  374): getVolumeState(/storage/extSdCard): Unknown volume
05-20 10:03:32.385 W/MountService(  374): getVolumeState(/storage/sdcard1): Unknown volume
05-20 10:03:32.385 W/MountService(  374): getVolumeState(/mnt/sdcard/external_SD): Unknown volume
05-20 10:03:32.392 W/MountService(  374): getVolumeState(/mnt/sdcard/external_sd): Unknown volume
05-20 10:04:32.174 W/MountService(  374): getVolumeState(/storage/emulated/0/external_sd): Unknown volume
05-20 10:04:32.174 W/MountService(  374): getVolumeState(/mnt/sdcard-ext): Unknown volume
05-20 10:04:32.174 W/MountService(  374): getVolumeState(/mnt/ext_sdcard): Unknown volume
05-20 10:04:32.174 W/MountService(  374): getVolumeState(/mnt/sdcard2): Unknown volume
05-20 10:04:32.174 W/MountService(  374): getVolumeState(/mnt/emmc): Unknown volume
05-20 10:04:32.174 W/MountService(  374): getVolumeState(/mnt/extSdCard): Unknown volume
05-20 10:04:32.174 W/MountService(  374): getVolumeState(/mnt/sdcard/SD_CARD): Unknown volume
05-20 10:04:32.174 W/MountService(  374): getVolumeState(/mnt/sdcard/extra_sd): Unknown volume
05-20 10:04:32.174 W/MountService(  374): getVolumeState(/mnt/extrasd_bind): Unknown volume
05-20 10:04:32.174 W/MountService(  374): getVolumeState(/mnt/sdcard/ext_sd): Unknown volume
05-20 10:04:32.174 W/MountService(  374): getVolumeState(/storage/extSdCard): Unknown volume
05-20 10:04:32.174 W/MountService(  374): getVolumeState(/storage/sdcard1): Unknown volume
05-20 10:04:32.174 W/MountService(  374): getVolumeState(/mnt/sdcard/external_SD): Unknown volume
05-20 10:04:32.181 W/MountService(  374): getVolumeState(/mnt/sdcard/external_sd): Unknown volume
05-20 10:04:32.486 W/MountService(  374): getVolumeState(/storage/emulated/0/external_sd): Unknown volume
05-20 10:04:32.486 W/MountService(  374): getVolumeState(/mnt/sdcard-ext): Unknown volume
05-20 10:04:32.486 W/MountService(  374): getVolumeState(/mnt/ext_sdcard): Unknown volume
05-20 10:04:32.486 W/MountService(  374): getVolumeState(/mnt/sdcard2): Unknown volume
05-20 10:04:32.486 W/MountService(  374): getVolumeState(/mnt/emmc): Unknown volume
05-20 10:04:32.486 W/MountService(  374): getVolumeState(/mnt/extSdCard): Unknown volume
05-20 10:04:32.486 W/MountService(  374): getVolumeState(/mnt/sdcard/SD_CARD): Unknown volume
05-20 10:04:32.486 W/MountService(  374): getVolumeState(/mnt/sdcard/extra_sd): Unknown volume
05-20 10:04:32.486 W/MountService(  374): getVolumeState(/mnt/extrasd_bind): Unknown volume
05-20 10:04:32.486 W/MountService(  374): getVolumeState(/mnt/sdcard/ext_sd): Unknown volume
05-20 10:04:32.486 W/MountService(  374): getVolumeState(/storage/extSdCard): Unknown volume
05-20 10:04:32.486 W/MountService(  374): getVolumeState(/storage/sdcard1): Unknown volume
05-20 10:04:32.494 W/MountService(  374): getVolumeState(/mnt/sdcard/external_SD): Unknown volume
05-20 10:04:32.494 W/MountService(  374): getVolumeState(/mnt/sdcard/external_sd): Unknown volume
05-20 10:05:32.228 W/MountService(  374): getVolumeState(/storage/emulated/0/external_sd): Unknown volume
05-20 10:05:32.228 W/MountService(  374): getVolumeState(/mnt/sdcard-ext): Unknown volume
05-20 10:05:32.228 W/MountService(  374): getVolumeState(/mnt/ext_sdcard): Unknown volume
05-20 10:05:32.228 W/MountService(  374): getVolumeState(/mnt/sdcard2): Unknown volume
05-20 10:05:32.228 W/MountService(  374): getVolumeState(/mnt/emmc): Unknown volume
05-20 10:05:32.228 W/MountService(  374): getVolumeState(/mnt/extSdCard): Unknown volume
05-20 10:05:32.228 W/MountService(  374): getVolumeState(/mnt/sdcard/SD_CARD): Unknown volume
05-20 10:05:32.228 W/MountService(  374): getVolumeState(/mnt/sdcard/extra_sd): Unknown volume
05-20 10:05:32.228 W/MountService(  374): getVolumeState(/mnt/extrasd_bind): Unknown volume
05-20 10:05:32.228 W/MountService(  374): getVolumeState(/mnt/sdcard/ext_sd): Unknown volume
05-20 10:05:32.228 W/MountService(  374): getVolumeState(/storage/extSdCard): Unknown volume
05-20 10:05:32.236 W/MountService(  374): getVolumeState(/storage/sdcard1): Unknown volume
05-20 10:05:32.236 W/MountService(  374): getVolumeState(/mnt/sdcard/external_SD): Unknown volume
05-20 10:05:32.236 W/MountService(  374): getVolumeState(/mnt/sdcard/external_sd): Unknown volume
05-20 10:05:32.549 W/MountService(  374): getVolumeState(/storage/emulated/0/external_sd): Unknown volume
05-20 10:05:32.549 W/MountService(  374): getVolumeState(/mnt/sdcard-ext): Unknown volume
05-20 10:05:32.549 W/MountService(  374): getVolumeState(/mnt/ext_sdcard): Unknown volume
05-20 10:05:32.549 W/MountService(  374): getVolumeState(/mnt/sdcard2): Unknown volume
05-20 10:05:32.549 W/MountService(  374): getVolumeState(/mnt/emmc): Unknown volume
05-20 10:05:32.549 W/MountService(  374): getVolumeState(/mnt/extSdCard): Unknown volume
05-20 10:05:32.549 W/MountService(  374): getVolumeState(/mnt/sdcard/SD_CARD): Unknown volume
05-20 10:05:32.549 W/MountService(  374): getVolumeState(/mnt/sdcard/extra_sd): Unknown volume
05-20 10:05:32.549 W/MountService(  374): getVolumeState(/mnt/extrasd_bind): Unknown volume
05-20 10:05:32.549 W/MountService(  374): getVolumeState(/mnt/sdcard/ext_sd): Unknown volume
05-20 10:05:32.549 W/MountService(  374): getVolumeState(/storage/extSdCard): Unknown volume
05-20 10:05:32.556 W/MountService(  374): getVolumeState(/storage/sdcard1): Unknown volume
05-20 10:05:32.556 W/MountService(  374): getVolumeState(/mnt/sdcard/external_SD): Unknown volume
05-20 10:05:32.556 W/MountService(  374): getVolumeState(/mnt/sdcard/external_sd): Unknown volume
05-20 10:05:43.564 I/ActivityManager(  374): No longer want com.google.android.apps.maps:GoogleLocationService (pid 23683): empty for 1808s
05-20 10:05:43.572 W/ActivityManager(  374): Scheduling restart of crashed service com.google.android.apps.maps/com.google.android.location.internal.server.GoogleLocationService in 5000ms
05-20 10:05:48.588 I/ActivityManager(  374): Start proc com.google.android.apps.maps:GoogleLocationService for service com.google.android.apps.maps/com.google.android.location.internal.server.GoogleLocationService: pid=24441 uid=10038 gids={50038, 3003, 1015, 1028}
05-20 10:05:49.619 I/ActivityManager(  374): Start proc com.google.android.apps.maps:FriendService for broadcast com.google.android.apps.maps/com.google.googlenav.friend.android.ServiceReceiver: pid=24462 uid=10038 gids={50038, 3003, 1015, 1028}
05-20 10:05:49.744 I/ActivityManager(  374): Start proc com.google.android.apps.maps:LocationFriendService for broadcast com.google.android.apps.maps/com.google.googlenav.friend.reporting.LocationReportingIntentReceiver: pid=24474 uid=10038 gids={50038, 3003, 1015, 1028}
05-20 10:05:51.806 W/ActivityThread(24441): ClassLoader.loadClass: The class loader returned by Thread.getContextClassLoader() may fail for processes that host multiple applications. You should explicitly specify a context class loader. For example: Thread.setContextClassLoader(getClass().getClassLoader());
05-20 10:06:32.299 W/MountService(  374): getVolumeState(/storage/emulated/0/external_sd): Unknown volume
05-20 10:06:32.299 W/MountService(  374): getVolumeState(/mnt/sdcard-ext): Unknown volume
05-20 10:06:32.306 W/MountService(  374): getVolumeState(/mnt/ext_sdcard): Unknown volume
05-20 10:06:32.306 W/MountService(  374): getVolumeState(/mnt/sdcard2): Unknown volume
05-20 10:06:32.306 W/MountService(  374): getVolumeState(/mnt/emmc): Unknown volume
05-20 10:06:32.306 W/MountService(  374): getVolumeState(/mnt/extSdCard): Unknown volume
05-20 10:06:32.306 W/MountService(  374): getVolumeState(/mnt/sdcard/SD_CARD): Unknown volume
05-20 10:06:32.306 W/MountService(  374): getVolumeState(/mnt/sdcard/extra_sd): Unknown volume
05-20 10:06:32.306 W/MountService(  374): getVolumeState(/mnt/extrasd_bind): Unknown volume
05-20 10:06:32.314 W/MountService(  374): getVolumeState(/mnt/sdcard/ext_sd): Unknown volume
05-20 10:06:32.314 W/MountService(  374): getVolumeState(/storage/extSdCard): Unknown volume
05-20 10:06:32.314 W/MountService(  374): getVolumeState(/storage/sdcard1): Unknown volume
05-20 10:06:32.314 W/MountService(  374): getVolumeState(/mnt/sdcard/external_SD): Unknown volume
05-20 10:06:32.314 W/MountService(  374): getVolumeState(/mnt/sdcard/external_sd): Unknown volume
05-20 10:06:32.635 W/MountService(  374): getVolumeState(/storage/emulated/0/external_sd): Unknown volume
05-20 10:06:32.635 W/MountService(  374): getVolumeState(/mnt/sdcard-ext): Unknown volume
05-20 10:06:32.642 W/MountService(  374): getVolumeState(/mnt/ext_sdcard): Unknown volume
05-20 10:06:32.642 W/MountService(  374): getVolumeState(/mnt/sdcard2): Unknown volume
05-20 10:06:32.642 W/MountService(  374): getVolumeState(/mnt/emmc): Unknown volume
05-20 10:06:32.642 W/MountService(  374): getVolumeState(/mnt/extSdCard): Unknown volume
05-20 10:06:32.642 W/MountService(  374): getVolumeState(/mnt/sdcard/SD_CARD): Unknown volume
05-20 10:06:32.642 W/MountService(  374): getVolumeState(/mnt/sdcard/extra_sd): Unknown volume
05-20 10:06:32.642 W/MountService(  374): getVolumeState(/mnt/extrasd_bind): Unknown volume
05-20 10:06:32.642 W/MountService(  374): getVolumeState(/mnt/sdcard/ext_sd): Unknown volume
05-20 10:06:32.642 W/MountService(  374): getVolumeState(/storage/extSdCard): Unknown volume
05-20 10:06:32.642 W/MountService(  374): getVolumeState(/storage/sdcard1): Unknown volume
05-20 10:06:32.642 W/MountService(  374): getVolumeState(/mnt/sdcard/external_SD): Unknown volume
05-20 10:06:32.650 W/MountService(  374): getVolumeState(/mnt/sdcard/external_sd): Unknown volume
05-20 10:07:32.377 W/MountService(  374): getVolumeState(/storage/emulated/0/external_sd): Unknown volume
05-20 10:07:32.377 W/MountService(  374): getVolumeState(/mnt/sdcard-ext): Unknown volume
05-20 10:07:32.377 W/MountService(  374): getVolumeState(/mnt/ext_sdcard): Unknown volume
05-20 10:07:32.385 W/MountService(  374): getVolumeState(/mnt/sdcard2): Unknown volume
05-20 10:07:32.385 W/MountService(  374): getVolumeState(/mnt/emmc): Unknown volume
05-20 10:07:32.385 W/MountService(  374): getVolumeState(/mnt/extSdCard): Unknown volume
05-20 10:07:32.385 W/MountService(  374): getVolumeState(/mnt/sdcard/SD_CARD): Unknown volume
05-20 10:07:32.392 W/MountService(  374): getVolumeState(/mnt/sdcard/extra_sd): Unknown volume
05-20 10:07:32.392 W/MountService(  374): getVolumeState(/mnt/extrasd_bind): Unknown volume
05-20 10:07:32.392 W/MountService(  374): getVolumeState(/mnt/sdcard/ext_sd): Unknown volume
05-20 10:07:32.392 W/MountService(  374): getVolumeState(/storage/extSdCard): Unknown volume
05-20 10:07:32.400 W/MountService(  374): getVolumeState(/storage/sdcard1): Unknown volume
05-20 10:07:32.400 W/MountService(  374): getVolumeState(/mnt/sdcard/external_SD): Unknown volume
05-20 10:07:32.400 W/MountService(  374): getVolumeState(/mnt/sdcard/external_sd): Unknown volume
05-20 10:07:32.822 W/MountService(  374): getVolumeState(/storage/emulated/0/external_sd): Unknown volume
05-20 10:07:32.822 W/MountService(  374): getVolumeState(/mnt/sdcard-ext): Unknown volume
05-20 10:07:32.830 W/MountService(  374): getVolumeState(/mnt/ext_sdcard): Unknown volume
05-20 10:07:32.830 W/MountService(  374): getVolumeState(/mnt/sdcard2): Unknown volume
05-20 10:07:32.830 W/MountService(  374): getVolumeState(/mnt/emmc): Unknown volume
05-20 10:07:32.830 W/MountService(  374): getVolumeState(/mnt/extSdCard): Unknown volume
05-20 10:07:32.830 W/MountService(  374): getVolumeState(/mnt/sdcard/SD_CARD): Unknown volume
05-20 10:07:32.830 W/MountService(  374): getVolumeState(/mnt/sdcard/extra_sd): Unknown volume
05-20 10:07:32.830 W/MountService(  374): getVolumeState(/mnt/extrasd_bind): Unknown volume
05-20 10:07:32.830 W/MountService(  374): getVolumeState(/mnt/sdcard/ext_sd): Unknown volume
05-20 10:07:32.830 W/MountService(  374): getVolumeState(/storage/extSdCard): Unknown volume
05-20 10:07:32.830 W/MountService(  374): getVolumeState(/storage/sdcard1): Unknown volume
05-20 10:07:32.830 W/MountService(  374): getVolumeState(/mnt/sdcard/external_SD): Unknown volume
05-20 10:07:32.830 W/MountService(  374): getVolumeState(/mnt/sdcard/external_sd): Unknown volume
05-20 10:08:32.416 W/MountService(  374): getVolumeState(/storage/emulated/0/external_sd): Unknown volume
05-20 10:08:32.416 W/MountService(  374): getVolumeState(/mnt/sdcard-ext): Unknown volume
05-20 10:08:32.416 W/MountService(  374): getVolumeState(/mnt/ext_sdcard): Unknown volume
05-20 10:08:32.416 W/MountService(  374): getVolumeState(/mnt/sdcard2): Unknown volume
05-20 10:08:32.416 W/MountService(  374): getVolumeState(/mnt/emmc): Unknown volume
05-20 10:08:32.416 W/MountService(  374): getVolumeState(/mnt/extSdCard): Unknown volume
05-20 10:08:32.416 W/MountService(  374): getVolumeState(/mnt/sdcard/SD_CARD): Unknown volume
05-20 10:08:32.416 W/MountService(  374): getVolumeState(/mnt/sdcard/extra_sd): Unknown volume
05-20 10:08:32.416 W/MountService(  374): getVolumeState(/mnt/extrasd_bind): Unknown volume
05-20 10:08:32.416 W/MountService(  374): getVolumeState(/mnt/sdcard/ext_sd): Unknown volume
05-20 10:08:32.424 W/MountService(  374): getVolumeState(/storage/extSdCard): Unknown volume
05-20 10:08:32.424 W/MountService(  374): getVolumeState(/storage/sdcard1): Unknown volume
05-20 10:08:32.424 W/MountService(  374): getVolumeState(/mnt/sdcard/external_SD): Unknown volume
05-20 10:08:32.424 W/MountService(  374): getVolumeState(/mnt/sdcard/external_sd): Unknown volume
05-20 10:08:32.736 W/MountService(  374): getVolumeState(/storage/emulated/0/external_sd): Unknown volume
05-20 10:08:32.736 W/MountService(  374): getVolumeState(/mnt/sdcard-ext): Unknown volume
05-20 10:08:32.744 W/MountService(  374): getVolumeState(/mnt/ext_sdcard): Unknown volume
05-20 10:08:32.744 W/MountService(  374): getVolumeState(/mnt/sdcard2): Unknown volume
05-20 10:08:32.744 W/MountService(  374): getVolumeState(/mnt/emmc): Unknown volume
05-20 10:08:32.744 W/MountService(  374): getVolumeState(/mnt/extSdCard): Unknown volume
05-20 10:08:32.744 W/MountService(  374): getVolumeState(/mnt/sdcard/SD_CARD): Unknown volume
05-20 10:08:32.744 W/MountService(  374): getVolumeState(/mnt/sdcard/extra_sd): Unknown volume
05-20 10:08:32.744 W/MountService(  374): getVolumeState(/mnt/extrasd_bind): Unknown volume
05-20 10:08:32.744 W/MountService(  374): getVolumeState(/mnt/sdcard/ext_sd): Unknown volume
05-20 10:08:32.752 W/MountService(  374): getVolumeState(/storage/extSdCard): Unknown volume
05-20 10:08:32.752 W/MountService(  374): getVolumeState(/storage/sdcard1): Unknown volume
05-20 10:08:32.752 W/MountService(  374): getVolumeState(/mnt/sdcard/external_SD): Unknown volume
05-20 10:08:32.752 W/MountService(  374): getVolumeState(/mnt/sdcard/external_sd): Unknown volume
05-20 10:09:32.478 W/MountService(  374): getVolumeState(/storage/emulated/0/external_sd): Unknown volume
05-20 10:09:32.478 W/MountService(  374): getVolumeState(/mnt/sdcard-ext): Unknown volume
05-20 10:09:32.478 W/MountService(  374): getVolumeState(/mnt/ext_sdcard): Unknown volume
05-20 10:09:32.478 W/MountService(  374): getVolumeState(/mnt/sdcard2): Unknown volume
05-20 10:09:32.478 W/MountService(  374): getVolumeState(/mnt/emmc): Unknown volume
05-20 10:09:32.478 W/MountService(  374): getVolumeState(/mnt/extSdCard): Unknown volume
05-20 10:09:32.478 W/MountService(  374): getVolumeState(/mnt/sdcard/SD_CARD): Unknown volume
05-20 10:09:32.478 W/MountService(  374): getVolumeState(/mnt/sdcard/extra_sd): Unknown volume
05-20 10:09:32.486 W/MountService(  374): getVolumeState(/mnt/extrasd_bind): Unknown volume
05-20 10:09:32.486 W/MountService(  374): getVolumeState(/mnt/sdcard/ext_sd): Unknown volume
05-20 10:09:32.486 W/MountService(  374): getVolumeState(/storage/extSdCard): Unknown volume
05-20 10:09:32.486 W/MountService(  374): getVolumeState(/storage/sdcard1): Unknown volume
05-20 10:09:32.486 W/MountService(  374): getVolumeState(/mnt/sdcard/external_SD): Unknown volume
05-20 10:09:32.486 W/MountService(  374): getVolumeState(/mnt/sdcard/external_sd): Unknown volume
05-20 10:09:32.775 W/MountService(  374): getVolumeState(/storage/emulated/0/external_sd): Unknown volume
05-20 10:09:32.775 W/MountService(  374): getVolumeState(/mnt/sdcard-ext): Unknown volume
05-20 10:09:32.775 W/MountService(  374): getVolumeState(/mnt/ext_sdcard): Unknown volume
05-20 10:09:32.775 W/MountService(  374): getVolumeState(/mnt/sdcard2): Unknown volume
05-20 10:09:32.775 W/MountService(  374): getVolumeState(/mnt/emmc): Unknown volume
05-20 10:09:32.775 W/MountService(  374): getVolumeState(/mnt/extSdCard): Unknown volume
05-20 10:09:32.775 W/MountService(  374): getVolumeState(/mnt/sdcard/SD_CARD): Unknown volume
05-20 10:09:32.775 W/MountService(  374): getVolumeState(/mnt/sdcard/extra_sd): Unknown volume
05-20 10:09:32.783 W/MountService(  374): getVolumeState(/mnt/extrasd_bind): Unknown volume
05-20 10:09:32.783 W/MountService(  374): getVolumeState(/mnt/sdcard/ext_sd): Unknown volume
05-20 10:09:32.791 W/MountService(  374): getVolumeState(/storage/extSdCard): Unknown volume
05-20 10:09:32.791 W/MountService(  374): getVolumeState(/storage/sdcard1): Unknown volume
05-20 10:09:32.791 W/MountService(  374): getVolumeState(/mnt/sdcard/external_SD): Unknown volume
05-20 10:09:32.791 W/MountService(  374): getVolumeState(/mnt/sdcard/external_sd): Unknown volume
05-20 10:10:32.486 W/MountService(  374): getVolumeState(/storage/emulated/0/external_sd): Unknown volume
05-20 10:10:32.494 W/MountService(  374): getVolumeState(/mnt/sdcard-ext): Unknown volume
05-20 10:10:32.494 W/MountService(  374): getVolumeState(/mnt/ext_sdcard): Unknown volume
05-20 10:10:32.494 W/MountService(  374): getVolumeState(/mnt/sdcard2): Unknown volume
05-20 10:10:32.494 W/MountService(  374): getVolumeState(/mnt/emmc): Unknown volume
05-20 10:10:32.494 W/MountService(  374): getVolumeState(/mnt/extSdCard): Unknown volume
05-20 10:10:32.494 W/MountService(  374): getVolumeState(/mnt/sdcard/SD_CARD): Unknown volume
05-20 10:10:32.494 W/MountService(  374): getVolumeState(/mnt/sdcard/extra_sd): Unknown volume
05-20 10:10:32.494 W/MountService(  374): getVolumeState(/mnt/extrasd_bind): Unknown volume
05-20 10:10:32.494 W/MountService(  374): getVolumeState(/mnt/sdcard/ext_sd): Unknown volume
05-20 10:10:32.494 W/MountService(  374): getVolumeState(/storage/extSdCard): Unknown volume
05-20 10:10:32.494 W/MountService(  374): getVolumeState(/storage/sdcard1): Unknown volume
05-20 10:10:32.494 W/MountService(  374): getVolumeState(/mnt/sdcard/external_SD): Unknown volume
05-20 10:10:32.494 W/MountService(  374): getVolumeState(/mnt/sdcard/external_sd): Unknown volume
05-20 10:10:32.791 W/MountService(  374): getVolumeState(/storage/emulated/0/external_sd): Unknown volume
05-20 10:10:32.791 W/MountService(  374): getVolumeState(/mnt/sdcard-ext): Unknown volume
05-20 10:10:32.791 W/MountService(  374): getVolumeState(/mnt/ext_sdcard): Unknown volume
05-20 10:10:32.791 W/MountService(  374): getVolumeState(/mnt/sdcard2): Unknown volume
05-20 10:10:32.799 W/MountService(  374): getVolumeState(/mnt/emmc): Unknown volume
05-20 10:10:32.799 W/MountService(  374): getVolumeState(/mnt/extSdCard): Unknown volume
05-20 10:10:32.799 W/MountService(  374): getVolumeState(/mnt/sdcard/SD_CARD): Unknown volume
05-20 10:10:32.799 W/MountService(  374): getVolumeState(/mnt/sdcard/extra_sd): Unknown volume
05-20 10:10:32.799 W/MountService(  374): getVolumeState(/mnt/extrasd_bind): Unknown volume
05-20 10:10:32.799 W/MountService(  374): getVolumeState(/mnt/sdcard/ext_sd): Unknown volume
05-20 10:10:32.799 W/MountService(  374): getVolumeState(/storage/extSdCard): Unknown volume
05-20 10:10:32.799 W/MountService(  374): getVolumeState(/storage/sdcard1): Unknown volume
05-20 10:10:32.799 W/MountService(  374): getVolumeState(/mnt/sdcard/external_SD): Unknown volume
05-20 10:10:32.806 W/MountService(  374): getVolumeState(/mnt/sdcard/external_sd): Unknown volume
05-20 10:11:32.510 W/MountService(  374): getVolumeState(/storage/emulated/0/external_sd): Unknown volume
05-20 10:11:32.510 W/MountService(  374): getVolumeState(/mnt/sdcard-ext): Unknown volume
05-20 10:11:32.510 W/MountService(  374): getVolumeState(/mnt/ext_sdcard): Unknown volume
05-20 10:11:32.510 W/MountService(  374): getVolumeState(/mnt/sdcard2): Unknown volume
05-20 10:11:32.510 W/MountService(  374): getVolumeState(/mnt/emmc): Unknown volume
05-20 10:11:32.517 W/MountService(  374): getVolumeState(/mnt/extSdCard): Unknown volume
05-20 10:11:32.517 W/MountService(  374): getVolumeState(/mnt/sdcard/SD_CARD): Unknown volume
05-20 10:11:32.517 W/MountService(  374): getVolumeState(/mnt/sdcard/extra_sd): Unknown volume
05-20 10:11:32.517 W/MountService(  374): getVolumeState(/mnt/extrasd_bind): Unknown volume
05-20 10:11:32.517 W/MountService(  374): getVolumeState(/mnt/sdcard/ext_sd): Unknown volume
05-20 10:11:32.517 W/MountService(  374): getVolumeState(/storage/extSdCard): Unknown volume
05-20 10:11:32.517 W/MountService(  374): getVolumeState(/storage/sdcard1): Unknown volume
05-20 10:11:32.517 W/MountService(  374): getVolumeState(/mnt/sdcard/external_SD): Unknown volume
05-20 10:11:32.525 W/MountService(  374): getVolumeState(/mnt/sdcard/external_sd): Unknown volume
05-20 10:11:32.689 I/ActivityManager(  374): No longer want android.process.media (pid 16999): empty for 1805s
05-20 10:11:32.689 I/ActivityManager(  374): No longer want com.nd.assistance.ServerService (pid 23867): empty for 1803s
05-20 10:11:32.705 W/ActivityManager(  374): Scheduling restart of crashed service com.android.providers.media/.MtpService in 5000ms
05-20 10:11:32.705 W/ActivityManager(  374): Scheduling restart of crashed service com.nd.assistance/.server.ServerService in 14997ms
05-20 10:11:32.775 I/ActivityManager(  374): Start proc android.process.media for content provider com.android.providers.media/.MediaProvider: pid=24510 uid=10015 gids={50015, 1015, 1023, 1024, 1028, 2001, 3003, 3007}
05-20 10:11:33.385 W/MountService(  374): getVolumeState(/storage/emulated/0/external_sd): Unknown volume
05-20 10:11:33.400 W/MountService(  374): getVolumeState(/mnt/sdcard-ext): Unknown volume
05-20 10:11:33.400 W/MountService(  374): getVolumeState(/mnt/ext_sdcard): Unknown volume
05-20 10:11:33.400 W/MountService(  374): getVolumeState(/mnt/sdcard2): Unknown volume
05-20 10:11:33.400 W/MountService(  374): getVolumeState(/mnt/emmc): Unknown volume
05-20 10:11:33.400 W/MountService(  374): getVolumeState(/mnt/extSdCard): Unknown volume
05-20 10:11:33.400 W/MountService(  374): getVolumeState(/mnt/sdcard/SD_CARD): Unknown volume
05-20 10:11:33.408 W/MountService(  374): getVolumeState(/mnt/sdcard/extra_sd): Unknown volume
05-20 10:11:33.408 W/MountService(  374): getVolumeState(/mnt/extrasd_bind): Unknown volume
05-20 10:11:33.408 W/MountService(  374): getVolumeState(/mnt/sdcard/ext_sd): Unknown volume
05-20 10:11:33.408 W/MountService(  374): getVolumeState(/storage/extSdCard): Unknown volume
05-20 10:11:33.416 W/MountService(  374): getVolumeState(/storage/sdcard1): Unknown volume
05-20 10:11:33.416 W/MountService(  374): getVolumeState(/mnt/sdcard/external_SD): Unknown volume
05-20 10:11:33.424 W/MountService(  374): getVolumeState(/mnt/sdcard/external_sd): Unknown volume
05-20 10:11:33.689 I/ActivityManager(  374): Start proc com.nd.assistance for broadcast com.nd.assistance/.controller.DaemonController: pid=24537 uid=10068 gids={50068, 3003, 1015, 1006, 1028}
05-20 10:11:33.744 I/ActivityManager(  374): Start proc com.nd.assistance.ServerService for service com.nd.assistance/.server.ServerService: pid=24550 uid=10068 gids={50068, 3003, 1015, 1006, 1028}
05-20 10:12:32.580 W/MountService(  374): getVolumeState(/storage/emulated/0/external_sd): Unknown volume
05-20 10:12:32.580 W/MountService(  374): getVolumeState(/mnt/sdcard-ext): Unknown volume
05-20 10:12:32.580 W/MountService(  374): getVolumeState(/mnt/ext_sdcard): Unknown volume
05-20 10:12:32.580 W/MountService(  374): getVolumeState(/mnt/sdcard2): Unknown volume
05-20 10:12:32.580 W/MountService(  374): getVolumeState(/mnt/emmc): Unknown volume
05-20 10:12:32.580 W/MountService(  374): getVolumeState(/mnt/extSdCard): Unknown volume
05-20 10:12:32.580 W/MountService(  374): getVolumeState(/mnt/sdcard/SD_CARD): Unknown volume
05-20 10:12:32.580 W/MountService(  374): getVolumeState(/mnt/sdcard/extra_sd): Unknown volume
05-20 10:12:32.580 W/MountService(  374): getVolumeState(/mnt/extrasd_bind): Unknown volume
05-20 10:12:32.580 W/MountService(  374): getVolumeState(/mnt/sdcard/ext_sd): Unknown volume
05-20 10:12:32.588 W/MountService(  374): getVolumeState(/storage/extSdCard): Unknown volume
05-20 10:12:32.588 W/MountService(  374): getVolumeState(/storage/sdcard1): Unknown volume
05-20 10:12:32.588 W/MountService(  374): getVolumeState(/mnt/sdcard/external_SD): Unknown volume
05-20 10:12:32.588 W/MountService(  374): getVolumeState(/mnt/sdcard/external_sd): Unknown volume
05-20 10:12:32.924 W/MountService(  374): getVolumeState(/storage/emulated/0/external_sd): Unknown volume
05-20 10:12:32.924 W/MountService(  374): getVolumeState(/mnt/sdcard-ext): Unknown volume
05-20 10:12:32.924 W/MountService(  374): getVolumeState(/mnt/ext_sdcard): Unknown volume
05-20 10:12:32.924 W/MountService(  374): getVolumeState(/mnt/sdcard2): Unknown volume
05-20 10:12:32.924 W/MountService(  374): getVolumeState(/mnt/emmc): Unknown volume
05-20 10:12:32.924 W/MountService(  374): getVolumeState(/mnt/extSdCard): Unknown volume
05-20 10:12:32.924 W/MountService(  374): getVolumeState(/mnt/sdcard/SD_CARD): Unknown volume
05-20 10:12:32.924 W/MountService(  374): getVolumeState(/mnt/sdcard/extra_sd): Unknown volume
05-20 10:12:32.924 W/MountService(  374): getVolumeState(/mnt/extrasd_bind): Unknown volume
05-20 10:12:32.924 W/MountService(  374): getVolumeState(/mnt/sdcard/ext_sd): Unknown volume
05-20 10:12:32.931 W/MountService(  374): getVolumeState(/storage/extSdCard): Unknown volume
05-20 10:12:32.931 W/MountService(  374): getVolumeState(/storage/sdcard1): Unknown volume
05-20 10:12:32.931 W/MountService(  374): getVolumeState(/mnt/sdcard/external_SD): Unknown volume
05-20 10:12:32.931 W/MountService(  374): getVolumeState(/mnt/sdcard/external_sd): Unknown volume
05-20 10:13:32.721 W/MountService(  374): getVolumeState(/storage/emulated/0/external_sd): Unknown volume
05-20 10:13:32.721 W/MountService(  374): getVolumeState(/mnt/sdcard-ext): Unknown volume
05-20 10:13:32.721 W/MountService(  374): getVolumeState(/mnt/ext_sdcard): Unknown volume
05-20 10:13:32.721 W/MountService(  374): getVolumeState(/mnt/sdcard2): Unknown volume
05-20 10:13:32.721 W/MountService(  374): getVolumeState(/mnt/emmc): Unknown volume
05-20 10:13:32.721 W/MountService(  374): getVolumeState(/mnt/extSdCard): Unknown volume
05-20 10:13:32.721 W/MountService(  374): getVolumeState(/mnt/sdcard/SD_CARD): Unknown volume
05-20 10:13:32.736 W/MountService(  374): getVolumeState(/mnt/sdcard/extra_sd): Unknown volume
05-20 10:13:32.736 W/MountService(  374): getVolumeState(/mnt/extrasd_bind): Unknown volume
05-20 10:13:32.736 W/MountService(  374): getVolumeState(/mnt/sdcard/ext_sd): Unknown volume
05-20 10:13:32.736 W/MountService(  374): getVolumeState(/storage/extSdCard): Unknown volume
05-20 10:13:32.736 W/MountService(  374): getVolumeState(/storage/sdcard1): Unknown volume
05-20 10:13:32.736 W/MountService(  374): getVolumeState(/mnt/sdcard/external_SD): Unknown volume
05-20 10:13:32.736 W/MountService(  374): getVolumeState(/mnt/sdcard/external_sd): Unknown volume
05-20 10:13:33.064 W/MountService(  374): getVolumeState(/storage/emulated/0/external_sd): Unknown volume
05-20 10:13:33.064 W/MountService(  374): getVolumeState(/mnt/sdcard-ext): Unknown volume
05-20 10:13:33.072 W/MountService(  374): getVolumeState(/mnt/ext_sdcard): Unknown volume
05-20 10:13:33.072 W/MountService(  374): getVolumeState(/mnt/sdcard2): Unknown volume
05-20 10:13:33.072 W/MountService(  374): getVolumeState(/mnt/emmc): Unknown volume
05-20 10:13:33.072 W/MountService(  374): getVolumeState(/mnt/extSdCard): Unknown volume
05-20 10:13:33.072 W/MountService(  374): getVolumeState(/mnt/sdcard/SD_CARD): Unknown volume
05-20 10:13:33.072 W/MountService(  374): getVolumeState(/mnt/sdcard/extra_sd): Unknown volume
05-20 10:13:33.072 W/MountService(  374): getVolumeState(/mnt/extrasd_bind): Unknown volume
05-20 10:13:33.072 W/MountService(  374): getVolumeState(/mnt/sdcard/ext_sd): Unknown volume
05-20 10:13:33.072 W/MountService(  374): getVolumeState(/storage/extSdCard): Unknown volume
05-20 10:13:33.080 W/MountService(  374): getVolumeState(/storage/sdcard1): Unknown volume
05-20 10:13:33.080 W/MountService(  374): getVolumeState(/mnt/sdcard/external_SD): Unknown volume
05-20 10:13:33.080 W/MountService(  374): getVolumeState(/mnt/sdcard/external_sd): Unknown volume
05-20 10:14:32.689 W/MountService(  374): getVolumeState(/storage/emulated/0/external_sd): Unknown volume
05-20 10:14:32.689 W/MountService(  374): getVolumeState(/mnt/sdcard-ext): Unknown volume
05-20 10:14:32.689 W/MountService(  374): getVolumeState(/mnt/ext_sdcard): Unknown volume
05-20 10:14:32.689 W/MountService(  374): getVolumeState(/mnt/sdcard2): Unknown volume
05-20 10:14:32.689 W/MountService(  374): getVolumeState(/mnt/emmc): Unknown volume
05-20 10:14:32.689 W/MountService(  374): getVolumeState(/mnt/extSdCard): Unknown volume
05-20 10:14:32.697 W/MountService(  374): getVolumeState(/mnt/sdcard/SD_CARD): Unknown volume
05-20 10:14:32.697 W/MountService(  374): getVolumeState(/mnt/sdcard/extra_sd): Unknown volume
05-20 10:14:32.697 W/MountService(  374): getVolumeState(/mnt/extrasd_bind): Unknown volume
05-20 10:14:32.697 W/MountService(  374): getVolumeState(/mnt/sdcard/ext_sd): Unknown volume
05-20 10:14:32.697 W/MountService(  374): getVolumeState(/storage/extSdCard): Unknown volume
05-20 10:14:32.697 W/MountService(  374): getVolumeState(/storage/sdcard1): Unknown volume
05-20 10:14:32.697 W/MountService(  374): getVolumeState(/mnt/sdcard/external_SD): Unknown volume
05-20 10:14:32.705 W/MountService(  374): getVolumeState(/mnt/sdcard/external_sd): Unknown volume
05-20 10:14:33.111 W/MountService(  374): getVolumeState(/storage/emulated/0/external_sd): Unknown volume
05-20 10:14:33.111 W/MountService(  374): getVolumeState(/mnt/sdcard-ext): Unknown volume
05-20 10:14:33.111 W/MountService(  374): getVolumeState(/mnt/ext_sdcard): Unknown volume
05-20 10:14:33.111 W/MountService(  374): getVolumeState(/mnt/sdcard2): Unknown volume
05-20 10:14:33.111 W/MountService(  374): getVolumeState(/mnt/emmc): Unknown volume
05-20 10:14:33.119 W/MountService(  374): getVolumeState(/mnt/extSdCard): Unknown volume
05-20 10:14:33.119 W/MountService(  374): getVolumeState(/mnt/sdcard/SD_CARD): Unknown volume
05-20 10:14:33.119 W/MountService(  374): getVolumeState(/mnt/sdcard/extra_sd): Unknown volume
05-20 10:14:33.119 W/MountService(  374): getVolumeState(/mnt/extrasd_bind): Unknown volume
05-20 10:14:33.127 W/MountService(  374): getVolumeState(/mnt/sdcard/ext_sd): Unknown volume
05-20 10:14:33.127 W/MountService(  374): getVolumeState(/storage/extSdCard): Unknown volume
05-20 10:14:33.127 W/MountService(  374): getVolumeState(/storage/sdcard1): Unknown volume
05-20 10:14:33.127 W/MountService(  374): getVolumeState(/mnt/sdcard/external_SD): Unknown volume
05-20 10:14:33.127 W/MountService(  374): getVolumeState(/mnt/sdcard/external_sd): Unknown volume
05-20 10:14:39.463 I/ActivityManager(  374): Start proc com.pekall.emdm.launcher:remote for service com.pekall.emdm.launcher/com.baidu.location.f: pid=24582 uid=10066 gids={50066, 1015, 3002, 3001, 3003, 1028}
05-20 10:14:39.767 D/ActivityThread(24582): Loading provider com.pekall.semail.provider;com.pekall.semail.notifier: com.pekall.semail.provider.EmailProvider
05-20 10:14:39.791 D/ActivityThread(24582): Loading provider com.pekall.semail.provider;com.pekall.semail.notifier: com.pekall.semail.provider.EmailProvider
05-20 10:14:39.838 I/ActivityManager(  374): Process android.process.acore (pid 24235) has died.
05-20 10:14:41.228 W/ActivityManager(  374): Unable to start service Intent { cmp=com.pekall.emdm.launcher/com.pekall.semail.service.AttachmentDownloadService } U=0: not found
05-20 10:14:59.494 W/ActivityManager(  374): Timeout executing service: ServiceRecord{428c3d68 u0 com.pekall.emdm.launcher/com.baidu.location.f}
05-20 10:15:05.244 E/ActivityManager(  374): ANR in com.pekall.emdm.launcher:remote
05-20 10:15:05.244 E/ActivityManager(  374): Reason: Executing service com.pekall.emdm.launcher/com.baidu.location.f
05-20 10:15:05.244 E/ActivityManager(  374): Load: 1.73 / 1.21 / 2.19
05-20 10:15:05.244 E/ActivityManager(  374): CPU usage from 0ms to 5727ms later:
05-20 10:15:05.244 E/ActivityManager(  374):   84% 24582/com.pekall.emdm.launcher:remote: 83% user + 0.3% kernel / faults: 113 minor
05-20 10:15:05.244 E/ActivityManager(  374):   83% 12519/com.pekall.emdm.launcher: 83% user + 0% kernel
05-20 10:15:05.244 E/ActivityManager(  374):   26% 374/system_server: 22% user + 4.3% kernel / faults: 545 minor
05-20 10:15:05.244 E/ActivityManager(  374):   0.3% 448/com.android.systemui: 0.3% user + 0% kernel / faults: 108 minor
05-20 10:15:05.244 E/ActivityManager(  374):   0.6% 561/com.android.phone: 0.3% user + 0.3% kernel / faults: 106 minor
05-20 10:15:05.244 E/ActivityManager(  374):   0% 568/com.android.nfc: 0% user + 0% kernel / faults: 113 minor
05-20 10:15:05.244 E/ActivityManager(  374):   0.1% 10758/com.qihoo.appstore: 0% user + 0.1% kernel
05-20 10:15:05.244 E/ActivityManager(  374): 99% TOTAL: 97% user + 2.7% kernel
05-20 10:15:05.244 E/ActivityManager(  374): CPU usage from 4949ms to 5481ms later:
05-20 10:15:05.244 E/ActivityManager(  374):   96% 12519/com.pekall.emdm.launcher: 96% user + 0% kernel
05-20 10:15:05.244 E/ActivityManager(  374):     96% 12532/Thread-642: 96% user + 0% kernel
05-20 10:15:05.244 E/ActivityManager(  374):   90% 24582/com.pekall.emdm.launcher:remote: 90% user + 0% kernel
05-20 10:15:05.244 E/ActivityManager(  374):     90% 24595/Thread-1080: 90% user + 0% kernel
05-20 10:15:05.244 E/ActivityManager(  374):   5.6% 374/system_server: 0% user + 5.6% kernel
05-20 10:15:05.244 E/ActivityManager(  374):     7.5% 390/ActivityManager: 1.8% user + 5.6% kernel
05-20 10:15:05.244 E/ActivityManager(  374): 98% TOTAL: 95% user + 2.8% kernel
05-20 10:15:05.260 W/ActivityManager(  374): Killing ProcessRecord{42b021f0 24582:com.pekall.emdm.launcher:remote/u0a10066}: background ANR
05-20 10:15:05.400 I/ActivityManager(  374): Process com.pekall.emdm.launcher:remote (pid 24582) has died.
05-20 10:15:05.400 W/ActivityManager(  374): Scheduling restart of crashed service com.pekall.emdm.launcher/com.baidu.location.f in 5000ms
05-20 10:15:10.424 I/ActivityManager(  374): Start proc com.pekall.emdm.launcher:remote for service com.pekall.emdm.launcher/com.baidu.location.f: pid=24615 uid=10066 gids={50066, 1015, 3002, 3001, 3003, 1028}
05-20 10:15:10.799 D/ActivityThread(24615): Loading provider com.pekall.semail.provider;com.pekall.semail.notifier: com.pekall.semail.provider.EmailProvider
05-20 10:15:10.814 D/ActivityThread(24615): Loading provider com.pekall.semail.provider;com.pekall.semail.notifier: com.pekall.semail.provider.EmailProvider
05-20 10:15:13.205 W/ActivityManager(  374): Unable to start service Intent { cmp=com.pekall.emdm.launcher/com.pekall.semail.service.AttachmentDownloadService } U=0: not found
05-20 10:15:30.439 W/ActivityManager(  374): Timeout executing service: ServiceRecord{428c3d68 u0 com.pekall.emdm.launcher/com.baidu.location.f}
05-20 10:15:38.244 W/MountService(  374): getVolumeState(/storage/emulated/0/external_sd): Unknown volume
05-20 10:15:38.322 W/MountService(  374): getVolumeState(/mnt/sdcard-ext): Unknown volume
05-20 10:15:38.346 W/MountService(  374): getVolumeState(/mnt/ext_sdcard): Unknown volume
05-20 10:15:38.400 W/MountService(  374): getVolumeState(/mnt/sdcard2): Unknown volume
05-20 10:15:38.431 W/MountService(  374): getVolumeState(/mnt/emmc): Unknown volume
05-20 10:15:38.471 W/MountService(  374): getVolumeState(/mnt/extSdCard): Unknown volume
05-20 10:15:38.510 W/MountService(  374): getVolumeState(/mnt/sdcard/SD_CARD): Unknown volume
05-20 10:15:38.525 W/MountService(  374): getVolumeState(/mnt/sdcard/extra_sd): Unknown volume
05-20 10:15:38.564 W/MountService(  374): getVolumeState(/mnt/extrasd_bind): Unknown volume
05-20 10:15:38.580 W/MountService(  374): getVolumeState(/mnt/sdcard/ext_sd): Unknown volume
05-20 10:15:38.596 W/MountService(  374): getVolumeState(/storage/extSdCard): Unknown volume
05-20 10:15:38.611 W/MountService(  374): getVolumeState(/storage/sdcard1): Unknown volume
05-20 10:15:38.650 W/MountService(  374): getVolumeState(/mnt/sdcard/external_SD): Unknown volume
05-20 10:15:38.674 W/MountService(  374): getVolumeState(/mnt/sdcard/external_sd): Unknown volume
05-20 10:15:39.853 E/ActivityManager(  374): ANR in com.pekall.emdm.launcher:remote
05-20 10:15:39.853 E/ActivityManager(  374): Reason: Executing service com.pekall.emdm.launcher/com.baidu.location.f
05-20 10:15:39.853 E/ActivityManager(  374): Load: 2.83 / 1.51 / 2.25
05-20 10:15:39.853 E/ActivityManager(  374): CPU usage from 3863ms to -9369ms ago:
05-20 10:15:39.853 E/ActivityManager(  374):   93% 12519/com.pekall.emdm.launcher: 93% user + 0% kernel
05-20 10:15:39.853 E/ActivityManager(  374):   91% 24615/com.pekall.emdm.launcher:remote: 90% user + 0.1% kernel / faults: 111 minor
05-20 10:15:39.853 E/ActivityManager(  374):   12% 374/system_server: 9.2% user + 2.9% kernel / faults: 433 minor
05-20 10:15:39.853 E/ActivityManager(  374):   1.6% 448/com.android.systemui: 1.5% user + 0% kernel / faults: 29 minor
05-20 10:15:39.853 E/ActivityManager(  374):   0.1% 1468/com.qihoo.daemon: 0% user + 0% kernel / faults: 519 minor
05-20 10:15:39.853 E/ActivityManager(  374):   0.3% 561/com.android.phone: 0.1% user + 0.1% kernel / faults: 27 minor
05-20 10:15:39.853 E/ActivityManager(  374):   0.1% 568/com.android.nfc: 0.1% user + 0% kernel / faults: 28 minor
05-20 10:15:39.853 E/ActivityManager(  374):   0.2% 10758/com.qihoo.appstore: 0.1% user + 0% kernel
05-20 10:15:39.853 E/ActivityManager(  374):   0.1% 82/mmcqd/0: 0% user + 0.1% kernel
05-20 10:15:39.853 E/ActivityManager(  374):   0% 114/jbd2/mmcblk0p12: 0% user + 0% kernel
05-20 10:15:39.853 E/ActivityManager(  374):   0% 1661/com.qihoo360.mobilesafe:GuardService: 0% user + 0% kernel / faults: 44 minor
05-20 10:15:39.853 E/ActivityManager(  374):   0% 24550/com.nd.assistance.ServerService: 0% user + 0% kernel / faults: 46 minor
05-20 10:15:39.853 E/ActivityManager(  374): 99% TOTAL: 98% user + 1.8% kernel + 0% softirq
05-20 10:15:39.853 E/ActivityManager(  374): CPU usage from 8575ms to 9123ms later:
05-20 10:15:39.853 E/ActivityManager(  374):   98% 12519/com.pekall.emdm.launcher: 98% user + 0% kernel
05-20 10:15:39.853 E/ActivityManager(  374):     100% 12532/Thread-642: 100% user + 0% kernel
05-20 10:15:39.853 E/ActivityManager(  374):   92% 24615/com.pekall.emdm.launcher:remote: 92% user + 0% kernel
05-20 10:15:39.853 E/ActivityManager(  374):     94% 24628/Thread-1083: 94% user + 0% kernel
05-20 10:15:39.853 E/ActivityManager(  374):   5.4% 374/system_server: 3.6% user + 1.8% kernel
05-20 10:15:39.853 E/ActivityManager(  374):     5.4% 390/ActivityManager: 1.8% user + 3.6% kernel
05-20 10:15:39.853 E/ActivityManager(  374): 100% TOTAL: 97% user + 2.7% kernel
05-20 10:15:39.861 W/ActivityManager(  374): Killing ProcessRecord{4298c728 24615:com.pekall.emdm.launcher:remote/u0a10066}: background ANR
05-20 10:15:39.877 I/ActivityManager(  374): Process com.pekall.emdm.launcher:remote (pid 24615) has died.
05-20 10:15:39.877 W/ActivityManager(  374): Scheduling restart of crashed service com.pekall.emdm.launcher/com.baidu.location.f in 20000ms
05-20 10:15:40.025 I/ActivityManager(  374): Start proc android.process.acore for content provider com.android.providers.contacts/.ContactsProvider2: pid=24652 uid=10000 gids={50000, 3003, 1015, 1028}
05-20 10:15:40.619 W/MountService(  374): getVolumeState(/storage/emulated/0/external_sd): Unknown volume
05-20 10:15:40.619 W/MountService(  374): getVolumeState(/mnt/sdcard-ext): Unknown volume
05-20 10:15:40.627 W/MountService(  374): getVolumeState(/mnt/ext_sdcard): Unknown volume
05-20 10:15:40.627 W/MountService(  374): getVolumeState(/mnt/sdcard2): Unknown volume
05-20 10:15:40.627 W/MountService(  374): getVolumeState(/mnt/emmc): Unknown volume
05-20 10:15:40.627 W/MountService(  374): getVolumeState(/mnt/extSdCard): Unknown volume
05-20 10:15:40.627 W/MountService(  374): getVolumeState(/mnt/sdcard/SD_CARD): Unknown volume
05-20 10:15:40.642 W/MountService(  374): getVolumeState(/mnt/sdcard/extra_sd): Unknown volume
05-20 10:15:40.642 W/MountService(  374): getVolumeState(/mnt/extrasd_bind): Unknown volume
05-20 10:15:40.642 W/MountService(  374): getVolumeState(/mnt/sdcard/ext_sd): Unknown volume
05-20 10:15:40.650 W/MountService(  374): getVolumeState(/storage/extSdCard): Unknown volume
05-20 10:15:40.650 W/MountService(  374): getVolumeState(/storage/sdcard1): Unknown volume
05-20 10:15:40.650 W/MountService(  374): getVolumeState(/mnt/sdcard/external_SD): Unknown volume
05-20 10:15:40.650 W/MountService(  374): getVolumeState(/mnt/sdcard/external_sd): Unknown volume
05-20 10:15:59.924 I/ActivityManager(  374): Start proc com.pekall.emdm.launcher:remote for service com.pekall.emdm.launcher/com.baidu.location.f: pid=24668 uid=10066 gids={50066, 1015, 3002, 3001, 3003, 1028}
05-20 10:16:00.267 I/ActivityManager(  374): Process com.google.android.email (pid 24159) has died.
05-20 10:16:00.533 D/ActivityThread(24668): Loading provider com.pekall.semail.provider;com.pekall.semail.notifier: com.pekall.semail.provider.EmailProvider
05-20 10:16:00.596 D/ActivityThread(24668): Loading provider com.pekall.semail.provider;com.pekall.semail.notifier: com.pekall.semail.provider.EmailProvider
05-20 10:16:04.314 W/ActivityManager(  374): Unable to start service Intent { cmp=com.pekall.emdm.launcher/com.pekall.semail.service.AttachmentDownloadService } U=0: not found
05-20 10:16:19.947 W/ActivityManager(  374): Timeout executing service: ServiceRecord{428c3d68 u0 com.pekall.emdm.launcher/com.baidu.location.f}
--------- beginning of /dev/log/main
05-20 10:16:25.674 I/dalvikvm(  448): Wrote stack traces to '/data/anr/traces.txt'
05-20 10:16:26.056 D/dalvikvm(  374): GC_EXPLICIT freed 1964K, 22% free 21094K/26804K, paused 12ms+11ms, total 170ms
05-20 10:16:26.627 I/Process (  374): Sending signal. PID: 12519 SIG: 3
05-20 10:16:26.627 I/dalvikvm(12519): threadid=3: reacting to signal 3
05-20 10:16:26.853 E/ActivityManager(  374): ANR in com.pekall.emdm.launcher:remote
05-20 10:16:26.853 E/ActivityManager(  374): Reason: Executing service com.pekall.emdm.launcher/com.baidu.location.f
05-20 10:16:26.853 E/ActivityManager(  374): Load: 2.41 / 1.57 / 2.24
05-20 10:16:26.853 E/ActivityManager(  374): CPU usage from 0ms to 6880ms later:
05-20 10:16:26.853 E/ActivityManager(  374):   88% 12519/com.pekall.emdm.launcher: 88% user + 0% kernel
05-20 10:16:26.853 E/ActivityManager(  374):   85% 24668/com.pekall.emdm.launcher:remote: 84% user + 0.2% kernel / faults: 115 minor
05-20 10:16:26.853 E/ActivityManager(  374):   21% 374/system_server: 18% user + 3.3% kernel / faults: 387 minor
05-20 10:16:26.853 E/ActivityManager(  374):   3% 448/com.android.systemui: 2.4% user + 0.5% kernel / faults: 33 minor
05-20 10:16:26.853 E/ActivityManager(  374):   0.5% 561/com.android.phone: 0.4% user + 0.1% kernel / faults: 32 minor
05-20 10:16:26.853 E/ActivityManager(  374):   0% 568/com.android.nfc: 0% user + 0% kernel / faults: 32 minor
05-20 10:16:26.853 E/ActivityManager(  374):   0% 106/flush-179:0: 0% user + 0% kernel
05-20 10:16:26.853 E/ActivityManager(  374):   0.1% 10758/com.qihoo.appstore: 0% user + 0.1% kernel
05-20 10:16:26.853 E/ActivityManager(  374):   0% 24505/kworker/1:2: 0% user + 0% kernel
05-20 10:16:26.853 E/ActivityManager(  374): 99% TOTAL: 97% user + 2.3% kernel
05-20 10:16:26.853 E/ActivityManager(  374): CPU usage from 6108ms to 6642ms later:
05-20 10:16:26.853 E/ActivityManager(  374):   98% 12519/com.pekall.emdm.launcher: 98% user + 0% kernel
05-20 10:16:26.853 E/ActivityManager(  374):     96% 12532/Thread-642: 96% user + 0% kernel
05-20 10:16:26.853 E/ActivityManager(  374):   92% 24668/com.pekall.emdm.launcher:remote: 92% user + 0% kernel
05-20 10:16:26.853 E/ActivityManager(  374):     92% 24681/Thread-1089: 92% user + 0% kernel
05-20 10:16:26.853 E/ActivityManager(  374):   7.5% 374/system_server: 3.7% user + 3.7% kernel
05-20 10:16:26.853 E/ActivityManager(  374):     7.5% 390/ActivityManager: 1.8% user + 5.6% kernel
05-20 10:16:26.853 E/ActivityManager(  374): 97% TOTAL: 96% user + 0.9% kernel
05-20 10:16:26.861 W/ActivityManager(  374): Killing ProcessRecord{428538c8 24668:com.pekall.emdm.launcher:remote/u0a10066}: background ANR
05-20 10:16:26.869 I/ActivityManager(  374): Process com.pekall.emdm.launcher:remote (pid 24668) has died.
05-20 10:16:26.869 W/ActivityManager(  374): Scheduling restart of crashed service com.pekall.emdm.launcher/com.baidu.location.f in 80000ms
05-20 10:16:26.877 D/dalvikvm(12519): JIT unchain all for threadid=11
05-20 10:16:27.002 I/dalvikvm(12519): Wrote stack traces to '/data/anr/traces.txt'
05-20 10:16:27.002 D/dalvikvm(  374): GC_FOR_ALLOC freed 1511K, 23% free 20901K/26804K, paused 126ms, total 126ms
05-20 10:16:28.072 D/dalvikvm( 1661): GC_EXPLICIT freed <1K, 18% free 13075K/15888K, paused 3ms+5ms, total 59ms
05-20 10:16:28.533 D/dalvikvm(24550): GC_CONCURRENT freed 332K, 4% free 9151K/9524K, paused 2ms+2ms, total 28ms
05-20 10:16:32.783 W/MountService(  374): getVolumeState(/storage/emulated/0/external_sd): Unknown volume
05-20 10:16:32.791 W/MountService(  374): getVolumeState(/mnt/sdcard-ext): Unknown volume
05-20 10:16:32.791 W/MountService(  374): getVolumeState(/mnt/ext_sdcard): Unknown volume
05-20 10:16:32.791 W/MountService(  374): getVolumeState(/mnt/sdcard2): Unknown volume
05-20 10:16:32.791 W/MountService(  374): getVolumeState(/mnt/emmc): Unknown volume
05-20 10:16:32.791 W/MountService(  374): getVolumeState(/mnt/extSdCard): Unknown volume
05-20 10:16:32.791 W/MountService(  374): getVolumeState(/mnt/sdcard/SD_CARD): Unknown volume
05-20 10:16:32.791 W/MountService(  374): getVolumeState(/mnt/sdcard/extra_sd): Unknown volume
05-20 10:16:32.791 W/MountService(  374): getVolumeState(/mnt/extrasd_bind): Unknown volume
05-20 10:16:32.791 W/MountService(  374): getVolumeState(/mnt/sdcard/ext_sd): Unknown volume
05-20 10:16:32.799 W/MountService(  374): getVolumeState(/storage/extSdCard): Unknown volume
05-20 10:16:32.799 W/MountService(  374): getVolumeState(/storage/sdcard1): Unknown volume
05-20 10:16:32.799 W/MountService(  374): getVolumeState(/mnt/sdcard/external_SD): Unknown volume
05-20 10:16:32.799 W/MountService(  374): getVolumeState(/mnt/sdcard/external_sd): Unknown volume
05-20 10:16:32.806 D/dalvikvm( 1468): GC_CONCURRENT freed 490K, 19% free 9610K/11816K, paused 4ms+4ms, total 36ms
05-20 10:16:32.806 D/dalvikvm( 1468): WAIT_FOR_CONCURRENT_GC blocked 10ms
05-20 10:16:33.103 D/dalvikvm( 1468): GC_CONCURRENT freed 466K, 19% free 9651K/11816K, paused 5ms+4ms, total 45ms
05-20 10:16:33.111 D/dalvikvm( 1468): WAIT_FOR_CONCURRENT_GC blocked 19ms
05-20 10:16:33.111 D/dalvikvm( 1468): WAIT_FOR_CONCURRENT_GC blocked 20ms
05-20 10:16:33.111 W/MountService(  374): getVolumeState(/storage/emulated/0/external_sd): Unknown volume
05-20 10:16:33.111 W/MountService(  374): getVolumeState(/mnt/sdcard-ext): Unknown volume
05-20 10:16:33.111 W/MountService(  374): getVolumeState(/mnt/ext_sdcard): Unknown volume
05-20 10:16:33.111 W/MountService(  374): getVolumeState(/mnt/sdcard2): Unknown volume
