05-20 16:03:08.111 D/NetworkThread( 5090): <dict>
05-20 16:03:08.111 D/NetworkThread( 5090): 	<key>Status</key>
05-20 16:03:08.111 D/NetworkThread( 5090): 	<string>Idle</string>
05-20 16:03:08.111 D/NetworkThread( 5090): 	<key>UDID</key>
05-20 16:03:08.111 D/NetworkThread( 5090): 	<string>00013fbc8ecec5b90000014613abe64a</string>
05-20 16:03:08.111 D/NetworkThread( 5090): </dict>
05-20 16:03:08.111 D/NetworkThread( 5090): </plist>], 
05-20 16:03:08.111 D/HttpClient( 5090): enable apache.http debug
05-20 16:03:08.119 V/DEBUG   ( 5090): HTTP 0
05-20 16:03:08.221 D/dalvikvm(  374): GC_FOR_ALLOC freed 1447K, 26% free 21265K/28664K, paused 93ms, total 93ms
05-20 16:03:08.228 W/WindowManager(  374): Token{4283a7d8 ActivityRecord{42a75f98 u0 com.pekall.emdm.launcher/.Launcher}} failed creating starting window
05-20 16:03:08.228 W/WindowManager(  374): android.view.InflateException: Binary XML file line #34: Error inflating class <unknown>
05-20 16:03:08.228 W/WindowManager(  374): 	at android.view.LayoutInflater.createView(LayoutInflater.java:620)
05-20 16:03:08.228 W/WindowManager(  374): 	at com.android.internal.policy.impl.PhoneLayoutInflater.onCreateView(PhoneLayoutInflater.java:56)
05-20 16:03:08.228 W/WindowManager(  374): 	at android.view.LayoutInflater.onCreateView(LayoutInflater.java:669)
05-20 16:03:08.228 W/WindowManager(  374): 	at android.view.LayoutInflater.createViewFromTag(LayoutInflater.java:694)
05-20 16:03:08.228 W/WindowManager(  374): 	at android.view.LayoutInflater.rInflate(LayoutInflater.java:755)
05-20 16:03:08.228 W/WindowManager(  374): 	at android.view.LayoutInflater.inflate(LayoutInflater.java:492)
05-20 16:03:08.228 W/WindowManager(  374): 	at android.view.LayoutInflater.inflate(LayoutInflater.java:397)
05-20 16:03:08.228 W/WindowManager(  374): 	at android.view.LayoutInflater.inflate(LayoutInflater.java:353)
05-20 16:03:08.228 W/WindowManager(  374): 	at com.android.internal.policy.impl.PhoneWindow.generateLayout(PhoneWindow.java:2823)
05-20 16:03:08.228 W/WindowManager(  374): 	at com.android.internal.policy.impl.PhoneWindow.installDecor(PhoneWindow.java:2886)
05-20 16:03:08.228 W/WindowManager(  374): 	at com.android.internal.policy.impl.PhoneWindow.getDecorView(PhoneWindow.java:1581)
05-20 16:03:08.228 W/WindowManager(  374): 	at com.android.internal.policy.impl.PhoneWindowManager.addStartingWindow(PhoneWindowManager.java:1618)
05-20 16:03:08.228 W/WindowManager(  374): 	at com.android.server.wm.WindowManagerService$H.handleMessage(WindowManagerService.java:6908)
05-20 16:03:08.228 W/WindowManager(  374): 	at android.os.Handler.dispatchMessage(Handler.java:99)
05-20 16:03:08.228 W/WindowManager(  374): 	at android.os.Looper.loop(Looper.java:137)
05-20 16:03:08.228 W/WindowManager(  374): 	at android.os.HandlerThread.run(HandlerThread.java:61)
05-20 16:03:08.228 W/WindowManager(  374): Caused by: java.lang.reflect.InvocationTargetException
05-20 16:03:08.228 W/WindowManager(  374): 	at java.lang.reflect.Constructor.constructNative(Native Method)
05-20 16:03:08.228 W/WindowManager(  374): 	at java.lang.reflect.Constructor.newInstance(Constructor.java:417)
05-20 16:03:08.228 W/WindowManager(  374): 	at android.view.LayoutInflater.createView(LayoutInflater.java:594)
05-20 16:03:08.228 W/WindowManager(  374): 	... 15 more
05-20 16:03:08.228 W/WindowManager(  374): Caused by: android.content.res.Resources$NotFoundException: Resource is not a Drawable (color or path): TypedValue{t=0x2/d=0x1010059 a=-1}
05-20 16:03:08.228 W/WindowManager(  374): 	at android.content.res.Resources.loadDrawable(Resources.java:2063)
05-20 16:03:08.228 W/WindowManager(  374): 	at android.content.res.TypedArray.getDrawable(TypedArray.java:601)
05-20 16:03:08.228 W/WindowManager(  374): 	at android.widget.FrameLayout.<init>(FrameLayout.java:109)
05-20 16:03:08.228 W/WindowManager(  374): 	at android.widget.FrameLayout.<init>(FrameLayout.java:97)
05-20 16:03:08.228 W/WindowManager(  374): 	... 18 more
05-20 16:03:08.236 E/QueryController( 5025): Got null root node from accessibility - Retrying...
05-20 16:03:08.244 D/MDM :   ( 5090): [null:-1]->MSG_WEBSOCKET_MESSAGE : {"id":0,"type":1,"command":0,"result":0,"reason":0}
05-20 16:03:08.252 D/MdmService( 5090): [null:-1]->push message type :1
05-20 16:03:08.252 D/PushMessageManager( 5090): [null:-1]->remove sent message : 0
05-20 16:03:08.260 D/PushMessageManager( 5090): [null:-1]->sent message :{"params":{"device":"00013fbc8ecec5b90000014613abe64a","token":"123456"},"id":0,"command":0,"reason":0,"result":0,"type":0}
05-20 16:03:08.260 D/PushMessageManager( 5090): [null:-1]->has message : 0
05-20 16:03:08.260 D/PushMessageManager( 5090): [null:-1]->sSentMessage not empty : 1
05-20 16:03:08.260 D/MDM :   ( 5090): [null:-1]->MSG_WEBSOCKET_MESSAGE : {"id":-1480560853,"type":0,"command":0,"result":0,"reason":0,"params":{"device":"00013fbc8ecec5b90000014613abe64a","message":"{\"cmd\":\"10119\"}"}}
05-20 16:03:08.267 D/MdmService( 5090): [null:-1]->push message type :0
05-20 16:03:08.267 D/MdmService( 5090): [null:-1]->cmdMessage : {"cmd":"10119"}
05-20 16:03:08.267 D/MdmService( 5090): [null:-1]->command : PushCommandMsg{cmd='10119', msg='null'}
05-20 16:03:08.267 D/MdmService( 5090): [null:-1]->MdmStatusManager is busy , wait......
05-20 16:03:08.275 D/MDM :   ( 5090): [null:-1]->MSG_WEBSOCKET_MESSAGE : {"id":1212799750,"type":0,"command":0,"result":0,"reason":0,"params":{"device":"00013fbc8ecec5b90000014613abe64a","message":"{\"cmd\":\"10119\"}"}}
05-20 16:03:08.283 D/MdmService( 5090): [null:-1]->push message type :0
05-20 16:03:08.283 D/MdmService( 5090): [null:-1]->cmdMessage : {"cmd":"10119"}
05-20 16:03:08.283 D/MdmService( 5090): [null:-1]->command : PushCommandMsg{cmd='10119', msg='null'}
05-20 16:03:08.283 D/MdmService( 5090): [null:-1]->MdmStatusManager is busy , wait......
05-20 16:03:08.291 D/MDM :   ( 5090): [null:-1]->MSG_WEBSOCKET_MESSAGE : {"id":24068891,"type":0,"command":0,"result":0,"reason":0,"params":{"device":"00013fbc8ecec5b90000014613abe64a","message":"{\"cmd\":\"10119\"}"}}
05-20 16:03:08.306 D/MDM :   ( 5090): [null:-1]->statusCode : 200
05-20 16:03:08.306 D/MDM :   ( 5090): [null:-1]->statusCode : 200
05-20 16:03:08.306 V/DEBUG   ( 5090): HTTP 1
05-20 16:03:08.314 D/MdmService( 5090): [null:-1]->push message type :0
05-20 16:03:08.314 D/MdmService( 5090): [null:-1]->cmdMessage : {"cmd":"10119"}
05-20 16:03:08.314 D/MdmService( 5090): [null:-1]->command : PushCommandMsg{cmd='10119', msg='null'}
05-20 16:03:08.314 D/MdmService( 5090): [null:-1]->MdmStatusManager is busy , wait......
05-20 16:03:08.322 D/MDM :   ( 5090): [null:-1]->MSG_WEBSOCKET_MESSAGE : {"id":-126566277,"type":0,"command":0,"result":0,"reason":0,"params":{"msgId":"1ccbe655-7e65-4524-ad87-7625df9d14b6,1ccbe6557e654524ad877625df9d14b6","device":"00013fbc8ecec5b90000014613abe64a","message":"{\"cmd\":\"10119\"}"}}
05-20 16:03:08.338 D/MdmService( 5090): [null:-1]->push message type :0
05-20 16:03:08.338 D/MdmService( 5090): [null:-1]->cmdMessage : {"cmd":"10119"}
05-20 16:03:08.338 D/MdmService( 5090): [null:-1]->command : PushCommandMsg{cmd='10119', msg='null'}
05-20 16:03:08.338 D/MdmService( 5090): [null:-1]->MdmStatusManager is busy , wait......
05-20 16:03:08.346 D/MDM :   ( 5090): [null:-1]->MSG_WEBSOCKET_MESSAGE : {"id":0,"type":1,"command":0,"result":0,"reason":0}
05-20 16:03:08.361 D/MdmService( 5090): [null:-1]->push message type :1
05-20 16:03:08.361 D/PushMessageManager( 5090): [null:-1]->remove sent message : 0
05-20 16:03:08.369 D/MDM :   ( 5090): [null:-1]->read network input stream
05-20 16:03:08.369 D/MDM :   ( 5090): [null:-1]->read network input stream
05-20 16:03:08.377 D/MDM :   ( 5090): [null:-1]->Get joson string: <?xml version="1.0" encoding="UTF-8"?>
05-20 16:03:08.377 D/MDM :   ( 5090): <!DOCTYPE plist PUBLIC "-//Apple//DTD PLIST 1.0//EN" "http://www.apple.com/DTDs/PropertyList-1.0.dtd">
05-20 16:03:08.377 D/MDM :   ( 5090): <plist version="1.0">
05-20 16:03:08.377 D/MDM :   ( 5090): <dict>
05-20 16:03:08.377 D/MDM :   ( 5090): 	<key>CommandUUID</key>
05-20 16:03:08.377 D/MDM :   ( 5090): 	<string>5ee339d8-8ce9-41ec-89d6-b589fc67e46d</string>
05-20 16:03:08.377 D/MDM :   ( 5090): 	<key>Command</key>
05-20 16:03:08.377 D/MDM :   ( 5090): 	<dict>
05-20 16:03:08.377 D/MDM :   ( 5090): 		<key>Queries</key>
05-20 16:03:08.377 D/MDM :   ( 5090): 		<array>
05-20 16:03:08.377 D/MDM :   ( 5090): 			<string>UDID</string>
05-20 16:03:08.377 D/MDM :   ( 5090): 			<string>DeviceName</string>
05-20 16:03:08.377 D/MDM :   ( 5090): 			<string>OSVersion</string>
05-20 16:03:08.377 D/MDM :   ( 5090): 			<string>BuildVersion</string>
05-20 16:03:08.377 D/MDM :   ( 5090): 			<string>ModelName</string>
05-20 16:03:08.377 D/MDM :   ( 5090): 			<string>Model</string>
05-20 16:03:08.377 D/MDM :   ( 5090): 			<string>ProductName</string>
05-20 16:03:08.377 D/MDM :   ( 5090): 			<string>SerialNumber</string>
05-20 16:03:08.377 D/MDM :   ( 5090): 			<string>DeviceCapacity</string>
05-20 16:03:08.377 D/MDM :   ( 5090): 			<string>AvailableDeviceCapacity</string>
05-20 16:03:08.377 D/MDM :   ( 5090): 			<string>BatteryLevel</string>
05-20 16:03:08.377 D/MDM :   ( 5090): 			<string>CellularTechnology</string>
05-20 16:03:08.377 D/MDM :   ( 5090): 			<string>IMEI</string>
05-20 16:03:08.377 D/MDM :   ( 5090): 			<string>MEID</string>
05-20 16:03:08.377 D/MDM :   ( 5090): 			<string>ModemFirmwareVersion</string>
05-20 16:03:08.377 D/MDM :   ( 5090): 			<string>ICCID</string>
05-20 16:03:08.377 D/MDM :   ( 5090): 			<string>BluetoothMAC</string>
05-20 16:03:08.377 D/MDM :   ( 5090): 			<string>WiFiMAC</string>
05-20 16:03:08.377 D/MDM :   ( 5090): 			<string>EthernetMAC</string>
05-20 16:03:08.377 D/MDM :   ( 5090): 			<string>CurrentCarrierNetwork</string>
05-20 16:03:08.377 D/MDM :   ( 5090): 			<string>SIMCarrierNetwork</string>
05-20 16:03:08.377 D/MDM :   ( 5090): 			<string>SubscriberCarrierNetwork</string>
05-20 16:03:08.377 D/MDM :   ( 5090): 			<string>CarrierSettingsVersion</string>
05-20 16:03:08.377 D/MDM :   ( 5090): 			<string>PhoneNumber</string>
05-20 16:03:08.377 D/MDM :   ( 5090): 			<string>VoiceRoamingEnabled</string>
05-20 16:03:08.377 D/MDM :   ( 5090): 			<string>DataRoamingEnabled</string>
05-20 16:03:08.377 D/MDM :   ( 5090): 			<string>IsRoaming</string>
05-20 16:03:08.377 D/MDM :   ( 5090): 			<string>SubscriberMCC</string>
05-20 16:03:08.377 D/MDM :   ( 5090): 			<string>SubscriberMNC</string>
05-20 16:03:08.377 D/MDM :   ( 5090): 			<string>SIMMCC</string>
05-20 16:03:08.377 D/MDM :   ( 5090): 			<string>SIMMNC</string>
05-20 16:03:08.377 D/MDM :   ( 5090): 			<string>CurrentMCC</string>
05-20 16:03:08.377 D/MDM :   ( 5090): 			<string>CurrentMNC</string>
05-20 16:03:08.377 D/MDM :   ( 5090): 		</array>
05-20 16:03:08.377 D/MDM :   ( 5090): 		<key>RequestType</key>
05-20 16:03:08.377 D/MDM :   ( 5090): 		<string>DeviceInformation</string>
05-20 16:03:08.377 D/MDM :   ( 5090): 	</dict>
05-20 16:03:08.377 D/MDM :   ( 5090): </dict>
05-20 16:03:08.377 D/MDM :   ( 5090): </plist>
05-20 16:03:08.377 D/PushMessageManager( 5090): [null:-1]->sent message :{"params":{"device":"00013fbc8ecec5b90000014613abe64a","token":"123456"},"id":0,"command":0,"reason":0,"result":0,"type":0}
05-20 16:03:08.377 D/PushMessageManager( 5090): [null:-1]->has message : 0
05-20 16:03:08.377 D/MDM :   ( 5090): [null:-1]->MSG_WEBSOCKET_MESSAGE : {"id":-1480560853,"type":0,"command":0,"result":0,"reason":0,"params":{"device":"00013fbc8ecec5b90000014613abe64a","message":"{\"cmd\":\"10119\"}"}}
05-20 16:03:08.392 D/MdmService( 5090): [null:-1]->push message type :0
05-20 16:03:08.392 D/MdmService( 5090): [null:-1]->cmdMessage : {"cmd":"10119"}
05-20 16:03:08.400 D/MdmService( 5090): [null:-1]->command : PushCommandMsg{cmd='10119', msg='null'}
05-20 16:03:08.400 D/MdmService( 5090): [null:-1]->MdmStatusManager is busy , wait......
05-20 16:03:08.400 D/MDM :   ( 5090): [null:-1]->MSG_WEBSOCKET_MESSAGE : {"id":1212799750,"type":0,"command":0,"result":0,"reason":0,"params":{"device":"00013fbc8ecec5b90000014613abe64a","message":"{\"cmd\":\"10119\"}"}}
05-20 16:03:08.431 D/MdmService( 5090): [null:-1]->push message type :0
05-20 16:03:08.431 D/MdmService( 5090): [null:-1]->cmdMessage : {"cmd":"10119"}
05-20 16:03:08.431 D/MdmService( 5090): [null:-1]->command : PushCommandMsg{cmd='10119', msg='null'}
05-20 16:03:08.431 D/MdmService( 5090): [null:-1]->MdmStatusManager is busy , wait......
05-20 16:03:08.431 D/MDM :   ( 5090): [null:-1]->MSG_WEBSOCKET_MESSAGE : {"id":24068891,"type":0,"command":0,"result":0,"reason":0,"params":{"device":"00013fbc8ecec5b90000014613abe64a","message":"{\"cmd\":\"10119\"}"}}
05-20 16:03:08.455 D/MdmService( 5090): [null:-1]->push message type :0
05-20 16:03:08.463 D/MdmService( 5090): [null:-1]->cmdMessage : {"cmd":"10119"}
05-20 16:03:08.463 D/MdmService( 5090): [null:-1]->command : PushCommandMsg{cmd='10119', msg='null'}
05-20 16:03:08.463 D/MdmService( 5090): [null:-1]->MdmStatusManager is busy , wait......
05-20 16:03:08.471 D/MDM :   ( 5090): [null:-1]->MSG_WEBSOCKET_MESSAGE : {"id":-126566277,"type":0,"command":0,"result":0,"reason":0,"params":{"device":"00013fbc8ecec5b90000014613abe64a","message":"{\"cmd\":\"10119\"}"}}
05-20 16:03:08.478 D/CheckInTransInfo( 5090): [null:-1]->CommandMsg : CommandMsg{CommandUUID='5ee339d8-8ce9-41ec-89d6-b589fc67e46d', Command=CommandObject{RequestType='DeviceInformation'}}
05-20 16:03:08.486 D/MdmService( 5090): [null:-1]->push message type :0
05-20 16:03:08.486 D/MdmService( 5090): [null:-1]->cmdMessage : {"cmd":"10119"}
05-20 16:03:08.486 D/MdmService( 5090): [null:-1]->command : PushCommandMsg{cmd='10119', msg='null'}
05-20 16:03:08.486 D/MdmService( 5090): [null:-1]->MdmStatusManager is busy , wait......
05-20 16:03:08.486 E/QueryController( 5025): Got null root node from accessibility - Retrying...
05-20 16:03:08.494 D/LauncherApplication( 5090): [null:-1]->onActivityPaused
05-20 16:03:08.549 D/NetworkThread( 5090): [null:-1]->clear mCurrentTransInfo
05-20 16:03:08.549 D/NetworkThread( 5090): [null:-1]->sendHttpPost:PostRequest, url: http://192.168.10.21/rest/mdm/v1/system/check_mdm_app, Params: [version:71][os:51201][pkg_name:com.pekall.emdm.launcher], 
05-20 16:03:08.549 D/HttpClient( 5090): enable apache.http debug
05-20 16:03:08.549 D/MDM :   ( 5090): [null:-1]->width 104
05-20 16:03:08.549 D/MDM :   ( 5090): [null:-1]->height 104
05-20 16:03:08.549 D/MDM :   ( 5090): [null:-1]->scale 0.5
05-20 16:03:08.556 V/DEBUG   ( 5090): HTTP 0
05-20 16:03:08.564 D/MDM :   ( 5090): [null:-1]->tint false
05-20 16:03:08.564 D/MDM :   ( 5090): [null:-1]->width 104
05-20 16:03:08.572 D/MDM :   ( 5090): [null:-1]->height 104
05-20 16:03:08.572 D/MDM :   ( 5090): [null:-1]->scale 0.5
05-20 16:03:08.580 D/MDM :   ( 5090): [null:-1]->tint false
05-20 16:03:08.580 D/MDM :   ( 5090): [null:-1]->icon instanceof BitmapDrawable
05-20 16:03:08.580 D/MDM :   ( 5090): [null:-1]->  iconWidth 87
05-20 16:03:08.580 D/MDM :   ( 5090): [null:-1]->  iconHeight 87
05-20 16:03:08.588 D/MDM :   ( 5090): [null:-1]->  107 87
05-20 16:03:08.588 D/MDM :   ( 5090): [null:-1]->width 104
05-20 16:03:08.588 D/MDM :   ( 5090): [null:-1]->height 104
05-20 16:03:08.588 D/MDM :   ( 5090): [null:-1]->scale 1.0
05-20 16:03:08.744 E/QueryController( 5025): Got null root node from accessibility - Retrying...
05-20 16:03:08.838 D/dalvikvm( 5090): JIT unchain all for threadid=11
05-20 16:03:08.853 D/MDM :   ( 5090): [null:-1]->tint false
05-20 16:03:08.853 D/MDM :   ( 5090): [null:-1]->width 104
05-20 16:03:08.853 D/MDM :   ( 5090): [null:-1]->height 104
05-20 16:03:08.853 D/MDM :   ( 5090): [null:-1]->scale 1.0
05-20 16:03:08.994 E/QueryController( 5025): Cannot proceed when root node is null. Aborted search
05-20 16:03:09.002 E/QueryController( 5025): Got null root node from accessibility - Retrying...
05-20 16:03:09.135 D/dalvikvm( 5090): JIT unchain all for threadid=11
05-20 16:03:09.158 D/dalvikvm( 5090): GC_CONCURRENT freed 4537K, 19% free 20150K/24792K, paused 269ms+259ms, total 571ms
05-20 16:03:09.166 D/dalvikvm( 5090): WAIT_FOR_CONCURRENT_GC blocked 306ms
05-20 16:03:09.166 D/dalvikvm( 5090): WAIT_FOR_CONCURRENT_GC blocked 298ms
05-20 16:03:09.174 D/MDM :   ( 5090): [null:-1]->tint false
05-20 16:03:09.181 D/MDM :   ( 5090): [null:-1]->icon instanceof BitmapDrawable
05-20 16:03:09.181 D/MDM :   ( 5090): [null:-1]->  iconWidth 87
05-20 16:03:09.181 D/MDM :   ( 5090): [null:-1]->  iconHeight 87
05-20 16:03:09.181 D/MDM :   ( 5090): [null:-1]->  107 87
05-20 16:03:09.181 D/MDM :   ( 5090): [null:-1]->width 104
05-20 16:03:09.181 D/MDM :   ( 5090): [null:-1]->height 104
05-20 16:03:09.181 D/MDM :   ( 5090): [null:-1]->scale 1.0
05-20 16:03:09.189 D/MDM :   ( 5090): [null:-1]->tint false
05-20 16:03:09.189 D/MDM :   ( 5090): [null:-1]->width 104
05-20 16:03:09.189 D/MDM :   ( 5090): [null:-1]->height 104
05-20 16:03:09.189 D/MDM :   ( 5090): [null:-1]->scale 1.0
05-20 16:03:09.189 D/MDM :   ( 5090): [null:-1]->tint false
05-20 16:03:09.189 D/MDM :   ( 5090): [null:-1]->icon instanceof BitmapDrawable
05-20 16:03:09.197 D/MDM :   ( 5090): [null:-1]->  iconWidth 87
05-20 16:03:09.197 D/MDM :   ( 5090): [null:-1]->  iconHeight 87
05-20 16:03:09.197 D/MDM :   ( 5090): [null:-1]->  107 87
05-20 16:03:09.197 D/MDM :   ( 5090): [null:-1]->width 104
05-20 16:03:09.197 D/MDM :   ( 5090): [null:-1]->height 104
05-20 16:03:09.197 D/MDM :   ( 5090): [null:-1]->scale 1.0
05-20 16:03:09.197 D/MDM :   ( 5090): [null:-1]->tint false
05-20 16:03:09.252 E/QueryController( 5025): Got null root node from accessibility - Retrying...
05-20 16:03:09.447 D/dalvikvm( 5090): JIT unchain all for threadid=11
05-20 16:03:09.486 D/dalvikvm( 5090): GC_FOR_ALLOC freed 834K, 20% free 20051K/24792K, paused 282ms, total 282ms
05-20 16:03:09.494 I/dalvikvm-heap( 5090): Grow heap (frag case) to 22.940MB for 3415696-byte allocation
05-20 16:03:09.502 E/QueryController( 5025): Got null root node from accessibility - Retrying...
05-20 16:03:09.752 D/dalvikvm( 5090): JIT unchain all for threadid=11
05-20 16:03:09.752 E/QueryController( 5025): Cannot proceed when root node is null. Aborted search
05-20 16:03:09.760 E/QueryController( 5025): Got null root node from accessibility - Retrying...
05-20 16:03:09.783 D/dalvikvm( 5090): GC_FOR_ALLOC freed 4K, 17% free 23382K/28128K, paused 283ms, total 283ms
05-20 16:03:09.791 V/Launcher( 5090): isLauncherDf = true
05-20 16:03:09.791 V/Launcher( 5090): isPhoneDf = true
05-20 16:03:09.791 D/        ( 5090): [---null: -1---]  ScreenWidth  720
05-20 16:03:09.791 D/        ( 5090): [---null: -1---]  ScreenHeight  1184
05-20 16:03:09.799 D/MDM :   ( 5090): [null:-1]->statusCode : 200
05-20 16:03:09.799 D/MDM :   ( 5090): [null:-1]->statusCode : 200
05-20 16:03:09.806 V/DEBUG   ( 5090): HTTP 1
05-20 16:03:09.806 D/HomeLoaders( 5090): load applications
05-20 16:03:09.806 D/MDM :   ( 5090): [null:-1]->read network input stream
05-20 16:03:09.806 D/HomeLoaders( 5090):   --> applications loaded, return
05-20 16:03:09.806 D/HomeLoaders( 5090): loading user items in Thread[main,5,main]
05-20 16:03:09.806 D/HomeLoaders( 5090):   --> items loaded, return
05-20 16:03:09.806 D/HomeLoaders( 5090):   --> loading from cache: 11, 0
05-20 16:03:09.806 D/Launcher( 5090): ------> binding 11 items
05-20 16:03:09.806 D/Launcher( 5090): ------> binding 0 widgets
05-20 16:03:09.806 D/Launcher( 5090): ------> start binding items
05-20 16:03:09.806 W/Parcel  ( 1661): Attempt to read object from Parcel 0x5ded3dac at offset 200 that is not in the object list
05-20 16:03:09.814 W/Parcel  ( 1661): Attempt to read object from Parcel 0x5dfd3dac at offset 200 that is not in the object list
05-20 16:03:09.814 D/Email   ( 5090): Email: init sandbox at the beginning.
05-20 16:03:09.814 V/l       ( 5090): Bind requested for task setLogging
05-20 16:03:09.814 D/MDM :   ( 5090): [null:-1]->Get joson string: {"result":0,"mdmClientInfos":{"id":25,"type":51107,"url":"https://test.mdm.everknow.cn/resources/api/v1/download/guest?uuid=eca69f8414814a005b0ff01b7877","pkgName":"com.pekall.emdm.launcher","platform":51201,"comId":1,"appVersionCode":72,"appVersionName":"BYOD_2.1.0424","appAuthor":null,"appIcon":null,"appName":"Pekall enterprise mobile office","appSize":null,"minSdk":null,"updateTime":1398754856000,"forceUpdate":0,"updateInfo":null,"new":false}}
05-20 16:03:09.822 D/NetworkThread( 5090): [null:-1]->clear mCurrentTransInfo
05-20 16:03:09.822 D/NetworkThread( 5090): [null:-1]->queue is empty, thread wait...
05-20 16:03:09.838 W/Parcel  ( 1661): Attempt to read object from Parcel 0x6013bdac at offset 200 that is not in the object list
05-20 16:03:09.838 W/Parcel  ( 1661): Attempt to read object from Parcel 0x6003bdac at offset 200 that is not in the object list
05-20 16:03:09.846 V/LauncherApplication( 5090): onActivityStarted
05-20 16:03:09.846 D/        ( 5090): [---null: -1---]     awsa  onActivityResumed
05-20 16:03:09.846 V/LauncherApplication( 5090): 2MdmConstant.LAST_LAUNCH_TIME = 1400572974874
05-20 16:03:09.853 D/        ( 5090): [---null: -1---]  activity = com.pekall.emdm.launcher.Launcher
05-20 16:03:09.853 V/DefultSetContriller( 5090): isLauncherDf = com.pekall.emdm.launcher
05-20 16:03:09.853 V/DefultSetContriller( 5090): isLauncherDf = com.pekall.emdm.launcher
05-20 16:03:09.861 V/DefultSetContriller( 5090): isPhoneDf = com.pekall.emdm.launcher
05-20 16:03:09.861 E/LauncherApplication( 5090): isShowLogoutUI = true
05-20 16:03:09.861 E/LauncherApplication( 5090): LogoutShowTime 1
05-20 16:03:09.861 V/Launcher( 5090): onResume1111111 
05-20 16:03:09.861 V/Launcher( 5090): is login ----> 
05-20 16:03:09.861 I/System.out( 5090):  
05-20 16:03:09.861 I/System.out( 5090): com.pekall.emdm.launcher.Workspace.setWallpaper(Unknown Source)
05-20 16:03:09.861 I/System.out( 5090): com.pekall.emdm.launcher.Launcher.onResume(Unknown Source)
05-20 16:03:09.861 I/System.out( 5090): android.app.Instrumentation.callActivityOnResume(Instrumentation.java:1192)
05-20 16:03:09.861 I/System.out( 5090): android.app.Activity.performResume(Activity.java:5211)
05-20 16:03:09.861 I/System.out( 5090): android.app.ActivityThread.performResumeActivity(ActivityThread.java:2780)
05-20 16:03:09.861 I/System.out( 5090): android.app.ActivityThread.handleResumeActivity(ActivityThread.java:2819)
05-20 16:03:09.861 I/System.out( 5090): android.app.ActivityThread.handleLaunchActivity(ActivityThread.java:2266)
05-20 16:03:09.861 I/System.out( 5090): android.app.ActivityThread.access$600(ActivityThread.java:141)
05-20 16:03:09.861 I/System.out( 5090): android.app.ActivityThread$H.handleMessage(ActivityThread.java:1256)
05-20 16:03:09.861 I/System.out( 5090): android.os.Handler.dispatchMessage(Handler.java:99)
05-20 16:03:09.861 I/System.out( 5090): android.os.Looper.loop(Looper.java:137)
05-20 16:03:09.861 I/System.out( 5090): android.app.ActivityThread.main(ActivityThread.java:5103)
05-20 16:03:09.861 I/System.out( 5090): java.lang.reflect.Method.invokeNative(Native Method)
05-20 16:03:09.861 I/System.out( 5090): java.lang.reflect.Method.invoke(Method.java:525)
05-20 16:03:09.861 I/System.out( 5090): com.android.internal.os.ZygoteInit$MethodAndArgsCaller.run(ZygoteInit.java:737)
05-20 16:03:09.861 I/System.out( 5090): com.android.internal.os.ZygoteInit.main(ZygoteInit.java:553)
05-20 16:03:09.861 I/System.out( 5090): dalvik.system.NativeStart.main(Native Method)
05-20 16:03:10.010 E/QueryController( 5025): Got null root node from accessibility - Retrying...
05-20 16:03:10.119 D/dalvikvm( 5090): JIT unchain all for threadid=11
05-20 16:03:10.150 D/dalvikvm( 5090): GC_FOR_ALLOC freed 3616K, 20% free 20067K/24780K, paused 286ms, total 287ms
05-20 16:03:10.174 I/dalvikvm-heap( 5090): Grow heap (frag case) to 22.955MB for 3415696-byte allocation
05-20 16:03:10.260 E/QueryController( 5025): Got null root node from accessibility - Retrying...
05-20 16:03:10.431 D/dalvikvm( 5090): JIT unchain all for threadid=11
05-20 16:03:10.463 D/dalvikvm( 5090): GC_FOR_ALLOC freed <1K, 17% free 23401K/28116K, paused 285ms, total 285ms
05-20 16:03:10.471 D/MdmService( 5090): [null:-1]->handleCheckInResult
05-20 16:03:10.478 D/MdmService( 5090): [null:-1]->handleCheckInResult result keyIndex: 3
05-20 16:03:10.478 D/MDM :   ( 5090): [null:-1]->width 104
05-20 16:03:10.478 D/MDM :   ( 5090): [null:-1]->height 104
05-20 16:03:10.478 D/MDM :   ( 5090): [null:-1]->scale 1.0
05-20 16:03:10.478 D/MDM :   ( 5090): [null:-1]->tint false
05-20 16:03:10.478 D/MDM :   ( 5090): [null:-1]->width 104
05-20 16:03:10.478 D/MDM :   ( 5090): [null:-1]->height 104
05-20 16:03:10.478 D/MDM :   ( 5090): [null:-1]->scale 1.0
05-20 16:03:10.478 D/MDM :   ( 5090): [null:-1]->tint false
05-20 16:03:10.486 D/MDM :   ( 5090): [null:-1]->width 104
05-20 16:03:10.486 D/MDM :   ( 5090): [null:-1]->height 104
05-20 16:03:10.486 D/MDM :   ( 5090): [null:-1]->scale 1.0
05-20 16:03:10.486 D/MDM :   ( 5090): [null:-1]->tint false
05-20 16:03:10.486 D/MDM :   ( 5090): [null:-1]->width 104
05-20 16:03:10.486 D/MDM :   ( 5090): [null:-1]->height 104
05-20 16:03:10.486 D/MDM :   ( 5090): [null:-1]->scale 1.0
05-20 16:03:10.486 D/MDM :   ( 5090): [null:-1]->tint false
05-20 16:03:10.494 D/MDM :   ( 5090): [null:-1]->width 104
05-20 16:03:10.494 D/MDM :   ( 5090): [null:-1]->height 104
05-20 16:03:10.494 D/MDM :   ( 5090): [null:-1]->scale 1.0
05-20 16:03:10.494 D/MDM :   ( 5090): [null:-1]->tint false
05-20 16:03:10.494 D/MDM :   ( 5090): [null:-1]->width 104
05-20 16:03:10.494 D/MDM :   ( 5090): [null:-1]->height 104
05-20 16:03:10.494 D/MDM :   ( 5090): [null:-1]->scale 1.0
05-20 16:03:10.502 D/MDM :   ( 5090): [null:-1]->tint false
05-20 16:03:10.502 D/MDM :   ( 5090): [null:-1]->width 104
05-20 16:03:10.502 D/MDM :   ( 5090): [null:-1]->height 104
05-20 16:03:10.502 D/MDM :   ( 5090): [null:-1]->scale 1.0
05-20 16:03:10.502 D/MDM :   ( 5090): [null:-1]->tint false
05-20 16:03:10.510 D/MDM :   ( 5090): [null:-1]->width 104
05-20 16:03:10.510 D/MDM :   ( 5090): [null:-1]->height 104
05-20 16:03:10.510 D/MDM :   ( 5090): [null:-1]->scale 1.0
05-20 16:03:10.510 E/QueryController( 5025): Cannot proceed when root node is null. Aborted search
05-20 16:03:10.510 E/QueryController( 5025): Got null root node from accessibility - Retrying...
05-20 16:03:10.510 D/MDM :   ( 5090): [null:-1]->tint false
05-20 16:03:10.517 V/CounterTextView( 5090): onReceive
05-20 16:03:10.517 D/        ( 5090): [---null: -1---]   msg  xxd1
05-20 16:03:10.517 D/        ( 5090): [---null: -1---]  xxd111  getPackageName  com.pekall.emdm.launcher
05-20 16:03:10.517 D/        ( 5090): [---null: -1---]  xxd111  getClassName  com.pekall.emdm.document.activity.DocMainActivity
05-20 16:03:10.525 D/        ( 5090): [---null: -1---]  xxd111  info.title  Document Manager ,count is 0
05-20 16:03:10.525 D/        ( 5090): [---null: -1---]  xxd111  getPackageName  com.pekall.emdm.launcher
05-20 16:03:10.525 D/        ( 5090): [---null: -1---]  xxd111  getClassName  com.pekall.emdm.launcher.ui.BackPersonalActivity
05-20 16:03:10.525 D/        ( 5090): [---null: -1---]  xxd111  info.title  Personal Mode ,count is 0
05-20 16:03:10.525 W/ActivityManager(  374): Unable to start service Intent { cmp=com.pekall.emdm.launcher/com.pekall.semail.service.AttachmentDownloadService } U=0: not found
05-20 16:03:10.533 D/        ( 5090): [---null: -1---]  xxd111  getPackageName  com.pekall.emdm.launcher
05-20 16:03:10.533 D/        ( 5090): [---null: -1---]  xxd111  getClassName  com.pekall.semail.activity.Welcome
05-20 16:03:10.533 D/CommandManager( 5090): [null:-1]->execute command: CommandMsg{CommandUUID='5ee339d8-8ce9-41ec-89d6-b589fc67e46d', Command=CommandObject{RequestType='DeviceInformation'}}
05-20 16:03:10.541 I/Email   ( 5090): Notifications being toggled: false
05-20 16:03:10.541 D/        ( 5090): [---null: -1---]  xxd111  info.title  Email ,count is 0
05-20 16:03:10.549 D/MDM :   ( 5090): [null:-1]->username is : zhenhua.sang@pekall.com ,pwd is 123456
05-20 16:03:10.549 I/System.out( 5090): [cjx]authenticateUser,zhenhua.sang@pekall.com,123456
05-20 16:03:10.549 I/System.out( 5090): [cjx]to generate user KEK now,keyLength:32,algorithm:Rijndael256
05-20 16:03:10.666 I/System.out( 5090): [cjx]blockSize:32
05-20 16:03:10.666 I/System.out( 5090): [cjx]iv:[112, 101, 107, 97, 108, 108, 50, 48, 49, 52, 97, 101, 115, 99, 106, 120, 112, 101, 107, 97, 108, 108, 50, 48, 49, 52, 97, 101, 115, 99, 106, 120]
05-20 16:03:10.666 I/System.out( 5090): [cjx]secret:[-94, 35, 21, 34, 6, -61, -108, -46, 6, 56, -82, 111, 24, -59, 0, -21, 43, -46, -16, 27, -76, 52, 9, 117, -69, 64, 55, -122, -120, -69, -38, 9]
05-20 16:03:10.666 I/System.out( 5090): [cjx]to generate user KEK now,keyLength:32,algorithm:Rijndael256
05-20 16:03:10.760 E/QueryController( 5025): Got null root node from accessibility - Retrying...
05-20 16:03:10.791 I/System.out( 5090): [cjx]blockSize:32
05-20 16:03:10.791 I/System.out( 5090): [cjx]iv:[112, 101, 107, 97, 108, 108, 50, 48, 49, 52, 97, 101, 115, 99, 106, 120, 112, 101, 107, 97, 108, 108, 50, 48, 49, 52, 97, 101, 115, 99, 106, 120]
05-20 16:03:10.791 I/System.out( 5090): [cjx]secret:[-94, 35, 21, 34, 6, -61, -108, -46, 6, 56, -82, 111, 24, -59, 0, -21, 43, -46, -16, 27, -76, 52, 9, 117, -69, 64, 55, -122, -120, -69, -38, 9]
05-20 16:03:10.791 D/ExchangeService( 5090): !!! EAS ExchangeService, onCreate
05-20 16:03:10.791 W/Parcel  ( 1661): Attempt to read object from Parcel 0x5ef3bdac at offset 200 that is not in the object list
05-20 16:03:10.806 W/Parcel  ( 1661): Attempt to read object from Parcel 0x5ec3bdac at offset 200 that is not in the object list
05-20 16:03:10.806 W/ActivityManager(  374): Unable to start service Intent { act=pekall.intent.action.DOWNLOAD_APP (has extras) } U=0: not found
05-20 16:03:10.822 D/        ( 5090): [---null: -1---]  1111222  mLongAxisStartPadding110
05-20 16:03:10.822 D/        ( 5090): [---null: -1---]  11112223  heightSpecSize1094
05-20 16:03:10.822 D/        ( 5090): [---null: -1---]  11112223  mLongAxisStartPadding110
05-20 16:03:10.830 D/        ( 5090): [---null: -1---]  11112223  mLongAxisEndPadding110
05-20 16:03:10.830 D/        ( 5090): [---null: -1---]  11112223  mRows4
05-20 16:03:10.830 D/        ( 5090): [---null: -1---]  1111222  mLongAxisStartPadding110
05-20 16:03:10.830 D/        ( 5090): [---null: -1---]  11112223  heightSpecSize1094
05-20 16:03:10.830 D/        ( 5090): [---null: -1---]  11112223  mLongAxisStartPadding110
05-20 16:03:10.830 D/        ( 5090): [---null: -1---]  11112223  mLongAxisEndPadding110
05-20 16:03:10.830 D/        ( 5090): [---null: -1---]  11112223  mRows4
05-20 16:03:10.830 D/        ( 5090): [---null: -1---]  1111222  mLongAxisStartPadding110
05-20 16:03:10.838 D/        ( 5090): [---null: -1---]  11112223  heightSpecSize1094
05-20 16:03:10.838 D/        ( 5090): [---null: -1---]  11112223  mLongAxisStartPadding110
05-20 16:03:10.838 D/        ( 5090): [---null: -1---]  11112223  mLongAxisEndPadding110
05-20 16:03:10.838 D/        ( 5090): [---null: -1---]  11112223  mRows4
05-20 16:03:10.846 D/        ( 5090): [---null: -1---]  1111222  mLongAxisStartPadding110
05-20 16:03:10.846 D/        ( 5090): [---null: -1---]  11112223  heightSpecSize1094
05-20 16:03:10.846 D/        ( 5090): [---null: -1---]  11112223  mLongAxisStartPadding110
05-20 16:03:10.846 D/        ( 5090): [---null: -1---]  11112223  mLongAxisEndPadding110
05-20 16:03:10.846 D/        ( 5090): [---null: -1---]  11112223  mRows4
05-20 16:03:10.846 D/        ( 5090): [---null: -1---]  1111222  mLongAxisStartPadding110
05-20 16:03:10.846 D/        ( 5090): [---null: -1---]  11112223  heightSpecSize1094
05-20 16:03:10.846 D/        ( 5090): [---null: -1---]  11112223  mLongAxisStartPadding110
05-20 16:03:10.853 D/        ( 5090): [---null: -1---]  11112223  mLongAxisEndPadding110
05-20 16:03:10.853 D/        ( 5090): [---null: -1---]  11112223  mRows4
05-20 16:03:10.853 D/        ( 5090): [---null: -1---]  1111222  mLongAxisStartPadding110
05-20 16:03:10.853 D/        ( 5090): [---null: -1---]  11112223  heightSpecSize1094
05-20 16:03:10.853 D/        ( 5090): [---null: -1---]  11112223  mLongAxisStartPadding110
05-20 16:03:10.853 D/        ( 5090): [---null: -1---]  11112223  mLongAxisEndPadding110
05-20 16:03:10.853 D/        ( 5090): [---null: -1---]  11112223  mRows4
05-20 16:03:10.853 D/        ( 5090): [---null: -1---]  1111222  mLongAxisStartPadding110
05-20 16:03:10.861 D/        ( 5090): [---null: -1---]  11112223  heightSpecSize1094
05-20 16:03:10.861 D/        ( 5090): [---null: -1---]  11112223  mLongAxisStartPadding110
05-20 16:03:10.861 D/        ( 5090): [---null: -1---]  11112223  mLongAxisEndPadding110
05-20 16:03:10.861 D/        ( 5090): [---null: -1---]  11112223  mRows4
05-20 16:03:10.861 D/        ( 5090): [---null: -1---]  1111222  mLongAxisStartPadding110
05-20 16:03:10.861 D/        ( 5090): [---null: -1---]  11112223  heightSpecSize1094
05-20 16:03:10.861 D/        ( 5090): [---null: -1---]  11112223  mLongAxisStartPadding110
05-20 16:03:10.861 D/        ( 5090): [---null: -1---]  11112223  mLongAxisEndPadding110
05-20 16:03:10.861 D/        ( 5090): [---null: -1---]  11112223  mRows4
05-20 16:03:10.869 D/        ( 5090): [---null: -1---]  1111222  mLongAxisStartPadding110
05-20 16:03:10.869 D/        ( 5090): [---null: -1---]  11112223  heightSpecSize1094
05-20 16:03:10.869 D/        ( 5090): [---null: -1---]  11112223  mLongAxisStartPadding110
05-20 16:03:10.869 D/        ( 5090): [---null: -1---]  11112223  mLongAxisEndPadding110
05-20 16:03:10.869 D/        ( 5090): [---null: -1---]  11112223  mRows4
05-20 16:03:10.869 D/        ( 5090): [---null: -1---]  1111222  mLongAxisStartPadding110
05-20 16:03:10.869 D/        ( 5090): [---null: -1---]  11112223  heightSpecSize1094
05-20 16:03:10.869 D/        ( 5090): [---null: -1---]  11112223  mLongAxisStartPadding110
05-20 16:03:10.869 D/        ( 5090): [---null: -1---]  11112223  mLongAxisEndPadding110
05-20 16:03:10.869 D/        ( 5090): [---null: -1---]  11112223  mRows4
05-20 16:03:10.908 D/        ( 5090): [---null: -1---]  xxd111  getPackageName  com.pekall.emdm.launcher
05-20 16:03:10.908 D/        ( 5090): [---null: -1---]  xxd111  getClassName  com.pekall.emdm.contacts.activities.PeopleActivity
05-20 16:03:10.908 D/        ( 5090): [---null: -1---]  xxd111  info.title  EmdmContacts ,count is 0
05-20 16:03:10.916 D/        ( 5090): [---null: -1---]  xxd111  getPackageName  com.pekall.emdm.launcher
05-20 16:03:10.916 D/        ( 5090): [---null: -1---]  xxd111  getClassName  com.pekall.emdm.browser.BrowserActivity
05-20 16:03:10.916 D/        ( 5090): [---null: -1---]  xxd111  info.title  Safe Browser ,count is 0
05-20 16:03:10.916 D/        ( 5090): [---null: -1---]  xxd111  getPackageName  com.pekall.emdm.launcher
05-20 16:03:10.916 D/        ( 5090): [---null: -1---]  xxd111  getClassName  com.pekall.emdm.launcher.ui.AboutActivity
05-20 16:03:10.916 D/        ( 5090): [---null: -1---]  xxd111  info.title  About ,count is 0
05-20 16:03:10.924 D/        ( 5090): [---null: -1---]  xxd111  getPackageName  com.pekall.emdm.launcher
05-20 16:03:10.924 D/        ( 5090): [---null: -1---]  xxd111  getClassName  com.pekall.emdm.launcher.ui.SettingActivity
05-20 16:03:10.924 D/        ( 5090): [---null: -1---]  xxd111  info.title  Setting ,count is 0
05-20 16:03:10.931 V/l       ( 5090): Connected: com.pekall.exchange.ExchangeService
05-20 16:03:10.931 D/ExchangeService( 5090): !!! EAS ExchangeService, onStartCommand, startingUp = false, running = false
05-20 16:03:10.931 D/ExchangeService( 5090): to start secureStorageService now
05-20 16:03:10.931 V/a       ( 5090): Bind requested for task test
05-20 16:03:10.939 D/        ( 5090): [---null: -1---]  1111222  mLongAxisStartPadding110
05-20 16:03:10.939 V/l       ( 5090): Task setLogging completed; disconnecting
05-20 16:03:10.939 D/        ( 5090): [---null: -1---]  11112223  heightSpecSize1094
05-20 16:03:10.939 D/        ( 5090): [---null: -1---]  11112223  mLongAxisStartPadding110
05-20 16:03:10.939 D/        ( 5090): [---null: -1---]  11112223  mLongAxisEndPadding110
05-20 16:03:10.939 D/        ( 5090): [---null: -1---]  11112223  mRows4
05-20 16:03:10.947 D/        ( 5090): [---null: -1---]  1111222  mLongAxisStartPadding110
05-20 16:03:10.955 D/        ( 5090): [---null: -1---]  11112223  heightSpecSize1094
05-20 16:03:10.955 D/        ( 5090): [---null: -1---]  11112223  mLongAxisStartPadding110
05-20 16:03:10.955 D/        ( 5090): [---null: -1---]  11112223  mLongAxisEndPadding110
05-20 16:03:10.955 D/        ( 5090): [---null: -1---]  11112223  mRows4
05-20 16:03:10.978 D/ExchangeService( 5090): Reconciling accounts...
05-20 16:03:10.978 V/a       ( 5090): Bind requested for task reconcileAccounts
05-20 16:03:10.978 V/a       ( 5090): Waiting for task reconcileAccounts to complete...
05-20 16:03:11.010 E/QueryController( 5025): Got null root node from accessibility - Retrying...
05-20 16:03:11.049 I/dalvikvm( 5090): Could not find method android.app.enterprise.license.EnterpriseLicenseManager.getInstance, referenced from method com.pekall.emdm.b.b.a.<init>
05-20 16:03:11.056 W/dalvikvm( 5090): VFY: unable to resolve static method 1420: Landroid/app/enterprise/license/EnterpriseLicenseManager;.getInstance (Landroid/content/Context;)Landroid/app/enterprise/license/EnterpriseLicenseManager;
05-20 16:03:11.056 D/dalvikvm( 5090): VFY: replacing opcode 0x71 at 0x0008
05-20 16:03:11.056 I/dalvikvm( 5090): Could not find method android.app.enterprise.EnterpriseDeviceManager.getRestrictionPolicy, referenced from method com.pekall.emdm.b.b.a.A
05-20 16:03:11.056 W/dalvikvm( 5090): VFY: unable to resolve virtual method 1371: Landroid/app/enterprise/EnterpriseDeviceManager;.getRestrictionPolicy ()Landroid/app/enterprise/RestrictionPolicy;
05-20 16:03:11.056 D/dalvikvm( 5090): VFY: replacing opcode 0x6e at 0x000a
05-20 16:03:11.056 I/dalvikvm( 5090): Could not find method android.app.enterprise.EnterpriseDeviceManager.getRestrictionPolicy, referenced from method com.pekall.emdm.b.b.a.B
05-20 16:03:11.056 W/dalvikvm( 5090): VFY: unable to resolve virtual method 1371: Landroid/app/enterprise/EnterpriseDeviceManager;.getRestrictionPolicy ()Landroid/app/enterprise/RestrictionPolicy;
05-20 16:03:11.056 D/dalvikvm( 5090): VFY: replacing opcode 0x6e at 0x000a
05-20 16:03:11.064 I/dalvikvm( 5090): Could not find method android.app.enterprise.EnterpriseDeviceManager.getRestrictionPolicy, referenced from method com.pekall.emdm.b.b.a.C
05-20 16:03:11.064 W/dalvikvm( 5090): VFY: unable to resolve virtual method 1371: Landroid/app/enterprise/EnterpriseDeviceManager;.getRestrictionPolicy ()Landroid/app/enterprise/RestrictionPolicy;
05-20 16:03:11.064 D/dalvikvm( 5090): VFY: replacing opcode 0x6e at 0x000a
05-20 16:03:11.064 I/dalvikvm( 5090): Could not find method android.app.enterprise.EnterpriseDeviceManager.getApplicationPolicy, referenced from method com.pekall.emdm.b.b.a.D
05-20 16:03:11.064 W/dalvikvm( 5090): VFY: unable to resolve virtual method 1364: Landroid/app/enterprise/EnterpriseDeviceManager;.getApplicationPolicy ()Landroid/app/enterprise/ApplicationPolicy;
05-20 16:03:11.064 D/dalvikvm( 5090): VFY: replacing opcode 0x6e at 0x000a
05-20 16:03:11.064 I/dalvikvm( 5090): Could not find method android.app.enterprise.EnterpriseDeviceManager.getApplicationPolicy, referenced from method com.pekall.emdm.b.b.a.E
05-20 16:03:11.064 W/dalvikvm( 5090): VFY: unable to resolve virtual method 1364: Landroid/app/enterprise/EnterpriseDeviceManager;.getApplicationPolicy ()Landroid/app/enterprise/ApplicationPolicy;
05-20 16:03:11.064 D/dalvikvm( 5090): VFY: replacing opcode 0x6e at 0x000a
05-20 16:03:11.064 I/dalvikvm( 5090): Could not find method android.app.enterprise.EnterpriseDeviceManager.getApplicationPolicy, referenced from method com.pekall.emdm.b.b.a.F
05-20 16:03:11.064 W/dalvikvm( 5090): VFY: unable to resolve virtual method 1364: Landroid/app/enterprise/EnterpriseDeviceManager;.getApplicationPolicy ()Landroid/app/enterprise/ApplicationPolicy;
05-20 16:03:11.064 D/dalvikvm( 5090): VFY: replacing opcode 0x6e at 0x000a
05-20 16:03:11.064 I/dalvikvm( 5090): Could not find method android.app.enterprise.EnterpriseDeviceManager.getApplicationPolicy, referenced from method com.pekall.emdm.b.b.a.G
05-20 16:03:11.064 W/dalvikvm( 5090): VFY: unable to resolve virtual method 1364: Landroid/app/enterprise/EnterpriseDeviceManager;.getApplicationPolicy ()Landroid/app/enterprise/ApplicationPolicy;
05-20 16:03:11.064 D/dalvikvm( 5090): VFY: replacing opcode 0x6e at 0x000a
05-20 16:03:11.072 I/dalvikvm( 5090): Could not find method android.app.enterprise.EnterpriseDeviceManager.getRestrictionPolicy, referenced from method com.pekall.emdm.b.b.a.H
05-20 16:03:11.072 W/dalvikvm( 5090): VFY: unable to resolve virtual method 1371: Landroid/app/enterprise/EnterpriseDeviceManager;.getRestrictionPolicy ()Landroid/app/enterprise/RestrictionPolicy;
05-20 16:03:11.072 D/dalvikvm( 5090): VFY: replacing opcode 0x6e at 0x000a
05-20 16:03:11.072 I/dalvikvm( 5090): Could not find method android.app.enterprise.EnterpriseDeviceManager.getPhoneRestrictionPolicy, referenced from method com.pekall.emdm.b.b.a.I
05-20 16:03:11.072 W/dalvikvm( 5090): VFY: unable to resolve virtual method 1370: Landroid/app/enterprise/EnterpriseDeviceManager;.getPhoneRestrictionPolicy ()Landroid/app/enterprise/PhoneRestrictionPolicy;
05-20 16:03:11.072 D/dalvikvm( 5090): VFY: replacing opcode 0x6e at 0x0003
05-20 16:03:11.072 I/dalvikvm( 5090): Could not find method android.app.enterprise.EnterpriseDeviceManager.getPhoneRestrictionPolicy, referenced from method com.pekall.emdm.b.b.a.J
05-20 16:03:11.072 W/dalvikvm( 5090): VFY: unable to resolve virtual method 1370: Landroid/app/enterprise/EnterpriseDeviceManager;.getPhoneRestrictionPolicy ()Landroid/app/enterprise/PhoneRestrictionPolicy;
05-20 16:03:11.072 D/dalvikvm( 5090): VFY: replacing opcode 0x6e at 0x000a
05-20 16:03:11.072 I/dalvikvm( 5090): Could not find method android.app.enterprise.EnterpriseDeviceManager.getPhoneRestrictionPolicy, referenced from method com.pekall.emdm.b.b.a.K
05-20 16:03:11.072 W/dalvikvm( 5090): VFY: unable to resolve virtual method 1370: Landroid/app/enterprise/EnterpriseDeviceManager;.getPhoneRestrictionPolicy ()Landroid/app/enterprise/PhoneRestrictionPolicy;
05-20 16:03:11.072 D/dalvikvm( 5090): VFY: replacing opcode 0x6e at 0x000a
05-20 16:03:11.088 I/dalvikvm( 5090): Could not find method android.app.enterprise.EnterpriseDeviceManager.getPhoneRestrictionPolicy, referenced from method com.pekall.emdm.b.b.a.L
05-20 16:03:11.088 W/dalvikvm( 5090): VFY: unable to resolve virtual method 1370: Landroid/app/enterprise/EnterpriseDeviceManager;.getPhoneRestrictionPolicy ()Landroid/app/enterprise/PhoneRestrictionPolicy;
05-20 16:03:11.088 D/dalvikvm( 5090): VFY: replacing opcode 0x6e at 0x000a
05-20 16:03:11.096 I/dalvikvm( 5090): Could not find method android.app.enterprise.EnterpriseDeviceManager.getRestrictionPolicy, referenced from method com.pekall.emdm.b.b.a.M
05-20 16:03:11.096 I/ActivityManager(  374): Displayed com.pekall.emdm.launcher/.Launcher: +2s590ms
05-20 16:03:11.096 W/dalvikvm( 5090): VFY: unable to resolve virtual method 1371: Landroid/app/enterprise/EnterpriseDeviceManager;.getRestrictionPolicy ()Landroid/app/enterprise/RestrictionPolicy;
05-20 16:03:11.096 D/dalvikvm( 5090): VFY: replacing opcode 0x6e at 0x000a
05-20 16:03:11.119 I/dalvikvm( 5090): Could not find method android.app.enterprise.EnterpriseDeviceManager.getRoamingPolicy, referenced from method com.pekall.emdm.b.b.a.N
05-20 16:03:11.127 W/dalvikvm( 5090): VFY: unable to resolve virtual method 1372: Landroid/app/enterprise/EnterpriseDeviceManager;.getRoamingPolicy ()Landroid/app/enterprise/RoamingPolicy;
05-20 16:03:11.127 D/dalvikvm( 5090): VFY: replacing opcode 0x6e at 0x000a
05-20 16:03:11.127 D/        ( 5090): [---null: -1---]  1111222  mLongAxisStartPadding110
05-20 16:03:11.127 D/        ( 5090): [---null: -1---]  11112223  heightSpecSize1094
05-20 16:03:11.127 D/        ( 5090): [---null: -1---]  11112223  mLongAxisStartPadding110
05-20 16:03:11.127 D/        ( 5090): [---null: -1---]  11112223  mLongAxisEndPadding110
05-20 16:03:11.135 D/        ( 5090): [---null: -1---]  11112223  mRows4
05-20 16:03:11.135 D/        ( 5090): [---null: -1---]  1111222  mLongAxisStartPadding110
05-20 16:03:11.135 D/        ( 5090): [---null: -1---]  11112223  heightSpecSize1094
05-20 16:03:11.135 D/        ( 5090): [---null: -1---]  11112223  mLongAxisStartPadding110
05-20 16:03:11.135 D/        ( 5090): [---null: -1---]  11112223  mLongAxisEndPadding110
05-20 16:03:11.135 D/        ( 5090): [---null: -1---]  11112223  mRows4
05-20 16:03:11.135 D/        ( 5090): [---null: -1---]  1111222  mLongAxisStartPadding110
05-20 16:03:11.135 D/        ( 5090): [---null: -1---]  11112223  heightSpecSize1094
05-20 16:03:11.142 D/        ( 5090): [---null: -1---]  11112223  mLongAxisStartPadding110
05-20 16:03:11.142 D/        ( 5090): [---null: -1---]  11112223  mLongAxisEndPadding110
05-20 16:03:11.142 D/        ( 5090): [---null: -1---]  11112223  mRows4
05-20 16:03:11.142 D/        ( 5090): [---null: -1---]  1111222  mLongAxisStartPadding110
05-20 16:03:11.142 D/        ( 5090): [---null: -1---]  11112223  heightSpecSize1094
05-20 16:03:11.142 D/        ( 5090): [---null: -1---]  11112223  mLongAxisStartPadding110
05-20 16:03:11.142 D/        ( 5090): [---null: -1---]  11112223  mLongAxisEndPadding110
05-20 16:03:11.142 D/        ( 5090): [---null: -1---]  11112223  mRows4
05-20 16:03:11.150 D/        ( 5090): [---null: -1---]  1111222  mLongAxisStartPadding110
05-20 16:03:11.150 D/        ( 5090): [---null: -1---]  11112223  heightSpecSize1094
05-20 16:03:11.150 D/        ( 5090): [---null: -1---]  11112223  mLongAxisStartPadding110
05-20 16:03:11.150 D/        ( 5090): [---null: -1---]  11112223  mLongAxisEndPadding110
05-20 16:03:11.150 D/        ( 5090): [---null: -1---]  11112223  mRows4
05-20 16:03:11.158 D/        ( 5090): [---null: -1---]  1111222  mLongAxisStartPadding110
05-20 16:03:11.158 D/        ( 5090): [---null: -1---]  11112223  heightSpecSize1094
05-20 16:03:11.158 I/dalvikvm( 5090): Could not find method android.app.enterprise.EnterpriseDeviceManager.getRoamingPolicy, referenced from method com.pekall.emdm.b.b.a.O
05-20 16:03:11.158 D/        ( 5090): [---null: -1---]  11112223  mLongAxisStartPadding110
05-20 16:03:11.158 D/        ( 5090): [---null: -1---]  11112223  mLongAxisEndPadding110
05-20 16:03:11.158 D/        ( 5090): [---null: -1---]  11112223  mRows4
05-20 16:03:11.158 D/        ( 5090): [---null: -1---]  1111222  mLongAxisStartPadding110
05-20 16:03:11.158 D/        ( 5090): [---null: -1---]  11112223  heightSpecSize1094
05-20 16:03:11.166 D/        ( 5090): [---null: -1---]  11112223  mLongAxisStartPadding110
05-20 16:03:11.166 D/        ( 5090): [---null: -1---]  11112223  mLongAxisEndPadding110
05-20 16:03:11.166 D/        ( 5090): [---null: -1---]  11112223  mRows4
05-20 16:03:11.166 W/dalvikvm( 5090): VFY: unable to resolve virtual method 1372: Landroid/app/enterprise/EnterpriseDeviceManager;.getRoamingPolicy ()Landroid/app/enterprise/RoamingPolicy;
05-20 16:03:11.166 D/        ( 5090): [---null: -1---]  1111222  mLongAxisStartPadding110
05-20 16:03:11.166 D/        ( 5090): [---null: -1---]  11112223  heightSpecSize1094
05-20 16:03:11.166 D/        ( 5090): [---null: -1---]  11112223  mLongAxisStartPadding110
05-20 16:03:11.166 D/        ( 5090): [---null: -1---]  11112223  mLongAxisEndPadding110
05-20 16:03:11.174 D/        ( 5090): [---null: -1---]  11112223  mRows4
05-20 16:03:11.174 D/        ( 5090): [---null: -1---]  1111222  mLongAxisStartPadding110
05-20 16:03:11.174 D/        ( 5090): [---null: -1---]  11112223  heightSpecSize1094
05-20 16:03:11.174 D/        ( 5090): [---null: -1---]  11112223  mLongAxisStartPadding110
05-20 16:03:11.174 D/dalvikvm( 5090): VFY: replacing opcode 0x6e at 0x000a
05-20 16:03:11.174 D/        ( 5090): [---null: -1---]  11112223  mLongAxisEndPadding110
05-20 16:03:11.174 D/        ( 5090): [---null: -1---]  11112223  mRows4
05-20 16:03:11.174 D/        ( 5090): [---null: -1---]  1111222  mLongAxisStartPadding110
05-20 16:03:11.181 D/        ( 5090): [---null: -1---]  11112223  heightSpecSize1094
05-20 16:03:11.181 D/        ( 5090): [---null: -1---]  11112223  mLongAxisStartPadding110
05-20 16:03:11.181 D/        ( 5090): [---null: -1---]  11112223  mLongAxisEndPadding110
05-20 16:03:11.181 D/        ( 5090): [---null: -1---]  11112223  mRows4
05-20 16:03:11.197 I/dalvikvm( 5090): Could not find method android.app.enterprise.EnterpriseDeviceManager.getRoamingPolicy, referenced from method com.pekall.emdm.b.b.a.P
05-20 16:03:11.197 W/dalvikvm( 5090): VFY: unable to resolve virtual method 1372: Landroid/app/enterprise/EnterpriseDeviceManager;.getRoamingPolicy ()Landroid/app/enterprise/RoamingPolicy;
05-20 16:03:11.197 D/dalvikvm( 5090): VFY: replacing opcode 0x6e at 0x000a
05-20 16:03:11.197 I/dalvikvm( 5090): Could not find method android.app.enterprise.EnterpriseDeviceManager.getWifiPolicy, referenced from method com.pekall.emdm.b.b.a.a
05-20 16:03:11.197 W/dalvikvm( 5090): VFY: unable to resolve virtual method 1374: Landroid/app/enterprise/EnterpriseDeviceManager;.getWifiPolicy ()Landroid/app/enterprise/WifiPolicy;
05-20 16:03:11.197 D/dalvikvm( 5090): VFY: replacing opcode 0x6e at 0x000e
