05-22 10:50:16.517 I/QueryController(15052): Matched selector: UiSelector[TEXT=Personal Mode] <<==>> [android.view.accessibility.AccessibilityNodeInfo@3bdab; boundsInParent: Rect(0, 0 - 160, 200); boundsInScreen: Rect(190, 608 - 350, 808); packageName: com.pekall.emdm.launcher; className: android.widget.TextView; text: Personal Mode; contentDescription: null; viewIdResName: null; checkable: false; checked: false; focusable: false; focused: false; selected: false; clickable: true; longClickable: true; enabled: true; password: false; scrollable: false; [ACTION_SELECT, ACTION_CLEAR_SELECTION, ACTION_CLICK, ACTION_LONG_CLICK, ACTION_ACCESSIBILITY_FOCUS, ACTION_NEXT_AT_MOVEMENT_GRANULARITY, ACTION_PREVIOUS_AT_MOVEMENT_GRANULARITY, ACTION_SET_SELECTION]]
05-22 10:50:16.517 D/        (14465): [---null: -1---]  1111222  mLongAxisStartPadding110
05-22 10:50:16.517 D/        (14465): [---null: -1---]  11112223  heightSpecSize1094
05-22 10:50:16.525 D/        (14465): [---null: -1---]  11112223  mLongAxisStartPadding110
05-22 10:50:16.525 D/        (14465): [---null: -1---]  11112223  mLongAxisEndPadding110
05-22 10:50:16.525 D/        (14465): [---null: -1---]  11112223  mRows4
05-22 10:50:16.533 D/        (14465): [---null: -1---]  1111222  mLongAxisStartPadding110
05-22 10:50:16.533 D/        (14465): [---null: -1---]  11112223  heightSpecSize1094
05-22 10:50:16.533 I/ActivityManager(  374): START u0 {act=android.intent.action.MAIN cat=[android.intent.category.HOME] flg=0x10200000 cmp=com.pekall.emdm.launcher/.Launcher} from pid 374
05-22 10:50:16.541 D/        (14465): [---null: -1---]  11112223  mLongAxisStartPadding110
05-22 10:50:16.549 D/        (14465): [---null: -1---]  11112223  mLongAxisEndPadding110
05-22 10:50:16.549 D/        (14465): [---null: -1---]  11112223  mRows4
05-22 10:50:16.572 D/LauncherApplication(14465): [null:-1]->onActivityPaused
05-22 10:50:16.580 D/LauncherApplication(14465): [null:-1]->onActivityPaused  updateTime
05-22 10:50:16.611 D/        (14465): [---null: -1---]     awsa  onActivityResumed
05-22 10:50:16.611 V/LauncherApplication(14465): 2MdmConstant.LAST_LAUNCH_TIME = 1400727016589
05-22 10:50:16.627 D/        (14465): [---null: -1---]  activity = com.pekall.emdm.launcher.Launcher
05-22 10:50:16.627 V/DefultSetContriller(14465): isLauncherDf = com.pekall.emdm.launcher
05-22 10:50:16.635 V/DefultSetContriller(14465): isLauncherDf = com.pekall.emdm.launcher
05-22 10:50:16.635 V/DefultSetContriller(14465): isPhoneDf = com.pekall.emdm.launcher
05-22 10:50:16.635 E/LauncherApplication(14465): isShowLogoutUI = true
05-22 10:50:16.635 E/LauncherApplication(14465): LogoutShowTime 1
05-22 10:50:16.635 V/Launcher(14465): onResume1111111 
05-22 10:50:16.635 V/Launcher(14465): is login ----> 
05-22 10:50:16.635 I/System.out(14465):  
05-22 10:50:16.635 I/System.out(14465): com.pekall.emdm.launcher.Workspace.setWallpaper(Unknown Source)
05-22 10:50:16.635 I/System.out(14465): com.pekall.emdm.launcher.Launcher.onResume(Unknown Source)
05-22 10:50:16.635 I/System.out(14465): android.app.Instrumentation.callActivityOnResume(Instrumentation.java:1192)
05-22 10:50:16.642 I/System.out(14465): android.app.Activity.performResume(Activity.java:5211)
05-22 10:50:16.642 I/System.out(14465): android.app.ActivityThread.performNewIntents(ActivityThread.java:2345)
05-22 10:50:16.642 I/System.out(14465): android.app.ActivityThread.handleNewIntent(ActivityThread.java:2352)
05-22 10:50:16.642 I/System.out(14465): android.app.ActivityThread.access$1400(ActivityThread.java:141)
05-22 10:50:16.642 I/System.out(14465): android.app.ActivityThread$H.handleMessage(ActivityThread.java:1327)
05-22 10:50:16.642 I/System.out(14465): android.os.Handler.dispatchMessage(Handler.java:99)
05-22 10:50:16.642 I/System.out(14465): android.os.Looper.loop(Looper.java:137)
05-22 10:50:16.642 I/System.out(14465): android.app.ActivityThread.main(ActivityThread.java:5103)
05-22 10:50:16.642 I/System.out(14465): java.lang.reflect.Method.invokeNative(Native Method)
05-22 10:50:16.650 I/System.out(14465): java.lang.reflect.Method.invoke(Method.java:525)
05-22 10:50:16.650 I/System.out(14465): com.android.internal.os.ZygoteInit$MethodAndArgsCaller.run(ZygoteInit.java:737)
05-22 10:50:16.650 I/System.out(14465): com.android.internal.os.ZygoteInit.main(ZygoteInit.java:553)
05-22 10:50:16.650 I/System.out(14465): dalvik.system.NativeStart.main(Native Method)
05-22 10:50:16.674 D/dalvikvm( 1661): GC_CONCURRENT freed 1193K, 18% free 13123K/15888K, paused 3ms+6ms, total 119ms
05-22 10:50:16.900 D/dalvikvm(14465): JIT unchain all for threadid=11
05-22 10:50:16.978 D/dalvikvm(14465): GC_FOR_ALLOC freed 2584K, 21% free 28908K/36544K, paused 322ms, total 325ms
05-22 10:50:16.986 I/dalvikvm-heap(14465): Grow heap (frag case) to 31.590MB for 3415696-byte allocation
05-22 10:50:17.244 D/dalvikvm(14465): JIT unchain all for threadid=11
05-22 10:50:17.299 D/dalvikvm(14465): GC_FOR_ALLOC freed 2K, 20% free 32242K/39880K, paused 300ms, total 301ms
05-22 10:50:17.314 I/Choreographer(14465): Skipped 43 frames!  The application may be doing too much work on its main thread.
05-22 10:50:17.439 W/Settings(14465): Setting data_roaming has moved from android.provider.Settings.System to android.provider.Settings.Global, returning read-only value.
05-22 10:50:19.111 D/CommandManager(14465): [null:-1]->requestType: DeviceInformation
05-22 10:50:19.150 W/Parcel  ( 1661): Attempt to read object from Parcel 0x6013bdac at offset 200 that is not in the object list
05-22 10:50:19.189 D/MdmDatabaseHelper(14465): [null:-1]->update command 8ef0a608-4bc1-48e8-bebe-28679cd31d65 to commandStatus <?xml version="1.0" encoding="UTF-8"?>
05-22 10:50:19.189 D/MdmDatabaseHelper(14465): <!DOCTYPE plist PUBLIC "-//Apple//DTD PLIST 1.0//EN" "http://www.apple.com/DTDs/PropertyList-1.0.dtd">
05-22 10:50:19.189 D/MdmDatabaseHelper(14465): <plist version="1.0">
05-22 10:50:19.189 D/MdmDatabaseHelper(14465): <dict>
05-22 10:50:19.189 D/MdmDatabaseHelper(14465): 	<key>QueryResponses</key>
05-22 10:50:19.189 D/MdmDatabaseHelper(14465): 	<dict>
05-22 10:50:19.189 D/MdmDatabaseHelper(14465): 		<key>deviceId</key>
05-22 10:50:19.189 D/MdmDatabaseHelper(14465): 		<string>00013fbc8ecec5b90000014621d2a3af</string>
05-22 10:50:19.189 D/MdmDatabaseHelper(14465): 		<key>deviceSecurityStatus</key>
05-22 10:50:19.189 D/MdmDatabaseHelper(14465): 		<string>root</string>
05-22 10:50:19.189 D/MdmDatabaseHelper(14465): 		<key>diskTotal</key>
05-22 10:50:19.189 D/MdmDatabaseHelper(14465): 		<string>0.0</string>
05-22 10:50:19.189 D/MdmDatabaseHelper(14465): 		<key>diskUsed</key>
05-22 10:50:19.189 D/MdmDatabaseHelper(14465): 		<string>0.0</string>
05-22 10:50:19.189 D/MdmDatabaseHelper(14465): 		<key>displaySize</key>
05-22 10:50:19.189 D/MdmDatabaseHelper(14465): 		<string>720x1184</string>
05-22 10:50:19.189 D/MdmDatabaseHelper(14465): 		<key>freeDiskSize</key>
05-22 10:50:19.189 D/MdmDatabaseHelper(14465): 		<integer>0</integer>
05-22 10:50:19.189 D/MdmDatabaseHelper(14465): 		<key>freeRamSize</key>
05-22 10:50:19.189 D/MdmDatabaseHelper(14465): 		<integer>38080512</integer>
05-22 10:50:19.189 D/MdmDatabaseHelper(14465): 		<key>language</key>
05-22 10:50:19.189 D/MdmDatabaseHelper(14465): 		<string>en-US</string>
05-22 10:50:19.189 D/MdmDatabaseHelper(14465): 		<key>netSpeed</key>
05-22 10:50:19.189 D/MdmDatabaseHelper(14465): 		<dict>
05-22 10:50:19.189 D/MdmDatabaseHelper(14465): 			<key>downlink</key>
05-22 10:50:19.189 D/MdmDatabaseHelper(14465): 			<real>1.2503207666666666E7</real>
05-22 10:50:19.189 D/MdmDatabaseHelper(14465): 			<key>uplink</key>
05-22 10:50:19.189 D/MdmDatabaseHelper(14465): 			<real>9651136.0</real>
05-22 10:50:19.189 D/MdmDatabaseHelper(14465): 		</dict>
05-22 10:50:19.189 D/MdmDatabaseHelper(14465): 		<key>ramTotal</key>
05-22 10:50:19.189 D/MdmDatabaseHelper(14465): 		<string>728023040</string>
05-22 10:50:19.189 D/MdmDatabaseHelper(14465): 		<key>ramUsed</key>
05-22 10:50:19.189 D/MdmDatabaseHelper(14465): 		<string>689942528</string>
05-22 10:50:19.189 D/MdmDatabaseHelper(14465): 		<key>trafficBytes</key>
05-22 10:50:19.189 D/MdmDatabaseHelper(14465): 		<integer>0</integer>
05-22 10:50:19.189 D/MdmDatabaseHelper(14465): 		<key>AvailableDeviceCapacity</key>
05-22 10:50:19.189 D/MdmDatabaseHelper(14465): 		<real>1.34172E7</real>
05-22 10:50:19.189 D/MdmDatabaseHelper(14465): 		<key>BuildVersion</key>
05-22 10:50:19.189 D/MdmDatabaseHelper(14465): 		<string>REL</string>
05-22 10:50:19.189 D/MdmDatabaseHelper(14465): 		<key>CanDisableSystemFunction</key>
05-22 10:50:19.189 D/MdmDatabaseHelper(14465): 		<false/>
05-22 10:50:19.189 D/MdmDatabaseHelper(14465): 		<key>CellularTechnology</key>
05-22 10:50:19.189 D/MdmDatabaseHelper(14465): 		<integer>3</integer>
05-22 10:50:19.189 D/MdmDatabaseHelper(14465): 		<key>CurrentCarrierNetwork</key>
05-22 10:50:19.189 D/MdmDatabaseHelper(14465): 		<string></string>
05-22 10:50:19.189 D/MdmDatabaseHelper(14465): 		<key>CurrentMCC</key>
05-22 10:50:19.189 D/MdmDatabaseHelper(14465): 		<string>cn</string>
05-22 10:50:19.189 D/MdmDatabaseHelper(14465): 		<key>CurrentMNC</key>
05-22 10:50:19.189 D/MdmDatabaseHelper(14465): 		<string>46001</string>
05-22 10:50:19.189 D/MdmDatabaseHelper(14465): 		<key>DataRoamingEnabled</key>
05-22 10:50:19.189 D/MdmDatabaseHelper(14465): 		<false/>
05-22 10:50:19.189 D/MdmDatabaseHelper(14465): 		<key>DeviceCapacity</key>
05-22 10:50:19.189 D/MdmDatabaseHelper(14465): 		<real>1.3975888E7</real>
05-22 10:50:19.189 D/MdmDatabaseHelper(14465): 		<key>HasSamsungSafeAPI</key>
05-22 10:50:19.189 D/MdmDatabaseHelper(14465): 		<false/>
05-22 10:50:19.189 D/MdmDatabaseHelper(14465): 		<key>ICCID</key>
05-22 10:50:19.189 D/MdmDatabaseHelper(14465): 		<string></string>
05-22 10:50:19.189 D/MdmDatabaseHelper(14465): 		<key>IMEI</key>
05-22 10:50:19.189 D/MdmDatabaseHelper(14465): 		<string>351554059027897</string>
05-22 10:50:19.189 D/MdmDatabaseHelper(14465): 		<key>IsRoaming</key>
05-22 10:50:19.189 D/MdmDatabaseHelper(14465): 		<false/>
05-22 10:50:19.189 D/MdmDatabaseHelper(14465): 		<key>Model</key>
05-22 10:50:19.189 D/MdmDatabaseHelper(14465): 		<string>Galaxy Nexus</string>
05-22 10:50:19.189 D/MdmDatabaseHelper(14465): 		<key>OSVersion</key>
05-22 10:50:19.189 D/MdmDatabaseHelper(14465): 		<string>4.3</string>
05-22 10:50:19.189 D/MdmDatabaseHelper(14465): 		<key>PhoneNumber</key>
05-22 10:50:19.189 D/MdmDatabaseHelper(14465): 		<string>0</string>
05-22 10:50:19.189 D/MdmDatabaseHelper(14465): 		<key>ProductName</key>
05-22 10:50:19.189 D/MdmDatabaseHelper(14465): 		<string>yakju</string>
05-22 10:50:19.189 D/MdmDatabaseHelper(14465): 		<key>SIMCarrierNetwork</key>
05-22 10:50:19.189 D/MdmDatabaseHelper(14465): 		<string></string>
05-22 10:50:19.189 D/MdmDatabaseHelper(14465): 		<key>SerialNumber</key>
05-22 10:50:19.189 D/MdmDatabaseHelper(14465): 		<string>014E0FFF06015018</string>
05-22 10:50:19.189 D/MdmDatabaseHelper(14465): 		<key>UDID</key>
05-22 10:50:19.189 D/MdmDatabaseHelper(14465): 		<string>00013fbc8ecec5b90000014621d2a3af</string>
05-22 10:50:19.189 D/MdmDatabaseHelper(14465): 		<key>WiFiMAC</key>
05-22 10:50:19.189 D/MdmDatabaseHelper(14465): 		<string>20:64:32:7a:19:48</string>
05-22 10:50:19.189 D/MdmDatabaseHelper(14465): 	</dict>
05-22 10:50:19.189 D/MdmDatabaseHelper(14465): 	<key>CommandUUID</key>
05-22 10:50:19.189 D/MdmDatabaseHelper(14465): 	<string>8ef0a608-4bc1-48e8-bebe-28679cd31d65</string>
05-22 10:50:19.189 D/MdmDatabaseHelper(14465): 	<key>Status</key>
05-22 10:50:19.189 D/MdmDatabaseHelper(14465): 	<string>Acknowledged</string>
05-22 10:50:19.189 D/MdmDatabaseHelper(14465): 	<key>UDID</key>
05-22 10:50:19.189 D/MdmDatabaseHelper(14465): 	<string>00013fbc8ecec5b90000014621d2a3af</string>
05-22 10:50:19.189 D/MdmDatabaseHelper(14465): </dict>
05-22 10:50:19.189 D/MdmDatabaseHelper(14465): </plist>
05-22 10:50:19.221 I/TransInfo(14465): TransInfo created, id: 3, class: class com.pekall.emdm.transaction.c.b
05-22 10:50:19.221 D/NetworkThread(14465): [null:-1]->----isRunning-----true
05-22 10:50:19.221 D/NetworkThread(14465): [null:-1]->----isRunning-----true
05-22 10:50:19.221 D/NetworkThread(14465): [null:-1]->thread wakeup
05-22 10:50:19.236 D/NetworkThread(14465): [null:-1]->sendHttpPost:PostRequest, url: http://192.168.10.21/rest/mdm/v1/ios/android_server, Params: [content:<?xml version="1.0" encoding="UTF-8"?>
05-22 10:50:19.236 D/NetworkThread(14465): <!DOCTYPE plist PUBLIC "-//Apple//DTD PLIST 1.0//EN" "http://www.apple.com/DTDs/PropertyList-1.0.dtd">
05-22 10:50:19.236 D/NetworkThread(14465): <plist version="1.0">
05-22 10:50:19.236 D/NetworkThread(14465): <dict>
05-22 10:50:19.236 D/NetworkThread(14465): 	<key>QueryResponses</key>
05-22 10:50:19.236 D/NetworkThread(14465): 	<dict>
05-22 10:50:19.236 D/NetworkThread(14465): 		<key>deviceId</key>
05-22 10:50:19.236 D/NetworkThread(14465): 		<string>00013fbc8ecec5b90000014621d2a3af</string>
05-22 10:50:19.236 D/NetworkThread(14465): 		<key>deviceSecurityStatus</key>
05-22 10:50:19.236 D/NetworkThread(14465): 		<string>root</string>
05-22 10:50:19.236 D/NetworkThread(14465): 		<key>diskTotal</key>
05-22 10:50:19.236 D/NetworkThread(14465): 		<string>0.0</string>
05-22 10:50:19.236 D/NetworkThread(14465): 		<key>diskUsed</key>
05-22 10:50:19.236 D/NetworkThread(14465): 		<string>0.0</string>
05-22 10:50:19.236 D/NetworkThread(14465): 		<key>displaySize</key>
05-22 10:50:19.236 D/NetworkThread(14465): 		<string>720x1184</string>
05-22 10:50:19.236 D/NetworkThread(14465): 		<key>freeDiskSize</key>
05-22 10:50:19.236 D/NetworkThread(14465): 		<integer>0</integer>
05-22 10:50:19.236 D/NetworkThread(14465): 		<key>freeRamSize</key>
05-22 10:50:19.236 D/NetworkThread(14465): 		<integer>38080512</integer>
05-22 10:50:19.236 D/NetworkThread(14465): 		<key>language</key>
05-22 10:50:19.236 D/NetworkThread(14465): 		<string>en-US</string>
05-22 10:50:19.236 D/NetworkThread(14465): 		<key>netSpeed</key>
05-22 10:50:19.236 D/NetworkThread(14465): 		<dict>
05-22 10:50:19.236 D/NetworkThread(14465): 			<key>downlink</key>
05-22 10:50:19.236 D/NetworkThread(14465): 			<real>1.2503207666666666E7</real>
05-22 10:50:19.236 D/NetworkThread(14465): 			<key>uplink</key>
05-22 10:50:19.236 D/NetworkThread(14465): 			<real>9651136.0</real>
05-22 10:50:19.236 D/NetworkThread(14465): 		</dict>
05-22 10:50:19.236 D/NetworkThread(14465): 		<key>ramTotal</key>
05-22 10:50:19.236 D/NetworkThread(14465): 		<string>728023040</string>
05-22 10:50:19.236 D/NetworkThread(14465): 		<key>ramUsed</key>
05-22 10:50:19.236 D/NetworkThread(14465): 		<string>689942528</string>
05-22 10:50:19.236 D/NetworkThread(14465): 		<key>trafficBytes</key>
05-22 10:50:19.236 D/NetworkThread(14465): 		<integer>0</integer>
05-22 10:50:19.236 D/NetworkThread(14465): 		<key>AvailableDeviceCapacity</key>
05-22 10:50:19.236 D/NetworkThread(14465): 		<real>1.34172E7</real>
05-22 10:50:19.236 D/NetworkThread(14465): 		<key>BuildVersion</key>
05-22 10:50:19.236 D/NetworkThread(14465): 		<string>REL</string>
05-22 10:50:19.236 D/NetworkThread(14465): 		<key>CanDisableSystemFunction</key>
05-22 10:50:19.236 D/NetworkThread(14465): 		<false/>
05-22 10:50:19.236 D/NetworkThread(14465): 		<key>CellularTechnology</key>
05-22 10:50:19.236 D/NetworkThread(14465): 		<integer>3</integer>
05-22 10:50:19.236 D/NetworkThread(14465): 		<key>CurrentCarrierNetwork</key>
05-22 10:50:19.236 D/NetworkThread(14465): 		<string></string>
05-22 10:50:19.236 D/NetworkThread(14465): 		<key>CurrentMCC</key>
05-22 10:50:19.236 D/NetworkThread(14465): 		<string>cn</string>
05-22 10:50:19.236 D/NetworkThread(14465): 		<key>CurrentMNC</key>
05-22 10:50:19.236 D/NetworkThread(14465): 		<string>46001</string>
05-22 10:50:19.236 D/NetworkThread(14465): 		<key>DataRoamingEnabled</key>
05-22 10:50:19.236 D/NetworkThread(14465): 		<false/>
05-22 10:50:19.236 D/NetworkThread(14465): 		<key>DeviceCapacity</key>
05-22 10:50:19.236 D/NetworkThread(14465): 		<real>1.3975888E7</real>
05-22 10:50:19.236 D/NetworkThread(14465): 		<key>HasSamsungSafeAPI</key>
05-22 10:50:19.236 D/NetworkThread(14465): 		<false/>
05-22 10:50:19.236 D/NetworkThread(14465): 		<key>ICCID</key>
05-22 10:50:19.236 D/NetworkThread(14465): 		<string></string>
05-22 10:50:19.236 D/NetworkThread(14465): 		<key>IMEI</key>
05-22 10:50:19.236 D/NetworkThread(14465): 		<string>351554059027897</string>
05-22 10:50:19.236 D/NetworkThread(14465): 		<key>IsRoaming</key>
05-22 10:50:19.236 D/NetworkThread(14465): 		<false/>
05-22 10:50:19.236 D/NetworkThread(14465): 		<key>Model</key>
05-22 10:50:19.236 D/NetworkThread(14465): 		<string>Galaxy Nexus</string>
05-22 10:50:19.236 D/NetworkThread(14465): 		<key>OSVersion</key>
05-22 10:50:19.236 D/NetworkThread(14465): 		<string>4.3</string>
05-22 10:50:19.236 D/NetworkThread(14465): 		<key>PhoneNumber</key>
05-22 10:50:19.236 D/NetworkThread(14465): 		<string>0</string>
05-22 10:50:19.236 D/NetworkThread(14465): 		<key>ProductName</key>
05-22 10:50:19.236 D/NetworkThread(14465): 		<string>yakju</string>
05-22 10:50:19.236 D/NetworkThread(14465): 		<key>SIMCarrierNetwork</key>
05-22 10:50:19.236 D/NetworkThread(14465): 		<string></string>
05-22 10:50:19.236 D/NetworkThread(14465): 		<key>SerialNumber</key>
05-22 10:50:19.236 D/NetworkThread(14465): 		<string>014E0FFF06015018</string>
05-22 10:50:19.236 D/NetworkThread(14465): 		<key>UDID</key>
05-22 10:50:19.236 D/NetworkThread(14465): 		<string>00013fbc8ecec5b90000014621d2a3af</string>
05-22 10:50:19.236 D/NetworkThread(14465): 		<key>WiFiMAC</key>
05-22 10:50:19.236 D/NetworkThread(14465): 		<string>20:64:32:7a:19:48</string>
05-22 10:50:19.236 D/NetworkThread(14465): 	</dict>
05-22 10:50:19.236 D/NetworkThread(14465): 	<key>CommandUUID</key>
05-22 10:50:19.236 D/NetworkThread(14465): 	<string>8ef0a608-4bc1-48e8-bebe-28679cd31d65</string>
05-22 10:50:19.236 D/NetworkThread(14465): 	<key>Status</key>
05-22 10:50:19.236 D/NetworkThread(14465): 	<string>Acknowledged</string>
05-22 10:50:19.236 D/NetworkThread(14465): 	<key>UDID</key>
05-22 10:50:19.236 D/NetworkThread(14465): 	<string>00013fbc8ecec5b90000014621d2a3af</string>
05-22 10:50:19.236 D/NetworkThread(14465): </dict>
05-22 10:50:19.236 D/NetworkThread(14465): </plist>], 
05-22 10:50:19.236 D/HttpClient(14465): enable apache.http debug
05-22 10:50:19.244 V/DEBUG   (14465): HTTP 0
05-22 10:50:19.744 D/MDM :   (14465): [null:-1]->statusCode : 200
05-22 10:50:19.744 D/MDM :   (14465): [null:-1]->statusCode : 200
05-22 10:50:19.744 V/DEBUG   (14465): HTTP 1
05-22 10:50:19.752 D/MDM :   (14465): [null:-1]->read network input stream
05-22 10:50:19.752 D/MDM :   (14465): [null:-1]->Get joson string: <?xml version="1.0" encoding="UTF-8"?>
05-22 10:50:19.752 D/MDM :   (14465): <!DOCTYPE plist PUBLIC "-//Apple//DTD PLIST 1.0//EN" "http://www.apple.com/DTDs/PropertyList-1.0.dtd">
05-22 10:50:19.752 D/MDM :   (14465): <plist version="1.0">
05-22 10:50:19.752 D/MDM :   (14465): <dict>
05-22 10:50:19.752 D/MDM :   (14465): 	<key>CommandUUID</key>
05-22 10:50:19.752 D/MDM :   (14465): 	<string>79378e9f-8699-4397-8306-e13ec2203243</string>
05-22 10:50:19.752 D/MDM :   (14465): 	<key>Command</key>
05-22 10:50:19.752 D/MDM :   (14465): 	<dict>
05-22 10:50:19.752 D/MDM :   (14465): 		<key>RequestType</key>
05-22 10:50:19.752 D/MDM :   (14465): 		<string>ManagedApplicationList</string>
05-22 10:50:19.752 D/MDM :   (14465): 	</dict>
05-22 10:50:19.752 D/MDM :   (14465): </dict>
05-22 10:50:19.752 D/MDM :   (14465): </plist>
05-22 10:50:19.760 D/MdmDatabaseHelper(14465): [null:-1]->update command 8ef0a608-4bc1-48e8-bebe-28679cd31d65 to status executed
05-22 10:50:19.791 D/CheckInTransInfo(14465): [null:-1]->CommandMsg : CommandMsg{CommandUUID='79378e9f-8699-4397-8306-e13ec2203243', Command=CommandObject{RequestType='ManagedApplicationList'}}
05-22 10:50:19.830 I/QueryController(15052): Matched selector: UiSelector[TEXT=Personal Mode, CLASS=android.widget.TextView, PACKAGE NAME=com.pekall.emdm.launcher] <<==>> [android.view.accessibility.AccessibilityNodeInfo@3bdab; boundsInParent: Rect(0, 0 - 160, 200); boundsInScreen: Rect(190, 608 - 350, 808); packageName: com.pekall.emdm.launcher; className: android.widget.TextView; text: Personal Mode; contentDescription: null; viewIdResName: null; checkable: false; checked: false; focusable: false; focused: false; selected: false; clickable: true; longClickable: true; enabled: true; password: false; scrollable: false; [ACTION_SELECT, ACTION_CLEAR_SELECTION, ACTION_CLICK, ACTION_LONG_CLICK, ACTION_ACCESSIBILITY_FOCUS, ACTION_NEXT_AT_MOVEMENT_GRANULARITY, ACTION_PREVIOUS_AT_MOVEMENT_GRANULARITY, ACTION_SET_SELECTION]]
05-22 10:50:19.830 D/NetworkThread(14465): [null:-1]->clear mCurrentTransInfo
05-22 10:50:19.830 D/NetworkThread(14465): [null:-1]->queue is empty, thread wait...
05-22 10:50:19.830 V/a       (14465): Wait for reconcileAccounts finished in 45007ms
05-22 10:50:19.838 I/AndroidRuntime(15052): VM exiting with result code 0.
05-22 10:50:19.853 D/ExchangeService(14465): !!! EAS ExchangeService, stopping self
05-22 10:50:19.853 D/ExchangeService(14465): !!! EAS ExchangeService, onDestroy
05-22 10:50:19.931 D/MdmService(14465): [null:-1]->handleCheckInResult
05-22 10:50:19.931 D/MdmService(14465): [null:-1]->handleCheckInResult result keyIndex: 3
05-22 10:50:19.931 D/CommandManager(14465): [null:-1]->execute command: CommandMsg{CommandUUID='79378e9f-8699-4397-8306-e13ec2203243', Command=CommandObject{RequestType='ManagedApplicationList'}}
05-22 10:50:19.931 D/CommandManager(14465): [null:-1]->requestType: ManagedApplicationList
05-22 10:50:19.963 W/Parcel  ( 1661): Attempt to read object from Parcel 0x5ec3bdac at offset 200 that is not in the object list
05-22 10:50:19.971 D/MdmDatabaseHelper(14465): [null:-1]->update command 79378e9f-8699-4397-8306-e13ec2203243 to commandStatus <?xml version="1.0" encoding="UTF-8"?>
05-22 10:50:19.971 D/MdmDatabaseHelper(14465): <!DOCTYPE plist PUBLIC "-//Apple//DTD PLIST 1.0//EN" "http://www.apple.com/DTDs/PropertyList-1.0.dtd">
05-22 10:50:19.971 D/MdmDatabaseHelper(14465): <plist version="1.0">
05-22 10:50:19.971 D/MdmDatabaseHelper(14465): <dict>
05-22 10:50:19.971 D/MdmDatabaseHelper(14465): 	<key>ManagedApplicationList</key>
05-22 10:50:19.971 D/MdmDatabaseHelper(14465): 	<dict>
05-22 10:50:19.971 D/MdmDatabaseHelper(14465): 	</dict>
05-22 10:50:19.971 D/MdmDatabaseHelper(14465): 	<key>CommandUUID</key>
05-22 10:50:19.971 D/MdmDatabaseHelper(14465): 	<string>79378e9f-8699-4397-8306-e13ec2203243</string>
05-22 10:50:19.971 D/MdmDatabaseHelper(14465): 	<key>Status</key>
05-22 10:50:19.971 D/MdmDatabaseHelper(14465): 	<string>Acknowledged</string>
05-22 10:50:19.971 D/MdmDatabaseHelper(14465): 	<key>UDID</key>
05-22 10:50:19.971 D/MdmDatabaseHelper(14465): 	<string>00013fbc8ecec5b90000014621d2a3af</string>
05-22 10:50:19.971 D/MdmDatabaseHelper(14465): </dict>
05-22 10:50:19.971 D/MdmDatabaseHelper(14465): </plist>
05-22 10:50:19.994 I/TransInfo(14465): TransInfo created, id: 3, class: class com.pekall.emdm.transaction.c.b
05-22 10:50:20.002 D/NetworkThread(14465): [null:-1]->----isRunning-----true
05-22 10:50:20.002 D/NetworkThread(14465): [null:-1]->----isRunning-----true
05-22 10:50:20.002 D/NetworkThread(14465): [null:-1]->thread wakeup
05-22 10:50:20.002 D/NetworkThread(14465): [null:-1]->sendHttpPost:PostRequest, url: http://192.168.10.21/rest/mdm/v1/ios/android_server, Params: [content:<?xml version="1.0" encoding="UTF-8"?>
05-22 10:50:20.002 D/NetworkThread(14465): <!DOCTYPE plist PUBLIC "-//Apple//DTD PLIST 1.0//EN" "http://www.apple.com/DTDs/PropertyList-1.0.dtd">
05-22 10:50:20.002 D/NetworkThread(14465): <plist version="1.0">
05-22 10:50:20.002 D/NetworkThread(14465): <dict>
05-22 10:50:20.002 D/NetworkThread(14465): 	<key>ManagedApplicationList</key>
05-22 10:50:20.002 D/NetworkThread(14465): 	<dict>
05-22 10:50:20.002 D/NetworkThread(14465): 	</dict>
05-22 10:50:20.002 D/NetworkThread(14465): 	<key>CommandUUID</key>
05-22 10:50:20.002 D/NetworkThread(14465): 	<string>79378e9f-8699-4397-8306-e13ec2203243</string>
05-22 10:50:20.002 D/NetworkThread(14465): 	<key>Status</key>
05-22 10:50:20.002 D/NetworkThread(14465): 	<string>Acknowledged</string>
05-22 10:50:20.002 D/NetworkThread(14465): 	<key>UDID</key>
05-22 10:50:20.002 D/NetworkThread(14465): 	<string>00013fbc8ecec5b90000014621d2a3af</string>
05-22 10:50:20.002 D/NetworkThread(14465): </dict>
05-22 10:50:20.002 D/NetworkThread(14465): </plist>], 
05-22 10:50:20.002 D/HttpClient(14465): enable apache.http debug
05-22 10:50:20.010 V/DEBUG   (14465): HTTP 0
05-22 10:50:20.564 D/MDM :   (14465): [null:-1]->statusCode : 200
05-22 10:50:20.564 D/MDM :   (14465): [null:-1]->statusCode : 200
05-22 10:50:20.564 V/DEBUG   (14465): HTTP 1
05-22 10:50:20.572 D/MDM :   (14465): [null:-1]->read network input stream
05-22 10:50:20.572 D/MDM :   (14465): [null:-1]->Get joson string: <?xml version="1.0" encoding="UTF-8"?>
05-22 10:50:20.572 D/MDM :   (14465): <!DOCTYPE plist PUBLIC "-//Apple//DTD PLIST 1.0//EN" "http://www.apple.com/DTDs/PropertyList-1.0.dtd">
05-22 10:50:20.572 D/MDM :   (14465): <plist version="1.0">
05-22 10:50:20.572 D/MDM :   (14465): <dict>
05-22 10:50:20.572 D/MDM :   (14465): 	<key>CommandUUID</key>
05-22 10:50:20.572 D/MDM :   (14465): 	<string>928d6b2c-b88c-4a95-bad1-5a585d6ee5db</string>
05-22 10:50:20.572 D/MDM :   (14465): 	<key>Command</key>
05-22 10:50:20.572 D/MDM :   (14465): 	<dict>
05-22 10:50:20.572 D/MDM :   (14465): 		<key>RequestType</key>
05-22 10:50:20.572 D/MDM :   (14465): 		<string>InstalledApplicationList</string>
05-22 10:50:20.572 D/MDM :   (14465): 	</dict>
05-22 10:50:20.572 D/MDM :   (14465): </dict>
05-22 10:50:20.572 D/MDM :   (14465): </plist>
05-22 10:50:20.580 D/MdmDatabaseHelper(14465): [null:-1]->update command 79378e9f-8699-4397-8306-e13ec2203243 to status executed
05-22 10:50:20.603 D/CheckInTransInfo(14465): [null:-1]->CommandMsg : CommandMsg{CommandUUID='928d6b2c-b88c-4a95-bad1-5a585d6ee5db', Command=CommandObject{RequestType='InstalledApplicationList'}}
05-22 10:50:20.635 D/NetworkThread(14465): [null:-1]->clear mCurrentTransInfo
05-22 10:50:20.635 D/NetworkThread(14465): [null:-1]->queue is empty, thread wait...
05-22 10:50:20.736 D/MdmService(14465): [null:-1]->handleCheckInResult
05-22 10:50:20.736 D/MdmService(14465): [null:-1]->handleCheckInResult result keyIndex: 3
05-22 10:50:20.736 D/CommandManager(14465): [null:-1]->execute command: CommandMsg{CommandUUID='928d6b2c-b88c-4a95-bad1-5a585d6ee5db', Command=CommandObject{RequestType='InstalledApplicationList'}}
05-22 10:50:20.908 D/dalvikvm(  374): GC_CONCURRENT freed 3035K, 24% free 23013K/30132K, paused 4ms+8ms, total 122ms
05-22 10:50:20.963 D/CommandManager(14465): [null:-1]->requestType: InstalledApplicationList
05-22 10:50:21.002 W/Parcel  ( 1661): Attempt to read object from Parcel 0x6003bdac at offset 200 that is not in the object list
05-22 10:50:21.049 D/MdmDatabaseHelper(14465): [null:-1]->update command 928d6b2c-b88c-4a95-bad1-5a585d6ee5db to commandStatus <?xml version="1.0" encoding="UTF-8"?>
05-22 10:50:21.049 D/MdmDatabaseHelper(14465): <!DOCTYPE plist PUBLIC "-//Apple//DTD PLIST 1.0//EN" "http://www.apple.com/DTDs/PropertyList-1.0.dtd">
05-22 10:50:21.049 D/MdmDatabaseHelper(14465): <plist version="1.0">
05-22 10:50:21.049 D/MdmDatabaseHelper(14465): <dict>
05-22 10:50:21.049 D/MdmDatabaseHelper(14465): 	<key>InstalledApplicationList</key>
05-22 10:50:21.049 D/MdmDatabaseHelper(14465): 	<array>
05-22 10:50:21.049 D/MdmDatabaseHelper(14465): 		<dict>
05-22 10:50:21.049 D/MdmDatabaseHelper(14465): 			<key>AppPermissions</key>
05-22 10:50:21.049 D/MdmDatabaseHelper(14465): 			<array>
05-22 10:50:21.049 D/MdmDatabaseHelper(14465): 				<string>android.permission.READ_LOGS</string>
05-22 10:50:21.049 D/MdmDatabaseHelper(14465): 				<string>android.permission.WRITE_EXTERNAL_STORAGE</string>
05-22 10:50:21.049 D/MdmDatabaseHelper(14465): 				<string>com.qihoo.root.RESPOND</string>
05-22 10:50:21.049 D/MdmDatabaseHelper(14465): 				<string>com.qihoo.root.provider.READ</string>
05-22 10:50:21.049 D/MdmDatabaseHelper(14465): 				<string>com.qihoo.root.provider.WRITE</string>
05-22 10:50:21.049 D/MdmDatabaseHelper(14465): 				<string>android.permission.INTERNET</string>
05-22 10:50:21.049 D/MdmDatabaseHelper(14465): 				<string>android.permission.ACCESS_NETWORK_STATE</string>
05-22 10:50:21.049 D/MdmDatabaseHelper(14465): 				<string>android.permission.INSTALL_PACKAGES</string>
05-22 10:50:21.049 D/MdmDatabaseHelper(14465): 				<string>android.permission.KILL_BACKGROUND_PROCESSES</string>
05-22 10:50:21.049 D/MdmDatabaseHelper(14465): 				<string>android.permission.RESTART_PACKAGES</string>
05-22 10:50:21.049 D/MdmDatabaseHelper(14465): 				<string>android.permission.READ_PHONE_STATE</string>
05-22 10:50:21.049 D/MdmDatabaseHelper(14465): 				<string>android.permission.DELETE_PACKAGES</string>
05-22 10:50:21.049 D/MdmDatabaseHelper(14465): 				<string>android.permission.READ_EXTERNAL_STORAGE</string>
05-22 10:50:21.049 D/MdmDatabaseHelper(14465): 			</array>
05-22 10:50:21.049 D/MdmDatabaseHelper(14465): 			<key>Version</key>
05-22 10:50:21.049 D/MdmDatabaseHelper(14465): 			<string>7</string>
05-22 10:50:21.049 D/MdmDatabaseHelper(14465): 			<key>ShortVersion</key>
05-22 10:50:21.049 D/MdmDatabaseHelper(14465): 			<string>6.0.1</string>
05-22 10:50:21.049 D/MdmDatabaseHelper(14465): 			<key>Identifier</key>
05-22 10:50:21.049 D/MdmDatabaseHelper(14465): 			<string>com.qihoo.root</string>
05-22 10:50:21.049 D/MdmDatabaseHelper(14465): 			<key>Name</key>
05-22 10:50:21.049 D/MdmDatabaseHelper(14465): 			<string>360</string>
05-22 10:50:21.049 D/MdmDatabaseHelper(14465): 			<key>DynamicSize</key>
05-22 10:50:21.049 D/MdmDatabaseHelper(14465): 			<integer>0</integer>
05-22 10:50:21.049 D/MdmDatabaseHelper(14465): 			<key>BundleSize</key>
05-22 10:50:21.049 D/MdmDatabaseHelper(14465): 			<integer>0</integer>
05-22 10:50:21.049 D/MdmDatabaseHelper(14465): 		</dict>
05-22 10:50:21.049 D/MdmDatabaseHelper(14465): 		<dict>
05-22 10:50:21.049 D/MdmDatabaseHelper(14465): 			<key>AppPermissions</key>
05-22 10:50:21.049 D/MdmDatabaseHelper(14465): 			<array>
05-22 10:50:21.049 D/MdmDatabaseHelper(14465): 				<string>android.permission.ACCESS_FINE_LOCATION</string>
05-22 10:50:21.049 D/MdmDatabaseHelper(14465): 				<string>android.permission.ACCESS_COARSE_LOCATION</string>
05-22 10:50:21.049 D/MdmDatabaseHelper(14465): 				<string>android.permission.SYSTEM_ALERT_WINDOW</string>
05-22 10:50:21.049 D/MdmDatabaseHelper(14465): 				<string>android.permission.RECEIVE_BOOT_COMPLETED</string>
05-22 10:50:21.049 D/MdmDatabaseHelper(14465): 				<string>android.permission.CALL_PHONE</string>
05-22 10:50:21.049 D/MdmDatabaseHelper(14465): 				<string>android.permission.PROCESS_OUTGOING_CALLS</string>
05-22 10:50:21.049 D/MdmDatabaseHelper(14465): 				<string>android.permission.READ_CONTACTS</string>
05-22 10:50:21.049 D/MdmDatabaseHelper(14465): 				<string>android.permission.WRITE_CONTACTS</string>
05-22 10:50:21.049 D/MdmDatabaseHelper(14465): 				<string>android.permission.RECEIVE_SMS</string>
05-22 10:50:21.049 D/MdmDatabaseHelper(14465): 				<string>android.permission.RECEIVE_MMS</string>
05-22 10:50:21.049 D/MdmDatabaseHelper(14465): 				<string>android.permission.RECEIVE_WAP_PUSH</string>
05-22 10:50:21.049 D/MdmDatabaseHelper(14465): 				<string>android.permission.INTERNET</string>
05-22 10:50:21.049 D/MdmDatabaseHelper(14465): 				<string>android.permission.SEND_SMS</string>
05-22 10:50:21.049 D/MdmDatabaseHelper(14465): 				<string>android.permission.READ_SMS</string>
05-22 10:50:21.049 D/MdmDatabaseHelper(14465): 				<string>android.permission.WRITE_SMS</string>
05-22 10:50:21.049 D/MdmDatabaseHelper(14465): 				<string>android.permission.READ_CALL_LOG</string>
05-22 10:50:21.049 D/MdmDatabaseHelper(14465): 				<string>android.permission.WRITE_CALL_LOG</string>
05-22 10:50:21.049 D/MdmDatabaseHelper(14465): 				<string>android.permission.ACCESS_NETWORK_STATE</string>
05-22 10:50:21.049 D/MdmDatabaseHelper(14465): 				<string>android.permission.READ_PHONE_STATE</string>
05-22 10:50:21.049 D/MdmDatabaseHelper(14465): 				<string>android.permission.MODIFY_PHONE_STATE</string>
05-22 10:50:21.049 D/MdmDatabaseHelper(14465): 				<string>android.permission.MODIFY_AUDIO_SETTINGS</string>
05-22 10:50:21.049 D/MdmDatabaseHelper(14465): 				<string>android.permission.VIBRATE</string>
05-22 10:50:21.049 D/MdmDatabaseHelper(14465): 				<string>android.permission.BATTERY_STATS</string>
05-22 10:50:21.049 D/MdmDatabaseHelper(14465): 				<string>android.permission.GET_PACKAGE_SIZE</string>
05-22 10:50:21.049 D/MdmDatabaseHelper(14465): 				<string>com.android.launcher.permission.READ_SETTINGS</string>
05-22 10:50:21.049 D/MdmDatabaseHelper(14465): 				<string>android.permission.WAKE_LOCK</string>
05-22 10:50:21.049 D/MdmDatabaseHelper(14465): 				<string>android.permission.CHANGE_NETWORK_STATE</string>
05-22 10:50:21.049 D/MdmDatabaseHelper(14465): 				<string>android.permission.WRITE_EXTERNAL_STORAGE</string>
05-22 10:50:21.049 D/MdmDatabaseHelper(14465): 				<string>android.permission.RESTART_PACKAGES</string>
05-22 10:50:21.049 D/MdmDatabaseHelper(14465): 				<string>android.permission.CHANGE_WIFI_STATE</string>
05-22 10:50:21.049 D/MdmDatabaseHelper(14465): 				<string>android.permission.WRITE_SETTINGS</string>
05-22 10:50:21.049 D/MdmDatabaseHelper(14465): 				<string>android.permission.WRITE_SECURE_SETTINGS</string>
05-22 10:50:21.049 D/MdmDatabaseHelper(14465): 				<string>android.permission.READ_SYNC_SETTINGS</string>
05-22 10:50:21.049 D/MdmDatabaseHelper(14465): 				<string>android.permission.WRITE_SYNC_SETTINGS</string>
05-22 10:50:21.049 D/MdmDatabaseHelper(14465): 				<string>android.permission.WRITE_APN_SETTINGS</string>
05-22 10:50:21.049 D/MdmDatabaseHelper(14465): 				<string>android.permission.BLUETOOTH_ADMIN</string>
05-22 10:50:21.049 D/MdmDatabaseHelper(14465): 				<string>android.permission.RECORD_AUDIO</string>
05-22 10:50:21.049 D/MdmDatabaseHelper(14465): 				<string>android.permission.READ_LOGS</string>
05-22 10:50:21.049 D/MdmDatabaseHelper(14465): 				<string>com.android.launcher.permission.INSTALL_SHORTCUT</string>
05-22 10:50:21.049 D/MdmDatabaseHelper(14465): 				<string>com.android.launcher.permission.UNINSTALL_SHORTCUT</string>
05-22 10:50:21.049 D/MdmDatabaseHelper(14465): 				<string>android.permission.ACCESS_WIFI_STATE</string>
05-22 10:50:21.049 D/MdmDatabaseHelper(14465): 				<string>android.permission.BLUETOOTH</string>
05-22 10:50:21.049 D/MdmDatabaseHelper(14465): 				<string>android.permission.CLEAR_APP_CACHE</string>
05-22 10:50:21.049 D/MdmDatabaseHelper(14465): 				<string>android.permission.GET_TASKS</string>
05-22 10:50:21.049 D/MdmDatabaseHelper(14465): 				<string>android.permission.REORDER_TASKS</string>
05-22 10:50:21.049 D/MdmDatabaseHelper(14465): 				<string>android.permission.GET_ACCOUNTS</strin
05-22 10:50:21.080 I/TransInfo(14465): TransInfo created, id: 3, class: class com.pekall.emdm.transaction.c.b
05-22 10:50:21.080 D/NetworkThread(14465): [null:-1]->----isRunning-----true
05-22 10:50:21.080 D/NetworkThread(14465): [null:-1]->----isRunning-----true
05-22 10:50:21.080 D/NetworkThread(14465): [null:-1]->thread wakeup
05-22 10:50:21.111 D/NetworkThread(14465): [null:-1]->sendHttpPost:PostRequest, url: http://192.168.10.21/rest/mdm/v1/ios/android_server, Params: [content:<?xml version="1.0" encoding="UTF-8"?>
05-22 10:50:21.111 D/NetworkThread(14465): <!DOCTYPE plist PUBLIC "-//Apple//DTD PLIST 1.0//EN" "http://www.apple.com/DTDs/PropertyList-1.0.dtd">
05-22 10:50:21.111 D/NetworkThread(14465): <plist version="1.0">
05-22 10:50:21.111 D/NetworkThread(14465): <dict>
05-22 10:50:21.111 D/NetworkThread(14465): 	<key>InstalledApplicationList</key>
05-22 10:50:21.111 D/NetworkThread(14465): 	<array>
05-22 10:50:21.111 D/NetworkThread(14465): 		<dict>
05-22 10:50:21.111 D/NetworkThread(14465): 			<key>AppPermissions</key>
05-22 10:50:21.111 D/NetworkThread(14465): 			<array>
05-22 10:50:21.111 D/NetworkThread(14465): 				<string>android.permission.READ_LOGS</string>
05-22 10:50:21.111 D/NetworkThread(14465): 				<string>android.permission.WRITE_EXTERNAL_STORAGE</string>
05-22 10:50:21.111 D/NetworkThread(14465): 				<string>com.qihoo.root.RESPOND</string>
05-22 10:50:21.111 D/NetworkThread(14465): 				<string>com.qihoo.root.provider.READ</string>
05-22 10:50:21.111 D/NetworkThread(14465): 				<string>com.qihoo.root.provider.WRITE</string>
05-22 10:50:21.111 D/NetworkThread(14465): 				<string>android.permission.INTERNET</string>
05-22 10:50:21.111 D/NetworkThread(14465): 				<string>android.permission.ACCESS_NETWORK_STATE</string>
05-22 10:50:21.111 D/NetworkThread(14465): 				<string>android.permission.INSTALL_PACKAGES</string>
05-22 10:50:21.111 D/NetworkThread(14465): 				<string>android.permission.KILL_BACKGROUND_PROCESSES</string>
05-22 10:50:21.111 D/NetworkThread(14465): 				<string>android.permission.RESTART_PACKAGES</string>
05-22 10:50:21.111 D/NetworkThread(14465): 				<string>android.permission.READ_PHONE_STATE</string>
05-22 10:50:21.111 D/NetworkThread(14465): 				<string>android.permission.DELETE_PACKAGES</string>
05-22 10:50:21.111 D/NetworkThread(14465): 				<string>android.permission.READ_EXTERNAL_STORAGE</string>
05-22 10:50:21.111 D/NetworkThread(14465): 			</array>
05-22 10:50:21.111 D/NetworkThread(14465): 			<key>Version</key>
05-22 10:50:21.111 D/NetworkThread(14465): 			<string>7</string>
05-22 10:50:21.111 D/NetworkThread(14465): 			<key>ShortVersion</key>
05-22 10:50:21.111 D/NetworkThread(14465): 			<string>6.0.1</string>
05-22 10:50:21.111 D/NetworkThread(14465): 			<key>Identifier</key>
05-22 10:50:21.111 D/NetworkThread(14465): 			<string>com.qihoo.root</string>
05-22 10:50:21.111 D/NetworkThread(14465): 			<key>Name</key>
05-22 10:50:21.111 D/NetworkThread(14465): 			<string>360</string>
05-22 10:50:21.111 D/NetworkThread(14465): 			<key>DynamicSize</key>
05-22 10:50:21.111 D/NetworkThread(14465): 			<integer>0</integer>
05-22 10:50:21.111 D/NetworkThread(14465): 			<key>BundleSize</key>
05-22 10:50:21.111 D/NetworkThread(14465): 			<integer>0</integer>
05-22 10:50:21.111 D/NetworkThread(14465): 		</dict>
05-22 10:50:21.111 D/NetworkThread(14465): 		<dict>
05-22 10:50:21.111 D/NetworkThread(14465): 			<key>AppPermissions</key>
05-22 10:50:21.111 D/NetworkThread(14465): 			<array>
05-22 10:50:21.111 D/NetworkThread(14465): 				<string>android.permission.ACCESS_FINE_LOCATION</string>
05-22 10:50:21.111 D/NetworkThread(14465): 				<string>android.permission.ACCESS_COARSE_LOCATION</string>
05-22 10:50:21.111 D/NetworkThread(14465): 				<string>android.permission.SYSTEM_ALERT_WINDOW</string>
05-22 10:50:21.111 D/NetworkThread(14465): 				<string>android.permission.RECEIVE_BOOT_COMPLETED</string>
05-22 10:50:21.111 D/NetworkThread(14465): 				<string>android.permission.CALL_PHONE</string>
05-22 10:50:21.111 D/NetworkThread(14465): 				<string>android.permission.PROCESS_OUTGOING_CALLS</string>
05-22 10:50:21.111 D/NetworkThread(14465): 				<string>android.permission.READ_CONTACTS</string>
05-22 10:50:21.111 D/NetworkThread(14465): 				<string>android.permission.WRITE_CONTACTS</string>
05-22 10:50:21.111 D/NetworkThread(14465): 				<string>android.permission.RECEIVE_SMS</string>
05-22 10:50:21.111 D/NetworkThread(14465): 				<string>android.permission.RECEIVE_MMS</string>
05-22 10:50:21.111 D/NetworkThread(14465): 				<string>android.permission.RECEIVE_WAP_PUSH</string>
05-22 10:50:21.111 D/NetworkThread(14465): 				<string>android.permission.INTERNET</string>
05-22 10:50:21.111 D/NetworkThread(14465): 				<string>android.permission.SEND_SMS</string>
05-22 10:50:21.111 D/NetworkThread(14465): 				<string>android.permission.READ_SMS</string>
05-22 10:50:21.111 D/NetworkThread(14465): 				<string>android.permission.WRITE_SMS</string>
05-22 10:50:21.111 D/NetworkThread(14465): 				<string>android.permission.READ_CALL_LOG</string>
05-22 10:50:21.111 D/NetworkThread(14465): 				<string>android.permission.WRITE_CALL_LOG</string>
05-22 10:50:21.111 D/NetworkThread(14465): 				<string>android.permission.ACCESS_NETWORK_STATE</string>
05-22 10:50:21.111 D/NetworkThread(14465): 				<string>android.permission.READ_PHONE_STATE</string>
05-22 10:50:21.111 D/NetworkThread(14465): 				<string>android.permission.MODIFY_PHONE_STATE</string>
05-22 10:50:21.111 D/NetworkThread(14465): 				<string>android.permission.MODIFY_AUDIO_SETTINGS</string>
05-22 10:50:21.111 D/NetworkThread(14465): 				<string>android.permission.VIBRATE</string>
05-22 10:50:21.111 D/NetworkThread(14465): 				<string>android.permission.BATTERY_STATS</string>
05-22 10:50:21.111 D/NetworkThread(14465): 				<string>android.permission.GET_PACKAGE_SIZE</string>
05-22 10:50:21.111 D/NetworkThread(14465): 				<string>com.android.launcher.permission.READ_SETTINGS</string>
05-22 10:50:21.111 D/NetworkThread(14465): 				<string>android.permission.WAKE_LOCK</string>
05-22 10:50:21.111 D/NetworkThread(14465): 				<string>android.permission.CHANGE_NETWORK_STATE</string>
05-22 10:50:21.111 D/NetworkThread(14465): 				<string>android.permission.WRITE_EXTERNAL_STORAGE</string>
05-22 10:50:21.111 D/NetworkThread(14465): 				<string>android.permission.RESTART_PACKAGES</string>
05-22 10:50:21.111 D/NetworkThread(14465): 				<string>android.permission.CHANGE_WIFI_STATE</string>
05-22 10:50:21.111 D/NetworkThread(14465): 				<string>android.permission.WRITE_SETTINGS</string>
05-22 10:50:21.111 D/NetworkThread(14465): 				<string>android.permission.WRITE_SECURE_SETTINGS</string>
05-22 10:50:21.111 D/NetworkThread(14465): 				<string>android.permission.READ_SYNC_SETTINGS</string>
05-22 10:50:21.111 D/NetworkThread(14465): 				<string>android.permission.WRITE_SYNC_SETTINGS</string>
05-22 10:50:21.111 D/NetworkThread(14465): 				<string>android.permission.WRITE_APN_SETTINGS</string>
05-22 10:50:21.111 D/NetworkThread(14465): 				<string>android.permission.BLUETOOTH_ADMIN</string>
05-22 10:50:21.111 D/NetworkThread(14465): 				<string>android.permission.RECORD_AUDIO</string>
05-22 10:50:21.111 D/NetworkThread(14465): 				<string>android.permission.READ_LOGS</string>
05-22 10:50:21.111 D/NetworkThread(14465): 				<string>com.android.launcher.permission.INSTALL_SHORTCUT</string>
05-22 10:50:21.111 D/NetworkThread(14465): 				<string>com.android.launcher.permission.UNINSTALL_SHORTCUT</string>
05-22 10:50:21.111 D/NetworkThread(14465): 				<string>android.permission.ACCESS_WIFI_STATE</string>
05-22 10:50:21.111 D/NetworkThread(14465): 				<string>android.permission.BLUETOOTH</string>
05-22 10:50:21.111 D/NetworkThread(14465): 				<string>android.permission.CLEAR_APP_CACHE</string>
05-22 10:50:21.111 D/NetworkThread(14465): 				<string>android.permission.GET_TASKS</string>
05-22 10:50:21.111 D/NetworkThread(14465): 				<string>android.permission.REORDER_TASKS</string>
05-22 10:50:21.111 D/NetworkThread(14465): 				<string>android.pe
05-22 10:50:21.111 D/HttpClient(14465): enable apache.http debug
05-22 10:50:21.119 V/DEBUG   (14465): HTTP 0
05-22 10:50:21.486 D/AndroidRuntime(15089): 
05-22 10:50:21.486 D/AndroidRuntime(15089): >>>>>> AndroidRuntime START com.android.internal.os.RuntimeInit <<<<<<
05-22 10:50:21.494 D/AndroidRuntime(15089): CheckJNI is OFF
05-22 10:50:21.502 D/dalvikvm(15089): Trying to load lib libjavacore.so 0x0
05-22 10:50:21.502 D/dalvikvm(15089): Added shared lib libjavacore.so 0x0
05-22 10:50:21.510 D/dalvikvm(15089): Trying to load lib libnativehelper.so 0x0
05-22 10:50:21.517 D/dalvikvm(15089): Added shared lib libnativehelper.so 0x0
05-22 10:50:21.666 D/AndroidRuntime(15089): Calling main entry com.android.commands.uiautomator.Launcher
05-22 10:50:21.713 D/dalvikvm(15089): Note: class Landroid/app/ActivityManagerNative; has 163 unimplemented (abstract) methods
05-22 10:50:22.369 V/PanelView(  448): animationTick called with dtms=0; nothing to do (h=0.0 v=4000.0)
05-22 10:50:22.431 D/SizeAdaptiveLayout(  448): com.android.internal.widget.SizeAdaptiveLayout{4267ddf0 V.E..... ......I. 0,0-720,128 #7f070058 app:id/adaptive}child view android.widget.RelativeLayout{42764960 V.E..... ......I. 0,0-720,124} measured out of bounds at 124px clamped to 128px
05-22 10:50:22.455 D/SizeAdaptiveLayout(  448): com.android.internal.widget.SizeAdaptiveLayout{42520e48 V.E..... ......I. 0,0-720,128 #7f070058 app:id/adaptive}child view android.widget.RelativeLayout{423018a8 V.E..... ......I. 0,0-720,122} measured out of bounds at 122px clamped to 128px
05-22 10:50:22.588 D/SizeAdaptiveLayout(  448): com.android.internal.widget.SizeAdaptiveLayout{4267ddf0 V.E..... ......I. 0,0-720,128 #7f070058 app:id/adaptive}child view android.widget.RelativeLayout{42764960 V.E..... ......I. 0,0-720,124} measured out of bounds at 124px clamped to 128px
05-22 10:50:22.596 D/SizeAdaptiveLayout(  448): com.android.internal.widget.SizeAdaptiveLayout{42520e48 V.E..... ......I. 0,0-720,128 #7f070058 app:id/adaptive}child view android.widget.RelativeLayout{423018a8 V.E..... ......I. 0,0-720,122} measured out of bounds at 122px clamped to 128px
05-22 10:50:22.619 D/MDM :   (14465): [null:-1]->statusCode : 200
05-22 10:50:22.619 D/MDM :   (14465): [null:-1]->statusCode : 200
05-22 10:50:22.619 V/DEBUG   (14465): HTTP 1
05-22 10:50:22.642 D/MDM :   (14465): [null:-1]->read network input stream
05-22 10:50:22.642 D/MDM :   (14465): [null:-1]->Get joson string: <?xml version="1.0" encoding="UTF-8"?>
05-22 10:50:22.642 D/MDM :   (14465): <!DOCTYPE plist PUBLIC "-//Apple//DTD PLIST 1.0//EN" "http://www.apple.com/DTDs/PropertyList-1.0.dtd">
05-22 10:50:22.642 D/MDM :   (14465): <plist version="1.0">
05-22 10:50:22.64