05-22 10:49:20.627 I/QueryController(14976): Matched selector: UiSelector[DESCRIPTION=Dot., PACKAGE NAME=android] <<==>> [android.view.accessibility.AccessibilityNodeInfo@5e2f92; boundsInParent: Rect(0, 0 - 202, 123); boundsInScreen: Rect(56, 569 - 258, 692); packageName: android; className: android.widget.Button; text: 1; contentDescription: Dot.; viewIdResName: android:id/key1; checkable: false; checked: false; focusable: true; focused: false; selected: false; clickable: true; longClickable: false; enabled: true; password: false; scrollable: false; [ACTION_FOCUS, ACTION_SELECT, ACTION_CLEAR_SELECTION, ACTION_CLICK, ACTION_ACCESSIBILITY_FOCUS, ACTION_NEXT_AT_MOVEMENT_GRANULARITY, ACTION_PREVIOUS_AT_MOVEMENT_GRANULARITY, ACTION_SET_SELECTION]]
05-22 10:49:20.689 I/QueryController(14976): Matched selector: UiSelector[TEXT=1, CLASS=android.widget.Button, PACKAGE NAME=android] <<==>> [android.view.accessibility.AccessibilityNodeInfo@5e2f92; boundsInParent: Rect(0, 0 - 202, 123); boundsInScreen: Rect(56, 569 - 258, 692); packageName: android; className: android.widget.Button; text: 1; contentDescription: Dot.; viewIdResName: android:id/key1; checkable: false; checked: false; focusable: true; focused: false; selected: false; clickable: true; longClickable: false; enabled: true; password: false; scrollable: false; [ACTION_FOCUS, ACTION_SELECT, ACTION_CLEAR_SELECTION, ACTION_CLICK, ACTION_ACCESSIBILITY_FOCUS, ACTION_NEXT_AT_MOVEMENT_GRANULARITY, ACTION_PREVIOUS_AT_MOVEMENT_GRANULARITY, ACTION_SET_SELECTION]]
05-22 10:49:20.689 D/InteractionController(14976): clickAndSync(157, 630)
05-22 10:49:23.799 W/InteractionController(14976): runAndwaitForEvent timedout waiting for events
05-22 10:49:23.830 I/QueryController(14976): Matched selector: UiSelector[TEXT=2 ABC, CLASS=android.widget.Button, PACKAGE NAME=android] <<==>> [android.view.accessibility.AccessibilityNodeInfo@5e3353; boundsInParent: Rect(0, 0 - 203, 123); boundsInScreen: Rect(258, 569 - 461, 692); packageName: android; className: android.widget.Button; text: 2 ABC; contentDescription: Dot.; viewIdResName: android:id/key2; checkable: false; checked: false; focusable: true; focused: false; selected: false; clickable: true; longClickable: false; enabled: true; password: false; scrollable: false; [ACTION_FOCUS, ACTION_SELECT, ACTION_CLEAR_SELECTION, ACTION_CLICK, ACTION_ACCESSIBILITY_FOCUS, ACTION_NEXT_AT_MOVEMENT_GRANULARITY, ACTION_PREVIOUS_AT_MOVEMENT_GRANULARITY, ACTION_SET_SELECTION]]
05-22 10:49:23.830 D/InteractionController(14976): clickAndSync(359, 630)
05-22 10:49:26.931 W/InteractionController(14976): runAndwaitForEvent timedout waiting for events
05-22 10:49:26.971 I/QueryController(14976): Matched selector: UiSelector[TEXT=3 DEF, CLASS=android.widget.Button, PACKAGE NAME=android] <<==>> [android.view.accessibility.AccessibilityNodeInfo@5e3714; boundsInParent: Rect(0, 0 - 203, 123); boundsInScreen: Rect(461, 569 - 664, 692); packageName: android; className: android.widget.Button; text: 3 DEF; contentDescription: Dot.; viewIdResName: android:id/key3; checkable: false; checked: false; focusable: true; focused: false; selected: false; clickable: true; longClickable: false; enabled: true; password: false; scrollable: false; [ACTION_FOCUS, ACTION_SELECT, ACTION_CLEAR_SELECTION, ACTION_CLICK, ACTION_ACCESSIBILITY_FOCUS, ACTION_NEXT_AT_MOVEMENT_GRANULARITY, ACTION_PREVIOUS_AT_MOVEMENT_GRANULARITY, ACTION_SET_SELECTION]]
05-22 10:49:26.971 D/InteractionController(14976): clickAndSync(562, 630)
05-22 10:49:28.080 D/CmdSelectEraseDevice(14465): [null:-1]->==========select erase device========
05-22 10:49:28.080 W/Parcel  ( 1661): Attempt to read object from Parcel 0x5dfd3dac at offset 200 that is not in the object list
05-22 10:49:28.080 D/MdmService(14465): [null:-1]->receiver action :com.pekall.mdm.action.SELECT_ERASE
05-22 10:49:28.088 D/mdm_log (14465): [null:-1]->action is : com.pekall.mdm.action.SELECT_ERASE
05-22 10:49:28.088 D/MDM :   (14465): [null:-1]->selectErase start to select eraser data 
05-22 10:49:28.096 V/MdmApp  (14465): [null:-1]->Token for user zhenhua.sang@pekall.com <password '123456', token '59796fcae09ba7a642a8bcba531c39e41134'> has expired, ask user to re-login
05-22 10:49:28.127 W/Parcel  ( 1661): Attempt to read object from Parcel 0x5ded3dac at offset 200 that is not in the object list
05-22 10:49:28.127 I/ActivityManager(  374): START u0 {flg=0x10008000 cmp=com.pekall.emdm.launcher/com.pekall.emdm.ui.SplashActivity} from pid 14465
05-22 10:49:28.158 W/Parcel  ( 1661): Attempt to read object from Parcel 0x6013bdac at offset 200 that is not in the object list
05-22 10:49:28.158 D/HomeLoaders(14465): aborting loaders
05-22 10:49:28.158 W/ActivityManager(  374): Unable to start service Intent { act=com.pekall.mdm.action.SELECT_ERASE } U=0: not found
05-22 10:49:28.408 D/dalvikvm(14465): JIT unchain all for threadid=11
05-22 10:49:28.455 D/MDM :   (14465): [null:-1]->selectErase clear pushmessage
05-22 10:49:28.658 W/ActivityManager(  374): Activity pause timeout for ActivityRecord{42295ac8 u0 com.pekall.emdm.launcher/com.pekall.emdm.ui.SplashActivity}
05-22 10:49:28.721 D/dalvikvm(14465): JIT unchain all for threadid=11
05-22 10:49:28.736 D/MDM :   (14465): [null:-1]->selectErase clear doc
05-22 10:49:28.767 D/dalvikvm(14465): GC_EXPLICIT freed 7701K, 26% free 27343K/36544K, paused 266ms+270ms, total 606ms
05-22 10:49:28.838 D/MDM :   (14465): [null:-1]->selectErase clear managed_app
05-22 10:49:28.877 I/SqliteDatabaseCpp(14465): sqlite returned: error code = 1, msg = no such table: app, db=/data/data/com.pekall.emdm.launcher/databases/message.db
05-22 10:49:28.877 W/System.err(14465): com.pekall.sandbox.database.sqlite.SQLiteException: no such table: app: , while compiling: SELECT package, status FROM app
05-22 10:49:28.877 W/System.err(14465): 	at com.pekall.sandbox.database.sqlite.SQLiteCompiledSql.native_compile(Native Method)
05-22 10:49:28.877 W/System.err(14465): 	at com.pekall.sandbox.database.sqlite.SQLiteCompiledSql.<init>(Unknown Source)
05-22 10:49:28.877 W/System.err(14465): 	at com.pekall.sandbox.database.sqlite.SQLiteProgram.compileSql(Unknown Source)
05-22 10:49:28.877 W/System.err(14465): 	at com.pekall.sandbox.database.sqlite.SQLiteProgram.compileAndbindAllArgs(Unknown Source)
05-22 10:49:28.877 W/System.err(14465): 	at com.pekall.sandbox.database.sqlite.SQLiteProgram.<init>(Unknown Source)
05-22 10:49:28.885 W/System.err(14465): 	at com.pekall.sandbox.database.sqlite.SQLiteProgram.<init>(Unknown Source)
05-22 10:49:28.885 W/System.err(14465): 	at com.pekall.sandbox.database.sqlite.SQLiteQuery.<init>(Unknown Source)
05-22 10:49:28.885 W/System.err(14465): 	at com.pekall.sandbox.database.sqlite.SQLiteDirectCursorDriver.query(Unknown Source)
05-22 10:49:28.885 W/System.err(14465): 	at com.pekall.sandbox.database.sqlite.SQLiteDatabase.rawQueryWithFactory(Unknown Source)
05-22 10:49:28.885 W/System.err(14465): 	at com.pekall.sandbox.database.sqlite.SQLiteDatabase.queryWithFactory(Unknown Source)
05-22 10:49:28.885 W/System.err(14465): 	at com.pekall.sandbox.database.sqlite.SQLiteDatabase.query(Unknown Source)
05-22 10:49:28.885 W/System.err(14465): 	at com.pekall.sandbox.database.sqlite.SQLiteDatabase.query(Unknown Source)
05-22 10:49:28.885 W/System.err(14465): 	at com.pekall.emdm.database.a.g(Unknown Source)
05-22 10:49:28.885 W/System.err(14465): 	at com.pekall.emdm.b.run(Unknown Source)
05-22 10:49:28.885 W/System.err(14465): 	at java.lang.Thread.run(Thread.java:841)
05-22 10:49:28.885 D/MDM :   (14465): [null:-1]->selectErase cleag app
05-22 10:49:28.885 I/SqliteDatabaseCpp(14465): sqlite returned: error code = 1, msg = no such table: app, db=/data/data/com.pekall.emdm.launcher/databases/message.db
05-22 10:49:28.892 W/dalvikvm(14465): threadid=36: thread exiting with uncaught exception (group=0x419c8700)
05-22 10:49:28.892 D/        (14465): [---null: -1---]  Thread is Thread-5032
05-22 10:49:28.892 W/System.err(14465): com.pekall.sandbox.database.sqlite.SQLiteException: no such table: app: , while compiling: DELETE FROM app
05-22 10:49:28.892 W/System.err(14465): 	at com.pekall.sandbox.database.sqlite.SQLiteCompiledSql.native_compile(Native Method)
05-22 10:49:28.892 W/System.err(14465): 	at com.pekall.sandbox.database.sqlite.SQLiteCompiledSql.<init>(Unknown Source)
05-22 10:49:28.892 W/System.err(14465): 	at com.pekall.sandbox.database.sqlite.SQLiteProgram.compileSql(Unknown Source)
05-22 10:49:28.900 W/System.err(14465): 	at com.pekall.sandbox.database.sqlite.SQLiteProgram.compileAndbindAllArgs(Unknown Source)
05-22 10:49:28.900 W/System.err(14465): 	at com.pekall.sandbox.database.sqlite.SQLiteStatement.acquireAndLock(Unknown Source)
05-22 10:49:28.900 W/System.err(14465): 	at com.pekall.sandbox.database.sqlite.SQLiteStatement.executeUpdateDelete(Unknown Source)
05-22 10:49:28.900 W/System.err(14465): 	at com.pekall.sandbox.database.sqlite.SQLiteDatabase.delete(Unknown Source)
05-22 10:49:28.900 W/System.err(14465): 	at com.pekall.emdm.database.a.e(Unknown Source)
05-22 10:49:28.900 W/System.err(14465): 	at com.pekall.emdm.b.run(Unknown Source)
05-22 10:49:28.900 W/System.err(14465): 	at java.lang.Thread.run(Thread.java:841)
05-22 10:49:28.955 V/LauncherApplication(14465): onActivityStarted
05-22 10:49:28.955 D/        (14465): [---null: -1---]     awsa  onActivityResumed
05-22 10:49:28.955 V/LauncherApplication(14465): 2MdmConstant.LAST_LAUNCH_TIME = 1400726908223
05-22 10:49:28.963 D/        (14465): [---null: -1---]  activity = com.pekall.emdm.ui.SplashActivity
05-22 10:49:28.978 D/LauncherApplication(14465): [null:-1]->onActivityPaused
05-22 10:49:28.986 W/SQLiteOpenHelper(14465): Opened /data/data/com.pekall.emdm.launcher/databases/emdm_contacts.db
05-22 10:49:29.111 D/EmailBroadcastReceiver(14465): 1111  Email receives broadcast 'com.pekall.mdm.action.SELECT_ERASE'
05-22 10:49:29.111 D/AccountProvision(14465): Process email select erase broadcast.
05-22 10:49:29.111 W/Parcel  ( 1661): Attempt to read object from Parcel 0x5ef3bdac at offset 200 that is not in the object list
05-22 10:49:29.119 V/AccountProvision(14465): create account provision service
05-22 10:49:29.127 V/h       (14465): Bind requested for task deleteAccount
05-22 10:49:29.127 I/ActivityManager(  374): Displayed com.pekall.emdm.launcher/com.pekall.emdm.ui.SplashActivity: +983ms
05-22 10:49:29.127 V/MessageReceiver(14465): Received message: com.pekall.mdm.action.SELECT_ERASE
05-22 10:49:29.174 D/MessageCenterReceiver(14465): action is : com.pekall.mdm.action.SELECT_ERASE
05-22 10:49:29.174 D/MessageProvider(14465): uri is content://com.pekall.emdm.message/message
05-22 10:49:29.205 W/Parcel  ( 1661): Attempt to read object from Parcel 0x5ec3bdac at offset 200 that is not in the object list
05-22 10:49:29.205 D/MessageProvider(14465): delete all message
05-22 10:49:29.205 D/MessageCenterReceiver(14465): uri is : content://com.pekall.emdm.message/message  , count is 11
05-22 10:49:29.205 V/h       (14465): Connected: com.pekall.semail.service.AccountService
05-22 10:49:29.213 W/AccountService(14465): There's no account.
05-22 10:49:29.221 V/h       (14465): Task deleteAccount completed; disconnecting
05-22 10:49:29.228 I/Email   (14465): Notifications being toggled: false
05-22 10:49:29.228 W/ActivityManager(  374): Unable to start service Intent { cmp=com.pekall.emdm.launcher/com.pekall.semail.service.AttachmentDownloadService } U=0: not found
05-22 10:49:30.080 W/InteractionController(14976): runAndwaitForEvent timedout waiting for events
05-22 10:49:30.111 I/QueryController(14976): Matched selector: UiSelector[TEXT=4 GHI, CLASS=android.widget.Button, PACKAGE NAME=android] <<==>> [android.view.accessibility.AccessibilityNodeInfo@5e3ad5; boundsInParent: Rect(0, 0 - 202, 123); boundsInScreen: Rect(56, 692 - 258, 815); packageName: android; className: android.widget.Button; text: 4 GHI; contentDescription: Dot.; viewIdResName: android:id/key4; checkable: false; checked: false; focusable: true; focused: false; selected: false; clickable: true; longClickable: false; enabled: true; password: false; scrollable: false; [ACTION_FOCUS, ACTION_SELECT, ACTION_CLEAR_SELECTION, ACTION_CLICK, ACTION_ACCESSIBILITY_FOCUS, ACTION_NEXT_AT_MOVEMENT_GRANULARITY, ACTION_PREVIOUS_AT_MOVEMENT_GRANULARITY, ACTION_SET_SELECTION]]
05-22 10:49:30.111 D/InteractionController(14976): clickAndSync(157, 753)
05-22 10:49:30.455 W/Parcel  ( 1661): Attempt to read object from Parcel 0x5ded3dac at offset 200 that is not in the object list
05-22 10:49:30.455 I/ActivityManager(  374): START u0 {cmp=com.pekall.emdm.launcher/com.pekall.emdm.ui.ActiveDeviceAdminActivity} from pid 14465
05-22 10:49:30.494 V/LauncherApplication(14465): onActivityStarted
05-22 10:49:30.494 D/        (14465): [---null: -1---]     awsa  onActivityResumed
05-22 10:49:30.494 V/LauncherApplication(14465): 2MdmConstant.LAST_LAUNCH_TIME = 1400726908223
05-22 10:49:30.502 D/        (14465): [---null: -1---]  activity = com.pekall.emdm.ui.ActiveDeviceAdminActivity
05-22 10:49:30.502 W/Parcel  ( 1661): Attempt to read object from Parcel 0x6013bdac at offset 200 that is not in the object list
05-22 10:49:30.502 I/ActivityManager(  374): START u0 {cmp=com.pekall.emdm.launcher/com.pekall.emdm.ui.RegDeviceActivity} from pid 14465
05-22 10:49:30.510 D/LauncherApplication(14465): [null:-1]->onActivityPaused
05-22 10:49:30.596 V/LauncherApplication(14465): onActivityStarted
05-22 10:49:30.619 D/        (14465): [---null: -1---]     awsa  onActivityResumed
05-22 10:49:30.619 V/LauncherApplication(14465): 2MdmConstant.LAST_LAUNCH_TIME = 1400726908223
05-22 10:49:30.635 D/        (14465): [---null: -1---]  activity = com.pekall.emdm.ui.RegDeviceActivity
05-22 10:49:30.642 D/LauncherApplication(14465): [null:-1]->onActivityPaused
05-22 10:49:30.658 V/LauncherApplication(14465): onActivityStarted
05-22 10:49:30.658 D/        (14465): [---null: -1---]     awsa  onActivityResumed
05-22 10:49:30.658 V/LauncherApplication(14465): 2MdmConstant.LAST_LAUNCH_TIME = 1400726908223
05-22 10:49:30.666 D/        (14465): [---null: -1---]  activity = com.pekall.emdm.ui.RegDeviceActivity
05-22 10:49:30.666 D/LauncherApplication(14465): [null:-1]->onActivityPaused
05-22 10:49:30.806 I/ActivityManager(  374): Displayed com.pekall.emdm.launcher/com.pekall.emdm.ui.RegDeviceActivity: +287ms (total +349ms)
05-22 10:49:30.814 W/WindowManager(  374): Rebuild removed 3 windows but added 2
05-22 10:49:30.822 W/WindowManager(  374): This window was lost: Window{426c4a68 u0 com.pekall.emdm.launcher/com.pekall.emdm.ui.SplashActivity}
05-22 10:49:30.822 W/WindowManager(  374): mDisplayId=0 mSession=Session{42a73560 14465:u0a10066} mClient=android.os.BinderProxy@426f4028
05-22 10:49:30.822 W/WindowManager(  374): mOwnerUid=10066 mShowToOwnerOnly=true package=com.pekall.emdm.launcher appop=NONE
05-22 10:49:30.822 W/WindowManager(  374): mAttrs=WM.LayoutParams{(0,0)(fillxfill) sim=#120 ty=1 fl=#1810100 pfl=0x8 wanim=0x10302ed}
05-22 10:49:30.822 W/WindowManager(  374): Requested w=0 h=0 mLayoutSeq=19116
05-22 10:49:30.822 W/WindowManager(  374): mBaseLayer=21000 mSubLayer=0 mAnimLayer=21000+0=21000 mLastLayer=0
05-22 10:49:30.822 W/WindowManager(  374): mToken=AppWindowToken{4320e928 token=Token{42902f68 ActivityRecord{42295ac8 u0 com.pekall.emdm.launcher/com.pekall.emdm.ui.SplashActivity}}}
05-22 10:49:30.822 W/WindowManager(  374): mRootToken=AppWindowToken{4320e928 token=Token{42902f68 ActivityRecord{42295ac8 u0 com.pekall.emdm.launcher/com.pekall.emdm.ui.SplashActivity}}}
05-22 10:49:30.822 W/WindowManager(  374): mAppToken=AppWindowToken{4320e928 token=Token{42902f68 ActivityRecord{42295ac8 u0 com.pekall.emdm.launcher/com.pekall.emdm.ui.SplashActivity}}}
05-22 10:49:30.822 W/WindowManager(  374): mViewVisibility=0x0 mHaveFrame=true mObscured=true
05-22 10:49:30.822 W/WindowManager(  374): mSeq=0 mSystemUiVisibility=0x0
05-22 10:49:30.822 W/WindowManager(  374): mPolicyVisibility=false mPolicyVisibilityAfterAnim=false mAppOpVisibility=true mAttachedHidden=false
05-22 10:49:30.822 W/WindowManager(  374): mGivenContentInsets=[0,0][0,0] mGivenVisibleInsets=[0,0][0,0]
05-22 10:49:30.822 W/WindowManager(  374): mConfiguration={1.0 999mcc?mnc en_US ldltr sw360dp w360dp h567dp 320dpi nrml port finger -keyb/v/h -nav/h s.19}
05-22 10:49:30.822 W/WindowManager(  374): mHasSurface=true mShownFrame=[0.0,0.0][720.0,1184.0] isReadyForDisplay()=false
05-22 10:49:30.822 W/WindowManager(  374): mFrame=[0,0][720,1184] last=[0,0][720,1184]
05-22 10:49:30.822 W/WindowManager(  374): mSystemDecorRect=[0,50][720,1184] last=[0,50][720,1184]
05-22 10:49:30.822 W/WindowManager(  374): Frames: containing=[0,0][720,1184] parent=[0,0][720,1184]
05-22 10:49:30.822 W/WindowManager(  374):     display=[0,0][720,1184] overscan=[0,0][720,1280]
05-22 10:49:30.822 W/WindowManager(  374):     content=[0,50][720,1184] visible=[0,50][720,1184]
05-22 10:49:30.822 W/WindowManager(  374): Cur insets: overscan=[0,0][0,0] content=[0,50][0,0] visible=[0,50][0,0]
05-22 10:49:30.822 W/WindowManager(  374): Lst insets: overscan=[0,0][0,0] content=[0,50][0,0] visible=[0,50][0,0]
05-22 10:49:30.822 W/WindowManager(  374): WindowStateAnimator{42f8eee8 com.pekall.emdm.launcher/com.pekall.emdm.ui.SplashActivity}:
05-22 10:49:30.822 W/WindowManager(  374):   mSurface=Surface(name=com.pekall.emdm.launcher/com.pekall.emdm.ui.SplashActivity)
05-22 10:49:30.822 W/WindowManager(  374):   mDrawState=HAS_DRAWN mLastHidden=true
05-22 10:49:30.822 W/WindowManager(  374):   Surface: shown=false layer=21005 alpha=0.0 rect=(0.0,0.0) 720.0 x 1184.0
05-22 10:49:30.822 W/WindowManager(  374):   mShownAlpha=1.0 mAlpha=1.0 mLastAlpha=-1.0
05-22 10:49:30.822 W/WindowManager(  374):   mGlobalScale=1.0 mDsDx=1.0 mDtDx=0.0 mDsDy=0.0 mDtDy=1.0
05-22 10:49:30.822 W/WindowManager(  374): mExiting=false mRemoveOnExit=false mDestroying=true mRemoved=false
05-22 10:49:30.822 W/WindowManager(  374): Current app token list:
05-22 10:49:30.822 V/WindowManager(  374):   #1: Token{4262d9e8 ActivityRecord{422a2050 u0 com.pekall.emdm.launcher/com.pekall.emdm.ui.RegDeviceActivity}}
05-22 10:49:30.822 V/WindowManager(  374):   #0: Token{425dac38 ActivityRecord{425da7f0 u0 com.android.launcher/com.android.launcher2.Launcher}}
05-22 10:49:30.822 W/WindowManager(  374): Final window list:
05-22 10:49:30.822 V/WindowManager(  374):   #0: Window{425ff1d0 u0 SearchPanel}
05-22 10:49:30.822 V/WindowManager(  374):   #1: Window{425d6be8 u0 NavigationBar}
05-22 10:49:30.822 V/WindowManager(  374):   #2: Window{428ae890 u0 StatusBar}
05-22 10:49:30.822 V/WindowManager(  374):   #3: Window{4308d330 u0 InputMethod}
05-22 10:49:30.822 V/WindowManager(  374):   #4: Window{42667920 u0 Keyguard}
05-22 10:49:30.822 V/WindowManager(  374):   #5: Window{42941d98 u0 com.android.phasebeam.PhaseBeamWallpaper}
05-22 10:49:30.822 V/WindowManager(  374):   #6: Window{42544d20 u0 com.qihoo360.mobilesafe}
05-22 10:49:30.822 V/WindowManager(  374):   #7: Window{42972e98 u0 com.qihoo360.mobilesafe}
05-22 10:49:30.822 V/WindowManager(  374):   #8: Window{42859458 u0 com.pekall.emdm.launcher/com.pekall.emdm.ui.RegDeviceActivity}
05-22 10:49:30.822 V/WindowManager(  374):   #9: Window{426f6f48 u0 com.android.launcher/com.android.launcher2.Launcher}
05-22 10:49:33.221 W/InteractionController(14976): runAndwaitForEvent timedout waiting for events
05-22 10:49:33.252 I/QueryController(14976): Matched selector: UiSelector[TEXT=5 JKL, CLASS=android.widget.Button, PACKAGE NAME=android] <<==>> [android.view.accessibility.AccessibilityNodeInfo@5e3e96; boundsInParent: Rect(0, 0 - 203, 123); boundsInScreen: Rect(258, 692 - 461, 815); packageName: android; className: android.widget.Button; text: 5 JKL; contentDescription: Dot.; viewIdResName: android:id/key5; checkable: false; checked: false; focusable: true; focused: false; selected: false; clickable: true; longClickable: false; enabled: true; password: false; scrollable: false; [ACTION_FOCUS, ACTION_SELECT, ACTION_CLEAR_SELECTION, ACTION_CLICK, ACTION_ACCESSIBILITY_FOCUS, ACTION_NEXT_AT_MOVEMENT_GRANULARITY, ACTION_PREVIOUS_AT_MOVEMENT_GRANULARITY, ACTION_SET_SELECTION]]
05-22 10:49:33.252 D/InteractionController(14976): clickAndSync(359, 753)
05-22 10:49:34.322 I/EventLogService(  603): Aggregate from 1400725174216 (log), 1400725174216 (data)
05-22 10:49:34.377 I/ServiceDumpSys(  603): dumping service [account]
05-22 10:49:34.572 I/ActivityManager(  374): Start proc com.pekall.emdm.launcher:remote for service com.pekall.emdm.launcher/com.baidu.location.f: pid=15001 uid=10066 gids={50066, 1015, 3002, 3001, 3003, 1028}
05-22 10:49:34.580 D/dalvikvm(15001): Late-enabling CheckJNI
05-22 10:49:34.619 D/ScClassLoader(15001): >> SOURCE FILE: /data/data/com.pekall.emdm.launcher/app_jars/sc-jdk15on-1.47.0.2.dex.jar
05-22 10:49:34.627 V/MyServiceConnection(15001): [SConnection] sandbox service is NOT installed.
05-22 10:49:34.627 V/MyServiceConnection(15001): [SConnection] binding service: pekall.intent.action.SANDBOX_SERVICE
05-22 10:49:34.681 W/Parcel  ( 1661): Attempt to read object from Parcel 0x5ef3bdac at offset 200 that is not in the object list
05-22 10:49:34.681 D/dalvikvm(15001): GC_CONCURRENT freed 137K, 2% free 9315K/9472K, paused 3ms+3ms, total 34ms
05-22 10:49:34.681 W/Parcel  ( 1661): Attempt to read object from Parcel 0x5ec3bdac at offset 200 that is not in the object list
05-22 10:49:34.689 D/Email   (15001): Email: init sandbox at the beginning.
05-22 10:49:34.689 V/MyServiceConnection(15001): [SConnection] retry to bind service
05-22 10:49:34.689 V/MyServiceConnection(15001): [SConnection] sandbox service is NOT installed.
05-22 10:49:34.689 V/MyServiceConnection(15001): [SConnection] binding service: pekall.intent.action.SANDBOX_SERVICE
05-22 10:49:34.697 V/MyServiceConnection(15001): [SConnection] retry to bind service
05-22 10:49:34.705 V/MyServiceConnection(15001): [SConnection] sandbox service is NOT installed.
05-22 10:49:34.705 V/MyServiceConnection(15001): [SConnection] binding service: pekall.intent.action.SANDBOX_SERVICE
05-22 10:49:34.705 V/l       (15001): Bind requested for task setLogging
05-22 10:49:34.713 D/ExchangeService(14465): !!! EAS ExchangeService, onCreate
05-22 10:49:34.721 W/Parcel  ( 1661): Attempt to read object from Parcel 0x5dfd3dac at offset 200 that is not in the object list
05-22 10:49:34.721 D/ExchangeService(14465): !!! EAS ExchangeService, onStartCommand, startingUp = false, running = false
05-22 10:49:34.728 D/ExchangeService(14465): to start secureStorageService now
05-22 10:49:34.728 V/a       (14465): Bind requested for task test
05-22 10:49:34.752 V/a       (14465): Connected: com.pekall.semail.service.AccountServiceInternal
05-22 10:49:34.760 V/a       (14465): Connection test succeeded in 34ms
05-22 10:49:34.760 V/a       (14465): Task test completed; disconnecting
05-22 10:49:34.767 D/ExchangeService(14465): Reconciling accounts...
05-22 10:49:34.775 D/dalvikvm(15001): GC_CONCURRENT freed 230K, 3% free 9612K/9856K, paused 3ms+4ms, total 37ms
05-22 10:49:34.775 V/a       (14465): Bind requested for task reconcileAccounts
05-22 10:49:34.783 W/DocumentManager(15001): Sandbox service is not connected.
05-22 10:49:34.783 D/MessageControllerImpl(15001): controller is null
05-22 10:49:34.783 V/MyServiceConnection(15001): [SConnection] retry to bind service
05-22 10:49:34.783 V/MyServiceConnection(15001): [SConnection] sandbox service is NOT installed.
05-22 10:49:34.783 V/MyServiceConnection(15001): [SConnection] binding service: pekall.intent.action.SANDBOX_SERVICE
05-22 10:49:34.791 V/a       (14465): Connected: com.pekall.semail.service.AccountServiceInternal
05-22 10:49:34.791 W/SQLiteOpenHelper(15001): Opened /data/data/com.pekall.emdm.launcher/databases/message.db
05-22 10:49:34.791 W/dalvikvm(15001): No implementation found for native Lcom/pekall/sandbox/database/sqlite/SQLiteDatabase;.native_setSqliteSoftHeapLimit:(I)V
05-22 10:49:34.791 D/AndroidRuntime(15001): Shutting down VM
05-22 10:49:34.791 W/dalvikvm(15001): threadid=1: thread exiting with uncaught exception (group=0x419c8700)
05-22 10:49:34.791 D/        (15001): [---null: -1---]  Thread is main
05-22 10:49:34.791 W/System.err(15001): java.lang.UnsatisfiedLinkError: Native method not found: com.pekall.sandbox.database.sqlite.SQLiteDatabase.native_setSqliteSoftHeapLimit:(I)V
05-22 10:49:34.791 D/ActivityThread(15001): Loading provider com.pekall.semail.provider;com.pekall.semail.notifier: com.pekall.semail.provider.EmailProvider
05-22 10:49:34.799 W/System.err(15001): 	at com.pekall.sandbox.database.sqlite.SQLiteDatabase.native_setSqliteSoftHeapLimit(Native Method)
05-22 10:49:34.799 W/System.err(15001): 	at com.pekall.sandbox.database.sqlite.SQLiteDatabase.<init>(Unknown Source)
05-22 10:49:34.799 W/System.err(15001): 	at com.pekall.sandbox.database.sqlite.SQLiteDatabase.openDatabase(Unknown Source)
05-22 10:49:34.799 W/System.err(15001): 	at com.pekall.sandbox.database.sqlite.SQLiteDatabase.openDatabase(Unknown Source)
05-22 10:49:34.799 W/System.err(15001): 	at com.pekall.sandbox.database.sqlite.SQLiteDatabase.openDatabase(Unknown Source)
05-22 10:49:34.799 W/System.err(15001): 	at com.pekall.sandbox.database.sqlite.SQLiteOpenHelper.getWritableDatabase(Unknown Source)
05-22 10:49:34.799 W/System.err(15001): 	at com.pekall.emdm.messagecenter.db.a.a(Unknown Source)
05-22 10:49:34.799 W/System.err(15001): 	at com.pekall.emdm.messagecenter.db.a.b(Unknown Source)
05-22 10:49:34.799 W/System.err(15001): 	at com.pekall.emdm.messagecenter.activity.a.onCreate(Unknown Source)
05-22 10:49:34.799 W/System.err(15001): 	at com.pekall.emdm.launcher.LauncherApplication.onCreate(Unknown Source)
05-22 10:49:34.799 W/System.err(15001): 	at android.app.Instrumentation.callApplicationOnCreate(Instrumentation.java:1007)
05-22 10:49:34.799 W/System.err(15001): 	at android.app.ActivityThread.handleBindApplication(ActivityThread.java:4444)
05-22 10:49:34.799 W/System.err(15001): 	at android.app.ActivityThread.access$1300(ActivityThread.java:141)
05-22 10:49:34.799 W/System.err(15001): 	at android.app.ActivityThread$H.handleMessage(ActivityThread.java:1316)
05-22 10:49:34.799 W/System.err(15001): 	at android.os.Handler.dispatchMessage(Handler.java:99)
05-22 10:49:34.799 W/System.err(15001): 	at android.os.Looper.loop(Looper.java:137)
05-22 10:49:34.799 W/System.err(15001): 	at android.app.ActivityThread.main(ActivityThread.java:5103)
05-22 10:49:34.806 W/System.err(15001): 	at java.lang.reflect.Method.invokeNative(Native Method)
05-22 10:49:34.806 W/System.err(15001): 	at java.lang.reflect.Method.invoke(Method.java:525)
05-22 10:49:34.806 W/System.err(15001): 	at com.android.internal.os.ZygoteInit$MethodAndArgsCaller.run(ZygoteInit.java:737)
05-22 10:49:34.806 W/System.err(15001): 	at com.android.internal.os.ZygoteInit.main(ZygoteInit.java:553)
05-22 10:49:34.806 W/System.err(15001): 	at dalvik.system.NativeStart.main(Native Method)
05-22 10:49:34.806 V/a       (14465): Task reconcileAccounts completed; disconnecting
05-22 10:49:34.830 V/a       (14465): Waiting for task reconcileAccounts to complete...
05-22 10:49:34.830 D/ActivityThread(15001): Loading provider com.pekall.semail.provider;com.pekall.semail.notifier: com.pekall.semail.provider.EmailProvider
05-22 10:49:35.447 W/EmailProvider(15001): restoreIfNeeded...
05-22 10:49:35.721 D/EmailProvider(15001): restoreAccounts...
05-22 10:49:36.361 W/InteractionController(14976): runAndwaitForEvent timedout waiting for events
05-22 10:49:36.408 I/QueryController(14976): Matched selector: UiSelector[TEXT=6 MNO, CLASS=android.widget.Button, PACKAGE NAME=android] <<==>> [android.view.accessibility.AccessibilityNodeInfo@5e4257; boundsInParent: Rect(0, 0 - 203, 123); boundsInScreen: Rect(461, 692 - 664, 815); packageName: android; className: android.widget.Button; text: 6 MNO; contentDescription: Dot.; viewIdResName: android:id/key6; checkable: false; checked: false; focusable: true; focused: false; selected: false; clickable: true; longClickable: false; enabled: true; password: false; scrollable: false; [ACTION_FOCUS, ACTION_SELECT, ACTION_CLEAR_SELECTION, ACTION_CLICK, ACTION_ACCESSIBILITY_FOCUS, ACTION_NEXT_AT_MOVEMENT_GRANULARITY, ACTION_PREVIOUS_AT_MOVEMENT_GRANULARITY, ACTION_SET_SELECTION]]
05-22 10:49:36.408 D/InteractionController(14976): clickAndSync(562, 753)
05-22 10:49:36.689 D/dalvikvm(  561): GC_EXPLICIT freed 365K, 5% free 9417K/9860K, paused 2ms+15ms, total 50ms
05-22 10:49:36.689 W/MountService(  374): getVolumeState(/storage/emulated/0/external_sd): Unknown volume
05-22 10:49:36.728 W/MountService(  374): getVolumeState(/mnt/sdcard-ext): Unknown volume
05-22 10:49:36.728 W/MountService(  374): getVolumeState(/mnt/ext_sdcard): Unknown volume
05-22 10:49:36.744 W/MountService(  374): getVolumeState(/mnt/sdcard2): Unknown volume
05-22 10:49:36.752 W/MountService(  374): getVolumeState(/mnt/emmc): Unknown volume
05-22 10:49:36.752 W/MountService(  374): getVolumeState(/mnt/extSdCard): Unknown volume
05-22 10:49:36.877 W/MountService(  374): getVolumeState(/mnt/sdcard/SD_CARD): Unknown volume
05-22 10:49:36.885 W/MountService(  374): getVolumeState(/mnt/sdcard/extra_sd): Unknown volume
05-22 10:49:36.892 W/MountService(  374): getVolumeState(/mnt/extrasd_bind): Unknown volume
05-22 10:49:36.916 W/MountService(  374): getVolumeState(/mnt/sdcard/ext_sd): Unknown volume
05-22 10:49:36.947 W/MountService(  374): getVolumeState(/storage/extSdCard): Unknown volume
05-22 10:49:36.947 W/MountService(  374): getVolumeState(/storage/sdcard1): Unknown volume
05-22 10:49:36.978 W/MountService(  374): getVolumeState(/mnt/sdcard/external_SD): Unknown volume
05-22 10:49:37.025 W/MountService(  374): getVolumeState(/mnt/sdcard/external_sd): Unknown volume
05-22 10:49:37.588 D/EmailProvider(15001): No accounts to restore...
05-22 10:49:37.611 D/EmailProvider(15001): Deleting orphans...
05-22 10:49:37.650 D/dalvikvm( 1468): GC_CONCURRENT freed 477K, 21% free 9961K/12512K, paused 30ms+142ms, total 1158ms
05-22 10:49:37.658 D/dalvikvm( 1468): WAIT_FOR_CONCURRENT_GC blocked 435ms
05-22 10:49:37.689 D/dalvikvm( 1468): WAIT_FOR_CONCURRENT_GC blocked 535ms
05-22 10:49:38.572 D/EmailProvider(15001): EmailProvider pre-caching...
05-22 10:49:39.510 W/InteractionController(14976): runAndwaitForEvent timedout waiting for events
05-22 10:49:39.541 I/QueryController(14976): Matched selector: UiSelector[DESCRIPTION=Enter] <<==>> [android.view.accessibility.AccessibilityNodeInfo@5e551c; boundsInParent: Rect(0, 0 - 203, 124); boundsInScreen: Rect(461, 939 - 664, 1063); packageName: android; className: android.widget.ImageButton; text: null; contentDescription: Enter; viewIdResName: android:id/key_enter; checkable: false; checked: false; focusable: true; focused: false; selected: false; clickable: true; longClickable: false; enabled: true; password: false; scrollable: false; [ACTION_FOCUS, ACTION_SELECT, ACTION_CLEAR_SELECTION, ACTION_CLICK, ACTION_ACCESSIBILITY_FOCUS, ACTION_NEXT_AT_MOVEMENT_GRANULARITY, ACTION_PREVIOUS_AT_MOVEMENT_GRANULARITY, ACTION_SET_SELECTION]]
05-22 10:49:39.572 D/InteractionController(14976): clickAndWaitForNewWindow(562, 1001)
05-22 10:49:40.299 V/LauncherApplication(14465): onActivityStarted
05-22 10:49:40.314 D/PhoneStatusBar(  448): disable: < expand* icons alerts ticker* system_info BACK HOME recent* CLOCK search* >
05-22 10:49:40.322 V/WiseDownloadConditionControler(11077): checkCondition  type : WISE_DOWNLOAD  inerrupting: true
05-22 10:49:40.330 V/SecuritySelectorView(  374): Camera disabled by Device Policy
05-22 10:49:40.338 D/        (14465): [---null: -1---]     awsa  onActivityResumed
05-22 10:49:40.346 V/LauncherApplication(14465): 2MdmConstant.LAST_LAUNCH_TIME = 1400726908223
05-22 10:49:40.353 D/        (14465): [---null: -1---]  activity = com.pekall.emdm.ui.RegDeviceActivity
05-22 10:49:40.377 D/PhoneStatusBar(  448): disable: < expand icons alerts ticker system_info back* home* recent clock* search >
05-22 10:49:40.806 V/TAG     (  374): bug 7643792: fitSystemWindows([0,50][0,0])
05-22 10:49:40.806 I/uninstall(11077): SelfUninstallManager -> initUninstallTask
05-22 10:49:40.806 I/uninstall(11077): initUninstallTask init is running, return
05-22 10:49:41.002 W/Parcel  ( 1661): Attempt to read object from Parcel 0x5ef3bdac at offset 200 that is not in the object list
05-22 10:49:41.072 I/QueryController(14976): Matched selector: UiSelector[PACKAGE NAME=com.pekall.emdm.launcher] <<==>> [android.view.accessibility.AccessibilityNodeInfo@310f9; boundsInParent: Rect(0, 0 - 720, 1184); boundsInScreen: Rect(0, 0 - 720, 1184); packageName: com.pekall.emdm.launcher; className: android.widget.FrameLayout; text: null; contentDescription: null; viewIdResName: null; checkable: false; checked: false; focusable: false; focused: false; selected: false; clickable: false; longClickable: false; enabled: true; password: false; scrollable: false; [ACTION_SELECT, ACTION_CLEAR_SELECTION, ACTION_ACCESSIBILITY_FOCUS]]
05-22 10:49:41.096 I/QueryController(14976): Matched selector: UiSelector[TEXT=zhenhua.sang@pekall.com, CLASS=android.widget.EditText] <<==>> [android.view.accessibility.AccessibilityNodeInfo@30977; boundsInParent: Rect(0, 0 - 621, 76); boundsInScreen: Rect(49, 280 - 670, 356); packageName: com.pekall.emdm.launcher; className: android.widget.EditText; text: zhenhua.sang@pekall.com; contentDescription: null; viewIdResName: com.pekall.emdm.launcher:id/mdm_edit; checkable: false; checked: false; focusable: true; focused: true; selected: false; clickable: true; longClickable: true; enabled: false; password: false; scrollable: false; [ACTION_CLEAR_FOCUS, ACTION_SELECT, ACTION_CLEAR_SELECTION, ACTION_ACCESSIBILITY_FOCUS, ACTION_NEXT_AT_MOVEMENT_GRANULARITY, ACTION_PREVIOUS_AT_MOVEMENT_GRANULARITY, ACTION_SET_SELECTION]]
05-22 10:49:41.103 I/AndroidRuntime(14976): VM exiting with result code 0.
05-22 10:49:41.135 D/NfcService(  568): NFC-C ON
05-22 10:49:43.385 D/EmailProvider(15001): EmailProvider ready.
05-22 10:49:43.502 D/dalvikvm( 1468): GC_CONCURRENT freed 539K, 21% free 9934K/12512K, paused 4ms+97ms, total 1271ms
05-22 10:49:43.502 D/dalvikvm( 1468): WAIT_FOR_CONCURRENT_GC blocked 429ms
05-22 10:49:43.541 D/dalvikvm( 1468): WAIT_FOR_CONCURRENT_GC blocked 447ms
05-22 10:49:43.564 D/dalvikvm( 1468): WAIT_FOR_CONCURRENT_GC blocked 333ms
05-22 10:49:43.705 W/MountService(  374): getVolumeState(/storage/emulated/0/external_sd): Unknown volume
05-22 10:49:43.705 W/MountService(  374): getVolumeState(/mnt/sdcard-ext): Unknown volume
05-22 10:49:43.705 W/MountService(  374): getVolumeState(/mnt/ext_sdcard): Unknown volume
05-22 10:49:43.705 W/MountService(  374): getVolumeState(/mnt/sdcard2): Unknown volume
05-22 10:49:43.705 W/MountService(  374): getVolumeState(/mnt/emmc): Unknown volume
05-22 10:49:43.713 W/MountService(  374): getVolumeState(/mnt/extSdCard): Unknown volume
05-22 10:49:43.713 W/MountService(  374): getVolumeState(/mnt/sdcard/SD_CARD): Unknown volume
05-22 10:49:43.721 W/MountService(  374): getVolumeState(/mnt/sdcard/extra_sd): Unknown volume
05-22 10:49:43.744 W/MountService(  374): getVolumeState(/mnt/extrasd_bind): Unknown volume
05-22 10:49:43.767 W/MountService(  374): getVolumeState(/mnt/sdcard/ext_sd): Unknown volume
05-22 10:49:43.767 W/MountService(  374): getVolumeState(/storage/extSdCard): Unknown volume
05-22 10:49:43.775 W/MountService(  374): getVolumeState(/storage/sdcard1): Unknown volume
05-22 10:49:43.775 W/MountService(  374): getVolumeState(/mnt/sdcard/external_SD): Unknown volume
05-22 10:49:43.775 W/MountService(  374): getVolumeState(/mnt/sdcard/external_sd): Unknown volume
05-22 10:49:44.096 D/dalvikvm(15001): JIT unchain all for threadid=11
05-22 10:49:44.385 D/dalvikvm(15001): JIT unchain all for threadid=11
05-22 10:49:44.385 D/dalvikvm(15001): GC_CONCURRENT freed 485K, 6% free 9513K/10040K, paused 630ms+267ms, total 922ms
05-22 10:49:44.650 I/Email   (15001): Notifications being toggled: false
05-22 10:49:44.650 W/ActivityManager(  374): Unable to start service Intent { cmp=com.pekall.emdm.launcher/com.pekall.semail.service.AttachmentDownloadService } U=0: not found
05-22 10:49:45.603 I/RootJni (15044): su: permission denied
05-22 10:49:54.603 W/ActivityManager(  374): Timeout executing service: ServiceRecord{4301b240 u0 com.pekall.emdm.launcher/com.baidu.location.f}
05-22 10:49:54.619 I/Process (  374): Sending signal. PID: 15001 SIG: 3
05-22 10:49:54.619 I/dalvikvm(15001): threadid=3: reacting to signal 3
05-22 10:49:54.822 I/Process (  374): Sending signal. PID: 374 SIG: 3
05-22 10:49:54.822 I/dalvikvm(  374): threadid=3: reacting to signal 3
05-22 10:49:54.869 D/dalvikvm(15001): JIT unchain all for threadid=11
05-22 10:49:54.916 I/dalvikvm(15001): Wrote stack traces to '/data/anr/traces.txt'
05-22 10:49:58.189 I/Process (  374): Sending signal. PID: 561 SIG: 3
05-22 10:49:58.189 I/dalvikvm(  561): threadid=3: reacting to signal 3
05-22 10:49:58.189 I/dalvikvm(  374): Wrote stack traces to '/data/anr/traces.txt'
05-22 10:49:58.213 I/Process (  374): Sending signal. PID: 448 SIG: 3
05-22 10:49:58.213 I/dalvikvm(  448): threadid=3: reacting to signal 3
05-22 10:49:58.267 I/dalvikvm(  561): Wrote stack traces to '/data/anr/traces.txt'
05-22 10:49:58.267 I/Process (  374): Sending signal. PID: 568 SIG: 3
05-22 10:49:58.267 I/dalvikvm(  568): threadid=3: reacting to signal 3
05-22 10:49:58.346 I/dalvikvm(  568): Wrote stack traces to '/data/anr/traces.txt'
05-22 10:49:58.736 I/dalvikvm(  448): Wrote stack traces to '/data/anr/traces.txt'
05-22 10:49:58.791 D/dalvikvm(  374): GC_CONCURRENT freed 4833K, 25% free 22623K/30132K, paused 4ms+27ms, total 238ms
05-22 10:49:58.791 D/dalvikvm(  374): WAIT_FOR_CONCURRENT_GC blocked 187ms
05-22 10:49:59.010 D/dalvikvm(  374): GC_EXPLICIT freed 930K, 25% free 22718K/30132K, paused 3ms+8ms, total 91ms
05-22 10:49:59.580 I/Process (  374): Sending signal. PID: 14465 SIG: 3
05-22 10:49:59.580 I/dalvikvm(14465): threadid=3: reacting to signal 3
05-22 10:49:59.775 I/Process (  374): Sending signal. PID: 1661 SIG: 3
05-22 10:49:59.775 I/dalvikvm( 1661): threadid=3: reacting to signal 3
05-22 10:49:59.830 D/dalvikvm(14465): JIT unchain all for threadid=11
05-22 10:49:59.861 I/dalvikvm( 1661): Wrote stack traces to '/data/anr/traces.txt'
05-22 10:49:59.861 I/Process (  374): Sending signal. PID: 12874 SIG: 3
05-22 10:49:59.861 I/dalvikvm(12874): threadid=3: reacting to signal 3
05-22 10:49:59.924 I/dalvikvm(14465): Wrote stack traces to '/data/anr/traces.txt'
05-22 10:49:59.924 I/Process (  374): Sending signal. PID: 14662 SIG: 3
05-22 10:49:59.947 I/dalvikvm(14662): threadid=3: reacting to signal 3
05-22 10:50:00.142 E/ActivityManager(  374): ANR in com.pekall.emdm.launcher:remote
05-22 10:50:00.142 E/ActivityManager(  374): Reason: Executing service com.pekall.emdm.launcher/com.baidu.location.f
05-22 10:50:00.142 E/ActivityManager(  374): Load: 3.52 / 3.06 / 2.56
05-22 10:50:00.142 E/ActivityManager(  374): CPU usage from 0ms to 5520ms later with 99% awake:
05-22 10:50:00.142 E/ActivityManager(  374):   84% 14465/com.pekall.emdm.launcher: 84% user + 0.1% kernel / faults: 200 minor
05-22 10:50:00.142 E/ActivityManager(  374):   84% 15001/com.pekall.emdm.launcher:remote: 84% user + 0.3% kernel / faults: 117 minor
05-22 10:50:00.142 E/ActivityManager(  374):   22% 374/system_server: 19% user + 3% kernel / faults: 787 minor
05-22 10:50:00.142 E/ActivityManager(  374):   1.7% 448/com.android.systemui: 1.7% user + 0% kernel / faults: 27 minor
05-22 10:50:00.142 E/ActivityManager(  374):   1.2% 1661/com.qihoo360.mobilesafe:GuardService: 1% user + 0.1% kernel / faults: 62 minor
05-22 10:50:00.142 E/ActivityManager(  374):   0.1% 561/com.android.phone: 0.1% user + 0% kernel / faults: 33 minor
05-22 10:50:00.142 E/ActivityManager(  374):   0.3% 135/adbd: 0.3% user + 0% kernel
05-22 10:50:00.142 E/ActivityManager(  374):   0.3% 12874/com.qihoo.appstore: 0.1% user + 0.1% kernel / faults: 13 minor
05-22 10:50:00.142 E/ActivityManager(  374):   0% 91/dhd_watchdog: 0% user + 0% kernel
05-22 10:50:00.142 E/ActivityManager(  374):   0% 568/com.android.nfc: 0% user + 0% kernel / faults: 28 minor
05-22 10:50:00.142 E/ActivityManager(  374):   0% 4648/logcat: 0% user + 0% kernel
05-22 10:50:00.142 E/ActivityManager(  374):   0% 13965/kworker/u:1: 0% user + 0% kernel
05-22 10:50:00.142 E/ActivityManager(  374):   0.1% 14662/com.nd.assistance.ServerService: 0% user + 0.1% kernel / faults: 36 minor
05-22 10:50:00.142 E/ActivityManager(  374):   0% 15042/logcat: 0% user + 0% kernel
05-22 10:50:00.142 E/ActivityManager(  374): 99% TOTAL: 97% user + 2.3% kernel
05-22 10:50:00.142 E/ActivityManager(  374): CPU usage from 4410ms to 4935ms later:
05-22 10:50:00.142 E/ActivityManager(  374):   98% 14465/com.pekall.emdm.launcher: 98% user + 0% kernel
05-22 10:50:00.142 E/ActivityManager(  374):     96% 14479/Thread-4935: 96% user + 0% kernel
05-22 10:50:00.142 E/ActivityManager(  374):   94% 15001/com.pekall.emdm.launcher:remote: 94% user + 0% kernel
05-22 10:50:00.142 E/ActivityManager(  374):     96% 15014/Thread-4962: 96% user + 0% kernel
05-22 10:50:00.142 E/ActivityManager(  374):   7.6% 374/system_server: 3.8% user + 3.8% kernel / faults: 2 minor
05-22 10:50:00.142 E/ActivityManager(  374):     5.7% 390/ActivityManager: 3.8% user + 1.9% kernel
05-22 10:50:00.142 E/ActivityManager(  374):     1.9% 386/SensorService: 0% user + 1.9% kernel
05-22 10:50:00.142 E/ActivityManager(  374):     1.9% 388/UI: 1.9% user + 0% kernel
05-22 10:50:00.142 E/ActivityManager(  374):   1.3% 1661/com.qihoo360.mobilesafe:GuardService: 1.3% user + 0% kernel
05-22 10:50:00.142 E/ActivityManager(  374):   1.4% 12874/com.qihoo.appstore: 1.4% user + 0% kernel
05-22 10:50:00.142 E/ActivityManager(  374):   1.5% 14662/com.nd.assistance.ServerService: 0% user + 1.5% kernel / faults: 3 minor
05-22 10:50:00.142 E/ActivityManager(  374): 100% TOTAL: 98% user + 1.9% kernel
05-22 10:50:00.150 W/ActivityManager(  374): Killing ProcessRecord{4228e1e8 15001:com.pekall.emdm.launcher:remote/u0a10066}: background ANR
05-22 10:50:00.174 I/dalvikvm(14662): Wrote stack traces to '/data/anr/traces.txt'
05-22 10:50:00.181 I/ActivityManager(  374): Process com.pekall.emdm.launcher:remote (pid 15001) has died.
05-22 10:50:00.181 W/ActivityManager(  374): Scheduling restart of crashed service com.pekall.emdm.launcher/com.baidu.location.f in 80000ms
05-22 10:50:00.244 I/dalvikvm(12874): Wrote stack traces to '/data/anr/traces.txt'
05-22 10:50:04.471 D/LightsService(  374): Excessive delay setting light: 67ms
05-22 10:50:05.213 D/AndroidRuntime(15052): 
05-22 10:50:05.213 D/AndroidRuntime(15052): >>>>>> AndroidRuntime START com.android.internal.os.RuntimeInit <<<<<<
05-22 10:50:05.213 D/AndroidRuntime(15052): CheckJNI is OFF
05-22 10:50:05.221 D/dalvikvm(15052): Trying to load lib libjavacore.so 0x0
05-22 10:50:05.221 D/dalvikvm(15052): Added shared lib libjavacore.so 0x0
05-22 10:50:05.236 D/dalvikvm(15052): Trying to load lib libnativehelper.so 0x0
05-22 10:50:05.236 D/dalvikvm(15052): Added shared lib libnativehelper.so 0x0
05-22 10:50:05.385 D/AndroidRuntime(15052): Calling main entry com.android.commands.uiautomator.Launcher
05-22 10:50:05.416 D/dalvikvm(15052): Note: class Landroid/app/ActivityManagerNative; has 163 unimplemented (abstract) methods
05-22 10:50:06.072 I/QueryController(15052): Matched selector: UiSelector[PACKAGE NAME=com.pekall.emdm.launcher] <<==>> [android.view.accessibility.AccessibilityNodeInfo@310f9; boundsInParent: Rect(0, 0 - 720, 1184); boundsInScreen: Rect(0, 0 - 720, 1184); packageName: com.pekall.emdm.launcher; className: android.widget.FrameLayout; text: null; contentDescription: null; viewIdResName: null; checkable: false; checked: false; focusable: false; focused: false; selected: false; clickable: false; longClickable: false; enabled: true; password: false; scrollable: false; [ACTION_SELECT, ACTION_CLEAR_SELECTION, ACTION_ACCESSIBILITY_FOCUS]]
05-22 10:50:06.103 I/QueryController(15052): Matched selector: UiSelector[TEXT=Login, CLASS=android.widget.Button] <<==>> [android.view.accessibility.AccessibilityNodeInfo@33a44; boundsInParent: Rect(0, 0 - 660, 96); boundsInScreen: Rect(30, 684 - 690, 780); packageName: com.pekall.emdm.launcher; className: android.widget.Button; text: Login; contentDescription: null; viewIdResName: com.pekall.emdm.launcher:id/ok_button; checkable: false; checked: false; focusable: true; focused: false; selected: false; clickable: true; longClickable: false; enabled: true; password: false; scrollable: false; [ACTION_FOCUS, ACTION_SELECT, ACTION_CLEAR_SELECTION, ACTION_CLICK, ACTION_ACCESSIBILITY_FOCUS, ACTION_NEXT_AT_MOVEMENT_GRANULARITY, ACTION_PREVIOUS_AT_MOVEMENT_GRANULARITY, ACTION_SET_SELECTION]]
05-22 10:50:06.119 I/QueryController(15052): Matched selector: UiSelector[TEXT=zhenhua.sang@pekall.com] <<==>> [android.view.accessibility.AccessibilityNodeInfo@30977; boundsInParent: Rect(0, 0 - 621, 76); boundsInScreen: Rect(49, 280 - 670, 356); packageName: com.pekall.emdm.launcher; className: android.widget.EditText; text: zhenhua.sang@pekall.com; contentDescription: null; viewIdResName: com.pekall.emdm.launcher:id/mdm_edit; checkable: false; checked: false; focusable: true; focused: true; selected: false; clickable: true; longClickable: true; enabled: false; password: false; scrollable: false; [ACTION_CLEAR_FOCUS, ACTION_SELECT, ACTION_CLEAR_SELECTION, ACTION_ACCESSIBILITY_FOCUS, ACTION_NEXT_AT_MOVEMENT_GRANULARITY, ACTION_PREVIOUS_AT_MOVEMENT_GRANULARITY, ACTION_SET_SELECTION]]
05-22 10:50:06.135 I/QueryController(15052): Matched selector: UiSelector[CLASS=android.widget.EditText, ENABLED=true] <<==>> [android.view.accessibility.AccessibilityNodeInfo@30d38; boundsInParent: Rect(0, 0 - 621, 76); boundsInScreen: Rect(49, 420 - 670, 496); packageName: com.pekall.emdm.launcher; className: android.widget.EditText; text: null; contentDescription: null; viewIdResName: com.pekall.emdm.launcher:id/mdm_edit; checkable: false; checked: false; focusable: true; focused: false; selected: false; clickable: true; longClickable: true; enabled: true; password: true; scrollable: false; [ACTION_FOCUS, ACTION_SELECT, ACTION_CLEAR_SELECTION, ACTION_CLICK, ACTION_LONG_CLICK, ACTION_ACCESSIBILITY_FOCUS]]
05-22 10:50:06.346 D/LightsService(  374): Excessive delay setting light: 67ms
05-22 10:50:08.541 I/QueryController(15052): Matched selector: UiSelector[CLASS=android.widget.EditText, ENABLED=true] <<==>> [android.view.accessibility.AccessibilityNodeInfo@30d38; boundsInParent: Rect(0, 0 - 621, 76); boundsInScreen: Rect(49, 420 - 670, 496); packageName: com.pekall.emdm.launcher; className: android.widget.EditText; text: null; contentDescription: null; viewIdResName: com.pekall.emdm.launcher:id/mdm_edit; checkable: false; checked: false; focusable: true; focused: true; selected: false; clickable: true; longClickable: true; enabled: true; password: true; scrollable: false; [ACTION_CLEAR_FOCUS, ACTION_SELECT, ACTION_CLEAR_SELECTION, ACTION_CLICK, ACTION_LONG_CLICK, ACTION_ACCESSIBILITY_FOCUS]]
05-22 10:50:10.775 D/dalvikvm(11077): GC_CONCURRENT freed 392K, 6% free 9862K/10384K, paused 2ms+2ms, total 23ms
05-22 10:50:11.486 I/QueryController(15052): Matched selector: UiSelector[TEXT=Login, CLASS=android.widget.Button] <<==>> [android.view.accessibility.AccessibilityNodeInfo@33a44; boundsInParent: Rect(0, 0 - 660, 96); boundsInScreen: Rect(30, 684 - 690, 780); packageName: com.pekall.emdm.launcher; className: android.widget.Button; text: Login; contentDescription: null; viewIdResName: com.pekall.emdm.launcher:id/ok_button; checkable: false; checked: false; focusable: true; focused: false; selected: false; clickable: true; longClickable: false; enabled: true; password: false; scrollable: false; [ACTION_FOCUS, ACTION_SELECT, ACTION_CLEAR_SELECTION, ACTION_CLICK, ACTION_ACCESSIBILITY_FOCUS, ACTION_NEXT_AT_MOVEMENT_GRANULARITY, ACTION_PREVIOUS_AT_MOVEMENT_GRANULARITY, ACTION_SET_SELECTION]]
05-22 10:50:11.486 D/InteractionController(15052): clickAndWaitForNewWindow(360, 732)
05-22 10:50:11.642 I/TransInfo(14465): TransInfo created, id: 1, class: class com.pekall.emdm.transaction.c.f
05-22 10:50:11.642 D/NetworkThread(14465): [null:-1]->----isRunning-----true
05-22 10:50:11.642 D/NetworkThread(14465): [null:-1]->----isRunning-----true
05-22 10:50:11.642 D/NetworkThread(14465): [null:-1]->thread wakeup
05-22 10:50:11.650 D/NetworkThread(14465): [null:-1]->sendHttpPost:PostRequest, url: http://192.168.10.21/rest/mdm/v1/user/login_mdm, Params: [username:zhenhua.sang@pekall.com][password:123456][com_id:1], 
05-22 10:50:11.650 D/HttpClient(14465): enable apache.http debug
05-22 10:50:11.650 V/DEBUG   (14465): HTTP 0
05-22 10:50:11.783 D/MDM :   (14465): [null:-1]->statusCode : 200
05-22 10:50:11.783 D/MDM :   (14465): [null:-1]->statusCode : 200
05-22 10:50:11.783 V/DEBUG   (14465): HTTP 1
05-22 10:50:11.783 D/MDM :   (14465): [null:-1]->read network input stream
05-22 10:50:11.791 D/MDM :   (14465): [null:-1]->Get joson string: {"result":0,"userInfo":{"id":1134,"type":51302,"password":null,"status":51001,"roles":8,"comId":1,"isAdmin":0,"fullName":"","phone":"010-2222222","cellPhone":"12345678910","email":"zhenhua.sang@pekall.com","firstName":null,"lastName":null,"business":null,"im":null,"username":"zhenhua.sang@pekall.com","labelPath":null,"userKey":"uPVi3f5AIdavCrAT","token":"af3bae051a10147cdd1c745d9a331eb61134","deleted":0,"updateTime":1398231202000,"createTime":1397549312000,"directLabelId":0,"isInLabel":1,"setPwd":0,"labels":null,"encrpPwd":null,"deviceNo":0,"new":false}}
