05-22 10:48:51.853 I/ActivityManager(  374): Start proc com.pekall.emdm.launcher:remote for service com.pekall.emdm.launcher/com.baidu.location.f: pid=14914 uid=10066 gids={50066, 1015, 3002, 3001, 3003, 1028}
05-22 10:48:51.892 D/dalvikvm(  125): GC_EXPLICIT freed 44K, 1% free 8921K/9008K, paused 2ms+4ms, total 39ms
05-22 10:48:51.916 D/dalvikvm(  125): GC_EXPLICIT freed <1K, 1% free 8921K/9008K, paused 2ms+3ms, total 27ms
05-22 10:48:51.939 D/dalvikvm(  125): GC_EXPLICIT freed <1K, 1% free 8921K/9008K, paused 2ms+2ms, total 24ms
05-22 10:48:51.963 V/MyServiceConnection(14914): [SConnection] sandbox service is NOT installed.
05-22 10:48:51.963 D/ScClassLoader(14914): >> SOURCE FILE: /data/data/com.pekall.emdm.launcher/app_jars/sc-jdk15on-1.47.0.2.dex.jar
05-22 10:48:51.963 V/MyServiceConnection(14914): [SConnection] binding service: pekall.intent.action.SANDBOX_SERVICE
05-22 10:48:52.010 D/dalvikvm(14914): GC_CONCURRENT freed 94K, 2% free 9339K/9472K, paused 3ms+13ms, total 32ms
05-22 10:48:52.010 D/dalvikvm(14914): WAIT_FOR_CONCURRENT_GC blocked 1ms
05-22 10:48:52.017 W/Parcel  ( 1661): Attempt to read object from Parcel 0x6003bdac at offset 200 that is not in the object list
05-22 10:48:52.041 W/InteractionController(14889): runAndwaitForEvent timedout waiting for events
05-22 10:48:52.049 W/Parcel  ( 1661): Attempt to read object from Parcel 0x5ef3bdac at offset 200 that is not in the object list
05-22 10:48:52.049 D/Email   (14914): Email: init sandbox at the beginning.
05-22 10:48:52.049 V/MyServiceConnection(14914): [SConnection] retry to bind service
05-22 10:48:52.049 V/MyServiceConnection(14914): [SConnection] sandbox service is NOT installed.
05-22 10:48:52.049 V/MyServiceConnection(14914): [SConnection] binding service: pekall.intent.action.SANDBOX_SERVICE
05-22 10:48:52.072 V/MyServiceConnection(14914): [SConnection] retry to bind service
05-22 10:48:52.072 V/MyServiceConnection(14914): [SConnection] sandbox service is NOT installed.
05-22 10:48:52.072 V/MyServiceConnection(14914): [SConnection] binding service: pekall.intent.action.SANDBOX_SERVICE
05-22 10:48:52.080 I/QueryController(14889): Matched selector: UiSelector[TEXT=3 DEF, CLASS=android.widget.Button, PACKAGE NAME=android] <<==>> [android.view.accessibility.AccessibilityNodeInfo@5d4e56; boundsInParent: Rect(0, 0 - 203, 123); boundsInScreen: Rect(461, 569 - 664, 692); packageName: android; className: android.widget.Button; text: 3 DEF; contentDescription: Dot.; viewIdResName: android:id/key3; checkable: false; checked: false; focusable: true; focused: false; selected: false; clickable: true; longClickable: false; enabled: true; password: false; scrollable: false; [ACTION_FOCUS, ACTION_SELECT, ACTION_CLEAR_SELECTION, ACTION_CLICK, ACTION_ACCESSIBILITY_FOCUS, ACTION_NEXT_AT_MOVEMENT_GRANULARITY, ACTION_PREVIOUS_AT_MOVEMENT_GRANULARITY, ACTION_SET_SELECTION]]
05-22 10:48:52.088 V/l       (14914): Bind requested for task setLogging
05-22 10:48:52.088 D/InteractionController(14889): clickAndSync(562, 630)
05-22 10:48:52.096 D/ExchangeService(14465): !!! EAS ExchangeService, onCreate
05-22 10:48:52.096 W/Parcel  ( 1661): Attempt to read object from Parcel 0x5dfd3dac at offset 200 that is not in the object list
05-22 10:48:52.096 D/ExchangeService(14465): !!! EAS ExchangeService, onStartCommand, startingUp = false, running = false
05-22 10:48:52.096 D/ExchangeService(14465): to start secureStorageService now
05-22 10:48:52.119 V/a       (14465): Bind requested for task test
05-22 10:48:52.127 D/ExchangeService(14465): Reconciling accounts...
05-22 10:48:52.127 V/a       (14465): Bind requested for task reconcileAccounts
05-22 10:48:52.127 V/a       (14465): Connected: com.pekall.semail.service.AccountServiceInternal
05-22 10:48:52.127 V/a       (14465): Connected: com.pekall.semail.service.AccountServiceInternal
05-22 10:48:52.135 D/dalvikvm(14914): GC_CONCURRENT freed 271K, 4% free 9582K/9892K, paused 12ms+10ms, total 45ms
05-22 10:48:52.135 D/dalvikvm(14914): WAIT_FOR_CONCURRENT_GC blocked 15ms
05-22 10:48:52.142 V/a       (14465): Connection test succeeded in 21ms
05-22 10:48:52.142 V/a       (14465): Task test completed; disconnecting
05-22 10:48:52.142 V/a       (14465): Waiting for task reconcileAccounts to complete...
05-22 10:48:52.166 V/a       (14465): Task reconcileAccounts completed; disconnecting
05-22 10:48:52.174 W/DocumentManager(14914): Sandbox service is not connected.
05-22 10:48:52.174 D/MessageControllerImpl(14914): controller is null
05-22 10:48:52.174 V/MyServiceConnection(14914): [SConnection] retry to bind service
05-22 10:48:52.174 V/MyServiceConnection(14914): [SConnection] sandbox service is NOT installed.
05-22 10:48:52.174 V/MyServiceConnection(14914): [SConnection] binding service: pekall.intent.action.SANDBOX_SERVICE
05-22 10:48:52.174 W/SQLiteOpenHelper(14914): Opened /data/data/com.pekall.emdm.launcher/databases/message.db
05-22 10:48:52.181 W/dalvikvm(14914): No implementation found for native Lcom/pekall/sandbox/database/sqlite/SQLiteDatabase;.native_setSqliteSoftHeapLimit:(I)V
05-22 10:48:52.181 D/AndroidRuntime(14914): Shutting down VM
05-22 10:48:52.181 W/dalvikvm(14914): threadid=1: thread exiting with uncaught exception (group=0x419c8700)
05-22 10:48:52.181 D/        (14914): [---null: -1---]  Thread is main
05-22 10:48:52.181 W/System.err(14914): java.lang.UnsatisfiedLinkError: Native method not found: com.pekall.sandbox.database.sqlite.SQLiteDatabase.native_setSqliteSoftHeapLimit:(I)V
05-22 10:48:52.181 W/System.err(14914): 	at com.pekall.sandbox.database.sqlite.SQLiteDatabase.native_setSqliteSoftHeapLimit(Native Method)
05-22 10:48:52.181 W/System.err(14914): 	at com.pekall.sandbox.database.sqlite.SQLiteDatabase.<init>(Unknown Source)
05-22 10:48:52.181 W/System.err(14914): 	at com.pekall.sandbox.database.sqlite.SQLiteDatabase.openDatabase(Unknown Source)
05-22 10:48:52.181 W/System.err(14914): 	at com.pekall.sandbox.database.sqlite.SQLiteDatabase.openDatabase(Unknown Source)
05-22 10:48:52.181 W/System.err(14914): 	at com.pekall.sandbox.database.sqlite.SQLiteDatabase.openDatabase(Unknown Source)
05-22 10:48:52.181 W/System.err(14914): 	at com.pekall.sandbox.database.sqlite.SQLiteOpenHelper.getWritableDatabase(Unknown Source)
05-22 10:48:52.181 W/System.err(14914): 	at com.pekall.emdm.messagecenter.db.a.a(Unknown Source)
05-22 10:48:52.181 W/System.err(14914): 	at com.pekall.emdm.messagecenter.db.a.b(Unknown Source)
05-22 10:48:52.181 W/System.err(14914): 	at com.pekall.emdm.messagecenter.activity.a.onCreate(Unknown Source)
05-22 10:48:52.181 W/System.err(14914): 	at com.pekall.emdm.launcher.LauncherApplication.onCreate(Unknown Source)
05-22 10:48:52.189 W/System.err(14914): 	at android.app.Instrumentation.callApplicationOnCreate(Instrumentation.java:1007)
05-22 10:48:52.189 W/System.err(14914): 	at android.app.ActivityThread.handleBindApplication(ActivityThread.java:4444)
05-22 10:48:52.189 W/System.err(14914): 	at android.app.ActivityThread.access$1300(ActivityThread.java:141)
05-22 10:48:52.189 W/System.err(14914): 	at android.app.ActivityThread$H.handleMessage(ActivityThread.java:1316)
05-22 10:48:52.189 W/System.err(14914): 	at android.os.Handler.dispatchMessage(Handler.java:99)
05-22 10:48:52.189 W/System.err(14914): 	at android.os.Looper.loop(Looper.java:137)
05-22 10:48:52.189 W/System.err(14914): 	at android.app.ActivityThread.main(ActivityThread.java:5103)
05-22 10:48:52.189 W/System.err(14914): 	at java.lang.reflect.Method.invokeNative(Native Method)
05-22 10:48:52.189 W/System.err(14914): 	at java.lang.reflect.Method.invoke(Method.java:525)
05-22 10:48:52.189 W/System.err(14914): 	at com.android.internal.os.ZygoteInit$MethodAndArgsCaller.run(ZygoteInit.java:737)
05-22 10:48:52.189 W/System.err(14914): 	at com.android.internal.os.ZygoteInit.main(ZygoteInit.java:553)
05-22 10:48:52.189 W/System.err(14914): 	at dalvik.system.NativeStart.main(Native Method)
05-22 10:48:52.596 V/a       (14465): Wait for reconcileAccounts finished in 448ms
05-22 10:48:52.666 D/ActivityThread(14914): Loading provider com.pekall.semail.provider;com.pekall.semail.notifier: com.pekall.semail.provider.EmailProvider
05-22 10:48:52.791 D/ExchangeService(14465): !!! EAS ExchangeService, stopping self
05-22 10:48:52.822 D/dalvikvm(14914): GC_CONCURRENT freed 491K, 6% free 9474K/10008K, paused 3ms+9ms, total 29ms
05-22 10:48:52.822 D/ActivityThread(14914): Loading provider com.pekall.semail.provider;com.pekall.semail.notifier: com.pekall.semail.provider.EmailProvider
05-22 10:48:53.150 W/EmailProvider(14914): restoreIfNeeded...
05-22 10:48:53.150 D/EmailProvider(14914): restoreAccounts...
05-22 10:48:53.455 D/EmailProvider(14914): No accounts to restore...
05-22 10:48:53.455 D/EmailProvider(14914): Deleting orphans...
05-22 10:48:53.494 D/EmailProvider(14914): EmailProvider pre-caching...
05-22 10:48:53.681 D/EmailProvider(14914): EmailProvider ready.
05-22 10:48:53.885 W/ActivityManager(  374): Unable to start service Intent { cmp=com.pekall.emdm.launcher/com.pekall.semail.service.AttachmentDownloadService } U=0: not found
05-22 10:48:53.939 I/Email   (14914): Notifications being toggled: false
05-22 10:48:55.189 W/InteractionController(14889): runAndwaitForEvent timedout waiting for events
05-22 10:48:55.228 I/QueryController(14889): Matched selector: UiSelector[TEXT=4 GHI, CLASS=android.widget.Button, PACKAGE NAME=android] <<==>> [android.view.accessibility.AccessibilityNodeInfo@5d5217; boundsInParent: Rect(0, 0 - 202, 123); boundsInScreen: Rect(56, 692 - 258, 815); packageName: android; className: android.widget.Button; text: 4 GHI; contentDescription: Dot.; viewIdResName: android:id/key4; checkable: false; checked: false; focusable: true; focused: false; selected: false; clickable: true; longClickable: false; enabled: true; password: false; scrollable: false; [ACTION_FOCUS, ACTION_SELECT, ACTION_CLEAR_SELECTION, ACTION_CLICK, ACTION_ACCESSIBILITY_FOCUS, ACTION_NEXT_AT_MOVEMENT_GRANULARITY, ACTION_PREVIOUS_AT_MOVEMENT_GRANULARITY, ACTION_SET_SELECTION]]
05-22 10:48:55.228 D/InteractionController(14889): clickAndSync(157, 753)
05-22 10:48:58.041 D/MDM :   (14465): [null:-1]->Location timeout, set latitude and longitude -1
05-22 10:48:58.041 D/CommandManager(14465): [null:-1]->requestType: Location
05-22 10:48:58.330 W/InteractionController(14889): runAndwaitForEvent timedout waiting for events
05-22 10:48:58.361 I/QueryController(14889): Matched selector: UiSelector[TEXT=5 JKL, CLASS=android.widget.Button, PACKAGE NAME=android] <<==>> [android.view.accessibility.AccessibilityNodeInfo@5d55d8; boundsInParent: Rect(0, 0 - 203, 123); boundsInScreen: Rect(258, 692 - 461, 815); packageName: android; className: android.widget.Button; text: 5 JKL; contentDescription: Dot.; viewIdResName: android:id/key5; checkable: false; checked: false; focusable: true; focused: false; selected: false; clickable: true; longClickable: false; enabled: true; password: false; scrollable: false; [ACTION_FOCUS, ACTION_SELECT, ACTION_CLEAR_SELECTION, ACTION_CLICK, ACTION_ACCESSIBILITY_FOCUS, ACTION_NEXT_AT_MOVEMENT_GRANULARITY, ACTION_PREVIOUS_AT_MOVEMENT_GRANULARITY, ACTION_SET_SELECTION]]
05-22 10:48:58.369 D/InteractionController(14889): clickAndSync(359, 753)
05-22 10:48:58.377 D/MdmDatabaseHelper(14465): [null:-1]->update command f7be2caf-bc78-46f2-97b2-d82f6ee99adc to commandStatus <?xml version="1.0" encoding="UTF-8"?>
05-22 10:48:58.377 D/MdmDatabaseHelper(14465): <!DOCTYPE plist PUBLIC "-//Apple//DTD PLIST 1.0//EN" "http://www.apple.com/DTDs/PropertyList-1.0.dtd">
05-22 10:48:58.377 D/MdmDatabaseHelper(14465): <plist version="1.0">
05-22 10:48:58.377 D/MdmDatabaseHelper(14465): <dict>
05-22 10:48:58.377 D/MdmDatabaseHelper(14465): 	<key>Latitude</key>
05-22 10:48:58.377 D/MdmDatabaseHelper(14465): 	<real>-1.0</real>
05-22 10:48:58.377 D/MdmDatabaseHelper(14465): 	<key>Longitude</key>
05-22 10:48:58.377 D/MdmDatabaseHelper(14465): 	<real>-1.0</real>
05-22 10:48:58.377 D/MdmDatabaseHelper(14465): 	<key>CommandUUID</key>
05-22 10:48:58.377 D/MdmDatabaseHelper(14465): 	<string>f7be2caf-bc78-46f2-97b2-d82f6ee99adc</string>
05-22 10:48:58.377 D/MdmDatabaseHelper(14465): 	<key>Status</key>
05-22 10:48:58.377 D/MdmDatabaseHelper(14465): 	<string>Error</string>
05-22 10:48:58.377 D/MdmDatabaseHelper(14465): 	<key>UDID</key>
05-22 10:48:58.377 D/MdmDatabaseHelper(14465): 	<string>00013fbc8ecec5b90000014621d2a3af</string>
05-22 10:48:58.377 D/MdmDatabaseHelper(14465): </dict>
05-22 10:48:58.377 D/MdmDatabaseHelper(14465): </plist>
05-22 10:48:58.603 I/TransInfo(14465): TransInfo created, id: 3, class: class com.pekall.emdm.transaction.c.b
05-22 10:48:58.611 D/NetworkThread(14465): [null:-1]->----isRunning-----true
05-22 10:48:58.611 D/NetworkThread(14465): [null:-1]->----isRunning-----true
05-22 10:48:58.611 D/NetworkThread(14465): [null:-1]->thread wakeup
05-22 10:48:58.611 D/NetworkThread(14465): [null:-1]->sendHttpPost:PostRequest, url: http://192.168.10.21/rest/mdm/v1/ios/android_server, Params: [content:<?xml version="1.0" encoding="UTF-8"?>
05-22 10:48:58.611 D/NetworkThread(14465): <!DOCTYPE plist PUBLIC "-//Apple//DTD PLIST 1.0//EN" "http://www.apple.com/DTDs/PropertyList-1.0.dtd">
05-22 10:48:58.611 D/NetworkThread(14465): <plist version="1.0">
05-22 10:48:58.611 D/NetworkThread(14465): <dict>
05-22 10:48:58.611 D/NetworkThread(14465): 	<key>Latitude</key>
05-22 10:48:58.611 D/NetworkThread(14465): 	<real>-1.0</real>
05-22 10:48:58.611 D/NetworkThread(14465): 	<key>Longitude</key>
05-22 10:48:58.611 D/NetworkThread(14465): 	<real>-1.0</real>
05-22 10:48:58.611 D/NetworkThread(14465): 	<key>CommandUUID</key>
05-22 10:48:58.611 D/NetworkThread(14465): 	<string>f7be2caf-bc78-46f2-97b2-d82f6ee99adc</string>
05-22 10:48:58.611 D/NetworkThread(14465): 	<key>Status</key>
05-22 10:48:58.611 D/NetworkThread(14465): 	<string>Error</string>
05-22 10:48:58.611 D/NetworkThread(14465): 	<key>UDID</key>
05-22 10:48:58.611 D/NetworkThread(14465): 	<string>00013fbc8ecec5b90000014621d2a3af</string>
05-22 10:48:58.611 D/NetworkThread(14465): </dict>
05-22 10:48:58.611 D/NetworkThread(14465): </plist>], 
05-22 10:48:58.611 D/HttpClient(14465): enable apache.http debug
05-22 10:48:58.627 V/DEBUG   (14465): HTTP 0
05-22 10:48:59.064 D/MDM :   (14465): [null:-1]->statusCode : 200
05-22 10:48:59.064 D/MDM :   (14465): [null:-1]->statusCode : 200
05-22 10:48:59.064 V/DEBUG   (14465): HTTP 1
05-22 10:48:59.072 D/MDM :   (14465): [null:-1]->read network input stream
05-22 10:48:59.080 D/MDM :   (14465): [null:-1]->Get joson string: <?xml version="1.0" encoding="UTF-8"?>
05-22 10:48:59.080 D/MDM :   (14465): <!DOCTYPE plist PUBLIC "-//Apple//DTD PLIST 1.0//EN" "http://www.apple.com/DTDs/PropertyList-1.0.dtd">
05-22 10:48:59.080 D/MDM :   (14465): <plist version="1.0">
05-22 10:48:59.080 D/MDM :   (14465): <dict>
05-22 10:48:59.080 D/MDM :   (14465): 	<key>CommandUUID</key>
05-22 10:48:59.080 D/MDM :   (14465): 	<string>ee943009-e1e1-4cd3-88f5-ae00f6d5b170</string>
05-22 10:48:59.080 D/MDM :   (14465): 	<key>Command</key>
05-22 10:48:59.080 D/MDM :   (14465): 	<dict>
05-22 10:48:59.080 D/MDM :   (14465): 		<key>NewPasscode</key>
05-22 10:48:59.080 D/MDM :   (14465): 		<string>123456</string>
05-22 10:48:59.080 D/MDM :   (14465): 		<key>RequestType</key>
05-22 10:48:59.080 D/MDM :   (14465): 		<string>ClearPasscode</string>
05-22 10:48:59.080 D/MDM :   (14465): 	</dict>
05-22 10:48:59.080 D/MDM :   (14465): </dict>
05-22 10:48:59.080 D/MDM :   (14465): </plist>
05-22 10:48:59.096 D/MdmDatabaseHelper(14465): [null:-1]->update command f7be2caf-bc78-46f2-97b2-d82f6ee99adc to status executed
05-22 10:48:59.127 D/CheckInTransInfo(14465): [null:-1]->CommandMsg : CommandMsg{CommandUUID='ee943009-e1e1-4cd3-88f5-ae00f6d5b170', Command=CommandClearPasscode{super=CommandObject{RequestType='ClearPasscode'}UnlockToken=[]}}
05-22 10:48:59.150 D/NetworkThread(14465): [null:-1]->clear mCurrentTransInfo
05-22 10:48:59.150 D/NetworkThread(14465): [null:-1]->queue is empty, thread wait...
05-22 10:48:59.244 D/MdmService(14465): [null:-1]->handleCheckInResult
05-22 10:48:59.252 D/MdmService(14465): [null:-1]->handleCheckInResult result keyIndex: 3
05-22 10:48:59.252 D/CommandManager(14465): [null:-1]->execute command: CommandMsg{CommandUUID='ee943009-e1e1-4cd3-88f5-ae00f6d5b170', Command=CommandClearPasscode{super=CommandObject{RequestType='ClearPasscode'}UnlockToken=[]}}
05-22 10:48:59.463 V/SecuritySelectorView(  374): Camera disabled by Device Policy
05-22 10:48:59.463 I/PowerManagerService(  374): Going to sleep due to device administration policy...
05-22 10:48:59.471 D/CommandManager(14465): [null:-1]->requestType: ClearPasscode
05-22 10:48:59.924 W/Parcel  ( 1661): Attempt to read object from Parcel 0x6003bdac at offset 200 that is not in the object list
05-22 10:48:59.931 V/CounterTextView(14465): onReceive
05-22 10:48:59.931 D/        (14465): [---null: -1---]   msg  xxd1
05-22 10:48:59.947 V/CounterTextView(14465): onReceive
05-22 10:48:59.947 D/        (14465): [---null: -1---]   msg  xxd1
05-22 10:49:00.221 W/Parcel  ( 1661): Attempt to read object from Parcel 0x5ec3bdac at offset 200 that is not in the object list
05-22 10:49:00.244 V/KeyguardHostView(  374): hide transport, gen:1
05-22 10:49:00.252 V/KeyguardHostView(  374): music state changed: 0
05-22 10:49:00.299 V/WiseDownloadConditionControler(11077): checkCondition  type : TODAY_LAUNCHED_USER  inerrupting: false
05-22 10:49:00.346 D/LightsService(  374): Excessive delay setting light: 98ms
05-22 10:49:00.346 W/Parcel  ( 1661): Attempt to read object from Parcel 0x5dfd3dac at offset 200 that is not in the object list
05-22 10:49:00.353 D/SurfaceFlinger(  124): Screen released, type=0 flinger=0x40e95478
05-22 10:49:00.353 V/MDM :   (14465): [null:-1]->Screen receiver is called.
05-22 10:49:00.361 W/Parcel  ( 1661): Attempt to read object from Parcel 0x5ec3bdac at offset 200 that is not in the object list
05-22 10:49:00.424 D/MdmDatabaseHelper(14465): [null:-1]->update command ee943009-e1e1-4cd3-88f5-ae00f6d5b170 to commandStatus <?xml version="1.0" encoding="UTF-8"?>
05-22 10:49:00.424 D/MdmDatabaseHelper(14465): <!DOCTYPE plist PUBLIC "-//Apple//DTD PLIST 1.0//EN" "http://www.apple.com/DTDs/PropertyList-1.0.dtd">
05-22 10:49:00.424 D/MdmDatabaseHelper(14465): <plist version="1.0">
05-22 10:49:00.424 D/MdmDatabaseHelper(14465): <dict>
05-22 10:49:00.424 D/MdmDatabaseHelper(14465): 	<key>CommandUUID</key>
05-22 10:49:00.424 D/MdmDatabaseHelper(14465): 	<string>ee943009-e1e1-4cd3-88f5-ae00f6d5b170</string>
05-22 10:49:00.424 D/MdmDatabaseHelper(14465): 	<key>Status</key>
05-22 10:49:00.424 D/MdmDatabaseHelper(14465): 	<string>Acknowledged</string>
05-22 10:49:00.424 D/MdmDatabaseHelper(14465): 	<key>UDID</key>
05-22 10:49:00.424 D/MdmDatabaseHelper(14465): 	<string>00013fbc8ecec5b90000014621d2a3af</string>
05-22 10:49:00.424 D/MdmDatabaseHelper(14465): </dict>
05-22 10:49:00.424 D/MdmDatabaseHelper(14465): </plist>
05-22 10:49:00.471 D/dalvikvm( 1661): GC_EXPLICIT freed 735K, 18% free 13068K/15888K, paused 5ms+9ms, total 115ms
05-22 10:49:00.572 D/PowerManagerService-JNI(  374): Excessive delay in autosuspend_enable() while turning screen off: 146ms
05-22 10:49:00.986 I/QueryController(14889): Matched selector: UiSelector[TEXT=6 MNO, CLASS=android.widget.Button, PACKAGE NAME=android] <<==>> [android.view.accessibility.AccessibilityNodeInfo@5e4257; boundsInParent: Rect(0, 0 - 203, 123); boundsInScreen: Rect(461, 692 - 664, 815); packageName: android; className: android.widget.Button; text: 6 MNO; contentDescription: Dot.; viewIdResName: android:id/key6; checkable: false; checked: false; focusable: true; focused: false; selected: false; clickable: true; longClickable: false; enabled: true; password: false; scrollable: false; [ACTION_FOCUS, ACTION_SELECT, ACTION_CLEAR_SELECTION, ACTION_CLICK, ACTION_ACCESSIBILITY_FOCUS, ACTION_NEXT_AT_MOVEMENT_GRANULARITY, ACTION_PREVIOUS_AT_MOVEMENT_GRANULARITY, ACTION_SET_SELECTION]]
05-22 10:49:00.994 D/InteractionController(14889): clickAndSync(562, 753)
05-22 10:49:00.994 I/InputDispatcher(  374): Dropped event because input dispatch is disabled.
05-22 10:49:00.994 W/InputManager(  374): Input event injection from pid 14889 failed.
05-22 10:49:01.666 I/QueryController(14889): Matched selector: UiSelector[DESCRIPTION=Enter] <<==>> [android.view.accessibility.AccessibilityNodeInfo@5e551c; boundsInParent: Rect(0, 0 - 203, 124); boundsInScreen: Rect(461, 939 - 664, 1063); packageName: android; className: android.widget.ImageButton; text: null; contentDescription: Enter; viewIdResName: android:id/key_enter; checkable: false; checked: false; focusable: true; focused: false; selected: false; clickable: true; longClickable: false; enabled: true; password: false; scrollable: false; [ACTION_FOCUS, ACTION_SELECT, ACTION_CLEAR_SELECTION, ACTION_CLICK, ACTION_ACCESSIBILITY_FOCUS, ACTION_NEXT_AT_MOVEMENT_GRANULARITY, ACTION_PREVIOUS_AT_MOVEMENT_GRANULARITY, ACTION_SET_SELECTION]]
05-22 10:49:01.666 D/InteractionController(14889): clickAndWaitForNewWindow(562, 1001)
05-22 10:49:01.666 I/InputDispatcher(  374): Dropped event because input dispatch is disabled.
05-22 10:49:01.666 W/InputManager(  374): Input event injection from pid 14889 failed.
05-22 10:49:02.025 I/TransInfo(14465): TransInfo created, id: 3, class: class com.pekall.emdm.transaction.c.b
05-22 10:49:02.025 D/NetworkThread(14465): [null:-1]->----isRunning-----true
05-22 10:49:02.025 D/NetworkThread(14465): [null:-1]->----isRunning-----true
05-22 10:49:02.025 D/NetworkThread(14465): [null:-1]->thread wakeup
05-22 10:49:02.033 D/NetworkThread(14465): [null:-1]->sendHttpPost:PostRequest, url: http://192.168.10.21/rest/mdm/v1/ios/android_server, Params: [content:<?xml version="1.0" encoding="UTF-8"?>
05-22 10:49:02.033 D/NetworkThread(14465): <!DOCTYPE plist PUBLIC "-//Apple//DTD PLIST 1.0//EN" "http://www.apple.com/DTDs/PropertyList-1.0.dtd">
05-22 10:49:02.033 D/NetworkThread(14465): <plist version="1.0">
05-22 10:49:02.033 D/NetworkThread(14465): <dict>
05-22 10:49:02.033 D/NetworkThread(14465): 	<key>CommandUUID</key>
05-22 10:49:02.033 D/NetworkThread(14465): 	<string>ee943009-e1e1-4cd3-88f5-ae00f6d5b170</string>
05-22 10:49:02.033 D/NetworkThread(14465): 	<key>Status</key>
05-22 10:49:02.033 D/NetworkThread(14465): 	<string>Acknowledged</string>
05-22 10:49:02.033 D/NetworkThread(14465): 	<key>UDID</key>
05-22 10:49:02.033 D/NetworkThread(14465): 	<string>00013fbc8ecec5b90000014621d2a3af</string>
05-22 10:49:02.033 D/NetworkThread(14465): </dict>
05-22 10:49:02.033 D/NetworkThread(14465): </plist>], 
05-22 10:49:02.033 D/HttpClient(14465): enable apache.http debug
05-22 10:49:02.049 V/DEBUG   (14465): HTTP 0
05-22 10:49:02.330 D/MDM :   (14465): [null:-1]->statusCode : 200
05-22 10:49:02.338 D/MDM :   (14465): [null:-1]->statusCode : 200
05-22 10:49:02.338 V/DEBUG   (14465): HTTP 1
05-22 10:49:02.346 D/MDM :   (14465): [null:-1]->Get joson string: 
05-22 10:49:02.346 D/MdmDatabaseHelper(14465): [null:-1]->update command ee943009-e1e1-4cd3-88f5-ae00f6d5b170 to status executed
05-22 10:49:02.377 D/NetworkThread(14465): [null:-1]->clear mCurrentTransInfo
05-22 10:49:02.377 D/NetworkThread(14465): [null:-1]->queue is empty, thread wait...
05-22 10:49:02.447 D/MdmService(14465): [null:-1]->handleCheckInResult
05-22 10:49:02.447 D/MdmService(14465): [null:-1]->handleCheckInResult result keyIndex: 3
05-22 10:49:02.471 D/HandleCommandTask(14465): [null:-1]->execute command msg but beanBase is null
05-22 10:49:02.471 D/MdmStatusManager(14465): [null:-1]->change status to : Idle
05-22 10:49:04.666 W/InteractionController(14889): runAndwaitForEvent timedout waiting for events
05-22 10:49:04.736 I/QueryController(14889): Matched selector: UiSelector[PACKAGE NAME=android] <<==>> [android.view.accessibility.AccessibilityNodeInfo@7c1c; boundsInParent: Rect(0, 0 - 720, 1184); boundsInScreen: Rect(0, 0 - 720, 1184); packageName: android; className: android.widget.FrameLayout; text: null; contentDescription: null; viewIdResName: null; checkable: false; checked: false; focusable: false; focused: false; selected: false; clickable: false; longClickable: false; enabled: true; password: false; scrollable: false; [ACTION_SELECT, ACTION_CLEAR_SELECTION, ACTION_ACCESSIBILITY_FOCUS]]
05-22 10:49:04.736 I/PowerManagerService(  374): Waking up from sleep...
05-22 10:49:05.111 D/PowerManagerService-JNI(  374): Excessive delay in autosuspend_disable() while turning screen on: 351ms
05-22 10:49:05.111 D/SurfaceFlinger(  124): Screen acquired, type=0 flinger=0x40e95478
05-22 10:49:05.642 D/dalvikvm( 1661): GC_EXPLICIT freed 28K, 18% free 13040K/15888K, paused 3ms+5ms, total 157ms
05-22 10:49:06.744 I/ActivityManager(  374): Process com.android.settings (pid 13966) has died.
05-22 10:49:06.752 I/AndroidRuntime(14889): VM exiting with result code 0.
05-22 10:49:10.361 I/Process (  374): Sending signal. PID: 14914 SIG: 3
05-22 10:49:10.361 W/BroadcastQueue(  374): Timeout of broadcast BroadcastRecord{43089838 u-1 android.intent.action.SCREEN_OFF} - receiver=android.os.BinderProxy@42f1a3b8, started 10000ms ago
05-22 10:49:10.361 W/BroadcastQueue(  374): Receiver during timeout: BroadcastFilter{42f054a8 u0 ReceiverList{42f0cf48 14914 com.pekall.emdm.launcher:remote/10066/u0 remote:42f1a3b8}}
05-22 10:49:10.369 I/dalvikvm(14914): threadid=3: reacting to signal 3
05-22 10:49:10.385 I/WindowManager(  374): Lock screen displayed!
05-22 10:49:10.572 I/Process (  374): Sending signal. PID: 374 SIG: 3
05-22 10:49:10.572 I/dalvikvm(  374): threadid=3: reacting to signal 3
05-22 10:49:10.603 D/LightsService(  374): Excessive delay setting light: 187ms
05-22 10:49:10.619 D/dalvikvm(14914): JIT unchain all for threadid=11
05-22 10:49:10.697 I/dalvikvm(14914): Wrote stack traces to '/data/anr/traces.txt'
05-22 10:49:12.736 I/dalvikvm(  374): Wrote stack traces to '/data/anr/traces.txt'
05-22 10:49:12.736 I/Process (  374): Sending signal. PID: 561 SIG: 3
05-22 10:49:12.736 I/dalvikvm(  561): threadid=3: reacting to signal 3
05-22 10:49:12.736 I/Process (  374): Sending signal. PID: 448 SIG: 3
05-22 10:49:12.736 I/dalvikvm(  448): threadid=3: reacting to signal 3
05-22 10:49:12.744 I/Process (  374): Sending signal. PID: 568 SIG: 3
05-22 10:49:12.744 I/dalvikvm(  568): threadid=3: reacting to signal 3
05-22 10:49:12.760 I/Choreographer(  374): Skipped 137 frames!  The application may be doing too much work on its main thread.
05-22 10:49:12.799 I/dalvikvm(  568): Wrote stack traces to '/data/anr/traces.txt'
05-22 10:49:12.822 I/dalvikvm(  561): Wrote stack traces to '/data/anr/traces.txt'
05-22 10:49:13.306 I/dalvikvm(  448): Wrote stack traces to '/data/anr/traces.txt'
05-22 10:49:13.338 D/dalvikvm(  374): JIT code cache reset in 11 ms (1048536 bytes 54/0)
05-22 10:49:13.361 D/dalvikvm(  374): GC_CONCURRENT freed 3949K, 22% free 23745K/30132K, paused 4ms+32ms, total 292ms
05-22 10:49:13.361 D/dalvikvm(  374): WAIT_FOR_CONCURRENT_GC blocked 236ms
05-22 10:49:13.361 D/dalvikvm(  374): WAIT_FOR_CONCURRENT_GC blocked 202ms
05-22 10:49:13.369 D/dalvikvm(  374): WAIT_FOR_CONCURRENT_GC blocked 63ms
05-22 10:49:13.744 D/dalvikvm(  374): GC_EXPLICIT freed 981K, 22% free 23751K/30132K, paused 11ms+14ms, total 154ms
05-22 10:49:14.346 I/Process (  374): Sending signal. PID: 14465 SIG: 3
05-22 10:49:14.346 I/dalvikvm(14465): threadid=3: reacting to signal 3
05-22 10:49:14.549 E/ActivityManager(  374): ANR in com.pekall.emdm.launcher:remote
05-22 10:49:14.549 E/ActivityManager(  374): Reason: Broadcast of Intent { act=android.intent.action.SCREEN_OFF flg=0x50000010 }
05-22 10:49:14.549 E/ActivityManager(  374): Load: 3.55 / 3.03 / 2.53
05-22 10:49:14.549 E/ActivityManager(  374): CPU usage from 6927ms to 623ms ago:
05-22 10:49:14.549 E/ActivityManager(  374):   84% 14465/com.pekall.emdm.launcher: 84% user + 0% kernel
05-22 10:49:14.549 E/ActivityManager(  374):   82% 14914/com.pekall.emdm.launcher:remote: 82% user + 0.1% kernel
05-22 10:49:14.549 E/ActivityManager(  374):   2% 135/adbd: 0.3% user + 1.7% kernel / faults: 18 minor
05-22 10:49:14.549 E/ActivityManager(  374):   1.4% 13025/kworker/1:2: 0% user + 1.4% kernel
05-22 10:49:14.549 E/ActivityManager(  374):   1.2% 124/surfaceflinger: 0.4% user + 0.7% kernel / faults: 1917 minor
05-22 10:49:14.549 E/ActivityManager(  374):   1.1% 374/system_server: 0.6% user + 0.4% kernel / faults: 24 minor
05-22 10:49:14.549 E/ActivityManager(  374):   0.9% 1661/com.qihoo360.mobilesafe:GuardService: 0.9% user + 0% kernel / faults: 194 minor
05-22 10:49:14.549 E/ActivityManager(  374):   0.3% 13144/kworker/0:0: 0% user + 0.3% kernel
05-22 10:49:14.549 E/ActivityManager(  374):   0.3% 14662/com.nd.assistance.ServerService: 0.1% user + 0.1% kernel / faults: 101 minor
05-22 10:49:14.549 E/ActivityManager(  374):   0% 24/kswapd0: 0% user + 0% kernel
05-22 10:49:14.549 E/ActivityManager(  374):   0.1% 127/mediaserver: 0% user + 0.1% kernel
05-22 10:49:14.549 E/ActivityManager(  374):   0.1% 561/com.android.phone: 0.1% user + 0% kernel / faults: 22 minor
05-22 10:49:14.549 E/ActivityManager(  374):   0.1% 12874/com.qihoo.appstore: 0% user + 0.1% kernel / faults: 1 minor
05-22 10:49:14.549 E/ActivityManager(  374):   0% 13803/kworker/u:5: 0% user + 0% kernel
05-22 10:49:14.549 E/ActivityManager(  374):   0.1% 13965/kworker/u:1: 0% user + 0.1% kernel
05-22 10:49:14.549 E/ActivityManager(  374):  +0% 14961/logcat: 0% user + 0% kernel
05-22 10:49:14.549 E/ActivityManager(  374): 100% TOTAL: 95% user + 4.3% kernel
05-22 10:49:14.549 E/ActivityManager(  374): CPU usage from 3388ms to 3938ms later:
05-22 10:49:14.549 E/ActivityManager(  374):   100% 14465/com.pekall.emdm.launcher: 100% user + 0% kernel
05-22 10:49:14.549 E/ActivityManager(  374):     98% 14479/Thread-4935: 98% user + 0% kernel
05-22 10:49:14.549 E/ActivityManager(  374):   96% 14914/com.pekall.emdm.launcher:remote: 96% user + 0% kernel
05-22 10:49:14.549 E/ActivityManager(  374):     94% 14927/Thread-4959: 94% user + 0% kernel
05-22 10:49:14.549 E/ActivityManager(  374):   5.6% 374/system_server: 1.8% user + 3.7% kernel / faults: 8 minor
05-22 10:49:14.549 E/ActivityManager(  374):     5.6% 390/ActivityManager: 1.8% user + 3.7% kernel
05-22 10:49:14.549 E/ActivityManager(  374): 100% TOTAL: 98% user + 1.8% kernel
05-22 10:49:14.549 W/ActivityManager(  374): Killing ProcessRecord{4228df68 14914:com.pekall.emdm.launcher:remote/u0a10066}: background ANR
05-22 10:49:14.564 W/ActivityManager(  374): Timeout executing service: ServiceRecord{4301b240 u0 com.pekall.emdm.launcher/com.baidu.location.f}
05-22 10:49:14.564 I/ActivityManager(  374): Process com.pekall.emdm.launcher:remote (pid 14914) has died.
05-22 10:49:14.564 W/ActivityManager(  374): Scheduling restart of crashed service com.pekall.emdm.launcher/com.baidu.location.f in 20000ms
05-22 10:49:14.596 D/dalvikvm(14465): JIT unchain all for threadid=11
05-22 10:49:14.674 I/dalvikvm(14465): Wrote stack traces to '/data/anr/traces.txt'
05-22 10:49:14.674 I/Process (  374): Sending signal. PID: 374 SIG: 3
05-22 10:49:14.674 I/dalvikvm(  374): threadid=3: reacting to signal 3
05-22 10:49:14.681 D/ExchangeService(14465): !!! EAS ExchangeService, onDestroy
05-22 10:49:14.689 D/dalvikvm(  448): GC_FOR_ALLOC freed 723K, 15% free 13816K/16128K, paused 43ms, total 43ms
05-22 10:49:15.338 I/Process (  374): Sending signal. PID: 561 SIG: 3
05-22 10:49:15.338 I/dalvikvm(  561): threadid=3: reacting to signal 3
05-22 10:49:15.346 I/dalvikvm(  374): Wrote stack traces to '/data/anr/traces.txt'
05-22 10:49:15.353 I/Process (  374): Sending signal. PID: 448 SIG: 3
05-22 10:49:15.353 I/dalvikvm(  448): threadid=3: reacting to signal 3
05-22 10:49:15.377 I/dalvikvm(  561): Wrote stack traces to '/data/anr/traces.txt'
05-22 10:49:15.377 I/Process (  374): Sending signal. PID: 568 SIG: 3
05-22 10:49:15.377 I/dalvikvm(  568): threadid=3: reacting to signal 3
05-22 10:49:15.400 I/dalvikvm(  568): Wrote stack traces to '/data/anr/traces.txt'
05-22 10:49:15.603 D/dalvikvm( 1661): GC_EXPLICIT freed 6K, 18% free 13034K/15888K, paused 2ms+12ms, total 120ms
05-22 10:49:15.650 D/dalvikvm(  374): GC_CONCURRENT freed 2666K, 22% free 23543K/30132K, paused 10ms+41ms, total 308ms
05-22 10:49:15.885 I/dalvikvm(  448): Wrote stack traces to '/data/anr/traces.txt'
05-22 10:49:15.892 I/Choreographer(  448): Skipped 72 frames!  The application may be doing too much work on its main thread.
05-22 10:49:15.994 D/dalvikvm(  374): GC_EXPLICIT freed 984K, 22% free 23743K/30132K, paused 6ms+8ms, total 146ms
05-22 10:49:16.025 W/Parcel  ( 1661): Attempt to read object from Parcel 0x5ef3bdac at offset 200 that is not in the object list
05-22 10:49:16.033 W/Parcel  ( 1661): Attempt to read object from Parcel 0x5dfd3dac at offset 200 that is not in the object list
05-22 10:49:16.088 V/DigitalWidgetViewsFactory(29624): DigitalWidget sets next alarm string to null
05-22 10:49:16.096 V/WiseDownloadConditionControler(11077): checkCondition  type : WISE_DOWNLOAD  inerrupting: true
05-22 10:49:16.142 D/dalvikvm(11404): GC_CONCURRENT freed 437K, 6% free 9408K/9904K, paused 1ms+1ms, total 22ms
05-22 10:49:16.166 W/Parcel  ( 1661): Attempt to read object from Parcel 0x5dfd3dac at offset 200 that is not in the object list
05-22 10:49:16.588 I/Process (  374): Sending signal. PID: 14465 SIG: 3
05-22 10:49:16.588 I/dalvikvm(14465): threadid=3: reacting to signal 3
05-22 10:49:16.783 I/Process (  374): Sending signal. PID: 1661 SIG: 3
05-22 10:49:16.783 I/dalvikvm( 1661): threadid=3: reacting to signal 3
05-22 10:49:16.838 D/dalvikvm(14465): JIT unchain all for threadid=11
05-22 10:49:16.877 I/dalvikvm( 1661): Wrote stack traces to '/data/anr/traces.txt'
05-22 10:49:16.877 I/Process (  374): Sending signal. PID: 11404 SIG: 3
05-22 10:49:16.877 I/dalvikvm(11404): threadid=3: reacting to signal 3
05-22 10:49:16.908 I/dalvikvm(14465): Wrote stack traces to '/data/anr/traces.txt'
05-22 10:49:16.908 I/Process (  374): Sending signal. PID: 510 SIG: 3
05-22 10:49:16.908 I/dalvikvm(  510): threadid=3: reacting to signal 3
05-22 10:49:16.931 I/dalvikvm(  510): Wrote stack traces to '/data/anr/traces.txt'
05-22 10:49:16.931 I/Process (  374): Sending signal. PID: 11077 SIG: 3
05-22 10:49:16.931 I/dalvikvm(11077): threadid=3: reacting to signal 3
05-22 10:49:16.939 I/dalvikvm(11404): Wrote stack traces to '/data/anr/traces.txt'
05-22 10:49:16.986 E/ActivityManager(  374): ANR in com.pekall.emdm.launcher:remote
05-22 10:49:16.986 E/ActivityManager(  374): Reason: Executing service com.pekall.emdm.launcher/com.baidu.location.f
05-22 10:49:16.986 E/ActivityManager(  374): Load: 3.55 / 3.03 / 2.53
05-22 10:49:16.986 E/ActivityManager(  374): CPU usage from 4826ms to -2377ms ago with 99% awake:
05-22 10:49:16.986 E/ActivityManager(  374):   75% 14465/com.pekall.emdm.launcher: 74% user + 0.8% kernel / faults: 441 minor
05-22 10:49:16.986 E/ActivityManager(  374):   38% 374/system_server: 32% user + 6.7% kernel / faults: 3645 minor
05-22 10:49:16.986 E/ActivityManager(  374):   4.8% 448/com.android.systemui: 4.4% user + 0.3% kernel / faults: 387 minor 2 major
05-22 10:49:16.986 E/ActivityManager(  374):   2.2% 1661/com.qihoo360.mobilesafe:GuardService: 2.2% user + 0% kernel / faults: 310 minor
05-22 10:49:16.986 E/ActivityManager(  374):   0.9% 561/com.android.phone: 0.8% user + 0.1% kernel / faults: 93 minor
05-22 10:49:16.986 E/ActivityManager(  374):   0.8% 124/surfaceflinger: 0.4% user + 0.4% kernel / faults: 17 minor
05-22 10:49:16.986 E/ActivityManager(  374):   0.2% 568/com.android.nfc: 0.2% user + 0% kernel / faults: 92 minor
05-22 10:49:16.986 E/ActivityManager(  374):   0.3% 11404/com.dragon.android.pandaspace: 0.2% user + 0.1% kernel / faults: 448 minor
05-22 10:49:16.986 E/ActivityManager(  374):   0.4% 135/adbd: 0% user + 0.4% kernel / faults: 1 minor
05-22 10:49:16.986 E/ActivityManager(  374):   0.2% 510/com.android.phasebeam: 0.1% user + 0% kernel / faults: 55 minor
05-22 10:49:16.986 E/ActivityManager(  374):   0.2% 13144/kworker/0:0: 0% user + 0.2% kernel
05-22 10:49:16.986 E/ActivityManager(  374):   0.2% 13803/kworker/u:5: 0% user + 0.2% kernel
05-22 10:49:16.986 E/ActivityManager(  374):   0.1% 14391/kworker/u:3: 0% user + 0.1% kernel
05-22 10:49:16.986 E/ActivityManager(  374):   0.2% 14961/logcat: 0.1% user + 0.1% kernel
05-22 10:49:16.986 E/ActivityManager(  374):   0% 82/mmcqd/0: 0% user + 0% kernel
05-22 10:49:16.986 E/ActivityManager(  374):   0% 95/ueventd: 0% user + 0% kernel
05-22 10:49:16.986 E/ActivityManager(  374):   0% 117/vold: 0% user + 0% kernel
05-22 10:49:16.986 E/ActivityManager(  374):   0% 546/com.google.process.location: 0% user + 0% kernel / faults: 13 minor
05-22 10:49:16.986 E/ActivityManager(  374):   0% 4648/logcat: 0% user + 0% kernel
05-22 10:49:16.986 E/ActivityManager(  374):   0% 11077/com.tencent.android.qqdownloader: 0% user + 0% kernel / faults: 233 minor
05-22 10:49:16.986 E/ActivityManager(  374):   0% 12971/com.google.android.apps.maps:GoogleLocationService: 0% user + 0% kernel / faults: 27 minor
05-22 10:49:16.986 E/ActivityManager(  374):   0.1% 13025/kworker/1:2: 0% user + 0.1% kernel
05-22 10:49:16.986 E/ActivityManager(  374):   0% 13624/com.dragon.android.pandaspace:bdservice_v1: 0% user + 0% kernel / faults: 40 minor
05-22 10:49:16.986 E/ActivityManager(  374):   0.1% 13965/kworker/u:1: 0% user + 0.1% kernel
05-22 10:49:16.986 E/ActivityManager(  374):   0.1% 14662/com.nd.assistance.ServerService: 0.1% user + 0% kernel / faults: 26 minor
05-22 10:49:16.986 E/ActivityManager(  374):   0% 14867/logcat: 0% user + 0% kernel
05-22 10:49:16.986 E/ActivityManager(  374): 94% TOTAL: 88% user + 5.8% kernel + 0% iowait
05-22 10:49:16.986 E/ActivityManager(  374): CPU usage from 1430ms to 1974ms later with 99% awake:
05-22 10:49:16.986 E/ActivityManager(  374):   81% 14465/com.pekall.emdm.launcher: 80% user + 1.8% kernel
05-22 10:49:16.986 E/ActivityManager(  374):     81% 14479/Thread-4935: 81% user + 0% kernel
05-22 10:49:16.986 E/ActivityManager(  374):   29% 374/system_server: 18% user + 10% kernel / faults: 333 minor
05-22 10:49:16.986 E/ActivityManager(  374):     5.4% 385/Binder_2: 1.8% user + 3.6% kernel
05-22 10:49:16.986 E/ActivityManager(  374):     3.6% 390/ActivityManager: 0% user + 3.6% kernel
05-22 10:49:16.986 E/ActivityManager(  374):     3.6% 701/Binder_C: 3.6% user + 0% kernel
05-22 10:49:16.986 E/ActivityManager(  374):     1.8% 380/Compiler: 1.8% user + 0% kernel
05-22 10:49:16.986 E/ActivityManager(  374):     1.8% 384/Binder_1: 1.8% user + 0% kernel
05-22 10:49:16.986 E/ActivityManager(  374):     1.8% 386/SensorService: 0% user + 1.8% kernel
05-22 10:49:16.986 E/ActivityManager(  374):     1.8% 388/UI: 1.8% user + 0% kernel
05-22 10:49:16.986 E/ActivityManager(  374):     1.8% 539/Binder_4: 1.8% user + 0% kernel
05-22 10:49:16.986 E/ActivityManager(  374):     1.8% 595/Binder_5: 1.8% user + 0% kernel
05-22 10:49:16.986 E/ActivityManager(  374):     1.8% 602/Binder_6: 1.8% user + 0% kernel
05-22 10:49:16.986 E/ActivityManager(  374):     1.8% 619/Binder_8: 0% user + 1.8% kernel
05-22 10:49:16.986 E/ActivityManager(  374):     1.8% 631/Binder_A: 1.8% user + 0% kernel
05-22 10:49:16.986 E/ActivityManager(  374):   6% 1661/com.qihoo360.mobilesafe:GuardService: 6% user + 0% kernel / faults: 76 minor
05-22 10:49:16.986 E/ActivityManager(  374):     3.6% 1719/NetTrafficWorkT: 3.6% user + 0% kernel
05-22 10:49:16.986 E/ActivityManager(  374):     1.2% 1661/fe:GuardService: 1.2% user + 0% kernel
05-22 10:49:16.986 E/ActivityManager(  374):    +0% 14967/Timer-1287: 0% user + 0% kernel
05-22 10:49:16.986 E/ActivityManager(  374):   7.4% 448/com.android.systemui: 7.4% user + 0% kernel / faults: 74 minor
05-22 10:49:16.986 E/ActivityManager(  374):     5.5% 448/ndroid.systemui: 5.5% user + 0% kernel
05-22 10:49:16.986 E/ActivityManager(  374):     1.8% 457/Compiler: 1.8% user + 0% kernel
05-22 10:49:16.986 E/ActivityManager(  374):   2.5% 11404/com.dragon.android.pandaspace: 1.2% user + 1.2% kernel / faults: 197 minor
05-22 10:49:16.986 E/ActivityManager(  374):     2.5% 11408/GC: 2.5% user + 0% kernel
05-22 10:49:16.986 E/ActivityManager(  374):    +0% 14968/Timer-15: 0% user + 0% kernel
05-22 10:49:16.986 E/ActivityManager(  374):   0.9% 95/ueventd: 0.9% user + 0% kernel
05-22 10:49:16.986 E/ActivityManager(  374):   0.9% 117/vold: 0.9% user + 0% kernel
05-22 10:49:16.986 E/ActivityManager(  374):     0.9% 134/vold: 0.9% user + 0% kernel
05-22 10:49:16.986 E/ActivityManager(  374):   0.9% 124/surfaceflinger: 0.9% user + 0% kernel / faults: 16 minor
05-22 10:49:16.986 E/ActivityManager(  374):     0.9% 151/SurfaceFlinger: 0% user + 0.9% kernel
05-22 10:49:16.986 E/ActivityManager(  374):   1% 510/com.android.phasebeam: 0% user + 1% kernel / faults: 8 minor
05-22 10:49:16.986 E/ActivityManager(  374):     1% 666/droid.phasebeam: 1% user + 0% kernel
05-22 10:49:16.986 E/ActivityManager(  374):   1.2% 11077/com.tencent.android.qqdownloader: 1.2% user + 0% kernel / faults: 8 minor
05-22 10:49:16.986 E/ActivityManager(  374):     1.2% 11077/id.qqdownloader: 1.2% user + 0% kernel
05-22 10:49:16.986 E/ActivityManager(  374):   1.2% 13025/kworker/1:2: 0% user + 1.2% kernel
05-22 10:49:16.986 E/ActivityManager(  374):   1.2% 13144/kworker/0:0: 0% user + 1.2% kernel
05-22 10:49:16.986 E/ActivityManager(  374):   1.2% 13624/com.dragon.android.pandaspace:bdservice_v1: 1.2% user + 0% kernel / faults: 31 minor
05-22 10:49:16.986 E/ActivityManager(  374):   1.2% 13803/kworker/u:5: 0% user + 1.2% kernel
05-22 10:49:16.986 E/ActivityManager(  374):   1.2% 14391/kworker/u:3: 0% user + 1.2% kernel
05-22 10:49:16.994 W/ActivityManager(  374): Killing ProcessRecord{4228df68 0:com.pekall.emdm.launcher:remote/u0a10066}: background ANR
05-22 10:49:17.033 I/dalvikvm(11077): Wrote stack traces to '/data/anr/traces.txt'
05-22 10:49:17.064 D/dalvikvm(11404): GC_CONCURRENT freed 26K, 6% free 9388K/9904K, paused 61ms+1ms, total 125ms
05-22 10:49:17.283 D/MDM :   (14465): [null:-1]->MSG_WEBSOCKET_MESSAGE : {"id":645284295,"type":0,"command":0,"result":0,"reason":0,"params":{"msgId":"47415ef0-4a97-4c38-b4e2-7408fca592a5,47415ef04a974c38b4e27408fca592a5","device":"00013fbc8ecec5b90000014621d2a3af","message":"{\"cmd\":\"10119\"}"}}
05-22 10:49:17.299 D/MdmService(14465): [null:-1]->push message type :0
05-22 10:49:17.299 D/MdmService(14465): [null:-1]->cmdMessage : {"cmd":"10119"}
05-22 10:49:17.299 D/MdmService(14465): [null:-1]->command : PushCommandMsg{cmd='10119', msg='null'}
05-22 10:49:17.306 D/MdmStatusManager(14465): [null:-1]->change status to : Busy
05-22 10:49:17.306 I/TransInfo(14465): TransInfo created, id: 3, class: class com.pekall.emdm.transaction.c.b
05-22 10:49:17.306 D/NetworkThread(14465): [null:-1]->----isRunning-----true
05-22 10:49:17.306 D/NetworkThread(14465): [null:-1]->----isRunning-----true
05-22 10:49:17.306 D/NetworkThread(14465): [null:-1]->thread wakeup
05-22 10:49:17.322 D/NetworkThread(14465): [null:-1]->sendHttpPost:PostRequest, url: http://192.168.10.21/rest/mdm/v1/ios/android_server, Params: [content:<?xml version="1.0" encoding="UTF-8"?>
05-22 10:49:17.322 D/NetworkThread(14465): <!DOCTYPE plist PUBLIC "-//Apple//DTD PLIST 1.0//EN" "http://www.apple.com/DTDs/PropertyList-1.0.dtd">
05-22 10:49:17.322 D/NetworkThread(14465): <plist version="1.0">
05-22 10:49:17.322 D/NetworkThread(14465): <dict>
05-22 10:49:17.322 D/NetworkThread(14465): 	<key>Status</key>
05-22 10:49:17.322 D/NetworkThread(14465): 	<string>Idle</string>
05-22 10:49:17.322 D/NetworkThread(14465): 	<key>UDID</key>
05-22 10:49:17.322 D/NetworkThread(14465): 	<string>00013fbc8ecec5b90000014621d2a3af</string>
05-22 10:49:17.322 D/NetworkThread(14465): </dict>
05-22 10:49:17.322 D/NetworkThread(14465): </plist>], 
05-22 10:49:17.322 D/HttpClient(14465): enable apache.http debug
05-22 10:49:17.322 V/DEBUG   (14465): HTTP 0
05-22 10:49:17.908 D/MDM :   (14465): [null:-1]->statusCode : 200
05-22 10:49:17.908 D/MDM :   (14465): [null:-1]->statusCode : 200
05-22 10:49:17.916 V/DEBUG   (14465): HTTP 1
05-22 10:49:17.916 D/MDM :   (14465): [null:-1]->read network input stream
05-22 10:49:17.924 D/MDM :   (14465): [null:-1]->Get joson string: <?xml version="1.0" encoding="UTF-8"?>
05-22 10:49:17.924 D/MDM :   (14465): <!DOCTYPE plist PUBLIC "-//Apple//DTD PLIST 1.0//EN" "http://www.apple.com/DTDs/PropertyList-1.0.dtd">
05-22 10:49:17.924 D/MDM :   (14465): <plist version="1.0">
05-22 10:49:17.924 D/MDM :   (14465): <dict>
05-22 10:49:17.924 D/MDM :   (14465): 	<key>CommandUUID</key>
05-22 10:49:17.924 D/MDM :   (14465): 	<string>8b4c9461-0564-4e88-bb5a-567deca36f64</string>
05-22 10:49:17.924 D/MDM :   (14465): 	<key>Command</key>
05-22 10:49:17.924 D/MDM :   (14465): 	<dict>
05-22 10:49:17.924 D/MDM :   (14465): 		<key>RequestType</key>
05-22 10:49:17.924 D/MDM :   (14465): 		<string>SelectErase</string>
05-22 10:49:17.924 D/MDM :   (14465): 	</dict>
05-22 10:49:17.924 D/MDM :   (14465): </dict>
05-22 10:49:17.924 D/MDM :   (14465): </plist>
05-22 10:49:17.931 D/CheckInTransInfo(14465): [null:-1]->CommandMsg : CommandMsg{CommandUUID='8b4c9461-0564-4e88-bb5a-567deca36f64', Command=CommandObject{RequestType='SelectErase'}}
05-22 10:49:17.963 D/NetworkThread(14465): [null:-1]->clear mCurrentTransInfo
05-22 10:49:17.963 D/NetworkThread(14465): [null:-1]->queue is empty, thread wait...
05-22 10:49:18.064 D/MdmService(14465): [null:-1]->handleCheckInResult
05-22 10:49:18.064 D/MdmService(14465): [null:-1]->handleCheckInResult result keyIndex: 3
05-22 10:49:18.064 D/CommandManager(14465): [null:-1]->execute command: CommandMsg{CommandUUID='8b4c9461-0564-4e88-bb5a-567deca36f64', Command=CommandObject{RequestType='SelectErase'}}
05-22 10:49:18.080 D/CommandManager(14465): [null:-1]->requestType: SelectErase
05-22 10:49:18.119 W/Parcel  ( 1661): Attempt to read object from Parcel 0x6003bdac at offset 200 that is not in the object list
05-22 10:49:18.127 V/CounterTextView(14465): onReceive
05-22 10:49:18.127 D/        (14465): [---null: -1---]   msg  xxd1
05-22 10:49:18.142 V/CounterTextView(14465): onReceive
05-22 10:49:18.142 D/        (14465): [---null: -1---]   msg  xxd1
05-22 10:49:18.158 D/MdmDatabaseHelper(14465): [null:-1]->update command 8b4c9461-0564-4e88-bb5a-567deca36f64 to status executed
05-22 10:49:18.181 I/TransInfo(14465): TransInfo created, id: 3, class: class com.pekall.emdm.transaction.c.b
05-22 10:49:18.181 D/NetworkThread(14465): [null:-1]->----isRunning-----true
05-22 10:49:18.181 D/NetworkThread(14465): [null:-1]->----isRunning-----true
05-22 10:49:18.189 D/NetworkThread(14465): [null:-1]->thread wakeup
05-22 10:49:18.197 D/NetworkThread(14465): [null:-1]->sendHttpPost:PostRequest, url: http://192.168.10.21/rest/mdm/v1/ios/android_server, Params: [content:<?xml version="1.0" encoding="UTF-8"?>
05-22 10:49:18.197 D/NetworkThread(14465): <!DOCTYPE plist PUBLIC "-//Apple//DTD PLIST 1.0//EN" "http://www.apple.com/DTDs/PropertyList-1.0.dtd">
05-22 10:49:18.197 D/NetworkThread(14465): <plist version="1.0">
05-22 10:49:18.197 D/NetworkThread(14465): <dict>
05-22 10:49:18.197 D/NetworkThread(14465): 	<key>CommandUUID</key>
05-22 10:49:18.197 D/NetworkThread(14465): 	<string>8b4c9461-0564-4e88-bb5a-567deca36f64</string>
05-22 10:49:18.197 D/NetworkThread(14465): 	<key>Status</key>
05-22 10:49:18.197 D/NetworkThread(14465): 	<string>Acknowledged</string>
05-22 10:49:18.197 D/NetworkThread(14465): 	<key>UDID</key>
05-22 10:49:18.197 D/NetworkThread(14465): 	<string>00013fbc8ecec5b90000014621d2a3af</string>
05-22 10:49:18.197 D/NetworkThread(14465): </dict>
05-22 10:49:18.197 D/NetworkThread(14465): </plist>], 
05-22 10:49:18.197 D/HttpClient(14465): enable apache.http debug
05-22 10:49:18.205 V/DEBUG   (14465): HTTP 0
05-22 10:49:18.463 D/MDM :   (14465): [null:-1]->statusCode : 200
05-22 10:49:18.463 D/MDM :   (14465): [null:-1]->statusCode : 200
05-22 10:49:18.463 V/DEBUG   (14465): HTTP 1
05-22 10:49:18.471 D/MDM :   (14465): [null:-1]->Get joson string: 
05-22 10:49:18.471 D/MdmDatabaseHelper(14465): [null:-1]->update command 8b4c9461-0564-4e88-bb5a-567deca36f64 to status executed
05-22 10:49:18.494 D/NetworkThread(14465): [null:-1]->clear mCurrentTransInfo
05-22 10:49:18.494 D/NetworkThread(14465): [null:-1]->queue is empty, thread wait...
05-22 10:49:18.564 D/MdmService(14465): [null:-1]->handleCheckInResult
05-22 10:49:18.564 D/MdmService(14465): [null:-1]->handleCheckInResult result keyIndex: 3
05-22 10:49:18.572 D/HandleCommandTask(14465): [null:-1]->execute command msg but beanBase is null
05-22 10:49:18.572 D/MdmStatusManager(14465): [null:-1]->change status to : Idle
05-22 10:49:19.791 D/AndroidRuntime(14976): 
05-22 10:49:19.791 D/AndroidRuntime(14976): >>>>>> AndroidRuntime START com.android.internal.os.RuntimeInit <<<<<<
05-22 10:49:19.791 D/AndroidRuntime(14976): CheckJNI is OFF
05-22 10:49:19.799 D/dalvikvm(14976): Trying to load lib libjavacore.so 0x0
05-22 10:49:19.806 D/dalvikvm(14976): Added shared lib libjavacore.so 0x0
05-22 10:49:19.814 D/dalvikvm(14976): Trying to load lib libnativehelper.so 0x0
05-22 10:49:19.814 D/dalvikvm(14976): Added shared lib libnativehelper.so 0x0
05-22 10:49:19.971 D/AndroidRuntime(14976): Calling main entry com.android.commands.uiautomator.Launcher
05-22 10:49:19.986 D/dalvikvm(14976): Note: class Landroid/app/ActivityManagerNative; has 163 unimplemented (abstract) methods
