05-22 11:02:39.416 W/SQLiteCursor(14465): 	at android.content.ContentResolver.query(ContentResolver.java:414)
05-22 11:02:39.416 W/SQLiteCursor(14465): 	at android.content.ContentResolver.query(ContentResolver.java:357)
05-22 11:02:39.416 W/SQLiteCursor(14465): 	at android.content.AsyncQueryHandler$WorkerHandler.handleMessage(AsyncQueryHandler.java:79)
05-22 11:02:39.416 W/SQLiteCursor(14465): 	at com.pekall.emdm.contacts.calllog.p.handleMessage(Unknown Source)
05-22 11:02:39.416 W/SQLiteCursor(14465): 	at android.os.Handler.dispatchMessage(Handler.java:99)
05-22 11:02:39.416 W/SQLiteCursor(14465): 	at android.os.Looper.loop(Looper.java:137)
05-22 11:02:39.416 W/SQLiteCursor(14465): 	at android.os.HandlerThread.run(HandlerThread.java:61)
05-22 11:02:39.424 W/CursorWrapperInner(14465): Cursor finalized without prior close()
05-22 11:02:39.424 W/SQLiteCursor(14465): Finalizing a Cursor that has not been deactivated or closed. database = /data/data/com.pekall.emdm.launcher/databases/emdm_contacts.db, table = contacts, query = SELECT * FROM contacts ORDER BY sort_key  asc
05-22 11:02:39.424 W/SQLiteCursor(14465): com.pekall.sandbox.database.sqlite.DatabaseObjectNotClosedException: Application did not close the cursor or database object that was opened here
05-22 11:02:39.424 W/SQLiteCursor(14465): 	at com.pekall.sandbox.database.sqlite.SQLiteCursor.<init>(Unknown Source)
05-22 11:02:39.424 W/SQLiteCursor(14465): 	at com.pekall.sandbox.database.sqlite.SQLiteDirectCursorDriver.query(Unknown Source)
05-22 11:02:39.424 W/SQLiteCursor(14465): 	at com.pekall.sandbox.database.sqlite.SQLiteDatabase.rawQueryWithFactory(Unknown Source)
05-22 11:02:39.424 W/SQLiteCursor(14465): 	at com.pekall.sandbox.database.sqlite.SQLiteQueryBuilder.query(Unknown Source)
05-22 11:02:39.424 W/SQLiteCursor(14465): 	at com.pekall.emdm.contacts.db.SimpleContactsProvider.query(Unknown Source)
05-22 11:02:39.424 W/SQLiteCursor(14465): 	at android.content.ContentProvider.query(ContentProvider.java:744)
05-22 11:02:39.424 W/SQLiteCursor(14465): 	at android.content.ContentProvider$Transport.query(ContentProvider.java:199)
05-22 11:02:39.424 W/SQLiteCursor(14465): 	at android.content.ContentResolver.query(ContentResolver.java:414)
05-22 11:02:39.424 W/SQLiteCursor(14465): 	at android.content.ContentResolver.query(ContentResolver.java:357)
05-22 11:02:39.424 W/SQLiteCursor(14465): 	at com.pekall.emdm.contacts.ui.DefaultContactBrowseListFragment.d(Unknown Source)
05-22 11:02:39.424 W/SQLiteCursor(14465): 	at com.pekall.emdm.contacts.ui.DefaultContactBrowseListFragment.onClick(Unknown Source)
05-22 11:02:39.424 W/SQLiteCursor(14465): 	at android.view.View.performClick(View.java:4240)
05-22 11:02:39.424 W/SQLiteCursor(14465): 	at android.view.View$PerformClick.run(View.java:17721)
05-22 11:02:39.424 W/SQLiteCursor(14465): 	at android.os.Handler.handleCallback(Handler.java:730)
05-22 11:02:39.424 W/SQLiteCursor(14465): 	at android.os.Handler.dispatchMessage(Handler.java:92)
05-22 11:02:39.424 W/SQLiteCursor(14465): 	at android.os.Looper.loop(Looper.java:137)
05-22 11:02:39.424 W/SQLiteCursor(14465): 	at android.app.ActivityThread.main(ActivityThread.java:5103)
05-22 11:02:39.424 W/SQLiteCursor(14465): 	at java.lang.reflect.Method.invokeNative(Native Method)
05-22 11:02:39.424 W/SQLiteCursor(14465): 	at java.lang.reflect.Method.invoke(Method.java:525)
05-22 11:02:39.424 W/SQLiteCursor(14465): 	at com.android.internal.os.ZygoteInit$MethodAndArgsCaller.run(ZygoteInit.java:737)
05-22 11:02:39.424 W/SQLiteCursor(14465): 	at com.android.internal.os.ZygoteInit.main(ZygoteInit.java:553)
05-22 11:02:39.424 W/SQLiteCursor(14465): 	at dalvik.system.NativeStart.main(Native Method)
05-22 11:02:39.424 W/CursorWrapperInner(14465): Cursor finalized without prior close()
05-22 11:02:39.431 W/CursorWrapperInner(14465): Cursor finalized without prior close()
05-22 11:02:39.447 W/SQLiteCursor(14465): Finalizing a Cursor that has not been deactivated or closed. database = /data/data/com.pekall.emdm.launcher/databases/emdm_contacts.db, table = frequently_contacts, query = SELECT _id, company_id, number, date, name FROM frequently_contacts ORDER BY date DESC
05-22 11:02:39.447 W/SQLiteCursor(14465): com.pekall.sandbox.database.sqlite.DatabaseObjectNotClosedException: Application did not close the cursor or database object that was opened here
05-22 11:02:39.447 W/SQLiteCursor(14465): 	at com.pekall.sandbox.database.sqlite.SQLiteCursor.<init>(Unknown Source)
05-22 11:02:39.447 W/SQLiteCursor(14465): 	at com.pekall.sandbox.database.sqlite.SQLiteDirectCursorDriver.query(Unknown Source)
05-22 11:02:39.447 W/SQLiteCursor(14465): 	at com.pekall.sandbox.database.sqlite.SQLiteDatabase.rawQueryWithFactory(Unknown Source)
05-22 11:02:39.447 W/SQLiteCursor(14465): 	at com.pekall.sandbox.database.sqlite.SQLiteQueryBuilder.query(Unknown Source)
05-22 11:02:39.447 W/SQLiteCursor(14465): 	at com.pekall.emdm.contacts.db.SimpleContactsProvider.query(Unknown Source)
05-22 11:02:39.447 W/SQLiteCursor(14465): 	at android.content.ContentProvider.query(ContentProvider.java:744)
05-22 11:02:39.447 W/SQLiteCursor(14465): 	at android.content.ContentProvider$Transport.query(ContentProvider.java:199)
05-22 11:02:39.447 W/SQLiteCursor(14465): 	at android.content.ContentResolver.query(ContentResolver.java:414)
05-22 11:02:39.447 W/SQLiteCursor(14465): 	at android.content.ContentResolver.query(ContentResolver.java:357)
05-22 11:02:39.447 W/SQLiteCursor(14465): 	at com.pekall.emdm.contacts.ui.n.a(Unknown Source)
05-22 11:02:39.447 W/SQLiteCursor(14465): 	at com.pekall.emdm.contacts.ui.n.doInBackground(Unknown Source)
05-22 11:02:39.447 W/SQLiteCursor(14465): 	at android.os.AsyncTask$2.call(AsyncTask.java:287)
05-22 11:02:39.447 W/SQLiteCursor(14465): 	at java.util.concurrent.FutureTask.run(FutureTask.java:234)
05-22 11:02:39.447 W/SQLiteCursor(14465): 	at android.os.AsyncTask$SerialExecutor$1.run(AsyncTask.java:230)
05-22 11:02:39.447 W/SQLiteCursor(14465): 	at java.util.concurrent.ThreadPoolExecutor.runWorker(ThreadPoolExecutor.java:1080)
05-22 11:02:39.447 W/SQLiteCursor(14465): 	at java.util.concurrent.ThreadPoolExecutor$Worker.run(ThreadPoolExecutor.java:573)
05-22 11:02:39.447 W/SQLiteCursor(14465): 	at java.lang.Thread.run(Thread.java:841)
05-22 11:02:39.447 W/CursorWrapperInner(14465): Cursor finalized without prior close()
05-22 11:02:39.978 D/DefaultContactBrowseListFragment(14465): onDestroyView==============
05-22 11:02:39.986 D/AssistantCallLogFragment(14465): [---null: -1---]onDestroyView==============
05-22 11:02:41.775 I/QueryController(16070): Matched selector: UiSelector[TEXT=Personal Mode, CLASS=android.widget.TextView, PACKAGE NAME=com.pekall.emdm.launcher] <<==>> [android.view.accessibility.AccessibilityNodeInfo@3bdab; boundsInParent: Rect(0, 0 - 160, 200); boundsInScreen: Rect(190, 608 - 350, 808); packageName: com.pekall.emdm.launcher; className: android.widget.TextView; text: Personal Mode; contentDescription: null; viewIdResName: null; checkable: false; checked: false; focusable: false; focused: false; selected: false; clickable: true; longClickable: true; enabled: true; password: false; scrollable: false; [ACTION_SELECT, ACTION_CLEAR_SELECTION, ACTION_CLICK, ACTION_LONG_CLICK, ACTION_ACCESSIBILITY_FOCUS, ACTION_NEXT_AT_MOVEMENT_GRANULARITY, ACTION_PREVIOUS_AT_MOVEMENT_GRANULARITY, ACTION_SET_SELECTION]]
05-22 11:02:41.791 I/QueryController(16070): Matched selector: UiSelector[TEXT=EmdmContacts, CLASS=android.widget.TextView, PACKAGE NAME=com.pekall.emdm.launcher] <<==>> [android.view.accessibility.AccessibilityNodeInfo@3c52d; boundsInParent: Rect(0, 0 - 160, 200); boundsInScreen: Rect(550, 608 - 710, 808); packageName: com.pekall.emdm.launcher; className: android.widget.TextView; text: EmdmContacts; contentDescription: null; viewIdResName: null; checkable: false; checked: false; focusable: false; focused: false; selected: false; clickable: true; longClickable: true; enabled: true; password: false; scrollable: false; [ACTION_SELECT, ACTION_CLEAR_SELECTION, ACTION_CLICK, ACTION_LONG_CLICK, ACTION_ACCESSIBILITY_FOCUS, ACTION_NEXT_AT_MOVEMENT_GRANULARITY, ACTION_PREVIOUS_AT_MOVEMENT_GRANULARITY, ACTION_SET_SELECTION]]
05-22 11:02:41.799 I/QueryController(16070): Matched selector: UiSelector[TEXT=EmdmContacts, CLASS=android.widget.TextView, PACKAGE NAME=com.pekall.emdm.launcher] <<==>> [android.view.accessibility.AccessibilityNodeInfo@3c52d; boundsInParent: Rect(0, 0 - 160, 200); boundsInScreen: Rect(550, 608 - 710, 808); packageName: com.pekall.emdm.launcher; className: android.widget.TextView; text: EmdmContacts; contentDescription: null; viewIdResName: null; checkable: false; checked: false; focusable: false; focused: false; selected: false; clickable: true; longClickable: true; enabled: true; password: false; scrollable: false; [ACTION_SELECT, ACTION_CLEAR_SELECTION, ACTION_CLICK, ACTION_LONG_CLICK, ACTION_ACCESSIBILITY_FOCUS, ACTION_NEXT_AT_MOVEMENT_GRANULARITY, ACTION_PREVIOUS_AT_MOVEMENT_GRANULARITY, ACTION_SET_SELECTION]]
05-22 11:02:41.814 I/QueryController(16070): Matched selector: UiSelector[TEXT=EmdmContacts, CLASS=android.widget.TextView, PACKAGE NAME=com.pekall.emdm.launcher] <<==>> [android.view.accessibility.AccessibilityNodeInfo@3c52d; boundsInParent: Rect(0, 0 - 160, 200); boundsInScreen: Rect(550, 608 - 710, 808); packageName: com.pekall.emdm.launcher; className: android.widget.TextView; text: EmdmContacts; contentDescription: null; viewIdResName: null; checkable: false; checked: false; focusable: false; focused: false; selected: false; clickable: true; longClickable: true; enabled: true; password: false; scrollable: false; [ACTION_SELECT, ACTION_CLEAR_SELECTION, ACTION_CLICK, ACTION_LONG_CLICK, ACTION_ACCESSIBILITY_FOCUS, ACTION_NEXT_AT_MOVEMENT_GRANULARITY, ACTION_PREVIOUS_AT_MOVEMENT_GRANULARITY, ACTION_SET_SELECTION]]
05-22 11:02:41.814 D/UiObject(16070): getText() = EmdmContacts
05-22 11:02:41.830 I/QueryController(16070): Matched selector: UiSelector[TEXT=EmdmContacts, CLASS=android.widget.TextView, PACKAGE NAME=com.pekall.emdm.launcher] <<==>> [android.view.accessibility.AccessibilityNodeInfo@3c52d; boundsInParent: Rect(0, 0 - 160, 200); boundsInScreen: Rect(550, 608 - 710, 808); packageName: com.pekall.emdm.launcher; className: android.widget.TextView; text: EmdmContacts; contentDescription: null; viewIdResName: null; checkable: false; checked: false; focusable: false; focused: false; selected: false; clickable: true; longClickable: true; enabled: true; password: false; scrollable: false; [ACTION_SELECT, ACTION_CLEAR_SELECTION, ACTION_CLICK, ACTION_LONG_CLICK, ACTION_ACCESSIBILITY_FOCUS, ACTION_NEXT_AT_MOVEMENT_GRANULARITY, ACTION_PREVIOUS_AT_MOVEMENT_GRANULARITY, ACTION_SET_SELECTION]]
05-22 11:02:41.838 I/QueryController(16070): Matched selector: UiSelector[TEXT=EmdmContacts, CLASS=android.widget.TextView, PACKAGE NAME=com.pekall.emdm.launcher] <<==>> [android.view.accessibility.AccessibilityNodeInfo@3c52d; boundsInParent: Rect(0, 0 - 160, 200); boundsInScreen: Rect(550, 608 - 710, 808); packageName: com.pekall.emdm.launcher; className: android.widget.TextView; text: EmdmContacts; contentDescription: null; viewIdResName: null; checkable: false; checked: false; focusable: false; focused: false; selected: false; clickable: true; longClickable: true; enabled: true; password: false; scrollable: false; [ACTION_SELECT, ACTION_CLEAR_SELECTION, ACTION_CLICK, ACTION_LONG_CLICK, ACTION_ACCESSIBILITY_FOCUS, ACTION_NEXT_AT_MOVEMENT_GRANULARITY, ACTION_PREVIOUS_AT_MOVEMENT_GRANULARITY, ACTION_SET_SELECTION]]
05-22 11:02:41.838 D/InteractionController(16070): clickAndWaitForNewWindow(630, 708)
05-22 11:02:41.963 W/Parcel  ( 1661): Attempt to read object from Parcel 0x5ec3bdac at offset 200 that is not in the object list
05-22 11:02:41.963 I/ActivityManager(  374): START u0 {flg=0x10000000 cmp=com.pekall.emdm.launcher/com.pekall.emdm.contacts.activities.PeopleActivity} from pid 14465
05-22 11:02:42.080 D/dalvikvm(  374): GC_FOR_ALLOC freed 1722K, 24% free 22939K/30132K, paused 77ms, total 78ms
05-22 11:02:42.088 D/LauncherApplication(14465): [null:-1]->onActivityPaused
05-22 11:02:42.096 D/LauncherApplication(14465): [null:-1]->onActivityPaused  updateTime
05-22 11:02:42.111 W/Parcel  ( 1661): Attempt to read object from Parcel 0x5ef3bdac at offset 200 that is not in the object list
05-22 11:02:42.111 I/ActivityManager(  374): START u0 {cmp=com.pekall.emdm.launcher/com.pekall.emdm.contacts.activities.DialtactsActivity (has extras)} from pid 14465
05-22 11:02:42.142 V/LauncherApplication(14465): onActivityStarted
05-22 11:02:42.142 D/        (14465): [---null: -1---]     awsa  onActivityResumed
05-22 11:02:42.142 V/LauncherApplication(14465): 2MdmConstant.LAST_LAUNCH_TIME = 1400727762104
05-22 11:02:42.150 D/        (14465): [---null: -1---]  activity = com.pekall.emdm.contacts.activities.DialtactsActivity
05-22 11:02:42.158 V/DefultSetContriller(14465): isLauncherDf = com.pekall.emdm.launcher
05-22 11:02:42.158 V/DefultSetContriller(14465): isPhoneDf = com.pekall.emdm.launcher
05-22 11:02:42.158 E/LauncherApplication(14465): isShowLogoutUI = true
05-22 11:02:42.158 E/LauncherApplication(14465): LogoutShowTime 1
05-22 11:02:42.197 D/ContactsProvider(14465): [Contacts] query 'content://emdmcontacts/contacts', segment size: 1
05-22 11:02:42.221 I/ContactPhotoManager(14465): Cache adj: 0.5
05-22 11:02:42.221 E/ContactPhotoManager(14465): No contact photo service in context: com.pekall.emdm.launcher.LauncherApplication@42288278
05-22 11:02:42.283 V/PhoneStatusBar(  448): setLightsOn(true)
05-22 11:02:42.291 D/ContactsProvider(14465): [Contacts] query 'content://emdmcontacts/company_calllogs', segment size: 1
05-22 11:02:42.314 D/ContactsProvider(14465): [Contacts] query 'content://emdmcontacts/frequently_contacts', segment size: 1
05-22 11:02:42.361 D/ContactsProvider(14465): [Contacts] query 'content://emdmcontacts/contacts', segment size: 1
05-22 11:02:42.400 I/ActivityManager(  374): Displayed com.pekall.emdm.launcher/com.pekall.emdm.contacts.activities.DialtactsActivity: +280ms (total +302ms)
05-22 11:02:43.072 D/dalvikvm(16070): GC_FOR_ALLOC freed 7572K, 93% free 619K/8192K, paused 31ms, total 31ms
05-22 11:02:43.072 I/QueryController(16070): Matched selector: UiSelector[TEXT=company, CLASS=android.widget.TextView, PACKAGE NAME=com.pekall.emdm.launcher] <<==>> [android.view.accessibility.AccessibilityNodeInfo@195b2d; boundsInParent: Rect(0, 0 - 345, 53); boundsInScreen: Rect(20, 1111 - 365, 1164); packageName: com.pekall.emdm.launcher; className: android.widget.TextView; text: company; contentDescription: null; viewIdResName: com.pekall.emdm.launcher:id/call_company; checkable: false; checked: false; focusable: false; focused: false; selected: true; clickable: true; longClickable: false; enabled: true; password: false; scrollable: false; [ACTION_SELECT, ACTION_CLEAR_SELECTION, ACTION_CLICK, ACTION_ACCESSIBILITY_FOCUS, ACTION_NEXT_AT_MOVEMENT_GRANULARITY, ACTION_PREVIOUS_AT_MOVEMENT_GRANULARITY, ACTION_SET_SELECTION]]
05-22 11:02:43.088 I/QueryController(16070): Matched selector: UiSelector[TEXT=company, CLASS=android.widget.TextView, PACKAGE NAME=com.pekall.emdm.launcher] <<==>> [android.view.accessibility.AccessibilityNodeInfo@195b2d; boundsInParent: Rect(0, 0 - 345, 53); boundsInScreen: Rect(20, 1111 - 365, 1164); packageName: com.pekall.emdm.launcher; className: android.widget.TextView; text: company; contentDescription: null; viewIdResName: com.pekall.emdm.launcher:id/call_company; checkable: false; checked: false; focusable: false; focused: false; selected: true; clickable: true; longClickable: false; enabled: true; password: false; scrollable: false; [ACTION_SELECT, ACTION_CLEAR_SELECTION, ACTION_CLICK, ACTION_ACCESSIBILITY_FOCUS, ACTION_NEXT_AT_MOVEMENT_GRANULARITY, ACTION_PREVIOUS_AT_MOVEMENT_GRANULARITY, ACTION_SET_SELECTION]]
05-22 11:02:43.088 D/UiObject(16070): getText() = company
05-22 11:02:43.103 I/QueryController(16070): Matched selector: UiSelector[TEXT=company, CLASS=android.widget.TextView, PACKAGE NAME=com.pekall.emdm.launcher] <<==>> [android.view.accessibility.AccessibilityNodeInfo@195b2d; boundsInParent: Rect(0, 0 - 345, 53); boundsInScreen: Rect(20, 1111 - 365, 1164); packageName: com.pekall.emdm.launcher; className: android.widget.TextView; text: company; contentDescription: null; viewIdResName: com.pekall.emdm.launcher:id/call_company; checkable: false; checked: false; focusable: false; focused: false; selected: true; clickable: true; longClickable: false; enabled: true; password: false; scrollable: false; [ACTION_SELECT, ACTION_CLEAR_SELECTION, ACTION_CLICK, ACTION_ACCESSIBILITY_FOCUS, ACTION_NEXT_AT_MOVEMENT_GRANULARITY, ACTION_PREVIOUS_AT_MOVEMENT_GRANULARITY, ACTION_SET_SELECTION]]
05-22 11:02:43.119 I/QueryController(16070): Matched selector: UiSelector[TEXT=company, CLASS=android.widget.TextView, PACKAGE NAME=com.pekall.emdm.launcher] <<==>> [android.view.accessibility.AccessibilityNodeInfo@195b2d; boundsInParent: Rect(0, 0 - 345, 53); boundsInScreen: Rect(20, 1111 - 365, 1164); packageName: com.pekall.emdm.launcher; className: android.widget.TextView; text: company; contentDescription: null; viewIdResName: com.pekall.emdm.launcher:id/call_company; checkable: false; checked: false; focusable: false; focused: false; selected: true; clickable: true; longClickable: false; enabled: true; password: false; scrollable: false; [ACTION_SELECT, ACTION_CLEAR_SELECTION, ACTION_CLICK, ACTION_ACCESSIBILITY_FOCUS, ACTION_NEXT_AT_MOVEMENT_GRANULARITY, ACTION_PREVIOUS_AT_MOVEMENT_GRANULARITY, ACTION_SET_SELECTION]]
05-22 11:02:43.127 D/InteractionController(16070): clickAndWaitForNewWindow(192, 1137)
05-22 11:02:43.228 D/ContactsProvider(14465): [Contacts] query 'content://emdmcontacts/contacts', segment size: 1
05-22 11:02:46.228 W/InteractionController(16070): runAndwaitForEvent timedout waiting for events
05-22 11:02:46.244 I/QueryController(16070): Matched selector: UiSelector[CLASS=android.widget.ImageView, INDEX=2] <<==>> [android.view.accessibility.AccessibilityNodeInfo@192e21; boundsInParent: Rect(0, 0 - 240, 50); boundsInScreen: Rect(480, 73 - 720, 123); packageName: com.pekall.emdm.launcher; className: android.widget.ImageView; text: null; contentDescription: null; viewIdResName: com.pekall.emdm.launcher:id/thrid; checkable: false; checked: false; focusable: false; focused: false; selected: false; clickable: true; longClickable: false; enabled: true; password: false; scrollable: false; [ACTION_SELECT, ACTION_CLEAR_SELECTION, ACTION_CLICK, ACTION_ACCESSIBILITY_FOCUS]]
05-22 11:02:46.244 D/InteractionController(16070): clickAndWaitForNewWindow(600, 98)
05-22 11:02:49.346 W/InteractionController(16070): runAndwaitForEvent timedout waiting for events
05-22 11:02:49.369 D/dalvikvm(16070): GC_CONCURRENT freed 392K, 93% free 635K/8192K, paused 0ms+1ms, total 5ms
05-22 11:02:49.447 I/QueryController(16070): Matched selector: UiSelector[TEXT=company, CLASS=android.widget.TextView, PACKAGE NAME=com.pekall.emdm.launcher] <<==>> [android.view.accessibility.AccessibilityNodeInfo@195b2d; boundsInParent: Rect(0, 0 - 345, 53); boundsInScreen: Rect(20, 1111 - 365, 1164); packageName: com.pekall.emdm.launcher; className: android.widget.TextView; text: company; contentDescription: null; viewIdResName: com.pekall.emdm.launcher:id/call_company; checkable: false; checked: false; focusable: false; focused: false; selected: true; clickable: true; longClickable: false; enabled: true; password: false; scrollable: false; [ACTION_SELECT, ACTION_CLEAR_SELECTION, ACTION_CLICK, ACTION_ACCESSIBILITY_FOCUS, ACTION_NEXT_AT_MOVEMENT_GRANULARITY, ACTION_PREVIOUS_AT_MOVEMENT_GRANULARITY, ACTION_SET_SELECTION]]
05-22 11:02:49.463 I/QueryController(16070): Matched selector: UiSelector[PACKAGE NAME=com.pekall.emdm.launcher] <<==>> [android.view.accessibility.AccessibilityNodeInfo@18f5d2; boundsInParent: Rect(0, 0 - 720, 1184); boundsInScreen: Rect(0, 0 - 720, 1184); packageName: com.pekall.emdm.launcher; className: android.widget.FrameLayout; text: null; contentDescription: null; viewIdResName: null; checkable: false; checked: false; focusable: false; focused: false; selected: false; clickable: false; longClickable: false; enabled: true; password: false; scrollable: false; [ACTION_SELECT, ACTION_CLEAR_SELECTION, ACTION_ACCESSIBILITY_FOCUS]]
05-22 11:02:49.471 D/dalvikvm(16070): GC_CONCURRENT freed 417K, 93% free 635K/8192K, paused 0ms+1ms, total 11ms
05-22 11:02:49.494 I/QueryController(16070): Matched selector: UiSelector[PACKAGE NAME=com.pekall.emdm.launcher] <<==>> [android.view.accessibility.AccessibilityNodeInfo@18f5d2; boundsInParent: Rect(0, 0 - 720, 1184); boundsInScreen: Rect(0, 0 - 720, 1184); packageName: com.pekall.emdm.launcher; className: android.widget.FrameLayout; text: null; contentDescription: null; viewIdResName: null; checkable: false; checked: false; focusable: false; focused: false; selected: false; clickable: false; longClickable: false; enabled: true; password: false; scrollable: false; [ACTION_SELECT, ACTION_CLEAR_SELECTION, ACTION_ACCESSIBILITY_FOCUS]]
05-22 11:02:49.533 I/ActivityManager(  374): No longer want com.qihoo360.mobilesafe:PcDaemon (pid 13583): empty for 1800s
05-22 11:02:49.533 I/ActivityManager(  374): START u0 {act=android.intent.action.MAIN cat=[android.intent.category.HOME] flg=0x10200000 cmp=com.pekall.emdm.launcher/.Launcher} from pid 374
05-22 11:02:49.650 D/dalvikvm(  374): GC_FOR_ALLOC freed 1598K, 24% free 22933K/30132K, paused 70ms, total 71ms
05-22 11:02:49.658 D/LauncherApplication(14465): [null:-1]->onActivityPaused
05-22 11:02:49.666 W/ActivityManager(  374): Scheduling restart of crashed service com.qihoo360.mobilesafe/.pcdaemon.service.DaemonService in 5000ms
05-22 11:02:49.674 D/LauncherApplication(14465): [null:-1]->onActivityPaused  updateTime
05-22 11:02:49.681 V/LauncherApplication(14465): onActivityStarted
05-22 11:02:49.681 D/        (14465): [---null: -1---]     awsa  onActivityResumed
05-22 11:02:49.681 V/LauncherApplication(14465): 2MdmConstant.LAST_LAUNCH_TIME = 1400727769681
05-22 11:02:49.689 D/        (14465): [---null: -1---]  activity = com.pekall.emdm.launcher.Launcher
05-22 11:02:49.689 V/DefultSetContriller(14465): isLauncherDf = com.pekall.emdm.launcher
05-22 11:02:49.697 V/DefultSetContriller(14465): isLauncherDf = com.pekall.emdm.launcher
05-22 11:02:49.697 V/DefultSetContriller(14465): isPhoneDf = com.pekall.emdm.launcher
05-22 11:02:49.697 E/LauncherApplication(14465): isShowLogoutUI = true
05-22 11:02:49.697 E/LauncherApplication(14465): LogoutShowTime 1
05-22 11:02:49.697 V/Launcher(14465): onResume1111111 
05-22 11:02:49.697 V/Launcher(14465): is login ----> 
05-22 11:02:49.697 I/System.out(14465):  
05-22 11:02:49.697 I/System.out(14465): com.pekall.emdm.launcher.Workspace.setWallpaper(Unknown Source)
05-22 11:02:49.697 I/System.out(14465): com.pekall.emdm.launcher.Launcher.onResume(Unknown Source)
05-22 11:02:49.697 I/System.out(14465): android.app.Instrumentation.callActivityOnResume(Instrumentation.java:1192)
05-22 11:02:49.705 I/System.out(14465): android.app.Activity.performResume(Activity.java:5211)
05-22 11:02:49.705 I/System.out(14465): android.app.ActivityThread.performResumeActivity(ActivityThread.java:2780)
05-22 11:02:49.705 I/System.out(14465): android.app.ActivityThread.handleResumeActivity(ActivityThread.java:2819)
05-22 11:02:49.705 I/System.out(14465): android.app.ActivityThread$H.handleMessage(ActivityThread.java:1298)
05-22 11:02:49.705 I/System.out(14465): android.os.Handler.dispatchMessage(Handler.java:99)
05-22 11:02:49.705 I/System.out(14465): android.os.Looper.loop(Looper.java:137)
05-22 11:02:49.705 I/System.out(14465): android.app.ActivityThread.main(ActivityThread.java:5103)
05-22 11:02:49.705 I/System.out(14465): java.lang.reflect.Method.invokeNative(Native Method)
05-22 11:02:49.705 I/System.out(14465): java.lang.reflect.Method.invoke(Method.java:525)
05-22 11:02:49.705 I/System.out(14465): com.android.internal.os.ZygoteInit$MethodAndArgsCaller.run(ZygoteInit.java:737)
05-22 11:02:49.705 I/System.out(14465): com.android.internal.os.ZygoteInit.main(ZygoteInit.java:553)
05-22 11:02:49.705 I/System.out(14465): dalvik.system.NativeStart.main(Native Method)
05-22 11:02:49.955 D/dalvikvm(14465): JIT unchain all for threadid=11
05-22 11:02:50.041 D/dalvikvm(14465): GC_FOR_ALLOC freed 4052K, 21% free 31969K/40040K, paused 330ms, total 330ms
05-22 11:02:50.056 I/dalvikvm-heap(14465): Grow heap (frag case) to 34.579MB for 3415696-byte allocation
05-22 11:02:50.306 D/dalvikvm(14465): JIT unchain all for threadid=11
05-22 11:02:50.385 D/dalvikvm(14465): GC_FOR_ALLOC freed 15K, 19% free 35289K/43376K, paused 322ms, total 322ms
05-22 11:02:50.400 W/SQLiteCursor(14465): Finalizing a Cursor that has not been deactivated or closed. database = /data/data/com.pekall.emdm.launcher/databases/emdm_contacts.db, table = company_calllogs, query = SELECT _id, number, date, duration, type, name, numbertype, numberlabel, company_calllogs_id, company_calllogs_department, company_id FROM company_calllogs ORDER BY date DESC
05-22 11:02:50.400 W/SQLiteCursor(14465): com.pekall.sandbox.database.sqlite.DatabaseObjectNotClosedException: Application did not close the cursor or database object that was opened here
05-22 11:02:50.400 W/SQLiteCursor(14465): 	at com.pekall.sandbox.database.sqlite.SQLiteCursor.<init>(Unknown Source)
05-22 11:02:50.400 W/SQLiteCursor(14465): 	at com.pekall.sandbox.database.sqlite.SQLiteDirectCursorDriver.query(Unknown Source)
05-22 11:02:50.400 W/SQLiteCursor(14465): 	at com.pekall.sandbox.database.sqlite.SQLiteDatabase.rawQueryWithFactory(Unknown Source)
05-22 11:02:50.400 W/SQLiteCursor(14465): 	at com.pekall.sandbox.database.sqlite.SQLiteQueryBuilder.query(Unknown Source)
05-22 11:02:50.400 W/SQLiteCursor(14465): 	at com.pekall.emdm.contacts.db.SimpleContactsProvider.query(Unknown Source)
05-22 11:02:50.400 W/SQLiteCursor(14465): 	at android.content.ContentProvider.query(ContentProvider.java:744)
05-22 11:02:50.400 W/SQLiteCursor(14465): 	at android.content.ContentProvider$Transport.query(ContentProvider.java:199)
05-22 11:02:50.400 W/SQLiteCursor(14465): 	at android.content.ContentResolver.query(ContentResolver.java:414)
05-22 11:02:50.400 W/SQLiteCursor(14465): 	at android.content.ContentResolver.query(ContentResolver.java:357)
05-22 11:02:50.400 W/SQLiteCursor(14465): 	at android.content.AsyncQueryHandler$WorkerHandler.handleMessage(AsyncQueryHandler.java:79)
05-22 11:02:50.400 W/SQLiteCursor(14465): 	at com.pekall.emdm.contacts.calllog.p.handleMessage(Unknown Source)
05-22 11:02:50.400 W/SQLiteCursor(14465): 	at android.os.Handler.dispatchMessage(Handler.java:99)
05-22 11:02:50.400 W/SQLiteCursor(14465): 	at android.os.Looper.loop(Looper.java:137)
05-22 11:02:50.400 W/SQLiteCursor(14465): 	at android.os.HandlerThread.run(HandlerThread.java:61)
05-22 11:02:50.400 W/CursorWrapperInner(14465): Cursor finalized without prior close()
05-22 11:02:50.408 W/SQLiteCursor(14465): Finalizing a Cursor that has not been deactivated or closed. database = /data/data/com.pekall.emdm.launcher/databases/emdm_contacts.db, table = contacts, query = SELECT * FROM contacts ORDER BY sort_key  asc
05-22 11:02:50.408 W/SQLiteCursor(14465): com.pekall.sandbox.database.sqlite.DatabaseObjectNotClosedException: Application did not close the cursor or database object that was opened here
05-22 11:02:50.408 W/SQLiteCursor(14465): 	at com.pekall.sandbox.database.sqlite.SQLiteCursor.<init>(Unknown Source)
05-22 11:02:50.408 W/SQLiteCursor(14465): 	at com.pekall.sandbox.database.sqlite.SQLiteDirectCursorDriver.query(Unknown Source)
05-22 11:02:50.408 W/SQLiteCursor(14465): 	at com.pekall.sandbox.database.sqlite.SQLiteDatabase.rawQueryWithFactory(Unknown Source)
05-22 11:02:50.408 W/SQLiteCursor(14465): 	at com.pekall.sandbox.database.sqlite.SQLiteQueryBuilder.query(Unknown Source)
05-22 11:02:50.408 W/SQLiteCursor(14465): 	at com.pekall.emdm.contacts.db.SimpleContactsProvider.query(Unknown Source)
05-22 11:02:50.408 W/SQLiteCursor(14465): 	at android.content.ContentProvider.query(ContentProvider.java:744)
05-22 11:02:50.408 W/SQLiteCursor(14465): 	at android.content.ContentProvider$Transport.query(ContentProvider.java:199)
05-22 11:02:50.408 W/SQLiteCursor(14465): 	at android.content.ContentResolver.query(ContentResolver.java:414)
05-22 11:02:50.408 W/SQLiteCursor(14465): 	at android.content.ContentResolver.query(ContentResolver.java:357)
05-22 11:02:50.408 W/SQLiteCursor(14465): 	at com.pekall.emdm.contacts.ui.DefaultContactBrowseListFragment.d(Unknown Source)
05-22 11:02:50.408 W/SQLiteCursor(14465): 	at com.pekall.emdm.contacts.ui.DefaultContactBrowseListFragment.onClick(Unknown Source)
05-22 11:02:50.408 W/SQLiteCursor(14465): 	at android.view.View.performClick(View.java:4240)
05-22 11:02:50.408 W/SQLiteCursor(14465): 	at android.view.View$PerformClick.run(View.java:17721)
05-22 11:02:50.408 W/SQLiteCursor(14465): 	at android.os.Handler.handleCallback(Handler.java:730)
05-22 11:02:50.408 W/SQLiteCursor(14465): 	at android.os.Handler.dispatchMessage(Handler.java:92)
05-22 11:02:50.408 W/SQLiteCursor(14465): 	at android.os.Looper.loop(Looper.java:137)
05-22 11:02:50.408 W/SQLiteCursor(14465): 	at android.app.ActivityThread.main(ActivityThread.java:5103)
05-22 11:02:50.408 W/SQLiteCursor(14465): 	at java.lang.reflect.Method.invokeNative(Native Method)
05-22 11:02:50.408 W/SQLiteCursor(14465): 	at java.lang.reflect.Method.invoke(Method.java:525)
05-22 11:02:50.408 W/SQLiteCursor(14465): 	at com.android.internal.os.ZygoteInit$MethodAndArgsCaller.run(ZygoteInit.java:737)
05-22 11:02:50.408 W/SQLiteCursor(14465): 	at com.android.internal.os.ZygoteInit.main(ZygoteInit.java:553)
05-22 11:02:50.408 W/SQLiteCursor(14465): 	at dalvik.system.NativeStart.main(Native Method)
05-22 11:02:50.416 W/CursorWrapperInner(14465): Cursor finalized without prior close()
05-22 11:02:50.424 W/CursorWrapperInner(14465): Cursor finalized without prior close()
05-22 11:02:50.424 W/SQLiteCursor(14465): Finalizing a Cursor that has not been deactivated or closed. database = /data/data/com.pekall.emdm.launcher/databases/emdm_contacts.db, table = frequently_contacts, query = SELECT _id, company_id, number, date, name FROM frequently_contacts ORDER BY date DESC
05-22 11:02:50.424 W/SQLiteCursor(14465): com.pekall.sandbox.database.sqlite.DatabaseObjectNotClosedException: Application did not close the cursor or database object that was opened here
05-22 11:02:50.424 W/SQLiteCursor(14465): 	at com.pekall.sandbox.database.sqlite.SQLiteCursor.<init>(Unknown Source)
05-22 11:02:50.424 W/SQLiteCursor(14465): 	at com.pekall.sandbox.database.sqlite.SQLiteDirectCursorDriver.query(Unknown Source)
05-22 11:02:50.424 W/SQLiteCursor(14465): 	at com.pekall.sandbox.database.sqlite.SQLiteDatabase.rawQueryWithFactory(Unknown Source)
05-22 11:02:50.424 W/SQLiteCursor(14465): 	at com.pekall.sandbox.database.sqlite.SQLiteQueryBuilder.query(Unknown Source)
05-22 11:02:50.424 W/SQLiteCursor(14465): 	at com.pekall.emdm.contacts.db.SimpleContactsProvider.query(Unknown Source)
05-22 11:02:50.424 W/SQLiteCursor(14465): 	at android.content.ContentProvider.query(ContentProvider.java:744)
05-22 11:02:50.424 W/SQLiteCursor(14465): 	at android.content.ContentProvider$Transport.query(ContentProvider.java:199)
05-22 11:02:50.424 W/SQLiteCursor(14465): 	at android.content.ContentResolver.query(ContentResolver.java:414)
05-22 11:02:50.424 W/SQLiteCursor(14465): 	at android.content.ContentResolver.query(ContentResolver.java:357)
05-22 11:02:50.424 W/SQLiteCursor(14465): 	at com.pekall.emdm.contacts.ui.n.a(Unknown Source)
05-22 11:02:50.424 W/SQLiteCursor(14465): 	at com.pekall.emdm.contacts.ui.n.doInBackground(Unknown Source)
05-22 11:02:50.424 W/SQLiteCursor(14465): 	at android.os.AsyncTask$2.call(AsyncTask.java:287)
05-22 11:02:50.424 W/SQLiteCursor(14465): 	at java.util.concurrent.FutureTask.run(FutureTask.java:234)
05-22 11:02:50.424 W/SQLiteCursor(14465): 	at android.os.AsyncTask$SerialExecutor$1.run(AsyncTask.java:230)
05-22 11:02:50.424 W/SQLiteCursor(14465): 	at java.util.concurrent.ThreadPoolExecutor.runWorker(ThreadPoolExecutor.java:1080)
05-22 11:02:50.424 W/SQLiteCursor(14465): 	at java.util.concurrent.ThreadPoolExecutor$Worker.run(ThreadPoolExecutor.java:573)
05-22 11:02:50.424 W/SQLiteCursor(14465): 	at java.lang.Thread.run(Thread.java:841)
05-22 11:02:50.424 W/CursorWrapperInner(14465): Cursor finalized without prior close()
05-22 11:02:50.525 I/Choreographer(14465): Skipped 49 frames!  The application may be doing too much work on its main thread.
05-22 11:02:50.658 W/InteractionController(16070): runAndwaitForEvent timedout waiting for events
05-22 11:02:50.978 D/DefaultContactBrowseListFragment(14465): onDestroyView==============
05-22 11:02:50.986 D/AssistantCallLogFragment(14465): [---null: -1---]onDestroyView==============
05-22 11:02:52.728 I/QueryController(16070): Matched selector: UiSelector[TEXT=Personal Mode, CLASS=android.widget.TextView, PACKAGE NAME=com.pekall.emdm.launcher] <<==>> [android.view.accessibility.AccessibilityNodeInfo@3bdab; boundsInParent: Rect(0, 0 - 160, 200); boundsInScreen: Rect(190, 608 - 350, 808); packageName: com.pekall.emdm.launcher; className: android.widget.TextView; text: Personal Mode; contentDescription: null; viewIdResName: null; checkable: false; checked: false; focusable: false; focused: false; selected: false; clickable: true; longClickable: true; enabled: true; password: false; scrollable: false; [ACTION_SELECT, ACTION_CLEAR_SELECTION, ACTION_CLICK, ACTION_LONG_CLICK, ACTION_ACCESSIBILITY_FOCUS, ACTION_NEXT_AT_MOVEMENT_GRANULARITY, ACTION_PREVIOUS_AT_MOVEMENT_GRANULARITY, ACTION_SET_SELECTION]]
05-22 11:02:52.736 I/QueryController(16070): Matched selector: UiSelector[TEXT=EmdmContacts, CLASS=android.widget.TextView, PACKAGE NAME=com.pekall.emdm.launcher] <<==>> [android.view.accessibility.AccessibilityNodeInfo@3c52d; boundsInParent: Rect(0, 0 - 160, 200); boundsInScreen: Rect(550, 608 - 710, 808); packageName: com.pekall.emdm.launcher; className: android.widget.TextView; text: EmdmContacts; contentDescription: null; viewIdResName: null; checkable: false; checked: false; focusable: false; focused: false; selected: false; clickable: true; longClickable: true; enabled: true; password: false; scrollable: false; [ACTION_SELECT, ACTION_CLEAR_SELECTION, ACTION_CLICK, ACTION_LONG_CLICK, ACTION_ACCESSIBILITY_FOCUS, ACTION_NEXT_AT_MOVEMENT_GRANULARITY, ACTION_PREVIOUS_AT_MOVEMENT_GRANULARITY, ACTION_SET_SELECTION]]
05-22 11:02:52.744 I/QueryController(16070): Matched selector: UiSelector[TEXT=EmdmContacts, CLASS=android.widget.TextView, PACKAGE NAME=com.pekall.emdm.launcher] <<==>> [android.view.accessibility.AccessibilityNodeInfo@3c52d; boundsInParent: Rect(0, 0 - 160, 200); boundsInScreen: Rect(550, 608 - 710, 808); packageName: com.pekall.emdm.launcher; className: android.widget.TextView; text: EmdmContacts; contentDescription: null; viewIdResName: null; checkable: false; checked: false; focusable: false; focused: false; selected: false; clickable: true; longClickable: true; enabled: true; password: false; scrollable: false; [ACTION_SELECT, ACTION_CLEAR_SELECTION, ACTION_CLICK, ACTION_LONG_CLICK, ACTION_ACCESSIBILITY_FOCUS, ACTION_NEXT_AT_MOVEMENT_GRANULARITY, ACTION_PREVIOUS_AT_MOVEMENT_GRANULARITY, ACTION_SET_SELECTION]]
05-22 11:02:52.752 D/dalvikvm(16070): GC_CONCURRENT freed 460K, 93% free 616K/8192K, paused 1ms+2ms, total 7ms
05-22 11:02:52.760 I/QueryController(16070): Matched selector: UiSelector[TEXT=EmdmContacts, CLASS=android.widget.TextView, PACKAGE NAME=com.pekall.emdm.launcher] <<==>> [android.view.accessibility.AccessibilityNodeInfo@3c52d; boundsInParent: Rect(0, 0 - 160, 200); boundsInScreen: Rect(550, 608 - 710, 808); packageName: com.pekall.emdm.launcher; className: android.widget.TextView; text: EmdmContacts; contentDescription: null; viewIdResName: null; checkable: false; checked: false; focusable: false; focused: false; selected: false; clickable: true; longClickable: true; enabled: true; password: false; scrollable: false; [ACTION_SELECT, ACTION_CLEAR_SELECTION, ACTION_CLICK, ACTION_LONG_CLICK, ACTION_ACCESSIBILITY_FOCUS, ACTION_NEXT_AT_MOVEMENT_GRANULARITY, ACTION_PREVIOUS_AT_MOVEMENT_GRANULARITY, ACTION_SET_SELECTION]]
05-22 11:02:52.760 D/UiObject(16070): getText() = EmdmContacts
05-22 11:02:52.767 I/QueryController(16070): Matched selector: UiSelector[TEXT=EmdmContacts, CLASS=android.widget.TextView, PACKAGE NAME=com.pekall.emdm.launcher] <<==>> [android.view.accessibility.AccessibilityNodeInfo@3c52d; boundsInParent: Rect(0, 0 - 160, 200); boundsInScreen: Rect(550, 608 - 710, 808); packageName: com.pekall.emdm.launcher; className: android.widget.TextView; text: EmdmContacts; contentDescription: null; viewIdResName: null; checkable: false; checked: false; focusable: false; focused: false; selected: false; clickable: true; longClickable: true; enabled: true; password: false; scrollable: false; [ACTION_SELECT, ACTION_CLEAR_SELECTION, ACTION_CLICK, ACTION_LONG_CLICK, ACTION_ACCESSIBILITY_FOCUS, ACTION_NEXT_AT_MOVEMENT_GRANULARITY, ACTION_PREVIOUS_AT_MOVEMENT_GRANULARITY, ACTION_SET_SELECTION]]
05-22 11:02:52.783 I/QueryController(16070): Matched selector: UiSelector[TEXT=EmdmContacts, CLASS=android.widget.TextView, PACKAGE NAME=com.pekall.emdm.launcher] <<==>> [android.view.accessibility.AccessibilityNodeInfo@3c52d; boundsInParent: Rect(0, 0 - 160, 200); boundsInScreen: Rect(550, 608 - 710, 808); packageName: com.pekall.emdm.launcher; className: android.widget.TextView; text: EmdmContacts; contentDescription: null; viewIdResName: null; checkable: false; checked: false; focusable: false; focused: false; selected: false; clickable: true; longClickable: true; enabled: true; password: false; scrollable: false; [ACTION_SELECT, ACTION_CLEAR_SELECTION, ACTION_CLICK, ACTION_LONG_CLICK, ACTION_ACCESSIBILITY_FOCUS, ACTION_NEXT_AT_MOVEMENT_GRANULARITY, ACTION_PREVIOUS_AT_MOVEMENT_GRANULARITY, ACTION_SET_SELECTION]]
05-22 11:02:52.783 D/InteractionController(16070): clickAndWaitForNewWindow(630, 708)
05-22 11:02:52.900 W/Parcel  ( 1661): Attempt to read object from Parcel 0x5ef3bdac at offset 200 that is not in the object list
05-22 11:02:52.900 I/ActivityManager(  374): START u0 {flg=0x10000000 cmp=com.pekall.emdm.launcher/com.pekall.emdm.contacts.activities.PeopleActivity} from pid 14465
05-22 11:02:53.017 D/dalvikvm(  374): GC_FOR_ALLOC freed 1578K, 24% free 22923K/30132K, paused 70ms, total 71ms
05-22 11:02:53.025 D/LauncherApplication(14465): [null:-1]->onActivityPaused
05-22 11:02:53.033 D/LauncherApplication(14465): [null:-1]->onActivityPaused  updateTime
05-22 11:02:53.049 W/Parcel  ( 1661): Attempt to read object from Parcel 0x6003bdac at offset 200 that is not in the object list
05-22 11:02:53.049 I/ActivityManager(  374): START u0 {cmp=com.pekall.emdm.launcher/com.pekall.emdm.contacts.activities.DialtactsActivity (has extras)} from pid 14465
05-22 11:02:53.072 V/LauncherApplication(14465): onActivityStarted
05-22 11:02:53.080 D/        (14465): [---null: -1---]     awsa  onActivityResumed
05-22 11:02:53.080 V/LauncherApplication(14465): 2MdmConstant.LAST_LAUNCH_TIME = 1400727773038
05-22 11:02:53.088 D/        (14465): [---null: -1---]  activity = com.pekall.emdm.contacts.activities.DialtactsActivity
05-22 11:02:53.088 V/DefultSetContriller(14465): isLauncherDf = com.pekall.emdm.launcher
05-22 11:02:53.088 V/DefultSetContriller(14465): isPhoneDf = com.pekall.emdm.launcher
05-22 11:02:53.096 E/LauncherApplication(14465): isShowLogoutUI = true
05-22 11:02:53.096 E/LauncherApplication(14465): LogoutShowTime 1
05-22 11:02:53.119 D/ContactsProvider(14465): [Contacts] query 'content://emdmcontacts/contacts', segment size: 1
05-22 11:02:53.135 I/ContactPhotoManager(14465): Cache adj: 0.5
05-22 11:02:53.135 E/ContactPhotoManager(14465): No contact photo service in context: com.pekall.emdm.launcher.LauncherApplication@42288278
05-22 11:02:53.189 V/PhoneStatusBar(  448): setLightsOn(true)
05-22 11:02:53.244 D/ContactsProvider(14465): [Contacts] query 'content://emdmcontacts/company_calllogs', segment size: 1
05-22 11:02:53.260 D/ContactsProvider(14465): [Contacts] query 'content://emdmcontacts/frequently_contacts', segment size: 1
05-22 11:02:53.306 D/ContactsProvider(14465): [Contacts] query 'content://emdmcontacts/contacts', segment size: 1
05-22 11:02:53.306 I/ActivityManager(  374): Displayed com.pekall.emdm.launcher/com.pekall.emdm.contacts.activities.DialtactsActivity: +251ms (total +271ms)
05-22 11:02:53.947 I/QueryController(16070): Matched selector: UiSelector[TEXT=company, CLASS=android.widget.TextView, PACKAGE NAME=com.pekall.emdm.launcher] <<==>> [android.view.accessibility.AccessibilityNodeInfo@1a787a; boundsInParent: Rect(0, 0 - 345, 53); boundsInScreen: Rect(20, 1111 - 365, 1164); packageName: com.pekall.emdm.launcher; className: android.widget.TextView; text: company; contentDescription: null; viewIdResName: com.pekall.emdm.launcher:id/call_company; checkable: false; checked: false; focusable: false; focused: false; selected: true; clickable: true; longClickable: false; enabled: true; password: false; scrollable: false; [ACTION_SELECT, ACTION_CLEAR_SELECTION, ACTION_CLICK, ACTION_ACCESSIBILITY_FOCUS, ACTION_NEXT_AT_MOVEMENT_GRANULARITY, ACTION_PREVIOUS_AT_MOVEMENT_GRANULARITY, ACTION_SET_SELECTION]]
05-22 11:02:53.971 I/QueryController(16070): Matched selector: UiSelector[TEXT=company, CLASS=android.widget.TextView, PACKAGE NAME=com.pekall.emdm.launcher] <<==>> [android.view.accessibility.AccessibilityNodeInfo@1a787a; boundsInParent: Rect(0, 0 - 345, 53); boundsInScreen: Rect(20, 1111 - 365, 1164); packageName: com.pekall.emdm.launcher; className: android.widget.TextView; text: company; contentDescription: null; viewIdResName: com.pekall.emdm.launcher:id/call_company; checkable: false; checked: false; focusable: false; focused: false; selected: true; clickable: true; longClickable: false; enabled: true; password: false; scrollable: false; [ACTION_SELECT, ACTION_CLEAR_SELECTION, ACTION_CLICK, ACTION_ACCESSIBILITY_FOCUS, ACTION_NEXT_AT_MOVEMENT_GRANULARITY, ACTION_PREVIOUS_AT_MOVEMENT_GRANULARITY, ACTION_SET_SELECTION]]
05-22 11:02:53.971 D/UiObject(16070): getText() = company
05-22 11:02:53.986 I/QueryController(16070): Matched selector: UiSelector[TEXT=company, CLASS=android.widget.TextView, PACKAGE NAME=com.pekall.emdm.launcher] <<==>> [android.view.accessibility.AccessibilityNodeInfo@1a787a; boundsInParent: Rect(0, 0 - 345, 53); boundsInScreen: Rect(20, 1111 - 365, 1164); packageName: com.pekall.emdm.launcher; className: android.widget.TextView; text: company; contentDescription: null; viewIdResName: com.pekall.emdm.launcher:id/call_company; checkable: false; checked: false; focusable: false; focused: false; selected: true; clickable: true; longClickable: false; enabled: true; password: false; scrollable: false; [ACTION_SELECT, ACTION_CLEAR_SELECTION, ACTION_CLICK, ACTION_ACCESSIBILITY_FOCUS, ACTION_NEXT_AT_MOVEMENT_GRANULARITY, ACTION_PREVIOUS_AT_MOVEMENT_GRANULARITY, ACTION_SET_SELECTION]]
05-22 11:02:54.002 D/dalvikvm(16070): GC_CONCURRENT freed 396K, 79% free 635K/2956K, paused 0ms+1ms, total 11ms
05-22 11:02:54.017 I/QueryController(16070): Matched selector: UiSelector[TEXT=company, CLASS=android.widget.TextView, PACKAGE NAME=com.pekall.emdm.launcher] <<==>> [android.view.accessibility.AccessibilityNodeInfo@1a787a; boundsInParent: Rect(0, 0 - 345, 53); boundsInScreen: Rect(20, 1111 - 365, 1164); packageName: com.pekall.emdm.launcher; className: android.widget.TextView; text: company; contentDescription: null; viewIdResName: com.pekall.emdm.launcher:id/call_company; checkable: false; checked: false; focusable: false; focused: false; selected: true; clickable: true; longClickable: false; enabled: true; password: false; scrollable: false; [ACTION_SELECT, ACTION_CLEAR_SELECTION, ACTION_CLICK, ACTION_ACCESSIBILITY_FOCUS, ACTION_NEXT_AT_MOVEMENT_GRANULARITY, ACTION_PREVIOUS_AT_MOVEMENT_GRANULARITY, ACTION_SET_SELECTION]]
05-22 11:02:54.017 D/InteractionController(16070): clickAndWaitForNewWindow(192, 1137)
05-22 11:02:54.119 D/ContactsProvider(14465): [Contacts] query 'content://emdmcontacts/contacts', segment size: 1
05-22 11:02:54.674 I/ActivityManager(  374): Start proc com.qihoo360.mobilesafe:PcDaemon for service com.qihoo360.mobilesafe/.pcdaemon.service.DaemonService: pid=16133 uid=10069 gids={50069, 3003, 1015, 3001, 3002, 1006, 1028}
05-22 11:02:54.681 I/dalvikvm(16133): Turning on JNI app bug workarounds for target SDK version 8...
05-22 11:02:57.119 W/InteractionController(16070): runAndwaitForEvent timedout waiting for events
05-22 11:02:57.135 I/QueryController(16070): Matched selector: UiSelector[CLASS=android.widget.ImageView, INDEX=2] <<==>> [android.view.accessibility.AccessibilityNodeInfo@19fc99; boundsInParent: Rect(0, 0 - 240, 50); boundsInScreen: Rect(480, 73 - 720, 123); packageName: com.pekall.emdm.launcher; className: android.widget.ImageView; text: null; contentDescription: null; viewIdResName: com.pekall.emdm.launcher:id/thrid; checkable: false; checked: false; focusable: false; focused: false; selected: false; clickable: true; longClickable: false; enabled: true; password: false; scrollable: false; [ACTION_SELECT, ACTION_CLEAR_SELECTION, ACTION_CLICK, ACTION_ACCESSIBILITY_FOCUS]]
05-22 11:02:57.135 D/InteractionController(16070): clickAndWaitForNewWindow(600, 98)
05-22 11:03:00.244 W/InteractionController(16070): runAndwaitForEvent timedout waiting for events
05-22 11:03:00.299 D/dalvikvm(16070): GC_CONCURRENT freed 426K, 79% free 634K/2956K, paused 0ms+0ms, total 5ms
05-22 11:03:00.330 I/QueryController(16070): Matched selector: UiSelector[TEXT=company, CLASS=android.widget.TextView, PACKAGE NAME=com.pekall.emdm.launcher] <<==>> [android.view.accessibility.AccessibilityNodeInfo@1a787a; boundsInParent: Rect(0, 0 - 345, 53); boundsInScreen: Rect(20, 1111 - 365, 1164); packageName: com.pekall.emdm.launcher; className: android.widget.TextView; text: company; contentDescription: null; viewIdResName: com.pekall.emdm.launcher:id/call_company; checkable: false; checked: false; focusable: false; focused: false; selected: true; clickable: true; longClickable: false; enabled: true; password: false; scrollable: false; [ACTION_SELECT, ACTION_CLEAR_SELECTION, ACTION_CLICK, ACTION_ACCESSIBILITY_FOCUS, ACTION_NEXT_AT_MOVEMENT_GRANULARITY, ACTION_PREVIOUS_AT_MOVEMENT_GRANULARITY, ACTION_SET_SELECTION]]
05-22 11:03:00.353 I/QueryController(16070): Matched selector: UiSelector[PACKAGE NAME=com.pekall.emdm.launcher] <<==>> [android.view.accessibility.AccessibilityNodeInfo@19c44a; boundsInParent: Rect(0, 0 - 720, 1184); boundsInScreen: Rect(0, 0 - 720, 1184); packageName: com.pekall.emdm.launcher; className: android.widget.FrameLayout; text: null; contentDescription: null; viewIdResName: null; checkable: false; checked: false; focusable: false; focused: false; selected: false; clickable: false; longClickable: false; enabled: true; password: false; scrollable: false; [ACTION_SELECT, ACTION_CLEAR_SELECTION, ACTION_ACCESSIBILITY_FOCUS]]
05-22 11:03:00.377 I/QueryController(16070): Matched selector: UiSelector[PACKAGE NAME=com.pekall.emdm.launcher] <<==>> [android.view.accessibility.AccessibilityNodeInfo@19c44a; boundsInParent: Rect(0, 0 - 720, 1184); boundsInScreen: Rect(0, 0 - 720, 1184); packageName: com.pekall.emdm.launcher; className: android.widget.FrameLayout; text: null; contentDescription: null; viewIdResName: null; checkable: false; checked: false; focusable: false; focused: false; selected: false; clickable: false; longClickable: false; enabled: true; password: false; scrollable: false; [ACTION_SELECT, ACTION_CLEAR_SELECTION, ACTION_ACCESSIBILITY_FOCUS]]
05-22 11:03:00.400 D/dalvikvm(16070): GC_CONCURRENT freed 418K, 79% free 634K/2956K, paused 1ms+2ms, total 6ms
05-22 11:03:00.416 I/ActivityManager(  374): START u0 {act=android.intent.action.MAIN cat=[android.intent.category.HOME] flg=0x10200000 cmp=com.pekall.emdm.launcher/.Launcher} from pid 374
05-22 11:03:00.463 D/LauncherApplication(14465): [null:-1]->onActivityPaused
05-22 11:03:00.471 D/LauncherApplication(14465): [null:-1]->onActivityPaused  updateTime
05-22 11:03:00.478 V/LauncherApplication(14465): onActivityStarted
05-22 11:03:00.478 D/        (14465): [---null: -1---]     awsa  onActivityResumed
05-22 11:03:00.478 V/LauncherApplication(14465): 2MdmConstant.LAST_LAUNCH_TIME = 1400727780478
05-22 11:03:00.486 D/        (14465): [---null: -1---]  activity = com.pekall.emdm.launcher.Launcher
05-22 11:03:00.486 V/DefultSetContriller(14465): isLauncherDf = com.pekall.emdm.launcher
05-22 11:03:00.494 V/DefultSetContriller(14465): isLauncherDf = com.pekall.emdm.launcher
05-22 11:03:00.494 V/DefultSetContriller(14465): isPhoneDf = com.pekall.emdm.launcher
05-22 11:03:00.494 E/LauncherApplication(14465): isShowLogoutUI = true
05-22 11:03:00.494 E/LauncherApplication(14465): LogoutShowTime 1
05-22 11:03:00.494 V/Launcher(14465): onResume1111111 
05-22 11:03:00.494 V/Launcher(14465): is login ----> 
05-22 11:03:00.502 I/System.out(14465):  
05-22 11:03:00.502 I/System.out(14465): com.pekall.emdm.launcher.Workspace.setWallpaper(Unknown Source)
05-22 11:03:00.502 I/System.out(14465): com.pekall.emdm.launcher.Launcher.onResume(Unknown Source)
05-22 11:03:00.502 I/System.out(14465): android.app.Instrumentation.callActivityOnResume(Instrumentation.java:1192)
05-22 11:03:00.502 I/System.out(14465): android.app.Activity.performResume(Activity.java:5211)
05-22 11:03:00.502 I/System.out(14465): android.app.ActivityThread.performResumeActivity(ActivityThread.java:2780)
