05-22 10:45:55.799 D/LauncherApplication(14465): [null:-1]->onActivityPaused
05-22 10:45:55.806 V/a       (14465): Task getDeviceId completed; disconnecting
05-22 10:45:55.822 V/a       (14465): Connection test succeeded in 1339ms
05-22 10:45:55.822 V/a       (14465): Task test completed; disconnecting
05-22 10:45:55.830 V/a       (14465): Wait for getDeviceId finished in 1258ms
05-22 10:45:55.838 D/ExchangeService(14465): Received deviceId from Email app: androidc2130646576
05-22 10:45:55.838 D/ExchangeService(14465): Reconciling accounts...
05-22 10:45:55.846 V/a       (14465): Bind requested for task reconcileAccounts
05-22 10:45:55.853 W/Parcel  ( 1661): Attempt to read object from Parcel 0x5ec3bdac at offset 200 that is not in the object list
05-22 10:45:55.853 V/l       (14465): Bind requested for task setLogging
05-22 10:45:55.853 V/a       (14465): Waiting for task reconcileAccounts to complete...
05-22 10:45:55.861 V/LauncherApplication(14465): onActivityStarted
05-22 10:45:55.861 D/        (14465): [---null: -1---]     awsa  onActivityResumed
05-22 10:45:55.861 V/LauncherApplication(14465): 2MdmConstant.LAST_LAUNCH_TIME = 1400726753478
05-22 10:45:55.877 D/        (14465): [---null: -1---]  activity = com.pekall.emdm.ui.AdvActivity
05-22 10:45:55.885 D/ExchangeService(14465): !!! EAS ExchangeService, onStartCommand, startingUp = true, running = false
05-22 10:45:55.885 V/l       (14465): Connected: com.pekall.exchange.ExchangeService
05-22 10:45:55.885 V/l       (14465): Task setLogging completed; disconnecting
05-22 10:45:56.236 D/dalvikvm(14465): JIT unchain all for threadid=11
05-22 10:45:56.267 D/dalvikvm(14465): GC_FOR_ALLOC freed 686K, 7% free 25141K/26948K, paused 279ms, total 279ms
05-22 10:45:56.494 V/a       (14465): Connected: com.pekall.semail.service.AccountServiceInternal
05-22 10:45:56.517 V/a       (14465): Task reconcileAccounts completed; disconnecting
05-22 10:45:56.517 V/a       (14465): Wait for reconcileAccounts finished in 661ms
05-22 10:45:56.572 D/ExchangeService(14465): !!! EAS ExchangeService, stopping self
05-22 10:45:56.603 I/ActivityManager(  374): Displayed com.pekall.emdm.launcher/com.pekall.emdm.ui.AdvActivity: +792ms
05-22 10:45:56.603 D/ExchangeService(14465): !!! EAS ExchangeService, onDestroy
05-22 10:45:57.142 I/QueryController(14411): Matched selector: UiSelector[PACKAGE NAME=com.pekall.emdm.launcher] <<==>> [android.view.accessibility.AccessibilityNodeInfo@83b4; boundsInParent: Rect(0, 0 - 720, 1184); boundsInScreen: Rect(0, 0 - 720, 1184); packageName: com.pekall.emdm.launcher; className: android.widget.FrameLayout; text: null; contentDescription: null; viewIdResName: null; checkable: false; checked: false; focusable: false; focused: false; selected: false; clickable: false; longClickable: false; enabled: true; password: false; scrollable: false; [ACTION_SELECT, ACTION_CLEAR_SELECTION, ACTION_ACCESSIBILITY_FOCUS]]
05-22 10:45:57.150 I/QueryController(14411): Matched selector: UiSelector[RESOURCE_ID=com.pekall.emdm.launcher:id/circle_indicator] <<==>> [android.view.accessibility.AccessibilityNodeInfo@9679; boundsInParent: Rect(0, 0 - 720, 21); boundsInScreen: Rect(0, 1123 - 720, 1144); packageName: com.pekall.emdm.launcher; className: android.view.View; text: null; contentDescription: null; viewIdResName: com.pekall.emdm.launcher:id/circle_indicator; checkable: false; checked: false; focusable: false; focused: false; selected: false; clickable: false; longClickable: false; enabled: true; password: false; scrollable: false; [ACTION_SELECT, ACTION_CLEAR_SELECTION, ACTION_ACCESSIBILITY_FOCUS]]
05-22 10:45:58.010 D/dalvikvm(14465): JIT unchain all for threadid=11
05-22 10:45:58.041 D/dalvikvm(14465): GC_FOR_ALLOC freed 44K, 7% free 27237K/29028K, paused 278ms, total 278ms
05-22 10:46:00.689 I/QueryController(14411): Matched selector: UiSelector[TEXT=Start] <<==>> [android.view.accessibility.AccessibilityNodeInfo@b842; boundsInParent: Rect(0, 0 - 400, 96); boundsInScreen: Rect(160, 997 - 560, 1093); packageName: com.pekall.emdm.launcher; className: android.widget.Button; text: Start; contentDescription: null; viewIdResName: com.pekall.emdm.launcher:id/start; checkable: false; checked: false; focusable: true; focused: false; selected: false; clickable: true; longClickable: false; enabled: true; password: false; scrollable: false; [ACTION_FOCUS, ACTION_SELECT, ACTION_CLEAR_SELECTION, ACTION_CLICK, ACTION_ACCESSIBILITY_FOCUS, ACTION_NEXT_AT_MOVEMENT_GRANULARITY, ACTION_PREVIOUS_AT_MOVEMENT_GRANULARITY, ACTION_SET_SELECTION]]
05-22 10:46:00.713 I/QueryController(14411): Matched selector: UiSelector[TEXT=Start, CLASS=android.widget.Button] <<==>> [android.view.accessibility.AccessibilityNodeInfo@b842; boundsInParent: Rect(0, 0 - 400, 96); boundsInScreen: Rect(160, 997 - 560, 1093); packageName: com.pekall.emdm.launcher; className: android.widget.Button; text: Start; contentDescription: null; viewIdResName: com.pekall.emdm.launcher:id/start; checkable: false; checked: false; focusable: true; focused: false; selected: false; clickable: true; longClickable: false; enabled: true; password: false; scrollable: false; [ACTION_FOCUS, ACTION_SELECT, ACTION_CLEAR_SELECTION, ACTION_CLICK, ACTION_ACCESSIBILITY_FOCUS, ACTION_NEXT_AT_MOVEMENT_GRANULARITY, ACTION_PREVIOUS_AT_MOVEMENT_GRANULARITY, ACTION_SET_SELECTION]]
05-22 10:46:00.744 D/dalvikvm(14411): GC_FOR_ALLOC freed 7577K, 93% free 613K/8192K, paused 26ms, total 26ms
05-22 10:46:00.744 I/QueryController(14411): Matched selector: UiSelector[TEXT=Start, CLASS=android.widget.Button] <<==>> [android.view.accessibility.AccessibilityNodeInfo@b842; boundsInParent: Rect(0, 0 - 400, 96); boundsInScreen: Rect(160, 997 - 560, 1093); packageName: com.pekall.emdm.launcher; className: android.widget.Button; text: Start; contentDescription: null; viewIdResName: com.pekall.emdm.launcher:id/start; checkable: false; checked: false; focusable: true; focused: false; selected: false; clickable: true; longClickable: false; enabled: true; password: false; scrollable: false; [ACTION_FOCUS, ACTION_SELECT, ACTION_CLEAR_SELECTION, ACTION_CLICK, ACTION_ACCESSIBILITY_FOCUS, ACTION_NEXT_AT_MOVEMENT_GRANULARITY, ACTION_PREVIOUS_AT_MOVEMENT_GRANULARITY, ACTION_SET_SELECTION]]
05-22 10:46:00.744 D/InteractionController(14411): clickAndWaitForNewWindow(360, 1045)
05-22 10:46:00.853 W/Parcel  ( 1661): Attempt to read object from Parcel 0x6013bdac at offset 200 that is not in the object list
05-22 10:46:00.853 I/ActivityManager(  374): START u0 {cmp=com.pekall.emdm.launcher/com.pekall.emdm.ui.ActiveDeviceAdminActivity} from pid 14465
05-22 10:46:00.924 D/LauncherApplication(14465): [null:-1]->onActivityPaused
05-22 10:46:01.205 D/dalvikvm(14465): JIT unchain all for threadid=11
05-22 10:46:01.236 D/dalvikvm(14465): GC_FOR_ALLOC freed 4923K, 20% free 26667K/33312K, paused 283ms, total 285ms
05-22 10:46:01.260 V/LauncherApplication(14465): onActivityStarted
05-22 10:46:01.260 D/        (14465): [---null: -1---]     awsa  onActivityResumed
05-22 10:46:01.260 V/LauncherApplication(14465): 2MdmConstant.LAST_LAUNCH_TIME = 1400726753478
05-22 10:46:01.275 D/        (14465): [---null: -1---]  activity = com.pekall.emdm.ui.ActiveDeviceAdminActivity
05-22 10:46:01.369 I/ActivityManager(  374): Displayed com.pekall.emdm.launcher/com.pekall.emdm.ui.ActiveDeviceAdminActivity: +436ms
05-22 10:46:01.916 I/QueryController(14411): Matched selector: UiSelector[TEXT=Active, CLASS=android.widget.Button] <<==>> [android.view.accessibility.AccessibilityNodeInfo@cec9; boundsInParent: Rect(0, 0 - 660, 79); boundsInScreen: Rect(30, 502 - 690, 581); packageName: com.pekall.emdm.launcher; className: android.widget.Button; text: Active; contentDescription: null; viewIdResName: com.pekall.emdm.launcher:id/active_device_admin_button; checkable: false; checked: false; focusable: true; focused: false; selected: false; clickable: true; longClickable: false; enabled: true; password: false; scrollable: false; [ACTION_FOCUS, ACTION_SELECT, ACTION_CLEAR_SELECTION, ACTION_CLICK, ACTION_ACCESSIBILITY_FOCUS, ACTION_NEXT_AT_MOVEMENT_GRANULARITY, ACTION_PREVIOUS_AT_MOVEMENT_GRANULARITY, ACTION_SET_SELECTION]]
05-22 10:46:01.963 I/QueryController(14411): Matched selector: UiSelector[TEXT=Active, CLASS=android.widget.Button] <<==>> [android.view.accessibility.AccessibilityNodeInfo@cec9; boundsInParent: Rect(0, 0 - 660, 79); boundsInScreen: Rect(30, 502 - 690, 581); packageName: com.pekall.emdm.launcher; className: android.widget.Button; text: Active; contentDescription: null; viewIdResName: com.pekall.emdm.launcher:id/active_device_admin_button; checkable: false; checked: false; focusable: true; focused: false; selected: false; clickable: true; longClickable: false; enabled: true; password: false; scrollable: false; [ACTION_FOCUS, ACTION_SELECT, ACTION_CLEAR_SELECTION, ACTION_CLICK, ACTION_ACCESSIBILITY_FOCUS, ACTION_NEXT_AT_MOVEMENT_GRANULARITY, ACTION_PREVIOUS_AT_MOVEMENT_GRANULARITY, ACTION_SET_SELECTION]]
05-22 10:46:01.963 D/InteractionController(14411): clickAndWaitForNewWindow(360, 541)
05-22 10:46:02.072 W/Parcel  ( 1661): Attempt to read object from Parcel 0x6003bdac at offset 200 that is not in the object list
05-22 10:46:02.072 I/ActivityManager(  374): START u0 {act=android.app.action.ADD_DEVICE_ADMIN cmp=com.android.settings/.DeviceAdminAdd (has extras)} from pid 14465
05-22 10:46:02.174 D/dalvikvm(  374): GC_FOR_ALLOC freed 1688K, 24% free 22948K/30132K, paused 73ms, total 73ms
05-22 10:46:02.181 D/LauncherApplication(14465): [null:-1]->onActivityPaused
05-22 10:46:02.400 I/ActivityManager(  374): Displayed com.android.settings/.DeviceAdminAdd: +208ms
05-22 10:46:02.447 D/dalvikvm(13966): GC_CONCURRENT freed 2732K, 14% free 17341K/20112K, paused 4ms+16ms, total 110ms
05-22 10:46:03.119 I/QueryController(14411): Matched selector: UiSelector[TEXT=Activate, CLASS=android.widget.Button] <<==>> [android.view.accessibility.AccessibilityNodeInfo@19de37; boundsInParent: Rect(0, 0 - 359, 96); boundsInScreen: Rect(361, 1088 - 720, 1184); packageName: com.android.settings; className: android.widget.Button; text: Activate; contentDescription: null; viewIdResName: com.android.settings:id/action_button; checkable: false; checked: false; focusable: true; focused: false; selected: false; clickable: true; longClickable: false; enabled: true; password: false; scrollable: false; [ACTION_FOCUS, ACTION_SELECT, ACTION_CLEAR_SELECTION, ACTION_CLICK, ACTION_ACCESSIBILITY_FOCUS, ACTION_NEXT_AT_MOVEMENT_GRANULARITY, ACTION_PREVIOUS_AT_MOVEMENT_GRANULARITY, ACTION_SET_SELECTION]]
05-22 10:46:03.150 I/QueryController(14411): Matched selector: UiSelector[TEXT=Activate, CLASS=android.widget.Button] <<==>> [android.view.accessibility.AccessibilityNodeInfo@19de37; boundsInParent: Rect(0, 0 - 359, 96); boundsInScreen: Rect(361, 1088 - 720, 1184); packageName: com.android.settings; className: android.widget.Button; text: Activate; contentDescription: null; viewIdResName: com.android.settings:id/action_button; checkable: false; checked: false; focusable: true; focused: false; selected: false; clickable: true; longClickable: false; enabled: true; password: false; scrollable: false; [ACTION_FOCUS, ACTION_SELECT, ACTION_CLEAR_SELECTION, ACTION_CLICK, ACTION_ACCESSIBILITY_FOCUS, ACTION_NEXT_AT_MOVEMENT_GRANULARITY, ACTION_PREVIOUS_AT_MOVEMENT_GRANULARITY, ACTION_SET_SELECTION]]
05-22 10:46:03.150 D/InteractionController(14411): clickAndWaitForNewWindow(540, 1136)
05-22 10:46:03.275 D/MDM :   (14465): [null:-1]->onEnabled
05-22 10:46:03.275 I/dalvikvm(14465): Could not find method android.app.enterprise.license.EnterpriseLicenseManager.getInstance, referenced from method com.pekall.emdm.b.b.a.<init>
05-22 10:46:03.275 W/dalvikvm(14465): VFY: unable to resolve static method 1420: Landroid/app/enterprise/license/EnterpriseLicenseManager;.getInstance (Landroid/content/Context;)Landroid/app/enterprise/license/EnterpriseLicenseManager;
05-22 10:46:03.275 D/dalvikvm(14465): VFY: replacing opcode 0x71 at 0x0008
05-22 10:46:03.283 I/dalvikvm(14465): Could not find method android.app.enterprise.EnterpriseDeviceManager.getRestrictionPolicy, referenced from method com.pekall.emdm.b.b.a.A
05-22 10:46:03.283 W/dalvikvm(14465): VFY: unable to resolve virtual method 1371: Landroid/app/enterprise/EnterpriseDeviceManager;.getRestrictionPolicy ()Landroid/app/enterprise/RestrictionPolicy;
05-22 10:46:03.283 D/dalvikvm(14465): VFY: replacing opcode 0x6e at 0x000a
05-22 10:46:03.283 I/dalvikvm(14465): Could not find method android.app.enterprise.EnterpriseDeviceManager.getRestrictionPolicy, referenced from method com.pekall.emdm.b.b.a.B
05-22 10:46:03.283 W/dalvikvm(14465): VFY: unable to resolve virtual method 1371: Landroid/app/enterprise/EnterpriseDeviceManager;.getRestrictionPolicy ()Landroid/app/enterprise/RestrictionPolicy;
05-22 10:46:03.283 D/dalvikvm(14465): VFY: replacing opcode 0x6e at 0x000a
05-22 10:46:03.283 I/dalvikvm(14465): Could not find method android.app.enterprise.EnterpriseDeviceManager.getRestrictionPolicy, referenced from method com.pekall.emdm.b.b.a.C
05-22 10:46:03.283 W/dalvikvm(14465): VFY: unable to resolve virtual method 1371: Landroid/app/enterprise/EnterpriseDeviceManager;.getRestrictionPolicy ()Landroid/app/enterprise/RestrictionPolicy;
05-22 10:46:03.283 D/dalvikvm(14465): VFY: replacing opcode 0x6e at 0x000a
05-22 10:46:03.283 I/dalvikvm(14465): Could not find method android.app.enterprise.EnterpriseDeviceManager.getApplicationPolicy, referenced from method com.pekall.emdm.b.b.a.D
05-22 10:46:03.283 W/dalvikvm(14465): VFY: unable to resolve virtual method 1364: Landroid/app/enterprise/EnterpriseDeviceManager;.getApplicationPolicy ()Landroid/app/enterprise/ApplicationPolicy;
05-22 10:46:03.291 D/dalvikvm(14465): VFY: replacing opcode 0x6e at 0x000a
05-22 10:46:03.291 I/dalvikvm(14465): Could not find method android.app.enterprise.EnterpriseDeviceManager.getApplicationPolicy, referenced from method com.pekall.emdm.b.b.a.E
05-22 10:46:03.291 W/dalvikvm(14465): VFY: unable to resolve virtual method 1364: Landroid/app/enterprise/EnterpriseDeviceManager;.getApplicationPolicy ()Landroid/app/enterprise/ApplicationPolicy;
05-22 10:46:03.291 D/dalvikvm(14465): VFY: replacing opcode 0x6e at 0x000a
05-22 10:46:03.291 I/dalvikvm(14465): Could not find method android.app.enterprise.EnterpriseDeviceManager.getApplicationPolicy, referenced from method com.pekall.emdm.b.b.a.F
05-22 10:46:03.291 W/dalvikvm(14465): VFY: unable to resolve virtual method 1364: Landroid/app/enterprise/EnterpriseDeviceManager;.getApplicationPolicy ()Landroid/app/enterprise/ApplicationPolicy;
05-22 10:46:03.291 D/dalvikvm(14465): VFY: replacing opcode 0x6e at 0x000a
05-22 10:46:03.291 I/dalvikvm(14465): Could not find method android.app.enterprise.EnterpriseDeviceManager.getApplicationPolicy, referenced from method com.pekall.emdm.b.b.a.G
05-22 10:46:03.291 W/dalvikvm(14465): VFY: unable to resolve virtual method 1364: Landroid/app/enterprise/EnterpriseDeviceManager;.getApplicationPolicy ()Landroid/app/enterprise/ApplicationPolicy;
05-22 10:46:03.291 D/dalvikvm(14465): VFY: replacing opcode 0x6e at 0x000a
05-22 10:46:03.299 I/dalvikvm(14465): Could not find method android.app.enterprise.EnterpriseDeviceManager.getRestrictionPolicy, referenced from method com.pekall.emdm.b.b.a.H
05-22 10:46:03.299 W/dalvikvm(14465): VFY: unable to resolve virtual method 1371: Landroid/app/enterprise/EnterpriseDeviceManager;.getRestrictionPolicy ()Landroid/app/enterprise/RestrictionPolicy;
05-22 10:46:03.299 D/dalvikvm(14465): VFY: replacing opcode 0x6e at 0x000a
05-22 10:46:03.299 I/dalvikvm(14465): Could not find method android.app.enterprise.EnterpriseDeviceManager.getPhoneRestrictionPolicy, referenced from method com.pekall.emdm.b.b.a.I
05-22 10:46:03.299 W/dalvikvm(14465): VFY: unable to resolve virtual method 1370: Landroid/app/enterprise/EnterpriseDeviceManager;.getPhoneRestrictionPolicy ()Landroid/app/enterprise/PhoneRestrictionPolicy;
05-22 10:46:03.299 D/dalvikvm(14465): VFY: replacing opcode 0x6e at 0x0003
05-22 10:46:03.299 I/dalvikvm(14465): Could not find method android.app.enterprise.EnterpriseDeviceManager.getPhoneRestrictionPolicy, referenced from method com.pekall.emdm.b.b.a.J
05-22 10:46:03.306 W/dalvikvm(14465): VFY: unable to resolve virtual method 1370: Landroid/app/enterprise/EnterpriseDeviceManager;.getPhoneRestrictionPolicy ()Landroid/app/enterprise/PhoneRestrictionPolicy;
05-22 10:46:03.306 D/dalvikvm(14465): VFY: replacing opcode 0x6e at 0x000a
05-22 10:46:03.306 I/dalvikvm(14465): Could not find method android.app.enterprise.EnterpriseDeviceManager.getPhoneRestrictionPolicy, referenced from method com.pekall.emdm.b.b.a.K
05-22 10:46:03.306 W/dalvikvm(14465): VFY: unable to resolve virtual method 1370: Landroid/app/enterprise/EnterpriseDeviceManager;.getPhoneRestrictionPolicy ()Landroid/app/enterprise/PhoneRestrictionPolicy;
05-22 10:46:03.306 D/dalvikvm(14465): VFY: replacing opcode 0x6e at 0x000a
05-22 10:46:03.306 I/dalvikvm(14465): Could not find method android.app.enterprise.EnterpriseDeviceManager.getPhoneRestrictionPolicy, referenced from method com.pekall.emdm.b.b.a.L
05-22 10:46:03.306 W/dalvikvm(14465): VFY: unable to resolve virtual method 1370: Landroid/app/enterprise/EnterpriseDeviceManager;.getPhoneRestrictionPolicy ()Landroid/app/enterprise/PhoneRestrictionPolicy;
05-22 10:46:03.306 D/dalvikvm(14465): VFY: replacing opcode 0x6e at 0x000a
05-22 10:46:03.314 I/dalvikvm(14465): Could not find method android.app.enterprise.EnterpriseDeviceManager.getRestrictionPolicy, referenced from method com.pekall.emdm.b.b.a.M
05-22 10:46:03.314 W/dalvikvm(14465): VFY: unable to resolve virtual method 1371: Landroid/app/enterprise/EnterpriseDeviceManager;.getRestrictionPolicy ()Landroid/app/enterprise/RestrictionPolicy;
05-22 10:46:03.314 D/dalvikvm(14465): VFY: replacing opcode 0x6e at 0x000a
05-22 10:46:03.314 I/dalvikvm(14465): Could not find method android.app.enterprise.EnterpriseDeviceManager.getRoamingPolicy, referenced from method com.pekall.emdm.b.b.a.N
05-22 10:46:03.314 W/dalvikvm(14465): VFY: unable to resolve virtual method 1372: Landroid/app/enterprise/EnterpriseDeviceManager;.getRoamingPolicy ()Landroid/app/enterprise/RoamingPolicy;
05-22 10:46:03.314 D/dalvikvm(14465): VFY: replacing opcode 0x6e at 0x000a
05-22 10:46:03.314 I/dalvikvm(14465): Could not find method android.app.enterprise.EnterpriseDeviceManager.getRoamingPolicy, referenced from method com.pekall.emdm.b.b.a.O
05-22 10:46:03.314 W/dalvikvm(14465): VFY: unable to resolve virtual method 1372: Landroid/app/enterprise/EnterpriseDeviceManager;.getRoamingPolicy ()Landroid/app/enterprise/RoamingPolicy;
05-22 10:46:03.314 D/dalvikvm(14465): VFY: replacing opcode 0x6e at 0x000a
05-22 10:46:03.314 I/dalvikvm(14465): Could not find method android.app.enterprise.EnterpriseDeviceManager.getRoamingPolicy, referenced from method com.pekall.emdm.b.b.a.P
05-22 10:46:03.322 W/dalvikvm(14465): VFY: unable to resolve virtual method 1372: Landroid/app/enterprise/EnterpriseDeviceManager;.getRoamingPolicy ()Landroid/app/enterprise/RoamingPolicy;
05-22 10:46:03.322 D/dalvikvm(14465): VFY: replacing opcode 0x6e at 0x000a
05-22 10:46:03.322 I/dalvikvm(14465): Could not find method android.app.enterprise.EnterpriseDeviceManager.getWifiPolicy, referenced from method com.pekall.emdm.b.b.a.a
05-22 10:46:03.322 W/dalvikvm(14465): VFY: unable to resolve virtual method 1374: Landroid/app/enterprise/EnterpriseDeviceManager;.getWifiPolicy ()Landroid/app/enterprise/WifiPolicy;
05-22 10:46:03.322 D/dalvikvm(14465): VFY: replacing opcode 0x6e at 0x000e
05-22 10:46:03.322 I/dalvikvm(14465): Could not find method android.app.enterprise.EnterpriseDeviceManager.getSecurityPolicy, referenced from method com.pekall.emdm.b.b.a.a
05-22 10:46:03.322 W/dalvikvm(14465): VFY: unable to resolve virtual method 1373: Landroid/app/enterprise/EnterpriseDeviceManager;.getSecurityPolicy ()Landroid/app/enterprise/SecurityPolicy;
05-22 10:46:03.322 D/dalvikvm(14465): VFY: replacing opcode 0x6e at 0x0015
05-22 10:46:03.330 I/dalvikvm(14465): Could not find method android.app.enterprise.EnterpriseDeviceManager.getApplicationPolicy, referenced from method com.pekall.emdm.b.b.a.a
05-22 10:46:03.330 W/dalvikvm(14465): VFY: unable to resolve virtual method 1364: Landroid/app/enterprise/EnterpriseDeviceManager;.getApplicationPolicy ()Landroid/app/enterprise/ApplicationPolicy;
05-22 10:46:03.330 D/dalvikvm(14465): VFY: replacing opcode 0x6e at 0x000a
05-22 10:46:03.330 I/dalvikvm(14465): Could not find method android.app.enterprise.EnterpriseDeviceManager.getWifiPolicy, referenced from method com.pekall.emdm.b.b.a.a
05-22 10:46:03.330 W/dalvikvm(14465): VFY: unable to resolve virtual method 1374: Landroid/app/enterprise/EnterpriseDeviceManager;.getWifiPolicy ()Landroid/app/enterprise/WifiPolicy;
05-22 10:46:03.330 D/dalvikvm(14465): VFY: replacing opcode 0x6e at 0x000b
05-22 10:46:03.330 I/dalvikvm(14465): Could not find method android.app.enterprise.EnterpriseDeviceManager.getRestrictionPolicy, referenced from method com.pekall.emdm.b.b.a.a
05-22 10:46:03.330 W/dalvikvm(14465): VFY: unable to resolve virtual method 1371: Landroid/app/enterprise/EnterpriseDeviceManager;.getRestrictionPolicy ()Landroid/app/enterprise/RestrictionPolicy;
05-22 10:46:03.330 D/dalvikvm(14465): VFY: replacing opcode 0x6e at 0x000a
05-22 10:46:03.338 I/dalvikvm(14465): Could not find method android.app.enterprise.EnterpriseDeviceManager.getBluetoothPolicy, referenced from method com.pekall.emdm.b.b.a.a
05-22 10:46:03.338 W/dalvikvm(14465): VFY: unable to resolve virtual method 1365: Landroid/app/enterprise/EnterpriseDeviceManager;.getBluetoothPolicy ()Landroid/app/enterprise/BluetoothPolicy;
05-22 10:46:03.338 D/dalvikvm(14465): VFY: replacing opcode 0x6e at 0x000a
05-22 10:46:03.338 I/dalvikvm(14465): Could not find method android.app.enterprise.EnterpriseDeviceManager.getSecurityPolicy, referenced from method com.pekall.emdm.b.b.a.b
05-22 10:46:03.338 W/dalvikvm(14465): VFY: unable to resolve virtual method 1373: Landroid/app/enterprise/EnterpriseDeviceManager;.getSecurityPolicy ()Landroid/app/enterprise/SecurityPolicy;
05-22 10:46:03.338 D/dalvikvm(14465): VFY: replacing opcode 0x6e at 0x0015
05-22 10:46:03.338 I/dalvikvm(14465): Could not find method android.app.enterprise.EnterpriseDeviceManager.getWifiPolicy, referenced from method com.pekall.emdm.b.b.a.b
05-22 10:46:03.338 W/dalvikvm(14465): VFY: unable to resolve virtual method 1374: Landroid/app/enterprise/EnterpriseDeviceManager;.getWifiPolicy ()Landroid/app/enterprise/WifiPolicy;
05-22 10:46:03.338 D/dalvikvm(14465): VFY: replacing opcode 0x6e at 0x000b
05-22 10:46:03.346 I/dalvikvm(14465): Could not find method android.app.enterprise.EnterpriseDeviceManager.getDateTimePolicy, referenced from method com.pekall.emdm.b.b.a.b
05-22 10:46:03.346 W/dalvikvm(14465): VFY: unable to resolve virtual method 1366: Landroid/app/enterprise/EnterpriseDeviceManager;.getDateTimePolicy ()Landroid/app/enterprise/DateTimePolicy;
05-22 10:46:03.346 D/dalvikvm(14465): VFY: replacing opcode 0x6e at 0x000a
05-22 10:46:03.346 I/dalvikvm(14465): Could not find method android.app.enterprise.EnterpriseDeviceManager.getWifiPolicy, referenced from method com.pekall.emdm.b.b.a.c
05-22 10:46:03.346 W/dalvikvm(14465): VFY: unable to resolve virtual method 1374: Landroid/app/enterprise/EnterpriseDeviceManager;.getWifiPolicy ()Landroid/app/enterprise/WifiPolicy;
05-22 10:46:03.346 D/dalvikvm(14465): VFY: replacing opcode 0x6e at 0x000a
05-22 10:46:03.346 I/dalvikvm(14465): Could not find method android.app.enterprise.EnterpriseDeviceManager.getRestrictionPolicy, referenced from method com.pekall.emdm.b.b.a.c
05-22 10:46:03.346 W/dalvikvm(14465): VFY: unable to resolve virtual method 1371: Landroid/app/enterprise/EnterpriseDeviceManager;.getRestrictionPolicy ()Landroid/app/enterprise/RestrictionPolicy;
05-22 10:46:03.346 D/dalvikvm(14465): VFY: replacing opcode 0x6e at 0x000a
05-22 10:46:03.353 I/dalvikvm(14465): Could not find method android.app.enterprise.EnterpriseDeviceManager.getWifiPolicy, referenced from method com.pekall.emdm.b.b.a.d
05-22 10:46:03.353 W/dalvikvm(14465): VFY: unable to resolve virtual method 1374: Landroid/app/enterprise/EnterpriseDeviceManager;.getWifiPolicy ()Landroid/app/enterprise/WifiPolicy;
05-22 10:46:03.353 D/dalvikvm(14465): VFY: replacing opcode 0x6e at 0x000a
05-22 10:46:03.353 I/dalvikvm(14465): Could not find method android.app.enterprise.EnterpriseDeviceManager.getRestrictionPolicy, referenced from method com.pekall.emdm.b.b.a.d
05-22 10:46:03.353 W/dalvikvm(14465): VFY: unable to resolve virtual method 1371: Landroid/app/enterprise/EnterpriseDeviceManager;.getRestrictionPolicy ()Landroid/app/enterprise/RestrictionPolicy;
05-22 10:46:03.353 D/dalvikvm(14465): VFY: replacing opcode 0x6e at 0x000a
05-22 10:46:03.353 I/dalvikvm(14465): Could not find method android.app.enterprise.EnterpriseDeviceManager.getLocationPolicy, referenced from method com.pekall.emdm.b.b.a.e
05-22 10:46:03.353 W/dalvikvm(14465): VFY: unable to resolve virtual method 1368: Landroid/app/enterprise/EnterpriseDeviceManager;.getLocationPolicy ()Landroid/app/enterprise/LocationPolicy;
05-22 10:46:03.353 D/dalvikvm(14465): VFY: replacing opcode 0x6e at 0x000a
05-22 10:46:03.361 I/dalvikvm(14465): Could not find method android.app.enterprise.EnterpriseDeviceManager.getRestrictionPolicy, referenced from method com.pekall.emdm.b.b.a.f
05-22 10:46:03.361 W/dalvikvm(14465): VFY: unable to resolve virtual method 1371: Landroid/app/enterprise/EnterpriseDeviceManager;.getRestrictionPolicy ()Landroid/app/enterprise/RestrictionPolicy;
05-22 10:46:03.361 D/dalvikvm(14465): VFY: replacing opcode 0x6e at 0x000a
05-22 10:46:03.361 I/dalvikvm(14465): Could not find method android.app.enterprise.EnterpriseDeviceManager.getWifiPolicy, referenced from method com.pekall.emdm.b.b.a.g
05-22 10:46:03.361 W/dalvikvm(14465): VFY: unable to resolve virtual method 1374: Landroid/app/enterprise/EnterpriseDeviceManager;.getWifiPolicy ()Landroid/app/enterprise/WifiPolicy;
05-22 10:46:03.361 D/dalvikvm(14465): VFY: replacing opcode 0x6e at 0x000a
05-22 10:46:03.361 I/dalvikvm(14465): Could not find method android.app.enterprise.EnterpriseDeviceManager.getRestrictionPolicy, referenced from method com.pekall.emdm.b.b.a.h
05-22 10:46:03.361 W/dalvikvm(14465): VFY: unable to resolve virtual method 1371: Landroid/app/enterprise/EnterpriseDeviceManager;.getRestrictionPolicy ()Landroid/app/enterprise/RestrictionPolicy;
05-22 10:46:03.361 D/dalvikvm(14465): VFY: replacing opcode 0x6e at 0x000a
05-22 10:46:03.369 I/dalvikvm(14465): Could not find method android.app.enterprise.EnterpriseDeviceManager.getRestrictionPolicy, referenced from method com.pekall.emdm.b.b.a.i
05-22 10:46:03.369 W/dalvikvm(14465): VFY: unable to resolve virtual method 1371: Landroid/app/enterprise/EnterpriseDeviceManager;.getRestrictionPolicy ()Landroid/app/enterprise/RestrictionPolicy;
05-22 10:46:03.369 D/dalvikvm(14465): VFY: replacing opcode 0x6e at 0x000a
05-22 10:46:03.369 I/dalvikvm(14465): Could not find method android.app.enterprise.EnterpriseDeviceManager.getPhoneRestrictionPolicy, referenced from method com.pekall.emdm.b.b.a.j
05-22 10:46:03.369 W/dalvikvm(14465): VFY: unable to resolve virtual method 1370: Landroid/app/enterprise/EnterpriseDeviceManager;.getPhoneRestrictionPolicy ()Landroid/app/enterprise/PhoneRestrictionPolicy;
05-22 10:46:03.369 D/dalvikvm(14465): VFY: replacing opcode 0x6e at 0x000a
05-22 10:46:03.369 I/dalvikvm(14465): Could not find method android.app.enterprise.EnterpriseDeviceManager.getWifiPolicy, referenced from method com.pekall.emdm.b.b.a.k
05-22 10:46:03.369 W/dalvikvm(14465): VFY: unable to resolve virtual method 1374: Landroid/app/enterprise/EnterpriseDeviceManager;.getWifiPolicy ()Landroid/app/enterprise/WifiPolicy;
05-22 10:46:03.369 D/dalvikvm(14465): VFY: replacing opcode 0x6e at 0x000a
05-22 10:46:03.377 I/dalvikvm(14465): Could not find method android.app.enterprise.EnterpriseDeviceManager.getRestrictionPolicy, referenced from method com.pekall.emdm.b.b.a.l
05-22 10:46:03.377 W/dalvikvm(14465): VFY: unable to resolve virtual method 1371: Landroid/app/enterprise/EnterpriseDeviceManager;.getRestrictionPolicy ()Landroid/app/enterprise/RestrictionPolicy;
05-22 10:46:03.377 D/dalvikvm(14465): VFY: replacing opcode 0x6e at 0x000a
05-22 10:46:03.377 I/dalvikvm(14465): Could not find method android.app.enterprise.EnterpriseDeviceManager.getBluetoothPolicy, referenced from method com.pekall.emdm.b.b.a.m
05-22 10:46:03.377 W/dalvikvm(14465): VFY: unable to resolve virtual method 1365: Landroid/app/enterprise/EnterpriseDeviceManager;.getBluetoothPolicy ()Landroid/app/enterprise/BluetoothPolicy;
05-22 10:46:03.377 D/dalvikvm(14465): VFY: replacing opcode 0x6e at 0x000a
05-22 10:46:03.377 I/dalvikvm(14465): Could not find method android.app.enterprise.EnterpriseDeviceManager.getBluetoothPolicy, referenced from method com.pekall.emdm.b.b.a.n
05-22 10:46:03.377 W/dalvikvm(14465): VFY: unable to resolve virtual method 1365: Landroid/app/enterprise/EnterpriseDeviceManager;.getBluetoothPolicy ()Landroid/app/enterprise/BluetoothPolicy;
05-22 10:46:03.377 D/dalvikvm(14465): VFY: replacing opcode 0x6e at 0x000a
05-22 10:46:03.377 I/dalvikvm(14465): Could not find method android.app.enterprise.EnterpriseDeviceManager.getBluetoothPolicy, referenced from method com.pekall.emdm.b.b.a.o
05-22 10:46:03.385 W/dalvikvm(14465): VFY: unable to resolve virtual method 1365: Landroid/app/enterprise/EnterpriseDeviceManager;.getBluetoothPolicy ()Landroid/app/enterprise/BluetoothPolicy;
05-22 10:46:03.385 D/dalvikvm(14465): VFY: replacing opcode 0x6e at 0x000a
05-22 10:46:03.385 I/dalvikvm(14465): Could not find method android.app.enterprise.EnterpriseDeviceManager.getBluetoothPolicy, referenced from method com.pekall.emdm.b.b.a.p
05-22 10:46:03.385 W/dalvikvm(14465): VFY: unable to resolve virtual method 1365: Landroid/app/enterprise/EnterpriseDeviceManager;.getBluetoothPolicy ()Landroid/app/enterprise/BluetoothPolicy;
05-22 10:46:03.385 D/dalvikvm(14465): VFY: replacing opcode 0x6e at 0x000a
05-22 10:46:03.385 I/dalvikvm(14465): Could not find method android.app.enterprise.EnterpriseDeviceManager.getRestrictionPolicy, referenced from method com.pekall.emdm.b.b.a.q
05-22 10:46:03.385 W/dalvikvm(14465): VFY: unable to resolve virtual method 1371: Landroid/app/enterprise/EnterpriseDeviceManager;.getRestrictionPolicy ()Landroid/app/enterprise/RestrictionPolicy;
05-22 10:46:03.385 D/dalvikvm(14465): VFY: replacing opcode 0x6e at 0x000a
05-22 10:46:03.385 I/dalvikvm(14465): Could not find method android.app.enterprise.EnterpriseDeviceManager.getBluetoothPolicy, referenced from method com.pekall.emdm.b.b.a.r
05-22 10:46:03.392 W/dalvikvm(14465): VFY: unable to resolve virtual method 1365: Landroid/app/enterprise/EnterpriseDeviceManager;.getBluetoothPolicy ()Landroid/app/enterprise/BluetoothPolicy;
05-22 10:46:03.392 D/dalvikvm(  374): GC_FOR_ALLOC freed 1204K, 23% free 23310K/30132K, paused 89ms, total 90ms
05-22 10:46:03.392 D/dalvikvm(14465): VFY: replacing opcode 0x6e at 0x000a
05-22 10:46:03.392 I/dalvikvm(14465): Could not find method android.app.enterprise.EnterpriseDeviceManager.getRestrictionPolicy, referenced from method com.pekall.emdm.b.b.a.s
05-22 10:46:03.392 W/dalvikvm(14465): VFY: unable to resolve virtual method 1371: Landroid/app/enterprise/EnterpriseDeviceManager;.getRestrictionPolicy ()Landroid/app/enterprise/RestrictionPolicy;
05-22 10:46:03.392 D/dalvikvm(14465): VFY: replacing opcode 0x6e at 0x000a
05-22 10:46:03.392 I/dalvikvm(14465): Could not find method android.app.enterprise.EnterpriseDeviceManager.getRestrictionPolicy, referenced from method com.pekall.emdm.b.b.a.t
05-22 10:46:03.392 W/dalvikvm(14465): VFY: unable to resolve virtual method 1371: Landroid/app/enterprise/EnterpriseDeviceManager;.getRestrictionPolicy ()Landroid/app/enterprise/RestrictionPolicy;
05-22 10:46:03.392 D/dalvikvm(14465): VFY: replacing opcode 0x6e at 0x000a
05-22 10:46:03.408 I/dalvikvm(14465): Could not find method android.app.enterprise.EnterpriseDeviceManager.getRestrictionPolicy, referenced from method com.pekall.emdm.b.b.a.u
05-22 10:46:03.408 W/dalvikvm(14465): VFY: unable to resolve virtual method 1371: Landroid/app/enterprise/EnterpriseDeviceManager;.getRestrictionPolicy ()Landroid/app/enterprise/RestrictionPolicy;
05-22 10:46:03.408 D/dalvikvm(14465): VFY: replacing opcode 0x6e at 0x000a
05-22 10:46:03.408 I/dalvikvm(14465): Could not find method android.app.enterprise.EnterpriseDeviceManager.getRestrictionPolicy, referenced from method com.pekall.emdm.b.b.a.v
05-22 10:46:03.408 W/dalvikvm(14465): VFY: unable to resolve virtual method 1371: Landroid/app/enterprise/EnterpriseDeviceManager;.getRestrictionPolicy ()Landroid/app/enterprise/RestrictionPolicy;
05-22 10:46:03.408 D/dalvikvm(14465): VFY: replacing opcode 0x6e at 0x000a
05-22 10:46:03.408 I/dalvikvm(14465): Could not find method android.app.enterprise.EnterpriseDeviceManager.getRestrictionPolicy, referenced from method com.pekall.emdm.b.b.a.w
05-22 10:46:03.408 W/dalvikvm(14465): VFY: unable to resolve virtual method 1371: Landroid/app/enterprise/EnterpriseDeviceManager;.getRestrictionPolicy ()Landroid/app/enterprise/RestrictionPolicy;
05-22 10:46:03.408 D/dalvikvm(14465): VFY: replacing opcode 0x6e at 0x000a
05-22 10:46:03.408 I/dalvikvm(14465): Could not find method android.app.enterprise.EnterpriseDeviceManager.getRestrictionPolicy, referenced from method com.pekall.emdm.b.b.a.x
05-22 10:46:03.416 W/dalvikvm(14465): VFY: unable to resolve virtual method 1371: Landroid/app/enterprise/EnterpriseDeviceManager;.getRestrictionPolicy ()Landroid/app/enterprise/RestrictionPolicy;
05-22 10:46:03.416 D/dalvikvm(14465): VFY: replacing opcode 0x6e at 0x000a
05-22 10:46:03.416 I/dalvikvm(14465): Could not find method android.app.enterprise.EnterpriseDeviceManager.getPasswordPolicy, referenced from method com.pekall.emdm.b.b.a.y
05-22 10:46:03.416 W/dalvikvm(14465): VFY: unable to resolve virtual method 1369: Landroid/app/enterprise/EnterpriseDeviceManager;.getPasswordPolicy ()Landroid/app/enterprise/PasswordPolicy;
05-22 10:46:03.416 D/dalvikvm(14465): VFY: replacing opcode 0x6e at 0x000a
05-22 10:46:03.416 I/dalvikvm(14465): Could not find method android.app.enterprise.EnterpriseDeviceManager.getRestrictionPolicy, referenced from method com.pekall.emdm.b.b.a.z
05-22 10:46:03.416 W/dalvikvm(14465): VFY: unable to resolve virtual method 1371: Landroid/app/enterprise/EnterpriseDeviceManager;.getRestrictionPolicy ()Landroid/app/enterprise/RestrictionPolicy;
05-22 10:46:03.416 D/dalvikvm(14465): VFY: replacing opcode 0x6e at 0x000a
05-22 10:46:03.424 W/Parcel  ( 1661): Attempt to read object from Parcel 0x5ec3bdac at offset 200 that is not in the object list
05-22 10:46:03.424 I/ActivityManager(  374): START u0 {cmp=com.pekall.emdm.launcher/com.pekall.emdm.ui.RegDeviceActivity} from pid 14465
05-22 10:46:03.447 V/LauncherApplication(14465): onActivityStarted
05-22 10:46:03.564 D/        (14465): [---null: -1---]     awsa  onActivityResumed
05-22 10:46:03.564 V/LauncherApplication(14465): 2MdmConstant.LAST_LAUNCH_TIME = 1400726753478
05-22 10:46:03.572 D/        (14465): [---null: -1---]  activity = com.pekall.emdm.ui.RegDeviceActivity
05-22 10:46:03.728 I/ActivityManager(  374): Displayed com.pekall.emdm.launcher/com.pekall.emdm.ui.RegDeviceActivity: +291ms
05-22 10:46:05.291 D/dalvikvm(12631): GC_CONCURRENT freed 403K, 6% free 9162K/9660K, paused 6ms+1ms, total 27ms
05-22 10:46:07.275 I/QueryController(14411): Matched selector: UiSelector[TEXT=Server, ENABLED=true] <<==>> [android.view.accessibility.AccessibilityNodeInfo@e552; boundsInParent: Rect(0, 0 - 621, 76); boundsInScreen: Rect(49, 280 - 670, 356); packageName: com.pekall.emdm.launcher; className: android.widget.EditText; text: Server; contentDescription: null; viewIdResName: com.pekall.emdm.launcher:id/mdm_edit; checkable: false; checked: false; focusable: true; focused: true; selected: false; clickable: true; longClickable: true; enabled: true; password: false; scrollable: false; [ACTION_CLEAR_FOCUS, ACTION_SELECT, ACTION_CLEAR_SELECTION, ACTION_CLICK, ACTION_LONG_CLICK, ACTION_ACCESSIBILITY_FOCUS]]
05-22 10:46:07.291 D/dalvikvm(14411): GC_CONCURRENT freed 396K, 93% free 609K/8192K, paused 2ms+1ms, total 15ms
05-22 10:46:07.306 I/QueryController(14411): Matched selector: UiSelector[TEXT=Server] <<==>> [android.view.accessibility.AccessibilityNodeInfo@e552; boundsInParent: Rect(0, 0 - 621, 76); boundsInScreen: Rect(49, 280 - 670, 356); packageName: com.pekall.emdm.launcher; className: android.widget.EditText; text: Server; contentDescription: null; viewIdResName: com.pekall.emdm.launcher:id/mdm_edit; checkable: false; checked: false; focusable: true; focused: true; selected: false; clickable: true; longClickable: true; enabled: true; password: false; scrollable: false; [ACTION_CLEAR_FOCUS, ACTION_SELECT, ACTION_CLEAR_SELECTION, ACTION_CLICK, ACTION_LONG_CLICK, ACTION_ACCESSIBILITY_FOCUS]]
05-22 10:46:09.588 I/QueryController(14411): Matched selector: UiSelector[TEXT=Server] <<==>> [android.view.accessibility.AccessibilityNodeInfo@e552; boundsInParent: Rect(0, 0 - 621, 76); boundsInScreen: Rect(49, 280 - 670, 356); packageName: com.pekall.emdm.launcher; className: android.widget.EditText; text: Server; contentDescription: null; viewIdResName: com.pekall.emdm.launcher:id/mdm_edit; checkable: false; checked: false; focusable: true; focused: true; selected: false; clickable: true; longClickable: true; enabled: true; password: false; scrollable: false; [ACTION_CLEAR_FOCUS, ACTION_SELECT, ACTION_CLEAR_SELECTION, ACTION_CLICK, ACTION_LONG_CLICK, ACTION_ACCESSIBILITY_FOCUS]]
05-22 10:46:12.752 I/QueryController(14411): Matched selector: UiSelector[TEXT=Please input email address, ENABLED=true] <<==>> [android.view.accessibility.AccessibilityNodeInfo@12523; boundsInParent: Rect(0, 0 - 621, 76); boundsInScreen: Rect(49, 420 - 670, 496); packageName: com.pekall.emdm.launcher; className: android.widget.EditText; text: Please input email address; contentDescription: null; viewIdResName: com.pekall.emdm.launcher:id/mdm_edit; checkable: false; checked: false; focusable: true; focused: false; selected: false; clickable: true; longClickable: true; enabled: true; password: false; scrollable: false; [ACTION_FOCUS, ACTION_SELECT, ACTION_CLEAR_SELECTION, ACTION_CLICK, ACTION_LONG_CLICK, ACTION_ACCESSIBILITY_FOCUS]]
05-22 10:46:12.767 I/QueryController(14411): Matched selector: UiSelector[TEXT=Please input email address] <<==>> [android.view.accessibility.AccessibilityNodeInfo@12523; boundsInParent: Rect(0, 0 - 621, 76); boundsInScreen: Rect(49, 420 - 670, 496); packageName: com.pekall.emdm.launcher; className: android.widget.EditText; text: Please input email address; contentDescription: null; viewIdResName: com.pekall.emdm.launcher:id/mdm_edit; checkable: false; checked: false; focusable: true; focused: false; selected: false; clickable: true; longClickable: true; enabled: true; password: false; scrollable: false; [ACTION_FOCUS, ACTION_SELECT, ACTION_CLEAR_SELECTION, ACTION_CLICK, ACTION_LONG_CLICK, ACTION_ACCESSIBILITY_FOCUS]]
05-22 10:46:15.158 D/dalvikvm(14411): GC_CONCURRENT freed 335K, 92% free 658K/8072K, paused 2ms+1ms, total 7ms
05-22 10:46:15.158 I/QueryController(14411): Matched selector: UiSelector[TEXT=Please input email address] <<==>> [android.view.accessibility.AccessibilityNodeInfo@12523; boundsInParent: Rect(0, 0 - 621, 76); boundsInScreen: Rect(49, 420 - 670, 496); packageName: com.pekall.emdm.launcher; className: android.widget.EditText; text: Please input email address; contentDescription: null; viewIdResName: com.pekall.emdm.launcher:id/mdm_edit; checkable: false; checked: false; focusable: true; focused: true; selected: false; clickable: true; longClickable: true; enabled: true; password: false; scrollable: false; [ACTION_CLEAR_FOCUS, ACTION_SELECT, ACTION_CLEAR_SELECTION, ACTION_CLICK, ACTION_LONG_CLICK, ACTION_ACCESSIBILITY_FOCUS]]
05-22 10:46:18.471 I/QueryController(14411): Matched selector: UiSelector[CLASS=android.widget.EditText, INSTANCE=2, ENABLED=true, COUNT=2] <<==>> [android.view.accessibility.AccessibilityNodeInfo@128e4; boundsInParent: Rect(0, 0 - 621, 76); boundsInScreen: Rect(49, 560 - 670, 636); packageName: com.pekall.emdm.launcher; className: android.widget.EditText; text: null; contentDescription: null; viewIdResName: com.pekall.emdm.launcher:id/mdm_edit; checkable: false; checked: false; focusable: true; focused: false; selected: false; clickable: true; longClickable: true; enabled: true; password: true; scrollable: false; [ACTION_FOCUS, ACTION_SELECT, ACTION_CLEAR_SELECTION, ACTION_CLICK, ACTION_LONG_CLICK, ACTION_ACCESSIBILITY_FOCUS]]
05-22 10:46:18.486 I/QueryController(14411): Matched selector: UiSelector[CLASS=android.widget.EditText, INSTANCE=2, COUNT=2] <<==>> [android.view.accessibility.AccessibilityNodeInfo@128e4; boundsInParent: Rect(0, 0 - 621, 76); boundsInScreen: Rect(49, 560 - 670, 636); packageName: com.pekall.emdm.launcher; className: android.widget.EditText; text: null; contentDescription: null; viewIdResName: com.pekall.emdm.launcher:id/mdm_edit; checkable: false; checked: false; focusable: true; focused: false; selected: false; clickable: true; longClickable: true; enabled: true; password: true; scrollable: false; [ACTION_FOCUS, ACTION_SELECT, ACTION_CLEAR_SELECTION, ACTION_CLICK, ACTION_LONG_CLICK, ACTION_ACCESSIBILITY_FOCUS]]
05-22 10:46:20.877 I/QueryController(14411): Matched selector: UiSelector[CLASS=android.widget.EditText, INSTANCE=2, COUNT=2] <<==>> [android.view.accessibility.AccessibilityNodeInfo@128e4; boundsInParent: Rect(0, 0 - 621, 76); boundsInScreen: Rect(49, 560 - 670, 636); packageName: com.pekall.emdm.launcher; className: android.widget.EditText; text: null; contentDescription: null; viewIdResName: com.pekall.emdm.launcher:id/mdm_edit; checkable: false; checked: false; focusable: true; focused: true; selected: false; clickable: true; longClickable: true; enabled: true; password: true; scrollable: false; [ACTION_CLEAR_FOCUS, ACTION_SELECT, ACTION_CLEAR_SELECTION, ACTION_CLICK, ACTION_LONG_CLICK, ACTION_ACCESSIBILITY_FOCUS]]
05-22 10:46:23.142 D/dalvikvm(14411): GC_CONCURRENT freed 386K, 92% free 655K/8072K, paused 1ms+1ms, total 7ms
05-22 10:46:24.400 I/QueryController(14411): Matched selector: UiSelector[TEXT=Login, CLASS=android.widget.Button] <<==>> [android.view.accessibility.AccessibilityNodeInfo@1161f; boundsInParent: Rect(0, 0 - 660, 96); boundsInScreen: Rect(30, 824 - 690, 920); packageName: com.pekall.emdm.launcher; className: android.widget.Button; text: Login; contentDescription: null; viewIdResName: com.pekall.emdm.launcher:id/ok_button; checkable: false; checked: false; focusable: true; focused: false; selected: false; clickable: true; longClickable: false; enabled: true; password: false; scrollable: false; [ACTION_FOCUS, ACTION_SELECT, ACTION_CLEAR_SELECTION, ACTION_CLICK, ACTION_ACCESSIBILITY_FOCUS, ACTION_NEXT_AT_MOVEMENT_GRANULARITY, ACTION_PREVIOUS_AT_MOVEMENT_GRANULARITY, ACTION_SET_SELECTION]]
05-22 10:46:24.400 D/InteractionController(14411): clickAndWaitForNewWindow(360, 872)
05-22 10:46:24.556 I/TransInfo(14465): TransInfo created, id: 9, class: class com.pekall.emdm.transaction.c.e
05-22 10:46:24.556 D/NetworkThread(14465): [null:-1]->----isRunning-----false
05-22 10:46:24.564 D/NetworkThread(14465): [null:-1]->----net work thread begin-----4975
05-22 10:46:24.564 D/NetworkThread(14465): [null:-1]->sendHttpGet: http://192.168.10.21/rest/mdm/v1/system/get_system_info?username=pekall
05-22 10:46:24.572 D/HttpClient(14465): enable apache.http debug
05-22 10:46:24.603 V/DEBUG   (14465): HTTP 0
05-22 10:46:25.627 D/dalvikvm(14411): GC_CONCURRENT freed 393K, 92% free 647K/8072K, paused 1ms+1ms, total 7ms
05-22 10:46:26.025 D/dalvikvm(14411): GC_CONCURRENT freed 394K, 93% free 642K/8072K, paused 0ms+0ms, total 7ms
05-22 10:46:26.205 D/dalvikvm(14411): GC_CONCURRENT freed 387K, 93% free 644K/8072K, paused 2ms+0ms, total 8ms
05-22 10:46:26.385 D/dalvikvm(14411): GC_CONCURRENT freed 388K, 92% free 647K/8072K, paused 2ms+0ms, total 8ms
05-22 10:46:26.572 D/dalvikvm(14411): GC_CONCURRENT freed 390K, 92% free 648K/8072K, paused 2ms+1ms, total 9ms
05-22 10:46:26.744 D/dalvikvm(14411): GC_CONCURRENT freed 390K, 92% free 647K/8072K, paused 2ms+1ms, total 10ms
05-22 10:46:26.924 D/dalvikvm(14411): GC_CONCURRENT freed 391K, 92% free 660K/8072K, paused 1ms+0ms, total 10ms
05-22 10:46:27.088 D/dalvikvm(14411): GC_CONCURRENT freed 408K, 92% free 647K/8072K, paused 1ms+1ms, total 7ms
05-22 10:46:27.283 D/dalvikvm(14411): GC_CONCURRENT freed 390K, 92% free 648K/8072K, paused 2ms+1ms, total 9ms
05-22 10:46:27.471 D/dalvikvm(14411): GC_CONCURRENT freed 391K, 92% free 648K/8072K, paused 2ms+1ms, total 10ms
05-22 10:46:27.642 D/dalvikvm(14411): GC_CONCURRENT freed 391K, 92% free 648K/8072K, paused 2ms+1ms, total 11ms
05-22 10:46:27.806 D/dalvikvm(14411): GC_CONCURRENT freed 396K, 93% free 642K/8072K, paused 1ms+1ms, total 7ms
05-22 10:46:28.002 D/dalvikvm(14411): GC_CONCURRENT freed 386K, 92% free 647K/8072K, paused 1ms+0ms, total 6ms
05-22 10:46:28.174 D/dalvikvm(14411): GC_CONCURRENT freed 392K, 92% free 648K/8072K, paused 0ms+1ms, total 5ms
05-22 10:46:28.330 D/dalvikvm(14411): GC_CONCURRENT freed 391K, 92% free 648K/8072K, paused 2ms+1ms, total 8ms
05-22 10:46:28.478 D/dalvikvm(14411): GC_CONCURRENT freed 391K, 92% free 662K/8072K, paused 1ms+0ms, total 8ms
05-22 10:46:28.658 D/dalvikvm(14411): GC_CONCURRENT freed 407K, 92% free 648K/8072K, paused 2ms+1ms, total 9ms
05-22 10:46:28.822 D/dalvikvm(14411): GC_CONCURRENT freed 391K, 92% free 648K/8072K, paused 1ms+1ms, total 8ms
05-22 10:46:28.994 D/dalvikvm(14411): GC_CONCURRENT freed 396K, 93% free 642K/8072K, paused 0ms+1ms, total 7ms
05-22 10:46:29.174 D/dalvikvm(14411): GC_CONCURRENT freed 387K, 92% free 646K/8072K, paused 2ms+1ms, total 7ms
05-22 10:46:29.338 D/dalvikvm(14411): GC_CONCURRENT freed 391K, 92% free 646K/8072K, paused 1ms+1ms, total 6ms
05-22 10:46:29.502 D/dalvikvm(14411): GC_CONCURRENT freed 395K, 93% free 642K/8072K, paused 0ms+1ms, total 6ms
05-22 10:46:29.681 D/dalvikvm(14411): GC_CONCURRENT freed 391K, 93% free 642K/8072K, paused 1ms+1ms, total 6ms
05-22 10:46:29.783 D/MDM :   (14465): [null:-1]->statusCode : 200
05-22 10:46:29.783 D/MDM :   (14465): [null:-1]->statusCode : 200
05-22 10:46:29.783 V/DEBUG   (14465): HTTP 1
05-22 10:46:29.791 D/MDM :   (14465): [null:-1]->read network input stream
05-22 10:46:29.799 D/MDM :   (14465): [null:-1]->Get joson string: {"result":0,"systemInfo":{"comId":1,"serverVersion":"1.2","serverVersionCode":3}}
05-22 10:46:29.838 D/NetworkThread(14465): [null:-1]->clear mCurrentTransInfo
05-22 10:46:29.838 D/NetworkThread(14465): [null:-1]->queue is empty, thread wait...
05-22 10:46:29.861 D/dalvikvm(14411): GC_CONCURRENT freed 387K, 92% free 646K/8072K, paused 1ms+1ms, total 8ms
05-22 10:46:29.955 D/MDM :   (14465): [null:-1]->handleMessage
05-22 10:46:30.002 I/TransInfo(14465): TransInfo created, id: 1, class: class com.pekall.emdm.transaction.c.f
05-22 10:46:30.002 D/NetworkThread(14465): [null:-1]->----isRunning-----true
05-22 10:46:30.002 D/NetworkThread(14465): [null:-1]->----isRunning-----true
05-22 10:46:30.002 D/NetworkThread(14465): [null:-1]->thread wakeup
05-22 10:46:30.010 D/NetworkThread(14465): [null:-1]->sendHttpPost:PostRequest, url: http://192.168.10.21/rest/mdm/v1/user/login_mdm, Params: [username:zhenhua.sang@pekall.com][password:123456][com_id:1], 
05-22 10:46:30.010 D/HttpClient(14465): enable apache.http debug
05-22 10:46:30.017 V/DEBUG   (14465): HTTP 0
05-22 10:46:30.041 E/QueryController(14411): Got null root node from accessibility - Retrying...
05-22 10:46:30.142 D/MDM :   (14465): [null:-1]->statusCode : 200
05-22 10:46:30.142 D/MDM :   (14465): [null:-1]->statusCode : 200
05-22 10:46:30.150 V/DEBUG   (14465): HTTP 1
05-22 10:46:30.150 D/MDM :   (14465): [null:-1]->read network input stream
05-22 10:46:30.150 D/MDM :   (14465): [null:-1]->Get joson string: {"result":0,"userInfo":{"id":1134,"type":51302,"password":null,"status":51001,"roles":8,"comId":1,"isAdmin":0,"fullName":"","phone":"010-2222222","cellPhone":"12345678910","email":"zhenhua.sang@pekall.com","firstName":null,"lastName":null,"business":null,"im":null,"username":"zhenhua.sang@pekall.com","labelPath":null,"userKey":"uPVi3f5AIdavCrAT","token":"59796fcae09ba7a642a8bcba531c39e41134","deleted":0,"updateTime":1398231202000,"createTime":1397549312000,"directLabelId":0,"isInLabel":1,"setPwd":0,"labels":null,"encrpPwd":null,"deviceNo":0,"new":false}}
05-22 10:46:30.197 I/System.out(14465): [cjx]initUserSecret,keyLength:16,DEK:[1400726790205,1400985990205]
05-22 10:46:30.197 I/System.out(14465): [cjx]to generate user KEK now,keyLength:32,algorithm:Rijndael256
05-22 10:46:30.322 I/System.out(14465): [cjx]blockSize:32
05-22 10:46:30.322 I/System.out(14465): [cjx]iv:[112, 101, 107, 97, 108, 108, 50, 48, 49, 52, 97, 101, 115, 99, 106, 120, 112, 101, 107, 97, 108, 108, 50, 48, 49, 52, 97, 101, 115, 99, 106, 120]
05-22 10:46:30.322 I/System.out(14465): [cjx]secret:[-94, 35, 21, 34, 6, -61, -108, -46, 6, 56, -82, 111, 24, -59, 0, -21, 43, -46, -16, 27, -76, 52, 9, 117, -69, 64, 55, -122, -120, -69, -38, 9]
05-22 10:46:30.330 I/System.out(14465): [cjx]successfully store userID:[B@4352ffe8
05-22 10:46:30.330 I/System.out(14465): [cjx]blockSize:32
