05-22 10:45:51.002 I/QueryController(14411): Matched selector: UiSelector[TEXT=Pekall enterprise mobile office] <<==>> [android.view.accessibility.AccessibilityNodeInfo@14c3c8; boundsInParent: Rect(0, 0 - 148, 184); boundsInScreen: Rect(196, 186 - 344, 370); packageName: com.android.launcher; className: android.widget.TextView; text: Pekall enterprise mobile office; contentDescription: null; viewIdResName: null; checkable: false; checked: false; focusable: true; focused: false; selected: false; clickable: true; longClickable: true; enabled: true; password: false; scrollable: false; [ACTION_FOCUS, ACTION_SELECT, ACTION_CLEAR_SELECTION, ACTION_CLICK, ACTION_LONG_CLICK, ACTION_ACCESSIBILITY_FOCUS, ACTION_NEXT_AT_MOVEMENT_GRANULARITY, ACTION_PREVIOUS_AT_MOVEMENT_GRANULARITY, ACTION_SET_SELECTION]]
05-22 10:45:51.025 I/QueryController(14411): Matched selector: UiSelector[TEXT=Pekall enterprise mobile office] <<==>> [android.view.accessibility.AccessibilityNodeInfo@14c3c8; boundsInParent: Rect(0, 0 - 148, 184); boundsInScreen: Rect(196, 186 - 344, 370); packageName: com.android.launcher; className: android.widget.TextView; text: Pekall enterprise mobile office; contentDescription: null; viewIdResName: null; checkable: false; checked: false; focusable: true; focused: false; selected: false; clickable: true; longClickable: true; enabled: true; password: false; scrollable: false; [ACTION_FOCUS, ACTION_SELECT, ACTION_CLEAR_SELECTION, ACTION_CLICK, ACTION_LONG_CLICK, ACTION_ACCESSIBILITY_FOCUS, ACTION_NEXT_AT_MOVEMENT_GRANULARITY, ACTION_PREVIOUS_AT_MOVEMENT_GRANULARITY, ACTION_SET_SELECTION]]
05-22 10:45:51.033 D/InteractionController(14411): clickAndWaitForNewWindow(270, 278)
05-22 10:45:51.166 W/Parcel  ( 1661): Attempt to read object from Parcel 0x5ded3dac at offset 200 that is not in the object list
05-22 10:45:51.166 I/ActivityManager(  374): START u0 {act=android.intent.action.MAIN cat=[android.intent.category.LAUNCHER] flg=0x10200000 cmp=com.pekall.emdm.launcher/.Launcher} from pid 576
05-22 10:45:51.189 W/WindowManager(  374): Token{428c4768 ActivityRecord{426caf58 u0 com.pekall.emdm.launcher/.Launcher}} failed creating starting window
05-22 10:45:51.189 W/WindowManager(  374): android.view.InflateException: Binary XML file line #34: Error inflating class <unknown>
05-22 10:45:51.189 W/WindowManager(  374): 	at android.view.LayoutInflater.createView(LayoutInflater.java:620)
05-22 10:45:51.189 W/WindowManager(  374): 	at com.android.internal.policy.impl.PhoneLayoutInflater.onCreateView(PhoneLayoutInflater.java:56)
05-22 10:45:51.189 W/WindowManager(  374): 	at android.view.LayoutInflater.onCreateView(LayoutInflater.java:669)
05-22 10:45:51.189 W/WindowManager(  374): 	at android.view.LayoutInflater.createViewFromTag(LayoutInflater.java:694)
05-22 10:45:51.189 W/WindowManager(  374): 	at android.view.LayoutInflater.rInflate(LayoutInflater.java:755)
05-22 10:45:51.189 W/WindowManager(  374): 	at android.view.LayoutInflater.inflate(LayoutInflater.java:492)
05-22 10:45:51.189 W/WindowManager(  374): 	at android.view.LayoutInflater.inflate(LayoutInflater.java:397)
05-22 10:45:51.189 W/WindowManager(  374): 	at android.view.LayoutInflater.inflate(LayoutInflater.java:353)
05-22 10:45:51.189 W/WindowManager(  374): 	at com.android.internal.policy.impl.PhoneWindow.generateLayout(PhoneWindow.java:2823)
05-22 10:45:51.189 W/WindowManager(  374): 	at com.android.internal.policy.impl.PhoneWindow.installDecor(PhoneWindow.java:2886)
05-22 10:45:51.189 W/WindowManager(  374): 	at com.android.internal.policy.impl.PhoneWindow.getDecorView(PhoneWindow.java:1581)
05-22 10:45:51.189 W/WindowManager(  374): 	at com.android.internal.policy.impl.PhoneWindowManager.addStartingWindow(PhoneWindowManager.java:1618)
05-22 10:45:51.189 W/WindowManager(  374): 	at com.android.server.wm.WindowManagerService$H.handleMessage(WindowManagerService.java:6908)
05-22 10:45:51.189 W/WindowManager(  374): 	at android.os.Handler.dispatchMessage(Handler.java:99)
05-22 10:45:51.189 W/WindowManager(  374): 	at android.os.Looper.loop(Looper.java:137)
05-22 10:45:51.189 W/WindowManager(  374): 	at android.os.HandlerThread.run(HandlerThread.java:61)
05-22 10:45:51.189 W/WindowManager(  374): Caused by: java.lang.reflect.InvocationTargetException
05-22 10:45:51.189 W/WindowManager(  374): 	at java.lang.reflect.Constructor.constructNative(Native Method)
05-22 10:45:51.189 W/WindowManager(  374): 	at java.lang.reflect.Constructor.newInstance(Constructor.java:417)
05-22 10:45:51.189 W/WindowManager(  374): 	at android.view.LayoutInflater.createView(LayoutInflater.java:594)
05-22 10:45:51.189 W/WindowManager(  374): 	... 15 more
05-22 10:45:51.189 W/WindowManager(  374): Caused by: android.content.res.Resources$NotFoundException: Resource is not a Drawable (color or path): TypedValue{t=0x2/d=0x1010059 a=-1}
05-22 10:45:51.189 W/WindowManager(  374): 	at android.content.res.Resources.loadDrawable(Resources.java:2063)
05-22 10:45:51.189 W/WindowManager(  374): 	at android.content.res.TypedArray.getDrawable(TypedArray.java:601)
05-22 10:45:51.189 W/WindowManager(  374): 	at android.widget.FrameLayout.<init>(FrameLayout.java:109)
05-22 10:45:51.189 W/WindowManager(  374): 	at android.widget.FrameLayout.<init>(FrameLayout.java:97)
05-22 10:45:51.189 W/WindowManager(  374): 	... 18 more
05-22 10:45:51.314 D/dalvikvm(  374): GC_FOR_ALLOC freed 1235K, 23% free 23269K/30132K, paused 98ms, total 100ms
05-22 10:45:51.346 D/dalvikvm(14465): Late-enabling CheckJNI
05-22 10:45:51.346 I/ActivityManager(  374): Start proc com.pekall.emdm.launcher for activity com.pekall.emdm.launcher/.Launcher: pid=14465 uid=10066 gids={50066, 1015, 3002, 3001, 3003, 1028}
05-22 10:45:51.400 V/weixing (14465): mOpenHelper
05-22 10:45:51.408 D/dalvikvm(14465): Trying to load lib /data/app-lib/com.pekall.emdm.launcher-1/libsandbox_jni.so 0x42287008
05-22 10:45:51.408 D/dalvikvm(14465): Added shared lib /data/app-lib/com.pekall.emdm.launcher-1/libsandbox_jni.so 0x42287008
05-22 10:45:51.447 V/MyServiceConnection(14465): [SConnection] sandbox service is NOT installed.
05-22 10:45:51.447 V/MyServiceConnection(14465): [SConnection] binding service: pekall.intent.action.SANDBOX_SERVICE
05-22 10:45:51.494 W/Parcel  ( 1661): Attempt to read object from Parcel 0x6013bdac at offset 200 that is not in the object list
05-22 10:45:51.502 W/Parcel  ( 1661): Attempt to read object from Parcel 0x6003bdac at offset 200 that is not in the object list
05-22 10:45:51.502 D/ScClassLoader(14465): >> SOURCE FILE: /data/data/com.pekall.emdm.launcher/app_jars/sc-jdk15on-1.47.0.2.dex.jar
05-22 10:45:51.502 D/Email   (14465): Email: init sandbox at the beginning.
05-22 10:45:51.502 V/MyServiceConnection(14465): [SConnection] retry to bind service
05-22 10:45:51.502 V/MyServiceConnection(14465): [SConnection] sandbox service is NOT installed.
05-22 10:45:51.502 V/MyServiceConnection(14465): [SConnection] binding service: pekall.intent.action.SANDBOX_SERVICE
05-22 10:45:51.517 V/MyServiceConnection(14465): [SConnection] retry to bind service
05-22 10:45:51.517 V/MyServiceConnection(14465): [SConnection] sandbox service is NOT installed.
05-22 10:45:51.517 V/MyServiceConnection(14465): [SConnection] binding service: pekall.intent.action.SANDBOX_SERVICE
05-22 10:45:51.721 D/dalvikvm(14465): DexOpt: --- BEGIN 'sc-jdk15on-1.47.0.2.dex.jar' (bootstrap=0) ---
05-22 10:45:51.838 D/dalvikvm(14465): GC_CONCURRENT freed 252K, 4% free 9157K/9452K, paused 268ms+3ms, total 315ms
05-22 10:45:51.853 V/l       (14465): Bind requested for task setLogging
05-22 10:45:51.885 W/DocumentManager(14465): Sandbox service is not connected.
05-22 10:45:51.885 D/MessageControllerImpl(14465): controller is null
05-22 10:45:51.885 V/MyServiceConnection(14465): [SConnection] retry to bind service
05-22 10:45:51.885 V/MyServiceConnection(14465): [SConnection] sandbox service is NOT installed.
05-22 10:45:51.885 V/MyServiceConnection(14465): [SConnection] binding service: pekall.intent.action.SANDBOX_SERVICE
05-22 10:45:51.885 W/SQLiteOpenHelper(14465): Opened /data/data/com.pekall.emdm.launcher/databases/message.db
05-22 10:45:51.916 I/MessageDatabaseHelper(14465): Database update: from 0 to 2
05-22 10:45:51.994 D/MessageControllerImpl(14465): controller is null
05-22 10:45:51.994 D/MessageControllerImpl(14465): controller is null
05-22 10:45:51.994 D/MessageControllerImpl(14465): controller is null
05-22 10:45:52.072 D/EmailProvider(14465): Creating EmailProvider database
05-22 10:45:52.088 D/dalvikvm(14465): GC_CONCURRENT freed 222K, 3% free 9445K/9708K, paused 3ms+3ms, total 38ms
05-22 10:45:52.142 D/MDM :   (14465): [null:-1]->width 104
05-22 10:45:52.150 D/MDM :   (14465): [null:-1]->height 104
05-22 10:45:52.150 D/MDM :   (14465): [null:-1]->scale 0.5
05-22 10:45:52.150 D/MDM :   (14465): [null:-1]->tint false
05-22 10:45:52.174 D/dalvikvm(14465): GC_CONCURRENT freed 175K, 3% free 9716K/9984K, paused 3ms+2ms, total 23ms
05-22 10:45:52.174 D/dalvikvm(14465): WAIT_FOR_CONCURRENT_GC blocked 15ms
05-22 10:45:52.174 D/MDM :   (14465): [null:-1]->width 104
05-22 10:45:52.174 D/MDM :   (14465): [null:-1]->height 104
05-22 10:45:52.174 D/MDM :   (14465): [null:-1]->scale 0.5
05-22 10:45:52.181 D/MDM :   (14465): [null:-1]->tint false
05-22 10:45:52.181 D/MDM :   (14465): [null:-1]->icon instanceof BitmapDrawable
05-22 10:45:52.181 D/MDM :   (14465): [null:-1]->  iconWidth 87
05-22 10:45:52.181 D/MDM :   (14465): [null:-1]->  iconHeight 87
05-22 10:45:52.181 D/MDM :   (14465): [null:-1]->  107 87
05-22 10:45:52.181 D/MDM :   (14465): [null:-1]->width 104
05-22 10:45:52.181 D/MDM :   (14465): [null:-1]->height 104
05-22 10:45:52.181 D/MDM :   (14465): [null:-1]->scale 1.0
05-22 10:45:52.189 D/MDM :   (14465): [null:-1]->tint false
05-22 10:45:52.189 D/MDM :   (14465): [null:-1]->width 104
05-22 10:45:52.189 D/MDM :   (14465): [null:-1]->height 104
05-22 10:45:52.189 D/MDM :   (14465): [null:-1]->scale 1.0
05-22 10:45:52.197 D/MDM :   (14465): [null:-1]->tint false
05-22 10:45:52.197 D/MDM :   (14465): [null:-1]->icon instanceof BitmapDrawable
05-22 10:45:52.197 D/MDM :   (14465): [null:-1]->  iconWidth 87
05-22 10:45:52.197 D/MDM :   (14465): [null:-1]->  iconHeight 87
05-22 10:45:52.197 D/MDM :   (14465): [null:-1]->  107 87
05-22 10:45:52.213 D/dalvikvm(14465): GC_CONCURRENT freed 328K, 4% free 9851K/10248K, paused 3ms+2ms, total 27ms
05-22 10:45:52.213 D/dalvikvm(14465): WAIT_FOR_CONCURRENT_GC blocked 19ms
05-22 10:45:52.221 D/MDM :   (14465): [null:-1]->width 104
05-22 10:45:52.221 D/MDM :   (14465): [null:-1]->height 104
05-22 10:45:52.221 D/MDM :   (14465): [null:-1]->scale 1.0
05-22 10:45:52.221 D/MDM :   (14465): [null:-1]->tint false
05-22 10:45:52.221 D/MDM :   (14465): [null:-1]->width 104
05-22 10:45:52.221 D/MDM :   (14465): [null:-1]->height 104
05-22 10:45:52.228 D/MDM :   (14465): [null:-1]->scale 1.0
05-22 10:45:52.228 D/MDM :   (14465): [null:-1]->tint false
05-22 10:45:52.228 D/MDM :   (14465): [null:-1]->icon instanceof BitmapDrawable
05-22 10:45:52.228 D/MDM :   (14465): [null:-1]->  iconWidth 87
05-22 10:45:52.228 D/MDM :   (14465): [null:-1]->  iconHeight 87
05-22 10:45:52.228 D/MDM :   (14465): [null:-1]->  107 87
05-22 10:45:52.236 D/MDM :   (14465): [null:-1]->width 104
05-22 10:45:52.236 D/MDM :   (14465): [null:-1]->height 104
05-22 10:45:52.236 D/MDM :   (14465): [null:-1]->scale 1.0
05-22 10:45:52.252 D/dalvikvm(14465): GC_CONCURRENT freed 381K, 5% free 9882K/10380K, paused 3ms+2ms, total 22ms
05-22 10:45:52.252 D/dalvikvm(14465): WAIT_FOR_CONCURRENT_GC blocked 15ms
05-22 10:45:52.252 D/MDM :   (14465): [null:-1]->tint false
05-22 10:45:52.275 D/dalvikvm(14465): GC_FOR_ALLOC freed 81K, 5% free 9895K/10380K, paused 15ms, total 15ms
05-22 10:45:52.283 I/dalvikvm-heap(14465): Grow heap (frag case) to 12.957MB for 3415696-byte allocation
05-22 10:45:52.306 D/dalvikvm(14465): GC_FOR_ALLOC freed 0K, 4% free 13231K/13716K, paused 22ms, total 22ms
05-22 10:45:52.338 D/dalvikvm(14465): GC_CONCURRENT freed 1K, 4% free 13230K/13716K, paused 3ms+5ms, total 31ms
05-22 10:45:52.416 V/Launcher(14465): isLauncherDf = true
05-22 10:45:52.416 V/Launcher(14465): isPhoneDf = true
05-22 10:45:52.416 D/        (14465): [---null: -1---]  ScreenWidth  720
05-22 10:45:52.416 D/        (14465): [---null: -1---]  ScreenHeight  1184
05-22 10:45:52.431 D/HomeLoaders(14465): load applications
05-22 10:45:52.431 D/HomeLoaders(14465): loading user items in Thread[main,5,main]
05-22 10:45:52.431 D/HomeLoaders(14465):   --> starting workspace loader
05-22 10:45:52.431 D/HomeLoaders(14465):   ----> running workspace loader (1)
05-22 10:45:52.431 W/Parcel  ( 1661): Attempt to read object from Parcel 0x5dfd3dac at offset 200 that is not in the object list
05-22 10:45:52.439 W/Parcel  ( 1661): Attempt to read object from Parcel 0x5ec3bdac at offset 200 that is not in the object list
05-22 10:45:52.439 D/Email   (14465): Email: init sandbox at the beginning.
05-22 10:45:52.439 V/MyServiceConnection(14465): [SConnection] retry to bind service
05-22 10:45:52.439 V/MyServiceConnection(14465): [SConnection] sandbox service is NOT installed.
05-22 10:45:52.439 V/MyServiceConnection(14465): [SConnection] binding service: pekall.intent.action.SANDBOX_SERVICE
05-22 10:45:52.447 V/l       (14465): Bind requested for task setLogging
05-22 10:45:52.447 W/DocumentManager(14465): Sandbox service is not connected.
05-22 10:45:52.447 D/MessageControllerImpl(14465): controller is null
05-22 10:45:52.447 V/MyServiceConnection(14465): [SConnection] retry to bind service
05-22 10:45:52.455 V/MyServiceConnection(14465): [SConnection] sandbox service is NOT installed.
05-22 10:45:52.455 V/MyServiceConnection(14465): [SConnection] binding service: pekall.intent.action.SANDBOX_SERVICE
05-22 10:45:52.455 D/MessageControllerImpl(14465): controller is null
05-22 10:45:52.455 D/MessageControllerImpl(14465): controller is null
05-22 10:45:52.455 D/MessageControllerImpl(14465): controller is null
05-22 10:45:52.463 V/LauncherApplication(14465): onActivityStarted
05-22 10:45:52.463 D/        (14465): [---null: -1---]     awsa  onActivityResumed
05-22 10:45:52.463 V/LauncherApplication(14465): 2MdmConstant.LAST_LAUNCH_TIME = 0
05-22 10:45:52.471 D/        (14465): [---null: -1---]  activity = com.pekall.emdm.launcher.Launcher
05-22 10:45:52.471 V/LauncherApplication(14465): is not regist
05-22 10:45:52.471 W/Parcel  ( 1661): Attempt to read object from Parcel 0x5ded3dac at offset 200 that is not in the object list
05-22 10:45:52.471 I/ActivityManager(  374): START u0 {cmp=com.pekall.emdm.launcher/com.pekall.emdm.ui.SplashActivity} from pid 14465
05-22 10:45:52.478 E/LauncherApplication(14465): isShowLogoutUI = true
05-22 10:45:52.478 E/LauncherApplication(14465): LogoutShowTime 1
05-22 10:45:52.478 V/Launcher(14465): onResume1111111 
05-22 10:45:52.478 V/Launcher(14465): is logout ----> 
05-22 10:45:52.486 W/WindowManager(  374): Token{429564d0 ActivityRecord{42701850 u0 com.pekall.emdm.launcher/com.pekall.emdm.ui.SplashActivity}} failed creating starting window
05-22 10:45:52.486 W/WindowManager(  374): android.view.InflateException: Binary XML file line #34: Error inflating class <unknown>
05-22 10:45:52.486 W/WindowManager(  374): 	at android.view.LayoutInflater.createView(LayoutInflater.java:620)
05-22 10:45:52.486 W/WindowManager(  374): 	at com.android.internal.policy.impl.PhoneLayoutInflater.onCreateView(PhoneLayoutInflater.java:56)
05-22 10:45:52.486 W/WindowManager(  374): 	at android.view.LayoutInflater.onCreateView(LayoutInflater.java:669)
05-22 10:45:52.486 W/WindowManager(  374): 	at android.view.LayoutInflater.createViewFromTag(LayoutInflater.java:694)
05-22 10:45:52.486 W/WindowManager(  374): 	at android.view.LayoutInflater.rInflate(LayoutInflater.java:755)
05-22 10:45:52.486 W/WindowManager(  374): 	at android.view.LayoutInflater.inflate(LayoutInflater.java:492)
05-22 10:45:52.486 W/WindowManager(  374): 	at android.view.LayoutInflater.inflate(LayoutInflater.java:397)
05-22 10:45:52.486 W/WindowManager(  374): 	at android.view.LayoutInflater.inflate(LayoutInflater.java:353)
05-22 10:45:52.486 W/WindowManager(  374): 	at com.android.internal.policy.impl.PhoneWindow.generateLayout(PhoneWindow.java:2823)
05-22 10:45:52.486 W/WindowManager(  374): 	at com.android.internal.policy.impl.PhoneWindow.installDecor(PhoneWindow.java:2886)
05-22 10:45:52.486 W/WindowManager(  374): 	at com.android.internal.policy.impl.PhoneWindow.getDecorView(PhoneWindow.java:1581)
05-22 10:45:52.486 W/WindowManager(  374): 	at com.android.internal.policy.impl.PhoneWindowManager.addStartingWindow(PhoneWindowManager.java:1618)
05-22 10:45:52.486 W/WindowManager(  374): 	at com.android.server.wm.WindowManagerService$H.handleMessage(WindowManagerService.java:6908)
05-22 10:45:52.486 W/WindowManager(  374): 	at android.os.Handler.dispatchMessage(Handler.java:99)
05-22 10:45:52.486 W/WindowManager(  374): 	at android.os.Looper.loop(Looper.java:137)
05-22 10:45:52.486 W/WindowManager(  374): 	at android.os.HandlerThread.run(HandlerThread.java:61)
05-22 10:45:52.486 W/WindowManager(  374): Caused by: java.lang.reflect.InvocationTargetException
05-22 10:45:52.486 W/WindowManager(  374): 	at java.lang.reflect.Constructor.constructNative(Native Method)
05-22 10:45:52.486 W/WindowManager(  374): 	at java.lang.reflect.Constructor.newInstance(Constructor.java:417)
05-22 10:45:52.486 W/WindowManager(  374): 	at android.view.LayoutInflater.createView(LayoutInflater.java:594)
05-22 10:45:52.486 W/WindowManager(  374): 	... 15 more
05-22 10:45:52.486 W/WindowManager(  374): Caused by: android.content.res.Resources$NotFoundException: Resource is not a Drawable (color or path): TypedValue{t=0x2/d=0x1010059 a=-1}
05-22 10:45:52.486 W/WindowManager(  374): 	at android.content.res.Resources.loadDrawable(Resources.java:2063)
05-22 10:45:52.486 W/WindowManager(  374): 	at android.content.res.TypedArray.getDrawable(TypedArray.java:601)
05-22 10:45:52.486 W/WindowManager(  374): 	at android.widget.FrameLayout.<init>(FrameLayout.java:109)
05-22 10:45:52.486 W/WindowManager(  374): 	at android.widget.FrameLayout.<init>(FrameLayout.java:97)
05-22 10:45:52.486 W/WindowManager(  374): 	... 18 more
05-22 10:45:52.502 D/dalvikvm(14465): GC_FOR_ALLOC freed 82K, 4% free 13273K/13716K, paused 22ms, total 22ms
05-22 10:45:52.510 I/dalvikvm-heap(14465): Grow heap (frag case) to 16.255MB for 3415696-byte allocation
05-22 10:45:52.549 D/dalvikvm(14465): GC_FOR_ALLOC freed 4K, 3% free 16604K/17052K, paused 37ms, total 37ms
05-22 10:45:52.549 D/LauncherProvider(14465): creating new launcher database
05-22 10:45:52.556 D/LauncherProvider(14465): converting database from an older format, but not onUpgrade
05-22 10:45:52.603 D/dalvikvm(14465): GC_CONCURRENT freed 40K, 3% free 16628K/17052K, paused 2ms+8ms, total 46ms
05-22 10:45:52.650 D/MDM :   (14465): [null:-1]->icon instanceof BitmapDrawable
05-22 10:45:52.650 D/MDM :   (14465): [null:-1]->  iconWidth 96
05-22 10:45:52.650 D/MDM :   (14465): [null:-1]->  iconHeight 96
05-22 10:45:52.650 D/MDM :   (14465): [null:-1]->  107 96
05-22 10:45:52.650 D/        (14465): [---null: -1---]  xxd  getPackageName  com.pekall.emdm.launcher
05-22 10:45:52.650 D/        (14465): [---null: -1---]  xxd  getClassName  com.pekall.emdm.launcher.CustomShirtcutActivity
05-22 10:45:52.650 D/        (14465): [---null: -1---]  xxd info.title: Custom shortcut
05-22 10:45:52.658 D/MDM :   (14465): [null:-1]->icon instanceof BitmapDrawable
05-22 10:45:52.658 D/MDM :   (14465): [null:-1]->  iconWidth 104
05-22 10:45:52.658 D/MDM :   (14465): [null:-1]->  iconHeight 104
05-22 10:45:52.666 D/MDM :   (14465): [null:-1]->  107 104
05-22 10:45:52.666 D/        (14465): [---null: -1---]  xxd  getPackageName  com.pekall.emdm.launcher
05-22 10:45:52.666 D/        (14465): [---null: -1---]  xxd  getClassName  com.pekall.emdm.contacts.activities.DialtactsActivity
05-22 10:45:52.666 D/        (14465): [---null: -1---]  xxd info.title: Phone
05-22 10:45:52.674 D/MDM :   (14465): [null:-1]->icon instanceof BitmapDrawable
05-22 10:45:52.674 D/MDM :   (14465): [null:-1]->  iconWidth 104
05-22 10:45:52.674 D/MDM :   (14465): [null:-1]->  iconHeight 104
05-22 10:45:52.674 D/MDM :   (14465): [null:-1]->  107 104
05-22 10:45:52.674 D/        (14465): [---null: -1---]  xxd  getPackageName  com.pekall.emdm.launcher
05-22 10:45:52.674 D/        (14465): [---null: -1---]  xxd  getClassName  com.pekall.emdm.messagecenter.activity.MessageMainActivity
05-22 10:45:52.674 D/        (14465): [---null: -1---]  xxd info.title: Message Center
05-22 10:45:52.681 D/MDM :   (14465): [null:-1]->icon instanceof BitmapDrawable
05-22 10:45:52.681 D/MDM :   (14465): [null:-1]->  iconWidth 104
05-22 10:45:52.681 D/MDM :   (14465): [null:-1]->  iconHeight 104
05-22 10:45:52.681 D/MDM :   (14465): [null:-1]->  107 104
05-22 10:45:52.681 D/        (14465): [---null: -1---]  xxd  getPackageName  com.pekall.emdm.launcher
05-22 10:45:52.681 D/        (14465): [---null: -1---]  xxd  getClassName  com.pekall.emdm.document.activity.DocMainActivity
05-22 10:45:52.689 D/        (14465): [---null: -1---]  xxd info.title: Document Manager
05-22 10:45:52.689 D/MDM :   (14465): [null:-1]->icon instanceof BitmapDrawable
05-22 10:45:52.689 D/MDM :   (14465): [null:-1]->  iconWidth 104
05-22 10:45:52.689 D/MDM :   (14465): [null:-1]->  iconHeight 104
05-22 10:45:52.689 D/MDM :   (14465): [null:-1]->  107 104
05-22 10:45:52.697 D/        (14465): [---null: -1---]  xxd  getPackageName  com.pekall.emdm.launcher
05-22 10:45:52.697 D/        (14465): [---null: -1---]  xxd  getClassName  com.pekall.emdm.launcher.ui.BackPersonalActivity
05-22 10:45:52.697 D/        (14465): [---null: -1---]  xxd info.title: Personal Mode
05-22 10:45:52.697 D/MDM :   (14465): [null:-1]->icon instanceof BitmapDrawable
05-22 10:45:52.697 D/MDM :   (14465): [null:-1]->  iconWidth 104
05-22 10:45:52.697 D/MDM :   (14465): [null:-1]->  iconHeight 104
05-22 10:45:52.705 D/MDM :   (14465): [null:-1]->  107 104
05-22 10:45:52.705 D/        (14465): [---null: -1---]  xxd  getPackageName  com.pekall.emdm.launcher
05-22 10:45:52.705 D/        (14465): [---null: -1---]  xxd  getClassName  com.pekall.semail.activity.Welcome
05-22 10:45:52.705 D/        (14465): [---null: -1---]  xxd info.title: Email
05-22 10:45:52.713 D/MDM :   (14465): [null:-1]->icon instanceof BitmapDrawable
05-22 10:45:52.713 D/MDM :   (14465): [null:-1]->  iconWidth 104
05-22 10:45:52.713 D/MDM :   (14465): [null:-1]->  iconHeight 104
05-22 10:45:52.713 D/MDM :   (14465): [null:-1]->  107 104
05-22 10:45:52.713 D/        (14465): [---null: -1---]  xxd  getPackageName  com.pekall.emdm.launcher
05-22 10:45:52.713 D/        (14465): [---null: -1---]  xxd  getClassName  com.pekall.emdm.contacts.activities.PeopleActivity
05-22 10:45:52.713 D/        (14465): [---null: -1---]  xxd info.title: EmdmContacts
05-22 10:45:52.721 D/MDM :   (14465): [null:-1]->icon instanceof BitmapDrawable
05-22 10:45:52.721 D/MDM :   (14465): [null:-1]->  iconWidth 104
05-22 10:45:52.721 D/MDM :   (14465): [null:-1]->  iconHeight 104
05-22 10:45:52.721 D/MDM :   (14465): [null:-1]->  107 104
05-22 10:45:52.721 D/        (14465): [---null: -1---]  xxd  getPackageName  com.pekall.emdm.launcher
05-22 10:45:52.721 D/        (14465): [---null: -1---]  xxd  getClassName  com.pekall.emdm.browser.BrowserActivity
05-22 10:45:52.728 D/        (14465): [---null: -1---]  xxd info.title: Safe Browser
05-22 10:45:52.728 D/MDM :   (14465): [null:-1]->icon instanceof BitmapDrawable
05-22 10:45:52.728 D/MDM :   (14465): [null:-1]->  iconWidth 104
05-22 10:45:52.728 D/MDM :   (14465): [null:-1]->  iconHeight 104
05-22 10:45:52.728 D/MDM :   (14465): [null:-1]->  107 104
05-22 10:45:52.736 D/        (14465): [---null: -1---]  xxd  getPackageName  com.pekall.emdm.launcher
05-22 10:45:52.736 D/        (14465): [---null: -1---]  xxd  getClassName  com.pekall.emdm.launcher.ui.AboutActivity
05-22 10:45:52.736 D/        (14465): [---null: -1---]  xxd info.title: About
05-22 10:45:52.744 D/MDM :   (14465): [null:-1]->icon instanceof BitmapDrawable
05-22 10:45:52.744 D/MDM :   (14465): [null:-1]->  iconWidth 104
05-22 10:45:52.744 D/MDM :   (14465): [null:-1]->  iconHeight 104
05-22 10:45:52.744 D/MDM :   (14465): [null:-1]->  107 104
05-22 10:45:52.744 D/        (14465): [---null: -1---]  xxd  getPackageName  com.pekall.emdm.launcher
05-22 10:45:52.744 D/        (14465): [---null: -1---]  xxd  getClassName  com.pekall.emdm.launcher.ui.SettingActivity
05-22 10:45:52.744 D/        (14465): [---null: -1---]  xxd info.title: Setting
05-22 10:45:52.744 D/HomeLoaders(14465):   ----> workspace loader 1 finished loading data
05-22 10:45:52.744 D/HomeLoaders(14465):   ----> worskpace items=11
05-22 10:45:52.744 D/HomeLoaders(14465):   ----> worskpace widgets=0
05-22 10:45:52.744 D/HomeLoaders(14465):   --> done loading workspace; not stopped
05-22 10:45:52.744 D/HomeLoaders(14465):   ----> items cloned, ready to refresh UI
05-22 10:45:52.752 D/HomeLoaders(14465):   ----> loading applications from workspace loader
05-22 10:45:52.752 D/HomeLoaders(14465):   --> starting applications loader unlocked
05-22 10:45:52.752 D/HomeLoaders(14465):   --> starting applications loader
05-22 10:45:52.752 D/HomeLoaders(14465):   ----> running applications loader (1)
05-22 10:45:52.752 D/MDM :   (14465): [null:-1]->icon instanceof BitmapDrawable
05-22 10:45:52.760 D/MDM :   (14465): [null:-1]->  iconWidth 104
05-22 10:45:52.760 D/MDM :   (14465): [null:-1]->  iconHeight 104
05-22 10:45:52.760 D/MDM :   (14465): [null:-1]->  107 104
05-22 10:45:52.760 I/System.out(14465):  
05-22 10:45:52.760 I/System.out(14465): com.pekall.emdm.launcher.Workspace.setWallpaper(Unknown Source)
05-22 10:45:52.760 I/System.out(14465): com.pekall.emdm.launcher.Launcher.onResume(Unknown Source)
05-22 10:45:52.760 I/System.out(14465): android.app.Instrumentation.callActivityOnResume(Instrumentation.java:1192)
05-22 10:45:52.760 D/MDM :   (14465): [null:-1]->icon instanceof BitmapDrawable
05-22 10:45:52.760 I/System.out(14465): android.app.Activity.performResume(Activity.java:5211)
05-22 10:45:52.760 I/System.out(14465): android.app.ActivityThread.performResumeActivity(ActivityThread.java:2780)
05-22 10:45:52.760 I/System.out(14465): android.app.ActivityThread.handleResumeActivity(ActivityThread.java:2819)
05-22 10:45:52.760 I/System.out(14465): android.app.ActivityThread.handleLaunchActivity(ActivityThread.java:2266)
05-22 10:45:52.760 I/System.out(14465): android.app.ActivityThread.access$600(ActivityThread.java:141)
05-22 10:45:52.760 I/System.out(14465): android.app.ActivityThread$H.handleMessage(ActivityThread.java:1256)
05-22 10:45:52.760 I/System.out(14465): android.os.Handler.dispatchMessage(Handler.java:99)
05-22 10:45:52.760 I/System.out(14465): android.os.Looper.loop(Looper.java:137)
05-22 10:45:52.760 I/System.out(14465): android.app.ActivityThread.main(ActivityThread.java:5103)
05-22 10:45:52.760 I/System.out(14465): java.lang.reflect.Method.invokeNative(Native Method)
05-22 10:45:52.760 I/System.out(14465): java.lang.reflect.Method.invoke(Method.java:525)
05-22 10:45:52.760 I/System.out(14465): com.android.internal.os.ZygoteInit$MethodAndArgsCaller.run(ZygoteInit.java:737)
05-22 10:45:52.760 I/System.out(14465): com.android.internal.os.ZygoteInit.main(ZygoteInit.java:553)
05-22 10:45:52.760 I/System.out(14465): dalvik.system.NativeStart.main(Native Method)
05-22 10:45:52.783 D/dalvikvm(14465): GC_FOR_ALLOC freed 4001K, 23% free 13795K/17836K, paused 18ms, total 18ms
05-22 10:45:52.783 I/dalvikvm-heap(14465): Grow heap (frag case) to 16.765MB for 3415696-byte allocation
05-22 10:45:52.869 D/dalvikvm(14465): GC_FOR_ALLOC freed 3K, 4% free 17127K/17836K, paused 39ms, total 39ms
05-22 10:45:52.869 D/MDM :   (14465): [null:-1]->  iconWidth 104
05-22 10:45:52.885 D/MDM :   (14465): [null:-1]->  iconHeight 104
05-22 10:45:52.900 D/dalvikvm(14465): GC_CONCURRENT freed 11K, 4% free 17122K/17836K, paused 1ms+2ms, total 33ms
05-22 10:45:52.900 D/MDM :   (14465): [null:-1]->  107 104
05-22 10:45:52.916 D/MDM :   (14465): [null:-1]->icon instanceof BitmapDrawable
05-22 10:45:52.916 D/MDM :   (14465): [null:-1]->  iconWidth 104
05-22 10:45:52.916 D/MDM :   (14465): [null:-1]->  iconHeight 104
05-22 10:45:52.916 D/MDM :   (14465): [null:-1]->  107 104
05-22 10:45:52.924 D/MDM :   (14465): [null:-1]->icon instanceof BitmapDrawable
05-22 10:45:52.924 D/MDM :   (14465): [null:-1]->  iconWidth 104
05-22 10:45:52.924 D/MDM :   (14465): [null:-1]->  iconHeight 104
05-22 10:45:52.924 D/MDM :   (14465): [null:-1]->  107 104
05-22 10:45:52.931 D/MDM :   (14465): [null:-1]->icon instanceof BitmapDrawable
05-22 10:45:52.931 D/MDM :   (14465): [null:-1]->  iconWidth 101
05-22 10:45:52.931 D/MDM :   (14465): [null:-1]->  iconHeight 101
05-22 10:45:52.931 D/MDM :   (14465): [null:-1]->  107 101
05-22 10:45:52.939 D/MDM :   (14465): [null:-1]->icon instanceof BitmapDrawable
05-22 10:45:52.939 D/MDM :   (14465): [null:-1]->  iconWidth 104
05-22 10:45:52.939 D/MDM :   (14465): [null:-1]->  iconHeight 104
05-22 10:45:52.939 D/MDM :   (14465): [null:-1]->  107 104
05-22 10:45:52.947 D/dalvikvm(14486): DexOpt: load 51ms, verify+opt 957ms, 1147988 bytes
05-22 10:45:52.947 D/MDM :   (14465): [null:-1]->icon instanceof BitmapDrawable
05-22 10:45:52.947 D/MDM :   (14465): [null:-1]->  iconWidth 104
05-22 10:45:52.947 D/MDM :   (14465): [null:-1]->  iconHeight 104
05-22 10:45:52.947 D/MDM :   (14465): [null:-1]->  107 104
05-22 10:45:52.955 D/MDM :   (14465): [null:-1]->icon instanceof BitmapDrawable
05-22 10:45:52.955 D/MDM :   (14465): [null:-1]->  iconWidth 104
05-22 10:45:52.955 D/MDM :   (14465): [null:-1]->  iconHeight 104
05-22 10:45:52.955 D/MDM :   (14465): [null:-1]->  107 104
05-22 10:45:52.963 D/MDM :   (14465): [null:-1]->icon instanceof BitmapDrawable
05-22 10:45:52.963 D/MDM :   (14465): [null:-1]->  iconWidth 104
05-22 10:45:52.963 D/MDM :   (14465): [null:-1]->  iconHeight 104
05-22 10:45:52.963 D/MDM :   (14465): [null:-1]->  107 104
05-22 10:45:52.971 D/MDM :   (14465): [null:-1]->icon instanceof BitmapDrawable
05-22 10:45:52.971 D/MDM :   (14465): [null:-1]->  iconWidth 104
05-22 10:45:52.971 D/MDM :   (14465): [null:-1]->  iconHeight 104
05-22 10:45:52.971 D/MDM :   (14465): [null:-1]->  107 104
05-22 10:45:52.978 W/ActivityManager(  374): Activity pause timeout for ActivityRecord{426caf58 u0 com.pekall.emdm.launcher/.Launcher}
05-22 10:45:53.072 D/dalvikvm(14465): DexOpt: --- END 'sc-jdk15on-1.47.0.2.dex.jar' (success) ---
05-22 10:45:53.072 D/dalvikvm(14465): DEX prep '/data/data/com.pekall.emdm.launcher/app_jars/sc-jdk15on-1.47.0.2.dex.jar': unzip in 218ms, rewrite 1354ms
05-22 10:45:53.096 D/EmailProvider(14465): Creating EmailProviderBody database
05-22 10:45:53.119 W/EmailProvider(14465): restoreIfNeeded...
05-22 10:45:53.127 D/EmailProvider(14465): restoreAccounts...
05-22 10:45:53.181 D/EmailProvider(14465): Creating EmailProvider database
05-22 10:45:53.338 D/dalvikvm(14465): GC_CONCURRENT freed 1609K, 9% free 18252K/19900K, paused 3ms+4ms, total 48ms
05-22 10:45:53.338 D/dalvikvm(14465): WAIT_FOR_CONCURRENT_GC blocked 16ms
05-22 10:45:53.338 D/dalvikvm(14465): WAIT_FOR_CONCURRENT_GC blocked 20ms
05-22 10:45:53.431 V/MyServiceConnection(14465): [SConnection] retry to bind service
05-22 10:45:53.431 V/MyServiceConnection(14465): [SConnection] sandbox service is NOT installed.
05-22 10:45:53.431 V/MyServiceConnection(14465): [SConnection] binding service: pekall.intent.action.SANDBOX_SERVICE
05-22 10:45:53.439 D/MdmService(14465): [null:-1]->create mdm service
05-22 10:45:53.447 D/AssistantPhoneService(14465): [---null: -1---]onCreate====================
05-22 10:45:53.455 V/MyServiceConnection(14465): [SConnection] retry to bind service
05-22 10:45:53.455 V/MyServiceConnection(14465): [SConnection] sandbox service is NOT installed.
05-22 10:45:53.455 V/MyServiceConnection(14465): [SConnection] binding service: pekall.intent.action.SANDBOX_SERVICE
05-22 10:45:53.463 D/LauncherApplication(14465): [null:-1]->onActivityPaused
05-22 10:45:53.471 D/LauncherApplication(14465): [null:-1]->onActivityPaused  updateTime
05-22 10:45:53.471 D/ExchangeService(14465): !!! EAS ExchangeService, onCreate
05-22 10:45:53.471 D/HomeLoaders(14465):   ----> onDesktopItemsLoaded()
05-22 10:45:53.478 D/Launcher(14465): ------> binding 11 items
05-22 10:45:53.478 D/Launcher(14465): ------> binding 0 widgets
05-22 10:45:53.478 D/Launcher(14465): ------> start binding items
05-22 10:45:53.478 I/Choreographer(14465): Skipped 32 frames!  The application may be doing too much work on its main thread.
05-22 10:45:53.494 W/Parcel  ( 1661): Attempt to read object from Parcel 0x6013bdac at offset 200 that is not in the object list
05-22 10:45:53.510 D/libEGL  (14465): loaded /vendor/lib/egl/libEGL_POWERVR_SGX540_120.so
05-22 10:45:53.510 D/libEGL  (14465): loaded /vendor/lib/egl/libGLESv1_CM_POWERVR_SGX540_120.so
05-22 10:45:53.517 D/libEGL  (14465): loaded /vendor/lib/egl/libGLESv2_POWERVR_SGX540_120.so
05-22 10:45:53.549 D/EmailProvider(14465): No accounts to restore...
05-22 10:45:53.549 D/EmailProvider(14465): Deleting orphans...
05-22 10:45:53.572 D/OpenGLRenderer(14465): Enabling debug mode 0
05-22 10:45:53.572 D/HomeLoaders(14465):   ----> cleared application list
05-22 10:45:53.666 V/LauncherApplication(14465): onActivityStarted
05-22 10:45:53.666 D/        (14465): [---null: -1---]     awsa  onActivityResumed
05-22 10:45:53.666 V/LauncherApplication(14465): 2MdmConstant.LAST_LAUNCH_TIME = 1400726753478
05-22 10:45:53.681 D/        (14465): [---null: -1---]  activity = com.pekall.emdm.ui.SplashActivity
05-22 10:45:53.681 V/MyServiceConnection(14465): [SConnection] onServiceConnected, comp: com.pekall.sandbox.service.SandboxService
05-22 10:45:53.689 D/AuthenticationManager(14465): [14465] binder package: com.pekall.emdm.launcher
05-22 10:45:53.760 D/AuthenticationManager(14465): [14465] not authorized.
05-22 10:45:53.760 D/MdmService(14465): [null:-1]->receiver action :android.net.conn.CONNECTIVITY_CHANGE
05-22 10:45:53.767 D/AssistantPhoneService(14465): [---null: -1---]currentCall====================1400726753770
05-22 10:45:53.767 D/Assistant(14465): [---null: -1---]  call dataChange
05-22 10:45:53.767 D/EmailProvider(14465): EmailProvider pre-caching...
05-22 10:45:53.783 D/EmailProvider(14465): EmailProvider ready.
05-22 10:45:53.799 V/l       (14465): Connected: com.pekall.exchange.ExchangeService
05-22 10:45:53.799 V/l       (14465): Connected: com.pekall.exchange.ExchangeService
05-22 10:45:53.799 V/l       (14465): Task setLogging completed; disconnecting
05-22 10:45:53.799 D/SConnection(14465): classname is com.pekall.emdm.messagecenter.controller.MessageCenterService
05-22 10:45:53.806 D/MDM :   (14465): [null:-1]->  iconWidth 104
05-22 10:45:53.806 D/MDM :   (14465): [null:-1]->  iconHeight 104
05-22 10:45:53.806 D/MDM :   (14465): [null:-1]->  107 104
05-22 10:45:53.806 D/MDM :   (14465): [null:-1]->width 104
05-22 10:45:53.806 D/MDM :   (14465): [null:-1]->height 104
05-22 10:45:53.806 D/MDM :   (14465): [null:-1]->scale 1.0
05-22 10:45:53.806 D/MDM :   (14465): [null:-1]->tint false
05-22 10:45:53.814 D/MDM :   (14465): [null:-1]->width 104
05-22 10:45:53.814 D/MDM :   (14465): [null:-1]->height 104
05-22 10:45:53.814 D/MDM :   (14465): [null:-1]->scale 1.0
05-22 10:45:53.814 D/MDM :   (14465): [null:-1]->tint false
05-22 10:45:53.814 D/MDM :   (14465): [null:-1]->  iconWidth 104
05-22 10:45:53.814 D/MDM :   (14465): [null:-1]->  iconHeight 104
05-22 10:45:53.814 D/MDM :   (14465): [null:-1]->  107 104
05-22 10:45:53.822 D/MDM :   (14465): [null:-1]->width 104
05-22 10:45:53.822 D/MDM :   (14465): [null:-1]->height 104
05-22 10:45:53.822 D/MDM :   (14465): [null:-1]->scale 1.0
05-22 10:45:53.822 V/l       (14465): Task setLogging completed; disconnecting
05-22 10:45:53.822 D/MDM :   (14465): [null:-1]->tint false
05-22 10:45:53.830 D/MDM :   (14465): [null:-1]->width 104
05-22 10:45:53.830 D/MDM :   (14465): [null:-1]->height 104
05-22 10:45:53.830 D/MDM :   (14465): [null:-1]->scale 1.0
05-22 10:45:53.830 D/MDM :   (14465): [null:-1]->tint false
05-22 10:45:53.838 D/MDM :   (14465): [null:-1]->width 104
05-22 10:45:53.838 D/MDM :   (14465): [null:-1]->height 104
05-22 10:45:53.838 D/MDM :   (14465): [null:-1]->scale 1.0
05-22 10:45:53.838 D/MDM :   (14465): [null:-1]->tint false
05-22 10:45:53.838 D/MDM :   (14465): [null:-1]->  iconWidth 104
05-22 10:45:53.846 D/MDM :   (14465): [null:-1]->  iconHeight 104
05-22 10:45:53.846 D/MDM :   (14465): [null:-1]->  107 104
05-22 10:45:53.846 D/MDM :   (14465): [null:-1]->width 104
05-22 10:45:53.846 D/MDM :   (14465): [null:-1]->height 104
05-22 10:45:53.846 D/MDM :   (14465): [null:-1]->scale 1.0
05-22 10:45:53.846 D/MDM :   (14465): [null:-1]->tint false
05-22 10:45:53.846 D/MDM :   (14465): [null:-1]->width 104
05-22 10:45:53.853 D/MDM :   (14465): [null:-1]->height 104
05-22 10:45:53.853 D/MDM :   (14465): [null:-1]->scale 1.0
05-22 10:45:53.853 D/MDM :   (14465): [null:-1]->tint false
05-22 10:45:53.861 D/MDM :   (14465): [null:-1]->width 104
05-22 10:45:53.861 D/MDM :   (14465): [null:-1]->height 104
05-22 10:45:53.861 D/MDM :   (14465): [null:-1]->scale 1.0
05-22 10:45:53.861 D/MDM :   (14465): [null:-1]->tint false
05-22 10:45:53.877 D/MDM :   (14465): [null:-1]->  iconWidth 104
05-22 10:45:53.877 D/MDM :   (14465): [null:-1]->  iconHeight 104
05-22 10:45:53.877 D/MDM :   (14465): [null:-1]->  107 104
05-22 10:45:54.127 D/dalvikvm(14465): JIT unchain all for threadid=11
05-22 10:45:54.135 W/InteractionController(14411): runAndwaitForEvent timedout waiting for events
05-22 10:45:54.142 D/        (14465): [---null: -1---]  xxd111  getPackageName  com.pekall.emdm.launcher
05-22 10:45:54.142 D/        (14465): [---null: -1---]  xxd111  getClassName  com.pekall.emdm.document.activity.DocMainActivity
05-22 10:45:54.150 D/        (14465): [---null: -1---]  xxd111  info.title  Document Manager ,count is 0
05-22 10:45:54.150 D/MDM :   (14465): [null:-1]->  iconWidth 104
05-22 10:45:54.150 D/MDM :   (14465): [null:-1]->  iconHeight 104
05-22 10:45:54.158 D/MDM :   (14465): [null:-1]->  107 104
05-22 10:45:54.158 D/        (14465): [---null: -1---]  xxd111  getPackageName  com.pekall.emdm.launcher
05-22 10:45:54.158 D/        (14465): [---null: -1---]  xxd111  getClassName  com.pekall.emdm.launcher.ui.BackPersonalActivity
05-22 10:45:54.166 D/        (14465): [---null: -1---]  xxd111  info.title  Personal Mode ,count is 0
05-22 10:45:54.174 D/MDM :   (14465): [null:-1]->  iconWidth 104
05-22 10:45:54.431 D/dalvikvm(14465): JIT unchain all for threadid=11
05-22 10:45:54.455 D/dalvikvm(14465): GC_CONCURRENT freed 2030K, 10% free 19326K/21404K, paused 260ms+260ms, total 576ms
05-22 10:45:54.455 D/dalvikvm(14465): WAIT_FOR_CONCURRENT_GC blocked 280ms
05-22 10:45:54.455 D/MDM :   (14465): [null:-1]->  iconHeight 104
05-22 10:45:54.455 W/CursorWrapperInner(14465): Cursor finalized without prior close()
05-22 10:45:54.455 D/MDM :   (14465): [null:-1]->  107 104
05-22 10:45:54.463 D/        (14465): [---null: -1---]  xxd111  getPackageName  com.pekall.emdm.launcher
05-22 10:45:54.463 D/        (14465): [---null: -1---]  xxd111  getClassName  com.pekall.semail.activity.Welcome
05-22 10:45:54.463 D/dalvikvm(14465): WAIT_FOR_CONCURRENT_GC blocked 290ms
05-22 10:45:54.471 D/dalvikvm(14465): WAIT_FOR_CONCURRENT_GC blocked 295ms
05-22 10:45:54.471 D/dalvikvm(14465): WAIT_FOR_CONCURRENT_GC blocked 297ms
05-22 10:45:54.471 D/        (14465): [---null: -1---]  xxd111  info.title  Email ,count is 0
05-22 10:45:54.478 D/ExchangeService(14465): !!! EAS ExchangeService, onStartCommand, startingUp = false, running = false
05-22 10:45:54.478 D/ExchangeService(14465): to start secureStorageService now
05-22 10:45:54.478 V/a       (14465): Bind requested for task test
05-22 10:45:54.486 I/Choreographer(14465): Skipped 53 frames!  The application may be doing too much work on its main thread.
05-22 10:45:54.564 V/a       (14465): Bind requested for task getDeviceId
05-22 10:45:54.572 V/a       (14465): Waiting for task getDeviceId to complete...
05-22 10:45:54.619 W/ActivityManager(  374): Unable to start service Intent { cmp=com.pekall.emdm.launcher/com.pekall.semail.service.AttachmentDownloadService } U=0: not found
05-22 10:45:54.650 D/MDM :   (14465): [null:-1]->  iconWidth 104
05-22 10:45:54.650 D/MDM :   (14465): [null:-1]->  iconHeight 104
05-22 10:45:54.650 D/MDM :   (14465): [null:-1]->  107 104
05-22 10:45:54.650 D/        (14465): [---null: -1---]  xxd111  getPackageName  com.pekall.emdm.launcher
05-22 10:45:54.650 D/        (14465): [---null: -1---]  xxd111  getClassName  com.pekall.emdm.contacts.activities.PeopleActivity
05-22 10:45:54.650 W/ActivityManager(  374): Unable to start service Intent { cmp=com.pekall.emdm.launcher/com.pekall.semail.service.AttachmentDownloadService } U=0: not found
05-22 10:45:54.658 D/        (14465): [---null: -1---]  xxd111  info.title  EmdmContacts ,count is 0
05-22 10:45:54.658 D/MDM :   (14465): [null:-1]->  iconWidth 104
05-22 10:45:54.658 D/MDM :   (14465): [null:-1]->  iconHeight 104
05-22 10:45:54.658 D/MDM :   (14465): [null:-1]->  107 104
05-22 10:45:54.658 D/        (14465): [---null: -1---]  xxd111  getPackageName  com.pekall.emdm.launcher
05-22 10:45:54.658 D/        (14465): [---null: -1---]  xxd111  getClassName  com.pekall.emdm.browser.BrowserActivity
05-22 10:45:54.666 D/        (14465): [---null: -1---]  xxd111  info.title  Safe Browser ,count is 0
05-22 10:45:54.666 D/MDM :   (14465): [null:-1]->  iconWidth 104
05-22 10:45:54.666 D/MDM :   (14465): [null:-1]->  iconHeight 104
05-22 10:45:54.666 D/MDM :   (14465): [null:-1]->  107 104
05-22 10:45:54.666 D/        (14465): [---null: -1---]  xxd111  getPackageName  com.pekall.emdm.launcher
05-22 10:45:54.666 D/        (14465): [---null: -1---]  xxd111  getClassName  com.pekall.emdm.launcher.ui.AboutActivity
05-22 10:45:54.674 D/        (14465): [---null: -1---]  xxd111  info.title  About ,count is 0
05-22 10:45:54.674 D/MDM :   (14465): [null:-1]->  iconWidth 104
05-22 10:45:54.674 D/MDM :   (14465): [null:-1]->  iconHeight 104
05-22 10:45:54.674 D/MDM :   (14465): [null:-1]->  107 104
05-22 10:45:54.674 D/        (14465): [---null: -1---]  xxd111  getPackageName  com.pekall.emdm.launcher
05-22 10:45:54.674 D/        (14465): [---null: -1---]  xxd111  getClassName  com.pekall.emdm.launcher.ui.SettingActivity
05-22 10:45:54.674 D/        (14465): [---null: -1---]  xxd111  info.title  Setting ,count is 0
05-22 10:45:54.697 I/Email   (14465): Notifications being toggled: false
05-22 10:45:54.697 I/Email   (14465): Notifications being toggled: false
05-22 10:45:54.971 D/dalvikvm(14465): JIT unchain all for threadid=11
05-22 10:45:54.994 D/dalvikvm(14465): GC_FOR_ALLOC freed 473K, 9% free 19632K/21532K, paused 278ms, total 278ms
05-22 10:45:55.010 I/dalvikvm-heap(14465): Grow heap (frag case) to 22.465MB for 3415696-byte allocation
05-22 10:45:55.267 D/dalvikvm(14465): JIT unchain all for threadid=11
05-22 10:45:55.314 D/dalvikvm(14465): GC_FOR_ALLOC freed 1K, 8% free 22966K/24868K, paused 298ms, total 298ms
05-22 10:45:55.431 I/Choreographer(14465): Skipped 45 frames!  The application may be doing too much work on its main thread.
05-22 10:45:55.580 I/ActivityManager(  374): Displayed com.pekall.emdm.launcher/com.pekall.emdm.ui.SplashActivity: +2s604ms (total +4s249ms)
05-22 10:45:55.580 I/ActivityManager(  374): Displayed com.pekall.emdm.launcher/.Launcher: +4s250ms
05-22 10:45:55.603 W/Parcel  ( 1661): Attempt to read object from Parcel 0x5dfd3dac at offset 200 that is not in the object list
05-22 10:45:55.603 I/ActivityManager(  374): START u0 {cmp=com.pekall.emdm.launcher/com.pekall.emdm.ui.AdvActivity} from pid 14465
05-22 10:45:55.611 W/WindowManager(  374): Token{4261e558 ActivityRecord{427b5f70 u0 com.pekall.emdm.launcher/com.pekall.emdm.ui.AdvActivity}} failed creating starting window
05-22 10:45:55.611 W/WindowManager(  374): android.view.InflateException: Binary XML file line #34: Error inflating class <unknown>
05-22 10:45:55.611 W/WindowManager(  374): 	at android.view.LayoutInflater.createView(LayoutInflater.java:620)
05-22 10:45:55.611 W/WindowManager(  374): 	at com.android.internal.policy.impl.PhoneLayoutInflater.onCreateView(PhoneLayoutInflater.java:56)
05-22 10:45:55.611 W/WindowManager(  374): 	at android.view.LayoutInflater.onCreateView(LayoutInflater.java:669)
05-22 10:45:55.611 W/WindowManager(  374): 	at android.view.LayoutInflater.createViewFromTag(LayoutInflater.java:694)
05-22 10:45:55.611 W/WindowManager(  374): 	at android.view.LayoutInflater.rInflate(LayoutInflater.java:755)
05-22 10:45:55.611 W/WindowManager(  374): 	at android.view.LayoutInflater.inflate(LayoutInflater.java:492)
05-22 10:45:55.611 W/WindowManager(  374): 	at android.view.LayoutInflater.inflate(LayoutInflater.java:397)
05-22 10:45:55.611 W/WindowManager(  374): 	at android.view.LayoutInflater.inflate(LayoutInflater.java:353)
05-22 10:45:55.611 W/WindowManager(  374): 	at com.android.internal.policy.impl.PhoneWindow.generateLayout(PhoneWindow.java:2823)
05-22 10:45:55.611 W/WindowManager(  374): 	at com.android.internal.policy.impl.PhoneWindow.installDecor(PhoneWindow.java:2886)
05-22 10:45:55.611 W/WindowManager(  374): 	at com.android.internal.policy.impl.PhoneWindow.getDecorView(PhoneWindow.java:1581)
05-22 10:45:55.611 W/WindowManager(  374): 	at com.android.internal.policy.impl.PhoneWindowManager.addStartingWindow(PhoneWindowManager.java:1618)
05-22 10:45:55.611 W/WindowManager(  374): 	at com.android.server.wm.WindowManagerService$H.handleMessage(WindowManagerService.java:6908)
05-22 10:45:55.611 W/WindowManager(  374): 	at android.os.Handler.dispatchMessage(Handler.java:99)
05-22 10:45:55.611 W/WindowManager(  374): 	at android.os.Looper.loop(Looper.java:137)
05-22 10:45:55.611 W/WindowManager(  374): 	at android.os.HandlerThread.run(HandlerThread.java:61)
05-22 10:45:55.611 W/WindowManager(  374): Caused by: java.lang.reflect.InvocationTargetException
05-22 10:45:55.611 W/WindowManager(  374): 	at java.lang.reflect.Constructor.constructNative(Native Method)
05-22 10:45:55.611 W/WindowManager(  374): 	at java.lang.reflect.Constructor.newInstance(Constructor.java:417)
05-22 10:45:55.611 W/WindowManager(  374): 	at android.view.LayoutInflater.createView(LayoutInflater.java:594)
05-22 10:45:55.611 W/WindowManager(  374): 	... 15 more
05-22 10:45:55.611 W/WindowManager(  374): Caused by: android.content.res.Resources$NotFoundException: Resource is not a Drawable (color or path): TypedValue{t=0x2/d=0x1010059 a=-1}
05-22 10:45:55.611 W/WindowManager(  374): 	at android.content.res.Resources.loadDrawable(Resources.java:2063)
05-22 10:45:55.611 W/WindowManager(  374): 	at android.content.res.TypedArray.getDrawable(TypedArray.java:601)
05-22 10:45:55.611 W/WindowManager(  374): 	at android.widget.FrameLayout.<init>(FrameLayout.java:109)
05-22 10:45:55.611 W/WindowManager(  374): 	at android.widget.FrameLayout.<init>(FrameLayout.java:97)
05-22 10:45:55.611 W/WindowManager(  374): 	... 18 more
05-22 10:45:55.744 D/dalvikvm(  374): GC_FOR_ALLOC freed 2205K, 26% free 22567K/30132K, paused 82ms, total 82ms
05-22 10:45:55.752 D/MDM :   (14465): [null:-1]->  iconWidth 104
05-22 10:45:55.752 D/MDM :   (14465): [null:-1]->  iconHeight 104
05-22 10:45:55.752 D/MDM :   (14465): [null:-1]->  107 104
05-22 10:45:55.760 D/MDM :   (14465): [null:-1]->  iconWidth 104
05-22 10:45:55.760 D/MDM :   (14465): [null:-1]->  iconHeight 104
05-22 10:45:55.760 D/MDM :   (14465): [null:-1]->  107 104
05-22 10:45:55.760 D/MDM :   (14465): [null:-1]->  iconWidth 104
05-22 10:45:55.760 D/MDM :   (14465): [null:-1]->  iconHeight 104
05-22 10:45:55.760 D/MDM :   (14465): [null:-1]->  107 104
05-22 10:45:55.767 D/MDM :   (14465): [null:-1]->  iconWidth 104
05-22 10:45:55.767 D/MDM :   (14465): [null:-1]->  iconHeight 104
05-22 10:45:55.767 D/MDM :   (14465): [null:-1]->  107 104
05-22 10:45:55.767 D/MDM :   (14465): [null:-1]->  iconWidth 104
05-22 10:45:55.767 D/MDM :   (14465): [null:-1]->  iconHeight 104
05-22 10:45:55.775 D/MDM :   (14465): [null:-1]->  107 104
05-22 10:45:55.775 D/MDM :   (14465): [null:-1]->  iconWidth 104
05-22 10:45:55.775 D/MDM :   (14465): [null:-1]->  iconHeight 104
05-22 10:45:55.775 D/MDM :   (14465): [null:-1]->  107 104
05-22 10:45:55.775 D/MDM :   (14465): [null:-1]->  iconWidth 104
05-22 10:45:55.783 D/MDM :   (14465): [null:-1]->  iconHeight 104
05-22 10:45:55.783 D/MDM :   (14465): [null:-1]->  107 104
05-22 10:45:55.783 D/MDM :   (14465): [null:-1]->  iconWidth 104
05-22 10:45:55.783 D/MDM :   (14465): [null:-1]->  iconHeight 104
05-22 10:45:55.783 D/MDM :   (14465): [null:-1]->  107 104
05-22 10:45:55.791 D/MDM :   (14465): [null:-1]->  iconWidth 104
05-22 10:45:55.791 D/MDM :   (14465): [null:-1]->  iconHeight 104
05-22 10:45:55.791 D/MDM :   (14465): [null:-1]->  107 104
05-22 10:45:55.791 D/MDM :   (14465): [null:-1]->  iconWidth 104
05-22 10:45:55.791 D/MDM :   (14465): [null:-1]->  iconHeight 104
05-22 10:45:55.791 D/MDM :   (14465): [null:-1]->  107 104
05-22 10:45:55.799 V/a       (14465): Connected: com.pekall.semail.service.AccountServiceInternal
05-22 10:45:55.799 V/a       (14465): Connected: com.pekall.semail.service.AccountServiceInternal
