05-22 10:46:20.877 I/QueryController(14411): Matched selector: UiSelector[CLASS=android.widget.EditText, INSTANCE=2, COUNT=2] <<==>> [android.view.accessibility.AccessibilityNodeInfo@128e4; boundsInParent: Rect(0, 0 - 621, 76); boundsInScreen: Rect(49, 560 - 670, 636); packageName: com.pekall.emdm.launcher; className: android.widget.EditText; text: null; contentDescription: null; viewIdResName: com.pekall.emdm.launcher:id/mdm_edit; checkable: false; checked: false; focusable: true; focused: true; selected: false; clickable: true; longClickable: true; enabled: true; password: true; scrollable: false; [ACTION_CLEAR_FOCUS, ACTION_SELECT, ACTION_CLEAR_SELECTION, ACTION_CLICK, ACTION_LONG_CLICK, ACTION_ACCESSIBILITY_FOCUS]]
05-22 10:46:23.142 D/dalvikvm(14411): GC_CONCURRENT freed 386K, 92% free 655K/8072K, paused 1ms+1ms, total 7ms
05-22 10:46:24.400 I/QueryController(14411): Matched selector: UiSelector[TEXT=Login, CLASS=android.widget.Button] <<==>> [android.view.accessibility.AccessibilityNodeInfo@1161f; boundsInParent: Rect(0, 0 - 660, 96); boundsInScreen: Rect(30, 824 - 690, 920); packageName: com.pekall.emdm.launcher; className: android.widget.Button; text: Login; contentDescription: null; viewIdResName: com.pekall.emdm.launcher:id/ok_button; checkable: false; checked: false; focusable: true; focused: false; selected: false; clickable: true; longClickable: false; enabled: true; password: false; scrollable: false; [ACTION_FOCUS, ACTION_SELECT, ACTION_CLEAR_SELECTION, ACTION_CLICK, ACTION_ACCESSIBILITY_FOCUS, ACTION_NEXT_AT_MOVEMENT_GRANULARITY, ACTION_PREVIOUS_AT_MOVEMENT_GRANULARITY, ACTION_SET_SELECTION]]
05-22 10:46:24.400 D/InteractionController(14411): clickAndWaitForNewWindow(360, 872)
05-22 10:46:24.556 I/TransInfo(14465): TransInfo created, id: 9, class: class com.pekall.emdm.transaction.c.e
05-22 10:46:24.556 D/NetworkThread(14465): [null:-1]->----isRunning-----false
05-22 10:46:24.564 D/NetworkThread(14465): [null:-1]->----net work thread begin-----4975
05-22 10:46:24.564 D/NetworkThread(14465): [null:-1]->sendHttpGet: http://192.168.10.21/rest/mdm/v1/system/get_system_info?username=pekall
05-22 10:46:24.572 D/HttpClient(14465): enable apache.http debug
05-22 10:46:24.603 V/DEBUG   (14465): HTTP 0
05-22 10:46:25.627 D/dalvikvm(14411): GC_CONCURRENT freed 393K, 92% free 647K/8072K, paused 1ms+1ms, total 7ms
05-22 10:46:26.025 D/dalvikvm(14411): GC_CONCURRENT freed 394K, 93% free 642K/8072K, paused 0ms+0ms, total 7ms
05-22 10:46:26.205 D/dalvikvm(14411): GC_CONCURRENT freed 387K, 93% free 644K/8072K, paused 2ms+0ms, total 8ms
05-22 10:46:26.385 D/dalvikvm(14411): GC_CONCURRENT freed 388K, 92% free 647K/8072K, paused 2ms+0ms, total 8ms
05-22 10:46:26.572 D/dalvikvm(14411): GC_CONCURRENT freed 390K, 92% free 648K/8072K, paused 2ms+1ms, total 9ms
05-22 10:46:26.744 D/dalvikvm(14411): GC_CONCURRENT freed 390K, 92% free 647K/8072K, paused 2ms+1ms, total 10ms
05-22 10:46:26.924 D/dalvikvm(14411): GC_CONCURRENT freed 391K, 92% free 660K/8072K, paused 1ms+0ms, total 10ms
05-22 10:46:27.088 D/dalvikvm(14411): GC_CONCURRENT freed 408K, 92% free 647K/8072K, paused 1ms+1ms, total 7ms
05-22 10:46:27.283 D/dalvikvm(14411): GC_CONCURRENT freed 390K, 92% free 648K/8072K, paused 2ms+1ms, total 9ms
05-22 10:46:27.471 D/dalvikvm(14411): GC_CONCURRENT freed 391K, 92% free 648K/8072K, paused 2ms+1ms, total 10ms
05-22 10:46:27.642 D/dalvikvm(14411): GC_CONCURRENT freed 391K, 92% free 648K/8072K, paused 2ms+1ms, total 11ms
05-22 10:46:27.806 D/dalvikvm(14411): GC_CONCURRENT freed 396K, 93% free 642K/8072K, paused 1ms+1ms, total 7ms
05-22 10:46:28.002 D/dalvikvm(14411): GC_CONCURRENT freed 386K, 92% free 647K/8072K, paused 1ms+0ms, total 6ms
05-22 10:46:28.174 D/dalvikvm(14411): GC_CONCURRENT freed 392K, 92% free 648K/8072K, paused 0ms+1ms, total 5ms
05-22 10:46:28.330 D/dalvikvm(14411): GC_CONCURRENT freed 391K, 92% free 648K/8072K, paused 2ms+1ms, total 8ms
05-22 10:46:28.478 D/dalvikvm(14411): GC_CONCURRENT freed 391K, 92% free 662K/8072K, paused 1ms+0ms, total 8ms
05-22 10:46:28.658 D/dalvikvm(14411): GC_CONCURRENT freed 407K, 92% free 648K/8072K, paused 2ms+1ms, total 9ms
05-22 10:46:28.822 D/dalvikvm(14411): GC_CONCURRENT freed 391K, 92% free 648K/8072K, paused 1ms+1ms, total 8ms
05-22 10:46:28.994 D/dalvikvm(14411): GC_CONCURRENT freed 396K, 93% free 642K/8072K, paused 0ms+1ms, total 7ms
05-22 10:46:29.174 D/dalvikvm(14411): GC_CONCURRENT freed 387K, 92% free 646K/8072K, paused 2ms+1ms, total 7ms
05-22 10:46:29.338 D/dalvikvm(14411): GC_CONCURRENT freed 391K, 92% free 646K/8072K, paused 1ms+1ms, total 6ms
05-22 10:46:29.502 D/dalvikvm(14411): GC_CONCURRENT freed 395K, 93% free 642K/8072K, paused 0ms+1ms, total 6ms
05-22 10:46:29.681 D/dalvikvm(14411): GC_CONCURRENT freed 391K, 93% free 642K/8072K, paused 1ms+1ms, total 6ms
05-22 10:46:29.783 D/MDM :   (14465): [null:-1]->statusCode : 200
05-22 10:46:29.783 D/MDM :   (14465): [null:-1]->statusCode : 200
05-22 10:46:29.783 V/DEBUG   (14465): HTTP 1
05-22 10:46:29.791 D/MDM :   (14465): [null:-1]->read network input stream
05-22 10:46:29.799 D/MDM :   (14465): [null:-1]->Get joson string: {"result":0,"systemInfo":{"comId":1,"serverVersion":"1.2","serverVersionCode":3}}
05-22 10:46:29.838 D/NetworkThread(14465): [null:-1]->clear mCurrentTransInfo
05-22 10:46:29.838 D/NetworkThread(14465): [null:-1]->queue is empty, thread wait...
05-22 10:46:29.861 D/dalvikvm(14411): GC_CONCURRENT freed 387K, 92% free 646K/8072K, paused 1ms+1ms, total 8ms
05-22 10:46:29.955 D/MDM :   (14465): [null:-1]->handleMessage
05-22 10:46:30.002 I/TransInfo(14465): TransInfo created, id: 1, class: class com.pekall.emdm.transaction.c.f
05-22 10:46:30.002 D/NetworkThread(14465): [null:-1]->----isRunning-----true
05-22 10:46:30.002 D/NetworkThread(14465): [null:-1]->----isRunning-----true
05-22 10:46:30.002 D/NetworkThread(14465): [null:-1]->thread wakeup
05-22 10:46:30.010 D/NetworkThread(14465): [null:-1]->sendHttpPost:PostRequest, url: http://192.168.10.21/rest/mdm/v1/user/login_mdm, Params: [username:zhenhua.sang@pekall.com][password:123456][com_id:1], 
05-22 10:46:30.010 D/HttpClient(14465): enable apache.http debug
05-22 10:46:30.017 V/DEBUG   (14465): HTTP 0
05-22 10:46:30.041 E/QueryController(14411): Got null root node from accessibility - Retrying...
05-22 10:46:30.142 D/MDM :   (14465): [null:-1]->statusCode : 200
05-22 10:46:30.142 D/MDM :   (14465): [null:-1]->statusCode : 200
05-22 10:46:30.150 V/DEBUG   (14465): HTTP 1
05-22 10:46:30.150 D/MDM :   (14465): [null:-1]->read network input stream
05-22 10:46:30.150 D/MDM :   (14465): [null:-1]->Get joson string: {"result":0,"userInfo":{"id":1134,"type":51302,"password":null,"status":51001,"roles":8,"comId":1,"isAdmin":0,"fullName":"","phone":"010-2222222","cellPhone":"12345678910","email":"zhenhua.sang@pekall.com","firstName":null,"lastName":null,"business":null,"im":null,"username":"zhenhua.sang@pekall.com","labelPath":null,"userKey":"uPVi3f5AIdavCrAT","token":"59796fcae09ba7a642a8bcba531c39e41134","deleted":0,"updateTime":1398231202000,"createTime":1397549312000,"directLabelId":0,"isInLabel":1,"setPwd":0,"labels":null,"encrpPwd":null,"deviceNo":0,"new":false}}
05-22 10:46:30.197 I/System.out(14465): [cjx]initUserSecret,keyLength:16,DEK:[1400726790205,1400985990205]
05-22 10:46:30.197 I/System.out(14465): [cjx]to generate user KEK now,keyLength:32,algorithm:Rijndael256
05-22 10:46:30.322 I/System.out(14465): [cjx]blockSize:32
05-22 10:46:30.322 I/System.out(14465): [cjx]iv:[112, 101, 107, 97, 108, 108, 50, 48, 49, 52, 97, 101, 115, 99, 106, 120, 112, 101, 107, 97, 108, 108, 50, 48, 49, 52, 97, 101, 115, 99, 106, 120]
05-22 10:46:30.322 I/System.out(14465): [cjx]secret:[-94, 35, 21, 34, 6, -61, -108, -46, 6, 56, -82, 111, 24, -59, 0, -21, 43, -46, -16, 27, -76, 52, 9, 117, -69, 64, 55, -122, -120, -69, -38, 9]
05-22 10:46:30.330 I/System.out(14465): [cjx]successfully store userID:[B@4352ffe8
05-22 10:46:30.330 I/System.out(14465): [cjx]blockSize:32
05-22 10:46:30.338 I/System.out(14465): [cjx]iv:[112, 101, 107, 97, 108, 108, 50, 48, 49, 52, 97, 101, 115, 99, 106, 120, 112, 101, 107, 97, 108, 108, 50, 48, 49, 52, 97, 101, 115, 99, 106, 120]
05-22 10:46:30.338 I/System.out(14465): [cjx]secret:[-94, 35, 21, 34, 6, -61, -108, -46, 6, 56, -82, 111, 24, -59, 0, -21, 43, -46, -16, 27, -76, 52, 9, 117, -69, 64, 55, -122, -120, -69, -38, 9]
05-22 10:46:30.338 I/System.out(14465): [cjx]successfully store DEK.
05-22 10:46:30.338 D/NetworkThread(14465): [null:-1]->clear mCurrentTransInfo
05-22 10:46:30.338 D/NetworkThread(14465): [null:-1]->queue is empty, thread wait...
05-22 10:46:30.439 D/MDM :   (14465): [null:-1]->handleMessage
05-22 10:46:30.721 D/dalvikvm(14465): JIT unchain all for threadid=11
05-22 10:46:30.752 I/TransInfo(14465): TransInfo created, id: 8, class: class com.pekall.emdm.transaction.c.a
05-22 10:46:30.760 D/NetworkThread(14465): [null:-1]->----isRunning-----true
05-22 10:46:30.760 D/NetworkThread(14465): [null:-1]->----isRunning-----true
05-22 10:46:30.760 D/NetworkThread(14465): [null:-1]->thread wakeup
05-22 10:46:31.025 D/dalvikvm(14465): JIT unchain all for threadid=11
05-22 10:46:31.103 D/dalvikvm(14465): GC_CONCURRENT freed 4606K, 17% free 27934K/33312K, paused 257ms+264ms, total 630ms
05-22 10:46:31.111 E/QueryController(14411): Got null root node from accessibility - Retrying...
05-22 10:46:31.127 D/NetworkThread(14465): [null:-1]->sendHttpPost:PostRequest, url: http://192.168.10.21/rest/mdm/v1/device/check_device, Params: [mac:20:64:32:7a:19:48][imei:351554059027897][ios_uuid:00013fbc8ecec5b90000014621d2a3af][os:51201], 
05-22 10:46:31.127 D/HttpClient(14465): enable apache.http debug
05-22 10:46:31.150 V/DEBUG   (14465): HTTP 0
05-22 10:46:31.353 D/MDM :   (14465): [null:-1]->statusCode : 200
05-22 10:46:31.361 D/MDM :   (14465): [null:-1]->statusCode : 200
05-22 10:46:31.361 V/DEBUG   (14465): HTTP 1
05-22 10:46:31.361 D/MDM :   (14465): [null:-1]->read network input stream
05-22 10:46:31.369 D/MDM :   (14465): [null:-1]->Get joson string: {"result":0,"deviceInfo":{"language":null,"id":449,"type":50701,"productName":"yakju","status":50001,"mac":"20:64:32:7a:19:48","comId":1,"userId":1134,"os":51201,"updateTime":1400726503000,"deviceDetail":null,"createTime":1397813424000,"deviceUuid":"00013fbc8ecec5b90000014621cdacf6","sn":"","model":"Galaxy Nexus","iosUdid":"00013fbc8ecec5b90000014621cdacf6","lastCheckin":1400726552000,"securityInfo":"{\"HardwareEncryptionCaps\":0,\"PasscodePresent\":false,\"PasscodeCompliant\":false,\"PasscodeCompliantWithProfiles\":true}","imei":"351554059027897","labelNames":null,"mdmUserInfo":null,"connect":1,"dvId":10435,"isRoot":null,"isPrison":null,"groupCount":0,"new":false}}
05-22 10:46:31.408 D/NetworkThread(14465): [null:-1]->clear mCurrentTransInfo
05-22 10:46:31.408 D/NetworkThread(14465): [null:-1]->queue is empty, thread wait...
05-22 10:46:31.510 D/MDM :   (14465): [null:-1]->handleMessage
05-22 10:46:31.517 I/TransInfo(14465): TransInfo created, id: 2, class: class com.pekall.emdm.transaction.c.g
05-22 10:46:31.517 D/NetworkThread(14465): [null:-1]->----isRunning-----true
05-22 10:46:31.517 D/NetworkThread(14465): [null:-1]->----isRunning-----true
05-22 10:46:31.517 D/NetworkThread(14465): [null:-1]->thread wakeup
05-22 10:46:31.525 D/NetworkThread(14465): [null:-1]->sendHttpPost:PostRequest, url: http://192.168.10.21/rest/mdm/v1/device/register_device, Params: [device_uuid:00013fbc8ecec5b90000014621d2a3af][os:51201][device_type:50701][dv_id:10435][sn:][mac:20:64:32:7a:19:48][imei:351554059027897], 
05-22 10:46:31.525 D/HttpClient(14465): enable apache.http debug
05-22 10:46:31.525 V/DEBUG   (14465): HTTP 0
05-22 10:46:32.228 D/dalvikvm(14411): GC_CONCURRENT freed 395K, 93% free 643K/8072K, paused 1ms+1ms, total 8ms
05-22 10:46:32.400 D/dalvikvm(14411): GC_CONCURRENT freed 386K, 92% free 647K/8072K, paused 2ms+0ms, total 8ms
05-22 10:46:32.424 D/MDM :   (14465): [null:-1]->statusCode : 200
05-22 10:46:32.424 D/MDM :   (14465): [null:-1]->statusCode : 200
05-22 10:46:32.431 V/DEBUG   (14465): HTTP 1
05-22 10:46:32.431 D/MDM :   (14465): [null:-1]->read network input stream
05-22 10:46:32.439 D/MDM :   (14465): [null:-1]->Get joson string: {"result":0,"loginInfo":{"mdmPushServerInfoVo":{"id":0,"port":9090,"count":123,"ip":"test.mdm.everknow.cn","pushToken":"123456"},"profileUrl":null}}
05-22 10:46:32.494 W/Parcel  ( 1661): Attempt to read object from Parcel 0x5ded3dac at offset 200 that is not in the object list
05-22 10:46:32.502 D/NetworkThread(14465): [null:-1]->clear mCurrentTransInfo
05-22 10:46:32.502 D/NetworkThread(14465): [null:-1]->queue is empty, thread wait...
05-22 10:46:32.502 D/MdmService(14465): [null:-1]->receiver action :com.pekall.mdm.action.MDM_REGISTERED
05-22 10:46:32.510 D/MdmService(14465): [null:-1]->correctAlarm
05-22 10:46:32.517 I/TransInfo(14465): TransInfo created, id: 5, class: class com.pekall.emdm.transaction.c.j
05-22 10:46:32.517 D/NetworkThread(14465): [null:-1]->----isRunning-----true
05-22 10:46:32.517 D/NetworkThread(14465): [null:-1]->----isRunning-----true
05-22 10:46:32.517 D/NetworkThread(14465): [null:-1]->thread wakeup
05-22 10:46:32.517 D/NetworkThread(14465): [null:-1]->sendHttpGet: http://192.168.10.21/rest/mdm/v1/device/trigger_cmd?device_uuid=00013fbc8ecec5b90000014621d2a3af&cmd_types=10103
05-22 10:46:32.517 D/HttpClient(14465): enable apache.http debug
05-22 10:46:32.525 D/MdmService(14465): [null:-1]->keepAliveWithPushServer  client is null 
05-22 10:46:32.525 V/DEBUG   (14465): HTTP 0
05-22 10:46:32.525 D/MdmService(14465): [null:-1]->pushUrl : ws://test.mdm.everknow.cn:9090/websocket
05-22 10:46:32.533 D/MDM :   (14465): [null:-1]->mMdmPushClient is :null
05-22 10:46:32.533 D/MDM :   (14465): [null:-1]->mMdmPushClient opened :not opened
05-22 10:46:32.541 D/MDM :   (14465): [null:-1]->mMdmPushClient connect
05-22 10:46:32.549 D/MdmStatusManager(14465): [null:-1]->change status to : Busy
05-22 10:46:32.549 W/SQLiteOpenHelper(14465): Opened /data/data/com.pekall.emdm.launcher/databases/pekall_mdm.db
05-22 10:46:32.611 I/TransInfo(14465): TransInfo created, id: 3, class: class com.pekall.emdm.transaction.c.b
05-22 10:46:32.619 D/NetworkThread(14465): [null:-1]->----isRunning-----true
05-22 10:46:32.619 I/TransInfo(14465): TransInfo created, id: 9, class: class com.pekall.emdm.transaction.c.c
05-22 10:46:32.619 D/MdmService(14465): [null:-1]->keepAliveWithPushServer client is opened:true
05-22 10:46:32.619 D/MDM :   (14465): [null:-1]->ping!!!!!!!!!
05-22 10:46:32.627 D/MdmService(14465): [null:-1]->pushUrl : ws://test.mdm.everknow.cn:9090/websocket
05-22 10:46:32.627 D/MDM :   (14465): [null:-1]->mMdmPushClient is :not null
05-22 10:46:32.627 D/MDM :   (14465): [null:-1]->mMdmPushClient opened : opened
05-22 10:46:32.627 D/MdmService(14465): [null:-1]->MdmStatusManager is busy , wait......
05-22 10:46:32.627 I/TransInfo(14465): TransInfo created, id: 9, class: class com.pekall.emdm.transaction.c.c
05-22 10:46:32.635 D/MDM :   (14465): [null:-1]->MSG_WEBSOCKET_OPEN
05-22 10:46:32.635 D/MDM :   (14465): [null:-1]->handleMessage
05-22 10:46:32.658 W/Parcel  ( 1661): Attempt to read object from Parcel 0x6013bdac at offset 200 that is not in the object list
05-22 10:46:32.658 D/PushMessageManager(14465): [null:-1]->add sent message : {"params":{"device":"00013fbc8ecec5b90000014621d2a3af","token":"123456"},"id":0,"command":0,"reason":0,"result":0,"type":0}
05-22 10:46:32.658 I/ActivityManager(  374): START u0 {flg=0x8000 cmp=com.pekall.emdm.launcher/.Launcher} from pid 14465
05-22 10:46:32.760 D/MDM :   (14465): [null:-1]->statusCode : 200
05-22 10:46:32.760 D/MDM :   (14465): [null:-1]->statusCode : 200
05-22 10:46:32.767 V/DEBUG   (14465): HTTP 1
05-22 10:46:32.767 D/MDM :   (14465): [null:-1]->read network input stream
05-22 10:46:32.775 D/MDM :   (14465): [null:-1]->Get joson string: {"result":0}
05-22 10:46:32.775 D/NetworkThread(14465): [null:-1]->clear mCurrentTransInfo
05-22 10:46:32.783 D/NetworkThread(14465): [null:-1]->sendHttpPost:PostRequest, url: http://192.168.10.21/rest/mdm/v1/ios/android_server, Params: [content:<?xml version="1.0" encoding="UTF-8"?>
05-22 10:46:32.783 D/NetworkThread(14465): <!DOCTYPE plist PUBLIC "-//Apple//DTD PLIST 1.0//EN" "http://www.apple.com/DTDs/PropertyList-1.0.dtd">
05-22 10:46:32.783 D/NetworkThread(14465): <plist version="1.0">
05-22 10:46:32.783 D/NetworkThread(14465): <dict>
05-22 10:46:32.783 D/NetworkThread(14465): 	<key>Status</key>
05-22 10:46:32.783 D/NetworkThread(14465): 	<string>Idle</string>
05-22 10:46:32.783 D/NetworkThread(14465): 	<key>UDID</key>
05-22 10:46:32.783 D/NetworkThread(14465): 	<string>00013fbc8ecec5b90000014621d2a3af</string>
05-22 10:46:32.783 D/NetworkThread(14465): </dict>
05-22 10:46:32.783 D/NetworkThread(14465): </plist>], 
05-22 10:46:32.783 D/HttpClient(14465): enable apache.http debug
05-22 10:46:32.791 V/DEBUG   (14465): HTTP 0
05-22 10:46:32.830 D/dalvikvm(  374): GC_FOR_ALLOC freed 1972K, 24% free 23008K/30132K, paused 118ms, total 129ms
05-22 10:46:32.846 W/WindowManager(  374): Token{4253a0c0 ActivityRecord{422aaa50 u0 com.pekall.emdm.launcher/.Launcher}} failed creating starting window
05-22 10:46:32.846 W/WindowManager(  374): android.view.InflateException: Binary XML file line #34: Error inflating class <unknown>
05-22 10:46:32.846 W/WindowManager(  374): 	at android.view.LayoutInflater.createView(LayoutInflater.java:620)
05-22 10:46:32.846 W/WindowManager(  374): 	at com.android.internal.policy.impl.PhoneLayoutInflater.onCreateView(PhoneLayoutInflater.java:56)
05-22 10:46:32.846 W/WindowManager(  374): 	at android.view.LayoutInflater.onCreateView(LayoutInflater.java:669)
05-22 10:46:32.846 W/WindowManager(  374): 	at android.view.LayoutInflater.createViewFromTag(LayoutInflater.java:694)
05-22 10:46:32.846 W/WindowManager(  374): 	at android.view.LayoutInflater.rInflate(LayoutInflater.java:755)
05-22 10:46:32.846 W/WindowManager(  374): 	at android.view.LayoutInflater.inflate(LayoutInflater.java:492)
05-22 10:46:32.846 W/WindowManager(  374): 	at android.view.LayoutInflater.inflate(LayoutInflater.java:397)
05-22 10:46:32.846 W/WindowManager(  374): 	at android.view.LayoutInflater.inflate(LayoutInflater.java:353)
05-22 10:46:32.846 W/WindowManager(  374): 	at com.android.internal.policy.impl.PhoneWindow.generateLayout(PhoneWindow.java:2823)
05-22 10:46:32.846 W/WindowManager(  374): 	at com.android.internal.policy.impl.PhoneWindow.installDecor(PhoneWindow.java:2886)
05-22 10:46:32.846 W/WindowManager(  374): 	at com.android.internal.policy.impl.PhoneWindow.getDecorView(PhoneWindow.java:1581)
05-22 10:46:32.846 W/WindowManager(  374): 	at com.android.internal.policy.impl.PhoneWindowManager.addStartingWindow(PhoneWindowManager.java:1618)
05-22 10:46:32.846 W/WindowManager(  374): 	at com.android.server.wm.WindowManagerService$H.handleMessage(WindowManagerService.java:6908)
05-22 10:46:32.846 W/WindowManager(  374): 	at android.os.Handler.dispatchMessage(Handler.java:99)
05-22 10:46:32.846 W/WindowManager(  374): 	at android.os.Looper.loop(Looper.java:137)
05-22 10:46:32.846 W/WindowManager(  374): 	at android.os.HandlerThread.run(HandlerThread.java:61)
05-22 10:46:32.846 W/WindowManager(  374): Caused by: java.lang.reflect.InvocationTargetException
05-22 10:46:32.846 W/WindowManager(  374): 	at java.lang.reflect.Constructor.constructNative(Native Method)
05-22 10:46:32.846 W/WindowManager(  374): 	at java.lang.reflect.Constructor.newInstance(Constructor.java:417)
05-22 10:46:32.846 W/WindowManager(  374): 	at android.view.LayoutInflater.createView(LayoutInflater.java:594)
05-22 10:46:32.846 W/WindowManager(  374): 	... 15 more
05-22 10:46:32.846 W/WindowManager(  374): Caused by: android.content.res.Resources$NotFoundException: Resource is not a Drawable (color or path): TypedValue{t=0x2/d=0x1010059 a=-1}
05-22 10:46:32.846 W/WindowManager(  374): 	at android.content.res.Resources.loadDrawable(Resources.java:2063)
05-22 10:46:32.846 W/WindowManager(  374): 	at android.content.res.TypedArray.getDrawable(TypedArray.java:601)
05-22 10:46:32.846 W/WindowManager(  374): 	at android.widget.FrameLayout.<init>(FrameLayout.java:109)
05-22 10:46:32.846 W/WindowManager(  374): 	at android.widget.FrameLayout.<init>(FrameLayout.java:97)
05-22 10:46:32.846 W/WindowManager(  374): 	... 18 more
05-22 10:46:32.861 D/ProfileManager(14465): [null:-1]->check policy checking :false
05-22 10:46:32.861 D/ProfileManager(14465): [null:-1]->check policy checking :true
05-22 10:46:32.861 E/QueryController(14411): Got null root node from accessibility - Retrying...
05-22 10:46:32.869 D/MDM :   (14465): [null:-1]->MSG_WEBSOCKET_MESSAGE : {"id":-502887457,"type":2,"command":0,"result":0,"reason":4}
05-22 10:46:32.877 D/MdmService(14465): [null:-1]->push message type :2
05-22 10:46:32.885 D/PushMessageManager(14465): [null:-1]->add sent message : {"params":{"device":"00013fbc8ecec5b90000014621d2a3af","token":"123456"},"id":0,"command":0,"reason":0,"result":0,"type":0}
05-22 10:46:32.885 D/MDM :   (14465): [null:-1]->MSG_WEBSOCKET_MESSAGE : {"id":0,"type":1,"command":0,"result":0,"reason":0}
05-22 10:46:32.900 D/MdmService(14465): [null:-1]->push message type :1
05-22 10:46:32.900 D/PushMessageManager(14465): [null:-1]->remove sent message : 0
05-22 10:46:32.908 D/PushMessageManager(14465): [null:-1]->sent message :{"params":{"device":"00013fbc8ecec5b90000014621d2a3af","token":"123456"},"id":0,"command":0,"reason":0,"result":0,"type":0}
05-22 10:46:32.908 D/PushMessageManager(14465): [null:-1]->has message : 0
05-22 10:46:32.908 D/PushMessageManager(14465): [null:-1]->sSentMessage not empty : 1
05-22 10:46:32.908 D/MDM :   (14465): [null:-1]->MSG_WEBSOCKET_MESSAGE : {"id":-417728500,"type":0,"command":0,"result":0,"reason":0,"params":{"device":"00013fbc8ecec5b90000014621d2a3af","message":"{\"cmd\":\"10119\"}"}}
05-22 10:46:32.916 D/MdmService(14465): [null:-1]->push message type :0
05-22 10:46:32.916 D/MdmService(14465): [null:-1]->cmdMessage : {"cmd":"10119"}
05-22 10:46:32.916 D/MdmService(14465): [null:-1]->command : PushCommandMsg{cmd='10119', msg='null'}
05-22 10:46:32.924 D/MdmService(14465): [null:-1]->MdmStatusManager is busy , wait......
05-22 10:46:32.931 D/MDM :   (14465): [null:-1]->MSG_WEBSOCKET_MESSAGE : {"id":1451075389,"type":0,"command":0,"result":0,"reason":0,"params":{"device":"00013fbc8ecec5b90000014621d2a3af","message":"{\"cmd\":\"10119\"}"}}
05-22 10:46:32.931 D/MdmService(14465): [null:-1]->push message type :0
05-22 10:46:32.931 D/MdmService(14465): [null:-1]->cmdMessage : {"cmd":"10119"}
05-22 10:46:32.939 D/MdmService(14465): [null:-1]->command : PushCommandMsg{cmd='10119', msg='null'}
05-22 10:46:32.939 D/MdmService(14465): [null:-1]->MdmStatusManager is busy , wait......
05-22 10:46:32.947 D/MDM :   (14465): [null:-1]->MSG_WEBSOCKET_MESSAGE : {"id":-1075292532,"type":0,"command":0,"result":0,"reason":0,"params":{"device":"00013fbc8ecec5b90000014621d2a3af","message":"{\"cmd\":\"10119\"}"}}
05-22 10:46:32.947 D/MdmService(14465): [null:-1]->push message type :0
05-22 10:46:32.947 D/MdmService(14465): [null:-1]->cmdMessage : {"cmd":"10119"}
05-22 10:46:32.947 D/MdmService(14465): [null:-1]->command : PushCommandMsg{cmd='10119', msg='null'}
05-22 10:46:32.947 D/MdmService(14465): [null:-1]->MdmStatusManager is busy , wait......
05-22 10:46:32.955 D/MDM :   (14465): [null:-1]->MSG_WEBSOCKET_MESSAGE : {"id":1306745031,"type":0,"command":0,"result":0,"reason":0,"params":{"msgId":"52e388e7-d0ea-4a42-9a71-474de73be8e7,52e388e7d0ea4a429a71474de73be8e7","device":"00013fbc8ecec5b90000014621d2a3af","message":"{\"cmd\":\"10119\"}"}}
05-22 10:46:32.963 D/MdmService(14465): [null:-1]->push message type :0
05-22 10:46:32.963 D/MdmService(14465): [null:-1]->cmdMessage : {"cmd":"10119"}
05-22 10:46:32.963 D/MdmService(14465): [null:-1]->command : PushCommandMsg{cmd='10119', msg='null'}
05-22 10:46:32.963 D/MdmService(14465): [null:-1]->MdmStatusManager is busy , wait......
05-22 10:46:32.971 D/LauncherApplication(14465): [null:-1]->onActivityPaused
05-22 10:46:32.994 D/HomeLoaders(14465): aborting loaders
05-22 10:46:33.111 E/QueryController(14411): Got null root node from accessibility - Retrying...
05-22 10:46:33.244 D/dalvikvm(14465): JIT unchain all for threadid=11
05-22 10:46:33.275 D/MDM :   (14465): [null:-1]->statusCode : 200
05-22 10:46:33.275 D/MDM :   (14465): [null:-1]->statusCode : 200
05-22 10:46:33.275 V/DEBUG   (14465): HTTP 1
05-22 10:46:33.322 D/MDM :   (14465): [null:-1]->read network input stream
05-22 10:46:33.322 D/MDM :   (14465): [null:-1]->read network input stream
05-22 10:46:33.338 D/MDM :   (14465): [null:-1]->Get joson string: <?xml version="1.0" encoding="UTF-8"?>
05-22 10:46:33.338 D/MDM :   (14465): <!DOCTYPE plist PUBLIC "-//Apple//DTD PLIST 1.0//EN" "http://www.apple.com/DTDs/PropertyList-1.0.dtd">
05-22 10:46:33.338 D/MDM :   (14465): <plist version="1.0">
05-22 10:46:33.338 D/MDM :   (14465): <dict>
05-22 10:46:33.338 D/MDM :   (14465): 	<key>CommandUUID</key>
05-22 10:46:33.338 D/MDM :   (14465): 	<string>61a66f5b-93fa-4987-98a5-1fa88fffd10d</string>
05-22 10:46:33.338 D/MDM :   (14465): 	<key>Command</key>
05-22 10:46:33.338 D/MDM :   (14465): 	<dict>
05-22 10:46:33.338 D/MDM :   (14465): 		<key>Queries</key>
05-22 10:46:33.338 D/MDM :   (14465): 		<array>
05-22 10:46:33.338 D/MDM :   (14465): 			<string>UDID</string>
05-22 10:46:33.338 D/MDM :   (14465): 			<string>DeviceName</string>
05-22 10:46:33.338 D/MDM :   (14465): 			<string>OSVersion</string>
05-22 10:46:33.338 D/MDM :   (14465): 			<string>BuildVersion</string>
05-22 10:46:33.338 D/MDM :   (14465): 			<string>ModelName</string>
05-22 10:46:33.338 D/MDM :   (14465): 			<string>Model</string>
05-22 10:46:33.338 D/MDM :   (14465): 			<string>ProductName</string>
05-22 10:46:33.338 D/MDM :   (14465): 			<string>SerialNumber</string>
05-22 10:46:33.338 D/MDM :   (14465): 			<string>DeviceCapacity</string>
05-22 10:46:33.338 D/MDM :   (14465): 			<string>AvailableDeviceCapacity</string>
05-22 10:46:33.338 D/MDM :   (14465): 			<string>BatteryLevel</string>
05-22 10:46:33.338 D/MDM :   (14465): 			<string>CellularTechnology</string>
05-22 10:46:33.338 D/MDM :   (14465): 			<string>IMEI</string>
05-22 10:46:33.338 D/MDM :   (14465): 			<string>MEID</string>
05-22 10:46:33.338 D/MDM :   (14465): 			<string>ModemFirmwareVersion</string>
05-22 10:46:33.338 D/MDM :   (14465): 			<string>ICCID</string>
05-22 10:46:33.338 D/MDM :   (14465): 			<string>BluetoothMAC</string>
05-22 10:46:33.338 D/MDM :   (14465): 			<string>WiFiMAC</string>
05-22 10:46:33.338 D/MDM :   (14465): 			<string>EthernetMAC</string>
05-22 10:46:33.338 D/MDM :   (14465): 			<string>CurrentCarrierNetwork</string>
05-22 10:46:33.338 D/MDM :   (14465): 			<string>SIMCarrierNetwork</string>
05-22 10:46:33.338 D/MDM :   (14465): 			<string>SubscriberCarrierNetwork</string>
05-22 10:46:33.338 D/MDM :   (14465): 			<string>CarrierSettingsVersion</string>
05-22 10:46:33.338 D/MDM :   (14465): 			<string>PhoneNumber</string>
05-22 10:46:33.338 D/MDM :   (14465): 			<string>VoiceRoamingEnabled</string>
05-22 10:46:33.338 D/MDM :   (14465): 			<string>DataRoamingEnabled</string>
05-22 10:46:33.338 D/MDM :   (14465): 			<string>IsRoaming</string>
05-22 10:46:33.338 D/MDM :   (14465): 			<string>SubscriberMCC</string>
05-22 10:46:33.338 D/MDM :   (14465): 			<string>SubscriberMNC</string>
05-22 10:46:33.338 D/MDM :   (14465): 			<string>SIMMCC</string>
05-22 10:46:33.338 D/MDM :   (14465): 			<string>SIMMNC</string>
05-22 10:46:33.338 D/MDM :   (14465): 			<string>CurrentMCC</string>
05-22 10:46:33.338 D/MDM :   (14465): 			<string>CurrentMNC</string>
05-22 10:46:33.338 D/MDM :   (14465): 		</array>
05-22 10:46:33.338 D/MDM :   (14465): 		<key>RequestType</key>
05-22 10:46:33.338 D/MDM :   (14465): 		<string>DeviceInformation</string>
05-22 10:46:33.338 D/MDM :   (14465): 	</dict>
05-22 10:46:33.338 D/MDM :   (14465): </dict>
05-22 10:46:33.338 D/MDM :   (14465): </plist>
05-22 10:46:33.361 E/QueryController(14411): Got null root node from accessibility - Retrying...
05-22 10:46:33.588 D/dalvikvm(14465): JIT unchain all for threadid=11
05-22 10:46:33.611 I/dalvikvm(14465): Jit: resizing JitTable from 4096 to 8192
05-22 10:46:33.611 E/QueryController(14411): Cannot proceed when root node is null. Aborted search
05-22 10:46:33.619 E/QueryController(14411): Got null root node from accessibility - Retrying...
05-22 10:46:33.869 E/QueryController(14411): Got null root node from accessibility - Retrying...
05-22 10:46:33.892 D/dalvikvm(14465): JIT unchain all for threadid=11
05-22 10:46:33.900 D/dalvikvm(14465): GC_EXPLICIT freed 8124K, 19% free 23326K/28748K, paused 265ms+274ms, total 904ms
05-22 10:46:33.916 D/MDM :   (14465): [null:-1]->MSG_WEBSOCKET_MESSAGE : {"id":0,"type":1,"command":0,"result":0,"reason":0}
05-22 10:46:33.924 D/MdmService(14465): [null:-1]->push message type :1
05-22 10:46:33.924 D/CheckInTransInfo(14465): [null:-1]->CommandMsg : CommandMsg{CommandUUID='61a66f5b-93fa-4987-98a5-1fa88fffd10d', Command=CommandObject{RequestType='DeviceInformation'}}
05-22 10:46:33.939 D/PushMessageManager(14465): [null:-1]->remove sent message : 0
05-22 10:46:33.947 D/PushMessageManager(14465): [null:-1]->sent message :{"params":{"device":"00013fbc8ecec5b90000014621d2a3af","token":"123456"},"id":0,"command":0,"reason":0,"result":0,"type":0}
05-22 10:46:33.947 D/PushMessageManager(14465): [null:-1]->has message : 0
05-22 10:46:33.947 D/MDM :   (14465): [null:-1]->MSG_WEBSOCKET_MESSAGE : {"id":-417728500,"type":0,"command":0,"result":0,"reason":0,"params":{"device":"00013fbc8ecec5b90000014621d2a3af","message":"{\"cmd\":\"10119\"}"}}
05-22 10:46:33.955 D/MdmService(14465): [null:-1]->push message type :0
05-22 10:46:33.955 D/MdmService(14465): [null:-1]->cmdMessage : {"cmd":"10119"}
05-22 10:46:33.955 D/MdmService(14465): [null:-1]->command : PushCommandMsg{cmd='10119', msg='null'}
05-22 10:46:33.963 D/MdmService(14465): [null:-1]->MdmStatusManager is busy , wait......
05-22 10:46:33.971 D/NetworkThread(14465): [null:-1]->clear mCurrentTransInfo
05-22 10:46:33.971 D/NetworkThread(14465): [null:-1]->sendHttpPost:PostRequest, url: http://192.168.10.21/rest/mdm/v1/system/check_mdm_app, Params: [version:71][os:51201][pkg_name:com.pekall.emdm.launcher], 
05-22 10:46:33.971 D/HttpClient(14465): enable apache.http debug
05-22 10:46:33.971 D/MDM :   (14465): [null:-1]->MSG_WEBSOCKET_MESSAGE : {"id":1451075389,"type":0,"command":0,"result":0,"reason":0,"params":{"device":"00013fbc8ecec5b90000014621d2a3af","message":"{\"cmd\":\"10119\"}"}}
05-22 10:46:33.986 D/MdmService(14465): [null:-1]->push message type :0
05-22 10:46:33.986 V/DEBUG   (14465): HTTP 0
05-22 10:46:33.986 D/MdmService(14465): [null:-1]->cmdMessage : {"cmd":"10119"}
05-22 10:46:33.986 D/MdmService(14465): [null:-1]->command : PushCommandMsg{cmd='10119', msg='null'}
05-22 10:46:33.986 D/MdmService(14465): [null:-1]->MdmStatusManager is busy , wait......
05-22 10:46:33.994 D/MDM :   (14465): [null:-1]->MSG_WEBSOCKET_MESSAGE : {"id":-1075292532,"type":0,"command":0,"result":0,"reason":0,"params":{"device":"00013fbc8ecec5b90000014621d2a3af","message":"{\"cmd\":\"10119\"}"}}
05-22 10:46:34.002 D/MdmService(14465): [null:-1]->push message type :0
05-22 10:46:34.002 D/MdmService(14465): [null:-1]->cmdMessage : {"cmd":"10119"}
05-22 10:46:34.002 D/MdmService(14465): [null:-1]->command : PushCommandMsg{cmd='10119', msg='null'}
05-22 10:46:34.010 D/MdmService(14465): [null:-1]->MdmStatusManager is busy , wait......
05-22 10:46:34.010 D/MDM :   (14465): [null:-1]->MSG_WEBSOCKET_MESSAGE : {"id":1306745031,"type":0,"command":0,"result":0,"reason":0,"params":{"device":"00013fbc8ecec5b90000014621d2a3af","message":"{\"cmd\":\"10119\"}"}}
05-22 10:46:34.017 D/MdmService(14465): [null:-1]->push message type :0
05-22 10:46:34.017 D/MdmService(14465): [null:-1]->cmdMessage : {"cmd":"10119"}
05-22 10:46:34.017 D/MdmService(14465): [null:-1]->command : PushCommandMsg{cmd='10119', msg='null'}
05-22 10:46:34.017 D/MdmService(14465): [null:-1]->MdmStatusManager is busy , wait......
05-22 10:46:34.064 D/MDM :   (14465): [null:-1]->width 104
05-22 10:46:34.064 D/MDM :   (14465): [null:-1]->height 104
05-22 10:46:34.064 D/MDM :   (14465): [null:-1]->scale 0.5
05-22 10:46:34.064 D/MDM :   (14465): [null:-1]->tint false
05-22 10:46:34.072 D/MDM :   (14465): [null:-1]->width 104
05-22 10:46:34.072 D/MDM :   (14465): [null:-1]->height 104
05-22 10:46:34.072 D/MDM :   (14465): [null:-1]->scale 0.5
05-22 10:46:34.072 D/MDM :   (14465): [null:-1]->tint false
05-22 10:46:34.080 D/MDM :   (14465): [null:-1]->icon instanceof BitmapDrawable
05-22 10:46:34.080 D/MDM :   (14465): [null:-1]->  iconWidth 87
05-22 10:46:34.080 D/MDM :   (14465): [null:-1]->  iconHeight 87
05-22 10:46:34.080 D/MDM :   (14465): [null:-1]->  107 87
05-22 10:46:34.080 D/MDM :   (14465): [null:-1]->width 104
05-22 10:46:34.080 D/MDM :   (14465): [null:-1]->height 104
05-22 10:46:34.080 D/MDM :   (14465): [null:-1]->scale 1.0
05-22 10:46:34.080 D/MDM :   (14465): [null:-1]->tint false
05-22 10:46:34.080 D/MDM :   (14465): [null:-1]->width 104
05-22 10:46:34.080 D/MDM :   (14465): [null:-1]->height 104
05-22 10:46:34.088 D/MDM :   (14465): [null:-1]->scale 1.0
05-22 10:46:34.088 D/MDM :   (14465): [null:-1]->tint false
05-22 10:46:34.088 D/MDM :   (14465): [null:-1]->icon instanceof BitmapDrawable
05-22 10:46:34.088 D/MDM :   (14465): [null:-1]->  iconWidth 87
05-22 10:46:34.088 D/MDM :   (14465): [null:-1]->  iconHeight 87
05-22 10:46:34.088 D/MDM :   (14465): [null:-1]->  107 87
05-22 10:46:34.088 D/MDM :   (14465): [null:-1]->width 104
05-22 10:46:34.088 D/MDM :   (14465): [null:-1]->height 104
05-22 10:46:34.096 D/MDM :   (14465): [null:-1]->scale 1.0
05-22 10:46:34.096 D/MDM :   (14465): [null:-1]->tint false
05-22 10:46:34.096 D/MDM :   (14465): [null:-1]->width 104
05-22 10:46:34.096 D/MDM :   (14465): [null:-1]->height 104
05-22 10:46:34.096 D/MDM :   (14465): [null:-1]->scale 1.0
05-22 10:46:34.096 D/MDM :   (14465): [null:-1]->tint false
05-22 10:46:34.096 D/MDM :   (14465): [null:-1]->icon instanceof BitmapDrawable
05-22 10:46:34.096 D/MDM :   (14465): [null:-1]->  iconWidth 87
05-22 10:46:34.096 D/MDM :   (14465): [null:-1]->  iconHeight 87
05-22 10:46:34.103 D/MDM :   (14465): [null:-1]->  107 87
05-22 10:46:34.103 D/MDM :   (14465): [null:-1]->width 104
05-22 10:46:34.103 D/MDM :   (14465): [null:-1]->height 104
05-22 10:46:34.103 D/MDM :   (14465): [null:-1]->scale 1.0
05-22 10:46:34.103 D/MDM :   (14465): [null:-1]->tint false
05-22 10:46:34.119 E/QueryController(14411): Got null root node from accessibility - Retrying...
05-22 10:46:34.353 D/dalvikvm(14465): JIT unchain all for threadid=11
05-22 10:46:34.369 E/QueryController(14411): Cannot proceed when root node is null. Aborted search
05-22 10:46:34.369 E/QueryController(14411): Got null root node from accessibility - Retrying...
05-22 10:46:34.408 D/dalvikvm(14465): GC_FOR_ALLOC freed 5138K, 31% free 20120K/28748K, paused 300ms, total 300ms
05-22 10:46:34.431 D/MDM :   (14465): [null:-1]->statusCode : 200
05-22 10:46:34.431 D/MDM :   (14465): [null:-1]->statusCode : 200
05-22 10:46:34.431 V/DEBUG   (14465): HTTP 1
05-22 10:46:34.431 D/MDM :   (14465): [null:-1]->read network input stream
05-22 10:46:34.447 D/MDM :   (14465): [null:-1]->Get joson string: {"result":0,"mdmClientInfos":{"id":25,"type":51107,"url":"https://test.mdm.everknow.cn/resources/api/v1/download/guest?uuid=e5b1d2e6305d4ede47340339deb3","pkgName":"com.pekall.emdm.launcher","platform":51201,"comId":1,"appVersionCode":72,"appVersionName":"BYOD_2.1.0424","appAuthor":null,"appIcon":null,"appName":"Pekall enterprise mobile office","appSize":null,"minSdk":null,"updateTime":1398754856000,"forceUpdate":0,"updateInfo":null,"new":false}}
05-22 10:46:34.463 D/NetworkThread(14465): [null:-1]->clear mCurrentTransInfo
05-22 10:46:34.471 D/NetworkThread(14465): [null:-1]->queue is empty, thread wait...
05-22 10:46:34.533 V/Launcher(14465): isLauncherDf = true
05-22 10:46:34.533 V/Launcher(14465): isPhoneDf = true
05-22 10:46:34.541 D/        (14465): [---null: -1---]  ScreenWidth  720
05-22 10:46:34.541 D/        (14465): [---null: -1---]  ScreenHeight  1184
05-22 10:46:34.541 D/HomeLoaders(14465): load applications
05-22 10:46:34.541 D/HomeLoaders(14465):   --> applications loaded, return
05-22 10:46:34.541 D/HomeLoaders(14465): loading user items in Thread[main,5,main]
05-22 10:46:34.541 D/HomeLoaders(14465):   --> items loaded, return
05-22 10:46:34.549 D/HomeLoaders(14465):   --> loading from cache: 11, 0
05-22 10:46:34.549 D/Launcher(14465): ------> binding 11 items
05-22 10:46:34.549 D/Launcher(14465): ------> binding 0 widgets
05-22 10:46:34.549 D/Launcher(14465): ------> start binding items
05-22 10:46:34.549 W/Parcel  ( 1661): Attempt to read object from Parcel 0x6003bdac at offset 200 that is not in the object list
05-22 10:46:34.549 W/Parcel  ( 1661): Attempt to read object from Parcel 0x5dfd3dac at offset 200 that is not in the object list
05-22 10:46:34.549 D/Email   (14465): Email: init sandbox at the beginning.
05-22 10:46:34.549 V/l       (14465): Bind requested for task setLogging
05-22 10:46:34.556 W/SQLiteOpenHelper(14465): Opened /data/data/com.pekall.emdm.launcher/databases/sandbox.db
05-22 10:46:34.588 I/Email   (14465): Notifications being toggled: false
05-22 10:46:34.588 W/ActivityManager(  374): Unable to start service Intent { cmp=com.pekall.emdm.launcher/com.pekall.semail.service.AttachmentDownloadService } U=0: not found
05-22 10:46:34.619 E/QueryController(14411): Got null root node from accessibility - Retrying...
05-22 10:46:34.619 W/Parcel  ( 1661): Attempt to read object from Parcel 0x5ef3bdac at offset 200 that is not in the object list
05-22 10:46:34.627 W/Parcel  ( 1661): Attempt to read object from Parcel 0x5ec3bdac at offset 200 that is not in the object list
05-22 10:46:34.627 V/LauncherApplication(14465): onActivityStarted
05-22 10:46:34.627 D/        (14465): [---null: -1---]     awsa  onActivityResumed
05-22 10:46:34.627 V/LauncherApplication(14465): 2MdmConstant.LAST_LAUNCH_TIME = 1400726753478
05-22 10:46:34.869 E/QueryController(14411): Got null root node from accessibility - Retrying...
05-22 10:46:34.885 D/dalvikvm(14465): JIT unchain all for threadid=11
05-22 10:46:34.892 D/        (14465): [---null: -1---]  activity = com.pekall.emdm.launcher.Launcher
05-22 10:46:34.900 V/DefultSetContriller(14465): isLauncherDf = com.pekall.emdm.launcher
05-22 10:46:34.900 V/DefultSetContriller(14465): isLauncherDf = com.pekall.emdm.launcher
05-22 10:46:34.900 V/DefultSetContriller(14465): isPhoneDf = com.pekall.emdm.launcher
05-22 10:46:34.908 E/LauncherApplication(14465): isShowLogoutUI = true
05-22 10:46:34.908 E/LauncherApplication(14465): LogoutShowTime 1
05-22 10:46:34.908 V/Launcher(14465): onResume1111111 
05-22 10:46:34.908 V/Launcher(14465): is login ----> 
05-22 10:46:34.908 I/System.out(14465):  
05-22 10:46:34.908 I/System.out(14465): com.pekall.emdm.launcher.Workspace.setWallpaper(Unknown Source)
05-22 10:46:34.908 I/System.out(14465): com.pekall.emdm.launcher.Launcher.onResume(Unknown Source)
05-22 10:46:34.908 I/System.out(14465): android.app.Instrumentation.callActivityOnResume(Instrumentation.java:1192)
05-22 10:46:34.908 I/System.out(14465): android.app.Activity.performResume(Activity.java:5211)
05-22 10:46:34.916 I/System.out(14465): android.app.ActivityThread.performResumeActivity(ActivityThread.java:2780)
05-22 10:46:34.916 I/System.out(14465): android.app.ActivityThread.handleResumeActivity(ActivityThread.java:2819)
05-22 10:46:34.916 I/System.out(14465): android.app.ActivityThread.handleLaunchActivity(ActivityThread.java:2266)
05-22 10:46:34.916 I/System.out(14465): android.app.ActivityThread.access$600(ActivityThread.java:141)
05-22 10:46:34.916 I/System.out(14465): android.app.ActivityThread$H.handleMessage(ActivityThread.java:1256)
05-22 10:46:34.916 I/System.out(14465): android.os.Handler.dispatchMessage(Handler.java:99)
05-22 10:46:34.916 I/System.out(14465): android.os.Looper.loop(Looper.java:137)
05-22 10:46:34.916 I/System.out(14465): android.app.ActivityThread.main(ActivityThread.java:5103)
05-22 10:46:34.916 I/System.out(14465): java.lang.reflect.Method.invokeNative(Native Method)
05-22 10:46:34.916 I/System.out(14465): java.lang.reflect.Method.invoke(Method.java:525)
05-22 10:46:34.916 I/System.out(14465): com.android.internal.os.ZygoteInit$MethodAndArgsCaller.run(ZygoteInit.java:737)
05-22 10:46:34.916 I/System.out(14465): com.android.internal.os.ZygoteInit.main(ZygoteInit.java:553)
05-22 10:46:34.916 I/System.out(14465): dalvik.system.NativeStart.main(Native Method)
05-22 10:46:35.119 E/QueryController(14411): Cannot proceed when root node is null. Aborted search
05-22 10:46:35.181 D/dalvikvm(14465): JIT unchain all for threadid=11
05-22 10:46:35.197 D/dalvikvm(14465): GC_CONCURRENT freed 3680K, 31% free 20101K/28748K, paused 259ms+263ms, total 568ms
05-22 10:46:35.197 D/dalvikvm(14465): WAIT_FOR_CONCURRENT_GC blocked 276ms
05-22 10:46:35.306 D/MdmService(14465): [null:-1]->handleCheckInResult
05-22 10:46:35.306 D/MdmService(14465): [null:-1]->handleCheckInResult result keyIndex: 3
05-22 10:46:35.306 D/MDM :   (14465): [null:-1]->width 104
05-22 10:46:35.314 D/MDM :   (14465): [null:-1]->height 104
05-22 10:46:35.314 D/MDM :   (14465): [null:-1]->scale 1.0
05-22 10:46:35.314 D/MDM :   (14465): [null:-1]->tint false
05-22 10:46:35.314 D/MDM :   (14465): [null:-1]->width 104
05-22 10:46:35.314 D/MDM :   (14465): [null:-1]->height 104
05-22 10:46:35.314 D/MDM :   (14465): [null:-1]->scale 1.0
05-22 10:46:35.314 D/MDM :   (14465): [null:-1]->tint false
05-22 10:46:35.322 D/MDM :   (14465): [null:-1]->width 104
05-22 10:46:35.322 D/MDM :   (14465): [null:-1]->height 104
05-22 10:46:35.322 D/MDM :   (14465): [null:-1]->scale 1.0
05-22 10:46:35.392 E/QueryController(14411): Got null root node from accessibility - Retrying...
05-22 10:46:35.447 W/Parcel  ( 1661): Attempt to read object from Parcel 0x5ded3dac at offset 200 that is not in the object list
05-22 10:46:35.572 D/dalvikvm(14465): JIT unchain all for threadid=11
05-22 10:46:35.580 D/MDM :   (14465): [null:-1]->tint false
05-22 10:46:35.588 D/MDM :   (14465): [null:-1]->width 104
05-22 10:46:35.588 D/MDM :   (14465): [null:-1]->height 104
05-22 10:46:35.588 D/MDM :   (14465): [null:-1]->scale 1.0
05-22 10:46:35.588 D/MDM :   (14465): [null:-1]->tint false
05-22 10:46:35.588 D/CommandManager(14465): [null:-1]->execute command: CommandMsg{CommandUUID='61a66f5b-93fa-4987-98a5-1fa88fffd10d', Command=CommandObject{RequestType='DeviceInformation'}}
05-22 10:46:35.642 E/QueryController(14411): Got null root node from accessibility - Retrying...
05-22 10:46:35.674 W/MountService(  374): getVolumeState(/storage/emulated/0/external_sd): Unknown volume
05-22 10:46:35.674 W/MountService(  374): getVolumeState(/mnt/sdcard-ext): Unknown volume
05-22 10:46:35.674 W/MountService(  374): getVolumeState(/mnt/ext_sdcard): Unknown volume
05-22 10:46:35.681 W/MountService(  374): getVolumeState(/mnt/sdcard2): Unknown volume
05-22 10:46:35.681 W/MountService(  374): getVolumeState(/mnt/emmc): Unknown volume
05-22 10:46:35.681 W/MountService(  374): getVolumeState(/mnt/extSdCard): Unknown volume
05-22 10:46:35.681 W/MountService(  374): getVolumeState(/mnt/sdcard/SD_CARD): Unknown volume
05-22 10:46:35.681 W/MountService(  374): getVolumeState(/mnt/sdcard/extra_sd): Unknown volume
05-22 10:46:35.689 W/MountService(  374): getVolumeState(/mnt/extrasd_bind): Unknown volume
05-22 10:46:35.689 W/MountService(  374): getVolumeState(/mnt/sdcard/ext_sd): Unknown volume
05-22 10:46:35.689 W/MountService(  374): getVolumeState(/storage/extSdCard): Unknown volume
05-22 10:46:35.689 W/MountService(  374): getVolumeState(/storage/sdcard1): Unknown volume
05-22 10:46:35.689 W/MountService(  374): getVolumeState(/mnt/sdcard/external_SD): Unknown volume
05-22 10:46:35.689 W/MountService(  374): getVolumeState(/mnt/sdcard/external_sd): Unknown volume
05-22 10:46:35.775 D/dalvikvm( 1468): GC_CONCURRENT freed 531K, 21% free 9940K/12512K, paused 6ms+20ms, total 86ms
05-22 10:46:35.775 D/dalvikvm( 1468): WAIT_FOR_CONCURRENT_GC blocked 6ms
05-22 10:46:35.869 D/dalvikvm(14465): JIT unchain all for threadid=11
05-22 10:46:35.885 D/dalvikvm(14465): GC_CONCURRENT freed 361K, 19% free 23486K/28748K, paused 267ms+262ms, total 563ms
05-22 10:46:35.885 D/dalvikvm(14465): WAIT_FOR_CONCURRENT_GC blocked 297ms
05-22 10:46:35.892 D/MDM :   (14465): [null:-1]->width 104
05-22 10:46:35.892 D/MDM :   (14465): [null:-1]->height 104
05-22 10:46:35.892 D/MDM :   (14465): [null:-1]->scale 1.0
05-22 10:46:35.892 E/QueryController(14411): Got null root node from accessibility - Retrying...
05-22 10:46:35.900 D/MDM :   (14465): [null:-1]->tint false
05-22 10:46:35.900 D/MDM :   (14465): [null:-1]->width 104
05-22 10:46:35.900 D/MDM :   (14465): [null:-1]->height 104
05-22 10:46:35.900 D/MDM :   (14465): [null:-1]->scale 1.0
05-22 10:46:35.908 D/MDM :   (14465): [null:-1]->tint false
05-22 10:46:35.908 D/MDM :   (14465): [null:-1]->width 104
05-22 10:46:35.908 D/MDM :   (14465): [null:-1]->height 104
05-22 10:46:35.908 D/MDM :   (14465): [null:-1]->scale 1.0
05-22 10:46:35.908 D/MDM :   (14465): [null:-1]->tint false
05-22 10:46:35.916 D/MDM :   (14465): [null:-1]->width 104
05-22 10:46:35.916 D/MDM :   (14465): [null:-1]->height 104
05-22 10:46:35.916 D/MDM :   (14465): [null:-1]->scale 1.0
05-22 10:46:35.916 D/MDM :   (14465): [null:-1]->tint false
05-22 10:46:35.924 D/        (14465): [---null: -1---]  xxd111  getPackageName  com.pekall.emdm.launcher
05-22 10:46:35.924 D/        (14465): [---null: -1---]  xxd111  getClassName  com.pekall.emdm.document.activity.DocMainActivity
05-22 10:46:35.924 D/        (14465): [---null: -1---]  xxd111  info.title  Document Manager ,count is 0
05-22 10:46:35.931 D/        (14465): [---null: -1---]  xxd111  getPackageName  com.pekall.emdm.launcher
05-22 10:46:35.931 D/        (14465): [---null: -1---]  xxd111  getClassName  com.pekall.emdm.launcher.ui.BackPersonalActivity
05-22 10:46:35.939 D/        (14465): [---null: -1---]  xxd111  info.title  Personal Mode ,count is 0
05-22 10:46:35.939 D/        (14465): [---null: -1---]  xxd111  getPackageName  com.pekall.emdm.launcher
05-22 10:46:35.939 D/        (14465): [---null: -1---]  xxd111  getClassName  com.pekall.semail.activity.Welcome
05-22 10:46:35.939 D/        (14465): [---null: -1---]  xxd111  info.title  Email ,count is 0
05-22 10:46:35.955 D/MDM :   (14465): [null:-1]->username is : zhenhua.sang@pekall.com ,pwd is 123456
05-22 10:46:35.955 I/System.out(14465): [cjx]authenticateUser,zhenhua.sang@pekall.com,123456
05-22 10:46:35.955 I/System.out(14465): [cjx]to generate user KEK now,keyLength:32,algorithm:Rijndael256
05-22 10:46:36.072 I/System.out(14465): [cjx]blockSize:32
05-22 10:46:36.072 I/System.out(14465): [cjx]iv:[112, 101, 107, 97, 108, 108, 50, 48, 49, 52, 97, 101, 115, 99, 106, 120, 112, 101, 107, 97, 108, 108, 50, 48, 49, 52, 97, 101, 115, 99, 106, 120]
05-22 10:46:36.080 I/System.out(14465): [cjx]secret:[-94, 35, 21, 34, 6, -61, -108, -46, 6, 56, -82, 111, 24, -59, 0, -21, 43, -46, -16, 27, -76, 52, 9, 117, -69, 64, 55, -122, -120, -69, -38, 9]
05-22 10:46:36.080 I/System.out(14465): [cjx]successfully restore dek:[B@42ccf0c8
05-22 10:46:36.080 I/System.out(14465): [cjx]to generate user KEK now,keyLength:32,algorithm:Rijndael256
05-22 10:46:36.142 E/QueryController(14411): Cannot proceed when root node is null. Aborted search
05-22 10:46:36.150 E/QueryController(14411): Got null root node from accessibility - Retrying...
05-22 10:46:36.189 I/System.out(14465): [cjx]blockSize:32
05-22 10:46:36.189 I/System.out(14465): [cjx]iv:[112, 101, 107, 97, 108, 108, 50, 48, 49, 52, 97, 101, 115, 99, 106, 120, 112, 101, 107, 97, 108, 108, 50, 48, 49, 52, 97, 101, 115, 99, 106, 120]
05-22 10:46:36.189 I/System.out(14465): [cjx]secret:[-94, 35, 21, 34, 6, -61, -108, -46, 6, 56, -82, 111, 24, -59, 0, -21, 43, -46, -16, 27, -76, 52, 9, 117, -69, 64, 55, -122, -120, -69, -38, 9]
05-22 10:46:36.197 D/ExchangeService(14465): !!! EAS ExchangeService, onCreate
05-22 10:46:36.205 W/Parcel  ( 1661): Attempt to read object from Parcel 0x5ec3bdac at offset 200 that is not in the object list
05-22 10:46:36.205 I/Choreographer(14465): Skipped 52 frames!  The application may be doing too much work on its main thread.
05-22 10:46:36.205 W/ActivityManager(  374): Unable to start service Intent { act=pekall.intent.action.DOWNLOAD_APP (has extras) } U=0: not found
05-22 10:46:36.213 W/Parcel  ( 1661): Attempt to read object from Parcel 0x5ded3dac at offset 200 that is not in the object list
05-22 10:46:36.221 D/        (14465): [---null: -1---]  1111222  mLongAxisStartPadding110
05-22 10:46:36.221 D/        (14465): [---null: -1---]  11112223  heightSpecSize1094
05-22 10:46:36.221 D/        (14465): [---null: -1---]  11112223  mLongAxisStartPadding110
05-22 10:46:36.221 D/        (14465): [---null: -1---]  11112223  mLongAxisEndPadding110
05-22 10:46:36.221 D/        (14465): [---null: -1---]  11112223  mRows4
05-22 10:46:36.221 D/        (14465): [---null: -1---]  1111222  mLongAxisStartPadding110
05-22 10:46:36.221 D/        (14465): [---null: -1---]  11112223  heightSpecSize1094
05-22 10:46:36.228 D/        (14465): [---null: -1---]  11112223  mLongAxisStartPadding110
