05-22 10:42:59.103 E/ActivityManager(  374):     1.8% 387/er.ServerThread: 1.8% user + 0% kernel
05-22 10:42:59.103 E/ActivityManager(  374):   0.9% 124/surfaceflinger: 0.9% user + 0% kernel
05-22 10:42:59.103 E/ActivityManager(  374):   1.7% 1468/com.qihoo.daemon: 1.7% user + 0% kernel / faults: 236 minor 1 major
05-22 10:42:59.103 E/ActivityManager(  374):     1.7% 1471/GC: 1.7% user + 0% kernel
05-22 10:42:59.103 E/ActivityManager(  374):   1.1% 1661/com.qihoo360.mobilesafe:GuardService: 1.1% user + 0% kernel / faults: 11 minor
05-22 10:42:59.103 E/ActivityManager(  374):   1.2% 12631/com.nd.assistance.ServerService: 0% user + 1.2% kernel
05-22 10:42:59.103 E/ActivityManager(  374):   1.2% 13803/kworker/u:5: 0% user + 1.2% kernel
05-22 10:42:59.103 E/ActivityManager(  374): 100% TOTAL: 96% user + 3.6% kernel
05-22 10:42:59.111 W/ActivityManager(  374): Killing ProcessRecord{42540e98 14289:com.pekall.emdm.launcher:remote/u0a10066}: background ANR
05-22 10:42:59.189 I/ActivityManager(  374): Process com.pekall.emdm.launcher:remote (pid 14289) has died.
05-22 10:42:59.189 W/ActivityManager(  374): Scheduling restart of crashed service com.pekall.emdm.launcher/com.baidu.location.f in 80000ms
05-22 10:42:59.603 W/MountService(  374): getVolumeState(/storage/emulated/0/external_sd): Unknown volume
05-22 10:42:59.611 W/MountService(  374): getVolumeState(/mnt/sdcard-ext): Unknown volume
05-22 10:42:59.611 W/MountService(  374): getVolumeState(/mnt/ext_sdcard): Unknown volume
05-22 10:42:59.611 W/MountService(  374): getVolumeState(/mnt/sdcard2): Unknown volume
05-22 10:42:59.611 W/MountService(  374): getVolumeState(/mnt/emmc): Unknown volume
05-22 10:42:59.611 W/MountService(  374): getVolumeState(/mnt/extSdCard): Unknown volume
05-22 10:42:59.611 W/MountService(  374): getVolumeState(/mnt/sdcard/SD_CARD): Unknown volume
05-22 10:42:59.611 W/MountService(  374): getVolumeState(/mnt/sdcard/extra_sd): Unknown volume
05-22 10:42:59.611 W/MountService(  374): getVolumeState(/mnt/extrasd_bind): Unknown volume
05-22 10:42:59.611 W/MountService(  374): getVolumeState(/mnt/sdcard/ext_sd): Unknown volume
05-22 10:42:59.619 W/MountService(  374): getVolumeState(/storage/extSdCard): Unknown volume
05-22 10:42:59.619 W/MountService(  374): getVolumeState(/storage/sdcard1): Unknown volume
05-22 10:42:59.619 W/MountService(  374): getVolumeState(/mnt/sdcard/external_SD): Unknown volume
05-22 10:42:59.627 W/MountService(  374): getVolumeState(/mnt/sdcard/external_sd): Unknown volume
05-22 10:43:00.322 I/PowerManagerService(  374): Going to sleep due to screen timeout...
05-22 10:43:06.064 D/PhoneStatusBar(  448): disable: < EXPAND* icons alerts TICKER* system_info back home RECENT* clock SEARCH* >
05-22 10:43:06.205 D/PhoneStatusBar(  448): disable: < EXPAND icons alerts TICKER system_info BACK* HOME* RECENT CLOCK* SEARCH >
05-22 10:43:35.338 W/MountService(  374): getVolumeState(/storage/emulated/0/external_sd): Unknown volume
05-22 10:43:35.346 W/MountService(  374): getVolumeState(/mnt/sdcard-ext): Unknown volume
05-22 10:43:35.346 W/MountService(  374): getVolumeState(/mnt/ext_sdcard): Unknown volume
05-22 10:43:35.346 W/MountService(  374): getVolumeState(/mnt/sdcard2): Unknown volume
05-22 10:43:35.353 W/MountService(  374): getVolumeState(/mnt/emmc): Unknown volume
05-22 10:43:35.353 W/MountService(  374): getVolumeState(/mnt/extSdCard): Unknown volume
05-22 10:43:35.353 W/MountService(  374): getVolumeState(/mnt/sdcard/SD_CARD): Unknown volume
05-22 10:43:35.353 W/MountService(  374): getVolumeState(/mnt/sdcard/extra_sd): Unknown volume
05-22 10:43:35.361 W/MountService(  374): getVolumeState(/mnt/extrasd_bind): Unknown volume
05-22 10:43:35.361 W/MountService(  374): getVolumeState(/mnt/sdcard/ext_sd): Unknown volume
05-22 10:43:35.361 W/MountService(  374): getVolumeState(/storage/extSdCard): Unknown volume
05-22 10:43:35.361 W/MountService(  374): getVolumeState(/storage/sdcard1): Unknown volume
05-22 10:43:35.369 W/MountService(  374): getVolumeState(/mnt/sdcard/external_SD): Unknown volume
05-22 10:43:35.369 W/MountService(  374): getVolumeState(/mnt/sdcard/external_sd): Unknown volume
05-22 10:43:35.728 W/MountService(  374): getVolumeState(/storage/emulated/0/external_sd): Unknown volume
05-22 10:43:35.728 W/MountService(  374): getVolumeState(/mnt/sdcard-ext): Unknown volume
05-22 10:43:35.728 W/MountService(  374): getVolumeState(/mnt/ext_sdcard): Unknown volume
05-22 10:43:35.736 W/MountService(  374): getVolumeState(/mnt/sdcard2): Unknown volume
05-22 10:43:35.736 W/MountService(  374): getVolumeState(/mnt/emmc): Unknown volume
05-22 10:43:35.736 W/MountService(  374): getVolumeState(/mnt/extSdCard): Unknown volume
05-22 10:43:35.736 W/MountService(  374): getVolumeState(/mnt/sdcard/SD_CARD): Unknown volume
05-22 10:43:35.744 W/MountService(  374): getVolumeState(/mnt/sdcard/extra_sd): Unknown volume
05-22 10:43:35.744 W/MountService(  374): getVolumeState(/mnt/extrasd_bind): Unknown volume
05-22 10:43:35.752 W/MountService(  374): getVolumeState(/mnt/sdcard/ext_sd): Unknown volume
05-22 10:43:35.752 W/MountService(  374): getVolumeState(/storage/extSdCard): Unknown volume
05-22 10:43:35.752 W/MountService(  374): getVolumeState(/storage/sdcard1): Unknown volume
05-22 10:43:35.752 W/MountService(  374): getVolumeState(/mnt/sdcard/external_SD): Unknown volume
05-22 10:43:35.760 W/MountService(  374): getVolumeState(/mnt/sdcard/external_sd): Unknown volume
05-22 10:44:19.236 I/ActivityManager(  374): Start proc com.pekall.emdm.launcher:remote for service com.pekall.emdm.launcher/com.baidu.location.f: pid=14350 uid=10066 gids={50066, 1015, 3002, 3001, 3003, 1028}
05-22 10:44:19.689 D/ActivityThread(14350): Loading provider com.pekall.semail.provider;com.pekall.semail.notifier: com.pekall.semail.provider.EmailProvider
05-22 10:44:20.517 D/ActivityThread(14350): Loading provider com.pekall.semail.provider;com.pekall.semail.notifier: com.pekall.semail.provider.EmailProvider
05-22 10:44:24.267 W/ActivityManager(  374): Unable to start service Intent { cmp=com.pekall.emdm.launcher/com.pekall.semail.service.AttachmentDownloadService } U=0: not found
05-22 10:44:35.877 W/MountService(  374): getVolumeState(/storage/emulated/0/external_sd): Unknown volume
05-22 10:44:35.877 W/MountService(  374): getVolumeState(/mnt/sdcard-ext): Unknown volume
05-22 10:44:35.877 W/MountService(  374): getVolumeState(/mnt/ext_sdcard): Unknown volume
05-22 10:44:35.939 W/MountService(  374): getVolumeState(/mnt/sdcard2): Unknown volume
05-22 10:44:35.939 W/MountService(  374): getVolumeState(/mnt/emmc): Unknown volume
05-22 10:44:35.947 W/MountService(  374): getVolumeState(/mnt/extSdCard): Unknown volume
05-22 10:44:35.955 W/MountService(  374): getVolumeState(/mnt/sdcard/SD_CARD): Unknown volume
05-22 10:44:35.963 W/MountService(  374): getVolumeState(/mnt/sdcard/extra_sd): Unknown volume
05-22 10:44:35.986 W/MountService(  374): getVolumeState(/mnt/extrasd_bind): Unknown volume
05-22 10:44:35.986 W/MountService(  374): getVolumeState(/mnt/sdcard/ext_sd): Unknown volume
05-22 10:44:35.986 W/MountService(  374): getVolumeState(/storage/extSdCard): Unknown volume
05-22 10:44:36.010 W/MountService(  374): getVolumeState(/storage/sdcard1): Unknown volume
05-22 10:44:36.025 W/MountService(  374): getVolumeState(/mnt/sdcard/external_SD): Unknown volume
05-22 10:44:36.041 W/MountService(  374): getVolumeState(/mnt/sdcard/external_sd): Unknown volume
05-22 10:44:39.252 W/ActivityManager(  374): Timeout executing service: ServiceRecord{42a3a7c8 u0 com.pekall.emdm.launcher/com.baidu.location.f}
05-22 10:44:50.181 E/ActivityManager(  374): ANR in com.pekall.emdm.launcher:remote
05-22 10:44:50.181 E/ActivityManager(  374): Reason: Executing service com.pekall.emdm.launcher/com.baidu.location.f
05-22 10:44:50.181 E/ActivityManager(  374): Load: 2.64 / 2.73 / 2.33
05-22 10:44:50.181 E/ActivityManager(  374): CPU usage from 0ms to 10899ms later:
05-22 10:44:50.181 E/ActivityManager(  374):   88% 14051/com.pekall.emdm.launcher: 88% user + 0% kernel / faults: 183 minor
05-22 10:44:50.181 E/ActivityManager(  374):   86% 14350/com.pekall.emdm.launcher:remote: 85% user + 0.3% kernel / faults: 111 minor
05-22 10:44:50.181 E/ActivityManager(  374):   17% 374/system_server: 13% user + 4.6% kernel / faults: 588 minor
05-22 10:44:50.181 E/ActivityManager(  374):   0.9% 448/com.android.systemui: 0.7% user + 0.1% kernel / faults: 32 minor
05-22 10:44:50.181 E/ActivityManager(  374):   1% 1468/com.qihoo.daemon: 0.6% user + 0.3% kernel / faults: 445 minor
05-22 10:44:50.181 E/ActivityManager(  374):   0.4% 561/com.android.phone: 0.2% user + 0.1% kernel / faults: 50 minor
05-22 10:44:50.181 E/ActivityManager(  374):   0% 568/com.android.nfc: 0% user + 0% kernel / faults: 28 minor
05-22 10:44:50.181 E/ActivityManager(  374):   0% 11622/android.process.media: 0% user + 0% kernel / faults: 23 minor
05-22 10:44:50.181 E/ActivityManager(  374):   0.1% 12874/com.qihoo.appstore: 0.1% user + 0% kernel / faults: 2 minor
05-22 10:44:50.181 E/ActivityManager(  374):   0% 124/surfaceflinger: 0% user + 0% kernel
05-22 10:44:50.181 E/ActivityManager(  374):   0% 135/adbd: 0% user + 0% kernel
05-22 10:44:50.181 E/ActivityManager(  374):   0% 1661/com.qihoo360.mobilesafe:GuardService: 0% user + 0% kernel / faults: 6 minor
05-22 10:44:50.181 E/ActivityManager(  374):   0% 11077/com.tencent.android.qqdownloader: 0% user + 0% kernel / faults: 9 minor
05-22 10:44:50.181 E/ActivityManager(  374):   0% 12631/com.nd.assistance.ServerService: 0% user + 0% kernel / faults: 1 minor
05-22 10:44:50.181 E/ActivityManager(  374):   0% 13144/kworker/0:0: 0% user + 0% kernel
05-22 10:44:50.181 E/ActivityManager(  374):   0% 13803/kworker/u:5: 0% user + 0% kernel
05-22 10:44:50.181 E/ActivityManager(  374):   0% 14287/logcat: 0% user + 0% kernel
05-22 10:44:50.181 E/ActivityManager(  374): 99% TOTAL: 96% user + 3.3% kernel
05-22 10:44:50.181 E/ActivityManager(  374): CPU usage from 9853ms to 10393ms later:
05-22 10:44:50.181 E/ActivityManager(  374):   91% 14350/com.pekall.emdm.launcher:remote: 91% user + 0% kernel
05-22 10:44:50.181 E/ActivityManager(  374):     91% 14364/Thread-4933: 91% user + 0% kernel
05-22 10:44:50.181 E/ActivityManager(  374):   87% 14051/com.pekall.emdm.launcher: 87% user + 0% kernel
05-22 10:44:50.181 E/ActivityManager(  374):     88% 14064/Thread-4917: 88% user + 0% kernel
05-22 10:44:50.181 E/ActivityManager(  374):   7.4% 374/system_server: 1.8% user + 5.5% kernel
05-22 10:44:50.181 E/ActivityManager(  374):     9.2% 390/ActivityManager: 3.7% user + 5.5% kernel
05-22 10:44:50.181 E/ActivityManager(  374):   2.2% 1468/com.qihoo.daemon: 2.2% user + 0% kernel / faults: 311 minor
05-22 10:44:50.181 E/ActivityManager(  374):     1.5% 1471/GC: 1.5% user + 0% kernel
05-22 10:44:50.181 E/ActivityManager(  374):     0.7% 1475/Compiler: 0.7% user + 0% kernel
05-22 10:44:50.181 E/ActivityManager(  374):     0.7% 1485/PrefManager: 0% user + 0.7% kernel
05-22 10:44:50.181 E/ActivityManager(  374): 100% TOTAL: 95% user + 4.6% kernel
05-22 10:44:50.205 W/ActivityManager(  374): Killing ProcessRecord{42846fa0 14350:com.pekall.emdm.launcher:remote/u0a10066}: background ANR
05-22 10:44:50.330 I/ActivityManager(  374): Process com.pekall.emdm.launcher:remote (pid 14350) has died.
05-22 10:44:50.330 W/ActivityManager(  374): Scheduling restart of crashed service com.pekall.emdm.launcher/com.baidu.location.f in 320000ms
05-22 10:44:50.900 W/MountService(  374): getVolumeState(/storage/emulated/0/external_sd): Unknown volume
05-22 10:44:50.900 W/MountService(  374): getVolumeState(/mnt/sdcard-ext): Unknown volume
05-22 10:44:50.900 W/MountService(  374): getVolumeState(/mnt/ext_sdcard): Unknown volume
05-22 10:44:50.908 W/MountService(  374): getVolumeState(/mnt/sdcard2): Unknown volume
05-22 10:44:50.908 W/MountService(  374): getVolumeState(/mnt/emmc): Unknown volume
05-22 10:44:50.908 W/MountService(  374): getVolumeState(/mnt/extSdCard): Unknown volume
05-22 10:44:50.908 W/MountService(  374): getVolumeState(/mnt/sdcard/SD_CARD): Unknown volume
05-22 10:44:50.908 W/MountService(  374): getVolumeState(/mnt/sdcard/extra_sd): Unknown volume
05-22 10:44:50.908 W/MountService(  374): getVolumeState(/mnt/extrasd_bind): Unknown volume
05-22 10:44:50.916 W/MountService(  374): getVolumeState(/mnt/sdcard/ext_sd): Unknown volume
05-22 10:44:50.916 W/MountService(  374): getVolumeState(/storage/extSdCard): Unknown volume
05-22 10:44:50.924 W/MountService(  374): getVolumeState(/storage/sdcard1): Unknown volume
05-22 10:44:50.924 W/MountService(  374): getVolumeState(/mnt/sdcard/external_SD): Unknown volume
05-22 10:44:50.924 W/MountService(  374): getVolumeState(/mnt/sdcard/external_sd): Unknown volume
05-22 10:44:59.767 I/PowerManagerService(  374): Waking up from sleep...
05-22 10:44:59.908 I/WindowManager(  374): Lock screen displayed!
05-22 10:45:03.072 D/PhoneStatusBar(  448): disable: < expand* icons alerts ticker* system_info BACK HOME recent* CLOCK search* >
05-22 10:45:03.142 D/PhoneStatusBar(  448): disable: < expand icons alerts ticker system_info back* home* recent clock* search >
05-22 10:45:03.166 W/InputMethodManagerService(  374): Window already focused, ignoring focus gain of: com.android.internal.view.IInputMethodClient$Stub$Proxy@42912c48 attribute=android.view.inputmethod.EditorInfo@428e4790, token = android.os.BinderProxy@42d7dc80
05-22 10:45:09.260 I/ActivityManager(  374): START u0 {flg=0x10000000 cmp=com.pekall.emdm.launcher/.ui.BackPersonalActivity} from pid 14051
05-22 10:45:09.471 I/ActivityManager(  374): START u0 {flg=0x10200000 cmp=com.android.launcher/com.android.launcher2.Launcher} from pid 14051
05-22 10:45:09.471 W/ActivityManager(  374): Duplicate finish request for ActivityRecord{426caf58 u0 com.pekall.emdm.launcher/.ui.BackPersonalActivity}
05-22 10:45:16.752 I/ActivityManager(  374): START u0 {act=android.intent.action.MAIN cat=[android.intent.category.LAUNCHER] flg=0x10200000 cmp=com.android.settings/.Settings} from pid 576
05-22 10:45:16.994 I/ActivityManager(  374): Process com.google.android.email (pid 13994) has died.
05-22 10:45:17.150 D/WifiService(  374): setWifiEnabled: true pid=13966, uid=1000
05-22 10:45:20.439 I/ActivityManager(  374): START u0 {act=android.intent.action.MAIN cmp=com.android.settings/.SubSettings (has extras)} from pid 13966
05-22 10:45:23.549 I/ActivityManager(  374): START u0 {act=android.intent.action.MAIN cmp=com.android.settings/.SubSettings (has extras)} from pid 13966
05-22 10:45:24.635 I/ActivityManager(  374): START u0 {cmp=com.android.settings/.DeviceAdminAdd (has extras)} from pid 13966
05-22 10:45:25.916 I/ActivityManager(  374): START u0 {flg=0x10000000 cmp=com.pekall.emdm.launcher/com.pekall.emdm.ui.ActiveDeviceAdminActivity} from pid 14051
05-22 10:45:26.041 W/InputMethodManagerService(  374): Focus gain on non-focused client com.android.internal.view.IInputMethodClient$Stub$Proxy@42c1fdd0 (uid=1000 pid=13966)
05-22 10:45:26.674 I/ActivityManager(  374): START u0 {act=launcher.action.to.personal cmp=com.pekall.emdm.launcher/.ui.BackPersonalActivity} from pid 14051
05-22 10:45:26.846 I/ActivityManager(  374): START u0 {act=android.intent.action.VIEW flg=0x10200000 cmp=com.android.launcher/com.android.launcher2.Launcher} from pid 14051
05-22 10:45:31.455 I/ActivityManager(  374): START u0 {act=android.intent.action.MAIN cat=[android.intent.category.LAUNCHER] flg=0x10200000 cmp=com.android.settings/.Settings} from pid 576
05-22 10:45:32.650 I/ActivityManager(  374): START u0 {act=android.intent.action.MAIN cmp=com.android.settings/.SubSettings (has extras)} from pid 13966
05-22 10:45:32.721 W/ContextImpl(13966): Calling a method in the system process without a qualified user: android.app.ContextImpl.bindService:1439 android.content.ContextWrapper.bindService:496 com.android.settings.applications.ManageApplications.onCreate:861 android.app.Fragment.performCreate:1673 android.app.FragmentManagerImpl.moveToState:854 
05-22 10:45:35.556 W/MountService(  374): getVolumeState(/storage/emulated/0/external_sd): Unknown volume
05-22 10:45:35.556 W/MountService(  374): getVolumeState(/mnt/sdcard-ext): Unknown volume
05-22 10:45:35.556 W/MountService(  374): getVolumeState(/mnt/ext_sdcard): Unknown volume
05-22 10:45:35.556 W/MountService(  374): getVolumeState(/mnt/sdcard2): Unknown volume
05-22 10:45:35.556 W/MountService(  374): getVolumeState(/mnt/emmc): Unknown volume
05-22 10:45:35.556 W/MountService(  374): getVolumeState(/mnt/extSdCard): Unknown volume
05-22 10:45:35.556 W/MountService(  374): getVolumeState(/mnt/sdcard/SD_CARD): Unknown volume
05-22 10:45:35.556 W/MountService(  374): getVolumeState(/mnt/sdcard/extra_sd): Unknown volume
05-22 10:45:35.564 W/MountService(  374): getVolumeState(/mnt/extrasd_bind): Unknown volume
05-22 10:45:35.564 W/MountService(  374): getVolumeState(/mnt/sdcard/ext_sd): Unknown volume
05-22 10:45:35.572 W/MountService(  374): getVolumeState(/storage/extSdCard): Unknown volume
05-22 10:45:35.572 W/MountService(  374): getVolumeState(/storage/sdcard1): Unknown volume
05-22 10:45:35.572 W/MountService(  374): getVolumeState(/mnt/sdcard/external_SD): Unknown volume
05-22 10:45:35.580 W/MountService(  374): getVolumeState(/mnt/sdcard/external_sd): Unknown volume
05-22 10:45:35.869 W/MountService(  374): getVolumeState(/storage/emulated/0/external_sd): Unknown volume
05-22 10:45:35.877 W/MountService(  374): getVolumeState(/mnt/sdcard-ext): Unknown volume
05-22 10:45:35.877 W/MountService(  374): getVolumeState(/mnt/ext_sdcard): Unknown volume
05-22 10:45:35.877 W/MountService(  374): getVolumeState(/mnt/sdcard2): Unknown volume
05-22 10:45:35.877 W/MountService(  374): getVolumeState(/mnt/emmc): Unknown volume
05-22 10:45:35.877 W/MountService(  374): getVolumeState(/mnt/extSdCard): Unknown volume
05-22 10:45:35.877 W/MountService(  374): getVolumeState(/mnt/sdcard/SD_CARD): Unknown volume
05-22 10:45:35.877 W/MountService(  374): getVolumeState(/mnt/sdcard/extra_sd): Unknown volume
05-22 10:45:35.877 W/MountService(  374): getVolumeState(/mnt/extrasd_bind): Unknown volume
05-22 10:45:35.877 W/MountService(  374): getVolumeState(/mnt/sdcard/ext_sd): Unknown volume
05-22 10:45:35.877 W/MountService(  374): getVolumeState(/storage/extSdCard): Unknown volume
05-22 10:45:35.877 W/MountService(  374): getVolumeState(/storage/sdcard1): Unknown volume
05-22 10:45:35.877 W/MountService(  374): getVolumeState(/mnt/sdcard/external_SD): Unknown volume
05-22 10:45:35.877 W/MountService(  374): getVolumeState(/mnt/sdcard/external_sd): Unknown volume
05-22 10:45:35.908 I/ActivityManager(  374): START u0 {act=android.intent.action.MAIN cmp=com.android.settings/.SubSettings (has extras)} from pid 13966
05-22 10:45:39.181 I/ActivityManager(  374): Force stopping package com.pekall.emdm.launcher appid=10066 user=0
05-22 10:45:39.181 I/ActivityManager(  374): Killing proc 14051:com.pekall.emdm.launcher/u0a10066: force stop com.pekall.emdm.launcher
05-22 10:45:39.189 W/ActivityManager(  374): Scheduling restart of crashed service com.pekall.emdm.launcher/com.pekall.emdm.MdmService in 5000ms
05-22 10:45:39.189 W/ActivityManager(  374): Scheduling restart of crashed service com.pekall.emdm.launcher/com.pekall.emdm.contacts.service.PhoneService in 15000ms
05-22 10:45:39.189 I/ActivityManager(  374):   Force finishing activity ActivityRecord{427b5718 u0 com.pekall.emdm.launcher/.Launcher}
05-22 10:45:39.189 I/ActivityManager(  374):   Force stopping service ServiceRecord{431048a0 u0 com.pekall.emdm.launcher/com.pekall.emdm.contacts.service.PhoneService}
05-22 10:45:39.189 I/ActivityManager(  374):   Force stopping service ServiceRecord{431921b8 u0 com.pekall.emdm.launcher/com.pekall.emdm.MdmService}
05-22 10:45:39.252 I/WindowState(  374): WIN DEATH: Window{42ffec28 u0 com.pekall.emdm.launcher/com.pekall.emdm.launcher.Launcher}
05-22 10:45:39.486 W/InputMethodManagerService(  374): Window already focused, ignoring focus gain of: com.android.internal.view.IInputMethodClient$Stub$Proxy@42a0b168 attribute=null, token = android.os.BinderProxy@42998f90
05-22 10:45:51.166 I/ActivityManager(  374): START u0 {act=android.intent.action.MAIN cat=[android.intent.category.LAUNCHER] flg=0x10200000 cmp=com.pekall.emdm.launcher/.Launcher} from pid 576
05-22 10:45:51.346 I/ActivityManager(  374): Start proc com.pekall.emdm.launcher for activity com.pekall.emdm.launcher/.Launcher: pid=14465 uid=10066 gids={50066, 1015, 3002, 3001, 3003, 1028}
05-22 10:45:52.471 I/ActivityManager(  374): START u0 {cmp=com.pekall.emdm.launcher/com.pekall.emdm.ui.SplashActivity} from pid 14465
05-22 10:45:52.978 W/ActivityManager(  374): Activity pause timeout for ActivityRecord{426caf58 u0 com.pekall.emdm.launcher/.Launcher}
05-22 10:45:54.619 W/ActivityManager(  374): Unable to start service Intent { cmp=com.pekall.emdm.launcher/com.pekall.semail.service.AttachmentDownloadService } U=0: not found
05-22 10:45:54.650 W/ActivityManager(  374): Unable to start service Intent { cmp=com.pekall.emdm.launcher/com.pekall.semail.service.AttachmentDownloadService } U=0: not found
05-22 10:45:55.603 I/ActivityManager(  374): START u0 {cmp=com.pekall.emdm.launcher/com.pekall.emdm.ui.AdvActivity} from pid 14465
05-22 10:46:00.853 I/ActivityManager(  374): START u0 {cmp=com.pekall.emdm.launcher/com.pekall.emdm.ui.ActiveDeviceAdminActivity} from pid 14465
05-22 10:46:02.072 I/ActivityManager(  374): START u0 {act=android.app.action.ADD_DEVICE_ADMIN cmp=com.android.settings/.DeviceAdminAdd (has extras)} from pid 14465
--------- beginning of /dev/log/main
05-22 10:46:03.291 D/dalvikvm(14465): VFY: replacing opcode 0x6e at 0x000a
05-22 10:46:03.291 I/dalvikvm(14465): Could not find method android.app.enterprise.EnterpriseDeviceManager.getApplicationPolicy, referenced from method com.pekall.emdm.b.b.a.E
05-22 10:46:03.291 W/dalvikvm(14465): VFY: unable to resolve virtual method 1364: Landroid/app/enterprise/EnterpriseDeviceManager;.getApplicationPolicy ()Landroid/app/enterprise/ApplicationPolicy;
05-22 10:46:03.291 D/dalvikvm(14465): VFY: replacing opcode 0x6e at 0x000a
05-22 10:46:03.291 I/dalvikvm(14465): Could not find method android.app.enterprise.EnterpriseDeviceManager.getApplicationPolicy, referenced from method com.pekall.emdm.b.b.a.F
05-22 10:46:03.291 W/dalvikvm(14465): VFY: unable to resolve virtual method 1364: Landroid/app/enterprise/EnterpriseDeviceManager;.getApplicationPolicy ()Landroid/app/enterprise/ApplicationPolicy;
05-22 10:46:03.291 D/dalvikvm(14465): VFY: replacing opcode 0x6e at 0x000a
05-22 10:46:03.291 I/dalvikvm(14465): Could not find method android.app.enterprise.EnterpriseDeviceManager.getApplicationPolicy, referenced from method com.pekall.emdm.b.b.a.G
05-22 10:46:03.291 W/dalvikvm(14465): VFY: unable to resolve virtual method 1364: Landroid/app/enterprise/EnterpriseDeviceManager;.getApplicationPolicy ()Landroid/app/enterprise/ApplicationPolicy;
05-22 10:46:03.291 D/dalvikvm(14465): VFY: replacing opcode 0x6e at 0x000a
05-22 10:46:03.299 I/dalvikvm(14465): Could not find method android.app.enterprise.EnterpriseDeviceManager.getRestrictionPolicy, referenced from method com.pekall.emdm.b.b.a.H
05-22 10:46:03.299 W/dalvikvm(14465): VFY: unable to resolve virtual method 1371: Landroid/app/enterprise/EnterpriseDeviceManager;.getRestrictionPolicy ()Landroid/app/enterprise/RestrictionPolicy;
05-22 10:46:03.299 D/dalvikvm(14465): VFY: replacing opcode 0x6e at 0x000a
05-22 10:46:03.299 I/dalvikvm(14465): Could not find method android.app.enterprise.EnterpriseDeviceManager.getPhoneRestrictionPolicy, referenced from method com.pekall.emdm.b.b.a.I
05-22 10:46:03.299 W/dalvikvm(14465): VFY: unable to resolve virtual method 1370: Landroid/app/enterprise/EnterpriseDeviceManager;.getPhoneRestrictionPolicy ()Landroid/app/enterprise/PhoneRestrictionPolicy;
05-22 10:46:03.299 D/dalvikvm(14465): VFY: replacing opcode 0x6e at 0x0003
05-22 10:46:03.299 I/dalvikvm(14465): Could not find method android.app.enterprise.EnterpriseDeviceManager.getPhoneRestrictionPolicy, referenced from method com.pekall.emdm.b.b.a.J
05-22 10:46:03.306 W/dalvikvm(14465): VFY: unable to resolve virtual method 1370: Landroid/app/enterprise/EnterpriseDeviceManager;.getPhoneRestrictionPolicy ()Landroid/app/enterprise/PhoneRestrictionPolicy;
05-22 10:46:03.306 D/dalvikvm(14465): VFY: replacing opcode 0x6e at 0x000a
05-22 10:46:03.306 I/dalvikvm(14465): Could not find method android.app.enterprise.EnterpriseDeviceManager.getPhoneRestrictionPolicy, referenced from method com.pekall.emdm.b.b.a.K
05-22 10:46:03.306 W/dalvikvm(14465): VFY: unable to resolve virtual method 1370: Landroid/app/enterprise/EnterpriseDeviceManager;.getPhoneRestrictionPolicy ()Landroid/app/enterprise/PhoneRestrictionPolicy;
05-22 10:46:03.306 D/dalvikvm(14465): VFY: replacing opcode 0x6e at 0x000a
05-22 10:46:03.306 I/dalvikvm(14465): Could not find method android.app.enterprise.EnterpriseDeviceManager.getPhoneRestrictionPolicy, referenced from method com.pekall.emdm.b.b.a.L
05-22 10:46:03.306 W/dalvikvm(14465): VFY: unable to resolve virtual method 1370: Landroid/app/enterprise/EnterpriseDeviceManager;.getPhoneRestrictionPolicy ()Landroid/app/enterprise/PhoneRestrictionPolicy;
05-22 10:46:03.306 D/dalvikvm(14465): VFY: replacing opcode 0x6e at 0x000a
05-22 10:46:03.314 I/dalvikvm(14465): Could not find method android.app.enterprise.EnterpriseDeviceManager.getRestrictionPolicy, referenced from method com.pekall.emdm.b.b.a.M
05-22 10:46:03.314 W/dalvikvm(14465): VFY: unable to resolve virtual method 1371: Landroid/app/enterprise/EnterpriseDeviceManager;.getRestrictionPolicy ()Landroid/app/enterprise/RestrictionPolicy;
05-22 10:46:03.314 D/dalvikvm(14465): VFY: replacing opcode 0x6e at 0x000a
05-22 10:46:03.314 I/dalvikvm(14465): Could not find method android.app.enterprise.EnterpriseDeviceManager.getRoamingPolicy, referenced from method com.pekall.emdm.b.b.a.N
05-22 10:46:03.314 W/dalvikvm(14465): VFY: unable to resolve virtual method 1372: Landroid/app/enterprise/EnterpriseDeviceManager;.getRoamingPolicy ()Landroid/app/enterprise/RoamingPolicy;
05-22 10:46:03.314 D/dalvikvm(14465): VFY: replacing opcode 0x6e at 0x000a
05-22 10:46:03.314 I/dalvikvm(14465): Could not find method android.app.enterprise.EnterpriseDeviceManager.getRoamingPolicy, referenced from method com.pekall.emdm.b.b.a.O
05-22 10:46:03.314 W/dalvikvm(14465): VFY: unable to resolve virtual method 1372: Landroid/app/enterprise/EnterpriseDeviceManager;.getRoamingPolicy ()Landroid/app/enterprise/RoamingPolicy;
05-22 10:46:03.314 D/dalvikvm(14465): VFY: replacing opcode 0x6e at 0x000a
05-22 10:46:03.314 I/dalvikvm(14465): Could not find method android.app.enterprise.EnterpriseDeviceManager.getRoamingPolicy, referenced from method com.pekall.emdm.b.b.a.P
05-22 10:46:03.322 W/dalvikvm(14465): VFY: unable to resolve virtual method 1372: Landroid/app/enterprise/EnterpriseDeviceManager;.getRoamingPolicy ()Landroid/app/enterprise/RoamingPolicy;
05-22 10:46:03.322 D/dalvikvm(14465): VFY: replacing opcode 0x6e at 0x000a
05-22 10:46:03.322 I/dalvikvm(14465): Could not find method android.app.enterprise.EnterpriseDeviceManager.getWifiPolicy, referenced from method com.pekall.emdm.b.b.a.a
05-22 10:46:03.322 W/dalvikvm(14465): VFY: unable to resolve virtual method 1374: Landroid/app/enterprise/EnterpriseDeviceManager;.getWifiPolicy ()Landroid/app/enterprise/WifiPolicy;
05-22 10:46:03.322 D/dalvikvm(14465): VFY: replacing opcode 0x6e at 0x000e
05-22 10:46:03.322 I/dalvikvm(14465): Could not find method android.app.enterprise.EnterpriseDeviceManager.getSecurityPolicy, referenced from method com.pekall.emdm.b.b.a.a
05-22 10:46:03.322 W/dalvikvm(14465): VFY: unable to resolve virtual method 1373: Landroid/app/enterprise/EnterpriseDeviceManager;.getSecurityPolicy ()Landroid/app/enterprise/SecurityPolicy;
05-22 10:46:03.322 D/dalvikvm(14465): VFY: replacing opcode 0x6e at 0x0015
05-22 10:46:03.330 I/dalvikvm(14465): Could not find method android.app.enterprise.EnterpriseDeviceManager.getApplicationPolicy, referenced from method com.pekall.emdm.b.b.a.a
05-22 10:46:03.330 W/dalvikvm(14465): VFY: unable to resolve virtual method 1364: Landroid/app/enterprise/EnterpriseDeviceManager;.getApplicationPolicy ()Landroid/app/enterprise/ApplicationPolicy;
05-22 10:46:03.330 D/dalvikvm(14465): VFY: replacing opcode 0x6e at 0x000a
05-22 10:46:03.330 I/dalvikvm(14465): Could not find method android.app.enterprise.EnterpriseDeviceManager.getWifiPolicy, referenced from method com.pekall.emdm.b.b.a.a
05-22 10:46:03.330 W/dalvikvm(14465): VFY: unable to resolve virtual method 1374: Landroid/app/enterprise/EnterpriseDeviceManager;.getWifiPolicy ()Landroid/app/enterprise/WifiPolicy;
05-22 10:46:03.330 D/dalvikvm(14465): VFY: replacing opcode 0x6e at 0x000b
05-22 10:46:03.330 I/dalvikvm(14465): Could not find method android.app.enterprise.EnterpriseDeviceManager.getRestrictionPolicy, referenced from method com.pekall.emdm.b.b.a.a
05-22 10:46:03.330 W/dalvikvm(14465): VFY: unable to resolve virtual method 1371: Landroid/app/enterprise/EnterpriseDeviceManager;.getRestrictionPolicy ()Landroid/app/enterprise/RestrictionPolicy;
05-22 10:46:03.330 D/dalvikvm(14465): VFY: replacing opcode 0x6e at 0x000a
05-22 10:46:03.338 I/dalvikvm(14465): Could not find method android.app.enterprise.EnterpriseDeviceManager.getBluetoothPolicy, referenced from method com.pekall.emdm.b.b.a.a
05-22 10:46:03.338 W/dalvikvm(14465): VFY: unable to resolve virtual method 1365: Landroid/app/enterprise/EnterpriseDeviceManager;.getBluetoothPolicy ()Landroid/app/enterprise/BluetoothPolicy;
05-22 10:46:03.338 D/dalvikvm(14465): VFY: replacing opcode 0x6e at 0x000a
05-22 10:46:03.338 I/dalvikvm(14465): Could not find method android.app.enterprise.EnterpriseDeviceManager.getSecurityPolicy, referenced from method com.pekall.emdm.b.b.a.b
05-22 10:46:03.338 W/dalvikvm(14465): VFY: unable to resolve virtual method 1373: Landroid/app/enterprise/EnterpriseDeviceManager;.getSecurityPolicy ()Landroid/app/enterprise/SecurityPolicy;
05-22 10:46:03.338 D/dalvikvm(14465): VFY: replacing opcode 0x6e at 0x0015
05-22 10:46:03.338 I/dalvikvm(14465): Could not find method android.app.enterprise.EnterpriseDeviceManager.getWifiPolicy, referenced from method com.pekall.emdm.b.b.a.b
05-22 10:46:03.338 W/dalvikvm(14465): VFY: unable to resolve virtual method 1374: Landroid/app/enterprise/EnterpriseDeviceManager;.getWifiPolicy ()Landroid/app/enterprise/WifiPolicy;
05-22 10:46:03.338 D/dalvikvm(14465): VFY: replacing opcode 0x6e at 0x000b
05-22 10:46:03.346 I/dalvikvm(14465): Could not find method android.app.enterprise.EnterpriseDeviceManager.getDateTimePolicy, referenced from method com.pekall.emdm.b.b.a.b
05-22 10:46:03.346 W/dalvikvm(14465): VFY: unable to resolve virtual method 1366: Landroid/app/enterprise/EnterpriseDeviceManager;.getDateTimePolicy ()Landroid/app/enterprise/DateTimePolicy;
05-22 10:46:03.346 D/dalvikvm(14465): VFY: replacing opcode 0x6e at 0x000a
05-22 10:46:03.346 I/dalvikvm(14465): Could not find method android.app.enterprise.EnterpriseDeviceManager.getWifiPolicy, referenced from method com.pekall.emdm.b.b.a.c
05-22 10:46:03.346 W/dalvikvm(14465): VFY: unable to resolve virtual method 1374: Landroid/app/enterprise/EnterpriseDeviceManager;.getWifiPolicy ()Landroid/app/enterprise/WifiPolicy;
05-22 10:46:03.346 D/dalvikvm(14465): VFY: replacing opcode 0x6e at 0x000a
05-22 10:46:03.346 I/dalvikvm(14465): Could not find method android.app.enterprise.EnterpriseDeviceManager.getRestrictionPolicy, referenced from method com.pekall.emdm.b.b.a.c
05-22 10:46:03.346 W/dalvikvm(14465): VFY: unable to resolve virtual method 1371: Landroid/app/enterprise/EnterpriseDeviceManager;.getRestrictionPolicy ()Landroid/app/enterprise/RestrictionPolicy;
05-22 10:46:03.346 D/dalvikvm(14465): VFY: replacing opcode 0x6e at 0x000a
05-22 10:46:03.353 I/dalvikvm(14465): Could not find method android.app.enterprise.EnterpriseDeviceManager.getWifiPolicy, referenced from method com.pekall.emdm.b.b.a.d
05-22 10:46:03.353 W/dalvikvm(14465): VFY: unable to resolve virtual method 1374: Landroid/app/enterprise/EnterpriseDeviceManager;.getWifiPolicy ()Landroid/app/enterprise/WifiPolicy;
05-22 10:46:03.353 D/dalvikvm(14465): VFY: replacing opcode 0x6e at 0x000a
05-22 10:46:03.353 I/dalvikvm(14465): Could not find method android.app.enterprise.EnterpriseDeviceManager.getRestrictionPolicy, referenced from method com.pekall.emdm.b.b.a.d
05-22 10:46:03.353 W/dalvikvm(14465): VFY: unable to resolve virtual method 1371: Landroid/app/enterprise/EnterpriseDeviceManager;.getRestrictionPolicy ()Landroid/app/enterprise/RestrictionPolicy;
05-22 10:46:03.353 D/dalvikvm(14465): VFY: replacing opcode 0x6e at 0x000a
05-22 10:46:03.353 I/dalvikvm(14465): Could not find method android.app.enterprise.EnterpriseDeviceManager.getLocationPolicy, referenced from method com.pekall.emdm.b.b.a.e
05-22 10:46:03.353 W/dalvikvm(14465): VFY: unable to resolve virtual method 1368: Landroid/app/enterprise/EnterpriseDeviceManager;.getLocationPolicy ()Landroid/app/enterprise/LocationPolicy;
05-22 10:46:03.353 D/dalvikvm(14465): VFY: replacing opcode 0x6e at 0x000a
05-22 10:46:03.361 I/dalvikvm(14465): Could not find method android.app.enterprise.EnterpriseDeviceManager.getRestrictionPolicy, referenced from method com.pekall.emdm.b.b.a.f
05-22 10:46:03.361 W/dalvikvm(14465): VFY: unable to resolve virtual method 1371: Landroid/app/enterprise/EnterpriseDeviceManager;.getRestrictionPolicy ()Landroid/app/enterprise/RestrictionPolicy;
05-22 10:46:03.361 D/dalvikvm(14465): VFY: replacing opcode 0x6e at 0x000a
05-22 10:46:03.361 I/dalvikvm(14465): Could not find method android.app.enterprise.EnterpriseDeviceManager.getWifiPolicy, referenced from method com.pekall.emdm.b.b.a.g
05-22 10:46:03.361 W/dalvikvm(14465): VFY: unable to resolve virtual method 1374: Landroid/app/enterprise/EnterpriseDeviceManager;.getWifiPolicy ()Landroid/app/enterprise/WifiPolicy;
05-22 10:46:03.361 D/dalvikvm(14465): VFY: replacing opcode 0x6e at 0x000a
05-22 10:46:03.361 I/dalvikvm(14465): Could not find method android.app.enterprise.EnterpriseDeviceManager.getRestrictionPolicy, referenced from method com.pekall.emdm.b.b.a.h
05-22 10:46:03.361 W/dalvikvm(14465): VFY: unable to resolve virtual method 1371: Landroid/app/enterprise/EnterpriseDeviceManager;.getRestrictionPolicy ()Landroid/app/enterprise/RestrictionPolicy;
05-22 10:46:03.361 D/dalvikvm(14465): VFY: replacing opcode 0x6e at 0x000a
05-22 10:46:03.369 I/dalvikvm(14465): Could not find method android.app.enterprise.EnterpriseDeviceManager.getRestrictionPolicy, referenced from method com.pekall.emdm.b.b.a.i
05-22 10:46:03.369 W/dalvikvm(14465): VFY: unable to resolve virtual method 1371: Landroid/app/enterprise/EnterpriseDeviceManager;.getRestrictionPolicy ()Landroid/app/enterprise/RestrictionPolicy;
05-22 10:46:03.369 D/dalvikvm(14465): VFY: replacing opcode 0x6e at 0x000a
05-22 10:46:03.369 I/dalvikvm(14465): Could not find method android.app.enterprise.EnterpriseDeviceManager.getPhoneRestrictionPolicy, referenced from method com.pekall.emdm.b.b.a.j
05-22 10:46:03.369 W/dalvikvm(14465): VFY: unable to resolve virtual method 1370: Landroid/app/enterprise/EnterpriseDeviceManager;.getPhoneRestrictionPolicy ()Landroid/app/enterprise/PhoneRestrictionPolicy;
05-22 10:46:03.369 D/dalvikvm(14465): VFY: replacing opcode 0x6e at 0x000a
05-22 10:46:03.369 I/dalvikvm(14465): Could not find method android.app.enterprise.EnterpriseDeviceManager.getWifiPolicy, referenced from method com.pekall.emdm.b.b.a.k
05-22 10:46:03.369 W/dalvikvm(14465): VFY: unable to resolve virtual method 1374: Landroid/app/enterprise/EnterpriseDeviceManager;.getWifiPolicy ()Landroid/app/enterprise/WifiPolicy;
05-22 10:46:03.369 D/dalvikvm(14465): VFY: replacing opcode 0x6e at 0x000a
05-22 10:46:03.377 I/dalvikvm(14465): Could not find method android.app.enterprise.EnterpriseDeviceManager.getRestrictionPolicy, referenced from method com.pekall.emdm.b.b.a.l
05-22 10:46:03.377 W/dalvikvm(14465): VFY: unable to resolve virtual method 1371: Landroid/app/enterprise/EnterpriseDeviceManager;.getRestrictionPolicy ()Landroid/app/enterprise/RestrictionPolicy;
05-22 10:46:03.377 D/dalvikvm(14465): VFY: replacing opcode 0x6e at 0x000a
05-22 10:46:03.377 I/dalvikvm(14465): Could not find method android.app.enterprise.EnterpriseDeviceManager.getBluetoothPolicy, referenced from method com.pekall.emdm.b.b.a.m
05-22 10:46:03.377 W/dalvikvm(14465): VFY: unable to resolve virtual method 1365: Landroid/app/enterprise/EnterpriseDeviceManager;.getBluetoothPolicy ()Landroid/app/enterprise/BluetoothPolicy;
05-22 10:46:03.377 D/dalvikvm(14465): VFY: replacing opcode 0x6e at 0x000a
05-22 10:46:03.377 I/dalvikvm(14465): Could not find method android.app.enterprise.EnterpriseDeviceManager.getBluetoothPolicy, referenced from method com.pekall.emdm.b.b.a.n
05-22 10:46:03.377 W/dalvikvm(14465): VFY: unable to resolve virtual method 1365: Landroid/app/enterprise/EnterpriseDeviceManager;.getBluetoothPolicy ()Landroid/app/enterprise/BluetoothPolicy;
05-22 10:46:03.377 D/dalvikvm(14465): VFY: replacing opcode 0x6e at 0x000a
05-22 10:46:03.377 I/dalvikvm(14465): Could not find method android.app.enterprise.EnterpriseDeviceManager.getBluetoothPolicy, referenced from method com.pekall.emdm.b.b.a.o
05-22 10:46:03.385 W/dalvikvm(14465): VFY: unable to resolve virtual method 1365: Landroid/app/enterprise/EnterpriseDeviceManager;.getBluetoothPolicy ()Landroid/app/enterprise/BluetoothPolicy;
05-22 10:46:03.385 D/dalvikvm(14465): VFY: replacing opcode 0x6e at 0x000a
05-22 10:46:03.385 I/dalvikvm(14465): Could not find method android.app.enterprise.EnterpriseDeviceManager.getBluetoothPolicy, referenced from method com.pekall.emdm.b.b.a.p
05-22 10:46:03.385 W/dalvikvm(14465): VFY: unable to resolve virtual method 1365: Landroid/app/enterprise/EnterpriseDeviceManager;.getBluetoothPolicy ()Landroid/app/enterprise/BluetoothPolicy;
05-22 10:46:03.385 D/dalvikvm(14465): VFY: replacing opcode 0x6e at 0x000a
05-22 10:46:03.385 I/dalvikvm(14465): Could not find method android.app.enterprise.EnterpriseDeviceManager.getRestrictionPolicy, referenced from method com.pekall.emdm.b.b.a.q
05-22 10:46:03.385 W/dalvikvm(14465): VFY: unable to resolve virtual method 1371: Landroid/app/enterprise/EnterpriseDeviceManager;.getRestrictionPolicy ()Landroid/app/enterprise/RestrictionPolicy;
05-22 10:46:03.385 D/dalvikvm(14465): VFY: replacing opcode 0x6e at 0x000a
05-22 10:46:03.385 I/dalvikvm(14465): Could not find method android.app.enterprise.EnterpriseDeviceManager.getBluetoothPolicy, referenced from method com.pekall.emdm.b.b.a.r
05-22 10:46:03.392 W/dalvikvm(14465): VFY: unable to resolve virtual method 1365: Landroid/app/enterprise/EnterpriseDeviceManager;.getBluetoothPolicy ()Landroid/app/enterprise/BluetoothPolicy;
05-22 10:46:03.392 D/dalvikvm(  374): GC_FOR_ALLOC freed 1204K, 23% free 23310K/30132K, paused 89ms, total 90ms
05-22 10:46:03.392 D/dalvikvm(14465): VFY: replacing opcode 0x6e at 0x000a
05-22 10:46:03.392 I/dalvikvm(14465): Could not find method android.app.enterprise.EnterpriseDeviceManager.getRestrictionPolicy, referenced from method com.pekall.emdm.b.b.a.s
05-22 10:46:03.392 W/dalvikvm(14465): VFY: unable to resolve virtual method 1371: Landroid/app/enterprise/EnterpriseDeviceManager;.getRestrictionPolicy ()Landroid/app/enterprise/RestrictionPolicy;
05-22 10:46:03.392 D/dalvikvm(14465): VFY: replacing opcode 0x6e at 0x000a
05-22 10:46:03.392 I/dalvikvm(14465): Could not find method android.app.enterprise.EnterpriseDeviceManager.getRestrictionPolicy, referenced from method com.pekall.emdm.b.b.a.t
05-22 10:46:03.392 W/dalvikvm(14465): VFY: unable to resolve virtual method 1371: Landroid/app/enterprise/EnterpriseDeviceManager;.getRestrictionPolicy ()Landroid/app/enterprise/RestrictionPolicy;
05-22 10:46:03.392 D/dalvikvm(14465): VFY: replacing opcode 0x6e at 0x000a
05-22 10:46:03.408 I/dalvikvm(14465): Could not find method android.app.enterprise.EnterpriseDeviceManager.getRestrictionPolicy, referenced from method com.pekall.emdm.b.b.a.u
05-22 10:46:03.408 W/dalvikvm(14465): VFY: unable to resolve virtual method 1371: Landroid/app/enterprise/EnterpriseDeviceManager;.getRestrictionPolicy ()Landroid/app/enterprise/RestrictionPolicy;
05-22 10:46:03.408 D/dalvikvm(14465): VFY: replacing opcode 0x6e at 0x000a
05-22 10:46:03.408 I/dalvikvm(14465): Could not find method android.app.enterprise.EnterpriseDeviceManager.getRestrictionPolicy, referenced from method com.pekall.emdm.b.b.a.v
05-22 10:46:03.408 W/dalvikvm(14465): VFY: unable to resolve virtual method 1371: Landroid/app/enterprise/EnterpriseDeviceManager;.getRestrictionPolicy ()Landroid/app/enterprise/RestrictionPolicy;
05-22 10:46:03.408 D/dalvikvm(14465): VFY: replacing opcode 0x6e at 0x000a
05-22 10:46:03.408 I/dalvikvm(14465): Could not find method android.app.enterprise.EnterpriseDeviceManager.getRestrictionPolicy, referenced from method com.pekall.emdm.b.b.a.w
05-22 10:46:03.408 W/dalvikvm(14465): VFY: unable to resolve virtual method 1371: Landroid/app/enterprise/EnterpriseDeviceManager;.getRestrictionPolicy ()Landroid/app/enterprise/RestrictionPolicy;
05-22 10:46:03.408 D/dalvikvm(14465): VFY: replacing opcode 0x6e at 0x000a
05-22 10:46:03.408 I/dalvikvm(14465): Could not find method android.app.enterprise.EnterpriseDeviceManager.getRestrictionPolicy, referenced from method com.pekall.emdm.b.b.a.x
05-22 10:46:03.416 W/dalvikvm(14465): VFY: unable to resolve virtual method 1371: Landroid/app/enterprise/EnterpriseDeviceManager;.getRestrictionPolicy ()Landroid/app/enterprise/RestrictionPolicy;
05-22 10:46:03.416 D/dalvikvm(14465): VFY: replacing opcode 0x6e at 0x000a
05-22 10:46:03.416 I/dalvikvm(14465): Could not find method android.app.enterprise.EnterpriseDeviceManager.getPasswordPolicy, referenced from method com.pekall.emdm.b.b.a.y
05-22 10:46:03.416 W/dalvikvm(14465): VFY: unable to resolve virtual method 1369: Landroid/app/enterprise/EnterpriseDeviceManager;.getPasswordPolicy ()Landroid/app/enterprise/PasswordPolicy;
05-22 10:46:03.416 D/dalvikvm(14465): VFY: replacing opcode 0x6e at 0x000a
05-22 10:46:03.416 I/dalvikvm(14465): Could not find method android.app.enterprise.EnterpriseDeviceManager.getRestrictionPolicy, referenced from method com.pekall.emdm.b.b.a.z
05-22 10:46:03.416 W/dalvikvm(14465): VFY: unable to resolve virtual method 1371: Landroid/app/enterprise/EnterpriseDeviceManager;.getRestrictionPolicy ()Landroid/app/enterprise/RestrictionPolicy;
05-22 10:46:03.416 D/dalvikvm(14465): VFY: replacing opcode 0x6e at 0x000a
05-22 10:46:03.424 W/Parcel  ( 1661): Attempt to read object from Parcel 0x5ec3bdac at offset 200 that is not in the object list
05-22 10:46:03.424 I/ActivityManager(  374): START u0 {cmp=com.pekall.emdm.launcher/com.pekall.emdm.ui.RegDeviceActivity} from pid 14465
05-22 10:46:03.447 V/LauncherApplication(14465): onActivityStarted
05-22 10:46:03.564 D/        (14465): [---null: -1---]     awsa  onActivityResumed
05-22 10:46:03.564 V/LauncherApplication(14465): 2MdmConstant.LAST_LAUNCH_TIME = 1400726753478
05-22 10:46:03.572 D/        (14465): [---null: -1---]  activity = com.pekall.emdm.ui.RegDeviceActivity
05-22 10:46:03.728 I/ActivityManager(  374): Displayed com.pekall.emdm.launcher/com.pekall.emdm.ui.RegDeviceActivity: +291ms
05-22 10:46:05.291 D/dalvikvm(12631): GC_CONCURRENT freed 403K, 6% free 9162K/9660K, paused 6ms+1ms, total 27ms
05-22 10:46:07.275 I/QueryController(14411): Matched selector: UiSelector[TEXT=Server, ENABLED=true] <<==>> [android.view.accessibility.AccessibilityNodeInfo@e552; boundsInParent: Rect(0, 0 - 621, 76); boundsInScreen: Rect(49, 280 - 670, 356); packageName: com.pekall.emdm.launcher; className: android.widget.EditText; text: Server; contentDescription: null; viewIdResName: com.pekall.emdm.launcher:id/mdm_edit; checkable: false; checked: false; focusable: true; focused: true; selected: false; clickable: true; longClickable: true; enabled: true; password: false; scrollable: false; [ACTION_CLEAR_FOCUS, ACTION_SELECT, ACTION_CLEAR_SELECTION, ACTION_CLICK, ACTION_LONG_CLICK, ACTION_ACCESSIBILITY_FOCUS]]
05-22 10:46:07.291 D/dalvikvm(14411): GC_CONCURRENT freed 396K, 93% free 609K/8192K, paused 2ms+1ms, total 15ms
05-22 10:46:07.306 I/QueryController(14411): Matched selector: UiSelector[TEXT=Server] <<==>> [android.view.accessibility.AccessibilityNodeInfo@e552; boundsInParent: Rect(0, 0 - 621, 76); boundsInScreen: Rect(49, 280 - 670, 356); packageName: com.pekall.emdm.launcher; className: android.widget.EditText; text: Server; contentDescription: null; viewIdResName: com.pekall.emdm.launcher:id/mdm_edit; checkable: false; checked: false; focusable: true; focused: true; selected: false; clickable: true; longClickable: true; enabled: true; password: false; scrollable: false; [ACTION_CLEAR_FOCUS, ACTION_SELECT, ACTION_CLEAR_SELECTION, ACTION_CLICK, ACTION_LONG_CLICK, ACTION_ACCESSIBILITY_FOCUS]]
05-22 10:46:09.588 I/QueryController(14411): Matched selector: UiSelector[TEXT=Server] <<==>> [android.view.accessibility.AccessibilityNodeInfo@e552; boundsInParent: Rect(0, 0 - 621, 76); boundsInScreen: Rect(49, 280 - 670, 356); packageName: com.pekall.emdm.launcher; className: android.widget.EditText; text: Server; contentDescription: null; viewIdResName: com.pekall.emdm.launcher:id/mdm_edit; checkable: false; checked: false; focusable: true; focused: true; selected: false; clickable: true; longClickable: true; enabled: true; password: false; scrollable: false; [ACTION_CLEAR_FOCUS, ACTION_SELECT, ACTION_CLEAR_SELECTION, ACTION_CLICK, ACTION_LONG_CLICK, ACTION_ACCESSIBILITY_FOCUS]]
05-22 10:46:12.752 I/QueryController(14411): Matched selector: UiSelector[TEXT=Please input email address, ENABLED=true] <<==>> [android.view.accessibility.AccessibilityNodeInfo@12523; boundsInParent: Rect(0, 0 - 621, 76); boundsInScreen: Rect(49, 420 - 670, 496); packageName: com.pekall.emdm.launcher; className: android.widget.EditText; text: Please input email address; contentDescription: null; viewIdResName: com.pekall.emdm.launcher:id/mdm_edit; checkable: false; checked: false; focusable: true; focused: false; selected: false; clickable: true; longClickable: true; enabled: true; password: false; scrollable: false; [ACTION_FOCUS, ACTION_SELECT, ACTION_CLEAR_SELECTION, ACTION_CLICK, ACTION_LONG_CLICK, ACTION_ACCESSIBILITY_FOCUS]]
05-22 10:46:12.767 I/QueryController(14411): Matched selector: UiSelector[TEXT=Please input email address] <<==>> [android.view.accessibility.AccessibilityNodeInfo@12523; boundsInParent: Rect(0, 0 - 621, 76); boundsInScreen: Rect(49, 420 - 670, 496); packageName: com.pekall.emdm.launcher; className: android.widget.EditText; text: Please input email address; contentDescription: null; viewIdResName: com.pekall.emdm.launcher:id/mdm_edit; checkable: false; checked: false; focusable: true; focused: false; selected: false; clickable: true; longClickable: true; enabled: true; password: false; scrollable: false; [ACTION_FOCUS, ACTION_SELECT, ACTION_CLEAR_SELECTION, ACTION_CLICK, ACTION_LONG_CLICK, ACTION_ACCESSIBILITY_FOCUS]]
05-22 10:46:15.158 D/dalvikvm(14411): GC_CONCURRENT freed 335K, 92% free 658K/8072K, paused 2ms+1ms, total 7ms
05-22 10:46:15.158 I/QueryController(14411): Matched selector: UiSelector[TEXT=Please input email address] <<==>> [android.view.accessibility.AccessibilityNodeInfo@12523; boundsInParent: Rect(0, 0 - 621, 76); boundsInScreen: Rect(49, 420 - 670, 496); packageName: com.pekall.emdm.launcher; className: android.widget.EditText; text: Please input email address; contentDescription: null; viewIdResName: com.pekall.emdm.launcher:id/mdm_edit; checkable: false; checked: false; focusable: true; focused: true; selected: false; clickable: true; longClickable: true; enabled: true; password: false; scrollable: false; [ACTION_CLEAR_FOCUS, ACTION_SELECT, ACTION_CLEAR_SELECTION, ACTION_CLICK, ACTION_LONG_CLICK, ACTION_ACCESSIBILITY_FOCUS]]
05-22 10:46:18.471 I/QueryController(14411): Matched selector: UiSelector[CLASS=android.widget.EditText, INSTANCE=2, ENABLED=true, COUNT=2] <<==>> [android.view.accessibility.AccessibilityNodeInfo@128e4; boundsInParent: Rect(0, 0 - 621, 76); boundsInScreen: Rect(49, 560 - 670, 636); packageName: com.pekall.emdm.launcher; className: android.widget.EditText; text: null; contentDescription: null; viewIdResName: com.pekall.emdm.launcher:id/mdm_edit; checkable: false; checked: false; focusable: true; focused: false; selected: false; clickable: true; longClickable: true; enabled: true; password: true; scrollable: false; [ACTION_FOCUS, ACTION_SELECT, ACTION_CLEAR_SELECTION, ACTION_CLICK, ACTION_LONG_CLICK, ACTION_ACCESSIBILITY_FOCUS]]
05-22 10:46:18.486 I/QueryController(14411): Matched selector: UiSelector[CLASS=android.widget.EditText, INSTANCE=2, COUNT=2] <<==>> [android.view.accessibility.AccessibilityNodeInfo@128e4; boundsInParent: Rect(0, 0 - 621, 76); boundsInScreen: Rect(49, 560 - 670, 636); packageName: com.pekall.emdm.launcher; className: android.widget.EditText; text: null; contentDescription: null; viewIdResName: com.pekall.emdm.launcher:id/mdm_edit; checkable: false; checked: false; focusable: true; focused: false; selected: false; clickable: true; longClickable: true; enabled: true; password: true; scrollable: false; [ACTION_FOCUS, ACTION_SELECT, ACTION_CLEAR_SELECTION, ACTION_CLICK, ACTION_LONG_CLICK, ACTION_ACCESSIBILITY_FOCUS]]
