05-22 10:52:52.111 D/LightsService(  374): Excessive delay setting light: 77ms
05-22 10:52:52.142 D/dalvikvm(  374): GC_FOR_ALLOC freed 3579K, 24% free 22983K/30132K, paused 112ms, total 112ms
05-22 10:52:52.150 D/dalvikvm(15268): Note: class Landroid/app/ActivityManagerNative; has 163 unimplemented (abstract) methods
05-22 10:52:52.158 D/LauncherApplication(14465): [null:-1]->onActivityPaused
05-22 10:52:52.158 D/SurfaceFlinger(  124): Screen released, type=0 flinger=0x40e95478
05-22 10:52:52.189 D/LauncherApplication(14465): [null:-1]->onActivityPaused  updateTime
05-22 10:52:52.236 I/PowerManagerService(  374): Waking up from sleep...
05-22 10:52:52.291 D/NfcService(  568): NFC-C OFF, disconnect
05-22 10:52:52.314 W/InputMethodManagerService(  374): Window already focused, ignoring focus gain of: com.android.internal.view.IInputMethodClient$Stub$Proxy@428867f0 attribute=android.view.inputmethod.EditorInfo@42fdabe8, token = android.os.BinderProxy@42853a20
05-22 10:52:52.322 W/Parcel  ( 1661): Attempt to read object from Parcel 0x5ef3bdac at offset 200 that is not in the object list
05-22 10:52:52.400 V/WiseDownloadConditionControler(11077): checkCondition  type : TODAY_LAUNCHED_USER  inerrupting: false
05-22 10:52:52.471 V/MDM :   (14465): [null:-1]->Screen receiver is called.
05-22 10:52:52.471 W/Parcel  ( 1661): Attempt to read object from Parcel 0x6003bdac at offset 200 that is not in the object list
05-22 10:52:52.478 I/WindowManager(  374): No lock screen!
05-22 10:52:52.486 V/LauncherApplication(14465): onActivityStarted
05-22 10:52:52.533 D/        (14465): [---null: -1---]     awsa  onActivityResumed
05-22 10:52:52.533 V/LauncherApplication(14465): 2MdmConstant.LAST_LAUNCH_TIME = 1400727172201
05-22 10:52:52.549 D/        (14465): [---null: -1---]  activity = com.pekall.emdm.launcher.Launcher
05-22 10:52:52.549 V/DefultSetContriller(14465): isLauncherDf = com.pekall.emdm.launcher
05-22 10:52:52.556 V/DefultSetContriller(14465): isLauncherDf = com.pekall.emdm.launcher
05-22 10:52:52.556 V/DefultSetContriller(14465): isPhoneDf = com.pekall.emdm.launcher
05-22 10:52:52.556 E/LauncherApplication(14465): isShowLogoutUI = true
05-22 10:52:52.564 E/LauncherApplication(14465): LogoutShowTime 1
05-22 10:52:52.564 V/Launcher(14465): onResume1111111 
05-22 10:52:52.564 V/Launcher(14465): is login ----> 
05-22 10:52:52.572 I/System.out(14465):  
05-22 10:52:52.580 I/System.out(14465): com.pekall.emdm.launcher.Workspace.setWallpaper(Unknown Source)
05-22 10:52:52.580 I/System.out(14465): com.pekall.emdm.launcher.Launcher.onResume(Unknown Source)
05-22 10:52:52.580 I/System.out(14465): android.app.Instrumentation.callActivityOnResume(Instrumentation.java:1192)
05-22 10:52:52.580 I/System.out(14465): android.app.Activity.performResume(Activity.java:5211)
05-22 10:52:52.580 I/System.out(14465): android.app.ActivityThread.performResumeActivity(ActivityThread.java:2780)
05-22 10:52:52.580 I/System.out(14465): android.app.ActivityThread.handleResumeActivity(ActivityThread.java:2819)
05-22 10:52:52.580 I/System.out(14465): android.app.ActivityThread$H.handleMessage(ActivityThread.java:1298)
05-22 10:52:52.580 I/System.out(14465): android.os.Handler.dispatchMessage(Handler.java:99)
05-22 10:52:52.580 I/System.out(14465): android.os.Looper.loop(Looper.java:137)
05-22 10:52:52.580 I/System.out(14465): android.app.ActivityThread.main(ActivityThread.java:5103)
05-22 10:52:52.580 I/System.out(14465): java.lang.reflect.Method.invokeNative(Native Method)
05-22 10:52:52.580 I/System.out(14465): java.lang.reflect.Method.invoke(Method.java:525)
05-22 10:52:52.580 I/System.out(14465): com.android.internal.os.ZygoteInit$MethodAndArgsCaller.run(ZygoteInit.java:737)
05-22 10:52:52.580 I/System.out(14465): com.android.internal.os.ZygoteInit.main(ZygoteInit.java:553)
05-22 10:52:52.580 I/System.out(14465): dalvik.system.NativeStart.main(Native Method)
05-22 10:52:52.619 D/PowerManagerService-JNI(  374): Excessive delay in autosuspend_disable() while turning screen on: 346ms
05-22 10:52:52.674 D/SurfaceFlinger(  124): Screen acquired, type=0 flinger=0x40e95478
05-22 10:52:52.674 W/Parcel  ( 1661): Attempt to read object from Parcel 0x5ec3bdac at offset 200 that is not in the object list
05-22 10:52:52.681 W/Parcel  ( 1661): Attempt to read object from Parcel 0x6013bdac at offset 200 that is not in the object list
05-22 10:52:52.775 V/DigitalWidgetViewsFactory(29624): DigitalWidget sets next alarm string to null
05-22 10:52:52.783 V/WiseDownloadConditionControler(11077): checkCondition  type : WISE_DOWNLOAD  inerrupting: true
05-22 10:52:52.908 D/LightsService(  374): Excessive delay setting light: 172ms
05-22 10:52:53.330 D/NfcService(  568): NFC-C ON
05-22 10:52:53.728 I/QueryController(15268): Matched selector: UiSelector[PACKAGE NAME=com.pekall.emdm.launcher] <<==>> [android.view.accessibility.AccessibilityNodeInfo@37a19; boundsInParent: Rect(0, 0 - 720, 1184); boundsInScreen: Rect(0, 0 - 720, 1184); packageName: com.pekall.emdm.launcher; className: android.widget.FrameLayout; text: null; contentDescription: null; viewIdResName: null; checkable: false; checked: false; focusable: false; focused: false; selected: false; clickable: false; longClickable: false; enabled: true; password: false; scrollable: false; [ACTION_SELECT, ACTION_CLEAR_SELECTION, ACTION_ACCESSIBILITY_FOCUS]]
05-22 10:52:53.744 I/QueryController(15268): Matched selector: UiSelector[PACKAGE NAME=com.pekall.emdm.launcher] <<==>> [android.view.accessibility.AccessibilityNodeInfo@37a19; boundsInParent: Rect(0, 0 - 720, 1184); boundsInScreen: Rect(0, 0 - 720, 1184); packageName: com.pekall.emdm.launcher; className: android.widget.FrameLayout; text: null; contentDescription: null; viewIdResName: null; checkable: false; checked: false; focusable: false; focused: false; selected: false; clickable: false; longClickable: false; enabled: true; password: false; scrollable: false; [ACTION_SELECT, ACTION_CLEAR_SELECTION, ACTION_ACCESSIBILITY_FOCUS]]
05-22 10:52:53.752 I/QueryController(15268): Matched selector: UiSelector[TEXT=Personal Mode, CLASS=android.widget.TextView, PACKAGE NAME=com.pekall.emdm.launcher] <<==>> [android.view.accessibility.AccessibilityNodeInfo@3bdab; boundsInParent: Rect(0, 0 - 160, 200); boundsInScreen: Rect(190, 608 - 350, 808); packageName: com.pekall.emdm.launcher; className: android.widget.TextView; text: Personal Mode; contentDescription: null; viewIdResName: null; checkable: false; checked: false; focusable: false; focused: false; selected: false; clickable: true; longClickable: true; enabled: true; password: false; scrollable: false; [ACTION_SELECT, ACTION_CLEAR_SELECTION, ACTION_CLICK, ACTION_LONG_CLICK, ACTION_ACCESSIBILITY_FOCUS, ACTION_NEXT_AT_MOVEMENT_GRANULARITY, ACTION_PREVIOUS_AT_MOVEMENT_GRANULARITY, ACTION_SET_SELECTION]]
05-22 10:52:53.767 I/QueryController(15268): Matched selector: UiSelector[TEXT=Personal Mode, CLASS=android.widget.TextView, PACKAGE NAME=com.pekall.emdm.launcher] <<==>> [android.view.accessibility.AccessibilityNodeInfo@3bdab; boundsInParent: Rect(0, 0 - 160, 200); boundsInScreen: Rect(190, 608 - 350, 808); packageName: com.pekall.emdm.launcher; className: android.widget.TextView; text: Personal Mode; contentDescription: null; viewIdResName: null; checkable: false; checked: false; focusable: false; focused: false; selected: false; clickable: true; longClickable: true; enabled: true; password: false; scrollable: false; [ACTION_SELECT, ACTION_CLEAR_SELECTION, ACTION_CLICK, ACTION_LONG_CLICK, ACTION_ACCESSIBILITY_FOCUS, ACTION_NEXT_AT_MOVEMENT_GRANULARITY, ACTION_PREVIOUS_AT_MOVEMENT_GRANULARITY, ACTION_SET_SELECTION]]
05-22 10:52:53.775 I/QueryController(15268): Matched selector: UiSelector[TEXT=Personal Mode, CLASS=android.widget.TextView, PACKAGE NAME=com.pekall.emdm.launcher] <<==>> [android.view.accessibility.AccessibilityNodeInfo@3bdab; boundsInParent: Rect(0, 0 - 160, 200); boundsInScreen: Rect(190, 608 - 350, 808); packageName: com.pekall.emdm.launcher; className: android.widget.TextView; text: Personal Mode; contentDescription: null; viewIdResName: null; checkable: false; checked: false; focusable: false; focused: false; selected: false; clickable: true; longClickable: true; enabled: true; password: false; scrollable: false; [ACTION_SELECT, ACTION_CLEAR_SELECTION, ACTION_CLICK, ACTION_LONG_CLICK, ACTION_ACCESSIBILITY_FOCUS, ACTION_NEXT_AT_MOVEMENT_GRANULARITY, ACTION_PREVIOUS_AT_MOVEMENT_GRANULARITY, ACTION_SET_SELECTION]]
05-22 10:52:53.775 D/UiObject(15268): getText() = Personal Mode
05-22 10:52:53.791 I/QueryController(15268): Matched selector: UiSelector[TEXT=Personal Mode, CLASS=android.widget.TextView, PACKAGE NAME=com.pekall.emdm.launcher] <<==>> [android.view.accessibility.AccessibilityNodeInfo@3bdab; boundsInParent: Rect(0, 0 - 160, 200); boundsInScreen: Rect(190, 608 - 350, 808); packageName: com.pekall.emdm.launcher; className: android.widget.TextView; text: Personal Mode; contentDescription: null; viewIdResName: null; checkable: false; checked: false; focusable: false; focused: false; selected: false; clickable: true; longClickable: true; enabled: true; password: false; scrollable: false; [ACTION_SELECT, ACTION_CLEAR_SELECTION, ACTION_CLICK, ACTION_LONG_CLICK, ACTION_ACCESSIBILITY_FOCUS, ACTION_NEXT_AT_MOVEMENT_GRANULARITY, ACTION_PREVIOUS_AT_MOVEMENT_GRANULARITY, ACTION_SET_SELECTION]]
05-22 10:52:53.799 I/QueryController(15268): Matched selector: UiSelector[TEXT=Personal Mode, CLASS=android.widget.TextView, PACKAGE NAME=com.pekall.emdm.launcher] <<==>> [android.view.accessibility.AccessibilityNodeInfo@3bdab; boundsInParent: Rect(0, 0 - 160, 200); boundsInScreen: Rect(190, 608 - 350, 808); packageName: com.pekall.emdm.launcher; className: android.widget.TextView; text: Personal Mode; contentDescription: null; viewIdResName: null; checkable: false; checked: false; focusable: false; focused: false; selected: false; clickable: true; longClickable: true; enabled: true; password: false; scrollable: false; [ACTION_SELECT, ACTION_CLEAR_SELECTION, ACTION_CLICK, ACTION_LONG_CLICK, ACTION_ACCESSIBILITY_FOCUS, ACTION_NEXT_AT_MOVEMENT_GRANULARITY, ACTION_PREVIOUS_AT_MOVEMENT_GRANULARITY, ACTION_SET_SELECTION]]
05-22 10:52:53.806 D/InteractionController(15268): clickAndWaitForNewWindow(270, 708)
05-22 10:52:53.939 W/Parcel  ( 1661): Attempt to read object from Parcel 0x5ec3bdac at offset 200 that is not in the object list
05-22 10:52:53.947 D/LauncherApplication(14465): [null:-1]->onActivityPaused
05-22 10:52:53.947 I/ActivityManager(  374): START u0 {flg=0x10000000 cmp=com.pekall.emdm.launcher/.ui.BackPersonalActivity} from pid 14465
05-22 10:52:53.963 D/LauncherApplication(14465): [null:-1]->onActivityPaused  updateTime
05-22 10:52:54.002 V/Launcher(14465): default_launcher = 
05-22 10:52:54.002 V/Launcher(14465): apps.size = 2
05-22 10:52:54.010 V/Launcher(14465): application.title = Launcher
05-22 10:52:54.010 V/Launcher(14465): application.title = Pekall enterprise mobile office
05-22 10:52:54.017 W/Parcel  ( 1661): Attempt to read object from Parcel 0x6013bdac at offset 200 that is not in the object list
05-22 10:52:54.017 I/ActivityManager(  374): START u0 {flg=0x10200000 cmp=com.android.launcher/com.android.launcher2.Launcher} from pid 14465
05-22 10:52:54.025 W/ActivityManager(  374): Duplicate finish request for ActivityRecord{422aaa50 u0 com.pekall.emdm.launcher/.ui.BackPersonalActivity}
05-22 10:52:54.135 W/IInputConnectionWrapper(  576): showStatusIcon on inactive InputConnection
05-22 10:52:54.697 W/ResourceType(  576): No known package when getting name for resource number 0x9b000000
05-22 10:52:54.697 W/ResourceType(  576): No known package when getting name for resource number 0x9b010100
05-22 10:52:54.697 W/ResourceType(  576): No known package when getting name for resource number 0x9b030300
05-22 10:52:54.697 W/ResourceType(  576): No known package when getting name for resource number 0x9b040400
05-22 10:52:54.697 W/ResourceType(  576): No known package when getting name for resource number 0x9c030103
05-22 10:52:54.697 W/ResourceType(  576): No known package when getting name for resource number 0x9c030203
05-22 10:52:54.697 W/ResourceType(  576): No known package when getting name for resource number 0x9c010002
05-22 10:52:54.713 I/QueryController(15268): Matched selector: UiSelector[DESCRIPTION=Apps, PACKAGE NAME=com.android.launcher] <<==>> [android.view.accessibility.AccessibilityNodeInfo@8bd94; boundsInParent: Rect(524232, 0 - 524360, 128); boundsInScreen: Rect(296, 1040 - 424, 1168); packageName: com.android.launcher; className: android.widget.TextView; text: null; contentDescription: Apps; viewIdResName: null; checkable: false; checked: false; focusable: true; focused: false; selected: false; clickable: true; longClickable: false; enabled: true; password: false; scrollable: false; [ACTION_FOCUS, ACTION_SELECT, ACTION_CLEAR_SELECTION, ACTION_CLICK, ACTION_ACCESSIBILITY_FOCUS]]
05-22 10:52:54.721 I/AndroidRuntime(15268): VM exiting with result code 0.
05-22 10:52:56.377 D/AndroidRuntime(15291): 
05-22 10:52:56.377 D/AndroidRuntime(15291): >>>>>> AndroidRuntime START com.android.internal.os.RuntimeInit <<<<<<
05-22 10:52:56.377 D/AndroidRuntime(15291): CheckJNI is OFF
05-22 10:52:56.392 D/dalvikvm(15291): Trying to load lib libjavacore.so 0x0
05-22 10:52:56.392 D/dalvikvm(15291): Added shared lib libjavacore.so 0x0
05-22 10:52:56.408 D/dalvikvm(15291): Trying to load lib libnativehelper.so 0x0
05-22 10:52:56.408 D/dalvikvm(15291): Added shared lib libnativehelper.so 0x0
05-22 10:52:56.564 D/AndroidRuntime(15291): Calling main entry com.android.commands.uiautomator.Launcher
05-22 10:52:56.596 D/dalvikvm(15291): Note: class Landroid/app/ActivityManagerNative; has 163 unimplemented (abstract) methods
05-22 10:52:57.135 W/ResourceType(  576): No known package when getting name for resource number 0x9b000000
05-22 10:52:57.135 W/ResourceType(  576): No known package when getting name for resource number 0x9b010100
05-22 10:52:57.135 W/ResourceType(  576): No known package when getting name for resource number 0x9b030300
05-22 10:52:57.135 W/ResourceType(  576): No known package when getting name for resource number 0x9b040400
05-22 10:52:57.142 W/ResourceType(  576): No known package when getting name for resource number 0x9c030103
05-22 10:52:57.142 W/ResourceType(  576): No known package when getting name for resource number 0x9c030203
05-22 10:52:57.142 W/ResourceType(  576): No known package when getting name for resource number 0x9c010002
05-22 10:52:57.174 W/ResourceType(  576): No known package when getting name for resource number 0x9b000000
05-22 10:52:57.174 W/ResourceType(  576): No known package when getting name for resource number 0x9b010100
05-22 10:52:57.174 W/ResourceType(  576): No known package when getting name for resource number 0x9b030300
05-22 10:52:57.174 W/ResourceType(  576): No known package when getting name for resource number 0x9b040400
05-22 10:52:57.181 W/ResourceType(  576): No known package when getting name for resource number 0x9c030103
05-22 10:52:57.181 W/ResourceType(  576): No known package when getting name for resource number 0x9c030203
05-22 10:52:57.181 W/ResourceType(  576): No known package when getting name for resource number 0x9c010002
05-22 10:52:57.205 W/ResourceType(  576): No known package when getting name for resource number 0x9b000000
05-22 10:52:57.205 W/ResourceType(  576): No known package when getting name for resource number 0x9b010100
05-22 10:52:57.213 W/ResourceType(  576): No known package when getting name for resource number 0x9b030300
05-22 10:52:57.213 W/ResourceType(  576): No known package when getting name for resource number 0x9b040400
05-22 10:52:57.213 W/ResourceType(  576): No known package when getting name for resource number 0x9c030103
05-22 10:52:57.213 W/ResourceType(  576): No known package when getting name for resource number 0x9c030203
05-22 10:52:57.213 W/ResourceType(  576): No known package when getting name for resource number 0x9c010002
05-22 10:52:57.244 W/ResourceType(  576): No known package when getting name for resource number 0x9b000000
05-22 10:52:57.244 W/ResourceType(  576): No known package when getting name for resource number 0x9b010100
05-22 10:52:57.244 W/ResourceType(  576): No known package when getting name for resource number 0x9b030300
05-22 10:52:57.244 W/ResourceType(  576): No known package when getting name for resource number 0x9b040400
05-22 10:52:57.252 W/ResourceType(  576): No known package when getting name for resource number 0x9c030103
05-22 10:52:57.252 W/ResourceType(  576): No known package when getting name for resource number 0x9c030203
05-22 10:52:57.252 W/ResourceType(  576): No known package when getting name for resource number 0x9c010002
05-22 10:52:57.275 W/ResourceType(  576): No known package when getting name for resource number 0x9b000000
05-22 10:52:57.275 W/ResourceType(  576): No known package when getting name for resource number 0x9b010100
05-22 10:52:57.275 W/ResourceType(  576): No known package when getting name for resource number 0x9b030300
05-22 10:52:57.275 W/ResourceType(  576): No known package when getting name for resource number 0x9b040400
05-22 10:52:57.283 W/ResourceType(  576): No known package when getting name for resource number 0x9c030103
05-22 10:52:57.283 W/ResourceType(  576): No known package when getting name for resource number 0x9c030203
05-22 10:52:57.283 W/ResourceType(  576): No known package when getting name for resource number 0x9c010002
05-22 10:52:57.306 W/ResourceType(  576): No known package when getting name for resource number 0x9b000000
05-22 10:52:57.306 W/ResourceType(  576): No known package when getting name for resource number 0x9b010100
05-22 10:52:57.306 W/ResourceType(  576): No known package when getting name for resource number 0x9b030300
05-22 10:52:57.314 W/ResourceType(  576): No known package when getting name for resource number 0x9b040400
05-22 10:52:57.314 W/ResourceType(  576): No known package when getting name for resource number 0x9c030103
05-22 10:52:57.314 W/ResourceType(  576): No known package when getting name for resource number 0x9c030203
05-22 10:52:57.314 W/ResourceType(  576): No known package when getting name for resource number 0x9c010002
05-22 10:52:57.338 W/ResourceType(  576): No known package when getting name for resource number 0x9b000000
05-22 10:52:57.338 W/ResourceType(  576): No known package when getting name for resource number 0x9b010100
05-22 10:52:57.338 W/ResourceType(  576): No known package when getting name for resource number 0x9b030300
05-22 10:52:57.338 W/ResourceType(  576): No known package when getting name for resource number 0x9b040400
05-22 10:52:57.346 W/ResourceType(  576): No known package when getting name for resource number 0x9c030103
05-22 10:52:57.346 W/ResourceType(  576): No known package when getting name for resource number 0x9c030203
05-22 10:52:57.346 W/ResourceType(  576): No known package when getting name for resource number 0x9c010002
05-22 10:52:57.369 W/ResourceType(  576): No known package when getting name for resource number 0x9b000000
05-22 10:52:57.369 W/ResourceType(  576): No known package when getting name for resource number 0x9b010100
05-22 10:52:57.369 W/ResourceType(  576): No known package when getting name for resource number 0x9b030300
05-22 10:52:57.369 W/ResourceType(  576): No known package when getting name for resource number 0x9b040400
05-22 10:52:57.377 W/ResourceType(  576): No known package when getting name for resource number 0x9c030103
05-22 10:52:57.377 W/ResourceType(  576): No known package when getting name for resource number 0x9c030203
05-22 10:52:57.377 W/ResourceType(  576): No known package when getting name for resource number 0x9c010002
05-22 10:52:57.392 W/ResourceType(  576): No known package when getting name for resource number 0x9b000000
05-22 10:52:57.392 W/ResourceType(  576): No known package when getting name for resource number 0x9b010100
05-22 10:52:57.392 W/ResourceType(  576): No known package when getting name for resource number 0x9b030300
05-22 10:52:57.392 W/ResourceType(  576): No known package when getting name for resource number 0x9b040400
05-22 10:52:57.392 V/PanelView(  448): animationTick called with dtms=0; nothing to do (h=0.0 v=4000.0)
05-22 10:52:57.408 W/ResourceType(  576): No known package when getting name for resource number 0x9c030103
05-22 10:52:57.416 W/ResourceType(  576): No known package when getting name for resource number 0x9c030203
05-22 10:52:57.416 W/ResourceType(  576): No known package when getting name for resource number 0x9c010002
05-22 10:52:57.439 D/SizeAdaptiveLayout(  448): com.android.internal.widget.SizeAdaptiveLayout{4267ddf0 V.E..... ......I. 0,0-720,128 #7f070058 app:id/adaptive}child view android.widget.RelativeLayout{42764960 V.E..... ......I. 0,0-720,124} measured out of bounds at 124px clamped to 128px
05-22 10:52:57.447 D/SizeAdaptiveLayout(  448): com.android.internal.widget.SizeAdaptiveLayout{42520e48 V.E..... ......I. 0,0-720,128 #7f070058 app:id/adaptive}child view android.widget.RelativeLayout{423018a8 V.E..... ......I. 0,0-720,122} measured out of bounds at 122px clamped to 128px
05-22 10:52:57.541 D/SizeAdaptiveLayout(  448): com.android.internal.widget.SizeAdaptiveLayout{4267ddf0 V.E..... ......I. 0,0-720,128 #7f070058 app:id/adaptive}child view android.widget.RelativeLayout{42764960 V.E..... ......I. 0,0-720,124} measured out of bounds at 124px clamped to 128px
05-22 10:52:57.556 D/SizeAdaptiveLayout(  448): com.android.internal.widget.SizeAdaptiveLayout{42520e48 V.E..... ......I. 0,0-720,128 #7f070058 app:id/adaptive}child view android.widget.RelativeLayout{423018a8 V.E..... ......I. 0,0-720,122} measured out of bounds at 122px clamped to 128px
05-22 10:53:03.103 I/QueryController(15291): Matched selector: UiSelector[TEXT=Set password, PACKAGE NAME=com.pekall.emdm.launcher] <<==>> [android.view.accessibility.AccessibilityNodeInfo@35dc53; boundsInParent: Rect(0, 0 - 443, 48); boundsInScreen: Rect(144, 258 - 587, 306); packageName: com.pekall.emdm.launcher; className: android.widget.TextView; text: Set password; contentDescription: null; viewIdResName: android:id/title; checkable: false; checked: false; focusable: false; focused: false; selected: false; clickable: false; longClickable: false; enabled: true; password: false; scrollable: false; [ACTION_SELECT, ACTION_CLEAR_SELECTION, ACTION_ACCESSIBILITY_FOCUS, ACTION_NEXT_AT_MOVEMENT_GRANULARITY, ACTION_PREVIOUS_AT_MOVEMENT_GRANULARITY, ACTION_SET_SELECTION]]
05-22 10:53:03.135 I/QueryController(15291): Matched selector: UiSelector[TEXT=Set password, CLASS=android.widget.TextView, PACKAGE NAME=com.pekall.emdm.launcher] <<==>> [android.view.accessibility.AccessibilityNodeInfo@35dc53; boundsInParent: Rect(0, 0 - 443, 48); boundsInScreen: Rect(144, 258 - 587, 306); packageName: com.pekall.emdm.launcher; className: android.widget.TextView; text: Set password; contentDescription: null; viewIdResName: android:id/title; checkable: false; checked: false; focusable: false; focused: false; selected: false; clickable: false; longClickable: false; enabled: true; password: false; scrollable: false; [ACTION_SELECT, ACTION_CLEAR_SELECTION, ACTION_ACCESSIBILITY_FOCUS, ACTION_NEXT_AT_MOVEMENT_GRANULARITY, ACTION_PREVIOUS_AT_MOVEMENT_GRANULARITY, ACTION_SET_SELECTION]]
05-22 10:53:03.158 I/QueryController(15291): Matched selector: UiSelector[TEXT=Set password, CLASS=android.widget.TextView, PACKAGE NAME=com.pekall.emdm.launcher] <<==>> [android.view.accessibility.AccessibilityNodeInfo@35dc53; boundsInParent: Rect(0, 0 - 443, 48); boundsInScreen: Rect(144, 258 - 587, 306); packageName: com.pekall.emdm.launcher; className: android.widget.TextView; text: Set password; contentDescription: null; viewIdResName: android:id/title; checkable: false; checked: false; focusable: false; focused: false; selected: false; clickable: false; longClickable: false; enabled: true; password: false; scrollable: false; [ACTION_SELECT, ACTION_CLEAR_SELECTION, ACTION_ACCESSIBILITY_FOCUS, ACTION_NEXT_AT_MOVEMENT_GRANULARITY, ACTION_PREVIOUS_AT_MOVEMENT_GRANULARITY, ACTION_SET_SELECTION]]
05-22 10:53:03.158 D/UiObject(15291): getText() = Set password
05-22 10:53:03.181 I/QueryController(15291): Matched selector: UiSelector[TEXT=Set password, CLASS=android.widget.TextView, PACKAGE NAME=com.pekall.emdm.launcher] <<==>> [android.view.accessibility.AccessibilityNodeInfo@35dc53; boundsInParent: Rect(0, 0 - 443, 48); boundsInScreen: Rect(144, 258 - 587, 306); packageName: com.pekall.emdm.launcher; className: android.widget.TextView; text: Set password; contentDescription: null; viewIdResName: android:id/title; checkable: false; checked: false; focusable: false; focused: false; selected: false; clickable: false; longClickable: false; enabled: true; password: false; scrollable: false; [ACTION_SELECT, ACTION_CLEAR_SELECTION, ACTION_ACCESSIBILITY_FOCUS, ACTION_NEXT_AT_MOVEMENT_GRANULARITY, ACTION_PREVIOUS_AT_MOVEMENT_GRANULARITY, ACTION_SET_SELECTION]]
05-22 10:53:03.205 I/QueryController(15291): Matched selector: UiSelector[TEXT=Set password, CLASS=android.widget.TextView, PACKAGE NAME=com.pekall.emdm.launcher] <<==>> [android.view.accessibility.AccessibilityNodeInfo@35dc53; boundsInParent: Rect(0, 0 - 443, 48); boundsInScreen: Rect(144, 258 - 587, 306); packageName: com.pekall.emdm.launcher; className: android.widget.TextView; text: Set password; contentDescription: null; viewIdResName: android:id/title; checkable: false; checked: false; focusable: false; focused: false; selected: false; clickable: false; longClickable: false; enabled: true; password: false; scrollable: false; [ACTION_SELECT, ACTION_CLEAR_SELECTION, ACTION_ACCESSIBILITY_FOCUS, ACTION_NEXT_AT_MOVEMENT_GRANULARITY, ACTION_PREVIOUS_AT_MOVEMENT_GRANULARITY, ACTION_SET_SELECTION]]
05-22 10:53:03.213 D/InteractionController(15291): clickAndWaitForNewWindow(365, 282)
05-22 10:53:03.338 I/ActivityManager(  374): START u0 {act=android.app.action.SET_NEW_PASSWORD cmp=com.android.settings/.ChooseLockGeneric bnds=[0,242][720,370]} from pid -1
05-22 10:53:03.338 W/ActivityManager(  374): startActivity called from non-Activity context; forcing Intent.FLAG_ACTIVITY_NEW_TASK for: Intent { act=android.app.action.SET_NEW_PASSWORD flg=0x800000 cmp=com.android.settings/.ChooseLockGeneric bnds=[0,242][720,370] }
05-22 10:53:03.463 D/dalvikvm(  374): GC_FOR_ALLOC freed 2043K, 24% free 23037K/30132K, paused 80ms, total 80ms
05-22 10:53:03.486 W/KeyguardViewMediator(  374): verifyUnlock called when not externally disabled
05-22 10:53:03.502 I/ActivityManager(  374): Start proc com.android.settings for activity com.android.settings/.ChooseLockGeneric: pid=15304 uid=1000 gids={41000, 1015, 1028, 3002, 3001, 3003, 3007}
05-22 10:53:03.502 V/PanelView(  448): animationTick called with dtms=0; nothing to do (h=1184.0 v=-4000.0)
05-22 10:53:03.650 D/dalvikvm( 1661): GC_EXPLICIT freed 979K, 18% free 13076K/15888K, paused 2ms+4ms, total 73ms
05-22 10:53:03.674 W/Parcel  ( 1661): Attempt to read object from Parcel 0x5ec3bdac at offset 200 that is not in the object list
05-22 10:53:03.674 I/ActivityManager(  374): START u0 {cmp=com.android.settings/.ConfirmLockPassword} from pid 15304
05-22 10:53:03.924 D/dalvikvm(15304): GC_CONCURRENT freed 97K, 2% free 9336K/9472K, paused 2ms+2ms, total 43ms
05-22 10:53:03.924 D/dalvikvm(15304): WAIT_FOR_CONCURRENT_GC blocked 17ms
05-22 10:53:03.971 D/dalvikvm(15304): GC_CONCURRENT freed 28K, 2% free 9711K/9864K, paused 2ms+1ms, total 17ms
05-22 10:53:03.971 D/dalvikvm(15304): WAIT_FOR_CONCURRENT_GC blocked 8ms
05-22 10:53:04.025 D/dalvikvm(15304): GC_CONCURRENT freed 39K, 1% free 10070K/10156K, paused 2ms+3ms, total 24ms
05-22 10:53:04.049 D/libEGL  (15304): loaded /vendor/lib/egl/libEGL_POWERVR_SGX540_120.so
05-22 10:53:04.056 D/libEGL  (15304): loaded /vendor/lib/egl/libGLESv1_CM_POWERVR_SGX540_120.so
05-22 10:53:04.056 D/libEGL  (15304): loaded /vendor/lib/egl/libGLESv2_POWERVR_SGX540_120.so
05-22 10:53:04.111 D/OpenGLRenderer(15304): Enabling debug mode 0
05-22 10:53:04.299 I/ActivityManager(  374): Displayed com.android.settings/.ConfirmLockPassword: +529ms (total +10s333ms)
05-22 10:53:08.697 D/dalvikvm( 1661): GC_EXPLICIT freed 54K, 18% free 13041K/15888K, paused 1ms+3ms, total 43ms
05-22 10:53:18.697 D/dalvikvm( 1661): GC_EXPLICIT freed 28K, 18% free 13036K/15888K, paused 2ms+3ms, total 43ms
05-22 10:53:26.603 V/WiseDownloadConditionControler(11077): checkCondition  type : WISE_DOWNLOAD  inerrupting: true
05-22 10:53:26.627 W/Parcel  ( 1661): Attempt to read object from Parcel 0x5ef3bdac at offset 200 that is not in the object list
05-22 10:53:26.642 W/Parcel  ( 1661): Attempt to read object from Parcel 0x5ded3dac at offset 200 that is not in the object list
05-22 10:53:27.181 I/QueryController(15291): Matched selector: UiSelector[CLASS=android.widget.EditText, INDEX=2] <<==>> [android.view.accessibility.AccessibilityNodeInfo@7c56; boundsInParent: Rect(524043, 0 - 524579, 100); boundsInScreen: Rect(92, 271 - 628, 371); packageName: com.android.settings; className: android.widget.EditText; text: null; contentDescription: null; viewIdResName: com.android.settings:id/password_entry; checkable: false; checked: false; focusable: true; focused: true; selected: false; clickable: true; longClickable: true; enabled: true; password: true; scrollable: false; [ACTION_CLEAR_FOCUS, ACTION_SELECT, ACTION_CLEAR_SELECTION, ACTION_CLICK, ACTION_LONG_CLICK, ACTION_ACCESSIBILITY_FOCUS]]
05-22 10:53:29.463 I/QueryController(15291): Matched selector: UiSelector[CLASS=android.widget.EditText, INDEX=2] <<==>> [android.view.accessibility.AccessibilityNodeInfo@7c56; boundsInParent: Rect(524043, 0 - 524579, 100); boundsInScreen: Rect(92, 271 - 628, 371); packageName: com.android.settings; className: android.widget.EditText; text: null; contentDescription: null; viewIdResName: com.android.settings:id/password_entry; checkable: false; checked: false; focusable: true; focused: true; selected: false; clickable: true; longClickable: true; enabled: true; password: true; scrollable: false; [ACTION_CLEAR_FOCUS, ACTION_SELECT, ACTION_CLEAR_SELECTION, ACTION_CLICK, ACTION_LONG_CLICK, ACTION_ACCESSIBILITY_FOCUS]]
05-22 10:53:31.806 D/dalvikvm(15304): GC_CONCURRENT freed 251K, 3% free 10207K/10496K, paused 3ms+2ms, total 30ms
05-22 10:53:36.713 W/MountService(  374): getVolumeState(/storage/emulated/0/external_sd): Unknown volume
05-22 10:53:36.713 W/MountService(  374): getVolumeState(/mnt/sdcard-ext): Unknown volume
05-22 10:53:36.713 W/MountService(  374): getVolumeState(/mnt/ext_sdcard): Unknown volume
05-22 10:53:36.713 W/MountService(  374): getVolumeState(/mnt/sdcard2): Unknown volume
05-22 10:53:36.713 W/MountService(  374): getVolumeState(/mnt/emmc): Unknown volume
05-22 10:53:36.713 W/MountService(  374): getVolumeState(/mnt/extSdCard): Unknown volume
05-22 10:53:36.713 W/MountService(  374): getVolumeState(/mnt/sdcard/SD_CARD): Unknown volume
05-22 10:53:36.713 W/MountService(  374): getVolumeState(/mnt/sdcard/extra_sd): Unknown volume
05-22 10:53:36.713 W/MountService(  374): getVolumeState(/mnt/extrasd_bind): Unknown volume
05-22 10:53:36.713 W/MountService(  374): getVolumeState(/mnt/sdcard/ext_sd): Unknown volume
05-22 10:53:36.713 W/MountService(  374): getVolumeState(/storage/extSdCard): Unknown volume
05-22 10:53:36.713 W/MountService(  374): getVolumeState(/storage/sdcard1): Unknown volume
05-22 10:53:36.713 W/MountService(  374): getVolumeState(/mnt/sdcard/external_SD): Unknown volume
05-22 10:53:36.713 W/MountService(  374): getVolumeState(/mnt/sdcard/external_sd): Unknown volume
05-22 10:53:36.799 D/dalvikvm( 1468): GC_CONCURRENT freed 499K, 21% free 9953K/12512K, paused 12ms+5ms, total 58ms
05-22 10:53:36.994 W/MountService(  374): getVolumeState(/storage/emulated/0/external_sd): Unknown volume
05-22 10:53:37.002 W/MountService(  374): getVolumeState(/mnt/sdcard-ext): Unknown volume
05-22 10:53:37.002 W/MountService(  374): getVolumeState(/mnt/ext_sdcard): Unknown volume
05-22 10:53:37.002 W/MountService(  374): getVolumeState(/mnt/sdcard2): Unknown volume
05-22 10:53:37.002 W/MountService(  374): getVolumeState(/mnt/emmc): Unknown volume
05-22 10:53:37.002 W/MountService(  374): getVolumeState(/mnt/extSdCard): Unknown volume
05-22 10:53:37.002 W/MountService(  374): getVolumeState(/mnt/sdcard/SD_CARD): Unknown volume
05-22 10:53:37.002 W/MountService(  374): getVolumeState(/mnt/sdcard/extra_sd): Unknown volume
05-22 10:53:37.002 W/MountService(  374): getVolumeState(/mnt/extrasd_bind): Unknown volume
05-22 10:53:37.002 W/MountService(  374): getVolumeState(/mnt/sdcard/ext_sd): Unknown volume
05-22 10:53:37.010 W/MountService(  374): getVolumeState(/storage/extSdCard): Unknown volume
05-22 10:53:37.010 W/MountService(  374): getVolumeState(/storage/sdcard1): Unknown volume
05-22 10:53:37.010 W/MountService(  374): getVolumeState(/mnt/sdcard/external_SD): Unknown volume
05-22 10:53:37.010 W/MountService(  374): getVolumeState(/mnt/sdcard/external_sd): Unknown volume
05-22 10:53:37.033 D/dalvikvm( 1468): GC_CONCURRENT freed 436K, 20% free 10028K/12512K, paused 8ms+8ms, total 45ms
05-22 10:53:37.033 D/dalvikvm( 1468): WAIT_FOR_CONCURRENT_GC blocked 2ms
05-22 10:53:37.033 D/dalvikvm( 1468): WAIT_FOR_CONCURRENT_GC blocked 3ms
05-22 10:53:37.596 D/dalvikvm(15324): Late-enabling CheckJNI
05-22 10:53:37.596 I/ActivityManager(  374): Start proc com.pekall.emdm.launcher:remote for service com.pekall.emdm.launcher/com.baidu.location.f: pid=15324 uid=10066 gids={50066, 1015, 3002, 3001, 3003, 1028}
05-22 10:53:37.635 D/ScClassLoader(15324): >> SOURCE FILE: /data/data/com.pekall.emdm.launcher/app_jars/sc-jdk15on-1.47.0.2.dex.jar
05-22 10:53:37.635 V/MyServiceConnection(15324): [SConnection] sandbox service is NOT installed.
05-22 10:53:37.635 V/MyServiceConnection(15324): [SConnection] binding service: pekall.intent.action.SANDBOX_SERVICE
05-22 10:53:37.697 D/dalvikvm(15324): GC_CONCURRENT freed 149K, 2% free 9284K/9472K, paused 3ms+9ms, total 39ms
05-22 10:53:37.697 D/dalvikvm(15324): WAIT_FOR_CONCURRENT_GC blocked 4ms
05-22 10:53:37.721 W/Parcel  ( 1661): Attempt to read object from Parcel 0x5ded3dac at offset 200 that is not in the object list
05-22 10:53:37.721 W/Parcel  ( 1661): Attempt to read object from Parcel 0x5ec3bdac at offset 200 that is not in the object list
05-22 10:53:37.721 D/Email   (15324): Email: init sandbox at the beginning.
05-22 10:53:37.721 V/MyServiceConnection(15324): [SConnection] retry to bind service
05-22 10:53:37.721 V/MyServiceConnection(15324): [SConnection] sandbox service is NOT installed.
05-22 10:53:37.721 V/MyServiceConnection(15324): [SConnection] binding service: pekall.intent.action.SANDBOX_SERVICE
05-22 10:53:37.744 V/MyServiceConnection(15324): [SConnection] retry to bind service
05-22 10:53:37.744 V/MyServiceConnection(15324): [SConnection] sandbox service is NOT installed.
05-22 10:53:37.744 V/MyServiceConnection(15324): [SConnection] binding service: pekall.intent.action.SANDBOX_SERVICE
05-22 10:53:37.752 V/l       (15324): Bind requested for task setLogging
05-22 10:53:37.760 D/ExchangeService(14465): !!! EAS ExchangeService, onCreate
05-22 10:53:37.760 W/Parcel  ( 1661): Attempt to read object from Parcel 0x5ef3bdac at offset 200 that is not in the object list
05-22 10:53:37.760 D/ExchangeService(14465): !!! EAS ExchangeService, onStartCommand, startingUp = false, running = false
05-22 10:53:37.767 D/ExchangeService(14465): to start secureStorageService now
05-22 10:53:37.783 V/a       (14465): Bind requested for task test
05-22 10:53:37.783 D/ExchangeService(14465): Reconciling accounts...
05-22 10:53:37.783 V/a       (14465): Bind requested for task reconcileAccounts
05-22 10:53:37.791 V/a       (14465): Connected: com.pekall.semail.service.AccountServiceInternal
05-22 10:53:37.791 V/a       (14465): Connection test succeeded in 9ms
05-22 10:53:37.791 V/a       (14465): Connected: com.pekall.semail.service.AccountServiceInternal
05-22 10:53:37.791 V/a       (14465): Task test completed; disconnecting
05-22 10:53:37.791 V/a       (14465): Waiting for task reconcileAccounts to complete...
05-22 10:53:37.791 V/a       (14465): Task reconcileAccounts completed; disconnecting
05-22 10:53:37.799 V/a       (14465): Wait for reconcileAccounts finished in 5ms
05-22 10:53:37.799 D/ExchangeService(14465): !!! EAS ExchangeService, stopping self
05-22 10:53:37.799 D/dalvikvm(15324): GC_CONCURRENT freed 205K, 3% free 9592K/9836K, paused 5ms+18ms, total 44ms
05-22 10:53:37.799 D/dalvikvm(15324): WAIT_FOR_CONCURRENT_GC blocked 20ms
05-22 10:53:37.822 D/dalvikvm(15324): WAIT_FOR_CONCURRENT_GC blocked 36ms
05-22 10:53:37.822 D/dalvikvm(15324): WAIT_FOR_CONCURRENT_GC blocked 42ms
05-22 10:53:37.846 W/DocumentManager(15324): Sandbox service is not connected.
05-22 10:53:37.846 D/MessageControllerImpl(15324): controller is null
05-22 10:53:37.846 V/MyServiceConnection(15324): [SConnection] retry to bind service
05-22 10:53:37.846 V/MyServiceConnection(15324): [SConnection] sandbox service is NOT installed.
05-22 10:53:37.846 V/MyServiceConnection(15324): [SConnection] binding service: pekall.intent.action.SANDBOX_SERVICE
05-22 10:53:37.846 W/SQLiteOpenHelper(15324): Opened /data/data/com.pekall.emdm.launcher/databases/message.db
05-22 10:53:37.846 W/dalvikvm(15324): No implementation found for native Lcom/pekall/sandbox/database/sqlite/SQLiteDatabase;.native_setSqliteSoftHeapLimit:(I)V
05-22 10:53:37.846 D/AndroidRuntime(15324): Shutting down VM
05-22 10:53:37.846 W/dalvikvm(15324): threadid=1: thread exiting with uncaught exception (group=0x419c8700)
05-22 10:53:37.853 D/        (15324): [---null: -1---]  Thread is main
05-22 10:53:37.853 W/System.err(15324): java.lang.UnsatisfiedLinkError: Native method not found: com.pekall.sandbox.database.sqlite.SQLiteDatabase.native_setSqliteSoftHeapLimit:(I)V
05-22 10:53:37.853 W/System.err(15324): 	at com.pekall.sandbox.database.sqlite.SQLiteDatabase.native_setSqliteSoftHeapLimit(Native Method)
05-22 10:53:37.853 W/System.err(15324): 	at com.pekall.sandbox.database.sqlite.SQLiteDatabase.<init>(Unknown Source)
05-22 10:53:37.853 W/System.err(15324): 	at com.pekall.sandbox.database.sqlite.SQLiteDatabase.openDatabase(Unknown Source)
05-22 10:53:37.853 W/System.err(15324): 	at com.pekall.sandbox.database.sqlite.SQLiteDatabase.openDatabase(Unknown Source)
05-22 10:53:37.853 W/System.err(15324): 	at com.pekall.sandbox.database.sqlite.SQLiteDatabase.openDatabase(Unknown Source)
05-22 10:53:37.853 W/System.err(15324): 	at com.pekall.sandbox.database.sqlite.SQLiteOpenHelper.getWritableDatabase(Unknown Source)
05-22 10:53:37.853 W/System.err(15324): 	at com.pekall.emdm.messagecenter.db.a.a(Unknown Source)
05-22 10:53:37.853 W/System.err(15324): 	at com.pekall.emdm.messagecenter.db.a.b(Unknown Source)
05-22 10:53:37.853 W/System.err(15324): 	at com.pekall.emdm.messagecenter.activity.a.onCreate(Unknown Source)
05-22 10:53:37.853 W/System.err(15324): 	at com.pekall.emdm.launcher.LauncherApplication.onCreate(Unknown Source)
05-22 10:53:37.853 W/System.err(15324): 	at android.app.Instrumentation.callApplicationOnCreate(Instrumentation.java:1007)
05-22 10:53:37.853 W/System.err(15324): 	at android.app.ActivityThread.handleBindApplication(ActivityThread.java:4444)
05-22 10:53:37.853 W/System.err(15324): 	at android.app.ActivityThread.access$1300(ActivityThread.java:141)
05-22 10:53:37.861 W/System.err(15324): 	at android.app.ActivityThread$H.handleMessage(ActivityThread.java:1316)
05-22 10:53:37.861 W/System.err(15324): 	at android.os.Handler.dispatchMessage(Handler.java:99)
05-22 10:53:37.861 W/System.err(15324): 	at android.os.Looper.loop(Looper.java:137)
05-22 10:53:37.861 W/System.err(15324): 	at android.app.ActivityThread.main(ActivityThread.java:5103)
05-22 10:53:37.861 W/System.err(15324): 	at java.lang.reflect.Method.invokeNative(Native Method)
05-22 10:53:37.861 W/System.err(15324): 	at java.lang.reflect.Method.invoke(Method.java:525)
05-22 10:53:37.861 W/System.err(15324): 	at com.android.internal.os.ZygoteInit$MethodAndArgsCaller.run(ZygoteInit.java:737)
05-22 10:53:37.861 W/System.err(15324): 	at com.android.internal.os.ZygoteInit.main(ZygoteInit.java:553)
05-22 10:53:37.861 W/System.err(15324): 	at dalvik.system.NativeStart.main(Native Method)
05-22 10:53:37.908 D/ActivityThread(15324): Loading provider com.pekall.semail.provider;com.pekall.semail.notifier: com.pekall.semail.provider.EmailProvider
05-22 10:53:37.908 D/ActivityThread(15324): Loading provider com.pekall.semail.provider;com.pekall.semail.notifier: com.pekall.semail.provider.EmailProvider
05-22 10:53:38.033 D/dalvikvm(15324): GC_CONCURRENT freed 500K, 6% free 9497K/10040K, paused 3ms+2ms, total 33ms
05-22 10:53:38.103 W/EmailProvider(15324): restoreIfNeeded...
05-22 10:53:38.299 D/EmailProvider(15324): restoreAccounts...
05-22 10:53:39.767 D/EmailProvider(15324): No accounts to restore...
05-22 10:53:39.799 D/EmailProvider(15324): Deleting orphans...
05-22 10:53:39.846 D/EmailProvider(15324): EmailProvider pre-caching...
05-22 10:53:40.549 D/EmailProvider(15324): EmailProvider ready.
05-22 10:53:40.760 W/ActivityManager(  374): Unable to start service Intent { cmp=com.pekall.emdm.launcher/com.pekall.semail.service.AttachmentDownloadService } U=0: not found
05-22 10:53:40.791 I/Email   (15324): Notifications being toggled: false
05-22 10:53:43.681 I/AndroidRuntime(15291): VM exiting with result code 0.
05-22 10:53:53.971 D/MDM :   (14465): [null:-1]->MSG_WEBSOCKET_MESSAGE : {"id":-1286407303,"type":0,"command":0,"result":0,"reason":0,"params":{"msgId":"b0264ce2-9039-4f59-8e29-693e37adec0a,b0264ce290394f598e29693e37adec0a","device":"00013fbc8ecec5b90000014621d2a3af","message":"{\"cmd\":\"10119\"}"}}
05-22 10:53:53.994 D/MdmService(14465): [null:-1]->push message type :0
05-22 10:53:53.994 D/MdmService(14465): [null:-1]->cmdMessage : {"cmd":"10119"}
05-22 10:53:53.994 D/MdmService(14465): [null:-1]->command : PushCommandMsg{cmd='10119', msg='null'}
05-22 10:53:54.002 D/MdmStatusManager(14465): [null:-1]->change status to : Busy
05-22 10:53:54.002 I/TransInfo(14465): TransInfo created, id: 3, class: class com.pekall.emdm.transaction.c.b
05-22 10:53:54.002 D/NetworkThread(14465): [null:-1]->----isRunning-----true
05-22 10:53:54.002 D/NetworkThread(14465): [null:-1]->----isRunning-----true
05-22 10:53:54.002 D/NetworkThread(14465): [null:-1]->thread wakeup
05-22 10:53:54.002 D/NetworkThread(14465): [null:-1]->sendHttpPost:PostRequest, url: http://192.168.10.21/rest/mdm/v1/ios/android_server, Params: [content:<?xml version="1.0" encoding="UTF-8"?>
05-22 10:53:54.002 D/NetworkThread(14465): <!DOCTYPE plist PUBLIC "-//Apple//DTD PLIST 1.0//EN" "http://www.apple.com/DTDs/PropertyList-1.0.dtd">
05-22 10:53:54.002 D/NetworkThread(14465): <plist version="1.0">
05-22 10:53:54.002 D/NetworkThread(14465): <dict>
05-22 10:53:54.002 D/NetworkThread(14465): 	<key>Status</key>
05-22 10:53:54.002 D/NetworkThread(14465): 	<string>Idle</string>
05-22 10:53:54.002 D/NetworkThread(14465): 	<key>UDID</key>
05-22 10:53:54.002 D/NetworkThread(14465): 	<string>00013fbc8ecec5b90000014621d2a3af</string>
05-22 10:53:54.002 D/NetworkThread(14465): </dict>
05-22 10:53:54.002 D/NetworkThread(14465): </plist>], 
05-22 10:53:54.002 D/HttpClient(14465): enable apache.http debug
05-22 10:53:54.017 V/DEBUG   (14465): HTTP 0
05-22 10:53:55.908 D/LightsService(  374): Excessive delay setting light: 67ms
05-22 10:53:57.619 W/ActivityManager(  374): Timeout executing service: ServiceRecord{4301b240 u0 com.pekall.emdm.launcher/com.baidu.location.f}
05-22 10:53:57.635 I/Process (  374): Sending signal. PID: 15324 SIG: 3
05-22 10:53:57.635 I/dalvikvm(15324): threadid=3: reacting to signal 3
05-22 10:53:57.838 I/Process (  374): Sending signal. PID: 374 SIG: 3
05-22 10:53:57.838 I/dalvikvm(  374): threadid=3: reacting to signal 3
05-22 10:53:57.892 D/dalvikvm(15324): JIT unchain all for threadid=11
05-22 10:53:57.916 I/dalvikvm(15324): Wrote stack traces to '/data/anr/traces.txt'
05-22 10:53:59.275 D/MDM :   (14465): [null:-1]->statusCode : 200
05-22 10:53:59.275 D/MDM :   (14465): [null:-1]->statusCode : 200
05-22 10:53:59.275 V/DEBUG   (14465): HTTP 1
05-22 10:53:59.291 D/MDM :   (14465): [null:-1]->read network input stream
05-22 10:53:59.291 D/MDM :   (14465): [null:-1]->Get joson string: <?xml version="1.0" encoding="UTF-8"?>
05-22 10:53:59.291 D/MDM :   (14465): <!DOCTYPE plist PUBLIC "-//Apple//DTD PLIST 1.0//EN" "http://www.apple.com/DTDs/PropertyList-1.0.dtd">
05-22 10:53:59.291 D/MDM :   (14465): <plist version="1.0">
05-22 10:53:59.291 D/MDM :   (14465): <dict>
05-22 10:53:59.291 D/MDM :   (14465): 	<key>CommandUUID</key>
05-22 10:53:59.291 D/MDM :   (14465): 	<string>2424cd22-2de6-4f81-80ee-da95b62003e9</string>
05-22 10:53:59.291 D/MDM :   (14465): 	<key>Command</key>
05-22 10:53:59.291 D/MDM :   (14465): 	<dict>
05-22 10:53:59.291 D/MDM :   (14465): 		<key>Identifier</key>
05-22 10:53:59.291 D/MDM :   (14465): 		<string>MZYlRbgYPj4F1flIbOlPN7Kz4ySaVWEo</string>
05-22 10:53:59.291 D/MDM :   (14465): 		<key>RequestType</key>
05-22 10:53:59.291 D/MDM :   (14465): 		<string>RemoveProfile</string>
05-22 10:53:59.291 D/MDM :   (14465): 	</dict>
05-22 10:53:59.291 D/MDM :   (14465): </dict>
05-22 10:53:59.291 D/MDM :   (14465): </plist>
05-22 10:53:59.306 D/CheckInTransInfo(14465): [null:-1]->CommandMsg : CommandMsg{CommandUUID='2424cd22-2de6-4f81-80ee-da95b62003e9', Command=CommandRemoveProfile{super=CommandObject{RequestType='RemoveProfile'}Identifier=MZYlRbgYPj4F1flIbOlPN7Kz4ySaVWEo}}
05-22 10:53:59.338 D/NetworkThread(14465): [null:-1]->clear mCurrentTransInfo
05-22 10:53:59.338 D/NetworkThread(14465): [null:-1]->queue is empty, thread wait...
05-22 10:53:59.431 D/MdmService(14465): [null:-1]->handleCheckInResult
05-22 10:53:59.431 D/MdmService(14465): [null:-1]->handleCheckInResult result keyIndex: 3
05-22 10:54:01.275 D/CommandManager(14465): [null:-1]->execute command: CommandMsg{CommandUUID='2424cd22-2de6-4f81-80ee-da95b62003e9', Command=CommandRemoveProfile{super=CommandObject{RequestType='RemoveProfile'}Identifier=MZYlRbgYPj4F1flIbOlPN7Kz4ySaVWEo}}
05-22 10:54:01.971 I/dalvikvm(  374): Wrote stack traces to '/data/anr/traces.txt'
05-22 10:54:02.056 I/PowerManagerService(  374): Going to sleep due to screen timeout...
05-22 10:54:02.127 I/Process (  374): Sending signal. PID: 448 SIG: 3
05-22 10:54:02.127 I/dalvikvm(  