05-22 10:50:28.478 D/DownLoadDocService(14465): [null:-1]->uuid is  164 ,url is https://test.mdm.everknow.cn/resources/api/v1/download/guest?uuid=f316dedf87fc45babe8a737f6307
05-22 10:50:28.486 D/StorageManager(14465): Create document synchronously, bundle
05-22 10:50:28.486 D/SDCardDocumentStore(14465): Home directory: /storage/emulated/0/contentlocker
05-22 10:50:28.494 D/CommandManager(14465): [null:-1]->requestType: InstallDocument
05-22 10:50:28.494 D/StorageManageImpl(14465): >>> name: 
05-22 10:50:28.494 D/StorageManageImpl(14465): >>> extension: txt
05-22 10:50:28.494 D/StorageManageImpl(14465): >>> mime type: text/plain
05-22 10:50:28.494 D/StorageManageImpl(14465): >>> size: 40
05-22 10:50:28.494 D/StorageManageImpl(14465): >>> created date: 1400727028497
05-22 10:50:28.494 D/StorageManageImpl(14465): >>> modified date: 1400727028497
05-22 10:50:28.494 D/StorageManageImpl(14465): >>> server url: 164
05-22 10:50:28.494 D/StorageManageImpl(14465): >>> is visible: false
05-22 10:50:28.494 D/StorageManageImpl(14465): >>> sort: C
05-22 10:50:28.681 W/Parcel  ( 1661): Attempt to read object from Parcel 0x6003bdac at offset 200 that is not in the object list
05-22 10:50:28.721 W/Parcel  ( 1661): Attempt to read object from Parcel 0x6013bdac at offset 200 that is not in the object list
05-22 10:50:28.767 V/CounterTextView(14465): onReceive
05-22 10:50:28.767 D/        (14465): [---null: -1---]   msg  xxd1
05-22 10:50:28.775 V/CounterTextView(14465): onReceive
05-22 10:50:28.775 D/        (14465): [---null: -1---]   msg  xxd1
05-22 10:50:28.783 V/CounterTextView(14465): onReceive
05-22 10:50:28.783 D/        (14465): [---null: -1---]   msg  xxd1
05-22 10:50:28.799 V/CounterTextView(14465): onReceive
05-22 10:50:28.799 D/        (14465): [---null: -1---]   msg  xxd1
05-22 10:50:28.806 V/CounterTextView(14465): onReceive
05-22 10:50:28.806 D/        (14465): [---null: -1---]   msg  xxd1
05-22 10:50:28.853 V/CounterTextView(14465): onReceive
05-22 10:50:28.853 D/        (14465): [---null: -1---]   msg  xxd1
05-22 10:50:28.853 W/Parcel  ( 1661): Attempt to read object from Parcel 0x5ef3bdac at offset 200 that is not in the object list
05-22 10:50:28.869 D/        (14465): [---null: -1---]  1111222  mLongAxisStartPadding110
05-22 10:50:28.869 D/        (14465): [---null: -1---]  11112223  heightSpecSize1094
05-22 10:50:28.869 D/        (14465): [---null: -1---]  11112223  mLongAxisStartPadding110
05-22 10:50:28.869 D/        (14465): [---null: -1---]  11112223  mLongAxisEndPadding110
05-22 10:50:28.869 D/        (14465): [---null: -1---]  11112223  mRows4
05-22 10:50:28.877 D/        (14465): [---null: -1---]  1111222  mLongAxisStartPadding110
05-22 10:50:28.877 D/        (14465): [---null: -1---]  11112223  heightSpecSize1094
05-22 10:50:28.877 D/        (14465): [---null: -1---]  11112223  mLongAxisStartPadding110
05-22 10:50:28.885 D/        (14465): [---null: -1---]  11112223  mLongAxisEndPadding110
05-22 10:50:28.885 D/        (14465): [---null: -1---]  11112223  mRows4
05-22 10:50:28.900 V/CounterTextView(14465): draw
05-22 10:50:28.900 V/CounterTextView(14465): count = 1
05-22 10:50:28.908 D/MDM :   (14465): [null:-1]->zzzzz   getWidth() 160
05-22 10:50:28.908 D/MDM :   (14465): [null:-1]->zzzzz   ------------------mWidthTemp >getWidth()() 
05-22 10:50:28.908 V/CounterTextView(14465): xxxxxxx   136
05-22 10:50:29.041 D/MdmDatabaseHelper(14465): [null:-1]->update command 5b303cf1-7d28-4a3d-b2cc-6ad1e2bb8a52 to commandStatus <?xml version="1.0" encoding="UTF-8"?>
05-22 10:50:29.041 D/MdmDatabaseHelper(14465): <!DOCTYPE plist PUBLIC "-//Apple//DTD PLIST 1.0//EN" "http://www.apple.com/DTDs/PropertyList-1.0.dtd">
05-22 10:50:29.041 D/MdmDatabaseHelper(14465): <plist version="1.0">
05-22 10:50:29.041 D/MdmDatabaseHelper(14465): <dict>
05-22 10:50:29.041 D/MdmDatabaseHelper(14465): 	<key>CommandUUID</key>
05-22 10:50:29.041 D/MdmDatabaseHelper(14465): 	<string>5b303cf1-7d28-4a3d-b2cc-6ad1e2bb8a52</string>
05-22 10:50:29.041 D/MdmDatabaseHelper(14465): 	<key>Status</key>
05-22 10:50:29.041 D/MdmDatabaseHelper(14465): 	<string>Acknowledged</string>
05-22 10:50:29.041 D/MdmDatabaseHelper(14465): 	<key>UDID</key>
05-22 10:50:29.041 D/MdmDatabaseHelper(14465): 	<string>00013fbc8ecec5b90000014621d2a3af</string>
05-22 10:50:29.041 D/MdmDatabaseHelper(14465): </dict>
05-22 10:50:29.041 D/MdmDatabaseHelper(14465): </plist>
05-22 10:50:29.353 I/TransInfo(14465): TransInfo created, id: 3, class: class com.pekall.emdm.transaction.c.b
05-22 10:50:29.361 D/NetworkThread(14465): [null:-1]->----isRunning-----true
05-22 10:50:29.361 D/NetworkThread(14465): [null:-1]->----isRunning-----true
05-22 10:50:29.361 D/NetworkThread(14465): [null:-1]->thread wakeup
05-22 10:50:29.361 D/NetworkThread(14465): [null:-1]->sendHttpPost:PostRequest, url: http://192.168.10.21/rest/mdm/v1/ios/android_server, Params: [content:<?xml version="1.0" encoding="UTF-8"?>
05-22 10:50:29.361 D/NetworkThread(14465): <!DOCTYPE plist PUBLIC "-//Apple//DTD PLIST 1.0//EN" "http://www.apple.com/DTDs/PropertyList-1.0.dtd">
05-22 10:50:29.361 D/NetworkThread(14465): <plist version="1.0">
05-22 10:50:29.361 D/NetworkThread(14465): <dict>
05-22 10:50:29.361 D/NetworkThread(14465): 	<key>CommandUUID</key>
05-22 10:50:29.361 D/NetworkThread(14465): 	<string>5b303cf1-7d28-4a3d-b2cc-6ad1e2bb8a52</string>
05-22 10:50:29.361 D/NetworkThread(14465): 	<key>Status</key>
05-22 10:50:29.361 D/NetworkThread(14465): 	<string>Acknowledged</string>
05-22 10:50:29.361 D/NetworkThread(14465): 	<key>UDID</key>
05-22 10:50:29.361 D/NetworkThread(14465): 	<string>00013fbc8ecec5b90000014621d2a3af</string>
05-22 10:50:29.361 D/NetworkThread(14465): </dict>
05-22 10:50:29.361 D/NetworkThread(14465): </plist>], 
05-22 10:50:29.361 D/HttpClient(14465): enable apache.http debug
05-22 10:50:29.377 V/DEBUG   (14465): HTTP 0
05-22 10:50:29.791 D/MDM :   (14465): [null:-1]->statusCode : 200
05-22 10:50:29.791 D/MDM :   (14465): [null:-1]->statusCode : 200
05-22 10:50:29.791 V/DEBUG   (14465): HTTP 1
05-22 10:50:29.799 D/MDM :   (14465): [null:-1]->read network input stream
05-22 10:50:29.806 D/MDM :   (14465): [null:-1]->Get joson string: <?xml version="1.0" encoding="UTF-8"?>
05-22 10:50:29.806 D/MDM :   (14465): <!DOCTYPE plist PUBLIC "-//Apple//DTD PLIST 1.0//EN" "http://www.apple.com/DTDs/PropertyList-1.0.dtd">
05-22 10:50:29.806 D/MDM :   (14465): <plist version="1.0">
05-22 10:50:29.806 D/MDM :   (14465): <dict>
05-22 10:50:29.806 D/MDM :   (14465): 	<key>CommandUUID</key>
05-22 10:50:29.806 D/MDM :   (14465): 	<string>d1e883cd-29c8-4808-9391-32b56de7f058</string>
05-22 10:50:29.806 D/MDM :   (14465): 	<key>Command</key>
05-22 10:50:29.806 D/MDM :   (14465): 	<dict>
05-22 10:50:29.806 D/MDM :   (14465): 		<key>RequestType</key>
05-22 10:50:29.806 D/MDM :   (14465): 		<string>Location</string>
05-22 10:50:29.806 D/MDM :   (14465): 	</dict>
05-22 10:50:29.806 D/MDM :   (14465): </dict>
05-22 10:50:29.806 D/MDM :   (14465): </plist>
05-22 10:50:29.822 D/MdmDatabaseHelper(14465): [null:-1]->update command 5b303cf1-7d28-4a3d-b2cc-6ad1e2bb8a52 to status executed
05-22 10:50:29.853 D/CheckInTransInfo(14465): [null:-1]->CommandMsg : CommandMsg{CommandUUID='d1e883cd-29c8-4808-9391-32b56de7f058', Command=CommandObject{RequestType='Location'}}
05-22 10:50:29.892 D/NetworkThread(14465): [null:-1]->clear mCurrentTransInfo
05-22 10:50:29.892 D/NetworkThread(14465): [null:-1]->queue is empty, thread wait...
05-22 10:50:29.994 D/MdmService(14465): [null:-1]->handleCheckInResult
05-22 10:50:29.994 D/MdmService(14465): [null:-1]->handleCheckInResult result keyIndex: 3
05-22 10:50:29.994 D/CommandManager(14465): [null:-1]->execute command: CommandMsg{CommandUUID='d1e883cd-29c8-4808-9391-32b56de7f058', Command=CommandObject{RequestType='Location'}}
05-22 10:50:30.017 W/Parcel  ( 1661): Attempt to read object from Parcel 0x5dfd3dac at offset 200 that is not in the object list
05-22 10:50:30.017 D/MdmService(14465): [null:-1]->receiver action :com.pekall.mdm.action.LOCATION
05-22 10:50:30.033 D/dalvikvm(15105): Late-enabling CheckJNI
05-22 10:50:30.049 I/ActivityManager(  374): Start proc com.pekall.emdm.launcher:remote for service com.pekall.emdm.launcher/com.baidu.location.f: pid=15105 uid=10066 gids={50066, 1015, 3002, 3001, 3003, 1028}
05-22 10:50:30.127 V/MyServiceConnection(15105): [SConnection] sandbox service is NOT installed.
05-22 10:50:30.127 D/ScClassLoader(15105): >> SOURCE FILE: /data/data/com.pekall.emdm.launcher/app_jars/sc-jdk15on-1.47.0.2.dex.jar
05-22 10:50:30.127 V/MyServiceConnection(15105): [SConnection] binding service: pekall.intent.action.SANDBOX_SERVICE
05-22 10:50:30.205 D/dalvikvm(15105): GC_CONCURRENT freed 137K, 2% free 9296K/9472K, paused 6ms+11ms, total 49ms
05-22 10:50:30.205 D/dalvikvm(15105): WAIT_FOR_CONCURRENT_GC blocked 1ms
05-22 10:50:30.205 D/dalvikvm(15105): WAIT_FOR_CONCURRENT_GC blocked 2ms
05-22 10:50:30.205 D/dalvikvm(15105): WAIT_FOR_CONCURRENT_GC blocked 2ms
05-22 10:50:30.213 W/Parcel  ( 1661): Attempt to read object from Parcel 0x5ded3dac at offset 200 that is not in the object list
05-22 10:50:30.213 W/Parcel  ( 1661): Attempt to read object from Parcel 0x6003bdac at offset 200 that is not in the object list
05-22 10:50:30.213 D/Email   (15105): Email: init sandbox at the beginning.
05-22 10:50:30.213 V/MyServiceConnection(15105): [SConnection] retry to bind service
05-22 10:50:30.213 V/MyServiceConnection(15105): [SConnection] sandbox service is NOT installed.
05-22 10:50:30.213 V/MyServiceConnection(15105): [SConnection] binding service: pekall.intent.action.SANDBOX_SERVICE
05-22 10:50:30.244 V/MyServiceConnection(15105): [SConnection] retry to bind service
05-22 10:50:30.244 V/MyServiceConnection(15105): [SConnection] sandbox service is NOT installed.
05-22 10:50:30.244 V/MyServiceConnection(15105): [SConnection] binding service: pekall.intent.action.SANDBOX_SERVICE
05-22 10:50:30.252 V/l       (15105): Bind requested for task setLogging
05-22 10:50:30.260 D/ExchangeService(14465): !!! EAS ExchangeService, onCreate
05-22 10:50:30.346 D/dalvikvm(15105): GC_CONCURRENT freed 224K, 3% free 9586K/9848K, paused 3ms+14ms, total 41ms
05-22 10:50:30.346 D/dalvikvm(15105): WAIT_FOR_CONCURRENT_GC blocked 1ms
05-22 10:50:30.346 D/dalvikvm(15105): WAIT_FOR_CONCURRENT_GC blocked 2ms
05-22 10:50:30.346 D/dalvikvm(15105): WAIT_FOR_CONCURRENT_GC blocked 2ms
05-22 10:50:30.353 D/dalvikvm(15105): WAIT_FOR_CONCURRENT_GC blocked 7ms
05-22 10:50:30.377 W/DocumentManager(15105): Sandbox service is not connected.
05-22 10:50:30.377 D/MessageControllerImpl(15105): controller is null
05-22 10:50:30.377 V/MyServiceConnection(15105): [SConnection] retry to bind service
05-22 10:50:30.377 V/MyServiceConnection(15105): [SConnection] sandbox service is NOT installed.
05-22 10:50:30.377 V/MyServiceConnection(15105): [SConnection] binding service: pekall.intent.action.SANDBOX_SERVICE
05-22 10:50:30.377 W/SQLiteOpenHelper(15105): Opened /data/data/com.pekall.emdm.launcher/databases/message.db
05-22 10:50:30.377 W/dalvikvm(15105): No implementation found for native Lcom/pekall/sandbox/database/sqlite/SQLiteDatabase;.native_setSqliteSoftHeapLimit:(I)V
05-22 10:50:30.377 D/AndroidRuntime(15105): Shutting down VM
05-22 10:50:30.377 W/dalvikvm(15105): threadid=1: thread exiting with uncaught exception (group=0x419c8700)
05-22 10:50:30.377 D/        (15105): [---null: -1---]  Thread is main
05-22 10:50:30.385 W/System.err(15105): java.lang.UnsatisfiedLinkError: Native method not found: com.pekall.sandbox.database.sqlite.SQLiteDatabase.native_setSqliteSoftHeapLimit:(I)V
05-22 10:50:30.385 W/System.err(15105): 	at com.pekall.sandbox.database.sqlite.SQLiteDatabase.native_setSqliteSoftHeapLimit(Native Method)
05-22 10:50:30.385 W/System.err(15105): 	at com.pekall.sandbox.database.sqlite.SQLiteDatabase.<init>(Unknown Source)
05-22 10:50:30.385 W/System.err(15105): 	at com.pekall.sandbox.database.sqlite.SQLiteDatabase.openDatabase(Unknown Source)
05-22 10:50:30.385 W/System.err(15105): 	at com.pekall.sandbox.database.sqlite.SQLiteDatabase.openDatabase(Unknown Source)
05-22 10:50:30.385 W/System.err(15105): 	at com.pekall.sandbox.database.sqlite.SQLiteDatabase.openDatabase(Unknown Source)
05-22 10:50:30.385 W/System.err(15105): 	at com.pekall.sandbox.database.sqlite.SQLiteOpenHelper.getWritableDatabase(Unknown Source)
05-22 10:50:30.385 W/System.err(15105): 	at com.pekall.emdm.messagecenter.db.a.a(Unknown Source)
05-22 10:50:30.385 W/System.err(15105): 	at com.pekall.emdm.messagecenter.db.a.b(Unknown Source)
05-22 10:50:30.385 W/System.err(15105): 	at com.pekall.emdm.messagecenter.activity.a.onCreate(Unknown Source)
05-22 10:50:30.385 W/System.err(15105): 	at com.pekall.emdm.launcher.LauncherApplication.onCreate(Unknown Source)
05-22 10:50:30.385 W/System.err(15105): 	at android.app.Instrumentation.callApplicationOnCreate(Instrumentation.java:1007)
05-22 10:50:30.385 W/System.err(15105): 	at android.app.ActivityThread.handleBindApplication(ActivityThread.java:4444)
05-22 10:50:30.385 W/System.err(15105): 	at android.app.ActivityThread.access$1300(ActivityThread.java:141)
05-22 10:50:30.385 W/System.err(15105): 	at android.app.ActivityThread$H.handleMessage(ActivityThread.java:1316)
05-22 10:50:30.392 W/System.err(15105): 	at android.os.Handler.dispatchMessage(Handler.java:99)
05-22 10:50:30.392 W/System.err(15105): 	at android.os.Looper.loop(Looper.java:137)
05-22 10:50:30.392 W/System.err(15105): 	at android.app.ActivityThread.main(ActivityThread.java:5103)
05-22 10:50:30.392 W/System.err(15105): 	at java.lang.reflect.Method.invokeNative(Native Method)
05-22 10:50:30.392 W/System.err(15105): 	at java.lang.reflect.Method.invoke(Method.java:525)
05-22 10:50:30.392 W/System.err(15105): 	at com.android.internal.os.ZygoteInit$MethodAndArgsCaller.run(ZygoteInit.java:737)
05-22 10:50:30.392 W/System.err(15105): 	at com.android.internal.os.ZygoteInit.main(ZygoteInit.java:553)
05-22 10:50:30.392 W/System.err(15105): 	at dalvik.system.NativeStart.main(Native Method)
05-22 10:50:30.486 W/Parcel  ( 1661): Attempt to read object from Parcel 0x5ef3bdac at offset 200 that is not in the object list
05-22 10:50:30.486 D/ExchangeService(14465): !!! EAS ExchangeService, onStartCommand, startingUp = false, running = false
05-22 10:50:30.486 D/ExchangeService(14465): to start secureStorageService now
05-22 10:50:30.502 V/a       (14465): Bind requested for task test
05-22 10:50:30.533 V/a       (14465): Connected: com.pekall.semail.service.AccountServiceInternal
05-22 10:50:30.549 V/a       (14465): Connection test succeeded in 48ms
05-22 10:50:30.549 V/a       (14465): Task test completed; disconnecting
05-22 10:50:30.556 D/ExchangeService(14465): Reconciling accounts...
05-22 10:50:30.627 V/a       (14465): Bind requested for task reconcileAccounts
05-22 10:50:30.666 V/a       (14465): Connected: com.pekall.semail.service.AccountServiceInternal
05-22 10:50:30.666 D/ActivityThread(15105): Loading provider com.pekall.semail.provider;com.pekall.semail.notifier: com.pekall.semail.provider.EmailProvider
05-22 10:50:30.681 V/a       (14465): Task reconcileAccounts completed; disconnecting
05-22 10:50:30.846 V/a       (14465): Waiting for task reconcileAccounts to complete...
05-22 10:50:30.846 D/ActivityThread(15105): Loading provider com.pekall.semail.provider;com.pekall.semail.notifier: com.pekall.semail.provider.EmailProvider
05-22 10:50:31.244 D/dalvikvm(15105): GC_CONCURRENT freed 477K, 6% free 9497K/10016K, paused 18ms+6ms, total 64ms
05-22 10:50:31.353 W/EmailProvider(15105): restoreIfNeeded...
05-22 10:50:31.619 D/EmailProvider(15105): restoreAccounts...
05-22 10:50:32.346 D/EmailProvider(15105): No accounts to restore...
05-22 10:50:32.377 D/EmailProvider(15105): Deleting orphans...
05-22 10:50:32.494 D/EmailProvider(15105): EmailProvider pre-caching...
05-22 10:50:33.314 D/EmailProvider(15105): EmailProvider ready.
05-22 10:50:34.033 I/Email   (15105): Notifications being toggled: false
05-22 10:50:34.033 W/ActivityManager(  374): Unable to start service Intent { cmp=com.pekall.emdm.launcher/com.pekall.semail.service.AttachmentDownloadService } U=0: not found
05-22 10:50:36.681 W/Parcel  ( 1661): Attempt to read object from Parcel 0x5dfd3dac at offset 200 that is not in the object list
05-22 10:50:36.822 W/MountService(  374): getVolumeState(/storage/emulated/0/external_sd): Unknown volume
05-22 10:50:36.838 W/MountService(  374): getVolumeState(/mnt/sdcard-ext): Unknown volume
05-22 10:50:36.869 W/MountService(  374): getVolumeState(/mnt/ext_sdcard): Unknown volume
05-22 10:50:36.885 W/MountService(  374): getVolumeState(/mnt/sdcard2): Unknown volume
05-22 10:50:36.885 W/MountService(  374): getVolumeState(/mnt/emmc): Unknown volume
05-22 10:50:36.916 W/MountService(  374): getVolumeState(/mnt/extSdCard): Unknown volume
05-22 10:50:36.916 W/MountService(  374): getVolumeState(/mnt/sdcard/SD_CARD): Unknown volume
05-22 10:50:36.939 W/MountService(  374): getVolumeState(/mnt/sdcard/extra_sd): Unknown volume
05-22 10:50:36.963 W/MountService(  374): getVolumeState(/mnt/extrasd_bind): Unknown volume
05-22 10:50:36.971 W/MountService(  374): getVolumeState(/mnt/sdcard/ext_sd): Unknown volume
05-22 10:50:37.002 W/MountService(  374): getVolumeState(/storage/extSdCard): Unknown volume
05-22 10:50:37.017 W/MountService(  374): getVolumeState(/storage/sdcard1): Unknown volume
05-22 10:50:37.049 W/MountService(  374): getVolumeState(/mnt/sdcard/external_SD): Unknown volume
05-22 10:50:37.111 W/MountService(  374): getVolumeState(/mnt/sdcard/external_sd): Unknown volume
05-22 10:50:37.330 D/dalvikvm( 1468): GC_CONCURRENT freed 507K, 21% free 9937K/12512K, paused 4ms+4ms, total 1181ms
05-22 10:50:37.330 D/dalvikvm( 1468): WAIT_FOR_CONCURRENT_GC blocked 13ms
05-22 10:50:37.330 D/dalvikvm( 1468): WAIT_FOR_CONCURRENT_GC blocked 143ms
05-22 10:50:37.549 D/dalvikvm(  448): GC_CONCURRENT freed 1127K, 12% free 14210K/16128K, paused 3ms+21ms, total 93ms
05-22 10:50:39.619 D/dalvikvm(11622): GC_EXPLICIT freed 243K, 4% free 9201K/9492K, paused 1ms+3ms, total 44ms
05-22 10:50:40.158 D/dalvikvm( 1468): GC_CONCURRENT freed 417K, 21% free 9968K/12512K, paused 361ms+257ms, total 2289ms
05-22 10:50:41.572 W/MountService(  374): getVolumeState(/storage/emulated/0/external_sd): Unknown volume
05-22 10:50:41.580 W/MountService(  374): getVolumeState(/mnt/sdcard-ext): Unknown volume
05-22 10:50:41.603 W/MountService(  374): getVolumeState(/mnt/ext_sdcard): Unknown volume
05-22 10:50:41.603 W/MountService(  374): getVolumeState(/mnt/sdcard2): Unknown volume
05-22 10:50:41.611 W/MountService(  374): getVolumeState(/mnt/emmc): Unknown volume
05-22 10:50:41.619 W/MountService(  374): getVolumeState(/mnt/extSdCard): Unknown volume
05-22 10:50:41.627 W/MountService(  374): getVolumeState(/mnt/sdcard/SD_CARD): Unknown volume
05-22 10:50:41.635 W/MountService(  374): getVolumeState(/mnt/sdcard/extra_sd): Unknown volume
05-22 10:50:41.666 W/MountService(  374): getVolumeState(/mnt/extrasd_bind): Unknown volume
05-22 10:50:41.666 W/MountService(  374): getVolumeState(/mnt/sdcard/ext_sd): Unknown volume
05-22 10:50:41.681 W/MountService(  374): getVolumeState(/storage/extSdCard): Unknown volume
05-22 10:50:41.681 W/MountService(  374): getVolumeState(/storage/sdcard1): Unknown volume
05-22 10:50:41.681 W/MountService(  374): getVolumeState(/mnt/sdcard/external_SD): Unknown volume
05-22 10:50:41.713 W/MountService(  374): getVolumeState(/mnt/sdcard/external_sd): Unknown volume
05-22 10:50:41.947 D/LightsService(  374): Excessive delay setting light: 1159ms
05-22 10:50:42.627 D/LightsService(  374): Excessive delay setting light: 674ms
05-22 10:50:43.580 D/dalvikvm( 1468): GC_CONCURRENT freed 506K, 21% free 9967K/12512K, paused 26ms+425ms, total 1428ms
05-22 10:50:43.588 D/dalvikvm( 1468): WAIT_FOR_CONCURRENT_GC blocked 542ms
05-22 10:50:46.533 I/PowerManagerService(  374): Going to sleep due to screen timeout...
05-22 10:50:47.299 D/LauncherApplication(14465): [null:-1]->onActivityPaused
05-22 10:50:47.314 I/PowerManagerService(  374): Waking up from sleep...
05-22 10:50:47.338 D/LauncherApplication(14465): [null:-1]->onActivityPaused  updateTime
05-22 10:50:47.377 D/LightsService(  374): Excessive delay setting light: 123ms
05-22 10:50:47.377 D/SurfaceFlinger(  124): Screen released, type=0 flinger=0x40e95478
05-22 10:50:47.439 D/PowerManagerService-JNI(  374): Excessive delay in setInteractive(false) while turning screen off: 32ms
05-22 10:50:47.455 W/InputMethodManagerService(  374): Window already focused, ignoring focus gain of: com.android.internal.view.IInputMethodClient$Stub$Proxy@429b2850 attribute=android.view.inputmethod.EditorInfo@425399c0, token = android.os.BinderProxy@42853a20
05-22 10:50:47.463 W/Parcel  ( 1661): Attempt to read object from Parcel 0x6013bdac at offset 200 that is not in the object list
05-22 10:50:47.533 D/NfcService(  568): NFC-C OFF, disconnect
05-22 10:50:47.580 V/WiseDownloadConditionControler(11077): checkCondition  type : TODAY_LAUNCHED_USER  inerrupting: false
05-22 10:50:47.642 V/MDM :   (14465): [null:-1]->Screen receiver is called.
05-22 10:50:47.666 W/Parcel  ( 1661): Attempt to read object from Parcel 0x6003bdac at offset 200 that is not in the object list
05-22 10:50:48.205 V/PanelView(  448): animationTick called with dtms=0; nothing to do (h=0.0 v=4000.0)
05-22 10:50:48.314 D/SizeAdaptiveLayout(  448): com.android.internal.widget.SizeAdaptiveLayout{4267ddf0 V.E..... ......I. 0,0-720,128 #7f070058 app:id/adaptive}child view android.widget.RelativeLayout{42764960 V.E..... ......I. 0,0-720,124} measured out of bounds at 124px clamped to 128px
05-22 10:50:48.346 D/SizeAdaptiveLayout(  448): com.android.internal.widget.SizeAdaptiveLayout{42520e48 V.E..... ......I. 0,0-720,128 #7f070058 app:id/adaptive}child view android.widget.RelativeLayout{423018a8 V.E..... ......I. 0,0-720,122} measured out of bounds at 122px clamped to 128px
05-22 10:50:48.478 D/PowerManagerService-JNI(  374): Excessive delay in autosuspend_disable() while turning screen on: 943ms
05-22 10:50:48.611 D/SurfaceFlinger(  124): Screen acquired, type=0 flinger=0x40e95478
05-22 10:50:48.939 D/SizeAdaptiveLayout(  448): com.android.internal.widget.SizeAdaptiveLayout{4267ddf0 V.E..... ......I. 0,0-720,128 #7f070058 app:id/adaptive}child view android.widget.RelativeLayout{42764960 V.E..... ......I. 0,0-720,124} measured out of bounds at 124px clamped to 128px
05-22 10:50:48.994 D/SizeAdaptiveLayout(  448): com.android.internal.widget.SizeAdaptiveLayout{42520e48 V.E..... ......I. 0,0-720,128 #7f070058 app:id/adaptive}child view android.widget.RelativeLayout{423018a8 V.E..... ......I. 0,0-720,122} measured out of bounds at 122px clamped to 128px
05-22 10:50:49.166 I/Choreographer(  448): Skipped 54 frames!  The application may be doing too much work on its main thread.
05-22 10:50:49.260 D/SizeAdaptiveLayout(  448): com.android.internal.widget.SizeAdaptiveLayout{4267ddf0 V.E..... ......I. 0,0-720,128 #7f070058 app:id/adaptive}child view android.widget.RelativeLayout{42764960 V.E..... ......I. 0,0-720,124} measured out of bounds at 124px clamped to 128px
05-22 10:50:49.291 D/SizeAdaptiveLayout(  448): com.android.internal.widget.SizeAdaptiveLayout{42520e48 V.E..... ......I. 0,0-720,128 #7f070058 app:id/adaptive}child view android.widget.RelativeLayout{423018a8 V.E..... ......I. 0,0-720,122} measured out of bounds at 122px clamped to 128px
05-22 10:50:50.088 I/Process (  374): Sending signal. PID: 15105 SIG: 3
05-22 10:50:50.088 I/dalvikvm(15105): threadid=3: reacting to signal 3
05-22 10:50:50.088 W/ActivityManager(  374): Timeout executing service: ServiceRecord{4301b240 u0 com.pekall.emdm.launcher/com.baidu.location.f}
05-22 10:50:50.291 I/Process (  374): Sending signal. PID: 374 SIG: 3
05-22 10:50:50.291 I/dalvikvm(  374): threadid=3: reacting to signal 3
05-22 10:50:50.338 D/dalvikvm(15105): JIT unchain all for threadid=11
05-22 10:50:50.439 I/dalvikvm(15105): Wrote stack traces to '/data/anr/traces.txt'
05-22 10:50:55.877 I/Process (  374): Sending signal. PID: 448 SIG: 3
05-22 10:50:55.877 I/dalvikvm(  448): threadid=3: reacting to signal 3
05-22 10:50:55.877 I/Process (  374): Sending signal. PID: 561 SIG: 3
05-22 10:50:55.877 I/dalvikvm(  561): threadid=3: reacting to signal 3
05-22 10:50:55.885 I/dalvikvm(  374): Wrote stack traces to '/data/anr/traces.txt'
05-22 10:50:55.892 I/Process (  374): Sending signal. PID: 568 SIG: 3
05-22 10:50:55.892 I/dalvikvm(  568): threadid=3: reacting to signal 3
05-22 10:50:55.971 I/dalvikvm(  568): Wrote stack traces to '/data/anr/traces.txt'
05-22 10:50:56.010 I/dalvikvm(  561): Wrote stack traces to '/data/anr/traces.txt'
05-22 10:50:56.846 I/dalvikvm(  448): Wrote stack traces to '/data/anr/traces.txt'
05-22 10:50:56.986 D/dalvikvm(  374): GC_CONCURRENT freed 2950K, 22% free 23531K/30132K, paused 14ms+20ms, total 310ms
05-22 10:50:56.986 D/dalvikvm(  374): WAIT_FOR_CONCURRENT_GC blocked 277ms
05-22 10:50:57.197 D/dalvikvm(  374): GC_EXPLICIT freed 65K, 23% free 23465K/30132K, paused 6ms+27ms, total 215ms
05-22 10:50:57.814 I/Process (  374): Sending signal. PID: 14465 SIG: 3
05-22 10:50:57.822 I/dalvikvm(14465): threadid=3: reacting to signal 3
05-22 10:50:58.025 I/Process (  374): Sending signal. PID: 12874 SIG: 3
05-22 10:50:58.025 I/dalvikvm(12874): threadid=3: reacting to signal 3
05-22 10:50:58.072 D/dalvikvm(14465): JIT unchain all for threadid=11
05-22 10:50:58.275 E/ActivityManager(  374): ANR in com.pekall.emdm.launcher:remote
05-22 10:50:58.275 E/ActivityManager(  374): Reason: Executing service com.pekall.emdm.launcher/com.baidu.location.f
05-22 10:50:58.275 E/ActivityManager(  374): Load: 4.53 / 3.37 / 2.7
05-22 10:50:58.275 E/ActivityManager(  374): CPU usage from 2787ms to -8136ms ago:
05-22 10:50:58.275 E/ActivityManager(  374):   63% 15105/com.pekall.emdm.launcher:remote: 63% user + 0% kernel / faults: 116 minor
05-22 10:50:58.275 E/ActivityManager(  374):   61% 14465/com.pekall.emdm.launcher: 60% user + 0.9% kernel / faults: 2040 minor
05-22 10:50:58.275 E/ActivityManager(  374):   38% 15089/uiautomator: 24% user + 13% kernel / faults: 531 minor
05-22 10:50:58.275 E/ActivityManager(  374):   19% 374/system_server: 15% user + 4.4% kernel / faults: 825 minor
05-22 10:50:58.275 E/ActivityManager(  374):   12% 448/com.android.systemui: 11% user + 1.1% kernel / faults: 397 minor
05-22 10:50:58.275 E/ActivityManager(  374):   0.6% 561/com.android.phone: 0.4% user + 0.1% kernel / faults: 36 minor
05-22 10:50:58.275 E/ActivityManager(  374):   0.5% 124/surfaceflinger: 0% user + 0.4% kernel / faults: 1912 minor
05-22 10:50:58.275 E/ActivityManager(  374):   0.4% 1661/com.qihoo360.mobilesafe:GuardService: 0.4% user + 0% kernel / faults: 106 minor
05-22 10:50:58.275 E/ActivityManager(  374):   0.2% 135/adbd: 0% user + 0.2% kernel
05-22 10:50:58.275 E/ActivityManager(  374):   0% 568/com.android.nfc: 0% user + 0% kernel / faults: 33 minor
05-22 10:50:58.275 E/ActivityManager(  374):   0.2% 12874/com.qihoo.appstore: 0.2% user + 0% kernel / faults: 8 minor
05-22 10:50:58.275 E/ActivityManager(  374):   0.2% 13144/kworker/0:0: 0% user + 0.2% kernel
05-22 10:50:58.275 E/ActivityManager(  374):   0.1% 12659/kworker/u:2: 0% user + 0.1% kernel
05-22 10:50:58.275 E/ActivityManager(  374):   0% 13624/com.dragon.android.pandaspace:bdservice_v1: 0% user + 0% kernel / faults: 66 minor
05-22 10:50:58.275 E/ActivityManager(  374):   0.1% 14662/com.nd.assistance.ServerService: 0.1% user + 0% kernel / faults: 62 minor
05-22 10:50:58.275 E/ActivityManager(  374):   0% 82/mmcqd/0: 0% user + 0% kernel
05-22 10:50:58.275 E/ActivityManager(  374):   0% 114/jbd2/mmcblk0p12: 0% user + 0% kernel
05-22 10:50:58.275 E/ActivityManager(  374):   0% 117/vold: 0% user + 0% kernel
05-22 10:50:58.275 E/ActivityManager(  374):   0% 1468/com.qihoo.daemon: 0% user + 0% kernel / faults: 27 minor
05-22 10:50:58.275 E/ActivityManager(  374):   0% 1615/logcat: 0% user + 0% kernel
05-22 10:50:58.275 E/ActivityManager(  374):   0% 11077/com.tencent.android.qqdownloader: 0% user + 0% kernel / faults: 11 minor
05-22 10:50:58.275 E/ActivityManager(  374):   0% 11093/com.tencent.android.qqdownloader:connect: 0% user + 0% kernel / faults: 1 minor
05-22 10:50:58.275 E/ActivityManager(  374):   0% 13047/kworker/u:0: 0% user + 0% kernel
05-22 10:50:58.275 E/ActivityManager(  374):   0% 15042/logcat: 0% user + 0% kernel
05-22 10:50:58.275 E/ActivityManager(  374):  +0% 15139/kworker/0:1: 0% user + 0% kernel
05-22 10:50:58.275 E/ActivityManager(  374): 100% TOTAL: 89% user + 10% kernel
05-22 10:50:58.275 E/ActivityManager(  374): CPU usage from 7113ms to 7653ms later:
05-22 10:50:58.275 E/ActivityManager(  374):   84% 14465/com.pekall.emdm.launcher: 84% user + 0% kernel
05-22 10:50:58.275 E/ActivityManager(  374):     82% 14479/Thread-4935: 82% user + 0% kernel
05-22 10:50:58.275 E/ActivityManager(  374):   55% 15105/com.pekall.emdm.launcher:remote: 55% user + 0% kernel
05-22 10:50:58.275 E/ActivityManager(  374):     56% 15118/Thread-4965: 56% user + 0% kernel
05-22 10:50:58.275 E/ActivityManager(  374):   42% 448/com.android.systemui: 41% user + 1.7% kernel / faults: 43 minor
05-22 10:50:58.275 E/ActivityManager(  374):     41% 448/ndroid.systemui: 39% user + 1.7% kernel
05-22 10:50:58.275 E/ActivityManager(  374):     1.7% 18105/Binder_8: 1.7% user + 0% kernel
05-22 10:50:58.275 E/ActivityManager(  374):   12% 15089/uiautomator: 10% user + 1.7% kernel / faults: 237 minor
05-22 10:50:58.275 E/ActivityManager(  374):     10% 15089/uiautomator: 10% user + 0% kernel
05-22 10:50:58.275 E/ActivityManager(  374):     3.4% 15097/Binder_1: 3.4% user + 0% kernel
05-22 10:50:58.275 E/ActivityManager(  374):     3.4% 15098/Binder_2: 1.7% user + 1.7% kernel
05-22 10:50:58.275 E/ActivityManager(  374):   9% 374/system_server: 0% user + 9% kernel / faults: 3 minor
05-22 10:50:58.275 E/ActivityManager(  374):     7.2% 390/ActivityManager: 0% user + 7.2% kernel
05-22 10:50:58.275 E/ActivityManager(  374):     1.8% 539/Binder_4: 1.8% user + 0% kernel
05-22 10:50:58.275 E/ActivityManager(  374):     1.8% 625/Binder_9: 1.8% user + 0% kernel
05-22 10:50:58.275 E/ActivityManager(  374):   0.8% 12874/com.qihoo.appstore: 0.8% user + 0% kernel
05-22 10:50:58.275 E/ActivityManager(  374):     0.8% 12898/Thread-4863: 0.8% user + 0% kernel
05-22 10:50:58.275 E/ActivityManager(  374): 100% TOTAL: 95% user + 4.6% kernel
05-22 10:50:58.283 W/ActivityManager(  374): Killing ProcessRecord{426dd4c0 15105:com.pekall.emdm.launcher:remote/u0a10066}: background ANR
05-22 10:50:58.314 V/WiseDownloadConditionControler(11077): checkCondition  type : WISE_DOWNLOAD  inerrupting: true
05-22 10:50:58.338 W/BroadcastQueue(  374): Timeout of broadcast BroadcastRecord{42f10470 u-1 android.intent.action.SCREEN_OFF} - receiver=android.os.BinderProxy@42976178, started 10681ms ago
05-22 10:50:58.346 W/BroadcastQueue(  374): Receiver during timeout: BroadcastFilter{42a53798 u0 ReceiverList{42a55d78 15105 com.pekall.emdm.launcher:remote/10066/u0 remote:42976178}}
05-22 10:50:58.353 I/ActivityManager(  374): Skipping duplicate ANR: ProcessRecord{426dd4c0 15105:com.pekall.emdm.launcher:remote/u0a10066} Broadcast of Intent { act=android.intent.action.SCREEN_OFF flg=0x50000010 }
05-22 10:50:58.510 W/Parcel  ( 1661): Attempt to read object from Parcel 0x5dfd3dac at offset 200 that is not in the object list
05-22 10:50:58.541 V/KeyguardHostView(  374): hide transport, gen:1
05-22 10:50:58.541 V/KeyguardHostView(  374): music state changed: 0
05-22 10:50:58.611 D/PhoneStatusBar(  448): disable: < EXPAND* icons alerts TICKER* system_info back home RECENT* clock SEARCH* >
05-22 10:50:58.611 V/PanelView(  448): animationTick called with dtms=0; nothing to do (h=1184.0 v=-4000.0)
05-22 10:50:58.611 V/PanelView(  448): animationTick called with dtms=0; nothing to do (h=1184.0 v=-4000.0)
05-22 10:50:58.635 I/dalvikvm(12874): Wrote stack traces to '/data/anr/traces.txt'
05-22 10:50:58.713 V/TAG     (  374): bug 7643792: fitSystemWindows([0,50][0,0])
05-22 10:50:58.721 W/Parcel  ( 1661): Attempt to read object from Parcel 0x6003bdac at offset 200 that is not in the object list
05-22 10:50:58.931 W/Parcel  ( 1661): Attempt to read object from Parcel 0x6013bdac at offset 200 that is not in the object list
05-22 10:50:58.939 W/Parcel  ( 1661): Attempt to read object from Parcel 0x5ef3bdac at offset 200 that is not in the object list
05-22 10:50:59.080 W/Parcel  ( 1661): Attempt to read object from Parcel 0x6003bdac at offset 200 that is not in the object list
05-22 10:50:59.174 V/DigitalWidgetViewsFactory(29624): DigitalWidget sets next alarm string to null
05-22 10:50:59.181 I/WindowManager(  374): Lock screen displayed!
05-22 10:50:59.205 V/WiseDownloadConditionControler(11077): checkCondition  type : WISE_DOWNLOAD  inerrupting: true
05-22 10:50:59.400 W/Parcel  ( 1661): Attempt to read object from Parcel 0x6013bdac at offset 200 that is not in the object list
05-22 10:50:59.463 D/PhoneStatusBar(  448): disable: < EXPAND icons alerts TICKER system_info BACK* HOME* RECENT CLOCK* SEARCH >
05-22 10:50:59.658 D/dalvikvm( 1661): GC_CONCURRENT freed 1425K, 18% free 13099K/15888K, paused 23ms+6ms, total 189ms
05-22 10:50:59.666 D/LightsService(  374): Excessive delay setting light: 256ms
05-22 10:50:59.767 I/dalvikvm(14465): Wrote stack traces to '/data/anr/traces.txt'
05-22 10:50:59.971 I/ActivityManager(  374): Process com.pekall.emdm.launcher:remote (pid 15105) has died.
05-22 10:50:59.971 W/ActivityManager(  374): Scheduling restart of crashed service com.pekall.emdm.launcher/com.baidu.location.f in 5000ms
05-22 10:51:02.721 I/QueryController(15089): Matched selector: UiSelector[DESCRIPTION=Dot., PACKAGE NAME=android] <<==>> [android.view.accessibility.AccessibilityNodeInfo@5eb6b6; boundsInParent: Rect(0, 0 - 202, 123); boundsInScreen: Rect(56, 569 - 258, 692); packageName: android; className: android.widget.Button; text: 1; contentDescription: Dot.; viewIdResName: android:id/key1; checkable: false; checked: false; focusable: true; focused: false; selected: false; clickable: true; longClickable: false; enabled: true; password: false; scrollable: false; [ACTION_FOCUS, ACTION_SELECT, ACTION_CLEAR_SELECTION, ACTION_CLICK, ACTION_ACCESSIBILITY_FOCUS, ACTION_NEXT_AT_MOVEMENT_GRANULARITY, ACTION_PREVIOUS_AT_MOVEMENT_GRANULARITY, ACTION_SET_SELECTION]]
05-22 10:51:02.752 I/QueryController(15089): Matched selector: UiSelector[TEXT=1, CLASS=android.widget.Button, PACKAGE NAME=android] <<==>> [android.view.accessibility.AccessibilityNodeInfo@5eb6b6; boundsInParent: Rect(0, 0 - 202, 123); boundsInScreen: Rect(56, 569 - 258, 692); packageName: android; className: android.widget.Button; text: 1; contentDescription: Dot.; viewIdResName: android:id/key1; checkable: false; checked: false; focusable: true; focused: false; selected: false; clickable: true; longClickable: false; enabled: true; password: false; scrollable: false; [ACTION_FOCUS, ACTION_SELECT, ACTION_CLEAR_SELECTION, ACTION_CLICK, ACTION_ACCESSIBILITY_FOCUS, ACTION_NEXT_AT_MOVEMENT_GRANULARITY, ACTION_PREVIOUS_AT_MOVEMENT_GRANULARITY, ACTION_SET_SELECTION]]
05-22 10:51:02.752 D/InteractionController(15089): clickAndSync(157, 630)
05-22 10:51:02.971 D/MDM :   (14465): [null:-1]->Location timeout, set latitude and longitude -1
05-22 10:51:02.971 D/CommandManager(14465): [null:-1]->requestType: Location
05-22 10:51:03.002 D/MdmDatabaseHelper(14465): [null:-1]->update command d1e883cd-29c8-4808-9391-32b56de7f058 to commandStatus <?xml version="1.0" encoding="UTF-8"?>
05-22 10:51:03.002 D/MdmDatabaseHelper(14465): <!DOCTYPE plist PUBLIC "-//Apple//DTD PLIST 1.0//EN" "http://www.apple.com/DTDs/PropertyList-1.0.dtd">
05-22 10:51:03.002 D/MdmDatabaseHelper(14465): <plist version="1.0">
05-22 10:51:03.002 D/MdmDatabaseHelper(14465): <dict>
05-22 10:51:03.002 D/MdmDatabaseHelper(14465): 	<key>Latitude</key>
05-22 10:51:03.002 D/MdmDatabaseHelper(14465): 	<real>-1.0</real>
05-22 10:51:03.002 D/MdmDatabaseHelper(14465): 	<key>Longitude</key>
05-22 10:51:03.002 D/MdmDatabaseHelper(14465): 	<real>-1.0</real>
05-22 10:51:03.002 D/MdmDatabaseHelper(14465): 	<key>CommandUUID</key>
05-22 10:51:03.002 D/MdmDatabaseHelper(14465): 	<string>d1e883cd-29c8-4808-9391-32b56de7f058</string>
05-22 10:51:03.002 D/MdmDatabaseHelper(14465): 	<key>Status</key>
05-22 10:51:03.002 D/MdmDatabaseHelper(14465): 	<string>Error</string>
05-22 10:51:03.002 D/MdmDatabaseHelper(14465): 	<key>UDID</key>
05-22 10:51:03.002 D/MdmDatabaseHelper(14465): 	<string>00013fbc8ecec5b90000014621d2a3af</string>
05-22 10:51:03.002 D/MdmDatabaseHelper(14465): </dict>
05-22 10:51:03.002 D/MdmDatabaseHelper(14465): </plist>
05-22 10:51:03.041 I/TransInfo(14465): TransInfo created, id: 3, class: class com.pekall.emdm.transaction.c.b
05-22 10:51:03.049 D/NetworkThread(14465): [null:-1]->----isRunning-----true
05-22 10:51:03.049 D/NetworkThread(14465): [null:-1]->----isRunning-----true
05-22 10:51:03.049 D/NetworkThread(14465): [null:-1]->thread wakeup
05-22 10:51:03.056 D/NetworkThread(14465): [null:-1]->sendHttpPost:PostRequest, url: http://192.168.10.21/rest/mdm/v1/ios/android_server, Params: [content:<?xml version="1.0" encoding="UTF-8"?>
05-22 10:51:03.056 D/NetworkThread(14465): <!DOCTYPE plist PUBLIC "-//Apple//DTD PLIST 1.0//EN" "http://www.apple.com/DTDs/PropertyList-1.0.dtd">
05-22 10:51:03.056 D/NetworkThread(14465): <plist version="1.0">
05-22 10:51:03.056 D/NetworkThread(14465): <dict>
05-22 10:51:03.056 D/NetworkThread(14465): 	<key>Latitude</key>
05-22 10:51:03.056 D/NetworkThread(14465): 	<real>-1.0</real>
05-22 10:51:03.056 D/NetworkThread(14465): 	<key>Longitude</key>
05-22 10:51:03.056 D/NetworkThread(14465): 	<real>-1.0</real>
05-22 10:51:03.056 D/NetworkThread(14465): 	<key>CommandUUID</key>
05-22 10:51:03.056 D/NetworkThread(14465): 	<string>d1e883cd-29c8-4808-9391-32b56de7f058</string>
05-22 10:51:03.056 D/NetworkThread(14465): 	<key>Status</key>
05-22 10:51:03.056 D/NetworkThread(14465): 	<string>Error</string>
05-22 10:51:03.056 D/NetworkThread(14465): 	<key>UDID</key>
05-22 10:51:03.056 D/NetworkThread(14465): 	<string>00013fbc8ecec5b90000014621d2a3af</string>
05-22 10:51:03.056 D/NetworkThread(14465): </dict>
05-22 10:51:03.056 D/NetworkThread(14465): </plist>], 
05-22 10:51:03.056 D/HttpClient(14465): enable apache.http debug
05-22 10:51:03.064 V/DEBUG   (14465): HTTP 0
05-22 10:51:03.400 I/QueryController(15089): Matched selector: UiSelector[TEXT=2 ABC, CLASS=android.widget.Button, PACKAGE NAME=android] <<==>> [android.view.accessibility.AccessibilityNodeInfo@5eba77; boundsInParent: Rect(0, 0 - 203, 123); boundsInScreen: Rect(258, 569 - 461, 692); packageName: android; className: android.widget.Button; text: 2 ABC; contentDescription: Dot.; viewIdResName: android:id/key2; checkable: false; checked: false; focusable: true; focused: false; selected: false; clickable: true; longClickable: false; enabled: true; password: false; scrollable: false; [ACTION_FOCUS, ACTION_SELECT, ACTION_CLEAR_SELECTION, ACTION_CLICK, ACTION_ACCESSIBILITY_FOCUS, ACTION_NEXT_AT_MOVEMENT_GRANULARITY, ACTION_PREVIOUS_AT_MOVEMENT_GRANULARITY, ACTION_SET_SELECTION]]
05-22 10:51:03.400 D/InteractionController(15089): clickAndSync(359, 630)
05-22 10:51:03.775 D/MDM :   (14465): [null:-1]->statusCode : 200
05-22 10:51:03.775 D/MDM :   (14465): [null:-1]->statusCode : 200
05-22 10:51:03.775 V/DEBUG   (14465): HTTP 1
05-22 10:51:03.783 D/MDM :   (14465): [null:-1]->Get joson string: 
05-22 10:51:03.783 D/MdmDatabaseHelper(14465): [null:-1]->update command d1e883cd-29c8-4808-9391-32b56de7f058 to status executed
05-22 10:51:03.814 D/NetworkThread(14465): [null:-1]->clear mCurrentTransInfo
05-22 10:51:03.814 D/NetworkThread(14465): [null:-1]->queue is empty, thread wait...
05-22 10:51:03.885 D/MdmService(14465): [null:-1]->handleCheckInResult
05-22 10:51:03.885 D/MdmService(14465): [null:-1]->handleCheckInResult result keyIndex: 3
05-22 10:51:03.885 D/HandleCommandTask(14465): [null:-1]->execute command msg but beanBase is null
05-22 10:51:03.885 D/MdmStatusManager(14465): [null:-1]->change status to : Idle
05-22 10:51:04.978 D/dalvikvm(15159): Late-enabling CheckJNI
05-22 10:51:04.978 I/ActivityManager(  374): Start proc com.pekall.emdm.launcher:remote for service com.pekall.emdm.launcher/com.baidu.location.f: pid=15159 uid=10066 gids={50066, 1015, 3002, 3001, 3003, 1028}
05-22 10:51:05.025 V/MyServiceConnection(15159): [SConnection] sandbox service is NOT installed.
05-22 10:51:05.033 V/MyServiceConnection(15159): [SConnection] binding service: pekall.intent.action.SANDBOX_SERVICE
05-22 10:51:05.033 D/ScClassLoader(15159): >> SOURCE FILE: /data/data/com.pekall.emdm.launcher/app_jars/sc-jdk15on-1.47.0.2.dex.jar
05-22 10:51:05.072 W/Parcel  ( 1661): Attempt to read object from Parcel 0x5ec3bdac at offset 200 that is not in the object list
05-22 10:51:05.080 W/Parcel  ( 1661): Attempt to read object from Parcel 0x5dfd3dac at offset 200 that is not in the object list
05-22 10:51:05.080 D/Email   (15159): Email: init sandbox at the beginning.
05-22 10:51:05.080 V/MyServiceConnection(15159): [SConnection] retry to bind service
05-22 10:51:05.080 V/MyServiceConnection(15159): [SConnection] sandbox service is NOT installed.
05-22 10:51:05.080 V/MyServiceConnection(15159): [SConnection] binding service: pekall.intent.action.SANDBOX_SERVICE
05-22 10:51:05.088 D/dalvikvm(15159): GC_CONCURRENT freed 114K, 2% free 9319K/9472K, paused 2ms+5ms, total 41ms
05-22 10:51:05.088 D/dalvikvm(15159): WAIT_FOR_CONCURRENT_GC blocked 1ms
05-22 10:51:05.096 D/dalvikvm(15159): WAIT_FOR_CONCURRENT_GC blocked 3ms
05-22 10:51:05.096 D/dalvikvm(15159): WAIT_FOR_CONCURRENT_GC blocked 6ms
05-22 10:51:05.103 V/MyServiceConnection(15159): [SConnection] retry to bind service
05-22 10:51:05.103 V/MyServiceConnection(15159): [SConnection] sandbox service is NOT installed.
05-22 10:51:05.103 V/MyServiceConnection(15159): [SConnection] binding service: pekall.intent.action.SANDBOX_SERVICE
05-22 10:51:05.111 V/l       (15159): Bind requested for task setLogging
05-22 10:51:05.166 D/dalvikvm(15159): GC_CONCURRENT freed 218K, 3% free 9564K/9824K, paused 4ms+4ms, total 33ms
05-22 10:51:05.197 D/ActivityThread(15159): Loading provider com.pekall.semail.provider;com.pekall.semail.notifier: com.pekall.semail.provider.EmailProvider
05-22 10:51:05.205 W/DocumentManager(15159): Sandbox service is not connected.
05-22 10:51:05.205 D/MessageControllerImpl(15159): controller is null
05-22 10:51:05.205 V/MyServiceConnection(15159): [SConnection] retry to bind service
05-22 10:51:05.205 V/MyServiceConnection(15159): [SConnection] sandbox service is NOT installed.
05-22 10:51:05.205 V/MyServiceConnection(15159): [SConnection] binding service: pekall.intent.action.SANDBOX_SERVICE
05-22 10:51:05.205 W/SQLiteOpenHelper(15159): Opened /data/data/com.pekall.emdm.launcher/databases/message.db
05-22 10:51:05.205 W/dalvikvm(15159): No implementation found for native Lcom/pekall/sandbox/database/sqlite/SQLiteDatabase;.native_setSqliteSoftHeapLimit:(I)V
05-22 10:51:05.205 D/AndroidRuntime(15159): Shutting down VM
05-22 10:51:05.205 D/ActivityThread(15159): Loading provider com.pekall.semail.provider;com.pekall.semail.notifier: com.pekall.semail.provider.EmailProvider
05-22 10:51:05.213 W/dalvikvm(15159): threadid=1: thread exiting with uncaught exception (group=0x419c8700)
05-22 10:51:05.213 D/        (15159): [---null: -1---]  Thread is main
05-22 10:51:05.213 W/System.err(15159): java.lang.UnsatisfiedLinkError: Native method not found: com.pekall.sandbox.database.sqlite.SQLiteDatabase.native_setSqliteSoftHeapLimit:(I)V
05-22 10:51:05.213 W/System.err(15159): 	at com.pekall.sandbox.database.sqlite.SQLiteDatabase.native_setSqliteSoftHeapLimit(Native Method)
05-22 10:51:05.213 W/System.err(15159): 	at com.pekall.sandbox.database.sqlite.SQLiteDatabase.<init>(Unknown Source)
05-22 10:51:05.213 W/System.err(15159): 	at com.pekall.sandbox.database.sqlite.SQLiteDatabase.openDatabase(Unknown Source)
05-22 10:51:05.213 W/System.err(15159): 	at com.pekall.sandbox.database.sqlite.SQLiteDatabase.openDatabase(Unknown Source)
05-22 10:51:05.213 W/System.err(15159): 	at com.pekall.sandbox.database.sqlite.SQLiteDatabase.openDatabase(Unknown Source)
05-22 10:51:05.213 W/System.err(15159): 	at com.pekall.sandbox.database.sqlite.SQLiteOpenHelper.getWritableDatabase(Unknown Source)
05-22 10:51:05.213 W/System.err(15159): 	at com.pekall.emdm.messagecenter.db.a.a(Unknown Source)
05-22 10:51:05.213 W/System.err(15159): 	at com.pekall.emdm.messagecenter.db.a.b(Unknown Source)
05-22 10:51:05.213 W/System.err(15159): 	at com.pekall.emdm.messagecenter.activity.a.onCreate(Unknown Source)
05-22 10:51:05.213 W/System.err(15159): 	at com.pekall.emdm.launcher.LauncherApplication.onCreate(Unknown Source)
05-22 10:51:05.213 W/System.err(15159): 	at android.app.Instrumentation.callApplicationOnCreate(Instrumentation.java:1007)
05-22 10:51:05.213 W/System.err(15159): 	at android.app.ActivityThread.handleBindApplication(ActivityThread.java:4444)
05-22 10:51:05.213 W/System.err(15159): 	at android.app.ActivityThread.access$1300(ActivityThread.java:141)
05-22 10:51:05.213 W/System.err(15159): 	at android.app.ActivityThread$H.handleMessage(ActivityThread.java:1316)
05-22 10:51:05.213 W/System.err(15159): 	at android.os.Handler.dispatchMessage(Handler.java:99)
05-22 10:51:05.213 W/System.err(15159): 	at android.os.Looper.loop(Looper.java:137)
05-22 10:51:05.213 W/System.err(15159): 	at android.app.ActivityThread.main(ActivityThread.java:5103)
05-22 10:51:05.221 W/System.err(15159): 	at java.lang.reflect.Method.invokeNative(Native Method)
05-22 10:51:05.221 W/System.err(15159): 	at java.lang.reflect.Method.invoke(Method.java:525)
05-22 10:51:05.221 W/System.err(15159): 	at com.android.internal.os.ZygoteInit$MethodAndArgsCaller.run(ZygoteInit.java:737)
05-22 10:51:05.221 W/System.err(15159): 	at com.android.internal.os.ZygoteInit.main(ZygoteInit.java:553)
05-22 10:51:05.221 W/System.err(15159): 	at dalvik.system.NativeStart.main(Native Method)
05-22 10:51:05.283 D/dalvikvm(15159): GC_CONCURRENT freed 502K, 6% free 9479K/10024K, paused 3ms+3ms, total 28ms
05-22 10:51:05.838 W/EmailProvider(15159): restoreIfNeeded...
05-22 10:51:06.056 D/EmailProvider(15159): restoreAccounts...
05-22 10:51:06.471 D/EmailProvider(15159): No accounts to restore...
05-22 10:51:06.494 D/EmailProvider(15159): Deleting orphans...
05-22 10:51:06.502 W/InteractionController(15089): runAndwaitForEvent timedout waiting for events
05-22 10:51:06.533 I/QueryController(15089): Matched selector: UiSelector[TEXT=3 DEF, CLASS=android.widget.Button, PACKAGE NAME=android] <<==>> [android.view.accessibility.AccessibilityNodeInfo@5ebe38; boundsInParent: Rect(0, 0 - 203, 123); boundsInScreen: Rect(461, 569 - 664, 692); packageName: android; className: android.widget.Button; text: 3 DEF; contentDescription: Dot.; viewIdResName: android:id/key3; checkable: false; checked: false; focusable: true; focused: false; selected: false; clickable: true; longClickable: false; enabled: true; password: false; scrollable: false; [ACTION_FOCUS, ACTION_SELECT, ACTION_CLEAR_SELECTION, ACTION_CLICK, ACTION_ACCESSIBILITY_FOCUS, ACTION_NEXT_AT_MOVEMENT_GRANULARITY, ACTION_PREVIOUS_AT_MOVEMENT_GRANULARITY, ACTION_SET_SELECTION]]
05-22 10:51:06.533 D/InteractionController(15089): clickAndSync(562, 630)
05-22 10:51:06.697 D/EmailProvider(15159): EmailProvider pre-caching...
05-22 10:51:07.463 D/EmailProvider(15159): EmailProvider ready.
05-22 10:51:07.721 I/Email   (15159): Notifications being toggled: false
05-22 10:51:07.721 W/ActivityManager(  374): Unable to start service Intent { cmp=com.pekall.emdm.launcher/com.pekall.semail.service.AttachmentDownloadService } U=0: not found
05-22 10:51:08.869 D/dalvikvm( 1661): GC_EXPLICIT freed 77K, 18% free 13048K/15888K, paused 2ms+11ms, total 97ms
05-22 10:51:09.642 W/InteractionController(15089): runAndwaitForEvent timedout waiting for events
05-22 10:51:09.681 I/QueryController(15089): Matched selector: UiSelector[TEXT=4 GHI, CLASS=android.widget.Button, PACKAGE NAME=android] <<==>> [android.view.accessibility.AccessibilityNodeInfo@5ec1f9; boundsInParent: Rect(0, 0 - 202, 123); boundsInScreen: Rect(56, 692 - 258, 815); packageName: android; className: android.widget.Button; text: 4 GHI; contentDescription: Dot.; viewIdResName: android:id/key4; checkable: false; checked: false; focusable: true; focused: false; selected: false; clickable: true; longClickable: false; enabled: true; password: false; scrollable: false; [ACTION_FOCUS, ACTION_SELECT, ACTION_CLEAR_SELECTION, ACTION_CLICK, ACTION_ACCESSIBILITY_FOCUS, ACTION_NEXT_AT_MOVEMENT_GRANULARITY, ACTION_PREVIOUS_AT_MOVEMENT_GRANULARITY, ACTION_SET_SELECTION]]
05-22 10:51:09.681 D/InteractionController(15089): clickAndSync(157, 753)
05-22 10:51:12.791 W/InteractionController(15089): runAndwaitForEvent timedout waiting for events
