--------- beginning of /dev/log/system
05-22 14:40:05.062 W/ActivityManager(  375): Killing ProcessRecord{429f78e0 3879:com.pekall.emdm.launcher:remote/u0a10066}: background ANR
05-22 14:40:05.101 I/ActivityManager(  375): Process com.pekall.emdm.launcher:remote (pid 3879) has died.
05-22 14:40:05.101 W/ActivityManager(  375): Scheduling restart of crashed service com.pekall.emdm.launcher/com.baidu.location.f in 80000ms
05-22 14:40:05.788 I/ActivityManager(  375): No longer want com.google.android.calendar (pid 1329): empty #17
05-22 14:40:07.656 I/ActivityManager(  375): No longer want com.google.android.apps.maps:LocationFriendService (pid 1831): empty #17
05-22 14:40:43.101 W/DevicePolicyManagerService(  375): setPasswordExpiration(): password will expire on May 22, 2014 2:40:43 PM
05-22 14:40:49.538 I/PowerManagerService(  375): Going to sleep due to screen timeout...
05-22 14:40:50.132 W/DevicePolicyManagerService(  375): setPasswordExpiration(): password will expire on May 22, 2014 2:40:50 PM
05-22 14:40:52.038 I/PowerManagerService(  375): Waking up from sleep...
05-22 14:40:52.124 I/WindowManager(  375): Lock screen displayed!
05-22 14:40:57.187 W/MountService(  375): getVolumeState(/storage/emulated/0/external_sd): Unknown volume
05-22 14:40:57.187 W/MountService(  375): getVolumeState(/mnt/sdcard-ext): Unknown volume
05-22 14:40:57.187 W/MountService(  375): getVolumeState(/mnt/ext_sdcard): Unknown volume
05-22 14:40:57.187 W/MountService(  375): getVolumeState(/mnt/sdcard2): Unknown volume
05-22 14:40:57.187 W/MountService(  375): getVolumeState(/mnt/emmc): Unknown volume
05-22 14:40:57.195 W/MountService(  375): getVolumeState(/mnt/extSdCard): Unknown volume
05-22 14:40:57.195 W/MountService(  375): getVolumeState(/mnt/sdcard/SD_CARD): Unknown volume
05-22 14:40:57.195 W/MountService(  375): getVolumeState(/mnt/sdcard/extra_sd): Unknown volume
05-22 14:40:57.195 W/MountService(  375): getVolumeState(/mnt/extrasd_bind): Unknown volume
05-22 14:40:57.202 W/MountService(  375): getVolumeState(/mnt/sdcard/ext_sd): Unknown volume
05-22 14:40:57.202 W/MountService(  375): getVolumeState(/storage/extSdCard): Unknown volume
05-22 14:40:57.202 W/MountService(  375): getVolumeState(/storage/sdcard1): Unknown volume
05-22 14:40:57.202 W/MountService(  375): getVolumeState(/mnt/sdcard/external_SD): Unknown volume
05-22 14:40:57.202 W/MountService(  375): getVolumeState(/mnt/sdcard/external_sd): Unknown volume
05-22 14:40:57.491 W/MountService(  375): getVolumeState(/storage/emulated/0/external_sd): Unknown volume
05-22 14:40:57.491 W/MountService(  375): getVolumeState(/mnt/sdcard-ext): Unknown volume
05-22 14:40:57.491 W/MountService(  375): getVolumeState(/mnt/ext_sdcard): Unknown volume
05-22 14:40:57.499 W/MountService(  375): getVolumeState(/mnt/sdcard2): Unknown volume
05-22 14:40:57.499 W/MountService(  375): getVolumeState(/mnt/emmc): Unknown volume
05-22 14:40:57.499 W/MountService(  375): getVolumeState(/mnt/extSdCard): Unknown volume
05-22 14:40:57.499 W/MountService(  375): getVolumeState(/mnt/sdcard/SD_CARD): Unknown volume
05-22 14:40:57.499 W/MountService(  375): getVolumeState(/mnt/sdcard/extra_sd): Unknown volume
05-22 14:40:57.499 W/MountService(  375): getVolumeState(/mnt/extrasd_bind): Unknown volume
05-22 14:40:57.499 W/MountService(  375): getVolumeState(/mnt/sdcard/ext_sd): Unknown volume
05-22 14:40:57.499 W/MountService(  375): getVolumeState(/storage/extSdCard): Unknown volume
05-22 14:40:57.499 W/MountService(  375): getVolumeState(/storage/sdcard1): Unknown volume
05-22 14:40:57.523 W/MountService(  375): getVolumeState(/mnt/sdcard/external_SD): Unknown volume
05-22 14:40:57.523 W/MountService(  375): getVolumeState(/mnt/sdcard/external_sd): Unknown volume
05-22 14:41:13.421 D/PhoneStatusBar(  450): disable: < expand* icons alerts ticker* system_info BACK HOME recent* CLOCK search* >
05-22 14:41:13.491 D/PhoneStatusBar(  450): disable: < expand icons alerts ticker system_info back* home* recent clock* search >
05-22 14:41:14.241 W/InputMethodManagerService(  375): Window already focused, ignoring focus gain of: com.android.internal.view.IInputMethodClient$Stub$Proxy@42ac38c0 attribute=android.view.inputmethod.EditorInfo@42ac38d0, token = android.os.BinderProxy@425112e0
05-22 14:41:15.093 I/ActivityManager(  375): START u0 {flg=0x10000000 cmp=com.pekall.emdm.launcher/.ui.BackPersonalActivity} from pid 3216
05-22 14:41:15.241 I/ActivityManager(  375): START u0 {flg=0x10200000 cmp=com.android.launcher/com.android.launcher2.Launcher} from pid 3216
05-22 14:41:15.249 W/ActivityManager(  375): Duplicate finish request for ActivityRecord{42ac5c48 u0 com.pekall.emdm.launcher/.ui.BackPersonalActivity}
05-22 14:41:18.773 V/PanelView(  450): animationTick called with dtms=0; nothing to do (h=0.0 v=4000.0)
05-22 14:41:24.702 I/ActivityManager(  375): START u0 {act=android.app.action.SET_NEW_PASSWORD cmp=com.android.settings/.ChooseLockGeneric bnds=[0,242][720,370]} from pid -1
05-22 14:41:24.702 W/ActivityManager(  375): startActivity called from non-Activity context; forcing Intent.FLAG_ACTIVITY_NEW_TASK for: Intent { act=android.app.action.SET_NEW_PASSWORD flg=0x800000 cmp=com.android.settings/.ChooseLockGeneric bnds=[0,242][720,370] }
05-22 14:41:24.859 V/PanelView(  450): animationTick called with dtms=0; nothing to do (h=1184.0 v=-4000.0)
05-22 14:41:24.898 I/ActivityManager(  375): START u0 {cmp=com.android.settings/.ConfirmLockPassword} from pid 1719
05-22 14:41:25.116 I/ActivityManager(  375): Start proc com.pekall.emdm.launcher:remote for service com.pekall.emdm.launcher/com.baidu.location.f: pid=4069 uid=10066 gids={50066, 1015, 3002, 3001, 3003, 1028}
05-22 14:41:25.827 D/ActivityThread( 4069): Loading provider com.pekall.semail.provider;com.pekall.semail.notifier: com.pekall.semail.provider.EmailProvider
05-22 14:41:25.866 D/ActivityThread( 4069): Loading provider com.pekall.semail.provider;com.pekall.semail.notifier: com.pekall.semail.provider.EmailProvider
05-22 14:41:33.726 I/ActivityManager(  375): START u0 {flg=0x2000000 cmp=com.android.settings/.ChooseLockPassword (has extras)} from pid 1719
05-22 14:41:45.171 W/ActivityManager(  375): Timeout executing service: ServiceRecord{428ef990 u0 com.pekall.emdm.launcher/com.baidu.location.f}
05-22 14:41:47.991 E/ActivityManager(  375): ANR in com.pekall.emdm.launcher:remote
05-22 14:41:47.991 E/ActivityManager(  375): Reason: Executing service com.pekall.emdm.launcher/com.baidu.location.f
05-22 14:41:47.991 E/ActivityManager(  375): Load: 2.59 / 2.88 / 2.18
05-22 14:41:47.991 E/ActivityManager(  375): CPU usage from 8072ms to 1974ms ago with 99% awake:
05-22 14:41:47.991 E/ActivityManager(  375):   92% 4069/com.pekall.emdm.launcher:remote: 92% user + 0% kernel
05-22 14:41:47.991 E/ActivityManager(  375):   91% 3216/com.pekall.emdm.launcher: 91% user + 0% kernel
05-22 14:41:47.991 E/ActivityManager(  375):   6.8% 1719/com.android.settings: 5.9% user + 0.9% kernel / faults: 328 minor
05-22 14:41:47.991 E/ActivityManager(  375):   2.7% 375/system_server: 1.8% user + 0.9% kernel / faults: 131 minor
05-22 14:41:47.991 E/ActivityManager(  375):   1.9% 527/com.google.android.inputmethod.latin: 1.6% user + 0.3% kernel / faults: 242 minor
05-22 14:41:47.991 E/ActivityManager(  375):   1.1% 127/mediaserver: 0.1% user + 0.9% kernel / faults: 1 minor
05-22 14:41:47.991 E/ActivityManager(  375):   0.9% 124/surfaceflinger: 0.6% user + 0.3% kernel
05-22 14:41:47.991 E/ActivityManager(  375):   0.8% 4054/uiautomator: 0.4% user + 0.3% kernel / faults: 118 minor
05-22 14:41:47.991 E/ActivityManager(  375):   0% 3/ksoftirqd/0: 0% user + 0% kernel
05-22 14:41:47.991 E/ActivityManager(  375):   0.1% 5/kworker/u:0: 0% user + 0.1% kernel
05-22 14:41:47.991 E/ActivityManager(  375):   0% 65/kworker/1:1: 0% user + 0% kernel
05-22 14:41:47.991 E/ActivityManager(  375):   0.1% 121/netd: 0% user + 0.1% kernel
05-22 14:41:47.991 E/ActivityManager(  375):   0.1% 450/com.android.systemui: 0% user + 0.1% kernel / faults: 5 minor
05-22 14:41:47.991 E/ActivityManager(  375):   0.1% 3028/kworker/u:3: 0% user + 0.1% kernel
05-22 14:41:47.991 E/ActivityManager(  375):   0.1% 3099/kworker/u:4: 0% user + 0.1% kernel
05-22 14:41:47.991 E/ActivityManager(  375):   0.1% 3864/kworker/0:1: 0% user + 0.1% kernel
05-22 14:41:47.991 E/ActivityManager(  375): 100% TOTAL: 98% user + 1.6% kernel
05-22 14:41:47.991 E/ActivityManager(  375): CPU usage from 2066ms to 2588ms later with 99% awake:
05-22 14:41:47.991 E/ActivityManager(  375):   98% 3216/com.pekall.emdm.launcher: 98% user + 0% kernel
05-22 14:41:47.991 E/ActivityManager(  375):     98% 3229/Thread-183: 98% user + 0% kernel
05-22 14:41:47.991 E/ActivityManager(  375):   94% 4069/com.pekall.emdm.launcher:remote: 94% user + 0% kernel
05-22 14:41:47.991 E/ActivityManager(  375):     94% 4082/Thread-222: 94% user + 0% kernel
05-22 14:41:47.991 E/ActivityManager(  375):   5.7% 375/system_server: 1.9% user + 3.8% kernel / faults: 1 minor
05-22 14:41:47.991 E/ActivityManager(  375):     3.8% 391/ActivityManager: 0% user + 3.8% kernel
05-22 14:41:47.991 E/ActivityManager(  375): 100% TOTAL: 98% user + 1.9% kernel
05-22 14:41:47.999 W/ActivityManager(  375): Killing ProcessRecord{42661930 4069:com.pekall.emdm.launcher:remote/u0a10066}: background ANR
05-22 14:41:48.023 I/ActivityManager(  375): Process com.pekall.emdm.launcher:remote (pid 4069) has died.
05-22 14:41:48.023 W/ActivityManager(  375): Scheduling restart of crashed service com.pekall.emdm.launcher/com.baidu.location.f in 320000ms
05-22 14:41:54.304 I/PowerManagerService(  375): Going to sleep by user request...
05-22 14:41:54.312 I/PowerManagerService(  375): Waking up from sleep...
05-22 14:41:54.570 D/PhoneStatusBar(  450): disable: < EXPAND* icons alerts TICKER* system_info back home RECENT* clock SEARCH* >
05-22 14:41:54.726 D/PhoneStatusBar(  450): disable: < EXPAND icons alerts TICKER system_info BACK* HOME* RECENT CLOCK* SEARCH >
05-22 14:41:55.077 I/WindowManager(  375): Lock screen displayed!
05-22 14:41:57.226 W/MountService(  375): getVolumeState(/storage/emulated/0/external_sd): Unknown volume
05-22 14:41:57.226 W/MountService(  375): getVolumeState(/mnt/sdcard-ext): Unknown volume
05-22 14:41:57.226 W/MountService(  375): getVolumeState(/mnt/ext_sdcard): Unknown volume
05-22 14:41:57.226 W/MountService(  375): getVolumeState(/mnt/sdcard2): Unknown volume
05-22 14:41:57.226 W/MountService(  375): getVolumeState(/mnt/emmc): Unknown volume
05-22 14:41:57.226 W/MountService(  375): getVolumeState(/mnt/extSdCard): Unknown volume
05-22 14:41:57.226 W/MountService(  375): getVolumeState(/mnt/sdcard/SD_CARD): Unknown volume
05-22 14:41:57.226 W/MountService(  375): getVolumeState(/mnt/sdcard/extra_sd): Unknown volume
05-22 14:41:57.226 W/MountService(  375): getVolumeState(/mnt/extrasd_bind): Unknown volume
05-22 14:41:57.226 W/MountService(  375): getVolumeState(/mnt/sdcard/ext_sd): Unknown volume
05-22 14:41:57.226 W/MountService(  375): getVolumeState(/storage/extSdCard): Unknown volume
05-22 14:41:57.226 W/MountService(  375): getVolumeState(/storage/sdcard1): Unknown volume
05-22 14:41:57.226 W/MountService(  375): getVolumeState(/mnt/sdcard/external_SD): Unknown volume
05-22 14:41:57.234 W/MountService(  375): getVolumeState(/mnt/sdcard/external_sd): Unknown volume
05-22 14:41:57.460 W/MountService(  375): getVolumeState(/storage/emulated/0/external_sd): Unknown volume
05-22 14:41:57.460 W/MountService(  375): getVolumeState(/mnt/sdcard-ext): Unknown volume
05-22 14:41:57.460 W/MountService(  375): getVolumeState(/mnt/ext_sdcard): Unknown volume
05-22 14:41:57.460 W/MountService(  375): getVolumeState(/mnt/sdcard2): Unknown volume
05-22 14:41:57.460 W/MountService(  375): getVolumeState(/mnt/emmc): Unknown volume
05-22 14:41:57.460 W/MountService(  375): getVolumeState(/mnt/extSdCard): Unknown volume
05-22 14:41:57.460 W/MountService(  375): getVolumeState(/mnt/sdcard/SD_CARD): Unknown volume
05-22 14:41:57.460 W/MountService(  375): getVolumeState(/mnt/sdcard/extra_sd): Unknown volume
05-22 14:41:57.460 W/MountService(  375): getVolumeState(/mnt/extrasd_bind): Unknown volume
05-22 14:41:57.460 W/MountService(  375): getVolumeState(/mnt/sdcard/ext_sd): Unknown volume
05-22 14:41:57.460 W/MountService(  375): getVolumeState(/storage/extSdCard): Unknown volume
05-22 14:41:57.460 W/MountService(  375): getVolumeState(/storage/sdcard1): Unknown volume
05-22 14:41:57.460 W/MountService(  375): getVolumeState(/mnt/sdcard/external_SD): Unknown volume
05-22 14:41:57.468 W/MountService(  375): getVolumeState(/mnt/sdcard/external_sd): Unknown volume
05-22 14:41:59.038 D/PhoneStatusBar(  450): disable: < expand* icons alerts ticker* system_info BACK HOME recent* CLOCK search* >
05-22 14:41:59.101 D/PhoneStatusBar(  450): disable: < expand icons alerts ticker system_info back* home* recent clock* search >
05-22 14:42:23.874 I/PowerManagerService(  375): Going to sleep by user request...
05-22 14:42:26.124 I/PowerManagerService(  375): Waking up from sleep...
05-22 14:42:26.132 I/WindowManager(  375): No lock screen!
05-22 14:42:56.913 I/ActivityManager(  375): START u0 {act=android.intent.action.MAIN cat=[android.intent.category.LAUNCHER] flg=0x10200000 cmp=com.google.android.gallery3d/com.android.camera.CameraLauncher} from pid 1150
05-22 14:42:57.382 W/MountService(  375): getVolumeState(/storage/emulated/0/external_sd): Unknown volume
05-22 14:42:57.382 W/MountService(  375): getVolumeState(/mnt/sdcard-ext): Unknown volume
05-22 14:42:57.382 W/MountService(  375): getVolumeState(/mnt/ext_sdcard): Unknown volume
05-22 14:42:57.382 W/MountService(  375): getVolumeState(/mnt/sdcard2): Unknown volume
05-22 14:42:57.382 W/MountService(  375): getVolumeState(/mnt/emmc): Unknown volume
05-22 14:42:57.390 W/MountService(  375): getVolumeState(/mnt/extSdCard): Unknown volume
05-22 14:42:57.390 W/MountService(  375): getVolumeState(/mnt/sdcard/SD_CARD): Unknown volume
05-22 14:42:57.390 W/MountService(  375): getVolumeState(/mnt/sdcard/extra_sd): Unknown volume
05-22 14:42:57.390 W/MountService(  375): getVolumeState(/mnt/extrasd_bind): Unknown volume
05-22 14:42:57.390 W/MountService(  375): getVolumeState(/mnt/sdcard/ext_sd): Unknown volume
05-22 14:42:57.390 W/MountService(  375): getVolumeState(/storage/extSdCard): Unknown volume
05-22 14:42:57.390 W/MountService(  375): getVolumeState(/storage/sdcard1): Unknown volume
05-22 14:42:57.390 W/MountService(  375): getVolumeState(/mnt/sdcard/external_SD): Unknown volume
05-22 14:42:57.421 W/MountService(  375): getVolumeState(/mnt/sdcard/external_sd): Unknown volume
05-22 14:42:58.038 W/MountService(  375): getVolumeState(/storage/emulated/0/external_sd): Unknown volume
05-22 14:42:58.046 W/MountService(  375): getVolumeState(/mnt/sdcard-ext): Unknown volume
05-22 14:42:58.046 W/MountService(  375): getVolumeState(/mnt/ext_sdcard): Unknown volume
05-22 14:42:58.046 W/MountService(  375): getVolumeState(/mnt/sdcard2): Unknown volume
05-22 14:42:58.046 W/MountService(  375): getVolumeState(/mnt/emmc): Unknown volume
05-22 14:42:58.046 W/MountService(  375): getVolumeState(/mnt/extSdCard): Unknown volume
05-22 14:42:58.062 W/MountService(  375): getVolumeState(/mnt/sdcard/SD_CARD): Unknown volume
05-22 14:42:58.062 W/MountService(  375): getVolumeState(/mnt/sdcard/extra_sd): Unknown volume
05-22 14:42:58.062 W/MountService(  375): getVolumeState(/mnt/extrasd_bind): Unknown volume
05-22 14:42:58.062 W/MountService(  375): getVolumeState(/mnt/sdcard/ext_sd): Unknown volume
05-22 14:42:58.062 W/MountService(  375): getVolumeState(/storage/extSdCard): Unknown volume
05-22 14:42:58.062 W/MountService(  375): getVolumeState(/storage/sdcard1): Unknown volume
05-22 14:42:58.070 W/MountService(  375): getVolumeState(/mnt/sdcard/external_SD): Unknown volume
05-22 14:42:58.070 W/MountService(  375): getVolumeState(/mnt/sdcard/external_sd): Unknown volume
05-22 14:42:59.601 I/WindowManager(  375): Screenshot Window{42c4b698 u0 com.google.android.gallery3d/com.android.camera.CameraLauncher} was all black! mSurfaceLayer=21020 minLayer=21020 maxLayer=21020
05-22 14:43:07.710 I/ActivityManager(  375): START u0 {act=android.intent.action.MAIN cat=[android.intent.category.LAUNCHER] flg=0x10200000 cmp=com.google.android.gallery3d/com.android.camera.CameraLauncher} from pid 1150
05-22 14:43:09.554 I/WindowManager(  375): Screenshot Window{427a2fc0 u0 com.google.android.gallery3d/com.android.camera.CameraLauncher} was all black! mSurfaceLayer=21020 minLayer=21020 maxLayer=21020
05-22 14:43:17.554 I/ActivityManager(  375): START u0 {act=android.intent.action.MAIN cat=[android.intent.category.LAUNCHER] flg=0x10200000 cmp=com.google.android.gallery3d/com.android.camera.CameraLauncher} from pid 1150
05-22 14:43:19.554 I/WindowManager(  375): Screenshot Window{428fa608 u0 com.google.android.gallery3d/com.android.camera.CameraLauncher} was all black! mSurfaceLayer=21020 minLayer=21020 maxLayer=21020
05-22 14:43:27.054 I/ActivityManager(  375): START u0 {act=android.intent.action.MAIN cat=[android.intent.category.LAUNCHER] flg=0x10200000 cmp=com.google.android.gallery3d/com.android.camera.CameraLauncher} from pid 1150
05-22 14:43:28.773 I/WindowManager(  375): Screenshot Window{42a940c0 u0 com.google.android.gallery3d/com.android.camera.CameraLauncher} was all black! mSurfaceLayer=21020 minLayer=21020 maxLayer=21020
05-22 14:43:36.741 I/ActivityManager(  375): START u0 {act=android.intent.action.MAIN cat=[android.intent.category.LAUNCHER] flg=0x10200000 cmp=com.google.android.gallery3d/com.android.camera.CameraLauncher} from pid 1150
05-22 14:43:38.531 I/WindowManager(  375): Screenshot Window{429176f8 u0 com.google.android.gallery3d/com.android.camera.CameraLauncher} was all black! mSurfaceLayer=21020 minLayer=21020 maxLayer=21020
05-22 14:43:46.577 I/ActivityManager(  375): START u0 {act=android.intent.action.MAIN cat=[android.intent.category.LAUNCHER] flg=0x10200000 cmp=com.google.android.gallery3d/com.android.camera.CameraLauncher} from pid 1150
05-22 14:43:48.413 I/WindowManager(  375): Screenshot Window{42767080 u0 com.google.android.gallery3d/com.android.camera.CameraLauncher} was all black! mSurfaceLayer=21020 minLayer=21020 maxLayer=21020
05-22 14:43:56.406 I/ActivityManager(  375): START u0 {act=android.intent.action.MAIN cat=[android.intent.category.LAUNCHER] flg=0x10200000 cmp=com.google.android.gallery3d/com.android.camera.CameraLauncher} from pid 1150
05-22 14:43:57.413 W/MountService(  375): getVolumeState(/storage/emulated/0/external_sd): Unknown volume
05-22 14:43:57.413 W/MountService(  375): getVolumeState(/mnt/sdcard-ext): Unknown volume
05-22 14:43:57.429 W/MountService(  375): getVolumeState(/mnt/ext_sdcard): Unknown volume
05-22 14:43:57.429 W/MountService(  375): getVolumeState(/mnt/sdcard2): Unknown volume
05-22 14:43:57.429 W/MountService(  375): getVolumeState(/mnt/emmc): Unknown volume
05-22 14:43:57.429 W/MountService(  375): getVolumeState(/mnt/extSdCard): Unknown volume
05-22 14:43:57.429 W/MountService(  375): getVolumeState(/mnt/sdcard/SD_CARD): Unknown volume
05-22 14:43:57.429 W/MountService(  375): getVolumeState(/mnt/sdcard/extra_sd): Unknown volume
05-22 14:43:57.437 W/MountService(  375): getVolumeState(/mnt/extrasd_bind): Unknown volume
05-22 14:43:57.437 W/MountService(  375): getVolumeState(/mnt/sdcard/ext_sd): Unknown volume
05-22 14:43:57.437 W/MountService(  375): getVolumeState(/storage/extSdCard): Unknown volume
05-22 14:43:57.437 W/MountService(  375): getVolumeState(/storage/sdcard1): Unknown volume
05-22 14:43:57.437 W/MountService(  375): getVolumeState(/mnt/sdcard/external_SD): Unknown volume
05-22 14:43:57.437 W/MountService(  375): getVolumeState(/mnt/sdcard/external_sd): Unknown volume
05-22 14:43:57.781 W/MountService(  375): getVolumeState(/storage/emulated/0/external_sd): Unknown volume
05-22 14:43:57.781 W/MountService(  375): getVolumeState(/mnt/sdcard-ext): Unknown volume
05-22 14:43:57.781 W/MountService(  375): getVolumeState(/mnt/ext_sdcard): Unknown volume
05-22 14:43:57.781 W/MountService(  375): getVolumeState(/mnt/sdcard2): Unknown volume
05-22 14:43:57.781 W/MountService(  375): getVolumeState(/mnt/emmc): Unknown volume
05-22 14:43:57.788 W/MountService(  375): getVolumeState(/mnt/extSdCard): Unknown volume
05-22 14:43:57.788 W/MountService(  375): getVolumeState(/mnt/sdcard/SD_CARD): Unknown volume
05-22 14:43:57.788 W/MountService(  375): getVolumeState(/mnt/sdcard/extra_sd): Unknown volume
05-22 14:43:57.788 W/MountService(  375): getVolumeState(/mnt/extrasd_bind): Unknown volume
05-22 14:43:57.788 W/MountService(  375): getVolumeState(/mnt/sdcard/ext_sd): Unknown volume
05-22 14:43:57.788 W/MountService(  375): getVolumeState(/storage/extSdCard): Unknown volume
05-22 14:43:57.788 W/MountService(  375): getVolumeState(/storage/sdcard1): Unknown volume
05-22 14:43:57.788 W/MountService(  375): getVolumeState(/mnt/sdcard/external_SD): Unknown volume
05-22 14:43:57.788 W/MountService(  375): getVolumeState(/mnt/sdcard/external_sd): Unknown volume
05-22 14:43:58.234 I/WindowManager(  375): Screenshot Window{427f9588 u0 com.google.android.gallery3d/com.android.camera.CameraLauncher} was all black! mSurfaceLayer=21020 minLayer=21020 maxLayer=21020
05-22 14:44:06.257 I/ActivityManager(  375): START u0 {act=android.intent.action.MAIN cat=[android.intent.category.LAUNCHER] flg=0x10200000 cmp=com.google.android.gallery3d/com.android.camera.CameraLauncher} from pid 1150
05-22 14:44:08.062 I/WindowManager(  375): Screenshot Window{42913750 u0 com.google.android.gallery3d/com.android.camera.CameraLauncher} was all black! mSurfaceLayer=21020 minLayer=21020 maxLayer=21020
05-22 14:44:15.976 I/ActivityManager(  375): START u0 {act=android.intent.action.MAIN cat=[android.intent.category.LAUNCHER] flg=0x10200000 cmp=com.google.android.gallery3d/com.android.camera.CameraLauncher} from pid 1150
05-22 14:44:17.726 I/WindowManager(  375): Screenshot Window{42ad4690 u0 com.google.android.gallery3d/com.android.camera.CameraLauncher} was all black! mSurfaceLayer=21020 minLayer=21020 maxLayer=21020
05-22 14:44:25.718 I/ActivityManager(  375): START u0 {act=android.intent.action.MAIN cat=[android.intent.category.LAUNCHER] flg=0x10200000 cmp=com.google.android.gallery3d/com.android.camera.CameraLauncher} from pid 1150
05-22 14:44:27.460 I/WindowManager(  375): Screenshot Window{429176f8 u0 com.google.android.gallery3d/com.android.camera.CameraLauncher} was all black! mSurfaceLayer=21020 minLayer=21020 maxLayer=21020
05-22 14:44:35.484 I/ActivityManager(  375): START u0 {act=android.intent.action.MAIN cat=[android.intent.category.LAUNCHER] flg=0x10200000 cmp=com.google.android.gallery3d/com.android.camera.CameraLauncher} from pid 1150
05-22 14:44:37.327 I/WindowManager(  375): Screenshot Window{427a2fc0 u0 com.google.android.gallery3d/com.android.camera.CameraLauncher} was all black! mSurfaceLayer=21020 minLayer=21020 maxLayer=21020
05-22 14:44:44.812 I/ActivityManager(  375): START u0 {act=android.intent.action.MAIN cat=[android.intent.category.LAUNCHER] flg=0x10200000 cmp=com.google.android.gallery3d/com.android.camera.CameraLauncher} from pid 1150
05-22 14:44:46.531 I/WindowManager(  375): Screenshot Window{428fa608 u0 com.google.android.gallery3d/com.android.camera.CameraLauncher} was all black! mSurfaceLayer=21020 minLayer=21020 maxLayer=21020
05-22 14:44:54.554 I/ActivityManager(  375): START u0 {act=android.intent.action.MAIN cat=[android.intent.category.LAUNCHER] flg=0x10200000 cmp=com.google.android.gallery3d/com.android.camera.CameraLauncher} from pid 1150
05-22 14:44:57.445 W/MountService(  375): getVolumeState(/storage/emulated/0/external_sd): Unknown volume
05-22 14:44:57.445 W/MountService(  375): getVolumeState(/mnt/sdcard-ext): Unknown volume
05-22 14:44:57.445 W/MountService(  375): getVolumeState(/mnt/ext_sdcard): Unknown volume
05-22 14:44:57.445 W/MountService(  375): getVolumeState(/mnt/sdcard2): Unknown volume
05-22 14:44:57.445 W/MountService(  375): getVolumeState(/mnt/emmc): Unknown volume
05-22 14:44:57.445 W/MountService(  375): getVolumeState(/mnt/extSdCard): Unknown volume
05-22 14:44:57.452 W/MountService(  375): getVolumeState(/mnt/sdcard/SD_CARD): Unknown volume
05-22 14:44:57.452 W/MountService(  375): getVolumeState(/mnt/sdcard/extra_sd): Unknown volume
05-22 14:44:57.452 W/MountService(  375): getVolumeState(/mnt/extrasd_bind): Unknown volume
05-22 14:44:57.452 W/MountService(  375): getVolumeState(/mnt/sdcard/ext_sd): Unknown volume
05-22 14:44:57.460 W/MountService(  375): getVolumeState(/storage/extSdCard): Unknown volume
05-22 14:44:57.460 W/MountService(  375): getVolumeState(/storage/sdcard1): Unknown volume
05-22 14:44:57.460 W/MountService(  375): getVolumeState(/mnt/sdcard/external_SD): Unknown volume
05-22 14:44:57.460 W/MountService(  375): getVolumeState(/mnt/sdcard/external_sd): Unknown volume
05-22 14:44:57.757 W/MountService(  375): getVolumeState(/storage/emulated/0/external_sd): Unknown volume
05-22 14:44:57.757 W/MountService(  375): getVolumeState(/mnt/sdcard-ext): Unknown volume
05-22 14:44:57.757 W/MountService(  375): getVolumeState(/mnt/ext_sdcard): Unknown volume
05-22 14:44:57.757 W/MountService(  375): getVolumeState(/mnt/sdcard2): Unknown volume
05-22 14:44:57.757 W/MountService(  375): getVolumeState(/mnt/emmc): Unknown volume
05-22 14:44:57.757 W/MountService(  375): getVolumeState(/mnt/extSdCard): Unknown volume
05-22 14:44:57.757 W/MountService(  375): getVolumeState(/mnt/sdcard/SD_CARD): Unknown volume
05-22 14:44:57.757 W/MountService(  375): getVolumeState(/mnt/sdcard/extra_sd): Unknown volume
05-22 14:44:57.757 W/MountService(  375): getVolumeState(/mnt/extrasd_bind): Unknown volume
05-22 14:44:57.757 W/MountService(  375): getVolumeState(/mnt/sdcard/ext_sd): Unknown volume
05-22 14:44:57.765 W/MountService(  375): getVolumeState(/storage/extSdCard): Unknown volume
05-22 14:44:57.765 W/MountService(  375): getVolumeState(/storage/sdcard1): Unknown volume
05-22 14:44:57.773 W/MountService(  375): getVolumeState(/mnt/sdcard/external_SD): Unknown volume
05-22 14:44:57.773 W/MountService(  375): getVolumeState(/mnt/sdcard/external_sd): Unknown volume
05-22 14:45:25.632 I/WindowManager(  375): Screenshot Window{42a940c0 u0 com.google.android.gallery3d/com.android.camera.CameraLauncher} was all black! mSurfaceLayer=21020 minLayer=21020 maxLayer=21020
05-22 14:45:33.687 I/ActivityManager(  375): START u0 {act=android.intent.action.MAIN cat=[android.intent.category.LAUNCHER] flg=0x10200000 cmp=com.google.android.gallery3d/com.android.camera.CameraLauncher} from pid 1150
05-22 14:45:57.593 W/MountService(  375): getVolumeState(/storage/emulated/0/external_sd): Unknown volume
05-22 14:45:57.593 W/MountService(  375): getVolumeState(/mnt/sdcard-ext): Unknown volume
05-22 14:45:57.593 W/MountService(  375): getVolumeState(/mnt/ext_sdcard): Unknown volume
05-22 14:45:57.593 W/MountService(  375): getVolumeState(/mnt/sdcard2): Unknown volume
05-22 14:45:57.593 W/MountService(  375): getVolumeState(/mnt/emmc): Unknown volume
05-22 14:45:57.593 W/MountService(  375): getVolumeState(/mnt/extSdCard): Unknown volume
05-22 14:45:57.593 W/MountService(  375): getVolumeState(/mnt/sdcard/SD_CARD): Unknown volume
05-22 14:45:57.601 W/MountService(  375): getVolumeState(/mnt/sdcard/extra_sd): Unknown volume
05-22 14:45:57.601 W/MountService(  375): getVolumeState(/mnt/extrasd_bind): Unknown volume
05-22 14:45:57.601 W/MountService(  375): getVolumeState(/mnt/sdcard/ext_sd): Unknown volume
05-22 14:45:57.601 W/MountService(  375): getVolumeState(/storage/extSdCard): Unknown volume
05-22 14:45:57.601 W/MountService(  375): getVolumeState(/storage/sdcard1): Unknown volume
05-22 14:45:57.601 W/MountService(  375): getVolumeState(/mnt/sdcard/external_SD): Unknown volume
05-22 14:45:57.601 W/MountService(  375): getVolumeState(/mnt/sdcard/external_sd): Unknown volume
05-22 14:45:57.851 W/MountService(  375): getVolumeState(/storage/emulated/0/external_sd): Unknown volume
05-22 14:45:57.851 W/MountService(  375): getVolumeState(/mnt/sdcard-ext): Unknown volume
05-22 14:45:57.851 W/MountService(  375): getVolumeState(/mnt/ext_sdcard): Unknown volume
05-22 14:45:57.859 W/MountService(  375): getVolumeState(/mnt/sdcard2): Unknown volume
05-22 14:45:57.859 W/MountService(  375): getVolumeState(/mnt/emmc): Unknown volume
05-22 14:45:57.859 W/MountService(  375): getVolumeState(/mnt/extSdCard): Unknown volume
05-22 14:45:57.859 W/MountService(  375): getVolumeState(/mnt/sdcard/SD_CARD): Unknown volume
05-22 14:45:57.859 W/MountService(  375): getVolumeState(/mnt/sdcard/extra_sd): Unknown volume
05-22 14:45:57.859 W/MountService(  375): getVolumeState(/mnt/extrasd_bind): Unknown volume
05-22 14:45:57.859 W/MountService(  375): getVolumeState(/mnt/sdcard/ext_sd): Unknown volume
05-22 14:45:57.859 W/MountService(  375): getVolumeState(/storage/extSdCard): Unknown volume
05-22 14:45:57.866 W/MountService(  375): getVolumeState(/storage/sdcard1): Unknown volume
05-22 14:45:57.866 W/MountService(  375): getVolumeState(/mnt/sdcard/external_SD): Unknown volume
05-22 14:45:57.866 W/MountService(  375): getVolumeState(/mnt/sdcard/external_sd): Unknown volume
05-22 14:46:03.898 I/WindowManager(  375): Screenshot Window{42ad4690 u0 com.google.android.gallery3d/com.android.camera.CameraLauncher} was all black! mSurfaceLayer=21020 minLayer=21020 maxLayer=21020
05-22 14:46:13.390 I/ActivityManager(  375): START u0 {act=android.intent.action.MAIN cat=[android.intent.category.LAUNCHER] flg=0x10200000 cmp=com.android.settings/.Settings} from pid 1150
05-22 14:46:13.749 D/WifiService(  375): setWifiEnabled: true pid=1719, uid=1000
05-22 14:46:15.343 I/ActivityManager(  375): START u0 {act=android.intent.action.MAIN cmp=com.android.settings/.SubSettings (has extras)} from pid 1719
05-22 14:46:33.827 W/InputMethodManagerService(  375): Starting input on non-focused client com.android.internal.view.IInputMethodClient$Stub$Proxy@42906fc8 (uid=1000 pid=1719)
05-22 14:46:40.976 I/ActivityManager(  375): START u0 {act=android.intent.action.MAIN cat=[android.intent.category.LAUNCHER] flg=0x10200000 cmp=com.android.settings/.Settings} from pid 1150
05-22 14:46:41.312 D/WifiService(  375): setWifiEnabled: true pid=1719, uid=1000
05-22 14:46:42.929 I/ActivityManager(  375): START u0 {act=android.intent.action.MAIN cmp=com.android.settings/.SubSettings (has extras)} from pid 1719
05-22 14:46:57.663 W/MountService(  375): getVolumeState(/storage/emulated/0/external_sd): Unknown volume
05-22 14:46:57.663 W/MountService(  375): getVolumeState(/mnt/sdcard-ext): Unknown volume
05-22 14:46:57.663 W/MountService(  375): getVolumeState(/mnt/ext_sdcard): Unknown volume
05-22 14:46:57.663 W/MountService(  375): getVolumeState(/mnt/sdcard2): Unknown volume
05-22 14:46:57.663 W/MountService(  375): getVolumeState(/mnt/emmc): Unknown volume
05-22 14:46:57.663 W/MountService(  375): getVolumeState(/mnt/extSdCard): Unknown volume
05-22 14:46:57.663 W/MountService(  375): getVolumeState(/mnt/sdcard/SD_CARD): Unknown volume
05-22 14:46:57.663 W/MountService(  375): getVolumeState(/mnt/sdcard/extra_sd): Unknown volume
05-22 14:46:57.663 W/MountService(  375): getVolumeState(/mnt/extrasd_bind): Unknown volume
05-22 14:46:57.663 W/MountService(  375): getVolumeState(/mnt/sdcard/ext_sd): Unknown volume
05-22 14:46:57.663 W/MountService(  375): getVolumeState(/storage/extSdCard): Unknown volume
05-22 14:46:57.663 W/MountService(  375): getVolumeState(/storage/sdcard1): Unknown volume
05-22 14:46:57.663 W/MountService(  375): getVolumeState(/mnt/sdcard/external_SD): Unknown volume
05-22 14:46:57.671 W/MountService(  375): getVolumeState(/mnt/sdcard/external_sd): Unknown volume
05-22 14:46:57.921 W/MountService(  375): getVolumeState(/storage/emulated/0/external_sd): Unknown volume
05-22 14:46:57.921 W/MountService(  375): getVolumeState(/mnt/sdcard-ext): Unknown volume
05-22 14:46:57.921 W/MountService(  375): getVolumeState(/mnt/ext_sdcard): Unknown volume
05-22 14:46:57.921 W/MountService(  375): getVolumeState(/mnt/sdcard2): Unknown volume
05-22 14:46:57.921 W/MountService(  375): getVolumeState(/mnt/emmc): Unknown volume
05-22 14:46:57.921 W/MountService(  375): getVolumeState(/mnt/extSdCard): Unknown volume
05-22 14:46:57.921 W/MountService(  375): getVolumeState(/mnt/sdcard/SD_CARD): Unknown volume
05-22 14:46:57.921 W/MountService(  375): getVolumeState(/mnt/sdcard/extra_sd): Unknown volume
05-22 14:46:57.921 W/MountService(  375): getVolumeState(/mnt/extrasd_bind): Unknown volume
05-22 14:46:57.929 W/MountService(  375): getVolumeState(/mnt/sdcard/ext_sd): Unknown volume
05-22 14:46:57.929 W/MountService(  375): getVolumeState(/storage/extSdCard): Unknown volume
05-22 14:46:57.929 W/MountService(  375): getVolumeState(/storage/sdcard1): Unknown volume
05-22 14:46:57.929 W/MountService(  375): getVolumeState(/mnt/sdcard/external_SD): Unknown volume
05-22 14:46:57.929 W/MountService(  375): getVolumeState(/mnt/sdcard/external_sd): Unknown volume
05-22 14:47:01.390 W/InputMethodManagerService(  375): Starting input on non-focused client com.android.internal.view.IInputMethodClient$Stub$Proxy@42906fc8 (uid=1000 pid=1719)
05-22 14:47:08.038 I/ActivityManager(  375): Start proc com.pekall.emdm.launcher:remote for service com.pekall.emdm.launcher/com.baidu.location.f: pid=4768 uid=10066 gids={50066, 1015, 3002, 3001, 3003, 1028}
05-22 14:47:08.179 D/ActivityThread( 4768): Loading provider com.pekall.semail.provider;com.pekall.semail.notifier: com.pekall.semail.provider.EmailProvider
05-22 14:47:08.226 D/ActivityThread( 4768): Loading provider com.pekall.semail.provider;com.pekall.semail.notifier: com.pekall.semail.provider.EmailProvider
05-22 14:47:08.476 I/ActivityManager(  375): START u0 {act=android.intent.action.MAIN cat=[android.intent.category.LAUNCHER] flg=0x10200000 cmp=com.android.settings/.Settings} from pid 1150
05-22 14:47:08.874 D/WifiService(  375): setWifiEnabled: true pid=1719, uid=1000
05-22 14:47:10.554 I/ActivityManager(  375): START u0 {act=android.intent.action.MAIN cmp=com.android.settings/.SubSettings (has extras)} from pid 1719
05-22 14:47:28.062 W/ActivityManager(  375): Timeout executing service: ServiceRecord{428ef990 u0 com.pekall.emdm.launcher/com.baidu.location.f}
05-22 14:47:30.984 E/ActivityManager(  375): ANR in com.pekall.emdm.launcher:remote
05-22 14:47:30.984 E/ActivityManager(  375): Reason: Executing service com.pekall.emdm.launcher/com.baidu.location.f
05-22 14:47:30.984 E/ActivityManager(  375): Load: 2.24 / 2.4 / 2.18
05-22 14:47:30.984 E/ActivityManager(  375): CPU usage from 9291ms to 0ms ago:
05-22 14:47:30.984 E/ActivityManager(  375):   98% 4768/com.pekall.emdm.launcher:remote: 98% user + 0.1% kernel
05-22 14:47:30.984 E/ActivityManager(  375):   95% 3216/com.pekall.emdm.launcher: 95% user + 0% kernel
05-22 14:47:30.984 E/ActivityManager(  375):   1% 375/system_server: 0.3% user + 0.7% kernel / faults: 84 minor
05-22 14:47:30.984 E/ActivityManager(  375):   0.7% 1719/com.android.settings: 0.7% user + 0% kernel / faults: 52 minor
05-22 14:47:30.984 E/ActivityManager(  375):   0.5% 4476/kworker/0:2: 0% user + 0.5% kernel
05-22 14:47:30.984 E/ActivityManager(  375):   0.4% 772/com.google.android.apps.maps:GoogleLocationService: 0.4% user + 0% kernel / faults: 126 minor 1 major
05-22 14:47:30.984 E/ActivityManager(  375):   0.3% 134/adbd: 0% user + 0.3% kernel / faults: 13 minor
05-22 14:47:30.984 E/ActivityManager(  375):   0.1% 854/com.qihoo.appstore: 0.1% user + 0% kernel
05-22 14:47:30.984 E/ActivityManager(  375):   0% 92/dhd_dpc: 0% user + 0% kernel
05-22 14:47:30.984 E/ActivityManager(  375):   0% 95/ueventd: 0% user + 0% kernel
05-22 14:47:30.984 E/ActivityManager(  375):   0% 124/surfaceflinger: 0% user + 0% kernel
05-22 14:47:30.984 E/ActivityManager(  375):   0% 441/wpa_supplicant: 0% user + 0% kernel
05-22 14:47:30.984 E/ActivityManager(  375):   0% 450/com.android.systemui: 0% user + 0% kernel / faults: 10 minor
05-22 14:47:30.984 E/ActivityManager(  375):   0.1% 550/com.google.process.location: 0.1% user + 0% kernel / faults: 25 minor
05-22 14:47:30.984 E/ActivityManager(  375):   0% 621/com.google.process.gapps: 0% user + 0% kernel
05-22 14:47:30.984 E/ActivityManager(  375):   0% 802/com.qihoo360.mobilesafe:GuardService: 0% user + 0% kernel / faults: 3 minor
05-22 14:47:30.984 E/ActivityManager(  375):   0% 2577/kworker/u:2: 0% user + 0% kernel
05-22 14:47:30.984 E/ActivityManager(  375):   0% 3028/kworker/u:3: 0% user + 0% kernel
05-22 14:47:30.984 E/ActivityManager(  375):  +0% 4809/logcat: 0% user + 0% kernel
05-22 14:47:30.984 E/ActivityManager(  375): 100% TOTAL: 98% user + 1.3% kernel
05-22 14:47:30.984 E/ActivityManager(  375): CPU usage from 2137ms to 2664ms later:
05-22 14:47:30.984 E/ActivityManager(  375):   98% 3216/com.pekall.emdm.launcher: 98% user + 0% kernel
05-22 14:47:30.984 E/ActivityManager(  375):     100% 3229/Thread-183: 100% user + 0% kernel
05-22 14:47:30.984 E/ActivityManager(  375):   96% 4768/com.pekall.emdm.launcher:remote: 96% user + 0% kernel
05-22 14:47:30.984 E/ActivityManager(  375):     96% 4781/Thread-225: 96% user + 0% kernel
05-22 14:47:30.984 E/ActivityManager(  375):   7.5% 375/system_server: 1.8% user + 5.6% kernel / faults: 4 minor
05-22 14:47:30.984 E/ActivityManager(  375):     5.6% 391/ActivityManager: 0% user + 5.6% kernel
05-22 14:47:30.984 E/ActivityManager(  375): 100% TOTAL: 98% user + 1.8% kernel
05-22 14:47:30.991 W/ActivityManager(  375): Killing ProcessRecord{42a88bd8 4768:com.pekall.emdm.launcher:remote/u0a10066}: background ANR
05-22 14:47:30.999 I/ActivityManager(  375): Process com.pekall.emdm.launcher:remote (pid 4768) has died.
05-22 14:47:30.999 W/ActivityManager(  375): Scheduling restart of crashed service com.pekall.emdm.launcher/com.baidu.location.f in 1280000ms
05-22 14:47:40.374 I/PowerManagerService(  375): Going to sleep due to screen timeout...
05-22 14:47:42.671 I/PowerManagerService(  375): Waking up from sleep...
05-22 14:47:42.679 I/WindowManager(  375): No lock screen!
05-22 14:47:54.085 I/ActivityManager(  375): START u0 {act=android.intent.action.MAIN cat=[android.intent.category.LAUNCHER] flg=0x10200000 cmp=com.pekall.emdm.launcher/.Launcher} from pid 1150
05-22 14:47:57.866 W/MountService(  375): getVolumeState(/storage/emulated/0/external_sd): Unknown volume
05-22 14:47:57.945 W/MountService(  375): getVolumeState(/mnt/sdcard-ext): Unknown volume
05-22 14:47:58.038 W/MountService(  375): getVolumeState(/mnt/ext_sdcard): Unknown volume
05-22 14:47:58.046 W/MountService(  375): getVolumeState(/mnt/sdcard2): Unknown volume
05-22 14:47:58.077 W/MountService(  375): getVolumeState(/mnt/emmc): Unknown volume
05-22 14:47:58.077 I/ActivityManager(  375): START u0 {flg=0x10000000 cmp=com.pekall.emdm.launcher/com.pekall.semail.activity.Welcome} from pid 3216
05-22 14:47:58.077 W/MountService(  375): getVolumeState(/mnt/extSdCard): Unknown volume
05-22 14:47:58.085 W/MountService(  375): getVolumeState(/mnt/sdcard/SD_CARD): Unknown volume
05-22 14:47:58.187 W/MountService(  375): getVolumeState(/mnt/sdcard/extra_sd): Unknown volume
05-22 14:47:58.265 W/MountService(  375): getVolumeState(/mnt/extrasd_bind): Unknown volume
05-22 14:47:58.327 I/ActivityManager(  375): START u0 {flg=0x2000000 cmp=com.pekall.emdm.launcher/com.pekall.semail.activity.setup.AccountSetupUser} from pid 3216
05-22 14:47:58.491 W/MountService(  375): getVolumeState(/mnt/sdcard/ext_sd): Unknown volume
05-22 14:47:58.538 W/MountService(  375): getVolumeState(/storage/extSdCard): Unknown volume
05-22 14:47:58.546 W/MountService(  375): getVolumeState(/storage/sdcard1): Unknown volume
05-22 14:47:58.546 W/MountService(  375): getVolumeState(/mnt/sdcard/external_SD): Unknown volume
05-22 14:47:58.562 W/MountService(  375): getVolumeState(/mnt/sdcard/external_sd): Unknown volume
05-22 14:47:59.632 W/MountService(  375): getVolumeState(/storage/emulated/0/external_sd): Unknown volume
05-22 14:47:59.632 W/MountService(  375): getVolumeState(/mnt/sdcard-ext): Unknown volume
05-22 14:47:59.632 W/MountService(  375): getVolumeState(/mnt/ext_sdcard): Unknown volume
05-22 14:47:59.640 W/MountService(  375): getVolumeState(/mnt/sdcard2): Unknown volume
05-22 14:47:59.640 W/MountService(  375): getVolumeState(/mnt/emmc): Unknown volume
05-22 14:47:59.640 W/MountService(  375): getVolumeState(/mnt/extSdCard): Unknown volume
05-22 14:47:59.640 W/MountService(  375): getVolumeState(/mnt/sdcard/SD_CARD): Unknown volume
05-22 14:47:59.648 W/MountService(  375): getVolumeState(/mnt/sdcard/extra_sd): Unknown volume
05-22 14:47:59.648 W/MountService(  375): getVolumeState(/mnt/extrasd_bind): Unknown volume
05-22 14:47:59.656 W/MountService(  375): getVolumeState(/mnt/sdcard/ext_sd): Unknown volume
05-22 14:47:59.656 W/MountService(  375): getVolumeState(/storage/extSdCard): Unknown volume
05-22 14:47:59.656 W/MountService(  375): getVolumeState(/storage/sdcard1): Unknown volume
05-22 14:47:59.656 W/MountService(  375): getVolumeState(/mnt/sdcard/external_SD): Unknown volume
05-22 14:47:59.656 W/MountService(  375): getVolumeState(/mnt/sdcard/external_sd): Unknown volume
05-22 14:48:16.132 W/InputMethodManagerService(  375): Window already focused, ignoring focus gain of: com.android.internal.view.IInputMethodClient$Stub$Proxy@42751170 attribute=null, token = android.os.BinderProxy@4264a8d0
05-22 14:48:16.257 I/ActivityManager(  375): START u0 {cmp=com.pekall.emdm.launcher/com.pekall.semail.activity.Welcome} from pid 3216
05-22 14:48:17.984 I/ActivityManager(  375): START u0 {flg=0x2000000 cmp=com.pekall.emdm.launcher/com.pekall.semail.activity.EmailActivity (has extras)} from pid 3216
05-22 14:48:18.640 W/ActivityManager(  375): Duplicate finish request for ActivityRecord{429da5a8 u0 com.pekall.emdm.launcher/com.pekall.semail.activity.Welcome}
05-22 14:48:37.445 I/ActivityManager(  375): START u0 {act=android.intent.action.MAIN dat=content://ui.semail.pekall.com/view/mailbox?ACCOUNT_ID=2 flg=0x4000000 cmp=com.pekall.emdm.launcher/com.pekall.semail.activity.Welcome} from pid 3216
05-22 14:48:37.593 I/ActivityManager(  375): START u0 {flg=0x2000000 cmp=com.pekall.emdm.launcher/com.pekall.semail.activity.setup.AccountSetupUser} from pid 3216
05-22 14:48:37.984 I/ActivityManager(  375): START u0 {act=android.intent.action.MAIN dat=content://ui.semail.pekall.com/view/mailbox?ACCOUNT_ID=3 flg=0x4000000 cmp=com.pekall.emdm.launcher/com.pekall.semail.activity.Welcome} from pid 3216
05-22 14:48:38.273 W/ActivityManager(  375): Duplicate finish request for ActivityRecord{4266fa90 u0 com.pekall.emdm.launcher/com.pekall.semail.activity.EmailActivity}
05-22 14:48:38.570 I/ActivityManager(  375): START u0 {flg=0x2000000 cmp=com.pekall.emdm.launcher/com.pekall.semail.activity.setup.AccountSetupUser} from pid 3216
05-22 14:48:40.546 I/ActivityManager(  375): START u0 {act=android.intent.action.MAIN cat=[android.intent.category.HOME] flg=0x10200000 cmp=com.pekall.emdm.launcher/.Launcher} from pid 375
05-22 14:48:44.218 I/ActivityManager(  375): START u0 {flg=0x10000000 cmp=com.pekall.emdm.launcher/com.pekall.semail.activity.Welcome} from pid 3216
05-22 14:48:44.398 I/ActivityManager(  375): START u0 {flg=0x2000000 cmp=com.pekall.emdm.launcher/com.pekall.semail.activity.setup.AccountSetupUser} from pid 3216
05-22 14:48:57.804 W/MountService(  375): getVolumeState(/storage/emulated/0/external_sd): Unknown volume
05-22 14:48:57.812 W/MountService(  375): getVolumeState(/mnt/sdcard-ext): Unknown volume
05-22 14:48:57.812 W/MountService(  375): getVolumeState(/mnt/ext_sdcard): Unknown volume
05-22 14:48:57.812 W/MountService(  375): getVolumeState(/mnt/sdcard2): Unknown volume
05-22 14:48:57.812 W/MountService(  375): getVolumeState(/mnt/emmc): Unknown volume
05-22 14:48:57.812 W/MountService(  375): getVolumeState(/mnt/extSdCard): Unknown volume
05-22 14:48:57.812 W/MountService(  375): getVolumeState(/mnt/sdcard/SD_CARD): Unknown volume
05-22 14:48:57.812 W/MountService(  375): getVolumeState(/mnt/sdcard/extra_sd): Unknown volume
05-22 14:48:57.812 W/MountService(  375): getVolumeState(/mnt/extrasd_bind): Unknown volume
05-22 14:48:57.812 W/MountService(  375): getVolumeState(/mnt/sdcard/ext_sd): Unknown volume
05-22 14:48:57.812 W/MountService(  375): getVolumeState(/storage/extSdCard): Unknown volume
05-22 14:48:57.812 W/MountService(  375): getVolumeState(/storage/sdcard1): Unknown volume
05-22 14:48:57.812 W/MountService(  375): getVolumeState(/mnt/sdcard/external_SD): Unknown volume
05-22 14:48:57.820 W/MountService(  375): getVolumeState(/mnt/sdcard/external_sd): Unknown volume
05-22 14:48:58.179 W/MountService(  375): getVolumeState(/storage/emulated/0/external_sd): Unknown volume
05-22 14:48:58.179 W/MountService(  375): getVolumeState(/mnt/sdcard-ext): Unknown volume
05-22 14:48:58.179 W/MountService(  375): getVolumeState(/mnt/ext_sdcard): Unknown volume
05-22 14:48:58.179 W/MountService(  375): getVolumeState(/mnt/sdcard2): Unknown volume
05-22 14:48:58.179 W/MountService(  375): getVolumeState(/mnt/emmc): Unknown volume
05-22 14:48:58.179 W/MountService(  375): getVolumeState(/mnt/extSdCard): Unknown volume
05-22 14:48:58.179 W/MountService(  375): getVolumeState(/mnt/sdcard/SD_CARD): Unknown volume
05-22 14:48:58.187 W/MountService(  375): getVolumeState(/mnt/sdcard/extra_sd): Unknown volume
05-22 14:48:58.187 W/MountService(  375): getVolumeState(/mnt/extrasd_bind): Unknown volume
05-22 14:48:58.187 W/MountService(  375): getVolumeState(/mnt/sdcard/ext_sd): Unknown volume
05-22 14:48:58.187 W/MountService(  375): getVolumeState(/storage/extSdCard): Unknown volume
05-22 14:48:58.187 W/MountService(  375): getVolumeState(/storage/sdcard1): Unknown volume
05-22 14:48:58.187 W/MountService(  375): getVolumeState(/mnt/sdcard/external_SD): Unknown volume
05-22 14:48:58.187 W/MountService(  375): getVolumeState(/mnt/sdcard/external_sd): Unknown volume
05-22 14:48:58.452 W/ActivityManager(  375): Unable to start service Intent { cmp=com.pekall.emdm.launcher/com.pekall.semail.service.AttachmentDownloadService } U=0: not found
05-22 14:48:58.460 W/ActivityManager(  375): Unable to start service Intent { act=com.pekall.semail.intent.action.MAIL_SERVICE_RESCHEDULE cmp=com.pekall.emdm.launcher/com.pekall.semail.service.MailService } U=0: not found
05-22 14:49:00.382 I/ActivityManager(  375): START u0 {act=android.intent.action.MAIN cat=[android.intent.category.HOME] flg=0x10200000 cmp=com.pekall.emdm.launcher/.Launcher} from pid 375
05-22 14:49:03.437 I/ActivityManager(  375): START u0 {flg=0x10000000 cmp=com.pekall.emdm.launcher/com.pekall.semail.activity.Welcome} from pid 3216
05-22 14:49:31.374 I/ActivityManager(  375): START u0 {act=android.intent.action.MAIN cat=[android.intent.category.HOME] flg=0x10200000 cmp=com.pekall.emdm.launcher/.Launcher} from pid 375
05-22 14:49:32.679 W/ActivityManager(  375): Duplicate finish request for ActivityRecord{42665eb8 u0 com.pekall.emdm.launcher/com.pekall.semail.activity.Welcome}
05-22 14:49:34.616 I/ActivityManager(  375): START u0 {flg=0x10000000 cmp=com.pekall.emdm.launcher/com.pekall.emdm.document.activity.DocMainActivity} from pid 3216
05-22 14:49:39.734 I/ActivityManager(  375): START u0 {act=android.intent.action.MAIN cat=[android.intent.category.HOME] flg=0x10200000 cmp=com.pekall.emdm.launcher/.Launcher} from pid 375
05-22 14:49:42.741 I/ActivityManager(  375): START u0 {flg=0x10000000 cmp=com.pekall.emdm.launcher/com.pekall.emdm.document.activity.DocMainActivity} from pid 3216
05-22 14:49:47.741 I/ActivityManager(  375): START u0 {act=android.intent.action.MAIN cat=[android.intent.category.HOME] flg=0x10200000 cmp=com.pekall.emdm.launcher/.Launcher} from pid 375
05-22 14:49:51.085 I/ActivityManager(  375): START u0 {flg=0x10000000 cmp=com.pekall.emdm.launcher/com.pekall.emdm.document.activity.DocMainActivity} from pid 3216
05-22 14:49:55.624 I/ActivityManager(  375): START u0 {act=android.intent.action.MAIN cat=[android.intent.category.HOME] flg=0x10200000 cmp=com.pekall.emdm.launcher/.Launcher} from pid 375
05-22 14:49:57.851 W/MountService(  375): getVolumeState(/storage/emulated/0/external_sd): Unknown volume
05-22 14:49:57.851 W/MountService(  375): getVolumeState(/mnt/sdcard-ext): Unknown volume
05-22 14:49:57.851 W/MountService(  375): getVolumeState(/mnt/ext_sdcard): Unknown volume
05-22 14:49:57.851 W/MountService(  375): getVolumeState(/mnt/sdcard2): Unknown volume
05-22 14:49:57.851 W/MountService(  375): getVolumeState(/mnt/emmc): Unknown volume
05-22 14:49:57.851 W/MountService(  375): getVolumeState(/mnt/extSdCard): Unknown volume
05-22 14:49:57.851 W/MountService(  375): getVolumeState(/mnt/sdcard/SD_CARD): Unknown volume
05-22 14:49:57.851 W/MountService(  375): getVolumeState(/mnt/sdcard/extra_sd): Unknown volume
05-22 14:49:57.851 W/MountService(  375): getVolumeState(/mnt/extrasd_bind): Unknown volume
05-22 14:49:57.851 W/MountService(  375): getVolumeState(/mnt/sdcard/ext_sd): Unknown volume
05-22 14:49:57.859 W/MountService(  375): getVolumeState(/storage/extSdCard): Unknown volume
05-22 14:49:57.859 W/MountService(  375): getVolumeState(/storage/sdcard1): Unknown volume
05-22 14:49:57.859 W/MountService(  375): getVolumeState(/mnt/sdcard/external_SD): Unknown volume
05-22 14:49:57.859 W/MountService(  375): getVolumeState(/mnt/sdcard/external_sd): Unknown volume
05-22 14:49:58.093 W/MountService(  375): getVolumeState(/storage/emulated/0/external_sd): Unknown volume
