05-22 15:20:01.562 D/com.qq.connect( 5610): startFileTCPService
05-22 15:20:01.593 D/dalvikvm( 5610): Trying to load lib /data/app-lib/com.tencent.android.qqdownloader-1/libqqndkfile.so 0x4223db68
05-22 15:20:01.601 D/dalvikvm( 5626): GC_CONCURRENT freed 359K, 5% free 9016K/9412K, paused 5ms+21ms, total 95ms
05-22 15:20:01.601 D/dalvikvm( 5626): WAIT_FOR_CONCURRENT_GC blocked 4ms
05-22 15:20:01.609 D/dalvikvm( 5626): WAIT_FOR_CONCURRENT_GC blocked 9ms
05-22 15:20:01.616 D/dalvikvm( 5610): Added shared lib /data/app-lib/com.tencent.android.qqdownloader-1/libqqndkfile.so 0x4223db68
05-22 15:20:01.624 D/dalvikvm( 5626): WAIT_FOR_CONCURRENT_GC blocked 23ms
05-22 15:20:01.624 D/dalvikvm( 5610): No JNI_OnLoad found in /data/app-lib/com.tencent.android.qqdownloader-1/libqqndkfile.so 0x4223db68, skipping init
05-22 15:20:01.671 D/com.qq.connect( 5610): startIPCServer start wifiAdminServer
05-22 15:20:01.679 D/com.qq.connect( 5610): thumb thread time spent70
05-22 15:20:01.702 D/com.qq.connect( 5610): switch to wifi
05-22 15:20:01.726 D/com.qq.connect( 5610): onBindIntent { cmp=com.tencent.android.qqdownloader/com.qq.AppService.IPCService (has extras) }
05-22 15:20:01.781 W/Parcel  (  802): Attempt to read object from Parcel 0x5ed47dac at offset 200 that is not in the object list
05-22 15:20:01.827 D/com.qq.connect( 5610): set callbackcom.qq.AppService.w@4228af48
05-22 15:20:01.835 D/com.qq.connect( 5610): isServiceRunning
05-22 15:20:01.859 D/com.qq.connect( 5610): updateAllIconCache over ,cache count: 98
05-22 15:20:01.874 W/dalvikvm( 5626): VFY: unable to find class referenced in signature (Lcom/tencent/tmassistantsdk/protocol/jce/Request;)
05-22 15:20:01.882 W/dalvikvm( 5626): VFY: unable to resolve instance field 13688
05-22 15:20:01.890 D/dalvikvm( 5626): VFY: replacing opcode 0x54 at 0x0004
05-22 15:20:01.906 E/dalvikvm( 5626): Could not find class 'com.tencent.tmassistantsdk.protocol.jce.ReportLogRequest', referenced from method com.tencent.tmassistantsdk.protocol.ProtocolPackage.buildReportRequest
05-22 15:20:01.906 W/dalvikvm( 5626): VFY: unable to resolve new-instance 3741 (Lcom/tencent/tmassistantsdk/protocol/jce/ReportLogRequest;) in Lcom/tencent/tmassistantsdk/protocol/ProtocolPackage;
05-22 15:20:01.906 D/dalvikvm( 5626): VFY: replacing opcode 0x22 at 0x0000
05-22 15:20:01.913 W/dalvikvm( 5626): VFY: unable to find class referenced in signature (Lcom/tencent/tmassistantsdk/protocol/jce/Request;)
05-22 15:20:01.913 E/dalvikvm( 5626): Could not find class 'com.tencent.tmassistantsdk.protocol.jce.Request', referenced from method com.tencent.tmassistantsdk.protocol.ProtocolPackage.buildRequest
05-22 15:20:01.913 W/dalvikvm( 5626): VFY: unable to resolve new-instance 3743 (Lcom/tencent/tmassistantsdk/protocol/jce/Request;) in Lcom/tencent/tmassistantsdk/protocol/ProtocolPackage;
05-22 15:20:01.921 D/dalvikvm( 5626): VFY: replacing opcode 0x22 at 0x0004
05-22 15:20:01.921 I/dalvikvm( 5626): Could not find method com.tencent.tmassistantsdk.protocol.jce.JceCmd.convert, referenced from method com.tencent.tmassistantsdk.protocol.ProtocolPackage.getCmdId
05-22 15:20:01.929 W/dalvikvm( 5626): VFY: unable to resolve static method 26273: Lcom/tencent/tmassistantsdk/protocol/jce/JceCmd;.convert (Ljava/lang/String;)Lcom/tencent/tmassistantsdk/protocol/jce/JceCmd;
05-22 15:20:01.929 D/dalvikvm( 5626): VFY: replacing opcode 0x71 at 0x001c
05-22 15:20:01.945 W/dalvikvm( 5626): VFY: unable to find class referenced in signature (Lcom/tencent/tmassistantsdk/protocol/jce/ReqHead;)
05-22 15:20:01.945 E/dalvikvm( 5626): Could not find class 'com.tencent.tmassistantsdk.protocol.jce.ReqHead', referenced from method com.tencent.tmassistantsdk.protocol.ProtocolPackage.getReqHead
05-22 15:20:01.952 W/dalvikvm( 5626): VFY: unable to resolve new-instance 3742 (Lcom/tencent/tmassistantsdk/protocol/jce/ReqHead;) in Lcom/tencent/tmassistantsdk/protocol/ProtocolPackage;
05-22 15:20:01.952 D/dalvikvm( 5626): VFY: replacing opcode 0x22 at 0x0004
05-22 15:20:01.960 W/dalvikvm( 5626): VFY: unable to find class referenced in signature (Lcom/tencent/tmassistantsdk/protocol/jce/Response;)
05-22 15:20:01.960 E/dalvikvm( 5626): Could not find class 'com.tencent.tmassistantsdk.protocol.jce.Response', referenced from method com.tencent.tmassistantsdk.protocol.ProtocolPackage.unpackPackage
05-22 15:20:01.960 W/dalvikvm( 5626): VFY: unable to resolve new-instance 3744 (Lcom/tencent/tmassistantsdk/protocol/jce/Response;) in Lcom/tencent/tmassistantsdk/protocol/ProtocolPackage;
05-22 15:20:01.968 D/dalvikvm( 5626): VFY: replacing opcode 0x22 at 0x000a
05-22 15:20:01.968 I/dalvikvm( 5626): DexOpt: unable to optimize instance field ref 0x3572 at 0x07 in Lcom/tencent/tmassistantsdk/protocol/ProtocolPackage;.buildPostData
05-22 15:20:01.976 I/dalvikvm( 5626): DexOpt: unable to optimize instance field ref 0x3577 at 0x09 in Lcom/tencent/tmassistantsdk/protocol/ProtocolPackage;.buildPostData
05-22 15:20:01.976 I/dalvikvm( 5626): DexOpt: unable to optimize instance field ref 0x3577 at 0x10 in Lcom/tencent/tmassistantsdk/protocol/ProtocolPackage;.buildPostData
05-22 15:20:01.984 I/dalvikvm( 5626): DexOpt: unable to optimize instance field ref 0x3577 at 0x16 in Lcom/tencent/tmassistantsdk/protocol/ProtocolPackage;.buildPostData
05-22 15:20:01.984 I/dalvikvm( 5626): DexOpt: unable to optimize instance field ref 0x3578 at 0x18 in Lcom/tencent/tmassistantsdk/protocol/ProtocolPackage;.buildPostData
05-22 15:20:01.999 I/dalvikvm( 5626): DexOpt: unable to optimize instance field ref 0x3578 at 0x1a in Lcom/tencent/tmassistantsdk/protocol/ProtocolPackage;.buildPostData
05-22 15:20:01.999 D/dalvikvm( 5626): GC_CONCURRENT freed 250K, 3% free 9352K/9560K, paused 3ms+40ms, total 184ms
05-22 15:20:01.999 I/dalvikvm( 5626): DexOpt: unable to optimize instance field ref 0x3572 at 0x1c in Lcom/tencent/tmassistantsdk/protocol/ProtocolPackage;.buildPostData
05-22 15:20:02.007 I/dalvikvm( 5626): DexOpt: unable to optimize instance field ref 0x3572 at 0x21 in Lcom/tencent/tmassistantsdk/protocol/ProtocolPackage;.buildPostData
05-22 15:20:02.007 I/dalvikvm( 5626): DexOpt: unable to optimize instance field ref 0x3577 at 0x23 in Lcom/tencent/tmassistantsdk/protocol/ProtocolPackage;.buildPostData
05-22 15:20:02.015 I/dalvikvm( 5626): DexOpt: unable to optimize instance field ref 0x3577 at 0x2f in Lcom/tencent/tmassistantsdk/protocol/ProtocolPackage;.buildPostData
05-22 15:20:02.038 I/dalvikvm( 5626): DexOpt: unable to optimize instance field ref 0x3578 at 0x31 in Lcom/tencent/tmassistantsdk/protocol/ProtocolPackage;.buildPostData
05-22 15:20:02.038 I/dalvikvm( 5626): DexOpt: unable to optimize instance field ref 0x3578 at 0x33 in Lcom/tencent/tmassistantsdk/protocol/ProtocolPackage;.buildPostData
05-22 15:20:02.038 I/dalvikvm( 5626): DexOpt: unable to optimize instance field ref 0x3572 at 0x35 in Lcom/tencent/tmassistantsdk/protocol/ProtocolPackage;.buildPostData
05-22 15:20:02.046 I/dalvikvm( 5626): DexOpt: unable to optimize instance field ref 0x3572 at 0x3a in Lcom/tencent/tmassistantsdk/protocol/ProtocolPackage;.buildPostData
05-22 15:20:02.046 D/dalvikvm( 5626): DexOpt: unable to opt direct call 0x66a3 at 0x02 in Lcom/tencent/tmassistantsdk/protocol/ProtocolPackage;.buildReportRequest
05-22 15:20:02.054 I/dalvikvm( 5626): DexOpt: unable to optimize instance field ref 0x356e at 0x06 in Lcom/tencent/tmassistantsdk/protocol/ProtocolPackage;.buildReportRequest
05-22 15:20:02.054 I/dalvikvm( 5626): DexOpt: unable to optimize instance field ref 0x356d at 0x0c in Lcom/tencent/tmassistantsdk/protocol/ProtocolPackage;.buildReportRequest
05-22 15:20:02.062 I/dalvikvm( 5626): DexOpt: unable to optimize instance field ref 0x356a at 0x0e in Lcom/tencent/tmassistantsdk/protocol/ProtocolPackage;.buildReportRequest
05-22 15:20:02.062 I/dalvikvm( 5626): DexOpt: unable to optimize instance field ref 0x356b at 0x10 in Lcom/tencent/tmassistantsdk/protocol/ProtocolPackage;.buildReportRequest
05-22 15:20:02.070 I/dalvikvm( 5626): DexOpt: unable to optimize instance field ref 0x356c at 0x12 in Lcom/tencent/tmassistantsdk/protocol/ProtocolPackage;.buildReportRequest
05-22 15:20:02.077 D/dalvikvm( 5626): DexOpt: unable to opt direct call 0x66a5 at 0x06 in Lcom/tencent/tmassistantsdk/protocol/ProtocolPackage;.buildRequest
05-22 15:20:02.077 I/dalvikvm( 5626): DexOpt: unable to optimize instance field ref 0x3578 at 0x0d in Lcom/tencent/tmassistantsdk/protocol/ProtocolPackage;.buildRequest
05-22 15:20:02.077 I/dalvikvm( 5626): DexOpt: unable to optimize instance field ref 0x3577 at 0x13 in Lcom/tencent/tmassistantsdk/protocol/ProtocolPackage;.buildRequest
05-22 15:20:02.085 D/dalvikvm( 5626): DexOpt: unable to opt direct call 0x66a4 at 0x06 in Lcom/tencent/tmassistantsdk/protocol/ProtocolPackage;.getReqHead
05-22 15:20:02.085 I/dalvikvm( 5626): DexOpt: unable to optimize instance field ref 0x3575 at 0x0d in Lcom/tencent/tmassistantsdk/protocol/ProtocolPackage;.getReqHead
05-22 15:20:02.085 I/dalvikvm( 5626): DexOpt: unable to optimize instance field ref 0x3571 at 0x13 in Lcom/tencent/tmassistantsdk/protocol/ProtocolPackage;.getReqHead
05-22 15:20:02.093 I/dalvikvm( 5626): DexOpt: unable to optimize instance field ref 0x3574 at 0x1d in Lcom/tencent/tmassistantsdk/protocol/ProtocolPackage;.getReqHead
05-22 15:20:02.093 I/dalvikvm( 5626): DexOpt: unable to optimize instance field ref 0x3573 at 0x27 in Lcom/tencent/tmassistantsdk/protocol/ProtocolPackage;.getReqHead
05-22 15:20:02.101 I/dalvikvm( 5626): DexOpt: unable to optimize instance field ref 0x3576 at 0x31 in Lcom/tencent/tmassistantsdk/protocol/ProtocolPackage;.getReqHead
05-22 15:20:02.101 I/dalvikvm( 5626): DexOpt: unable to optimize instance field ref 0x356f at 0x3b in Lcom/tencent/tmassistantsdk/protocol/ProtocolPackage;.getReqHead
05-22 15:20:02.101 D/dalvikvm( 1693): GC_CONCURRENT freed 575K, 18% free 9466K/11532K, paused 47ms+101ms, total 758ms
05-22 15:20:02.109 I/dalvikvm( 5626): DexOpt: unable to optimize instance field ref 0x3570 at 0x45 in Lcom/tencent/tmassistantsdk/protocol/ProtocolPackage;.getReqHead
05-22 15:20:02.116 D/dalvikvm( 5626): DexOpt: unable to opt direct call 0x66a6 at 0x0c in Lcom/tencent/tmassistantsdk/protocol/ProtocolPackage;.unpackPackage
05-22 15:20:02.116 I/dalvikvm( 5626): DexOpt: unable to optimize instance field ref 0x357a at 0x1c in Lcom/tencent/tmassistantsdk/protocol/ProtocolPackage;.unpackPackage
05-22 15:20:02.116 I/dalvikvm( 5626): DexOpt: unable to optimize instance field ref 0x357d at 0x1e in Lcom/tencent/tmassistantsdk/protocol/ProtocolPackage;.unpackPackage
05-22 15:20:02.124 I/dalvikvm( 5626): DexOpt: unable to optimize instance field ref 0x357a at 0x22 in Lcom/tencent/tmassistantsdk/protocol/ProtocolPackage;.unpackPackage
05-22 15:20:02.124 I/dalvikvm( 5626): DexOpt: unable to optimize instance field ref 0x357b at 0x24 in Lcom/tencent/tmassistantsdk/protocol/ProtocolPackage;.unpackPackage
05-22 15:20:02.132 I/dalvikvm( 5626): DexOpt: unable to optimize instance field ref 0x3579 at 0x2b in Lcom/tencent/tmassistantsdk/protocol/ProtocolPackage;.unpackPackage
05-22 15:20:02.132 I/dalvikvm( 5626): DexOpt: unable to optimize instance field ref 0x3579 at 0x37 in Lcom/tencent/tmassistantsdk/protocol/ProtocolPackage;.unpackPackage
05-22 15:20:02.140 I/dalvikvm( 5626): DexOpt: unable to optimize instance field ref 0x357a at 0x39 in Lcom/tencent/tmassistantsdk/protocol/ProtocolPackage;.unpackPackage
05-22 15:20:02.140 I/dalvikvm( 5626): DexOpt: unable to optimize instance field ref 0x357b at 0x3b in Lcom/tencent/tmassistantsdk/protocol/ProtocolPackage;.unpackPackage
05-22 15:20:02.148 I/dalvikvm( 5626): DexOpt: unable to optimize instance field ref 0x3579 at 0x42 in Lcom/tencent/tmassistantsdk/protocol/ProtocolPackage;.unpackPackage
05-22 15:20:02.156 I/dalvikvm( 5626): DexOpt: unable to optimize instance field ref 0x3579 at 0x48 in Lcom/tencent/tmassistantsdk/protocol/ProtocolPackage;.unpackPackage
05-22 15:20:02.156 I/dalvikvm( 5626): DexOpt: unable to optimize instance field ref 0x357a at 0x4e in Lcom/tencent/tmassistantsdk/protocol/ProtocolPackage;.unpackPackage
05-22 15:20:02.156 I/dalvikvm( 5626): DexOpt: unable to optimize instance field ref 0x357c at 0x50 in Lcom/tencent/tmassistantsdk/protocol/ProtocolPackage;.unpackPackage
05-22 15:20:02.241 D/com.qq.connect( 5626): using guid in !
05-22 15:20:02.296 D/com.qq.connect( 5610): updateAllIconCache spent time: 659
05-22 15:20:02.320 D/dalvikvm( 5610): GC_CONCURRENT freed 195K, 3% free 9162K/9412K, paused 13ms+4ms, total 63ms
05-22 15:20:02.382 D/dalvikvm( 5626): GC_CONCURRENT freed 477K, 6% free 9275K/9792K, paused 8ms+6ms, total 38ms
05-22 15:20:02.820 D/dalvikvm( 5626): GC_CONCURRENT freed 362K, 5% free 9426K/9824K, paused 2ms+35ms, total 81ms
05-22 15:20:02.820 D/dalvikvm( 5626): WAIT_FOR_CONCURRENT_GC blocked 10ms
05-22 15:20:40.601 D/dalvikvm(  802): GC_EXPLICIT freed 264K, 24% free 12154K/15964K, paused 3ms+4ms, total 67ms
05-22 15:20:45.663 D/dalvikvm(  802): GC_EXPLICIT freed 3K, 24% free 12151K/15964K, paused 3ms+4ms, total 55ms
05-22 15:20:55.663 D/dalvikvm(  802): GC_EXPLICIT freed <1K, 24% free 12151K/15964K, paused 3ms+4ms, total 54ms
05-22 15:21:00.460 W/MountService(  375): getVolumeState(/storage/emulated/0/external_sd): Unknown volume
05-22 15:21:00.468 W/MountService(  375): getVolumeState(/mnt/sdcard-ext): Unknown volume
05-22 15:21:00.468 W/MountService(  375): getVolumeState(/mnt/ext_sdcard): Unknown volume
05-22 15:21:00.476 W/MountService(  375): getVolumeState(/mnt/sdcard2): Unknown volume
05-22 15:21:00.476 W/MountService(  375): getVolumeState(/mnt/emmc): Unknown volume
05-22 15:21:00.484 W/MountService(  375): getVolumeState(/mnt/extSdCard): Unknown volume
05-22 15:21:00.491 W/MountService(  375): getVolumeState(/mnt/sdcard/SD_CARD): Unknown volume
05-22 15:21:00.491 W/MountService(  375): getVolumeState(/mnt/sdcard/extra_sd): Unknown volume
05-22 15:21:00.499 W/MountService(  375): getVolumeState(/mnt/extrasd_bind): Unknown volume
05-22 15:21:00.499 W/MountService(  375): getVolumeState(/mnt/sdcard/ext_sd): Unknown volume
05-22 15:21:00.507 W/MountService(  375): getVolumeState(/storage/extSdCard): Unknown volume
05-22 15:21:00.507 W/MountService(  375): getVolumeState(/storage/sdcard1): Unknown volume
05-22 15:21:00.507 W/MountService(  375): getVolumeState(/mnt/sdcard/external_SD): Unknown volume
05-22 15:21:00.515 W/MountService(  375): getVolumeState(/mnt/sdcard/external_sd): Unknown volume
05-22 15:21:00.593 D/dalvikvm( 1693): GC_CONCURRENT freed 469K, 18% free 9481K/11532K, paused 5ms+12ms, total 65ms
05-22 15:21:00.859 W/MountService(  375): getVolumeState(/storage/emulated/0/external_sd): Unknown volume
05-22 15:21:00.859 W/MountService(  375): getVolumeState(/mnt/sdcard-ext): Unknown volume
05-22 15:21:00.866 W/MountService(  375): getVolumeState(/mnt/ext_sdcard): Unknown volume
05-22 15:21:00.866 W/MountService(  375): getVolumeState(/mnt/sdcard2): Unknown volume
05-22 15:21:00.866 W/MountService(  375): getVolumeState(/mnt/emmc): Unknown volume
05-22 15:21:00.874 W/MountService(  375): getVolumeState(/mnt/extSdCard): Unknown volume
05-22 15:21:00.898 W/MountService(  375): getVolumeState(/mnt/sdcard/SD_CARD): Unknown volume
05-22 15:21:00.906 W/MountService(  375): getVolumeState(/mnt/sdcard/extra_sd): Unknown volume
05-22 15:21:00.906 W/MountService(  375): getVolumeState(/mnt/extrasd_bind): Unknown volume
05-22 15:21:00.913 W/MountService(  375): getVolumeState(/mnt/sdcard/ext_sd): Unknown volume
05-22 15:21:00.913 W/MountService(  375): getVolumeState(/storage/extSdCard): Unknown volume
05-22 15:21:00.921 W/MountService(  375): getVolumeState(/storage/sdcard1): Unknown volume
05-22 15:21:00.921 W/MountService(  375): getVolumeState(/mnt/sdcard/external_SD): Unknown volume
05-22 15:21:00.921 W/MountService(  375): getVolumeState(/mnt/sdcard/external_sd): Unknown volume
05-22 15:21:00.937 D/dalvikvm( 1693): GC_CONCURRENT freed 427K, 18% free 9565K/11532K, paused 4ms+39ms, total 94ms
05-22 15:21:00.937 D/dalvikvm( 1693): WAIT_FOR_CONCURRENT_GC blocked 4ms
05-22 15:21:00.945 D/dalvikvm( 1693): WAIT_FOR_CONCURRENT_GC blocked 7ms
05-22 15:21:02.312 W/Parcel  (  802): Attempt to read object from Parcel 0x5dfdfdac at offset 200 that is not in the object list
05-22 15:21:02.374 D/dalvikvm( 1693): GC_CONCURRENT freed 506K, 19% free 9453K/11532K, paused 3ms+3ms, total 27ms
05-22 15:22:00.546 W/MountService(  375): getVolumeState(/storage/emulated/0/external_sd): Unknown volume
05-22 15:22:00.554 W/MountService(  375): getVolumeState(/mnt/sdcard-ext): Unknown volume
05-22 15:22:00.554 W/MountService(  375): getVolumeState(/mnt/ext_sdcard): Unknown volume
05-22 15:22:00.562 W/MountService(  375): getVolumeState(/mnt/sdcard2): Unknown volume
05-22 15:22:00.562 W/MountService(  375): getVolumeState(/mnt/emmc): Unknown volume
05-22 15:22:00.577 W/MountService(  375): getVolumeState(/mnt/extSdCard): Unknown volume
05-22 15:22:00.577 W/MountService(  375): getVolumeState(/mnt/sdcard/SD_CARD): Unknown volume
05-22 15:22:00.593 W/MountService(  375): getVolumeState(/mnt/sdcard/extra_sd): Unknown volume
05-22 15:22:00.593 W/MountService(  375): getVolumeState(/mnt/extrasd_bind): Unknown volume
05-22 15:22:00.609 W/MountService(  375): getVolumeState(/mnt/sdcard/ext_sd): Unknown volume
05-22 15:22:00.624 W/MountService(  375): getVolumeState(/storage/extSdCard): Unknown volume
05-22 15:22:00.624 W/MountService(  375): getVolumeState(/storage/sdcard1): Unknown volume
05-22 15:22:00.632 W/MountService(  375): getVolumeState(/mnt/sdcard/external_SD): Unknown volume
05-22 15:22:00.640 W/MountService(  375): getVolumeState(/mnt/sdcard/external_sd): Unknown volume
05-22 15:22:00.781 D/dalvikvm( 1693): GC_CONCURRENT freed 305K, 17% free 9582K/11532K, paused 4ms+4ms, total 36ms
05-22 15:22:00.968 W/MountService(  375): getVolumeState(/storage/emulated/0/external_sd): Unknown volume
05-22 15:22:00.968 W/MountService(  375): getVolumeState(/mnt/sdcard-ext): Unknown volume
05-22 15:22:00.976 W/MountService(  375): getVolumeState(/mnt/ext_sdcard): Unknown volume
05-22 15:22:00.976 W/MountService(  375): getVolumeState(/mnt/sdcard2): Unknown volume
05-22 15:22:00.984 W/MountService(  375): getVolumeState(/mnt/emmc): Unknown volume
05-22 15:22:00.984 W/MountService(  375): getVolumeState(/mnt/extSdCard): Unknown volume
05-22 15:22:00.991 W/MountService(  375): getVolumeState(/mnt/sdcard/SD_CARD): Unknown volume
05-22 15:22:00.991 W/MountService(  375): getVolumeState(/mnt/sdcard/extra_sd): Unknown volume
05-22 15:22:00.999 W/MountService(  375): getVolumeState(/mnt/extrasd_bind): Unknown volume
05-22 15:22:01.007 W/MountService(  375): getVolumeState(/mnt/sdcard/ext_sd): Unknown volume
05-22 15:22:01.015 W/MountService(  375): getVolumeState(/storage/extSdCard): Unknown volume
05-22 15:22:01.015 W/MountService(  375): getVolumeState(/storage/sdcard1): Unknown volume
05-22 15:22:01.023 W/MountService(  375): getVolumeState(/mnt/sdcard/external_SD): Unknown volume
05-22 15:22:01.023 W/MountService(  375): getVolumeState(/mnt/sdcard/external_sd): Unknown volume
05-22 15:22:01.109 D/dalvikvm( 1693): GC_CONCURRENT freed 621K, 18% free 9470K/11532K, paused 7ms+5ms, total 58ms
05-22 15:22:01.109 D/dalvikvm( 1693): WAIT_FOR_CONCURRENT_GC blocked 3ms
05-22 15:22:40.695 D/dalvikvm(  802): GC_EXPLICIT freed 173K, 24% free 12153K/15964K, paused 2ms+4ms, total 55ms
05-22 15:22:45.757 D/dalvikvm(  802): GC_EXPLICIT freed 1K, 24% free 12151K/15964K, paused 3ms+4ms, total 54ms
05-22 15:22:55.757 D/dalvikvm(  802): GC_EXPLICIT freed <1K, 24% free 12151K/15964K, paused 3ms+4ms, total 55ms
05-22 15:23:00.812 W/MountService(  375): getVolumeState(/storage/emulated/0/external_sd): Unknown volume
05-22 15:23:00.812 W/MountService(  375): getVolumeState(/mnt/sdcard-ext): Unknown volume
05-22 15:23:00.812 W/MountService(  375): getVolumeState(/mnt/ext_sdcard): Unknown volume
05-22 15:23:00.820 W/MountService(  375): getVolumeState(/mnt/sdcard2): Unknown volume
05-22 15:23:00.820 W/MountService(  375): getVolumeState(/mnt/emmc): Unknown volume
05-22 15:23:00.827 W/MountService(  375): getVolumeState(/mnt/extSdCard): Unknown volume
05-22 15:23:00.827 W/MountService(  375): getVolumeState(/mnt/sdcard/SD_CARD): Unknown volume
05-22 15:23:00.835 W/MountService(  375): getVolumeState(/mnt/sdcard/extra_sd): Unknown volume
05-22 15:23:00.835 W/MountService(  375): getVolumeState(/mnt/extrasd_bind): Unknown volume
05-22 15:23:00.843 W/MountService(  375): getVolumeState(/mnt/sdcard/ext_sd): Unknown volume
05-22 15:23:00.843 W/MountService(  375): getVolumeState(/storage/extSdCard): Unknown volume
05-22 15:23:00.851 W/MountService(  375): getVolumeState(/storage/sdcard1): Unknown volume
05-22 15:23:00.851 W/MountService(  375): getVolumeState(/mnt/sdcard/external_SD): Unknown volume
05-22 15:23:00.859 W/MountService(  375): getVolumeState(/mnt/sdcard/external_sd): Unknown volume
05-22 15:23:00.921 D/dalvikvm( 1693): GC_CONCURRENT freed 432K, 18% free 9468K/11532K, paused 3ms+14ms, total 58ms
05-22 15:23:01.085 D/dalvikvm(  580): GC_EXPLICIT freed 308K, 4% free 9343K/9692K, paused 2ms+5ms, total 33ms
05-22 15:23:01.234 W/MountService(  375): getVolumeState(/storage/emulated/0/external_sd): Unknown volume
05-22 15:23:01.234 W/MountService(  375): getVolumeState(/mnt/sdcard-ext): Unknown volume
05-22 15:23:01.241 W/MountService(  375): getVolumeState(/mnt/ext_sdcard): Unknown volume
05-22 15:23:01.241 W/MountService(  375): getVolumeState(/mnt/sdcard2): Unknown volume
05-22 15:23:01.241 W/MountService(  375): getVolumeState(/mnt/emmc): Unknown volume
05-22 15:23:01.249 W/MountService(  375): getVolumeState(/mnt/extSdCard): Unknown volume
05-22 15:23:01.249 W/MountService(  375): getVolumeState(/mnt/sdcard/SD_CARD): Unknown volume
05-22 15:23:01.296 D/dalvikvm( 1693): GC_CONCURRENT freed 461K, 18% free 9513K/11532K, paused 4ms+9ms, total 80ms
05-22 15:23:01.296 W/MountService(  375): getVolumeState(/mnt/sdcard/extra_sd): Unknown volume
05-22 15:23:01.320 W/MountService(  375): getVolumeState(/mnt/extrasd_bind): Unknown volume
05-22 15:23:01.327 W/MountService(  375): getVolumeState(/mnt/sdcard/ext_sd): Unknown volume
05-22 15:23:01.335 W/MountService(  375): getVolumeState(/storage/extSdCard): Unknown volume
05-22 15:23:01.335 W/MountService(  375): getVolumeState(/storage/sdcard1): Unknown volume
05-22 15:23:01.343 W/MountService(  375): getVolumeState(/mnt/sdcard/external_SD): Unknown volume
05-22 15:23:01.351 W/MountService(  375): getVolumeState(/mnt/sdcard/external_sd): Unknown volume
05-22 15:23:02.491 W/Parcel  (  802): Attempt to read object from Parcel 0x5ed47dac at offset 200 that is not in the object list
05-22 15:23:02.562 D/dalvikvm( 1693): GC_CONCURRENT freed 464K, 19% free 9448K/11532K, paused 3ms+2ms, total 27ms
05-22 15:24:00.796 W/MountService(  375): getVolumeState(/storage/emulated/0/external_sd): Unknown volume
05-22 15:24:00.796 W/MountService(  375): getVolumeState(/mnt/sdcard-ext): Unknown volume
05-22 15:24:00.796 W/MountService(  375): getVolumeState(/mnt/ext_sdcard): Unknown volume
05-22 15:24:00.804 W/MountService(  375): getVolumeState(/mnt/sdcard2): Unknown volume
05-22 15:24:00.804 W/MountService(  375): getVolumeState(/mnt/emmc): Unknown volume
05-22 15:24:00.812 W/MountService(  375): getVolumeState(/mnt/extSdCard): Unknown volume
05-22 15:24:00.812 W/MountService(  375): getVolumeState(/mnt/sdcard/SD_CARD): Unknown volume
05-22 15:24:00.820 W/MountService(  375): getVolumeState(/mnt/sdcard/extra_sd): Unknown volume
05-22 15:24:00.820 W/MountService(  375): getVolumeState(/mnt/extrasd_bind): Unknown volume
05-22 15:24:00.835 W/MountService(  375): getVolumeState(/mnt/sdcard/ext_sd): Unknown volume
05-22 15:24:00.835 W/MountService(  375): getVolumeState(/storage/extSdCard): Unknown volume
05-22 15:24:00.843 W/MountService(  375): getVolumeState(/storage/sdcard1): Unknown volume
05-22 15:24:00.843 W/MountService(  375): getVolumeState(/mnt/sdcard/external_SD): Unknown volume
05-22 15:24:00.851 W/MountService(  375): getVolumeState(/mnt/sdcard/external_sd): Unknown volume
05-22 15:24:01.007 D/dalvikvm( 1693): GC_CONCURRENT freed 305K, 17% free 9577K/11532K, paused 4ms+3ms, total 39ms
05-22 15:24:01.179 W/MountService(  375): getVolumeState(/storage/emulated/0/external_sd): Unknown volume
05-22 15:24:01.179 W/MountService(  375): getVolumeState(/mnt/sdcard-ext): Unknown volume
05-22 15:24:01.187 W/MountService(  375): getVolumeState(/mnt/ext_sdcard): Unknown volume
05-22 15:24:01.187 W/MountService(  375): getVolumeState(/mnt/sdcard2): Unknown volume
05-22 15:24:01.187 W/MountService(  375): getVolumeState(/mnt/emmc): Unknown volume
05-22 15:24:01.195 W/MountService(  375): getVolumeState(/mnt/extSdCard): Unknown volume
05-22 15:24:01.195 W/MountService(  375): getVolumeState(/mnt/sdcard/SD_CARD): Unknown volume
05-22 15:24:01.202 W/MountService(  375): getVolumeState(/mnt/sdcard/extra_sd): Unknown volume
05-22 15:24:01.226 W/MountService(  375): getVolumeState(/mnt/extrasd_bind): Unknown volume
05-22 15:24:01.226 W/MountService(  375): getVolumeState(/mnt/sdcard/ext_sd): Unknown volume
05-22 15:24:01.226 W/MountService(  375): getVolumeState(/storage/extSdCard): Unknown volume
05-22 15:24:01.234 W/MountService(  375): getVolumeState(/storage/sdcard1): Unknown volume
05-22 15:24:01.234 W/MountService(  375): getVolumeState(/mnt/sdcard/external_SD): Unknown volume
05-22 15:24:01.241 W/MountService(  375): getVolumeState(/mnt/sdcard/external_sd): Unknown volume
05-22 15:24:01.296 D/dalvikvm( 1693): GC_CONCURRENT freed 597K, 18% free 9489K/11532K, paused 6ms+4ms, total 51ms
05-22 15:24:01.296 D/dalvikvm( 1693): WAIT_FOR_CONCURRENT_GC blocked 9ms
05-22 15:24:13.257 D/dalvikvm(  854): GC_CONCURRENT freed 387K, 5% free 9474K/9928K, paused 3ms+2ms, total 25ms
05-22 15:24:26.452 D/dalvikvm(  450): GC_CONCURRENT freed 1083K, 15% free 12724K/14964K, paused 2ms+5ms, total 48ms
05-22 15:24:32.991 D/dalvikvm( 5626): GC_CONCURRENT freed 412K, 5% free 9403K/9852K, paused 3ms+2ms, total 29ms
05-22 15:24:41.132 D/dalvikvm(  802): GC_EXPLICIT freed 173K, 24% free 12153K/15964K, paused 3ms+5ms, total 71ms
05-22 15:24:46.187 D/dalvikvm(  802): GC_EXPLICIT freed 1K, 24% free 12151K/15964K, paused 3ms+5ms, total 54ms
05-22 15:24:55.398 I/ActivityManager(  375): No longer want com.google.android.apps.maps:LocationFriendService (pid 5264): empty for 1803s
05-22 15:24:55.398 I/ActivityManager(  375): No longer want com.google.android.apps.maps:FriendService (pid 5252): empty for 1803s
05-22 15:24:55.406 D/MdmService( 3216): [null:-1]->receiver action :com.pekall.mdm.action.MDM_ALARM
05-22 15:24:55.406 I/ActivityManager(  375): No longer want com.google.android.apps.maps:GoogleLocationService (pid 5231): empty for 1804s
05-22 15:24:55.413 D/MdmService( 3216): [null:-1]->keepAliveWithPushServer client is opened:true
05-22 15:24:55.413 D/MDM :   ( 3216): [null:-1]->ping!!!!!!!!!
05-22 15:24:55.421 D/MdmService( 3216): [null:-1]->pushUrl : ws://test.mdm.everknow.cn:9090/websocket
05-22 15:24:55.421 D/MDM :   ( 3216): [null:-1]->mMdmPushClient is :not null
05-22 15:24:55.421 D/MDM :   ( 3216): [null:-1]->mMdmPushClient opened : opened
05-22 15:24:55.437 D/MDM :   ( 3216): [null:-1]->MSG_WEBSOCKET_PONG
05-22 15:24:55.437 W/ActivityManager(  375): Scheduling restart of crashed service com.google.android.apps.maps/com.google.android.location.internal.server.GoogleLocationService in 5000ms
05-22 15:24:56.195 D/dalvikvm(  802): GC_EXPLICIT freed <1K, 24% free 12151K/15964K, paused 3ms+5ms, total 55ms
05-22 15:25:00.452 I/ActivityManager(  375): Start proc com.google.android.apps.maps:GoogleLocationService for service com.google.android.apps.maps/com.google.android.location.internal.server.GoogleLocationService: pid=5687 uid=10038 gids={50038, 3003, 1015, 1028}
05-22 15:25:00.741 W/Parcel  (  802): Attempt to read object from Parcel 0x5f747dac at offset 200 that is not in the object list
05-22 15:25:00.906 W/MountService(  375): getVolumeState(/storage/emulated/0/external_sd): Unknown volume
05-22 15:25:00.906 W/MountService(  375): getVolumeState(/mnt/sdcard-ext): Unknown volume
05-22 15:25:00.921 W/MountService(  375): getVolumeState(/mnt/ext_sdcard): Unknown volume
05-22 15:25:00.921 W/MountService(  375): getVolumeState(/mnt/sdcard2): Unknown volume
05-22 15:25:00.921 W/MountService(  375): getVolumeState(/mnt/emmc): Unknown volume
05-22 15:25:00.929 W/MountService(  375): getVolumeState(/mnt/extSdCard): Unknown volume
05-22 15:25:00.929 W/MountService(  375): getVolumeState(/mnt/sdcard/SD_CARD): Unknown volume
05-22 15:25:00.937 W/MountService(  375): getVolumeState(/mnt/sdcard/extra_sd): Unknown volume
05-22 15:25:00.937 W/MountService(  375): getVolumeState(/mnt/extrasd_bind): Unknown volume
05-22 15:25:00.945 W/MountService(  375): getVolumeState(/mnt/sdcard/ext_sd): Unknown volume
05-22 15:25:00.945 W/MountService(  375): getVolumeState(/storage/extSdCard): Unknown volume
05-22 15:25:00.945 W/MountService(  375): getVolumeState(/storage/sdcard1): Unknown volume
05-22 15:25:00.945 W/MountService(  375): getVolumeState(/mnt/sdcard/external_SD): Unknown volume
05-22 15:25:00.960 W/MountService(  375): getVolumeState(/mnt/sdcard/external_sd): Unknown volume
05-22 15:25:01.054 D/dalvikvm( 5687): GC_CONCURRENT freed 261K, 4% free 9104K/9404K, paused 4ms+12ms, total 168ms
05-22 15:25:01.054 D/dalvikvm( 5687): WAIT_FOR_CONCURRENT_GC blocked 11ms
05-22 15:25:01.101 D/dalvikvm( 5687): GC_FOR_ALLOC freed 73K, 4% free 9262K/9584K, paused 29ms, total 29ms
05-22 15:25:01.124 D/dalvikvm( 1693): GC_CONCURRENT freed 463K, 18% free 9463K/11532K, paused 3ms+3ms, total 135ms
05-22 15:25:01.148 D/dalvikvm( 5687): GC_FOR_ALLOC freed 64K, 5% free 9294K/9684K, paused 33ms, total 33ms
05-22 15:25:01.148 I/dalvikvm-heap( 5687): Grow heap (frag case) to 9.288MB for 186718-byte allocation
05-22 15:25:01.195 D/dalvikvm( 5687): GC_FOR_ALLOC freed <1K, 4% free 9476K/9868K, paused 45ms, total 45ms
05-22 15:25:01.234 I/ActivityManager(  375): No longer want com.dragon.android.pandaspace:bdservice_v1 (pid 5289): empty for 1800s
05-22 15:25:01.249 W/ActivityManager(  375): Scheduling restart of crashed service com.dragon.android.pandaspace/com.baidu.android.moplus.MoPlusService in 5000ms
05-22 15:25:01.390 D/dalvikvm(  375): GC_EXPLICIT freed 981K, 17% free 18854K/22540K, paused 4ms+8ms, total 104ms
05-22 15:25:01.562 W/MountService(  375): getVolumeState(/storage/emulated/0/external_sd): Unknown volume
05-22 15:25:01.562 W/MountService(  375): getVolumeState(/mnt/sdcard-ext): Unknown volume
05-22 15:25:01.562 W/MountService(  375): getVolumeState(/mnt/ext_sdcard): Unknown volume
05-22 15:25:01.562 W/MountService(  375): getVolumeState(/mnt/sdcard2): Unknown volume
05-22 15:25:01.570 W/MountService(  375): getVolumeState(/mnt/emmc): Unknown volume
05-22 15:25:01.570 W/MountService(  375): getVolumeState(/mnt/extSdCard): Unknown volume
05-22 15:25:01.570 W/MountService(  375): getVolumeState(/mnt/sdcard/SD_CARD): Unknown volume
05-22 15:25:01.577 W/MountService(  375): getVolumeState(/mnt/sdcard/extra_sd): Unknown volume
05-22 15:25:01.577 W/MountService(  375): getVolumeState(/mnt/extrasd_bind): Unknown volume
05-22 15:25:01.577 W/MountService(  375): getVolumeState(/mnt/sdcard/ext_sd): Unknown volume
05-22 15:25:01.585 W/MountService(  375): getVolumeState(/storage/extSdCard): Unknown volume
05-22 15:25:01.585 W/MountService(  375): getVolumeState(/storage/sdcard1): Unknown volume
05-22 15:25:01.585 W/MountService(  375): getVolumeState(/mnt/sdcard/external_SD): Unknown volume
05-22 15:25:01.601 W/MountService(  375): getVolumeState(/mnt/sdcard/external_sd): Unknown volume
05-22 15:25:01.671 D/dalvikvm( 5687): GC_CONCURRENT freed 502K, 6% free 9483K/10024K, paused 6ms+3ms, total 86ms
05-22 15:25:01.671 D/dalvikvm( 5687): WAIT_FOR_CONCURRENT_GC blocked 16ms
05-22 15:25:01.687 D/dalvikvm( 1693): GC_CONCURRENT freed 469K, 18% free 9495K/11532K, paused 3ms+25ms, total 137ms
05-22 15:25:01.687 D/dalvikvm( 1693): WAIT_FOR_CONCURRENT_GC blocked 71ms
05-22 15:25:01.695 D/dalvikvm( 1693): WAIT_FOR_CONCURRENT_GC blocked 57ms
05-22 15:25:01.898 D/dalvikvm( 5687): GC_CONCURRENT freed 663K, 8% free 9328K/10032K, paused 3ms+10ms, total 64ms
05-22 15:25:01.898 D/dalvikvm( 5687): WAIT_FOR_CONCURRENT_GC blocked 7ms
05-22 15:25:01.976 W/Parcel  (  802): Attempt to read object from Parcel 0x5dfdfdac at offset 200 that is not in the object list
05-22 15:25:01.984 I/ActivityManager(  375): Start proc com.google.android.apps.maps:FriendService for broadcast com.google.android.apps.maps/com.google.googlenav.friend.android.ServiceReceiver: pid=5709 uid=10038 gids={50038, 3003, 1015, 1028}
05-22 15:25:02.085 W/Parcel  (  802): Attempt to read object from Parcel 0x5ed47dac at offset 200 that is not in the object list
05-22 15:25:02.116 W/Settings( 5687): Setting airplane_mode_on has moved from android.provider.Settings.System to android.provider.Settings.Global, returning read-only value.
05-22 15:25:02.132 I/ActivityManager(  375): Start proc com.google.android.apps.maps:LocationFriendService for broadcast com.google.android.apps.maps/com.google.googlenav.friend.reporting.LocationReportingIntentReceiver: pid=5721 uid=10038 gids={50038, 3003, 1015, 1028}
05-22 15:25:02.335 D/dalvikvm( 5721): GC_CONCURRENT freed 255K, 4% free 9027K/9320K, paused 3ms+3ms, total 39ms
05-22 15:25:02.710 W/Parcel  (  802): Attempt to read object from Parcel 0x5dfdfdac at offset 200 that is not in the object list
05-22 15:25:02.765 D/dalvikvm( 1693): GC_CONCURRENT freed 448K, 19% free 9451K/11532K, paused 4ms+3ms, total 27ms
05-22 15:25:03.140 D/dalvikvm( 5687): GC_CONCURRENT freed 309K, 6% free 9434K/10032K, paused 4ms+3ms, total 44ms
05-22 15:25:04.585 W/ActivityThread( 5687): ClassLoader.loadClass: The class loader returned by Thread.getContextClassLoader() may fail for processes that host multiple applications. You should explicitly specify a context class loader. For example: Thread.setContextClassLoader(getClass().getClassLoader());
05-22 15:25:04.624 D/dalvikvm( 5687): GC_CONCURRENT freed 306K, 6% free 9525K/10032K, paused 4ms+3ms, total 30ms
05-22 15:25:06.273 I/ActivityManager(  375): Start proc com.dragon.android.pandaspace:bdservice_v1 for service com.dragon.android.pandaspace/com.baidu.android.moplus.MoPlusService: pid=5741 uid=10074 gids={50074, 1015, 3003, 1006, 1028}
05-22 15:25:06.288 I/dalvikvm( 5741): Turning on JNI app bug workarounds for target SDK version 8...
05-22 15:25:06.343 D/dalvikvm( 5687): GC_CONCURRENT freed 403K, 5% free 9594K/10036K, paused 4ms+2ms, total 130ms
05-22 15:25:06.406 D/dalvikvm( 5741): Trying to load lib /data/app-lib/com.dragon.android.pandaspace-1/libroot.so 0x422415a0
05-22 15:25:06.413 D/dalvikvm( 5741): Added shared lib /data/app-lib/com.dragon.android.pandaspace-1/libroot.so 0x422415a0
05-22 15:25:06.413 I/RootJni ( 5741): JNI_OnLoad......
05-22 15:25:06.702 D/dalvikvm( 5741): GC_CONCURRENT freed 286K, 4% free 9012K/9340K, paused 5ms+17ms, total 49ms
05-22 15:25:06.734 W/Parcel  (  802): Attempt to read object from Parcel 0x5f747dac at offset 200 that is not in the object list
05-22 15:25:06.851 D/dalvikvm( 5741): GC_CONCURRENT freed 323K, 4% free 9186K/9560K, paused 14ms+8ms, total 39ms
05-22 15:25:07.007 D/dalvikvm( 5741): GC_CONCURRENT freed 287K, 4% free 9405K/9732K, paused 3ms+11ms, total 54ms
05-22 15:25:07.007 D/dalvikvm( 5741): WAIT_FOR_CONCURRENT_GC blocked 1ms
05-22 15:25:07.070 D/dalvikvm( 5741): GC_CONCURRENT freed 410K, 5% free 9468K/9952K, paused 3ms+2ms, total 30ms
05-22 15:25:07.070 D/dalvikvm( 5741): WAIT_FOR_CONCURRENT_GC blocked 6ms
05-22 15:25:07.148 D/dalvikvm( 5741): GC_CONCURRENT freed 421K, 5% free 9512K/10000K, paused 3ms+9ms, total 37ms
05-22 15:25:07.156 I/dalvikvm( 5741): Failed resolving Lcom/baidu/android/nebula/util/BDLocationManager$BaiduLocationListener; interface 1169 'Lcom/baidu/location/BDLocationListener;'
05-22 15:25:07.156 W/dalvikvm( 5741): Link of class 'Lcom/baidu/android/nebula/util/BDLocationManager$BaiduLocationListener;' failed
05-22 15:25:07.163 W/dalvikvm( 5741): VFY: unable to find class referenced in signature (Lcom/baidu/location/LocationClient;)
05-22 15:25:07.163 I/dalvikvm( 5741): Failed resolving Lcom/baidu/android/nebula/util/BDLocationManager$BaiduLocationListener; interface 1169 'Lcom/baidu/location/BDLocationListener;'
05-22 15:25:07.163 W/dalvikvm( 5741): Link of class 'Lcom/baidu/android/nebula/util/BDLocationManager$BaiduLocationListener;' failed
05-22 15:25:07.163 I/dalvikvm( 5741): Failed resolving Lcom/baidu/android/nebula/util/BDLocationManager$BaiduLocationListener; interface 1169 'Lcom/baidu/location/BDLocationListener;'
05-22 15:25:07.163 W/dalvikvm( 5741): Link of class 'Lcom/baidu/android/nebula/util/BDLocationManager$BaiduLocationListener;' failed
05-22 15:25:07.171 I/dalvikvm( 5741): Could not find method com.baidu.location.LocationClient.unRegisterLocationListener, referenced from method com.baidu.android.nebula.util.BDLocationManager.d
05-22 15:25:07.171 W/dalvikvm( 5741): VFY: unable to resolve virtual method 7866: Lcom/baidu/location/LocationClient;.unRegisterLocationListener (Lcom/baidu/location/BDLocationListener;)V
05-22 15:25:07.171 D/dalvikvm( 5741): VFY: replacing opcode 0x6e at 0x0012
05-22 15:25:07.171 E/dalvikvm( 5741): Could not find class 'com.baidu.location.LocationClient', referenced from method com.baidu.android.nebula.util.BDLocationManager.e
05-22 15:25:07.171 W/dalvikvm( 5741): VFY: unable to resolve new-instance 1170 (Lcom/baidu/location/LocationClient;) in Lcom/baidu/android/nebula/util/BDLocationManager;
05-22 15:25:07.171 D/dalvikvm( 5741): VFY: replacing opcode 0x22 at 0x0000
05-22 15:25:07.171 E/dalvikvm( 5741): Could not find class 'com.baidu.location.LocationClientOption', referenced from method com.baidu.android.nebula.util.BDLocationManager.f
05-22 15:25:07.171 W/dalvikvm( 5741): VFY: unable to resolve new-instance 1171 (Lcom/baidu/location/LocationClientOption;) in Lcom/baidu/android/nebula/util/BDLocationManager;
05-22 15:25:07.171 D/dalvikvm( 5741): VFY: replacing opcode 0x22 at 0x0000
05-22 15:25:07.179 W/dalvikvm( 5741): VFY: unable to find class referenced in signature (Lcom/baidu/location/LocationClientOption;)
05-22 15:25:07.179 I/dalvikvm( 5741): Could not find method com.baidu.location.LocationClientOption.setOpenGps, referenced from method com.baidu.android.nebula.util.BDLocationManager.a
05-22 15:25:07.179 W/dalvikvm( 5741): VFY: unable to resolve virtual method 7870: Lcom/baidu/location/LocationClientOption;.setOpenGps (Z)V
05-22 15:25:07.179 D/dalvikvm( 5741): VFY: replacing opcode 0x6e at 0x0009
05-22 15:25:07.179 D/dalvikvm( 5741): DexOpt: unable to opt direct call 0x1eb3 at 0x04 in Lcom/baidu/android/nebula/util/BDLocationManager;.e
05-22 15:25:07.179 I/dalvikvm( 5741): Failed resolving Lcom/baidu/android/nebula/util/BDLocationManager$BaiduLocationListener; interface 1169 'Lcom/baidu/location/BDLocationListener;'
05-22 15:25:07.179 W/dalvikvm( 5741): Link of class 'Lcom/baidu/android/nebula/util/BDLocationManager$BaiduLocationListener;' failed
05-22 15:25:07.179 D/dalvikvm( 5741): DexOpt: unable to opt direct call 0x1cc1 at 0x0b in Lcom/baidu/android/nebula/util/BDLocationManager;.e
05-22 15:25:07.179 D/dalvikvm( 5741): DexOpt: unable to opt direct call 0x1ebb at 0x02 in Lcom/baidu/android/nebula/util/BDLocationManager;.f
05-22 15:25:07.187 W/Parcel  (  802): Attempt to read object from Parcel 0x5dfdfdac at offset 200 that is not in the object list
05-22 15:25:07.265 D/dalvikvm( 5741): GC_CONCURRENT freed 621K, 7% free 9369K/10032K, paused 3ms+4ms, total 39ms
05-22 15:25:07.320 D/dalvikvm( 5741): GC_FOR_ALLOC freed 53K, 6% free 9508K/10032K, paused 20ms, total 20ms
05-22 15:25:07.390 D/dalvikvm( 5741): GC_FOR_ALLOC freed 39K, 4% free 9676K/10052K, paused 20ms, total 21ms
05-22 15:25:07.413 W/Parcel  (  802): Attempt to read object from Parcel 0x5f747dac at offset 200 that is not in the object list
05-22 15:25:07.413 W/Parcel  (  802): Attempt to read object from Parcel 0x5e0dfdac at offset 200 that is not in the object list
05-22 15:25:09.640 I/Email   ( 3921): ReconcilePopImapAccountsSync: start
05-22 15:25:09.663 D/dalvikvm( 3921): GC_CONCURRENT freed 389K, 5% free 9353K/9780K, paused 2ms+10ms, total 39ms
05-22 15:25:09.679 I/Email   ( 3921): ReconcilePopImapAccountsSync: done
05-22 15:25:09.687 W/Email   ( 3921): Received BYE
05-22 15:25:10.077 D/Email   ( 3921): *** synchronizeMailboxGeneric ***
05-22 15:26:00.968 W/MountService(  375): getVolumeState(/storage/emulated/0/external_sd): Unknown volume
05-22 15:26:00.968 W/MountService(  375): getVolumeState(/mnt/sdcard-ext): Unknown volume
05-22 15:26:00.968 W/MountService(  375): getVolumeState(/mnt/ext_sdcard): Unknown volume
05-22 15:26:00.968 W/MountService(  375): getVolumeState(/mnt/sdcard2): Unknown volume
05-22 15:26:00.968 W/MountService(  375): getVolumeState(/mnt/emmc): Unknown volume
05-22 15:26:00.976 W/MountService(  375): getVolumeState(/mnt/extSdCard): Unknown volume
05-22 15:26:00.976 W/MountService(  375): getVolumeState(/mnt/sdcard/SD_CARD): Unknown volume
05-22 15:26:00.976 W/MountService(  375): getVolumeState(/mnt/sdcard/extra_sd): Unknown volume
05-22 15:26:00.976 W/MountService(  375): getVolumeState(/mnt/extrasd_bind): Unknown volume
05-22 15:26:00.976 W/MountService(  375): getVolumeState(/mnt/sdcard/ext_sd): Unknown volume
05-22 15:26:00.984 W/MountService(  375): getVolumeState(/storage/extSdCard): Unknown volume
05-22 15:26:00.984 W/MountService(  375): getVolumeState(/storage/sdcard1): Unknown volume
05-22 15:26:00.984 W/MountService(  375): getVolumeState(/mnt/sdcard/external_SD): Unknown volume
05-22 15:26:00.984 W/MountService(  375): getVolumeState(/mnt/sdcard/external_sd): Unknown volume
05-22 15:26:01.116 D/dalvikvm( 1693): GC_CONCURRENT freed 309K, 17% free 9580K/11532K, paused 4ms+4ms, total 34ms
05-22 15:26:01.335 W/MountService(  375): getVolumeState(/storage/emulated/0/external_sd): Unknown volume
05-22 15:26:01.335 W/MountService(  375): getVolumeState(/mnt/sdcard-ext): Unknown volume
05-22 15:26:01.343 W/MountService(  375): getVolumeState(/mnt/ext_sdcard): Unknown volume
05-22 15:26:01.343 W/MountService(  375): getVolumeState(/mnt/sdcard2): Unknown volume
05-22 15:26:01.343 W/MountService(  375): getVolumeState(/mnt/emmc): Unknown volume
05-22 15:26:01.343 W/MountService(  375): getVolumeState(/mnt/extSdCard): Unknown volume
05-22 15:26:01.343 W/MountService(  375): getVolumeState(/mnt/sdcard/SD_CARD): Unknown volume
05-22 15:26:01.343 W/MountService(  375): getVolumeState(/mnt/sdcard/extra_sd): Unknown volume
05-22 15:26:01.351 W/MountService(  375): getVolumeState(/mnt/extrasd_bind): Unknown volume
05-22 15:26:01.351 W/MountService(  375): getVolumeState(/mnt/sdcard/ext_sd): Unknown volume
05-22 15:26:01.351 W/MountService(  375): getVolumeState(/storage/extSdCard): Unknown volume
05-22 15:26:01.351 W/MountService(  375): getVolumeState(/storage/sdcard1): Unknown volume
05-22 15:26:01.351 W/MountService(  375): getVolumeState(/mnt/sdcard/external_SD): Unknown volume
05-22 15:26:01.351 W/MountService(  375): getVolumeState(/mnt/sdcard/external_sd): Unknown volume
05-22 15:26:01.398 D/dalvikvm( 1693): GC_CONCURRENT freed 604K, 18% free 9486K/11532K, paused 4ms+6ms, total 41ms
05-22 15:26:01.398 D/dalvikvm( 1693): WAIT_FOR_CONCURRENT_GC blocked 2ms
05-22 15:26:41.327 D/dalvikvm(  802): GC_EXPLICIT freed 328K, 24% free 12155K/15964K, paused 2ms+5ms, total 71ms
05-22 15:26:46.390 D/dalvikvm(  802): GC_EXPLICIT freed 4K, 24% free 12151K/15964K, paused 3ms+4ms, total 62ms
05-22 15:26:56.437 D/dalvikvm(  802): GC_EXPLICIT freed <1K, 24% free 12151K/15964K, paused 2ms+5ms, total 103ms
05-22 15:27:01.015 W/MountService(  375): getVolumeState(/storage/emulated/0/external_sd): Unknown volume
05-22 15:27:01.015 W/MountService(  375): getVolumeState(/mnt/sdcard-ext): Unknown volume
05-22 15:27:01.015 W/MountService(  375): getVolumeState(/mnt/ext_sdcard): Unknown volume
05-22 15:27:01.015 W/MountService(  375): getVolumeState(/mnt/sdcard2): Unknown volume
05-22 15:27:01.015 W/MountService(  375): getVolumeState(/mnt/emmc): Unknown volume
05-22 15:27:01.015 W/MountService(  375): getVolumeState(/mnt/extSdCard): Unknown volume
05-22 15:27:01.015 W/MountService(  375): getVolumeState(/mnt/sdcard/SD_CARD): Unknown volume
05-22 15:27:01.023 W/MountService(  375): getVolumeState(/mnt/sdcard/extra_sd): Unknown volume
05-22 15:27:01.023 W/MountService(  375): getVolumeState(/mnt/extrasd_bind): Unknown volume
05-22 15:27:01.023 W/MountService(  375): getVolumeState(/mnt/sdcard/ext_sd): Unknown volume
05-22 15:27:01.023 W/MountService(  375): getVolumeState(/storage/extSdCard): Unknown volume
05-22 15:27:01.023 W/MountService(  375): getVolumeState(/storage/sdcard1): Unknown volume
05-22 15:27:01.023 W/MountService(  375): getVolumeState(/mnt/sdcard/external_SD): Unknown volume
05-22 15:27:01.023 W/MountService(  375): getVolumeState(/mnt/sdcard/external_sd): Unknown volume
05-22 15:27:01.101 D/dalvikvm( 1693): GC_CONCURRENT freed 468K, 19% free 9447K/11532K, paused 3ms+6ms, total 47ms
05-22 15:27:01.226 D/dalvikvm(  517): GC_EXPLICIT freed 221K, 5% free 9259K/9728K, paused 2ms+4ms, total 62ms
05-22 15:27:01.437 D/dalvikvm(  375): GC_EXPLICIT freed 502K, 17% free 18888K/22540K, paused 4ms+9ms, total 98ms
05-22 15:27:01.491 D/dalvikvm( 5584): GC_EXPLICIT freed 169K, 3% free 9135K/9344K, paused 2ms+6ms, total 35ms
05-22 15:27:01.562 W/MountService(  375): getVolumeState(/storage/emulated/0/external_sd): Unknown volume
05-22 15:27:01.562 W/MountService(  375): getVolumeState(/mnt/sdcard-ext): Unknown volume
05-22 15:27:01.562 W/MountService(  375): getVolumeState(/mnt/ext_sdcard): Unknown volume
05-22 15:27:01.570 W/MountService(  375): getVolumeState(/mnt/sdcard2): Unknown volume
05-22 15:27:01.577 W/MountService(  375): getVolumeState(/mnt/emmc): Unknown volume
05-22 15:27:01.577 W/MountService(  375): getVolumeState(/mnt/extSdCard): Unknown volume
05-22 15:27:01.577 W/MountService(  375): getVolumeState(/mnt/sdcard/SD_CARD): Unknown volume
05-22 15:27:01.577 W/MountService(  375): getVolumeState(/mnt/sdcard/extra_sd): Unknown volume
05-22 15:27:01.577 W/MountService(  375): getVolumeState(/mnt/extrasd_bind): Unknown volume
05-22 15:27:01.577 W/MountService(  375): getVolumeState(/mnt/sdcard/ext_sd): Unknown volume
05-22 15:27:01.577 W/MountService(  375): getVolumeState(/storage/extSdCard): Unknown volume
05-22 15:27:01.577 W/MountService(  375): getVolumeState(/storage/sdcard1): Unknown volume
05-22 15:27:01.577 W/MountService(  375): getVolumeState(/mnt/sdcard/external_SD): Unknown volume
05-22 15:27:01.585 W/MountService(  375): getVolumeState(/mnt/sdcard/external_sd): Unknown volume
05-22 15:27:01.601 D/dalvikvm( 1693): GC_CONCURRENT freed 474K, 18% free 9475K/11532K, paused 3ms+5ms, total 49ms
05-22 15:27:01.601 D/dalvikvm( 1693): WAIT_FOR_CONCURRENT_GC blocked 15ms
05-22 15:27:01.609 D/dalvikvm( 1693): WAIT_FOR_CONCURRENT_GC blocked 10ms
05-22 15:27:02.827 W/Parcel  (  802): Attempt to read object from Parcel 0x5dfdfdac at offset 200 that is not in the object list
05-22 15:27:02.882 D/dalvikvm( 1693): GC_CONCURRENT freed 438K, 19% free 9441K/11532K, paused 4ms+4ms, total 27ms
05-22 15:27:43.452 I/ActivityManager(  375): No longer want android.process.acore (pid 517): empty for 1833s
05-22 15:28:01.163 W/MountService(  375): getVolumeState(/storage/emulated/0/external_sd): Unknown volume
05-22 15:28:01.163 W/MountService(  375): getVolumeState(/mnt/sdcard-ext): Unknown volume
05-22 15:28:01.163 W/MountService(  375): getVolumeState(/mnt/ext_sdcard): Unknown volume
05-22 15:28:01.163 W/MountService(  375): getVolumeState(/mnt/sdcard2): Unknown volume
05-22 15:28:01.163 W/MountService(  375): getVolumeState(/mnt/emmc): Unknown volume
05-22 15:28:01.171 W/MountService(  375): getVolumeState(/mnt/extSdCard): Unknown volume
05-22 15:28:01.171 W/MountService(  375): getVolumeState(/mnt/sdcard/SD_CARD): Unknown volume
05-22 15:28:01.171 W/MountService(  375): getVolumeState(/mnt/sdcard/extra_sd): Unknown volume
05-22 15:28:01.179 W/MountService(  375): getVolumeState(/mnt/extrasd_bind): Unknown volume
05-22 15:28:01.179 W/MountService(  375): getVolumeState(/mnt/sdcard/ext_sd): Unknown volume
05-22 15:28:01.179 W/MountService(  375): getVolumeState(/storage/extSdCard): Unknown volume
05-22 15:28:01.179 W/MountService(  375): getVolumeState(/storage/sdcard1): Unknown volume
05-22 15:28:01.179 W/MountService(  375): getVolumeState(/mnt/sdcard/external_SD): Unknown volume
05-22 15:28:01.179 W/MountService(  375): getVolumeState(/mnt/sdcard/external_sd): Unknown volume
05-22 15:28:01.304 D/dalvikvm( 1693): GC_CONCURRENT freed 310K, 18% free 9571K/11532K, paused 4ms+6ms, total 40ms
05-22 15:28:01.320 I/ActivityManager(  375): Start proc android.process.acore for content provider com.android.providers.contacts/.ContactsProvider2: pid=5802 uid=10000 gids={50000, 3003, 1015, 1028}
05-22 15:28:01.531 D/dalvikvm( 5802): GC_CONCURRENT freed 225K, 3% free 9112K/9376K, paused 16ms+5ms, total 50ms
