05-22 15:03:59.116 W/MountService(  375): getVolumeState(/mnt/sdcard/external_SD): Unknown volume
05-22 15:03:59.116 W/MountService(  375): getVolumeState(/mnt/sdcard/external_sd): Unknown volume
05-22 15:03:59.241 D/dalvikvm( 1693): GC_CONCURRENT freed 305K, 17% free 9577K/11532K, paused 4ms+3ms, total 33ms
05-22 15:03:59.281 I/ActivityManager(  375): No longer want com.qihoo360.mobilesafe (pid 2578): empty for 1821s
05-22 15:03:59.421 W/MountService(  375): getVolumeState(/storage/emulated/0/external_sd): Unknown volume
05-22 15:03:59.421 W/MountService(  375): getVolumeState(/mnt/sdcard-ext): Unknown volume
05-22 15:03:59.421 W/MountService(  375): getVolumeState(/mnt/ext_sdcard): Unknown volume
05-22 15:03:59.429 W/MountService(  375): getVolumeState(/mnt/sdcard2): Unknown volume
05-22 15:03:59.429 W/MountService(  375): getVolumeState(/mnt/emmc): Unknown volume
05-22 15:03:59.429 W/MountService(  375): getVolumeState(/mnt/extSdCard): Unknown volume
05-22 15:03:59.429 W/MountService(  375): getVolumeState(/mnt/sdcard/SD_CARD): Unknown volume
05-22 15:03:59.429 W/MountService(  375): getVolumeState(/mnt/sdcard/extra_sd): Unknown volume
05-22 15:03:59.437 W/MountService(  375): getVolumeState(/mnt/extrasd_bind): Unknown volume
05-22 15:03:59.437 W/MountService(  375): getVolumeState(/mnt/sdcard/ext_sd): Unknown volume
05-22 15:03:59.437 W/MountService(  375): getVolumeState(/storage/extSdCard): Unknown volume
05-22 15:03:59.437 W/MountService(  375): getVolumeState(/storage/sdcard1): Unknown volume
05-22 15:03:59.437 W/MountService(  375): getVolumeState(/mnt/sdcard/external_SD): Unknown volume
05-22 15:03:59.437 W/MountService(  375): getVolumeState(/mnt/sdcard/external_sd): Unknown volume
05-22 15:03:59.491 D/dalvikvm( 1693): GC_CONCURRENT freed 605K, 18% free 9482K/11532K, paused 5ms+6ms, total 40ms
05-22 15:04:24.499 D/dalvikvm( 1761): GC_CONCURRENT freed 389K, 8% free 9345K/10060K, paused 2ms+2ms, total 36ms
05-22 15:04:28.507 D/dalvikvm(  854): GC_CONCURRENT freed 387K, 5% free 9474K/9928K, paused 3ms+2ms, total 26ms
05-22 15:04:39.241 D/dalvikvm(  802): GC_EXPLICIT freed 174K, 24% free 12153K/15964K, paused 3ms+4ms, total 55ms
05-22 15:04:44.296 D/dalvikvm(  802): GC_EXPLICIT freed 1K, 24% free 12151K/15964K, paused 3ms+4ms, total 55ms
05-22 15:04:54.296 D/dalvikvm(  802): GC_EXPLICIT freed <1K, 24% free 12151K/15964K, paused 3ms+5ms, total 55ms
05-22 15:04:55.398 I/ActivityManager(  375): No longer want com.android.defcontainer (pid 2563): empty for 1844s
05-22 15:04:55.406 D/MdmService( 3216): [null:-1]->receiver action :com.pekall.mdm.action.MDM_ALARM
05-22 15:04:55.406 D/MdmService( 3216): [null:-1]->keepAliveWithPushServer client is opened:true
05-22 15:04:55.406 D/MDM :   ( 3216): [null:-1]->ping!!!!!!!!!
05-22 15:04:55.406 D/MdmService( 3216): [null:-1]->pushUrl : ws://test.mdm.everknow.cn:9090/websocket
05-22 15:04:55.406 D/MDM :   ( 3216): [null:-1]->mMdmPushClient is :not null
05-22 15:04:55.406 D/MDM :   ( 3216): [null:-1]->mMdmPushClient opened : opened
05-22 15:04:55.429 D/MDM :   ( 3216): [null:-1]->MSG_WEBSOCKET_PONG
05-22 15:04:59.124 W/MountService(  375): getVolumeState(/storage/emulated/0/external_sd): Unknown volume
05-22 15:04:59.124 W/MountService(  375): getVolumeState(/mnt/sdcard-ext): Unknown volume
05-22 15:04:59.124 W/MountService(  375): getVolumeState(/mnt/ext_sdcard): Unknown volume
05-22 15:04:59.124 W/MountService(  375): getVolumeState(/mnt/sdcard2): Unknown volume
05-22 15:04:59.132 W/MountService(  375): getVolumeState(/mnt/emmc): Unknown volume
05-22 15:04:59.132 W/MountService(  375): getVolumeState(/mnt/extSdCard): Unknown volume
05-22 15:04:59.132 W/MountService(  375): getVolumeState(/mnt/sdcard/SD_CARD): Unknown volume
05-22 15:04:59.132 W/MountService(  375): getVolumeState(/mnt/sdcard/extra_sd): Unknown volume
05-22 15:04:59.132 W/MountService(  375): getVolumeState(/mnt/extrasd_bind): Unknown volume
05-22 15:04:59.132 W/MountService(  375): getVolumeState(/mnt/sdcard/ext_sd): Unknown volume
05-22 15:04:59.132 W/MountService(  375): getVolumeState(/storage/extSdCard): Unknown volume
05-22 15:04:59.132 W/MountService(  375): getVolumeState(/storage/sdcard1): Unknown volume
05-22 15:04:59.140 W/MountService(  375): getVolumeState(/mnt/sdcard/external_SD): Unknown volume
05-22 15:04:59.140 W/MountService(  375): getVolumeState(/mnt/sdcard/external_sd): Unknown volume
05-22 15:04:59.218 D/dalvikvm( 1693): GC_CONCURRENT freed 467K, 19% free 9445K/11532K, paused 8ms+4ms, total 47ms
05-22 15:04:59.421 D/dalvikvm(  375): GC_EXPLICIT freed 1387K, 11% free 19079K/21236K, paused 3ms+12ms, total 102ms
05-22 15:04:59.491 D/dalvikvm( 1024): GC_EXPLICIT freed 241K, 6% free 9229K/9752K, paused 2ms+5ms, total 30ms
05-22 15:04:59.601 W/MountService(  375): getVolumeState(/storage/emulated/0/external_sd): Unknown volume
05-22 15:04:59.601 W/MountService(  375): getVolumeState(/mnt/sdcard-ext): Unknown volume
05-22 15:04:59.601 W/MountService(  375): getVolumeState(/mnt/ext_sdcard): Unknown volume
05-22 15:04:59.601 W/MountService(  375): getVolumeState(/mnt/sdcard2): Unknown volume
05-22 15:04:59.601 W/MountService(  375): getVolumeState(/mnt/emmc): Unknown volume
05-22 15:04:59.601 W/MountService(  375): getVolumeState(/mnt/extSdCard): Unknown volume
05-22 15:04:59.601 W/MountService(  375): getVolumeState(/mnt/sdcard/SD_CARD): Unknown volume
05-22 15:04:59.601 W/MountService(  375): getVolumeState(/mnt/sdcard/extra_sd): Unknown volume
05-22 15:04:59.609 W/MountService(  375): getVolumeState(/mnt/extrasd_bind): Unknown volume
05-22 15:04:59.609 W/MountService(  375): getVolumeState(/mnt/sdcard/ext_sd): Unknown volume
05-22 15:04:59.609 W/MountService(  375): getVolumeState(/storage/extSdCard): Unknown volume
05-22 15:04:59.609 W/MountService(  375): getVolumeState(/storage/sdcard1): Unknown volume
05-22 15:04:59.609 W/MountService(  375): getVolumeState(/mnt/sdcard/external_SD): Unknown volume
05-22 15:04:59.616 W/MountService(  375): getVolumeState(/mnt/sdcard/external_sd): Unknown volume
05-22 15:04:59.632 D/dalvikvm( 1693): GC_CONCURRENT freed 458K, 18% free 9489K/11532K, paused 3ms+3ms, total 46ms
05-22 15:04:59.632 D/dalvikvm( 1693): WAIT_FOR_CONCURRENT_GC blocked 15ms
05-22 15:04:59.640 D/dalvikvm( 1693): WAIT_FOR_CONCURRENT_GC blocked 16ms
05-22 15:05:01.038 W/Parcel  (  802): Attempt to read object from Parcel 0x5f747dac at offset 200 that is not in the object list
05-22 15:05:01.101 D/dalvikvm( 1693): GC_CONCURRENT freed 450K, 19% free 9444K/11532K, paused 4ms+2ms, total 28ms
05-22 15:05:59.187 W/MountService(  375): getVolumeState(/storage/emulated/0/external_sd): Unknown volume
05-22 15:05:59.187 W/MountService(  375): getVolumeState(/mnt/sdcard-ext): Unknown volume
05-22 15:05:59.187 W/MountService(  375): getVolumeState(/mnt/ext_sdcard): Unknown volume
05-22 15:05:59.187 W/MountService(  375): getVolumeState(/mnt/sdcard2): Unknown volume
05-22 15:05:59.187 W/MountService(  375): getVolumeState(/mnt/emmc): Unknown volume
05-22 15:05:59.187 W/MountService(  375): getVolumeState(/mnt/extSdCard): Unknown volume
05-22 15:05:59.187 W/MountService(  375): getVolumeState(/mnt/sdcard/SD_CARD): Unknown volume
05-22 15:05:59.195 W/MountService(  375): getVolumeState(/mnt/sdcard/extra_sd): Unknown volume
05-22 15:05:59.195 W/MountService(  375): getVolumeState(/mnt/extrasd_bind): Unknown volume
05-22 15:05:59.195 W/MountService(  375): getVolumeState(/mnt/sdcard/ext_sd): Unknown volume
05-22 15:05:59.195 W/MountService(  375): getVolumeState(/storage/extSdCard): Unknown volume
05-22 15:05:59.195 W/MountService(  375): getVolumeState(/storage/sdcard1): Unknown volume
05-22 15:05:59.195 W/MountService(  375): getVolumeState(/mnt/sdcard/external_SD): Unknown volume
05-22 15:05:59.202 W/MountService(  375): getVolumeState(/mnt/sdcard/external_sd): Unknown volume
05-22 15:05:59.335 D/dalvikvm( 1693): GC_CONCURRENT freed 304K, 17% free 9573K/11532K, paused 3ms+4ms, total 35ms
05-22 15:05:59.491 W/MountService(  375): getVolumeState(/storage/emulated/0/external_sd): Unknown volume
05-22 15:05:59.499 W/MountService(  375): getVolumeState(/mnt/sdcard-ext): Unknown volume
05-22 15:05:59.499 W/MountService(  375): getVolumeState(/mnt/ext_sdcard): Unknown volume
05-22 15:05:59.499 W/MountService(  375): getVolumeState(/mnt/sdcard2): Unknown volume
05-22 15:05:59.499 W/MountService(  375): getVolumeState(/mnt/emmc): Unknown volume
05-22 15:05:59.499 W/MountService(  375): getVolumeState(/mnt/extSdCard): Unknown volume
05-22 15:05:59.499 W/MountService(  375): getVolumeState(/mnt/sdcard/SD_CARD): Unknown volume
05-22 15:05:59.499 W/MountService(  375): getVolumeState(/mnt/sdcard/extra_sd): Unknown volume
05-22 15:05:59.499 W/MountService(  375): getVolumeState(/mnt/extrasd_bind): Unknown volume
05-22 15:05:59.499 W/MountService(  375): getVolumeState(/mnt/sdcard/ext_sd): Unknown volume
05-22 15:05:59.499 W/MountService(  375): getVolumeState(/storage/extSdCard): Unknown volume
05-22 15:05:59.499 W/MountService(  375): getVolumeState(/storage/sdcard1): Unknown volume
05-22 15:05:59.507 W/MountService(  375): getVolumeState(/mnt/sdcard/external_SD): Unknown volume
05-22 15:05:59.507 W/MountService(  375): getVolumeState(/mnt/sdcard/external_sd): Unknown volume
05-22 15:05:59.554 D/dalvikvm( 1693): GC_CONCURRENT freed 588K, 19% free 9441K/11532K, paused 2ms+3ms, total 32ms
05-22 15:06:39.437 D/dalvikvm(  802): GC_EXPLICIT freed 173K, 24% free 12153K/15964K, paused 3ms+4ms, total 110ms
05-22 15:06:44.491 D/dalvikvm(  802): GC_EXPLICIT freed 1K, 24% free 12151K/15964K, paused 2ms+4ms, total 54ms
05-22 15:06:54.491 D/dalvikvm(  802): GC_EXPLICIT freed 32K, 24% free 12154K/15964K, paused 3ms+5ms, total 55ms
05-22 15:06:59.265 W/MountService(  375): getVolumeState(/storage/emulated/0/external_sd): Unknown volume
05-22 15:06:59.265 W/MountService(  375): getVolumeState(/mnt/sdcard-ext): Unknown volume
05-22 15:06:59.265 W/MountService(  375): getVolumeState(/mnt/ext_sdcard): Unknown volume
05-22 15:06:59.265 W/MountService(  375): getVolumeState(/mnt/sdcard2): Unknown volume
05-22 15:06:59.265 W/MountService(  375): getVolumeState(/mnt/emmc): Unknown volume
05-22 15:06:59.265 W/MountService(  375): getVolumeState(/mnt/extSdCard): Unknown volume
05-22 15:06:59.265 W/MountService(  375): getVolumeState(/mnt/sdcard/SD_CARD): Unknown volume
05-22 15:06:59.273 W/MountService(  375): getVolumeState(/mnt/sdcard/extra_sd): Unknown volume
05-22 15:06:59.273 W/MountService(  375): getVolumeState(/mnt/extrasd_bind): Unknown volume
05-22 15:06:59.273 W/MountService(  375): getVolumeState(/mnt/sdcard/ext_sd): Unknown volume
05-22 15:06:59.273 W/MountService(  375): getVolumeState(/storage/extSdCard): Unknown volume
05-22 15:06:59.273 W/MountService(  375): getVolumeState(/storage/sdcard1): Unknown volume
05-22 15:06:59.273 W/MountService(  375): getVolumeState(/mnt/sdcard/external_SD): Unknown volume
05-22 15:06:59.273 W/MountService(  375): getVolumeState(/mnt/sdcard/external_sd): Unknown volume
05-22 15:06:59.343 D/dalvikvm( 1693): GC_CONCURRENT freed 439K, 18% free 9485K/11532K, paused 3ms+4ms, total 62ms
05-22 15:06:59.624 W/MountService(  375): getVolumeState(/storage/emulated/0/external_sd): Unknown volume
05-22 15:06:59.624 W/MountService(  375): getVolumeState(/mnt/sdcard-ext): Unknown volume
05-22 15:06:59.624 W/MountService(  375): getVolumeState(/mnt/ext_sdcard): Unknown volume
05-22 15:06:59.624 W/MountService(  375): getVolumeState(/mnt/sdcard2): Unknown volume
05-22 15:06:59.624 W/MountService(  375): getVolumeState(/mnt/emmc): Unknown volume
05-22 15:06:59.632 W/MountService(  375): getVolumeState(/mnt/extSdCard): Unknown volume
05-22 15:06:59.632 W/MountService(  375): getVolumeState(/mnt/sdcard/SD_CARD): Unknown volume
05-22 15:06:59.632 W/MountService(  375): getVolumeState(/mnt/sdcard/extra_sd): Unknown volume
05-22 15:06:59.632 W/MountService(  375): getVolumeState(/mnt/extrasd_bind): Unknown volume
05-22 15:06:59.632 W/MountService(  375): getVolumeState(/mnt/sdcard/ext_sd): Unknown volume
05-22 15:06:59.632 W/MountService(  375): getVolumeState(/storage/extSdCard): Unknown volume
05-22 15:06:59.632 W/MountService(  375): getVolumeState(/storage/sdcard1): Unknown volume
05-22 15:06:59.640 W/MountService(  375): getVolumeState(/mnt/sdcard/external_SD): Unknown volume
05-22 15:06:59.640 W/MountService(  375): getVolumeState(/mnt/sdcard/external_sd): Unknown volume
05-22 15:06:59.663 D/dalvikvm( 1693): GC_CONCURRENT freed 462K, 18% free 9525K/11532K, paused 4ms+3ms, total 49ms
05-22 15:06:59.663 D/dalvikvm( 1693): WAIT_FOR_CONCURRENT_GC blocked 17ms
05-22 15:06:59.663 D/dalvikvm( 1693): WAIT_FOR_CONCURRENT_GC blocked 16ms
05-22 15:07:01.202 W/Parcel  (  802): Attempt to read object from Parcel 0x5f747dac at offset 200 that is not in the object list
05-22 15:07:01.273 D/dalvikvm( 1693): GC_CONCURRENT freed 483K, 19% free 9446K/11532K, paused 3ms+3ms, total 27ms
05-22 15:07:37.265 D/dalvikvm( 5231): GC_CONCURRENT freed 393K, 5% free 9596K/10028K, paused 2ms+2ms, total 39ms
05-22 15:07:59.304 W/MountService(  375): getVolumeState(/storage/emulated/0/external_sd): Unknown volume
05-22 15:07:59.304 W/MountService(  375): getVolumeState(/mnt/sdcard-ext): Unknown volume
05-22 15:07:59.304 W/MountService(  375): getVolumeState(/mnt/ext_sdcard): Unknown volume
05-22 15:07:59.304 W/MountService(  375): getVolumeState(/mnt/sdcard2): Unknown volume
05-22 15:07:59.304 W/MountService(  375): getVolumeState(/mnt/emmc): Unknown volume
05-22 15:07:59.304 W/MountService(  375): getVolumeState(/mnt/extSdCard): Unknown volume
05-22 15:07:59.312 W/MountService(  375): getVolumeState(/mnt/sdcard/SD_CARD): Unknown volume
05-22 15:07:59.312 W/MountService(  375): getVolumeState(/mnt/sdcard/extra_sd): Unknown volume
05-22 15:07:59.312 W/MountService(  375): getVolumeState(/mnt/extrasd_bind): Unknown volume
05-22 15:07:59.312 W/MountService(  375): getVolumeState(/mnt/sdcard/ext_sd): Unknown volume
05-22 15:07:59.312 W/MountService(  375): getVolumeState(/storage/extSdCard): Unknown volume
05-22 15:07:59.312 W/MountService(  375): getVolumeState(/storage/sdcard1): Unknown volume
05-22 15:07:59.312 W/MountService(  375): getVolumeState(/mnt/sdcard/external_SD): Unknown volume
05-22 15:07:59.320 W/MountService(  375): getVolumeState(/mnt/sdcard/external_sd): Unknown volume
05-22 15:07:59.437 D/dalvikvm( 1693): GC_CONCURRENT freed 305K, 17% free 9575K/11532K, paused 4ms+3ms, total 33ms
05-22 15:07:59.609 W/MountService(  375): getVolumeState(/storage/emulated/0/external_sd): Unknown volume
05-22 15:07:59.616 W/MountService(  375): getVolumeState(/mnt/sdcard-ext): Unknown volume
05-22 15:07:59.616 W/MountService(  375): getVolumeState(/mnt/ext_sdcard): Unknown volume
05-22 15:07:59.616 W/MountService(  375): getVolumeState(/mnt/sdcard2): Unknown volume
05-22 15:07:59.616 W/MountService(  375): getVolumeState(/mnt/emmc): Unknown volume
05-22 15:07:59.616 W/MountService(  375): getVolumeState(/mnt/extSdCard): Unknown volume
05-22 15:07:59.616 W/MountService(  375): getVolumeState(/mnt/sdcard/SD_CARD): Unknown volume
05-22 15:07:59.616 W/MountService(  375): getVolumeState(/mnt/sdcard/extra_sd): Unknown volume
05-22 15:07:59.616 W/MountService(  375): getVolumeState(/mnt/extrasd_bind): Unknown volume
05-22 15:07:59.616 W/MountService(  375): getVolumeState(/mnt/sdcard/ext_sd): Unknown volume
05-22 15:07:59.616 W/MountService(  375): getVolumeState(/storage/extSdCard): Unknown volume
05-22 15:07:59.616 W/MountService(  375): getVolumeState(/storage/sdcard1): Unknown volume
05-22 15:07:59.624 W/MountService(  375): getVolumeState(/mnt/sdcard/external_SD): Unknown volume
05-22 15:07:59.624 W/MountService(  375): getVolumeState(/mnt/sdcard/external_sd): Unknown volume
05-22 15:07:59.671 D/dalvikvm( 1693): GC_CONCURRENT freed 585K, 18% free 9473K/11532K, paused 4ms+3ms, total 37ms
05-22 15:08:31.124 D/dalvikvm(  802): GC_EXPLICIT freed 324K, 24% free 12157K/15964K, paused 3ms+4ms, total 71ms
05-22 15:08:36.187 D/dalvikvm(  802): GC_EXPLICIT freed 6K, 24% free 12151K/15964K, paused 3ms+5ms, total 62ms
05-22 15:08:40.749 W/Parcel  (  802): Attempt to read object from Parcel 0x5dfdfdac at offset 200 that is not in the object list
05-22 15:08:40.765 W/Parcel  (  802): Attempt to read object from Parcel 0x5f747dac at offset 200 that is not in the object list
05-22 15:08:40.773 W/Parcel  (  802): Attempt to read object from Parcel 0x5ed47dac at offset 200 that is not in the object list
05-22 15:08:46.187 D/dalvikvm(  802): GC_EXPLICIT freed 1K, 24% free 12151K/15964K, paused 3ms+4ms, total 54ms
05-22 15:08:51.023 D/dalvikvm( 5438): Late-enabling CheckJNI
05-22 15:08:51.031 I/ActivityManager(  375): Start proc com.pekall.emdm.launcher:remote for service com.pekall.emdm.launcher/com.baidu.location.f: pid=5438 uid=10066 gids={50066, 1015, 3002, 3001, 3003, 1028}
05-22 15:08:51.077 V/MyServiceConnection( 5438): [SConnection] sandbox service is NOT installed.
05-22 15:08:51.077 V/MyServiceConnection( 5438): [SConnection] binding service: pekall.intent.action.SANDBOX_SERVICE
05-22 15:08:51.085 D/ScClassLoader( 5438): >> SOURCE FILE: /data/data/com.pekall.emdm.launcher/app_jars/sc-jdk15on-1.47.0.2.dex.jar
05-22 15:08:51.132 W/Parcel  (  802): Attempt to read object from Parcel 0x5e0dfdac at offset 200 that is not in the object list
05-22 15:08:51.132 W/Parcel  (  802): Attempt to read object from Parcel 0x5dfdfdac at offset 200 that is not in the object list
05-22 15:08:51.140 D/Email   ( 5438): Email: init sandbox at the beginning.
05-22 15:08:51.140 V/MyServiceConnection( 5438): [SConnection] retry to bind service
05-22 15:08:51.140 V/MyServiceConnection( 5438): [SConnection] sandbox service is NOT installed.
05-22 15:08:51.140 V/MyServiceConnection( 5438): [SConnection] binding service: pekall.intent.action.SANDBOX_SERVICE
05-22 15:08:51.148 D/dalvikvm( 5438): GC_CONCURRENT freed 90K, 2% free 9302K/9412K, paused 4ms+2ms, total 51ms
05-22 15:08:51.148 D/dalvikvm( 5438): WAIT_FOR_CONCURRENT_GC blocked 1ms
05-22 15:08:51.156 D/dalvikvm( 5438): WAIT_FOR_CONCURRENT_GC blocked 5ms
05-22 15:08:51.171 V/MyServiceConnection( 5438): [SConnection] retry to bind service
05-22 15:08:51.171 V/MyServiceConnection( 5438): [SConnection] sandbox service is NOT installed.
05-22 15:08:51.171 V/MyServiceConnection( 5438): [SConnection] binding service: pekall.intent.action.SANDBOX_SERVICE
05-22 15:08:51.202 V/l       ( 5438): Bind requested for task setLogging
05-22 15:08:51.226 D/ExchangeService( 3216): !!! EAS ExchangeService, onCreate
05-22 15:08:51.226 W/Parcel  (  802): Attempt to read object from Parcel 0x5f747dac at offset 200 that is not in the object list
05-22 15:08:51.226 D/ExchangeService( 3216): !!! EAS ExchangeService, onStartCommand, startingUp = false, running = false
05-22 15:08:51.226 D/ExchangeService( 3216): to start secureStorageService now
05-22 15:08:51.257 D/ActivityThread( 5438): Loading provider com.pekall.semail.provider;com.pekall.semail.notifier: com.pekall.semail.provider.EmailProvider
05-22 15:08:51.265 V/a       ( 3216): Bind requested for task test
05-22 15:08:51.281 D/dalvikvm( 5438): GC_CONCURRENT freed 267K, 3% free 9558K/9852K, paused 3ms+3ms, total 38ms
05-22 15:08:51.281 D/dalvikvm( 5438): WAIT_FOR_CONCURRENT_GC blocked 16ms
05-22 15:08:51.288 D/ExchangeService( 3216): Reconciling accounts...
05-22 15:08:51.288 V/a       ( 3216): Bind requested for task reconcileAccounts
05-22 15:08:51.288 W/DocumentManager( 5438): Sandbox service is not connected.
05-22 15:08:51.288 D/MessageControllerImpl( 5438): controller is null
05-22 15:08:51.288 V/MyServiceConnection( 5438): [SConnection] retry to bind service
05-22 15:08:51.288 V/MyServiceConnection( 5438): [SConnection] sandbox service is NOT installed.
05-22 15:08:51.288 V/MyServiceConnection( 5438): [SConnection] binding service: pekall.intent.action.SANDBOX_SERVICE
05-22 15:08:51.296 V/a       ( 3216): Connected: com.pekall.semail.service.AccountServiceInternal
05-22 15:08:51.296 W/SQLiteOpenHelper( 5438): Opened /data/data/com.pekall.emdm.launcher/databases/message.db
05-22 15:08:51.296 W/dalvikvm( 5438): No implementation found for native Lcom/pekall/sandbox/database/sqlite/SQLiteDatabase;.native_setSqliteSoftHeapLimit:(I)V
05-22 15:08:51.296 D/AndroidRuntime( 5438): Shutting down VM
05-22 15:08:51.296 W/dalvikvm( 5438): threadid=1: thread exiting with uncaught exception (group=0x41993700)
05-22 15:08:51.296 D/        ( 5438): [---null: -1---]  Thread is main
05-22 15:08:51.296 W/System.err( 5438): java.lang.UnsatisfiedLinkError: Native method not found: com.pekall.sandbox.database.sqlite.SQLiteDatabase.native_setSqliteSoftHeapLimit:(I)V
05-22 15:08:51.312 W/System.err( 5438): 	at com.pekall.sandbox.database.sqlite.SQLiteDatabase.native_setSqliteSoftHeapLimit(Native Method)
05-22 15:08:51.312 W/System.err( 5438): 	at com.pekall.sandbox.database.sqlite.SQLiteDatabase.<init>(Unknown Source)
05-22 15:08:51.312 W/System.err( 5438): 	at com.pekall.sandbox.database.sqlite.SQLiteDatabase.openDatabase(Unknown Source)
05-22 15:08:51.312 W/System.err( 5438): 	at com.pekall.sandbox.database.sqlite.SQLiteDatabase.openDatabase(Unknown Source)
05-22 15:08:51.312 W/System.err( 5438): 	at com.pekall.sandbox.database.sqlite.SQLiteDatabase.openDatabase(Unknown Source)
05-22 15:08:51.312 V/a       ( 3216): Connection test succeeded in 48ms
05-22 15:08:51.312 W/System.err( 5438): 	at com.pekall.sandbox.database.sqlite.SQLiteOpenHelper.getWritableDatabase(Unknown Source)
05-22 15:08:51.312 W/System.err( 5438): 	at com.pekall.emdm.messagecenter.db.a.a(Unknown Source)
05-22 15:08:51.312 W/System.err( 5438): 	at com.pekall.emdm.messagecenter.db.a.b(Unknown Source)
05-22 15:08:51.312 W/System.err( 5438): 	at com.pekall.emdm.messagecenter.activity.a.onCreate(Unknown Source)
05-22 15:08:51.312 W/System.err( 5438): 	at com.pekall.emdm.launcher.LauncherApplication.onCreate(Unknown Source)
05-22 15:08:51.312 W/System.err( 5438): 	at android.app.Instrumentation.callApplicationOnCreate(Instrumentation.java:1007)
05-22 15:08:51.312 W/System.err( 5438): 	at android.app.ActivityThread.handleBindApplication(ActivityThread.java:4444)
05-22 15:08:51.312 W/System.err( 5438): 	at android.app.ActivityThread.access$1300(ActivityThread.java:141)
05-22 15:08:51.312 W/System.err( 5438): 	at android.app.ActivityThread$H.handleMessage(ActivityThread.java:1316)
05-22 15:08:51.312 W/System.err( 5438): 	at android.os.Handler.dispatchMessage(Handler.java:99)
05-22 15:08:51.312 W/System.err( 5438): 	at android.os.Looper.loop(Looper.java:137)
05-22 15:08:51.312 W/System.err( 5438): 	at android.app.ActivityThread.main(ActivityThread.java:5103)
05-22 15:08:51.312 W/System.err( 5438): 	at java.lang.reflect.Method.invokeNative(Native Method)
05-22 15:08:51.312 W/System.err( 5438): 	at java.lang.reflect.Method.invoke(Method.java:525)
05-22 15:08:51.312 W/System.err( 5438): 	at com.android.internal.os.ZygoteInit$MethodAndArgsCaller.run(ZygoteInit.java:737)
05-22 15:08:51.312 W/System.err( 5438): 	at com.android.internal.os.ZygoteInit.main(ZygoteInit.java:553)
05-22 15:08:51.312 W/System.err( 5438): 	at dalvik.system.NativeStart.main(Native Method)
05-22 15:08:51.327 V/a       ( 3216): Task test completed; disconnecting
05-22 15:08:51.327 V/a       ( 3216): Connected: com.pekall.semail.service.AccountServiceInternal
05-22 15:08:51.343 V/a       ( 3216): Waiting for task reconcileAccounts to complete...
05-22 15:08:51.343 D/dalvikvm( 5438): WAIT_FOR_CONCURRENT_GC blocked 80ms
05-22 15:08:51.351 V/a       ( 3216): Task reconcileAccounts completed; disconnecting
05-22 15:08:51.359 V/a       ( 3216): Wait for reconcileAccounts finished in 22ms
05-22 15:08:51.429 D/dalvikvm( 5438): GC_CONCURRENT freed 248K, 3% free 9711K/10000K, paused 9ms+14ms, total 65ms
05-22 15:08:51.491 D/ExchangeService( 3216): !!! EAS ExchangeService, stopping self
05-22 15:08:51.507 W/EmailProvider( 5438): restoreIfNeeded...
05-22 15:08:51.507 D/EmailProvider( 5438): restoreAccounts...
05-22 15:08:51.765 D/ActivityThread( 5438): Loading provider com.pekall.semail.provider;com.pekall.semail.notifier: com.pekall.semail.provider.EmailProvider
05-22 15:08:52.421 D/EmailProvider( 5438): No accounts to restore...
05-22 15:08:52.421 D/EmailProvider( 5438): Deleting orphans...
05-22 15:08:52.421 D/EmailProvider( 5438): EmailProvider pre-caching...
05-22 15:08:52.874 D/EmailProvider( 5438): EmailProvider ready.
05-22 15:08:52.999 W/ActivityManager(  375): Unable to start service Intent { cmp=com.pekall.emdm.launcher/com.pekall.semail.service.AttachmentDownloadService } U=0: not found
05-22 15:08:53.007 I/Email   ( 5438): Notifications being toggled: false
05-22 15:08:59.671 W/MountService(  375): getVolumeState(/storage/emulated/0/external_sd): Unknown volume
05-22 15:08:59.749 W/MountService(  375): getVolumeState(/mnt/sdcard-ext): Unknown volume
05-22 15:08:59.749 W/MountService(  375): getVolumeState(/mnt/ext_sdcard): Unknown volume
05-22 15:08:59.788 W/MountService(  375): getVolumeState(/mnt/sdcard2): Unknown volume
05-22 15:08:59.804 W/MountService(  375): getVolumeState(/mnt/emmc): Unknown volume
05-22 15:08:59.820 W/MountService(  375): getVolumeState(/mnt/extSdCard): Unknown volume
05-22 15:08:59.835 W/MountService(  375): getVolumeState(/mnt/sdcard/SD_CARD): Unknown volume
05-22 15:08:59.843 W/MountService(  375): getVolumeState(/mnt/sdcard/extra_sd): Unknown volume
05-22 15:08:59.859 W/MountService(  375): getVolumeState(/mnt/extrasd_bind): Unknown volume
05-22 15:08:59.866 W/MountService(  375): getVolumeState(/mnt/sdcard/ext_sd): Unknown volume
05-22 15:08:59.890 W/MountService(  375): getVolumeState(/storage/extSdCard): Unknown volume
05-22 15:08:59.890 W/MountService(  375): getVolumeState(/storage/sdcard1): Unknown volume
05-22 15:08:59.921 W/MountService(  375): getVolumeState(/mnt/sdcard/external_SD): Unknown volume
05-22 15:08:59.937 W/MountService(  375): getVolumeState(/mnt/sdcard/external_sd): Unknown volume
05-22 15:09:01.273 D/dalvikvm( 1693): GC_CONCURRENT freed 490K, 19% free 9444K/11532K, paused 45ms+3ms, total 1192ms
05-22 15:09:01.499 W/Parcel  (  802): Attempt to read object from Parcel 0x5e0dfdac at offset 200 that is not in the object list
05-22 15:09:03.413 W/MountService(  375): getVolumeState(/storage/emulated/0/external_sd): Unknown volume
05-22 15:09:03.491 W/MountService(  375): getVolumeState(/mnt/sdcard-ext): Unknown volume
05-22 15:09:03.491 W/MountService(  375): getVolumeState(/mnt/ext_sdcard): Unknown volume
05-22 15:09:03.491 W/MountService(  375): getVolumeState(/mnt/sdcard2): Unknown volume
05-22 15:09:03.507 W/MountService(  375): getVolumeState(/mnt/emmc): Unknown volume
05-22 15:09:03.515 W/MountService(  375): getVolumeState(/mnt/extSdCard): Unknown volume
05-22 15:09:03.515 W/MountService(  375): getVolumeState(/mnt/sdcard/SD_CARD): Unknown volume
05-22 15:09:03.531 W/MountService(  375): getVolumeState(/mnt/sdcard/extra_sd): Unknown volume
05-22 15:09:03.546 W/MountService(  375): getVolumeState(/mnt/extrasd_bind): Unknown volume
05-22 15:09:03.546 W/MountService(  375): getVolumeState(/mnt/sdcard/ext_sd): Unknown volume
05-22 15:09:03.562 W/MountService(  375): getVolumeState(/storage/extSdCard): Unknown volume
05-22 15:09:03.577 W/MountService(  375): getVolumeState(/storage/sdcard1): Unknown volume
05-22 15:09:03.577 W/MountService(  375): getVolumeState(/mnt/sdcard/external_SD): Unknown volume
05-22 15:09:03.788 W/MountService(  375): getVolumeState(/mnt/sdcard/external_sd): Unknown volume
05-22 15:09:03.859 D/dalvikvm( 1693): GC_CONCURRENT freed 461K, 18% free 9490K/11532K, paused 157ms+219ms, total 1078ms
05-22 15:09:03.859 D/dalvikvm( 1693): WAIT_FOR_CONCURRENT_GC blocked 397ms
05-22 15:09:03.874 D/dalvikvm( 1693): WAIT_FOR_CONCURRENT_GC blocked 70ms
05-22 15:09:05.163 D/dalvikvm( 1693): GC_CONCURRENT freed 450K, 19% free 9449K/11532K, paused 10ms+174ms, total 555ms
05-22 15:09:11.054 W/ActivityManager(  375): Timeout executing service: ServiceRecord{428ef990 u0 com.pekall.emdm.launcher/com.baidu.location.f}
05-22 15:09:11.077 I/Process (  375): Sending signal. PID: 5438 SIG: 3
05-22 15:09:11.077 I/dalvikvm( 5438): threadid=3: reacting to signal 3
05-22 15:09:11.281 I/Process (  375): Sending signal. PID: 375 SIG: 3
05-22 15:09:11.281 I/dalvikvm(  375): threadid=3: reacting to signal 3
05-22 15:09:11.327 D/dalvikvm( 5438): JIT unchain all for threadid=11
05-22 15:09:11.398 I/dalvikvm( 5438): Wrote stack traces to '/data/anr/traces.txt'
05-22 15:09:13.906 I/Process (  375): Sending signal. PID: 450 SIG: 3
05-22 15:09:13.906 I/dalvikvm(  450): threadid=3: reacting to signal 3
05-22 15:09:13.921 I/dalvikvm(  375): Wrote stack traces to '/data/anr/traces.txt'
05-22 15:09:14.031 I/dalvikvm(  450): Wrote stack traces to '/data/anr/traces.txt'
05-22 15:09:14.031 I/Process (  375): Sending signal. PID: 580 SIG: 3
05-22 15:09:14.031 I/dalvikvm(  580): threadid=3: reacting to signal 3
05-22 15:09:14.031 I/Process (  375): Sending signal. PID: 587 SIG: 3
05-22 15:09:14.031 I/dalvikvm(  587): threadid=3: reacting to signal 3
05-22 15:09:14.093 I/dalvikvm(  580): Wrote stack traces to '/data/anr/traces.txt'
05-22 15:09:14.109 I/dalvikvm(  587): Wrote stack traces to '/data/anr/traces.txt'
05-22 15:09:14.671 D/dalvikvm(  375): JIT code cache reset in 6 ms (1048456 bytes 3/0)
05-22 15:09:14.687 D/dalvikvm(  375): GC_EXPLICIT freed 1911K, 10% free 19284K/21240K, paused 4ms+17ms, total 114ms
05-22 15:09:15.312 I/Process (  375): Sending signal. PID: 3216 SIG: 3
05-22 15:09:15.312 I/dalvikvm( 3216): threadid=3: reacting to signal 3
05-22 15:09:15.523 E/ActivityManager(  375): ANR in com.pekall.emdm.launcher:remote
05-22 15:09:15.523 E/ActivityManager(  375): Reason: Executing service com.pekall.emdm.launcher/com.baidu.location.f
05-22 15:09:15.523 E/ActivityManager(  375): Load: 1.84 / 1.27 / 1.53
05-22 15:09:15.523 E/ActivityManager(  375): CPU usage from 6055ms to 0ms ago:
05-22 15:09:15.523 E/ActivityManager(  375):   99% 3216/com.pekall.emdm.launcher: 99% user + 0% kernel
05-22 15:09:15.523 E/ActivityManager(  375):   99% 5438/com.pekall.emdm.launcher:remote: 99% user + 0% kernel
05-22 15:09:15.523 E/ActivityManager(  375):   0.3% 375/system_server: 0.1% user + 0.1% kernel
05-22 15:09:15.523 E/ActivityManager(  375):   0.3% 1693/com.qihoo.daemon: 0.3% user + 0% kernel / faults: 3 minor
05-22 15:09:15.523 E/ActivityManager(  375):   0.1% 854/com.qihoo.appstore: 0.1% user + 0% kernel / faults: 1 minor
05-22 15:09:15.523 E/ActivityManager(  375): 100% TOTAL: 99% user + 0% kernel
05-22 15:09:15.523 E/ActivityManager(  375): CPU usage from 3640ms to 4202ms later:
05-22 15:09:15.523 E/ActivityManager(  375):   100% 5438/com.pekall.emdm.launcher:remote: 100% user + 0% kernel
05-22 15:09:15.523 E/ActivityManager(  375):     101% 5451/Thread-243: 101% user + 0% kernel
05-22 15:09:15.523 E/ActivityManager(  375):   92% 3216/com.pekall.emdm.launcher: 92% user + 0% kernel
05-22 15:09:15.523 E/ActivityManager(  375):     91% 3229/Thread-183: 91% user + 0% kernel
05-22 15:09:15.523 E/ActivityManager(  375):   7.1% 375/system_server: 1.7% user + 5.3% kernel / faults: 41 minor
05-22 15:09:15.523 E/ActivityManager(  375):     5.3% 391/ActivityManager: 0% user + 5.3% kernel
05-22 15:09:15.523 E/ActivityManager(  375): 100% TOTAL: 96% user + 3.5% kernel
05-22 15:09:15.531 W/ActivityManager(  375): Killing ProcessRecord{42756e48 5438:com.pekall.emdm.launcher:remote/u0a10066}: background ANR
05-22 15:09:15.562 D/dalvikvm( 3216): JIT unchain all for threadid=11
05-22 15:09:15.656 D/dalvikvm(  375): GC_FOR_ALLOC freed 429K, 11% free 19529K/21892K, paused 104ms, total 104ms
05-22 15:09:15.656 I/dalvikvm-heap(  375): Grow heap (frag case) to 19.486MB for 393236-byte allocation
05-22 15:09:15.757 I/dalvikvm( 3216): Wrote stack traces to '/data/anr/traces.txt'
05-22 15:09:15.765 D/dalvikvm(  375): GC_FOR_ALLOC freed 256K, 12% free 19657K/22280K, paused 109ms, total 109ms
05-22 15:09:15.859 D/dalvikvm(  375): GC_FOR_ALLOC freed <1K, 12% free 19657K/22280K, paused 97ms, total 97ms
05-22 15:09:15.859 I/dalvikvm-heap(  375): Grow heap (frag case) to 19.486MB for 262190-byte allocation
05-22 15:09:15.999 D/dalvikvm(  375): GC_FOR_ALLOC freed <1K, 12% free 19913K/22540K, paused 137ms, total 137ms
05-22 15:09:16.148 D/dalvikvm(  375): GC_FOR_ALLOC freed 776K, 16% free 19137K/22540K, paused 146ms, total 151ms
05-22 15:09:16.163 D/ExchangeService( 3216): !!! EAS ExchangeService, onDestroy
05-22 15:09:16.163 I/ActivityManager(  375): Process com.pekall.emdm.launcher:remote (pid 5438) has died.
05-22 15:09:16.163 W/ActivityManager(  375): Scheduling restart of crashed service com.pekall.emdm.launcher/com.baidu.location.f in 5120000ms
05-22 15:09:55.406 D/MdmService( 3216): [null:-1]->receiver action :com.pekall.mdm.action.MDM_ALARM
05-22 15:09:55.406 D/ProfileManager( 3216): [null:-1]->check policy checking :false
05-22 15:09:55.421 D/com.pekall.restrictions.policy( 3216): [null:-1]->allowBluetooth : null
05-22 15:09:55.421 D/com.pekall.restrictions.policy( 3216): [null:-1]->ensureSimulateLocation :null
05-22 15:09:55.421 D/com.pekall.restrictions.policy( 3216): [null:-1]->allowUseNetworkDate : null
05-22 15:09:55.429 E/DatabaseUtils(  375): Writing exception to parcel
05-22 15:09:55.429 E/DatabaseUtils(  375): java.lang.SecurityException: Permission denial: writing to secure settings requires android.permission.WRITE_SECURE_SETTINGS
05-22 15:09:55.429 E/DatabaseUtils(  375): 	at com.android.providers.settings.SettingsProvider.checkWritePermissions(SettingsProvider.java:279)
05-22 15:09:55.429 E/DatabaseUtils(  375): 	at com.android.providers.settings.SettingsProvider.insertForUser(SettingsProvider.java:897)
05-22 15:09:55.429 E/DatabaseUtils(  375): 	at com.android.providers.settings.SettingsProvider.callFromPackage(SettingsProvider.java:634)
05-22 15:09:55.429 E/DatabaseUtils(  375): 	at android.content.ContentProvider$Transport.call(ContentProvider.java:279)
05-22 15:09:55.429 E/DatabaseUtils(  375): 	at android.content.ContentProviderNative.onTransact(ContentProviderNative.java:273)
05-22 15:09:55.429 E/DatabaseUtils(  375): 	at android.os.Binder.execTransact(Binder.java:388)
05-22 15:09:55.429 E/DatabaseUtils(  375): 	at dalvik.system.NativeStart.run(Native Method)
05-22 15:09:55.437 D/com.pekall.restrictions.policy( 3216): [null:-1]->allowUseNetworkDate error
05-22 15:09:55.437 D/com.pekall.restrictions.policy( 3216): java.lang.SecurityException: Permission denial: writing to secure settings requires android.permission.WRITE_SECURE_SETTINGS
05-22 15:09:55.437 D/com.pekall.restrictions.policy( 3216): 	at android.os.Parcel.readException(Parcel.java:1431)
05-22 15:09:55.437 D/com.pekall.restrictions.policy( 3216): 	at android.database.DatabaseUtils.readExceptionFromParcel(DatabaseUtils.java:185)
05-22 15:09:55.437 D/com.pekall.restrictions.policy( 3216): 	at android.database.DatabaseUtils.readExceptionFromParcel(DatabaseUtils.java:137)
05-22 15:09:55.437 D/com.pekall.restrictions.policy( 3216): 	at android.content.ContentProviderProxy.call(ContentProviderNative.java:602)
05-22 15:09:55.437 D/com.pekall.restrictions.policy( 3216): 	at android.provider.Settings$NameValueCache.putStringForUser(Settings.java:818)
05-22 15:09:55.437 D/com.pekall.restrictions.policy( 3216): 	at android.provider.Settings$Global.putStringForUser(Settings.java:5529)
05-22 15:09:55.437 D/com.pekall.restrictions.policy( 3216): 	at android.provider.Settings$Global.putString(Settings.java:5519)
05-22 15:09:55.437 D/com.pekall.restrictions.policy( 3216): 	at android.provider.Settings$Global.putInt(Settings.java:5607)
05-22 15:09:55.437 D/com.pekall.restrictions.policy( 3216): 	at com.pekall.emdm.b.c.b.j.c(Unknown Source)
05-22 15:09:55.437 D/com.pekall.restrictions.policy( 3216): 	at com.pekall.emdm.b.c.b.j.h(Unknown Source)
05-22 15:09:55.437 D/com.pekall.restrictions.policy( 3216): 	at com.pekall.emdm.b.c.e.run(Unknown Source)
05-22 15:09:55.437 D/com.pekall.restrictions.policy( 3216): [null:-1]->allowNFC : null
05-22 15:09:55.445 D/InnerClass( 3216): [null:-1]->enableNfc : 
05-22 15:09:55.445 D/InnerClass( 3216): java.lang.reflect.InvocationTargetException
05-22 15:09:55.445 D/InnerClass( 3216): 	at java.lang.reflect.Method.invokeNative(Native Method)
05-22 15:09:55.445 D/InnerClass( 3216): 	at java.lang.reflect.Method.invoke(Method.java:525)
05-22 15:09:55.445 D/InnerClass( 3216): 	at com.pekall.emdm.c.i.a(Unknown Source)
05-22 15:09:55.445 D/InnerClass( 3216): 	at com.pekall.emdm.c.c.a(Unknown Source)
05-22 15:09:55.445 D/InnerClass( 3216): 	at com.pekall.emdm.b.c.b.j.b(Unknown Source)
05-22 15:09:55.445 D/InnerClass( 3216): 	at com.pekall.emdm.b.c.b.j.h(Unknown Source)
05-22 15:09:55.445 D/InnerClass( 3216): 	at com.pekall.emdm.b.c.e.run(Unknown Source)
05-22 15:09:55.445 D/InnerClass( 3216): Caused by: java.lang.SecurityException: WRITE_SECURE_SETTINGS permission required: Neither user 10066 nor current process has android.permission.WRITE_SECURE_SETTINGS.
05-22 15:09:55.445 D/InnerClass( 3216): 	at android.os.Parcel.readException(Parcel.java:1431)
05-22 15:09:55.445 D/InnerClass( 3216): 	at android.os.Parcel.readException(Parcel.java:1385)
05-22 15:09:55.445 D/InnerClass( 3216): 	at android.nfc.INfcAdapter$Stub$Proxy.disable(INfcAdapter.java:252)
05-22 15:09:55.445 D/InnerClass( 3216): 	at android.nfc.NfcAdapter.disable(NfcAdapter.java:574)
05-22 15:09:55.445 D/InnerClass( 3216): 	... 7 more
05-22 15:09:59.476 W/MountService(  375): getVolumeState(/storage/emulated/0/external_sd): Unknown volume
05-22 15:09:59.476 W/MountService(  375): getVolumeState(/mnt/sdcard-ext): Unknown volume
05-22 15:09:59.476 W/MountService(  375): getVolumeState(/mnt/ext_sdcard): Unknown volume
05-22 15:09:59.476 W/MountService(  375): getVolumeState(/mnt/sdcard2): Unknown volume
05-22 15:09:59.476 W/MountService(  375): getVolumeState(/mnt/emmc): Unknown volume
05-22 15:09:59.476 W/MountService(  375): getVolumeState(/mnt/extSdCard): Unknown volume
05-22 15:09:59.476 W/MountService(  375): getVolumeState(/mnt/sdcard/SD_CARD): Unknown volume
05-22 15:09:59.484 W/MountService(  375): getVolumeState(/mnt/sdcard/extra_sd): Unknown volume
05-22 15:09:59.484 W/MountService(  375): getVolumeState(/mnt/extrasd_bind): Unknown volume
05-22 15:09:59.484 W/MountService(  375): getVolumeState(/mnt/sdcard/ext_sd): Unknown volume
05-22 15:09:59.484 W/MountService(  375): getVolumeState(/storage/extSdCard): Unknown volume
05-22 15:09:59.484 W/MountService(  375): getVolumeState(/storage/sdcard1): Unknown volume
05-22 15:09:59.484 W/MountService(  375): getVolumeState(/mnt/sdcard/external_SD): Unknown volume
05-22 15:09:59.484 W/MountService(  375): getVolumeState(/mnt/sdcard/external_sd): Unknown volume
05-22 15:09:59.632 D/dalvikvm( 1693): GC_CONCURRENT freed 312K, 17% free 9578K/11532K, paused 4ms+4ms, total 35ms
05-22 15:09:59.835 W/MountService(  375): getVolumeState(/storage/emulated/0/external_sd): Unknown volume
05-22 15:09:59.835 W/MountService(  375): getVolumeState(/mnt/sdcard-ext): Unknown volume
05-22 15:09:59.835 W/MountService(  375): getVolumeState(/mnt/ext_sdcard): Unknown volume
05-22 15:09:59.843 W/MountService(  375): getVolumeState(/mnt/sdcard2): Unknown volume
05-22 15:09:59.843 W/MountService(  375): getVolumeState(/mnt/emmc): Unknown volume
05-22 15:09:59.843 W/MountService(  375): getVolumeState(/mnt/extSdCard): Unknown volume
05-22 15:09:59.843 W/MountService(  375): getVolumeState(/mnt/sdcard/SD_CARD): Unknown volume
05-22 15:09:59.843 W/MountService(  375): getVolumeState(/mnt/sdcard/extra_sd): Unknown volume
05-22 15:09:59.843 W/MountService(  375): getVolumeState(/mnt/extrasd_bind): Unknown volume
05-22 15:09:59.843 W/MountService(  375): getVolumeState(/mnt/sdcard/ext_sd): Unknown volume
05-22 15:09:59.843 W/MountService(  375): getVolumeState(/storage/extSdCard): Unknown volume
05-22 15:09:59.843 W/MountService(  375): getVolumeState(/storage/sdcard1): Unknown volume
05-22 15:09:59.843 W/MountService(  375): getVolumeState(/mnt/sdcard/external_SD): Unknown volume
05-22 15:09:59.843 W/MountService(  375): getVolumeState(/mnt/sdcard/external_sd): Unknown volume
05-22 15:09:59.906 D/dalvikvm( 1693): GC_CONCURRENT freed 537K, 18% free 9497K/11532K, paused 3ms+6ms, total 33ms
05-22 15:10:08.874 I/ActivityManager(  375): No longer want com.google.android.exchange (pid 3938): empty for 1804s
05-22 15:10:08.906 I/Email   ( 3921): ReconcilePopImapAccountsSync: start
05-22 15:10:08.929 I/Email   ( 3921): ReconcilePopImapAccountsSync: done
05-22 15:10:08.937 W/Email   ( 3921): Received BYE
05-22 15:10:09.452 D/Email   ( 3921): *** synchronizeMailboxGeneric ***
05-22 15:10:41.366 D/dalvikvm(  802): GC_EXPLICIT freed 208K, 24% free 12154K/15964K, paused 3ms+4ms, total 109ms
05-22 15:10:46.421 D/dalvikvm(  802): GC_EXPLICIT freed 3K, 24% free 12150K/15964K, paused 2ms+5ms, total 54ms
05-22 15:10:56.468 D/dalvikvm(  802): GC_EXPLICIT freed <1K, 24% free 12150K/15964K, paused 2ms+4ms, total 101ms
05-22 15:10:59.507 W/MountService(  375): getVolumeState(/storage/emulated/0/external_sd): Unknown volume
05-22 15:10:59.507 W/MountService(  375): getVolumeState(/mnt/sdcard-ext): Unknown volume
05-22 15:10:59.507 W/MountService(  375): getVolumeState(/mnt/ext_sdcard): Unknown volume
05-22 15:10:59.507 W/MountService(  375): getVolumeState(/mnt/sdcard2): Unknown volume
05-22 15:10:59.507 W/MountService(  375): getVolumeState(/mnt/emmc): Unknown volume
05-22 15:10:59.515 W/MountService(  375): getVolumeState(/mnt/extSdCard): Unknown volume
05-22 15:10:59.515 W/MountService(  375): getVolumeState(/mnt/sdcard/SD_CARD): Unknown volume
05-22 15:10:59.515 W/MountService(  375): getVolumeState(/mnt/sdcard/extra_sd): Unknown volume
05-22 15:10:59.515 W/MountService(  375): getVolumeState(/mnt/extrasd_bind): Unknown volume
05-22 15:10:59.515 W/MountService(  375): getVolumeState(/mnt/sdcard/ext_sd): Unknown volume
05-22 15:10:59.515 W/MountService(  375): getVolumeState(/storage/extSdCard): Unknown volume
05-22 15:10:59.515 W/MountService(  375): getVolumeState(/storage/sdcard1): Unknown volume
05-22 15:10:59.515 W/MountService(  375): getVolumeState(/mnt/sdcard/external_SD): Unknown volume
05-22 15:10:59.515 W/MountService(  375): getVolumeState(/mnt/sdcard/external_sd): Unknown volume
05-22 15:10:59.585 D/dalvikvm( 1693): GC_CONCURRENT freed 463K, 18% free 9491K/11532K, paused 4ms+4ms, total 63ms
05-22 15:10:59.874 W/MountService(  375): getVolumeState(/storage/emulated/0/external_sd): Unknown volume
05-22 15:10:59.874 W/MountService(  375): getVolumeState(/mnt/sdcard-ext): Unknown volume
05-22 15:10:59.874 W/MountService(  375): getVolumeState(/mnt/ext_sdcard): Unknown volume
05-22 15:10:59.874 W/MountService(  375): getVolumeState(/mnt/sdcard2): Unknown volume
05-22 15:10:59.874 W/MountService(  375): getVolumeState(/mnt/emmc): Unknown volume
05-22 15:10:59.874 W/MountService(  375): getVolumeState(/mnt/extSdCard): Unknown volume
05-22 15:10:59.874 W/MountService(  375): getVolumeState(/mnt/sdcard/SD_CARD): Unknown volume
05-22 15:10:59.882 W/MountService(  375): getVolumeState(/mnt/sdcard/extra_sd): Unknown volume
05-22 15:10:59.882 W/MountService(  375): getVolumeState(/mnt/extrasd_bind): Unknown volume
05-22 15:10:59.882 W/MountService(  375): getVolumeState(/mnt/sdcard/ext_sd): Unknown volume
05-22 15:10:59.882 W/MountService(  375): getVolumeState(/storage/extSdCard): Unknown volume
05-22 15:10:59.882 W/MountService(  375): getVolumeState(/storage/sdcard1): Unknown volume
05-22 15:10:59.882 W/MountService(  375): getVolumeState(/mnt/sdcard/external_SD): Unknown volume
05-22 15:10:59.882 W/MountService(  375): getVolumeState(/mnt/sdcard/external_sd): Unknown volume
05-22 15:10:59.906 D/dalvikvm( 1693): GC_CONCURRENT freed 508K, 18% free 9494K/11532K, paused 2ms+4ms, total 45ms
05-22 15:10:59.906 D/dalvikvm( 1693): WAIT_FOR_CONCURRENT_GC blocked 15ms
05-22 15:10:59.913 D/dalvikvm( 1693): WAIT_FOR_CONCURRENT_GC blocked 12ms
05-22 15:11:01.351 W/Parcel  (  802): Attempt to read object from Parcel 0x5f747dac at offset 200 that is not in the object list
05-22 15:11:01.406 D/dalvikvm( 1693): GC_CONCURRENT freed 461K, 19% free 9453K/11532K, paused 4ms+3ms, total 31ms
05-22 15:11:03.054 D/dalvikvm(  854): GC_CONCURRENT freed 387K, 5% free 9474K/9928K, paused 3ms+2ms, total 25ms
05-22 15:11:59.570 W/MountService(  375): getVolumeState(/storage/emulated/0/external_sd): Unknown volume
05-22 15:11:59.577 W/MountService(  375): getVolumeState(/mnt/sdcard-ext): Unknown volume
05-22 15:11:59.577 W/MountService(  375): getVolumeState(/mnt/ext_sdcard): Unknown volume
05-22 15:11:59.577 W/MountService(  375): getVolumeState(/mnt/sdcard2): Unknown volume
05-22 15:11:59.577 W/MountService(  375): getVolumeState(/mnt/emmc): Unknown volume
05-22 15:11:59.577 W/MountService(  375): getVolumeState(/mnt/extSdCard): Unknown volume
05-22 15:11:59.577 W/MountService(  375): getVolumeState(/mnt/sdcard/SD_CARD): Unknown volume
05-22 15:11:59.577 W/MountService(  375): getVolumeState(/mnt/sdcard/extra_sd): Unknown volume
05-22 15:11:59.577 W/MountService(  375): getVolumeState(/mnt/extrasd_bind): Unknown volume
05-22 15:11:59.585 W/MountService(  375): getVolumeState(/mnt/sdcard/ext_sd): Unknown volume
05-22 15:11:59.585 W/MountService(  375): getVolumeState(/storage/extSdCard): Unknown volume
05-22 15:11:59.585 W/MountService(  375): getVolumeState(/storage/sdcard1): Unknown volume
05-22 15:11:59.585 W/MountService(  375): getVolumeState(/mnt/sdcard/external_SD): Unknown volume
05-22 15:11:59.585 W/MountService(  375): getVolumeState(/mnt/sdcard/external_sd): Unknown volume
05-22 15:11:59.726 D/dalvikvm( 1693): GC_CONCURRENT freed 305K, 17% free 9581K/11532K, paused 4ms+4ms, total 39ms
05-22 15:11:59.921 W/MountService(  375): getVolumeState(/storage/emulated/0/external_sd): Unknown volume
05-22 15:11:59.921 W/MountService(  375): getVolumeState(/mnt/sdcard-ext): Unknown volume
05-22 15:11:59.921 W/MountService(  375): getVolumeState(/mnt/ext_sdcard): Unknown volume
05-22 15:11:59.921 W/MountService(  375): getVolumeState(/mnt/sdcard2): Unknown volume
05-22 15:11:59.921 W/MountService(  375): getVolumeState(/mnt/emmc): Unknown volume
05-22 15:11:59.929 W/MountService(  375): getVolumeState(/mnt/extSdCard): Unknown volume
05-22 15:11:59.929 W/MountService(  375): getVolumeState(/mnt/sdcard/SD_CARD): Unknown volume
05-22 15:11:59.929 W/MountService(  375): getVolumeState(/mnt/sdcard/extra_sd): Unknown volume
05-22 15:11:59.929 W/MountService(  375): getVolumeState(/mnt/extrasd_bind): Unknown volume
05-22 15:11:59.929 W/MountService(  375): getVolumeState(/mnt/sdcard/ext_sd): Unknown volume
05-22 15:11:59.929 W/MountService(  375): getVolumeState(/storage/extSdCard): Unknown volume
05-22 15:11:59.929 W/MountService(  375): getVolumeState(/storage/sdcard1): Unknown volume
05-22 15:11:59.929 W/MountService(  375): getVolumeState(/mnt/sdcard/external_SD): Unknown volume
05-22 15:11:59.937 W/MountService(  375): getVolumeState(/mnt/sdcard/external_sd): Unknown volume
05-22 15:11:59.984 D/dalvikvm( 1693): GC_CONCURRENT freed 622K, 18% free 9469K/11532K, paused 3ms+3ms, total 41ms
05-22 15:11:59.984 D/dalvikvm( 1693): WAIT_FOR_CONCURRENT_GC blocked 8ms
05-22 15:12:39.773 D/dalvikvm(  802): GC_EXPLICIT freed 173K, 24% free 12152K/15964K, paused 2ms+5ms, total 55ms
05-22 15:12:44.827 D/dalvikvm(  802): GC_EXPLICIT freed 1K, 24% free 12150K/15964K, paused 3ms+4ms, total 55ms
05-22 15:12:55.398 D/dalvikvm(  802): GC_EXPLICIT freed <1K, 24% free 12150K/15964K, paused 4ms+94ms, total 623ms
05-22 15:12:56.991 I/ActivityManager(  375): Process com.android.settings (pid 1719) has died.
05-22 15:12:59.991 I/ActivityManager(  375): No longer want com.tencent.android.qqdownloader:uninstall (pid 1345): empty for 1855s
05-22 15:13:01.273 W/MountService(  375): getVolumeState(/storage/emulated/0/external_sd): Unknown volume
05-22 15:13:01.288 W/MountService(  375): getVolumeState(/mnt/sdcard-ext): Unknown volume
05-22 15:13:01.312 W/MountService(  375): getVolumeState(/mnt/ext_sdcard): Unknown volume
05-22 15:13:01.312 W/MountService(  375): getVolumeState(/mnt/sdcard2): Unknown volume
05-22 15:13:01.320 W/MountService(  375): getVolumeState(/mnt/emmc): Unknown volume
05-22 15:13:01.320 W/MountService(  375): getVolumeState(/mnt/extSdCard): Unknown volume
05-22 15:13:01.320 W/MountService(  375): getVolumeState(/mnt/sdcard/SD_CARD): Unknown volume
05-22 15:13:01.335 W/MountService(  375): getVolumeState(/mnt/sdcard/extra_sd): Unknown volume
05-22 15:13:01.335 W/MountService(  375): getVolumeState(/mnt/extrasd_bind): Unknown volume
05-22 15:13:01.335 W/MountService(  375): getVolumeState(/mnt/sdcard/ext_sd): Unknown volume
05-22 15:13:01.335 W/MountService(  375): getVolumeState(/storage/extSdCard): Unknown volume
05-22 15:13:01.343 W/MountService(  375): getVolumeState(/storage/sdcard1): Unknown volume
05-22 15:13:01.343 W/MountService(  375): getVolumeState(/mnt/sdcard/external_SD): Unknown volume
05-22 15:13:01.343 W/MountService(  375): getVolumeState(/mnt/sdcard/external_sd): Unknown volume
05-22 15:13:01.773 W/Parcel  (  802): Attempt to read object from Parcel 0x5e0dfdac at offset 200 that is not in the object list
05-22 15:13:01.835 D/dalvikvm( 1693): GC_CONCURRENT freed 442K, 18% free 9538K/11532K, paused 20ms+12ms, total 97ms
05-22 15:13:01.835 D/dalvikvm( 1693): WAIT_FOR_CONCURRENT_GC blocked 38ms
05-22 15:13:01.851 D/dalvikvm( 1693): WAIT_FOR_CONCURRENT_GC blocked 46ms
