05-20 16:36:50.916 E/ActivityManager(  374):   0.1% 1615/logcat: 0.1% user + 0% kernel
05-20 16:36:50.916 E/ActivityManager(  374):   0.1% 2771/android.process.media: 0% user + 0% kernel / faults: 20 minor
05-20 16:36:50.916 E/ActivityManager(  374):   0.1% 4648/logcat: 0.1% user + 0% kernel
05-20 16:36:50.916 E/ActivityManager(  374):   0.1% 6189/kworker/u:0: 0% user + 0.1% kernel
05-20 16:36:50.916 E/ActivityManager(  374):   0.1% 6216/kworker/u:2: 0% user + 0.1% kernel
05-20 16:36:50.916 E/ActivityManager(  374):   0% 24/kswapd0: 0% user + 0% kernel
05-20 16:36:50.916 E/ActivityManager(  374):   0% 95/ueventd: 0% user + 0% kernel
05-20 16:36:50.916 E/ActivityManager(  374):   0% 114/jbd2/mmcblk0p12: 0% user + 0% kernel
05-20 16:36:50.916 E/ActivityManager(  374):   0% 121/netd: 0% user + 0% kernel
05-20 16:36:50.916 E/ActivityManager(  374):   0% 133/sdcard: 0% user + 0% kernel
05-20 16:36:50.916 E/ActivityManager(  374):   0% 2267/com.tencent.android.qqdownloader: 0% user + 0% kernel / faults: 3 minor
05-20 16:36:50.916 E/ActivityManager(  374):   0% 5500/com.dragon.android.pandaspace:bdservice_v1: 0% user + 0% kernel / faults: 2 minor
05-20 16:36:50.916 E/ActivityManager(  374):   0% 6345/com.nd.assistance: 0% user + 0% kernel / faults: 13 minor
05-20 16:36:50.916 E/ActivityManager(  374): 100% TOTAL: 94% user + 5.9% kernel
05-20 16:36:50.916 E/ActivityManager(  374): CPU usage from 10147ms to 10745ms later:
05-20 16:36:50.916 E/ActivityManager(  374):   71% 6748/com.pekall.emdm.launcher: 71% user + 0% kernel
05-20 16:36:50.916 E/ActivityManager(  374):     73% 6761/Thread-1830: 73% user + 0% kernel
05-20 16:36:50.916 E/ActivityManager(  374):   71% 6957/uiautomator: 71% user + 0% kernel / faults: 1 minor
05-20 16:36:50.916 E/ActivityManager(  374):     73% 6957/uiautomator: 71% user + 1.6% kernel
05-20 16:36:50.916 E/ActivityManager(  374):   30% 6921/com.pekall.emdm.launcher:remote: 30% user + 0% kernel
05-20 16:36:50.916 E/ActivityManager(  374):     30% 6935/Thread-1840: 30% user + 0% kernel
05-20 16:36:50.916 E/ActivityManager(  374):   15% 374/system_server: 6.6% user + 8.3% kernel / faults: 9 minor
05-20 16:36:50.916 E/ActivityManager(  374):     6.6% 390/ActivityManager: 1.6% user + 5% kernel
05-20 16:36:50.916 E/ActivityManager(  374):     1.6% 386/SensorService: 0% user + 1.6% kernel
05-20 16:36:50.916 E/ActivityManager(  374):     1.6% 388/UI: 0% user + 1.6% kernel
05-20 16:36:50.916 E/ActivityManager(  374):     1.6% 595/Binder_5: 1.6% user + 0% kernel
05-20 16:36:50.916 E/ActivityManager(  374):     1.6% 1318/Binder_D: 1.6% user + 0% kernel
05-20 16:36:50.916 E/ActivityManager(  374):     1.6% 3489/Binder_10: 1.6% user + 0% kernel
05-20 16:36:50.916 E/ActivityManager(  374):   6.6% 127/mediaserver: 6.6% user + 0% kernel
05-20 16:36:50.916 E/ActivityManager(  374):     3.3% 206/FastMixer: 3.3% user + 0% kernel
05-20 16:36:50.916 E/ActivityManager(  374):   2.9% 2462/com.dragon.android.pandaspace: 2.9% user + 0% kernel / faults: 15 minor
05-20 16:36:50.916 E/ActivityManager(  374):     0.9% 6978/Timer-54: 0.9% user + 0% kernel
05-20 16:36:50.916 E/ActivityManager(  374):   1.6% 1661/com.qihoo360.mobilesafe:GuardService: 1.6% user + 0% kernel
05-20 16:36:50.916 E/ActivityManager(  374):     1.6% 1661/fe:GuardService: 1.6% user + 0% kernel
05-20 16:36:50.916 E/ActivityManager(  374): 100% TOTAL: 95% user + 4.2% kernel
05-20 16:36:50.916 W/ActivityManager(  374): Killing ProcessRecord{426b1af8 6921:com.pekall.emdm.launcher:remote/u0a10066}: background ANR
05-20 16:36:51.010 I/ActivityManager(  374): Process com.pekall.emdm.launcher:remote (pid 6921) has died.
05-20 16:36:51.017 W/ActivityManager(  374): Scheduling restart of crashed service com.pekall.emdm.launcher/com.baidu.location.f in 20000ms
05-20 16:37:11.033 I/ActivityManager(  374): Start proc com.pekall.emdm.launcher:remote for service com.pekall.emdm.launcher/com.baidu.location.f: pid=6995 uid=10066 gids={50066, 1015, 3002, 3001, 3003, 1028}
05-20 16:37:11.228 D/ActivityThread( 6995): Loading provider com.pekall.semail.provider;com.pekall.semail.notifier: com.pekall.semail.provider.EmailProvider
05-20 16:37:11.260 D/ActivityThread( 6995): Loading provider com.pekall.semail.provider;com.pekall.semail.notifier: com.pekall.semail.provider.EmailProvider
05-20 16:37:14.830 W/ActivityManager(  374): Unable to start service Intent { cmp=com.pekall.emdm.launcher/com.pekall.semail.service.AttachmentDownloadService } U=0: not found
05-20 16:37:18.681 I/PowerManagerService(  374): Going to sleep due to screen timeout...
05-20 16:37:24.580 D/PhoneStatusBar(  448): disable: < expand icons alerts ticker system_info back home RECENT* clock SEARCH* >
05-20 16:37:24.736 D/PhoneStatusBar(  448): disable: < expand icons alerts ticker system_info BACK* HOME* RECENT CLOCK* SEARCH >
05-20 16:37:28.713 W/MountService(  374): getVolumeState(/storage/emulated/0/external_sd): Unknown volume
05-20 16:37:28.736 W/MountService(  374): getVolumeState(/mnt/sdcard-ext): Unknown volume
05-20 16:37:28.760 W/MountService(  374): getVolumeState(/mnt/ext_sdcard): Unknown volume
05-20 16:37:28.775 W/MountService(  374): getVolumeState(/mnt/sdcard2): Unknown volume
05-20 16:37:28.791 W/MountService(  374): getVolumeState(/mnt/emmc): Unknown volume
05-20 16:37:28.814 W/MountService(  374): getVolumeState(/mnt/extSdCard): Unknown volume
05-20 16:37:28.814 W/MountService(  374): getVolumeState(/mnt/sdcard/SD_CARD): Unknown volume
05-20 16:37:28.853 W/MountService(  374): getVolumeState(/mnt/sdcard/extra_sd): Unknown volume
05-20 16:37:28.885 W/MountService(  374): getVolumeState(/mnt/extrasd_bind): Unknown volume
05-20 16:37:28.900 W/MountService(  374): getVolumeState(/mnt/sdcard/ext_sd): Unknown volume
05-20 16:37:28.931 W/MountService(  374): getVolumeState(/storage/extSdCard): Unknown volume
05-20 16:37:28.931 W/MountService(  374): getVolumeState(/storage/sdcard1): Unknown volume
05-20 16:37:28.978 W/MountService(  374): getVolumeState(/mnt/sdcard/external_SD): Unknown volume
05-20 16:37:28.994 W/MountService(  374): getVolumeState(/mnt/sdcard/external_sd): Unknown volume
05-20 16:37:29.955 W/BroadcastQueue(  374): Timeout of broadcast BroadcastRecord{4320f9a0 u-1 android.intent.action.SCREEN_OFF} - receiver=android.os.BinderProxy@429ae360, started 10001ms ago
05-20 16:37:29.955 W/BroadcastQueue(  374): Receiver during timeout: BroadcastFilter{4294a390 u0 ReceiverList{4294bb30 6995 com.pekall.emdm.launcher:remote/10066/u0 remote:429ae360}}
05-20 16:37:38.392 E/ActivityManager(  374): ANR in com.pekall.emdm.launcher:remote
05-20 16:37:38.392 E/ActivityManager(  374): Reason: Broadcast of Intent { act=android.intent.action.SCREEN_OFF flg=0x50000010 }
05-20 16:37:38.392 E/ActivityManager(  374): Load: 3.49 / 2.63 / 2.29
05-20 16:37:38.392 E/ActivityManager(  374): CPU usage from 623ms to -8387ms ago with 99% awake:
05-20 16:37:38.392 E/ActivityManager(  374):   85% 6995/com.pekall.emdm.launcher:remote: 85% user + 0.2% kernel / faults: 116 minor
05-20 16:37:38.392 E/ActivityManager(  374):   84% 6748/com.pekall.emdm.launcher: 84% user + 0.3% kernel / faults: 162 minor
05-20 16:37:38.392 E/ActivityManager(  374):   20% 374/system_server: 16% user + 4.7% kernel / faults: 662 minor
05-20 16:37:38.392 E/ActivityManager(  374):   3.6% 448/com.android.systemui: 3.2% user + 0.4% kernel / faults: 25 minor
05-20 16:37:38.392 E/ActivityManager(  374):   2.2% 1468/com.qihoo.daemon: 1.3% user + 0.8% kernel / faults: 928 minor
05-20 16:37:38.392 E/ActivityManager(  374):   0.9% 1661/com.qihoo360.mobilesafe:GuardService: 0.5% user + 0.4% kernel / faults: 39 minor
05-20 16:37:38.392 E/ActivityManager(  374):   0.1% 561/com.android.phone: 0% user + 0% kernel / faults: 33 minor
05-20 16:37:38.392 E/ActivityManager(  374):   0.1% 568/com.android.nfc: 0% user + 0% kernel / faults: 30 minor
05-20 16:37:38.392 E/ActivityManager(  374):   0.2% 135/adbd: 0% user + 0.2% kernel
05-20 16:37:38.392 E/ActivityManager(  374):   0% 2771/android.process.media: 0% user + 0% kernel / faults: 40 minor
05-20 16:37:38.392 E/ActivityManager(  374):   0% 82/mmcqd/0: 0% user + 0% kernel
05-20 16:37:38.392 E/ActivityManager(  374):   0.1% 6497/com.qihoo.appstore: 0.1% user + 0% kernel / faults: 2 minor
05-20 16:37:38.392 E/ActivityManager(  374):   0.1% 7031/logcat: 0% user + 0.1% kernel
05-20 16:37:38.392 E/ActivityManager(  374): 100% TOTAL: 96% user + 3.8% kernel
05-20 16:37:38.392 E/ActivityManager(  374): CPU usage from 7015ms to 7583ms later:
05-20 16:37:38.392 E/ActivityManager(  374):   90% 6995/com.pekall.emdm.launcher:remote: 90% user + 0% kernel
05-20 16:37:38.392 E/ActivityManager(  374):     91% 7009/Thread-1843: 91% user + 0% kernel
05-20 16:37:38.392 E/ActivityManager(  374):   83% 6748/com.pekall.emdm.launcher: 83% user + 0% kernel
05-20 16:37:38.392 E/ActivityManager(  374):     81% 6761/Thread-1830: 81% user + 0% kernel
05-20 16:37:38.392 E/ActivityManager(  374):   14% 374/system_server: 7% user + 7% kernel / faults: 11 minor
05-20 16:37:38.392 E/ActivityManager(  374):     10% 390/ActivityManager: 3.5% user + 7% kernel
05-20 16:37:38.392 E/ActivityManager(  374):     1.7% 1646/Binder_E: 1.7% user + 0% kernel
05-20 16:37:38.392 E/ActivityManager(  374):   5.2% 1468/com.qihoo.daemon: 5.2% user + 0% kernel / faults: 97 minor
05-20 16:37:38.392 E/ActivityManager(  374):     3.5% 1471/GC: 3.5% user + 0% kernel
05-20 16:37:38.392 E/ActivityManager(  374):   0.9% 1661/com.qihoo360.mobilesafe:GuardService: 0% user + 0.9% kernel
05-20 16:37:38.392 E/ActivityManager(  374):   1% 2771/android.process.media: 1% user + 0% kernel / faults: 15 minor
05-20 16:37:38.392 E/ActivityManager(  374): 100% TOTAL: 96% user + 3.5% kernel
05-20 16:37:38.400 W/ActivityManager(  374): Killing ProcessRecord{42295068 6995:com.pekall.emdm.launcher:remote/u0a10066}: background ANR
05-20 16:37:38.400 W/ActivityManager(  374): Timeout executing service: ServiceRecord{42f34e08 u0 com.pekall.emdm.launcher/com.baidu.location.f}
05-20 16:37:38.400 I/ActivityManager(  374): Skipping duplicate ANR: ProcessRecord{42295068 6995:com.pekall.emdm.launcher:remote/u0a10066} Executing service com.pekall.emdm.launcher/com.baidu.location.f
05-20 16:37:38.596 I/ActivityManager(  374): Process com.pekall.emdm.launcher:remote (pid 6995) has died.
05-20 16:37:38.596 W/ActivityManager(  374): Scheduling restart of crashed service com.pekall.emdm.launcher/com.baidu.location.f in 5000ms
05-20 16:37:38.892 W/MountService(  374): getVolumeState(/storage/emulated/0/external_sd): Unknown volume
05-20 16:37:38.892 W/MountService(  374): getVolumeState(/mnt/sdcard-ext): Unknown volume
05-20 16:37:38.892 W/MountService(  374): getVolumeState(/mnt/ext_sdcard): Unknown volume
05-20 16:37:38.892 W/MountService(  374): getVolumeState(/mnt/sdcard2): Unknown volume
05-20 16:37:38.892 W/MountService(  374): getVolumeState(/mnt/emmc): Unknown volume
05-20 16:37:38.900 W/MountService(  374): getVolumeState(/mnt/extSdCard): Unknown volume
05-20 16:37:38.900 W/MountService(  374): getVolumeState(/mnt/sdcard/SD_CARD): Unknown volume
05-20 16:37:38.900 W/MountService(  374): getVolumeState(/mnt/sdcard/extra_sd): Unknown volume
05-20 16:37:38.900 W/MountService(  374): getVolumeState(/mnt/extrasd_bind): Unknown volume
05-20 16:37:38.900 W/MountService(  374): getVolumeState(/mnt/sdcard/ext_sd): Unknown volume
05-20 16:37:38.908 W/MountService(  374): getVolumeState(/storage/extSdCard): Unknown volume
05-20 16:37:38.916 W/MountService(  374): getVolumeState(/storage/sdcard1): Unknown volume
05-20 16:37:38.916 W/MountService(  374): getVolumeState(/mnt/sdcard/external_SD): Unknown volume
05-20 16:37:38.931 W/MountService(  374): getVolumeState(/mnt/sdcard/external_sd): Unknown volume
05-20 16:37:40.752 I/PowerManagerService(  374): Waking up from sleep...
05-20 16:37:40.767 I/ActivityManager(  374): No longer want com.google.android.apps.maps:GoogleLocationService (pid 5432): empty for 1800s
05-20 16:37:40.806 I/WindowManager(  374): Lock screen displayed!
05-20 16:37:40.838 W/ActivityManager(  374): Scheduling restart of crashed service com.google.android.apps.maps/com.google.android.location.internal.server.GoogleLocationService in 12755ms
05-20 16:37:41.135 I/ActivityManager(  374): No longer want com.google.android.apps.maps:FriendService (pid 5453): empty for 1800s
05-20 16:37:41.306 W/BroadcastQueue(  374): Failure sending broadcast Intent { act=android.intent.action.SCREEN_ON flg=0x50000010 }
05-20 16:37:41.306 W/BroadcastQueue(  374): android.os.DeadObjectException
05-20 16:37:41.306 W/BroadcastQueue(  374): 	at android.os.BinderProxy.transact(Native Method)
05-20 16:37:41.306 W/BroadcastQueue(  374): 	at android.content.IIntentReceiver$Stub$Proxy.performReceive(IIntentReceiver.java:124)
05-20 16:37:41.306 W/BroadcastQueue(  374): 	at com.android.server.am.BroadcastQueue.performReceiveLocked(BroadcastQueue.java:376)
05-20 16:37:41.306 W/BroadcastQueue(  374): 	at com.android.server.am.BroadcastQueue.deliverToRegisteredReceiverLocked(BroadcastQueue.java:449)
05-20 16:37:41.306 W/BroadcastQueue(  374): 	at com.android.server.am.BroadcastQueue.processNextBroadcast(BroadcastQueue.java:656)
05-20 16:37:41.306 W/BroadcastQueue(  374): 	at com.android.server.am.ActivityManagerService.finishReceiver(ActivityManagerService.java:12390)
05-20 16:37:41.306 W/BroadcastQueue(  374): 	at android.app.ActivityManagerNative.onTransact(ActivityManagerNative.java:379)
05-20 16:37:41.306 W/BroadcastQueue(  374): 	at com.android.server.am.ActivityManagerService.onTransact(ActivityManagerService.java:1737)
05-20 16:37:41.306 W/BroadcastQueue(  374): 	at android.os.Binder.execTransact(Binder.java:388)
05-20 16:37:41.306 W/BroadcastQueue(  374): 	at dalvik.system.NativeStart.run(Native Method)
05-20 16:37:43.603 I/ActivityManager(  374): Start proc com.pekall.emdm.launcher:remote for service com.pekall.emdm.launcher/com.baidu.location.f: pid=7060 uid=10066 gids={50066, 1015, 3002, 3001, 3003, 1028}
05-20 16:37:43.619 I/ActivityManager(  374): No longer want com.google.android.apps.maps:LocationFriendService (pid 5466): empty for 1802s
05-20 16:37:43.846 D/ActivityThread( 7060): Loading provider com.pekall.semail.provider;com.pekall.semail.notifier: com.pekall.semail.provider.EmailProvider
05-20 16:37:43.869 D/ActivityThread( 7060): Loading provider com.pekall.semail.provider;com.pekall.semail.notifier: com.pekall.semail.provider.EmailProvider
05-20 16:37:47.916 I/PowerManagerService(  374): Going to sleep due to device administration policy...
05-20 16:37:48.869 W/ActivityManager(  374): Unable to start service Intent { cmp=com.pekall.emdm.launcher/com.pekall.semail.service.AttachmentDownloadService } U=0: not found
05-20 16:37:53.635 I/ActivityManager(  374): Start proc com.google.android.apps.maps:GoogleLocationService for service com.google.android.apps.maps/com.google.android.location.internal.server.GoogleLocationService: pid=7103 uid=10038 gids={50038, 3003, 1015, 1028}
05-20 16:37:57.291 I/PowerManagerService(  374): Waking up from sleep...
05-20 16:37:58.689 D/PhoneStatusBar(  448): disable: < expand icons alerts ticker system_info BACK HOME recent* CLOCK search* >
05-20 16:37:58.783 W/BroadcastQueue(  374): Timeout of broadcast BroadcastRecord{42d5d370 u-1 android.intent.action.SCREEN_OFF} - receiver=android.os.BinderProxy@4291a2b8, started 10000ms ago
05-20 16:37:58.783 W/BroadcastQueue(  374): Receiver during timeout: BroadcastFilter{4286fe30 u0 ReceiverList{4287ec40 7060 com.pekall.emdm.launcher:remote/10066/u0 remote:4291a2b8}}
05-20 16:37:58.806 I/WindowManager(  374): No lock screen!
05-20 16:37:58.853 D/PhoneStatusBar(  448): disable: < expand icons alerts ticker system_info back* home* recent clock* search >
05-20 16:37:58.892 W/InputMethodManagerService(  374): Window already focused, ignoring focus gain of: com.android.internal.view.IInputMethodClient$Stub$Proxy@428f5138 attribute=android.view.inputmethod.EditorInfo@429b4da0, token = android.os.BinderProxy@42a4c3e0
05-20 16:38:12.471 W/ProcessStats(  374): Skipping unknown process pid 7101
05-20 16:38:13.010 W/ProcessStats(  374): Skipping unknown process pid 7142
05-20 16:38:13.010 W/ProcessStats(  374): Skipping unknown process pid 7144
05-20 16:38:14.205 E/ActivityManager(  374): ANR in com.pekall.emdm.launcher:remote
05-20 16:38:14.205 E/ActivityManager(  374): Reason: Broadcast of Intent { act=android.intent.action.SCREEN_OFF flg=0x50000010 }
05-20 16:38:14.205 E/ActivityManager(  374): Load: 3.9 / 2.82 / 2.36
05-20 16:38:14.205 E/ActivityManager(  374): CPU usage from 0ms to 15388ms later:
05-20 16:38:14.205 E/ActivityManager(  374):   87% 6748/com.pekall.emdm.launcher: 86% user + 0.9% kernel / faults: 1960 minor
05-20 16:38:14.205 E/ActivityManager(  374):   85% 7060/com.pekall.emdm.launcher:remote: 84% user + 0.2% kernel / faults: 112 minor
05-20 16:38:14.205 E/ActivityManager(  374):   13% 374/system_server: 9.6% user + 3.9% kernel / faults: 712 minor
05-20 16:38:14.205 E/ActivityManager(  374):   3.3% 7103/com.google.android.apps.maps:GoogleLocationService: 2.8% user + 0.4% kernel / faults: 1675 minor 1 major
05-20 16:38:14.205 E/ActivityManager(  374):   2.2% 448/com.android.systemui: 1.9% user + 0.3% kernel / faults: 40 minor
05-20 16:38:14.205 E/ActivityManager(  374):   0.3% 124/surfaceflinger: 0.2% user + 0.1% kernel / faults: 1 minor
05-20 16:38:14.205 E/ActivityManager(  374):   0.3% 561/com.android.phone: 0.3% user + 0% kernel / faults: 30 minor
05-20 16:38:14.205 E/ActivityManager(  374):   0.1% 568/com.android.nfc: 0% user + 0% kernel / faults: 34 minor
05-20 16:38:14.205 E/ActivityManager(  374):   0.1% 6497/com.qihoo.appstore: 0.1% user + 0% kernel / faults: 2 minor
05-20 16:38:14.205 E/ActivityManager(  374):   0.1% 135/adbd: 0% user + 0.1% kernel / faults: 19 minor
05-20 16:38:14.205 E/ActivityManager(  374):   0.1% 6726/kworker/u:5: 0% user + 0.1% kernel
05-20 16:38:14.205 E/ActivityManager(  374):   0% 82/mmcqd/0: 0% user + 0% kernel
05-20 16:38:14.205 E/ActivityManager(  374):   0% 114/jbd2/mmcblk0p12: 0% user + 0% kernel
05-20 16:38:14.205 E/ActivityManager(  374):   0% 121/netd: 0% user + 0% kernel
05-20 16:38:14.205 E/ActivityManager(  374):   0% 576/com.android.launcher: 0% user + 0% kernel
05-20 16:38:14.205 E/ActivityManager(  374):   0% 603/com.google.process.gapps: 0% user + 0% kernel
05-20 16:38:14.205 E/ActivityManager(  374):   0% 1615/logcat: 0% user + 0% kernel
05-20 16:38:14.205 E/ActivityManager(  374):   0% 1661/com.qihoo360.mobilesafe:GuardService: 0% user + 0% kernel / faults: 191 minor
05-20 16:38:14.205 E/ActivityManager(  374):   0% 2749/com.google.android.deskclock: 0% user + 0% kernel / faults: 2 minor
05-20 16:38:14.205 E/ActivityManager(  374):   0% 3634/kworker/1:0: 0% user + 0% kernel
05-20 16:38:14.205 E/ActivityManager(  374):   0% 4648/logcat: 0% user + 0% kernel
05-20 16:38:14.205 E/ActivityManager(  374):   0% 5237/kworker/0:0: 0% user + 0% kernel
05-20 16:38:14.205 E/ActivityManager(  374):   0% 6189/kworker/u:0: 0% user + 0% kernel
05-20 16:38:14.205 E/ActivityManager(  374):   0% 6216/kworker/u:2: 0% user + 0% kernel
05-20 16:38:14.205 E/ActivityManager(  374): 100% TOTAL: 95% user + 4% kernel
05-20 16:38:14.205 E/ActivityManager(  374): CPU usage from 14459ms to 15005ms later:
05-20 16:38:14.205 E/ActivityManager(  374):   96% 6748/com.pekall.emdm.launcher: 96% user + 0% kernel / faults: 100 minor
05-20 16:38:14.205 E/ActivityManager(  374):     96% 6761/Thread-1830: 94% user + 1.8% kernel
05-20 16:38:14.205 E/ActivityManager(  374):     1.8% 6769/AsyncTask #2: 0% user + 1.8% kernel
05-20 16:38:14.205 E/ActivityManager(  374):   90% 7060/com.pekall.emdm.launcher:remote: 90% user + 0% kernel
05-20 16:38:14.205 E/ActivityManager(  374):     90% 7074/Thread-1846: 90% user + 0% kernel
05-20 16:38:14.205 E/ActivityManager(  374):   9.2% 374/system_server: 1.8% user + 7.4% kernel
05-20 16:38:14.205 E/ActivityManager(  374):     9.2% 390/ActivityManager: 1.8% user + 7.4% kernel
05-20 16:38:14.205 E/ActivityManager(  374):     1.8% 386/SensorService: 0% user + 1.8% kernel
05-20 16:38:14.205 E/ActivityManager(  374):   1.8% 7103/com.google.android.apps.maps:GoogleLocationService: 1.8% user + 0% kernel / faults: 74 minor
05-20 16:38:14.205 E/ActivityManager(  374):     1.8% 7141/NetworkLocation: 0% user + 1.8% kernel
05-20 16:38:14.205 E/ActivityManager(  374): 100% TOTAL: 96% user + 3.6% kernel
05-20 16:38:14.213 W/ActivityManager(  374): Killing ProcessRecord{427dcc98 7060:com.pekall.emdm.launcher:remote/u0a10066}: background ANR
05-20 16:38:14.213 W/ActivityManager(  374): Timeout executing service: ServiceRecord{42f34e08 u0 com.pekall.emdm.launcher/com.baidu.location.f}
05-20 16:38:14.213 I/ActivityManager(  374): Skipping duplicate ANR: ProcessRecord{427dcc98 7060:com.pekall.emdm.launcher:remote/u0a10066} Executing service com.pekall.emdm.launcher/com.baidu.location.f
05-20 16:38:14.252 I/ActivityManager(  374): Process com.pekall.emdm.launcher:remote (pid 7060) has died.
05-20 16:38:14.260 W/ActivityManager(  374): Scheduling restart of crashed service com.pekall.emdm.launcher/com.baidu.location.f in 20000ms
05-20 16:38:14.955 I/ActivityManager(  374): Start proc com.google.android.apps.maps:FriendService for broadcast com.google.android.apps.maps/com.google.googlenav.friend.android.ServiceReceiver: pid=7163 uid=10038 gids={50038, 3003, 1015, 1028}
05-20 16:38:15.369 I/ActivityManager(  374): Start proc com.google.android.apps.maps:LocationFriendService for broadcast com.google.android.apps.maps/com.google.googlenav.friend.reporting.LocationReportingIntentReceiver: pid=7177 uid=10038 gids={50038, 3003, 1015, 1028}
05-20 16:38:26.353 W/ActivityThread( 7103): ClassLoader.loadClass: The class loader returned by Thread.getContextClassLoader() may fail for processes that host multiple applications. You should explicitly specify a context class loader. For example: Thread.setContextClassLoader(getClass().getClassLoader());
05-20 16:38:28.736 W/MountService(  374): getVolumeState(/storage/emulated/0/external_sd): Unknown volume
05-20 16:38:28.736 W/MountService(  374): getVolumeState(/mnt/sdcard-ext): Unknown volume
05-20 16:38:28.736 W/MountService(  374): getVolumeState(/mnt/ext_sdcard): Unknown volume
05-20 16:38:28.736 W/MountService(  374): getVolumeState(/mnt/sdcard2): Unknown volume
05-20 16:38:28.744 W/MountService(  374): getVolumeState(/mnt/emmc): Unknown volume
05-20 16:38:28.744 W/MountService(  374): getVolumeState(/mnt/extSdCard): Unknown volume
05-20 16:38:28.744 W/MountService(  374): getVolumeState(/mnt/sdcard/SD_CARD): Unknown volume
05-20 16:38:28.744 W/MountService(  374): getVolumeState(/mnt/sdcard/extra_sd): Unknown volume
05-20 16:38:28.744 W/MountService(  374): getVolumeState(/mnt/extrasd_bind): Unknown volume
05-20 16:38:28.744 W/MountService(  374): getVolumeState(/mnt/sdcard/ext_sd): Unknown volume
05-20 16:38:28.744 W/MountService(  374): getVolumeState(/storage/extSdCard): Unknown volume
05-20 16:38:28.744 W/MountService(  374): getVolumeState(/storage/sdcard1): Unknown volume
05-20 16:38:28.744 W/MountService(  374): getVolumeState(/mnt/sdcard/external_SD): Unknown volume
05-20 16:38:28.744 W/MountService(  374): getVolumeState(/mnt/sdcard/external_sd): Unknown volume
05-20 16:38:29.103 W/MountService(  374): getVolumeState(/storage/emulated/0/external_sd): Unknown volume
05-20 16:38:29.103 W/MountService(  374): getVolumeState(/mnt/sdcard-ext): Unknown volume
05-20 16:38:29.103 W/MountService(  374): getVolumeState(/mnt/ext_sdcard): Unknown volume
05-20 16:38:29.103 W/MountService(  374): getVolumeState(/mnt/sdcard2): Unknown volume
05-20 16:38:29.103 W/MountService(  374): getVolumeState(/mnt/emmc): Unknown volume
05-20 16:38:29.103 W/MountService(  374): getVolumeState(/mnt/extSdCard): Unknown volume
05-20 16:38:29.103 W/MountService(  374): getVolumeState(/mnt/sdcard/SD_CARD): Unknown volume
05-20 16:38:29.103 W/MountService(  374): getVolumeState(/mnt/sdcard/extra_sd): Unknown volume
05-20 16:38:29.103 W/MountService(  374): getVolumeState(/mnt/extrasd_bind): Unknown volume
05-20 16:38:29.111 W/MountService(  374): getVolumeState(/mnt/sdcard/ext_sd): Unknown volume
05-20 16:38:29.111 W/MountService(  374): getVolumeState(/storage/extSdCard): Unknown volume
05-20 16:38:29.111 W/MountService(  374): getVolumeState(/storage/sdcard1): Unknown volume
05-20 16:38:29.111 W/MountService(  374): getVolumeState(/mnt/sdcard/external_SD): Unknown volume
05-20 16:38:29.111 W/MountService(  374): getVolumeState(/mnt/sdcard/external_sd): Unknown volume
05-20 16:38:34.283 I/ActivityManager(  374): Start proc com.pekall.emdm.launcher:remote for service com.pekall.emdm.launcher/com.baidu.location.f: pid=7222 uid=10066 gids={50066, 1015, 3002, 3001, 3003, 1028}
05-20 16:38:34.705 D/ActivityThread( 7222): Loading provider com.pekall.semail.provider;com.pekall.semail.notifier: com.pekall.semail.provider.EmailProvider
05-20 16:38:34.752 D/ActivityThread( 7222): Loading provider com.pekall.semail.provider;com.pekall.semail.notifier: com.pekall.semail.provider.EmailProvider
05-20 16:38:34.892 I/ActivityManager(  374): START u0 {flg=0x10008000 cmp=com.pekall.emdm.launcher/com.pekall.emdm.ui.SplashActivity} from pid 6748
05-20 16:38:34.994 W/ActivityManager(  374): Unable to start service Intent { act=com.pekall.mdm.action.SELECT_ERASE } U=0: not found
05-20 16:38:35.478 W/ActivityManager(  374): Activity pause timeout for ActivityRecord{42630a08 u0 com.pekall.emdm.launcher/com.pekall.emdm.messagecenter.activity.MessageMainActivity}
05-20 16:38:36.783 W/ActivityManager(  374): Unable to start service Intent { cmp=com.pekall.emdm.launcher/com.pekall.semail.service.AttachmentDownloadService } U=0: not found
05-20 16:38:37.713 W/ActivityManager(  374): Unable to start service Intent { cmp=com.pekall.emdm.launcher/com.pekall.semail.service.AttachmentDownloadService } U=0: not found
05-20 16:38:37.846 I/ActivityManager(  374): START u0 {cmp=com.pekall.emdm.launcher/com.pekall.emdm.ui.ActiveDeviceAdminActivity} from pid 6748
05-20 16:38:37.971 I/ActivityManager(  374): START u0 {cmp=com.pekall.emdm.launcher/com.pekall.emdm.ui.RegDeviceActivity} from pid 6748
05-20 16:38:42.385 I/PowerManagerService(  374): Going to sleep due to screen timeout...
05-20 16:38:53.517 W/BroadcastQueue(  374): Timeout of broadcast BroadcastRecord{433e09f0 u-1 android.intent.action.SCREEN_OFF} - receiver=android.os.BinderProxy@426935c0, started 10000ms ago
05-20 16:38:53.517 W/BroadcastQueue(  374): Receiver during timeout: BroadcastFilter{427ebbb8 u0 ReceiverList{42840700 7222 com.pekall.emdm.launcher:remote/10066/u0 remote:426935c0}}
05-20 16:38:58.213 E/ActivityManager(  374): ANR in com.pekall.emdm.launcher:remote
05-20 16:38:58.213 E/ActivityManager(  374): Reason: Broadcast of Intent { act=android.intent.action.SCREEN_OFF flg=0x50000010 }
05-20 16:38:58.213 E/ActivityManager(  374): Load: 3.72 / 2.93 / 2.42
05-20 16:38:58.213 E/ActivityManager(  374): CPU usage from 5465ms to 0ms ago:
05-20 16:38:58.213 E/ActivityManager(  374):   94% 6748/com.pekall.emdm.launcher: 94% user + 0.1% kernel
05-20 16:38:58.213 E/ActivityManager(  374):   89% 7222/com.pekall.emdm.launcher:remote: 89% user + 0% kernel
05-20 16:38:58.213 E/ActivityManager(  374):   1.8% 3634/kworker/1:0: 0% user + 1.8% kernel
05-20 16:38:58.213 E/ActivityManager(  374):   1.6% 135/adbd: 0.3% user + 1.2% kernel / faults: 17 minor
05-20 16:38:58.213 E/ActivityManager(  374):   0.7% 5237/kworker/0:0: 0% user + 0.7% kernel
05-20 16:38:58.213 E/ActivityManager(  374):   0.5% 374/system_server: 0% user + 0.5% kernel / faults: 12 minor
05-20 16:38:58.213 E/ActivityManager(  374):   0.1% 2267/com.tencent.android.qqdownloader: 0.1% user + 0% kernel / faults: 7 minor
05-20 16:38:58.213 E/ActivityManager(  374):   0.1% 6497/com.qihoo.appstore: 0% user + 0.1% kernel / faults: 1 minor
05-20 16:38:58.213 E/ActivityManager(  374):  +0% 7267/logcat: 0% user + 0% kernel
05-20 16:38:58.213 E/ActivityManager(  374): 100% TOTAL: 96% user + 3.5% kernel
05-20 16:38:58.213 E/ActivityManager(  374): CPU usage from 3905ms to 4444ms later:
05-20 16:38:58.213 E/ActivityManager(  374):   100% 7222/com.pekall.emdm.launcher:remote: 100% user + 0% kernel
05-20 16:38:58.213 E/ActivityManager(  374):     100% 7235/Thread-1857: 100% user + 0% kernel
05-20 16:38:58.213 E/ActivityManager(  374):   92% 6748/com.pekall.emdm.launcher: 92% user + 0% kernel
05-20 16:38:58.213 E/ActivityManager(  374):     96% 6761/Thread-1830: 96% user + 0% kernel
05-20 16:38:58.213 E/ActivityManager(  374):   7.2% 374/system_server: 1.8% user + 5.4% kernel
05-20 16:38:58.213 E/ActivityManager(  374):     7.2% 390/ActivityManager: 1.8% user + 5.4% kernel
05-20 16:38:58.213 E/ActivityManager(  374): 100% TOTAL: 97% user + 2.8% kernel
05-20 16:38:58.221 W/ActivityManager(  374): Killing ProcessRecord{425419c0 7222:com.pekall.emdm.launcher:remote/u0a10066}: background ANR
05-20 16:38:58.221 W/ActivityManager(  374): Timeout executing service: ServiceRecord{42f34e08 u0 com.pekall.emdm.launcher/com.baidu.location.f}
05-20 16:38:58.221 I/ActivityManager(  374): Skipping duplicate ANR: ProcessRecord{425419c0 7222:com.pekall.emdm.launcher:remote/u0a10066} Executing service com.pekall.emdm.launcher/com.baidu.location.f
05-20 16:38:58.244 I/ActivityManager(  374): Process com.pekall.emdm.launcher:remote (pid 7222) has died.
05-20 16:38:58.244 W/ActivityManager(  374): Scheduling restart of crashed service com.pekall.emdm.launcher/com.baidu.location.f in 80000ms
05-20 16:39:05.299 I/PowerManagerService(  374): Waking up from sleep...
05-20 16:39:05.299 I/WindowManager(  374): No lock screen!
--------- beginning of /dev/log/main
05-20 16:39:08.744 I/QueryController( 7272): Matched selector: UiSelector[CLASS=android.widget.EditText, ENABLED=true] <<==>> [android.view.accessibility.AccessibilityNodeInfo@37e26; boundsInParent: Rect(0, 0 - 621, 76); boundsInScreen: Rect(49, 420 - 670, 496); packageName: com.pekall.emdm.launcher; className: android.widget.EditText; text: null; contentDescription: null; viewIdResName: com.pekall.emdm.launcher:id/mdm_edit; checkable: false; checked: false; focusable: true; focused: true; selected: false; clickable: true; longClickable: true; enabled: true; password: true; scrollable: false; [ACTION_CLEAR_FOCUS, ACTION_SELECT, ACTION_CLEAR_SELECTION, ACTION_CLICK, ACTION_LONG_CLICK, ACTION_ACCESSIBILITY_FOCUS]]
05-20 16:39:11.674 I/QueryController( 7272): Matched selector: UiSelector[TEXT=Login, CLASS=android.widget.Button] <<==>> [android.view.accessibility.AccessibilityNodeInfo@372e3; boundsInParent: Rect(0, 0 - 660, 96); boundsInScreen: Rect(30, 684 - 690, 780); packageName: com.pekall.emdm.launcher; className: android.widget.Button; text: Login; contentDescription: null; viewIdResName: com.pekall.emdm.launcher:id/ok_button; checkable: false; checked: false; focusable: true; focused: false; selected: false; clickable: true; longClickable: false; enabled: true; password: false; scrollable: false; [ACTION_FOCUS, ACTION_SELECT, ACTION_CLEAR_SELECTION, ACTION_CLICK, ACTION_ACCESSIBILITY_FOCUS, ACTION_NEXT_AT_MOVEMENT_GRANULARITY, ACTION_PREVIOUS_AT_MOVEMENT_GRANULARITY, ACTION_SET_SELECTION]]
05-20 16:39:11.674 D/InteractionController( 7272): clickAndWaitForNewWindow(360, 732)
05-20 16:39:11.814 I/TransInfo( 6748): TransInfo created, id: 1, class: class com.pekall.emdm.transaction.c.f
05-20 16:39:11.814 D/NetworkThread( 6748): [null:-1]->----isRunning-----true
05-20 16:39:11.814 D/NetworkThread( 6748): [null:-1]->----isRunning-----true
05-20 16:39:11.814 D/NetworkThread( 6748): [null:-1]->thread wakeup
05-20 16:39:11.814 D/NetworkThread( 6748): [null:-1]->sendHttpPost:PostRequest, url: http://192.168.10.21/rest/mdm/v1/user/login_mdm, Params: [username:zhenhua.sang@pekall.com][password:123456][com_id:1], 
05-20 16:39:11.814 D/HttpClient( 6748): enable apache.http debug
05-20 16:39:11.838 V/DEBUG   ( 6748): HTTP 0
05-20 16:39:11.955 D/MDM :   ( 6748): [null:-1]->statusCode : 200
05-20 16:39:11.955 D/MDM :   ( 6748): [null:-1]->statusCode : 200
05-20 16:39:11.963 V/DEBUG   ( 6748): HTTP 1
05-20 16:39:11.971 D/MDM :   ( 6748): [null:-1]->read network input stream
05-20 16:39:11.971 D/MDM :   ( 6748): [null:-1]->Get joson string: {"result":0,"userInfo":{"id":1134,"type":51302,"password":null,"status":51001,"roles":8,"comId":1,"isAdmin":0,"fullName":"","phone":"010-2222222","cellPhone":"12345678910","email":"zhenhua.sang@pekall.com","firstName":null,"lastName":null,"business":null,"im":null,"username":"zhenhua.sang@pekall.com","labelPath":null,"userKey":"uPVi3f5AIdavCrAT","token":"fe2b85509f9d3d68e8f8b65a4414f2811134","deleted":0,"updateTime":1398231202000,"createTime":1397549312000,"directLabelId":0,"isInLabel":1,"setPwd":0,"labels":null,"encrpPwd":null,"deviceNo":0,"new":false}}
05-20 16:39:12.010 I/System.out( 6748): [cjx]initUserSecret,keyLength:16,DEK:[1400575152016,1400834352016]
05-20 16:39:12.010 I/System.out( 6748): [cjx]to generate user KEK now,keyLength:32,algorithm:Rijndael256
05-20 16:39:12.103 I/System.out( 6748): [cjx]blockSize:32
05-20 16:39:12.103 I/System.out( 6748): [cjx]iv:[112, 101, 107, 97, 108, 108, 50, 48, 49, 52, 97, 101, 115, 99, 106, 120, 112, 101, 107, 97, 108, 108, 50, 48, 49, 52, 97, 101, 115, 99, 106, 120]
05-20 16:39:12.103 I/System.out( 6748): [cjx]secret:[-94, 35, 21, 34, 6, -61, -108, -46, 6, 56, -82, 111, 24, -59, 0, -21, 43, -46, -16, 27, -76, 52, 9, 117, -69, 64, 55, -122, -120, -69, -38, 9]
05-20 16:39:12.111 I/System.out( 6748): [cjx]successfully store userID:[B@42b5c8e8
05-20 16:39:12.111 I/System.out( 6748): [cjx]blockSize:32
05-20 16:39:12.111 I/System.out( 6748): [cjx]iv:[112, 101, 107, 97, 108, 108, 50, 48, 49, 52, 97, 101, 115, 99, 106, 120, 112, 101, 107, 97, 108, 108, 50, 48, 49, 52, 97, 101, 115, 99, 106, 120]
05-20 16:39:12.111 I/System.out( 6748): [cjx]secret:[-94, 35, 21, 34, 6, -61, -108, -46, 6, 56, -82, 111, 24, -59, 0, -21, 43, -46, -16, 27, -76, 52, 9, 117, -69, 64, 55, -122, -120, -69, -38, 9]
05-20 16:39:12.119 I/System.out( 6748): [cjx]successfully store DEK.
05-20 16:39:12.119 D/NetworkThread( 6748): [null:-1]->clear mCurrentTransInfo
05-20 16:39:12.119 D/NetworkThread( 6748): [null:-1]->queue is empty, thread wait...
05-20 16:39:12.221 D/MDM :   ( 6748): [null:-1]->handleMessage
05-20 16:39:12.260 I/TransInfo( 6748): TransInfo created, id: 8, class: class com.pekall.emdm.transaction.c.a
05-20 16:39:12.260 D/NetworkThread( 6748): [null:-1]->----isRunning-----true
05-20 16:39:12.260 D/NetworkThread( 6748): [null:-1]->----isRunning-----true
05-20 16:39:12.260 D/NetworkThread( 6748): [null:-1]->thread wakeup
05-20 16:39:12.291 D/NetworkThread( 6748): [null:-1]->sendHttpPost:PostRequest, url: http://192.168.10.21/rest/mdm/v1/device/check_device, Params: [mac:20:64:32:7a:19:48][imei:351554059027897][ios_uuid:00013fbc8ecec5b90000014618c5744d][os:51201], 
05-20 16:39:12.291 D/HttpClient( 6748): enable apache.http debug
05-20 16:39:12.299 V/DEBUG   ( 6748): HTTP 0
05-20 16:39:12.471 D/MDM :   ( 6748): [null:-1]->statusCode : 200
05-20 16:39:12.471 D/MDM :   ( 6748): [null:-1]->statusCode : 200
05-20 16:39:12.471 V/DEBUG   ( 6748): HTTP 1
05-20 16:39:12.478 D/MDM :   ( 6748): [null:-1]->read network input stream
05-20 16:39:12.478 D/MDM :   ( 6748): [null:-1]->Get joson string: {"result":0,"deviceInfo":{"language":null,"id":449,"type":50701,"productName":"yakju","status":50001,"mac":"20:64:32:7a:19:48","comId":1,"userId":1134,"os":51201,"updateTime":1400574966000,"deviceDetail":null,"createTime":1397813424000,"deviceUuid":"00013fbc8ecec5b90000014618c5744d","sn":"","model":"Galaxy Nexus","iosUdid":"00013fbc8ecec5b90000014618c5744d","lastCheckin":1400575137000,"securityInfo":"{\"HardwareEncryptionCaps\":0,\"PasscodePresent\":false,\"PasscodeCompliant\":false,\"PasscodeCompliantWithProfiles\":true}","imei":"351554059027897","labelNames":null,"mdmUserInfo":null,"connect":1,"dvId":10435,"isRoot":null,"isPrison":null,"groupCount":0,"new":false}}
05-20 16:39:12.486 D/NetworkThread( 6748): [null:-1]->clear mCurrentTransInfo
05-20 16:39:12.486 D/NetworkThread( 6748): [null:-1]->queue is empty, thread wait...
05-20 16:39:12.596 D/MDM :   ( 6748): [null:-1]->handleMessage
05-20 16:39:12.596 I/TransInfo( 6748): TransInfo created, id: 2, class: class com.pekall.emdm.transaction.c.g
05-20 16:39:12.596 D/NetworkThread( 6748): [null:-1]->----isRunning-----true
05-20 16:39:12.596 D/NetworkThread( 6748): [null:-1]->----isRunning-----true
05-20 16:39:12.596 D/NetworkThread( 6748): [null:-1]->thread wakeup
05-20 16:39:12.596 D/NetworkThread( 6748): [null:-1]->sendHttpPost:PostRequest, url: http://192.168.10.21/rest/mdm/v1/device/register_device, Params: [device_uuid:00013fbc8ecec5b90000014618c5744d][os:51201][device_type:50701][dv_id:10435][sn:][mac:20:64:32:7a:19:48][imei:351554059027897], 
05-20 16:39:12.596 D/HttpClient( 6748): enable apache.http debug
05-20 16:39:12.603 V/DEBUG   ( 6748): HTTP 0
05-20 16:39:13.197 D/MDM :   ( 6748): [null:-1]->MSG_WEBSOCKET_MESSAGE : {"id":1128792217,"type":0,"command":0,"result":0,"reason":0,"params":{"msgId":"fa574481-0930-443d-85cc-2dd15981b6e3,fa5744810930443d85cc2dd15981b6e3","device":"00013fbc8ecec5b90000014618c5744d","message":"{\"cmd\":\"10119\"}"}}
05-20 16:39:13.205 D/MdmService( 6748): [null:-1]->push message type :0
05-20 16:39:13.205 D/MdmService( 6748): [null:-1]->cmdMessage : {"cmd":"10119"}
05-20 16:39:13.213 D/MdmService( 6748): [null:-1]->command : PushCommandMsg{cmd='10119', msg='null'}
05-20 16:39:13.213 D/MdmStatusManager( 6748): [null:-1]->change status to : Busy
05-20 16:39:13.213 I/TransInfo( 6748): TransInfo created, id: 3, class: class com.pekall.emdm.transaction.c.b
05-20 16:39:13.213 D/NetworkThread( 6748): [null:-1]->----isRunning-----true
05-20 16:39:13.228 D/MDM :   ( 6748): [null:-1]->MSG_WEBSOCKET_MESSAGE : {"id":1020747771,"type":0,"command":0,"result":0,"reason":0,"params":{"msgId":"cd2f50e4-1e1b-4381-bafc-fe6e00d42b82,cd2f50e41e1b4381bafcfe6e00d42b82","device":"00013fbc8ecec5b90000014618c5744d","message":"{\"cmd\":\"10119\"}"}}
05-20 16:39:13.228 D/MdmService( 6748): [null:-1]->push message type :0
05-20 16:39:13.228 D/MdmService( 6748): [null:-1]->cmdMessage : {"cmd":"10119"}
05-20 16:39:13.236 D/MdmService( 6748): [null:-1]->command : PushCommandMsg{cmd='10119', msg='null'}
05-20 16:39:13.236 D/MdmService( 6748): [null:-1]->MdmStatusManager is busy , wait......
05-20 16:39:13.236 D/MDM :   ( 6748): [null:-1]->MSG_WEBSOCKET_MESSAGE : {"id":-259096961,"type":0,"command":0,"result":0,"reason":0,"params":{"msgId":"208c17e7-db1d-4beb-bfe0-f94467f3a0ef,208c17e7db1d4bebbfe0f94467f3a0ef","device":"00013fbc8ecec5b90000014618c5744d","message":"{\"cmd\":\"10119\"}"}}
05-20 16:39:13.244 D/MdmService( 6748): [null:-1]->push message type :0
05-20 16:39:13.244 D/MdmService( 6748): [null:-1]->cmdMessage : {"cmd":"10119"}
05-20 16:39:13.244 D/MdmService( 6748): [null:-1]->command : PushCommandMsg{cmd='10119', msg='null'}
05-20 16:39:13.244 D/MdmService( 6748): [null:-1]->MdmStatusManager is busy , wait......
05-20 16:39:13.260 D/MDM :   ( 6748): [null:-1]->statusCode : 200
05-20 16:39:13.260 D/MDM :   ( 6748): [null:-1]->statusCode : 200
05-20 16:39:13.260 V/DEBUG   ( 6748): HTTP 1
05-20 16:39:13.267 D/MDM :   ( 6748): [null:-1]->read network input stream
05-20 16:39:13.275 D/MDM :   ( 6748): [null:-1]->Get joson string: {"result":0,"loginInfo":{"mdmPushServerInfoVo":{"id":0,"port":9090,"count":123,"ip":"test.mdm.everknow.cn","pushToken":"123456"},"profileUrl":null}}
05-20 16:39:13.306 W/Parcel  ( 1661): Attempt to read object from Parcel 0x6003bdac at offset 200 that is not in the object list
05-20 16:39:13.306 D/NetworkThread( 6748): [null:-1]->clear mCurrentTransInfo
05-20 16:39:13.314 D/MdmService( 6748): [null:-1]->receiver action :com.pekall.mdm.action.MDM_REGISTERED
05-20 16:39:13.314 I/TransInfo( 6748): TransInfo created, id: 5, class: class com.pekall.emdm.transaction.c.j
05-20 16:39:13.314 D/NetworkThread( 6748): [null:-1]->----isRunning-----true
05-20 16:39:13.322 D/MdmService( 6748): [null:-1]->keepAliveWithPushServer client is opened:true
05-20 16:39:13.322 D/MDM :   ( 6748): [null:-1]->ping!!!!!!!!!
05-20 16:39:13.322 D/MdmService( 6748): [null:-1]->pushUrl : ws://test.mdm.everknow.cn:9090/websocket
05-20 16:39:13.322 D/MDM :   ( 6748): [null:-1]->mMdmPushClient is :not null
05-20 16:39:13.322 D/NetworkThread( 6748): [null:-1]->sendHttpPost:PostRequest, url: http://192.168.10.21/rest/mdm/v1/ios/android_server, Params: [content:<?xml version="1.0" encoding="UTF-8"?>
05-20 16:39:13.322 D/NetworkThread( 6748): <!DOCTYPE plist PUBLIC "-//Apple//DTD PLIST 1.0//EN" "http://www.apple.com/DTDs/PropertyList-1.0.dtd">
05-20 16:39:13.322 D/NetworkThread( 6748): <plist version="1.0">
05-20 16:39:13.322 D/NetworkThread( 6748): <dict>
05-20 16:39:13.322 D/NetworkThread( 6748): 	<key>Status</key>
05-20 16:39:13.322 D/NetworkThread( 6748): 	<string>Idle</string>
05-20 16:39:13.322 D/NetworkThread( 6748): 	<key>UDID</key>
05-20 16:39:13.322 D/NetworkThread( 6748): 	<string>00013fbc8ecec5b90000014618c5744d</string>
05-20 16:39:13.322 D/NetworkThread( 6748): </dict>
05-20 16:39:13.322 D/NetworkThread( 6748): </plist>], 
05-20 16:39:13.322 D/HttpClient( 6748): enable apache.http debug
05-20 16:39:13.330 D/MDM :   ( 6748): [null:-1]->mMdmPushClient opened : opened
05-20 16:39:13.330 D/MdmService( 6748): [null:-1]->MdmStatusManager is busy , wait......
05-20 16:39:13.330 I/TransInfo( 6748): TransInfo created, id: 9, class: class com.pekall.emdm.transaction.c.c
05-20 16:39:13.338 V/DEBUG   ( 6748): HTTP 0
05-20 16:39:13.346 D/ProfileManager( 6748): [null:-1]->check policy checking :false
05-20 16:39:13.346 D/MDM :   ( 6748): [null:-1]->MSG_WEBSOCKET_PONG
05-20 16:39:13.353 D/com.pekall.restrictions.policy( 6748): [null:-1]->allowBluetooth : null
05-20 16:39:13.353 D/com.pekall.restrictions.policy( 6748): [null:-1]->ensureSimulateLocation :null
05-20 16:39:13.353 D/com.pekall.restrictions.policy( 6748): [null:-1]->allowUseNetworkDate : null
05-20 16:39:13.353 E/DatabaseUtils(  374): Writing exception to parcel
05-20 16:39:13.353 E/DatabaseUtils(  374): java.lang.SecurityException: Permission denial: writing to secure settings requires android.permission.WRITE_SECURE_SETTINGS
05-20 16:39:13.353 E/DatabaseUtils(  374): 	at com.android.providers.settings.SettingsProvider.checkWritePermissions(SettingsProvider.java:279)
05-20 16:39:13.353 E/DatabaseUtils(  374): 	at com.android.providers.settings.SettingsProvider.insertForUser(SettingsProvider.java:897)
05-20 16:39:13.353 E/DatabaseUtils(  374): 	at com.android.providers.settings.SettingsProvider.callFromPackage(SettingsProvider.java:634)
05-20 16:39:13.353 E/DatabaseUtils(  374): 	at android.content.ContentProvider$Transport.call(ContentProvider.java:279)
05-20 16:39:13.353 E/DatabaseUtils(  374): 	at android.content.ContentProviderNative.onTransact(ContentProviderNative.java:273)
05-20 16:39:13.353 E/DatabaseUtils(  374): 	at android.os.Binder.execTransact(Binder.java:388)
05-20 16:39:13.353 E/DatabaseUtils(  374): 	at dalvik.system.NativeStart.run(Native Method)
05-20 16:39:13.353 D/com.pekall.restrictions.policy( 6748): [null:-1]->allowUseNetworkDate error
05-20 16:39:13.353 D/com.pekall.restrictions.policy( 6748): java.lang.SecurityException: Permission denial: writing to secure settings requires android.permission.WRITE_SECURE_SETTINGS
05-20 16:39:13.353 D/com.pekall.restrictions.policy( 6748): 	at android.os.Parcel.readException(Parcel.java:1431)
05-20 16:39:13.353 D/com.pekall.restrictions.policy( 6748): 	at android.database.DatabaseUtils.readExceptionFromParcel(DatabaseUtils.java:185)
05-20 16:39:13.353 D/com.pekall.restrictions.policy( 6748): 	at android.database.DatabaseUtils.readExceptionFromParcel(DatabaseUtils.java:137)
05-20 16:39:13.353 D/com.pekall.restrictions.policy( 6748): 	at android.content.ContentProviderProxy.call(ContentProviderNative.java:602)
05-20 16:39:13.353 D/com.pekall.restrictions.policy( 6748): 	at android.provider.Settings$NameValueCache.putStringForUser(Settings.java:818)
05-20 16:39:13.353 D/com.pekall.restrictions.policy( 6748): 	at android.provider.Settings$Global.putStringForUser(Settings.java:5529)
05-20 16:39:13.353 D/com.pekall.restrictions.policy( 6748): 	at android.provider.Settings$Global.putString(Settings.java:5519)
05-20 16:39:13.353 D/com.pekall.restrictions.policy( 6748): 	at android.provider.Settings$Global.putInt(Settings.java:5607)
05-20 16:39:13.353 D/com.pekall.restrictions.policy( 6748): 	at com.pekall.emdm.b.c.b.j.c(Unknown Source)
05-20 16:39:13.353 D/com.pekall.restrictions.policy( 6748): 	at com.pekall.emdm.b.c.b.j.h(Unknown Source)
05-20 16:39:13.353 D/com.pekall.restrictions.policy( 6748): 	at com.pekall.emdm.b.c.e.run(Unknown Source)
05-20 16:39:13.361 D/com.pekall.restrictions.policy( 6748): [null:-1]->allowNFC : null
05-20 16:39:13.369 D/InnerClass( 6748): [null:-1]->enableNfc : 
05-20 16:39:13.369 D/InnerClass( 6748): java.lang.reflect.InvocationTargetException
05-20 16:39:13.369 D/InnerClass( 6748): 	at java.lang.reflect.Method.invokeNative(Native Method)
05-20 16:39:13.369 D/InnerClass( 6748): 	at java.lang.reflect.Method.invoke(Method.java:525)
05-20 16:39:13.369 D/InnerClass( 6748): 	at com.pekall.emdm.c.i.a(Unknown Source)
05-20 16:39:13.369 D/InnerClass( 6748): 	at com.pekall.emdm.c.c.a(Unknown Source)
05-20 16:39:13.369 D/InnerClass( 6748): 	at com.pekall.emdm.b.c.b.j.b(Unknown Source)
05-20 16:39:13.369 D/InnerClass( 6748): 	at com.pekall.emdm.b.c.b.j.h(Unknown Source)
05-20 16:39:13.369 D/InnerClass( 6748): 	at com.pekall.emdm.b.c.e.run(Unknown Source)
05-20 16:39:13.369 D/InnerClass( 6748): Caused by: java.lang.SecurityException: WRITE_SECURE_SETTINGS permission required: Neither user 10066 nor current process has android.permission.WRITE_SECURE_SETTINGS.
05-20 16:39:13.369 D/InnerClass( 6748): 	at android.os.Parcel.readException(Parcel.java:1431)
05-20 16:39:13.369 D/InnerClass( 6748): 	at android.os.Parcel.readException(Parcel.java:1385)
05-20 16:39:13.369 D/InnerClass( 6748): 	at android.nfc.INfcAdapter$Stub$Proxy.disable(INfcAdapter.java:252)
05-20 16:39:13.369 D/InnerClass( 6748): 	at android.nfc.NfcAdapter.disable(NfcAdapter.java:574)
05-20 16:39:13.369 D/InnerClass( 6748): 	... 7 more
05-20 16:39:13.424 D/MDM :   ( 6748): [null:-1]->handleMessage
05-20 16:39:13.439 W/Parcel  ( 1661): Attempt to read object from Parcel 0x5dfd3dac at offset 200 that is not in the object list
05-20 16:39:13.439 I/ActivityManager(  374): START u0 {flg=0x8000 cmp=com.pekall.emdm.launcher/.Launcher} from pid 6748
05-20 16:39:13.525 D/dalvikvm(  374): GC_FOR_ALLOC freed 2601K, 24% free 21948K/28656K, paused 78ms, total 79ms
05-20 16:39:13.525 W/WindowManager(  374): Token{42cfa5a0 ActivityRecord{422743b8 u0 com.pekall.emdm.launcher/.Launcher}} failed creating starting window
05-20 16:39:13.525 W/WindowManager(  374): android.view.InflateException: Binary XML file line #34: Error inflating class <unknown>
05-20 16:39:13.525 W/WindowManager(  374): 	at android.view.LayoutInflater.createView(LayoutInflater.java:620)
05-20 16:39:13.525 W/WindowManager(  374): 	at com.android.internal.policy.impl.PhoneLayoutInflater.onCreateView(PhoneLayoutInflater.java:56)
05-20 16:39:13.525 W/WindowManager(  374): 	at android.view.LayoutInflater.onCreateView(LayoutInflater.java:669)
05-20 16:39:13.525 W/WindowManager(  374): 	at android.view.LayoutInflater.createViewFromTag(LayoutInflater.java:694)
05-20 16:39:13.525 W/WindowManager(  374): 	at android.view.LayoutInflater.rInflate(LayoutInflater.java:755)
05-20 16:39:13.525 W/WindowManager(  374): 	at android.view.LayoutInflater.inflate(LayoutInflater.java:492)
05-20 16:39:13.525 W/WindowManager(  374): 	at android.view.LayoutInflater.inflate(LayoutInflater.java:397)
05-20 16:39:13.525 W/WindowManager(  374): 	at android.view.LayoutInflater.inflate(LayoutInflater.java:353)
05-20 16:39:13.525 W/WindowManager(  374): 	at com.android.internal.policy.impl.PhoneWindow.generateLayout(PhoneWindow.java:2823)
05-20 16:39:13.525 W/WindowManager(  374): 	at com.android.internal.policy.impl.PhoneWindow.installDecor(PhoneWindow.java:2886)
05-20 16:39:13.525 W/WindowManager(  374): 	at com.android.internal.policy.impl.PhoneWindow.getDecorView(PhoneWindow.java:1581)
05-20 16:39:13.525 W/WindowManager(  374): 	at com.android.internal.policy.impl.PhoneWindowManager.addStartingWindow(PhoneWindowManager.java:1618)
05-20 16:39:13.525 W/WindowManager(  374): 	at com.android.server.wm.WindowManagerService$H.handleMessage(WindowManagerService.java:6908)
05-20 16:39:13.525 W/WindowManager(  374): 	at android.os.Handler.dispatchMessage(Handler.java:99)
05-20 16:39:13.525 W/WindowManager(  374): 	at android.os.Looper.loop(Looper.java:137)
05-20 16:39:13.525 W/WindowManager(  374): 	at android.os.HandlerThread.run(HandlerThread.java:61)
05-20 16:39:13.525 W/WindowManager(  374): Caused by: java.lang.reflect.InvocationTargetException
05-20 16:39:13.525 W/WindowManager(  374): 	at java.lang.reflect.Constructor.constructNative(Native Method)
05-20 16:39:13.525 W/WindowManager(  374): 	at java.lang.reflect.Constructor.newInstance(Constructor.java:417)
05-20 16:39:13.525 W/WindowManager(  374): 	at android.view.LayoutInflater.createView(LayoutInflater.java:594)
05-20 16:39:13.525 W/WindowManager(  374): 	... 15 more
