05-20 16:39:19.166 D/NetworkThread( 6748): 		<string>0.0</string>
05-20 16:39:19.166 D/NetworkThread( 6748): 		<key>diskUsed</key>
05-20 16:39:19.166 D/NetworkThread( 6748): 		<string>0.0</string>
05-20 16:39:19.166 D/NetworkThread( 6748): 		<key>displaySize</key>
05-20 16:39:19.166 D/NetworkThread( 6748): 		<string>720x1184</string>
05-20 16:39:19.166 D/NetworkThread( 6748): 		<key>freeDiskSize</key>
05-20 16:39:19.166 D/NetworkThread( 6748): 		<integer>0</integer>
05-20 16:39:19.166 D/NetworkThread( 6748): 		<key>freeRamSize</key>
05-20 16:39:19.166 D/NetworkThread( 6748): 		<integer>22675456</integer>
05-20 16:39:19.166 D/NetworkThread( 6748): 		<key>language</key>
05-20 16:39:19.166 D/NetworkThread( 6748): 		<string>en-US</string>
05-20 16:39:19.166 D/NetworkThread( 6748): 		<key>netSpeed</key>
05-20 16:39:19.166 D/NetworkThread( 6748): 		<dict>
05-20 16:39:19.166 D/NetworkThread( 6748): 			<key>downlink</key>
05-20 16:39:19.166 D/NetworkThread( 6748): 			<real>7987318.333333333</real>
05-20 16:39:19.166 D/NetworkThread( 6748): 			<key>uplink</key>
05-20 16:39:19.166 D/NetworkThread( 6748): 			<real>6187023.666666667</real>
05-20 16:39:19.166 D/NetworkThread( 6748): 		</dict>
05-20 16:39:19.166 D/NetworkThread( 6748): 		<key>ramTotal</key>
05-20 16:39:19.166 D/NetworkThread( 6748): 		<string>728023040</string>
05-20 16:39:19.166 D/NetworkThread( 6748): 		<key>ramUsed</key>
05-20 16:39:19.166 D/NetworkThread( 6748): 		<string>705347584</string>
05-20 16:39:19.166 D/NetworkThread( 6748): 		<key>trafficBytes</key>
05-20 16:39:19.166 D/NetworkThread( 6748): 		<integer>0</integer>
05-20 16:39:19.166 D/NetworkThread( 6748): 		<key>AvailableDeviceCapacity</key>
05-20 16:39:19.166 D/NetworkThread( 6748): 		<real>1.3424284E7</real>
05-20 16:39:19.166 D/NetworkThread( 6748): 		<key>BuildVersion</key>
05-20 16:39:19.166 D/NetworkThread( 6748): 		<string>REL</string>
05-20 16:39:19.166 D/NetworkThread( 6748): 		<key>CanDisableSystemFunction</key>
05-20 16:39:19.166 D/NetworkThread( 6748): 		<false/>
05-20 16:39:19.166 D/NetworkThread( 6748): 		<key>CellularTechnology</key>
05-20 16:39:19.166 D/NetworkThread( 6748): 		<integer>3</integer>
05-20 16:39:19.166 D/NetworkThread( 6748): 		<key>CurrentCarrierNetwork</key>
05-20 16:39:19.166 D/NetworkThread( 6748): 		<string></string>
05-20 16:39:19.166 D/NetworkThread( 6748): 		<key>CurrentMCC</key>
05-20 16:39:19.166 D/NetworkThread( 6748): 		<string>cn</string>
05-20 16:39:19.166 D/NetworkThread( 6748): 		<key>CurrentMNC</key>
05-20 16:39:19.166 D/NetworkThread( 6748): 		<string>46001</string>
05-20 16:39:19.166 D/NetworkThread( 6748): 		<key>DataRoamingEnabled</key>
05-20 16:39:19.166 D/NetworkThread( 6748): 		<false/>
05-20 16:39:19.166 D/NetworkThread( 6748): 		<key>DeviceCapacity</key>
05-20 16:39:19.166 D/NetworkThread( 6748): 		<real>1.3975888E7</real>
05-20 16:39:19.166 D/NetworkThread( 6748): 		<key>HasSamsungSafeAPI</key>
05-20 16:39:19.166 D/NetworkThread( 6748): 		<false/>
05-20 16:39:19.166 D/NetworkThread( 6748): 		<key>ICCID</key>
05-20 16:39:19.166 D/NetworkThread( 6748): 		<string></string>
05-20 16:39:19.166 D/NetworkThread( 6748): 		<key>IMEI</key>
05-20 16:39:19.166 D/NetworkThread( 6748): 		<string>351554059027897</string>
05-20 16:39:19.166 D/NetworkThread( 6748): 		<key>IsRoaming</key>
05-20 16:39:19.166 D/NetworkThread( 6748): 		<false/>
05-20 16:39:19.166 D/NetworkThread( 6748): 		<key>Model</key>
05-20 16:39:19.166 D/NetworkThread( 6748): 		<string>Galaxy Nexus</string>
05-20 16:39:19.166 D/NetworkThread( 6748): 		<key>OSVersion</key>
05-20 16:39:19.166 D/NetworkThread( 6748): 		<string>4.3</string>
05-20 16:39:19.166 D/NetworkThread( 6748): 		<key>PhoneNumber</key>
05-20 16:39:19.166 D/NetworkThread( 6748): 		<string>0</string>
05-20 16:39:19.166 D/NetworkThread( 6748): 		<key>ProductName</key>
05-20 16:39:19.166 D/NetworkThread( 6748): 		<string>yakju</string>
05-20 16:39:19.166 D/NetworkThread( 6748): 		<key>SIMCarrierNetwork</key>
05-20 16:39:19.166 D/NetworkThread( 6748): 		<string></string>
05-20 16:39:19.166 D/NetworkThread( 6748): 		<key>SerialNumber</key>
05-20 16:39:19.166 D/NetworkThread( 6748): 		<string>014E0FFF06015018</string>
05-20 16:39:19.166 D/NetworkThread( 6748): 		<key>UDID</key>
05-20 16:39:19.166 D/NetworkThread( 6748): 		<string>00013fbc8ecec5b90000014618c5744d</string>
05-20 16:39:19.166 D/NetworkThread( 6748): 		<key>WiFiMAC</key>
05-20 16:39:19.166 D/NetworkThread( 6748): 		<string>20:64:32:7a:19:48</string>
05-20 16:39:19.166 D/NetworkThread( 6748): 	</dict>
05-20 16:39:19.166 D/NetworkThread( 6748): 	<key>CommandUUID</key>
05-20 16:39:19.166 D/NetworkThread( 6748): 	<string>f5cf02b7-2d7a-4fe2-be1d-1551db350bc9</string>
05-20 16:39:19.166 D/NetworkThread( 6748): 	<key>Status</key>
05-20 16:39:19.166 D/NetworkThread( 6748): 	<string>Acknowledged</string>
05-20 16:39:19.166 D/NetworkThread( 6748): 	<key>UDID</key>
05-20 16:39:19.166 D/NetworkThread( 6748): 	<string>00013fbc8ecec5b90000014618c5744d</string>
05-20 16:39:19.166 D/NetworkThread( 6748): </dict>
05-20 16:39:19.166 D/NetworkThread( 6748): </plist>], 
05-20 16:39:19.166 D/HttpClient( 6748): enable apache.http debug
05-20 16:39:19.174 V/DEBUG   ( 6748): HTTP 0
05-20 16:39:19.752 D/MDM :   ( 6748): [null:-1]->statusCode : 200
05-20 16:39:19.752 D/MDM :   ( 6748): [null:-1]->statusCode : 200
05-20 16:39:19.752 V/DEBUG   ( 6748): HTTP 1
05-20 16:39:19.760 D/MDM :   ( 6748): [null:-1]->read network input stream
05-20 16:39:19.767 D/MDM :   ( 6748): [null:-1]->Get joson string: <?xml version="1.0" encoding="UTF-8"?>
05-20 16:39:19.767 D/MDM :   ( 6748): <!DOCTYPE plist PUBLIC "-//Apple//DTD PLIST 1.0//EN" "http://www.apple.com/DTDs/PropertyList-1.0.dtd">
05-20 16:39:19.767 D/MDM :   ( 6748): <plist version="1.0">
05-20 16:39:19.767 D/MDM :   ( 6748): <dict>
05-20 16:39:19.767 D/MDM :   ( 6748): 	<key>CommandUUID</key>
05-20 16:39:19.767 D/MDM :   ( 6748): 	<string>ac504c86-7f9a-4283-b93f-f398dffac8ca</string>
05-20 16:39:19.767 D/MDM :   ( 6748): 	<key>Command</key>
05-20 16:39:19.767 D/MDM :   ( 6748): 	<dict>
05-20 16:39:19.767 D/MDM :   ( 6748): 		<key>RequestType</key>
05-20 16:39:19.767 D/MDM :   ( 6748): 		<string>ManagedApplicationList</string>
05-20 16:39:19.767 D/MDM :   ( 6748): 	</dict>
05-20 16:39:19.767 D/MDM :   ( 6748): </dict>
05-20 16:39:19.767 D/MDM :   ( 6748): </plist>
05-20 16:39:19.775 D/MdmDatabaseHelper( 6748): [null:-1]->update command f5cf02b7-2d7a-4fe2-be1d-1551db350bc9 to status executed
05-20 16:39:19.799 D/CheckInTransInfo( 6748): [null:-1]->CommandMsg : CommandMsg{CommandUUID='ac504c86-7f9a-4283-b93f-f398dffac8ca', Command=CommandObject{RequestType='ManagedApplicationList'}}
05-20 16:39:19.830 D/NetworkThread( 6748): [null:-1]->clear mCurrentTransInfo
05-20 16:39:19.830 D/NetworkThread( 6748): [null:-1]->queue is empty, thread wait...
05-20 16:39:19.916 I/QueryController( 7272): Matched selector: UiSelector[TEXT=Personal Mode, CLASS=android.widget.TextView, PACKAGE NAME=com.pekall.emdm.launcher] <<==>> [android.view.accessibility.AccessibilityNodeInfo@3fa0d; boundsInParent: Rect(0, 0 - 160, 200); boundsInScreen: Rect(190, 608 - 350, 808); packageName: com.pekall.emdm.launcher; className: android.widget.TextView; text: Personal Mode; contentDescription: null; viewIdResName: null; checkable: false; checked: false; focusable: false; focused: false; selected: false; clickable: true; longClickable: true; enabled: true; password: false; scrollable: false; [ACTION_SELECT, ACTION_CLEAR_SELECTION, ACTION_CLICK, ACTION_LONG_CLICK, ACTION_ACCESSIBILITY_FOCUS, ACTION_NEXT_AT_MOVEMENT_GRANULARITY, ACTION_PREVIOUS_AT_MOVEMENT_GRANULARITY, ACTION_SET_SELECTION]]
05-20 16:39:19.924 I/AndroidRuntime( 7272): VM exiting with result code 0.
05-20 16:39:19.931 D/MdmService( 6748): [null:-1]->handleCheckInResult
05-20 16:39:19.931 D/MdmService( 6748): [null:-1]->handleCheckInResult result keyIndex: 3
05-20 16:39:19.931 D/CommandManager( 6748): [null:-1]->execute command: CommandMsg{CommandUUID='ac504c86-7f9a-4283-b93f-f398dffac8ca', Command=CommandObject{RequestType='ManagedApplicationList'}}
05-20 16:39:19.939 D/CommandManager( 6748): [null:-1]->requestType: ManagedApplicationList
05-20 16:39:19.971 W/Parcel  ( 1661): Attempt to read object from Parcel 0x6003bdac at offset 200 that is not in the object list
05-20 16:39:19.978 D/MdmDatabaseHelper( 6748): [null:-1]->update command ac504c86-7f9a-4283-b93f-f398dffac8ca to commandStatus <?xml version="1.0" encoding="UTF-8"?>
05-20 16:39:19.978 D/MdmDatabaseHelper( 6748): <!DOCTYPE plist PUBLIC "-//Apple//DTD PLIST 1.0//EN" "http://www.apple.com/DTDs/PropertyList-1.0.dtd">
05-20 16:39:19.978 D/MdmDatabaseHelper( 6748): <plist version="1.0">
05-20 16:39:19.978 D/MdmDatabaseHelper( 6748): <dict>
05-20 16:39:19.978 D/MdmDatabaseHelper( 6748): 	<key>ManagedApplicationList</key>
05-20 16:39:19.978 D/MdmDatabaseHelper( 6748): 	<dict>
05-20 16:39:19.978 D/MdmDatabaseHelper( 6748): 	</dict>
05-20 16:39:19.978 D/MdmDatabaseHelper( 6748): 	<key>CommandUUID</key>
05-20 16:39:19.978 D/MdmDatabaseHelper( 6748): 	<string>ac504c86-7f9a-4283-b93f-f398dffac8ca</string>
05-20 16:39:19.978 D/MdmDatabaseHelper( 6748): 	<key>Status</key>
05-20 16:39:19.978 D/MdmDatabaseHelper( 6748): 	<string>Acknowledged</string>
05-20 16:39:19.978 D/MdmDatabaseHelper( 6748): 	<key>UDID</key>
05-20 16:39:19.978 D/MdmDatabaseHelper( 6748): 	<string>00013fbc8ecec5b90000014618c5744d</string>
05-20 16:39:19.978 D/MdmDatabaseHelper( 6748): </dict>
05-20 16:39:19.978 D/MdmDatabaseHelper( 6748): </plist>
05-20 16:39:20.002 I/TransInfo( 6748): TransInfo created, id: 3, class: class com.pekall.emdm.transaction.c.b
05-20 16:39:20.010 D/NetworkThread( 6748): [null:-1]->----isRunning-----true
05-20 16:39:20.010 D/NetworkThread( 6748): [null:-1]->----isRunning-----true
05-20 16:39:20.010 D/NetworkThread( 6748): [null:-1]->thread wakeup
05-20 16:39:20.010 D/NetworkThread( 6748): [null:-1]->sendHttpPost:PostRequest, url: http://192.168.10.21/rest/mdm/v1/ios/android_server, Params: [content:<?xml version="1.0" encoding="UTF-8"?>
05-20 16:39:20.010 D/NetworkThread( 6748): <!DOCTYPE plist PUBLIC "-//Apple//DTD PLIST 1.0//EN" "http://www.apple.com/DTDs/PropertyList-1.0.dtd">
05-20 16:39:20.010 D/NetworkThread( 6748): <plist version="1.0">
05-20 16:39:20.010 D/NetworkThread( 6748): <dict>
05-20 16:39:20.010 D/NetworkThread( 6748): 	<key>ManagedApplicationList</key>
05-20 16:39:20.010 D/NetworkThread( 6748): 	<dict>
05-20 16:39:20.010 D/NetworkThread( 6748): 	</dict>
05-20 16:39:20.010 D/NetworkThread( 6748): 	<key>CommandUUID</key>
05-20 16:39:20.010 D/NetworkThread( 6748): 	<string>ac504c86-7f9a-4283-b93f-f398dffac8ca</string>
05-20 16:39:20.010 D/NetworkThread( 6748): 	<key>Status</key>
05-20 16:39:20.010 D/NetworkThread( 6748): 	<string>Acknowledged</string>
05-20 16:39:20.010 D/NetworkThread( 6748): 	<key>UDID</key>
05-20 16:39:20.010 D/NetworkThread( 6748): 	<string>00013fbc8ecec5b90000014618c5744d</string>
05-20 16:39:20.010 D/NetworkThread( 6748): </dict>
05-20 16:39:20.010 D/NetworkThread( 6748): </plist>], 
05-20 16:39:20.010 D/HttpClient( 6748): enable apache.http debug
05-20 16:39:20.010 V/DEBUG   ( 6748): HTTP 0
05-20 16:39:20.260 D/MDM :   ( 6748): [null:-1]->statusCode : 200
05-20 16:39:20.260 D/MDM :   ( 6748): [null:-1]->statusCode : 200
05-20 16:39:20.260 V/DEBUG   ( 6748): HTTP 1
05-20 16:39:20.267 D/MDM :   ( 6748): [null:-1]->read network input stream
05-20 16:39:20.267 D/MDM :   ( 6748): [null:-1]->Get joson string: <?xml version="1.0" encoding="UTF-8"?>
05-20 16:39:20.267 D/MDM :   ( 6748): <!DOCTYPE plist PUBLIC "-//Apple//DTD PLIST 1.0//EN" "http://www.apple.com/DTDs/PropertyList-1.0.dtd">
05-20 16:39:20.267 D/MDM :   ( 6748): <plist version="1.0">
05-20 16:39:20.267 D/MDM :   ( 6748): <dict>
05-20 16:39:20.267 D/MDM :   ( 6748): 	<key>CommandUUID</key>
05-20 16:39:20.267 D/MDM :   ( 6748): 	<string>bd99f8a9-96bf-4f9b-a226-eefd542c30e6</string>
05-20 16:39:20.267 D/MDM :   ( 6748): 	<key>Command</key>
05-20 16:39:20.267 D/MDM :   ( 6748): 	<dict>
05-20 16:39:20.267 D/MDM :   ( 6748): 		<key>RequestType</key>
05-20 16:39:20.267 D/MDM :   ( 6748): 		<string>InstalledApplicationList</string>
05-20 16:39:20.267 D/MDM :   ( 6748): 	</dict>
05-20 16:39:20.267 D/MDM :   ( 6748): </dict>
05-20 16:39:20.267 D/MDM :   ( 6748): </plist>
05-20 16:39:20.275 D/MdmDatabaseHelper( 6748): [null:-1]->update command ac504c86-7f9a-4283-b93f-f398dffac8ca to status executed
05-20 16:39:20.299 D/CheckInTransInfo( 6748): [null:-1]->CommandMsg : CommandMsg{CommandUUID='bd99f8a9-96bf-4f9b-a226-eefd542c30e6', Command=CommandObject{RequestType='InstalledApplicationList'}}
05-20 16:39:20.330 D/NetworkThread( 6748): [null:-1]->clear mCurrentTransInfo
05-20 16:39:20.330 D/NetworkThread( 6748): [null:-1]->queue is empty, thread wait...
05-20 16:39:20.424 D/MdmService( 6748): [null:-1]->handleCheckInResult
05-20 16:39:20.424 D/MdmService( 6748): [null:-1]->handleCheckInResult result keyIndex: 3
05-20 16:39:20.431 D/CommandManager( 6748): [null:-1]->execute command: CommandMsg{CommandUUID='bd99f8a9-96bf-4f9b-a226-eefd542c30e6', Command=CommandObject{RequestType='InstalledApplicationList'}}
05-20 16:39:20.541 D/CommandManager( 6748): [null:-1]->requestType: InstalledApplicationList
05-20 16:39:20.580 W/Parcel  ( 1661): Attempt to read object from Parcel 0x5ded3dac at offset 200 that is not in the object list
05-20 16:39:20.619 D/MdmDatabaseHelper( 6748): [null:-1]->update command bd99f8a9-96bf-4f9b-a226-eefd542c30e6 to commandStatus <?xml version="1.0" encoding="UTF-8"?>
05-20 16:39:20.619 D/MdmDatabaseHelper( 6748): <!DOCTYPE plist PUBLIC "-//Apple//DTD PLIST 1.0//EN" "http://www.apple.com/DTDs/PropertyList-1.0.dtd">
05-20 16:39:20.619 D/MdmDatabaseHelper( 6748): <plist version="1.0">
05-20 16:39:20.619 D/MdmDatabaseHelper( 6748): <dict>
05-20 16:39:20.619 D/MdmDatabaseHelper( 6748): 	<key>InstalledApplicationList</key>
05-20 16:39:20.619 D/MdmDatabaseHelper( 6748): 	<array>
05-20 16:39:20.619 D/MdmDatabaseHelper( 6748): 		<dict>
05-20 16:39:20.619 D/MdmDatabaseHelper( 6748): 			<key>AppPermissions</key>
05-20 16:39:20.619 D/MdmDatabaseHelper( 6748): 			<array>
05-20 16:39:20.619 D/MdmDatabaseHelper( 6748): 				<string>android.permission.READ_LOGS</string>
05-20 16:39:20.619 D/MdmDatabaseHelper( 6748): 				<string>android.permission.WRITE_EXTERNAL_STORAGE</string>
05-20 16:39:20.619 D/MdmDatabaseHelper( 6748): 				<string>com.qihoo.root.RESPOND</string>
05-20 16:39:20.619 D/MdmDatabaseHelper( 6748): 				<string>com.qihoo.root.provider.READ</string>
05-20 16:39:20.619 D/MdmDatabaseHelper( 6748): 				<string>com.qihoo.root.provider.WRITE</string>
05-20 16:39:20.619 D/MdmDatabaseHelper( 6748): 				<string>android.permission.INTERNET</string>
05-20 16:39:20.619 D/MdmDatabaseHelper( 6748): 				<string>android.permission.ACCESS_NETWORK_STATE</string>
05-20 16:39:20.619 D/MdmDatabaseHelper( 6748): 				<string>android.permission.INSTALL_PACKAGES</string>
05-20 16:39:20.619 D/MdmDatabaseHelper( 6748): 				<string>android.permission.KILL_BACKGROUND_PROCESSES</string>
05-20 16:39:20.619 D/MdmDatabaseHelper( 6748): 				<string>android.permission.RESTART_PACKAGES</string>
05-20 16:39:20.619 D/MdmDatabaseHelper( 6748): 				<string>android.permission.READ_PHONE_STATE</string>
05-20 16:39:20.619 D/MdmDatabaseHelper( 6748): 				<string>android.permission.DELETE_PACKAGES</string>
05-20 16:39:20.619 D/MdmDatabaseHelper( 6748): 				<string>android.permission.READ_EXTERNAL_STORAGE</string>
05-20 16:39:20.619 D/MdmDatabaseHelper( 6748): 			</array>
05-20 16:39:20.619 D/MdmDatabaseHelper( 6748): 			<key>Version</key>
05-20 16:39:20.619 D/MdmDatabaseHelper( 6748): 			<string>7</string>
05-20 16:39:20.619 D/MdmDatabaseHelper( 6748): 			<key>ShortVersion</key>
05-20 16:39:20.619 D/MdmDatabaseHelper( 6748): 			<string>6.0.1</string>
05-20 16:39:20.619 D/MdmDatabaseHelper( 6748): 			<key>Identifier</key>
05-20 16:39:20.619 D/MdmDatabaseHelper( 6748): 			<string>com.qihoo.root</string>
05-20 16:39:20.619 D/MdmDatabaseHelper( 6748): 			<key>Name</key>
05-20 16:39:20.619 D/MdmDatabaseHelper( 6748): 			<string>360</string>
05-20 16:39:20.619 D/MdmDatabaseHelper( 6748): 			<key>DynamicSize</key>
05-20 16:39:20.619 D/MdmDatabaseHelper( 6748): 			<integer>0</integer>
05-20 16:39:20.619 D/MdmDatabaseHelper( 6748): 			<key>BundleSize</key>
05-20 16:39:20.619 D/MdmDatabaseHelper( 6748): 			<integer>0</integer>
05-20 16:39:20.619 D/MdmDatabaseHelper( 6748): 		</dict>
05-20 16:39:20.619 D/MdmDatabaseHelper( 6748): 		<dict>
05-20 16:39:20.619 D/MdmDatabaseHelper( 6748): 			<key>AppPermissions</key>
05-20 16:39:20.619 D/MdmDatabaseHelper( 6748): 			<array>
05-20 16:39:20.619 D/MdmDatabaseHelper( 6748): 				<string>android.permission.ACCESS_FINE_LOCATION</string>
05-20 16:39:20.619 D/MdmDatabaseHelper( 6748): 				<string>android.permission.ACCESS_COARSE_LOCATION</string>
05-20 16:39:20.619 D/MdmDatabaseHelper( 6748): 				<string>android.permission.SYSTEM_ALERT_WINDOW</string>
05-20 16:39:20.619 D/MdmDatabaseHelper( 6748): 				<string>android.permission.RECEIVE_BOOT_COMPLETED</string>
05-20 16:39:20.619 D/MdmDatabaseHelper( 6748): 				<string>android.permission.CALL_PHONE</string>
05-20 16:39:20.619 D/MdmDatabaseHelper( 6748): 				<string>android.permission.PROCESS_OUTGOING_CALLS</string>
05-20 16:39:20.619 D/MdmDatabaseHelper( 6748): 				<string>android.permission.READ_CONTACTS</string>
05-20 16:39:20.619 D/MdmDatabaseHelper( 6748): 				<string>android.permission.WRITE_CONTACTS</string>
05-20 16:39:20.619 D/MdmDatabaseHelper( 6748): 				<string>android.permission.RECEIVE_SMS</string>
05-20 16:39:20.619 D/MdmDatabaseHelper( 6748): 				<string>android.permission.RECEIVE_MMS</string>
05-20 16:39:20.619 D/MdmDatabaseHelper( 6748): 				<string>android.permission.RECEIVE_WAP_PUSH</string>
05-20 16:39:20.619 D/MdmDatabaseHelper( 6748): 				<string>android.permission.INTERNET</string>
05-20 16:39:20.619 D/MdmDatabaseHelper( 6748): 				<string>android.permission.SEND_SMS</string>
05-20 16:39:20.619 D/MdmDatabaseHelper( 6748): 				<string>android.permission.READ_SMS</string>
05-20 16:39:20.619 D/MdmDatabaseHelper( 6748): 				<string>android.permission.WRITE_SMS</string>
05-20 16:39:20.619 D/MdmDatabaseHelper( 6748): 				<string>android.permission.READ_CALL_LOG</string>
05-20 16:39:20.619 D/MdmDatabaseHelper( 6748): 				<string>android.permission.WRITE_CALL_LOG</string>
05-20 16:39:20.619 D/MdmDatabaseHelper( 6748): 				<string>android.permission.ACCESS_NETWORK_STATE</string>
05-20 16:39:20.619 D/MdmDatabaseHelper( 6748): 				<string>android.permission.READ_PHONE_STATE</string>
05-20 16:39:20.619 D/MdmDatabaseHelper( 6748): 				<string>android.permission.MODIFY_PHONE_STATE</string>
05-20 16:39:20.619 D/MdmDatabaseHelper( 6748): 				<string>android.permission.MODIFY_AUDIO_SETTINGS</string>
05-20 16:39:20.619 D/MdmDatabaseHelper( 6748): 				<string>android.permission.VIBRATE</string>
05-20 16:39:20.619 D/MdmDatabaseHelper( 6748): 				<string>android.permission.BATTERY_STATS</string>
05-20 16:39:20.619 D/MdmDatabaseHelper( 6748): 				<string>android.permission.GET_PACKAGE_SIZE</string>
05-20 16:39:20.619 D/MdmDatabaseHelper( 6748): 				<string>com.android.launcher.permission.READ_SETTINGS</string>
05-20 16:39:20.619 D/MdmDatabaseHelper( 6748): 				<string>android.permission.WAKE_LOCK</string>
05-20 16:39:20.619 D/MdmDatabaseHelper( 6748): 				<string>android.permission.CHANGE_NETWORK_STATE</string>
05-20 16:39:20.619 D/MdmDatabaseHelper( 6748): 				<string>android.permission.WRITE_EXTERNAL_STORAGE</string>
05-20 16:39:20.619 D/MdmDatabaseHelper( 6748): 				<string>android.permission.RESTART_PACKAGES</string>
05-20 16:39:20.619 D/MdmDatabaseHelper( 6748): 				<string>android.permission.CHANGE_WIFI_STATE</string>
05-20 16:39:20.619 D/MdmDatabaseHelper( 6748): 				<string>android.permission.WRITE_SETTINGS</string>
05-20 16:39:20.619 D/MdmDatabaseHelper( 6748): 				<string>android.permission.WRITE_SECURE_SETTINGS</string>
05-20 16:39:20.619 D/MdmDatabaseHelper( 6748): 				<string>android.permission.READ_SYNC_SETTINGS</string>
05-20 16:39:20.619 D/MdmDatabaseHelper( 6748): 				<string>android.permission.WRITE_SYNC_SETTINGS</string>
05-20 16:39:20.619 D/MdmDatabaseHelper( 6748): 				<string>android.permission.WRITE_APN_SETTINGS</string>
05-20 16:39:20.619 D/MdmDatabaseHelper( 6748): 				<string>android.permission.BLUETOOTH_ADMIN</string>
05-20 16:39:20.619 D/MdmDatabaseHelper( 6748): 				<string>android.permission.RECORD_AUDIO</string>
05-20 16:39:20.619 D/MdmDatabaseHelper( 6748): 				<string>android.permission.READ_LOGS</string>
05-20 16:39:20.619 D/MdmDatabaseHelper( 6748): 				<string>com.android.launcher.permission.INSTALL_SHORTCUT</string>
05-20 16:39:20.619 D/MdmDatabaseHelper( 6748): 				<string>com.android.launcher.permission.UNINSTALL_SHORTCUT</string>
05-20 16:39:20.619 D/MdmDatabaseHelper( 6748): 				<string>android.permission.ACCESS_WIFI_STATE</string>
05-20 16:39:20.619 D/MdmDatabaseHelper( 6748): 				<string>android.permission.BLUETOOTH</string>
05-20 16:39:20.619 D/MdmDatabaseHelper( 6748): 				<string>android.permission.CLEAR_APP_CACHE</string>
05-20 16:39:20.619 D/MdmDatabaseHelper( 6748): 				<string>android.permission.GET_TASKS</string>
05-20 16:39:20.619 D/MdmDatabaseHelper( 6748): 				<string>android.permission.REORDER_TASKS</string>
05-20 16:39:20.619 D/MdmDatabaseHelper( 6748): 				<string>android.permission.GET_ACCOUNTS</strin
05-20 16:39:20.642 I/TransInfo( 6748): TransInfo created, id: 3, class: class com.pekall.emdm.transaction.c.b
05-20 16:39:20.642 D/NetworkThread( 6748): [null:-1]->----isRunning-----true
05-20 16:39:20.642 D/NetworkThread( 6748): [null:-1]->----isRunning-----true
05-20 16:39:20.642 D/NetworkThread( 6748): [null:-1]->thread wakeup
05-20 16:39:20.697 D/NetworkThread( 6748): [null:-1]->sendHttpPost:PostRequest, url: http://192.168.10.21/rest/mdm/v1/ios/android_server, Params: [content:<?xml version="1.0" encoding="UTF-8"?>
05-20 16:39:20.697 D/NetworkThread( 6748): <!DOCTYPE plist PUBLIC "-//Apple//DTD PLIST 1.0//EN" "http://www.apple.com/DTDs/PropertyList-1.0.dtd">
05-20 16:39:20.697 D/NetworkThread( 6748): <plist version="1.0">
05-20 16:39:20.697 D/NetworkThread( 6748): <dict>
05-20 16:39:20.697 D/NetworkThread( 6748): 	<key>InstalledApplicationList</key>
05-20 16:39:20.697 D/NetworkThread( 6748): 	<array>
05-20 16:39:20.697 D/NetworkThread( 6748): 		<dict>
05-20 16:39:20.697 D/NetworkThread( 6748): 			<key>AppPermissions</key>
05-20 16:39:20.697 D/NetworkThread( 6748): 			<array>
05-20 16:39:20.697 D/NetworkThread( 6748): 				<string>android.permission.READ_LOGS</string>
05-20 16:39:20.697 D/NetworkThread( 6748): 				<string>android.permission.WRITE_EXTERNAL_STORAGE</string>
05-20 16:39:20.697 D/NetworkThread( 6748): 				<string>com.qihoo.root.RESPOND</string>
05-20 16:39:20.697 D/NetworkThread( 6748): 				<string>com.qihoo.root.provider.READ</string>
05-20 16:39:20.697 D/NetworkThread( 6748): 				<string>com.qihoo.root.provider.WRITE</string>
05-20 16:39:20.697 D/NetworkThread( 6748): 				<string>android.permission.INTERNET</string>
05-20 16:39:20.697 D/NetworkThread( 6748): 				<string>android.permission.ACCESS_NETWORK_STATE</string>
05-20 16:39:20.697 D/NetworkThread( 6748): 				<string>android.permission.INSTALL_PACKAGES</string>
05-20 16:39:20.697 D/NetworkThread( 6748): 				<string>android.permission.KILL_BACKGROUND_PROCESSES</string>
05-20 16:39:20.697 D/NetworkThread( 6748): 				<string>android.permission.RESTART_PACKAGES</string>
05-20 16:39:20.697 D/NetworkThread( 6748): 				<string>android.permission.READ_PHONE_STATE</string>
05-20 16:39:20.697 D/NetworkThread( 6748): 				<string>android.permission.DELETE_PACKAGES</string>
05-20 16:39:20.697 D/NetworkThread( 6748): 				<string>android.permission.READ_EXTERNAL_STORAGE</string>
05-20 16:39:20.697 D/NetworkThread( 6748): 			</array>
05-20 16:39:20.697 D/NetworkThread( 6748): 			<key>Version</key>
05-20 16:39:20.697 D/NetworkThread( 6748): 			<string>7</string>
05-20 16:39:20.697 D/NetworkThread( 6748): 			<key>ShortVersion</key>
05-20 16:39:20.697 D/NetworkThread( 6748): 			<string>6.0.1</string>
05-20 16:39:20.697 D/NetworkThread( 6748): 			<key>Identifier</key>
05-20 16:39:20.697 D/NetworkThread( 6748): 			<string>com.qihoo.root</string>
05-20 16:39:20.697 D/NetworkThread( 6748): 			<key>Name</key>
05-20 16:39:20.697 D/NetworkThread( 6748): 			<string>360</string>
05-20 16:39:20.697 D/NetworkThread( 6748): 			<key>DynamicSize</key>
05-20 16:39:20.697 D/NetworkThread( 6748): 			<integer>0</integer>
05-20 16:39:20.697 D/NetworkThread( 6748): 			<key>BundleSize</key>
05-20 16:39:20.697 D/NetworkThread( 6748): 			<integer>0</integer>
05-20 16:39:20.697 D/NetworkThread( 6748): 		</dict>
05-20 16:39:20.697 D/NetworkThread( 6748): 		<dict>
05-20 16:39:20.697 D/NetworkThread( 6748): 			<key>AppPermissions</key>
05-20 16:39:20.697 D/NetworkThread( 6748): 			<array>
05-20 16:39:20.697 D/NetworkThread( 6748): 				<string>android.permission.ACCESS_FINE_LOCATION</string>
05-20 16:39:20.697 D/NetworkThread( 6748): 				<string>android.permission.ACCESS_COARSE_LOCATION</string>
05-20 16:39:20.697 D/NetworkThread( 6748): 				<string>android.permission.SYSTEM_ALERT_WINDOW</string>
05-20 16:39:20.697 D/NetworkThread( 6748): 				<string>android.permission.RECEIVE_BOOT_COMPLETED</string>
05-20 16:39:20.697 D/NetworkThread( 6748): 				<string>android.permission.CALL_PHONE</string>
05-20 16:39:20.697 D/NetworkThread( 6748): 				<string>android.permission.PROCESS_OUTGOING_CALLS</string>
05-20 16:39:20.697 D/NetworkThread( 6748): 				<string>android.permission.READ_CONTACTS</string>
05-20 16:39:20.697 D/NetworkThread( 6748): 				<string>android.permission.WRITE_CONTACTS</string>
05-20 16:39:20.697 D/NetworkThread( 6748): 				<string>android.permission.RECEIVE_SMS</string>
05-20 16:39:20.697 D/NetworkThread( 6748): 				<string>android.permission.RECEIVE_MMS</string>
05-20 16:39:20.697 D/NetworkThread( 6748): 				<string>android.permission.RECEIVE_WAP_PUSH</string>
05-20 16:39:20.697 D/NetworkThread( 6748): 				<string>android.permission.INTERNET</string>
05-20 16:39:20.697 D/NetworkThread( 6748): 				<string>android.permission.SEND_SMS</string>
05-20 16:39:20.697 D/NetworkThread( 6748): 				<string>android.permission.READ_SMS</string>
05-20 16:39:20.697 D/NetworkThread( 6748): 				<string>android.permission.WRITE_SMS</string>
05-20 16:39:20.697 D/NetworkThread( 6748): 				<string>android.permission.READ_CALL_LOG</string>
05-20 16:39:20.697 D/NetworkThread( 6748): 				<string>android.permission.WRITE_CALL_LOG</string>
05-20 16:39:20.697 D/NetworkThread( 6748): 				<string>android.permission.ACCESS_NETWORK_STATE</string>
05-20 16:39:20.697 D/NetworkThread( 6748): 				<string>android.permission.READ_PHONE_STATE</string>
05-20 16:39:20.697 D/NetworkThread( 6748): 				<string>android.permission.MODIFY_PHONE_STATE</string>
05-20 16:39:20.697 D/NetworkThread( 6748): 				<string>android.permission.MODIFY_AUDIO_SETTINGS</string>
05-20 16:39:20.697 D/NetworkThread( 6748): 				<string>android.permission.VIBRATE</string>
05-20 16:39:20.697 D/NetworkThread( 6748): 				<string>android.permission.BATTERY_STATS</string>
05-20 16:39:20.697 D/NetworkThread( 6748): 				<string>android.permission.GET_PACKAGE_SIZE</string>
05-20 16:39:20.697 D/NetworkThread( 6748): 				<string>com.android.launcher.permission.READ_SETTINGS</string>
05-20 16:39:20.697 D/NetworkThread( 6748): 				<string>android.permission.WAKE_LOCK</string>
05-20 16:39:20.697 D/NetworkThread( 6748): 				<string>android.permission.CHANGE_NETWORK_STATE</string>
05-20 16:39:20.697 D/NetworkThread( 6748): 				<string>android.permission.WRITE_EXTERNAL_STORAGE</string>
05-20 16:39:20.697 D/NetworkThread( 6748): 				<string>android.permission.RESTART_PACKAGES</string>
05-20 16:39:20.697 D/NetworkThread( 6748): 				<string>android.permission.CHANGE_WIFI_STATE</string>
05-20 16:39:20.697 D/NetworkThread( 6748): 				<string>android.permission.WRITE_SETTINGS</string>
05-20 16:39:20.697 D/NetworkThread( 6748): 				<string>android.permission.WRITE_SECURE_SETTINGS</string>
05-20 16:39:20.697 D/NetworkThread( 6748): 				<string>android.permission.READ_SYNC_SETTINGS</string>
05-20 16:39:20.697 D/NetworkThread( 6748): 				<string>android.permission.WRITE_SYNC_SETTINGS</string>
05-20 16:39:20.697 D/NetworkThread( 6748): 				<string>android.permission.WRITE_APN_SETTINGS</string>
05-20 16:39:20.697 D/NetworkThread( 6748): 				<string>android.permission.BLUETOOTH_ADMIN</string>
05-20 16:39:20.697 D/NetworkThread( 6748): 				<string>android.permission.RECORD_AUDIO</string>
05-20 16:39:20.697 D/NetworkThread( 6748): 				<string>android.permission.READ_LOGS</string>
05-20 16:39:20.697 D/NetworkThread( 6748): 				<string>com.android.launcher.permission.INSTALL_SHORTCUT</string>
05-20 16:39:20.697 D/NetworkThread( 6748): 				<string>com.android.launcher.permission.UNINSTALL_SHORTCUT</string>
05-20 16:39:20.697 D/NetworkThread( 6748): 				<string>android.permission.ACCESS_WIFI_STATE</string>
05-20 16:39:20.697 D/NetworkThread( 6748): 				<string>android.permission.BLUETOOTH</string>
05-20 16:39:20.697 D/NetworkThread( 6748): 				<string>android.permission.CLEAR_APP_CACHE</string>
05-20 16:39:20.697 D/NetworkThread( 6748): 				<string>android.permission.GET_TASKS</string>
05-20 16:39:20.697 D/NetworkThread( 6748): 				<string>android.permission.REORDER_TASKS</string>
05-20 16:39:20.697 D/NetworkThread( 6748): 				<string>android.pe
05-20 16:39:20.697 D/HttpClient( 6748): enable apache.http debug
05-20 16:39:20.705 V/DEBUG   ( 6748): HTTP 0
05-20 16:39:20.947 D/dalvikvm( 1661): GC_EXPLICIT freed 169K, 18% free 13087K/15888K, paused 1ms+3ms, total 83ms
05-20 16:39:21.635 D/AndroidRuntime( 7326): 
05-20 16:39:21.635 D/AndroidRuntime( 7326): >>>>>> AndroidRuntime START com.android.internal.os.RuntimeInit <<<<<<
05-20 16:39:21.635 D/AndroidRuntime( 7326): CheckJNI is OFF
05-20 16:39:21.642 D/dalvikvm( 7326): Trying to load lib libjavacore.so 0x0
05-20 16:39:21.642 D/dalvikvm( 7326): Added shared lib libjavacore.so 0x0
05-20 16:39:21.658 D/dalvikvm( 7326): Trying to load lib libnativehelper.so 0x0
05-20 16:39:21.658 D/dalvikvm( 7326): Added shared lib libnativehelper.so 0x0
05-20 16:39:21.806 D/AndroidRuntime( 7326): Calling main entry com.android.commands.uiautomator.Launcher
05-20 16:39:21.838 D/dalvikvm( 7326): Note: class Landroid/app/ActivityManagerNative; has 163 unimplemented (abstract) methods
05-20 16:39:22.260 D/MDM :   ( 6748): [null:-1]->statusCode : 200
05-20 16:39:22.260 D/MDM :   ( 6748): [null:-1]->statusCode : 200
05-20 16:39:22.260 V/DEBUG   ( 6748): HTTP 1
05-20 16:39:22.267 D/MDM :   ( 6748): [null:-1]->read network input stream
05-20 16:39:22.267 D/MDM :   ( 6748): [null:-1]->Get joson string: <?xml version="1.0" encoding="UTF-8"?>
05-20 16:39:22.267 D/MDM :   ( 6748): <!DOCTYPE plist PUBLIC "-//Apple//DTD PLIST 1.0//EN" "http://www.apple.com/DTDs/PropertyList-1.0.dtd">
05-20 16:39:22.267 D/MDM :   ( 6748): <plist version="1.0">
05-20 16:39:22.267 D/MDM :   ( 6748): <dict>
05-20 16:39:22.267 D/MDM :   ( 6748): 	<key>CommandUUID</key>
05-20 16:39:22.267 D/MDM :   ( 6748): 	<string>2b2cead9-13ee-4674-b799-fa2ef5d80e96</string>
05-20 16:39:22.267 D/MDM :   ( 6748): 	<key>Command</key>
05-20 16:39:22.267 D/MDM :   ( 6748): 	<dict>
05-20 16:39:22.267 D/MDM :   ( 6748): 		<key>RequestType</key>
05-20 16:39:22.267 D/MDM :   ( 6748): 		<string>SecurityInfo</string>
05-20 16:39:22.267 D/MDM :   ( 6748): 	</dict>
05-20 16:39:22.267 D/MDM :   ( 6748): </dict>
05-20 16:39:22.267 D/MDM :   ( 6748): </plist>
05-20 16:39:22.275 D/MdmDatabaseHelper( 6748): [null:-1]->update command bd99f8a9-96bf-4f9b-a226-eefd542c30e6 to status executed
05-20 16:39:22.314 D/CheckInTransInfo( 6748): [null:-1]->CommandMsg : CommandMsg{CommandUUID='2b2cead9-13ee-4674-b799-fa2ef5d80e96', Command=CommandObject{RequestType='SecurityInfo'}}
05-20 16:39:22.346 D/NetworkThread( 6748): [null:-1]->clear mCurrentTransInfo
05-20 16:39:22.346 D/NetworkThread( 6748): [null:-1]->queue is empty, thread wait...
05-20 16:39:22.447 D/MdmService( 6748): [null:-1]->handleCheckInResult
05-20 16:39:22.455 D/MdmService( 6748): [null:-1]->handleCheckInResult result keyIndex: 3
05-20 16:39:22.455 D/CommandManager( 6748): [null:-1]->execute command: CommandMsg{CommandUUID='2b2cead9-13ee-4674-b799-fa2ef5d80e96', Command=CommandObject{RequestType='SecurityInfo'}}
05-20 16:39:22.455 V/PanelView(  448): animationTick called with dtms=0; nothing to do (h=0.0 v=4000.0)
05-20 16:39:22.471 V/PanelView(  448): animationTick called with dtms=0; nothing to do (h=0.0 v=4000.0)
05-20 16:39:22.510 D/CommandManager( 6748): [null:-1]->requestType: SecurityInfo
05-20 16:39:22.838 W/Parcel  ( 1661): Attempt to read object from Parcel 0x6013bdac at offset 200 that is not in the object list
05-20 16:39:22.853 D/MdmDatabaseHelper( 6748): [null:-1]->update command 2b2cead9-13ee-4674-b799-fa2ef5d80e96 to commandStatus <?xml version="1.0" encoding="UTF-8"?>
05-20 16:39:22.853 D/MdmDatabaseHelper( 6748): <!DOCTYPE plist PUBLIC "-//Apple//DTD PLIST 1.0//EN" "http://www.apple.com/DTDs/PropertyList-1.0.dtd">
05-20 16:39:22.853 D/MdmDatabaseHelper( 6748): <plist version="1.0">
05-20 16:39:22.853 D/MdmDatabaseHelper( 6748): <dict>
05-20 16:39:22.853 D/MdmDatabaseHelper( 6748): 	<key>SecurityInfo</key>
05-20 16:39:22.853 D/MdmDatabaseHelper( 6748): 	<dict>
05-20 16:39:22.853 D/MdmDatabaseHelper( 6748): 		<key>HardwareEncryptionCaps</key>
05-20 16:39:22.853 D/MdmDatabaseHelper( 6748): 		<integer>0</integer>
05-20 16:39:22.853 D/MdmDatabaseHelper( 6748): 		<key>PasscodeCompliant</key>
05-20 16:39:22.853 D/MdmDatabaseHelper( 6748): 		<false/>
05-20 16:39:22.853 D/MdmDatabaseHelper( 6748): 		<key>PasscodeCompliantWithProfiles</key>
05-20 16:39:22.853 D/MdmDatabaseHelper( 6748): 		<true/>
05-20 16:39:22.853 D/MdmDatabaseHelper( 6748): 		<key>PasscodePresent</key>
05-20 16:39:22.853 D/MdmDatabaseHelper( 6748): 		<false/>
05-20 16:39:22.853 D/MdmDatabaseHelper( 6748): 	</dict>
05-20 16:39:22.853 D/MdmDatabaseHelper( 6748): 	<key>CommandUUID</key>
05-20 16:39:22.853 D/MdmDatabaseHelper( 6748): 	<string>2b2cead9-13ee-4674-b799-fa2ef5d80e96</string>
05-20 16:39:22.853 D/MdmDatabaseHelper( 6748): 	<key>Status</key>
05-20 16:39:22.853 D/MdmDatabaseHelper( 6748): 	<string>Acknowledged</string>
05-20 16:39:22.853 D/MdmDatabaseHelper( 6748): 	<key>UDID</key>
05-20 16:39:22.853 D/MdmDatabaseHelper( 6748): 	<string>00013fbc8ecec5b90000014618c5744d</string>
05-20 16:39:22.853 D/MdmDatabaseHelper( 6748): </dict>
05-20 16:39:22.853 D/MdmDatabaseHelper( 6748): </plist>
05-20 16:39:22.877 I/TransInfo( 6748): TransInfo created, id: 3, class: class com.pekall.emdm.transaction.c.b
05-20 16:39:22.885 D/NetworkThread( 6748): [null:-1]->----isRunning-----true
05-20 16:39:22.885 D/NetworkThread( 6748): [null:-1]->----isRunning-----true
05-20 16:39:22.885 D/NetworkThread( 6748): [null:-1]->thread wakeup
05-20 16:39:22.885 D/NetworkThread( 6748): [null:-1]->sendHttpPost:PostRequest, url: http://192.168.10.21/rest/mdm/v1/ios/android_server, Params: [content:<?xml version="1.0" encoding="UTF-8"?>
05-20 16:39:22.885 D/NetworkThread( 6748): <!DOCTYPE plist PUBLIC "-//Apple//DTD PLIST 1.0//EN" "http://www.apple.com/DTDs/PropertyList-1.0.dtd">
05-20 16:39:22.885 D/NetworkThread( 6748): <plist version="1.0">
05-20 16:39:22.885 D/NetworkThread( 6748): <dict>
05-20 16:39:22.885 D/NetworkThread( 6748): 	<key>SecurityInfo</key>
05-20 16:39:22.885 D/NetworkThread( 6748): 	<dict>
05-20 16:39:22.885 D/NetworkThread( 6748): 		<key>HardwareEncryptionCaps</key>
05-20 16:39:22.885 D/NetworkThread( 6748): 		<integer>0</integer>
05-20 16:39:22.885 D/NetworkThread( 6748): 		<key>PasscodeCompliant</key>
05-20 16:39:22.885 D/NetworkThread( 6748): 		<false/>
05-20 16:39:22.885 D/NetworkThread( 6748): 		<key>PasscodeCompliantWithProfiles</key>
05-20 16:39:22.885 D/NetworkThread( 6748): 		<true/>
05-20 16:39:22.885 D/NetworkThread( 6748): 		<key>PasscodePresent</key>
05-20 16:39:22.885 D/NetworkThread( 6748): 		<false/>
05-20 16:39:22.885 D/NetworkThread( 6748): 	</dict>
05-20 16:39:22.885 D/NetworkThread( 6748): 	<key>CommandUUID</key>
05-20 16:39:22.885 D/NetworkThread( 6748): 	<string>2b2cead9-13ee-4674-b799-fa2ef5d80e96</string>
05-20 16:39:22.885 D/NetworkThread( 6748): 	<key>Status</key>
05-20 16:39:22.885 D/NetworkThread( 6748): 	<string>Acknowledged</string>
05-20 16:39:22.885 D/NetworkThread( 6748): 	<key>UDID</key>
05-20 16:39:22.885 D/NetworkThread( 6748): 	<string>00013fbc8ecec5b90000014618c5744d</string>
05-20 16:39:22.885 D/NetworkThread( 6748): </dict>
05-20 16:39:22.885 D/NetworkThread( 6748): </plist>], 
05-20 16:39:22.885 D/HttpClient( 6748): enable apache.http debug
05-20 16:39:22.892 V/DEBUG   ( 6748): HTTP 0
05-20 16:39:23.627 D/MDM :   ( 6748): [null:-1]->statusCode : 200
05-20 16:39:23.627 D/MDM :   ( 6748): [null:-1]->statusCode : 200
05-20 16:39:23.627 V/DEBUG   ( 6748): HTTP 1
05-20 16:39:23.635 D/MDM :   ( 6748): [null:-1]->read network input stream
05-20 16:39:23.635 D/MDM :   ( 6748): [null:-1]->Get joson string: <?xml version="1.0" encoding="UTF-8"?>
05-20 16:39:23.635 D/MDM :   ( 6748): <!DOCTYPE plist PUBLIC "-//Apple//DTD PLIST 1.0//EN" "http://www.apple.com/DTDs/PropertyList-1.0.dtd">
05-20 16:39:23.635 D/MDM :   ( 6748): <plist version="1.0">
05-20 16:39:23.635 D/MDM :   ( 6748): <dict>
05-20 16:39:23.635 D/MDM :   ( 6748): 	<key>CommandUUID</key>
05-20 16:39:23.635 D/MDM :   ( 6748): 	<string>9909ad78-4b64-413e-a711-0856deda26a7</string>
05-20 16:39:23.635 D/MDM :   ( 6748): 	<key>Command</key>
05-20 16:39:23.635 D/MDM :   ( 6748): 	<dict>
05-20 16:39:23.635 D/MDM :   ( 6748): 		<key>RequestType</key>
05-20 16:39:23.635 D/MDM :   ( 6748): 		<string>CertificateList</string>
05-20 16:39:23.635 D/MDM :   ( 6748): 	</dict>
05-20 16:39:23.635 D/MDM :   ( 6748): </dict>
05-20 16:39:23.635 D/MDM :   ( 6748): </plist>
05-20 16:39:23.642 D/MdmDatabaseHelper( 6748): [null:-1]->update command 2b2cead9-13ee-4674-b799-fa2ef5d80e96 to status executed
05-20 16:39:23.666 D/CheckInTransInfo( 6748): [null:-1]->CommandMsg : CommandMsg{CommandUUID='9909ad78-4b64-413e-a711-0856deda26a7', Command=CommandObject{RequestType='CertificateList'}}
05-20 16:39:23.689 D/NetworkThread( 6748): [null:-1]->clear mCurrentTransInfo
05-20 16:39:23.689 D/NetworkThread( 6748): [null:-1]->queue is empty, thread wait...
05-20 16:39:23.783 D/MdmService( 6748): [null:-1]->handleCheckInResult
05-20 16:39:23.791 D/MdmService( 6748): [null:-1]->handleCheckInResult result keyIndex: 3
05-20 16:39:23.791 D/CommandManager( 6748): [null:-1]->execute command: CommandMsg{CommandUUID='9909ad78-4b64-413e-a711-0856deda26a7', Command=CommandObject{RequestType='CertificateList'}}
05-20 16:39:23.791 D/CommandManager( 6748): [null:-1]->requestType: CertificateList
05-20 16:39:23.830 W/Parcel  ( 1661): Attempt to read object from Parcel 0x5ef3bdac at offset 200 that is not in the object list
05-20 16:39:23.838 D/MdmDatabaseHelper( 6748): [null:-1]->update command 9909ad78-4b64-413e-a711-0856deda26a7 to commandStatus <?xml version="1.0" encoding="UTF-8"?>
05-20 16:39:23.838 D/MdmDatabaseHelper( 6748): <!DOCTYPE plist PUBLIC "-//Apple//DTD PLIST 1.0//EN" "http://www.apple.com/DTDs/PropertyList-1.0.dtd">
05-20 16:39:23.838 D/MdmDatabaseHelper( 6748): <plist version="1.0">
05-20 16:39:23.838 D/MdmDatabaseHelper( 6748): <dict>
05-20 16:39:23.838 D/MdmDatabaseHelper( 6748): 	<key>CertificateList</key>
05-20 16:39:23.838 D/MdmDatabaseHelper( 6748): 	<array>
05-20 16:39:23.838 D/MdmDatabaseHelper( 6748): 	</array>
05-20 16:39:23.838 D/MdmDatabaseHelper( 6748): 	<key>CommandUUID</key>
05-20 16:39:23.838 D/MdmDatabaseHelper( 6748): 	<string>9909ad78-4b64-413e-a711-0856deda26a7</string>
05-20 16:39:23.838 D/MdmDatabaseHelper( 6748): 	<key>Status</key>
05-20 16:39:23.838 D/MdmDatabaseHelper( 6748): 	<string>Acknowledged</string>
05-20 16:39:23.838 D/MdmDatabaseHelper( 6748): 	<key>UDID</key>
05-20 16:39:23.838 D/MdmDatabaseHelper( 6748): 	<string>00013fbc8ecec5b90000014618c5744d</string>
05-20 16:39:23.838 D/MdmDatabaseHelper( 6748): </dict>
05-20 16:39:23.838 D/MdmDatabaseHelper( 6748): </plist>
05-20 16:39:23.861 I/TransInfo( 6748): TransInfo created, id: 3, class: class com.pekall.emdm.transaction.c.b
05-20 16:39:23.869 D/NetworkThread( 6748): [null:-1]->----isRunning-----true
05-20 16:39:23.869 D/NetworkThread( 6748): [null:-1]->----isRunning-----true
05-20 16:39:23.869 D/NetworkThread( 6748): [null:-1]->thread wakeup
05-20 16:39:23.869 D/NetworkThread( 6748): [null:-1]->sendHttpPost:PostRequest, url: http://192.168.10.21/rest/mdm/v1/ios/android_server, Params: [content:<?xml version="1.0" encoding="UTF-8"?>
05-20 16:39:23.869 D/NetworkThread( 6748): <!DOCTYPE plist PUBLIC "-//Apple//DTD PLIST 1.0//EN" "http://www.apple.com/DTDs/PropertyList-1.0.dtd">
05-20 16:39:23.869 D/NetworkThread( 6748): <plist version="1.0">
05-20 16:39:23.869 D/NetworkThread( 6748): <dict>
05-20 16:39:23.869 D/NetworkThread( 6748): 	<key>CertificateList</key>
05-20 16:39:23.869 D/NetworkThread( 6748): 	<array>
05-20 16:39:23.869 D/NetworkThread( 6748): 	</array>
05-20 16:39:23.869 D/NetworkThread( 6748): 	<key>CommandUUID</key>
05-20 16:39:23.869 D/NetworkThread( 6748): 	<string>9909ad78-4b64-413e-a711-0856deda26a7</string>
05-20 16:39:23.869 D/NetworkThread( 6748): 	<key>Status</key>
05-20 16:39:23.869 D/NetworkThread( 6748): 	<string>Acknowledged</string>
05-20 16:39:23.869 D/NetworkThread( 6748): 	<key>UDID</key>
05-20 16:39:23.869 D/NetworkThread( 6748): 	<string>00013fbc8ecec5b90000014618c5744d</string>
05-20 16:39:23.869 D/NetworkThread( 6748): </dict>
05-20 16:39:23.869 D/NetworkThread( 6748): </plist>], 
05-20 16:39:23.869 D/HttpClient( 6748): enable apache.http debug
05-20 16:39:23.869 V/DEBUG   ( 6748): HTTP 0
05-20 16:39:24.244 D/MDM :   ( 6748): [null:-1]->statusCode : 200
05-20 16:39:24.244 D/MDM :   ( 6748): [null:-1]->statusCode : 200
05-20 16:39:24.244 V/DEBUG   ( 6748): HTTP 1
05-20 16:39:24.252 D/MDM :   ( 6748): [null:-1]->read network input stream
05-20 16:39:24.252 D/MDM :   ( 6748): [null:-1]->read network input stream
05-20 16:39:24.252 D/MDM :   ( 6748): [null:-1]->read network input stream
05-20 16:39:24.252 D/MDM :   ( 6748): [null:-1]->Get joson string: <?xml version="1.0" encoding="UTF-8"?>
05-20 16:39:24.252 D/MDM :   ( 6748): <!DOCTYPE plist PUBLIC "-//Apple//DTD PLIST 1.0//EN" "http://www.apple.com/DTDs/PropertyList-1.0.dtd">
05-20 16:39:24.252 D/MDM :   ( 6748): <plist version="1.0">
05-20 16:39:24.252 D/MDM :   ( 6748): <dict>
05-20 16:39:24.252 D/MDM :   ( 6748): 	<key>CommandUUID</key>
05-20 16:39:24.252 D/MDM :   ( 6748): 	<string>cf6f979c-0027-4598-9d32-ab6897900098</string>
05-20 16:39:24.252 D/MDM :   ( 6748): 	<key>Command</key>
05-20 16:39:24.252 D/MDM :   ( 6748): 	<dict>
05-20 16:39:24.252 D/MDM :   ( 6748): 		<key>Payload</key>
05-20 16:39:24.252 D/MDM :   ( 6748): 		<data>
05-20 16:39:24.252 D/MDM :   ( 6748): 			PD94bWwgdmVyc2lvbj0iMS4wIiBlbmNvZGluZz0iVVRGLTgiPz4KPCFET0NUWVBFIHBsaXN0IFBVQkxJQyAiLS8vQXBwbGUvL0RURCBQTElTVCAxLjAvL0VOIiAiaHR0cDovL3d3dy5hcHBsZS5jb20vRFREcy9Qcm9wZXJ0eUxpc3QtMS4wLmR0ZCI+CjxwbGlzdCB2ZXJzaW9uPSIxLjAiPgo8ZGljdD4KCTxrZXk+UGF5bG9hZENvbnRlbnQ8L2tleT4KCTxhcnJheT4KCQk8ZGljdD4KCQkJPGtleT5jYW1lcmE8L2tleT4KCQkJPHN0cmluZz5lbmFibGVkPC9zdHJpbmc+CgkJCTxrZXk+UGF5bG9hZFR5cGU8L2tleT4KCQkJPHN0cmluZz5jb20ucGVrYWxsLnJlc3RyaWN0aW9ucy5wb2xpY3k8L3N0cmluZz4KCQkJPGtleT5QYXlsb2FkVmVyc2lvbjwva2V5PgoJCQk8aW50ZWdlcj4xPC9pbnRlZ2VyPgoJCQk8a2V5PlBheWxvYWRJZGVudGlmaWVyPC9rZXk+CgkJCTxzdHJpbmc+U24wMngyT0ZMZ0g2YTVrNGpZSHJ2Q1J2RVd6U1hRVjAucmVzdHJpY3Rpb248L3N0cmluZz4KCQkJPGtleT5QYXlsb2FkVVVJRDwva2V5PgoJCQk8c3RyaW5nPmQ2MjVkMzQ1LTZhZTUtNDkzYy1iNWNlLTkyOGY2MTdjMjM1MDwvc3RyaW5nPgoJCQk8a2V5PlBheWxvYWREaXNwbGF5TmFtZTwva2V5PgoJCQk8c3RyaW5nPlJlc3RyaWN0aW9u6YWN572uPC9zdHJpbmc+CgkJCTxrZXk+UGF5bG9hZERlc2NyaXB0aW9uPC9rZXk+CgkJCTxzdHJpbmc+UmVzdHJpY3Rpb27nm7jlhbPphY3nva48L3N0cmluZz4KCQkJPGtleT5QYXlsb2FkT3JnYW5pemF0aW9uPC9rZXk+CgkJCTxzdHJpbmc+UGVrYWxsIENhcHRpY2FsPC9zdHJpbmc+CgkJPC9kaWN0PgoJPC9hcnJheT4KCTxrZXk+UGF5bG9hZFJlbW92YWxEaXNhbGxvd2VkPC9rZXk+Cgk8dHJ1ZS8+Cgk8a2V5PlBheWxvYWRUeXBlPC9rZXk+Cgk8c3RyaW5nPkNvbmZpZ3VyYXRpb248L3N0cmluZz4KCTxrZXk+UGF5bG9hZFZlcnNpb248L2tleT4KCTxpbnRlZ2VyPjE8L2ludGVnZXI+Cgk8a2V5PlBheWxvYWRJZGVudGlmaWVyPC9rZXk+Cgk8c3RyaW5nPlNuMDJ4Mk9GTGdINmE1azRqWUhydkNSdkVXelNYUVYwPC9zdHJpbmc+Cgk8a2V5PlBheWxvYWRVVUlEPC9rZXk+Cgk8c3RyaW5nPmFmMGFjYmQ5LWY1Y2MtNDYyNy1iMmRlLWU3N2RiMDc0MTVhYzwvc3RyaW5nPgoJPGtleT5QYXlsb2FkRGlzcGxheU5hbWU8L2tleT4KCTxzdHJpbmc+5YWB6K645L2/55So55u45py6PC9zdHJpbmc+Cgk8a2V5PlBheWxvYWREZXNjcmlwdGlvbjwva2V5PgoJPHN0cmluZz53b21nPC9zdHJpbmc+Cgk8a2V5PlBheWxvYWRPcmdhbml6YXRpb248L2tleT4KCTxzdHJpbmc+UGVrYWxsIENhcHRpY2FsPC9zdHJpbmc+CjwvZGljdD4KPC9wbGlzdD4=
05-20 16:39:24.252 D/MDM :   ( 6748): 		</data>
05-20 16:39:24.252 D/MDM :   ( 6748): 		<key>RequestType</key>
05-20 16:39:24.252 D/MDM :   ( 6748): 		<string>InstallProfile</string>
05-20 16:39:24.252 D/MDM :   ( 6748): 	</dict>
05-20 16:39:24.252 D/MDM :   ( 6748): </dict>
05-20 16:39:24.252 D/MDM :   ( 6748): </plist>
05-20 16:39:24.260 D/MdmDatabaseHelper( 6748): [null:-1]->update command 9909ad78-4b64-413e-a711-0856deda26a7 to status executed
05-20 16:39:24.291 D/CheckInTransInfo( 6748): [null:-1]->CommandMsg : CommandMsg{CommandUUID='cf6f979c-0027-4598-9d32-ab6897900098', Command=CommandInstallProfile{super=CommandObject{RequestType='InstallProfile'}Payload=[60, 63, 120, 109, 108, 32, 118, 101, 114, 115, 105, 111, 110, 61, 34, 49, 46, 48, 34, 32, 101, 110, 99, 111, 100, 105, 110, 103, 61, 34, 85, 84, 70, 45, 56, 34, 63, 62, 10, 60, 33, 68, 79, 67, 84, 89, 80, 69, 32, 112, 108, 105, 115, 116, 32, 80, 85, 66, 76, 73, 67, 32, 34, 45, 47, 47, 65, 112, 112, 108, 101, 47, 47, 68, 84, 68, 32, 80, 76, 73, 83, 84, 32, 49, 46, 48, 47, 47, 69, 78, 34, 32, 34, 104, 116, 116, 112, 58, 47, 47, 119, 119, 119, 46, 97, 112, 112, 108, 101, 46, 99, 111, 109, 47, 68, 84, 68, 115, 47, 80, 114, 111, 112, 101, 114, 116, 121, 76, 105, 115, 116, 45, 49, 46, 48, 46, 100, 116, 100, 34, 62, 10, 60, 112, 108, 105, 115, 116, 32, 118, 101, 114, 115, 105, 111, 110, 61, 34, 49, 46, 48, 34, 62, 10, 60, 100, 105, 99, 116, 62, 10, 9, 60, 107, 101, 121, 62, 80, 97, 121, 108, 111, 97, 100, 67, 111, 110, 116, 101, 110, 116, 60, 47, 107, 101, 121, 62, 10, 9, 60, 97, 114, 114, 97, 121, 62, 10, 9, 9, 60, 100, 105, 99, 116, 62, 10, 9, 9, 9, 60, 107, 101, 121, 62, 99, 97, 109, 101, 114, 97, 60, 47, 107, 101, 121, 62, 10, 9, 9, 9, 60, 115, 116, 114, 105, 110, 103, 62, 101, 110, 97, 98, 108, 101, 100, 60, 47, 115, 116, 114, 105, 110, 103, 62, 10, 9, 9, 9, 60, 107, 101, 121, 62, 80, 97, 121, 108, 111, 97, 100, 84, 121, 112, 101, 60, 47, 107, 101, 121, 62, 10, 9, 9, 9, 60, 115, 116, 114, 105, 110, 103, 62, 99, 111, 109, 46, 112, 101, 107, 97, 108, 108, 46, 114, 101, 115, 116, 114, 105, 99, 116, 105, 111, 110, 115, 46, 112, 111, 108, 105, 99, 121, 60, 47, 115, 116, 114, 105, 110, 103, 62, 10, 9, 9, 9, 60, 107, 101, 121, 62, 80, 97, 121, 108, 111, 97, 100, 86, 101, 114, 115, 105, 111, 110, 60, 47, 107, 101, 121, 62, 10, 9, 9, 9, 60, 105, 110, 116, 101, 103, 101, 114, 62, 49, 60, 47, 105, 110, 116, 101, 103, 101, 114, 62, 10, 9, 9, 9, 60, 107, 101, 121, 62, 80, 97, 121, 108, 111, 97, 100, 73, 100, 101, 110, 116, 105, 102, 105, 101, 114, 60, 47, 107, 101, 121, 62, 10, 9, 9, 9, 60, 115, 116, 114, 105, 110, 103, 62, 83, 110, 48, 50, 120, 50, 79, 70, 76, 103, 72, 54, 97, 53, 107, 52, 106, 89, 72, 114, 118, 67, 82, 118, 69, 87, 122, 83, 88, 81, 86, 48, 46, 114, 101, 115, 116, 114, 105, 99, 116, 105, 111, 110, 60, 47, 115, 116, 114, 105, 110, 103, 62, 10, 9, 9, 9, 60, 107, 101, 121, 62, 80, 97, 121, 108, 111, 97, 100, 85, 85, 73, 68, 60, 47, 107, 101, 121, 62, 10, 9, 9, 9, 60, 115, 116, 114, 105, 110, 103, 62, 100, 54, 50, 53, 100, 51, 52, 53, 45, 54, 97, 101, 53, 45, 52, 57, 51, 99, 45, 98, 53, 99, 101, 45, 57, 50, 56, 102, 54, 49, 55, 99, 50, 51, 53, 48, 60, 47, 115, 116, 114, 105, 110, 103, 62, 10, 9, 9, 9, 60, 107, 101, 121, 62, 80, 97, 121, 108, 111, 97, 100, 68, 105, 115, 112, 108, 97, 121, 78, 97, 109, 101, 60, 47, 107, 101, 121, 62, 10, 9, 9, 9, 60, 115, 116, 114, 105, 110, 103, 62, 82, 101, 115, 116, 114, 105, 99, 116, 105, 111, 110, -23, -123, -115, -25, -67, -82, 60, 47, 115, 116, 114, 105, 110, 103, 62, 10, 9, 9, 9, 60, 107, 101, 121, 62, 80, 97, 121, 108, 111, 97, 100, 68, 101, 115, 99, 114, 105, 112, 116, 105, 111, 110, 60, 47, 107, 101, 121, 62, 10, 9, 9, 9, 60, 115, 116, 114, 105, 110, 103, 62, 82, 101, 115, 116, 114, 105, 99, 116, 105, 111, 110, -25, -101, -72, -27, -123, -77, -23, -123, -115, -25, -67, -82, 60, 47, 115, 116, 114, 105, 110, 103, 62, 10, 9, 9, 9, 60, 107, 101, 121, 62, 80, 97, 121, 108, 111, 97, 100, 79, 114, 103, 97, 110, 105, 122, 97, 116, 105, 111, 110, 60, 47, 107, 101, 121, 62, 10, 9, 9, 9, 60, 115, 116, 114, 105, 110, 103, 62, 80, 101, 107, 97, 108, 108, 32, 67, 97, 112, 116, 105, 99, 97, 108, 60, 47, 115, 116, 114, 105, 110, 103, 62, 10, 9, 9, 60, 47, 100, 105, 99, 116, 62, 10, 9, 60, 47, 97, 114, 114, 97, 121, 62, 10, 9, 60, 107, 101, 121, 62, 80, 97, 121, 108, 111, 97, 100, 82, 101, 109, 111, 118, 97, 108, 68, 105, 115, 97, 108, 108, 111, 119, 101, 100, 60, 47, 107, 101, 121, 62, 10, 9, 60, 116, 114, 117, 101, 47, 62, 10, 9, 60, 107, 101, 121, 62, 80, 97, 121, 108, 111, 97, 100, 
05-20 16:39:24.322 D/NetworkThread( 6748): [null:-1]->clear mCurrentTransInfo
05-20 16:39:24.322 D/NetworkThread( 6748): [null:-1]->queue is empty, thread wait...
