05-20 16:39:13.525 W/WindowManager(  374): Caused by: android.content.res.Resources$NotFoundException: Resource is not a Drawable (color or path): TypedValue{t=0x2/d=0x1010059 a=-1}
05-20 16:39:13.525 W/WindowManager(  374): 	at android.content.res.Resources.loadDrawable(Resources.java:2063)
05-20 16:39:13.525 W/WindowManager(  374): 	at android.content.res.TypedArray.getDrawable(TypedArray.java:601)
05-20 16:39:13.525 W/WindowManager(  374): 	at android.widget.FrameLayout.<init>(FrameLayout.java:109)
05-20 16:39:13.525 W/WindowManager(  374): 	at android.widget.FrameLayout.<init>(FrameLayout.java:97)
05-20 16:39:13.525 W/WindowManager(  374): 	... 18 more
05-20 16:39:13.541 E/QueryController( 7272): Got null root node from accessibility - Retrying...
05-20 16:39:13.549 D/LauncherApplication( 6748): [null:-1]->onActivityPaused
05-20 16:39:13.549 D/MDM :   ( 6748): [null:-1]->statusCode : 200
05-20 16:39:13.549 D/MDM :   ( 6748): [null:-1]->statusCode : 200
05-20 16:39:13.549 V/DEBUG   ( 6748): HTTP 1
05-20 16:39:13.791 E/QueryController( 7272): Got null root node from accessibility - Retrying...
05-20 16:39:13.822 D/dalvikvm( 6748): JIT unchain all for threadid=11
05-20 16:39:13.892 D/MDM :   ( 6748): [null:-1]->read network input stream
05-20 16:39:13.892 D/MDM :   ( 6748): [null:-1]->read network input stream
05-20 16:39:14.041 E/QueryController( 7272): Got null root node from accessibility - Retrying...
05-20 16:39:14.150 D/dalvikvm( 6748): JIT unchain all for threadid=11
05-20 16:39:14.197 D/dalvikvm( 6748): GC_CONCURRENT freed 4032K, 29% free 25098K/35180K, paused 268ms+271ms, total 620ms
05-20 16:39:14.197 D/dalvikvm( 6748): WAIT_FOR_CONCURRENT_GC blocked 17ms
05-20 16:39:14.197 D/dalvikvm( 6748): WAIT_FOR_CONCURRENT_GC blocked 18ms
05-20 16:39:14.205 D/MDM :   ( 6748): [null:-1]->read network input stream
05-20 16:39:14.228 D/MDM :   ( 6748): [null:-1]->Get joson string: <?xml version="1.0" encoding="UTF-8"?>
05-20 16:39:14.228 D/MDM :   ( 6748): <!DOCTYPE plist PUBLIC "-//Apple//DTD PLIST 1.0//EN" "http://www.apple.com/DTDs/PropertyList-1.0.dtd">
05-20 16:39:14.228 D/MDM :   ( 6748): <plist version="1.0">
05-20 16:39:14.228 D/MDM :   ( 6748): <dict>
05-20 16:39:14.228 D/MDM :   ( 6748): 	<key>CommandUUID</key>
05-20 16:39:14.228 D/MDM :   ( 6748): 	<string>f5cf02b7-2d7a-4fe2-be1d-1551db350bc9</string>
05-20 16:39:14.228 D/MDM :   ( 6748): 	<key>Command</key>
05-20 16:39:14.228 D/MDM :   ( 6748): 	<dict>
05-20 16:39:14.228 D/MDM :   ( 6748): 		<key>Queries</key>
05-20 16:39:14.228 D/MDM :   ( 6748): 		<array>
05-20 16:39:14.228 D/MDM :   ( 6748): 			<string>UDID</string>
05-20 16:39:14.228 D/MDM :   ( 6748): 			<string>DeviceName</string>
05-20 16:39:14.228 D/MDM :   ( 6748): 			<string>OSVersion</string>
05-20 16:39:14.228 D/MDM :   ( 6748): 			<string>BuildVersion</string>
05-20 16:39:14.228 D/MDM :   ( 6748): 			<string>ModelName</string>
05-20 16:39:14.228 D/MDM :   ( 6748): 			<string>Model</string>
05-20 16:39:14.228 D/MDM :   ( 6748): 			<string>ProductName</string>
05-20 16:39:14.228 D/MDM :   ( 6748): 			<string>SerialNumber</string>
05-20 16:39:14.228 D/MDM :   ( 6748): 			<string>DeviceCapacity</string>
05-20 16:39:14.228 D/MDM :   ( 6748): 			<string>AvailableDeviceCapacity</string>
05-20 16:39:14.228 D/MDM :   ( 6748): 			<string>BatteryLevel</string>
05-20 16:39:14.228 D/MDM :   ( 6748): 			<string>CellularTechnology</string>
05-20 16:39:14.228 D/MDM :   ( 6748): 			<string>IMEI</string>
05-20 16:39:14.228 D/MDM :   ( 6748): 			<string>MEID</string>
05-20 16:39:14.228 D/MDM :   ( 6748): 			<string>ModemFirmwareVersion</string>
05-20 16:39:14.228 D/MDM :   ( 6748): 			<string>ICCID</string>
05-20 16:39:14.228 D/MDM :   ( 6748): 			<string>BluetoothMAC</string>
05-20 16:39:14.228 D/MDM :   ( 6748): 			<string>WiFiMAC</string>
05-20 16:39:14.228 D/MDM :   ( 6748): 			<string>EthernetMAC</string>
05-20 16:39:14.228 D/MDM :   ( 6748): 			<string>CurrentCarrierNetwork</string>
05-20 16:39:14.228 D/MDM :   ( 6748): 			<string>SIMCarrierNetwork</string>
05-20 16:39:14.228 D/MDM :   ( 6748): 			<string>SubscriberCarrierNetwork</string>
05-20 16:39:14.228 D/MDM :   ( 6748): 			<string>CarrierSettingsVersion</string>
05-20 16:39:14.228 D/MDM :   ( 6748): 			<string>PhoneNumber</string>
05-20 16:39:14.228 D/MDM :   ( 6748): 			<string>VoiceRoamingEnabled</string>
05-20 16:39:14.228 D/MDM :   ( 6748): 			<string>DataRoamingEnabled</string>
05-20 16:39:14.228 D/MDM :   ( 6748): 			<string>IsRoaming</string>
05-20 16:39:14.228 D/MDM :   ( 6748): 			<string>SubscriberMCC</string>
05-20 16:39:14.228 D/MDM :   ( 6748): 			<string>SubscriberMNC</string>
05-20 16:39:14.228 D/MDM :   ( 6748): 			<string>SIMMCC</string>
05-20 16:39:14.228 D/MDM :   ( 6748): 			<string>SIMMNC</string>
05-20 16:39:14.228 D/MDM :   ( 6748): 			<string>CurrentMCC</string>
05-20 16:39:14.228 D/MDM :   ( 6748): 			<string>CurrentMNC</string>
05-20 16:39:14.228 D/MDM :   ( 6748): 		</array>
05-20 16:39:14.228 D/MDM :   ( 6748): 		<key>RequestType</key>
05-20 16:39:14.228 D/MDM :   ( 6748): 		<string>DeviceInformation</string>
05-20 16:39:14.228 D/MDM :   ( 6748): 	</dict>
05-20 16:39:14.228 D/MDM :   ( 6748): </dict>
05-20 16:39:14.228 D/MDM :   ( 6748): </plist>
05-20 16:39:14.275 D/CheckInTransInfo( 6748): [null:-1]->CommandMsg : CommandMsg{CommandUUID='f5cf02b7-2d7a-4fe2-be1d-1551db350bc9', Command=CommandObject{RequestType='DeviceInformation'}}
05-20 16:39:14.283 D/MDM :   ( 6748): [null:-1]->width 104
05-20 16:39:14.283 D/MDM :   ( 6748): [null:-1]->height 104
05-20 16:39:14.283 D/MDM :   ( 6748): [null:-1]->scale 0.5
05-20 16:39:14.291 D/MDM :   ( 6748): [null:-1]->tint false
05-20 16:39:14.291 D/MDM :   ( 6748): [null:-1]->width 104
05-20 16:39:14.291 D/MDM :   ( 6748): [null:-1]->height 104
05-20 16:39:14.291 E/QueryController( 7272): Cannot proceed when root node is null. Aborted search
05-20 16:39:14.299 E/QueryController( 7272): Got null root node from accessibility - Retrying...
05-20 16:39:14.299 D/MDM :   ( 6748): [null:-1]->scale 0.5
05-20 16:39:14.299 D/MDM :   ( 6748): [null:-1]->tint false
05-20 16:39:14.299 D/MDM :   ( 6748): [null:-1]->icon instanceof BitmapDrawable
05-20 16:39:14.299 D/MDM :   ( 6748): [null:-1]->  iconWidth 87
05-20 16:39:14.299 D/MDM :   ( 6748): [null:-1]->  iconHeight 87
05-20 16:39:14.306 D/MDM :   ( 6748): [null:-1]->  107 87
05-20 16:39:14.306 D/MDM :   ( 6748): [null:-1]->width 104
05-20 16:39:14.306 D/NetworkThread( 6748): [null:-1]->clear mCurrentTransInfo
05-20 16:39:14.306 D/NetworkThread( 6748): [null:-1]->sendHttpGet: http://192.168.10.21/rest/mdm/v1/device/trigger_cmd?device_uuid=00013fbc8ecec5b90000014618c5744d&cmd_types=10103
05-20 16:39:14.306 D/HttpClient( 6748): enable apache.http debug
05-20 16:39:14.314 D/MDM :   ( 6748): [null:-1]->height 104
05-20 16:39:14.314 D/MDM :   ( 6748): [null:-1]->scale 1.0
05-20 16:39:14.314 D/MDM :   ( 6748): [null:-1]->tint false
05-20 16:39:14.314 D/MDM :   ( 6748): [null:-1]->width 104
05-20 16:39:14.314 D/MDM :   ( 6748): [null:-1]->height 104
05-20 16:39:14.314 D/MDM :   ( 6748): [null:-1]->scale 1.0
05-20 16:39:14.322 V/DEBUG   ( 6748): HTTP 0
05-20 16:39:14.322 D/MDM :   ( 6748): [null:-1]->tint false
05-20 16:39:14.330 D/MDM :   ( 6748): [null:-1]->icon instanceof BitmapDrawable
05-20 16:39:14.330 D/MDM :   ( 6748): [null:-1]->  iconWidth 87
05-20 16:39:14.330 D/MDM :   ( 6748): [null:-1]->  iconHeight 87
05-20 16:39:14.330 D/MDM :   ( 6748): [null:-1]->  107 87
05-20 16:39:14.330 D/MDM :   ( 6748): [null:-1]->width 104
05-20 16:39:14.330 D/MDM :   ( 6748): [null:-1]->height 104
05-20 16:39:14.330 D/MDM :   ( 6748): [null:-1]->scale 1.0
05-20 16:39:14.338 D/MDM :   ( 6748): [null:-1]->tint false
05-20 16:39:14.338 D/MDM :   ( 6748): [null:-1]->width 104
05-20 16:39:14.338 D/MDM :   ( 6748): [null:-1]->height 104
05-20 16:39:14.338 D/MDM :   ( 6748): [null:-1]->scale 1.0
05-20 16:39:14.346 D/MDM :   ( 6748): [null:-1]->tint false
05-20 16:39:14.346 D/MDM :   ( 6748): [null:-1]->icon instanceof BitmapDrawable
05-20 16:39:14.346 D/MDM :   ( 6748): [null:-1]->  iconWidth 87
05-20 16:39:14.346 D/MDM :   ( 6748): [null:-1]->  iconHeight 87
05-20 16:39:14.346 D/MDM :   ( 6748): [null:-1]->  107 87
05-20 16:39:14.346 D/MDM :   ( 6748): [null:-1]->width 104
05-20 16:39:14.346 D/MDM :   ( 6748): [null:-1]->height 104
05-20 16:39:14.353 D/MDM :   ( 6748): [null:-1]->scale 1.0
05-20 16:39:14.353 D/MDM :   ( 6748): [null:-1]->tint false
05-20 16:39:14.549 E/QueryController( 7272): Got null root node from accessibility - Retrying...
05-20 16:39:14.611 D/dalvikvm( 6748): JIT unchain all for threadid=11
05-20 16:39:14.666 D/dalvikvm( 6748): GC_FOR_ALLOC freed 2551K, 32% free 24093K/35180K, paused 304ms, total 308ms
05-20 16:39:14.674 I/dalvikvm-heap( 6748): Grow heap (frag case) to 26.887MB for 3415696-byte allocation
05-20 16:39:14.799 E/QueryController( 7272): Got null root node from accessibility - Retrying...
05-20 16:39:14.931 D/dalvikvm( 6748): JIT unchain all for threadid=11
05-20 16:39:14.978 D/dalvikvm( 6748): GC_FOR_ALLOC freed 4K, 29% free 27425K/38516K, paused 302ms, total 302ms
05-20 16:39:15.049 E/QueryController( 7272): Cannot proceed when root node is null. Aborted search
05-20 16:39:15.056 E/QueryController( 7272): Got null root node from accessibility - Retrying...
05-20 16:39:15.111 V/Launcher( 6748): isLauncherDf = true
05-20 16:39:15.119 V/Launcher( 6748): isPhoneDf = true
05-20 16:39:15.119 D/        ( 6748): [---null: -1---]  ScreenWidth  720
05-20 16:39:15.119 D/        ( 6748): [---null: -1---]  ScreenHeight  1184
05-20 16:39:15.127 D/HomeLoaders( 6748): load applications
05-20 16:39:15.127 D/HomeLoaders( 6748):   --> applications loaded, return
05-20 16:39:15.127 D/HomeLoaders( 6748): loading user items in Thread[main,5,main]
05-20 16:39:15.127 D/HomeLoaders( 6748):   --> items loaded, return
05-20 16:39:15.127 D/HomeLoaders( 6748):   --> loading from cache: 11, 0
05-20 16:39:15.127 D/Launcher( 6748): ------> binding 11 items
05-20 16:39:15.127 D/Launcher( 6748): ------> binding 0 widgets
05-20 16:39:15.127 D/Launcher( 6748): ------> start binding items
05-20 16:39:15.127 W/Parcel  ( 1661): Attempt to read object from Parcel 0x5ef3bdac at offset 200 that is not in the object list
05-20 16:39:15.127 W/Parcel  ( 1661): Attempt to read object from Parcel 0x6003bdac at offset 200 that is not in the object list
05-20 16:39:15.127 D/Email   ( 6748): Email: init sandbox at the beginning.
05-20 16:39:15.135 V/l       ( 6748): Bind requested for task setLogging
05-20 16:39:15.150 W/Parcel  ( 1661): Attempt to read object from Parcel 0x5dfd3dac at offset 200 that is not in the object list
05-20 16:39:15.158 W/Parcel  ( 1661): Attempt to read object from Parcel 0x5ec3bdac at offset 200 that is not in the object list
05-20 16:39:15.166 D/MDM :   ( 6748): [null:-1]->statusCode : 200
05-20 16:39:15.166 D/MDM :   ( 6748): [null:-1]->statusCode : 200
05-20 16:39:15.166 V/DEBUG   ( 6748): HTTP 1
05-20 16:39:15.174 D/MDM :   ( 6748): [null:-1]->read network input stream
05-20 16:39:15.174 D/MDM :   ( 6748): [null:-1]->Get joson string: {"result":0}
05-20 16:39:15.181 D/NetworkThread( 6748): [null:-1]->clear mCurrentTransInfo
05-20 16:39:15.181 D/NetworkThread( 6748): [null:-1]->sendHttpPost:PostRequest, url: http://192.168.10.21/rest/mdm/v1/system/check_mdm_app, Params: [version:71][os:51201][pkg_name:com.pekall.emdm.launcher], 
05-20 16:39:15.181 D/HttpClient( 6748): enable apache.http debug
05-20 16:39:15.181 V/LauncherApplication( 6748): onActivityStarted
05-20 16:39:15.181 D/        ( 6748): [---null: -1---]     awsa  onActivityResumed
05-20 16:39:15.181 V/LauncherApplication( 6748): 2MdmConstant.LAST_LAUNCH_TIME = 1400575115669
05-20 16:39:15.189 D/        ( 6748): [---null: -1---]  activity = com.pekall.emdm.launcher.Launcher
05-20 16:39:15.189 V/DefultSetContriller( 6748): isLauncherDf = com.pekall.emdm.launcher
05-20 16:39:15.197 V/DefultSetContriller( 6748): isLauncherDf = com.pekall.emdm.launcher
05-20 16:39:15.197 V/DefultSetContriller( 6748): isPhoneDf = com.pekall.emdm.launcher
05-20 16:39:15.197 E/LauncherApplication( 6748): isShowLogoutUI = true
05-20 16:39:15.197 E/LauncherApplication( 6748): LogoutShowTime 1
05-20 16:39:15.197 V/Launcher( 6748): onResume1111111 
05-20 16:39:15.197 V/Launcher( 6748): is login ----> 
05-20 16:39:15.205 V/DEBUG   ( 6748): HTTP 0
05-20 16:39:15.205 I/System.out( 6748):  
05-20 16:39:15.205 I/System.out( 6748): com.pekall.emdm.launcher.Workspace.setWallpaper(Unknown Source)
05-20 16:39:15.205 I/System.out( 6748): com.pekall.emdm.launcher.Launcher.onResume(Unknown Source)
05-20 16:39:15.213 I/System.out( 6748): android.app.Instrumentation.callActivityOnResume(Instrumentation.java:1192)
05-20 16:39:15.213 I/System.out( 6748): android.app.Activity.performResume(Activity.java:5211)
05-20 16:39:15.213 I/System.out( 6748): android.app.ActivityThread.performResumeActivity(ActivityThread.java:2780)
05-20 16:39:15.213 I/System.out( 6748): android.app.ActivityThread.handleResumeActivity(ActivityThread.java:2819)
05-20 16:39:15.213 I/System.out( 6748): android.app.ActivityThread.handleLaunchActivity(ActivityThread.java:2266)
05-20 16:39:15.213 I/System.out( 6748): android.app.ActivityThread.access$600(ActivityThread.java:141)
05-20 16:39:15.213 I/System.out( 6748): android.app.ActivityThread$H.handleMessage(ActivityThread.java:1256)
05-20 16:39:15.213 I/System.out( 6748): android.os.Handler.dispatchMessage(Handler.java:99)
05-20 16:39:15.213 I/System.out( 6748): android.os.Looper.loop(Looper.java:137)
05-20 16:39:15.213 I/System.out( 6748): android.app.ActivityThread.main(ActivityThread.java:5103)
05-20 16:39:15.213 I/System.out( 6748): java.lang.reflect.Method.invokeNative(Native Method)
05-20 16:39:15.213 I/System.out( 6748): java.lang.reflect.Method.invoke(Method.java:525)
05-20 16:39:15.213 I/System.out( 6748): com.android.internal.os.ZygoteInit$MethodAndArgsCaller.run(ZygoteInit.java:737)
05-20 16:39:15.213 I/System.out( 6748): com.android.internal.os.ZygoteInit.main(ZygoteInit.java:553)
05-20 16:39:15.213 I/System.out( 6748): dalvik.system.NativeStart.main(Native Method)
05-20 16:39:15.306 E/QueryController( 7272): Got null root node from accessibility - Retrying...
05-20 16:39:15.463 D/dalvikvm( 6748): JIT unchain all for threadid=11
05-20 16:39:15.510 D/dalvikvm( 6748): GC_FOR_ALLOC freed 3809K, 32% free 24081K/35180K, paused 295ms, total 296ms
05-20 16:39:15.525 I/dalvikvm-heap( 6748): Grow heap (frag case) to 26.876MB for 3415696-byte allocation
05-20 16:39:15.556 E/QueryController( 7272): Got null root node from accessibility - Retrying...
05-20 16:39:15.635 D/dalvikvm( 1661): GC_CONCURRENT freed 1307K, 18% free 13159K/15888K, paused 3ms+5ms, total 56ms
05-20 16:39:15.775 D/dalvikvm( 6748): JIT unchain all for threadid=11
05-20 16:39:15.806 E/QueryController( 7272): Cannot proceed when root node is null. Aborted search
05-20 16:39:15.806 E/QueryController( 7272): Got null root node from accessibility - Retrying...
05-20 16:39:15.838 D/dalvikvm( 6748): GC_FOR_ALLOC freed 1K, 29% free 27415K/38516K, paused 300ms, total 312ms
05-20 16:39:15.861 D/dalvikvm( 1661): GC_EXPLICIT freed 77K, 18% free 13083K/15888K, paused 2ms+16ms, total 81ms
05-20 16:39:15.947 D/MdmService( 6748): [null:-1]->handleCheckInResult
05-20 16:39:15.947 D/MdmService( 6748): [null:-1]->handleCheckInResult result keyIndex: 3
05-20 16:39:15.947 D/MDM :   ( 6748): [null:-1]->width 104
05-20 16:39:15.947 D/MDM :   ( 6748): [null:-1]->height 104
05-20 16:39:15.947 D/MDM :   ( 6748): [null:-1]->scale 1.0
05-20 16:39:15.947 D/MDM :   ( 6748): [null:-1]->tint false
05-20 16:39:15.947 D/MDM :   ( 6748): [null:-1]->width 104
05-20 16:39:15.947 D/MDM :   ( 6748): [null:-1]->height 104
05-20 16:39:15.947 D/MDM :   ( 6748): [null:-1]->scale 1.0
05-20 16:39:15.955 D/MDM :   ( 6748): [null:-1]->tint false
05-20 16:39:15.955 D/MDM :   ( 6748): [null:-1]->width 104
05-20 16:39:15.955 D/MDM :   ( 6748): [null:-1]->height 104
05-20 16:39:15.955 D/MDM :   ( 6748): [null:-1]->scale 1.0
05-20 16:39:15.955 D/MDM :   ( 6748): [null:-1]->tint false
05-20 16:39:15.955 D/MDM :   ( 6748): [null:-1]->width 104
05-20 16:39:15.955 D/MDM :   ( 6748): [null:-1]->height 104
05-20 16:39:15.955 D/MDM :   ( 6748): [null:-1]->scale 1.0
05-20 16:39:15.955 D/MDM :   ( 6748): [null:-1]->tint false
05-20 16:39:15.963 D/MDM :   ( 6748): [null:-1]->width 104
05-20 16:39:15.963 D/MDM :   ( 6748): [null:-1]->height 104
05-20 16:39:15.963 D/MDM :   ( 6748): [null:-1]->statusCode : 200
05-20 16:39:15.963 D/MDM :   ( 6748): [null:-1]->statusCode : 200
05-20 16:39:15.963 V/DEBUG   ( 6748): HTTP 1
05-20 16:39:15.963 D/MDM :   ( 6748): [null:-1]->scale 1.0
05-20 16:39:15.963 D/MDM :   ( 6748): [null:-1]->tint false
05-20 16:39:15.963 D/MDM :   ( 6748): [null:-1]->width 104
05-20 16:39:15.963 D/MDM :   ( 6748): [null:-1]->height 104
05-20 16:39:15.963 D/MDM :   ( 6748): [null:-1]->scale 1.0
05-20 16:39:15.963 D/MDM :   ( 6748): [null:-1]->read network input stream
05-20 16:39:15.971 D/MDM :   ( 6748): [null:-1]->tint false
05-20 16:39:15.971 D/MDM :   ( 6748): [null:-1]->width 104
05-20 16:39:15.971 D/MDM :   ( 6748): [null:-1]->height 104
05-20 16:39:15.971 D/MDM :   ( 6748): [null:-1]->scale 1.0
05-20 16:39:15.971 D/MDM :   ( 6748): [null:-1]->tint false
05-20 16:39:15.971 D/MDM :   ( 6748): [null:-1]->width 104
05-20 16:39:15.971 D/MDM :   ( 6748): [null:-1]->height 104
05-20 16:39:15.978 D/MDM :   ( 6748): [null:-1]->Get joson string: {"result":0,"mdmClientInfos":{"id":25,"type":51107,"url":"https://test.mdm.everknow.cn/resources/api/v1/download/guest?uuid=8abc4bc05db54a1b1a2cfb80e142","pkgName":"com.pekall.emdm.launcher","platform":51201,"comId":1,"appVersionCode":72,"appVersionName":"BYOD_2.1.0424","appAuthor":null,"appIcon":null,"appName":"Pekall enterprise mobile office","appSize":null,"minSdk":null,"updateTime":1398754856000,"forceUpdate":0,"updateInfo":null,"new":false}}
05-20 16:39:15.978 D/MDM :   ( 6748): [null:-1]->scale 1.0
05-20 16:39:15.978 D/MDM :   ( 6748): [null:-1]->tint false
05-20 16:39:15.986 V/CounterTextView( 6748): onReceive
05-20 16:39:15.986 D/        ( 6748): [---null: -1---]   msg  xxd1
05-20 16:39:15.994 D/CommandManager( 6748): [null:-1]->execute command: CommandMsg{CommandUUID='f5cf02b7-2d7a-4fe2-be1d-1551db350bc9', Command=CommandObject{RequestType='DeviceInformation'}}
05-20 16:39:15.994 D/        ( 6748): [---null: -1---]  xxd111  getPackageName  com.pekall.emdm.launcher
05-20 16:39:15.994 D/        ( 6748): [---null: -1---]  xxd111  getClassName  com.pekall.emdm.document.activity.DocMainActivity
05-20 16:39:16.002 D/NetworkThread( 6748): [null:-1]->clear mCurrentTransInfo
05-20 16:39:16.002 D/NetworkThread( 6748): [null:-1]->queue is empty, thread wait...
05-20 16:39:16.002 D/        ( 6748): [---null: -1---]  xxd111  info.title  Document Manager ,count is 0
05-20 16:39:16.002 D/        ( 6748): [---null: -1---]  xxd111  getPackageName  com.pekall.emdm.launcher
05-20 16:39:16.002 D/        ( 6748): [---null: -1---]  xxd111  getClassName  com.pekall.emdm.launcher.ui.BackPersonalActivity
05-20 16:39:16.002 D/        ( 6748): [---null: -1---]  xxd111  info.title  Personal Mode ,count is 0
05-20 16:39:16.010 D/        ( 6748): [---null: -1---]  xxd111  getPackageName  com.pekall.emdm.launcher
05-20 16:39:16.010 D/        ( 6748): [---null: -1---]  xxd111  getClassName  com.pekall.semail.activity.Welcome
05-20 16:39:16.010 D/        ( 6748): [---null: -1---]  xxd111  info.title  Email ,count is 0
05-20 16:39:16.017 D/MDM :   ( 6748): [null:-1]->username is : zhenhua.sang@pekall.com ,pwd is 123456
05-20 16:39:16.017 I/System.out( 6748): [cjx]authenticateUser,zhenhua.sang@pekall.com,123456
05-20 16:39:16.017 I/System.out( 6748): [cjx]to generate user KEK now,keyLength:32,algorithm:Rijndael256
05-20 16:39:16.025 I/Email   ( 6748): Notifications being toggled: false
05-20 16:39:16.025 W/ActivityManager(  374): Unable to start service Intent { cmp=com.pekall.emdm.launcher/com.pekall.semail.service.AttachmentDownloadService } U=0: not found
05-20 16:39:16.056 E/QueryController( 7272): Got null root node from accessibility - Retrying...
05-20 16:39:16.135 I/System.out( 6748): [cjx]blockSize:32
05-20 16:39:16.135 I/System.out( 6748): [cjx]iv:[112, 101, 107, 97, 108, 108, 50, 48, 49, 52, 97, 101, 115, 99, 106, 120, 112, 101, 107, 97, 108, 108, 50, 48, 49, 52, 97, 101, 115, 99, 106, 120]
05-20 16:39:16.135 I/System.out( 6748): [cjx]secret:[-94, 35, 21, 34, 6, -61, -108, -46, 6, 56, -82, 111, 24, -59, 0, -21, 43, -46, -16, 27, -76, 52, 9, 117, -69, 64, 55, -122, -120, -69, -38, 9]
05-20 16:39:16.135 I/System.out( 6748): [cjx]to generate user KEK now,keyLength:32,algorithm:Rijndael256
05-20 16:39:16.244 I/System.out( 6748): [cjx]blockSize:32
05-20 16:39:16.244 I/System.out( 6748): [cjx]iv:[112, 101, 107, 97, 108, 108, 50, 48, 49, 52, 97, 101, 115, 99, 106, 120, 112, 101, 107, 97, 108, 108, 50, 48, 49, 52, 97, 101, 115, 99, 106, 120]
05-20 16:39:16.244 I/System.out( 6748): [cjx]secret:[-94, 35, 21, 34, 6, -61, -108, -46, 6, 56, -82, 111, 24, -59, 0, -21, 43, -46, -16, 27, -76, 52, 9, 117, -69, 64, 55, -122, -120, -69, -38, 9]
05-20 16:39:16.252 D/ExchangeService( 6748): !!! EAS ExchangeService, onCreate
05-20 16:39:16.252 W/Parcel  ( 1661): Attempt to read object from Parcel 0x5ded3dac at offset 200 that is not in the object list
05-20 16:39:16.275 D/MDM :   ( 6748): [null:-1]->MSG_WEBSOCKET_MESSAGE : {"id":141775936,"type":0,"command":0,"result":0,"reason":0,"params":{"msgId":"3690e31c-4eb4-448b-b9fe-7e724ea6f7e3,3690e31c4eb4448bb9fe7e724ea6f7e3","device":"00013fbc8ecec5b90000014618c5744d","message":"{\"cmd\":\"10119\"}"}}
05-20 16:39:16.283 D/MdmService( 6748): [null:-1]->push message type :0
05-20 16:39:16.283 D/MdmService( 6748): [null:-1]->cmdMessage : {"cmd":"10119"}
05-20 16:39:16.283 D/MdmService( 6748): [null:-1]->command : PushCommandMsg{cmd='10119', msg='null'}
05-20 16:39:16.283 D/MdmService( 6748): [null:-1]->MdmStatusManager is busy , wait......
05-20 16:39:16.299 D/        ( 6748): [---null: -1---]  1111222  mLongAxisStartPadding110
05-20 16:39:16.299 D/        ( 6748): [---null: -1---]  11112223  heightSpecSize1094
05-20 16:39:16.306 D/        ( 6748): [---null: -1---]  11112223  mLongAxisStartPadding110
05-20 16:39:16.306 D/        ( 6748): [---null: -1---]  11112223  mLongAxisEndPadding110
05-20 16:39:16.306 D/        ( 6748): [---null: -1---]  11112223  mRows4
05-20 16:39:16.306 D/        ( 6748): [---null: -1---]  1111222  mLongAxisStartPadding110
05-20 16:39:16.306 D/        ( 6748): [---null: -1---]  11112223  heightSpecSize1094
05-20 16:39:16.306 E/QueryController( 7272): Got null root node from accessibility - Retrying...
05-20 16:39:16.306 D/        ( 6748): [---null: -1---]  11112223  mLongAxisStartPadding110
05-20 16:39:16.306 D/        ( 6748): [---null: -1---]  11112223  mLongAxisEndPadding110
05-20 16:39:16.306 D/        ( 6748): [---null: -1---]  11112223  mRows4
05-20 16:39:16.314 D/        ( 6748): [---null: -1---]  1111222  mLongAxisStartPadding110
05-20 16:39:16.314 D/        ( 6748): [---null: -1---]  11112223  heightSpecSize1094
05-20 16:39:16.314 D/        ( 6748): [---null: -1---]  11112223  mLongAxisStartPadding110
05-20 16:39:16.314 D/        ( 6748): [---null: -1---]  11112223  mLongAxisEndPadding110
05-20 16:39:16.314 D/        ( 6748): [---null: -1---]  11112223  mRows4
05-20 16:39:16.322 D/        ( 6748): [---null: -1---]  1111222  mLongAxisStartPadding110
05-20 16:39:16.322 D/        ( 6748): [---null: -1---]  11112223  heightSpecSize1094
05-20 16:39:16.322 D/        ( 6748): [---null: -1---]  11112223  mLongAxisStartPadding110
05-20 16:39:16.322 D/        ( 6748): [---null: -1---]  11112223  mLongAxisEndPadding110
05-20 16:39:16.322 D/        ( 6748): [---null: -1---]  11112223  mRows4
05-20 16:39:16.322 D/        ( 6748): [---null: -1---]  1111222  mLongAxisStartPadding110
05-20 16:39:16.322 D/        ( 6748): [---null: -1---]  11112223  heightSpecSize1094
05-20 16:39:16.322 D/        ( 6748): [---null: -1---]  11112223  mLongAxisStartPadding110
05-20 16:39:16.330 D/        ( 6748): [---null: -1---]  11112223  mLongAxisEndPadding110
05-20 16:39:16.330 D/        ( 6748): [---null: -1---]  11112223  mRows4
05-20 16:39:16.330 D/        ( 6748): [---null: -1---]  1111222  mLongAxisStartPadding110
05-20 16:39:16.330 D/        ( 6748): [---null: -1---]  11112223  heightSpecSize1094
05-20 16:39:16.330 D/        ( 6748): [---null: -1---]  11112223  mLongAxisStartPadding110
05-20 16:39:16.330 D/        ( 6748): [---null: -1---]  11112223  mLongAxisEndPadding110
05-20 16:39:16.330 D/        ( 6748): [---null: -1---]  11112223  mRows4
05-20 16:39:16.338 D/        ( 6748): [---null: -1---]  1111222  mLongAxisStartPadding110
05-20 16:39:16.338 D/        ( 6748): [---null: -1---]  11112223  heightSpecSize1094
05-20 16:39:16.338 D/        ( 6748): [---null: -1---]  11112223  mLongAxisStartPadding110
05-20 16:39:16.338 D/        ( 6748): [---null: -1---]  11112223  mLongAxisEndPadding110
05-20 16:39:16.338 D/        ( 6748): [---null: -1---]  11112223  mRows4
05-20 16:39:16.338 D/        ( 6748): [---null: -1---]  1111222  mLongAxisStartPadding110
05-20 16:39:16.338 D/        ( 6748): [---null: -1---]  11112223  heightSpecSize1094
05-20 16:39:16.338 D/        ( 6748): [---null: -1---]  11112223  mLongAxisStartPadding110
05-20 16:39:16.346 D/        ( 6748): [---null: -1---]  11112223  mLongAxisEndPadding110
05-20 16:39:16.346 D/        ( 6748): [---null: -1---]  11112223  mRows4
05-20 16:39:16.346 D/        ( 6748): [---null: -1---]  1111222  mLongAxisStartPadding110
05-20 16:39:16.346 D/        ( 6748): [---null: -1---]  11112223  heightSpecSize1094
05-20 16:39:16.346 D/        ( 6748): [---null: -1---]  11112223  mLongAxisStartPadding110
05-20 16:39:16.346 D/        ( 6748): [---null: -1---]  11112223  mLongAxisEndPadding110
05-20 16:39:16.346 D/        ( 6748): [---null: -1---]  11112223  mRows4
05-20 16:39:16.346 D/        ( 6748): [---null: -1---]  1111222  mLongAxisStartPadding110
05-20 16:39:16.346 D/        ( 6748): [---null: -1---]  11112223  heightSpecSize1094
05-20 16:39:16.353 D/        ( 6748): [---null: -1---]  11112223  mLongAxisStartPadding110
05-20 16:39:16.353 D/        ( 6748): [---null: -1---]  11112223  mLongAxisEndPadding110
05-20 16:39:16.353 D/        ( 6748): [---null: -1---]  11112223  mRows4
05-20 16:39:16.408 D/        ( 6748): [---null: -1---]  xxd111  getPackageName  com.pekall.emdm.launcher
05-20 16:39:16.408 D/        ( 6748): [---null: -1---]  xxd111  getClassName  com.pekall.emdm.contacts.activities.PeopleActivity
05-20 16:39:16.408 D/        ( 6748): [---null: -1---]  xxd111  info.title  EmdmContacts ,count is 0
05-20 16:39:16.416 D/        ( 6748): [---null: -1---]  xxd111  getPackageName  com.pekall.emdm.launcher
05-20 16:39:16.416 D/        ( 6748): [---null: -1---]  xxd111  getClassName  com.pekall.emdm.browser.BrowserActivity
05-20 16:39:16.416 D/        ( 6748): [---null: -1---]  xxd111  info.title  Safe Browser ,count is 0
05-20 16:39:16.416 D/        ( 6748): [---null: -1---]  xxd111  getPackageName  com.pekall.emdm.launcher
05-20 16:39:16.416 D/        ( 6748): [---null: -1---]  xxd111  getClassName  com.pekall.emdm.launcher.ui.AboutActivity
05-20 16:39:16.416 D/        ( 6748): [---null: -1---]  xxd111  info.title  About ,count is 0
05-20 16:39:16.424 D/        ( 6748): [---null: -1---]  xxd111  getPackageName  com.pekall.emdm.launcher
05-20 16:39:16.424 D/        ( 6748): [---null: -1---]  xxd111  getClassName  com.pekall.emdm.launcher.ui.SettingActivity
05-20 16:39:16.424 D/        ( 6748): [---null: -1---]  xxd111  info.title  Setting ,count is 0
05-20 16:39:16.431 W/Parcel  ( 1661): Attempt to read object from Parcel 0x5dfd3dac at offset 200 that is not in the object list
05-20 16:39:16.431 V/l       ( 6748): Connected: com.pekall.exchange.ExchangeService
05-20 16:39:16.431 D/ExchangeService( 6748): !!! EAS ExchangeService, onStartCommand, startingUp = false, running = false
05-20 16:39:16.431 D/ExchangeService( 6748): to start secureStorageService now
05-20 16:39:16.431 W/ActivityManager(  374): Unable to start service Intent { act=pekall.intent.action.DOWNLOAD_APP (has extras) } U=0: not found
05-20 16:39:16.439 V/l       ( 6748): Task setLogging completed; disconnecting
05-20 16:39:16.439 D/        ( 6748): [---null: -1---]  1111222  mLongAxisStartPadding110
05-20 16:39:16.439 D/        ( 6748): [---null: -1---]  11112223  heightSpecSize1094
05-20 16:39:16.447 D/        ( 6748): [---null: -1---]  11112223  mLongAxisStartPadding110
05-20 16:39:16.447 D/        ( 6748): [---null: -1---]  11112223  mLongAxisEndPadding110
05-20 16:39:16.447 D/        ( 6748): [---null: -1---]  11112223  mRows4
05-20 16:39:16.455 D/        ( 6748): [---null: -1---]  1111222  mLongAxisStartPadding110
05-20 16:39:16.455 D/        ( 6748): [---null: -1---]  11112223  heightSpecSize1094
05-20 16:39:16.455 V/a       ( 6748): Bind requested for task test
05-20 16:39:16.455 D/        ( 6748): [---null: -1---]  11112223  mLongAxisStartPadding110
05-20 16:39:16.455 D/        ( 6748): [---null: -1---]  11112223  mLongAxisEndPadding110
05-20 16:39:16.455 D/        ( 6748): [---null: -1---]  11112223  mRows4
05-20 16:39:16.494 D/ExchangeService( 6748): Reconciling accounts...
05-20 16:39:16.502 V/a       ( 6748): Bind requested for task reconcileAccounts
05-20 16:39:16.510 V/a       ( 6748): Waiting for task reconcileAccounts to complete...
05-20 16:39:16.510 W/Settings( 6748): Setting data_roaming has moved from android.provider.Settings.System to android.provider.Settings.Global, returning read-only value.
05-20 16:39:16.556 E/QueryController( 7272): Cannot proceed when root node is null. Aborted search
05-20 16:39:16.556 E/QueryController( 7272): Got null root node from accessibility - Retrying...
05-20 16:39:16.564 I/ActivityManager(  374): Displayed com.pekall.emdm.launcher/.Launcher: +3s7ms
05-20 16:39:16.588 D/        ( 6748): [---null: -1---]  1111222  mLongAxisStartPadding110
05-20 16:39:16.588 D/        ( 6748): [---null: -1---]  11112223  heightSpecSize1094
05-20 16:39:16.588 D/        ( 6748): [---null: -1---]  11112223  mLongAxisStartPadding110
05-20 16:39:16.588 D/        ( 6748): [---null: -1---]  11112223  mLongAxisEndPadding110
05-20 16:39:16.588 D/        ( 6748): [---null: -1---]  11112223  mRows4
05-20 16:39:16.588 D/        ( 6748): [---null: -1---]  1111222  mLongAxisStartPadding110
05-20 16:39:16.588 D/        ( 6748): [---null: -1---]  11112223  heightSpecSize1094
05-20 16:39:16.596 D/        ( 6748): [---null: -1---]  11112223  mLongAxisStartPadding110
05-20 16:39:16.596 D/        ( 6748): [---null: -1---]  11112223  mLongAxisEndPadding110
05-20 16:39:16.596 D/        ( 6748): [---null: -1---]  11112223  mRows4
05-20 16:39:16.596 D/        ( 6748): [---null: -1---]  1111222  mLongAxisStartPadding110
05-20 16:39:16.596 D/        ( 6748): [---null: -1---]  11112223  heightSpecSize1094
05-20 16:39:16.596 D/        ( 6748): [---null: -1---]  11112223  mLongAxisStartPadding110
05-20 16:39:16.596 D/        ( 6748): [---null: -1---]  11112223  mLongAxisEndPadding110
05-20 16:39:16.596 D/        ( 6748): [---null: -1---]  11112223  mRows4
05-20 16:39:16.603 D/        ( 6748): [---null: -1---]  1111222  mLongAxisStartPadding110
05-20 16:39:16.603 D/        ( 6748): [---null: -1---]  11112223  heightSpecSize1094
05-20 16:39:16.603 D/        ( 6748): [---null: -1---]  11112223  mLongAxisStartPadding110
05-20 16:39:16.603 D/        ( 6748): [---null: -1---]  11112223  mLongAxisEndPadding110
05-20 16:39:16.603 D/        ( 6748): [---null: -1---]  11112223  mRows4
05-20 16:39:16.603 D/        ( 6748): [---null: -1---]  1111222  mLongAxisStartPadding110
05-20 16:39:16.603 D/        ( 6748): [---null: -1---]  11112223  heightSpecSize1094
05-20 16:39:16.603 D/        ( 6748): [---null: -1---]  11112223  mLongAxisStartPadding110
05-20 16:39:16.611 D/        ( 6748): [---null: -1---]  11112223  mLongAxisEndPadding110
05-20 16:39:16.611 D/        ( 6748): [---null: -1---]  11112223  mRows4
05-20 16:39:16.611 D/        ( 6748): [---null: -1---]  1111222  mLongAxisStartPadding110
05-20 16:39:16.611 D/        ( 6748): [---null: -1---]  11112223  heightSpecSize1094
05-20 16:39:16.611 D/        ( 6748): [---null: -1---]  11112223  mLongAxisStartPadding110
05-20 16:39:16.611 D/        ( 6748): [---null: -1---]  11112223  mLongAxisEndPadding110
05-20 16:39:16.611 D/        ( 6748): [---null: -1---]  11112223  mRows4
05-20 16:39:16.619 D/        ( 6748): [---null: -1---]  1111222  mLongAxisStartPadding110
05-20 16:39:16.619 D/        ( 6748): [---null: -1---]  11112223  heightSpecSize1094
05-20 16:39:16.619 D/        ( 6748): [---null: -1---]  11112223  mLongAxisStartPadding110
05-20 16:39:16.619 D/        ( 6748): [---null: -1---]  11112223  mLongAxisEndPadding110
05-20 16:39:16.619 D/        ( 6748): [---null: -1---]  11112223  mRows4
05-20 16:39:16.619 D/        ( 6748): [---null: -1---]  1111222  mLongAxisStartPadding110
05-20 16:39:16.619 D/        ( 6748): [---null: -1---]  11112223  heightSpecSize1094
05-20 16:39:16.619 D/        ( 6748): [---null: -1---]  11112223  mLongAxisStartPadding110
05-20 16:39:16.619 D/        ( 6748): [---null: -1---]  11112223  mLongAxisEndPadding110
05-20 16:39:16.627 D/        ( 6748): [---null: -1---]  11112223  mRows4
05-20 16:39:16.627 D/        ( 6748): [---null: -1---]  1111222  mLongAxisStartPadding110
05-20 16:39:16.627 D/        ( 6748): [---null: -1---]  11112223  heightSpecSize1094
05-20 16:39:16.627 D/        ( 6748): [---null: -1---]  11112223  mLongAxisStartPadding110
05-20 16:39:16.627 D/        ( 6748): [---null: -1---]  11112223  mLongAxisEndPadding110
05-20 16:39:16.627 D/        ( 6748): [---null: -1---]  11112223  mRows4
05-20 16:39:16.627 D/        ( 6748): [---null: -1---]  1111222  mLongAxisStartPadding110
05-20 16:39:16.635 D/        ( 6748): [---null: -1---]  11112223  heightSpecSize1094
05-20 16:39:16.635 D/        ( 6748): [---null: -1---]  11112223  mLongAxisStartPadding110
05-20 16:39:16.635 D/        ( 6748): [---null: -1---]  11112223  mLongAxisEndPadding110
05-20 16:39:16.635 D/        ( 6748): [---null: -1---]  11112223  mRows4
05-20 16:39:16.705 V/a       ( 6748): Connected: com.pekall.semail.service.AccountServiceInternal
05-20 16:39:16.705 V/a       ( 6748): Connected: com.pekall.semail.service.AccountServiceInternal
05-20 16:39:16.705 V/a       ( 6748): Connection test succeeded in 253ms
05-20 16:39:16.705 V/a       ( 6748): Task test completed; disconnecting
05-20 16:39:16.713 V/a       ( 6748): Task reconcileAccounts completed; disconnecting
05-20 16:39:16.713 V/a       ( 6748): Wait for reconcileAccounts finished in 203ms
05-20 16:39:16.713 D/ExchangeService( 6748): !!! EAS ExchangeService, stopping self
05-20 16:39:16.721 D/ExchangeService( 6748): !!! EAS ExchangeService, onDestroy
05-20 16:39:16.892 D/        ( 6748): [---null: -1---]  1111222  mLongAxisStartPadding110
05-20 16:39:16.892 D/        ( 6748): [---null: -1---]  11112223  heightSpecSize1094
05-20 16:39:16.892 I/QueryController( 7272): Matched selector: UiSelector[TEXT=Personal Mode] <<==>> [android.view.accessibility.AccessibilityNodeInfo@3fa0d; boundsInParent: Rect(0, 0 - 160, 200); boundsInScreen: Rect(190, 608 - 350, 808); packageName: com.pekall.emdm.launcher; className: android.widget.TextView; text: Personal Mode; contentDescription: null; viewIdResName: null; checkable: false; checked: false; focusable: false; focused: false; selected: false; clickable: true; longClickable: true; enabled: true; password: false; scrollable: false; [ACTION_SELECT, ACTION_CLEAR_SELECTION, ACTION_CLICK, ACTION_LONG_CLICK, ACTION_ACCESSIBILITY_FOCUS, ACTION_NEXT_AT_MOVEMENT_GRANULARITY, ACTION_PREVIOUS_AT_MOVEMENT_GRANULARITY, ACTION_SET_SELECTION]]
05-20 16:39:16.892 D/        ( 6748): [---null: -1---]  11112223  mLongAxisStartPadding110
05-20 16:39:16.908 D/        ( 6748): [---null: -1---]  11112223  mLongAxisEndPadding110
05-20 16:39:16.908 D/        ( 6748): [---null: -1---]  11112223  mRows4
05-20 16:39:16.908 D/        ( 6748): [---null: -1---]  1111222  mLongAxisStartPadding110
05-20 16:39:16.908 D/        ( 6748): [---null: -1---]  11112223  heightSpecSize1094
05-20 16:39:16.908 D/        ( 6748): [---null: -1---]  11112223  mLongAxisStartPadding110
05-20 16:39:16.916 D/        ( 6748): [---null: -1---]  11112223  mLongAxisEndPadding110
05-20 16:39:16.916 D/        ( 6748): [---null: -1---]  11112223  mRows4
05-20 16:39:16.978 V/KeyguardHostView(  374): hide transport, gen:1
05-20 16:39:16.978 V/KeyguardHostView(  374): music state changed: 0
05-20 16:39:17.002 D/LauncherApplication( 6748): [null:-1]->onActivityPaused
05-20 16:39:17.002 I/ActivityManager(  374): START u0 {act=android.intent.action.MAIN cat=[android.intent.category.HOME] flg=0x10200000 cmp=com.pekall.emdm.launcher/.Launcher} from pid 374
05-20 16:39:17.010 D/LauncherApplication( 6748): [null:-1]->onActivityPaused  updateTime
05-20 16:39:17.041 V/TAG     (  374): bug 7643792: fitSystemWindows([0,50][0,0])
05-20 16:39:17.056 D/        ( 6748): [---null: -1---]     awsa  onActivityResumed
05-20 16:39:17.064 V/LauncherApplication( 6748): 2MdmConstant.LAST_LAUNCH_TIME = 1400575157016
05-20 16:39:17.072 D/        ( 6748): [---null: -1---]  activity = com.pekall.emdm.launcher.Launcher
05-20 16:39:17.072 V/DefultSetContriller( 6748): isLauncherDf = com.pekall.emdm.launcher
05-20 16:39:17.080 V/DefultSetContriller( 6748): isLauncherDf = com.pekall.emdm.launcher
05-20 16:39:17.080 V/DefultSetContriller( 6748): isPhoneDf = com.pekall.emdm.launcher
05-20 16:39:17.080 E/LauncherApplication( 6748): isShowLogoutUI = true
05-20 16:39:17.080 E/LauncherApplication( 6748): LogoutShowTime 1
05-20 16:39:17.080 V/Launcher( 6748): onResume1111111 
05-20 16:39:17.080 V/Launcher( 6748): is login ----> 
05-20 16:39:17.088 I/System.out( 6748):  
05-20 16:39:17.088 I/System.out( 6748): com.pekall.emdm.launcher.Workspace.setWallpaper(Unknown Source)
05-20 16:39:17.088 I/System.out( 6748): com.pekall.emdm.launcher.Launcher.onResume(Unknown Source)
05-20 16:39:17.088 I/System.out( 6748): android.app.Instrumentation.callActivityOnResume(Instrumentation.java:1192)
05-20 16:39:17.088 I/System.out( 6748): android.app.Activity.performResume(Activity.java:5211)
05-20 16:39:17.088 V/WiseDownloadConditionControler( 2267): checkCondition  type : WISE_DOWNLOAD  inerrupting: true
05-20 16:39:17.088 I/System.out( 6748): android.app.ActivityThread.performNewIntents(ActivityThread.java:2345)
05-20 16:39:17.096 I/System.out( 6748): android.app.ActivityThread.handleNewIntent(ActivityThread.java:2352)
05-20 16:39:17.096 I/System.out( 6748): android.app.ActivityThread.access$1400(ActivityThread.java:141)
05-20 16:39:17.096 I/System.out( 6748): android.app.ActivityThread$H.handleMessage(ActivityThread.java:1327)
05-20 16:39:17.096 I/System.out( 6748): android.os.Handler.dispatchMessage(Handler.java:99)
05-20 16:39:17.096 I/System.out( 6748): android.os.Looper.loop(Looper.java:137)
05-20 16:39:17.096 I/System.out( 6748): android.app.ActivityThread.main(ActivityThread.java:5103)
05-20 16:39:17.096 I/System.out( 6748): java.lang.reflect.Method.invokeNative(Native Method)
05-20 16:39:17.096 I/System.out( 6748): java.lang.reflect.Method.invoke(Method.java:525)
05-20 16:39:17.096 I/System.out( 6748): com.android.internal.os.ZygoteInit$MethodAndArgsCaller.run(ZygoteInit.java:737)
05-20 16:39:17.096 I/System.out( 6748): com.android.internal.os.ZygoteInit.main(ZygoteInit.java:553)
05-20 16:39:17.096 I/System.out( 6748): dalvik.system.NativeStart.main(Native Method)
05-20 16:39:17.103 W/Parcel  ( 1661): Attempt to read object from Parcel 0x5ef3bdac at offset 200 that is not in the object list
05-20 16:39:17.119 D/PhoneStatusBar(  448): disable: < expand icons alerts ticker system_info BACK* HOME* recent CLOCK* search >
05-20 16:39:17.127 D/NfcService(  568): NFC-C ON
05-20 16:39:17.142 D/PhoneStatusBar(  448): disable: < expand icons alerts ticker system_info back* home* recent clock* search >
05-20 16:39:17.150 I/uninstall( 2267): SelfUninstallManager -> initUninstallTask
05-20 16:39:17.166 I/uninstall( 2267): initUninstallTask init is running, return
05-20 16:39:17.205 D/dalvikvm( 2462): GC_FOR_ALLOC freed 288K, 7% free 9464K/10108K, paused 19ms, total 21ms
05-20 16:39:17.213 W/Parcel  ( 1661): Attempt to read object from Parcel 0x6003bdac at offset 200 that is not in the object list
05-20 16:39:17.346 D/dalvikvm( 6748): JIT unchain all for threadid=11
05-20 16:39:17.385 D/dalvikvm( 2462): GC_CONCURRENT freed 243K, 5% free 9604K/10108K, paused 5ms+3ms, total 27ms
05-20 16:39:17.424 D/dalvikvm( 6748): GC_FOR_ALLOC freed 4011K, 25% free 28915K/38516K, paused 323ms, total 323ms
05-20 16:39:17.439 I/dalvikvm-heap( 6748): Grow heap (frag case) to 31.597MB for 3415696-byte allocation
05-20 16:39:17.596 V/TAG     (  374): bug 7643792: fitSystemWindows([0,50][0,0])
05-20 16:39:17.689 D/dalvikvm( 6748): JIT unchain all for threadid=11
05-20 16:39:17.752 D/dalvikvm( 6748): GC_FOR_ALLOC freed 3K, 23% free 32247K/41852K, paused 308ms, total 308ms
05-20 16:39:17.861 I/Choreographer( 6748): Skipped 48 frames!  The application may be doing too much work on its main thread.
05-20 16:39:17.885 W/InputMethodManagerService(  374): Window already focused, ignoring focus gain of: com.android.internal.view.IInputMethodClient$Stub$Proxy@426f6e48 attribute=null, token = android.os.BinderProxy@428ca390
05-20 16:39:19.033 D/CommandManager( 6748): [null:-1]->requestType: DeviceInformation
05-20 16:39:19.080 W/Parcel  ( 1661): Attempt to read object from Parcel 0x5dfd3dac at offset 200 that is not in the object list
05-20 16:39:19.119 D/MdmDatabaseHelper( 6748): [null:-1]->update command f5cf02b7-2d7a-4fe2-be1d-1551db350bc9 to commandStatus <?xml version="1.0" encoding="UTF-8"?>
05-20 16:39:19.119 D/MdmDatabaseHelper( 6748): <!DOCTYPE plist PUBLIC "-//Apple//DTD PLIST 1.0//EN" "http://www.apple.com/DTDs/PropertyList-1.0.dtd">
05-20 16:39:19.119 D/MdmDatabaseHelper( 6748): <plist version="1.0">
05-20 16:39:19.119 D/MdmDatabaseHelper( 6748): <dict>
05-20 16:39:19.119 D/MdmDatabaseHelper( 6748): 	<key>QueryResponses</key>
05-20 16:39:19.119 D/MdmDatabaseHelper( 6748): 	<dict>
05-20 16:39:19.119 D/MdmDatabaseHelper( 6748): 		<key>deviceId</key>
05-20 16:39:19.119 D/MdmDatabaseHelper( 6748): 		<string>00013fbc8ecec5b90000014618c5744d</string>
05-20 16:39:19.119 D/MdmDatabaseHelper( 6748): 		<key>deviceSecurityStatus</key>
05-20 16:39:19.119 D/MdmDatabaseHelper( 6748): 		<string>root</string>
05-20 16:39:19.119 D/MdmDatabaseHelper( 6748): 		<key>diskTotal</key>
05-20 16:39:19.119 D/MdmDatabaseHelper( 6748): 		<string>0.0</string>
05-20 16:39:19.119 D/MdmDatabaseHelper( 6748): 		<key>diskUsed</key>
05-20 16:39:19.119 D/MdmDatabaseHelper( 6748): 		<string>0.0</string>
05-20 16:39:19.119 D/MdmDatabaseHelper( 6748): 		<key>displaySize</key>
05-20 16:39:19.119 D/MdmDatabaseHelper( 6748): 		<string>720x1184</string>
05-20 16:39:19.119 D/MdmDatabaseHelper( 6748): 		<key>freeDiskSize</key>
05-20 16:39:19.119 D/MdmDatabaseHelper( 6748): 		<integer>0</integer>
05-20 16:39:19.119 D/MdmDatabaseHelper( 6748): 		<key>freeRamSize</key>
05-20 16:39:19.119 D/MdmDatabaseHelper( 6748): 		<integer>22675456</integer>
05-20 16:39:19.119 D/MdmDatabaseHelper( 6748): 		<key>language</key>
05-20 16:39:19.119 D/MdmDatabaseHelper( 6748): 		<string>en-US</string>
05-20 16:39:19.119 D/MdmDatabaseHelper( 6748): 		<key>netSpeed</key>
05-20 16:39:19.119 D/MdmDatabaseHelper( 6748): 		<dict>
05-20 16:39:19.119 D/MdmDatabaseHelper( 6748): 			<key>downlink</key>
05-20 16:39:19.119 D/MdmDatabaseHelper( 6748): 			<real>7987318.333333333</real>
05-20 16:39:19.119 D/MdmDatabaseHelper( 6748): 			<key>uplink</key>
05-20 16:39:19.119 D/MdmDatabaseHelper( 6748): 			<real>6187023.666666667</real>
05-20 16:39:19.119 D/MdmDatabaseHelper( 6748): 		</dict>
05-20 16:39:19.119 D/MdmDatabaseHelper( 6748): 		<key>ramTotal</key>
05-20 16:39:19.119 D/MdmDatabaseHelper( 6748): 		<string>728023040</string>
05-20 16:39:19.119 D/MdmDatabaseHelper( 6748): 		<key>ramUsed</key>
05-20 16:39:19.119 D/MdmDatabaseHelper( 6748): 		<string>705347584</string>
05-20 16:39:19.119 D/MdmDatabaseHelper( 6748): 		<key>trafficBytes</key>
05-20 16:39:19.119 D/MdmDatabaseHelper( 6748): 		<integer>0</integer>
05-20 16:39:19.119 D/MdmDatabaseHelper( 6748): 		<key>AvailableDeviceCapacity</key>
05-20 16:39:19.119 D/MdmDatabaseHelper( 6748): 		<real>1.3424284E7</real>
05-20 16:39:19.119 D/MdmDatabaseHelper( 6748): 		<key>BuildVersion</key>
05-20 16:39:19.119 D/MdmDatabaseHelper( 6748): 		<string>REL</string>
05-20 16:39:19.119 D/MdmDatabaseHelper( 6748): 		<key>CanDisableSystemFunction</key>
05-20 16:39:19.119 D/MdmDatabaseHelper( 6748): 		<false/>
05-20 16:39:19.119 D/MdmDatabaseHelper( 6748): 		<key>CellularTechnology</key>
05-20 16:39:19.119 D/MdmDatabaseHelper( 6748): 		<integer>3</integer>
05-20 16:39:19.119 D/MdmDatabaseHelper( 6748): 		<key>CurrentCarrierNetwork</key>
05-20 16:39:19.119 D/MdmDatabaseHelper( 6748): 		<string></string>
05-20 16:39:19.119 D/MdmDatabaseHelper( 6748): 		<key>CurrentMCC</key>
05-20 16:39:19.119 D/MdmDatabaseHelper( 6748): 		<string>cn</string>
05-20 16:39:19.119 D/MdmDatabaseHelper( 6748): 		<key>CurrentMNC</key>
05-20 16:39:19.119 D/MdmDatabaseHelper( 6748): 		<string>46001</string>
05-20 16:39:19.119 D/MdmDatabaseHelper( 6748): 		<key>DataRoamingEnabled</key>
05-20 16:39:19.119 D/MdmDatabaseHelper( 6748): 		<false/>
05-20 16:39:19.119 D/MdmDatabaseHelper( 6748): 		<key>DeviceCapacity</key>
05-20 16:39:19.119 D/MdmDatabaseHelper( 6748): 		<real>1.3975888E7</real>
05-20 16:39:19.119 D/MdmDatabaseHelper( 6748): 		<key>HasSamsungSafeAPI</key>
05-20 16:39:19.119 D/MdmDatabaseHelper( 6748): 		<false/>
05-20 16:39:19.119 D/MdmDatabaseHelper( 6748): 		<key>ICCID</key>
05-20 16:39:19.119 D/MdmDatabaseHelper( 6748): 		<string></string>
05-20 16:39:19.119 D/MdmDatabaseHelper( 6748): 		<key>IMEI</key>
05-20 16:39:19.119 D/MdmDatabaseHelper( 6748): 		<string>351554059027897</string>
05-20 16:39:19.119 D/MdmDatabaseHelper( 6748): 		<key>IsRoaming</key>
05-20 16:39:19.119 D/MdmDatabaseHelper( 6748): 		<false/>
05-20 16:39:19.119 D/MdmDatabaseHelper( 6748): 		<key>Model</key>
05-20 16:39:19.119 D/MdmDatabaseHelper( 6748): 		<string>Galaxy Nexus</string>
05-20 16:39:19.119 D/MdmDatabaseHelper( 6748): 		<key>OSVersion</key>
05-20 16:39:19.119 D/MdmDatabaseHelper( 6748): 		<string>4.3</string>
05-20 16:39:19.119 D/MdmDatabaseHelper( 6748): 		<key>PhoneNumber</key>
05-20 16:39:19.119 D/MdmDatabaseHelper( 6748): 		<string>0</string>
05-20 16:39:19.119 D/MdmDatabaseHelper( 6748): 		<key>ProductName</key>
05-20 16:39:19.119 D/MdmDatabaseHelper( 6748): 		<string>yakju</string>
05-20 16:39:19.119 D/MdmDatabaseHelper( 6748): 		<key>SIMCarrierNetwork</key>
05-20 16:39:19.119 D/MdmDatabaseHelper( 6748): 		<string></string>
05-20 16:39:19.119 D/MdmDatabaseHelper( 6748): 		<key>SerialNumber</key>
05-20 16:39:19.119 D/MdmDatabaseHelper( 6748): 		<string>014E0FFF06015018</string>
05-20 16:39:19.119 D/MdmDatabaseHelper( 6748): 		<key>UDID</key>
05-20 16:39:19.119 D/MdmDatabaseHelper( 6748): 		<string>00013fbc8ecec5b90000014618c5744d</string>
05-20 16:39:19.119 D/MdmDatabaseHelper( 6748): 		<key>WiFiMAC</key>
05-20 16:39:19.119 D/MdmDatabaseHelper( 6748): 		<string>20:64:32:7a:19:48</string>
05-20 16:39:19.119 D/MdmDatabaseHelper( 6748): 	</dict>
05-20 16:39:19.119 D/MdmDatabaseHelper( 6748): 	<key>CommandUUID</key>
05-20 16:39:19.119 D/MdmDatabaseHelper( 6748): 	<string>f5cf02b7-2d7a-4fe2-be1d-1551db350bc9</string>
05-20 16:39:19.119 D/MdmDatabaseHelper( 6748): 	<key>Status</key>
05-20 16:39:19.119 D/MdmDatabaseHelper( 6748): 	<string>Acknowledged</string>
05-20 16:39:19.119 D/MdmDatabaseHelper( 6748): 	<key>UDID</key>
05-20 16:39:19.119 D/MdmDatabaseHelper( 6748): 	<string>00013fbc8ecec5b90000014618c5744d</string>
05-20 16:39:19.119 D/MdmDatabaseHelper( 6748): </dict>
05-20 16:39:19.119 D/MdmDatabaseHelper( 6748): </plist>
05-20 16:39:19.150 I/TransInfo( 6748): TransInfo created, id: 3, class: class com.pekall.emdm.transaction.c.b
05-20 16:39:19.150 D/NetworkThread( 6748): [null:-1]->----isRunning-----true
05-20 16:39:19.158 D/NetworkThread( 6748): [null:-1]->----isRunning-----true
05-20 16:39:19.158 D/NetworkThread( 6748): [null:-1]->thread wakeup
05-20 16:39:19.166 D/NetworkThread( 6748): [null:-1]->sendHttpPost:PostRequest, url: http://192.168.10.21/rest/mdm/v1/ios/android_server, Params: [content:<?xml version="1.0" encoding="UTF-8"?>
05-20 16:39:19.166 D/NetworkThread( 6748): <!DOCTYPE plist PUBLIC "-//Apple//DTD PLIST 1.0//EN" "http://www.apple.com/DTDs/PropertyList-1.0.dtd">
05-20 16:39:19.166 D/NetworkThread( 6748): <plist version="1.0">
05-20 16:39:19.166 D/NetworkThread( 6748): <dict>
05-20 16:39:19.166 D/NetworkThread( 6748): 	<key>QueryResponses</key>
05-20 16:39:19.166 D/NetworkThread( 6748): 	<dict>
05-20 16:39:19.166 D/NetworkThread( 6748): 		<key>deviceId</key>
05-20 16:39:19.166 D/NetworkThread( 6748): 		<string>00013fbc8ecec5b90000014618c5744d</string>
05-20 16:39:19.166 D/NetworkThread( 6748): 		<key>deviceSecurityStatus</key>
05-20 16:39:19.166 D/NetworkThread( 6748): 		<string>root</string>
05-20 16:39:19.166 D/NetworkThread( 6748): 		<key>diskTotal</key>
