05-20 16:39:24.424 D/MdmService( 6748): [null:-1]->handleCheckInResult
05-20 16:39:24.424 D/MdmService( 6748): [null:-1]->handleCheckInResult result keyIndex: 3
05-20 16:39:24.447 D/dalvikvm(  448): GC_CONCURRENT freed 1717K, 22% free 14031K/17984K, paused 3ms+6ms, total 71ms
05-20 16:39:24.447 D/CommandManager( 6748): [null:-1]->execute command: CommandMsg{CommandUUID='cf6f979c-0027-4598-9d32-ab6897900098', Command=CommandInstallProfile{super=CommandObject{RequestType='InstallProfile'}Payload=[60, 63, 120, 109, 108, 32, 118, 101, 114, 115, 105, 111, 110, 61, 34, 49, 46, 48, 34, 32, 101, 110, 99, 111, 100, 105, 110, 103, 61, 34, 85, 84, 70, 45, 56, 34, 63, 62, 10, 60, 33, 68, 79, 67, 84, 89, 80, 69, 32, 112, 108, 105, 115, 116, 32, 80, 85, 66, 76, 73, 67, 32, 34, 45, 47, 47, 65, 112, 112, 108, 101, 47, 47, 68, 84, 68, 32, 80, 76, 73, 83, 84, 32, 49, 46, 48, 47, 47, 69, 78, 34, 32, 34, 104, 116, 116, 112, 58, 47, 47, 119, 119, 119, 46, 97, 112, 112, 108, 101, 46, 99, 111, 109, 47, 68, 84, 68, 115, 47, 80, 114, 111, 112, 101, 114, 116, 121, 76, 105, 115, 116, 45, 49, 46, 48, 46, 100, 116, 100, 34, 62, 10, 60, 112, 108, 105, 115, 116, 32, 118, 101, 114, 115, 105, 111, 110, 61, 34, 49, 46, 48, 34, 62, 10, 60, 100, 105, 99, 116, 62, 10, 9, 60, 107, 101, 121, 62, 80, 97, 121, 108, 111, 97, 100, 67, 111, 110, 116, 101, 110, 116, 60, 47, 107, 101, 121, 62, 10, 9, 60, 97, 114, 114, 97, 121, 62, 10, 9, 9, 60, 100, 105, 99, 116, 62, 10, 9, 9, 9, 60, 107, 101, 121, 62, 99, 97, 109, 101, 114, 97, 60, 47, 107, 101, 121, 62, 10, 9, 9, 9, 60, 115, 116, 114, 105, 110, 103, 62, 101, 110, 97, 98, 108, 101, 100, 60, 47, 115, 116, 114, 105, 110, 103, 62, 10, 9, 9, 9, 60, 107, 101, 121, 62, 80, 97, 121, 108, 111, 97, 100, 84, 121, 112, 101, 60, 47, 107, 101, 121, 62, 10, 9, 9, 9, 60, 115, 116, 114, 105, 110, 103, 62, 99, 111, 109, 46, 112, 101, 107, 97, 108, 108, 46, 114, 101, 115, 116, 114, 105, 99, 116, 105, 111, 110, 115, 46, 112, 111, 108, 105, 99, 121, 60, 47, 115, 116, 114, 105, 110, 103, 62, 10, 9, 9, 9, 60, 107, 101, 121, 62, 80, 97, 121, 108, 111, 97, 100, 86, 101, 114, 115, 105, 111, 110, 60, 47, 107, 101, 121, 62, 10, 9, 9, 9, 60, 105, 110, 116, 101, 103, 101, 114, 62, 49, 60, 47, 105, 110, 116, 101, 103, 101, 114, 62, 10, 9, 9, 9, 60, 107, 101, 121, 62, 80, 97, 121, 108, 111, 97, 100, 73, 100, 101, 110, 116, 105, 102, 105, 101, 114, 60, 47, 107, 101, 121, 62, 10, 9, 9, 9, 60, 115, 116, 114, 105, 110, 103, 62, 83, 110, 48, 50, 120, 50, 79, 70, 76, 103, 72, 54, 97, 53, 107, 52, 106, 89, 72, 114, 118, 67, 82, 118, 69, 87, 122, 83, 88, 81, 86, 48, 46, 114, 101, 115, 116, 114, 105, 99, 116, 105, 111, 110, 60, 47, 115, 116, 114, 105, 110, 103, 62, 10, 9, 9, 9, 60, 107, 101, 121, 62, 80, 97, 121, 108, 111, 97, 100, 85, 85, 73, 68, 60, 47, 107, 101, 121, 62, 10, 9, 9, 9, 60, 115, 116, 114, 105, 110, 103, 62, 100, 54, 50, 53, 100, 51, 52, 53, 45, 54, 97, 101, 53, 45, 52, 57, 51, 99, 45, 98, 53, 99, 101, 45, 57, 50, 56, 102, 54, 49, 55, 99, 50, 51, 53, 48, 60, 47, 115, 116, 114, 105, 110, 103, 62, 10, 9, 9, 9, 60, 107, 101, 121, 62, 80, 97, 121, 108, 111, 97, 100, 68, 105, 115, 112, 108, 97, 121, 78, 97, 109, 101, 60, 47, 107, 101, 121, 62, 10, 9, 9, 9, 60, 115, 116, 114, 105, 110, 103, 62, 82, 101, 115, 116, 114, 105, 99, 116, 105, 111, 110, -23, -123, -115, -25, -67, -82, 60, 47, 115, 116, 114, 105, 110, 103, 62, 10, 9, 9, 9, 60, 107, 101, 121, 62, 80, 97, 121, 108, 111, 97, 100, 68, 101, 115, 99, 114, 105, 112, 116, 105, 111, 110, 60, 47, 107, 101, 121, 62, 10, 9, 9, 9, 60, 115, 116, 114, 105, 110, 103, 62, 82, 101, 115, 116, 114, 105, 99, 116, 105, 111, 110, -25, -101, -72, -27, -123, -77, -23, -123, -115, -25, -67, -82, 60, 47, 115, 116, 114, 105, 110, 103, 62, 10, 9, 9, 9, 60, 107, 101, 121, 62, 80, 97, 121, 108, 111, 97, 100, 79, 114, 103, 97, 110, 105, 122, 97, 116, 105, 111, 110, 60, 47, 107, 101, 121, 62, 10, 9, 9, 9, 60, 115, 116, 114, 105, 110, 103, 62, 80, 101, 107, 97, 108, 108, 32, 67, 97, 112, 116, 105, 99, 97, 108, 60, 47, 115, 116, 114, 105, 110, 103, 62, 10, 9, 9, 60, 47, 100, 105, 99, 116, 62, 10, 9, 60, 47, 97, 114, 114, 97, 121, 62, 10, 9, 60, 107, 101, 121, 62, 80, 97, 121, 108, 111, 97, 100, 82, 101, 109, 111, 118, 97, 108, 68, 105, 115, 97, 108, 108, 111, 119, 101, 100, 60, 47, 107, 101, 121, 62, 10, 9, 60, 116, 114, 117, 101, 47, 62, 10, 9, 60, 107, 101, 121, 62, 80, 97, 121, 108, 111, 97, 100
05-20 16:39:24.463 D/CmdInstallProfile( 6748): [null:-1]->InstallProfile : com.pekall.plist.beans.CommandInstallProfile
05-20 16:39:24.463 D/CmdInstallProfile( 6748): [null:-1]->profile :<?xml version="1.0" encoding="UTF-8"?>
05-20 16:39:24.463 D/CmdInstallProfile( 6748): <!DOCTYPE plist PUBLIC "-//Apple//DTD PLIST 1.0//EN" "http://www.apple.com/DTDs/PropertyList-1.0.dtd">
05-20 16:39:24.463 D/CmdInstallProfile( 6748): <plist version="1.0">
05-20 16:39:24.463 D/CmdInstallProfile( 6748): <dict>
05-20 16:39:24.463 D/CmdInstallProfile( 6748): 	<key>PayloadContent</key>
05-20 16:39:24.463 D/CmdInstallProfile( 6748): 	<array>
05-20 16:39:24.463 D/CmdInstallProfile( 6748): 		<dict>
05-20 16:39:24.463 D/CmdInstallProfile( 6748): 			<key>camera</key>
05-20 16:39:24.463 D/CmdInstallProfile( 6748): 			<string>enabled</string>
05-20 16:39:24.463 D/CmdInstallProfile( 6748): 			<key>PayloadType</key>
05-20 16:39:24.463 D/CmdInstallProfile( 6748): 			<string>com.pekall.restrictions.policy</string>
05-20 16:39:24.463 D/CmdInstallProfile( 6748): 			<key>PayloadVersion</key>
05-20 16:39:24.463 D/CmdInstallProfile( 6748): 			<integer>1</integer>
05-20 16:39:24.463 D/CmdInstallProfile( 6748): 			<key>PayloadIdentifier</key>
05-20 16:39:24.463 D/CmdInstallProfile( 6748): 			<string>Sn02x2OFLgH6a5k4jYHrvCRvEWzSXQV0.restriction</string>
05-20 16:39:24.463 D/CmdInstallProfile( 6748): 			<key>PayloadUUID</key>
05-20 16:39:24.463 D/CmdInstallProfile( 6748): 			<string>d625d345-6ae5-493c-b5ce-928f617c2350</string>
05-20 16:39:24.463 D/CmdInstallProfile( 6748): 			<key>PayloadDisplayName</key>
05-20 16:39:24.463 D/CmdInstallProfile( 6748): 			<string>Restriction</string>
05-20 16:39:24.463 D/CmdInstallProfile( 6748): 			<key>PayloadDescription</key>
05-20 16:39:24.463 D/CmdInstallProfile( 6748): 			<string>Restriction</string>
05-20 16:39:24.463 D/CmdInstallProfile( 6748): 			<key>PayloadOrganization</key>
05-20 16:39:24.463 D/CmdInstallProfile( 6748): 			<string>Pekall Captical</string>
05-20 16:39:24.463 D/CmdInstallProfile( 6748): 		</dict>
05-20 16:39:24.463 D/CmdInstallProfile( 6748): 	</array>
05-20 16:39:24.463 D/CmdInstallProfile( 6748): 	<key>PayloadRemovalDisallowed</key>
05-20 16:39:24.463 D/CmdInstallProfile( 6748): 	<true/>
05-20 16:39:24.463 D/CmdInstallProfile( 6748): 	<key>PayloadType</key>
05-20 16:39:24.463 D/CmdInstallProfile( 6748): 	<string>Configuration</string>
05-20 16:39:24.463 D/CmdInstallProfile( 6748): 	<key>PayloadVersion</key>
05-20 16:39:24.463 D/CmdInstallProfile( 6748): 	<integer>1</integer>
05-20 16:39:24.463 D/CmdInstallProfile( 6748): 	<key>PayloadIdentifier</key>
05-20 16:39:24.463 D/CmdInstallProfile( 6748): 	<string>Sn02x2OFLgH6a5k4jYHrvCRvEWzSXQV0</string>
05-20 16:39:24.463 D/CmdInstallProfile( 6748): 	<key>PayloadUUID</key>
05-20 16:39:24.463 D/CmdInstallProfile( 6748): 	<string>af0acbd9-f5cc-4627-b2de-e77db07415ac</string>
05-20 16:39:24.463 D/CmdInstallProfile( 6748): 	<key>PayloadDisplayName</key>
05-20 16:39:24.463 D/CmdInstallProfile( 6748): 	<string></string>
05-20 16:39:24.463 D/CmdInstallProfile( 6748): 	<key>PayloadDescription</key>
05-20 16:39:24.463 D/CmdInstallProfile( 6748): 	<string>womg</string>
05-20 16:39:24.463 D/CmdInstallProfile( 6748): 	<key>PayloadOrganization</key>
05-20 16:39:24.463 D/CmdInstallProfile( 6748): 	<string>Pekall Captical</string>
05-20 16:39:24.463 D/CmdInstallProfile( 6748): </dict>
05-20 16:39:24.463 D/CmdInstallProfile( 6748): </plist>
05-20 16:39:24.478 D/ProfileManager( 6748): [null:-1]->saveProfile payloadIdentifier: Sn02x2OFLgH6a5k4jYHrvCRvEWzSXQV0
05-20 16:39:24.478 D/ProfileManager( 6748): [null:-1]->saveProfile path: /data/data/com.pekall.emdm.launcher/cache/Sn02x2OFLgH6a5k4jYHrvCRvEWzSXQV0
05-20 16:39:24.478 D/CmdInstallProfile( 6748): [null:-1]->save profile success
05-20 16:39:24.478 D/MDM :   ( 6748): [null:-1]->xxxs == PayloadRestrictionsAndroidPolicy{backgroundDataSync='null', autoSync='null', camera='enabled', bluetooth='null', allowUSBMassStorage='null', allowUsbMediaPlayer=null, useNetworkDateTime='null', allowMicrophone='null', allowNFC='null', useWirelessNetworkForLocation='null', useGPSForLocation='null', useSensorAidingForLocation='null', allowMockLocation='null', allowClipboardShare=null, allowAudioRecord=null}
05-20 16:39:24.736 D/dalvikvm( 6748): JIT unchain all for threadid=11
05-20 16:39:25.056 D/dalvikvm( 6748): JIT unchain all for threadid=11
05-20 16:39:25.080 D/ProfileManager( 6748): [null:-1]->get policy, payloadBase:PayloadRestrictionsAndroidPolicy{backgroundDataSync='null', autoSync='null', camera='enabled', bluetooth='null', allowUSBMassStorage='null', allowUsbMediaPlayer=null, useNetworkDateTime='null', allowMicrophone='null', allowNFC='null', useWirelessNetworkForLocation='null', useGPSForLocation='null', useSensorAidingForLocation='null', allowMockLocation='null', allowClipboardShare=null, allowAudioRecord=null}
05-20 16:39:25.080 D/com.pekall.restrictions.policy( 6748): [null:-1]->allowBluetooth : null
05-20 16:39:25.111 D/dalvikvm( 6748): GC_CONCURRENT freed 10862K, 31% free 29080K/41852K, paused 276ms+273ms, total 626ms
05-20 16:39:25.119 D/com.pekall.restrictions.policy( 6748): [null:-1]->ensureSimulateLocation :null
05-20 16:39:25.142 D/com.pekall.restrictions.policy( 6748): [null:-1]->allowUseNetworkDate : null
05-20 16:39:25.174 E/DatabaseUtils(  374): Writing exception to parcel
05-20 16:39:25.174 E/DatabaseUtils(  374): java.lang.SecurityException: Permission denial: writing to secure settings requires android.permission.WRITE_SECURE_SETTINGS
05-20 16:39:25.174 E/DatabaseUtils(  374): 	at com.android.providers.settings.SettingsProvider.checkWritePermissions(SettingsProvider.java:279)
05-20 16:39:25.174 E/DatabaseUtils(  374): 	at com.android.providers.settings.SettingsProvider.insertForUser(SettingsProvider.java:897)
05-20 16:39:25.174 E/DatabaseUtils(  374): 	at com.android.providers.settings.SettingsProvider.callFromPackage(SettingsProvider.java:634)
05-20 16:39:25.174 E/DatabaseUtils(  374): 	at android.content.ContentProvider$Transport.call(ContentProvider.java:279)
05-20 16:39:25.174 E/DatabaseUtils(  374): 	at android.content.ContentProviderNative.onTransact(ContentProviderNative.java:273)
05-20 16:39:25.174 E/DatabaseUtils(  374): 	at android.os.Binder.execTransact(Binder.java:388)
05-20 16:39:25.174 E/DatabaseUtils(  374): 	at dalvik.system.NativeStart.run(Native Method)
05-20 16:39:25.197 D/com.pekall.restrictions.policy( 6748): [null:-1]->allowUseNetworkDate error
05-20 16:39:25.197 D/com.pekall.restrictions.policy( 6748): java.lang.SecurityException: Permission denial: writing to secure settings requires android.permission.WRITE_SECURE_SETTINGS
05-20 16:39:25.197 D/com.pekall.restrictions.policy( 6748): 	at android.os.Parcel.readException(Parcel.java:1431)
05-20 16:39:25.197 D/com.pekall.restrictions.policy( 6748): 	at android.database.DatabaseUtils.readExceptionFromParcel(DatabaseUtils.java:185)
05-20 16:39:25.197 D/com.pekall.restrictions.policy( 6748): 	at android.database.DatabaseUtils.readExceptionFromParcel(DatabaseUtils.java:137)
05-20 16:39:25.197 D/com.pekall.restrictions.policy( 6748): 	at android.content.ContentProviderProxy.call(ContentProviderNative.java:602)
05-20 16:39:25.197 D/com.pekall.restrictions.policy( 6748): 	at android.provider.Settings$NameValueCache.putStringForUser(Settings.java:818)
05-20 16:39:25.197 D/com.pekall.restrictions.policy( 6748): 	at android.provider.Settings$Global.putStringForUser(Settings.java:5529)
05-20 16:39:25.197 D/com.pekall.restrictions.policy( 6748): 	at android.provider.Settings$Global.putString(Settings.java:5519)
05-20 16:39:25.197 D/com.pekall.restrictions.policy( 6748): 	at android.provider.Settings$Global.putInt(Settings.java:5607)
05-20 16:39:25.197 D/com.pekall.restrictions.policy( 6748): 	at com.pekall.emdm.b.c.b.j.c(Unknown Source)
05-20 16:39:25.197 D/com.pekall.restrictions.policy( 6748): 	at com.pekall.emdm.b.c.b.j.f(Unknown Source)
05-20 16:39:25.197 D/com.pekall.restrictions.policy( 6748): 	at com.pekall.emdm.b.c.c.a(Unknown Source)
05-20 16:39:25.197 D/com.pekall.restrictions.policy( 6748): 	at com.pekall.emdm.b.c.d.a(Unknown Source)
05-20 16:39:25.197 D/com.pekall.restrictions.policy( 6748): 	at com.pekall.emdm.b.a.o.a(Unknown Source)
05-20 16:39:25.197 D/com.pekall.restrictions.policy( 6748): 	at com.pekall.emdm.b.a.c.a(Unknown Source)
05-20 16:39:25.197 D/com.pekall.restrictions.policy( 6748): 	at com.pekall.emdm.b.a.ac.a(Unknown Source)
05-20 16:39:25.197 D/com.pekall.restrictions.policy( 6748): 	at com.pekall.emdm.b.a.ac.doInBackground(Unknown Source)
05-20 16:39:25.197 D/com.pekall.restrictions.policy( 6748): 	at android.os.AsyncTask$2.call(AsyncTask.java:287)
05-20 16:39:25.197 D/com.pekall.restrictions.policy( 6748): 	at java.util.concurrent.FutureTask.run(FutureTask.java:234)
05-20 16:39:25.197 D/com.pekall.restrictions.policy( 6748): 	at android.os.AsyncTask$SerialExecutor$1.run(AsyncTask.java:230)
05-20 16:39:25.197 D/com.pekall.restrictions.policy( 6748): 	at java.util.concurrent.ThreadPoolExecutor.runWorker(ThreadPoolExecutor.java:1080)
05-20 16:39:25.197 D/com.pekall.restrictions.policy( 6748): 	at java.util.concurrent.ThreadPoolExecutor$Worker.run(ThreadPoolExecutor.java:573)
05-20 16:39:25.197 D/com.pekall.restrictions.policy( 6748): 	at java.lang.Thread.run(Thread.java:841)
05-20 16:39:25.213 D/com.pekall.restrictions.policy( 6748): [null:-1]->allowNFC : null
05-20 16:39:25.213 D/InnerClass( 6748): [null:-1]->enableNfc : 
05-20 16:39:25.213 D/InnerClass( 6748): java.lang.reflect.InvocationTargetException
05-20 16:39:25.213 D/InnerClass( 6748): 	at java.lang.reflect.Method.invokeNative(Native Method)
05-20 16:39:25.213 D/InnerClass( 6748): 	at java.lang.reflect.Method.invoke(Method.java:525)
05-20 16:39:25.213 D/InnerClass( 6748): 	at com.pekall.emdm.c.i.a(Unknown Source)
05-20 16:39:25.213 D/InnerClass( 6748): 	at com.pekall.emdm.c.c.a(Unknown Source)
05-20 16:39:25.213 D/InnerClass( 6748): 	at com.pekall.emdm.b.c.b.j.b(Unknown Source)
05-20 16:39:25.213 D/InnerClass( 6748): 	at com.pekall.emdm.b.c.b.j.f(Unknown Source)
05-20 16:39:25.213 D/InnerClass( 6748): 	at com.pekall.emdm.b.c.c.a(Unknown Source)
05-20 16:39:25.213 D/InnerClass( 6748): 	at com.pekall.emdm.b.c.d.a(Unknown Source)
05-20 16:39:25.213 D/InnerClass( 6748): 	at com.pekall.emdm.b.a.o.a(Unknown Source)
05-20 16:39:25.213 D/InnerClass( 6748): 	at com.pekall.emdm.b.a.c.a(Unknown Source)
05-20 16:39:25.213 D/InnerClass( 6748): 	at com.pekall.emdm.b.a.ac.a(Unknown Source)
05-20 16:39:25.213 D/InnerClass( 6748): 	at com.pekall.emdm.b.a.ac.doInBackground(Unknown Source)
05-20 16:39:25.213 D/InnerClass( 6748): 	at android.os.AsyncTask$2.call(AsyncTask.java:287)
05-20 16:39:25.213 D/InnerClass( 6748): 	at java.util.concurrent.FutureTask.run(FutureTask.java:234)
05-20 16:39:25.213 D/InnerClass( 6748): 	at android.os.AsyncTask$SerialExecutor$1.run(AsyncTask.java:230)
05-20 16:39:25.213 D/InnerClass( 6748): 	at java.util.concurrent.ThreadPoolExecutor.runWorker(ThreadPoolExecutor.java:1080)
05-20 16:39:25.213 D/InnerClass( 6748): 	at java.util.concurrent.ThreadPoolExecutor$Worker.run(ThreadPoolExecutor.java:573)
05-20 16:39:25.213 D/InnerClass( 6748): 	at java.lang.Thread.run(Thread.java:841)
05-20 16:39:25.213 D/InnerClass( 6748): Caused by: java.lang.SecurityException: WRITE_SECURE_SETTINGS permission required: Neither user 10066 nor current process has android.permission.WRITE_SECURE_SETTINGS.
05-20 16:39:25.213 D/InnerClass( 6748): 	at android.os.Parcel.readException(Parcel.java:1431)
05-20 16:39:25.213 D/InnerClass( 6748): 	at android.os.Parcel.readException(Parcel.java:1385)
05-20 16:39:25.213 D/InnerClass( 6748): 	at android.nfc.INfcAdapter$Stub$Proxy.disable(INfcAdapter.java:252)
05-20 16:39:25.213 D/InnerClass( 6748): 	at android.nfc.NfcAdapter.disable(NfcAdapter.java:574)
05-20 16:39:25.213 D/InnerClass( 6748): 	... 18 more
05-20 16:39:25.221 W/Parcel  ( 1661): Attempt to read object from Parcel 0x5dfd3dac at offset 200 that is not in the object list
05-20 16:39:25.252 W/Parcel  ( 1661): Attempt to read object from Parcel 0x6003bdac at offset 200 that is not in the object list
05-20 16:39:25.252 D/EmailBroadcastReceiver( 6748): 1111  Email receives broadcast 'com.pekall.mdm.action.SETTING_CHANGED'
05-20 16:39:25.252 D/EmailBroadcastReceiver( 6748): type = com.pekall.restrictions.policy
05-20 16:39:25.283 D/CommandManager( 6748): [null:-1]->requestType: InstallProfile
05-20 16:39:25.330 D/dalvikvm( 6497): GC_CONCURRENT freed 403K, 5% free 9527K/9984K, paused 1ms+1ms, total 72ms
05-20 16:39:25.463 W/Parcel  ( 1661): Attempt to read object from Parcel 0x5ec3bdac at offset 200 that is not in the object list
05-20 16:39:25.588 D/dalvikvm( 7326): GC_FOR_ALLOC freed 7445K, 91% free 745K/8192K, paused 25ms, total 25ms
05-20 16:39:25.588 D/LightsService(  374): Excessive delay setting light: 51ms
05-20 16:39:25.603 D/MdmDatabaseHelper( 6748): [null:-1]->update command cf6f979c-0027-4598-9d32-ab6897900098 to commandStatus <?xml version="1.0" encoding="UTF-8"?>
05-20 16:39:25.603 D/MdmDatabaseHelper( 6748): <!DOCTYPE plist PUBLIC "-//Apple//DTD PLIST 1.0//EN" "http://www.apple.com/DTDs/PropertyList-1.0.dtd">
05-20 16:39:25.603 D/MdmDatabaseHelper( 6748): <plist version="1.0">
05-20 16:39:25.603 D/MdmDatabaseHelper( 6748): <dict>
05-20 16:39:25.603 D/MdmDatabaseHelper( 6748): 	<key>CommandUUID</key>
05-20 16:39:25.603 D/MdmDatabaseHelper( 6748): 	<string>cf6f979c-0027-4598-9d32-ab6897900098</string>
05-20 16:39:25.603 D/MdmDatabaseHelper( 6748): 	<key>Status</key>
05-20 16:39:25.603 D/MdmDatabaseHelper( 6748): 	<string>Acknowledged</string>
05-20 16:39:25.603 D/MdmDatabaseHelper( 6748): 	<key>UDID</key>
05-20 16:39:25.603 D/MdmDatabaseHelper( 6748): 	<string>00013fbc8ecec5b90000014618c5744d</string>
05-20 16:39:25.603 D/MdmDatabaseHelper( 6748): </dict>
05-20 16:39:25.603 D/MdmDatabaseHelper( 6748): </plist>
05-20 16:39:25.650 D/LightsService(  374): Excessive delay setting light: 58ms
05-20 16:39:25.666 I/TransInfo( 6748): TransInfo created, id: 3, class: class com.pekall.emdm.transaction.c.b
05-20 16:39:25.666 D/NetworkThread( 6748): [null:-1]->----isRunning-----true
05-20 16:39:25.666 D/NetworkThread( 6748): [null:-1]->----isRunning-----true
05-20 16:39:25.666 D/NetworkThread( 6748): [null:-1]->thread wakeup
05-20 16:39:25.666 D/NetworkThread( 6748): [null:-1]->sendHttpPost:PostRequest, url: http://192.168.10.21/rest/mdm/v1/ios/android_server, Params: [content:<?xml version="1.0" encoding="UTF-8"?>
05-20 16:39:25.666 D/NetworkThread( 6748): <!DOCTYPE plist PUBLIC "-//Apple//DTD PLIST 1.0//EN" "http://www.apple.com/DTDs/PropertyList-1.0.dtd">
05-20 16:39:25.666 D/NetworkThread( 6748): <plist version="1.0">
05-20 16:39:25.666 D/NetworkThread( 6748): <dict>
05-20 16:39:25.666 D/NetworkThread( 6748): 	<key>CommandUUID</key>
05-20 16:39:25.666 D/NetworkThread( 6748): 	<string>cf6f979c-0027-4598-9d32-ab6897900098</string>
05-20 16:39:25.666 D/NetworkThread( 6748): 	<key>Status</key>
05-20 16:39:25.666 D/NetworkThread( 6748): 	<string>Acknowledged</string>
05-20 16:39:25.666 D/NetworkThread( 6748): 	<key>UDID</key>
05-20 16:39:25.666 D/NetworkThread( 6748): 	<string>00013fbc8ecec5b90000014618c5744d</string>
05-20 16:39:25.666 D/NetworkThread( 6748): </dict>
05-20 16:39:25.666 D/NetworkThread( 6748): </plist>], 
05-20 16:39:25.666 D/HttpClient( 6748): enable apache.http debug
05-20 16:39:25.681 V/DEBUG   ( 6748): HTTP 0
05-20 16:39:25.705 D/LightsService(  374): Excessive delay setting light: 55ms
05-20 16:39:25.705 D/dalvikvm( 7326): GC_CONCURRENT freed 387K, 91% free 748K/8192K, paused 2ms+0ms, total 11ms
05-20 16:39:25.799 D/LightsService(  374): Excessive delay setting light: 90ms
05-20 16:39:25.830 D/dalvikvm( 7326): GC_CONCURRENT freed 393K, 69% free 738K/2376K, paused 1ms+0ms, total 8ms
05-20 16:39:25.916 D/dalvikvm( 7326): GC_CONCURRENT freed 465K, 69% free 740K/2376K, paused 1ms+0ms, total 6ms
05-20 16:39:26.033 D/MDM :   ( 6748): [null:-1]->statusCode : 200
05-20 16:39:26.041 D/MDM :   ( 6748): [null:-1]->statusCode : 200
05-20 16:39:26.041 V/DEBUG   ( 6748): HTTP 1
05-20 16:39:26.064 D/MDM :   ( 6748): [null:-1]->read network input stream
05-20 16:39:26.064 D/MDM :   ( 6748): [null:-1]->read network input stream
05-20 16:39:26.072 D/dalvikvm( 7326): GC_CONCURRENT freed 445K, 69% free 749K/2376K, paused 1ms+2ms, total 7ms
05-20 16:39:26.072 D/MDM :   ( 6748): [null:-1]->Get joson string: <?xml version="1.0" encoding="UTF-8"?>
05-20 16:39:26.072 D/MDM :   ( 6748): <!DOCTYPE plist PUBLIC "-//Apple//DTD PLIST 1.0//EN" "http://www.apple.com/DTDs/PropertyList-1.0.dtd">
05-20 16:39:26.072 D/MDM :   ( 6748): <plist version="1.0">
05-20 16:39:26.072 D/MDM :   ( 6748): <dict>
05-20 16:39:26.072 D/MDM :   ( 6748): 	<key>CommandUUID</key>
05-20 16:39:26.072 D/MDM :   ( 6748): 	<string>faaa3ed5-efcd-4753-bb17-3203b98af5da</string>
05-20 16:39:26.072 D/MDM :   ( 6748): 	<key>Command</key>
05-20 16:39:26.072 D/MDM :   ( 6748): 	<dict>
05-20 16:39:26.072 D/MDM :   ( 6748): 		<key>DocumentName</key>
05-20 16:39:26.072 D/MDM :   ( 6748): 		<string></string>
05-20 16:39:26.072 D/MDM :   ( 6748): 		<key>DocumentSize</key>
05-20 16:39:26.072 D/MDM :   ( 6748): 		<integer>40</integer>
05-20 16:39:26.072 D/MDM :   ( 6748): 		<key>DocumentFormat</key>
05-20 16:39:26.072 D/MDM :   ( 6748): 		<string>txt</string>
05-20 16:39:26.072 D/MDM :   ( 6748): 		<key>DownloadURL</key>
05-20 16:39:26.072 D/MDM :   ( 6748): 		<string>https://test.mdm.everknow.cn/resources/api/v1/download/guest?uuid=0976c29e9cec4889de5e667e6b05</string>
05-20 16:39:26.072 D/MDM :   ( 6748): 		<key>Auth</key>
05-20 16:39:26.072 D/MDM :   ( 6748): 		<integer>0</integer>
05-20 16:39:26.072 D/MDM :   ( 6748): 		<key>DocumentUUID</key>
05-20 16:39:26.072 D/MDM :   ( 6748): 		<string>164</string>
05-20 16:39:26.072 D/MDM :   ( 6748): 		<key>Version</key>
05-20 16:39:26.072 D/MDM :   ( 6748): 		<string></string>
05-20 16:39:26.072 D/MDM :   ( 6748): 		<key>DocumentDescription</key>
05-20 16:39:26.072 D/MDM :   ( 6748): 		<string></string>
05-20 16:39:26.072 D/MDM :   ( 6748): 		<key>DocumentCategory</key>
05-20 16:39:26.072 D/MDM :   ( 6748): 		<integer>57506</integer>
05-20 16:39:26.072 D/MDM :   ( 6748): 		<key>IsCompressed</key>
05-20 16:39:26.072 D/MDM :   ( 6748): 		<integer>0</integer>
05-20 16:39:26.072 D/MDM :   ( 6748): 		<key>ReadAuthDay</key>
05-20 16:39:26.072 D/MDM :   ( 6748): 		<integer>0</integer>
05-20 16:39:26.072 D/MDM :   ( 6748): 		<key>RingNotify</key>
05-20 16:39:26.072 D/MDM :   ( 6748): 		<integer>0</integer>
05-20 16:39:26.072 D/MDM :   ( 6748): 		<key>EncryptLevel</key>
05-20 16:39:26.072 D/MDM :   ( 6748): 		<integer>0</integer>
05-20 16:39:26.072 D/MDM :   ( 6748): 		<key>DocumentType</key>
05-20 16:39:26.072 D/MDM :   ( 6748): 		<string>Normal</string>
05-20 16:39:26.072 D/MDM :   ( 6748): 		<key>RequestType</key>
05-20 16:39:26.072 D/MDM :   ( 6748): 		<string>InstallDocument</string>
05-20 16:39:26.072 D/MDM :   ( 6748): 	</dict>
05-20 16:39:26.072 D/MDM :   ( 6748): </dict>
05-20 16:39:26.072 D/MDM :   ( 6748): </plist>
05-20 16:39:26.096 D/MdmDatabaseHelper( 6748): [null:-1]->update command cf6f979c-0027-4598-9d32-ab6897900098 to status executed
05-20 16:39:26.127 D/CheckInTransInfo( 6748): [null:-1]->CommandMsg : CommandMsg{CommandUUID='faaa3ed5-efcd-4753-bb17-3203b98af5da', Command=CommandInstallDocument{DocumentName='', DocumentSize=40, DocumentFormat='txt', DownloadURL='https://test.mdm.everknow.cn/resources/api/v1/download/guest?uuid=0976c29e9cec4889de5e667e6b05', Auth=0, DocumentUUID='164', Version='', DocumentDescription='', DocumentCategory=57506, IsCompressed=0, ReadAuthDay=0, RingNotify=0, EncryptLevel=0}}
05-20 16:39:26.150 D/NetworkThread( 6748): [null:-1]->clear mCurrentTransInfo
05-20 16:39:26.150 D/NetworkThread( 6748): [null:-1]->queue is empty, thread wait...
05-20 16:39:26.181 D/dalvikvm( 7326): GC_CONCURRENT freed 424K, 70% free 725K/2376K, paused 1ms+0ms, total 10ms
05-20 16:39:26.244 D/MdmService( 6748): [null:-1]->handleCheckInResult
05-20 16:39:26.252 D/MdmService( 6748): [null:-1]->handleCheckInResult result keyIndex: 3
05-20 16:39:26.252 D/CommandManager( 6748): [null:-1]->execute command: CommandMsg{CommandUUID='faaa3ed5-efcd-4753-bb17-3203b98af5da', Command=CommandInstallDocument{DocumentName='', DocumentSize=40, DocumentFormat='txt', DownloadURL='https://test.mdm.everknow.cn/resources/api/v1/download/guest?uuid=0976c29e9cec4889de5e667e6b05', Auth=0, DocumentUUID='164', Version='', DocumentDescription='', DocumentCategory=57506, IsCompressed=0, ReadAuthDay=0, RingNotify=0, EncryptLevel=0}}
05-20 16:39:26.267 W/Parcel  ( 1661): Attempt to read object from Parcel 0x5ded3dac at offset 200 that is not in the object list
05-20 16:39:26.275 D/dalvikvm( 7326): GC_CONCURRENT freed 433K, 69% free 747K/2376K, paused 0ms+2ms, total 6ms
05-20 16:39:26.275 D/DownLoadDocService( 6748): [null:-1]->action is  com.pekall.emdm.action.DOWNLOADDOC
05-20 16:39:26.275 D/DownLoadDocService( 6748): [null:-1]->uuid is  164 ,url is https://test.mdm.everknow.cn/resources/api/v1/download/guest?uuid=0976c29e9cec4889de5e667e6b05
05-20 16:39:26.283 D/StorageManager( 6748): Create document synchronously, bundle
05-20 16:39:26.283 D/SDCardDocumentStore( 6748): Home directory: /storage/emulated/0/contentlocker
05-20 16:39:26.291 D/StorageManageImpl( 6748): >>> name: 
05-20 16:39:26.291 D/StorageManageImpl( 6748): >>> extension: txt
05-20 16:39:26.291 D/StorageManageImpl( 6748): >>> mime type: text/plain
05-20 16:39:26.291 D/StorageManageImpl( 6748): >>> size: 40
05-20 16:39:26.291 D/StorageManageImpl( 6748): >>> created date: 1400575166293
05-20 16:39:26.291 D/StorageManageImpl( 6748): >>> modified date: 1400575166293
05-20 16:39:26.291 D/StorageManageImpl( 6748): >>> server url: 164
05-20 16:39:26.291 D/StorageManageImpl( 6748): >>> is visible: false
05-20 16:39:26.291 D/StorageManageImpl( 6748): >>> sort: C
05-20 16:39:26.291 D/CommandManager( 6748): [null:-1]->requestType: InstallDocument
05-20 16:39:26.346 W/Parcel  ( 1661): Attempt to read object from Parcel 0x6013bdac at offset 200 that is not in the object list
05-20 16:39:26.353 D/MdmDatabaseHelper( 6748): [null:-1]->update command faaa3ed5-efcd-4753-bb17-3203b98af5da to commandStatus <?xml version="1.0" encoding="UTF-8"?>
05-20 16:39:26.353 D/MdmDatabaseHelper( 6748): <!DOCTYPE plist PUBLIC "-//Apple//DTD PLIST 1.0//EN" "http://www.apple.com/DTDs/PropertyList-1.0.dtd">
05-20 16:39:26.353 D/MdmDatabaseHelper( 6748): <plist version="1.0">
05-20 16:39:26.353 D/MdmDatabaseHelper( 6748): <dict>
05-20 16:39:26.353 D/MdmDatabaseHelper( 6748): 	<key>CommandUUID</key>
05-20 16:39:26.353 D/MdmDatabaseHelper( 6748): 	<string>faaa3ed5-efcd-4753-bb17-3203b98af5da</string>
05-20 16:39:26.353 D/MdmDatabaseHelper( 6748): 	<key>Status</key>
05-20 16:39:26.353 D/MdmDatabaseHelper( 6748): 	<string>Acknowledged</string>
05-20 16:39:26.353 D/MdmDatabaseHelper( 6748): 	<key>UDID</key>
05-20 16:39:26.353 D/MdmDatabaseHelper( 6748): 	<string>00013fbc8ecec5b90000014618c5744d</string>
05-20 16:39:26.353 D/MdmDatabaseHelper( 6748): </dict>
05-20 16:39:26.353 D/MdmDatabaseHelper( 6748): </plist>
05-20 16:39:26.385 D/dalvikvm( 7326): GC_CONCURRENT freed 400K, 69% free 747K/2376K, paused 1ms+1ms, total 7ms
05-20 16:39:26.431 W/Parcel  ( 1661): Attempt to read object from Parcel 0x5ef3bdac at offset 200 that is not in the object list
05-20 16:39:26.455 W/Parcel  ( 1661): Attempt to read object from Parcel 0x5dfd3dac at offset 200 that is not in the object list
05-20 16:39:26.455 I/TransInfo( 6748): TransInfo created, id: 3, class: class com.pekall.emdm.transaction.c.b
05-20 16:39:26.463 D/NetworkThread( 6748): [null:-1]->----isRunning-----true
05-20 16:39:26.463 D/NetworkThread( 6748): [null:-1]->----isRunning-----true
05-20 16:39:26.463 D/NetworkThread( 6748): [null:-1]->thread wakeup
05-20 16:39:26.463 D/NetworkThread( 6748): [null:-1]->sendHttpPost:PostRequest, url: http://192.168.10.21/rest/mdm/v1/ios/android_server, Params: [content:<?xml version="1.0" encoding="UTF-8"?>
05-20 16:39:26.463 D/NetworkThread( 6748): <!DOCTYPE plist PUBLIC "-//Apple//DTD PLIST 1.0//EN" "http://www.apple.com/DTDs/PropertyList-1.0.dtd">
05-20 16:39:26.463 D/NetworkThread( 6748): <plist version="1.0">
05-20 16:39:26.463 D/NetworkThread( 6748): <dict>
05-20 16:39:26.463 D/NetworkThread( 6748): 	<key>CommandUUID</key>
05-20 16:39:26.463 D/NetworkThread( 6748): 	<string>faaa3ed5-efcd-4753-bb17-3203b98af5da</string>
05-20 16:39:26.463 D/NetworkThread( 6748): 	<key>Status</key>
05-20 16:39:26.463 D/NetworkThread( 6748): 	<string>Acknowledged</string>
05-20 16:39:26.463 D/NetworkThread( 6748): 	<key>UDID</key>
05-20 16:39:26.463 D/NetworkThread( 6748): 	<string>00013fbc8ecec5b90000014618c5744d</string>
05-20 16:39:26.463 D/NetworkThread( 6748): </dict>
05-20 16:39:26.463 D/NetworkThread( 6748): </plist>], 
05-20 16:39:26.463 D/HttpClient( 6748): enable apache.http debug
05-20 16:39:26.478 V/DEBUG   ( 6748): HTTP 0
05-20 16:39:26.517 V/CounterTextView( 6748): onReceive
05-20 16:39:26.517 D/        ( 6748): [---null: -1---]   msg  xxd1
05-20 16:39:26.525 V/CounterTextView( 6748): onReceive
05-20 16:39:26.525 D/        ( 6748): [---null: -1---]   msg  xxd1
05-20 16:39:26.533 V/CounterTextView( 6748): onReceive
05-20 16:39:26.541 D/        ( 6748): [---null: -1---]   msg  xxd1
05-20 16:39:26.549 V/CounterTextView( 6748): onReceive
05-20 16:39:26.549 D/        ( 6748): [---null: -1---]   msg  xxd1
05-20 16:39:26.556 V/CounterTextView( 6748): onReceive
05-20 16:39:26.556 D/        ( 6748): [---null: -1---]   msg  xxd1
05-20 16:39:26.556 V/CounterTextView( 6748): onReceive
05-20 16:39:26.556 D/        ( 6748): [---null: -1---]   msg  xxd1
05-20 16:39:26.564 D/        ( 6748): [---null: -1---]  1111222  mLongAxisStartPadding110
05-20 16:39:26.564 D/        ( 6748): [---null: -1---]  11112223  heightSpecSize1094
05-20 16:39:26.564 D/        ( 6748): [---null: -1---]  11112223  mLongAxisStartPadding110
05-20 16:39:26.564 D/        ( 6748): [---null: -1---]  11112223  mLongAxisEndPadding110
05-20 16:39:26.564 D/        ( 6748): [---null: -1---]  11112223  mRows4
05-20 16:39:26.564 D/        ( 6748): [---null: -1---]  1111222  mLongAxisStartPadding110
05-20 16:39:26.564 D/        ( 6748): [---null: -1---]  11112223  heightSpecSize1094
05-20 16:39:26.572 D/        ( 6748): [---null: -1---]  11112223  mLongAxisStartPadding110
05-20 16:39:26.572 D/        ( 6748): [---null: -1---]  11112223  mLongAxisEndPadding110
05-20 16:39:26.572 D/        ( 6748): [---null: -1---]  11112223  mRows4
05-20 16:39:26.572 V/CounterTextView( 6748): draw
05-20 16:39:26.572 V/CounterTextView( 6748): count = 1
05-20 16:39:26.580 D/MDM :   ( 6748): [null:-1]->zzzzz   getWidth() 160
05-20 16:39:26.580 D/MDM :   ( 6748): [null:-1]->zzzzz   ------------------mWidthTemp >getWidth()() 
05-20 16:39:26.580 V/CounterTextView( 6748): xxxxxxx   136
05-20 16:39:26.971 D/MDM :   ( 6748): [null:-1]->statusCode : 200
05-20 16:39:26.971 D/MDM :   ( 6748): [null:-1]->statusCode : 200
05-20 16:39:26.971 V/DEBUG   ( 6748): HTTP 1
05-20 16:39:26.978 D/MDM :   ( 6748): [null:-1]->read network input stream
05-20 16:39:26.978 D/MDM :   ( 6748): [null:-1]->Get joson string: <?xml version="1.0" encoding="UTF-8"?>
05-20 16:39:26.978 D/MDM :   ( 6748): <!DOCTYPE plist PUBLIC "-//Apple//DTD PLIST 1.0//EN" "http://www.apple.com/DTDs/PropertyList-1.0.dtd">
05-20 16:39:26.978 D/MDM :   ( 6748): <plist version="1.0">
05-20 16:39:26.978 D/MDM :   ( 6748): <dict>
05-20 16:39:26.978 D/MDM :   ( 6748): 	<key>CommandUUID</key>
05-20 16:39:26.978 D/MDM :   ( 6748): 	<string>e924a530-2bc7-47ba-a8aa-dae83b3c073f</string>
05-20 16:39:26.978 D/MDM :   ( 6748): 	<key>Command</key>
05-20 16:39:26.978 D/MDM :   ( 6748): 	<dict>
05-20 16:39:26.978 D/MDM :   ( 6748): 		<key>RequestType</key>
05-20 16:39:26.978 D/MDM :   ( 6748): 		<string>Location</string>
05-20 16:39:26.978 D/MDM :   ( 6748): 	</dict>
05-20 16:39:26.978 D/MDM :   ( 6748): </dict>
05-20 16:39:26.978 D/MDM :   ( 6748): </plist>
05-20 16:39:26.978 D/MdmDatabaseHelper( 6748): [null:-1]->update command faaa3ed5-efcd-4753-bb17-3203b98af5da to status executed
05-20 16:39:27.010 D/CheckInTransInfo( 6748): [null:-1]->CommandMsg : CommandMsg{CommandUUID='e924a530-2bc7-47ba-a8aa-dae83b3c073f', Command=CommandObject{RequestType='Location'}}
05-20 16:39:27.041 D/NetworkThread( 6748): [null:-1]->clear mCurrentTransInfo
05-20 16:39:27.041 D/NetworkThread( 6748): [null:-1]->queue is empty, thread wait...
05-20 16:39:27.142 D/MdmService( 6748): [null:-1]->handleCheckInResult
05-20 16:39:27.142 D/MdmService( 6748): [null:-1]->handleCheckInResult result keyIndex: 3
05-20 16:39:27.142 D/CommandManager( 6748): [null:-1]->execute command: CommandMsg{CommandUUID='e924a530-2bc7-47ba-a8aa-dae83b3c073f', Command=CommandObject{RequestType='Location'}}
05-20 16:39:27.142 W/Parcel  ( 1661): Attempt to read object from Parcel 0x6003bdac at offset 200 that is not in the object list
05-20 16:39:27.142 D/MdmService( 6748): [null:-1]->receiver action :com.pekall.mdm.action.LOCATION
05-20 16:39:27.158 D/dalvikvm( 7343): Late-enabling CheckJNI
05-20 16:39:27.166 I/ActivityManager(  374): Start proc com.pekall.emdm.launcher:remote for service com.pekall.emdm.launcher/com.baidu.location.f: pid=7343 uid=10066 gids={50066, 1015, 3002, 3001, 3003, 1028}
05-20 16:39:27.228 D/ScClassLoader( 7343): >> SOURCE FILE: /data/data/com.pekall.emdm.launcher/app_jars/sc-jdk15on-1.47.0.2.dex.jar
05-20 16:39:27.236 V/MyServiceConnection( 7343): [SConnection] sandbox service is NOT installed.
05-20 16:39:27.236 V/MyServiceConnection( 7343): [SConnection] binding service: pekall.intent.action.SANDBOX_SERVICE
05-20 16:39:27.291 D/dalvikvm( 7326): GC_CONCURRENT freed 494K, 74% free 636K/2376K, paused 1ms+1ms, total 5ms
05-20 16:39:27.306 D/dalvikvm( 7343): GC_CONCURRENT freed 66K, 2% free 9367K/9472K, paused 3ms+22ms, total 43ms
05-20 16:39:27.314 W/Parcel  ( 1661): Attempt to read object from Parcel 0x5ec3bdac at offset 200 that is not in the object list
05-20 16:39:27.322 W/Parcel  ( 1661): Attempt to read object from Parcel 0x5ded3dac at offset 200 that is not in the object list
05-20 16:39:27.322 D/Email   ( 7343): Email: init sandbox at the beginning.
05-20 16:39:27.322 V/MyServiceConnection( 7343): [SConnection] retry to bind service
05-20 16:39:27.322 V/MyServiceConnection( 7343): [SConnection] sandbox service is NOT installed.
05-20 16:39:27.322 V/MyServiceConnection( 7343): [SConnection] binding service: pekall.intent.action.SANDBOX_SERVICE
05-20 16:39:27.346 V/MyServiceConnection( 7343): [SConnection] retry to bind service
05-20 16:39:27.346 V/MyServiceConnection( 7343): [SConnection] sandbox service is NOT installed.
05-20 16:39:27.346 V/MyServiceConnection( 7343): [SConnection] binding service: pekall.intent.action.SANDBOX_SERVICE
05-20 16:39:27.361 V/l       ( 7343): Bind requested for task setLogging
05-20 16:39:27.369 D/ExchangeService( 6748): !!! EAS ExchangeService, onCreate
05-20 16:39:27.377 W/Parcel  ( 1661): Attempt to read object from Parcel 0x6013bdac at offset 200 that is not in the object list
05-20 16:39:27.377 D/ExchangeService( 6748): !!! EAS ExchangeService, onStartCommand, startingUp = false, running = false
05-20 16:39:27.377 D/ExchangeService( 6748): to start secureStorageService now
05-20 16:39:27.408 V/a       ( 6748): Bind requested for task test
05-20 16:39:27.416 D/dalvikvm( 7343): GC_CONCURRENT freed 281K, 4% free 9600K/9920K, paused 3ms+8ms, total 33ms
05-20 16:39:27.416 V/a       ( 6748): Connected: com.pekall.semail.service.AccountServiceInternal
05-20 16:39:27.424 D/ExchangeService( 6748): Reconciling accounts...
05-20 16:39:27.424 D/dalvikvm( 7343): WAIT_FOR_CONCURRENT_GC blocked 21ms
05-20 16:39:27.431 V/a       ( 6748): Connection test succeeded in 20ms
05-20 16:39:27.431 V/a       ( 6748): Task test completed; disconnecting
05-20 16:39:27.439 W/DocumentManager( 7343): Sandbox service is not connected.
05-20 16:39:27.439 D/MessageControllerImpl( 7343): controller is null
05-20 16:39:27.439 V/MyServiceConnection( 7343): [SConnection] retry to bind service
05-20 16:39:27.439 V/MyServiceConnection( 7343): [SConnection] sandbox service is NOT installed.
05-20 16:39:27.439 V/MyServiceConnection( 7343): [SConnection] binding service: pekall.intent.action.SANDBOX_SERVICE
05-20 16:39:27.439 W/SQLiteOpenHelper( 7343): Opened /data/data/com.pekall.emdm.launcher/databases/message.db
05-20 16:39:27.447 W/dalvikvm( 7343): No implementation found for native Lcom/pekall/sandbox/database/sqlite/SQLiteDatabase;.native_setSqliteSoftHeapLimit:(I)V
05-20 16:39:27.447 D/AndroidRuntime( 7343): Shutting down VM
05-20 16:39:27.447 W/dalvikvm( 7343): threadid=1: thread exiting with uncaught exception (group=0x419c8700)
05-20 16:39:27.447 D/        ( 7343): [---null: -1---]  Thread is main
05-20 16:39:27.447 W/System.err( 7343): java.lang.UnsatisfiedLinkError: Native method not found: com.pekall.sandbox.database.sqlite.SQLiteDatabase.native_setSqliteSoftHeapLimit:(I)V
05-20 16:39:27.447 W/System.err( 7343): 	at com.pekall.sandbox.database.sqlite.SQLiteDatabase.native_setSqliteSoftHeapLimit(Native Method)
05-20 16:39:27.455 W/System.err( 7343): 	at com.pekall.sandbox.database.sqlite.SQLiteDatabase.<init>(Unknown Source)
05-20 16:39:27.455 W/System.err( 7343): 	at com.pekall.sandbox.database.sqlite.SQLiteDatabase.openDatabase(Unknown Source)
05-20 16:39:27.455 W/System.err( 7343): 	at com.pekall.sandbox.database.sqlite.SQLiteDatabase.openDatabase(Unknown Source)
05-20 16:39:27.455 W/System.err( 7343): 	at com.pekall.sandbox.database.sqlite.SQLiteDatabase.openDatabase(Unknown Source)
05-20 16:39:27.455 W/System.err( 7343): 	at com.pekall.sandbox.database.sqlite.SQLiteOpenHelper.getWritableDatabase(Unknown Source)
05-20 16:39:27.455 W/System.err( 7343): 	at com.pekall.emdm.messagecenter.db.a.a(Unknown Source)
05-20 16:39:27.455 W/System.err( 7343): 	at com.pekall.emdm.messagecenter.db.a.b(Unknown Source)
05-20 16:39:27.455 W/System.err( 7343): 	at com.pekall.emdm.messagecenter.activity.a.onCreate(Unknown Source)
05-20 16:39:27.455 W/System.err( 7343): 	at com.pekall.emdm.launcher.LauncherApplication.onCreate(Unknown Source)
05-20 16:39:27.455 W/System.err( 7343): 	at android.app.Instrumentation.callApplicationOnCreate(Instrumentation.java:1007)
05-20 16:39:27.455 W/System.err( 7343): 	at android.app.ActivityThread.handleBindApplication(ActivityThread.java:4444)
05-20 16:39:27.455 W/System.err( 7343): 	at android.app.ActivityThread.access$1300(ActivityThread.java:141)
05-20 16:39:27.455 W/System.err( 7343): 	at android.app.ActivityThread$H.handleMessage(ActivityThread.java:1316)
05-20 16:39:27.455 W/System.err( 7343): 	at android.os.Handler.dispatchMessage(Handler.java:99)
05-20 16:39:27.455 W/System.err( 7343): 	at android.os.Looper.loop(Looper.java:137)
05-20 16:39:27.455 W/System.err( 7343): 	at android.app.ActivityThread.main(ActivityThread.java:5103)
05-20 16:39:27.455 W/System.err( 7343): 	at java.lang.reflect.Method.invokeNative(Native Method)
05-20 16:39:27.463 W/System.err( 7343): 	at java.lang.reflect.Method.invoke(Method.java:525)
05-20 16:39:27.463 W/System.err( 7343): 	at com.android.internal.os.ZygoteInit$MethodAndArgsCaller.run(ZygoteInit.java:737)
05-20 16:39:27.463 W/System.err( 7343): 	at com.android.internal.os.ZygoteInit.main(ZygoteInit.java:553)
05-20 16:39:27.463 W/System.err( 7343): 	at dalvik.system.NativeStart.main(Native Method)
05-20 16:39:27.619 V/a       ( 6748): Bind requested for task reconcileAccounts
05-20 16:39:27.713 D/ActivityThread( 7343): Loading provider com.pekall.semail.provider;com.pekall.semail.notifier: com.pekall.semail.provider.EmailProvider
05-20 16:39:27.791 V/a       ( 6748): Connected: com.pekall.semail.service.AccountServiceInternal
05-20 16:39:27.791 V/a       ( 6748): Waiting for task reconcileAccounts to complete...
05-20 16:39:27.791 D/ActivityThread( 7343): Loading provider com.pekall.semail.provider;com.pekall.semail.notifier: com.pekall.semail.provider.EmailProvider
05-20 16:39:27.814 V/a       ( 6748): Task reconcileAccounts completed; disconnecting
05-20 16:39:27.846 V/a       ( 6748): Wait for reconcileAccounts finished in 36ms
05-20 16:39:28.088 D/dalvikvm( 7326): GC_CONCURRENT freed 300K, 70% free 727K/2376K, paused 0ms+1ms, total 5ms
05-20 16:39:28.236 D/ExchangeService( 6748): !!! EAS ExchangeService, stopping self
05-20 16:39:28.244 D/dalvikvm( 7326): GC_CONCURRENT freed 411K, 70% free 728K/2376K, paused 0ms+0ms, total 5ms
05-20 16:39:28.431 W/Parcel  ( 1661): Attempt to read object from Parcel 0x5ef3bdac at offset 200 that is not in the object list
05-20 16:39:28.502 D/dalvikvm( 7326): GC_CONCURRENT freed 368K, 68% free 765K/2376K, paused 0ms+0ms, total 4ms
05-20 16:39:28.635 D/dalvikvm( 7326): GC_CONCURRENT freed 466K, 69% free 751K/2376K, paused 0ms+0ms, total 6ms
05-20 16:39:28.783 D/dalvikvm( 7326): GC_CONCURRENT freed 389K, 69% free 746K/2376K, paused 1ms+0ms, total 6ms
05-20 16:39:28.822 D/dalvikvm( 7343): GC_CONCURRENT freed 494K, 6% free 9492K/10028K, paused 3ms+12ms, total 43ms
05-20 16:39:28.924 D/dalvikvm( 7326): GC_CONCURRENT freed 367K, 68% free 763K/2376K, paused 1ms+0ms, total 5ms
05-20 16:39:28.963 W/MountService(  374): getVolumeState(/storage/emulated/0/external_sd): Unknown volume
05-20 16:39:28.978 W/MountService(  374): getVolumeState(/mnt/sdcard-ext): Unknown volume
05-20 16:39:29.049 D/dalvikvm( 7326): GC_CONCURRENT freed 467K, 69% free 750K/2376K, paused 1ms+0ms, total 6ms
05-20 16:39:29.127 W/MountService(  374): getVolumeState(/mnt/ext_sdcard): Unknown volume
05-20 16:39:29.127 W/MountService(  374): getVolumeState(/mnt/sdcard2): Unknown volume
05-20 16:39:29.228 D/dalvikvm( 7326): GC_CONCURRENT freed 389K, 69% free 745K/2376K, paused 2ms+0ms, total 6ms
05-20 16:39:29.260 W/MountService(  374): getVolumeState(/mnt/emmc): Unknown volume
05-20 16:39:29.306 W/MountService(  374): getVolumeState(/mnt/extSdCard): Unknown volume
05-20 16:39:29.416 W/MountService(  374): getVolumeState(/mnt/sdcard/SD_CARD): Unknown volume
05-20 16:39:29.541 W/MountService(  374): getVolumeState(/mnt/sdcard/extra_sd): Unknown volume
05-20 16:39:29.549 D/dalvikvm( 7326): GC_CONCURRENT freed 367K, 68% free 761K/2376K, paused 1ms+0ms, total 6ms
05-20 16:39:29.556 W/MountService(  374): getVolumeState(/mnt/extrasd_bind): Unknown volume
05-20 16:39:29.564 W/MountService(  374): getVolumeState(/mnt/sdcard/ext_sd): Unknown volume
05-20 16:39:29.596 W/MountService(  374): getVolumeState(/storage/extSdCard): Unknown volume
05-20 16:39:29.611 W/MountService(  374): getVolumeState(/storage/sdcard1): Unknown volume
05-20 16:39:29.619 W/MountService(  374): getVolumeState(/mnt/sdcard/external_SD): Unknown volume
05-20 16:39:29.728 W/MountService(  374): getVolumeState(/mnt/sdcard/external_sd): Unknown volume
05-20 16:39:30.228 D/dalvikvm( 7326): GC_CONCURRENT freed 489K, 72% free 670K/2376K, paused 0ms+0ms, total 5ms
05-20 16:39:30.463 D/dalvikvm( 7326): GC_CONCURRENT freed 314K, 69% free 740K/2376K, paused 1ms+0ms, total 5ms
05-20 16:39:30.549 W/EmailProvider( 7343): restoreIfNeeded...
05-20 16:39:30.549 D/EmailProvider( 7343): restoreAccounts...
05-20 16:39:30.580 D/dalvikvm( 7326): GC_CONCURRENT freed 415K, 69% free 757K/2376K, paused 1ms+2ms, total 7ms
05-20 16:39:30.713 D/dalvikvm( 7326): GC_CONCURRENT freed 412K, 69% free 755K/2376K, paused 2ms+1ms, total 6ms
05-20 16:39:30.877 D/dalvikvm( 7326): GC_CONCURRENT freed 463K, 69% free 757K/2376K, paused 0ms+2ms, total 7ms
05-20 16:39:30.971 D/dalvikvm( 1661): GC_EXPLICIT freed 95K, 18% free 13088K/15888K, paused 1ms+3ms, total 107ms
05-20 16:39:31.033 D/dalvikvm(  448): GC_CONCURRENT freed 2192K, 18% free 13433K/16308K, paused 2ms+18ms, total 91ms
05-20 16:39:31.041 D/dalvikvm( 7326): GC_CONCURRENT freed 416K, 70% free 732K/2376K, paused 0ms+1ms, total 5ms
05-20 16:39:31.135 D/dalvikvm( 1468): GC_CONCURRENT freed 522K, 20% free 9710K/12104K, paused 2ms+1137ms, total 1809ms
05-20 16:39:31.181 D/dalvikvm( 1468): WAIT_FOR_CONCURRENT_GC blocked 1302ms
05-20 16:39:31.205 D/dalvikvm( 7326): GC_CONCURRENT freed 370K, 69% free 745K/2376K, paused 1ms+1ms, total 6ms
05-20 16:39:31.338 D/dalvikvm( 7326): GC_CONCURRENT freed 366K, 68% free 762K/2376K, paused 2ms+1ms, total 6ms
05-20 16:39:31.471 D/dalvikvm( 7326): GC_CONCURRENT freed 466K, 69% free 751K/2376K, paused 0ms+0ms, total 11ms
05-20 16:39:31.635 D/dalvikvm( 7326): GC_CONCURRENT freed 389K, 69% free 746K/2376K, paused 2ms+1ms, total 6ms
05-20 16:39:31.775 D/dalvikvm( 7326): GC_CONCURRENT freed 366K, 68% free 763K/2376K, paused 2ms+0ms, total 6ms
05-20 16:39:31.900 D/EmailProvider( 7343): No accounts to restore...
05-20 16:39:31.908 D/dalvikvm( 7326): GC_CONCURRENT freed 466K, 69% free 751K/2376K, paused 0ms+0ms, total 6ms
05-20 16:39:32.025 D/EmailProvider( 7343): Deleting orphans...
05-20 16:39:32.072 D/dalvikvm( 7326): GC_CONCURRENT freed 389K, 69% free 746K/2376K, paused 2ms+1ms, total 6ms
05-20 16:39:32.205 D/dalvikvm( 7326): GC_CONCURRENT freed 366K, 68% free 764K/2376K, paused 2ms+0ms, total 7ms
05-20 16:39:32.377 D/dalvikvm( 7326): GC_CONCURRENT freed 467K, 69% free 749K/2376K, paused 1ms+0ms, total 6ms
05-20 16:39:32.666 D/dalvikvm( 7326): GC_CONCURRENT freed 388K, 69% free 745K/2376K, paused 2ms+0ms, total 7ms
05-20 16:39:32.822 D/dalvikvm( 7326): GC_CONCURRENT freed 366K, 68% free 763K/2376K, paused 1ms+0ms, total 5ms
05-20 16:39:32.978 D/dalvikvm( 7326): GC_CONCURRENT freed 467K, 69% free 749K/2376K, paused 2ms+1ms, total 6ms
05-20 16:39:33.142 D/dalvikvm( 7326): GC_CONCURRENT freed 388K, 69% free 745K/2376K, paused 1ms+0ms, total 6ms
05-20 16:39:33.283 D/dalvikvm( 7326): GC_CONCURRENT freed 366K, 68% free 762K/2376K, paused 2ms+1ms, total 6ms
05-20 16:39:33.431 D/dalvikvm( 7326): GC_CONCURRENT freed 467K, 69% free 749K/2376K, paused 2ms+0ms, total 6ms
05-20 16:39:33.517 D/EmailProvider( 7343): EmailProvider pre-caching...
05-20 16:39:33.635 D/dalvikvm( 7326): GC_CONCURRENT freed 388K, 69% free 745K/2376K, paused 1ms+0ms, total 5ms
05-20 16:39:34.447 D/dalvikvm( 7326): GC_CONCURRENT freed 366K, 68% free 763K/2376K, paused 2ms+1ms, total 6ms
05-20 16:39:34.580 D/dalvikvm( 7326): GC_CONCURRENT freed 467K, 69% free 749K/2376K, paused 1ms+0ms, total 6ms
05-20 16:39:34.736 D/dalvikvm( 7326): GC_CONCURRENT freed 388K, 69% free 745K/2376K, paused 2ms+1ms, total 6ms
05-20 16:39:34.869 D/dalvikvm( 7326): GC_CONCURRENT freed 366K, 68% free 763K/2376K, paused 1ms+0ms, total 5ms
05-20 16:39:34.994 D/dalvikvm( 7326): GC_CONCURRENT freed 467K, 69% free 749K/2376K, paused 2ms+1ms, total 7ms
05-20 16:39:35.142 D/dalvikvm( 7326): GC_CONCURRENT freed 388K, 69% free 745K/2376K, paused 1ms+0ms, total 5ms
05-20 16:39:35.572 D/dalvikvm( 7326): GC_CONCURRENT freed 366K, 68% free 762K/2376K, paused 1ms+1ms, total 6ms
05-20 16:39:35.580 W/MountService(  374): getVolumeState(/storage/emulated/0/external_sd): Unknown volume
05-20 16:39:35.728 W/MountService(  374): getVolumeState(/mnt/sdcard-ext): Unknown volume
05-20 16:39:35.783 W/MountService(  374): getVolumeState(/mnt/ext_sdcard): Unknown volume
05-20 16:39:35.963 W/MountService(  374): getVolumeState(/mnt/sdcard2): Unknown volume
05-20 16:39:36.025 D/dalvikvm( 7326): GC_CONCURRENT freed 484K, 73% free 662K/2376K, paused 1ms+1ms, total 6ms
05-20 16:39:36.291 D/dalvikvm( 7326): GC_CONCURRENT freed 295K, 69% free 753K/2376K, paused 2ms+0ms, total 7ms
05-20 16:39:36.455 D/dalvikvm( 1468): GC_CONCURRENT freed 469K, 20% free 9752K/12104K, paused 109ms+3ms, total 1250ms
05-20 16:39:36.455 D/dalvikvm( 1468): WAIT_FOR_CONCURRENT_GC blocked 497ms
05-20 16:39:36.455 D/dalvikvm( 1468): WAIT_FOR_CONCURRENT_GC blocked 529ms
05-20 16:39:36.533 W/MountService(  374): getVolumeState(/mnt/emmc): Unknown volume
05-20 16:39:36.549 W/MountService(  374): getVolumeState(/mnt/extSdCard): Unknown volume
05-20 16:39:36.549 W/MountService(  374): getVolumeState(/mnt/sdcard/SD_CARD): Unknown volume
05-20 16:39:36.564 W/MountService(  374): getVolumeState(/mnt/sdcard/extra_sd): Unknown volume
05-20 16:39:36.580 D/dalvikvm( 7326): GC_CONCURRENT freed 391K, 69% free 745K/2376K, paused 2ms+1ms, total 6ms
05-20 16:39:36.666 W/MountService(  374): getVolumeState(/mnt/extrasd_bind): Unknown volume
05-20 16:39:36.697 W/MountService(  374): getVolumeState(/mnt/sdcard/ext_sd): Unknown volume
05-20 16:39:36.728 W/MountService(  374): getVolumeState(/storage/extSdCard): Unknown volume
05-20 16:39:36.760 W/MountService(  374): getVolumeState(/storage/sdcard1): Unknown volume
05-20 16:39:36.760 W/MountService(  374): getVolumeState(/mnt/sdcard/external_SD): Unknown volume
05-20 16:39:36.783 W/MountService(  374): getVolumeState(/mnt/sdcard/external_sd): Unknown volume
05-20 16:39:36.799 D/EmailProvider( 7343): EmailProvider ready.
05-20 16:39:36.838 D/dalvikvm( 7326): GC_CONCURRENT freed 367K, 68% free 765K/2376K, paused 0ms+0ms, total 5ms
05-20 16:39:37.236 W/ActivityManager(  374): Unable to start service Intent { cmp=com.pekall.emdm.launcher/com.pekall.semail.service.AttachmentDownloadService } U=0: not found
