05-20 16:38:42.385 I/PowerManagerService(  374): Going to sleep due to screen timeout...
05-20 16:38:53.517 W/BroadcastQueue(  374): Timeout of broadcast BroadcastRecord{433e09f0 u-1 android.intent.action.SCREEN_OFF} - receiver=android.os.BinderProxy@426935c0, started 10000ms ago
05-20 16:38:53.517 W/BroadcastQueue(  374): Receiver during timeout: BroadcastFilter{427ebbb8 u0 ReceiverList{42840700 7222 com.pekall.emdm.launcher:remote/10066/u0 remote:426935c0}}
05-20 16:38:58.213 E/ActivityManager(  374): ANR in com.pekall.emdm.launcher:remote
05-20 16:38:58.213 E/ActivityManager(  374): Reason: Broadcast of Intent { act=android.intent.action.SCREEN_OFF flg=0x50000010 }
05-20 16:38:58.213 E/ActivityManager(  374): Load: 3.72 / 2.93 / 2.42
05-20 16:38:58.213 E/ActivityManager(  374): CPU usage from 5465ms to 0ms ago:
05-20 16:38:58.213 E/ActivityManager(  374):   94% 6748/com.pekall.emdm.launcher: 94% user + 0.1% kernel
05-20 16:38:58.213 E/ActivityManager(  374):   89% 7222/com.pekall.emdm.launcher:remote: 89% user + 0% kernel
05-20 16:38:58.213 E/ActivityManager(  374):   1.8% 3634/kworker/1:0: 0% user + 1.8% kernel
05-20 16:38:58.213 E/ActivityManager(  374):   1.6% 135/adbd: 0.3% user + 1.2% kernel / faults: 17 minor
05-20 16:38:58.213 E/ActivityManager(  374):   0.7% 5237/kworker/0:0: 0% user + 0.7% kernel
05-20 16:38:58.213 E/ActivityManager(  374):   0.5% 374/system_server: 0% user + 0.5% kernel / faults: 12 minor
05-20 16:38:58.213 E/ActivityManager(  374):   0.1% 2267/com.tencent.android.qqdownloader: 0.1% user + 0% kernel / faults: 7 minor
05-20 16:38:58.213 E/ActivityManager(  374):   0.1% 6497/com.qihoo.appstore: 0% user + 0.1% kernel / faults: 1 minor
05-20 16:38:58.213 E/ActivityManager(  374):  +0% 7267/logcat: 0% user + 0% kernel
05-20 16:38:58.213 E/ActivityManager(  374): 100% TOTAL: 96% user + 3.5% kernel
05-20 16:38:58.213 E/ActivityManager(  374): CPU usage from 3905ms to 4444ms later:
05-20 16:38:58.213 E/ActivityManager(  374):   100% 7222/com.pekall.emdm.launcher:remote: 100% user + 0% kernel
05-20 16:38:58.213 E/ActivityManager(  374):     100% 7235/Thread-1857: 100% user + 0% kernel
05-20 16:38:58.213 E/ActivityManager(  374):   92% 6748/com.pekall.emdm.launcher: 92% user + 0% kernel
05-20 16:38:58.213 E/ActivityManager(  374):     96% 6761/Thread-1830: 96% user + 0% kernel
05-20 16:38:58.213 E/ActivityManager(  374):   7.2% 374/system_server: 1.8% user + 5.4% kernel
05-20 16:38:58.213 E/ActivityManager(  374):     7.2% 390/ActivityManager: 1.8% user + 5.4% kernel
05-20 16:38:58.213 E/ActivityManager(  374): 100% TOTAL: 97% user + 2.8% kernel
05-20 16:38:58.221 W/ActivityManager(  374): Killing ProcessRecord{425419c0 7222:com.pekall.emdm.launcher:remote/u0a10066}: background ANR
05-20 16:38:58.221 W/ActivityManager(  374): Timeout executing service: ServiceRecord{42f34e08 u0 com.pekall.emdm.launcher/com.baidu.location.f}
05-20 16:38:58.221 I/ActivityManager(  374): Skipping duplicate ANR: ProcessRecord{425419c0 7222:com.pekall.emdm.launcher:remote/u0a10066} Executing service com.pekall.emdm.launcher/com.baidu.location.f
05-20 16:38:58.244 I/ActivityManager(  374): Process com.pekall.emdm.launcher:remote (pid 7222) has died.
05-20 16:38:58.244 W/ActivityManager(  374): Scheduling restart of crashed service com.pekall.emdm.launcher/com.baidu.location.f in 80000ms
05-20 16:39:05.299 I/PowerManagerService(  374): Waking up from sleep...
05-20 16:39:05.299 I/WindowManager(  374): No lock screen!
05-20 16:39:13.439 I/ActivityManager(  374): START u0 {flg=0x8000 cmp=com.pekall.emdm.launcher/.Launcher} from pid 6748
05-20 16:39:16.025 W/ActivityManager(  374): Unable to start service Intent { cmp=com.pekall.emdm.launcher/com.pekall.semail.service.AttachmentDownloadService } U=0: not found
05-20 16:39:16.431 W/ActivityManager(  374): Unable to start service Intent { act=pekall.intent.action.DOWNLOAD_APP (has extras) } U=0: not found
05-20 16:39:17.002 I/ActivityManager(  374): START u0 {act=android.intent.action.MAIN cat=[android.intent.category.HOME] flg=0x10200000 cmp=com.pekall.emdm.launcher/.Launcher} from pid 374
05-20 16:39:17.119 D/PhoneStatusBar(  448): disable: < expand icons alerts ticker system_info BACK* HOME* recent CLOCK* search >
05-20 16:39:17.142 D/PhoneStatusBar(  448): disable: < expand icons alerts ticker system_info back* home* recent clock* search >
05-20 16:39:17.885 W/InputMethodManagerService(  374): Window already focused, ignoring focus gain of: com.android.internal.view.IInputMethodClient$Stub$Proxy@426f6e48 attribute=null, token = android.os.BinderProxy@428ca390
05-20 16:39:22.455 V/PanelView(  448): animationTick called with dtms=0; nothing to do (h=0.0 v=4000.0)
05-20 16:39:22.471 V/PanelView(  448): animationTick called with dtms=0; nothing to do (h=0.0 v=4000.0)
05-20 16:39:27.166 I/ActivityManager(  374): Start proc com.pekall.emdm.launcher:remote for service com.pekall.emdm.launcher/com.baidu.location.f: pid=7343 uid=10066 gids={50066, 1015, 3002, 3001, 3003, 1028}
05-20 16:39:27.713 D/ActivityThread( 7343): Loading provider com.pekall.semail.provider;com.pekall.semail.notifier: com.pekall.semail.provider.EmailProvider
05-20 16:39:27.791 D/ActivityThread( 7343): Loading provider com.pekall.semail.provider;com.pekall.semail.notifier: com.pekall.semail.provider.EmailProvider
05-20 16:39:28.963 W/MountService(  374): getVolumeState(/storage/emulated/0/external_sd): Unknown volume
05-20 16:39:28.978 W/MountService(  374): getVolumeState(/mnt/sdcard-ext): Unknown volume
05-20 16:39:29.127 W/MountService(  374): getVolumeState(/mnt/ext_sdcard): Unknown volume
05-20 16:39:29.127 W/MountService(  374): getVolumeState(/mnt/sdcard2): Unknown volume
05-20 16:39:29.260 W/MountService(  374): getVolumeState(/mnt/emmc): Unknown volume
05-20 16:39:29.306 W/MountService(  374): getVolumeState(/mnt/extSdCard): Unknown volume
05-20 16:39:29.416 W/MountService(  374): getVolumeState(/mnt/sdcard/SD_CARD): Unknown volume
05-20 16:39:29.541 W/MountService(  374): getVolumeState(/mnt/sdcard/extra_sd): Unknown volume
05-20 16:39:29.556 W/MountService(  374): getVolumeState(/mnt/extrasd_bind): Unknown volume
05-20 16:39:29.564 W/MountService(  374): getVolumeState(/mnt/sdcard/ext_sd): Unknown volume
05-20 16:39:29.596 W/MountService(  374): getVolumeState(/storage/extSdCard): Unknown volume
05-20 16:39:29.611 W/MountService(  374): getVolumeState(/storage/sdcard1): Unknown volume
05-20 16:39:29.619 W/MountService(  374): getVolumeState(/mnt/sdcard/external_SD): Unknown volume
05-20 16:39:29.728 W/MountService(  374): getVolumeState(/mnt/sdcard/external_sd): Unknown volume
05-20 16:39:35.580 W/MountService(  374): getVolumeState(/storage/emulated/0/external_sd): Unknown volume
05-20 16:39:35.728 W/MountService(  374): getVolumeState(/mnt/sdcard-ext): Unknown volume
05-20 16:39:35.783 W/MountService(  374): getVolumeState(/mnt/ext_sdcard): Unknown volume
05-20 16:39:35.963 W/MountService(  374): getVolumeState(/mnt/sdcard2): Unknown volume
05-20 16:39:36.533 W/MountService(  374): getVolumeState(/mnt/emmc): Unknown volume
05-20 16:39:36.549 W/MountService(  374): getVolumeState(/mnt/extSdCard): Unknown volume
05-20 16:39:36.549 W/MountService(  374): getVolumeState(/mnt/sdcard/SD_CARD): Unknown volume
05-20 16:39:36.564 W/MountService(  374): getVolumeState(/mnt/sdcard/extra_sd): Unknown volume
05-20 16:39:36.666 W/MountService(  374): getVolumeState(/mnt/extrasd_bind): Unknown volume
05-20 16:39:36.697 W/MountService(  374): getVolumeState(/mnt/sdcard/ext_sd): Unknown volume
05-20 16:39:36.728 W/MountService(  374): getVolumeState(/storage/extSdCard): Unknown volume
05-20 16:39:36.760 W/MountService(  374): getVolumeState(/storage/sdcard1): Unknown volume
05-20 16:39:36.760 W/MountService(  374): getVolumeState(/mnt/sdcard/external_SD): Unknown volume
05-20 16:39:36.783 W/MountService(  374): getVolumeState(/mnt/sdcard/external_sd): Unknown volume
05-20 16:39:37.236 W/ActivityManager(  374): Unable to start service Intent { cmp=com.pekall.emdm.launcher/com.pekall.semail.service.AttachmentDownloadService } U=0: not found
05-20 16:39:47.002 I/PowerManagerService(  374): Going to sleep due to screen timeout...
05-20 16:39:47.049 I/PowerManagerService(  374): Waking up from sleep...
05-20 16:39:47.205 W/ActivityManager(  374): Timeout executing service: ServiceRecord{42f34e08 u0 com.pekall.emdm.launcher/com.baidu.location.f}
05-20 16:39:47.314 W/InputMethodManagerService(  374): Window already focused, ignoring focus gain of: com.android.internal.view.IInputMethodClient$Stub$Proxy@429b0878 attribute=android.view.inputmethod.EditorInfo@429d4830, token = android.os.BinderProxy@428ca390
05-20 16:39:49.775 W/WindowManager(  374): Window freeze timeout expired.
05-20 16:39:49.775 W/WindowManager(  374): Force clearing orientation change: Window{428ae890 u0 StatusBar}
05-20 16:39:49.775 W/WindowManager(  374): Force clearing orientation change: Window{427d6a18 u0 com.dragon.android.pandaspace}
05-20 16:39:50.314 V/PanelView(  448): animationTick called with dtms=0; nothing to do (h=0.0 v=4000.0)
05-20 16:39:51.517 E/ActivityManager(  374): ANR in com.pekall.emdm.launcher:remote
05-20 16:39:51.517 E/ActivityManager(  374): Reason: Executing service com.pekall.emdm.launcher/com.baidu.location.f
05-20 16:39:51.517 E/ActivityManager(  374): Load: 5.27 / 3.38 / 2.6
05-20 16:39:51.517 E/ActivityManager(  374): CPU usage from 25098ms to 88ms ago:
05-20 16:39:51.517 E/ActivityManager(  374):   76% 6748/com.pekall.emdm.launcher: 75% user + 0.9% kernel / faults: 4954 minor
05-20 16:39:51.517 E/ActivityManager(  374):   33% 448/com.android.systemui: 32% user + 0.9% kernel / faults: 2322 minor 1 major
05-20 16:39:51.517 E/ActivityManager(  374):   14% 7326/uiautomator: 12% user + 1.5% kernel / faults: 5839 minor
05-20 16:39:51.517 E/ActivityManager(  374):   5% 374/system_server: 2.9% user + 2.1% kernel / faults: 491 minor
05-20 16:39:51.517 E/ActivityManager(  374):   1.1% 1661/com.qihoo360.mobilesafe:GuardService: 0.8% user + 0.2% kernel / faults: 226 minor
05-20 16:39:51.517 E/ActivityManager(  374):   0.9% 135/adbd: 0.1% user + 0.8% kernel
05-20 16:39:51.517 E/ActivityManager(  374):   0.4% 1468/com.qihoo.daemon: 0.3% user + 0.1% kernel / faults: 1165 minor
05-20 16:39:51.517 E/ActivityManager(  374):   0.6% 124/surfaceflinger: 0.2% user + 0.3% kernel / faults: 5075 minor
05-20 16:39:51.517 E/ActivityManager(  374):   0.2% 5237/kworker/0:0: 0% user + 0.2% kernel
05-20 16:39:51.517 E/ActivityManager(  374):   0.2% 6497/com.qihoo.appstore: 0.2% user + 0% kernel / faults: 107 minor
05-20 16:39:51.517 E/ActivityManager(  374):   0.2% 7267/logcat: 0.1% user + 0.1% kernel
05-20 16:39:51.517 E/ActivityManager(  374):   0.1% 82/mmcqd/0: 0% user + 0.1% kernel
05-20 16:39:51.517 E/ActivityManager(  374):   0.1% 2462/com.dragon.android.pandaspace: 0.1% user + 0% kernel / faults: 115 minor
05-20 16:39:51.517 E/ActivityManager(  374):   0.1% 114/jbd2/mmcblk0p12: 0% user + 0.1% kernel
05-20 16:39:51.517 E/ActivityManager(  374):   0% 116/servicemanager: 0% user + 0% kernel
05-20 16:39:51.517 E/ActivityManager(  374):   0% 1615/logcat: 0% user + 0% kernel
05-20 16:39:51.517 E/ActivityManager(  374):   0.1% 5545/kworker/u:1: 0% user + 0.1% kernel
05-20 16:39:51.517 E/ActivityManager(  374):   0% 24/kswapd0: 0% user + 0% kernel
05-20 16:39:51.517 E/ActivityManager(  374):   0% 92/dhd_dpc: 0% user + 0% kernel
05-20 16:39:51.517 E/ActivityManager(  374):   0% 2771/android.process.media: 0% user + 0% kernel / faults: 57 minor
05-20 16:39:51.517 E/ActivityManager(  374):   0% 22/cfinteractive: 0% user + 0% kernel
05-20 16:39:51.517 E/ActivityManager(  374):   0% 95/ueventd: 0% user + 0% kernel
05-20 16:39:51.517 E/ActivityManager(  374):   0% 117/vold: 0% user + 0% kernel
05-20 16:39:51.517 E/ActivityManager(  374):   0% 121/netd: 0% user + 0% kernel
05-20 16:39:51.517 E/ActivityManager(  374):   0% 125/zygote: 0% user + 0% kernel / faults: 99 minor
05-20 16:39:51.517 E/ActivityManager(  374):   0% 133/sdcard: 0% user + 0% kernel
05-20 16:39:51.517 E/ActivityManager(  374):   0% 442/wpa_supplicant: 0% user + 0% kernel / faults: 38 minor
05-20 16:39:51.517 E/ActivityManager(  374):   0% 561/com.android.phone: 0% user + 0% kernel / faults: 30 minor
05-20 16:39:51.517 E/ActivityManager(  374):   0% 568/com.android.nfc: 0% user + 0% kernel / faults: 27 minor
05-20 16:39:51.517 E/ActivityManager(  374):   0% 3634/kworker/1:0: 0% user + 0% kernel
05-20 16:39:51.517 E/ActivityManager(  374):   0% 4648/logcat: 0% user + 0% kernel
05-20 16:39:51.517 E/ActivityManager(  374):   0% 6216/kworker/u:2: 0% user + 0% kernel
05-20 16:39:51.517 E/ActivityManager(  374):   0% 6726/kworker/u:5: 0% user + 0% kernel
05-20 16:39:51.517 E/ActivityManager(  374):   0% 7103/com.google.android.apps.maps:GoogleLocationService: 0% user + 0% kernel / faults: 54 minor
05-20 16:39:51.517 E/ActivityManager(  374):  +0% 7343/com.pekall.emdm.launcher:remote: 0% user + 0% kernel
05-20 16:39:51.517 E/ActivityManager(  374): 96% TOTAL: 91% user + 4.3% kernel + 0.2% iowait + 0% softirq
05-20 16:39:51.517 E/ActivityManager(  374): CPU usage from 3512ms to 4064ms later:
05-20 16:39:51.517 E/ActivityManager(  374):   88% 6748/com.pekall.emdm.launcher: 87% user + 1.8% kernel / faults: 184 minor
05-20 16:39:51.517 E/ActivityManager(  374):     81% 6761/Thread-1830: 81% user + 0% kernel
05-20 16:39:51.517 E/ActivityManager(  374):     7.4% 6748/l.emdm.launcher: 7.4% user + 0% kernel
05-20 16:39:51.517 E/ActivityManager(  374):   66% 7343/com.pekall.emdm.launcher:remote: 66% user + 0% kernel
05-20 16:39:51.517 E/ActivityManager(  374):     64% 7356/Thread-1860: 64% user + 0% kernel
05-20 16:39:51.517 E/ActivityManager(  374):   25% 448/com.android.systemui: 22% user + 3.7% kernel / faults: 40 minor
05-20 16:39:51.517 E/ActivityManager(  374):     25% 448/ndroid.systemui: 24% user + 1.8% kernel
05-20 16:39:51.517 E/ActivityManager(  374):     1.8% 457/Compiler: 1.8% user + 0% kernel
05-20 16:39:51.517 E/ActivityManager(  374):   7.2% 374/system_server: 1.8% user + 5.4% kernel / faults: 36 minor
05-20 16:39:51.517 E/ActivityManager(  374):     3.6% 390/ActivityManager: 1.8% user + 1.8% kernel
05-20 16:39:51.517 E/ActivityManager(  374):     1.8% 380/Compiler: 1.8% user + 0% kernel
05-20 16:39:51.517 E/ActivityManager(  374):     1.8% 631/Binder_A: 1.8% user + 0% kernel
05-20 16:39:51.517 E/ActivityManager(  374):     1.8% 3489/Binder_10: 1.8% user + 0% kernel
05-20 16:39:51.517 E/ActivityManager(  374):   7.4% 7326/uiautomator: 5.5% user + 1.8% kernel / faults: 59 minor
05-20 16:39:51.517 E/ActivityManager(  374):     1.8% 7326/uiautomator: 1.8% user + 0% kernel
05-20 16:39:51.517 E/ActivityManager(  374):     1.8% 7338/Binder_3: 1.8% user + 0% kernel
05-20 16:39:51.517 E/ActivityManager(  374):   3.6% 124/surfaceflinger: 1.8% user + 1.8% kernel / faults: 1840 minor
05-20 16:39:51.517 E/ActivityManager(  374):     1.8% 693/Binder_4: 0% user + 1.8% kernel
05-20 16:39:51.517 E/ActivityManager(  374):   0.7% 121/netd: 0% user + 0.7% kernel
05-20 16:39:51.517 E/ActivityManager(  374):   1.8% 135/adbd: 0% user + 1.8% kernel
05-20 16:39:51.517 E/ActivityManager(  374): 100% TOTAL: 93% user + 6.3% kernel
05-20 16:39:51.525 W/ActivityManager(  374): Killing ProcessRecord{427b2c48 7343:com.pekall.emdm.launcher:remote/u0a10066}: background ANR
05-20 16:39:51.541 I/ActivityManager(  374): Process com.pekall.emdm.launcher:remote (pid 7343) has died.
05-20 16:39:51.541 W/ActivityManager(  374): Scheduling restart of crashed service com.pekall.emdm.launcher/com.baidu.location.f in 5000ms
05-20 16:39:51.549 I/WindowManager(  374): No lock screen!
05-20 16:39:56.564 I/ActivityManager(  374): Start proc com.pekall.emdm.launcher:remote for service com.pekall.emdm.launcher/com.baidu.location.f: pid=7391 uid=10066 gids={50066, 1015, 3002, 3001, 3003, 1028}
05-20 16:39:56.744 D/ActivityThread( 7391): Loading provider com.pekall.semail.provider;com.pekall.semail.notifier: com.pekall.semail.provider.EmailProvider
05-20 16:39:56.744 D/ActivityThread( 7391): Loading provider com.pekall.semail.provider;com.pekall.semail.notifier: com.pekall.semail.provider.EmailProvider
05-20 16:39:58.174 W/ActivityManager(  374): Unable to start service Intent { cmp=com.pekall.emdm.launcher/com.pekall.semail.service.AttachmentDownloadService } U=0: not found
05-20 16:40:11.760 I/ActivityManager(  374): START u0 {act=android.intent.action.MAIN cat=[android.intent.category.HOME] flg=0x10200000 cmp=com.pekall.emdm.launcher/.Launcher} from pid 374
05-20 16:40:11.775 V/PanelView(  448): animationTick called with dtms=0; nothing to do (h=1184.0 v=-4000.0)
05-20 16:40:13.752 W/InputMethodManagerService(  374): Window already focused, ignoring focus gain of: com.android.internal.view.IInputMethodClient$Stub$Proxy@4283cbd0 attribute=null, token = android.os.BinderProxy@428ca390
05-20 16:40:14.002 W/DevicePolicyManagerService(  374): setPasswordExpiration(): password will expire on May 20, 2014 4:40:14 PM
05-20 16:40:16.572 W/ActivityManager(  374): Timeout executing service: ServiceRecord{42f34e08 u0 com.pekall.emdm.launcher/com.baidu.location.f}
05-20 16:40:18.799 V/PanelView(  448): animationTick called with dtms=0; nothing to do (h=0.0 v=4000.0)
05-20 16:40:19.736 E/ActivityManager(  374): ANR in com.pekall.emdm.launcher:remote
05-20 16:40:19.736 E/ActivityManager(  374): Reason: Executing service com.pekall.emdm.launcher/com.baidu.location.f
05-20 16:40:19.736 E/ActivityManager(  374): Load: 4.7 / 3.39 / 2.62
05-20 16:40:19.736 E/ActivityManager(  374): CPU usage from 11572ms to 0ms ago:
05-20 16:40:19.736 E/ActivityManager(  374):   91% 6748/com.pekall.emdm.launcher: 89% user + 2.2% kernel / faults: 8365 minor
05-20 16:40:19.736 E/ActivityManager(  374):   89% 7391/com.pekall.emdm.launcher:remote: 89% user + 0% kernel
05-20 16:40:19.736 E/ActivityManager(  374):   3.8% 448/com.android.systemui: 3.1% user + 0.6% kernel / faults: 309 minor
05-20 16:40:19.736 E/ActivityManager(  374):   3.5% 374/system_server: 1.8% user + 1.7% kernel / faults: 208 minor
05-20 16:40:19.736 E/ActivityManager(  374):   0.7% 1661/com.qihoo360.mobilesafe:GuardService: 0.4% user + 0.3% kernel / faults: 12 minor
05-20 16:40:19.736 E/ActivityManager(  374):   0.5% 124/surfaceflinger: 0.1% user + 0.3% kernel / faults: 108 minor
05-20 16:40:19.736 E/ActivityManager(  374):   0.2% 135/adbd: 0% user + 0.1% kernel / faults: 36 minor
05-20 16:40:19.736 E/ActivityManager(  374):   0.1% 5237/kworker/0:0: 0% user + 0.1% kernel
05-20 16:40:19.736 E/ActivityManager(  374):   0.1% 6497/com.qihoo.appstore: 0.1% user + 0% kernel / faults: 1 minor
05-20 16:40:19.736 E/ActivityManager(  374):   0.1% 7389/logcat: 0% user + 0% kernel
05-20 16:40:19.736 E/ActivityManager(  374):   0% 82/mmcqd/0: 0% user + 0% kernel
05-20 16:40:19.736 E/ActivityManager(  374):   0% 92/dhd_dpc: 0% user + 0% kernel
05-20 16:40:19.736 E/ActivityManager(  374):   0% 116/servicemanager: 0% user + 0% kernel
05-20 16:40:19.736 E/ActivityManager(  374):   0% 117/vold: 0% user + 0% kernel
05-20 16:40:19.736 E/ActivityManager(  374):   0% 121/netd: 0% user + 0% kernel
05-20 16:40:19.736 E/ActivityManager(  374):   0% 1468/com.qihoo.daemon: 0% user + 0% kernel / faults: 9 minor
05-20 16:40:19.736 E/ActivityManager(  374):   0% 2252/com.tencent.android.qqdownloader:connect: 0% user + 0% kernel / faults: 21 minor
05-20 16:40:19.736 E/ActivityManager(  374):   0% 4648/logcat: 0% user + 0% kernel
05-20 16:40:19.736 E/ActivityManager(  374):   0% 5545/kworker/u:1: 0% user + 0% kernel
05-20 16:40:19.736 E/ActivityManager(  374):   0% 6189/kworker/u:0: 0% user + 0% kernel
05-20 16:40:19.736 E/ActivityManager(  374):   0% 6726/kworker/u:5: 0% user + 0% kernel
05-20 16:40:19.736 E/ActivityManager(  374):   0% 7103/com.google.android.apps.maps:GoogleLocationService: 0% user + 0% kernel / faults: 6 minor
05-20 16:40:19.736 E/ActivityManager(  374):  +0% 7443/sh: 0% user + 0% kernel
05-20 16:40:19.736 E/ActivityManager(  374):  +0% 7445/app_process: 0% user + 0% kernel
05-20 16:40:19.736 E/ActivityManager(  374): 99% TOTAL: 95% user + 4% kernel
05-20 16:40:19.736 E/ActivityManager(  374): CPU usage from 2215ms to 2776ms later:
05-20 16:40:19.736 E/ActivityManager(  374):   75% 6748/com.pekall.emdm.launcher: 74% user + 1.7% kernel / faults: 36 minor
05-20 16:40:19.736 E/ActivityManager(  374):     65% 6761/Thread-1830: 65% user + 0% kernel
05-20 16:40:19.736 E/ActivityManager(  374):     8.6% 6748/l.emdm.launcher: 6.8% user + 1.7% kernel
05-20 16:40:19.736 E/ActivityManager(  374):   67% 7391/com.pekall.emdm.launcher:remote: 67% user + 0% kernel
05-20 16:40:19.736 E/ActivityManager(  374):     67% 7404/Thread-1863: 67% user + 0% kernel
05-20 16:40:19.736 E/ActivityManager(  374):   17% 448/com.android.systemui: 17% user + 0% kernel / faults: 119 minor
05-20 16:40:19.736 E/ActivityManager(  374):     17% 448/ndroid.systemui: 15% user + 1.7% kernel
05-20 16:40:19.736 E/ActivityManager(  374):     1.7% 463/Binder_1: 1.7% user + 0% kernel
05-20 16:40:19.736 E/ActivityManager(  374):   12% 7445/uiautomator: 8.7% user + 3.5% kernel / faults: 529 minor
05-20 16:40:19.736 E/ActivityManager(  374):     7% 7445/uiautomator: 5.2% user + 1.7% kernel
05-20 16:40:19.736 E/ActivityManager(  374):     5.2% 7452/Compiler: 3.5% user + 1.7% kernel
05-20 16:40:19.736 E/ActivityManager(  374):     1.7% 7453/Binder_1: 0% user + 1.7% kernel
05-20 16:40:19.736 E/ActivityManager(  374):     1.7% 7454/Binder_2: 1.7% user + 0% kernel
05-20 16:40:19.736 E/ActivityManager(  374):   10% 374/system_server: 5.3% user + 5.3% kernel / faults: 13 minor
05-20 16:40:19.736 E/ActivityManager(  374):     3.5% 390/ActivityManager: 0% user + 3.5% kernel
05-20 16:40:19.736 E/ActivityManager(  374):     1.7% 388/UI: 1.7% user + 0% kernel
05-20 16:40:19.736 E/ActivityManager(  374):   8.9% 124/surfaceflinger: 5.3% user + 3.5% kernel / faults: 2760 minor
05-20 16:40:19.736 E/ActivityManager(  374):     3.5% 693/Binder_4: 1.7% user + 1.7% kernel
05-20 16:40:19.736 E/ActivityManager(  374):     1.7% 805/Binder_5: 1.7% user + 0% kernel
05-20 16:40:19.736 E/ActivityManager(  374):   0.9% 135/adbd: 0% user + 0.9% kernel
05-20 16:40:19.736 E/ActivityManager(  374):     0.9% 135/adbd: 0% user + 0.9% kernel
05-20 16:40:19.736 E/ActivityManager(  374):   1.1% 1661/com.qihoo360.mobilesafe:GuardService: 1.1% user + 0% kernel / faults: 90 minor
05-20 16:40:19.736 E/ActivityManager(  374):     2.2% 1663/GC: 2.2% user + 0% kernel
05-20 16:40:19.736 E/ActivityManager(  374):   1.1% 5545/kworker/u:1: 0% user + 1.1% kernel
05-20 16:40:19.736 E/ActivityManager(  374): 100% TOTAL: 93% user + 6.1% kernel
05-20 16:40:19.744 W/ActivityManager(  374): Killing ProcessRecord{425ffd20 7391:com.pekall.emdm.launcher:remote/u0a10066}: background ANR
05-20 16:40:19.760 I/ActivityManager(  374): Process com.pekall.emdm.launcher:remote (pid 7391) has died.
05-20 16:40:19.767 W/ActivityManager(  374): Scheduling restart of crashed service com.pekall.emdm.launcher/com.baidu.location.f in 20000ms
05-20 16:40:20.517 I/ActivityManager(  374): START u0 {act=android.app.action.SET_NEW_PASSWORD cmp=com.android.settings/.ChooseLockGeneric bnds=[0,242][720,370]} from pid -1
05-20 16:40:20.517 W/ActivityManager(  374): startActivity called from non-Activity context; forcing Intent.FLAG_ACTIVITY_NEW_TASK for: Intent { act=android.app.action.SET_NEW_PASSWORD flg=0x800000 cmp=com.android.settings/.ChooseLockGeneric bnds=[0,242][720,370] }
05-20 16:40:20.658 V/PanelView(  448): animationTick called with dtms=0; nothing to do (h=1184.0 v=-4000.0)
05-20 16:40:21.924 I/ActivityManager(  374): START u0 {flg=0x2000000 cmp=com.android.settings/.ChooseLockPassword (has extras)} from pid 6694
05-20 16:40:28.705 W/MountService(  374): getVolumeState(/storage/emulated/0/external_sd): Unknown volume
05-20 16:40:28.705 W/MountService(  374): getVolumeState(/mnt/sdcard-ext): Unknown volume
05-20 16:40:28.713 W/MountService(  374): getVolumeState(/mnt/ext_sdcard): Unknown volume
05-20 16:40:28.713 W/MountService(  374): getVolumeState(/mnt/sdcard2): Unknown volume
05-20 16:40:28.713 W/MountService(  374): getVolumeState(/mnt/emmc): Unknown volume
05-20 16:40:28.713 W/MountService(  374): getVolumeState(/mnt/extSdCard): Unknown volume
05-20 16:40:28.713 W/MountService(  374): getVolumeState(/mnt/sdcard/SD_CARD): Unknown volume
05-20 16:40:28.713 W/MountService(  374): getVolumeState(/mnt/sdcard/extra_sd): Unknown volume
05-20 16:40:28.713 W/MountService(  374): getVolumeState(/mnt/extrasd_bind): Unknown volume
05-20 16:40:28.713 W/MountService(  374): getVolumeState(/mnt/sdcard/ext_sd): Unknown volume
05-20 16:40:28.713 W/MountService(  374): getVolumeState(/storage/extSdCard): Unknown volume
05-20 16:40:28.713 W/MountService(  374): getVolumeState(/storage/sdcard1): Unknown volume
05-20 16:40:28.713 W/MountService(  374): getVolumeState(/mnt/sdcard/external_SD): Unknown volume
05-20 16:40:28.713 W/MountService(  374): getVolumeState(/mnt/sdcard/external_sd): Unknown volume
05-20 16:40:29.002 W/MountService(  374): getVolumeState(/storage/emulated/0/external_sd): Unknown volume
05-20 16:40:29.002 W/MountService(  374): getVolumeState(/mnt/sdcard-ext): Unknown volume
05-20 16:40:29.002 W/MountService(  374): getVolumeState(/mnt/ext_sdcard): Unknown volume
05-20 16:40:29.002 W/MountService(  374): getVolumeState(/mnt/sdcard2): Unknown volume
05-20 16:40:29.002 W/MountService(  374): getVolumeState(/mnt/emmc): Unknown volume
05-20 16:40:29.002 W/MountService(  374): getVolumeState(/mnt/extSdCard): Unknown volume
05-20 16:40:29.002 W/MountService(  374): getVolumeState(/mnt/sdcard/SD_CARD): Unknown volume
05-20 16:40:29.002 W/MountService(  374): getVolumeState(/mnt/sdcard/extra_sd): Unknown volume
05-20 16:40:29.002 W/MountService(  374): getVolumeState(/mnt/extrasd_bind): Unknown volume
05-20 16:40:29.002 W/MountService(  374): getVolumeState(/mnt/sdcard/ext_sd): Unknown volume
05-20 16:40:29.002 W/MountService(  374): getVolumeState(/storage/extSdCard): Unknown volume
05-20 16:40:29.002 W/MountService(  374): getVolumeState(/storage/sdcard1): Unknown volume
05-20 16:40:29.002 W/MountService(  374): getVolumeState(/mnt/sdcard/external_SD): Unknown volume
05-20 16:40:29.010 W/MountService(  374): getVolumeState(/mnt/sdcard/external_sd): Unknown volume
05-20 16:40:39.775 I/ActivityManager(  374): Start proc com.pekall.emdm.launcher:remote for service com.pekall.emdm.launcher/com.baidu.location.f: pid=7477 uid=10066 gids={50066, 1015, 3002, 3001, 3003, 1028}
05-20 16:40:40.033 D/ActivityThread( 7477): Loading provider com.pekall.semail.provider;com.pekall.semail.notifier: com.pekall.semail.provider.EmailProvider
05-20 16:40:40.088 D/ActivityThread( 7477): Loading provider com.pekall.semail.provider;com.pekall.semail.notifier: com.pekall.semail.provider.EmailProvider
05-20 16:40:43.596 W/ActivityManager(  374): Unable to start service Intent { cmp=com.pekall.emdm.launcher/com.pekall.semail.service.AttachmentDownloadService } U=0: not found
05-20 16:40:43.775 W/DevicePolicyManagerService(  374): setPasswordExpiration(): password will expire on May 20, 2014 4:40:43 PM
05-20 16:40:45.377 I/ActivityManager(  374): START u0 {flg=0x10000000 cmp=com.pekall.emdm.launcher/.ui.BackPersonalActivity} from pid 6748
05-20 16:40:45.689 I/ActivityManager(  374): START u0 {flg=0x10200000 cmp=com.android.launcher/com.android.launcher2.Launcher} from pid 6748
05-20 16:40:45.689 W/ActivityManager(  374): Duplicate finish request for ActivityRecord{42630a08 u0 com.pekall.emdm.launcher/.ui.BackPersonalActivity}
05-20 16:40:50.627 V/PanelView(  448): animationTick called with dtms=0; nothing to do (h=0.0 v=4000.0)
05-20 16:40:59.799 W/ActivityManager(  374): Timeout executing service: ServiceRecord{42f34e08 u0 com.pekall.emdm.launcher/com.baidu.location.f}
05-20 16:41:04.049 E/ActivityManager(  374): ANR in com.pekall.emdm.launcher:remote
05-20 16:41:04.049 E/ActivityManager(  374): Reason: Executing service com.pekall.emdm.launcher/com.baidu.location.f
05-20 16:41:04.049 E/ActivityManager(  374): Load: 3.87 / 3.34 / 2.64
05-20 16:41:04.049 E/ActivityManager(  374): CPU usage from 6237ms to 0ms ago:
05-20 16:41:04.049 E/ActivityManager(  374):   91% 7477/com.pekall.emdm.launcher:remote: 91% user + 0.1% kernel
05-20 16:41:04.049 E/ActivityManager(  374):   87% 6748/com.pekall.emdm.launcher: 87% user + 0% kernel
05-20 16:41:04.049 E/ActivityManager(  374):   2.8% 374/system_server: 1.4% user + 1.4% kernel / faults: 15 minor
05-20 16:41:04.049 E/ActivityManager(  374):   2.4% 5237/kworker/0:0: 0% user + 2.4% kernel
05-20 16:41:04.049 E/ActivityManager(  374):   2% 124/surfaceflinger: 0.9% user + 1.1% kernel
05-20 16:41:04.049 E/ActivityManager(  374):   2% 135/adbd: 0.3% user + 1.7% kernel / faults: 18 minor
05-20 16:41:04.049 E/ActivityManager(  374):   1.6% 1661/com.qihoo360.mobilesafe:GuardService: 1.4% user + 0.1% kernel / faults: 150 minor
05-20 16:41:04.049 E/ActivityManager(  374):   0.8% 510/com.android.phasebeam: 0.4% user + 0.3% kernel
05-20 16:41:04.049 E/ActivityManager(  374):   0.4% 6216/kworker/u:2: 0% user + 0.4% kernel
05-20 16:41:04.049 E/ActivityManager(  374):   0.3% 121/netd: 0.1% user + 0.1% kernel
05-20 16:41:04.049 E/ActivityManager(  374):   0.3% 6189/kworker/u:0: 0% user + 0.3% kernel
05-20 16:41:04.049 E/ActivityManager(  374):   0.3% 6726/kworker/u:5: 0% user + 0.3% kernel
05-20 16:41:04.049 E/ActivityManager(  374):   0.1% 95/ueventd: 0% user + 0.1% kernel
05-20 16:41:04.049 E/ActivityManager(  374):   0.1% 117/vold: 0.1% user + 0% kernel
05-20 16:41:04.049 E/ActivityManager(  374):   0.1% 448/com.android.systemui: 0.1% user + 0% kernel / faults: 14 minor
05-20 16:41:04.049 E/ActivityManager(  374):   0.1% 2462/com.dragon.android.pandaspace: 0.1% user + 0% kernel / faults: 22 minor
05-20 16:41:04.049 E/ActivityManager(  374):   0% 3634/kworker/1:0: 0% user + 0% kernel
05-20 16:41:04.049 E/ActivityManager(  374):   0.1% 5500/com.dragon.android.pandaspace:bdservice_v1: 0% user + 0.1% kernel
05-20 16:41:04.049 E/ActivityManager(  374):   0.1% 6497/com.qihoo.appstore: 0.1% user + 0% kernel
05-20 16:41:04.049 E/ActivityManager(  374):  +0% 7546/logcat: 0% user + 0% kernel
05-20 16:41:04.049 E/ActivityManager(  374): 100% TOTAL: 94% user + 5.6% kernel
05-20 16:41:04.049 E/ActivityManager(  374): CPU usage from 3432ms to 3981ms later:
05-20 16:41:04.049 E/ActivityManager(  374):   101% 6748/com.pekall.emdm.launcher: 94% user + 7.2% kernel / faults: 344 minor
05-20 16:41:04.049 E/ActivityManager(  374):     83% 6761/Thread-1830: 83% user + 0% kernel
05-20 16:41:04.049 E/ActivityManager(  374):     9% 6840/Thread-1870: 7.2% user + 1.8% kernel
05-20 16:41:04.049 E/ActivityManager(  374):     3.6% 6748/l.emdm.launcher: 0% user + 3.6% kernel
05-20 16:41:04.049 E/ActivityManager(  374):     3.6% 6851/pool-3-thread-1: 1.8% user + 1.8% kernel
05-20 16:41:04.049 E/ActivityManager(  374):    +0% 7548/RefQueueWorker@: 0% user + 0% kernel
05-20 16:41:04.049 E/ActivityManager(  374):   80% 7477/com.pekall.emdm.launcher:remote: 80% user + 0% kernel
05-20 16:41:04.049 E/ActivityManager(  374):     78% 7490/Thread-1866: 78% user + 0% kernel
05-20 16:41:04.049 E/ActivityManager(  374):   9% 374/system_server: 0% user + 9% kernel / faults: 2 minor
05-20 16:41:04.049 E/ActivityManager(  374):     7.2% 390/ActivityManager: 0% user + 7.2% kernel
05-20 16:41:04.049 E/ActivityManager(  374):   1.8% 124/surfaceflinger: 1.8% user + 0% kernel
05-20 16:41:04.049 E/ActivityManager(  374):     1.8% 151/SurfaceFlinger: 0% user + 1.8% kernel
05-20 16:41:04.049 E/ActivityManager(  374):     1.8% 165/SurfaceFlinger: 0% user + 1.8% kernel
05-20 16:41:04.049 E/ActivityManager(  374):   1.2% 6726/kworker/u:5: 0% user + 1.2% kernel
05-20 16:41:04.049 E/ActivityManager(  374): 100% TOTAL: 88% user + 11% kernel
05-20 16:41:04.056 W/ActivityManager(  374): Killing ProcessRecord{4268ec70 7477:com.pekall.emdm.launcher:remote/u0a10066}: background ANR
05-20 16:41:04.072 I/ActivityManager(  374): Process com.pekall.emdm.launcher:remote (pid 7477) has died.
05-20 16:41:04.072 W/ActivityManager(  374): Scheduling restart of crashed service com.pekall.emdm.launcher/com.baidu.location.f in 80000ms
05-20 16:41:16.408 I/PowerManagerService(  374): Going to sleep due to screen timeout...
05-20 16:41:17.252 W/InputMethodManagerService(  374): Window already focused, ignoring focus gain of: com.android.internal.view.IInputMethodClient$Stub$Proxy@42945620 attribute=android.view.inputmethod.EditorInfo@42f2b348, token = android.os.BinderProxy@42942f70
05-20 16:41:22.103 D/PhoneStatusBar(  448): disable: < expand icons alerts ticker system_info back home RECENT* clock SEARCH* >
05-20 16:41:22.181 D/PhoneStatusBar(  448): disable: < expand icons alerts ticker system_info BACK* HOME* RECENT CLOCK* SEARCH >
05-20 16:41:28.767 W/MountService(  374): getVolumeState(/storage/emulated/0/external_sd): Unknown volume
05-20 16:41:28.767 W/MountService(  374): getVolumeState(/mnt/sdcard-ext): Unknown volume
05-20 16:41:28.775 W/MountService(  374): getVolumeState(/mnt/ext_sdcard): Unknown volume
05-20 16:41:28.775 W/MountService(  374): getVolumeState(/mnt/sdcard2): Unknown volume
05-20 16:41:28.775 W/MountService(  374): getVolumeState(/mnt/emmc): Unknown volume
05-20 16:41:28.775 W/MountService(  374): getVolumeState(/mnt/extSdCard): Unknown volume
05-20 16:41:28.783 W/MountService(  374): getVolumeState(/mnt/sdcard/SD_CARD): Unknown volume
05-20 16:41:28.783 W/MountService(  374): getVolumeState(/mnt/sdcard/extra_sd): Unknown volume
05-20 16:41:28.783 W/MountService(  374): getVolumeState(/mnt/extrasd_bind): Unknown volume
05-20 16:41:28.783 W/MountService(  374): getVolumeState(/mnt/sdcard/ext_sd): Unknown volume
05-20 16:41:28.799 W/MountService(  374): getVolumeState(/storage/extSdCard): Unknown volume
05-20 16:41:28.799 W/MountService(  374): getVolumeState(/storage/sdcard1): Unknown volume
05-20 16:41:28.799 W/MountService(  374): getVolumeState(/mnt/sdcard/external_SD): Unknown volume
05-20 16:41:28.799 W/MountService(  374): getVolumeState(/mnt/sdcard/external_sd): Unknown volume
05-20 16:41:29.306 W/MountService(  374): getVolumeState(/storage/emulated/0/external_sd): Unknown volume
05-20 16:41:29.314 W/MountService(  374): getVolumeState(/mnt/sdcard-ext): Unknown volume
05-20 16:41:29.314 W/MountService(  374): getVolumeState(/mnt/ext_sdcard): Unknown volume
05-20 16:41:29.314 W/MountService(  374): getVolumeState(/mnt/sdcard2): Unknown volume
05-20 16:41:29.314 W/MountService(  374): getVolumeState(/mnt/emmc): Unknown volume
05-20 16:41:29.314 W/MountService(  374): getVolumeState(/mnt/extSdCard): Unknown volume
05-20 16:41:29.322 W/MountService(  374): getVolumeState(/mnt/sdcard/SD_CARD): Unknown volume
05-20 16:41:29.322 W/MountService(  374): getVolumeState(/mnt/sdcard/extra_sd): Unknown volume
05-20 16:41:29.322 W/MountService(  374): getVolumeState(/mnt/extrasd_bind): Unknown volume
05-20 16:41:29.322 W/MountService(  374): getVolumeState(/mnt/sdcard/ext_sd): Unknown volume
05-20 16:41:29.330 W/MountService(  374): getVolumeState(/storage/extSdCard): Unknown volume
05-20 16:41:29.330 W/MountService(  374): getVolumeState(/storage/sdcard1): Unknown volume
05-20 16:41:29.330 W/MountService(  374): getVolumeState(/mnt/sdcard/external_SD): Unknown volume
05-20 16:41:29.338 W/MountService(  374): getVolumeState(/mnt/sdcard/external_sd): Unknown volume
05-20 16:41:29.361 I/PowerManagerService(  374): Waking up from sleep...
05-20 16:41:29.400 I/WindowManager(  374): Lock screen displayed!
05-20 16:41:30.744 D/PhoneStatusBar(  448): disable: < expand icons alerts ticker system_info BACK HOME recent* CLOCK search* >
05-20 16:41:30.806 D/PhoneStatusBar(  448): disable: < expand icons alerts ticker system_info back* home* recent clock* search >
05-20 16:41:30.814 W/InputMethodManagerService(  374): Window already focused, ignoring focus gain of: com.android.internal.view.IInputMethodClient$Stub$Proxy@428a37a0 attribute=null, token = android.os.BinderProxy@42942f70
05-20 16:41:36.244 I/ActivityManager(  374): START u0 {act=android.intent.action.MAIN cat=[android.intent.category.LAUNCHER] flg=0x10200000 cmp=com.google.android.gallery3d/com.android.camera.CameraLauncher} from pid 576
05-20 16:41:56.549 I/WindowManager(  374): Screenshot Window{4301fb08 u0 com.google.android.gallery3d/com.android.camera.CameraLauncher} was all black! mSurfaceLayer=21020 minLayer=21020 maxLayer=21020
05-20 16:42:04.635 I/ActivityManager(  374): START u0 {act=android.intent.action.MAIN cat=[android.intent.category.LAUNCHER] flg=0x10200000 cmp=com.google.android.gallery3d/com.android.camera.CameraLauncher} from pid 576
05-20 16:42:05.556 I/ActivityManager(  374): Process com.google.android.email (pid 5317) has died.
05-20 16:42:20.642 W/InputMethodManagerService(  374): Window already focused, ignoring focus gain of: com.android.internal.view.IInputMethodClient$Stub$Proxy@42d6cc08 attribute=null, token = android.os.BinderProxy@42942f70
05-20 16:42:24.088 I/ActivityManager(  374): Start proc com.pekall.emdm.launcher:remote for service com.pekall.emdm.launcher/com.baidu.location.f: pid=7692 uid=10066 gids={50066, 1015, 3002, 3001, 3003, 1028}
05-20 16:42:24.416 D/ActivityThread( 7692): Loading provider com.pekall.semail.provider;com.pekall.semail.notifier: com.pekall.semail.provider.EmailProvider
05-20 16:42:24.564 D/ActivityThread( 7692): Loading provider com.pekall.semail.provider;com.pekall.semail.notifier: com.pekall.semail.provider.EmailProvider
05-20 16:42:27.283 W/ActivityManager(  374): Unable to start service Intent { cmp=com.pekall.emdm.launcher/com.pekall.semail.service.AttachmentDownloadService } U=0: not found
--------- beginning of /dev/log/main
05-20 16:42:27.471 W/Parcel  ( 1661): Attempt to read object from Parcel 0x6003bdac at offset 200 that is not in the object list
05-20 16:42:27.471 I/ActivityManager(  374): START u0 {act=android.intent.action.MAIN cat=[android.intent.category.LAUNCHER] flg=0x10200000 cmp=com.google.android.gallery3d/com.android.camera.CameraLauncher} from pid 576
05-20 16:42:27.744 D/dalvikvm(  374): GC_FOR_ALLOC freed 915K, 23% free 22197K/28656K, paused 189ms, total 199ms
05-20 16:42:28.049 V/StateManager( 6365): startState class com.android.gallery3d.app.FilmstripPage
05-20 16:42:28.064 V/CameraHolder( 6365): open camera 0
05-20 16:42:28.064 I/AwesomePlayer(  127): setDataSource_l(URL suppressed)
05-20 16:42:28.142 I/AwesomePlayer(  127): setDataSource_l(URL suppressed)
05-20 16:42:28.252 I/CameraClient(  127): Opening camera 0
05-20 16:42:28.252 I/CameraHAL(  127): camera_device open
05-20 16:42:28.306 E/LightCycleHelper( 6365): Connection failed: ConnectionResult{statusCode=SERVICE_DISABLED, resolution=null}
05-20 16:42:28.322 D/CameraStorage( 6365): External storage state=mounted
05-20 16:42:28.502 V/CAM_PhotoModule( 6365): Preview size is 960x720
05-20 16:42:28.541 V/CAM_PhotoModule( 6365): Preview size is 960x720
05-20 16:42:28.564 I/CAM_ScreenNail( 6365): aspect ratio clamping disabled
05-20 16:42:28.572 I/CAM_ScreenNail( 6365): aspect ratio clamping enabled, surfaceTexture scale: 1.0, 1.0
05-20 16:42:28.572 D/CAM_PhotoModule( 6365): Preview size changed.
05-20 16:42:28.572 I/CAM_ScreenNail( 6365): preview layout size: 720/1184
05-20 16:42:28.572 I/CAM_ScreenNail( 6365): aspect ratio clamping enabled, surfaceTexture scale: 0.8108108, 1.0
05-20 16:42:28.924 I/GLRootView( 6365): onSurfaceChanged: 720x1184, gl10: com.google.android.gles_jni.GLImpl@42b34a80
05-20 16:42:28.947 I/GLRootView( 6365): layout content pane 720x1184 (compensation 0)
05-20 16:42:28.955 D/PhotoView( 6365): compensation = 0, CameraRelativeFrame = Rect(0, 0 - 0, 0), mCameraRect = Rect(0, 0 - 0, 0)
05-20 16:42:29.080 D/dalvikvm( 6365): GC_FOR_ALLOC freed 1933K, 23% free 16338K/21084K, paused 105ms, total 105ms
05-20 16:42:29.236 I/ActivityManager(  374): Displayed com.google.android.gallery3d/com.android.camera.CameraLauncher: +1s374ms
05-20 16:42:29.346 D/dalvikvm( 6365): GC_CONCURRENT freed 30K, 12% free 18719K/21084K, paused 16ms+14ms, total 141ms
05-20 16:42:29.346 D/dalvikvm( 6365): WAIT_FOR_CONCURRENT_GC blocked 125ms
05-20 16:42:29.369 I/dalvikvm-heap( 6365): Grow heap (frag case) to 19.391MB for 1127536-byte allocation
05-20 16:42:29.471 D/dalvikvm( 6365): GC_FOR_ALLOC freed 1K, 11% free 19819K/22188K, paused 97ms, total 98ms
05-20 16:42:29.525 I/CAM_ScreenNail( 6365): preview layout size: 720/1184
05-20 16:42:29.525 I/CAM_ScreenNail( 6365): aspect ratio clamping enabled, surfaceTexture scale: 0.8108108, 1.0
05-20 16:42:30.041 I/Choreographer( 6365): Skipped 75 frames!  The application may be doing too much work on its main thread.
05-20 16:42:30.189 I/ActivityManager(  374): Process com.google.android.apps.maps:FriendService (pid 7163) has died.
05-20 16:42:30.408 W/InteractionController( 7675): runAndwaitForEvent timedout waiting for events
05-20 16:42:30.533 I/AndroidRuntime( 7675): VM exiting with result code 0.
05-20 16:42:30.689 I/ActivityManager(  374): Process com.qihoo360.mobilesafe:remote (pid 6787) has died.
05-20 16:42:30.939 W/MountService(  374): getVolumeState(/storage/emulated/0/external_sd): Unknown volume
05-20 16:42:30.963 W/MountService(  374): getVolumeState(/mnt/sdcard-ext): Unknown volume
05-20 16:42:30.963 W/MountService(  374): getVolumeState(/mnt/ext_sdcard): Unknown volume
05-20 16:42:30.963 W/MountService(  374): getVolumeState(/mnt/sdcard2): Unknown volume
05-20 16:42:31.002 W/MountService(  374): getVolumeState(/mnt/emmc): Unknown volume
05-20 16:42:31.236 W/MountService(  374): getVolumeState(/mnt/extSdCard): Unknown volume
05-20 16:42:31.275 W/MountService(  374): getVolumeState(/mnt/sdcard/SD_CARD): Unknown volume
05-20 16:42:31.299 W/MountService(  374): getVolumeState(/mnt/sdcard/extra_sd): Unknown volume
05-20 16:42:31.361 W/MountService(  374): getVolumeState(/mnt/extrasd_bind): Unknown volume
05-20 16:42:31.361 W/MountService(  374): getVolumeState(/mnt/sdcard/ext_sd): Unknown volume
05-20 16:42:31.400 W/MountService(  374): getVolumeState(/storage/extSdCard): Unknown volume
05-20 16:42:31.494 W/MountService(  374): getVolumeState(/storage/sdcard1): Unknown volume
05-20 16:42:31.494 W/MountService(  374): getVolumeState(/mnt/sdcard/external_SD): Unknown volume
05-20 16:42:31.549 W/MountService(  374): getVolumeState(/mnt/sdcard/external_sd): Unknown volume
05-20 16:42:32.892 I/Choreographer(  576): Skipped 37 frames!  The application may be doing too much work on its main thread.
05-20 16:42:33.799 D/dalvikvm( 1468): GC_CONCURRENT freed 534K, 20% free 9725K/12104K, paused 55ms+1915ms, total 2797ms
05-20 16:42:33.799 D/dalvikvm( 1468): WAIT_FOR_CONCURRENT_GC blocked 93ms
05-20 16:42:33.853 D/dalvikvm( 2462): GC_FOR_ALLOC freed 434K, 8% free 9615K/10404K, paused 1219ms, total 1219ms
05-20 16:42:34.025 V/CAM_PhotoModule( 6365): startPreview
05-20 16:42:34.377 I/ActivityManager(  374): Process android.process.acore (pid 6475) has died.
05-20 16:42:34.447 I/ActivityManager(  374): Start proc android.process.acore for content provider com.android.providers.contacts/.ContactsProvider2: pid=7755 uid=10000 gids={50000, 3003, 1015, 1028}
05-20 16:42:35.900 D/dalvikvm( 7755): GC_CONCURRENT freed 213K, 3% free 9168K/9420K, paused 2ms+2ms, total 45ms
05-20 16:42:36.166 D/        (  127): PPM: Standby to first shot: Sensor Change completed -  :2145.447 ms :  1400575356176 ms
05-20 16:42:36.346 D/        (  127): PPM: Focus finished in:  :-593968.-270 ms :  1400575356355 ms
05-20 16:42:42.502 D/dalvikvm( 2462): GC_CONCURRENT freed 333K, 7% free 9682K/10404K, paused 2ms+247ms, total 669ms
05-20 16:42:42.549 D/LightsService(  374): Excessive delay setting light: 65ms
05-20 16:42:42.635 D/LightsService(  374): Excessive delay setting light: 83ms
05-20 16:42:42.697 D/LightsService(  374): Excessive delay setting light: 61ms
05-20 16:42:42.760 D/LightsService(  374): Excessive delay setting light: 57ms
05-20 16:42:42.838 D/LightsService(  374): Excessive delay setting light: 80ms
05-20 16:42:44.111 W/ActivityManager(  374): Timeout executing service: ServiceRecord{42f34e08 u0 com.pekall.emdm.launcher/com.baidu.location.f}
05-20 16:42:45.080 I/Process (  374): Sending signal. PID: 7692 SIG: 3
05-20 16:42:45.080 I/dalvikvm( 7692): threadid=3: reacting to signal 3
05-20 16:42:45.283 I/Process (  374): Sending signal. PID: 374 SIG: 3
05-20 16:42:45.283 I/dalvikvm(  374): threadid=3: reacting to signal 3
05-20 16:42:45.338 D/dalvikvm( 7692): JIT unchain all for threadid=11
05-20 16:42:45.486 I/dalvikvm( 7692): Wrote stack traces to '/data/anr/traces.txt'
05-20 16:42:53.869 I/dalvikvm(  374): Wrote stack traces to '/data/anr/traces.txt'
05-20 16:42:53.885 I/Process (  374): Sending signal. PID: 448 SIG: 3
05-20 16:42:53.885 I/dalvikvm(  448): threadid=3: reacting to signal 3
05-20 16:42:53.892 I/Process (  374): Sending signal. PID: 561 SIG: 3
05-20 16:42:53.892 I/dalvikvm(  561): threadid=3: reacting to signal 3
05-20 16:42:53.978 I/dalvikvm(  561): Wrote stack traces to '/data/anr/traces.txt'
05-20 16:42:53.978 I/Process (  374): Sending signal. PID: 568 SIG: 3
05-20 16:42:53.978 I/dalvikvm(  568): threadid=3: reacting to signal 3
05-20 16:42:54.025 I/dalvikvm(  568): Wrote stack traces to '/data/anr/traces.txt'
05-20 16:42:54.424 I/dalvikvm(  448): Wrote stack traces to '/data/anr/traces.txt'
05-20 16:42:54.588 D/dalvikvm(  374): GC_EXPLICIT freed 2916K, 24% free 21937K/28656K, paused 11ms+12ms, total 120ms
05-20 16:42:55.174 I/Process (  374): Sending signal. PID: 6748 SIG: 3
05-20 16:42:55.174 I/dalvikvm( 6748): threadid=3: reacting to signal 3
05-20 16:42:55.377 I/Process (  374): Sending signal. PID: 6365 SIG: 3
05-20 16:42:55.377 I/dalvikvm( 6365): threadid=3: reacting to signal 3
05-20 16:42:55.424 D/dalvikvm( 6748): JIT unchain all for threadid=11
05-20 16:42:55.556 I/dalvikvm( 6748): Wrote stack traces to '/data/anr/traces.txt'
05-20 16:42:55.556 I/Process (  374): Sending signal. PID: 2462 SIG: 3
05-20 16:42:55.556 I/dalvikvm( 2462): threadid=3: reacting to signal 3
05-20 16:42:55.760 I/Process (  374): Sending signal. PID: 7755 SIG: 3
05-20 16:42:55.760 I/dalvikvm( 7755): threadid=3: reacting to signal 3
05-20 16:42:55.994 E/ActivityManager(  374): ANR in com.pekall.emdm.launcher:remote
05-20 16:42:55.994 E/ActivityManager(  374): Reason: Executing service com.pekall.emdm.launcher/com.baidu.location.f
05-20 16:42:55.994 E/ActivityManager(  374): Load: 4.74 / 3.54 / 2.77
05-20 16:42:55.994 E/ActivityManager(  374): CPU usage from 0ms to 11848ms later with 99% awake:
05-20 16:42:55.994 E/ActivityManager(  374):   81% 7692/com.pekall.emdm.launcher:remote: 81% user + 0.7% kernel / faults: 113 minor
05-20 16:42:55.994 E/ActivityManager(  374):   78% 6748/com.pekall.emdm.launcher: 77% user + 0.8% kernel / faults: 267 minor
05-20 16:42:55.994 E/ActivityManager(  374):   18% 374/system_server: 14% user + 3.9% kernel / faults: 483 minor
05-20 16:42:55.994 E/ActivityManager(  374):   7.4% 6365/com.google.android.gallery3d: 5.4% user + 1.9% kernel / faults: 262 minor 5 major
05-20 16:42:55.994 E/ActivityManager(  374):   2.6% 124/surfaceflinger: 1.9% user + 0.6% kernel
05-20 16:42:55.994 E/ActivityManager(  374):   2% 7755/android.process.acore: 1.6% user + 0.4% kernel / faults: 2169 minor 2 major
05-20 16:42:55.994 E/ActivityManager(  374):   1.9% 448/com.android.systemui: 1.7% user + 0.1% kernel / faults: 92 minor
05-20 16:42:55.994 E/ActivityManager(  374):   1.7% 127/mediaserver: 0.3% user + 1.4% kernel
05-20 16:42:55.994 E/ActivityManager(  374):   0.9% 6216/kworker/u:2: 0% user + 0.9% kernel
05-20 16:42:55.994 E/ActivityManager(  374):   0.6% 5237/kworker/0:0: 0% user + 0.6% kernel
05-20 16:42:55.994 E/ActivityManager(  374):   0.5% 2462/com.dragon.android.pandaspace: 0.4% user + 0% kernel / faults: 66 minor
05-20 16:42:55.994 E/ActivityManager(  374):   0.5% 7461/kworker/u:3: 0% user + 0.5% kernel
05-20 16:42:55.994 E/ActivityManager(  374):   0.3% 95/ueventd: 0.1% user + 0.1% kernel
05-20 16:42:55.994 E/ActivityManager(  374):   0.1% 121/netd: 0.1% user + 0% kernel
05-20 16:42:55.994 E/ActivityManager(  374):   0.3% 5545/kworker/u:1: 0% user + 0.3% kernel
05-20 16:42:55.994 E/ActivityManager(  374):   0.2% 117/vold: 0.1% user + 0% kernel
05-20 16:42:55.994 E/ActivityManager(  374):   0% 561/com.android.phone: 0% user + 0% kernel / faults: 153 minor
05-20 16:42:55.994 E/ActivityManager(  374):   0.2% 6497/com.qihoo.appstore: 0.2% user + 0% kernel / faults: 2 minor
05-20 16:42:55.994 E/ActivityManager(  374):   0% 568/com.android.nfc: 0% user + 0% kernel / faults: 141 minor
05-20 16:42:55.994 E/ActivityManager(  374):   0.1% 6189/kworker/u:0: 0% user + 0.1% kernel
05-20 16:42:55.994 E/ActivityManager(  374):   0% 82/mmcqd/0: 0% user + 0% kernel
05-20 16:42:55.994 E/ActivityManager(  374):   0% 135/adbd: 0% user + 0% kernel
05-20 16:42:55.994 E/ActivityManager(  374):   0% 3634/kworker/1:0: 0% user + 0% kernel
05-20 16:42:55.994 E/ActivityManager(  374):   0% 4648/logcat: 0% user + 0% kernel
05-20 16:42:55.994 E/ActivityManager(  374):   0% 7771/logcat: 0% user + 0% kernel / faults: 1 minor
05-20 16:42:55.994 E/ActivityManager(  374): 100% TOTAL: 93% user + 6.5% kernel
05-20 16:42:55.994 E/ActivityManager(  374): CPU usage from 10478ms to 11014ms later with 99% awake:
05-20 16:42:55.994 E/ActivityManager(  374):   85% 7692/com.pekall.emdm.launcher:remote: 85% user + 0% kernel
