05-20 16:08:28.002 W/MountService(  374): getVolumeState(/mnt/extrasd_bind): Unknown volume
05-20 16:08:28.002 W/MountService(  374): getVolumeState(/mnt/sdcard/ext_sd): Unknown volume
05-20 16:08:28.002 W/MountService(  374): getVolumeState(/storage/extSdCard): Unknown volume
05-20 16:08:28.002 W/MountService(  374): getVolumeState(/storage/sdcard1): Unknown volume
05-20 16:08:28.002 W/MountService(  374): getVolumeState(/mnt/sdcard/external_SD): Unknown volume
05-20 16:08:28.002 W/MountService(  374): getVolumeState(/mnt/sdcard/external_sd): Unknown volume
05-20 16:09:27.564 W/MountService(  374): getVolumeState(/storage/emulated/0/external_sd): Unknown volume
05-20 16:09:27.572 W/MountService(  374): getVolumeState(/mnt/sdcard-ext): Unknown volume
05-20 16:09:27.572 W/MountService(  374): getVolumeState(/mnt/ext_sdcard): Unknown volume
05-20 16:09:27.572 W/MountService(  374): getVolumeState(/mnt/sdcard2): Unknown volume
05-20 16:09:27.572 W/MountService(  374): getVolumeState(/mnt/emmc): Unknown volume
05-20 16:09:27.572 W/MountService(  374): getVolumeState(/mnt/extSdCard): Unknown volume
05-20 16:09:27.572 W/MountService(  374): getVolumeState(/mnt/sdcard/SD_CARD): Unknown volume
05-20 16:09:27.572 W/MountService(  374): getVolumeState(/mnt/sdcard/extra_sd): Unknown volume
05-20 16:09:27.572 W/MountService(  374): getVolumeState(/mnt/extrasd_bind): Unknown volume
05-20 16:09:27.572 W/MountService(  374): getVolumeState(/mnt/sdcard/ext_sd): Unknown volume
05-20 16:09:27.572 W/MountService(  374): getVolumeState(/storage/extSdCard): Unknown volume
05-20 16:09:27.572 W/MountService(  374): getVolumeState(/storage/sdcard1): Unknown volume
05-20 16:09:27.572 W/MountService(  374): getVolumeState(/mnt/sdcard/external_SD): Unknown volume
05-20 16:09:27.596 W/MountService(  374): getVolumeState(/mnt/sdcard/external_sd): Unknown volume
05-20 16:09:27.924 W/MountService(  374): getVolumeState(/storage/emulated/0/external_sd): Unknown volume
05-20 16:09:27.924 W/MountService(  374): getVolumeState(/mnt/sdcard-ext): Unknown volume
05-20 16:09:27.924 W/MountService(  374): getVolumeState(/mnt/ext_sdcard): Unknown volume
05-20 16:09:27.924 W/MountService(  374): getVolumeState(/mnt/sdcard2): Unknown volume
05-20 16:09:27.924 W/MountService(  374): getVolumeState(/mnt/emmc): Unknown volume
05-20 16:09:27.924 W/MountService(  374): getVolumeState(/mnt/extSdCard): Unknown volume
05-20 16:09:27.924 W/MountService(  374): getVolumeState(/mnt/sdcard/SD_CARD): Unknown volume
05-20 16:09:27.931 W/MountService(  374): getVolumeState(/mnt/sdcard/extra_sd): Unknown volume
05-20 16:09:27.931 W/MountService(  374): getVolumeState(/mnt/extrasd_bind): Unknown volume
05-20 16:09:27.931 W/MountService(  374): getVolumeState(/mnt/sdcard/ext_sd): Unknown volume
05-20 16:09:27.931 W/MountService(  374): getVolumeState(/storage/extSdCard): Unknown volume
05-20 16:09:27.931 W/MountService(  374): getVolumeState(/storage/sdcard1): Unknown volume
05-20 16:09:27.931 W/MountService(  374): getVolumeState(/mnt/sdcard/external_SD): Unknown volume
05-20 16:09:27.931 W/MountService(  374): getVolumeState(/mnt/sdcard/external_sd): Unknown volume
05-20 16:10:15.353 I/ActivityManager(  374): No longer want com.dragon.android.pandaspace:bdservice_v1 (pid 3594): empty for 1803s
05-20 16:10:15.361 W/ActivityManager(  374): Scheduling restart of crashed service com.dragon.android.pandaspace/com.baidu.android.moplus.MoPlusService in 5000ms
05-20 16:10:20.400 I/ActivityManager(  374): Start proc com.dragon.android.pandaspace:bdservice_v1 for service com.dragon.android.pandaspace/com.baidu.android.moplus.MoPlusService: pid=5500 uid=10074 gids={50074, 1015, 3003, 1006, 1028}
05-20 16:10:27.580 W/MountService(  374): getVolumeState(/storage/emulated/0/external_sd): Unknown volume
05-20 16:10:27.580 W/MountService(  374): getVolumeState(/mnt/sdcard-ext): Unknown volume
05-20 16:10:27.580 W/MountService(  374): getVolumeState(/mnt/ext_sdcard): Unknown volume
05-20 16:10:27.580 W/MountService(  374): getVolumeState(/mnt/sdcard2): Unknown volume
05-20 16:10:27.580 W/MountService(  374): getVolumeState(/mnt/emmc): Unknown volume
05-20 16:10:27.580 W/MountService(  374): getVolumeState(/mnt/extSdCard): Unknown volume
05-20 16:10:27.588 W/MountService(  374): getVolumeState(/mnt/sdcard/SD_CARD): Unknown volume
05-20 16:10:27.588 W/MountService(  374): getVolumeState(/mnt/sdcard/extra_sd): Unknown volume
05-20 16:10:27.588 W/MountService(  374): getVolumeState(/mnt/extrasd_bind): Unknown volume
05-20 16:10:27.588 W/MountService(  374): getVolumeState(/mnt/sdcard/ext_sd): Unknown volume
05-20 16:10:27.588 W/MountService(  374): getVolumeState(/storage/extSdCard): Unknown volume
05-20 16:10:27.588 W/MountService(  374): getVolumeState(/storage/sdcard1): Unknown volume
05-20 16:10:27.588 W/MountService(  374): getVolumeState(/mnt/sdcard/external_SD): Unknown volume
05-20 16:10:27.588 W/MountService(  374): getVolumeState(/mnt/sdcard/external_sd): Unknown volume
05-20 16:10:27.931 W/MountService(  374): getVolumeState(/storage/emulated/0/external_sd): Unknown volume
05-20 16:10:27.931 W/MountService(  374): getVolumeState(/mnt/sdcard-ext): Unknown volume
05-20 16:10:27.931 W/MountService(  374): getVolumeState(/mnt/ext_sdcard): Unknown volume
05-20 16:10:27.931 W/MountService(  374): getVolumeState(/mnt/sdcard2): Unknown volume
05-20 16:10:27.931 W/MountService(  374): getVolumeState(/mnt/emmc): Unknown volume
05-20 16:10:27.931 W/MountService(  374): getVolumeState(/mnt/extSdCard): Unknown volume
05-20 16:10:27.931 W/MountService(  374): getVolumeState(/mnt/sdcard/SD_CARD): Unknown volume
05-20 16:10:27.931 W/MountService(  374): getVolumeState(/mnt/sdcard/extra_sd): Unknown volume
05-20 16:10:27.939 W/MountService(  374): getVolumeState(/mnt/extrasd_bind): Unknown volume
05-20 16:10:27.939 W/MountService(  374): getVolumeState(/mnt/sdcard/ext_sd): Unknown volume
05-20 16:10:27.939 W/MountService(  374): getVolumeState(/storage/extSdCard): Unknown volume
05-20 16:10:27.939 W/MountService(  374): getVolumeState(/storage/sdcard1): Unknown volume
05-20 16:10:27.939 W/MountService(  374): getVolumeState(/mnt/sdcard/external_SD): Unknown volume
05-20 16:10:27.939 W/MountService(  374): getVolumeState(/mnt/sdcard/external_sd): Unknown volume
05-20 16:11:27.588 W/MountService(  374): getVolumeState(/storage/emulated/0/external_sd): Unknown volume
05-20 16:11:27.588 W/MountService(  374): getVolumeState(/mnt/sdcard-ext): Unknown volume
05-20 16:11:27.596 W/MountService(  374): getVolumeState(/mnt/ext_sdcard): Unknown volume
05-20 16:11:27.596 W/MountService(  374): getVolumeState(/mnt/sdcard2): Unknown volume
05-20 16:11:27.596 W/MountService(  374): getVolumeState(/mnt/emmc): Unknown volume
05-20 16:11:27.603 W/MountService(  374): getVolumeState(/mnt/extSdCard): Unknown volume
05-20 16:11:27.603 W/MountService(  374): getVolumeState(/mnt/sdcard/SD_CARD): Unknown volume
05-20 16:11:27.603 W/MountService(  374): getVolumeState(/mnt/sdcard/extra_sd): Unknown volume
05-20 16:11:27.603 W/MountService(  374): getVolumeState(/mnt/extrasd_bind): Unknown volume
05-20 16:11:27.603 W/MountService(  374): getVolumeState(/mnt/sdcard/ext_sd): Unknown volume
05-20 16:11:27.603 W/MountService(  374): getVolumeState(/storage/extSdCard): Unknown volume
05-20 16:11:27.603 W/MountService(  374): getVolumeState(/storage/sdcard1): Unknown volume
05-20 16:11:27.603 W/MountService(  374): getVolumeState(/mnt/sdcard/external_SD): Unknown volume
05-20 16:11:27.603 W/MountService(  374): getVolumeState(/mnt/sdcard/external_sd): Unknown volume
05-20 16:11:28.002 W/MountService(  374): getVolumeState(/storage/emulated/0/external_sd): Unknown volume
05-20 16:11:28.002 W/MountService(  374): getVolumeState(/mnt/sdcard-ext): Unknown volume
05-20 16:11:28.002 W/MountService(  374): getVolumeState(/mnt/ext_sdcard): Unknown volume
05-20 16:11:28.002 W/MountService(  374): getVolumeState(/mnt/sdcard2): Unknown volume
05-20 16:11:28.002 W/MountService(  374): getVolumeState(/mnt/emmc): Unknown volume
05-20 16:11:28.002 W/MountService(  374): getVolumeState(/mnt/extSdCard): Unknown volume
05-20 16:11:28.002 W/MountService(  374): getVolumeState(/mnt/sdcard/SD_CARD): Unknown volume
05-20 16:11:28.002 W/MountService(  374): getVolumeState(/mnt/sdcard/extra_sd): Unknown volume
05-20 16:11:28.010 W/MountService(  374): getVolumeState(/mnt/extrasd_bind): Unknown volume
05-20 16:11:28.010 W/MountService(  374): getVolumeState(/mnt/sdcard/ext_sd): Unknown volume
05-20 16:11:28.010 W/MountService(  374): getVolumeState(/storage/extSdCard): Unknown volume
05-20 16:11:28.010 W/MountService(  374): getVolumeState(/storage/sdcard1): Unknown volume
05-20 16:11:28.010 W/MountService(  374): getVolumeState(/mnt/sdcard/external_SD): Unknown volume
05-20 16:11:28.010 W/MountService(  374): getVolumeState(/mnt/sdcard/external_sd): Unknown volume
05-20 16:11:45.775 I/PowerManagerService(  374): Waking up from sleep...
05-20 16:11:45.822 I/WindowManager(  374): Lock screen displayed!
05-20 16:11:46.838 D/PhoneStatusBar(  448): disable: < expand icons alerts ticker system_info BACK HOME recent* CLOCK search* >
05-20 16:11:46.900 D/PhoneStatusBar(  448): disable: < expand icons alerts ticker system_info back* home* recent clock* search >
05-20 16:11:47.611 W/InputMethodManagerService(  374): Window already focused, ignoring focus gain of: com.android.internal.view.IInputMethodClient$Stub$Proxy@42544498 attribute=android.view.inputmethod.EditorInfo@42543640, token = android.os.BinderProxy@425d78d8
05-20 16:11:51.244 I/ActivityManager(  374): START u0 {flg=0x10000000 cmp=com.pekall.emdm.launcher/.ui.BackPersonalActivity} from pid 5090
05-20 16:11:51.283 I/ActivityManager(  374): START u0 {act=android.intent.action.VIEW flg=0x10200000 cmp=com.android.launcher/com.android.launcher2.Launcher} from pid 5090
05-20 16:12:04.502 I/ActivityManager(  374): Start proc com.pekall.emdm.launcher:remote for service com.pekall.emdm.launcher/com.baidu.location.f: pid=5547 uid=10066 gids={50066, 1015, 3002, 3001, 3003, 1028}
05-20 16:12:04.814 D/ActivityThread( 5547): Loading provider com.pekall.semail.provider;com.pekall.semail.notifier: com.pekall.semail.provider.EmailProvider
05-20 16:12:04.853 D/ActivityThread( 5547): Loading provider com.pekall.semail.provider;com.pekall.semail.notifier: com.pekall.semail.provider.EmailProvider
05-20 16:12:08.088 W/ActivityManager(  374): Unable to start service Intent { cmp=com.pekall.emdm.launcher/com.pekall.semail.service.AttachmentDownloadService } U=0: not found
05-20 16:12:21.174 I/PowerManagerService(  374): Going to sleep due to screen timeout...
05-20 16:12:24.533 W/ActivityManager(  374): Timeout executing service: ServiceRecord{43022348 u0 com.pekall.emdm.launcher/com.baidu.location.f}
05-20 16:12:28.244 W/MountService(  374): getVolumeState(/storage/emulated/0/external_sd): Unknown volume
05-20 16:12:28.252 W/MountService(  374): getVolumeState(/mnt/sdcard-ext): Unknown volume
05-20 16:12:28.283 W/MountService(  374): getVolumeState(/mnt/ext_sdcard): Unknown volume
05-20 16:12:28.299 W/MountService(  374): getVolumeState(/mnt/sdcard2): Unknown volume
05-20 16:12:28.299 W/MountService(  374): getVolumeState(/mnt/emmc): Unknown volume
05-20 16:12:28.346 W/MountService(  374): getVolumeState(/mnt/extSdCard): Unknown volume
05-20 16:12:28.346 W/MountService(  374): getVolumeState(/mnt/sdcard/SD_CARD): Unknown volume
05-20 16:12:28.361 W/MountService(  374): getVolumeState(/mnt/sdcard/extra_sd): Unknown volume
05-20 16:12:28.369 W/MountService(  374): getVolumeState(/mnt/extrasd_bind): Unknown volume
05-20 16:12:28.369 W/MountService(  374): getVolumeState(/mnt/sdcard/ext_sd): Unknown volume
05-20 16:12:28.385 W/MountService(  374): getVolumeState(/storage/extSdCard): Unknown volume
05-20 16:12:28.400 W/MountService(  374): getVolumeState(/storage/sdcard1): Unknown volume
05-20 16:12:28.424 W/MountService(  374): getVolumeState(/mnt/sdcard/external_SD): Unknown volume
05-20 16:12:28.439 W/MountService(  374): getVolumeState(/mnt/sdcard/external_sd): Unknown volume
05-20 16:12:29.244 E/ActivityManager(  374): ANR in com.pekall.emdm.launcher:remote
05-20 16:12:29.244 E/ActivityManager(  374): Reason: Executing service com.pekall.emdm.launcher/com.baidu.location.f
05-20 16:12:29.244 E/ActivityManager(  374): Load: 2.52 / 1.88 / 1.79
05-20 16:12:29.244 E/ActivityManager(  374): CPU usage from 2577ms to -4672ms ago:
05-20 16:12:29.244 E/ActivityManager(  374):   84% 5547/com.pekall.emdm.launcher:remote: 84% user + 0.4% kernel / faults: 112 minor
05-20 16:12:29.244 E/ActivityManager(  374):   82% 5090/com.pekall.emdm.launcher: 82% user + 0.2% kernel / faults: 142 minor
05-20 16:12:29.244 E/ActivityManager(  374):   21% 374/system_server: 16% user + 4.8% kernel / faults: 401 minor
05-20 16:12:29.244 E/ActivityManager(  374):   1.3% 448/com.android.systemui: 1.1% user + 0.1% kernel / faults: 157 minor
05-20 16:12:29.244 E/ActivityManager(  374):   1.5% 1661/com.qihoo360.mobilesafe:GuardService: 1.2% user + 0.2% kernel / faults: 159 minor
05-20 16:12:29.244 E/ActivityManager(  374):   0.1% 1468/com.qihoo.daemon: 0% user + 0.1% kernel / faults: 587 minor
05-20 16:12:29.244 E/ActivityManager(  374):   0.1% 561/com.android.phone: 0% user + 0.1% kernel / faults: 92 minor
05-20 16:12:29.244 E/ActivityManager(  374):   0.1% 568/com.android.nfc: 0% user + 0% kernel / faults: 31 minor
05-20 16:12:29.244 E/ActivityManager(  374):   0.4% 2462/com.dragon.android.pandaspace: 0.4% user + 0% kernel / faults: 57 minor
05-20 16:12:29.244 E/ActivityManager(  374):   0% 5500/com.dragon.android.pandaspace:bdservice_v1: 0% user + 0% kernel / faults: 107 minor
05-20 16:12:29.244 E/ActivityManager(  374):   0.2% 124/surfaceflinger: 0.1% user + 0.1% kernel
05-20 16:12:29.244 E/ActivityManager(  374):   0% 576/com.android.launcher: 0% user + 0% kernel / faults: 21 minor
05-20 16:12:29.244 E/ActivityManager(  374):   0% 82/mmcqd/0: 0% user + 0% kernel
05-20 16:12:29.244 E/ActivityManager(  374):   0% 92/dhd_dpc: 0% user + 0% kernel
05-20 16:12:29.244 E/ActivityManager(  374):   0% 114/jbd2/mmcblk0p12: 0% user + 0% kernel
05-20 16:12:29.244 E/ActivityManager(  374):   0% 442/wpa_supplicant: 0% user + 0% kernel
05-20 16:12:29.244 E/ActivityManager(  374):   0.1% 2530/com.qihoo.appstore: 0.1% user + 0% kernel
05-20 16:12:29.244 E/ActivityManager(  374):   0% 4648/logcat: 0% user + 0% kernel
05-20 16:12:29.244 E/ActivityManager(  374):   0.1% 5533/kworker/u:0: 0% user + 0.1% kernel
05-20 16:12:29.244 E/ActivityManager(  374): 100% TOTAL: 95% user + 4.2% kernel
05-20 16:12:29.244 E/ActivityManager(  374): CPU usage from 3655ms to 4193ms later:
05-20 16:12:29.244 E/ActivityManager(  374):   96% 5547/com.pekall.emdm.launcher:remote: 96% user + 0% kernel
05-20 16:12:29.244 E/ActivityManager(  374):     96% 5560/Thread-1767: 96% user + 0% kernel
05-20 16:12:29.244 E/ActivityManager(  374):   86% 5090/com.pekall.emdm.launcher: 86% user + 0% kernel
05-20 16:12:29.244 E/ActivityManager(  374):     86% 5103/Thread-1728: 86% user + 0% kernel
05-20 16:12:29.244 E/ActivityManager(  374):   9% 374/system_server: 3.6% user + 5.4% kernel / faults: 1 minor
05-20 16:12:29.244 E/ActivityManager(  374):     7.2% 390/ActivityManager: 1.8% user + 5.4% kernel
05-20 16:12:29.244 E/ActivityManager(  374):     1.8% 634/Binder_B: 1.8% user + 0% kernel
05-20 16:12:29.244 E/ActivityManager(  374):   4.1% 1468/com.qihoo.daemon: 1% user + 3.1% kernel / faults: 44 minor
05-20 16:12:29.244 E/ActivityManager(  374):     2% 4569/pool-169-thread: 0% user + 2% kernel
05-20 16:12:29.244 E/ActivityManager(  374):   0.9% 114/jbd2/mmcblk0p12: 0% user + 0.9% kernel
05-20 16:12:29.244 E/ActivityManager(  374): 100% TOTAL: 96% user + 3.7% kernel
05-20 16:12:29.244 W/ActivityManager(  374): Killing ProcessRecord{42d8b2a8 5547:com.pekall.emdm.launcher:remote/u0a10066}: background ANR
05-20 16:12:29.299 I/ActivityManager(  374): Process com.pekall.emdm.launcher:remote (pid 5547) has died.
05-20 16:12:29.299 W/ActivityManager(  374): Scheduling restart of crashed service com.pekall.emdm.launcher/com.baidu.location.f in 1280000ms
05-20 16:12:29.572 D/PhoneStatusBar(  448): disable: < expand icons alerts ticker system_info back home RECENT* clock SEARCH* >
05-20 16:12:29.627 D/PhoneStatusBar(  448): disable: < expand icons alerts ticker system_info BACK* HOME* RECENT CLOCK* SEARCH >
05-20 16:12:30.010 W/MountService(  374): getVolumeState(/storage/emulated/0/external_sd): Unknown volume
05-20 16:12:30.010 W/MountService(  374): getVolumeState(/mnt/sdcard-ext): Unknown volume
05-20 16:12:30.010 W/MountService(  374): getVolumeState(/mnt/ext_sdcard): Unknown volume
05-20 16:12:30.010 W/MountService(  374): getVolumeState(/mnt/sdcard2): Unknown volume
05-20 16:12:30.010 W/MountService(  374): getVolumeState(/mnt/emmc): Unknown volume
05-20 16:12:30.010 W/MountService(  374): getVolumeState(/mnt/extSdCard): Unknown volume
05-20 16:12:30.010 W/MountService(  374): getVolumeState(/mnt/sdcard/SD_CARD): Unknown volume
05-20 16:12:30.010 W/MountService(  374): getVolumeState(/mnt/sdcard/extra_sd): Unknown volume
05-20 16:12:30.017 W/MountService(  374): getVolumeState(/mnt/extrasd_bind): Unknown volume
05-20 16:12:30.017 W/MountService(  374): getVolumeState(/mnt/sdcard/ext_sd): Unknown volume
05-20 16:12:30.017 W/MountService(  374): getVolumeState(/storage/extSdCard): Unknown volume
05-20 16:12:30.017 W/MountService(  374): getVolumeState(/storage/sdcard1): Unknown volume
05-20 16:12:30.017 W/MountService(  374): getVolumeState(/mnt/sdcard/external_SD): Unknown volume
05-20 16:12:30.017 W/MountService(  374): getVolumeState(/mnt/sdcard/external_sd): Unknown volume
05-20 16:13:27.627 W/MountService(  374): getVolumeState(/storage/emulated/0/external_sd): Unknown volume
05-20 16:13:27.627 W/MountService(  374): getVolumeState(/mnt/sdcard-ext): Unknown volume
05-20 16:13:27.627 W/MountService(  374): getVolumeState(/mnt/ext_sdcard): Unknown volume
05-20 16:13:27.627 W/MountService(  374): getVolumeState(/mnt/sdcard2): Unknown volume
05-20 16:13:27.627 W/MountService(  374): getVolumeState(/mnt/emmc): Unknown volume
05-20 16:13:27.627 W/MountService(  374): getVolumeState(/mnt/extSdCard): Unknown volume
05-20 16:13:27.627 W/MountService(  374): getVolumeState(/mnt/sdcard/SD_CARD): Unknown volume
05-20 16:13:27.627 W/MountService(  374): getVolumeState(/mnt/sdcard/extra_sd): Unknown volume
05-20 16:13:27.627 W/MountService(  374): getVolumeState(/mnt/extrasd_bind): Unknown volume
05-20 16:13:27.627 W/MountService(  374): getVolumeState(/mnt/sdcard/ext_sd): Unknown volume
05-20 16:13:27.627 W/MountService(  374): getVolumeState(/storage/extSdCard): Unknown volume
05-20 16:13:27.635 W/MountService(  374): getVolumeState(/storage/sdcard1): Unknown volume
05-20 16:13:27.642 W/MountService(  374): getVolumeState(/mnt/sdcard/external_SD): Unknown volume
05-20 16:13:27.642 W/MountService(  374): getVolumeState(/mnt/sdcard/external_sd): Unknown volume
05-20 16:13:27.994 W/MountService(  374): getVolumeState(/storage/emulated/0/external_sd): Unknown volume
05-20 16:13:28.002 W/MountService(  374): getVolumeState(/mnt/sdcard-ext): Unknown volume
05-20 16:13:28.002 W/MountService(  374): getVolumeState(/mnt/ext_sdcard): Unknown volume
05-20 16:13:28.002 W/MountService(  374): getVolumeState(/mnt/sdcard2): Unknown volume
05-20 16:13:28.002 W/MountService(  374): getVolumeState(/mnt/emmc): Unknown volume
05-20 16:13:28.002 W/MountService(  374): getVolumeState(/mnt/extSdCard): Unknown volume
05-20 16:13:28.002 W/MountService(  374): getVolumeState(/mnt/sdcard/SD_CARD): Unknown volume
05-20 16:13:28.002 W/MountService(  374): getVolumeState(/mnt/sdcard/extra_sd): Unknown volume
05-20 16:13:28.010 W/MountService(  374): getVolumeState(/mnt/extrasd_bind): Unknown volume
05-20 16:13:28.010 W/MountService(  374): getVolumeState(/mnt/sdcard/ext_sd): Unknown volume
05-20 16:13:28.010 W/MountService(  374): getVolumeState(/storage/extSdCard): Unknown volume
05-20 16:13:28.010 W/MountService(  374): getVolumeState(/storage/sdcard1): Unknown volume
05-20 16:13:28.010 W/MountService(  374): getVolumeState(/mnt/sdcard/external_SD): Unknown volume
05-20 16:13:28.017 W/MountService(  374): getVolumeState(/mnt/sdcard/external_sd): Unknown volume
05-20 16:14:27.635 W/MountService(  374): getVolumeState(/storage/emulated/0/external_sd): Unknown volume
05-20 16:14:27.642 W/MountService(  374): getVolumeState(/mnt/sdcard-ext): Unknown volume
05-20 16:14:27.642 W/MountService(  374): getVolumeState(/mnt/ext_sdcard): Unknown volume
05-20 16:14:27.642 W/MountService(  374): getVolumeState(/mnt/sdcard2): Unknown volume
05-20 16:14:27.642 W/MountService(  374): getVolumeState(/mnt/emmc): Unknown volume
05-20 16:14:27.650 W/MountService(  374): getVolumeState(/mnt/extSdCard): Unknown volume
05-20 16:14:27.650 W/MountService(  374): getVolumeState(/mnt/sdcard/SD_CARD): Unknown volume
05-20 16:14:27.650 W/MountService(  374): getVolumeState(/mnt/sdcard/extra_sd): Unknown volume
05-20 16:14:27.650 W/MountService(  374): getVolumeState(/mnt/extrasd_bind): Unknown volume
05-20 16:14:27.650 W/MountService(  374): getVolumeState(/mnt/sdcard/ext_sd): Unknown volume
05-20 16:14:27.650 W/MountService(  374): getVolumeState(/storage/extSdCard): Unknown volume
05-20 16:14:27.650 W/MountService(  374): getVolumeState(/storage/sdcard1): Unknown volume
05-20 16:14:27.650 W/MountService(  374): getVolumeState(/mnt/sdcard/external_SD): Unknown volume
05-20 16:14:27.650 W/MountService(  374): getVolumeState(/mnt/sdcard/external_sd): Unknown volume
05-20 16:14:28.025 W/MountService(  374): getVolumeState(/storage/emulated/0/external_sd): Unknown volume
05-20 16:14:28.025 W/MountService(  374): getVolumeState(/mnt/sdcard-ext): Unknown volume
05-20 16:14:28.025 W/MountService(  374): getVolumeState(/mnt/ext_sdcard): Unknown volume
05-20 16:14:28.033 W/MountService(  374): getVolumeState(/mnt/sdcard2): Unknown volume
05-20 16:14:28.033 W/MountService(  374): getVolumeState(/mnt/emmc): Unknown volume
05-20 16:14:28.033 W/MountService(  374): getVolumeState(/mnt/extSdCard): Unknown volume
05-20 16:14:28.033 W/MountService(  374): getVolumeState(/mnt/sdcard/SD_CARD): Unknown volume
05-20 16:14:28.033 W/MountService(  374): getVolumeState(/mnt/sdcard/extra_sd): Unknown volume
05-20 16:14:28.033 W/MountService(  374): getVolumeState(/mnt/extrasd_bind): Unknown volume
05-20 16:14:28.033 W/MountService(  374): getVolumeState(/mnt/sdcard/ext_sd): Unknown volume
05-20 16:14:28.033 W/MountService(  374): getVolumeState(/storage/extSdCard): Unknown volume
05-20 16:14:28.033 W/MountService(  374): getVolumeState(/storage/sdcard1): Unknown volume
05-20 16:14:28.033 W/MountService(  374): getVolumeState(/mnt/sdcard/external_SD): Unknown volume
05-20 16:14:28.041 W/MountService(  374): getVolumeState(/mnt/sdcard/external_sd): Unknown volume
05-20 16:15:11.674 I/PowerManagerService(  374): Waking up from sleep...
05-20 16:15:11.705 I/WindowManager(  374): Lock screen displayed!
05-20 16:15:13.041 D/PhoneStatusBar(  448): disable: < expand icons alerts ticker system_info BACK HOME recent* CLOCK search* >
05-20 16:15:13.158 D/PhoneStatusBar(  448): disable: < expand icons alerts ticker system_info back* home* recent clock* search >
05-20 16:15:13.166 W/InputMethodManagerService(  374): Window already focused, ignoring focus gain of: com.android.internal.view.IInputMethodClient$Stub$Proxy@429e1ad8 attribute=android.view.inputmethod.EditorInfo@42938d50, token = android.os.BinderProxy@42942f70
05-20 16:15:17.025 I/ActivityManager(  374): START u0 {flg=0x10008000 cmp=com.pekall.emdm.launcher/com.pekall.emdm.ui.SplashActivity} from pid 5090
05-20 16:15:17.096 W/ActivityManager(  374): Unable to start service Intent { act=com.pekall.mdm.action.SELECT_ERASE } U=0: not found
05-20 16:15:18.127 W/ActivityManager(  374): Unable to start service Intent { cmp=com.pekall.emdm.launcher/com.pekall.semail.service.AttachmentDownloadService } U=0: not found
05-20 16:15:19.361 I/ActivityManager(  374): START u0 {cmp=com.pekall.emdm.launcher/com.pekall.emdm.ui.ActiveDeviceAdminActivity} from pid 5090
05-20 16:15:19.525 I/ActivityManager(  374): START u0 {cmp=com.pekall.emdm.launcher/com.pekall.emdm.ui.RegDeviceActivity} from pid 5090
05-20 16:15:27.635 W/MountService(  374): getVolumeState(/storage/emulated/0/external_sd): Unknown volume
05-20 16:15:27.635 W/MountService(  374): getVolumeState(/mnt/sdcard-ext): Unknown volume
05-20 16:15:27.635 W/MountService(  374): getVolumeState(/mnt/ext_sdcard): Unknown volume
05-20 16:15:27.635 W/MountService(  374): getVolumeState(/mnt/sdcard2): Unknown volume
05-20 16:15:27.635 W/MountService(  374): getVolumeState(/mnt/emmc): Unknown volume
05-20 16:15:27.635 W/MountService(  374): getVolumeState(/mnt/extSdCard): Unknown volume
05-20 16:15:27.642 W/MountService(  374): getVolumeState(/mnt/sdcard/SD_CARD): Unknown volume
05-20 16:15:27.642 W/MountService(  374): getVolumeState(/mnt/sdcard/extra_sd): Unknown volume
05-20 16:15:27.642 W/MountService(  374): getVolumeState(/mnt/extrasd_bind): Unknown volume
05-20 16:15:27.642 W/MountService(  374): getVolumeState(/mnt/sdcard/ext_sd): Unknown volume
05-20 16:15:27.642 W/MountService(  374): getVolumeState(/storage/extSdCard): Unknown volume
05-20 16:15:27.642 W/MountService(  374): getVolumeState(/storage/sdcard1): Unknown volume
05-20 16:15:27.650 W/MountService(  374): getVolumeState(/mnt/sdcard/external_SD): Unknown volume
05-20 16:15:27.650 W/MountService(  374): getVolumeState(/mnt/sdcard/external_sd): Unknown volume
05-20 16:15:27.931 W/MountService(  374): getVolumeState(/storage/emulated/0/external_sd): Unknown volume
05-20 16:15:27.931 W/MountService(  374): getVolumeState(/mnt/sdcard-ext): Unknown volume
05-20 16:15:27.931 W/MountService(  374): getVolumeState(/mnt/ext_sdcard): Unknown volume
05-20 16:15:27.931 W/MountService(  374): getVolumeState(/mnt/sdcard2): Unknown volume
05-20 16:15:27.931 W/MountService(  374): getVolumeState(/mnt/emmc): Unknown volume
05-20 16:15:27.931 W/MountService(  374): getVolumeState(/mnt/extSdCard): Unknown volume
05-20 16:15:27.931 W/MountService(  374): getVolumeState(/mnt/sdcard/SD_CARD): Unknown volume
05-20 16:15:27.931 W/MountService(  374): getVolumeState(/mnt/sdcard/extra_sd): Unknown volume
05-20 16:15:27.931 W/MountService(  374): getVolumeState(/mnt/extrasd_bind): Unknown volume
05-20 16:15:27.939 W/MountService(  374): getVolumeState(/mnt/sdcard/ext_sd): Unknown volume
05-20 16:15:27.939 W/MountService(  374): getVolumeState(/storage/extSdCard): Unknown volume
05-20 16:15:27.939 W/MountService(  374): getVolumeState(/storage/sdcard1): Unknown volume
05-20 16:15:27.947 W/MountService(  374): getVolumeState(/mnt/sdcard/external_SD): Unknown volume
05-20 16:15:27.947 W/MountService(  374): getVolumeState(/mnt/sdcard/external_sd): Unknown volume
05-20 16:15:45.549 I/PowerManagerService(  374): Going to sleep due to screen timeout...
05-20 16:15:45.596 I/PowerManagerService(  374): Waking up from sleep...
05-20 16:15:45.596 W/InputManager(  374): Input event injection from pid 5652 failed.
05-20 16:15:46.064 I/WindowManager(  374): No lock screen!
05-20 16:15:53.931 I/ActivityManager(  374): START u0 {flg=0x8000 cmp=com.pekall.emdm.launcher/.Launcher} from pid 5090
05-20 16:15:55.572 I/ActivityManager(  374): START u0 {flg=0x10000000 cmp=com.pekall.emdm.launcher/.ui.BackPersonalActivity} from pid 5090
05-20 16:15:56.080 W/ActivityManager(  374): Activity pause timeout for ActivityRecord{426fb620 u0 com.pekall.emdm.launcher/.Launcher}
05-20 16:15:56.603 W/ActivityManager(  374): Unable to start service Intent { cmp=com.pekall.emdm.launcher/com.pekall.semail.service.AttachmentDownloadService } U=0: not found
05-20 16:15:56.838 I/ActivityManager(  374): START u0 {act=android.intent.action.VIEW flg=0x10200000 cmp=com.android.launcher/com.android.launcher2.Launcher} from pid 5090
05-20 16:15:56.986 W/ActivityManager(  374): Unable to start service Intent { act=pekall.intent.action.DOWNLOAD_APP (has extras) } U=0: not found
05-20 16:16:09.846 I/ActivityManager(  374): Start proc com.pekall.emdm.launcher:remote for service com.pekall.emdm.launcher/com.baidu.location.f: pid=5703 uid=10066 gids={50066, 1015, 3002, 3001, 3003, 1028}
05-20 16:16:10.221 D/ActivityThread( 5703): Loading provider com.pekall.semail.provider;com.pekall.semail.notifier: com.pekall.semail.provider.EmailProvider
05-20 16:16:10.299 D/ActivityThread( 5703): Loading provider com.pekall.semail.provider;com.pekall.semail.notifier: com.pekall.semail.provider.EmailProvider
05-20 16:16:15.127 I/ActivityManager(  374): START u0 {act=android.intent.action.MAIN cat=[android.intent.category.LAUNCHER] flg=0x10200000 cmp=com.pekall.emdm.launcher/.Launcher} from pid 576
05-20 16:16:15.549 W/ActivityManager(  374): Unable to start service Intent { cmp=com.pekall.emdm.launcher/com.pekall.semail.service.AttachmentDownloadService } U=0: not found
05-20 16:16:17.166 I/ActivityManager(  374): START u0 {act=android.intent.action.MAIN cat=[android.intent.category.HOME] flg=0x10200000 cmp=com.pekall.emdm.launcher/.Launcher} from pid 374
05-20 16:16:22.744 V/PanelView(  448): animationTick called with dtms=0; nothing to do (h=0.0 v=4000.0)
05-20 16:16:22.744 V/PanelView(  448): animationTick called with dtms=0; nothing to do (h=0.0 v=4000.0)
05-20 16:16:28.049 W/MountService(  374): getVolumeState(/storage/emulated/0/external_sd): Unknown volume
05-20 16:16:28.697 W/MountService(  374): getVolumeState(/mnt/sdcard-ext): Unknown volume
05-20 16:16:28.697 W/MountService(  374): getVolumeState(/mnt/ext_sdcard): Unknown volume
05-20 16:16:28.697 W/MountService(  374): getVolumeState(/mnt/sdcard2): Unknown volume
05-20 16:16:29.096 W/MountService(  374): getVolumeState(/mnt/emmc): Unknown volume
05-20 16:16:29.127 W/MountService(  374): getVolumeState(/mnt/extSdCard): Unknown volume
05-20 16:16:29.181 W/MountService(  374): getVolumeState(/mnt/sdcard/SD_CARD): Unknown volume
05-20 16:16:29.213 W/MountService(  374): getVolumeState(/mnt/sdcard/extra_sd): Unknown volume
05-20 16:16:29.228 W/MountService(  374): getVolumeState(/mnt/extrasd_bind): Unknown volume
05-20 16:16:29.228 W/MountService(  374): getVolumeState(/mnt/sdcard/ext_sd): Unknown volume
05-20 16:16:29.228 W/MountService(  374): getVolumeState(/storage/extSdCard): Unknown volume
05-20 16:16:29.228 W/MountService(  374): getVolumeState(/storage/sdcard1): Unknown volume
05-20 16:16:29.244 W/MountService(  374): getVolumeState(/mnt/sdcard/external_SD): Unknown volume
05-20 16:16:29.244 W/MountService(  374): getVolumeState(/mnt/sdcard/external_sd): Unknown volume
05-20 16:16:29.877 W/ActivityManager(  374): Timeout executing service: ServiceRecord{43022348 u0 com.pekall.emdm.launcher/com.baidu.location.f}
05-20 16:16:34.205 E/ActivityManager(  374): ANR in com.pekall.emdm.launcher:remote
05-20 16:16:34.205 E/ActivityManager(  374): Reason: Executing service com.pekall.emdm.launcher/com.baidu.location.f
05-20 16:16:34.205 E/ActivityManager(  374): Load: 3.59 / 2.11 / 1.86
05-20 16:16:34.205 E/ActivityManager(  374): CPU usage from 6504ms to 0ms ago:
05-20 16:16:34.205 E/ActivityManager(  374):   76% 5703/com.pekall.emdm.launcher:remote: 76% user + 0% kernel
05-20 16:16:34.205 E/ActivityManager(  374):   71% 5090/com.pekall.emdm.launcher: 71% user + 0% kernel
05-20 16:16:34.205 E/ActivityManager(  374):   32% 448/com.android.systemui: 31% user + 1% kernel / faults: 537 minor 1 major
05-20 16:16:34.205 E/ActivityManager(  374):   12% 5741/uiautomator: 10% user + 1.6% kernel / faults: 2312 minor
05-20 16:16:34.205 E/ActivityManager(  374):   3.5% 374/system_server: 2.3% user + 1.2% kernel / faults: 38 minor
05-20 16:16:34.205 E/ActivityManager(  374):   0.1% 1468/com.qihoo.daemon: 0.1% user + 0% kernel / faults: 182 minor
05-20 16:16:34.205 E/ActivityManager(  374):   0.7% 1661/com.qihoo360.mobilesafe:GuardService: 0.4% user + 0.3% kernel / faults: 9 minor
05-20 16:16:34.205 E/ActivityManager(  374):   0.4% 135/adbd: 0.1% user + 0.3% kernel
05-20 16:16:34.205 E/ActivityManager(  374):   0.3% 124/surfaceflinger: 0.3% user + 0% kernel
05-20 16:16:34.205 E/ActivityManager(  374):   0% 82/mmcqd/0: 0% user + 0% kernel
05-20 16:16:34.205 E/ActivityManager(  374):   0.1% 116/servicemanager: 0% user + 0.1% kernel
05-20 16:16:34.205 E/ActivityManager(  374):   0% 121/netd: 0% user + 0% kernel
05-20 16:16:34.205 E/ActivityManager(  374):   0.1% 2530/com.qihoo.appstore: 0.1% user + 0% kernel
05-20 16:16:34.205 E/ActivityManager(  374):   0% 3634/kworker/1:0: 0% user + 0% kernel
05-20 16:16:34.205 E/ActivityManager(  374):   0.1% 5545/kworker/u:1: 0% user + 0.1% kernel
05-20 16:16:34.205 E/ActivityManager(  374):   0.1% 5579/kworker/0:1: 0% user + 0.1% kernel
05-20 16:16:34.205 E/ActivityManager(  374):   0.1% 5648/logcat: 0.1% user + 0% kernel
05-20 16:16:34.205 E/ActivityManager(  374):  +0% 5753/pool-169-thread: 0% user + 0% kernel
05-20 16:16:34.205 E/ActivityManager(  374): 100% TOTAL: 97% user + 2.3% kernel
05-20 16:16:34.205 E/ActivityManager(  374): CPU usage from 3065ms to 3626ms later:
05-20 16:16:34.205 E/ActivityManager(  374):   81% 5703/com.pekall.emdm.launcher:remote: 81% user + 0% kernel
05-20 16:16:34.205 E/ActivityManager(  374):     81% 5716/Thread-1770: 81% user + 0% kernel
05-20 16:16:34.205 E/ActivityManager(  374):   44% 5090/com.pekall.emdm.launcher: 44% user + 0% kernel
05-20 16:16:34.205 E/ActivityManager(  374):     45% 5103/Thread-1728: 45% user + 0% kernel
05-20 16:16:34.205 E/ActivityManager(  374):   40% 448/com.android.systemui: 40% user + 0% kernel / faults: 135 minor
05-20 16:16:34.205 E/ActivityManager(  374):     31% 448/ndroid.systemui: 31% user + 0% kernel
05-20 16:16:34.205 E/ActivityManager(  374):     5.2% 453/GC: 5.2% user + 0% kernel
05-20 16:16:34.205 E/ActivityManager(  374):   15% 5741/uiautomator: 15% user + 0% kernel / faults: 87 minor
05-20 16:16:34.205 E/ActivityManager(  374):     8.4% 5741/uiautomator: 6.7% user + 1.6% kernel
05-20 16:16:34.205 E/ActivityManager(  374):     3.3% 5749/Binder_1: 3.3% user + 0% kernel
05-20 16:16:34.205 E/ActivityManager(  374):     1.6% 5745/GC: 1.6% user + 0% kernel
05-20 16:16:34.205 E/ActivityManager(  374):     1.6% 5750/Binder_2: 1.6% user + 0% kernel
05-20 16:16:34.205 E/ActivityManager(  374):   12% 374/system_server: 8.9% user + 3.5% kernel / faults: 12 minor
05-20 16:16:34.205 E/ActivityManager(  374):     5.3% 390/ActivityManager: 3.5% user + 1.7% kernel
05-20 16:16:34.205 E/ActivityManager(  374):     1.7% 386/SensorService: 0% user + 1.7% kernel
05-20 16:16:34.205 E/ActivityManager(  374):     1.7% 619/Binder_8: 1.7% user + 0% kernel
05-20 16:16:34.205 E/ActivityManager(  374):     1.7% 3449/Binder_F: 1.7% user + 0% kernel
05-20 16:16:34.205 E/ActivityManager(  374):     1.7% 3489/Binder_10: 1.7% user + 0% kernel
05-20 16:16:34.205 E/ActivityManager(  374):   0.9% 1468/com.qihoo.daemon: 0.9% user + 0% kernel / faults: 108 minor
05-20 16:16:34.205 E/ActivityManager(  374):     1.8% 4571/pool-169-thread: 1.8% user + 0% kernel
05-20 16:16:34.205 E/ActivityManager(  374):   1% 2771/android.process.media: 1% user + 0% kernel / faults: 7 minor
05-20 16:16:34.205 E/ActivityManager(  374): 100% TOTAL: 97% user + 2.6% kernel
05-20 16:16:34.213 W/ActivityManager(  374): Killing ProcessRecord{42f8fa38 5703:com.pekall.emdm.launcher:remote/u0a10066}: background ANR
05-20 16:16:34.369 I/ActivityManager(  374): Process com.pekall.emdm.launcher:remote (pid 5703) has died.
05-20 16:16:34.369 W/ActivityManager(  374): Scheduling restart of crashed service com.pekall.emdm.launcher/com.baidu.location.f in 5000ms
05-20 16:16:34.478 W/MountService(  374): getVolumeState(/storage/emulated/0/external_sd): Unknown volume
05-20 16:16:34.478 W/MountService(  374): getVolumeState(/mnt/sdcard-ext): Unknown volume
05-20 16:16:34.486 W/MountService(  374): getVolumeState(/mnt/ext_sdcard): Unknown volume
05-20 16:16:34.486 W/MountService(  374): getVolumeState(/mnt/sdcard2): Unknown volume
05-20 16:16:34.486 W/MountService(  374): getVolumeState(/mnt/emmc): Unknown volume
05-20 16:16:34.486 W/MountService(  374): getVolumeState(/mnt/extSdCard): Unknown volume
05-20 16:16:34.486 W/MountService(  374): getVolumeState(/mnt/sdcard/SD_CARD): Unknown volume
05-20 16:16:34.486 W/MountService(  374): getVolumeState(/mnt/sdcard/extra_sd): Unknown volume
05-20 16:16:34.486 W/MountService(  374): getVolumeState(/mnt/extrasd_bind): Unknown volume
05-20 16:16:34.486 W/MountService(  374): getVolumeState(/mnt/sdcard/ext_sd): Unknown volume
05-20 16:16:34.486 W/MountService(  374): getVolumeState(/storage/extSdCard): Unknown volume
05-20 16:16:34.486 W/MountService(  374): getVolumeState(/storage/sdcard1): Unknown volume
05-20 16:16:34.486 W/MountService(  374): getVolumeState(/mnt/sdcard/external_SD): Unknown volume
05-20 16:16:34.486 W/MountService(  374): getVolumeState(/mnt/sdcard/external_sd): Unknown volume
05-20 16:16:39.400 I/ActivityManager(  374): Start proc com.pekall.emdm.launcher:remote for service com.pekall.emdm.launcher/com.baidu.location.f: pid=5756 uid=10066 gids={50066, 1015, 3002, 3001, 3003, 1028}
05-20 16:16:39.799 D/ActivityThread( 5756): Loading provider com.pekall.semail.provider;com.pekall.semail.notifier: com.pekall.semail.provider.EmailProvider
05-20 16:16:39.908 D/ActivityThread( 5756): Loading provider com.pekall.semail.provider;com.pekall.semail.notifier: com.pekall.semail.provider.EmailProvider
05-20 16:16:44.205 W/ActivityManager(  374): Unable to start service Intent { cmp=com.pekall.emdm.launcher/com.pekall.semail.service.AttachmentDownloadService } U=0: not found
05-20 16:16:47.166 I/PowerManagerService(  374): Going to sleep due to screen timeout...
05-20 16:16:47.213 I/PowerManagerService(  374): Waking up from sleep...
05-20 16:16:47.580 W/InputMethodManagerService(  374): Window already focused, ignoring focus gain of: com.android.internal.view.IInputMethodClient$Stub$Proxy@4283efd8 attribute=android.view.inputmethod.EditorInfo@427fe5a8, token = android.os.BinderProxy@42a0b6e0
05-20 16:16:48.080 V/PanelView(  448): animationTick called with dtms=0; nothing to do (h=0.0 v=4000.0)
05-20 16:16:52.408 D/PhoneStatusBar(  448): disable: < expand icons alerts ticker system_info back home RECENT* clock SEARCH* >
05-20 16:16:52.408 V/PanelView(  448): animationTick called with dtms=0; nothing to do (h=1184.0 v=-4000.0)
05-20 16:16:52.869 D/PhoneStatusBar(  448): disable: < expand icons alerts ticker system_info BACK* HOME* RECENT CLOCK* SEARCH >
05-20 16:16:57.885 W/BroadcastQueue(  374): Timeout of broadcast BroadcastRecord{430c6fd0 u-1 android.intent.action.SCREEN_OFF} - receiver=android.os.BinderProxy@4269aca8, started 10000ms ago
05-20 16:16:57.885 W/BroadcastQueue(  374): Receiver during timeout: BroadcastFilter{42d8eea8 u0 ReceiverList{42d912c8 5756 com.pekall.emdm.launcher:remote/10066/u0 remote:4269aca8}}
05-20 16:16:57.908 I/WindowManager(  374): Lock screen displayed!
05-20 16:17:01.478 E/ActivityManager(  374): ANR in com.pekall.emdm.launcher:remote
05-20 16:17:01.478 E/ActivityManager(  374): Reason: Broadcast of Intent { act=android.intent.action.SCREEN_OFF flg=0x50000010 }
05-20 16:17:01.478 E/ActivityManager(  374): Load: 3.86 / 2.3 / 1.93
05-20 16:17:01.478 E/ActivityManager(  374): CPU usage from 10491ms to 658ms ago:
05-20 16:17:01.478 E/ActivityManager(  374):   74% 5090/com.pekall.emdm.launcher: 74% user + 0.5% kernel / faults: 1387 minor
05-20 16:17:01.478 E/ActivityManager(  374):   74% 5756/com.pekall.emdm.launcher:remote: 74% user + 0% kernel / faults: 1 minor
05-20 16:17:01.478 E/ActivityManager(  374):   17% 448/com.android.systemui: 16% user + 1% kernel / faults: 699 minor
05-20 16:17:01.478 E/ActivityManager(  374):   12% 374/system_server: 10% user + 2.4% kernel / faults: 2309 minor 1 major
05-20 16:17:01.478 E/ActivityManager(  374):   3.2% 124/surfaceflinger: 1.3% user + 1.9% kernel / faults: 10206 minor
05-20 16:17:01.478 E/ActivityManager(  374):   0.3% 576/com.android.launcher: 0.2% user + 0% kernel / faults: 180 minor
05-20 16:17:01.478 E/ActivityManager(  374):   0.8% 1661/com.qihoo360.mobilesafe:GuardService: 0.8% user + 0% kernel / faults: 203 minor
05-20 16:17:01.478 E/ActivityManager(  374):   0.4% 135/adbd: 0.2% user + 0.2% kernel / faults: 19 minor
05-20 16:17:01.478 E/ActivityManager(  374):   0.1% 5545/kworker/u:1: 0% user + 0.1% kernel
05-20 16:17:01.478 E/ActivityManager(  374):   0% 5533/kworker/u:0: 0% user + 0% kernel
05-20 16:17:01.478 E/ActivityManager(  374):   0.3% 5579/kworker/0:1: 0% user + 0.3% kernel
05-20 16:17:01.478 E/ActivityManager(  374):   0% 24/kswapd0: 0% user + 0% kernel
05-20 16:17:01.478 E/ActivityManager(  374):   0% 121/netd: 0% user + 0% kernel
05-20 16:17:01.478 E/ActivityManager(  374):   0.2% 2530/com.qihoo.appstore: 0.2% user + 0% kernel / faults: 1 minor
05-20 16:17:01.478 E/ActivityManager(  374):   0% 2820/kworker/u:4: 0% user + 0% kernel
05-20 16:17:01.478 E/ActivityManager(  374):   0.1% 95/ueventd: 0% user + 0.1% kernel
05-20 16:17:01.478 E/ActivityManager(  374):   0.1% 116/servicemanager: 0% user + 0.1% kernel
05-20 16:17:01.478 E/ActivityManager(  374):   0.1% 117/vold: 0% user + 0.1% kernel
05-20 16:17:01.478 E/ActivityManager(  374):   0.1% 568/com.android.nfc: 0% user + 0.1% kernel / faults: 3 minor
05-20 16:17:01.478 E/ActivityManager(  374):   0.1% 1468/com.qihoo.daemon: 0% user + 0.1% kernel / faults: 33 minor
05-20 16:17:01.478 E/ActivityManager(  374):   0% 2267/com.tencent.android.qqdownloader: 0% user + 0% kernel / faults: 25 minor
05-20 16:17:01.478 E/ActivityManager(  374):   0.1% 2462/com.dragon.android.pandaspace: 0.1% user + 0% kernel / faults: 1 minor
05-20 16:17:01.478 E/ActivityManager(  374):   0.1% 3634/kworker/1:0: 0% user + 0.1% kernel
05-20 16:17:01.478 E/ActivityManager(  374):   0% 5432/com.google.android.apps.maps:GoogleLocationService: 0% user + 0% kernel / faults: 21 minor
05-20 16:17:01.478 E/ActivityManager(  374):   0% 5500/com.dragon.android.pandaspace:bdservice_v1: 0% user + 0% kernel / faults: 4 minor
05-20 16:17:01.478 E/ActivityManager(  374): 100% TOTAL: 96% user + 3.9% kernel
05-20 16:17:01.478 E/ActivityManager(  374): CPU usage from 2801ms to 3353ms later with 101% awake:
05-20 16:17:01.478 E/ActivityManager(  374):   92% 5090/com.pekall.emdm.launcher: 90% user + 1.8% kernel
05-20 16:17:01.478 E/ActivityManager(  374):     90% 5103/Thread-1728: 90% user + 0% kernel
05-20 16:17:01.478 E/ActivityManager(  374):   74% 5756/com.pekall.emdm.launcher:remote: 74% user + 0% kernel
05-20 16:17:01.478 E/ActivityManager(  374):     74% 5769/Thread-1773: 74% user + 0% kernel
05-20 16:17:01.478 E/ActivityManager(  374):   22% 374/system_server: 16% user + 5.6% kernel / faults: 24 minor
05-20 16:17:01.478 E/ActivityManager(  374):     16% 388/UI: 15% user + 1.8% kernel
05-20 16:17:01.478 E/ActivityManager(  374):     5.6% 390/ActivityManager: 1.8% user + 3.7% kernel
05-20 16:17:01.478 E/ActivityManager(  374):   3.7% 124/surfaceflinger: 3.7% user + 0% kernel
05-20 16:17:01.478 E/ActivityManager(  374):     1.8% 151/SurfaceFlinger: 1.8% user + 0% kernel
05-20 16:17:01.478 E/ActivityManager(  374):     1.8% 165/SurfaceFlinger: 0% user + 1.8% kernel
05-20 16:17:01.478 E/ActivityManager(  374):     1.8% 169/EventThread: 0% user + 1.8% kernel
05-20 16:17:01.478 E/ActivityManager(  374):     1.8% 170/Binder_1: 1.8% user + 0% kernel
05-20 16:17:01.478 E/ActivityManager(  374):     1.8% 263/Binder_3: 0% user + 1.8% kernel
05-20 16:17:01.478 E/ActivityManager(  374):     1.8% 5942/Binder_6: 1.8% user + 0% kernel
05-20 16:17:01.478 E/ActivityManager(  374):   1.2% 3787/kworker/u:2: 0% user + 1.2% kernel
05-20 16:17:01.478 E/ActivityManager(  374):   1.2% 5533/kworker/u:0: 0% user + 1.2% kernel
05-20 16:17:01.478 E/ActivityManager(  374): 100% TOTAL: 93% user + 6.4% kernel
05-20 16:17:01.494 W/ActivityManager(  374): Killing ProcessRecord{4228e180 5756:com.pekall.emdm.launcher:remote/u0a10066}: background ANR
05-20 16:17:01.494 W/ActivityManager(  374): Timeout executing service: ServiceRecord{43022348 u0 com.pekall.emdm.launcher/com.baidu.location.f}
05-20 16:17:01.502 I/ActivityManager(  374): Skipping duplicate ANR: ProcessRecord{4228e180 5756:com.pekall.emdm.launcher:remote/u0a10066} Executing service com.pekall.emdm.launcher/com.baidu.location.f
05-20 16:17:01.525 I/ActivityManager(  374): Process com.pekall.emdm.launcher:remote (pid 5756) has died.
05-20 16:17:01.525 W/ActivityManager(  374): Scheduling restart of crashed service com.pekall.emdm.launcher/com.baidu.location.f in 20000ms
05-20 16:17:21.549 I/ActivityManager(  374): Start proc com.pekall.emdm.launcher:remote for service com.pekall.emdm.launcher/com.baidu.location.f: pid=5807 uid=10066 gids={50066, 1015, 3002, 3001, 3003, 1028}
05-20 16:17:21.775 D/ActivityThread( 5807): Loading provider com.pekall.semail.provider;com.pekall.semail.notifier: com.pekall.semail.provider.EmailProvider
05-20 16:17:21.791 D/ActivityThread( 5807): Loading provider com.pekall.semail.provider;com.pekall.semail.notifier: com.pekall.semail.provider.EmailProvider
05-20 16:17:22.377 I/PowerManagerService(  374): Going to sleep due to screen timeout...
05-20 16:17:24.986 W/ActivityManager(  374): Unable to start service Intent { cmp=com.pekall.emdm.launcher/com.pekall.semail.service.AttachmentDownloadService } U=0: not found
05-20 16:17:27.986 W/MountService(  374): getVolumeState(/storage/emulated/0/external_sd): Unknown volume
05-20 16:17:27.986 W/MountService(  374): getVolumeState(/mnt/sdcard-ext): Unknown volume
05-20 16:17:28.017 W/MountService(  374): getVolumeState(/mnt/ext_sdcard): Unknown volume
05-20 16:17:28.025 W/MountService(  374): getVolumeState(/mnt/sdcard2): Unknown volume
05-20 16:17:28.049 W/MountService(  374): getVolumeState(/mnt/emmc): Unknown volume
05-20 16:17:28.064 W/MountService(  374): getVolumeState(/mnt/extSdCard): Unknown volume
05-20 16:17:28.064 W/MountService(  374): getVolumeState(/mnt/sdcard/SD_CARD): Unknown volume
05-20 16:17:28.088 W/MountService(  374): getVolumeState(/mnt/sdcard/extra_sd): Unknown volume
05-20 16:17:28.088 W/MountService(  374): getVolumeState(/mnt/extrasd_bind): Unknown volume
05-20 16:17:28.103 W/MountService(  374): getVolumeState(/mnt/sdcard/ext_sd): Unknown volume
05-20 16:17:28.127 W/MountService(  374): getVolumeState(/storage/extSdCard): Unknown volume
05-20 16:17:28.135 W/MountService(  374): getVolumeState(/storage/sdcard1): Unknown volume
05-20 16:17:28.166 W/MountService(  374): getVolumeState(/mnt/sdcard/external_SD): Unknown volume
05-20 16:17:28.181 W/MountService(  374): getVolumeState(/mnt/sdcard/external_sd): Unknown volume
05-20 16:17:32.814 W/MountService(  374): getVolumeState(/storage/emulated/0/external_sd): Unknown volume
05-20 16:17:32.814 W/MountService(  374): getVolumeState(/mnt/sdcard-ext): Unknown volume
05-20 16:17:32.830 W/MountService(  374): getVolumeState(/mnt/ext_sdcard): Unknown volume
05-20 16:17:32.830 W/MountService(  374): getVolumeState(/mnt/sdcard2): Unknown volume
05-20 16:17:32.846 W/MountService(  374): getVolumeState(/mnt/emmc): Unknown volume
05-20 16:17:32.846 W/MountService(  374): getVolumeState(/mnt/extSdCard): Unknown volume
05-20 16:17:32.846 W/MountService(  374): getVolumeState(/mnt/sdcard/SD_CARD): Unknown volume
05-20 16:17:32.877 W/MountService(  374): getVolumeState(/mnt/sdcard/extra_sd): Unknown volume
05-20 16:17:32.924 W/MountService(  374): getVolumeState(/mnt/extrasd_bind): Unknown volume
05-20 16:17:32.924 W/MountService(  374): getVolumeState(/mnt/sdcard/ext_sd): Unknown volume
05-20 16:17:32.955 W/MountService(  374): getVolumeState(/storage/extSdCard): Unknown volume
05-20 16:17:32.955 W/MountService(  374): getVolumeState(/storage/sdcard1): Unknown volume
05-20 16:17:32.955 W/MountService(  374): getVolumeState(/mnt/sdcard/external_SD): Unknown volume
05-20 16:17:33.010 W/MountService(  374): getVolumeState(/mnt/sdcard/external_sd): Unknown volume
05-20 16:17:33.447 W/BroadcastQueue(  374): Timeout of broadcast BroadcastRecord{4302cea8 u-1 android.intent.action.SCREEN_OFF} - receiver=android.os.BinderProxy@42945570, started 10001ms ago
05-20 16:17:33.447 W/BroadcastQueue(  374): Receiver during timeout: BroadcastFilter{4288e500 u0 ReceiverList{4288ed88 5807 com.pekall.emdm.launcher:remote/10066/u0 remote:42945570}}
05-20 16:17:39.986 E/ActivityManager(  374): ANR in com.pekall.emdm.launcher:remote
05-20 16:17:39.986 E/ActivityManager(  374): Reason: Broadcast of Intent { act=android.intent.action.SCREEN_OFF flg=0x50000010 }
05-20 16:17:39.986 E/ActivityManager(  374): Load: 3.74 / 2.43 / 1.99
05-20 16:17:39.986 E/ActivityManager(  374): CPU usage from 0ms to 6492ms later with 99% awake:
05-20 16:17:39.986 E/ActivityManager(  374):   84% 5807/com.pekall.emdm.launcher:remote: 83% user + 0.3% kernel / faults: 113 minor
05-20 16:17:39.986 E/ActivityManager(  374):   82% 5090/com.pekall.emdm.launcher: 82% user + 0% kernel
05-20 16:17:39.986 E/ActivityManager(  374):   26% 374/system_server: 21% user + 5% kernel / faults: 483 minor
05-20 16:17:39.986 E/ActivityManager(  374):   1.7% 448/com.android.systemui: 1.5% user + 0.2% kernel / faults: 147 minor
05-20 16:17:39.986 E/ActivityManager(  374):   0.7% 561/com.android.phone: 0.4% user + 0.3% kernel / faults: 29 minor
05-20 16:17:39.986 E/ActivityManager(  374):   0.7% 1468/com.qihoo.daemon: 0.4% user + 0.3% kernel / faults: 39 minor
