05-20 16:42:55.994 E/ActivityManager(  374):     83% 7705/Thread-1869: 83% user + 0% kernel
05-20 16:42:55.994 E/ActivityManager(  374):   76% 6748/com.pekall.emdm.launcher: 76% user + 0% kernel
05-20 16:42:55.994 E/ActivityManager(  374):     76% 6761/Thread-1830: 76% user + 0% kernel
05-20 16:42:55.994 E/ActivityManager(  374):   18% 374/system_server: 7.4% user + 11% kernel / faults: 20 minor
05-20 16:42:55.994 E/ActivityManager(  374):     7.4% 390/ActivityManager: 0% user + 7.4% kernel
05-20 16:42:55.994 E/ActivityManager(  374):     1.8% 625/Binder_9: 0% user + 1.8% kernel
05-20 16:42:55.994 E/ActivityManager(  374):     1.8% 701/Binder_C: 1.8% user + 0% kernel
05-20 16:42:55.994 E/ActivityManager(  374):   9% 6365/com.google.android.gallery3d: 9% user + 0% kernel / faults: 15 minor
05-20 16:42:55.994 E/ActivityManager(  374):     5.4% 6365/droid.gallery3d: 3.6% user + 1.8% kernel
05-20 16:42:55.994 E/ActivityManager(  374):     3.6% 7624/thread-pool-1: 3.6% user + 0% kernel
05-20 16:42:55.994 E/ActivityManager(  374):     1.8% 6378/Binder_1: 1.8% user + 0% kernel
05-20 16:42:55.994 E/ActivityManager(  374):     1.8% 6380/Binder_3: 1.8% user + 0% kernel
05-20 16:42:55.994 E/ActivityManager(  374):     1.8% 7726/Thread-1834: 1.8% user + 0% kernel
05-20 16:42:55.994 E/ActivityManager(  374):   1.8% 124/surfaceflinger: 1.8% user + 0% kernel
05-20 16:42:55.994 E/ActivityManager(  374):     1.8% 169/EventThread: 1.8% user + 0% kernel
05-20 16:42:55.994 E/ActivityManager(  374):   0.9% 127/mediaserver: 0% user + 0.9% kernel
05-20 16:42:55.994 E/ActivityManager(  374):     0.9% 7747/OMXCallbackThre: 0% user + 0.9% kernel
05-20 16:42:55.994 E/ActivityManager(  374):     0.9% 7754/DisplayThread: 0% user + 0.9% kernel
05-20 16:42:55.994 E/ActivityManager(  374):   1.7% 2462/com.dragon.android.pandaspace: 1.7% user + 0% kernel
05-20 16:42:55.994 E/ActivityManager(  374):     3.5% 7582/Timer-61: 1.7% user + 1.7% kernel
05-20 16:42:55.994 E/ActivityManager(  374):   1.4% 7755/android.process.acore: 0% user + 1.4% kernel / faults: 175 minor
05-20 16:42:55.994 E/ActivityManager(  374):     1.4% 7767/ApplicationsPro: 0% user + 1.4% kernel
05-20 16:42:55.994 E/ActivityManager(  374): 100% TOTAL: 92% user + 7.6% kernel
05-20 16:42:56.002 W/ActivityManager(  374): Killing ProcessRecord{428eb9d8 7692:com.pekall.emdm.launcher:remote/u0a10066}: background ANR
05-20 16:42:56.025 D/ExchangeService( 6748): !!! EAS ExchangeService, onDestroy
05-20 16:42:56.025 I/ActivityManager(  374): Process com.pekall.emdm.launcher:remote (pid 7692) has died.
05-20 16:42:56.025 W/ActivityManager(  374): Scheduling restart of crashed service com.pekall.emdm.launcher/com.baidu.location.f in 320000ms
05-20 16:42:56.096 I/dalvikvm( 7755): Wrote stack traces to '/data/anr/traces.txt'
05-20 16:42:56.103 I/dalvikvm( 2462): Wrote stack traces to '/data/anr/traces.txt'
05-20 16:42:56.174 I/ContactLocale( 7755): AddressBook Labels [en_US]: [, A, B, C, D, E, F, G, H, I, J, K, L, M, N, O, P, Q, R, S, T, U, V, W, X, Y, Z, , , , , , , , , , , , , , , , , , , , , , , , , , , , , , , , , , , , , , , , , , , , , , , , , , , , , , , , , , , , , , , , , , , , , , , , , , , , , , , , , , , , , , , , , , , , , , , , , , , , , , , , , , , , , , , , , , , , , , , , , , , , , , , , , , , , , , , , , , , , , , , , , , , , , , , , , , , , , , , , , , , , , , , , , , , , , , , , , , , , , , #, ]
05-20 16:42:56.205 I/dalvikvm( 6365): Wrote stack traces to '/data/anr/traces.txt'
05-20 16:42:56.346 D/dalvikvm( 7755): GC_CONCURRENT freed 271K, 4% free 9286K/9600K, paused 3ms+4ms, total 31ms
05-20 16:42:56.603 W/MountService(  374): getVolumeState(/storage/emulated/0/external_sd): Unknown volume
05-20 16:42:56.619 W/MountService(  374): getVolumeState(/mnt/sdcard-ext): Unknown volume
05-20 16:42:56.619 W/MountService(  374): getVolumeState(/mnt/ext_sdcard): Unknown volume
05-20 16:42:56.619 W/MountService(  374): getVolumeState(/mnt/sdcard2): Unknown volume
05-20 16:42:56.619 W/MountService(  374): getVolumeState(/mnt/emmc): Unknown volume
05-20 16:42:56.627 W/MountService(  374): getVolumeState(/mnt/extSdCard): Unknown volume
05-20 16:42:56.627 W/MountService(  374): getVolumeState(/mnt/sdcard/SD_CARD): Unknown volume
05-20 16:42:56.635 W/MountService(  374): getVolumeState(/mnt/sdcard/extra_sd): Unknown volume
05-20 16:42:56.635 W/MountService(  374): getVolumeState(/mnt/extrasd_bind): Unknown volume
05-20 16:42:56.635 W/MountService(  374): getVolumeState(/mnt/sdcard/ext_sd): Unknown volume
05-20 16:42:56.635 W/MountService(  374): getVolumeState(/storage/extSdCard): Unknown volume
05-20 16:42:56.635 W/MountService(  374): getVolumeState(/storage/sdcard1): Unknown volume
05-20 16:42:56.642 W/MountService(  374): getVolumeState(/mnt/sdcard/external_SD): Unknown volume
05-20 16:42:56.642 W/MountService(  374): getVolumeState(/mnt/sdcard/external_sd): Unknown volume
05-20 16:42:56.705 D/dalvikvm( 1468): GC_CONCURRENT freed 520K, 20% free 9717K/12104K, paused 20ms+11ms, total 129ms
05-20 16:42:56.705 D/dalvikvm( 1468): WAIT_FOR_CONCURRENT_GC blocked 58ms
05-20 16:42:56.705 D/dalvikvm( 1468): WAIT_FOR_CONCURRENT_GC blocked 51ms
05-20 16:42:59.244 D/AndroidRuntime( 7776): 
05-20 16:42:59.244 D/AndroidRuntime( 7776): >>>>>> AndroidRuntime START com.android.internal.os.RuntimeInit <<<<<<
05-20 16:42:59.244 D/AndroidRuntime( 7776): CheckJNI is OFF
05-20 16:42:59.252 D/dalvikvm( 7776): Trying to load lib libjavacore.so 0x0
05-20 16:42:59.252 D/dalvikvm( 7776): Added shared lib libjavacore.so 0x0
05-20 16:42:59.267 D/dalvikvm( 7776): Trying to load lib libnativehelper.so 0x0
05-20 16:42:59.267 D/dalvikvm( 7776): Added shared lib libnativehelper.so 0x0
05-20 16:42:59.416 D/AndroidRuntime( 7776): Calling main entry com.android.commands.uiautomator.Launcher
05-20 16:42:59.447 D/dalvikvm( 7776): Note: class Landroid/app/ActivityManagerNative; has 163 unimplemented (abstract) methods
05-20 16:43:00.330 D/dalvikvm(  374): GC_FOR_ALLOC freed 2454K, 24% free 21797K/28656K, paused 71ms, total 71ms
05-20 16:43:00.338 V/StateManager( 6365): no more state, finish activity
05-20 16:43:00.338 V/StateManager( 6365): finishState com.android.gallery3d.app.FilmstripPage@42307300
05-20 16:43:00.338 I/WindowManager(  374): Screenshot Window{42cf7b80 u0 com.google.android.gallery3d/com.android.camera.CameraLauncher} was all black! mSurfaceLayer=21020 minLayer=21020 maxLayer=21020
05-20 16:43:00.486 V/CAM_PhotoModule( 6365): stopPreview
05-20 16:43:00.486 E/CameraHAL(  127): Adapter state switch PREVIEW_ACTIVE Invalid Op! event = 0xf
05-20 16:43:00.603 I/CameraClient(  127): Destroying camera 0
05-20 16:43:00.681 W/AudioFlinger(  127): session id 555 not found for pid 127
05-20 16:43:00.681 W/AudioFlinger(  127): session id 556 not found for pid 127
05-20 16:43:01.314 V/StateManager( 6365): destroy
05-20 16:43:01.806 D/dalvikvm( 2462): GC_CONCURRENT freed 655K, 9% free 9521K/10404K, paused 1ms+2ms, total 21ms
05-20 16:43:01.806 D/dalvikvm( 2462): WAIT_FOR_CONCURRENT_GC blocked 5ms
05-20 16:43:01.908 I/QueryController( 7776): Matched selector: UiSelector[DESCRIPTION=Apps, PACKAGE NAME=com.android.launcher] <<==>> [android.view.accessibility.AccessibilityNodeInfo@18a91; boundsInParent: Rect(524257, 0 - 524399, 104); boundsInScreen: Rect(0, 50 - 142, 154); packageName: com.android.launcher; className: android.widget.TextView; text: Apps; contentDescription: Apps; viewIdResName: null; checkable: false; checked: false; focusable: true; focused: false; selected: true; clickable: true; longClickable: false; enabled: true; password: false; scrollable: false; [ACTION_FOCUS, ACTION_SELECT, ACTION_CLEAR_SELECTION, ACTION_CLICK, ACTION_ACCESSIBILITY_FOCUS, ACTION_NEXT_AT_MOVEMENT_GRANULARITY, ACTION_PREVIOUS_AT_MOVEMENT_GRANULARITY, ACTION_SET_SELECTION]]
05-20 16:43:01.931 I/QueryController( 7776): Matched selector: UiSelector[DESCRIPTION=Apps, PACKAGE NAME=com.android.launcher] <<==>> [android.view.accessibility.AccessibilityNodeInfo@18a91; boundsInParent: Rect(524257, 0 - 524399, 104); boundsInScreen: Rect(0, 50 - 142, 154); packageName: com.android.launcher; className: android.widget.TextView; text: Apps; contentDescription: Apps; viewIdResName: null; checkable: false; checked: false; focusable: true; focused: false; selected: true; clickable: true; longClickable: false; enabled: true; password: false; scrollable: false; [ACTION_FOCUS, ACTION_SELECT, ACTION_CLEAR_SELECTION, ACTION_CLICK, ACTION_ACCESSIBILITY_FOCUS, ACTION_NEXT_AT_MOVEMENT_GRANULARITY, ACTION_PREVIOUS_AT_MOVEMENT_GRANULARITY, ACTION_SET_SELECTION]]
05-20 16:43:01.931 D/InteractionController( 7776): clickAndWaitForNewWindow(71, 102)
05-20 16:43:05.041 W/InteractionController( 7776): runAndwaitForEvent timedout waiting for events
05-20 16:43:05.064 I/QueryController( 7776): Matched selector: UiSelector[TEXT=Apps, CLASS=android.widget.TextView, PACKAGE NAME=com.android.launcher] <<==>> [android.view.accessibility.AccessibilityNodeInfo@18a91; boundsInParent: Rect(524257, 0 - 524399, 104); boundsInScreen: Rect(0, 50 - 142, 154); packageName: com.android.launcher; className: android.widget.TextView; text: Apps; contentDescription: Apps; viewIdResName: null; checkable: false; checked: false; focusable: true; focused: false; selected: true; clickable: true; longClickable: false; enabled: true; password: false; scrollable: false; [ACTION_FOCUS, ACTION_SELECT, ACTION_CLEAR_SELECTION, ACTION_CLICK, ACTION_ACCESSIBILITY_FOCUS, ACTION_NEXT_AT_MOVEMENT_GRANULARITY, ACTION_PREVIOUS_AT_MOVEMENT_GRANULARITY, ACTION_SET_SELECTION]]
05-20 16:43:05.088 I/QueryController( 7776): Matched selector: UiSelector[TEXT=Apps, CLASS=android.widget.TextView, PACKAGE NAME=com.android.launcher] <<==>> [android.view.accessibility.AccessibilityNodeInfo@18a91; boundsInParent: Rect(524257, 0 - 524399, 104); boundsInScreen: Rect(0, 50 - 142, 154); packageName: com.android.launcher; className: android.widget.TextView; text: Apps; contentDescription: Apps; viewIdResName: null; checkable: false; checked: false; focusable: true; focused: false; selected: true; clickable: true; longClickable: false; enabled: true; password: false; scrollable: false; [ACTION_FOCUS, ACTION_SELECT, ACTION_CLEAR_SELECTION, ACTION_CLICK, ACTION_ACCESSIBILITY_FOCUS, ACTION_NEXT_AT_MOVEMENT_GRANULARITY, ACTION_PREVIOUS_AT_MOVEMENT_GRANULARITY, ACTION_SET_SELECTION]]
05-20 16:43:05.088 D/UiObject( 7776): getText() = Apps
05-20 16:43:05.111 I/QueryController( 7776): Matched selector: UiSelector[TEXT=Apps, CLASS=android.widget.TextView, PACKAGE NAME=com.android.launcher] <<==>> [android.view.accessibility.AccessibilityNodeInfo@18a91; boundsInParent: Rect(524257, 0 - 524399, 104); boundsInScreen: Rect(0, 50 - 142, 154); packageName: com.android.launcher; className: android.widget.TextView; text: Apps; contentDescription: Apps; viewIdResName: null; checkable: false; checked: false; focusable: true; focused: false; selected: true; clickable: true; longClickable: false; enabled: true; password: false; scrollable: false; [ACTION_FOCUS, ACTION_SELECT, ACTION_CLEAR_SELECTION, ACTION_CLICK, ACTION_ACCESSIBILITY_FOCUS, ACTION_NEXT_AT_MOVEMENT_GRANULARITY, ACTION_PREVIOUS_AT_MOVEMENT_GRANULARITY, ACTION_SET_SELECTION]]
05-20 16:43:05.135 I/QueryController( 7776): Matched selector: UiSelector[TEXT=Apps, CLASS=android.widget.TextView, PACKAGE NAME=com.android.launcher] <<==>> [android.view.accessibility.AccessibilityNodeInfo@18a91; boundsInParent: Rect(524257, 0 - 524399, 104); boundsInScreen: Rect(0, 50 - 142, 154); packageName: com.android.launcher; className: android.widget.TextView; text: Apps; contentDescription: Apps; viewIdResName: null; checkable: false; checked: false; focusable: true; focused: false; selected: true; clickable: true; longClickable: false; enabled: true; password: false; scrollable: false; [ACTION_FOCUS, ACTION_SELECT, ACTION_CLEAR_SELECTION, ACTION_CLICK, ACTION_ACCESSIBILITY_FOCUS, ACTION_NEXT_AT_MOVEMENT_GRANULARITY, ACTION_PREVIOUS_AT_MOVEMENT_GRANULARITY, ACTION_SET_SELECTION]]
05-20 16:43:05.135 D/InteractionController( 7776): clickAndWaitForNewWindow(71, 102)
05-20 16:43:08.236 W/InteractionController( 7776): runAndwaitForEvent timedout waiting for events
05-20 16:43:08.252 I/QueryController( 7776): Matched selector: UiSelector[PACKAGE NAME=com.android.launcher] <<==>> [android.view.accessibility.AccessibilityNodeInfo@7888; boundsInParent: Rect(0, 0 - 720, 1184); boundsInScreen: Rect(0, 0 - 720, 1184); packageName: com.android.launcher; className: android.widget.FrameLayout; text: null; contentDescription: null; viewIdResName: null; checkable: false; checked: false; focusable: false; focused: false; selected: false; clickable: false; longClickable: false; enabled: true; password: false; scrollable: false; [ACTION_SELECT, ACTION_CLEAR_SELECTION, ACTION_ACCESSIBILITY_FOCUS]]
05-20 16:43:09.010 D/dalvikvm( 1661): GC_EXPLICIT freed 374K, 18% free 13105K/15888K, paused 2ms+3ms, total 61ms
05-20 16:43:10.103 I/QueryController( 7776): Matched selector: UiSelector[TEXT=Settings] <<==>> [android.view.accessibility.AccessibilityNodeInfo@c60b4; boundsInParent: Rect(0, 0 - 148, 184); boundsInScreen: Rect(16, 379 - 164, 563); packageName: com.android.launcher; className: android.widget.TextView; text: Settings; contentDescription: null; viewIdResName: null; checkable: false; checked: false; focusable: true; focused: false; selected: false; clickable: true; longClickable: true; enabled: true; password: false; scrollable: false; [ACTION_FOCUS, ACTION_SELECT, ACTION_CLEAR_SELECTION, ACTION_CLICK, ACTION_LONG_CLICK, ACTION_ACCESSIBILITY_FOCUS, ACTION_NEXT_AT_MOVEMENT_GRANULARITY, ACTION_PREVIOUS_AT_MOVEMENT_GRANULARITY, ACTION_SET_SELECTION]]
05-20 16:43:10.135 I/QueryController( 7776): Matched selector: UiSelector[TEXT=Settings] <<==>> [android.view.accessibility.AccessibilityNodeInfo@c60b4; boundsInParent: Rect(0, 0 - 148, 184); boundsInScreen: Rect(16, 379 - 164, 563); packageName: com.android.launcher; className: android.widget.TextView; text: Settings; contentDescription: null; viewIdResName: null; checkable: false; checked: false; focusable: true; focused: false; selected: false; clickable: true; longClickable: true; enabled: true; password: false; scrollable: false; [ACTION_FOCUS, ACTION_SELECT, ACTION_CLEAR_SELECTION, ACTION_CLICK, ACTION_LONG_CLICK, ACTION_ACCESSIBILITY_FOCUS, ACTION_NEXT_AT_MOVEMENT_GRANULARITY, ACTION_PREVIOUS_AT_MOVEMENT_GRANULARITY, ACTION_SET_SELECTION]]
05-20 16:43:10.135 D/InteractionController( 7776): clickAndWaitForNewWindow(90, 471)
05-20 16:43:10.260 W/Parcel  ( 1661): Attempt to read object from Parcel 0x6003bdac at offset 200 that is not in the object list
05-20 16:43:10.267 I/ActivityManager(  374): START u0 {act=android.intent.action.MAIN cat=[android.intent.category.LAUNCHER] flg=0x10200000 cmp=com.android.settings/.Settings} from pid 576
05-20 16:43:10.400 D/dalvikvm(  374): GC_FOR_ALLOC freed 852K, 23% free 22262K/28656K, paused 74ms, total 74ms
05-20 16:43:10.455 D/dalvikvm( 2462): GC_FOR_ALLOC freed 139K, 6% free 9615K/10188K, paused 34ms, total 34ms
05-20 16:43:10.455 I/dalvikvm-heap( 2462): Grow heap (frag case) to 9.636MB for 221232-byte allocation
05-20 16:43:10.510 D/BluetoothAdapter( 6694): 1110264080: getState() :  mService = null. Returning STATE_OFF
05-20 16:43:10.556 D/dalvikvm( 2462): GC_FOR_ALLOC freed <1K, 6% free 9831K/10408K, paused 100ms, total 100ms
05-20 16:43:10.627 D/WifiService(  374): setWifiEnabled: true pid=6694, uid=1000
05-20 16:43:10.642 D/BluetoothAdapter( 6694): 1110264080: getState() :  mService = null. Returning STATE_OFF
05-20 16:43:10.775 I/ActivityManager(  374): Displayed com.android.settings/.Settings: +351ms
05-20 16:43:12.181 I/QueryController( 7776): Matched selector: UiSelector[TEXT=Settings, CLASS=android.widget.TextView, PACKAGE NAME=com.android.settings] <<==>> [android.view.accessibility.AccessibilityNodeInfo@e3661; boundsInParent: Rect(0, 0 - 131, 48); boundsInScreen: Rect(97, 74 - 228, 122); packageName: com.android.settings; className: android.widget.TextView; text: Settings; contentDescription: null; viewIdResName: android:id/action_bar_title; checkable: false; checked: false; focusable: false; focused: false; selected: false; clickable: false; longClickable: false; enabled: true; password: false; scrollable: false; [ACTION_SELECT, ACTION_CLEAR_SELECTION, ACTION_ACCESSIBILITY_FOCUS, ACTION_NEXT_AT_MOVEMENT_GRANULARITY, ACTION_PREVIOUS_AT_MOVEMENT_GRANULARITY, ACTION_SET_SELECTION]]
05-20 16:43:12.213 I/QueryController( 7776): Matched selector: UiSelector[TEXT=WiFi] <<==>> [android.view.accessibility.AccessibilityNodeInfo@ee6d0; boundsInParent: Rect(0, 0 - 83, 48); boundsInScreen: Rect(116, 236 - 199, 284); packageName: com.android.settings; className: android.widget.TextView; text: WiFi; contentDescription: null; viewIdResName: android:id/title; checkable: false; checked: false; focusable: false; focused: false; selected: false; clickable: false; longClickable: false; enabled: true; password: false; scrollable: false; [ACTION_SELECT, ACTION_CLEAR_SELECTION, ACTION_ACCESSIBILITY_FOCUS, ACTION_NEXT_AT_MOVEMENT_GRANULARITY, ACTION_PREVIOUS_AT_MOVEMENT_GRANULARITY, ACTION_SET_SELECTION]]
05-20 16:43:12.244 I/QueryController( 7776): Matched selector: UiSelector[TEXT=WiFi] <<==>> [android.view.accessibility.AccessibilityNodeInfo@ee6d0; boundsInParent: Rect(0, 0 - 83, 48); boundsInScreen: Rect(116, 236 - 199, 284); packageName: com.android.settings; className: android.widget.TextView; text: WiFi; contentDescription: null; viewIdResName: android:id/title; checkable: false; checked: false; focusable: false; focused: false; selected: false; clickable: false; longClickable: false; enabled: true; password: false; scrollable: false; [ACTION_SELECT, ACTION_CLEAR_SELECTION, ACTION_ACCESSIBILITY_FOCUS, ACTION_NEXT_AT_MOVEMENT_GRANULARITY, ACTION_PREVIOUS_AT_MOVEMENT_GRANULARITY, ACTION_SET_SELECTION]]
05-20 16:43:12.244 D/InteractionController( 7776): clickAndWaitForNewWindow(157, 260)
05-20 16:43:12.424 W/Parcel  ( 1661): Attempt to read object from Parcel 0x5dfd3dac at offset 200 that is not in the object list
05-20 16:43:12.424 I/ActivityManager(  374): START u0 {act=android.intent.action.MAIN cmp=com.android.settings/.SubSettings (has extras)} from pid 6694
05-20 16:43:12.556 D/dalvikvm(  374): GC_FOR_ALLOC freed 1557K, 25% free 21518K/28656K, paused 83ms, total 85ms
05-20 16:43:12.627 D/dalvikvm( 6694): GC_CONCURRENT freed 893K, 6% free 17568K/18496K, paused 2ms+12ms, total 50ms
05-20 16:43:12.931 I/ActivityManager(  374): Displayed com.android.settings/.SubSettings: +365ms
05-20 16:43:12.955 I/AndroidRuntime( 7776): VM exiting with result code 0.
05-20 16:43:14.072 D/dalvikvm( 1661): GC_EXPLICIT freed 43K, 18% free 13084K/15888K, paused 3ms+4ms, total 66ms
05-20 16:43:24.049 D/dalvikvm( 1661): GC_EXPLICIT freed 27K, 18% free 13079K/15888K, paused 1ms+3ms, total 42ms
05-20 16:43:28.291 D/AndroidRuntime( 7804): 
05-20 16:43:28.291 D/AndroidRuntime( 7804): >>>>>> AndroidRuntime START com.android.internal.os.RuntimeInit <<<<<<
05-20 16:43:28.291 D/AndroidRuntime( 7804): CheckJNI is OFF
05-20 16:43:28.306 D/dalvikvm( 7804): Trying to load lib libjavacore.so 0x0
05-20 16:43:28.306 D/dalvikvm( 7804): Added shared lib libjavacore.so 0x0
05-20 16:43:28.314 D/dalvikvm( 7804): Trying to load lib libnativehelper.so 0x0
05-20 16:43:28.314 D/dalvikvm( 7804): Added shared lib libnativehelper.so 0x0
05-20 16:43:28.463 D/AndroidRuntime( 7804): Calling main entry com.android.commands.uiautomator.Launcher
05-20 16:43:28.494 D/dalvikvm( 7804): Note: class Landroid/app/ActivityManagerNative; has 163 unimplemented (abstract) methods
05-20 16:43:28.658 W/Parcel  ( 1661): Attempt to read object from Parcel 0x6003bdac at offset 200 that is not in the object list
05-20 16:43:28.705 D/dalvikvm( 1468): GC_CONCURRENT freed 446K, 20% free 9703K/12104K, paused 3ms+5ms, total 28ms
05-20 16:43:28.963 W/MountService(  374): getVolumeState(/storage/emulated/0/external_sd): Unknown volume
05-20 16:43:28.963 W/MountService(  374): getVolumeState(/mnt/sdcard-ext): Unknown volume
05-20 16:43:28.963 W/MountService(  374): getVolumeState(/mnt/ext_sdcard): Unknown volume
05-20 16:43:28.963 W/MountService(  374): getVolumeState(/mnt/sdcard2): Unknown volume
05-20 16:43:28.963 W/MountService(  374): getVolumeState(/mnt/emmc): Unknown volume
05-20 16:43:28.963 W/MountService(  374): getVolumeState(/mnt/extSdCard): Unknown volume
05-20 16:43:28.963 W/MountService(  374): getVolumeState(/mnt/sdcard/SD_CARD): Unknown volume
05-20 16:43:28.963 W/MountService(  374): getVolumeState(/mnt/sdcard/extra_sd): Unknown volume
05-20 16:43:28.963 W/MountService(  374): getVolumeState(/mnt/extrasd_bind): Unknown volume
05-20 16:43:28.971 W/MountService(  374): getVolumeState(/mnt/sdcard/ext_sd): Unknown volume
05-20 16:43:28.971 W/MountService(  374): getVolumeState(/storage/extSdCard): Unknown volume
05-20 16:43:28.971 W/MountService(  374): getVolumeState(/storage/sdcard1): Unknown volume
05-20 16:43:28.971 W/MountService(  374): getVolumeState(/mnt/sdcard/external_SD): Unknown volume
05-20 16:43:28.971 W/MountService(  374): getVolumeState(/mnt/sdcard/external_sd): Unknown volume
05-20 16:43:29.119 D/dalvikvm( 1468): GC_CONCURRENT freed 305K, 19% free 9831K/12104K, paused 4ms+3ms, total 58ms
05-20 16:43:29.283 W/MountService(  374): getVolumeState(/storage/emulated/0/external_sd): Unknown volume
05-20 16:43:29.291 W/MountService(  374): getVolumeState(/mnt/sdcard-ext): Unknown volume
05-20 16:43:29.291 W/MountService(  374): getVolumeState(/mnt/ext_sdcard): Unknown volume
05-20 16:43:29.291 W/MountService(  374): getVolumeState(/mnt/sdcard2): Unknown volume
05-20 16:43:29.291 W/MountService(  374): getVolumeState(/mnt/emmc): Unknown volume
05-20 16:43:29.291 W/MountService(  374): getVolumeState(/mnt/extSdCard): Unknown volume
05-20 16:43:29.291 W/MountService(  374): getVolumeState(/mnt/sdcard/SD_CARD): Unknown volume
05-20 16:43:29.299 W/MountService(  374): getVolumeState(/mnt/sdcard/extra_sd): Unknown volume
05-20 16:43:29.299 W/MountService(  374): getVolumeState(/mnt/extrasd_bind): Unknown volume
05-20 16:43:29.299 W/MountService(  374): getVolumeState(/mnt/sdcard/ext_sd): Unknown volume
05-20 16:43:29.299 W/MountService(  374): getVolumeState(/storage/extSdCard): Unknown volume
05-20 16:43:29.299 W/MountService(  374): getVolumeState(/storage/sdcard1): Unknown volume
05-20 16:43:29.299 W/MountService(  374): getVolumeState(/mnt/sdcard/external_SD): Unknown volume
05-20 16:43:29.299 W/MountService(  374): getVolumeState(/mnt/sdcard/external_sd): Unknown volume
05-20 16:43:29.330 D/dalvikvm( 1468): GC_CONCURRENT freed 546K, 20% free 9743K/12104K, paused 4ms+3ms, total 23ms
05-20 16:43:30.056 D/dalvikvm( 2462): GC_CONCURRENT freed 537K, 7% free 9681K/10408K, paused 3ms+7ms, total 70ms
05-20 16:43:30.213 D/dalvikvm(  374): GC_FOR_ALLOC freed 1169K, 23% free 22183K/28656K, paused 65ms, total 66ms
05-20 16:43:30.228 D/BluetoothAdapter( 6694): 1110264080: getState() :  mService = null. Returning STATE_OFF
05-20 16:43:31.072 D/dalvikvm(  374): GC_FOR_ALLOC freed 1164K, 24% free 21795K/28656K, paused 62ms, total 63ms
05-20 16:43:31.767 I/QueryController( 7804): Matched selector: UiSelector[DESCRIPTION=Apps, PACKAGE NAME=com.android.launcher] <<==>> [android.view.accessibility.AccessibilityNodeInfo@18a91; boundsInParent: Rect(524257, 0 - 524399, 104); boundsInScreen: Rect(0, 50 - 142, 154); packageName: com.android.launcher; className: android.widget.TextView; text: Apps; contentDescription: Apps; viewIdResName: null; checkable: false; checked: false; focusable: true; focused: false; selected: true; clickable: true; longClickable: false; enabled: true; password: false; scrollable: false; [ACTION_FOCUS, ACTION_SELECT, ACTION_CLEAR_SELECTION, ACTION_CLICK, ACTION_ACCESSIBILITY_FOCUS, ACTION_NEXT_AT_MOVEMENT_GRANULARITY, ACTION_PREVIOUS_AT_MOVEMENT_GRANULARITY, ACTION_SET_SELECTION]]
05-20 16:43:31.783 I/QueryController( 7804): Matched selector: UiSelector[DESCRIPTION=Apps, PACKAGE NAME=com.android.launcher] <<==>> [android.view.accessibility.AccessibilityNodeInfo@18a91; boundsInParent: Rect(524257, 0 - 524399, 104); boundsInScreen: Rect(0, 50 - 142, 154); packageName: com.android.launcher; className: android.widget.TextView; text: Apps; contentDescription: Apps; viewIdResName: null; checkable: false; checked: false; focusable: true; focused: false; selected: true; clickable: true; longClickable: false; enabled: true; password: false; scrollable: false; [ACTION_FOCUS, ACTION_SELECT, ACTION_CLEAR_SELECTION, ACTION_CLICK, ACTION_ACCESSIBILITY_FOCUS, ACTION_NEXT_AT_MOVEMENT_GRANULARITY, ACTION_PREVIOUS_AT_MOVEMENT_GRANULARITY, ACTION_SET_SELECTION]]
05-20 16:43:31.783 D/InteractionController( 7804): clickAndWaitForNewWindow(71, 102)
05-20 16:43:34.892 W/InteractionController( 7804): runAndwaitForEvent timedout waiting for events
05-20 16:43:34.908 I/QueryController( 7804): Matched selector: UiSelector[TEXT=Apps, CLASS=android.widget.TextView, PACKAGE NAME=com.android.launcher] <<==>> [android.view.accessibility.AccessibilityNodeInfo@18a91; boundsInParent: Rect(524257, 0 - 524399, 104); boundsInScreen: Rect(0, 50 - 142, 154); packageName: com.android.launcher; className: android.widget.TextView; text: Apps; contentDescription: Apps; viewIdResName: null; checkable: false; checked: false; focusable: true; focused: false; selected: true; clickable: true; longClickable: false; enabled: true; password: false; scrollable: false; [ACTION_FOCUS, ACTION_SELECT, ACTION_CLEAR_SELECTION, ACTION_CLICK, ACTION_ACCESSIBILITY_FOCUS, ACTION_NEXT_AT_MOVEMENT_GRANULARITY, ACTION_PREVIOUS_AT_MOVEMENT_GRANULARITY, ACTION_SET_SELECTION]]
05-20 16:43:34.916 I/QueryController( 7804): Matched selector: UiSelector[TEXT=Apps, CLASS=android.widget.TextView, PACKAGE NAME=com.android.launcher] <<==>> [android.view.accessibility.AccessibilityNodeInfo@18a91; boundsInParent: Rect(524257, 0 - 524399, 104); boundsInScreen: Rect(0, 50 - 142, 154); packageName: com.android.launcher; className: android.widget.TextView; text: Apps; contentDescription: Apps; viewIdResName: null; checkable: false; checked: false; focusable: true; focused: false; selected: true; clickable: true; longClickable: false; enabled: true; password: false; scrollable: false; [ACTION_FOCUS, ACTION_SELECT, ACTION_CLEAR_SELECTION, ACTION_CLICK, ACTION_ACCESSIBILITY_FOCUS, ACTION_NEXT_AT_MOVEMENT_GRANULARITY, ACTION_PREVIOUS_AT_MOVEMENT_GRANULARITY, ACTION_SET_SELECTION]]
05-20 16:43:34.916 D/UiObject( 7804): getText() = Apps
05-20 16:43:34.931 I/QueryController( 7804): Matched selector: UiSelector[TEXT=Apps, CLASS=android.widget.TextView, PACKAGE NAME=com.android.launcher] <<==>> [android.view.accessibility.AccessibilityNodeInfo@18a91; boundsInParent: Rect(524257, 0 - 524399, 104); boundsInScreen: Rect(0, 50 - 142, 154); packageName: com.android.launcher; className: android.widget.TextView; text: Apps; contentDescription: Apps; viewIdResName: null; checkable: false; checked: false; focusable: true; focused: false; selected: true; clickable: true; longClickable: false; enabled: true; password: false; scrollable: false; [ACTION_FOCUS, ACTION_SELECT, ACTION_CLEAR_SELECTION, ACTION_CLICK, ACTION_ACCESSIBILITY_FOCUS, ACTION_NEXT_AT_MOVEMENT_GRANULARITY, ACTION_PREVIOUS_AT_MOVEMENT_GRANULARITY, ACTION_SET_SELECTION]]
05-20 16:43:34.947 I/QueryController( 7804): Matched selector: UiSelector[TEXT=Apps, CLASS=android.widget.TextView, PACKAGE NAME=com.android.launcher] <<==>> [android.view.accessibility.AccessibilityNodeInfo@18a91; boundsInParent: Rect(524257, 0 - 524399, 104); boundsInScreen: Rect(0, 50 - 142, 154); packageName: com.android.launcher; className: android.widget.TextView; text: Apps; contentDescription: Apps; viewIdResName: null; checkable: false; checked: false; focusable: true; focused: false; selected: true; clickable: true; longClickable: false; enabled: true; password: false; scrollable: false; [ACTION_FOCUS, ACTION_SELECT, ACTION_CLEAR_SELECTION, ACTION_CLICK, ACTION_ACCESSIBILITY_FOCUS, ACTION_NEXT_AT_MOVEMENT_GRANULARITY, ACTION_PREVIOUS_AT_MOVEMENT_GRANULARITY, ACTION_SET_SELECTION]]
05-20 16:43:34.947 D/InteractionController( 7804): clickAndWaitForNewWindow(71, 102)
05-20 16:43:38.056 W/InteractionController( 7804): runAndwaitForEvent timedout waiting for events
05-20 16:43:38.064 I/QueryController( 7804): Matched selector: UiSelector[PACKAGE NAME=com.android.launcher] <<==>> [android.view.accessibility.AccessibilityNodeInfo@7888; boundsInParent: Rect(0, 0 - 720, 1184); boundsInScreen: Rect(0, 0 - 720, 1184); packageName: com.android.launcher; className: android.widget.FrameLayout; text: null; contentDescription: null; viewIdResName: null; checkable: false; checked: false; focusable: false; focused: false; selected: false; clickable: false; longClickable: false; enabled: true; password: false; scrollable: false; [ACTION_SELECT, ACTION_CLEAR_SELECTION, ACTION_ACCESSIBILITY_FOCUS]]
05-20 16:43:38.072 I/QueryController( 7804): Matched selector: UiSelector[TEXT=Settings] <<==>> [android.view.accessibility.AccessibilityNodeInfo@c60b4; boundsInParent: Rect(0, 0 - 148, 184); boundsInScreen: Rect(16, 379 - 164, 563); packageName: com.android.launcher; className: android.widget.TextView; text: Settings; contentDescription: null; viewIdResName: null; checkable: false; checked: false; focusable: true; focused: false; selected: false; clickable: true; longClickable: true; enabled: true; password: false; scrollable: false; [ACTION_FOCUS, ACTION_SELECT, ACTION_CLEAR_SELECTION, ACTION_CLICK, ACTION_LONG_CLICK, ACTION_ACCESSIBILITY_FOCUS, ACTION_NEXT_AT_MOVEMENT_GRANULARITY, ACTION_PREVIOUS_AT_MOVEMENT_GRANULARITY, ACTION_SET_SELECTION]]
05-20 16:43:38.088 I/QueryController( 7804): Matched selector: UiSelector[TEXT=Settings] <<==>> [android.view.accessibility.AccessibilityNodeInfo@c60b4; boundsInParent: Rect(0, 0 - 148, 184); boundsInScreen: Rect(16, 379 - 164, 563); packageName: com.android.launcher; className: android.widget.TextView; text: Settings; contentDescription: null; viewIdResName: null; checkable: false; checked: false; focusable: true; focused: false; selected: false; clickable: true; longClickable: true; enabled: true; password: false; scrollable: false; [ACTION_FOCUS, ACTION_SELECT, ACTION_CLEAR_SELECTION, ACTION_CLICK, ACTION_LONG_CLICK, ACTION_ACCESSIBILITY_FOCUS, ACTION_NEXT_AT_MOVEMENT_GRANULARITY, ACTION_PREVIOUS_AT_MOVEMENT_GRANULARITY, ACTION_SET_SELECTION]]
05-20 16:43:38.088 D/InteractionController( 7804): clickAndWaitForNewWindow(90, 471)
05-20 16:43:38.236 W/Parcel  ( 1661): Attempt to read object from Parcel 0x6003bdac at offset 200 that is not in the object list
05-20 16:43:38.236 I/ActivityManager(  374): START u0 {act=android.intent.action.MAIN cat=[android.intent.category.LAUNCHER] flg=0x10200000 cmp=com.android.settings/.Settings} from pid 576
05-20 16:43:38.369 D/dalvikvm(  374): GC_FOR_ALLOC freed 1192K, 24% free 21879K/28656K, paused 70ms, total 70ms
05-20 16:43:38.478 D/BluetoothAdapter( 6694): 1110264080: getState() :  mService = null. Returning STATE_OFF
05-20 16:43:38.549 D/WifiService(  374): setWifiEnabled: true pid=6694, uid=1000
05-20 16:43:38.564 D/BluetoothAdapter( 6694): 1110264080: getState() :  mService = null. Returning STATE_OFF
05-20 16:43:38.666 I/ActivityManager(  374): Displayed com.android.settings/.Settings: +237ms
05-20 16:43:40.049 I/QueryController( 7804): Matched selector: UiSelector[TEXT=Settings, CLASS=android.widget.TextView, PACKAGE NAME=com.android.settings] <<==>> [android.view.accessibility.AccessibilityNodeInfo@10f0a0; boundsInParent: Rect(0, 0 - 131, 48); boundsInScreen: Rect(97, 74 - 228, 122); packageName: com.android.settings; className: android.widget.TextView; text: Settings; contentDescription: null; viewIdResName: android:id/action_bar_title; checkable: false; checked: false; focusable: false; focused: false; selected: false; clickable: false; longClickable: false; enabled: true; password: false; scrollable: false; [ACTION_SELECT, ACTION_CLEAR_SELECTION, ACTION_ACCESSIBILITY_FOCUS, ACTION_NEXT_AT_MOVEMENT_GRANULARITY, ACTION_PREVIOUS_AT_MOVEMENT_GRANULARITY, ACTION_SET_SELECTION]]
05-20 16:43:40.072 I/QueryController( 7804): Matched selector: UiSelector[TEXT=WiFi] <<==>> [android.view.accessibility.AccessibilityNodeInfo@11a10f; boundsInParent: Rect(0, 0 - 83, 48); boundsInScreen: Rect(116, 236 - 199, 284); packageName: com.android.settings; className: android.widget.TextView; text: WiFi; contentDescription: null; viewIdResName: android:id/title; checkable: false; checked: false; focusable: false; focused: false; selected: false; clickable: false; longClickable: false; enabled: true; password: false; scrollable: false; [ACTION_SELECT, ACTION_CLEAR_SELECTION, ACTION_ACCESSIBILITY_FOCUS, ACTION_NEXT_AT_MOVEMENT_GRANULARITY, ACTION_PREVIOUS_AT_MOVEMENT_GRANULARITY, ACTION_SET_SELECTION]]
05-20 16:43:40.088 I/QueryController( 7804): Matched selector: UiSelector[TEXT=WiFi] <<==>> [android.view.accessibility.AccessibilityNodeInfo@11a10f; boundsInParent: Rect(0, 0 - 83, 48); boundsInScreen: Rect(116, 236 - 199, 284); packageName: com.android.settings; className: android.widget.TextView; text: WiFi; contentDescription: null; viewIdResName: android:id/title; checkable: false; checked: false; focusable: false; focused: false; selected: false; clickable: false; longClickable: false; enabled: true; password: false; scrollable: false; [ACTION_SELECT, ACTION_CLEAR_SELECTION, ACTION_ACCESSIBILITY_FOCUS, ACTION_NEXT_AT_MOVEMENT_GRANULARITY, ACTION_PREVIOUS_AT_MOVEMENT_GRANULARITY, ACTION_SET_SELECTION]]
05-20 16:43:40.088 D/InteractionController( 7804): clickAndWaitForNewWindow(157, 260)
05-20 16:43:40.267 W/Parcel  ( 1661): Attempt to read object from Parcel 0x5dfd3dac at offset 200 that is not in the object list
05-20 16:43:40.267 I/ActivityManager(  374): START u0 {act=android.intent.action.MAIN cmp=com.android.settings/.SubSettings (has extras)} from pid 6694
05-20 16:43:40.361 D/dalvikvm(  374): GC_FOR_ALLOC freed 1547K, 25% free 21519K/28656K, paused 66ms, total 68ms
05-20 16:43:40.728 I/ActivityManager(  374): Displayed com.android.settings/.SubSettings: +348ms
05-20 16:43:40.853 D/dalvikvm( 6694): GC_CONCURRENT freed 1925K, 10% free 18477K/20428K, paused 5ms+23ms, total 93ms
05-20 16:43:40.986 I/AndroidRuntime( 7804): VM exiting with result code 0.
05-20 16:43:42.002 I/dalvikvm( 6694): Jit: resizing JitTable from 8192 to 16384
05-20 16:43:48.299 D/dalvikvm( 2462): GC_CONCURRENT freed 392K, 7% free 9676K/10404K, paused 1ms+1ms, total 16ms
05-20 16:43:56.306 D/AndroidRuntime( 7834): 
05-20 16:43:56.306 D/AndroidRuntime( 7834): >>>>>> AndroidRuntime START com.android.internal.os.RuntimeInit <<<<<<
05-20 16:43:56.306 D/AndroidRuntime( 7834): CheckJNI is OFF
05-20 16:43:56.322 D/dalvikvm( 7834): Trying to load lib libjavacore.so 0x0
05-20 16:43:56.322 D/dalvikvm( 7834): Added shared lib libjavacore.so 0x0
05-20 16:43:56.330 D/dalvikvm( 7834): Trying to load lib libnativehelper.so 0x0
05-20 16:43:56.330 D/dalvikvm( 7834): Added shared lib libnativehelper.so 0x0
05-20 16:43:56.478 D/AndroidRuntime( 7834): Calling main entry com.android.commands.uiautomator.Launcher
05-20 16:43:56.510 D/dalvikvm( 7834): Note: class Landroid/app/ActivityManagerNative; has 163 unimplemented (abstract) methods
05-20 16:43:58.197 D/dalvikvm(  374): GC_FOR_ALLOC freed 1086K, 23% free 22184K/28656K, paused 64ms, total 65ms
05-20 16:43:58.213 D/BluetoothAdapter( 6694): 1110264080: getState() :  mService = null. Returning STATE_OFF
05-20 16:43:59.064 D/dalvikvm(  374): GC_FOR_ALLOC freed 1160K, 24% free 21797K/28656K, paused 62ms, total 63ms
05-20 16:43:59.760 I/QueryController( 7834): Matched selector: UiSelector[DESCRIPTION=Apps, PACKAGE NAME=com.android.launcher] <<==>> [android.view.accessibility.AccessibilityNodeInfo@18a91; boundsInParent: Rect(524257, 0 - 524399, 104); boundsInScreen: Rect(0, 50 - 142, 154); packageName: com.android.launcher; className: android.widget.TextView; text: Apps; contentDescription: Apps; viewIdResName: null; checkable: false; checked: false; focusable: true; focused: false; selected: true; clickable: true; longClickable: false; enabled: true; password: false; scrollable: false; [ACTION_FOCUS, ACTION_SELECT, ACTION_CLEAR_SELECTION, ACTION_CLICK, ACTION_ACCESSIBILITY_FOCUS, ACTION_NEXT_AT_MOVEMENT_GRANULARITY, ACTION_PREVIOUS_AT_MOVEMENT_GRANULARITY, ACTION_SET_SELECTION]]
05-20 16:43:59.775 I/QueryController( 7834): Matched selector: UiSelector[DESCRIPTION=Apps, PACKAGE NAME=com.android.launcher] <<==>> [android.view.accessibility.AccessibilityNodeInfo@18a91; boundsInParent: Rect(524257, 0 - 524399, 104); boundsInScreen: Rect(0, 50 - 142, 154); packageName: com.android.launcher; className: android.widget.TextView; text: Apps; contentDescription: Apps; viewIdResName: null; checkable: false; checked: false; focusable: true; focused: false; selected: true; clickable: true; longClickable: false; enabled: true; password: false; scrollable: false; [ACTION_FOCUS, ACTION_SELECT, ACTION_CLEAR_SELECTION, ACTION_CLICK, ACTION_ACCESSIBILITY_FOCUS, ACTION_NEXT_AT_MOVEMENT_GRANULARITY, ACTION_PREVIOUS_AT_MOVEMENT_GRANULARITY, ACTION_SET_SELECTION]]
05-20 16:43:59.877 D/InteractionController( 7834): clickAndWaitForNewWindow(71, 102)
05-20 16:44:02.978 W/InteractionController( 7834): runAndwaitForEvent timedout waiting for events
05-20 16:44:02.994 I/QueryController( 7834): Matched selector: UiSelector[TEXT=Apps, CLASS=android.widget.TextView, PACKAGE NAME=com.android.launcher] <<==>> [android.view.accessibility.AccessibilityNodeInfo@18a91; boundsInParent: Rect(524257, 0 - 524399, 104); boundsInScreen: Rect(0, 50 - 142, 154); packageName: com.android.launcher; className: android.widget.TextView; text: Apps; contentDescription: Apps; viewIdResName: null; checkable: false; checked: false; focusable: true; focused: false; selected: true; clickable: true; longClickable: false; enabled: true; password: false; scrollable: false; [ACTION_FOCUS, ACTION_SELECT, ACTION_CLEAR_SELECTION, ACTION_CLICK, ACTION_ACCESSIBILITY_FOCUS, ACTION_NEXT_AT_MOVEMENT_GRANULARITY, ACTION_PREVIOUS_AT_MOVEMENT_GRANULARITY, ACTION_SET_SELECTION]]
05-20 16:44:03.002 I/QueryController( 7834): Matched selector: UiSelector[TEXT=Apps, CLASS=android.widget.TextView, PACKAGE NAME=com.android.launcher] <<==>> [android.view.accessibility.AccessibilityNodeInfo@18a91; boundsInParent: Rect(524257, 0 - 524399, 104); boundsInScreen: Rect(0, 50 - 142, 154); packageName: com.android.launcher; className: android.widget.TextView; text: Apps; contentDescription: Apps; viewIdResName: null; checkable: false; checked: false; focusable: true; focused: false; selected: true; clickable: true; longClickable: false; enabled: true; password: false; scrollable: false; [ACTION_FOCUS, ACTION_SELECT, ACTION_CLEAR_SELECTION, ACTION_CLICK, ACTION_ACCESSIBILITY_FOCUS, ACTION_NEXT_AT_MOVEMENT_GRANULARITY, ACTION_PREVIOUS_AT_MOVEMENT_GRANULARITY, ACTION_SET_SELECTION]]
05-20 16:44:03.002 D/UiObject( 7834): getText() = Apps
05-20 16:44:03.010 I/QueryController( 7834): Matched selector: UiSelector[TEXT=Apps, CLASS=android.widget.TextView, PACKAGE NAME=com.android.launcher] <<==>> [android.view.accessibility.AccessibilityNodeInfo@18a91; boundsInParent: Rect(524257, 0 - 524399, 104); boundsInScreen: Rect(0, 50 - 142, 154); packageName: com.android.launcher; className: android.widget.TextView; text: Apps; contentDescription: Apps; viewIdResName: null; checkable: false; checked: false; focusable: true; focused: false; selected: true; clickable: true; longClickable: false; enabled: true; password: false; scrollable: false; [ACTION_FOCUS, ACTION_SELECT, ACTION_CLEAR_SELECTION, ACTION_CLICK, ACTION_ACCESSIBILITY_FOCUS, ACTION_NEXT_AT_MOVEMENT_GRANULARITY, ACTION_PREVIOUS_AT_MOVEMENT_GRANULARITY, ACTION_SET_SELECTION]]
05-20 16:44:03.025 I/QueryController( 7834): Matched selector: UiSelector[TEXT=Apps, CLASS=android.widget.TextView, PACKAGE NAME=com.android.launcher] <<==>> [android.view.accessibility.AccessibilityNodeInfo@18a91; boundsInParent: Rect(524257, 0 - 524399, 104); boundsInScreen: Rect(0, 50 - 142, 154); packageName: com.android.launcher; className: android.widget.TextView; text: Apps; contentDescription: Apps; viewIdResName: null; checkable: false; checked: false; focusable: true; focused: false; selected: true; clickable: true; longClickable: false; enabled: true; password: false; scrollable: false; [ACTION_FOCUS, ACTION_SELECT, ACTION_CLEAR_SELECTION, ACTION_CLICK, ACTION_ACCESSIBILITY_FOCUS, ACTION_NEXT_AT_MOVEMENT_GRANULARITY, ACTION_PREVIOUS_AT_MOVEMENT_GRANULARITY, ACTION_SET_SELECTION]]
05-20 16:44:03.025 D/InteractionController( 7834): clickAndWaitForNewWindow(71, 102)
05-20 16:44:04.299 D/dalvikvm( 2462): GC_CONCURRENT freed 567K, 9% free 9495K/10404K, paused 3ms+1ms, total 18ms
05-20 16:44:06.127 W/InteractionController( 7834): runAndwaitForEvent timedout waiting for events
05-20 16:44:06.135 I/QueryController( 7834): Matched selector: UiSelector[PACKAGE NAME=com.android.launcher] <<==>> [android.view.accessibility.AccessibilityNodeInfo@7888; boundsInParent: Rect(0, 0 - 720, 1184); boundsInScreen: Rect(0, 0 - 720, 1184); packageName: com.android.launcher; className: android.widget.FrameLayout; text: null; contentDescription: null; viewIdResName: null; checkable: false; checked: false; focusable: false; focused: false; selected: false; clickable: false; longClickable: false; enabled: true; password: false; scrollable: false; [ACTION_SELECT, ACTION_CLEAR_SELECTION, ACTION_ACCESSIBILITY_FOCUS]]
05-20 16:44:06.150 I/QueryController( 7834): Matched selector: UiSelector[TEXT=Settings] <<==>> [android.view.accessibility.AccessibilityNodeInfo@c60b4; boundsInParent: Rect(0, 0 - 148, 184); boundsInScreen: Rect(16, 379 - 164, 563); packageName: com.android.launcher; className: android.widget.TextView; text: Settings; contentDescription: null; viewIdResName: null; checkable: false; checked: false; focusable: true; focused: false; selected: false; clickable: true; longClickable: true; enabled: true; password: false; scrollable: false; [ACTION_FOCUS, ACTION_SELECT, ACTION_CLEAR_SELECTION, ACTION_CLICK, ACTION_LONG_CLICK, ACTION_ACCESSIBILITY_FOCUS, ACTION_NEXT_AT_MOVEMENT_GRANULARITY, ACTION_PREVIOUS_AT_MOVEMENT_GRANULARITY, ACTION_SET_SELECTION]]
05-20 16:44:06.158 I/QueryController( 7834): Matched selector: UiSelector[TEXT=Settings] <<==>> [android.view.accessibility.AccessibilityNodeInfo@c60b4; boundsInParent: Rect(0, 0 - 148, 184); boundsInScreen: Rect(16, 379 - 164, 563); packageName: com.android.launcher; className: android.widget.TextView; text: Settings; contentDescription: null; viewIdResName: null; checkable: false; checked: false; focusable: true; focused: false; selected: false; clickable: true; longClickable: true; enabled: true; password: false; scrollable: false; [ACTION_FOCUS, ACTION_SELECT, ACTION_CLEAR_SELECTION, ACTION_CLICK, ACTION_LONG_CLICK, ACTION_ACCESSIBILITY_FOCUS, ACTION_NEXT_AT_MOVEMENT_GRANULARITY, ACTION_PREVIOUS_AT_MOVEMENT_GRANULARITY, ACTION_SET_SELECTION]]
05-20 16:44:06.158 D/InteractionController( 7834): clickAndWaitForNewWindow(90, 471)
05-20 16:44:06.291 W/Parcel  ( 1661): Attempt to read object from Parcel 0x5ec3bdac at offset 200 that is not in the object list
05-20 16:44:06.291 I/ActivityManager(  374): START u0 {act=android.intent.action.MAIN cat=[android.intent.category.LAUNCHER] flg=0x10200000 cmp=com.android.settings/.Settings} from pid 576
05-20 16:44:06.424 D/dalvikvm(  374): GC_FOR_ALLOC freed 1261K, 24% free 21882K/28656K, paused 72ms, total 72ms
05-20 16:44:06.525 D/BluetoothAdapter( 6694): 1110264080: getState() :  mService = null. Returning STATE_OFF
05-20 16:44:06.596 D/WifiService(  374): setWifiEnabled: true pid=6694, uid=1000
05-20 16:44:06.603 D/BluetoothAdapter( 6694): 1110264080: getState() :  mService = null. Returning STATE_OFF
05-20 16:44:06.689 I/ActivityManager(  374): Displayed com.android.settings/.Settings: +225ms
05-20 16:44:07.478 I/QueryController( 7834): Matched selector: UiSelector[TEXT=Settings, CLASS=android.widget.TextView, PACKAGE NAME=com.android.settings] <<==>> [android.view.accessibility.AccessibilityNodeInfo@14b566; boundsInParent: Rect(0, 0 - 131, 48); boundsInScreen: Rect(97, 74 - 228, 122); packageName: com.android.settings; className: android.widget.TextView; text: Settings; contentDescription: null; viewIdResName: android:id/action_bar_title; checkable: false; checked: false; focusable: false; focused: false; selected: false; clickable: false; longClickable: false; enabled: true; password: false; scrollable: false; [ACTION_SELECT, ACTION_CLEAR_SELECTION, ACTION_ACCESSIBILITY_FOCUS, ACTION_NEXT_AT_MOVEMENT_GRANULARITY, ACTION_PREVIOUS_AT_MOVEMENT_GRANULARITY, ACTION_SET_SELECTION]]
05-20 16:44:08.033 I/QueryController( 7834): Matched selector: UiSelector[TEXT=WiFi] <<==>> [android.view.accessibility.AccessibilityNodeInfo@144c4a; boundsInParent: Rect(0, 0 - 83, 48); boundsInScreen: Rect(116, 236 - 199, 284); packageName: com.android.settings; className: android.widget.TextView; text: WiFi; contentDescription: null; viewIdResName: android:id/title; checkable: false; checked: false; focusable: false; focused: false; selected: false; clickable: false; longClickable: false; enabled: true; password: false; scrollable: false; [ACTION_SELECT, ACTION_CLEAR_SELECTION, ACTION_ACCESSIBILITY_FOCUS, ACTION_NEXT_AT_MOVEMENT_GRANULARITY, ACTION_PREVIOUS_AT_MOVEMENT_GRANULARITY, ACTION_SET_SELECTION]]
05-20 16:44:08.049 I/QueryController( 7834): Matched selector: UiSelector[TEXT=WiFi] <<==>> [android.view.accessibility.AccessibilityNodeInfo@144c4a; boundsInParent: Rect(0, 0 - 83, 48); boundsInScreen: Rect(116, 236 - 199, 284); packageName: com.android.settings; className: android.widget.TextView; text: WiFi; contentDescription: null; viewIdResName: android:id/title; checkable: false; checked: false; focusable: false; focused: false; selected: false; clickable: false; longClickable: false; enabled: true; password: false; scrollable: false; [ACTION_SELECT, ACTION_CLEAR_SELECTION, ACTION_ACCESSIBILITY_FOCUS, ACTION_NEXT_AT_MOVEMENT_GRANULARITY, ACTION_PREVIOUS_AT_MOVEMENT_GRANULARITY, ACTION_SET_SELECTION]]
05-20 16:44:08.049 D/InteractionController( 7834): clickAndWaitForNewWindow(157, 260)
05-20 16:44:08.221 W/Parcel  ( 1661): Attempt to read object from Parcel 0x6003bdac at offset 200 that is not in the object list
05-20 16:44:08.221 I/ActivityManager(  374): START u0 {act=android.intent.action.MAIN cmp=com.android.settings/.SubSettings (has extras)} from pid 6694
05-20 16:44:08.330 D/dalvikvm(  374): GC_FOR_ALLOC freed 1545K, 25% free 21521K/28656K, paused 67ms, total 69ms
05-20 16:44:08.369 D/dalvikvm( 2462): GC_CONCURRENT freed 213K, 8% free 9674K/10404K, paused 6ms+3ms, total 23ms
05-20 16:44:08.681 I/ActivityManager(  374): Displayed com.android.settings/.SubSettings: +342ms
05-20 16:44:08.689 I/AndroidRuntime( 7834): VM exiting with result code 0.
05-20 16:44:29.119 W/MountService(  374): getVolumeState(/storage/emulated/0/external_sd): Unknown volume
05-20 16:44:29.119 W/MountService(  374): getVolumeState(/mnt/sdcard-ext): Unknown volume
05-20 16:44:29.127 W/MountService(  374): getVolumeState(/mnt/ext_sdcard): Unknown volume
05-20 16:44:29.127 W/MountService(  374): getVolumeState(/mnt/sdcard2): Unknown volume
05-20 16:44:29.127 W/MountService(  374): getVolumeState(/mnt/emmc): Unknown volume
05-20 16:44:29.127 W/MountService(  374): getVolumeState(/mnt/extSdCard): Unknown volume
05-20 16:44:29.127 W/MountService(  374): getVolumeState(/mnt/sdcard/SD_CARD): Unknown volume
05-20 16:44:29.127 W/MountService(  374): getVolumeState(/mnt/sdcard/extra_sd): Unknown volume
05-20 16:44:29.135 W/MountService(  374): getVolumeState(/mnt/extrasd_bind): Unknown volume
05-20 16:44:29.135 W/MountService(  374): getVolumeState(/mnt/sdcard/ext_sd): Unknown volume
05-20 16:44:29.135 W/MountService(  374): getVolumeState(/storage/extSdCard): Unknown volume
05-20 16:44:29.135 W/MountService(  374): getVolumeState(/storage/sdcard1): Unknown volume
05-20 16:44:29.135 W/MountService(  374): getVolumeState(/mnt/sdcard/external_SD): Unknown volume
05-20 16:44:29.135 W/MountService(  374): getVolumeState(/mnt/sdcard/external_sd): Unknown volume
05-20 16:44:29.181 D/dalvikvm( 1468): GC_CONCURRENT freed 474K, 20% free 9744K/12104K, paused 3ms+12ms, total 40ms
05-20 16:44:29.400 W/MountService(  374): getVolumeState(/storage/emulated/0/external_sd): Unknown volume
05-20 16:44:29.400 W/MountService(  374): getVolumeState(/mnt/sdcard-ext): Unknown volume
05-20 16:44:29.400 W/MountService(  374): getVolumeState(/mnt/ext_sdcard): Unknown volume
05-20 16:44:29.400 W/MountService(  374): getVolumeState(/mnt/sdcard2): Unknown volume
05-20 16:44:29.400 W/MountService(  374): getVolumeState(/mnt/emmc): Unknown volume
05-20 16:44:29.400 W/MountService(  374): getVolumeState(/mnt/extSdCard): Unknown volume
05-20 16:44:29.400 W/MountService(  374): getVolumeState(/mnt/sdcard/SD_CARD): Unknown volume
05-20 16:44:29.400 W/MountService(  374): getVolumeState(/mnt/sdcard/extra_sd): Unknown volume
05-20 16:44:29.400 W/MountService(  374): getVolumeState(/mnt/extrasd_bind): Unknown volume
05-20 16:44:29.408 W/MountService(  374): getVolumeState(/mnt/sdcard/ext_sd): Unknown volume
05-20 16:44:29.408 W/MountService(  374): getVolumeState(/storage/extSdCard): Unknown volume
05-20 16:44:29.408 W/MountService(  374): getVolumeState(/storage/sdcard1): Unknown volume
05-20 16:44:29.408 W/MountService(  374): getVolumeState(/mnt/sdcard/external_SD): Unknown volume
