05-20 16:44:52.025 E/LauncherApplication( 6748): isShowLogoutUI = true
05-20 16:44:52.025 E/LauncherApplication( 6748): LogoutShowTime 1
05-20 16:44:52.025 V/Launcher( 6748): onResume1111111 
05-20 16:44:52.025 V/Launcher( 6748): is login ----> 
05-20 16:44:52.033 I/System.out( 6748):  
05-20 16:44:52.033 I/System.out( 6748): com.pekall.emdm.launcher.Workspace.setWallpaper(Unknown Source)
05-20 16:44:52.033 I/System.out( 6748): com.pekall.emdm.launcher.Launcher.onResume(Unknown Source)
05-20 16:44:52.033 I/System.out( 6748): android.app.Instrumentation.callActivityOnResume(Instrumentation.java:1192)
05-20 16:44:52.033 I/System.out( 6748): android.app.Activity.performResume(Activity.java:5211)
05-20 16:44:52.033 I/System.out( 6748): android.app.ActivityThread.performResumeActivity(ActivityThread.java:2780)
05-20 16:44:52.033 I/System.out( 6748): android.app.ActivityThread.handleResumeActivity(ActivityThread.java:2819)
05-20 16:44:52.033 I/System.out( 6748): android.app.ActivityThread$H.handleMessage(ActivityThread.java:1298)
05-20 16:44:52.033 I/System.out( 6748): android.os.Handler.dispatchMessage(Handler.java:99)
05-20 16:44:52.033 I/System.out( 6748): android.os.Looper.loop(Looper.java:137)
05-20 16:44:52.033 I/System.out( 6748): android.app.ActivityThread.main(ActivityThread.java:5103)
05-20 16:44:52.033 I/System.out( 6748): java.lang.reflect.Method.invokeNative(Native Method)
05-20 16:44:52.033 I/System.out( 6748): java.lang.reflect.Method.invoke(Method.java:525)
05-20 16:44:52.033 I/System.out( 6748): com.android.internal.os.ZygoteInit$MethodAndArgsCaller.run(ZygoteInit.java:737)
05-20 16:44:52.041 I/System.out( 6748): com.android.internal.os.ZygoteInit.main(ZygoteInit.java:553)
05-20 16:44:52.041 I/System.out( 6748): dalvik.system.NativeStart.main(Native Method)
05-20 16:44:52.291 D/dalvikvm( 6748): JIT unchain all for threadid=11
05-20 16:44:52.353 D/dalvikvm( 6748): GC_FOR_ALLOC freed 5646K, 25% free 29092K/38516K, paused 315ms, total 315ms
05-20 16:44:52.369 I/dalvikvm-heap( 6748): Grow heap (frag case) to 31.770MB for 3415696-byte allocation
05-20 16:44:52.619 D/dalvikvm( 6748): JIT unchain all for threadid=11
05-20 16:44:52.681 D/dalvikvm( 6748): GC_FOR_ALLOC freed 4K, 23% free 32423K/41852K, paused 300ms, total 300ms
05-20 16:44:52.799 I/Choreographer( 6748): Skipped 46 frames!  The application may be doing too much work on its main thread.
05-20 16:44:53.752 I/InputReader(  374): Reconfiguring input devices.  changes=0x00000010
05-20 16:44:53.822 I/Launcher(  576): Deferring update until onResume
05-20 16:44:53.869 I/ActivityManager(  374): Process com.google.android.apps.maps:LocationFriendService (pid 7177) has died.
05-20 16:44:53.892 I/Launcher(  576): Deferring update until onResume
05-20 16:44:53.916 W/Searchables(  374): No global search activity found
05-20 16:44:55.916 I/QueryController( 7872): Matched selector: UiSelector[PACKAGE NAME=com.pekall.emdm.launcher] <<==>> [android.view.accessibility.AccessibilityNodeInfo@3b67b; boundsInParent: Rect(0, 0 - 720, 1184); boundsInScreen: Rect(0, 0 - 720, 1184); packageName: com.pekall.emdm.launcher; className: android.widget.FrameLayout; text: null; contentDescription: null; viewIdResName: null; checkable: false; checked: false; focusable: false; focused: false; selected: false; clickable: false; longClickable: false; enabled: true; password: false; scrollable: false; [ACTION_SELECT, ACTION_CLEAR_SELECTION, ACTION_ACCESSIBILITY_FOCUS]]
05-20 16:44:55.947 I/QueryController( 7872): Matched selector: UiSelector[TEXT=Personal Mode, CLASS=android.widget.TextView, PACKAGE NAME=com.pekall.emdm.launcher] <<==>> [android.view.accessibility.AccessibilityNodeInfo@3fa0d; boundsInParent: Rect(0, 0 - 160, 200); boundsInScreen: Rect(190, 608 - 350, 808); packageName: com.pekall.emdm.launcher; className: android.widget.TextView; text: Personal Mode; contentDescription: null; viewIdResName: null; checkable: false; checked: false; focusable: false; focused: false; selected: false; clickable: true; longClickable: true; enabled: true; password: false; scrollable: false; [ACTION_SELECT, ACTION_CLEAR_SELECTION, ACTION_CLICK, ACTION_LONG_CLICK, ACTION_ACCESSIBILITY_FOCUS, ACTION_NEXT_AT_MOVEMENT_GRANULARITY, ACTION_PREVIOUS_AT_MOVEMENT_GRANULARITY, ACTION_SET_SELECTION]]
05-20 16:44:55.963 I/QueryController( 7872): Matched selector: UiSelector[PACKAGE NAME=com.pekall.emdm.launcher] <<==>> [android.view.accessibility.AccessibilityNodeInfo@3b67b; boundsInParent: Rect(0, 0 - 720, 1184); boundsInScreen: Rect(0, 0 - 720, 1184); packageName: com.pekall.emdm.launcher; className: android.widget.FrameLayout; text: null; contentDescription: null; viewIdResName: null; checkable: false; checked: false; focusable: false; focused: false; selected: false; clickable: false; longClickable: false; enabled: true; password: false; scrollable: false; [ACTION_SELECT, ACTION_CLEAR_SELECTION, ACTION_ACCESSIBILITY_FOCUS]]
05-20 16:44:55.978 I/QueryController( 7872): Matched selector: UiSelector[TEXT=Email, CLASS=android.widget.TextView, PACKAGE NAME=com.pekall.emdm.launcher] <<==>> [android.view.accessibility.AccessibilityNodeInfo@3fdce; boundsInParent: Rect(0, 0 - 160, 200); boundsInScreen: Rect(370, 608 - 530, 808); packageName: com.pekall.emdm.launcher; className: android.widget.TextView; text: Email; contentDescription: null; viewIdResName: null; checkable: false; checked: false; focusable: false; focused: false; selected: false; clickable: true; longClickable: true; enabled: true; password: false; scrollable: false; [ACTION_SELECT, ACTION_CLEAR_SELECTION, ACTION_CLICK, ACTION_LONG_CLICK, ACTION_ACCESSIBILITY_FOCUS, ACTION_NEXT_AT_MOVEMENT_GRANULARITY, ACTION_PREVIOUS_AT_MOVEMENT_GRANULARITY, ACTION_SET_SELECTION]]
05-20 16:44:55.994 I/QueryController( 7872): Matched selector: UiSelector[TEXT=Email, CLASS=android.widget.TextView, PACKAGE NAME=com.pekall.emdm.launcher] <<==>> [android.view.accessibility.AccessibilityNodeInfo@3fdce; boundsInParent: Rect(0, 0 - 160, 200); boundsInScreen: Rect(370, 608 - 530, 808); packageName: com.pekall.emdm.launcher; className: android.widget.TextView; text: Email; contentDescription: null; viewIdResName: null; checkable: false; checked: false; focusable: false; focused: false; selected: false; clickable: true; longClickable: true; enabled: true; password: false; scrollable: false; [ACTION_SELECT, ACTION_CLEAR_SELECTION, ACTION_CLICK, ACTION_LONG_CLICK, ACTION_ACCESSIBILITY_FOCUS, ACTION_NEXT_AT_MOVEMENT_GRANULARITY, ACTION_PREVIOUS_AT_MOVEMENT_GRANULARITY, ACTION_SET_SELECTION]]
05-20 16:44:56.002 I/QueryController( 7872): Matched selector: UiSelector[TEXT=Email, CLASS=android.widget.TextView, PACKAGE NAME=com.pekall.emdm.launcher] <<==>> [android.view.accessibility.AccessibilityNodeInfo@3fdce; boundsInParent: Rect(0, 0 - 160, 200); boundsInScreen: Rect(370, 608 - 530, 808); packageName: com.pekall.emdm.launcher; className: android.widget.TextView; text: Email; contentDescription: null; viewIdResName: null; checkable: false; checked: false; focusable: false; focused: false; selected: false; clickable: true; longClickable: true; enabled: true; password: false; scrollable: false; [ACTION_SELECT, ACTION_CLEAR_SELECTION, ACTION_CLICK, ACTION_LONG_CLICK, ACTION_ACCESSIBILITY_FOCUS, ACTION_NEXT_AT_MOVEMENT_GRANULARITY, ACTION_PREVIOUS_AT_MOVEMENT_GRANULARITY, ACTION_SET_SELECTION]]
05-20 16:44:56.002 D/UiObject( 7872): getText() = Email
05-20 16:44:56.017 I/QueryController( 7872): Matched selector: UiSelector[TEXT=Email, CLASS=android.widget.TextView, PACKAGE NAME=com.pekall.emdm.launcher] <<==>> [android.view.accessibility.AccessibilityNodeInfo@3fdce; boundsInParent: Rect(0, 0 - 160, 200); boundsInScreen: Rect(370, 608 - 530, 808); packageName: com.pekall.emdm.launcher; className: android.widget.TextView; text: Email; contentDescription: null; viewIdResName: null; checkable: false; checked: false; focusable: false; focused: false; selected: false; clickable: true; longClickable: true; enabled: true; password: false; scrollable: false; [ACTION_SELECT, ACTION_CLEAR_SELECTION, ACTION_CLICK, ACTION_LONG_CLICK, ACTION_ACCESSIBILITY_FOCUS, ACTION_NEXT_AT_MOVEMENT_GRANULARITY, ACTION_PREVIOUS_AT_MOVEMENT_GRANULARITY, ACTION_SET_SELECTION]]
05-20 16:44:56.033 I/QueryController( 7872): Matched selector: UiSelector[TEXT=Email, CLASS=android.widget.TextView, PACKAGE NAME=com.pekall.emdm.launcher] <<==>> [android.view.accessibility.AccessibilityNodeInfo@3fdce; boundsInParent: Rect(0, 0 - 160, 200); boundsInScreen: Rect(370, 608 - 530, 808); packageName: com.pekall.emdm.launcher; className: android.widget.TextView; text: Email; contentDescription: null; viewIdResName: null; checkable: false; checked: false; focusable: false; focused: false; selected: false; clickable: true; longClickable: true; enabled: true; password: false; scrollable: false; [ACTION_SELECT, ACTION_CLEAR_SELECTION, ACTION_CLICK, ACTION_LONG_CLICK, ACTION_ACCESSIBILITY_FOCUS, ACTION_NEXT_AT_MOVEMENT_GRANULARITY, ACTION_PREVIOUS_AT_MOVEMENT_GRANULARITY, ACTION_SET_SELECTION]]
05-20 16:44:56.033 D/InteractionController( 7872): clickAndWaitForNewWindow(450, 708)
05-20 16:44:56.174 W/Parcel  ( 1661): Attempt to read object from Parcel 0x6013bdac at offset 200 that is not in the object list
05-20 16:44:56.174 I/ActivityManager(  374): START u0 {flg=0x10000000 cmp=com.pekall.emdm.launcher/com.pekall.semail.activity.Welcome} from pid 6748
05-20 16:44:56.299 D/dalvikvm(  374): GC_FOR_ALLOC freed 1373K, 24% free 21856K/28656K, paused 73ms, total 73ms
05-20 16:44:56.314 D/LauncherApplication( 6748): [null:-1]->onActivityPaused
05-20 16:44:56.330 D/LauncherApplication( 6748): [null:-1]->onActivityPaused  updateTime
05-20 16:44:56.346 W/Parcel  ( 1661): Attempt to read object from Parcel 0x5dfd3dac at offset 200 that is not in the object list
05-20 16:44:56.361 D/Email   ( 6748): Host auth recv id: 1
05-20 16:44:56.361 D/Email   ( 6748): Valid Host auth recv? true
05-20 16:44:56.361 D/Email   ( 6748): Host auth send id: 2
05-20 16:44:56.361 D/Email   ( 6748): Valid Host auth send? true
05-20 16:44:56.369 D/Email   ( 6748): [User] action setup user
05-20 16:44:56.369 W/Parcel  ( 1661): Attempt to read object from Parcel 0x5ef3bdac at offset 200 that is not in the object list
05-20 16:44:56.377 D/ExchangeService( 6748): !!! EAS ExchangeService, onStartCommand, startingUp = false, running = false
05-20 16:44:56.377 D/ExchangeService( 6748): to start secureStorageService now
05-20 16:44:56.377 V/a       ( 6748): Bind requested for task test
05-20 16:44:56.377 I/ActivityManager(  374): START u0 {flg=0x2000000 cmp=com.pekall.emdm.launcher/com.pekall.semail.activity.setup.AccountSetupUser} from pid 6748
05-20 16:44:56.424 D/Email   ( 6748): [User] AccountSetupUserFragment onCreate
05-20 16:44:56.431 D/Email   ( 6748): [User] AccountSetupUserFragment onCreateView
05-20 16:44:56.431 W/ResourceType( 6748): Failure getting entry for 0x7f1100f9 (t=16 e=249) in package 0 (error -75)
05-20 16:44:56.431 W/ResourceType( 6748): Failure getting entry for 0x7f1100f9 (t=16 e=249) in package 0 (error -75)
05-20 16:44:56.471 D/Email   ( 6748): [User] AccountSetupUserFragment onActivityCreated
05-20 16:44:56.471 V/LauncherApplication( 6748): onActivityStarted
05-20 16:44:56.471 D/Email   ( 6748): [User] AccountSetupUserFragment onStart
05-20 16:44:56.471 D/        ( 6748): [---null: -1---]     awsa  onActivityResumed
05-20 16:44:56.471 V/LauncherApplication( 6748): 2MdmConstant.LAST_LAUNCH_TIME = 1400575496335
05-20 16:44:56.478 D/ExchangeService( 6748): Reconciling accounts...
05-20 16:44:56.478 D/        ( 6748): [---null: -1---]  activity = com.pekall.semail.activity.setup.AccountSetupUser
05-20 16:44:56.478 V/DefultSetContriller( 6748): isLauncherDf = com.pekall.emdm.launcher
05-20 16:44:56.478 V/a       ( 6748): Bind requested for task reconcileAccounts
05-20 16:44:56.478 V/DefultSetContriller( 6748): isPhoneDf = com.pekall.emdm.launcher
05-20 16:44:56.486 E/LauncherApplication( 6748): isShowLogoutUI = true
05-20 16:44:56.486 E/LauncherApplication( 6748): LogoutShowTime 1
05-20 16:44:56.486 D/Email   ( 6748): [User] AccountSetupUserFragment onResume
05-20 16:44:56.494 E/Email   ( 6748): [User] Get user name from configuration 'zhenhua.sang@pekall.com'
05-20 16:44:56.494 D/Email   ( 6748): [User] on enable proceed buttons
05-20 16:44:56.494 D/Email   ( 6748): [User] on enable proceed buttons
05-20 16:44:56.502 V/a       ( 6748): Waiting for task reconcileAccounts to complete...
05-20 16:44:56.588 V/a       ( 6748): Connected: com.pekall.semail.service.AccountServiceInternal
05-20 16:44:56.588 V/a       ( 6748): Connected: com.pekall.semail.service.AccountServiceInternal
05-20 16:44:56.588 V/a       ( 6748): Connection test succeeded in 208ms
05-20 16:44:56.588 V/a       ( 6748): Task test completed; disconnecting
05-20 16:44:56.619 V/a       ( 6748): Task reconcileAccounts completed; disconnecting
05-20 16:44:56.619 V/a       ( 6748): Wait for reconcileAccounts finished in 120ms
05-20 16:44:56.642 D/ExchangeService( 6748): !!! EAS ExchangeService, stopping self
05-20 16:44:56.658 I/ActivityManager(  374): Displayed com.pekall.emdm.launcher/com.pekall.semail.activity.setup.AccountSetupUser: +280ms (total +329ms)
05-20 16:44:56.736 D/ExchangeService( 6748): !!! EAS ExchangeService, onDestroy
05-20 16:44:57.689 I/QueryController( 7872): Matched selector: UiSelector[TEXT=Account setup, CLASS=android.widget.TextView, PACKAGE NAME=com.pekall.emdm.launcher] <<==>> [android.view.accessibility.AccessibilityNodeInfo@47255; boundsInParent: Rect(0, 0 - 231, 48); boundsInScreen: Rect(90, 74 - 321, 122); packageName: com.pekall.emdm.launcher; className: android.widget.TextView; text: Account setup; contentDescription: null; viewIdResName: android:id/action_bar_title; checkable: false; checked: false; focusable: false; focused: false; selected: false; clickable: false; longClickable: false; enabled: true; password: false; scrollable: false; [ACTION_SELECT, ACTION_CLEAR_SELECTION, ACTION_ACCESSIBILITY_FOCUS, ACTION_NEXT_AT_MOVEMENT_GRANULARITY, ACTION_PREVIOUS_AT_MOVEMENT_GRANULARITY, ACTION_SET_SELECTION]]
05-20 16:44:57.713 I/QueryController( 7872): Matched selector: UiSelector[CLASS=android.widget.EditText, DESCRIPTION=Email address] <<==>> [android.view.accessibility.AccessibilityNodeInfo@43a06; boundsInParent: Rect(0, 0 - 656, 64); boundsInScreen: Rect(32, 353 - 688, 417); packageName: com.pekall.emdm.launcher; className: android.widget.EditText; text: zhenhua.sang@pekall.com; contentDescription: Email address; viewIdResName: com.pekall.emdm.launcher:id/account_email; checkable: false; checked: false; focusable: true; focused: true; selected: false; clickable: true; longClickable: true; enabled: true; password: false; scrollable: false; [ACTION_CLEAR_FOCUS, ACTION_SELECT, ACTION_CLEAR_SELECTION, ACTION_CLICK, ACTION_LONG_CLICK, ACTION_ACCESSIBILITY_FOCUS, ACTION_NEXT_AT_MOVEMENT_GRANULARITY, ACTION_PREVIOUS_AT_MOVEMENT_GRANULARITY, ACTION_SET_SELECTION]]
05-20 16:44:59.111 I/QueryController( 7872): Matched selector: UiSelector[CONTAINS_DESCRIPTION=Select all] <<==>> [android.view.accessibility.AccessibilityNodeInfo@4bd69; boundsInParent: Rect(0, 0 - 112, 96); boundsInScreen: Rect(384, 50 - 496, 146); packageName: com.pekall.emdm.launcher; className: android.widget.TextView; text: null; contentDescription: Select all; viewIdResName: android:id/selectAll; checkable: false; checked: false; focusable: true; focused: false; selected: false; clickable: true; longClickable: true; enabled: true; password: false; scrollable: false; [ACTION_FOCUS, ACTION_SELECT, ACTION_CLEAR_SELECTION, ACTION_CLICK, ACTION_LONG_CLICK, ACTION_ACCESSIBILITY_FOCUS]]
05-20 16:44:59.135 I/QueryController( 7872): Matched selector: UiSelector[CONTAINS_DESCRIPTION=Select all] <<==>> [android.view.accessibility.AccessibilityNodeInfo@4bd69; boundsInParent: Rect(0, 0 - 112, 96); boundsInScreen: Rect(384, 50 - 496, 146); packageName: com.pekall.emdm.launcher; className: android.widget.TextView; text: null; contentDescription: Select all; viewIdResName: android:id/selectAll; checkable: false; checked: false; focusable: true; focused: false; selected: false; clickable: true; longClickable: true; enabled: true; password: false; scrollable: false; [ACTION_FOCUS, ACTION_SELECT, ACTION_CLEAR_SELECTION, ACTION_CLICK, ACTION_LONG_CLICK, ACTION_ACCESSIBILITY_FOCUS]]
05-20 16:44:59.135 D/InteractionController( 7872): clickAndSync(440, 98)
05-20 16:44:59.580 D/Email   ( 6748): [User] on enable proceed buttons
05-20 16:45:00.431 I/QueryController( 7872): Matched selector: UiSelector[CLASS=android.widget.EditText, DESCRIPTION=Email address] <<==>> [android.view.accessibility.AccessibilityNodeInfo@43a06; boundsInParent: Rect(0, 0 - 656, 64); boundsInScreen: Rect(32, 353 - 688, 417); packageName: com.pekall.emdm.launcher; className: android.widget.EditText; text: User name; contentDescription: Email address; viewIdResName: com.pekall.emdm.launcher:id/account_email; checkable: false; checked: false; focusable: true; focused: true; selected: false; clickable: true; longClickable: true; enabled: true; password: false; scrollable: false; [ACTION_CLEAR_FOCUS, ACTION_SELECT, ACTION_CLEAR_SELECTION, ACTION_CLICK, ACTION_LONG_CLICK, ACTION_ACCESSIBILITY_FOCUS]]
05-20 16:45:01.752 V/DigitalWidgetViewsFactory( 2749): DigitalWidget sets next alarm string to null
05-20 16:45:02.760 D/Email   ( 6748): [User] on enable proceed buttons
05-20 16:45:02.775 D/Email   ( 6748): [User] on enable proceed buttons
05-20 16:45:02.791 D/Email   ( 6748): [User] on enable proceed buttons
05-20 16:45:02.814 D/Email   ( 6748): [User] on enable proceed buttons
05-20 16:45:02.822 D/Email   ( 6748): [User] on enable proceed buttons
05-20 16:45:02.838 D/Email   ( 6748): [User] on enable proceed buttons
05-20 16:45:02.869 D/Email   ( 6748): [User] on enable proceed buttons
05-20 16:45:02.877 D/Email   ( 6748): [User] on enable proceed buttons
05-20 16:45:02.892 D/Email   ( 6748): [User] on enable proceed buttons
05-20 16:45:02.924 D/Email   ( 6748): [User] on enable proceed buttons
05-20 16:45:02.931 D/Email   ( 6748): [User] on enable proceed buttons
05-20 16:45:02.955 D/Email   ( 6748): [User] on enable proceed buttons
05-20 16:45:02.963 D/Email   ( 6748): [User] on enable proceed buttons
05-20 16:45:02.986 D/Email   ( 6748): [User] on enable proceed buttons
05-20 16:45:03.010 D/Email   ( 6748): [User] on enable proceed buttons
05-20 16:45:03.025 D/Email   ( 6748): [User] on enable proceed buttons
05-20 16:45:03.056 D/Email   ( 6748): [User] on enable proceed buttons
05-20 16:45:03.064 D/Email   ( 6748): [User] on enable proceed buttons
05-20 16:45:03.080 D/Email   ( 6748): [User] on enable proceed buttons
05-20 16:45:03.096 D/Email   ( 6748): [User] on enable proceed buttons
05-20 16:45:03.127 D/Email   ( 6748): [User] on enable proceed buttons
05-20 16:45:03.135 D/Email   ( 6748): [User] on enable proceed buttons
05-20 16:45:03.150 D/Email   ( 6748): [User] on enable proceed buttons
05-20 16:45:03.736 I/QueryController( 7872): Matched selector: UiSelector[CLASS=android.widget.EditText, DESCRIPTION=Password] <<==>> [android.view.accessibility.AccessibilityNodeInfo@4941e; boundsInParent: Rect(0, 0 - 656, 65); boundsInScreen: Rect(32, 425 - 688, 490); packageName: com.pekall.emdm.launcher; className: android.widget.EditText; text: null; contentDescription: Password; viewIdResName: com.pekall.emdm.launcher:id/account_password; checkable: false; checked: false; focusable: true; focused: false; selected: false; clickable: true; longClickable: true; enabled: true; password: true; scrollable: false; [ACTION_FOCUS, ACTION_SELECT, ACTION_CLEAR_SELECTION, ACTION_CLICK, ACTION_LONG_CLICK, ACTION_ACCESSIBILITY_FOCUS]]
05-20 16:45:04.260 W/View    ( 6748): couldn't find view with id 2131296416
05-20 16:45:04.400 D/dalvikvm(  531): GC_CONCURRENT freed 455K, 17% free 10499K/12540K, paused 3ms+4ms, total 54ms
05-20 16:45:06.142 I/QueryController( 7872): Matched selector: UiSelector[CLASS=android.widget.EditText, DESCRIPTION=Password] <<==>> [android.view.accessibility.AccessibilityNodeInfo@4941e; boundsInParent: Rect(0, 0 - 656, 65); boundsInScreen: Rect(32, 425 - 688, 490); packageName: com.pekall.emdm.launcher; className: android.widget.EditText; text: null; contentDescription: Password; viewIdResName: com.pekall.emdm.launcher:id/account_password; checkable: false; checked: false; focusable: true; focused: true; selected: false; clickable: true; longClickable: true; enabled: true; password: true; scrollable: false; [ACTION_CLEAR_FOCUS, ACTION_SELECT, ACTION_CLEAR_SELECTION, ACTION_CLICK, ACTION_LONG_CLICK, ACTION_ACCESSIBILITY_FOCUS]]
05-20 16:45:07.353 I/ActivityManager(  374): Process com.android.mms (pid 6404) has died.
05-20 16:45:07.353 D/CountryDetector(  374): No listener is left
05-20 16:45:08.439 D/Email   ( 6748): [User] on enable proceed buttons
05-20 16:45:08.463 D/Email   ( 6748): [User] on enable proceed buttons
05-20 16:45:08.494 D/Email   ( 6748): [User] on enable proceed buttons
05-20 16:45:08.510 D/Email   ( 6748): [User] on enable proceed buttons
05-20 16:45:08.533 D/Email   ( 6748): [User] on enable proceed buttons
05-20 16:45:08.556 D/Email   ( 6748): [User] on enable proceed buttons
05-20 16:45:09.088 I/QueryController( 7872): Matched selector: UiSelector[TEXT=Done, CLASS=android.widget.Button, PACKAGE NAME=com.pekall.emdm.launcher] <<==>> [android.view.accessibility.AccessibilityNodeInfo@49ba0; boundsInParent: Rect(0, 0 - 656, 80); boundsInScreen: Rect(32, 650 - 688, 730); packageName: com.pekall.emdm.launcher; className: android.widget.Button; text: Done; contentDescription: null; viewIdResName: com.pekall.emdm.launcher:id/complete; checkable: false; checked: false; focusable: true; focused: false; selected: false; clickable: true; longClickable: false; enabled: true; password: false; scrollable: false; [ACTION_FOCUS, ACTION_SELECT, ACTION_CLEAR_SELECTION, ACTION_CLICK, ACTION_ACCESSIBILITY_FOCUS, ACTION_NEXT_AT_MOVEMENT_GRANULARITY, ACTION_PREVIOUS_AT_MOVEMENT_GRANULARITY, ACTION_SET_SELECTION]]
05-20 16:45:09.088 D/InteractionController( 7872): clickAndWaitForNewWindow(360, 690)
05-20 16:45:09.111 D/dalvikvm( 1661): GC_EXPLICIT freed 356K, 18% free 13099K/15888K, paused 2ms+3ms, total 67ms
05-20 16:45:09.205 D/Email   ( 6748): [User] complete, verify user with server
05-20 16:45:09.205 D/Email   ( 6748): [User] initial userName 'zhenhua.sang@pekall.com', userPassword '432911'
05-20 16:45:09.205 D/Email   ( 6748): [User] initial display name 'John', sender name 'John'
05-20 16:45:09.205 D/Email   ( 6748): Host auth recv id: 1
05-20 16:45:09.213 D/Email   ( 6748): Valid Host auth recv? true
05-20 16:45:09.213 D/Email   ( 6748): Host auth send id: 2
05-20 16:45:09.213 D/Email   ( 6748): Valid Host auth send? true
05-20 16:45:09.213 D/Email   ( 6748): [User] on proceed next
05-20 16:45:09.213 D/Email   ( 6748): Begin check of incoming email settings
05-20 16:45:09.228 D/Email   ( 6748): Valid Host auth recv? true
05-20 16:45:09.283 D/Email   ( 6748): Valid Host auth recv? true
05-20 16:45:09.291 D/Email   ( 6748): *** IMAP open mail.pekall.com:993
05-20 16:45:09.346 W/SSLCertificateSocketFactory( 6748): Bypassing SSL security checks at caller's request
05-20 16:45:09.447 D/Email   ( 6748): <<< #null# ["OK", "mail.pekall.com Zimbra IMAP4rev1 server ready"]
05-20 16:45:09.447 D/Email   ( 6748): >>> 1 CAPABILITY
05-20 16:45:09.463 D/Email   ( 6748): <<< #null# ["CAPABILITY", "IMAP4rev1", "AUTH=PLAIN", "ACL", "BINARY", "CATENATE", "CHILDREN", "CONDSTORE", "ENABLE", "ESEARCH", "ESORT", "I18NLEVEL=1", "ID", "IDLE", "LIST-EXTENDED", "LIST-STATUS", "LITERAL+", "LOGIN-REFERRALS", "MULTIAPPEND", "NAMESPACE", "QRESYNC", "QUOTA", "RIGHTS=ektx", "SASL-IR", "SEARCHRES", "SORT", "THREAD=ORDEREDSUBJECT", "UIDPLUS", "UNSELECT", "WITHIN", "XLIST"]
05-20 16:45:09.471 D/Email   ( 6748): <<< #1# ["OK", "CAPABILITY completed"]
05-20 16:45:09.471 D/Email   ( 6748): >>> 2 ID ("name" "com.pekall.emdm.launcher" "os" "android" "os-version" "4.3; JWR66Y" "vendor" "samsung" "x-android-device-model" "Galaxy Nexus" "AGUID" "Tm63Vgs7Wgw1K7nX4S6GwBsKE6I=")
05-20 16:45:09.486 D/Email   ( 6748): <<< #null# ["ID", ["NAME", "Zimbra", "VERSION", "8.0.4_GA_5737", "RELEASE", "20130524120036"]]
05-20 16:45:09.486 D/Email   ( 6748): <<< #2# ["OK", "ID completed"]
05-20 16:45:09.486 D/Email   ( 6748): >>> 3 LOGIN zhenhua.sang@pekall.com "432911"
05-20 16:45:09.502 D/Email   ( 6748): <<< #3# ["OK", ["CAPABILITY", "IMAP4rev1", "ACL", "BINARY", "CATENATE", "CHILDREN", "CONDSTORE", "ENABLE", "ESEARCH", "ESORT", "I18NLEVEL=1", "ID", "IDLE", "LIST-EXTENDED", "LIST-STATUS", "LITERAL+", "LOGIN-REFERRALS", "MULTIAPPEND", "NAMESPACE", "QRESYNC", "QUOTA", "RIGHTS=ektx", "SASL-IR", "SEARCHRES", "SORT", "THREAD=ORDEREDSUBJECT", "UIDPLUS", "UNSELECT", "WITHIN", "XLIST"], "LOGIN completed"]
05-20 16:45:09.502 D/Email   ( 6748): >>> 4 NAMESPACE
05-20 16:45:09.510 D/Email   ( 6748): <<< #null# ["NAMESPACE", [["", "/"]], [["/home/", "/"]], ]
05-20 16:45:09.510 D/Email   ( 6748): <<< #4# ["OK", "NAMESPACE completed"]
05-20 16:45:09.517 D/Email   ( 6748): Begin check of outgoing email settings
05-20 16:45:09.517 D/Email   ( 6748): Valid Host auth send? true
05-20 16:45:09.517 D/Email   ( 6748): Valid Host auth send? true
05-20 16:45:09.517 D/Email   ( 6748): Valid Host auth send? true
05-20 16:45:09.517 D/Email   ( 6748): *** IMAP open mail.pekall.com:465
05-20 16:45:09.650 D/Email   ( 6748): <<< 220 mail.pekall.com ESMTP Postfix
05-20 16:45:09.650 D/Email   ( 6748): >>> EHLO [192.168.8.144]
05-20 16:45:09.650 D/Email   ( 6748): <<< 250-mail.pekall.com
05-20 16:45:09.658 D/Email   ( 6748): <<< 250-PIPELINING
05-20 16:45:09.658 D/Email   ( 6748): <<< 250-SIZE 102400000
05-20 16:45:09.658 D/Email   ( 6748): <<< 250-VRFY
05-20 16:45:09.658 D/Email   ( 6748): <<< 250-ETRN
05-20 16:45:09.658 D/Email   ( 6748): <<< 250-AUTH PLAIN LOGIN
05-20 16:45:09.658 D/Email   ( 6748): <<< 250-AUTH=PLAIN LOGIN
05-20 16:45:09.658 D/Email   ( 6748): <<< 250-ENHANCEDSTATUSCODES
05-20 16:45:09.658 D/Email   ( 6748): <<< 250-8BITMIME
05-20 16:45:09.658 D/Email   ( 6748): <<< 250 DSN
05-20 16:45:09.658 D/Email   ( 6748): >>> AUTH PLAIN AHpoZW5odWEuc2FuZ0BwZWthbGwuY29tADQzMjkxMQ==
05-20 16:45:09.697 D/Email   ( 6748): <<< 235 2.7.0 Authentication successful
05-20 16:45:09.728 D/Email   ( 6748): [User] AccountSetupUserFragment saveSettingsAfterSetup
05-20 16:45:09.736 W/InputMethodManagerService(  374): Window already focused, ignoring focus gain of: com.android.internal.view.IInputMethodClient$Stub$Proxy@429acf48 attribute=null, token = android.os.BinderProxy@429143d8
05-20 16:45:09.752 D/Email   ( 6748): [User] Account is changed during setup user.
05-20 16:45:09.752 D/Email   ( 6748): [User] Account is changed during setup user.
05-20 16:45:09.806 D/Email   ( 6748): Valid Host auth recv? true
05-20 16:45:09.838 D/Email   ( 6748): Valid Host auth send? true
05-20 16:45:09.853 W/Email   ( 6748): Could not load INBOX for account id: 1
05-20 16:45:09.861 D/Email   ( 6748): [User] on check settings complete, result: 0
05-20 16:45:09.861 W/Parcel  ( 1661): Attempt to read object from Parcel 0x5ded3dac at offset 200 that is not in the object list
05-20 16:45:09.861 I/ActivityManager(  374): START u0 {cmp=com.pekall.emdm.launcher/com.pekall.semail.activity.Welcome} from pid 6748
05-20 16:45:09.885 W/Email   ( 6748): Could not load INBOX for account id: 1
05-20 16:45:09.892 W/Email   ( 6748): Could not load INBOX for account id: 1
05-20 16:45:09.986 D/dalvikvm(  374): GC_FOR_ALLOC freed 2008K, 24% free 21854K/28656K, paused 76ms, total 78ms
05-20 16:45:09.994 D/Email   ( 6748): [User] AccountSetupUserFragment onPause
05-20 16:45:10.002 D/LauncherApplication( 6748): [null:-1]->onActivityPaused
05-20 16:45:10.010 D/LauncherApplication( 6748): [null:-1]->onActivityPaused  updateTime
05-20 16:45:10.025 W/Parcel  ( 1661): Attempt to read object from Parcel 0x6003bdac at offset 200 that is not in the object list
05-20 16:45:10.033 D/Email   ( 6748): Host auth recv id: 1
05-20 16:45:10.041 D/Email   ( 6748): Valid Host auth recv? true
05-20 16:45:10.049 I/Email   ( 6748): Inbox not found.  Starting mailbox finder...
05-20 16:45:10.049 E/Email   ( 6748): Adding new waiting sync message view
05-20 16:45:10.080 V/LauncherApplication( 6748): onActivityStarted
05-20 16:45:10.080 D/        ( 6748): [---null: -1---]     awsa  onActivityResumed
05-20 16:45:10.080 V/LauncherApplication( 6748): 2MdmConstant.LAST_LAUNCH_TIME = 1400575510020
05-20 16:45:10.096 D/        ( 6748): [---null: -1---]  activity = com.pekall.semail.activity.Welcome
05-20 16:45:10.096 V/DefultSetContriller( 6748): isLauncherDf = com.pekall.emdm.launcher
05-20 16:45:10.096 V/DefultSetContriller( 6748): isPhoneDf = com.pekall.emdm.launcher
05-20 16:45:10.096 E/LauncherApplication( 6748): isShowLogoutUI = true
05-20 16:45:10.096 E/LauncherApplication( 6748): LogoutShowTime 1
05-20 16:45:10.166 D/ExchangeService( 6748): !!! EAS ExchangeService, onCreate
05-20 16:45:10.166 D/ExchangeService( 6748): !!! EAS ExchangeService, onStartCommand, startingUp = false, running = false
05-20 16:45:10.166 D/ExchangeService( 6748): to start secureStorageService now
05-20 16:45:10.166 I/Email   ( 6748): MailboxFinder: Starting network lookup.
05-20 16:45:10.174 W/Parcel  ( 1661): Attempt to read object from Parcel 0x6013bdac at offset 200 that is not in the object list
05-20 16:45:10.189 V/a       ( 6748): Bind requested for task test
05-20 16:45:10.205 D/ExchangeService( 6748): Reconciling accounts...
05-20 16:45:10.221 I/ActivityManager(  374): Displayed com.pekall.emdm.launcher/com.pekall.semail.activity.Welcome: +205ms
05-20 16:45:10.228 D/ExchangeService( 6748): !!! EAS ExchangeService, onStartCommand, startingUp = true, running = false
05-20 16:45:10.228 V/a       ( 6748): Connected: com.pekall.semail.service.AccountServiceInternal
05-20 16:45:10.228 V/a       ( 6748): Bind requested for task reconcileAccounts
05-20 16:45:10.228 V/a       ( 6748): Connection test succeeded in 41ms
05-20 16:45:10.236 V/a       ( 6748): Task test completed; disconnecting
05-20 16:45:10.236 V/a       ( 6748): Waiting for task reconcileAccounts to complete...
05-20 16:45:10.244 D/Email   ( 6748): Host auth recv id: 1
05-20 16:45:10.244 D/Email   ( 6748): Valid Host auth recv? true
05-20 16:45:10.244 D/Email   ( 6748): *** IMAP open mail.pekall.com:993
05-20 16:45:10.283 I/Email   ( 6748): MailboxFinder: updateMailboxListCallback
05-20 16:45:10.283 D/Email   ( 6748): [User] Handle reset setup data.
05-20 16:45:10.283 V/a       ( 6748): Connected: com.pekall.semail.service.AccountServiceInternal
05-20 16:45:10.299 V/a       ( 6748): Task reconcileAccounts completed; disconnecting
05-20 16:45:10.299 V/a       ( 6748): Wait for reconcileAccounts finished in 62ms
05-20 16:45:10.299 D/Email   ( 6748): <<< #null# ["OK", "mail.pekall.com Zimbra IMAP4rev1 server ready"]
05-20 16:45:10.299 D/Email   ( 6748): >>> 1 CAPABILITY
05-20 16:45:10.306 D/ExchangeService( 6748): !!! EAS ExchangeService, stopping self
05-20 16:45:10.314 D/ExchangeService( 6748): !!! EAS ExchangeService, onDestroy
05-20 16:45:10.314 D/Email   ( 6748): <<< #null# ["CAPABILITY", "IMAP4rev1", "AUTH=PLAIN", "ACL", "BINARY", "CATENATE", "CHILDREN", "CONDSTORE", "ENABLE", "ESEARCH", "ESORT", "I18NLEVEL=1", "ID", "IDLE", "LIST-EXTENDED", "LIST-STATUS", "LITERAL+", "LOGIN-REFERRALS", "MULTIAPPEND", "NAMESPACE", "QRESYNC", "QUOTA", "RIGHTS=ektx", "SASL-IR", "SEARCHRES", "SORT", "THREAD=ORDEREDSUBJECT", "UIDPLUS", "UNSELECT", "WITHIN", "XLIST"]
05-20 16:45:10.314 D/Email   ( 6748): <<< #1# ["OK", "CAPABILITY completed"]
05-20 16:45:10.322 D/Email   ( 6748): >>> 2 ID ("name" "com.pekall.emdm.launcher" "os" "android" "os-version" "4.3; JWR66Y" "vendor" "samsung" "x-android-device-model" "Galaxy Nexus" "AGUID" "Tm63Vgs7Wgw1K7nX4S6GwBsKE6I=")
05-20 16:45:10.322 D/Email   ( 6748): <<< #null# ["ID", ["NAME", "Zimbra", "VERSION", "8.0.4_GA_5737", "RELEASE", "20130524120036"]]
05-20 16:45:10.330 D/Email   ( 6748): <<< #2# ["OK", "ID completed"]
05-20 16:45:10.330 D/Email   ( 6748): >>> 3 LOGIN zhenhua.sang@pekall.com "432911"
05-20 16:45:10.338 D/Email   ( 6748): <<< #3# ["OK", ["CAPABILITY", "IMAP4rev1", "ACL", "BINARY", "CATENATE", "CHILDREN", "CONDSTORE", "ENABLE", "ESEARCH", "ESORT", "I18NLEVEL=1", "ID", "IDLE", "LIST-EXTENDED", "LIST-STATUS", "LITERAL+", "LOGIN-REFERRALS", "MULTIAPPEND", "NAMESPACE", "QRESYNC", "QUOTA", "RIGHTS=ektx", "SASL-IR", "SEARCHRES", "SORT", "THREAD=ORDEREDSUBJECT", "UIDPLUS", "UNSELECT", "WITHIN", "XLIST"], "LOGIN completed"]
05-20 16:45:10.338 D/Email   ( 6748): >>> 4 NAMESPACE
05-20 16:45:10.338 D/Email   ( 6748): <<< #null# ["NAMESPACE", [["", "/"]], [["/home/", "/"]], ]
05-20 16:45:10.338 D/Email   ( 6748): <<< #4# ["OK", "NAMESPACE completed"]
05-20 16:45:10.346 D/Email   ( 6748): >>> 5 NOOP
05-20 16:45:10.353 D/Email   ( 6748): <<< #5# ["OK", "NOOP completed"]
05-20 16:45:10.353 D/Email   ( 6748): >>> 6 LIST "" "*"
05-20 16:45:10.361 D/Email   ( 6748): <<< #null# ["LIST", ["\HasNoChildren"], "/", "Chats"]
05-20 16:45:10.361 D/Email   ( 6748): <<< #null# ["LIST", ["\HasNoChildren"], "/", "Contacts"]
05-20 16:45:10.361 D/Email   ( 6748): <<< #null# ["LIST", ["\HasNoChildren"], "/", "Drafts"]
05-20 16:45:10.361 D/Email   ( 6748): <<< #null# ["LIST", ["\HasNoChildren"], "/", "Emailed Contacts"]
05-20 16:45:10.361 D/Email   ( 6748): <<< #null# ["LIST", ["\HasNoChildren"], "/", "INBOX"]
05-20 16:45:10.361 D/Email   ( 6748): <<< #null# ["LIST", ["\NoInferiors"], "/", "Junk"]
05-20 16:45:10.361 D/Email   ( 6748): <<< #null# ["LIST", ["\HasNoChildren"], "/", "Sent"]
05-20 16:45:10.361 D/Email   ( 6748): <<< #null# ["LIST", ["\HasNoChildren"], "/", "Trash"]
05-20 16:45:10.361 D/Email   ( 6748): <<< #6# ["OK", "LIST completed"]
05-20 16:45:10.369 I/Email   ( 6748): Could not find mailbox at "Chats"
05-20 16:45:10.416 I/Email   ( 6748): Could not find mailbox at "Contacts"
05-20 16:45:10.439 I/Email   ( 6748): Could not find mailbox at "Drafts"
05-20 16:45:10.471 I/Email   ( 6748): Could not find mailbox at "Emailed Contacts"
05-20 16:45:10.510 I/Email   ( 6748): Could not find mailbox at "Junk"
05-20 16:45:10.533 I/Email   ( 6748): Could not find mailbox at "Sent"
05-20 16:45:10.549 D/Email   ( 6748): [User] AccountSetupUserFragment onStop
05-20 16:45:10.549 D/Email   ( 6748): [User] AccountSetupUserFragment onDestroy
05-20 16:45:10.572 I/Email   ( 6748): Could not find mailbox at "Trash"
05-20 16:45:10.611 I/Email   ( 6748): Could not find mailbox at "INBOX"
05-20 16:45:10.830 I/Email   ( 6748): MailboxFinder: updateMailboxListCallback
05-20 16:45:10.838 D/Email   ( 6748): MailboxFinder: mailbox found: id=8
05-20 16:45:10.838 W/Parcel  ( 1661): Attempt to read object from Parcel 0x5dfd3dac at offset 200 that is not in the object list
05-20 16:45:10.838 I/ActivityManager(  374): START u0 {flg=0x2000000 cmp=com.pekall.emdm.launcher/com.pekall.semail.activity.EmailActivity (has extras)} from pid 6748
05-20 16:45:10.971 D/dalvikvm(  374): GC_FOR_ALLOC freed 1302K, 24% free 21817K/28656K, paused 74ms, total 75ms
05-20 16:45:10.986 D/LauncherApplication( 6748): [null:-1]->onActivityPaused
05-20 16:45:10.994 D/LauncherApplication( 6748): [null:-1]->onActivityPaused  updateTime
05-20 16:45:11.002 D/Email   ( 6748): com.pekall.semail.activity.EmailActivity@42d8b778 onCreate
05-20 16:45:11.041 D/Email   ( 6748): UIControllerOnePane onActivityViewReady
05-20 16:45:11.041 I/Email   ( 6748): UIControllerOnePane setListContext: [MessageListContext 1:8:null]
05-20 16:45:11.041 I/Email   ( 6748): UIControllerOnePane open [MessageListContext 1:8:null] messageId=-1
05-20 16:45:11.049 D/Email   ( 6748): MessageListFragment{43bcdd70 #0 id=0x7f0901dc} onAttach
05-20 16:45:11.049 D/Email   ( 6748): MessageListFragment{43bcdd70 #0 id=0x7f0901dc} onCreate
05-20 16:45:11.049 D/Email   ( 6748): UIControllerOnePane onActivityCreated
05-20 16:45:11.049 E/Email   ( 6748): on calling refresh......
05-20 16:45:11.049 D/Email   ( 6748): MessageListFragment{43bcdd70 #0 id=0x7f0901dc} onCreateView
05-20 16:45:11.056 D/Email   ( 6748): MessageListFragment{43bcdd70 #0 id=0x7f0901dc} onActivityCreated
05-20 16:45:11.056 D/Email   ( 6748): MessageListFragment{43bcdd70 #0 id=0x7f0901dc} startLoading
05-20 16:45:11.056 D/Email   ( 6748): MessageListFragment{43bcdd70 #0 id=0x7f0901dc} onCreateLoader(messages) listContext=[MessageListContext 1:8:null]
05-20 16:45:11.056 D/Email   ( 6748): MessagesAdapter createLoader listContext=[MessageListContext 1:8:null]
05-20 16:45:11.064 D/Email   ( 6748): com.pekall.semail.activity.EmailActivity@42d8b778 onInstallFragment fragment=MessageListFragment{43bcdd70 #0 id=0x7f0901dc}
05-20 16:45:11.064 D/Email   ( 6748): UIControllerOnePane onInstallFragment  fragment=MessageListFragment{43bcdd70 #0 id=0x7f0901dc}
05-20 16:45:11.064 E/Email   ( 6748): on calling refresh......
05-20 16:45:11.064 D/Email   ( 6748): com.pekall.semail.activity.EmailActivity@42d8b778 onStart
05-20 16:45:11.064 V/LauncherApplication( 6748): onActivityStarted
05-20 16:45:11.064 D/Email   ( 6748): UIControllerOnePane onActivityStart
05-20 16:45:11.064 D/Email   ( 6748): MessageListFragment{43bcdd70 #0 id=0x7f0901dc} onStart
05-20 16:45:11.064 D/Email   ( 6748): com.pekall.semail.activity.EmailActivity@42d8b778 onResume
05-20 16:45:11.072 D/        ( 6748): [---null: -1---]     awsa  onActivityResumed
05-20 16:45:11.072 V/LauncherApplication( 6748): 2MdmConstant.LAST_LAUNCH_TIME = 1400575510998
05-20 16:45:11.072 D/        ( 6748): [---null: -1---]  activity = com.pekall.semail.activity.EmailActivity
05-20 16:45:11.080 V/DefultSetContriller( 6748): isLauncherDf = com.pekall.emdm.launcher
05-20 16:45:11.080 V/DefultSetContriller( 6748): isPhoneDf = com.pekall.emdm.launcher
05-20 16:45:11.088 E/LauncherApplication( 6748): isShowLogoutUI = true
05-20 16:45:11.088 E/LauncherApplication( 6748): LogoutShowTime 1
05-20 16:45:11.088 D/Email   ( 6748): UIControllerOnePane onActivityResume
05-20 16:45:11.088 E/Email   ( 6748): on calling refresh......
05-20 16:45:11.096 D/Email   ( 6748): MessageListFragment{43bcdd70 #0 id=0x7f0901dc} onResume
05-20 16:45:11.189 I/ActivityManager(  374): Displayed com.pekall.emdm.launcher/com.pekall.semail.activity.EmailActivity: +196ms
05-20 16:45:11.213 D/Email   ( 6748): MessageListFragment{43bcdd70 #0 id=0x7f0901dc} onLoadFinished(messages) mailboxId=8, mIsFirstLoad? true
05-20 16:45:11.236 W/Parcel  ( 1661): Attempt to read object from Parcel 0x5ef3bdac at offset 200 that is not in the object list
05-20 16:45:11.361 D/Email   ( 6748): *** synchronizeMailboxGeneric ***
05-20 16:45:11.361 D/Email   ( 6748): Host auth recv id: 1
05-20 16:45:11.369 D/Email   ( 6748): Valid Host auth recv? true
05-20 16:45:11.369 D/Email   ( 6748): >>> 7 NOOP
05-20 16:45:11.416 D/Email   ( 6748): setAccountMailboxInfo, account id: 1, mailbox id: 8
05-20 16:45:11.416 D/Email   ( 6748): -- display name: John
05-20 16:45:11.424 E/Email   ( 6748): Email account '1' exists? true
05-20 16:45:11.517 D/Email   ( 6748): Welcome: Closing self...
05-20 16:45:11.517 W/ActivityManager(  374): Duplicate finish request for ActivityRecord{42859458 u0 com.pekall.emdm.launcher/com.pekall.semail.activity.Welcome}
05-20 16:45:11.525 D/Email   ( 6748): <<< #7# ["OK", "NOOP completed"]
05-20 16:45:11.525 D/Email   ( 6748): >>> 8 SELECT "INBOX"
05-20 16:45:11.572 D/Email   ( 6748): <<< #null# ["470", "EXISTS"]
05-20 16:45:11.572 D/Email   ( 6748): MessageListFragment{43bcdd70 #0 id=0x7f0901dc} onLoadFinished(messages) mailboxId=8, mIsFirstLoad? false
05-20 16:45:11.580 W/Parcel  ( 1661): Attempt to read object from Parcel 0x5ded3dac at offset 200 that is not in the object list
05-20 16:45:11.588 D/Email   ( 6748): setAccountMailboxInfo, account id: 1, mailbox id: 8
05-20 16:45:11.596 D/Email   ( 6748): -- display name: John
05-20 16:45:11.603 E/Email   ( 6748): Email account '1' exists? true
05-20 16:45:11.603 D/Email   ( 6748): <<< #null# ["28", "RECENT"]
05-20 16:45:11.603 D/Email   ( 6748): <<< #null# ["OK", ["UNSEEN", "1"], "mailbox contains unseen messages"]
05-20 16:45:11.603 D/Email   ( 6748): <<< #null# ["OK", ["UIDVALIDITY", "1"], "UIDs are valid for this mailbox"]
05-20 16:45:11.603 D/Email   ( 6748): <<< #null# ["OK", ["UIDNEXT", "3892"], "next expected UID is 3892"]
05-20 16:45:11.603 D/Email   ( 6748): <<< #null# ["FLAGS", ["\Answered", "\Deleted", "\Draft", "\Flagged", "\Seen", "$Forwarded", "$MDNSent", "Forwarded", "$Junk", "$NotJunk", "Junk", "JunkRecorded", "NonJunk", "NotJunk"]]
05-20 16:45:11.603 D/Email   ( 6748): <<< #null# ["OK", ["PERMANENTFLAGS", ["\Answered", "\Deleted", "\Draft", "\Flagged", "\Seen", "$Forwarded", "$MDNSent", "Forwarded", "\*"]], "junk-related flags are not permanent"]
05-20 16:45:11.603 D/Email   ( 6748): <<< #null# ["OK", ["HIGHESTMODSEQ", "6585"], "modseq tracked on this mailbox"]
05-20 16:45:11.603 D/Email   ( 6748): <<< #8# ["OK", ["READ-WRITE"], "SELECT completed"]
05-20 16:45:11.611 D/Email   ( 6748): >>> 9 UID SEARCH 446:470 NOT DELETED
05-20 16:45:11.619 D/Email   ( 6748): <<< #null# ["SEARCH", "3865", "3866", "3867", "3868", "3870", "3871", "3872", "3873", "3874", "3875", "3876", "3877", "3878", "3879", "3881", "3882", "3883", "3884", "3885", "3886", "3887", "3888", "3889", "3890", "3891"]
05-20 16:45:11.619 D/Email   ( 6748): <<< #9# ["OK", "UID SEARCH completed"]
05-20 16:45:11.619 D/Email   ( 6748): >>> 10 UID FETCH 3865,3866,3867,3868,3870,3871,3872,3873,3874,3875,3876,3877,3878,3879,3881,3882,3883,3884,3885,3886,3887,3888,3889,3890,3891 (UID FLAGS INTERNALDATE RFC822.SIZE BODY.PEEK[HEADER.FIELDS (date subject from content-type to cc message-id)])
05-20 16:45:11.650 D/Email   ( 6748): <<< #null# ["446", "FETCH", ["UID", "3865", "INTERNALDATE", "19-May-2014 20:31:36 +0800", "RFC822.SIZE", "119650", "BODY[HEADER.FIELDS (DATE SUBJECT FROM CONTENT-TYPE TO CC MESSAGE-ID)]", {345 byte literal(memory)}, "FLAGS", ["\Recent"]]]
05-20 16:45:12.080 D/Email   ( 6748): <<< #null# ["447", "FETCH", ["UID", "3866", "INTERNALDATE", "20-May-2014 09:53:18 +0800", "RFC822.SIZE", "5698", "BODY[HEADER.FIELDS (DATE SUBJECT FROM CONTENT-TYPE TO CC MESSAGE-ID)]", {481 byte literal(memory)}, "FLAGS", ["\Recent"]]]
05-20 16:45:12.135 D/Email   ( 6748): <<< #null# ["448", "FETCH", ["UID", "3867", "INTERNALDATE", "20-May-2014 09:59:05 +0800", "RFC822.SIZE", "1198", "BODY[HEADER.FIELDS (DATE SUBJECT FROM CONTENT-TYPE TO CC MESSAGE-ID)]", {331 byte literal(memory)}, "FLAGS", ["\Recent"]]]
05-20 16:45:12.174 D/Email   ( 6748): <<< #null# ["449", "FETCH", ["UID", "3868", "INTERNALDATE", "20-May-2014 10:17:32 +0800", "RFC822.SIZE", "1729", "BODY[HEADER.FIELDS (DATE SUBJECT FROM CONTENT-TYPE TO CC MESSAGE-ID)]", {358 byte literal(memory)}, "FLAGS", ["\Recent"]]]
05-20 16:45:12.221 D/Email   ( 6748): <<< #null# ["450", "FETCH", ["UID", "3870", "INTERNALDATE", "20-May-2014 10:20:30 +0800", "RFC822.SIZE", "2487", "BODY[HEADER.FIELDS (DATE SUBJECT FROM CONTENT-TYPE TO CC MESSAGE-ID)]", {370 byte literal(memory)}, "FLAGS", ["\Recent"]]]
05-20 16:45:12.252 D/Email   ( 6748): MessageListFragment{43bcdd70 #0 id=0x7f0901dc} onLoadFinished(messages) mailboxId=8, mIsFirstLoad? false
05-20 16:45:12.275 W/Parcel  ( 1661): Attempt to read object from Parcel 0x5ec3bdac at offset 200 that is not in the object list
05-20 16:45:12.346 D/Email   ( 6748): <<< #null# ["451", "FETCH", ["UID", "3871", "INTERNALDATE", "20-May-2014 10:42:50 +0800", "RFC822.SIZE", "9302", "BODY[HEADER.FIELDS (DATE SUBJECT FROM CONTENT-TYPE TO CC MESSAGE-ID)]", {584 byte literal(memory)}, "FLAGS", ["\Recent"]]]
05-20 16:45:12.353 D/Email   ( 6748): setAccountMailboxInfo, account id: 1, mailbox id: 8
05-20 16:45:12.361 D/Email   ( 6748): -- display name: John
05-20 16:45:12.369 I/ActivityManager(  374): Process com.google.android.apps.uploader (pid 6392) has died.
05-20 16:45:12.447 E/Email   ( 6748): Email account '1' exists? true
05-20 16:45:12.517 D/Email   ( 6748): <<< #null# ["452", "FETCH", ["UID", "3872", "INTERNALDATE", "20-May-2014 10:45:30 +0800", "RFC822.SIZE", "5261", "BODY[HEADER.FIELDS (DATE SUBJECT FROM CONTENT-TYPE TO CC MESSAGE-ID)]", {430 byte literal(memory)}, "FLAGS", ["\Recent"]]]
05-20 16:45:12.564 D/Email   ( 6748): <<< #null# ["453", "FETCH", ["UID", "3873", "INTERNALDATE", "20-May-2014 11:06:00 +0800", "RFC822.SIZE", "2248", "BODY[HEADER.FIELDS (DATE SUBJECT FROM CONTENT-TYPE TO CC MESSAGE-ID)]", {284 byte literal(memory)}, "FLAGS", ["\Recent"]]]
05-20 16:45:12.611 D/Email   ( 6748): <<< #null# ["454", "FETCH", ["UID", "3874", "INTERNALDATE", "20-May-2014 13:52:26 +0800", "RFC822.SIZE", "5368", "BODY[HEADER.FIELDS (DATE SUBJECT FROM CONTENT-TYPE TO CC MESSAGE-ID)]", {464 byte literal(memory)}, "FLAGS", ["\Recent"]]]
05-20 16:45:12.666 D/Email   ( 6748): <<< #null# ["455", "FETCH", ["UID", "3875", "INTERNALDATE", "20-May-2014 14:09:23 +0800", "RFC822.SIZE", "10900", "BODY[HEADER.FIELDS (DATE SUBJECT FROM CONTENT-TYPE TO CC MESSAGE-ID)]", {709 byte literal(memory)}, "FLAGS", ["\Recent"]]]
05-20 16:45:12.705 D/Email   ( 6748): <<< #null# ["456", "FETCH", ["UID", "3876", "INTERNALDATE", "20-May-2014 14:20:16 +0800", "RFC822.SIZE", "3718", "BODY[HEADER.FIELDS (DATE SUBJECT FROM CONTENT-TYPE TO CC MESSAGE-ID)]", {322 byte literal(memory)}, "FLAGS", ["\Recent"]]]
05-20 16:45:12.744 I/ActivityManager(  374): Process com.nd.assistance (pid 6345) has died.
05-20 16:45:12.752 D/Email   ( 6748): <<< #null# ["457", "FETCH", ["UID", "3877", "INTERNALDATE", "20-May-2014 14:39:02 +0800", "RFC822.SIZE", "3678", "BODY[HEADER.FIELDS (DATE SUBJECT FROM CONTENT-TYPE TO CC MESSAGE-ID)]", {396 byte literal(memory)}, "FLAGS", ["\Recent"]]]
05-20 16:45:12.814 D/Email   ( 6748): <<< #null# ["458", "FETCH", ["UID", "3878", "INTERNALDATE", "20-May-2014 14:49:32 +0800", "RFC822.SIZE", "92731", "BODY[HEADER.FIELDS (DATE SUBJECT FROM CONTENT-TYPE TO CC MESSAGE-ID)]", {587 byte literal(memory)}, "FLAGS", ["\Recent"]]]
05-20 16:45:12.877 D/Email   ( 6748): <<< #null# ["459", "FETCH", ["UID", "3879", "INTERNALDATE", "20-May-2014 14:50:50 +0800", "RFC822.SIZE", "99249", "BODY[HEADER.FIELDS (DATE SUBJECT FROM CONTENT-TYPE TO CC MESSAGE-ID)]", {551 byte literal(memory)}, "FLAGS", ["\Recent"]]]
05-20 16:45:12.931 D/Email   ( 6748): <<< #null# ["460", "FETCH", ["UID", "3881", "INTERNALDATE", "20-May-2014 15:00:19 +0800", "RFC822.SIZE", "5233", "BODY[HEADER.FIELDS (DATE SUBJECT FROM CONTENT-TYPE TO CC MESSAGE-ID)]", {522 byte literal(memory)}, "FLAGS", ["\Recent"]]]
05-20 16:45:12.971 D/Email   ( 6748): <<< #null# ["461", "FETCH", ["UID", "3882", "INTERNALDATE", "20-May-2014 15:17:37 +0800", "RFC822.SIZE", "10438", "BODY[HEADER.FIELDS (DATE SUBJECT FROM CONTENT-TYPE TO CC MESSAGE-ID)]", {563 byte literal(memory)}, "FLAGS", ["\Recent"]]]
05-20 16:45:13.033 D/Email   ( 6748): <<< #null# ["462", "FETCH", ["UID", "3883", "INTERNALDATE", "20-May-2014 15:19:08 +0800", "RFC822.SIZE", "23139", "BODY[HEADER.FIELDS (DATE SUBJECT FROM CONTENT-TYPE TO CC MESSAGE-ID)]", {469 byte literal(memory)}, "FLAGS", ["\Recent"]]]
05-20 16:45:13.080 D/Email   ( 6748): <<< #null# ["463", "FETCH", ["UID", "3884", "INTERNALDATE", "20-May-2014 15:29:32 +0800", "RFC822.SIZE", "8980", "BODY[HEADER.FIELDS (DATE SUBJECT FROM CONTENT-TYPE TO CC MESSAGE-ID)]", {560 byte literal(memory)}, "FLAGS", ["\Recent"]]]
05-20 16:45:13.127 D/Email   ( 6748): <<< #null# ["464", "FETCH", ["UID", "3885", "INTERNALDATE", "20-May-2014 15:34:40 +0800", "RFC822.SIZE", "5887", "BODY[HEADER.FIELDS (DATE SUBJECT FROM CONTENT-TYPE TO CC MESSAGE-ID)]", {623 byte literal(memory)}, "FLAGS", ["\Recent"]]]
05-20 16:45:13.166 D/Email   ( 6748): <<< #null# ["465", "FETCH", ["UID", "3886", "INTERNALDATE", "20-May-2014 15:36:21 +0800", "RFC822.SIZE", "5808", "BODY[HEADER.FIELDS (DATE SUBJECT FROM CONTENT-TYPE TO CC MESSAGE-ID)]", {595 byte literal(memory)}, "FLAGS", ["\Recent"]]]
05-20 16:45:13.221 D/Email   ( 6748): <<< #null# ["466", "FETCH", ["UID", "3887", "INTERNALDATE", "20-May-2014 15:37:57 +0800", "RFC822.SIZE", "10350", "BODY[HEADER.FIELDS (DATE SUBJECT FROM CONTENT-TYPE TO CC MESSAGE-ID)]", {629 byte literal(memory)}, "FLAGS", ["\Recent"]]]
05-20 16:45:13.267 D/Email   ( 6748): <<< #null# ["467", "FETCH", ["UID", "3888", "INTERNALDATE", "20-May-2014 15:39:25 +0800", "RFC822.SIZE", "1949", "BODY[HEADER.FIELDS (DATE SUBJECT FROM CONTENT-TYPE TO CC MESSAGE-ID)]", {466 byte literal(memory)}, "FLAGS", ["\Recent"]]]
05-20 16:45:13.314 D/Email   ( 6748): <<< #null# ["468", "FETCH", ["UID", "3889", "INTERNALDATE", "20-May-2014 15:44:55 +0800", "RFC822.SIZE", "9818", "BODY[HEADER.FIELDS (DATE SUBJECT FROM CONTENT-TYPE TO CC MESSAGE-ID)]", {522 byte literal(memory)}, "FLAGS", ["\Recent"]]]
05-20 16:45:13.353 D/Email   ( 6748): <<< #null# ["469", "FETCH", ["UID", "3890", "INTERNALDATE", "20-May-2014 16:11:03 +0800", "RFC822.SIZE", "3199793", "BODY[HEADER.FIELDS (DATE SUBJECT FROM CONTENT-TYPE TO CC MESSAGE-ID)]", {669 byte literal(memory)}, "FLAGS", ["\Recent"]]]
05-20 16:45:13.408 D/Email   ( 6748): <<< #null# ["470", "FETCH", ["UID", "3891", "INTERNALDATE", "20-May-2014 16:28:12 +0800", "RFC822.SIZE", "7683", "BODY[HEADER.FIELDS (DATE SUBJECT FROM CONTENT-TYPE TO CC MESSAGE-ID)]", {427 byte literal(memory)}, "FLAGS", ["\Recent"]]]
05-20 16:45:13.463 D/Email   ( 6748): <<< #10# ["OK", "UID FETCH completed"]
05-20 16:45:13.463 D/Email   ( 6748): >>> 11 UID FETCH 3865,3866,3867,3868,3870,3871,3872,3873,3874,3875,3876,3877,3878,3879,3881,3882,3883,3884,3885,3886,3887,3888,3889,3890,3891 (UID FLAGS)
