05-20 16:05:27.533 W/MountService(  374): getVolumeState(/mnt/emmc): Unknown volume
05-20 16:05:27.533 W/MountService(  374): getVolumeState(/mnt/extSdCard): Unknown volume
05-20 16:05:27.533 W/MountService(  374): getVolumeState(/mnt/sdcard/SD_CARD): Unknown volume
05-20 16:05:27.541 W/MountService(  374): getVolumeState(/mnt/sdcard/extra_sd): Unknown volume
05-20 16:05:27.541 W/MountService(  374): getVolumeState(/mnt/extrasd_bind): Unknown volume
05-20 16:05:27.541 W/MountService(  374): getVolumeState(/mnt/sdcard/ext_sd): Unknown volume
05-20 16:05:27.541 W/MountService(  374): getVolumeState(/storage/extSdCard): Unknown volume
05-20 16:05:27.541 W/MountService(  374): getVolumeState(/storage/sdcard1): Unknown volume
05-20 16:05:27.541 W/MountService(  374): getVolumeState(/mnt/sdcard/external_SD): Unknown volume
05-20 16:05:27.541 W/MountService(  374): getVolumeState(/mnt/sdcard/external_sd): Unknown volume
05-20 16:05:27.931 W/MountService(  374): getVolumeState(/storage/emulated/0/external_sd): Unknown volume
05-20 16:05:27.931 W/MountService(  374): getVolumeState(/mnt/sdcard-ext): Unknown volume
05-20 16:05:27.931 W/MountService(  374): getVolumeState(/mnt/ext_sdcard): Unknown volume
05-20 16:05:27.931 W/MountService(  374): getVolumeState(/mnt/sdcard2): Unknown volume
05-20 16:05:27.931 W/MountService(  374): getVolumeState(/mnt/emmc): Unknown volume
05-20 16:05:27.931 W/MountService(  374): getVolumeState(/mnt/extSdCard): Unknown volume
05-20 16:05:27.931 W/MountService(  374): getVolumeState(/mnt/sdcard/SD_CARD): Unknown volume
05-20 16:05:27.931 W/MountService(  374): getVolumeState(/mnt/sdcard/extra_sd): Unknown volume
05-20 16:05:27.931 W/MountService(  374): getVolumeState(/mnt/extrasd_bind): Unknown volume
05-20 16:05:27.939 W/MountService(  374): getVolumeState(/mnt/sdcard/ext_sd): Unknown volume
05-20 16:05:27.939 W/MountService(  374): getVolumeState(/storage/extSdCard): Unknown volume
05-20 16:05:27.939 W/MountService(  374): getVolumeState(/storage/sdcard1): Unknown volume
05-20 16:05:27.939 W/MountService(  374): getVolumeState(/mnt/sdcard/external_SD): Unknown volume
05-20 16:05:27.939 W/MountService(  374): getVolumeState(/mnt/sdcard/external_sd): Unknown volume
05-20 16:06:18.744 I/ActivityManager(  374): Start proc com.pekall.emdm.launcher:remote for service com.pekall.emdm.launcher/com.baidu.location.f: pid=5372 uid=10066 gids={50066, 1015, 3002, 3001, 3003, 1028}
05-20 16:06:19.150 D/ActivityThread( 5372): Loading provider com.pekall.semail.provider;com.pekall.semail.notifier: com.pekall.semail.provider.EmailProvider
05-20 16:06:19.267 D/ActivityThread( 5372): Loading provider com.pekall.semail.provider;com.pekall.semail.notifier: com.pekall.semail.provider.EmailProvider
05-20 16:06:22.736 W/ActivityManager(  374): Unable to start service Intent { cmp=com.pekall.emdm.launcher/com.pekall.semail.service.AttachmentDownloadService } U=0: not found
05-20 16:06:27.955 W/MountService(  374): getVolumeState(/storage/emulated/0/external_sd): Unknown volume
05-20 16:06:28.002 W/MountService(  374): getVolumeState(/mnt/sdcard-ext): Unknown volume
05-20 16:06:28.017 W/MountService(  374): getVolumeState(/mnt/ext_sdcard): Unknown volume
05-20 16:06:28.033 W/MountService(  374): getVolumeState(/mnt/sdcard2): Unknown volume
05-20 16:06:28.033 W/MountService(  374): getVolumeState(/mnt/emmc): Unknown volume
05-20 16:06:28.221 W/MountService(  374): getVolumeState(/mnt/extSdCard): Unknown volume
05-20 16:06:28.236 W/MountService(  374): getVolumeState(/mnt/sdcard/SD_CARD): Unknown volume
05-20 16:06:28.236 W/MountService(  374): getVolumeState(/mnt/sdcard/extra_sd): Unknown volume
05-20 16:06:28.252 W/MountService(  374): getVolumeState(/mnt/extrasd_bind): Unknown volume
05-20 16:06:28.252 W/MountService(  374): getVolumeState(/mnt/sdcard/ext_sd): Unknown volume
05-20 16:06:28.267 W/MountService(  374): getVolumeState(/storage/extSdCard): Unknown volume
05-20 16:06:28.267 W/MountService(  374): getVolumeState(/storage/sdcard1): Unknown volume
05-20 16:06:28.267 W/MountService(  374): getVolumeState(/mnt/sdcard/external_SD): Unknown volume
05-20 16:06:28.283 W/MountService(  374): getVolumeState(/mnt/sdcard/external_sd): Unknown volume
05-20 16:06:33.197 W/MountService(  374): getVolumeState(/storage/emulated/0/external_sd): Unknown volume
05-20 16:06:33.213 W/MountService(  374): getVolumeState(/mnt/sdcard-ext): Unknown volume
05-20 16:06:33.213 W/MountService(  374): getVolumeState(/mnt/ext_sdcard): Unknown volume
05-20 16:06:33.228 W/MountService(  374): getVolumeState(/mnt/sdcard2): Unknown volume
05-20 16:06:33.244 W/MountService(  374): getVolumeState(/mnt/emmc): Unknown volume
05-20 16:06:33.260 W/MountService(  374): getVolumeState(/mnt/extSdCard): Unknown volume
05-20 16:06:33.260 W/MountService(  374): getVolumeState(/mnt/sdcard/SD_CARD): Unknown volume
05-20 16:06:33.291 W/MountService(  374): getVolumeState(/mnt/sdcard/extra_sd): Unknown volume
05-20 16:06:33.299 W/MountService(  374): getVolumeState(/mnt/extrasd_bind): Unknown volume
05-20 16:06:33.314 W/MountService(  374): getVolumeState(/mnt/sdcard/ext_sd): Unknown volume
05-20 16:06:33.330 W/MountService(  374): getVolumeState(/storage/extSdCard): Unknown volume
05-20 16:06:33.338 W/MountService(  374): getVolumeState(/storage/sdcard1): Unknown volume
05-20 16:06:33.346 W/MountService(  374): getVolumeState(/mnt/sdcard/external_SD): Unknown volume
05-20 16:06:33.369 W/MountService(  374): getVolumeState(/mnt/sdcard/external_sd): Unknown volume
05-20 16:06:37.627 I/ActivityManager(  374): Start proc com.android.defcontainer for service com.android.defcontainer/.DefaultContainerService: pid=5415 uid=10012 gids={50012, 1015, 1023, 2001, 1028}
05-20 16:06:38.775 W/ActivityManager(  374): Timeout executing service: ServiceRecord{43022348 u0 com.pekall.emdm.launcher/com.baidu.location.f}
05-20 16:06:42.400 W/MountService(  374): getVolumeState(/storage/emulated/0/external_sd): Unknown volume
05-20 16:06:42.424 W/MountService(  374): getVolumeState(/mnt/sdcard-ext): Unknown volume
05-20 16:06:42.439 W/MountService(  374): getVolumeState(/mnt/ext_sdcard): Unknown volume
05-20 16:06:42.447 W/MountService(  374): getVolumeState(/mnt/sdcard2): Unknown volume
05-20 16:06:42.463 W/MountService(  374): getVolumeState(/mnt/emmc): Unknown volume
05-20 16:06:42.486 W/MountService(  374): getVolumeState(/mnt/extSdCard): Unknown volume
05-20 16:06:42.494 W/MountService(  374): getVolumeState(/mnt/sdcard/SD_CARD): Unknown volume
05-20 16:06:42.549 W/MountService(  374): getVolumeState(/mnt/sdcard/extra_sd): Unknown volume
05-20 16:06:42.572 W/MountService(  374): getVolumeState(/mnt/extrasd_bind): Unknown volume
05-20 16:06:42.619 W/MountService(  374): getVolumeState(/mnt/sdcard/ext_sd): Unknown volume
05-20 16:06:42.635 W/MountService(  374): getVolumeState(/storage/extSdCard): Unknown volume
05-20 16:06:42.650 W/MountService(  374): getVolumeState(/storage/sdcard1): Unknown volume
05-20 16:06:42.666 W/MountService(  374): getVolumeState(/mnt/sdcard/external_SD): Unknown volume
05-20 16:06:42.681 W/MountService(  374): getVolumeState(/mnt/sdcard/external_sd): Unknown volume
05-20 16:06:44.471 E/ActivityManager(  374): ANR in com.pekall.emdm.launcher:remote
05-20 16:06:44.471 E/ActivityManager(  374): Reason: Executing service com.pekall.emdm.launcher/com.baidu.location.f
05-20 16:06:44.471 E/ActivityManager(  374): Load: 2.62 / 2.31 / 1.89
05-20 16:06:44.471 E/ActivityManager(  374): CPU usage from 0ms to 5654ms later:
05-20 16:06:44.471 E/ActivityManager(  374):   87% 5090/com.pekall.emdm.launcher: 87% user + 0.1% kernel / faults: 150 minor
05-20 16:06:44.471 E/ActivityManager(  374):   76% 5372/com.pekall.emdm.launcher:remote: 76% user + 0.5% kernel / faults: 116 minor
05-20 16:06:44.471 E/ActivityManager(  374):   25% 374/system_server: 19% user + 5.6% kernel / faults: 369 minor 3 major
05-20 16:06:44.471 E/ActivityManager(  374):   0.7% 448/com.android.systemui: 0.7% user + 0% kernel / faults: 24 minor
05-20 16:06:44.471 E/ActivityManager(  374):   1.7% 2530/com.qihoo.appstore: 1.4% user + 0.3% kernel / faults: 518 minor 20 major
05-20 16:06:44.471 E/ActivityManager(  374):   0.8% 561/com.android.phone: 0.7% user + 0.1% kernel / faults: 29 minor
05-20 16:06:44.471 E/ActivityManager(  374):   0.7% 133/sdcard: 0% user + 0.7% kernel
05-20 16:06:44.471 E/ActivityManager(  374):   0.7% 5415/com.android.defcontainer: 0% user + 0.7% kernel / faults: 187 minor 1 major
05-20 16:06:44.471 E/ActivityManager(  374):   0% 568/com.android.nfc: 0% user + 0% kernel / faults: 28 minor
05-20 16:06:44.471 E/ActivityManager(  374):   0.3% 82/mmcqd/0: 0% user + 0.3% kernel
05-20 16:06:44.471 E/ActivityManager(  374):   0.1% 1468/com.qihoo.daemon: 0.1% user + 0% kernel
05-20 16:06:44.471 E/ActivityManager(  374):   0% 4472/kworker/0:2: 0% user + 0% kernel
05-20 16:06:44.471 E/ActivityManager(  374): 100% TOTAL: 95% user + 4.2% kernel
05-20 16:06:44.471 E/ActivityManager(  374): CPU usage from 4630ms to 5191ms later:
05-20 16:06:44.471 E/ActivityManager(  374):   89% 5090/com.pekall.emdm.launcher: 89% user + 0% kernel
05-20 16:06:44.471 E/ActivityManager(  374):     85% 5103/Thread-1728: 85% user + 0% kernel
05-20 16:06:44.471 E/ActivityManager(  374):   89% 5372/com.pekall.emdm.launcher:remote: 89% user + 0% kernel
05-20 16:06:44.471 E/ActivityManager(  374):     89% 5385/Thread-1749: 89% user + 0% kernel
05-20 16:06:44.471 E/ActivityManager(  374):   8.9% 374/system_server: 1.7% user + 7.1% kernel / faults: 4 minor
05-20 16:06:44.471 E/ActivityManager(  374):     7.1% 390/ActivityManager: 0% user + 7.1% kernel
05-20 16:06:44.471 E/ActivityManager(  374):   3.1% 133/sdcard: 0% user + 3.1% kernel
05-20 16:06:44.471 E/ActivityManager(  374):     1.5% 142/sdcard: 0% user + 1.5% kernel
05-20 16:06:44.471 E/ActivityManager(  374):     0.7% 133/sdcard: 0% user + 0.7% kernel
05-20 16:06:44.471 E/ActivityManager(  374):   1.4% 82/mmcqd/0: 0% user + 1.4% kernel
05-20 16:06:44.471 E/ActivityManager(  374):   2.1% 2530/com.qihoo.appstore: 2.1% user + 0% kernel / faults: 331 minor 19 major
05-20 16:06:44.471 E/ActivityManager(  374):     2.1% 5414/PriorityThreadF: 1% user + 1% kernel
05-20 16:06:44.471 E/ActivityManager(  374):   1.1% 5415/com.android.defcontainer: 0% user + 1.1% kernel / faults: 78 minor 1 major
05-20 16:06:44.471 E/ActivityManager(  374): 100% TOTAL: 96% user + 3.6% kernel
05-20 16:06:44.478 W/ActivityManager(  374): Killing ProcessRecord{422daf30 5372:com.pekall.emdm.launcher:remote/u0a10066}: background ANR
05-20 16:06:44.486 I/ActivityManager(  374): Process com.pekall.emdm.launcher:remote (pid 5372) has died.
05-20 16:06:44.486 W/ActivityManager(  374): Scheduling restart of crashed service com.pekall.emdm.launcher/com.baidu.location.f in 320000ms
05-20 16:06:44.572 W/PackageParser( 2530): No actions in intent filter at /storage/emulated/0/MdmLauncher-BYOD21_71_0416-release.apk Binary XML file line #899
05-20 16:06:44.971 W/PackageParser( 2530): No actions in intent filter at /storage/emulated/0/tmp/360apktmp.apk Binary XML file line #788
05-20 16:06:47.408 W/MountService(  374): getVolumeState(/storage/emulated/0/external_sd): Unknown volume
05-20 16:06:47.408 W/MountService(  374): getVolumeState(/mnt/sdcard-ext): Unknown volume
05-20 16:06:47.408 W/MountService(  374): getVolumeState(/mnt/ext_sdcard): Unknown volume
05-20 16:06:47.408 W/MountService(  374): getVolumeState(/mnt/sdcard2): Unknown volume
05-20 16:06:47.408 W/MountService(  374): getVolumeState(/mnt/emmc): Unknown volume
05-20 16:06:47.408 W/MountService(  374): getVolumeState(/mnt/extSdCard): Unknown volume
05-20 16:06:47.408 W/MountService(  374): getVolumeState(/mnt/sdcard/SD_CARD): Unknown volume
05-20 16:06:47.408 W/MountService(  374): getVolumeState(/mnt/sdcard/extra_sd): Unknown volume
05-20 16:06:47.408 W/MountService(  374): getVolumeState(/mnt/extrasd_bind): Unknown volume
05-20 16:06:47.408 W/MountService(  374): getVolumeState(/mnt/sdcard/ext_sd): Unknown volume
05-20 16:06:47.408 W/MountService(  374): getVolumeState(/storage/extSdCard): Unknown volume
05-20 16:06:47.416 W/MountService(  374): getVolumeState(/storage/sdcard1): Unknown volume
05-20 16:06:47.416 W/MountService(  374): getVolumeState(/mnt/sdcard/external_SD): Unknown volume
05-20 16:06:47.416 W/MountService(  374): getVolumeState(/mnt/sdcard/external_sd): Unknown volume
05-20 16:07:27.541 W/MountService(  374): getVolumeState(/storage/emulated/0/external_sd): Unknown volume
05-20 16:07:27.541 W/MountService(  374): getVolumeState(/mnt/sdcard-ext): Unknown volume
05-20 16:07:27.541 W/MountService(  374): getVolumeState(/mnt/ext_sdcard): Unknown volume
05-20 16:07:27.541 W/MountService(  374): getVolumeState(/mnt/sdcard2): Unknown volume
05-20 16:07:27.541 W/MountService(  374): getVolumeState(/mnt/emmc): Unknown volume
05-20 16:07:27.541 W/MountService(  374): getVolumeState(/mnt/extSdCard): Unknown volume
05-20 16:07:27.541 W/MountService(  374): getVolumeState(/mnt/sdcard/SD_CARD): Unknown volume
05-20 16:07:27.541 W/MountService(  374): getVolumeState(/mnt/sdcard/extra_sd): Unknown volume
05-20 16:07:27.549 W/MountService(  374): getVolumeState(/mnt/extrasd_bind): Unknown volume
05-20 16:07:27.549 W/MountService(  374): getVolumeState(/mnt/sdcard/ext_sd): Unknown volume
05-20 16:07:27.549 W/MountService(  374): getVolumeState(/storage/extSdCard): Unknown volume
05-20 16:07:27.549 W/MountService(  374): getVolumeState(/storage/sdcard1): Unknown volume
05-20 16:07:27.549 W/MountService(  374): getVolumeState(/mnt/sdcard/external_SD): Unknown volume
05-20 16:07:27.549 W/MountService(  374): getVolumeState(/mnt/sdcard/external_sd): Unknown volume
05-20 16:07:27.908 W/MountService(  374): getVolumeState(/storage/emulated/0/external_sd): Unknown volume
05-20 16:07:27.908 W/MountService(  374): getVolumeState(/mnt/sdcard-ext): Unknown volume
05-20 16:07:27.908 W/MountService(  374): getVolumeState(/mnt/ext_sdcard): Unknown volume
05-20 16:07:27.908 W/MountService(  374): getVolumeState(/mnt/sdcard2): Unknown volume
05-20 16:07:27.908 W/MountService(  374): getVolumeState(/mnt/emmc): Unknown volume
05-20 16:07:27.908 W/MountService(  374): getVolumeState(/mnt/extSdCard): Unknown volume
05-20 16:07:27.908 W/MountService(  374): getVolumeState(/mnt/sdcard/SD_CARD): Unknown volume
05-20 16:07:27.908 W/MountService(  374): getVolumeState(/mnt/sdcard/extra_sd): Unknown volume
05-20 16:07:27.916 W/MountService(  374): getVolumeState(/mnt/extrasd_bind): Unknown volume
05-20 16:07:27.916 W/MountService(  374): getVolumeState(/mnt/sdcard/ext_sd): Unknown volume
05-20 16:07:27.916 W/MountService(  374): getVolumeState(/storage/extSdCard): Unknown volume
05-20 16:07:27.916 W/MountService(  374): getVolumeState(/storage/sdcard1): Unknown volume
05-20 16:07:27.924 W/MountService(  374): getVolumeState(/mnt/sdcard/external_SD): Unknown volume
05-20 16:07:27.924 W/MountService(  374): getVolumeState(/mnt/sdcard/external_sd): Unknown volume
05-20 16:07:35.002 I/ActivityManager(  374): No longer want com.google.android.apps.maps:GoogleLocationService (pid 2929): empty for 1807s
05-20 16:07:35.017 W/ActivityManager(  374): Scheduling restart of crashed service com.google.android.apps.maps/com.google.android.location.internal.server.GoogleLocationService in 5000ms
05-20 16:07:40.033 I/ActivityManager(  374): Start proc com.google.android.apps.maps:GoogleLocationService for service com.google.android.apps.maps/com.google.android.location.internal.server.GoogleLocationService: pid=5432 uid=10038 gids={50038, 3003, 1015, 1028}
05-20 16:07:41.127 I/ActivityManager(  374): Start proc com.google.android.apps.maps:FriendService for broadcast com.google.android.apps.maps/com.google.googlenav.friend.android.ServiceReceiver: pid=5453 uid=10038 gids={50038, 3003, 1015, 1028}
05-20 16:07:41.424 I/ActivityManager(  374): Start proc com.google.android.apps.maps:LocationFriendService for broadcast com.google.android.apps.maps/com.google.googlenav.friend.reporting.LocationReportingIntentReceiver: pid=5466 uid=10038 gids={50038, 3003, 1015, 1028}
05-20 16:07:43.088 W/ActivityThread( 5432): ClassLoader.loadClass: The class loader returned by Thread.getContextClassLoader() may fail for processes that host multiple applications. You should explicitly specify a context class loader. For example: Thread.setContextClassLoader(getClass().getClassLoader());
05-20 16:08:27.549 W/MountService(  374): getVolumeState(/storage/emulated/0/external_sd): Unknown volume
05-20 16:08:27.549 W/MountService(  374): getVolumeState(/mnt/sdcard-ext): Unknown volume
05-20 16:08:27.564 W/MountService(  374): getVolumeState(/mnt/ext_sdcard): Unknown volume
05-20 16:08:27.564 W/MountService(  374): getVolumeState(/mnt/sdcard2): Unknown volume
05-20 16:08:27.564 W/MountService(  374): getVolumeState(/mnt/emmc): Unknown volume
05-20 16:08:27.564 W/MountService(  374): getVolumeState(/mnt/extSdCard): Unknown volume
05-20 16:08:27.564 W/MountService(  374): getVolumeState(/mnt/sdcard/SD_CARD): Unknown volume
05-20 16:08:27.564 W/MountService(  374): getVolumeState(/mnt/sdcard/extra_sd): Unknown volume
05-20 16:08:27.564 W/MountService(  374): getVolumeState(/mnt/extrasd_bind): Unknown volume
05-20 16:08:27.564 W/MountService(  374): getVolumeState(/mnt/sdcard/ext_sd): Unknown volume
05-20 16:08:27.564 W/MountService(  374): getVolumeState(/storage/extSdCard): Unknown volume
05-20 16:08:27.572 W/MountService(  374): getVolumeState(/storage/sdcard1): Unknown volume
05-20 16:08:27.572 W/MountService(  374): getVolumeState(/mnt/sdcard/external_SD): Unknown volume
05-20 16:08:27.572 W/MountService(  374): getVolumeState(/mnt/sdcard/external_sd): Unknown volume
05-20 16:08:27.986 W/MountService(  374): getVolumeState(/storage/emulated/0/external_sd): Unknown volume
05-20 16:08:27.986 W/MountService(  374): getVolumeState(/mnt/sdcard-ext): Unknown volume
05-20 16:08:27.986 W/MountService(  374): getVolumeState(/mnt/ext_sdcard): Unknown volume
05-20 16:08:27.986 W/MountService(  374): getVolumeState(/mnt/sdcard2): Unknown volume
05-20 16:08:27.986 W/MountService(  374): getVolumeState(/mnt/emmc): Unknown volume
05-20 16:08:27.986 W/MountService(  374): getVolumeState(/mnt/extSdCard): Unknown volume
05-20 16:08:27.994 W/MountService(  374): getVolumeState(/mnt/sdcard/SD_CARD): Unknown volume
05-20 16:08:27.994 W/MountService(  374): getVolumeState(/mnt/sdcard/extra_sd): Unknown volume
05-20 16:08:28.002 W/MountService(  374): getVolumeState(/mnt/extrasd_bind): Unknown volume
05-20 16:08:28.002 W/MountService(  374): getVolumeState(/mnt/sdcard/ext_sd): Unknown volume
05-20 16:08:28.002 W/MountService(  374): getVolumeState(/storage/extSdCard): Unknown volume
05-20 16:08:28.002 W/MountService(  374): getVolumeState(/storage/sdcard1): Unknown volume
05-20 16:08:28.002 W/MountService(  374): getVolumeState(/mnt/sdcard/external_SD): Unknown volume
05-20 16:08:28.002 W/MountService(  374): getVolumeState(/mnt/sdcard/external_sd): Unknown volume
05-20 16:09:27.564 W/MountService(  374): getVolumeState(/storage/emulated/0/external_sd): Unknown volume
05-20 16:09:27.572 W/MountService(  374): getVolumeState(/mnt/sdcard-ext): Unknown volume
05-20 16:09:27.572 W/MountService(  374): getVolumeState(/mnt/ext_sdcard): Unknown volume
05-20 16:09:27.572 W/MountService(  374): getVolumeState(/mnt/sdcard2): Unknown volume
05-20 16:09:27.572 W/MountService(  374): getVolumeState(/mnt/emmc): Unknown volume
05-20 16:09:27.572 W/MountService(  374): getVolumeState(/mnt/extSdCard): Unknown volume
05-20 16:09:27.572 W/MountService(  374): getVolumeState(/mnt/sdcard/SD_CARD): Unknown volume
05-20 16:09:27.572 W/MountService(  374): getVolumeState(/mnt/sdcard/extra_sd): Unknown volume
05-20 16:09:27.572 W/MountService(  374): getVolumeState(/mnt/extrasd_bind): Unknown volume
05-20 16:09:27.572 W/MountService(  374): getVolumeState(/mnt/sdcard/ext_sd): Unknown volume
05-20 16:09:27.572 W/MountService(  374): getVolumeState(/storage/extSdCard): Unknown volume
05-20 16:09:27.572 W/MountService(  374): getVolumeState(/storage/sdcard1): Unknown volume
05-20 16:09:27.572 W/MountService(  374): getVolumeState(/mnt/sdcard/external_SD): Unknown volume
05-20 16:09:27.596 W/MountService(  374): getVolumeState(/mnt/sdcard/external_sd): Unknown volume
05-20 16:09:27.924 W/MountService(  374): getVolumeState(/storage/emulated/0/external_sd): Unknown volume
05-20 16:09:27.924 W/MountService(  374): getVolumeState(/mnt/sdcard-ext): Unknown volume
05-20 16:09:27.924 W/MountService(  374): getVolumeState(/mnt/ext_sdcard): Unknown volume
05-20 16:09:27.924 W/MountService(  374): getVolumeState(/mnt/sdcard2): Unknown volume
05-20 16:09:27.924 W/MountService(  374): getVolumeState(/mnt/emmc): Unknown volume
05-20 16:09:27.924 W/MountService(  374): getVolumeState(/mnt/extSdCard): Unknown volume
05-20 16:09:27.924 W/MountService(  374): getVolumeState(/mnt/sdcard/SD_CARD): Unknown volume
05-20 16:09:27.931 W/MountService(  374): getVolumeState(/mnt/sdcard/extra_sd): Unknown volume
05-20 16:09:27.931 W/MountService(  374): getVolumeState(/mnt/extrasd_bind): Unknown volume
05-20 16:09:27.931 W/MountService(  374): getVolumeState(/mnt/sdcard/ext_sd): Unknown volume
05-20 16:09:27.931 W/MountService(  374): getVolumeState(/storage/extSdCard): Unknown volume
05-20 16:09:27.931 W/MountService(  374): getVolumeState(/storage/sdcard1): Unknown volume
05-20 16:09:27.931 W/MountService(  374): getVolumeState(/mnt/sdcard/external_SD): Unknown volume
05-20 16:09:27.931 W/MountService(  374): getVolumeState(/mnt/sdcard/external_sd): Unknown volume
05-20 16:10:15.353 I/ActivityManager(  374): No longer want com.dragon.android.pandaspace:bdservice_v1 (pid 3594): empty for 1803s
05-20 16:10:15.361 W/ActivityManager(  374): Scheduling restart of crashed service com.dragon.android.pandaspace/com.baidu.android.moplus.MoPlusService in 5000ms
05-20 16:10:20.400 I/ActivityManager(  374): Start proc com.dragon.android.pandaspace:bdservice_v1 for service com.dragon.android.pandaspace/com.baidu.android.moplus.MoPlusService: pid=5500 uid=10074 gids={50074, 1015, 3003, 1006, 1028}
05-20 16:10:27.580 W/MountService(  374): getVolumeState(/storage/emulated/0/external_sd): Unknown volume
05-20 16:10:27.580 W/MountService(  374): getVolumeState(/mnt/sdcard-ext): Unknown volume
05-20 16:10:27.580 W/MountService(  374): getVolumeState(/mnt/ext_sdcard): Unknown volume
05-20 16:10:27.580 W/MountService(  374): getVolumeState(/mnt/sdcard2): Unknown volume
05-20 16:10:27.580 W/MountService(  374): getVolumeState(/mnt/emmc): Unknown volume
05-20 16:10:27.580 W/MountService(  374): getVolumeState(/mnt/extSdCard): Unknown volume
05-20 16:10:27.588 W/MountService(  374): getVolumeState(/mnt/sdcard/SD_CARD): Unknown volume
05-20 16:10:27.588 W/MountService(  374): getVolumeState(/mnt/sdcard/extra_sd): Unknown volume
05-20 16:10:27.588 W/MountService(  374): getVolumeState(/mnt/extrasd_bind): Unknown volume
05-20 16:10:27.588 W/MountService(  374): getVolumeState(/mnt/sdcard/ext_sd): Unknown volume
05-20 16:10:27.588 W/MountService(  374): getVolumeState(/storage/extSdCard): Unknown volume
05-20 16:10:27.588 W/MountService(  374): getVolumeState(/storage/sdcard1): Unknown volume
05-20 16:10:27.588 W/MountService(  374): getVolumeState(/mnt/sdcard/external_SD): Unknown volume
05-20 16:10:27.588 W/MountService(  374): getVolumeState(/mnt/sdcard/external_sd): Unknown volume
05-20 16:10:27.931 W/MountService(  374): getVolumeState(/storage/emulated/0/external_sd): Unknown volume
05-20 16:10:27.931 W/MountService(  374): getVolumeState(/mnt/sdcard-ext): Unknown volume
05-20 16:10:27.931 W/MountService(  374): getVolumeState(/mnt/ext_sdcard): Unknown volume
05-20 16:10:27.931 W/MountService(  374): getVolumeState(/mnt/sdcard2): Unknown volume
05-20 16:10:27.931 W/MountService(  374): getVolumeState(/mnt/emmc): Unknown volume
05-20 16:10:27.931 W/MountService(  374): getVolumeState(/mnt/extSdCard): Unknown volume
05-20 16:10:27.931 W/MountService(  374): getVolumeState(/mnt/sdcard/SD_CARD): Unknown volume
05-20 16:10:27.931 W/MountService(  374): getVolumeState(/mnt/sdcard/extra_sd): Unknown volume
05-20 16:10:27.939 W/MountService(  374): getVolumeState(/mnt/extrasd_bind): Unknown volume
05-20 16:10:27.939 W/MountService(  374): getVolumeState(/mnt/sdcard/ext_sd): Unknown volume
05-20 16:10:27.939 W/MountService(  374): getVolumeState(/storage/extSdCard): Unknown volume
05-20 16:10:27.939 W/MountService(  374): getVolumeState(/storage/sdcard1): Unknown volume
05-20 16:10:27.939 W/MountService(  374): getVolumeState(/mnt/sdcard/external_SD): Unknown volume
05-20 16:10:27.939 W/MountService(  374): getVolumeState(/mnt/sdcard/external_sd): Unknown volume
05-20 16:11:27.588 W/MountService(  374): getVolumeState(/storage/emulated/0/external_sd): Unknown volume
05-20 16:11:27.588 W/MountService(  374): getVolumeState(/mnt/sdcard-ext): Unknown volume
05-20 16:11:27.596 W/MountService(  374): getVolumeState(/mnt/ext_sdcard): Unknown volume
05-20 16:11:27.596 W/MountService(  374): getVolumeState(/mnt/sdcard2): Unknown volume
05-20 16:11:27.596 W/MountService(  374): getVolumeState(/mnt/emmc): Unknown volume
05-20 16:11:27.603 W/MountService(  374): getVolumeState(/mnt/extSdCard): Unknown volume
05-20 16:11:27.603 W/MountService(  374): getVolumeState(/mnt/sdcard/SD_CARD): Unknown volume
05-20 16:11:27.603 W/MountService(  374): getVolumeState(/mnt/sdcard/extra_sd): Unknown volume
05-20 16:11:27.603 W/MountService(  374): getVolumeState(/mnt/extrasd_bind): Unknown volume
05-20 16:11:27.603 W/MountService(  374): getVolumeState(/mnt/sdcard/ext_sd): Unknown volume
05-20 16:11:27.603 W/MountService(  374): getVolumeState(/storage/extSdCard): Unknown volume
05-20 16:11:27.603 W/MountService(  374): getVolumeState(/storage/sdcard1): Unknown volume
05-20 16:11:27.603 W/MountService(  374): getVolumeState(/mnt/sdcard/external_SD): Unknown volume
05-20 16:11:27.603 W/MountService(  374): getVolumeState(/mnt/sdcard/external_sd): Unknown volume
05-20 16:11:28.002 W/MountService(  374): getVolumeState(/storage/emulated/0/external_sd): Unknown volume
05-20 16:11:28.002 W/MountService(  374): getVolumeState(/mnt/sdcard-ext): Unknown volume
05-20 16:11:28.002 W/MountService(  374): getVolumeState(/mnt/ext_sdcard): Unknown volume
05-20 16:11:28.002 W/MountService(  374): getVolumeState(/mnt/sdcard2): Unknown volume
05-20 16:11:28.002 W/MountService(  374): getVolumeState(/mnt/emmc): Unknown volume
05-20 16:11:28.002 W/MountService(  374): getVolumeState(/mnt/extSdCard): Unknown volume
05-20 16:11:28.002 W/MountService(  374): getVolumeState(/mnt/sdcard/SD_CARD): Unknown volume
05-20 16:11:28.002 W/MountService(  374): getVolumeState(/mnt/sdcard/extra_sd): Unknown volume
05-20 16:11:28.010 W/MountService(  374): getVolumeState(/mnt/extrasd_bind): Unknown volume
05-20 16:11:28.010 W/MountService(  374): getVolumeState(/mnt/sdcard/ext_sd): Unknown volume
05-20 16:11:28.010 W/MountService(  374): getVolumeState(/storage/extSdCard): Unknown volume
05-20 16:11:28.010 W/MountService(  374): getVolumeState(/storage/sdcard1): Unknown volume
05-20 16:11:28.010 W/MountService(  374): getVolumeState(/mnt/sdcard/external_SD): Unknown volume
05-20 16:11:28.010 W/MountService(  374): getVolumeState(/mnt/sdcard/external_sd): Unknown volume
05-20 16:11:45.775 I/PowerManagerService(  374): Waking up from sleep...
05-20 16:11:45.822 I/WindowManager(  374): Lock screen displayed!
05-20 16:11:46.838 D/PhoneStatusBar(  448): disable: < expand icons alerts ticker system_info BACK HOME recent* CLOCK search* >
05-20 16:11:46.900 D/PhoneStatusBar(  448): disable: < expand icons alerts ticker system_info back* home* recent clock* search >
05-20 16:11:47.611 W/InputMethodManagerService(  374): Window already focused, ignoring focus gain of: com.android.internal.view.IInputMethodClient$Stub$Proxy@42544498 attribute=android.view.inputmethod.EditorInfo@42543640, token = android.os.BinderProxy@425d78d8
05-20 16:11:51.244 I/ActivityManager(  374): START u0 {flg=0x10000000 cmp=com.pekall.emdm.launcher/.ui.BackPersonalActivity} from pid 5090
05-20 16:11:51.283 I/ActivityManager(  374): START u0 {act=android.intent.action.VIEW flg=0x10200000 cmp=com.android.launcher/com.android.launcher2.Launcher} from pid 5090
05-20 16:12:04.502 I/ActivityManager(  374): Start proc com.pekall.emdm.launcher:remote for service com.pekall.emdm.launcher/com.baidu.location.f: pid=5547 uid=10066 gids={50066, 1015, 3002, 3001, 3003, 1028}
05-20 16:12:04.814 D/ActivityThread( 5547): Loading provider com.pekall.semail.provider;com.pekall.semail.notifier: com.pekall.semail.provider.EmailProvider
05-20 16:12:04.853 D/ActivityThread( 5547): Loading provider com.pekall.semail.provider;com.pekall.semail.notifier: com.pekall.semail.provider.EmailProvider
05-20 16:12:08.088 W/ActivityManager(  374): Unable to start service Intent { cmp=com.pekall.emdm.launcher/com.pekall.semail.service.AttachmentDownloadService } U=0: not found
05-20 16:12:21.174 I/PowerManagerService(  374): Going to sleep due to screen timeout...
05-20 16:12:24.533 W/ActivityManager(  374): Timeout executing service: ServiceRecord{43022348 u0 com.pekall.emdm.launcher/com.baidu.location.f}
05-20 16:12:28.244 W/MountService(  374): getVolumeState(/storage/emulated/0/external_sd): Unknown volume
05-20 16:12:28.252 W/MountService(  374): getVolumeState(/mnt/sdcard-ext): Unknown volume
05-20 16:12:28.283 W/MountService(  374): getVolumeState(/mnt/ext_sdcard): Unknown volume
05-20 16:12:28.299 W/MountService(  374): getVolumeState(/mnt/sdcard2): Unknown volume
05-20 16:12:28.299 W/MountService(  374): getVolumeState(/mnt/emmc): Unknown volume
05-20 16:12:28.346 W/MountService(  374): getVolumeState(/mnt/extSdCard): Unknown volume
05-20 16:12:28.346 W/MountService(  374): getVolumeState(/mnt/sdcard/SD_CARD): Unknown volume
05-20 16:12:28.361 W/MountService(  374): getVolumeState(/mnt/sdcard/extra_sd): Unknown volume
05-20 16:12:28.369 W/MountService(  374): getVolumeState(/mnt/extrasd_bind): Unknown volume
05-20 16:12:28.369 W/MountService(  374): getVolumeState(/mnt/sdcard/ext_sd): Unknown volume
05-20 16:12:28.385 W/MountService(  374): getVolumeState(/storage/extSdCard): Unknown volume
05-20 16:12:28.400 W/MountService(  374): getVolumeState(/storage/sdcard1): Unknown volume
05-20 16:12:28.424 W/MountService(  374): getVolumeState(/mnt/sdcard/external_SD): Unknown volume
05-20 16:12:28.439 W/MountService(  374): getVolumeState(/mnt/sdcard/external_sd): Unknown volume
05-20 16:12:29.244 E/ActivityManager(  374): ANR in com.pekall.emdm.launcher:remote
05-20 16:12:29.244 E/ActivityManager(  374): Reason: Executing service com.pekall.emdm.launcher/com.baidu.location.f
05-20 16:12:29.244 E/ActivityManager(  374): Load: 2.52 / 1.88 / 1.79
05-20 16:12:29.244 E/ActivityManager(  374): CPU usage from 2577ms to -4672ms ago:
05-20 16:12:29.244 E/ActivityManager(  374):   84% 5547/com.pekall.emdm.launcher:remote: 84% user + 0.4% kernel / faults: 112 minor
05-20 16:12:29.244 E/ActivityManager(  374):   82% 5090/com.pekall.emdm.launcher: 82% user + 0.2% kernel / faults: 142 minor
05-20 16:12:29.244 E/ActivityManager(  374):   21% 374/system_server: 16% user + 4.8% kernel / faults: 401 minor
05-20 16:12:29.244 E/ActivityManager(  374):   1.3% 448/com.android.systemui: 1.1% user + 0.1% kernel / faults: 157 minor
05-20 16:12:29.244 E/ActivityManager(  374):   1.5% 1661/com.qihoo360.mobilesafe:GuardService: 1.2% user + 0.2% kernel / faults: 159 minor
05-20 16:12:29.244 E/ActivityManager(  374):   0.1% 1468/com.qihoo.daemon: 0% user + 0.1% kernel / faults: 587 minor
05-20 16:12:29.244 E/ActivityManager(  374):   0.1% 561/com.android.phone: 0% user + 0.1% kernel / faults: 92 minor
05-20 16:12:29.244 E/ActivityManager(  374):   0.1% 568/com.android.nfc: 0% user + 0% kernel / faults: 31 minor
05-20 16:12:29.244 E/ActivityManager(  374):   0.4% 2462/com.dragon.android.pandaspace: 0.4% user + 0% kernel / faults: 57 minor
05-20 16:12:29.244 E/ActivityManager(  374):   0% 5500/com.dragon.android.pandaspace:bdservice_v1: 0% user + 0% kernel / faults: 107 minor
05-20 16:12:29.244 E/ActivityManager(  374):   0.2% 124/surfaceflinger: 0.1% user + 0.1% kernel
05-20 16:12:29.244 E/ActivityManager(  374):   0% 576/com.android.launcher: 0% user + 0% kernel / faults: 21 minor
05-20 16:12:29.244 E/ActivityManager(  374):   0% 82/mmcqd/0: 0% user + 0% kernel
05-20 16:12:29.244 E/ActivityManager(  374):   0% 92/dhd_dpc: 0% user + 0% kernel
05-20 16:12:29.244 E/ActivityManager(  374):   0% 114/jbd2/mmcblk0p12: 0% user + 0% kernel
05-20 16:12:29.244 E/ActivityManager(  374):   0% 442/wpa_supplicant: 0% user + 0% kernel
05-20 16:12:29.244 E/ActivityManager(  374):   0.1% 2530/com.qihoo.appstore: 0.1% user + 0% kernel
05-20 16:12:29.244 E/ActivityManager(  374):   0% 4648/logcat: 0% user + 0% kernel
05-20 16:12:29.244 E/ActivityManager(  374):   0.1% 5533/kworker/u:0: 0% user + 0.1% kernel
05-20 16:12:29.244 E/ActivityManager(  374): 100% TOTAL: 95% user + 4.2% kernel
05-20 16:12:29.244 E/ActivityManager(  374): CPU usage from 3655ms to 4193ms later:
05-20 16:12:29.244 E/ActivityManager(  374):   96% 5547/com.pekall.emdm.launcher:remote: 96% user + 0% kernel
05-20 16:12:29.244 E/ActivityManager(  374):     96% 5560/Thread-1767: 96% user + 0% kernel
05-20 16:12:29.244 E/ActivityManager(  374):   86% 5090/com.pekall.emdm.launcher: 86% user + 0% kernel
05-20 16:12:29.244 E/ActivityManager(  374):     86% 5103/Thread-1728: 86% user + 0% kernel
05-20 16:12:29.244 E/ActivityManager(  374):   9% 374/system_server: 3.6% user + 5.4% kernel / faults: 1 minor
05-20 16:12:29.244 E/ActivityManager(  374):     7.2% 390/ActivityManager: 1.8% user + 5.4% kernel
05-20 16:12:29.244 E/ActivityManager(  374):     1.8% 634/Binder_B: 1.8% user + 0% kernel
05-20 16:12:29.244 E/ActivityManager(  374):   4.1% 1468/com.qihoo.daemon: 1% user + 3.1% kernel / faults: 44 minor
05-20 16:12:29.244 E/ActivityManager(  374):     2% 4569/pool-169-thread: 0% user + 2% kernel
05-20 16:12:29.244 E/ActivityManager(  374):   0.9% 114/jbd2/mmcblk0p12: 0% user + 0.9% kernel
05-20 16:12:29.244 E/ActivityManager(  374): 100% TOTAL: 96% user + 3.7% kernel
05-20 16:12:29.244 W/ActivityManager(  374): Killing ProcessRecord{42d8b2a8 5547:com.pekall.emdm.launcher:remote/u0a10066}: background ANR
05-20 16:12:29.299 I/ActivityManager(  374): Process com.pekall.emdm.launcher:remote (pid 5547) has died.
05-20 16:12:29.299 W/ActivityManager(  374): Scheduling restart of crashed service com.pekall.emdm.launcher/com.baidu.location.f in 1280000ms
05-20 16:12:29.572 D/PhoneStatusBar(  448): disable: < expand icons alerts ticker system_info back home RECENT* clock SEARCH* >
05-20 16:12:29.627 D/PhoneStatusBar(  448): disable: < expand icons alerts ticker system_info BACK* HOME* RECENT CLOCK* SEARCH >
05-20 16:12:30.010 W/MountService(  374): getVolumeState(/storage/emulated/0/external_sd): Unknown volume
05-20 16:12:30.010 W/MountService(  374): getVolumeState(/mnt/sdcard-ext): Unknown volume
05-20 16:12:30.010 W/MountService(  374): getVolumeState(/mnt/ext_sdcard): Unknown volume
05-20 16:12:30.010 W/MountService(  374): getVolumeState(/mnt/sdcard2): Unknown volume
05-20 16:12:30.010 W/MountService(  374): getVolumeState(/mnt/emmc): Unknown volume
05-20 16:12:30.010 W/MountService(  374): getVolumeState(/mnt/extSdCard): Unknown volume
05-20 16:12:30.010 W/MountService(  374): getVolumeState(/mnt/sdcard/SD_CARD): Unknown volume
05-20 16:12:30.010 W/MountService(  374): getVolumeState(/mnt/sdcard/extra_sd): Unknown volume
05-20 16:12:30.017 W/MountService(  374): getVolumeState(/mnt/extrasd_bind): Unknown volume
05-20 16:12:30.017 W/MountService(  374): getVolumeState(/mnt/sdcard/ext_sd): Unknown volume
05-20 16:12:30.017 W/MountService(  374): getVolumeState(/storage/extSdCard): Unknown volume
05-20 16:12:30.017 W/MountService(  374): getVolumeState(/storage/sdcard1): Unknown volume
05-20 16:12:30.017 W/MountService(  374): getVolumeState(/mnt/sdcard/external_SD): Unknown volume
05-20 16:12:30.017 W/MountService(  374): getVolumeState(/mnt/sdcard/external_sd): Unknown volume
05-20 16:13:27.627 W/MountService(  374): getVolumeState(/storage/emulated/0/external_sd): Unknown volume
05-20 16:13:27.627 W/MountService(  374): getVolumeState(/mnt/sdcard-ext): Unknown volume
05-20 16:13:27.627 W/MountService(  374): getVolumeState(/mnt/ext_sdcard): Unknown volume
05-20 16:13:27.627 W/MountService(  374): getVolumeState(/mnt/sdcard2): Unknown volume
05-20 16:13:27.627 W/MountService(  374): getVolumeState(/mnt/emmc): Unknown volume
05-20 16:13:27.627 W/MountService(  374): getVolumeState(/mnt/extSdCard): Unknown volume
05-20 16:13:27.627 W/MountService(  374): getVolumeState(/mnt/sdcard/SD_CARD): Unknown volume
05-20 16:13:27.627 W/MountService(  374): getVolumeState(/mnt/sdcard/extra_sd): Unknown volume
05-20 16:13:27.627 W/MountService(  374): getVolumeState(/mnt/extrasd_bind): Unknown volume
05-20 16:13:27.627 W/MountService(  374): getVolumeState(/mnt/sdcard/ext_sd): Unknown volume
05-20 16:13:27.627 W/MountService(  374): getVolumeState(/storage/extSdCard): Unknown volume
05-20 16:13:27.635 W/MountService(  374): getVolumeState(/storage/sdcard1): Unknown volume
05-20 16:13:27.642 W/MountService(  374): getVolumeState(/mnt/sdcard/external_SD): Unknown volume
05-20 16:13:27.642 W/MountService(  374): getVolumeState(/mnt/sdcard/external_sd): Unknown volume
05-20 16:13:27.994 W/MountService(  374): getVolumeState(/storage/emulated/0/external_sd): Unknown volume
05-20 16:13:28.002 W/MountService(  374): getVolumeState(/mnt/sdcard-ext): Unknown volume
05-20 16:13:28.002 W/MountService(  374): getVolumeState(/mnt/ext_sdcard): Unknown volume
05-20 16:13:28.002 W/MountService(  374): getVolumeState(/mnt/sdcard2): Unknown volume
05-20 16:13:28.002 W/MountService(  374): getVolumeState(/mnt/emmc): Unknown volume
05-20 16:13:28.002 W/MountService(  374): getVolumeState(/mnt/extSdCard): Unknown volume
05-20 16:13:28.002 W/MountService(  374): getVolumeState(/mnt/sdcard/SD_CARD): Unknown volume
05-20 16:13:28.002 W/MountService(  374): getVolumeState(/mnt/sdcard/extra_sd): Unknown volume
05-20 16:13:28.010 W/MountService(  374): getVolumeState(/mnt/extrasd_bind): Unknown volume
05-20 16:13:28.010 W/MountService(  374): getVolumeState(/mnt/sdcard/ext_sd): Unknown volume
05-20 16:13:28.010 W/MountService(  374): getVolumeState(/storage/extSdCard): Unknown volume
05-20 16:13:28.010 W/MountService(  374): getVolumeState(/storage/sdcard1): Unknown volume
05-20 16:13:28.010 W/MountService(  374): getVolumeState(/mnt/sdcard/external_SD): Unknown volume
05-20 16:13:28.017 W/MountService(  374): getVolumeState(/mnt/sdcard/external_sd): Unknown volume
05-20 16:14:27.635 W/MountService(  374): getVolumeState(/storage/emulated/0/external_sd): Unknown volume
05-20 16:14:27.642 W/MountService(  374): getVolumeState(/mnt/sdcard-ext): Unknown volume
05-20 16:14:27.642 W/MountService(  374): getVolumeState(/mnt/ext_sdcard): Unknown volume
05-20 16:14:27.642 W/MountService(  374): getVolumeState(/mnt/sdcard2): Unknown volume
05-20 16:14:27.642 W/MountService(  374): getVolumeState(/mnt/emmc): Unknown volume
05-20 16:14:27.650 W/MountService(  374): getVolumeState(/mnt/extSdCard): Unknown volume
05-20 16:14:27.650 W/MountService(  374): getVolumeState(/mnt/sdcard/SD_CARD): Unknown volume
05-20 16:14:27.650 W/MountService(  374): getVolumeState(/mnt/sdcard/extra_sd): Unknown volume
05-20 16:14:27.650 W/MountService(  374): getVolumeState(/mnt/extrasd_bind): Unknown volume
05-20 16:14:27.650 W/MountService(  374): getVolumeState(/mnt/sdcard/ext_sd): Unknown volume
05-20 16:14:27.650 W/MountService(  374): getVolumeState(/storage/extSdCard): Unknown volume
05-20 16:14:27.650 W/MountService(  374): getVolumeState(/storage/sdcard1): Unknown volume
05-20 16:14:27.650 W/MountService(  374): getVolumeState(/mnt/sdcard/external_SD): Unknown volume
05-20 16:14:27.650 W/MountService(  374): getVolumeState(/mnt/sdcard/external_sd): Unknown volume
05-20 16:14:28.025 W/MountService(  374): getVolumeState(/storage/emulated/0/external_sd): Unknown volume
05-20 16:14:28.025 W/MountService(  374): getVolumeState(/mnt/sdcard-ext): Unknown volume
05-20 16:14:28.025 W/MountService(  374): getVolumeState(/mnt/ext_sdcard): Unknown volume
05-20 16:14:28.033 W/MountService(  374): getVolumeState(/mnt/sdcard2): Unknown volume
05-20 16:14:28.033 W/MountService(  374): getVolumeState(/mnt/emmc): Unknown volume
05-20 16:14:28.033 W/MountService(  374): getVolumeState(/mnt/extSdCard): Unknown volume
05-20 16:14:28.033 W/MountService(  374): getVolumeState(/mnt/sdcard/SD_CARD): Unknown volume
05-20 16:14:28.033 W/MountService(  374): getVolumeState(/mnt/sdcard/extra_sd): Unknown volume
05-20 16:14:28.033 W/MountService(  374): getVolumeState(/mnt/extrasd_bind): Unknown volume
05-20 16:14:28.033 W/MountService(  374): getVolumeState(/mnt/sdcard/ext_sd): Unknown volume
05-20 16:14:28.033 W/MountService(  374): getVolumeState(/storage/extSdCard): Unknown volume
05-20 16:14:28.033 W/MountService(  374): getVolumeState(/storage/sdcard1): Unknown volume
05-20 16:14:28.033 W/MountService(  374): getVolumeState(/mnt/sdcard/external_SD): Unknown volume
05-20 16:14:28.041 W/MountService(  374): getVolumeState(/mnt/sdcard/external_sd): Unknown volume
05-20 16:15:11.674 I/PowerManagerService(  374): Waking up from sleep...
05-20 16:15:11.705 I/WindowManager(  374): Lock screen displayed!
05-20 16:15:13.041 D/PhoneStatusBar(  448): disable: < expand icons alerts ticker system_info BACK HOME recent* CLOCK search* >
05-20 16:15:13.158 D/PhoneStatusBar(  448): disable: < expand icons alerts ticker system_info back* home* recent clock* search >
05-20 16:15:13.166 W/InputMethodManagerService(  374): Window already focused, ignoring focus gain of: com.android.internal.view.IInputMethodClient$Stub$Proxy@429e1ad8 attribute=android.view.inputmethod.EditorInfo@42938d50, token = android.os.BinderProxy@42942f70
05-20 16:15:17.025 I/ActivityManager(  374): START u0 {flg=0x10008000 cmp=com.pekall.emdm.launcher/com.pekall.emdm.ui.SplashActivity} from pid 5090
05-20 16:15:17.096 W/ActivityManager(  374): Unable to start service Intent { act=com.pekall.mdm.action.SELECT_ERASE } U=0: not found
05-20 16:15:18.127 W/ActivityManager(  374): Unable to start service Intent { cmp=com.pekall.emdm.launcher/com.pekall.semail.service.AttachmentDownloadService } U=0: not found
05-20 16:15:19.361 I/ActivityManager(  374): START u0 {cmp=com.pekall.emdm.launcher/com.pekall.emdm.ui.ActiveDeviceAdminActivity} from pid 5090
05-20 16:15:19.525 I/ActivityManager(  374): START u0 {cmp=com.pekall.emdm.launcher/com.pekall.emdm.ui.RegDeviceActivity} from pid 5090
05-20 16:15:27.635 W/MountService(  374): getVolumeState(/storage/emulated/0/external_sd): Unknown volume
05-20 16:15:27.635 W/MountService(  374): getVolumeState(/mnt/sdcard-ext): Unknown volume
05-20 16:15:27.635 W/MountService(  374): getVolumeState(/mnt/ext_sdcard): Unknown volume
05-20 16:15:27.635 W/MountService(  374): getVolumeState(/mnt/sdcard2): Unknown volume
05-20 16:15:27.635 W/MountService(  374): getVolumeState(/mnt/emmc): Unknown volume
05-20 16:15:27.635 W/MountService(  374): getVolumeState(/mnt/extSdCard): Unknown volume
05-20 16:15:27.642 W/MountService(  374): getVolumeState(/mnt/sdcard/SD_CARD): Unknown volume
05-20 16:15:27.642 W/MountService(  374): getVolumeState(/mnt/sdcard/extra_sd): Unknown volume
05-20 16:15:27.642 W/MountService(  374): getVolumeState(/mnt/extrasd_bind): Unknown volume
05-20 16:15:27.642 W/MountService(  374): getVolumeState(/mnt/sdcard/ext_sd): Unknown volume
05-20 16:15:27.642 W/MountService(  374): getVolumeState(/storage/extSdCard): Unknown volume
05-20 16:15:27.642 W/MountService(  374): getVolumeState(/storage/sdcard1): Unknown volume
05-20 16:15:27.650 W/MountService(  374): getVolumeState(/mnt/sdcard/external_SD): Unknown volume
05-20 16:15:27.650 W/MountService(  374): getVolumeState(/mnt/sdcard/external_sd): Unknown volume
05-20 16:15:27.931 W/MountService(  374): getVolumeState(/storage/emulated/0/external_sd): Unknown volume
05-20 16:15:27.931 W/MountService(  374): getVolumeState(/mnt/sdcard-ext): Unknown volume
05-20 16:15:27.931 W/MountService(  374): getVolumeState(/mnt/ext_sdcard): Unknown volume
05-20 16:15:27.931 W/MountService(  374): getVolumeState(/mnt/sdcard2): Unknown volume
05-20 16:15:27.931 W/MountService(  374): getVolumeState(/mnt/emmc): Unknown volume
05-20 16:15:27.931 W/MountService(  374): getVolumeState(/mnt/extSdCard): Unknown volume
05-20 16:15:27.931 W/MountService(  374): getVolumeState(/mnt/sdcard/SD_CARD): Unknown volume
05-20 16:15:27.931 W/MountService(  374): getVolumeState(/mnt/sdcard/extra_sd): Unknown volume
05-20 16:15:27.931 W/MountService(  374): getVolumeState(/mnt/extrasd_bind): Unknown volume
05-20 16:15:27.939 W/MountService(  374): getVolumeState(/mnt/sdcard/ext_sd): Unknown volume
05-20 16:15:27.939 W/MountService(  374): getVolumeState(/storage/extSdCard): Unknown volume
05-20 16:15:27.939 W/MountService(  374): getVolumeState(/storage/sdcard1): Unknown volume
05-20 16:15:27.947 W/MountService(  374): getVolumeState(/mnt/sdcard/external_SD): Unknown volume
05-20 16:15:27.947 W/MountService(  374): getVolumeState(/mnt/sdcard/external_sd): Unknown volume
05-20 16:15:45.549 I/PowerManagerService(  374): Going to sleep due to screen timeout...
05-20 16:15:45.596 I/PowerManagerService(  374): Waking up from sleep...
05-20 16:15:45.596 W/InputManager(  374): Input event injection from pid 5652 failed.
05-20 16:15:46.064 I/WindowManager(  374): No lock screen!
05-20 16:15:53.931 I/ActivityManager(  374): START u0 {flg=0x8000 cmp=com.pekall.emdm.launcher/.Launcher} from pid 5090
05-20 16:15:55.572 I/ActivityManager(  374): START u0 {flg=0x10000000 cmp=com.pekall.emdm.launcher/.ui.BackPersonalActivity} from pid 5090
05-20 16:15:56.080 W/ActivityManager(  374): Activity pause timeout for ActivityRecord{426fb620 u0 com.pekall.emdm.launcher/.Launcher}
05-20 16:15:56.603 W/ActivityManager(  374): Unable to start service Intent { cmp=com.pekall.emdm.launcher/com.pekall.semail.service.AttachmentDownloadService } U=0: not found
05-20 16:15:56.838 I/ActivityManager(  374): START u0 {act=android.intent.action.VIEW flg=0x10200000 cmp=com.android.launcher/com.android.launcher2.Launcher} from pid 5090
05-20 16:15:56.986 W/ActivityManager(  374): Unable to start service Intent { act=pekall.intent.action.DOWNLOAD_APP (has extras) } U=0: not found
05-20 16:16:09.846 I/ActivityManager(  374): Start proc com.pekall.emdm.launcher:remote for service com.pekall.emdm.launcher/com.baidu.location.f: pid=5703 uid=10066 gids={50066, 1015, 3002, 3001, 3003, 1028}
05-20 16:16:10.221 D/ActivityThread( 5703): Loading provider com.pekall.semail.provider;com.pekall.semail.notifier: com.pekall.semail.provider.EmailProvider
05-20 16:16:10.299 D/ActivityThread( 5703): Loading provider com.pekall.semail.provider;com.pekall.semail.notifier: com.pekall.semail.provider.EmailProvider
05-20 16:16:15.127 I/ActivityManager(  374): START u0 {act=android.intent.action.MAIN cat=[android.intent.category.LAUNCHER] flg=0x10200000 cmp=com.pekall.emdm.launcher/.Launcher} from pid 576
05-20 16:16:15.549 W/ActivityManager(  374): Unable to start service Intent { cmp=com.pekall.emdm.launcher/com.pekall.semail.service.AttachmentDownloadService } U=0: not found
05-20 16:16:17.166 I/ActivityManager(  374): START u0 {act=android.intent.action.MAIN cat=[android.intent.category.HOME] flg=0x10200000 cmp=com.pekall.emdm.launcher/.Launcher} from pid 374
05-20 16:16:22.744 V/PanelView(  448): animationTick called with dtms=0; nothing to do (h=0.0 v=4000.0)
05-20 16:16:22.744 V/PanelView(  448): animationTick called with dtms=0; nothing to do (h=0.0 v=4000.0)
05-20 16:16:28.049 W/MountService(  374): getVolumeState(/storage/emulated/0/external_sd): Unknown volume
05-20 16:16:28.697 W/MountService(  374): getVolumeState(/mnt/sdcard-ext): Unknown volume
05-20 16:16:28.697 W/MountService(  374): getVolumeState(/mnt/ext_sdcard): Unknown volume
05-20 16:16:28.697 W/MountService(  374): getVolumeState(/mnt/sdcard2): Unknown volume
05-20 16:16:29.096 W/MountService(  374): getVolumeState(/mnt/emmc): Unknown volume
05-20 16:16:29.127 W/MountService(  374): getVolumeState(/mnt/extSdCard): Unknown volume
05-20 16:16:29.181 W/MountService(  374): getVolumeState(/mnt/sdcard/SD_CARD): Unknown volume
05-20 16:16:29.213 W/MountService(  374): getVolumeState(/mnt/sdcard/extra_sd): Unknown volume
05-20 16:16:29.228 W/MountService(  374): getVolumeState(/mnt/extrasd_bind): Unknown volume
05-20 16:16:29.228 W/MountService(  374): getVolumeState(/mnt/sdcard/ext_sd): Unknown volume
05-20 16:16:29.228 W/MountService(  374): getVolumeState(/storage/extSdCard): Unknown volume
05-20 16:16:29.228 W/MountService(  374): getVolumeState(/storage/sdcard1): Unknown volume
05-20 16:16:29.244 W/MountService(  374): getVolumeState(/mnt/sdcard/external_SD): Unknown volume
05-20 16:16:29.244 W/MountService(  374): getVolumeState(/mnt/sdcard/external_sd): Unknown volume
05-20 16:16:29.877 W/ActivityManager(  374): Timeout executing service: ServiceRecord{43022348 u0 com.pekall.emdm.launcher/com.baidu.location.f}
05-20 16:16:34.205 E/ActivityManager(  374): ANR in com.pekall.emdm.launcher:remote
05-20 16:16:34.205 E/ActivityManager(  374): Reason: Executing service com.pekall.emdm.launcher/com.baidu.location.f
