05-20 16:35:16.033 I/QueryController( 6664): Matched selector: UiSelector[TEXT=Server] <<==>> [android.view.accessibility.AccessibilityNodeInfo@e1df; boundsInParent: Rect(0, 0 - 621, 76); boundsInScreen: Rect(49, 280 - 670, 356); packageName: com.pekall.emdm.launcher; className: android.widget.EditText; text: Server; contentDescription: null; viewIdResName: com.pekall.emdm.launcher:id/mdm_edit; checkable: false; checked: false; focusable: true; focused: true; selected: false; clickable: true; longClickable: true; enabled: true; password: false; scrollable: false; [ACTION_CLEAR_FOCUS, ACTION_SELECT, ACTION_CLEAR_SELECTION, ACTION_CLICK, ACTION_LONG_CLICK, ACTION_ACCESSIBILITY_FOCUS]]
05-20 16:35:16.650 D/dalvikvm( 1661): GC_EXPLICIT freed 104K, 18% free 13093K/15888K, paused 2ms+4ms, total 44ms
05-20 16:35:19.244 D/dalvikvm( 2267): GC_CONCURRENT freed 396K, 6% free 9493K/10056K, paused 2ms+1ms, total 17ms
05-20 16:35:19.369 I/QueryController( 6664): Matched selector: UiSelector[TEXT=Please input email address, ENABLED=true] <<==>> [android.view.accessibility.AccessibilityNodeInfo@121b0; boundsInParent: Rect(0, 0 - 621, 76); boundsInScreen: Rect(49, 420 - 670, 496); packageName: com.pekall.emdm.launcher; className: android.widget.EditText; text: Please input email address; contentDescription: null; viewIdResName: com.pekall.emdm.launcher:id/mdm_edit; checkable: false; checked: false; focusable: true; focused: false; selected: false; clickable: true; longClickable: true; enabled: true; password: false; scrollable: false; [ACTION_FOCUS, ACTION_SELECT, ACTION_CLEAR_SELECTION, ACTION_CLICK, ACTION_LONG_CLICK, ACTION_ACCESSIBILITY_FOCUS]]
05-20 16:35:19.385 I/QueryController( 6664): Matched selector: UiSelector[TEXT=Please input email address] <<==>> [android.view.accessibility.AccessibilityNodeInfo@121b0; boundsInParent: Rect(0, 0 - 621, 76); boundsInScreen: Rect(49, 420 - 670, 496); packageName: com.pekall.emdm.launcher; className: android.widget.EditText; text: Please input email address; contentDescription: null; viewIdResName: com.pekall.emdm.launcher:id/mdm_edit; checkable: false; checked: false; focusable: true; focused: false; selected: false; clickable: true; longClickable: true; enabled: true; password: false; scrollable: false; [ACTION_FOCUS, ACTION_SELECT, ACTION_CLEAR_SELECTION, ACTION_CLICK, ACTION_LONG_CLICK, ACTION_ACCESSIBILITY_FOCUS]]
05-20 16:35:20.517 D/dalvikvm( 6664): GC_CONCURRENT freed 361K, 92% free 658K/8192K, paused 0ms+1ms, total 6ms
05-20 16:35:21.775 I/QueryController( 6664): Matched selector: UiSelector[TEXT=Please input email address] <<==>> [android.view.accessibility.AccessibilityNodeInfo@121b0; boundsInParent: Rect(0, 0 - 621, 76); boundsInScreen: Rect(49, 420 - 670, 496); packageName: com.pekall.emdm.launcher; className: android.widget.EditText; text: Please input email address; contentDescription: null; viewIdResName: com.pekall.emdm.launcher:id/mdm_edit; checkable: false; checked: false; focusable: true; focused: true; selected: false; clickable: true; longClickable: true; enabled: true; password: false; scrollable: false; [ACTION_CLEAR_FOCUS, ACTION_SELECT, ACTION_CLEAR_SELECTION, ACTION_CLICK, ACTION_LONG_CLICK, ACTION_ACCESSIBILITY_FOCUS]]
05-20 16:35:25.072 I/QueryController( 6664): Matched selector: UiSelector[CLASS=android.widget.EditText, INSTANCE=2, ENABLED=true, COUNT=2] <<==>> [android.view.accessibility.AccessibilityNodeInfo@12571; boundsInParent: Rect(0, 0 - 621, 76); boundsInScreen: Rect(49, 560 - 670, 636); packageName: com.pekall.emdm.launcher; className: android.widget.EditText; text: null; contentDescription: null; viewIdResName: com.pekall.emdm.launcher:id/mdm_edit; checkable: false; checked: false; focusable: true; focused: false; selected: false; clickable: true; longClickable: true; enabled: true; password: true; scrollable: false; [ACTION_FOCUS, ACTION_SELECT, ACTION_CLEAR_SELECTION, ACTION_CLICK, ACTION_LONG_CLICK, ACTION_ACCESSIBILITY_FOCUS]]
05-20 16:35:25.080 I/QueryController( 6664): Matched selector: UiSelector[CLASS=android.widget.EditText, INSTANCE=2, COUNT=2] <<==>> [android.view.accessibility.AccessibilityNodeInfo@12571; boundsInParent: Rect(0, 0 - 621, 76); boundsInScreen: Rect(49, 560 - 670, 636); packageName: com.pekall.emdm.launcher; className: android.widget.EditText; text: null; contentDescription: null; viewIdResName: com.pekall.emdm.launcher:id/mdm_edit; checkable: false; checked: false; focusable: true; focused: false; selected: false; clickable: true; longClickable: true; enabled: true; password: true; scrollable: false; [ACTION_FOCUS, ACTION_SELECT, ACTION_CLEAR_SELECTION, ACTION_CLICK, ACTION_LONG_CLICK, ACTION_ACCESSIBILITY_FOCUS]]
05-20 16:35:27.471 I/QueryController( 6664): Matched selector: UiSelector[CLASS=android.widget.EditText, INSTANCE=2, COUNT=2] <<==>> [android.view.accessibility.AccessibilityNodeInfo@12571; boundsInParent: Rect(0, 0 - 621, 76); boundsInScreen: Rect(49, 560 - 670, 636); packageName: com.pekall.emdm.launcher; className: android.widget.EditText; text: null; contentDescription: null; viewIdResName: com.pekall.emdm.launcher:id/mdm_edit; checkable: false; checked: false; focusable: true; focused: true; selected: false; clickable: true; longClickable: true; enabled: true; password: true; scrollable: false; [ACTION_CLEAR_FOCUS, ACTION_SELECT, ACTION_CLEAR_SELECTION, ACTION_CLICK, ACTION_LONG_CLICK, ACTION_ACCESSIBILITY_FOCUS]]
05-20 16:35:28.025 W/Parcel  ( 1661): Attempt to read object from Parcel 0x6013bdac at offset 200 that is not in the object list
05-20 16:35:28.080 D/dalvikvm( 1468): GC_CONCURRENT freed 443K, 20% free 9698K/12104K, paused 3ms+3ms, total 24ms
05-20 16:35:28.267 W/MountService(  374): getVolumeState(/storage/emulated/0/external_sd): Unknown volume
05-20 16:35:28.267 W/MountService(  374): getVolumeState(/mnt/sdcard-ext): Unknown volume
05-20 16:35:28.267 W/MountService(  374): getVolumeState(/mnt/ext_sdcard): Unknown volume
05-20 16:35:28.267 W/MountService(  374): getVolumeState(/mnt/sdcard2): Unknown volume
05-20 16:35:28.267 W/MountService(  374): getVolumeState(/mnt/emmc): Unknown volume
05-20 16:35:28.267 W/MountService(  374): getVolumeState(/mnt/extSdCard): Unknown volume
05-20 16:35:28.275 W/MountService(  374): getVolumeState(/mnt/sdcard/SD_CARD): Unknown volume
05-20 16:35:28.275 W/MountService(  374): getVolumeState(/mnt/sdcard/extra_sd): Unknown volume
05-20 16:35:28.275 W/MountService(  374): getVolumeState(/mnt/extrasd_bind): Unknown volume
05-20 16:35:28.275 W/MountService(  374): getVolumeState(/mnt/sdcard/ext_sd): Unknown volume
05-20 16:35:28.275 W/MountService(  374): getVolumeState(/storage/extSdCard): Unknown volume
05-20 16:35:28.275 W/MountService(  374): getVolumeState(/storage/sdcard1): Unknown volume
05-20 16:35:28.275 W/MountService(  374): getVolumeState(/mnt/sdcard/external_SD): Unknown volume
05-20 16:35:28.275 W/MountService(  374): getVolumeState(/mnt/sdcard/external_sd): Unknown volume
05-20 16:35:28.392 D/dalvikvm( 1468): GC_CONCURRENT freed 305K, 19% free 9826K/12104K, paused 4ms+5ms, total 31ms
05-20 16:35:28.494 D/dalvikvm( 6664): GC_CONCURRENT freed 393K, 92% free 655K/8184K, paused 1ms+0ms, total 8ms
05-20 16:35:28.556 W/MountService(  374): getVolumeState(/storage/emulated/0/external_sd): Unknown volume
05-20 16:35:28.556 W/MountService(  374): getVolumeState(/mnt/sdcard-ext): Unknown volume
05-20 16:35:28.556 W/MountService(  374): getVolumeState(/mnt/ext_sdcard): Unknown volume
05-20 16:35:28.556 W/MountService(  374): getVolumeState(/mnt/sdcard2): Unknown volume
05-20 16:35:28.556 W/MountService(  374): getVolumeState(/mnt/emmc): Unknown volume
05-20 16:35:28.556 W/MountService(  374): getVolumeState(/mnt/extSdCard): Unknown volume
05-20 16:35:28.556 W/MountService(  374): getVolumeState(/mnt/sdcard/SD_CARD): Unknown volume
05-20 16:35:28.556 W/MountService(  374): getVolumeState(/mnt/sdcard/extra_sd): Unknown volume
05-20 16:35:28.556 W/MountService(  374): getVolumeState(/mnt/extrasd_bind): Unknown volume
05-20 16:35:28.556 W/MountService(  374): getVolumeState(/mnt/sdcard/ext_sd): Unknown volume
05-20 16:35:28.564 W/MountService(  374): getVolumeState(/storage/extSdCard): Unknown volume
05-20 16:35:28.564 W/MountService(  374): getVolumeState(/storage/sdcard1): Unknown volume
05-20 16:35:28.564 W/MountService(  374): getVolumeState(/mnt/sdcard/external_SD): Unknown volume
05-20 16:35:28.564 W/MountService(  374): getVolumeState(/mnt/sdcard/external_sd): Unknown volume
05-20 16:35:28.596 D/dalvikvm( 1468): GC_CONCURRENT freed 537K, 20% free 9747K/12104K, paused 4ms+3ms, total 30ms
05-20 16:35:30.971 I/QueryController( 6664): Matched selector: UiSelector[TEXT=Login, CLASS=android.widget.Button] <<==>> [android.view.accessibility.AccessibilityNodeInfo@112ac; boundsInParent: Rect(0, 0 - 660, 96); boundsInScreen: Rect(30, 824 - 690, 920); packageName: com.pekall.emdm.launcher; className: android.widget.Button; text: Login; contentDescription: null; viewIdResName: com.pekall.emdm.launcher:id/ok_button; checkable: false; checked: false; focusable: true; focused: false; selected: false; clickable: true; longClickable: false; enabled: true; password: false; scrollable: false; [ACTION_FOCUS, ACTION_SELECT, ACTION_CLEAR_SELECTION, ACTION_CLICK, ACTION_ACCESSIBILITY_FOCUS, ACTION_NEXT_AT_MOVEMENT_GRANULARITY, ACTION_PREVIOUS_AT_MOVEMENT_GRANULARITY, ACTION_SET_SELECTION]]
05-20 16:35:30.978 D/InteractionController( 6664): clickAndWaitForNewWindow(360, 872)
05-20 16:35:31.142 I/TransInfo( 6748): TransInfo created, id: 9, class: class com.pekall.emdm.transaction.c.e
05-20 16:35:31.142 D/NetworkThread( 6748): [null:-1]->----isRunning-----false
05-20 16:35:31.142 D/NetworkThread( 6748): [null:-1]->----net work thread begin-----1870
05-20 16:35:31.142 D/NetworkThread( 6748): [null:-1]->sendHttpGet: http://192.168.10.21/rest/mdm/v1/system/get_system_info?username=pekall
05-20 16:35:31.142 D/HttpClient( 6748): enable apache.http debug
05-20 16:35:31.189 V/DEBUG   ( 6748): HTTP 0
05-20 16:35:31.306 D/MDM :   ( 6748): [null:-1]->statusCode : 200
05-20 16:35:31.306 D/MDM :   ( 6748): [null:-1]->statusCode : 200
05-20 16:35:31.306 V/DEBUG   ( 6748): HTTP 1
05-20 16:35:31.306 D/MDM :   ( 6748): [null:-1]->read network input stream
05-20 16:35:31.314 D/MDM :   ( 6748): [null:-1]->Get joson string: {"result":0,"systemInfo":{"comId":1,"serverVersion":"1.2","serverVersionCode":3}}
05-20 16:35:31.346 D/NetworkThread( 6748): [null:-1]->clear mCurrentTransInfo
05-20 16:35:31.346 D/NetworkThread( 6748): [null:-1]->queue is empty, thread wait...
05-20 16:35:31.463 D/MDM :   ( 6748): [null:-1]->handleMessage
05-20 16:35:31.541 I/TransInfo( 6748): TransInfo created, id: 1, class: class com.pekall.emdm.transaction.c.f
05-20 16:35:31.549 D/NetworkThread( 6748): [null:-1]->----isRunning-----true
05-20 16:35:31.549 D/NetworkThread( 6748): [null:-1]->----isRunning-----true
05-20 16:35:31.549 D/NetworkThread( 6748): [null:-1]->thread wakeup
05-20 16:35:31.549 D/NetworkThread( 6748): [null:-1]->sendHttpPost:PostRequest, url: http://192.168.10.21/rest/mdm/v1/user/login_mdm, Params: [username:zhenhua.sang@pekall.com][password:123456][com_id:1], 
05-20 16:35:31.549 D/HttpClient( 6748): enable apache.http debug
05-20 16:35:31.564 V/DEBUG   ( 6748): HTTP 0
05-20 16:35:31.666 D/MDM :   ( 6748): [null:-1]->statusCode : 200
05-20 16:35:31.666 D/MDM :   ( 6748): [null:-1]->statusCode : 200
05-20 16:35:31.666 V/DEBUG   ( 6748): HTTP 1
05-20 16:35:31.666 D/MDM :   ( 6748): [null:-1]->read network input stream
05-20 16:35:31.674 D/MDM :   ( 6748): [null:-1]->Get joson string: {"result":0,"userInfo":{"id":1134,"type":51302,"password":null,"status":51001,"roles":8,"comId":1,"isAdmin":0,"fullName":"","phone":"010-2222222","cellPhone":"12345678910","email":"zhenhua.sang@pekall.com","firstName":null,"lastName":null,"business":null,"im":null,"username":"zhenhua.sang@pekall.com","labelPath":null,"userKey":"uPVi3f5AIdavCrAT","token":"453f2142282bd777b3d4ed58198f79c91134","deleted":0,"updateTime":1398231202000,"createTime":1397549312000,"directLabelId":0,"isInLabel":1,"setPwd":0,"labels":null,"encrpPwd":null,"deviceNo":0,"new":false}}
05-20 16:35:31.713 I/System.out( 6748): [cjx]initUserSecret,keyLength:16,DEK:[1400574931721,1400834131721]
05-20 16:35:31.713 I/System.out( 6748): [cjx]to generate user KEK now,keyLength:32,algorithm:Rijndael256
05-20 16:35:31.830 I/System.out( 6748): [cjx]blockSize:32
05-20 16:35:31.830 I/System.out( 6748): [cjx]iv:[112, 101, 107, 97, 108, 108, 50, 48, 49, 52, 97, 101, 115, 99, 106, 120, 112, 101, 107, 97, 108, 108, 50, 48, 49, 52, 97, 101, 115, 99, 106, 120]
05-20 16:35:31.830 I/System.out( 6748): [cjx]secret:[-94, 35, 21, 34, 6, -61, -108, -46, 6, 56, -82, 111, 24, -59, 0, -21, 43, -46, -16, 27, -76, 52, 9, 117, -69, 64, 55, -122, -120, -69, -38, 9]
05-20 16:35:31.830 I/System.out( 6748): [cjx]successfully store userID:[B@43bb3a98
05-20 16:35:31.830 I/System.out( 6748): [cjx]blockSize:32
05-20 16:35:31.838 I/System.out( 6748): [cjx]iv:[112, 101, 107, 97, 108, 108, 50, 48, 49, 52, 97, 101, 115, 99, 106, 120, 112, 101, 107, 97, 108, 108, 50, 48, 49, 52, 97, 101, 115, 99, 106, 120]
05-20 16:35:31.838 I/System.out( 6748): [cjx]secret:[-94, 35, 21, 34, 6, -61, -108, -46, 6, 56, -82, 111, 24, -59, 0, -21, 43, -46, -16, 27, -76, 52, 9, 117, -69, 64, 55, -122, -120, -69, -38, 9]
05-20 16:35:31.838 I/System.out( 6748): [cjx]successfully store DEK.
05-20 16:35:31.838 D/NetworkThread( 6748): [null:-1]->clear mCurrentTransInfo
05-20 16:35:31.838 D/NetworkThread( 6748): [null:-1]->queue is empty, thread wait...
05-20 16:35:31.939 D/MDM :   ( 6748): [null:-1]->handleMessage
05-20 16:35:31.994 I/TransInfo( 6748): TransInfo created, id: 8, class: class com.pekall.emdm.transaction.c.a
05-20 16:35:31.994 D/NetworkThread( 6748): [null:-1]->----isRunning-----true
05-20 16:35:31.994 D/NetworkThread( 6748): [null:-1]->----isRunning-----true
05-20 16:35:31.994 D/NetworkThread( 6748): [null:-1]->thread wakeup
05-20 16:35:32.049 D/NetworkThread( 6748): [null:-1]->sendHttpPost:PostRequest, url: http://192.168.10.21/rest/mdm/v1/device/check_device, Params: [mac:20:64:32:7a:19:48][imei:351554059027897][ios_uuid:00013fbc8ecec5b90000014618c5744d][os:51201], 
05-20 16:35:32.049 D/HttpClient( 6748): enable apache.http debug
05-20 16:35:32.064 V/DEBUG   ( 6748): HTTP 0
05-20 16:35:32.330 D/dalvikvm( 6748): JIT unchain all for threadid=11
05-20 16:35:32.658 D/dalvikvm( 6748): JIT unchain all for threadid=11
05-20 16:35:32.689 D/dalvikvm( 6748): GC_CONCURRENT freed 7198K, 21% free 27943K/35180K, paused 272ms+262ms, total 608ms
05-20 16:35:32.689 D/dalvikvm( 6748): WAIT_FOR_CONCURRENT_GC blocked 300ms
05-20 16:35:32.822 D/MDM :   ( 6748): [null:-1]->statusCode : 200
05-20 16:35:32.822 D/MDM :   ( 6748): [null:-1]->statusCode : 200
05-20 16:35:32.822 V/DEBUG   ( 6748): HTTP 1
05-20 16:35:32.822 D/MDM :   ( 6748): [null:-1]->read network input stream
05-20 16:35:32.822 D/MDM :   ( 6748): [null:-1]->Get joson string: {"result":0,"deviceInfo":{"language":null,"id":449,"type":50701,"productName":"yakju","status":50001,"mac":"20:64:32:7a:19:48","comId":1,"userId":1134,"os":51201,"updateTime":1400574577000,"deviceDetail":null,"createTime":1397813424000,"deviceUuid":"00013fbc8ecec5b90000014613abe64a","sn":"","model":"Galaxy Nexus","iosUdid":"00013fbc8ecec5b90000014613abe64a","lastCheckin":1400574626000,"securityInfo":"{\"HardwareEncryptionCaps\":0,\"PasscodePresent\":false,\"PasscodeCompliant\":false,\"PasscodeCompliantWithProfiles\":true}","imei":"351554059027897","labelNames":null,"mdmUserInfo":null,"connect":1,"dvId":10435,"isRoot":null,"isPrison":null,"groupCount":0,"new":false}}
05-20 16:35:32.853 D/NetworkThread( 6748): [null:-1]->clear mCurrentTransInfo
05-20 16:35:32.853 D/NetworkThread( 6748): [null:-1]->queue is empty, thread wait...
05-20 16:35:32.955 D/MDM :   ( 6748): [null:-1]->handleMessage
05-20 16:35:32.963 I/TransInfo( 6748): TransInfo created, id: 2, class: class com.pekall.emdm.transaction.c.g
05-20 16:35:32.963 D/NetworkThread( 6748): [null:-1]->----isRunning-----true
05-20 16:35:32.963 D/NetworkThread( 6748): [null:-1]->----isRunning-----true
05-20 16:35:32.963 D/NetworkThread( 6748): [null:-1]->thread wakeup
05-20 16:35:32.963 D/NetworkThread( 6748): [null:-1]->sendHttpPost:PostRequest, url: http://192.168.10.21/rest/mdm/v1/device/register_device, Params: [device_uuid:00013fbc8ecec5b90000014618c5744d][os:51201][device_type:50701][dv_id:10435][sn:][mac:20:64:32:7a:19:48][imei:351554059027897], 
05-20 16:35:32.963 D/HttpClient( 6748): enable apache.http debug
05-20 16:35:32.971 V/DEBUG   ( 6748): HTTP 0
05-20 16:35:33.080 D/dalvikvm( 6664): GC_CONCURRENT freed 399K, 93% free 645K/8184K, paused 2ms+0ms, total 7ms
05-20 16:35:33.642 D/MDM :   ( 6748): [null:-1]->statusCode : 200
05-20 16:35:33.642 D/MDM :   ( 6748): [null:-1]->statusCode : 200
05-20 16:35:33.642 V/DEBUG   ( 6748): HTTP 1
05-20 16:35:33.642 D/MDM :   ( 6748): [null:-1]->read network input stream
05-20 16:35:33.658 D/MDM :   ( 6748): [null:-1]->Get joson string: {"result":0,"loginInfo":{"mdmPushServerInfoVo":{"id":0,"port":9090,"count":123,"ip":"test.mdm.everknow.cn","pushToken":"123456"},"profileUrl":null}}
05-20 16:35:33.713 W/Parcel  ( 1661): Attempt to read object from Parcel 0x6013bdac at offset 200 that is not in the object list
05-20 16:35:33.713 D/NetworkThread( 6748): [null:-1]->clear mCurrentTransInfo
05-20 16:35:33.713 D/NetworkThread( 6748): [null:-1]->queue is empty, thread wait...
05-20 16:35:33.721 D/MdmService( 6748): [null:-1]->receiver action :com.pekall.mdm.action.MDM_REGISTERED
05-20 16:35:33.721 D/MdmService( 6748): [null:-1]->correctAlarm
05-20 16:35:33.728 I/TransInfo( 6748): TransInfo created, id: 5, class: class com.pekall.emdm.transaction.c.j
05-20 16:35:33.728 D/NetworkThread( 6748): [null:-1]->----isRunning-----true
05-20 16:35:33.728 D/NetworkThread( 6748): [null:-1]->----isRunning-----true
05-20 16:35:33.728 D/NetworkThread( 6748): [null:-1]->thread wakeup
05-20 16:35:33.736 D/NetworkThread( 6748): [null:-1]->sendHttpGet: http://192.168.10.21/rest/mdm/v1/device/trigger_cmd?device_uuid=00013fbc8ecec5b90000014618c5744d&cmd_types=10103
05-20 16:35:33.736 D/HttpClient( 6748): enable apache.http debug
05-20 16:35:33.736 D/MdmService( 6748): [null:-1]->keepAliveWithPushServer  client is null 
05-20 16:35:33.736 D/MdmService( 6748): [null:-1]->pushUrl : ws://test.mdm.everknow.cn:9090/websocket
05-20 16:35:33.736 D/MDM :   ( 6748): [null:-1]->mMdmPushClient is :null
05-20 16:35:33.736 D/MDM :   ( 6748): [null:-1]->mMdmPushClient opened :not opened
05-20 16:35:33.744 D/MDM :   ( 6748): [null:-1]->mMdmPushClient connect
05-20 16:35:33.744 V/DEBUG   ( 6748): HTTP 0
05-20 16:35:33.752 D/MdmStatusManager( 6748): [null:-1]->change status to : Busy
05-20 16:35:33.752 W/SQLiteOpenHelper( 6748): Opened /data/data/com.pekall.emdm.launcher/databases/pekall_mdm.db
05-20 16:35:33.830 I/TransInfo( 6748): TransInfo created, id: 3, class: class com.pekall.emdm.transaction.c.b
05-20 16:35:33.830 D/NetworkThread( 6748): [null:-1]->----isRunning-----true
05-20 16:35:33.830 I/TransInfo( 6748): TransInfo created, id: 9, class: class com.pekall.emdm.transaction.c.c
05-20 16:35:33.830 D/MdmService( 6748): [null:-1]->keepAliveWithPushServer client is opened:true
05-20 16:35:33.830 D/MDM :   ( 6748): [null:-1]->ping!!!!!!!!!
05-20 16:35:33.838 D/MdmService( 6748): [null:-1]->pushUrl : ws://test.mdm.everknow.cn:9090/websocket
05-20 16:35:33.838 D/MDM :   ( 6748): [null:-1]->mMdmPushClient is :not null
05-20 16:35:33.838 D/MDM :   ( 6748): [null:-1]->mMdmPushClient opened : opened
05-20 16:35:33.838 D/MdmService( 6748): [null:-1]->MdmStatusManager is busy , wait......
05-20 16:35:33.838 I/TransInfo( 6748): TransInfo created, id: 9, class: class com.pekall.emdm.transaction.c.c
05-20 16:35:33.846 D/MDM :   ( 6748): [null:-1]->MSG_WEBSOCKET_OPEN
05-20 16:35:33.853 D/MDM :   ( 6748): [null:-1]->handleMessage
05-20 16:35:33.869 W/Parcel  ( 1661): Attempt to read object from Parcel 0x5ded3dac at offset 200 that is not in the object list
05-20 16:35:33.869 D/PushMessageManager( 6748): [null:-1]->add sent message : {"params":{"device":"00013fbc8ecec5b90000014618c5744d","token":"123456"},"id":0,"command":0,"reason":0,"result":0,"type":0}
05-20 16:35:33.869 I/ActivityManager(  374): START u0 {flg=0x8000 cmp=com.pekall.emdm.launcher/.Launcher} from pid 6748
05-20 16:35:33.916 D/MDM :   ( 6748): [null:-1]->statusCode : 200
05-20 16:35:33.916 D/MDM :   ( 6748): [null:-1]->statusCode : 200
05-20 16:35:33.916 V/DEBUG   ( 6748): HTTP 1
05-20 16:35:33.916 D/MDM :   ( 6748): [null:-1]->read network input stream
05-20 16:35:33.916 D/MDM :   ( 6748): [null:-1]->Get joson string: {"result":0}
05-20 16:35:33.924 D/NetworkThread( 6748): [null:-1]->clear mCurrentTransInfo
05-20 16:35:33.924 D/NetworkThread( 6748): [null:-1]->sendHttpPost:PostRequest, url: http://192.168.10.21/rest/mdm/v1/ios/android_server, Params: [content:<?xml version="1.0" encoding="UTF-8"?>
05-20 16:35:33.924 D/NetworkThread( 6748): <!DOCTYPE plist PUBLIC "-//Apple//DTD PLIST 1.0//EN" "http://www.apple.com/DTDs/PropertyList-1.0.dtd">
05-20 16:35:33.924 D/NetworkThread( 6748): <plist version="1.0">
05-20 16:35:33.924 D/NetworkThread( 6748): <dict>
05-20 16:35:33.924 D/NetworkThread( 6748): 	<key>Status</key>
05-20 16:35:33.924 D/NetworkThread( 6748): 	<string>Idle</string>
05-20 16:35:33.924 D/NetworkThread( 6748): 	<key>UDID</key>
05-20 16:35:33.924 D/NetworkThread( 6748): 	<string>00013fbc8ecec5b90000014618c5744d</string>
05-20 16:35:33.924 D/NetworkThread( 6748): </dict>
05-20 16:35:33.924 D/NetworkThread( 6748): </plist>], 
05-20 16:35:33.924 D/HttpClient( 6748): enable apache.http debug
05-20 16:35:33.924 V/DEBUG   ( 6748): HTTP 0
05-20 16:35:34.002 D/dalvikvm(  374): GC_FOR_ALLOC freed 2112K, 26% free 21475K/28872K, paused 88ms, total 92ms
05-20 16:35:34.017 W/WindowManager(  374): Token{428ad4b8 ActivityRecord{427ad5c8 u0 com.pekall.emdm.launcher/.Launcher}} failed creating starting window
05-20 16:35:34.017 W/WindowManager(  374): android.view.InflateException: Binary XML file line #34: Error inflating class <unknown>
05-20 16:35:34.017 W/WindowManager(  374): 	at android.view.LayoutInflater.createView(LayoutInflater.java:620)
05-20 16:35:34.017 W/WindowManager(  374): 	at com.android.internal.policy.impl.PhoneLayoutInflater.onCreateView(PhoneLayoutInflater.java:56)
05-20 16:35:34.017 W/WindowManager(  374): 	at android.view.LayoutInflater.onCreateView(LayoutInflater.java:669)
05-20 16:35:34.017 W/WindowManager(  374): 	at android.view.LayoutInflater.createViewFromTag(LayoutInflater.java:694)
05-20 16:35:34.017 W/WindowManager(  374): 	at android.view.LayoutInflater.rInflate(LayoutInflater.java:755)
05-20 16:35:34.017 W/WindowManager(  374): 	at android.view.LayoutInflater.inflate(LayoutInflater.java:492)
05-20 16:35:34.017 W/WindowManager(  374): 	at android.view.LayoutInflater.inflate(LayoutInflater.java:397)
05-20 16:35:34.017 W/WindowManager(  374): 	at android.view.LayoutInflater.inflate(LayoutInflater.java:353)
05-20 16:35:34.017 W/WindowManager(  374): 	at com.android.internal.policy.impl.PhoneWindow.generateLayout(PhoneWindow.java:2823)
05-20 16:35:34.017 W/WindowManager(  374): 	at com.android.internal.policy.impl.PhoneWindow.installDecor(PhoneWindow.java:2886)
05-20 16:35:34.017 W/WindowManager(  374): 	at com.android.internal.policy.impl.PhoneWindow.getDecorView(PhoneWindow.java:1581)
05-20 16:35:34.017 W/WindowManager(  374): 	at com.android.internal.policy.impl.PhoneWindowManager.addStartingWindow(PhoneWindowManager.java:1618)
05-20 16:35:34.017 W/WindowManager(  374): 	at com.android.server.wm.WindowManagerService$H.handleMessage(WindowManagerService.java:6908)
05-20 16:35:34.017 W/WindowManager(  374): 	at android.os.Handler.dispatchMessage(Handler.java:99)
05-20 16:35:34.017 W/WindowManager(  374): 	at android.os.Looper.loop(Looper.java:137)
05-20 16:35:34.017 W/WindowManager(  374): 	at android.os.HandlerThread.run(HandlerThread.java:61)
05-20 16:35:34.017 W/WindowManager(  374): Caused by: java.lang.reflect.InvocationTargetException
05-20 16:35:34.017 W/WindowManager(  374): 	at java.lang.reflect.Constructor.constructNative(Native Method)
05-20 16:35:34.017 W/WindowManager(  374): 	at java.lang.reflect.Constructor.newInstance(Constructor.java:417)
05-20 16:35:34.017 W/WindowManager(  374): 	at android.view.LayoutInflater.createView(LayoutInflater.java:594)
05-20 16:35:34.017 W/WindowManager(  374): 	... 15 more
05-20 16:35:34.017 W/WindowManager(  374): Caused by: android.content.res.Resources$NotFoundException: Resource is not a Drawable (color or path): TypedValue{t=0x2/d=0x1010059 a=-1}
05-20 16:35:34.017 W/WindowManager(  374): 	at android.content.res.Resources.loadDrawable(Resources.java:2063)
05-20 16:35:34.017 W/WindowManager(  374): 	at android.content.res.TypedArray.getDrawable(TypedArray.java:601)
05-20 16:35:34.017 W/WindowManager(  374): 	at android.widget.FrameLayout.<init>(FrameLayout.java:109)
05-20 16:35:34.017 W/WindowManager(  374): 	at android.widget.FrameLayout.<init>(FrameLayout.java:97)
05-20 16:35:34.017 W/WindowManager(  374): 	... 18 more
05-20 16:35:34.041 D/ProfileManager( 6748): [null:-1]->check policy checking :false
05-20 16:35:34.041 D/ProfileManager( 6748): [null:-1]->check policy checking :true
05-20 16:35:34.041 D/MDM :   ( 6748): [null:-1]->MSG_WEBSOCKET_MESSAGE : {"id":-602905290,"type":2,"command":0,"result":0,"reason":4}
05-20 16:35:34.049 D/MdmService( 6748): [null:-1]->push message type :2
05-20 16:35:34.049 E/QueryController( 6664): Got null root node from accessibility - Retrying...
05-20 16:35:34.056 D/PushMessageManager( 6748): [null:-1]->add sent message : {"params":{"device":"00013fbc8ecec5b90000014618c5744d","token":"123456"},"id":0,"command":0,"reason":0,"result":0,"type":0}
05-20 16:35:34.064 D/MDM :   ( 6748): [null:-1]->MSG_WEBSOCKET_MESSAGE : {"id":0,"type":1,"command":0,"result":0,"reason":0}
05-20 16:35:34.072 D/MdmService( 6748): [null:-1]->push message type :1
05-20 16:35:34.072 D/PushMessageManager( 6748): [null:-1]->remove sent message : 0
05-20 16:35:34.080 D/PushMessageManager( 6748): [null:-1]->sent message :{"params":{"device":"00013fbc8ecec5b90000014618c5744d","token":"123456"},"id":0,"command":0,"reason":0,"result":0,"type":0}
05-20 16:35:34.080 D/PushMessageManager( 6748): [null:-1]->has message : 0
05-20 16:35:34.080 D/PushMessageManager( 6748): [null:-1]->sSentMessage not empty : 1
05-20 16:35:34.080 D/MDM :   ( 6748): [null:-1]->MSG_WEBSOCKET_MESSAGE : {"id":-325357419,"type":0,"command":0,"result":0,"reason":0,"params":{"device":"00013fbc8ecec5b90000014618c5744d","message":"{\"cmd\":\"10119\"}"}}
05-20 16:35:34.088 D/MdmService( 6748): [null:-1]->push message type :0
05-20 16:35:34.088 D/MdmService( 6748): [null:-1]->cmdMessage : {"cmd":"10119"}
05-20 16:35:34.088 D/MdmService( 6748): [null:-1]->command : PushCommandMsg{cmd='10119', msg='null'}
05-20 16:35:34.088 D/MdmService( 6748): [null:-1]->MdmStatusManager is busy , wait......
05-20 16:35:34.096 D/MDM :   ( 6748): [null:-1]->MSG_WEBSOCKET_MESSAGE : {"id":-1787087378,"type":0,"command":0,"result":0,"reason":0,"params":{"device":"00013fbc8ecec5b90000014618c5744d","message":"{\"cmd\":\"10119\"}"}}
05-20 16:35:34.103 D/MdmService( 6748): [null:-1]->push message type :0
05-20 16:35:34.103 D/MdmService( 6748): [null:-1]->cmdMessage : {"cmd":"10119"}
05-20 16:35:34.103 D/MdmService( 6748): [null:-1]->command : PushCommandMsg{cmd='10119', msg='null'}
05-20 16:35:34.103 D/MdmService( 6748): [null:-1]->MdmStatusManager is busy , wait......
05-20 16:35:34.111 D/MDM :   ( 6748): [null:-1]->MSG_WEBSOCKET_MESSAGE : {"id":-2028313279,"type":0,"command":0,"result":0,"reason":0,"params":{"device":"00013fbc8ecec5b90000014618c5744d","message":"{\"cmd\":\"10119\"}"}}
05-20 16:35:34.111 D/MdmService( 6748): [null:-1]->push message type :0
05-20 16:35:34.119 D/MdmService( 6748): [null:-1]->cmdMessage : {"cmd":"10119"}
05-20 16:35:34.119 D/MdmService( 6748): [null:-1]->command : PushCommandMsg{cmd='10119', msg='null'}
05-20 16:35:34.119 D/MdmService( 6748): [null:-1]->MdmStatusManager is busy , wait......
05-20 16:35:34.127 D/MDM :   ( 6748): [null:-1]->MSG_WEBSOCKET_MESSAGE : {"id":-766993271,"type":0,"command":0,"result":0,"reason":0,"params":{"msgId":"6cc5b3ab-2ba5-426b-958c-842007ad0b00,6cc5b3ab2ba5426b958c842007ad0b00","device":"00013fbc8ecec5b90000014618c5744d","message":"{\"cmd\":\"10119\"}"}}
05-20 16:35:34.127 D/MdmService( 6748): [null:-1]->push message type :0
05-20 16:35:34.135 D/MdmService( 6748): [null:-1]->cmdMessage : {"cmd":"10119"}
05-20 16:35:34.135 D/MdmService( 6748): [null:-1]->command : PushCommandMsg{cmd='10119', msg='null'}
05-20 16:35:34.135 D/MdmService( 6748): [null:-1]->MdmStatusManager is busy , wait......
05-20 16:35:34.142 D/LauncherApplication( 6748): [null:-1]->onActivityPaused
05-20 16:35:34.158 D/HomeLoaders( 6748): aborting loaders
05-20 16:35:34.299 E/QueryController( 6664): Got null root node from accessibility - Retrying...
05-20 16:35:34.408 D/dalvikvm( 6748): JIT unchain all for threadid=11
05-20 16:35:34.439 D/MDM :   ( 6748): [null:-1]->statusCode : 200
05-20 16:35:34.439 D/MDM :   ( 6748): [null:-1]->statusCode : 200
05-20 16:35:34.439 V/DEBUG   ( 6748): HTTP 1
05-20 16:35:34.549 E/QueryController( 6664): Got null root node from accessibility - Retrying...
05-20 16:35:34.728 D/dalvikvm( 6748): JIT unchain all for threadid=11
05-20 16:35:34.744 D/MDM :   ( 6748): [null:-1]->read network input stream
05-20 16:35:34.744 D/MDM :   ( 6748): [null:-1]->read network input stream
05-20 16:35:34.760 D/MDM :   ( 6748): [null:-1]->Get joson string: <?xml version="1.0" encoding="UTF-8"?>
05-20 16:35:34.760 D/MDM :   ( 6748): <!DOCTYPE plist PUBLIC "-//Apple//DTD PLIST 1.0//EN" "http://www.apple.com/DTDs/PropertyList-1.0.dtd">
05-20 16:35:34.760 D/MDM :   ( 6748): <plist version="1.0">
05-20 16:35:34.760 D/MDM :   ( 6748): <dict>
05-20 16:35:34.760 D/MDM :   ( 6748): 	<key>CommandUUID</key>
05-20 16:35:34.760 D/MDM :   ( 6748): 	<string>94cf7bbd-46a2-4078-bf6c-4c5284ba2b81</string>
05-20 16:35:34.760 D/MDM :   ( 6748): 	<key>Command</key>
05-20 16:35:34.760 D/MDM :   ( 6748): 	<dict>
05-20 16:35:34.760 D/MDM :   ( 6748): 		<key>Queries</key>
05-20 16:35:34.760 D/MDM :   ( 6748): 		<array>
05-20 16:35:34.760 D/MDM :   ( 6748): 			<string>UDID</string>
05-20 16:35:34.760 D/MDM :   ( 6748): 			<string>DeviceName</string>
05-20 16:35:34.760 D/MDM :   ( 6748): 			<string>OSVersion</string>
05-20 16:35:34.760 D/MDM :   ( 6748): 			<string>BuildVersion</string>
05-20 16:35:34.760 D/MDM :   ( 6748): 			<string>ModelName</string>
05-20 16:35:34.760 D/MDM :   ( 6748): 			<string>Model</string>
05-20 16:35:34.760 D/MDM :   ( 6748): 			<string>ProductName</string>
05-20 16:35:34.760 D/MDM :   ( 6748): 			<string>SerialNumber</string>
05-20 16:35:34.760 D/MDM :   ( 6748): 			<string>DeviceCapacity</string>
05-20 16:35:34.760 D/MDM :   ( 6748): 			<string>AvailableDeviceCapacity</string>
05-20 16:35:34.760 D/MDM :   ( 6748): 			<string>BatteryLevel</string>
05-20 16:35:34.760 D/MDM :   ( 6748): 			<string>CellularTechnology</string>
05-20 16:35:34.760 D/MDM :   ( 6748): 			<string>IMEI</string>
05-20 16:35:34.760 D/MDM :   ( 6748): 			<string>MEID</string>
05-20 16:35:34.760 D/MDM :   ( 6748): 			<string>ModemFirmwareVersion</string>
05-20 16:35:34.760 D/MDM :   ( 6748): 			<string>ICCID</string>
05-20 16:35:34.760 D/MDM :   ( 6748): 			<string>BluetoothMAC</string>
05-20 16:35:34.760 D/MDM :   ( 6748): 			<string>WiFiMAC</string>
05-20 16:35:34.760 D/MDM :   ( 6748): 			<string>EthernetMAC</string>
05-20 16:35:34.760 D/MDM :   ( 6748): 			<string>CurrentCarrierNetwork</string>
05-20 16:35:34.760 D/MDM :   ( 6748): 			<string>SIMCarrierNetwork</string>
05-20 16:35:34.760 D/MDM :   ( 6748): 			<string>SubscriberCarrierNetwork</string>
05-20 16:35:34.760 D/MDM :   ( 6748): 			<string>CarrierSettingsVersion</string>
05-20 16:35:34.760 D/MDM :   ( 6748): 			<string>PhoneNumber</string>
05-20 16:35:34.760 D/MDM :   ( 6748): 			<string>VoiceRoamingEnabled</string>
05-20 16:35:34.760 D/MDM :   ( 6748): 			<string>DataRoamingEnabled</string>
05-20 16:35:34.760 D/MDM :   ( 6748): 			<string>IsRoaming</string>
05-20 16:35:34.760 D/MDM :   ( 6748): 			<string>SubscriberMCC</string>
05-20 16:35:34.760 D/MDM :   ( 6748): 			<string>SubscriberMNC</string>
05-20 16:35:34.760 D/MDM :   ( 6748): 			<string>SIMMCC</string>
05-20 16:35:34.760 D/MDM :   ( 6748): 			<string>SIMMNC</string>
05-20 16:35:34.760 D/MDM :   ( 6748): 			<string>CurrentMCC</string>
05-20 16:35:34.760 D/MDM :   ( 6748): 			<string>CurrentMNC</string>
05-20 16:35:34.760 D/MDM :   ( 6748): 		</array>
05-20 16:35:34.760 D/MDM :   ( 6748): 		<key>RequestType</key>
05-20 16:35:34.760 D/MDM :   ( 6748): 		<string>DeviceInformation</string>
05-20 16:35:34.760 D/MDM :   ( 6748): 	</dict>
05-20 16:35:34.760 D/MDM :   ( 6748): </dict>
05-20 16:35:34.760 D/MDM :   ( 6748): </plist>
05-20 16:35:34.791 D/dalvikvm( 6748): GC_EXPLICIT freed 7808K, 34% free 23398K/35180K, paused 258ms+261ms, total 631ms
05-20 16:35:34.799 E/QueryController( 6664): Cannot proceed when root node is null. Aborted search
05-20 16:35:34.806 E/QueryController( 6664): Got null root node from accessibility - Retrying...
05-20 16:35:34.830 D/MDM :   ( 6748): [null:-1]->MSG_WEBSOCKET_MESSAGE : {"id":0,"type":1,"command":0,"result":0,"reason":0}
05-20 16:35:34.838 D/MdmService( 6748): [null:-1]->push message type :1
05-20 16:35:34.846 D/CheckInTransInfo( 6748): [null:-1]->CommandMsg : CommandMsg{CommandUUID='94cf7bbd-46a2-4078-bf6c-4c5284ba2b81', Command=CommandObject{RequestType='DeviceInformation'}}
05-20 16:35:34.853 D/PushMessageManager( 6748): [null:-1]->remove sent message : 0
05-20 16:35:34.853 D/PushMessageManager( 6748): [null:-1]->sent message :{"params":{"device":"00013fbc8ecec5b90000014618c5744d","token":"123456"},"id":0,"command":0,"reason":0,"result":0,"type":0}
05-20 16:35:34.853 D/PushMessageManager( 6748): [null:-1]->has message : 0
05-20 16:35:34.853 D/MDM :   ( 6748): [null:-1]->MSG_WEBSOCKET_MESSAGE : {"id":-325357419,"type":0,"command":0,"result":0,"reason":0,"params":{"device":"00013fbc8ecec5b90000014618c5744d","message":"{\"cmd\":\"10119\"}"}}
05-20 16:35:34.861 D/MdmService( 6748): [null:-1]->push message type :0
05-20 16:35:34.861 D/MdmService( 6748): [null:-1]->cmdMessage : {"cmd":"10119"}
05-20 16:35:34.861 D/MdmService( 6748): [null:-1]->command : PushCommandMsg{cmd='10119', msg='null'}
05-20 16:35:34.861 D/MdmService( 6748): [null:-1]->MdmStatusManager is busy , wait......
05-20 16:35:34.869 D/MDM :   ( 6748): [null:-1]->MSG_WEBSOCKET_MESSAGE : {"id":-1787087378,"type":0,"command":0,"result":0,"reason":0,"params":{"device":"00013fbc8ecec5b90000014618c5744d","message":"{\"cmd\":\"10119\"}"}}
05-20 16:35:34.877 D/MdmService( 6748): [null:-1]->push message type :0
05-20 16:35:34.877 D/MdmService( 6748): [null:-1]->cmdMessage : {"cmd":"10119"}
05-20 16:35:34.877 D/MdmService( 6748): [null:-1]->command : PushCommandMsg{cmd='10119', msg='null'}
05-20 16:35:34.877 D/MdmService( 6748): [null:-1]->MdmStatusManager is busy , wait......
05-20 16:35:34.877 D/NetworkThread( 6748): [null:-1]->clear mCurrentTransInfo
05-20 16:35:34.885 D/NetworkThread( 6748): [null:-1]->sendHttpPost:PostRequest, url: http://192.168.10.21/rest/mdm/v1/system/check_mdm_app, Params: [version:71][os:51201][pkg_name:com.pekall.emdm.launcher], 
05-20 16:35:34.885 D/HttpClient( 6748): enable apache.http debug
05-20 16:35:34.885 D/MDM :   ( 6748): [null:-1]->MSG_WEBSOCKET_MESSAGE : {"id":-2028313279,"type":0,"command":0,"result":0,"reason":0,"params":{"device":"00013fbc8ecec5b90000014618c5744d","message":"{\"cmd\":\"10119\"}"}}
05-20 16:35:34.892 V/DEBUG   ( 6748): HTTP 0
05-20 16:35:34.900 D/MdmService( 6748): [null:-1]->push message type :0
05-20 16:35:34.900 D/MdmService( 6748): [null:-1]->cmdMessage : {"cmd":"10119"}
05-20 16:35:34.900 D/MdmService( 6748): [null:-1]->command : PushCommandMsg{cmd='10119', msg='null'}
05-20 16:35:34.900 D/MdmService( 6748): [null:-1]->MdmStatusManager is busy , wait......
05-20 16:35:34.908 D/MDM :   ( 6748): [null:-1]->MSG_WEBSOCKET_MESSAGE : {"id":-766993271,"type":0,"command":0,"result":0,"reason":0,"params":{"device":"00013fbc8ecec5b90000014618c5744d","message":"{\"cmd\":\"10119\"}"}}
05-20 16:35:34.916 D/MdmService( 6748): [null:-1]->push message type :0
05-20 16:35:34.916 D/MdmService( 6748): [null:-1]->cmdMessage : {"cmd":"10119"}
05-20 16:35:34.916 D/MdmService( 6748): [null:-1]->command : PushCommandMsg{cmd='10119', msg='null'}
05-20 16:35:34.916 D/MdmService( 6748): [null:-1]->MdmStatusManager is busy , wait......
05-20 16:35:34.971 D/MDM :   ( 6748): [null:-1]->width 104
05-20 16:35:34.971 D/MDM :   ( 6748): [null:-1]->height 104
05-20 16:35:34.971 D/MDM :   ( 6748): [null:-1]->scale 0.5
05-20 16:35:34.971 D/MDM :   ( 6748): [null:-1]->tint false
05-20 16:35:34.978 D/MDM :   ( 6748): [null:-1]->width 104
05-20 16:35:34.978 D/MDM :   ( 6748): [null:-1]->height 104
05-20 16:35:34.978 D/MDM :   ( 6748): [null:-1]->scale 0.5
05-20 16:35:34.978 D/MDM :   ( 6748): [null:-1]->tint false
05-20 16:35:34.978 D/MDM :   ( 6748): [null:-1]->icon instanceof BitmapDrawable
05-20 16:35:34.978 D/MDM :   ( 6748): [null:-1]->  iconWidth 87
05-20 16:35:34.978 D/MDM :   ( 6748): [null:-1]->  iconHeight 87
05-20 16:35:34.978 D/MDM :   ( 6748): [null:-1]->  107 87
05-20 16:35:34.978 D/MDM :   ( 6748): [null:-1]->width 104
05-20 16:35:34.978 D/MDM :   ( 6748): [null:-1]->height 104
05-20 16:35:34.978 D/MDM :   ( 6748): [null:-1]->scale 1.0
05-20 16:35:34.978 D/MDM :   ( 6748): [null:-1]->tint false
05-20 16:35:34.978 D/MDM :   ( 6748): [null:-1]->width 104
05-20 16:35:34.978 D/MDM :   ( 6748): [null:-1]->height 104
05-20 16:35:34.986 D/MDM :   ( 6748): [null:-1]->scale 1.0
05-20 16:35:34.986 D/MDM :   ( 6748): [null:-1]->tint false
05-20 16:35:34.986 D/MDM :   ( 6748): [null:-1]->icon instanceof BitmapDrawable
05-20 16:35:34.986 D/MDM :   ( 6748): [null:-1]->  iconWidth 87
05-20 16:35:34.986 D/MDM :   ( 6748): [null:-1]->  iconHeight 87
05-20 16:35:34.986 D/MDM :   ( 6748): [null:-1]->  107 87
05-20 16:35:34.986 D/MDM :   ( 6748): [null:-1]->width 104
05-20 16:35:34.986 D/MDM :   ( 6748): [null:-1]->height 104
05-20 16:35:34.986 D/MDM :   ( 6748): [null:-1]->scale 1.0
05-20 16:35:34.986 D/MDM :   ( 6748): [null:-1]->tint false
05-20 16:35:34.986 D/MDM :   ( 6748): [null:-1]->width 104
05-20 16:35:34.994 D/MDM :   ( 6748): [null:-1]->height 104
05-20 16:35:34.994 D/MDM :   ( 6748): [null:-1]->scale 1.0
05-20 16:35:34.994 D/MDM :   ( 6748): [null:-1]->tint false
05-20 16:35:34.994 D/MDM :   ( 6748): [null:-1]->icon instanceof BitmapDrawable
05-20 16:35:34.994 D/MDM :   ( 6748): [null:-1]->  iconWidth 87
05-20 16:35:34.994 D/MDM :   ( 6748): [null:-1]->  iconHeight 87
05-20 16:35:34.994 D/MDM :   ( 6748): [null:-1]->  107 87
05-20 16:35:34.994 D/MDM :   ( 6748): [null:-1]->width 104
05-20 16:35:34.994 D/MDM :   ( 6748): [null:-1]->height 104
05-20 16:35:34.994 D/MDM :   ( 6748): [null:-1]->scale 1.0
05-20 16:35:34.994 D/MDM :   ( 6748): [null:-1]->tint false
05-20 16:35:35.056 E/QueryController( 6664): Got null root node from accessibility - Retrying...
05-20 16:35:35.252 D/dalvikvm( 6748): JIT unchain all for threadid=11
05-20 16:35:35.291 D/dalvikvm( 6748): GC_FOR_ALLOC freed 5218K, 43% free 20117K/35180K, paused 292ms, total 293ms
05-20 16:35:35.306 E/QueryController( 6664): Got null root node from accessibility - Retrying...
05-20 16:35:35.330 D/MDM :   ( 6748): [null:-1]->statusCode : 200
05-20 16:35:35.338 D/MDM :   ( 6748): [null:-1]->statusCode : 200
05-20 16:35:35.338 V/DEBUG   ( 6748): HTTP 1
05-20 16:35:35.338 D/MDM :   ( 6748): [null:-1]->read network input stream
05-20 16:35:35.346 D/MDM :   ( 6748): [null:-1]->Get joson string: {"result":0,"mdmClientInfos":{"id":25,"type":51107,"url":"https://test.mdm.everknow.cn/resources/api/v1/download/guest?uuid=dd3de6bda383464693a0569e4f7e","pkgName":"com.pekall.emdm.launcher","platform":51201,"comId":1,"appVersionCode":72,"appVersionName":"BYOD_2.1.0424","appAuthor":null,"appIcon":null,"appName":"Pekall enterprise mobile office","appSize":null,"minSdk":null,"updateTime":1398754856000,"forceUpdate":0,"updateInfo":null,"new":false}}
05-20 16:35:35.377 D/NetworkThread( 6748): [null:-1]->clear mCurrentTransInfo
05-20 16:35:35.377 D/NetworkThread( 6748): [null:-1]->queue is empty, thread wait...
05-20 16:35:35.447 V/Launcher( 6748): isLauncherDf = true
05-20 16:35:35.447 V/Launcher( 6748): isPhoneDf = true
05-20 16:35:35.447 D/        ( 6748): [---null: -1---]  ScreenWidth  720
05-20 16:35:35.447 D/        ( 6748): [---null: -1---]  ScreenHeight  1184
05-20 16:35:35.455 D/HomeLoaders( 6748): load applications
05-20 16:35:35.455 D/HomeLoaders( 6748):   --> applications loaded, return
05-20 16:35:35.455 D/HomeLoaders( 6748): loading user items in Thread[main,5,main]
05-20 16:35:35.455 D/HomeLoaders( 6748):   --> items loaded, return
05-20 16:35:35.455 D/HomeLoaders( 6748):   --> loading from cache: 11, 0
05-20 16:35:35.455 D/Launcher( 6748): ------> binding 11 items
05-20 16:35:35.455 D/Launcher( 6748): ------> binding 0 widgets
05-20 16:35:35.455 D/Launcher( 6748): ------> start binding items
05-20 16:35:35.455 W/Parcel  ( 1661): Attempt to read object from Parcel 0x6003bdac at offset 200 that is not in the object list
05-20 16:35:35.455 W/Parcel  ( 1661): Attempt to read object from Parcel 0x5ec3bdac at offset 200 that is not in the object list
05-20 16:35:35.455 D/Email   ( 6748): Email: init sandbox at the beginning.
05-20 16:35:35.455 V/l       ( 6748): Bind requested for task setLogging
05-20 16:35:35.463 W/SQLiteOpenHelper( 6748): Opened /data/data/com.pekall.emdm.launcher/databases/sandbox.db
05-20 16:35:35.486 I/Email   ( 6748): Notifications being toggled: false
05-20 16:35:35.486 W/ActivityManager(  374): Unable to start service Intent { cmp=com.pekall.emdm.launcher/com.pekall.semail.service.AttachmentDownloadService } U=0: not found
05-20 16:35:35.517 W/Parcel  ( 1661): Attempt to read object from Parcel 0x5dfd3dac at offset 200 that is not in the object list
05-20 16:35:35.525 W/Parcel  ( 1661): Attempt to read object from Parcel 0x6013bdac at offset 200 that is not in the object list
05-20 16:35:35.525 V/LauncherApplication( 6748): onActivityStarted
05-20 16:35:35.525 D/        ( 6748): [---null: -1---]     awsa  onActivityResumed
05-20 16:35:35.556 E/QueryController( 6664): Cannot proceed when root node is null. Aborted search
05-20 16:35:35.556 E/QueryController( 6664): Got null root node from accessibility - Retrying...
05-20 16:35:35.775 D/dalvikvm( 6748): JIT unchain all for threadid=11
05-20 16:35:35.783 V/LauncherApplication( 6748): 2MdmConstant.LAST_LAUNCH_TIME = 1400574900311
05-20 16:35:35.791 D/        ( 6748): [---null: -1---]  activity = com.pekall.emdm.launcher.Launcher
05-20 16:35:35.791 V/DefultSetContriller( 6748): isLauncherDf = com.pekall.emdm.launcher
05-20 16:35:35.799 V/DefultSetContriller( 6748): isLauncherDf = com.pekall.emdm.launcher
05-20 16:35:35.799 V/DefultSetContriller( 6748): isPhoneDf = com.pekall.emdm.launcher
05-20 16:35:35.799 E/LauncherApplication( 6748): isShowLogoutUI = true
05-20 16:35:35.799 E/LauncherApplication( 6748): LogoutShowTime 1
05-20 16:35:35.799 V/Launcher( 6748): onResume1111111 
05-20 16:35:35.799 V/Launcher( 6748): is login ----> 
05-20 16:35:35.799 I/System.out( 6748):  
05-20 16:35:35.799 I/System.out( 6748): com.pekall.emdm.launcher.Workspace.setWallpaper(Unknown Source)
05-20 16:35:35.806 I/System.out( 6748): com.pekall.emdm.launcher.Launcher.onResume(Unknown Source)
05-20 16:35:35.806 I/System.out( 6748): android.app.Instrumentation.callActivityOnResume(Instrumentation.java:1192)
05-20 16:35:35.806 I/System.out( 6748): android.app.Activity.performResume(Activity.java:5211)
05-20 16:35:35.806 I/System.out( 6748): android.app.ActivityThread.performResumeActivity(ActivityThread.java:2780)
05-20 16:35:35.806 I/System.out( 6748): android.app.ActivityThread.handleResumeActivity(ActivityThread.java:2819)
05-20 16:35:35.806 I/System.out( 6748): android.app.ActivityThread.handleLaunchActivity(ActivityThread.java:2266)
05-20 16:35:35.806 I/System.out( 6748): android.app.ActivityThread.access$600(ActivityThread.java:141)
05-20 16:35:35.806 I/System.out( 6748): android.app.ActivityThread$H.handleMessage(ActivityThread.java:1256)
05-20 16:35:35.806 I/System.out( 6748): android.os.Handler.dispatchMessage(Handler.java:99)
05-20 16:35:35.806 I/System.out( 6748): android.os.Looper.loop(Looper.java:137)
05-20 16:35:35.806 I/System.out( 6748): android.app.ActivityThread.main(ActivityThread.java:5103)
05-20 16:35:35.806 I/System.out( 6748): java.lang.reflect.Method.invokeNative(Native Method)
05-20 16:35:35.806 I/System.out( 6748): java.lang.reflect.Method.invoke(Method.java:525)
05-20 16:35:35.806 E/QueryController( 6664): Got null root node from accessibility - Retrying...
05-20 16:35:35.814 I/System.out( 6748): com.android.internal.os.ZygoteInit$MethodAndArgsCaller.run(ZygoteInit.java:737)
05-20 16:35:35.814 I/System.out( 6748): com.android.internal.os.ZygoteInit.main(ZygoteInit.java:553)
05-20 16:35:35.814 I/System.out( 6748): dalvik.system.NativeStart.main(Native Method)
05-20 16:35:36.056 E/QueryController( 6664): Got null root node from accessibility - Retrying...
05-20 16:35:36.088 D/dalvikvm( 6748): JIT unchain all for threadid=11
05-20 16:35:36.096 D/dalvikvm( 6748): GC_CONCURRENT freed 3681K, 43% free 20099K/35180K, paused 259ms+259ms, total 569ms
05-20 16:35:36.096 D/dalvikvm( 6748): WAIT_FOR_CONCURRENT_GC blocked 280ms
05-20 16:35:36.189 D/MdmService( 6748): [null:-1]->handleCheckInResult
05-20 16:35:36.197 D/MdmService( 6748): [null:-1]->handleCheckInResult result keyIndex: 3
05-20 16:35:36.197 D/MDM :   ( 6748): [null:-1]->width 104
05-20 16:35:36.197 D/CommandManager( 6748): [null:-1]->execute command: CommandMsg{CommandUUID='94cf7bbd-46a2-4078-bf6c-4c5284ba2b81', Command=CommandObject{RequestType='DeviceInformation'}}
05-20 16:35:36.197 D/MDM :   ( 6748): [null:-1]->height 104
05-20 16:35:36.197 D/MDM :   ( 6748): [null:-1]->scale 1.0
05-20 16:35:36.197 D/MDM :   ( 6748): [null:-1]->tint false
05-20 16:35:36.197 D/MDM :   ( 6748): [null:-1]->width 104
05-20 16:35:36.197 D/MDM :   ( 6748): [null:-1]->height 104
05-20 16:35:36.197 D/MDM :   ( 6748): [null:-1]->scale 1.0
05-20 16:35:36.197 D/MDM :   ( 6748): [null:-1]->tint false
05-20 16:35:36.205 D/MDM :   ( 6748): [null:-1]->width 104
05-20 16:35:36.205 D/MDM :   ( 6748): [null:-1]->height 104
05-20 16:35:36.205 D/MDM :   ( 6748): [null:-1]->scale 1.0
05-20 16:35:36.306 E/QueryController( 6664): Cannot proceed when root node is null. Aborted search
05-20 16:35:36.314 E/QueryController( 6664): Got null root node from accessibility - Retrying...
05-20 16:35:36.455 D/dalvikvm( 6748): JIT unchain all for threadid=11
05-20 16:35:36.463 D/MDM :   ( 6748): [null:-1]->tint false
05-20 16:35:36.463 D/MDM :   ( 6748): [null:-1]->width 104
05-20 16:35:36.463 D/MDM :   ( 6748): [null:-1]->height 104
05-20 16:35:36.471 D/MDM :   ( 6748): [null:-1]->scale 1.0
05-20 16:35:36.471 D/MDM :   ( 6748): [null:-1]->tint false
05-20 16:35:36.564 E/QueryController( 6664): Got null root node from accessibility - Retrying...
05-20 16:35:36.744 D/dalvikvm( 6748): JIT unchain all for threadid=11
05-20 16:35:36.767 D/dalvikvm( 6748): GC_CONCURRENT freed 360K, 34% free 23483K/35180K, paused 259ms+272ms, total 565ms
05-20 16:35:36.767 D/dalvikvm( 6748): WAIT_FOR_CONCURRENT_GC blocked 295ms
05-20 16:35:36.775 D/MDM :   ( 6748): [null:-1]->width 104
05-20 16:35:36.775 D/MDM :   ( 6748): [null:-1]->height 104
05-20 16:35:36.775 D/MDM :   ( 6748): [null:-1]->scale 1.0
05-20 16:35:36.775 D/MDM :   ( 6748): [null:-1]->tint false
05-20 16:35:36.775 D/MDM :   ( 6748): [null:-1]->width 104
05-20 16:35:36.783 D/MDM :   ( 6748): [null:-1]->height 104
05-20 16:35:36.783 D/MDM :   ( 6748): [null:-1]->scale 1.0
05-20 16:35:36.783 D/MDM :   ( 6748): [null:-1]->tint false
05-20 16:35:36.783 D/MDM :   ( 6748): [null:-1]->width 104
05-20 16:35:36.791 D/MDM :   ( 6748): [null:-1]->height 104
05-20 16:35:36.791 D/MDM :   ( 6748): [null:-1]->scale 1.0
05-20 16:35:36.791 D/MDM :   ( 6748): [null:-1]->tint false
05-20 16:35:36.791 D/MDM :   ( 6748): [null:-1]->width 104
05-20 16:35:36.791 D/MDM :   ( 6748): [null:-1]->height 104
05-20 16:35:36.791 D/MDM :   ( 6748): [null:-1]->scale 1.0
05-20 16:35:36.799 D/MDM :   ( 6748): [null:-1]->tint false
05-20 16:35:36.806 D/        ( 6748): [---null: -1---]  xxd111  getPackageName  com.pekall.emdm.launcher
05-20 16:35:36.806 D/        ( 6748): [---null: -1---]  xxd111  getClassName  com.pekall.emdm.document.activity.DocMainActivity
05-20 16:35:36.806 D/        ( 6748): [---null: -1---]  xxd111  info.title  Document Manager ,count is 0
05-20 16:35:36.814 D/        ( 6748): [---null: -1---]  xxd111  getPackageName  com.pekall.emdm.launcher
05-20 16:35:36.814 D/        ( 6748): [---null: -1---]  xxd111  getClassName  com.pekall.emdm.launcher.ui.BackPersonalActivity
05-20 16:35:36.814 E/QueryController( 6664): Got null root node from accessibility - Retrying...
05-20 16:35:36.814 D/        ( 6748): [---null: -1---]  xxd111  info.title  Personal Mode ,count is 0
05-20 16:35:36.814 D/        ( 6748): [---null: -1---]  xxd111  getPackageName  com.pekall.emdm.launcher
