05-20 16:30:28.283 W/MountService(  374): getVolumeState(/mnt/sdcard/external_SD): Unknown volume
05-20 16:30:28.283 W/MountService(  374): getVolumeState(/mnt/sdcard/external_sd): Unknown volume
05-20 16:30:28.650 W/MountService(  374): getVolumeState(/storage/emulated/0/external_sd): Unknown volume
05-20 16:30:28.650 W/MountService(  374): getVolumeState(/mnt/sdcard-ext): Unknown volume
05-20 16:30:28.650 W/MountService(  374): getVolumeState(/mnt/ext_sdcard): Unknown volume
05-20 16:30:28.650 W/MountService(  374): getVolumeState(/mnt/sdcard2): Unknown volume
05-20 16:30:28.658 W/MountService(  374): getVolumeState(/mnt/emmc): Unknown volume
05-20 16:30:28.658 W/MountService(  374): getVolumeState(/mnt/extSdCard): Unknown volume
05-20 16:30:28.658 W/MountService(  374): getVolumeState(/mnt/sdcard/SD_CARD): Unknown volume
05-20 16:30:28.658 W/MountService(  374): getVolumeState(/mnt/sdcard/extra_sd): Unknown volume
05-20 16:30:28.658 W/MountService(  374): getVolumeState(/mnt/extrasd_bind): Unknown volume
05-20 16:30:28.658 W/MountService(  374): getVolumeState(/mnt/sdcard/ext_sd): Unknown volume
05-20 16:30:28.666 W/MountService(  374): getVolumeState(/storage/extSdCard): Unknown volume
05-20 16:30:28.666 W/MountService(  374): getVolumeState(/storage/sdcard1): Unknown volume
05-20 16:30:28.666 W/MountService(  374): getVolumeState(/mnt/sdcard/external_SD): Unknown volume
05-20 16:30:28.666 W/MountService(  374): getVolumeState(/mnt/sdcard/external_sd): Unknown volume
05-20 16:30:33.275 I/ActivityManager(  374): Start proc com.pekall.emdm.launcher:remote for service com.pekall.emdm.launcher/com.baidu.location.f: pid=6579 uid=10066 gids={50066, 1015, 3002, 3001, 3003, 1028}
05-20 16:30:34.197 D/ActivityThread( 6579): Loading provider com.pekall.semail.provider;com.pekall.semail.notifier: com.pekall.semail.provider.EmailProvider
05-20 16:30:34.306 D/ActivityThread( 6579): Loading provider com.pekall.semail.provider;com.pekall.semail.notifier: com.pekall.semail.provider.EmailProvider
05-20 16:30:38.056 W/ActivityManager(  374): Unable to start service Intent { cmp=com.pekall.emdm.launcher/com.pekall.semail.service.AttachmentDownloadService } U=0: not found
05-20 16:30:53.322 W/ActivityManager(  374): Timeout executing service: ServiceRecord{43022348 u0 com.pekall.emdm.launcher/com.baidu.location.f}
05-20 16:30:59.041 E/ActivityManager(  374): ANR in com.pekall.emdm.launcher:remote
05-20 16:30:59.041 E/ActivityManager(  374): Reason: Executing service com.pekall.emdm.launcher/com.baidu.location.f
05-20 16:30:59.041 E/ActivityManager(  374): Load: 3.44 / 2.59 / 2.22
05-20 16:30:59.041 E/ActivityManager(  374): CPU usage from 0ms to 5681ms later:
05-20 16:30:59.041 E/ActivityManager(  374):   84% 5090/com.pekall.emdm.launcher: 84% user + 0% kernel
05-20 16:30:59.041 E/ActivityManager(  374):   78% 6579/com.pekall.emdm.launcher:remote: 77% user + 0.3% kernel / faults: 116 minor
05-20 16:30:59.041 E/ActivityManager(  374):   28% 374/system_server: 22% user + 5.4% kernel / faults: 355 minor
05-20 16:30:59.041 E/ActivityManager(  374):   0.8% 448/com.android.systemui: 0.7% user + 0% kernel / faults: 34 minor
05-20 16:30:59.041 E/ActivityManager(  374):   1.2% 1661/com.qihoo360.mobilesafe:GuardService: 1.2% user + 0% kernel / faults: 141 minor
05-20 16:30:59.041 E/ActivityManager(  374):   0.1% 561/com.android.phone: 0% user + 0% kernel / faults: 30 minor
05-20 16:30:59.041 E/ActivityManager(  374):   0% 568/com.android.nfc: 0% user + 0% kernel / faults: 30 minor
05-20 16:30:59.041 E/ActivityManager(  374):   0.1% 6497/com.qihoo.appstore: 0.1% user + 0% kernel / faults: 26 minor
05-20 16:30:59.041 E/ActivityManager(  374): 100% TOTAL: 96% user + 3.6% kernel
05-20 16:30:59.041 E/ActivityManager(  374): CPU usage from 4882ms to 5421ms later:
05-20 16:30:59.041 E/ActivityManager(  374):   98% 6579/com.pekall.emdm.launcher:remote: 98% user + 0% kernel
05-20 16:30:59.041 E/ActivityManager(  374):     100% 6592/Thread-1821: 100% user + 0% kernel
05-20 16:30:59.041 E/ActivityManager(  374):   94% 5090/com.pekall.emdm.launcher: 94% user + 0% kernel
05-20 16:30:59.041 E/ActivityManager(  374):     94% 5103/Thread-1728: 94% user + 0% kernel
05-20 16:30:59.041 E/ActivityManager(  374):   7.2% 374/system_server: 0% user + 7.2% kernel / faults: 1 minor
05-20 16:30:59.041 E/ActivityManager(  374):     7.2% 390/ActivityManager: 0% user + 7.2% kernel
05-20 16:30:59.041 E/ActivityManager(  374): 100% TOTAL: 97% user + 2.8% kernel
05-20 16:30:59.049 W/ActivityManager(  374): Killing ProcessRecord{426206b8 6579:com.pekall.emdm.launcher:remote/u0a10066}: background ANR
05-20 16:30:59.392 I/ActivityManager(  374): Process com.pekall.emdm.launcher:remote (pid 6579) has died.
05-20 16:30:59.392 W/ActivityManager(  374): Scheduling restart of crashed service com.pekall.emdm.launcher/com.baidu.location.f in 80000ms
05-20 16:31:28.228 W/MountService(  374): getVolumeState(/storage/emulated/0/external_sd): Unknown volume
05-20 16:31:28.228 W/MountService(  374): getVolumeState(/mnt/sdcard-ext): Unknown volume
05-20 16:31:28.228 W/MountService(  374): getVolumeState(/mnt/ext_sdcard): Unknown volume
05-20 16:31:28.228 W/MountService(  374): getVolumeState(/mnt/sdcard2): Unknown volume
05-20 16:31:28.228 W/MountService(  374): getVolumeState(/mnt/emmc): Unknown volume
05-20 16:31:28.236 W/MountService(  374): getVolumeState(/mnt/extSdCard): Unknown volume
05-20 16:31:28.236 W/MountService(  374): getVolumeState(/mnt/sdcard/SD_CARD): Unknown volume
05-20 16:31:28.236 W/MountService(  374): getVolumeState(/mnt/sdcard/extra_sd): Unknown volume
05-20 16:31:28.236 W/MountService(  374): getVolumeState(/mnt/extrasd_bind): Unknown volume
05-20 16:31:28.236 W/MountService(  374): getVolumeState(/mnt/sdcard/ext_sd): Unknown volume
05-20 16:31:28.236 W/MountService(  374): getVolumeState(/storage/extSdCard): Unknown volume
05-20 16:31:28.236 W/MountService(  374): getVolumeState(/storage/sdcard1): Unknown volume
05-20 16:31:28.244 W/MountService(  374): getVolumeState(/mnt/sdcard/external_SD): Unknown volume
05-20 16:31:28.244 W/MountService(  374): getVolumeState(/mnt/sdcard/external_sd): Unknown volume
05-20 16:31:28.572 W/MountService(  374): getVolumeState(/storage/emulated/0/external_sd): Unknown volume
05-20 16:31:28.572 W/MountService(  374): getVolumeState(/mnt/sdcard-ext): Unknown volume
05-20 16:31:28.572 W/MountService(  374): getVolumeState(/mnt/ext_sdcard): Unknown volume
05-20 16:31:28.572 W/MountService(  374): getVolumeState(/mnt/sdcard2): Unknown volume
05-20 16:31:28.572 W/MountService(  374): getVolumeState(/mnt/emmc): Unknown volume
05-20 16:31:28.572 W/MountService(  374): getVolumeState(/mnt/extSdCard): Unknown volume
05-20 16:31:28.572 W/MountService(  374): getVolumeState(/mnt/sdcard/SD_CARD): Unknown volume
05-20 16:31:28.580 W/MountService(  374): getVolumeState(/mnt/sdcard/extra_sd): Unknown volume
05-20 16:31:28.580 W/MountService(  374): getVolumeState(/mnt/extrasd_bind): Unknown volume
05-20 16:31:28.580 W/MountService(  374): getVolumeState(/mnt/sdcard/ext_sd): Unknown volume
05-20 16:31:28.580 W/MountService(  374): getVolumeState(/storage/extSdCard): Unknown volume
05-20 16:31:28.580 W/MountService(  374): getVolumeState(/storage/sdcard1): Unknown volume
05-20 16:31:28.580 W/MountService(  374): getVolumeState(/mnt/sdcard/external_SD): Unknown volume
05-20 16:31:28.580 W/MountService(  374): getVolumeState(/mnt/sdcard/external_sd): Unknown volume
05-20 16:32:19.439 I/ActivityManager(  374): Start proc com.pekall.emdm.launcher:remote for service com.pekall.emdm.launcher/com.baidu.location.f: pid=6617 uid=10066 gids={50066, 1015, 3002, 3001, 3003, 1028}
05-20 16:32:19.799 D/ActivityThread( 6617): Loading provider com.pekall.semail.provider;com.pekall.semail.notifier: com.pekall.semail.provider.EmailProvider
05-20 16:32:19.799 D/ActivityThread( 6617): Loading provider com.pekall.semail.provider;com.pekall.semail.notifier: com.pekall.semail.provider.EmailProvider
05-20 16:32:22.041 W/ActivityManager(  374): Unable to start service Intent { cmp=com.pekall.emdm.launcher/com.pekall.semail.service.AttachmentDownloadService } U=0: not found
05-20 16:32:28.392 W/MountService(  374): getVolumeState(/storage/emulated/0/external_sd): Unknown volume
05-20 16:32:28.486 W/MountService(  374): getVolumeState(/mnt/sdcard-ext): Unknown volume
05-20 16:32:28.486 W/MountService(  374): getVolumeState(/mnt/ext_sdcard): Unknown volume
05-20 16:32:28.502 W/MountService(  374): getVolumeState(/mnt/sdcard2): Unknown volume
05-20 16:32:28.510 W/MountService(  374): getVolumeState(/mnt/emmc): Unknown volume
05-20 16:32:28.510 W/MountService(  374): getVolumeState(/mnt/extSdCard): Unknown volume
05-20 16:32:28.556 W/MountService(  374): getVolumeState(/mnt/sdcard/SD_CARD): Unknown volume
05-20 16:32:28.572 W/MountService(  374): getVolumeState(/mnt/sdcard/extra_sd): Unknown volume
05-20 16:32:28.619 W/MountService(  374): getVolumeState(/mnt/extrasd_bind): Unknown volume
05-20 16:32:28.627 W/MountService(  374): getVolumeState(/mnt/sdcard/ext_sd): Unknown volume
05-20 16:32:28.642 W/MountService(  374): getVolumeState(/storage/extSdCard): Unknown volume
05-20 16:32:28.642 W/MountService(  374): getVolumeState(/storage/sdcard1): Unknown volume
05-20 16:32:28.658 W/MountService(  374): getVolumeState(/mnt/sdcard/external_SD): Unknown volume
05-20 16:32:28.658 W/MountService(  374): getVolumeState(/mnt/sdcard/external_sd): Unknown volume
05-20 16:32:32.650 W/MountService(  374): getVolumeState(/storage/emulated/0/external_sd): Unknown volume
05-20 16:32:32.697 W/MountService(  374): getVolumeState(/mnt/sdcard-ext): Unknown volume
05-20 16:32:32.697 W/MountService(  374): getVolumeState(/mnt/ext_sdcard): Unknown volume
05-20 16:32:32.697 W/MountService(  374): getVolumeState(/mnt/sdcard2): Unknown volume
05-20 16:32:32.728 W/MountService(  374): getVolumeState(/mnt/emmc): Unknown volume
05-20 16:32:32.728 W/MountService(  374): getVolumeState(/mnt/extSdCard): Unknown volume
05-20 16:32:32.744 W/MountService(  374): getVolumeState(/mnt/sdcard/SD_CARD): Unknown volume
05-20 16:32:32.760 W/MountService(  374): getVolumeState(/mnt/sdcard/extra_sd): Unknown volume
05-20 16:32:32.775 W/MountService(  374): getVolumeState(/mnt/extrasd_bind): Unknown volume
05-20 16:32:32.783 W/MountService(  374): getVolumeState(/mnt/sdcard/ext_sd): Unknown volume
05-20 16:32:32.814 W/MountService(  374): getVolumeState(/storage/extSdCard): Unknown volume
05-20 16:32:32.822 W/MountService(  374): getVolumeState(/storage/sdcard1): Unknown volume
05-20 16:32:32.838 W/MountService(  374): getVolumeState(/mnt/sdcard/external_SD): Unknown volume
05-20 16:32:32.869 W/MountService(  374): getVolumeState(/mnt/sdcard/external_sd): Unknown volume
05-20 16:32:39.478 W/ActivityManager(  374): Timeout executing service: ServiceRecord{43022348 u0 com.pekall.emdm.launcher/com.baidu.location.f}
05-20 16:32:47.322 E/ActivityManager(  374): ANR in com.pekall.emdm.launcher:remote
05-20 16:32:47.322 E/ActivityManager(  374): Reason: Executing service com.pekall.emdm.launcher/com.baidu.location.f
05-20 16:32:47.322 E/ActivityManager(  374): Load: 2.34 / 2.35 / 2.17
05-20 16:32:47.322 E/ActivityManager(  374): CPU usage from 0ms to 7818ms later:
05-20 16:32:47.322 E/ActivityManager(  374):   86% 6617/com.pekall.emdm.launcher:remote: 85% user + 0.1% kernel / faults: 115 minor
05-20 16:32:47.322 E/ActivityManager(  374):   82% 5090/com.pekall.emdm.launcher: 82% user + 0% kernel
05-20 16:32:47.322 E/ActivityManager(  374):   20% 374/system_server: 16% user + 4.6% kernel / faults: 346 minor
05-20 16:32:47.322 E/ActivityManager(  374):   0.6% 448/com.android.systemui: 0.6% user + 0% kernel / faults: 25 minor
05-20 16:32:47.322 E/ActivityManager(  374):   0.6% 561/com.android.phone: 0.6% user + 0% kernel / faults: 30 minor
05-20 16:32:47.322 E/ActivityManager(  374):   0% 568/com.android.nfc: 0% user + 0% kernel / faults: 28 minor
05-20 16:32:47.322 E/ActivityManager(  374):   0.2% 6497/com.qihoo.appstore: 0.1% user + 0.1% kernel / faults: 4 minor
05-20 16:32:47.322 E/ActivityManager(  374):   0% 2252/com.tencent.android.qqdownloader:connect: 0% user + 0% kernel / faults: 6 minor
05-20 16:32:47.322 E/ActivityManager(  374): 97% TOTAL: 94% user + 2.8% kernel
05-20 16:32:47.322 E/ActivityManager(  374): CPU usage from 7018ms to 7557ms later:
05-20 16:32:47.322 E/ActivityManager(  374):   67% 6617/com.pekall.emdm.launcher:remote: 67% user + 0% kernel
05-20 16:32:47.322 E/ActivityManager(  374):     67% 6630/Thread-1824: 67% user + 0% kernel
05-20 16:32:47.322 E/ActivityManager(  374):   61% 5090/com.pekall.emdm.launcher: 61% user + 0% kernel
05-20 16:32:47.322 E/ActivityManager(  374):     63% 5103/Thread-1728: 63% user + 0% kernel
05-20 16:32:47.322 E/ActivityManager(  374):   7.4% 374/system_server: 1.8% user + 5.5% kernel
05-20 16:32:47.322 E/ActivityManager(  374):     5.5% 390/ActivityManager: 1.8% user + 3.7% kernel
05-20 16:32:47.322 E/ActivityManager(  374): 67% TOTAL: 64% user + 2.7% kernel
05-20 16:32:47.346 W/ActivityManager(  374): Killing ProcessRecord{426c7450 6617:com.pekall.emdm.launcher:remote/u0a10066}: background ANR
05-20 16:32:47.471 I/ActivityManager(  374): Process com.pekall.emdm.launcher:remote (pid 6617) has died.
05-20 16:32:47.471 W/ActivityManager(  374): Scheduling restart of crashed service com.pekall.emdm.launcher/com.baidu.location.f in 320000ms
05-20 16:32:59.994 I/ActivityManager(  374): No longer want com.qihoo360.mobilesafe:remote (pid 5128): empty for 1803s
05-20 16:33:28.236 W/MountService(  374): getVolumeState(/storage/emulated/0/external_sd): Unknown volume
05-20 16:33:28.236 W/MountService(  374): getVolumeState(/mnt/sdcard-ext): Unknown volume
05-20 16:33:28.236 W/MountService(  374): getVolumeState(/mnt/ext_sdcard): Unknown volume
05-20 16:33:28.236 W/MountService(  374): getVolumeState(/mnt/sdcard2): Unknown volume
05-20 16:33:28.236 W/MountService(  374): getVolumeState(/mnt/emmc): Unknown volume
05-20 16:33:28.244 W/MountService(  374): getVolumeState(/mnt/extSdCard): Unknown volume
05-20 16:33:28.244 W/MountService(  374): getVolumeState(/mnt/sdcard/SD_CARD): Unknown volume
05-20 16:33:28.244 W/MountService(  374): getVolumeState(/mnt/sdcard/extra_sd): Unknown volume
05-20 16:33:28.244 W/MountService(  374): getVolumeState(/mnt/extrasd_bind): Unknown volume
05-20 16:33:28.244 W/MountService(  374): getVolumeState(/mnt/sdcard/ext_sd): Unknown volume
05-20 16:33:28.244 W/MountService(  374): getVolumeState(/storage/extSdCard): Unknown volume
05-20 16:33:28.244 W/MountService(  374): getVolumeState(/storage/sdcard1): Unknown volume
05-20 16:33:28.244 W/MountService(  374): getVolumeState(/mnt/sdcard/external_SD): Unknown volume
05-20 16:33:28.252 W/MountService(  374): getVolumeState(/mnt/sdcard/external_sd): Unknown volume
05-20 16:33:28.572 W/MountService(  374): getVolumeState(/storage/emulated/0/external_sd): Unknown volume
05-20 16:33:28.580 W/MountService(  374): getVolumeState(/mnt/sdcard-ext): Unknown volume
05-20 16:33:28.580 W/MountService(  374): getVolumeState(/mnt/ext_sdcard): Unknown volume
05-20 16:33:28.580 W/MountService(  374): getVolumeState(/mnt/sdcard2): Unknown volume
05-20 16:33:28.580 W/MountService(  374): getVolumeState(/mnt/emmc): Unknown volume
05-20 16:33:28.580 W/MountService(  374): getVolumeState(/mnt/extSdCard): Unknown volume
05-20 16:33:28.580 W/MountService(  374): getVolumeState(/mnt/sdcard/SD_CARD): Unknown volume
05-20 16:33:28.580 W/MountService(  374): getVolumeState(/mnt/sdcard/extra_sd): Unknown volume
05-20 16:33:28.580 W/MountService(  374): getVolumeState(/mnt/extrasd_bind): Unknown volume
05-20 16:33:28.580 W/MountService(  374): getVolumeState(/mnt/sdcard/ext_sd): Unknown volume
05-20 16:33:28.580 W/MountService(  374): getVolumeState(/storage/extSdCard): Unknown volume
05-20 16:33:28.580 W/MountService(  374): getVolumeState(/storage/sdcard1): Unknown volume
05-20 16:33:28.580 W/MountService(  374): getVolumeState(/mnt/sdcard/external_SD): Unknown volume
05-20 16:33:28.588 W/MountService(  374): getVolumeState(/mnt/sdcard/external_sd): Unknown volume
05-20 16:34:10.752 I/PowerManagerService(  374): Waking up from sleep...
05-20 16:34:10.799 I/WindowManager(  374): Lock screen displayed!
05-20 16:34:12.064 D/PhoneStatusBar(  448): disable: < expand icons alerts ticker system_info BACK HOME recent* CLOCK search* >
05-20 16:34:12.127 D/PhoneStatusBar(  448): disable: < expand icons alerts ticker system_info back* home* recent clock* search >
05-20 16:34:12.236 W/InputMethodManagerService(  374): Window already focused, ignoring focus gain of: com.android.internal.view.IInputMethodClient$Stub$Proxy@426c9700 attribute=android.view.inputmethod.EditorInfo@42d21118, token = android.os.BinderProxy@42a03f38
05-20 16:34:13.236 I/ActivityManager(  374): START u0 {flg=0x10000000 cmp=com.pekall.emdm.launcher/.ui.BackPersonalActivity} from pid 5090
05-20 16:34:13.291 I/ActivityManager(  374): START u0 {act=android.intent.action.VIEW flg=0x10200000 cmp=com.android.launcher/com.android.launcher2.Launcher} from pid 5090
05-20 16:34:20.486 I/ActivityManager(  374): START u0 {act=android.intent.action.MAIN cat=[android.intent.category.LAUNCHER] flg=0x10200000 cmp=com.android.settings/.Settings} from pid 576
05-20 16:34:20.666 I/ActivityManager(  374): Start proc com.android.settings for activity com.android.settings/.Settings: pid=6694 uid=1000 gids={41000, 1015, 1028, 3002, 3001, 3003, 3007}
05-20 16:34:20.916 W/ContextImpl( 6694): Calling a method in the system process without a qualified user: android.app.ContextImpl.bindService:1439 android.content.ContextWrapper.bindService:496 android.bluetooth.BluetoothInputDevice.<init>:240 android.bluetooth.BluetoothAdapter.getProfileProxy:1168 com.android.settings.bluetooth.LocalBluetoothAdapter.getProfileProxy:94 
05-20 16:34:20.916 W/ContextImpl( 6694): Calling a method in the system process without a qualified user: android.app.ContextImpl.bindService:1439 android.content.ContextWrapper.bindService:496 android.bluetooth.BluetoothPan.<init>:141 android.bluetooth.BluetoothAdapter.getProfileProxy:1171 com.android.settings.bluetooth.PanProfile.<init>:73 
05-20 16:34:20.924 W/ContextImpl( 6694): Calling a method in the system process without a qualified user: android.app.ContextImpl.bindService:1439 android.content.ContextWrapper.bindService:496 android.bluetooth.BluetoothPbap.<init>:161 com.android.settings.bluetooth.PbapServerProfile.<init>:68 com.android.settings.bluetooth.LocalBluetoothProfileManager.<init>:124 
05-20 16:34:21.096 D/WifiService(  374): setWifiEnabled: true pid=6694, uid=1000
05-20 16:34:24.705 I/ActivityManager(  374): START u0 {act=android.intent.action.MAIN cmp=com.android.settings/.SubSettings (has extras)} from pid 6694
05-20 16:34:25.963 I/ActivityManager(  374): START u0 {act=android.intent.action.MAIN cmp=com.android.settings/.SubSettings (has extras)} from pid 6694
05-20 16:34:27.244 I/ActivityManager(  374): START u0 {cmp=com.android.settings/.DeviceAdminAdd (has extras)} from pid 6694
05-20 16:34:28.260 W/MountService(  374): getVolumeState(/storage/emulated/0/external_sd): Unknown volume
05-20 16:34:28.260 W/MountService(  374): getVolumeState(/mnt/sdcard-ext): Unknown volume
05-20 16:34:28.260 W/MountService(  374): getVolumeState(/mnt/ext_sdcard): Unknown volume
05-20 16:34:28.260 W/MountService(  374): getVolumeState(/mnt/sdcard2): Unknown volume
05-20 16:34:28.260 W/MountService(  374): getVolumeState(/mnt/emmc): Unknown volume
05-20 16:34:28.260 W/MountService(  374): getVolumeState(/mnt/extSdCard): Unknown volume
05-20 16:34:28.260 W/MountService(  374): getVolumeState(/mnt/sdcard/SD_CARD): Unknown volume
05-20 16:34:28.260 W/MountService(  374): getVolumeState(/mnt/sdcard/extra_sd): Unknown volume
05-20 16:34:28.267 W/MountService(  374): getVolumeState(/mnt/extrasd_bind): Unknown volume
05-20 16:34:28.267 W/MountService(  374): getVolumeState(/mnt/sdcard/ext_sd): Unknown volume
05-20 16:34:28.267 W/MountService(  374): getVolumeState(/storage/extSdCard): Unknown volume
05-20 16:34:28.267 W/MountService(  374): getVolumeState(/storage/sdcard1): Unknown volume
05-20 16:34:28.267 W/MountService(  374): getVolumeState(/mnt/sdcard/external_SD): Unknown volume
05-20 16:34:28.275 W/MountService(  374): getVolumeState(/mnt/sdcard/external_sd): Unknown volume
05-20 16:34:28.596 I/ActivityManager(  374): START u0 {flg=0x10000000 cmp=com.pekall.emdm.launcher/com.pekall.emdm.ui.ActiveDeviceAdminActivity} from pid 5090
05-20 16:34:28.736 W/InputMethodManagerService(  374): Focus gain on non-focused client com.android.internal.view.IInputMethodClient$Stub$Proxy@426f7400 (uid=1000 pid=6694)
05-20 16:34:28.806 W/MountService(  374): getVolumeState(/storage/emulated/0/external_sd): Unknown volume
05-20 16:34:28.806 W/MountService(  374): getVolumeState(/mnt/sdcard-ext): Unknown volume
05-20 16:34:28.806 W/MountService(  374): getVolumeState(/mnt/ext_sdcard): Unknown volume
05-20 16:34:28.814 W/MountService(  374): getVolumeState(/mnt/sdcard2): Unknown volume
05-20 16:34:28.814 W/MountService(  374): getVolumeState(/mnt/emmc): Unknown volume
05-20 16:34:28.814 W/MountService(  374): getVolumeState(/mnt/extSdCard): Unknown volume
05-20 16:34:28.814 W/MountService(  374): getVolumeState(/mnt/sdcard/SD_CARD): Unknown volume
05-20 16:34:28.822 W/MountService(  374): getVolumeState(/mnt/sdcard/extra_sd): Unknown volume
05-20 16:34:28.822 W/MountService(  374): getVolumeState(/mnt/extrasd_bind): Unknown volume
05-20 16:34:28.822 W/MountService(  374): getVolumeState(/mnt/sdcard/ext_sd): Unknown volume
05-20 16:34:28.822 W/MountService(  374): getVolumeState(/storage/extSdCard): Unknown volume
05-20 16:34:28.822 W/MountService(  374): getVolumeState(/storage/sdcard1): Unknown volume
05-20 16:34:28.822 W/MountService(  374): getVolumeState(/mnt/sdcard/external_SD): Unknown volume
05-20 16:34:28.822 W/MountService(  374): getVolumeState(/mnt/sdcard/external_sd): Unknown volume
05-20 16:34:29.791 I/ActivityManager(  374): START u0 {act=launcher.action.to.personal cmp=com.pekall.emdm.launcher/.ui.BackPersonalActivity} from pid 5090
05-20 16:34:29.955 I/ActivityManager(  374): START u0 {act=android.intent.action.VIEW flg=0x10200000 cmp=com.android.launcher/com.android.launcher2.Launcher} from pid 5090
05-20 16:34:34.541 I/ActivityManager(  374): START u0 {act=android.intent.action.MAIN cat=[android.intent.category.LAUNCHER] flg=0x10200000 cmp=com.android.settings/.Settings} from pid 576
05-20 16:34:36.400 I/ActivityManager(  374): START u0 {act=android.intent.action.MAIN cmp=com.android.settings/.SubSettings (has extras)} from pid 6694
05-20 16:34:36.572 W/ContextImpl( 6694): Calling a method in the system process without a qualified user: android.app.ContextImpl.bindService:1439 android.content.ContextWrapper.bindService:496 com.android.settings.applications.ManageApplications.onCreate:861 android.app.Fragment.performCreate:1673 android.app.FragmentManagerImpl.moveToState:854 
05-20 16:34:40.439 I/ActivityManager(  374): START u0 {act=android.intent.action.MAIN cmp=com.android.settings/.SubSettings (has extras)} from pid 6694
05-20 16:34:46.439 I/ActivityManager(  374): Force stopping package com.pekall.emdm.launcher appid=10066 user=0
05-20 16:34:46.439 I/ActivityManager(  374): Killing proc 5090:com.pekall.emdm.launcher/u0a10066: force stop com.pekall.emdm.launcher
05-20 16:34:46.439 W/ActivityManager(  374): Scheduling restart of crashed service com.pekall.emdm.launcher/com.pekall.emdm.contacts.service.PhoneService in 5000ms
05-20 16:34:46.439 W/ActivityManager(  374): Scheduling restart of crashed service com.pekall.emdm.launcher/com.pekall.emdm.MdmService in 15000ms
05-20 16:34:46.439 W/ActivityManager(  374): Scheduling restart of crashed service com.pekall.emdm.launcher/com.pekall.emailcommon.accountprovision.AccountProvisionService in 25000ms
05-20 16:34:46.439 I/ActivityManager(  374):   Force finishing activity ActivityRecord{427c83e8 u0 com.pekall.emdm.launcher/.Launcher}
05-20 16:34:46.439 I/ActivityManager(  374):   Force stopping service ServiceRecord{42d88a78 u0 com.pekall.emdm.launcher/com.pekall.emdm.contacts.service.PhoneService}
05-20 16:34:46.439 I/ActivityManager(  374):   Force stopping service ServiceRecord{43062fe0 u0 com.pekall.emdm.launcher/com.pekall.emdm.MdmService}
05-20 16:34:46.439 I/ActivityManager(  374):   Force stopping service ServiceRecord{42a467e8 u0 com.pekall.emdm.launcher/com.pekall.emailcommon.accountprovision.AccountProvisionService}
05-20 16:34:46.494 I/WindowState(  374): WIN DEATH: Window{42d342a8 u0 com.pekall.emdm.launcher/com.pekall.emdm.launcher.Launcher}
05-20 16:34:46.728 W/InputMethodManagerService(  374): Window already focused, ignoring focus gain of: com.android.internal.view.IInputMethodClient$Stub$Proxy@42330e30 attribute=null, token = android.os.BinderProxy@425d1338
05-20 16:34:58.127 I/ActivityManager(  374): START u0 {act=android.intent.action.MAIN cat=[android.intent.category.LAUNCHER] flg=0x10200000 cmp=com.pekall.emdm.launcher/.Launcher} from pid 576
05-20 16:34:58.306 I/ActivityManager(  374): Start proc com.pekall.emdm.launcher for activity com.pekall.emdm.launcher/.Launcher: pid=6748 uid=10066 gids={50066, 1015, 3002, 3001, 3003, 1028}
--------- beginning of /dev/log/main
05-20 16:34:59.338 D/        ( 6748): [---null: -1---]     awsa  onActivityResumed
05-20 16:34:59.338 V/LauncherApplication( 6748): 2MdmConstant.LAST_LAUNCH_TIME = 0
05-20 16:34:59.338 D/        ( 6748): [---null: -1---]  activity = com.pekall.emdm.launcher.Launcher
05-20 16:34:59.338 V/LauncherApplication( 6748): is not regist
05-20 16:34:59.338 W/Parcel  ( 1661): Attempt to read object from Parcel 0x6003bdac at offset 200 that is not in the object list
05-20 16:34:59.346 I/ActivityManager(  374): START u0 {cmp=com.pekall.emdm.launcher/com.pekall.emdm.ui.SplashActivity} from pid 6748
05-20 16:34:59.353 W/WindowManager(  374): Token{428c6ef8 ActivityRecord{42697a20 u0 com.pekall.emdm.launcher/com.pekall.emdm.ui.SplashActivity}} failed creating starting window
05-20 16:34:59.353 W/WindowManager(  374): android.view.InflateException: Binary XML file line #34: Error inflating class <unknown>
05-20 16:34:59.353 W/WindowManager(  374): 	at android.view.LayoutInflater.createView(LayoutInflater.java:620)
05-20 16:34:59.353 W/WindowManager(  374): 	at com.android.internal.policy.impl.PhoneLayoutInflater.onCreateView(PhoneLayoutInflater.java:56)
05-20 16:34:59.353 W/WindowManager(  374): 	at android.view.LayoutInflater.onCreateView(LayoutInflater.java:669)
05-20 16:34:59.353 W/WindowManager(  374): 	at android.view.LayoutInflater.createViewFromTag(LayoutInflater.java:694)
05-20 16:34:59.353 W/WindowManager(  374): 	at android.view.LayoutInflater.rInflate(LayoutInflater.java:755)
05-20 16:34:59.353 W/WindowManager(  374): 	at android.view.LayoutInflater.inflate(LayoutInflater.java:492)
05-20 16:34:59.353 W/WindowManager(  374): 	at android.view.LayoutInflater.inflate(LayoutInflater.java:397)
05-20 16:34:59.353 W/WindowManager(  374): 	at android.view.LayoutInflater.inflate(LayoutInflater.java:353)
05-20 16:34:59.353 W/WindowManager(  374): 	at com.android.internal.policy.impl.PhoneWindow.generateLayout(PhoneWindow.java:2823)
05-20 16:34:59.353 W/WindowManager(  374): 	at com.android.internal.policy.impl.PhoneWindow.installDecor(PhoneWindow.java:2886)
05-20 16:34:59.353 W/WindowManager(  374): 	at com.android.internal.policy.impl.PhoneWindow.getDecorView(PhoneWindow.java:1581)
05-20 16:34:59.353 W/WindowManager(  374): 	at com.android.internal.policy.impl.PhoneWindowManager.addStartingWindow(PhoneWindowManager.java:1618)
05-20 16:34:59.353 W/WindowManager(  374): 	at com.android.server.wm.WindowManagerService$H.handleMessage(WindowManagerService.java:6908)
05-20 16:34:59.353 W/WindowManager(  374): 	at android.os.Handler.dispatchMessage(Handler.java:99)
05-20 16:34:59.353 W/WindowManager(  374): 	at android.os.Looper.loop(Looper.java:137)
05-20 16:34:59.353 W/WindowManager(  374): 	at android.os.HandlerThread.run(HandlerThread.java:61)
05-20 16:34:59.353 W/WindowManager(  374): Caused by: java.lang.reflect.InvocationTargetException
05-20 16:34:59.353 W/WindowManager(  374): 	at java.lang.reflect.Constructor.constructNative(Native Method)
05-20 16:34:59.353 W/WindowManager(  374): 	at java.lang.reflect.Constructor.newInstance(Constructor.java:417)
05-20 16:34:59.353 W/WindowManager(  374): 	at android.view.LayoutInflater.createView(LayoutInflater.java:594)
05-20 16:34:59.353 W/WindowManager(  374): 	... 15 more
05-20 16:34:59.353 W/WindowManager(  374): Caused by: android.content.res.Resources$NotFoundException: Resource is not a Drawable (color or path): TypedValue{t=0x2/d=0x1010059 a=-1}
05-20 16:34:59.353 W/WindowManager(  374): 	at android.content.res.Resources.loadDrawable(Resources.java:2063)
05-20 16:34:59.353 W/WindowManager(  374): 	at android.content.res.TypedArray.getDrawable(TypedArray.java:601)
05-20 16:34:59.353 W/WindowManager(  374): 	at android.widget.FrameLayout.<init>(FrameLayout.java:109)
05-20 16:34:59.353 W/WindowManager(  374): 	at android.widget.FrameLayout.<init>(FrameLayout.java:97)
05-20 16:34:59.353 W/WindowManager(  374): 	... 18 more
05-20 16:34:59.361 E/LauncherApplication( 6748): isShowLogoutUI = true
05-20 16:34:59.361 E/LauncherApplication( 6748): LogoutShowTime 1
05-20 16:34:59.361 V/Launcher( 6748): onResume1111111 
05-20 16:34:59.361 V/Launcher( 6748): is logout ----> 
05-20 16:34:59.392 D/dalvikvm( 6748): GC_FOR_ALLOC freed 81K, 4% free 13277K/13728K, paused 32ms, total 32ms
05-20 16:34:59.400 I/dalvikvm-heap( 6748): Grow heap (frag case) to 16.259MB for 3415696-byte allocation
05-20 16:34:59.431 D/dalvikvm( 6748): GC_FOR_ALLOC freed 1K, 3% free 16612K/17064K, paused 24ms, total 24ms
05-20 16:34:59.447 D/dalvikvm( 6748): GC_CONCURRENT freed 8K, 3% free 16604K/17064K, paused 3ms+2ms, total 20ms
05-20 16:34:59.463 D/LauncherProvider( 6748): creating new launcher database
05-20 16:34:59.463 D/LauncherProvider( 6748): converting database from an older format, but not onUpgrade
05-20 16:34:59.564 I/System.out( 6748):  
05-20 16:34:59.564 I/System.out( 6748): com.pekall.emdm.launcher.Workspace.setWallpaper(Unknown Source)
05-20 16:34:59.564 I/System.out( 6748): com.pekall.emdm.launcher.Launcher.onResume(Unknown Source)
05-20 16:34:59.564 I/System.out( 6748): android.app.Instrumentation.callActivityOnResume(Instrumentation.java:1192)
05-20 16:34:59.564 I/System.out( 6748): android.app.Activity.performResume(Activity.java:5211)
05-20 16:34:59.564 I/System.out( 6748): android.app.ActivityThread.performResumeActivity(ActivityThread.java:2780)
05-20 16:34:59.564 I/System.out( 6748): android.app.ActivityThread.handleResumeActivity(ActivityThread.java:2819)
05-20 16:34:59.564 I/System.out( 6748): android.app.ActivityThread.handleLaunchActivity(ActivityThread.java:2266)
05-20 16:34:59.564 I/System.out( 6748): android.app.ActivityThread.access$600(ActivityThread.java:141)
05-20 16:34:59.564 I/System.out( 6748): android.app.ActivityThread$H.handleMessage(ActivityThread.java:1256)
05-20 16:34:59.564 I/System.out( 6748): android.os.Handler.dispatchMessage(Handler.java:99)
05-20 16:34:59.564 I/System.out( 6748): android.os.Looper.loop(Looper.java:137)
05-20 16:34:59.564 I/System.out( 6748): android.app.ActivityThread.main(ActivityThread.java:5103)
05-20 16:34:59.564 I/System.out( 6748): java.lang.reflect.Method.invokeNative(Native Method)
05-20 16:34:59.564 I/System.out( 6748): java.lang.reflect.Method.invoke(Method.java:525)
05-20 16:34:59.564 I/System.out( 6748): com.android.internal.os.ZygoteInit$MethodAndArgsCaller.run(ZygoteInit.java:737)
05-20 16:34:59.564 I/System.out( 6748): com.android.internal.os.ZygoteInit.main(ZygoteInit.java:553)
05-20 16:34:59.564 I/System.out( 6748): dalvik.system.NativeStart.main(Native Method)
05-20 16:34:59.588 D/dalvikvm( 6748): GC_FOR_ALLOC freed 3400K, 22% free 13333K/17064K, paused 17ms, total 17ms
05-20 16:34:59.588 I/dalvikvm-heap( 6748): Grow heap (frag case) to 16.314MB for 3415696-byte allocation
05-20 16:34:59.619 D/dalvikvm( 6748): GC_FOR_ALLOC freed <1K, 3% free 16668K/17064K, paused 28ms, total 28ms
05-20 16:34:59.619 D/MDM :   ( 6748): [null:-1]->icon instanceof BitmapDrawable
05-20 16:34:59.619 D/MDM :   ( 6748): [null:-1]->  iconWidth 96
05-20 16:34:59.619 D/MDM :   ( 6748): [null:-1]->  iconHeight 96
05-20 16:34:59.619 D/MDM :   ( 6748): [null:-1]->  107 96
05-20 16:34:59.619 D/        ( 6748): [---null: -1---]  xxd  getPackageName  com.pekall.emdm.launcher
05-20 16:34:59.619 D/        ( 6748): [---null: -1---]  xxd  getClassName  com.pekall.emdm.launcher.CustomShirtcutActivity
05-20 16:34:59.635 D/        ( 6748): [---null: -1---]  xxd info.title: Custom shortcut
05-20 16:34:59.642 D/MDM :   ( 6748): [null:-1]->icon instanceof BitmapDrawable
05-20 16:34:59.642 D/MDM :   ( 6748): [null:-1]->  iconWidth 104
05-20 16:34:59.642 D/MDM :   ( 6748): [null:-1]->  iconHeight 104
05-20 16:34:59.642 D/MDM :   ( 6748): [null:-1]->  107 104
05-20 16:34:59.642 D/        ( 6748): [---null: -1---]  xxd  getPackageName  com.pekall.emdm.launcher
05-20 16:34:59.642 D/        ( 6748): [---null: -1---]  xxd  getClassName  com.pekall.emdm.contacts.activities.DialtactsActivity
05-20 16:34:59.650 D/        ( 6748): [---null: -1---]  xxd info.title: Phone
05-20 16:34:59.658 D/MDM :   ( 6748): [null:-1]->icon instanceof BitmapDrawable
05-20 16:34:59.658 D/MDM :   ( 6748): [null:-1]->  iconWidth 104
05-20 16:34:59.658 D/MDM :   ( 6748): [null:-1]->  iconHeight 104
05-20 16:34:59.658 D/MDM :   ( 6748): [null:-1]->  107 104
05-20 16:34:59.658 D/        ( 6748): [---null: -1---]  xxd  getPackageName  com.pekall.emdm.launcher
05-20 16:34:59.658 D/        ( 6748): [---null: -1---]  xxd  getClassName  com.pekall.emdm.messagecenter.activity.MessageMainActivity
05-20 16:34:59.658 D/        ( 6748): [---null: -1---]  xxd info.title: Message Center
05-20 16:34:59.674 D/dalvikvm( 6748): GC_CONCURRENT freed 222K, 3% free 16764K/17108K, paused 17ms+8ms, total 50ms
05-20 16:34:59.674 D/MDM :   ( 6748): [null:-1]->icon instanceof BitmapDrawable
05-20 16:34:59.681 D/MDM :   ( 6748): [null:-1]->  iconWidth 104
05-20 16:34:59.681 D/MDM :   ( 6748): [null:-1]->  iconHeight 104
05-20 16:34:59.681 D/MDM :   ( 6748): [null:-1]->  107 104
05-20 16:34:59.681 D/        ( 6748): [---null: -1---]  xxd  getPackageName  com.pekall.emdm.launcher
05-20 16:34:59.681 D/        ( 6748): [---null: -1---]  xxd  getClassName  com.pekall.emdm.document.activity.DocMainActivity
05-20 16:34:59.681 D/        ( 6748): [---null: -1---]  xxd info.title: Document Manager
05-20 16:34:59.681 D/MDM :   ( 6748): [null:-1]->icon instanceof BitmapDrawable
05-20 16:34:59.689 D/MDM :   ( 6748): [null:-1]->  iconWidth 104
05-20 16:34:59.689 D/MDM :   ( 6748): [null:-1]->  iconHeight 104
05-20 16:34:59.689 D/MDM :   ( 6748): [null:-1]->  107 104
05-20 16:34:59.689 D/        ( 6748): [---null: -1---]  xxd  getPackageName  com.pekall.emdm.launcher
05-20 16:34:59.689 D/        ( 6748): [---null: -1---]  xxd  getClassName  com.pekall.emdm.launcher.ui.BackPersonalActivity
05-20 16:34:59.689 D/        ( 6748): [---null: -1---]  xxd info.title: Personal Mode
05-20 16:34:59.689 D/MDM :   ( 6748): [null:-1]->icon instanceof BitmapDrawable
05-20 16:34:59.689 D/MDM :   ( 6748): [null:-1]->  iconWidth 104
05-20 16:34:59.689 D/MDM :   ( 6748): [null:-1]->  iconHeight 104
05-20 16:34:59.689 D/MDM :   ( 6748): [null:-1]->  107 104
05-20 16:34:59.689 D/        ( 6748): [---null: -1---]  xxd  getPackageName  com.pekall.emdm.launcher
05-20 16:34:59.689 D/        ( 6748): [---null: -1---]  xxd  getClassName  com.pekall.semail.activity.Welcome
05-20 16:34:59.705 D/        ( 6748): [---null: -1---]  xxd info.title: Email
05-20 16:34:59.705 D/MDM :   ( 6748): [null:-1]->icon instanceof BitmapDrawable
05-20 16:34:59.705 D/MDM :   ( 6748): [null:-1]->  iconWidth 104
05-20 16:34:59.705 D/MDM :   ( 6748): [null:-1]->  iconHeight 104
05-20 16:34:59.705 D/MDM :   ( 6748): [null:-1]->  107 104
05-20 16:34:59.713 D/        ( 6748): [---null: -1---]  xxd  getPackageName  com.pekall.emdm.launcher
05-20 16:34:59.713 D/        ( 6748): [---null: -1---]  xxd  getClassName  com.pekall.emdm.contacts.activities.PeopleActivity
05-20 16:34:59.713 D/        ( 6748): [---null: -1---]  xxd info.title: EmdmContacts
05-20 16:34:59.721 D/MDM :   ( 6748): [null:-1]->icon instanceof BitmapDrawable
05-20 16:34:59.721 D/MDM :   ( 6748): [null:-1]->  iconWidth 104
05-20 16:34:59.721 D/MDM :   ( 6748): [null:-1]->  iconHeight 104
05-20 16:34:59.721 D/MDM :   ( 6748): [null:-1]->  107 104
05-20 16:34:59.721 D/        ( 6748): [---null: -1---]  xxd  getPackageName  com.pekall.emdm.launcher
05-20 16:34:59.721 D/        ( 6748): [---null: -1---]  xxd  getClassName  com.pekall.emdm.browser.BrowserActivity
05-20 16:34:59.728 D/        ( 6748): [---null: -1---]  xxd info.title: Safe Browser
05-20 16:34:59.728 D/MDM :   ( 6748): [null:-1]->icon instanceof BitmapDrawable
05-20 16:34:59.728 D/MDM :   ( 6748): [null:-1]->  iconWidth 104
05-20 16:34:59.728 D/MDM :   ( 6748): [null:-1]->  iconHeight 104
05-20 16:34:59.728 D/MDM :   ( 6748): [null:-1]->  107 104
05-20 16:34:59.728 D/        ( 6748): [---null: -1---]  xxd  getPackageName  com.pekall.emdm.launcher
05-20 16:34:59.728 D/        ( 6748): [---null: -1---]  xxd  getClassName  com.pekall.emdm.launcher.ui.AboutActivity
05-20 16:34:59.736 D/        ( 6748): [---null: -1---]  xxd info.title: About
05-20 16:34:59.744 D/MDM :   ( 6748): [null:-1]->icon instanceof BitmapDrawable
05-20 16:34:59.744 D/MDM :   ( 6748): [null:-1]->  iconWidth 104
05-20 16:34:59.744 D/MDM :   ( 6748): [null:-1]->  iconHeight 104
05-20 16:34:59.744 D/MDM :   ( 6748): [null:-1]->  107 104
05-20 16:34:59.744 D/        ( 6748): [---null: -1---]  xxd  getPackageName  com.pekall.emdm.launcher
05-20 16:34:59.744 D/        ( 6748): [---null: -1---]  xxd  getClassName  com.pekall.emdm.launcher.ui.SettingActivity
05-20 16:34:59.752 D/        ( 6748): [---null: -1---]  xxd info.title: Setting
05-20 16:34:59.752 D/HomeLoaders( 6748):   ----> workspace loader 1 finished loading data
05-20 16:34:59.752 D/HomeLoaders( 6748):   ----> worskpace items=11
05-20 16:34:59.752 D/HomeLoaders( 6748):   ----> worskpace widgets=0
05-20 16:34:59.752 D/HomeLoaders( 6748):   --> done loading workspace; not stopped
05-20 16:34:59.752 D/HomeLoaders( 6748):   ----> items cloned, ready to refresh UI
05-20 16:34:59.752 D/HomeLoaders( 6748):   ----> loading applications from workspace loader
05-20 16:34:59.752 D/HomeLoaders( 6748):   --> starting applications loader unlocked
05-20 16:34:59.752 D/HomeLoaders( 6748):   --> starting applications loader
05-20 16:34:59.760 D/HomeLoaders( 6748):   ----> running applications loader (1)
05-20 16:34:59.783 D/EmailProvider( 6748): Creating EmailProviderBody database
05-20 16:34:59.791 D/MDM :   ( 6748): [null:-1]->icon instanceof BitmapDrawable
05-20 16:34:59.791 D/MDM :   ( 6748): [null:-1]->  iconWidth 104
05-20 16:34:59.791 D/MDM :   ( 6748): [null:-1]->  iconHeight 104
05-20 16:34:59.791 D/MDM :   ( 6748): [null:-1]->  107 104
05-20 16:34:59.799 D/MDM :   ( 6748): [null:-1]->icon instanceof BitmapDrawable
05-20 16:34:59.799 D/MDM :   ( 6748): [null:-1]->  iconWidth 104
05-20 16:34:59.799 D/MDM :   ( 6748): [null:-1]->  iconHeight 104
05-20 16:34:59.799 D/MDM :   ( 6748): [null:-1]->  107 104
05-20 16:34:59.799 D/MDM :   ( 6748): [null:-1]->icon instanceof BitmapDrawable
05-20 16:34:59.799 D/MDM :   ( 6748): [null:-1]->  iconWidth 104
05-20 16:34:59.799 D/MDM :   ( 6748): [null:-1]->  iconHeight 104
05-20 16:34:59.799 D/MDM :   ( 6748): [null:-1]->  107 104
05-20 16:34:59.799 D/MDM :   ( 6748): [null:-1]->icon instanceof BitmapDrawable
05-20 16:34:59.799 D/MDM :   ( 6748): [null:-1]->  iconWidth 104
05-20 16:34:59.799 D/MDM :   ( 6748): [null:-1]->  iconHeight 104
05-20 16:34:59.799 D/MDM :   ( 6748): [null:-1]->  107 104
05-20 16:34:59.806 D/MDM :   ( 6748): [null:-1]->icon instanceof BitmapDrawable
05-20 16:34:59.806 W/EmailProvider( 6748): restoreIfNeeded...
05-20 16:34:59.806 D/MDM :   ( 6748): [null:-1]->  iconWidth 101
05-20 16:34:59.814 D/MDM :   ( 6748): [null:-1]->  iconHeight 101
05-20 16:34:59.814 D/MDM :   ( 6748): [null:-1]->  107 101
05-20 16:34:59.814 D/EmailProvider( 6748): restoreAccounts...
05-20 16:34:59.822 D/MDM :   ( 6748): [null:-1]->icon instanceof BitmapDrawable
05-20 16:34:59.822 D/MDM :   ( 6748): [null:-1]->  iconWidth 104
05-20 16:34:59.822 D/MDM :   ( 6748): [null:-1]->  iconHeight 104
05-20 16:34:59.822 D/MDM :   ( 6748): [null:-1]->  107 104
05-20 16:34:59.822 D/MDM :   ( 6748): [null:-1]->icon instanceof BitmapDrawable
05-20 16:34:59.830 D/MDM :   ( 6748): [null:-1]->  iconWidth 104
05-20 16:34:59.830 D/MDM :   ( 6748): [null:-1]->  iconHeight 104
05-20 16:34:59.830 D/MDM :   ( 6748): [null:-1]->  107 104
05-20 16:34:59.830 D/MDM :   ( 6748): [null:-1]->icon instanceof BitmapDrawable
05-20 16:34:59.830 D/MDM :   ( 6748): [null:-1]->  iconWidth 104
05-20 16:34:59.830 D/MDM :   ( 6748): [null:-1]->  iconHeight 104
05-20 16:34:59.830 D/MDM :   ( 6748): [null:-1]->  107 104
05-20 16:34:59.830 D/MDM :   ( 6748): [null:-1]->icon instanceof BitmapDrawable
05-20 16:34:59.830 D/MDM :   ( 6748): [null:-1]->  iconWidth 104
05-20 16:34:59.830 D/MDM :   ( 6748): [null:-1]->  iconHeight 104
05-20 16:34:59.830 D/MDM :   ( 6748): [null:-1]->  107 104
05-20 16:34:59.838 D/MDM :   ( 6748): [null:-1]->icon instanceof BitmapDrawable
05-20 16:34:59.838 D/MDM :   ( 6748): [null:-1]->  iconWidth 104
05-20 16:34:59.838 D/MDM :   ( 6748): [null:-1]->  iconHeight 104
05-20 16:34:59.838 D/MDM :   ( 6748): [null:-1]->  107 104
05-20 16:34:59.846 D/dalvikvm( 6768): DexOpt: load 53ms, verify+opt 1037ms, 1147988 bytes
05-20 16:34:59.853 W/ActivityManager(  374): Activity pause timeout for ActivityRecord{42630a08 u0 com.pekall.emdm.launcher/.Launcher}
05-20 16:34:59.916 D/EmailProvider( 6748): Creating EmailProvider database
05-20 16:34:59.939 D/dalvikvm( 6748): DexOpt: --- END 'sc-jdk15on-1.47.0.2.dex.jar' (success) ---
05-20 16:34:59.939 D/dalvikvm( 6748): DEX prep '/data/data/com.pekall.emdm.launcher/app_jars/sc-jdk15on-1.47.0.2.dex.jar': unzip in 129ms, rewrite 1351ms
05-20 16:35:00.033 D/EmailProvider( 6748): No accounts to restore...
05-20 16:35:00.041 D/EmailProvider( 6748): Deleting orphans...
05-20 16:35:00.111 D/dalvikvm( 6748): GC_CONCURRENT freed 1421K, 8% free 17960K/19420K, paused 5ms+5ms, total 43ms
05-20 16:35:00.111 D/dalvikvm( 6748): WAIT_FOR_CONCURRENT_GC blocked 20ms
05-20 16:35:00.111 D/dalvikvm( 6748): WAIT_FOR_CONCURRENT_GC blocked 23ms
05-20 16:35:00.150 D/EmailProvider( 6748): EmailProvider pre-caching...
05-20 16:35:00.260 V/MyServiceConnection( 6748): [SConnection] retry to bind service
05-20 16:35:00.260 V/MyServiceConnection( 6748): [SConnection] sandbox service is NOT installed.
05-20 16:35:00.260 V/MyServiceConnection( 6748): [SConnection] binding service: pekall.intent.action.SANDBOX_SERVICE
05-20 16:35:00.275 D/MdmService( 6748): [null:-1]->create mdm service
05-20 16:35:00.283 D/AssistantPhoneService( 6748): [---null: -1---]onCreate====================
05-20 16:35:00.299 V/MyServiceConnection( 6748): [SConnection] retry to bind service
05-20 16:35:00.299 V/MyServiceConnection( 6748): [SConnection] sandbox service is NOT installed.
05-20 16:35:00.299 V/MyServiceConnection( 6748): [SConnection] binding service: pekall.intent.action.SANDBOX_SERVICE
05-20 16:35:00.299 D/ExchangeService( 6748): !!! EAS ExchangeService, onCreate
05-20 16:35:00.299 D/LauncherApplication( 6748): [null:-1]->onActivityPaused
05-20 16:35:00.306 D/LauncherApplication( 6748): [null:-1]->onActivityPaused  updateTime
05-20 16:35:00.306 D/HomeLoaders( 6748):   ----> onDesktopItemsLoaded()
05-20 16:35:00.306 D/Launcher( 6748): ------> binding 11 items
05-20 16:35:00.306 D/Launcher( 6748): ------> binding 0 widgets
05-20 16:35:00.306 D/Launcher( 6748): ------> start binding items
05-20 16:35:00.306 I/Choreographer( 6748): Skipped 30 frames!  The application may be doing too much work on its main thread.
05-20 16:35:00.322 W/Parcel  ( 1661): Attempt to read object from Parcel 0x5ec3bdac at offset 200 that is not in the object list
05-20 16:35:00.322 D/EmailProvider( 6748): EmailProvider ready.
05-20 16:35:00.338 D/libEGL  ( 6748): loaded /vendor/lib/egl/libEGL_POWERVR_SGX540_120.so
05-20 16:35:00.338 D/libEGL  ( 6748): loaded /vendor/lib/egl/libGLESv1_CM_POWERVR_SGX540_120.so
05-20 16:35:00.346 D/libEGL  ( 6748): loaded /vendor/lib/egl/libGLESv2_POWERVR_SGX540_120.so
05-20 16:35:00.400 D/OpenGLRenderer( 6748): Enabling debug mode 0
05-20 16:35:00.408 D/HomeLoaders( 6748):   ----> cleared application list
05-20 16:35:00.478 V/LauncherApplication( 6748): onActivityStarted
05-20 16:35:00.478 D/        ( 6748): [---null: -1---]     awsa  onActivityResumed
05-20 16:35:00.478 V/LauncherApplication( 6748): 2MdmConstant.LAST_LAUNCH_TIME = 1400574900311
05-20 16:35:00.494 D/        ( 6748): [---null: -1---]  activity = com.pekall.emdm.ui.SplashActivity
05-20 16:35:00.502 V/MyServiceConnection( 6748): [SConnection] onServiceConnected, comp: com.pekall.sandbox.service.SandboxService
05-20 16:35:00.510 D/AuthenticationManager( 6748): [6748] binder package: com.pekall.emdm.launcher
05-20 16:35:00.564 D/AuthenticationManager( 6748): [6748] not authorized.
05-20 16:35:00.572 D/AssistantPhoneService( 6748): [---null: -1---]currentCall====================1400574900576
05-20 16:35:00.572 D/Assistant( 6748): [---null: -1---]  call dataChange
05-20 16:35:00.572 W/ActivityManager(  374): Unable to start service Intent { cmp=com.pekall.emdm.launcher/com.pekall.semail.service.AttachmentDownloadService } U=0: not found
05-20 16:35:00.580 I/Email   ( 6748): Notifications being toggled: false
05-20 16:35:00.611 I/ActivityManager(  374): Start proc com.qihoo360.mobilesafe:remote for content provider com.qihoo360.mobilesafe/.shield.provider.EmptyProvider: pid=6787 uid=10069 gids={50069, 3003, 1015, 3001, 3002, 1006, 1028}
05-20 16:35:00.619 I/dalvikvm( 6787): Turning on JNI app bug workarounds for target SDK version 8...
05-20 16:35:00.674 D/MdmService( 6748): [null:-1]->receiver action :android.net.conn.CONNECTIVITY_CHANGE
05-20 16:35:00.674 V/l       ( 6748): Connected: com.pekall.exchange.ExchangeService
05-20 16:35:00.674 V/l       ( 6748): Connected: com.pekall.exchange.ExchangeService
05-20 16:35:00.674 V/l       ( 6748): Task setLogging completed; disconnecting
05-20 16:35:00.674 D/SConnection( 6748): classname is com.pekall.emdm.messagecenter.controller.MessageCenterService
05-20 16:35:00.674 D/MDM :   ( 6748): [null:-1]->  iconWidth 104
05-20 16:35:00.674 D/MDM :   ( 6748): [null:-1]->  iconHeight 104
05-20 16:35:00.681 D/MDM :   ( 6748): [null:-1]->  107 104
05-20 16:35:00.681 D/MDM :   ( 6748): [null:-1]->width 104
05-20 16:35:00.681 D/MDM :   ( 6748): [null:-1]->height 104
05-20 16:35:00.681 D/MDM :   ( 6748): [null:-1]->scale 1.0
05-20 16:35:00.681 D/MDM :   ( 6748): [null:-1]->tint false
05-20 16:35:00.681 D/MDM :   ( 6748): [null:-1]->width 104
05-20 16:35:00.681 D/MDM :   ( 6748): [null:-1]->height 104
05-20 16:35:00.681 D/MDM :   ( 6748): [null:-1]->scale 1.0
05-20 16:35:00.681 D/MDM :   ( 6748): [null:-1]->tint false
05-20 16:35:00.689 D/MDM :   ( 6748): [null:-1]->  iconWidth 104
05-20 16:35:00.689 D/MDM :   ( 6748): [null:-1]->  iconHeight 104
05-20 16:35:00.689 D/MDM :   ( 6748): [null:-1]->  107 104
05-20 16:35:00.775 D/dalvikvm( 2462): GC_CONCURRENT freed 577K, 10% free 9490K/10444K, paused 2ms+2ms, total 21ms
05-20 16:35:00.939 D/dalvikvm( 6748): JIT unchain all for threadid=11
05-20 16:35:00.947 D/MDM :   ( 6748): [null:-1]->width 104
05-20 16:35:00.947 D/MDM :   ( 6748): [null:-1]->height 104
05-20 16:35:00.947 D/MDM :   ( 6748): [null:-1]->scale 1.0
05-20 16:35:00.947 V/l       ( 6748): Task setLogging completed; disconnecting
05-20 16:35:00.947 D/MDM :   ( 6748): [null:-1]->tint false
05-20 16:35:01.103 W/InteractionController( 6664): runAndwaitForEvent timedout waiting for events
05-20 16:35:01.221 D/dalvikvm( 6748): JIT unchain all for threadid=11
05-20 16:35:01.236 D/dalvikvm( 6748): GC_CONCURRENT freed 1505K, 8% free 19434K/20984K, paused 259ms+255ms, total 547ms
05-20 16:35:01.236 D/dalvikvm( 6748): WAIT_FOR_CONCURRENT_GC blocked 288ms
05-20 16:35:01.236 D/MDM :   ( 6748): [null:-1]->width 104
05-20 16:35:01.236 D/MDM :   ( 6748): [null:-1]->height 104
05-20 16:35:01.236 D/MDM :   ( 6748): [null:-1]->scale 1.0
05-20 16:35:01.236 D/MDM :   ( 6748): [null:-1]->tint false
05-20 16:35:01.244 D/MDM :   ( 6748): [null:-1]->width 104
05-20 16:35:01.244 D/MDM :   ( 6748): [null:-1]->height 104
05-20 16:35:01.244 D/MDM :   ( 6748): [null:-1]->scale 1.0
05-20 16:35:01.252 W/CursorWrapperInner( 6748): Cursor finalized without prior close()
05-20 16:35:01.252 D/MDM :   ( 6748): [null:-1]->tint false
05-20 16:35:01.252 D/MDM :   ( 6748): [null:-1]->  iconWidth 104
05-20 16:35:01.252 D/MDM :   ( 6748): [null:-1]->  iconHeight 104
05-20 16:35:01.252 D/MDM :   ( 6748): [null:-1]->  107 104
05-20 16:35:01.252 D/MDM :   ( 6748): [null:-1]->width 104
05-20 16:35:01.252 D/MDM :   ( 6748): [null:-1]->height 104
05-20 16:35:01.252 D/MDM :   ( 6748): [null:-1]->scale 1.0
05-20 16:35:01.252 D/MDM :   ( 6748): [null:-1]->tint false
05-20 16:35:01.252 D/MDM :   ( 6748): [null:-1]->width 104
