05-20 16:35:01.252 D/MDM :   ( 6748): [null:-1]->height 104
05-20 16:35:01.252 D/MDM :   ( 6748): [null:-1]->scale 1.0
05-20 16:35:01.260 D/MDM :   ( 6748): [null:-1]->tint false
05-20 16:35:01.260 D/MDM :   ( 6748): [null:-1]->width 104
05-20 16:35:01.260 D/MDM :   ( 6748): [null:-1]->height 104
05-20 16:35:01.260 D/MDM :   ( 6748): [null:-1]->scale 1.0
05-20 16:35:01.267 D/MDM :   ( 6748): [null:-1]->tint false
05-20 16:35:01.267 D/MDM :   ( 6748): [null:-1]->  iconWidth 104
05-20 16:35:01.267 D/MDM :   ( 6748): [null:-1]->  iconHeight 104
05-20 16:35:01.275 D/MDM :   ( 6748): [null:-1]->  107 104
05-20 16:35:01.275 D/        ( 6748): [---null: -1---]  xxd111  getPackageName  com.pekall.emdm.launcher
05-20 16:35:01.275 D/        ( 6748): [---null: -1---]  xxd111  getClassName  com.pekall.emdm.document.activity.DocMainActivity
05-20 16:35:01.275 D/        ( 6748): [---null: -1---]  xxd111  info.title  Document Manager ,count is 0
05-20 16:35:01.283 D/MDM :   ( 6748): [null:-1]->  iconWidth 104
05-20 16:35:01.283 D/MDM :   ( 6748): [null:-1]->  iconHeight 104
05-20 16:35:01.283 D/MDM :   ( 6748): [null:-1]->  107 104
05-20 16:35:01.283 D/        ( 6748): [---null: -1---]  xxd111  getPackageName  com.pekall.emdm.launcher
05-20 16:35:01.283 D/        ( 6748): [---null: -1---]  xxd111  getClassName  com.pekall.emdm.launcher.ui.BackPersonalActivity
05-20 16:35:01.283 D/        ( 6748): [---null: -1---]  xxd111  info.title  Personal Mode ,count is 0
05-20 16:35:01.291 D/MDM :   ( 6748): [null:-1]->  iconWidth 104
05-20 16:35:01.291 D/MDM :   ( 6748): [null:-1]->  iconHeight 104
05-20 16:35:01.291 D/MDM :   ( 6748): [null:-1]->  107 104
05-20 16:35:01.291 D/        ( 6748): [---null: -1---]  xxd111  getPackageName  com.pekall.emdm.launcher
05-20 16:35:01.291 D/        ( 6748): [---null: -1---]  xxd111  getClassName  com.pekall.semail.activity.Welcome
05-20 16:35:01.291 D/        ( 6748): [---null: -1---]  xxd111  info.title  Email ,count is 0
05-20 16:35:01.291 D/ExchangeService( 6748): !!! EAS ExchangeService, onStartCommand, startingUp = false, running = false
05-20 16:35:01.291 D/ExchangeService( 6748): to start secureStorageService now
05-20 16:35:01.291 I/Choreographer( 6748): Skipped 51 frames!  The application may be doing too much work on its main thread.
05-20 16:35:01.314 V/a       ( 6748): Bind requested for task test
05-20 16:35:01.322 V/a       ( 6748): Bind requested for task getDeviceId
05-20 16:35:01.377 W/ActivityManager(  374): Unable to start service Intent { cmp=com.pekall.emdm.launcher/com.pekall.semail.service.AttachmentDownloadService } U=0: not found
05-20 16:35:01.392 V/a       ( 6748): Waiting for task getDeviceId to complete...
05-20 16:35:01.392 I/Email   ( 6748): Notifications being toggled: false
05-20 16:35:01.463 I/ActivityManager(  374): No longer want com.google.android.exchange (pid 5333): empty #17
05-20 16:35:01.471 D/MDM :   ( 6748): [null:-1]->  iconWidth 104
05-20 16:35:01.471 D/MDM :   ( 6748): [null:-1]->  iconHeight 104
05-20 16:35:01.471 D/MDM :   ( 6748): [null:-1]->  107 104
05-20 16:35:01.471 D/        ( 6748): [---null: -1---]  xxd111  getPackageName  com.pekall.emdm.launcher
05-20 16:35:01.471 D/        ( 6748): [---null: -1---]  xxd111  getClassName  com.pekall.emdm.contacts.activities.PeopleActivity
05-20 16:35:01.471 D/        ( 6748): [---null: -1---]  xxd111  info.title  EmdmContacts ,count is 0
05-20 16:35:01.471 D/MDM :   ( 6748): [null:-1]->  iconWidth 104
05-20 16:35:01.471 D/MDM :   ( 6748): [null:-1]->  iconHeight 104
05-20 16:35:01.471 D/MDM :   ( 6748): [null:-1]->  107 104
05-20 16:35:01.478 D/        ( 6748): [---null: -1---]  xxd111  getPackageName  com.pekall.emdm.launcher
05-20 16:35:01.478 D/        ( 6748): [---null: -1---]  xxd111  getClassName  com.pekall.emdm.browser.BrowserActivity
05-20 16:35:01.478 D/        ( 6748): [---null: -1---]  xxd111  info.title  Safe Browser ,count is 0
05-20 16:35:01.478 D/MDM :   ( 6748): [null:-1]->  iconWidth 104
05-20 16:35:01.478 D/MDM :   ( 6748): [null:-1]->  iconHeight 104
05-20 16:35:01.478 D/MDM :   ( 6748): [null:-1]->  107 104
05-20 16:35:01.478 D/        ( 6748): [---null: -1---]  xxd111  getPackageName  com.pekall.emdm.launcher
05-20 16:35:01.478 D/        ( 6748): [---null: -1---]  xxd111  getClassName  com.pekall.emdm.launcher.ui.AboutActivity
05-20 16:35:01.478 D/        ( 6748): [---null: -1---]  xxd111  info.title  About ,count is 0
05-20 16:35:01.486 D/MDM :   ( 6748): [null:-1]->  iconWidth 104
05-20 16:35:01.486 D/MDM :   ( 6748): [null:-1]->  iconHeight 104
05-20 16:35:01.486 D/MDM :   ( 6748): [null:-1]->  107 104
05-20 16:35:01.486 D/        ( 6748): [---null: -1---]  xxd111  getPackageName  com.pekall.emdm.launcher
05-20 16:35:01.486 D/        ( 6748): [---null: -1---]  xxd111  getClassName  com.pekall.emdm.launcher.ui.SettingActivity
05-20 16:35:01.486 D/        ( 6748): [---null: -1---]  xxd111  info.title  Setting ,count is 0
05-20 16:35:01.603 D/dalvikvm( 1661): GC_EXPLICIT freed 1135K, 18% free 13137K/15888K, paused 3ms+3ms, total 58ms
05-20 16:35:01.775 D/dalvikvm( 6748): JIT unchain all for threadid=11
05-20 16:35:01.806 D/dalvikvm( 6748): GC_FOR_ALLOC freed 1391K, 11% free 19631K/21852K, paused 286ms, total 286ms
05-20 16:35:01.822 I/dalvikvm-heap( 6748): Grow heap (frag case) to 22.464MB for 3415696-byte allocation
05-20 16:35:02.072 D/dalvikvm( 6748): JIT unchain all for threadid=11
05-20 16:35:02.111 D/dalvikvm( 6748): GC_FOR_ALLOC freed 4K, 9% free 22962K/25188K, paused 282ms, total 282ms
05-20 16:35:02.228 I/Choreographer( 6748): Skipped 45 frames!  The application may be doing too much work on its main thread.
05-20 16:35:02.400 I/ActivityManager(  374): Displayed com.pekall.emdm.launcher/com.pekall.emdm.ui.SplashActivity: +2s551ms (total +4s103ms)
05-20 16:35:02.408 I/ActivityManager(  374): Displayed com.pekall.emdm.launcher/.Launcher: +4s107ms
05-20 16:35:02.424 W/BufferQueue(  124): [com.pekall.emdm.launcher/com.pekall.emdm.launcher.Launcher] cancelBuffer: BufferQueue has been abandoned!
05-20 16:35:02.424 W/Parcel  ( 1661): Attempt to read object from Parcel 0x5ded3dac at offset 200 that is not in the object list
05-20 16:35:02.424 I/ActivityManager(  374): START u0 {cmp=com.pekall.emdm.launcher/com.pekall.emdm.ui.AdvActivity} from pid 6748
05-20 16:35:02.431 W/WindowManager(  374): Token{427fe098 ActivityRecord{426d6e40 u0 com.pekall.emdm.launcher/com.pekall.emdm.ui.AdvActivity}} failed creating starting window
05-20 16:35:02.431 W/WindowManager(  374): android.view.InflateException: Binary XML file line #34: Error inflating class <unknown>
05-20 16:35:02.431 W/WindowManager(  374): 	at android.view.LayoutInflater.createView(LayoutInflater.java:620)
05-20 16:35:02.431 W/WindowManager(  374): 	at com.android.internal.policy.impl.PhoneLayoutInflater.onCreateView(PhoneLayoutInflater.java:56)
05-20 16:35:02.431 W/WindowManager(  374): 	at android.view.LayoutInflater.onCreateView(LayoutInflater.java:669)
05-20 16:35:02.431 W/WindowManager(  374): 	at android.view.LayoutInflater.createViewFromTag(LayoutInflater.java:694)
05-20 16:35:02.431 W/WindowManager(  374): 	at android.view.LayoutInflater.rInflate(LayoutInflater.java:755)
05-20 16:35:02.431 W/WindowManager(  374): 	at android.view.LayoutInflater.inflate(LayoutInflater.java:492)
05-20 16:35:02.431 W/WindowManager(  374): 	at android.view.LayoutInflater.inflate(LayoutInflater.java:397)
05-20 16:35:02.431 W/WindowManager(  374): 	at android.view.LayoutInflater.inflate(LayoutInflater.java:353)
05-20 16:35:02.431 W/WindowManager(  374): 	at com.android.internal.policy.impl.PhoneWindow.generateLayout(PhoneWindow.java:2823)
05-20 16:35:02.431 W/WindowManager(  374): 	at com.android.internal.policy.impl.PhoneWindow.installDecor(PhoneWindow.java:2886)
05-20 16:35:02.431 W/WindowManager(  374): 	at com.android.internal.policy.impl.PhoneWindow.getDecorView(PhoneWindow.java:1581)
05-20 16:35:02.431 W/WindowManager(  374): 	at com.android.internal.policy.impl.PhoneWindowManager.addStartingWindow(PhoneWindowManager.java:1618)
05-20 16:35:02.431 W/WindowManager(  374): 	at com.android.server.wm.WindowManagerService$H.handleMessage(WindowManagerService.java:6908)
05-20 16:35:02.431 W/WindowManager(  374): 	at android.os.Handler.dispatchMessage(Handler.java:99)
05-20 16:35:02.431 W/WindowManager(  374): 	at android.os.Looper.loop(Looper.java:137)
05-20 16:35:02.431 W/WindowManager(  374): 	at android.os.HandlerThread.run(HandlerThread.java:61)
05-20 16:35:02.431 W/WindowManager(  374): Caused by: java.lang.reflect.InvocationTargetException
05-20 16:35:02.431 W/WindowManager(  374): 	at java.lang.reflect.Constructor.constructNative(Native Method)
05-20 16:35:02.431 W/WindowManager(  374): 	at java.lang.reflect.Constructor.newInstance(Constructor.java:417)
05-20 16:35:02.431 W/WindowManager(  374): 	at android.view.LayoutInflater.createView(LayoutInflater.java:594)
05-20 16:35:02.431 W/WindowManager(  374): 	... 15 more
05-20 16:35:02.431 W/WindowManager(  374): Caused by: android.content.res.Resources$NotFoundException: Resource is not a Drawable (color or path): TypedValue{t=0x2/d=0x1010059 a=-1}
05-20 16:35:02.431 W/WindowManager(  374): 	at android.content.res.Resources.loadDrawable(Resources.java:2063)
05-20 16:35:02.431 W/WindowManager(  374): 	at android.content.res.TypedArray.getDrawable(TypedArray.java:601)
05-20 16:35:02.431 W/WindowManager(  374): 	at android.widget.FrameLayout.<init>(FrameLayout.java:109)
05-20 16:35:02.431 W/WindowManager(  374): 	at android.widget.FrameLayout.<init>(FrameLayout.java:97)
05-20 16:35:02.431 W/WindowManager(  374): 	... 18 more
05-20 16:35:02.572 D/dalvikvm(  374): GC_FOR_ALLOC freed 2284K, 28% free 21033K/28872K, paused 86ms, total 86ms
05-20 16:35:02.588 D/MDM :   ( 6748): [null:-1]->  iconWidth 104
05-20 16:35:02.588 D/MDM :   ( 6748): [null:-1]->  iconHeight 104
05-20 16:35:02.588 D/MDM :   ( 6748): [null:-1]->  107 104
05-20 16:35:02.596 D/MDM :   ( 6748): [null:-1]->  iconWidth 104
05-20 16:35:02.596 D/MDM :   ( 6748): [null:-1]->  iconHeight 104
05-20 16:35:02.596 D/MDM :   ( 6748): [null:-1]->  107 104
05-20 16:35:02.596 D/MDM :   ( 6748): [null:-1]->  iconWidth 104
05-20 16:35:02.596 D/MDM :   ( 6748): [null:-1]->  iconHeight 104
05-20 16:35:02.596 D/MDM :   ( 6748): [null:-1]->  107 104
05-20 16:35:02.603 D/MDM :   ( 6748): [null:-1]->  iconWidth 104
05-20 16:35:02.603 D/MDM :   ( 6748): [null:-1]->  iconHeight 104
05-20 16:35:02.603 D/MDM :   ( 6748): [null:-1]->  107 104
05-20 16:35:02.603 D/MDM :   ( 6748): [null:-1]->  iconWidth 104
05-20 16:35:02.603 D/MDM :   ( 6748): [null:-1]->  iconHeight 104
05-20 16:35:02.603 D/MDM :   ( 6748): [null:-1]->  107 104
05-20 16:35:02.611 D/MDM :   ( 6748): [null:-1]->  iconWidth 104
05-20 16:35:02.611 D/MDM :   ( 6748): [null:-1]->  iconHeight 104
05-20 16:35:02.611 D/MDM :   ( 6748): [null:-1]->  107 104
05-20 16:35:02.611 D/MDM :   ( 6748): [null:-1]->  iconWidth 104
05-20 16:35:02.611 D/MDM :   ( 6748): [null:-1]->  iconHeight 104
05-20 16:35:02.611 D/MDM :   ( 6748): [null:-1]->  107 104
05-20 16:35:02.619 D/MDM :   ( 6748): [null:-1]->  iconWidth 104
05-20 16:35:02.619 D/MDM :   ( 6748): [null:-1]->  iconHeight 104
05-20 16:35:02.619 D/MDM :   ( 6748): [null:-1]->  107 104
05-20 16:35:02.619 D/MDM :   ( 6748): [null:-1]->  iconWidth 104
05-20 16:35:02.619 D/MDM :   ( 6748): [null:-1]->  iconHeight 104
05-20 16:35:02.619 D/MDM :   ( 6748): [null:-1]->  107 104
05-20 16:35:02.627 D/MDM :   ( 6748): [null:-1]->  iconWidth 104
05-20 16:35:02.627 D/MDM :   ( 6748): [null:-1]->  iconHeight 104
05-20 16:35:02.627 D/MDM :   ( 6748): [null:-1]->  107 104
05-20 16:35:02.627 V/a       ( 6748): Connected: com.pekall.semail.service.AccountServiceInternal
05-20 16:35:02.627 V/a       ( 6748): Connected: com.pekall.semail.service.AccountServiceInternal
05-20 16:35:02.635 D/LauncherApplication( 6748): [null:-1]->onActivityPaused
05-20 16:35:02.635 V/a       ( 6748): Connection test succeeded in 1320ms
05-20 16:35:02.635 V/a       ( 6748): Task test completed; disconnecting
05-20 16:35:02.642 V/a       ( 6748): Task getDeviceId completed; disconnecting
05-20 16:35:02.642 V/a       ( 6748): Wait for getDeviceId finished in 1252ms
05-20 16:35:02.642 D/ExchangeService( 6748): Received deviceId from Email app: androidc2130646576
05-20 16:35:02.642 D/ExchangeService( 6748): Reconciling accounts...
05-20 16:35:02.642 W/Parcel  ( 1661): Attempt to read object from Parcel 0x5ef3bdac at offset 200 that is not in the object list
05-20 16:35:02.642 V/l       ( 6748): Bind requested for task setLogging
05-20 16:35:02.650 V/a       ( 6748): Bind requested for task reconcileAccounts
05-20 16:35:02.658 D/ExchangeService( 6748): !!! EAS ExchangeService, onStartCommand, startingUp = true, running = false
05-20 16:35:02.666 V/a       ( 6748): Waiting for task reconcileAccounts to complete...
05-20 16:35:02.728 V/LauncherApplication( 6748): onActivityStarted
05-20 16:35:02.728 D/        ( 6748): [---null: -1---]     awsa  onActivityResumed
05-20 16:35:02.728 V/LauncherApplication( 6748): 2MdmConstant.LAST_LAUNCH_TIME = 1400574900311
05-20 16:35:02.744 D/        ( 6748): [---null: -1---]  activity = com.pekall.emdm.ui.AdvActivity
05-20 16:35:02.744 V/l       ( 6748): Connected: com.pekall.exchange.ExchangeService
05-20 16:35:02.752 V/l       ( 6748): Task setLogging completed; disconnecting
05-20 16:35:03.103 D/dalvikvm( 6748): JIT unchain all for threadid=11
05-20 16:35:03.135 D/dalvikvm( 6748): GC_FOR_ALLOC freed 685K, 8% free 25139K/27268K, paused 280ms, total 280ms
05-20 16:35:03.338 V/a       ( 6748): Connected: com.pekall.semail.service.AccountServiceInternal
05-20 16:35:03.361 V/a       ( 6748): Task reconcileAccounts completed; disconnecting
05-20 16:35:03.361 V/a       ( 6748): Wait for reconcileAccounts finished in 693ms
05-20 16:35:03.416 D/ExchangeService( 6748): !!! EAS ExchangeService, stopping self
05-20 16:35:03.447 D/ExchangeService( 6748): !!! EAS ExchangeService, onDestroy
05-20 16:35:03.463 I/ActivityManager(  374): Displayed com.pekall.emdm.launcher/com.pekall.emdm.ui.AdvActivity: +820ms
05-20 16:35:04.111 I/QueryController( 6664): Matched selector: UiSelector[PACKAGE NAME=com.pekall.emdm.launcher] <<==>> [android.view.accessibility.AccessibilityNodeInfo@8041; boundsInParent: Rect(0, 0 - 720, 1184); boundsInScreen: Rect(0, 0 - 720, 1184); packageName: com.pekall.emdm.launcher; className: android.widget.FrameLayout; text: null; contentDescription: null; viewIdResName: null; checkable: false; checked: false; focusable: false; focused: false; selected: false; clickable: false; longClickable: false; enabled: true; password: false; scrollable: false; [ACTION_SELECT, ACTION_CLEAR_SELECTION, ACTION_ACCESSIBILITY_FOCUS]]
05-20 16:35:04.924 D/dalvikvm( 6748): JIT unchain all for threadid=11
05-20 16:35:04.963 D/dalvikvm( 6748): GC_FOR_ALLOC freed 41K, 8% free 27234K/29348K, paused 286ms, total 286ms
05-20 16:35:05.096 D/LightsService(  374): Excessive delay setting light: 54ms
05-20 16:35:05.963 D/dalvikvm( 6748): JIT unchain all for threadid=11
05-20 16:35:05.986 D/dalvikvm( 6748): GC_FOR_ALLOC freed 738K, 10% free 28583K/31428K, paused 275ms, total 275ms
05-20 16:35:06.674 D/dalvikvm( 1661): GC_EXPLICIT freed 124K, 18% free 13086K/15888K, paused 1ms+4ms, total 62ms
05-20 16:35:07.267 I/QueryController( 6664): Matched selector: UiSelector[TEXT=Start] <<==>> [android.view.accessibility.AccessibilityNodeInfo@b4cf; boundsInParent: Rect(0, 0 - 400, 96); boundsInScreen: Rect(160, 997 - 560, 1093); packageName: com.pekall.emdm.launcher; className: android.widget.Button; text: Start; contentDescription: null; viewIdResName: com.pekall.emdm.launcher:id/start; checkable: false; checked: false; focusable: true; focused: false; selected: false; clickable: true; longClickable: false; enabled: true; password: false; scrollable: false; [ACTION_FOCUS, ACTION_SELECT, ACTION_CLEAR_SELECTION, ACTION_CLICK, ACTION_ACCESSIBILITY_FOCUS, ACTION_NEXT_AT_MOVEMENT_GRANULARITY, ACTION_PREVIOUS_AT_MOVEMENT_GRANULARITY, ACTION_SET_SELECTION]]
05-20 16:35:07.291 I/QueryController( 6664): Matched selector: UiSelector[TEXT=Start, CLASS=android.widget.Button] <<==>> [android.view.accessibility.AccessibilityNodeInfo@b4cf; boundsInParent: Rect(0, 0 - 400, 96); boundsInScreen: Rect(160, 997 - 560, 1093); packageName: com.pekall.emdm.launcher; className: android.widget.Button; text: Start; contentDescription: null; viewIdResName: com.pekall.emdm.launcher:id/start; checkable: false; checked: false; focusable: true; focused: false; selected: false; clickable: true; longClickable: false; enabled: true; password: false; scrollable: false; [ACTION_FOCUS, ACTION_SELECT, ACTION_CLEAR_SELECTION, ACTION_CLICK, ACTION_ACCESSIBILITY_FOCUS, ACTION_NEXT_AT_MOVEMENT_GRANULARITY, ACTION_PREVIOUS_AT_MOVEMENT_GRANULARITY, ACTION_SET_SELECTION]]
05-20 16:35:07.299 I/QueryController( 6664): Matched selector: UiSelector[TEXT=Start, CLASS=android.widget.Button] <<==>> [android.view.accessibility.AccessibilityNodeInfo@b4cf; boundsInParent: Rect(0, 0 - 400, 96); boundsInScreen: Rect(160, 997 - 560, 1093); packageName: com.pekall.emdm.launcher; className: android.widget.Button; text: Start; contentDescription: null; viewIdResName: com.pekall.emdm.launcher:id/start; checkable: false; checked: false; focusable: true; focused: false; selected: false; clickable: true; longClickable: false; enabled: true; password: false; scrollable: false; [ACTION_FOCUS, ACTION_SELECT, ACTION_CLEAR_SELECTION, ACTION_CLICK, ACTION_ACCESSIBILITY_FOCUS, ACTION_NEXT_AT_MOVEMENT_GRANULARITY, ACTION_PREVIOUS_AT_MOVEMENT_GRANULARITY, ACTION_SET_SELECTION]]
05-20 16:35:07.299 D/InteractionController( 6664): clickAndWaitForNewWindow(360, 1045)
05-20 16:35:07.408 W/Parcel  ( 1661): Attempt to read object from Parcel 0x6003bdac at offset 200 that is not in the object list
05-20 16:35:07.408 I/ActivityManager(  374): START u0 {cmp=com.pekall.emdm.launcher/com.pekall.emdm.ui.ActiveDeviceAdminActivity} from pid 6748
05-20 16:35:07.463 D/LauncherApplication( 6748): [null:-1]->onActivityPaused
05-20 16:35:07.533 V/LauncherApplication( 6748): onActivityStarted
05-20 16:35:07.533 D/        ( 6748): [---null: -1---]     awsa  onActivityResumed
05-20 16:35:07.533 V/LauncherApplication( 6748): 2MdmConstant.LAST_LAUNCH_TIME = 1400574900311
05-20 16:35:07.549 D/        ( 6748): [---null: -1---]  activity = com.pekall.emdm.ui.ActiveDeviceAdminActivity
05-20 16:35:07.658 I/ActivityManager(  374): Displayed com.pekall.emdm.launcher/com.pekall.emdm.ui.ActiveDeviceAdminActivity: +185ms
05-20 16:35:08.174 I/QueryController( 6664): Matched selector: UiSelector[TEXT=Active, CLASS=android.widget.Button] <<==>> [android.view.accessibility.AccessibilityNodeInfo@cb56; boundsInParent: Rect(0, 0 - 660, 79); boundsInScreen: Rect(30, 502 - 690, 581); packageName: com.pekall.emdm.launcher; className: android.widget.Button; text: Active; contentDescription: null; viewIdResName: com.pekall.emdm.launcher:id/active_device_admin_button; checkable: false; checked: false; focusable: true; focused: false; selected: false; clickable: true; longClickable: false; enabled: true; password: false; scrollable: false; [ACTION_FOCUS, ACTION_SELECT, ACTION_CLEAR_SELECTION, ACTION_CLICK, ACTION_ACCESSIBILITY_FOCUS, ACTION_NEXT_AT_MOVEMENT_GRANULARITY, ACTION_PREVIOUS_AT_MOVEMENT_GRANULARITY, ACTION_SET_SELECTION]]
05-20 16:35:08.213 I/QueryController( 6664): Matched selector: UiSelector[TEXT=Active, CLASS=android.widget.Button] <<==>> [android.view.accessibility.AccessibilityNodeInfo@cb56; boundsInParent: Rect(0, 0 - 660, 79); boundsInScreen: Rect(30, 502 - 690, 581); packageName: com.pekall.emdm.launcher; className: android.widget.Button; text: Active; contentDescription: null; viewIdResName: com.pekall.emdm.launcher:id/active_device_admin_button; checkable: false; checked: false; focusable: true; focused: false; selected: false; clickable: true; longClickable: false; enabled: true; password: false; scrollable: false; [ACTION_FOCUS, ACTION_SELECT, ACTION_CLEAR_SELECTION, ACTION_CLICK, ACTION_ACCESSIBILITY_FOCUS, ACTION_NEXT_AT_MOVEMENT_GRANULARITY, ACTION_PREVIOUS_AT_MOVEMENT_GRANULARITY, ACTION_SET_SELECTION]]
05-20 16:35:08.213 D/InteractionController( 6664): clickAndWaitForNewWindow(360, 541)
05-20 16:35:08.322 W/Parcel  ( 1661): Attempt to read object from Parcel 0x5ec3bdac at offset 200 that is not in the object list
05-20 16:35:08.322 I/ActivityManager(  374): START u0 {act=android.app.action.ADD_DEVICE_ADMIN cmp=com.android.settings/.DeviceAdminAdd (has extras)} from pid 6748
05-20 16:35:08.431 D/dalvikvm(  374): GC_FOR_ALLOC freed 1640K, 26% free 21410K/28872K, paused 69ms, total 69ms
05-20 16:35:08.439 D/LauncherApplication( 6748): [null:-1]->onActivityPaused
05-20 16:35:08.674 I/ActivityManager(  374): Displayed com.android.settings/.DeviceAdminAdd: +229ms
05-20 16:35:08.791 D/dalvikvm( 2462): GC_FOR_ALLOC freed 78K, 7% free 9611K/10232K, paused 17ms, total 17ms
05-20 16:35:08.791 I/dalvikvm-heap( 2462): Grow heap (frag case) to 9.632MB for 221232-byte allocation
05-20 16:35:08.814 D/dalvikvm( 2462): GC_FOR_ALLOC freed 0K, 6% free 9827K/10452K, paused 23ms, total 23ms
05-20 16:35:09.142 I/Email   ( 5317): ReconcilePopImapAccountsSync: start
05-20 16:35:09.166 W/Email   ( 5317): Received BYE
05-20 16:35:09.166 I/Email   ( 5317): ReconcilePopImapAccountsSync: done
05-20 16:35:09.385 D/dalvikvm( 6694): GC_CONCURRENT freed 1561K, 10% free 16105K/17704K, paused 2ms+8ms, total 49ms
05-20 16:35:09.424 I/QueryController( 6664): Matched selector: UiSelector[TEXT=Activate, CLASS=android.widget.Button] <<==>> [android.view.accessibility.AccessibilityNodeInfo@bfb92; boundsInParent: Rect(0, 0 - 359, 96); boundsInScreen: Rect(361, 1088 - 720, 1184); packageName: com.android.settings; className: android.widget.Button; text: Activate; contentDescription: null; viewIdResName: com.android.settings:id/action_button; checkable: false; checked: false; focusable: true; focused: false; selected: false; clickable: true; longClickable: false; enabled: true; password: false; scrollable: false; [ACTION_FOCUS, ACTION_SELECT, ACTION_CLEAR_SELECTION, ACTION_CLICK, ACTION_ACCESSIBILITY_FOCUS, ACTION_NEXT_AT_MOVEMENT_GRANULARITY, ACTION_PREVIOUS_AT_MOVEMENT_GRANULARITY, ACTION_SET_SELECTION]]
05-20 16:35:09.463 I/QueryController( 6664): Matched selector: UiSelector[TEXT=Activate, CLASS=android.widget.Button] <<==>> [android.view.accessibility.AccessibilityNodeInfo@bfb92; boundsInParent: Rect(0, 0 - 359, 96); boundsInScreen: Rect(361, 1088 - 720, 1184); packageName: com.android.settings; className: android.widget.Button; text: Activate; contentDescription: null; viewIdResName: com.android.settings:id/action_button; checkable: false; checked: false; focusable: true; focused: false; selected: false; clickable: true; longClickable: false; enabled: true; password: false; scrollable: false; [ACTION_FOCUS, ACTION_SELECT, ACTION_CLEAR_SELECTION, ACTION_CLICK, ACTION_ACCESSIBILITY_FOCUS, ACTION_NEXT_AT_MOVEMENT_GRANULARITY, ACTION_PREVIOUS_AT_MOVEMENT_GRANULARITY, ACTION_SET_SELECTION]]
05-20 16:35:09.463 D/InteractionController( 6664): clickAndWaitForNewWindow(540, 1136)
05-20 16:35:09.510 D/Email   ( 5317): *** synchronizeMailboxGeneric ***
05-20 16:35:09.619 D/MDM :   ( 6748): [null:-1]->onEnabled
05-20 16:35:09.681 D/dalvikvm(  374): GC_FOR_ALLOC freed 1244K, 25% free 21779K/28872K, paused 70ms, total 70ms
05-20 16:35:09.689 I/dalvikvm( 6748): Could not find method android.app.enterprise.license.EnterpriseLicenseManager.getInstance, referenced from method com.pekall.emdm.b.b.a.<init>
05-20 16:35:09.689 W/dalvikvm( 6748): VFY: unable to resolve static method 1420: Landroid/app/enterprise/license/EnterpriseLicenseManager;.getInstance (Landroid/content/Context;)Landroid/app/enterprise/license/EnterpriseLicenseManager;
05-20 16:35:09.689 D/dalvikvm( 6748): VFY: replacing opcode 0x71 at 0x0008
05-20 16:35:09.689 I/dalvikvm( 6748): Could not find method android.app.enterprise.EnterpriseDeviceManager.getRestrictionPolicy, referenced from method com.pekall.emdm.b.b.a.A
05-20 16:35:09.689 W/dalvikvm( 6748): VFY: unable to resolve virtual method 1371: Landroid/app/enterprise/EnterpriseDeviceManager;.getRestrictionPolicy ()Landroid/app/enterprise/RestrictionPolicy;
05-20 16:35:09.689 D/dalvikvm( 6748): VFY: replacing opcode 0x6e at 0x000a
05-20 16:35:09.689 I/dalvikvm( 6748): Could not find method android.app.enterprise.EnterpriseDeviceManager.getRestrictionPolicy, referenced from method com.pekall.emdm.b.b.a.B
05-20 16:35:09.689 W/dalvikvm( 6748): VFY: unable to resolve virtual method 1371: Landroid/app/enterprise/EnterpriseDeviceManager;.getRestrictionPolicy ()Landroid/app/enterprise/RestrictionPolicy;
05-20 16:35:09.689 D/dalvikvm( 6748): VFY: replacing opcode 0x6e at 0x000a
05-20 16:35:09.697 I/dalvikvm( 6748): Could not find method android.app.enterprise.EnterpriseDeviceManager.getRestrictionPolicy, referenced from method com.pekall.emdm.b.b.a.C
05-20 16:35:09.697 W/dalvikvm( 6748): VFY: unable to resolve virtual method 1371: Landroid/app/enterprise/EnterpriseDeviceManager;.getRestrictionPolicy ()Landroid/app/enterprise/RestrictionPolicy;
05-20 16:35:09.697 D/dalvikvm( 6748): VFY: replacing opcode 0x6e at 0x000a
05-20 16:35:09.697 I/dalvikvm( 6748): Could not find method android.app.enterprise.EnterpriseDeviceManager.getApplicationPolicy, referenced from method com.pekall.emdm.b.b.a.D
05-20 16:35:09.697 W/dalvikvm( 6748): VFY: unable to resolve virtual method 1364: Landroid/app/enterprise/EnterpriseDeviceManager;.getApplicationPolicy ()Landroid/app/enterprise/ApplicationPolicy;
05-20 16:35:09.697 D/dalvikvm( 6748): VFY: replacing opcode 0x6e at 0x000a
05-20 16:35:09.697 I/dalvikvm( 6748): Could not find method android.app.enterprise.EnterpriseDeviceManager.getApplicationPolicy, referenced from method com.pekall.emdm.b.b.a.E
05-20 16:35:09.697 W/dalvikvm( 6748): VFY: unable to resolve virtual method 1364: Landroid/app/enterprise/EnterpriseDeviceManager;.getApplicationPolicy ()Landroid/app/enterprise/ApplicationPolicy;
05-20 16:35:09.697 D/dalvikvm( 6748): VFY: replacing opcode 0x6e at 0x000a
05-20 16:35:09.697 I/dalvikvm( 6748): Could not find method android.app.enterprise.EnterpriseDeviceManager.getApplicationPolicy, referenced from method com.pekall.emdm.b.b.a.F
05-20 16:35:09.697 W/dalvikvm( 6748): VFY: unable to resolve virtual method 1364: Landroid/app/enterprise/EnterpriseDeviceManager;.getApplicationPolicy ()Landroid/app/enterprise/ApplicationPolicy;
05-20 16:35:09.697 D/dalvikvm( 6748): VFY: replacing opcode 0x6e at 0x000a
05-20 16:35:09.697 I/dalvikvm( 6748): Could not find method android.app.enterprise.EnterpriseDeviceManager.getApplicationPolicy, referenced from method com.pekall.emdm.b.b.a.G
05-20 16:35:09.697 W/dalvikvm( 6748): VFY: unable to resolve virtual method 1364: Landroid/app/enterprise/EnterpriseDeviceManager;.getApplicationPolicy ()Landroid/app/enterprise/ApplicationPolicy;
05-20 16:35:09.697 D/dalvikvm( 6748): VFY: replacing opcode 0x6e at 0x000a
05-20 16:35:09.697 I/dalvikvm( 6748): Could not find method android.app.enterprise.EnterpriseDeviceManager.getRestrictionPolicy, referenced from method com.pekall.emdm.b.b.a.H
05-20 16:35:09.697 W/dalvikvm( 6748): VFY: unable to resolve virtual method 1371: Landroid/app/enterprise/EnterpriseDeviceManager;.getRestrictionPolicy ()Landroid/app/enterprise/RestrictionPolicy;
05-20 16:35:09.697 D/dalvikvm( 6748): VFY: replacing opcode 0x6e at 0x000a
05-20 16:35:09.697 I/dalvikvm( 6748): Could not find method android.app.enterprise.EnterpriseDeviceManager.getPhoneRestrictionPolicy, referenced from method com.pekall.emdm.b.b.a.I
05-20 16:35:09.697 W/dalvikvm( 6748): VFY: unable to resolve virtual method 1370: Landroid/app/enterprise/EnterpriseDeviceManager;.getPhoneRestrictionPolicy ()Landroid/app/enterprise/PhoneRestrictionPolicy;
05-20 16:35:09.697 D/dalvikvm( 6748): VFY: replacing opcode 0x6e at 0x0003
05-20 16:35:09.697 I/dalvikvm( 6748): Could not find method android.app.enterprise.EnterpriseDeviceManager.getPhoneRestrictionPolicy, referenced from method com.pekall.emdm.b.b.a.J
05-20 16:35:09.697 W/dalvikvm( 6748): VFY: unable to resolve virtual method 1370: Landroid/app/enterprise/EnterpriseDeviceManager;.getPhoneRestrictionPolicy ()Landroid/app/enterprise/PhoneRestrictionPolicy;
05-20 16:35:09.697 D/dalvikvm( 6748): VFY: replacing opcode 0x6e at 0x000a
05-20 16:35:09.705 I/dalvikvm( 6748): Could not find method android.app.enterprise.EnterpriseDeviceManager.getPhoneRestrictionPolicy, referenced from method com.pekall.emdm.b.b.a.K
05-20 16:35:09.705 W/dalvikvm( 6748): VFY: unable to resolve virtual method 1370: Landroid/app/enterprise/EnterpriseDeviceManager;.getPhoneRestrictionPolicy ()Landroid/app/enterprise/PhoneRestrictionPolicy;
05-20 16:35:09.705 D/dalvikvm( 6748): VFY: replacing opcode 0x6e at 0x000a
05-20 16:35:09.705 I/dalvikvm( 6748): Could not find method android.app.enterprise.EnterpriseDeviceManager.getPhoneRestrictionPolicy, referenced from method com.pekall.emdm.b.b.a.L
05-20 16:35:09.705 W/dalvikvm( 6748): VFY: unable to resolve virtual method 1370: Landroid/app/enterprise/EnterpriseDeviceManager;.getPhoneRestrictionPolicy ()Landroid/app/enterprise/PhoneRestrictionPolicy;
05-20 16:35:09.705 D/dalvikvm( 6748): VFY: replacing opcode 0x6e at 0x000a
05-20 16:35:09.705 I/dalvikvm( 6748): Could not find method android.app.enterprise.EnterpriseDeviceManager.getRestrictionPolicy, referenced from method com.pekall.emdm.b.b.a.M
05-20 16:35:09.705 W/dalvikvm( 6748): VFY: unable to resolve virtual method 1371: Landroid/app/enterprise/EnterpriseDeviceManager;.getRestrictionPolicy ()Landroid/app/enterprise/RestrictionPolicy;
05-20 16:35:09.705 D/dalvikvm( 6748): VFY: replacing opcode 0x6e at 0x000a
05-20 16:35:09.705 I/dalvikvm( 6748): Could not find method android.app.enterprise.EnterpriseDeviceManager.getRoamingPolicy, referenced from method com.pekall.emdm.b.b.a.N
05-20 16:35:09.705 W/dalvikvm( 6748): VFY: unable to resolve virtual method 1372: Landroid/app/enterprise/EnterpriseDeviceManager;.getRoamingPolicy ()Landroid/app/enterprise/RoamingPolicy;
05-20 16:35:09.705 D/dalvikvm( 6748): VFY: replacing opcode 0x6e at 0x000a
05-20 16:35:09.705 I/dalvikvm( 6748): Could not find method android.app.enterprise.EnterpriseDeviceManager.getRoamingPolicy, referenced from method com.pekall.emdm.b.b.a.O
05-20 16:35:09.705 W/dalvikvm( 6748): VFY: unable to resolve virtual method 1372: Landroid/app/enterprise/EnterpriseDeviceManager;.getRoamingPolicy ()Landroid/app/enterprise/RoamingPolicy;
05-20 16:35:09.705 D/dalvikvm( 6748): VFY: replacing opcode 0x6e at 0x000a
05-20 16:35:09.713 I/dalvikvm( 6748): Could not find method android.app.enterprise.EnterpriseDeviceManager.getRoamingPolicy, referenced from method com.pekall.emdm.b.b.a.P
05-20 16:35:09.713 W/dalvikvm( 6748): VFY: unable to resolve virtual method 1372: Landroid/app/enterprise/EnterpriseDeviceManager;.getRoamingPolicy ()Landroid/app/enterprise/RoamingPolicy;
05-20 16:35:09.713 D/dalvikvm( 6748): VFY: replacing opcode 0x6e at 0x000a
05-20 16:35:09.713 I/dalvikvm( 6748): Could not find method android.app.enterprise.EnterpriseDeviceManager.getWifiPolicy, referenced from method com.pekall.emdm.b.b.a.a
05-20 16:35:09.713 W/dalvikvm( 6748): VFY: unable to resolve virtual method 1374: Landroid/app/enterprise/EnterpriseDeviceManager;.getWifiPolicy ()Landroid/app/enterprise/WifiPolicy;
05-20 16:35:09.713 D/dalvikvm( 6748): VFY: replacing opcode 0x6e at 0x000e
05-20 16:35:09.713 I/dalvikvm( 6748): Could not find method android.app.enterprise.EnterpriseDeviceManager.getSecurityPolicy, referenced from method com.pekall.emdm.b.b.a.a
05-20 16:35:09.713 W/dalvikvm( 6748): VFY: unable to resolve virtual method 1373: Landroid/app/enterprise/EnterpriseDeviceManager;.getSecurityPolicy ()Landroid/app/enterprise/SecurityPolicy;
05-20 16:35:09.713 D/dalvikvm( 6748): VFY: replacing opcode 0x6e at 0x0015
05-20 16:35:09.713 I/dalvikvm( 6748): Could not find method android.app.enterprise.EnterpriseDeviceManager.getApplicationPolicy, referenced from method com.pekall.emdm.b.b.a.a
05-20 16:35:09.713 W/dalvikvm( 6748): VFY: unable to resolve virtual method 1364: Landroid/app/enterprise/EnterpriseDeviceManager;.getApplicationPolicy ()Landroid/app/enterprise/ApplicationPolicy;
05-20 16:35:09.713 D/dalvikvm( 6748): VFY: replacing opcode 0x6e at 0x000a
05-20 16:35:09.713 I/dalvikvm( 6748): Could not find method android.app.enterprise.EnterpriseDeviceManager.getWifiPolicy, referenced from method com.pekall.emdm.b.b.a.a
05-20 16:35:09.713 W/dalvikvm( 6748): VFY: unable to resolve virtual method 1374: Landroid/app/enterprise/EnterpriseDeviceManager;.getWifiPolicy ()Landroid/app/enterprise/WifiPolicy;
05-20 16:35:09.713 D/dalvikvm( 6748): VFY: replacing opcode 0x6e at 0x000b
05-20 16:35:09.713 I/dalvikvm( 6748): Could not find method android.app.enterprise.EnterpriseDeviceManager.getRestrictionPolicy, referenced from method com.pekall.emdm.b.b.a.a
05-20 16:35:09.713 W/dalvikvm( 6748): VFY: unable to resolve virtual method 1371: Landroid/app/enterprise/EnterpriseDeviceManager;.getRestrictionPolicy ()Landroid/app/enterprise/RestrictionPolicy;
05-20 16:35:09.713 D/dalvikvm( 6748): VFY: replacing opcode 0x6e at 0x000a
05-20 16:35:09.713 I/dalvikvm( 6748): Could not find method android.app.enterprise.EnterpriseDeviceManager.getBluetoothPolicy, referenced from method com.pekall.emdm.b.b.a.a
05-20 16:35:09.713 W/dalvikvm( 6748): VFY: unable to resolve virtual method 1365: Landroid/app/enterprise/EnterpriseDeviceManager;.getBluetoothPolicy ()Landroid/app/enterprise/BluetoothPolicy;
05-20 16:35:09.713 D/dalvikvm( 6748): VFY: replacing opcode 0x6e at 0x000a
05-20 16:35:09.713 I/dalvikvm( 6748): Could not find method android.app.enterprise.EnterpriseDeviceManager.getSecurityPolicy, referenced from method com.pekall.emdm.b.b.a.b
05-20 16:35:09.713 W/dalvikvm( 6748): VFY: unable to resolve virtual method 1373: Landroid/app/enterprise/EnterpriseDeviceManager;.getSecurityPolicy ()Landroid/app/enterprise/SecurityPolicy;
05-20 16:35:09.713 D/dalvikvm( 6748): VFY: replacing opcode 0x6e at 0x0015
05-20 16:35:09.721 I/dalvikvm( 6748): Could not find method android.app.enterprise.EnterpriseDeviceManager.getWifiPolicy, referenced from method com.pekall.emdm.b.b.a.b
05-20 16:35:09.721 W/dalvikvm( 6748): VFY: unable to resolve virtual method 1374: Landroid/app/enterprise/EnterpriseDeviceManager;.getWifiPolicy ()Landroid/app/enterprise/WifiPolicy;
05-20 16:35:09.721 D/dalvikvm( 6748): VFY: replacing opcode 0x6e at 0x000b
05-20 16:35:09.721 I/dalvikvm( 6748): Could not find method android.app.enterprise.EnterpriseDeviceManager.getDateTimePolicy, referenced from method com.pekall.emdm.b.b.a.b
05-20 16:35:09.721 W/dalvikvm( 6748): VFY: unable to resolve virtual method 1366: Landroid/app/enterprise/EnterpriseDeviceManager;.getDateTimePolicy ()Landroid/app/enterprise/DateTimePolicy;
05-20 16:35:09.721 D/dalvikvm( 6748): VFY: replacing opcode 0x6e at 0x000a
05-20 16:35:09.721 I/dalvikvm( 6748): Could not find method android.app.enterprise.EnterpriseDeviceManager.getWifiPolicy, referenced from method com.pekall.emdm.b.b.a.c
05-20 16:35:09.721 W/dalvikvm( 6748): VFY: unable to resolve virtual method 1374: Landroid/app/enterprise/EnterpriseDeviceManager;.getWifiPolicy ()Landroid/app/enterprise/WifiPolicy;
05-20 16:35:09.721 D/dalvikvm( 6748): VFY: replacing opcode 0x6e at 0x000a
05-20 16:35:09.721 I/dalvikvm( 6748): Could not find method android.app.enterprise.EnterpriseDeviceManager.getRestrictionPolicy, referenced from method com.pekall.emdm.b.b.a.c
05-20 16:35:09.721 W/dalvikvm( 6748): VFY: unable to resolve virtual method 1371: Landroid/app/enterprise/EnterpriseDeviceManager;.getRestrictionPolicy ()Landroid/app/enterprise/RestrictionPolicy;
05-20 16:35:09.721 D/dalvikvm( 6748): VFY: replacing opcode 0x6e at 0x000a
05-20 16:35:09.721 I/dalvikvm( 6748): Could not find method android.app.enterprise.EnterpriseDeviceManager.getWifiPolicy, referenced from method com.pekall.emdm.b.b.a.d
05-20 16:35:09.721 W/dalvikvm( 6748): VFY: unable to resolve virtual method 1374: Landroid/app/enterprise/EnterpriseDeviceManager;.getWifiPolicy ()Landroid/app/enterprise/WifiPolicy;
05-20 16:35:09.721 D/dalvikvm( 6748): VFY: replacing opcode 0x6e at 0x000a
05-20 16:35:09.721 I/dalvikvm( 6748): Could not find method android.app.enterprise.EnterpriseDeviceManager.getRestrictionPolicy, referenced from method com.pekall.emdm.b.b.a.d
05-20 16:35:09.728 W/dalvikvm( 6748): VFY: unable to resolve virtual method 1371: Landroid/app/enterprise/EnterpriseDeviceManager;.getRestrictionPolicy ()Landroid/app/enterprise/RestrictionPolicy;
05-20 16:35:09.728 D/dalvikvm( 6748): VFY: replacing opcode 0x6e at 0x000a
05-20 16:35:09.728 I/dalvikvm( 6748): Could not find method android.app.enterprise.EnterpriseDeviceManager.getLocationPolicy, referenced from method com.pekall.emdm.b.b.a.e
05-20 16:35:09.728 W/dalvikvm( 6748): VFY: unable to resolve virtual method 1368: Landroid/app/enterprise/EnterpriseDeviceManager;.getLocationPolicy ()Landroid/app/enterprise/LocationPolicy;
05-20 16:35:09.728 D/dalvikvm( 6748): VFY: replacing opcode 0x6e at 0x000a
05-20 16:35:09.728 I/dalvikvm( 6748): Could not find method android.app.enterprise.EnterpriseDeviceManager.getRestrictionPolicy, referenced from method com.pekall.emdm.b.b.a.f
05-20 16:35:09.728 W/dalvikvm( 6748): VFY: unable to resolve virtual method 1371: Landroid/app/enterprise/EnterpriseDeviceManager;.getRestrictionPolicy ()Landroid/app/enterprise/RestrictionPolicy;
05-20 16:35:09.728 D/dalvikvm( 6748): VFY: replacing opcode 0x6e at 0x000a
05-20 16:35:09.728 I/dalvikvm( 6748): Could not find method android.app.enterprise.EnterpriseDeviceManager.getWifiPolicy, referenced from method com.pekall.emdm.b.b.a.g
05-20 16:35:09.728 W/dalvikvm( 6748): VFY: unable to resolve virtual method 1374: Landroid/app/enterprise/EnterpriseDeviceManager;.getWifiPolicy ()Landroid/app/enterprise/WifiPolicy;
05-20 16:35:09.728 D/dalvikvm( 6748): VFY: replacing opcode 0x6e at 0x000a
05-20 16:35:09.728 I/dalvikvm( 6748): Could not find method android.app.enterprise.EnterpriseDeviceManager.getRestrictionPolicy, referenced from method com.pekall.emdm.b.b.a.h
05-20 16:35:09.728 W/dalvikvm( 6748): VFY: unable to resolve virtual method 1371: Landroid/app/enterprise/EnterpriseDeviceManager;.getRestrictionPolicy ()Landroid/app/enterprise/RestrictionPolicy;
05-20 16:35:09.728 D/dalvikvm( 6748): VFY: replacing opcode 0x6e at 0x000a
05-20 16:35:09.728 I/dalvikvm( 6748): Could not find method android.app.enterprise.EnterpriseDeviceManager.getRestrictionPolicy, referenced from method com.pekall.emdm.b.b.a.i
05-20 16:35:09.728 W/dalvikvm( 6748): VFY: unable to resolve virtual method 1371: Landroid/app/enterprise/EnterpriseDeviceManager;.getRestrictionPolicy ()Landroid/app/enterprise/RestrictionPolicy;
05-20 16:35:09.728 D/dalvikvm( 6748): VFY: replacing opcode 0x6e at 0x000a
05-20 16:35:09.728 I/dalvikvm( 6748): Could not find method android.app.enterprise.EnterpriseDeviceManager.getPhoneRestrictionPolicy, referenced from method com.pekall.emdm.b.b.a.j
05-20 16:35:09.728 W/dalvikvm( 6748): VFY: unable to resolve virtual method 1370: Landroid/app/enterprise/EnterpriseDeviceManager;.getPhoneRestrictionPolicy ()Landroid/app/enterprise/PhoneRestrictionPolicy;
05-20 16:35:09.728 D/dalvikvm( 6748): VFY: replacing opcode 0x6e at 0x000a
05-20 16:35:09.728 I/dalvikvm( 6748): Could not find method android.app.enterprise.EnterpriseDeviceManager.getWifiPolicy, referenced from method com.pekall.emdm.b.b.a.k
05-20 16:35:09.728 W/dalvikvm( 6748): VFY: unable to resolve virtual method 1374: Landroid/app/enterprise/EnterpriseDeviceManager;.getWifiPolicy ()Landroid/app/enterprise/WifiPolicy;
05-20 16:35:09.728 D/dalvikvm( 6748): VFY: replacing opcode 0x6e at 0x000a
05-20 16:35:09.728 I/dalvikvm( 6748): Could not find method android.app.enterprise.EnterpriseDeviceManager.getRestrictionPolicy, referenced from method com.pekall.emdm.b.b.a.l
05-20 16:35:09.728 W/dalvikvm( 6748): VFY: unable to resolve virtual method 1371: Landroid/app/enterprise/EnterpriseDeviceManager;.getRestrictionPolicy ()Landroid/app/enterprise/RestrictionPolicy;
05-20 16:35:09.728 D/dalvikvm( 6748): VFY: replacing opcode 0x6e at 0x000a
05-20 16:35:09.736 I/dalvikvm( 6748): Could not find method android.app.enterprise.EnterpriseDeviceManager.getBluetoothPolicy, referenced from method com.pekall.emdm.b.b.a.m
05-20 16:35:09.736 W/dalvikvm( 6748): VFY: unable to resolve virtual method 1365: Landroid/app/enterprise/EnterpriseDeviceManager;.getBluetoothPolicy ()Landroid/app/enterprise/BluetoothPolicy;
05-20 16:35:09.736 D/dalvikvm( 6748): VFY: replacing opcode 0x6e at 0x000a
05-20 16:35:09.736 I/dalvikvm( 6748): Could not find method android.app.enterprise.EnterpriseDeviceManager.getBluetoothPolicy, referenced from method com.pekall.emdm.b.b.a.n
05-20 16:35:09.736 W/dalvikvm( 6748): VFY: unable to resolve virtual method 1365: Landroid/app/enterprise/EnterpriseDeviceManager;.getBluetoothPolicy ()Landroid/app/enterprise/BluetoothPolicy;
05-20 16:35:09.736 D/dalvikvm( 6748): VFY: replacing opcode 0x6e at 0x000a
05-20 16:35:09.736 I/dalvikvm( 6748): Could not find method android.app.enterprise.EnterpriseDeviceManager.getBluetoothPolicy, referenced from method com.pekall.emdm.b.b.a.o
05-20 16:35:09.736 W/dalvikvm( 6748): VFY: unable to resolve virtual method 1365: Landroid/app/enterprise/EnterpriseDeviceManager;.getBluetoothPolicy ()Landroid/app/enterprise/BluetoothPolicy;
05-20 16:35:09.736 D/dalvikvm( 6748): VFY: replacing opcode 0x6e at 0x000a
05-20 16:35:09.736 I/dalvikvm( 6748): Could not find method android.app.enterprise.EnterpriseDeviceManager.getBluetoothPolicy, referenced from method com.pekall.emdm.b.b.a.p
05-20 16:35:09.736 W/dalvikvm( 6748): VFY: unable to resolve virtual method 1365: Landroid/app/enterprise/EnterpriseDeviceManager;.getBluetoothPolicy ()Landroid/app/enterprise/BluetoothPolicy;
05-20 16:35:09.736 D/dalvikvm( 6748): VFY: replacing opcode 0x6e at 0x000a
05-20 16:35:09.736 I/dalvikvm( 6748): Could not find method android.app.enterprise.EnterpriseDeviceManager.getRestrictionPolicy, referenced from method com.pekall.emdm.b.b.a.q
05-20 16:35:09.736 W/dalvikvm( 6748): VFY: unable to resolve virtual method 1371: Landroid/app/enterprise/EnterpriseDeviceManager;.getRestrictionPolicy ()Landroid/app/enterprise/RestrictionPolicy;
05-20 16:35:09.736 D/dalvikvm( 6748): VFY: replacing opcode 0x6e at 0x000a
05-20 16:35:09.736 I/dalvikvm( 6748): Could not find method android.app.enterprise.EnterpriseDeviceManager.getBluetoothPolicy, referenced from method com.pekall.emdm.b.b.a.r
05-20 16:35:09.736 W/dalvikvm( 6748): VFY: unable to resolve virtual method 1365: Landroid/app/enterprise/EnterpriseDeviceManager;.getBluetoothPolicy ()Landroid/app/enterprise/BluetoothPolicy;
05-20 16:35:09.736 D/dalvikvm( 6748): VFY: replacing opcode 0x6e at 0x000a
05-20 16:35:09.736 I/dalvikvm( 6748): Could not find method android.app.enterprise.EnterpriseDeviceManager.getRestrictionPolicy, referenced from method com.pekall.emdm.b.b.a.s
05-20 16:35:09.736 W/dalvikvm( 6748): VFY: unable to resolve virtual method 1371: Landroid/app/enterprise/EnterpriseDeviceManager;.getRestrictionPolicy ()Landroid/app/enterprise/RestrictionPolicy;
05-20 16:35:09.736 D/dalvikvm( 6748): VFY: replacing opcode 0x6e at 0x000a
05-20 16:35:09.736 I/dalvikvm( 6748): Could not find method android.app.enterprise.EnterpriseDeviceManager.getRestrictionPolicy, referenced from method com.pekall.emdm.b.b.a.t
05-20 16:35:09.736 W/dalvikvm( 6748): VFY: unable to resolve virtual method 1371: Landroid/app/enterprise/EnterpriseDeviceManager;.getRestrictionPolicy ()Landroid/app/enterprise/RestrictionPolicy;
05-20 16:35:09.736 D/dalvikvm( 6748): VFY: replacing opcode 0x6e at 0x000a
05-20 16:35:09.744 I/dalvikvm( 6748): Could not find method android.app.enterprise.EnterpriseDeviceManager.getRestrictionPolicy, referenced from method com.pekall.emdm.b.b.a.u
05-20 16:35:09.744 W/dalvikvm( 6748): VFY: unable to resolve virtual method 1371: Landroid/app/enterprise/EnterpriseDeviceManager;.getRestrictionPolicy ()Landroid/app/enterprise/RestrictionPolicy;
05-20 16:35:09.744 D/dalvikvm( 6748): VFY: replacing opcode 0x6e at 0x000a
05-20 16:35:09.744 I/dalvikvm( 6748): Could not find method android.app.enterprise.EnterpriseDeviceManager.getRestrictionPolicy, referenced from method com.pekall.emdm.b.b.a.v
05-20 16:35:09.744 W/dalvikvm( 6748): VFY: unable to resolve virtual method 1371: Landroid/app/enterprise/EnterpriseDeviceManager;.getRestrictionPolicy ()Landroid/app/enterprise/RestrictionPolicy;
05-20 16:35:09.744 D/dalvikvm( 6748): VFY: replacing opcode 0x6e at 0x000a
05-20 16:35:09.744 I/dalvikvm( 6748): Could not find method android.app.enterprise.EnterpriseDeviceManager.getRestrictionPolicy, referenced from method com.pekall.emdm.b.b.a.w
05-20 16:35:09.744 W/dalvikvm( 6748): VFY: unable to resolve virtual method 1371: Landroid/app/enterprise/EnterpriseDeviceManager;.getRestrictionPolicy ()Landroid/app/enterprise/RestrictionPolicy;
05-20 16:35:09.744 D/dalvikvm( 6748): VFY: replacing opcode 0x6e at 0x000a
05-20 16:35:09.744 I/dalvikvm( 6748): Could not find method android.app.enterprise.EnterpriseDeviceManager.getRestrictionPolicy, referenced from method com.pekall.emdm.b.b.a.x
05-20 16:35:09.744 W/dalvikvm( 6748): VFY: unable to resolve virtual method 1371: Landroid/app/enterprise/EnterpriseDeviceManager;.getRestrictionPolicy ()Landroid/app/enterprise/RestrictionPolicy;
05-20 16:35:09.744 D/dalvikvm( 6748): VFY: replacing opcode 0x6e at 0x000a
05-20 16:35:09.744 I/dalvikvm( 6748): Could not find method android.app.enterprise.EnterpriseDeviceManager.getPasswordPolicy, referenced from method com.pekall.emdm.b.b.a.y
05-20 16:35:09.744 W/dalvikvm( 6748): VFY: unable to resolve virtual method 1369: Landroid/app/enterprise/EnterpriseDeviceManager;.getPasswordPolicy ()Landroid/app/enterprise/PasswordPolicy;
05-20 16:35:09.744 D/dalvikvm( 6748): VFY: replacing opcode 0x6e at 0x000a
05-20 16:35:09.744 I/dalvikvm( 6748): Could not find method android.app.enterprise.EnterpriseDeviceManager.getRestrictionPolicy, referenced from method com.pekall.emdm.b.b.a.z
05-20 16:35:09.744 W/dalvikvm( 6748): VFY: unable to resolve virtual method 1371: Landroid/app/enterprise/EnterpriseDeviceManager;.getRestrictionPolicy ()Landroid/app/enterprise/RestrictionPolicy;
05-20 16:35:09.744 D/dalvikvm( 6748): VFY: replacing opcode 0x6e at 0x000a
05-20 16:35:09.752 W/Parcel  ( 1661): Attempt to read object from Parcel 0x5ded3dac at offset 200 that is not in the object list
05-20 16:35:09.752 I/ActivityManager(  374): START u0 {cmp=com.pekall.emdm.launcher/com.pekall.emdm.ui.RegDeviceActivity} from pid 6748
05-20 16:35:09.814 V/LauncherApplication( 6748): onActivityStarted
05-20 16:35:09.916 D/        ( 6748): [---null: -1---]     awsa  onActivityResumed
05-20 16:35:09.916 V/LauncherApplication( 6748): 2MdmConstant.LAST_LAUNCH_TIME = 1400574900311
05-20 16:35:09.931 D/        ( 6748): [---null: -1---]  activity = com.pekall.emdm.ui.RegDeviceActivity
05-20 16:35:09.994 D/dalvikvm( 5317): GC_CONCURRENT freed 329K, 4% free 9446K/9816K, paused 87ms+20ms, total 427ms
05-20 16:35:10.111 I/ActivityManager(  374): Displayed com.pekall.emdm.launcher/com.pekall.emdm.ui.RegDeviceActivity: +330ms
05-20 16:35:13.721 D/dalvikvm( 6664): GC_FOR_ALLOC freed 7586K, 93% free 605K/8192K, paused 23ms, total 23ms
05-20 16:35:13.736 I/QueryController( 6664): Matched selector: UiSelector[TEXT=Server, ENABLED=true] <<==>> [android.view.accessibility.AccessibilityNodeInfo@e1df; boundsInParent: Rect(0, 0 - 621, 76); boundsInScreen: Rect(49, 280 - 670, 356); packageName: com.pekall.emdm.launcher; className: android.widget.EditText; text: Server; contentDescription: null; viewIdResName: com.pekall.emdm.launcher:id/mdm_edit; checkable: false; checked: false; focusable: true; focused: true; selected: false; clickable: true; longClickable: true; enabled: true; password: false; scrollable: false; [ACTION_CLEAR_FOCUS, ACTION_SELECT, ACTION_CLEAR_SELECTION, ACTION_CLICK, ACTION_LONG_CLICK, ACTION_ACCESSIBILITY_FOCUS]]
05-20 16:35:13.752 I/QueryController( 6664): Matched selector: UiSelector[TEXT=Server] <<==>> [android.view.accessibility.AccessibilityNodeInfo@e1df; boundsInParent: Rect(0, 0 - 621, 76); boundsInScreen: Rect(49, 280 - 670, 356); packageName: com.pekall.emdm.launcher; className: android.widget.EditText; text: Server; contentDescription: null; viewIdResName: com.pekall.emdm.launcher:id/mdm_edit; checkable: false; checked: false; focusable: true; focused: true; selected: false; clickable: true; longClickable: true; enabled: true; password: false; scrollable: false; [ACTION_CLEAR_FOCUS, ACTION_SELECT, ACTION_CLEAR_SELECTION, ACTION_CLICK, ACTION_LONG_CLICK, ACTION_ACCESSIBILITY_FOCUS]]
