05-20 18:34:39.603 D/        (11191): [---null: -1---]  activity = com.pekall.emdm.launcher.Launcher
05-20 18:34:39.611 V/DefultSetContriller(11191): isLauncherDf = com.pekall.emdm.launcher
05-20 18:34:39.611 V/DefultSetContriller(11191): isLauncherDf = com.pekall.emdm.launcher
05-20 18:34:39.611 V/DefultSetContriller(11191): isPhoneDf = com.pekall.emdm.launcher
05-20 18:34:39.611 E/LauncherApplication(11191): isShowLogoutUI = true
05-20 18:34:39.611 E/LauncherApplication(11191): LogoutShowTime 1
05-20 18:34:39.611 V/Launcher(11191): onResume1111111 
05-20 18:34:39.611 V/Launcher(11191): is login ----> 
05-20 18:34:39.619 I/System.out(11191):  
05-20 18:34:39.619 I/System.out(11191): com.pekall.emdm.launcher.Workspace.setWallpaper(Unknown Source)
05-20 18:34:39.619 I/System.out(11191): com.pekall.emdm.launcher.Launcher.onResume(Unknown Source)
05-20 18:34:39.619 I/System.out(11191): android.app.Instrumentation.callActivityOnResume(Instrumentation.java:1192)
05-20 18:34:39.619 I/System.out(11191): android.app.Activity.performResume(Activity.java:5211)
05-20 18:34:39.619 I/System.out(11191): android.app.ActivityThread.performResumeActivity(ActivityThread.java:2780)
05-20 18:34:39.619 I/System.out(11191): android.app.ActivityThread.handleResumeActivity(ActivityThread.java:2819)
05-20 18:34:39.619 I/System.out(11191): android.app.ActivityThread$H.handleMessage(ActivityThread.java:1298)
05-20 18:34:39.619 I/System.out(11191): android.os.Handler.dispatchMessage(Handler.java:99)
05-20 18:34:39.619 I/System.out(11191): android.os.Looper.loop(Looper.java:137)
05-20 18:34:39.619 I/System.out(11191): android.app.ActivityThread.main(ActivityThread.java:5103)
05-20 18:34:39.619 I/System.out(11191): java.lang.reflect.Method.invokeNative(Native Method)
05-20 18:34:39.619 I/System.out(11191): java.lang.reflect.Method.invoke(Method.java:525)
05-20 18:34:39.619 I/System.out(11191): com.android.internal.os.ZygoteInit$MethodAndArgsCaller.run(ZygoteInit.java:737)
05-20 18:34:39.619 I/System.out(11191): com.android.internal.os.ZygoteInit.main(ZygoteInit.java:553)
05-20 18:34:39.619 I/System.out(11191): dalvik.system.NativeStart.main(Native Method)
05-20 18:34:39.877 D/dalvikvm(11191): JIT unchain all for threadid=11
05-20 18:34:39.924 D/dalvikvm(11191): GC_FOR_ALLOC freed 4576K, 30% free 27152K/38488K, paused 302ms, total 304ms
05-20 18:34:40.330 V/CounterTextView(11191): draw
05-20 18:34:40.330 V/CounterTextView(11191): count = 1
05-20 18:34:40.330 D/MDM :   (11191): [null:-1]->zzzzz   getWidth() 175
05-20 18:34:40.338 D/MDM :   (11191): [null:-1]->zzzzz   ++++++++++++++++mWidthTemp <getWidth()(Offset) 0
05-20 18:34:40.338 V/CounterTextView(11191): xxxxxxx   136
05-20 18:34:40.338 V/CounterTextView(11191): draw
05-20 18:34:40.338 V/CounterTextView(11191): count = 1
05-20 18:34:40.346 D/MDM :   (11191): [null:-1]->zzzzz   getWidth() 175
05-20 18:34:40.346 D/MDM :   (11191): [null:-1]->zzzzz   ++++++++++++++++mWidthTemp <getWidth()(Offset) 0
05-20 18:34:40.346 V/CounterTextView(11191): xxxxxxx   136
05-20 18:34:40.369 V/CounterTextView(11191): draw
05-20 18:34:40.369 V/CounterTextView(11191): count = 1
05-20 18:34:40.369 D/MDM :   (11191): [null:-1]->zzzzz   getWidth() 175
05-20 18:34:40.369 D/MDM :   (11191): [null:-1]->zzzzz   ++++++++++++++++mWidthTemp <getWidth()(Offset) 0
05-20 18:34:40.369 V/CounterTextView(11191): xxxxxxx   136
05-20 18:34:40.377 V/CounterTextView(11191): draw
05-20 18:34:40.377 V/CounterTextView(11191): count = 1
05-20 18:34:40.377 D/MDM :   (11191): [null:-1]->zzzzz   getWidth() 175
05-20 18:34:40.377 D/MDM :   (11191): [null:-1]->zzzzz   ++++++++++++++++mWidthTemp <getWidth()(Offset) 0
05-20 18:34:40.377 V/CounterTextView(11191): xxxxxxx   136
05-20 18:34:40.431 I/QueryController(11400): Matched selector: UiSelector[TEXT=Message Center, CLASS=android.widget.TextView, PACKAGE NAME=com.pekall.emdm.launcher] <<==>> [android.view.accessibility.AccessibilityNodeInfo@25673; boundsInParent: Rect(0, 0 - 175, 255); boundsInScreen: Rect(185, 335 - 360, 590); packageName: com.pekall.emdm.launcher; className: android.widget.TextView; text: Message Center; contentDescription: null; viewIdResName: com.pekall.emdm.launcher:id/name; checkable: false; checked: false; focusable: false; focused: false; selected: false; clickable: false; longClickable: false; enabled: true; password: false; scrollable: false; [ACTION_SELECT, ACTION_CLEAR_SELECTION, ACTION_ACCESSIBILITY_FOCUS, ACTION_NEXT_AT_MOVEMENT_GRANULARITY, ACTION_PREVIOUS_AT_MOVEMENT_GRANULARITY, ACTION_SET_SELECTION]]
05-20 18:34:40.939 I/QueryController(11400): Matched selector: UiSelector[TEXT=Message Center, CLASS=android.widget.TextView, PACKAGE NAME=com.pekall.emdm.launcher] <<==>> [android.view.accessibility.AccessibilityNodeInfo@25673; boundsInParent: Rect(0, 0 - 175, 255); boundsInScreen: Rect(185, 335 - 360, 590); packageName: com.pekall.emdm.launcher; className: android.widget.TextView; text: Message Center; contentDescription: null; viewIdResName: com.pekall.emdm.launcher:id/name; checkable: false; checked: false; focusable: false; focused: false; selected: false; clickable: false; longClickable: false; enabled: true; password: false; scrollable: false; [ACTION_SELECT, ACTION_CLEAR_SELECTION, ACTION_ACCESSIBILITY_FOCUS, ACTION_NEXT_AT_MOVEMENT_GRANULARITY, ACTION_PREVIOUS_AT_MOVEMENT_GRANULARITY, ACTION_SET_SELECTION]]
05-20 18:34:40.939 D/UiObject(11400): getText() = Message Center
05-20 18:34:40.971 I/QueryController(11400): Matched selector: UiSelector[TEXT=Message Center, CLASS=android.widget.TextView, PACKAGE NAME=com.pekall.emdm.launcher] <<==>> [android.view.accessibility.AccessibilityNodeInfo@25673; boundsInParent: Rect(0, 0 - 175, 255); boundsInScreen: Rect(185, 335 - 360, 590); packageName: com.pekall.emdm.launcher; className: android.widget.TextView; text: Message Center; contentDescription: null; viewIdResName: com.pekall.emdm.launcher:id/name; checkable: false; checked: false; focusable: false; focused: false; selected: false; clickable: false; longClickable: false; enabled: true; password: false; scrollable: false; [ACTION_SELECT, ACTION_CLEAR_SELECTION, ACTION_ACCESSIBILITY_FOCUS, ACTION_NEXT_AT_MOVEMENT_GRANULARITY, ACTION_PREVIOUS_AT_MOVEMENT_GRANULARITY, ACTION_SET_SELECTION]]
05-20 18:34:41.010 I/QueryController(11400): Matched selector: UiSelector[TEXT=Message Center, CLASS=android.widget.TextView, PACKAGE NAME=com.pekall.emdm.launcher] <<==>> [android.view.accessibility.AccessibilityNodeInfo@25673; boundsInParent: Rect(0, 0 - 175, 255); boundsInScreen: Rect(185, 335 - 360, 590); packageName: com.pekall.emdm.launcher; className: android.widget.TextView; text: Message Center; contentDescription: null; viewIdResName: com.pekall.emdm.launcher:id/name; checkable: false; checked: false; focusable: false; focused: false; selected: false; clickable: false; longClickable: false; enabled: true; password: false; scrollable: false; [ACTION_SELECT, ACTION_CLEAR_SELECTION, ACTION_ACCESSIBILITY_FOCUS, ACTION_NEXT_AT_MOVEMENT_GRANULARITY, ACTION_PREVIOUS_AT_MOVEMENT_GRANULARITY, ACTION_SET_SELECTION]]
05-20 18:34:41.010 D/InteractionController(11400): clickAndWaitForNewWindow(272, 462)
05-20 18:34:41.181 W/Parcel  ( 1661): Attempt to read object from Parcel 0x5ded3dac at offset 200 that is not in the object list
05-20 18:34:41.181 I/ActivityManager(  374): START u0 {flg=0x10000000 cmp=com.pekall.emdm.launcher/com.pekall.emdm.messagecenter.activity.MessageMainActivity} from pid 11191
05-20 18:34:41.361 D/dalvikvm(  374): GC_FOR_ALLOC freed 3917K, 26% free 21011K/28292K, paused 148ms, total 151ms
05-20 18:34:41.385 D/LauncherApplication(11191): [null:-1]->onActivityPaused
05-20 18:34:41.385 D/LauncherApplication(11191): [null:-1]->onActivityPaused  updateTime
05-20 18:34:41.478 V/LauncherApplication(11191): onActivityStarted
05-20 18:34:41.478 D/        (11191): [---null: -1---]     awsa  onActivityResumed
05-20 18:34:41.478 V/LauncherApplication(11191): 2MdmConstant.LAST_LAUNCH_TIME = 1400582081395
05-20 18:34:41.486 D/        (11191): [---null: -1---]  activity = com.pekall.emdm.messagecenter.activity.MessageMainActivity
05-20 18:34:41.486 V/DefultSetContriller(11191): isLauncherDf = com.pekall.emdm.launcher
05-20 18:34:41.494 V/DefultSetContriller(11191): isPhoneDf = com.pekall.emdm.launcher
05-20 18:34:41.494 E/LauncherApplication(11191): isShowLogoutUI = true
05-20 18:34:41.494 E/LauncherApplication(11191): LogoutShowTime 1
05-20 18:34:41.752 I/ActivityManager(  374): Displayed com.pekall.emdm.launcher/com.pekall.emdm.messagecenter.activity.MessageMainActivity: +363ms (total +2s779ms)
05-20 18:34:42.447 I/QueryController(11400): Matched selector: UiSelector[TEXT=push message, CLASS=android.widget.TextView, PACKAGE NAME=com.pekall.emdm.launcher] <<==>> [android.view.accessibility.AccessibilityNodeInfo@2ff64; boundsInParent: Rect(0, 0 - 186, 38); boundsInScreen: Rect(87, 79 - 273, 117); packageName: com.pekall.emdm.launcher; className: android.widget.TextView; text: push message; contentDescription: null; viewIdResName: android:id/title; checkable: false; checked: false; focusable: false; focused: false; selected: true; clickable: false; longClickable: false; enabled: true; password: false; scrollable: false; [ACTION_SELECT, ACTION_CLEAR_SELECTION, ACTION_ACCESSIBILITY_FOCUS, ACTION_NEXT_AT_MOVEMENT_GRANULARITY, ACTION_PREVIOUS_AT_MOVEMENT_GRANULARITY, ACTION_SET_SELECTION]]
05-20 18:34:42.502 I/QueryController(11400): Matched selector: UiSelector[TEXT=push message, CLASS=android.widget.TextView, PACKAGE NAME=com.pekall.emdm.launcher] <<==>> [android.view.accessibility.AccessibilityNodeInfo@2ff64; boundsInParent: Rect(0, 0 - 186, 38); boundsInScreen: Rect(87, 79 - 273, 117); packageName: com.pekall.emdm.launcher; className: android.widget.TextView; text: push message; contentDescription: null; viewIdResName: android:id/title; checkable: false; checked: false; focusable: false; focused: false; selected: true; clickable: false; longClickable: false; enabled: true; password: false; scrollable: false; [ACTION_SELECT, ACTION_CLEAR_SELECTION, ACTION_ACCESSIBILITY_FOCUS, ACTION_NEXT_AT_MOVEMENT_GRANULARITY, ACTION_PREVIOUS_AT_MOVEMENT_GRANULARITY, ACTION_SET_SELECTION]]
05-20 18:34:42.502 D/InteractionController(11400): clickAndSync(180, 98)
05-20 18:34:43.213 D/LightsService(  374): Excessive delay setting light: 52ms
05-20 18:34:45.244 D/dalvikvm(11400): GC_FOR_ALLOC freed 7557K, 93% free 634K/8192K, paused 32ms, total 32ms
05-20 18:34:45.392 D/dalvikvm(11400): GC_CONCURRENT freed 423K, 77% free 623K/2620K, paused 1ms+1ms, total 12ms
05-20 18:34:45.580 D/dalvikvm(11400): GC_CONCURRENT freed 385K, 77% free 626K/2620K, paused 2ms+0ms, total 6ms
05-20 18:34:45.744 D/dalvikvm(11400): GC_CONCURRENT freed 390K, 77% free 625K/2620K, paused 2ms+1ms, total 7ms
05-20 18:34:45.900 D/dalvikvm(11400): GC_CONCURRENT freed 388K, 77% free 626K/2620K, paused 2ms+1ms, total 6ms
05-20 18:34:46.025 D/dalvikvm(11400): GC_CONCURRENT freed 388K, 77% free 626K/2620K, paused 1ms+1ms, total 5ms
05-20 18:34:46.174 D/dalvikvm(11400): GC_CONCURRENT freed 390K, 77% free 625K/2620K, paused 2ms+1ms, total 6ms
05-20 18:34:46.291 D/dalvikvm(11400): GC_CONCURRENT freed 387K, 77% free 626K/2620K, paused 2ms+0ms, total 6ms
05-20 18:34:46.463 D/dalvikvm(11400): GC_CONCURRENT freed 406K, 77% free 609K/2620K, paused 1ms+0ms, total 6ms
05-20 18:34:46.611 D/dalvikvm(11400): GC_CONCURRENT freed 372K, 77% free 626K/2620K, paused 1ms+1ms, total 5ms
05-20 18:34:46.744 D/dalvikvm(11400): GC_CONCURRENT freed 404K, 77% free 610K/2620K, paused 1ms+1ms, total 5ms
05-20 18:34:46.885 D/dalvikvm(11400): GC_CONCURRENT freed 374K, 77% free 625K/2620K, paused 1ms+1ms, total 5ms
05-20 18:34:47.025 D/dalvikvm(11400): GC_CONCURRENT freed 389K, 77% free 625K/2620K, paused 1ms+0ms, total 5ms
05-20 18:34:47.150 D/dalvikvm(11400): GC_CONCURRENT freed 389K, 77% free 625K/2620K, paused 2ms+0ms, total 6ms
05-20 18:34:47.494 D/dalvikvm(11191): JIT unchain all for threadid=11
05-20 18:34:47.830 D/dalvikvm(11191): JIT unchain all for threadid=11
05-20 18:34:47.900 D/dalvikvm(11191): GC_CONCURRENT freed 5971K, 23% free 27155K/35152K, paused 265ms+281ms, total 656ms
05-20 18:34:48.010 D/dalvikvm(11400): GC_CONCURRENT freed 403K, 77% free 610K/2620K, paused 2ms+0ms, total 6ms
05-20 18:34:48.166 D/dalvikvm(11400): GC_CONCURRENT freed 389K, 77% free 610K/2620K, paused 0ms+1ms, total 5ms
05-20 18:34:48.306 D/dalvikvm(11400): GC_CONCURRENT freed 374K, 77% free 625K/2620K, paused 2ms+0ms, total 6ms
05-20 18:34:48.455 D/dalvikvm(11400): GC_CONCURRENT freed 389K, 77% free 625K/2620K, paused 1ms+0ms, total 5ms
05-20 18:34:48.588 D/dalvikvm(11400): GC_CONCURRENT freed 404K, 77% free 609K/2620K, paused 1ms+0ms, total 5ms
05-20 18:34:48.736 D/dalvikvm(11400): GC_CONCURRENT freed 373K, 77% free 625K/2620K, paused 1ms+0ms, total 5ms
05-20 18:34:48.869 D/dalvikvm(11400): GC_CONCURRENT freed 405K, 77% free 610K/2620K, paused 2ms+1ms, total 6ms
05-20 18:34:49.010 D/dalvikvm(11400): GC_CONCURRENT freed 376K, 77% free 621K/2620K, paused 1ms+1ms, total 5ms
05-20 18:34:49.150 D/dalvikvm(11400): GC_CONCURRENT freed 405K, 77% free 605K/2620K, paused 0ms+0ms, total 4ms
05-20 18:34:49.291 D/dalvikvm(11400): GC_CONCURRENT freed 369K, 77% free 625K/2620K, paused 1ms+0ms, total 5ms
05-20 18:34:49.424 D/dalvikvm(11400): GC_CONCURRENT freed 404K, 77% free 609K/2620K, paused 0ms+0ms, total 4ms
05-20 18:34:49.556 D/dalvikvm(11400): GC_CONCURRENT freed 373K, 77% free 625K/2620K, paused 1ms+0ms, total 5ms
05-20 18:34:49.721 D/dalvikvm(11400): GC_CONCURRENT freed 404K, 77% free 609K/2620K, paused 1ms+0ms, total 12ms
05-20 18:34:49.885 D/dalvikvm(11400): GC_CONCURRENT freed 389K, 77% free 609K/2620K, paused 0ms+0ms, total 12ms
05-20 18:34:50.064 D/dalvikvm(11400): GC_CONCURRENT freed 373K, 77% free 625K/2620K, paused 2ms+0ms, total 13ms
05-20 18:34:50.244 D/dalvikvm(11400): GC_CONCURRENT freed 389K, 77% free 625K/2620K, paused 2ms+0ms, total 11ms
05-20 18:34:50.416 D/dalvikvm(11400): GC_CONCURRENT freed 404K, 77% free 610K/2620K, paused 0ms+1ms, total 13ms
05-20 18:34:50.572 D/dalvikvm(11400): GC_CONCURRENT freed 373K, 77% free 626K/2620K, paused 1ms+0ms, total 10ms
05-20 18:34:50.760 D/dalvikvm(11400): GC_CONCURRENT freed 389K, 77% free 626K/2620K, paused 2ms+0ms, total 10ms
05-20 18:34:50.994 D/dalvikvm(11400): GC_CONCURRENT freed 404K, 77% free 610K/2620K, paused 2ms+0ms, total 16ms
05-20 18:34:51.228 D/dalvikvm(11400): GC_CONCURRENT freed 373K, 77% free 626K/2620K, paused 2ms+0ms, total 14ms
05-20 18:34:51.471 D/dalvikvm(11400): GC_CONCURRENT freed 388K, 77% free 626K/2620K, paused 2ms+1ms, total 11ms
05-20 18:34:51.681 D/dalvikvm(11400): GC_CONCURRENT freed 406K, 77% free 609K/2620K, paused 2ms+0ms, total 13ms
05-20 18:34:51.822 D/dalvikvm(11400): GC_CONCURRENT freed 372K, 77% free 626K/2620K, paused 1ms+0ms, total 6ms
05-20 18:34:51.955 D/dalvikvm(11400): GC_CONCURRENT freed 389K, 77% free 626K/2620K, paused 1ms+0ms, total 6ms
05-20 18:34:52.088 D/dalvikvm(11400): GC_CONCURRENT freed 404K, 77% free 610K/2620K, paused 0ms+1ms, total 4ms
05-20 18:34:52.221 D/dalvikvm(11400): GC_CONCURRENT freed 373K, 77% free 626K/2620K, paused 2ms+1ms, total 6ms
05-20 18:34:52.369 D/dalvikvm(11400): GC_CONCURRENT freed 388K, 77% free 626K/2620K, paused 2ms+0ms, total 6ms
05-20 18:34:52.494 D/dalvikvm(11400): GC_CONCURRENT freed 406K, 77% free 609K/2620K, paused 0ms+1ms, total 4ms
05-20 18:34:52.642 D/dalvikvm(11400): GC_CONCURRENT freed 372K, 77% free 626K/2620K, paused 1ms+0ms, total 6ms
05-20 18:34:52.775 D/dalvikvm(11400): GC_CONCURRENT freed 389K, 77% free 626K/2620K, paused 1ms+0ms, total 6ms
05-20 18:34:52.931 D/dalvikvm(11400): GC_CONCURRENT freed 404K, 77% free 610K/2620K, paused 0ms+1ms, total 4ms
05-20 18:34:53.072 D/dalvikvm(11400): GC_CONCURRENT freed 373K, 77% free 626K/2620K, paused 2ms+0ms, total 6ms
05-20 18:34:53.205 D/dalvikvm(11400): GC_CONCURRENT freed 390K, 77% free 625K/2620K, paused 1ms+1ms, total 5ms
05-20 18:34:53.346 D/dalvikvm(11400): GC_CONCURRENT freed 405K, 77% free 610K/2620K, paused 1ms+0ms, total 5ms
05-20 18:34:53.486 D/dalvikvm(11400): GC_CONCURRENT freed 372K, 77% free 626K/2620K, paused 1ms+1ms, total 6ms
05-20 18:34:53.611 D/dalvikvm(11400): GC_CONCURRENT freed 389K, 77% free 626K/2620K, paused 1ms+0ms, total 6ms
05-20 18:34:53.752 D/dalvikvm(11400): GC_CONCURRENT freed 404K, 77% free 610K/2620K, paused 1ms+0ms, total 5ms
05-20 18:34:53.900 D/dalvikvm(11400): GC_CONCURRENT freed 373K, 77% free 626K/2620K, paused 1ms+1ms, total 5ms
05-20 18:34:54.033 D/dalvikvm(11400): GC_CONCURRENT freed 389K, 77% free 626K/2620K, paused 1ms+0ms, total 6ms
05-20 18:34:54.080 D/dalvikvm( 2462): GC_CONCURRENT freed 481K, 7% free 9753K/10412K, paused 18ms+102ms, total 632ms
05-20 18:34:54.174 D/dalvikvm(11400): GC_CONCURRENT freed 404K, 77% free 610K/2620K, paused 1ms+0ms, total 4ms
05-20 18:34:54.314 D/dalvikvm(11400): GC_CONCURRENT freed 374K, 77% free 625K/2620K, paused 2ms+0ms, total 6ms
05-20 18:34:54.447 D/dalvikvm(11400): GC_CONCURRENT freed 405K, 77% free 609K/2620K, paused 2ms+1ms, total 7ms
05-20 18:34:54.588 D/dalvikvm(11400): GC_CONCURRENT freed 387K, 77% free 610K/2620K, paused 0ms+0ms, total 4ms
05-20 18:34:54.721 D/dalvikvm(11400): GC_CONCURRENT freed 374K, 77% free 625K/2620K, paused 1ms+1ms, total 5ms
05-20 18:34:54.869 D/dalvikvm(11400): GC_CONCURRENT freed 389K, 77% free 625K/2620K, paused 2ms+1ms, total 6ms
05-20 18:34:55.002 D/dalvikvm(11400): GC_CONCURRENT freed 404K, 77% free 610K/2620K, paused 0ms+0ms, total 5ms
05-20 18:34:55.111 W/ActivityManager(  374): Timeout executing service: ServiceRecord{42a20660 u0 com.pekall.emdm.launcher/com.baidu.location.f}
05-20 18:34:55.127 I/Process (  374): Sending signal. PID: 11435 SIG: 3
05-20 18:34:55.135 I/dalvikvm(11435): threadid=3: reacting to signal 3
05-20 18:34:55.166 D/dalvikvm(11400): GC_CONCURRENT freed 373K, 77% free 626K/2620K, paused 2ms+0ms, total 6ms
05-20 18:34:55.291 D/dalvikvm(11400): GC_CONCURRENT freed 404K, 77% free 610K/2620K, paused 1ms+0ms, total 5ms
05-20 18:34:55.330 I/Process (  374): Sending signal. PID: 374 SIG: 3
05-20 18:34:55.330 I/dalvikvm(  374): threadid=3: reacting to signal 3
05-20 18:34:55.385 D/dalvikvm(11435): JIT unchain all for threadid=12
05-20 18:34:55.439 I/dalvikvm(11435): Wrote stack traces to '/data/anr/traces.txt'
05-20 18:34:56.955 I/dalvikvm(  374): Wrote stack traces to '/data/anr/traces.txt'
05-20 18:34:56.955 I/Process (  374): Sending signal. PID: 448 SIG: 3
05-20 18:34:56.955 I/dalvikvm(  448): threadid=3: reacting to signal 3
05-20 18:34:56.963 I/Process (  374): Sending signal. PID: 561 SIG: 3
05-20 18:34:56.963 I/dalvikvm(  561): threadid=3: reacting to signal 3
05-20 18:34:57.056 D/dalvikvm(11400): GC_CONCURRENT freed 390K, 77% free 609K/2620K, paused 1ms+0ms, total 6ms
05-20 18:34:57.064 I/dalvikvm(  561): Wrote stack traces to '/data/anr/traces.txt'
05-20 18:34:57.064 I/Process (  374): Sending signal. PID: 568 SIG: 3
05-20 18:34:57.064 I/dalvikvm(  568): threadid=3: reacting to signal 3
05-20 18:34:57.119 I/dalvikvm(  568): Wrote stack traces to '/data/anr/traces.txt'
05-20 18:34:57.299 D/dalvikvm(11400): GC_CONCURRENT freed 387K, 77% free 610K/2620K, paused 0ms+1ms, total 4ms
05-20 18:34:57.478 D/dalvikvm(11400): GC_CONCURRENT freed 390K, 77% free 609K/2620K, paused 2ms+0ms, total 6ms
05-20 18:34:57.572 I/dalvikvm(  448): Wrote stack traces to '/data/anr/traces.txt'
05-20 18:34:57.697 D/dalvikvm(11400): GC_CONCURRENT freed 389K, 77% free 610K/2620K, paused 1ms+1ms, total 14ms
05-20 18:34:57.830 D/dalvikvm(  374): GC_CONCURRENT freed 2157K, 23% free 21838K/28292K, paused 2ms+24ms, total 216ms
05-20 18:34:57.830 D/dalvikvm(  374): WAIT_FOR_CONCURRENT_GC blocked 194ms
05-20 18:34:57.892 D/dalvikvm(11400): GC_CONCURRENT freed 372K, 77% free 626K/2620K, paused 1ms+0ms, total 8ms
05-20 18:34:58.017 D/dalvikvm(  374): GC_EXPLICIT freed 25K, 23% free 21814K/28292K, paused 4ms+23ms, total 187ms
05-20 18:34:58.096 D/dalvikvm(11400): GC_CONCURRENT freed 406K, 77% free 609K/2620K, paused 2ms+0ms, total 10ms
05-20 18:34:58.213 D/LightsService(  374): Excessive delay setting light: 135ms
05-20 18:34:58.283 D/dalvikvm(11400): GC_CONCURRENT freed 388K, 77% free 610K/2620K, paused 2ms+0ms, total 11ms
05-20 18:34:58.431 D/LightsService(  374): Excessive delay setting light: 148ms
05-20 18:34:58.439 D/dalvikvm(11400): GC_CONCURRENT freed 388K, 77% free 610K/2620K, paused 0ms+1ms, total 9ms
05-20 18:34:58.650 D/dalvikvm(11400): GC_CONCURRENT freed 390K, 77% free 609K/2620K, paused 1ms+0ms, total 15ms
05-20 18:34:58.650 I/Process (  374): Sending signal. PID: 11191 SIG: 3
05-20 18:34:58.650 I/dalvikvm(11191): threadid=3: reacting to signal 3
05-20 18:34:58.846 I/Process (  374): Sending signal. PID: 1661 SIG: 3
05-20 18:34:58.846 I/dalvikvm( 1661): threadid=3: reacting to signal 3
05-20 18:34:58.900 D/dalvikvm(11191): JIT unchain all for threadid=11
05-20 18:34:58.994 I/dalvikvm( 1661): Wrote stack traces to '/data/anr/traces.txt'
05-20 18:34:58.994 I/Process (  374): Sending signal. PID: 8748 SIG: 3
05-20 18:34:59.002 I/dalvikvm( 8748): threadid=3: reacting to signal 3
05-20 18:34:59.025 I/dalvikvm(11191): Wrote stack traces to '/data/anr/traces.txt'
05-20 18:34:59.041 I/dalvikvm( 8748): Wrote stack traces to '/data/anr/traces.txt'
05-20 18:34:59.041 E/ActivityManager(  374): ANR in com.pekall.emdm.launcher:remote
05-20 18:34:59.041 E/ActivityManager(  374): Reason: Executing service com.pekall.emdm.launcher/com.baidu.location.f
05-20 18:34:59.041 E/ActivityManager(  374): Load: 3.01 / 2.08 / 1.89
05-20 18:34:59.041 E/ActivityManager(  374): CPU usage from 8727ms to 0ms ago:
05-20 18:34:59.041 E/ActivityManager(  374):   88% 11191/com.pekall.emdm.launcher: 86% user + 2.1% kernel / faults: 4815 minor
05-20 18:34:59.041 E/ActivityManager(  374):   84% 11435/com.pekall.emdm.launcher:remote: 83% user + 0.1% kernel
05-20 18:34:59.041 E/ActivityManager(  374):   18% 11400/uiautomator: 16% user + 1.4% kernel / faults: 1481 minor
05-20 18:34:59.041 E/ActivityManager(  374):   5.1% 374/system_server: 2.6% user + 2.5% kernel / faults: 84 minor
05-20 18:34:59.041 E/ActivityManager(  374):   1.3% 135/adbd: 0.2% user + 1.1% kernel
05-20 18:34:59.041 E/ActivityManager(  374):   0.9% 1661/com.qihoo360.mobilesafe:GuardService: 0.9% user + 0% kernel
05-20 18:34:59.041 E/ActivityManager(  374):   0.3% 2462/com.dragon.android.pandaspace: 0.2% user + 0.1% kernel / faults: 152 minor
05-20 18:34:59.041 E/ActivityManager(  374):   0.3% 8748/com.qihoo.appstore: 0.3% user + 0% kernel / faults: 2 minor
05-20 18:34:59.041 E/ActivityManager(  374):   0.2% 116/servicemanager: 0.1% user + 0.1% kernel
05-20 18:34:59.041 E/ActivityManager(  374):   0.2% 448/com.android.systemui: 0.2% user + 0% kernel / faults: 5 minor
05-20 18:34:59.041 E/ActivityManager(  374):   0.2% 11097/kworker/0:2: 0% user + 0.2% kernel
05-20 18:34:59.041 E/ActivityManager(  374):   0% 92/dhd_dpc: 0% user + 0% kernel
05-20 18:34:59.041 E/ActivityManager(  374):   0% 10902/kworker/1:0: 0% user + 0% kernel
05-20 18:34:59.041 E/ActivityManager(  374):   0.1% 11090/kworker/u:5: 0% user + 0.1% kernel
05-20 18:34:59.041 E/ActivityManager(  374):   0% 11396/logcat: 0% user + 0% kernel
05-20 18:34:59.041 E/ActivityManager(  374): 100% TOTAL: 96% user + 3.3% kernel
05-20 18:34:59.041 E/ActivityManager(  374): CPU usage from 2904ms to 3459ms later:
05-20 18:34:59.041 E/ActivityManager(  374):   100% 11191/com.pekall.emdm.launcher: 100% user + 0% kernel / faults: 105 minor
05-20 18:34:59.041 E/ActivityManager(  374):     61% 11204/Thread-2040: 61% user + 0% kernel
05-20 18:34:59.041 E/ActivityManager(  374):     36% 11191/l.emdm.launcher: 36% user + 0% kernel
05-20 18:34:59.041 E/ActivityManager(  374):     1.8% 11203/Binder_2: 1.8% user + 0% kernel
05-20 18:34:59.041 E/ActivityManager(  374):     1.8% 11414/Binder_4: 1.8% user + 0% kernel
05-20 18:34:59.041 E/ActivityManager(  374):   65% 11435/com.pekall.emdm.launcher:remote: 65% user + 0% kernel
05-20 18:34:59.041 E/ActivityManager(  374):     65% 11449/Thread-2050: 65% user + 0% kernel
05-20 18:34:59.041 E/ActivityManager(  374):   20% 11400/uiautomator: 18% user + 1.8% kernel / faults: 101 minor
05-20 18:34:59.041 E/ActivityManager(  374):     7.2% 11400/uiautomator: 5.4% user + 1.8% kernel
05-20 18:34:59.041 E/ActivityManager(  374):     3.6% 11405/GC: 3.6% user + 0% kernel
05-20 18:34:59.041 E/ActivityManager(  374):     1.8% 11409/Binder_1: 1.8% user + 0% kernel
05-20 18:34:59.041 E/ActivityManager(  374):     1.8% 11420/Binder_3: 1.8% user + 0% kernel
05-20 18:34:59.041 E/ActivityManager(  374):   10% 374/system_server: 3.5% user + 7.1% kernel / faults: 6 minor
05-20 18:34:59.041 E/ActivityManager(  374):     3.5% 386/SensorService: 3.5% user + 0% kernel
05-20 18:34:59.041 E/ActivityManager(  374):     3.5% 390/ActivityManager: 0% user + 3.5% kernel
05-20 18:34:59.041 E/ActivityManager(  374):     1.7% 388/UI: 0% user + 1.7% kernel
05-20 18:34:59.041 E/ActivityManager(  374):     1.7% 401/UEventObserver: 1.7% user + 0% kernel
05-20 18:34:59.041 E/ActivityManager(  374):   1.7% 135/adbd: 1.7% user + 0% kernel
05-20 18:34:59.041 E/ActivityManager(  374):     1.7% 135/adbd: 0% user + 1.7% kernel
05-20 18:34:59.041 E/ActivityManager(  374):   0.8% 1661/com.qihoo360.mobilesafe:GuardService: 0.8% user + 0% kernel
05-20 18:34:59.041 E/ActivityManager(  374):   0.9% 8748/com.qihoo.appstore: 0% user + 0.9% kernel
05-20 18:34:59.041 E/ActivityManager(  374): 100% TOTAL: 94% user + 5.4% kernel
05-20 18:34:59.072 W/ActivityManager(  374): Killing ProcessRecord{426206b8 11435:com.pekall.emdm.launcher:remote/u0a10066}: background ANR
05-20 18:34:59.244 D/dalvikvm(  374): GC_FOR_ALLOC freed 542K, 23% free 21982K/28292K, paused 148ms, total 149ms
05-20 18:34:59.244 I/dalvikvm-heap(  374): Grow heap (frag case) to 21.884MB for 393236-byte allocation
05-20 18:34:59.338 D/dalvikvm(  374): GC_FOR_ALLOC freed 256K, 23% free 22110K/28680K, paused 94ms, total 94ms
05-20 18:34:59.338 I/ActivityManager(  374): Process com.pekall.emdm.launcher:remote (pid 11435) has died.
05-20 18:34:59.369 W/ActivityManager(  374): Scheduling restart of crashed service com.pekall.emdm.launcher/com.baidu.location.f in 80000ms
05-20 18:34:59.525 D/dalvikvm(11400): GC_CONCURRENT freed 372K, 77% free 626K/2620K, paused 2ms+1ms, total 14ms
05-20 18:34:59.666 D/dalvikvm(11400): GC_CONCURRENT freed 405K, 77% free 610K/2620K, paused 0ms+0ms, total 7ms
05-20 18:34:59.783 D/dalvikvm(11400): GC_CONCURRENT freed 389K, 77% free 610K/2620K, paused 0ms+0ms, total 5ms
05-20 18:34:59.869 D/dalvikvm(11400): GC_CONCURRENT freed 373K, 77% free 626K/2620K, paused 2ms+1ms, total 7ms
05-20 18:34:59.947 D/dalvikvm(11400): GC_CONCURRENT freed 389K, 77% free 626K/2620K, paused 2ms+0ms, total 7ms
05-20 18:35:00.064 D/dalvikvm(11400): GC_CONCURRENT freed 404K, 77% free 611K/2620K, paused 2ms+1ms, total 6ms
05-20 18:35:00.142 D/dalvikvm(11400): GC_CONCURRENT freed 389K, 77% free 610K/2620K, paused 1ms+0ms, total 6ms
05-20 18:35:00.228 D/dalvikvm(11400): GC_CONCURRENT freed 373K, 77% free 626K/2620K, paused 0ms+0ms, total 5ms
05-20 18:35:00.306 D/dalvikvm(11400): GC_CONCURRENT freed 389K, 77% free 626K/2620K, paused 1ms+0ms, total 6ms
05-20 18:35:00.385 D/dalvikvm(11400): GC_CONCURRENT freed 404K, 77% free 611K/2620K, paused 0ms+0ms, total 5ms
05-20 18:35:00.471 D/dalvikvm(11400): GC_CONCURRENT freed 374K, 77% free 626K/2620K, paused 1ms+1ms, total 5ms
05-20 18:35:00.549 D/dalvikvm(11400): GC_CONCURRENT freed 389K, 77% free 626K/2620K, paused 2ms+0ms, total 6ms
05-20 18:35:00.635 D/dalvikvm(11400): GC_CONCURRENT freed 389K, 77% free 626K/2620K, paused 1ms+0ms, total 6ms
05-20 18:35:00.713 D/dalvikvm(11400): GC_CONCURRENT freed 389K, 77% free 626K/2620K, paused 0ms+1ms, total 4ms
05-20 18:35:00.799 D/dalvikvm(11400): GC_CONCURRENT freed 404K, 77% free 610K/2620K, paused 2ms+1ms, total 7ms
05-20 18:35:00.877 D/dalvikvm(11400): GC_CONCURRENT freed 373K, 77% free 626K/2620K, paused 0ms+0ms, total 5ms
05-20 18:35:00.963 D/dalvikvm(11400): GC_CONCURRENT freed 389K, 77% free 626K/2620K, paused 1ms+0ms, total 6ms
05-20 18:35:01.049 D/dalvikvm(11400): GC_CONCURRENT freed 389K, 77% free 626K/2620K, paused 0ms+1ms, total 4ms
05-20 18:35:01.135 D/dalvikvm(11400): GC_CONCURRENT freed 404K, 77% free 611K/2620K, paused 2ms+1ms, total 6ms
05-20 18:35:01.213 D/dalvikvm(11400): GC_CONCURRENT freed 374K, 77% free 626K/2620K, paused 1ms+0ms, total 6ms
05-20 18:35:01.291 D/dalvikvm(11400): GC_CONCURRENT freed 389K, 77% free 626K/2620K, paused 1ms+0ms, total 6ms
05-20 18:35:01.377 D/dalvikvm(11400): GC_CONCURRENT freed 404K, 77% free 611K/2620K, paused 0ms+0ms, total 5ms
05-20 18:35:01.455 D/dalvikvm(11400): GC_CONCURRENT freed 389K, 77% free 611K/2620K, paused 1ms+0ms, total 6ms
05-20 18:35:01.541 D/dalvikvm(11400): GC_CONCURRENT freed 374K, 77% free 626K/2620K, paused 2ms+0ms, total 6ms
05-20 18:35:01.861 D/dalvikvm(11191): JIT unchain all for threadid=11
05-20 18:35:02.189 D/dalvikvm(11191): JIT unchain all for threadid=11
05-20 18:35:02.283 D/dalvikvm(11191): GC_CONCURRENT freed 5990K, 23% free 27141K/35152K, paused 261ms+267ms, total 680ms
05-20 18:35:02.330 D/dalvikvm(11400): GC_CONCURRENT freed 389K, 77% free 626K/2620K, paused 1ms+1ms, total 12ms
05-20 18:35:02.455 D/dalvikvm(11400): GC_CONCURRENT freed 389K, 77% free 626K/2620K, paused 2ms+0ms, total 11ms
05-20 18:35:02.549 D/dalvikvm(11400): GC_CONCURRENT freed 389K, 77% free 626K/2620K, paused 2ms+0ms, total 7ms
05-20 18:35:02.650 D/dalvikvm(11400): GC_CONCURRENT freed 404K, 77% free 611K/2620K, paused 1ms+1ms, total 7ms
05-20 18:35:02.775 D/dalvikvm(11400): GC_CONCURRENT freed 374K, 77% free 626K/2620K, paused 1ms+1ms, total 10ms
05-20 18:35:02.924 D/dalvikvm(11400): GC_CONCURRENT freed 389K, 77% free 626K/2620K, paused 1ms+1ms, total 10ms
05-20 18:35:03.056 D/dalvikvm(11400): GC_CONCURRENT freed 404K, 77% free 610K/2620K, paused 1ms+1ms, total 9ms
05-20 18:35:03.189 D/dalvikvm(11400): GC_CONCURRENT freed 373K, 77% free 626K/2620K, paused 2ms+1ms, total 12ms
05-20 18:35:03.322 D/dalvikvm(11400): GC_CONCURRENT freed 389K, 77% free 626K/2620K, paused 2ms+0ms, total 10ms
05-20 18:35:03.463 D/dalvikvm(11400): GC_CONCURRENT freed 404K, 77% free 610K/2620K, paused 1ms+0ms, total 16ms
05-20 18:35:03.588 D/dalvikvm(11400): GC_CONCURRENT freed 373K, 77% free 626K/2620K, paused 2ms+1ms, total 17ms
05-20 18:35:03.744 D/dalvikvm(11400): GC_CONCURRENT freed 389K, 77% free 626K/2620K, paused 2ms+1ms, total 18ms
05-20 18:35:04.002 D/dalvikvm(11400): GC_CONCURRENT freed 384K, 76% free 631K/2620K, paused 2ms+8ms, total 20ms
05-20 18:35:04.260 D/dalvikvm(11400): GC_CONCURRENT freed 389K, 76% free 631K/2620K, paused 2ms+1ms, total 22ms
05-20 18:35:04.517 D/dalvikvm(11400): GC_CONCURRENT freed 389K, 76% free 631K/2620K, paused 3ms+1ms, total 22ms
05-20 18:35:04.760 D/dalvikvm(11400): GC_CONCURRENT freed 389K, 76% free 631K/2620K, paused 3ms+1ms, total 17ms
05-20 18:35:05.049 D/dalvikvm(11400): GC_CONCURRENT freed 404K, 77% free 612K/2620K, paused 3ms+1ms, total 19ms
05-20 18:35:05.338 D/dalvikvm(11400): GC_CONCURRENT freed 378K, 77% free 626K/2620K, paused 2ms+7ms, total 21ms
05-20 18:35:05.596 D/dalvikvm(11400): GC_CONCURRENT freed 404K, 77% free 611K/2620K, paused 1ms+1ms, total 20ms
05-20 18:35:05.760 D/dalvikvm(11400): GC_CONCURRENT freed 389K, 77% free 610K/2620K, paused 2ms+1ms, total 11ms
05-20 18:35:05.861 D/dalvikvm(11400): GC_CONCURRENT freed 373K, 77% free 626K/2620K, paused 2ms+1ms, total 7ms
05-20 18:35:05.947 D/dalvikvm(11400): GC_CONCURRENT freed 404K, 77% free 610K/2620K, paused 1ms+1ms, total 6ms
05-20 18:35:06.025 D/dalvikvm(11400): GC_CONCURRENT freed 389K, 77% free 610K/2620K, paused 1ms+0ms, total 6ms
05-20 18:35:06.103 D/dalvikvm(11400): GC_CONCURRENT freed 373K, 77% free 626K/2620K, paused 1ms+0ms, total 6ms
05-20 18:35:06.181 D/dalvikvm(11400): GC_CONCURRENT freed 389K, 77% free 626K/2620K, paused 0ms+1ms, total 5ms
05-20 18:35:06.275 D/dalvikvm(11400): GC_CONCURRENT freed 389K, 77% free 626K/2620K, paused 2ms+0ms, total 7ms
05-20 18:35:06.353 D/dalvikvm(11400): GC_CONCURRENT freed 389K, 77% free 626K/2620K, paused 1ms+0ms, total 6ms
05-20 18:35:06.431 D/dalvikvm(11400): GC_CONCURRENT freed 389K, 77% free 626K/2620K, paused 1ms+0ms, total 6ms
05-20 18:35:06.517 D/dalvikvm(11400): GC_CONCURRENT freed 389K, 77% free 626K/2620K, paused 1ms+0ms, total 6ms
05-20 18:35:06.596 D/dalvikvm(11400): GC_CONCURRENT freed 404K, 77% free 610K/2620K, paused 2ms+0ms, total 6ms
05-20 18:35:06.650 D/LightsService(  374): Excessive delay setting light: 82ms
05-20 18:35:06.681 D/dalvikvm(11400): GC_CONCURRENT freed 373K, 77% free 626K/2620K, paused 2ms+0ms, total 7ms
05-20 18:35:06.760 D/dalvikvm(11400): GC_CONCURRENT freed 389K, 77% free 626K/2620K, paused 2ms+0ms, total 7ms
05-20 18:35:06.846 D/dalvikvm(11400): GC_CONCURRENT freed 404K, 77% free 611K/2620K, paused 1ms+0ms, total 6ms
05-20 18:35:06.900 D/LightsService(  374): Excessive delay setting light: 60ms
05-20 18:35:06.931 D/dalvikvm(11400): GC_CONCURRENT freed 374K, 77% free 626K/2620K, paused 1ms+0ms, total 6ms
05-20 18:35:07.017 D/dalvikvm(11400): GC_CONCURRENT freed 404K, 77% free 610K/2620K, paused 0ms+1ms, total 4ms
05-20 18:35:07.096 D/dalvikvm(11400): GC_CONCURRENT freed 373K, 77% free 626K/2620K, paused 1ms+0ms, total 6ms
05-20 18:35:07.174 D/dalvikvm(11400): GC_CONCURRENT freed 389K, 77% free 626K/2620K, paused 0ms+0ms, total 5ms
05-20 18:35:07.260 D/dalvikvm(11400): GC_CONCURRENT freed 404K, 77% free 610K/2620K, paused 1ms+0ms, total 6ms
05-20 18:35:07.353 D/dalvikvm(11400): GC_CONCURRENT freed 389K, 77% free 610K/2620K, paused 1ms+0ms, total 7ms
05-20 18:35:07.447 D/dalvikvm(11400): GC_CONCURRENT freed 373K, 77% free 626K/2620K, paused 2ms+1ms, total 6ms
05-20 18:35:07.533 D/dalvikvm(11400): GC_CONCURRENT freed 408K, 77% free 605K/2620K, paused 0ms+1ms, total 4ms
05-20 18:35:07.627 D/dalvikvm(11400): GC_CONCURRENT freed 389K, 77% free 605K/2620K, paused 0ms+1ms, total 4ms
05-20 18:35:07.713 D/dalvikvm(11400): GC_CONCURRENT freed 389K, 77% free 605K/2620K, paused 0ms+1ms, total 4ms
05-20 18:35:07.799 D/dalvikvm(11400): GC_CONCURRENT freed 389K, 77% free 605K/2620K, paused 0ms+0ms, total 4ms
05-20 18:35:07.885 D/dalvikvm(11400): GC_CONCURRENT freed 389K, 77% free 605K/2620K, paused 1ms+0ms, total 4ms
05-20 18:35:07.971 D/dalvikvm(11400): GC_CONCURRENT freed 389K, 77% free 605K/2620K, paused 1ms+0ms, total 5ms
05-20 18:35:08.056 D/dalvikvm(11400): GC_CONCURRENT freed 389K, 77% free 605K/2620K, paused 1ms+0ms, total 5ms
05-20 18:35:08.142 D/dalvikvm(11400): GC_CONCURRENT freed 389K, 77% free 605K/2620K, paused 1ms+0ms, total 5ms
05-20 18:35:08.228 D/dalvikvm(11400): GC_CONCURRENT freed 389K, 77% free 605K/2620K, paused 1ms+0ms, total 5ms
05-20 18:35:08.314 D/dalvikvm(11400): GC_CONCURRENT freed 389K, 77% free 605K/2620K, paused 0ms+0ms, total 4ms
05-20 18:35:08.392 D/dalvikvm(11400): GC_CONCURRENT freed 389K, 77% free 605K/2620K, paused 0ms+1ms, total 4ms
05-20 18:35:08.478 D/dalvikvm(11400): GC_CONCURRENT freed 389K, 77% free 605K/2620K, paused 1ms+0ms, total 5ms
05-20 18:35:08.564 D/dalvikvm(11400): GC_CONCURRENT freed 389K, 77% free 605K/2620K, paused 0ms+1ms, total 4ms
05-20 18:35:08.650 D/dalvikvm(11400): GC_CONCURRENT freed 389K, 77% free 605K/2620K, paused 1ms+0ms, total 5ms
05-20 18:35:08.744 D/dalvikvm(11400): GC_CONCURRENT freed 389K, 77% free 605K/2620K, paused 0ms+1ms, total 4ms
05-20 18:35:08.830 D/dalvikvm(11400): GC_CONCURRENT freed 389K, 77% free 605K/2620K, paused 1ms+0ms, total 5ms
05-20 18:35:08.908 D/dalvikvm(11400): GC_CONCURRENT freed 389K, 77% free 605K/2620K, paused 1ms+0ms, total 5ms
05-20 18:35:08.994 D/dalvikvm(11400): GC_CONCURRENT freed 389K, 77% free 605K/2620K, paused 0ms+1ms, total 4ms
05-20 18:35:09.080 D/dalvikvm(11400): GC_CONCURRENT freed 389K, 77% free 605K/2620K, paused 0ms+1ms, total 4ms
05-20 18:35:09.166 D/dalvikvm(11400): GC_CONCURRENT freed 389K, 77% free 605K/2620K, paused 0ms+1ms, total 4ms
05-20 18:35:09.252 D/dalvikvm(11400): GC_CONCURRENT freed 370K, 77% free 625K/2620K, paused 2ms+0ms, total 6ms
05-20 18:35:09.338 D/dalvikvm(11400): GC_CONCURRENT freed 404K, 77% free 610K/2620K, paused 1ms+0ms, total 5ms
05-20 18:35:09.424 D/dalvikvm(11400): GC_CONCURRENT freed 389K, 77% free 610K/2620K, paused 2ms+0ms, total 6ms
05-20 18:35:09.502 D/dalvikvm(11400): GC_CONCURRENT freed 389K, 77% free 610K/2620K, paused 1ms+1ms, total 6ms
05-20 18:35:09.580 D/dalvikvm(11400): GC_CONCURRENT freed 373K, 77% free 626K/2620K, paused 2ms+1ms, total 6ms
05-20 18:35:09.658 D/dalvikvm(11400): GC_CONCURRENT freed 389K, 77% free 626K/2620K, paused 2ms+0ms, total 6ms
05-20 18:35:09.736 D/dalvikvm(11400): GC_CONCURRENT freed 404K, 77% free 610K/2620K, paused 2ms+0ms, total 6ms
05-20 18:35:09.814 D/dalvikvm(11400): GC_CONCURRENT freed 373K, 77% free 626K/2620K, paused 2ms+1ms, total 6ms
05-20 18:35:09.892 D/dalvikvm(11400): GC_CONCURRENT freed 404K, 77% free 610K/2620K, paused 0ms+1ms, total 5ms
05-20 18:35:09.971 D/dalvikvm(11400): GC_CONCURRENT freed 389K, 77% free 610K/2620K, paused 1ms+0ms, total 6ms
05-20 18:35:10.049 D/dalvikvm(11400): GC_CONCURRENT freed 373K, 77% free 626K/2620K, paused 0ms+0ms, total 5ms
05-20 18:35:10.127 D/dalvikvm(11400): GC_CONCURRENT freed 405K, 77% free 610K/2620K, paused 0ms+1ms, total 4ms
05-20 18:35:10.205 D/dalvikvm(11400): GC_CONCURRENT freed 373K, 77% free 626K/2620K, paused 1ms+1ms, total 5ms
05-20 18:35:10.283 D/dalvikvm(11400): GC_CONCURRENT freed 389K, 77% free 626K/2620K, paused 1ms+1ms, total 5ms
05-20 18:35:10.361 D/dalvikvm(11400): GC_CONCURRENT freed 404K, 77% free 610K/2620K, paused 0ms+0ms, total 5ms
05-20 18:35:10.439 D/dalvikvm(11400): GC_CONCURRENT freed 373K, 77% free 626K/2620K, paused 1ms+0ms, total 6ms
05-20 18:35:10.517 D/dalvikvm(11400): GC_CONCURRENT freed 389K, 77% free 626K/2620K, paused 1ms+0ms, total 5ms
05-20 18:35:10.596 D/dalvikvm(11400): GC_CONCURRENT freed 404K, 77% free 610K/2620K, paused 0ms+1ms, total 4ms
05-20 18:35:10.674 D/dalvikvm(11400): GC_CONCURRENT freed 388K, 77% free 611K/2620K, paused 1ms+0ms, total 6ms
05-20 18:35:10.752 D/dalvikvm(11400): GC_CONCURRENT freed 374K, 77% free 626K/2620K, paused 1ms+0ms, total 6ms
05-20 18:35:10.830 D/dalvikvm(11400): GC_CONCURRENT freed 389K, 77% free 626K/2620K, paused 2ms+1ms, total 6ms
05-20 18:35:10.908 D/dalvikvm(11400): GC_CONCURRENT freed 388K, 77% free 626K/2620K, paused 1ms+1ms, total 6ms
05-20 18:35:10.986 D/dalvikvm(11400): GC_CONCURRENT freed 389K, 77% free 626K/2620K, paused 2ms+0ms, total 6ms
05-20 18:35:11.244 D/dalvikvm(11191): JIT unchain all for threadid=11
05-20 18:35:11.556 D/dalvikvm(11191): JIT unchain all for threadid=11
05-20 18:35:11.642 D/dalvikvm(11191): GC_CONCURRENT freed 5971K, 23% free 27142K/35152K, paused 261ms+265ms, total 651ms
05-20 18:35:11.752 D/dalvikvm(11400): GC_CONCURRENT freed 389K, 77% free 626K/2620K, paused 1ms+0ms, total 6ms
05-20 18:35:11.830 D/dalvikvm(11400): GC_CONCURRENT freed 404K, 77% free 611K/2620K, paused 2ms+1ms, total 6ms
05-20 18:35:11.916 D/dalvikvm(11400): GC_CONCURRENT freed 374K, 77% free 626K/2620K, paused 1ms+0ms, total 6ms
05-20 18:35:11.994 D/dalvikvm(11400): GC_CONCURRENT freed 404K, 77% free 610K/2620K, paused 1ms+0ms, total 6ms
05-20 18:35:12.072 D/dalvikvm(11400): GC_CONCURRENT freed 389K, 77% free 610K/2620K, paused 1ms+0ms, total 5ms
05-20 18:35:12.150 D/dalvikvm(11400): GC_CONCURRENT freed 373K, 77% free 626K/2620K, paused 1ms+0ms, total 6ms
05-20 18:35:12.228 D/dalvikvm(11400): GC_CONCURRENT freed 389K, 77% free 626K/2620K, paused 1ms+0ms, total 6ms
05-20 18:35:12.306 D/dalvikvm(11400): GC_CONCURRENT freed 404K, 77% free 610K/2620K, paused 1ms+0ms, total 5ms
05-20 18:35:12.385 D/dalvikvm(11400): GC_CONCURRENT freed 373K, 77% free 626K/2620K, paused 2ms+1ms, total 6ms
05-20 18:35:12.471 D/dalvikvm(11400): GC_CONCURRENT freed 404K, 77% free 610K/2620K, paused 1ms+1ms, total 5ms
05-20 18:35:12.502 I/PowerManagerService(  374): Going to sleep due to screen timeout...
05-20 18:35:12.510 I/PowerManagerService(  374): Waking up from sleep...
05-20 18:35:12.635 D/dalvikvm(  374): GC_FOR_ALLOC freed 2325K, 26% free 21327K/28676K, paused 76ms, total 76ms
05-20 18:35:12.674 D/LauncherApplication(11191): [null:-1]->onActivityPaused
05-20 18:35:12.689 D/LauncherApplication(11191): [null:-1]->onActivityPaused  updateTime
05-20 18:35:12.760 D/NfcService(  568): NFC-C OFF, disconnect
05-20 18:35:12.853 V/WiseDownloadConditionControler( 8480): checkCondition  type : TODAY_LAUNCHED_USER  inerrupting: false
05-20 18:35:12.900 D/dalvikvm( 1661): GC_CONCURRENT freed 1341K, 18% free 13131K/15888K, paused 2ms+3ms, total 82ms
05-20 18:35:12.900 D/dalvikvm( 1661): WAIT_FOR_CONCURRENT_GC blocked 50ms
05-20 18:35:12.924 V/MDM :   (11191): [null:-1]->Screen receiver is called.
05-20 18:35:12.931 I/WindowManager(  374): No lock screen!
05-20 18:35:12.939 W/Parcel  ( 1661): Attempt to read object from Parcel 0x6003bdac at offset 200 that is not in the object list
05-20 18:35:12.939 V/LauncherApplication(11191): onActivityStarted
05-20 18:35:12.947 D/        (11191): [---null: -1---]     awsa  onActivityResumed
05-20 18:35:12.947 V/LauncherApplication(11191): 2MdmConstant.LAST_LAUNCH_TIME = 1400582112693
05-20 18:35:12.963 D/        (11191): [---null: -1---]  activity = com.pekall.emdm.messagecenter.activity.MessageMainActivity
05-20 18:35:12.971 V/DefultSetContriller(11191): isLauncherDf = com.pekall.emdm.launcher
05-20 18:35:12.971 V/WiseDownloadConditionControler( 8480): checkCondition  type : TRIGGER_WISE_DOWNLOAD  inerrupting: false
05-20 18:35:12.971 V/DefultSetContriller(11191): isPhoneDf = com.pekall.emdm.launcher
05-20 18:35:12.971 E/LauncherApplication(11191): isShowLogoutUI = true
05-20 18:35:12.971 E/LauncherApplication(11191): LogoutShowTime 1
05-20 18:35:13.041 D/LightsService(  374): Excessive delay setting light: 56ms
05-20 18:35:13.056 W/Parcel  ( 1661): Attempt to read object from Parcel 0x5ef3bdac at offset 200 that is not in the object list
05-20 18:35:13.150 D/LightsService(  374): Excessive delay setting light: 88ms
05-20 18:35:13.158 V/DigitalWidgetViewsFactory( 2749): DigitalWidget sets next alarm string to null
05-20 18:35:13.166 V/WiseDownloadConditionControler( 8480): checkCondition  type : WISE_DOWNLOAD  inerrupting: true
05-20 18:35:13.166 W/Settings( 1661): Setting airplane_mode_on has moved from android.provider.Settings.System to android.provider.Settings.Global, returning read-only value.
05-20 18:35:13.221 D/LightsService(  374): Excessive delay setting light: 68ms
05-20 18:35:13.392 D/LightsService(  374): Excessive delay setting light: 67ms
05-20 18:35:13.494 D/LightsService(  374): Excessive delay setting light: 102ms
05-20 18:35:13.596 D/LightsService(  374): Excessive delay setting light: 101ms
05-20 18:35:13.752 D/dalvikvm(11400): GC_CONCURRENT freed 401K, 77% free 623K/2620K, paused 2ms+1ms, total 6ms
05-20 18:35:13.814 D/NfcService(  568): NFC-C ON
05-20 18:35:13.838 D/dalvikvm(11400): GC_CONCURRENT freed 406K, 77% free 606K/2620K, paused 0ms+0ms, total 5ms
05-20 18:35:14.455 D/dalvikvm(11400): GC_CONCURRENT freed 384K, 77% free 611K/2620K, paused 0ms+0ms, total 4ms
05-20 18:35:14.549 D/dalvikvm(11400): GC_CONCURRENT freed 390K, 77% free 610K/2620K, paused 0ms+1ms, total 4ms
05-20 18:35:14.627 D/dalvikvm(11400): GC_CONCURRENT freed 373K, 77% free 626K/2620K, paused 0ms+0ms, total 4ms
05-20 18:35:14.705 D/dalvikvm(11400): GC_CONCURRENT freed 404K, 77% free 610K/2620K, paused 0ms+0ms, total 5ms
05-20 18:35:14.783 D/dalvikvm(11400): GC_CONCURRENT freed 389K, 77% free 610K/2620K, paused 0ms+1ms, total 5ms
05-20 18:35:14.869 D/dalvikvm( 1661): GC_EXPLICIT freed 637K, 18% free 13083K/15888K, paused 2ms+3ms, total 54ms
05-20 18:35:14.869 D/dalvikvm(11400): GC_CONCURRENT freed 389K, 77% free 610K/2620K, paused 1ms+0ms, total 5ms
05-20 18:35:14.947 D/dalvikvm(11400): GC_CONCURRENT freed 389K, 77% free 610K/2620K, paused 1ms+1ms, total 5ms
05-20 18:35:15.025 D/dalvikvm(11400): GC_CONCURRENT freed 389K, 77% free 610K/2620K, paused 0ms+0ms, total 4ms
05-20 18:35:15.103 D/dalvikvm(11400): GC_CONCURRENT freed 389K, 77% free 610K/2620K, paused 0ms+0ms, total 4ms
05-20 18:35:15.181 D/dalvikvm(11400): GC_CONCURRENT freed 377K, 77% free 621K/2620K, paused 2ms+0ms, total 5ms
05-20 18:35:15.267 D/dalvikvm(11400): GC_CONCURRENT freed 389K, 77% free 621K/2620K, paused 1ms+1ms, total 5ms
05-20 18:35:15.346 D/dalvikvm(11400): GC_CONCURRENT freed 389K, 77% free 621K/2620K, paused 2ms+0ms, total 6ms
05-20 18:35:15.424 D/dalvikvm(11400): GC_CONCURRENT freed 402K, 77% free 610K/2620K, paused 0ms+0ms, total 5ms
05-20 18:35:15.502 D/dalvikvm(11400): GC_CONCURRENT freed 372K, 77% free 626K/2620K, paused 1ms+0ms, total 5ms
05-20 18:35:15.588 D/dalvikvm(11400): GC_CONCURRENT freed 404K, 77% free 610K/2620K, paused 0ms+0ms, total 4ms
05-20 18:35:15.666 D/dalvikvm(11400): GC_CONCURRENT freed 389K, 77% free 610K/2620K, paused 0ms+0ms, total 5ms
05-20 18:35:15.775 D/dalvikvm(11400): GC_CONCURRENT freed 373K, 77% free 626K/2620K, paused 1ms+1ms, total 14ms
05-20 18:35:15.869 D/dalvikvm(11400): GC_CONCURRENT freed 389K, 77% free 626K/2620K, paused 1ms+1ms, total 8ms
05-20 18:35:15.963 D/dalvikvm(11400): GC_CONCURRENT freed 389K, 77% free 626K/2620K, paused 1ms+1ms, total 6ms
05-20 18:35:16.072 D/dalvikvm(11400): GC_CONCURRENT freed 389K, 77% free 626K/2620K, paused 1ms+1ms, total 8ms
05-20 18:35:16.174 D/dalvikvm(11400): GC_CONCURRENT freed 389K, 77% free 626K/2620K, paused 1ms+0ms, total 8ms
05-20 18:35:16.275 D/dalvikvm(11400): GC_CONCURRENT freed 389K, 77% free 626K/2620K, paused 1ms+0ms, total 11ms
05-20 18:35:16.369 D/dalvikvm(11400): GC_CONCURRENT freed 404K, 77% free 610K/2620K, paused 0ms+1ms, total 8ms
05-20 18:35:16.478 D/dalvikvm(11400): GC_CONCURRENT freed 373K, 77% free 626K/2620K, paused 2ms+1ms, total 14ms
05-20 18:35:16.572 D/dalvikvm(11400): GC_CONCURRENT freed 389K, 77% free 626K/2620K, paused 1ms+0ms, total 13ms
05-20 18:35:16.689 D/dalvikvm(11400): GC_CONCURRENT freed 392K, 77% free 621K/2620K, paused 1ms+0ms, total 7ms
05-20 18:35:16.822 D/dalvikvm(11400): GC_CONCURRENT freed 389K, 77% free 621K/2620K, paused 2ms+1ms, total 8ms
05-20 18:35:16.955 D/dalvikvm(11400): GC_CONCURRENT freed 389K, 77% free 621K/2620K, paused 2ms+0ms, total 8ms
05-20 18:35:17.088 D/dalvikvm(11400): GC_CONCURRENT freed 389K, 77% free 621K/2620K, paused 1ms+0ms, total 7ms
05-20 18:35:17.119 I/Email   (10934): ReconcilePopImapAccountsSync: start
05-20 18:35:17.252 D/dalvikvm(11400): GC_CONCURRENT freed 389K, 77% free 621K/2620K, paused 1ms+0ms, total 7ms
05-20 18:35:17.392 D/dalvikvm(11400): GC_CONCURRENT freed 389K, 77% free 622K/2620K, paused 2ms+1ms, total 8ms
05-20 18:35:17.486 I/Email   (10934): ReconcilePopImapAccountsSync: done
05-20 18:35:17.486 W/Email   (10934): Received BYE
05-20 18:35:17.541 D/dalvikvm(11400): GC_CONCURRENT freed 389K, 77% free 622K/2620K, paused 1ms+0ms, total 8ms
05-20 18:35:17.705 D/dalvikvm(11400): GC_CONCURRENT freed 380K, 76% free 631K/2620K, paused 2ms+1ms, total 21ms
05-20 18:35:18.002 D/dalvikvm(11400): GC_CONCURRENT freed 404K, 77% free 614K/2620K, paused 3ms+1ms, total 21ms
05-20 18:35:18.267 D/dalvikvm(11400): GC_CONCURRENT freed 382K, 77% free 622K/2620K, paused 2ms+1ms, total 16ms
05-20 18:35:18.603 D/dalvikvm(11400): GC_CONCURRENT freed 400K, 77% free 610K/2620K, paused 2ms+2ms, total 15ms
05-20 18:35:18.869 D/dalvikvm(11400): GC_CONCURRENT freed 390K, 77% free 610K/2620K, paused 2ms+1ms, total 21ms
05-20 18:35:19.158 D/dalvikvm(11400): GC_CONCURRENT freed 383K, 77% free 614K/2620K, paused 2ms+1ms, total 14ms
05-20 18:35:19.431 D/dalvikvm(11400): GC_CONCURRENT freed 373K, 76% free 630K/2620K, paused 3ms+1ms, total 15ms
05-20 18:35:19.697 D/dalvikvm(11400): GC_CONCURRENT freed 413K, 77% free 605K/2620K, paused 0ms+1ms, total 6ms
05-20 18:35:19.728 D/dalvikvm(10934): GC_CONCURRENT freed 370K, 5% free 9408K/9820K, paused 21ms+133ms, total 352ms
05-20 18:35:19.752 D/Email   (10934): *** synchronizeMailboxGeneric ***
05-20 18:35:19.853 D/dalvikvm(11400): GC_CONCURRENT freed 373K, 77% free 622K/2620K, paused 1ms+1ms, total 9ms
05-20 18:35:19.939 D/dalvikvm( 1661): GC_EXPLICIT freed 41K, 18% free 13058K/15888K, paused 3ms+7ms, total 75ms
05-20 18:35:19.971 D/dalvikvm(11400): GC_CONCURRENT freed 400K, 77% free 611K/2620K, paused 2ms+0ms, total 6ms
05-20 18:35:20.049 D/dalvikvm(11400): GC_CONCURRENT freed 390K, 77% free 610K/2620K, paused 2ms+0ms, total 6ms
05-20 18:35:20.135 D/dalvikvm(11400): GC_CONCURRENT freed 389K, 77% free 610K/2620K, paused 1ms+0ms, total 5ms
05-20 18:35:20.213 D/dalvikvm(11400): GC_CONCURRENT freed 389K, 77% free 610K/2620K, paused 1ms+0ms, total 4ms
05-20 18:35:20.299 D/dalvikvm(11400): GC_CONCURRENT freed 374K, 77% free 625K/2620K, paused 2ms+1ms, total 6ms
05-20 18:35:20.338 V/a       (11191): Wait for reconcileAccounts finished in 45001ms
05-20 18:35:20.369 D/ExchangeService(11191): !!! EAS ExchangeService, stopping self
05-20 18:35:20.369 D/ExchangeService(11191): !!! EAS ExchangeService, onDestroy
05-20 18:35:20.377 D/dalvikvm(11400): GC_CONCURRENT freed 404K, 77% free 610K/2620K, paused 0ms+0ms, total 4ms
05-20 18:35:20.463 D/dalvikvm(11400): GC_CONCURRENT freed 388K, 77% free 611K/2620K, paused 1ms+0ms, total 5ms
05-20 18:35:20.549 D/dalvikvm(11400): GC_CONCURRENT freed 388K, 77% free 610K/2620K, paused 2ms+1ms, total 6ms
05-20 18:35:20.627 D/dalvikvm(11400): GC_CONCURRENT freed 390K, 77% free 610K/2620K, paused 0ms+0ms, total 4ms
