05-20 18:36:29.369 I/dalvikvm(11191): Wrote stack traces to '/data/anr/traces.txt'
05-20 18:36:29.377 D/ExchangeService(11191): !!! EAS ExchangeService, onDestroy
05-20 18:36:32.588 W/MountService(  374): getVolumeState(/storage/emulated/0/external_sd): Unknown volume
05-20 18:36:32.596 W/MountService(  374): getVolumeState(/mnt/sdcard-ext): Unknown volume
05-20 18:36:32.596 W/MountService(  374): getVolumeState(/mnt/ext_sdcard): Unknown volume
05-20 18:36:32.596 W/MountService(  374): getVolumeState(/mnt/sdcard2): Unknown volume
05-20 18:36:32.596 W/MountService(  374): getVolumeState(/mnt/emmc): Unknown volume
05-20 18:36:32.596 W/MountService(  374): getVolumeState(/mnt/extSdCard): Unknown volume
05-20 18:36:32.596 W/MountService(  374): getVolumeState(/mnt/sdcard/SD_CARD): Unknown volume
05-20 18:36:32.603 W/MountService(  374): getVolumeState(/mnt/sdcard/extra_sd): Unknown volume
05-20 18:36:32.603 W/MountService(  374): getVolumeState(/mnt/extrasd_bind): Unknown volume
05-20 18:36:32.603 W/MountService(  374): getVolumeState(/mnt/sdcard/ext_sd): Unknown volume
05-20 18:36:32.603 W/MountService(  374): getVolumeState(/storage/extSdCard): Unknown volume
05-20 18:36:32.603 W/MountService(  374): getVolumeState(/storage/sdcard1): Unknown volume
05-20 18:36:32.611 W/MountService(  374): getVolumeState(/mnt/sdcard/external_SD): Unknown volume
05-20 18:36:32.611 W/MountService(  374): getVolumeState(/mnt/sdcard/external_sd): Unknown volume
05-20 18:36:32.767 D/dalvikvm( 1468): GC_CONCURRENT freed 359K, 19% free 9877K/12104K, paused 7ms+6ms, total 41ms
05-20 18:36:32.767 D/dalvikvm( 1468): WAIT_FOR_CONCURRENT_GC blocked 28ms
05-20 18:36:32.971 D/dalvikvm( 9149): GC_EXPLICIT freed 249K, 4% free 9193K/9484K, paused 2ms+5ms, total 34ms
05-20 18:36:33.010 W/MountService(  374): getVolumeState(/storage/emulated/0/external_sd): Unknown volume
05-20 18:36:33.010 W/MountService(  374): getVolumeState(/mnt/sdcard-ext): Unknown volume
05-20 18:36:33.010 W/MountService(  374): getVolumeState(/mnt/ext_sdcard): Unknown volume
05-20 18:36:33.010 W/MountService(  374): getVolumeState(/mnt/sdcard2): Unknown volume
05-20 18:36:33.010 W/MountService(  374): getVolumeState(/mnt/emmc): Unknown volume
05-20 18:36:33.010 W/MountService(  374): getVolumeState(/mnt/extSdCard): Unknown volume
05-20 18:36:33.010 W/MountService(  374): getVolumeState(/mnt/sdcard/SD_CARD): Unknown volume
05-20 18:36:33.017 W/MountService(  374): getVolumeState(/mnt/sdcard/extra_sd): Unknown volume
05-20 18:36:33.017 W/MountService(  374): getVolumeState(/mnt/extrasd_bind): Unknown volume
05-20 18:36:33.017 W/MountService(  374): getVolumeState(/mnt/sdcard/ext_sd): Unknown volume
05-20 18:36:33.017 W/MountService(  374): getVolumeState(/storage/extSdCard): Unknown volume
05-20 18:36:33.033 W/MountService(  374): getVolumeState(/storage/sdcard1): Unknown volume
05-20 18:36:33.033 W/MountService(  374): getVolumeState(/mnt/sdcard/external_SD): Unknown volume
05-20 18:36:33.033 W/MountService(  374): getVolumeState(/mnt/sdcard/external_sd): Unknown volume
05-20 18:36:33.088 D/dalvikvm( 1468): GC_CONCURRENT freed 610K, 20% free 9779K/12104K, paused 8ms+6ms, total 51ms
05-20 18:36:33.088 D/dalvikvm( 1468): WAIT_FOR_CONCURRENT_GC blocked 23ms
05-20 18:36:33.088 D/dalvikvm( 1468): WAIT_FOR_CONCURRENT_GC blocked 15ms
05-20 18:36:34.010 D/AndroidRuntime(11556): 
05-20 18:36:34.010 D/AndroidRuntime(11556): >>>>>> AndroidRuntime START com.android.internal.os.RuntimeInit <<<<<<
05-20 18:36:34.010 D/AndroidRuntime(11556): CheckJNI is OFF
05-20 18:36:34.025 D/dalvikvm(11556): Trying to load lib libjavacore.so 0x0
05-20 18:36:34.033 D/dalvikvm(11556): Added shared lib libjavacore.so 0x0
05-20 18:36:34.049 D/dalvikvm(11556): Trying to load lib libnativehelper.so 0x0
05-20 18:36:34.049 D/dalvikvm(11556): Added shared lib libnativehelper.so 0x0
05-20 18:36:34.299 D/dalvikvm(11564): Late-enabling CheckJNI
05-20 18:36:34.314 I/ActivityManager(  374): Start proc com.pekall.emdm.launcher:remote for service com.pekall.emdm.launcher/com.baidu.location.f: pid=11564 uid=10066 gids={50066, 1015, 3002, 3001, 3003, 1028}
05-20 18:36:34.322 D/AndroidRuntime(11556): Calling main entry com.android.commands.uiautomator.Launcher
05-20 18:36:34.361 D/dalvikvm(  125): GC_EXPLICIT freed 43K, 1% free 8921K/9008K, paused 3ms+4ms, total 58ms
05-20 18:36:34.392 D/dalvikvm(11556): Note: class Landroid/app/ActivityManagerNative; has 163 unimplemented (abstract) methods
05-20 18:36:34.392 D/dalvikvm(  125): GC_EXPLICIT freed <1K, 1% free 8921K/9008K, paused 2ms+3ms, total 32ms
05-20 18:36:34.392 D/dalvikvm(  125): WAIT_FOR_CONCURRENT_GC blocked 1ms
05-20 18:36:34.424 D/dalvikvm(  125): GC_EXPLICIT freed <1K, 1% free 8921K/9008K, paused 2ms+3ms, total 26ms
05-20 18:36:34.455 V/MyServiceConnection(11564): [SConnection] sandbox service is NOT installed.
05-20 18:36:34.455 D/ScClassLoader(11564): >> SOURCE FILE: /data/data/com.pekall.emdm.launcher/app_jars/sc-jdk15on-1.47.0.2.dex.jar
05-20 18:36:34.463 V/MyServiceConnection(11564): [SConnection] binding service: pekall.intent.action.SANDBOX_SERVICE
05-20 18:36:34.471 I/PowerManagerService(  374): Waking up from sleep...
05-20 18:36:34.517 W/Parcel  ( 1661): Attempt to read object from Parcel 0x5ec3bdac at offset 200 that is not in the object list
05-20 18:36:34.533 W/Parcel  ( 1661): Attempt to read object from Parcel 0x5ded3dac at offset 200 that is not in the object list
05-20 18:36:34.533 D/Email   (11564): Email: init sandbox at the beginning.
05-20 18:36:34.533 V/MyServiceConnection(11564): [SConnection] retry to bind service
05-20 18:36:34.533 V/MyServiceConnection(11564): [SConnection] sandbox service is NOT installed.
05-20 18:36:34.533 V/MyServiceConnection(11564): [SConnection] binding service: pekall.intent.action.SANDBOX_SERVICE
05-20 18:36:34.603 V/MyServiceConnection(11564): [SConnection] retry to bind service
05-20 18:36:34.603 V/MyServiceConnection(11564): [SConnection] sandbox service is NOT installed.
05-20 18:36:34.603 V/MyServiceConnection(11564): [SConnection] binding service: pekall.intent.action.SANDBOX_SERVICE
05-20 18:36:34.627 D/dalvikvm(11564): GC_CONCURRENT freed 167K, 3% free 9266K/9472K, paused 19ms+3ms, total 60ms
05-20 18:36:34.627 D/dalvikvm(11564): WAIT_FOR_CONCURRENT_GC blocked 18ms
05-20 18:36:34.666 V/l       (11564): Bind requested for task setLogging
05-20 18:36:34.681 D/ExchangeService(11191): !!! EAS ExchangeService, onCreate
05-20 18:36:34.681 I/WindowManager(  374): Lock screen displayed!
05-20 18:36:34.752 W/Parcel  ( 1661): Attempt to read object from Parcel 0x6013bdac at offset 200 that is not in the object list
05-20 18:36:34.752 D/ExchangeService(11191): !!! EAS ExchangeService, onStartCommand, startingUp = false, running = false
05-20 18:36:34.752 D/ExchangeService(11191): to start secureStorageService now
05-20 18:36:34.830 W/Parcel  ( 1661): Attempt to read object from Parcel 0x5ef3bdac at offset 200 that is not in the object list
05-20 18:36:34.846 D/dalvikvm(11564): GC_CONCURRENT freed 186K, 3% free 9595K/9816K, paused 14ms+15ms, total 110ms
05-20 18:36:34.853 D/dalvikvm(  448): GC_CONCURRENT freed 840K, 13% free 13953K/15944K, paused 7ms+26ms, total 161ms
05-20 18:36:34.869 D/PowerManagerService-JNI(  374): Excessive delay in autosuspend_disable() while turning screen on: 390ms
05-20 18:36:34.869 V/a       (11191): Bind requested for task test
05-20 18:36:34.869 D/SurfaceFlinger(  124): Screen acquired, type=0 flinger=0x40e95478
05-20 18:36:34.885 V/a       (11191): Connected: com.pekall.semail.service.AccountServiceInternal
05-20 18:36:34.885 D/ExchangeService(11191): Reconciling accounts...
05-20 18:36:34.892 V/a       (11191): Bind requested for task reconcileAccounts
05-20 18:36:34.892 V/a       (11191): Connected: com.pekall.semail.service.AccountServiceInternal
05-20 18:36:34.892 V/a       (11191): Connection test succeeded in 26ms
05-20 18:36:34.900 V/a       (11191): Task test completed; disconnecting
05-20 18:36:34.900 V/a       (11191): Waiting for task reconcileAccounts to complete...
05-20 18:36:34.916 V/a       (11191): Task reconcileAccounts completed; disconnecting
05-20 18:36:34.978 D/LightsService(  374): Excessive delay setting light: 111ms
05-20 18:36:35.010 W/DocumentManager(11564): Sandbox service is not connected.
05-20 18:36:35.010 D/MessageControllerImpl(11564): controller is null
05-20 18:36:35.010 V/MyServiceConnection(11564): [SConnection] retry to bind service
05-20 18:36:35.010 W/Settings( 1661): Setting airplane_mode_on has moved from android.provider.Settings.System to android.provider.Settings.Global, returning read-only value.
05-20 18:36:35.017 V/MyServiceConnection(11564): [SConnection] sandbox service is NOT installed.
05-20 18:36:35.017 V/MyServiceConnection(11564): [SConnection] binding service: pekall.intent.action.SANDBOX_SERVICE
05-20 18:36:35.017 W/SQLiteOpenHelper(11564): Opened /data/data/com.pekall.emdm.launcher/databases/message.db
05-20 18:36:35.033 V/DigitalWidgetViewsFactory( 2749): DigitalWidget sets next alarm string to null
05-20 18:36:35.049 W/dalvikvm(11564): No implementation found for native Lcom/pekall/sandbox/database/sqlite/SQLiteDatabase;.native_setSqliteSoftHeapLimit:(I)V
05-20 18:36:35.049 D/AndroidRuntime(11564): Shutting down VM
05-20 18:36:35.049 W/dalvikvm(11564): threadid=1: thread exiting with uncaught exception (group=0x419c8700)
05-20 18:36:35.056 D/        (11564): [---null: -1---]  Thread is main
05-20 18:36:35.056 W/System.err(11564): java.lang.UnsatisfiedLinkError: Native method not found: com.pekall.sandbox.database.sqlite.SQLiteDatabase.native_setSqliteSoftHeapLimit:(I)V
05-20 18:36:35.056 W/System.err(11564): 	at com.pekall.sandbox.database.sqlite.SQLiteDatabase.native_setSqliteSoftHeapLimit(Native Method)
05-20 18:36:35.056 W/System.err(11564): 	at com.pekall.sandbox.database.sqlite.SQLiteDatabase.<init>(Unknown Source)
05-20 18:36:35.056 W/System.err(11564): 	at com.pekall.sandbox.database.sqlite.SQLiteDatabase.openDatabase(Unknown Source)
05-20 18:36:35.056 W/System.err(11564): 	at com.pekall.sandbox.database.sqlite.SQLiteDatabase.openDatabase(Unknown Source)
05-20 18:36:35.056 W/System.err(11564): 	at com.pekall.sandbox.database.sqlite.SQLiteDatabase.openDatabase(Unknown Source)
05-20 18:36:35.056 W/System.err(11564): 	at com.pekall.sandbox.database.sqlite.SQLiteOpenHelper.getWritableDatabase(Unknown Source)
05-20 18:36:35.056 W/System.err(11564): 	at com.pekall.emdm.messagecenter.db.a.a(Unknown Source)
05-20 18:36:35.056 W/System.err(11564): 	at com.pekall.emdm.messagecenter.db.a.b(Unknown Source)
05-20 18:36:35.056 W/System.err(11564): 	at com.pekall.emdm.messagecenter.activity.a.onCreate(Unknown Source)
05-20 18:36:35.056 W/System.err(11564): 	at com.pekall.emdm.launcher.LauncherApplication.onCreate(Unknown Source)
05-20 18:36:35.064 W/System.err(11564): 	at android.app.Instrumentation.callApplicationOnCreate(Instrumentation.java:1007)
05-20 18:36:35.064 W/System.err(11564): 	at android.app.ActivityThread.handleBindApplication(ActivityThread.java:4444)
05-20 18:36:35.064 W/System.err(11564): 	at android.app.ActivityThread.access$1300(ActivityThread.java:141)
05-20 18:36:35.064 W/System.err(11564): 	at android.app.ActivityThread$H.handleMessage(ActivityThread.java:1316)
05-20 18:36:35.064 W/System.err(11564): 	at android.os.Handler.dispatchMessage(Handler.java:99)
05-20 18:36:35.064 W/System.err(11564): 	at android.os.Looper.loop(Looper.java:137)
05-20 18:36:35.072 V/WiseDownloadConditionControler( 8480): checkCondition  type : WISE_DOWNLOAD  inerrupting: true
05-20 18:36:35.072 W/System.err(11564): 	at android.app.ActivityThread.main(ActivityThread.java:5103)
05-20 18:36:35.072 W/System.err(11564): 	at java.lang.reflect.Method.invokeNative(Native Method)
05-20 18:36:35.072 W/System.err(11564): 	at java.lang.reflect.Method.invoke(Method.java:525)
05-20 18:36:35.072 W/System.err(11564): 	at com.android.internal.os.ZygoteInit$MethodAndArgsCaller.run(ZygoteInit.java:737)
05-20 18:36:35.072 W/System.err(11564): 	at com.android.internal.os.ZygoteInit.main(ZygoteInit.java:553)
05-20 18:36:35.072 W/System.err(11564): 	at dalvik.system.NativeStart.main(Native Method)
05-20 18:36:35.096 W/Parcel  ( 1661): Attempt to read object from Parcel 0x5ec3bdac at offset 200 that is not in the object list
05-20 18:36:35.236 V/a       (11191): Wait for reconcileAccounts finished in 331ms
05-20 18:36:35.447 D/ActivityThread(11564): Loading provider com.pekall.semail.provider;com.pekall.semail.notifier: com.pekall.semail.provider.EmailProvider
05-20 18:36:35.525 D/ActivityThread(11564): Loading provider com.pekall.semail.provider;com.pekall.semail.notifier: com.pekall.semail.provider.EmailProvider
05-20 18:36:35.603 D/LightsService(  374): Excessive delay setting light: 406ms
05-20 18:36:35.963 D/ExchangeService(11191): !!! EAS ExchangeService, stopping self
05-20 18:36:36.033 D/dalvikvm(11564): GC_CONCURRENT freed 505K, 6% free 9478K/10024K, paused 3ms+3ms, total 43ms
05-20 18:36:36.846 W/EmailProvider(11564): restoreIfNeeded...
05-20 18:36:36.853 D/EmailProvider(11564): restoreAccounts...
05-20 18:36:37.642 D/EmailProvider(11564): No accounts to restore...
05-20 18:36:37.713 D/EmailProvider(11564): Deleting orphans...
05-20 18:36:37.900 D/EmailProvider(11564): EmailProvider pre-caching...
05-20 18:36:38.846 D/EmailProvider(11564): EmailProvider ready.
05-20 18:36:39.181 D/dalvikvm(  374): GC_CONCURRENT freed 3919K, 25% free 21651K/28664K, paused 4ms+20ms, total 288ms
05-20 18:36:39.338 W/ActivityManager(  374): Unable to start service Intent { cmp=com.pekall.emdm.launcher/com.pekall.semail.service.AttachmentDownloadService } U=0: not found
05-20 18:36:39.353 I/Email   (11564): Notifications being toggled: false
05-20 18:36:39.361 D/dalvikvm(11556): GC_FOR_ALLOC freed 7548K, 93% free 643K/8192K, paused 45ms, total 49ms
05-20 18:36:39.486 D/dalvikvm(11556): GC_CONCURRENT freed 393K, 93% free 633K/8192K, paused 0ms+0ms, total 8ms
05-20 18:36:39.627 D/dalvikvm(11556): GC_CONCURRENT freed 438K, 53% free 640K/1336K, paused 1ms+2ms, total 9ms
05-20 18:36:39.752 D/dalvikvm(11556): GC_CONCURRENT freed 421K, 54% free 614K/1336K, paused 0ms+1ms, total 4ms
05-20 18:36:39.877 D/dalvikvm(11556): GC_CONCURRENT freed 394K, 55% free 612K/1336K, paused 0ms+0ms, total 4ms
05-20 18:36:39.994 D/dalvikvm(11556): GC_CONCURRENT freed 371K, 53% free 633K/1336K, paused 2ms+0ms, total 5ms
05-20 18:36:40.111 D/dalvikvm(11556): GC_CONCURRENT freed 412K, 55% free 612K/1336K, paused 1ms+0ms, total 5ms
05-20 18:36:40.244 D/dalvikvm(11556): GC_CONCURRENT freed 371K, 53% free 633K/1336K, paused 1ms+1ms, total 5ms
05-20 18:36:40.353 D/dalvikvm(11556): GC_CONCURRENT freed 392K, 53% free 633K/1336K, paused 2ms+0ms, total 5ms
05-20 18:36:40.486 D/dalvikvm(11556): GC_CONCURRENT freed 392K, 53% free 633K/1336K, paused 1ms+1ms, total 5ms
05-20 18:36:40.611 D/dalvikvm(11556): GC_CONCURRENT freed 391K, 53% free 633K/1336K, paused 1ms+1ms, total 5ms
05-20 18:36:40.705 D/dalvikvm(11556): GC_CONCURRENT freed 392K, 53% free 633K/1336K, paused 1ms+1ms, total 5ms
05-20 18:36:40.830 D/dalvikvm(11556): GC_CONCURRENT freed 391K, 53% free 633K/1336K, paused 2ms+0ms, total 6ms
05-20 18:36:40.947 D/dalvikvm(11556): GC_CONCURRENT freed 391K, 53% free 633K/1336K, paused 2ms+0ms, total 6ms
05-20 18:36:41.049 D/dalvikvm(11556): GC_CONCURRENT freed 392K, 53% free 633K/1336K, paused 2ms+0ms, total 6ms
05-20 18:36:41.174 D/dalvikvm(11556): GC_CONCURRENT freed 391K, 53% free 633K/1336K, paused 1ms+0ms, total 5ms
05-20 18:36:41.291 D/dalvikvm(11556): GC_CONCURRENT freed 392K, 53% free 633K/1336K, paused 1ms+0ms, total 5ms
05-20 18:36:41.400 D/dalvikvm(11556): GC_CONCURRENT freed 392K, 53% free 633K/1336K, paused 1ms+1ms, total 5ms
05-20 18:36:41.494 D/dalvikvm(11556): GC_CONCURRENT freed 391K, 53% free 633K/1336K, paused 1ms+0ms, total 5ms
05-20 18:36:41.596 D/dalvikvm(11556): GC_CONCURRENT freed 392K, 53% free 633K/1336K, paused 1ms+0ms, total 6ms
05-20 18:36:41.689 D/dalvikvm(11556): GC_CONCURRENT freed 392K, 53% free 633K/1336K, paused 2ms+0ms, total 5ms
05-20 18:36:41.814 D/dalvikvm(11556): GC_CONCURRENT freed 392K, 53% free 633K/1336K, paused 2ms+0ms, total 5ms
05-20 18:36:41.931 D/dalvikvm(11556): GC_CONCURRENT freed 392K, 53% free 633K/1336K, paused 1ms+0ms, total 5ms
05-20 18:36:42.056 D/dalvikvm(11556): GC_CONCURRENT freed 408K, 54% free 616K/1336K, paused 0ms+0ms, total 4ms
05-20 18:36:42.189 D/dalvikvm(11556): GC_CONCURRENT freed 375K, 53% free 634K/1336K, paused 1ms+1ms, total 6ms
05-20 18:36:42.299 D/dalvikvm(11556): GC_CONCURRENT freed 409K, 54% free 616K/1336K, paused 0ms+0ms, total 5ms
05-20 18:36:42.416 D/dalvikvm(11556): GC_CONCURRENT freed 391K, 54% free 616K/1336K, paused 0ms+1ms, total 4ms
05-20 18:36:42.533 D/dalvikvm(11556): GC_CONCURRENT freed 392K, 54% free 616K/1336K, paused 0ms+0ms, total 4ms
05-20 18:36:42.658 D/dalvikvm(11556): GC_CONCURRENT freed 393K, 54% free 616K/1336K, paused 1ms+0ms, total 6ms
05-20 18:36:42.775 D/dalvikvm(11556): GC_CONCURRENT freed 391K, 54% free 617K/1336K, paused 0ms+1ms, total 4ms
05-20 18:36:42.892 D/dalvikvm(11556): GC_CONCURRENT freed 392K, 54% free 616K/1336K, paused 1ms+0ms, total 5ms
05-20 18:36:43.010 D/dalvikvm(11556): GC_CONCURRENT freed 374K, 53% free 633K/1336K, paused 1ms+1ms, total 5ms
05-20 18:36:43.127 D/dalvikvm(11556): GC_CONCURRENT freed 392K, 53% free 633K/1336K, paused 1ms+1ms, total 6ms
05-20 18:36:43.244 D/dalvikvm(11556): GC_CONCURRENT freed 412K, 55% free 612K/1336K, paused 1ms+0ms, total 5ms
05-20 18:36:43.369 D/dalvikvm(11556): GC_CONCURRENT freed 371K, 53% free 633K/1336K, paused 2ms+0ms, total 6ms
05-20 18:36:43.486 D/dalvikvm(11556): GC_CONCURRENT freed 392K, 53% free 633K/1336K, paused 2ms+0ms, total 6ms
05-20 18:36:43.510 D/MDM :   (11191): [null:-1]->Location timeout, set latitude and longitude -1
05-20 18:36:43.603 D/CommandManager(11191): [null:-1]->requestType: Location
05-20 18:36:43.603 D/dalvikvm(11556): GC_CONCURRENT freed 392K, 53% free 633K/1336K, paused 2ms+0ms, total 6ms
05-20 18:36:43.721 D/dalvikvm(11556): GC_CONCURRENT freed 391K, 53% free 633K/1336K, paused 1ms+0ms, total 5ms
05-20 18:36:43.853 D/dalvikvm(11556): GC_CONCURRENT freed 409K, 54% free 616K/1336K, paused 0ms+0ms, total 5ms
05-20 18:36:43.971 D/dalvikvm(11556): GC_CONCURRENT freed 374K, 53% free 633K/1336K, paused 1ms+1ms, total 5ms
05-20 18:36:44.088 D/MdmDatabaseHelper(11191): [null:-1]->update command f2bcdbf6-8219-4762-adea-1781b54e7a62 to commandStatus <?xml version="1.0" encoding="UTF-8"?>
05-20 18:36:44.088 D/MdmDatabaseHelper(11191): <!DOCTYPE plist PUBLIC "-//Apple//DTD PLIST 1.0//EN" "http://www.apple.com/DTDs/PropertyList-1.0.dtd">
05-20 18:36:44.088 D/MdmDatabaseHelper(11191): <plist version="1.0">
05-20 18:36:44.088 D/MdmDatabaseHelper(11191): <dict>
05-20 18:36:44.088 D/MdmDatabaseHelper(11191): 	<key>Latitude</key>
05-20 18:36:44.088 D/MdmDatabaseHelper(11191): 	<real>-1.0</real>
05-20 18:36:44.088 D/MdmDatabaseHelper(11191): 	<key>Longitude</key>
05-20 18:36:44.088 D/MdmDatabaseHelper(11191): 	<real>-1.0</real>
05-20 18:36:44.088 D/MdmDatabaseHelper(11191): 	<key>CommandUUID</key>
05-20 18:36:44.088 D/MdmDatabaseHelper(11191): 	<string>f2bcdbf6-8219-4762-adea-1781b54e7a62</string>
05-20 18:36:44.088 D/MdmDatabaseHelper(11191): 	<key>Status</key>
05-20 18:36:44.088 D/MdmDatabaseHelper(11191): 	<string>Error</string>
05-20 18:36:44.088 D/MdmDatabaseHelper(11191): 	<key>UDID</key>
05-20 18:36:44.088 D/MdmDatabaseHelper(11191): 	<string>00013fbc8ecec5b900000146193107d7</string>
05-20 18:36:44.088 D/MdmDatabaseHelper(11191): </dict>
05-20 18:36:44.088 D/MdmDatabaseHelper(11191): </plist>
05-20 18:36:44.174 D/dalvikvm(11556): GC_CONCURRENT freed 391K, 53% free 633K/1336K, paused 2ms+0ms, total 6ms
05-20 18:36:44.275 I/TransInfo(11191): TransInfo created, id: 3, class: class com.pekall.emdm.transaction.c.b
05-20 18:36:44.283 D/NetworkThread(11191): [null:-1]->----isRunning-----true
05-20 18:36:44.283 D/NetworkThread(11191): [null:-1]->----isRunning-----true
05-20 18:36:44.283 D/NetworkThread(11191): [null:-1]->thread wakeup
05-20 18:36:44.283 D/NetworkThread(11191): [null:-1]->sendHttpPost:PostRequest, url: http://192.168.10.21/rest/mdm/v1/ios/android_server, Params: [content:<?xml version="1.0" encoding="UTF-8"?>
05-20 18:36:44.283 D/NetworkThread(11191): <!DOCTYPE plist PUBLIC "-//Apple//DTD PLIST 1.0//EN" "http://www.apple.com/DTDs/PropertyList-1.0.dtd">
05-20 18:36:44.283 D/NetworkThread(11191): <plist version="1.0">
05-20 18:36:44.283 D/NetworkThread(11191): <dict>
05-20 18:36:44.283 D/NetworkThread(11191): 	<key>Latitude</key>
05-20 18:36:44.283 D/NetworkThread(11191): 	<real>-1.0</real>
05-20 18:36:44.283 D/NetworkThread(11191): 	<key>Longitude</key>
05-20 18:36:44.283 D/NetworkThread(11191): 	<real>-1.0</real>
05-20 18:36:44.283 D/NetworkThread(11191): 	<key>CommandUUID</key>
05-20 18:36:44.283 D/NetworkThread(11191): 	<string>f2bcdbf6-8219-4762-adea-1781b54e7a62</string>
05-20 18:36:44.283 D/NetworkThread(11191): 	<key>Status</key>
05-20 18:36:44.283 D/NetworkThread(11191): 	<string>Error</string>
05-20 18:36:44.283 D/NetworkThread(11191): 	<key>UDID</key>
05-20 18:36:44.283 D/NetworkThread(11191): 	<string>00013fbc8ecec5b900000146193107d7</string>
05-20 18:36:44.283 D/NetworkThread(11191): </dict>
05-20 18:36:44.283 D/NetworkThread(11191): </plist>], 
05-20 18:36:44.283 D/HttpClient(11191): enable apache.http debug
05-20 18:36:44.299 V/DEBUG   (11191): HTTP 0
05-20 18:36:44.338 D/dalvikvm(11556): GC_CONCURRENT freed 412K, 55% free 612K/1336K, paused 2ms+0ms, total 6ms
05-20 18:36:44.478 D/dalvikvm(11556): GC_CONCURRENT freed 391K, 55% free 612K/1336K, paused 2ms+1ms, total 6ms
05-20 18:36:44.603 D/dalvikvm(11556): GC_CONCURRENT freed 371K, 53% free 633K/1336K, paused 1ms+0ms, total 5ms
05-20 18:36:44.635 D/MDM :   (11191): [null:-1]->statusCode : 200
05-20 18:36:44.635 D/MDM :   (11191): [null:-1]->statusCode : 200
05-20 18:36:44.635 V/DEBUG   (11191): HTTP 1
05-20 18:36:44.650 D/MDM :   (11191): [null:-1]->read network input stream
05-20 18:36:44.658 D/MDM :   (11191): [null:-1]->Get joson string: <?xml version="1.0" encoding="UTF-8"?>
05-20 18:36:44.658 D/MDM :   (11191): <!DOCTYPE plist PUBLIC "-//Apple//DTD PLIST 1.0//EN" "http://www.apple.com/DTDs/PropertyList-1.0.dtd">
05-20 18:36:44.658 D/MDM :   (11191): <plist version="1.0">
05-20 18:36:44.658 D/MDM :   (11191): <dict>
05-20 18:36:44.658 D/MDM :   (11191): 	<key>CommandUUID</key>
05-20 18:36:44.658 D/MDM :   (11191): 	<string>7d07ef10-7fdf-49b6-8902-be415a17242a</string>
05-20 18:36:44.658 D/MDM :   (11191): 	<key>Command</key>
05-20 18:36:44.658 D/MDM :   (11191): 	<dict>
05-20 18:36:44.658 D/MDM :   (11191): 		<key>NewPasscode</key>
05-20 18:36:44.658 D/MDM :   (11191): 		<string>123456</string>
05-20 18:36:44.658 D/MDM :   (11191): 		<key>RequestType</key>
05-20 18:36:44.658 D/MDM :   (11191): 		<string>ClearPasscode</string>
05-20 18:36:44.658 D/MDM :   (11191): 	</dict>
05-20 18:36:44.658 D/MDM :   (11191): </dict>
05-20 18:36:44.658 D/MDM :   (11191): </plist>
05-20 18:36:44.697 D/MdmDatabaseHelper(11191): [null:-1]->update command f2bcdbf6-8219-4762-adea-1781b54e7a62 to status executed
05-20 18:36:44.728 D/CheckInTransInfo(11191): [null:-1]->CommandMsg : CommandMsg{CommandUUID='7d07ef10-7fdf-49b6-8902-be415a17242a', Command=CommandClearPasscode{super=CommandObject{RequestType='ClearPasscode'}UnlockToken=[]}}
05-20 18:36:44.760 D/NetworkThread(11191): [null:-1]->clear mCurrentTransInfo
05-20 18:36:44.760 D/NetworkThread(11191): [null:-1]->queue is empty, thread wait...
05-20 18:36:44.767 D/dalvikvm(11556): GC_CONCURRENT freed 392K, 53% free 633K/1336K, paused 1ms+1ms, total 5ms
05-20 18:36:44.861 D/MdmService(11191): [null:-1]->handleCheckInResult
05-20 18:36:44.861 D/MdmService(11191): [null:-1]->handleCheckInResult result keyIndex: 3
05-20 18:36:44.861 D/CommandManager(11191): [null:-1]->execute command: CommandMsg{CommandUUID='7d07ef10-7fdf-49b6-8902-be415a17242a', Command=CommandClearPasscode{super=CommandObject{RequestType='ClearPasscode'}UnlockToken=[]}}
05-20 18:36:44.939 D/dalvikvm(11556): GC_CONCURRENT freed 392K, 53% free 633K/1336K, paused 1ms+0ms, total 5ms
05-20 18:36:45.135 D/dalvikvm(  374): GC_CONCURRENT freed 3220K, 25% free 21622K/28664K, paused 19ms+15ms, total 353ms
05-20 18:36:45.135 D/dalvikvm(  374): WAIT_FOR_CONCURRENT_GC blocked 93ms
05-20 18:36:45.174 D/dalvikvm(11556): GC_CONCURRENT freed 392K, 53% free 633K/1336K, paused 1ms+1ms, total 5ms
05-20 18:36:45.267 I/PowerManagerService(  374): Going to sleep due to device administration policy...
05-20 18:36:45.275 D/CommandManager(11191): [null:-1]->requestType: ClearPasscode
05-20 18:36:45.299 D/dalvikvm(11556): GC_CONCURRENT freed 391K, 53% free 633K/1336K, paused 2ms+0ms, total 6ms
05-20 18:36:45.299 I/PowerManagerService(  374): Waking up from sleep...
05-20 18:36:45.588 V/KeyguardHostView(  374): hide transport, gen:1
05-20 18:36:45.588 V/KeyguardHostView(  374): music state changed: 0
05-20 18:36:45.619 V/WiseDownloadConditionControler( 8480): checkCondition  type : TODAY_LAUNCHED_USER  inerrupting: false
05-20 18:36:45.650 W/Parcel  ( 1661): Attempt to read object from Parcel 0x5dfd3dac at offset 200 that is not in the object list
05-20 18:36:45.650 V/MDM :   (11191): [null:-1]->Screen receiver is called.
05-20 18:36:45.658 W/Parcel  ( 1661): Attempt to read object from Parcel 0x5ded3dac at offset 200 that is not in the object list
05-20 18:36:46.056 D/LightsService(  374): Excessive delay setting light: 85ms
05-20 18:36:46.322 D/LightsService(  374): Excessive delay setting light: 166ms
05-20 18:36:46.627 D/dalvikvm(10142): GC_CONCURRENT freed 550K, 7% free 9640K/10336K, paused 2ms+47ms, total 1006ms
05-20 18:36:46.760 V/WiseDownloadConditionControler( 8480): checkCondition  type : TRIGGER_WISE_DOWNLOAD  inerrupting: false
05-20 18:36:46.760 W/Parcel  ( 1661): Attempt to read object from Parcel 0x6003bdac at offset 200 that is not in the object list
05-20 18:36:46.783 V/CounterTextView(11191): onReceive
05-20 18:36:46.783 D/        (11191): [---null: -1---]   msg  xxd1
05-20 18:36:46.799 V/CounterTextView(11191): onReceive
05-20 18:36:46.806 D/        (11191): [---null: -1---]   msg  xxd1
05-20 18:36:47.041 D/MdmDatabaseHelper(11191): [null:-1]->update command 7d07ef10-7fdf-49b6-8902-be415a17242a to commandStatus <?xml version="1.0" encoding="UTF-8"?>
05-20 18:36:47.041 D/MdmDatabaseHelper(11191): <!DOCTYPE plist PUBLIC "-//Apple//DTD PLIST 1.0//EN" "http://www.apple.com/DTDs/PropertyList-1.0.dtd">
05-20 18:36:47.041 D/MdmDatabaseHelper(11191): <plist version="1.0">
05-20 18:36:47.041 D/MdmDatabaseHelper(11191): <dict>
05-20 18:36:47.041 D/MdmDatabaseHelper(11191): 	<key>CommandUUID</key>
05-20 18:36:47.041 D/MdmDatabaseHelper(11191): 	<string>7d07ef10-7fdf-49b6-8902-be415a17242a</string>
05-20 18:36:47.041 D/MdmDatabaseHelper(11191): 	<key>Status</key>
05-20 18:36:47.041 D/MdmDatabaseHelper(11191): 	<string>Acknowledged</string>
05-20 18:36:47.041 D/MdmDatabaseHelper(11191): 	<key>UDID</key>
05-20 18:36:47.041 D/MdmDatabaseHelper(11191): 	<string>00013fbc8ecec5b900000146193107d7</string>
05-20 18:36:47.041 D/MdmDatabaseHelper(11191): </dict>
05-20 18:36:47.041 D/MdmDatabaseHelper(11191): </plist>
05-20 18:36:47.103 D/dalvikvm(11556): GC_CONCURRENT freed 415K, 53% free 634K/1336K, paused 2ms+1ms, total 11ms
05-20 18:36:47.299 D/dalvikvm(11556): GC_CONCURRENT freed 407K, 54% free 616K/1336K, paused 0ms+1ms, total 16ms
05-20 18:36:47.306 I/TransInfo(11191): TransInfo created, id: 3, class: class com.pekall.emdm.transaction.c.b
05-20 18:36:47.306 D/NetworkThread(11191): [null:-1]->----isRunning-----true
05-20 18:36:47.306 D/NetworkThread(11191): [null:-1]->----isRunning-----true
05-20 18:36:47.306 D/NetworkThread(11191): [null:-1]->thread wakeup
05-20 18:36:47.314 D/NetworkThread(11191): [null:-1]->sendHttpPost:PostRequest, url: http://192.168.10.21/rest/mdm/v1/ios/android_server, Params: [content:<?xml version="1.0" encoding="UTF-8"?>
05-20 18:36:47.314 D/NetworkThread(11191): <!DOCTYPE plist PUBLIC "-//Apple//DTD PLIST 1.0//EN" "http://www.apple.com/DTDs/PropertyList-1.0.dtd">
05-20 18:36:47.314 D/NetworkThread(11191): <plist version="1.0">
05-20 18:36:47.314 D/NetworkThread(11191): <dict>
05-20 18:36:47.314 D/NetworkThread(11191): 	<key>CommandUUID</key>
05-20 18:36:47.314 D/NetworkThread(11191): 	<string>7d07ef10-7fdf-49b6-8902-be415a17242a</string>
05-20 18:36:47.314 D/NetworkThread(11191): 	<key>Status</key>
05-20 18:36:47.314 D/NetworkThread(11191): 	<string>Acknowledged</string>
05-20 18:36:47.314 D/NetworkThread(11191): 	<key>UDID</key>
05-20 18:36:47.314 D/NetworkThread(11191): 	<string>00013fbc8ecec5b900000146193107d7</string>
05-20 18:36:47.314 D/NetworkThread(11191): </dict>
05-20 18:36:47.314 D/NetworkThread(11191): </plist>], 
05-20 18:36:47.314 D/HttpClient(11191): enable apache.http debug
05-20 18:36:47.338 V/DEBUG   (11191): HTTP 0
05-20 18:36:47.517 D/dalvikvm(11556): GC_CONCURRENT freed 389K, 54% free 616K/1336K, paused 1ms+1ms, total 17ms
05-20 18:36:47.658 D/MDM :   (11191): [null:-1]->statusCode : 200
05-20 18:36:47.658 D/MDM :   (11191): [null:-1]->statusCode : 200
05-20 18:36:47.658 V/DEBUG   (11191): HTTP 1
05-20 18:36:47.658 D/MDM :   (11191): [null:-1]->Get joson string: 
05-20 18:36:47.658 D/MdmDatabaseHelper(11191): [null:-1]->update command 7d07ef10-7fdf-49b6-8902-be415a17242a to status executed
05-20 18:36:47.697 D/dalvikvm(11556): GC_CONCURRENT freed 388K, 54% free 617K/1336K, paused 7ms+0ms, total 12ms
05-20 18:36:47.705 D/NetworkThread(11191): [null:-1]->clear mCurrentTransInfo
05-20 18:36:47.705 D/NetworkThread(11191): [null:-1]->queue is empty, thread wait...
05-20 18:36:47.760 D/MdmService(11191): [null:-1]->handleCheckInResult
05-20 18:36:47.760 D/MdmService(11191): [null:-1]->handleCheckInResult result keyIndex: 3
05-20 18:36:47.760 D/HandleCommandTask(11191): [null:-1]->execute command msg but beanBase is null
05-20 18:36:47.783 D/MdmStatusManager(11191): [null:-1]->change status to : Idle
05-20 18:36:47.806 D/dalvikvm(11556): GC_CONCURRENT freed 389K, 54% free 616K/1336K, paused 0ms+1ms, total 4ms
05-20 18:36:47.924 D/dalvikvm(11556): GC_CONCURRENT freed 389K, 54% free 616K/1336K, paused 1ms+0ms, total 5ms
05-20 18:36:48.041 D/dalvikvm(11556): GC_CONCURRENT freed 389K, 54% free 616K/1336K, paused 1ms+1ms, total 5ms
05-20 18:36:48.158 D/dalvikvm(11556): GC_CONCURRENT freed 388K, 54% free 617K/1336K, paused 0ms+0ms, total 4ms
05-20 18:36:48.275 D/dalvikvm(11556): GC_CONCURRENT freed 389K, 54% free 617K/1336K, paused 0ms+0ms, total 5ms
05-20 18:36:48.392 D/dalvikvm(11556): GC_CONCURRENT freed 389K, 54% free 616K/1336K, paused 0ms+0ms, total 4ms
05-20 18:36:48.517 D/dalvikvm(11556): GC_CONCURRENT freed 389K, 54% free 617K/1336K, paused 0ms+0ms, total 4ms
05-20 18:36:48.642 D/dalvikvm(11556): GC_CONCURRENT freed 389K, 54% free 617K/1336K, paused 1ms+0ms, total 5ms
05-20 18:36:48.760 D/dalvikvm(11556): GC_CONCURRENT freed 389K, 54% free 616K/1336K, paused 0ms+0ms, total 4ms
05-20 18:36:48.877 D/dalvikvm(11556): GC_CONCURRENT freed 389K, 54% free 616K/1336K, paused 0ms+1ms, total 4ms
05-20 18:36:48.994 D/dalvikvm(11556): GC_CONCURRENT freed 389K, 54% free 616K/1336K, paused 0ms+0ms, total 4ms
05-20 18:36:49.119 D/dalvikvm(11556): GC_CONCURRENT freed 389K, 54% free 616K/1336K, paused 0ms+0ms, total 4ms
05-20 18:36:49.228 D/dalvikvm(11556): GC_CONCURRENT freed 389K, 54% free 616K/1336K, paused 0ms+1ms, total 4ms
05-20 18:36:49.353 D/dalvikvm(11556): GC_CONCURRENT freed 389K, 54% free 616K/1336K, paused 0ms+0ms, total 5ms
05-20 18:36:49.471 D/dalvikvm(11556): GC_CONCURRENT freed 389K, 54% free 616K/1336K, paused 1ms+0ms, total 5ms
05-20 18:36:49.588 D/dalvikvm(11556): GC_CONCURRENT freed 389K, 54% free 616K/1336K, paused 1ms+0ms, total 5ms
05-20 18:36:49.705 D/dalvikvm(11556): GC_CONCURRENT freed 389K, 54% free 616K/1336K, paused 0ms+1ms, total 4ms
05-20 18:36:49.822 D/dalvikvm(11556): GC_CONCURRENT freed 388K, 54% free 617K/1336K, paused 0ms+0ms, total 5ms
05-20 18:36:49.939 D/dalvikvm(11556): GC_CONCURRENT freed 388K, 54% free 617K/1336K, paused 0ms+1ms, total 4ms
05-20 18:36:50.049 D/dalvikvm(11556): GC_CONCURRENT freed 389K, 54% free 617K/1336K, paused 1ms+0ms, total 5ms
05-20 18:36:50.197 D/dalvikvm(11556): GC_CONCURRENT freed 389K, 54% free 617K/1336K, paused 0ms+1ms, total 4ms
05-20 18:36:50.322 D/dalvikvm(11556): GC_CONCURRENT freed 389K, 54% free 617K/1336K, paused 0ms+0ms, total 5ms
05-20 18:36:50.439 D/dalvikvm(11556): GC_CONCURRENT freed 389K, 54% free 616K/1336K, paused 1ms+0ms, total 5ms
05-20 18:36:50.556 D/dalvikvm(11556): GC_CONCURRENT freed 388K, 54% free 617K/1336K, paused 0ms+0ms, total 5ms
05-20 18:36:50.674 D/dalvikvm(11556): GC_CONCURRENT freed 389K, 54% free 617K/1336K, paused 1ms+0ms, total 5ms
05-20 18:36:50.791 D/dalvikvm(11556): GC_CONCURRENT freed 389K, 54% free 616K/1336K, paused 0ms+1ms, total 4ms
05-20 18:36:50.908 D/dalvikvm(11556): GC_CONCURRENT freed 388K, 54% free 617K/1336K, paused 0ms+0ms, total 4ms
05-20 18:36:51.025 D/dalvikvm(11556): GC_CONCURRENT freed 389K, 54% free 617K/1336K, paused 0ms+0ms, total 5ms
05-20 18:36:51.142 D/dalvikvm(11556): GC_CONCURRENT freed 389K, 54% free 616K/1336K, paused 1ms+0ms, total 5ms
05-20 18:36:51.260 D/dalvikvm(11556): GC_CONCURRENT freed 389K, 54% free 616K/1336K, paused 1ms+0ms, total 5ms
05-20 18:36:51.377 D/dalvikvm(11556): GC_CONCURRENT freed 389K, 54% free 616K/1336K, paused 1ms+0ms, total 5ms
05-20 18:36:51.494 D/dalvikvm(11556): GC_CONCURRENT freed 389K, 54% free 616K/1336K, paused 0ms+0ms, total 5ms
05-20 18:36:51.611 D/dalvikvm(11556): GC_CONCURRENT freed 389K, 54% free 616K/1336K, paused 1ms+0ms, total 5ms
05-20 18:36:51.674 D/dalvikvm(  374): GC_CONCURRENT freed 2933K, 24% free 21856K/28664K, paused 2ms+18ms, total 228ms
05-20 18:36:51.775 D/dalvikvm(11556): GC_CONCURRENT freed 389K, 54% free 617K/1336K, paused 2ms+1ms, total 6ms
05-20 18:36:51.924 D/dalvikvm(11556): GC_CONCURRENT freed 389K, 54% free 616K/1336K, paused 0ms+0ms, total 5ms
05-20 18:36:52.064 D/dalvikvm(11556): GC_CONCURRENT freed 389K, 54% free 616K/1336K, paused 1ms+1ms, total 6ms
05-20 18:36:52.213 D/dalvikvm(11556): GC_CONCURRENT freed 389K, 54% free 616K/1336K, paused 0ms+0ms, total 5ms
05-20 18:36:52.346 D/dalvikvm(11556): GC_CONCURRENT freed 389K, 54% free 616K/1336K, paused 0ms+1ms, total 5ms
05-20 18:36:52.494 D/dalvikvm(11556): GC_CONCURRENT freed 389K, 54% free 616K/1336K, paused 0ms+0ms, total 5ms
05-20 18:36:52.635 D/dalvikvm(11556): GC_CONCURRENT freed 389K, 54% free 616K/1336K, paused 0ms+0ms, total 5ms
05-20 18:36:52.814 D/dalvikvm(11556): GC_CONCURRENT freed 388K, 54% free 616K/1336K, paused 1ms+1ms, total 10ms
05-20 18:36:53.010 D/dalvikvm(11556): GC_CONCURRENT freed 389K, 54% free 616K/1336K, paused 1ms+0ms, total 14ms
05-20 18:36:53.181 D/dalvikvm(11556): GC_CONCURRENT freed 389K, 54% free 616K/1336K, paused 0ms+0ms, total 14ms
05-20 18:36:53.346 D/dalvikvm(11556): GC_CONCURRENT freed 389K, 54% free 616K/1336K, paused 1ms+1ms, total 14ms
05-20 18:36:53.510 D/dalvikvm(11556): GC_CONCURRENT freed 388K, 54% free 616K/1336K, paused 1ms+0ms, total 12ms
05-20 18:36:53.689 D/dalvikvm(11556): GC_CONCURRENT freed 389K, 54% free 616K/1336K, paused 0ms+3ms, total 13ms
05-20 18:36:53.799 D/dalvikvm(11556): GC_CONCURRENT freed 388K, 54% free 617K/1336K, paused 1ms+0ms, total 5ms
05-20 18:36:53.916 D/dalvikvm(11556): GC_CONCURRENT freed 389K, 54% free 616K/1336K, paused 0ms+1ms, total 4ms
05-20 18:36:54.033 D/dalvikvm(11556): GC_CONCURRENT freed 389K, 54% free 616K/1336K, paused 0ms+0ms, total 4ms
05-20 18:36:54.150 D/dalvikvm(11556): GC_CONCURRENT freed 389K, 54% free 616K/1336K, paused 0ms+1ms, total 4ms
05-20 18:36:54.267 D/dalvikvm(11556): GC_CONCURRENT freed 389K, 54% free 616K/1336K, paused 0ms+0ms, total 4ms
05-20 18:36:54.369 W/ActivityManager(  374): Timeout executing service: ServiceRecord{42a20660 u0 com.pekall.emdm.launcher/com.baidu.location.f}
05-20 18:36:54.392 I/Process (  374): Sending signal. PID: 11564 SIG: 3
05-20 18:36:54.392 I/dalvikvm(11564): threadid=3: reacting to signal 3
05-20 18:36:54.400 D/dalvikvm(11556): GC_CONCURRENT freed 389K, 54% free 616K/1336K, paused 0ms+1ms, total 4ms
05-20 18:36:54.510 D/dalvikvm(11556): GC_CONCURRENT freed 389K, 54% free 616K/1336K, paused 0ms+1ms, total 4ms
05-20 18:36:54.588 I/Process (  374): Sending signal. PID: 374 SIG: 3
05-20 18:36:54.588 I/dalvikvm(  374): threadid=3: reacting to signal 3
05-20 18:36:54.642 D/dalvikvm(11564): JIT unchain all for threadid=11
05-20 18:36:54.736 I/dalvikvm(11564): Wrote stack traces to '/data/anr/traces.txt'
05-20 18:36:56.939 I/dalvikvm(  374): Wrote stack traces to '/data/anr/traces.txt'
05-20 18:36:57.275 I/Process (  374): Sending signal. PID: 448 SIG: 3
05-20 18:36:57.275 I/dalvikvm(  448): threadid=3: reacting to signal 3
05-20 18:36:57.275 I/Process (  374): Sending signal. PID: 561 SIG: 3
05-20 18:36:57.275 I/dalvikvm(  561): threadid=3: reacting to signal 3
05-20 18:36:57.314 D/dalvikvm(11556): GC_CONCURRENT freed 388K, 54% free 617K/1336K, paused 1ms+0ms, total 5ms
05-20 18:36:57.369 I/dalvikvm(  561): Wrote stack traces to '/data/anr/traces.txt'
05-20 18:36:57.369 I/Process (  374): Sending signal. PID: 568 SIG: 3
05-20 18:36:57.369 I/dalvikvm(  568): threadid=3: reacting to signal 3
05-20 18:36:57.400 I/dalvikvm(  568): Wrote stack traces to '/data/anr/traces.txt'
05-20 18:36:57.455 D/dalvikvm(11556): GC_CONCURRENT freed 389K, 54% free 617K/1336K, paused 0ms+1ms, total 4ms
05-20 18:36:57.596 D/dalvikvm(11556): GC_CONCURRENT freed 389K, 54% free 616K/1336K, paused 0ms+1ms, total 4ms
05-20 18:36:57.721 D/dalvikvm(11556): GC_CONCURRENT freed 389K, 54% free 616K/1336K, paused 0ms+0ms, total 5ms
05-20 18:36:57.877 D/dalvikvm(11556): GC_CONCURRENT freed 369K, 53% free 637K/1336K, paused 1ms+0ms, total 6ms
05-20 18:36:57.986 I/dalvikvm(  448): Wrote stack traces to '/data/anr/traces.txt'
05-20 18:36:58.197 D/dalvikvm(  374): GC_CONCURRENT freed 3032K, 24% free 22065K/28664K, paused 5ms+17ms, total 221ms
05-20 18:36:58.197 D/dalvikvm(  374): WAIT_FOR_CONCURRENT_GC blocked 169ms
05-20 18:36:58.205 D/dalvikvm(  374): WAIT_FOR_CONCURRENT_GC blocked 175ms
05-20 18:36:58.236 D/dalvikvm(11556): GC_CONCURRENT freed 389K, 53% free 637K/1336K, paused 2ms+1ms, total 11ms
05-20 18:36:58.385 D/dalvikvm(11556): GC_CONCURRENT freed 388K, 53% free 637K/1336K, paused 1ms+0ms, total 6ms
05-20 18:36:58.424 D/dalvikvm(  374): GC_EXPLICIT freed 215K, 23% free 22114K/28664K, paused 3ms+22ms, total 170ms
05-20 18:36:58.572 D/dalvikvm(11556): GC_CONCURRENT freed 390K, 53% free 637K/1336K, paused 1ms+0ms, total 8ms
05-20 18:36:58.713 D/dalvikvm(11556): GC_CONCURRENT freed 389K, 53% free 637K/1336K, paused 1ms+0ms, total 12ms
05-20 18:36:58.892 D/dalvikvm(11556): GC_CONCURRENT freed 389K, 53% free 637K/1336K, paused 1ms+1ms, total 10ms
05-20 18:36:59.049 I/Process (  374): Sending signal. PID: 11191 SIG: 3
05-20 18:36:59.049 I/dalvikvm(11191): threadid=3: reacting to signal 3
05-20 18:36:59.080 D/dalvikvm(11556): GC_CONCURRENT freed 409K, 54% free 616K/1336K, paused 1ms+1ms, total 13ms
05-20 18:36:59.260 D/dalvikvm(11556): GC_CONCURRENT freed 389K, 54% free 616K/1336K, paused 1ms+1ms, total 12ms
05-20 18:36:59.260 E/ActivityManager(  374): ANR in com.pekall.emdm.launcher:remote
05-20 18:36:59.260 E/ActivityManager(  374): Reason: Executing service com.pekall.emdm.launcher/com.baidu.location.f
05-20 18:36:59.260 E/ActivityManager(  374): Load: 3.56 / 2.49 / 2.06
05-20 18:36:59.260 E/ActivityManager(  374): CPU usage from 5336ms to 0ms ago:
05-20 18:36:59.260 E/ActivityManager(  374):   62% 11564/com.pekall.emdm.launcher:remote: 62% user + 0.1% kernel
05-20 18:36:59.260 E/ActivityManager(  374):   60% 11191/com.pekall.emdm.launcher: 60% user + 0% kernel
05-20 18:36:59.260 E/ActivityManager(  374):   49% 374/system_server: 47% user + 2.6% kernel / faults: 649 minor
05-20 18:36:59.260 E/ActivityManager(  374):   21% 11556/uiautomator: 19% user + 1.8% kernel / faults: 576 minor
05-20 18:36:59.260 E/ActivityManager(  374):   1.8% 127/mediaserver: 0.7% user + 1.1% kernel
05-20 18:36:59.260 E/ActivityManager(  374):   1.5% 135/adbd: 0.3% user + 1.1% kernel
05-20 18:36:59.260 E/ActivityManager(  374):   0.3% 8748/com.qihoo.appstore: 0.3% user + 0% kernel / faults: 1 minor
05-20 18:36:59.260 E/ActivityManager(  374):   0.3% 11600/kworker/0:1: 0% user + 0.3% kernel
05-20 18:36:59.260 E/ActivityManager(  374):   0.1% 116/servicemanager: 0% user + 0.1% kernel
05-20 18:36:59.260 E/ActivityManager(  374):   0.1% 10902/kworker/1:0: 0% user + 0.1% kernel
05-20 18:36:59.260 E/ActivityManager(  374):   0.1% 11545/logcat: 0.1% user + 0% kernel
05-20 18:36:59.260 E/ActivityManager(  374): 100% TOTAL: 97% user + 2.1% kernel
05-20 18:36:59.260 E/ActivityManager(  374): CPU usage from 4054ms to 4609ms later with 99% awake:
05-20 18:36:59.260 E/ActivityManager(  374):   67% 11191/com.pekall.emdm.launcher: 67% user + 0% kernel
05-20 18:36:59.260 E/ActivityManager(  374):     68% 11204/Thread-2040: 68% user + 0% kernel
05-20 18:36:59.260 E/ActivityManager(  374):   52% 374/system_server: 45% user + 7% kernel / faults: 28 minor
05-20 18:36:59.260 E/ActivityManager(  374):     45% 388/UI: 45% user + 0% kernel
05-20 18:36:59.260 E/ActivityManager(  374):     8.7% 390/ActivityManager: 3.5% user + 5.2% kernel
05-20 18:36:59.260 E/ActivityManager(  374):   48% 11564/com.pekall.emdm.launcher:remote: 48% user + 0% kernel
05-20 18:36:59.260 E/ActivityManager(  374):     48% 11581/Thread-2055: 48% user + 0% kernel
05-20 18:36:59.260 E/ActivityManager(  374):   23% 11556/uiautomator: 23% user + 0% kernel / faults: 46 minor
05-20 18:36:59.260 E/ActivityManager(  374):     10% 11556/uiautomator: 10% user + 0% kernel
05-20 18:36:59.260 E/ActivityManager(  374):     5.3% 11560/GC: 5.3% user + 0% kernel
05-20 18:36:59.260 E/ActivityManager(  374):     5.3% 11576/Binder_2: 5.3% user + 0% kernel
05-20 18:36:59.260 E/ActivityManager(  374):     3.5% 11573/Binder_1: 3.5% user + 0% kernel
05-20 18:36:59.260 E/ActivityManager(  374):     3.5% 11613/Binder_3: 3.5% user + 0% kernel
05-20 18:36:59.260 E/ActivityManager(  374):   3.5% 127/mediaserver: 1.7% user + 1.7% kernel
05-20 18:36:59.260 E/ActivityManager(  374):     1.7% 127/mediaserver: 1.7% user + 0% kernel
05-20 18:36:59.260 E/ActivityManager(  374):     1.7% 686/Binder_2: 0% user + 1.7% kernel
05-20 18:36:59.260 E/ActivityManager(  374):   1.7% 135/adbd: 0% user + 1.7% kernel
05-20 18:36:59.260 E/ActivityManager(  374):     1.7% 4255/adbd: 0% user + 1.7% kernel
05-20 18:36:59.260 E/ActivityManager(  374):     1.7% 4256/adbd: 1.7% user + 0% kernel
05-20 18:36:59.260 E/ActivityManager(  374): 100% TOTAL: 96% user + 3.6% kernel
05-20 18:36:59.275 W/ActivityManager(  374): Killing ProcessRecord{42532c28 11564:com.pekall.emdm.launcher:remote/u0a10066}: background ANR
05-20 18:36:59.275 W/BroadcastQueue(  374): Timeout of broadcast BroadcastRecord{430c6fd0 u-1 android.intent.action.SCREEN_OFF} - receiver=android.os.BinderProxy@427006f8, started 13623ms ago
05-20 18:36:59.283 W/BroadcastQueue(  374): Receiver during timeout: BroadcastFilter{42dc81e8 u0 ReceiverList{42dce308 11564 com.pekall.emdm.launcher:remote/10066/u0 remote:427006f8}}
05-20 18:36:59.283 I/ActivityManager(  374): Skipping duplicate ANR: ProcessRecord{42532c28 11564:com.pekall.emdm.launcher:remote/u0a10066} Broadcast of Intent { act=android.intent.action.SCREEN_OFF flg=0x50000010 }
05-20 18:36:59.299 D/dalvikvm(11191): JIT unchain all for threadid=11
05-20 18:36:59.392 I/WindowManager(  374): Lock screen displayed!
05-20 18:36:59.447 D/dalvikvm(  448): GC_FOR_ALLOC freed 729K, 16% free 13405K/15944K, paused 88ms, total 90ms
05-20 18:36:59.541 D/dalvikvm(11556): GC_CONCURRENT freed 393K, 55% free 607K/1336K, paused 2ms+1ms, total 10ms
05-20 18:36:59.549 W/Parcel  ( 1661): Attempt to read object from Parcel 0x5ded3dac at offset 200 that is not in the object list
05-20 18:36:59.572 I/dalvikvm(11191): Wrote stack traces to '/data/anr/traces.txt'
05-20 18:36:59.596 D/ExchangeService(11191): !!! EAS ExchangeService, onDestroy
05-20 18:36:59.596 I/ActivityManager(  374): Process com.pekall.emdm.launcher:remote (pid 11564) has died.
05-20 18:36:59.596 W/ActivityManager(  374): Scheduling restart of crashed service com.pekall.emdm.launcher/com.baidu.location.f in 20000ms
05-20 18:36:59.689 D/LightsService(  374): Excessive delay setting light: 104ms
05-20 18:36:59.721 W/Settings( 1661): Setting airplane_mode_on has moved from android.provider.Settings.System to android.provider.Settings.Global, returning read-only value.
05-20 18:36:59.721 V/DigitalWidgetViewsFactory( 2749): DigitalWidget sets next alarm string to null
05-20 18:36:59.728 V/WiseDownloadConditionControler( 8480): checkCondition  type : WISE_DOWNLOAD  inerrupting: true
05-20 18:36:59.744 W/Parcel  ( 1661): Attempt to read object from Parcel 0x6003bdac at offset 200 that is not in the object list
05-20 18:36:59.775 D/dalvikvm( 1661): GC_CONCURRENT freed 1386K, 18% free 13141K/15888K, paused 13ms+10ms, total 104ms
05-20 18:36:59.775 D/dalvikvm( 1661): WAIT_FOR_CONCURRENT_GC blocked 26ms
05-20 18:36:59.775 D/dalvikvm( 1661): WAIT_FOR_CONCURRENT_GC blocked 31ms
05-20 18:36:59.775 D/dalvikvm( 1661): WAIT_FOR_CONCURRENT_GC blocked 26ms
05-20 18:37:00.752 D/dalvikvm(11556): GC_CONCURRENT freed 351K, 53% free 640K/1336K, paused 2ms+0ms, total 6ms
05-20 18:37:00.846 D/dalvikvm(11556): G