05-20 18:33:16.103 D/NetworkThread(11191): [null:-1]->----isRunning-----true
05-20 18:33:16.103 D/NetworkThread(11191): [null:-1]->----isRunning-----true
05-20 18:33:16.103 D/NetworkThread(11191): [null:-1]->thread wakeup
05-20 18:33:16.103 D/NetworkThread(11191): [null:-1]->sendHttpPost:PostRequest, url: http://192.168.10.21/rest/mdm/v1/ios/android_server, Params: [content:<?xml version="1.0" encoding="UTF-8"?>
05-20 18:33:16.103 D/NetworkThread(11191): <!DOCTYPE plist PUBLIC "-//Apple//DTD PLIST 1.0//EN" "http://www.apple.com/DTDs/PropertyList-1.0.dtd">
05-20 18:33:16.103 D/NetworkThread(11191): <plist version="1.0">
05-20 18:33:16.103 D/NetworkThread(11191): <dict>
05-20 18:33:16.103 D/NetworkThread(11191): 	<key>CommandUUID</key>
05-20 18:33:16.103 D/NetworkThread(11191): 	<string>200d93a9-218f-4a64-8ed2-7520fe4ad706</string>
05-20 18:33:16.103 D/NetworkThread(11191): 	<key>Status</key>
05-20 18:33:16.103 D/NetworkThread(11191): 	<string>Acknowledged</string>
05-20 18:33:16.103 D/NetworkThread(11191): 	<key>UDID</key>
05-20 18:33:16.103 D/NetworkThread(11191): 	<string>00013fbc8ecec5b900000146193107d7</string>
05-20 18:33:16.103 D/NetworkThread(11191): </dict>
05-20 18:33:16.103 D/NetworkThread(11191): </plist>], 
05-20 18:33:16.103 D/HttpClient(11191): enable apache.http debug
05-20 18:33:16.103 V/DEBUG   (11191): HTTP 0
05-20 18:33:16.142 V/CounterTextView(11191): onReceive
05-20 18:33:16.142 D/        (11191): [---null: -1---]   msg  xxd1
05-20 18:33:16.150 V/CounterTextView(11191): onReceive
05-20 18:33:16.150 D/        (11191): [---null: -1---]   msg  xxd1
05-20 18:33:16.158 V/CounterTextView(11191): onReceive
05-20 18:33:16.158 D/        (11191): [---null: -1---]   msg  xxd1
05-20 18:33:16.158 V/CounterTextView(11191): onReceive
05-20 18:33:16.158 D/        (11191): [---null: -1---]   msg  xxd1
05-20 18:33:16.174 D/        (11191): [---null: -1---]  1111222  mLongAxisStartPadding110
05-20 18:33:16.174 D/        (11191): [---null: -1---]  11112223  heightSpecSize1094
05-20 18:33:16.181 D/        (11191): [---null: -1---]  11112223  mLongAxisStartPadding110
05-20 18:33:16.181 D/        (11191): [---null: -1---]  11112223  mLongAxisEndPadding110
05-20 18:33:16.181 D/        (11191): [---null: -1---]  11112223  mRows4
05-20 18:33:16.181 D/        (11191): [---null: -1---]  1111222  mLongAxisStartPadding110
05-20 18:33:16.181 D/        (11191): [---null: -1---]  11112223  heightSpecSize1094
05-20 18:33:16.181 D/        (11191): [---null: -1---]  11112223  mLongAxisStartPadding110
05-20 18:33:16.181 D/        (11191): [---null: -1---]  11112223  mLongAxisEndPadding110
05-20 18:33:16.181 D/        (11191): [---null: -1---]  11112223  mRows4
05-20 18:33:16.189 V/CounterTextView(11191): draw
05-20 18:33:16.189 V/CounterTextView(11191): count = 1
05-20 18:33:16.189 D/MDM :   (11191): [null:-1]->zzzzz   getWidth() 160
05-20 18:33:16.189 D/MDM :   (11191): [null:-1]->zzzzz   =================mWidthTemp() 160
05-20 18:33:16.197 D/MDM :   (11191): [null:-1]->zzzzz   ------------------mWidthTemp >getWidth()() 
05-20 18:33:16.197 V/CounterTextView(11191): xxxxxxx   136
05-20 18:33:16.658 D/MDM :   (11191): [null:-1]->statusCode : 200
05-20 18:33:16.658 D/MDM :   (11191): [null:-1]->statusCode : 200
05-20 18:33:16.658 V/DEBUG   (11191): HTTP 1
05-20 18:33:16.666 D/MDM :   (11191): [null:-1]->read network input stream
05-20 18:33:16.666 D/MDM :   (11191): [null:-1]->Get joson string: <?xml version="1.0" encoding="UTF-8"?>
05-20 18:33:16.666 D/MDM :   (11191): <!DOCTYPE plist PUBLIC "-//Apple//DTD PLIST 1.0//EN" "http://www.apple.com/DTDs/PropertyList-1.0.dtd">
05-20 18:33:16.666 D/MDM :   (11191): <plist version="1.0">
05-20 18:33:16.666 D/MDM :   (11191): <dict>
05-20 18:33:16.666 D/MDM :   (11191): 	<key>CommandUUID</key>
05-20 18:33:16.666 D/MDM :   (11191): 	<string>5bb27472-b795-4a68-a29d-a7b262664bfb</string>
05-20 18:33:16.666 D/MDM :   (11191): 	<key>Command</key>
05-20 18:33:16.666 D/MDM :   (11191): 	<dict>
05-20 18:33:16.666 D/MDM :   (11191): 		<key>RequestType</key>
05-20 18:33:16.666 D/MDM :   (11191): 		<string>Location</string>
05-20 18:33:16.666 D/MDM :   (11191): 	</dict>
05-20 18:33:16.666 D/MDM :   (11191): </dict>
05-20 18:33:16.666 D/MDM :   (11191): </plist>
05-20 18:33:16.674 D/MdmDatabaseHelper(11191): [null:-1]->update command 200d93a9-218f-4a64-8ed2-7520fe4ad706 to status executed
05-20 18:33:16.697 D/CheckInTransInfo(11191): [null:-1]->CommandMsg : CommandMsg{CommandUUID='5bb27472-b795-4a68-a29d-a7b262664bfb', Command=CommandObject{RequestType='Location'}}
05-20 18:33:16.721 D/NetworkThread(11191): [null:-1]->clear mCurrentTransInfo
05-20 18:33:16.721 D/NetworkThread(11191): [null:-1]->queue is empty, thread wait...
05-20 18:33:16.822 D/MdmService(11191): [null:-1]->handleCheckInResult
05-20 18:33:16.822 D/MdmService(11191): [null:-1]->handleCheckInResult result keyIndex: 3
05-20 18:33:16.822 D/CommandManager(11191): [null:-1]->execute command: CommandMsg{CommandUUID='5bb27472-b795-4a68-a29d-a7b262664bfb', Command=CommandObject{RequestType='Location'}}
05-20 18:33:16.822 W/Parcel  ( 1661): Attempt to read object from Parcel 0x5dfd3dac at offset 200 that is not in the object list
05-20 18:33:16.822 D/MdmService(11191): [null:-1]->receiver action :com.pekall.mdm.action.LOCATION
05-20 18:33:16.830 I/ActivityManager(  374): Start proc com.pekall.emdm.launcher:remote for service com.pekall.emdm.launcher/com.baidu.location.f: pid=11313 uid=10066 gids={50066, 1015, 3002, 3001, 3003, 1028}
05-20 18:33:16.838 D/dalvikvm(11313): Late-enabling CheckJNI
05-20 18:33:16.877 V/MyServiceConnection(11313): [SConnection] sandbox service is NOT installed.
05-20 18:33:16.877 V/MyServiceConnection(11313): [SConnection] binding service: pekall.intent.action.SANDBOX_SERVICE
05-20 18:33:16.885 D/ScClassLoader(11313): >> SOURCE FILE: /data/data/com.pekall.emdm.launcher/app_jars/sc-jdk15on-1.47.0.2.dex.jar
05-20 18:33:16.924 D/dalvikvm(11313): GC_CONCURRENT freed 153K, 3% free 9281K/9472K, paused 2ms+2ms, total 30ms
05-20 18:33:16.924 D/dalvikvm(11313): WAIT_FOR_CONCURRENT_GC blocked 7ms
05-20 18:33:16.931 D/dalvikvm(11313): WAIT_FOR_CONCURRENT_GC blocked 10ms
05-20 18:33:16.939 W/Parcel  ( 1661): Attempt to read object from Parcel 0x6003bdac at offset 200 that is not in the object list
05-20 18:33:16.939 W/Parcel  ( 1661): Attempt to read object from Parcel 0x5ded3dac at offset 200 that is not in the object list
05-20 18:33:16.939 D/Email   (11313): Email: init sandbox at the beginning.
05-20 18:33:16.939 V/MyServiceConnection(11313): [SConnection] retry to bind service
05-20 18:33:16.939 V/MyServiceConnection(11313): [SConnection] sandbox service is NOT installed.
05-20 18:33:16.939 V/MyServiceConnection(11313): [SConnection] binding service: pekall.intent.action.SANDBOX_SERVICE
05-20 18:33:16.955 V/MyServiceConnection(11313): [SConnection] retry to bind service
05-20 18:33:16.955 V/MyServiceConnection(11313): [SConnection] sandbox service is NOT installed.
05-20 18:33:16.955 V/MyServiceConnection(11313): [SConnection] binding service: pekall.intent.action.SANDBOX_SERVICE
05-20 18:33:16.978 V/l       (11313): Bind requested for task setLogging
05-20 18:33:16.986 D/ExchangeService(11191): !!! EAS ExchangeService, onCreate
05-20 18:33:16.986 W/Parcel  ( 1661): Attempt to read object from Parcel 0x5ec3bdac at offset 200 that is not in the object list
05-20 18:33:16.994 D/ExchangeService(11191): !!! EAS ExchangeService, onStartCommand, startingUp = false, running = false
05-20 18:33:16.994 D/ExchangeService(11191): to start secureStorageService now
05-20 18:33:16.994 D/dalvikvm(11313): GC_CONCURRENT freed 205K, 3% free 9588K/9832K, paused 2ms+2ms, total 22ms
05-20 18:33:16.994 D/dalvikvm(11313): WAIT_FOR_CONCURRENT_GC blocked 11ms
05-20 18:33:16.994 D/dalvikvm(11313): WAIT_FOR_CONCURRENT_GC blocked 7ms
05-20 18:33:16.994 D/dalvikvm(11313): WAIT_FOR_CONCURRENT_GC blocked 11ms
05-20 18:33:16.994 D/dalvikvm(11313): WAIT_FOR_CONCURRENT_GC blocked 12ms
05-20 18:33:17.002 D/dalvikvm(11313): WAIT_FOR_CONCURRENT_GC blocked 12ms
05-20 18:33:17.033 D/ActivityThread(11313): Loading provider com.pekall.semail.provider;com.pekall.semail.notifier: com.pekall.semail.provider.EmailProvider
05-20 18:33:17.064 W/DocumentManager(11313): Sandbox service is not connected.
05-20 18:33:17.064 D/MessageControllerImpl(11313): controller is null
05-20 18:33:17.064 V/MyServiceConnection(11313): [SConnection] retry to bind service
05-20 18:33:17.064 V/MyServiceConnection(11313): [SConnection] sandbox service is NOT installed.
05-20 18:33:17.064 V/MyServiceConnection(11313): [SConnection] binding service: pekall.intent.action.SANDBOX_SERVICE
05-20 18:33:17.064 W/SQLiteOpenHelper(11313): Opened /data/data/com.pekall.emdm.launcher/databases/message.db
05-20 18:33:17.064 W/dalvikvm(11313): No implementation found for native Lcom/pekall/sandbox/database/sqlite/SQLiteDatabase;.native_setSqliteSoftHeapLimit:(I)V
05-20 18:33:17.064 D/AndroidRuntime(11313): Shutting down VM
05-20 18:33:17.064 W/dalvikvm(11313): threadid=1: thread exiting with uncaught exception (group=0x419c8700)
05-20 18:33:17.064 D/        (11313): [---null: -1---]  Thread is main
05-20 18:33:17.064 W/System.err(11313): java.lang.UnsatisfiedLinkError: Native method not found: com.pekall.sandbox.database.sqlite.SQLiteDatabase.native_setSqliteSoftHeapLimit:(I)V
05-20 18:33:17.064 W/System.err(11313): 	at com.pekall.sandbox.database.sqlite.SQLiteDatabase.native_setSqliteSoftHeapLimit(Native Method)
05-20 18:33:17.064 W/System.err(11313): 	at com.pekall.sandbox.database.sqlite.SQLiteDatabase.<init>(Unknown Source)
05-20 18:33:17.064 W/System.err(11313): 	at com.pekall.sandbox.database.sqlite.SQLiteDatabase.openDatabase(Unknown Source)
05-20 18:33:17.064 W/System.err(11313): 	at com.pekall.sandbox.database.sqlite.SQLiteDatabase.openDatabase(Unknown Source)
05-20 18:33:17.064 W/System.err(11313): 	at com.pekall.sandbox.database.sqlite.SQLiteDatabase.openDatabase(Unknown Source)
05-20 18:33:17.064 W/System.err(11313): 	at com.pekall.sandbox.database.sqlite.SQLiteOpenHelper.getWritableDatabase(Unknown Source)
05-20 18:33:17.064 W/System.err(11313): 	at com.pekall.emdm.messagecenter.db.a.a(Unknown Source)
05-20 18:33:17.072 W/System.err(11313): 	at com.pekall.emdm.messagecenter.db.a.b(Unknown Source)
05-20 18:33:17.072 W/System.err(11313): 	at com.pekall.emdm.messagecenter.activity.a.onCreate(Unknown Source)
05-20 18:33:17.072 W/System.err(11313): 	at com.pekall.emdm.launcher.LauncherApplication.onCreate(Unknown Source)
05-20 18:33:17.072 W/System.err(11313): 	at android.app.Instrumentation.callApplicationOnCreate(Instrumentation.java:1007)
05-20 18:33:17.072 W/System.err(11313): 	at android.app.ActivityThread.handleBindApplication(ActivityThread.java:4444)
05-20 18:33:17.072 W/System.err(11313): 	at android.app.ActivityThread.access$1300(ActivityThread.java:141)
05-20 18:33:17.072 W/System.err(11313): 	at android.app.ActivityThread$H.handleMessage(ActivityThread.java:1316)
05-20 18:33:17.072 W/System.err(11313): 	at android.os.Handler.dispatchMessage(Handler.java:99)
05-20 18:33:17.072 W/System.err(11313): 	at android.os.Looper.loop(Looper.java:137)
05-20 18:33:17.072 W/System.err(11313): 	at android.app.ActivityThread.main(ActivityThread.java:5103)
05-20 18:33:17.072 W/System.err(11313): 	at java.lang.reflect.Method.invokeNative(Native Method)
05-20 18:33:17.072 W/System.err(11313): 	at java.lang.reflect.Method.invoke(Method.java:525)
05-20 18:33:17.072 W/System.err(11313): 	at com.android.internal.os.ZygoteInit$MethodAndArgsCaller.run(ZygoteInit.java:737)
05-20 18:33:17.072 W/System.err(11313): 	at com.android.internal.os.ZygoteInit.main(ZygoteInit.java:553)
05-20 18:33:17.072 W/System.err(11313): 	at dalvik.system.NativeStart.main(Native Method)
05-20 18:33:17.088 V/a       (11191): Bind requested for task test
05-20 18:33:17.103 V/a       (11191): Connected: com.pekall.semail.service.AccountServiceInternal
05-20 18:33:17.103 D/dalvikvm( 1661): GC_EXPLICIT freed 73K, 18% free 13059K/15888K, paused 1ms+4ms, total 97ms
05-20 18:33:17.111 V/a       (11191): Connection test succeeded in 26ms
05-20 18:33:17.111 D/ExchangeService(11191): Reconciling accounts...
05-20 18:33:17.111 V/a       (11191): Bind requested for task reconcileAccounts
05-20 18:33:17.111 V/a       (11191): Task test completed; disconnecting
05-20 18:33:17.111 D/dalvikvm(11313): GC_CONCURRENT freed 493K, 6% free 9493K/10028K, paused 6ms+3ms, total 32ms
05-20 18:33:17.127 V/a       (11191): Connected: com.pekall.semail.service.AccountServiceInternal
05-20 18:33:17.127 D/ActivityThread(11313): Loading provider com.pekall.semail.provider;com.pekall.semail.notifier: com.pekall.semail.provider.EmailProvider
05-20 18:33:17.142 V/a       (11191): Task reconcileAccounts completed; disconnecting
05-20 18:33:17.260 V/a       (11191): Waiting for task reconcileAccounts to complete...
05-20 18:33:17.408 W/EmailProvider(11313): restoreIfNeeded...
05-20 18:33:17.455 D/EmailProvider(11313): restoreAccounts...
05-20 18:33:17.838 D/EmailProvider(11313): No accounts to restore...
05-20 18:33:17.853 D/EmailProvider(11313): Deleting orphans...
05-20 18:33:17.869 D/EmailProvider(11313): EmailProvider pre-caching...
05-20 18:33:18.064 D/EmailProvider(11313): EmailProvider ready.
05-20 18:33:18.135 W/ActivityManager(  374): Unable to start service Intent { cmp=com.pekall.emdm.launcher/com.pekall.semail.service.AttachmentDownloadService } U=0: not found
05-20 18:33:18.150 I/Email   (11313): Notifications being toggled: false
05-20 18:33:19.650 D/LightsService(  374): Excessive delay setting light: 67ms
05-20 18:33:19.822 D/LightsService(  374): Excessive delay setting light: 62ms
05-20 18:33:19.908 D/LightsService(  374): Excessive delay setting light: 55ms
05-20 18:33:20.017 D/LightsService(  374): Excessive delay setting light: 63ms
05-20 18:33:21.088 D/dalvikvm( 2462): GC_CONCURRENT freed 616K, 9% free 9512K/10404K, paused 32ms+192ms, total 633ms
05-20 18:33:25.510 I/PowerManagerService(  374): Going to sleep due to screen timeout...
05-20 18:33:26.236 D/LightsService(  374): Excessive delay setting light: 53ms
05-20 18:33:26.306 D/dalvikvm(  374): GC_FOR_ALLOC freed 1250K, 25% free 21383K/28292K, paused 116ms, total 116ms
05-20 18:33:26.416 D/dalvikvm(  374): GC_FOR_ALLOC freed 811K, 25% free 21315K/28292K, paused 105ms, total 105ms
05-20 18:33:26.416 D/SurfaceFlinger(  124): Screen released, type=0 flinger=0x40e95478
05-20 18:33:26.431 D/LauncherApplication(11191): [null:-1]->onActivityPaused
05-20 18:33:26.494 D/LauncherApplication(11191): [null:-1]->onActivityPaused  updateTime
05-20 18:33:26.580 D/dalvikvm( 2462): GC_FOR_ALLOC freed 54K, 6% free 9630K/10192K, paused 53ms, total 64ms
05-20 18:33:26.588 I/dalvikvm-heap( 2462): Grow heap (frag case) to 9.651MB for 221232-byte allocation
05-20 18:33:26.627 D/dalvikvm( 2462): GC_FOR_ALLOC freed 0K, 6% free 9846K/10412K, paused 44ms, total 44ms
05-20 18:33:26.666 D/NfcService(  568): NFC-C OFF, disconnect
05-20 18:33:27.150 D/dalvikvm( 1661): GC_EXPLICIT freed 395K, 18% free 13068K/15888K, paused 2ms+22ms, total 138ms
05-20 18:33:27.174 V/WiseDownloadConditionControler( 8480): checkCondition  type : TODAY_LAUNCHED_USER  inerrupting: false
05-20 18:33:27.181 V/WiseDownloadConditionControler( 8480): checkCondition  type : TRIGGER_WISE_DOWNLOAD  inerrupting: false
05-20 18:33:27.205 W/Parcel  ( 1661): Attempt to read object from Parcel 0x5dfd3dac at offset 200 that is not in the object list
05-20 18:33:27.213 V/MDM :   (11191): [null:-1]->Screen receiver is called.
05-20 18:33:27.221 W/Parcel  ( 1661): Attempt to read object from Parcel 0x6003bdac at offset 200 that is not in the object list
05-20 18:33:27.549 V/WiseDownloadConditionControler( 8480): checkingStatus~~~ 
05-20 18:33:27.619 V/WiseDownloadConditionControler( 8480): checkCondition  type : WISE_DOWNLOAD  inerrupting: false
05-20 18:33:31.338 V/KeyguardHostView(  374): hide transport, gen:1
05-20 18:33:31.338 V/KeyguardHostView(  374): music state changed: 0
05-20 18:33:31.338 W/Parcel  ( 1661): Attempt to read object from Parcel 0x5ded3dac at offset 200 that is not in the object list
05-20 18:33:31.385 D/PhoneStatusBar(  448): disable: < EXPAND* icons alerts TICKER* system_info back home RECENT* clock SEARCH* >
05-20 18:33:31.455 V/TAG     (  374): bug 7643792: fitSystemWindows([0,50][0,0])
05-20 18:33:31.588 D/PhoneStatusBar(  448): disable: < EXPAND icons alerts TICKER system_info BACK* HOME* RECENT CLOCK* SEARCH >
05-20 18:33:32.689 W/MountService(  374): getVolumeState(/storage/emulated/0/external_sd): Unknown volume
05-20 18:33:32.752 W/MountService(  374): getVolumeState(/mnt/sdcard-ext): Unknown volume
05-20 18:33:32.775 W/MountService(  374): getVolumeState(/mnt/ext_sdcard): Unknown volume
05-20 18:33:32.799 W/MountService(  374): getVolumeState(/mnt/sdcard2): Unknown volume
05-20 18:33:32.799 W/MountService(  374): getVolumeState(/mnt/emmc): Unknown volume
05-20 18:33:33.072 W/MountService(  374): getVolumeState(/mnt/extSdCard): Unknown volume
05-20 18:33:33.072 W/MountService(  374): getVolumeState(/mnt/sdcard/SD_CARD): Unknown volume
05-20 18:33:33.486 D/dalvikvm( 1468): GC_CONCURRENT freed 623K, 20% free 9736K/12104K, paused 85ms+169ms, total 1047ms
05-20 18:33:33.486 D/dalvikvm( 1468): WAIT_FOR_CONCURRENT_GC blocked 390ms
05-20 18:33:33.517 D/dalvikvm( 1468): WAIT_FOR_CONCURRENT_GC blocked 406ms
05-20 18:33:33.533 W/MountService(  374): getVolumeState(/mnt/sdcard/extra_sd): Unknown volume
05-20 18:33:33.549 W/MountService(  374): getVolumeState(/mnt/extrasd_bind): Unknown volume
05-20 18:33:33.549 W/MountService(  374): getVolumeState(/mnt/sdcard/ext_sd): Unknown volume
05-20 18:33:33.564 W/MountService(  374): getVolumeState(/storage/extSdCard): Unknown volume
05-20 18:33:33.564 W/MountService(  374): getVolumeState(/storage/sdcard1): Unknown volume
05-20 18:33:33.580 W/MountService(  374): getVolumeState(/mnt/sdcard/external_SD): Unknown volume
05-20 18:33:33.627 W/MountService(  374): getVolumeState(/mnt/sdcard/external_sd): Unknown volume
05-20 18:33:36.853 W/ActivityManager(  374): Timeout executing service: ServiceRecord{42a20660 u0 com.pekall.emdm.launcher/com.baidu.location.f}
05-20 18:33:36.861 I/Process (  374): Sending signal. PID: 11313 SIG: 3
05-20 18:33:36.861 I/dalvikvm(11313): threadid=3: reacting to signal 3
05-20 18:33:37.056 I/Process (  374): Sending signal. PID: 374 SIG: 3
05-20 18:33:37.056 I/dalvikvm(  374): threadid=3: reacting to signal 3
05-20 18:33:37.111 D/dalvikvm(11313): JIT unchain all for threadid=12
05-20 18:33:37.142 D/dalvikvm( 1468): GC_CONCURRENT freed 473K, 20% free 9774K/12104K, paused 5ms+27ms, total 870ms
05-20 18:33:37.142 D/dalvikvm( 1468): WAIT_FOR_CONCURRENT_GC blocked 424ms
05-20 18:33:37.142 D/dalvikvm( 1468): WAIT_FOR_CONCURRENT_GC blocked 410ms
05-20 18:33:37.189 I/dalvikvm(11313): Wrote stack traces to '/data/anr/traces.txt'
05-20 18:33:41.767 I/dalvikvm(  374): Wrote stack traces to '/data/anr/traces.txt'
05-20 18:33:41.806 I/Process (  374): Sending signal. PID: 448 SIG: 3
05-20 18:33:41.806 I/dalvikvm(  448): threadid=3: reacting to signal 3
05-20 18:33:41.806 I/Process (  374): Sending signal. PID: 561 SIG: 3
05-20 18:33:41.806 I/dalvikvm(  561): threadid=3: reacting to signal 3
05-20 18:33:41.994 I/dalvikvm(  561): Wrote stack traces to '/data/anr/traces.txt'
05-20 18:33:41.994 I/Process (  374): Sending signal. PID: 568 SIG: 3
05-20 18:33:41.994 I/dalvikvm(  568): threadid=3: reacting to signal 3
05-20 18:33:42.064 I/dalvikvm(  568): Wrote stack traces to '/data/anr/traces.txt'
05-20 18:33:42.619 I/dalvikvm(  448): Wrote stack traces to '/data/anr/traces.txt'
05-20 18:33:42.861 D/dalvikvm(  374): GC_CONCURRENT freed 2111K, 22% free 22271K/28292K, paused 5ms+21ms, total 258ms
05-20 18:33:42.861 D/dalvikvm(  374): WAIT_FOR_CONCURRENT_GC blocked 203ms
05-20 18:33:43.049 D/dalvikvm(  374): GC_EXPLICIT freed 208K, 23% free 22063K/28292K, paused 6ms+10ms, total 186ms
05-20 18:33:43.244 W/MountService(  374): getVolumeState(/storage/emulated/0/external_sd): Unknown volume
05-20 18:33:43.267 W/MountService(  374): getVolumeState(/mnt/sdcard-ext): Unknown volume
05-20 18:33:43.267 W/MountService(  374): getVolumeState(/mnt/ext_sdcard): Unknown volume
05-20 18:33:43.330 W/MountService(  374): getVolumeState(/mnt/sdcard2): Unknown volume
05-20 18:33:43.330 W/MountService(  374): getVolumeState(/mnt/emmc): Unknown volume
05-20 18:33:43.330 W/MountService(  374): getVolumeState(/mnt/extSdCard): Unknown volume
05-20 18:33:43.330 W/MountService(  374): getVolumeState(/mnt/sdcard/SD_CARD): Unknown volume
05-20 18:33:43.353 W/MountService(  374): getVolumeState(/mnt/sdcard/extra_sd): Unknown volume
05-20 18:33:43.369 W/MountService(  374): getVolumeState(/mnt/extrasd_bind): Unknown volume
05-20 18:33:43.385 W/MountService(  374): getVolumeState(/mnt/sdcard/ext_sd): Unknown volume
05-20 18:33:43.400 W/MountService(  374): getVolumeState(/storage/extSdCard): Unknown volume
05-20 18:33:43.400 W/MountService(  374): getVolumeState(/storage/sdcard1): Unknown volume
05-20 18:33:43.416 W/MountService(  374): getVolumeState(/mnt/sdcard/external_SD): Unknown volume
05-20 18:33:43.431 W/MountService(  374): getVolumeState(/mnt/sdcard/external_sd): Unknown volume
05-20 18:33:43.721 I/Process (  374): Sending signal. PID: 11191 SIG: 3
05-20 18:33:43.721 I/dalvikvm(11191): threadid=3: reacting to signal 3
05-20 18:33:43.924 I/Process (  374): Sending signal. PID: 1468 SIG: 3
05-20 18:33:43.924 I/dalvikvm( 1468): threadid=3: reacting to signal 3
05-20 18:33:43.971 D/dalvikvm(11191): JIT unchain all for threadid=11
05-20 18:33:44.056 I/dalvikvm(11191): Wrote stack traces to '/data/anr/traces.txt'
05-20 18:33:44.111 E/ActivityManager(  374): ANR in com.pekall.emdm.launcher:remote
05-20 18:33:44.111 E/ActivityManager(  374): Reason: Executing service com.pekall.emdm.launcher/com.baidu.location.f
05-20 18:33:44.111 E/ActivityManager(  374): Load: 2.85 / 1.84 / 1.8
05-20 18:33:44.111 E/ActivityManager(  374): CPU usage from 694ms to -7207ms ago:
05-20 18:33:44.111 E/ActivityManager(  374):   80% 11313/com.pekall.emdm.launcher:remote: 79% user + 0.3% kernel / faults: 120 minor
05-20 18:33:44.111 E/ActivityManager(  374):   76% 11191/com.pekall.emdm.launcher: 75% user + 0.2% kernel / faults: 237 minor
05-20 18:33:44.111 E/ActivityManager(  374):   23% 374/system_server: 18% user + 4.8% kernel / faults: 874 minor
05-20 18:33:44.111 E/ActivityManager(  374):   4.6% 448/com.android.systemui: 4.3% user + 0.3% kernel / faults: 56 minor 3 major
05-20 18:33:44.111 E/ActivityManager(  374):   0.9% 10902/kworker/1:0: 0% user + 0.9% kernel
05-20 18:33:44.111 E/ActivityManager(  374):   1.6% 135/adbd: 0.5% user + 1.1% kernel / faults: 17 minor
05-20 18:33:44.111 E/ActivityManager(  374):   1.6% 1468/com.qihoo.daemon: 1.5% user + 0.1% kernel / faults: 521 minor
05-20 18:33:44.111 E/ActivityManager(  374):   0.1% 561/com.android.phone: 0% user + 0% kernel / faults: 83 minor
05-20 18:33:44.111 E/ActivityManager(  374):   0% 568/com.android.nfc: 0% user + 0% kernel / faults: 63 minor
05-20 18:33:44.111 E/ActivityManager(  374):   0.1% 11097/kworker/0:2: 0% user + 0.1% kernel
05-20 18:33:44.111 E/ActivityManager(  374):   0.2% 8748/com.qihoo.appstore: 0.2% user + 0% kernel / faults: 2 minor
05-20 18:33:44.111 E/ActivityManager(  374):   0.1% 114/jbd2/mmcblk0p12: 0% user + 0.1% kernel
05-20 18:33:44.111 E/ActivityManager(  374):   0% 133/sdcard: 0% user + 0% kernel
05-20 18:33:44.111 E/ActivityManager(  374):   0% 4648/logcat: 0% user + 0% kernel
05-20 18:33:44.111 E/ActivityManager(  374):   0.1% 9149/android.process.media: 0% user + 0.1% kernel / faults: 4 minor
05-20 18:33:44.111 E/ActivityManager(  374):  +0% 11362/logcat: 0% user + 0% kernel
05-20 18:33:44.111 E/ActivityManager(  374): 99% TOTAL: 93% user + 6.3% kernel
05-20 18:33:44.111 E/ActivityManager(  374): CPU usage from 6192ms to 6755ms later with 99% awake:
05-20 18:33:44.111 E/ActivityManager(  374):   95% 11313/com.pekall.emdm.launcher:remote: 95% user + 0% kernel
05-20 18:33:44.111 E/ActivityManager(  374):     95% 11327/Thread-2044: 95% user + 0% kernel
05-20 18:33:44.111 E/ActivityManager(  374):   86% 11191/com.pekall.emdm.launcher: 86% user + 0% kernel
05-20 18:33:44.111 E/ActivityManager(  374):     86% 11204/Thread-2040: 86% user + 0% kernel
05-20 18:33:44.111 E/ActivityManager(  374):   8.9% 374/system_server: 1.7% user + 7.1% kernel / faults: 3 minor
05-20 18:33:44.111 E/ActivityManager(  374):     7.1% 390/ActivityManager: 0% user + 7.1% kernel
05-20 18:33:44.111 E/ActivityManager(  374):     1.7% 380/Compiler: 0% user + 1.7% kernel
05-20 18:33:44.111 E/ActivityManager(  374):     1.7% 539/Binder_4: 1.7% user + 0% kernel
05-20 18:33:44.111 E/ActivityManager(  374):   1.5% 1468/com.qihoo.daemon: 1.5% user + 0% kernel / faults: 35 minor
05-20 18:33:44.111 E/ActivityManager(  374):     1.5% 1485/PrefManager: 0.7% user + 0.7% kernel
05-20 18:33:44.111 E/ActivityManager(  374):     1.5% 4571/pool-169-thread: 0.7% user + 0.7% kernel
05-20 18:33:44.111 E/ActivityManager(  374):   0.7% 114/jbd2/mmcblk0p12: 0% user + 0.7% kernel
05-20 18:33:44.111 E/ActivityManager(  374): 100% TOTAL: 95% user + 4.4% kernel
05-20 18:33:44.127 W/ActivityManager(  374): Killing ProcessRecord{425ffd20 11313:com.pekall.emdm.launcher:remote/u0a10066}: background ANR
05-20 18:33:44.127 W/BroadcastQueue(  374): Timeout of broadcast BroadcastRecord{4320f9a0 u-1 android.intent.action.SCREEN_OFF} - receiver=android.os.BinderProxy@42675ff8, started 16909ms ago
05-20 18:33:44.127 W/BroadcastQueue(  374): Receiver during timeout: BroadcastFilter{425b7850 u0 ReceiverList{425da098 11313 com.pekall.emdm.launcher:remote/10066/u0 remote:42675ff8}}
05-20 18:33:44.127 I/ActivityManager(  374): Skipping duplicate ANR: ProcessRecord{425ffd20 11313:com.pekall.emdm.launcher:remote/u0a10066} Broadcast of Intent { act=android.intent.action.SCREEN_OFF flg=0x50000010 }
05-20 18:33:44.189 I/ActivityManager(  374): Process com.pekall.emdm.launcher:remote (pid 11313) has died.
05-20 18:33:44.189 W/ActivityManager(  374): Scheduling restart of crashed service com.pekall.emdm.launcher/com.baidu.location.f in 5000ms
05-20 18:33:44.658 I/dalvikvm( 1468): Wrote stack traces to '/data/anr/traces.txt'
05-20 18:33:44.666 D/dalvikvm( 1468): GC_CONCURRENT freed 419K, 20% free 9791K/12104K, paused 28ms+621ms, total 908ms
05-20 18:33:48.439 D/MDM :   (11191): [null:-1]->Location timeout, set latitude and longitude -1
05-20 18:33:48.471 D/CommandManager(11191): [null:-1]->requestType: Location
05-20 18:33:48.486 D/MdmDatabaseHelper(11191): [null:-1]->update command 5bb27472-b795-4a68-a29d-a7b262664bfb to commandStatus <?xml version="1.0" encoding="UTF-8"?>
05-20 18:33:48.486 D/MdmDatabaseHelper(11191): <!DOCTYPE plist PUBLIC "-//Apple//DTD PLIST 1.0//EN" "http://www.apple.com/DTDs/PropertyList-1.0.dtd">
05-20 18:33:48.486 D/MdmDatabaseHelper(11191): <plist version="1.0">
05-20 18:33:48.486 D/MdmDatabaseHelper(11191): <dict>
05-20 18:33:48.486 D/MdmDatabaseHelper(11191): 	<key>Latitude</key>
05-20 18:33:48.486 D/MdmDatabaseHelper(11191): 	<real>-1.0</real>
05-20 18:33:48.486 D/MdmDatabaseHelper(11191): 	<key>Longitude</key>
05-20 18:33:48.486 D/MdmDatabaseHelper(11191): 	<real>-1.0</real>
05-20 18:33:48.486 D/MdmDatabaseHelper(11191): 	<key>CommandUUID</key>
05-20 18:33:48.486 D/MdmDatabaseHelper(11191): 	<string>5bb27472-b795-4a68-a29d-a7b262664bfb</string>
05-20 18:33:48.486 D/MdmDatabaseHelper(11191): 	<key>Status</key>
05-20 18:33:48.486 D/MdmDatabaseHelper(11191): 	<string>Error</string>
05-20 18:33:48.486 D/MdmDatabaseHelper(11191): 	<key>UDID</key>
05-20 18:33:48.486 D/MdmDatabaseHelper(11191): 	<string>00013fbc8ecec5b900000146193107d7</string>
05-20 18:33:48.486 D/MdmDatabaseHelper(11191): </dict>
05-20 18:33:48.486 D/MdmDatabaseHelper(11191): </plist>
05-20 18:33:48.517 I/TransInfo(11191): TransInfo created, id: 3, class: class com.pekall.emdm.transaction.c.b
05-20 18:33:48.525 D/NetworkThread(11191): [null:-1]->----isRunning-----true
05-20 18:33:48.525 D/NetworkThread(11191): [null:-1]->----isRunning-----true
05-20 18:33:48.525 D/NetworkThread(11191): [null:-1]->thread wakeup
05-20 18:33:48.541 D/NetworkThread(11191): [null:-1]->sendHttpPost:PostRequest, url: http://192.168.10.21/rest/mdm/v1/ios/android_server, Params: [content:<?xml version="1.0" encoding="UTF-8"?>
05-20 18:33:48.541 D/NetworkThread(11191): <!DOCTYPE plist PUBLIC "-//Apple//DTD PLIST 1.0//EN" "http://www.apple.com/DTDs/PropertyList-1.0.dtd">
05-20 18:33:48.541 D/NetworkThread(11191): <plist version="1.0">
05-20 18:33:48.541 D/NetworkThread(11191): <dict>
05-20 18:33:48.541 D/NetworkThread(11191): 	<key>Latitude</key>
05-20 18:33:48.541 D/NetworkThread(11191): 	<real>-1.0</real>
05-20 18:33:48.541 D/NetworkThread(11191): 	<key>Longitude</key>
05-20 18:33:48.541 D/NetworkThread(11191): 	<real>-1.0</real>
05-20 18:33:48.541 D/NetworkThread(11191): 	<key>CommandUUID</key>
05-20 18:33:48.541 D/NetworkThread(11191): 	<string>5bb27472-b795-4a68-a29d-a7b262664bfb</string>
05-20 18:33:48.541 D/NetworkThread(11191): 	<key>Status</key>
05-20 18:33:48.541 D/NetworkThread(11191): 	<string>Error</string>
05-20 18:33:48.541 D/NetworkThread(11191): 	<key>UDID</key>
05-20 18:33:48.541 D/NetworkThread(11191): 	<string>00013fbc8ecec5b900000146193107d7</string>
05-20 18:33:48.541 D/NetworkThread(11191): </dict>
05-20 18:33:48.541 D/NetworkThread(11191): </plist>], 
05-20 18:33:48.541 D/HttpClient(11191): enable apache.http debug
05-20 18:33:48.541 V/DEBUG   (11191): HTTP 0
05-20 18:33:49.221 D/dalvikvm(11368): Late-enabling CheckJNI
05-20 18:33:49.221 I/ActivityManager(  374): Start proc com.pekall.emdm.launcher:remote for service com.pekall.emdm.launcher/com.baidu.location.f: pid=11368 uid=10066 gids={50066, 1015, 3002, 3001, 3003, 1028}
05-20 18:33:49.330 V/MyServiceConnection(11368): [SConnection] sandbox service is NOT installed.
05-20 18:33:49.330 D/ScClassLoader(11368): >> SOURCE FILE: /data/data/com.pekall.emdm.launcher/app_jars/sc-jdk15on-1.47.0.2.dex.jar
05-20 18:33:49.338 V/MyServiceConnection(11368): [SConnection] binding service: pekall.intent.action.SANDBOX_SERVICE
05-20 18:33:49.439 W/Parcel  ( 1661): Attempt to read object from Parcel 0x5ef3bdac at offset 200 that is not in the object list
05-20 18:33:49.439 W/Parcel  ( 1661): Attempt to read object from Parcel 0x6013bdac at offset 200 that is not in the object list
05-20 18:33:49.439 D/Email   (11368): Email: init sandbox at the beginning.
05-20 18:33:49.439 V/MyServiceConnection(11368): [SConnection] retry to bind service
05-20 18:33:49.447 V/MyServiceConnection(11368): [SConnection] sandbox service is NOT installed.
05-20 18:33:49.447 V/MyServiceConnection(11368): [SConnection] binding service: pekall.intent.action.SANDBOX_SERVICE
05-20 18:33:49.455 D/MDM :   (11191): [null:-1]->statusCode : 200
05-20 18:33:49.455 D/MDM :   (11191): [null:-1]->statusCode : 200
05-20 18:33:49.455 V/DEBUG   (11191): HTTP 1
05-20 18:33:49.463 D/MDM :   (11191): [null:-1]->Get joson string: 
05-20 18:33:49.471 D/MdmDatabaseHelper(11191): [null:-1]->update command 5bb27472-b795-4a68-a29d-a7b262664bfb to status executed
05-20 18:33:49.471 D/dalvikvm(11368): GC_CONCURRENT freed 156K, 3% free 9277K/9472K, paused 4ms+12ms, total 101ms
05-20 18:33:49.471 D/dalvikvm(11368): WAIT_FOR_CONCURRENT_GC blocked 31ms
05-20 18:33:49.478 D/dalvikvm(11368): WAIT_FOR_CONCURRENT_GC blocked 30ms
05-20 18:33:49.478 D/dalvikvm(11368): WAIT_FOR_CONCURRENT_GC blocked 26ms
05-20 18:33:49.502 V/MyServiceConnection(11368): [SConnection] retry to bind service
05-20 18:33:49.502 V/MyServiceConnection(11368): [SConnection] sandbox service is NOT installed.
05-20 18:33:49.502 V/MyServiceConnection(11368): [SConnection] binding service: pekall.intent.action.SANDBOX_SERVICE
05-20 18:33:49.517 D/NetworkThread(11191): [null:-1]->clear mCurrentTransInfo
05-20 18:33:49.517 D/NetworkThread(11191): [null:-1]->queue is empty, thread wait...
05-20 18:33:49.525 V/l       (11368): Bind requested for task setLogging
05-20 18:33:49.572 D/MdmService(11191): [null:-1]->handleCheckInResult
05-20 18:33:49.572 D/MdmService(11191): [null:-1]->handleCheckInResult result keyIndex: 3
05-20 18:33:49.580 D/HandleCommandTask(11191): [null:-1]->execute command msg but beanBase is null
05-20 18:33:49.580 D/MdmStatusManager(11191): [null:-1]->change status to : Idle
05-20 18:33:49.596 D/dalvikvm(11368): GC_CONCURRENT freed 230K, 3% free 9560K/9828K, paused 4ms+3ms, total 39ms
05-20 18:33:49.596 D/dalvikvm(11368): WAIT_FOR_CONCURRENT_GC blocked 6ms
05-20 18:33:49.603 D/dalvikvm(11368): WAIT_FOR_CONCURRENT_GC blocked 11ms
05-20 18:33:49.603 D/dalvikvm(11368): WAIT_FOR_CONCURRENT_GC blocked 18ms
05-20 18:33:49.611 D/dalvikvm(11368): WAIT_FOR_CONCURRENT_GC blocked 18ms
05-20 18:33:49.611 D/dalvikvm(11368): WAIT_FOR_CONCURRENT_GC blocked 26ms
05-20 18:33:49.611 D/ActivityThread(11368): Loading provider com.pekall.semail.provider;com.pekall.semail.notifier: com.pekall.semail.provider.EmailProvider
05-20 18:33:49.619 W/DocumentManager(11368): Sandbox service is not connected.
05-20 18:33:49.619 D/MessageControllerImpl(11368): controller is null
05-20 18:33:49.619 V/MyServiceConnection(11368): [SConnection] retry to bind service
05-20 18:33:49.619 V/MyServiceConnection(11368): [SConnection] sandbox service is NOT installed.
05-20 18:33:49.619 V/MyServiceConnection(11368): [SConnection] binding service: pekall.intent.action.SANDBOX_SERVICE
05-20 18:33:49.619 W/SQLiteOpenHelper(11368): Opened /data/data/com.pekall.emdm.launcher/databases/message.db
05-20 18:33:49.619 W/dalvikvm(11368): No implementation found for native Lcom/pekall/sandbox/database/sqlite/SQLiteDatabase;.native_setSqliteSoftHeapLimit:(I)V
05-20 18:33:49.627 D/AndroidRuntime(11368): Shutting down VM
05-20 18:33:49.627 W/dalvikvm(11368): threadid=1: thread exiting with uncaught exception (group=0x419c8700)
05-20 18:33:49.627 D/        (11368): [---null: -1---]  Thread is main
05-20 18:33:49.627 W/System.err(11368): java.lang.UnsatisfiedLinkError: Native method not found: com.pekall.sandbox.database.sqlite.SQLiteDatabase.native_setSqliteSoftHeapLimit:(I)V
05-20 18:33:49.627 W/System.err(11368): 	at com.pekall.sandbox.database.sqlite.SQLiteDatabase.native_setSqliteSoftHeapLimit(Native Method)
05-20 18:33:49.627 W/System.err(11368): 	at com.pekall.sandbox.database.sqlite.SQLiteDatabase.<init>(Unknown Source)
05-20 18:33:49.627 W/System.err(11368): 	at com.pekall.sandbox.database.sqlite.SQLiteDatabase.openDatabase(Unknown Source)
05-20 18:33:49.627 D/ActivityThread(11368): Loading provider com.pekall.semail.provider;com.pekall.semail.notifier: com.pekall.semail.provider.EmailProvider
05-20 18:33:49.635 W/System.err(11368): 	at com.pekall.sandbox.database.sqlite.SQLiteDatabase.openDatabase(Unknown Source)
05-20 18:33:49.635 W/System.err(11368): 	at com.pekall.sandbox.database.sqlite.SQLiteDatabase.openDatabase(Unknown Source)
05-20 18:33:49.635 W/System.err(11368): 	at com.pekall.sandbox.database.sqlite.SQLiteOpenHelper.getWritableDatabase(Unknown Source)
05-20 18:33:49.635 W/System.err(11368): 	at com.pekall.emdm.messagecenter.db.a.a(Unknown Source)
05-20 18:33:49.635 W/System.err(11368): 	at com.pekall.emdm.messagecenter.db.a.b(Unknown Source)
05-20 18:33:49.635 W/System.err(11368): 	at com.pekall.emdm.messagecenter.activity.a.onCreate(Unknown Source)
05-20 18:33:49.635 W/System.err(11368): 	at com.pekall.emdm.launcher.LauncherApplication.onCreate(Unknown Source)
05-20 18:33:49.635 W/System.err(11368): 	at android.app.Instrumentation.callApplicationOnCreate(Instrumentation.java:1007)
05-20 18:33:49.635 W/System.err(11368): 	at android.app.ActivityThread.handleBindApplication(ActivityThread.java:4444)
05-20 18:33:49.635 W/System.err(11368): 	at android.app.ActivityThread.access$1300(ActivityThread.java:141)
05-20 18:33:49.635 W/System.err(11368): 	at android.app.ActivityThread$H.handleMessage(ActivityThread.java:1316)
05-20 18:33:49.635 W/System.err(11368): 	at android.os.Handler.dispatchMessage(Handler.java:99)
05-20 18:33:49.635 W/System.err(11368): 	at android.os.Looper.loop(Looper.java:137)
05-20 18:33:49.635 W/System.err(11368): 	at android.app.ActivityThread.main(ActivityThread.java:5103)
05-20 18:33:49.635 W/System.err(11368): 	at java.lang.reflect.Method.invokeNative(Native Method)
05-20 18:33:49.635 W/System.err(11368): 	at java.lang.reflect.Method.invoke(Method.java:525)
05-20 18:33:49.635 W/System.err(11368): 	at com.android.internal.os.ZygoteInit$MethodAndArgsCaller.run(ZygoteInit.java:737)
05-20 18:33:49.635 W/System.err(11368): 	at com.android.internal.os.ZygoteInit.main(ZygoteInit.java:553)
05-20 18:33:49.635 W/System.err(11368): 	at dalvik.system.NativeStart.main(Native Method)
05-20 18:33:51.971 D/dalvikvm(11368): GC_CONCURRENT freed 469K, 6% free 9493K/10004K, paused 4ms+4ms, total 49ms
05-20 18:33:52.338 W/EmailProvider(11368): restoreIfNeeded...
05-20 18:33:52.361 D/EmailProvider(11368): restoreAccounts...
05-20 18:33:53.213 D/EmailProvider(11368): No accounts to restore...
05-20 18:33:53.244 D/EmailProvider(11368): Deleting orphans...
05-20 18:33:53.721 D/EmailProvider(11368): EmailProvider pre-caching...
05-20 18:33:54.142 D/EmailProvider(11368): EmailProvider ready.
05-20 18:33:54.447 I/Email   (11368): Notifications being toggled: false
05-20 18:33:54.447 W/ActivityManager(  374): Unable to start service Intent { cmp=com.pekall.emdm.launcher/com.pekall.semail.service.AttachmentDownloadService } U=0: not found
05-20 18:34:02.260 V/a       (11191): Wait for reconcileAccounts finished in 45001ms
05-20 18:34:02.400 D/ExchangeService(11191): !!! EAS ExchangeService, stopping self
05-20 18:34:09.283 W/ActivityManager(  374): Timeout executing service: ServiceRecord{42a20660 u0 com.pekall.emdm.launcher/com.baidu.location.f}
05-20 18:34:09.322 I/Process (  374): Sending signal. PID: 11368 SIG: 3
05-20 18:34:09.322 I/dalvikvm(11368): threadid=3: reacting to signal 3
05-20 18:34:09.525 I/Process (  374): Sending signal. PID: 374 SIG: 3
05-20 18:34:09.525 I/dalvikvm(  374): threadid=3: reacting to signal 3
05-20 18:34:09.572 D/dalvikvm(11368): JIT unchain all for threadid=11
05-20 18:34:09.642 I/dalvikvm(11368): Wrote stack traces to '/data/anr/traces.txt'
05-20 18:34:11.955 D/MDM :   (11191): [null:-1]->MSG_WEBSOCKET_MESSAGE : {"id":-493019233,"type":0,"command":0,"result":0,"reason":0,"params":{"msgId":"b694f3c1-060a-4660-8c14-287cd6b2c687,b694f3c1060a46608c14287cd6b2c687","device":"00013fbc8ecec5b900000146193107d7","message":"{\"subject\":\"Push test\",\"content\":\"This is a push message!\"}"}}
05-20 18:34:11.986 D/MdmService(11191): [null:-1]->push message type :0
05-20 18:34:11.986 D/MdmService(11191): [null:-1]->cmdMessage : {"subject":"Push test","content":"This is a push message!"}
05-20 18:34:11.994 D/MDM :   (11191): [null:-1]->ContentMessage{subject='Push test', content='This is a push message!'}
05-20 18:34:12.252 D/dalvikvm(11191): JIT unchain all for threadid=11
05-20 18:34:12.283 W/Parcel  ( 1661): Attempt to read object from Parcel 0x5dfd3dac at offset 200 that is not in the object list
05-20 18:34:12.596 D/dalvikvm(11191): JIT unchain all for threadid=11
05-20 18:34:12.635 I/dalvikvm(  374): Wrote stack traces to '/data/anr/traces.txt'
05-20 18:34:12.635 I/Process (  374): Sending signal. PID: 448 SIG: 3
05-20 18:34:12.635 I/dalvikvm(  448): threadid=3: reacting to signal 3
05-20 18:34:12.642 I/Process (  374): Sending signal. PID: 561 SIG: 3
05-20 18:34:12.642 I/dalvikvm(  561): threadid=3: reacting to signal 3
05-20 18:34:12.728 I/dalvikvm(  561): Wrote stack traces to '/data/anr/traces.txt'
05-20 18:34:12.728 I/Process (  374): Sending signal. PID: 568 SIG: 3
05-20 18:34:12.728 I/dalvikvm(  568): threadid=3: reacting to signal 3
05-20 18:34:12.728 D/dalvikvm(11191): GC_CONCURRENT freed 4622K, 33% free 23840K/35152K, paused 265ms+288ms, total 726ms
05-20 18:34:12.799 I/dalvikvm(  568): Wrote stack traces to '/data/anr/traces.txt'
05-20 18:34:13.494 I/dalvikvm(  448): Wrote stack traces to '/data/anr/traces.txt'
05-20 18:34:13.533 D/dalvikvm(  374): GC_CONCURRENT freed 3349K, 23% free 22007K/28292K, paused 4ms+21ms, total 256ms
05-20 18:34:13.541 D/dalvikvm(  374): WAIT_FOR_CONCURRENT_GC blocked 199ms
05-20 18:34:13.744 D/dalvikvm(  374): GC_EXPLICIT freed 216K, 23% free 22066K/28292K, paused 5ms+12ms, total 118ms
05-20 18:34:14.353 D/AndroidRuntime(11400): 
05-20 18:34:14.353 D/AndroidRuntime(11400): >>>>>> AndroidRuntime START com.android.internal.os.RuntimeInit <<<<<<
05-20 18:34:14.353 D/AndroidRuntime(11400): CheckJNI is OFF
05-20 18:34:14.385 D/dalvikvm(11400): Trying to load lib libjavacore.so 0x0
05-20 18:34:14.392 D/dalvikvm(11400): Added shared lib libjavacore.so 0x0
05-20 18:34:14.408 D/dalvikvm(11400): Trying to load lib libnativehelper.so 0x0
05-20 18:34:14.408 I/Process (  374): Sending signal. PID: 11191 SIG: 3
05-20 18:34:14.416 I/dalvikvm(11191): threadid=3: reacting to signal 3
05-20 18:34:14.416 D/dalvikvm(11400): Added shared lib libnativehelper.so 0x0
05-20 18:34:14.439 I/dalvikvm(11400): DexOpt: source file mod time mismatch (44b493d9 vs 44b49421)
05-20 18:34:14.439 D/dalvikvm(11400): ODEX file is stale or bad; removing and retrying (/data/local/tmp/dalvik-cache/data@local@tmp@MDMMobileTest.jar@classes.dex)
05-20 18:34:14.439 D/dalvikvm(11400): DexOpt: --- BEGIN 'MDMMobileTest.jar' (bootstrap=0) ---
05-20 18:34:14.486 D/dalvikvm(11401): DexOpt: load 7ms, verify+opt 3ms, 119076 bytes
05-20 18:34:14.510 D/dalvikvm(11400): DexOpt: --- END 'MDMMobileTest.jar' (success) ---
05-20 18:34:14.510 D/dalvikvm(11400): DEX prep '/data/local/tmp/MDMMobileTest.jar': unzip in 2ms, rewrite 73ms
05-20 18:34:14.627 I/Process (  374): Sending signal. PID: 8748 SIG: 3
05-20 18:34:14.627 I/dalvikvm( 8748): threadid=3: reacting to signal 3
05-20 18:34:14.666 D/dalvikvm(11191): JIT unchain all for threadid=11
05-20 18:34:14.838 D/AndroidRuntime(11400): Calling main entry com.android.commands.uiautomator.Launcher
05-20 18:34:14.885 D/dalvikvm(11400): Note: class Landroid/app/ActivityManagerNative; has 163 unimplemented (abstract) methods
05-20 18:34:14.908 E/ActivityManager(  374): ANR in com.pekall.emdm.launcher:remote
05-20 18:34:14.908 E/ActivityManager(  374): Reason: Executing service com.pekall.emdm.launcher/com.baidu.location.f
05-20 18:34:14.908 E/ActivityManager(  374): Load: 2.78 / 1.92 / 1.83
05-20 18:34:14.908 E/ActivityManager(  374): CPU usage from 0ms to 5544ms later:
05-20 18:34:14.908 E/ActivityManager(  374):   73% 11191/com.pekall.emdm.launcher: 71% user + 1.6% kernel / faults: 1400 minor
05-20 18:34:14.908 E/ActivityManager(  374):   72% 11368/com.pekall.emdm.launcher:remote: 71% user + 0.1% kernel / faults: 110 minor
05-20 18:34:14.908 E/ActivityManager(  374):   30% 374/system_server: 23% user + 7% kernel / faults: 728 minor
05-20 18:34:14.908 E/ActivityManager(  374):   2.8% 448/com.android.systemui: 2.7% user + 0% kernel / faults: 24 minor
05-20 18:34:14.908 E/ActivityManager(  374):   0.1% 561/com.android.phone: 0% user + 0% kernel / faults: 30 minor
05-20 18:34:14.908 E/ActivityManager(  374):   0.1% 568/com.android.nfc: 0% user + 0% kernel / faults: 28 minor
05-20 18:34:14.908 E/ActivityManager(  374):   0.5% 8748/com.qihoo.appstore: 0.3% user + 0.1% kernel / faults: 25 minor
05-20 18:34:14.908 E/ActivityManager(  374):   0.1% 82/mmcqd/0: 0% user + 0.1% kernel
05-20 18:34:14.908 E/ActivityManager(  374):   0.3% 135/adbd: 0.1% user + 0.1% kernel / faults: 18 minor
05-20 18:34:14.908 E/ActivityManager(  374):   0% 1615/logcat: 0% user + 0% kernel
05-20 18:34:14.908 E/ActivityManager(  374):   0.1% 11097/kworker/0:2: 0% user + 0.1% kernel
05-20 18:34:14.908 E/ActivityManager(  374):   0.1% 11396/logcat: 0% user + 0.1% kernel
05-20 18:34:14.908 E/ActivityManager(  374):  +0% 11398/sh: 0% user + 0% kernel
05-20 18:34:14.908 E/ActivityManager(  374):  +0% 11400/uiautomator: 0% user + 0% kernel
05-20 18:34:14.908 E/ActivityManager(  374): 99% TOTAL: 92% user + 7.1% kernel + 0.2% iowait
05-20 18:34:14.908 E/ActivityManager(  374): CPU usage from 4462ms to 5002ms later:
05-20 18:34:14.908 E/ActivityManager(  374):   60% 11191/com.pekall.emdm.launcher: 60% user + 0% kernel
05-20 18:34:14.908 E/ActivityManager(  374):     60% 11204/Thread-2040: 60% user + 0% kernel
05-20 18:34:14.908 E/ActivityManager(  374):   50% 11368/com.pekall.emdm.launcher:remote: 50% user + 0% kernel
05-20 18:34:14.908 E/ActivityManager(  374):     52% 11381/Thread-2046: 52% user + 0% kernel
05-20 18:34:14.908 E/ActivityManager(  374):   7.1% 374/system_server: 0% user + 7.1% kernel
05-20 18:34:14.908 E/ActivityManager(  374):     8.9% 390/ActivityManager: 0% user + 8.9% kernel
05-20 18:34:14.908 E/ActivityManager(  374):   0.7% 82/mmcqd/0: 0% user + 0.7% kernel
05-20 18:34:14.908 E/ActivityManager(  374):   0.9% 8748/com.qihoo.appstore: 0.9% user + 0% kernel
05-20 18:34:14.908 E/ActivityManager(  374):  +0% 11398/sh: 0% user + 0% kernel
05-20 18:34:14.908 E/ActivityManager(  374):  +0% 11400/app_process: 0% user + 0% kernel
05-20 18:34:14.908 E/ActivityManager(  374): 97% TOTAL: 80% user + 13% kernel + 2.7% iowait
05-20 18:34:14.908 W/ActivityManager(  374): Killing ProcessRecord{4228fd40 11368:com.pekall.emdm.launcher:remote/u0a10066}: background ANR
05-20 18:34:14.939 I/PowerManagerService(  374): Waking up from sleep...