05-20 18:32:22.088 I/QueryController(11068): Matched selector: UiSelector[TEXT=Pekall enterprise mobile office] <<==>> [android.view.accessibility.AccessibilityNodeInfo@e9be4; boundsInParent: Rect(0, 0 - 148, 184); boundsInScreen: Rect(196, 186 - 344, 370); packageName: com.android.launcher; className: android.widget.TextView; text: Pekall enterprise mobile office; contentDescription: null; viewIdResName: null; checkable: false; checked: false; focusable: true; focused: false; selected: false; clickable: true; longClickable: true; enabled: true; password: false; scrollable: false; [ACTION_FOCUS, ACTION_SELECT, ACTION_CLEAR_SELECTION, ACTION_CLICK, ACTION_LONG_CLICK, ACTION_ACCESSIBILITY_FOCUS, ACTION_NEXT_AT_MOVEMENT_GRANULARITY, ACTION_PREVIOUS_AT_MOVEMENT_GRANULARITY, ACTION_SET_SELECTION]]
05-20 18:32:22.096 D/InteractionController(11068): clickAndWaitForNewWindow(270, 278)
05-20 18:32:22.228 W/Parcel  ( 1661): Attempt to read object from Parcel 0x5ec3bdac at offset 200 that is not in the object list
05-20 18:32:22.228 I/ActivityManager(  374): START u0 {act=android.intent.action.MAIN cat=[android.intent.category.LAUNCHER] flg=0x10200000 cmp=com.pekall.emdm.launcher/.Launcher} from pid 576
05-20 18:32:22.244 W/WindowManager(  374): Token{42861d10 ActivityRecord{425314c0 u0 com.pekall.emdm.launcher/.Launcher}} failed creating starting window
05-20 18:32:22.244 W/WindowManager(  374): android.view.InflateException: Binary XML file line #34: Error inflating class <unknown>
05-20 18:32:22.244 W/WindowManager(  374): 	at android.view.LayoutInflater.createView(LayoutInflater.java:620)
05-20 18:32:22.244 W/WindowManager(  374): 	at com.android.internal.policy.impl.PhoneLayoutInflater.onCreateView(PhoneLayoutInflater.java:56)
05-20 18:32:22.244 W/WindowManager(  374): 	at android.view.LayoutInflater.onCreateView(LayoutInflater.java:669)
05-20 18:32:22.244 W/WindowManager(  374): 	at android.view.LayoutInflater.createViewFromTag(LayoutInflater.java:694)
05-20 18:32:22.244 W/WindowManager(  374): 	at android.view.LayoutInflater.rInflate(LayoutInflater.java:755)
05-20 18:32:22.244 W/WindowManager(  374): 	at android.view.LayoutInflater.inflate(LayoutInflater.java:492)
05-20 18:32:22.244 W/WindowManager(  374): 	at android.view.LayoutInflater.inflate(LayoutInflater.java:397)
05-20 18:32:22.244 W/WindowManager(  374): 	at android.view.LayoutInflater.inflate(LayoutInflater.java:353)
05-20 18:32:22.244 W/WindowManager(  374): 	at com.android.internal.policy.impl.PhoneWindow.generateLayout(PhoneWindow.java:2823)
05-20 18:32:22.244 W/WindowManager(  374): 	at com.android.internal.policy.impl.PhoneWindow.installDecor(PhoneWindow.java:2886)
05-20 18:32:22.244 W/WindowManager(  374): 	at com.android.internal.policy.impl.PhoneWindow.getDecorView(PhoneWindow.java:1581)
05-20 18:32:22.244 W/WindowManager(  374): 	at com.android.internal.policy.impl.PhoneWindowManager.addStartingWindow(PhoneWindowManager.java:1618)
05-20 18:32:22.244 W/WindowManager(  374): 	at com.android.server.wm.WindowManagerService$H.handleMessage(WindowManagerService.java:6908)
05-20 18:32:22.244 W/WindowManager(  374): 	at android.os.Handler.dispatchMessage(Handler.java:99)
05-20 18:32:22.244 W/WindowManager(  374): 	at android.os.Looper.loop(Looper.java:137)
05-20 18:32:22.244 W/WindowManager(  374): 	at android.os.HandlerThread.run(HandlerThread.java:61)
05-20 18:32:22.244 W/WindowManager(  374): Caused by: java.lang.reflect.InvocationTargetException
05-20 18:32:22.244 W/WindowManager(  374): 	at java.lang.reflect.Constructor.constructNative(Native Method)
05-20 18:32:22.244 W/WindowManager(  374): 	at java.lang.reflect.Constructor.newInstance(Constructor.java:417)
05-20 18:32:22.244 W/WindowManager(  374): 	at android.view.LayoutInflater.createView(LayoutInflater.java:594)
05-20 18:32:22.244 W/WindowManager(  374): 	... 15 more
05-20 18:32:22.244 W/WindowManager(  374): Caused by: android.content.res.Resources$NotFoundException: Resource is not a Drawable (color or path): TypedValue{t=0x2/d=0x1010059 a=-1}
05-20 18:32:22.244 W/WindowManager(  374): 	at android.content.res.Resources.loadDrawable(Resources.java:2063)
05-20 18:32:22.244 W/WindowManager(  374): 	at android.content.res.TypedArray.getDrawable(TypedArray.java:601)
05-20 18:32:22.244 W/WindowManager(  374): 	at android.widget.FrameLayout.<init>(FrameLayout.java:109)
05-20 18:32:22.244 W/WindowManager(  374): 	at android.widget.FrameLayout.<init>(FrameLayout.java:97)
05-20 18:32:22.244 W/WindowManager(  374): 	... 18 more
05-20 18:32:22.392 D/dalvikvm(  374): GC_FOR_ALLOC freed 516K, 24% free 21652K/28292K, paused 95ms, total 95ms
05-20 18:32:22.478 D/dalvikvm(  374): GC_FOR_ALLOC freed 753K, 25% free 21270K/28292K, paused 78ms, total 78ms
05-20 18:32:22.502 D/dalvikvm(11191): Late-enabling CheckJNI
05-20 18:32:22.502 I/ActivityManager(  374): Start proc com.pekall.emdm.launcher for activity com.pekall.emdm.launcher/.Launcher: pid=11191 uid=10066 gids={50066, 1015, 3002, 3001, 3003, 1028}
05-20 18:32:22.556 V/weixing (11191): mOpenHelper
05-20 18:32:22.564 D/dalvikvm(11191): Trying to load lib /data/app-lib/com.pekall.emdm.launcher-1/libsandbox_jni.so 0x42289c20
05-20 18:32:22.564 D/dalvikvm(11191): Added shared lib /data/app-lib/com.pekall.emdm.launcher-1/libsandbox_jni.so 0x42289c20
05-20 18:32:22.596 V/MyServiceConnection(11191): [SConnection] sandbox service is NOT installed.
05-20 18:32:22.603 V/MyServiceConnection(11191): [SConnection] binding service: pekall.intent.action.SANDBOX_SERVICE
05-20 18:32:22.635 D/ScClassLoader(11191): >> SOURCE FILE: /data/data/com.pekall.emdm.launcher/app_jars/sc-jdk15on-1.47.0.2.dex.jar
05-20 18:32:22.642 W/Parcel  ( 1661): Attempt to read object from Parcel 0x5ef3bdac at offset 200 that is not in the object list
05-20 18:32:22.650 W/Parcel  ( 1661): Attempt to read object from Parcel 0x6013bdac at offset 200 that is not in the object list
05-20 18:32:22.658 D/Email   (11191): Email: init sandbox at the beginning.
05-20 18:32:22.658 V/MyServiceConnection(11191): [SConnection] retry to bind service
05-20 18:32:22.658 V/MyServiceConnection(11191): [SConnection] sandbox service is NOT installed.
05-20 18:32:22.658 V/MyServiceConnection(11191): [SConnection] binding service: pekall.intent.action.SANDBOX_SERVICE
05-20 18:32:22.658 V/MyServiceConnection(11191): [SConnection] retry to bind service
05-20 18:32:22.666 V/MyServiceConnection(11191): [SConnection] sandbox service is NOT installed.
05-20 18:32:22.666 V/MyServiceConnection(11191): [SConnection] binding service: pekall.intent.action.SANDBOX_SERVICE
05-20 18:32:22.697 D/dalvikvm(11191): DexOpt: --- BEGIN 'sc-jdk15on-1.47.0.2.dex.jar' (bootstrap=0) ---
05-20 18:32:22.775 D/dalvikvm(11191): GC_CONCURRENT freed 208K, 3% free 9116K/9364K, paused 66ms+7ms, total 105ms
05-20 18:32:22.799 V/l       (11191): Bind requested for task setLogging
05-20 18:32:22.830 W/DocumentManager(11191): Sandbox service is not connected.
05-20 18:32:22.830 D/MessageControllerImpl(11191): controller is null
05-20 18:32:22.830 V/MyServiceConnection(11191): [SConnection] retry to bind service
05-20 18:32:22.830 V/MyServiceConnection(11191): [SConnection] sandbox service is NOT installed.
05-20 18:32:22.830 V/MyServiceConnection(11191): [SConnection] binding service: pekall.intent.action.SANDBOX_SERVICE
05-20 18:32:22.830 W/SQLiteOpenHelper(11191): Opened /data/data/com.pekall.emdm.launcher/databases/message.db
05-20 18:32:22.916 I/MessageDatabaseHelper(11191): Database update: from 0 to 2
05-20 18:32:22.939 D/EmailProvider(11191): Creating EmailProvider database
05-20 18:32:22.986 D/MessageControllerImpl(11191): controller is null
05-20 18:32:22.986 D/MessageControllerImpl(11191): controller is null
05-20 18:32:22.994 D/MessageControllerImpl(11191): controller is null
05-20 18:32:23.025 D/dalvikvm(11191): GC_CONCURRENT freed 208K, 3% free 9336K/9564K, paused 3ms+2ms, total 37ms
05-20 18:32:23.119 D/dalvikvm(11191): GC_CONCURRENT freed 156K, 2% free 9682K/9880K, paused 2ms+2ms, total 25ms
05-20 18:32:23.119 D/dalvikvm(11191): WAIT_FOR_CONCURRENT_GC blocked 7ms
05-20 18:32:23.127 D/MDM :   (11191): [null:-1]->width 104
05-20 18:32:23.127 D/MDM :   (11191): [null:-1]->height 104
05-20 18:32:23.127 D/MDM :   (11191): [null:-1]->scale 0.5
05-20 18:32:23.127 D/MDM :   (11191): [null:-1]->tint false
05-20 18:32:23.127 D/MDM :   (11191): [null:-1]->width 104
05-20 18:32:23.135 D/MDM :   (11191): [null:-1]->height 104
05-20 18:32:23.135 D/MDM :   (11191): [null:-1]->scale 0.5
05-20 18:32:23.135 D/MDM :   (11191): [null:-1]->tint false
05-20 18:32:23.135 D/MDM :   (11191): [null:-1]->icon instanceof BitmapDrawable
05-20 18:32:23.135 D/MDM :   (11191): [null:-1]->  iconWidth 87
05-20 18:32:23.135 D/MDM :   (11191): [null:-1]->  iconHeight 87
05-20 18:32:23.135 D/MDM :   (11191): [null:-1]->  107 87
05-20 18:32:23.135 D/MDM :   (11191): [null:-1]->width 104
05-20 18:32:23.142 D/MDM :   (11191): [null:-1]->height 104
05-20 18:32:23.142 D/MDM :   (11191): [null:-1]->scale 1.0
05-20 18:32:23.142 D/MDM :   (11191): [null:-1]->tint false
05-20 18:32:23.142 D/MDM :   (11191): [null:-1]->width 104
05-20 18:32:23.142 D/MDM :   (11191): [null:-1]->height 104
05-20 18:32:23.150 D/MDM :   (11191): [null:-1]->scale 1.0
05-20 18:32:23.158 D/dalvikvm(11191): GC_CONCURRENT freed 312K, 4% free 9852K/10208K, paused 3ms+3ms, total 21ms
05-20 18:32:23.158 D/dalvikvm(11191): WAIT_FOR_CONCURRENT_GC blocked 14ms
05-20 18:32:23.158 D/MDM :   (11191): [null:-1]->tint false
05-20 18:32:23.166 D/MDM :   (11191): [null:-1]->icon instanceof BitmapDrawable
05-20 18:32:23.166 D/MDM :   (11191): [null:-1]->  iconWidth 87
05-20 18:32:23.166 D/MDM :   (11191): [null:-1]->  iconHeight 87
05-20 18:32:23.166 D/MDM :   (11191): [null:-1]->  107 87
05-20 18:32:23.166 D/MDM :   (11191): [null:-1]->width 104
05-20 18:32:23.166 D/MDM :   (11191): [null:-1]->height 104
05-20 18:32:23.166 D/MDM :   (11191): [null:-1]->scale 1.0
05-20 18:32:23.166 D/MDM :   (11191): [null:-1]->tint false
05-20 18:32:23.166 D/MDM :   (11191): [null:-1]->width 104
05-20 18:32:23.166 D/MDM :   (11191): [null:-1]->height 104
05-20 18:32:23.166 D/MDM :   (11191): [null:-1]->scale 1.0
05-20 18:32:23.174 D/MDM :   (11191): [null:-1]->tint false
05-20 18:32:23.189 D/dalvikvm(11191): GC_CONCURRENT freed 326K, 5% free 9926K/10380K, paused 2ms+1ms, total 19ms
05-20 18:32:23.189 D/dalvikvm(11191): WAIT_FOR_CONCURRENT_GC blocked 15ms
05-20 18:32:23.189 D/MDM :   (11191): [null:-1]->icon instanceof BitmapDrawable
05-20 18:32:23.189 D/MDM :   (11191): [null:-1]->  iconWidth 87
05-20 18:32:23.189 D/MDM :   (11191): [null:-1]->  iconHeight 87
05-20 18:32:23.189 D/MDM :   (11191): [null:-1]->  107 87
05-20 18:32:23.197 D/MDM :   (11191): [null:-1]->width 104
05-20 18:32:23.197 D/MDM :   (11191): [null:-1]->height 104
05-20 18:32:23.197 D/MDM :   (11191): [null:-1]->scale 1.0
05-20 18:32:23.197 D/MDM :   (11191): [null:-1]->tint false
05-20 18:32:23.213 D/dalvikvm(11191): GC_FOR_ALLOC freed 249K, 5% free 9902K/10380K, paused 15ms, total 16ms
05-20 18:32:23.221 I/dalvikvm-heap(11191): Grow heap (frag case) to 12.963MB for 3415696-byte allocation
05-20 18:32:23.244 D/dalvikvm(11191): GC_FOR_ALLOC freed <1K, 4% free 13237K/13716K, paused 21ms, total 21ms
05-20 18:32:23.275 D/dalvikvm(11191): GC_CONCURRENT freed <1K, 4% free 13237K/13716K, paused 3ms+3ms, total 30ms
05-20 18:32:23.361 V/Launcher(11191): isLauncherDf = true
05-20 18:32:23.369 V/Launcher(11191): isPhoneDf = true
05-20 18:32:23.369 D/        (11191): [---null: -1---]  ScreenWidth  720
05-20 18:32:23.369 D/        (11191): [---null: -1---]  ScreenHeight  1184
05-20 18:32:23.439 D/EmailProvider(11191): Creating EmailProviderBody database
05-20 18:32:23.463 W/EmailProvider(11191): restoreIfNeeded...
05-20 18:32:23.463 D/EmailProvider(11191): restoreAccounts...
05-20 18:32:23.502 D/EmailProvider(11191): Creating EmailProvider database
05-20 18:32:23.603 D/EmailProvider(11191): No accounts to restore...
05-20 18:32:23.603 D/EmailProvider(11191): Deleting orphans...
05-20 18:32:23.603 D/EmailProvider(11191): EmailProvider pre-caching...
05-20 18:32:23.619 D/EmailProvider(11191): EmailProvider ready.
05-20 18:32:23.642 D/HomeLoaders(11191): load applications
05-20 18:32:23.642 D/HomeLoaders(11191): loading user items in Thread[main,5,main]
05-20 18:32:23.642 D/HomeLoaders(11191):   --> starting workspace loader
05-20 18:32:23.642 W/Parcel  ( 1661): Attempt to read object from Parcel 0x5ded3dac at offset 200 that is not in the object list
05-20 18:32:23.642 D/HomeLoaders(11191):   ----> running workspace loader (1)
05-20 18:32:23.642 W/Parcel  ( 1661): Attempt to read object from Parcel 0x6003bdac at offset 200 that is not in the object list
05-20 18:32:23.642 D/Email   (11191): Email: init sandbox at the beginning.
05-20 18:32:23.642 V/MyServiceConnection(11191): [SConnection] retry to bind service
05-20 18:32:23.642 V/MyServiceConnection(11191): [SConnection] sandbox service is NOT installed.
05-20 18:32:23.642 V/MyServiceConnection(11191): [SConnection] binding service: pekall.intent.action.SANDBOX_SERVICE
05-20 18:32:23.650 V/l       (11191): Bind requested for task setLogging
05-20 18:32:23.658 W/DocumentManager(11191): Sandbox service is not connected.
05-20 18:32:23.658 D/MessageControllerImpl(11191): controller is null
05-20 18:32:23.658 V/MyServiceConnection(11191): [SConnection] retry to bind service
05-20 18:32:23.658 V/MyServiceConnection(11191): [SConnection] sandbox service is NOT installed.
05-20 18:32:23.658 V/MyServiceConnection(11191): [SConnection] binding service: pekall.intent.action.SANDBOX_SERVICE
05-20 18:32:23.658 D/MessageControllerImpl(11191): controller is null
05-20 18:32:23.658 D/MessageControllerImpl(11191): controller is null
05-20 18:32:23.666 D/MessageControllerImpl(11191): controller is null
05-20 18:32:23.666 W/ActivityManager(  374): Unable to start service Intent { cmp=com.pekall.emdm.launcher/com.pekall.semail.service.AttachmentDownloadService } U=0: not found
05-20 18:32:23.674 V/LauncherApplication(11191): onActivityStarted
05-20 18:32:23.674 D/        (11191): [---null: -1---]     awsa  onActivityResumed
05-20 18:32:23.674 V/LauncherApplication(11191): 2MdmConstant.LAST_LAUNCH_TIME = 0
05-20 18:32:23.681 I/Email   (11191): Notifications being toggled: false
05-20 18:32:23.689 D/        (11191): [---null: -1---]  activity = com.pekall.emdm.launcher.Launcher
05-20 18:32:23.689 V/LauncherApplication(11191): is not regist
05-20 18:32:23.689 W/Parcel  ( 1661): Attempt to read object from Parcel 0x5ec3bdac at offset 200 that is not in the object list
05-20 18:32:23.689 I/ActivityManager(  374): START u0 {cmp=com.pekall.emdm.launcher/com.pekall.emdm.ui.SplashActivity} from pid 11191
05-20 18:32:23.697 E/LauncherApplication(11191): isShowLogoutUI = true
05-20 18:32:23.697 E/LauncherApplication(11191): LogoutShowTime 1
05-20 18:32:23.697 V/Launcher(11191): onResume1111111 
05-20 18:32:23.697 V/Launcher(11191): is logout ----> 
05-20 18:32:23.697 W/WindowManager(  374): Token{4286f8e8 ActivityRecord{42630a08 u0 com.pekall.emdm.launcher/com.pekall.emdm.ui.SplashActivity}} failed creating starting window
05-20 18:32:23.697 W/WindowManager(  374): android.view.InflateException: Binary XML file line #34: Error inflating class <unknown>
05-20 18:32:23.697 W/WindowManager(  374): 	at android.view.LayoutInflater.createView(LayoutInflater.java:620)
05-20 18:32:23.697 W/WindowManager(  374): 	at com.android.internal.policy.impl.PhoneLayoutInflater.onCreateView(PhoneLayoutInflater.java:56)
05-20 18:32:23.697 W/WindowManager(  374): 	at android.view.LayoutInflater.onCreateView(LayoutInflater.java:669)
05-20 18:32:23.697 W/WindowManager(  374): 	at android.view.LayoutInflater.createViewFromTag(LayoutInflater.java:694)
05-20 18:32:23.697 W/WindowManager(  374): 	at android.view.LayoutInflater.rInflate(LayoutInflater.java:755)
05-20 18:32:23.697 W/WindowManager(  374): 	at android.view.LayoutInflater.inflate(LayoutInflater.java:492)
05-20 18:32:23.697 W/WindowManager(  374): 	at android.view.LayoutInflater.inflate(LayoutInflater.java:397)
05-20 18:32:23.697 W/WindowManager(  374): 	at android.view.LayoutInflater.inflate(LayoutInflater.java:353)
05-20 18:32:23.697 W/WindowManager(  374): 	at com.android.internal.policy.impl.PhoneWindow.generateLayout(PhoneWindow.java:2823)
05-20 18:32:23.697 W/WindowManager(  374): 	at com.android.internal.policy.impl.PhoneWindow.installDecor(PhoneWindow.java:2886)
05-20 18:32:23.697 W/WindowManager(  374): 	at com.android.internal.policy.impl.PhoneWindow.getDecorView(PhoneWindow.java:1581)
05-20 18:32:23.697 W/WindowManager(  374): 	at com.android.internal.policy.impl.PhoneWindowManager.addStartingWindow(PhoneWindowManager.java:1618)
05-20 18:32:23.697 W/WindowManager(  374): 	at com.android.server.wm.WindowManagerService$H.handleMessage(WindowManagerService.java:6908)
05-20 18:32:23.697 W/WindowManager(  374): 	at android.os.Handler.dispatchMessage(Handler.java:99)
05-20 18:32:23.697 W/WindowManager(  374): 	at android.os.Looper.loop(Looper.java:137)
05-20 18:32:23.697 W/WindowManager(  374): 	at android.os.HandlerThread.run(HandlerThread.java:61)
05-20 18:32:23.697 W/WindowManager(  374): Caused by: java.lang.reflect.InvocationTargetException
05-20 18:32:23.697 W/WindowManager(  374): 	at java.lang.reflect.Constructor.constructNative(Native Method)
05-20 18:32:23.697 W/WindowManager(  374): 	at java.lang.reflect.Constructor.newInstance(Constructor.java:417)
05-20 18:32:23.697 W/WindowManager(  374): 	at android.view.LayoutInflater.createView(LayoutInflater.java:594)
05-20 18:32:23.697 W/WindowManager(  374): 	... 15 more
05-20 18:32:23.697 W/WindowManager(  374): Caused by: android.content.res.Resources$NotFoundException: Resource is not a Drawable (color or path): TypedValue{t=0x2/d=0x1010059 a=-1}
05-20 18:32:23.697 W/WindowManager(  374): 	at android.content.res.Resources.loadDrawable(Resources.java:2063)
05-20 18:32:23.697 W/WindowManager(  374): 	at android.content.res.TypedArray.getDrawable(TypedArray.java:601)
05-20 18:32:23.697 W/WindowManager(  374): 	at android.widget.FrameLayout.<init>(FrameLayout.java:109)
05-20 18:32:23.697 W/WindowManager(  374): 	at android.widget.FrameLayout.<init>(FrameLayout.java:97)
05-20 18:32:23.697 W/WindowManager(  374): 	... 18 more
05-20 18:32:23.728 D/dalvikvm(11191): GC_FOR_ALLOC freed 133K, 3% free 13386K/13716K, paused 30ms, total 30ms
05-20 18:32:23.736 I/dalvikvm-heap(11191): Grow heap (frag case) to 16.366MB for 3415696-byte allocation
05-20 18:32:23.760 D/dalvikvm(11191): GC_FOR_ALLOC freed <1K, 2% free 16721K/17052K, paused 22ms, total 22ms
05-20 18:32:23.775 D/LauncherProvider(11191): creating new launcher database
05-20 18:32:23.791 D/LauncherProvider(11191): converting database from an older format, but not onUpgrade
05-20 18:32:23.806 D/dalvikvm(11191): GC_CONCURRENT freed 26K, 3% free 16709K/17052K, paused 3ms+6ms, total 46ms
05-20 18:32:23.892 I/System.out(11191):  
05-20 18:32:23.892 I/System.out(11191): com.pekall.emdm.launcher.Workspace.setWallpaper(Unknown Source)
05-20 18:32:23.892 I/System.out(11191): com.pekall.emdm.launcher.Launcher.onResume(Unknown Source)
05-20 18:32:23.892 I/System.out(11191): android.app.Instrumentation.callActivityOnResume(Instrumentation.java:1192)
05-20 18:32:23.892 I/System.out(11191): android.app.Activity.performResume(Activity.java:5211)
05-20 18:32:23.892 I/System.out(11191): android.app.ActivityThread.performResumeActivity(ActivityThread.java:2780)
05-20 18:32:23.892 I/System.out(11191): android.app.ActivityThread.handleResumeActivity(ActivityThread.java:2819)
05-20 18:32:23.892 I/System.out(11191): android.app.ActivityThread.handleLaunchActivity(ActivityThread.java:2266)
05-20 18:32:23.892 I/System.out(11191): android.app.ActivityThread.access$600(ActivityThread.java:141)
05-20 18:32:23.892 I/System.out(11191): android.app.ActivityThread$H.handleMessage(ActivityThread.java:1256)
05-20 18:32:23.892 I/System.out(11191): android.os.Handler.dispatchMessage(Handler.java:99)
05-20 18:32:23.892 I/System.out(11191): android.os.Looper.loop(Looper.java:137)
05-20 18:32:23.892 I/System.out(11191): android.app.ActivityThread.main(ActivityThread.java:5103)
05-20 18:32:23.892 I/System.out(11191): java.lang.reflect.Method.invokeNative(Native Method)
05-20 18:32:23.892 I/System.out(11191): java.lang.reflect.Method.invoke(Method.java:525)
05-20 18:32:23.892 I/System.out(11191): com.android.internal.os.ZygoteInit$MethodAndArgsCaller.run(ZygoteInit.java:737)
05-20 18:32:23.892 I/System.out(11191): com.android.internal.os.ZygoteInit.main(ZygoteInit.java:553)
05-20 18:32:23.892 I/System.out(11191): dalvik.system.NativeStart.main(Native Method)
05-20 18:32:23.908 D/dalvikvm(11191): GC_FOR_ALLOC freed 3397K, 22% free 13425K/17052K, paused 15ms, total 15ms
05-20 18:32:23.916 I/dalvikvm-heap(11191): Grow heap (frag case) to 16.404MB for 3415696-byte allocation
05-20 18:32:23.939 D/dalvikvm(11191): GC_FOR_ALLOC freed <1K, 2% free 16760K/17052K, paused 26ms, total 26ms
05-20 18:32:23.978 D/dalvikvm(11191): GC_CONCURRENT freed 1K, 2% free 16759K/17052K, paused 2ms+2ms, total 31ms
05-20 18:32:23.978 D/MDM :   (11191): [null:-1]->icon instanceof BitmapDrawable
05-20 18:32:23.978 D/MDM :   (11191): [null:-1]->  iconWidth 96
05-20 18:32:23.978 D/MDM :   (11191): [null:-1]->  iconHeight 96
05-20 18:32:23.978 D/MDM :   (11191): [null:-1]->  107 96
05-20 18:32:23.978 D/        (11191): [---null: -1---]  xxd  getPackageName  com.pekall.emdm.launcher
05-20 18:32:23.978 D/        (11191): [---null: -1---]  xxd  getClassName  com.pekall.emdm.launcher.CustomShirtcutActivity
05-20 18:32:23.978 D/        (11191): [---null: -1---]  xxd info.title: Custom shortcut
05-20 18:32:23.986 D/MDM :   (11191): [null:-1]->icon instanceof BitmapDrawable
05-20 18:32:23.986 D/MDM :   (11191): [null:-1]->  iconWidth 104
05-20 18:32:23.986 D/MDM :   (11191): [null:-1]->  iconHeight 104
05-20 18:32:23.986 D/MDM :   (11191): [null:-1]->  107 104
05-20 18:32:23.986 D/        (11191): [---null: -1---]  xxd  getPackageName  com.pekall.emdm.launcher
05-20 18:32:23.986 D/        (11191): [---null: -1---]  xxd  getClassName  com.pekall.emdm.contacts.activities.DialtactsActivity
05-20 18:32:24.010 D/        (11191): [---null: -1---]  xxd info.title: Phone
05-20 18:32:24.017 D/MDM :   (11191): [null:-1]->icon instanceof BitmapDrawable
05-20 18:32:24.017 D/MDM :   (11191): [null:-1]->  iconWidth 104
05-20 18:32:24.017 D/MDM :   (11191): [null:-1]->  iconHeight 104
05-20 18:32:24.017 D/MDM :   (11191): [null:-1]->  107 104
05-20 18:32:24.017 D/        (11191): [---null: -1---]  xxd  getPackageName  com.pekall.emdm.launcher
05-20 18:32:24.017 D/        (11191): [---null: -1---]  xxd  getClassName  com.pekall.emdm.messagecenter.activity.MessageMainActivity
05-20 18:32:24.017 D/dalvikvm(11211): DexOpt: load 56ms, verify+opt 1069ms, 1147988 bytes
05-20 18:32:24.025 D/        (11191): [---null: -1---]  xxd info.title: Message Center
05-20 18:32:24.033 D/MDM :   (11191): [null:-1]->icon instanceof BitmapDrawable
05-20 18:32:24.033 D/MDM :   (11191): [null:-1]->  iconWidth 104
05-20 18:32:24.033 D/MDM :   (11191): [null:-1]->  iconHeight 104
05-20 18:32:24.033 D/MDM :   (11191): [null:-1]->  107 104
05-20 18:32:24.033 D/        (11191): [---null: -1---]  xxd  getPackageName  com.pekall.emdm.launcher
05-20 18:32:24.033 D/        (11191): [---null: -1---]  xxd  getClassName  com.pekall.emdm.document.activity.DocMainActivity
05-20 18:32:24.033 D/        (11191): [---null: -1---]  xxd info.title: Document Manager
05-20 18:32:24.033 D/MDM :   (11191): [null:-1]->icon instanceof BitmapDrawable
05-20 18:32:24.033 D/MDM :   (11191): [null:-1]->  iconWidth 104
05-20 18:32:24.033 D/MDM :   (11191): [null:-1]->  iconHeight 104
05-20 18:32:24.033 D/MDM :   (11191): [null:-1]->  107 104
05-20 18:32:24.041 W/ActivityManager(  374): Unable to start service Intent { cmp=com.pekall.emdm.launcher/com.pekall.semail.service.AttachmentDownloadService } U=0: not found
05-20 18:32:24.049 D/        (11191): [---null: -1---]  xxd  getPackageName  com.pekall.emdm.launcher
05-20 18:32:24.049 I/Email   (11191): Notifications being toggled: false
05-20 18:32:24.049 D/        (11191): [---null: -1---]  xxd  getClassName  com.pekall.emdm.launcher.ui.BackPersonalActivity
05-20 18:32:24.049 D/        (11191): [---null: -1---]  xxd info.title: Personal Mode
05-20 18:32:24.049 D/MDM :   (11191): [null:-1]->icon instanceof BitmapDrawable
05-20 18:32:24.049 D/MDM :   (11191): [null:-1]->  iconWidth 104
05-20 18:32:24.049 D/MDM :   (11191): [null:-1]->  iconHeight 104
05-20 18:32:24.049 D/MDM :   (11191): [null:-1]->  107 104
05-20 18:32:24.049 D/        (11191): [---null: -1---]  xxd  getPackageName  com.pekall.emdm.launcher
05-20 18:32:24.056 D/        (11191): [---null: -1---]  xxd  getClassName  com.pekall.semail.activity.Welcome
05-20 18:32:24.056 D/        (11191): [---null: -1---]  xxd info.title: Email
05-20 18:32:24.064 D/MDM :   (11191): [null:-1]->icon instanceof BitmapDrawable
05-20 18:32:24.064 D/MDM :   (11191): [null:-1]->  iconWidth 104
05-20 18:32:24.064 D/MDM :   (11191): [null:-1]->  iconHeight 104
05-20 18:32:24.064 D/MDM :   (11191): [null:-1]->  107 104
05-20 18:32:24.064 D/        (11191): [---null: -1---]  xxd  getPackageName  com.pekall.emdm.launcher
05-20 18:32:24.064 D/        (11191): [---null: -1---]  xxd  getClassName  com.pekall.emdm.contacts.activities.PeopleActivity
05-20 18:32:24.064 D/        (11191): [---null: -1---]  xxd info.title: EmdmContacts
05-20 18:32:24.072 D/MDM :   (11191): [null:-1]->icon instanceof BitmapDrawable
05-20 18:32:24.072 D/MDM :   (11191): [null:-1]->  iconWidth 104
05-20 18:32:24.072 D/MDM :   (11191): [null:-1]->  iconHeight 104
05-20 18:32:24.072 D/MDM :   (11191): [null:-1]->  107 104
05-20 18:32:24.072 D/        (11191): [---null: -1---]  xxd  getPackageName  com.pekall.emdm.launcher
05-20 18:32:24.072 D/        (11191): [---null: -1---]  xxd  getClassName  com.pekall.emdm.browser.BrowserActivity
05-20 18:32:24.072 D/        (11191): [---null: -1---]  xxd info.title: Safe Browser
05-20 18:32:24.080 D/MDM :   (11191): [null:-1]->icon instanceof BitmapDrawable
05-20 18:32:24.080 D/MDM :   (11191): [null:-1]->  iconWidth 104
05-20 18:32:24.080 D/MDM :   (11191): [null:-1]->  iconHeight 104
05-20 18:32:24.080 D/MDM :   (11191): [null:-1]->  107 104
05-20 18:32:24.080 D/        (11191): [---null: -1---]  xxd  getPackageName  com.pekall.emdm.launcher
05-20 18:32:24.080 D/        (11191): [---null: -1---]  xxd  getClassName  com.pekall.emdm.launcher.ui.AboutActivity
05-20 18:32:24.080 D/        (11191): [---null: -1---]  xxd info.title: About
05-20 18:32:24.088 D/MDM :   (11191): [null:-1]->icon instanceof BitmapDrawable
05-20 18:32:24.088 D/MDM :   (11191): [null:-1]->  iconWidth 104
05-20 18:32:24.088 D/MDM :   (11191): [null:-1]->  iconHeight 104
05-20 18:32:24.088 D/MDM :   (11191): [null:-1]->  107 104
05-20 18:32:24.088 D/        (11191): [---null: -1---]  xxd  getPackageName  com.pekall.emdm.launcher
05-20 18:32:24.088 D/        (11191): [---null: -1---]  xxd  getClassName  com.pekall.emdm.launcher.ui.SettingActivity
05-20 18:32:24.088 D/        (11191): [---null: -1---]  xxd info.title: Setting
05-20 18:32:24.088 D/HomeLoaders(11191):   ----> workspace loader 1 finished loading data
05-20 18:32:24.088 D/HomeLoaders(11191):   ----> worskpace items=11
05-20 18:32:24.088 D/HomeLoaders(11191):   ----> worskpace widgets=0
05-20 18:32:24.088 D/HomeLoaders(11191):   --> done loading workspace; not stopped
05-20 18:32:24.088 D/HomeLoaders(11191):   ----> items cloned, ready to refresh UI
05-20 18:32:24.088 D/HomeLoaders(11191):   ----> loading applications from workspace loader
05-20 18:32:24.088 D/HomeLoaders(11191):   --> starting applications loader unlocked
05-20 18:32:24.088 D/HomeLoaders(11191):   --> starting applications loader
05-20 18:32:24.096 D/HomeLoaders(11191):   ----> running applications loader (1)
05-20 18:32:24.096 D/MDM :   (11191): [null:-1]->icon instanceof BitmapDrawable
05-20 18:32:24.096 D/MDM :   (11191): [null:-1]->  iconWidth 104
05-20 18:32:24.096 D/MDM :   (11191): [null:-1]->  iconHeight 104
05-20 18:32:24.096 D/MDM :   (11191): [null:-1]->  107 104
05-20 18:32:24.096 D/MDM :   (11191): [null:-1]->icon instanceof BitmapDrawable
05-20 18:32:24.096 D/MDM :   (11191): [null:-1]->  iconWidth 104
05-20 18:32:24.096 D/MDM :   (11191): [null:-1]->  iconHeight 104
05-20 18:32:24.096 D/MDM :   (11191): [null:-1]->  107 104
05-20 18:32:24.096 D/MDM :   (11191): [null:-1]->icon instanceof BitmapDrawable
05-20 18:32:24.096 D/MDM :   (11191): [null:-1]->  iconWidth 104
05-20 18:32:24.096 D/MDM :   (11191): [null:-1]->  iconHeight 104
05-20 18:32:24.096 D/MDM :   (11191): [null:-1]->  107 104
05-20 18:32:24.103 D/MDM :   (11191): [null:-1]->icon instanceof BitmapDrawable
05-20 18:32:24.103 D/MDM :   (11191): [null:-1]->  iconWidth 104
05-20 18:32:24.103 D/MDM :   (11191): [null:-1]->  iconHeight 104
05-20 18:32:24.103 D/MDM :   (11191): [null:-1]->  107 104
05-20 18:32:24.103 D/MDM :   (11191): [null:-1]->icon instanceof BitmapDrawable
05-20 18:32:24.103 D/MDM :   (11191): [null:-1]->  iconWidth 101
05-20 18:32:24.103 D/MDM :   (11191): [null:-1]->  iconHeight 101
05-20 18:32:24.103 D/MDM :   (11191): [null:-1]->  107 101
05-20 18:32:24.103 D/MDM :   (11191): [null:-1]->icon instanceof BitmapDrawable
05-20 18:32:24.103 D/MDM :   (11191): [null:-1]->  iconWidth 104
05-20 18:32:24.103 D/MDM :   (11191): [null:-1]->  iconHeight 104
05-20 18:32:24.103 D/MDM :   (11191): [null:-1]->  107 104
05-20 18:32:24.111 D/MDM :   (11191): [null:-1]->icon instanceof BitmapDrawable
05-20 18:32:24.111 D/MDM :   (11191): [null:-1]->  iconWidth 104
05-20 18:32:24.111 D/MDM :   (11191): [null:-1]->  iconHeight 104
05-20 18:32:24.111 D/MDM :   (11191): [null:-1]->  107 104
05-20 18:32:24.111 D/MDM :   (11191): [null:-1]->icon instanceof BitmapDrawable
05-20 18:32:24.111 D/MDM :   (11191): [null:-1]->  iconWidth 104
05-20 18:32:24.111 D/MDM :   (11191): [null:-1]->  iconHeight 104
05-20 18:32:24.111 D/MDM :   (11191): [null:-1]->  107 104
05-20 18:32:24.111 D/MDM :   (11191): [null:-1]->icon instanceof BitmapDrawable
05-20 18:32:24.111 D/MDM :   (11191): [null:-1]->  iconWidth 104
05-20 18:32:24.111 D/MDM :   (11191): [null:-1]->  iconHeight 104
05-20 18:32:24.111 D/MDM :   (11191): [null:-1]->  107 104
05-20 18:32:24.111 D/MDM :   (11191): [null:-1]->icon instanceof BitmapDrawable
05-20 18:32:24.111 D/dalvikvm(11191): DexOpt: --- END 'sc-jdk15on-1.47.0.2.dex.jar' (success) ---
05-20 18:32:24.111 D/dalvikvm(11191): DEX prep '/data/data/com.pekall.emdm.launcher/app_jars/sc-jdk15on-1.47.0.2.dex.jar': unzip in 62ms, rewrite 1415ms
05-20 18:32:24.111 D/MDM :   (11191): [null:-1]->  iconWidth 104
05-20 18:32:24.111 D/MDM :   (11191): [null:-1]->  iconHeight 104
05-20 18:32:24.119 D/MDM :   (11191): [null:-1]->  107 104
05-20 18:32:24.197 W/ActivityManager(  374): Activity pause timeout for ActivityRecord{425314c0 u0 com.pekall.emdm.launcher/.Launcher}
05-20 18:32:24.213 D/dalvikvm(11191): GC_CONCURRENT freed 1119K, 6% free 18200K/19360K, paused 3ms+8ms, total 34ms
05-20 18:32:24.385 V/MyServiceConnection(11191): [SConnection] retry to bind service
05-20 18:32:24.392 V/MyServiceConnection(11191): [SConnection] sandbox service is NOT installed.
05-20 18:32:24.392 V/MyServiceConnection(11191): [SConnection] binding service: pekall.intent.action.SANDBOX_SERVICE
05-20 18:32:24.400 D/MdmService(11191): [null:-1]->create mdm service
05-20 18:32:24.408 D/AssistantPhoneService(11191): [---null: -1---]onCreate====================
05-20 18:32:24.416 D/ExchangeService(11191): !!! EAS ExchangeService, onCreate
05-20 18:32:24.424 V/MyServiceConnection(11191): [SConnection] retry to bind service
05-20 18:32:24.424 V/MyServiceConnection(11191): [SConnection] sandbox service is NOT installed.
05-20 18:32:24.424 V/MyServiceConnection(11191): [SConnection] binding service: pekall.intent.action.SANDBOX_SERVICE
05-20 18:32:24.424 W/Parcel  ( 1661): Attempt to read object from Parcel 0x5ef3bdac at offset 200 that is not in the object list
05-20 18:32:24.424 D/LauncherApplication(11191): [null:-1]->onActivityPaused
05-20 18:32:24.424 D/LauncherApplication(11191): [null:-1]->onActivityPaused  updateTime
05-20 18:32:24.455 D/libEGL  (11191): loaded /vendor/lib/egl/libEGL_POWERVR_SGX540_120.so
05-20 18:32:24.471 D/libEGL  (11191): loaded /vendor/lib/egl/libGLESv1_CM_POWERVR_SGX540_120.so
05-20 18:32:24.471 D/libEGL  (11191): loaded /vendor/lib/egl/libGLESv2_POWERVR_SGX540_120.so
05-20 18:32:24.525 D/OpenGLRenderer(11191): Enabling debug mode 0
05-20 18:32:24.525 D/HomeLoaders(11191):   ----> onDesktopItemsLoaded()
05-20 18:32:24.525 D/Launcher(11191): ------> binding 11 items
05-20 18:32:24.525 D/Launcher(11191): ------> binding 0 widgets
05-20 18:32:24.525 D/Launcher(11191): ------> start binding items
05-20 18:32:24.525 D/HomeLoaders(11191):   ----> cleared application list
05-20 18:32:24.603 V/LauncherApplication(11191): onActivityStarted
05-20 18:32:24.603 D/        (11191): [---null: -1---]     awsa  onActivityResumed
05-20 18:32:24.603 V/LauncherApplication(11191): 2MdmConstant.LAST_LAUNCH_TIME = 1400581944434
05-20 18:32:24.619 D/        (11191): [---null: -1---]  activity = com.pekall.emdm.ui.SplashActivity
05-20 18:32:24.627 V/MyServiceConnection(11191): [SConnection] onServiceConnected, comp: com.pekall.sandbox.service.SandboxService
05-20 18:32:24.627 D/AuthenticationManager(11191): [11191] binder package: com.pekall.emdm.launcher
05-20 18:32:24.689 D/AuthenticationManager(11191): [11191] not authorized.
05-20 18:32:24.689 D/MdmService(11191): [null:-1]->receiver action :android.net.conn.CONNECTIVITY_CHANGE
05-20 18:32:24.697 D/AssistantPhoneService(11191): [---null: -1---]currentCall====================1400581944700
05-20 18:32:24.697 D/Assistant(11191): [---null: -1---]  call dataChange
05-20 18:32:24.728 V/l       (11191): Connected: com.pekall.exchange.ExchangeService
05-20 18:32:24.728 V/l       (11191): Connected: com.pekall.exchange.ExchangeService
05-20 18:32:24.736 D/SConnection(11191): classname is com.pekall.emdm.messagecenter.controller.MessageCenterService
05-20 18:32:24.736 D/ExchangeService(11191): !!! EAS ExchangeService, onStartCommand, startingUp = false, running = false
05-20 18:32:24.736 D/ExchangeService(11191): to start secureStorageService now
05-20 18:32:24.736 V/l       (11191): Task setLogging completed; disconnecting
05-20 18:32:24.752 V/l       (11191): Task setLogging completed; disconnecting
05-20 18:32:24.767 V/a       (11191): Bind requested for task test
05-20 18:32:24.814 V/a       (11191): Bind requested for task getDeviceId
05-20 18:32:24.822 V/a       (11191): Waiting for task getDeviceId to complete...
05-20 18:32:24.900 D/MDM :   (11191): [null:-1]->  iconWidth 104
05-20 18:32:24.900 D/MDM :   (11191): [null:-1]->  iconHeight 104
05-20 18:32:24.900 D/MDM :   (11191): [null:-1]->  107 104
05-20 18:32:24.908 D/MDM :   (11191): [null:-1]->width 104
05-20 18:32:24.908 D/MDM :   (11191): [null:-1]->height 104
05-20 18:32:24.908 D/MDM :   (11191): [null:-1]->scale 1.0
05-20 18:32:24.908 D/MDM :   (11191): [null:-1]->tint false
05-20 18:32:24.908 D/MDM :   (11191): [null:-1]->width 104
05-20 18:32:24.908 D/MDM :   (11191): [null:-1]->height 104
05-20 18:32:24.908 D/MDM :   (11191): [null:-1]->scale 1.0
05-20 18:32:24.908 D/MDM :   (11191): [null:-1]->tint false
05-20 18:32:25.158 D/dalvikvm(11191): JIT unchain all for threadid=11
05-20 18:32:25.166 D/MDM :   (11191): [null:-1]->  iconWidth 104
05-20 18:32:25.166 D/MDM :   (11191): [null:-1]->  iconHeight 104
05-20 18:32:25.166 D/MDM :   (11191): [null:-1]->  107 104
05-20 18:32:25.166 D/MDM :   (11191): [null:-1]->width 104
05-20 18:32:25.166 D/MDM :   (11191): [null:-1]->height 104
05-20 18:32:25.166 D/MDM :   (11191): [null:-1]->scale 1.0
05-20 18:32:25.197 W/InteractionController(11068): runAndwaitForEvent timedout waiting for events
05-20 18:32:25.439 D/dalvikvm(11191): JIT unchain all for threadid=11
05-20 18:32:25.455 D/dalvikvm(11191): GC_CONCURRENT freed 1881K, 10% free 19396K/21320K, paused 254ms+254ms, total 544ms
05-20 18:32:25.455 D/dalvikvm(11191): WAIT_FOR_CONCURRENT_GC blocked 288ms
05-20 18:32:25.455 D/MDM :   (11191): [null:-1]->tint false
05-20 18:32:25.455 D/MDM :   (11191): [null:-1]->width 104
05-20 18:32:25.455 D/MDM :   (11191): [null:-1]->height 104
05-20 18:32:25.455 D/MDM :   (11191): [null:-1]->scale 1.0
05-20 18:32:25.455 D/MDM :   (11191): [null:-1]->tint false
05-20 18:32:25.463 W/CursorWrapperInner(11191): Cursor finalized without prior close()
05-20 18:32:25.463 D/MDM :   (11191): [null:-1]->width 104
05-20 18:32:25.463 D/MDM :   (11191): [null:-1]->height 104
05-20 18:32:25.463 D/MDM :   (11191): [null:-1]->scale 1.0
05-20 18:32:25.463 D/MDM :   (11191): [null:-1]->tint false
05-20 18:32:25.463 D/MDM :   (11191): [null:-1]->  iconWidth 104
05-20 18:32:25.463 D/MDM :   (11191): [null:-1]->  iconHeight 104
05-20 18:32:25.463 D/MDM :   (11191): [null:-1]->  107 104
05-20 18:32:25.471 D/MDM :   (11191): [null:-1]->width 104
05-20 18:32:25.471 D/MDM :   (11191): [null:-1]->height 104
05-20 18:32:25.471 D/MDM :   (11191): [null:-1]->scale 1.0
05-20 18:32:25.471 D/MDM :   (11191): [null:-1]->tint false
05-20 18:32:25.471 D/MDM :   (11191): [null:-1]->width 104
05-20 18:32:25.471 D/MDM :   (11191): [null:-1]->height 104
05-20 18:32:25.471 D/MDM :   (11191): [null:-1]->scale 1.0
05-20 18:32:25.471 D/MDM :   (11191): [null:-1]->tint false
05-20 18:32:25.478 D/MDM :   (11191): [null:-1]->width 104
05-20 18:32:25.478 D/MDM :   (11191): [null:-1]->height 104
05-20 18:32:25.478 D/MDM :   (11191): [null:-1]->scale 1.0
05-20 18:32:25.478 D/MDM :   (11191): [null:-1]->tint false
05-20 18:32:25.486 D/MDM :   (11191): [null:-1]->  iconWidth 104
05-20 18:32:25.486 D/MDM :   (11191): [null:-1]->  iconHeight 104
05-20 18:32:25.494 D/MDM :   (11191): [null:-1]->  107 104
05-20 18:32:25.494 D/        (11191): [---null: -1---]  xxd111  getPackageName  com.pekall.emdm.launcher
05-20 18:32:25.494 D/        (11191): [---null: -1---]  xxd111  getClassName  com.pekall.emdm.document.activity.DocMainActivity
05-20 18:32:25.494 D/        (11191): [---null: -1---]  xxd111  info.title  Document Manager ,count is 0
05-20 18:32:25.502 D/MDM :   (11191): [null:-1]->  iconWidth 104
05-20 18:32:25.502 D/MDM :   (11191): [null:-1]->  iconHeight 104
05-20 18:32:25.502 D/MDM :   (11191): [null:-1]->  107 104
05-20 18:32:25.502 D/        (11191): [---null: -1---]  xxd111  getPackageName  com.pekall.emdm.launcher
05-20 18:32:25.502 D/        (11191): [---null: -1---]  xxd111  getClassName  com.pekall.emdm.launcher.ui.BackPersonalActivity
05-20 18:32:25.502 D/        (11191): [---null: -1---]  xxd111  info.title  Personal Mode ,count is 0
05-20 18:32:25.510 D/MDM :   (11191): [null:-1]->  iconWidth 104
05-20 18:32:25.510 D/MDM :   (11191): [null:-1]->  iconHeight 104
05-20 18:32:25.510 D/MDM :   (11191): [null:-1]->  107 104
05-20 18:32:25.510 D/        (11191): [---null: -1---]  xxd111  getPackageName  com.pekall.emdm.launcher
05-20 18:32:25.510 D/        (11191): [---null: -1---]  xxd111  getClassName  com.pekall.semail.activity.Welcome
05-20 18:32:25.510 D/        (11191): [---null: -1---]  xxd111  info.title  Email ,count is 0
05-20 18:32:25.517 I/Choreographer(11191): Skipped 36 frames!  The application may be doing too much work on its main thread.
05-20 18:32:25.705 I/ActivityManager(  374): Displayed com.pekall.emdm.launcher/com.pekall.emdm.ui.SplashActivity: +1s510ms (total +3s215ms)
05-20 18:32:25.705 I/ActivityManager(  374): Displayed com.pekall.emdm.launcher/.Launcher: +3s215ms
05-20 18:32:25.705 D/MDM :   (11191): [null:-1]->  iconWidth 104
05-20 18:32:25.705 D/MDM :   (11191): [null:-1]->  iconHeight 104
05-20 18:32:25.705 D/MDM :   (11191): [null:-1]->  107 104
05-20 18:32:25.705 D/        (11191): [---null: -1---]  xxd111  getPackageName  com.pekall.emdm.launcher
05-20 18:32:25.713 D/        (11191): [---null: -1---]  xxd111  getClassName  com.pekall.emdm.contacts.activities.PeopleActivity
05-20 18:32:25.713 D/        (11191): [---null: -1---]  xxd111  info.title  EmdmContacts ,count is 0
05-20 18:32:25.713 D/MDM :   (11191): [null:-1]->  iconWidth 104
05-20 18:32:25.713 D/MDM :   (11191): [null:-1]->  iconHeight 104
05-20 18:32:25.713 D/MDM :   (11191): [null:-1]->  107 104
05-20 18:32:25.713 D/        (11191): [---null: -1---]  xxd111  getPackageName  com.pekall.emdm.launcher
05-20 18:32:25.713 D/        (11191): [---null: -1---]  xxd111  getClassName  com.pekall.emdm.browser.BrowserActivity
05-20 18:32:25.713 D/        (11191): [---null: -1---]  xxd111  info.title  Safe Browser ,count is 0
05-20 18:32:25.721 D/MDM :   (11191): [null:-1]->  iconWidth 104
05-20 18:32:25.721 D/MDM :   (11191): [null:-1]->  iconHeight 104
05-20 18:32:25.721 D/MDM :   (11191): [null:-1]->  107 104
05-20 18:32:25.721 D/        (11191): [---null: -1---]  xxd111  getPackageName  com.pekall.emdm.launcher
05-20 18:32:25.721 D/        (11191): [---null: -1---]  xxd111  getClassName  com.pekall.emdm.launcher.ui.AboutActivity
05-20 18:32:25.728 D/        (11191): [---null: -1---]  xxd111  info.title  About ,count is 0
05-20 18:32:25.728 D/MDM :   (11191): [null:-1]->  iconWidth 104
05-20 18:32:25.728 D/MDM :   (11191): [null:-1]->  iconHeight 104
05-20 18:32:25.728 D/MDM :   (11191): [null:-1]->  107 104
05-20 18:32:25.728 D/        (11191): [---null: -1---]  xxd111  getPackageName  com.pekall.emdm.launcher
05-20 18:32:25.728 D/        (11191): [---null: -1---]  xxd111  getClassName  com.pekall.emdm.launcher.ui.SettingActivity
05-20 18:32:25.728 D/        (11191): [---null: -1---]  xxd111  info.title  Setting ,count is 0
05-20 18:32:26.017 D/dalvikvm(11191): JIT unchain all for threadid=11
05-20 18:32:26.049 D/dalvikvm(11191): GC_FOR_ALLOC freed 1387K, 11% free 19645K/22012K, paused 278ms, total 278ms
05-20 18:32:26.064 I/dalvikvm-heap(11191): Grow heap (frag case) to 22.478MB for 3415696-byte allocation
05-20 18:32:26.314 D/dalvikvm(11191): JIT unchain all for threadid=11
05-20 18:32:26.346 D/dalvikvm(11191): GC_FOR_ALLOC freed 2K, 10% free 22978K/25348K, paused 279ms, total 279ms
05-20 18:32:26.346 V/a       (11191): Connected: com.pekall.semail.service.AccountServiceInternal
05-20 18:32:26.346 V/a       (11191): Connected: com.pekall.semail.service.AccountServiceInternal
05-20 18:32:26.346 W/Parcel  ( 1661): Attempt to read object from Parcel 0x5ded3dac at offset 200 that is not in the object list
05-20 18:32:26.353 V/a       (11191): Connection test succeeded in 1591ms
05-20 18:32:26.353 I/ActivityManager(  374): START u0 {cmp=com.pekall.emdm.launcher/com.pekall.emdm.ui.AdvActivity} from pid 11191
05-20 18:32:26.361 W/Parcel  ( 1661): Attempt to read object from Parcel 0x6003bdac at offset 200 that is not in the object list
05-20 18:32:26.455 D/dalvikvm(  374): GC_FOR_ALLOC freed 1401K, 26% free 20946K/28292K, paused 69ms, total 69ms
05-20 18:32:26.463 V/a       (11191): Task getDeviceId completed; disconnecting
05-20 18:32:26.463 V/a       (11191): Task test completed; disconnecting
05-20 18:32:26.463 V/a       (11191): Wait for getDeviceId finished in 1643ms
05-20 18:32:26.463 D/ExchangeService(11191): Received deviceId from Email app: androidc2130646576
05-20 18:32:26.463 D/ExchangeService(11191): Reconciling accounts...
05-20 18:32:26.463 V/a       (11191): Bind requested for task reconcileAccounts
05-20 18:32:26.463 V/l       (11191): Bind requested for task setLogging
05-20 18:32:26.471 V/a       (11191): Waiting for task reconcileAccounts to complete...
05-20 18:32:26.486 D/MDM :   (11191): [null:-1]->  iconWidth 104
05-20 18:32:26.486 D/MDM :   (11191): [null:-1]->  iconHeight 104
05-20 18:32:26.486 D/MDM :   (11191): [null:-1]->  107 104
05-20 18:32:26.486 D/MDM :   (11191): [null:-1]->  iconWidth 104
05-20 18:32:26.486 D/MDM :   (11191): [null:-1]->  iconHeight 104
05-20 18:32:26.486 D/MDM :   (11191): [null:-1]->  107 104
05-20 18:32:26.494 D/MDM :   (11191): [null:-1]->  iconWidth 104
05-20 18:32:26.494 D/MDM :   (11191): [null:-1]->  iconHeight 104
05-20 18:32:26.494 D/MDM :   (11191): [null:-1]->  107 104
05-20 18:32:26.494 D/MDM :   (11191): [null:-1]->  iconWidth 104
05-20 18:32:26.494 D/MDM :   (11191): [null:-1]->  iconHeight 104
05-20 18:32:26.494 D/MDM :   (11191): [null:-1]->  107 104
05-20 18:32:26.494 D/MDM :   (11191): [null:-1]->  iconWidth 104
05-20 18:32:26.494 D/MDM :   (11191): [null:-1]->  iconHeight 104
05-20 18:32:26.502 D/MDM :   (11191): [null:-1]->  107 104
05-20 18:32:26.502 D/MDM :   (11191): [null:-1]->  iconWidth 104
05-20 18:32:26.502 D/MDM :   (11191): [null:-1]->  iconHeight 104
05-20 18:32:26.502 D/MDM :   (11191): [null:-1]->  107 104
05-20 18:32:26.502 D/MDM :   (11191): [null:-1]->  iconWidth 104
05-20 18:32:26.502 D/MDM :   (11191): [null:-1]->  iconHeight 104
05-20 18:32:26.502 D/MDM :   (11191): [null:-1]->  107 104
05-20 18:32:26.510 D/MDM :   (11191): [null:-1]->  iconWidth 104
05-20 18:32:26.510 D/MDM :   (11191): [null:-1]->  iconHeight 104
05-20 18:32:26.510 D/MDM :   (11191): [null:-1]->  107 104
05-20 18:32:26.510 D/MDM :   (11191): [null:-1]->  iconWidth 104
05-20 18:32:26.510 D/MDM :   (11191): [null:-1]->  iconHeight 104
05-20 18:32:26.510 D/MDM :   (11191): [null:-1]->  107 104
05-20 18:32:26.510 D/MDM :   (11191): [null:-1]->  iconWidth 104
05-20 18:32:26.510 D/MDM :   (11191): [null:-1]->  iconHeight 104
05-20 18:32:26.517 D/MDM :   (11191): [null:-1]->  107 104
05-20 18:32:26.517 D/LauncherApplication(11191): [null:-1]->onActivityPaused
05-20 18:32:26.533 D/ExchangeService(11191): !!! EAS ExchangeService, onStartCommand, startingUp = true, running = false
05-20 18:32:26.533 V/l       (11191): Connected: com.pekall.exchange.ExchangeService
05-20 18:32:26.541 V/l       (11191): Task setLogging completed; disconnecting
05-20 18:32:26.572 V/LauncherApplication(11191): onActivityStarted
05-20 18:32:26.572 D/        (11191): [---null: -1---]     awsa  onActivityResumed
05-20 18:32:26.572 V/LauncherApplication(11191): 2MdmConstant.LAST_LAUNCH_TIME = 1400581944434
05-20 18:32:26.580 D/        (11191): [---null: -1---]  activity = com.pekall.emdm.ui.AdvActivity
05-20 18:32:26.603 V/a       (11191): Connected: com.pekall.semail.service.AccountServiceInternal
05-20 18:32:26.635 V/a       (11191): Task reconcileAccounts completed; disconnecting
05-20 18:32:26.635 V/a       (11191): Wait for reconcileAccounts finished in 167ms
05-20 18:32:26.947 D/dalvikvm(11191): JIT unchain all for threadid=11
05-20 18:32:26.986 D/dalvikvm(11191): GC_FOR_ALLOC freed 686K, 9% free 25139K/27428K, paused 285ms, total 285ms
05-20 18:32:27.072 D/ExchangeService(11191): !!! EAS ExchangeService, stopping self
05-20 18:32:27.189 D/ExchangeService(11191): !!! EAS ExchangeService, onDestroy
05-20 18:32:27.291 I/ActivityManager(  374): Displayed com.pekall.emdm.launcher/com.pekall.emdm.ui.AdvActivity: +759ms
05-20 18:32:28.213 I/QueryController(11068): Matched selector: UiSelector[PACKAGE NAME=com.pekall.emdm.launcher] <<==>> [android.view.accessibility.AccessibilityNodeInfo@8129; boundsInParent: Rect(0, 0 - 720, 1184); boundsInScreen: Rect(0, 0 - 720, 1184); packageName: com.pekall.emdm.launcher; className: android.widget.FrameLayout; text: null; contentDescription: null; viewIdResName: null; checkable: false; checked: false; focusable: false; focused: false; selected: false; clickable: false; longClickable: false; enabled: true; password: false; scrollable: false; [ACTION_SELECT, ACTION_CLEAR_SELECTION, ACTION_ACCESSIBILITY_FOCUS]]
05-20 18:32:29.041 D/dalvikvm(11191): JIT unchain all for threadid=11
05-20 18:32:29.072 D/dalvikvm(11191): GC_FOR_ALLOC freed 38K, 8% free 27233K/29508K, paused 275ms, total 275ms
05-20 18:32:29.228 D/dalvikvm(11068): GC_CONCURRENT freed 397K, 93% free 597K/8064K, paused 0ms+2ms, total 8ms
05-20 18:32:30.025 D/dalvikvm(11191): JIT unchain all for threadid=11
05-20 18:32:30.049 D/dalvikvm(11191): GC_FOR_ALLOC freed 738K, 10% free 28582K/31588K, paused 274ms, total 275ms
05-20 18:32:31.400 I/QueryController(11068): Matched selector: UiSelector[TEXT=Start] <<==>> [android.view.accessibility.AccessibilityNodeInfo@b5b7; boundsInParent: Rect(0, 0 - 400, 96); boundsInScreen: Rect(160, 997 - 560, 1093); packageName: com.pekall.emdm.launcher; className: android.widget.Button; text: Start; contentDescription: null; viewIdResName: com.pekall.emdm.launcher:id/start; checkable: false; checked: false; focusable: true; focused: false; selected: false; clickable: true; longClickable: false; enabled: true; password: false; scrollable: false; [ACTION_FOCUS, ACTION_SELECT, ACTION_CLEAR_SELECTION, ACTION_CLICK, ACTION_ACCESSIBILITY_FOCUS, ACTION_NEXT_AT_MOVEMENT_GRANULARITY, ACTION_PREVIOUS_AT_MOVEMENT_GRANULARITY, ACTION_SET_SELECTION]]
