05-20 18:32:31.424 I/QueryController(11068): Matched selector: UiSelector[TEXT=Start, CLASS=android.widget.Button] <<==>> [android.view.accessibility.AccessibilityNodeInfo@b5b7; boundsInParent: Rect(0, 0 - 400, 96); boundsInScreen: Rect(160, 997 - 560, 1093); packageName: com.pekall.emdm.launcher; className: android.widget.Button; text: Start; contentDescription: null; viewIdResName: com.pekall.emdm.launcher:id/start; checkable: false; checked: false; focusable: true; focused: false; selected: false; clickable: true; longClickable: false; enabled: true; password: false; scrollable: false; [ACTION_FOCUS, ACTION_SELECT, ACTION_CLEAR_SELECTION, ACTION_CLICK, ACTION_ACCESSIBILITY_FOCUS, ACTION_NEXT_AT_MOVEMENT_GRANULARITY, ACTION_PREVIOUS_AT_MOVEMENT_GRANULARITY, ACTION_SET_SELECTION]]
05-20 18:32:31.424 I/QueryController(11068): Matched selector: UiSelector[TEXT=Start, CLASS=android.widget.Button] <<==>> [android.view.accessibility.AccessibilityNodeInfo@b5b7; boundsInParent: Rect(0, 0 - 400, 96); boundsInScreen: Rect(160, 997 - 560, 1093); packageName: com.pekall.emdm.launcher; className: android.widget.Button; text: Start; contentDescription: null; viewIdResName: com.pekall.emdm.launcher:id/start; checkable: false; checked: false; focusable: true; focused: false; selected: false; clickable: true; longClickable: false; enabled: true; password: false; scrollable: false; [ACTION_FOCUS, ACTION_SELECT, ACTION_CLEAR_SELECTION, ACTION_CLICK, ACTION_ACCESSIBILITY_FOCUS, ACTION_NEXT_AT_MOVEMENT_GRANULARITY, ACTION_PREVIOUS_AT_MOVEMENT_GRANULARITY, ACTION_SET_SELECTION]]
05-20 18:32:31.431 D/InteractionController(11068): clickAndWaitForNewWindow(360, 1045)
05-20 18:32:31.541 W/Parcel  ( 1661): Attempt to read object from Parcel 0x5ec3bdac at offset 200 that is not in the object list
05-20 18:32:31.541 I/ActivityManager(  374): START u0 {cmp=com.pekall.emdm.launcher/com.pekall.emdm.ui.ActiveDeviceAdminActivity} from pid 11191
05-20 18:32:31.650 D/dalvikvm(  374): GC_FOR_ALLOC freed 470K, 24% free 21689K/28292K, paused 81ms, total 81ms
05-20 18:32:31.728 D/dalvikvm(  374): GC_FOR_ALLOC freed 753K, 25% free 21306K/28292K, paused 68ms, total 68ms
05-20 18:32:31.728 D/LauncherApplication(11191): [null:-1]->onActivityPaused
05-20 18:32:31.783 V/LauncherApplication(11191): onActivityStarted
05-20 18:32:31.783 D/        (11191): [---null: -1---]     awsa  onActivityResumed
05-20 18:32:31.783 V/LauncherApplication(11191): 2MdmConstant.LAST_LAUNCH_TIME = 1400581944434
05-20 18:32:31.799 D/        (11191): [---null: -1---]  activity = com.pekall.emdm.ui.ActiveDeviceAdminActivity
05-20 18:32:31.900 I/ActivityManager(  374): Displayed com.pekall.emdm.launcher/com.pekall.emdm.ui.ActiveDeviceAdminActivity: +155ms
05-20 18:32:32.306 W/MountService(  374): getVolumeState(/storage/emulated/0/external_sd): Unknown volume
05-20 18:32:32.314 W/MountService(  374): getVolumeState(/mnt/sdcard-ext): Unknown volume
05-20 18:32:32.314 W/MountService(  374): getVolumeState(/mnt/ext_sdcard): Unknown volume
05-20 18:32:32.314 W/MountService(  374): getVolumeState(/mnt/sdcard2): Unknown volume
05-20 18:32:32.314 W/MountService(  374): getVolumeState(/mnt/emmc): Unknown volume
05-20 18:32:32.314 W/MountService(  374): getVolumeState(/mnt/extSdCard): Unknown volume
05-20 18:32:32.314 W/MountService(  374): getVolumeState(/mnt/sdcard/SD_CARD): Unknown volume
05-20 18:32:32.314 W/MountService(  374): getVolumeState(/mnt/sdcard/extra_sd): Unknown volume
05-20 18:32:32.314 W/MountService(  374): getVolumeState(/mnt/extrasd_bind): Unknown volume
05-20 18:32:32.314 W/MountService(  374): getVolumeState(/mnt/sdcard/ext_sd): Unknown volume
05-20 18:32:32.314 W/MountService(  374): getVolumeState(/storage/extSdCard): Unknown volume
05-20 18:32:32.314 W/MountService(  374): getVolumeState(/storage/sdcard1): Unknown volume
05-20 18:32:32.314 W/MountService(  374): getVolumeState(/mnt/sdcard/external_SD): Unknown volume
05-20 18:32:32.314 W/MountService(  374): getVolumeState(/mnt/sdcard/external_sd): Unknown volume
05-20 18:32:32.400 D/dalvikvm( 1468): GC_CONCURRENT freed 491K, 20% free 9759K/12104K, paused 6ms+16ms, total 61ms
05-20 18:32:32.439 I/QueryController(11068): Matched selector: UiSelector[TEXT=Active, CLASS=android.widget.Button] <<==>> [android.view.accessibility.AccessibilityNodeInfo@cc3e; boundsInParent: Rect(0, 0 - 660, 79); boundsInScreen: Rect(30, 502 - 690, 581); packageName: com.pekall.emdm.launcher; className: android.widget.Button; text: Active; contentDescription: null; viewIdResName: com.pekall.emdm.launcher:id/active_device_admin_button; checkable: false; checked: false; focusable: true; focused: false; selected: false; clickable: true; longClickable: false; enabled: true; password: false; scrollable: false; [ACTION_FOCUS, ACTION_SELECT, ACTION_CLEAR_SELECTION, ACTION_CLICK, ACTION_ACCESSIBILITY_FOCUS, ACTION_NEXT_AT_MOVEMENT_GRANULARITY, ACTION_PREVIOUS_AT_MOVEMENT_GRANULARITY, ACTION_SET_SELECTION]]
05-20 18:32:32.486 I/QueryController(11068): Matched selector: UiSelector[TEXT=Active, CLASS=android.widget.Button] <<==>> [android.view.accessibility.AccessibilityNodeInfo@cc3e; boundsInParent: Rect(0, 0 - 660, 79); boundsInScreen: Rect(30, 502 - 690, 581); packageName: com.pekall.emdm.launcher; className: android.widget.Button; text: Active; contentDescription: null; viewIdResName: com.pekall.emdm.launcher:id/active_device_admin_button; checkable: false; checked: false; focusable: true; focused: false; selected: false; clickable: true; longClickable: false; enabled: true; password: false; scrollable: false; [ACTION_FOCUS, ACTION_SELECT, ACTION_CLEAR_SELECTION, ACTION_CLICK, ACTION_ACCESSIBILITY_FOCUS, ACTION_NEXT_AT_MOVEMENT_GRANULARITY, ACTION_PREVIOUS_AT_MOVEMENT_GRANULARITY, ACTION_SET_SELECTION]]
05-20 18:32:32.494 D/InteractionController(11068): clickAndWaitForNewWindow(360, 541)
05-20 18:32:32.603 W/Parcel  ( 1661): Attempt to read object from Parcel 0x6003bdac at offset 200 that is not in the object list
05-20 18:32:32.603 I/ActivityManager(  374): START u0 {act=android.app.action.ADD_DEVICE_ADMIN cmp=com.android.settings/.DeviceAdminAdd (has extras)} from pid 11191
05-20 18:32:32.713 D/dalvikvm(  374): GC_FOR_ALLOC freed 471K, 24% free 21688K/28292K, paused 74ms, total 75ms
05-20 18:32:32.791 D/dalvikvm(  374): GC_FOR_ALLOC freed 749K, 25% free 21311K/28292K, paused 74ms, total 75ms
05-20 18:32:32.791 D/LauncherApplication(11191): [null:-1]->onActivityPaused
05-20 18:32:32.838 W/MountService(  374): getVolumeState(/storage/emulated/0/external_sd): Unknown volume
05-20 18:32:32.838 W/MountService(  374): getVolumeState(/mnt/sdcard-ext): Unknown volume
05-20 18:32:32.838 W/MountService(  374): getVolumeState(/mnt/ext_sdcard): Unknown volume
05-20 18:32:32.853 W/MountService(  374): getVolumeState(/mnt/sdcard2): Unknown volume
05-20 18:32:32.869 W/MountService(  374): getVolumeState(/mnt/emmc): Unknown volume
05-20 18:32:32.869 W/MountService(  374): getVolumeState(/mnt/extSdCard): Unknown volume
05-20 18:32:32.869 W/MountService(  374): getVolumeState(/mnt/sdcard/SD_CARD): Unknown volume
05-20 18:32:32.869 W/MountService(  374): getVolumeState(/mnt/sdcard/extra_sd): Unknown volume
05-20 18:32:32.869 W/MountService(  374): getVolumeState(/mnt/extrasd_bind): Unknown volume
05-20 18:32:32.869 W/MountService(  374): getVolumeState(/mnt/sdcard/ext_sd): Unknown volume
05-20 18:32:32.869 W/MountService(  374): getVolumeState(/storage/extSdCard): Unknown volume
05-20 18:32:32.869 W/MountService(  374): getVolumeState(/storage/sdcard1): Unknown volume
05-20 18:32:32.869 W/MountService(  374): getVolumeState(/mnt/sdcard/external_SD): Unknown volume
05-20 18:32:32.877 D/dalvikvm( 1468): GC_CONCURRENT freed 489K, 19% free 9847K/12104K, paused 33ms+8ms, total 93ms
05-20 18:32:32.877 D/dalvikvm( 1468): WAIT_FOR_CONCURRENT_GC blocked 13ms
05-20 18:32:32.877 W/MountService(  374): getVolumeState(/mnt/sdcard/external_sd): Unknown volume
05-20 18:32:32.885 D/dalvikvm( 1468): WAIT_FOR_CONCURRENT_GC blocked 3ms
05-20 18:32:33.033 D/dalvikvm( 2462): GC_FOR_ALLOC freed 433K, 8% free 9630K/10404K, paused 90ms, total 91ms
05-20 18:32:33.049 I/ActivityManager(  374): Displayed com.android.settings/.DeviceAdminAdd: +248ms
05-20 18:32:33.783 I/QueryController(11068): Matched selector: UiSelector[TEXT=Activate, CLASS=android.widget.Button] <<==>> [android.view.accessibility.AccessibilityNodeInfo@a0cf6; boundsInParent: Rect(0, 0 - 359, 96); boundsInScreen: Rect(361, 1088 - 720, 1184); packageName: com.android.settings; className: android.widget.Button; text: Activate; contentDescription: null; viewIdResName: com.android.settings:id/action_button; checkable: false; checked: false; focusable: true; focused: false; selected: false; clickable: true; longClickable: false; enabled: true; password: false; scrollable: false; [ACTION_FOCUS, ACTION_SELECT, ACTION_CLEAR_SELECTION, ACTION_CLICK, ACTION_ACCESSIBILITY_FOCUS, ACTION_NEXT_AT_MOVEMENT_GRANULARITY, ACTION_PREVIOUS_AT_MOVEMENT_GRANULARITY, ACTION_SET_SELECTION]]
05-20 18:32:33.806 I/QueryController(11068): Matched selector: UiSelector[TEXT=Activate, CLASS=android.widget.Button] <<==>> [android.view.accessibility.AccessibilityNodeInfo@a0cf6; boundsInParent: Rect(0, 0 - 359, 96); boundsInScreen: Rect(361, 1088 - 720, 1184); packageName: com.android.settings; className: android.widget.Button; text: Activate; contentDescription: null; viewIdResName: com.android.settings:id/action_button; checkable: false; checked: false; focusable: true; focused: false; selected: false; clickable: true; longClickable: false; enabled: true; password: false; scrollable: false; [ACTION_FOCUS, ACTION_SELECT, ACTION_CLEAR_SELECTION, ACTION_CLICK, ACTION_ACCESSIBILITY_FOCUS, ACTION_NEXT_AT_MOVEMENT_GRANULARITY, ACTION_PREVIOUS_AT_MOVEMENT_GRANULARITY, ACTION_SET_SELECTION]]
05-20 18:32:33.814 D/InteractionController(11068): clickAndWaitForNewWindow(540, 1136)
05-20 18:32:33.814 D/dalvikvm(11068): GC_CONCURRENT freed 367K, 93% free 639K/8064K, paused 2ms+1ms, total 10ms
05-20 18:32:33.947 D/MDM :   (11191): [null:-1]->onEnabled
05-20 18:32:33.947 I/dalvikvm(11191): Could not find method android.app.enterprise.license.EnterpriseLicenseManager.getInstance, referenced from method com.pekall.emdm.b.b.a.<init>
05-20 18:32:33.947 W/dalvikvm(11191): VFY: unable to resolve static method 1420: Landroid/app/enterprise/license/EnterpriseLicenseManager;.getInstance (Landroid/content/Context;)Landroid/app/enterprise/license/EnterpriseLicenseManager;
05-20 18:32:33.947 D/dalvikvm(11191): VFY: replacing opcode 0x71 at 0x0008
05-20 18:32:33.947 I/dalvikvm(11191): Could not find method android.app.enterprise.EnterpriseDeviceManager.getRestrictionPolicy, referenced from method com.pekall.emdm.b.b.a.A
05-20 18:32:33.947 W/dalvikvm(11191): VFY: unable to resolve virtual method 1371: Landroid/app/enterprise/EnterpriseDeviceManager;.getRestrictionPolicy ()Landroid/app/enterprise/RestrictionPolicy;
05-20 18:32:33.947 D/dalvikvm(11191): VFY: replacing opcode 0x6e at 0x000a
05-20 18:32:33.947 I/dalvikvm(11191): Could not find method android.app.enterprise.EnterpriseDeviceManager.getRestrictionPolicy, referenced from method com.pekall.emdm.b.b.a.B
05-20 18:32:33.947 W/dalvikvm(11191): VFY: unable to resolve virtual method 1371: Landroid/app/enterprise/EnterpriseDeviceManager;.getRestrictionPolicy ()Landroid/app/enterprise/RestrictionPolicy;
05-20 18:32:33.947 D/dalvikvm(11191): VFY: replacing opcode 0x6e at 0x000a
05-20 18:32:33.947 I/dalvikvm(11191): Could not find method android.app.enterprise.EnterpriseDeviceManager.getRestrictionPolicy, referenced from method com.pekall.emdm.b.b.a.C
05-20 18:32:33.947 W/dalvikvm(11191): VFY: unable to resolve virtual method 1371: Landroid/app/enterprise/EnterpriseDeviceManager;.getRestrictionPolicy ()Landroid/app/enterprise/RestrictionPolicy;
05-20 18:32:33.947 D/dalvikvm(11191): VFY: replacing opcode 0x6e at 0x000a
05-20 18:32:33.947 I/dalvikvm(11191): Could not find method android.app.enterprise.EnterpriseDeviceManager.getApplicationPolicy, referenced from method com.pekall.emdm.b.b.a.D
05-20 18:32:33.947 W/dalvikvm(11191): VFY: unable to resolve virtual method 1364: Landroid/app/enterprise/EnterpriseDeviceManager;.getApplicationPolicy ()Landroid/app/enterprise/ApplicationPolicy;
05-20 18:32:33.947 D/dalvikvm(11191): VFY: replacing opcode 0x6e at 0x000a
05-20 18:32:33.947 I/dalvikvm(11191): Could not find method android.app.enterprise.EnterpriseDeviceManager.getApplicationPolicy, referenced from method com.pekall.emdm.b.b.a.E
05-20 18:32:33.947 W/dalvikvm(11191): VFY: unable to resolve virtual method 1364: Landroid/app/enterprise/EnterpriseDeviceManager;.getApplicationPolicy ()Landroid/app/enterprise/ApplicationPolicy;
05-20 18:32:33.947 D/dalvikvm(11191): VFY: replacing opcode 0x6e at 0x000a
05-20 18:32:33.955 I/dalvikvm(11191): Could not find method android.app.enterprise.EnterpriseDeviceManager.getApplicationPolicy, referenced from method com.pekall.emdm.b.b.a.F
05-20 18:32:33.955 W/dalvikvm(11191): VFY: unable to resolve virtual method 1364: Landroid/app/enterprise/EnterpriseDeviceManager;.getApplicationPolicy ()Landroid/app/enterprise/ApplicationPolicy;
05-20 18:32:33.955 D/dalvikvm(11191): VFY: replacing opcode 0x6e at 0x000a
05-20 18:32:33.955 I/dalvikvm(11191): Could not find method android.app.enterprise.EnterpriseDeviceManager.getApplicationPolicy, referenced from method com.pekall.emdm.b.b.a.G
05-20 18:32:33.955 W/dalvikvm(11191): VFY: unable to resolve virtual method 1364: Landroid/app/enterprise/EnterpriseDeviceManager;.getApplicationPolicy ()Landroid/app/enterprise/ApplicationPolicy;
05-20 18:32:33.955 D/dalvikvm(11191): VFY: replacing opcode 0x6e at 0x000a
05-20 18:32:33.955 I/dalvikvm(11191): Could not find method android.app.enterprise.EnterpriseDeviceManager.getRestrictionPolicy, referenced from method com.pekall.emdm.b.b.a.H
05-20 18:32:33.955 W/dalvikvm(11191): VFY: unable to resolve virtual method 1371: Landroid/app/enterprise/EnterpriseDeviceManager;.getRestrictionPolicy ()Landroid/app/enterprise/RestrictionPolicy;
05-20 18:32:33.955 D/dalvikvm(11191): VFY: replacing opcode 0x6e at 0x000a
05-20 18:32:33.955 I/dalvikvm(11191): Could not find method android.app.enterprise.EnterpriseDeviceManager.getPhoneRestrictionPolicy, referenced from method com.pekall.emdm.b.b.a.I
05-20 18:32:33.955 W/dalvikvm(11191): VFY: unable to resolve virtual method 1370: Landroid/app/enterprise/EnterpriseDeviceManager;.getPhoneRestrictionPolicy ()Landroid/app/enterprise/PhoneRestrictionPolicy;
05-20 18:32:33.955 D/dalvikvm(11191): VFY: replacing opcode 0x6e at 0x0003
05-20 18:32:33.955 I/dalvikvm(11191): Could not find method android.app.enterprise.EnterpriseDeviceManager.getPhoneRestrictionPolicy, referenced from method com.pekall.emdm.b.b.a.J
05-20 18:32:33.955 W/dalvikvm(11191): VFY: unable to resolve virtual method 1370: Landroid/app/enterprise/EnterpriseDeviceManager;.getPhoneRestrictionPolicy ()Landroid/app/enterprise/PhoneRestrictionPolicy;
05-20 18:32:33.955 D/dalvikvm(11191): VFY: replacing opcode 0x6e at 0x000a
05-20 18:32:33.955 I/dalvikvm(11191): Could not find method android.app.enterprise.EnterpriseDeviceManager.getPhoneRestrictionPolicy, referenced from method com.pekall.emdm.b.b.a.K
05-20 18:32:33.955 W/dalvikvm(11191): VFY: unable to resolve virtual method 1370: Landroid/app/enterprise/EnterpriseDeviceManager;.getPhoneRestrictionPolicy ()Landroid/app/enterprise/PhoneRestrictionPolicy;
05-20 18:32:33.955 D/dalvikvm(11191): VFY: replacing opcode 0x6e at 0x000a
05-20 18:32:33.955 I/dalvikvm(11191): Could not find method android.app.enterprise.EnterpriseDeviceManager.getPhoneRestrictionPolicy, referenced from method com.pekall.emdm.b.b.a.L
05-20 18:32:33.955 W/dalvikvm(11191): VFY: unable to resolve virtual method 1370: Landroid/app/enterprise/EnterpriseDeviceManager;.getPhoneRestrictionPolicy ()Landroid/app/enterprise/PhoneRestrictionPolicy;
05-20 18:32:33.955 D/dalvikvm(11191): VFY: replacing opcode 0x6e at 0x000a
05-20 18:32:33.955 I/dalvikvm(11191): Could not find method android.app.enterprise.EnterpriseDeviceManager.getRestrictionPolicy, referenced from method com.pekall.emdm.b.b.a.M
05-20 18:32:33.955 W/dalvikvm(11191): VFY: unable to resolve virtual method 1371: Landroid/app/enterprise/EnterpriseDeviceManager;.getRestrictionPolicy ()Landroid/app/enterprise/RestrictionPolicy;
05-20 18:32:33.955 D/dalvikvm(11191): VFY: replacing opcode 0x6e at 0x000a
05-20 18:32:33.955 I/dalvikvm(11191): Could not find method android.app.enterprise.EnterpriseDeviceManager.getRoamingPolicy, referenced from method com.pekall.emdm.b.b.a.N
05-20 18:32:33.955 W/dalvikvm(11191): VFY: unable to resolve virtual method 1372: Landroid/app/enterprise/EnterpriseDeviceManager;.getRoamingPolicy ()Landroid/app/enterprise/RoamingPolicy;
05-20 18:32:33.955 D/dalvikvm(11191): VFY: replacing opcode 0x6e at 0x000a
05-20 18:32:33.955 I/dalvikvm(11191): Could not find method android.app.enterprise.EnterpriseDeviceManager.getRoamingPolicy, referenced from method com.pekall.emdm.b.b.a.O
05-20 18:32:33.955 W/dalvikvm(11191): VFY: unable to resolve virtual method 1372: Landroid/app/enterprise/EnterpriseDeviceManager;.getRoamingPolicy ()Landroid/app/enterprise/RoamingPolicy;
05-20 18:32:33.955 D/dalvikvm(11191): VFY: replacing opcode 0x6e at 0x000a
05-20 18:32:33.963 I/dalvikvm(11191): Could not find method android.app.enterprise.EnterpriseDeviceManager.getRoamingPolicy, referenced from method com.pekall.emdm.b.b.a.P
05-20 18:32:33.963 W/dalvikvm(11191): VFY: unable to resolve virtual method 1372: Landroid/app/enterprise/EnterpriseDeviceManager;.getRoamingPolicy ()Landroid/app/enterprise/RoamingPolicy;
05-20 18:32:33.963 D/dalvikvm(11191): VFY: replacing opcode 0x6e at 0x000a
05-20 18:32:33.963 I/dalvikvm(11191): Could not find method android.app.enterprise.EnterpriseDeviceManager.getWifiPolicy, referenced from method com.pekall.emdm.b.b.a.a
05-20 18:32:33.963 W/dalvikvm(11191): VFY: unable to resolve virtual method 1374: Landroid/app/enterprise/EnterpriseDeviceManager;.getWifiPolicy ()Landroid/app/enterprise/WifiPolicy;
05-20 18:32:33.963 D/dalvikvm(11191): VFY: replacing opcode 0x6e at 0x000e
05-20 18:32:33.963 I/dalvikvm(11191): Could not find method android.app.enterprise.EnterpriseDeviceManager.getSecurityPolicy, referenced from method com.pekall.emdm.b.b.a.a
05-20 18:32:33.963 W/dalvikvm(11191): VFY: unable to resolve virtual method 1373: Landroid/app/enterprise/EnterpriseDeviceManager;.getSecurityPolicy ()Landroid/app/enterprise/SecurityPolicy;
05-20 18:32:33.963 D/dalvikvm(11191): VFY: replacing opcode 0x6e at 0x0015
05-20 18:32:33.963 I/dalvikvm(11191): Could not find method android.app.enterprise.EnterpriseDeviceManager.getApplicationPolicy, referenced from method com.pekall.emdm.b.b.a.a
05-20 18:32:33.963 W/dalvikvm(11191): VFY: unable to resolve virtual method 1364: Landroid/app/enterprise/EnterpriseDeviceManager;.getApplicationPolicy ()Landroid/app/enterprise/ApplicationPolicy;
05-20 18:32:33.963 D/dalvikvm(11191): VFY: replacing opcode 0x6e at 0x000a
05-20 18:32:33.971 I/dalvikvm(11191): Could not find method android.app.enterprise.EnterpriseDeviceManager.getWifiPolicy, referenced from method com.pekall.emdm.b.b.a.a
05-20 18:32:33.971 W/dalvikvm(11191): VFY: unable to resolve virtual method 1374: Landroid/app/enterprise/EnterpriseDeviceManager;.getWifiPolicy ()Landroid/app/enterprise/WifiPolicy;
05-20 18:32:33.971 D/dalvikvm(11191): VFY: replacing opcode 0x6e at 0x000b
05-20 18:32:33.971 I/dalvikvm(11191): Could not find method android.app.enterprise.EnterpriseDeviceManager.getRestrictionPolicy, referenced from method com.pekall.emdm.b.b.a.a
05-20 18:32:33.971 W/dalvikvm(11191): VFY: unable to resolve virtual method 1371: Landroid/app/enterprise/EnterpriseDeviceManager;.getRestrictionPolicy ()Landroid/app/enterprise/RestrictionPolicy;
05-20 18:32:33.971 D/dalvikvm(11191): VFY: replacing opcode 0x6e at 0x000a
05-20 18:32:33.971 I/dalvikvm(11191): Could not find method android.app.enterprise.EnterpriseDeviceManager.getBluetoothPolicy, referenced from method com.pekall.emdm.b.b.a.a
05-20 18:32:33.971 W/dalvikvm(11191): VFY: unable to resolve virtual method 1365: Landroid/app/enterprise/EnterpriseDeviceManager;.getBluetoothPolicy ()Landroid/app/enterprise/BluetoothPolicy;
05-20 18:32:33.971 D/dalvikvm(11191): VFY: replacing opcode 0x6e at 0x000a
05-20 18:32:33.971 I/dalvikvm(11191): Could not find method android.app.enterprise.EnterpriseDeviceManager.getSecurityPolicy, referenced from method com.pekall.emdm.b.b.a.b
05-20 18:32:33.971 W/dalvikvm(11191): VFY: unable to resolve virtual method 1373: Landroid/app/enterprise/EnterpriseDeviceManager;.getSecurityPolicy ()Landroid/app/enterprise/SecurityPolicy;
05-20 18:32:33.971 D/dalvikvm(11191): VFY: replacing opcode 0x6e at 0x0015
05-20 18:32:33.971 I/dalvikvm(11191): Could not find method android.app.enterprise.EnterpriseDeviceManager.getWifiPolicy, referenced from method com.pekall.emdm.b.b.a.b
05-20 18:32:33.971 W/dalvikvm(11191): VFY: unable to resolve virtual method 1374: Landroid/app/enterprise/EnterpriseDeviceManager;.getWifiPolicy ()Landroid/app/enterprise/WifiPolicy;
05-20 18:32:33.971 D/dalvikvm(11191): VFY: replacing opcode 0x6e at 0x000b
05-20 18:32:33.971 I/dalvikvm(11191): Could not find method android.app.enterprise.EnterpriseDeviceManager.getDateTimePolicy, referenced from method com.pekall.emdm.b.b.a.b
05-20 18:32:33.971 W/dalvikvm(11191): VFY: unable to resolve virtual method 1366: Landroid/app/enterprise/EnterpriseDeviceManager;.getDateTimePolicy ()Landroid/app/enterprise/DateTimePolicy;
05-20 18:32:33.971 D/dalvikvm(11191): VFY: replacing opcode 0x6e at 0x000a
05-20 18:32:33.978 I/dalvikvm(11191): Could not find method android.app.enterprise.EnterpriseDeviceManager.getWifiPolicy, referenced from method com.pekall.emdm.b.b.a.c
05-20 18:32:33.978 W/dalvikvm(11191): VFY: unable to resolve virtual method 1374: Landroid/app/enterprise/EnterpriseDeviceManager;.getWifiPolicy ()Landroid/app/enterprise/WifiPolicy;
05-20 18:32:33.978 D/dalvikvm(11191): VFY: replacing opcode 0x6e at 0x000a
05-20 18:32:33.978 I/dalvikvm(11191): Could not find method android.app.enterprise.EnterpriseDeviceManager.getRestrictionPolicy, referenced from method com.pekall.emdm.b.b.a.c
05-20 18:32:33.978 W/dalvikvm(11191): VFY: unable to resolve virtual method 1371: Landroid/app/enterprise/EnterpriseDeviceManager;.getRestrictionPolicy ()Landroid/app/enterprise/RestrictionPolicy;
05-20 18:32:33.978 D/dalvikvm(11191): VFY: replacing opcode 0x6e at 0x000a
05-20 18:32:33.978 I/dalvikvm(11191): Could not find method android.app.enterprise.EnterpriseDeviceManager.getWifiPolicy, referenced from method com.pekall.emdm.b.b.a.d
05-20 18:32:33.978 W/dalvikvm(11191): VFY: unable to resolve virtual method 1374: Landroid/app/enterprise/EnterpriseDeviceManager;.getWifiPolicy ()Landroid/app/enterprise/WifiPolicy;
05-20 18:32:33.978 D/dalvikvm(11191): VFY: replacing opcode 0x6e at 0x000a
05-20 18:32:33.978 I/dalvikvm(11191): Could not find method android.app.enterprise.EnterpriseDeviceManager.getRestrictionPolicy, referenced from method com.pekall.emdm.b.b.a.d
05-20 18:32:33.978 W/dalvikvm(11191): VFY: unable to resolve virtual method 1371: Landroid/app/enterprise/EnterpriseDeviceManager;.getRestrictionPolicy ()Landroid/app/enterprise/RestrictionPolicy;
05-20 18:32:33.978 D/dalvikvm(11191): VFY: replacing opcode 0x6e at 0x000a
05-20 18:32:33.978 I/dalvikvm(11191): Could not find method android.app.enterprise.EnterpriseDeviceManager.getLocationPolicy, referenced from method com.pekall.emdm.b.b.a.e
05-20 18:32:33.978 W/dalvikvm(11191): VFY: unable to resolve virtual method 1368: Landroid/app/enterprise/EnterpriseDeviceManager;.getLocationPolicy ()Landroid/app/enterprise/LocationPolicy;
05-20 18:32:33.978 D/dalvikvm(11191): VFY: replacing opcode 0x6e at 0x000a
05-20 18:32:33.986 I/dalvikvm(11191): Could not find method android.app.enterprise.EnterpriseDeviceManager.getRestrictionPolicy, referenced from method com.pekall.emdm.b.b.a.f
05-20 18:32:33.986 W/dalvikvm(11191): VFY: unable to resolve virtual method 1371: Landroid/app/enterprise/EnterpriseDeviceManager;.getRestrictionPolicy ()Landroid/app/enterprise/RestrictionPolicy;
05-20 18:32:33.986 D/dalvikvm(11191): VFY: replacing opcode 0x6e at 0x000a
05-20 18:32:33.986 I/dalvikvm(11191): Could not find method android.app.enterprise.EnterpriseDeviceManager.getWifiPolicy, referenced from method com.pekall.emdm.b.b.a.g
05-20 18:32:33.986 W/dalvikvm(11191): VFY: unable to resolve virtual method 1374: Landroid/app/enterprise/EnterpriseDeviceManager;.getWifiPolicy ()Landroid/app/enterprise/WifiPolicy;
05-20 18:32:33.986 D/dalvikvm(11191): VFY: replacing opcode 0x6e at 0x000a
05-20 18:32:33.986 I/dalvikvm(11191): Could not find method android.app.enterprise.EnterpriseDeviceManager.getRestrictionPolicy, referenced from method com.pekall.emdm.b.b.a.h
05-20 18:32:33.986 W/dalvikvm(11191): VFY: unable to resolve virtual method 1371: Landroid/app/enterprise/EnterpriseDeviceManager;.getRestrictionPolicy ()Landroid/app/enterprise/RestrictionPolicy;
05-20 18:32:33.986 D/dalvikvm(11191): VFY: replacing opcode 0x6e at 0x000a
05-20 18:32:33.986 I/dalvikvm(11191): Could not find method android.app.enterprise.EnterpriseDeviceManager.getRestrictionPolicy, referenced from method com.pekall.emdm.b.b.a.i
05-20 18:32:33.986 W/dalvikvm(11191): VFY: unable to resolve virtual method 1371: Landroid/app/enterprise/EnterpriseDeviceManager;.getRestrictionPolicy ()Landroid/app/enterprise/RestrictionPolicy;
05-20 18:32:33.986 D/dalvikvm(11191): VFY: replacing opcode 0x6e at 0x000a
05-20 18:32:33.986 I/dalvikvm(11191): Could not find method android.app.enterprise.EnterpriseDeviceManager.getPhoneRestrictionPolicy, referenced from method com.pekall.emdm.b.b.a.j
05-20 18:32:33.986 W/dalvikvm(11191): VFY: unable to resolve virtual method 1370: Landroid/app/enterprise/EnterpriseDeviceManager;.getPhoneRestrictionPolicy ()Landroid/app/enterprise/PhoneRestrictionPolicy;
05-20 18:32:33.986 D/dalvikvm(11191): VFY: replacing opcode 0x6e at 0x000a
05-20 18:32:33.986 I/dalvikvm(11191): Could not find method android.app.enterprise.EnterpriseDeviceManager.getWifiPolicy, referenced from method com.pekall.emdm.b.b.a.k
05-20 18:32:33.986 W/dalvikvm(11191): VFY: unable to resolve virtual method 1374: Landroid/app/enterprise/EnterpriseDeviceManager;.getWifiPolicy ()Landroid/app/enterprise/WifiPolicy;
05-20 18:32:33.986 D/dalvikvm(11191): VFY: replacing opcode 0x6e at 0x000a
05-20 18:32:33.994 I/dalvikvm(11191): Could not find method android.app.enterprise.EnterpriseDeviceManager.getRestrictionPolicy, referenced from method com.pekall.emdm.b.b.a.l
05-20 18:32:33.994 W/dalvikvm(11191): VFY: unable to resolve virtual method 1371: Landroid/app/enterprise/EnterpriseDeviceManager;.getRestrictionPolicy ()Landroid/app/enterprise/RestrictionPolicy;
05-20 18:32:33.994 D/dalvikvm(11191): VFY: replacing opcode 0x6e at 0x000a
05-20 18:32:33.994 I/dalvikvm(11191): Could not find method android.app.enterprise.EnterpriseDeviceManager.getBluetoothPolicy, referenced from method com.pekall.emdm.b.b.a.m
05-20 18:32:33.994 W/dalvikvm(11191): VFY: unable to resolve virtual method 1365: Landroid/app/enterprise/EnterpriseDeviceManager;.getBluetoothPolicy ()Landroid/app/enterprise/BluetoothPolicy;
05-20 18:32:33.994 D/dalvikvm(11191): VFY: replacing opcode 0x6e at 0x000a
05-20 18:32:34.002 I/dalvikvm(11191): Could not find method android.app.enterprise.EnterpriseDeviceManager.getBluetoothPolicy, referenced from method com.pekall.emdm.b.b.a.n
05-20 18:32:34.002 W/dalvikvm(11191): VFY: unable to resolve virtual method 1365: Landroid/app/enterprise/EnterpriseDeviceManager;.getBluetoothPolicy ()Landroid/app/enterprise/BluetoothPolicy;
05-20 18:32:34.002 D/dalvikvm(11191): VFY: replacing opcode 0x6e at 0x000a
05-20 18:32:34.002 I/dalvikvm(11191): Could not find method android.app.enterprise.EnterpriseDeviceManager.getBluetoothPolicy, referenced from method com.pekall.emdm.b.b.a.o
05-20 18:32:34.002 W/dalvikvm(11191): VFY: unable to resolve virtual method 1365: Landroid/app/enterprise/EnterpriseDeviceManager;.getBluetoothPolicy ()Landroid/app/enterprise/BluetoothPolicy;
05-20 18:32:34.002 D/dalvikvm(11191): VFY: replacing opcode 0x6e at 0x000a
05-20 18:32:34.002 I/dalvikvm(11191): Could not find method android.app.enterprise.EnterpriseDeviceManager.getBluetoothPolicy, referenced from method com.pekall.emdm.b.b.a.p
05-20 18:32:34.002 W/dalvikvm(11191): VFY: unable to resolve virtual method 1365: Landroid/app/enterprise/EnterpriseDeviceManager;.getBluetoothPolicy ()Landroid/app/enterprise/BluetoothPolicy;
05-20 18:32:34.002 D/dalvikvm(11191): VFY: replacing opcode 0x6e at 0x000a
05-20 18:32:34.002 I/dalvikvm(11191): Could not find method android.app.enterprise.EnterpriseDeviceManager.getRestrictionPolicy, referenced from method com.pekall.emdm.b.b.a.q
05-20 18:32:34.010 W/dalvikvm(11191): VFY: unable to resolve virtual method 1371: Landroid/app/enterprise/EnterpriseDeviceManager;.getRestrictionPolicy ()Landroid/app/enterprise/RestrictionPolicy;
05-20 18:32:34.010 D/dalvikvm(11191): VFY: replacing opcode 0x6e at 0x000a
05-20 18:32:34.010 I/dalvikvm(11191): Could not find method android.app.enterprise.EnterpriseDeviceManager.getBluetoothPolicy, referenced from method com.pekall.emdm.b.b.a.r
05-20 18:32:34.010 W/dalvikvm(11191): VFY: unable to resolve virtual method 1365: Landroid/app/enterprise/EnterpriseDeviceManager;.getBluetoothPolicy ()Landroid/app/enterprise/BluetoothPolicy;
05-20 18:32:34.010 D/dalvikvm(11191): VFY: replacing opcode 0x6e at 0x000a
05-20 18:32:34.010 I/dalvikvm(11191): Could not find method android.app.enterprise.EnterpriseDeviceManager.getRestrictionPolicy, referenced from method com.pekall.emdm.b.b.a.s
05-20 18:32:34.010 W/dalvikvm(11191): VFY: unable to resolve virtual method 1371: Landroid/app/enterprise/EnterpriseDeviceManager;.getRestrictionPolicy ()Landroid/app/enterprise/RestrictionPolicy;
05-20 18:32:34.010 D/dalvikvm(11191): VFY: replacing opcode 0x6e at 0x000a
05-20 18:32:34.010 I/dalvikvm(11191): Could not find method android.app.enterprise.EnterpriseDeviceManager.getRestrictionPolicy, referenced from method com.pekall.emdm.b.b.a.t
05-20 18:32:34.010 W/dalvikvm(11191): VFY: unable to resolve virtual method 1371: Landroid/app/enterprise/EnterpriseDeviceManager;.getRestrictionPolicy ()Landroid/app/enterprise/RestrictionPolicy;
05-20 18:32:34.010 D/dalvikvm(11191): VFY: replacing opcode 0x6e at 0x000a
05-20 18:32:34.010 I/dalvikvm(11191): Could not find method android.app.enterprise.EnterpriseDeviceManager.getRestrictionPolicy, referenced from method com.pekall.emdm.b.b.a.u
05-20 18:32:34.010 W/dalvikvm(11191): VFY: unable to resolve virtual method 1371: Landroid/app/enterprise/EnterpriseDeviceManager;.getRestrictionPolicy ()Landroid/app/enterprise/RestrictionPolicy;
05-20 18:32:34.010 D/dalvikvm(11191): VFY: replacing opcode 0x6e at 0x000a
05-20 18:32:34.017 I/dalvikvm(11191): Could not find method android.app.enterprise.EnterpriseDeviceManager.getRestrictionPolicy, referenced from method com.pekall.emdm.b.b.a.v
05-20 18:32:34.017 W/dalvikvm(11191): VFY: unable to resolve virtual method 1371: Landroid/app/enterprise/EnterpriseDeviceManager;.getRestrictionPolicy ()Landroid/app/enterprise/RestrictionPolicy;
05-20 18:32:34.017 D/dalvikvm(11191): VFY: replacing opcode 0x6e at 0x000a
05-20 18:32:34.017 I/dalvikvm(11191): Could not find method android.app.enterprise.EnterpriseDeviceManager.getRestrictionPolicy, referenced from method com.pekall.emdm.b.b.a.w
05-20 18:32:34.017 W/dalvikvm(11191): VFY: unable to resolve virtual method 1371: Landroid/app/enterprise/EnterpriseDeviceManager;.getRestrictionPolicy ()Landroid/app/enterprise/RestrictionPolicy;
05-20 18:32:34.017 D/dalvikvm(11191): VFY: replacing opcode 0x6e at 0x000a
05-20 18:32:34.017 I/dalvikvm(11191): Could not find method android.app.enterprise.EnterpriseDeviceManager.getRestrictionPolicy, referenced from method com.pekall.emdm.b.b.a.x
05-20 18:32:34.017 W/dalvikvm(11191): VFY: unable to resolve virtual method 1371: Landroid/app/enterprise/EnterpriseDeviceManager;.getRestrictionPolicy ()Landroid/app/enterprise/RestrictionPolicy;
05-20 18:32:34.017 D/dalvikvm(11191): VFY: replacing opcode 0x6e at 0x000a
05-20 18:32:34.017 I/dalvikvm(11191): Could not find method android.app.enterprise.EnterpriseDeviceManager.getPasswordPolicy, referenced from method com.pekall.emdm.b.b.a.y
05-20 18:32:34.017 W/dalvikvm(11191): VFY: unable to resolve virtual method 1369: Landroid/app/enterprise/EnterpriseDeviceManager;.getPasswordPolicy ()Landroid/app/enterprise/PasswordPolicy;
05-20 18:32:34.017 D/dalvikvm(11191): VFY: replacing opcode 0x6e at 0x000a
05-20 18:32:34.025 I/dalvikvm(11191): Could not find method android.app.enterprise.EnterpriseDeviceManager.getRestrictionPolicy, referenced from method com.pekall.emdm.b.b.a.z
05-20 18:32:34.025 W/dalvikvm(11191): VFY: unable to resolve virtual method 1371: Landroid/app/enterprise/EnterpriseDeviceManager;.getRestrictionPolicy ()Landroid/app/enterprise/RestrictionPolicy;
05-20 18:32:34.025 D/dalvikvm(11191): VFY: replacing opcode 0x6e at 0x000a
05-20 18:32:34.033 D/dalvikvm(  374): GC_FOR_ALLOC freed 457K, 24% free 21693K/28292K, paused 74ms, total 74ms
05-20 18:32:34.103 D/dalvikvm(  374): GC_FOR_ALLOC freed 758K, 25% free 21306K/28292K, paused 66ms, total 66ms
05-20 18:32:34.135 W/Parcel  ( 1661): Attempt to read object from Parcel 0x6013bdac at offset 200 that is not in the object list
05-20 18:32:34.135 I/ActivityManager(  374): START u0 {cmp=com.pekall.emdm.launcher/com.pekall.emdm.ui.RegDeviceActivity} from pid 11191
05-20 18:32:34.150 V/LauncherApplication(11191): onActivityStarted
05-20 18:32:34.252 D/        (11191): [---null: -1---]     awsa  onActivityResumed
05-20 18:32:34.252 V/LauncherApplication(11191): 2MdmConstant.LAST_LAUNCH_TIME = 1400581944434
05-20 18:32:34.260 D/        (11191): [---null: -1---]  activity = com.pekall.emdm.ui.RegDeviceActivity
05-20 18:32:34.533 I/ActivityManager(  374): Displayed com.pekall.emdm.launcher/com.pekall.emdm.ui.RegDeviceActivity: +394ms
05-20 18:32:38.080 I/QueryController(11068): Matched selector: UiSelector[TEXT=Server, ENABLED=true] <<==>> [android.view.accessibility.AccessibilityNodeInfo@e2c7; boundsInParent: Rect(0, 0 - 621, 76); boundsInScreen: Rect(49, 280 - 670, 356); packageName: com.pekall.emdm.launcher; className: android.widget.EditText; text: Server; contentDescription: null; viewIdResName: com.pekall.emdm.launcher:id/mdm_edit; checkable: false; checked: false; focusable: true; focused: true; selected: false; clickable: true; longClickable: true; enabled: true; password: false; scrollable: false; [ACTION_CLEAR_FOCUS, ACTION_SELECT, ACTION_CLEAR_SELECTION, ACTION_CLICK, ACTION_LONG_CLICK, ACTION_ACCESSIBILITY_FOCUS]]
05-20 18:32:38.088 I/QueryController(11068): Matched selector: UiSelector[TEXT=Server] <<==>> [android.view.accessibility.AccessibilityNodeInfo@e2c7; boundsInParent: Rect(0, 0 - 621, 76); boundsInScreen: Rect(49, 280 - 670, 356); packageName: com.pekall.emdm.launcher; className: android.widget.EditText; text: Server; contentDescription: null; viewIdResName: com.pekall.emdm.launcher:id/mdm_edit; checkable: false; checked: false; focusable: true; focused: true; selected: false; clickable: true; longClickable: true; enabled: true; password: false; scrollable: false; [ACTION_CLEAR_FOCUS, ACTION_SELECT, ACTION_CLEAR_SELECTION, ACTION_CLICK, ACTION_LONG_CLICK, ACTION_ACCESSIBILITY_FOCUS]]
05-20 18:32:40.377 I/QueryController(11068): Matched selector: UiSelector[TEXT=Server] <<==>> [android.view.accessibility.AccessibilityNodeInfo@e2c7; boundsInParent: Rect(0, 0 - 621, 76); boundsInScreen: Rect(49, 280 - 670, 356); packageName: com.pekall.emdm.launcher; className: android.widget.EditText; text: Server; contentDescription: null; viewIdResName: com.pekall.emdm.launcher:id/mdm_edit; checkable: false; checked: false; focusable: true; focused: true; selected: false; clickable: true; longClickable: true; enabled: true; password: false; scrollable: false; [ACTION_CLEAR_FOCUS, ACTION_SELECT, ACTION_CLEAR_SELECTION, ACTION_CLICK, ACTION_LONG_CLICK, ACTION_ACCESSIBILITY_FOCUS]]
05-20 18:32:41.510 D/dalvikvm( 2462): GC_CONCURRENT freed 281K, 7% free 9740K/10404K, paused 3ms+2ms, total 20ms
05-20 18:32:43.681 I/QueryController(11068): Matched selector: UiSelector[TEXT=Please input email address, ENABLED=true] <<==>> [android.view.accessibility.AccessibilityNodeInfo@12659; boundsInParent: Rect(0, 0 - 621, 76); boundsInScreen: Rect(49, 420 - 670, 496); packageName: com.pekall.emdm.launcher; className: android.widget.EditText; text: Please input email address; contentDescription: null; viewIdResName: com.pekall.emdm.launcher:id/mdm_edit; checkable: false; checked: false; focusable: true; focused: false; selected: false; clickable: true; longClickable: true; enabled: true; password: false; scrollable: false; [ACTION_FOCUS, ACTION_SELECT, ACTION_CLEAR_SELECTION, ACTION_CLICK, ACTION_LONG_CLICK, ACTION_ACCESSIBILITY_FOCUS]]
05-20 18:32:43.697 I/QueryController(11068): Matched selector: UiSelector[TEXT=Please input email address] <<==>> [android.view.accessibility.AccessibilityNodeInfo@12659; boundsInParent: Rect(0, 0 - 621, 76); boundsInScreen: Rect(49, 420 - 670, 496); packageName: com.pekall.emdm.launcher; className: android.widget.EditText; text: Please input email address; contentDescription: null; viewIdResName: com.pekall.emdm.launcher:id/mdm_edit; checkable: false; checked: false; focusable: true; focused: false; selected: false; clickable: true; longClickable: true; enabled: true; password: false; scrollable: false; [ACTION_FOCUS, ACTION_SELECT, ACTION_CLEAR_SELECTION, ACTION_CLICK, ACTION_LONG_CLICK, ACTION_ACCESSIBILITY_FOCUS]]
05-20 18:32:43.705 D/dalvikvm(11068): GC_CONCURRENT freed 400K, 92% free 659K/7476K, paused 0ms+4ms, total 11ms
05-20 18:32:46.088 I/QueryController(11068): Matched selector: UiSelector[TEXT=Please input email address] <<==>> [android.view.accessibility.AccessibilityNodeInfo@12659; boundsInParent: Rect(0, 0 - 621, 76); boundsInScreen: Rect(49, 420 - 670, 496); packageName: com.pekall.emdm.launcher; className: android.widget.EditText; text: Please input email address; contentDescription: null; viewIdResName: com.pekall.emdm.launcher:id/mdm_edit; checkable: false; checked: false; focusable: true; focused: true; selected: false; clickable: true; longClickable: true; enabled: true; password: false; scrollable: false; [ACTION_CLEAR_FOCUS, ACTION_SELECT, ACTION_CLEAR_SELECTION, ACTION_CLICK, ACTION_LONG_CLICK, ACTION_ACCESSIBILITY_FOCUS]]
05-20 18:32:49.478 I/QueryController(11068): Matched selector: UiSelector[CLASS=android.widget.EditText, INSTANCE=2, ENABLED=true, COUNT=2] <<==>> [android.view.accessibility.AccessibilityNodeInfo@12298; boundsInParent: Rect(0, 0 - 621, 76); boundsInScreen: Rect(49, 560 - 670, 636); packageName: com.pekall.emdm.launcher; className: android.widget.EditText; text: null; contentDescription: null; viewIdResName: com.pekall.emdm.launcher:id/mdm_edit; checkable: false; checked: false; focusable: true; focused: false; selected: false; clickable: true; longClickable: true; enabled: true; password: true; scrollable: false; [ACTION_FOCUS, ACTION_SELECT, ACTION_CLEAR_SELECTION, ACTION_CLICK, ACTION_LONG_CLICK, ACTION_ACCESSIBILITY_FOCUS]]
05-20 18:32:49.494 I/QueryController(11068): Matched selector: UiSelector[CLASS=android.widget.EditText, INSTANCE=2, COUNT=2] <<==>> [android.view.accessibility.AccessibilityNodeInfo@12298; boundsInParent: Rect(0, 0 - 621, 76); boundsInScreen: Rect(49, 560 - 670, 636); packageName: com.pekall.emdm.launcher; className: android.widget.EditText; text: null; contentDescription: null; viewIdResName: com.pekall.emdm.launcher:id/mdm_edit; checkable: false; checked: false; focusable: true; focused: false; selected: false; clickable: true; longClickable: true; enabled: true; password: true; scrollable: false; [ACTION_FOCUS, ACTION_SELECT, ACTION_CLEAR_SELECTION, ACTION_CLICK, ACTION_LONG_CLICK, ACTION_ACCESSIBILITY_FOCUS]]
05-20 18:32:51.877 I/QueryController(11068): Matched selector: UiSelector[CLASS=android.widget.EditText, INSTANCE=2, COUNT=2] <<==>> [android.view.accessibility.AccessibilityNodeInfo@12298; boundsInParent: Rect(0, 0 - 621, 76); boundsInScreen: Rect(49, 560 - 670, 636); packageName: com.pekall.emdm.launcher; className: android.widget.EditText; text: null; contentDescription: null; viewIdResName: com.pekall.emdm.launcher:id/mdm_edit; checkable: false; checked: false; focusable: true; focused: true; selected: false; clickable: true; longClickable: true; enabled: true; password: true; scrollable: false; [ACTION_CLEAR_FOCUS, ACTION_SELECT, ACTION_CLEAR_SELECTION, ACTION_CLICK, ACTION_LONG_CLICK, ACTION_ACCESSIBILITY_FOCUS]]
05-20 18:32:51.885 D/dalvikvm(11068): GC_CONCURRENT freed 391K, 92% free 654K/7476K, paused 1ms+1ms, total 7ms
05-20 18:32:55.502 I/QueryController(11068): Matched selector: UiSelector[TEXT=Login, CLASS=android.widget.Button] <<==>> [android.view.accessibility.AccessibilityNodeInfo@11394; boundsInParent: Rect(0, 0 - 660, 96); boundsInScreen: Rect(30, 824 - 690, 920); packageName: com.pekall.emdm.launcher; className: android.widget.Button; text: Login; contentDescription: null; viewIdResName: com.pekall.emdm.launcher:id/ok_button; checkable: false; checked: false; focusable: true; focused: false; selected: false; clickable: true; longClickable: false; enabled: true; password: false; scrollable: false; [ACTION_FOCUS, ACTION_SELECT, ACTION_CLEAR_SELECTION, ACTION_CLICK, ACTION_ACCESSIBILITY_FOCUS, ACTION_NEXT_AT_MOVEMENT_GRANULARITY, ACTION_PREVIOUS_AT_MOVEMENT_GRANULARITY, ACTION_SET_SELECTION]]
05-20 18:32:55.510 D/InteractionController(11068): clickAndWaitForNewWindow(360, 872)
05-20 18:32:55.674 I/TransInfo(11191): TransInfo created, id: 9, class: class com.pekall.emdm.transaction.c.e
05-20 18:32:55.674 D/NetworkThread(11191): [null:-1]->----isRunning-----false
05-20 18:32:55.674 D/NetworkThread(11191): [null:-1]->----net work thread begin-----2080
05-20 18:32:55.674 D/NetworkThread(11191): [null:-1]->sendHttpGet: http://192.168.10.21/rest/mdm/v1/system/get_system_info?username=pekall
05-20 18:32:55.681 D/HttpClient(11191): enable apache.http debug
05-20 18:32:55.705 V/DEBUG   (11191): HTTP 0
05-20 18:32:56.705 D/dalvikvm(11068): GC_CONCURRENT freed 389K, 92% free 650K/7476K, paused 2ms+0ms, total 8ms
05-20 18:32:57.111 D/dalvikvm(11068): GC_CONCURRENT freed 402K, 92% free 647K/7476K, paused 2ms+2ms, total 9ms
05-20 18:32:57.517 D/dalvikvm(11068): GC_CONCURRENT freed 395K, 92% free 642K/7476K, paused 0ms+1ms, total 6ms
05-20 18:32:57.931 D/dalvikvm(11068): GC_CONCURRENT freed 391K, 92% free 643K/7476K, paused 0ms+1ms, total 7ms
05-20 18:32:58.330 D/dalvikvm(11068): GC_CONCURRENT freed 387K, 92% free 646K/7476K, paused 2ms+0ms, total 7ms
05-20 18:32:58.744 D/dalvikvm(11068): GC_CONCURRENT freed 391K, 92% free 646K/7476K, paused 2ms+1ms, total 9ms
05-20 18:32:59.142 D/dalvikvm(11068): GC_CONCURRENT freed 390K, 92% free 647K/7476K, paused 1ms+1ms, total 7ms
05-20 18:32:59.556 D/dalvikvm(11068): GC_CONCURRENT freed 392K, 92% free 646K/7476K, paused 2ms+1ms, total 9ms
05-20 18:32:59.963 D/dalvikvm(11068): GC_CONCURRENT freed 391K, 92% free 646K/7476K, paused 1ms+1ms, total 7ms
05-20 18:33:00.205 D/dalvikvm(11068): GC_CONCURRENT freed 391K, 92% free 646K/7476K, paused 2ms+1ms, total 6ms
05-20 18:33:00.361 D/dalvikvm(11068): GC_CONCURRENT freed 391K, 92% free 646K/7476K, paused 1ms+1ms, total 7ms
05-20 18:33:00.525 D/dalvikvm(11068): GC_CONCURRENT freed 391K, 92% free 646K/7476K, paused 1ms+0ms, total 7ms
05-20 18:33:00.697 D/dalvikvm(11068): GC_CONCURRENT freed 391K, 92% free 646K/7476K, paused 1ms+0ms, total 6ms
05-20 18:33:00.846 D/MDM :   (11191): [null:-1]->statusCode : 200
05-20 18:33:00.846 D/MDM :   (11191): [null:-1]->statusCode : 200
05-20 18:33:00.846 V/DEBUG   (11191): HTTP 1
05-20 18:33:00.846 D/MDM :   (11191): [null:-1]->read network input stream
05-20 18:33:00.853 D/MDM :   (11191): [null:-1]->Get joson string: {"result":0,"systemInfo":{"comId":1,"serverVersion":"1.2","serverVersionCode":3}}
05-20 18:33:00.885 D/dalvikvm(11068): GC_CONCURRENT freed 392K, 92% free 646K/7476K, paused 2ms+0ms, total 14ms
05-20 18:33:00.892 D/NetworkThread(11191): [null:-1]->clear mCurrentTransInfo
05-20 18:33:00.892 D/NetworkThread(11191): [null:-1]->queue is empty, thread wait...
05-20 18:33:00.994 D/MDM :   (11191): [null:-1]->handleMessage
05-20 18:33:01.041 I/TransInfo(11191): TransInfo created, id: 1, class: class com.pekall.emdm.transaction.c.f
05-20 18:33:01.049 D/NetworkThread(11191): [null:-1]->----isRunning-----true
05-20 18:33:01.049 D/NetworkThread(11191): [null:-1]->----isRunning-----true
05-20 18:33:01.049 D/NetworkThread(11191): [null:-1]->thread wakeup
05-20 18:33:01.049 E/QueryController(11068): Got null root node from accessibility - Retrying...
05-20 18:33:01.049 D/NetworkThread(11191): [null:-1]->sendHttpPost:PostRequest, url: http://192.168.10.21/rest/mdm/v1/user/login_mdm, Params: [username:zhenhua.sang@pekall.com][password:123456][com_id:1], 
05-20 18:33:01.049 D/HttpClient(11191): enable apache.http debug
05-20 18:33:01.056 V/DEBUG   (11191): HTTP 0
05-20 18:33:01.314 D/dalvikvm(11191): JIT unchain all for threadid=11
05-20 18:33:01.619 D/dalvikvm(11191): JIT unchain all for threadid=11
05-20 18:33:01.650 D/dalvikvm(11191): GC_CONCURRENT freed 7299K, 21% free 27843K/35180K, paused 264ms+262ms, total 588ms
05-20 18:33:01.650 D/dalvikvm(11191): WAIT_FOR_CONCURRENT_GC blocked 291ms
05-20 18:33:01.650 D/dalvikvm(11191): WAIT_FOR_CONCURRENT_GC blocked 291ms
05-20 18:33:01.674 I/Choreographer(11191): Skipped 35 frames!  The application may be doing too much work on its main thread.
05-20 18:33:01.697 E/QueryController(11068): Got null root node from accessibility - Retrying...
05-20 18:33:01.760 D/MDM :   (11191): [null:-1]->statusCode : 200
05-20 18:33:01.760 D/MDM :   (11191): [null:-1]->statusCode : 200
05-20 18:33:01.760 V/DEBUG   (11191): HTTP 1
05-20 18:33:01.767 D/MDM :   (11191): [null:-1]->read network input stream
05-20 18:33:01.775 D/MDM :   (11191): [null:-1]->Get joson string: {"result":0,"userInfo":{"id":1134,"type":51302,"password":null,"status":51001,"roles":8,"comId":1,"isAdmin":0,"fullName":"","phone":"010-2222222","cellPhone":"12345678910","email":"zhenhua.sang@pekall.com","firstName":null,"lastName":null,"business":null,"im":null,"username":"zhenhua.sang@pekall.com","labelPath":null,"userKey":"uPVi3f5AIdavCrAT","token":"5ca302e66f95fcba61ae54b775a5227c1134","deleted":0,"updateTime":1398231202000,"createTime":1397549312000,"directLabelId":0,"isInLabel":1,"setPwd":0,"labels":null,"encrpPwd":null,"deviceNo":0,"new":false}}
05-20 18:33:01.822 I/System.out(11191): [cjx]initUserSecret,keyLength:16,DEK:[1400581981832,1400841181832]
05-20 18:33:01.822 I/System.out(11191): [cjx]to generate user KEK now,keyLength:32,algorithm:Rijndael256
05-20 18:33:01.955 I/System.out(11191): [cjx]blockSize:32
05-20 18:33:01.963 I/System.out(11191): [cjx]iv:[112, 101, 107, 97, 108, 108, 50, 48, 49, 52, 97, 101, 115, 99, 106, 120, 112, 101, 107, 97, 108, 108, 50, 48, 49, 52, 97, 101, 115, 99, 106, 120]
05-20 18:33:01.963 I/System.out(11191): [cjx]secret:[-94, 35, 21, 34, 6, -61, -108, -46, 6, 56, -82, 111, 24, -59, 0, -21, 43, -46, -16, 27, -76, 52, 9, 117, -69, 64, 55, -122, -120, -69, -38, 9]
05-20 18:33:01.963 I/System.out(11191): [cjx]successfully store userID:[B@42b641b0
05-20 18:33:01.963 I/System.out(11191): [cjx]blockSize:32
05-20 18:33:01.963 I/System.out(11191): [cjx]iv:[112, 101, 107, 97, 108, 108, 50, 48, 49, 52, 97, 101, 115, 99, 106, 120, 112, 101, 107, 97, 108, 108, 50, 48, 49, 52, 97, 101, 115, 99, 106, 120]
05-20 18:33:01.963 I/System.out(11191): [cjx]secret:[-94, 35, 21, 34, 6, -61, -108, -46, 6, 56, -82, 111, 24, -59, 0, -21, 43, -46, -16, 27, -76, 52, 9, 117, -69, 64, 55, -122, -120, -69, -38, 9]
05-20 18:33:01.963 I/System.out(11191): [cjx]successfully store DEK.
05-20 18:33:01.963 D/NetworkThread(11191): [null:-1]->clear mCurrentTransInfo
05-20 18:33:01.963 D/NetworkThread(11191): [null:-1]->queue is empty, thread wait...
05-20 18:33:02.064 D/MDM :   (11191): [null:-1]->handleMessage
05-20 18:33:02.111 I/TransInfo(11191): TransInfo created, id: 8, class: class com.pekall.emdm.transaction.c.a
05-20 18:33:02.119 D/NetworkThread(11191): [null:-1]->----isRunning-----true
05-20 18:33:02.119 D/NetworkThread(11191): [null:-1]->----isRunning-----true
05-20 18:33:02.119 D/NetworkThread(11191): [null:-1]->thread wakeup
05-20 18:33:02.174 D/NetworkThread(11191): [null:-1]->sendHttpPost:PostRequest, url: http://192.168.10.21/rest/mdm/v1/device/check_device, Params: [mac:20:64:32:7a:19:48][imei:351554059027897][ios_uuid:00013fbc8ecec5b900000146193107d7][os:51201], 
05-20 18:33:02.174 D/HttpClient(11191): enable apache.http debug
05-20 18:33:02.189 V/DEBUG   (11191): HTTP 0
05-20 18:33:02.338 D/MDM :   (11191): [null:-1]->statusCode : 200
05-20 18:33:02.338 D/MDM :   (11191): [null:-1]->statusCode : 200
05-20 18:33:02.338 V/DEBUG   (11191): HTTP 1
05-20 18:33:02.338 D/MDM :   (11191): [null:-1]->read network input stream
