05-21 11:00:10.267 I/PowerManagerService(  374): Going to sleep due to screen timeout...
05-21 11:00:10.471 I/PowerManagerService(  374): Waking up from sleep...
05-21 11:00:10.471 W/InputManager(  374): Input event injection from pid 24471 failed.
05-21 11:00:10.658 W/InputMethodManagerService(  374): Window already focused, ignoring focus gain of: com.android.internal.view.IInputMethodClient$Stub$Proxy@427b5d38 attribute=android.view.inputmethod.EditorInfo@42a64808, token = android.os.BinderProxy@427e6d30
05-21 11:00:10.861 I/WindowManager(  374): No lock screen!
05-21 11:00:11.947 V/PanelView(  448): animationTick called with dtms=0; nothing to do (h=0.0 v=4000.0)
05-21 11:00:26.244 W/MountService(  374): getVolumeState(/storage/emulated/0/external_sd): Unknown volume
05-21 11:00:26.267 W/MountService(  374): getVolumeState(/mnt/sdcard-ext): Unknown volume
05-21 11:00:26.267 W/MountService(  374): getVolumeState(/mnt/ext_sdcard): Unknown volume
05-21 11:00:26.275 W/MountService(  374): getVolumeState(/mnt/sdcard2): Unknown volume
05-21 11:00:26.275 W/MountService(  374): getVolumeState(/mnt/emmc): Unknown volume
05-21 11:00:26.275 W/MountService(  374): getVolumeState(/mnt/extSdCard): Unknown volume
05-21 11:00:26.283 W/MountService(  374): getVolumeState(/mnt/sdcard/SD_CARD): Unknown volume
05-21 11:00:26.291 W/MountService(  374): getVolumeState(/mnt/sdcard/extra_sd): Unknown volume
05-21 11:00:26.291 W/MountService(  374): getVolumeState(/mnt/extrasd_bind): Unknown volume
05-21 11:00:26.291 W/MountService(  374): getVolumeState(/mnt/sdcard/ext_sd): Unknown volume
05-21 11:00:26.291 W/MountService(  374): getVolumeState(/storage/extSdCard): Unknown volume
05-21 11:00:26.291 W/MountService(  374): getVolumeState(/storage/sdcard1): Unknown volume
05-21 11:00:26.291 W/MountService(  374): getVolumeState(/mnt/sdcard/external_SD): Unknown volume
05-21 11:00:26.291 W/MountService(  374): getVolumeState(/mnt/sdcard/external_sd): Unknown volume
05-21 11:00:26.572 W/MountService(  374): getVolumeState(/storage/emulated/0/external_sd): Unknown volume
05-21 11:00:26.580 W/MountService(  374): getVolumeState(/mnt/sdcard-ext): Unknown volume
05-21 11:00:26.580 W/MountService(  374): getVolumeState(/mnt/ext_sdcard): Unknown volume
05-21 11:00:26.580 W/MountService(  374): getVolumeState(/mnt/sdcard2): Unknown volume
05-21 11:00:26.580 W/MountService(  374): getVolumeState(/mnt/emmc): Unknown volume
05-21 11:00:26.580 W/MountService(  374): getVolumeState(/mnt/extSdCard): Unknown volume
05-21 11:00:26.580 W/MountService(  374): getVolumeState(/mnt/sdcard/SD_CARD): Unknown volume
05-21 11:00:26.580 W/MountService(  374): getVolumeState(/mnt/sdcard/extra_sd): Unknown volume
05-21 11:00:26.580 W/MountService(  374): getVolumeState(/mnt/extrasd_bind): Unknown volume
05-21 11:00:26.580 W/MountService(  374): getVolumeState(/mnt/sdcard/ext_sd): Unknown volume
05-21 11:00:26.580 W/MountService(  374): getVolumeState(/storage/extSdCard): Unknown volume
05-21 11:00:26.588 W/MountService(  374): getVolumeState(/storage/sdcard1): Unknown volume
05-21 11:00:26.603 W/MountService(  374): getVolumeState(/mnt/sdcard/external_SD): Unknown volume
05-21 11:00:26.611 W/MountService(  374): getVolumeState(/mnt/sdcard/external_sd): Unknown volume
05-21 11:00:40.471 I/PowerManagerService(  374): Going to sleep due to screen timeout...
05-21 11:00:40.494 I/PowerManagerService(  374): Waking up from sleep...
05-21 11:00:40.572 I/ActivityManager(  374): No longer want com.google.android.apps.maps:GoogleLocationService (pid 23272): empty for 1806s
05-21 11:00:40.627 W/ActivityManager(  374): Scheduling restart of crashed service com.google.android.apps.maps/com.google.android.location.internal.server.GoogleLocationService in 5000ms
05-21 11:00:40.767 W/InputMethodManagerService(  374): Window already focused, ignoring focus gain of: com.android.internal.view.IInputMethodClient$Stub$Proxy@426fc690 attribute=android.view.inputmethod.EditorInfo@42712798, token = android.os.BinderProxy@427e6d30
05-21 11:00:40.971 W/BroadcastQueue(  374): Failure sending broadcast Intent { act=android.intent.action.SCREEN_OFF flg=0x50000010 }
05-21 11:00:40.971 W/BroadcastQueue(  374): android.os.DeadObjectException
05-21 11:00:40.971 W/BroadcastQueue(  374): 	at android.os.BinderProxy.transact(Native Method)
05-21 11:00:40.971 W/BroadcastQueue(  374): 	at android.content.IIntentReceiver$Stub$Proxy.performReceive(IIntentReceiver.java:124)
05-21 11:00:40.971 W/BroadcastQueue(  374): 	at com.android.server.am.BroadcastQueue.performReceiveLocked(BroadcastQueue.java:376)
05-21 11:00:40.971 W/BroadcastQueue(  374): 	at com.android.server.am.BroadcastQueue.deliverToRegisteredReceiverLocked(BroadcastQueue.java:449)
05-21 11:00:40.971 W/BroadcastQueue(  374): 	at com.android.server.am.BroadcastQueue.processNextBroadcast(BroadcastQueue.java:656)
05-21 11:00:40.971 W/BroadcastQueue(  374): 	at com.android.server.am.ActivityManagerService.finishReceiver(ActivityManagerService.java:12390)
05-21 11:00:40.971 W/BroadcastQueue(  374): 	at android.app.ActivityManagerNative.onTransact(ActivityManagerNative.java:379)
05-21 11:00:40.971 W/BroadcastQueue(  374): 	at com.android.server.am.ActivityManagerService.onTransact(ActivityManagerService.java:1737)
05-21 11:00:40.971 W/BroadcastQueue(  374): 	at android.os.Binder.execTransact(Binder.java:388)
05-21 11:00:40.971 W/BroadcastQueue(  374): 	at dalvik.system.NativeStart.run(Native Method)
05-21 11:00:41.017 I/WindowManager(  374): No lock screen!
05-21 11:00:41.619 V/PanelView(  448): animationTick called with dtms=0; nothing to do (h=0.0 v=4000.0)
05-21 11:00:45.658 I/ActivityManager(  374): Start proc com.google.android.apps.maps:GoogleLocationService for service com.google.android.apps.maps/com.google.android.location.internal.server.GoogleLocationService: pid=24532 uid=10038 gids={50038, 3003, 1015, 1028}
05-21 11:01:10.494 I/PowerManagerService(  374): Going to sleep due to screen timeout...
05-21 11:01:11.205 W/InputMethodManagerService(  374): Window already focused, ignoring focus gain of: com.android.internal.view.IInputMethodClient$Stub$Proxy@42a62298 attribute=android.view.inputmethod.EditorInfo@42fc1948, token = android.os.BinderProxy@427e6d30
05-21 11:01:16.252 D/PhoneStatusBar(  448): disable: < EXPAND* icons alerts TICKER* system_info back home RECENT* clock SEARCH* >
05-21 11:01:16.346 W/InputMethodManagerService(  374): Starting input on non-focused client com.android.internal.view.IInputMethodClient$Stub$Proxy@42a48be8 (uid=10066 pid=24005)
05-21 11:01:16.385 D/PhoneStatusBar(  448): disable: < EXPAND icons alerts TICKER system_info BACK* HOME* RECENT CLOCK* SEARCH >
05-21 11:01:24.236 I/ActivityManager(  374): No longer want android.process.acore (pid 23436): empty for 1800s
05-21 11:01:26.314 W/MountService(  374): getVolumeState(/storage/emulated/0/external_sd): Unknown volume
05-21 11:01:26.322 W/MountService(  374): getVolumeState(/mnt/sdcard-ext): Unknown volume
05-21 11:01:26.322 W/MountService(  374): getVolumeState(/mnt/ext_sdcard): Unknown volume
05-21 11:01:26.322 W/MountService(  374): getVolumeState(/mnt/sdcard2): Unknown volume
05-21 11:01:26.322 W/MountService(  374): getVolumeState(/mnt/emmc): Unknown volume
05-21 11:01:26.322 W/MountService(  374): getVolumeState(/mnt/extSdCard): Unknown volume
05-21 11:01:26.346 W/MountService(  374): getVolumeState(/mnt/sdcard/SD_CARD): Unknown volume
05-21 11:01:26.353 W/MountService(  374): getVolumeState(/mnt/sdcard/extra_sd): Unknown volume
05-21 11:01:26.353 W/MountService(  374): getVolumeState(/mnt/extrasd_bind): Unknown volume
05-21 11:01:26.353 W/MountService(  374): getVolumeState(/mnt/sdcard/ext_sd): Unknown volume
05-21 11:01:26.353 W/MountService(  374): getVolumeState(/storage/extSdCard): Unknown volume
05-21 11:01:26.353 W/MountService(  374): getVolumeState(/storage/sdcard1): Unknown volume
05-21 11:01:26.353 W/MountService(  374): getVolumeState(/mnt/sdcard/external_SD): Unknown volume
05-21 11:01:26.353 W/MountService(  374): getVolumeState(/mnt/sdcard/external_sd): Unknown volume
05-21 11:01:26.502 I/ActivityManager(  374): Start proc android.process.acore for content provider com.android.providers.contacts/.ContactsProvider2: pid=24563 uid=10000 gids={50000, 3003, 1015, 1028}
05-21 11:01:27.306 W/MountService(  374): getVolumeState(/storage/emulated/0/external_sd): Unknown volume
05-21 11:01:27.306 W/MountService(  374): getVolumeState(/mnt/sdcard-ext): Unknown volume
05-21 11:01:27.306 W/MountService(  374): getVolumeState(/mnt/ext_sdcard): Unknown volume
05-21 11:01:27.306 W/MountService(  374): getVolumeState(/mnt/sdcard2): Unknown volume
05-21 11:01:27.314 W/MountService(  374): getVolumeState(/mnt/emmc): Unknown volume
05-21 11:01:27.314 W/MountService(  374): getVolumeState(/mnt/extSdCard): Unknown volume
05-21 11:01:27.314 W/MountService(  374): getVolumeState(/mnt/sdcard/SD_CARD): Unknown volume
05-21 11:01:27.314 W/MountService(  374): getVolumeState(/mnt/sdcard/extra_sd): Unknown volume
05-21 11:01:27.322 W/MountService(  374): getVolumeState(/mnt/extrasd_bind): Unknown volume
05-21 11:01:27.322 W/MountService(  374): getVolumeState(/mnt/sdcard/ext_sd): Unknown volume
05-21 11:01:27.322 W/MountService(  374): getVolumeState(/storage/extSdCard): Unknown volume
05-21 11:01:27.322 W/MountService(  374): getVolumeState(/storage/sdcard1): Unknown volume
05-21 11:01:27.322 W/MountService(  374): getVolumeState(/mnt/sdcard/external_SD): Unknown volume
05-21 11:01:27.330 W/MountService(  374): getVolumeState(/mnt/sdcard/external_sd): Unknown volume
05-21 11:01:49.111 W/ActivityThread(24532): ClassLoader.loadClass: The class loader returned by Thread.getContextClassLoader() may fail for processes that host multiple applications. You should explicitly specify a context class loader. For example: Thread.setContextClassLoader(getClass().getClassLoader());
05-21 11:02:26.322 W/MountService(  374): getVolumeState(/storage/emulated/0/external_sd): Unknown volume
05-21 11:02:26.322 W/MountService(  374): getVolumeState(/mnt/sdcard-ext): Unknown volume
05-21 11:02:26.330 W/MountService(  374): getVolumeState(/mnt/ext_sdcard): Unknown volume
05-21 11:02:26.330 W/MountService(  374): getVolumeState(/mnt/sdcard2): Unknown volume
05-21 11:02:26.330 W/MountService(  374): getVolumeState(/mnt/emmc): Unknown volume
05-21 11:02:26.330 W/MountService(  374): getVolumeState(/mnt/extSdCard): Unknown volume
05-21 11:02:26.330 W/MountService(  374): getVolumeState(/mnt/sdcard/SD_CARD): Unknown volume
05-21 11:02:26.338 W/MountService(  374): getVolumeState(/mnt/sdcard/extra_sd): Unknown volume
05-21 11:02:26.346 W/MountService(  374): getVolumeState(/mnt/extrasd_bind): Unknown volume
05-21 11:02:26.346 W/MountService(  374): getVolumeState(/mnt/sdcard/ext_sd): Unknown volume
05-21 11:02:26.346 W/MountService(  374): getVolumeState(/storage/extSdCard): Unknown volume
05-21 11:02:26.346 W/MountService(  374): getVolumeState(/storage/sdcard1): Unknown volume
05-21 11:02:26.346 W/MountService(  374): getVolumeState(/mnt/sdcard/external_SD): Unknown volume
05-21 11:02:26.346 W/MountService(  374): getVolumeState(/mnt/sdcard/external_sd): Unknown volume
05-21 11:02:26.697 W/MountService(  374): getVolumeState(/storage/emulated/0/external_sd): Unknown volume
05-21 11:02:26.705 W/MountService(  374): getVolumeState(/mnt/sdcard-ext): Unknown volume
05-21 11:02:26.705 W/MountService(  374): getVolumeState(/mnt/ext_sdcard): Unknown volume
05-21 11:02:26.705 W/MountService(  374): getVolumeState(/mnt/sdcard2): Unknown volume
05-21 11:02:26.705 W/MountService(  374): getVolumeState(/mnt/emmc): Unknown volume
05-21 11:02:26.705 W/MountService(  374): getVolumeState(/mnt/extSdCard): Unknown volume
05-21 11:02:26.713 W/MountService(  374): getVolumeState(/mnt/sdcard/SD_CARD): Unknown volume
05-21 11:02:26.728 W/MountService(  374): getVolumeState(/mnt/sdcard/extra_sd): Unknown volume
05-21 11:02:26.744 W/MountService(  374): getVolumeState(/mnt/extrasd_bind): Unknown volume
05-21 11:02:26.744 W/MountService(  374): getVolumeState(/mnt/sdcard/ext_sd): Unknown volume
05-21 11:02:26.744 W/MountService(  374): getVolumeState(/storage/extSdCard): Unknown volume
05-21 11:02:26.760 W/MountService(  374): getVolumeState(/storage/sdcard1): Unknown volume
05-21 11:02:26.760 W/MountService(  374): getVolumeState(/mnt/sdcard/external_SD): Unknown volume
05-21 11:02:26.760 W/MountService(  374): getVolumeState(/mnt/sdcard/external_sd): Unknown volume
05-21 11:03:23.197 I/PowerManagerService(  374): Waking up from sleep...
05-21 11:03:23.299 I/WindowManager(  374): Lock screen displayed!
05-21 11:03:26.408 W/MountService(  374): getVolumeState(/storage/emulated/0/external_sd): Unknown volume
05-21 11:03:26.408 W/MountService(  374): getVolumeState(/mnt/sdcard-ext): Unknown volume
05-21 11:03:26.408 W/MountService(  374): getVolumeState(/mnt/ext_sdcard): Unknown volume
05-21 11:03:26.408 W/MountService(  374): getVolumeState(/mnt/sdcard2): Unknown volume
05-21 11:03:26.408 W/MountService(  374): getVolumeState(/mnt/emmc): Unknown volume
05-21 11:03:26.408 W/MountService(  374): getVolumeState(/mnt/extSdCard): Unknown volume
05-21 11:03:26.408 W/MountService(  374): getVolumeState(/mnt/sdcard/SD_CARD): Unknown volume
05-21 11:03:26.416 W/MountService(  374): getVolumeState(/mnt/sdcard/extra_sd): Unknown volume
05-21 11:03:26.416 W/MountService(  374): getVolumeState(/mnt/extrasd_bind): Unknown volume
05-21 11:03:26.416 W/MountService(  374): getVolumeState(/mnt/sdcard/ext_sd): Unknown volume
05-21 11:03:26.416 W/MountService(  374): getVolumeState(/storage/extSdCard): Unknown volume
05-21 11:03:26.447 W/MountService(  374): getVolumeState(/storage/sdcard1): Unknown volume
05-21 11:03:26.447 W/MountService(  374): getVolumeState(/mnt/sdcard/external_SD): Unknown volume
05-21 11:03:26.447 W/MountService(  374): getVolumeState(/mnt/sdcard/external_sd): Unknown volume
05-21 11:03:26.775 W/MountService(  374): getVolumeState(/storage/emulated/0/external_sd): Unknown volume
05-21 11:03:26.775 W/MountService(  374): getVolumeState(/mnt/sdcard-ext): Unknown volume
05-21 11:03:26.775 W/MountService(  374): getVolumeState(/mnt/ext_sdcard): Unknown volume
05-21 11:03:26.775 W/MountService(  374): getVolumeState(/mnt/sdcard2): Unknown volume
05-21 11:03:26.775 W/MountService(  374): getVolumeState(/mnt/emmc): Unknown volume
05-21 11:03:26.775 W/MountService(  374): getVolumeState(/mnt/extSdCard): Unknown volume
05-21 11:03:26.775 W/MountService(  374): getVolumeState(/mnt/sdcard/SD_CARD): Unknown volume
05-21 11:03:26.775 W/MountService(  374): getVolumeState(/mnt/sdcard/extra_sd): Unknown volume
05-21 11:03:26.775 W/MountService(  374): getVolumeState(/mnt/extrasd_bind): Unknown volume
05-21 11:03:26.783 W/MountService(  374): getVolumeState(/mnt/sdcard/ext_sd): Unknown volume
05-21 11:03:26.783 W/MountService(  374): getVolumeState(/storage/extSdCard): Unknown volume
05-21 11:03:26.783 W/MountService(  374): getVolumeState(/storage/sdcard1): Unknown volume
05-21 11:03:26.783 W/MountService(  374): getVolumeState(/mnt/sdcard/external_SD): Unknown volume
05-21 11:03:26.783 W/MountService(  374): getVolumeState(/mnt/sdcard/external_sd): Unknown volume
05-21 11:04:03.978 I/PowerManagerService(  374): Going to sleep due to screen timeout...
05-21 11:04:12.252 I/ActivityManager(  374): Start proc com.pekall.emdm.launcher:remote for service com.pekall.emdm.launcher/com.baidu.location.f: pid=24608 uid=10066 gids={50066, 1015, 3002, 3001, 3003, 1028}
05-21 11:04:12.533 D/ActivityThread(24608): Loading provider com.pekall.semail.provider;com.pekall.semail.notifier: com.pekall.semail.provider.EmailProvider
05-21 11:04:12.681 D/ActivityThread(24608): Loading provider com.pekall.semail.provider;com.pekall.semail.notifier: com.pekall.semail.provider.EmailProvider
05-21 11:04:14.056 I/ActivityManager(  374): Process com.android.settings (pid 23570) has died.
05-21 11:04:16.096 W/ActivityManager(  374): Unable to start service Intent { cmp=com.pekall.emdm.launcher/com.pekall.semail.service.AttachmentDownloadService } U=0: not found
05-21 11:04:26.611 W/MountService(  374): getVolumeState(/storage/emulated/0/external_sd): Unknown volume
05-21 11:04:26.611 W/MountService(  374): getVolumeState(/mnt/sdcard-ext): Unknown volume
05-21 11:04:26.650 W/MountService(  374): getVolumeState(/mnt/ext_sdcard): Unknown volume
05-21 11:04:26.650 W/MountService(  374): getVolumeState(/mnt/sdcard2): Unknown volume
05-21 11:04:26.666 W/MountService(  374): getVolumeState(/mnt/emmc): Unknown volume
05-21 11:04:26.681 W/MountService(  374): getVolumeState(/mnt/extSdCard): Unknown volume
05-21 11:04:26.713 W/MountService(  374): getVolumeState(/mnt/sdcard/SD_CARD): Unknown volume
05-21 11:04:26.728 W/MountService(  374): getVolumeState(/mnt/sdcard/extra_sd): Unknown volume
05-21 11:04:26.728 W/MountService(  374): getVolumeState(/mnt/extrasd_bind): Unknown volume
05-21 11:04:26.728 W/MountService(  374): getVolumeState(/mnt/sdcard/ext_sd): Unknown volume
05-21 11:04:26.752 W/MountService(  374): getVolumeState(/storage/extSdCard): Unknown volume
05-21 11:04:26.767 W/MountService(  374): getVolumeState(/storage/sdcard1): Unknown volume
05-21 11:04:26.767 W/MountService(  374): getVolumeState(/mnt/sdcard/external_SD): Unknown volume
05-21 11:04:26.767 W/MountService(  374): getVolumeState(/mnt/sdcard/external_sd): Unknown volume
05-21 11:04:31.080 W/MountService(  374): getVolumeState(/storage/emulated/0/external_sd): Unknown volume
05-21 11:04:31.080 W/MountService(  374): getVolumeState(/mnt/sdcard-ext): Unknown volume
05-21 11:04:31.096 W/MountService(  374): getVolumeState(/mnt/ext_sdcard): Unknown volume
05-21 11:04:31.096 W/MountService(  374): getVolumeState(/mnt/sdcard2): Unknown volume
05-21 11:04:31.142 W/MountService(  374): getVolumeState(/mnt/emmc): Unknown volume
05-21 11:04:31.142 W/MountService(  374): getVolumeState(/mnt/extSdCard): Unknown volume
05-21 11:04:31.392 W/MountService(  374): getVolumeState(/mnt/sdcard/SD_CARD): Unknown volume
05-21 11:04:31.392 W/MountService(  374): getVolumeState(/mnt/sdcard/extra_sd): Unknown volume
05-21 11:04:31.408 W/MountService(  374): getVolumeState(/mnt/extrasd_bind): Unknown volume
05-21 11:04:31.455 W/MountService(  374): getVolumeState(/mnt/sdcard/ext_sd): Unknown volume
05-21 11:04:31.471 W/MountService(  374): getVolumeState(/storage/extSdCard): Unknown volume
05-21 11:04:31.471 W/MountService(  374): getVolumeState(/storage/sdcard1): Unknown volume
05-21 11:04:31.486 W/MountService(  374): getVolumeState(/mnt/sdcard/external_SD): Unknown volume
05-21 11:04:31.486 W/MountService(  374): getVolumeState(/mnt/sdcard/external_sd): Unknown volume
05-21 11:04:32.283 W/ActivityManager(  374): Timeout executing service: ServiceRecord{42d75c98 u0 com.pekall.emdm.launcher/com.baidu.location.f}
05-21 11:04:37.603 E/ActivityManager(  374): ANR in com.pekall.emdm.launcher:remote
05-21 11:04:37.603 E/ActivityManager(  374): Reason: Executing service com.pekall.emdm.launcher/com.baidu.location.f
05-21 11:04:37.603 E/ActivityManager(  374): Load: 2.39 / 2.25 / 2.01
05-21 11:04:37.603 E/ActivityManager(  374): CPU usage from 0ms to 5282ms later:
05-21 11:04:37.603 E/ActivityManager(  374):   82% 24005/com.pekall.emdm.launcher: 81% user + 0.1% kernel
05-21 11:04:37.603 E/ActivityManager(  374):   77% 24608/com.pekall.emdm.launcher:remote: 77% user + 0.7% kernel / faults: 117 minor
05-21 11:04:37.603 E/ActivityManager(  374):   30% 374/system_server: 24% user + 5.8% kernel / faults: 500 minor
05-21 11:04:37.603 E/ActivityManager(  374):   7% 448/com.android.systemui: 6% user + 0.9% kernel / faults: 49 minor
05-21 11:04:37.603 E/ActivityManager(  374):   0.1% 561/com.android.phone: 0% user + 0% kernel / faults: 73 minor
05-21 11:04:37.603 E/ActivityManager(  374):   0% 568/com.android.nfc: 0% user + 0% kernel / faults: 66 minor
05-21 11:04:37.603 E/ActivityManager(  374):   0.1% 82/mmcqd/0: 0% user + 0.1% kernel
05-21 11:04:37.603 E/ActivityManager(  374):   0.1% 114/jbd2/mmcblk0p12: 0% user + 0.1% kernel
05-21 11:04:37.603 E/ActivityManager(  374):   0.1% 1468/com.qihoo.daemon: 0% user + 0.1% kernel / faults: 6 minor
05-21 11:04:37.603 E/ActivityManager(  374):   0.1% 1661/com.qihoo360.mobilesafe:GuardService: 0.1% user + 0% kernel / faults: 6 minor
05-21 11:04:37.603 E/ActivityManager(  374):   0.1% 23351/com.qihoo.appstore: 0% user + 0.1% kernel / faults: 1 minor
05-21 11:04:37.603 E/ActivityManager(  374):   0.1% 23830/com.nd.assistance.ServerService: 0.1% user + 0% kernel
05-21 11:04:37.603 E/ActivityManager(  374): 100% TOTAL: 95% user + 4.3% kernel
05-21 11:04:37.603 E/ActivityManager(  374): CPU usage from 4480ms to 5021ms later:
05-21 11:04:37.603 E/ActivityManager(  374):   100% 24608/com.pekall.emdm.launcher:remote: 100% user + 0% kernel
05-21 11:04:37.603 E/ActivityManager(  374):     100% 24621/Thread-3249: 100% user + 0% kernel
05-21 11:04:37.603 E/ActivityManager(  374):   92% 24005/com.pekall.emdm.launcher: 92% user + 0% kernel
05-21 11:04:37.603 E/ActivityManager(  374):     92% 24018/Thread-3225: 92% user + 0% kernel
05-21 11:04:37.603 E/ActivityManager(  374):   7.2% 374/system_server: 7.2% user + 0% kernel / faults: 1 minor
05-21 11:04:37.603 E/ActivityManager(  374):     7.2% 390/ActivityManager: 7.2% user + 0% kernel
05-21 11:04:37.603 E/ActivityManager(  374): 100% TOTAL: 100% user + 0% kernel
05-21 11:04:37.611 W/ActivityManager(  374): Killing ProcessRecord{42299ee0 24608:com.pekall.emdm.launcher:remote/u0a10066}: background ANR
05-21 11:04:37.681 I/ActivityManager(  374): Process com.pekall.emdm.launcher:remote (pid 24608) has died.
05-21 11:04:37.681 W/ActivityManager(  374): Scheduling restart of crashed service com.pekall.emdm.launcher/com.baidu.location.f in 1280000ms
05-21 11:05:18.096 I/PowerManagerService(  374): Waking up from sleep...
05-21 11:05:18.197 I/WindowManager(  374): Lock screen displayed!
05-21 11:05:26.611 W/MountService(  374): getVolumeState(/storage/emulated/0/external_sd): Unknown volume
05-21 11:05:26.611 W/MountService(  374): getVolumeState(/mnt/sdcard-ext): Unknown volume
05-21 11:05:26.611 W/MountService(  374): getVolumeState(/mnt/ext_sdcard): Unknown volume
05-21 11:05:26.611 W/MountService(  374): getVolumeState(/mnt/sdcard2): Unknown volume
05-21 11:05:26.611 W/MountService(  374): getVolumeState(/mnt/emmc): Unknown volume
05-21 11:05:26.611 W/MountService(  374): getVolumeState(/mnt/extSdCard): Unknown volume
05-21 11:05:26.611 W/MountService(  374): getVolumeState(/mnt/sdcard/SD_CARD): Unknown volume
05-21 11:05:26.619 W/MountService(  374): getVolumeState(/mnt/sdcard/extra_sd): Unknown volume
05-21 11:05:26.619 W/MountService(  374): getVolumeState(/mnt/extrasd_bind): Unknown volume
05-21 11:05:26.619 W/MountService(  374): getVolumeState(/mnt/sdcard/ext_sd): Unknown volume
05-21 11:05:26.619 W/MountService(  374): getVolumeState(/storage/extSdCard): Unknown volume
05-21 11:05:26.619 W/MountService(  374): getVolumeState(/storage/sdcard1): Unknown volume
05-21 11:05:26.619 W/MountService(  374): getVolumeState(/mnt/sdcard/external_SD): Unknown volume
05-21 11:05:26.619 W/MountService(  374): getVolumeState(/mnt/sdcard/external_sd): Unknown volume
05-21 11:05:26.924 W/MountService(  374): getVolumeState(/storage/emulated/0/external_sd): Unknown volume
05-21 11:05:26.924 W/MountService(  374): getVolumeState(/mnt/sdcard-ext): Unknown volume
05-21 11:05:26.924 W/MountService(  374): getVolumeState(/mnt/ext_sdcard): Unknown volume
05-21 11:05:26.924 W/MountService(  374): getVolumeState(/mnt/sdcard2): Unknown volume
05-21 11:05:26.924 W/MountService(  374): getVolumeState(/mnt/emmc): Unknown volume
05-21 11:05:26.924 W/MountService(  374): getVolumeState(/mnt/extSdCard): Unknown volume
05-21 11:05:26.924 W/MountService(  374): getVolumeState(/mnt/sdcard/SD_CARD): Unknown volume
05-21 11:05:26.931 W/MountService(  374): getVolumeState(/mnt/sdcard/extra_sd): Unknown volume
05-21 11:05:26.931 W/MountService(  374): getVolumeState(/mnt/extrasd_bind): Unknown volume
05-21 11:05:26.931 W/MountService(  374): getVolumeState(/mnt/sdcard/ext_sd): Unknown volume
05-21 11:05:26.939 W/MountService(  374): getVolumeState(/storage/extSdCard): Unknown volume
05-21 11:05:26.939 W/MountService(  374): getVolumeState(/storage/sdcard1): Unknown volume
05-21 11:05:26.939 W/MountService(  374): getVolumeState(/mnt/sdcard/external_SD): Unknown volume
05-21 11:05:26.939 W/MountService(  374): getVolumeState(/mnt/sdcard/external_sd): Unknown volume
05-21 11:05:48.127 I/PowerManagerService(  374): Going to sleep due to screen timeout...
05-21 11:06:06.002 I/ActivityManager(  374): No longer want com.google.android.exchange (pid 22755): empty for 1801s
05-21 11:06:08.181 I/PowerManagerService(  374): Waking up from sleep...
05-21 11:06:08.549 D/PhoneStatusBar(  448): disable: < expand* icons alerts ticker* system_info BACK HOME recent* CLOCK search* >
05-21 11:06:08.666 I/WindowManager(  374): No lock screen!
05-21 11:06:08.838 D/PhoneStatusBar(  448): disable: < expand icons alerts ticker system_info back* home* recent clock* search >
05-21 11:06:09.556 I/PowerManagerService(  374): Going to sleep by user request...
05-21 11:06:17.681 I/PowerManagerService(  374): Waking up from sleep...
05-21 11:06:17.689 I/WindowManager(  374): No lock screen!
05-21 11:06:26.752 W/MountService(  374): getVolumeState(/storage/emulated/0/external_sd): Unknown volume
05-21 11:06:26.752 W/MountService(  374): getVolumeState(/mnt/sdcard-ext): Unknown volume
05-21 11:06:26.752 W/MountService(  374): getVolumeState(/mnt/ext_sdcard): Unknown volume
05-21 11:06:26.752 W/MountService(  374): getVolumeState(/mnt/sdcard2): Unknown volume
05-21 11:06:26.752 W/MountService(  374): getVolumeState(/mnt/emmc): Unknown volume
05-21 11:06:26.752 W/MountService(  374): getVolumeState(/mnt/extSdCard): Unknown volume
05-21 11:06:26.752 W/MountService(  374): getVolumeState(/mnt/sdcard/SD_CARD): Unknown volume
05-21 11:06:26.752 W/MountService(  374): getVolumeState(/mnt/sdcard/extra_sd): Unknown volume
05-21 11:06:26.752 W/MountService(  374): getVolumeState(/mnt/extrasd_bind): Unknown volume
05-21 11:06:26.760 W/MountService(  374): getVolumeState(/mnt/sdcard/ext_sd): Unknown volume
05-21 11:06:26.760 W/MountService(  374): getVolumeState(/storage/extSdCard): Unknown volume
05-21 11:06:26.767 W/MountService(  374): getVolumeState(/storage/sdcard1): Unknown volume
05-21 11:06:26.767 W/MountService(  374): getVolumeState(/mnt/sdcard/external_SD): Unknown volume
05-21 11:06:26.767 W/MountService(  374): getVolumeState(/mnt/sdcard/external_sd): Unknown volume
05-21 11:06:27.025 W/MountService(  374): getVolumeState(/storage/emulated/0/external_sd): Unknown volume
05-21 11:06:27.025 W/MountService(  374): getVolumeState(/mnt/sdcard-ext): Unknown volume
05-21 11:06:27.025 W/MountService(  374): getVolumeState(/mnt/ext_sdcard): Unknown volume
05-21 11:06:27.025 W/MountService(  374): getVolumeState(/mnt/sdcard2): Unknown volume
05-21 11:06:27.025 W/MountService(  374): getVolumeState(/mnt/emmc): Unknown volume
05-21 11:06:27.025 W/MountService(  374): getVolumeState(/mnt/extSdCard): Unknown volume
05-21 11:06:27.025 W/MountService(  374): getVolumeState(/mnt/sdcard/SD_CARD): Unknown volume
05-21 11:06:27.025 W/MountService(  374): getVolumeState(/mnt/sdcard/extra_sd): Unknown volume
05-21 11:06:27.025 W/MountService(  374): getVolumeState(/mnt/extrasd_bind): Unknown volume
05-21 11:06:27.025 W/MountService(  374): getVolumeState(/mnt/sdcard/ext_sd): Unknown volume
05-21 11:06:27.025 W/MountService(  374): getVolumeState(/storage/extSdCard): Unknown volume
05-21 11:06:27.033 W/MountService(  374): getVolumeState(/storage/sdcard1): Unknown volume
05-21 11:06:27.033 W/MountService(  374): getVolumeState(/mnt/sdcard/external_SD): Unknown volume
05-21 11:06:27.033 W/MountService(  374): getVolumeState(/mnt/sdcard/external_sd): Unknown volume
05-21 11:06:36.056 I/ActivityManager(  374): No longer want android.process.media (pid 23758): empty for 1805s
05-21 11:06:36.064 W/ActivityManager(  374): Scheduling restart of crashed service com.android.providers.media/.MtpService in 5000ms
05-21 11:06:41.088 I/ActivityManager(  374): Start proc android.process.media for service com.android.providers.media/.MtpService: pid=24741 uid=10015 gids={50015, 1015, 1023, 1024, 1028, 2001, 3003, 3007}
05-21 11:06:47.689 I/PowerManagerService(  374): Going to sleep due to screen timeout...
05-21 11:07:26.877 W/MountService(  374): getVolumeState(/storage/emulated/0/external_sd): Unknown volume
05-21 11:07:26.877 W/MountService(  374): getVolumeState(/mnt/sdcard-ext): Unknown volume
05-21 11:07:26.877 W/MountService(  374): getVolumeState(/mnt/ext_sdcard): Unknown volume
05-21 11:07:26.877 W/MountService(  374): getVolumeState(/mnt/sdcard2): Unknown volume
05-21 11:07:26.877 W/MountService(  374): getVolumeState(/mnt/emmc): Unknown volume
05-21 11:07:26.885 W/MountService(  374): getVolumeState(/mnt/extSdCard): Unknown volume
05-21 11:07:26.885 W/MountService(  374): getVolumeState(/mnt/sdcard/SD_CARD): Unknown volume
05-21 11:07:26.885 W/MountService(  374): getVolumeState(/mnt/sdcard/extra_sd): Unknown volume
05-21 11:07:26.885 W/MountService(  374): getVolumeState(/mnt/extrasd_bind): Unknown volume
05-21 11:07:26.892 W/MountService(  374): getVolumeState(/mnt/sdcard/ext_sd): Unknown volume
05-21 11:07:26.892 W/MountService(  374): getVolumeState(/storage/extSdCard): Unknown volume
05-21 11:07:26.892 W/MountService(  374): getVolumeState(/storage/sdcard1): Unknown volume
05-21 11:07:26.900 W/MountService(  374): getVolumeState(/mnt/sdcard/external_SD): Unknown volume
05-21 11:07:26.900 W/MountService(  374): getVolumeState(/mnt/sdcard/external_sd): Unknown volume
05-21 11:07:27.455 W/MountService(  374): getVolumeState(/storage/emulated/0/external_sd): Unknown volume
05-21 11:07:27.455 W/MountService(  374): getVolumeState(/mnt/sdcard-ext): Unknown volume
05-21 11:07:27.455 W/MountService(  374): getVolumeState(/mnt/ext_sdcard): Unknown volume
05-21 11:07:27.463 W/MountService(  374): getVolumeState(/mnt/sdcard2): Unknown volume
05-21 11:07:27.463 W/MountService(  374): getVolumeState(/mnt/emmc): Unknown volume
05-21 11:07:27.463 W/MountService(  374): getVolumeState(/mnt/extSdCard): Unknown volume
05-21 11:07:27.463 W/MountService(  374): getVolumeState(/mnt/sdcard/SD_CARD): Unknown volume
05-21 11:07:27.463 W/MountService(  374): getVolumeState(/mnt/sdcard/extra_sd): Unknown volume
05-21 11:07:27.471 W/MountService(  374): getVolumeState(/mnt/extrasd_bind): Unknown volume
05-21 11:07:27.471 W/MountService(  374): getVolumeState(/mnt/sdcard/ext_sd): Unknown volume
05-21 11:07:27.471 W/MountService(  374): getVolumeState(/storage/extSdCard): Unknown volume
05-21 11:07:27.471 W/MountService(  374): getVolumeState(/storage/sdcard1): Unknown volume
05-21 11:07:27.471 W/MountService(  374): getVolumeState(/mnt/sdcard/external_SD): Unknown volume
05-21 11:07:27.478 W/MountService(  374): getVolumeState(/mnt/sdcard/external_sd): Unknown volume
05-21 11:08:27.056 W/MountService(  374): getVolumeState(/storage/emulated/0/external_sd): Unknown volume
05-21 11:08:27.088 W/MountService(  374): getVolumeState(/mnt/sdcard-ext): Unknown volume
05-21 11:08:27.103 W/MountService(  374): getVolumeState(/mnt/ext_sdcard): Unknown volume
05-21 11:08:27.103 W/MountService(  374): getVolumeState(/mnt/sdcard2): Unknown volume
05-21 11:08:27.111 W/MountService(  374): getVolumeState(/mnt/emmc): Unknown volume
05-21 11:08:27.135 W/MountService(  374): getVolumeState(/mnt/extSdCard): Unknown volume
05-21 11:08:27.142 W/MountService(  374): getVolumeState(/mnt/sdcard/SD_CARD): Unknown volume
05-21 11:08:27.189 W/MountService(  374): getVolumeState(/mnt/sdcard/extra_sd): Unknown volume
05-21 11:08:27.213 W/MountService(  374): getVolumeState(/mnt/extrasd_bind): Unknown volume
05-21 11:08:27.236 W/MountService(  374): getVolumeState(/mnt/sdcard/ext_sd): Unknown volume
05-21 11:08:27.267 W/MountService(  374): getVolumeState(/storage/extSdCard): Unknown volume
05-21 11:08:27.283 W/MountService(  374): getVolumeState(/storage/sdcard1): Unknown volume
05-21 11:08:27.283 W/MountService(  374): getVolumeState(/mnt/sdcard/external_SD): Unknown volume
05-21 11:08:27.306 W/MountService(  374): getVolumeState(/mnt/sdcard/external_sd): Unknown volume
05-21 11:08:28.916 W/MountService(  374): getVolumeState(/storage/emulated/0/external_sd): Unknown volume
05-21 11:08:28.916 W/MountService(  374): getVolumeState(/mnt/sdcard-ext): Unknown volume
05-21 11:08:28.916 W/MountService(  374): getVolumeState(/mnt/ext_sdcard): Unknown volume
05-21 11:08:28.916 W/MountService(  374): getVolumeState(/mnt/sdcard2): Unknown volume
05-21 11:08:28.924 W/MountService(  374): getVolumeState(/mnt/emmc): Unknown volume
05-21 11:08:28.924 W/MountService(  374): getVolumeState(/mnt/extSdCard): Unknown volume
05-21 11:08:28.924 W/MountService(  374): getVolumeState(/mnt/sdcard/SD_CARD): Unknown volume
05-21 11:08:28.924 W/MountService(  374): getVolumeState(/mnt/sdcard/extra_sd): Unknown volume
05-21 11:08:28.924 W/MountService(  374): getVolumeState(/mnt/extrasd_bind): Unknown volume
05-21 11:08:28.924 W/MountService(  374): getVolumeState(/mnt/sdcard/ext_sd): Unknown volume
05-21 11:08:28.924 W/MountService(  374): getVolumeState(/storage/extSdCard): Unknown volume
05-21 11:08:28.924 W/MountService(  374): getVolumeState(/storage/sdcard1): Unknown volume
05-21 11:08:28.931 W/MountService(  374): getVolumeState(/mnt/sdcard/external_SD): Unknown volume
05-21 11:08:28.931 W/MountService(  374): getVolumeState(/mnt/sdcard/external_sd): Unknown volume
05-21 11:08:41.056 I/PowerManagerService(  374): Waking up from sleep...
05-21 11:08:41.056 I/WindowManager(  374): No lock screen!
05-21 11:08:44.916 V/PanelView(  448): animationTick called with dtms=0; nothing to do (h=0.0 v=4000.0)
05-21 11:08:44.916 V/PanelView(  448): animationTick called with dtms=0; nothing to do (h=0.0 v=4000.0)
05-21 11:09:11.056 I/PowerManagerService(  374): Going to sleep due to screen timeout...
05-21 11:09:11.088 I/PowerManagerService(  374): Waking up from sleep...
05-21 11:09:11.252 W/InputMethodManagerService(  374): Window already focused, ignoring focus gain of: com.android.internal.view.IInputMethodClient$Stub$Proxy@42977dc8 attribute=android.view.inputmethod.EditorInfo@42971f70, token = android.os.BinderProxy@427e6d30
05-21 11:09:11.361 I/WindowManager(  374): No lock screen!
05-21 11:09:12.158 V/PanelView(  448): animationTick called with dtms=0; nothing to do (h=0.0 v=4000.0)
05-21 11:09:27.135 W/MountService(  374): getVolumeState(/storage/emulated/0/external_sd): Unknown volume
05-21 11:09:27.135 W/MountService(  374): getVolumeState(/mnt/sdcard-ext): Unknown volume
05-21 11:09:27.135 W/MountService(  374): getVolumeState(/mnt/ext_sdcard): Unknown volume
05-21 11:09:27.135 W/MountService(  374): getVolumeState(/mnt/sdcard2): Unknown volume
05-21 11:09:27.135 W/MountService(  374): getVolumeState(/mnt/emmc): Unknown volume
05-21 11:09:27.142 W/MountService(  374): getVolumeState(/mnt/extSdCard): Unknown volume
05-21 11:09:27.166 W/MountService(  374): getVolumeState(/mnt/sdcard/SD_CARD): Unknown volume
05-21 11:09:27.166 W/MountService(  374): getVolumeState(/mnt/sdcard/extra_sd): Unknown volume
05-21 11:09:27.166 W/MountService(  374): getVolumeState(/mnt/extrasd_bind): Unknown volume
05-21 11:09:27.174 W/MountService(  374): getVolumeState(/mnt/sdcard/ext_sd): Unknown volume
05-21 11:09:27.174 W/MountService(  374): getVolumeState(/storage/extSdCard): Unknown volume
05-21 11:09:27.174 W/MountService(  374): getVolumeState(/storage/sdcard1): Unknown volume
05-21 11:09:27.174 W/MountService(  374): getVolumeState(/mnt/sdcard/external_SD): Unknown volume
05-21 11:09:27.174 W/MountService(  374): getVolumeState(/mnt/sdcard/external_sd): Unknown volume
05-21 11:09:28.111 W/MountService(  374): getVolumeState(/storage/emulated/0/external_sd): Unknown volume
05-21 11:09:28.119 W/MountService(  374): getVolumeState(/mnt/sdcard-ext): Unknown volume
05-21 11:09:28.119 W/MountService(  374): getVolumeState(/mnt/ext_sdcard): Unknown volume
05-21 11:09:28.119 W/MountService(  374): getVolumeState(/mnt/sdcard2): Unknown volume
05-21 11:09:28.119 W/MountService(  374): getVolumeState(/mnt/emmc): Unknown volume
05-21 11:09:28.119 W/MountService(  374): getVolumeState(/mnt/extSdCard): Unknown volume
05-21 11:09:28.119 W/MountService(  374): getVolumeState(/mnt/sdcard/SD_CARD): Unknown volume
05-21 11:09:28.135 W/MountService(  374): getVolumeState(/mnt/sdcard/extra_sd): Unknown volume
05-21 11:09:28.142 W/MountService(  374): getVolumeState(/mnt/extrasd_bind): Unknown volume
05-21 11:09:28.142 W/MountService(  374): getVolumeState(/mnt/sdcard/ext_sd): Unknown volume
05-21 11:09:28.142 W/MountService(  374): getVolumeState(/storage/extSdCard): Unknown volume
05-21 11:09:28.142 W/MountService(  374): getVolumeState(/storage/sdcard1): Unknown volume
05-21 11:09:28.142 W/MountService(  374): getVolumeState(/mnt/sdcard/external_SD): Unknown volume
05-21 11:09:28.142 W/MountService(  374): getVolumeState(/mnt/sdcard/external_sd): Unknown volume
05-21 11:09:41.080 I/PowerManagerService(  374): Going to sleep due to screen timeout...
05-21 11:09:41.088 I/PowerManagerService(  374): Waking up from sleep...
05-21 11:09:41.267 W/InputMethodManagerService(  374): Window already focused, ignoring focus gain of: com.android.internal.view.IInputMethodClient$Stub$Proxy@42f3a4c8 attribute=android.view.inputmethod.EditorInfo@42f58398, token = android.os.BinderProxy@427e6d30
05-21 11:09:41.353 I/WindowManager(  374): No lock screen!
05-21 11:09:42.431 V/PanelView(  448): animationTick called with dtms=0; nothing to do (h=0.0 v=4000.0)
--------- beginning of /dev/log/main
05-21 11:09:42.596 D/dalvikvm(24798): GC_CONCURRENT freed 532K, 76% free 608K/2504K, paused 2ms+0ms, total 6ms
05-21 11:09:42.611 D/SizeAdaptiveLayout(  448): com.android.internal.widget.SizeAdaptiveLayout{4251b278 V.E..... ......I. 0,0-720,128 #7f070058 app:id/adaptive}child view android.widget.RelativeLayout{42914428 V.E..... ......I. 0,0-720,122} measured out of bounds at 122px clamped to 128px
05-21 11:09:43.322 D/dalvikvm(24798): GC_CONCURRENT freed 362K, 75% free 630K/2504K, paused 0ms+0ms, total 4ms
05-21 11:09:43.963 D/dalvikvm(24798): GC_CONCURRENT freed 346K, 74% free 675K/2504K, paused 2ms+1ms, total 6ms
05-21 11:09:44.080 D/dalvikvm(24798): GC_CONCURRENT freed 320K, 71% free 738K/2504K, paused 1ms+0ms, total 5ms
05-21 11:09:44.150 D/dalvikvm(24798): GC_CONCURRENT freed 448K, 70% free 755K/2504K, paused 1ms+2ms, total 7ms
05-21 11:09:44.244 D/dalvikvm(24798): GC_CONCURRENT freed 453K, 70% free 760K/2504K, paused 0ms+2ms, total 6ms
05-21 11:09:44.330 D/dalvikvm(24798): GC_CONCURRENT freed 430K, 71% free 736K/2504K, paused 2ms+0ms, total 12ms
05-21 11:09:44.431 D/dalvikvm(24798): GC_CONCURRENT freed 443K, 70% free 758K/2504K, paused 0ms+2ms, total 7ms
05-21 11:09:44.541 D/dalvikvm(24798): GC_CONCURRENT freed 507K, 75% free 635K/2504K, paused 2ms+0ms, total 6ms
05-21 11:09:45.056 D/dalvikvm(24798): GC_CONCURRENT freed 342K, 71% free 735K/2504K, paused 1ms+1ms, total 6ms
05-21 11:09:45.166 D/dalvikvm(24798): GC_CONCURRENT freed 441K, 70% free 759K/2504K, paused 0ms+2ms, total 6ms
05-21 11:09:45.267 D/dalvikvm(24798): GC_CONCURRENT freed 417K, 71% free 734K/2504K, paused 1ms+1ms, total 6ms
05-21 11:09:45.392 D/dalvikvm(24798): GC_CONCURRENT freed 438K, 69% free 785K/2504K, paused 0ms+2ms, total 9ms
05-21 11:09:45.486 D/dalvikvm(24798): GC_CONCURRENT freed 421K, 70% free 751K/2504K, paused 1ms+0ms, total 6ms
05-21 11:09:45.627 D/dalvikvm(24798): GC_CONCURRENT freed 461K, 70% free 757K/2504K, paused 2ms+1ms, total 15ms
05-21 11:09:45.728 D/dalvikvm(24798): GC_CONCURRENT freed 464K, 70% free 758K/2504K, paused 0ms+2ms, total 6ms
05-21 11:09:45.806 D/dalvikvm(24798): GC_CONCURRENT freed 398K, 70% free 754K/2504K, paused 1ms+1ms, total 6ms
05-21 11:09:45.892 D/dalvikvm(24798): GC_CONCURRENT freed 462K, 70% free 758K/2504K, paused 0ms+1ms, total 6ms
05-21 11:09:45.994 D/dalvikvm(24798): GC_CONCURRENT freed 414K, 71% free 734K/2504K, paused 1ms+0ms, total 5ms
05-21 11:09:46.119 D/dalvikvm(24798): GC_CONCURRENT freed 442K, 70% free 759K/2504K, paused 0ms+2ms, total 6ms
05-21 11:09:46.228 D/dalvikvm(24798): GC_CONCURRENT freed 393K, 70% free 754K/2504K, paused 0ms+0ms, total 6ms
05-21 11:09:46.314 D/dalvikvm(24798): GC_CONCURRENT freed 390K, 71% free 747K/2504K, paused 1ms+0ms, total 5ms
05-21 11:09:46.392 D/dalvikvm(24798): GC_CONCURRENT freed 461K, 70% free 755K/2504K, paused 0ms+2ms, total 6ms
05-21 11:09:46.510 D/dalvikvm(24798): GC_CONCURRENT freed 459K, 70% free 759K/2504K, paused 1ms+2ms, total 7ms
05-21 11:09:46.642 D/dalvikvm(  374): GC_EXPLICIT freed 2636K, 24% free 22011K/28664K, paused 3ms+15ms, total 170ms
05-21 11:09:46.658 D/dalvikvm(24798): GC_CONCURRENT freed 424K, 71% free 732K/2504K, paused 2ms+1ms, total 7ms
05-21 11:09:46.760 D/dalvikvm(24798): GC_CONCURRENT freed 437K, 70% free 758K/2504K, paused 1ms+1ms, total 7ms
05-21 11:09:46.877 D/dalvikvm(24798): GC_CONCURRENT freed 398K, 70% free 754K/2504K, paused 0ms+0ms, total 5ms
05-21 11:09:46.994 D/dalvikvm(24798): GC_CONCURRENT freed 459K, 70% free 758K/2504K, paused 0ms+1ms, total 6ms
05-21 11:09:47.096 D/dalvikvm(  448): GC_CONCURRENT freed 1498K, 15% free 13588K/15944K, paused 3ms+15ms, total 69ms
05-21 11:09:47.111 D/dalvikvm(24798): GC_CONCURRENT freed 397K, 70% free 754K/2504K, paused 1ms+1ms, total 6ms
05-21 11:09:47.205 D/dalvikvm(24798): GC_CONCURRENT freed 453K, 70% free 758K/2504K, paused 1ms+2ms, total 7ms
05-21 11:09:47.275 D/dalvikvm(24798): GC_CONCURRENT freed 422K, 71% free 734K/2504K, paused 0ms+0ms, total 4ms
05-21 11:09:47.369 D/dalvikvm(24798): GC_CONCURRENT freed 440K, 70% free 758K/2504K, paused 0ms+1ms, total 6ms
05-21 11:09:47.455 D/dalvikvm(24798): GC_CONCURRENT freed 397K, 70% free 754K/2504K, paused 1ms+1ms, total 6ms
05-21 11:09:47.549 D/dalvikvm(24798): GC_CONCURRENT freed 458K, 70% free 759K/2504K, paused 1ms+2ms, total 7ms
05-21 11:09:47.619 D/dalvikvm(24798): GC_CONCURRENT freed 418K, 71% free 734K/2504K, paused 0ms+0ms, total 5ms
05-21 11:09:47.713 D/dalvikvm(24798): GC_CONCURRENT freed 438K, 70% free 758K/2504K, paused 0ms+1ms, total 6ms
05-21 11:09:47.791 D/dalvikvm(24798): GC_CONCURRENT freed 418K, 71% free 734K/2504K, paused 1ms+0ms, total 6ms
05-21 11:09:47.877 D/dalvikvm(24798): GC_CONCURRENT freed 439K, 70% free 758K/2504K, paused 1ms+2ms, total 7ms
05-21 11:09:47.955 D/dalvikvm(24798): GC_CONCURRENT freed 397K, 70% free 754K/2504K, paused 2ms+0ms, total 6ms
05-21 11:09:48.049 D/dalvikvm(24798): GC_CONCURRENT freed 390K, 71% free 747K/2504K, paused 1ms+0ms, total 5ms
05-21 11:09:48.119 D/dalvikvm(24798): GC_CONCURRENT freed 462K, 70% free 754K/2504K, paused 0ms+2ms, total 6ms
05-21 11:09:48.236 D/dalvikvm(24798): GC_CONCURRENT freed 459K, 70% free 758K/2504K, paused 1ms+2ms, total 7ms
05-21 11:09:48.314 D/dalvikvm(24798): GC_CONCURRENT freed 423K, 71% free 732K/2504K, paused 1ms+1ms, total 6ms
05-21 11:09:48.400 D/dalvikvm(24798): GC_CONCURRENT freed 368K, 71% free 748K/2504K, paused 1ms+0ms, total 5ms
05-21 11:09:48.541 D/dalvikvm(24798): GC_CONCURRENT freed 367K, 70% free 765K/2504K, paused 1ms+0ms, total 6ms
05-21 11:09:48.611 D/dalvikvm(24798): GC_CONCURRENT freed 467K, 70% free 753K/2504K, paused 0ms+0ms, total 5ms
05-21 11:09:48.744 D/dalvikvm(24798): GC_CONCURRENT freed 449K, 70% free 759K/2504K, paused 0ms+3ms, total 10ms
05-21 11:09:48.869 D/dalvikvm(24798): GC_CONCURRENT freed 406K, 71% free 736K/2504K, paused 1ms+0ms, total 6ms
05-21 11:09:49.002 D/dalvikvm(24798): GC_CONCURRENT freed 388K, 71% free 733K/2504K, paused 0ms+0ms, total 6ms
05-21 11:09:49.103 D/dalvikvm(24798): GC_CONCURRENT freed 370K, 71% free 747K/2504K, paused 1ms+0ms, total 5ms
05-21 11:09:49.181 D/dalvikvm(24798): GC_CONCURRENT freed 367K, 70% free 763K/2504K, paused 2ms+1ms, total 6ms
05-21 11:09:49.267 D/dalvikvm(24798): GC_CONCURRENT freed 468K, 70% free 751K/2504K, paused 2ms+1ms, total 7ms
05-21 11:09:49.361 D/dalvikvm(24798): GC_CONCURRENT freed 388K, 71% free 747K/2504K, paused 1ms+0ms, total 5ms
05-21 11:09:49.431 D/dalvikvm(24798): GC_CONCURRENT freed 367K, 70% free 763K/2504K, paused 1ms+0ms, total 6ms
05-21 11:09:49.517 D/dalvikvm(24798): GC_CONCURRENT freed 468K, 70% free 751K/2504K, paused 1ms+0ms, total 6ms
05-21 11:09:49.611 D/dalvikvm(24798): GC_CONCURRENT freed 388K, 71% free 747K/2504K, paused 1ms+0ms, total 5ms
05-21 11:09:49.689 D/dalvikvm(24798): GC_CONCURRENT freed 367K, 70% free 763K/2504K, paused 2ms+1ms, total 6ms
05-21 11:09:49.767 D/dalvikvm(24798): GC_CONCURRENT freed 468K, 70% free 751K/2504K, paused 2ms+1ms, total 6ms
05-21 11:09:49.861 D/dalvikvm(24798): GC_CONCURRENT freed 388K, 71% free 747K/2504K, paused 2ms+1ms, total 6ms
05-21 11:09:49.939 D/dalvikvm(24798): GC_CONCURRENT freed 367K, 70% free 763K/2504K, paused 2ms+0ms, total 6ms
05-21 11:09:50.017 D/dalvikvm(24798): GC_CONCURRENT freed 468K, 70% free 751K/2504K, paused 2ms+1ms, total 6ms
05-21 11:09:50.111 D/dalvikvm(24798): GC_CONCURRENT freed 388K, 71% free 747K/2504K, paused 1ms+0ms, total 5ms
05-21 11:09:50.189 D/dalvikvm(24798): GC_CONCURRENT freed 367K, 70% free 763K/2504K, paused 1ms+0ms, total 6ms
05-21 11:09:50.267 D/dalvikvm(24798): GC_CONCURRENT freed 468K, 70% free 751K/2504K, paused 1ms+0ms, total 6ms
05-21 11:09:50.361 D/dalvikvm(24798): GC_CONCURRENT freed 388K, 71% free 747K/2504K, paused 2ms+1ms, total 6ms
05-21 11:09:50.431 D/dalvikvm(  448): GC_CONCURRENT freed 1512K, 16% free 13523K/15944K, paused 3ms+20ms, total 64ms
05-21 11:09:50.510 D/dalvikvm(24798): GC_CONCURRENT freed 367K, 70% free 763K/2504K, paused 2ms+1ms, total 6ms
05-21 11:09:51.127 D/dalvikvm(24798): GC_CONCURRENT freed 485K, 74% free 661K/2504K, paused 1ms+1ms, total 5ms
05-21 11:09:51.236 D/dalvikvm(24798): GC_CONCURRENT freed 311K, 71% free 734K/2504K, paused 1ms+0ms, total 5ms
05-21 11:09:51.330 D/dalvikvm(24798): GC_CONCURRENT freed 375K, 71% free 742K/2504K, paused 1ms+0ms, total 5ms
05-21 11:09:51.408 D/dalvikvm(24798): GC_CONCURRENT freed 367K, 70% free 758K/2504K, paused 1ms+0ms, total 6ms
05-21 11:09:51.486 D/dalvikvm(24798): GC_CONCURRENT freed 467K, 70% free 753K/2504K, paused 0ms+0ms, total 5ms
05-21 11:09:51.588 D/dalvikvm(24798): GC_CONCURRENT freed 389K, 71% free 747K/2504K, paused 2ms+1ms, total 6ms
05-21 11:09:51.658 D/dalvikvm(24798): GC_CONCURRENT freed 367K, 70% free 764K/2504K, paused 2ms+1ms, total 6ms
05-21 11:09:51.736 D/dalvikvm(24798): GC_CONCURRENT freed 467K, 70% free 753K/2504K, paused 0ms+0ms, total 5ms
05-21 11:09:51.830 D/dalvikvm(24798): GC_CONCURRENT freed 389K, 71% free 748K/2504K, paused 1ms+0ms, total 6ms
05-21 11:09:51.931 D/dalvikvm(24798): GC_CONCURRENT freed 367K, 70% free 764K/2504K, paused 1ms+0ms, total 6ms
05-21 11:09:52.002 D/dalvikvm(24798): GC_CONCURRENT freed 467K, 70% free 752K/2504K, paused 0ms+0ms, total 5ms
05-21 11:09:52.119 D/dalvikvm(24798): GC_CONCURRENT freed 389K, 71% free 747K/2504K, paused 1ms+0ms, total 5ms
05-21 11:09:52.244 D/dalvikvm(24798): GC_CONCURRENT freed 367K, 70% free 763K/2504K, paused 1ms+1ms, total 6ms
05-21 11:09:52.330 D/dalvikvm(24798): GC_CONCURRENT freed 468K, 70% free 751K/2504K, paused 1ms+0ms, total 6ms
05-21 11:09:52.424 D/dalvikvm(24798): GC_CONCURRENT freed 388K, 70% free 767K/2504K, paused 0ms+0ms, total 5ms
05-21 11:09:52.517 D/dalvikvm(24798): GC_CONCURRENT freed 489K, 71% free 731K/2504K, paused 0ms+0ms, total 5ms
05-21 11:09:52.627 D/dalvikvm(24798): GC_CONCURRENT freed 368K, 71% free 747K/2504K, paused 1ms+0ms, total 5ms
05-21 11:09:52.697 D/dalvikvm(24798): GC_CONCURRENT freed 367K, 70% free 763K/2504K, paused 1ms+0ms, total 6ms
05-21 11:09:52.783 D/dalvikvm(24798): GC_CONCURRENT freed 468K, 70% free 751K/2504K, paused 1ms+0ms, total 6ms
05-21 11:09:52.900 D/dalvikvm(24798): GC_CONCURRENT freed 388K, 70% free 767K/2504K, paused 0ms+0ms, total 4ms
05-21 11:09:52.994 D/dalvikvm(24798): GC_CONCURRENT freed 489K, 71% free 731K/2504K, paused 0ms+0ms, total 5ms
05-21 11:09:53.135 D/dalvikvm(24798): GC_CONCURRENT freed 368K, 70% free 767K/2504K, paused 1ms+1ms, total 6ms
05-21 11:09:53.221 D/dalvikvm(24798): GC_CONCURRENT freed 488K, 71% free 731K/2504K, paused 0ms+0ms, total 5ms
05-21 11:09:53.338 D/dalvikvm(24798): GC_CONCURRENT freed 436K, 70% free 758K/2504K, paused 0ms+1ms, total 6ms
05-21 11:09:53.416 D/dalvikvm(24798): GC_CONCURRENT freed 418K, 71% free 734K/2504K, paused 1ms+0ms, total 6ms
05-21 11:09:53.517 D/dalvikvm(24798): GC_CONCURRENT freed 442K, 70% free 760K/2504K, paused 0ms+2ms, total 7ms
05-21 11:09:53.596 D/dalvikvm(24798): GC_CONCURRENT freed 413K, 71% free 734K/2504K, paused 0ms+0ms, total 5ms
05-21 11:09:53.713 D/dalvikvm(24798): GC_CONCURRENT freed 439K, 70% free 760K/2504K, paused 0ms+1ms, total 6ms
05-21 11:09:53.830 D/dalvikvm(24798): GC_CONCURRENT freed 418K, 71% free 734K/2504K, paused 2ms+0ms, total 12ms
05-21 11:09:53.939 D/dalvikvm(24798): GC_CONCURRENT freed 426K, 70% free 758K/2504K, paused 0ms+2ms, total 6ms
05-21 11:09:54.025 D/dalvikvm(24798): GC_CONCURRENT freed 428K, 71% free 737K/2504K, paused 1ms+0ms, total 12ms
05-21 11:09:54.111 D/dalvikvm(24798): GC_CONCURRENT freed 373K, 71% free 748K/2504K, paused 1ms+1ms, total 6ms
05-21 11:09:54.189 D/dalvikvm(24798): GC_CONCURRENT freed 367K, 70% free 764K/2504K, paused 1ms+0ms, total 6ms
