05-21 10:49:25.056 W/MountService(  374): getVolumeState(/mnt/sdcard/external_sd): Unknown volume
05-21 10:49:25.603 W/MountService(  374): getVolumeState(/storage/emulated/0/external_sd): Unknown volume
05-21 10:49:25.603 W/MountService(  374): getVolumeState(/mnt/sdcard-ext): Unknown volume
05-21 10:49:25.603 W/MountService(  374): getVolumeState(/mnt/ext_sdcard): Unknown volume
05-21 10:49:25.603 W/MountService(  374): getVolumeState(/mnt/sdcard2): Unknown volume
05-21 10:49:25.611 W/MountService(  374): getVolumeState(/mnt/emmc): Unknown volume
05-21 10:49:25.611 W/MountService(  374): getVolumeState(/mnt/extSdCard): Unknown volume
05-21 10:49:25.611 W/MountService(  374): getVolumeState(/mnt/sdcard/SD_CARD): Unknown volume
05-21 10:49:25.611 W/MountService(  374): getVolumeState(/mnt/sdcard/extra_sd): Unknown volume
05-21 10:49:25.611 W/MountService(  374): getVolumeState(/mnt/extrasd_bind): Unknown volume
05-21 10:49:25.611 W/MountService(  374): getVolumeState(/mnt/sdcard/ext_sd): Unknown volume
05-21 10:49:25.619 W/MountService(  374): getVolumeState(/storage/extSdCard): Unknown volume
05-21 10:49:25.619 W/MountService(  374): getVolumeState(/storage/sdcard1): Unknown volume
05-21 10:49:25.619 W/MountService(  374): getVolumeState(/mnt/sdcard/external_SD): Unknown volume
05-21 10:49:25.619 W/MountService(  374): getVolumeState(/mnt/sdcard/external_sd): Unknown volume
05-21 10:50:25.111 W/MountService(  374): getVolumeState(/storage/emulated/0/external_sd): Unknown volume
05-21 10:50:25.111 W/MountService(  374): getVolumeState(/mnt/sdcard-ext): Unknown volume
05-21 10:50:25.111 W/MountService(  374): getVolumeState(/mnt/ext_sdcard): Unknown volume
05-21 10:50:25.111 W/MountService(  374): getVolumeState(/mnt/sdcard2): Unknown volume
05-21 10:50:25.119 W/MountService(  374): getVolumeState(/mnt/emmc): Unknown volume
05-21 10:50:25.119 W/MountService(  374): getVolumeState(/mnt/extSdCard): Unknown volume
05-21 10:50:25.119 W/MountService(  374): getVolumeState(/mnt/sdcard/SD_CARD): Unknown volume
05-21 10:50:25.119 W/MountService(  374): getVolumeState(/mnt/sdcard/extra_sd): Unknown volume
05-21 10:50:25.119 W/MountService(  374): getVolumeState(/mnt/extrasd_bind): Unknown volume
05-21 10:50:25.119 W/MountService(  374): getVolumeState(/mnt/sdcard/ext_sd): Unknown volume
05-21 10:50:25.119 W/MountService(  374): getVolumeState(/storage/extSdCard): Unknown volume
05-21 10:50:25.127 W/MountService(  374): getVolumeState(/storage/sdcard1): Unknown volume
05-21 10:50:25.127 W/MountService(  374): getVolumeState(/mnt/sdcard/external_SD): Unknown volume
05-21 10:50:25.127 W/MountService(  374): getVolumeState(/mnt/sdcard/external_sd): Unknown volume
05-21 10:50:25.463 W/MountService(  374): getVolumeState(/storage/emulated/0/external_sd): Unknown volume
05-21 10:50:25.463 W/MountService(  374): getVolumeState(/mnt/sdcard-ext): Unknown volume
05-21 10:50:25.463 W/MountService(  374): getVolumeState(/mnt/ext_sdcard): Unknown volume
05-21 10:50:25.463 W/MountService(  374): getVolumeState(/mnt/sdcard2): Unknown volume
05-21 10:50:25.463 W/MountService(  374): getVolumeState(/mnt/emmc): Unknown volume
05-21 10:50:25.463 W/MountService(  374): getVolumeState(/mnt/extSdCard): Unknown volume
05-21 10:50:25.463 W/MountService(  374): getVolumeState(/mnt/sdcard/SD_CARD): Unknown volume
05-21 10:50:25.463 W/MountService(  374): getVolumeState(/mnt/sdcard/extra_sd): Unknown volume
05-21 10:50:25.471 W/MountService(  374): getVolumeState(/mnt/extrasd_bind): Unknown volume
05-21 10:50:25.471 W/MountService(  374): getVolumeState(/mnt/sdcard/ext_sd): Unknown volume
05-21 10:50:25.471 W/MountService(  374): getVolumeState(/storage/extSdCard): Unknown volume
05-21 10:50:25.471 W/MountService(  374): getVolumeState(/storage/sdcard1): Unknown volume
05-21 10:50:25.471 W/MountService(  374): getVolumeState(/mnt/sdcard/external_SD): Unknown volume
05-21 10:50:25.471 W/MountService(  374): getVolumeState(/mnt/sdcard/external_sd): Unknown volume
05-21 10:50:41.353 I/ActivityManager(  374): No longer want com.qihoo360.mobilesafe:PcDaemon (pid 22725): empty for 1806s
05-21 10:50:41.361 W/ActivityManager(  374): Scheduling restart of crashed service com.qihoo360.mobilesafe/.pcdaemon.service.DaemonService in 5000ms
05-21 10:50:46.392 I/ActivityManager(  374): Start proc com.qihoo360.mobilesafe:PcDaemon for service com.qihoo360.mobilesafe/.pcdaemon.service.DaemonService: pid=23863 uid=10069 gids={50069, 3003, 1015, 3001, 3002, 1006, 1028}
05-21 10:51:25.213 W/MountService(  374): getVolumeState(/storage/emulated/0/external_sd): Unknown volume
05-21 10:51:25.213 W/MountService(  374): getVolumeState(/mnt/sdcard-ext): Unknown volume
05-21 10:51:25.213 W/MountService(  374): getVolumeState(/mnt/ext_sdcard): Unknown volume
05-21 10:51:25.221 W/MountService(  374): getVolumeState(/mnt/sdcard2): Unknown volume
05-21 10:51:25.221 W/MountService(  374): getVolumeState(/mnt/emmc): Unknown volume
05-21 10:51:25.221 W/MountService(  374): getVolumeState(/mnt/extSdCard): Unknown volume
05-21 10:51:25.221 W/MountService(  374): getVolumeState(/mnt/sdcard/SD_CARD): Unknown volume
05-21 10:51:25.221 W/MountService(  374): getVolumeState(/mnt/sdcard/extra_sd): Unknown volume
05-21 10:51:25.228 W/MountService(  374): getVolumeState(/mnt/extrasd_bind): Unknown volume
05-21 10:51:25.236 W/MountService(  374): getVolumeState(/mnt/sdcard/ext_sd): Unknown volume
05-21 10:51:25.236 W/MountService(  374): getVolumeState(/storage/extSdCard): Unknown volume
05-21 10:51:25.236 W/MountService(  374): getVolumeState(/storage/sdcard1): Unknown volume
05-21 10:51:25.252 W/MountService(  374): getVolumeState(/mnt/sdcard/external_SD): Unknown volume
05-21 10:51:25.252 W/MountService(  374): getVolumeState(/mnt/sdcard/external_sd): Unknown volume
05-21 10:51:25.713 W/MountService(  374): getVolumeState(/storage/emulated/0/external_sd): Unknown volume
05-21 10:51:25.713 W/MountService(  374): getVolumeState(/mnt/sdcard-ext): Unknown volume
05-21 10:51:25.713 W/MountService(  374): getVolumeState(/mnt/ext_sdcard): Unknown volume
05-21 10:51:25.721 W/MountService(  374): getVolumeState(/mnt/sdcard2): Unknown volume
05-21 10:51:25.721 W/MountService(  374): getVolumeState(/mnt/emmc): Unknown volume
05-21 10:51:25.721 W/MountService(  374): getVolumeState(/mnt/extSdCard): Unknown volume
05-21 10:51:25.721 W/MountService(  374): getVolumeState(/mnt/sdcard/SD_CARD): Unknown volume
05-21 10:51:25.721 W/MountService(  374): getVolumeState(/mnt/sdcard/extra_sd): Unknown volume
05-21 10:51:25.728 W/MountService(  374): getVolumeState(/mnt/extrasd_bind): Unknown volume
05-21 10:51:25.728 W/MountService(  374): getVolumeState(/mnt/sdcard/ext_sd): Unknown volume
05-21 10:51:25.728 W/MountService(  374): getVolumeState(/storage/extSdCard): Unknown volume
05-21 10:51:25.736 W/MountService(  374): getVolumeState(/storage/sdcard1): Unknown volume
05-21 10:51:25.775 W/MountService(  374): getVolumeState(/mnt/sdcard/external_SD): Unknown volume
05-21 10:51:25.775 W/MountService(  374): getVolumeState(/mnt/sdcard/external_sd): Unknown volume
05-21 10:51:29.986 I/ActivityManager(  374): Start proc com.pekall.emdm.launcher:remote for service com.pekall.emdm.launcher/com.baidu.location.f: pid=23878 uid=10066 gids={50066, 1015, 3002, 3001, 3003, 1028}
05-21 10:51:30.455 D/ActivityThread(23878): Loading provider com.pekall.semail.provider;com.pekall.semail.notifier: com.pekall.semail.provider.EmailProvider
05-21 10:51:30.494 D/ActivityThread(23878): Loading provider com.pekall.semail.provider;com.pekall.semail.notifier: com.pekall.semail.provider.EmailProvider
05-21 10:51:36.463 W/ActivityManager(  374): Unable to start service Intent { cmp=com.pekall.emdm.launcher/com.pekall.semail.service.AttachmentDownloadService } U=0: not found
05-21 10:51:50.041 W/ActivityManager(  374): Timeout executing service: ServiceRecord{429e5318 u0 com.pekall.emdm.launcher/com.baidu.location.f}
05-21 10:51:55.564 E/ActivityManager(  374): ANR in com.pekall.emdm.launcher:remote
05-21 10:51:55.564 E/ActivityManager(  374): Reason: Executing service com.pekall.emdm.launcher/com.baidu.location.f
05-21 10:51:55.564 E/ActivityManager(  374): Load: 1.66 / 1.26 / 1.48
05-21 10:51:55.564 E/ActivityManager(  374): CPU usage from 0ms to 5466ms later with 99% awake:
05-21 10:51:55.564 E/ActivityManager(  374):   83% 23878/com.pekall.emdm.launcher:remote: 83% user + 0.1% kernel / faults: 108 minor
05-21 10:51:55.564 E/ActivityManager(  374):   79% 23086/com.pekall.emdm.launcher: 79% user + 0% kernel
05-21 10:51:55.564 E/ActivityManager(  374):   27% 374/system_server: 22% user + 5.3% kernel / faults: 628 minor
05-21 10:51:55.564 E/ActivityManager(  374):   0.7% 448/com.android.systemui: 0.6% user + 0% kernel / faults: 35 minor
05-21 10:51:55.564 E/ActivityManager(  374):   0.9% 561/com.android.phone: 0.5% user + 0.3% kernel / faults: 31 minor
05-21 10:51:55.564 E/ActivityManager(  374):   0% 568/com.android.nfc: 0% user + 0% kernel / faults: 28 minor
05-21 10:51:55.564 E/ActivityManager(  374):   0.1% 135/adbd: 0% user + 0.1% kernel
05-21 10:51:55.564 E/ActivityManager(  374):   0.1% 23830/com.nd.assistance.ServerService: 0% user + 0.1% kernel / faults: 18 minor
05-21 10:51:55.564 E/ActivityManager(  374): 100% TOTAL: 96% user + 3.4% kernel
05-21 10:51:55.564 E/ActivityManager(  374): CPU usage from 4647ms to 5210ms later:
05-21 10:51:55.564 E/ActivityManager(  374):   98% 23878/com.pekall.emdm.launcher:remote: 98% user + 0% kernel
05-21 10:51:55.564 E/ActivityManager(  374):     100% 23892/Thread-3223: 100% user + 0% kernel
05-21 10:51:55.564 E/ActivityManager(  374):   94% 23086/com.pekall.emdm.launcher: 94% user + 0% kernel
05-21 10:51:55.564 E/ActivityManager(  374):     92% 23099/Thread-3174: 92% user + 0% kernel
05-21 10:51:55.564 E/ActivityManager(  374):   7.1% 374/system_server: 3.5% user + 3.5% kernel
05-21 10:51:55.564 E/ActivityManager(  374):     7.1% 390/ActivityManager: 1.7% user + 5.3% kernel
05-21 10:51:55.564 E/ActivityManager(  374): 100% TOTAL: 98% user + 1.7% kernel
05-21 10:51:55.564 W/ActivityManager(  374): Killing ProcessRecord{426eba30 23878:com.pekall.emdm.launcher:remote/u0a10066}: background ANR
05-21 10:51:55.588 I/ActivityManager(  374): Process com.pekall.emdm.launcher:remote (pid 23878) has died.
05-21 10:51:55.588 W/ActivityManager(  374): Scheduling restart of crashed service com.pekall.emdm.launcher/com.baidu.location.f in 3567360ms
05-21 10:52:25.299 W/MountService(  374): getVolumeState(/storage/emulated/0/external_sd): Unknown volume
05-21 10:52:25.299 W/MountService(  374): getVolumeState(/mnt/sdcard-ext): Unknown volume
05-21 10:52:25.306 W/MountService(  374): getVolumeState(/mnt/ext_sdcard): Unknown volume
05-21 10:52:25.306 W/MountService(  374): getVolumeState(/mnt/sdcard2): Unknown volume
05-21 10:52:25.306 W/MountService(  374): getVolumeState(/mnt/emmc): Unknown volume
05-21 10:52:25.306 W/MountService(  374): getVolumeState(/mnt/extSdCard): Unknown volume
05-21 10:52:25.306 W/MountService(  374): getVolumeState(/mnt/sdcard/SD_CARD): Unknown volume
05-21 10:52:25.314 W/MountService(  374): getVolumeState(/mnt/sdcard/extra_sd): Unknown volume
05-21 10:52:25.322 W/MountService(  374): getVolumeState(/mnt/extrasd_bind): Unknown volume
05-21 10:52:25.322 W/MountService(  374): getVolumeState(/mnt/sdcard/ext_sd): Unknown volume
05-21 10:52:25.322 W/MountService(  374): getVolumeState(/storage/extSdCard): Unknown volume
05-21 10:52:25.322 W/MountService(  374): getVolumeState(/storage/sdcard1): Unknown volume
05-21 10:52:25.322 W/MountService(  374): getVolumeState(/mnt/sdcard/external_SD): Unknown volume
05-21 10:52:25.330 W/MountService(  374): getVolumeState(/mnt/sdcard/external_sd): Unknown volume
05-21 10:52:25.650 W/MountService(  374): getVolumeState(/storage/emulated/0/external_sd): Unknown volume
05-21 10:52:25.650 W/MountService(  374): getVolumeState(/mnt/sdcard-ext): Unknown volume
05-21 10:52:25.650 W/MountService(  374): getVolumeState(/mnt/ext_sdcard): Unknown volume
05-21 10:52:25.658 W/MountService(  374): getVolumeState(/mnt/sdcard2): Unknown volume
05-21 10:52:25.658 W/MountService(  374): getVolumeState(/mnt/emmc): Unknown volume
05-21 10:52:25.658 W/MountService(  374): getVolumeState(/mnt/extSdCard): Unknown volume
05-21 10:52:25.658 W/MountService(  374): getVolumeState(/mnt/sdcard/SD_CARD): Unknown volume
05-21 10:52:25.658 W/MountService(  374): getVolumeState(/mnt/sdcard/extra_sd): Unknown volume
05-21 10:52:25.666 W/MountService(  374): getVolumeState(/mnt/extrasd_bind): Unknown volume
05-21 10:52:25.666 W/MountService(  374): getVolumeState(/mnt/sdcard/ext_sd): Unknown volume
05-21 10:52:25.666 W/MountService(  374): getVolumeState(/storage/extSdCard): Unknown volume
05-21 10:52:25.666 W/MountService(  374): getVolumeState(/storage/sdcard1): Unknown volume
05-21 10:52:25.666 W/MountService(  374): getVolumeState(/mnt/sdcard/external_SD): Unknown volume
05-21 10:52:25.674 W/MountService(  374): getVolumeState(/mnt/sdcard/external_sd): Unknown volume
05-21 10:53:14.783 I/PowerManagerService(  374): Waking up from sleep...
05-21 10:53:14.939 I/WindowManager(  374): Lock screen displayed!
05-21 10:53:15.939 D/PhoneStatusBar(  448): disable: < expand icons alerts ticker system_info BACK HOME recent* CLOCK search* >
05-21 10:53:16.002 D/PhoneStatusBar(  448): disable: < expand icons alerts ticker system_info back* home* recent clock* search >
05-21 10:53:16.510 W/InputMethodManagerService(  374): Window already focused, ignoring focus gain of: com.android.internal.view.IInputMethodClient$Stub$Proxy@4286f870 attribute=android.view.inputmethod.EditorInfo@429fef60, token = android.os.BinderProxy@425e1870
05-21 10:53:17.072 V/PanelView(  448): animationTick called with dtms=0; nothing to do (h=759.0 v=2057.1194)
05-21 10:53:25.385 W/MountService(  374): getVolumeState(/storage/emulated/0/external_sd): Unknown volume
05-21 10:53:25.385 W/MountService(  374): getVolumeState(/mnt/sdcard-ext): Unknown volume
05-21 10:53:25.385 W/MountService(  374): getVolumeState(/mnt/ext_sdcard): Unknown volume
05-21 10:53:25.385 W/MountService(  374): getVolumeState(/mnt/sdcard2): Unknown volume
05-21 10:53:25.385 W/MountService(  374): getVolumeState(/mnt/emmc): Unknown volume
05-21 10:53:25.385 W/MountService(  374): getVolumeState(/mnt/extSdCard): Unknown volume
05-21 10:53:25.385 W/MountService(  374): getVolumeState(/mnt/sdcard/SD_CARD): Unknown volume
05-21 10:53:25.385 W/MountService(  374): getVolumeState(/mnt/sdcard/extra_sd): Unknown volume
05-21 10:53:25.392 W/MountService(  374): getVolumeState(/mnt/extrasd_bind): Unknown volume
05-21 10:53:25.392 W/MountService(  374): getVolumeState(/mnt/sdcard/ext_sd): Unknown volume
05-21 10:53:25.392 W/MountService(  374): getVolumeState(/storage/extSdCard): Unknown volume
05-21 10:53:25.392 W/MountService(  374): getVolumeState(/storage/sdcard1): Unknown volume
05-21 10:53:25.392 W/MountService(  374): getVolumeState(/mnt/sdcard/external_SD): Unknown volume
05-21 10:53:25.392 W/MountService(  374): getVolumeState(/mnt/sdcard/external_sd): Unknown volume
05-21 10:53:25.658 W/MountService(  374): getVolumeState(/storage/emulated/0/external_sd): Unknown volume
05-21 10:53:25.658 W/MountService(  374): getVolumeState(/mnt/sdcard-ext): Unknown volume
05-21 10:53:25.658 W/MountService(  374): getVolumeState(/mnt/ext_sdcard): Unknown volume
05-21 10:53:25.658 W/MountService(  374): getVolumeState(/mnt/sdcard2): Unknown volume
05-21 10:53:25.658 W/MountService(  374): getVolumeState(/mnt/emmc): Unknown volume
05-21 10:53:25.658 W/MountService(  374): getVolumeState(/mnt/extSdCard): Unknown volume
05-21 10:53:25.658 W/MountService(  374): getVolumeState(/mnt/sdcard/SD_CARD): Unknown volume
05-21 10:53:25.658 W/MountService(  374): getVolumeState(/mnt/sdcard/extra_sd): Unknown volume
05-21 10:53:25.658 W/MountService(  374): getVolumeState(/mnt/extrasd_bind): Unknown volume
05-21 10:53:25.666 W/MountService(  374): getVolumeState(/mnt/sdcard/ext_sd): Unknown volume
05-21 10:53:25.666 W/MountService(  374): getVolumeState(/storage/extSdCard): Unknown volume
05-21 10:53:25.666 W/MountService(  374): getVolumeState(/storage/sdcard1): Unknown volume
05-21 10:53:25.666 W/MountService(  374): getVolumeState(/mnt/sdcard/external_SD): Unknown volume
05-21 10:53:25.666 W/MountService(  374): getVolumeState(/mnt/sdcard/external_sd): Unknown volume
05-21 10:53:46.791 I/PowerManagerService(  374): Going to sleep due to screen timeout...
05-21 10:53:47.330 I/PowerManagerService(  374): Waking up from sleep...
05-21 10:53:47.517 W/InputMethodManagerService(  374): Window already focused, ignoring focus gain of: com.android.internal.view.IInputMethodClient$Stub$Proxy@42a42bf0 attribute=android.view.inputmethod.EditorInfo@43020538, token = android.os.BinderProxy@425e1870
05-21 10:53:47.713 I/WindowManager(  374): No lock screen!
05-21 10:53:49.385 I/ActivityManager(  374): START u0 {flg=0x10000000 cmp=com.pekall.emdm.launcher/.ui.BackPersonalActivity} from pid 23086
05-21 10:53:49.431 I/ActivityManager(  374): START u0 {act=android.intent.action.VIEW flg=0x10200000 cmp=com.android.launcher/com.android.launcher2.Launcher} from pid 23086
05-21 10:53:56.674 I/ActivityManager(  374): START u0 {act=android.intent.action.MAIN cat=[android.intent.category.LAUNCHER] flg=0x10200000 cmp=com.android.settings/.Settings} from pid 576
05-21 10:53:56.994 W/ContextImpl(23570): Calling a method in the system process without a qualified user: android.app.ContextImpl.bindService:1439 android.content.ContextWrapper.bindService:496 android.bluetooth.BluetoothInputDevice.<init>:240 android.bluetooth.BluetoothAdapter.getProfileProxy:1168 com.android.settings.bluetooth.LocalBluetoothAdapter.getProfileProxy:94 
05-21 10:53:56.994 W/ContextImpl(23570): Calling a method in the system process without a qualified user: android.app.ContextImpl.bindService:1439 android.content.ContextWrapper.bindService:496 android.bluetooth.BluetoothPan.<init>:141 android.bluetooth.BluetoothAdapter.getProfileProxy:1171 com.android.settings.bluetooth.PanProfile.<init>:73 
05-21 10:53:57.002 W/ContextImpl(23570): Calling a method in the system process without a qualified user: android.app.ContextImpl.bindService:1439 android.content.ContextWrapper.bindService:496 android.bluetooth.BluetoothPbap.<init>:161 com.android.settings.bluetooth.PbapServerProfile.<init>:68 com.android.settings.bluetooth.LocalBluetoothProfileManager.<init>:124 
05-21 10:53:57.111 D/WifiService(  374): setWifiEnabled: true pid=23570, uid=1000
05-21 10:54:00.142 I/ActivityManager(  374): START u0 {act=android.intent.action.MAIN cmp=com.android.settings/.SubSettings (has extras)} from pid 23570
05-21 10:54:01.455 I/ActivityManager(  374): START u0 {act=android.intent.action.MAIN cmp=com.android.settings/.SubSettings (has extras)} from pid 23570
05-21 10:54:02.752 I/ActivityManager(  374): START u0 {cmp=com.android.settings/.DeviceAdminAdd (has extras)} from pid 23570
05-21 10:54:04.697 W/DevicePolicyManagerService(  374): Previous password owner 10066 no longer active; disabling
05-21 10:54:04.713 I/ActivityManager(  374): START u0 {flg=0x10000000 cmp=com.pekall.emdm.launcher/com.pekall.emdm.ui.ActiveDeviceAdminActivity} from pid 23086
05-21 10:54:04.822 W/InputMethodManagerService(  374): Focus gain on non-focused client com.android.internal.view.IInputMethodClient$Stub$Proxy@42d57e10 (uid=1000 pid=23570)
05-21 10:54:05.502 I/ActivityManager(  374): START u0 {act=launcher.action.to.personal cmp=com.pekall.emdm.launcher/.ui.BackPersonalActivity} from pid 23086
05-21 10:54:05.689 I/ActivityManager(  374): START u0 {act=android.intent.action.VIEW flg=0x10200000 cmp=com.android.launcher/com.android.launcher2.Launcher} from pid 23086
05-21 10:54:10.244 I/ActivityManager(  374): START u0 {act=android.intent.action.MAIN cat=[android.intent.category.LAUNCHER] flg=0x10200000 cmp=com.android.settings/.Settings} from pid 576
05-21 10:54:11.416 I/ActivityManager(  374): START u0 {act=android.intent.action.MAIN cmp=com.android.settings/.SubSettings (has extras)} from pid 23570
05-21 10:54:11.572 W/ContextImpl(23570): Calling a method in the system process without a qualified user: android.app.ContextImpl.bindService:1439 android.content.ContextWrapper.bindService:496 com.android.settings.applications.ManageApplications.onCreate:861 android.app.Fragment.performCreate:1673 android.app.FragmentManagerImpl.moveToState:854 
05-21 10:54:15.635 I/ActivityManager(  374): START u0 {act=android.intent.action.MAIN cmp=com.android.settings/.SubSettings (has extras)} from pid 23570
05-21 10:54:21.408 I/ActivityManager(  374): Force stopping package com.pekall.emdm.launcher appid=10066 user=0
05-21 10:54:21.408 I/ActivityManager(  374): Killing proc 23086:com.pekall.emdm.launcher/u0a10066: force stop com.pekall.emdm.launcher
05-21 10:54:21.408 W/ActivityManager(  374): Scheduling restart of crashed service com.pekall.emdm.launcher/com.pekall.emdm.contacts.service.PhoneService in 5000ms
05-21 10:54:21.408 W/ActivityManager(  374): Scheduling restart of crashed service com.pekall.emdm.launcher/com.pekall.emdm.MdmService in 14998ms
05-21 10:54:21.416 I/ActivityManager(  374):   Force finishing activity ActivityRecord{427d9d70 u0 com.pekall.emdm.launcher/.Launcher}
05-21 10:54:21.416 I/ActivityManager(  374):   Force stopping service ServiceRecord{42a24380 u0 com.pekall.emdm.launcher/com.pekall.emdm.contacts.service.PhoneService}
05-21 10:54:21.416 I/ActivityManager(  374):   Force stopping service ServiceRecord{42a29bf0 u0 com.pekall.emdm.launcher/com.pekall.emdm.MdmService}
05-21 10:54:21.455 I/WindowState(  374): WIN DEATH: Window{426d0aa0 u0 com.pekall.emdm.launcher/com.pekall.emdm.launcher.Launcher}
05-21 10:54:21.767 W/InputMethodManagerService(  374): Window already focused, ignoring focus gain of: com.android.internal.view.IInputMethodClient$Stub$Proxy@425a81f0 attribute=null, token = android.os.BinderProxy@42a43540
05-21 10:54:25.502 W/MountService(  374): getVolumeState(/storage/emulated/0/external_sd): Unknown volume
05-21 10:54:25.502 W/MountService(  374): getVolumeState(/mnt/sdcard-ext): Unknown volume
05-21 10:54:25.502 W/MountService(  374): getVolumeState(/mnt/ext_sdcard): Unknown volume
05-21 10:54:25.502 W/MountService(  374): getVolumeState(/mnt/sdcard2): Unknown volume
05-21 10:54:25.502 W/MountService(  374): getVolumeState(/mnt/emmc): Unknown volume
05-21 10:54:25.510 W/MountService(  374): getVolumeState(/mnt/extSdCard): Unknown volume
05-21 10:54:25.510 W/MountService(  374): getVolumeState(/mnt/sdcard/SD_CARD): Unknown volume
05-21 10:54:25.510 W/MountService(  374): getVolumeState(/mnt/sdcard/extra_sd): Unknown volume
05-21 10:54:25.510 W/MountService(  374): getVolumeState(/mnt/extrasd_bind): Unknown volume
05-21 10:54:25.517 W/MountService(  374): getVolumeState(/mnt/sdcard/ext_sd): Unknown volume
05-21 10:54:25.525 W/MountService(  374): getVolumeState(/storage/extSdCard): Unknown volume
05-21 10:54:25.525 W/MountService(  374): getVolumeState(/storage/sdcard1): Unknown volume
05-21 10:54:25.525 W/MountService(  374): getVolumeState(/mnt/sdcard/external_SD): Unknown volume
05-21 10:54:25.525 W/MountService(  374): getVolumeState(/mnt/sdcard/external_sd): Unknown volume
05-21 10:54:26.033 W/MountService(  374): getVolumeState(/storage/emulated/0/external_sd): Unknown volume
05-21 10:54:26.033 W/MountService(  374): getVolumeState(/mnt/sdcard-ext): Unknown volume
05-21 10:54:26.041 W/MountService(  374): getVolumeState(/mnt/ext_sdcard): Unknown volume
05-21 10:54:26.041 W/MountService(  374): getVolumeState(/mnt/sdcard2): Unknown volume
05-21 10:54:26.041 W/MountService(  374): getVolumeState(/mnt/emmc): Unknown volume
05-21 10:54:26.041 W/MountService(  374): getVolumeState(/mnt/extSdCard): Unknown volume
05-21 10:54:26.041 W/MountService(  374): getVolumeState(/mnt/sdcard/SD_CARD): Unknown volume
05-21 10:54:26.041 W/MountService(  374): getVolumeState(/mnt/sdcard/extra_sd): Unknown volume
05-21 10:54:26.049 W/MountService(  374): getVolumeState(/mnt/extrasd_bind): Unknown volume
05-21 10:54:26.049 W/MountService(  374): getVolumeState(/mnt/sdcard/ext_sd): Unknown volume
05-21 10:54:26.049 W/MountService(  374): getVolumeState(/storage/extSdCard): Unknown volume
05-21 10:54:26.049 W/MountService(  374): getVolumeState(/storage/sdcard1): Unknown volume
05-21 10:54:26.049 W/MountService(  374): getVolumeState(/mnt/sdcard/external_SD): Unknown volume
05-21 10:54:26.056 W/MountService(  374): getVolumeState(/mnt/sdcard/external_sd): Unknown volume
05-21 10:54:33.080 I/ActivityManager(  374): START u0 {act=android.intent.action.MAIN cat=[android.intent.category.LAUNCHER] flg=0x10200000 cmp=com.pekall.emdm.launcher/.Launcher} from pid 576
05-21 10:54:33.252 I/ActivityManager(  374): Start proc com.pekall.emdm.launcher for activity com.pekall.emdm.launcher/.Launcher: pid=24005 uid=10066 gids={50066, 1015, 3002, 3001, 3003, 1028}
05-21 10:54:34.166 I/ActivityManager(  374): START u0 {cmp=com.pekall.emdm.launcher/com.pekall.emdm.ui.SplashActivity} from pid 24005
05-21 10:54:34.674 W/ActivityManager(  374): Activity pause timeout for ActivityRecord{4228f510 u0 com.pekall.emdm.launcher/.Launcher}
05-21 10:54:35.142 W/ActivityManager(  374): Unable to start service Intent { cmp=com.pekall.emdm.launcher/com.pekall.semail.service.AttachmentDownloadService } U=0: not found
05-21 10:54:35.353 W/ActivityManager(  374): Unable to start service Intent { cmp=com.pekall.emdm.launcher/com.pekall.semail.service.AttachmentDownloadService } U=0: not found
05-21 10:54:37.385 I/ActivityManager(  374): START u0 {cmp=com.pekall.emdm.launcher/com.pekall.emdm.ui.AdvActivity} from pid 24005
05-21 10:54:42.338 I/ActivityManager(  374): START u0 {cmp=com.pekall.emdm.launcher/com.pekall.emdm.ui.ActiveDeviceAdminActivity} from pid 24005
05-21 10:54:43.330 I/ActivityManager(  374): START u0 {act=android.app.action.ADD_DEVICE_ADMIN cmp=com.android.settings/.DeviceAdminAdd (has extras)} from pid 24005
05-21 10:54:44.885 I/ActivityManager(  374): START u0 {cmp=com.pekall.emdm.launcher/com.pekall.emdm.ui.RegDeviceActivity} from pid 24005
05-21 10:54:48.822 I/ActivityManager(  374): No longer want com.dragon.android.pandaspace:bdservice_v1 (pid 22968): empty for 1801s
05-21 10:54:48.830 W/ActivityManager(  374): Scheduling restart of crashed service com.dragon.android.pandaspace/com.baidu.android.moplus.MoPlusService in 5000ms
05-21 10:54:53.846 I/ActivityManager(  374): Start proc com.dragon.android.pandaspace:bdservice_v1 for service com.dragon.android.pandaspace/com.baidu.android.moplus.MoPlusService: pid=24076 uid=10074 gids={50074, 1015, 3003, 1006, 1028}
05-21 10:55:09.611 I/ActivityManager(  374): START u0 {flg=0x8000 cmp=com.pekall.emdm.launcher/.Launcher} from pid 24005
05-21 10:55:11.424 W/ActivityManager(  374): Unable to start service Intent { cmp=com.pekall.emdm.launcher/com.pekall.semail.service.AttachmentDownloadService } U=0: not found
05-21 10:55:12.603 W/ActivityManager(  374): Unable to start service Intent { act=pekall.intent.action.DOWNLOAD_APP (has extras) } U=0: not found
05-21 10:55:21.681 W/DevicePolicyManagerService(  374): setPasswordExpiration(): password will expire on May 21, 2014 10:55:21 AM
05-21 10:55:23.892 I/ActivityManager(  374): Start proc com.pekall.emdm.launcher:remote for service com.pekall.emdm.launcher/com.baidu.location.f: pid=24148 uid=10066 gids={50066, 1015, 3002, 3001, 3003, 1028}
05-21 10:55:24.088 D/ActivityThread(24148): Loading provider com.pekall.semail.provider;com.pekall.semail.notifier: com.pekall.semail.provider.EmailProvider
05-21 10:55:24.088 D/ActivityThread(24148): Loading provider com.pekall.semail.provider;com.pekall.semail.notifier: com.pekall.semail.provider.EmailProvider
05-21 10:55:25.924 W/MountService(  374): getVolumeState(/storage/emulated/0/external_sd): Unknown volume
05-21 10:55:26.697 W/MountService(  374): getVolumeState(/mnt/sdcard-ext): Unknown volume
05-21 10:55:26.697 W/MountService(  374): getVolumeState(/mnt/ext_sdcard): Unknown volume
05-21 10:55:26.697 W/MountService(  374): getVolumeState(/mnt/sdcard2): Unknown volume
05-21 10:55:26.697 W/MountService(  374): getVolumeState(/mnt/emmc): Unknown volume
05-21 10:55:26.713 W/MountService(  374): getVolumeState(/mnt/extSdCard): Unknown volume
05-21 10:55:26.728 W/MountService(  374): getVolumeState(/mnt/sdcard/SD_CARD): Unknown volume
05-21 10:55:26.728 W/MountService(  374): getVolumeState(/mnt/sdcard/extra_sd): Unknown volume
05-21 10:55:26.728 W/MountService(  374): getVolumeState(/mnt/extrasd_bind): Unknown volume
05-21 10:55:26.728 W/MountService(  374): getVolumeState(/mnt/sdcard/ext_sd): Unknown volume
05-21 10:55:26.736 W/MountService(  374): getVolumeState(/storage/extSdCard): Unknown volume
05-21 10:55:26.744 W/MountService(  374): getVolumeState(/storage/sdcard1): Unknown volume
05-21 10:55:26.744 W/MountService(  374): getVolumeState(/mnt/sdcard/external_SD): Unknown volume
05-21 10:55:26.744 W/MountService(  374): getVolumeState(/mnt/sdcard/external_sd): Unknown volume
05-21 10:55:30.963 W/MountService(  374): getVolumeState(/storage/emulated/0/external_sd): Unknown volume
05-21 10:55:30.978 W/MountService(  374): getVolumeState(/mnt/sdcard-ext): Unknown volume
05-21 10:55:31.010 W/MountService(  374): getVolumeState(/mnt/ext_sdcard): Unknown volume
05-21 10:55:31.056 W/MountService(  374): getVolumeState(/mnt/sdcard2): Unknown volume
05-21 10:55:31.056 W/MountService(  374): getVolumeState(/mnt/emmc): Unknown volume
05-21 10:55:31.088 W/MountService(  374): getVolumeState(/mnt/extSdCard): Unknown volume
05-21 10:55:31.103 W/MountService(  374): getVolumeState(/mnt/sdcard/SD_CARD): Unknown volume
05-21 10:55:31.119 W/MountService(  374): getVolumeState(/mnt/sdcard/extra_sd): Unknown volume
05-21 10:55:31.142 W/MountService(  374): getVolumeState(/mnt/extrasd_bind): Unknown volume
05-21 10:55:31.142 W/MountService(  374): getVolumeState(/mnt/sdcard/ext_sd): Unknown volume
05-21 10:55:31.166 W/MountService(  374): getVolumeState(/storage/extSdCard): Unknown volume
05-21 10:55:31.181 W/MountService(  374): getVolumeState(/storage/sdcard1): Unknown volume
05-21 10:55:31.189 W/MountService(  374): getVolumeState(/mnt/sdcard/external_SD): Unknown volume
05-21 10:55:31.205 W/MountService(  374): getVolumeState(/mnt/sdcard/external_sd): Unknown volume
05-21 10:55:32.924 W/ActivityManager(  374): Unable to start service Intent { cmp=com.pekall.emdm.launcher/com.pekall.semail.service.AttachmentDownloadService } U=0: not found
05-21 10:55:35.947 I/PowerManagerService(  374): Going to sleep due to screen timeout...
05-21 10:55:41.752 D/PhoneStatusBar(  448): disable: < expand icons alerts ticker system_info back home RECENT* clock SEARCH* >
05-21 10:55:41.916 D/PhoneStatusBar(  448): disable: < expand icons alerts ticker system_info BACK* HOME* RECENT CLOCK* SEARCH >
05-21 10:55:43.908 W/ActivityManager(  374): Timeout executing service: ServiceRecord{42d75c98 u0 com.pekall.emdm.launcher/com.baidu.location.f}
05-21 10:55:51.924 E/ActivityManager(  374): ANR in com.pekall.emdm.launcher:remote
05-21 10:55:51.924 E/ActivityManager(  374): Reason: Executing service com.pekall.emdm.launcher/com.baidu.location.f
05-21 10:55:51.924 E/ActivityManager(  374): Load: 2.68 / 1.65 / 1.56
05-21 10:55:51.924 E/ActivityManager(  374): CPU usage from 0ms to 7929ms later:
05-21 10:55:51.924 E/ActivityManager(  374):   87% 24005/com.pekall.emdm.launcher: 86% user + 0.2% kernel / faults: 118 minor
05-21 10:55:51.924 E/ActivityManager(  374):   83% 24148/com.pekall.emdm.launcher:remote: 83% user + 0.2% kernel / faults: 103 minor
05-21 10:55:51.924 E/ActivityManager(  374):   21% 374/system_server: 17% user + 4.9% kernel / faults: 677 minor
05-21 10:55:51.924 E/ActivityManager(  374):   4.9% 448/com.android.systemui: 4.2% user + 0.6% kernel / faults: 137 minor
05-21 10:55:51.924 E/ActivityManager(  374):   0.4% 561/com.android.phone: 0.4% user + 0% kernel / faults: 196 minor
05-21 10:55:51.924 E/ActivityManager(  374):   0.3% 568/com.android.nfc: 0.1% user + 0.2% kernel / faults: 186 minor
05-21 10:55:51.924 E/ActivityManager(  374):   0.2% 135/adbd: 0% user + 0.2% kernel / faults: 18 minor
05-21 10:55:51.924 E/ActivityManager(  374):   0.2% 23351/com.qihoo.appstore: 0.2% user + 0% kernel / faults: 2 minor
05-21 10:55:51.924 E/ActivityManager(  374):   0.2% 24188/logcat: 0.1% user + 0.1% kernel
05-21 10:55:51.924 E/ActivityManager(  374):   0.1% 22354/kworker/0:1: 0% user + 0.1% kernel
05-21 10:55:51.924 E/ActivityManager(  374):   0% 22996/kworker/1:1: 0% user + 0% kernel
05-21 10:55:51.924 E/ActivityManager(  374):   0% 23830/com.nd.assistance.ServerService: 0% user + 0% kernel / faults: 3 minor
05-21 10:55:51.924 E/ActivityManager(  374):  +0% 24195/logcat: 0% user + 0% kernel
05-21 10:55:51.924 E/ActivityManager(  374): 100% TOTAL: 96% user + 3.4% kernel
05-21 10:55:51.924 E/ActivityManager(  374): CPU usage from 7101ms to 7668ms later with 99% awake:
05-21 10:55:51.924 E/ActivityManager(  374):   100% 24148/com.pekall.emdm.launcher:remote: 100% user + 0% kernel
05-21 10:55:51.924 E/ActivityManager(  374):     96% 24161/Thread-3231: 96% user + 0% kernel
05-21 10:55:51.924 E/ActivityManager(  374):   92% 24005/com.pekall.emdm.launcher: 92% user + 0% kernel
05-21 10:55:51.924 E/ActivityManager(  374):     92% 24018/Thread-3225: 92% user + 0% kernel
05-21 10:55:51.924 E/ActivityManager(  374):   8.9% 374/system_server: 1.7% user + 7.1% kernel / faults: 1 minor
05-21 10:55:51.924 E/ActivityManager(  374):     7.1% 390/ActivityManager: 0% user + 7.1% kernel
05-21 10:55:51.924 E/ActivityManager(  374): 100% TOTAL: 95% user + 4.3% kernel
05-21 10:55:51.924 W/ActivityManager(  374): Killing ProcessRecord{426206b8 24148:com.pekall.emdm.launcher:remote/u0a10066}: background ANR
05-21 10:55:51.931 W/BroadcastQueue(  374): Timeout of broadcast BroadcastRecord{431f0d50 u-1 android.intent.action.SCREEN_OFF} - receiver=android.os.BinderProxy@42917420, started 14751ms ago
05-21 10:55:51.931 W/BroadcastQueue(  374): Receiver during timeout: BroadcastFilter{428f73f8 u0 ReceiverList{428fb908 24148 com.pekall.emdm.launcher:remote/10066/u0 remote:42917420}}
05-21 10:55:51.931 I/ActivityManager(  374): Skipping duplicate ANR: ProcessRecord{426206b8 24148:com.pekall.emdm.launcher:remote/u0a10066} Broadcast of Intent { act=android.intent.action.SCREEN_OFF flg=0x50000010 }
05-21 10:55:51.955 I/ActivityManager(  374): Process com.pekall.emdm.launcher:remote (pid 24148) has died.
05-21 10:55:51.955 W/ActivityManager(  374): Scheduling restart of crashed service com.pekall.emdm.launcher/com.baidu.location.f in 5000ms
05-21 10:55:56.971 I/ActivityManager(  374): Start proc com.pekall.emdm.launcher:remote for service com.pekall.emdm.launcher/com.baidu.location.f: pid=24200 uid=10066 gids={50066, 1015, 3002, 3001, 3003, 1028}
05-21 10:55:57.330 D/ActivityThread(24200): Loading provider com.pekall.semail.provider;com.pekall.semail.notifier: com.pekall.semail.provider.EmailProvider
05-21 10:55:57.338 D/ActivityThread(24200): Loading provider com.pekall.semail.provider;com.pekall.semail.notifier: com.pekall.semail.provider.EmailProvider
05-21 10:56:02.978 W/ActivityManager(  374): Unable to start service Intent { cmp=com.pekall.emdm.launcher/com.pekall.semail.service.AttachmentDownloadService } U=0: not found
05-21 10:56:06.752 I/PowerManagerService(  374): Waking up from sleep...
05-21 10:56:06.955 I/WindowManager(  374): Lock screen displayed!
05-21 10:56:08.666 D/PhoneStatusBar(  448): disable: < expand icons alerts ticker system_info BACK HOME recent* CLOCK search* >
05-21 10:56:08.791 D/PhoneStatusBar(  448): disable: < expand icons alerts ticker system_info back* home* recent clock* search >
05-21 10:56:09.744 W/InputMethodManagerService(  374): Window already focused, ignoring focus gain of: com.android.internal.view.IInputMethodClient$Stub$Proxy@42d703d0 attribute=android.view.inputmethod.EditorInfo@429c17b8, token = android.os.BinderProxy@427e6d30
05-21 10:56:13.721 V/PanelView(  448): animationTick called with dtms=0; nothing to do (h=0.0 v=4000.0)
05-21 10:56:13.721 V/PanelView(  448): animationTick called with dtms=0; nothing to do (h=0.0 v=4000.0)
05-21 10:56:16.189 I/ActivityManager(  374): START u0 {act=android.app.action.SET_NEW_PASSWORD cmp=com.android.settings/.ChooseLockGeneric bnds=[0,382][720,510]} from pid -1
05-21 10:56:16.189 W/ActivityManager(  374): startActivity called from non-Activity context; forcing Intent.FLAG_ACTIVITY_NEW_TASK for: Intent { act=android.app.action.SET_NEW_PASSWORD flg=0x800000 cmp=com.android.settings/.ChooseLockGeneric bnds=[0,382][720,510] }
05-21 10:56:16.244 V/PanelView(  448): animationTick called with dtms=0; nothing to do (h=1184.0 v=-4000.0)
05-21 10:56:17.002 W/ActivityManager(  374): Timeout executing service: ServiceRecord{42d75c98 u0 com.pekall.emdm.launcher/com.baidu.location.f}
05-21 10:56:20.213 I/ActivityManager(  374): START u0 {flg=0x2000000 cmp=com.android.settings/.ChooseLockPassword (has extras)} from pid 23570
05-21 10:56:21.674 E/ActivityManager(  374): ANR in com.pekall.emdm.launcher:remote
05-21 10:56:21.674 E/ActivityManager(  374): Reason: Executing service com.pekall.emdm.launcher/com.baidu.location.f
05-21 10:56:21.674 E/ActivityManager(  374): Load: 4.05 / 2.09 / 1.7
05-21 10:56:21.674 E/ActivityManager(  374): CPU usage from 5249ms to 0ms ago:
05-21 10:56:21.674 E/ActivityManager(  374):   72% 24005/com.pekall.emdm.launcher: 71% user + 0.5% kernel / faults: 335 minor
05-21 10:56:21.674 E/ActivityManager(  374):   70% 24200/com.pekall.emdm.launcher:remote: 70% user + 0.1% kernel
05-21 10:56:21.674 E/ActivityManager(  374):   13% 448/com.android.systemui: 11% user + 1.7% kernel / faults: 530 minor
05-21 10:56:21.674 E/ActivityManager(  374):   8.9% 374/system_server: 5.5% user + 3.4% kernel / faults: 2069 minor
05-21 10:56:21.674 E/ActivityManager(  374):   4.5% 124/surfaceflinger: 1.7% user + 2.8% kernel / faults: 6277 minor
05-21 10:56:21.674 E/ActivityManager(  374):   0.2% 23570/com.android.settings: 0.1% user + 0% kernel / faults: 631 minor
05-21 10:56:21.674 E/ActivityManager(  374):   0.1% 127/mediaserver: 0% user + 0% kernel / faults: 4 minor
05-21 10:56:21.674 E/ActivityManager(  374):   0.9% 1661/com.qihoo360.mobilesafe:GuardService: 0.5% user + 0.3% kernel / faults: 6 minor
05-21 10:56:21.674 E/ActivityManager(  374):   0.7% 135/adbd: 0.1% user + 0.5% kernel / faults: 18 minor
05-21 10:56:21.674 E/ActivityManager(  374):   0.5% 24/kswapd0: 0% user + 0.5% kernel
05-21 10:56:21.674 E/ActivityManager(  374):   0.3% 21105/com.dragon.android.pandaspace: 0.3% user + 0% kernel / faults: 25 minor
05-21 10:56:21.674 E/ActivityManager(  374):   0.3% 22218/kworker/u:4: 0% user + 0.3% kernel
05-21 10:56:21.674 E/ActivityManager(  374):   0.3% 22354/kworker/0:1: 0% user + 0.3% kernel
05-21 10:56:21.674 E/ActivityManager(  374):   0.3% 23351/com.qihoo.appstore: 0.1% user + 0.1% kernel / faults: 1 minor
05-21 10:56:21.674 E/ActivityManager(  374):   0.3% 24002/kworker/u:5: 0% user + 0.3% kernel
05-21 10:56:21.674 E/ActivityManager(  374):   0.1% 95/ueventd: 0.1% user + 0% kernel
05-21 10:56:21.674 E/ActivityManager(  374):   0.1% 117/vold: 0% user + 0.1% kernel / faults: 3 minor
05-21 10:56:21.674 E/ActivityManager(  374):   0.1% 23914/kworker/u:1: 0% user + 0.1% kernel
05-21 10:56:21.674 E/ActivityManager(  374):  +0% 24259/sh: 0% user + 0% kernel
05-21 10:56:21.674 E/ActivityManager(  374):  +0% 24261/uiautomator: 0% user + 0% kernel
05-21 10:56:21.674 E/ActivityManager(  374): 100% TOTAL: 93% user + 6.8% kernel
05-21 10:56:21.674 E/ActivityManager(  374): CPU usage from 3668ms to 4212ms later:
05-21 10:56:21.674 E/ActivityManager(  374):   52% 24200/com.pekall.emdm.launcher:remote: 49% user + 3.6% kernel
05-21 10:56:21.674 E/ActivityManager(  374):     54% 24214/Thread-3235: 50% user + 3.6% kernel
05-21 10:56:21.674 E/ActivityManager(  374):   44% 24005/com.pekall.emdm.launcher: 44% user + 0% kernel / faults: 22 minor
05-21 10:56:21.674 E/ActivityManager(  374):     42% 24018/Thread-3225: 42% user + 0% kernel
05-21 10:56:21.674 E/ActivityManager(  374):     1.7% 24005/l.emdm.launcher: 1.7% user + 0% kernel
05-21 10:56:21.674 E/ActivityManager(  374):   25% 374/system_server: 14% user + 10% kernel / faults: 208 minor
05-21 10:56:21.674 E/ActivityManager(  374):     9% 389/WindowManager: 5.4% user + 3.6% kernel
05-21 10:56:21.674 E/ActivityManager(  374):     5.4% 390/ActivityManager: 0% user + 5.4% kernel
05-21 10:56:21.674 E/ActivityManager(  374):     1.8% 380/Compiler: 0% user + 1.8% kernel
05-21 10:56:21.674 E/ActivityManager(  374):     1.8% 385/Binder_2: 1.8% user + 0% kernel
05-21 10:56:21.674 E/ActivityManager(  374):     1.8% 386/SensorService: 0% user + 1.8% kernel
05-21 10:56:21.674 E/ActivityManager(  374):     1.8% 387/er.ServerThread: 1.8% user + 0% kernel
05-21 10:56:21.674 E/ActivityManager(  374):     1.8% 595/Binder_5: 1.8% user + 0% kernel
05-21 10:56:21.674 E/ActivityManager(  374):     1.8% 625/Binder_9: 1.8% user + 0% kernel
05-21 10:56:21.674 E/ActivityManager(  374):     1.8% 634/Binder_B: 1.8% user + 0% kernel
05-21 10:56:21.674 E/ActivityManager(  374):     1.8% 701/Binder_C: 1.8% user + 0% kernel
05-21 10:56:21.674 E/ActivityManager(  374):     1.8% 1318/Binder_D: 1.8% user + 0% kernel
05-21 10:56:21.674 E/ActivityManager(  374):     1.8% 3449/Binder_F: 1.8% user + 0% kernel
05-21 10:56:21.674 E/ActivityManager(  374):   21% 23570/com.android.settings: 12% user + 8.9% kernel / faults: 1951 minor
05-21 10:56:21.674 E/ActivityManager(  374):     21% 23570/ndroid.settings: 12% user + 8.9% kernel
05-21 10:56:21.674 E/ActivityManager(  374):     1.7% 23577/Compiler: 1.7% user + 0% kernel
05-21 10:56:21.674 E/ActivityManager(  374):     1.7% 23671/Binder_3: 0% user + 1.7% kernel
05-21 10:56:21.674 E/ActivityManager(  374):   16% 124/surfaceflinger: 9.2% user + 7.4% kernel / faults: 4015 minor
05-21 10:56:21.674 E/ActivityManager(  374):     5.5% 151/SurfaceFlinger: 5.5% user + 0% kernel
05-21 10:56:21.674 E/ActivityManager(  374):     3.7% 124/Binder_2: 1.8% user + 1.8% kernel
05-21 10:56:21.674 E/ActivityManager(  374):     3.7% 263/Binder_3: 0% user + 3.7% kernel
05-21 10:56:21.674 E/ActivityManager(  374):     1.8% 170/Binder_1: 0% user + 1.8% kernel
05-21 10:56:21.674 E/ActivityManager(  374):     1.8% 805/Binder_5: 1.8% user + 0% kernel
05-21 10:56:21.674 E/ActivityManager(  374):     1.8% 5942/Binder_6: 0% user + 1.8% kernel
05-21 10:56:21.674 E/ActivityManager(  374):   4.5% 531/com.google.android.inputmethod.latin: 2.2% user + 2.2% kernel / faults: 643 minor
05-21 10:56:21.674 E/ActivityManager(  374):     3.7% 531/putmethod.latin: 2.2% user + 1.5% kernel
05-21 10:56:21.674 E/ActivityManager(  374):   6.5% 1661/com.qihoo360.mobilesafe:GuardService: 6.5% user + 0% kernel / faults: 199 minor
05-21 10:56:21.674 E/ActivityManager(  374):     6.5% 1661/fe:GuardService: 6.5% user + 0% kernel
05-21 10:56:21.674 E/ActivityManager(  374):   7.2% 448/com.android.systemui: 7.2% user + 0% kernel / faults: 167 minor
05-21 10:56:21.674 E/ActivityManager(  374):     7.2% 448/ndroid.systemui: 7.2% user + 0% kernel
05-21 10:56:21.674 E/ActivityManager(  374):   3.7% 127/mediaserver: 3.7% user + 0% kernel
05-21 10:56:21.674 E/ActivityManager(  374):     3.7% 206/FastMixer: 1.8% user + 1.8% kernel
05-21 10:56:21.674 E/ActivityManager(  374):     1.8% 395/AudioOut_2: 1.8% user + 0% kernel
05-21 10:56:21.674 E/ActivityManager(  374):   0.7% 95/ueventd: 0.7% user + 0% kernel
05-21 10:56:21.674 E/ActivityManager(  374):   0.7% 121/netd: 0.7% user + 0% kernel
05-21 10:56:21.674 E/ActivityManager(  374):     0.7% 360/netd: 0.7% user + 0% kernel
05-21 10:56:21.674 E/ActivityManager(  374):   1.2% 22354/kworker/0:1: 0% user + 1.2% kernel
05-21 10:56:21.674 E/ActivityManager(  374):   1.2% 23028/kworker/u:0: 0% user + 1.2% kernel
05-21 10:56:21.674 E/ActivityManager(  374):   1.3% 23914/kworker/u:1: 0% user + 1.3% kernel
05-21 10:56:21.674 E/ActivityManager(  374):   1.3% 24002/kworker/u:5: 0% user + 1.3% kernel
05-21 10:56:21.674 E/ActivityManager(  374):   1.3% 24261/uiautomator: 0% user + 1.3% kernel / faults: 3 minor
05-21 10:56:21.674 E/ActivityManager(  374): 100% TOTAL: 82% user + 17% kernel
05-21 10:56:21.689 W/ActivityManager(  374): Killing ProcessRecord{4229eb30 24200:com.pekall.emdm.launcher:remote/u0a10066}: background ANR
05-21 10:56:21.713 I/ActivityManager(  374): Process com.pekall.emdm.launcher:remote (pid 24200) has died.
05-21 10:56:21.713 W/ActivityManager(  374): Scheduling restart of crashed service com.pekall.emdm.launcher/com.baidu.location.f in 20000ms
05-21 10:56:25.752 W/MountService(  374): getVolumeState(/storage/emulated/0/external_sd): Unknown volume
05-21 10:56:25.752 W/MountService(  374): getVolumeState(/mnt/sdcard-ext): Unknown volume
05-21 10:56:25.752 W/MountService(  374): getVolumeState(/mnt/ext_sdcard): Unknown volume
05-21 10:56:25.752 W/MountService(  374): getVolumeState(/mnt/sdcard2): Unknown volume
05-21 10:56:25.752 W/MountService(  374): getVolumeState(/mnt/emmc): Unknown volume
05-21 10:56:25.760 W/MountService(  374): getVolumeState(/mnt/extSdCard): Unknown volume
05-21 10:56:25.760 W/MountService(  374): getVolumeState(/mnt/sdcard/SD_CARD): Unknown volume
05-21 10:56:25.760 W/MountService(  374): getVolumeState(/mnt/sdcard/extra_sd): Unknown volume
05-21 10:56:25.760 W/MountService(  374): getVolumeState(/mnt/extrasd_bind): Unknown volume
05-21 10:56:25.760 W/MountService(  374): getVolumeState(/mnt/sdcard/ext_sd): Unknown volume
05-21 10:56:25.760 W/MountService(  374): getVolumeState(/storage/extSdCard): Unknown volume
05-21 10:56:25.760 W/MountService(  374): getVolumeState(/storage/sdcard1): Unknown volume
05-21 10:56:25.760 W/MountService(  374): getVolumeState(/mnt/sdcard/external_SD): Unknown volume
05-21 10:56:25.760 W/MountService(  374): getVolumeState(/mnt/sdcard/external_sd): Unknown volume
05-21 10:56:26.056 W/MountService(  374): getVolumeState(/storage/emulated/0/external_sd): Unknown volume
05-21 10:56:26.056 W/MountService(  374): getVolumeState(/mnt/sdcard-ext): Unknown volume
05-21 10:56:26.056 W/MountService(  374): getVolumeState(/mnt/ext_sdcard): Unknown volume
05-21 10:56:26.056 W/MountService(  374): getVolumeState(/mnt/sdcard2): Unknown volume
05-21 10:56:26.064 W/MountService(  374): getVolumeState(/mnt/emmc): Unknown volume
05-21 10:56:26.064 W/MountService(  374): getVolumeState(/mnt/extSdCard): Unknown volume
05-21 10:56:26.064 W/MountService(  374): getVolumeState(/mnt/sdcard/SD_CARD): Unknown volume
05-21 10:56:26.064 W/MountService(  374): getVolumeState(/mnt/sdcard/extra_sd): Unknown volume
05-21 10:56:26.064 W/MountService(  374): getVolumeState(/mnt/extrasd_bind): Unknown volume
05-21 10:56:26.064 W/MountService(  374): getVolumeState(/mnt/sdcard/ext_sd): Unknown volume
05-21 10:56:26.064 W/MountService(  374): getVolumeState(/storage/extSdCard): Unknown volume
05-21 10:56:26.064 W/MountService(  374): getVolumeState(/storage/sdcard1): Unknown volume
05-21 10:56:26.064 W/MountService(  374): getVolumeState(/mnt/sdcard/external_SD): Unknown volume
05-21 10:56:26.072 W/MountService(  374): getVolumeState(/mnt/sdcard/external_sd): Unknown volume
05-21 10:56:36.603 I/PowerManagerService(  374): Going to sleep by user request...
05-21 10:56:36.603 I/PowerManagerService(  374): Waking up from sleep...
05-21 10:56:36.971 D/PhoneStatusBar(  448): disable: < EXPAND* icons alerts TICKER* system_info back home RECENT* clock SEARCH* >
05-21 10:56:37.127 W/InputMethodManagerService(  374): Starting input on non-focused client com.android.internal.view.IInputMethodClient$Stub$Proxy@42a48be8 (uid=10066 pid=24005)
05-21 10:56:37.306 D/PhoneStatusBar(  448): disable: < EXPAND icons alerts TICKER system_info BACK* HOME* RECENT CLOCK* SEARCH >
05-21 10:56:37.330 I/WindowManager(  374): Lock screen displayed!
05-21 10:56:41.736 I/ActivityManager(  374): Start proc com.pekall.emdm.launcher:remote for service com.pekall.emdm.launcher/com.baidu.location.f: pid=24303 uid=10066 gids={50066, 1015, 3002, 3001, 3003, 1028}
05-21 10:56:42.189 D/ActivityThread(24303): Loading provider com.pekall.semail.provider;com.pekall.semail.notifier: com.pekall.semail.provider.EmailProvider
05-21 10:56:42.275 D/ActivityThread(24303): Loading provider com.pekall.semail.provider;com.pekall.semail.notifier: com.pekall.semail.provider.EmailProvider
05-21 10:56:48.103 W/ActivityManager(  374): Unable to start service Intent { cmp=com.pekall.emdm.launcher/com.pekall.semail.service.AttachmentDownloadService } U=0: not found
05-21 10:57:01.783 W/ActivityManager(  374): Timeout executing service: ServiceRecord{42d75c98 u0 com.pekall.emdm.launcher/com.baidu.location.f}
05-21 10:57:07.236 I/PowerManagerService(  374): Going to sleep due to screen timeout...
05-21 10:57:07.252 I/PowerManagerService(  374): Waking up from sleep...
05-21 10:57:07.978 E/ActivityManager(  374): ANR in com.pekall.emdm.launcher:remote
05-21 10:57:07.978 E/ActivityManager(  374): Reason: Executing service com.pekall.emdm.launcher/com.baidu.location.f
05-21 10:57:07.978 E/ActivityManager(  374): Load: 4.16 / 2.36 / 1.81
05-21 10:57:07.978 E/ActivityManager(  374): CPU usage from 0ms to 6150ms later with 99% awake:
05-21 10:57:07.978 E/ActivityManager(  374):   75% 24303/com.pekall.emdm.launcher:remote: 75% user + 0.1% kernel / faults: 104 minor
