05-21 10:57:07.978 E/ActivityManager(  374):   72% 24005/com.pekall.emdm.launcher: 71% user + 0.1% kernel / faults: 154 minor
05-21 10:57:07.978 E/ActivityManager(  374):   33% 374/system_server: 27% user + 6% kernel / faults: 1668 minor 1 major
05-21 10:57:07.978 E/ActivityManager(  374):   4.3% 24261/uiautomator: 4% user + 0.3% kernel / faults: 306 minor
05-21 10:57:07.978 E/ActivityManager(  374):   3.9% 448/com.android.systemui: 3.2% user + 0.6% kernel / faults: 24 minor
05-21 10:57:07.978 E/ActivityManager(  374):   3.4% 124/surfaceflinger: 1.1% user + 2.2% kernel / faults: 4706 minor
05-21 10:57:07.978 E/ActivityManager(  374):   0.9% 1661/com.qihoo360.mobilesafe:GuardService: 0.8% user + 0.1% kernel / faults: 59 minor
05-21 10:57:07.978 E/ActivityManager(  374):   0.8% 135/adbd: 0.3% user + 0.4% kernel
05-21 10:57:07.978 E/ActivityManager(  374):   0.8% 510/com.android.phasebeam: 0.4% user + 0.3% kernel / faults: 34 minor
05-21 10:57:07.978 E/ActivityManager(  374):   0.1% 531/com.google.android.inputmethod.latin: 0% user + 0% kernel / faults: 18 minor
05-21 10:57:07.978 E/ActivityManager(  374):   0.6% 22354/kworker/0:1: 0% user + 0.6% kernel
05-21 10:57:07.978 E/ActivityManager(  374):   0.4% 561/com.android.phone: 0.3% user + 0.1% kernel / faults: 36 minor
05-21 10:57:07.978 E/ActivityManager(  374):   0.4% 24002/kworker/u:5: 0% user + 0.4% kernel
05-21 10:57:07.978 E/ActivityManager(  374):   0.3% 121/netd: 0% user + 0.3% kernel
05-21 10:57:07.978 E/ActivityManager(  374):   0% 568/com.android.nfc: 0% user + 0% kernel / faults: 28 minor
05-21 10:57:07.978 E/ActivityManager(  374):   0.3% 23028/kworker/u:0: 0% user + 0.3% kernel
05-21 10:57:07.978 E/ActivityManager(  374):   0.3% 23914/kworker/u:1: 0% user + 0.3% kernel
05-21 10:57:07.978 E/ActivityManager(  374):   0.3% 24195/logcat: 0.1% user + 0.1% kernel
05-21 10:57:07.978 E/ActivityManager(  374):   0% 24/kswapd0: 0% user + 0% kernel
05-21 10:57:07.978 E/ActivityManager(  374):   0% 82/mmcqd/0: 0% user + 0% kernel
05-21 10:57:07.978 E/ActivityManager(  374):   0% 92/dhd_dpc: 0% user + 0% kernel
05-21 10:57:07.978 E/ActivityManager(  374):   0.1% 95/ueventd: 0% user + 0.1% kernel
05-21 10:57:07.978 E/ActivityManager(  374):   0.1% 117/vold: 0.1% user + 0% kernel
05-21 10:57:07.978 E/ActivityManager(  374):   0% 1615/logcat: 0% user + 0% kernel
05-21 10:57:07.978 E/ActivityManager(  374):   0% 4648/logcat: 0% user + 0% kernel
05-21 10:57:07.978 E/ActivityManager(  374):   0% 21105/com.dragon.android.pandaspace: 0% user + 0% kernel
05-21 10:57:07.978 E/ActivityManager(  374):   0.1% 23830/com.nd.assistance.ServerService: 0% user + 0.1% kernel / faults: 1 minor
05-21 10:57:07.978 E/ActivityManager(  374):   0.1% 24188/logcat: 0.1% user + 0% kernel
05-21 10:57:07.978 E/ActivityManager(  374): 99% TOTAL: 93% user + 6.3% kernel
05-21 10:57:07.978 E/ActivityManager(  374): CPU usage from 5169ms to 5739ms later with 99% awake:
05-21 10:57:07.978 E/ActivityManager(  374):   61% 374/system_server: 43% user + 17% kernel / faults: 437 minor
05-21 10:57:07.978 E/ActivityManager(  374):     40% 388/UI: 35% user + 5.2% kernel
05-21 10:57:07.978 E/ActivityManager(  374):     5.2% 390/ActivityManager: 0% user + 5.2% kernel
05-21 10:57:07.978 E/ActivityManager(  374):     3.5% 380/Compiler: 0% user + 3.5% kernel
05-21 10:57:07.978 E/ActivityManager(  374):     3.5% 402/PowerManagerSer: 0% user + 3.5% kernel
05-21 10:57:07.978 E/ActivityManager(  374):     1.7% 374/system_server: 0% user + 1.7% kernel
05-21 10:57:07.978 E/ActivityManager(  374):     1.7% 385/Binder_2: 1.7% user + 0% kernel
05-21 10:57:07.978 E/ActivityManager(  374):     1.7% 387/er.ServerThread: 1.7% user + 0% kernel
05-21 10:57:07.978 E/ActivityManager(  374):     1.7% 389/WindowManager: 1.7% user + 0% kernel
05-21 10:57:07.978 E/ActivityManager(  374):     1.7% 401/UEventObserver: 0% user + 1.7% kernel
05-21 10:57:07.978 E/ActivityManager(  374):     1.7% 631/Binder_A: 1.7% user + 0% kernel
05-21 10:57:07.978 E/ActivityManager(  374):     1.7% 701/Binder_C: 1.7% user + 0% kernel
05-21 10:57:07.978 E/ActivityManager(  374):    +0% 24345/KeyguardWidgetP: 0% user + 0% kernel
05-21 10:57:07.978 E/ActivityManager(  374):    +0% 24347/RemoteViewsCach: 0% user + 0% kernel
05-21 10:57:07.978 E/ActivityManager(  374):   52% 24005/com.pekall.emdm.launcher: 52% user + 0% kernel / faults: 2 minor
05-21 10:57:07.978 E/ActivityManager(  374):     50% 24018/Thread-3225: 50% user + 0% kernel
05-21 10:57:07.978 E/ActivityManager(  374):     1.8% 24005/l.emdm.launcher: 1.8% user + 0% kernel
05-21 10:57:07.978 E/ActivityManager(  374):     1.8% 24012/Compiler: 1.8% user + 0% kernel
05-21 10:57:07.978 E/ActivityManager(  374):   47% 24303/com.pekall.emdm.launcher:remote: 47% user + 0% kernel
05-21 10:57:07.978 E/ActivityManager(  374):     47% 24316/Thread-3237: 47% user + 0% kernel
05-21 10:57:07.978 E/ActivityManager(  374):   14% 124/surfaceflinger: 1.7% user + 12% kernel / faults: 3785 minor
05-21 10:57:07.978 E/ActivityManager(  374):     5.2% 170/Binder_1: 0% user + 5.2% kernel
05-21 10:57:07.978 E/ActivityManager(  374):     3.5% 151/SurfaceFlinger: 1.7% user + 1.7% kernel
05-21 10:57:07.978 E/ActivityManager(  374):     1.7% 5942/Binder_6: 0% user + 1.7% kernel
05-21 10:57:07.978 E/ActivityManager(  374):   9% 24261/uiautomator: 9% user + 0% kernel / faults: 61 minor
05-21 10:57:07.978 E/ActivityManager(  374):     3.6% 24261/uiautomator: 3.6% user + 0% kernel
05-21 10:57:07.978 E/ActivityManager(  374):     1.8% 24265/GC: 1.8% user + 0% kernel
05-21 10:57:07.978 E/ActivityManager(  374):     1.8% 24269/Binder_1: 1.8% user + 0% kernel
05-21 10:57:07.978 E/ActivityManager(  374):     1.8% 24270/Binder_2: 1.8% user + 0% kernel
05-21 10:57:07.978 E/ActivityManager(  374):     1.8% 24300/Binder_3: 1.8% user + 0% kernel
05-21 10:57:07.978 E/ActivityManager(  374):   0.7% 82/mmcqd/0: 0% user + 0.7% kernel
05-21 10:57:07.978 E/ActivityManager(  374):   0.7% 117/vold: 0.7% user + 0% kernel
05-21 10:57:07.978 E/ActivityManager(  374):     0.7% 134/vold: 0.7% user + 0% kernel
05-21 10:57:07.978 E/ActivityManager(  374):   1.7% 135/adbd: 1.7% user + 0% kernel
05-21 10:57:07.978 E/ActivityManager(  374):     1.7% 135/adbd: 0% user + 1.7% kernel
05-21 10:57:07.978 E/ActivityManager(  374):   1.7% 448/com.android.systemui: 1.7% user + 0% kernel
05-21 10:57:07.978 E/ActivityManager(  374):     1.7% 448/ndroid.systemui: 1.7% user + 0% kernel
05-21 10:57:07.978 E/ActivityManager(  374):   0.7% 531/com.google.android.inputmethod.latin: 0% user + 0.7% kernel / faults: 2 minor
05-21 10:57:07.978 E/ActivityManager(  374):     0.7% 531/putmethod.latin: 0.7% user + 0% kernel
05-21 10:57:07.978 E/ActivityManager(  374):   0.9% 1661/com.qihoo360.mobilesafe:GuardService: 0% user + 0.9% kernel / faults: 13 minor
05-21 10:57:07.978 E/ActivityManager(  374):   1.8% 22354/kworker/0:1: 0% user + 1.8% kernel
05-21 10:57:07.978 E/ActivityManager(  374):   1% 23028/kworker/u:0
05-21 10:57:07.978 W/ActivityManager(  374): Killing ProcessRecord{426203e0 24303:com.pekall.emdm.launcher:remote/u0a10066}: background ANR
05-21 10:57:08.088 I/ActivityManager(  374): Process com.pekall.emdm.launcher:remote (pid 24303) has died.
05-21 10:57:08.088 W/ActivityManager(  374): Scheduling restart of crashed service com.pekall.emdm.launcher/com.baidu.location.f in 80000ms
05-21 10:57:08.197 W/BroadcastQueue(  374): Failure sending broadcast Intent { act=android.intent.action.SCREEN_OFF flg=0x50000010 }
05-21 10:57:08.197 W/BroadcastQueue(  374): android.os.DeadObjectException
05-21 10:57:08.197 W/BroadcastQueue(  374): 	at android.os.BinderProxy.transact(Native Method)
05-21 10:57:08.197 W/BroadcastQueue(  374): 	at android.content.IIntentReceiver$Stub$Proxy.performReceive(IIntentReceiver.java:124)
05-21 10:57:08.197 W/BroadcastQueue(  374): 	at com.android.server.am.BroadcastQueue.performReceiveLocked(BroadcastQueue.java:376)
05-21 10:57:08.197 W/BroadcastQueue(  374): 	at com.android.server.am.BroadcastQueue.deliverToRegisteredReceiverLocked(BroadcastQueue.java:449)
05-21 10:57:08.197 W/BroadcastQueue(  374): 	at com.android.server.am.BroadcastQueue.processNextBroadcast(BroadcastQueue.java:656)
05-21 10:57:08.197 W/BroadcastQueue(  374): 	at com.android.server.am.ActivityManagerService.finishReceiver(ActivityManagerService.java:12390)
05-21 10:57:08.197 W/BroadcastQueue(  374): 	at android.content.BroadcastReceiver$PendingResult.sendFinished(BroadcastReceiver.java:419)
05-21 10:57:08.197 W/BroadcastQueue(  374): 	at android.app.LoadedApk$ReceiverDispatcher$Args.run(LoadedApk.java:752)
05-21 10:57:08.197 W/BroadcastQueue(  374): 	at android.os.Handler.handleCallback(Handler.java:730)
05-21 10:57:08.197 W/BroadcastQueue(  374): 	at android.os.Handler.dispatchMessage(Handler.java:92)
05-21 10:57:08.197 W/BroadcastQueue(  374): 	at android.os.Looper.loop(Looper.java:137)
05-21 10:57:08.197 W/BroadcastQueue(  374): 	at com.android.server.ServerThread.run(SystemServer.java:1000)
05-21 10:57:08.236 I/WindowManager(  374): Lock screen displayed!
05-21 10:57:25.877 W/MountService(  374): getVolumeState(/storage/emulated/0/external_sd): Unknown volume
05-21 10:57:25.908 W/MountService(  374): getVolumeState(/mnt/sdcard-ext): Unknown volume
05-21 10:57:25.916 W/MountService(  374): getVolumeState(/mnt/ext_sdcard): Unknown volume
05-21 10:57:25.916 W/MountService(  374): getVolumeState(/mnt/sdcard2): Unknown volume
05-21 10:57:25.916 W/MountService(  374): getVolumeState(/mnt/emmc): Unknown volume
05-21 10:57:25.916 W/MountService(  374): getVolumeState(/mnt/extSdCard): Unknown volume
05-21 10:57:25.924 W/MountService(  374): getVolumeState(/mnt/sdcard/SD_CARD): Unknown volume
05-21 10:57:25.994 W/MountService(  374): getVolumeState(/mnt/sdcard/extra_sd): Unknown volume
05-21 10:57:25.994 W/MountService(  374): getVolumeState(/mnt/extrasd_bind): Unknown volume
05-21 10:57:26.002 W/MountService(  374): getVolumeState(/mnt/sdcard/ext_sd): Unknown volume
05-21 10:57:26.002 W/MountService(  374): getVolumeState(/storage/extSdCard): Unknown volume
05-21 10:57:26.002 W/MountService(  374): getVolumeState(/storage/sdcard1): Unknown volume
05-21 10:57:26.010 W/MountService(  374): getVolumeState(/mnt/sdcard/external_SD): Unknown volume
05-21 10:57:26.010 W/MountService(  374): getVolumeState(/mnt/sdcard/external_sd): Unknown volume
05-21 10:57:27.330 W/MountService(  374): getVolumeState(/storage/emulated/0/external_sd): Unknown volume
05-21 10:57:27.338 W/MountService(  374): getVolumeState(/mnt/sdcard-ext): Unknown volume
05-21 10:57:27.338 W/MountService(  374): getVolumeState(/mnt/ext_sdcard): Unknown volume
05-21 10:57:27.338 W/MountService(  374): getVolumeState(/mnt/sdcard2): Unknown volume
05-21 10:57:27.346 W/MountService(  374): getVolumeState(/mnt/emmc): Unknown volume
05-21 10:57:27.346 W/MountService(  374): getVolumeState(/mnt/extSdCard): Unknown volume
05-21 10:57:27.361 W/MountService(  374): getVolumeState(/mnt/sdcard/SD_CARD): Unknown volume
05-21 10:57:27.400 W/MountService(  374): getVolumeState(/mnt/sdcard/extra_sd): Unknown volume
05-21 10:57:27.424 W/MountService(  374): getVolumeState(/mnt/extrasd_bind): Unknown volume
05-21 10:57:27.424 W/MountService(  374): getVolumeState(/mnt/sdcard/ext_sd): Unknown volume
05-21 10:57:27.424 W/MountService(  374): getVolumeState(/storage/extSdCard): Unknown volume
05-21 10:57:27.431 W/MountService(  374): getVolumeState(/storage/sdcard1): Unknown volume
05-21 10:57:27.431 W/MountService(  374): getVolumeState(/mnt/sdcard/external_SD): Unknown volume
05-21 10:57:27.439 W/MountService(  374): getVolumeState(/mnt/sdcard/external_sd): Unknown volume
05-21 10:57:38.221 I/PowerManagerService(  374): Going to sleep due to screen timeout...
05-21 10:57:38.228 I/PowerManagerService(  374): Waking up from sleep...
05-21 10:57:38.721 I/WindowManager(  374): Lock screen displayed!
--------- beginning of /dev/log/main
05-21 10:57:57.971 D/dalvikvm(24261): GC_CONCURRENT freed 396K, 80% free 663K/3240K, paused 2ms+1ms, total 18ms
05-21 10:57:58.080 D/dalvikvm(24261): GC_CONCURRENT freed 395K, 80% free 663K/3240K, paused 2ms+1ms, total 9ms
05-21 10:57:58.205 D/dalvikvm(24261): GC_CONCURRENT freed 395K, 80% free 663K/3240K, paused 1ms+1ms, total 7ms
05-21 10:57:58.338 D/dalvikvm(24261): GC_CONCURRENT freed 394K, 80% free 664K/3240K, paused 1ms+1ms, total 9ms
05-21 10:57:58.463 D/dalvikvm(24261): GC_CONCURRENT freed 395K, 80% free 663K/3240K, paused 1ms+1ms, total 7ms
05-21 10:57:58.588 D/dalvikvm(24261): GC_CONCURRENT freed 377K, 79% free 681K/3240K, paused 2ms+1ms, total 9ms
05-21 10:57:58.713 D/dalvikvm(24261): GC_CONCURRENT freed 395K, 79% free 681K/3240K, paused 2ms+1ms, total 10ms
05-21 10:57:58.861 D/dalvikvm(24261): GC_CONCURRENT freed 413K, 80% free 663K/3240K, paused 0ms+0ms, total 6ms
05-21 10:57:58.869 D/dalvikvm(23830): GC_CONCURRENT freed 397K, 5% free 9168K/9608K, paused 15ms+15ms, total 106ms
05-21 10:57:58.955 D/dalvikvm(24261): GC_CONCURRENT freed 394K, 80% free 664K/3240K, paused 1ms+1ms, total 5ms
05-21 10:57:59.041 D/dalvikvm(24261): GC_CONCURRENT freed 395K, 80% free 663K/3240K, paused 0ms+0ms, total 5ms
05-21 10:57:59.135 D/dalvikvm(24261): GC_CONCURRENT freed 394K, 80% free 664K/3240K, paused 1ms+1ms, total 6ms
05-21 10:57:59.228 D/dalvikvm(  374): GC_CONCURRENT freed 3120K, 25% free 21580K/28664K, paused 3ms+7ms, total 136ms
05-21 10:57:59.244 D/dalvikvm(24261): GC_CONCURRENT freed 395K, 80% free 664K/3240K, paused 1ms+0ms, total 6ms
05-21 10:57:59.330 D/dalvikvm(24261): GC_CONCURRENT freed 395K, 80% free 663K/3240K, paused 0ms+0ms, total 5ms
05-21 10:57:59.400 D/dalvikvm(24261): GC_CONCURRENT freed 395K, 80% free 663K/3240K, paused 0ms+1ms, total 5ms
05-21 10:57:59.486 D/dalvikvm(24261): GC_CONCURRENT freed 394K, 80% free 664K/3240K, paused 0ms+0ms, total 5ms
05-21 10:57:59.564 D/dalvikvm(24261): GC_CONCURRENT freed 395K, 80% free 663K/3240K, paused 0ms+1ms, total 5ms
05-21 10:57:59.635 D/dalvikvm(24261): GC_CONCURRENT freed 393K, 80% free 665K/3240K, paused 0ms+0ms, total 5ms
05-21 10:57:59.713 D/dalvikvm(24261): GC_CONCURRENT freed 396K, 80% free 663K/3240K, paused 1ms+0ms, total 7ms
05-21 10:57:59.791 D/dalvikvm(24261): GC_CONCURRENT freed 377K, 79% free 681K/3240K, paused 2ms+1ms, total 6ms
05-21 10:57:59.869 D/dalvikvm(24261): GC_CONCURRENT freed 395K, 79% free 681K/3240K, paused 0ms+1ms, total 5ms
05-21 10:57:59.963 D/dalvikvm(24261): GC_CONCURRENT freed 394K, 79% free 682K/3240K, paused 1ms+1ms, total 6ms
05-21 10:58:00.072 D/dalvikvm(24261): GC_CONCURRENT freed 395K, 79% free 681K/3240K, paused 0ms+0ms, total 6ms
05-21 10:58:00.166 D/dalvikvm(24261): GC_CONCURRENT freed 394K, 79% free 681K/3240K, paused 1ms+1ms, total 6ms
05-21 10:58:00.728 D/dalvikvm(24261): GC_CONCURRENT freed 395K, 79% free 681K/3240K, paused 1ms+1ms, total 7ms
05-21 10:58:00.806 D/dalvikvm(24261): GC_CONCURRENT freed 413K, 80% free 663K/3240K, paused 1ms+0ms, total 7ms
05-21 10:58:00.892 D/dalvikvm(24261): GC_CONCURRENT freed 394K, 80% free 664K/3240K, paused 1ms+0ms, total 6ms
05-21 10:58:00.978 D/dalvikvm(24261): GC_CONCURRENT freed 395K, 80% free 663K/3240K, paused 0ms+0ms, total 5ms
05-21 10:58:01.056 D/dalvikvm(24261): GC_CONCURRENT freed 395K, 80% free 663K/3240K, paused 0ms+1ms, total 5ms
05-21 10:58:01.135 D/dalvikvm(24261): GC_CONCURRENT freed 395K, 80% free 663K/3240K, paused 0ms+1ms, total 5ms
05-21 10:58:01.213 D/dalvikvm(24261): GC_CONCURRENT freed 395K, 80% free 663K/3240K, paused 0ms+0ms, total 4ms
05-21 10:58:01.291 D/dalvikvm(24261): GC_CONCURRENT freed 394K, 80% free 664K/3240K, paused 0ms+0ms, total 5ms
05-21 10:58:01.377 D/dalvikvm(24261): GC_CONCURRENT freed 395K, 80% free 663K/3240K, paused 0ms+0ms, total 5ms
05-21 10:58:01.471 D/dalvikvm(24261): GC_CONCURRENT freed 395K, 80% free 663K/3240K, paused 1ms+1ms, total 6ms
05-21 10:58:01.549 D/dalvikvm(24261): GC_CONCURRENT freed 394K, 80% free 663K/3240K, paused 0ms+0ms, total 5ms
05-21 10:58:01.635 D/dalvikvm(24261): GC_CONCURRENT freed 395K, 80% free 663K/3240K, paused 1ms+0ms, total 5ms
05-21 10:58:01.713 D/dalvikvm(24261): GC_CONCURRENT freed 394K, 80% free 663K/3240K, paused 0ms+0ms, total 4ms
05-21 10:58:01.791 D/dalvikvm(24261): GC_CONCURRENT freed 395K, 80% free 663K/3240K, paused 0ms+1ms, total 5ms
05-21 10:58:01.877 D/dalvikvm(24261): GC_CONCURRENT freed 378K, 80% free 679K/3240K, paused 2ms+1ms, total 6ms
05-21 10:58:01.963 D/dalvikvm(24261): GC_CONCURRENT freed 411K, 80% free 663K/3240K, paused 0ms+0ms, total 5ms
05-21 10:58:02.041 D/dalvikvm(24261): GC_CONCURRENT freed 395K, 80% free 663K/3240K, paused 0ms+0ms, total 5ms
05-21 10:58:02.111 D/dalvikvm(24261): GC_CONCURRENT freed 395K, 80% free 663K/3240K, paused 1ms+0ms, total 5ms
05-21 10:58:02.189 D/dalvikvm(24261): GC_CONCURRENT freed 395K, 80% free 663K/3240K, paused 1ms+1ms, total 6ms
05-21 10:58:02.260 D/dalvikvm(24261): GC_CONCURRENT freed 395K, 80% free 663K/3240K, paused 0ms+0ms, total 5ms
05-21 10:58:02.338 D/dalvikvm(24261): GC_CONCURRENT freed 395K, 80% free 663K/3240K, paused 0ms+0ms, total 5ms
05-21 10:58:02.416 D/dalvikvm(24261): GC_CONCURRENT freed 394K, 80% free 664K/3240K, paused 1ms+0ms, total 5ms
05-21 10:58:02.502 D/dalvikvm(24261): GC_CONCURRENT freed 395K, 80% free 663K/3240K, paused 1ms+1ms, total 5ms
05-21 10:58:02.572 D/dalvikvm(24261): GC_CONCURRENT freed 395K, 80% free 663K/3240K, paused 0ms+0ms, total 5ms
05-21 10:58:02.650 D/dalvikvm(24261): GC_CONCURRENT freed 395K, 80% free 663K/3240K, paused 0ms+0ms, total 5ms
05-21 10:58:02.721 D/dalvikvm(24261): GC_CONCURRENT freed 394K, 80% free 664K/3240K, paused 0ms+0ms, total 5ms
05-21 10:58:02.791 D/LightsService(  374): Excessive delay setting light: 66ms
05-21 10:58:02.806 D/dalvikvm(24261): GC_CONCURRENT freed 395K, 80% free 663K/3240K, paused 0ms+1ms, total 5ms
05-21 10:58:02.916 D/dalvikvm(24261): GC_CONCURRENT freed 394K, 80% free 663K/3240K, paused 0ms+1ms, total 5ms
05-21 10:58:03.056 D/dalvikvm(24261): GC_CONCURRENT freed 395K, 80% free 664K/3240K, paused 0ms+1ms, total 6ms
05-21 10:58:03.135 D/dalvikvm(  374): GC_CONCURRENT freed 3167K, 25% free 21576K/28664K, paused 5ms+8ms, total 251ms
05-21 10:58:03.197 D/dalvikvm(24261): GC_CONCURRENT freed 395K, 80% free 663K/3240K, paused 1ms+0ms, total 6ms
05-21 10:58:03.299 D/dalvikvm(24261): GC_CONCURRENT freed 395K, 80% free 663K/3240K, paused 0ms+0ms, total 6ms
05-21 10:58:03.400 D/dalvikvm(24261): GC_CONCURRENT freed 395K, 80% free 663K/3240K, paused 1ms+1ms, total 7ms
05-21 10:58:03.502 D/dalvikvm(24261): GC_CONCURRENT freed 395K, 80% free 663K/3240K, paused 0ms+1ms, total 6ms
05-21 10:58:03.596 D/dalvikvm(24261): GC_CONCURRENT freed 395K, 80% free 663K/3240K, paused 0ms+1ms, total 5ms
05-21 10:58:03.697 D/dalvikvm(24261): GC_CONCURRENT freed 395K, 80% free 663K/3240K, paused 0ms+1ms, total 6ms
05-21 10:58:03.791 D/dalvikvm(24261): GC_CONCURRENT freed 395K, 80% free 663K/3240K, paused 1ms+0ms, total 6ms
05-21 10:58:03.908 D/dalvikvm(24261): GC_CONCURRENT freed 395K, 80% free 663K/3240K, paused 1ms+1ms, total 8ms
05-21 10:58:04.041 D/dalvikvm(24261): GC_CONCURRENT freed 379K, 80% free 679K/3240K, paused 4ms+1ms, total 12ms
05-21 10:58:04.166 D/dalvikvm(24261): GC_CONCURRENT freed 410K, 80% free 663K/3240K, paused 1ms+1ms, total 11ms
05-21 10:58:04.283 D/dalvikvm(24261): GC_CONCURRENT freed 395K, 80% free 663K/3240K, paused 1ms+1ms, total 8ms
05-21 10:58:04.416 D/dalvikvm(24261): GC_CONCURRENT freed 395K, 80% free 663K/3240K, paused 1ms+1ms, total 7ms
05-21 10:58:04.549 D/dalvikvm(24261): GC_CONCURRENT freed 395K, 80% free 663K/3240K, paused 1ms+1ms, total 8ms
05-21 10:58:04.681 D/dalvikvm(24261): GC_CONCURRENT freed 397K, 80% free 660K/3240K, paused 0ms+1ms, total 8ms
05-21 10:58:04.814 D/dalvikvm(24261): GC_CONCURRENT freed 391K, 80% free 664K/3240K, paused 1ms+0ms, total 9ms
05-21 10:58:05.103 D/dalvikvm(24261): GC_CONCURRENT freed 395K, 80% free 663K/3240K, paused 1ms+2ms, total 16ms
05-21 10:58:05.361 D/dalvikvm(24261): GC_CONCURRENT freed 394K, 80% free 663K/3240K, paused 1ms+1ms, total 14ms
05-21 10:58:05.627 D/dalvikvm(24261): GC_CONCURRENT freed 395K, 80% free 664K/3240K, paused 1ms+2ms, total 16ms
05-21 10:58:05.885 D/dalvikvm(24261): GC_CONCURRENT freed 395K, 80% free 663K/3240K, paused 1ms+2ms, total 23ms
05-21 10:58:06.135 D/dalvikvm( 1661): GC_EXPLICIT freed 519K, 18% free 13072K/15888K, paused 21ms+32ms, total 279ms
05-21 10:58:06.221 D/dalvikvm(24261): GC_CONCURRENT freed 395K, 80% free 663K/3240K, paused 1ms+2ms, total 16ms
05-21 10:58:06.463 D/dalvikvm(24261): GC_CONCURRENT freed 394K, 80% free 664K/3240K, paused 2ms+3ms, total 18ms
05-21 10:58:06.728 D/dalvikvm(24261): GC_CONCURRENT freed 377K, 79% free 681K/3240K, paused 2ms+1ms, total 25ms
05-21 10:58:06.900 D/dalvikvm(24261): GC_CONCURRENT freed 413K, 80% free 663K/3240K, paused 1ms+1ms, total 11ms
05-21 10:58:06.986 D/dalvikvm(24261): GC_CONCURRENT freed 395K, 80% free 663K/3240K, paused 0ms+1ms, total 6ms
05-21 10:58:07.072 D/dalvikvm(24261): GC_CONCURRENT freed 394K, 80% free 664K/3240K, paused 0ms+0ms, total 5ms
05-21 10:58:07.150 D/dalvikvm(24261): GC_CONCURRENT freed 395K, 80% free 663K/3240K, paused 0ms+0ms, total 5ms
05-21 10:58:07.221 D/dalvikvm(24261): GC_CONCURRENT freed 395K, 80% free 663K/3240K, paused 1ms+1ms, total 6ms
05-21 10:58:07.291 D/dalvikvm(24261): GC_CONCURRENT freed 395K, 80% free 663K/3240K, paused 1ms+1ms, total 6ms
05-21 10:58:07.369 D/dalvikvm(24261): GC_CONCURRENT freed 395K, 80% free 663K/3240K, paused 0ms+1ms, total 6ms
05-21 10:58:07.439 D/dalvikvm(24261): GC_CONCURRENT freed 397K, 80% free 660K/3240K, paused 1ms+1ms, total 5ms
05-21 10:58:07.517 D/dalvikvm(24261): GC_CONCURRENT freed 395K, 80% free 660K/3240K, paused 0ms+0ms, total 4ms
05-21 10:58:07.596 D/dalvikvm(24261): GC_CONCURRENT freed 394K, 80% free 660K/3240K, paused 1ms+1ms, total 5ms
05-21 10:58:07.674 D/dalvikvm(24261): GC_CONCURRENT freed 394K, 80% free 660K/3240K, paused 0ms+1ms, total 5ms
05-21 10:58:07.752 D/dalvikvm(24261): GC_CONCURRENT freed 395K, 80% free 660K/3240K, paused 0ms+1ms, total 4ms
05-21 10:58:07.830 D/dalvikvm(24261): GC_CONCURRENT freed 394K, 80% free 660K/3240K, paused 0ms+0ms, total 4ms
05-21 10:58:07.908 D/dalvikvm(24261): GC_CONCURRENT freed 376K, 80% free 679K/3240K, paused 1ms+0ms, total 6ms
05-21 10:58:07.986 D/dalvikvm(24261): GC_CONCURRENT freed 394K, 80% free 679K/3240K, paused 1ms+0ms, total 5ms
05-21 10:58:08.072 D/dalvikvm(24261): GC_CONCURRENT freed 395K, 80% free 679K/3240K, paused 1ms+0ms, total 5ms
05-21 10:58:08.174 D/dalvikvm(24261): GC_CONCURRENT freed 395K, 80% free 679K/3240K, paused 2ms+1ms, total 6ms
05-21 10:58:08.252 D/dalvikvm(24261): GC_CONCURRENT freed 395K, 80% free 679K/3240K, paused 1ms+1ms, total 5ms
05-21 10:58:08.338 D/dalvikvm(24261): GC_CONCURRENT freed 395K, 80% free 679K/3240K, paused 2ms+0ms, total 6ms
05-21 10:58:08.455 D/dalvikvm(24261): GC_CONCURRENT freed 395K, 80% free 679K/3240K, paused 1ms+0ms, total 5ms
05-21 10:58:08.510 D/dalvikvm(  374): GC_CONCURRENT freed 3193K, 25% free 21554K/28664K, paused 3ms+7ms, total 215ms
05-21 10:58:08.510 D/dalvikvm(  374): WAIT_FOR_CONCURRENT_GC blocked 34ms
05-21 10:58:08.572 D/dalvikvm(24261): GC_CONCURRENT freed 395K, 80% free 679K/3240K, paused 2ms+1ms, total 6ms
05-21 10:58:08.642 I/PowerManagerService(  374): Going to sleep due to screen timeout...
05-21 10:58:08.658 D/dalvikvm(24261): GC_CONCURRENT freed 395K, 80% free 679K/3240K, paused 1ms+0ms, total 5ms
05-21 10:58:08.666 I/PowerManagerService(  374): Waking up from sleep...
05-21 10:58:08.783 W/Parcel  ( 1661): Attempt to read object from Parcel 0x5ef3bdac at offset 200 that is not in the object list
05-21 10:58:08.853 V/WiseDownloadConditionControler(20822): checkCondition  type : TODAY_LAUNCHED_USER  inerrupting: false
05-21 10:58:08.892 V/KeyguardHostView(  374): hide transport, gen:1
05-21 10:58:08.900 V/KeyguardHostView(  374): music state changed: 0
05-21 10:58:08.931 V/TAG     (  374): bug 7643792: fitSystemWindows([0,50][0,0])
05-21 10:58:08.947 V/MDM :   (24005): [null:-1]->Screen receiver is called.
05-21 10:58:08.947 W/Parcel  ( 1661): Attempt to read object from Parcel 0x6013bdac at offset 200 that is not in the object list
05-21 10:58:08.955 W/Parcel  ( 1661): Attempt to read object from Parcel 0x5ef3bdac at offset 200 that is not in the object list
05-21 10:58:08.978 D/dalvikvm( 1468): GC_CONCURRENT freed 474K, 21% free 9794K/12308K, paused 4ms+100ms, total 185ms
05-21 10:58:09.049 I/WindowManager(  374): Lock screen displayed!
05-21 10:58:09.088 D/dalvikvm(21105): GC_CONCURRENT freed 444K, 7% free 9459K/10088K, paused 2ms+8ms, total 162ms
05-21 10:58:09.096 W/Parcel  ( 1661): Attempt to read object from Parcel 0x6013bdac at offset 200 that is not in the object list
05-21 10:58:09.103 W/Parcel  ( 1661): Attempt to read object from Parcel 0x5ef3bdac at offset 200 that is not in the object list
05-21 10:58:09.189 V/DigitalWidgetViewsFactory( 2749): DigitalWidget sets next alarm string to null
05-21 10:58:09.197 V/WiseDownloadConditionControler(20822): checkCondition  type : WISE_DOWNLOAD  inerrupting: true
05-21 10:58:09.197 D/dalvikvm(  531): GC_CONCURRENT freed 818K, 17% free 11770K/14100K, paused 5ms+36ms, total 98ms
05-21 10:58:09.267 D/dalvikvm(  448): GC_CONCURRENT freed 979K, 12% free 14154K/15944K, paused 2ms+13ms, total 130ms
05-21 10:58:09.291 D/LightsService(  374): Excessive delay setting light: 135ms
05-21 10:58:09.306 W/Parcel  ( 1661): Attempt to read object from Parcel 0x5ef3bdac at offset 200 that is not in the object list
05-21 10:58:09.306 V/TAG     (  374): bug 7643792: fitSystemWindows([0,50][0,444])
05-21 10:58:09.369 D/LightsService(  374): Excessive delay setting light: 78ms
05-21 10:58:09.580 D/LightsService(  374): Excessive delay setting light: 68ms
05-21 10:58:09.642 D/LightsService(  374): Excessive delay setting light: 68ms
05-21 10:58:10.064 D/dalvikvm(24261): GC_CONCURRENT freed 442K, 81% free 633K/3240K, paused 1ms+1ms, total 6ms
05-21 10:58:10.666 D/dalvikvm(24261): GC_CONCURRENT freed 348K, 80% free 679K/3240K, paused 2ms+1ms, total 6ms
05-21 10:58:10.775 D/dalvikvm(24261): GC_CONCURRENT freed 413K, 80% free 660K/3240K, paused 1ms+1ms, total 5ms
05-21 10:58:10.885 D/dalvikvm(24261): GC_CONCURRENT freed 395K, 80% free 660K/3240K, paused 0ms+0ms, total 5ms
05-21 10:58:10.986 D/dalvikvm(24261): GC_CONCURRENT freed 395K, 80% free 660K/3240K, paused 1ms+0ms, total 5ms
05-21 10:58:11.119 D/dalvikvm(24261): GC_CONCURRENT freed 392K, 80% free 664K/3240K, paused 1ms+1ms, total 5ms
05-21 10:58:11.244 D/dalvikvm( 1661): GC_EXPLICIT freed 829K, 18% free 13076K/15888K, paused 2ms+16ms, total 104ms
05-21 10:58:11.260 D/dalvikvm(24261): GC_CONCURRENT freed 379K, 80% free 679K/3240K, paused 2ms+1ms, total 6ms
05-21 10:58:11.377 D/dalvikvm(24261): GC_CONCURRENT freed 394K, 80% free 679K/3240K, paused 1ms+0ms, total 6ms
05-21 10:58:11.486 D/dalvikvm(24261): GC_CONCURRENT freed 395K, 80% free 680K/3240K, paused 1ms+0ms, total 6ms
05-21 10:58:11.611 D/dalvikvm(24261): GC_CONCURRENT freed 410K, 80% free 664K/3240K, paused 0ms+0ms, total 5ms
05-21 10:58:11.721 D/dalvikvm(24261): GC_CONCURRENT freed 394K, 80% free 663K/3240K, paused 0ms+0ms, total 5ms
05-21 10:58:11.822 D/dalvikvm(24261): GC_CONCURRENT freed 395K, 80% free 663K/3240K, paused 1ms+1ms, total 5ms
05-21 10:58:11.924 D/dalvikvm(24261): GC_CONCURRENT freed 394K, 80% free 663K/3240K, paused 0ms+0ms, total 5ms
05-21 10:58:12.033 D/dalvikvm(24261): GC_CONCURRENT freed 395K, 80% free 663K/3240K, paused 0ms+0ms, total 5ms
05-21 10:58:12.142 D/dalvikvm(24261): GC_CONCURRENT freed 378K, 80% free 679K/3240K, paused 2ms+1ms, total 6ms
05-21 10:58:12.252 D/dalvikvm(24261): GC_CONCURRENT freed 394K, 80% free 679K/3240K, paused 2ms+0ms, total 6ms
05-21 10:58:12.361 D/dalvikvm(24261): GC_CONCURRENT freed 394K, 80% free 679K/3240K, paused 2ms+1ms, total 6ms
05-21 10:58:12.471 D/dalvikvm(24261): GC_CONCURRENT freed 395K, 80% free 679K/3240K, paused 1ms+0ms, total 6ms
05-21 10:58:12.572 D/dalvikvm(24261): GC_CONCURRENT freed 395K, 80% free 679K/3240K, paused 2ms+1ms, total 6ms
05-21 10:58:12.689 D/dalvikvm(24261): GC_CONCURRENT freed 394K, 80% free 679K/3240K, paused 2ms+1ms, total 6ms
05-21 10:58:12.791 D/dalvikvm(24261): GC_CONCURRENT freed 395K, 80% free 679K/3240K, paused 1ms+0ms, total 6ms
05-21 10:58:12.924 D/dalvikvm(24261): GC_CONCURRENT freed 410K, 80% free 663K/3240K, paused 0ms+1ms, total 6ms
05-21 10:58:13.056 D/dalvikvm(24261): GC_CONCURRENT freed 379K, 80% free 679K/3240K, paused 1ms+1ms, total 7ms
05-21 10:58:13.236 D/dalvikvm(24261): GC_CONCURRENT freed 413K, 80% free 660K/3240K, paused 0ms+1ms, total 12ms
05-21 10:58:13.369 D/dalvikvm(  374): JIT code cache reset in 5 ms (1048460 bytes 39/0)
05-21 10:58:13.431 D/dalvikvm(  374): GC_CONCURRENT freed 2699K, 24% free 21977K/28664K, paused 5ms+17ms, total 262ms
05-21 10:58:13.463 D/dalvikvm(24261): GC_CONCURRENT freed 395K, 80% free 660K/3240K, paused 1ms+0ms, total 8ms
05-21 10:58:13.635 D/dalvikvm(24261): GC_CONCURRENT freed 392K, 80% free 663K/3240K, paused 0ms+0ms, total 6ms
05-21 10:58:13.806 D/dalvikvm(24261): GC_CONCURRENT freed 376K, 79% free 681K/3240K, paused 1ms+1ms, total 6ms
05-21 10:58:14.002 D/dalvikvm(24261): GC_CONCURRENT freed 396K, 80% free 680K/3240K, paused 4ms+7ms, total 18ms
05-21 10:58:14.197 D/dalvikvm(24261): GC_CONCURRENT freed 395K, 80% free 679K/3240K, paused 2ms+1ms, total 8ms
05-21 10:58:14.385 D/dalvikvm(24261): GC_CONCURRENT freed 395K, 80% free 679K/3240K, paused 1ms+1ms, total 8ms
05-21 10:58:14.564 D/dalvikvm(24261): GC_CONCURRENT freed 395K, 80% free 679K/3240K, paused 1ms+1ms, total 8ms
05-21 10:58:14.744 D/dalvikvm(24261): GC_CONCURRENT freed 395K, 80% free 679K/3240K, paused 1ms+1ms, total 8ms
05-21 10:58:14.908 D/dalvikvm(24261): GC_CONCURRENT freed 394K, 80% free 679K/3240K, paused 1ms+1ms, total 7ms
05-21 10:58:15.017 D/dalvikvm(24261): GC_CONCURRENT freed 413K, 80% free 660K/3240K, paused 1ms+0ms, total 5ms
05-21 10:58:15.142 D/dalvikvm(24261): GC_CONCURRENT freed 395K, 80% free 660K/3240K, paused 1ms+1ms, total 5ms
05-21 10:58:15.252 D/dalvikvm(24261): GC_CONCURRENT freed 395K, 80% free 660K/3240K, paused 1ms+1ms, total 5ms
05-21 10:58:15.353 D/dalvikvm(24261): GC_CONCURRENT freed 395K, 80% free 660K/3240K, paused 0ms+1ms, total 4ms
05-21 10:58:15.447 D/dalvikvm(24261): GC_CONCURRENT freed 395K, 80% free 660K/3240K, paused 1ms+1ms, total 5ms
05-21 10:58:15.541 D/dalvikvm(24261): GC_CONCURRENT freed 395K, 80% free 660K/3240K, paused 0ms+0ms, total 5ms
05-21 10:58:15.627 D/dalvikvm(24261): GC_CONCURRENT freed 395K, 80% free 660K/3240K, paused 1ms+1ms, total 5ms
05-21 10:58:15.721 D/dalvikvm(24261): GC_CONCURRENT freed 395K, 80% free 660K/3240K, paused 0ms+0ms, total 4ms
05-21 10:58:15.806 D/dalvikvm(24261): GC_CONCURRENT freed 395K, 80% free 660K/3240K, paused 1ms+1ms, total 5ms
05-21 10:58:15.885 D/dalvikvm(24261): GC_CONCURRENT freed 376K, 80% free 679K/3240K, paused 1ms+0ms, total 6ms
05-21 10:58:15.971 D/dalvikvm(24261): GC_CONCURRENT freed 395K, 80% free 679K/3240K, paused 1ms+0ms, total 6ms
05-21 10:58:16.056 D/dalvikvm(24261): GC_CONCURRENT freed 413K, 80% free 660K/3240K, paused 0ms+0ms, total 5ms
05-21 10:58:16.150 D/dalvikvm(24261): GC_CONCURRENT freed 394K, 80% free 660K/3240K, paused 1ms+1ms, total 5ms
05-21 10:58:16.228 D/dalvikvm(24261): GC_CONCURRENT freed 395K, 80% free 660K/3240K, paused 0ms+0ms, total 4ms
05-21 10:58:16.322 D/dalvikvm(24261): GC_CONCURRENT freed 395K, 80% free 660K/3240K, paused 0ms+0ms, total 4ms
05-21 10:58:16.400 D/dalvikvm(24261): GC_CONCURRENT freed 392K, 80% free 664K/3240K, paused 1ms+0ms, total 5ms
05-21 10:58:16.486 D/dalvikvm(24261): GC_CONCURRENT freed 397K, 80% free 660K/3240K, paused 0ms+1ms, total 4ms
05-21 10:58:16.564 D/dalvikvm(24261): GC_CONCURRENT freed 395K, 80% free 660K/3240K, paused 1ms+1ms, total 5ms
05-21 10:58:16.658 D/dalvikvm(24261): GC_CONCURRENT freed 395K, 80% free 660K/3240K, paused 0ms+0ms, total 5ms
05-21 10:58:16.736 D/dalvikvm(24261): GC_CONCURRENT freed 395K, 80% free 660K/3240K, paused 0ms+0ms, total 4ms
05-21 10:58:16.822 D/dalvikvm(24261): GC_CONCURRENT freed 390K, 80% free 665K/3240K, paused 1ms+0ms, total 7ms
05-21 10:58:16.924 D/dalvikvm(24261): GC_CONCURRENT freed 378K, 79% free 681K/3240K, paused 2ms+1ms, total 7ms
05-21 10:58:17.017 D/dalvikvm(24261): GC_CONCURRENT freed 412K, 80% free 664K/3240K, paused 0ms+1ms, total 6ms
05-21 10:58:17.119 D/dalvikvm(24261): GC_CONCURRENT freed 395K, 80% free 663K/3240K, paused 0ms+1ms, total 8ms
05-21 10:58:17.228 D/dalvikvm(24261): GC_CONCURRENT freed 395K, 80% free 663K/3240K, paused 1ms+0ms, total 12ms
05-21 10:58:17.322 D/dalvikvm(24261): GC_CONCURRENT freed 394K, 80% free 663K/3240K, paused 1ms+1ms, total 7ms
05-21 10:58:17.424 D/dalvikvm(24261): GC_CONCURRENT freed 394K, 80% free 663K/3240K, paused 1ms+1ms, total 6ms
05-21 10:58:17.525 D/dalvikvm(24261): GC_CONCURRENT freed 379K, 80% free 680K/3240K, paused 2ms+0ms, total 8ms
05-21 10:58:17.627 D/dalvikvm(24261): GC_CONCURRENT freed 394K, 80% free 680K/3240K, paused 1ms+1ms, total 10ms
05-21 10:58:17.736 D/dalvikvm(24261): GC_CONCURRENT freed 411K, 80% free 663K/3240K, paused 0ms+0ms, total 7ms
05-21 10:58:17.838 D/dalvikvm(24261): GC_CONCURRENT freed 395K, 80% free 663K/3240K, paused 1ms+1ms, total 10ms
05-21 10:58:17.955 D/dalvikvm(24261): GC_CONCURRENT freed 394K, 80% free 663K/3240K, paused 1ms+0ms, total 8ms
05-21 10:58:18.088 D/dalvikvm(24261): GC_CONCURRENT freed 379K, 80% free 679K/3240K, paused 2ms+0ms, total 9ms
05-21 10:58:18.291 D/dalvikvm(24261): GC_CONCURRENT freed 395K, 80% free 679K/3240K, paused 2ms+1ms, total 11ms
05-21 10:58:18.353 D/dalvikvm(  374): GC_CONCURRENT freed 3401K, 24% free 21802K/28664K, paused 4ms+10ms, total 234ms
05-21 10:58:18.455 D/dalvikvm(24261): GC_CONCURRENT freed 411K, 80% free 663K/3240K, paused 0ms+1ms, total 14ms
05-21 10:58:18.572 D/dalvikvm(24261): GC_CONCURRENT freed 394K, 80% free 663K/3240K, paused 1ms+1ms, total 14ms
05-21 10:58:18.721 D/dalvikvm(24261): GC_CONCURRENT freed 395K, 80% free 663K/3240K, paused 2ms+1ms, total 16ms
05-21 10:58:18.838 D/dalvikvm(24261): GC_CONCURRENT freed 393K, 80% free 663K/3240K, paused 0ms+0ms, total 6ms
05-21 10:58:18.947 D/dalvikvm(24261): GC_CONCURRENT freed 377K, 79% free 681K/3240K, paused 1ms+1ms, total 9ms
05-21 10:58:19.017 D/dalvikvm(24261): GC_CONCURRENT freed 396K, 80% free 679K/3240K, paused 2ms+0ms, total 7ms
05-21 10:58:19.103 D/dalvikvm(24261): GC_CONCURRENT freed 411K, 80% free 663K/3240K, paused 1ms+1ms, total 6ms
05-21 10:58:19.181 D/dalvikvm(24261): GC_CONCURRENT freed 394K, 80% free 664K/3240K, paused 1ms+1ms, total 5ms
05-21 10:58:19.267 D/dalvikvm(24261): GC_CONCURRENT freed 395K, 80% free 664K/3240K, paused 0ms+0ms, total 5ms
05-21 10:58:19.353 D/dalvikvm(24261): GC_CONCURRENT freed 395K, 80% free 664K/3240K, paused 0ms+0ms, total 5ms
05-21 10:58:19.431 D/dalvikvm(24261): GC_CONCURRENT freed 394K, 80% free 664K/3240K, paused 1ms+0ms, total 6ms
05-21 10:58:19.510 D/dalvikvm(24261): GC_CONCURRENT freed 395K, 80% free 664K/3240K, paused 1ms+0ms, total 6ms
05-21 10:58:19.588 D/dalvikvm(24261): GC_CONCURRENT freed 395K, 80% free 663K/3240K, paused 1ms+1ms, total 6ms
05-21 10:58:19.674 D/dalvikvm(24261): GC_CONCURRENT freed 376K, 79% free 681K/3240K, paused 1ms+1ms, total 8ms
05-21 10:58:19.744 D/dalvikvm(24261): GC_CONCURRENT freed 413K, 80% free 663K/3240K, paused 0ms+1ms, total 5ms
05-21 10:58:19.822 D/dalvikvm(24261): GC_CONCURRENT freed 394K, 80% free 664K/3240K, paused 0ms+0ms, total 5ms
05-21 10:58:19.900 D/dalvikvm(24261): GC_CONCURRENT freed 395K, 80% free 663K/3240K, paused 0ms+1ms, total 5ms
05-21 10:58:19.978 D/dalvikvm(24261): GC_CONCURRENT freed 395K, 80% free 663K/3240K, paused 0ms+0ms, total 5ms
05-21 10:58:20.056 D/dalvikvm(24261): GC_CONCURRENT freed 394K, 80% free 663K/3240K, paused 0ms+0ms, total 6ms
05-21 10:58:20.135 D/dalvikvm(24261): GC_CONCURRENT freed 376K, 79% free 681K/3240K, paused 2ms+1ms, total 6ms
05-21 10:58:20.228 D/dalvikvm(24261): GC_CONCURRENT freed 413K, 80% free 663K/3240K, paused 0ms+0ms, total 5ms
05-21 10:58:20.299 D/dalvikvm(24261): GC_CONCURRENT freed 376K, 79% free 681K/3240K, paused 0ms+0ms, total 5ms
05-21 10:58:20.385 D/dalvikvm(24261): GC_CONCURRENT freed 413K, 80% free 663K/3240K, paused 0ms+1ms, total 8ms
05-21 10:58:20.455 D/dalvikvm(24261): GC_CONCURRENT freed 376K, 79% free 681K/3240K, paused 1ms+1ms, total 5ms
05-21 10:58:20.533 D/dalvikvm(24261): GC_CONCURRENT freed 396K, 80% free 679K/3240K, paused 2ms+1ms, total 6ms
05-21 10:58:20.619 D/dalvikvm(24261): GC_CONCURRENT freed 395K, 80% free 679K/3240K, paused 1ms+1ms, total 6ms
05-21 10:58:20.705 D/dalvikvm(24261): GC_CONCURRENT freed 395K, 80% free 679K/3240K, paused 2ms+1ms, total 6ms
05-21 10:58:20.791 D/dalvikvm(24261): GC_CONCURRENT freed 395K, 80% free 679K/3240K, paused 1ms+1ms, total 6ms
05-21 10:58:20.885 D/dalvikvm(24261): GC_CONCURRENT freed 395K, 80% free 679K/3240K, paused 2ms+0ms, total 7ms
05-21 10:58:20.986 D/dalvikvm(24261): GC_CONCURRENT freed 395K, 80% free 679K/3240K, paused 1ms+1ms, total 7ms
05-21 10:58:21.080 D/dalvikvm(24261): GC_CONCURRENT freed 395K, 80% free 679K/3240K, paused 2ms+0ms, total 7ms
05-21 10:58:21.213 D/dalvikvm(24261): GC_CONCURRENT freed 395K, 80% free 679K/3240K, paused 2ms+1ms, total 7ms
05-21 10:58:21.299 D/dalvikvm( 1661): GC_EXPLICIT freed 106K, 18% free 13049K/15888K, paused 3ms+21ms, total 157ms
05-21 10:58:21.346 D/dalvikvm(24261): GC_CONCURRENT freed 395K, 80% free 679K/3240K, paused 2ms+0ms, total 7ms
05-21 10:58:21.455 D/dalvikvm(24261): GC_CONCURRENT freed 395K, 80% free 679K/3240K, paused 2ms+0ms, total 7ms
05-21 10:58:21.556 D/dalvikvm(24261): GC_CONCURRENT freed 410K, 80% free 663K/3240K, paused 0ms+1ms, total 5ms
05-21 10:58:21.658 D/dalvikvm(24261): GC_CONCURRENT freed 395K, 80% free 663K/3240K, paused 1ms+0ms, total 6ms
05-21 10:58:21.760 D/dalvikvm(24261): GC_CONCURRENT freed 379K, 80% free 679K/3240K, paused 2ms+0ms, total 6ms
05-21 10:58:21.869 D/dalvikvm(24261): GC_CONCURRENT freed 394K, 80% free 679K/3240K, paused 2ms+0ms, total 8ms
05-21 10:58:22.010 D/dalvikvm(24261): GC_CONCURRENT freed 399K, 80% free 664K/3240K, paused 1ms+1ms, total 7ms
05-21 10:58:22.142 D/dalvikvm(24261): GC_CONCURRENT freed 390K, 80% free 679K/3240K, paused 2ms+1ms, total 10ms
05-21 10:58:22.267 D/dalvikvm(24261): GC_CONCURRENT freed 412K, 80% free 660K/3240K, paused 1ms+1ms, total 7ms
05-21 10:58:22.455 D/dalvikvm(24261): GC_CONCURRENT freed 395K, 80% free 660K/3240K, paused 0ms+0ms, total 8ms
05-21 10:58:22.564 D/dalvikvm(  374): GC_CONCURRENT freed 3208K, 24% free 21810K/28664K, paused 4ms+9ms, total 287ms
05-21 10:58:22.619 D/dalvikvm(24261): GC_CONCURRENT freed 376K, 80% free 679K/3240K, paused 1ms+1ms, total 8ms
05-21 10:58:22.752 D/dalvikvm(24261): GC_CONCURRENT freed 395K, 80% free 679K/3240K, paused 1ms+1ms, total 8ms
05-21 10:58:22.924 D/dalvikvm(24261): GC_CONCURRENT freed 395K, 80% free 679K/3240K, paused 3ms+2ms, total 16ms
05-21 10:58:23.205 D/dalvikvm(24261): GC_CONCURRENT freed 391K, 79% free 683K/3240K, paused 2ms+1ms, total 28ms
05-21 10:58:23.439 D/dalvikvm(24261): GC_CONCURRENT freed 414K, 80% free 663K/3240K, paused 2ms+2ms, total 25ms
05-21 10:58:23.697 D/dalvikvm(24261): GC_CONCURRENT freed 377K, 79% free 681K/3240K, paused 2ms+2ms, total 24ms
05-21 10:58:23.955 D/dalvikvm(24261): GC_CONCURRENT freed 396K, 80% free 680K/3240K, paused 3ms+1ms, total 25ms
05-21 10:58:24.236 D/dalvikvm(24261): GC_CONCURRENT freed 413K, 80% free 661K/3240K, paused 2ms+12ms, total 25ms
05-21 10:58:24.486 D/dalvikvm(24261): GC_CONCURRENT freed 395K, 80% free 660K/3240K, paused 1ms+1ms, total 18ms
05-21 10:58:24.767 D/dalvikvm(24261): GC_CONCURRENT freed 394K, 80% free 661K/3240K, paused 2ms+1ms, total 18ms
05-21 10:58:24.963 D/dalvikvm(24261): GC_CONCURRENT freed 382K, 80% free 663K/3240K, paused 1ms+1ms, total 7ms
05-21 10:58:25.056 D/dalvikvm(24261): GC_CONCURRENT freed 408K, 80% free 660K/3240K, paused 1ms+1ms, total 5ms
05-21 10:58:25.150 D/dalvikvm(24261): GC_CONCURRENT freed 395K, 80% free 660K/3240K, paused 0ms+0ms, total 4ms
05-21 10:58:25.221 D/dalvikvm(24261): GC_CONCURRENT freed 395K, 80% free 660K/3240K, paused 1ms+1ms, total 5ms
05-21 10:58:25.306 D/dalvikvm(24261): GC_CONCURRENT freed 395K, 80% free 660K/3240K, paused 1ms+0ms, total 5ms
05-21 10:58:25.392 D/dalvikvm(24261): GC_CONCURRENT freed 395K, 80% free 660K/3240K, paused 0ms+0ms, total 5ms
05-21 10:58:25.471 D/dalvikvm(24261): GC_CONCURRENT freed 395K, 80% free 660K/3240K, paused 1ms+0ms, total 5ms
05-21 10:58:25.556 D/dalvikvm(24261): GC_CONCURRENT freed 395K, 80% free 660K/3240K, paused 0ms+0ms, total 5ms
05-21 10:58:25.596 W/Parcel  ( 1661): Attempt to read object from Parcel 0x5ec3bdac at offset 200 that is not in the object list
05-21 10:58:25.642 D/dalvikvm(24261): GC_CONCURRENT freed 391K, 80% free 664K/3240K, paused 1ms+0ms, total 7ms
05-21 10:58:25.713 D/dalvikvm(24261): GC_CONCURRENT freed 394K, 80% free 663K/3240K, paused 0ms+1ms, total 5ms
05-21 10:58:25.806 D/dalvikvm(24261): GC_CONCURRENT freed 395K, 80% free 663K/3240K, paused 1ms+1ms, total 10ms
05-21 10:58:25.877 D/dalvikvm(24261): GC_CONCURRENT freed 395K, 80% free 663K/3240K, paused 0ms+1ms, total 5ms
05-21 10:58:25.955 D/dalvikvm(24261): GC_CONCURRENT freed 394K, 80% free 664K/3240K, paused 1ms+1ms, total 7ms
05-21 10:58:26.025 W/MountService(  374): getVolumeState(/storage/emulated/0/external_sd): Unknown volume
05-21 10:58:26.025 W/MountService(  374): getVolumeState(/mnt/sdcard-ext): Unknown volume
05-21 10:58:26.025 W/MountService(  374): getVolumeState(/mnt/ext_sdcard): Unknown volume
05-21 10:58:26.025 W/MountService(  374): getVolumeState(/mnt/sdcard2): Unknown volume
05-21 10:58:26.025 W/MountService(  374): getVolumeState(/mnt/emmc): Unknown volume
05-21 10:58:26.025 W/MountService(  374): getVolumeState(/mnt/extSdCard): Unknown volume
05-21 10:58:26.033 D/dalvikvm(24261): GC_CONCURRENT freed 379K, 80% free 679K/3240K, paused 1ms+0ms, total 6ms
05-21 10:58:26.056 W/MountService(  374): getVolumeState(/mnt/sdcard/SD_CARD): Unknown volume
05-21 10:58:26.072 W/MountService(  374): getVolumeState(/mnt/sdcard/extra_sd): Unknown volume
05-21 10:58:26.072 W/MountService(  374): getVolumeState(/mnt/extrasd_bind): Unknown volume
05-21 10:58:26.088 W/MountService(  374): getVolumeState(/mnt/sdcard/ext_sd): Unknown volume
05-21 10:58:26.088 W/MountService(  374): getVolumeState(/storage/extSdCard): Unknown volume
05-21 10:58:26.088 W/MountService(  374): getVolumeState(/storage/sdcard1): Unknown volume
05-21 10:58:26.088 W/MountService(  374): getVolumeState(/mnt/sdcard/external_SD): Unknown volume
05-21 10:58:26.088 W/MountService(  374): getVolumeState(/mnt/sdcard/external_sd): Unknown volume
05-21 10:58:26.127 D/dalvikvm(24261): GC_CONCURRENT freed 409K, 80% free 664K/3240K, paused 0ms+0ms, total 7ms
05-21 10:58:26.197 D/dalvikvm( 1468): GC_CONCURRENT freed 423K, 21% free 9810K/12308K, paused 22ms+3ms, total 66ms
05-21 10:58:26.236 D/dalvikvm(24261): GC_CONCURRENT freed 395K, 80% free 663K/3240K, paused 1ms+1ms, total 13ms
05-21 10:58:26.322 D/dalvikvm(24261): GC_CONCURRENT freed 376K, 79% free 681K/3240K, paused 0ms+1ms, total 9ms
05-21 10:58:26.416 D/dalvikvm(24261): GC_CONCURRENT freed 412K, 80% free 663K/3240K, paused 0ms+1ms, total 5ms
05-21 10:58:26.510 D/dalvikvm(24261): GC_CONCURRENT freed 379K, 80% free 679K/3240K, paused 1ms+0ms, total 5ms
05-21 10:58:26.596 D/dalvikvm(24261): GC_CONCURRENT freed 410K, 80% free 663K/3240K, paused 0ms+0ms, total 5ms
05-21 10:58:26.689 D/dalvikvm(24261): GC_CONCURRENT freed 395K, 80% free 663K/3240K, paused 0ms+0ms, total 4ms
05-21 10:58:26.775 D/dalvikvm(24261): GC_CONCURRENT freed 379K, 80% free 679K/3240K, paused 1ms+0ms, total 6ms
05-21 10:58:26.877 D/dalvikvm(24261): GC_CONCURRENT freed 413K, 80% free 660K/3240K, paused 1ms+1ms, total 5ms
05-21 10:58:26.963 D/dalvikvm(24261): GC_CONCURRENT freed 395K, 80% free 660K/3240K, paused 1ms+1ms, total 5ms
05-21 10:58:27.033 W/MountService(  374): getVolumeState(/storage/emulated/0/external_sd): Unknown volume
05-21 10:58:27.033 W/MountService(  374): getVolumeState(/mnt/sdcard-ext): Unknown volume
05-21 10:58:27.033 W/MountService(  374): getVolumeState(/mnt/ext_sdcard): Unknown volume
05-21 10:58:27.033 W/MountService(  374): getVolumeState(/mnt/sdcard2): Unknown volume
05-21 10:58:27.041 W/MountService(  374): getVolumeState(/mnt/emmc): Unknown volume
05-21 10:58:27.041 W/MountService(  374): getVolumeState(/mnt/extSdCard): Unknown volume
05-21 10:58:27.049 W/MountService(  374): getVolumeState(/mnt/sdcard/SD_CARD): Unknown volume
05-21 10:58:27.049 W/MountService(  374): getVolumeState(/mnt/sdcard/extra_sd): Unknown volume
05-21 10:58:27.049 W/MountService(  374): getVolumeState(/mnt/extrasd_bind): Unknown volume
05-21 10:58:27.056 D/dalvikvm(24261): GC_CONCURRENT freed 392K, 80% free 663K/3240K, paused 1ms+1ms, total 7ms
05-21 10:58:27.056 W/MountService(  374): getVolumeState(/mnt/sdcard/ext_sd): Unknown volume
05-21 10:58:27.064 W/MountService(  374): getVolumeState(/storage/extSdCard): Unknown volume
05-21 10:58:27.064 W/MountService(  374): getVolumeState(/storage/sdcard1): Unknown volume
05-21 10:58:27.064 W/MountService(  374): getVolumeState(/mnt/sdcard/external_SD): Unknown volume
05-21 10:58:27.072 W/MountService(  374): getVolumeState(/mnt/sdcard/external_sd): Unknown volume
05-21 10:58:27.096 D/dalvikvm( 1468): GC_CONCURRENT freed 486K, 21% free 9829K/12308K, paused 61ms+3ms, total 140ms
05-21 10:58:27.096 D/dalvikvm( 1468): WAIT_FOR_CONCURRENT_GC blocked 20ms
05-21 10:58:27.096 D/dalvikvm( 1468): WAIT_FOR_CONCURRENT_GC blocked 15ms
05-21 10:58:27.150 D/dalvikvm(24261): GC_CONCURRENT freed 378K, 80% free 679K/3240K, paused 2ms+1ms, total 6ms
05-21 10:58:27.236 D/dalvikvm(24261): GC_CONCURRENT freed 395K, 80% free 679K/3240K, paused 2ms+1ms, total 6ms
05-21 10:58:27.330 D/dalvikvm(24261): GC_CONCURRENT freed 410K, 80% free 663K/3240K, paused 0ms+1ms, total 5ms
05-21 10:58:27.416 D/dalvikvm(24261): GC_CONCURRENT freed 377K, 79% free 681K/3240K, paused 1ms+0ms, total 7ms
05-21 10:58:27.494 D/dalvikvm(24261): GC_CONCURRENT freed 395K, 79% free 681K/3240K, paused 0ms+1ms, total 5ms
05-21 10:58:27.596 D/dalvikvm(24261): GC_CONCURRENT freed 395K, 79% free 681K/3240K, paused 2ms+0ms, total 10ms
05-21 10:58:27.697 D/dalvikvm(  374): GC_CONCURRENT freed 3226K, 25% free 21778K/28664K, paused 4ms+8ms, total 165ms
05-21 10:58:27.713 D/dalvikvm(24261): GC_CONCURRENT freed 413K, 80% free 663K/3240K, paused 1ms+0ms, total 7ms
05-21 10:58:27.791 D/dalvikvm(24261): GC_CONCURRENT freed 395K, 80% free 663K/3240K, paused 0ms+0ms, total 5ms
05-21 10:58:27.892 D/dalvikvm(24261): GC_CONCURRENT freed 395K, 80% free 663K/3240K, paused 0ms+1ms, total 9ms
05-21 10:58:27.971 D/dalvikvm(24261): GC_CONCURRENT freed 394K, 80% free 663K/3240K, paused 1ms+0ms, total 10ms
05-21 10:58:28.041 D/dalvikvm(24261): GC_CONCURRENT freed 394K, 80% free 663K/3240K, paused 1ms+0ms, total 6ms
05-21 10:58:28.103 D/dalvikvm(24407): Late-enabling CheckJNI
05-21 10:58:28.103 I/ActivityManager(  374): Start proc com.pekall.emdm.launcher:remote for service com.pekall.emdm.launcher/com.baidu.location.f: pid=24407 uid=10066 gids={50066, 1015, 3002, 3001, 3003, 1028}
05-21 10:58:28.135 D/dalvikvm(24261): GC_CONCURRENT freed 394K, 80% free 664K/3240K, paused 1ms+0ms, total 10ms
05-21 10:58:28.205 D/ScClassLoader(24407): >> SOURCE FILE: /data/data/com.pekall.emdm.launcher/app_jars/sc-jdk15on-1.47.0.2.dex.jar
05-21 10:58:28.205 V/MyServiceConnection(24407): [SConnection] sandbox service is NOT installed.
05-21 10:58:28.205 V/MyServiceConnection(24407): [SConnection] binding service: pekall.intent.action.SANDBOX_SERVICE
05-21 10:58:28.252 D/dalvikvm(24261): GC_CONCURRENT freed 395K, 80% free 663K/3240K, paused 0ms+0ms, total 5ms
05-21 10:58:28.283 D/dalvikvm(24407): GC_CONCURRENT freed 161K, 3% free 9272K/9472K, paused 3ms+12ms, total 56ms
05-21 10:58:28.283 D/dalvikvm(24407): WAIT_FOR_CONCURRENT_GC blocked 12ms
05-21 10:58:28.283 W/Parcel  ( 1661): Attempt to read object from Parcel 0x6003bdac at offset 200 that is not in the object list
05-21 10:58:28.291 W/Parcel  ( 1661): Attempt to read object from Parcel 0x6013bdac at offset 200 that is not in the object list
05-21 10:58:28.291 D/Email   (24407): Email: init sandbox at the beginning.
05-21 10:58:28.291 V/MyServiceConnection(24407): [SConnection] retry to bind service
05-21 10:58:28.291 V/MyServiceConnection(24407): [SConnection] sandbox service is NOT installed.
05-21 10:58:28.291 V/MyServiceConnection(24407): [SConnection] binding service: pekall.intent.action.SANDBOX_SERVICE
05-21 10:58:28.314 V/MyServiceConnection(24407): [SConnection] retry to bind service
05-21 10:58:28.314 V/MyServiceConnection(24407): [SConnection] sandbox service is NOT installed.
05-21 10:58:28.314 V/MyServiceConnection(24407): [SConnection] binding service: pekall.intent.action.SANDBOX_SERVICE
05-21 10:58:28.338 V/l       (24407): Bind requested for task setLogging
05-21 10:58:28.392 D/ExchangeService(24005): !!! EAS ExchangeService, onCreate
05-21 10:58:28.400 D/dalvikvm(24407): GC_CONCURRENT freed 201K, 3% free 9583K/9824K, paused 8ms+2ms, total 33ms
05-21 10:58:28.400 D/dalvikvm(24407): WAIT_FOR_CONCURRENT_GC blocked 13ms
05-21 10:58:28.400 D/dalvikvm(24407): WAIT_FOR_CONCURRENT_GC blocked 13ms
05-21 10:58:28.416 D/dalvikvm(24407): WAIT_FOR_CONCURRENT_GC blocked 18ms
