05-22 11:00:29.416 I/ActivityManager(  374): START u0 {act=android.intent.action.MAIN cat=[android.intent.category.HOME] flg=0x10200000 cmp=com.pekall.emdm.launcher/.Launcher} from pid 374
05-22 11:00:32.338 I/ActivityManager(  374): START u0 {flg=0x10000000 cmp=com.pekall.emdm.launcher/com.pekall.emdm.document.activity.DocMainActivity} from pid 14465
05-22 11:00:37.330 I/ActivityManager(  374): START u0 {act=android.intent.action.MAIN cat=[android.intent.category.HOME] flg=0x10200000 cmp=com.pekall.emdm.launcher/.Launcher} from pid 374
05-22 11:00:37.783 W/MountService(  374): getVolumeState(/storage/emulated/0/external_sd): Unknown volume
05-22 11:00:37.783 W/MountService(  374): getVolumeState(/mnt/sdcard-ext): Unknown volume
05-22 11:00:37.783 W/MountService(  374): getVolumeState(/mnt/ext_sdcard): Unknown volume
05-22 11:00:37.783 W/MountService(  374): getVolumeState(/mnt/sdcard2): Unknown volume
05-22 11:00:37.783 W/MountService(  374): getVolumeState(/mnt/emmc): Unknown volume
05-22 11:00:37.791 W/MountService(  374): getVolumeState(/mnt/extSdCard): Unknown volume
05-22 11:00:37.791 W/MountService(  374): getVolumeState(/mnt/sdcard/SD_CARD): Unknown volume
05-22 11:00:37.791 W/MountService(  374): getVolumeState(/mnt/sdcard/extra_sd): Unknown volume
05-22 11:00:37.791 W/MountService(  374): getVolumeState(/mnt/extrasd_bind): Unknown volume
05-22 11:00:37.791 W/MountService(  374): getVolumeState(/mnt/sdcard/ext_sd): Unknown volume
05-22 11:00:37.806 W/MountService(  374): getVolumeState(/storage/extSdCard): Unknown volume
05-22 11:00:37.806 W/MountService(  374): getVolumeState(/storage/sdcard1): Unknown volume
05-22 11:00:37.806 W/MountService(  374): getVolumeState(/mnt/sdcard/external_SD): Unknown volume
05-22 11:00:37.814 W/MountService(  374): getVolumeState(/mnt/sdcard/external_sd): Unknown volume
05-22 11:00:38.127 W/MountService(  374): getVolumeState(/storage/emulated/0/external_sd): Unknown volume
05-22 11:00:38.127 W/MountService(  374): getVolumeState(/mnt/sdcard-ext): Unknown volume
05-22 11:00:38.135 W/MountService(  374): getVolumeState(/mnt/ext_sdcard): Unknown volume
05-22 11:00:38.135 W/MountService(  374): getVolumeState(/mnt/sdcard2): Unknown volume
05-22 11:00:38.135 W/MountService(  374): getVolumeState(/mnt/emmc): Unknown volume
05-22 11:00:38.135 W/MountService(  374): getVolumeState(/mnt/extSdCard): Unknown volume
05-22 11:00:38.135 W/MountService(  374): getVolumeState(/mnt/sdcard/SD_CARD): Unknown volume
05-22 11:00:38.135 W/MountService(  374): getVolumeState(/mnt/sdcard/extra_sd): Unknown volume
05-22 11:00:38.135 W/MountService(  374): getVolumeState(/mnt/extrasd_bind): Unknown volume
05-22 11:00:38.150 W/MountService(  374): getVolumeState(/mnt/sdcard/ext_sd): Unknown volume
05-22 11:00:38.150 W/MountService(  374): getVolumeState(/storage/extSdCard): Unknown volume
05-22 11:00:38.158 W/MountService(  374): getVolumeState(/storage/sdcard1): Unknown volume
05-22 11:00:38.158 W/MountService(  374): getVolumeState(/mnt/sdcard/external_SD): Unknown volume
05-22 11:00:38.158 W/MountService(  374): getVolumeState(/mnt/sdcard/external_sd): Unknown volume
05-22 11:00:40.658 I/ActivityManager(  374): START u0 {flg=0x10000000 cmp=com.pekall.emdm.launcher/com.pekall.emdm.document.activity.DocMainActivity} from pid 14465
05-22 11:00:45.642 I/ActivityManager(  374): START u0 {act=android.intent.action.MAIN cat=[android.intent.category.HOME] flg=0x10200000 cmp=com.pekall.emdm.launcher/.Launcher} from pid 374
05-22 11:00:48.627 I/ActivityManager(  374): START u0 {flg=0x10000000 cmp=com.pekall.emdm.launcher/com.pekall.emdm.document.activity.DocMainActivity} from pid 14465
05-22 11:00:53.080 I/ActivityManager(  374): START u0 {act=android.intent.action.MAIN cat=[android.intent.category.HOME] flg=0x10200000 cmp=com.pekall.emdm.launcher/.Launcher} from pid 374
05-22 11:00:56.361 I/ActivityManager(  374): START u0 {flg=0x10000000 cmp=com.pekall.emdm.launcher/com.pekall.emdm.document.activity.DocMainActivity} from pid 14465
05-22 11:01:01.424 I/ActivityManager(  374): START u0 {act=android.intent.action.MAIN cat=[android.intent.category.HOME] flg=0x10200000 cmp=com.pekall.emdm.launcher/.Launcher} from pid 374
05-22 11:01:04.447 I/ActivityManager(  374): START u0 {flg=0x10000000 cmp=com.pekall.emdm.launcher/com.pekall.emdm.document.activity.DocMainActivity} from pid 14465
05-22 11:01:23.205 I/ActivityManager(  374): START u0 {act=android.intent.action.MAIN cat=[android.intent.category.HOME] flg=0x10200000 cmp=com.pekall.emdm.launcher/.Launcher} from pid 374
05-22 11:01:26.572 I/ActivityManager(  374): START u0 {flg=0x10000000 cmp=com.pekall.emdm.launcher/com.pekall.emdm.document.activity.DocMainActivity} from pid 14465
05-22 11:01:37.885 W/MountService(  374): getVolumeState(/storage/emulated/0/external_sd): Unknown volume
05-22 11:01:37.885 W/MountService(  374): getVolumeState(/mnt/sdcard-ext): Unknown volume
05-22 11:01:37.885 W/MountService(  374): getVolumeState(/mnt/ext_sdcard): Unknown volume
05-22 11:01:37.885 W/MountService(  374): getVolumeState(/mnt/sdcard2): Unknown volume
05-22 11:01:37.885 W/MountService(  374): getVolumeState(/mnt/emmc): Unknown volume
05-22 11:01:37.885 W/MountService(  374): getVolumeState(/mnt/extSdCard): Unknown volume
05-22 11:01:37.892 W/MountService(  374): getVolumeState(/mnt/sdcard/SD_CARD): Unknown volume
05-22 11:01:37.892 W/MountService(  374): getVolumeState(/mnt/sdcard/extra_sd): Unknown volume
05-22 11:01:37.892 W/MountService(  374): getVolumeState(/mnt/extrasd_bind): Unknown volume
05-22 11:01:37.892 W/MountService(  374): getVolumeState(/mnt/sdcard/ext_sd): Unknown volume
05-22 11:01:37.892 W/MountService(  374): getVolumeState(/storage/extSdCard): Unknown volume
05-22 11:01:37.892 W/MountService(  374): getVolumeState(/storage/sdcard1): Unknown volume
05-22 11:01:37.892 W/MountService(  374): getVolumeState(/mnt/sdcard/external_SD): Unknown volume
05-22 11:01:37.892 W/MountService(  374): getVolumeState(/mnt/sdcard/external_sd): Unknown volume
05-22 11:01:38.213 W/MountService(  374): getVolumeState(/storage/emulated/0/external_sd): Unknown volume
05-22 11:01:38.236 W/MountService(  374): getVolumeState(/mnt/sdcard-ext): Unknown volume
05-22 11:01:38.236 W/MountService(  374): getVolumeState(/mnt/ext_sdcard): Unknown volume
05-22 11:01:38.236 W/MountService(  374): getVolumeState(/mnt/sdcard2): Unknown volume
05-22 11:01:38.236 W/MountService(  374): getVolumeState(/mnt/emmc): Unknown volume
05-22 11:01:38.236 W/MountService(  374): getVolumeState(/mnt/extSdCard): Unknown volume
05-22 11:01:38.236 W/MountService(  374): getVolumeState(/mnt/sdcard/SD_CARD): Unknown volume
05-22 11:01:38.236 W/MountService(  374): getVolumeState(/mnt/sdcard/extra_sd): Unknown volume
05-22 11:01:38.236 W/MountService(  374): getVolumeState(/mnt/extrasd_bind): Unknown volume
05-22 11:01:38.236 W/MountService(  374): getVolumeState(/mnt/sdcard/ext_sd): Unknown volume
05-22 11:01:38.244 W/MountService(  374): getVolumeState(/storage/extSdCard): Unknown volume
05-22 11:01:38.244 W/MountService(  374): getVolumeState(/storage/sdcard1): Unknown volume
05-22 11:01:38.244 W/MountService(  374): getVolumeState(/mnt/sdcard/external_SD): Unknown volume
05-22 11:01:38.244 W/MountService(  374): getVolumeState(/mnt/sdcard/external_sd): Unknown volume
05-22 11:01:55.744 I/ActivityManager(  374): START u0 {act=android.intent.action.MAIN cat=[android.intent.category.HOME] flg=0x10200000 cmp=com.pekall.emdm.launcher/.Launcher} from pid 374
05-22 11:01:58.767 I/ActivityManager(  374): START u0 {flg=0x10000000 cmp=com.pekall.emdm.launcher/com.pekall.emdm.contacts.activities.PeopleActivity} from pid 14465
05-22 11:01:58.924 I/ActivityManager(  374): START u0 {cmp=com.pekall.emdm.launcher/com.pekall.emdm.contacts.activities.DialtactsActivity (has extras)} from pid 14465
05-22 11:01:59.197 I/ActivityManager(  374): Start proc com.qihoo360.mobilesafe:remote for content provider com.qihoo360.mobilesafe/.shield.provider.EmptyProvider: pid=16086 uid=10069 gids={50069, 3003, 1015, 3001, 3002, 1006, 1028}
05-22 11:02:06.611 I/ActivityManager(  374): START u0 {act=android.intent.action.MAIN cat=[android.intent.category.HOME] flg=0x10200000 cmp=com.pekall.emdm.launcher/.Launcher} from pid 374
05-22 11:02:09.939 I/ActivityManager(  374): START u0 {flg=0x10000000 cmp=com.pekall.emdm.launcher/com.pekall.emdm.contacts.activities.PeopleActivity} from pid 14465
05-22 11:02:10.096 I/ActivityManager(  374): START u0 {cmp=com.pekall.emdm.launcher/com.pekall.emdm.contacts.activities.DialtactsActivity (has extras)} from pid 14465
05-22 11:02:17.471 I/ActivityManager(  374): START u0 {act=android.intent.action.MAIN cat=[android.intent.category.HOME] flg=0x10200000 cmp=com.pekall.emdm.launcher/.Launcher} from pid 374
05-22 11:02:20.533 I/ActivityManager(  374): START u0 {flg=0x10000000 cmp=com.pekall.emdm.launcher/com.pekall.emdm.contacts.activities.PeopleActivity} from pid 14465
05-22 11:02:20.721 I/ActivityManager(  374): START u0 {cmp=com.pekall.emdm.launcher/com.pekall.emdm.contacts.activities.DialtactsActivity (has extras)} from pid 14465
05-22 11:02:28.111 I/ActivityManager(  374): START u0 {act=android.intent.action.MAIN cat=[android.intent.category.HOME] flg=0x10200000 cmp=com.pekall.emdm.launcher/.Launcher} from pid 374
05-22 11:02:31.385 I/ActivityManager(  374): START u0 {flg=0x10000000 cmp=com.pekall.emdm.launcher/com.pekall.emdm.contacts.activities.PeopleActivity} from pid 14465
05-22 11:02:31.549 I/ActivityManager(  374): START u0 {cmp=com.pekall.emdm.launcher/com.pekall.emdm.contacts.activities.DialtactsActivity (has extras)} from pid 14465
05-22 11:02:38.041 W/MountService(  374): getVolumeState(/storage/emulated/0/external_sd): Unknown volume
05-22 11:02:38.041 W/MountService(  374): getVolumeState(/mnt/sdcard-ext): Unknown volume
05-22 11:02:38.041 W/MountService(  374): getVolumeState(/mnt/ext_sdcard): Unknown volume
05-22 11:02:38.041 W/MountService(  374): getVolumeState(/mnt/sdcard2): Unknown volume
05-22 11:02:38.041 W/MountService(  374): getVolumeState(/mnt/emmc): Unknown volume
05-22 11:02:38.041 W/MountService(  374): getVolumeState(/mnt/extSdCard): Unknown volume
05-22 11:02:38.049 W/MountService(  374): getVolumeState(/mnt/sdcard/SD_CARD): Unknown volume
05-22 11:02:38.049 W/MountService(  374): getVolumeState(/mnt/sdcard/extra_sd): Unknown volume
05-22 11:02:38.049 W/MountService(  374): getVolumeState(/mnt/extrasd_bind): Unknown volume
05-22 11:02:38.056 W/MountService(  374): getVolumeState(/mnt/sdcard/ext_sd): Unknown volume
05-22 11:02:38.056 W/MountService(  374): getVolumeState(/storage/extSdCard): Unknown volume
05-22 11:02:38.056 W/MountService(  374): getVolumeState(/storage/sdcard1): Unknown volume
05-22 11:02:38.056 W/MountService(  374): getVolumeState(/mnt/sdcard/external_SD): Unknown volume
05-22 11:02:38.064 W/MountService(  374): getVolumeState(/mnt/sdcard/external_sd): Unknown volume
05-22 11:02:38.385 W/MountService(  374): getVolumeState(/storage/emulated/0/external_sd): Unknown volume
05-22 11:02:38.385 W/MountService(  374): getVolumeState(/mnt/sdcard-ext): Unknown volume
05-22 11:02:38.385 W/MountService(  374): getVolumeState(/mnt/ext_sdcard): Unknown volume
05-22 11:02:38.385 W/MountService(  374): getVolumeState(/mnt/sdcard2): Unknown volume
05-22 11:02:38.385 W/MountService(  374): getVolumeState(/mnt/emmc): Unknown volume
05-22 11:02:38.385 W/MountService(  374): getVolumeState(/mnt/extSdCard): Unknown volume
05-22 11:02:38.385 W/MountService(  374): getVolumeState(/mnt/sdcard/SD_CARD): Unknown volume
05-22 11:02:38.385 W/MountService(  374): getVolumeState(/mnt/sdcard/extra_sd): Unknown volume
05-22 11:02:38.392 W/MountService(  374): getVolumeState(/mnt/extrasd_bind): Unknown volume
05-22 11:02:38.392 W/MountService(  374): getVolumeState(/mnt/sdcard/ext_sd): Unknown volume
05-22 11:02:38.392 W/MountService(  374): getVolumeState(/storage/extSdCard): Unknown volume
05-22 11:02:38.392 W/MountService(  374): getVolumeState(/storage/sdcard1): Unknown volume
05-22 11:02:38.392 W/MountService(  374): getVolumeState(/mnt/sdcard/external_SD): Unknown volume
05-22 11:02:38.392 W/MountService(  374): getVolumeState(/mnt/sdcard/external_sd): Unknown volume
05-22 11:02:38.963 I/ActivityManager(  374): START u0 {act=android.intent.action.MAIN cat=[android.intent.category.HOME] flg=0x10200000 cmp=com.pekall.emdm.launcher/.Launcher} from pid 374
05-22 11:02:41.963 I/ActivityManager(  374): START u0 {flg=0x10000000 cmp=com.pekall.emdm.launcher/com.pekall.emdm.contacts.activities.PeopleActivity} from pid 14465
05-22 11:02:42.111 I/ActivityManager(  374): START u0 {cmp=com.pekall.emdm.launcher/com.pekall.emdm.contacts.activities.DialtactsActivity (has extras)} from pid 14465
05-22 11:02:49.533 I/ActivityManager(  374): No longer want com.qihoo360.mobilesafe:PcDaemon (pid 13583): empty for 1800s
05-22 11:02:49.533 I/ActivityManager(  374): START u0 {act=android.intent.action.MAIN cat=[android.intent.category.HOME] flg=0x10200000 cmp=com.pekall.emdm.launcher/.Launcher} from pid 374
05-22 11:02:49.666 W/ActivityManager(  374): Scheduling restart of crashed service com.qihoo360.mobilesafe/.pcdaemon.service.DaemonService in 5000ms
05-22 11:02:52.900 I/ActivityManager(  374): START u0 {flg=0x10000000 cmp=com.pekall.emdm.launcher/com.pekall.emdm.contacts.activities.PeopleActivity} from pid 14465
05-22 11:02:53.049 I/ActivityManager(  374): START u0 {cmp=com.pekall.emdm.launcher/com.pekall.emdm.contacts.activities.DialtactsActivity (has extras)} from pid 14465
05-22 11:02:54.674 I/ActivityManager(  374): Start proc com.qihoo360.mobilesafe:PcDaemon for service com.qihoo360.mobilesafe/.pcdaemon.service.DaemonService: pid=16133 uid=10069 gids={50069, 3003, 1015, 3001, 3002, 1006, 1028}
05-22 11:03:00.416 I/ActivityManager(  374): START u0 {act=android.intent.action.MAIN cat=[android.intent.category.HOME] flg=0x10200000 cmp=com.pekall.emdm.launcher/.Launcher} from pid 374
05-22 11:03:03.416 I/ActivityManager(  374): START u0 {flg=0x10000000 cmp=com.pekall.emdm.launcher/com.pekall.emdm.contacts.activities.PeopleActivity} from pid 14465
05-22 11:03:03.572 I/ActivityManager(  374): START u0 {cmp=com.pekall.emdm.launcher/com.pekall.emdm.contacts.activities.DialtactsActivity (has extras)} from pid 14465
05-22 11:03:11.017 I/ActivityManager(  374): START u0 {act=android.intent.action.MAIN cat=[android.intent.category.HOME] flg=0x10200000 cmp=com.pekall.emdm.launcher/.Launcher} from pid 374
05-22 11:03:12.041 I/ActivityManager(  374): No longer want com.dragon.android.pandaspace:bdservice_v1 (pid 13624): empty for 1801s
05-22 11:03:12.064 W/ActivityManager(  374): Scheduling restart of crashed service com.dragon.android.pandaspace/com.baidu.android.moplus.MoPlusService in 5000ms
05-22 11:03:14.416 I/ActivityManager(  374): START u0 {flg=0x10000000 cmp=com.pekall.emdm.launcher/com.pekall.emdm.contacts.activities.PeopleActivity} from pid 14465
05-22 11:03:14.564 I/ActivityManager(  374): START u0 {cmp=com.pekall.emdm.launcher/com.pekall.emdm.contacts.activities.DialtactsActivity (has extras)} from pid 14465
05-22 11:03:17.072 I/ActivityManager(  374): Start proc com.dragon.android.pandaspace:bdservice_v1 for service com.dragon.android.pandaspace/com.baidu.android.moplus.MoPlusService: pid=16158 uid=10074 gids={50074, 1015, 3003, 1006, 1028}
05-22 11:03:21.986 I/ActivityManager(  374): START u0 {act=android.intent.action.MAIN cat=[android.intent.category.HOME] flg=0x10200000 cmp=com.pekall.emdm.launcher/.Launcher} from pid 374
05-22 11:03:24.963 I/ActivityManager(  374): START u0 {flg=0x10000000 cmp=com.pekall.emdm.launcher/com.pekall.emdm.contacts.activities.PeopleActivity} from pid 14465
05-22 11:03:25.103 I/ActivityManager(  374): START u0 {cmp=com.pekall.emdm.launcher/com.pekall.emdm.contacts.activities.DialtactsActivity (has extras)} from pid 14465
05-22 11:03:32.502 I/ActivityManager(  374): START u0 {act=android.intent.action.MAIN cat=[android.intent.category.HOME] flg=0x10200000 cmp=com.pekall.emdm.launcher/.Launcher} from pid 374
05-22 11:03:35.846 I/ActivityManager(  374): START u0 {flg=0x10000000 cmp=com.pekall.emdm.launcher/com.pekall.emdm.contacts.activities.PeopleActivity} from pid 14465
05-22 11:03:35.994 I/ActivityManager(  374): START u0 {cmp=com.pekall.emdm.launcher/com.pekall.emdm.contacts.activities.DialtactsActivity (has extras)} from pid 14465
05-22 11:03:38.236 W/MountService(  374): getVolumeState(/storage/emulated/0/external_sd): Unknown volume
05-22 11:03:38.236 W/MountService(  374): getVolumeState(/mnt/sdcard-ext): Unknown volume
05-22 11:03:38.236 W/MountService(  374): getVolumeState(/mnt/ext_sdcard): Unknown volume
05-22 11:03:38.236 W/MountService(  374): getVolumeState(/mnt/sdcard2): Unknown volume
05-22 11:03:38.236 W/MountService(  374): getVolumeState(/mnt/emmc): Unknown volume
05-22 11:03:38.236 W/MountService(  374): getVolumeState(/mnt/extSdCard): Unknown volume
05-22 11:03:38.236 W/MountService(  374): getVolumeState(/mnt/sdcard/SD_CARD): Unknown volume
05-22 11:03:38.236 W/MountService(  374): getVolumeState(/mnt/sdcard/extra_sd): Unknown volume
05-22 11:03:38.236 W/MountService(  374): getVolumeState(/mnt/extrasd_bind): Unknown volume
05-22 11:03:38.236 W/MountService(  374): getVolumeState(/mnt/sdcard/ext_sd): Unknown volume
05-22 11:03:38.236 W/MountService(  374): getVolumeState(/storage/extSdCard): Unknown volume
05-22 11:03:38.236 W/MountService(  374): getVolumeState(/storage/sdcard1): Unknown volume
05-22 11:03:38.244 W/MountService(  374): getVolumeState(/mnt/sdcard/external_SD): Unknown volume
05-22 11:03:38.244 W/MountService(  374): getVolumeState(/mnt/sdcard/external_sd): Unknown volume
05-22 11:03:38.525 W/MountService(  374): getVolumeState(/storage/emulated/0/external_sd): Unknown volume
05-22 11:03:38.525 W/MountService(  374): getVolumeState(/mnt/sdcard-ext): Unknown volume
05-22 11:03:38.525 W/MountService(  374): getVolumeState(/mnt/ext_sdcard): Unknown volume
05-22 11:03:38.533 W/MountService(  374): getVolumeState(/mnt/sdcard2): Unknown volume
05-22 11:03:38.533 W/MountService(  374): getVolumeState(/mnt/emmc): Unknown volume
05-22 11:03:38.533 W/MountService(  374): getVolumeState(/mnt/extSdCard): Unknown volume
05-22 11:03:38.533 W/MountService(  374): getVolumeState(/mnt/sdcard/SD_CARD): Unknown volume
05-22 11:03:38.533 W/MountService(  374): getVolumeState(/mnt/sdcard/extra_sd): Unknown volume
05-22 11:03:38.533 W/MountService(  374): getVolumeState(/mnt/extrasd_bind): Unknown volume
05-22 11:03:38.533 W/MountService(  374): getVolumeState(/mnt/sdcard/ext_sd): Unknown volume
05-22 11:03:38.533 W/MountService(  374): getVolumeState(/storage/extSdCard): Unknown volume
05-22 11:03:38.533 W/MountService(  374): getVolumeState(/storage/sdcard1): Unknown volume
05-22 11:03:38.533 W/MountService(  374): getVolumeState(/mnt/sdcard/external_SD): Unknown volume
05-22 11:03:38.541 W/MountService(  374): getVolumeState(/mnt/sdcard/external_sd): Unknown volume
05-22 11:03:43.431 I/ActivityManager(  374): START u0 {act=android.intent.action.MAIN cat=[android.intent.category.HOME] flg=0x10200000 cmp=com.pekall.emdm.launcher/.Launcher} from pid 374
05-22 11:03:46.322 I/ActivityManager(  374): START u0 {flg=0x10000000 cmp=com.pekall.emdm.launcher/com.pekall.emdm.contacts.activities.PeopleActivity} from pid 14465
05-22 11:03:46.478 I/ActivityManager(  374): START u0 {cmp=com.pekall.emdm.launcher/com.pekall.emdm.contacts.activities.DialtactsActivity (has extras)} from pid 14465
05-22 11:03:53.877 I/ActivityManager(  374): START u0 {act=android.intent.action.MAIN cat=[android.intent.category.HOME] flg=0x10200000 cmp=com.pekall.emdm.launcher/.Launcher} from pid 374
05-22 11:03:57.189 I/ActivityManager(  374): START u0 {flg=0x10000000 cmp=com.pekall.emdm.launcher/com.pekall.emdm.contacts.activities.PeopleActivity} from pid 14465
05-22 11:03:57.346 I/ActivityManager(  374): START u0 {cmp=com.pekall.emdm.launcher/com.pekall.emdm.contacts.activities.DialtactsActivity (has extras)} from pid 14465
05-22 11:04:18.814 I/ActivityManager(  374): START u0 {act=android.intent.action.MAIN cat=[android.intent.category.HOME] flg=0x10200000 cmp=com.pekall.emdm.launcher/.Launcher} from pid 374
05-22 11:04:21.783 I/ActivityManager(  374): START u0 {flg=0x10000000 cmp=com.pekall.emdm.launcher/com.pekall.emdm.contacts.activities.PeopleActivity} from pid 14465
05-22 11:04:21.931 I/ActivityManager(  374): START u0 {cmp=com.pekall.emdm.launcher/com.pekall.emdm.contacts.activities.DialtactsActivity (has extras)} from pid 14465
05-22 11:04:29.330 I/ActivityManager(  374): START u0 {act=android.intent.action.MAIN cat=[android.intent.category.HOME] flg=0x10200000 cmp=com.pekall.emdm.launcher/.Launcher} from pid 374
05-22 11:04:32.838 I/ActivityManager(  374): START u0 {flg=0x10000000 cmp=com.pekall.emdm.launcher/com.pekall.emdm.contacts.activities.PeopleActivity} from pid 14465
05-22 11:04:32.978 I/ActivityManager(  374): START u0 {cmp=com.pekall.emdm.launcher/com.pekall.emdm.contacts.activities.DialtactsActivity (has extras)} from pid 14465
05-22 11:04:38.392 W/MountService(  374): getVolumeState(/storage/emulated/0/external_sd): Unknown volume
05-22 11:04:38.392 W/MountService(  374): getVolumeState(/mnt/sdcard-ext): Unknown volume
05-22 11:04:38.392 W/MountService(  374): getVolumeState(/mnt/ext_sdcard): Unknown volume
05-22 11:04:38.400 W/MountService(  374): getVolumeState(/mnt/sdcard2): Unknown volume
05-22 11:04:38.400 W/MountService(  374): getVolumeState(/mnt/emmc): Unknown volume
05-22 11:04:38.400 W/MountService(  374): getVolumeState(/mnt/extSdCard): Unknown volume
05-22 11:04:38.400 W/MountService(  374): getVolumeState(/mnt/sdcard/SD_CARD): Unknown volume
05-22 11:04:38.400 W/MountService(  374): getVolumeState(/mnt/sdcard/extra_sd): Unknown volume
05-22 11:04:38.400 W/MountService(  374): getVolumeState(/mnt/extrasd_bind): Unknown volume
05-22 11:04:38.400 W/MountService(  374): getVolumeState(/mnt/sdcard/ext_sd): Unknown volume
05-22 11:04:38.416 W/MountService(  374): getVolumeState(/storage/extSdCard): Unknown volume
05-22 11:04:38.431 W/MountService(  374): getVolumeState(/storage/sdcard1): Unknown volume
05-22 11:04:38.431 W/MountService(  374): getVolumeState(/mnt/sdcard/external_SD): Unknown volume
05-22 11:04:38.431 W/MountService(  374): getVolumeState(/mnt/sdcard/external_sd): Unknown volume
05-22 11:04:38.705 W/MountService(  374): getVolumeState(/storage/emulated/0/external_sd): Unknown volume
05-22 11:04:38.705 W/MountService(  374): getVolumeState(/mnt/sdcard-ext): Unknown volume
05-22 11:04:38.705 W/MountService(  374): getVolumeState(/mnt/ext_sdcard): Unknown volume
05-22 11:04:38.705 W/MountService(  374): getVolumeState(/mnt/sdcard2): Unknown volume
05-22 11:04:38.705 W/MountService(  374): getVolumeState(/mnt/emmc): Unknown volume
05-22 11:04:38.705 W/MountService(  374): getVolumeState(/mnt/extSdCard): Unknown volume
05-22 11:04:38.705 W/MountService(  374): getVolumeState(/mnt/sdcard/SD_CARD): Unknown volume
05-22 11:04:38.713 W/MountService(  374): getVolumeState(/mnt/sdcard/extra_sd): Unknown volume
05-22 11:04:38.713 W/MountService(  374): getVolumeState(/mnt/extrasd_bind): Unknown volume
05-22 11:04:38.713 W/MountService(  374): getVolumeState(/mnt/sdcard/ext_sd): Unknown volume
05-22 11:04:38.713 W/MountService(  374): getVolumeState(/storage/extSdCard): Unknown volume
05-22 11:04:38.713 W/MountService(  374): getVolumeState(/storage/sdcard1): Unknown volume
05-22 11:04:38.721 W/MountService(  374): getVolumeState(/mnt/sdcard/external_SD): Unknown volume
05-22 11:04:38.721 W/MountService(  374): getVolumeState(/mnt/sdcard/external_sd): Unknown volume
05-22 11:04:40.361 I/ActivityManager(  374): START u0 {act=android.intent.action.MAIN cat=[android.intent.category.HOME] flg=0x10200000 cmp=com.pekall.emdm.launcher/.Launcher} from pid 374
05-22 11:04:43.275 I/ActivityManager(  374): START u0 {flg=0x10000000 cmp=com.pekall.emdm.launcher/com.pekall.emdm.contacts.activities.PeopleActivity} from pid 14465
05-22 11:04:43.424 I/ActivityManager(  374): START u0 {cmp=com.pekall.emdm.launcher/com.pekall.emdm.contacts.activities.DialtactsActivity (has extras)} from pid 14465
05-22 11:04:50.846 I/ActivityManager(  374): START u0 {act=android.intent.action.MAIN cat=[android.intent.category.HOME] flg=0x10200000 cmp=com.pekall.emdm.launcher/.Launcher} from pid 374
05-22 11:04:54.174 I/ActivityManager(  374): START u0 {flg=0x10000000 cmp=com.pekall.emdm.launcher/com.pekall.emdm.contacts.activities.PeopleActivity} from pid 14465
05-22 11:04:54.330 I/ActivityManager(  374): START u0 {cmp=com.pekall.emdm.launcher/com.pekall.emdm.contacts.activities.DialtactsActivity (has extras)} from pid 14465
05-22 11:05:01.744 I/ActivityManager(  374): START u0 {act=android.intent.action.MAIN cat=[android.intent.category.HOME] flg=0x10200000 cmp=com.pekall.emdm.launcher/.Launcher} from pid 374
05-22 11:05:04.728 I/ActivityManager(  374): START u0 {flg=0x10000000 cmp=com.pekall.emdm.launcher/com.pekall.emdm.contacts.activities.PeopleActivity} from pid 14465
05-22 11:05:04.869 I/ActivityManager(  374): START u0 {cmp=com.pekall.emdm.launcher/com.pekall.emdm.contacts.activities.DialtactsActivity (has extras)} from pid 14465
05-22 11:05:12.314 I/ActivityManager(  374): START u0 {act=android.intent.action.MAIN cat=[android.intent.category.HOME] flg=0x10200000 cmp=com.pekall.emdm.launcher/.Launcher} from pid 374
05-22 11:05:15.658 I/ActivityManager(  374): START u0 {flg=0x10000000 cmp=com.pekall.emdm.launcher/com.pekall.emdm.contacts.activities.PeopleActivity} from pid 14465
05-22 11:05:15.814 I/ActivityManager(  374): START u0 {cmp=com.pekall.emdm.launcher/com.pekall.emdm.contacts.activities.DialtactsActivity (has extras)} from pid 14465
05-22 11:05:23.260 I/ActivityManager(  374): START u0 {act=android.intent.action.MAIN cat=[android.intent.category.HOME] flg=0x10200000 cmp=com.pekall.emdm.launcher/.Launcher} from pid 374
05-22 11:05:26.236 I/ActivityManager(  374): START u0 {flg=0x10000000 cmp=com.pekall.emdm.launcher/com.pekall.emdm.contacts.activities.PeopleActivity} from pid 14465
05-22 11:05:26.385 I/ActivityManager(  374): START u0 {cmp=com.pekall.emdm.launcher/com.pekall.emdm.contacts.activities.DialtactsActivity (has extras)} from pid 14465
05-22 11:05:33.799 I/ActivityManager(  374): START u0 {act=android.intent.action.MAIN cat=[android.intent.category.HOME] flg=0x10200000 cmp=com.pekall.emdm.launcher/.Launcher} from pid 374
05-22 11:05:37.041 I/ActivityManager(  374): START u0 {flg=0x10000000 cmp=com.pekall.emdm.launcher/com.pekall.emdm.contacts.activities.PeopleActivity} from pid 14465
05-22 11:05:37.197 I/ActivityManager(  374): START u0 {cmp=com.pekall.emdm.launcher/com.pekall.emdm.contacts.activities.DialtactsActivity (has extras)} from pid 14465
05-22 11:05:38.510 W/MountService(  374): getVolumeState(/storage/emulated/0/external_sd): Unknown volume
05-22 11:05:38.510 W/MountService(  374): getVolumeState(/mnt/sdcard-ext): Unknown volume
05-22 11:05:38.510 W/MountService(  374): getVolumeState(/mnt/ext_sdcard): Unknown volume
05-22 11:05:38.510 W/MountService(  374): getVolumeState(/mnt/sdcard2): Unknown volume
05-22 11:05:38.510 W/MountService(  374): getVolumeState(/mnt/emmc): Unknown volume
05-22 11:05:38.510 W/MountService(  374): getVolumeState(/mnt/extSdCard): Unknown volume
05-22 11:05:38.517 W/MountService(  374): getVolumeState(/mnt/sdcard/SD_CARD): Unknown volume
05-22 11:05:38.517 W/MountService(  374): getVolumeState(/mnt/sdcard/extra_sd): Unknown volume
05-22 11:05:38.517 W/MountService(  374): getVolumeState(/mnt/extrasd_bind): Unknown volume
05-22 11:05:38.517 W/MountService(  374): getVolumeState(/mnt/sdcard/ext_sd): Unknown volume
05-22 11:05:38.517 W/MountService(  374): getVolumeState(/storage/extSdCard): Unknown volume
05-22 11:05:38.517 W/MountService(  374): getVolumeState(/storage/sdcard1): Unknown volume
05-22 11:05:38.517 W/MountService(  374): getVolumeState(/mnt/sdcard/external_SD): Unknown volume
05-22 11:05:38.517 W/MountService(  374): getVolumeState(/mnt/sdcard/external_sd): Unknown volume
05-22 11:05:38.838 W/MountService(  374): getVolumeState(/storage/emulated/0/external_sd): Unknown volume
05-22 11:05:38.838 W/MountService(  374): getVolumeState(/mnt/sdcard-ext): Unknown volume
05-22 11:05:38.846 W/MountService(  374): getVolumeState(/mnt/ext_sdcard): Unknown volume
05-22 11:05:38.846 W/MountService(  374): getVolumeState(/mnt/sdcard2): Unknown volume
05-22 11:05:38.846 W/MountService(  374): getVolumeState(/mnt/emmc): Unknown volume
05-22 11:05:38.846 W/MountService(  374): getVolumeState(/mnt/extSdCard): Unknown volume
05-22 11:05:38.846 W/MountService(  374): getVolumeState(/mnt/sdcard/SD_CARD): Unknown volume
05-22 11:05:38.846 W/MountService(  374): getVolumeState(/mnt/sdcard/extra_sd): Unknown volume
05-22 11:05:38.846 W/MountService(  374): getVolumeState(/mnt/extrasd_bind): Unknown volume
05-22 11:05:38.846 W/MountService(  374): getVolumeState(/mnt/sdcard/ext_sd): Unknown volume
05-22 11:05:38.846 W/MountService(  374): getVolumeState(/storage/extSdCard): Unknown volume
05-22 11:05:38.846 W/MountService(  374): getVolumeState(/storage/sdcard1): Unknown volume
05-22 11:05:38.853 W/MountService(  374): getVolumeState(/mnt/sdcard/external_SD): Unknown volume
05-22 11:05:38.853 W/MountService(  374): getVolumeState(/mnt/sdcard/external_sd): Unknown volume
05-22 11:05:44.596 I/ActivityManager(  374): START u0 {act=android.intent.action.MAIN cat=[android.intent.category.HOME] flg=0x10200000 cmp=com.pekall.emdm.launcher/.Launcher} from pid 374
05-22 11:05:47.517 I/ActivityManager(  374): START u0 {flg=0x10000000 cmp=com.pekall.emdm.launcher/com.pekall.emdm.contacts.activities.PeopleActivity} from pid 14465
05-22 11:05:47.666 I/ActivityManager(  374): START u0 {cmp=com.pekall.emdm.launcher/com.pekall.emdm.contacts.activities.DialtactsActivity (has extras)} from pid 14465
05-22 11:05:55.111 I/ActivityManager(  374): START u0 {act=android.intent.action.MAIN cat=[android.intent.category.HOME] flg=0x10200000 cmp=com.pekall.emdm.launcher/.Launcher} from pid 374
05-22 11:05:58.353 I/ActivityManager(  374): START u0 {flg=0x10000000 cmp=com.pekall.emdm.launcher/com.pekall.emdm.contacts.activities.PeopleActivity} from pid 14465
05-22 11:05:58.502 I/ActivityManager(  374): START u0 {cmp=com.pekall.emdm.launcher/com.pekall.emdm.contacts.activities.DialtactsActivity (has extras)} from pid 14465
05-22 11:06:05.916 I/ActivityManager(  374): START u0 {act=android.intent.action.MAIN cat=[android.intent.category.HOME] flg=0x10200000 cmp=com.pekall.emdm.launcher/.Launcher} from pid 374
05-22 11:06:08.846 I/ActivityManager(  374): START u0 {flg=0x10000000 cmp=com.pekall.emdm.launcher/com.pekall.emdm.contacts.activities.PeopleActivity} from pid 14465
05-22 11:06:08.994 I/ActivityManager(  374): START u0 {cmp=com.pekall.emdm.launcher/com.pekall.emdm.contacts.activities.DialtactsActivity (has extras)} from pid 14465
05-22 11:06:16.439 I/ActivityManager(  374): START u0 {act=android.intent.action.MAIN cat=[android.intent.category.HOME] flg=0x10200000 cmp=com.pekall.emdm.launcher/.Launcher} from pid 374
05-22 11:06:19.783 I/ActivityManager(  374): START u0 {flg=0x10000000 cmp=com.pekall.emdm.launcher/com.pekall.emdm.contacts.activities.PeopleActivity} from pid 14465
05-22 11:06:19.931 I/ActivityManager(  374): START u0 {cmp=com.pekall.emdm.launcher/com.pekall.emdm.contacts.activities.DialtactsActivity (has extras)} from pid 14465
--------- beginning of /dev/log/main
05-22 11:06:19.978 E/LauncherApplication(14465): isShowLogoutUI = true
05-22 11:06:19.978 E/LauncherApplication(14465): LogoutShowTime 1
05-22 11:06:20.010 D/ContactsProvider(14465): [Contacts] query 'content://emdmcontacts/contacts', segment size: 1
05-22 11:06:20.025 I/ContactPhotoManager(14465): Cache adj: 0.5
05-22 11:06:20.025 E/ContactPhotoManager(14465): No contact photo service in context: com.pekall.emdm.launcher.LauncherApplication@42288278
05-22 11:06:20.088 V/PhoneStatusBar(  448): setLightsOn(true)
05-22 11:06:20.150 D/ContactsProvider(14465): [Contacts] query 'content://emdmcontacts/company_calllogs', segment size: 1
05-22 11:06:20.205 D/ContactsProvider(14465): [Contacts] query 'content://emdmcontacts/frequently_contacts', segment size: 1
05-22 11:06:20.205 I/ActivityManager(  374): Displayed com.pekall.emdm.launcher/com.pekall.emdm.contacts.activities.DialtactsActivity: +272ms (total +288ms)
05-22 11:06:20.213 D/ContactsProvider(14465): [Contacts] query 'content://emdmcontacts/contacts', segment size: 1
05-22 11:06:20.877 I/QueryController(16218): Matched selector: UiSelector[TEXT=company, CLASS=android.widget.TextView, PACKAGE NAME=com.pekall.emdm.launcher] <<==>> [android.view.accessibility.AccessibilityNodeInfo@291370; boundsInParent: Rect(0, 0 - 345, 53); boundsInScreen: Rect(20, 1111 - 365, 1164); packageName: com.pekall.emdm.launcher; className: android.widget.TextView; text: company; contentDescription: null; viewIdResName: com.pekall.emdm.launcher:id/call_company; checkable: false; checked: false; focusable: false; focused: false; selected: true; clickable: true; longClickable: false; enabled: true; password: false; scrollable: false; [ACTION_SELECT, ACTION_CLEAR_SELECTION, ACTION_CLICK, ACTION_ACCESSIBILITY_FOCUS, ACTION_NEXT_AT_MOVEMENT_GRANULARITY, ACTION_PREVIOUS_AT_MOVEMENT_GRANULARITY, ACTION_SET_SELECTION]]
05-22 11:06:20.892 I/QueryController(16218): Matched selector: UiSelector[TEXT=company, CLASS=android.widget.TextView, PACKAGE NAME=com.pekall.emdm.launcher] <<==>> [android.view.accessibility.AccessibilityNodeInfo@291370; boundsInParent: Rect(0, 0 - 345, 53); boundsInScreen: Rect(20, 1111 - 365, 1164); packageName: com.pekall.emdm.launcher; className: android.widget.TextView; text: company; contentDescription: null; viewIdResName: com.pekall.emdm.launcher:id/call_company; checkable: false; checked: false; focusable: false; focused: false; selected: true; clickable: true; longClickable: false; enabled: true; password: false; scrollable: false; [ACTION_SELECT, ACTION_CLEAR_SELECTION, ACTION_CLICK, ACTION_ACCESSIBILITY_FOCUS, ACTION_NEXT_AT_MOVEMENT_GRANULARITY, ACTION_PREVIOUS_AT_MOVEMENT_GRANULARITY, ACTION_SET_SELECTION]]
05-22 11:06:20.892 D/UiObject(16218): getText() = company
05-22 11:06:20.908 I/QueryController(16218): Matched selector: UiSelector[TEXT=company, CLASS=android.widget.TextView, PACKAGE NAME=com.pekall.emdm.launcher] <<==>> [android.view.accessibility.AccessibilityNodeInfo@291370; boundsInParent: Rect(0, 0 - 345, 53); boundsInScreen: Rect(20, 1111 - 365, 1164); packageName: com.pekall.emdm.launcher; className: android.widget.TextView; text: company; contentDescription: null; viewIdResName: com.pekall.emdm.launcher:id/call_company; checkable: false; checked: false; focusable: false; focused: false; selected: true; clickable: true; longClickable: false; enabled: true; password: false; scrollable: false; [ACTION_SELECT, ACTION_CLEAR_SELECTION, ACTION_CLICK, ACTION_ACCESSIBILITY_FOCUS, ACTION_NEXT_AT_MOVEMENT_GRANULARITY, ACTION_PREVIOUS_AT_MOVEMENT_GRANULARITY, ACTION_SET_SELECTION]]
05-22 11:06:20.924 I/QueryController(16218): Matched selector: UiSelector[TEXT=company, CLASS=android.widget.TextView, PACKAGE NAME=com.pekall.emdm.launcher] <<==>> [android.view.accessibility.AccessibilityNodeInfo@291370; boundsInParent: Rect(0, 0 - 345, 53); boundsInScreen: Rect(20, 1111 - 365, 1164); packageName: com.pekall.emdm.launcher; className: android.widget.TextView; text: company; contentDescription: null; viewIdResName: com.pekall.emdm.launcher:id/call_company; checkable: false; checked: false; focusable: false; focused: false; selected: true; clickable: true; longClickable: false; enabled: true; password: false; scrollable: false; [ACTION_SELECT, ACTION_CLEAR_SELECTION, ACTION_CLICK, ACTION_ACCESSIBILITY_FOCUS, ACTION_NEXT_AT_MOVEMENT_GRANULARITY, ACTION_PREVIOUS_AT_MOVEMENT_GRANULARITY, ACTION_SET_SELECTION]]
05-22 11:06:20.931 D/InteractionController(16218): clickAndWaitForNewWindow(192, 1137)
05-22 11:06:21.033 D/ContactsProvider(14465): [Contacts] query 'content://emdmcontacts/contacts', segment size: 1
05-22 11:06:24.033 W/InteractionController(16218): runAndwaitForEvent timedout waiting for events
05-22 11:06:24.056 D/dalvikvm(16218): GC_CONCURRENT freed 353K, 74% free 636K/2432K, paused 1ms+0ms, total 6ms
05-22 11:06:24.056 I/QueryController(16218): Matched selector: UiSelector[CLASS=android.widget.ImageView, INDEX=2] <<==>> [android.view.accessibility.AccessibilityNodeInfo@2938fa; boundsInParent: Rect(0, 0 - 240, 50); boundsInScreen: Rect(480, 73 - 720, 123); packageName: com.pekall.emdm.launcher; className: android.widget.ImageView; text: null; contentDescription: null; viewIdResName: com.pekall.emdm.launcher:id/thrid; checkable: false; checked: false; focusable: false; focused: false; selected: false; clickable: true; longClickable: false; enabled: true; password: false; scrollable: false; [ACTION_SELECT, ACTION_CLEAR_SELECTION, ACTION_CLICK, ACTION_ACCESSIBILITY_FOCUS]]
05-22 11:06:24.056 D/InteractionController(16218): clickAndWaitForNewWindow(600, 98)
05-22 11:06:27.158 W/InteractionController(16218): runAndwaitForEvent timedout waiting for events
05-22 11:06:27.767 I/AndroidRuntime(16218): VM exiting with result code 0.
05-22 11:06:32.510 D/MdmService(14465): [null:-1]->receiver action :com.pekall.mdm.action.MDM_ALARM
05-22 11:06:32.510 D/MdmService(14465): [null:-1]->keepAliveWithPushServer client is opened:true
05-22 11:06:32.510 D/MDM :   (14465): [null:-1]->ping!!!!!!!!!
05-22 11:06:32.517 D/MdmService(14465): [null:-1]->pushUrl : ws://test.mdm.everknow.cn:9090/websocket
05-22 11:06:32.517 D/MDM :   (14465): [null:-1]->mMdmPushClient is :not null
05-22 11:06:32.517 D/MDM :   (14465): [null:-1]->mMdmPushClient opened : opened
05-22 11:06:32.525 D/MDM :   (14465): [null:-1]->MSG_WEBSOCKET_PONG
05-22 11:06:38.299 W/Parcel  ( 1661): Attempt to read object from Parcel 0x6013bdac at offset 200 that is not in the object list
05-22 11:06:38.635 W/MountService(  374): getVolumeState(/storage/emulated/0/external_sd): Unknown volume
05-22 11:06:38.635 W/MountService(  374): getVolumeState(/mnt/sdcard-ext): Unknown volume
05-22 11:06:38.635 W/MountService(  374): getVolumeState(/mnt/ext_sdcard): Unknown volume
05-22 11:06:38.635 W/MountService(  374): getVolumeState(/mnt/sdcard2): Unknown volume
05-22 11:06:38.635 W/MountService(  374): getVolumeState(/mnt/emmc): Unknown volume
05-22 11:06:38.635 W/MountService(  374): getVolumeState(/mnt/extSdCard): Unknown volume
05-22 11:06:38.635 W/MountService(  374): getVolumeState(/mnt/sdcard/SD_CARD): Unknown volume
05-22 11:06:38.635 W/MountService(  374): getVolumeState(/mnt/sdcard/extra_sd): Unknown volume
05-22 11:06:38.650 W/MountService(  374): getVolumeState(/mnt/extrasd_bind): Unknown volume
05-22 11:06:38.658 W/MountService(  374): getVolumeState(/mnt/sdcard/ext_sd): Unknown volume
05-22 11:06:38.658 W/MountService(  374): getVolumeState(/storage/extSdCard): Unknown volume
05-22 11:06:38.658 W/MountService(  374): getVolumeState(/storage/sdcard1): Unknown volume
05-22 11:06:38.658 W/MountService(  374): getVolumeState(/mnt/sdcard/external_SD): Unknown volume
05-22 11:06:38.658 W/MountService(  374): getVolumeState(/mnt/sdcard/external_sd): Unknown volume
05-22 11:06:38.705 D/dalvikvm( 1468): GC_CONCURRENT freed 519K, 21% free 10005K/12512K, paused 5ms+21ms, total 66ms
05-22 11:06:38.916 W/MountService(  374): getVolumeState(/storage/emulated/0/external_sd): Unknown volume
05-22 11:06:38.916 W/MountService(  374): getVolumeState(/mnt/sdcard-ext): Unknown volume
05-22 11:06:38.931 W/MountService(  374): getVolumeState(/mnt/ext_sdcard): Unknown volume
05-22 11:06:38.947 D/dalvikvm( 1468): GC_CONCURRENT freed 538K, 21% free 9976K/12512K, paused 5ms+4ms, total 45ms
05-22 11:06:38.947 D/dalvikvm( 1468): WAIT_FOR_CONCURRENT_GC blocked 6ms
05-22 11:06:38.947 W/MountService(  374): getVolumeState(/mnt/sdcard2): Unknown volume
05-22 11:06:38.947 W/MountService(  374): getVolumeState(/mnt/emmc): Unknown volume
05-22 11:06:38.947 W/MountService(  374): getVolumeState(/mnt/extSdCard): Unknown volume
05-22 11:06:38.947 W/MountService(  374): getVolumeState(/mnt/sdcard/SD_CARD): Unknown volume
05-22 11:06:38.947 W/MountService(  374): getVolumeState(/mnt/sdcard/extra_sd): Unknown volume
05-22 11:06:38.955 W/MountService(  374): getVolumeState(/mnt/extrasd_bind): Unknown volume
05-22 11:06:38.955 W/MountService(  374): getVolumeState(/mnt/sdcard/ext_sd): Unknown volume
05-22 11:06:38.955 W/MountService(  374): getVolumeState(/storage/extSdCard): Unknown volume
05-22 11:06:38.955 W/MountService(  374): getVolumeState(/storage/sdcard1): Unknown volume
05-22 11:06:38.955 W/MountService(  374): getVolumeState(/mnt/sdcard/external_SD): Unknown volume
05-22 11:06:38.955 W/MountService(  374): getVolumeState(/mnt/sdcard/external_sd): Unknown volume
05-22 11:06:40.275 D/AndroidRuntime(16312): 
05-22 11:06:40.275 D/AndroidRuntime(16312): >>>>>> AndroidRuntime START com.android.internal.os.RuntimeInit <<<<<<
05-22 11:06:40.275 D/AndroidRuntime(16312): CheckJNI is OFF
05-22 11:06:40.291 D/dalvikvm(16312): Trying to load lib libjavacore.so 0x0
05-22 11:06:40.291 D/dalvikvm(16312): Added shared lib libjavacore.so 0x0
05-22 11:06:40.306 D/dalvikvm(16312): Trying to load lib libnativehelper.so 0x0
05-22 11:06:40.306 D/dalvikvm(16312): Added shared lib libnativehelper.so 0x0
05-22 11:06:40.463 D/AndroidRuntime(16312): Calling main entry com.android.commands.uiautomator.Launcher
05-22 11:06:40.486 D/dalvikvm(16312): Note: class Landroid/app/ActivityManagerNative; has 163 unimplemented (abstract) methods
05-22 11:06:41.189 I/QueryController(16312): Matched selector: UiSelector[TEXT=company, CLASS=android.widget.TextView, PACKAGE NAME=com.pekall.emdm.launcher] <<==>> [android.view.accessibility.AccessibilityNodeInfo@291370; boundsInParent: Rect(0, 0 - 345, 53); boundsInScreen: Rect(20, 1111 - 365, 1164); packageName: com.pekall.emdm.launcher; className: android.widget.TextView; text: company; contentDescription: null; viewIdResName: com.pekall.emdm.launcher:id/call_company; checkable: false; checked: false; focusable: false; focused: false; selected: true; clickable: true; longClickable: false; enabled: true; password: false; scrollable: false; [ACTION_SELECT, ACTION_CLEAR_SELECTION, ACTION_CLICK, ACTION_ACCESSIBILITY_FOCUS, ACTION_NEXT_AT_MOVEMENT_GRANULARITY, ACTION_PREVIOUS_AT_MOVEMENT_GRANULARITY, ACTION_SET_SELECTION]]
05-22 11:06:41.197 I/QueryController(16312): Matched selector: UiSelector[PACKAGE NAME=com.pekall.emdm.launcher] <<==>> [android.view.accessibility.AccessibilityNodeInfo@286a83; boundsInParent: Rect(0, 0 - 720, 1184); boundsInScreen: Rect(0, 0 - 720, 1184); packageName: com.pekall.emdm.launcher; className: android.widget.FrameLayout; text: null; contentDescription: null; viewIdResName: null; checkable: false; checked: false; focusable: false; focused: false; selected: false; clickable: false; longClickable: false; enabled: true; password: false; scrollable: false; [ACTION_SELECT, ACTION_CLEAR_SELECTION, ACTION_ACCESSIBILITY_FOCUS]]
05-22 11:06:41.228 I/QueryController(16312): Matched selector: UiSelector[PACKAGE NAME=com.pekall.emdm.launcher] <<==>> [android.view.accessibility.AccessibilityNodeInfo@286a83; boundsInParent: Rect(0, 0 - 720, 1184); boundsInScreen: Rect(0, 0 - 720, 1184); packageName: com.pekall.emdm.launcher; className: android.widget.FrameLayout; text: null; contentDescription: null; viewIdResName: null; checkable: false; checked: false; focusable: false; focused: false; selected: false; clickable: false; longClickable: false; enabled: true; password: false; scrollable: false; [ACTION_SELECT, ACTION_CLEAR_SELECTION, ACTION_ACCESSIBILITY_FOCUS]]
05-22 11:06:41.267 I/ActivityManager(  374): START u0 {act=android.intent.action.MAIN cat=[android.intent.category.HOME] flg=0x10200000 cmp=com.pekall.emdm.launcher/.Launcher} from pid 374
05-22 11:06:41.314 D/LauncherApplication(14465): [null:-1]->onActivityPaused
05-22 11:06:41.330 D/LauncherApplication(14465): [null:-1]->onActivityPaused  updateTime
05-22 11:06:41.338 V/LauncherApplication(14465): onActivityStarted
05-22 11:06:41.338 D/        (14465): [---null: -1---]     awsa  onActivityResumed
05-22 11:06:41.338 V/LauncherApplication(14465): 2MdmConstant.LAST_LAUNCH_TIME = 1400728001335
05-22 11:06:41.338 D/        (14465): [---null: -1---]  activity = com.pekall.emdm.launcher.Launcher
05-22 11:06:41.346 V/DefultSetContriller(14465): isLauncherDf = com.pekall.emdm.launcher
05-22 11:06:41.346 V/DefultSetContriller(14465): isLauncherDf = com.pekall.emdm.launcher
05-22 11:06:41.346 V/DefultSetContriller(14465): isPhoneDf = com.pekall.emdm.launcher
05-22 11:06:41.346 E/LauncherApplication(14465): isShowLogoutUI = true
05-22 11:06:41.346 E/LauncherApplication(14465): LogoutShowTime 1
05-22 11:06:41.346 V/Launcher(14465): onResume1111111 
05-22 11:06:41.346 V/Launcher(14465): is login ----> 
05-22 11:06:41.353 I/System.out(14465):  
05-22 11:06:41.353 I/System.out(14465): com.pekall.emdm.launcher.Workspace.setWallpaper(Unknown Source)
05-22 11:06:41.353 I/System.out(14465): com.pekall.emdm.launcher.Launcher.onResume(Unknown Source)
05-22 11:06:41.353 I/System.out(14465): android.app.Instrumentation.callActivityOnResume(Instrumentation.java:1192)
05-22 11:06:41.353 I/System.out(14465): android.app.Activity.performResume(Activity.java:5211)
05-22 11:06:41.353 I/System.out(14465): android.app.ActivityThread.performResumeActivity(ActivityThread.java:2780)
05-22 11:06:41.353 I/System.out(14465): android.app.ActivityThread.handleResumeActivity(ActivityThread.java:2819)
05-22 11:06:41.353 I/System.out(14465): android.app.ActivityThread$H.handleMessage(ActivityThread.java:1298)
05-22 11:06:41.353 I/System.out(14465): android.os.Handler.dispatchMessage(Handler.java:99)
05-22 11:06:41.353 I/System.out(14465): android.os.Looper.loop(Looper.java:137)
05-22 11:06:41.353 I/System.out(14465): android.app.ActivityThread.main(ActivityThread.java:5103)
05-22 11:06:41.353 I/System.out(14465): java.lang.reflect.Method.invokeNative(Native Method)
05-22 11:06:41.353 I/System.out(14465): java.lang.reflect.Method.invoke(Method.java:525)
05-22 11:06:41.353 I/System.out(14465): com.android.internal.os.ZygoteInit$MethodAndArgsCaller.run(ZygoteInit.java:737)
05-22 11:06:41.353 I/System.out(14465): com.android.internal.os.ZygoteInit.main(ZygoteInit.java:553)
05-22 11:06:41.361 I/System.out(14465): dalvik.system.NativeStart.main(Native Method)
05-22 11:06:41.611 D/dalvikvm(14465): JIT unchain all for threadid=11
05-22 11:06:41.689 D/dalvikvm(14465): GC_FOR_ALLOC freed 4127K, 27% free 31964K/43376K, paused 321ms, total 327ms
05-22 11:06:41.713 W/SQLiteCursor(14465): Finalizing a Cursor that has not been deactivated or closed. database = /data/data/com.pekall.emdm.launcher/databases/emdm_contacts.db, table = company_calllogs, query = SELECT _id, number, date, duration, type, name, numbertype, numberlabel, company_calllogs_id, company_calllogs_department, company_id FROM company_calllogs ORDER BY date DESC
05-22 11:06:41.713 W/SQLiteCursor(14465): com.pekall.sandbox.database.sqlite.DatabaseObjectNotClosedException: Application did not close the cursor or database object that was opened here
05-22 11:06:41.713 W/SQLiteCursor(14465): 	at com.pekall.sandbox.database.sqlite.SQLiteCursor.<init>(Unknown Source)
05-22 11:06:41.713 W/SQLiteCursor(14465): 	at com.pekall.sandbox.database.sqlite.SQLiteDirectCursorDriver.query(Unknown Source)
05-22 11:06:41.713 W/SQLiteCursor(14465): 	at com.pekall.sandbox.database.sqlite.SQLiteDatabase.rawQueryWithFactory(Unknown Source)
05-22 11:06:41.713 W/SQLiteCursor(14465): 	at com.pekall.sandbox.database.sqlite.SQLiteQueryBuilder.query(Unknown Source)
05-22 11:06:41.713 W/SQLiteCursor(14465): 	at com.pekall.emdm.contacts.db.SimpleContactsProvider.query(Unknown Source)
05-22 11:06:41.713 W/SQLiteCursor(14465): 	at android.content.ContentProvider.query(ContentProvider.java:744)
05-22 11:06:41.713 W/SQLiteCursor(14465): 	at android.content.ContentProvider$Transport.query(ContentProvider.java:199)
05-22 11:06:41.713 W/SQLiteCursor(14465): 	at android.content.ContentResolver.query(ContentResolver.java:414)
05-22 11:06:41.713 W/SQLiteCursor(14465): 	at android.content.ContentResolver.query(ContentResolver.java:357)
05-22 11:06:41.713 W/SQLiteCursor(14465): 	at android.content.AsyncQueryHandler$WorkerHandler.handleMessage(AsyncQueryHandler.java:79)
05-22 11:06:41.713 W/SQLiteCursor(14465): 	at com.pekall.emdm.contacts.calllog.p.handleMessage(Unknown Source)
05-22 11:06:41.713 W/SQLiteCursor(14465): 	at android.os.Handler.dispatchMessage(Handler.java:99)
05-22 11:06:41.713 W/SQLiteCursor(14465): 	at android.os.Looper.loop(Looper.java:137)
05-22 11:06:41.713 W/SQLiteCursor(14465): 	at android.os.HandlerThread.run(HandlerThread.java:61)
05-22 11:06:41.713 W/CursorWrapperInner(14465): Cursor finalized without prior close()
05-22 11:06:41.721 W/SQLiteCursor(14465): Finalizing a Cursor that has not been deactivated or closed. database = /data/data/com.pekall.emdm.launcher/databases/emdm_contacts.db, table = contacts, query = SELECT * FROM contacts ORDER BY sort_key  asc
05-22 11:06:41.721 W/SQLiteCursor(14465): com.pekall.sandbox.database.sqlite.DatabaseObjectNotClosedException: Application did not close the cursor or database object that was opened here
05-22 11:06:41.721 W/SQLiteCursor(14465): 	at com.pekall.sandbox.database.sqlite.SQLiteCursor.<init>(Unknown Source)
