05-22 11:20:33.963 D/MDM :   (14465): </plist>
05-22 11:20:33.994 D/CheckInTransInfo(14465): [null:-1]->CommandMsg : CommandMsg{CommandUUID='32638a9e-a665-410c-89bd-1d618e6ba87d', Command=CommandClearPasscode{super=CommandObject{RequestType='ClearPasscode'}UnlockToken=[]}}
05-22 11:20:34.025 D/NetworkThread(14465): [null:-1]->clear mCurrentTransInfo
05-22 11:20:34.025 D/NetworkThread(14465): [null:-1]->queue is empty, thread wait...
05-22 11:20:34.127 D/MdmService(14465): [null:-1]->handleCheckInResult
05-22 11:20:34.127 D/MdmService(14465): [null:-1]->handleCheckInResult result keyIndex: 3
05-22 11:20:34.135 D/CommandManager(14465): [null:-1]->execute command: CommandMsg{CommandUUID='32638a9e-a665-410c-89bd-1d618e6ba87d', Command=CommandClearPasscode{super=CommandObject{RequestType='ClearPasscode'}UnlockToken=[]}}
05-22 11:20:34.353 I/PowerManagerService(  374): Going to sleep due to device administration policy...
05-22 11:20:34.400 D/CommandManager(14465): [null:-1]->requestType: ClearPasscode
05-22 11:20:34.642 V/KeyguardHostView(  374): hide transport, gen:1
05-22 11:20:34.642 V/KeyguardHostView(  374): music state changed: 0
05-22 11:20:34.705 D/PhoneStatusBar(  448): disable: < EXPAND* icons alerts TICKER* system_info back home RECENT* clock SEARCH* >
05-22 11:20:34.705 V/PanelView(  448): animationTick called with dtms=0; nothing to do (h=1184.0 v=-4000.0)
05-22 11:20:34.760 V/PanelView(  448): animationTick called with dtms=0; nothing to do (h=1131.324 v=-4000.0)
05-22 11:20:34.760 V/PanelView(  448): animationTick called with dtms=-8; nothing to do (h=1131.324 v=-4000.0)
05-22 11:20:34.791 V/TAG     (  374): bug 7643792: fitSystemWindows([0,50][0,0])
05-22 11:20:35.166 D/LauncherApplication(14465): [null:-1]->onActivityPaused
05-22 11:20:35.181 D/LauncherApplication(14465): [null:-1]->onActivityPaused  updateTime
05-22 11:20:35.267 D/PhoneStatusBar(  448): disable: < EXPAND icons alerts TICKER system_info BACK* HOME* RECENT CLOCK* SEARCH >
05-22 11:20:35.353 W/Parcel  ( 1661): Attempt to read object from Parcel 0x6003bdac at offset 200 that is not in the object list
05-22 11:20:35.447 V/KeyguardHostView(  374): hide transport, gen:1
05-22 11:20:35.447 V/KeyguardHostView(  374): music state changed: 0
05-22 11:20:35.471 V/WiseDownloadConditionControler(11077): checkCondition  type : TODAY_LAUNCHED_USER  inerrupting: false
05-22 11:20:35.494 V/MDM :   (14465): [null:-1]->Screen receiver is called.
05-22 11:20:35.525 W/Parcel  ( 1661): Attempt to read object from Parcel 0x5ef3bdac at offset 200 that is not in the object list
05-22 11:20:35.525 W/Parcel  ( 1661): Attempt to read object from Parcel 0x6003bdac at offset 200 that is not in the object list
05-22 11:20:35.744 D/dalvikvm( 1661): GC_EXPLICIT freed 399K, 18% free 13055K/15888K, paused 2ms+4ms, total 93ms
05-22 11:20:35.744 D/LightsService(  374): Excessive delay setting light: 506ms
05-22 11:20:35.775 D/SurfaceFlinger(  124): Screen released, type=0 flinger=0x40e95478
05-22 11:20:35.853 D/NfcService(  568): NFC-C OFF, disconnect
05-22 11:20:36.713 W/Parcel  ( 1661): Attempt to read object from Parcel 0x6013bdac at offset 200 that is not in the object list
05-22 11:20:36.869 D/AndroidRuntime(16600): 
05-22 11:20:36.869 D/AndroidRuntime(16600): >>>>>> AndroidRuntime START com.android.internal.os.RuntimeInit <<<<<<
05-22 11:20:36.869 D/AndroidRuntime(16600): CheckJNI is OFF
05-22 11:20:36.892 D/dalvikvm(16600): Trying to load lib libjavacore.so 0x0
05-22 11:20:36.900 D/dalvikvm(16600): Added shared lib libjavacore.so 0x0
05-22 11:20:36.916 D/dalvikvm(16600): Trying to load lib libnativehelper.so 0x0
05-22 11:20:36.916 D/dalvikvm(16600): Added shared lib libnativehelper.so 0x0
05-22 11:20:36.939 I/dalvikvm(16600): DexOpt: source file mod time mismatch (44b65a4b vs 44b65a80)
05-22 11:20:36.939 D/dalvikvm(16600): ODEX file is stale or bad; removing and retrying (/data/local/tmp/dalvik-cache/data@local@tmp@MDMMobileTest.jar@classes.dex)
05-22 11:20:36.947 D/dalvikvm(16600): DexOpt: --- BEGIN 'MDMMobileTest.jar' (bootstrap=0) ---
05-22 11:20:37.002 D/dalvikvm(16601): DexOpt: load 8ms, verify+opt 4ms, 120924 bytes
05-22 11:20:37.017 D/dalvikvm(16600): DexOpt: --- END 'MDMMobileTest.jar' (success) ---
05-22 11:20:37.017 D/dalvikvm(16600): DEX prep '/data/local/tmp/MDMMobileTest.jar': unzip in 2ms, rewrite 73ms
05-22 11:20:37.166 I/ActivityManager(  374): Process android.process.acore (pid 15579) has died.
05-22 11:20:37.197 D/MdmDatabaseHelper(14465): [null:-1]->update command 32638a9e-a665-410c-89bd-1d618e6ba87d to commandStatus <?xml version="1.0" encoding="UTF-8"?>
05-22 11:20:37.197 D/MdmDatabaseHelper(14465): <!DOCTYPE plist PUBLIC "-//Apple//DTD PLIST 1.0//EN" "http://www.apple.com/DTDs/PropertyList-1.0.dtd">
05-22 11:20:37.197 D/MdmDatabaseHelper(14465): <plist version="1.0">
05-22 11:20:37.197 D/MdmDatabaseHelper(14465): <dict>
05-22 11:20:37.197 D/MdmDatabaseHelper(14465): 	<key>CommandUUID</key>
05-22 11:20:37.197 D/MdmDatabaseHelper(14465): 	<string>32638a9e-a665-410c-89bd-1d618e6ba87d</string>
05-22 11:20:37.197 D/MdmDatabaseHelper(14465): 	<key>Status</key>
05-22 11:20:37.197 D/MdmDatabaseHelper(14465): 	<string>Acknowledged</string>
05-22 11:20:37.197 D/MdmDatabaseHelper(14465): 	<key>UDID</key>
05-22 11:20:37.197 D/MdmDatabaseHelper(14465): 	<string>00013fbc8ecec5b90000014621d2a3af</string>
05-22 11:20:37.197 D/MdmDatabaseHelper(14465): </dict>
05-22 11:20:37.197 D/MdmDatabaseHelper(14465): </plist>
05-22 11:20:37.455 F/libc    (16555): Fatal signal 7 (SIGBUS) at 0x415c690c (code=2), thread 16555 (uiautomator)
05-22 11:20:37.455 D/AndroidRuntime(16600): Calling main entry com.android.commands.uiautomator.Launcher
05-22 11:20:37.478 I/TransInfo(14465): TransInfo created, id: 3, class: class com.pekall.emdm.transaction.c.b
05-22 11:20:37.478 D/NetworkThread(14465): [null:-1]->----isRunning-----true
05-22 11:20:37.478 D/NetworkThread(14465): [null:-1]->----isRunning-----true
05-22 11:20:37.478 D/NetworkThread(14465): [null:-1]->thread wakeup
05-22 11:20:37.486 D/NetworkThread(14465): [null:-1]->sendHttpPost:PostRequest, url: http://192.168.10.21/rest/mdm/v1/ios/android_server, Params: [content:<?xml version="1.0" encoding="UTF-8"?>
05-22 11:20:37.486 D/NetworkThread(14465): <!DOCTYPE plist PUBLIC "-//Apple//DTD PLIST 1.0//EN" "http://www.apple.com/DTDs/PropertyList-1.0.dtd">
05-22 11:20:37.486 D/NetworkThread(14465): <plist version="1.0">
05-22 11:20:37.486 D/NetworkThread(14465): <dict>
05-22 11:20:37.486 D/NetworkThread(14465): 	<key>CommandUUID</key>
05-22 11:20:37.486 D/NetworkThread(14465): 	<string>32638a9e-a665-410c-89bd-1d618e6ba87d</string>
05-22 11:20:37.486 D/NetworkThread(14465): 	<key>Status</key>
05-22 11:20:37.486 D/NetworkThread(14465): 	<string>Acknowledged</string>
05-22 11:20:37.486 D/NetworkThread(14465): 	<key>UDID</key>
05-22 11:20:37.486 D/NetworkThread(14465): 	<string>00013fbc8ecec5b90000014621d2a3af</string>
05-22 11:20:37.486 D/NetworkThread(14465): </dict>
05-22 11:20:37.486 D/NetworkThread(14465): </plist>], 
05-22 11:20:37.486 D/HttpClient(14465): enable apache.http debug
05-22 11:20:37.502 V/DEBUG   (14465): HTTP 0
05-22 11:20:37.502 D/AndroidRuntime(16600): Shutting down VM
05-22 11:20:37.502 W/dalvikvm(16600): threadid=1: thread exiting with uncaught exception (group=0x4190c700)
05-22 11:20:37.517 E/UiAutomatorTestRunner(16600): uncaught exception
05-22 11:20:37.517 E/UiAutomatorTestRunner(16600): java.lang.IllegalStateException: UiAutomationService android.accessibilityservice.IAccessibilityServiceClient$Stub$Proxy@42a11cc8already registered!
05-22 11:20:37.517 E/UiAutomatorTestRunner(16600): 	at android.os.Parcel.readException(Parcel.java:1439)
05-22 11:20:37.517 E/UiAutomatorTestRunner(16600): 	at android.os.Parcel.readException(Parcel.java:1385)
05-22 11:20:37.517 E/UiAutomatorTestRunner(16600): 	at android.view.accessibility.IAccessibilityManager$Stub$Proxy.registerUiTestAutomationService(IAccessibilityManager.java:342)
05-22 11:20:37.517 E/UiAutomatorTestRunner(16600): 	at android.app.UiAutomationConnection.registerUiTestAutomationServiceLocked(UiAutomationConnection.java:173)
05-22 11:20:37.517 E/UiAutomatorTestRunner(16600): 	at android.app.UiAutomationConnection.connect(UiAutomationConnection.java:72)
05-22 11:20:37.517 E/UiAutomatorTestRunner(16600): 	at android.app.UiAutomation.connect(UiAutomation.java:188)
05-22 11:20:37.517 E/UiAutomatorTestRunner(16600): 	at com.android.uiautomator.core.UiAutomationShellWrapper.connect(UiAutomationShellWrapper.java:32)
05-22 11:20:37.517 E/UiAutomatorTestRunner(16600): 	at com.android.uiautomator.testrunner.UiAutomatorTestRunner.start(UiAutomatorTestRunner.java:118)
05-22 11:20:37.517 E/UiAutomatorTestRunner(16600): 	at com.android.uiautomator.testrunner.UiAutomatorTestRunner.run(UiAutomatorTestRunner.java:96)
05-22 11:20:37.517 E/UiAutomatorTestRunner(16600): 	at com.android.commands.uiautomator.RunTestCommand.run(RunTestCommand.java:91)
05-22 11:20:37.517 E/UiAutomatorTestRunner(16600): 	at com.android.commands.uiautomator.Launcher.main(Launcher.java:83)
05-22 11:20:37.517 E/UiAutomatorTestRunner(16600): 	at com.android.internal.os.RuntimeInit.nativeFinishInit(Native Method)
05-22 11:20:37.517 E/UiAutomatorTestRunner(16600): 	at com.android.internal.os.RuntimeInit.main(RuntimeInit.java:235)
05-22 11:20:37.517 E/UiAutomatorTestRunner(16600): 	at dalvik.system.NativeStart.main(Native Method)
05-22 11:20:37.517 I/DEBUG   (  122): *** *** *** *** *** *** *** *** *** *** *** *** *** *** *** ***
05-22 11:20:37.517 I/DEBUG   (  122): Build fingerprint: 'google/yakju/maguro:4.3/JWR66Y/776638:user/release-keys'
05-22 11:20:37.517 I/DEBUG   (  122): Revision: '9'
05-22 11:20:37.517 I/DEBUG   (  122): pid: 16555, tid: 16555, name: uiautomator  >>> uiautomator <<<
05-22 11:20:37.517 I/DEBUG   (  122): signal 7 (SIGBUS), code 2 (BUS_ADRERR), fault addr 415c690c
05-22 11:20:37.533 I/AndroidRuntime(16600): VM exiting with result code -1.
05-22 11:20:37.533 W/NativeCrashListener(  374): Couldn't find ProcessRecord for pid 16555
05-22 11:20:37.650 I/DEBUG   (  122):     r0 00000000  r1 00000000  r2 41612008  r3 409c5c88
05-22 11:20:37.650 I/DEBUG   (  122):     r4 415c690c  r5 57be4c64  r6 418801e8  r7 5cc35c80
05-22 11:20:37.650 I/DEBUG   (  122):     r8 40939dc0  r9 00000011  sl 57be4c3c  fp 00000000
05-22 11:20:37.650 I/DEBUG   (  122):     ip 4161ccc4  sp bec4d2e8  lr 40942d94  pc 40942e18  cpsr 600e0010
05-22 11:20:37.650 I/DEBUG   (  122):     d0  0000000000000000  d1  0000000000000000
05-22 11:20:37.650 I/DEBUG   (  122):     d2  0000000000000000  d3  0000000000000000
05-22 11:20:37.650 I/DEBUG   (  122):     d4  6e6e412f6e6f6974  d5  4d6e6f697461746f
05-22 11:20:37.650 I/DEBUG   (  122):     d6  6544247265626d65  d7  6c6156746c756166
05-22 11:20:37.650 I/DEBUG   (  122):     d8  0000000000000000  d9  0000000000000000
05-22 11:20:37.650 I/DEBUG   (  122):     d10 0000000000000000  d11 0000000000000000
05-22 11:20:37.650 I/DEBUG   (  122):     d12 0000000000000000  d13 0000000000000000
05-22 11:20:37.650 I/DEBUG   (  122):     d14 0000000000000000  d15 0000000000000000
05-22 11:20:37.650 I/DEBUG   (  122):     d16 0000000000000006  d17 0000000000000000
05-22 11:20:37.650 I/DEBUG   (  122):     d18 4000000000000000  d19 0000000100000001
05-22 11:20:37.650 I/DEBUG   (  122):     d20 0000000100000001  d21 0000000100000001
05-22 11:20:37.650 I/DEBUG   (  122):     d22 0000000000000000  d23 0000000000000000
05-22 11:20:37.650 I/DEBUG   (  122):     d24 0000000000000000  d25 0000000000000000
05-22 11:20:37.650 I/DEBUG   (  122):     d26 0000000000000000  d27 0000000000000000
05-22 11:20:37.650 I/DEBUG   (  122):     d28 0000000000000000  d29 0000000000000000
05-22 11:20:37.650 I/DEBUG   (  122):     d30 0000000000000000  d31 0000000000000000
05-22 11:20:37.650 I/DEBUG   (  122):     scr 60000010
05-22 11:20:37.666 I/DEBUG   (  122): 
05-22 11:20:37.666 I/DEBUG   (  122): backtrace:
05-22 11:20:37.666 I/DEBUG   (  122):     #00  pc 00026e18  /system/lib/libdvm.so
05-22 11:20:37.666 I/DEBUG   (  122):     #01  pc 0002b5ec  /system/lib/libdvm.so (dvmInterpret(Thread*, Method const*, JValue*)+184)
05-22 11:20:37.666 I/DEBUG   (  122):     #02  pc 000601df  /system/lib/libdvm.so (dvmInvokeMethod(Object*, Method const*, ArrayObject*, ArrayObject*, ClassObject*, bool)+350)
05-22 11:20:37.666 I/DEBUG   (  122):     #03  pc 00067ddf  /system/lib/libdvm.so
05-22 11:20:37.666 I/DEBUG   (  122):     #04  pc 0004f879  /system/lib/libdvm.so (dvmResolveNativeMethod(unsigned int const*, JValue*, Method const*, Thread*)+116)
05-22 11:20:37.666 I/DEBUG   (  122):     #05  pc 00027060  /system/lib/libdvm.so
05-22 11:20:37.666 I/DEBUG   (  122):     #06  pc 0002b5ec  /system/lib/libdvm.so (dvmInterpret(Thread*, Method const*, JValue*)+184)
05-22 11:20:37.666 I/DEBUG   (  122):     #07  pc 0005ff21  /system/lib/libdvm.so (dvmCallMethodV(Thread*, Method const*, Object*, bool, JValue*, std::__va_list)+292)
05-22 11:20:37.666 I/DEBUG   (  122):     #08  pc 00049b67  /system/lib/libdvm.so
05-22 11:20:37.666 I/DEBUG   (  122):     #09  pc 0004b697  /system/lib/libandroid_runtime.so
05-22 11:20:37.666 I/DEBUG   (  122):     #10  pc 0004b85b  /system/lib/libandroid_runtime.so (android::AndroidRuntime::callMain(char const*, _jclass*, int, char const* const*)+150)
05-22 11:20:37.666 I/DEBUG   (  122):     #11  pc 00001171  /system/bin/app_process
05-22 11:20:37.666 I/DEBUG   (  122):     #12  pc 0004b431  /system/lib/libandroid_runtime.so
05-22 11:20:37.666 I/DEBUG   (  122):     #13  pc 0001dc4c  /system/lib/libdvm.so (dvmPlatformInvoke+112)
05-22 11:20:37.666 I/DEBUG   (  122):     #14  pc 0004decf  /system/lib/libdvm.so (dvmCallJNIMethod(unsigned int const*, JValue*, Method const*, Thread*)+398)
05-22 11:20:37.666 I/DEBUG   (  122):     #15  pc 00027060  /system/lib/libdvm.so
05-22 11:20:37.666 I/DEBUG   (  122):     #16  pc 0002b5ec  /system/lib/libdvm.so (dvmInterpret(Thread*, Method const*, JValue*)+184)
05-22 11:20:37.666 I/DEBUG   (  122):     #17  pc 0005ff21  /system/lib/libdvm.so (dvmCallMethodV(Thread*, Method const*, Object*, bool, JValue*, std::__va_list)+292)
05-22 11:20:37.666 I/DEBUG   (  122):     #18  pc 00049b67  /system/lib/libdvm.so
05-22 11:20:37.666 I/DEBUG   (  122):     #19  pc 0004b697  /system/lib/libandroid_runtime.so
05-22 11:20:37.666 I/DEBUG   (  122):     #20  pc 0004c327  /system/lib/libandroid_runtime.so (android::AndroidRuntime::start(char const*, char const*)+378)
05-22 11:20:37.666 I/DEBUG   (  122):     #21  pc 0000105b  /system/bin/app_process
05-22 11:20:37.666 I/DEBUG   (  122):     #22  pc 0000db4f  /system/lib/libc.so (__libc_init+50)
05-22 11:20:37.666 I/DEBUG   (  122):     #23  pc 00000d7c  /system/bin/app_process
05-22 11:20:37.666 I/DEBUG   (  122): 
05-22 11:20:37.666 I/DEBUG   (  122): stack:
05-22 11:20:37.674 I/DEBUG   (  122):          bec4d2a8  41a72aa8  /dev/ashmem/dalvik-heap (deleted)
05-22 11:20:37.674 I/DEBUG   (  122):          bec4d2ac  409ca1a0  /system/lib/libdvm.so
05-22 11:20:37.674 I/DEBUG   (  122):          bec4d2b0  00000020  
05-22 11:20:37.674 I/DEBUG   (  122):          bec4d2b4  40945e54  /system/lib/libdvm.so (dvmMalloc(unsigned int, int)+68)
05-22 11:20:37.674 I/DEBUG   (  122):          bec4d2b8  418801e8  
05-22 11:20:37.674 I/DEBUG   (  122):          bec4d2bc  159c0e96  
05-22 11:20:37.674 I/DEBUG   (  122):          bec4d2c0  00000001  
05-22 11:20:37.674 I/DEBUG   (  122):          bec4d2c4  415c68f6  /data/local/tmp/dalvik-cache/data@local@tmp@MDMMobileTest.jar@classes.dex (deleted)
05-22 11:20:37.674 I/DEBUG   (  122):          bec4d2c8  57be4c64  
05-22 11:20:37.674 I/DEBUG   (  122):          bec4d2cc  415c690c  /data/local/tmp/dalvik-cache/data@local@tmp@MDMMobileTest.jar@classes.dex (deleted)
05-22 11:20:37.674 I/DEBUG   (  122):          bec4d2d0  57be4c64  
05-22 11:20:37.674 I/DEBUG   (  122):          bec4d2d4  418801e8  
05-22 11:20:37.674 I/DEBUG   (  122):          bec4d2d8  5cc35c80  /dev/ashmem/dalvik-jit-code-cache (deleted)
05-22 11:20:37.674 I/DEBUG   (  122):          bec4d2dc  00000001  
05-22 11:20:37.674 I/DEBUG   (  122):          bec4d2e0  df0027ad  
05-22 11:20:37.674 I/DEBUG   (  122):          bec4d2e4  00000000  
05-22 11:20:37.674 I/DEBUG   (  122):     #00  bec4d2e8  704f88b3  
05-22 11:20:37.674 I/DEBUG   (  122):          bec4d2ec  fffffe58  
05-22 11:20:37.674 I/DEBUG   (  122):          bec4d2f0  40949f08  /system/lib/libdvm.so (dvmMterpStd(Thread*))
05-22 11:20:37.674 I/DEBUG   (  122):          bec4d2f4  00000000  
05-22 11:20:37.674 I/DEBUG   (  122):          bec4d2f8  bec4d3b0  [stack]
05-22 11:20:37.674 I/DEBUG   (  122):          bec4d2fc  418801e8  
05-22 11:20:37.674 I/DEBUG   (  122):          bec4d300  bec4d31c  [stack]
05-22 11:20:37.674 I/DEBUG   (  122):          bec4d304  57dc01d0  /dev/ashmem/dalvik-LinearAlloc (deleted)
05-22 11:20:37.674 I/DEBUG   (  122):          bec4d308  41a00e38  /dev/ashmem/dalvik-heap (deleted)
05-22 11:20:37.674 I/DEBUG   (  122):          bec4d30c  409475f0  /system/lib/libdvm.so (dvmInterpret(Thread*, Method const*, JValue*)+188)
05-22 11:20:37.674 I/DEBUG   (  122):     #01  bec4d310  000000a0  
05-22 11:20:37.674 I/DEBUG   (  122):          bec4d314  5936af64  /system/framework/core-junit.odex
05-22 11:20:37.681 I/DEBUG   (  122):          bec4d318  409c5c88  /system/lib/libdvm.so
05-22 11:20:37.681 I/DEBUG   (  122):          bec4d31c  58e99084  /system/framework/core.odex
05-22 11:20:37.681 I/DEBUG   (  122):          bec4d320  57be4d10  
05-22 11:20:37.681 I/DEBUG   (  122):          bec4d324  57ced2a8  /dev/ashmem/dalvik-LinearAlloc (deleted)
05-22 11:20:37.681 I/DEBUG   (  122):          bec4d328  591db000  /dev/ashmem/dalvik-aux-structure (deleted)
05-22 11:20:37.681 I/DEBUG   (  122):          bec4d32c  00000001  
05-22 11:20:37.681 I/DEBUG   (  122):          bec4d330  00000007  
05-22 11:20:37.681 I/DEBUG   (  122):          bec4d334  bec4d470  [stack]
05-22 11:20:37.681 I/DEBUG   (  122):          bec4d338  00000000  
05-22 11:20:37.681 I/DEBUG   (  122):          bec4d33c  bec4d4a4  [stack]
05-22 11:20:37.681 I/DEBUG   (  122):          bec4d340  00000000  
05-22 11:20:37.681 I/DEBUG   (  122):          bec4d344  00000000  
05-22 11:20:37.681 I/DEBUG   (  122):          bec4d348  00000000  
05-22 11:20:37.681 I/DEBUG   (  122):          bec4d34c  00000000  
05-22 11:20:37.681 I/DEBUG   (  122):          ........  ........
05-22 11:20:37.681 I/DEBUG   (  122):     #02  bec4d3a0  00000000  
05-22 11:20:37.681 I/DEBUG   (  122):          bec4d3a4  409852b7  /system/lib/libdvm.so (dvmLookupClass(char const*, Object*, bool)+62)
05-22 11:20:37.681 I/DEBUG   (  122):          bec4d3a8  00000000  
05-22 11:20:37.681 I/DEBUG   (  122):          bec4d3ac  401ed1f4  
05-22 11:20:37.681 I/DEBUG   (  122):          bec4d3b0  5936e9b7  /system/framework/core-junit.odex
05-22 11:20:37.681 I/DEBUG   (  122):          bec4d3b4  00000000  
05-22 11:20:37.681 I/DEBUG   (  122):          bec4d3b8  bec4d424  [stack]
05-22 11:20:37.681 I/DEBUG   (  122):          bec4d3bc  57cece54  /dev/ashmem/dalvik-LinearAlloc (deleted)
05-22 11:20:37.681 I/DEBUG   (  122):          bec4d3c0  00000001  
05-22 11:20:37.681 I/DEBUG   (  122):          bec4d3c4  4195a308  /dev/ashmem/dalvik-heap (deleted)
05-22 11:20:37.681 I/DEBUG   (  122):          bec4d3c8  0000000d  
05-22 11:20:37.681 I/DEBUG   (  122):          bec4d3cc  00000001  
05-22 11:20:37.681 I/DEBUG   (  122):          bec4d3d0  57cece40  /dev/ashmem/dalvik-LinearAlloc (deleted)
05-22 11:20:37.681 I/DEBUG   (  122):          bec4d3d4  58fe5f8e  /system/framework/core.odex
05-22 11:20:37.681 I/DEBUG   (  122):          bec4d3d8  bec4d424  [stack]
05-22 11:20:37.681 I/DEBUG   (  122):          bec4d3dc  00000038  
05-22 11:20:37.681 I/DEBUG   (  122):          ........  ........
05-22 11:20:37.697 I/DEBUG   (  122): 
05-22 11:20:37.697 I/DEBUG   (  122): memory near r2:
05-22 11:20:37.697 I/DEBUG   (  122):     41611fe8 ffffffff ffffffff ffffffff ffffffff  
05-22 11:20:37.697 I/DEBUG   (  122):     41611ff8 ffffffff ffffffff 00000000 0000c00b  
05-22 11:20:37.705 I/DEBUG   (  122):     41612008 10000000 00000000 00000000 10000000  
05-22 11:20:37.705 I/DEBUG   (  122):     41612018 00000000 00000000 10000298 415a35a6  
05-22 11:20:37.705 I/DEBUG   (  122):     41612028 5cc38bdb 10000000 00000000 00000000  
05-22 11:20:37.705 I/DEBUG   (  122):     41612038 10000298 415a35aa 5cc3a69b 10000000  
05-22 11:20:37.705 I/DEBUG   (  122):     41612048 00000000 00000000 10000000 00000000  
05-22 11:20:37.705 I/DEBUG   (  122):     41612058 00000000 10000000 00000000 00000000  
05-22 11:20:37.705 I/DEBUG   (  122):     41612068 10000298 415a35b2 5cc3b723 10000000  
05-22 11:20:37.705 I/DEBUG   (  122):     41612078 00000000 00000000 10000000 00000000  
05-22 11:20:37.705 I/DEBUG   (  122):     41612088 00000000 10000000 00000000 00000000  
05-22 11:20:37.705 I/DEBUG   (  122):     41612098 10000298 415a35ba 5cc3b7d3 10000000  
05-22 11:20:37.705 I/DEBUG   (  122):     416120a8 00000000 00000000 10000000 00000000  
05-22 11:20:37.705 I/DEBUG   (  122):     416120b8 00000000 10000000 00000000 00000000  
05-22 11:20:37.705 I/DEBUG   (  122):     416120c8 10000000 00000000 00000000 10000000  
05-22 11:20:37.705 I/DEBUG   (  122):     416120d8 00000000 00000000 10000000 00000000  
05-22 11:20:37.705 I/DEBUG   (  122): 
05-22 11:20:37.705 I/DEBUG   (  122): memory near r3:
05-22 11:20:37.705 I/DEBUG   (  122):     409c5c68 409c5180 409c51f4 409c5230 4096e32d  
05-22 11:20:37.705 I/DEBUG   (  122):     409c5c78 40971275 40987f89 4098484b 40946ac4  
05-22 11:20:37.705 I/DEBUG   (  122):     409c5c88 00000000 00000000 00000000 401c61f5  
05-22 11:20:37.705 I/DEBUG   (  122):     409c5c98 401c6101 401c3411 401db4dc 401dabd8  
05-22 11:20:37.705 I/DEBUG   (  122):     409c5ca8 401da730 401da80c 401db938 400f15d0  
05-22 11:20:37.705 I/DEBUG   (  122):     409c5cb8 400f1238 40101310 401012fc 401012d4  
05-22 11:20:37.705 I/DEBUG   (  122):     409c5cc8 40101090 401db1ac 401db198 401db170  
05-22 11:20:37.705 I/DEBUG   (  122):     409c5cd8 401010d0 400f765c 401be644 401db15c  
05-22 11:20:37.705 I/DEBUG   (  122):     409c5ce8 401012c0 401af9a1 401af9c9 401af9b5  
05-22 11:20:37.705 I/DEBUG   (  122):     409c5cf8 401af9dd 401bef58 4011981d 401bed88  
05-22 11:20:37.705 I/DEBUG   (  122):     409c5d08 40154919 40154927 400ffc80 400f9ee0  
05-22 11:20:37.705 I/DEBUG   (  122):     409c5d18 401bd1b8 401bd238 401bd170 401c3939  
05-22 11:20:37.705 I/DEBUG   (  122):     409c5d28 401bd054 401b36a5 401b01ec 401afffc  
05-22 11:20:37.713 I/DEBUG   (  122):     409c5d38 401b0100 401db97c 401b0568 401192e1  
05-22 11:20:37.713 I/DEBUG   (  122):     409c5d48 401b071c 401afdd8 401bf354 4061361b  
05-22 11:20:37.713 I/DEBUG   (  122):     409c5d58 40628bdd 40154919 401c0374 40628be1  
05-22 11:20:37.713 I/DEBUG   (  122): 
05-22 11:20:37.713 I/DEBUG   (  122): memory near r4:
05-22 11:20:37.713 I/DEBUG   (  122):     415c68ec ffffffff ffffffff ffffffff ffffffff  
05-22 11:20:37.713 I/DEBUG   (  122):     415c68fc ffffffff ffffffff ffffffff ffffffff  
05-22 11:20:37.713 I/DEBUG   (  122):     415c690c ffffffff ffffffff ffffffff ffffffff  
05-22 11:20:37.713 I/DEBUG   (  122):     415c691c ffffffff ffffffff ffffffff ffffffff  
05-22 11:20:37.713 I/DEBUG   (  122):     415c692c ffffffff ffffffff ffffffff ffffffff  
05-22 11:20:37.713 I/DEBUG   (  122):     415c693c ffffffff ffffffff ffffffff ffffffff  
05-22 11:20:37.713 I/DEBUG   (  122):     415c694c ffffffff ffffffff ffffffff ffffffff  
05-22 11:20:37.713 I/DEBUG   (  122):     415c695c ffffffff ffffffff ffffffff ffffffff  
05-22 11:20:37.713 I/DEBUG   (  122):     415c696c ffffffff ffffffff ffffffff ffffffff  
05-22 11:20:37.713 I/DEBUG   (  122):     415c697c ffffffff ffffffff ffffffff ffffffff  
05-22 11:20:37.713 I/DEBUG   (  122):     415c698c ffffffff ffffffff ffffffff ffffffff  
05-22 11:20:37.713 I/DEBUG   (  122):     415c699c ffffffff ffffffff ffffffff ffffffff  
05-22 11:20:37.713 I/DEBUG   (  122):     415c69ac ffffffff ffffffff ffffffff ffffffff  
05-22 11:20:37.713 I/DEBUG   (  122):     415c69bc ffffffff ffffffff ffffffff ffffffff  
05-22 11:20:37.713 I/DEBUG   (  122):     415c69cc ffffffff ffffffff ffffffff ffffffff  
05-22 11:20:37.713 I/DEBUG   (  122):     415c69dc ffffffff ffffffff ffffffff ffffffff  
05-22 11:20:37.713 I/DEBUG   (  122): 
05-22 11:20:37.713 I/DEBUG   (  122): memory near r5:
05-22 11:20:37.713 I/DEBUG   (  122):     57be4c44 57d2a058 00000011 5cc35b3d 57be4cb8  
05-22 11:20:37.713 I/DEBUG   (  122):     57be4c54 415c6806 57dc3260 415c690c 00000000  
05-22 11:20:37.713 I/DEBUG   (  122):     57be4c64 0c30d58a 00000000 0000fdfa 00000000  
05-22 11:20:37.713 I/DEBUG   (  122):     57be4c74 41a3a368 0c2feb1e 00000000 00000001  
05-22 11:20:37.713 I/DEBUG   (  122):     57be4c84 00000000 00001388 00000000 419f0ce8  
05-22 11:20:37.713 I/DEBUG   (  122):     57be4c94 41a39c70 41a3a138 0001d4c0 00000000  
05-22 11:20:37.713 I/DEBUG   (  122):     57be4ca4 57be4ce0 415c320a 57dc3228 415c6806  
05-22 11:20:37.713 I/DEBUG   (  122):     57be4cb4 00000000 0001d4c0 00000000 419f0ce8  
05-22 11:20:37.713 I/DEBUG   (  122):     57be4cc4 41a39c70 41a3a138 57be4d10 415c279e  
05-22 11:20:37.721 I/DEBUG   (  122):     57be4cd4 57dc1970 415c320a 00000000 419ef330  
05-22 11:20:37.721 I/DEBUG   (  122):     57be4ce4 41a39bf0 419f0ce8 41a39c70 41a3a138  
05-22 11:20:37.721 I/DEBUG   (  122):     57be4cf4 41a3a0e8 419f1068 57be4d2c 00000000  
05-22 11:20:37.721 I/DEBUG   (  122):     57be4d04 57dc01d0 415c279e 00000000 419f1068  
05-22 11:20:37.721 I/DEBUG   (  122):     57be4d14 419f10d0 57be4d40 00000000 00000000  
05-22 11:20:37.721 I/DEBUG   (  122):     57be4d24 00000000 00000000 57be4d74 58e4e41a  
05-22 11:20:37.721 I/DEBUG   (  122):     57be4d34 57cece40 00000011 00000000 41a00d20  
05-22 11:20:37.721 I/DEBUG   (  122): 
05-22 11:20:37.721 I/DEBUG   (  122): memory near r6:
05-22 11:20:37.721 I/DEBUG   (  122):     418801c8 fffff5fc 00000001 00000000 00000013  
05-22 11:20:37.721 I/DEBUG   (  122):     418801d8 00000000 00000800 57b17008 00000453  
05-22 11:20:37.721 I/DEBUG   (  122):     418801e8 58e1a120 57be4c64 57dc3260 4006c000  
05-22 11:20:37.721 I/DEBUG   (  122):     418801f8 0c30e918 00000000 bec4d2e8 00000000  
05-22 11:20:37.721 I/DEBUG   (  122):     41880208 bec4d31c 00000001 00000000 40939dc0  
05-22 11:20:37.721 I/DEBUG   (  122):     41880218 00000000 00000000 570ae570 57bdf300  
05-22 11:20:37.721 I/DEBUG   (  122):     41880228 00000000 00000000 00000001 00006000  
05-22 11:20:37.721 I/DEBUG   (  122):     41880238 00000000 401a0ffc 40939dc0 4093ec80  
05-22 11:20:37.721 I/DEBUG   (  122):     41880248 00000000 40942d7c 40942df0 40942ca0  
05-22 11:20:37.721 I/DEBUG   (  122):     41880258 40942cc0 40942d1c 00000000 00000000  
05-22 11:20:37.721 I/DEBUG   (  122):     41880268 400a2320 00000028 00000000 00000000  
05-22 11:20:37.721 I/DEBUG   (  122):     41880278 00000000 00000006 00001521 409ca8c4  
05-22 11:20:37.721 I/DEBUG   (  122):     41880288 41969408 57d19e50 00000011 4160ab60  
05-22 11:20:37.721 I/DEBUG   (  122):     41880298 00000001 00000080 00000200 00000004  
05-22 11:20:37.721 I/DEBUG   (  122):     418802a8 00000003 5a152072 5a15207a 00000001  
05-22 11:20:37.721 I/DEBUG   (  122):     418802b8 58e984a4 57dd0f90 5f70e662 5f74356e  
05-22 11:20:37.721 I/DEBUG   (  122): 
05-22 11:20:37.721 I/DEBUG   (  122): memory near r7:
05-22 11:20:37.721 I/DEBUG   (  122):     5cc35c60 bf8c8007 38fff04f 0801f04f 0800f1d8  
05-22 11:20:37.728 I/DEBUG   (  122):     5cc35c70 0f00f1b8 801cf8c5 8008f340 1c2de000  
05-22 11:20:37.728 I/DEBUG   (  122):     5cc35c80 4300e000 47806e70 415c690c 4300e78e  
05-22 11:20:37.728 I/DEBUG   (  122):     5cc35c90 47806e70 415c68e2 00000002 415d0000  
05-22 11:20:37.728 I/DEBUG   (  122):     5cc35ca0 57dc3260 006f0104 00000001 00000000  
05-22 11:20:37.728 I/DEBUG   (  122):     5cc35cb0 4160a0a8 f85f0070 68010008 60013101  
05-22 11:20:37.728 I/DEBUG   (  122):     5cc35cc0 69ab69e8 6a29696a 8038f8d5 903cf8d5  
05-22 11:20:37.728 I/DEBUG   (  122):     5cc35cd0 eb711a84 f04f0703 454f3aff 60ac60ef  
05-22 11:20:37.728 I/DEBUG   (  122):     5cc35ce0 800df2c0 8009f300 0a08ebb4 8007f000  
05-22 11:20:37.728 I/DEBUG   (  122):     5cc35cf0 f04fbf8c f04f3aff f1da0a01 f1ba0a00  
05-22 11:20:37.728 I/DEBUG   (  122):     5cc35d00 f8c50f00 f300a01c e7ff8007 4300e70c  
05-22 11:20:37.728 I/DEBUG   (  122):     5cc35d10 47806e70 415c68f6 4300e000 47806e70  
05-22 11:20:37.728 I/DEBUG   (  122):     5cc35d20 415c69c8 00000002 415d0000 57dc3260  
05-22 11:20:37.728 I/DEBUG   (  122):     5cc35d30 00650103 00000001 00000000 4160a0ac  
05-22 11:20:37.728 I/DEBUG   (  122):     5cc35d40 f85f0040 68010008 60013101 682a68a8  
05-22 11:20:37.728 I/DEBUG   (  122):     5cc35d50 68c1b130 6069428a 800cf280 de00e004  
05-22 11:20:37.728 I/DEBUG   (  122): 
05-22 11:20:37.728 I/DEBUG   (  122): memory near r8:
05-22 11:20:37.728 I/DEBUG   (  122):     40939da0 e320f000 e320f000 e320f000 e320f000  
05-22 11:20:37.728 I/DEBUG   (  122):     40939db0 e320f000 e320f000 e320f000 e320f000  
05-22 11:20:37.728 I/DEBUG   (  122):     40939dc0 e1f470b2 e207c0ff e088f30c e92d4ff0  
05-22 11:20:37.728 I/DEBUG   (  122):     40939dd0 e24dd004 e320f000 e320f000 e320f000  
05-22 11:20:37.728 I/DEBUG   (  122):     40939de0 e320f000 e320f000 e320f000 e320f000  
05-22 11:20:37.728 I/DEBUG   (  122):     40939df0 e320f000 e320f000 e320f000 e320f000  
05-22 11:20:37.728 I/DEBUG   (  122):     40939e00 e1a01627 e7e30457 e1f470b2 e7952101  
05-22 11:20:37.728 I/DEBUG   (  122):     40939e10 e207c0ff e7852100 e088f30c e320f000  
05-22 11:20:37.728 I/DEBUG   (  122):     40939e20 e320f000 e320f000 e320f000 e320f000  
05-22 11:20:37.736 I/DEBUG   (  122):     40939e30 e320f000 e320f000 e320f000 e320f000  
05-22 11:20:37.736 I/DEBUG   (  122):     40939e40 e1d410b2 e1a00427 e1f470b4 e7952101  
05-22 11:20:37.736 I/DEBUG   (  122):     40939e50 e207c0ff e7852100 e088f30c e320f000  
05-22 11:20:37.736 I/DEBUG   (  122):     40939e60 e320f000 e320f000 e320f000 e320f000  
05-22 11:20:37.736 I/DEBUG   (  122):     40939e70 e320f000 e320f000 e320f000 e320f000  
05-22 11:20:37.736 I/DEBUG   (  122):     40939e80 e1d410b4 e1d400b2 e1f470b6 e7952101  
05-22 11:20:37.736 I/DEBUG   (  122):     40939e90 e207c0ff e7852100 e088f30c e320f000  
05-22 11:20:37.736 I/DEBUG   (  122): 
05-22 11:20:37.736 I/DEBUG   (  122): memory near sl:
05-22 11:20:37.736 I/DEBUG   (  122):     57be4c1c 00000000 00000000 00000000 41a9da18  
05-22 11:20:37.736 I/DEBUG   (  122):     57be4c2c 57be4c64 415c6944 57dc2ea8 415c6400  
05-22 11:20:37.736 I/DEBUG   (  122):     57be4c3c 57be4c64 415c68f6 57d2a058 00000011  
05-22 11:20:37.736 I/DEBUG   (  122):     57be4c4c 5cc35b3d 57be4cb8 415c6806 57dc3260  
05-22 11:20:37.736 I/DEBUG   (  122):     57be4c5c 415c690c 00000000 0c30d58a 00000000  
05-22 11:20:37.736 I/DEBUG   (  122):     57be4c6c 0000fdfa 00000000 41a3a368 0c2feb1e  
05-22 11:20:37.736 I/DEBUG   (  122):     57be4c7c 00000000 00000001 00000000 00001388  
05-22 11:20:37.736 I/DEBUG   (  122):     57be4c8c 00000000 419f0ce8 41a39c70 41a3a138  
05-22 11:20:37.736 I/DEBUG   (  122):     57be4c9c 0001d4c0 00000000 57be4ce0 415c320a  
05-22 11:20:37.736 I/DEBUG   (  122):     57be4cac 57dc3228 415c6806 00000000 0001d4c0  
05-22 11:20:37.736 I/DEBUG   (  122):     57be4cbc 00000000 419f0ce8 41a39c70 41a3a138  
05-22 11:20:37.736 I/DEBUG   (  122):     57be4ccc 57be4d10 415c279e 57dc1970 415c320a  
05-22 11:20:37.736 I/DEBUG   (  122):     57be4cdc 00000000 419ef330 41a39bf0 419f0ce8  
05-22 11:20:37.744 I/DEBUG   (  122):     57be4cec 41a39c70 41a3a138 41a3a0e8 419f1068  
05-22 11:20:37.744 I/DEBUG   (  122):     57be4cfc 57be4d2c 00000000 57dc01d0 415c279e  
05-22 11:20:37.744 I/DEBUG   (  122):     57be4d0c 00000000 419f1068 419f10d0 57be4d40  
05-22 11:20:37.744 I/DEBUG   (  122): 
05-22 11:20:37.744 I/DEBUG   (  122): memory near ip:
05-22 11:20:37.744 I/DEBUG   (  122):     4161cca4 00000000 00000000 10000000 00000000  
05-22 11:20:37.744 I/DEBUG   (  122):     4161ccb4 00000000 10000000 00000000 00000000  
05-22 11:20:37.744 I/DEBUG   (  122):     4161ccc4 10000000 00000000 00000000 10000000  
05-22 11:20:37.744 I/DEBUG   (  122):     4161ccd4 00000000 00000000 10000298 59f223ec  
05-22 11:20:37.744 I/DEBUG   (  122):     4161cce4 5cc3435b 10000000 00000000 00000000  
05-22 11:20:37.744 I/DEBUG   (  122):     4161ccf4 10000000 00000000 00000000 10000000  
05-22 11:20:37.744 I/DEBUG   (  122):     4161cd04 00000000 00000000 10000000 00000000  
05-22 11:20:37.744 I/DEBUG   (  122):     4161cd14 00000000 10000298 59f223fa 5cc37023  
05-22 11:20:37.744 I/DEBUG   (  122):     4161cd24 10000000 00000000 00000000 10000000  
05-22 11:20:37.744 I/DEBUG   (  122):     4161cd34 00000000 00000000 10000000 00000000  
05-22 11:20:37.744 I/DEBUG   (  122):     4161cd44 00000000 10000000 00000000 00000000  
05-22 11:20:37.744 I/DEBUG   (  122):     4161cd54 10000000 00000000 00000000 10000000  
05-22 11:20:37.744 I/DEBUG   (  122):     4161cd64 00000000 00000000 10000000 00000000  
05-22 11:20:37.744 I/DEBUG   (  122):     4161cd74 00000000 10000000 00000000 00000000  
05-22 11:20:37.744 I/DEBUG   (  122):     4161cd84 10000000 00000000 00000000 10000000  
05-22 11:20:37.744 I/DEBUG   (  122):     4161cd94 00000000 00000000 10000000 00000000  
05-22 11:20:37.744 I/DEBUG   (  122): 
05-22 11:20:37.744 I/DEBUG   (  122): memory near sp:
05-22 11:20:37.744 I/DEBUG   (  122):     bec4d2c8 57be4c64 415c690c 57be4c64 418801e8  
05-22 11:20:37.744 I/DEBUG   (  122):     bec4d2d8 5cc35c80 00000001 df0027ad 00000000  
05-22 11:20:37.744 I/DEBUG   (  122):     bec4d2e8 704f88b3 fffffe58 40949f08 00000000  
05-22 11:20:37.752 I/DEBUG   (  122):     bec4d2f8 bec4d3b0 418801e8 bec4d31c 57dc01d0  
05-22 11:20:37.752 I/DEBUG   (  122):     bec4d308 41a00e38 409475f0 000000a0 5936af64  
05-22 11:20:37.752 I/DEBUG   (  122):     bec4d318 409c5c88 58e99084 57be4d10 57ced2a8  
05-22 11:20:37.752 I/DEBUG   (  122):     bec4d328 591db000 00000001 00000007 bec4d470  
05-22 11:20:37.752 I/DEBUG   (  122):     bec4d338 00000000 bec4d4a4 00000000 00000000  
05-22 11:20:37.752 I/DEBUG   (  122):     bec4d348 00000000 00000000 00000000 00000000  
05-22 11:20:37.752 I/DEBUG   (  122):     bec4d358 00000000 00000000 00000000 00000000  
05-22 11:20:37.752 I/DEBUG   (  122):     bec4d368 00000000 00000000 00000000 00000000  
05-22 11:20:37.752 I/DEBUG   (  122):     bec4d378 00000000 00000000 418801e8 57dc01d0  
05-22 11:20:37.752 I/DEBUG   (  122):     bec4d388 409c5c88 00000000 419562a8 41a00d70  
05-22 11:20:37.752 I/DEBUG   (  122):     bec4d398 00000000 4097c1e3 00000000 409852b7  
05-22 11:20:37.752 I/DEBUG   (  122):     bec4d3a8 00000000 401ed1f4 5936e9b7 00000000  
05-22 11:20:37.752 I/DEBUG   (  122):     bec4d3b8 bec4d424 57cece54 00000001 4195a308  
05-22 11:20:37.752 I/DEBUG   (  122): 
05-22 11:20:37.752 I/DEBUG   (  122): code around pc:
05-22 11:20:37.752 I/DEBUG   (  122):     40942df8 fa014467 e586007c e1a01004 e3a0e000  
05-22 11:20:37.752 I/DEBUG   (  122):     40942e08 e3500000 112fff10 e5054008 e596802c  
05-22 11:20:37.752 I/DEBUG   (  122):     40942e18 e1d470b0 e5960080 e596802c e3500000  
05-22 11:20:37.752 I/DEBUG   (  122):     40942e28 0a00001c e0243624 e1a03a83 e7d01aa3  
05-22 11:20:37.752 I/DEBUG   (  122):     40942e38 e207c0ff e2511001 e7c01aa3 1088f30c  
05-22 11:20:37.752 I/DEBUG   (  122):     40942e48 e5961084 e7c01aa3 e5054008 e1a00004  
05-22 11:20:37.752 I/DEBUG   (  122):     40942e58 e1a01006 fa01444e e586007c e1a01004  
05-22 11:20:37.752 I/DEBUG   (  122):     40942e68 e3a0e000 e3500000 112fff10 e3a02001  
05-22 11:20:37.752 I/DEBUG   (  122):     40942e78 e1d602b8 e2100903 1a000004 e5862094  
05-22 11:20:37.752 I/DEBUG   (  122):     40942e88 e1a00006 e5054008 e8860030 fa014536  
05-22 11:20:37.752 I/DEBUG   (  122):     40942e98 e1d470b0 e596802c e207c0ff e088f30c  
05-22 11:20:37.760 I/DEBUG   (  122):     40942ea8 e8860030 e1a00006 eaffdbb5 e3590000  
05-22 11:20:37.760 I/DEBUG   (  122):     40942eb8 15999000 e58600a4 e58690a0 e12fff1e  
05-22 11:20:37.760 I/DEBUG   (  122):     40942ec8 e1d612b8 e2111901 1bfffff7 e1b02427  
05-22 11:20:37.760 I/DEBUG   (  122):     40942ed8 e245a014 0a000025 e1d410b4 e0853101  
05-22 11:20:37.760 I/DEBUG   (  122):     40942ee8 e04aa102 e4931004 e2522001 e48a1004  
05-22 11:20:37.760 I/DEBUG   (  122): 
05-22 11:20:37.760 I/DEBUG   (  122): code around lr:
05-22 11:20:37.760 I/DEBUG   (  122):     40942d74 e207c0ff e088f30c e51e4001 e24e7005  
05-22 11:20:37.760 I/DEBUG   (  122):     40942d84 e2477004 e1a00004 e1a01006 fa014481  
05-22 11:20:37.760 I/DEBUG   (  122):     40942d94 e586007c e3500000 0a00001b e1a01007  
05-22 11:20:37.760 I/DEBUG   (  122):     40942da4 fa016d61 e1a01004 e3a0e000 e3500000  
05-22 11:20:37.760 I/DEBUG   (  122):     40942db4 112fff10 ea000014 e1a00004 e1a01006  
05-22 11:20:37.760 I/DEBUG   (  122):     40942dc4 fa014474 e586007c e1a01004 e3a0e000  
05-22 11:20:37.760 I/DEBUG   (  122):     40942dd4 e3500000 112fff10 e5054008 e596802c  
05-22 11:20:37.760 I/DEBUG   (  122):     40942de4 e1d470b0 e207c0ff e088f30c e1a00004  
05-22 11:20:37.760 I/DEBUG   (  122):     40942df4 e1a01006 fa014467 e586007c e1a01004  
05-22 11:20:37.760 I/DEBUG   (  122):     40942e04 e3a0e000 e3500000 112fff10 e5054008  
05-22 11:20:37.760 I/DEBUG   (  122):     40942e14 e596802c e1d470b0 e5960080 e596802c  
05-22 11:20:37.760 I/DEBUG   (  122):     40942e24 e3500000 0a00001c e0243624 e1a03a83  
05-22 11:20:37.760 I/DEBUG   (  122):     40942e34 e7d01aa3 e207c0ff e2511001 e7c01aa3  
05-22 11:20:37.760 I/DEBUG   (  122):     40942e44 1088f30c e5961084 e7c01aa3 e5054008  
05-22 11:20:37.760 I/DEBUG   (  122):     40942e54 e1a00004 e1a01006 fa01444e e586007c  
05-22 11:20:37.760 I/DEBUG   (  122):     40942e64 e1a01004 e3a0e000 e3500000 112fff10  
05-22 11:20:37.760 I/DEBUG   (  122): 
05-22 11:20:37.760 I/DEBUG   (  122): memory map around fault addr 415c690c:
05-22 11:20:37.760 I/DEBUG   (  122):     415c0000-415c6000 r-- /data/local/tmp/dalvik-cache/data@local@tmp@MDMMobileTest.jar@classes.dex (deleted)
05-22 11:20:37.760 I/DEBUG   (  122):     415c6000-415c7000 r-- /data/local/tmp/dalvik-cache/data@local@tmp@MDMMobileTest.jar@classes.dex (deleted)
05-22 11:20:37.767 I/DEBUG   (  122):     415c7000-415cd000 r-- /data/local/tmp/dalvik-cache/data@local@tmp@MDMMobileTest.jar@classes.dex (deleted)
05-22 11:20:37.791 D/MDM :   (14465): [null:-1]->statusCode : 200
05-22 11:20:37.814 D/MDM :   (14465): [null:-1]->statusCode : 200
05-22 11:20:37.814 V/DEBUG   (14465): HTTP 1
05-22 11:20:37.814 D/MDM :   (14465): [null:-1]->Get joson string: 
05-22 11:20:37.822 D/MdmDatabaseHelper(14465): [null:-1]->update command 32638a9e-a665-410c-89bd-1d618e6ba87d to status executed
05-22 11:20:37.861 D/NetworkThread(14465): [null:-1]->clear mCurrentTransInfo
05-22 11:20:37.861 D/NetworkThread(14465): [null:-1]->queue is empty, thread wait...
05-22 11:20:37.916 D/MdmService(14465): [null:-1]->handleCheckInResult
05-22 11:20:37.924 D/MdmService(14465): [null:-1]->handleCheckInResult result keyIndex: 3
05-22 11:20:37.924 D/HandleCommandTask(14465): [null:-1]->execute command msg but beanBase is null
05-22 11:20:37.947 D/MdmStatusManager(14465): [null:-1]->change status to : Idle
05-22 11:20:37.978 I/BootReceiver(  374): Copying /data/tombstones/tombstone_03 to DropBox (SYSTEM_TOMBSTONE)
05-22 11:20:40.385 W/Parcel  ( 1661): Attempt to read object from Parcel 0x5ded3dac at offset 200 that is not in the object list
05-22 11:20:40.439 D/dalvikvm( 1468): GC_CONCURRENT freed 562K, 21% free 9923K/12512K, paused 8ms+7ms, total 51ms
05-22 11:20:40.822 W/MountService(  374): getVolumeState(/storage/emulated/0/external_sd): Unknown volume
05-22 11:20:40.822 W/MountService(  374): getVolumeState(/mnt/sdcard-ext): Unknown volume
05-22 11:20:40.822 W/MountService(  374): getVolumeState(/mnt/ext_sdcard): Unknown volume
05-22 11:20:40.822 W/MountService(  374): getVolumeState(/mnt/sdcard2): Unknown volume
05-22 11:20:40.822 W/MountService(  374): getVolumeState(/mnt/emmc): Unknown volume
05-22 11:20:40.822 W/MountService(  374): getVolumeState(/mnt/extSdCard): Unknown volume
05-22 11:20:40.830 W/MountService(  374): getVolumeState(/mnt/sdcard/SD_CARD): Unknown volume
05-22 11:20:40.830 W/MountService(  374): getVolumeState(/mnt/sdcard/extra_sd): Unknown volume
05-22 11:20:40.830 W/MountService(  374): getVolumeState(/mnt/extrasd_bind): Unknown volume
05-22 11:20:40.830 W/MountService(  374): getVolumeState(/mnt/sdcard/ext_sd): Unknown volume
05-22 11:20:40.830 W/MountService(  374): getVolumeState(/storage/extSdCard): Unknown volume
05-22 11:20:40.838 W/MountService(  374): getVolumeState(/storage/sdcard1): Unknown volume
05-22 11:20:40.838 W/MountService(  374): getVolumeState(/mnt/sdcard/external_SD): Unknown volume
05-22 11:20:40.846 W/MountService(  374): getVolumeState(/mnt/sdcard/external_sd): Unknown volume
05-22 11:20:41.056 D/dalvikvm( 1468): GC_CONCURRENT freed 287K, 20% free 10070K/12512K, paused 14ms+7ms, total 64ms
05-22 11:20:41.056 I/ActivityManager(  374): Start proc android.process.acore for content provider com.android.providers.contacts/.ContactsProvider2: pid=16620 uid=10000 gids={50000, 3003, 1015, 1028}
05-22 11:20:41.228 D/dalvikvm(16620): GC_CONCURRENT freed 194K, 3% free 9170K/9404K, paused 4ms+4ms, total 43ms
05-22 11:20:41.478 I/ContactLocale(16620): AddressBook Labels [en_US]: [, A, B, C, D, E, F, G, H, I, J, K, L, M, N, O, P, Q, R, S, T, U, V, W, X, Y, Z, , , , , , , , , , , , , , , , , , , , , , , , , , , , , , , , , , , , , , , , , , , , , , , , , , , , , , , , , , , , , , , , , , , , , , , , , , , , , , , , , , , , , , , , , , , , , , , , , , , , , , , , , , , , , , , , , , , , , , , , , , , , , , , , , , , , , , , , , , , , , , , , , , , , , , , , , , , , , , , , , , , , , , , , , , , , , , , , , , , , , , #, ]
05-22 11:20:41.760 W/MountService(  374): getVolumeState(/storage/emulated/0/external_sd): Unknown volume
05-22 11:20:41.760 W/MountService(  374): getVolumeState(/mnt/sdcard-ext): Unknown volume
05-22 11:20:41.760 W/MountService(  374): getVolumeState(/mnt/ext_sdcard): Unknown volume
05-22 11:20:41.767 W/MountService(  374): getVolumeState(/mnt/sdcard2): Unknown volume
05-22 11:20:41.767 W/MountService(  374): getVolumeState(/mnt/emmc): Unknown volume
05-22 11:20:41.767 W/MountService(  374): getVolumeState(/mnt/extSdCard): Unknown volume
05-22 11:20:41.767 W/MountService(  374): getVolumeState(/mnt/sdcard/SD_CARD): Unknown volume
05-22 11:20:41.767 W/MountService(  374): getVolumeState(/mnt/sdcard/extra_sd): Unknown volume
05-22 11:20:41.767 W/MountService(  374): getVolumeState(/mnt/extrasd_bind): Unknown volume
05-22 11:20:41.767 W/MountService(  374): getVolumeState(/mnt/sdcard/ext_sd): Unknown volume
05-22 11:20:41.767 W/MountService(  374): getVolumeState(/storage/extSdCard): Unknown volume
05-22 11:20:41.775 W/MountService(  374): getVolumeState(/storage/sdcard1): Unknown volume
05-22 11:20:41.775 W/MountService(  374): getVolumeState(/mnt/sdcard/external_SD): Unknown volume
05-22 11:20:41.775 W/MountService(  374): getVolumeState(/mnt/sdcard/external_sd): Unknown volume
05-22 11:20:41.838 D/dalvikvm( 1468): GC_CONCURRENT freed 596K, 21% free 9984K/12512K, paused 10ms+10ms, total 57ms
05-22 11:20:42.299 D/dalvikvm(  374): GC_CONCURRENT freed 2862K, 17% free 25148K/30132K, paused 5ms+15ms, total 140ms
05-22 11:20:42.369 D/dalvikvm(16620): GC_CONCURRENT freed 191K, 3% free 9369K/9600K, paused 3ms+3ms, total 32ms
05-22 11:20:48.158 I/PowerManagerService(  374): Waking up from sleep...
05-22 11:20:48.369 I/WindowManager(  374): Lock screen displayed!
05-22 11:20:48.635 W/Parcel  ( 1661): Attempt to read object from Parcel 0x6013bdac at offset 200 that is not in the object list
05-22 11:20:48.642 W/Parcel  ( 1661): Attempt to read object from Parcel 0x5ded3dac at offset 200 that is not in the object list
05-22 11:20:48.752 D/PowerManagerService-JNI(  374): Excessive delay in autosuspend_disable() while turning screen on: 587ms
05-22 11:20:48.791 D/SurfaceFlinger(  124): Screen acquired, type=0 flinger=0x40e95478
05-22 11:20:48.885 V/WiseDownloadConditionControler(11077): checkCondition  type : WISE_DOWNLOAD  inerrupting: true
05-22 11:20:48.908 D/LightsService(  374): Excessive delay setting light: 103ms
05-22 11:20:48.971 W/Parcel  ( 1661): Attempt to read object from Parcel 0x5dfd3dac at offset 200 that is not in the object list
05-22 11:20:48.994 D/dalvikvm(11404): GC_CONCURRENT freed 474K, 6% free 9406K/10004K, paused 3ms+2ms, total 61ms
05-22 11:20:48.994 V/DigitalWidgetViewsFactory(16338): DigitalWidget sets next alarm string to null
05-22 11:21:01.494 D/AndroidRuntime(16650): 
05-22 11:21:01.494 D/AndroidRuntime(16650): >>>>>> AndroidRuntime START com.android.internal.os.RuntimeInit <<<<<<
05-22 11:21:01.494 D/AndroidRuntime(16650): CheckJNI is OFF
05-22 11:21:01.510 D/dalvikvm(16650): Trying to load lib libjavacore.so 0x0
05-22 11:21:01.510 D/dalvikvm(16650): Added shared lib libjavacore.so 0x0
05-22 11:21:01.525 D/dalvikvm(16650): Trying to load lib libnativehelper.so 0x0
05-22 11:21:01.525 D/dalvikvm(16650): Added shared lib libnativehelper.so 0x0
05-22 11:21:01.681 D/AndroidRuntime(16650): Calling main entry com.android.commands.uiautomator.Launcher
05-22 11:21:01.721 D/dalvikvm(16650): Note: class Landroid/app/ActivityManagerNative; has 163 unimplemented (abstract) methods
05-22 11:21:02.338 I/QueryController(16650): Matched selector: UiSelector[DESCRIPTION=Dot., PACKAGE NAME=android] <<==>> [android.view.accessibility.AccessibilityNodeInfo@604167; boundsInParent: Rect(0, 0 - 202, 123); boundsInScreen: Rect(56, 569 - 258, 692); packageName: android; className: android.widget.Button; text: 1; contentDescription: Dot.; viewIdResName: android:id/key1; checkable: false; checked: false; focusable: true; focused: false; selected: false; clickable: true; longClickable: false; enabled: true; password: false; scrollable: false; [ACTION_FOCUS, ACTION_SELECT, ACTION_CLEAR_SELECTION, ACTION_CLICK, ACTION_ACCESSIBILITY_FOCUS, ACTION_NEXT_AT_MOVEMENT_GRANULARITY, ACTION_PREVIOUS_AT_MOVEMENT_GRANULARITY, ACTION_SET_SELECTION]]
05-22 11:21:02.385 I/QueryController(16650): Matched selector: UiSelector[TEXT=1, CLASS=android.widget.Button, PACKAGE NAME=android] <<==>> [android.view.accessibility.AccessibilityNodeInfo@604167; boundsInParent: Rect(0, 0 - 202, 123); boundsInScreen: Rect(56, 569 - 258, 692); packageName: android; className: android.widget.Button; text: 1; contentDescription: Dot.; viewIdResName: android:id/key1; checkable: false; checked: false; focusable: true; focused: false; selected: false; clickable: true; longClickable: false; enabled: true; password: false; scrollable: false; [ACTION_FOCUS, ACTION_SELECT, ACTION_CLEAR_SELECTION, ACTION_CLICK, ACTION_ACCESSIBILITY_FOCUS, ACTION_NEXT_AT_MOVEMENT_GRANULARITY, ACTION_PREVIOUS_AT_MOVEMENT_GRANULARITY, ACTION_SET_SELECTION]]
05-22 11:21:02.385 D/InteractionController(16650): clickAndSync(157, 630)
05-22 11:21:03.056 I/QueryController(16650): Matched selector: UiSelector[TEXT=2 ABC, CLASS=android.widget.Button, PACKAGE NAME=android] <<==>> [android.view.accessibility.AccessibilityNodeInfo@604528; boundsInParent: Rect(0, 0 - 203, 123); boundsInScreen: Rect(258, 569 - 461, 692); packageName: android; className: android.widget.Button; text: 2 ABC; contentDescription: Dot.; viewIdResName: android:id/key2; checkable: false; checked: false; focusable: true; focused: false; selected: false; clickable: true; longClickable: false; enabled: true; password: false; scrollable: false; [ACTION_FOCUS, ACTION_SELECT, ACTION_CLEAR_SELECTION, ACTION_CLICK, ACTION_ACCESSIBILITY_FOCUS, ACTION_NEXT_AT_MOVEMENT_GRANULARITY, ACTION_PREVIOUS_AT_MOVEMENT_GRANULARITY, ACTION_SET_SELECTION]]
05-22 11:21:03.056 D/InteractionController(16650): clickAndSync(359, 630)
05-22 11:21:06.158 W/InteractionController(16650): runAndwaitForEvent timedout waiting for events
05-22 11:21:06.197 I/QueryController(16650): Matched selector: UiSelector[TEXT=3 DEF, CLASS=android.widget.Button, PACKAGE NAME=android] <<==>> [android.view.accessibility.AccessibilityNodeInfo@6048e9; boundsInParent: Rect(0, 0 - 203, 123); boundsInScreen: Rect(461, 569 - 664, 692); packageName: android; className: android.widget.Button; text: 3 DEF; contentDescription: Dot.; viewIdResName: android:id/key3; checkable: false; checked: false; focusable: true; focused: false; selected: false; clickable: true; longClickable: false; enabled: true; password: false; scrollable: false; [ACTION_FOCUS, ACTION_SELECT, ACTION_CLEAR_SELECTION, ACTION_CLICK, ACTION_ACCESSIBILITY_FOCUS, ACTION_NEXT_AT_MOVEMENT_GRANULARITY, ACTION_PREVIOUS_AT_MOVEMENT_GRANULARITY, ACTION_SET_SELECTION]]
05-22 11:21:06.197 D/InteractionController(16650): clickAndSync(562, 630)
05-22 11:21:08.963 D/dalvikvm(16669): Late-enabling CheckJNI
05-22 11:21:08.963 I/ActivityManager(  374): Start proc com.pekall.emdm.launcher:remote for service com.pekall.emdm.launcher/com.baidu.location.f: pid=16669 uid=10066 gids={50066, 1015, 3002, 3001, 3003, 1028}
05-22 11:21:09.025 V/MyServiceConnection(16669): [SConnection] sandbox service is NOT installed.
