05-22 11:21:09.033 V/MyServiceConnection(16669): [SConnection] binding service: pekall.intent.action.SANDBOX_SERVICE
05-22 11:21:09.033 D/ScClassLoader(16669): >> SOURCE FILE: /data/data/com.pekall.emdm.launcher/app_jars/sc-jdk15on-1.47.0.2.dex.jar
05-22 11:21:09.080 D/dalvikvm(16669): GC_CONCURRENT freed 140K, 2% free 9293K/9472K, paused 3ms+3ms, total 27ms
05-22 11:21:09.088 W/Parcel  ( 1661): Attempt to read object from Parcel 0x5ef3bdac at offset 200 that is not in the object list
05-22 11:21:09.088 W/Parcel  ( 1661): Attempt to read object from Parcel 0x5ec3bdac at offset 200 that is not in the object list
05-22 11:21:09.088 D/Email   (16669): Email: init sandbox at the beginning.
05-22 11:21:09.088 V/MyServiceConnection(16669): [SConnection] retry to bind service
05-22 11:21:09.096 V/MyServiceConnection(16669): [SConnection] sandbox service is NOT installed.
05-22 11:21:09.096 V/MyServiceConnection(16669): [SConnection] binding service: pekall.intent.action.SANDBOX_SERVICE
05-22 11:21:09.111 V/MyServiceConnection(16669): [SConnection] retry to bind service
05-22 11:21:09.119 V/MyServiceConnection(16669): [SConnection] sandbox service is NOT installed.
05-22 11:21:09.119 V/MyServiceConnection(16669): [SConnection] binding service: pekall.intent.action.SANDBOX_SERVICE
05-22 11:21:09.135 V/l       (16669): Bind requested for task setLogging
05-22 11:21:09.135 D/ExchangeService(14465): !!! EAS ExchangeService, onCreate
05-22 11:21:09.135 W/Parcel  ( 1661): Attempt to read object from Parcel 0x6003bdac at offset 200 that is not in the object list
05-22 11:21:09.142 D/ExchangeService(14465): !!! EAS ExchangeService, onStartCommand, startingUp = false, running = false
05-22 11:21:09.142 D/ExchangeService(14465): to start secureStorageService now
05-22 11:21:09.142 V/a       (14465): Bind requested for task test
05-22 11:21:09.150 V/a       (14465): Connected: com.pekall.semail.service.AccountServiceInternal
05-22 11:21:09.150 D/ExchangeService(14465): Reconciling accounts...
05-22 11:21:09.150 V/a       (14465): Connection test succeeded in 11ms
05-22 11:21:09.158 V/a       (14465): Task test completed; disconnecting
05-22 11:21:09.158 V/a       (14465): Bind requested for task reconcileAccounts
05-22 11:21:09.166 V/a       (14465): Connected: com.pekall.semail.service.AccountServiceInternal
05-22 11:21:09.166 V/a       (14465): Waiting for task reconcileAccounts to complete...
05-22 11:21:09.174 V/a       (14465): Task reconcileAccounts completed; disconnecting
05-22 11:21:09.174 V/a       (14465): Wait for reconcileAccounts finished in 9ms
05-22 11:21:09.174 D/ExchangeService(14465): !!! EAS ExchangeService, stopping self
05-22 11:21:09.189 D/dalvikvm(16669): GC_CONCURRENT freed 187K, 3% free 9591K/9820K, paused 5ms+10ms, total 52ms
05-22 11:21:09.244 W/DocumentManager(16669): Sandbox service is not connected.
05-22 11:21:09.244 D/MessageControllerImpl(16669): controller is null
05-22 11:21:09.244 V/MyServiceConnection(16669): [SConnection] retry to bind service
05-22 11:21:09.244 V/MyServiceConnection(16669): [SConnection] sandbox service is NOT installed.
05-22 11:21:09.244 V/MyServiceConnection(16669): [SConnection] binding service: pekall.intent.action.SANDBOX_SERVICE
05-22 11:21:09.244 W/SQLiteOpenHelper(16669): Opened /data/data/com.pekall.emdm.launcher/databases/message.db
05-22 11:21:09.252 W/dalvikvm(16669): No implementation found for native Lcom/pekall/sandbox/database/sqlite/SQLiteDatabase;.native_setSqliteSoftHeapLimit:(I)V
05-22 11:21:09.252 D/AndroidRuntime(16669): Shutting down VM
05-22 11:21:09.252 W/dalvikvm(16669): threadid=1: thread exiting with uncaught exception (group=0x419c8700)
05-22 11:21:09.252 D/        (16669): [---null: -1---]  Thread is main
05-22 11:21:09.252 W/System.err(16669): java.lang.UnsatisfiedLinkError: Native method not found: com.pekall.sandbox.database.sqlite.SQLiteDatabase.native_setSqliteSoftHeapLimit:(I)V
05-22 11:21:09.252 W/System.err(16669): 	at com.pekall.sandbox.database.sqlite.SQLiteDatabase.native_setSqliteSoftHeapLimit(Native Method)
05-22 11:21:09.260 W/System.err(16669): 	at com.pekall.sandbox.database.sqlite.SQLiteDatabase.<init>(Unknown Source)
05-22 11:21:09.260 W/System.err(16669): 	at com.pekall.sandbox.database.sqlite.SQLiteDatabase.openDatabase(Unknown Source)
05-22 11:21:09.260 W/System.err(16669): 	at com.pekall.sandbox.database.sqlite.SQLiteDatabase.openDatabase(Unknown Source)
05-22 11:21:09.260 W/System.err(16669): 	at com.pekall.sandbox.database.sqlite.SQLiteDatabase.openDatabase(Unknown Source)
05-22 11:21:09.260 W/System.err(16669): 	at com.pekall.sandbox.database.sqlite.SQLiteOpenHelper.getWritableDatabase(Unknown Source)
05-22 11:21:09.260 W/System.err(16669): 	at com.pekall.emdm.messagecenter.db.a.a(Unknown Source)
05-22 11:21:09.267 W/System.err(16669): 	at com.pekall.emdm.messagecenter.db.a.b(Unknown Source)
05-22 11:21:09.267 W/System.err(16669): 	at com.pekall.emdm.messagecenter.activity.a.onCreate(Unknown Source)
05-22 11:21:09.267 W/System.err(16669): 	at com.pekall.emdm.launcher.LauncherApplication.onCreate(Unknown Source)
05-22 11:21:09.267 W/System.err(16669): 	at android.app.Instrumentation.callApplicationOnCreate(Instrumentation.java:1007)
05-22 11:21:09.267 W/System.err(16669): 	at android.app.ActivityThread.handleBindApplication(ActivityThread.java:4444)
05-22 11:21:09.267 W/System.err(16669): 	at android.app.ActivityThread.access$1300(ActivityThread.java:141)
05-22 11:21:09.267 W/System.err(16669): 	at android.app.ActivityThread$H.handleMessage(ActivityThread.java:1316)
05-22 11:21:09.267 W/System.err(16669): 	at android.os.Handler.dispatchMessage(Handler.java:99)
05-22 11:21:09.267 W/System.err(16669): 	at android.os.Looper.loop(Looper.java:137)
05-22 11:21:09.275 W/System.err(16669): 	at android.app.ActivityThread.main(ActivityThread.java:5103)
05-22 11:21:09.275 W/System.err(16669): 	at java.lang.reflect.Method.invokeNative(Native Method)
05-22 11:21:09.275 W/System.err(16669): 	at java.lang.reflect.Method.invoke(Method.java:525)
05-22 11:21:09.275 W/System.err(16669): 	at com.android.internal.os.ZygoteInit$MethodAndArgsCaller.run(ZygoteInit.java:737)
05-22 11:21:09.275 W/System.err(16669): 	at com.android.internal.os.ZygoteInit.main(ZygoteInit.java:553)
05-22 11:21:09.275 W/System.err(16669): 	at dalvik.system.NativeStart.main(Native Method)
05-22 11:21:09.299 D/dalvikvm(16669): GC_CONCURRENT freed 526K, 6% free 9461K/10028K, paused 3ms+2ms, total 38ms
05-22 11:21:09.299 W/InteractionController(16650): runAndwaitForEvent timedout waiting for events
05-22 11:21:09.338 D/ActivityThread(16669): Loading provider com.pekall.semail.provider;com.pekall.semail.notifier: com.pekall.semail.provider.EmailProvider
05-22 11:21:09.353 I/QueryController(16650): Matched selector: UiSelector[TEXT=4 GHI, CLASS=android.widget.Button, PACKAGE NAME=android] <<==>> [android.view.accessibility.AccessibilityNodeInfo@604caa; boundsInParent: Rect(0, 0 - 202, 123); boundsInScreen: Rect(56, 692 - 258, 815); packageName: android; className: android.widget.Button; text: 4 GHI; contentDescription: Dot.; viewIdResName: android:id/key4; checkable: false; checked: false; focusable: true; focused: false; selected: false; clickable: true; longClickable: false; enabled: true; password: false; scrollable: false; [ACTION_FOCUS, ACTION_SELECT, ACTION_CLEAR_SELECTION, ACTION_CLICK, ACTION_ACCESSIBILITY_FOCUS, ACTION_NEXT_AT_MOVEMENT_GRANULARITY, ACTION_PREVIOUS_AT_MOVEMENT_GRANULARITY, ACTION_SET_SELECTION]]
05-22 11:21:09.353 D/InteractionController(16650): clickAndSync(157, 753)
05-22 11:21:09.572 D/ActivityThread(16669): Loading provider com.pekall.semail.provider;com.pekall.semail.notifier: com.pekall.semail.provider.EmailProvider
05-22 11:21:09.775 W/EmailProvider(16669): restoreIfNeeded...
05-22 11:21:10.424 D/EmailProvider(16669): restoreAccounts...
05-22 11:21:10.728 D/EmailProvider(16669): No accounts to restore...
05-22 11:21:10.744 D/EmailProvider(16669): Deleting orphans...
05-22 11:21:10.830 D/EmailProvider(16669): EmailProvider pre-caching...
05-22 11:21:10.978 D/EmailProvider(16669): EmailProvider ready.
05-22 11:21:11.096 W/ActivityManager(  374): Unable to start service Intent { cmp=com.pekall.emdm.launcher/com.pekall.semail.service.AttachmentDownloadService } U=0: not found
05-22 11:21:11.103 I/Email   (16669): Notifications being toggled: false
05-22 11:21:12.463 W/InteractionController(16650): runAndwaitForEvent timedout waiting for events
05-22 11:21:12.510 I/QueryController(16650): Matched selector: UiSelector[TEXT=5 JKL, CLASS=android.widget.Button, PACKAGE NAME=android] <<==>> [android.view.accessibility.AccessibilityNodeInfo@60506b; boundsInParent: Rect(0, 0 - 203, 123); boundsInScreen: Rect(258, 692 - 461, 815); packageName: android; className: android.widget.Button; text: 5 JKL; contentDescription: Dot.; viewIdResName: android:id/key5; checkable: false; checked: false; focusable: true; focused: false; selected: false; clickable: true; longClickable: false; enabled: true; password: false; scrollable: false; [ACTION_FOCUS, ACTION_SELECT, ACTION_CLEAR_SELECTION, ACTION_CLICK, ACTION_ACCESSIBILITY_FOCUS, ACTION_NEXT_AT_MOVEMENT_GRANULARITY, ACTION_PREVIOUS_AT_MOVEMENT_GRANULARITY, ACTION_SET_SELECTION]]
05-22 11:21:12.510 D/InteractionController(16650): clickAndSync(359, 753)
05-22 11:21:15.611 W/InteractionController(16650): runAndwaitForEvent timedout waiting for events
05-22 11:21:15.658 I/QueryController(16650): Matched selector: UiSelector[TEXT=6 MNO, CLASS=android.widget.Button, PACKAGE NAME=android] <<==>> [android.view.accessibility.AccessibilityNodeInfo@60542c; boundsInParent: Rect(0, 0 - 203, 123); boundsInScreen: Rect(461, 692 - 664, 815); packageName: android; className: android.widget.Button; text: 6 MNO; contentDescription: Dot.; viewIdResName: android:id/key6; checkable: false; checked: false; focusable: true; focused: false; selected: false; clickable: true; longClickable: false; enabled: true; password: false; scrollable: false; [ACTION_FOCUS, ACTION_SELECT, ACTION_CLEAR_SELECTION, ACTION_CLICK, ACTION_ACCESSIBILITY_FOCUS, ACTION_NEXT_AT_MOVEMENT_GRANULARITY, ACTION_PREVIOUS_AT_MOVEMENT_GRANULARITY, ACTION_SET_SELECTION]]
05-22 11:21:15.658 D/InteractionController(16650): clickAndSync(562, 753)
05-22 11:21:18.760 W/InteractionController(16650): runAndwaitForEvent timedout waiting for events
05-22 11:21:18.814 I/QueryController(16650): Matched selector: UiSelector[DESCRIPTION=Enter] <<==>> [android.view.accessibility.AccessibilityNodeInfo@6066f1; boundsInParent: Rect(0, 0 - 203, 124); boundsInScreen: Rect(461, 939 - 664, 1063); packageName: android; className: android.widget.ImageButton; text: null; contentDescription: Enter; viewIdResName: android:id/key_enter; checkable: false; checked: false; focusable: true; focused: false; selected: false; clickable: true; longClickable: false; enabled: true; password: false; scrollable: false; [ACTION_FOCUS, ACTION_SELECT, ACTION_CLEAR_SELECTION, ACTION_CLICK, ACTION_ACCESSIBILITY_FOCUS, ACTION_NEXT_AT_MOVEMENT_GRANULARITY, ACTION_PREVIOUS_AT_MOVEMENT_GRANULARITY, ACTION_SET_SELECTION]]
05-22 11:21:18.814 D/InteractionController(16650): clickAndWaitForNewWindow(562, 1001)
05-22 11:21:19.111 V/LauncherApplication(14465): onActivityStarted
05-22 11:21:19.111 D/PhoneStatusBar(  448): disable: < expand* icons alerts ticker* system_info BACK HOME recent* CLOCK search* >
05-22 11:21:19.119 V/WiseDownloadConditionControler(11077): checkCondition  type : WISE_DOWNLOAD  inerrupting: true
05-22 11:21:19.127 D/        (14465): [---null: -1---]     awsa  onActivityResumed
05-22 11:21:19.135 V/LauncherApplication(14465): 2MdmConstant.LAST_LAUNCH_TIME = 1400728835187
05-22 11:21:19.244 D/        (14465): [---null: -1---]  activity = com.pekall.emdm.launcher.Launcher
05-22 11:21:19.252 V/DefultSetContriller(14465): isLauncherDf = com.pekall.emdm.launcher
05-22 11:21:19.252 V/DefultSetContriller(14465): isPhoneDf = com.pekall.emdm.launcher
05-22 11:21:19.260 E/LauncherApplication(14465): isShowLogoutUI = true
05-22 11:21:19.260 E/LauncherApplication(14465): LogoutShowTime 1
05-22 11:21:19.260 V/Launcher(14465): onResume1111111 
05-22 11:21:19.260 V/Launcher(14465): is login ----> 
05-22 11:21:19.260 I/System.out(14465):  
05-22 11:21:19.260 I/System.out(14465): com.pekall.emdm.launcher.Workspace.setWallpaper(Unknown Source)
05-22 11:21:19.260 I/System.out(14465): com.pekall.emdm.launcher.Launcher.onResume(Unknown Source)
05-22 11:21:19.267 I/System.out(14465): android.app.Instrumentation.callActivityOnResume(Instrumentation.java:1192)
05-22 11:21:19.267 I/System.out(14465): android.app.Activity.performResume(Activity.java:5211)
05-22 11:21:19.267 I/System.out(14465): android.app.ActivityThread.performResumeActivity(ActivityThread.java:2780)
05-22 11:21:19.267 I/System.out(14465): android.app.ActivityThread.handleResumeActivity(ActivityThread.java:2819)
05-22 11:21:19.267 I/System.out(14465): android.app.ActivityThread$H.handleMessage(ActivityThread.java:1298)
05-22 11:21:19.267 I/System.out(14465): android.os.Handler.dispatchMessage(Handler.java:99)
05-22 11:21:19.267 I/System.out(14465): android.os.Looper.loop(Looper.java:137)
05-22 11:21:19.267 I/System.out(14465): android.app.ActivityThread.main(ActivityThread.java:5103)
05-22 11:21:19.267 I/System.out(14465): java.lang.reflect.Method.invokeNative(Native Method)
05-22 11:21:19.267 I/System.out(14465): java.lang.reflect.Method.invoke(Method.java:525)
05-22 11:21:19.267 I/System.out(14465): com.android.internal.os.ZygoteInit$MethodAndArgsCaller.run(ZygoteInit.java:737)
05-22 11:21:19.267 I/System.out(14465): com.android.internal.os.ZygoteInit.main(ZygoteInit.java:553)
05-22 11:21:19.267 I/System.out(14465): dalvik.system.NativeStart.main(Native Method)
05-22 11:21:19.267 D/PhoneStatusBar(  448): disable: < expand icons alerts ticker system_info back* home* recent clock* search >
05-22 11:21:19.455 I/uninstall(11077): SelfUninstallManager -> initUninstallTask
05-22 11:21:19.463 I/uninstall(11077): initUninstallTask init is running, return
05-22 11:21:19.525 D/dalvikvm(14465): JIT unchain all for threadid=11
05-22 11:21:19.541 D/NfcService(  568): NFC-C ON
05-22 11:21:19.549 W/Parcel  ( 1661): Attempt to read object from Parcel 0x6013bdac at offset 200 that is not in the object list
05-22 11:21:19.619 V/TAG     (  374): bug 7643792: fitSystemWindows([0,50][0,0])
05-22 11:21:19.627 D/dalvikvm(14465): GC_FOR_ALLOC freed 4808K, 24% free 30689K/40040K, paused 327ms, total 350ms
05-22 11:21:19.642 I/dalvikvm-heap(14465): Grow heap (frag case) to 33.329MB for 3415696-byte allocation
05-22 11:21:19.892 D/dalvikvm(14465): JIT unchain all for threadid=11
05-22 11:21:19.963 D/dalvikvm(14465): GC_FOR_ALLOC freed 1K, 22% free 34023K/43376K, paused 315ms, total 315ms
05-22 11:21:20.135 I/Choreographer(14465): Skipped 50 frames!  The application may be doing too much work on its main thread.
05-22 11:21:20.236 W/InputMethodManagerService(  374): Window already focused, ignoring focus gain of: com.android.internal.view.IInputMethodClient$Stub$Proxy@429e6b20 attribute=android.view.inputmethod.EditorInfo@426f3de0, token = android.os.BinderProxy@42853a20
05-22 11:21:20.799 I/ActivityManager(  374): Process com.google.android.apps.maps:LocationFriendService (pid 15755) has died.
05-22 11:21:20.924 I/QueryController(16650): Matched selector: UiSelector[PACKAGE NAME=com.pekall.emdm.launcher] <<==>> [android.view.accessibility.AccessibilityNodeInfo@37a71; boundsInParent: Rect(0, 0 - 720, 1184); boundsInScreen: Rect(0, 0 - 720, 1184); packageName: com.pekall.emdm.launcher; className: android.widget.FrameLayout; text: null; contentDescription: null; viewIdResName: null; checkable: false; checked: false; focusable: false; focused: false; selected: false; clickable: false; longClickable: false; enabled: true; password: false; scrollable: false; [ACTION_SELECT, ACTION_CLEAR_SELECTION, ACTION_ACCESSIBILITY_FOCUS]]
05-22 11:21:20.947 I/QueryController(16650): Matched selector: UiSelector[TEXT=Personal Mode, CLASS=android.widget.TextView, PACKAGE NAME=com.pekall.emdm.launcher] <<==>> [android.view.accessibility.AccessibilityNodeInfo@3be03; boundsInParent: Rect(0, 0 - 160, 200); boundsInScreen: Rect(190, 608 - 350, 808); packageName: com.pekall.emdm.launcher; className: android.widget.TextView; text: Personal Mode; contentDescription: null; viewIdResName: null; checkable: false; checked: false; focusable: false; focused: false; selected: false; clickable: true; longClickable: true; enabled: true; password: false; scrollable: false; [ACTION_SELECT, ACTION_CLEAR_SELECTION, ACTION_CLICK, ACTION_LONG_CLICK, ACTION_ACCESSIBILITY_FOCUS, ACTION_NEXT_AT_MOVEMENT_GRANULARITY, ACTION_PREVIOUS_AT_MOVEMENT_GRANULARITY, ACTION_SET_SELECTION]]
05-22 11:21:20.963 I/QueryController(16650): Matched selector: UiSelector[TEXT=Personal Mode, CLASS=android.widget.TextView, PACKAGE NAME=com.pekall.emdm.launcher] <<==>> [android.view.accessibility.AccessibilityNodeInfo@3be03; boundsInParent: Rect(0, 0 - 160, 200); boundsInScreen: Rect(190, 608 - 350, 808); packageName: com.pekall.emdm.launcher; className: android.widget.TextView; text: Personal Mode; contentDescription: null; viewIdResName: null; checkable: false; checked: false; focusable: false; focused: false; selected: false; clickable: true; longClickable: true; enabled: true; password: false; scrollable: false; [ACTION_SELECT, ACTION_CLEAR_SELECTION, ACTION_CLICK, ACTION_LONG_CLICK, ACTION_ACCESSIBILITY_FOCUS, ACTION_NEXT_AT_MOVEMENT_GRANULARITY, ACTION_PREVIOUS_AT_MOVEMENT_GRANULARITY, ACTION_SET_SELECTION]]
05-22 11:21:20.994 I/AndroidRuntime(16650): VM exiting with result code 0.
05-22 11:21:22.767 I/RootJni (16713): su: permission denied
05-22 11:21:22.806 D/AndroidRuntime(16716): 
05-22 11:21:22.806 D/AndroidRuntime(16716): >>>>>> AndroidRuntime START com.android.internal.os.RuntimeInit <<<<<<
05-22 11:21:22.806 D/AndroidRuntime(16716): CheckJNI is OFF
05-22 11:21:22.814 D/dalvikvm(16716): Trying to load lib libjavacore.so 0x0
05-22 11:21:22.822 D/dalvikvm(16716): Added shared lib libjavacore.so 0x0
05-22 11:21:22.830 D/dalvikvm(16716): Trying to load lib libnativehelper.so 0x0
05-22 11:21:22.830 D/dalvikvm(16716): Added shared lib libnativehelper.so 0x0
05-22 11:21:23.056 D/AndroidRuntime(16716): Calling main entry com.android.commands.uiautomator.Launcher
05-22 11:21:23.103 D/dalvikvm(16716): Note: class Landroid/app/ActivityManagerNative; has 163 unimplemented (abstract) methods
05-22 11:21:23.783 V/PanelView(  448): animationTick called with dtms=0; nothing to do (h=0.0 v=4000.0)
05-22 11:21:28.986 W/ActivityManager(  374): Timeout executing service: ServiceRecord{4301b240 u0 com.pekall.emdm.launcher/com.baidu.location.f}
05-22 11:21:29.010 I/Process (  374): Sending signal. PID: 16669 SIG: 3
05-22 11:21:29.010 I/dalvikvm(16669): threadid=3: reacting to signal 3
05-22 11:21:29.033 D/dalvikvm(  448): GC_CONCURRENT freed 1929K, 15% free 13812K/16128K, paused 17ms+9ms, total 100ms
05-22 11:21:29.213 I/Process (  374): Sending signal. PID: 374 SIG: 3
05-22 11:21:29.213 I/dalvikvm(  374): threadid=3: reacting to signal 3
05-22 11:21:29.260 D/dalvikvm(16669): JIT unchain all for threadid=12
05-22 11:21:29.314 I/dalvikvm(16669): Wrote stack traces to '/data/anr/traces.txt'
05-22 11:21:30.838 I/dalvikvm(  374): Wrote stack traces to '/data/anr/traces.txt'
05-22 11:21:30.846 I/Process (  374): Sending signal. PID: 561 SIG: 3
05-22 11:21:30.853 I/dalvikvm(  561): threadid=3: reacting to signal 3
05-22 11:21:30.853 I/Process (  374): Sending signal. PID: 448 SIG: 3
05-22 11:21:30.853 I/dalvikvm(  448): threadid=3: reacting to signal 3
05-22 11:21:30.931 I/dalvikvm(  561): Wrote stack traces to '/data/anr/traces.txt'
05-22 11:21:30.931 I/Process (  374): Sending signal. PID: 568 SIG: 3
05-22 11:21:30.931 I/dalvikvm(  568): threadid=3: reacting to signal 3
05-22 11:21:30.986 I/dalvikvm(  568): Wrote stack traces to '/data/anr/traces.txt'
05-22 11:21:31.549 I/dalvikvm(  448): Wrote stack traces to '/data/anr/traces.txt'
05-22 11:21:31.572 D/dalvikvm(  374): GC_EXPLICIT freed 3659K, 20% free 24130K/30132K, paused 3ms+24ms, total 168ms
05-22 11:21:31.650 D/dalvikvm(  448): GC_CONCURRENT freed 207K, 16% free 13622K/16128K, paused 8ms+4ms, total 86ms
05-22 11:21:32.181 I/Process (  374): Sending signal. PID: 14465 SIG: 3
05-22 11:21:32.181 I/dalvikvm(14465): threadid=3: reacting to signal 3
05-22 11:21:32.377 I/Process (  374): Sending signal. PID: 1661 SIG: 3
05-22 11:21:32.377 I/dalvikvm( 1661): threadid=3: reacting to signal 3
05-22 11:21:32.431 D/dalvikvm(14465): JIT unchain all for threadid=11
05-22 11:21:32.502 I/dalvikvm( 1661): Wrote stack traces to '/data/anr/traces.txt'
05-22 11:21:32.502 E/ActivityManager(  374): ANR in com.pekall.emdm.launcher:remote
05-22 11:21:32.502 E/ActivityManager(  374): Reason: Executing service com.pekall.emdm.launcher/com.baidu.location.f
05-22 11:21:32.502 E/ActivityManager(  374): Load: 2.92 / 1.96 / 1.94
05-22 11:21:32.502 E/ActivityManager(  374): CPU usage from 5049ms to 0ms ago:
05-22 11:21:32.502 E/ActivityManager(  374):   94% 16716/uiautomator: 54% user + 40% kernel / faults: 258 minor
05-22 11:21:32.502 E/ActivityManager(  374):   49% 14465/com.pekall.emdm.launcher: 49% user + 0% kernel
05-22 11:21:32.502 E/ActivityManager(  374):   47% 16669/com.pekall.emdm.launcher:remote: 47% user + 0% kernel
05-22 11:21:32.502 E/ActivityManager(  374):   4.3% 448/com.android.systemui: 3.7% user + 0.5% kernel / faults: 382 minor
05-22 11:21:32.502 E/ActivityManager(  374):   2.1% 374/system_server: 0.5% user + 1.5% kernel / faults: 23 minor
05-22 11:21:32.502 E/ActivityManager(  374):   0.7% 124/surfaceflinger: 0.3% user + 0.3% kernel / faults: 1840 minor
05-22 11:21:32.502 E/ActivityManager(  374):   0.3% 1661/com.qihoo360.mobilesafe:GuardService: 0.3% user + 0% kernel / faults: 15 minor
05-22 11:21:32.502 E/ActivityManager(  374):   0% 13047/kworker/u:0: 0% user + 0% kernel
05-22 11:21:32.502 E/ActivityManager(  374):   0.1% 16480/com.nd.assistance.ServerService: 0.1% user + 0% kernel / faults: 5 minor
05-22 11:21:32.502 E/ActivityManager(  374):   0.1% 16544/kworker/u:4: 0% user + 0.1% kernel
05-22 11:21:32.502 E/ActivityManager(  374): 100% TOTAL: 78% user + 21% kernel
05-22 11:21:32.502 E/ActivityManager(  374): CPU usage from 2586ms to 3132ms later with 99% awake:
05-22 11:21:32.502 E/ActivityManager(  374):   62% 14465/com.pekall.emdm.launcher: 62% user + 0% kernel
05-22 11:21:32.502 E/ActivityManager(  374):     64% 14479/Thread-4935: 64% user + 0% kernel
05-22 11:21:32.502 E/ActivityManager(  374):   51% 16669/com.pekall.emdm.launcher:remote: 51% user + 0% kernel
05-22 11:21:32.502 E/ActivityManager(  374):     51% 16683/Thread-5032: 51% user + 0% kernel
05-22 11:21:32.502 E/ActivityManager(  374):   52% 16716/uiautomator: 32% user + 20% kernel / faults: 192 minor
05-22 11:21:32.502 E/ActivityManager(  374):     49% 16716/uiautomator: 29% user + 20% kernel
05-22 11:21:32.502 E/ActivityManager(  374):     1.8% 16723/Compiler: 1.8% user + 0% kernel
05-22 11:21:32.502 E/ActivityManager(  374):     1.8% 16724/Binder_1: 1.8% user + 0% kernel
05-22 11:21:32.502 E/ActivityManager(  374):     1.8% 16725/Binder_2: 0% user + 1.8% kernel
05-22 11:21:32.502 E/ActivityManager(  374):   20% 448/com.android.systemui: 18% user + 1.8% kernel / faults: 56 minor
05-22 11:21:32.502 E/ActivityManager(  374):     16% 448/ndroid.systemui: 16% user + 0% kernel
05-22 11:21:32.502 E/ActivityManager(  374):     3.7% 453/GC: 3.7% user + 0% kernel
05-22 11:21:32.502 E/ActivityManager(  374):   9.2% 374/system_server: 5.5% user + 3.7% kernel / faults: 21 minor
05-22 11:21:32.502 E/ActivityManager(  374):     5.5% 390/ActivityManager: 3.7% user + 1.8% kernel
05-22 11:21:32.502 E/ActivityManager(  374):   1.1% 1661/com.qihoo360.mobilesafe:GuardService: 0% user + 1.1% kernel / faults: 1 minor
05-22 11:21:32.502 E/ActivityManager(  374):     1.1% 1661/fe:GuardService: 0% user + 1.1% kernel
05-22 11:21:32.502 E/ActivityManager(  374): 100% TOTAL: 86% user + 13% kernel
05-22 11:21:32.510 W/ActivityManager(  374): Killing ProcessRecord{4228e1e8 16669:com.pekall.emdm.launcher:remote/u0a10066}: background ANR
05-22 11:21:32.556 I/ActivityManager(  374): Process com.pekall.emdm.launcher:remote (pid 16669) has died.
05-22 11:21:32.556 W/ActivityManager(  374): Scheduling restart of crashed service com.pekall.emdm.launcher/com.baidu.location.f in 5120000ms
05-22 11:21:32.666 D/MdmService(14465): [null:-1]->receiver action :com.pekall.mdm.action.MDM_ALARM
05-22 11:21:32.666 D/MdmService(14465): [null:-1]->keepAliveWithPushServer client is opened:true
05-22 11:21:32.666 D/MDM :   (14465): [null:-1]->ping!!!!!!!!!
05-22 11:21:32.674 I/dalvikvm(14465): Wrote stack traces to '/data/anr/traces.txt'
05-22 11:21:32.674 D/MdmService(14465): [null:-1]->pushUrl : ws://test.mdm.everknow.cn:9090/websocket
05-22 11:21:32.681 D/MDM :   (14465): [null:-1]->mMdmPushClient is :not null
05-22 11:21:32.681 D/MDM :   (14465): [null:-1]->mMdmPushClient opened : opened
05-22 11:21:32.681 D/ExchangeService(14465): !!! EAS ExchangeService, onDestroy
05-22 11:21:32.689 D/ProfileManager(14465): [null:-1]->check policy checking :false
05-22 11:21:32.689 D/com.pekall.restrictions.policy(14465): [null:-1]->allowBluetooth : null
05-22 11:21:32.697 D/com.pekall.restrictions.policy(14465): [null:-1]->ensureSimulateLocation :null
05-22 11:21:32.697 D/com.pekall.restrictions.policy(14465): [null:-1]->allowUseNetworkDate : null
05-22 11:21:32.697 E/DatabaseUtils(  374): Writing exception to parcel
05-22 11:21:32.697 E/DatabaseUtils(  374): java.lang.SecurityException: Permission denial: writing to secure settings requires android.permission.WRITE_SECURE_SETTINGS
05-22 11:21:32.697 E/DatabaseUtils(  374): 	at com.android.providers.settings.SettingsProvider.checkWritePermissions(SettingsProvider.java:279)
05-22 11:21:32.697 E/DatabaseUtils(  374): 	at com.android.providers.settings.SettingsProvider.insertForUser(SettingsProvider.java:897)
05-22 11:21:32.697 E/DatabaseUtils(  374): 	at com.android.providers.settings.SettingsProvider.callFromPackage(SettingsProvider.java:634)
05-22 11:21:32.697 E/DatabaseUtils(  374): 	at android.content.ContentProvider$Transport.call(ContentProvider.java:279)
05-22 11:21:32.697 E/DatabaseUtils(  374): 	at android.content.ContentProviderNative.onTransact(ContentProviderNative.java:273)
05-22 11:21:32.697 E/DatabaseUtils(  374): 	at android.os.Binder.execTransact(Binder.java:388)
05-22 11:21:32.697 E/DatabaseUtils(  374): 	at dalvik.system.NativeStart.run(Native Method)
05-22 11:21:32.705 D/MDM :   (14465): [null:-1]->MSG_WEBSOCKET_PONG
05-22 11:21:32.713 D/com.pekall.restrictions.policy(14465): [null:-1]->allowUseNetworkDate error
05-22 11:21:32.713 D/com.pekall.restrictions.policy(14465): java.lang.SecurityException: Permission denial: writing to secure settings requires android.permission.WRITE_SECURE_SETTINGS
05-22 11:21:32.713 D/com.pekall.restrictions.policy(14465): 	at android.os.Parcel.readException(Parcel.java:1431)
05-22 11:21:32.713 D/com.pekall.restrictions.policy(14465): 	at android.database.DatabaseUtils.readExceptionFromParcel(DatabaseUtils.java:185)
05-22 11:21:32.713 D/com.pekall.restrictions.policy(14465): 	at android.database.DatabaseUtils.readExceptionFromParcel(DatabaseUtils.java:137)
05-22 11:21:32.713 D/com.pekall.restrictions.policy(14465): 	at android.content.ContentProviderProxy.call(ContentProviderNative.java:602)
05-22 11:21:32.713 D/com.pekall.restrictions.policy(14465): 	at android.provider.Settings$NameValueCache.putStringForUser(Settings.java:818)
05-22 11:21:32.713 D/com.pekall.restrictions.policy(14465): 	at android.provider.Settings$Global.putStringForUser(Settings.java:5529)
05-22 11:21:32.713 D/com.pekall.restrictions.policy(14465): 	at android.provider.Settings$Global.putString(Settings.java:5519)
05-22 11:21:32.713 D/com.pekall.restrictions.policy(14465): 	at android.provider.Settings$Global.putInt(Settings.java:5607)
05-22 11:21:32.713 D/com.pekall.restrictions.policy(14465): 	at com.pekall.emdm.b.c.b.j.c(Unknown Source)
05-22 11:21:32.713 D/com.pekall.restrictions.policy(14465): 	at com.pekall.emdm.b.c.b.j.h(Unknown Source)
05-22 11:21:32.713 D/com.pekall.restrictions.policy(14465): 	at com.pekall.emdm.b.c.e.run(Unknown Source)
05-22 11:21:32.721 D/com.pekall.restrictions.policy(14465): [null:-1]->allowNFC : null
05-22 11:21:32.721 D/InnerClass(14465): [null:-1]->enableNfc : 
05-22 11:21:32.721 D/InnerClass(14465): java.lang.reflect.InvocationTargetException
05-22 11:21:32.721 D/InnerClass(14465): 	at java.lang.reflect.Method.invokeNative(Native Method)
05-22 11:21:32.721 D/InnerClass(14465): 	at java.lang.reflect.Method.invoke(Method.java:525)
05-22 11:21:32.721 D/InnerClass(14465): 	at com.pekall.emdm.c.i.a(Unknown Source)
05-22 11:21:32.721 D/InnerClass(14465): 	at com.pekall.emdm.c.c.a(Unknown Source)
05-22 11:21:32.721 D/InnerClass(14465): 	at com.pekall.emdm.b.c.b.j.b(Unknown Source)
05-22 11:21:32.721 D/InnerClass(14465): 	at com.pekall.emdm.b.c.b.j.h(Unknown Source)
05-22 11:21:32.721 D/InnerClass(14465): 	at com.pekall.emdm.b.c.e.run(Unknown Source)
05-22 11:21:32.721 D/InnerClass(14465): Caused by: java.lang.SecurityException: WRITE_SECURE_SETTINGS permission required: Neither user 10066 nor current process has android.permission.WRITE_SECURE_SETTINGS.
05-22 11:21:32.721 D/InnerClass(14465): 	at android.os.Parcel.readException(Parcel.java:1431)
05-22 11:21:32.721 D/InnerClass(14465): 	at android.os.Parcel.readException(Parcel.java:1385)
05-22 11:21:32.721 D/InnerClass(14465): 	at android.nfc.INfcAdapter$Stub$Proxy.disable(INfcAdapter.java:252)
05-22 11:21:32.721 D/InnerClass(14465): 	at android.nfc.NfcAdapter.disable(NfcAdapter.java:574)
05-22 11:21:32.721 D/InnerClass(14465): 	... 7 more
05-22 11:21:41.041 W/MountService(  374): getVolumeState(/storage/emulated/0/external_sd): Unknown volume
05-22 11:21:41.041 W/MountService(  374): getVolumeState(/mnt/sdcard-ext): Unknown volume
05-22 11:21:41.072 W/MountService(  374): getVolumeState(/mnt/ext_sdcard): Unknown volume
05-22 11:21:41.080 W/MountService(  374): getVolumeState(/mnt/sdcard2): Unknown volume
05-22 11:21:41.080 W/MountService(  374): getVolumeState(/mnt/emmc): Unknown volume
05-22 11:21:41.096 W/MountService(  374): getVolumeState(/mnt/extSdCard): Unknown volume
05-22 11:21:41.096 W/MountService(  374): getVolumeState(/mnt/sdcard/SD_CARD): Unknown volume
05-22 11:21:41.127 W/MountService(  374): getVolumeState(/mnt/sdcard/extra_sd): Unknown volume
05-22 11:21:41.127 W/MountService(  374): getVolumeState(/mnt/extrasd_bind): Unknown volume
05-22 11:21:41.127 W/MountService(  374): getVolumeState(/mnt/sdcard/ext_sd): Unknown volume
05-22 11:21:41.135 W/MountService(  374): getVolumeState(/storage/extSdCard): Unknown volume
05-22 11:21:41.135 W/MountService(  374): getVolumeState(/storage/sdcard1): Unknown volume
05-22 11:21:41.174 W/MountService(  374): getVolumeState(/mnt/sdcard/external_SD): Unknown volume
05-22 11:21:41.174 W/MountService(  374): getVolumeState(/mnt/sdcard/external_sd): Unknown volume
05-22 11:21:42.830 D/dalvikvm( 1468): GC_CONCURRENT freed 430K, 21% free 9997K/12512K, paused 110ms+5ms, total 1547ms
05-22 11:21:43.236 D/LightsService(  374): Excessive delay setting light: 63ms
05-22 11:21:43.338 D/dalvikvm( 1661): GC_CONCURRENT freed 1245K, 18% free 13107K/15888K, paused 2ms+3ms, total 84ms
05-22 11:21:43.471 D/LightsService(  374): Excessive delay setting light: 102ms
05-22 11:21:43.666 D/LightsService(  374): Excessive delay setting light: 156ms
05-22 11:21:44.299 W/MountService(  374): getVolumeState(/storage/emulated/0/external_sd): Unknown volume
05-22 11:21:44.314 W/MountService(  374): getVolumeState(/mnt/sdcard-ext): Unknown volume
05-22 11:21:44.314 W/MountService(  374): getVolumeState(/mnt/ext_sdcard): Unknown volume
05-22 11:21:44.322 W/MountService(  374): getVolumeState(/mnt/sdcard2): Unknown volume
05-22 11:21:44.338 W/MountService(  374): getVolumeState(/mnt/emmc): Unknown volume
05-22 11:21:44.338 W/MountService(  374): getVolumeState(/mnt/extSdCard): Unknown volume
05-22 11:21:44.338 W/MountService(  374): getVolumeState(/mnt/sdcard/SD_CARD): Unknown volume
05-22 11:21:44.353 W/MountService(  374): getVolumeState(/mnt/sdcard/extra_sd): Unknown volume
05-22 11:21:44.385 W/MountService(  374): getVolumeState(/mnt/extrasd_bind): Unknown volume
05-22 11:21:44.385 W/MountService(  374): getVolumeState(/mnt/sdcard/ext_sd): Unknown volume
05-22 11:21:44.400 W/MountService(  374): getVolumeState(/storage/extSdCard): Unknown volume
05-22 11:21:44.416 W/MountService(  374): getVolumeState(/storage/sdcard1): Unknown volume
05-22 11:21:44.431 W/MountService(  374): getVolumeState(/mnt/sdcard/external_SD): Unknown volume
05-22 11:21:44.455 W/MountService(  374): getVolumeState(/mnt/sdcard/external_sd): Unknown volume
05-22 11:21:44.869 D/dalvikvm( 1468): GC_CONCURRENT freed 508K, 21% free 10000K/12512K, paused 149ms+191ms, total 891ms
05-22 11:21:44.869 D/dalvikvm( 1468): WAIT_FOR_CONCURRENT_GC blocked 398ms
05-22 11:21:44.885 D/dalvikvm( 1468): WAIT_FOR_CONCURRENT_GC blocked 341ms
05-22 11:21:49.111 I/PowerManagerService(  374): Going to sleep due to screen timeout...
05-22 11:21:49.666 D/dalvikvm(11404): GC_CONCURRENT freed 397K, 7% free 9399K/10000K, paused 9ms+1ms, total 612ms
05-22 11:21:49.783 D/LauncherApplication(14465): [null:-1]->onActivityPaused
05-22 11:21:49.822 D/LauncherApplication(14465): [null:-1]->onActivityPaused  updateTime
05-22 11:21:49.908 W/Parcel  ( 1661): Attempt to read object from Parcel 0x5ded3dac at offset 200 that is not in the object list
05-22 11:21:49.931 W/InputMethodManagerService(  374): Window already focused, ignoring focus gain of: com.android.internal.view.IInputMethodClient$Stub$Proxy@42274200 attribute=android.view.inputmethod.EditorInfo@4308bf88, token = android.os.BinderProxy@42853a20
05-22 11:21:50.017 V/WiseDownloadConditionControler(11077): checkCondition  type : TODAY_LAUNCHED_USER  inerrupting: false
05-22 11:21:50.033 V/MDM :   (14465): [null:-1]->Screen receiver is called.
05-22 11:21:50.049 W/Parcel  ( 1661): Attempt to read object from Parcel 0x5ec3bdac at offset 200 that is not in the object list
05-22 11:21:50.096 W/Parcel  ( 1661): Attempt to read object from Parcel 0x5ded3dac at offset 200 that is not in the object list
05-22 11:21:50.166 D/LightsService(  374): Excessive delay setting light: 384ms
05-22 11:21:50.431 D/SurfaceFlinger(  124): Screen released, type=0 flinger=0x40e95478
05-22 11:21:50.431 D/SurfaceControl(  374): Excessive delay in blankDisplay() while turning screen off: 133ms
05-22 11:21:50.455 D/NfcService(  568): NFC-C OFF, disconnect
05-22 11:21:53.713 I/PowerManagerService(  374): Waking up from sleep...
05-22 11:21:53.721 I/WindowManager(  374): No lock screen!
05-22 11:21:53.775 V/LauncherApplication(14465): onActivityStarted
05-22 11:21:53.783 D/        (14465): [---null: -1---]     awsa  onActivityResumed
05-22 11:21:53.783 V/LauncherApplication(14465): 2MdmConstant.LAST_LAUNCH_TIME = 1400728909830
05-22 11:21:53.806 D/        (14465): [---null: -1---]  activity = com.pekall.emdm.launcher.Launcher
05-22 11:21:53.814 V/DefultSetContriller(14465): isLauncherDf = com.pekall.emdm.launcher
05-22 11:21:53.814 V/DefultSetContriller(14465): isPhoneDf = com.pekall.emdm.launcher
05-22 11:21:53.822 E/LauncherApplication(14465): isShowLogoutUI = true
05-22 11:21:53.822 E/LauncherApplication(14465): LogoutShowTime 1
05-22 11:21:53.822 V/Launcher(14465): onResume1111111 
05-22 11:21:53.822 V/Launcher(14465): is login ----> 
05-22 11:21:53.830 I/System.out(14465):  
05-22 11:21:53.838 I/System.out(14465): com.pekall.emdm.launcher.Workspace.setWallpaper(Unknown Source)
05-22 11:21:53.838 I/System.out(14465): com.pekall.emdm.launcher.Launcher.onResume(Unknown Source)
05-22 11:21:53.838 I/System.out(14465): android.app.Instrumentation.callActivityOnResume(Instrumentation.java:1192)
05-22 11:21:53.838 I/System.out(14465): android.app.Activity.performResume(Activity.java:5211)
05-22 11:21:53.838 I/System.out(14465): android.app.ActivityThread.performResumeActivity(ActivityThread.java:2780)
05-22 11:21:53.838 I/System.out(14465): android.app.ActivityThread.handleResumeActivity(ActivityThread.java:2819)
05-22 11:21:53.838 I/System.out(14465): android.app.ActivityThread$H.handleMessage(ActivityThread.java:1298)
05-22 11:21:53.838 I/System.out(14465): android.os.Handler.dispatchMessage(Handler.java:99)
05-22 11:21:53.846 I/System.out(14465): android.os.Looper.loop(Looper.java:137)
05-22 11:21:53.846 I/System.out(14465): android.app.ActivityThread.main(ActivityThread.java:5103)
05-22 11:21:53.846 I/System.out(14465): java.lang.reflect.Method.invokeNative(Native Method)
05-22 11:21:53.846 I/System.out(14465): java.lang.reflect.Method.invoke(Method.java:525)
05-22 11:21:53.846 I/System.out(14465): com.android.internal.os.ZygoteInit$MethodAndArgsCaller.run(ZygoteInit.java:737)
05-22 11:21:53.853 I/System.out(14465): com.android.internal.os.ZygoteInit.main(ZygoteInit.java:553)
05-22 11:21:53.853 I/System.out(14465): dalvik.system.NativeStart.main(Native Method)
05-22 11:21:53.908 D/NfcService(  568): NFC-C ON
05-22 11:21:53.931 W/Parcel  ( 1661): Attempt to read object from Parcel 0x5dfd3dac at offset 200 that is not in the object list
05-22 11:21:53.939 W/Parcel  ( 1661): Attempt to read object from Parcel 0x5ec3bdac at offset 200 that is not in the object list
05-22 11:21:54.041 V/WiseDownloadConditionControler(11077): checkCondition  type : WISE_DOWNLOAD  inerrupting: true
05-22 11:21:54.080 D/PowerManagerService-JNI(  374): Excessive delay in autosuspend_disable() while turning screen on: 353ms
05-22 11:21:54.080 D/SurfaceFlinger(  124): Screen acquired, type=0 flinger=0x40e95478
05-22 11:21:54.088 V/DigitalWidgetViewsFactory(16338): DigitalWidget sets next alarm string to null
05-22 11:21:54.103 D/dalvikvm(14465): JIT unchain all for threadid=11
05-22 11:21:54.197 D/LightsService(  374): Excessive delay setting light: 56ms
05-22 11:21:54.228 D/dalvikvm(14465): GC_FOR_ALLOC freed 3687K, 30% free 30621K/43376K, paused 371ms, total 375ms
05-22 11:21:54.369 I/Choreographer(14465): Skipped 33 frames!  The application may be doing too much work on its main thread.
05-22 11:21:55.072 V/PanelView(  448): animationTick called with dtms=0; nothing to do (h=0.0 v=4000.0)
05-22 11:21:55.103 D/SizeAdaptiveLayout(  448): com.android.internal.widget.SizeAdaptiveLayout{4267ddf0 V.E..... ......I. 0,0-720,128 #7f070058 app:id/adaptive}child view android.widget.RelativeLayout{42764960 V.E..... ......I. 0,0-720,124} measured out of bounds at 124px clamped to 128px
05-22 11:21:55.119 D/SizeAdaptiveLayout(  448): com.android.internal.widget.SizeAdaptiveLayout{42520e48 V.E..... ......I. 0,0-720,128 #7f070058 app:id/adaptive}child view android.widget.RelativeLayout{423018a8 V.E..... ......I. 0,0-720,122} measured out of bounds at 122px clamped to 128px
05-22 11:21:55.236 D/SizeAdaptiveLayout(  448): com.android.internal.widget.SizeAdaptiveLayout{4267ddf0 V.E..... ......I. 0,0-720,128 #7f070058 app:id/adaptive}child view android.widget.RelativeLayout{42764960 V.E..... ......I. 0,0-720,124} measured out of bounds at 124px clamped to 128px
05-22 11:21:55.260 D/SizeAdaptiveLayout(  448): com.android.internal.widget.SizeAdaptiveLayout{42520e48 V.E..... ......I. 0,0-720,128 #7f070058 app:id/adaptive}child view android.widget.RelativeLayout{423018a8 V.E..... ......I. 0,0-720,122} measured out of bounds at 122px clamped to 128px
05-22 11:22:03.947 D/dalvikvm(  448): GC_CONCURRENT freed 974K, 13% free 14104K/16128K, paused 2ms+12ms, total 49ms
05-22 11:22:12.494 D/dalvikvm(16480): GC_CONCURRENT freed 341K, 5% free 9148K/9536K, paused 84ms+1ms, total 569ms
05-22 11:22:17.830 D/LightsService(  374): Excessive delay setting light: 97ms
05-22 11:22:17.916 D/LightsService(  374): Excessive delay setting light: 88ms
05-22 11:22:18.791 D/dalvikvm(16716): GC_FOR_ALLOC freed 7601K, 93% free 590K/8192K, paused 40ms, total 40ms
05-22 11:22:18.931 D/dalvikvm(16716): GC_CONCURRENT freed 260K, 91% free 759K/8192K, paused 0ms+0ms, total 7ms
05-22 11:22:21.064 D/dalvikvm( 1661): GC_EXPLICIT freed 1156K, 18% free 13090K/15888K, paused 2ms+4ms, total 90ms
05-22 11:22:23.713 I/PowerManagerService(  374): Going to sleep due to screen timeout...
05-22 11:22:23.721 I/PowerManagerService(  374): Waking up from sleep...
05-22 11:22:23.806 D/dalvikvm(  374): GC_FOR_ALLOC freed 3314K, 22% free 23560K/30132K, paused 80ms, total 82ms
05-22 11:22:23.814 D/LauncherApplication(14465): [null:-1]->onActivityPaused
05-22 11:22:23.892 D/LauncherApplication(14465): [null:-1]->onActivityPaused  updateTime
05-22 11:22:23.955 W/Parcel  ( 1661): Attempt to read object from Parcel 0x5ec3bdac at offset 200 that is not in the object list
05-22 11:22:23.955 D/NfcService(  568): NFC-C OFF, disconnect
05-22 11:22:23.994 W/InputMethodManagerService(  374): Window already focused, ignoring focus gain of: com.android.internal.view.IInputMethodClient$Stub$Proxy@42fb8f28 attribute=android.view.inputmethod.EditorInfo@4300d430, token = android.os.BinderProxy@42853a20
05-22 11:22:24.025 V/WiseDownloadConditionControler(11077): checkCondition  type : TODAY_LAUNCHED_USER  inerrupting: false
05-22 11:22:24.064 V/MDM :   (14465): [null:-1]->Screen receiver is called.
05-22 11:22:24.072 W/Parcel  ( 1661): Attempt to read object from Parcel 0x5dfd3dac at offset 200 that is not in the object list
05-22 11:22:24.096 V/LauncherApplication(14465): onActivityStarted
05-22 11:22:24.096 I/WindowManager(  374): No lock screen!
05-22 11:22:24.103 D/        (14465): [---null: -1---]     awsa  onActivityResumed
05-22 11:22:24.103 V/LauncherApplication(14465): 2MdmConstant.LAST_LAUNCH_TIME = 1400728943897
05-22 11:22:24.142 D/        (14465): [---null: -1---]  activity = com.pekall.emdm.launcher.Launcher
05-22 11:22:24.142 V/DefultSetContriller(14465): isLauncherDf = com.pekall.emdm.launcher
05-22 11:22:24.150 V/DefultSetContriller(14465): isPhoneDf = com.pekall.emdm.launcher
05-22 11:22:24.150 E/LauncherApplication(14465): isShowLogoutUI = true
05-22 11:22:24.150 E/LauncherApplication(14465): LogoutShowTime 1
05-22 11:22:24.150 V/Launcher(14465): onResume1111111 
05-22 11:22:24.150 V/Launcher(14465): is login ----> 
05-22 11:22:24.150 I/System.out(14465):  
05-22 11:22:24.158 I/System.out(14465): com.pekall.emdm.launcher.Workspace.setWallpaper(Unknown Source)
05-22 11:22:24.158 I/System.out(14465): com.pekall.emdm.launcher.Launcher.onResume(Unknown Source)
05-22 11:22:24.158 I/System.out(14465): android.app.Instrumentation.callActivityOnResume(Instrumentation.java:1192)
05-22 11:22:24.158 I/System.out(14465): android.app.Activity.performResume(Activity.java:5211)
05-22 11:22:24.166 I/System.out(14465): android.app.ActivityThread.performResumeActivity(ActivityThread.java:2780)
05-22 11:22:24.166 I/System.out(14465): android.app.ActivityThread.handleResumeActivity(ActivityThread.java:2819)
05-22 11:22:24.166 I/System.out(14465): android.app.ActivityThread$H.handleMessage(ActivityThread.java:1298)
05-22 11:22:24.166 I/System.out(14465): android.os.Handler.dispatchMessage(Handler.java:99)
05-22 11:22:24.166 I/System.out(14465): android.os.Looper.loop(Looper.java:137)
05-22 11:22:24.166 I/System.out(14465): android.app.ActivityThread.main(ActivityThread.java:5103)
05-22 11:22:24.166 I/System.out(14465): java.lang.reflect.Method.invokeNative(Native Method)
05-22 11:22:24.166 I/System.out(14465): java.lang.reflect.Method.invoke(Method.java:525)
05-22 11:22:24.166 I/System.out(14465): com.android.internal.os.ZygoteInit$MethodAndArgsCaller.run(ZygoteInit.java:737)
05-22 11:22:24.166 I/System.out(14465): com.android.internal.os.ZygoteInit.main(ZygoteInit.java:553)
05-22 11:22:24.166 I/System.out(14465): dalvik.system.NativeStart.main(Native Method)
05-22 11:22:24.221 W/Parcel  ( 1661): Attempt to read object from Parcel 0x5ded3dac at offset 200 that is not in the object list
05-22 11:22:24.228 W/Parcel  ( 1661): Attempt to read object from Parcel 0x6003bdac at offset 200 that is not in the object list
05-22 11:22:24.244 D/LightsService(  374): Excessive delay setting light: 67ms
05-22 11:22:24.291 D/dalvikvm(16716): GC_CONCURRENT freed 549K, 88% free 593K/4860K, paused 2ms+1ms, total 6ms
05-22 11:22:24.322 V/WiseDownloadConditionControler(11077): checkCondition  type : WISE_DOWNLOAD  inerrupting: true
05-22 11:22:24.369 V/DigitalWidgetViewsFactory(16338): DigitalWidget sets next alarm string to null
05-22 11:22:24.408 D/LightsService(  374): Excessive delay setting light: 162ms
05-22 11:22:24.424 D/dalvikvm(14465): JIT unchain all for threadid=11
05-22 11:22:24.494 D/dalvikvm(14465): GC_FOR_ALLOC freed 3450K, 24% free 30617K/40040K, paused 322ms, total 322ms
05-22 11:22:24.510 I/dalvikvm-heap(14465): Grow heap (frag case) to 33.258MB for 3415696-byte allocation
05-22 11:22:24.564 D/LightsService(  374): Excessive delay setting light: 66ms
05-22 11:22:24.627 D/LightsService(  374): Excessive delay setting light: 62ms
05-22 11:22:24.767 D/dalvikvm(14465): JIT unchain all for threadid=11
05-22 11:22:24.830 D/dalvikvm(14465): GC_FOR_ALLOC freed 1K, 22% free 33951K/43376K, paused 313ms, total 313ms
05-22 11:22:24.947 I/Choreographer(14465): Skipped 49 frames!  The application may be doing too much work on its main thread.
05-22 11:22:25.017 D/NfcService(  568): NFC-C ON
05-22 11:22:25.611 V/PanelView(  448): animationTick called with dtms=0; nothing to do (h=0.0 v=4000.0)
05-22 11:22:25.674 D/SizeAdaptiveLayout(  448): com.android.internal.widget.SizeAdaptiveLayou