05-21 10:14:09.502 D/        (22378): [---null: -1---]  ScreenWidth  720
05-21 10:14:09.502 D/        (22378): [---null: -1---]  ScreenHeight  1184
05-21 10:14:09.517 D/HomeLoaders(22378): load applications
05-21 10:14:09.517 D/HomeLoaders(22378): loading user items in Thread[main,5,main]
05-21 10:14:09.517 D/HomeLoaders(22378):   --> starting workspace loader
05-21 10:14:09.525 W/Parcel  ( 1661): Attempt to read object from Parcel 0x5ef3bdac at offset 200 that is not in the object list
05-21 10:14:09.525 D/HomeLoaders(22378):   ----> running workspace loader (1)
05-21 10:14:09.525 W/Parcel  ( 1661): Attempt to read object from Parcel 0x5ec3bdac at offset 200 that is not in the object list
05-21 10:14:09.525 D/Email   (22378): Email: init sandbox at the beginning.
05-21 10:14:09.525 V/MyServiceConnection(22378): [SConnection] retry to bind service
05-21 10:14:09.525 V/MyServiceConnection(22378): [SConnection] sandbox service is NOT installed.
05-21 10:14:09.525 V/MyServiceConnection(22378): [SConnection] binding service: pekall.intent.action.SANDBOX_SERVICE
05-21 10:14:09.525 V/l       (22378): Bind requested for task setLogging
05-21 10:14:09.533 W/DocumentManager(22378): Sandbox service is not connected.
05-21 10:14:09.533 D/MessageControllerImpl(22378): controller is null
05-21 10:14:09.533 V/MyServiceConnection(22378): [SConnection] retry to bind service
05-21 10:14:09.533 V/MyServiceConnection(22378): [SConnection] sandbox service is NOT installed.
05-21 10:14:09.533 V/MyServiceConnection(22378): [SConnection] binding service: pekall.intent.action.SANDBOX_SERVICE
05-21 10:14:09.533 D/MessageControllerImpl(22378): controller is null
05-21 10:14:09.533 D/MessageControllerImpl(22378): controller is null
05-21 10:14:09.541 D/MessageControllerImpl(22378): controller is null
05-21 10:14:09.556 V/LauncherApplication(22378): onActivityStarted
05-21 10:14:09.556 D/        (22378): [---null: -1---]     awsa  onActivityResumed
05-21 10:14:09.556 V/LauncherApplication(22378): 2MdmConstant.LAST_LAUNCH_TIME = 0
05-21 10:14:09.564 D/        (22378): [---null: -1---]  activity = com.pekall.emdm.launcher.Launcher
05-21 10:14:09.564 V/LauncherApplication(22378): is not regist
05-21 10:14:09.564 W/Parcel  ( 1661): Attempt to read object from Parcel 0x5ded3dac at offset 200 that is not in the object list
05-21 10:14:09.564 I/ActivityManager(  374): START u0 {cmp=com.pekall.emdm.launcher/com.pekall.emdm.ui.SplashActivity} from pid 22378
05-21 10:14:09.572 E/LauncherApplication(22378): isShowLogoutUI = true
05-21 10:14:09.572 E/LauncherApplication(22378): LogoutShowTime 1
05-21 10:14:09.572 V/Launcher(22378): onResume1111111 
05-21 10:14:09.572 V/Launcher(22378): is logout ----> 
05-21 10:14:09.588 W/WindowManager(  374): Token{42fdb1d0 ActivityRecord{422a8788 u0 com.pekall.emdm.launcher/com.pekall.emdm.ui.SplashActivity}} failed creating starting window
05-21 10:14:09.588 W/WindowManager(  374): android.view.InflateException: Binary XML file line #34: Error inflating class <unknown>
05-21 10:14:09.588 W/WindowManager(  374): 	at android.view.LayoutInflater.createView(LayoutInflater.java:620)
05-21 10:14:09.588 W/WindowManager(  374): 	at com.android.internal.policy.impl.PhoneLayoutInflater.onCreateView(PhoneLayoutInflater.java:56)
05-21 10:14:09.588 W/WindowManager(  374): 	at android.view.LayoutInflater.onCreateView(LayoutInflater.java:669)
05-21 10:14:09.588 W/WindowManager(  374): 	at android.view.LayoutInflater.createViewFromTag(LayoutInflater.java:694)
05-21 10:14:09.588 W/WindowManager(  374): 	at android.view.LayoutInflater.rInflate(LayoutInflater.java:755)
05-21 10:14:09.588 W/WindowManager(  374): 	at android.view.LayoutInflater.inflate(LayoutInflater.java:492)
05-21 10:14:09.588 W/WindowManager(  374): 	at android.view.LayoutInflater.inflate(LayoutInflater.java:397)
05-21 10:14:09.588 W/WindowManager(  374): 	at android.view.LayoutInflater.inflate(LayoutInflater.java:353)
05-21 10:14:09.588 W/WindowManager(  374): 	at com.android.internal.policy.impl.PhoneWindow.generateLayout(PhoneWindow.java:2823)
05-21 10:14:09.588 W/WindowManager(  374): 	at com.android.internal.policy.impl.PhoneWindow.installDecor(PhoneWindow.java:2886)
05-21 10:14:09.588 W/WindowManager(  374): 	at com.android.internal.policy.impl.PhoneWindow.getDecorView(PhoneWindow.java:1581)
05-21 10:14:09.588 W/WindowManager(  374): 	at com.android.internal.policy.impl.PhoneWindowManager.addStartingWindow(PhoneWindowManager.java:1618)
05-21 10:14:09.588 W/WindowManager(  374): 	at com.android.server.wm.WindowManagerService$H.handleMessage(WindowManagerService.java:6908)
05-21 10:14:09.588 W/WindowManager(  374): 	at android.os.Handler.dispatchMessage(Handler.java:99)
05-21 10:14:09.588 W/WindowManager(  374): 	at android.os.Looper.loop(Looper.java:137)
05-21 10:14:09.588 W/WindowManager(  374): 	at android.os.HandlerThread.run(HandlerThread.java:61)
05-21 10:14:09.588 W/WindowManager(  374): Caused by: java.lang.reflect.InvocationTargetException
05-21 10:14:09.588 W/WindowManager(  374): 	at java.lang.reflect.Constructor.constructNative(Native Method)
05-21 10:14:09.588 W/WindowManager(  374): 	at java.lang.reflect.Constructor.newInstance(Constructor.java:417)
05-21 10:14:09.588 W/WindowManager(  374): 	at android.view.LayoutInflater.createView(LayoutInflater.java:594)
05-21 10:14:09.588 W/WindowManager(  374): 	... 15 more
05-21 10:14:09.588 W/WindowManager(  374): Caused by: android.content.res.Resources$NotFoundException: Resource is not a Drawable (color or path): TypedValue{t=0x2/d=0x1010059 a=-1}
05-21 10:14:09.588 W/WindowManager(  374): 	at android.content.res.Resources.loadDrawable(Resources.java:2063)
05-21 10:14:09.588 W/WindowManager(  374): 	at android.content.res.TypedArray.getDrawable(TypedArray.java:601)
05-21 10:14:09.588 W/WindowManager(  374): 	at android.widget.FrameLayout.<init>(FrameLayout.java:109)
05-21 10:14:09.588 W/WindowManager(  374): 	at android.widget.FrameLayout.<init>(FrameLayout.java:97)
05-21 10:14:09.588 W/WindowManager(  374): 	... 18 more
05-21 10:14:09.603 D/dalvikvm(22378): GC_FOR_ALLOC freed 86K, 4% free 13274K/13708K, paused 25ms, total 26ms
05-21 10:14:09.611 I/dalvikvm-heap(22378): Grow heap (frag case) to 16.256MB for 3415696-byte allocation
05-21 10:14:09.627 D/dalvikvm(22378): GC_FOR_ALLOC freed <1K, 3% free 16609K/17044K, paused 19ms, total 19ms
05-21 10:14:09.650 D/LauncherProvider(22378): creating new launcher database
05-21 10:14:09.658 D/LauncherProvider(22378): converting database from an older format, but not onUpgrade
05-21 10:14:09.681 D/dalvikvm(22378): GC_CONCURRENT freed 16K, 3% free 16624K/17044K, paused 3ms+9ms, total 53ms
05-21 10:14:09.760 I/System.out(22378):  
05-21 10:14:09.767 I/System.out(22378): com.pekall.emdm.launcher.Workspace.setWallpaper(Unknown Source)
05-21 10:14:09.767 I/System.out(22378): com.pekall.emdm.launcher.Launcher.onResume(Unknown Source)
05-21 10:14:09.767 I/System.out(22378): android.app.Instrumentation.callActivityOnResume(Instrumentation.java:1192)
05-21 10:14:09.767 I/System.out(22378): android.app.Activity.performResume(Activity.java:5211)
05-21 10:14:09.767 I/System.out(22378): android.app.ActivityThread.performResumeActivity(ActivityThread.java:2780)
05-21 10:14:09.767 I/System.out(22378): android.app.ActivityThread.handleResumeActivity(ActivityThread.java:2819)
05-21 10:14:09.767 I/System.out(22378): android.app.ActivityThread.handleLaunchActivity(ActivityThread.java:2266)
05-21 10:14:09.767 I/System.out(22378): android.app.ActivityThread.access$600(ActivityThread.java:141)
05-21 10:14:09.767 I/System.out(22378): android.app.ActivityThread$H.handleMessage(ActivityThread.java:1256)
05-21 10:14:09.767 I/System.out(22378): android.os.Handler.dispatchMessage(Handler.java:99)
05-21 10:14:09.767 I/System.out(22378): android.os.Looper.loop(Looper.java:137)
05-21 10:14:09.767 I/System.out(22378): android.app.ActivityThread.main(ActivityThread.java:5103)
05-21 10:14:09.767 I/System.out(22378): java.lang.reflect.Method.invokeNative(Native Method)
05-21 10:14:09.767 I/System.out(22378): java.lang.reflect.Method.invoke(Method.java:525)
05-21 10:14:09.767 I/System.out(22378): com.android.internal.os.ZygoteInit$MethodAndArgsCaller.run(ZygoteInit.java:737)
05-21 10:14:09.767 I/System.out(22378): com.android.internal.os.ZygoteInit.main(ZygoteInit.java:553)
05-21 10:14:09.767 I/System.out(22378): dalvik.system.NativeStart.main(Native Method)
05-21 10:14:09.783 D/dalvikvm(22378): GC_FOR_ALLOC freed 3395K, 22% free 13295K/17044K, paused 16ms, total 16ms
05-21 10:14:09.783 I/dalvikvm-heap(22378): Grow heap (frag case) to 16.277MB for 3415696-byte allocation
05-21 10:14:09.806 D/dalvikvm(22378): GC_FOR_ALLOC freed 1K, 3% free 16629K/17044K, paused 18ms, total 18ms
05-21 10:14:09.814 D/MDM :   (22378): [null:-1]->icon instanceof BitmapDrawable
05-21 10:14:09.814 D/MDM :   (22378): [null:-1]->  iconWidth 96
05-21 10:14:09.814 D/MDM :   (22378): [null:-1]->  iconHeight 96
05-21 10:14:09.814 D/MDM :   (22378): [null:-1]->  107 96
05-21 10:14:09.814 D/        (22378): [---null: -1---]  xxd  getPackageName  com.pekall.emdm.launcher
05-21 10:14:09.822 D/        (22378): [---null: -1---]  xxd  getClassName  com.pekall.emdm.launcher.CustomShirtcutActivity
05-21 10:14:09.822 D/        (22378): [---null: -1---]  xxd info.title: Custom shortcut
05-21 10:14:09.830 D/dalvikvm(22378): GC_CONCURRENT freed 96K, 3% free 16631K/17044K, paused 3ms+2ms, total 27ms
05-21 10:14:09.838 D/MDM :   (22378): [null:-1]->icon instanceof BitmapDrawable
05-21 10:14:09.838 D/MDM :   (22378): [null:-1]->  iconWidth 104
05-21 10:14:09.838 D/MDM :   (22378): [null:-1]->  iconHeight 104
05-21 10:14:09.838 D/MDM :   (22378): [null:-1]->  107 104
05-21 10:14:09.838 D/        (22378): [---null: -1---]  xxd  getPackageName  com.pekall.emdm.launcher
05-21 10:14:09.838 D/        (22378): [---null: -1---]  xxd  getClassName  com.pekall.emdm.contacts.activities.DialtactsActivity
05-21 10:14:09.838 D/        (22378): [---null: -1---]  xxd info.title: Phone
05-21 10:14:09.846 D/MDM :   (22378): [null:-1]->icon instanceof BitmapDrawable
05-21 10:14:09.846 D/MDM :   (22378): [null:-1]->  iconWidth 104
05-21 10:14:09.846 D/MDM :   (22378): [null:-1]->  iconHeight 104
05-21 10:14:09.846 D/MDM :   (22378): [null:-1]->  107 104
05-21 10:14:09.846 D/        (22378): [---null: -1---]  xxd  getPackageName  com.pekall.emdm.launcher
05-21 10:14:09.846 D/        (22378): [---null: -1---]  xxd  getClassName  com.pekall.emdm.messagecenter.activity.MessageMainActivity
05-21 10:14:09.846 D/        (22378): [---null: -1---]  xxd info.title: Message Center
05-21 10:14:09.853 D/MDM :   (22378): [null:-1]->icon instanceof BitmapDrawable
05-21 10:14:09.853 D/MDM :   (22378): [null:-1]->  iconWidth 104
05-21 10:14:09.853 D/MDM :   (22378): [null:-1]->  iconHeight 104
05-21 10:14:09.853 D/MDM :   (22378): [null:-1]->  107 104
05-21 10:14:09.853 D/        (22378): [---null: -1---]  xxd  getPackageName  com.pekall.emdm.launcher
05-21 10:14:09.853 D/        (22378): [---null: -1---]  xxd  getClassName  com.pekall.emdm.document.activity.DocMainActivity
05-21 10:14:09.861 D/        (22378): [---null: -1---]  xxd info.title: Document Manager
05-21 10:14:09.869 D/MDM :   (22378): [null:-1]->icon instanceof BitmapDrawable
05-21 10:14:09.869 D/MDM :   (22378): [null:-1]->  iconWidth 104
05-21 10:14:09.869 D/MDM :   (22378): [null:-1]->  iconHeight 104
05-21 10:14:09.869 D/MDM :   (22378): [null:-1]->  107 104
05-21 10:14:09.869 D/        (22378): [---null: -1---]  xxd  getPackageName  com.pekall.emdm.launcher
05-21 10:14:09.869 D/        (22378): [---null: -1---]  xxd  getClassName  com.pekall.emdm.launcher.ui.BackPersonalActivity
05-21 10:14:09.869 D/        (22378): [---null: -1---]  xxd info.title: Personal Mode
05-21 10:14:09.877 D/MDM :   (22378): [null:-1]->icon instanceof BitmapDrawable
05-21 10:14:09.877 D/MDM :   (22378): [null:-1]->  iconWidth 104
05-21 10:14:09.877 D/MDM :   (22378): [null:-1]->  iconHeight 104
05-21 10:14:09.877 D/MDM :   (22378): [null:-1]->  107 104
05-21 10:14:09.885 D/        (22378): [---null: -1---]  xxd  getPackageName  com.pekall.emdm.launcher
05-21 10:14:09.885 D/        (22378): [---null: -1---]  xxd  getClassName  com.pekall.semail.activity.Welcome
05-21 10:14:09.885 D/        (22378): [---null: -1---]  xxd info.title: Email
05-21 10:14:09.892 D/MDM :   (22378): [null:-1]->icon instanceof BitmapDrawable
05-21 10:14:09.892 D/MDM :   (22378): [null:-1]->  iconWidth 104
05-21 10:14:09.892 D/MDM :   (22378): [null:-1]->  iconHeight 104
05-21 10:14:09.892 D/MDM :   (22378): [null:-1]->  107 104
05-21 10:14:09.892 D/        (22378): [---null: -1---]  xxd  getPackageName  com.pekall.emdm.launcher
05-21 10:14:09.892 D/        (22378): [---null: -1---]  xxd  getClassName  com.pekall.emdm.contacts.activities.PeopleActivity
05-21 10:14:09.892 D/        (22378): [---null: -1---]  xxd info.title: EmdmContacts
05-21 10:14:09.900 D/MDM :   (22378): [null:-1]->icon instanceof BitmapDrawable
05-21 10:14:09.900 D/MDM :   (22378): [null:-1]->  iconWidth 104
05-21 10:14:09.900 D/MDM :   (22378): [null:-1]->  iconHeight 104
05-21 10:14:09.900 D/MDM :   (22378): [null:-1]->  107 104
05-21 10:14:09.900 D/        (22378): [---null: -1---]  xxd  getPackageName  com.pekall.emdm.launcher
05-21 10:14:09.900 D/        (22378): [---null: -1---]  xxd  getClassName  com.pekall.emdm.browser.BrowserActivity
05-21 10:14:09.908 D/        (22378): [---null: -1---]  xxd info.title: Safe Browser
05-21 10:14:09.916 D/MDM :   (22378): [null:-1]->icon instanceof BitmapDrawable
05-21 10:14:09.916 D/MDM :   (22378): [null:-1]->  iconWidth 104
05-21 10:14:09.916 D/MDM :   (22378): [null:-1]->  iconHeight 104
05-21 10:14:09.916 D/MDM :   (22378): [null:-1]->  107 104
05-21 10:14:09.924 D/        (22378): [---null: -1---]  xxd  getPackageName  com.pekall.emdm.launcher
05-21 10:14:09.924 D/        (22378): [---null: -1---]  xxd  getClassName  com.pekall.emdm.launcher.ui.AboutActivity
05-21 10:14:09.924 D/        (22378): [---null: -1---]  xxd info.title: About
05-21 10:14:09.931 D/MDM :   (22378): [null:-1]->icon instanceof BitmapDrawable
05-21 10:14:09.931 D/MDM :   (22378): [null:-1]->  iconWidth 104
05-21 10:14:09.931 D/MDM :   (22378): [null:-1]->  iconHeight 104
05-21 10:14:09.931 D/MDM :   (22378): [null:-1]->  107 104
05-21 10:14:09.931 D/        (22378): [---null: -1---]  xxd  getPackageName  com.pekall.emdm.launcher
05-21 10:14:09.931 D/        (22378): [---null: -1---]  xxd  getClassName  com.pekall.emdm.launcher.ui.SettingActivity
05-21 10:14:09.931 D/        (22378): [---null: -1---]  xxd info.title: Setting
05-21 10:14:09.939 D/HomeLoaders(22378):   ----> workspace loader 1 finished loading data
05-21 10:14:09.939 D/HomeLoaders(22378):   ----> worskpace items=11
05-21 10:14:09.939 D/HomeLoaders(22378):   ----> worskpace widgets=0
05-21 10:14:09.939 D/HomeLoaders(22378):   --> done loading workspace; not stopped
05-21 10:14:09.939 D/HomeLoaders(22378):   ----> items cloned, ready to refresh UI
05-21 10:14:09.939 D/HomeLoaders(22378):   ----> loading applications from workspace loader
05-21 10:14:09.939 D/HomeLoaders(22378):   --> starting applications loader unlocked
05-21 10:14:09.939 D/HomeLoaders(22378):   --> starting applications loader
05-21 10:14:09.947 D/HomeLoaders(22378):   ----> running applications loader (1)
05-21 10:14:09.955 D/MDM :   (22378): [null:-1]->icon instanceof BitmapDrawable
05-21 10:14:09.955 D/MDM :   (22378): [null:-1]->  iconWidth 104
05-21 10:14:09.955 D/MDM :   (22378): [null:-1]->  iconHeight 104
05-21 10:14:09.955 D/MDM :   (22378): [null:-1]->  107 104
05-21 10:14:09.955 D/MDM :   (22378): [null:-1]->icon instanceof BitmapDrawable
05-21 10:14:09.955 D/MDM :   (22378): [null:-1]->  iconWidth 104
05-21 10:14:09.955 D/MDM :   (22378): [null:-1]->  iconHeight 104
05-21 10:14:09.955 D/MDM :   (22378): [null:-1]->  107 104
05-21 10:14:09.955 D/MDM :   (22378): [null:-1]->icon instanceof BitmapDrawable
05-21 10:14:09.963 D/MDM :   (22378): [null:-1]->  iconWidth 104
05-21 10:14:09.963 D/MDM :   (22378): [null:-1]->  iconHeight 104
05-21 10:14:09.963 D/MDM :   (22378): [null:-1]->  107 104
05-21 10:14:09.963 D/MDM :   (22378): [null:-1]->icon instanceof BitmapDrawable
05-21 10:14:09.963 D/MDM :   (22378): [null:-1]->  iconWidth 104
05-21 10:14:09.963 D/MDM :   (22378): [null:-1]->  iconHeight 104
05-21 10:14:09.963 D/MDM :   (22378): [null:-1]->  107 104
05-21 10:14:09.963 D/MDM :   (22378): [null:-1]->icon instanceof BitmapDrawable
05-21 10:14:09.963 D/MDM :   (22378): [null:-1]->  iconWidth 101
05-21 10:14:09.963 D/MDM :   (22378): [null:-1]->  iconHeight 101
05-21 10:14:09.963 D/MDM :   (22378): [null:-1]->  107 101
05-21 10:14:09.971 D/MDM :   (22378): [null:-1]->icon instanceof BitmapDrawable
05-21 10:14:09.971 D/MDM :   (22378): [null:-1]->  iconWidth 104
05-21 10:14:09.971 D/MDM :   (22378): [null:-1]->  iconHeight 104
05-21 10:14:09.971 D/MDM :   (22378): [null:-1]->  107 104
05-21 10:14:09.971 D/MDM :   (22378): [null:-1]->icon instanceof BitmapDrawable
05-21 10:14:09.971 D/MDM :   (22378): [null:-1]->  iconWidth 104
05-21 10:14:09.971 D/MDM :   (22378): [null:-1]->  iconHeight 104
05-21 10:14:09.971 D/MDM :   (22378): [null:-1]->  107 104
05-21 10:14:09.971 D/MDM :   (22378): [null:-1]->icon instanceof BitmapDrawable
05-21 10:14:09.971 D/MDM :   (22378): [null:-1]->  iconWidth 104
05-21 10:14:09.971 D/MDM :   (22378): [null:-1]->  iconHeight 104
05-21 10:14:09.978 D/MDM :   (22378): [null:-1]->  107 104
05-21 10:14:09.978 D/MDM :   (22378): [null:-1]->icon instanceof BitmapDrawable
05-21 10:14:09.978 D/MDM :   (22378): [null:-1]->  iconWidth 104
05-21 10:14:09.978 D/MDM :   (22378): [null:-1]->  iconHeight 104
05-21 10:14:09.978 D/MDM :   (22378): [null:-1]->  107 104
05-21 10:14:09.978 D/MDM :   (22378): [null:-1]->icon instanceof BitmapDrawable
05-21 10:14:09.978 D/MDM :   (22378): [null:-1]->  iconWidth 104
05-21 10:14:09.978 D/MDM :   (22378): [null:-1]->  iconHeight 104
05-21 10:14:09.978 D/MDM :   (22378): [null:-1]->  107 104
05-21 10:14:09.986 D/EmailProvider(22378): Creating EmailProviderBody database
05-21 10:14:10.010 W/EmailProvider(22378): restoreIfNeeded...
05-21 10:14:10.010 D/EmailProvider(22378): restoreAccounts...
05-21 10:14:10.049 D/dalvikvm(22398): DexOpt: load 86ms, verify+opt 984ms, 1147988 bytes
05-21 10:14:10.056 D/EmailProvider(22378): Creating EmailProvider database
05-21 10:14:10.072 W/ActivityManager(  374): Activity pause timeout for ActivityRecord{422743b8 u0 com.pekall.emdm.launcher/.Launcher}
05-21 10:14:10.197 D/dalvikvm(22378): DexOpt: --- END 'sc-jdk15on-1.47.0.2.dex.jar' (success) ---
05-21 10:14:10.197 D/dalvikvm(22378): DEX prep '/data/data/com.pekall.emdm.launcher/app_jars/sc-jdk15on-1.47.0.2.dex.jar': unzip in 89ms, rewrite 1365ms
05-21 10:14:10.252 D/EmailProvider(22378): No accounts to restore...
05-21 10:14:10.252 D/EmailProvider(22378): Deleting orphans...
05-21 10:14:10.267 D/EmailProvider(22378): EmailProvider pre-caching...
05-21 10:14:10.283 D/EmailProvider(22378): EmailProvider ready.
05-21 10:14:10.346 D/dalvikvm(22378): GC_CONCURRENT freed 1070K, 6% free 18106K/19216K, paused 4ms+3ms, total 33ms
05-21 10:14:10.533 V/MyServiceConnection(22378): [SConnection] retry to bind service
05-21 10:14:10.533 V/MyServiceConnection(22378): [SConnection] sandbox service is NOT installed.
05-21 10:14:10.533 V/MyServiceConnection(22378): [SConnection] binding service: pekall.intent.action.SANDBOX_SERVICE
05-21 10:14:10.556 D/MdmService(22378): [null:-1]->create mdm service
05-21 10:14:10.556 D/AssistantPhoneService(22378): [---null: -1---]onCreate====================
05-21 10:14:10.564 W/ActivityManager(  374): Unable to start service Intent { cmp=com.pekall.emdm.launcher/com.pekall.semail.service.AttachmentDownloadService } U=0: not found
05-21 10:14:10.572 D/ExchangeService(22378): !!! EAS ExchangeService, onCreate
05-21 10:14:10.572 V/MyServiceConnection(22378): [SConnection] retry to bind service
05-21 10:14:10.572 V/MyServiceConnection(22378): [SConnection] sandbox service is NOT installed.
05-21 10:14:10.572 V/MyServiceConnection(22378): [SConnection] binding service: pekall.intent.action.SANDBOX_SERVICE
05-21 10:14:10.572 W/Parcel  ( 1661): Attempt to read object from Parcel 0x5dfd3dac at offset 200 that is not in the object list
05-21 10:14:10.572 I/Email   (22378): Notifications being toggled: false
05-21 10:14:10.572 D/LauncherApplication(22378): [null:-1]->onActivityPaused
05-21 10:14:10.588 D/LauncherApplication(22378): [null:-1]->onActivityPaused  updateTime
05-21 10:14:10.588 D/HomeLoaders(22378):   ----> onDesktopItemsLoaded()
05-21 10:14:10.588 D/Launcher(22378): ------> binding 11 items
05-21 10:14:10.588 D/Launcher(22378): ------> binding 0 widgets
05-21 10:14:10.588 D/Launcher(22378): ------> start binding items
05-21 10:14:10.588 I/Choreographer(22378): Skipped 37 frames!  The application may be doing too much work on its main thread.
05-21 10:14:10.611 D/libEGL  (22378): loaded /vendor/lib/egl/libEGL_POWERVR_SGX540_120.so
05-21 10:14:10.611 D/libEGL  (22378): loaded /vendor/lib/egl/libGLESv1_CM_POWERVR_SGX540_120.so
05-21 10:14:10.619 D/libEGL  (22378): loaded /vendor/lib/egl/libGLESv2_POWERVR_SGX540_120.so
05-21 10:14:10.658 I/Email   (22378): Notifications being toggled: false
05-21 10:14:10.658 W/ActivityManager(  374): Unable to start service Intent { cmp=com.pekall.emdm.launcher/com.pekall.semail.service.AttachmentDownloadService } U=0: not found
05-21 10:14:10.674 D/OpenGLRenderer(22378): Enabling debug mode 0
05-21 10:14:10.674 D/HomeLoaders(22378):   ----> cleared application list
05-21 10:14:10.752 V/LauncherApplication(22378): onActivityStarted
05-21 10:14:10.752 D/        (22378): [---null: -1---]     awsa  onActivityResumed
05-21 10:14:10.752 V/LauncherApplication(22378): 2MdmConstant.LAST_LAUNCH_TIME = 1400638450593
05-21 10:14:10.767 D/        (22378): [---null: -1---]  activity = com.pekall.emdm.ui.SplashActivity
05-21 10:14:10.775 V/MyServiceConnection(22378): [SConnection] onServiceConnected, comp: com.pekall.sandbox.service.SandboxService
05-21 10:14:10.775 D/AuthenticationManager(22378): [22378] binder package: com.pekall.emdm.launcher
05-21 10:14:10.830 D/AuthenticationManager(22378): [22378] not authorized.
05-21 10:14:10.830 D/MdmService(22378): [null:-1]->receiver action :android.net.conn.CONNECTIVITY_CHANGE
05-21 10:14:10.838 D/AssistantPhoneService(22378): [---null: -1---]currentCall====================1400638450840
05-21 10:14:10.838 D/Assistant(22378): [---null: -1---]  call dataChange
05-21 10:14:10.877 I/ActivityManager(  374): Start proc com.qihoo360.mobilesafe:remote for content provider com.qihoo360.mobilesafe/.shield.provider.EmptyProvider: pid=22417 uid=10069 gids={50069, 3003, 1015, 3001, 3002, 1006, 1028}
05-21 10:14:10.892 I/dalvikvm(22417): Turning on JNI app bug workarounds for target SDK version 8...
05-21 10:14:10.986 V/l       (22378): Connected: com.pekall.exchange.ExchangeService
05-21 10:14:10.994 V/l       (22378): Connected: com.pekall.exchange.ExchangeService
05-21 10:14:10.994 D/SConnection(22378): classname is com.pekall.emdm.messagecenter.controller.MessageCenterService
05-21 10:14:10.994 D/ExchangeService(22378): !!! EAS ExchangeService, onStartCommand, startingUp = false, running = false
05-21 10:14:10.994 D/ExchangeService(22378): to start secureStorageService now
05-21 10:14:10.994 V/a       (22378): Bind requested for task test
05-21 10:14:10.994 D/MDM :   (22378): [null:-1]->  iconWidth 104
05-21 10:14:10.994 D/MDM :   (22378): [null:-1]->  iconHeight 104
05-21 10:14:10.994 D/MDM :   (22378): [null:-1]->  107 104
05-21 10:14:10.994 D/MDM :   (22378): [null:-1]->width 104
05-21 10:14:10.994 D/MDM :   (22378): [null:-1]->height 104
05-21 10:14:10.994 D/MDM :   (22378): [null:-1]->scale 1.0
05-21 10:14:11.252 D/dalvikvm(22378): JIT unchain all for threadid=11
05-21 10:14:11.252 D/MDM :   (22378): [null:-1]->tint false
05-21 10:14:11.252 D/MDM :   (22378): [null:-1]->width 104
05-21 10:14:11.252 D/MDM :   (22378): [null:-1]->height 104
05-21 10:14:11.252 D/MDM :   (22378): [null:-1]->scale 1.0
05-21 10:14:11.260 V/l       (22378): Task setLogging completed; disconnecting
05-21 10:14:11.424 W/InteractionController(22284): runAndwaitForEvent timedout waiting for events
05-21 10:14:11.533 D/dalvikvm(22378): JIT unchain all for threadid=11
05-21 10:14:11.541 D/dalvikvm(22378): GC_CONCURRENT freed 1736K, 9% free 19436K/21212K, paused 254ms+255ms, total 545ms
05-21 10:14:11.541 D/dalvikvm(22378): WAIT_FOR_CONCURRENT_GC blocked 286ms
05-21 10:14:11.541 D/dalvikvm(22378): WAIT_FOR_CONCURRENT_GC blocked 283ms
05-21 10:14:11.549 W/CursorWrapperInner(22378): Cursor finalized without prior close()
05-21 10:14:11.549 D/dalvikvm(22378): WAIT_FOR_CONCURRENT_GC blocked 281ms
05-21 10:14:11.549 D/MDM :   (22378): [null:-1]->tint false
05-21 10:14:11.549 D/MDM :   (22378): [null:-1]->  iconWidth 104
05-21 10:14:11.549 V/l       (22378): Task setLogging completed; disconnecting
05-21 10:14:11.549 D/MDM :   (22378): [null:-1]->  iconHeight 104
05-21 10:14:11.549 D/MDM :   (22378): [null:-1]->  107 104
05-21 10:14:11.549 D/MDM :   (22378): [null:-1]->width 104
05-21 10:14:11.549 D/MDM :   (22378): [null:-1]->height 104
05-21 10:14:11.549 D/MDM :   (22378): [null:-1]->scale 1.0
05-21 10:14:11.549 D/MDM :   (22378): [null:-1]->tint false
05-21 10:14:11.556 V/a       (22378): Bind requested for task getDeviceId
05-21 10:14:11.556 V/a       (22378): Waiting for task getDeviceId to complete...
05-21 10:14:11.556 D/MDM :   (22378): [null:-1]->width 104
05-21 10:14:11.556 D/MDM :   (22378): [null:-1]->height 104
05-21 10:14:11.556 D/MDM :   (22378): [null:-1]->scale 1.0
05-21 10:14:11.556 D/MDM :   (22378): [null:-1]->tint false
05-21 10:14:11.564 D/MDM :   (22378): [null:-1]->width 104
05-21 10:14:11.564 D/MDM :   (22378): [null:-1]->height 104
05-21 10:14:11.564 D/MDM :   (22378): [null:-1]->scale 1.0
05-21 10:14:11.564 D/MDM :   (22378): [null:-1]->tint false
05-21 10:14:11.564 D/MDM :   (22378): [null:-1]->  iconWidth 104
05-21 10:14:11.564 D/MDM :   (22378): [null:-1]->  iconHeight 104
05-21 10:14:11.564 D/MDM :   (22378): [null:-1]->  107 104
05-21 10:14:11.564 D/MDM :   (22378): [null:-1]->width 104
05-21 10:14:11.564 D/MDM :   (22378): [null:-1]->height 104
05-21 10:14:11.572 D/MDM :   (22378): [null:-1]->scale 1.0
05-21 10:14:11.572 D/MDM :   (22378): [null:-1]->tint false
05-21 10:14:11.572 D/MDM :   (22378): [null:-1]->width 104
05-21 10:14:11.572 D/MDM :   (22378): [null:-1]->height 104
05-21 10:14:11.572 D/MDM :   (22378): [null:-1]->scale 1.0
05-21 10:14:11.572 D/MDM :   (22378): [null:-1]->tint false
05-21 10:14:11.572 D/MDM :   (22378): [null:-1]->width 104
05-21 10:14:11.580 D/MDM :   (22378): [null:-1]->height 104
05-21 10:14:11.580 D/MDM :   (22378): [null:-1]->scale 1.0
05-21 10:14:11.580 D/MDM :   (22378): [null:-1]->tint false
05-21 10:14:11.588 D/MDM :   (22378): [null:-1]->  iconWidth 104
05-21 10:14:11.588 D/MDM :   (22378): [null:-1]->  iconHeight 104
05-21 10:14:11.588 D/MDM :   (22378): [null:-1]->  107 104
05-21 10:14:11.588 D/        (22378): [---null: -1---]  xxd111  getPackageName  com.pekall.emdm.launcher
05-21 10:14:11.588 D/        (22378): [---null: -1---]  xxd111  getClassName  com.pekall.emdm.document.activity.DocMainActivity
05-21 10:14:11.588 D/        (22378): [---null: -1---]  xxd111  info.title  Document Manager ,count is 0
05-21 10:14:11.596 D/MDM :   (22378): [null:-1]->  iconWidth 104
05-21 10:14:11.596 D/MDM :   (22378): [null:-1]->  iconHeight 104
05-21 10:14:11.596 D/MDM :   (22378): [null:-1]->  107 104
05-21 10:14:11.596 D/        (22378): [---null: -1---]  xxd111  getPackageName  com.pekall.emdm.launcher
05-21 10:14:11.596 D/        (22378): [---null: -1---]  xxd111  getClassName  com.pekall.emdm.launcher.ui.BackPersonalActivity
05-21 10:14:11.596 D/        (22378): [---null: -1---]  xxd111  info.title  Personal Mode ,count is 0
05-21 10:14:11.603 D/MDM :   (22378): [null:-1]->  iconWidth 104
05-21 10:14:11.603 D/MDM :   (22378): [null:-1]->  iconHeight 104
05-21 10:14:11.603 D/MDM :   (22378): [null:-1]->  107 104
05-21 10:14:11.603 D/        (22378): [---null: -1---]  xxd111  getPackageName  com.pekall.emdm.launcher
05-21 10:14:11.603 D/        (22378): [---null: -1---]  xxd111  getClassName  com.pekall.semail.activity.Welcome
05-21 10:14:11.603 D/        (22378): [---null: -1---]  xxd111  info.title  Email ,count is 0
05-21 10:14:11.603 I/Choreographer(22378): Skipped 54 frames!  The application may be doing too much work on its main thread.
05-21 10:14:11.760 D/MDM :   (22378): [null:-1]->  iconWidth 104
05-21 10:14:11.760 D/MDM :   (22378): [null:-1]->  iconHeight 104
05-21 10:14:11.760 D/MDM :   (22378): [null:-1]->  107 104
05-21 10:14:11.767 D/        (22378): [---null: -1---]  xxd111  getPackageName  com.pekall.emdm.launcher
05-21 10:14:11.767 D/        (22378): [---null: -1---]  xxd111  getClassName  com.pekall.emdm.contacts.activities.PeopleActivity
05-21 10:14:11.767 D/        (22378): [---null: -1---]  xxd111  info.title  EmdmContacts ,count is 0
05-21 10:14:11.767 D/MDM :   (22378): [null:-1]->  iconWidth 104
05-21 10:14:11.767 D/MDM :   (22378): [null:-1]->  iconHeight 104
05-21 10:14:11.767 D/MDM :   (22378): [null:-1]->  107 104
05-21 10:14:11.775 D/        (22378): [---null: -1---]  xxd111  getPackageName  com.pekall.emdm.launcher
05-21 10:14:11.775 D/        (22378): [---null: -1---]  xxd111  getClassName  com.pekall.emdm.browser.BrowserActivity
05-21 10:14:11.775 D/        (22378): [---null: -1---]  xxd111  info.title  Safe Browser ,count is 0
05-21 10:14:11.775 D/MDM :   (22378): [null:-1]->  iconWidth 104
05-21 10:14:11.775 D/MDM :   (22378): [null:-1]->  iconHeight 104
05-21 10:14:11.775 D/MDM :   (22378): [null:-1]->  107 104
05-21 10:14:11.775 D/        (22378): [---null: -1---]  xxd111  getPackageName  com.pekall.emdm.launcher
05-21 10:14:11.775 D/        (22378): [---null: -1---]  xxd111  getClassName  com.pekall.emdm.launcher.ui.AboutActivity
05-21 10:14:11.775 D/        (22378): [---null: -1---]  xxd111  info.title  About ,count is 0
05-21 10:14:11.783 D/MDM :   (22378): [null:-1]->  iconWidth 104
05-21 10:14:11.783 D/MDM :   (22378): [null:-1]->  iconHeight 104
05-21 10:14:11.783 D/MDM :   (22378): [null:-1]->  107 104
05-21 10:14:11.783 D/        (22378): [---null: -1---]  xxd111  getPackageName  com.pekall.emdm.launcher
05-21 10:14:11.783 D/        (22378): [---null: -1---]  xxd111  getClassName  com.pekall.emdm.launcher.ui.SettingActivity
05-21 10:14:11.783 D/        (22378): [---null: -1---]  xxd111  info.title  Setting ,count is 0
05-21 10:14:12.072 D/dalvikvm(22378): JIT unchain all for threadid=11
05-21 10:14:12.111 D/dalvikvm(22378): GC_FOR_ALLOC freed 1555K, 12% free 19629K/22080K, paused 285ms, total 288ms
05-21 10:14:12.127 I/dalvikvm-heap(22378): Grow heap (frag case) to 22.462MB for 3415696-byte allocation
05-21 10:14:12.377 D/dalvikvm(22378): JIT unchain all for threadid=11
05-21 10:14:12.416 D/dalvikvm(22378): GC_FOR_ALLOC freed 2K, 10% free 22962K/25416K, paused 286ms, total 286ms
05-21 10:14:12.556 I/Choreographer(22378): Skipped 46 frames!  The application may be doing too much work on its main thread.
05-21 10:14:12.721 I/ActivityManager(  374): Displayed com.pekall.emdm.launcher/com.pekall.emdm.ui.SplashActivity: +2s644ms (total +4s190ms)
05-21 10:14:12.721 I/ActivityManager(  374): Displayed com.pekall.emdm.launcher/.Launcher: +4s191ms
05-21 10:14:12.760 W/BufferQueue(  124): [com.pekall.emdm.launcher/com.pekall.emdm.launcher.Launcher] cancelBuffer: BufferQueue has been abandoned!
05-21 10:14:12.760 V/a       (22378): Connected: com.pekall.semail.service.AccountServiceInternal
05-21 10:14:12.760 V/a       (22378): Connected: com.pekall.semail.service.AccountServiceInternal
05-21 10:14:12.760 V/a       (22378): Connection test succeeded in 1769ms
05-21 10:14:12.767 W/Parcel  ( 1661): Attempt to read object from Parcel 0x5ef3bdac at offset 200 that is not in the object list
05-21 10:14:12.767 V/a       (22378): Task test completed; disconnecting
05-21 10:14:12.767 I/ActivityManager(  374): START u0 {cmp=com.pekall.emdm.launcher/com.pekall.emdm.ui.AdvActivity} from pid 22378
05-21 10:14:12.775 W/WindowManager(  374): Token{425b6470 ActivityRecord{425470d0 u0 com.pekall.emdm.launcher/com.pekall.emdm.ui.AdvActivity}} failed creating starting window
05-21 10:14:12.775 W/WindowManager(  374): android.view.InflateException: Binary XML file line #34: Error inflating class <unknown>
05-21 10:14:12.775 W/WindowManager(  374): 	at android.view.LayoutInflater.createView(LayoutInflater.java:620)
05-21 10:14:12.775 W/WindowManager(  374): 	at com.android.internal.policy.impl.PhoneLayoutInflater.onCreateView(PhoneLayoutInflater.java:56)
05-21 10:14:12.775 W/WindowManager(  374): 	at android.view.LayoutInflater.onCreateView(LayoutInflater.java:669)
05-21 10:14:12.775 W/WindowManager(  374): 	at android.view.LayoutInflater.createViewFromTag(LayoutInflater.java:694)
05-21 10:14:12.775 W/WindowManager(  374): 	at android.view.LayoutInflater.rInflate(LayoutInflater.java:755)
05-21 10:14:12.775 W/WindowManager(  374): 	at android.view.LayoutInflater.inflate(LayoutInflater.java:492)
05-21 10:14:12.775 W/WindowManager(  374): 	at android.view.LayoutInflater.inflate(LayoutInflater.java:397)
05-21 10:14:12.775 W/WindowManager(  374): 	at android.view.LayoutInflater.inflate(LayoutInflater.java:353)
05-21 10:14:12.775 W/WindowManager(  374): 	at com.android.internal.policy.impl.PhoneWindow.generateLayout(PhoneWindow.java:2823)
05-21 10:14:12.775 W/WindowManager(  374): 	at com.android.internal.policy.impl.PhoneWindow.installDecor(PhoneWindow.java:2886)
05-21 10:14:12.775 W/WindowManager(  374): 	at com.android.internal.policy.impl.PhoneWindow.getDecorView(PhoneWindow.java:1581)
05-21 10:14:12.775 W/WindowManager(  374): 	at com.android.internal.policy.impl.PhoneWindowManager.addStartingWindow(PhoneWindowManager.java:1618)
05-21 10:14:12.775 W/WindowManager(  374): 	at com.android.server.wm.WindowManagerService$H.handleMessage(WindowManagerService.java:6908)
05-21 10:14:12.775 W/WindowManager(  374): 	at android.os.Handler.dispatchMessage(Handler.java:99)
05-21 10:14:12.775 W/WindowManager(  374): 	at android.os.Looper.loop(Looper.java:137)
05-21 10:14:12.775 W/WindowManager(  374): 	at android.os.HandlerThread.run(HandlerThread.java:61)
05-21 10:14:12.775 W/WindowManager(  374): Caused by: java.lang.reflect.InvocationTargetException
05-21 10:14:12.775 W/WindowManager(  374): 	at java.lang.reflect.Constructor.constructNative(Native Method)
05-21 10:14:12.775 W/WindowManager(  374): 	at java.lang.reflect.Constructor.newInstance(Constructor.java:417)
05-21 10:14:12.775 W/WindowManager(  374): 	at android.view.LayoutInflater.createView(LayoutInflater.java:594)
05-21 10:14:12.775 W/WindowManager(  374): 	... 15 more
05-21 10:14:12.775 W/WindowManager(  374): Caused by: android.content.res.Resources$NotFoundException: Resource is not a Drawable (color or path): TypedValue{t=0x2/d=0x1010059 a=-1}
05-21 10:14:12.775 W/WindowManager(  374): 	at android.content.res.Resources.loadDrawable(Resources.java:2063)
05-21 10:14:12.775 W/WindowManager(  374): 	at android.content.res.TypedArray.getDrawable(TypedArray.java:601)
05-21 10:14:12.775 W/WindowManager(  374): 	at android.widget.FrameLayout.<init>(FrameLayout.java:109)
05-21 10:14:12.775 W/WindowManager(  374): 	at android.widget.FrameLayout.<init>(FrameLayout.java:97)
05-21 10:14:12.775 W/WindowManager(  374): 	... 18 more
05-21 10:14:12.775 W/Parcel  ( 1661): Attempt to read object from Parcel 0x5ec3bdac at offset 200 that is not in the object list
05-21 10:14:12.892 D/dalvikvm(  374): GC_FOR_ALLOC freed 2732K, 26% free 21764K/29036K, paused 82ms, total 84ms
05-21 10:14:12.900 V/a       (22378): Task getDeviceId completed; disconnecting
05-21 10:14:12.908 V/l       (22378): Bind requested for task setLogging
05-21 10:14:12.908 D/MDM :   (22378): [null:-1]->  iconWidth 104
05-21 10:14:12.908 D/MDM :   (22378): [null:-1]->  iconHeight 104
05-21 10:14:12.908 D/MDM :   (22378): [null:-1]->  107 104
05-21 10:14:12.908 D/MDM :   (22378): [null:-1]->  iconWidth 104
05-21 10:14:12.908 D/MDM :   (22378): [null:-1]->  iconHeight 104
05-21 10:14:12.916 D/MDM :   (22378): [null:-1]->  107 104
05-21 10:14:12.916 D/MDM :   (22378): [null:-1]->  iconWidth 104
05-21 10:14:12.916 D/MDM :   (22378): [null:-1]->  iconHeight 104
05-21 10:14:12.916 D/MDM :   (22378): [null:-1]->  107 104
05-21 10:14:12.916 D/MDM :   (22378): [null:-1]->  iconWidth 104
05-21 10:14:12.916 D/MDM :   (22378): [null:-1]->  iconHeight 104
05-21 10:14:12.916 D/MDM :   (22378): [null:-1]->  107 104
05-21 10:14:12.916 V/a       (22378): Wait for getDeviceId finished in 1362ms
05-21 10:14:12.916 D/ExchangeService(22378): Received deviceId from Email app: androidc2130646576
05-21 10:14:12.916 D/ExchangeService(22378): Reconciling accounts...
05-21 10:14:12.916 D/MDM :   (22378): [null:-1]->  iconWidth 104
05-21 10:14:12.924 D/MDM :   (22378): [null:-1]->  iconHeight 104
05-21 10:14:12.924 D/MDM :   (22378): [null:-1]->  107 104
05-21 10:14:12.924 D/MDM :   (22378): [null:-1]->  iconWidth 104
05-21 10:14:12.924 D/MDM :   (22378): [null:-1]->  iconHeight 104
05-21 10:14:12.924 D/MDM :   (22378): [null:-1]->  107 104
05-21 10:14:12.924 D/MDM :   (22378): [null:-1]->  iconWidth 104
05-21 10:14:12.924 D/MDM :   (22378): [null:-1]->  iconHeight 104
05-21 10:14:12.924 D/MDM :   (22378): [null:-1]->  107 104
05-21 10:14:12.931 V/a       (22378): Bind requested for task reconcileAccounts
05-21 10:14:12.931 D/MDM :   (22378): [null:-1]->  iconWidth 104
05-21 10:14:12.931 D/MDM :   (22378): [null:-1]->  iconHeight 104
05-21 10:14:12.931 D/MDM :   (22378): [null:-1]->  107 104
05-21 10:14:12.931 D/MDM :   (22378): [null:-1]->  iconWidth 104
05-21 10:14:12.931 D/MDM :   (22378): [null:-1]->  iconHeight 104
05-21 10:14:12.931 D/MDM :   (22378): [null:-1]->  107 104
05-21 10:14:12.939 D/MDM :   (22378): [null:-1]->  iconWidth 104
05-21 10:14:12.939 D/MDM :   (22378): [null:-1]->  iconHeight 104
05-21 10:14:12.939 D/MDM :   (22378): [null:-1]->  107 104
05-21 10:14:12.947 D/LauncherApplication(22378): [null:-1]->onActivityPaused
05-21 10:14:12.955 V/a       (22378): Waiting for task reconcileAccounts to complete...
05-21 10:14:12.963 D/ExchangeService(22378): !!! EAS ExchangeService, onStartCommand, startingUp = true, running = false
05-21 10:14:12.963 V/l       (22378): Connected: com.pekall.exchange.ExchangeService
05-21 10:14:12.971 V/l       (22378): Task setLogging completed; disconnecting
05-21 10:14:13.010 V/LauncherApplication(22378): onActivityStarted
05-21 10:14:13.010 D/        (22378): [---null: -1---]     awsa  onActivityResumed
05-21 10:14:13.010 V/LauncherApplication(22378): 2MdmConstant.LAST_LAUNCH_TIME = 1400638450593
05-21 10:14:13.017 D/        (22378): [---null: -1---]  activity = com.pekall.emdm.ui.AdvActivity
05-21 10:14:13.025 V/a       (22378): Connected: com.pekall.semail.service.AccountServiceInternal
05-21 10:14:13.033 V/a       (22378): Task reconcileAccounts completed; disconnecting
05-21 10:14:13.033 V/a       (22378): Wait for reconcileAccounts finished in 78ms
05-21 10:14:13.033 D/ExchangeService(22378): !!! EAS ExchangeService, stopping self
05-21 10:14:13.385 D/dalvikvm(22378): JIT unchain all for threadid=11
05-21 10:14:13.416 D/dalvikvm(22378): GC_FOR_ALLOC freed 686K, 9% free 25140K/27496K, paused 281ms, total 281ms
05-21 10:14:13.689 D/ExchangeService(22378): !!! EAS ExchangeService, onDestroy
05-21 10:14:13.783 I/ActivityManager(  374): Displayed com.pekall.emdm.launcher/com.pekall.emdm.ui.AdvActivity: +825ms
05-21 10:14:14.431 I/QueryController(22284): Matched selector: UiSelector[PACKAGE NAME=com.pekall.emdm.launcher] <<==>> [android.view.accessibility.AccessibilityNodeInfo@8188; boundsInParent: Rect(0, 0 - 720, 1184); boundsInScreen: Rect(0, 0 - 720, 1184); packageName: com.pekall.emdm.launcher; className: android.widget.FrameLayout; text: null; contentDescription: null; viewIdResName: null; checkable: false; checked: false; focusable: false; focused: false; selected: false; clickable: false; longClickable: false; enabled: true; password: false; scrollable: false; [ACTION_SELECT, ACTION_CLEAR_SELECTION, ACTION_ACCESSIBILITY_FOCUS]]
05-21 10:14:15.228 D/dalvikvm(22378): JIT unchain all for threadid=11
05-21 10:14:15.260 D/dalvikvm(22378): GC_FOR_ALLOC freed 38K, 8% free 27232K/29576K, paused 276ms, total 276ms
05-21 10:14:16.267 D/dalvikvm(22378): JIT unchain all for threadid=11
05-21 10:14:16.291 D/dalvikvm(22378): GC_FOR_ALLOC freed 737K, 10% free 28582K/31656K, paused 274ms, total 275ms
05-21 10:14:17.346 D/dalvikvm( 1661): GC_EXPLICIT freed 187K, 18% free 13044K/15888K, paused 2ms+3ms, total 45ms
05-21 10:14:17.619 I/QueryController(22284): Matched selector: UiSelector[TEXT=Start] <<==>> [android.view.accessibility.AccessibilityNodeInfo@b616; boundsInParent: Rect(0, 0 - 400, 96); boundsInScreen: Rect(160, 997 - 560, 1093); packageName: com.pekall.emdm.launcher; className: android.widget.Button; text: Start; contentDescription: null; viewIdResName: com.pekall.emdm.launcher:id/start; checkable: false; checked: false; focusable: true; focused: false; selected: false; clickable: true; longClickable: false; enabled: true; password: false; scrollable: false; [ACTION_FOCUS, ACTION_SELECT, ACTION_CLEAR_SELECTION, ACTION_CLICK, ACTION_ACCESSIBILITY_FOCUS, ACTION_NEXT_AT_MOVEMENT_GRANULARITY, ACTION_PREVIOUS_AT_MOVEMENT_GRANULARITY, ACTION_SET_SELECTION]]
05-21 10:14:17.642 I/QueryController(22284): Matched selector: UiSelector[TEXT=Start, CLASS=android.widget.Button] <<==>> [android.view.accessibility.AccessibilityNodeInfo@b616; boundsInParent: Rect(0, 0 - 400, 96); boundsInScreen: Rect(160, 997 - 560, 1093); packageName: com.pekall.emdm.launcher; className: android.widget.Button; text: Start; contentDescription: null; viewIdResName: com.pekall.emdm.launcher:id/start; checkable: false; checked: false; focusable: true; focused: false; selected: false; clickable: true; longClickable: false; enabled: true; password: false; scrollable: false; [ACTION_FOCUS, ACTION_SELECT, ACTION_CLEAR_SELECTION, ACTION_CLICK, ACTION_ACCESSIBILITY_FOCUS, ACTION_NEXT_AT_MOVEMENT_GRANULARITY, ACTION_PREVIOUS_AT_MOVEMENT_GRANULARITY, ACTION_SET_SELECTION]]
05-21 10:14:17.658 I/QueryController(22284): Matched selector: UiSelector[TEXT=Start, CLASS=android.widget.Button] <<==>> [android.view.accessibility.AccessibilityNodeInfo@b616; boundsInParent: Rect(0, 0 - 400, 96); boundsInScreen: Rect(160, 997 - 560, 1093); packageName: com.pekall.emdm.launcher; className: android.widget.Button; text: Start; contentDescription: null; viewIdResName: com.pekall.emdm.launcher:id/start; checkable: false; checked: false; focusable: true; focused: false; selected: false; clickable: true; longClickable: false; enabled: true; password: false; scrollable: false; [ACTION_FOCUS, ACTION_SELECT, ACTION_CLEAR_SELECTION, ACTION_CLICK, ACTION_ACCESSIBILITY_FOCUS, ACTION_NEXT_AT_MOVEMENT_GRANULARITY, ACTION_PREVIOUS_AT_MOVEMENT_GRANULARITY, ACTION_SET_SELECTION]]
05-21 10:14:17.658 D/InteractionController(22284): clickAndWaitForNewWindow(360, 1045)
05-21 10:14:17.767 W/Parcel  ( 1661): Attempt to read object from Parcel 0x5dfd3dac at offset 200 that is not in the object list
05-21 10:14:17.767 I/ActivityManager(  374): START u0 {cmp=com.pekall.emdm.launcher/com.pekall.emdm.ui.ActiveDeviceAdminActivity} from pid 22378
05-21 10:14:17.830 D/LauncherApplication(22378): [null:-1]->onActivityPaused
05-21 10:14:17.892 V/LauncherApplication(22378): onActivityStarted
05-21 10:14:17.892 D/        (22378): [---null: -1---]     awsa  onActivityResumed
05-21 10:14:17.892 V/LauncherApplication(22378): 2MdmConstant.LAST_LAUNCH_TIME = 1400638450593
05-21 10:14:17.900 D/        (22378): [---null: -1---]  activity = com.pekall.emdm.ui.ActiveDeviceAdminActivity
05-21 10:14:18.017 I/ActivityManager(  374): Displayed com.pekall.emdm.launcher/com.pekall.emdm.ui.ActiveDeviceAdminActivity: +178ms
05-21 10:14:18.517 I/QueryController(22284): Matched selector: UiSelector[TEXT=Active, CLASS=android.widget.Button] <<==>> [android.view.accessibility.AccessibilityNodeInfo@cc9d; boundsInParent: Rect(0, 0 - 660, 79); boundsInScreen: Rect(30, 502 - 690, 581); packageName: com.pekall.emdm.launcher; className: android.widget.Button; text: Active; contentDescription: null; viewIdResName: com.pekall.emdm.launcher:id/active_device_admin_button; checkable: false; checked: false; focusable: true; focused: false; selected: false; clickable: true; longClickable: false; enabled: true; password: false; scrollable: false; [ACTION_FOCUS, ACTION_SELECT, ACTION_CLEAR_SELECTION, ACTION_CLICK, ACTION_ACCESSIBILITY_FOCUS, ACTION_NEXT_AT_MOVEMENT_GRANULARITY, ACTION_PREVIOUS_AT_MOVEMENT_GRANULARITY, ACTION_SET_SELECTION]]
05-21 10:14:18.549 I/QueryController(22284): Matched selector: UiSelector[TEXT=Active, CLASS=android.widget.Button] <<==>> [android.view.accessibility.AccessibilityNodeInfo@cc9d; boundsInParent: Rect(0, 0 - 660, 79); boundsInScreen: Rect(30, 502 - 690, 581); packageName: com.pekall.emdm.launcher; className: android.widget.Button; text: Active; contentDescription: null; viewIdResName: com.pekall.emdm.launcher:id/active_device_admin_button; checkable: false; checked: false; focusable: true; focused: false; selected: false; clickable: true; longClickable: false; enabled: true; password: false; scrollable: false; [ACTION_FOCUS, ACTION_SELECT, ACTION_CLEAR_SELECTION, ACTION_CLICK, ACTION_ACCESSIBILITY_FOCUS, ACTION_NEXT_AT_MOVEMENT_GRANULARITY, ACTION_PREVIOUS_AT_MOVEMENT_GRANULARITY, ACTION_SET_SELECTION]]
05-21 10:14:18.549 D/InteractionController(22284): clickAndWaitForNewWindow(360, 541)
05-21 10:14:18.650 W/Parcel  ( 1661): Attempt to read object from Parcel 0x6003bdac at offset 200 that is not in the object list
05-21 10:14:18.650 I/ActivityManager(  374): START u0 {act=android.app.action.ADD_DEVICE_ADMIN cmp=com.android.settings/.DeviceAdminAdd (has extras)} from pid 22378
05-21 10:14:18.760 D/dalvikvm(  374): GC_FOR_ALLOC freed 1661K, 23% free 22508K/29036K, paused 73ms, total 73ms
05-21 10:14:18.775 D/LauncherApplication(22378): [null:-1]->onActivityPaused
05-21 10:14:18.994 I/ActivityManager(  374): Displayed com.android.settings/.DeviceAdminAdd: +209ms
05-21 10:14:19.010 D/dalvikvm(21105): GC_FOR_ALLOC freed 418K, 8% free 9607K/10384K, paused 48ms, total 48ms
05-21 10:14:19.744 I/QueryController(22284): Matched selector: UiSelector[TEXT=Activate, CLASS=android.widget.Button] <<==>> [android.view.accessibility.AccessibilityNodeInfo@c5ab2; boundsInParent: Rect(0, 0 - 359, 96); boundsInScreen: Rect(361, 1088 - 720, 1184); packageName: com.android.settings; className: android.widget.Button; text: Activate; contentDescription: null; viewIdResName: com.android.settings:id/action_button; checkable: false; checked: false; focusable: true; focused: false; selected: false; clickable: true; longClickable: false; enabled: true; password: false; scrollable: false; [ACTION_FOCUS, ACTION_SELECT, ACTION_CLEAR_SELECTION, ACTION_CLICK, ACTION_ACCESSIBILITY_FOCUS, ACTION_NEXT_AT_MOVEMENT_GRANULARITY, ACTION_PREVIOUS_AT_MOVEMENT_GRANULARITY, ACTION_SET_SELECTION]]
05-21 10:14:19.806 D/dalvikvm(22284): GC_FOR_ALLOC freed 7519K, 92% free 671K/8192K, paused 27ms, total 27ms
05-21 10:14:19.806 I/QueryController(22284): Matched selector: UiSelector[TEXT=Activate, CLASS=android.widget.Button] <<==>> [android.view.accessibility.AccessibilityNodeInfo@c5ab2; boundsInParent: Rect(0, 0 - 359, 96); boundsInScreen: Rect(361, 1088 - 720, 1184); packageName: com.android.settings; className: android.widget.Button; text: Activate; contentDescription: null; viewIdResName: com.android.settings:id/action_button; checkable: false; checked: false; focusable: true; focused: false; selected: false; clickable: true; longClickable: false; enabled: true; password: false; scrollable: false; [ACTION_FOCUS, ACTION_SELECT, ACTION_CLEAR_SELECTION, ACTION_CLICK, ACTION_ACCESSIBILITY_FOCUS, ACTION_NEXT_AT_MOVEMENT_GRANULARITY, ACTION_PREVIOUS_AT_MOVEMENT_GRANULARITY, ACTION_SET_SELECTION]]
05-21 10:14:19.892 D/InteractionController(22284): clickAndWaitForNewWindow(540, 1136)
05-21 10:14:20.017 D/MDM :   (22378): [null:-1]->onEnabled
05-21 10:14:20.017 I/dalvikvm(22378): Could not find method android.app.enterprise.license.EnterpriseLicenseManager.getInstance, referenced from method com.pekall.emdm.b.b.a.<init>
05-21 10:14:20.017 W/dalvikvm(22378): VFY: unable to resolve static method 1420: Landroid/app/enterprise/license/EnterpriseLicenseManager;.getInstance (Landroid/content/Context;)Landroid/app/enterprise/license/EnterpriseLicenseManager;
05-21 10:14:20.017 D/dalvikvm(22378): VFY: replacing opcode 0x71 at 0x0008
05-21 10:14:20.025 I/dalvikvm(22378): Could not find method android.app.enterprise.EnterpriseDeviceManager.getRestrictionPolicy, referenced from method com.pekall.emdm.b.b.a.A
05-21 10:14:20.025 W/dalvikvm(22378): VFY: unable to resolve virtual method 1371: Landroid/app/enterprise/EnterpriseDeviceManager;.getRestrictionPolicy ()Landroid/app/enterprise/RestrictionPolicy;
05-21 10:14:20.025 D/dalvikvm(22378): VFY: replacing opcode 0x6e at 0x000a
