05-21 10:14:49.096 W/WindowManager(  374): 	at com.android.internal.policy.impl.PhoneWindowManager.addStartingWindow(PhoneWindowManager.java:1618)
05-21 10:14:49.096 W/WindowManager(  374): 	at com.android.server.wm.WindowManagerService$H.handleMessage(WindowManagerService.java:6908)
05-21 10:14:49.096 W/WindowManager(  374): 	at android.os.Handler.dispatchMessage(Handler.java:99)
05-21 10:14:49.096 W/WindowManager(  374): 	at android.os.Looper.loop(Looper.java:137)
05-21 10:14:49.096 W/WindowManager(  374): 	at android.os.HandlerThread.run(HandlerThread.java:61)
05-21 10:14:49.096 W/WindowManager(  374): Caused by: java.lang.reflect.InvocationTargetException
05-21 10:14:49.096 W/WindowManager(  374): 	at java.lang.reflect.Constructor.constructNative(Native Method)
05-21 10:14:49.096 W/WindowManager(  374): 	at java.lang.reflect.Constructor.newInstance(Constructor.java:417)
05-21 10:14:49.096 W/WindowManager(  374): 	at android.view.LayoutInflater.createView(LayoutInflater.java:594)
05-21 10:14:49.096 W/WindowManager(  374): 	... 15 more
05-21 10:14:49.096 W/WindowManager(  374): Caused by: android.content.res.Resources$NotFoundException: Resource is not a Drawable (color or path): TypedValue{t=0x2/d=0x1010059 a=-1}
05-21 10:14:49.096 W/WindowManager(  374): 	at android.content.res.Resources.loadDrawable(Resources.java:2063)
05-21 10:14:49.096 W/WindowManager(  374): 	at android.content.res.TypedArray.getDrawable(TypedArray.java:601)
05-21 10:14:49.096 W/WindowManager(  374): 	at android.widget.FrameLayout.<init>(FrameLayout.java:109)
05-21 10:14:49.096 W/WindowManager(  374): 	at android.widget.FrameLayout.<init>(FrameLayout.java:97)
05-21 10:14:49.096 W/WindowManager(  374): 	... 18 more
05-21 10:14:49.096 D/MDM :   (22378): [null:-1]->statusCode : 200
05-21 10:14:49.103 D/MDM :   (22378): [null:-1]->statusCode : 200
05-21 10:14:49.103 V/DEBUG   (22378): HTTP 1
05-21 10:14:49.103 D/MDM :   (22378): [null:-1]->read network input stream
05-21 10:14:49.111 D/MDM :   (22378): [null:-1]->Get joson string: {"result":0}
05-21 10:14:49.111 D/NetworkThread(22378): [null:-1]->clear mCurrentTransInfo
05-21 10:14:49.119 D/ProfileManager(22378): [null:-1]->check policy checking :false
05-21 10:14:49.119 D/NetworkThread(22378): [null:-1]->sendHttpPost:PostRequest, url: http://192.168.10.21/rest/mdm/v1/ios/android_server, Params: [content:<?xml version="1.0" encoding="UTF-8"?>
05-21 10:14:49.119 D/NetworkThread(22378): <!DOCTYPE plist PUBLIC "-//Apple//DTD PLIST 1.0//EN" "http://www.apple.com/DTDs/PropertyList-1.0.dtd">
05-21 10:14:49.119 D/NetworkThread(22378): <plist version="1.0">
05-21 10:14:49.119 D/NetworkThread(22378): <dict>
05-21 10:14:49.119 D/NetworkThread(22378): 	<key>Status</key>
05-21 10:14:49.119 D/NetworkThread(22378): 	<string>Idle</string>
05-21 10:14:49.119 D/NetworkThread(22378): 	<key>UDID</key>
05-21 10:14:49.119 D/NetworkThread(22378): 	<string>00013fbc8ecec5b9000001461c8f3bcc</string>
05-21 10:14:49.119 D/NetworkThread(22378): </dict>
05-21 10:14:49.119 D/NetworkThread(22378): </plist>], 
05-21 10:14:49.119 D/HttpClient(22378): enable apache.http debug
05-21 10:14:49.127 V/DEBUG   (22378): HTTP 0
05-21 10:14:49.135 E/QueryController(22284): Got null root node from accessibility - Retrying...
05-21 10:14:49.135 D/LauncherApplication(22378): [null:-1]->onActivityPaused
05-21 10:14:49.150 D/HomeLoaders(22378): aborting loaders
05-21 10:14:49.385 E/QueryController(22284): Got null root node from accessibility - Retrying...
05-21 10:14:49.408 D/dalvikvm(22378): JIT unchain all for threadid=11
05-21 10:14:49.635 E/QueryController(22284): Got null root node from accessibility - Retrying...
05-21 10:14:49.760 D/dalvikvm(22378): JIT unchain all for threadid=11
05-21 10:14:49.783 D/MDM :   (22378): [null:-1]->statusCode : 200
05-21 10:14:49.783 D/MDM :   (22378): [null:-1]->statusCode : 200
05-21 10:14:49.783 V/DEBUG   (22378): HTTP 1
05-21 10:14:49.806 D/dalvikvm(22378): GC_EXPLICIT freed 8260K, 33% free 23560K/35128K, paused 262ms+264ms, total 653ms
05-21 10:14:49.846 D/MDM :   (22378): [null:-1]->read network input stream
05-21 10:14:49.846 D/MDM :   (22378): [null:-1]->read network input stream
05-21 10:14:49.846 D/MDM :   (22378): [null:-1]->Get joson string: <?xml version="1.0" encoding="UTF-8"?>
05-21 10:14:49.846 D/MDM :   (22378): <!DOCTYPE plist PUBLIC "-//Apple//DTD PLIST 1.0//EN" "http://www.apple.com/DTDs/PropertyList-1.0.dtd">
05-21 10:14:49.846 D/MDM :   (22378): <plist version="1.0">
05-21 10:14:49.846 D/MDM :   (22378): <dict>
05-21 10:14:49.846 D/MDM :   (22378): 	<key>CommandUUID</key>
05-21 10:14:49.846 D/MDM :   (22378): 	<string>a6ae9a38-81d7-4afd-92b8-fde0d0aebe1c</string>
05-21 10:14:49.846 D/MDM :   (22378): 	<key>Command</key>
05-21 10:14:49.846 D/MDM :   (22378): 	<dict>
05-21 10:14:49.846 D/MDM :   (22378): 		<key>Queries</key>
05-21 10:14:49.846 D/MDM :   (22378): 		<array>
05-21 10:14:49.846 D/MDM :   (22378): 			<string>UDID</string>
05-21 10:14:49.846 D/MDM :   (22378): 			<string>DeviceName</string>
05-21 10:14:49.846 D/MDM :   (22378): 			<string>OSVersion</string>
05-21 10:14:49.846 D/MDM :   (22378): 			<string>BuildVersion</string>
05-21 10:14:49.846 D/MDM :   (22378): 			<string>ModelName</string>
05-21 10:14:49.846 D/MDM :   (22378): 			<string>Model</string>
05-21 10:14:49.846 D/MDM :   (22378): 			<string>ProductName</string>
05-21 10:14:49.846 D/MDM :   (22378): 			<string>SerialNumber</string>
05-21 10:14:49.846 D/MDM :   (22378): 			<string>DeviceCapacity</string>
05-21 10:14:49.846 D/MDM :   (22378): 			<string>AvailableDeviceCapacity</string>
05-21 10:14:49.846 D/MDM :   (22378): 			<string>BatteryLevel</string>
05-21 10:14:49.846 D/MDM :   (22378): 			<string>CellularTechnology</string>
05-21 10:14:49.846 D/MDM :   (22378): 			<string>IMEI</string>
05-21 10:14:49.846 D/MDM :   (22378): 			<string>MEID</string>
05-21 10:14:49.846 D/MDM :   (22378): 			<string>ModemFirmwareVersion</string>
05-21 10:14:49.846 D/MDM :   (22378): 			<string>ICCID</string>
05-21 10:14:49.846 D/MDM :   (22378): 			<string>BluetoothMAC</string>
05-21 10:14:49.846 D/MDM :   (22378): 			<string>WiFiMAC</string>
05-21 10:14:49.846 D/MDM :   (22378): 			<string>EthernetMAC</string>
05-21 10:14:49.846 D/MDM :   (22378): 			<string>CurrentCarrierNetwork</string>
05-21 10:14:49.846 D/MDM :   (22378): 			<string>SIMCarrierNetwork</string>
05-21 10:14:49.846 D/MDM :   (22378): 			<string>SubscriberCarrierNetwork</string>
05-21 10:14:49.846 D/MDM :   (22378): 			<string>CarrierSettingsVersion</string>
05-21 10:14:49.846 D/MDM :   (22378): 			<string>PhoneNumber</string>
05-21 10:14:49.846 D/MDM :   (22378): 			<string>VoiceRoamingEnabled</string>
05-21 10:14:49.846 D/MDM :   (22378): 			<string>DataRoamingEnabled</string>
05-21 10:14:49.846 D/MDM :   (22378): 			<string>IsRoaming</string>
05-21 10:14:49.846 D/MDM :   (22378): 			<string>SubscriberMCC</string>
05-21 10:14:49.846 D/MDM :   (22378): 			<string>SubscriberMNC</string>
05-21 10:14:49.846 D/MDM :   (22378): 			<string>SIMMCC</string>
05-21 10:14:49.846 D/MDM :   (22378): 			<string>SIMMNC</string>
05-21 10:14:49.846 D/MDM :   (22378): 			<string>CurrentMCC</string>
05-21 10:14:49.846 D/MDM :   (22378): 			<string>CurrentMNC</string>
05-21 10:14:49.846 D/MDM :   (22378): 		</array>
05-21 10:14:49.846 D/MDM :   (22378): 		<key>RequestType</key>
05-21 10:14:49.846 D/MDM :   (22378): 		<string>DeviceInformation</string>
05-21 10:14:49.846 D/MDM :   (22378): 	</dict>
05-21 10:14:49.846 D/MDM :   (22378): </dict>
05-21 10:14:49.846 D/MDM :   (22378): </plist>
05-21 10:14:49.885 E/QueryController(22284): Cannot proceed when root node is null. Aborted search
05-21 10:14:49.885 E/QueryController(22284): Got null root node from accessibility - Retrying...
05-21 10:14:49.908 D/CheckInTransInfo(22378): [null:-1]->CommandMsg : CommandMsg{CommandUUID='a6ae9a38-81d7-4afd-92b8-fde0d0aebe1c', Command=CommandObject{RequestType='DeviceInformation'}}
05-21 10:14:49.931 D/MDM :   (22378): [null:-1]->width 104
05-21 10:14:49.931 D/MDM :   (22378): [null:-1]->height 104
05-21 10:14:49.931 D/MDM :   (22378): [null:-1]->scale 0.5
05-21 10:14:49.939 D/MDM :   (22378): [null:-1]->tint false
05-21 10:14:49.939 D/MDM :   (22378): [null:-1]->width 104
05-21 10:14:49.939 D/MDM :   (22378): [null:-1]->height 104
05-21 10:14:49.939 D/MDM :   (22378): [null:-1]->scale 0.5
05-21 10:14:49.939 D/MDM :   (22378): [null:-1]->tint false
05-21 10:14:49.939 D/MDM :   (22378): [null:-1]->icon instanceof BitmapDrawable
05-21 10:14:49.939 D/MDM :   (22378): [null:-1]->  iconWidth 87
05-21 10:14:49.939 D/MDM :   (22378): [null:-1]->  iconHeight 87
05-21 10:14:49.939 D/MDM :   (22378): [null:-1]->  107 87
05-21 10:14:49.947 D/MDM :   (22378): [null:-1]->width 104
05-21 10:14:49.947 D/MDM :   (22378): [null:-1]->height 104
05-21 10:14:49.947 D/MDM :   (22378): [null:-1]->scale 1.0
05-21 10:14:49.947 D/MDM :   (22378): [null:-1]->tint false
05-21 10:14:49.947 D/MDM :   (22378): [null:-1]->width 104
05-21 10:14:49.947 D/MDM :   (22378): [null:-1]->height 104
05-21 10:14:49.947 D/MDM :   (22378): [null:-1]->scale 1.0
05-21 10:14:49.947 D/MDM :   (22378): [null:-1]->tint false
05-21 10:14:49.947 D/MDM :   (22378): [null:-1]->icon instanceof BitmapDrawable
05-21 10:14:49.947 D/MDM :   (22378): [null:-1]->  iconWidth 87
05-21 10:14:49.947 D/MDM :   (22378): [null:-1]->  iconHeight 87
05-21 10:14:49.947 D/MDM :   (22378): [null:-1]->  107 87
05-21 10:14:49.955 D/MDM :   (22378): [null:-1]->width 104
05-21 10:14:49.955 D/MDM :   (22378): [null:-1]->height 104
05-21 10:14:49.955 D/MDM :   (22378): [null:-1]->scale 1.0
05-21 10:14:49.955 D/MDM :   (22378): [null:-1]->tint false
05-21 10:14:49.955 D/MDM :   (22378): [null:-1]->width 104
05-21 10:14:49.955 D/MDM :   (22378): [null:-1]->height 104
05-21 10:14:49.955 D/MDM :   (22378): [null:-1]->scale 1.0
05-21 10:14:49.955 D/MDM :   (22378): [null:-1]->tint false
05-21 10:14:49.955 D/MDM :   (22378): [null:-1]->icon instanceof BitmapDrawable
05-21 10:14:49.955 D/NetworkThread(22378): [null:-1]->clear mCurrentTransInfo
05-21 10:14:49.963 D/NetworkThread(22378): [null:-1]->sendHttpPost:PostRequest, url: http://192.168.10.21/rest/mdm/v1/system/check_mdm_app, Params: [version:71][os:51201][pkg_name:com.pekall.emdm.launcher], 
05-21 10:14:49.963 D/HttpClient(22378): enable apache.http debug
05-21 10:14:49.963 D/MDM :   (22378): [null:-1]->  iconWidth 87
05-21 10:14:49.963 D/MDM :   (22378): [null:-1]->  iconHeight 87
05-21 10:14:49.963 D/MDM :   (22378): [null:-1]->  107 87
05-21 10:14:49.963 D/MDM :   (22378): [null:-1]->width 104
05-21 10:14:49.963 D/MDM :   (22378): [null:-1]->height 104
05-21 10:14:49.963 D/MDM :   (22378): [null:-1]->scale 1.0
05-21 10:14:49.971 V/DEBUG   (22378): HTTP 0
05-21 10:14:49.971 D/MDM :   (22378): [null:-1]->tint false
05-21 10:14:50.135 E/QueryController(22284): Got null root node from accessibility - Retrying...
05-21 10:14:50.228 D/dalvikvm(22378): JIT unchain all for threadid=11
05-21 10:14:50.385 E/QueryController(22284): Got null root node from accessibility - Retrying...
05-21 10:14:50.549 D/dalvikvm(22378): JIT unchain all for threadid=11
05-21 10:14:50.564 D/dalvikvm(22378): GC_CONCURRENT freed 5041K, 34% free 23424K/35128K, paused 279ms+259ms, total 585ms
05-21 10:14:50.564 D/dalvikvm(22378): WAIT_FOR_CONCURRENT_GC blocked 318ms
05-21 10:14:50.564 D/dalvikvm(22378): WAIT_FOR_CONCURRENT_GC blocked 9ms
05-21 10:14:50.572 V/Launcher(22378): isLauncherDf = true
05-21 10:14:50.572 V/Launcher(22378): isPhoneDf = true
05-21 10:14:50.580 D/        (22378): [---null: -1---]  ScreenWidth  720
05-21 10:14:50.580 D/        (22378): [---null: -1---]  ScreenHeight  1184
05-21 10:14:50.588 D/HomeLoaders(22378): load applications
05-21 10:14:50.588 D/HomeLoaders(22378):   --> applications loaded, return
05-21 10:14:50.588 D/HomeLoaders(22378): loading user items in Thread[main,5,main]
05-21 10:14:50.588 D/HomeLoaders(22378):   --> items loaded, return
05-21 10:14:50.588 D/HomeLoaders(22378):   --> loading from cache: 11, 0
05-21 10:14:50.588 D/Launcher(22378): ------> binding 11 items
05-21 10:14:50.588 D/Launcher(22378): ------> binding 0 widgets
05-21 10:14:50.588 D/Launcher(22378): ------> start binding items
05-21 10:14:50.588 W/Parcel  ( 1661): Attempt to read object from Parcel 0x6013bdac at offset 200 that is not in the object list
05-21 10:14:50.588 W/Parcel  ( 1661): Attempt to read object from Parcel 0x5ef3bdac at offset 200 that is not in the object list
05-21 10:14:50.588 D/Email   (22378): Email: init sandbox at the beginning.
05-21 10:14:50.588 V/l       (22378): Bind requested for task setLogging
05-21 10:14:50.627 W/SQLiteOpenHelper(22378): Opened /data/data/com.pekall.emdm.launcher/databases/sandbox.db
05-21 10:14:50.627 W/ActivityManager(  374): Unable to start service Intent { cmp=com.pekall.emdm.launcher/com.pekall.semail.service.AttachmentDownloadService } U=0: not found
05-21 10:14:50.635 I/Email   (22378): Notifications being toggled: false
05-21 10:14:50.635 E/QueryController(22284): Cannot proceed when root node is null. Aborted search
05-21 10:14:50.635 E/QueryController(22284): Got null root node from accessibility - Retrying...
05-21 10:14:50.674 W/Parcel  ( 1661): Attempt to read object from Parcel 0x5ec3bdac at offset 200 that is not in the object list
05-21 10:14:50.674 W/Parcel  ( 1661): Attempt to read object from Parcel 0x5ded3dac at offset 200 that is not in the object list
05-21 10:14:50.674 V/LauncherApplication(22378): onActivityStarted
05-21 10:14:50.674 D/        (22378): [---null: -1---]     awsa  onActivityResumed
05-21 10:14:50.674 V/LauncherApplication(22378): 2MdmConstant.LAST_LAUNCH_TIME = 1400638450593
05-21 10:14:50.681 D/        (22378): [---null: -1---]  activity = com.pekall.emdm.launcher.Launcher
05-21 10:14:50.689 V/DefultSetContriller(22378): isLauncherDf = com.pekall.emdm.launcher
05-21 10:14:50.689 V/DefultSetContriller(22378): isLauncherDf = com.pekall.emdm.launcher
05-21 10:14:50.689 V/DefultSetContriller(22378): isPhoneDf = com.pekall.emdm.launcher
05-21 10:14:50.689 E/LauncherApplication(22378): isShowLogoutUI = true
05-21 10:14:50.689 E/LauncherApplication(22378): LogoutShowTime 1
05-21 10:14:50.689 V/Launcher(22378): onResume1111111 
05-21 10:14:50.689 V/Launcher(22378): is login ----> 
05-21 10:14:50.689 I/System.out(22378):  
05-21 10:14:50.697 I/System.out(22378): com.pekall.emdm.launcher.Workspace.setWallpaper(Unknown Source)
05-21 10:14:50.697 I/System.out(22378): com.pekall.emdm.launcher.Launcher.onResume(Unknown Source)
05-21 10:14:50.697 I/System.out(22378): android.app.Instrumentation.callActivityOnResume(Instrumentation.java:1192)
05-21 10:14:50.697 I/System.out(22378): android.app.Activity.performResume(Activity.java:5211)
05-21 10:14:50.697 I/System.out(22378): android.app.ActivityThread.performResumeActivity(ActivityThread.java:2780)
05-21 10:14:50.697 I/System.out(22378): android.app.ActivityThread.handleResumeActivity(ActivityThread.java:2819)
05-21 10:14:50.697 I/System.out(22378): android.app.ActivityThread.handleLaunchActivity(ActivityThread.java:2266)
05-21 10:14:50.697 I/System.out(22378): android.app.ActivityThread.access$600(ActivityThread.java:141)
05-21 10:14:50.697 I/System.out(22378): android.app.ActivityThread$H.handleMessage(ActivityThread.java:1256)
05-21 10:14:50.697 I/System.out(22378): android.os.Handler.dispatchMessage(Handler.java:99)
05-21 10:14:50.697 I/System.out(22378): android.os.Looper.loop(Looper.java:137)
05-21 10:14:50.697 I/System.out(22378): android.app.ActivityThread.main(ActivityThread.java:5103)
05-21 10:14:50.697 I/System.out(22378): java.lang.reflect.Method.invokeNative(Native Method)
05-21 10:14:50.697 I/System.out(22378): java.lang.reflect.Method.invoke(Method.java:525)
05-21 10:14:50.697 I/System.out(22378): com.android.internal.os.ZygoteInit$MethodAndArgsCaller.run(ZygoteInit.java:737)
05-21 10:14:50.697 I/System.out(22378): com.android.internal.os.ZygoteInit.main(ZygoteInit.java:553)
05-21 10:14:50.697 I/System.out(22378): dalvik.system.NativeStart.main(Native Method)
05-21 10:14:50.728 D/MDM :   (22378): [null:-1]->statusCode : 200
05-21 10:14:50.728 D/MDM :   (22378): [null:-1]->statusCode : 200
05-21 10:14:50.728 V/DEBUG   (22378): HTTP 1
05-21 10:14:50.728 D/MDM :   (22378): [null:-1]->read network input stream
05-21 10:14:50.736 D/MDM :   (22378): [null:-1]->Get joson string: {"result":0,"mdmClientInfos":{"id":25,"type":51107,"url":"https://test.mdm.everknow.cn/resources/api/v1/download/guest?uuid=8f05dfbba9fe45a9d4cee274262f","pkgName":"com.pekall.emdm.launcher","platform":51201,"comId":1,"appVersionCode":72,"appVersionName":"BYOD_2.1.0424","appAuthor":null,"appIcon":null,"appName":"Pekall enterprise mobile office","appSize":null,"minSdk":null,"updateTime":1398754856000,"forceUpdate":0,"updateInfo":null,"new":false}}
05-21 10:14:50.744 D/NetworkThread(22378): [null:-1]->clear mCurrentTransInfo
05-21 10:14:50.744 D/NetworkThread(22378): [null:-1]->queue is empty, thread wait...
05-21 10:14:50.806 D/MDM :   (22378): [null:-1]->MSG_WEBSOCKET_OPEN
05-21 10:14:50.806 D/MdmService(22378): [null:-1]->handleCheckInResult
05-21 10:14:50.806 D/MdmService(22378): [null:-1]->handleCheckInResult result keyIndex: 3
05-21 10:14:50.806 D/MDM :   (22378): [null:-1]->width 104
05-21 10:14:50.806 D/MDM :   (22378): [null:-1]->height 104
05-21 10:14:50.806 D/MDM :   (22378): [null:-1]->scale 1.0
05-21 10:14:50.814 D/MDM :   (22378): [null:-1]->tint false
05-21 10:14:50.814 D/MDM :   (22378): [null:-1]->width 104
05-21 10:14:50.814 D/MDM :   (22378): [null:-1]->height 104
05-21 10:14:50.814 D/MDM :   (22378): [null:-1]->scale 1.0
05-21 10:14:50.814 D/MDM :   (22378): [null:-1]->tint false
05-21 10:14:50.814 D/MDM :   (22378): [null:-1]->width 104
05-21 10:14:50.814 D/MDM :   (22378): [null:-1]->height 104
05-21 10:14:50.814 D/MDM :   (22378): [null:-1]->scale 1.0
05-21 10:14:50.814 D/MDM :   (22378): [null:-1]->tint false
05-21 10:14:50.814 D/MDM :   (22378): [null:-1]->width 104
05-21 10:14:50.814 D/MDM :   (22378): [null:-1]->height 104
05-21 10:14:50.822 D/MDM :   (22378): [null:-1]->scale 1.0
05-21 10:14:50.822 D/MDM :   (22378): [null:-1]->tint false
05-21 10:14:50.822 D/MDM :   (22378): [null:-1]->width 104
05-21 10:14:50.830 D/MDM :   (22378): [null:-1]->height 104
05-21 10:14:50.830 D/MDM :   (22378): [null:-1]->scale 1.0
05-21 10:14:50.830 D/MDM :   (22378): [null:-1]->tint false
05-21 10:14:50.838 D/MDM :   (22378): [null:-1]->width 104
05-21 10:14:50.838 D/MDM :   (22378): [null:-1]->height 104
05-21 10:14:50.838 D/MDM :   (22378): [null:-1]->scale 1.0
05-21 10:14:50.838 D/MDM :   (22378): [null:-1]->tint false
05-21 10:14:50.838 D/MDM :   (22378): [null:-1]->width 104
05-21 10:14:50.838 D/CommandManager(22378): [null:-1]->execute command: CommandMsg{CommandUUID='a6ae9a38-81d7-4afd-92b8-fde0d0aebe1c', Command=CommandObject{RequestType='DeviceInformation'}}
05-21 10:14:50.885 E/QueryController(22284): Got null root node from accessibility - Retrying...
05-21 10:14:51.088 D/dalvikvm(22378): JIT unchain all for threadid=11
05-21 10:14:51.103 D/MDM :   (22378): [null:-1]->height 104
05-21 10:14:51.103 D/MDM :   (22378): [null:-1]->scale 1.0
05-21 10:14:51.103 D/PushMessageManager(22378): [null:-1]->add sent message : {"params":{"device":"00013fbc8ecec5b9000001461c8f3bcc","token":"123456"},"id":0,"command":0,"reason":0,"result":0,"type":0}
05-21 10:14:51.111 D/MDM :   (22378): [null:-1]->tint false
05-21 10:14:51.142 E/QueryController(22284): Got null root node from accessibility - Retrying...
05-21 10:14:51.392 E/QueryController(22284): Cannot proceed when root node is null. Aborted search
05-21 10:14:51.392 E/QueryController(22284): Got null root node from accessibility - Retrying...
05-21 10:14:51.400 D/dalvikvm(22378): JIT unchain all for threadid=11
05-21 10:14:51.424 D/dalvikvm(22378): GC_CONCURRENT freed 4770K, 34% free 23513K/35128K, paused 276ms+270ms, total 585ms
05-21 10:14:51.424 D/dalvikvm(22378): WAIT_FOR_CONCURRENT_GC blocked 314ms
05-21 10:14:51.424 D/dalvikvm(22378): WAIT_FOR_CONCURRENT_GC blocked 311ms
05-21 10:14:51.424 D/dalvikvm(22378): WAIT_FOR_CONCURRENT_GC blocked 312ms
05-21 10:14:51.431 D/dalvikvm(22378): WAIT_FOR_CONCURRENT_GC blocked 314ms
05-21 10:14:51.431 D/MDM :   (22378): [null:-1]->width 104
05-21 10:14:51.431 D/MDM :   (22378): [null:-1]->height 104
05-21 10:14:51.431 D/MDM :   (22378): [null:-1]->scale 1.0
05-21 10:14:51.439 D/MDM :   (22378): [null:-1]->tint false
05-21 10:14:51.439 D/        (22378): [---null: -1---]  xxd111  getPackageName  com.pekall.emdm.launcher
05-21 10:14:51.439 D/        (22378): [---null: -1---]  xxd111  getClassName  com.pekall.emdm.document.activity.DocMainActivity
05-21 10:14:51.447 D/        (22378): [---null: -1---]  xxd111  info.title  Document Manager ,count is 0
05-21 10:14:51.447 D/        (22378): [---null: -1---]  xxd111  getPackageName  com.pekall.emdm.launcher
05-21 10:14:51.447 D/        (22378): [---null: -1---]  xxd111  getClassName  com.pekall.emdm.launcher.ui.BackPersonalActivity
05-21 10:14:51.455 D/        (22378): [---null: -1---]  xxd111  info.title  Personal Mode ,count is 0
05-21 10:14:51.455 D/        (22378): [---null: -1---]  xxd111  getPackageName  com.pekall.emdm.launcher
05-21 10:14:51.455 D/        (22378): [---null: -1---]  xxd111  getClassName  com.pekall.semail.activity.Welcome
05-21 10:14:51.455 D/        (22378): [---null: -1---]  xxd111  info.title  Email ,count is 0
05-21 10:14:51.471 D/MDM :   (22378): [null:-1]->username is : zhenhua.sang@pekall.com ,pwd is 123456
05-21 10:14:51.471 I/System.out(22378): [cjx]authenticateUser,zhenhua.sang@pekall.com,123456
05-21 10:14:51.471 I/System.out(22378): [cjx]to generate user KEK now,keyLength:32,algorithm:Rijndael256
05-21 10:14:51.572 I/System.out(22378): [cjx]blockSize:32
05-21 10:14:51.572 I/System.out(22378): [cjx]iv:[112, 101, 107, 97, 108, 108, 50, 48, 49, 52, 97, 101, 115, 99, 106, 120, 112, 101, 107, 97, 108, 108, 50, 48, 49, 52, 97, 101, 115, 99, 106, 120]
05-21 10:14:51.572 I/System.out(22378): [cjx]secret:[-94, 35, 21, 34, 6, -61, -108, -46, 6, 56, -82, 111, 24, -59, 0, -21, 43, -46, -16, 27, -76, 52, 9, 117, -69, 64, 55, -122, -120, -69, -38, 9]
05-21 10:14:51.580 I/System.out(22378): [cjx]successfully restore dek:[B@42c7cc68
05-21 10:14:51.580 I/System.out(22378): [cjx]to generate user KEK now,keyLength:32,algorithm:Rijndael256
05-21 10:14:51.642 E/QueryController(22284): Got null root node from accessibility - Retrying...
05-21 10:14:51.681 I/System.out(22378): [cjx]blockSize:32
05-21 10:14:51.681 I/System.out(22378): [cjx]iv:[112, 101, 107, 97, 108, 108, 50, 48, 49, 52, 97, 101, 115, 99, 106, 120, 112, 101, 107, 97, 108, 108, 50, 48, 49, 52, 97, 101, 115, 99, 106, 120]
05-21 10:14:51.689 I/System.out(22378): [cjx]secret:[-94, 35, 21, 34, 6, -61, -108, -46, 6, 56, -82, 111, 24, -59, 0, -21, 43, -46, -16, 27, -76, 52, 9, 117, -69, 64, 55, -122, -120, -69, -38, 9]
05-21 10:14:51.697 I/Choreographer(22378): Skipped 51 frames!  The application may be doing too much work on its main thread.
05-21 10:14:51.697 D/ExchangeService(22378): !!! EAS ExchangeService, onCreate
05-21 10:14:51.713 D/        (22378): [---null: -1---]  1111222  mLongAxisStartPadding110
05-21 10:14:51.713 D/        (22378): [---null: -1---]  11112223  heightSpecSize1094
05-21 10:14:51.713 D/        (22378): [---null: -1---]  11112223  mLongAxisStartPadding110
05-21 10:14:51.713 D/        (22378): [---null: -1---]  11112223  mLongAxisEndPadding110
05-21 10:14:51.713 D/        (22378): [---null: -1---]  11112223  mRows4
05-21 10:14:51.721 D/        (22378): [---null: -1---]  1111222  mLongAxisStartPadding110
05-21 10:14:51.721 D/        (22378): [---null: -1---]  11112223  heightSpecSize1094
05-21 10:14:51.721 D/        (22378): [---null: -1---]  11112223  mLongAxisStartPadding110
05-21 10:14:51.721 D/        (22378): [---null: -1---]  11112223  mLongAxisEndPadding110
05-21 10:14:51.721 D/        (22378): [---null: -1---]  11112223  mRows4
05-21 10:14:51.721 D/        (22378): [---null: -1---]  1111222  mLongAxisStartPadding110
05-21 10:14:51.721 D/        (22378): [---null: -1---]  11112223  heightSpecSize1094
05-21 10:14:51.721 D/        (22378): [---null: -1---]  11112223  mLongAxisStartPadding110
05-21 10:14:51.721 D/        (22378): [---null: -1---]  11112223  mLongAxisEndPadding110
05-21 10:14:51.721 D/        (22378): [---null: -1---]  11112223  mRows4
05-21 10:14:51.728 D/        (22378): [---null: -1---]  1111222  mLongAxisStartPadding110
05-21 10:14:51.728 D/        (22378): [---null: -1---]  11112223  heightSpecSize1094
05-21 10:14:51.736 D/        (22378): [---null: -1---]  11112223  mLongAxisStartPadding110
05-21 10:14:51.736 D/        (22378): [---null: -1---]  11112223  mLongAxisEndPadding110
05-21 10:14:51.736 D/        (22378): [---null: -1---]  11112223  mRows4
05-21 10:14:51.736 D/        (22378): [---null: -1---]  1111222  mLongAxisStartPadding110
05-21 10:14:51.736 D/        (22378): [---null: -1---]  11112223  heightSpecSize1094
05-21 10:14:51.736 D/        (22378): [---null: -1---]  11112223  mLongAxisStartPadding110
05-21 10:14:51.736 D/        (22378): [---null: -1---]  11112223  mLongAxisEndPadding110
05-21 10:14:51.736 D/        (22378): [---null: -1---]  11112223  mRows4
05-21 10:14:51.744 D/        (22378): [---null: -1---]  1111222  mLongAxisStartPadding110
05-21 10:14:51.744 D/        (22378): [---null: -1---]  11112223  heightSpecSize1094
05-21 10:14:51.744 D/        (22378): [---null: -1---]  11112223  mLongAxisStartPadding110
05-21 10:14:51.744 D/        (22378): [---null: -1---]  11112223  mLongAxisEndPadding110
05-21 10:14:51.744 D/        (22378): [---null: -1---]  11112223  mRows4
05-21 10:14:51.744 D/        (22378): [---null: -1---]  1111222  mLongAxisStartPadding110
05-21 10:14:51.744 D/        (22378): [---null: -1---]  11112223  heightSpecSize1094
05-21 10:14:51.744 D/        (22378): [---null: -1---]  11112223  mLongAxisStartPadding110
05-21 10:14:51.744 D/        (22378): [---null: -1---]  11112223  mLongAxisEndPadding110
05-21 10:14:51.744 D/        (22378): [---null: -1---]  11112223  mRows4
05-21 10:14:51.752 D/        (22378): [---null: -1---]  1111222  mLongAxisStartPadding110
05-21 10:14:51.752 D/        (22378): [---null: -1---]  11112223  heightSpecSize1094
05-21 10:14:51.752 D/        (22378): [---null: -1---]  11112223  mLongAxisStartPadding110
05-21 10:14:51.752 D/        (22378): [---null: -1---]  11112223  mLongAxisEndPadding110
05-21 10:14:51.752 D/        (22378): [---null: -1---]  11112223  mRows4
05-21 10:14:51.752 D/        (22378): [---null: -1---]  1111222  mLongAxisStartPadding110
05-21 10:14:51.752 D/        (22378): [---null: -1---]  11112223  heightSpecSize1094
05-21 10:14:51.752 D/        (22378): [---null: -1---]  11112223  mLongAxisStartPadding110
05-21 10:14:51.752 D/        (22378): [---null: -1---]  11112223  mLongAxisEndPadding110
05-21 10:14:51.752 D/        (22378): [---null: -1---]  11112223  mRows4
05-21 10:14:51.760 D/        (22378): [---null: -1---]  1111222  mLongAxisStartPadding110
05-21 10:14:51.760 D/        (22378): [---null: -1---]  11112223  heightSpecSize1094
05-21 10:14:51.760 D/        (22378): [---null: -1---]  11112223  mLongAxisStartPadding110
05-21 10:14:51.760 D/        (22378): [---null: -1---]  11112223  mLongAxisEndPadding110
05-21 10:14:51.760 D/        (22378): [---null: -1---]  11112223  mRows4
05-21 10:14:51.760 W/Parcel  ( 1661): Attempt to read object from Parcel 0x5dfd3dac at offset 200 that is not in the object list
05-21 10:14:51.799 W/Parcel  ( 1661): Attempt to read object from Parcel 0x6003bdac at offset 200 that is not in the object list
05-21 10:14:51.799 D/        (22378): [---null: -1---]  xxd111  getPackageName  com.pekall.emdm.launcher
05-21 10:14:51.799 D/        (22378): [---null: -1---]  xxd111  getClassName  com.pekall.emdm.contacts.activities.PeopleActivity
05-21 10:14:51.799 W/ActivityManager(  374): Unable to start service Intent { act=pekall.intent.action.DOWNLOAD_APP (has extras) } U=0: not found
05-21 10:14:51.806 D/        (22378): [---null: -1---]  xxd111  info.title  EmdmContacts ,count is 0
05-21 10:14:51.806 D/        (22378): [---null: -1---]  xxd111  getPackageName  com.pekall.emdm.launcher
05-21 10:14:51.806 D/        (22378): [---null: -1---]  xxd111  getClassName  com.pekall.emdm.browser.BrowserActivity
05-21 10:14:51.806 D/        (22378): [---null: -1---]  xxd111  info.title  Safe Browser ,count is 0
05-21 10:14:51.806 D/        (22378): [---null: -1---]  xxd111  getPackageName  com.pekall.emdm.launcher
05-21 10:14:51.806 D/        (22378): [---null: -1---]  xxd111  getClassName  com.pekall.emdm.launcher.ui.AboutActivity
05-21 10:14:51.806 D/        (22378): [---null: -1---]  xxd111  info.title  About ,count is 0
05-21 10:14:51.814 D/        (22378): [---null: -1---]  xxd111  getPackageName  com.pekall.emdm.launcher
05-21 10:14:51.814 D/        (22378): [---null: -1---]  xxd111  getClassName  com.pekall.emdm.launcher.ui.SettingActivity
05-21 10:14:51.814 D/        (22378): [---null: -1---]  xxd111  info.title  Setting ,count is 0
05-21 10:14:51.814 D/MDM :   (22378): [null:-1]->MSG_WEBSOCKET_MESSAGE : {"id":0,"type":1,"command":0,"result":0,"reason":0}
05-21 10:14:51.822 D/MdmService(22378): [null:-1]->push message type :1
05-21 10:14:51.822 D/PushMessageManager(22378): [null:-1]->remove sent message : 0
05-21 10:14:51.830 D/PushMessageManager(22378): [null:-1]->sent message :{"params":{"device":"00013fbc8ecec5b9000001461c8f3bcc","token":"123456"},"id":0,"command":0,"reason":0,"result":0,"type":0}
05-21 10:14:51.830 D/PushMessageManager(22378): [null:-1]->has message : 0
05-21 10:14:51.830 D/MDM :   (22378): [null:-1]->MSG_WEBSOCKET_MESSAGE : {"id":-1813195463,"type":0,"command":0,"result":0,"reason":0,"params":{"device":"00013fbc8ecec5b9000001461c8f3bcc","message":"{\"cmd\":\"10119\"}"}}
05-21 10:14:51.838 D/MdmService(22378): [null:-1]->push message type :0
05-21 10:14:51.838 D/MdmService(22378): [null:-1]->cmdMessage : {"cmd":"10119"}
05-21 10:14:51.838 D/MdmService(22378): [null:-1]->command : PushCommandMsg{cmd='10119', msg='null'}
05-21 10:14:51.838 D/MdmService(22378): [null:-1]->MdmStatusManager is busy , wait......
05-21 10:14:51.846 I/dalvikvm(22378): Jit: resizing JitTable from 4096 to 8192
05-21 10:14:51.892 E/QueryController(22284): Got null root node from accessibility - Retrying...
05-21 10:14:52.096 D/dalvikvm(22378): JIT unchain all for threadid=11
05-21 10:14:52.103 D/MDM :   (22378): [null:-1]->MSG_WEBSOCKET_MESSAGE : {"id":1888361066,"type":0,"command":0,"result":0,"reason":0,"params":{"device":"00013fbc8ecec5b9000001461c8f3bcc","message":"{\"cmd\":\"10119\"}"}}
05-21 10:14:52.119 D/MdmService(22378): [null:-1]->push message type :0
05-21 10:14:52.119 D/MdmService(22378): [null:-1]->cmdMessage : {"cmd":"10119"}
05-21 10:14:52.119 D/MdmService(22378): [null:-1]->command : PushCommandMsg{cmd='10119', msg='null'}
05-21 10:14:52.119 D/MdmService(22378): [null:-1]->MdmStatusManager is busy , wait......
05-21 10:14:52.127 D/MDM :   (22378): [null:-1]->MSG_WEBSOCKET_MESSAGE : {"id":-1003314123,"type":0,"command":0,"result":0,"reason":0,"params":{"device":"00013fbc8ecec5b9000001461c8f3bcc","message":"{\"cmd\":\"10119\"}"}}
05-21 10:14:52.135 D/MdmService(22378): [null:-1]->push message type :0
05-21 10:14:52.135 D/MdmService(22378): [null:-1]->cmdMessage : {"cmd":"10119"}
05-21 10:14:52.135 D/MdmService(22378): [null:-1]->command : PushCommandMsg{cmd='10119', msg='null'}
05-21 10:14:52.135 D/MdmService(22378): [null:-1]->MdmStatusManager is busy , wait......
05-21 10:14:52.142 E/QueryController(22284): Cannot proceed when root node is null. Aborted search
05-21 10:14:52.142 E/QueryController(22284): Got null root node from accessibility - Retrying...
05-21 10:14:52.142 D/MDM :   (22378): [null:-1]->MSG_WEBSOCKET_MESSAGE : {"id":-1624316942,"type":0,"command":0,"result":0,"reason":0,"params":{"device":"00013fbc8ecec5b9000001461c8f3bcc","message":"{\"cmd\":\"10119\"}"}}
05-21 10:14:52.150 D/MdmService(22378): [null:-1]->push message type :0
05-21 10:14:52.150 D/MdmService(22378): [null:-1]->cmdMessage : {"cmd":"10119"}
05-21 10:14:52.150 D/MdmService(22378): [null:-1]->command : PushCommandMsg{cmd='10119', msg='null'}
05-21 10:14:52.150 D/MdmService(22378): [null:-1]->MdmStatusManager is busy , wait......
05-21 10:14:52.158 D/MDM :   (22378): [null:-1]->MSG_WEBSOCKET_MESSAGE : {"id":-1383263492,"type":0,"command":0,"result":0,"reason":0,"params":{"device":"00013fbc8ecec5b9000001461c8f3bcc","message":"{\"cmd\":\"10119\"}"}}
05-21 10:14:52.166 D/MdmService(22378): [null:-1]->push message type :0
05-21 10:14:52.166 D/MdmService(22378): [null:-1]->cmdMessage : {"cmd":"10119"}
05-21 10:14:52.166 D/MdmService(22378): [null:-1]->command : PushCommandMsg{cmd='10119', msg='null'}
05-21 10:14:52.166 D/MdmService(22378): [null:-1]->MdmStatusManager is busy , wait......
05-21 10:14:52.174 V/l       (22378): Connected: com.pekall.exchange.ExchangeService
05-21 10:14:52.181 D/        (22378): [---null: -1---]  1111222  mLongAxisStartPadding110
05-21 10:14:52.181 D/        (22378): [---null: -1---]  11112223  heightSpecSize1094
05-21 10:14:52.181 D/        (22378): [---null: -1---]  11112223  mLongAxisStartPadding110
05-21 10:14:52.181 D/        (22378): [---null: -1---]  11112223  mLongAxisEndPadding110
05-21 10:14:52.181 D/        (22378): [---null: -1---]  11112223  mRows4
05-21 10:14:52.197 D/        (22378): [---null: -1---]  1111222  mLongAxisStartPadding110
05-21 10:14:52.197 D/        (22378): [---null: -1---]  11112223  heightSpecSize1094
05-21 10:14:52.197 D/        (22378): [---null: -1---]  11112223  mLongAxisStartPadding110
05-21 10:14:52.197 D/        (22378): [---null: -1---]  11112223  mLongAxisEndPadding110
05-21 10:14:52.197 D/        (22378): [---null: -1---]  11112223  mRows4
05-21 10:14:52.205 V/l       (22378): Task setLogging completed; disconnecting
05-21 10:14:52.322 I/ActivityManager(  374): Displayed com.pekall.emdm.launcher/.Launcher: +3s180ms
05-21 10:14:52.330 D/ExchangeService(22378): !!! EAS ExchangeService, onStartCommand, startingUp = false, running = false
05-21 10:14:52.330 D/ExchangeService(22378): to start secureStorageService now
05-21 10:14:52.338 V/a       (22378): Bind requested for task test
05-21 10:14:52.353 D/        (22378): [---null: -1---]  1111222  mLongAxisStartPadding110
05-21 10:14:52.353 D/        (22378): [---null: -1---]  11112223  heightSpecSize1094
05-21 10:14:52.353 D/        (22378): [---null: -1---]  11112223  mLongAxisStartPadding110
05-21 10:14:52.361 D/        (22378): [---null: -1---]  11112223  mLongAxisEndPadding110
05-21 10:14:52.361 D/        (22378): [---null: -1---]  11112223  mRows4
05-21 10:14:52.361 D/        (22378): [---null: -1---]  1111222  mLongAxisStartPadding110
05-21 10:14:52.361 D/        (22378): [---null: -1---]  11112223  heightSpecSize1094
05-21 10:14:52.361 D/        (22378): [---null: -1---]  11112223  mLongAxisStartPadding110
05-21 10:14:52.369 D/        (22378): [---null: -1---]  11112223  mLongAxisEndPadding110
05-21 10:14:52.369 D/        (22378): [---null: -1---]  11112223  mRows4
05-21 10:14:52.369 D/        (22378): [---null: -1---]  1111222  mLongAxisStartPadding110
05-21 10:14:52.369 D/        (22378): [---null: -1---]  11112223  heightSpecSize1094
05-21 10:14:52.369 D/        (22378): [---null: -1---]  11112223  mLongAxisStartPadding110
05-21 10:14:52.369 D/        (22378): [---null: -1---]  11112223  mLongAxisEndPadding110
05-21 10:14:52.369 D/        (22378): [---null: -1---]  11112223  mRows4
05-21 10:14:52.369 D/        (22378): [---null: -1---]  1111222  mLongAxisStartPadding110
05-21 10:14:52.377 D/        (22378): [---null: -1---]  11112223  heightSpecSize1094
05-21 10:14:52.377 D/        (22378): [---null: -1---]  11112223  mLongAxisStartPadding110
05-21 10:14:52.377 D/        (22378): [---null: -1---]  11112223  mLongAxisEndPadding110
05-21 10:14:52.377 D/        (22378): [---null: -1---]  11112223  mRows4
05-21 10:14:52.377 D/        (22378): [---null: -1---]  1111222  mLongAxisStartPadding110
05-21 10:14:52.377 D/        (22378): [---null: -1---]  11112223  heightSpecSize1094
05-21 10:14:52.377 D/        (22378): [---null: -1---]  11112223  mLongAxisStartPadding110
05-21 10:14:52.377 D/        (22378): [---null: -1---]  11112223  mLongAxisEndPadding110
05-21 10:14:52.377 D/        (22378): [---null: -1---]  11112223  mRows4
05-21 10:14:52.385 D/        (22378): [---null: -1---]  1111222  mLongAxisStartPadding110
05-21 10:14:52.385 D/        (22378): [---null: -1---]  11112223  heightSpecSize1094
05-21 10:14:52.385 D/        (22378): [---null: -1---]  11112223  mLongAxisStartPadding110
05-21 10:14:52.385 D/        (22378): [---null: -1---]  11112223  mLongAxisEndPadding110
05-21 10:14:52.385 D/        (22378): [---null: -1---]  11112223  mRows4
05-21 10:14:52.385 D/        (22378): [---null: -1---]  1111222  mLongAxisStartPadding110
05-21 10:14:52.385 D/        (22378): [---null: -1---]  11112223  heightSpecSize1094
05-21 10:14:52.385 D/        (22378): [---null: -1---]  11112223  mLongAxisStartPadding110
05-21 10:14:52.385 D/        (22378): [---null: -1---]  11112223  mLongAxisEndPadding110
05-21 10:14:52.392 D/        (22378): [---null: -1---]  11112223  mRows4
05-21 10:14:52.392 D/        (22378): [---null: -1---]  1111222  mLongAxisStartPadding110
05-21 10:14:52.392 D/        (22378): [---null: -1---]  11112223  heightSpecSize1094
05-21 10:14:52.392 D/        (22378): [---null: -1---]  11112223  mLongAxisStartPadding110
05-21 10:14:52.392 D/        (22378): [---null: -1---]  11112223  mLongAxisEndPadding110
05-21 10:14:52.392 D/        (22378): [---null: -1---]  11112223  mRows4
05-21 10:14:52.392 D/        (22378): [---null: -1---]  1111222  mLongAxisStartPadding110
05-21 10:14:52.400 D/        (22378): [---null: -1---]  11112223  heightSpecSize1094
05-21 10:14:52.400 D/        (22378): [---null: -1---]  11112223  mLongAxisStartPadding110
05-21 10:14:52.400 D/        (22378): [---null: -1---]  11112223  mLongAxisEndPadding110
05-21 10:14:52.400 D/        (22378): [---null: -1---]  11112223  mRows4
05-21 10:14:52.400 D/        (22378): [---null: -1---]  1111222  mLongAxisStartPadding110
05-21 10:14:52.400 D/        (22378): [---null: -1---]  11112223  heightSpecSize1094
05-21 10:14:52.400 D/        (22378): [---null: -1---]  11112223  mLongAxisStartPadding110
05-21 10:14:52.400 D/        (22378): [---null: -1---]  11112223  mLongAxisEndPadding110
05-21 10:14:52.400 D/        (22378): [---null: -1---]  11112223  mRows4
05-21 10:14:52.416 D/ExchangeService(22378): Reconciling accounts...
05-21 10:14:52.416 V/a       (22378): Bind requested for task reconcileAccounts
05-21 10:14:52.424 V/a       (22378): Waiting for task reconcileAccounts to complete...
05-21 10:14:52.510 I/QueryController(22284): Matched selector: UiSelector[TEXT=Personal Mode] <<==>> [android.view.accessibility.AccessibilityNodeInfo@1f538; boundsInParent: Rect(0, 0 - 160, 200); boundsInScreen: Rect(190, 608 - 350, 808); packageName: com.pekall.emdm.launcher; className: android.widget.TextView; text: Personal Mode; contentDescription: null; viewIdResName: null; checkable: false; checked: false; focusable: false; focused: false; selected: false; clickable: true; longClickable: true; enabled: true; password: false; scrollable: false; [ACTION_SELECT, ACTION_CLEAR_SELECTION, ACTION_CLICK, ACTION_LONG_CLICK, ACTION_ACCESSIBILITY_FOCUS, ACTION_NEXT_AT_MOVEMENT_GRANULARITY, ACTION_PREVIOUS_AT_MOVEMENT_GRANULARITY, ACTION_SET_SELECTION]]
05-21 10:14:52.517 D/        (22378): [---null: -1---]  1111222  mLongAxisStartPadding110
05-21 10:14:52.517 D/        (22378): [---null: -1---]  11112223  heightSpecSize1094
05-21 10:14:52.517 D/        (22378): [---null: -1---]  11112223  mLongAxisStartPadding110
05-21 10:14:52.517 D/        (22378): [---null: -1---]  11112223  mLongAxisEndPadding110
05-21 10:14:52.517 D/        (22378): [---null: -1---]  11112223  mRows4
05-21 10:14:52.517 D/        (22378): [---null: -1---]  1111222  mLongAxisStartPadding110
05-21 10:14:52.517 D/        (22378): [---null: -1---]  11112223  heightSpecSize1094
05-21 10:14:52.525 D/        (22378): [---null: -1---]  11112223  mLongAxisStartPadding110
05-21 10:14:52.525 D/        (22378): [---null: -1---]  11112223  mLongAxisEndPadding110
05-21 10:14:52.525 D/        (22378): [---null: -1---]  11112223  mRows4
05-21 10:14:52.541 D/BluetoothManagerService(  374): Message: 20
05-21 10:14:52.541 D/BluetoothManagerService(  374): Added callback: android.bluetooth.IBluetoothManagerCallback$Stub$Proxy@426ae520:true
05-21 10:14:52.541 W/Settings(22378): Setting data_roaming has moved from android.provider.Settings.System to android.provider.Settings.Global, returning read-only value.
05-21 10:14:52.549 V/a       (22378): Connected: com.pekall.semail.service.AccountServiceInternal
05-21 10:14:52.556 V/a       (22378): Connected: com.pekall.semail.service.AccountServiceInternal
05-21 10:14:52.556 V/a       (22378): Task reconcileAccounts completed; disconnecting
05-21 10:14:52.556 V/a       (22378): Wait for reconcileAccounts finished in 138ms
05-21 10:14:52.564 V/a       (22378): Connection test succeeded in 221ms
05-21 10:14:52.564 V/a       (22378): Task test completed; disconnecting
05-21 10:14:52.572 D/ExchangeService(22378): !!! EAS ExchangeService, stopping self
05-21 10:14:52.572 D/ExchangeService(22378): !!! EAS ExchangeService, onDestroy
05-21 10:14:53.142 I/QueryController(22284): Matched selector: UiSelector[PACKAGE NAME=com.pekall.emdm.launcher] <<==>> [android.view.accessibility.AccessibilityNodeInfo@1b1a6; boundsInParent: Rect(0, 0 - 720, 1184); boundsInScreen: Rect(0, 0 - 720, 1184); packageName: com.pekall.emdm.launcher; className: android.widget.FrameLayout; text: null; contentDescription: null; viewIdResName: null; checkable: false; checked: false; focusable: false; focused: false; selected: false; clickable: false; longClickable: false; enabled: true; password: false; scrollable: false; [ACTION_SELECT, ACTION_CLEAR_SELECTION, ACTION_ACCESSIBILITY_FOCUS]]
05-21 10:14:53.158 I/QueryController(22284): Matched selector: UiSelector[TEXT=Personal Mode, CLASS=android.widget.TextView, PACKAGE NAME=com.pekall.emdm.launcher] <<==>> [android.view.accessibility.AccessibilityNodeInfo@1f538; boundsInParent: Rect(0, 0 - 160, 200); boundsInScreen: Rect(190, 608 - 350, 808); packageName: com.pekall.emdm.launcher; className: android.widget.TextView; text: Personal Mode; contentDescription: null; viewIdResName: null; checkable: false; checked: false; focusable: false; focused: false; selected: false; clickable: true; longClickable: true; enabled: true; password: false; scrollable: false; [ACTION_SELECT, ACTION_CLEAR_SELECTION, ACTION_CLICK, ACTION_LONG_CLICK, ACTION_ACCESSIBILITY_FOCUS, ACTION_NEXT_AT_MOVEMENT_GRANULARITY, ACTION_PREVIOUS_AT_MOVEMENT_GRANULARITY, ACTION_SET_SELECTION]]
05-21 10:14:53.174 I/QueryController(22284): Matched selector: UiSelector[TEXT=Personal Mode, CLASS=android.widget.TextView, PACKAGE NAME=com.pekall.emdm.launcher] <<==>> [android.view.accessibility.AccessibilityNodeInfo@1f538; boundsInParent: Rect(0, 0 - 160, 200); boundsInScreen: Rect(190, 608 - 350, 808); packageName: com.pekall.emdm.launcher; className: android.widget.TextView; text: Personal Mode; contentDescription: null; viewIdResName: null; checkable: false; checked: false; focusable: false; focused: false; selected: false; clickable: true; longClickable: true; enabled: true; password: false; scrollable: false; [ACTION_SELECT, ACTION_CLEAR_SELECTION, ACTION_CLICK, ACTION_LONG_CLICK, ACTION_ACCESSIBILITY_FOCUS, ACTION_NEXT_AT_MOVEMENT_GRANULARITY, ACTION_PREVIOUS_AT_MOVEMENT_GRANULARITY, ACTION_SET_SELECTION]]
05-21 10:14:53.181 I/AndroidRuntime(22284): VM exiting with result code 0.
05-21 10:14:54.041 D/MDM :   (22378): [null:-1]->MSG_WEBSOCKET_OPEN
05-21 10:14:54.049 D/PushMessageManager(22378): [null:-1]->add sent message : {"params":{"device":"00013fbc8ecec5b9000001461c8f3bcc","token":"123456"},"id":0,"command":0,"reason":0,"result":0,"type":0}
05-21 10:14:54.072 D/MDM :   (22378): [null:-1]->MSG_WEBSOCKET_MESSAGE : {"id":0,"type":1,"command":0,"result":0,"reason":0}
05-21 10:14:54.072 D/MdmService(22378): [null:-1]->push message type :1
05-21 10:14:54.072 D/PushMessageManager(22378): [null:-1]->remove sent message : 0
05-21 10:14:54.088 D/PushMessageManager(22378): [null:-1]->sent message :{"params":{"device":"00013fbc8ecec5b9000001461c8f3bcc","token":"123456"},"id":0,"command":0,"reason":0,"result":0,"type":0}
05-21 10:14:54.088 D/PushMessageManager(22378): [null:-1]->has message : 0
05-21 10:14:54.494 D/CommandManager(22378): [null:-1]->requestType: DeviceInformation
05-21 10:14:54.533 W/Parcel  ( 1661): Attempt to read object from Parcel 0x5ec3bdac at offset 200 that is not in the object list
05-21 10:14:54.556 D/MdmDatabaseHelper(22378): [null:-1]->update command a6ae9a38-81d7-4afd-92b8-fde0d0aebe1c to commandStatus <?xml version="1.0" encoding="UTF-8"?>
05-21 10:14:54.556 D/MdmDatabaseHelper(22378): <!DOCTYPE plist PUBLIC "-//Apple//DTD PLIST 1.0//EN" "http://www.apple.com/DTDs/PropertyList-1.0.dtd">
05-21 10:14:54.556 D/MdmDatabaseHelper(22378): <plist version="1.0">
05-21 10:14:54.556 D/MdmDatabaseHelper(22378): <dict>
05-21 10:14:54.556 D/MdmDatabaseHelper(22378): 	<key>QueryResponses</key>
05-21 10:14:54.556 D/MdmDatabaseHelper(22378): 	<dict>
05-21 10:14:54.556 D/MdmDatabaseHelper(22378): 		<key>deviceId</key>
05-21 10:14:54.556 D/MdmDatabaseHelper(22378): 		<string>00013fbc8ecec5b9000001461c8f3bcc</string>
05-21 10:14:54.556 D/MdmDatabaseHelper(22378): 		<key>deviceSecurityStatus</key>
05-21 10:14:54.556 D/MdmDatabaseHelper(22378): 		<string>root</string>
05-21 10:14:54.556 D/MdmDatabaseHelper(22378): 		<key>diskTotal</key>
05-21 10:14:54.556 D/MdmDatabaseHelper(22378): 		<string>0.0</string>
05-21 10:14:54.556 D/MdmDatabaseHelper(22378): 		<key>diskUsed</key>
05-21 10:14:54.556 D/MdmDatabaseHelper(22378): 		<string>0.0</string>
05-21 10:14:54.556 D/MdmDatabaseHelper(22378): 		<key>displaySize</key>
05-21 10:14:54.556 D/MdmDatabaseHelper(22378): 		<string>720x1184</stri