05-21 04:52:00.025 W/ActivityManager(  374): Scheduling restart of crashed service com.google.android.apps.maps/com.google.android.location.internal.server.GoogleLocationService in 5000ms
05-21 04:52:05.041 I/ActivityManager(  374): Start proc com.google.android.apps.maps:GoogleLocationService for service com.google.android.apps.maps/com.google.android.location.internal.server.GoogleLocationService: pid=18219 uid=10038 gids={50038, 3003, 1015, 1028}
05-21 04:52:05.931 I/ActivityManager(  374): Start proc com.google.android.apps.maps:FriendService for broadcast com.google.android.apps.maps/com.google.googlenav.friend.android.ServiceReceiver: pid=18241 uid=10038 gids={50038, 3003, 1015, 1028}
05-21 04:52:06.049 I/ActivityManager(  374): Start proc com.google.android.apps.maps:LocationFriendService for broadcast com.google.android.apps.maps/com.google.googlenav.friend.reporting.LocationReportingIntentReceiver: pid=18253 uid=10038 gids={50038, 3003, 1015, 1028}
05-21 04:53:14.611 W/ActivityThread(18219): ClassLoader.loadClass: The class loader returned by Thread.getContextClassLoader() may fail for processes that host multiple applications. You should explicitly specify a context class loader. For example: Thread.setContextClassLoader(getClass().getClassLoader());
05-21 04:58:41.744 I/ActivityManager(  374): Start proc com.pekall.emdm.launcher:remote for service com.pekall.emdm.launcher/com.baidu.location.f: pid=18277 uid=10066 gids={50066, 1015, 3002, 3001, 3003, 1028}
05-21 04:58:41.939 D/ActivityThread(18277): Loading provider com.pekall.semail.provider;com.pekall.semail.notifier: com.pekall.semail.provider.EmailProvider
05-21 04:58:41.986 D/ActivityThread(18277): Loading provider com.pekall.semail.provider;com.pekall.semail.notifier: com.pekall.semail.provider.EmailProvider
05-21 04:58:43.822 W/ActivityManager(  374): Unable to start service Intent { cmp=com.pekall.emdm.launcher/com.pekall.semail.service.AttachmentDownloadService } U=0: not found
05-21 04:59:01.767 W/ActivityManager(  374): Timeout executing service: ServiceRecord{42a20660 u0 com.pekall.emdm.launcher/com.baidu.location.f}
05-21 04:59:05.424 E/ActivityManager(  374): ANR in com.pekall.emdm.launcher:remote
05-21 04:59:05.424 E/ActivityManager(  374): Reason: Executing service com.pekall.emdm.launcher/com.baidu.location.f
05-21 04:59:05.424 E/ActivityManager(  374): Load: 1.5 / 1.13 / 1.1
05-21 04:59:05.424 E/ActivityManager(  374): CPU usage from 56773ms to 0ms ago:
05-21 04:59:05.424 E/ActivityManager(  374):   99% 11191/com.pekall.emdm.launcher: 99% user + 0% kernel / faults: 298 minor
05-21 04:59:05.424 E/ActivityManager(  374):   0.2% 374/system_server: 0.1% user + 0% kernel / faults: 42 minor
05-21 04:59:05.424 E/ActivityManager(  374):   0% 18138/com.tencent.android.qqdownloader: 0% user + 0% kernel / faults: 122 minor
05-21 04:59:05.424 E/ActivityManager(  374):   0% 448/com.android.systemui: 0% user + 0% kernel / faults: 4 minor
05-21 04:59:05.424 E/ActivityManager(  374):   0% 22/cfinteractive: 0% user + 0% kernel
05-21 04:59:05.424 E/ActivityManager(  374):   0% 124/surfaceflinger: 0% user + 0% kernel
05-21 04:59:05.424 E/ActivityManager(  374):   0% 546/com.google.process.location: 0% user + 0% kernel
05-21 04:59:05.424 E/ActivityManager(  374):   0% 1615/logcat: 0% user + 0% kernel
05-21 04:59:05.424 E/ActivityManager(  374):   0% 18219/com.google.android.apps.maps:GoogleLocationService: 0% user + 0% kernel / faults: 6 minor
05-21 04:59:05.424 E/ActivityManager(  374):  +0% 18277/com.pekall.emdm.launcher:remote: 0% user + 0% kernel
05-21 04:59:05.424 E/ActivityManager(  374): 67% TOTAL: 67% user + 0.1% kernel + 0% softirq
05-21 04:59:05.424 E/ActivityManager(  374): CPU usage from 2873ms to 3405ms later:
05-21 04:59:05.424 E/ActivityManager(  374):   96% 18277/com.pekall.emdm.launcher:remote: 96% user + 0% kernel
05-21 04:59:05.424 E/ActivityManager(  374):     96% 18290/Thread-2745: 96% user + 0% kernel
05-21 04:59:05.424 E/ActivityManager(  374):   90% 11191/com.pekall.emdm.launcher: 90% user + 0% kernel
05-21 04:59:05.424 E/ActivityManager(  374):     92% 11204/Thread-2040: 92% user + 0% kernel
05-21 04:59:05.424 E/ActivityManager(  374):   5.6% 374/system_server: 1.8% user + 3.7% kernel
05-21 04:59:05.424 E/ActivityManager(  374):     7.5% 390/ActivityManager: 1.8% user + 5.6% kernel
05-21 04:59:05.424 E/ActivityManager(  374): 96% TOTAL: 94% user + 1.8% kernel
05-21 04:59:05.431 W/ActivityManager(  374): Killing ProcessRecord{4277a0e8 18277:com.pekall.emdm.launcher:remote/u0a10066}: background ANR
05-21 04:59:05.455 I/ActivityManager(  374): Process com.pekall.emdm.launcher:remote (pid 18277) has died.
05-21 04:59:05.455 W/ActivityManager(  374): Scheduling restart of crashed service com.pekall.emdm.launcher/com.baidu.location.f in 5120000ms
05-21 05:01:59.994 I/ActivityManager(  374): No longer want com.dragon.android.pandaspace:bdservice_v1 (pid 18034): empty for 1816s
05-21 05:01:59.994 I/ActivityManager(  374): No longer want com.dragon.android.pandaspace (pid 18013): empty for 1835s
05-21 05:02:00.041 W/ActivityManager(  374): Scheduling restart of crashed service com.dragon.android.pandaspace/com.dragon.pandaspace.download.flow.DownloadTaskService in 5000ms
05-21 05:02:00.041 W/ActivityManager(  374): Scheduling restart of crashed service com.dragon.android.pandaspace/com.baidu.android.moplus.MoPlusService in 14998ms
05-21 05:02:05.064 I/ActivityManager(  374): Start proc com.dragon.android.pandaspace for service com.dragon.android.pandaspace/com.dragon.pandaspace.download.flow.DownloadTaskService: pid=18312 uid=10074 gids={50074, 1015, 3003, 1006, 1028}
05-21 05:02:15.056 I/ActivityManager(  374): Start proc com.dragon.android.pandaspace:bdservice_v1 for service com.dragon.android.pandaspace/com.baidu.android.moplus.MoPlusService: pid=18332 uid=10074 gids={50074, 1015, 3003, 1006, 1028}
05-21 05:10:33.338 I/ActivityManager(  374): No longer want com.nd.assistance.ServerService (pid 18108): empty for 1828s
05-21 05:10:33.346 W/ActivityManager(  374): Scheduling restart of crashed service com.nd.assistance/.server.ServerService in 5000ms
05-21 05:10:38.361 I/ActivityManager(  374): Start proc com.nd.assistance.ServerService for service com.nd.assistance/.server.ServerService: pid=18367 uid=10068 gids={50068, 3003, 1015, 1006, 1028}
05-21 05:15:59.994 I/ActivityManager(  374): No longer want com.tencent.android.qqdownloader:connect (pid 18123): empty for 1844s
05-21 05:15:59.994 I/ActivityManager(  374): No longer want com.tencent.android.qqdownloader (pid 18138): empty for 1844s
05-21 05:15:59.994 I/ActivityManager(  374): No longer want android.process.media (pid 18163): empty for 1844s
05-21 05:16:00.025 W/ActivityManager(  374): Scheduling restart of crashed service com.tencent.android.qqdownloader/com.qq.AppService.AppService in 5000ms
05-21 05:16:00.025 W/ActivityManager(  374): Scheduling restart of crashed service com.tencent.android.qqdownloader/com.qq.AppService.IPCService in 14999ms
05-21 05:16:00.049 W/ActivityManager(  374): Scheduling restart of crashed service com.tencent.android.qqdownloader/com.tencent.assistant.manager.notification.NotificationService in 14982ms
05-21 05:16:00.049 W/ActivityManager(  374): Scheduling restart of crashed service com.tencent.android.qqdownloader/com.tencent.assistant.service.WiseDownloadService in 24982ms
05-21 05:16:05.049 I/ActivityManager(  374): Start proc com.tencent.android.qqdownloader:connect for service com.tencent.android.qqdownloader/com.qq.AppService.AppService: pid=18382 uid=10065 gids={50065, 3003, 3002, 1006, 1028, 1015}
05-21 05:16:05.142 I/ActivityManager(  374): Start proc com.tencent.android.qqdownloader for service com.tencent.android.qqdownloader/com.tencent.assistant.sdk.PluginSupportService: pid=18397 uid=10065 gids={50065, 3003, 3002, 1006, 1028, 1015}
05-21 05:16:05.330 I/ActivityManager(  374): Start proc android.process.media for content provider com.android.providers.media/.MediaProvider: pid=18422 uid=10015 gids={50015, 1015, 1023, 1024, 1028, 2001, 3003, 3007}
05-21 05:22:59.994 I/ActivityManager(  374): No longer want com.google.android.apps.maps:LocationFriendService (pid 18253): empty for 1853s
05-21 05:22:59.994 I/ActivityManager(  374): No longer want com.google.android.apps.maps:FriendService (pid 18241): empty for 1854s
05-21 05:22:59.994 I/ActivityManager(  374): No longer want com.google.android.apps.maps:GoogleLocationService (pid 18219): empty for 1854s
05-21 05:23:00.017 W/ActivityManager(  374): Scheduling restart of crashed service com.google.android.apps.maps/com.google.android.location.internal.server.GoogleLocationService in 5000ms
05-21 05:23:05.041 I/ActivityManager(  374): Start proc com.google.android.apps.maps:GoogleLocationService for service com.google.android.apps.maps/com.google.android.location.internal.server.GoogleLocationService: pid=18475 uid=10038 gids={50038, 3003, 1015, 1028}
05-21 05:23:05.963 I/ActivityManager(  374): Start proc com.google.android.apps.maps:FriendService for broadcast com.google.android.apps.maps/com.google.googlenav.friend.android.ServiceReceiver: pid=18496 uid=10038 gids={50038, 3003, 1015, 1028}
05-21 05:23:06.096 I/ActivityManager(  374): Start proc com.google.android.apps.maps:LocationFriendService for broadcast com.google.android.apps.maps/com.google.googlenav.friend.reporting.LocationReportingIntentReceiver: pid=18508 uid=10038 gids={50038, 3003, 1015, 1028}
05-21 05:23:07.510 W/ActivityThread(18475): ClassLoader.loadClass: The class loader returned by Thread.getContextClassLoader() may fail for processes that host multiple applications. You should explicitly specify a context class loader. For example: Thread.setContextClassLoader(getClass().getClassLoader());
05-21 05:32:02.783 I/EntropyMixer(  374): Writing entropy...
05-21 05:32:34.931 I/ActivityManager(  374): No longer want com.dragon.android.pandaspace:bdservice_v1 (pid 18332): empty for 1819s
05-21 05:32:34.931 I/ActivityManager(  374): No longer want com.dragon.android.pandaspace (pid 18312): empty for 1829s
05-21 05:32:34.947 W/ActivityManager(  374): Scheduling restart of crashed service com.dragon.android.pandaspace/com.dragon.pandaspace.download.flow.DownloadTaskService in 5000ms
05-21 05:32:34.955 W/ActivityManager(  374): Scheduling restart of crashed service com.dragon.android.pandaspace/com.baidu.android.moplus.MoPlusService in 14995ms
05-21 05:32:39.971 I/ActivityManager(  374): Start proc com.dragon.android.pandaspace for service com.dragon.android.pandaspace/com.dragon.pandaspace.download.flow.DownloadTaskService: pid=18533 uid=10074 gids={50074, 1015, 3003, 1006, 1028}
05-21 05:32:49.978 I/ActivityManager(  374): Start proc com.dragon.android.pandaspace:bdservice_v1 for service com.dragon.android.pandaspace/com.baidu.android.moplus.MoPlusService: pid=18553 uid=10074 gids={50074, 1015, 3003, 1006, 1028}
05-21 05:33:09.252 W/ActivityManager(  374): Unable to start service Intent { act=pekall.intent.action.DOWNLOAD_APP (has extras) } U=0: not found
05-21 05:33:09.580 I/ActivityManager(  374): Start proc com.pekall.emdm.launcher:remote for service com.pekall.emdm.launcher/com.baidu.location.f: pid=18583 uid=10066 gids={50066, 1015, 3002, 3001, 3003, 1028}
05-21 05:33:09.978 D/ActivityThread(18583): Loading provider com.pekall.semail.provider;com.pekall.semail.notifier: com.pekall.semail.provider.EmailProvider
05-21 05:33:09.986 D/ActivityThread(18583): Loading provider com.pekall.semail.provider;com.pekall.semail.notifier: com.pekall.semail.provider.EmailProvider
05-21 05:33:11.666 W/ActivityManager(  374): Unable to start service Intent { cmp=com.pekall.emdm.launcher/com.pekall.semail.service.AttachmentDownloadService } U=0: not found
05-21 05:33:29.627 W/ActivityManager(  374): Timeout executing service: ServiceRecord{42a20660 u0 com.pekall.emdm.launcher/com.baidu.location.f}
05-21 05:33:33.510 E/ActivityManager(  374): ANR in com.pekall.emdm.launcher:remote
05-21 05:33:33.510 E/ActivityManager(  374): Reason: Executing service com.pekall.emdm.launcher/com.baidu.location.f
05-21 05:33:33.510 E/ActivityManager(  374): Load: 1.5 / 1.13 / 1.08
05-21 05:33:33.510 E/ActivityManager(  374): CPU usage from 24629ms to 0ms ago:
05-21 05:33:33.510 E/ActivityManager(  374):   100% 11191/com.pekall.emdm.launcher: 99% user + 0.2% kernel / faults: 1265 minor
05-21 05:33:33.510 E/ActivityManager(  374):   0.4% 125/zygote: 0.3% user + 0% kernel / faults: 520 minor
05-21 05:33:33.510 E/ActivityManager(  374):   0.2% 374/system_server: 0.2% user + 0% kernel / faults: 7 minor
05-21 05:33:33.510 E/ActivityManager(  374):   0% 4648/logcat: 0% user + 0% kernel
05-21 05:33:33.510 E/ActivityManager(  374):   0% 18553/com.dragon.android.pandaspace:bdservice_v1: 0% user + 0% kernel / faults: 85 minor
05-21 05:33:33.510 E/ActivityManager(  374):   0% 82/mmcqd/0: 0% user + 0% kernel
05-21 05:33:33.510 E/ActivityManager(  374):   0% 92/dhd_dpc: 0% user + 0% kernel
05-21 05:33:33.510 E/ActivityManager(  374):   0% 133/sdcard: 0% user + 0% kernel
05-21 05:33:33.510 E/ActivityManager(  374):   0% 603/com.google.process.gapps: 0% user + 0% kernel
05-21 05:33:33.510 E/ActivityManager(  374):   0% 1615/logcat: 0% user + 0% kernel
05-21 05:33:33.510 E/ActivityManager(  374):   0% 17632/kworker/0:0: 0% user + 0% kernel
05-21 05:33:33.510 E/ActivityManager(  374):  +0% 18583/com.pekall.emdm.launcher:remote: 0% user + 0% kernel
05-21 05:33:33.510 E/ActivityManager(  374): 90% TOTAL: 90% user + 0.4% kernel + 0% iowait
05-21 05:33:33.510 E/ActivityManager(  374): CPU usage from 3083ms to 3621ms later:
05-21 05:33:33.510 E/ActivityManager(  374):   100% 18583/com.pekall.emdm.launcher:remote: 100% user + 0% kernel
05-21 05:33:33.510 E/ActivityManager(  374):     100% 18597/Thread-2782: 100% user + 0% kernel
05-21 05:33:33.510 E/ActivityManager(  374):   94% 11191/com.pekall.emdm.launcher: 94% user + 0% kernel
05-21 05:33:33.510 E/ActivityManager(  374):     94% 11204/Thread-2040: 94% user + 0% kernel
05-21 05:33:33.510 E/ActivityManager(  374):   5.5% 374/system_server: 3.7% user + 1.8% kernel / faults: 1 minor
05-21 05:33:33.510 E/ActivityManager(  374):     5.5% 390/ActivityManager: 1.8% user + 3.7% kernel
05-21 05:33:33.510 E/ActivityManager(  374): 100% TOTAL: 98% user + 1.8% kernel
05-21 05:33:33.517 W/ActivityManager(  374): Killing ProcessRecord{42f94070 18583:com.pekall.emdm.launcher:remote/u0a10066}: background ANR
05-21 05:33:33.541 I/ActivityManager(  374): Process com.pekall.emdm.launcher:remote (pid 18583) has died.
05-21 05:33:33.541 W/ActivityManager(  374): Scheduling restart of crashed service com.pekall.emdm.launcher/com.baidu.location.f in 5000ms
05-21 05:33:38.572 I/ActivityManager(  374): Start proc com.pekall.emdm.launcher:remote for service com.pekall.emdm.launcher/com.baidu.location.f: pid=18617 uid=10066 gids={50066, 1015, 3002, 3001, 3003, 1028}
05-21 05:33:38.853 D/ActivityThread(18617): Loading provider com.pekall.semail.provider;com.pekall.semail.notifier: com.pekall.semail.provider.EmailProvider
05-21 05:33:39.033 D/ActivityThread(18617): Loading provider com.pekall.semail.provider;com.pekall.semail.notifier: com.pekall.semail.provider.EmailProvider
05-21 05:33:40.635 W/ActivityManager(  374): Unable to start service Intent { cmp=com.pekall.emdm.launcher/com.pekall.semail.service.AttachmentDownloadService } U=0: not found
05-21 05:33:58.603 W/ActivityManager(  374): Timeout executing service: ServiceRecord{42a20660 u0 com.pekall.emdm.launcher/com.baidu.location.f}
05-21 05:34:02.541 E/ActivityManager(  374): ANR in com.pekall.emdm.launcher:remote
05-21 05:34:02.541 E/ActivityManager(  374): Reason: Executing service com.pekall.emdm.launcher/com.baidu.location.f
05-21 05:34:02.541 E/ActivityManager(  374): Load: 1.68 / 1.2 / 1.11
05-21 05:34:02.541 E/ActivityManager(  374): CPU usage from 28976ms to 0ms ago with 99% awake:
05-21 05:34:02.541 E/ActivityManager(  374):   96% 11191/com.pekall.emdm.launcher: 95% user + 0.4% kernel / faults: 2327 minor
05-21 05:34:02.541 E/ActivityManager(  374):   5% 374/system_server: 4.3% user + 0.6% kernel / faults: 900 minor
05-21 05:34:02.541 E/ActivityManager(  374):   0.6% 448/com.android.systemui: 0.5% user + 0% kernel / faults: 40 minor
05-21 05:34:02.541 E/ActivityManager(  374):   0% 561/com.android.phone: 0% user + 0% kernel / faults: 30 minor
05-21 05:34:02.541 E/ActivityManager(  374):   0% 568/com.android.nfc: 0% user + 0% kernel / faults: 28 minor
05-21 05:34:02.541 E/ActivityManager(  374):   0% 82/mmcqd/0: 0% user + 0% kernel
05-21 05:34:02.541 E/ActivityManager(  374):   0% 106/flush-179:0: 0% user + 0% kernel
05-21 05:34:02.541 E/ActivityManager(  374):   0% 114/jbd2/mmcblk0p12: 0% user + 0% kernel
05-21 05:34:02.541 E/ActivityManager(  374):   0% 124/surfaceflinger: 0% user + 0% kernel
05-21 05:34:02.541 E/ActivityManager(  374):   0% 125/zygote: 0% user + 0% kernel / faults: 48 minor
05-21 05:34:02.541 E/ActivityManager(  374):   0% 1615/logcat: 0% user + 0% kernel
05-21 05:34:02.541 E/ActivityManager(  374):   0% 4648/logcat: 0% user + 0% kernel
05-21 05:34:02.541 E/ActivityManager(  374):  +0% 18617/com.pekall.emdm.launcher:remote: 0% user + 0% kernel
05-21 05:34:02.541 E/ActivityManager(  374): 91% TOTAL: 90% user + 0.9% kernel
05-21 05:34:02.541 E/ActivityManager(  374): CPU usage from 3124ms to 3685ms later with 99% awake:
05-21 05:34:02.541 E/ActivityManager(  374):   101% 18617/com.pekall.emdm.launcher:remote: 101% user + 0% kernel
05-21 05:34:02.541 E/ActivityManager(  374):     100% 18630/Thread-2784: 100% user + 0% kernel
05-21 05:34:02.541 E/ActivityManager(  374):   94% 11191/com.pekall.emdm.launcher: 94% user + 0% kernel
05-21 05:34:02.541 E/ActivityManager(  374):     94% 11204/Thread-2040: 94% user + 0% kernel
05-21 05:34:02.541 E/ActivityManager(  374):   5.3% 374/system_server: 1.7% user + 3.5% kernel
05-21 05:34:02.541 E/ActivityManager(  374):     7.1% 390/ActivityManager: 1.7% user + 5.3% kernel
05-21 05:34:02.541 E/ActivityManager(  374): 100% TOTAL: 99% user + 0.8% kernel
05-21 05:34:02.549 W/ActivityManager(  374): Killing ProcessRecord{422aac90 18617:com.pekall.emdm.launcher:remote/u0a10066}: background ANR
05-21 05:34:02.580 I/ActivityManager(  374): Process com.pekall.emdm.launcher:remote (pid 18617) has died.
05-21 05:34:02.580 W/ActivityManager(  374): Scheduling restart of crashed service com.pekall.emdm.launcher/com.baidu.location.f in 20000ms
05-21 05:34:22.603 I/ActivityManager(  374): Start proc com.pekall.emdm.launcher:remote for service com.pekall.emdm.launcher/com.baidu.location.f: pid=18653 uid=10066 gids={50066, 1015, 3002, 3001, 3003, 1028}
05-21 05:34:22.978 D/ActivityThread(18653): Loading provider com.pekall.semail.provider;com.pekall.semail.notifier: com.pekall.semail.provider.EmailProvider
05-21 05:34:22.994 D/ActivityThread(18653): Loading provider com.pekall.semail.provider;com.pekall.semail.notifier: com.pekall.semail.provider.EmailProvider
05-21 05:34:27.392 W/ActivityManager(  374): Unable to start service Intent { cmp=com.pekall.emdm.launcher/com.pekall.semail.service.AttachmentDownloadService } U=0: not found
05-21 05:34:42.642 W/ActivityManager(  374): Timeout executing service: ServiceRecord{42a20660 u0 com.pekall.emdm.launcher/com.baidu.location.f}
05-21 05:34:47.181 E/ActivityManager(  374): ANR in com.pekall.emdm.launcher:remote
05-21 05:34:47.181 E/ActivityManager(  374): Reason: Executing service com.pekall.emdm.launcher/com.baidu.location.f
05-21 05:34:47.181 E/ActivityManager(  374): Load: 1.75 / 1.28 / 1.14
05-21 05:34:47.181 E/ActivityManager(  374): CPU usage from 36871ms to 0ms ago with 99% awake:
05-21 05:34:47.181 E/ActivityManager(  374):   99% 11191/com.pekall.emdm.launcher: 99% user + 0.1% kernel / faults: 487 minor
05-21 05:34:47.181 E/ActivityManager(  374):   0.1% 1661/com.qihoo360.mobilesafe:GuardService: 0.1% user + 0% kernel / faults: 423 minor
05-21 05:34:47.181 E/ActivityManager(  374):   0.2% 374/system_server: 0.1% user + 0% kernel / faults: 8 minor
05-21 05:34:47.181 E/ActivityManager(  374):   0% 82/mmcqd/0: 0% user + 0% kernel
05-21 05:34:47.181 E/ActivityManager(  374):   0% 116/servicemanager: 0% user + 0% kernel
05-21 05:34:47.181 E/ActivityManager(  374):   0% 1615/logcat: 0% user + 0% kernel
05-21 05:34:47.181 E/ActivityManager(  374):   0% 18382/com.tencent.android.qqdownloader:connect: 0% user + 0% kernel
05-21 05:34:47.181 E/ActivityManager(  374):   0% 18397/com.tencent.android.qqdownloader: 0% user + 0% kernel / faults: 54 minor
05-21 05:34:47.181 E/ActivityManager(  374):   0% 18527/kworker/1:0: 0% user + 0% kernel
05-21 05:34:47.181 E/ActivityManager(  374):  +0% 18653/com.pekall.emdm.launcher:remote: 0% user + 0% kernel
05-21 05:34:47.181 E/ActivityManager(  374): 77% TOTAL: 76% user + 0.2% kernel
05-21 05:34:47.181 E/ActivityManager(  374): CPU usage from 3720ms to 4281ms later:
05-21 05:34:47.181 E/ActivityManager(  374):   98% 18653/com.pekall.emdm.launcher:remote: 98% user + 0% kernel
05-21 05:34:47.181 E/ActivityManager(  374):     100% 18666/Thread-2787: 100% user + 0% kernel
05-21 05:34:47.181 E/ActivityManager(  374):   92% 11191/com.pekall.emdm.launcher: 92% user + 0% kernel
05-21 05:34:47.181 E/ActivityManager(  374):     94% 11204/Thread-2040: 94% user + 0% kernel
05-21 05:34:47.181 E/ActivityManager(  374):   7.1% 374/system_server: 0% user + 7.1% kernel
05-21 05:34:47.181 E/ActivityManager(  374):     7.1% 390/ActivityManager: 0% user + 7.1% kernel
05-21 05:34:47.181 E/ActivityManager(  374): 100% TOTAL: 97% user + 2.7% kernel
05-21 05:34:47.189 W/ActivityManager(  374): Killing ProcessRecord{422917f8 18653:com.pekall.emdm.launcher:remote/u0a10066}: background ANR
05-21 05:34:47.213 I/ActivityManager(  374): Process com.pekall.emdm.launcher:remote (pid 18653) has died.
05-21 05:34:47.213 W/ActivityManager(  374): Scheduling restart of crashed service com.pekall.emdm.launcher/com.baidu.location.f in 80000ms
05-21 05:36:07.244 I/ActivityManager(  374): Start proc com.pekall.emdm.launcher:remote for service com.pekall.emdm.launcher/com.baidu.location.f: pid=18688 uid=10066 gids={50066, 1015, 3002, 3001, 3003, 1028}
05-21 05:36:07.478 D/ActivityThread(18688): Loading provider com.pekall.semail.provider;com.pekall.semail.notifier: com.pekall.semail.provider.EmailProvider
05-21 05:36:07.533 D/ActivityThread(18688): Loading provider com.pekall.semail.provider;com.pekall.semail.notifier: com.pekall.semail.provider.EmailProvider
05-21 05:36:10.064 W/ActivityManager(  374): Unable to start service Intent { cmp=com.pekall.emdm.launcher/com.pekall.semail.service.AttachmentDownloadService } U=0: not found
05-21 05:36:27.267 W/ActivityManager(  374): Timeout executing service: ServiceRecord{42a20660 u0 com.pekall.emdm.launcher/com.baidu.location.f}
05-21 05:36:31.150 E/ActivityManager(  374): ANR in com.pekall.emdm.launcher:remote
05-21 05:36:31.150 E/ActivityManager(  374): Reason: Executing service com.pekall.emdm.launcher/com.baidu.location.f
05-21 05:36:31.150 E/ActivityManager(  374): Load: 2.01 / 1.42 / 1.2
05-21 05:36:31.150 E/ActivityManager(  374): CPU usage from 22265ms to 0ms ago with 99% awake:
05-21 05:36:31.150 E/ActivityManager(  374):   99% 11191/com.pekall.emdm.launcher: 99% user + 0% kernel / faults: 394 minor
05-21 05:36:31.150 E/ActivityManager(  374):   0.3% 374/system_server: 0.1% user + 0.1% kernel / faults: 21 minor
05-21 05:36:31.150 E/ActivityManager(  374):   0% 1615/logcat: 0% user + 0% kernel
05-21 05:36:31.150 E/ActivityManager(  374):   0% 124/surfaceflinger: 0% user + 0% kernel
05-21 05:36:31.150 E/ActivityManager(  374):   0% 125/zygote: 0% user + 0% kernel / faults: 105 minor
05-21 05:36:31.150 E/ActivityManager(  374):   0% 4648/logcat: 0% user + 0% kernel
05-21 05:36:31.150 E/ActivityManager(  374):  +0% 18688/com.pekall.emdm.launcher:remote: 0% user + 0% kernel
05-21 05:36:31.150 E/ActivityManager(  374): 88% TOTAL: 88% user + 0.2% kernel
05-21 05:36:31.150 E/ActivityManager(  374): CPU usage from 3090ms to 3628ms later:
05-21 05:36:31.150 E/ActivityManager(  374):   96% 11191/com.pekall.emdm.launcher: 96% user + 0% kernel
05-21 05:36:31.150 E/ActivityManager(  374):     96% 11204/Thread-2040: 96% user + 0% kernel
05-21 05:36:31.150 E/ActivityManager(  374):   89% 18688/com.pekall.emdm.launcher:remote: 89% user + 0% kernel
05-21 05:36:31.150 E/ActivityManager(  374):     89% 18702/Thread-2790: 89% user + 0% kernel
05-21 05:36:31.150 E/ActivityManager(  374):   7.4% 374/system_server: 0% user + 7.4% kernel
05-21 05:36:31.150 E/ActivityManager(  374):     7.4% 390/ActivityManager: 0% user + 7.4% kernel
05-21 05:36:31.150 E/ActivityManager(  374): 95% TOTAL: 91% user + 3.7% kernel
05-21 05:36:31.158 W/ActivityManager(  374): Killing ProcessRecord{422a9db0 18688:com.pekall.emdm.launcher:remote/u0a10066}: background ANR
05-21 05:36:31.166 I/ActivityManager(  374): Process com.pekall.emdm.launcher:remote (pid 18688) has died.
05-21 05:36:31.166 W/ActivityManager(  374): Scheduling restart of crashed service com.pekall.emdm.launcher/com.baidu.location.f in 320000ms
05-21 05:40:59.994 I/ActivityManager(  374): No longer want com.nd.assistance.ServerService (pid 18367): empty for 1821s
05-21 05:41:00.025 W/ActivityManager(  374): Scheduling restart of crashed service com.nd.assistance/.server.ServerService in 5000ms
05-21 05:41:05.033 I/ActivityManager(  374): Start proc com.nd.assistance.ServerService for service com.nd.assistance/.server.ServerService: pid=18727 uid=10068 gids={50068, 3003, 1015, 1006, 1028}
05-21 05:41:51.205 I/ActivityManager(  374): Start proc com.pekall.emdm.launcher:remote for service com.pekall.emdm.launcher/com.baidu.location.f: pid=18740 uid=10066 gids={50066, 1015, 3002, 3001, 3003, 1028}
05-21 05:41:51.556 D/ActivityThread(18740): Loading provider com.pekall.semail.provider;com.pekall.semail.notifier: com.pekall.semail.provider.EmailProvider
05-21 05:41:51.596 D/ActivityThread(18740): Loading provider com.pekall.semail.provider;com.pekall.semail.notifier: com.pekall.semail.provider.EmailProvider
05-21 05:41:53.463 W/ActivityManager(  374): Unable to start service Intent { cmp=com.pekall.emdm.launcher/com.pekall.semail.service.AttachmentDownloadService } U=0: not found
05-21 05:42:11.228 W/ActivityManager(  374): Timeout executing service: ServiceRecord{42a20660 u0 com.pekall.emdm.launcher/com.baidu.location.f}
05-21 05:42:15.416 E/ActivityManager(  374): ANR in com.pekall.emdm.launcher:remote
05-21 05:42:15.416 E/ActivityManager(  374): Reason: Executing service com.pekall.emdm.launcher/com.baidu.location.f
05-21 05:42:15.416 E/ActivityManager(  374): Load: 1.61 / 1.28 / 1.19
05-21 05:42:15.416 E/ActivityManager(  374): CPU usage from 6228ms to 0ms ago:
05-21 05:42:15.416 E/ActivityManager(  374):   100% 11191/com.pekall.emdm.launcher: 100% user + 0% kernel
05-21 05:42:15.416 E/ActivityManager(  374):   99% 18740/com.pekall.emdm.launcher:remote: 99% user + 0% kernel
05-21 05:42:15.416 E/ActivityManager(  374):   0.1% 374/system_server: 0% user + 0.1% kernel / faults: 2 minor
05-21 05:42:15.416 E/ActivityManager(  374): 100% TOTAL: 99% user + 0% kernel
05-21 05:42:15.416 E/ActivityManager(  374): CPU usage from 3390ms to 3928ms later:
05-21 05:42:15.416 E/ActivityManager(  374):   92% 11191/com.pekall.emdm.launcher: 92% user + 0% kernel
05-21 05:42:15.416 E/ActivityManager(  374):     92% 11204/Thread-2040: 92% user + 0% kernel
05-21 05:42:15.416 E/ActivityManager(  374):   89% 18740/com.pekall.emdm.launcher:remote: 89% user + 0% kernel
05-21 05:42:15.416 E/ActivityManager(  374):     87% 18753/Thread-2796: 87% user + 0% kernel
05-21 05:42:15.416 E/ActivityManager(  374):   5.4% 374/system_server: 1.8% user + 3.6% kernel
05-21 05:42:15.416 E/ActivityManager(  374):     5.4% 390/ActivityManager: 1.8% user + 3.6% kernel
05-21 05:42:15.416 E/ActivityManager(  374): 93% TOTAL: 91% user + 1.8% kernel
05-21 05:42:15.424 W/ActivityManager(  374): Killing ProcessRecord{42655fe0 18740:com.pekall.emdm.launcher:remote/u0a10066}: background ANR
05-21 05:42:15.431 I/ActivityManager(  374): Process com.pekall.emdm.launcher:remote (pid 18740) has died.
05-21 05:42:15.431 W/ActivityManager(  374): Scheduling restart of crashed service com.pekall.emdm.launcher/com.baidu.location.f in 1280000ms
05-21 05:46:59.994 I/ActivityManager(  374): No longer want com.tencent.android.qqdownloader:connect (pid 18382): empty for 1854s
05-21 05:46:59.994 I/ActivityManager(  374): No longer want com.tencent.android.qqdownloader (pid 18397): empty for 1854s
05-21 05:46:59.994 I/ActivityManager(  374): No longer want android.process.media (pid 18422): empty for 1854s
05-21 05:47:00.033 W/ActivityManager(  374): Scheduling restart of crashed service com.tencent.android.qqdownloader/com.tencent.assistant.sdk.PluginSupportService in 5000ms
05-21 05:47:00.033 W/ActivityManager(  374): Scheduling restart of crashed service com.tencent.android.qqdownloader/com.tencent.assistant.service.WiseDownloadService in 15000ms
05-21 05:47:00.033 W/ActivityManager(  374): Scheduling restart of crashed service com.tencent.android.qqdownloader/com.tencent.assistant.manager.notification.NotificationService in 25000ms
05-21 05:47:00.033 W/ActivityManager(  374): Scheduling restart of crashed service com.tencent.android.qqdownloader/com.qq.AppService.AppService in 34997ms
05-21 05:47:15.049 I/ActivityManager(  374): Start proc com.tencent.android.qqdownloader for service com.tencent.android.qqdownloader/com.tencent.assistant.service.WiseDownloadService: pid=18773 uid=10065 gids={50065, 3003, 3002, 1006, 1028, 1015}
05-21 05:47:15.213 I/ActivityManager(  374): Start proc com.tencent.android.qqdownloader:connect for service com.tencent.android.qqdownloader/com.qq.AppService.IPCService: pid=18790 uid=10065 gids={50065, 3003, 3002, 1006, 1028, 1015}
05-21 05:47:15.658 I/ActivityManager(  374): Start proc android.process.media for content provider com.android.providers.media/.MediaProvider: pid=18831 uid=10015 gids={50015, 1015, 1023, 1024, 1028, 2001, 3003, 3007}
05-21 05:51:16.119 I/ActivityManager(  374): Start proc com.android.providers.calendar for broadcast com.android.providers.calendar/.CalendarReceiver: pid=18866 uid=10007 gids={50007, 3003, 1015, 1028}
05-21 05:51:17.244 I/ActivityManager(  374): Start proc com.google.android.calendar for broadcast com.google.android.calendar/com.android.calendar.alerts.AlertReceiver: pid=18880 uid=10006 gids={50006, 3003, 1028}
05-21 05:53:59.994 I/ActivityManager(  374): No longer want com.google.android.apps.maps:LocationFriendService (pid 18508): empty for 1853s
05-21 05:53:59.994 I/ActivityManager(  374): No longer want com.google.android.apps.maps:FriendService (pid 18496): empty for 1854s
05-21 05:53:59.994 I/ActivityManager(  374): No longer want com.google.android.apps.maps:GoogleLocationService (pid 18475): empty for 1854s
05-21 05:54:00.025 W/ActivityManager(  374): Scheduling restart of crashed service com.google.android.apps.maps/com.google.android.location.internal.server.GoogleLocationService in 5000ms
05-21 05:54:05.049 I/ActivityManager(  374): Start proc com.google.android.apps.maps:GoogleLocationService for service com.google.android.apps.maps/com.google.android.location.internal.server.GoogleLocationService: pid=18905 uid=10038 gids={50038, 3003, 1015, 1028}
05-21 05:54:06.033 I/ActivityManager(  374): Start proc com.google.android.apps.maps:FriendService for broadcast com.google.android.apps.maps/com.google.googlenav.friend.android.ServiceReceiver: pid=18926 uid=10038 gids={50038, 3003, 1015, 1028}
05-21 05:54:06.174 I/ActivityManager(  374): Start proc com.google.android.apps.maps:LocationFriendService for broadcast com.google.android.apps.maps/com.google.googlenav.friend.reporting.LocationReportingIntentReceiver: pid=18938 uid=10038 gids={50038, 3003, 1015, 1028}
05-21 05:56:09.767 W/ActivityThread(18905): ClassLoader.loadClass: The class loader returned by Thread.getContextClassLoader() may fail for processes that host multiple applications. You should explicitly specify a context class loader. For example: Thread.setContextClassLoader(getClass().getClassLoader());
05-21 06:02:59.994 I/ActivityManager(  374): No longer want com.dragon.android.pandaspace:bdservice_v1 (pid 18553): empty for 1809s
05-21 06:02:59.994 I/ActivityManager(  374): No longer want com.dragon.android.pandaspace (pid 18533): empty for 1819s
05-21 06:03:00.033 W/ActivityManager(  374): Scheduling restart of crashed service com.dragon.android.pandaspace/com.dragon.pandaspace.download.flow.DownloadTaskService in 5000ms
05-21 06:03:00.041 W/ActivityManager(  374): Scheduling restart of crashed service com.dragon.android.pandaspace/com.baidu.android.moplus.MoPlusService in 14995ms
05-21 06:03:05.041 I/ActivityManager(  374): Start proc com.dragon.android.pandaspace for service com.dragon.android.pandaspace/com.dragon.pandaspace.download.flow.DownloadTaskService: pid=18963 uid=10074 gids={50074, 1015, 3003, 1006, 1028}
05-21 06:03:15.041 I/ActivityManager(  374): Start proc com.dragon.android.pandaspace:bdservice_v1 for service com.dragon.android.pandaspace/com.baidu.android.moplus.MoPlusService: pid=18984 uid=10074 gids={50074, 1015, 3003, 1006, 1028}
05-21 06:03:35.447 I/ActivityManager(  374): Start proc com.pekall.emdm.launcher:remote for service com.pekall.emdm.launcher/com.baidu.location.f: pid=19012 uid=10066 gids={50066, 1015, 3002, 3001, 3003, 1028}
05-21 06:03:36.033 D/ActivityThread(19012): Loading provider com.pekall.semail.provider;com.pekall.semail.notifier: com.pekall.semail.provider.EmailProvider
05-21 06:03:36.056 D/ActivityThread(19012): Loading provider com.pekall.semail.provider;com.pekall.semail.notifier: com.pekall.semail.provider.EmailProvider
05-21 06:03:37.455 W/ActivityManager(  374): Unable to start service Intent { cmp=com.pekall.emdm.launcher/com.pekall.semail.service.AttachmentDownloadService } U=0: not found
05-21 06:03:55.486 W/ActivityManager(  374): Timeout executing service: ServiceRecord{42a20660 u0 com.pekall.emdm.launcher/com.baidu.location.f}
05-21 06:03:59.002 E/ActivityManager(  374): ANR in com.pekall.emdm.launcher:remote
05-21 06:03:59.002 E/ActivityManager(  374): Reason: Executing service com.pekall.emdm.launcher/com.baidu.location.f
05-21 06:03:59.002 E/ActivityManager(  374): Load: 1.48 / 1.17 / 1.11
05-21 06:03:59.002 E/ActivityManager(  374): CPU usage from 50487ms to 0ms ago:
05-21 06:03:59.002 E/ActivityManager(  374):   99% 11191/com.pekall.emdm.launcher: 99% user + 0% kernel / faults: 331 minor
05-21 06:03:59.002 E/ActivityManager(  374):   0.3% 374/system_server: 0.2% user + 0.1% kernel / faults: 143 minor
05-21 06:03:59.002 E/ActivityManager(  374):   0% 1661/com.qihoo360.mobilesafe:GuardService: 0% user + 0% kernel / faults: 1 minor
05-21 06:03:59.002 E/ActivityManager(  374):   0% 82/mmcqd/0: 0% user + 0% kernel
05-21 06:03:59.002 E/ActivityManager(  374):   0% 125/zygote: 0% user + 0% kernel / faults: 154 minor
05-21 06:03:59.002 E/ActivityManager(  374):   0% 133/sdcard: 0% user + 0% kernel
05-21 06:03:59.002 E/ActivityManager(  374):   0% 22/cfinteractive: 0% user + 0% kernel
05-21 06:03:59.002 E/ActivityManager(  374):   0% 1615/logcat: 0% user + 0% kernel
05-21 06:03:59.002 E/ActivityManager(  374):   0% 4648/logcat: 0% user + 0% kernel
05-21 06:03:59.002 E/ActivityManager(  374):   0% 18773/com.tencent.android.qqdownloader: 0% user + 0% kernel / faults: 27 minor
05-21 06:03:59.002 E/ActivityManager(  374):   0% 18790/com.tencent.android.qqdownloader:connect: 0% user + 0% kernel
05-21 06:03:59.002 E/ActivityManager(  374):  +0% 18963/com.dragon.android.pandaspace: 0% user + 0% kernel
05-21 06:03:59.002 E/ActivityManager(  374):  +0% 18984/com.dragon.android.pandaspace:bdservice_v1: 0% user + 0% kernel
05-21 06:03:59.002 E/ActivityManager(  374):  +0% 19012/com.pekall.emdm.launcher:remote: 0% user + 0% kernel
05-21 06:03:59.002 E/ActivityManager(  374): 69% TOTAL: 69% user + 0.4% kernel + 0% iowait
05-21 06:03:59.002 E/ActivityManager(  374): CPU usage from 2736ms to 3272ms later:
05-21 06:03:59.002 E/ActivityManager(  374):   98% 19012/com.pekall.emdm.launcher:remote: 98% user + 0% kernel
05-21 06:03:59.002 E/ActivityManager(  374):     96% 19025/Thread-2829: 96% user + 0% kernel
05-21 06:03:59.002 E/ActivityManager(  374):   94% 11191/com.pekall.emdm.launcher: 94% user + 0% kernel
05-21 06:03:59.002 E/ActivityManager(  374):     92% 11204/Thread-2040: 92% user + 0% kernel
05-21 06:03:59.002 E/ActivityManager(  374):   5.5% 374/system_server: 1.8% user + 3.7% kernel
05-21 06:03:59.002 E/ActivityManager(  374):     7.4% 390/ActivityManager: 1.8% user + 5.5% kernel
05-21 06:03:59.002 E/ActivityManager(  374): 98% TOTAL: 97% user + 0.9% kernel
05-21 06:03:59.017 W/ActivityManager(  374): Killing ProcessRecord{42ed03a0 19012:com.pekall.emdm.launcher:remote/u0a10066}: background ANR
05-21 06:03:59.041 I/ActivityManager(  374): Process com.pekall.emdm.launcher:remote (pid 19012) has died.
05-21 06:03:59.041 W/ActivityManager(  374): Scheduling restart of crashed service com.pekall.emdm.launcher/com.baidu.location.f in 5120000ms
05-21 06:11:59.994 I/ActivityManager(  374): No longer want com.nd.assistance.ServerService (pid 18727): empty for 1854s
05-21 06:12:00.017 W/ActivityManager(  374): Scheduling restart of crashed service com.nd.assistance/.server.ServerService in 5000ms
05-21 06:12:05.033 I/ActivityManager(  374): Start proc com.nd.assistance.ServerService for service com.nd.assistance/.server.ServerService: pid=19054 uid=10068 gids={50068, 3003, 1015, 1006, 1028}
05-21 06:17:35.799 I/ActivityManager(  374): No longer want com.tencent.android.qqdownloader:connect (pid 18790): empty for 1819s
05-21 06:17:35.799 I/ActivityManager(  374): No longer want com.tencent.android.qqdownloader (pid 18773): empty for 1819s
05-21 06:17:35.799 I/ActivityManager(  374): No longer want android.process.media (pid 18831): empty for 1820s
05-21 06:17:35.846 W/ActivityManager(  374): Exception when unbinding service com.tencent.android.qqdownloader/com.tencent.assistant.sdk.PluginSupportService
05-21 06:17:35.846 W/ActivityManager(  374): android.os.TransactionTooLargeException
05-21 06:17:35.846 W/ActivityManager(  374): 	at android.os.BinderProxy.transact(Native Method)
05-21 06:17:35.846 W/ActivityManager(  374): 	at android.app.ApplicationThreadProxy.scheduleUnbindService(ApplicationThreadNative.java:844)
05-21 06:17:35.846 W/ActivityManager(  374): 	at com.android.server.am.ActiveServices.removeConnectionLocked(ActiveServices.java:1353)
05-21 06:17:35.846 W/ActivityManager(  374): 	at com.android.server.am.ActiveServices.killServicesLocked(ActiveServices.java:1627)
05-21 06:17:35.846 W/ActivityManager(  374): 	at com.android.server.am.ActivityManagerService.cleanUpApplicationRecordLocked(ActivityManagerService.java:11005)
05-21 06:17:35.846 W/ActivityManager(  374): 	at com.android.server.am.ActivityManagerService.handleAppDiedLocked(ActivityManagerService.java:2995)
05-21 06:17:35.846 W/ActivityManager(  374): 	at com.android.server.am.ActivityManagerService.appDiedLocked(ActivityManagerService.java:3085)
05-21 06:17:35.846 W/ActivityManager(  374): 	at com.android.server.am.ActivityManagerService$AppDeathRecipient.binderDied(ActivityManagerService.java:897)
05-21 06:17:35.846 W/ActivityManager(  374): 	at android.os.BinderProxy.sendDeathNotice(Binder.java:470)
05-21 06:17:35.846 W/ActivityManager(  374): 	at dalvik.system.NativeStart.run(Native Method)
05-21 06:17:35.853 W/ActivityManager(  374): Exception when stopping service com.tencent.android.qqdownloader/com.tencent.assistant.sdk.PluginSupportService
05-21 06:17:35.853 W/ActivityManager(  374): android.os.DeadObjectException
05-21 06:17:35.853 W/ActivityManager(  374): 	at android.os.BinderProxy.transact(Native Method)
05-21 06:17:35.853 W/ActivityManager(  374): 	at android.app.ApplicationThreadProxy.scheduleStopService(ApplicationThreadNative.java:873)
05-21 06:17:35.853 W/ActivityManager(  374): 	at com.android.server.am.ActiveServices.bringDownServiceLocked(ActiveServices.java:1280)
05-21 06:17:35.853 W/ActivityManager(  374): 	at com.android.server.am.ActiveServices.removeConnectionLocked(ActiveServices.java:1361)
05-21 06:17:35.853 W/ActivityManager(  374): 	at com.android.server.am.ActiveServices.killServicesLocked(ActiveServices.java:1627)
05-21 06:17:35.853 W/ActivityManager(  374): 	at com.android.server.am.ActivityManagerService.cleanUpApplicationRecordLocked(ActivityManagerService.java:11005)
05-21 06:17:35.853 W/ActivityManager(  374): 	at com.android.server.am.ActivityManagerService.handleAppDiedLocked(ActivityManagerService.java:2995)
05-21 06:17:35.853 W/ActivityManager(  374): 	at com.android.server.am.ActivityManagerService.appDiedLocked(ActivityManagerService.java:3085)
05-21 06:17:35.853 W/ActivityManager(  374): 	at com.android.server.am.ActivityManagerService$AppDeathRecipient.binderDied(ActivityManagerService.java:897)
05-21 06:17:35.853 W/ActivityManager(  374): 	at android.os.BinderProxy.sendDeathNotice(Binder.java:470)
05-21 06:17:35.853 W/ActivityManager(  374): 	at dalvik.system.NativeStart.run(Native Method)
05-21 06:17:35.853 W/ActivityManager(  374): Scheduling restart of crashed service com.tencent.android.qqdownloader/com.qq.AppService.AppService in 5000ms
05-21 06:17:35.853 W/ActivityManager(  374): Scheduling restart of crashed service com.tencent.android.qqdownloader/com.qq.AppService.IPCService in 15000ms
05-21 06:17:35.861 W/ActivityManager(  374): Scheduling restart of crashed service com.tencent.android.qqdownloader/com.tencent.assistant.manager.notification.NotificationService in 14997ms
05-21 06:17:35.861 W/ActivityManager(  374): Scheduling restart of crashed service com.tencent.android.qqdownloader/com.tencent.assistant.service.WiseDownloadService in 24997ms
05-21 06:17:40.877 I/ActivityManager(  374): Start proc com.tencent.android.qqdownloader:connect for service com.tencent.android.qqdownloader/com.qq.AppService.AppService: pid=19068 uid=10065 gids={50065, 3003, 3002, 1006, 1028, 1015}
05-21 06:17:41.002 I/ActivityManager(  374): Start proc com.tencent.android.qqdownloader for service com.tencent.android.qqdownloader/com.tencent.assistant.sdk.PluginSupportService: pid=19083 uid=10065 gids={50065, 3003, 3002, 1006, 1028, 1015}
05-21 06:17:41.174 I/ActivityManager(  374): Start proc android.process.media for content provider com.android.providers.media/.MediaProvider: pid=19109 uid=10015 gids={50015, 1015, 1023, 1024, 1028, 2001, 3003, 3007}
05-21 06:21:59.994 I/ActivityManager(  374): No longer want com.android.providers.calendar (pid 18866): empty for 1838s
05-21 06:21:59.994 I/ActivityManager(  374): No longer want com.google.android.calendar (pid 18880): empty for 1842s
05-21 06:24:59.994 I/ActivityManager(  374): No longer want com.google.android.apps.maps:LocationFriendService (pid 18938): empty for 1853s
05-21 06:24:59.994 I/ActivityManager(  374): No longer want com.google.android.apps.maps:FriendService (pid 18926): empty for 1853s
05-21 06:24:59.994 I/ActivityManager(  374): No longer want com.google.android.apps.maps:GoogleLocationService (pid 18905): empty for 1854s
05-21 06:25:00.025 W/ActivityManager(  374): Scheduling restart of crashed service com.google.android.apps.maps/com.google.android.location.internal.server.GoogleLocationService in 5000ms
05-21 06:25:05.041 I/ActivityManager(  374): Start proc com.google.android.apps.maps:GoogleLocationService for service com.google.android.apps.maps/com.google.android.location.internal.server.GoogleLocationService: pid=19162 uid=10038 gids={50038, 3003, 1015, 1028}
05-21 06:25:05.978 I/ActivityManager(  374): Start proc com.google.android.apps.maps:FriendService for broadcast com.google.android.apps.maps/com.google.googlenav.friend.android.ServiceReceiver: pid=19184 uid=10038 gids={50038, 3003, 1015, 1028}
05-21 06:25:06.119 I/ActivityManager(  374): Start proc com.google.android.apps.maps:LocationFriendService for broadcast com.google.android.apps.maps/com.google.googlenav.friend.reporting.LocationReportingIntentReceiver: pid=19196 uid=10038 gids={50038, 3003, 1015, 1028}
05-21 06:27:07.681 W/ActivityThread(19162): ClassLoader.loadClass: The class loader returned by Thread.getContextClassLoader() may fail for processes that host multiple applications. You should explicitly specify a context class loader. For example: Thread.setContextClassLoader(getClass().getClassLoader());
05-21 06:33:59.994 I/ActivityManager(  374): No longer want com.dragon.android.pandaspace:bdservice_v1 (pid 18984): empty for 1844s
05-21 06:33:59.994 I/ActivityManager(  374): No longer want com.dragon.android.pandaspace (pid 18963): empty for 1854s
05-21 06:34:00.041 W/ActivityManager(  374): Scheduling restart of crashed service com.dragon.android.pandaspace/com.baidu.android.moplus.MoPlusService in 5000ms
05-21 06:34:00.041 W/ActivityManager(  374): Scheduling restart of crashed service com.dragon.android.pandaspace/com.dragon.pandaspace.download.flow.DownloadTaskService in 14997ms
05-21 06:34:05.056 I/ActivityManager(  374): Start proc com.dragon.android.pandaspace:bdservice_v1 for service com.dragon.android.pandaspace/com.baidu.android.moplus.MoPlusService: pid=19220 uid=10074 gids={50074, 1015, 3003, 1006, 1028}
05-21 06:34:05.916 I/ActivityManager(  374): Start proc com.dragon.android.pandaspace for service com.dragon.android.pandaspace/com.dragon.pandaspace.download.flow.DownloadTaskService: pid=19248 uid=10074 gids={50074, 1015, 3003, 1006, 1028}
05-21 06:38:09.908 W/ActivityManager(  374): Unable to start service Intent { act=pekall.intent.action.DOWNLOAD_APP (has extras) } U=0: not found
05-21 06:38:11.408 I/ActivityManager(  374): Start proc com.pekall.emdm.launcher:remote for service com.pekall.emdm.launcher/com.baidu.location.f: pid=19277 uid=10066 gids={50066, 1015, 3002, 3001, 3003, 1028}
05-21 06:38:11.580 D/ActivityThread(19277): Loading provider com.pekall.semail.provider;com.pekall.semail.notifier: com.pekall.semail.provider.EmailProvider
05-21 06:38:11.666 D/ActivityThread(19277): Loading provider com.pekall.semail.provider;com.pekall.semail.notifier: com.pekall.semail.provider.EmailProvider
05-21 06:38:14.228 W/ActivityManager(  374): Unable to start service Intent { cmp=com.pekall.emdm.launcher/com.pekall.semail.service.AttachmentDownloadService } U=0: not found
05-21 06:38:31.447 W/ActivityManager(  374): Timeout executing service: ServiceRecord{42a20660 u0 com.pekall.emdm.launcher/com.baidu.location.f}
05-21 06:38:35.174 E/ActivityManager(  374): ANR in com.pekall.emdm.launcher:remote
05-21 06:38:35.174 E/ActivityManager(  374): Reason: Executing service com.pekall.emdm.launcher/com.baidu.location.f
05-21 06:38:35.174 E/ActivityManager(  374): Load: 1.65 / 1.17 / 1.09
05-21 06:38:35.174 E/ActivityManager(  374): CPU usage from 26447ms to 0ms ago:
05-21 06:38:35.174 E/ActivityManager(  374):   100% 11191/com.pekall.emdm.launcher: 100% user + 0.3% kernel / faults: 2015 minor
05-21 06:38:35.174 E/ActivityManager(  374):   0.2% 374/system_server: 0.1% user + 0.1% kernel / faults: 13 minor
05-21 06:38:35.174 E/ActivityManager(  374):   0% 92/dhd_dpc: 0% user + 0% kernel
05-21 06:38:35.174 E/ActivityManager(  374):   0% 124/surfaceflinger: 0% user + 0% kernel
05-21 06:38:35.174 E/ActivityManager(  374):   0% 125/zygote: 0% user + 0% kernel / faults: 158 minor
05-21 06:38:35.174 E/ActivityManager(  374):   0% 1615/logcat: 0% user + 0% kernel
05-21 06:38:35.174 E/ActivityManager(  374):   0% 4648/logcat: 0% user + 0% kernel
05-21 06:38:35.174 E/ActivityManager(  374):   0% 19215/kworker/1:1: 0% user + 0% kernel
05-21 06:38:35.174 E/ActivityManager(  374):  +0% 19277/com.pekall.emdm.launcher:remote: 0% user + 0% kernel
05-21 06:38:35.174 E/ActivityManager(  374): 88% TOTAL: 87% user + 0.4% kernel + 0% iowait + 0% softirq
05-21 06:38:35.174 E/ActivityManager(  374): CPU usage from 2950ms to 3482ms later with 99% awake:
05-21 06:38:35.174 E/ActivityManager(  374):   98% 19277/com.pekall.emdm.launcher:remote: 98% user + 0% kernel
05-21 06:38:35.174 E/ActivityManager(  374):     100% 19290/Thread-2859: 100% user + 0% kernel
05-21 06:38:35.174 E/ActivityManager(  374):   96% 11191/com.pekall.emdm.launcher: 96% user + 0% kernel
05-21 06:38:35.174 E/ActivityManager(  374):     94% 11204/Thread-2040: 94% user + 0% kernel
05-21 06:38:35.174 E/ActivityManager(  374):   7.5% 374/system_server: 3.7% user + 3.7% kernel / faults: 1 minor
05-21 06:38:35.174 E/ActivityManager(  374):     5.6% 390/ActivityManager: 1.8% user + 3.7% kernel
05-21 06:38:35.174 E/ActivityManager(  374): 100% TOTAL: 99% user + 0.9% kernel
05-21 06:38:35.174 W/ActivityManager(  374): Killing ProcessRecord{430587d8 19277:com.pekall.emdm.launcher:remote/u0a10066}: background ANR
05-21 06:38:35.205 I/ActivityManager(  374): Process com.pekall.emdm.launcher:remote (pid 19277) has died.
05-21 06:38:35.205 W/ActivityManager(  374): Scheduling restart of crashed service com.pekall.emdm.launcher/com.baidu.location.f in 5000ms
05-21 06:38:40.221 I/ActivityManager(  374): Start proc com.pekall.emdm.launcher:remote for service com.pekall.emdm.launcher/com.baidu.location.f: pid=19311 uid=10066 gids={50066, 1015, 3002, 3001, 3003, 1028}
05-21 06:38:40.611 D/ActivityThread(19311): Loading provider com.pekall.semail.provider;com.pekall.semail.notifier: com.pekall.semail.provider.EmailProvider
05-21 06:38:41.228 D/ActivityThread(19311): Loading provider com.pekall.semail.provider;com.pekall.semail.notifier: com.pekall.semail.provider.EmailProvider
