--------- beginning of /dev/log/system
05-21 03:23:09.181 W/ActivityManager(  374): Unable to start service Intent { act=pekall.intent.action.DOWNLOAD_APP (has extras) } U=0: not found
05-21 03:23:09.502 I/ActivityManager(  374): Start proc com.pekall.emdm.launcher:remote for service com.pekall.emdm.launcher/com.baidu.location.f: pid=17292 uid=10066 gids={50066, 1015, 3002, 3001, 3003, 1028}
05-21 03:23:09.752 D/ActivityThread(17292): Loading provider com.pekall.semail.provider;com.pekall.semail.notifier: com.pekall.semail.provider.EmailProvider
05-21 03:23:09.791 D/ActivityThread(17292): Loading provider com.pekall.semail.provider;com.pekall.semail.notifier: com.pekall.semail.provider.EmailProvider
05-21 03:23:11.369 W/ActivityManager(  374): Unable to start service Intent { cmp=com.pekall.emdm.launcher/com.pekall.semail.service.AttachmentDownloadService } U=0: not found
05-21 03:23:29.525 W/ActivityManager(  374): Timeout executing service: ServiceRecord{42a20660 u0 com.pekall.emdm.launcher/com.baidu.location.f}
05-21 03:23:33.221 E/ActivityManager(  374): ANR in com.pekall.emdm.launcher:remote
05-21 03:23:33.221 E/ActivityManager(  374): Reason: Executing service com.pekall.emdm.launcher/com.baidu.location.f
05-21 03:23:33.221 E/ActivityManager(  374): Load: 1.69 / 1.18 / 1.1
05-21 03:23:33.221 E/ActivityManager(  374): CPU usage from 24526ms to 0ms ago:
05-21 03:23:33.221 E/ActivityManager(  374):   100% 11191/com.pekall.emdm.launcher: 100% user + 0.2% kernel / faults: 1469 minor
05-21 03:23:33.221 E/ActivityManager(  374):   0.3% 374/system_server: 0.2% user + 0.1% kernel / faults: 45 minor
05-21 03:23:33.221 E/ActivityManager(  374):   0% 1615/logcat: 0% user + 0% kernel
05-21 03:23:33.221 E/ActivityManager(  374):   0% 4648/logcat: 0% user + 0% kernel
05-21 03:23:33.221 E/ActivityManager(  374):   0% 82/mmcqd/0: 0% user + 0% kernel
05-21 03:23:33.221 E/ActivityManager(  374):   0% 92/dhd_dpc: 0% user + 0% kernel
05-21 03:23:33.221 E/ActivityManager(  374):  +0% 17292/com.pekall.emdm.launcher:remote: 0% user + 0% kernel
05-21 03:23:33.221 E/ActivityManager(  374): 91% TOTAL: 90% user + 0.3% kernel + 0% iowait
05-21 03:23:33.221 E/ActivityManager(  374): CPU usage from 2906ms to 3447ms later:
05-21 03:23:33.221 E/ActivityManager(  374):   96% 11191/com.pekall.emdm.launcher: 96% user + 0% kernel
05-21 03:23:33.221 E/ActivityManager(  374):     94% 11204/Thread-2040: 94% user + 0% kernel
05-21 03:23:33.221 E/ActivityManager(  374):   89% 17292/com.pekall.emdm.launcher:remote: 89% user + 0% kernel
05-21 03:23:33.221 E/ActivityManager(  374):     90% 17305/Thread-2637: 90% user + 0% kernel
05-21 03:23:33.221 E/ActivityManager(  374):   7.4% 374/system_server: 5.5% user + 1.8% kernel / faults: 20 minor
05-21 03:23:33.221 E/ActivityManager(  374):     7.4% 390/ActivityManager: 3.7% user + 3.7% kernel
05-21 03:23:33.221 E/ActivityManager(  374):     1.8% 380/Compiler: 1.8% user + 0% kernel
05-21 03:23:33.221 E/ActivityManager(  374): 96% TOTAL: 95% user + 0.9% kernel
05-21 03:23:33.236 W/ActivityManager(  374): Killing ProcessRecord{42540e98 17292:com.pekall.emdm.launcher:remote/u0a10066}: background ANR
05-21 03:23:33.244 I/ActivityManager(  374): Process com.pekall.emdm.launcher:remote (pid 17292) has died.
05-21 03:23:33.244 W/ActivityManager(  374): Scheduling restart of crashed service com.pekall.emdm.launcher/com.baidu.location.f in 5000ms
05-21 03:23:38.267 I/ActivityManager(  374): Start proc com.pekall.emdm.launcher:remote for service com.pekall.emdm.launcher/com.baidu.location.f: pid=17325 uid=10066 gids={50066, 1015, 3002, 3001, 3003, 1028}
05-21 03:23:38.603 D/ActivityThread(17325): Loading provider com.pekall.semail.provider;com.pekall.semail.notifier: com.pekall.semail.provider.EmailProvider
05-21 03:23:38.806 D/ActivityThread(17325): Loading provider com.pekall.semail.provider;com.pekall.semail.notifier: com.pekall.semail.provider.EmailProvider
05-21 03:23:40.377 W/ActivityManager(  374): Unable to start service Intent { cmp=com.pekall.emdm.launcher/com.pekall.semail.service.AttachmentDownloadService } U=0: not found
05-21 03:23:58.306 W/ActivityManager(  374): Timeout executing service: ServiceRecord{42a20660 u0 com.pekall.emdm.launcher/com.baidu.location.f}
05-21 03:24:03.252 E/ActivityManager(  374): ANR in com.pekall.emdm.launcher:remote
05-21 03:24:03.252 E/ActivityManager(  374): Reason: Executing service com.pekall.emdm.launcher/com.baidu.location.f
05-21 03:24:03.252 E/ActivityManager(  374): Load: 2.01 / 1.31 / 1.14
05-21 03:24:03.252 E/ActivityManager(  374): CPU usage from 28781ms to -1ms ago:
05-21 03:24:03.252 E/ActivityManager(  374):   96% 11191/com.pekall.emdm.launcher: 96% user + 0.4% kernel / faults: 3897 minor 1 major
05-21 03:24:03.252 E/ActivityManager(  374):   5.1% 374/system_server: 4.2% user + 0.8% kernel / faults: 1175 minor
05-21 03:24:03.252 E/ActivityManager(  374):   0.6% 448/com.android.systemui: 0.5% user + 0% kernel / faults: 34 minor
05-21 03:24:03.252 E/ActivityManager(  374):   0% 561/com.android.phone: 0% user + 0% kernel / faults: 30 minor
05-21 03:24:03.252 E/ActivityManager(  374):   0% 568/com.android.nfc: 0% user + 0% kernel / faults: 29 minor
05-21 03:24:03.252 E/ActivityManager(  374):   0% 82/mmcqd/0: 0% user + 0% kernel
05-21 03:24:03.252 E/ActivityManager(  374):   0% 114/jbd2/mmcblk0p12: 0% user + 0% kernel
05-21 03:24:03.252 E/ActivityManager(  374):   0% 116/servicemanager: 0% user + 0% kernel
05-21 03:24:03.252 E/ActivityManager(  374):   0% 125/zygote: 0% user + 0% kernel / faults: 102 minor
05-21 03:24:03.252 E/ActivityManager(  374):   0% 1615/logcat: 0% user + 0% kernel
05-21 03:24:03.252 E/ActivityManager(  374):   0% 10934/com.google.android.email: 0% user + 0% kernel
05-21 03:24:03.252 E/ActivityManager(  374):   0% 14757/kworker/u:1: 0% user + 0% kernel
05-21 03:24:03.252 E/ActivityManager(  374):   0% 17139/com.tencent.android.qqdownloader:connect: 0% user + 0% kernel
05-21 03:24:03.252 E/ActivityManager(  374):   0% 17154/com.tencent.android.qqdownloader: 0% user + 0% kernel / faults: 19 minor
05-21 03:24:03.252 E/ActivityManager(  374):   0% 17232/com.google.android.apps.maps:GoogleLocationService: 0% user + 0% kernel / faults: 12 minor
05-21 03:24:03.252 E/ActivityManager(  374):  +0% 17325/com.pekall.emdm.launcher:remote: 0% user + 0% kernel
05-21 03:24:03.252 E/ActivityManager(  374): 91% TOTAL: 90% user + 1.1% kernel + 0% iowait
05-21 03:24:03.252 E/ActivityManager(  374): CPU usage from 4157ms to 4704ms later:
05-21 03:24:03.252 E/ActivityManager(  374):   100% 17325/com.pekall.emdm.launcher:remote: 100% user + 0% kernel
05-21 03:24:03.252 E/ActivityManager(  374):     100% 17339/Thread-2640: 100% user + 0% kernel
05-21 03:24:03.252 E/ActivityManager(  374):   92% 11191/com.pekall.emdm.launcher: 92% user + 0% kernel
05-21 03:24:03.252 E/ActivityManager(  374):     94% 11204/Thread-2040: 94% user + 0% kernel
05-21 03:24:03.252 E/ActivityManager(  374):   5.4% 374/system_server: 0% user + 5.4% kernel
05-21 03:24:03.252 E/ActivityManager(  374):     5.4% 390/ActivityManager: 0% user + 5.4% kernel
05-21 03:24:03.252 E/ActivityManager(  374): 100% TOTAL: 98% user + 1.8% kernel
05-21 03:24:03.260 W/ActivityManager(  374): Killing ProcessRecord{422aac90 17325:com.pekall.emdm.launcher:remote/u0a10066}: background ANR
05-21 03:24:03.291 I/ActivityManager(  374): Process com.pekall.emdm.launcher:remote (pid 17325) has died.
05-21 03:24:03.291 W/ActivityManager(  374): Scheduling restart of crashed service com.pekall.emdm.launcher/com.baidu.location.f in 20000ms
05-21 03:24:23.338 I/ActivityManager(  374): Start proc com.pekall.emdm.launcher:remote for service com.pekall.emdm.launcher/com.baidu.location.f: pid=17361 uid=10066 gids={50066, 1015, 3002, 3001, 3003, 1028}
05-21 03:24:23.791 D/ActivityThread(17361): Loading provider com.pekall.semail.provider;com.pekall.semail.notifier: com.pekall.semail.provider.EmailProvider
05-21 03:24:24.135 D/ActivityThread(17361): Loading provider com.pekall.semail.provider;com.pekall.semail.notifier: com.pekall.semail.provider.EmailProvider
05-21 03:24:25.510 W/ActivityManager(  374): Unable to start service Intent { cmp=com.pekall.emdm.launcher/com.pekall.semail.service.AttachmentDownloadService } U=0: not found
05-21 03:24:43.369 W/ActivityManager(  374): Timeout executing service: ServiceRecord{42a20660 u0 com.pekall.emdm.launcher/com.baidu.location.f}
05-21 03:24:48.010 E/ActivityManager(  374): ANR in com.pekall.emdm.launcher:remote
05-21 03:24:48.010 E/ActivityManager(  374): Reason: Executing service com.pekall.emdm.launcher/com.baidu.location.f
05-21 03:24:48.010 E/ActivityManager(  374): Load: 2.01 / 1.39 / 1.18
05-21 03:24:48.010 E/ActivityManager(  374): CPU usage from 36948ms to 0ms ago:
05-21 03:24:48.010 E/ActivityManager(  374):   99% 11191/com.pekall.emdm.launcher: 99% user + 0% kernel / faults: 455 minor
05-21 03:24:48.010 E/ActivityManager(  374):   0.2% 374/system_server: 0.2% user + 0% kernel / faults: 43 minor
05-21 03:24:48.010 E/ActivityManager(  374):   0% 82/mmcqd/0: 0% user + 0% kernel
05-21 03:24:48.010 E/ActivityManager(  374):   0% 106/flush-179:0: 0% user + 0% kernel
05-21 03:24:48.010 E/ActivityManager(  374):   0% 124/surfaceflinger: 0% user + 0% kernel
05-21 03:24:48.010 E/ActivityManager(  374):   0% 125/zygote: 0% user + 0% kernel / faults: 50 minor
05-21 03:24:48.010 E/ActivityManager(  374):   0% 133/sdcard: 0% user + 0% kernel
05-21 03:24:48.010 E/ActivityManager(  374):   0% 1615/logcat: 0% user + 0% kernel
05-21 03:24:48.010 E/ActivityManager(  374):   0% 4648/logcat: 0% user + 0% kernel
05-21 03:24:48.010 E/ActivityManager(  374):   0% 17154/com.tencent.android.qqdownloader: 0% user + 0% kernel / faults: 23 minor
05-21 03:24:48.010 E/ActivityManager(  374):  +0% 17361/com.pekall.emdm.launcher:remote: 0% user + 0% kernel
05-21 03:24:48.010 E/ActivityManager(  374): 77% TOTAL: 76% user + 0.2% kernel
05-21 03:24:48.010 E/ActivityManager(  374): CPU usage from 3871ms to 4403ms later:
05-21 03:24:48.010 E/ActivityManager(  374):   92% 11191/com.pekall.emdm.launcher: 92% user + 0% kernel
05-21 03:24:48.010 E/ActivityManager(  374):     92% 11204/Thread-2040: 92% user + 0% kernel
05-21 03:24:48.010 E/ActivityManager(  374):   88% 17361/com.pekall.emdm.launcher:remote: 88% user + 0% kernel
05-21 03:24:48.010 E/ActivityManager(  374):     87% 17374/Thread-2643: 87% user + 0% kernel
05-21 03:24:48.010 E/ActivityManager(  374):   5.6% 374/system_server: 1.8% user + 3.7% kernel
05-21 03:24:48.010 E/ActivityManager(  374):     3.7% 390/ActivityManager: 0% user + 3.7% kernel
05-21 03:24:48.010 E/ActivityManager(  374): 93% TOTAL: 91% user + 1.8% kernel
05-21 03:24:48.025 W/ActivityManager(  374): Killing ProcessRecord{42540e98 17361:com.pekall.emdm.launcher:remote/u0a10066}: background ANR
05-21 03:24:48.049 I/ActivityManager(  374): Process com.pekall.emdm.launcher:remote (pid 17361) has died.
05-21 03:24:48.049 W/ActivityManager(  374): Scheduling restart of crashed service com.pekall.emdm.launcher/com.baidu.location.f in 80000ms
05-21 03:26:08.056 I/ActivityManager(  374): Start proc com.pekall.emdm.launcher:remote for service com.pekall.emdm.launcher/com.baidu.location.f: pid=17395 uid=10066 gids={50066, 1015, 3002, 3001, 3003, 1028}
05-21 03:26:08.330 D/ActivityThread(17395): Loading provider com.pekall.semail.provider;com.pekall.semail.notifier: com.pekall.semail.provider.EmailProvider
05-21 03:26:08.478 D/ActivityThread(17395): Loading provider com.pekall.semail.provider;com.pekall.semail.notifier: com.pekall.semail.provider.EmailProvider
05-21 03:26:09.853 W/ActivityManager(  374): Unable to start service Intent { cmp=com.pekall.emdm.launcher/com.pekall.semail.service.AttachmentDownloadService } U=0: not found
05-21 03:26:28.103 W/ActivityManager(  374): Timeout executing service: ServiceRecord{42a20660 u0 com.pekall.emdm.launcher/com.baidu.location.f}
05-21 03:26:32.830 E/ActivityManager(  374): ANR in com.pekall.emdm.launcher:remote
05-21 03:26:32.830 E/ActivityManager(  374): Reason: Executing service com.pekall.emdm.launcher/com.baidu.location.f
05-21 03:26:32.830 E/ActivityManager(  374): Load: 1.6 / 1.37 / 1.19
05-21 03:26:32.830 E/ActivityManager(  374): CPU usage from 23101ms to 0ms ago with 99% awake:
05-21 03:26:32.830 E/ActivityManager(  374):   99% 11191/com.pekall.emdm.launcher: 99% user + 0% kernel / faults: 385 minor
05-21 03:26:32.830 E/ActivityManager(  374):   0.2% 374/system_server: 0.2% user + 0% kernel / faults: 33 minor
05-21 03:26:32.830 E/ActivityManager(  374):   0% 114/jbd2/mmcblk0p12: 0% user + 0% kernel
05-21 03:26:32.830 E/ActivityManager(  374):   0% 116/servicemanager: 0% user + 0% kernel
05-21 03:26:32.830 E/ActivityManager(  374):   0% 124/surfaceflinger: 0% user + 0% kernel
05-21 03:26:32.830 E/ActivityManager(  374):   0% 125/zygote: 0% user + 0% kernel / faults: 50 minor
05-21 03:26:32.830 E/ActivityManager(  374):   0% 1615/logcat: 0% user + 0% kernel
05-21 03:26:32.830 E/ActivityManager(  374):   0% 4648/logcat: 0% user + 0% kernel
05-21 03:26:32.830 E/ActivityManager(  374):   0% 15380/kworker/0:1: 0% user + 0% kernel
05-21 03:26:32.830 E/ActivityManager(  374):  +0% 17395/com.pekall.emdm.launcher:remote: 0% user + 0% kernel
05-21 03:26:32.830 E/ActivityManager(  374): 93% TOTAL: 92% user + 0.3% kernel
05-21 03:26:32.830 E/ActivityManager(  374): CPU usage from 3947ms to 4478ms later with 99% awake:
05-21 03:26:32.830 E/ActivityManager(  374):   94% 11191/com.pekall.emdm.launcher: 94% user + 0% kernel
05-21 03:26:32.830 E/ActivityManager(  374):     92% 11204/Thread-2040: 92% user + 0% kernel
05-21 03:26:32.830 E/ActivityManager(  374):   85% 17395/com.pekall.emdm.launcher:remote: 85% user + 0% kernel
05-21 03:26:32.830 E/ActivityManager(  374):     85% 17408/Thread-2646: 85% user + 0% kernel
05-21 03:26:32.830 E/ActivityManager(  374):   5.6% 374/system_server: 0% user + 5.6% kernel / faults: 1 minor
05-21 03:26:32.830 E/ActivityManager(  374):     5.6% 390/ActivityManager: 0% user + 5.6% kernel
05-21 03:26:32.830 E/ActivityManager(  374): 94% TOTAL: 92% user + 1.8% kernel
05-21 03:26:32.838 W/ActivityManager(  374): Killing ProcessRecord{422aac90 17395:com.pekall.emdm.launcher:remote/u0a10066}: background ANR
05-21 03:26:32.846 I/ActivityManager(  374): Process com.pekall.emdm.launcher:remote (pid 17395) has died.
05-21 03:26:32.846 W/ActivityManager(  374): Scheduling restart of crashed service com.pekall.emdm.launcher/com.baidu.location.f in 320000ms
05-21 03:31:52.908 I/ActivityManager(  374): Start proc com.pekall.emdm.launcher:remote for service com.pekall.emdm.launcher/com.baidu.location.f: pid=17430 uid=10066 gids={50066, 1015, 3002, 3001, 3003, 1028}
05-21 03:31:53.221 D/ActivityThread(17430): Loading provider com.pekall.semail.provider;com.pekall.semail.notifier: com.pekall.semail.provider.EmailProvider
05-21 03:31:53.221 D/ActivityThread(17430): Loading provider com.pekall.semail.provider;com.pekall.semail.notifier: com.pekall.semail.provider.EmailProvider
05-21 03:31:53.783 W/ActivityManager(  374): Unable to start service Intent { cmp=com.pekall.emdm.launcher/com.pekall.semail.service.AttachmentDownloadService } U=0: not found
05-21 03:32:12.947 W/ActivityManager(  374): Timeout executing service: ServiceRecord{42a20660 u0 com.pekall.emdm.launcher/com.baidu.location.f}
05-21 03:32:17.346 E/ActivityManager(  374): ANR in com.pekall.emdm.launcher:remote
05-21 03:32:17.346 E/ActivityManager(  374): Reason: Executing service com.pekall.emdm.launcher/com.baidu.location.f
05-21 03:32:17.346 E/ActivityManager(  374): Load: 1.5 / 1.23 / 1.16
05-21 03:32:17.346 E/ActivityManager(  374): CPU usage from 7945ms to 0ms ago:
05-21 03:32:17.346 E/ActivityManager(  374):   99% 17430/zygote: 99% user + 0% kernel
05-21 03:32:17.346 E/ActivityManager(  374):   99% 11191/com.pekall.emdm.launcher: 99% user + 0% kernel
05-21 03:32:17.346 E/ActivityManager(  374):   0.1% 374/system_server: 0.1% user + 0% kernel / faults: 2 minor
05-21 03:32:17.346 E/ActivityManager(  374): 100% TOTAL: 99% user + 0% kernel
05-21 03:32:17.346 E/ActivityManager(  374): CPU usage from 3619ms to 4151ms later:
05-21 03:32:17.346 E/ActivityManager(  374):   92% 11191/com.pekall.emdm.launcher: 92% user + 0% kernel
05-21 03:32:17.346 E/ActivityManager(  374):     94% 11204/Thread-2040: 94% user + 0% kernel
05-21 03:32:17.346 E/ActivityManager(  374):   89% 17430/com.pekall.emdm.launcher:remote: 89% user + 0% kernel
05-21 03:32:17.346 E/ActivityManager(  374):     89% 17443/Thread-2649: 89% user + 0% kernel
05-21 03:32:17.346 E/ActivityManager(  374):   5.6% 374/system_server: 0% user + 5.6% kernel / faults: 1 minor
05-21 03:32:17.346 E/ActivityManager(  374):     5.6% 390/ActivityManager: 0% user + 5.6% kernel
05-21 03:32:17.346 E/ActivityManager(  374):   0.7% 124/surfaceflinger: 0% user + 0.7% kernel
05-21 03:32:17.346 E/ActivityManager(  374): 95% TOTAL: 93% user + 1.9% kernel
05-21 03:32:17.353 W/ActivityManager(  374): Killing ProcessRecord{42540e98 17430:com.pekall.emdm.launcher:remote/u0a10066}: background ANR
05-21 03:32:17.361 I/ActivityManager(  374): Process com.pekall.emdm.launcher:remote (pid 17430) has died.
05-21 03:32:17.361 W/ActivityManager(  374): Scheduling restart of crashed service com.pekall.emdm.launcher/com.baidu.location.f in 1280000ms
05-21 03:37:59.994 I/ActivityManager(  374): No longer want com.nd.assistance.ServerService (pid 17073): empty for 1854s
05-21 03:38:00.010 W/ActivityManager(  374): Scheduling restart of crashed service com.nd.assistance/.server.ServerService in 5000ms
05-21 03:38:05.041 I/ActivityManager(  374): Start proc com.nd.assistance.ServerService for service com.nd.assistance/.server.ServerService: pid=17468 uid=10068 gids={50068, 3003, 1015, 1006, 1028}
05-21 03:45:59.994 I/ActivityManager(  374): No longer want com.dragon.android.pandaspace:bdservice_v1 (pid 17110): empty for 1844s
05-21 03:45:59.994 I/ActivityManager(  374): No longer want com.dragon.android.pandaspace (pid 17089): empty for 1854s
05-21 03:46:00.010 W/ActivityManager(  374): Scheduling restart of crashed service com.dragon.android.pandaspace/com.baidu.android.moplus.MoPlusService in 5000ms
05-21 03:46:00.017 W/ActivityManager(  374): Scheduling restart of crashed service com.dragon.android.pandaspace/com.dragon.pandaspace.download.flow.DownloadTaskService in 14993ms
05-21 03:46:05.033 I/ActivityManager(  374): Start proc com.dragon.android.pandaspace:bdservice_v1 for service com.dragon.android.pandaspace/com.baidu.android.moplus.MoPlusService: pid=17486 uid=10074 gids={50074, 1015, 3003, 1006, 1028}
05-21 03:46:05.978 I/ActivityManager(  374): Start proc com.dragon.android.pandaspace for service com.dragon.android.pandaspace/com.dragon.pandaspace.download.flow.DownloadTaskService: pid=17514 uid=10074 gids={50074, 1015, 3003, 1006, 1028}
05-21 03:47:59.994 I/ActivityManager(  374): No longer want android.process.media (pid 17179): empty for 1811s
05-21 03:50:43.314 I/ActivityManager(  374): No longer want com.google.android.apps.maps:LocationFriendService (pid 17265): empty for 1837s
05-21 03:50:43.322 I/ActivityManager(  374): No longer want com.google.android.apps.maps:FriendService (pid 17253): empty for 1837s
05-21 03:50:43.322 I/ActivityManager(  374): No longer want com.google.android.apps.maps:GoogleLocationService (pid 17232): empty for 1838s
05-21 03:50:43.346 W/ActivityManager(  374): Scheduling restart of crashed service com.google.android.apps.maps/com.google.android.location.internal.server.GoogleLocationService in 5000ms
05-21 03:50:48.369 I/ActivityManager(  374): Start proc com.google.android.apps.maps:GoogleLocationService for service com.google.android.apps.maps/com.google.android.location.internal.server.GoogleLocationService: pid=17539 uid=10038 gids={50038, 3003, 1015, 1028}
05-21 03:50:49.330 I/ActivityManager(  374): Start proc com.google.android.apps.maps:FriendService for broadcast com.google.android.apps.maps/com.google.googlenav.friend.android.ServiceReceiver: pid=17560 uid=10038 gids={50038, 3003, 1015, 1028}
05-21 03:50:49.431 I/ActivityManager(  374): Start proc com.google.android.apps.maps:LocationFriendService for broadcast com.google.android.apps.maps/com.google.googlenav.friend.reporting.LocationReportingIntentReceiver: pid=17573 uid=10038 gids={50038, 3003, 1015, 1028}
05-21 03:50:50.838 W/ActivityThread(17539): ClassLoader.loadClass: The class loader returned by Thread.getContextClassLoader() may fail for processes that host multiple applications. You should explicitly specify a context class loader. For example: Thread.setContextClassLoader(getClass().getClassLoader());
05-21 03:53:37.408 I/ActivityManager(  374): Start proc com.pekall.emdm.launcher:remote for service com.pekall.emdm.launcher/com.baidu.location.f: pid=17599 uid=10066 gids={50066, 1015, 3002, 3001, 3003, 1028}
05-21 03:53:37.806 D/ActivityThread(17599): Loading provider com.pekall.semail.provider;com.pekall.semail.notifier: com.pekall.semail.provider.EmailProvider
05-21 03:53:37.924 D/ActivityThread(17599): Loading provider com.pekall.semail.provider;com.pekall.semail.notifier: com.pekall.semail.provider.EmailProvider
05-21 03:53:40.408 W/ActivityManager(  374): Unable to start service Intent { cmp=com.pekall.emdm.launcher/com.pekall.semail.service.AttachmentDownloadService } U=0: not found
05-21 03:53:57.447 W/ActivityManager(  374): Timeout executing service: ServiceRecord{42a20660 u0 com.pekall.emdm.launcher/com.baidu.location.f}
05-21 03:54:02.885 E/ActivityManager(  374): ANR in com.pekall.emdm.launcher:remote
05-21 03:54:02.885 E/ActivityManager(  374): Reason: Executing service com.pekall.emdm.launcher/com.baidu.location.f
05-21 03:54:02.885 E/ActivityManager(  374): Load: 1.66 / 1.17 / 1.1
05-21 03:54:02.885 E/ActivityManager(  374): CPU usage from 0ms to 5411ms later:
05-21 03:54:02.885 E/ActivityManager(  374):   87% 17599/com.pekall.emdm.launcher:remote: 87% user + 0.1% kernel / faults: 114 minor
05-21 03:54:02.885 E/ActivityManager(  374):   78% 11191/com.pekall.emdm.launcher: 77% user + 0.1% kernel
05-21 03:54:02.885 E/ActivityManager(  374):   26% 374/system_server: 21% user + 5.1% kernel / faults: 379 minor
05-21 03:54:02.885 E/ActivityManager(  374):   0.5% 448/com.android.systemui: 0.5% user + 0% kernel / faults: 39 minor
05-21 03:54:02.885 E/ActivityManager(  374):   0% 561/com.android.phone: 0% user + 0% kernel / faults: 30 minor
05-21 03:54:02.885 E/ActivityManager(  374):   0% 568/com.android.nfc: 0% user + 0% kernel / faults: 29 minor
05-21 03:54:02.885 E/ActivityManager(  374): 99% TOTAL: 96% user + 3.3% kernel
05-21 03:54:02.885 E/ActivityManager(  374): CPU usage from 4615ms to 5152ms later:
05-21 03:54:02.885 E/ActivityManager(  374):   98% 17599/com.pekall.emdm.launcher:remote: 98% user + 0% kernel
05-21 03:54:02.885 E/ActivityManager(  374):     98% 17612/Thread-2670: 98% user + 0% kernel
05-21 03:54:02.885 E/ActivityManager(  374):   90% 11191/com.pekall.emdm.launcher: 90% user + 0% kernel
05-21 03:54:02.885 E/ActivityManager(  374):     92% 11204/Thread-2040: 92% user + 0% kernel
05-21 03:54:02.885 E/ActivityManager(  374):   7.4% 374/system_server: 5.5% user + 1.8% kernel
05-21 03:54:02.885 E/ActivityManager(  374):     7.4% 390/ActivityManager: 3.7% user + 3.7% kernel
05-21 03:54:02.885 E/ActivityManager(  374): 98% TOTAL: 96% user + 1.8% kernel
05-21 03:54:02.892 W/ActivityManager(  374): Killing ProcessRecord{4269d918 17599:com.pekall.emdm.launcher:remote/u0a10066}: background ANR
05-21 03:54:02.931 I/ActivityManager(  374): Process com.pekall.emdm.launcher:remote (pid 17599) has died.
05-21 03:54:02.931 W/ActivityManager(  374): Scheduling restart of crashed service com.pekall.emdm.launcher/com.baidu.location.f in 5120000ms
05-21 04:00:29.338 D/ConnectivityService(  374): Captive portal check NetworkInfo: type: WIFI[], state: CONNECTING/CAPTIVE_PORTAL_CHECK, reason: (unspecified), extra: "pekall_work", roaming: false, failover: false, isAvailable: true
05-21 04:00:29.353 I/ActivityManager(  374): Start proc com.nd.assistance for broadcast com.nd.assistance/.receiver.WifiStateChangeReceiver: pid=17663 uid=10068 gids={50068, 3003, 1015, 1006, 1028}
05-21 04:00:29.361 D/ConnectivityService(  374): ConnectivityChange for WIFI: CONNECTED/CONNECTED
05-21 04:00:29.377 D/ConnectivityService(  374): handleConnectivityChange: address are the same reset per doReset linkProperty[1]: resetMask=0
05-21 04:00:29.385 D/Nat464Xlat(  374): requiresClat: netType=1, hasIPv4Address=true
05-21 04:00:29.385 W/ActivityManager(  374): Failed to clear dns cache for: com.tencent.android.qqdownloader
05-21 04:00:30.361 D/ConnectivityService(  374): NetTransition Wakelock for ConnectedState released by timeout
05-21 04:00:32.494 I/ActivityManager(  374): Start proc android.process.media for broadcast com.android.providers.downloads/.DownloadReceiver: pid=17680 uid=10015 gids={50015, 1015, 1023, 1024, 1028, 2001, 3003, 3007}
05-21 04:00:32.658 I/ActivityManager(  374): Start proc com.google.android.gallery3d for broadcast com.google.android.gallery3d/com.google.android.picasasync.ConnectivityReceiver: pid=17696 uid=10019 gids={50019, 1006, 3003, 1015, 1028}
05-21 04:00:32.939 I/ActivityManager(  374): Start proc com.google.android.apps.uploader for broadcast com.google.android.apps.uploader/com.google.android.picasasync.ConnectivityReceiver: pid=17719 uid=10039 gids={50039, 3003, 1015, 1028}
05-21 04:00:32.939 D/ConnectivityService(  374): handleInetConditionHoldEnd: net=1, condition=100, published condition=0
05-21 04:00:33.064 I/ActivityManager(  374): Start proc com.android.mms for broadcast com.android.mms/.transaction.MmsSystemEventReceiver: pid=17733 uid=10040 gids={50040, 3003, 1015, 1028}
05-21 04:00:33.127 D/CountryDetector(  374): The first listener is added
05-21 04:00:35.502 I/ActivityManager(  374): Start proc com.qihoo.appstore for service com.qihoo.appstore/.express.DownloadCoreService: pid=17767 uid=10064 gids={50064, 3003, 1015, 3002, 1006, 3001, 1028}
05-21 04:00:37.869 W/ActivityManager(  374): Unable to start service Intent { act=com.google.android.gms.analytics.service.START (has extras) } U=0: not found
05-21 04:00:42.877 W/ActivityManager(  374): Unable to start service Intent { act=com.google.android.gms.analytics.service.START (has extras) } U=0: not found
05-21 04:08:59.994 I/ActivityManager(  374): No longer want com.nd.assistance.ServerService (pid 17468): empty for 1854s
05-21 04:09:00.002 W/ActivityManager(  374): Scheduling restart of crashed service com.nd.assistance/.server.ServerService in 5000ms
05-21 04:09:05.025 I/ActivityManager(  374): Start proc com.nd.assistance.ServerService for service com.nd.assistance/.server.ServerService: pid=17801 uid=10068 gids={50068, 3003, 1015, 1006, 1028}
05-21 04:20:59.994 I/ActivityManager(  374): No longer want com.google.android.apps.maps:LocationFriendService (pid 17573): empty for 1810s
05-21 04:20:59.994 I/ActivityManager(  374): No longer want com.google.android.apps.maps:FriendService (pid 17560): empty for 1810s
05-21 04:20:59.994 I/ActivityManager(  374): No longer want com.google.android.apps.maps:GoogleLocationService (pid 17539): empty for 1811s
05-21 04:21:00.025 W/ActivityManager(  374): Scheduling restart of crashed service com.google.android.apps.maps/com.google.android.location.internal.server.GoogleLocationService in 5000ms
05-21 04:21:05.049 I/ActivityManager(  374): Start proc com.google.android.apps.maps:GoogleLocationService for service com.google.android.apps.maps/com.google.android.location.internal.server.GoogleLocationService: pid=17821 uid=10038 gids={50038, 3003, 1015, 1028}
05-21 04:21:06.041 I/ActivityManager(  374): Start proc com.google.android.apps.maps:FriendService for broadcast com.google.android.apps.maps/com.google.googlenav.friend.android.ServiceReceiver: pid=17842 uid=10038 gids={50038, 3003, 1015, 1028}
05-21 04:21:06.142 I/ActivityManager(  374): Start proc com.google.android.apps.maps:LocationFriendService for broadcast com.google.android.apps.maps/com.google.googlenav.friend.reporting.LocationReportingIntentReceiver: pid=17854 uid=10038 gids={50038, 3003, 1015, 1028}
05-21 04:21:07.510 W/ActivityThread(17821): ClassLoader.loadClass: The class loader returned by Thread.getContextClassLoader() may fail for processes that host multiple applications. You should explicitly specify a context class loader. For example: Thread.setContextClassLoader(getClass().getClassLoader());
05-21 04:28:09.306 I/ActivityManager(  374): Start proc com.pekall.emdm.launcher:remote for service com.pekall.emdm.launcher/com.baidu.location.f: pid=17878 uid=10066 gids={50066, 1015, 3002, 3001, 3003, 1028}
05-21 04:28:09.424 W/ActivityManager(  374): Unable to start service Intent { act=pekall.intent.action.DOWNLOAD_APP (has extras) } U=0: not found
05-21 04:28:09.713 D/ActivityThread(17878): Loading provider com.pekall.semail.provider;com.pekall.semail.notifier: com.pekall.semail.provider.EmailProvider
05-21 04:28:09.853 D/ActivityThread(17878): Loading provider com.pekall.semail.provider;com.pekall.semail.notifier: com.pekall.semail.provider.EmailProvider
05-21 04:28:12.377 W/ActivityManager(  374): Unable to start service Intent { cmp=com.pekall.emdm.launcher/com.pekall.semail.service.AttachmentDownloadService } U=0: not found
05-21 04:28:29.353 W/ActivityManager(  374): Timeout executing service: ServiceRecord{42a20660 u0 com.pekall.emdm.launcher/com.baidu.location.f}
05-21 04:28:35.439 E/ActivityManager(  374): ANR in com.pekall.emdm.launcher:remote
05-21 04:28:35.439 E/ActivityManager(  374): Reason: Executing service com.pekall.emdm.launcher/com.baidu.location.f
05-21 04:28:35.439 E/ActivityManager(  374): Load: 1.95 / 1.27 / 1.13
05-21 04:28:35.439 E/ActivityManager(  374): CPU usage from 0ms to 6057ms later:
05-21 04:28:35.439 E/ActivityManager(  374):   85% 17878/com.pekall.emdm.launcher:remote: 85% user + 0.1% kernel / faults: 115 minor
05-21 04:28:35.439 E/ActivityManager(  374):   84% 11191/com.pekall.emdm.launcher: 84% user + 0.3% kernel / faults: 304 minor
05-21 04:28:35.439 E/ActivityManager(  374):   22% 374/system_server: 17% user + 5.2% kernel / faults: 498 minor
05-21 04:28:35.439 E/ActivityManager(  374):   1.1% 448/com.android.systemui: 1% user + 0% kernel / faults: 55 minor
05-21 04:28:35.439 E/ActivityManager(  374):   0.1% 561/com.android.phone: 0% user + 0% kernel / faults: 44 minor
05-21 04:28:35.439 E/ActivityManager(  374):   0.6% 17767/com.qihoo.appstore: 0.4% user + 0.1% kernel / faults: 148 minor 1 major
05-21 04:28:35.439 E/ActivityManager(  374):   0% 568/com.android.nfc: 0% user + 0% kernel / faults: 47 minor
05-21 04:28:35.439 E/ActivityManager(  374): 99% TOTAL: 96% user + 3.3% kernel
05-21 04:28:35.439 E/ActivityManager(  374): CPU usage from 5115ms to 5664ms later:
05-21 04:28:35.439 E/ActivityManager(  374):   100% 11191/com.pekall.emdm.launcher: 100% user + 0% kernel
05-21 04:28:35.439 E/ActivityManager(  374):     98% 11204/Thread-2040: 98% user + 0% kernel
05-21 04:28:35.439 E/ActivityManager(  374):   94% 17878/com.pekall.emdm.launcher:remote: 94% user + 0% kernel
05-21 04:28:35.439 E/ActivityManager(  374):     94% 17891/Thread-2703: 94% user + 0% kernel
05-21 04:28:35.439 E/ActivityManager(  374):   5.3% 374/system_server: 1.7% user + 3.5% kernel / faults: 1 minor
05-21 04:28:35.439 E/ActivityManager(  374):     7.1% 390/ActivityManager: 1.7% user + 5.3% kernel
05-21 04:28:35.439 E/ActivityManager(  374):   1.2% 17767/com.qihoo.appstore: 1.2% user + 0% kernel / faults: 1 minor
05-21 04:28:35.439 E/ActivityManager(  374):     1.2% 17791/Thread-2698: 1.2% user + 0% kernel
05-21 04:28:35.439 E/ActivityManager(  374): 100% TOTAL: 98% user + 1.8% kernel
05-21 04:28:35.439 W/ActivityManager(  374): Killing ProcessRecord{426a86a8 17878:com.pekall.emdm.launcher:remote/u0a10066}: background ANR
05-21 04:28:35.478 I/ActivityManager(  374): Process com.pekall.emdm.launcher:remote (pid 17878) has died.
05-21 04:28:35.478 W/ActivityManager(  374): Scheduling restart of crashed service com.pekall.emdm.launcher/com.baidu.location.f in 5000ms
05-21 04:28:40.494 I/ActivityManager(  374): Start proc com.pekall.emdm.launcher:remote for service com.pekall.emdm.launcher/com.baidu.location.f: pid=17913 uid=10066 gids={50066, 1015, 3002, 3001, 3003, 1028}
05-21 04:28:41.088 D/ActivityThread(17913): Loading provider com.pekall.semail.provider;com.pekall.semail.notifier: com.pekall.semail.provider.EmailProvider
05-21 04:28:41.096 D/ActivityThread(17913): Loading provider com.pekall.semail.provider;com.pekall.semail.notifier: com.pekall.semail.provider.EmailProvider
05-21 04:28:46.877 W/ActivityManager(  374): Unable to start service Intent { cmp=com.pekall.emdm.launcher/com.pekall.semail.service.AttachmentDownloadService } U=0: not found
05-21 04:29:00.517 W/ActivityManager(  374): Timeout executing service: ServiceRecord{42a20660 u0 com.pekall.emdm.launcher/com.baidu.location.f}
05-21 04:29:07.299 E/ActivityManager(  374): ANR in com.pekall.emdm.launcher:remote
05-21 04:29:07.299 E/ActivityManager(  374): Reason: Executing service com.pekall.emdm.launcher/com.baidu.location.f
05-21 04:29:07.299 E/ActivityManager(  374): Load: 2.54 / 1.49 / 1.21
05-21 04:29:07.299 E/ActivityManager(  374): CPU usage from 0ms to 6759ms later:
05-21 04:29:07.299 E/ActivityManager(  374):   85% 11191/com.pekall.emdm.launcher: 85% user + 0.1% kernel
05-21 04:29:07.299 E/ActivityManager(  374):   85% 17913/com.pekall.emdm.launcher:remote: 85% user + 0.2% kernel / faults: 117 minor
05-21 04:29:07.299 E/ActivityManager(  374):   22% 374/system_server: 18% user + 3.4% kernel / faults: 558 minor
05-21 04:29:07.299 E/ActivityManager(  374):   5% 448/com.android.systemui: 4.7% user + 0.2% kernel / faults: 32 minor
05-21 04:29:07.299 E/ActivityManager(  374):   0.1% 561/com.android.phone: 0% user + 0% kernel / faults: 30 minor
05-21 04:29:07.299 E/ActivityManager(  374):   0% 568/com.android.nfc: 0% user + 0% kernel / faults: 28 minor
05-21 04:29:07.299 E/ActivityManager(  374):   0.2% 17767/com.qihoo.appstore: 0.2% user + 0% kernel / faults: 2 minor
05-21 04:29:07.299 E/ActivityManager(  374): 100% TOTAL: 97% user + 2.3% kernel
05-21 04:29:07.299 E/ActivityManager(  374): CPU usage from 5979ms to 6512ms later:
05-21 04:29:07.299 E/ActivityManager(  374):   98% 17913/com.pekall.emdm.launcher:remote: 98% user + 0% kernel
05-21 04:29:07.299 E/ActivityManager(  374):     100% 17926/Thread-2706: 100% user + 0% kernel
05-21 04:29:07.299 E/ActivityManager(  374):   94% 11191/com.pekall.emdm.launcher: 94% user + 0% kernel
05-21 04:29:07.299 E/ActivityManager(  374):     96% 11204/Thread-2040: 96% user + 0% kernel
05-21 04:29:07.299 E/ActivityManager(  374):   7.4% 374/system_server: 3.7% user + 3.7% kernel
05-21 04:29:07.299 E/ActivityManager(  374):     7.4% 390/ActivityManager: 3.7% user + 3.7% kernel
05-21 04:29:07.299 E/ActivityManager(  374): 100% TOTAL: 98% user + 1.8% kernel
05-21 04:29:07.314 W/ActivityManager(  374): Killing ProcessRecord{42540e98 17913:com.pekall.emdm.launcher:remote/u0a10066}: background ANR
05-21 04:29:07.338 I/ActivityManager(  374): Process com.pekall.emdm.launcher:remote (pid 17913) has died.
05-21 04:29:07.338 W/ActivityManager(  374): Scheduling restart of crashed service com.pekall.emdm.launcher/com.baidu.location.f in 20000ms
05-21 04:29:27.377 I/ActivityManager(  374): Start proc com.pekall.emdm.launcher:remote for service com.pekall.emdm.launcher/com.baidu.location.f: pid=17947 uid=10066 gids={50066, 1015, 3002, 3001, 3003, 1028}
05-21 04:29:27.900 D/ActivityThread(17947): Loading provider com.pekall.semail.provider;com.pekall.semail.notifier: com.pekall.semail.provider.EmailProvider
05-21 04:29:27.924 D/ActivityThread(17947): Loading provider com.pekall.semail.provider;com.pekall.semail.notifier: com.pekall.semail.provider.EmailProvider
05-21 04:29:31.252 W/ActivityManager(  374): Unable to start service Intent { cmp=com.pekall.emdm.launcher/com.pekall.semail.service.AttachmentDownloadService } U=0: not found
05-21 04:29:47.408 W/ActivityManager(  374): Timeout executing service: ServiceRecord{42a20660 u0 com.pekall.emdm.launcher/com.baidu.location.f}
05-21 04:29:53.158 E/ActivityManager(  374): ANR in com.pekall.emdm.launcher:remote
05-21 04:29:53.158 E/ActivityManager(  374): Reason: Executing service com.pekall.emdm.launcher/com.baidu.location.f
05-21 04:29:53.158 E/ActivityManager(  374): Load: 2.69 / 1.65 / 1.28
05-21 04:29:53.158 E/ActivityManager(  374): CPU usage from 0ms to 5724ms later with 99% awake:
05-21 04:29:53.158 E/ActivityManager(  374):   85% 11191/com.pekall.emdm.launcher: 85% user + 0.1% kernel
05-21 04:29:53.158 E/ActivityManager(  374):   80% 17947/com.pekall.emdm.launcher:remote: 80% user + 0.5% kernel / faults: 111 minor
05-21 04:29:53.158 E/ActivityManager(  374):   26% 374/system_server: 21% user + 4.1% kernel / faults: 616 minor
05-21 04:29:53.158 E/ActivityManager(  374):   0.7% 448/com.android.systemui: 0.6% user + 0.1% kernel / faults: 24 minor
05-21 04:29:53.158 E/ActivityManager(  374):   0% 561/com.android.phone: 0% user + 0% kernel / faults: 30 minor
05-21 04:29:53.158 E/ActivityManager(  374):   0% 568/com.android.nfc: 0% user + 0% kernel / faults: 28 minor
05-21 04:29:53.158 E/ActivityManager(  374):   0% 17154/com.tencent.android.qqdownloader: 0% user + 0% kernel / faults: 56 minor
05-21 04:29:53.158 E/ActivityManager(  374): 100% TOTAL: 96% user + 3.2% kernel
05-21 04:29:53.158 E/ActivityManager(  374): CPU usage from 4910ms to 5478ms later:
05-21 04:29:53.158 E/ActivityManager(  374):   98% 11191/com.pekall.emdm.launcher: 98% user + 0% kernel
05-21 04:29:53.158 E/ActivityManager(  374):     101% 11204/Thread-2040: 101% user + 0% kernel
05-21 04:29:53.158 E/ActivityManager(  374):   94% 17947/com.pekall.emdm.launcher:remote: 94% user + 0% kernel
05-21 04:29:53.158 E/ActivityManager(  374):     92% 17960/Thread-2709: 92% user + 0% kernel
05-21 04:29:53.158 E/ActivityManager(  374):   7.1% 374/system_server: 1.7% user + 5.3% kernel
05-21 04:29:53.158 E/ActivityManager(  374):     5.3% 390/ActivityManager: 1.7% user + 3.5% kernel
05-21 04:29:53.158 E/ActivityManager(  374): 100% TOTAL: 98% user + 1.7% kernel
05-21 04:29:53.166 W/ActivityManager(  374): Killing ProcessRecord{42545d60 17947:com.pekall.emdm.launcher:remote/u0a10066}: background ANR
05-21 04:29:53.174 I/ActivityManager(  374): Process com.pekall.emdm.launcher:remote (pid 17947) has died.
05-21 04:29:53.174 W/ActivityManager(  374): Scheduling restart of crashed service com.pekall.emdm.launcher/com.baidu.location.f in 80000ms
05-21 04:30:32.814 I/ActivityManager(  374): No longer want com.nd.assistance (pid 17663): empty for 1803s
05-21 04:30:59.994 I/ActivityManager(  374): No longer want com.qihoo.appstore (pid 17767): empty for 1824s
05-21 04:30:59.994 I/ActivityManager(  374): No longer want com.android.mms (pid 17733): empty for 1826s
05-21 04:30:59.994 I/ActivityManager(  374): No longer want com.dragon.android.pandaspace:bdservice_v1 (pid 17486): empty for 1826s
05-21 04:30:59.994 I/ActivityManager(  374): No longer want com.dragon.android.pandaspace (pid 17514): empty for 1826s
05-21 04:30:59.994 I/ActivityManager(  374): No longer want com.google.android.apps.uploader (pid 17719): empty for 1826s
05-21 04:30:59.994 I/ActivityManager(  374): No longer want android.process.media (pid 17680): empty for 1827s
05-21 04:30:59.994 I/ActivityManager(  374): No longer want com.google.android.gallery3d (pid 17696): empty for 1827s
05-21 04:31:00.111 W/ActivityManager(  374): Scheduling restart of crashed service com.dragon.android.pandaspace/.receiver.UpdateAndMessageService in 23065ms
05-21 04:31:00.111 W/ActivityManager(  374): Scheduling restart of crashed service com.dragon.android.pandaspace/com.dragon.pandaspace.download.flow.DownloadTaskService in 33065ms
05-21 04:31:00.111 D/CountryDetector(  374): No listener is left
05-21 04:31:00.111 W/ActivityManager(  374): Scheduling restart of crashed service com.qihoo.appstore/.express.DownloadCoreService in 43063ms
05-21 04:31:00.439 W/ActivityManager(  374): Scheduling restart of crashed service com.dragon.android.pandaspace/com.baidu.android.moplus.MoPlusService in 42737ms
05-21 04:31:13.221 I/ActivityManager(  374): Start proc com.pekall.emdm.launcher:remote for service com.pekall.emdm.launcher/com.baidu.location.f: pid=17981 uid=10066 gids={50066, 1015, 3002, 3001, 3003, 1028}
05-21 04:31:13.564 D/ActivityThread(17981): Loading provider com.pekall.semail.provider;com.pekall.semail.notifier: com.pekall.semail.provider.EmailProvider
05-21 04:31:13.619 D/ActivityThread(17981): Loading provider com.pekall.semail.provider;com.pekall.semail.notifier: com.pekall.semail.provider.EmailProvider
05-21 04:31:15.963 W/ActivityManager(  374): Unable to start service Intent { cmp=com.pekall.emdm.launcher/com.pekall.semail.service.AttachmentDownloadService } U=0: not found
05-21 04:31:23.221 I/ActivityManager(  374): Start proc com.dragon.android.pandaspace for service com.dragon.android.pandaspace/.receiver.UpdateAndMessageService: pid=18013 uid=10074 gids={50074, 1015, 3003, 1006, 1028}
05-21 04:31:33.236 W/ActivityManager(  374): Timeout executing service: ServiceRecord{42a20660 u0 com.pekall.emdm.launcher/com.baidu.location.f}
05-21 04:31:37.447 E/ActivityManager(  374): ANR in com.pekall.emdm.launcher:remote
05-21 04:31:37.447 E/ActivityManager(  374): Reason: Executing service com.pekall.emdm.launcher/com.baidu.location.f
05-21 04:31:37.447 E/ActivityManager(  374): Load: 1.75 / 1.57 / 1.29
05-21 04:31:37.447 E/ActivityManager(  374): CPU usage from 28234ms to 0ms ago:
05-21 04:31:37.447 E/ActivityManager(  374):   98% 11191/com.pekall.emdm.launcher: 98% user + 0.1% kernel / faults: 397 minor
05-21 04:31:37.447 E/ActivityManager(  374):   0% 125/zygote: 0% user + 0% kernel / faults: 573 minor
05-21 04:31:37.447 E/ActivityManager(  374):   0.3% 374/system_server: 0.2% user + 0% kernel / faults: 48 minor
05-21 04:31:37.447 E/ActivityManager(  374):   0% 114/jbd2/mmcblk0p12: 0% user + 0% kernel
05-21 04:31:37.447 E/ActivityManager(  374):   0% 116/servicemanager: 0% user + 0% kernel
05-21 04:31:37.447 E/ActivityManager(  374):   0% 1615/logcat: 0% user + 0% kernel
05-21 04:31:37.447 E/ActivityManager(  374):   0% 1661/com.qihoo360.mobilesafe:GuardService: 0% user + 0% kernel / faults: 3 minor
05-21 04:31:37.447 E/ActivityManager(  374):   0% 4648/logcat: 0% user + 0% kernel
05-21 04:31:37.447 E/ActivityManager(  374):   0% 17154/com.tencent.android.qqdownloader: 0% user + 0% kernel / faults: 4 minor
05-21 04:31:37.447 E/ActivityManager(  374):  +0% 17981/com.pekall.emdm.launcher:remote: 0% user + 0% kernel
05-21 04:31:37.447 E/ActivityManager(  374):  +0% 18013/com.dragon.android.pandaspace: 0% user + 0% kernel
05-21 04:31:37.447 E/ActivityManager(  374): 85% TOTAL: 84% user + 0.3% kernel
05-21 04:31:37.447 E/ActivityManager(  374): CPU usage from 3434ms to 3966ms later:
05-21 04:31:37.447 E/ActivityManager(  374):   100% 17981/com.pekall.emdm.launcher:remote: 100% user + 0% kernel
05-21 04:31:37.447 E/ActivityManager(  374):     100% 17994/Thread-2712: 100% user + 0% kernel
05-21 04:31:37.447 E/ActivityManager(  374):   94% 11191/com.pekall.emdm.launcher: 94% user + 0% kernel
05-21 04:31:37.447 E/ActivityManager(  374):     96% 11204/Thread-2040: 96% user + 0% kernel
05-21 04:31:37.447 E/ActivityManager(  374):   7.5% 374/system_server: 1.8% user + 5.6% kernel
05-21 04:31:37.447 E/ActivityManager(  374):     5.6% 390/ActivityManager: 1.8% user + 3.7% kernel
05-21 04:31:37.447 E/ActivityManager(  374): 100% TOTAL: 98% user + 1.8% kernel
05-21 04:31:37.455 W/ActivityManager(  374): Killing ProcessRecord{42540e98 17981:com.pekall.emdm.launcher:remote/u0a10066}: background ANR
05-21 04:31:37.478 I/ActivityManager(  374): Process com.pekall.emdm.launcher:remote (pid 17981) has died.
05-21 04:31:37.478 W/ActivityManager(  374): Scheduling restart of crashed service com.pekall.emdm.launcher/com.baidu.location.f in 320000ms
05-21 04:31:43.197 I/ActivityManager(  374): Start proc com.dragon.android.pandaspace:bdservice_v1 for service com.dragon.android.pandaspace/com.baidu.android.moplus.MoPlusService: pid=18034 uid=10074 gids={50074, 1015, 3003, 1006, 1028}
05-21 04:36:57.549 I/ActivityManager(  374): Start proc com.pekall.emdm.launcher:remote for service com.pekall.emdm.launcher/com.baidu.location.f: pid=18071 uid=10066 gids={50066, 1015, 3002, 3001, 3003, 1028}
05-21 04:36:57.853 D/ActivityThread(18071): Loading provider com.pekall.semail.provider;com.pekall.semail.notifier: com.pekall.semail.provider.EmailProvider
05-21 04:36:57.939 D/ActivityThread(18071): Loading provider com.pekall.semail.provider;com.pekall.semail.notifier: com.pekall.semail.provider.EmailProvider
05-21 04:37:00.142 W/ActivityManager(  374): Unable to start service Intent { cmp=com.pekall.emdm.launcher/com.pekall.semail.service.AttachmentDownloadService } U=0: not found
05-21 04:37:17.564 W/ActivityManager(  374): Timeout executing service: ServiceRecord{42a20660 u0 com.pekall.emdm.launcher/com.baidu.location.f}
05-21 04:37:21.674 E/ActivityManager(  374): ANR in com.pekall.emdm.launcher:remote
05-21 04:37:21.674 E/ActivityManager(  374): Reason: Executing service com.pekall.emdm.launcher/com.baidu.location.f
05-21 04:37:21.674 E/ActivityManager(  374): Load: 1.29 / 1.25 / 1.23
05-21 04:37:21.674 E/ActivityManager(  374): CPU usage from 12562ms to 0ms ago:
05-21 04:37:21.674 E/ActivityManager(  374):   100% 11191/com.pekall.emdm.launcher: 100% user + 0% kernel
05-21 04:37:21.674 E/ActivityManager(  374):   99% 18071/com.pekall.emdm.launcher:remote: 99% user + 0% kernel
05-21 04:37:21.674 E/ActivityManager(  374):   0.1% 374/system_server: 0% user + 0.1% kernel
05-21 04:37:21.674 E/ActivityManager(  374): 100% TOTAL: 100% user + 0% kernel
05-21 04:37:21.674 E/ActivityManager(  374): CPU usage from 3329ms to 3861ms later:
05-21 04:37:21.674 E/ActivityManager(  374):   87% 18071/com.pekall.emdm.launcher:remote: 87% user + 0% kernel
05-21 04:37:21.674 E/ActivityManager(  374):     87% 18084/Thread-2721: 87% user + 0% kernel
05-21 04:37:21.674 E/ActivityManager(  374):   83% 11191/com.pekall.emdm.launcher: 83% user + 0% kernel
05-21 04:37:21.674 E/ActivityManager(  374):     83% 11204/Thread-2040: 83% user + 0% kernel
05-21 04:37:21.674 E/ActivityManager(  374):   5.6% 374/system_server: 0% user + 5.6% kernel
05-21 04:37:21.674 E/ActivityManager(  374):     7.5% 390/ActivityManager: 0% user + 7.5% kernel
05-21 04:37:21.674 E/ActivityManager(  374): 87% TOTAL: 84% user + 2.8% kernel
05-21 04:37:21.681 W/ActivityManager(  374): Killing ProcessRecord{422aac90 18071:com.pekall.emdm.launcher:remote/u0a10066}: background ANR
05-21 04:37:21.697 I/ActivityManager(  374): Process com.pekall.emdm.launcher:remote (pid 18071) has died.
05-21 04:37:21.697 W/ActivityManager(  374): Scheduling restart of crashed service com.pekall.emdm.launcher/com.baidu.location.f in 1280000ms
05-21 04:39:59.994 I/ActivityManager(  374): No longer want com.nd.assistance.ServerService (pid 17801): empty for 1854s
05-21 04:40:00.010 W/ActivityManager(  374): Scheduling restart of crashed service com.nd.assistance/.server.ServerService in 5000ms
05-21 04:40:05.041 I/ActivityManager(  374): Start proc com.nd.assistance.ServerService for service com.nd.assistance/.server.ServerService: pid=18108 uid=10068 gids={50068, 3003, 1015, 1006, 1028}
05-21 04:44:59.994 I/ActivityManager(  374): No longer want com.tencent.android.qqdownloader:connect (pid 17139): empty for 1827s
05-21 04:44:59.994 I/ActivityManager(  374): No longer want com.tencent.android.qqdownloader (pid 17154): empty for 1827s
05-21 04:45:00.025 W/ActivityManager(  374): Scheduling restart of crashed service com.tencent.android.qqdownloader/com.qq.AppService.IPCService in 5000ms
05-21 04:45:00.025 W/ActivityManager(  374): Scheduling restart of crashed service com.tencent.android.qqdownloader/com.qq.AppService.AppService in 15000ms
05-21 04:45:00.025 W/ActivityManager(  374): Scheduling restart of crashed service com.tencent.android.qqdownloader/com.tencent.assistant.service.WiseDownloadService in 24998ms
05-21 04:45:00.025 W/ActivityManager(  374): Scheduling restart of crashed service com.tencent.android.qqdownloader/com.tencent.assistant.manager.notification.NotificationService in 34998ms
05-21 04:45:15.049 I/ActivityManager(  374): Start proc com.tencent.android.qqdownloader:connect for service com.tencent.android.qqdownloader/com.qq.AppService.AppService: pid=18123 uid=10065 gids={50065, 3003, 3002, 1006, 1028, 1015}
05-21 04:45:15.142 I/ActivityManager(  374): Start proc com.tencent.android.qqdownloader for service com.tencent.android.qqdownloader/com.tencent.assistant.sdk.PluginSupportService: pid=18138 uid=10065 gids={50065, 3003, 3002, 1006, 1028, 1015}
05-21 04:45:15.338 I/ActivityManager(  374): Start proc android.process.media for content provider com.android.providers.media/.MediaProvider: pid=18163 uid=10015 gids={50015, 1015, 1023, 1024, 1028, 2001, 3003, 3007}
05-21 04:51:59.994 I/ActivityManager(  374): No longer want com.google.android.apps.maps:LocationFriendService (pid 17854): empty for 1853s
05-21 04:51:59.994 I/ActivityManager(  374): No longer want com.google.android.apps.maps:FriendService (pid 17842): empty for 1853s
05-21 04:51:59.994 I/ActivityManager(  374): No longer want com.google.android.apps.maps:GoogleLocationService (pid 17821): empty for 1854s
