05-21 10:13:32.275 W/ContextImpl(22323): Calling a method in the system process without a qualified user: android.app.ContextImpl.bindService:1439 android.content.ContextWrapper.bindService:496 android.bluetooth.BluetoothPbap.<init>:161 com.android.settings.bluetooth.PbapServerProfile.<init>:68 com.android.settings.bluetooth.LocalBluetoothProfileManager.<init>:124 
05-21 10:13:32.455 D/WifiService(  374): setWifiEnabled: true pid=22323, uid=1000
05-21 10:13:32.635 I/ActivityManager(  374): Process com.google.android.email (pid 10934) has died.
05-21 10:13:36.228 I/ActivityManager(  374): START u0 {act=android.intent.action.MAIN cmp=com.android.settings/.SubSettings (has extras)} from pid 22323
05-21 10:13:37.416 I/ActivityManager(  374): START u0 {act=android.intent.action.MAIN cmp=com.android.settings/.SubSettings (has extras)} from pid 22323
--------- beginning of /dev/log/main
05-21 10:13:38.564 D/InteractionController(22284): clickAndWaitForNewWindow(295, 348)
05-21 10:13:38.736 W/Parcel  ( 1661): Attempt to read object from Parcel 0x6003bdac at offset 200 that is not in the object list
05-21 10:13:38.736 I/ActivityManager(  374): START u0 {cmp=com.android.settings/.DeviceAdminAdd (has extras)} from pid 22323
05-21 10:13:38.861 D/dalvikvm(  374): GC_FOR_ALLOC freed 2014K, 24% free 22124K/29040K, paused 91ms, total 91ms
05-21 10:13:39.080 I/ActivityManager(  374): Displayed com.android.settings/.DeviceAdminAdd: +208ms
05-21 10:13:39.728 I/QueryController(22284): Matched selector: UiSelector[TEXT=Deactivate, CLASS=android.widget.Button] <<==>> [android.view.accessibility.AccessibilityNodeInfo@3d1df; boundsInParent: Rect(0, 0 - 359, 96); boundsInScreen: Rect(361, 1088 - 720, 1184); packageName: com.android.settings; className: android.widget.Button; text: Deactivate; contentDescription: null; viewIdResName: com.android.settings:id/action_button; checkable: false; checked: false; focusable: true; focused: false; selected: false; clickable: true; longClickable: false; enabled: true; password: false; scrollable: false; [ACTION_FOCUS, ACTION_SELECT, ACTION_CLEAR_SELECTION, ACTION_CLICK, ACTION_ACCESSIBILITY_FOCUS, ACTION_NEXT_AT_MOVEMENT_GRANULARITY, ACTION_PREVIOUS_AT_MOVEMENT_GRANULARITY, ACTION_SET_SELECTION]]
05-21 10:13:39.767 I/QueryController(22284): Matched selector: UiSelector[TEXT=Deactivate, CLASS=android.widget.Button] <<==>> [android.view.accessibility.AccessibilityNodeInfo@3d1df; boundsInParent: Rect(0, 0 - 359, 96); boundsInScreen: Rect(361, 1088 - 720, 1184); packageName: com.android.settings; className: android.widget.Button; text: Deactivate; contentDescription: null; viewIdResName: com.android.settings:id/action_button; checkable: false; checked: false; focusable: true; focused: false; selected: false; clickable: true; longClickable: false; enabled: true; password: false; scrollable: false; [ACTION_FOCUS, ACTION_SELECT, ACTION_CLEAR_SELECTION, ACTION_CLICK, ACTION_ACCESSIBILITY_FOCUS, ACTION_NEXT_AT_MOVEMENT_GRANULARITY, ACTION_PREVIOUS_AT_MOVEMENT_GRANULARITY, ACTION_SET_SELECTION]]
05-21 10:13:39.767 D/InteractionController(22284): clickAndWaitForNewWindow(540, 1136)
05-21 10:13:39.900 W/Parcel  ( 1661): Attempt to read object from Parcel 0x6013bdac at offset 200 that is not in the object list
05-21 10:13:39.939 W/DevicePolicyManagerService(  374): Previous password owner 10066 no longer active; disabling
05-21 10:13:39.963 D/MdmApp  (11191): [null:-1]->startDeviceAdminActivity isAdminActive:false
05-21 10:13:39.963 W/Parcel  ( 1661): Attempt to read object from Parcel 0x5ef3bdac at offset 200 that is not in the object list
05-21 10:13:39.963 I/ActivityManager(  374): START u0 {flg=0x10000000 cmp=com.pekall.emdm.launcher/com.pekall.emdm.ui.ActiveDeviceAdminActivity} from pid 11191
05-21 10:13:40.072 W/InputMethodManagerService(  374): Focus gain on non-focused client com.android.internal.view.IInputMethodClient$Stub$Proxy@42d9c570 (uid=1000 pid=22323)
05-21 10:13:40.080 V/LauncherApplication(11191): onActivityStarted
05-21 10:13:40.088 D/        (11191): [---null: -1---]     awsa  onActivityResumed
05-21 10:13:40.088 V/LauncherApplication(11191): 2MdmConstant.LAST_LAUNCH_TIME = 1400638404533
05-21 10:13:40.111 D/        (11191): [---null: -1---]  activity = com.pekall.emdm.ui.ActiveDeviceAdminActivity
05-21 10:13:40.135 D/dalvikvm(22323): GC_CONCURRENT freed 179K, 3% free 10358K/10576K, paused 9ms+6ms, total 45ms
05-21 10:13:40.221 I/ActivityManager(  374): Displayed com.pekall.emdm.launcher/com.pekall.emdm.ui.ActiveDeviceAdminActivity: +195ms
05-21 10:13:40.447 D/dalvikvm(21105): GC_FOR_ALLOC freed 199K, 6% free 9470K/10068K, paused 20ms, total 21ms
05-21 10:13:40.728 I/QueryController(22284): Matched selector: UiSelector[TEXT=Active, CLASS=android.widget.Button] <<==>> [android.view.accessibility.AccessibilityNodeInfo@7043a; boundsInParent: Rect(0, 0 - 660, 79); boundsInScreen: Rect(30, 457 - 690, 536); packageName: com.pekall.emdm.launcher; className: android.widget.Button; text: Active; contentDescription: null; viewIdResName: com.pekall.emdm.launcher:id/active_device_admin_button; checkable: false; checked: false; focusable: true; focused: false; selected: false; clickable: true; longClickable: false; enabled: true; password: false; scrollable: false; [ACTION_FOCUS, ACTION_SELECT, ACTION_CLEAR_SELECTION, ACTION_CLICK, ACTION_ACCESSIBILITY_FOCUS, ACTION_NEXT_AT_MOVEMENT_GRANULARITY, ACTION_PREVIOUS_AT_MOVEMENT_GRANULARITY, ACTION_SET_SELECTION]]
05-21 10:13:40.736 W/Parcel  ( 1661): Attempt to read object from Parcel 0x5ec3bdac at offset 200 that is not in the object list
05-21 10:13:40.736 I/ActivityManager(  374): START u0 {act=launcher.action.to.personal cmp=com.pekall.emdm.launcher/.ui.BackPersonalActivity} from pid 11191
05-21 10:13:40.846 D/dalvikvm(  374): GC_FOR_ALLOC freed 1997K, 24% free 22143K/29040K, paused 74ms, total 75ms
05-21 10:13:40.885 D/LauncherApplication(11191): [null:-1]->onActivityPaused
05-21 10:13:40.900 V/LauncherApplication(11191): onActivityStarted
05-21 10:13:40.908 V/Launcher(11191): default_launcher = #Intent;launchFlags=0x10200000;component=com.android.launcher/com.android.launcher2.Launcher;end
05-21 10:13:40.908 W/Parcel  ( 1661): Attempt to read object from Parcel 0x5dfd3dac at offset 200 that is not in the object list
05-21 10:13:40.908 I/ActivityManager(  374): START u0 {act=android.intent.action.VIEW flg=0x10200000 cmp=com.android.launcher/com.android.launcher2.Launcher} from pid 11191
05-21 10:13:41.650 I/QueryController(22284): Matched selector: UiSelector[TEXT=Apps, CLASS=android.widget.TextView, PACKAGE NAME=com.android.launcher] <<==>> [android.view.accessibility.AccessibilityNodeInfo@18bf4; boundsInParent: Rect(524257, 0 - 524399, 104); boundsInScreen: Rect(0, 50 - 142, 154); packageName: com.android.launcher; className: android.widget.TextView; text: Apps; contentDescription: Apps; viewIdResName: null; checkable: false; checked: false; focusable: true; focused: false; selected: true; clickable: true; longClickable: false; enabled: true; password: false; scrollable: false; [ACTION_FOCUS, ACTION_SELECT, ACTION_CLEAR_SELECTION, ACTION_CLICK, ACTION_ACCESSIBILITY_FOCUS, ACTION_NEXT_AT_MOVEMENT_GRANULARITY, ACTION_PREVIOUS_AT_MOVEMENT_GRANULARITY, ACTION_SET_SELECTION]]
05-21 10:13:42.150 I/QueryController(22284): Matched selector: UiSelector[TEXT=Apps, CLASS=android.widget.TextView, PACKAGE NAME=com.android.launcher] <<==>> [android.view.accessibility.AccessibilityNodeInfo@18bf4; boundsInParent: Rect(524257, 0 - 524399, 104); boundsInScreen: Rect(0, 50 - 142, 154); packageName: com.android.launcher; className: android.widget.TextView; text: Apps; contentDescription: Apps; viewIdResName: null; checkable: false; checked: false; focusable: true; focused: false; selected: true; clickable: true; longClickable: false; enabled: true; password: false; scrollable: false; [ACTION_FOCUS, ACTION_SELECT, ACTION_CLEAR_SELECTION, ACTION_CLICK, ACTION_ACCESSIBILITY_FOCUS, ACTION_NEXT_AT_MOVEMENT_GRANULARITY, ACTION_PREVIOUS_AT_MOVEMENT_GRANULARITY, ACTION_SET_SELECTION]]
05-21 10:13:42.166 I/QueryController(22284): Matched selector: UiSelector[TEXT=Apps, CLASS=android.widget.TextView, PACKAGE NAME=com.android.launcher] <<==>> [android.view.accessibility.AccessibilityNodeInfo@18bf4; boundsInParent: Rect(524257, 0 - 524399, 104); boundsInScreen: Rect(0, 50 - 142, 154); packageName: com.android.launcher; className: android.widget.TextView; text: Apps; contentDescription: Apps; viewIdResName: null; checkable: false; checked: false; focusable: true; focused: false; selected: true; clickable: true; longClickable: false; enabled: true; password: false; scrollable: false; [ACTION_FOCUS, ACTION_SELECT, ACTION_CLEAR_SELECTION, ACTION_CLICK, ACTION_ACCESSIBILITY_FOCUS, ACTION_NEXT_AT_MOVEMENT_GRANULARITY, ACTION_PREVIOUS_AT_MOVEMENT_GRANULARITY, ACTION_SET_SELECTION]]
05-21 10:13:42.166 D/UiObject(22284): getText() = Apps
05-21 10:13:42.174 I/QueryController(22284): Matched selector: UiSelector[TEXT=Apps, CLASS=android.widget.TextView, PACKAGE NAME=com.android.launcher] <<==>> [android.view.accessibility.AccessibilityNodeInfo@18bf4; boundsInParent: Rect(524257, 0 - 524399, 104); boundsInScreen: Rect(0, 50 - 142, 154); packageName: com.android.launcher; className: android.widget.TextView; text: Apps; contentDescription: Apps; viewIdResName: null; checkable: false; checked: false; focusable: true; focused: false; selected: true; clickable: true; longClickable: false; enabled: true; password: false; scrollable: false; [ACTION_FOCUS, ACTION_SELECT, ACTION_CLEAR_SELECTION, ACTION_CLICK, ACTION_ACCESSIBILITY_FOCUS, ACTION_NEXT_AT_MOVEMENT_GRANULARITY, ACTION_PREVIOUS_AT_MOVEMENT_GRANULARITY, ACTION_SET_SELECTION]]
05-21 10:13:42.181 I/QueryController(22284): Matched selector: UiSelector[TEXT=Apps, CLASS=android.widget.TextView, PACKAGE NAME=com.android.launcher] <<==>> [android.view.accessibility.AccessibilityNodeInfo@18bf4; boundsInParent: Rect(524257, 0 - 524399, 104); boundsInScreen: Rect(0, 50 - 142, 154); packageName: com.android.launcher; className: android.widget.TextView; text: Apps; contentDescription: Apps; viewIdResName: null; checkable: false; checked: false; focusable: true; focused: false; selected: true; clickable: true; longClickable: false; enabled: true; password: false; scrollable: false; [ACTION_FOCUS, ACTION_SELECT, ACTION_CLEAR_SELECTION, ACTION_CLICK, ACTION_ACCESSIBILITY_FOCUS, ACTION_NEXT_AT_MOVEMENT_GRANULARITY, ACTION_PREVIOUS_AT_MOVEMENT_GRANULARITY, ACTION_SET_SELECTION]]
05-21 10:13:42.181 D/InteractionController(22284): clickAndWaitForNewWindow(71, 102)
05-21 10:13:45.291 W/InteractionController(22284): runAndwaitForEvent timedout waiting for events
05-21 10:13:45.306 I/QueryController(22284): Matched selector: UiSelector[PACKAGE NAME=com.android.launcher] <<==>> [android.view.accessibility.AccessibilityNodeInfo@79eb; boundsInParent: Rect(0, 0 - 720, 1184); boundsInScreen: Rect(0, 0 - 720, 1184); packageName: com.android.launcher; className: android.widget.FrameLayout; text: null; contentDescription: null; viewIdResName: null; checkable: false; checked: false; focusable: false; focused: false; selected: false; clickable: false; longClickable: false; enabled: true; password: false; scrollable: false; [ACTION_SELECT, ACTION_CLEAR_SELECTION, ACTION_ACCESSIBILITY_FOCUS]]
05-21 10:13:45.314 I/QueryController(22284): Matched selector: UiSelector[TEXT=Settings] <<==>> [android.view.accessibility.AccessibilityNodeInfo@f1c51; boundsInParent: Rect(0, 0 - 148, 184); boundsInScreen: Rect(16, 379 - 164, 563); packageName: com.android.launcher; className: android.widget.TextView; text: Settings; contentDescription: null; viewIdResName: null; checkable: false; checked: false; focusable: true; focused: false; selected: false; clickable: true; longClickable: true; enabled: true; password: false; scrollable: false; [ACTION_FOCUS, ACTION_SELECT, ACTION_CLEAR_SELECTION, ACTION_CLICK, ACTION_LONG_CLICK, ACTION_ACCESSIBILITY_FOCUS, ACTION_NEXT_AT_MOVEMENT_GRANULARITY, ACTION_PREVIOUS_AT_MOVEMENT_GRANULARITY, ACTION_SET_SELECTION]]
05-21 10:13:45.330 I/QueryController(22284): Matched selector: UiSelector[TEXT=Settings] <<==>> [android.view.accessibility.AccessibilityNodeInfo@f1c51; boundsInParent: Rect(0, 0 - 148, 184); boundsInScreen: Rect(16, 379 - 164, 563); packageName: com.android.launcher; className: android.widget.TextView; text: Settings; contentDescription: null; viewIdResName: null; checkable: false; checked: false; focusable: true; focused: false; selected: false; clickable: true; longClickable: true; enabled: true; password: false; scrollable: false; [ACTION_FOCUS, ACTION_SELECT, ACTION_CLEAR_SELECTION, ACTION_CLICK, ACTION_LONG_CLICK, ACTION_ACCESSIBILITY_FOCUS, ACTION_NEXT_AT_MOVEMENT_GRANULARITY, ACTION_PREVIOUS_AT_MOVEMENT_GRANULARITY, ACTION_SET_SELECTION]]
05-21 10:13:45.330 D/InteractionController(22284): clickAndWaitForNewWindow(90, 471)
05-21 10:13:45.463 W/Parcel  ( 1661): Attempt to read object from Parcel 0x6013bdac at offset 200 that is not in the object list
05-21 10:13:45.463 I/ActivityManager(  374): START u0 {act=android.intent.action.MAIN cat=[android.intent.category.LAUNCHER] flg=0x10200000 cmp=com.android.settings/.Settings} from pid 576
05-21 10:13:45.588 D/BluetoothAdapter(22323): 1110272520: getState() :  mService = null. Returning STATE_OFF
05-21 10:13:45.947 D/dalvikvm(21105): GC_FOR_ALLOC freed 99K, 6% free 9477K/10068K, paused 20ms, total 20ms
05-21 10:13:45.947 I/dalvikvm-heap(21105): Grow heap (frag case) to 9.409MB for 124264-byte allocation
05-21 10:13:45.971 D/dalvikvm(21105): GC_FOR_ALLOC freed <1K, 6% free 9598K/10192K, paused 23ms, total 23ms
05-21 10:13:45.986 D/dalvikvm(21105): GC_FOR_ALLOC freed <1K, 6% free 9597K/10192K, paused 14ms, total 14ms
05-21 10:13:45.986 I/dalvikvm-heap(21105): Grow heap (frag case) to 9.620MB for 221232-byte allocation
05-21 10:13:46.002 D/dalvikvm(21105): GC_FOR_ALLOC freed 0K, 6% free 9814K/10412K, paused 20ms, total 20ms
05-21 10:13:47.072 I/QueryController(22284): Matched selector: UiSelector[TEXT=Settings, CLASS=android.widget.TextView, PACKAGE NAME=com.android.settings] <<==>> [android.view.accessibility.AccessibilityNodeInfo@b247; boundsInParent: Rect(0, 0 - 131, 48); boundsInScreen: Rect(97, 74 - 228, 122); packageName: com.android.settings; className: android.widget.TextView; text: Settings; contentDescription: null; viewIdResName: android:id/action_bar_title; checkable: false; checked: false; focusable: false; focused: false; selected: false; clickable: false; longClickable: false; enabled: true; password: false; scrollable: false; [ACTION_SELECT, ACTION_CLEAR_SELECTION, ACTION_ACCESSIBILITY_FOCUS, ACTION_NEXT_AT_MOVEMENT_GRANULARITY, ACTION_PREVIOUS_AT_MOVEMENT_GRANULARITY, ACTION_SET_SELECTION]]
05-21 10:13:47.119 I/QueryController(22284): Matched selector: UiSelector[TEXT=Apps] <<==>> [android.view.accessibility.AccessibilityNodeInfo@55483; boundsInParent: Rect(0, 0 - 83, 48); boundsInScreen: Rect(116, 1086 - 199, 1134); packageName: com.android.settings; className: android.widget.TextView; text: Apps; contentDescription: null; viewIdResName: android:id/title; checkable: false; checked: false; focusable: false; focused: false; selected: false; clickable: false; longClickable: false; enabled: true; password: false; scrollable: false; [ACTION_SELECT, ACTION_CLEAR_SELECTION, ACTION_ACCESSIBILITY_FOCUS, ACTION_NEXT_AT_MOVEMENT_GRANULARITY, ACTION_PREVIOUS_AT_MOVEMENT_GRANULARITY, ACTION_SET_SELECTION]]
05-21 10:13:47.142 I/QueryController(22284): Matched selector: UiSelector[TEXT=Apps] <<==>> [android.view.accessibility.AccessibilityNodeInfo@55483; boundsInParent: Rect(0, 0 - 83, 48); boundsInScreen: Rect(116, 1086 - 199, 1134); packageName: com.android.settings; className: android.widget.TextView; text: Apps; contentDescription: null; viewIdResName: android:id/title; checkable: false; checked: false; focusable: false; focused: false; selected: false; clickable: false; longClickable: false; enabled: true; password: false; scrollable: false; [ACTION_SELECT, ACTION_CLEAR_SELECTION, ACTION_ACCESSIBILITY_FOCUS, ACTION_NEXT_AT_MOVEMENT_GRANULARITY, ACTION_PREVIOUS_AT_MOVEMENT_GRANULARITY, ACTION_SET_SELECTION]]
05-21 10:13:47.142 D/InteractionController(22284): clickAndWaitForNewWindow(157, 1110)
05-21 10:13:47.314 W/Parcel  ( 1661): Attempt to read object from Parcel 0x5ef3bdac at offset 200 that is not in the object list
05-21 10:13:47.314 I/ActivityManager(  374): START u0 {act=android.intent.action.MAIN cmp=com.android.settings/.SubSettings (has extras)} from pid 22323
05-21 10:13:47.424 D/dalvikvm(  374): GC_FOR_ALLOC freed 1996K, 24% free 22134K/29040K, paused 69ms, total 71ms
05-21 10:13:47.502 D/dalvikvm(22323): GC_CONCURRENT freed 192K, 3% free 10588K/10820K, paused 4ms+8ms, total 40ms
05-21 10:13:47.502 W/ContextImpl(22323): Calling a method in the system process without a qualified user: android.app.ContextImpl.bindService:1439 android.content.ContextWrapper.bindService:496 com.android.settings.applications.ManageApplications.onCreate:861 android.app.Fragment.performCreate:1673 android.app.FragmentManagerImpl.moveToState:854 
05-21 10:13:47.775 D/dalvikvm(22323): GC_CONCURRENT freed 553K, 6% free 10569K/11128K, paused 2ms+7ms, total 36ms
05-21 10:13:47.814 D/dalvikvm(22323): GC_FOR_ALLOC freed 34K, 6% free 10558K/11128K, paused 22ms, total 22ms
05-21 10:13:47.814 I/dalvikvm-heap(22323): Grow heap (frag case) to 10.381MB for 36880-byte allocation
05-21 10:13:47.846 D/dalvikvm(22323): GC_FOR_ALLOC freed <1K, 6% free 10593K/11168K, paused 27ms, total 27ms
05-21 10:13:47.877 D/dalvikvm(22323): GC_FOR_ALLOC freed 10K, 6% free 10606K/11168K, paused 21ms, total 21ms
05-21 10:13:47.916 D/dalvikvm(22323): GC_FOR_ALLOC freed 11K, 5% free 10658K/11208K, paused 21ms, total 21ms
05-21 10:13:47.955 D/dalvikvm(22323): GC_FOR_ALLOC freed 36K, 5% free 10708K/11272K, paused 19ms, total 19ms
05-21 10:13:48.064 V/RenderScript(22323): 0x5cba0290 Launching thread(s), CPUs 2
05-21 10:13:48.096 I/ActivityManager(  374): Displayed com.android.settings/.SubSettings: +659ms (total +7s197ms)
05-21 10:13:48.267 D/dalvikvm(22323): GC_FOR_ALLOC freed 117K, 5% free 10826K/11312K, paused 24ms, total 24ms
05-21 10:13:48.346 D/dalvikvm(22323): GC_FOR_ALLOC freed 278K, 7% free 10747K/11476K, paused 24ms, total 24ms
05-21 10:13:48.377 D/dalvikvm(22323): GC_FOR_ALLOC freed 4K, 7% free 10781K/11476K, paused 20ms, total 20ms
05-21 10:13:48.377 I/dalvikvm-heap(22323): Grow heap (frag case) to 10.600MB for 36880-byte allocation
05-21 10:13:48.400 D/dalvikvm(22323): GC_FOR_ALLOC freed <1K, 7% free 10817K/11516K, paused 24ms, total 24ms
05-21 10:13:48.431 D/dalvikvm(22323): GC_FOR_ALLOC freed 1K, 7% free 10818K/11516K, paused 25ms, total 25ms
05-21 10:13:48.431 I/dalvikvm-heap(22323): Grow heap (frag case) to 10.635MB for 36880-byte allocation
05-21 10:13:48.455 D/dalvikvm(22323): GC_FOR_ALLOC freed <1K, 7% free 10853K/11556K, paused 20ms, total 20ms
05-21 10:13:48.478 D/dalvikvm(22323): GC_FOR_ALLOC freed 1K, 7% free 10854K/11556K, paused 17ms, total 17ms
05-21 10:13:48.478 I/dalvikvm-heap(22323): Grow heap (frag case) to 10.671MB for 36880-byte allocation
05-21 10:13:48.502 D/dalvikvm(22323): GC_FOR_ALLOC freed <1K, 7% free 10890K/11596K, paused 17ms, total 17ms
05-21 10:13:48.525 D/dalvikvm(22323): GC_FOR_ALLOC freed 1K, 7% free 10893K/11596K, paused 18ms, total 19ms
05-21 10:13:48.525 I/dalvikvm-heap(22323): Grow heap (frag case) to 10.708MB for 36880-byte allocation
05-21 10:13:48.541 D/dalvikvm(22323): GC_FOR_ALLOC freed <1K, 7% free 10928K/11636K, paused 18ms, total 18ms
05-21 10:13:48.572 D/dalvikvm(22323): GC_FOR_ALLOC freed 2K, 6% free 10950K/11636K, paused 18ms, total 18ms
05-21 10:13:48.572 I/dalvikvm-heap(22323): Grow heap (frag case) to 10.764MB for 36880-byte allocation
05-21 10:13:48.588 D/dalvikvm(22323): GC_FOR_ALLOC freed <1K, 6% free 10985K/11676K, paused 17ms, total 17ms
05-21 10:13:48.619 D/dalvikvm(22323): GC_FOR_ALLOC freed 23K, 7% free 11003K/11716K, paused 17ms, total 17ms
05-21 10:13:48.619 I/dalvikvm-heap(22323): Grow heap (frag case) to 10.816MB for 36880-byte allocation
05-21 10:13:48.635 D/dalvikvm(22323): GC_FOR_ALLOC freed <1K, 7% free 11038K/11756K, paused 18ms, total 18ms
05-21 10:13:48.658 D/dalvikvm(22323): GC_FOR_ALLOC freed 2K, 7% free 11039K/11756K, paused 18ms, total 18ms
05-21 10:13:48.658 I/dalvikvm-heap(22323): Grow heap (frag case) to 10.851MB for 36880-byte allocation
05-21 10:13:48.674 D/dalvikvm(22323): GC_FOR_ALLOC freed <1K, 7% free 11074K/11796K, paused 18ms, total 18ms
05-21 10:13:48.713 D/dalvikvm(22323): GC_FOR_ALLOC freed 5K, 6% free 11150K/11836K, paused 18ms, total 18ms
05-21 10:13:48.760 D/dalvikvm(22323): GC_FOR_ALLOC freed 5K, 6% free 11223K/11916K, paused 18ms, total 19ms
05-21 10:13:48.806 D/dalvikvm(22323): GC_FOR_ALLOC freed 24K, 6% free 11304K/11996K, paused 19ms, total 20ms
05-21 10:13:48.963 D/dalvikvm(22323): GC_FOR_ALLOC freed 70K, 6% free 11434K/12116K, paused 19ms, total 20ms
05-21 10:13:49.150 D/dalvikvm(22323): GC_FOR_ALLOC freed 47K, 6% free 11652K/12316K, paused 19ms, total 19ms
05-21 10:13:49.252 D/dalvikvm(22323): GC_FOR_ALLOC freed 62K, 6% free 11943K/12592K, paused 18ms, total 18ms
05-21 10:13:49.346 D/dalvikvm(22323): GC_FOR_ALLOC freed 60K, 6% free 12235K/12912K, paused 17ms, total 17ms
05-21 10:13:49.353 I/dalvikvm-heap(22323): Grow heap (frag case) to 14.235MB for 2359312-byte allocation
05-21 10:13:49.377 D/dalvikvm(22323): GC_FOR_ALLOC freed <1K, 5% free 14539K/15220K, paused 29ms, total 29ms
05-21 10:13:49.408 D/dalvikvm(22323): GC_CONCURRENT freed 3K, 5% free 14535K/15220K, paused 3ms+3ms, total 29ms
05-21 10:13:50.244 D/dalvikvm(21420): GC_CONCURRENT freed 389K, 5% free 8944K/9376K, paused 1ms+1ms, total 16ms
05-21 10:13:50.502 I/dalvikvm(22323): Jit: resizing JitTable from 4096 to 8192
05-21 10:13:50.971 I/QueryController(22284): Matched selector: UiSelector[TEXT=Pekall enterprise mobile office] <<==>> [android.view.accessibility.AccessibilityNodeInfo@6edb7; boundsInParent: Rect(0, 0 - 512, 48); boundsInScreen: Rect(160, 725 - 672, 773); packageName: com.android.settings; className: android.widget.TextView; text: Pekall enterprise mobile office; contentDescription: null; viewIdResName: com.android.settings:id/app_name; checkable: false; checked: false; focusable: false; focused: false; selected: false; clickable: false; longClickable: false; enabled: true; password: false; scrollable: false; [ACTION_SELECT, ACTION_CLEAR_SELECTION, ACTION_ACCESSIBILITY_FOCUS, ACTION_NEXT_AT_MOVEMENT_GRANULARITY, ACTION_PREVIOUS_AT_MOVEMENT_GRANULARITY, ACTION_SET_SELECTION]]
05-21 10:13:51.002 I/QueryController(22284): Matched selector: UiSelector[TEXT=Pekall enterprise mobile office] <<==>> [android.view.accessibility.AccessibilityNodeInfo@6edb7; boundsInParent: Rect(0, 0 - 512, 48); boundsInScreen: Rect(160, 725 - 672, 773); packageName: com.android.settings; className: android.widget.TextView; text: Pekall enterprise mobile office; contentDescription: null; viewIdResName: com.android.settings:id/app_name; checkable: false; checked: false; focusable: false; focused: false; selected: false; clickable: false; longClickable: false; enabled: true; password: false; scrollable: false; [ACTION_SELECT, ACTION_CLEAR_SELECTION, ACTION_ACCESSIBILITY_FOCUS, ACTION_NEXT_AT_MOVEMENT_GRANULARITY, ACTION_PREVIOUS_AT_MOVEMENT_GRANULARITY, ACTION_SET_SELECTION]]
05-21 10:13:51.010 D/InteractionController(22284): clickAndWaitForNewWindow(416, 749)
05-21 10:13:51.189 W/Parcel  ( 1661): Attempt to read object from Parcel 0x6003bdac at offset 200 that is not in the object list
05-21 10:13:51.197 I/ActivityManager(  374): START u0 {act=android.intent.action.MAIN cmp=com.android.settings/.SubSettings (has extras)} from pid 22323
05-21 10:13:51.322 D/dalvikvm(  374): GC_FOR_ALLOC freed 2735K, 24% free 22126K/29040K, paused 79ms, total 80ms
05-21 10:13:51.455 W/ResourceType(22323): getEntry failing because entryIndex 129 is beyond type entryCount 3
05-21 10:13:51.681 D/dalvikvm(21420): GC_CONCURRENT freed 386K, 5% free 8944K/9376K, paused 3ms+1ms, total 18ms
05-21 10:13:51.713 D/dalvikvm(22323): GC_CONCURRENT freed 705K, 5% free 15678K/16412K, paused 2ms+6ms, total 48ms
05-21 10:13:51.838 D/android.widget.GridLayout(22323): vertical constraints: y1-y0>=52, y2-y1>=698, y2-y0<=96 are inconsistent; permanently removing: y2-y0<=96. 
05-21 10:13:52.181 I/ActivityManager(  374): Displayed com.android.settings/.SubSettings: +852ms
05-21 10:13:54.635 D/dalvikvm(21231): GC_CONCURRENT freed 397K, 5% free 9234K/9720K, paused 4ms+2ms, total 18ms
05-21 10:13:55.502 I/QueryController(22284): Matched selector: UiSelector[TEXT=Clear data, CLASS=android.widget.Button] <<==>> [android.view.accessibility.AccessibilityNodeInfo@a05cb; boundsInParent: Rect(0, 0 - 298, 96); boundsInScreen: Rect(373, 718 - 671, 814); packageName: com.android.settings; className: android.widget.Button; text: Clear data; contentDescription: null; viewIdResName: com.android.settings:id/right_button; checkable: false; checked: false; focusable: true; focused: false; selected: false; clickable: true; longClickable: false; enabled: true; password: false; scrollable: false; [ACTION_FOCUS, ACTION_SELECT, ACTION_CLEAR_SELECTION, ACTION_CLICK, ACTION_ACCESSIBILITY_FOCUS, ACTION_NEXT_AT_MOVEMENT_GRANULARITY, ACTION_PREVIOUS_AT_MOVEMENT_GRANULARITY, ACTION_SET_SELECTION]]
05-21 10:13:56.150 I/QueryController(22284): Matched selector: UiSelector[TEXT=Clear data, CLASS=android.widget.Button] <<==>> [android.view.accessibility.AccessibilityNodeInfo@a05cb; boundsInParent: Rect(0, 0 - 298, 96); boundsInScreen: Rect(373, 718 - 671, 814); packageName: com.android.settings; className: android.widget.Button; text: Clear data; contentDescription: null; viewIdResName: com.android.settings:id/right_button; checkable: false; checked: false; focusable: true; focused: false; selected: false; clickable: true; longClickable: false; enabled: true; password: false; scrollable: false; [ACTION_FOCUS, ACTION_SELECT, ACTION_CLEAR_SELECTION, ACTION_CLICK, ACTION_ACCESSIBILITY_FOCUS, ACTION_NEXT_AT_MOVEMENT_GRANULARITY, ACTION_PREVIOUS_AT_MOVEMENT_GRANULARITY, ACTION_SET_SELECTION]]
05-21 10:13:56.150 D/InteractionController(22284): clickAndWaitForNewWindow(522, 766)
05-21 10:13:56.908 I/QueryController(22284): Matched selector: UiSelector[TEXT=OK, CLASS=android.widget.Button] <<==>> [android.view.accessibility.AccessibilityNodeInfo@bf911; boundsInParent: Rect(0, 0 - 309, 96); boundsInScreen: Rect(361, 739 - 670, 835); packageName: com.android.settings; className: android.widget.Button; text: OK; contentDescription: null; viewIdResName: android:id/button1; checkable: false; checked: false; focusable: true; focused: false; selected: false; clickable: true; longClickable: false; enabled: true; password: false; scrollable: false; [ACTION_FOCUS, ACTION_SELECT, ACTION_CLEAR_SELECTION, ACTION_CLICK, ACTION_ACCESSIBILITY_FOCUS, ACTION_NEXT_AT_MOVEMENT_GRANULARITY, ACTION_PREVIOUS_AT_MOVEMENT_GRANULARITY, ACTION_SET_SELECTION]]
05-21 10:13:56.908 D/InteractionController(22284): clickAndWaitForNewWindow(515, 787)
05-21 10:13:57.010 I/InstalledAppDetails(22323): Clearing user data for package : com.pekall.emdm.launcher
05-21 10:13:57.017 I/ActivityManager(  374): Force stopping package com.pekall.emdm.launcher appid=10066 user=0
05-21 10:13:57.017 I/ActivityManager(  374): Killing proc 11191:com.pekall.emdm.launcher/u0a10066: force stop com.pekall.emdm.launcher
05-21 10:13:57.017 W/ActivityManager(  374): Scheduling restart of crashed service com.pekall.emdm.launcher/com.pekall.emailcommon.accountprovision.AccountProvisionService in 5000ms
05-21 10:13:57.017 W/ActivityManager(  374): Scheduling restart of crashed service com.pekall.emdm.launcher/com.pekall.emdm.MdmService in 15000ms
05-21 10:13:57.017 W/ActivityManager(  374): Scheduling restart of crashed service com.pekall.emdm.launcher/com.pekall.emdm.contacts.service.PhoneService in 25000ms
05-21 10:13:57.017 I/ActivityManager(  374):   Force finishing activity ActivityRecord{422743b8 u0 com.pekall.emdm.launcher/.Launcher}
05-21 10:13:57.025 I/ActivityManager(  374):   Force stopping service ServiceRecord{43062598 u0 com.pekall.emdm.launcher/com.pekall.emdm.contacts.service.PhoneService}
05-21 10:13:57.025 I/ActivityManager(  374):   Force stopping service ServiceRecord{4306cd78 u0 com.pekall.emdm.launcher/com.pekall.emdm.MdmService}
05-21 10:13:57.025 I/ActivityManager(  374):   Force stopping service ServiceRecord{42f391e0 u0 com.pekall.emdm.launcher/com.pekall.emailcommon.accountprovision.AccountProvisionService}
05-21 10:13:57.080 I/WindowState(  374): WIN DEATH: Window{426d28d8 u0 com.pekall.emdm.launcher/com.pekall.emdm.launcher.Launcher}
05-21 10:13:57.205 I/InstalledAppDetails(22323): Cleared user data for package : com.pekall.emdm.launcher
05-21 10:13:57.322 W/InputMethodManagerService(  374): Window already focused, ignoring focus gain of: com.android.internal.view.IInputMethodClient$Stub$Proxy@42552f50 attribute=null, token = android.os.BinderProxy@42839790
05-21 10:13:58.103 I/QueryController(22284): Matched selector: UiSelector[TEXT=Clear data, CLASS=android.widget.Button] <<==>> [android.view.accessibility.AccessibilityNodeInfo@a05cb; boundsInParent: Rect(0, 0 - 298, 96); boundsInScreen: Rect(373, 718 - 671, 814); packageName: com.android.settings; className: android.widget.Button; text: Clear data; contentDescription: null; viewIdResName: com.android.settings:id/right_button; checkable: false; checked: false; focusable: true; focused: false; selected: false; clickable: true; longClickable: false; enabled: false; password: false; scrollable: false; [ACTION_FOCUS, ACTION_SELECT, ACTION_CLEAR_SELECTION, ACTION_ACCESSIBILITY_FOCUS, ACTION_NEXT_AT_MOVEMENT_GRANULARITY, ACTION_PREVIOUS_AT_MOVEMENT_GRANULARITY, ACTION_SET_SELECTION]]
05-21 10:13:59.236 D/dalvikvm(21420): GC_CONCURRENT freed 387K, 5% free 8943K/9372K, paused 2ms+1ms, total 18ms
05-21 10:13:59.775 D/dalvikvm(21420): GC_CONCURRENT freed 390K, 5% free 8943K/9376K, paused 2ms+2ms, total 16ms
05-21 10:13:59.939 D/dalvikvm(  374): GC_CONCURRENT freed 3257K, 24% free 22111K/29040K, paused 3ms+8ms, total 92ms
05-21 10:13:59.947 W/KeyguardDisableHandler(  374): cleaning up leaked reference: CmdClearPasscode
05-21 10:14:00.158 D/BluetoothAdapter(22323): 1110272520: getState() :  mService = null. Returning STATE_OFF
05-21 10:14:01.197 D/dalvikvm(  374): GC_FOR_ALLOC freed 1982K, 24% free 22075K/29040K, paused 77ms, total 78ms
05-21 10:14:01.916 I/QueryController(22284): Matched selector: UiSelector[DESCRIPTION=Apps, PACKAGE NAME=com.android.launcher] <<==>> [android.view.accessibility.AccessibilityNodeInfo@18bf4; boundsInParent: Rect(524257, 0 - 524399, 104); boundsInScreen: Rect(0, 50 - 142, 154); packageName: com.android.launcher; className: android.widget.TextView; text: Apps; contentDescription: Apps; viewIdResName: null; checkable: false; checked: false; focusable: true; focused: false; selected: true; clickable: true; longClickable: false; enabled: true; password: false; scrollable: false; [ACTION_FOCUS, ACTION_SELECT, ACTION_CLEAR_SELECTION, ACTION_CLICK, ACTION_ACCESSIBILITY_FOCUS, ACTION_NEXT_AT_MOVEMENT_GRANULARITY, ACTION_PREVIOUS_AT_MOVEMENT_GRANULARITY, ACTION_SET_SELECTION]]
05-21 10:14:01.931 I/QueryController(22284): Matched selector: UiSelector[DESCRIPTION=Apps, PACKAGE NAME=com.android.launcher] <<==>> [android.view.accessibility.AccessibilityNodeInfo@18bf4; boundsInParent: Rect(524257, 0 - 524399, 104); boundsInScreen: Rect(0, 50 - 142, 154); packageName: com.android.launcher; className: android.widget.TextView; text: Apps; contentDescription: Apps; viewIdResName: null; checkable: false; checked: false; focusable: true; focused: false; selected: true; clickable: true; longClickable: false; enabled: true; password: false; scrollable: false; [ACTION_FOCUS, ACTION_SELECT, ACTION_CLEAR_SELECTION, ACTION_CLICK, ACTION_ACCESSIBILITY_FOCUS, ACTION_NEXT_AT_MOVEMENT_GRANULARITY, ACTION_PREVIOUS_AT_MOVEMENT_GRANULARITY, ACTION_SET_SELECTION]]
05-21 10:14:01.931 D/InteractionController(22284): clickAndWaitForNewWindow(71, 102)
05-21 10:14:01.986 D/dalvikvm(21105): GC_CONCURRENT freed 489K, 7% free 9714K/10412K, paused 4ms+13ms, total 49ms
05-21 10:14:02.299 D/dalvikvm( 1661): GC_EXPLICIT freed 1094K, 18% free 13086K/15888K, paused 6ms+6ms, total 81ms
05-21 10:14:05.041 W/InteractionController(22284): runAndwaitForEvent timedout waiting for events
05-21 10:14:05.072 I/QueryController(22284): Matched selector: UiSelector[TEXT=Apps, CLASS=android.widget.TextView, PACKAGE NAME=com.android.launcher] <<==>> [android.view.accessibility.AccessibilityNodeInfo@18bf4; boundsInParent: Rect(524257, 0 - 524399, 104); boundsInScreen: Rect(0, 50 - 142, 154); packageName: com.android.launcher; className: android.widget.TextView; text: Apps; contentDescription: Apps; viewIdResName: null; checkable: false; checked: false; focusable: true; focused: false; selected: true; clickable: true; longClickable: false; enabled: true; password: false; scrollable: false; [ACTION_FOCUS, ACTION_SELECT, ACTION_CLEAR_SELECTION, ACTION_CLICK, ACTION_ACCESSIBILITY_FOCUS, ACTION_NEXT_AT_MOVEMENT_GRANULARITY, ACTION_PREVIOUS_AT_MOVEMENT_GRANULARITY, ACTION_SET_SELECTION]]
05-21 10:14:05.103 I/QueryController(22284): Matched selector: UiSelector[TEXT=Apps, CLASS=android.widget.TextView, PACKAGE NAME=com.android.launcher] <<==>> [android.view.accessibility.AccessibilityNodeInfo@18bf4; boundsInParent: Rect(524257, 0 - 524399, 104); boundsInScreen: Rect(0, 50 - 142, 154); packageName: com.android.launcher; className: android.widget.TextView; text: Apps; contentDescription: Apps; viewIdResName: null; checkable: false; checked: false; focusable: true; focused: false; selected: true; clickable: true; longClickable: false; enabled: true; password: false; scrollable: false; [ACTION_FOCUS, ACTION_SELECT, ACTION_CLEAR_SELECTION, ACTION_CLICK, ACTION_ACCESSIBILITY_FOCUS, ACTION_NEXT_AT_MOVEMENT_GRANULARITY, ACTION_PREVIOUS_AT_MOVEMENT_GRANULARITY, ACTION_SET_SELECTION]]
05-21 10:14:05.103 D/UiObject(22284): getText() = Apps
05-21 10:14:05.119 I/QueryController(22284): Matched selector: UiSelector[TEXT=Apps, CLASS=android.widget.TextView, PACKAGE NAME=com.android.launcher] <<==>> [android.view.accessibility.AccessibilityNodeInfo@18bf4; boundsInParent: Rect(524257, 0 - 524399, 104); boundsInScreen: Rect(0, 50 - 142, 154); packageName: com.android.launcher; className: android.widget.TextView; text: Apps; contentDescription: Apps; viewIdResName: null; checkable: false; checked: false; focusable: true; focused: false; selected: true; clickable: true; longClickable: false; enabled: true; password: false; scrollable: false; [ACTION_FOCUS, ACTION_SELECT, ACTION_CLEAR_SELECTION, ACTION_CLICK, ACTION_ACCESSIBILITY_FOCUS, ACTION_NEXT_AT_MOVEMENT_GRANULARITY, ACTION_PREVIOUS_AT_MOVEMENT_GRANULARITY, ACTION_SET_SELECTION]]
05-21 10:14:05.142 I/QueryController(22284): Matched selector: UiSelector[TEXT=Apps, CLASS=android.widget.TextView, PACKAGE NAME=com.android.launcher] <<==>> [android.view.accessibility.AccessibilityNodeInfo@18bf4; boundsInParent: Rect(524257, 0 - 524399, 104); boundsInScreen: Rect(0, 50 - 142, 154); packageName: com.android.launcher; className: android.widget.TextView; text: Apps; contentDescription: Apps; viewIdResName: null; checkable: false; checked: false; focusable: true; focused: false; selected: true; clickable: true; longClickable: false; enabled: true; password: false; scrollable: false; [ACTION_FOCUS, ACTION_SELECT, ACTION_CLEAR_SELECTION, ACTION_CLICK, ACTION_ACCESSIBILITY_FOCUS, ACTION_NEXT_AT_MOVEMENT_GRANULARITY, ACTION_PREVIOUS_AT_MOVEMENT_GRANULARITY, ACTION_SET_SELECTION]]
05-21 10:14:05.142 D/InteractionController(22284): clickAndWaitForNewWindow(71, 102)
05-21 10:14:05.189 D/dalvikvm(  576): GC_CONCURRENT freed 3109K, 21% free 18135K/22700K, paused 4ms+9ms, total 64ms
05-21 10:14:07.385 D/dalvikvm( 1661): GC_EXPLICIT freed 130K, 18% free 13041K/15888K, paused 6ms+5ms, total 83ms
05-21 10:14:08.252 W/InteractionController(22284): runAndwaitForEvent timedout waiting for events
05-21 10:14:08.275 I/QueryController(22284): Matched selector: UiSelector[PACKAGE NAME=com.android.launcher] <<==>> [android.view.accessibility.AccessibilityNodeInfo@79eb; boundsInParent: Rect(0, 0 - 720, 1184); boundsInScreen: Rect(0, 0 - 720, 1184); packageName: com.android.launcher; className: android.widget.FrameLayout; text: null; contentDescription: null; viewIdResName: null; checkable: false; checked: false; focusable: false; focused: false; selected: false; clickable: false; longClickable: false; enabled: true; password: false; scrollable: false; [ACTION_SELECT, ACTION_CLEAR_SELECTION, ACTION_ACCESSIBILITY_FOCUS]]
05-21 10:14:08.291 I/QueryController(22284): Matched selector: UiSelector[TEXT=Pekall enterprise mobile office] <<==>> [android.view.accessibility.AccessibilityNodeInfo@f110e; boundsInParent: Rect(0, 0 - 148, 184); boundsInScreen: Rect(196, 186 - 344, 370); packageName: com.android.launcher; className: android.widget.TextView; text: Pekall enterprise mobile office; contentDescription: null; viewIdResName: null; checkable: false; checked: false; focusable: true; focused: false; selected: false; clickable: true; longClickable: true; enabled: true; password: false; scrollable: false; [ACTION_FOCUS, ACTION_SELECT, ACTION_CLEAR_SELECTION, ACTION_CLICK, ACTION_LONG_CLICK, ACTION_ACCESSIBILITY_FOCUS, ACTION_NEXT_AT_MOVEMENT_GRANULARITY, ACTION_PREVIOUS_AT_MOVEMENT_GRANULARITY, ACTION_SET_SELECTION]]
05-21 10:14:08.306 I/QueryController(22284): Matched selector: UiSelector[TEXT=Pekall enterprise mobile office] <<==>> [android.view.accessibility.AccessibilityNodeInfo@f110e; boundsInParent: Rect(0, 0 - 148, 184); boundsInScreen: Rect(196, 186 - 344, 370); packageName: com.android.launcher; className: android.widget.TextView; text: Pekall enterprise mobile office; contentDescription: null; viewIdResName: null; checkable: false; checked: false; focusable: true; focused: false; selected: false; clickable: true; longClickable: true; enabled: true; password: false; scrollable: false; [ACTION_FOCUS, ACTION_SELECT, ACTION_CLEAR_SELECTION, ACTION_CLICK, ACTION_LONG_CLICK, ACTION_ACCESSIBILITY_FOCUS, ACTION_NEXT_AT_MOVEMENT_GRANULARITY, ACTION_PREVIOUS_AT_MOVEMENT_GRANULARITY, ACTION_SET_SELECTION]]
05-21 10:14:08.314 D/InteractionController(22284): clickAndWaitForNewWindow(270, 278)
05-21 10:14:08.447 W/Parcel  ( 1661): Attempt to read object from Parcel 0x5ded3dac at offset 200 that is not in the object list
05-21 10:14:08.447 I/ActivityManager(  374): START u0 {act=android.intent.action.MAIN cat=[android.intent.category.LAUNCHER] flg=0x10200000 cmp=com.pekall.emdm.launcher/.Launcher} from pid 576
05-21 10:14:08.471 W/WindowManager(  374): Token{428ac118 ActivityRecord{422743b8 u0 com.pekall.emdm.launcher/.Launcher}} failed creating starting window
05-21 10:14:08.471 W/WindowManager(  374): android.view.InflateException: Binary XML file line #34: Error inflating class <unknown>
05-21 10:14:08.471 W/WindowManager(  374): 	at android.view.LayoutInflater.createView(LayoutInflater.java:620)
05-21 10:14:08.471 W/WindowManager(  374): 	at com.android.internal.policy.impl.PhoneLayoutInflater.onCreateView(PhoneLayoutInflater.java:56)
05-21 10:14:08.471 W/WindowManager(  374): 	at android.view.LayoutInflater.onCreateView(LayoutInflater.java:669)
05-21 10:14:08.471 W/WindowManager(  374): 	at android.view.LayoutInflater.createViewFromTag(LayoutInflater.java:694)
05-21 10:14:08.471 W/WindowManager(  374): 	at android.view.LayoutInflater.rInflate(LayoutInflater.java:755)
05-21 10:14:08.471 W/WindowManager(  374): 	at android.view.LayoutInflater.inflate(LayoutInflater.java:492)
05-21 10:14:08.471 W/WindowManager(  374): 	at android.view.LayoutInflater.inflate(LayoutInflater.java:397)
05-21 10:14:08.471 W/WindowManager(  374): 	at android.view.LayoutInflater.inflate(LayoutInflater.java:353)
05-21 10:14:08.471 W/WindowManager(  374): 	at com.android.internal.policy.impl.PhoneWindow.generateLayout(PhoneWindow.java:2823)
05-21 10:14:08.471 W/WindowManager(  374): 	at com.android.internal.policy.impl.PhoneWindow.installDecor(PhoneWindow.java:2886)
05-21 10:14:08.471 W/WindowManager(  374): 	at com.android.internal.policy.impl.PhoneWindow.getDecorView(PhoneWindow.java:1581)
05-21 10:14:08.471 W/WindowManager(  374): 	at com.android.internal.policy.impl.PhoneWindowManager.addStartingWindow(PhoneWindowManager.java:1618)
05-21 10:14:08.471 W/WindowManager(  374): 	at com.android.server.wm.WindowManagerService$H.handleMessage(WindowManagerService.java:6908)
05-21 10:14:08.471 W/WindowManager(  374): 	at android.os.Handler.dispatchMessage(Handler.java:99)
05-21 10:14:08.471 W/WindowManager(  374): 	at android.os.Looper.loop(Looper.java:137)
05-21 10:14:08.471 W/WindowManager(  374): 	at android.os.HandlerThread.run(HandlerThread.java:61)
05-21 10:14:08.471 W/WindowManager(  374): Caused by: java.lang.reflect.InvocationTargetException
05-21 10:14:08.471 W/WindowManager(  374): 	at java.lang.reflect.Constructor.constructNative(Native Method)
05-21 10:14:08.471 W/WindowManager(  374): 	at java.lang.reflect.Constructor.newInstance(Constructor.java:417)
05-21 10:14:08.471 W/WindowManager(  374): 	at android.view.LayoutInflater.createView(LayoutInflater.java:594)
05-21 10:14:08.471 W/WindowManager(  374): 	... 15 more
05-21 10:14:08.471 W/WindowManager(  374): Caused by: android.content.res.Resources$NotFoundException: Resource is not a Drawable (color or path): TypedValue{t=0x2/d=0x1010059 a=-1}
05-21 10:14:08.471 W/WindowManager(  374): 	at android.content.res.Resources.loadDrawable(Resources.java:2063)
05-21 10:14:08.471 W/WindowManager(  374): 	at android.content.res.TypedArray.getDrawable(TypedArray.java:601)
05-21 10:14:08.471 W/WindowManager(  374): 	at android.widget.FrameLayout.<init>(FrameLayout.java:109)
05-21 10:14:08.471 W/WindowManager(  374): 	at android.widget.FrameLayout.<init>(FrameLayout.java:97)
05-21 10:14:08.471 W/WindowManager(  374): 	... 18 more
05-21 10:14:08.541 D/dalvikvm(22378): Late-enabling CheckJNI
05-21 10:14:08.541 I/ActivityManager(  374): Start proc com.pekall.emdm.launcher for activity com.pekall.emdm.launcher/.Launcher: pid=22378 uid=10066 gids={50066, 1015, 3002, 3001, 3003, 1028}
05-21 10:14:08.611 V/weixing (22378): mOpenHelper
05-21 10:14:08.642 D/dalvikvm(22378): Trying to load lib /data/app-lib/com.pekall.emdm.launcher-1/libsandbox_jni.so 0x42287f58
05-21 10:14:08.650 D/dalvikvm(22378): Added shared lib /data/app-lib/com.pekall.emdm.launcher-1/libsandbox_jni.so 0x42287f58
05-21 10:14:08.689 V/MyServiceConnection(22378): [SConnection] sandbox service is NOT installed.
05-21 10:14:08.697 V/MyServiceConnection(22378): [SConnection] binding service: pekall.intent.action.SANDBOX_SERVICE
05-21 10:14:08.736 W/Parcel  ( 1661): Attempt to read object from Parcel 0x5dfd3dac at offset 200 that is not in the object list
05-21 10:14:08.744 D/ScClassLoader(22378): >> SOURCE FILE: /data/data/com.pekall.emdm.launcher/app_jars/sc-jdk15on-1.47.0.2.dex.jar
05-21 10:14:08.744 W/Parcel  ( 1661): Attempt to read object from Parcel 0x6003bdac at offset 200 that is not in the object list
05-21 10:14:08.744 D/Email   (22378): Email: init sandbox at the beginning.
05-21 10:14:08.744 V/MyServiceConnection(22378): [SConnection] retry to bind service
05-21 10:14:08.744 V/MyServiceConnection(22378): [SConnection] sandbox service is NOT installed.
05-21 10:14:08.744 V/MyServiceConnection(22378): [SConnection] binding service: pekall.intent.action.SANDBOX_SERVICE
05-21 10:14:08.752 V/MyServiceConnection(22378): [SConnection] retry to bind service
05-21 10:14:08.752 V/MyServiceConnection(22378): [SConnection] sandbox service is NOT installed.
05-21 10:14:08.752 V/MyServiceConnection(22378): [SConnection] binding service: pekall.intent.action.SANDBOX_SERVICE
05-21 10:14:08.830 D/dalvikvm(22378): DexOpt: --- BEGIN 'sc-jdk15on-1.47.0.2.dex.jar' (bootstrap=0) ---
05-21 10:14:08.939 D/dalvikvm(22378): GC_CONCURRENT freed 260K, 3% free 9196K/9472K, paused 137ms+7ms, total 175ms
05-21 10:14:08.939 V/l       (22378): Bind requested for task setLogging
05-21 10:14:08.963 W/DocumentManager(22378): Sandbox service is not connected.
05-21 10:14:08.963 D/MessageControllerImpl(22378): controller is null
05-21 10:14:08.963 V/MyServiceConnection(22378): [SConnection] retry to bind service
05-21 10:14:08.963 V/MyServiceConnection(22378): [SConnection] sandbox service is NOT installed.
05-21 10:14:08.963 V/MyServiceConnection(22378): [SConnection] binding service: pekall.intent.action.SANDBOX_SERVICE
05-21 10:14:08.963 W/SQLiteOpenHelper(22378): Opened /data/data/com.pekall.emdm.launcher/databases/message.db
05-21 10:14:09.002 I/MessageDatabaseHelper(22378): Database update: from 0 to 2
05-21 10:14:09.080 D/MessageControllerImpl(22378): controller is null
05-21 10:14:09.080 D/MessageControllerImpl(22378): controller is null
05-21 10:14:09.080 D/MessageControllerImpl(22378): controller is null
05-21 10:14:09.150 D/EmailProvider(22378): Creating EmailProvider database
05-21 10:14:09.213 D/dalvikvm(22378): GC_CONCURRENT freed 224K, 3% free 9481K/9748K, paused 3ms+2ms, total 33ms
05-21 10:14:09.252 D/MDM :   (22378): [null:-1]->width 104
05-21 10:14:09.252 D/MDM :   (22378): [null:-1]->height 104
05-21 10:14:09.252 D/MDM :   (22378): [null:-1]->scale 0.5
05-21 10:14:09.252 D/MDM :   (22378): [null:-1]->tint false
05-21 10:14:09.275 D/dalvikvm(22378): GC_CONCURRENT freed 163K, 4% free 9722K/10024K, paused 2ms+2ms, total 21ms
05-21 10:14:09.275 D/dalvikvm(22378): WAIT_FOR_CONCURRENT_GC blocked 15ms
05-21 10:14:09.275 D/MDM :   (22378): [null:-1]->width 104
05-21 10:14:09.275 D/MDM :   (22378): [null:-1]->height 104
05-21 10:14:09.275 D/MDM :   (22378): [null:-1]->scale 0.5
05-21 10:14:09.275 D/MDM :   (22378): [null:-1]->tint false
05-21 10:14:09.283 D/MDM :   (22378): [null:-1]->icon instanceof BitmapDrawable
05-21 10:14:09.283 D/MDM :   (22378): [null:-1]->  iconWidth 87
05-21 10:14:09.283 D/MDM :   (22378): [null:-1]->  iconHeight 87
05-21 10:14:09.283 D/MDM :   (22378): [null:-1]->  107 87
05-21 10:14:09.283 D/MDM :   (22378): [null:-1]->width 104
05-21 10:14:09.283 D/MDM :   (22378): [null:-1]->height 104
05-21 10:14:09.283 D/MDM :   (22378): [null:-1]->scale 1.0
05-21 10:14:09.283 D/MDM :   (22378): [null:-1]->tint false
05-21 10:14:09.283 D/MDM :   (22378): [null:-1]->width 104
05-21 10:14:09.283 D/MDM :   (22378): [null:-1]->height 104
05-21 10:14:09.283 D/MDM :   (22378): [null:-1]->scale 1.0
05-21 10:14:09.291 D/MDM :   (22378): [null:-1]->tint false
05-21 10:14:09.306 D/dalvikvm(22378): GC_CONCURRENT freed 264K, 4% free 9849K/10244K, paused 2ms+2ms, total 19ms
05-21 10:14:09.306 D/dalvikvm(22378): WAIT_FOR_CONCURRENT_GC blocked 15ms
05-21 10:14:09.306 D/MDM :   (22378): [null:-1]->icon instanceof BitmapDrawable
05-21 10:14:09.306 D/MDM :   (22378): [null:-1]->  iconWidth 87
05-21 10:14:09.306 D/MDM :   (22378): [null:-1]->  iconHeight 87
05-21 10:14:09.306 D/MDM :   (22378): [null:-1]->  107 87
05-21 10:14:09.306 D/MDM :   (22378): [null:-1]->width 104
05-21 10:14:09.306 D/MDM :   (22378): [null:-1]->height 104
05-21 10:14:09.306 D/MDM :   (22378): [null:-1]->scale 1.0
05-21 10:14:09.314 D/MDM :   (22378): [null:-1]->tint false
05-21 10:14:09.314 D/MDM :   (22378): [null:-1]->width 104
05-21 10:14:09.314 D/MDM :   (22378): [null:-1]->height 104
05-21 10:14:09.314 D/MDM :   (22378): [null:-1]->scale 1.0
05-21 10:14:09.314 D/MDM :   (22378): [null:-1]->tint false
05-21 10:14:09.330 D/dalvikvm(22378): GC_FOR_ALLOC freed 283K, 5% free 9916K/10372K, paused 17ms, total 17ms
05-21 10:14:09.338 D/MDM :   (22378): [null:-1]->icon instanceof BitmapDrawable
05-21 10:14:09.338 D/MDM :   (22378): [null:-1]->  iconWidth 87
05-21 10:14:09.338 D/MDM :   (22378): [null:-1]->  iconHeight 87
05-21 10:14:09.338 D/MDM :   (22378): [null:-1]->  107 87
05-21 10:14:09.338 D/MDM :   (22378): [null:-1]->width 104
05-21 10:14:09.338 D/MDM :   (22378): [null:-1]->height 104
05-21 10:14:09.338 D/MDM :   (22378): [null:-1]->scale 1.0
05-21 10:14:09.338 D/MDM :   (22378): [null:-1]->tint false
05-21 10:14:09.353 D/dalvikvm(22378): GC_FOR_ALLOC freed 249K, 5% free 9893K/10372K, paused 16ms, total 16ms
05-21 10:14:09.361 I/dalvikvm-heap(22378): Grow heap (frag case) to 12.954MB for 3415696-byte allocation
05-21 10:14:09.385 D/dalvikvm(22378): GC_FOR_ALLOC freed <1K, 4% free 13228K/13708K, paused 22ms, total 22ms
05-21 10:14:09.416 D/dalvikvm(22378): GC_CONCURRENT freed <1K, 4% free 13228K/13708K, paused 2ms+7ms, total 31ms
05-21 10:14:09.494 V/Launcher(22378): isLauncherDf = true
05-21 10:14:09.502 V/Launcher(22378): isPhoneDf = true
05-21 10:14:09.502 D/        (22378): [---null: -1---]  ScreenWidth  720
05-21 10:14:09.502 D/        (22378): [---null: -1---]  ScreenHeight  1184
05-21 10:14:09.517 D/HomeLoaders(22378): load applications
05-21 10:14:09.517 D/HomeLoaders(22378): loading user items in Thread[main,5,main]
05-21 10:14:09.517 D/HomeLoaders(22378):   --> starting workspace loader
05-21 10:14:09.525 W/Parcel  ( 1661): Attempt to read object from Parcel 0x5ef3bdac at offset 200 that is not in the object list
05-21 10:14:09.525 D/HomeLoaders(22378):   ----> running workspace loader (1)
05-21 10:14:09.525 W/Parcel  ( 1661): Attempt to read object from Parcel 0x5ec3bdac at offset 200 that is not in the object list
05-21 10:14:09.525 D/Email   (22378): Email: init sandbox at the beginning.
05-21 10:14:09.525 V/MyServiceConnection(22378): [SConnection] retry to bind service
