05-19 17:02:03.906 W/MountService(  374): getVolumeState(/mnt/sdcard/ext_sd): Unknown volume
05-19 17:02:03.906 W/MountService(  374): getVolumeState(/storage/extSdCard): Unknown volume
05-19 17:02:03.914 W/MountService(  374): getVolumeState(/storage/sdcard1): Unknown volume
05-19 17:02:03.914 W/MountService(  374): getVolumeState(/mnt/sdcard/external_SD): Unknown volume
05-19 17:02:03.914 W/MountService(  374): getVolumeState(/mnt/sdcard/external_sd): Unknown volume
05-19 17:02:04.305 I/ActivityManager(  374): Start proc com.pekall.emdm.launcher:remote for service com.pekall.emdm.launcher/com.baidu.location.f: pid=13529 uid=10066 gids={50066, 1015, 3002, 3001, 3003, 1028}
05-19 17:02:04.594 D/ActivityThread(13529): Loading provider com.pekall.semail.provider;com.pekall.semail.notifier: com.pekall.semail.provider.EmailProvider
05-19 17:02:04.633 D/ActivityThread(13529): Loading provider com.pekall.semail.provider;com.pekall.semail.notifier: com.pekall.semail.provider.EmailProvider
05-19 17:02:07.641 W/ActivityManager(  374): Unable to start service Intent { cmp=com.pekall.emdm.launcher/com.pekall.semail.service.AttachmentDownloadService } U=0: not found
05-19 17:02:13.000 I/PowerManagerService(  374): Waking up from sleep...
05-19 17:02:13.039 I/WindowManager(  374): Lock screen displayed!
05-19 17:02:15.305 D/PhoneStatusBar(  448): disable: < expand icons alerts ticker system_info BACK HOME recent* CLOCK search* >
05-19 17:02:15.563 D/PhoneStatusBar(  448): disable: < expand icons alerts ticker system_info back* home* recent clock* search >
05-19 17:02:15.883 W/InputMethodManagerService(  374): Window already focused, ignoring focus gain of: com.android.internal.view.IInputMethodClient$Stub$Proxy@4295b708 attribute=null, token = android.os.BinderProxy@42987850
05-19 17:02:24.336 W/ActivityManager(  374): Timeout executing service: ServiceRecord{428c3d68 u0 com.pekall.emdm.launcher/com.baidu.location.f}
05-19 17:02:27.469 W/ProcessStats(  374): Skipping unknown process pid 12846
05-19 17:02:28.555 E/ActivityManager(  374): ANR in com.pekall.emdm.launcher:remote
05-19 17:02:28.555 E/ActivityManager(  374): Reason: Executing service com.pekall.emdm.launcher/com.baidu.location.f
05-19 17:02:28.555 E/ActivityManager(  374): Load: 4.68 / 3.2 / 2.61
05-19 17:02:28.555 E/ActivityManager(  374): CPU usage from 1958ms to -4179ms ago:
05-19 17:02:28.555 E/ActivityManager(  374):   89% 13529/com.pekall.emdm.launcher:remote: 88% user + 0.3% kernel / faults: 119 minor
05-19 17:02:28.555 E/ActivityManager(  374):   83% 12519/com.pekall.emdm.launcher: 83% user + 0.3% kernel / faults: 226 minor
05-19 17:02:28.555 E/ActivityManager(  374):   20% 374/system_server: 15% user + 4.2% kernel / faults: 377 minor
05-19 17:02:28.555 E/ActivityManager(  374):   2.2% 1661/com.qihoo360.mobilesafe:GuardService: 1.7% user + 0.4% kernel / faults: 183 minor
05-19 17:02:28.555 E/ActivityManager(  374):   1.7% 448/com.android.systemui: 1.6% user + 0.1% kernel / faults: 23 minor
05-19 17:02:28.555 E/ActivityManager(  374):   0.6% 10683/com.dragon.android.pandaspace: 0.4% user + 0.1% kernel / faults: 77 minor
05-19 17:02:28.555 E/ActivityManager(  374):   0.2% 561/com.android.phone: 0.2% user + 0% kernel / faults: 31 minor
05-19 17:02:28.555 E/ActivityManager(  374):   0.4% 8665/com.google.android.email: 0.3% user + 0.1% kernel / faults: 36 minor
05-19 17:02:28.555 E/ActivityManager(  374):   0.1% 568/com.android.nfc: 0% user + 0.1% kernel / faults: 29 minor
05-19 17:02:28.555 E/ActivityManager(  374):   0% 82/mmcqd/0: 0% user + 0% kernel
05-19 17:02:28.555 E/ActivityManager(  374):   0% 135/adbd: 0% user + 0% kernel
05-19 17:02:28.555 E/ActivityManager(  374):   0.1% 10758/com.qihoo.appstore: 0.1% user + 0% kernel / faults: 1 minor
05-19 17:02:28.555 E/ActivityManager(  374):   0% 12510/kworker/u:6: 0% user + 0% kernel
05-19 17:02:28.555 E/ActivityManager(  374): 99% TOTAL: 96% user + 3% kernel
05-19 17:02:28.555 E/ActivityManager(  374): CPU usage from 3280ms to 3820ms later:
05-19 17:02:28.555 E/ActivityManager(  374):   94% 13529/com.pekall.emdm.launcher:remote: 94% user + 0% kernel
05-19 17:02:28.555 E/ActivityManager(  374):     94% 13543/Thread-688: 94% user + 0% kernel
05-19 17:02:28.555 E/ActivityManager(  374):   84% 12519/com.pekall.emdm.launcher: 84% user + 0% kernel
05-19 17:02:28.555 E/ActivityManager(  374):     86% 12532/Thread-642: 86% user + 0% kernel
05-19 17:02:28.555 E/ActivityManager(  374):   9.2% 374/system_server: 7.4% user + 1.8% kernel / faults: 4 minor
05-19 17:02:28.555 E/ActivityManager(  374):     3.7% 390/ActivityManager: 3.7% user + 0% kernel
05-19 17:02:28.555 E/ActivityManager(  374):     1.8% 386/SensorService: 0% user + 1.8% kernel
05-19 17:02:28.555 E/ActivityManager(  374):     1.8% 619/Binder_8: 1.8% user + 0% kernel
05-19 17:02:28.555 E/ActivityManager(  374):   9% 1661/com.qihoo360.mobilesafe:GuardService: 7.2% user + 1.8% kernel / faults: 114 minor
05-19 17:02:28.555 E/ActivityManager(  374):     7.2% 1663/GC: 7.2% user + 0% kernel
05-19 17:02:28.555 E/ActivityManager(  374): 100% TOTAL: 97% user + 2.7% kernel
05-19 17:02:28.563 W/ActivityManager(  374): Killing ProcessRecord{4229a8e0 13529:com.pekall.emdm.launcher:remote/u0a10066}: background ANR
05-19 17:02:28.758 I/ActivityManager(  374): Process com.pekall.emdm.launcher:remote (pid 13529) has died.
05-19 17:02:28.758 W/ActivityManager(  374): Scheduling restart of crashed service com.pekall.emdm.launcher/com.baidu.location.f in 80000ms
05-19 17:02:45.274 I/PowerManagerService(  374): Going to sleep due to screen timeout...
05-19 17:02:51.055 D/PhoneStatusBar(  448): disable: < expand icons alerts ticker system_info back home RECENT* clock SEARCH* >
05-19 17:02:51.117 D/PhoneStatusBar(  448): disable: < expand icons alerts ticker system_info BACK* HOME* RECENT CLOCK* SEARCH >
05-19 17:03:03.594 W/MountService(  374): getVolumeState(/storage/emulated/0/external_sd): Unknown volume
05-19 17:03:03.594 W/MountService(  374): getVolumeState(/mnt/sdcard-ext): Unknown volume
05-19 17:03:03.594 W/MountService(  374): getVolumeState(/mnt/ext_sdcard): Unknown volume
05-19 17:03:03.594 W/MountService(  374): getVolumeState(/mnt/sdcard2): Unknown volume
05-19 17:03:03.594 W/MountService(  374): getVolumeState(/mnt/emmc): Unknown volume
05-19 17:03:03.602 W/MountService(  374): getVolumeState(/mnt/extSdCard): Unknown volume
05-19 17:03:03.602 W/MountService(  374): getVolumeState(/mnt/sdcard/SD_CARD): Unknown volume
05-19 17:03:03.602 W/MountService(  374): getVolumeState(/mnt/sdcard/extra_sd): Unknown volume
05-19 17:03:03.602 W/MountService(  374): getVolumeState(/mnt/extrasd_bind): Unknown volume
05-19 17:03:03.602 W/MountService(  374): getVolumeState(/mnt/sdcard/ext_sd): Unknown volume
05-19 17:03:03.602 W/MountService(  374): getVolumeState(/storage/extSdCard): Unknown volume
05-19 17:03:03.602 W/MountService(  374): getVolumeState(/storage/sdcard1): Unknown volume
05-19 17:03:03.602 W/MountService(  374): getVolumeState(/mnt/sdcard/external_SD): Unknown volume
05-19 17:03:03.609 W/MountService(  374): getVolumeState(/mnt/sdcard/external_sd): Unknown volume
05-19 17:03:03.953 W/MountService(  374): getVolumeState(/storage/emulated/0/external_sd): Unknown volume
05-19 17:03:03.953 W/MountService(  374): getVolumeState(/mnt/sdcard-ext): Unknown volume
05-19 17:03:03.953 W/MountService(  374): getVolumeState(/mnt/ext_sdcard): Unknown volume
05-19 17:03:03.953 W/MountService(  374): getVolumeState(/mnt/sdcard2): Unknown volume
05-19 17:03:03.953 W/MountService(  374): getVolumeState(/mnt/emmc): Unknown volume
05-19 17:03:03.953 W/MountService(  374): getVolumeState(/mnt/extSdCard): Unknown volume
05-19 17:03:03.953 W/MountService(  374): getVolumeState(/mnt/sdcard/SD_CARD): Unknown volume
05-19 17:03:03.953 W/MountService(  374): getVolumeState(/mnt/sdcard/extra_sd): Unknown volume
05-19 17:03:03.953 W/MountService(  374): getVolumeState(/mnt/extrasd_bind): Unknown volume
05-19 17:03:03.961 W/MountService(  374): getVolumeState(/mnt/sdcard/ext_sd): Unknown volume
05-19 17:03:03.961 W/MountService(  374): getVolumeState(/storage/extSdCard): Unknown volume
05-19 17:03:03.961 W/MountService(  374): getVolumeState(/storage/sdcard1): Unknown volume
05-19 17:03:03.961 W/MountService(  374): getVolumeState(/mnt/sdcard/external_SD): Unknown volume
05-19 17:03:03.961 W/MountService(  374): getVolumeState(/mnt/sdcard/external_sd): Unknown volume
05-19 17:03:48.774 I/ActivityManager(  374): Start proc com.pekall.emdm.launcher:remote for service com.pekall.emdm.launcher/com.baidu.location.f: pid=13583 uid=10066 gids={50066, 1015, 3002, 3001, 3003, 1028}
05-19 17:03:49.484 D/ActivityThread(13583): Loading provider com.pekall.semail.provider;com.pekall.semail.notifier: com.pekall.semail.provider.EmailProvider
05-19 17:03:49.516 D/ActivityThread(13583): Loading provider com.pekall.semail.provider;com.pekall.semail.notifier: com.pekall.semail.provider.EmailProvider
05-19 17:03:52.453 W/ActivityManager(  374): Unable to start service Intent { cmp=com.pekall.emdm.launcher/com.pekall.semail.service.AttachmentDownloadService } U=0: not found
05-19 17:04:03.945 W/MountService(  374): getVolumeState(/storage/emulated/0/external_sd): Unknown volume
05-19 17:04:03.945 W/MountService(  374): getVolumeState(/mnt/sdcard-ext): Unknown volume
05-19 17:04:04.070 W/MountService(  374): getVolumeState(/mnt/ext_sdcard): Unknown volume
05-19 17:04:04.094 W/MountService(  374): getVolumeState(/mnt/sdcard2): Unknown volume
05-19 17:04:04.203 W/MountService(  374): getVolumeState(/mnt/emmc): Unknown volume
05-19 17:04:04.219 W/MountService(  374): getVolumeState(/mnt/extSdCard): Unknown volume
05-19 17:04:04.219 W/MountService(  374): getVolumeState(/mnt/sdcard/SD_CARD): Unknown volume
05-19 17:04:04.234 W/MountService(  374): getVolumeState(/mnt/sdcard/extra_sd): Unknown volume
05-19 17:04:04.281 W/MountService(  374): getVolumeState(/mnt/extrasd_bind): Unknown volume
05-19 17:04:04.281 W/MountService(  374): getVolumeState(/mnt/sdcard/ext_sd): Unknown volume
05-19 17:04:04.305 W/MountService(  374): getVolumeState(/storage/extSdCard): Unknown volume
05-19 17:04:04.305 W/MountService(  374): getVolumeState(/storage/sdcard1): Unknown volume
05-19 17:04:04.320 W/MountService(  374): getVolumeState(/mnt/sdcard/external_SD): Unknown volume
05-19 17:04:04.320 W/MountService(  374): getVolumeState(/mnt/sdcard/external_sd): Unknown volume
05-19 17:04:08.149 W/MountService(  374): getVolumeState(/storage/emulated/0/external_sd): Unknown volume
05-19 17:04:08.172 W/MountService(  374): getVolumeState(/mnt/sdcard-ext): Unknown volume
05-19 17:04:08.203 W/MountService(  374): getVolumeState(/mnt/ext_sdcard): Unknown volume
05-19 17:04:08.219 W/MountService(  374): getVolumeState(/mnt/sdcard2): Unknown volume
05-19 17:04:08.234 W/MountService(  374): getVolumeState(/mnt/emmc): Unknown volume
05-19 17:04:08.250 W/MountService(  374): getVolumeState(/mnt/extSdCard): Unknown volume
05-19 17:04:08.266 W/MountService(  374): getVolumeState(/mnt/sdcard/SD_CARD): Unknown volume
05-19 17:04:08.813 W/ActivityManager(  374): Timeout executing service: ServiceRecord{428c3d68 u0 com.pekall.emdm.launcher/com.baidu.location.f}
05-19 17:04:13.641 W/MountService(  374): getVolumeState(/mnt/sdcard/extra_sd): Unknown volume
05-19 17:04:13.664 W/MountService(  374): getVolumeState(/mnt/extrasd_bind): Unknown volume
05-19 17:04:13.758 W/MountService(  374): getVolumeState(/mnt/sdcard/ext_sd): Unknown volume
05-19 17:04:13.758 W/MountService(  374): getVolumeState(/storage/extSdCard): Unknown volume
05-19 17:04:13.789 W/MountService(  374): getVolumeState(/storage/sdcard1): Unknown volume
05-19 17:04:13.797 W/MountService(  374): getVolumeState(/mnt/sdcard/external_SD): Unknown volume
05-19 17:04:13.805 W/MountService(  374): getVolumeState(/mnt/sdcard/external_sd): Unknown volume
05-19 17:04:15.352 E/ActivityManager(  374): ANR in com.pekall.emdm.launcher:remote
05-19 17:04:15.352 E/ActivityManager(  374): Reason: Executing service com.pekall.emdm.launcher/com.baidu.location.f
05-19 17:04:15.352 E/ActivityManager(  374): Load: 3.03 / 2.9 / 2.56
05-19 17:04:15.352 E/ActivityManager(  374): CPU usage from 3813ms to -6498ms ago:
05-19 17:04:15.352 E/ActivityManager(  374):   90% 12519/com.pekall.emdm.launcher: 90% user + 0% kernel
05-19 17:04:15.352 E/ActivityManager(  374):   89% 13583/com.pekall.emdm.launcher:remote: 89% user + 0% kernel / faults: 119 minor
05-19 17:04:15.352 E/ActivityManager(  374):   15% 374/system_server: 11% user + 3.2% kernel / faults: 523 minor
05-19 17:04:15.352 E/ActivityManager(  374):   1.4% 1468/com.qihoo.daemon: 1% user + 0.3% kernel / faults: 650 minor
05-19 17:04:15.352 E/ActivityManager(  374):   1.2% 448/com.android.systemui: 1% user + 0.1% kernel / faults: 22 minor
05-19 17:04:15.352 E/ActivityManager(  374):   0.4% 561/com.android.phone: 0.1% user + 0.2% kernel / faults: 27 minor
05-19 17:04:15.352 E/ActivityManager(  374):   0% 568/com.android.nfc: 0% user + 0% kernel / faults: 27 minor
05-19 17:04:15.352 E/ActivityManager(  374):   0% 11837/android.process.media: 0% user + 0% kernel / faults: 21 minor
05-19 17:04:15.352 E/ActivityManager(  374):   0.1% 1661/com.qihoo360.mobilesafe:GuardService: 0.1% user + 0% kernel / faults: 4 minor
05-19 17:04:15.352 E/ActivityManager(  374):   0.1% 10758/com.qihoo.appstore: 0% user + 0% kernel / faults: 2 minor
05-19 17:04:15.352 E/ActivityManager(  374):   0% 82/mmcqd/0: 0% user + 0% kernel
05-19 17:04:15.352 E/ActivityManager(  374):   0% 114/jbd2/mmcblk0p12: 0% user + 0% kernel
05-19 17:04:15.352 E/ActivityManager(  374):   0% 116/servicemanager: 0% user + 0% kernel / faults: 6 minor
05-19 17:04:15.352 E/ActivityManager(  374):   0% 135/adbd: 0% user + 0% kernel
05-19 17:04:15.352 E/ActivityManager(  374):   0% 1615/logcat: 0% user + 0% kernel
05-19 17:04:15.352 E/ActivityManager(  374):   0% 4648/logcat: 0% user + 0% kernel
05-19 17:04:15.352 E/ActivityManager(  374): 100% TOTAL: 97% user + 2.3% kernel + 0% iowait
05-19 17:04:15.352 E/ActivityManager(  374): CPU usage from 5688ms to 6238ms later:
05-19 17:04:15.352 E/ActivityManager(  374):   98% 13583/com.pekall.emdm.launcher:remote: 98% user + 0% kernel
05-19 17:04:15.352 E/ActivityManager(  374):     98% 13596/Thread-690: 98% user + 0% kernel
05-19 17:04:15.352 E/ActivityManager(  374):   92% 12519/com.pekall.emdm.launcher: 92% user + 0% kernel
05-19 17:04:15.352 E/ActivityManager(  374):     94% 12532/Thread-642: 94% user + 0% kernel
05-19 17:04:15.352 E/ActivityManager(  374):   7.2% 374/system_server: 0% user + 7.2% kernel
05-19 17:04:15.352 E/ActivityManager(  374):     9% 390/ActivityManager: 1.8% user + 7.2% kernel
05-19 17:04:15.352 E/ActivityManager(  374): 100% TOTAL: 94% user + 4.5% kernel + 0.9% iowait
05-19 17:04:15.359 W/ActivityManager(  374): Killing ProcessRecord{42c70f70 13583:com.pekall.emdm.launcher:remote/u0a10066}: background ANR
05-19 17:04:15.492 I/ActivityManager(  374): Process com.pekall.emdm.launcher:remote (pid 13583) has died.
05-19 17:04:15.492 W/ActivityManager(  374): Scheduling restart of crashed service com.pekall.emdm.launcher/com.baidu.location.f in 320000ms
05-19 17:05:03.977 W/MountService(  374): getVolumeState(/storage/emulated/0/external_sd): Unknown volume
05-19 17:05:03.977 W/MountService(  374): getVolumeState(/mnt/sdcard-ext): Unknown volume
05-19 17:05:03.977 W/MountService(  374): getVolumeState(/mnt/ext_sdcard): Unknown volume
05-19 17:05:03.977 W/MountService(  374): getVolumeState(/mnt/sdcard2): Unknown volume
05-19 17:05:03.977 W/MountService(  374): getVolumeState(/mnt/emmc): Unknown volume
05-19 17:05:03.977 W/MountService(  374): getVolumeState(/mnt/extSdCard): Unknown volume
05-19 17:05:03.977 W/MountService(  374): getVolumeState(/mnt/sdcard/SD_CARD): Unknown volume
05-19 17:05:03.977 W/MountService(  374): getVolumeState(/mnt/sdcard/extra_sd): Unknown volume
05-19 17:05:03.984 W/MountService(  374): getVolumeState(/mnt/extrasd_bind): Unknown volume
05-19 17:05:03.984 W/MountService(  374): getVolumeState(/mnt/sdcard/ext_sd): Unknown volume
05-19 17:05:03.984 W/MountService(  374): getVolumeState(/storage/extSdCard): Unknown volume
05-19 17:05:03.984 W/MountService(  374): getVolumeState(/storage/sdcard1): Unknown volume
05-19 17:05:03.984 W/MountService(  374): getVolumeState(/mnt/sdcard/external_SD): Unknown volume
05-19 17:05:03.984 W/MountService(  374): getVolumeState(/mnt/sdcard/external_sd): Unknown volume
05-19 17:05:04.477 W/MountService(  374): getVolumeState(/storage/emulated/0/external_sd): Unknown volume
05-19 17:05:04.477 W/MountService(  374): getVolumeState(/mnt/sdcard-ext): Unknown volume
05-19 17:05:04.484 W/MountService(  374): getVolumeState(/mnt/ext_sdcard): Unknown volume
05-19 17:05:04.484 W/MountService(  374): getVolumeState(/mnt/sdcard2): Unknown volume
05-19 17:05:04.484 W/MountService(  374): getVolumeState(/mnt/emmc): Unknown volume
05-19 17:05:04.484 W/MountService(  374): getVolumeState(/mnt/extSdCard): Unknown volume
05-19 17:05:04.484 W/MountService(  374): getVolumeState(/mnt/sdcard/SD_CARD): Unknown volume
05-19 17:05:04.484 W/MountService(  374): getVolumeState(/mnt/sdcard/extra_sd): Unknown volume
05-19 17:05:04.484 W/MountService(  374): getVolumeState(/mnt/extrasd_bind): Unknown volume
05-19 17:05:04.484 W/MountService(  374): getVolumeState(/mnt/sdcard/ext_sd): Unknown volume
05-19 17:05:04.484 W/MountService(  374): getVolumeState(/storage/extSdCard): Unknown volume
05-19 17:05:04.484 W/MountService(  374): getVolumeState(/storage/sdcard1): Unknown volume
05-19 17:05:04.492 W/MountService(  374): getVolumeState(/mnt/sdcard/external_SD): Unknown volume
05-19 17:05:04.492 W/MountService(  374): getVolumeState(/mnt/sdcard/external_sd): Unknown volume
05-19 17:06:04.016 W/MountService(  374): getVolumeState(/storage/emulated/0/external_sd): Unknown volume
05-19 17:06:04.016 W/MountService(  374): getVolumeState(/mnt/sdcard-ext): Unknown volume
05-19 17:06:04.016 W/MountService(  374): getVolumeState(/mnt/ext_sdcard): Unknown volume
05-19 17:06:04.016 W/MountService(  374): getVolumeState(/mnt/sdcard2): Unknown volume
05-19 17:06:04.024 W/MountService(  374): getVolumeState(/mnt/emmc): Unknown volume
05-19 17:06:04.024 W/MountService(  374): getVolumeState(/mnt/extSdCard): Unknown volume
05-19 17:06:04.024 W/MountService(  374): getVolumeState(/mnt/sdcard/SD_CARD): Unknown volume
05-19 17:06:04.024 W/MountService(  374): getVolumeState(/mnt/sdcard/extra_sd): Unknown volume
05-19 17:06:04.024 W/MountService(  374): getVolumeState(/mnt/extrasd_bind): Unknown volume
05-19 17:06:04.024 W/MountService(  374): getVolumeState(/mnt/sdcard/ext_sd): Unknown volume
05-19 17:06:04.024 W/MountService(  374): getVolumeState(/storage/extSdCard): Unknown volume
05-19 17:06:04.024 W/MountService(  374): getVolumeState(/storage/sdcard1): Unknown volume
05-19 17:06:04.031 W/MountService(  374): getVolumeState(/mnt/sdcard/external_SD): Unknown volume
05-19 17:06:04.031 W/MountService(  374): getVolumeState(/mnt/sdcard/external_sd): Unknown volume
05-19 17:06:04.375 W/MountService(  374): getVolumeState(/storage/emulated/0/external_sd): Unknown volume
05-19 17:06:04.375 W/MountService(  374): getVolumeState(/mnt/sdcard-ext): Unknown volume
05-19 17:06:04.375 W/MountService(  374): getVolumeState(/mnt/ext_sdcard): Unknown volume
05-19 17:06:04.383 W/MountService(  374): getVolumeState(/mnt/sdcard2): Unknown volume
05-19 17:06:04.383 W/MountService(  374): getVolumeState(/mnt/emmc): Unknown volume
05-19 17:06:04.383 W/MountService(  374): getVolumeState(/mnt/extSdCard): Unknown volume
05-19 17:06:04.383 W/MountService(  374): getVolumeState(/mnt/sdcard/SD_CARD): Unknown volume
05-19 17:06:04.391 W/MountService(  374): getVolumeState(/mnt/sdcard/extra_sd): Unknown volume
05-19 17:06:04.391 W/MountService(  374): getVolumeState(/mnt/extrasd_bind): Unknown volume
05-19 17:06:04.391 W/MountService(  374): getVolumeState(/mnt/sdcard/ext_sd): Unknown volume
05-19 17:06:04.391 W/MountService(  374): getVolumeState(/storage/extSdCard): Unknown volume
05-19 17:06:04.391 W/MountService(  374): getVolumeState(/storage/sdcard1): Unknown volume
05-19 17:06:04.391 W/MountService(  374): getVolumeState(/mnt/sdcard/external_SD): Unknown volume
05-19 17:06:04.391 W/MountService(  374): getVolumeState(/mnt/sdcard/external_sd): Unknown volume
05-19 17:07:04.070 W/MountService(  374): getVolumeState(/storage/emulated/0/external_sd): Unknown volume
05-19 17:07:04.070 W/MountService(  374): getVolumeState(/mnt/sdcard-ext): Unknown volume
05-19 17:07:04.078 W/MountService(  374): getVolumeState(/mnt/ext_sdcard): Unknown volume
05-19 17:07:04.078 W/MountService(  374): getVolumeState(/mnt/sdcard2): Unknown volume
05-19 17:07:04.078 W/MountService(  374): getVolumeState(/mnt/emmc): Unknown volume
05-19 17:07:04.078 W/MountService(  374): getVolumeState(/mnt/extSdCard): Unknown volume
05-19 17:07:04.078 W/MountService(  374): getVolumeState(/mnt/sdcard/SD_CARD): Unknown volume
05-19 17:07:04.078 W/MountService(  374): getVolumeState(/mnt/sdcard/extra_sd): Unknown volume
05-19 17:07:04.078 W/MountService(  374): getVolumeState(/mnt/extrasd_bind): Unknown volume
05-19 17:07:04.078 W/MountService(  374): getVolumeState(/mnt/sdcard/ext_sd): Unknown volume
05-19 17:07:04.086 W/MountService(  374): getVolumeState(/storage/extSdCard): Unknown volume
05-19 17:07:04.086 W/MountService(  374): getVolumeState(/storage/sdcard1): Unknown volume
05-19 17:07:04.086 W/MountService(  374): getVolumeState(/mnt/sdcard/external_SD): Unknown volume
05-19 17:07:04.086 W/MountService(  374): getVolumeState(/mnt/sdcard/external_sd): Unknown volume
05-19 17:07:04.391 W/MountService(  374): getVolumeState(/storage/emulated/0/external_sd): Unknown volume
05-19 17:07:04.391 W/MountService(  374): getVolumeState(/mnt/sdcard-ext): Unknown volume
05-19 17:07:04.399 W/MountService(  374): getVolumeState(/mnt/ext_sdcard): Unknown volume
05-19 17:07:04.399 W/MountService(  374): getVolumeState(/mnt/sdcard2): Unknown volume
05-19 17:07:04.399 W/MountService(  374): getVolumeState(/mnt/emmc): Unknown volume
05-19 17:07:04.399 W/MountService(  374): getVolumeState(/mnt/extSdCard): Unknown volume
05-19 17:07:04.399 W/MountService(  374): getVolumeState(/mnt/sdcard/SD_CARD): Unknown volume
05-19 17:07:04.399 W/MountService(  374): getVolumeState(/mnt/sdcard/extra_sd): Unknown volume
05-19 17:07:04.399 W/MountService(  374): getVolumeState(/mnt/extrasd_bind): Unknown volume
05-19 17:07:04.399 W/MountService(  374): getVolumeState(/mnt/sdcard/ext_sd): Unknown volume
05-19 17:07:04.406 W/MountService(  374): getVolumeState(/storage/extSdCard): Unknown volume
05-19 17:07:04.406 W/MountService(  374): getVolumeState(/storage/sdcard1): Unknown volume
05-19 17:07:04.406 W/MountService(  374): getVolumeState(/mnt/sdcard/external_SD): Unknown volume
05-19 17:07:04.406 W/MountService(  374): getVolumeState(/mnt/sdcard/external_sd): Unknown volume
05-19 17:07:26.609 I/PowerManagerService(  374): Waking up from sleep...
05-19 17:07:26.656 I/WindowManager(  374): Lock screen displayed!
05-19 17:07:28.961 D/PhoneStatusBar(  448): disable: < expand icons alerts ticker system_info BACK HOME recent* CLOCK search* >
05-19 17:07:29.039 D/PhoneStatusBar(  448): disable: < expand icons alerts ticker system_info back* home* recent clock* search >
05-19 17:07:29.813 W/InputMethodManagerService(  374): Window already focused, ignoring focus gain of: com.android.internal.view.IInputMethodClient$Stub$Proxy@4290cef8 attribute=android.view.inputmethod.EditorInfo@42546330, token = android.os.BinderProxy@42987850
05-19 17:07:54.953 I/ActivityManager(  374): No longer want com.dragon.android.pandaspace:bdservice_v1 (pid 11800): empty for 1809s
05-19 17:07:54.961 W/ActivityManager(  374): Scheduling restart of crashed service com.dragon.android.pandaspace/com.baidu.android.moplus.MoPlusService in 5000ms
05-19 17:07:58.938 I/PowerManagerService(  374): Going to sleep due to screen timeout...
05-19 17:07:59.969 I/ActivityManager(  374): Start proc com.dragon.android.pandaspace:bdservice_v1 for service com.dragon.android.pandaspace/com.baidu.android.moplus.MoPlusService: pid=13635 uid=10074 gids={50074, 1015, 3003, 1006, 1028}
05-19 17:08:04.289 W/MountService(  374): getVolumeState(/storage/emulated/0/external_sd): Unknown volume
05-19 17:08:04.289 W/MountService(  374): getVolumeState(/mnt/sdcard-ext): Unknown volume
05-19 17:08:04.297 W/MountService(  374): getVolumeState(/mnt/ext_sdcard): Unknown volume
05-19 17:08:04.297 W/MountService(  374): getVolumeState(/mnt/sdcard2): Unknown volume
05-19 17:08:04.297 W/MountService(  374): getVolumeState(/mnt/emmc): Unknown volume
05-19 17:08:04.297 W/MountService(  374): getVolumeState(/mnt/extSdCard): Unknown volume
05-19 17:08:04.297 W/MountService(  374): getVolumeState(/mnt/sdcard/SD_CARD): Unknown volume
05-19 17:08:04.297 W/MountService(  374): getVolumeState(/mnt/sdcard/extra_sd): Unknown volume
05-19 17:08:04.297 W/MountService(  374): getVolumeState(/mnt/extrasd_bind): Unknown volume
05-19 17:08:04.297 W/MountService(  374): getVolumeState(/mnt/sdcard/ext_sd): Unknown volume
05-19 17:08:04.297 W/MountService(  374): getVolumeState(/storage/extSdCard): Unknown volume
05-19 17:08:04.297 W/MountService(  374): getVolumeState(/storage/sdcard1): Unknown volume
05-19 17:08:04.305 W/MountService(  374): getVolumeState(/mnt/sdcard/external_SD): Unknown volume
05-19 17:08:04.305 W/MountService(  374): getVolumeState(/mnt/sdcard/external_sd): Unknown volume
05-19 17:08:04.774 D/PhoneStatusBar(  448): disable: < expand icons alerts ticker system_info back home RECENT* clock SEARCH* >
05-19 17:08:04.859 D/PhoneStatusBar(  448): disable: < expand icons alerts ticker system_info BACK* HOME* RECENT CLOCK* SEARCH >
05-19 17:08:05.094 W/MountService(  374): getVolumeState(/storage/emulated/0/external_sd): Unknown volume
05-19 17:08:05.094 W/MountService(  374): getVolumeState(/mnt/sdcard-ext): Unknown volume
05-19 17:08:05.094 W/MountService(  374): getVolumeState(/mnt/ext_sdcard): Unknown volume
05-19 17:08:05.094 W/MountService(  374): getVolumeState(/mnt/sdcard2): Unknown volume
05-19 17:08:05.094 W/MountService(  374): getVolumeState(/mnt/emmc): Unknown volume
05-19 17:08:05.094 W/MountService(  374): getVolumeState(/mnt/extSdCard): Unknown volume
05-19 17:08:05.094 W/MountService(  374): getVolumeState(/mnt/sdcard/SD_CARD): Unknown volume
05-19 17:08:05.094 W/MountService(  374): getVolumeState(/mnt/sdcard/extra_sd): Unknown volume
05-19 17:08:05.102 W/MountService(  374): getVolumeState(/mnt/extrasd_bind): Unknown volume
05-19 17:08:05.102 W/MountService(  374): getVolumeState(/mnt/sdcard/ext_sd): Unknown volume
05-19 17:08:05.102 W/MountService(  374): getVolumeState(/storage/extSdCard): Unknown volume
05-19 17:08:05.102 W/MountService(  374): getVolumeState(/storage/sdcard1): Unknown volume
05-19 17:08:05.102 W/MountService(  374): getVolumeState(/mnt/sdcard/external_SD): Unknown volume
05-19 17:08:05.109 W/MountService(  374): getVolumeState(/mnt/sdcard/external_sd): Unknown volume
05-19 17:09:04.406 W/MountService(  374): getVolumeState(/storage/emulated/0/external_sd): Unknown volume
05-19 17:09:04.406 W/MountService(  374): getVolumeState(/mnt/sdcard-ext): Unknown volume
05-19 17:09:04.406 W/MountService(  374): getVolumeState(/mnt/ext_sdcard): Unknown volume
05-19 17:09:04.406 W/MountService(  374): getVolumeState(/mnt/sdcard2): Unknown volume
05-19 17:09:04.406 W/MountService(  374): getVolumeState(/mnt/emmc): Unknown volume
05-19 17:09:04.406 W/MountService(  374): getVolumeState(/mnt/extSdCard): Unknown volume
05-19 17:09:04.414 W/MountService(  374): getVolumeState(/mnt/sdcard/SD_CARD): Unknown volume
05-19 17:09:04.414 W/MountService(  374): getVolumeState(/mnt/sdcard/extra_sd): Unknown volume
05-19 17:09:04.414 W/MountService(  374): getVolumeState(/mnt/extrasd_bind): Unknown volume
05-19 17:09:04.414 W/MountService(  374): getVolumeState(/mnt/sdcard/ext_sd): Unknown volume
05-19 17:09:04.414 W/MountService(  374): getVolumeState(/storage/extSdCard): Unknown volume
05-19 17:09:04.414 W/MountService(  374): getVolumeState(/storage/sdcard1): Unknown volume
05-19 17:09:04.414 W/MountService(  374): getVolumeState(/mnt/sdcard/external_SD): Unknown volume
05-19 17:09:04.422 W/MountService(  374): getVolumeState(/mnt/sdcard/external_sd): Unknown volume
05-19 17:09:04.734 W/MountService(  374): getVolumeState(/storage/emulated/0/external_sd): Unknown volume
05-19 17:09:04.734 W/MountService(  374): getVolumeState(/mnt/sdcard-ext): Unknown volume
05-19 17:09:04.734 W/MountService(  374): getVolumeState(/mnt/ext_sdcard): Unknown volume
05-19 17:09:04.734 W/MountService(  374): getVolumeState(/mnt/sdcard2): Unknown volume
05-19 17:09:04.734 W/MountService(  374): getVolumeState(/mnt/emmc): Unknown volume
05-19 17:09:04.734 W/MountService(  374): getVolumeState(/mnt/extSdCard): Unknown volume
05-19 17:09:04.734 W/MountService(  374): getVolumeState(/mnt/sdcard/SD_CARD): Unknown volume
05-19 17:09:04.734 W/MountService(  374): getVolumeState(/mnt/sdcard/extra_sd): Unknown volume
05-19 17:09:04.734 W/MountService(  374): getVolumeState(/mnt/extrasd_bind): Unknown volume
05-19 17:09:04.742 W/MountService(  374): getVolumeState(/mnt/sdcard/ext_sd): Unknown volume
05-19 17:09:04.742 W/MountService(  374): getVolumeState(/storage/extSdCard): Unknown volume
05-19 17:09:04.742 W/MountService(  374): getVolumeState(/storage/sdcard1): Unknown volume
05-19 17:09:04.742 W/MountService(  374): getVolumeState(/mnt/sdcard/external_SD): Unknown volume
05-19 17:09:04.742 W/MountService(  374): getVolumeState(/mnt/sdcard/external_sd): Unknown volume
05-19 17:09:35.508 I/ActivityManager(  374): Start proc com.pekall.emdm.launcher:remote for service com.pekall.emdm.launcher/com.baidu.location.f: pid=13671 uid=10066 gids={50066, 1015, 3002, 3001, 3003, 1028}
05-19 17:09:35.914 D/ActivityThread(13671): Loading provider com.pekall.semail.provider;com.pekall.semail.notifier: com.pekall.semail.provider.EmailProvider
05-19 17:09:35.914 D/ActivityThread(13671): Loading provider com.pekall.semail.provider;com.pekall.semail.notifier: com.pekall.semail.provider.EmailProvider
05-19 17:09:39.156 W/ActivityManager(  374): Unable to start service Intent { cmp=com.pekall.emdm.launcher/com.pekall.semail.service.AttachmentDownloadService } U=0: not found
05-19 17:09:55.547 W/ActivityManager(  374): Timeout executing service: ServiceRecord{428c3d68 u0 com.pekall.emdm.launcher/com.baidu.location.f}
05-19 17:10:01.524 E/ActivityManager(  374): ANR in com.pekall.emdm.launcher:remote
05-19 17:10:01.524 E/ActivityManager(  374): Reason: Executing service com.pekall.emdm.launcher/com.baidu.location.f
05-19 17:10:01.524 E/ActivityManager(  374): Load: 1.71 / 1.93 / 2.22
05-19 17:10:01.524 E/ActivityManager(  374): CPU usage from 0ms to 5951ms later:
05-19 17:10:01.524 E/ActivityManager(  374):   87% 12519/com.pekall.emdm.launcher: 87% user + 0.3% kernel
05-19 17:10:01.524 E/ActivityManager(  374):   85% 13671/com.pekall.emdm.launcher:remote: 85% user + 0% kernel / faults: 115 minor
05-19 17:10:01.524 E/ActivityManager(  374):   23% 374/system_server: 17% user + 5.3% kernel / faults: 506 minor
05-19 17:10:01.524 E/ActivityManager(  374):   2.3% 448/com.android.systemui: 2% user + 0.3% kernel / faults: 22 minor
05-19 17:10:01.524 E/ActivityManager(  374):   0.6% 561/com.android.phone: 0.3% user + 0.3% kernel / faults: 32 minor
05-19 17:10:01.524 E/ActivityManager(  374):   0% 568/com.android.nfc: 0% user + 0% kernel / faults: 31 minor
05-19 17:10:01.524 E/ActivityManager(  374):   0.3% 10758/com.qihoo.appstore: 0.1% user + 0.1% kernel
05-19 17:10:01.524 E/ActivityManager(  374): 99% TOTAL: 96% user + 3.2% kernel
05-19 17:10:01.524 E/ActivityManager(  374): CPU usage from 5158ms to 5692ms later:
05-19 17:10:01.524 E/ActivityManager(  374):   100% 13671/com.pekall.emdm.launcher:remote: 100% user + 0% kernel
05-19 17:10:01.524 E/ActivityManager(  374):     98% 13685/Thread-697: 98% user + 0% kernel
05-19 17:10:01.524 E/ActivityManager(  374):   92% 12519/com.pekall.emdm.launcher: 92% user + 0% kernel
05-19 17:10:01.524 E/ActivityManager(  374):     94% 12532/Thread-642: 94% user + 0% kernel
05-19 17:10:01.524 E/ActivityManager(  374):   7.4% 374/system_server: 0% user + 7.4% kernel / faults: 1 minor
05-19 17:10:01.524 E/ActivityManager(  374):     7.4% 390/ActivityManager: 0% user + 7.4% kernel
05-19 17:10:01.524 E/ActivityManager(  374): 100% TOTAL: 97% user + 2.8% kernel
05-19 17:10:01.539 W/ActivityManager(  374): Killing ProcessRecord{425d15f8 13671:com.pekall.emdm.launcher:remote/u0a10066}: background ANR
05-19 17:10:01.774 I/ActivityManager(  374): Process com.pekall.emdm.launcher:remote (pid 13671) has died.
05-19 17:10:01.774 W/ActivityManager(  374): Scheduling restart of crashed service com.pekall.emdm.launcher/com.baidu.location.f in 1280000ms
05-19 17:10:04.539 W/MountService(  374): getVolumeState(/storage/emulated/0/external_sd): Unknown volume
05-19 17:10:04.539 W/MountService(  374): getVolumeState(/mnt/sdcard-ext): Unknown volume
05-19 17:10:04.539 W/MountService(  374): getVolumeState(/mnt/ext_sdcard): Unknown volume
05-19 17:10:04.539 W/MountService(  374): getVolumeState(/mnt/sdcard2): Unknown volume
05-19 17:10:04.539 W/MountService(  374): getVolumeState(/mnt/emmc): Unknown volume
05-19 17:10:04.547 W/MountService(  374): getVolumeState(/mnt/extSdCard): Unknown volume
05-19 17:10:04.547 W/MountService(  374): getVolumeState(/mnt/sdcard/SD_CARD): Unknown volume
05-19 17:10:04.547 W/MountService(  374): getVolumeState(/mnt/sdcard/extra_sd): Unknown volume
05-19 17:10:04.547 W/MountService(  374): getVolumeState(/mnt/extrasd_bind): Unknown volume
05-19 17:10:04.547 W/MountService(  374): getVolumeState(/mnt/sdcard/ext_sd): Unknown volume
05-19 17:10:04.547 W/MountService(  374): getVolumeState(/storage/extSdCard): Unknown volume
05-19 17:10:04.547 W/MountService(  374): getVolumeState(/storage/sdcard1): Unknown volume
05-19 17:10:04.547 W/MountService(  374): getVolumeState(/mnt/sdcard/external_SD): Unknown volume
05-19 17:10:04.555 W/MountService(  374): getVolumeState(/mnt/sdcard/external_sd): Unknown volume
05-19 17:10:04.867 W/MountService(  374): getVolumeState(/storage/emulated/0/external_sd): Unknown volume
05-19 17:10:04.867 W/MountService(  374): getVolumeState(/mnt/sdcard-ext): Unknown volume
05-19 17:10:04.867 W/MountService(  374): getVolumeState(/mnt/ext_sdcard): Unknown volume
05-19 17:10:04.867 W/MountService(  374): getVolumeState(/mnt/sdcard2): Unknown volume
05-19 17:10:04.867 W/MountService(  374): getVolumeState(/mnt/emmc): Unknown volume
05-19 17:10:04.867 W/MountService(  374): getVolumeState(/mnt/extSdCard): Unknown volume
05-19 17:10:04.867 W/MountService(  374): getVolumeState(/mnt/sdcard/SD_CARD): Unknown volume
05-19 17:10:04.867 W/MountService(  374): getVolumeState(/mnt/sdcard/extra_sd): Unknown volume
05-19 17:10:04.867 W/MountService(  374): getVolumeState(/mnt/extrasd_bind): Unknown volume
05-19 17:10:04.875 W/MountService(  374): getVolumeState(/mnt/sdcard/ext_sd): Unknown volume
05-19 17:10:04.875 W/MountService(  374): getVolumeState(/storage/extSdCard): Unknown volume
05-19 17:10:04.875 W/MountService(  374): getVolumeState(/storage/sdcard1): Unknown volume
05-19 17:10:04.875 W/MountService(  374): getVolumeState(/mnt/sdcard/external_SD): Unknown volume
05-19 17:10:04.875 W/MountService(  374): getVolumeState(/mnt/sdcard/external_sd): Unknown volume
05-19 17:11:04.594 W/MountService(  374): getVolumeState(/storage/emulated/0/external_sd): Unknown volume
05-19 17:11:04.594 W/MountService(  374): getVolumeState(/mnt/sdcard-ext): Unknown volume
05-19 17:11:04.594 W/MountService(  374): getVolumeState(/mnt/ext_sdcard): Unknown volume
05-19 17:11:04.594 W/MountService(  374): getVolumeState(/mnt/sdcard2): Unknown volume
05-19 17:11:04.602 W/MountService(  374): getVolumeState(/mnt/emmc): Unknown volume
05-19 17:11:04.602 W/MountService(  374): getVolumeState(/mnt/extSdCard): Unknown volume
05-19 17:11:04.602 W/MountService(  374): getVolumeState(/mnt/sdcard/SD_CARD): Unknown volume
05-19 17:11:04.602 W/MountService(  374): getVolumeState(/mnt/sdcard/extra_sd): Unknown volume
05-19 17:11:04.602 W/MountService(  374): getVolumeState(/mnt/extrasd_bind): Unknown volume
05-19 17:11:04.602 W/MountService(  374): getVolumeState(/mnt/sdcard/ext_sd): Unknown volume
05-19 17:11:04.602 W/MountService(  374): getVolumeState(/storage/extSdCard): Unknown volume
05-19 17:11:04.602 W/MountService(  374): getVolumeState(/storage/sdcard1): Unknown volume
05-19 17:11:04.602 W/MountService(  374): getVolumeState(/mnt/sdcard/external_SD): Unknown volume
05-19 17:11:04.602 W/MountService(  374): getVolumeState(/mnt/sdcard/external_sd): Unknown volume
05-19 17:11:04.953 W/MountService(  374): getVolumeState(/storage/emulated/0/external_sd): Unknown volume
05-19 17:11:04.953 W/MountService(  374): getVolumeState(/mnt/sdcard-ext): Unknown volume
05-19 17:11:04.953 W/MountService(  374): getVolumeState(/mnt/ext_sdcard): Unknown volume
05-19 17:11:04.953 W/MountService(  374): getVolumeState(/mnt/sdcard2): Unknown volume
05-19 17:11:04.953 W/MountService(  374): getVolumeState(/mnt/emmc): Unknown volume
05-19 17:11:04.953 W/MountService(  374): getVolumeState(/mnt/extSdCard): Unknown volume
05-19 17:11:04.953 W/MountService(  374): getVolumeState(/mnt/sdcard/SD_CARD): Unknown volume
05-19 17:11:04.953 W/MountService(  374): getVolumeState(/mnt/sdcard/extra_sd): Unknown volume
05-19 17:11:04.953 W/MountService(  374): getVolumeState(/mnt/extrasd_bind): Unknown volume
05-19 17:11:04.953 W/MountService(  374): getVolumeState(/mnt/sdcard/ext_sd): Unknown volume
05-19 17:11:04.953 W/MountService(  374): getVolumeState(/storage/extSdCard): Unknown volume
05-19 17:11:04.961 W/MountService(  374): getVolumeState(/storage/sdcard1): Unknown volume
05-19 17:11:04.961 W/MountService(  374): getVolumeState(/mnt/sdcard/external_SD): Unknown volume
05-19 17:11:04.961 W/MountService(  374): getVolumeState(/mnt/sdcard/external_sd): Unknown volume
05-19 17:11:35.430 I/ActivityManager(  374): No longer want com.google.android.apps.maps:GoogleLocationService (pid 11857): empty for 1800s
05-19 17:11:35.445 W/ActivityManager(  374): Scheduling restart of crashed service com.google.android.apps.maps/com.google.android.location.internal.server.GoogleLocationService in 5000ms
05-19 17:11:40.477 I/ActivityManager(  374): Start proc com.google.android.apps.maps:GoogleLocationService for service com.google.android.apps.maps/com.google.android.location.internal.server.GoogleLocationService: pid=13709 uid=10038 gids={50038, 3003, 1015, 1028}
05-19 17:11:40.484 I/ActivityManager(  374): No longer want com.google.android.apps.maps:LocationFriendService (pid 11890): empty for 1804s
05-19 17:11:40.484 I/ActivityManager(  374): No longer want com.google.android.apps.maps:FriendService (pid 11878): empty for 1804s
05-19 17:11:41.539 I/ActivityManager(  374): Start proc com.google.android.apps.maps:FriendService for broadcast com.google.android.apps.maps/com.google.googlenav.friend.android.ServiceReceiver: pid=13730 uid=10038 gids={50038, 3003, 1015, 1028}
05-19 17:11:41.727 I/ActivityManager(  374): Start proc com.google.android.apps.maps:LocationFriendService for broadcast com.google.android.apps.maps/com.google.googlenav.friend.reporting.LocationReportingIntentReceiver: pid=13742 uid=10038 gids={50038, 3003, 1015, 1028}
05-19 17:12:04.742 W/MountService(  374): getVolumeState(/storage/emulated/0/external_sd): Unknown volume
05-19 17:12:04.742 W/MountService(  374): getVolumeState(/mnt/sdcard-ext): Unknown volume
05-19 17:12:04.742 W/MountService(  374): getVolumeState(/mnt/ext_sdcard): Unknown volume
05-19 17:12:04.750 W/MountService(  374): getVolumeState(/mnt/sdcard2): Unknown volume
05-19 17:12:04.750 W/MountService(  374): getVolumeState(/mnt/emmc): Unknown volume
05-19 17:12:04.750 W/MountService(  374): getVolumeState(/mnt/extSdCard): Unknown volume
05-19 17:12:04.750 W/MountService(  374): getVolumeState(/mnt/sdcard/SD_CARD): Unknown volume
05-19 17:12:04.750 W/MountService(  374): getVolumeState(/mnt/sdcard/extra_sd): Unknown volume
05-19 17:12:04.750 W/MountService(  374): getVolumeState(/mnt/extrasd_bind): Unknown volume
05-19 17:12:04.750 W/MountService(  374): getVolumeState(/mnt/sdcard/ext_sd): Unknown volume
05-19 17:12:04.758 W/MountService(  374): getVolumeState(/storage/extSdCard): Unknown volume
05-19 17:12:04.758 W/MountService(  374): getVolumeState(/storage/sdcard1): Unknown volume
05-19 17:12:04.758 W/MountService(  374): getVolumeState(/mnt/sdcard/external_SD): Unknown volume
05-19 17:12:04.758 W/MountService(  374): getVolumeState(/mnt/sdcard/external_sd): Unknown volume
05-19 17:12:05.039 I/ActivityManager(  374): No longer want android.process.acore (pid 11911): empty for 1803s
05-19 17:12:05.203 W/MountService(  374): getVolumeState(/storage/emulated/0/external_sd): Unknown volume
05-19 17:12:05.203 W/MountService(  374): getVolumeState(/mnt/sdcard-ext): Unknown volume
05-19 17:12:05.203 W/MountService(  374): getVolumeState(/mnt/ext_sdcard): Unknown volume
05-19 17:12:05.203 W/MountService(  374): getVolumeState(/mnt/sdcard2): Unknown volume
05-19 17:12:05.203 W/MountService(  374): getVolumeState(/mnt/emmc): Unknown volume
05-19 17:12:05.203 W/MountService(  374): getVolumeState(/mnt/extSdCard): Unknown volume
05-19 17:12:05.203 W/MountService(  374): getVolumeState(/mnt/sdcard/SD_CARD): Unknown volume
05-19 17:12:05.203 W/MountService(  374): getVolumeState(/mnt/sdcard/extra_sd): Unknown volume
05-19 17:12:05.211 W/MountService(  374): getVolumeState(/mnt/extrasd_bind): Unknown volume
05-19 17:12:05.211 W/MountService(  374): getVolumeState(/mnt/sdcard/ext_sd): Unknown volume
05-19 17:12:05.211 W/MountService(  374): getVolumeState(/storage/extSdCard): Unknown volume
05-19 17:12:05.211 W/MountService(  374): getVolumeState(/storage/sdcard1): Unknown volume
05-19 17:12:05.211 W/MountService(  374): getVolumeState(/mnt/sdcard/external_SD): Unknown volume
05-19 17:12:05.211 W/MountService(  374): getVolumeState(/mnt/sdcard/external_sd): Unknown volume
05-19 17:13:04.883 W/MountService(  374): getVolumeState(/storage/emulated/0/external_sd): Unknown volume
05-19 17:13:04.883 W/MountService(  374): getVolumeState(/mnt/sdcard-ext): Unknown volume
05-19 17:13:04.883 W/MountService(  374): getVolumeState(/mnt/ext_sdcard): Unknown volume
05-19 17:13:04.891 W/MountService(  374): getVolumeState(/mnt/sdcard2): Unknown volume
05-19 17:13:04.891 W/MountService(  374): getVolumeState(/mnt/emmc): Unknown volume
05-19 17:13:04.891 W/MountService(  374): getVolumeState(/mnt/extSdCard): Unknown volume
05-19 17:13:04.891 W/MountService(  374): getVolumeState(/mnt/sdcard/SD_CARD): Unknown volume
05-19 17:13:04.891 W/MountService(  374): getVolumeState(/mnt/sdcard/extra_sd): Unknown volume
05-19 17:13:04.891 W/MountService(  374): getVolumeState(/mnt/extrasd_bind): Unknown volume
05-19 17:13:04.891 W/MountService(  374): getVolumeState(/mnt/sdcard/ext_sd): Unknown volume
05-19 17:13:04.891 W/MountService(  374): getVolumeState(/storage/extSdCard): Unknown volume
05-19 17:13:04.899 W/MountService(  374): getVolumeState(/storage/sdcard1): Unknown volume
05-19 17:13:04.899 W/MountService(  374): getVolumeState(/mnt/sdcard/external_SD): Unknown volume
05-19 17:13:04.899 W/MountService(  374): getVolumeState(/mnt/sdcard/external_sd): Unknown volume
05-19 17:13:05.164 I/ActivityManager(  374): Start proc android.process.acore for content provider com.android.providers.contacts/.ContactsProvider2: pid=13768 uid=10000 gids={50000, 3003, 1015, 1028}
05-19 17:13:05.930 W/MountService(  374): getVolumeState(/storage/emulated/0/external_sd): Unknown volume
05-19 17:13:05.930 W/MountService(  374): getVolumeState(/mnt/sdcard-ext): Unknown volume
05-19 17:13:05.930 W/MountService(  374): getVolumeState(/mnt/ext_sdcard): Unknown volume
05-19 17:13:05.930 W/MountService(  374): getVolumeState(/mnt/sdcard2): Unknown volume
05-19 17:13:05.930 W/MountService(  374): getVolumeState(/mnt/emmc): Unknown volume
05-19 17:13:05.930 W/MountService(  374): getVolumeState(/mnt/extSdCard): Unknown volume
05-19 17:13:05.930 W/MountService(  374): getVolumeState(/mnt/sdcard/SD_CARD): Unknown volume
05-19 17:13:05.930 W/MountService(  374): getVolumeState(/mnt/sdcard/extra_sd): Unknown volume
05-19 17:13:05.938 W/MountService(  374): getVolumeState(/mnt/extrasd_bind): Unknown volume
05-19 17:13:05.938 W/MountService(  374): getVolumeState(/mnt/sdcard/ext_sd): Unknown volume
05-19 17:13:05.938 W/MountService(  374): getVolumeState(/storage/extSdCard): Unknown volume
05-19 17:13:05.938 W/MountService(  374): getVolumeState(/storage/sdcard1): Unknown volume
05-19 17:13:05.938 W/MountService(  374): getVolumeState(/mnt/sdcard/external_SD): Unknown volume
05-19 17:13:05.938 W/MountService(  374): getVolumeState(/mnt/sdcard/external_sd): Unknown volume
05-19 17:13:48.836 I/PowerManagerService(  374): Waking up from sleep...
05-19 17:13:48.875 I/WindowManager(  374): Lock screen displayed!
05-19 17:13:49.969 D/PhoneStatusBar(  448): disable: < expand icons alerts ticker system_info BACK HOME recent* CLOCK search* >
05-19 17:13:50.031 D/PhoneStatusBar(  448): disable: < expand icons alerts ticker system_info back* home* recent clock* search >
05-19 17:13:50.430 W/InputMethodManagerService(  374): Window already focused, ignoring focus gain of: com.android.internal.view.IInputMethodClient$Stub$Proxy@4269db10 attribute=android.view.inputmethod.EditorInfo@42f8c0c8, token = android.os.BinderProxy@42987850
05-19 17:13:51.328 V/PanelView(  448): animationTick called with dtms=0; nothing to do (h=670.0 v=1851.7954)
05-19 17:13:53.399 V/PanelView(  448): animationTick called with dtms=0; nothing to do (h=1184.0 v=-4000.0)
05-19 17:13:53.774 W/InputMethodManagerService(  374): Window already focused, ignoring focus gain of: com.android.internal.view.IInputMethodClient$Stub$Proxy@42c73cb0 attribute=null, token = android.os.BinderProxy@42987850
05-19 17:13:54.578 I/ActivityManager(  374): START u0 {flg=0x10000000 cmp=com.pekall.emdm.launcher/.ui.BackPersonalActivity} from pid 12519
05-19 17:13:54.625 I/ActivityManager(  374): START u0 {act=android.intent.action.VIEW flg=0x10200000 cmp=com.android.launcher/com.android.launcher2.Launcher} from pid 12519
05-19 17:14:04.922 W/MountService(  374): getVolumeState(/storage/emulated/0/external_sd): Unknown volume
05-19 17:14:04.922 W/MountService(  374): getVolumeState(/mnt/sdcard-ext): Unknown volume
05-19 17:14:04.922 W/MountService(  374): getVolumeState(/mnt/ext_sdcard): Unknown volume
05-19 17:14:04.922 W/MountService(  374): getVolumeState(/mnt/sdcard2): Unknown volume
05-19 17:14:04.922 W/MountService(  374): getVolumeState(/mnt/emmc): Unknown volume
05-19 17:14:04.922 W/MountService(  374): getVolumeState(/mnt/extSdCard): Unknown volume
05-19 17:14:04.922 W/MountService(  374): getVolumeState(/mnt/sdcard/SD_CARD): Unknown volume
05-19 17:14:04.922 W/MountService(  374): getVolumeState(/mnt/sdcard/extra_sd): Unknown volume
05-19 17:14:04.922 W/MountService(  374): getVolumeState(/mnt/extrasd_bind): Unknown volume
05-19 17:14:04.922 W/MountService(  374): getVolumeState(/mnt/sdcard/ext_sd): Unknown volume
05-19 17:14:04.930 W/MountService(  374): getVolumeState(/storage/extSdCard): Unknown volume
05-19 17:14:04.930 W/MountService(  374): getVolumeState(/storage/sdcard1): Unknown volume
05-19 17:14:04.930 W/MountService(  374): getVolumeState(/mnt/sdcard/external_SD): Unknown volume
05-19 17:14:04.930 W/MountService(  374): getVolumeState(/mnt/sdcard/external_sd): Unknown volume
05-19 17:14:05.313 W/MountService(  374): getVolumeState(/storage/emulated/0/external_sd): Unknown volume
05-19 17:14:05.313 W/MountService(  374): getVolumeState(/mnt/sdcard-ext): Unknown volume
05-19 17:14:05.313 W/MountService(  374): getVolumeState(/mnt/ext_sdcard): Unknown volume
05-19 17:14:05.313 W/MountService(  374): getVolumeState(/mnt/sdcard2): Unknown volume
05-19 17:14:05.313 W/MountService(  374): getVolumeState(/mnt/emmc): Unknown volume
05-19 17:14:05.313 W/MountService(  374): getVolumeState(/mnt/extSdCard): Unknown volume
05-19 17:14:05.313 W/MountService(  374): getVolumeState(/mnt/sdcard/SD_CARD): Unknown volume
05-19 17:14:05.313 W/MountService(  374): getVolumeState(/mnt/sdcard/extra_sd): Unknown volume
05-19 17:14:05.320 W/MountService(  374): getVolumeState(/mnt/extrasd_bind): Unknown volume
05-19 17:14:05.320 W/MountService(  374): getVolumeState(/mnt/sdcard/ext_sd): Unknown volume
05-19 17:14:05.320 W/MountService(  374): getVolumeState(/storage/extSdCard): Unknown volume
05-19 17:14:05.320 W/MountService(  374): getVolumeState(/storage/sdcard1): Unknown volume
05-19 17:14:05.320 W/MountService(  374): getVolumeState(/mnt/sdcard/external_SD): Unknown volume
05-19 17:14:05.320 W/MountService(  374): getVolumeState(/mnt/sdcard/external_sd): Unknown volume
05-19 17:14:24.516 I/PowerManagerService(  374): Going to sleep due to screen timeout...
05-19 17:14:30.242 D/PhoneStatusBar(  448): disable: < expand icons alerts ticker system_info back home RECENT* clock SEARCH* >
05-19 17:14:30.367 D/PhoneStatusBar(  448): disable: < expand icons alerts ticker system_info BACK* HOME* RECENT CLOCK* SEARCH >
