--------- beginning of /dev/log/system
05-19 16:55:56.484 D/ActivityThread(13153): Loading provider com.pekall.semail.provider;com.pekall.semail.notifier: com.pekall.semail.provider.EmailProvider
05-19 16:55:56.484 D/ActivityThread(13153): Loading provider com.pekall.semail.provider;com.pekall.semail.notifier: com.pekall.semail.provider.EmailProvider
05-19 16:56:03.320 W/MountService(  374): getVolumeState(/storage/emulated/0/external_sd): Unknown volume
05-19 16:56:03.383 W/MountService(  374): getVolumeState(/mnt/sdcard-ext): Unknown volume
05-19 16:56:03.399 W/MountService(  374): getVolumeState(/mnt/ext_sdcard): Unknown volume
05-19 16:56:03.399 W/MountService(  374): getVolumeState(/mnt/sdcard2): Unknown volume
05-19 16:56:03.399 W/MountService(  374): getVolumeState(/mnt/emmc): Unknown volume
05-19 16:56:03.430 W/MountService(  374): getVolumeState(/mnt/extSdCard): Unknown volume
05-19 16:56:03.430 W/MountService(  374): getVolumeState(/mnt/sdcard/SD_CARD): Unknown volume
05-19 16:56:03.469 W/MountService(  374): getVolumeState(/mnt/sdcard/extra_sd): Unknown volume
05-19 16:56:03.484 W/MountService(  374): getVolumeState(/mnt/extrasd_bind): Unknown volume
05-19 16:56:03.484 W/MountService(  374): getVolumeState(/mnt/sdcard/ext_sd): Unknown volume
05-19 16:56:03.531 W/MountService(  374): getVolumeState(/storage/extSdCard): Unknown volume
05-19 16:56:03.547 W/MountService(  374): getVolumeState(/storage/sdcard1): Unknown volume
05-19 16:56:03.547 W/MountService(  374): getVolumeState(/mnt/sdcard/external_SD): Unknown volume
05-19 16:56:03.578 W/MountService(  374): getVolumeState(/mnt/sdcard/external_sd): Unknown volume
05-19 16:56:10.031 W/ActivityManager(  374): Unable to start service Intent { cmp=com.pekall.emdm.launcher/com.pekall.semail.service.AttachmentDownloadService } U=0: not found
05-19 16:56:11.711 W/MountService(  374): getVolumeState(/storage/emulated/0/external_sd): Unknown volume
05-19 16:56:11.774 W/MountService(  374): getVolumeState(/mnt/sdcard-ext): Unknown volume
05-19 16:56:11.774 W/MountService(  374): getVolumeState(/mnt/ext_sdcard): Unknown volume
05-19 16:56:11.774 W/MountService(  374): getVolumeState(/mnt/sdcard2): Unknown volume
05-19 16:56:11.774 W/MountService(  374): getVolumeState(/mnt/emmc): Unknown volume
05-19 16:56:11.789 W/MountService(  374): getVolumeState(/mnt/extSdCard): Unknown volume
05-19 16:56:11.836 W/MountService(  374): getVolumeState(/mnt/sdcard/SD_CARD): Unknown volume
05-19 16:56:11.852 W/MountService(  374): getVolumeState(/mnt/sdcard/extra_sd): Unknown volume
05-19 16:56:11.899 W/MountService(  374): getVolumeState(/mnt/extrasd_bind): Unknown volume
05-19 16:56:11.899 W/MountService(  374): getVolumeState(/mnt/sdcard/ext_sd): Unknown volume
05-19 16:56:11.914 W/MountService(  374): getVolumeState(/storage/extSdCard): Unknown volume
05-19 16:56:11.914 W/MountService(  374): getVolumeState(/storage/sdcard1): Unknown volume
05-19 16:56:11.914 W/MountService(  374): getVolumeState(/mnt/sdcard/external_SD): Unknown volume
05-19 16:56:11.930 W/MountService(  374): getVolumeState(/mnt/sdcard/external_sd): Unknown volume
05-19 16:56:16.188 W/ActivityManager(  374): Timeout executing service: ServiceRecord{428c3d68 u0 com.pekall.emdm.launcher/com.baidu.location.f}
05-19 16:56:20.227 E/ActivityManager(  374): ANR in com.pekall.emdm.launcher:remote
05-19 16:56:20.227 E/ActivityManager(  374): Reason: Executing service com.pekall.emdm.launcher/com.baidu.location.f
05-19 16:56:20.227 E/ActivityManager(  374): Load: 3.94 / 3.44 / 2.5
05-19 16:56:20.227 E/ActivityManager(  374): CPU usage from 11189ms to 0ms ago:
05-19 16:56:20.227 E/ActivityManager(  374):   97% 13153/com.pekall.emdm.launcher:remote: 97% user + 0% kernel / faults: 172 minor
05-19 16:56:20.227 E/ActivityManager(  374):   97% 12519/com.pekall.emdm.launcher: 96% user + 0.2% kernel / faults: 800 minor
05-19 16:56:20.227 E/ActivityManager(  374):   1.6% 1468/com.qihoo.daemon: 1.2% user + 0.3% kernel / faults: 518 minor
05-19 16:56:20.227 E/ActivityManager(  374):   1% 374/system_server: 0.7% user + 0.3% kernel / faults: 33 minor
05-19 16:56:20.227 E/ActivityManager(  374):   0.3% 10758/com.qihoo.appstore: 0.2% user + 0% kernel / faults: 55 minor
05-19 16:56:20.227 E/ActivityManager(  374):   0.4% 12819/com.nd.assistance.ServerService: 0.2% user + 0.1% kernel / faults: 59 minor
05-19 16:56:20.227 E/ActivityManager(  374):   0.1% 561/com.android.phone: 0.1% user + 0% kernel / faults: 9 minor
05-19 16:56:20.227 E/ActivityManager(  374):   0.1% 1661/com.qihoo360.mobilesafe:GuardService: 0% user + 0% kernel / faults: 3 minor
05-19 16:56:20.227 E/ActivityManager(  374):   0.1% 82/mmcqd/0: 0% user + 0.1% kernel
05-19 16:56:20.227 E/ActivityManager(  374):   0% 11837/android.process.media: 0% user + 0% kernel / faults: 34 minor
05-19 16:56:20.227 E/ActivityManager(  374):   0% 114/jbd2/mmcblk0p12: 0% user + 0% kernel
05-19 16:56:20.227 E/ActivityManager(  374):   0% 123/rild: 0% user + 0% kernel
05-19 16:56:20.227 E/ActivityManager(  374):   0% 124/surfaceflinger: 0% user + 0% kernel
05-19 16:56:20.227 E/ActivityManager(  374):   0% 133/sdcard: 0% user + 0% kernel
05-19 16:56:20.227 E/ActivityManager(  374):   0% 135/adbd: 0% user + 0% kernel
05-19 16:56:20.227 E/ActivityManager(  374):   0% 448/com.android.systemui: 0% user + 0% kernel
05-19 16:56:20.227 E/ActivityManager(  374):   0% 546/com.google.process.location: 0% user + 0% kernel / faults: 18 minor
05-19 16:56:20.227 E/ActivityManager(  374):   0% 1615/logcat: 0% user + 0% kernel
05-19 16:56:20.227 E/ActivityManager(  374):   0% 12860/kworker/u:7: 0% user + 0% kernel
05-19 16:56:20.227 E/ActivityManager(  374): 100% TOTAL: 99% user + 0.5% kernel
05-19 16:56:20.227 E/ActivityManager(  374): CPU usage from 3240ms to 3776ms later:
05-19 16:56:20.227 E/ActivityManager(  374):   96% 12519/com.pekall.emdm.launcher: 96% user + 0% kernel
05-19 16:56:20.227 E/ActivityManager(  374):     94% 12532/Thread-642: 94% user + 0% kernel
05-19 16:56:20.227 E/ActivityManager(  374):   89% 13153/com.pekall.emdm.launcher:remote: 89% user + 0% kernel
05-19 16:56:20.227 E/ActivityManager(  374):     90% 13166/Thread-672: 90% user + 0% kernel
05-19 16:56:20.227 E/ActivityManager(  374):   5.5% 374/system_server: 1.8% user + 3.7% kernel
05-19 16:56:20.227 E/ActivityManager(  374):     7.4% 390/ActivityManager: 1.8% user + 5.5% kernel
05-19 16:56:20.227 E/ActivityManager(  374): 95% TOTAL: 92% user + 2.7% kernel
05-19 16:56:20.234 W/ActivityManager(  374): Killing ProcessRecord{429014a8 13153:com.pekall.emdm.launcher:remote/u0a10066}: background ANR
05-19 16:56:20.242 I/ActivityManager(  374): Process com.pekall.emdm.launcher:remote (pid 13153) has died.
05-19 16:56:20.242 W/ActivityManager(  374): Scheduling restart of crashed service com.pekall.emdm.launcher/com.baidu.location.f in 20000ms
05-19 16:56:40.266 I/ActivityManager(  374): Start proc com.pekall.emdm.launcher:remote for service com.pekall.emdm.launcher/com.baidu.location.f: pid=13190 uid=10066 gids={50066, 1015, 3002, 3001, 3003, 1028}
05-19 16:56:40.492 D/ActivityThread(13190): Loading provider com.pekall.semail.provider;com.pekall.semail.notifier: com.pekall.semail.provider.EmailProvider
05-19 16:56:40.531 D/ActivityThread(13190): Loading provider com.pekall.semail.provider;com.pekall.semail.notifier: com.pekall.semail.provider.EmailProvider
05-19 16:56:45.313 W/ActivityManager(  374): Unable to start service Intent { cmp=com.pekall.emdm.launcher/com.pekall.semail.service.AttachmentDownloadService } U=0: not found
05-19 16:57:00.289 W/ActivityManager(  374): Timeout executing service: ServiceRecord{428c3d68 u0 com.pekall.emdm.launcher/com.baidu.location.f}
05-19 16:57:03.102 W/MountService(  374): getVolumeState(/storage/emulated/0/external_sd): Unknown volume
05-19 16:57:03.102 W/MountService(  374): getVolumeState(/mnt/sdcard-ext): Unknown volume
05-19 16:57:03.102 W/MountService(  374): getVolumeState(/mnt/ext_sdcard): Unknown volume
05-19 16:57:03.102 W/MountService(  374): getVolumeState(/mnt/sdcard2): Unknown volume
05-19 16:57:03.102 W/MountService(  374): getVolumeState(/mnt/emmc): Unknown volume
05-19 16:57:03.102 W/MountService(  374): getVolumeState(/mnt/extSdCard): Unknown volume
05-19 16:57:03.109 W/MountService(  374): getVolumeState(/mnt/sdcard/SD_CARD): Unknown volume
05-19 16:57:03.109 W/MountService(  374): getVolumeState(/mnt/sdcard/extra_sd): Unknown volume
05-19 16:57:03.109 W/MountService(  374): getVolumeState(/mnt/extrasd_bind): Unknown volume
05-19 16:57:03.109 W/MountService(  374): getVolumeState(/mnt/sdcard/ext_sd): Unknown volume
05-19 16:57:03.109 W/MountService(  374): getVolumeState(/storage/extSdCard): Unknown volume
05-19 16:57:03.109 W/MountService(  374): getVolumeState(/storage/sdcard1): Unknown volume
05-19 16:57:03.109 W/MountService(  374): getVolumeState(/mnt/sdcard/external_SD): Unknown volume
05-19 16:57:03.117 W/MountService(  374): getVolumeState(/mnt/sdcard/external_sd): Unknown volume
05-19 16:57:04.313 E/ActivityManager(  374): ANR in com.pekall.emdm.launcher:remote
05-19 16:57:04.313 E/ActivityManager(  374): Reason: Executing service com.pekall.emdm.launcher/com.baidu.location.f
05-19 16:57:04.313 E/ActivityManager(  374): Load: 3.1 / 3.26 / 2.49
05-19 16:57:04.313 E/ActivityManager(  374): CPU usage from 2823ms to -3982ms ago:
05-19 16:57:04.313 E/ActivityManager(  374):   85% 12519/com.pekall.emdm.launcher: 85% user + 0.1% kernel / faults: 206 minor
05-19 16:57:04.313 E/ActivityManager(  374):   85% 13190/com.pekall.emdm.launcher:remote: 84% user + 0.7% kernel / faults: 115 minor
05-19 16:57:04.313 E/ActivityManager(  374):   20% 374/system_server: 15% user + 4.4% kernel / faults: 380 minor
05-19 16:57:04.313 E/ActivityManager(  374):   0.6% 448/com.android.systemui: 0.5% user + 0.1% kernel / faults: 22 minor
05-19 16:57:04.313 E/ActivityManager(  374):   0.3% 1468/com.qihoo.daemon: 0.2% user + 0.1% kernel / faults: 790 minor
05-19 16:57:04.313 E/ActivityManager(  374):   1.6% 11857/com.google.android.apps.maps:GoogleLocationService: 1.1% user + 0.4% kernel / faults: 612 minor 11 major
05-19 16:57:04.313 E/ActivityManager(  374):   0.1% 568/com.android.nfc: 0% user + 0.1% kernel / faults: 27 minor
05-19 16:57:04.313 E/ActivityManager(  374):   0.4% 561/com.android.phone: 0.2% user + 0.1% kernel / faults: 22 minor
05-19 16:57:04.313 E/ActivityManager(  374):   0.2% 82/mmcqd/0: 0% user + 0.2% kernel
05-19 16:57:04.313 E/ActivityManager(  374):   0% 92/dhd_dpc: 0% user + 0% kernel
05-19 16:57:04.313 E/ActivityManager(  374):   0% 114/jbd2/mmcblk0p12: 0% user + 0% kernel
05-19 16:57:04.313 E/ActivityManager(  374):   0% 135/adbd: 0% user + 0% kernel
05-19 16:57:04.313 E/ActivityManager(  374):   0% 1615/logcat: 0% user + 0% kernel
05-19 16:57:04.313 E/ActivityManager(  374):   0% 1661/com.qihoo360.mobilesafe:GuardService: 0% user + 0% kernel
05-19 16:57:04.313 E/ActivityManager(  374):   0.1% 10758/com.qihoo.appstore: 0.1% user + 0% kernel
05-19 16:57:04.313 E/ActivityManager(  374):   0.1% 12819/com.nd.assistance.ServerService: 0.1% user + 0% kernel
05-19 16:57:04.313 E/ActivityManager(  374): 100% TOTAL: 95% user + 4.2% kernel
05-19 16:57:04.313 E/ActivityManager(  374): CPU usage from 2759ms to 3311ms later:
05-19 16:57:04.313 E/ActivityManager(  374):   86% 12519/com.pekall.emdm.launcher: 86% user + 0% kernel
05-19 16:57:04.313 E/ActivityManager(  374):     86% 12532/Thread-642: 86% user + 0% kernel
05-19 16:57:04.313 E/ActivityManager(  374):   75% 13190/com.pekall.emdm.launcher:remote: 75% user + 0% kernel
05-19 16:57:04.313 E/ActivityManager(  374):     77% 13203/Thread-675: 77% user + 0% kernel
05-19 16:57:04.313 E/ActivityManager(  374):   12% 374/system_server: 3.5% user + 8.9% kernel / faults: 1 minor
05-19 16:57:04.313 E/ActivityManager(  374):     8.9% 390/ActivityManager: 1.7% user + 7.1% kernel
05-19 16:57:04.313 E/ActivityManager(  374):     3.5% 374/system_server: 3.5% user + 0% kernel
05-19 16:57:04.313 E/ActivityManager(  374):   12% 1468/com.qihoo.daemon: 10% user + 1.7% kernel / faults: 561 minor
05-19 16:57:04.313 E/ActivityManager(  374):     5.2% 6854/pool-15-thread-: 3.5% user + 1.7% kernel
05-19 16:57:04.313 E/ActivityManager(  374):     3.5% 1471/GC: 3.5% user + 0% kernel
05-19 16:57:04.313 E/ActivityManager(  374):     1.7% 1485/PrefManager: 1.7% user + 0% kernel
05-19 16:57:04.313 E/ActivityManager(  374):   6.8% 11857/com.google.android.apps.maps:GoogleLocationService: 1.7% user + 5.1% kernel / faults: 201 minor 6 major
05-19 16:57:04.313 E/ActivityManager(  374):     3.4% 11873/Thread-607: 0% user + 3.4% kernel
05-19 16:57:04.313 E/ActivityManager(  374):     1.7% 11863/Compiler: 0% user + 1.7% kernel
05-19 16:57:04.313 E/ActivityManager(  374):   0.9% 82/mmcqd/0: 0% user + 0.9% kernel
05-19 16:57:04.313 E/ActivityManager(  374): 100% TOTAL: 90% user + 9.1% kernel
05-19 16:57:04.320 W/ActivityManager(  374): Killing ProcessRecord{426a7680 13190:com.pekall.emdm.launcher:remote/u0a10066}: background ANR
05-19 16:57:04.656 I/ActivityManager(  374): Process com.pekall.emdm.launcher:remote (pid 13190) has died.
05-19 16:57:04.656 W/ActivityManager(  374): Scheduling restart of crashed service com.pekall.emdm.launcher/com.baidu.location.f in 80000ms
05-19 16:57:04.836 W/MountService(  374): getVolumeState(/storage/emulated/0/external_sd): Unknown volume
05-19 16:57:04.836 W/MountService(  374): getVolumeState(/mnt/sdcard-ext): Unknown volume
05-19 16:57:04.844 W/MountService(  374): getVolumeState(/mnt/ext_sdcard): Unknown volume
05-19 16:57:04.844 W/MountService(  374): getVolumeState(/mnt/sdcard2): Unknown volume
05-19 16:57:04.844 W/MountService(  374): getVolumeState(/mnt/emmc): Unknown volume
05-19 16:57:04.844 W/MountService(  374): getVolumeState(/mnt/extSdCard): Unknown volume
05-19 16:57:04.844 W/MountService(  374): getVolumeState(/mnt/sdcard/SD_CARD): Unknown volume
05-19 16:57:04.844 W/MountService(  374): getVolumeState(/mnt/sdcard/extra_sd): Unknown volume
05-19 16:57:04.844 W/MountService(  374): getVolumeState(/mnt/extrasd_bind): Unknown volume
05-19 16:57:04.844 W/MountService(  374): getVolumeState(/mnt/sdcard/ext_sd): Unknown volume
05-19 16:57:04.852 W/MountService(  374): getVolumeState(/storage/extSdCard): Unknown volume
05-19 16:57:04.852 W/MountService(  374): getVolumeState(/storage/sdcard1): Unknown volume
05-19 16:57:04.852 W/MountService(  374): getVolumeState(/mnt/sdcard/external_SD): Unknown volume
05-19 16:57:04.852 W/MountService(  374): getVolumeState(/mnt/sdcard/external_sd): Unknown volume
05-19 16:57:05.172 W/ActivityThread(11857): ClassLoader.loadClass: The class loader returned by Thread.getContextClassLoader() may fail for processes that host multiple applications. You should explicitly specify a context class loader. For example: Thread.setContextClassLoader(getClass().getClassLoader());
05-19 16:57:24.180 I/PowerManagerService(  374): Waking up from sleep...
05-19 16:57:24.281 I/WindowManager(  374): Lock screen displayed!
05-19 16:57:25.234 D/PhoneStatusBar(  448): disable: < expand icons alerts ticker system_info BACK HOME recent* CLOCK search* >
05-19 16:57:25.297 D/PhoneStatusBar(  448): disable: < expand icons alerts ticker system_info back* home* recent clock* search >
05-19 16:57:26.070 W/InputMethodManagerService(  374): Window already focused, ignoring focus gain of: com.android.internal.view.IInputMethodClient$Stub$Proxy@429d5bf8 attribute=android.view.inputmethod.EditorInfo@42a611c0, token = android.os.BinderProxy@43210e48
05-19 16:57:26.586 I/ActivityManager(  374): START u0 {flg=0x10000000 cmp=com.pekall.emdm.launcher/.ui.BackPersonalActivity} from pid 12519
05-19 16:57:26.633 I/ActivityManager(  374): START u0 {act=android.intent.action.VIEW flg=0x10200000 cmp=com.android.launcher/com.android.launcher2.Launcher} from pid 12519
05-19 16:57:56.516 I/PowerManagerService(  374): Going to sleep due to screen timeout...
05-19 16:58:02.359 D/PhoneStatusBar(  448): disable: < expand icons alerts ticker system_info back home RECENT* clock SEARCH* >
05-19 16:58:02.430 D/PhoneStatusBar(  448): disable: < expand icons alerts ticker system_info BACK* HOME* RECENT CLOCK* SEARCH >
05-19 16:58:03.125 W/MountService(  374): getVolumeState(/storage/emulated/0/external_sd): Unknown volume
05-19 16:58:03.125 W/MountService(  374): getVolumeState(/mnt/sdcard-ext): Unknown volume
05-19 16:58:03.125 W/MountService(  374): getVolumeState(/mnt/ext_sdcard): Unknown volume
05-19 16:58:03.125 W/MountService(  374): getVolumeState(/mnt/sdcard2): Unknown volume
05-19 16:58:03.125 W/MountService(  374): getVolumeState(/mnt/emmc): Unknown volume
05-19 16:58:03.125 W/MountService(  374): getVolumeState(/mnt/extSdCard): Unknown volume
05-19 16:58:03.133 W/MountService(  374): getVolumeState(/mnt/sdcard/SD_CARD): Unknown volume
05-19 16:58:03.133 W/MountService(  374): getVolumeState(/mnt/sdcard/extra_sd): Unknown volume
05-19 16:58:03.133 W/MountService(  374): getVolumeState(/mnt/extrasd_bind): Unknown volume
05-19 16:58:03.133 W/MountService(  374): getVolumeState(/mnt/sdcard/ext_sd): Unknown volume
05-19 16:58:03.133 W/MountService(  374): getVolumeState(/storage/extSdCard): Unknown volume
05-19 16:58:03.133 W/MountService(  374): getVolumeState(/storage/sdcard1): Unknown volume
05-19 16:58:03.141 W/MountService(  374): getVolumeState(/mnt/sdcard/external_SD): Unknown volume
05-19 16:58:03.141 W/MountService(  374): getVolumeState(/mnt/sdcard/external_sd): Unknown volume
05-19 16:58:03.484 W/MountService(  374): getVolumeState(/storage/emulated/0/external_sd): Unknown volume
05-19 16:58:03.492 W/MountService(  374): getVolumeState(/mnt/sdcard-ext): Unknown volume
05-19 16:58:03.492 W/MountService(  374): getVolumeState(/mnt/ext_sdcard): Unknown volume
05-19 16:58:03.492 W/MountService(  374): getVolumeState(/mnt/sdcard2): Unknown volume
05-19 16:58:03.492 W/MountService(  374): getVolumeState(/mnt/emmc): Unknown volume
05-19 16:58:03.492 W/MountService(  374): getVolumeState(/mnt/extSdCard): Unknown volume
05-19 16:58:03.492 W/MountService(  374): getVolumeState(/mnt/sdcard/SD_CARD): Unknown volume
05-19 16:58:03.492 W/MountService(  374): getVolumeState(/mnt/sdcard/extra_sd): Unknown volume
05-19 16:58:03.500 W/MountService(  374): getVolumeState(/mnt/extrasd_bind): Unknown volume
05-19 16:58:03.500 W/MountService(  374): getVolumeState(/mnt/sdcard/ext_sd): Unknown volume
05-19 16:58:03.500 W/MountService(  374): getVolumeState(/storage/extSdCard): Unknown volume
05-19 16:58:03.508 W/MountService(  374): getVolumeState(/storage/sdcard1): Unknown volume
05-19 16:58:03.508 W/MountService(  374): getVolumeState(/mnt/sdcard/external_SD): Unknown volume
05-19 16:58:03.508 W/MountService(  374): getVolumeState(/mnt/sdcard/external_sd): Unknown volume
05-19 16:58:07.703 I/ActivityManager(  374): START u0 {flg=0x10008000 cmp=com.pekall.emdm.launcher/com.pekall.emdm.ui.SplashActivity} from pid 12519
05-19 16:58:07.719 W/ActivityManager(  374): Unable to start service Intent { act=com.pekall.mdm.action.SELECT_ERASE } U=0: not found
05-19 16:58:07.734 I/ActivityManager(  374): START u0 {flg=0x10000000 cmp=com.pekall.emdm.launcher/.ui.BackPersonalActivity} from pid 12519
05-19 16:58:08.219 W/ActivityManager(  374): Activity pause timeout for ActivityRecord{429a7748 u0 com.pekall.emdm.launcher/.Launcher}
05-19 16:58:08.445 I/ActivityManager(  374): START u0 {act=android.intent.action.VIEW flg=0x10200000 cmp=com.android.launcher/com.android.launcher2.Launcher} from pid 12519
05-19 16:58:09.524 W/ActivityManager(  374): Unable to start service Intent { cmp=com.pekall.emdm.launcher/com.pekall.semail.service.AttachmentDownloadService } U=0: not found
05-19 16:58:10.063 I/ActivityManager(  374): START u0 {cmp=com.pekall.emdm.launcher/com.pekall.emdm.ui.ActiveDeviceAdminActivity} from pid 12519
05-19 16:58:19.180 I/PowerManagerService(  374): Waking up from sleep...
05-19 16:58:19.344 I/WindowManager(  374): Lock screen displayed!
05-19 16:58:20.484 D/PhoneStatusBar(  448): disable: < expand icons alerts ticker system_info BACK HOME recent* CLOCK search* >
05-19 16:58:20.563 D/PhoneStatusBar(  448): disable: < expand icons alerts ticker system_info back* home* recent clock* search >
05-19 16:58:20.563 W/InputMethodManagerService(  374): Window already focused, ignoring focus gain of: com.android.internal.view.IInputMethodClient$Stub$Proxy@429d74b0 attribute=android.view.inputmethod.EditorInfo@42f58188, token = android.os.BinderProxy@42942f70
05-19 16:58:24.664 I/ActivityManager(  374): Start proc com.pekall.emdm.launcher:remote for service com.pekall.emdm.launcher/com.baidu.location.f: pid=13301 uid=10066 gids={50066, 1015, 3002, 3001, 3003, 1028}
05-19 16:58:25.102 D/ActivityThread(13301): Loading provider com.pekall.semail.provider;com.pekall.semail.notifier: com.pekall.semail.provider.EmailProvider
05-19 16:58:25.133 D/ActivityThread(13301): Loading provider com.pekall.semail.provider;com.pekall.semail.notifier: com.pekall.semail.provider.EmailProvider
05-19 16:58:27.367 W/ActivityManager(  374): Unable to start service Intent { cmp=com.pekall.emdm.launcher/com.pekall.semail.service.AttachmentDownloadService } U=0: not found
05-19 16:58:27.945 I/ActivityManager(  374): START u0 {act=android.intent.action.MAIN cat=[android.intent.category.LAUNCHER] flg=0x10200000 cmp=com.pekall.emdm.launcher/.Launcher} from pid 576
05-19 16:58:29.297 I/ActivityManager(  374): START u0 {cmp=com.pekall.emdm.launcher/com.pekall.emdm.ui.SplashActivity} from pid 12519
05-19 16:58:29.797 W/ActivityManager(  374): Activity pause timeout for ActivityRecord{4290c1e8 u0 com.pekall.emdm.launcher/.Launcher}
05-19 16:58:30.680 W/ActivityManager(  374): Unable to start service Intent { cmp=com.pekall.emdm.launcher/com.pekall.semail.service.AttachmentDownloadService } U=0: not found
05-19 16:58:32.125 I/ActivityManager(  374): START u0 {cmp=com.pekall.emdm.launcher/com.pekall.emdm.ui.ActiveDeviceAdminActivity} from pid 12519
05-19 16:58:32.297 W/ActivityManager(  374): Duplicate finish request for ActivityRecord{42291f08 u0 com.pekall.emdm.launcher/com.pekall.emdm.ui.SplashActivity}
05-19 16:58:32.797 W/ActivityManager(  374): Activity pause timeout for ActivityRecord{42291f08 u0 com.pekall.emdm.launcher/com.pekall.emdm.ui.SplashActivity}
05-19 16:58:32.930 I/ActivityManager(  374): START u0 {cmp=com.pekall.emdm.launcher/com.pekall.emdm.ui.RegDeviceActivity} from pid 12519
05-19 16:58:44.688 W/ActivityManager(  374): Timeout executing service: ServiceRecord{428c3d68 u0 com.pekall.emdm.launcher/com.baidu.location.f}
05-19 16:58:47.703 E/ActivityManager(  374): ANR in com.pekall.emdm.launcher:remote
05-19 16:58:47.703 E/ActivityManager(  374): Reason: Executing service com.pekall.emdm.launcher/com.baidu.location.f
05-19 16:58:47.703 E/ActivityManager(  374): Load: 2.29 / 2.86 / 2.42
05-19 16:58:47.703 E/ActivityManager(  374): CPU usage from 8485ms to 0ms ago:
05-19 16:58:47.703 E/ActivityManager(  374):   97% 12519/com.pekall.emdm.launcher: 97% user + 0% kernel
05-19 16:58:47.703 E/ActivityManager(  374):   96% 13301/com.pekall.emdm.launcher:remote: 96% user + 0% kernel
05-19 16:58:47.703 E/ActivityManager(  374):   2.4% 374/system_server: 1.1% user + 1.2% kernel / faults: 34 minor
05-19 16:58:47.703 E/ActivityManager(  374):   1.1% 1661/com.qihoo360.mobilesafe:GuardService: 0.8% user + 0.3% kernel / faults: 146 minor
05-19 16:58:47.703 E/ActivityManager(  374):   0.1% 561/com.android.phone: 0% user + 0% kernel / faults: 143 minor
05-19 16:58:47.703 E/ActivityManager(  374):   0.3% 10683/com.dragon.android.pandaspace: 0.2% user + 0.1% kernel / faults: 186 minor
05-19 16:58:47.703 E/ActivityManager(  374):   0% 82/mmcqd/0: 0% user + 0% kernel
05-19 16:58:47.703 E/ActivityManager(  374):   0.1% 124/surfaceflinger: 0% user + 0.1% kernel
05-19 16:58:47.703 E/ActivityManager(  374):   0.1% 135/adbd: 0% user + 0.1% kernel
05-19 16:58:47.703 E/ActivityManager(  374):   0% 442/wpa_supplicant: 0% user + 0% kernel / faults: 38 minor
05-19 16:58:47.703 E/ActivityManager(  374):   0.1% 10758/com.qihoo.appstore: 0% user + 0.1% kernel / faults: 1 minor
05-19 16:58:47.703 E/ActivityManager(  374):   0% 11857/com.google.android.apps.maps:GoogleLocationService: 0% user + 0% kernel / faults: 76 minor
05-19 16:58:47.703 E/ActivityManager(  374):   0.1% 12860/kworker/u:7: 0% user + 0.1% kernel
05-19 16:58:47.703 E/ActivityManager(  374): 100% TOTAL: 98% user + 1.1% kernel
05-19 16:58:47.703 E/ActivityManager(  374): CPU usage from 2172ms to 2696ms later:
05-19 16:58:47.703 E/ActivityManager(  374):   98% 13301/com.pekall.emdm.launcher:remote: 98% user + 0% kernel
05-19 16:58:47.703 E/ActivityManager(  374):     101% 13314/Thread-678: 101% user + 0% kernel
05-19 16:58:47.703 E/ActivityManager(  374):   94% 12519/com.pekall.emdm.launcher: 94% user + 0% kernel
05-19 16:58:47.703 E/ActivityManager(  374):     94% 12532/Thread-642: 94% user + 0% kernel
05-19 16:58:47.703 E/ActivityManager(  374):   5.7% 374/system_server: 3.8% user + 1.9% kernel / faults: 2 minor
05-19 16:58:47.703 E/ActivityManager(  374):     3.8% 390/ActivityManager: 3.8% user + 0% kernel
05-19 16:58:47.703 E/ActivityManager(  374):     1.9% 384/Binder_1: 1.9% user + 0% kernel
05-19 16:58:47.703 E/ActivityManager(  374):     1.9% 386/SensorService: 1.9% user + 0% kernel
05-19 16:58:47.703 E/ActivityManager(  374):     1.9% 388/UI: 0% user + 1.9% kernel
05-19 16:58:47.703 E/ActivityManager(  374):   1.4% 1661/com.qihoo360.mobilesafe:GuardService: 1.4% user + 0% kernel / faults: 4 minor
05-19 16:58:47.703 E/ActivityManager(  374):     1.4% 1661/fe:GuardService: 1.4% user + 0% kernel
05-19 16:58:47.703 E/ActivityManager(  374):     1.4% 4734/Binder_5: 0% user + 1.4% kernel
05-19 16:58:47.703 E/ActivityManager(  374): 99% TOTAL: 98% user + 0.9% kernel
05-19 16:58:47.711 W/ActivityManager(  374): Killing ProcessRecord{42968110 13301:com.pekall.emdm.launcher:remote/u0a10066}: background ANR
05-19 16:58:47.734 I/ActivityManager(  374): Process com.pekall.emdm.launcher:remote (pid 13301) has died.
05-19 16:58:47.734 W/ActivityManager(  374): Scheduling restart of crashed service com.pekall.emdm.launcher/com.baidu.location.f in 320000ms
05-19 16:58:57.820 I/PowerManagerService(  374): Going to sleep due to screen timeout...
05-19 16:59:02.883 I/PowerManagerService(  374): Waking up from sleep...
05-19 16:59:02.883 I/WindowManager(  374): No lock screen!
05-19 16:59:03.305 W/MountService(  374): getVolumeState(/storage/emulated/0/external_sd): Unknown volume
05-19 16:59:03.305 W/MountService(  374): getVolumeState(/mnt/sdcard-ext): Unknown volume
05-19 16:59:03.305 W/MountService(  374): getVolumeState(/mnt/ext_sdcard): Unknown volume
05-19 16:59:03.305 W/MountService(  374): getVolumeState(/mnt/sdcard2): Unknown volume
05-19 16:59:03.305 W/MountService(  374): getVolumeState(/mnt/emmc): Unknown volume
05-19 16:59:03.305 W/MountService(  374): getVolumeState(/mnt/extSdCard): Unknown volume
05-19 16:59:03.305 W/MountService(  374): getVolumeState(/mnt/sdcard/SD_CARD): Unknown volume
05-19 16:59:03.313 W/MountService(  374): getVolumeState(/mnt/sdcard/extra_sd): Unknown volume
05-19 16:59:03.313 W/MountService(  374): getVolumeState(/mnt/extrasd_bind): Unknown volume
05-19 16:59:03.313 W/MountService(  374): getVolumeState(/mnt/sdcard/ext_sd): Unknown volume
05-19 16:59:03.313 W/MountService(  374): getVolumeState(/storage/extSdCard): Unknown volume
05-19 16:59:03.313 W/MountService(  374): getVolumeState(/storage/sdcard1): Unknown volume
05-19 16:59:03.313 W/MountService(  374): getVolumeState(/mnt/sdcard/external_SD): Unknown volume
05-19 16:59:03.313 W/MountService(  374): getVolumeState(/mnt/sdcard/external_sd): Unknown volume
05-19 16:59:03.680 W/MountService(  374): getVolumeState(/storage/emulated/0/external_sd): Unknown volume
05-19 16:59:03.680 W/MountService(  374): getVolumeState(/mnt/sdcard-ext): Unknown volume
05-19 16:59:03.680 W/MountService(  374): getVolumeState(/mnt/ext_sdcard): Unknown volume
05-19 16:59:03.680 W/MountService(  374): getVolumeState(/mnt/sdcard2): Unknown volume
05-19 16:59:03.680 W/MountService(  374): getVolumeState(/mnt/emmc): Unknown volume
05-19 16:59:03.688 W/MountService(  374): getVolumeState(/mnt/extSdCard): Unknown volume
05-19 16:59:03.688 W/MountService(  374): getVolumeState(/mnt/sdcard/SD_CARD): Unknown volume
05-19 16:59:03.688 W/MountService(  374): getVolumeState(/mnt/sdcard/extra_sd): Unknown volume
05-19 16:59:03.695 W/MountService(  374): getVolumeState(/mnt/extrasd_bind): Unknown volume
05-19 16:59:03.695 W/MountService(  374): getVolumeState(/mnt/sdcard/ext_sd): Unknown volume
05-19 16:59:03.703 W/MountService(  374): getVolumeState(/storage/extSdCard): Unknown volume
05-19 16:59:03.711 W/MountService(  374): getVolumeState(/storage/sdcard1): Unknown volume
05-19 16:59:03.719 W/MountService(  374): getVolumeState(/mnt/sdcard/external_SD): Unknown volume
05-19 16:59:03.719 W/MountService(  374): getVolumeState(/mnt/sdcard/external_sd): Unknown volume
05-19 16:59:32.883 I/PowerManagerService(  374): Going to sleep due to screen timeout...
05-19 16:59:38.563 D/PhoneStatusBar(  448): disable: < expand icons alerts ticker system_info back home RECENT* clock SEARCH* >
05-19 16:59:38.641 D/PhoneStatusBar(  448): disable: < expand icons alerts ticker system_info BACK* HOME* RECENT CLOCK* SEARCH >
05-19 17:00:03.399 W/MountService(  374): getVolumeState(/storage/emulated/0/external_sd): Unknown volume
05-19 17:00:03.399 W/MountService(  374): getVolumeState(/mnt/sdcard-ext): Unknown volume
05-19 17:00:03.399 W/MountService(  374): getVolumeState(/mnt/ext_sdcard): Unknown volume
05-19 17:00:03.399 W/MountService(  374): getVolumeState(/mnt/sdcard2): Unknown volume
05-19 17:00:03.399 W/MountService(  374): getVolumeState(/mnt/emmc): Unknown volume
05-19 17:00:03.399 W/MountService(  374): getVolumeState(/mnt/extSdCard): Unknown volume
05-19 17:00:03.406 W/MountService(  374): getVolumeState(/mnt/sdcard/SD_CARD): Unknown volume
05-19 17:00:03.406 W/MountService(  374): getVolumeState(/mnt/sdcard/extra_sd): Unknown volume
05-19 17:00:03.406 W/MountService(  374): getVolumeState(/mnt/extrasd_bind): Unknown volume
05-19 17:00:03.414 W/MountService(  374): getVolumeState(/mnt/sdcard/ext_sd): Unknown volume
05-19 17:00:03.414 W/MountService(  374): getVolumeState(/storage/extSdCard): Unknown volume
05-19 17:00:03.414 W/MountService(  374): getVolumeState(/storage/sdcard1): Unknown volume
05-19 17:00:03.422 W/MountService(  374): getVolumeState(/mnt/sdcard/external_SD): Unknown volume
05-19 17:00:03.438 W/MountService(  374): getVolumeState(/mnt/sdcard/external_sd): Unknown volume
05-19 17:00:03.813 W/MountService(  374): getVolumeState(/storage/emulated/0/external_sd): Unknown volume
05-19 17:00:03.813 W/MountService(  374): getVolumeState(/mnt/sdcard-ext): Unknown volume
05-19 17:00:03.813 W/MountService(  374): getVolumeState(/mnt/ext_sdcard): Unknown volume
05-19 17:00:03.813 W/MountService(  374): getVolumeState(/mnt/sdcard2): Unknown volume
05-19 17:00:03.820 W/MountService(  374): getVolumeState(/mnt/emmc): Unknown volume
05-19 17:00:03.820 W/MountService(  374): getVolumeState(/mnt/extSdCard): Unknown volume
05-19 17:00:03.820 W/MountService(  374): getVolumeState(/mnt/sdcard/SD_CARD): Unknown volume
05-19 17:00:03.820 W/MountService(  374): getVolumeState(/mnt/sdcard/extra_sd): Unknown volume
05-19 17:00:03.820 W/MountService(  374): getVolumeState(/mnt/extrasd_bind): Unknown volume
05-19 17:00:03.820 W/MountService(  374): getVolumeState(/mnt/sdcard/ext_sd): Unknown volume
05-19 17:00:03.828 W/MountService(  374): getVolumeState(/storage/extSdCard): Unknown volume
05-19 17:00:03.828 W/MountService(  374): getVolumeState(/storage/sdcard1): Unknown volume
05-19 17:00:03.828 W/MountService(  374): getVolumeState(/mnt/sdcard/external_SD): Unknown volume
05-19 17:00:03.828 W/MountService(  374): getVolumeState(/mnt/sdcard/external_sd): Unknown volume
05-19 17:00:14.906 I/PowerManagerService(  374): Waking up from sleep...
05-19 17:00:15.031 I/WindowManager(  374): Lock screen displayed!
05-19 17:00:16.250 D/PhoneStatusBar(  448): disable: < expand icons alerts ticker system_info BACK HOME recent* CLOCK search* >
05-19 17:00:16.328 D/PhoneStatusBar(  448): disable: < expand icons alerts ticker system_info back* home* recent clock* search >
05-19 17:00:16.336 W/InputMethodManagerService(  374): Window already focused, ignoring focus gain of: com.android.internal.view.IInputMethodClient$Stub$Proxy@4289dd88 attribute=android.view.inputmethod.EditorInfo@427e0c60, token = android.os.BinderProxy@427d1c70
05-19 17:00:29.117 I/ActivityManager(  374): START u0 {flg=0x8000 cmp=com.pekall.emdm.launcher/.Launcher} from pid 12519
05-19 17:00:30.844 W/ActivityManager(  374): Unable to start service Intent { cmp=com.pekall.emdm.launcher/com.pekall.semail.service.AttachmentDownloadService } U=0: not found
05-19 17:00:31.438 W/ActivityManager(  374): Unable to start service Intent { act=pekall.intent.action.DOWNLOAD_APP (has extras) } U=0: not found
05-19 17:00:32.547 I/ActivityManager(  374): START u0 {act=android.intent.action.MAIN cat=[android.intent.category.HOME] flg=0x10200000 cmp=com.pekall.emdm.launcher/.Launcher} from pid 374
05-19 17:00:38.563 V/PanelView(  448): animationTick called with dtms=0; nothing to do (h=0.0 v=4000.0)
05-19 17:00:43.250 I/ActivityManager(  374): Start proc com.pekall.emdm.launcher:remote for service com.pekall.emdm.launcher/com.baidu.location.f: pid=13457 uid=10066 gids={50066, 1015, 3002, 3001, 3003, 1028}
05-19 17:00:43.617 D/ActivityThread(13457): Loading provider com.pekall.semail.provider;com.pekall.semail.notifier: com.pekall.semail.provider.EmailProvider
05-19 17:00:44.297 D/ActivityThread(13457): Loading provider com.pekall.semail.provider;com.pekall.semail.notifier: com.pekall.semail.provider.EmailProvider
05-19 17:00:48.219 W/ActivityManager(  374): Unable to start service Intent { cmp=com.pekall.emdm.launcher/com.pekall.semail.service.AttachmentDownloadService } U=0: not found
05-19 17:01:02.547 I/PowerManagerService(  374): Going to sleep due to screen timeout...
05-19 17:01:03.274 W/ActivityManager(  374): Timeout executing service: ServiceRecord{428c3d68 u0 com.pekall.emdm.launcher/com.baidu.location.f}
05-19 17:01:09.484 W/MountService(  374): getVolumeState(/storage/emulated/0/external_sd): Unknown volume
05-19 17:01:09.492 W/MountService(  374): getVolumeState(/mnt/sdcard-ext): Unknown volume
05-19 17:01:09.508 W/MountService(  374): getVolumeState(/mnt/ext_sdcard): Unknown volume
05-19 17:01:09.508 W/MountService(  374): getVolumeState(/mnt/sdcard2): Unknown volume
05-19 17:01:09.524 W/MountService(  374): getVolumeState(/mnt/emmc): Unknown volume
05-19 17:01:09.524 W/MountService(  374): getVolumeState(/mnt/extSdCard): Unknown volume
05-19 17:01:09.524 W/MountService(  374): getVolumeState(/mnt/sdcard/SD_CARD): Unknown volume
05-19 17:01:09.539 W/MountService(  374): getVolumeState(/mnt/sdcard/extra_sd): Unknown volume
05-19 17:01:09.570 W/MountService(  374): getVolumeState(/mnt/extrasd_bind): Unknown volume
05-19 17:01:09.570 W/MountService(  374): getVolumeState(/mnt/sdcard/ext_sd): Unknown volume
05-19 17:01:09.602 W/MountService(  374): getVolumeState(/storage/extSdCard): Unknown volume
05-19 17:01:09.617 W/MountService(  374): getVolumeState(/storage/sdcard1): Unknown volume
05-19 17:01:09.633 W/MountService(  374): getVolumeState(/mnt/sdcard/external_SD): Unknown volume
05-19 17:01:09.649 W/MountService(  374): getVolumeState(/mnt/sdcard/external_sd): Unknown volume
05-19 17:01:12.508 E/ActivityManager(  374): ANR in com.pekall.emdm.launcher:remote
05-19 17:01:12.508 E/ActivityManager(  374): Reason: Executing service com.pekall.emdm.launcher/com.baidu.location.f
05-19 17:01:12.508 E/ActivityManager(  374): Load: 2.91 / 2.82 / 2.46
05-19 17:01:12.508 E/ActivityManager(  374): CPU usage from 0ms to 9204ms later:
05-19 17:01:12.508 E/ActivityManager(  374):   87% 12519/com.pekall.emdm.launcher: 87% user + 0.4% kernel / faults: 280 minor
05-19 17:01:12.508 E/ActivityManager(  374):   84% 13457/com.pekall.emdm.launcher:remote: 84% user + 0.2% kernel / faults: 113 minor
05-19 17:01:12.508 E/ActivityManager(  374):   18% 374/system_server: 13% user + 4.7% kernel / faults: 818 minor 2 major
05-19 17:01:12.508 E/ActivityManager(  374):   2.8% 1468/com.qihoo.daemon: 1.9% user + 0.8% kernel / faults: 916 minor
05-19 17:01:12.508 E/ActivityManager(  374):   2% 448/com.android.systemui: 1.6% user + 0.4% kernel / faults: 76 minor
05-19 17:01:12.508 E/ActivityManager(  374):   1.6% 1661/com.qihoo360.mobilesafe:GuardService: 1.1% user + 0.4% kernel / faults: 104 minor
05-19 17:01:12.508 E/ActivityManager(  374):   0.5% 10758/com.qihoo.appstore: 0.3% user + 0.2% kernel / faults: 133 minor
05-19 17:01:12.508 E/ActivityManager(  374):   0.4% 561/com.android.phone: 0.2% user + 0.2% kernel / faults: 89 minor
05-19 17:01:12.508 E/ActivityManager(  374):   0% 568/com.android.nfc: 0% user + 0% kernel / faults: 127 minor
05-19 17:01:12.508 E/ActivityManager(  374):   0.3% 10683/com.dragon.android.pandaspace: 0.3% user + 0% kernel / faults: 3 minor
05-19 17:01:12.508 E/ActivityManager(  374):   0.3% 12819/com.nd.assistance.ServerService: 0.2% user + 0.1% kernel / faults: 95 minor
05-19 17:01:12.508 E/ActivityManager(  374):   0.2% 124/surfaceflinger: 0.1% user + 0.1% kernel / faults: 201 minor
05-19 17:01:12.508 E/ActivityManager(  374):   0.1% 82/mmcqd/0: 0% user + 0.1% kernel
05-19 17:01:12.508 E/ActivityManager(  374):   0% 603/com.google.process.gapps: 0% user + 0% kernel / faults: 89 minor
05-19 17:01:12.508 E/ActivityManager(  374):   0% 10785/com.tencent.android.qqdownloader: 0% user + 0% kernel / faults: 76 minor
05-19 17:01:12.508 E/ActivityManager(  374):   0% 11049/kworker/1:2: 0% user + 0% kernel
05-19 17:01:12.508 E/ActivityManager(  374):   0% 11911/android.process.acore: 0% user + 0% kernel / faults: 107 minor
05-19 17:01:12.508 E/ActivityManager(  374): 99% TOTAL: 96% user + 3.7% kernel
05-19 17:01:12.508 E/ActivityManager(  374): CPU usage from 7926ms to 8511ms later:
05-19 17:01:12.508 E/ActivityManager(  374):   91% 12519/com.pekall.emdm.launcher: 91% user + 0% kernel
05-19 17:01:12.508 E/ActivityManager(  374):     92% 12532/Thread-642: 92% user + 0% kernel
05-19 17:01:12.508 E/ActivityManager(  374):   86% 13457/com.pekall.emdm.launcher:remote: 86% user + 0% kernel
05-19 17:01:12.508 E/ActivityManager(  374):     87% 13470/Thread-681: 87% user + 0% kernel
05-19 17:01:12.508 E/ActivityManager(  374):   13% 374/system_server: 5.1% user + 8.6% kernel / faults: 5 minor
05-19 17:01:12.508 E/ActivityManager(  374):     10% 390/ActivityManager: 1.7% user + 8.6% kernel
05-19 17:01:12.508 E/ActivityManager(  374):     3.4% 595/Binder_5: 3.4% user + 0% kernel
05-19 17:01:12.508 E/ActivityManager(  374):     1.7% 380/Compiler: 1.7% user + 0% kernel
05-19 17:01:12.508 E/ActivityManager(  374):     1.7% 386/SensorService: 0% user + 1.7% kernel
05-19 17:01:12.508 E/ActivityManager(  374):   3.4% 1468/com.qihoo.daemon: 1.7% user + 1.7% kernel / faults: 298 minor
05-19 17:01:12.508 E/ActivityManager(  374):     1.7% 1471/GC: 1.7% user + 0% kernel
05-19 17:01:12.508 E/ActivityManager(  374):     1.7% 6850/pool-15-thread-: 1.7% user + 0% kernel
05-19 17:01:12.508 E/ActivityManager(  374):   1.7% 1661/com.qihoo360.mobilesafe:GuardService: 0% user + 1.7% kernel / faults: 2 minor
05-19 17:01:12.508 E/ActivityManager(  374):     0.8% 1661/fe:GuardService: 0% user + 0.8% kernel
05-19 17:01:12.508 E/ActivityManager(  374):     0.8% 1671/Binder_1: 0.8% user + 0% kernel
05-19 17:01:12.508 E/ActivityManager(  374):     0.8% 3773/Binder_3: 0.8% user + 0% kernel
05-19 17:01:12.508 E/ActivityManager(  374):   0.9% 10758/com.qihoo.appstore: 0% user + 0.9% kernel
05-19 17:01:12.508 E/ActivityManager(  374):     0.9% 10779/Thread-563: 0% user + 0.9% kernel
05-19 17:01:12.508 E/ActivityManager(  374):   0.9% 12819/com.nd.assistance.ServerService: 0.9% user + 0% kernel
05-19 17:01:12.508 E/ActivityManager(  374): 100% TOTAL: 94% user + 5.1% kernel
05-19 17:01:12.516 W/ActivityManager(  374): Killing ProcessRecord{42a44828 13457:com.pekall.emdm.launcher:remote/u0a10066}: background ANR
05-19 17:01:12.516 W/ActivityManager(  374): Sleep timeout!  Sleeping now.
05-19 17:01:12.649 I/ActivityManager(  374): Process com.pekall.emdm.launcher:remote (pid 13457) has died.
05-19 17:01:12.664 W/ActivityManager(  374): Scheduling restart of crashed service com.pekall.emdm.launcher/com.baidu.location.f in 5000ms
05-19 17:01:12.766 W/InputMethodManagerService(  374): Window already focused, ignoring focus gain of: com.android.internal.view.IInputMethodClient$Stub$Proxy@422c8a48 attribute=android.view.inputmethod.EditorInfo@427e6c60, token = android.os.BinderProxy@42987850
05-19 17:01:13.063 D/PhoneStatusBar(  448): disable: < expand icons alerts ticker system_info back home RECENT* clock SEARCH* >
05-19 17:01:13.109 W/BroadcastQueue(  374): Failure sending broadcast Intent { act=android.intent.action.SCREEN_OFF flg=0x50000010 }
05-19 17:01:13.109 W/BroadcastQueue(  374): android.os.DeadObjectException
05-19 17:01:13.109 W/BroadcastQueue(  374): 	at android.os.BinderProxy.transact(Native Method)
05-19 17:01:13.109 W/BroadcastQueue(  374): 	at android.content.IIntentReceiver$Stub$Proxy.performReceive(IIntentReceiver.java:124)
05-19 17:01:13.109 W/BroadcastQueue(  374): 	at com.android.server.am.BroadcastQueue.performReceiveLocked(BroadcastQueue.java:376)
05-19 17:01:13.109 W/BroadcastQueue(  374): 	at com.android.server.am.BroadcastQueue.deliverToRegisteredReceiverLocked(BroadcastQueue.java:449)
05-19 17:01:13.109 W/BroadcastQueue(  374): 	at com.android.server.am.BroadcastQueue.processNextBroadcast(BroadcastQueue.java:656)
05-19 17:01:13.109 W/BroadcastQueue(  374): 	at com.android.server.am.ActivityManagerService.finishReceiver(ActivityManagerService.java:12390)
05-19 17:01:13.109 W/BroadcastQueue(  374): 	at android.app.ActivityManagerNative.onTransact(ActivityManagerNative.java:379)
05-19 17:01:13.109 W/BroadcastQueue(  374): 	at com.android.server.am.ActivityManagerService.onTransact(ActivityManagerService.java:1737)
05-19 17:01:13.109 W/BroadcastQueue(  374): 	at android.os.Binder.execTransact(Binder.java:388)
05-19 17:01:13.109 W/BroadcastQueue(  374): 	at dalvik.system.NativeStart.run(Native Method)
05-19 17:01:13.149 D/PhoneStatusBar(  448): disable: < expand icons alerts ticker system_info BACK* HOME* RECENT CLOCK* SEARCH >
05-19 17:01:13.289 W/MountService(  374): getVolumeState(/storage/emulated/0/external_sd): Unknown volume
05-19 17:01:13.289 W/MountService(  374): getVolumeState(/mnt/sdcard-ext): Unknown volume
05-19 17:01:13.289 W/MountService(  374): getVolumeState(/mnt/ext_sdcard): Unknown volume
05-19 17:01:13.289 W/MountService(  374): getVolumeState(/mnt/sdcard2): Unknown volume
05-19 17:01:13.289 W/MountService(  374): getVolumeState(/mnt/emmc): Unknown volume
05-19 17:01:13.289 W/MountService(  374): getVolumeState(/mnt/extSdCard): Unknown volume
05-19 17:01:13.289 W/MountService(  374): getVolumeState(/mnt/sdcard/SD_CARD): Unknown volume
05-19 17:01:13.289 W/MountService(  374): getVolumeState(/mnt/sdcard/extra_sd): Unknown volume
05-19 17:01:13.289 W/MountService(  374): getVolumeState(/mnt/extrasd_bind): Unknown volume
05-19 17:01:13.297 W/MountService(  374): getVolumeState(/mnt/sdcard/ext_sd): Unknown volume
05-19 17:01:13.297 W/MountService(  374): getVolumeState(/storage/extSdCard): Unknown volume
05-19 17:01:13.297 W/MountService(  374): getVolumeState(/storage/sdcard1): Unknown volume
05-19 17:01:13.297 W/MountService(  374): getVolumeState(/mnt/sdcard/external_SD): Unknown volume
05-19 17:01:13.297 W/MountService(  374): getVolumeState(/mnt/sdcard/external_sd): Unknown volume
05-19 17:01:17.672 I/ActivityManager(  374): Start proc com.pekall.emdm.launcher:remote for service com.pekall.emdm.launcher/com.baidu.location.f: pid=13498 uid=10066 gids={50066, 1015, 3002, 3001, 3003, 1028}
05-19 17:01:17.961 D/ActivityThread(13498): Loading provider com.pekall.semail.provider;com.pekall.semail.notifier: com.pekall.semail.provider.EmailProvider
05-19 17:01:17.984 D/ActivityThread(13498): Loading provider com.pekall.semail.provider;com.pekall.semail.notifier: com.pekall.semail.provider.EmailProvider
05-19 17:01:21.969 W/ActivityManager(  374): Unable to start service Intent { cmp=com.pekall.emdm.launcher/com.pekall.semail.service.AttachmentDownloadService } U=0: not found
05-19 17:01:37.727 W/ActivityManager(  374): Timeout executing service: ServiceRecord{428c3d68 u0 com.pekall.emdm.launcher/com.baidu.location.f}
05-19 17:01:43.992 E/ActivityManager(  374): ANR in com.pekall.emdm.launcher:remote
05-19 17:01:43.992 E/ActivityManager(  374): Reason: Executing service com.pekall.emdm.launcher/com.baidu.location.f
05-19 17:01:43.992 E/ActivityManager(  374): Load: 2.81 / 2.81 / 2.47
05-19 17:01:43.992 E/ActivityManager(  374): CPU usage from 0ms to 6227ms later:
05-19 17:01:43.992 E/ActivityManager(  374):   87% 13498/com.pekall.emdm.launcher:remote: 86% user + 0.4% kernel / faults: 113 minor
05-19 17:01:43.992 E/ActivityManager(  374):   86% 12519/com.pekall.emdm.launcher: 86% user + 0% kernel
05-19 17:01:43.992 E/ActivityManager(  374):   21% 374/system_server: 16% user + 4.5% kernel / faults: 382 minor
05-19 17:01:43.992 E/ActivityManager(  374):   0.5% 448/com.android.systemui: 0.4% user + 0.1% kernel / faults: 23 minor
05-19 17:01:43.992 E/ActivityManager(  374):   0.6% 561/com.android.phone: 0.3% user + 0.3% kernel / faults: 33 minor
05-19 17:01:43.992 E/ActivityManager(  374):   0.1% 568/com.android.nfc: 0% user + 0% kernel / faults: 61 minor
05-19 17:01:43.992 E/ActivityManager(  374):   0.1% 135/adbd: 0% user + 0.1% kernel
05-19 17:01:43.992 E/ActivityManager(  374):   0.1% 10758/com.qihoo.appstore: 0.1% user + 0% kernel / faults: 1 minor
05-19 17:01:43.992 E/ActivityManager(  374):   0.1% 12819/com.nd.assistance.ServerService: 0.1% user + 0% kernel / faults: 6 minor
05-19 17:01:43.992 E/ActivityManager(  374): 100% TOTAL: 96% user + 3.2% kernel
05-19 17:01:43.992 E/ActivityManager(  374): CPU usage from 5436ms to 5976ms later:
05-19 17:01:43.992 E/ActivityManager(  374):   98% 13498/com.pekall.emdm.launcher:remote: 98% user + 0% kernel
05-19 17:01:43.992 E/ActivityManager(  374):     101% 13511/Thread-684: 101% user + 0% kernel
05-19 17:01:43.992 E/ActivityManager(  374):   94% 12519/com.pekall.emdm.launcher: 94% user + 0% kernel
05-19 17:01:43.992 E/ActivityManager(  374):     94% 12532/Thread-642: 94% user + 0% kernel
05-19 17:01:43.992 E/ActivityManager(  374):   7.4% 374/system_server: 0% user + 7.4% kernel / faults: 2 minor
05-19 17:01:43.992 E/ActivityManager(  374):     5.5% 390/ActivityManager: 0% user + 5.5% kernel
05-19 17:01:43.992 E/ActivityManager(  374): 100% TOTAL: 97% user + 2.7% kernel
05-19 17:01:44.000 W/ActivityManager(  374): Killing ProcessRecord{422daf30 13498:com.pekall.emdm.launcher:remote/u0a10066}: background ANR
05-19 17:01:44.125 I/ActivityManager(  374): Process com.pekall.emdm.launcher:remote (pid 13498) has died.
05-19 17:01:44.375 W/ActivityManager(  374): Scheduling restart of crashed service com.pekall.emdm.launcher/com.baidu.location.f in 20000ms
05-19 17:02:03.531 W/MountService(  374): getVolumeState(/storage/emulated/0/external_sd): Unknown volume
05-19 17:02:03.531 W/MountService(  374): getVolumeState(/mnt/sdcard-ext): Unknown volume
05-19 17:02:03.531 W/MountService(  374): getVolumeState(/mnt/ext_sdcard): Unknown volume
05-19 17:02:03.539 W/MountService(  374): getVolumeState(/mnt/sdcard2): Unknown volume
05-19 17:02:03.539 W/MountService(  374): getVolumeState(/mnt/emmc): Unknown volume
05-19 17:02:03.539 W/MountService(  374): getVolumeState(/mnt/extSdCard): Unknown volume
05-19 17:02:03.539 W/MountService(  374): getVolumeState(/mnt/sdcard/SD_CARD): Unknown volume
05-19 17:02:03.539 W/MountService(  374): getVolumeState(/mnt/sdcard/extra_sd): Unknown volume
05-19 17:02:03.539 W/MountService(  374): getVolumeState(/mnt/extrasd_bind): Unknown volume
05-19 17:02:03.539 W/MountService(  374): getVolumeState(/mnt/sdcard/ext_sd): Unknown volume
05-19 17:02:03.539 W/MountService(  374): getVolumeState(/storage/extSdCard): Unknown volume
05-19 17:02:03.539 W/MountService(  374): getVolumeState(/storage/sdcard1): Unknown volume
05-19 17:02:03.539 W/MountService(  374): getVolumeState(/mnt/sdcard/external_SD): Unknown volume
05-19 17:02:03.555 W/MountService(  374): getVolumeState(/mnt/sdcard/external_sd): Unknown volume
05-19 17:02:03.906 W/MountService(  374): getVolumeState(/storage/emulated/0/external_sd): Unknown volume
05-19 17:02:03.906 W/MountService(  374): getVolumeState(/mnt/sdcard-ext): Unknown volume
05-19 17:02:03.906 W/MountService(  374): getVolumeState(/mnt/ext_sdcard): Unknown volume
05-19 17:02:03.906 W/MountService(  374): getVolumeState(/mnt/sdcard2): Unknown volume
05-19 17:02:03.906 W/MountService(  374): getVolumeState(/mnt/emmc): Unknown volume
05-19 17:02:03.906 W/MountService(  374): getVolumeState(/mnt/extSdCard): Unknown volume
05-19 17:02:03.906 W/MountService(  374): getVolumeState(/mnt/sdcard/SD_CARD): Unknown volume
05-19 17:02:03.906 W/MountService(  374): getVolumeState(/mnt/sdcard/extra_sd): Unknown volume
05-19 17:02:03.906 W/MountService(  374): getVolumeState(/mnt/extrasd_bind): Unknown volume
