05-19 17:45:55.906 D/NetworkThread(12519): 		<key>BuildVersion</key>
05-19 17:45:55.906 D/NetworkThread(12519): 		<string>REL</string>
05-19 17:45:55.906 D/NetworkThread(12519): 		<key>CanDisableSystemFunction</key>
05-19 17:45:55.906 D/NetworkThread(12519): 		<false/>
05-19 17:45:55.906 D/NetworkThread(12519): 		<key>CellularTechnology</key>
05-19 17:45:55.906 D/NetworkThread(12519): 		<integer>3</integer>
05-19 17:45:55.906 D/NetworkThread(12519): 		<key>CurrentCarrierNetwork</key>
05-19 17:45:55.906 D/NetworkThread(12519): 		<string></string>
05-19 17:45:55.906 D/NetworkThread(12519): 		<key>CurrentMCC</key>
05-19 17:45:55.906 D/NetworkThread(12519): 		<string>cn</string>
05-19 17:45:55.906 D/NetworkThread(12519): 		<key>CurrentMNC</key>
05-19 17:45:55.906 D/NetworkThread(12519): 		<string>46001</string>
05-19 17:45:55.906 D/NetworkThread(12519): 		<key>DataRoamingEnabled</key>
05-19 17:45:55.906 D/NetworkThread(12519): 		<false/>
05-19 17:45:55.906 D/NetworkThread(12519): 		<key>DeviceCapacity</key>
05-19 17:45:55.906 D/NetworkThread(12519): 		<real>1.3975888E7</real>
05-19 17:45:55.906 D/NetworkThread(12519): 		<key>HasSamsungSafeAPI</key>
05-19 17:45:55.906 D/NetworkThread(12519): 		<false/>
05-19 17:45:55.906 D/NetworkThread(12519): 		<key>ICCID</key>
05-19 17:45:55.906 D/NetworkThread(12519): 		<string></string>
05-19 17:45:55.906 D/NetworkThread(12519): 		<key>IMEI</key>
05-19 17:45:55.906 D/NetworkThread(12519): 		<string>351554059027897</string>
05-19 17:45:55.906 D/NetworkThread(12519): 		<key>IsRoaming</key>
05-19 17:45:55.906 D/NetworkThread(12519): 		<false/>
05-19 17:45:55.906 D/NetworkThread(12519): 		<key>Model</key>
05-19 17:45:55.906 D/NetworkThread(12519): 		<string>Galaxy Nexus</string>
05-19 17:45:55.906 D/NetworkThread(12519): 		<key>OSVersion</key>
05-19 17:45:55.906 D/NetworkThread(12519): 		<string>4.3</string>
05-19 17:45:55.906 D/NetworkThread(12519): 		<key>PhoneNumber</key>
05-19 17:45:55.906 D/NetworkThread(12519): 		<string>0</string>
05-19 17:45:55.906 D/NetworkThread(12519): 		<key>ProductName</key>
05-19 17:45:55.906 D/NetworkThread(12519): 		<string>yakju</string>
05-19 17:45:55.906 D/NetworkThread(12519): 		<key>SIMCarrierNetwork</key>
05-19 17:45:55.906 D/NetworkThread(12519): 		<string></string>
05-19 17:45:55.906 D/NetworkThread(12519): 		<key>SerialNumber</key>
05-19 17:45:55.906 D/NetworkThread(12519): 		<string>014E0FFF06015018</string>
05-19 17:45:55.906 D/NetworkThread(12519): 		<key>UDID</key>
05-19 17:45:55.906 D/NetworkThread(12519): 		<string>00013fbc8ecec5b90000014613abe64a</string>
05-19 17:45:55.906 D/NetworkThread(12519): 		<key>WiFiMAC</key>
05-19 17:45:55.906 D/NetworkThread(12519): 		<string>20:64:32:7a:19:48</string>
05-19 17:45:55.906 D/NetworkThread(12519): 	</dict>
05-19 17:45:55.906 D/NetworkThread(12519): 	<key>CommandUUID</key>
05-19 17:45:55.906 D/NetworkThread(12519): 	<string>49274ea1-776e-478b-a1f7-e306ef28e44d</string>
05-19 17:45:55.906 D/NetworkThread(12519): 	<key>Status</key>
05-19 17:45:55.906 D/NetworkThread(12519): 	<string>Acknowledged</string>
05-19 17:45:55.906 D/NetworkThread(12519): 	<key>UDID</key>
05-19 17:45:55.906 D/NetworkThread(12519): 	<string>00013fbc8ecec5b90000014613abe64a</string>
05-19 17:45:55.906 D/NetworkThread(12519): </dict>
05-19 17:45:55.906 D/NetworkThread(12519): </plist>], 
05-19 17:45:55.906 D/HttpClient(12519): enable apache.http debug
05-19 17:45:55.914 V/DEBUG   (12519): HTTP 0
05-19 17:45:56.430 D/MDM :   (12519): [null:-1]->statusCode : 200
05-19 17:45:56.430 D/MDM :   (12519): [null:-1]->statusCode : 200
05-19 17:45:56.430 V/DEBUG   (12519): HTTP 1
05-19 17:45:56.438 D/MDM :   (12519): [null:-1]->read network input stream
05-19 17:45:56.445 D/MDM :   (12519): [null:-1]->Get joson string: <?xml version="1.0" encoding="UTF-8"?>
05-19 17:45:56.445 D/MDM :   (12519): <!DOCTYPE plist PUBLIC "-//Apple//DTD PLIST 1.0//EN" "http://www.apple.com/DTDs/PropertyList-1.0.dtd">
05-19 17:45:56.445 D/MDM :   (12519): <plist version="1.0">
05-19 17:45:56.445 D/MDM :   (12519): <dict>
05-19 17:45:56.445 D/MDM :   (12519): 	<key>CommandUUID</key>
05-19 17:45:56.445 D/MDM :   (12519): 	<string>d9277fe4-c064-49e0-8374-d300ab398d43</string>
05-19 17:45:56.445 D/MDM :   (12519): 	<key>Command</key>
05-19 17:45:56.445 D/MDM :   (12519): 	<dict>
05-19 17:45:56.445 D/MDM :   (12519): 		<key>RequestType</key>
05-19 17:45:56.445 D/MDM :   (12519): 		<string>ManagedApplicationList</string>
05-19 17:45:56.445 D/MDM :   (12519): 	</dict>
05-19 17:45:56.445 D/MDM :   (12519): </dict>
05-19 17:45:56.445 D/MDM :   (12519): </plist>
05-19 17:45:56.453 D/MdmDatabaseHelper(12519): [null:-1]->update command 49274ea1-776e-478b-a1f7-e306ef28e44d to status executed
05-19 17:45:56.492 D/CheckInTransInfo(12519): [null:-1]->CommandMsg : CommandMsg{CommandUUID='d9277fe4-c064-49e0-8374-d300ab398d43', Command=CommandObject{RequestType='ManagedApplicationList'}}
05-19 17:45:56.516 D/NetworkThread(12519): [null:-1]->clear mCurrentTransInfo
05-19 17:45:56.516 D/NetworkThread(12519): [null:-1]->queue is empty, thread wait...
05-19 17:45:56.617 D/MdmService(12519): [null:-1]->handleCheckInResult
05-19 17:45:56.617 D/MdmService(12519): [null:-1]->handleCheckInResult result keyIndex: 3
05-19 17:45:56.617 D/CommandManager(12519): [null:-1]->execute command: CommandMsg{CommandUUID='d9277fe4-c064-49e0-8374-d300ab398d43', Command=CommandObject{RequestType='ManagedApplicationList'}}
05-19 17:45:56.617 D/CommandManager(12519): [null:-1]->requestType: ManagedApplicationList
05-19 17:45:56.664 W/Parcel  ( 1661): Attempt to read object from Parcel 0x5dfd3dac at offset 200 that is not in the object list
05-19 17:45:56.688 D/MdmDatabaseHelper(12519): [null:-1]->update command d9277fe4-c064-49e0-8374-d300ab398d43 to commandStatus <?xml version="1.0" encoding="UTF-8"?>
05-19 17:45:56.688 D/MdmDatabaseHelper(12519): <!DOCTYPE plist PUBLIC "-//Apple//DTD PLIST 1.0//EN" "http://www.apple.com/DTDs/PropertyList-1.0.dtd">
05-19 17:45:56.688 D/MdmDatabaseHelper(12519): <plist version="1.0">
05-19 17:45:56.688 D/MdmDatabaseHelper(12519): <dict>
05-19 17:45:56.688 D/MdmDatabaseHelper(12519): 	<key>ManagedApplicationList</key>
05-19 17:45:56.688 D/MdmDatabaseHelper(12519): 	<dict>
05-19 17:45:56.688 D/MdmDatabaseHelper(12519): 	</dict>
05-19 17:45:56.688 D/MdmDatabaseHelper(12519): 	<key>CommandUUID</key>
05-19 17:45:56.688 D/MdmDatabaseHelper(12519): 	<string>d9277fe4-c064-49e0-8374-d300ab398d43</string>
05-19 17:45:56.688 D/MdmDatabaseHelper(12519): 	<key>Status</key>
05-19 17:45:56.688 D/MdmDatabaseHelper(12519): 	<string>Acknowledged</string>
05-19 17:45:56.688 D/MdmDatabaseHelper(12519): 	<key>UDID</key>
05-19 17:45:56.688 D/MdmDatabaseHelper(12519): 	<string>00013fbc8ecec5b90000014613abe64a</string>
05-19 17:45:56.688 D/MdmDatabaseHelper(12519): </dict>
05-19 17:45:56.688 D/MdmDatabaseHelper(12519): </plist>
05-19 17:45:56.711 I/TransInfo(12519): TransInfo created, id: 3, class: class com.pekall.emdm.transaction.c.b
05-19 17:45:56.711 D/NetworkThread(12519): [null:-1]->----isRunning-----true
05-19 17:45:56.711 D/NetworkThread(12519): [null:-1]->----isRunning-----true
05-19 17:45:56.711 D/NetworkThread(12519): [null:-1]->thread wakeup
05-19 17:45:56.711 D/NetworkThread(12519): [null:-1]->sendHttpPost:PostRequest, url: http://192.168.10.21/rest/mdm/v1/ios/android_server, Params: [content:<?xml version="1.0" encoding="UTF-8"?>
05-19 17:45:56.711 D/NetworkThread(12519): <!DOCTYPE plist PUBLIC "-//Apple//DTD PLIST 1.0//EN" "http://www.apple.com/DTDs/PropertyList-1.0.dtd">
05-19 17:45:56.711 D/NetworkThread(12519): <plist version="1.0">
05-19 17:45:56.711 D/NetworkThread(12519): <dict>
05-19 17:45:56.711 D/NetworkThread(12519): 	<key>ManagedApplicationList</key>
05-19 17:45:56.711 D/NetworkThread(12519): 	<dict>
05-19 17:45:56.711 D/NetworkThread(12519): 	</dict>
05-19 17:45:56.711 D/NetworkThread(12519): 	<key>CommandUUID</key>
05-19 17:45:56.711 D/NetworkThread(12519): 	<string>d9277fe4-c064-49e0-8374-d300ab398d43</string>
05-19 17:45:56.711 D/NetworkThread(12519): 	<key>Status</key>
05-19 17:45:56.711 D/NetworkThread(12519): 	<string>Acknowledged</string>
05-19 17:45:56.711 D/NetworkThread(12519): 	<key>UDID</key>
05-19 17:45:56.711 D/NetworkThread(12519): 	<string>00013fbc8ecec5b90000014613abe64a</string>
05-19 17:45:56.711 D/NetworkThread(12519): </dict>
05-19 17:45:56.711 D/NetworkThread(12519): </plist>], 
05-19 17:45:56.711 D/HttpClient(12519): enable apache.http debug
05-19 17:45:56.719 V/DEBUG   (12519): HTTP 0
05-19 17:45:56.789 I/QueryController(14844): Matched selector: UiSelector[TEXT=Personal Mode, CLASS=android.widget.TextView, PACKAGE NAME=com.pekall.emdm.launcher] <<==>> [android.view.accessibility.AccessibilityNodeInfo@60152; boundsInParent: Rect(0, 0 - 160, 200); boundsInScreen: Rect(190, 608 - 350, 808); packageName: com.pekall.emdm.launcher; className: android.widget.TextView; text: Personal Mode; contentDescription: null; viewIdResName: null; checkable: false; checked: false; focusable: false; focused: false; selected: false; clickable: true; longClickable: true; enabled: true; password: false; scrollable: false; [ACTION_SELECT, ACTION_CLEAR_SELECTION, ACTION_CLICK, ACTION_LONG_CLICK, ACTION_ACCESSIBILITY_FOCUS, ACTION_NEXT_AT_MOVEMENT_GRANULARITY, ACTION_PREVIOUS_AT_MOVEMENT_GRANULARITY, ACTION_SET_SELECTION]]
05-19 17:45:56.797 I/AndroidRuntime(14844): VM exiting with result code 0.
05-19 17:45:57.039 D/MDM :   (12519): [null:-1]->statusCode : 200
05-19 17:45:57.039 D/MDM :   (12519): [null:-1]->statusCode : 200
05-19 17:45:57.039 V/DEBUG   (12519): HTTP 1
05-19 17:45:57.047 D/MDM :   (12519): [null:-1]->read network input stream
05-19 17:45:57.047 D/MDM :   (12519): [null:-1]->Get joson string: <?xml version="1.0" encoding="UTF-8"?>
05-19 17:45:57.047 D/MDM :   (12519): <!DOCTYPE plist PUBLIC "-//Apple//DTD PLIST 1.0//EN" "http://www.apple.com/DTDs/PropertyList-1.0.dtd">
05-19 17:45:57.047 D/MDM :   (12519): <plist version="1.0">
05-19 17:45:57.047 D/MDM :   (12519): <dict>
05-19 17:45:57.047 D/MDM :   (12519): 	<key>CommandUUID</key>
05-19 17:45:57.047 D/MDM :   (12519): 	<string>a8bf1f1a-2655-4107-9872-fbe05064cdc9</string>
05-19 17:45:57.047 D/MDM :   (12519): 	<key>Command</key>
05-19 17:45:57.047 D/MDM :   (12519): 	<dict>
05-19 17:45:57.047 D/MDM :   (12519): 		<key>RequestType</key>
05-19 17:45:57.047 D/MDM :   (12519): 		<string>InstalledApplicationList</string>
05-19 17:45:57.047 D/MDM :   (12519): 	</dict>
05-19 17:45:57.047 D/MDM :   (12519): </dict>
05-19 17:45:57.047 D/MDM :   (12519): </plist>
05-19 17:45:57.055 D/MdmDatabaseHelper(12519): [null:-1]->update command d9277fe4-c064-49e0-8374-d300ab398d43 to status executed
05-19 17:45:57.078 D/CheckInTransInfo(12519): [null:-1]->CommandMsg : CommandMsg{CommandUUID='a8bf1f1a-2655-4107-9872-fbe05064cdc9', Command=CommandObject{RequestType='InstalledApplicationList'}}
05-19 17:45:57.109 D/NetworkThread(12519): [null:-1]->clear mCurrentTransInfo
05-19 17:45:57.109 D/NetworkThread(12519): [null:-1]->queue is empty, thread wait...
05-19 17:45:57.211 D/MdmService(12519): [null:-1]->handleCheckInResult
05-19 17:45:57.211 D/MdmService(12519): [null:-1]->handleCheckInResult result keyIndex: 3
05-19 17:45:57.211 D/CommandManager(12519): [null:-1]->execute command: CommandMsg{CommandUUID='a8bf1f1a-2655-4107-9872-fbe05064cdc9', Command=CommandObject{RequestType='InstalledApplicationList'}}
05-19 17:45:57.313 D/dalvikvm( 1661): GC_CONCURRENT freed 1213K, 18% free 13094K/15888K, paused 3ms+3ms, total 80ms
05-19 17:45:57.375 D/CommandManager(12519): [null:-1]->requestType: InstalledApplicationList
05-19 17:45:57.406 W/Parcel  ( 1661): Attempt to read object from Parcel 0x5ded3dac at offset 200 that is not in the object list
05-19 17:45:57.453 D/MdmDatabaseHelper(12519): [null:-1]->update command a8bf1f1a-2655-4107-9872-fbe05064cdc9 to commandStatus <?xml version="1.0" encoding="UTF-8"?>
05-19 17:45:57.453 D/MdmDatabaseHelper(12519): <!DOCTYPE plist PUBLIC "-//Apple//DTD PLIST 1.0//EN" "http://www.apple.com/DTDs/PropertyList-1.0.dtd">
05-19 17:45:57.453 D/MdmDatabaseHelper(12519): <plist version="1.0">
05-19 17:45:57.453 D/MdmDatabaseHelper(12519): <dict>
05-19 17:45:57.453 D/MdmDatabaseHelper(12519): 	<key>InstalledApplicationList</key>
05-19 17:45:57.453 D/MdmDatabaseHelper(12519): 	<array>
05-19 17:45:57.453 D/MdmDatabaseHelper(12519): 		<dict>
05-19 17:45:57.453 D/MdmDatabaseHelper(12519): 			<key>AppPermissions</key>
05-19 17:45:57.453 D/MdmDatabaseHelper(12519): 			<array>
05-19 17:45:57.453 D/MdmDatabaseHelper(12519): 				<string>android.permission.READ_LOGS</string>
05-19 17:45:57.453 D/MdmDatabaseHelper(12519): 				<string>android.permission.WRITE_EXTERNAL_STORAGE</string>
05-19 17:45:57.453 D/MdmDatabaseHelper(12519): 				<string>com.qihoo.root.RESPOND</string>
05-19 17:45:57.453 D/MdmDatabaseHelper(12519): 				<string>com.qihoo.root.provider.READ</string>
05-19 17:45:57.453 D/MdmDatabaseHelper(12519): 				<string>com.qihoo.root.provider.WRITE</string>
05-19 17:45:57.453 D/MdmDatabaseHelper(12519): 				<string>android.permission.INTERNET</string>
05-19 17:45:57.453 D/MdmDatabaseHelper(12519): 				<string>android.permission.ACCESS_NETWORK_STATE</string>
05-19 17:45:57.453 D/MdmDatabaseHelper(12519): 				<string>android.permission.INSTALL_PACKAGES</string>
05-19 17:45:57.453 D/MdmDatabaseHelper(12519): 				<string>android.permission.KILL_BACKGROUND_PROCESSES</string>
05-19 17:45:57.453 D/MdmDatabaseHelper(12519): 				<string>android.permission.RESTART_PACKAGES</string>
05-19 17:45:57.453 D/MdmDatabaseHelper(12519): 				<string>android.permission.READ_PHONE_STATE</string>
05-19 17:45:57.453 D/MdmDatabaseHelper(12519): 				<string>android.permission.DELETE_PACKAGES</string>
05-19 17:45:57.453 D/MdmDatabaseHelper(12519): 				<string>android.permission.READ_EXTERNAL_STORAGE</string>
05-19 17:45:57.453 D/MdmDatabaseHelper(12519): 			</array>
05-19 17:45:57.453 D/MdmDatabaseHelper(12519): 			<key>Version</key>
05-19 17:45:57.453 D/MdmDatabaseHelper(12519): 			<string>7</string>
05-19 17:45:57.453 D/MdmDatabaseHelper(12519): 			<key>ShortVersion</key>
05-19 17:45:57.453 D/MdmDatabaseHelper(12519): 			<string>6.0.1</string>
05-19 17:45:57.453 D/MdmDatabaseHelper(12519): 			<key>Identifier</key>
05-19 17:45:57.453 D/MdmDatabaseHelper(12519): 			<string>com.qihoo.root</string>
05-19 17:45:57.453 D/MdmDatabaseHelper(12519): 			<key>Name</key>
05-19 17:45:57.453 D/MdmDatabaseHelper(12519): 			<string>360</string>
05-19 17:45:57.453 D/MdmDatabaseHelper(12519): 			<key>DynamicSize</key>
05-19 17:45:57.453 D/MdmDatabaseHelper(12519): 			<integer>0</integer>
05-19 17:45:57.453 D/MdmDatabaseHelper(12519): 			<key>BundleSize</key>
05-19 17:45:57.453 D/MdmDatabaseHelper(12519): 			<integer>0</integer>
05-19 17:45:57.453 D/MdmDatabaseHelper(12519): 		</dict>
05-19 17:45:57.453 D/MdmDatabaseHelper(12519): 		<dict>
05-19 17:45:57.453 D/MdmDatabaseHelper(12519): 			<key>AppPermissions</key>
05-19 17:45:57.453 D/MdmDatabaseHelper(12519): 			<array>
05-19 17:45:57.453 D/MdmDatabaseHelper(12519): 				<string>android.permission.ACCESS_FINE_LOCATION</string>
05-19 17:45:57.453 D/MdmDatabaseHelper(12519): 				<string>android.permission.ACCESS_COARSE_LOCATION</string>
05-19 17:45:57.453 D/MdmDatabaseHelper(12519): 				<string>android.permission.SYSTEM_ALERT_WINDOW</string>
05-19 17:45:57.453 D/MdmDatabaseHelper(12519): 				<string>android.permission.RECEIVE_BOOT_COMPLETED</string>
05-19 17:45:57.453 D/MdmDatabaseHelper(12519): 				<string>android.permission.CALL_PHONE</string>
05-19 17:45:57.453 D/MdmDatabaseHelper(12519): 				<string>android.permission.PROCESS_OUTGOING_CALLS</string>
05-19 17:45:57.453 D/MdmDatabaseHelper(12519): 				<string>android.permission.READ_CONTACTS</string>
05-19 17:45:57.453 D/MdmDatabaseHelper(12519): 				<string>android.permission.WRITE_CONTACTS</string>
05-19 17:45:57.453 D/MdmDatabaseHelper(12519): 				<string>android.permission.RECEIVE_SMS</string>
05-19 17:45:57.453 D/MdmDatabaseHelper(12519): 				<string>android.permission.RECEIVE_MMS</string>
05-19 17:45:57.453 D/MdmDatabaseHelper(12519): 				<string>android.permission.RECEIVE_WAP_PUSH</string>
05-19 17:45:57.453 D/MdmDatabaseHelper(12519): 				<string>android.permission.INTERNET</string>
05-19 17:45:57.453 D/MdmDatabaseHelper(12519): 				<string>android.permission.SEND_SMS</string>
05-19 17:45:57.453 D/MdmDatabaseHelper(12519): 				<string>android.permission.READ_SMS</string>
05-19 17:45:57.453 D/MdmDatabaseHelper(12519): 				<string>android.permission.WRITE_SMS</string>
05-19 17:45:57.453 D/MdmDatabaseHelper(12519): 				<string>android.permission.READ_CALL_LOG</string>
05-19 17:45:57.453 D/MdmDatabaseHelper(12519): 				<string>android.permission.WRITE_CALL_LOG</string>
05-19 17:45:57.453 D/MdmDatabaseHelper(12519): 				<string>android.permission.ACCESS_NETWORK_STATE</string>
05-19 17:45:57.453 D/MdmDatabaseHelper(12519): 				<string>android.permission.READ_PHONE_STATE</string>
05-19 17:45:57.453 D/MdmDatabaseHelper(12519): 				<string>android.permission.MODIFY_PHONE_STATE</string>
05-19 17:45:57.453 D/MdmDatabaseHelper(12519): 				<string>android.permission.MODIFY_AUDIO_SETTINGS</string>
05-19 17:45:57.453 D/MdmDatabaseHelper(12519): 				<string>android.permission.VIBRATE</string>
05-19 17:45:57.453 D/MdmDatabaseHelper(12519): 				<string>android.permission.BATTERY_STATS</string>
05-19 17:45:57.453 D/MdmDatabaseHelper(12519): 				<string>android.permission.GET_PACKAGE_SIZE</string>
05-19 17:45:57.453 D/MdmDatabaseHelper(12519): 				<string>com.android.launcher.permission.READ_SETTINGS</string>
05-19 17:45:57.453 D/MdmDatabaseHelper(12519): 				<string>android.permission.WAKE_LOCK</string>
05-19 17:45:57.453 D/MdmDatabaseHelper(12519): 				<string>android.permission.CHANGE_NETWORK_STATE</string>
05-19 17:45:57.453 D/MdmDatabaseHelper(12519): 				<string>android.permission.WRITE_EXTERNAL_STORAGE</string>
05-19 17:45:57.453 D/MdmDatabaseHelper(12519): 				<string>android.permission.RESTART_PACKAGES</string>
05-19 17:45:57.453 D/MdmDatabaseHelper(12519): 				<string>android.permission.CHANGE_WIFI_STATE</string>
05-19 17:45:57.453 D/MdmDatabaseHelper(12519): 				<string>android.permission.WRITE_SETTINGS</string>
05-19 17:45:57.453 D/MdmDatabaseHelper(12519): 				<string>android.permission.WRITE_SECURE_SETTINGS</string>
05-19 17:45:57.453 D/MdmDatabaseHelper(12519): 				<string>android.permission.READ_SYNC_SETTINGS</string>
05-19 17:45:57.453 D/MdmDatabaseHelper(12519): 				<string>android.permission.WRITE_SYNC_SETTINGS</string>
05-19 17:45:57.453 D/MdmDatabaseHelper(12519): 				<string>android.permission.WRITE_APN_SETTINGS</string>
05-19 17:45:57.453 D/MdmDatabaseHelper(12519): 				<string>android.permission.BLUETOOTH_ADMIN</string>
05-19 17:45:57.453 D/MdmDatabaseHelper(12519): 				<string>android.permission.RECORD_AUDIO</string>
05-19 17:45:57.453 D/MdmDatabaseHelper(12519): 				<string>android.permission.READ_LOGS</string>
05-19 17:45:57.453 D/MdmDatabaseHelper(12519): 				<string>com.android.launcher.permission.INSTALL_SHORTCUT</string>
05-19 17:45:57.453 D/MdmDatabaseHelper(12519): 				<string>com.android.launcher.permission.UNINSTALL_SHORTCUT</string>
05-19 17:45:57.453 D/MdmDatabaseHelper(12519): 				<string>android.permission.ACCESS_WIFI_STATE</string>
05-19 17:45:57.453 D/MdmDatabaseHelper(12519): 				<string>android.permission.BLUETOOTH</string>
05-19 17:45:57.453 D/MdmDatabaseHelper(12519): 				<string>android.permission.CLEAR_APP_CACHE</string>
05-19 17:45:57.453 D/MdmDatabaseHelper(12519): 				<string>android.permission.GET_TASKS</string>
05-19 17:45:57.453 D/MdmDatabaseHelper(12519): 				<string>android.permission.REORDER_TASKS</string>
05-19 17:45:57.453 D/MdmDatabaseHelper(12519): 				<string>android.permission.GET_ACCOUNTS</strin
05-19 17:45:57.484 I/TransInfo(12519): TransInfo created, id: 3, class: class com.pekall.emdm.transaction.c.b
05-19 17:45:57.484 D/NetworkThread(12519): [null:-1]->----isRunning-----true
05-19 17:45:57.484 D/NetworkThread(12519): [null:-1]->----isRunning-----true
05-19 17:45:57.492 D/NetworkThread(12519): [null:-1]->thread wakeup
05-19 17:45:57.516 D/NetworkThread(12519): [null:-1]->sendHttpPost:PostRequest, url: http://192.168.10.21/rest/mdm/v1/ios/android_server, Params: [content:<?xml version="1.0" encoding="UTF-8"?>
05-19 17:45:57.516 D/NetworkThread(12519): <!DOCTYPE plist PUBLIC "-//Apple//DTD PLIST 1.0//EN" "http://www.apple.com/DTDs/PropertyList-1.0.dtd">
05-19 17:45:57.516 D/NetworkThread(12519): <plist version="1.0">
05-19 17:45:57.516 D/NetworkThread(12519): <dict>
05-19 17:45:57.516 D/NetworkThread(12519): 	<key>InstalledApplicationList</key>
05-19 17:45:57.516 D/NetworkThread(12519): 	<array>
05-19 17:45:57.516 D/NetworkThread(12519): 		<dict>
05-19 17:45:57.516 D/NetworkThread(12519): 			<key>AppPermissions</key>
05-19 17:45:57.516 D/NetworkThread(12519): 			<array>
05-19 17:45:57.516 D/NetworkThread(12519): 				<string>android.permission.READ_LOGS</string>
05-19 17:45:57.516 D/NetworkThread(12519): 				<string>android.permission.WRITE_EXTERNAL_STORAGE</string>
05-19 17:45:57.516 D/NetworkThread(12519): 				<string>com.qihoo.root.RESPOND</string>
05-19 17:45:57.516 D/NetworkThread(12519): 				<string>com.qihoo.root.provider.READ</string>
05-19 17:45:57.516 D/NetworkThread(12519): 				<string>com.qihoo.root.provider.WRITE</string>
05-19 17:45:57.516 D/NetworkThread(12519): 				<string>android.permission.INTERNET</string>
05-19 17:45:57.516 D/NetworkThread(12519): 				<string>android.permission.ACCESS_NETWORK_STATE</string>
05-19 17:45:57.516 D/NetworkThread(12519): 				<string>android.permission.INSTALL_PACKAGES</string>
05-19 17:45:57.516 D/NetworkThread(12519): 				<string>android.permission.KILL_BACKGROUND_PROCESSES</string>
05-19 17:45:57.516 D/NetworkThread(12519): 				<string>android.permission.RESTART_PACKAGES</string>
05-19 17:45:57.516 D/NetworkThread(12519): 				<string>android.permission.READ_PHONE_STATE</string>
05-19 17:45:57.516 D/NetworkThread(12519): 				<string>android.permission.DELETE_PACKAGES</string>
05-19 17:45:57.516 D/NetworkThread(12519): 				<string>android.permission.READ_EXTERNAL_STORAGE</string>
05-19 17:45:57.516 D/NetworkThread(12519): 			</array>
05-19 17:45:57.516 D/NetworkThread(12519): 			<key>Version</key>
05-19 17:45:57.516 D/NetworkThread(12519): 			<string>7</string>
05-19 17:45:57.516 D/NetworkThread(12519): 			<key>ShortVersion</key>
05-19 17:45:57.516 D/NetworkThread(12519): 			<string>6.0.1</string>
05-19 17:45:57.516 D/NetworkThread(12519): 			<key>Identifier</key>
05-19 17:45:57.516 D/NetworkThread(12519): 			<string>com.qihoo.root</string>
05-19 17:45:57.516 D/NetworkThread(12519): 			<key>Name</key>
05-19 17:45:57.516 D/NetworkThread(12519): 			<string>360</string>
05-19 17:45:57.516 D/NetworkThread(12519): 			<key>DynamicSize</key>
05-19 17:45:57.516 D/NetworkThread(12519): 			<integer>0</integer>
05-19 17:45:57.516 D/NetworkThread(12519): 			<key>BundleSize</key>
05-19 17:45:57.516 D/NetworkThread(12519): 			<integer>0</integer>
05-19 17:45:57.516 D/NetworkThread(12519): 		</dict>
05-19 17:45:57.516 D/NetworkThread(12519): 		<dict>
05-19 17:45:57.516 D/NetworkThread(12519): 			<key>AppPermissions</key>
05-19 17:45:57.516 D/NetworkThread(12519): 			<array>
05-19 17:45:57.516 D/NetworkThread(12519): 				<string>android.permission.ACCESS_FINE_LOCATION</string>
05-19 17:45:57.516 D/NetworkThread(12519): 				<string>android.permission.ACCESS_COARSE_LOCATION</string>
05-19 17:45:57.516 D/NetworkThread(12519): 				<string>android.permission.SYSTEM_ALERT_WINDOW</string>
05-19 17:45:57.516 D/NetworkThread(12519): 				<string>android.permission.RECEIVE_BOOT_COMPLETED</string>
05-19 17:45:57.516 D/NetworkThread(12519): 				<string>android.permission.CALL_PHONE</string>
05-19 17:45:57.516 D/NetworkThread(12519): 				<string>android.permission.PROCESS_OUTGOING_CALLS</string>
05-19 17:45:57.516 D/NetworkThread(12519): 				<string>android.permission.READ_CONTACTS</string>
05-19 17:45:57.516 D/NetworkThread(12519): 				<string>android.permission.WRITE_CONTACTS</string>
05-19 17:45:57.516 D/NetworkThread(12519): 				<string>android.permission.RECEIVE_SMS</string>
05-19 17:45:57.516 D/NetworkThread(12519): 				<string>android.permission.RECEIVE_MMS</string>
05-19 17:45:57.516 D/NetworkThread(12519): 				<string>android.permission.RECEIVE_WAP_PUSH</string>
05-19 17:45:57.516 D/NetworkThread(12519): 				<string>android.permission.INTERNET</string>
05-19 17:45:57.516 D/NetworkThread(12519): 				<string>android.permission.SEND_SMS</string>
05-19 17:45:57.516 D/NetworkThread(12519): 				<string>android.permission.READ_SMS</string>
05-19 17:45:57.516 D/NetworkThread(12519): 				<string>android.permission.WRITE_SMS</string>
05-19 17:45:57.516 D/NetworkThread(12519): 				<string>android.permission.READ_CALL_LOG</string>
05-19 17:45:57.516 D/NetworkThread(12519): 				<string>android.permission.WRITE_CALL_LOG</string>
05-19 17:45:57.516 D/NetworkThread(12519): 				<string>android.permission.ACCESS_NETWORK_STATE</string>
05-19 17:45:57.516 D/NetworkThread(12519): 				<string>android.permission.READ_PHONE_STATE</string>
05-19 17:45:57.516 D/NetworkThread(12519): 				<string>android.permission.MODIFY_PHONE_STATE</string>
05-19 17:45:57.516 D/NetworkThread(12519): 				<string>android.permission.MODIFY_AUDIO_SETTINGS</string>
05-19 17:45:57.516 D/NetworkThread(12519): 				<string>android.permission.VIBRATE</string>
05-19 17:45:57.516 D/NetworkThread(12519): 				<string>android.permission.BATTERY_STATS</string>
05-19 17:45:57.516 D/NetworkThread(12519): 				<string>android.permission.GET_PACKAGE_SIZE</string>
05-19 17:45:57.516 D/NetworkThread(12519): 				<string>com.android.launcher.permission.READ_SETTINGS</string>
05-19 17:45:57.516 D/NetworkThread(12519): 				<string>android.permission.WAKE_LOCK</string>
05-19 17:45:57.516 D/NetworkThread(12519): 				<string>android.permission.CHANGE_NETWORK_STATE</string>
05-19 17:45:57.516 D/NetworkThread(12519): 				<string>android.permission.WRITE_EXTERNAL_STORAGE</string>
05-19 17:45:57.516 D/NetworkThread(12519): 				<string>android.permission.RESTART_PACKAGES</string>
05-19 17:45:57.516 D/NetworkThread(12519): 				<string>android.permission.CHANGE_WIFI_STATE</string>
05-19 17:45:57.516 D/NetworkThread(12519): 				<string>android.permission.WRITE_SETTINGS</string>
05-19 17:45:57.516 D/NetworkThread(12519): 				<string>android.permission.WRITE_SECURE_SETTINGS</string>
05-19 17:45:57.516 D/NetworkThread(12519): 				<string>android.permission.READ_SYNC_SETTINGS</string>
05-19 17:45:57.516 D/NetworkThread(12519): 				<string>android.permission.WRITE_SYNC_SETTINGS</string>
05-19 17:45:57.516 D/NetworkThread(12519): 				<string>android.permission.WRITE_APN_SETTINGS</string>
05-19 17:45:57.516 D/NetworkThread(12519): 				<string>android.permission.BLUETOOTH_ADMIN</string>
05-19 17:45:57.516 D/NetworkThread(12519): 				<string>android.permission.RECORD_AUDIO</string>
05-19 17:45:57.516 D/NetworkThread(12519): 				<string>android.permission.READ_LOGS</string>
05-19 17:45:57.516 D/NetworkThread(12519): 				<string>com.android.launcher.permission.INSTALL_SHORTCUT</string>
05-19 17:45:57.516 D/NetworkThread(12519): 				<string>com.android.launcher.permission.UNINSTALL_SHORTCUT</string>
05-19 17:45:57.516 D/NetworkThread(12519): 				<string>android.permission.ACCESS_WIFI_STATE</string>
05-19 17:45:57.516 D/NetworkThread(12519): 				<string>android.permission.BLUETOOTH</string>
05-19 17:45:57.516 D/NetworkThread(12519): 				<string>android.permission.CLEAR_APP_CACHE</string>
05-19 17:45:57.516 D/NetworkThread(12519): 				<string>android.permission.GET_TASKS</string>
05-19 17:45:57.516 D/NetworkThread(12519): 				<string>android.permission.REORDER_TASKS</string>
05-19 17:45:57.516 D/NetworkThread(12519): 				<string>android.pe
05-19 17:45:57.516 D/HttpClient(12519): enable apache.http debug
05-19 17:45:57.524 V/DEBUG   (12519): HTTP 0
05-19 17:45:58.539 D/AndroidRuntime(14896): 
05-19 17:45:58.539 D/AndroidRuntime(14896): >>>>>> AndroidRuntime START com.android.internal.os.RuntimeInit <<<<<<
05-19 17:45:58.539 D/AndroidRuntime(14896): CheckJNI is OFF
05-19 17:45:58.547 D/dalvikvm(14896): Trying to load lib libjavacore.so 0x0
05-19 17:45:58.555 D/dalvikvm(14896): Added shared lib libjavacore.so 0x0
05-19 17:45:58.563 D/dalvikvm(14896): Trying to load lib libnativehelper.so 0x0
05-19 17:45:58.563 D/dalvikvm(14896): Added shared lib libnativehelper.so 0x0
05-19 17:45:58.711 D/AndroidRuntime(14896): Calling main entry com.android.commands.uiautomator.Launcher
05-19 17:45:58.750 D/dalvikvm(14896): Note: class Landroid/app/ActivityManagerNative; has 163 unimplemented (abstract) methods
05-19 17:45:58.883 D/MDM :   (12519): [null:-1]->statusCode : 200
05-19 17:45:58.883 D/MDM :   (12519): [null:-1]->statusCode : 200
05-19 17:45:58.883 V/DEBUG   (12519): HTTP 1
05-19 17:45:58.891 D/MDM :   (12519): [null:-1]->read network input stream
05-19 17:45:58.891 D/MDM :   (12519): [null:-1]->Get joson string: <?xml version="1.0" encoding="UTF-8"?>
05-19 17:45:58.891 D/MDM :   (12519): <!DOCTYPE plist PUBLIC "-//Apple//DTD PLIST 1.0//EN" "http://www.apple.com/DTDs/PropertyList-1.0.dtd">
05-19 17:45:58.891 D/MDM :   (12519): <plist version="1.0">
05-19 17:45:58.891 D/MDM :   (12519): <dict>
05-19 17:45:58.891 D/MDM :   (12519): 	<key>CommandUUID</key>
05-19 17:45:58.891 D/MDM :   (12519): 	<string>7c623e33-465d-409a-b2c8-11976e026298</string>
05-19 17:45:58.891 D/MDM :   (12519): 	<key>Command</key>
05-19 17:45:58.891 D/MDM :   (12519): 	<dict>
05-19 17:45:58.891 D/MDM :   (12519): 		<key>RequestType</key>
05-19 17:45:58.891 D/MDM :   (12519): 		<string>SecurityInfo</string>
05-19 17:45:58.891 D/MDM :   (12519): 	</dict>
05-19 17:45:58.891 D/MDM :   (12519): </dict>
05-19 17:45:58.891 D/MDM :   (12519): </plist>
05-19 17:45:58.891 D/MdmDatabaseHelper(12519): [null:-1]->update command a8bf1f1a-2655-4107-9872-fbe05064cdc9 to status executed
05-19 17:45:58.930 D/CheckInTransInfo(12519): [null:-1]->CommandMsg : CommandMsg{CommandUUID='7c623e33-465d-409a-b2c8-11976e026298', Command=CommandObject{RequestType='SecurityInfo'}}
05-19 17:45:58.961 D/NetworkThread(12519): [null:-1]->clear mCurrentTransInfo
05-19 17:45:58.961 D/NetworkThread(12519): [null:-1]->queue is empty, thread wait...
05-19 17:45:59.055 D/MdmService(12519): [null:-1]->handleCheckInResult
05-19 17:45:59.055 D/MdmService(12519): [null:-1]->handleCheckInResult result keyIndex: 3
05-19 17:45:59.063 D/CommandManager(12519): [null:-1]->execute command: CommandMsg{CommandUUID='7c623e33-465d-409a-b2c8-11976e026298', Command=CommandObject{RequestType='SecurityInfo'}}
05-19 17:45:59.063 D/CommandManager(12519): [null:-1]->requestType: SecurityInfo
05-19 17:45:59.094 W/Parcel  ( 1661): Attempt to read object from Parcel 0x5ef3bdac at offset 200 that is not in the object list
05-19 17:45:59.102 D/MdmDatabaseHelper(12519): [null:-1]->update command 7c623e33-465d-409a-b2c8-11976e026298 to commandStatus <?xml version="1.0" encoding="UTF-8"?>
05-19 17:45:59.102 D/MdmDatabaseHelper(12519): <!DOCTYPE plist PUBLIC "-//Apple//DTD PLIST 1.0//EN" "http://www.apple.com/DTDs/PropertyList-1.0.dtd">
05-19 17:45:59.102 D/MdmDatabaseHelper(12519): <plist version="1.0">
05-19 17:45:59.102 D/MdmDatabaseHelper(12519): <dict>
05-19 17:45:59.102 D/MdmDatabaseHelper(12519): 	<key>SecurityInfo</key>
05-19 17:45:59.102 D/MdmDatabaseHelper(12519): 	<dict>
05-19 17:45:59.102 D/MdmDatabaseHelper(12519): 		<key>HardwareEncryptionCaps</key>
05-19 17:45:59.102 D/MdmDatabaseHelper(12519): 		<integer>0</integer>
05-19 17:45:59.102 D/MdmDatabaseHelper(12519): 		<key>PasscodeCompliant</key>
05-19 17:45:59.102 D/MdmDatabaseHelper(12519): 		<false/>
05-19 17:45:59.102 D/MdmDatabaseHelper(12519): 		<key>PasscodeCompliantWithProfiles</key>
05-19 17:45:59.102 D/MdmDatabaseHelper(12519): 		<true/>
05-19 17:45:59.102 D/MdmDatabaseHelper(12519): 		<key>PasscodePresent</key>
05-19 17:45:59.102 D/MdmDatabaseHelper(12519): 		<false/>
05-19 17:45:59.102 D/MdmDatabaseHelper(12519): 	</dict>
05-19 17:45:59.102 D/MdmDatabaseHelper(12519): 	<key>CommandUUID</key>
05-19 17:45:59.102 D/MdmDatabaseHelper(12519): 	<string>7c623e33-465d-409a-b2c8-11976e026298</string>
05-19 17:45:59.102 D/MdmDatabaseHelper(12519): 	<key>Status</key>
05-19 17:45:59.102 D/MdmDatabaseHelper(12519): 	<string>Acknowledged</string>
05-19 17:45:59.102 D/MdmDatabaseHelper(12519): 	<key>UDID</key>
05-19 17:45:59.102 D/MdmDatabaseHelper(12519): 	<string>00013fbc8ecec5b90000014613abe64a</string>
05-19 17:45:59.102 D/MdmDatabaseHelper(12519): </dict>
05-19 17:45:59.102 D/MdmDatabaseHelper(12519): </plist>
05-19 17:45:59.133 I/TransInfo(12519): TransInfo created, id: 3, class: class com.pekall.emdm.transaction.c.b
05-19 17:45:59.133 D/NetworkThread(12519): [null:-1]->----isRunning-----true
05-19 17:45:59.133 D/NetworkThread(12519): [null:-1]->----isRunning-----true
05-19 17:45:59.133 D/NetworkThread(12519): [null:-1]->thread wakeup
05-19 17:45:59.141 D/NetworkThread(12519): [null:-1]->sendHttpPost:PostRequest, url: http://192.168.10.21/rest/mdm/v1/ios/android_server, Params: [content:<?xml version="1.0" encoding="UTF-8"?>
05-19 17:45:59.141 D/NetworkThread(12519): <!DOCTYPE plist PUBLIC "-//Apple//DTD PLIST 1.0//EN" "http://www.apple.com/DTDs/PropertyList-1.0.dtd">
05-19 17:45:59.141 D/NetworkThread(12519): <plist version="1.0">
05-19 17:45:59.141 D/NetworkThread(12519): <dict>
05-19 17:45:59.141 D/NetworkThread(12519): 	<key>SecurityInfo</key>
05-19 17:45:59.141 D/NetworkThread(12519): 	<dict>
05-19 17:45:59.141 D/NetworkThread(12519): 		<key>HardwareEncryptionCaps</key>
05-19 17:45:59.141 D/NetworkThread(12519): 		<integer>0</integer>
05-19 17:45:59.141 D/NetworkThread(12519): 		<key>PasscodeCompliant</key>
05-19 17:45:59.141 D/NetworkThread(12519): 		<false/>
05-19 17:45:59.141 D/NetworkThread(12519): 		<key>PasscodeCompliantWithProfiles</key>
05-19 17:45:59.141 D/NetworkThread(12519): 		<true/>
05-19 17:45:59.141 D/NetworkThread(12519): 		<key>PasscodePresent</key>
05-19 17:45:59.141 D/NetworkThread(12519): 		<false/>
05-19 17:45:59.141 D/NetworkThread(12519): 	</dict>
05-19 17:45:59.141 D/NetworkThread(12519): 	<key>CommandUUID</key>
05-19 17:45:59.141 D/NetworkThread(12519): 	<string>7c623e33-465d-409a-b2c8-11976e026298</string>
05-19 17:45:59.141 D/NetworkThread(12519): 	<key>Status</key>
05-19 17:45:59.141 D/NetworkThread(12519): 	<string>Acknowledged</string>
05-19 17:45:59.141 D/NetworkThread(12519): 	<key>UDID</key>
05-19 17:45:59.141 D/NetworkThread(12519): 	<string>00013fbc8ecec5b90000014613abe64a</string>
05-19 17:45:59.141 D/NetworkThread(12519): </dict>
05-19 17:45:59.141 D/NetworkThread(12519): </plist>], 
05-19 17:45:59.141 D/HttpClient(12519): enable apache.http debug
05-19 17:45:59.141 V/DEBUG   (12519): HTTP 0
05-19 17:45:59.703 D/MDM :   (12519): [null:-1]->statusCode : 200
05-19 17:45:59.703 D/MDM :   (12519): [null:-1]->statusCode : 200
05-19 17:45:59.703 V/DEBUG   (12519): HTTP 1
05-19 17:45:59.711 D/MDM :   (12519): [null:-1]->read network input stream
05-19 17:45:59.719 D/MDM :   (12519): [null:-1]->Get joson string: <?xml version="1.0" encoding="UTF-8"?>
05-19 17:45:59.719 D/MDM :   (12519): <!DOCTYPE plist PUBLIC "-//Apple//DTD PLIST 1.0//EN" "http://www.apple.com/DTDs/PropertyList-1.0.dtd">
05-19 17:45:59.719 D/MDM :   (12519): <plist version="1.0">
05-19 17:45:59.719 D/MDM :   (12519): <dict>
05-19 17:45:59.719 D/MDM :   (12519): 	<key>CommandUUID</key>
05-19 17:45:59.719 D/MDM :   (12519): 	<string>cac2e740-0eb3-49ed-954f-d61023a46bdf</string>
05-19 17:45:59.719 D/MDM :   (12519): 	<key>Command</key>
05-19 17:45:59.719 D/MDM :   (12519): 	<dict>
05-19 17:45:59.719 D/MDM :   (12519): 		<key>RequestType</key>
05-19 17:45:59.719 D/MDM :   (12519): 		<string>CertificateList</string>
05-19 17:45:59.719 D/MDM :   (12519): 	</dict>
05-19 17:45:59.719 D/MDM :   (12519): </dict>
05-19 17:45:59.719 D/MDM :   (12519): </plist>
05-19 17:45:59.719 D/MdmDatabaseHelper(12519): [null:-1]->update command 7c623e33-465d-409a-b2c8-11976e026298 to status executed
05-19 17:45:59.758 D/CheckInTransInfo(12519): [null:-1]->CommandMsg : CommandMsg{CommandUUID='cac2e740-0eb3-49ed-954f-d61023a46bdf', Command=CommandObject{RequestType='CertificateList'}}
05-19 17:45:59.789 D/NetworkThread(12519): [null:-1]->clear mCurrentTransInfo
05-19 17:45:59.789 D/NetworkThread(12519): [null:-1]->queue is empty, thread wait...
05-19 17:45:59.789 V/PanelView(  448): animationTick called with dtms=0; nothing to do (h=0.0 v=4000.0)
05-19 17:45:59.883 D/SizeAdaptiveLayout(  448): com.android.internal.widget.SizeAdaptiveLayout{425fa088 V.E..... ......I. 0,0-720,128 #7f070058 app:id/adaptive}child view android.widget.RelativeLayout{42478970 V.E..... ......I. 0,0-720,122} measured out of bounds at 122px clamped to 128px
05-19 17:45:59.891 D/SizeAdaptiveLayout(  448): com.android.internal.widget.SizeAdaptiveLayout{4230e768 V.E..... ......I. 0,0-720,128 #7f070058 app:id/adaptive}child view android.widget.RelativeLayout{42540410 V.E..... ......I. 0,0-720,124} measured out of bounds at 124px clamped to 128px
05-19 17:45:59.891 D/MdmService(12519): [null:-1]->handleCheckInResult
05-19 17:45:59.891 D/MdmService(12519): [null:-1]->handleCheckInResult result keyIndex: 3
05-19 17:45:59.891 D/CommandManager(12519): [null:-1]->execute command: CommandMsg{CommandUUID='cac2e740-0eb3-49ed-954f-d61023a46bdf', Command=CommandObject{RequestType='CertificateList'}}
05-19 17:45:59.922 D/CommandManager(12519): [null:-1]->requestType: CertificateList
05-19 17:46:00.031 D/SizeAdaptiveLayout(  448): com.android.internal.widget.SizeAdaptiveLayout{425fa088 V.E..... ......I. 0,0-720,128 #7f070058 app:id/adaptive}child view android.widget.RelativeLayout{42478970 V.E..... ......I. 0,0-720,122} measured out of bounds at 122px clamped to 128px
05-19 17:46:00.039 D/SizeAdaptiveLayout(  448): com.android.internal.widget.SizeAdaptiveLayout{4230e768 V.E..... ......I. 0,0-720,128 #7f070058 app:id/adaptive}child view android.widget.RelativeLayout{42540410 V.E..... ......I. 0,0-720,124} measured out of bounds at 124px clamped to 128px
05-19 17:46:00.219 W/Parcel  ( 1661): Attempt to read object from Parcel 0x6003bdac at offset 200 that is not in the object list
05-19 17:46:00.438 D/MdmDatabaseHelper(12519): [null:-1]->update command cac2e740-0eb3-49ed-954f-d61023a46bdf to commandStatus <?xml version="1.0" encoding="UTF-8"?>
05-19 17:46:00.438 D/MdmDatabaseHelper(12519): <!DOCTYPE plist PUBLIC "-//Apple//DTD PLIST 1.0//EN" "http://www.apple.com/DTDs/PropertyList-1.0.dtd">
05-19 17:46:00.438 D/MdmDatabaseHelper(12519): <plist version="1.0">
05-19 17:46:00.438 D/MdmDatabaseHelper(12519): <dict>
05-19 17:46:00.438 D/MdmDatabaseHelper(12519): 	<key>CertificateList</key>
05-19 17:46:00.438 D/MdmDatabaseHelper(12519): 	<array>
05-19 17:46:00.438 D/MdmDatabaseHelper(12519): 	</array>
05-19 17:46:00.438 D/MdmDatabaseHelper(12519): 	<key>CommandUUID</key>
05-19 17:46:00.438 D/MdmDatabaseHelper(12519): 	<string>cac2e740-0eb3-49ed-954f-d61023a46bdf</string>
05-19 17:46:00.438 D/MdmDatabaseHelper(12519): 	<key>Status</key>
05-19 17:46:00.438 D/MdmDatabaseHelper(12519): 	<string>Acknowledged</string>
05-19 17:46:00.438 D/MdmDatabaseHelper(12519): 	<key>UDID</key>
05-19 17:46:00.438 D/MdmDatabaseHelper(12519): 	<string>00013fbc8ecec5b90000014613abe64a</string>
05-19 17:46:00.438 D/MdmDatabaseHelper(12519): </dict>
05-19 17:46:00.438 D/MdmDatabaseHelper(12519): </plist>
05-19 17:46:00.641 I/TransInfo(12519): TransInfo created, id: 3, class: class com.pekall.emdm.transaction.c.b
05-19 17:46:00.750 D/NetworkThread(12519): [null:-1]->----isRunning-----true
05-19 17:46:00.750 D/NetworkThread(12519): [null:-1]->----isRunning-----true
05-19 17:46:00.750 D/NetworkThread(12519): [null:-1]->thread wakeup
05-19 17:46:00.750 D/NetworkThread(12519): [null:-1]->sendHttpPost:PostRequest, url: http://192.168.10.21/rest/mdm/v1/ios/android_server, Params: [content:<?xml version="1.0" encoding="UTF-8"?>
05-19 17:46:00.750 D/NetworkThread(12519): <!DOCTYPE plist PUBLIC "-//Apple//DTD PLIST 1.0//EN" "http://www.apple.com/DTDs/PropertyList-1.0.dtd">
05-19 17:46:00.750 D/NetworkThread(12519): <plist version="1.0">
05-19 17:46:00.750 D/NetworkThread(12519): <dict>
05-19 17:46:00.750 D/NetworkThread(12519): 	<key>CertificateList</key>
05-19 17:46:00.750 D/NetworkThread(12519): 	<array>
05-19 17:46:00.750 D/NetworkThread(12519): 	</array>
05-19 17:46:00.750 D/NetworkThread(12519): 	<key>CommandUUID</key>
05-19 17:46:00.750 D/NetworkThread(12519): 	<string>cac2e740-0eb3-49ed-954f-d61023a46bdf</string>
05-19 17:46:00.750 D/NetworkThread(12519): 	<key>Status</key>
05-19 17:46:00.750 D/NetworkThread(12519): 	<string>Acknowledged</string>
05-19 17:46:00.750 D/NetworkThread(12519): 	<key>UDID</key>
05-19 17:46:00.750 D/NetworkThread(12519): 	<string>00013fbc8ecec5b90000014613abe64a</string>
05-19 17:46:00.750 D/NetworkThread(12519): </dict>
05-19 17:46:00.750 D/NetworkThread(12519): </plist>], 
05-19 17:46:00.750 D/HttpClient(12519): enable apache.http debug
05-19 17:46:00.766 V/DEBUG   (12519): HTTP 0
05-19 17:46:01.133 D/MDM :   (12519): [null:-1]->statusCode : 200
05-19 17:46:01.149 D/MDM :   (12519): [null:-1]->statusCode : 200
05-19 17:46:01.149 V/DEBUG   (12519): HTTP 1
05-19 17:46:01.172 D/MDM :   (12519): [null:-1]->read network input stream
05-19 17:46:01.172 D/MDM :   (12519): [null:-1]->read network input stream
05-19 17:46:01.172 D/MDM :   (12519): [null:-1]->read network input stream
05-19 17:46:01.172 D/MDM :   (12519): [null:-1]->Get joson string: <?xml version="1.0" encoding="UTF-8"?>
05-19 17:46:01.172 D/MDM :   (12519): <!DOCTYPE plist PUBLIC "-//Apple//DTD PLIST 1.0//EN" "http://www.apple.com/DTDs/PropertyList-1.0.dtd">
05-19 17:46:01.172 D/MDM :   (12519): <plist version="1.0">
05-19 17:46:01.172 D/MDM :   (12519): <dict>
05-19 17:46:01.172 D/MDM :   (12519): 	<key>CommandUUID</key>
05-19 17:46:01.172 D/MDM :   (12519): 	<string>f4ca9540-8de0-48be-bbd1-4cd805420708</string>
05-19 17:46:01.172 D/MDM :   (12519): 	<key>Command</key>
05-19 17:46:01.172 D/MDM :   (12519): 	<dict>
05-19 17:46:01.172 D/MDM :   (12519): 		<key>Payload</key>
05-19 17:46:01.172 D/MDM :   (12519): 		<data>
05-19 17:46:01.172 D/MDM :   (12519): 			PD94bWwgdmVyc2lvbj0iMS4wIiBlbmNvZGluZz0iVVRGLTgiPz4KPCFET0NUWVBFIHBsaXN0IFBVQkxJQyAiLS8vQXBwbGUvL0RURCBQTElTVCAxLjAvL0VOIiAiaHR0cDovL3d3dy5hcHBsZS5jb20vRFREcy9Qcm9wZXJ0eUxpc3QtMS4wLmR0ZCI+CjxwbGlzdCB2ZXJzaW9uPSIxLjAiPgo8ZGljdD4KCTxrZXk+UGF5bG9hZENvbnRlbnQ8L2tleT4KCTxhcnJheT4KCQk8ZGljdD4KCQkJPGtleT5jYW1lcmE8L2tleT4KCQkJPHN0cmluZz5lbmFibGVkPC9zdHJpbmc+CgkJCTxrZXk+UGF5bG9hZFR5cGU8L2tleT4KCQkJPHN0cmluZz5jb20ucGVrYWxsLnJlc3RyaWN0aW9ucy5wb2xpY3k8L3N0cmluZz4KCQkJPGtleT5QYXlsb2FkVmVyc2lvbjwva2V5PgoJCQk8aW50ZWdlcj4xPC9pbnRlZ2VyPgoJCQk8a2V5PlBheWxvYWRJZGVudGlmaWVyPC9rZXk+CgkJCTxzdHJpbmc+U24wMngyT0ZMZ0g2YTVrNGpZSHJ2Q1J2RVd6U1hRVjAucmVzdHJpY3Rpb248L3N0cmluZz4KCQkJPGtleT5QYXlsb2FkVVVJRDwva2V5PgoJCQk8c3RyaW5nPmQ2MjVkMzQ1LTZhZTUtNDkzYy1iNWNlLTkyOGY2MTdjMjM1MDwvc3RyaW5nPgoJCQk8a2V5PlBheWxvYWREaXNwbGF5TmFtZTwva2V5PgoJCQk8c3RyaW5nPlJlc3RyaWN0aW9u6YWN572uPC9zdHJpbmc+CgkJCTxrZXk+UGF5bG9hZERlc2NyaXB0aW9uPC9rZXk+CgkJCTxzdHJpbmc+UmVzdHJpY3Rpb27nm7jlhbPphY3nva48L3N0cmluZz4KCQkJPGtleT5QYXlsb2FkT3JnYW5pemF0aW9uPC9rZXk+CgkJCTxzdHJpbmc+UGVrYWxsIENhcHRpY2FsPC9zdHJpbmc+CgkJPC9kaWN0PgoJPC9hcnJheT4KCTxrZXk+UGF5bG9hZFJlbW92YWxEaXNhbGxvd2VkPC9rZXk+Cgk8dHJ1ZS8+Cgk8a2V5PlBheWxvYWRUeXBlPC9rZXk+Cgk8c3RyaW5nPkNvbmZpZ3VyYXRpb248L3N0cmluZz4KCTxrZXk+UGF5bG9hZFZlcnNpb248L2tleT4KCTxpbnRlZ2VyPjE8L2ludGVnZXI+Cgk8a2V5PlBheWxvYWRJZGVudGlmaWVyPC9rZXk+Cgk8c3RyaW5nPlNuMDJ4Mk9GTGdINmE1azRqWUhydkNSdkVXelNYUVYwPC9zdHJpbmc+Cgk8a2V5PlBheWxvYWRVVUlEPC9rZXk+Cgk8c3RyaW5nPmFmMGFjYmQ5LWY1Y2MtNDYyNy1iMmRlLWU3N2RiMDc0MTVhYzwvc3RyaW5nPgoJPGtleT5QYXlsb2FkRGlzcGxheU5hbWU8L2tleT4KCTxzdHJpbmc+5YWB6K645L2/55So55u45py6PC9zdHJpbmc+Cgk8a2V5PlBheWxvYWREZXNjcmlwdGlvbjwva2V5PgoJPHN0cmluZz53b21nPC9zdHJpbmc+Cgk8a2V5PlBheWxvYWRPcmdhbml6YXRpb248L2tleT4KCTxzdHJpbmc+UGVrYWxsIENhcHRpY2FsPC9zdHJpbmc+CjwvZGljdD4KPC9wbGlzdD4=
05-19 17:46:01.172 D/MDM :   (12519): 		</data>
05-19 17:46:01.172 D/MDM :   (12519): 		<key>RequestType</key>
05-19 17:46:01.172 D/MDM :   (12519): 		<string>InstallProfile</string>
05-19 17:46:01.172 D/MDM :   (12519): 	</dict>
05-19 17:46:01.172 D/MDM :   (12519): </dict>
05-19 17:46:01.172 D/MDM :   (12519): </plist>
05-19 17:46:01.180 D/MdmDatabaseHelper(12519): [null:-1]->update command cac2e740-0eb3-49ed-954f-d61023a46bdf to status executed
05-19 17:46:01.250 D/CheckInTransInfo(12519): [null:-1]->CommandMsg : CommandMsg{CommandUUID='f4ca9540-8de0-48be-bbd1-4cd805420708', Command=CommandInstallProfile{super=CommandObject{RequestType='InstallProfile'}Payload=[60, 63, 120, 109, 108, 32, 118, 101, 114, 115, 105, 111, 110, 61, 34, 49, 46, 48, 34, 32, 101, 110, 99, 111, 100, 105, 110, 103, 61, 34, 85, 84, 70, 45, 56, 34, 63, 62, 10, 60, 33, 68, 79, 67, 84, 89, 80, 69, 32, 112, 108, 105, 115, 116, 32, 80, 85, 66, 76, 73, 67, 32, 34, 45, 47, 47, 65, 112, 112, 108, 101, 47, 47, 68, 84, 68, 32, 80, 76, 73, 83, 84, 32, 49, 46, 48, 47, 47, 69, 78, 34, 32, 34, 104, 116, 116, 112, 58, 47, 47, 119, 119, 119, 46, 97, 112, 112, 108, 101, 46, 99, 111, 109, 47, 68, 84, 68, 115, 47, 80, 114, 111, 112, 101, 114, 116, 121, 76, 105, 115, 116, 45, 49, 46, 48, 46, 100, 116, 100, 34, 62, 10, 60, 112, 108, 105, 115, 116, 32, 118, 101, 114, 115, 105, 111, 110, 61, 34, 49, 46, 48, 34, 62, 10, 60, 100, 105, 99, 116, 62, 10, 9, 60, 107, 101, 121, 62, 80, 97, 121, 108, 111, 97, 100, 67, 111, 110, 116, 101, 110, 116, 60, 47, 107, 101, 121, 62, 10, 9, 60, 97, 114, 114, 97, 121, 62, 10, 9, 9, 60, 100, 105, 99, 116, 62, 10, 9, 9, 9, 60, 107, 101, 121, 62, 99, 97, 109, 101, 114, 97, 60, 47, 107, 101, 121, 62, 10, 9, 9, 9, 60, 115, 116, 114, 105, 110, 103, 62, 101, 110, 97, 98, 108, 101, 100, 60, 47, 115, 116, 114, 105, 110, 103, 62, 10, 9, 9, 9, 60, 107, 101, 121, 62, 80, 97, 121, 108, 111, 97, 100, 84, 121, 112, 101, 60, 47, 107, 101, 121, 62, 10, 9, 9, 9, 60, 115, 116, 114, 105, 110, 103, 62, 99, 111, 109, 46, 112, 101, 107, 97, 108, 108, 46, 114, 101, 115, 116, 114, 105, 99, 116, 105, 111, 110, 115, 46, 112, 111, 108, 105, 99, 121, 60, 47, 115, 116, 114, 105, 110, 103, 62, 10, 9, 9, 9, 60, 107, 101, 121, 62, 80, 97, 121, 108, 111, 97, 100, 86, 101, 114, 115, 105, 111, 110, 60, 47, 107, 101, 121, 62, 10, 9, 9, 9, 60, 105, 110, 116, 101, 103, 101, 114, 62, 49, 60, 47, 105, 110, 116, 101, 103, 101, 114, 62, 10, 9, 9, 9, 60, 107, 101, 121, 62, 80, 97, 121, 108, 111, 97, 100, 73, 100, 101, 110, 116, 105, 102, 105, 101, 114, 60, 47, 107, 101, 121, 62, 10, 9, 9, 9, 60, 115, 116, 114, 105, 110, 103, 62, 83, 110, 48, 50, 120, 50, 79, 70, 76, 103, 72, 54, 97, 53, 107, 52, 106, 89, 72, 114, 118, 67, 82, 118, 69, 87, 122, 83, 88, 81, 86, 48, 46, 114, 101, 115, 116, 114, 105, 99, 116, 105, 111, 110, 60, 47, 115, 116, 114, 105, 110, 103, 62, 10, 9, 9, 9, 60, 107, 101, 121, 62, 80, 97, 121, 108, 111, 97, 100, 85, 85, 73, 68, 60, 47, 107, 101, 121, 62, 10, 9, 9, 9, 60, 115, 116, 114, 105, 110, 103, 62, 100, 54, 50, 53, 100, 51, 52, 53, 45, 54, 97, 101, 53, 45, 52, 57, 51, 99, 45, 98, 53, 99, 101, 45, 57, 50, 56, 102, 54, 49, 55, 99, 50, 51, 53, 48, 60, 47, 115, 116, 114, 105, 110, 103, 62, 10, 9, 9, 9, 60, 107, 101, 121, 62, 80, 97, 121, 108, 111, 97, 100, 68, 105, 115, 112, 108, 97, 121, 78, 97, 109, 101, 60, 47, 107, 101, 121, 62, 10, 9, 9, 9, 60, 115, 116, 114, 105, 110, 103, 62, 82, 101, 115, 116, 114, 105, 99, 116, 105, 111, 110, -23, -123, -115, -25, -67, -82, 60, 47, 115, 116, 114, 105, 110, 103, 62, 10, 9, 9, 9, 60, 107, 101, 121, 62, 80, 97, 121, 108, 111, 97, 100, 68, 101, 115, 99, 114, 105, 112, 116, 105, 111, 110, 60, 47, 107, 101, 121, 62, 10, 9, 9, 9, 60, 115, 116, 114, 105, 110, 103, 62, 82, 101, 115, 116, 114, 105, 99, 116, 105, 111, 110, -25, -101, -72, -27, -123, -77, -23, -123, -115, -25, -67, -82, 60, 47, 115, 116, 114, 105, 110, 103, 62, 10, 9, 9, 9, 60, 107, 101, 121, 62, 80, 97, 121, 108, 111, 97, 100, 79, 114, 103, 97, 110, 105, 122, 97, 116, 105, 111, 110, 60, 47, 107, 101, 121, 62, 10, 9, 9, 9, 60, 115, 116, 114, 105, 110, 103, 62, 80, 101, 107, 97, 108, 108, 32, 67, 97, 112, 116, 105, 99, 97, 108, 60, 47, 115, 116, 114, 105, 110, 103, 62, 10, 9, 9, 60, 47, 100, 105, 99, 116, 62, 10, 9, 60, 47, 97, 114, 114, 97, 121, 62, 10, 9, 60, 107, 101, 121, 62, 80, 97, 121, 108, 111, 97, 100, 82, 101, 109, 111, 118, 97, 108, 68, 105, 115, 97, 108, 108, 111, 119, 101, 100, 60, 47, 107, 101, 121, 62, 10, 9, 60, 116, 114, 117, 101, 47, 62, 10, 9, 60, 107, 101, 121, 62, 80, 97, 121, 108, 111, 97, 100, 
05-19 17:46:01.305 D/NetworkThread(12519): [null:-1]->clear mCurrentTransInfo
05-19 17:46:01.305 D/NetworkThread(12519): [null:-1]->queue is empty, thread wait...
05-19 17:46:01.406 D/MdmService(12519): [null:-1]->handleCheckInResult
05-19 17:46:01.406 D/MdmService(12519): [null:-1]->handleCheckInResult result keyIndex: 3
