05-19 17:44:13.203 D/MdmStatusManager(12519): [null:-1]->change status to : Idle
05-19 17:44:17.031 D/dalvikvm(14483): GC_CONCURRENT freed 522K, 6% free 9626K/10188K, paused 2ms+3ms, total 39ms
05-19 17:44:17.031 D/dalvikvm(14483): WAIT_FOR_CONCURRENT_GC blocked 11ms
05-19 17:44:21.945 V/a       (12519): Wait for reconcileAccounts finished in 45001ms
05-19 17:44:21.945 D/ExchangeService(12519): !!! EAS ExchangeService, stopping self
05-19 17:44:21.945 D/ExchangeService(12519): !!! EAS ExchangeService, onDestroy
05-19 17:44:22.797 D/CmdSelectEraseDevice(12519): [null:-1]->==========select erase device========
05-19 17:44:22.797 W/Parcel  ( 1661): Attempt to read object from Parcel 0x6013bdac at offset 200 that is not in the object list
05-19 17:44:22.805 D/MdmService(12519): [null:-1]->receiver action :com.pekall.mdm.action.SELECT_ERASE
05-19 17:44:22.805 D/mdm_log (12519): [null:-1]->action is : com.pekall.mdm.action.SELECT_ERASE
05-19 17:44:22.813 D/MDM :   (12519): [null:-1]->selectErase start to select eraser data 
05-19 17:44:22.820 V/MdmApp  (12519): [null:-1]->Token for user zhenhua.sang@pekall.com <password '123456', token '161310ee052a3f65bfe6393c79df3b3d1134'> has expired, ask user to re-login
05-19 17:44:22.867 W/Parcel  ( 1661): Attempt to read object from Parcel 0x5ded3dac at offset 200 that is not in the object list
05-19 17:44:22.867 I/ActivityManager(  374): START u0 {flg=0x10008000 cmp=com.pekall.emdm.launcher/com.pekall.emdm.ui.SplashActivity} from pid 12519
05-19 17:44:22.883 W/Parcel  ( 1661): Attempt to read object from Parcel 0x6003bdac at offset 200 that is not in the object list
05-19 17:44:22.883 W/ActivityManager(  374): Unable to start service Intent { act=com.pekall.mdm.action.SELECT_ERASE } U=0: not found
05-19 17:44:22.891 V/LauncherApplication(12519): onActivityStarted
05-19 17:44:22.891 D/        (12519): [---null: -1---]     awsa  onActivityResumed
05-19 17:44:22.891 V/LauncherApplication(12519): 2MdmConstant.LAST_LAUNCH_TIME = 1400492567271
05-19 17:44:22.906 D/        (12519): [---null: -1---]  activity = com.pekall.emdm.launcher.Launcher
05-19 17:44:22.906 V/DefultSetContriller(12519): isLauncherDf = com.pekall.emdm.launcher
05-19 17:44:22.914 W/Parcel  ( 1661): Attempt to read object from Parcel 0x5ec3bdac at offset 200 that is not in the object list
05-19 17:44:22.914 V/Launcher(12519): onResume1111111 
05-19 17:44:22.914 V/Launcher(12519): is logout ----> 
05-19 17:44:22.914 I/ActivityManager(  374): START u0 {flg=0x10000000 cmp=com.pekall.emdm.launcher/.ui.BackPersonalActivity} from pid 12519
05-19 17:44:22.922 I/System.out(12519):  
05-19 17:44:22.922 I/System.out(12519): com.pekall.emdm.launcher.Workspace.setWallpaper(Unknown Source)
05-19 17:44:22.930 I/System.out(12519): com.pekall.emdm.launcher.Launcher.onResume(Unknown Source)
05-19 17:44:22.930 I/System.out(12519): android.app.Instrumentation.callActivityOnResume(Instrumentation.java:1192)
05-19 17:44:22.930 I/System.out(12519): android.app.Activity.performResume(Activity.java:5211)
05-19 17:44:22.930 I/System.out(12519): android.app.ActivityThread.performResumeActivity(ActivityThread.java:2780)
05-19 17:44:22.930 I/System.out(12519): android.app.ActivityThread.handleResumeActivity(ActivityThread.java:2819)
05-19 17:44:22.930 I/System.out(12519): android.app.ActivityThread$H.handleMessage(ActivityThread.java:1298)
05-19 17:44:22.930 I/System.out(12519): android.os.Handler.dispatchMessage(Handler.java:99)
05-19 17:44:22.930 I/System.out(12519): android.os.Looper.loop(Looper.java:137)
05-19 17:44:22.930 I/System.out(12519): android.app.ActivityThread.main(ActivityThread.java:5103)
05-19 17:44:22.930 I/System.out(12519): java.lang.reflect.Method.invokeNative(Native Method)
05-19 17:44:22.930 I/System.out(12519): java.lang.reflect.Method.invoke(Method.java:525)
05-19 17:44:22.930 I/System.out(12519): com.android.internal.os.ZygoteInit$MethodAndArgsCaller.run(ZygoteInit.java:737)
05-19 17:44:22.930 I/System.out(12519): com.android.internal.os.ZygoteInit.main(ZygoteInit.java:553)
05-19 17:44:22.930 I/System.out(12519): dalvik.system.NativeStart.main(Native Method)
05-19 17:44:23.188 D/dalvikvm(12519): JIT unchain all for threadid=11
05-19 17:44:23.320 D/dalvikvm(12519): GC_FOR_ALLOC freed 7570K, 15% free 62029K/72396K, paused 381ms, total 383ms
05-19 17:44:23.336 I/dalvikvm-heap(12519): Grow heap (frag case) to 63.934MB for 3415696-byte allocation
05-19 17:44:23.375 W/ActivityManager(  374): Activity pause timeout for ActivityRecord{429c2858 u0 com.pekall.emdm.launcher/.Launcher}
05-19 17:44:23.586 D/dalvikvm(12519): JIT unchain all for threadid=11
05-19 17:44:23.672 D/dalvikvm(12519): GC_FOR_ALLOC freed 20K, 14% free 65344K/75732K, paused 332ms, total 332ms
05-19 17:44:23.672 D/MDM :   (12519): [null:-1]->selectErase clear pushmessage
05-19 17:44:23.727 D/MDM :   (12519): [null:-1]->selectErase clear doc
05-19 17:44:23.828 D/MDM :   (12519): [null:-1]->selectErase clear managed_app
05-19 17:44:23.859 I/SqliteDatabaseCpp(12519): sqlite returned: error code = 1, msg = no such table: app, db=/data/data/com.pekall.emdm.launcher/databases/message.db
05-19 17:44:23.859 W/System.err(12519): com.pekall.sandbox.database.sqlite.SQLiteException: no such table: app: , while compiling: SELECT package, status FROM app
05-19 17:44:23.867 W/System.err(12519): 	at com.pekall.sandbox.database.sqlite.SQLiteCompiledSql.native_compile(Native Method)
05-19 17:44:23.867 W/System.err(12519): 	at com.pekall.sandbox.database.sqlite.SQLiteCompiledSql.<init>(Unknown Source)
05-19 17:44:23.867 W/System.err(12519): 	at com.pekall.sandbox.database.sqlite.SQLiteProgram.compileSql(Unknown Source)
05-19 17:44:23.867 W/System.err(12519): 	at com.pekall.sandbox.database.sqlite.SQLiteProgram.compileAndbindAllArgs(Unknown Source)
05-19 17:44:23.875 W/System.err(12519): 	at com.pekall.sandbox.database.sqlite.SQLiteProgram.<init>(Unknown Source)
05-19 17:44:23.875 W/System.err(12519): 	at com.pekall.sandbox.database.sqlite.SQLiteProgram.<init>(Unknown Source)
05-19 17:44:23.875 W/System.err(12519): 	at com.pekall.sandbox.database.sqlite.SQLiteQuery.<init>(Unknown Source)
05-19 17:44:23.875 W/System.err(12519): 	at com.pekall.sandbox.database.sqlite.SQLiteDirectCursorDriver.query(Unknown Source)
05-19 17:44:23.875 W/System.err(12519): 	at com.pekall.sandbox.database.sqlite.SQLiteDatabase.rawQueryWithFactory(Unknown Source)
05-19 17:44:23.875 W/System.err(12519): 	at com.pekall.sandbox.database.sqlite.SQLiteDatabase.queryWithFactory(Unknown Source)
05-19 17:44:23.875 W/System.err(12519): 	at com.pekall.sandbox.database.sqlite.SQLiteDatabase.query(Unknown Source)
05-19 17:44:23.875 W/System.err(12519): 	at com.pekall.sandbox.database.sqlite.SQLiteDatabase.query(Unknown Source)
05-19 17:44:23.875 W/System.err(12519): 	at com.pekall.emdm.database.a.g(Unknown Source)
05-19 17:44:23.875 W/System.err(12519): 	at com.pekall.emdm.b.run(Unknown Source)
05-19 17:44:23.875 W/System.err(12519): 	at java.lang.Thread.run(Thread.java:841)
05-19 17:44:23.883 D/MDM :   (12519): [null:-1]->selectErase cleag app
05-19 17:44:23.883 I/SqliteDatabaseCpp(12519): sqlite returned: error code = 1, msg = no such table: app, db=/data/data/com.pekall.emdm.launcher/databases/message.db
05-19 17:44:23.883 W/dalvikvm(12519): threadid=33: thread exiting with uncaught exception (group=0x419c8700)
05-19 17:44:23.883 D/        (12519): [---null: -1---]  Thread is Thread-991
05-19 17:44:23.883 W/ActivityManager(  374): Activity pause timeout for ActivityRecord{427e8768 u0 com.pekall.emdm.launcher/.ui.BackPersonalActivity}
05-19 17:44:23.891 W/System.err(12519): com.pekall.sandbox.database.sqlite.SQLiteException: no such table: app: , while compiling: DELETE FROM app
05-19 17:44:23.891 W/System.err(12519): 	at com.pekall.sandbox.database.sqlite.SQLiteCompiledSql.native_compile(Native Method)
05-19 17:44:23.891 W/System.err(12519): 	at com.pekall.sandbox.database.sqlite.SQLiteCompiledSql.<init>(Unknown Source)
05-19 17:44:23.891 W/System.err(12519): 	at com.pekall.sandbox.database.sqlite.SQLiteProgram.compileSql(Unknown Source)
05-19 17:44:23.891 W/System.err(12519): 	at com.pekall.sandbox.database.sqlite.SQLiteProgram.compileAndbindAllArgs(Unknown Source)
05-19 17:44:23.891 W/System.err(12519): 	at com.pekall.sandbox.database.sqlite.SQLiteStatement.acquireAndLock(Unknown Source)
05-19 17:44:23.891 W/System.err(12519): 	at com.pekall.sandbox.database.sqlite.SQLiteStatement.executeUpdateDelete(Unknown Source)
05-19 17:44:23.891 W/System.err(12519): 	at com.pekall.sandbox.database.sqlite.SQLiteDatabase.delete(Unknown Source)
05-19 17:44:23.891 W/System.err(12519): 	at com.pekall.emdm.database.a.e(Unknown Source)
05-19 17:44:23.891 W/System.err(12519): 	at com.pekall.emdm.b.run(Unknown Source)
05-19 17:44:23.891 W/System.err(12519): 	at java.lang.Thread.run(Thread.java:841)
05-19 17:44:23.914 D/LauncherApplication(12519): [null:-1]->onActivityPaused
05-19 17:44:23.922 D/LauncherApplication(12519): [null:-1]->onActivityPaused  updateTime
05-19 17:44:23.922 I/Choreographer(12519): Skipped 60 frames!  The application may be doing too much work on its main thread.
05-19 17:44:24.031 V/Launcher(12519): default_launcher = #Intent;launchFlags=0x10200000;component=com.android.launcher/com.android.launcher2.Launcher;end
05-19 17:44:24.031 W/Parcel  ( 1661): Attempt to read object from Parcel 0x6003bdac at offset 200 that is not in the object list
05-19 17:44:24.031 I/ActivityManager(  374): START u0 {act=android.intent.action.VIEW flg=0x10200000 cmp=com.android.launcher/com.android.launcher2.Launcher} from pid 12519
05-19 17:44:24.227 V/LauncherApplication(12519): onActivityStarted
05-19 17:44:24.227 D/        (12519): [---null: -1---]     awsa  onActivityResumed
05-19 17:44:24.227 V/LauncherApplication(12519): 2MdmConstant.LAST_LAUNCH_TIME = 1400492663934
05-19 17:44:24.234 D/        (12519): [---null: -1---]  activity = com.pekall.emdm.ui.SplashActivity
05-19 17:44:24.250 D/LauncherApplication(12519): [null:-1]->onActivityPaused
05-19 17:44:24.258 D/HomeLoaders(12519): aborting loaders
05-19 17:44:24.508 D/dalvikvm(12519): JIT unchain all for threadid=11
05-19 17:44:24.836 D/dalvikvm(12519): JIT unchain all for threadid=11
05-19 17:44:24.875 D/dalvikvm(12519): GC_EXPLICIT freed 472K, 13% free 65928K/75732K, paused 269ms+280ms, total 614ms
05-19 17:44:24.914 I/Choreographer(12519): Skipped 54 frames!  The application may be doing too much work on its main thread.
05-19 17:44:24.945 D/EmailBroadcastReceiver(12519): 1111  Email receives broadcast 'com.pekall.mdm.action.SELECT_ERASE'
05-19 17:44:24.945 D/AccountProvision(12519): Process email select erase broadcast.
05-19 17:44:24.945 W/Parcel  ( 1661): Attempt to read object from Parcel 0x5ec3bdac at offset 200 that is not in the object list
05-19 17:44:24.953 V/h       (12519): Bind requested for task deleteAccount
05-19 17:44:24.961 V/MessageReceiver(12519): Received message: com.pekall.mdm.action.SELECT_ERASE
05-19 17:44:25.008 D/MessageCenterReceiver(12519): action is : com.pekall.mdm.action.SELECT_ERASE
05-19 17:44:25.008 D/MessageProvider(12519): uri is content://com.pekall.emdm.message/message
05-19 17:44:25.039 W/Parcel  ( 1661): Attempt to read object from Parcel 0x5ef3bdac at offset 200 that is not in the object list
05-19 17:44:25.047 D/MessageProvider(12519): delete all message
05-19 17:44:25.047 D/MessageCenterReceiver(12519): uri is : content://com.pekall.emdm.message/message  , count is 9
05-19 17:44:25.063 V/h       (12519): Connected: com.pekall.semail.service.AccountService
05-19 17:44:25.070 W/AccountService(12519): There's no account.
05-19 17:44:25.078 V/h       (12519): Task deleteAccount completed; disconnecting
05-19 17:44:25.078 I/Email   (12519): Notifications being toggled: false
05-19 17:44:25.078 W/ActivityManager(  374): Unable to start service Intent { cmp=com.pekall.emdm.launcher/com.pekall.semail.service.AttachmentDownloadService } U=0: not found
05-19 17:44:25.727 W/Parcel  ( 1661): Attempt to read object from Parcel 0x5dfd3dac at offset 200 that is not in the object list
05-19 17:44:25.727 I/ActivityManager(  374): START u0 {cmp=com.pekall.emdm.launcher/com.pekall.emdm.ui.ActiveDeviceAdminActivity} from pid 12519
05-19 17:44:25.758 D/dalvikvm(14483): GC_CONCURRENT freed 522K, 6% free 9613K/10188K, paused 2ms+5ms, total 40ms
05-19 17:44:33.055 D/MdmService(12519): [null:-1]->receiver action :com.pekall.mdm.action.MDM_ALARM
05-19 17:44:33.195 D/AndroidRuntime(14762): 
05-19 17:44:33.195 D/AndroidRuntime(14762): >>>>>> AndroidRuntime START com.android.internal.os.RuntimeInit <<<<<<
05-19 17:44:33.195 D/AndroidRuntime(14762): CheckJNI is OFF
05-19 17:44:33.211 D/dalvikvm(14762): Trying to load lib libjavacore.so 0x0
05-19 17:44:33.219 D/dalvikvm(14762): Added shared lib libjavacore.so 0x0
05-19 17:44:33.234 D/dalvikvm(14762): Trying to load lib libnativehelper.so 0x0
05-19 17:44:33.234 D/dalvikvm(14762): Added shared lib libnativehelper.so 0x0
05-19 17:44:33.484 D/AndroidRuntime(14762): Calling main entry com.android.commands.uiautomator.Launcher
05-19 17:44:33.516 D/dalvikvm(14762): Note: class Landroid/app/ActivityManagerNative; has 163 unimplemented (abstract) methods
05-19 17:44:33.570 I/PowerManagerService(  374): Waking up from sleep...
05-19 17:44:33.617 I/WindowManager(  374): Lock screen displayed!
05-19 17:44:33.727 W/Parcel  ( 1661): Attempt to read object from Parcel 0x5ef3bdac at offset 200 that is not in the object list
05-19 17:44:33.734 W/Parcel  ( 1661): Attempt to read object from Parcel 0x5dfd3dac at offset 200 that is not in the object list
05-19 17:44:33.891 V/DigitalWidgetViewsFactory( 2455): DigitalWidget sets next alarm string to null
05-19 17:44:33.906 W/Settings( 1661): Setting airplane_mode_on has moved from android.provider.Settings.System to android.provider.Settings.Global, returning read-only value.
05-19 17:44:33.930 D/PowerManagerService-JNI(  374): Excessive delay in autosuspend_disable() while turning screen on: 353ms
05-19 17:44:33.930 D/SurfaceFlinger(  124): Screen acquired, type=0 flinger=0x40e95478
05-19 17:44:33.945 W/Parcel  ( 1661): Attempt to read object from Parcel 0x5dfd3dac at offset 200 that is not in the object list
05-19 17:44:34.008 D/LightsService(  374): Excessive delay setting light: 82ms
05-19 17:44:34.039 D/dalvikvm(  448): GC_CONCURRENT freed 1627K, 14% free 14235K/16500K, paused 5ms+15ms, total 188ms
05-19 17:44:34.078 D/dalvikvm(10683): GC_CONCURRENT freed 385K, 6% free 9505K/10044K, paused 4ms+3ms, total 164ms
05-19 17:44:34.078 D/LightsService(  374): Excessive delay setting light: 67ms
05-19 17:44:34.594 I/QueryController(14762): Matched selector: UiSelector[DESCRIPTION=Slide area., PACKAGE NAME=android] <<==>> [android.view.accessibility.AccessibilityNodeInfo@13c9d5; boundsInParent: Rect(0, 0 - 720, 756); boundsInScreen: Rect(0, 547 - 720, 1303); packageName: android; className: android.view.View; text: null; contentDescription: Slide area.; viewIdResName: android:id/glow_pad_view; checkable: false; checked: false; focusable: false; focused: false; selected: false; clickable: false; longClickable: false; enabled: true; password: false; scrollable: false; [ACTION_SELECT, ACTION_CLEAR_SELECTION, ACTION_ACCESSIBILITY_FOCUS, ACTION_NEXT_AT_MOVEMENT_GRANULARITY, ACTION_PREVIOUS_AT_MOVEMENT_GRANULARITY, ACTION_SET_SELECTION]]
05-19 17:44:34.609 W/GlowPadView(  374): The number of target drawables must be equal to the number of direction descriptions.
05-19 17:44:34.938 D/PhoneStatusBar(  448): disable: < expand icons alerts ticker system_info BACK HOME recent* CLOCK search* >
05-19 17:44:34.945 W/Parcel  ( 1661): Attempt to read object from Parcel 0x6003bdac at offset 200 that is not in the object list
05-19 17:44:34.961 D/NfcService(  568): NFC-C ON
05-19 17:44:34.969 I/uninstall(10785): SelfUninstallManager -> initUninstallTask
05-19 17:44:34.969 I/uninstall(10785): initUninstallTask init is running, return
05-19 17:44:35.000 W/Parcel  ( 1661): Attempt to read object from Parcel 0x5ef3bdac at offset 200 that is not in the object list
05-19 17:44:35.000 D/PhoneStatusBar(  448): disable: < expand icons alerts ticker system_info back* home* recent clock* search >
05-19 17:44:35.008 W/InputMethodManagerService(  374): Window already focused, ignoring focus gain of: com.android.internal.view.IInputMethodClient$Stub$Proxy@428ee270 attribute=android.view.inputmethod.EditorInfo@42d2afc0, token = android.os.BinderProxy@42942f70
05-19 17:44:35.055 D/dalvikvm(10683): GC_FOR_ALLOC freed 202K, 6% free 9519K/10044K, paused 19ms, total 20ms
05-19 17:44:35.445 V/TAG     (  374): bug 7643792: fitSystemWindows([0,50][0,0])
05-19 17:44:35.578 W/ResourceType(  576): No known package when getting name for resource number 0x9b000000
05-19 17:44:35.578 W/ResourceType(  576): No known package when getting name for resource number 0x9b010100
05-19 17:44:35.578 W/ResourceType(  576): No known package when getting name for resource number 0x9b030300
05-19 17:44:35.578 W/ResourceType(  576): No known package when getting name for resource number 0x9b040400
05-19 17:44:35.578 W/ResourceType(  576): No known package when getting name for resource number 0x9c030103
05-19 17:44:35.578 W/ResourceType(  576): No known package when getting name for resource number 0x9c030203
05-19 17:44:35.586 W/ResourceType(  576): No known package when getting name for resource number 0x9c010002
05-19 17:44:35.609 W/ResourceType(  576): No known package when getting name for resource number 0x9c020000
05-19 17:44:35.609 W/ResourceType(  576): No known package when getting name for resource number 0x9c020100
05-19 17:44:35.609 W/ResourceType(  576): No known package when getting name for resource number 0x9c020300
05-19 17:44:35.609 W/ResourceType(  576): No known package when getting name for resource number 0x9c020003
05-19 17:44:35.617 W/ResourceType(  576): No known package when getting name for resource number 0x9c020303
05-19 17:44:35.633 W/ResourceType(  576): No known package when getting name for resource number 0x9b000000
05-19 17:44:35.633 W/ResourceType(  576): No known package when getting name for resource number 0x9b010100
05-19 17:44:35.633 W/ResourceType(  576): No known package when getting name for resource number 0x9b030300
05-19 17:44:35.633 W/ResourceType(  576): No known package when getting name for resource number 0x9b040400
05-19 17:44:35.641 W/ResourceType(  576): No known package when getting name for resource number 0x9c030103
05-19 17:44:35.641 W/ResourceType(  576): No known package when getting name for resource number 0x9c030203
05-19 17:44:35.641 W/ResourceType(  576): No known package when getting name for resource number 0x9c010002
05-19 17:44:35.672 W/ResourceType(  576): No known package when getting name for resource number 0x9b000000
05-19 17:44:35.672 W/ResourceType(  576): No known package when getting name for resource number 0x9b010100
05-19 17:44:35.680 W/ResourceType(  576): No known package when getting name for resource number 0x9b030300
05-19 17:44:35.680 W/ResourceType(  576): No known package when getting name for resource number 0x9b040400
05-19 17:44:35.680 W/ResourceType(  576): No known package when getting name for resource number 0x9c030103
05-19 17:44:35.680 W/ResourceType(  576): No known package when getting name for resource number 0x9c030203
05-19 17:44:35.680 W/ResourceType(  576): No known package when getting name for resource number 0x9c010002
05-19 17:44:35.703 W/ResourceType(  576): No known package when getting name for resource number 0x9b000000
05-19 17:44:35.703 W/ResourceType(  576): No known package when getting name for resource number 0x9b010100
05-19 17:44:35.703 W/ResourceType(  576): No known package when getting name for resource number 0x9b030300
05-19 17:44:35.703 W/ResourceType(  576): No known package when getting name for resource number 0x9b040400
05-19 17:44:35.711 W/ResourceType(  576): No known package when getting name for resource number 0x9c030103
05-19 17:44:35.711 W/ResourceType(  576): No known package when getting name for resource number 0x9c030203
05-19 17:44:35.711 W/ResourceType(  576): No known package when getting name for resource number 0x9c010002
05-19 17:44:35.727 W/ResourceType(  576): No known package when getting name for resource number 0x9b000000
05-19 17:44:35.727 W/ResourceType(  576): No known package when getting name for resource number 0x9b010100
05-19 17:44:35.727 W/ResourceType(  576): No known package when getting name for resource number 0x9b030300
05-19 17:44:35.727 W/ResourceType(  576): No known package when getting name for resource number 0x9b040400
05-19 17:44:35.734 W/ResourceType(  576): No known package when getting name for resource number 0x9c030103
05-19 17:44:35.734 W/ResourceType(  576): No known package when getting name for resource number 0x9c030203
05-19 17:44:35.734 W/ResourceType(  576): No known package when getting name for resource number 0x9c010002
05-19 17:44:35.750 W/ResourceType(  576): No known package when getting name for resource number 0x9b000000
05-19 17:44:35.750 W/ResourceType(  576): No known package when getting name for resource number 0x9b010100
05-19 17:44:35.750 W/ResourceType(  576): No known package when getting name for resource number 0x9b030300
05-19 17:44:35.750 W/ResourceType(  576): No known package when getting name for resource number 0x9b040400
05-19 17:44:35.758 W/ResourceType(  576): No known package when getting name for resource number 0x9c030103
05-19 17:44:35.758 W/ResourceType(  576): No known package when getting name for resource number 0x9c030203
05-19 17:44:35.758 W/ResourceType(  576): No known package when getting name for resource number 0x9c010002
05-19 17:44:35.774 I/QueryController(14762): Matched selector: UiSelector[PACKAGE NAME=com.android.launcher] <<==>> [android.view.accessibility.AccessibilityNodeInfo@7631; boundsInParent: Rect(0, 0 - 720, 1184); boundsInScreen: Rect(0, 0 - 720, 1184); packageName: com.android.launcher; className: android.widget.FrameLayout; text: null; contentDescription: null; viewIdResName: null; checkable: false; checked: false; focusable: false; focused: false; selected: false; clickable: false; longClickable: false; enabled: true; password: false; scrollable: false; [ACTION_SELECT, ACTION_CLEAR_SELECTION, ACTION_ACCESSIBILITY_FOCUS]]
05-19 17:44:35.781 W/ResourceType(  576): No known package when getting name for resource number 0x9b000000
05-19 17:44:35.781 W/ResourceType(  576): No known package when getting name for resource number 0x9b010100
05-19 17:44:35.781 W/ResourceType(  576): No known package when getting name for resource number 0x9b030300
05-19 17:44:35.781 W/ResourceType(  576): No known package when getting name for resource number 0x9b040400
05-19 17:44:35.781 W/ResourceType(  576): No known package when getting name for resource number 0x9c030103
05-19 17:44:35.781 W/ResourceType(  576): No known package when getting name for resource number 0x9c030203
05-19 17:44:35.781 W/ResourceType(  576): No known package when getting name for resource number 0x9c010002
05-19 17:44:35.797 I/QueryController(14762): Matched selector: UiSelector[DESCRIPTION=Apps, PACKAGE NAME=com.android.launcher] <<==>> [android.view.accessibility.AccessibilityNodeInfo@c506; boundsInParent: Rect(524232, 0 - 524360, 128); boundsInScreen: Rect(296, 1040 - 424, 1168); packageName: com.android.launcher; className: android.widget.TextView; text: null; contentDescription: Apps; viewIdResName: null; checkable: false; checked: false; focusable: true; focused: false; selected: false; clickable: true; longClickable: false; enabled: true; password: false; scrollable: false; [ACTION_FOCUS, ACTION_SELECT, ACTION_CLEAR_SELECTION, ACTION_CLICK, ACTION_ACCESSIBILITY_FOCUS]]
05-19 17:44:35.805 W/ResourceType(  576): No known package when getting name for resource number 0x9b000000
05-19 17:44:35.805 W/ResourceType(  576): No known package when getting name for resource number 0x9b010100
05-19 17:44:35.805 W/ResourceType(  576): No known package when getting name for resource number 0x9b030300
05-19 17:44:35.805 W/ResourceType(  576): No known package when getting name for resource number 0x9b040400
05-19 17:44:35.805 W/ResourceType(  576): No known package when getting name for resource number 0x9c030103
05-19 17:44:35.805 W/ResourceType(  576): No known package when getting name for resource number 0x9c030203
05-19 17:44:35.813 W/ResourceType(  576): No known package when getting name for resource number 0x9c010002
05-19 17:44:35.820 I/QueryController(14762): Matched selector: UiSelector[DESCRIPTION=Apps, PACKAGE NAME=com.android.launcher] <<==>> [android.view.accessibility.AccessibilityNodeInfo@c506; boundsInParent: Rect(524232, 0 - 524360, 128); boundsInScreen: Rect(296, 1040 - 424, 1168); packageName: com.android.launcher; className: android.widget.TextView; text: null; contentDescription: Apps; viewIdResName: null; checkable: false; checked: false; focusable: true; focused: false; selected: false; clickable: true; longClickable: false; enabled: true; password: false; scrollable: false; [ACTION_FOCUS, ACTION_SELECT, ACTION_CLEAR_SELECTION, ACTION_CLICK, ACTION_ACCESSIBILITY_FOCUS]]
05-19 17:44:35.820 D/InteractionController(14762): clickAndWaitForNewWindow(360, 1104)
05-19 17:44:35.859 D/dalvikvm(  576): GC_CONCURRENT freed 2442K, 27% free 16659K/22700K, paused 3ms+4ms, total 30ms
05-19 17:44:36.680 I/QueryController(14762): Matched selector: UiSelector[TEXT=Apps, CLASS=android.widget.TextView, PACKAGE NAME=com.android.launcher] <<==>> [android.view.accessibility.AccessibilityNodeInfo@1883a; boundsInParent: Rect(524257, 0 - 524399, 104); boundsInScreen: Rect(0, 50 - 142, 154); packageName: com.android.launcher; className: android.widget.TextView; text: Apps; contentDescription: Apps; viewIdResName: null; checkable: false; checked: false; focusable: true; focused: false; selected: true; clickable: true; longClickable: false; enabled: true; password: false; scrollable: false; [ACTION_FOCUS, ACTION_SELECT, ACTION_CLEAR_SELECTION, ACTION_CLICK, ACTION_ACCESSIBILITY_FOCUS, ACTION_NEXT_AT_MOVEMENT_GRANULARITY, ACTION_PREVIOUS_AT_MOVEMENT_GRANULARITY, ACTION_SET_SELECTION]]
05-19 17:44:36.727 I/QueryController(14762): Matched selector: UiSelector[TEXT=Apps, CLASS=android.widget.TextView, PACKAGE NAME=com.android.launcher] <<==>> [android.view.accessibility.AccessibilityNodeInfo@1883a; boundsInParent: Rect(524257, 0 - 524399, 104); boundsInScreen: Rect(0, 50 - 142, 154); packageName: com.android.launcher; className: android.widget.TextView; text: Apps; contentDescription: Apps; viewIdResName: null; checkable: false; checked: false; focusable: true; focused: false; selected: true; clickable: true; longClickable: false; enabled: true; password: false; scrollable: false; [ACTION_FOCUS, ACTION_SELECT, ACTION_CLEAR_SELECTION, ACTION_CLICK, ACTION_ACCESSIBILITY_FOCUS, ACTION_NEXT_AT_MOVEMENT_GRANULARITY, ACTION_PREVIOUS_AT_MOVEMENT_GRANULARITY, ACTION_SET_SELECTION]]
05-19 17:44:36.727 D/UiObject(14762): getText() = Apps
05-19 17:44:37.234 I/QueryController(14762): Matched selector: UiSelector[TEXT=Apps, CLASS=android.widget.TextView, PACKAGE NAME=com.android.launcher] <<==>> [android.view.accessibility.AccessibilityNodeInfo@1883a; boundsInParent: Rect(524257, 0 - 524399, 104); boundsInScreen: Rect(0, 50 - 142, 154); packageName: com.android.launcher; className: android.widget.TextView; text: Apps; contentDescription: Apps; viewIdResName: null; checkable: false; checked: false; focusable: true; focused: false; selected: true; clickable: true; longClickable: false; enabled: true; password: false; scrollable: false; [ACTION_FOCUS, ACTION_SELECT, ACTION_CLEAR_SELECTION, ACTION_CLICK, ACTION_ACCESSIBILITY_FOCUS, ACTION_NEXT_AT_MOVEMENT_GRANULARITY, ACTION_PREVIOUS_AT_MOVEMENT_GRANULARITY, ACTION_SET_SELECTION]]
05-19 17:44:37.274 I/QueryController(14762): Matched selector: UiSelector[TEXT=Apps, CLASS=android.widget.TextView, PACKAGE NAME=com.android.launcher] <<==>> [android.view.accessibility.AccessibilityNodeInfo@1883a; boundsInParent: Rect(524257, 0 - 524399, 104); boundsInScreen: Rect(0, 50 - 142, 154); packageName: com.android.launcher; className: android.widget.TextView; text: Apps; contentDescription: Apps; viewIdResName: null; checkable: false; checked: false; focusable: true; focused: false; selected: true; clickable: true; longClickable: false; enabled: true; password: false; scrollable: false; [ACTION_FOCUS, ACTION_SELECT, ACTION_CLEAR_SELECTION, ACTION_CLICK, ACTION_ACCESSIBILITY_FOCUS, ACTION_NEXT_AT_MOVEMENT_GRANULARITY, ACTION_PREVIOUS_AT_MOVEMENT_GRANULARITY, ACTION_SET_SELECTION]]
05-19 17:44:37.274 D/InteractionController(14762): clickAndWaitForNewWindow(71, 102)
05-19 17:44:40.383 W/InteractionController(14762): runAndwaitForEvent timedout waiting for events
05-19 17:44:40.399 I/QueryController(14762): Matched selector: UiSelector[PACKAGE NAME=com.android.launcher] <<==>> [android.view.accessibility.AccessibilityNodeInfo@7631; boundsInParent: Rect(0, 0 - 720, 1184); boundsInScreen: Rect(0, 0 - 720, 1184); packageName: com.android.launcher; className: android.widget.FrameLayout; text: null; contentDescription: null; viewIdResName: null; checkable: false; checked: false; focusable: false; focused: false; selected: false; clickable: false; longClickable: false; enabled: true; password: false; scrollable: false; [ACTION_SELECT, ACTION_CLEAR_SELECTION, ACTION_ACCESSIBILITY_FOCUS]]
05-19 17:44:40.750 D/dalvikvm(10758): GC_CONCURRENT freed 386K, 5% free 9555K/9996K, paused 1ms+1ms, total 22ms
05-19 17:44:42.305 I/QueryController(14762): Matched selector: UiSelector[TEXT=Pekall enterprise mobile office] <<==>> [android.view.accessibility.AccessibilityNodeInfo@73c7f; boundsInParent: Rect(0, 0 - 148, 184); boundsInScreen: Rect(196, 186 - 344, 370); packageName: com.android.launcher; className: android.widget.TextView; text: Pekall enterprise mobile office; contentDescription: null; viewIdResName: null; checkable: false; checked: false; focusable: true; focused: false; selected: false; clickable: true; longClickable: true; enabled: true; password: false; scrollable: false; [ACTION_FOCUS, ACTION_SELECT, ACTION_CLEAR_SELECTION, ACTION_CLICK, ACTION_LONG_CLICK, ACTION_ACCESSIBILITY_FOCUS, ACTION_NEXT_AT_MOVEMENT_GRANULARITY, ACTION_PREVIOUS_AT_MOVEMENT_GRANULARITY, ACTION_SET_SELECTION]]
05-19 17:44:42.328 I/QueryController(14762): Matched selector: UiSelector[TEXT=Pekall enterprise mobile office] <<==>> [android.view.accessibility.AccessibilityNodeInfo@73c7f; boundsInParent: Rect(0, 0 - 148, 184); boundsInScreen: Rect(196, 186 - 344, 370); packageName: com.android.launcher; className: android.widget.TextView; text: Pekall enterprise mobile office; contentDescription: null; viewIdResName: null; checkable: false; checked: false; focusable: true; focused: false; selected: false; clickable: true; longClickable: true; enabled: true; password: false; scrollable: false; [ACTION_FOCUS, ACTION_SELECT, ACTION_CLEAR_SELECTION, ACTION_CLICK, ACTION_LONG_CLICK, ACTION_ACCESSIBILITY_FOCUS, ACTION_NEXT_AT_MOVEMENT_GRANULARITY, ACTION_PREVIOUS_AT_MOVEMENT_GRANULARITY, ACTION_SET_SELECTION]]
05-19 17:44:42.328 D/InteractionController(14762): clickAndWaitForNewWindow(270, 278)
05-19 17:44:42.477 W/Parcel  ( 1661): Attempt to read object from Parcel 0x6013bdac at offset 200 that is not in the object list
05-19 17:44:42.477 I/ActivityManager(  374): START u0 {act=android.intent.action.MAIN cat=[android.intent.category.LAUNCHER] flg=0x10200000 cmp=com.pekall.emdm.launcher/.Launcher} from pid 576
05-19 17:44:42.594 D/dalvikvm(  374): GC_FOR_ALLOC freed 2118K, 28% free 19507K/26820K, paused 66ms, total 70ms
05-19 17:44:42.664 D/MDM :   (12519): [null:-1]->width 104
05-19 17:44:42.672 D/MDM :   (12519): [null:-1]->height 104
05-19 17:44:42.672 D/MDM :   (12519): [null:-1]->scale 0.5
05-19 17:44:42.672 D/MDM :   (12519): [null:-1]->tint false
05-19 17:44:42.672 D/MDM :   (12519): [null:-1]->width 104
05-19 17:44:42.672 D/MDM :   (12519): [null:-1]->height 104
05-19 17:44:42.672 D/MDM :   (12519): [null:-1]->scale 0.5
05-19 17:44:42.680 D/MDM :   (12519): [null:-1]->tint false
05-19 17:44:42.680 D/MDM :   (12519): [null:-1]->icon instanceof BitmapDrawable
05-19 17:44:42.680 D/MDM :   (12519): [null:-1]->  iconWidth 87
05-19 17:44:42.680 D/MDM :   (12519): [null:-1]->  iconHeight 87
05-19 17:44:42.680 D/MDM :   (12519): [null:-1]->  107 87
05-19 17:44:42.680 D/MDM :   (12519): [null:-1]->width 104
05-19 17:44:42.680 D/MDM :   (12519): [null:-1]->height 104
05-19 17:44:42.680 D/MDM :   (12519): [null:-1]->scale 1.0
05-19 17:44:42.688 D/MDM :   (12519): [null:-1]->tint false
05-19 17:44:42.688 D/MDM :   (12519): [null:-1]->width 104
05-19 17:44:42.688 D/MDM :   (12519): [null:-1]->height 104
05-19 17:44:42.688 D/MDM :   (12519): [null:-1]->scale 1.0
05-19 17:44:42.688 D/MDM :   (12519): [null:-1]->tint false
05-19 17:44:42.688 D/MDM :   (12519): [null:-1]->icon instanceof BitmapDrawable
05-19 17:44:42.688 D/MDM :   (12519): [null:-1]->  iconWidth 87
05-19 17:44:42.688 D/MDM :   (12519): [null:-1]->  iconHeight 87
05-19 17:44:42.695 D/MDM :   (12519): [null:-1]->  107 87
05-19 17:44:42.695 D/MDM :   (12519): [null:-1]->width 104
05-19 17:44:42.695 D/MDM :   (12519): [null:-1]->height 104
05-19 17:44:42.695 D/MDM :   (12519): [null:-1]->scale 1.0
05-19 17:44:42.695 D/MDM :   (12519): [null:-1]->tint false
05-19 17:44:42.695 D/MDM :   (12519): [null:-1]->width 104
05-19 17:44:42.695 D/MDM :   (12519): [null:-1]->height 104
05-19 17:44:42.695 D/MDM :   (12519): [null:-1]->scale 1.0
05-19 17:44:42.703 D/MDM :   (12519): [null:-1]->tint false
05-19 17:44:42.703 D/MDM :   (12519): [null:-1]->icon instanceof BitmapDrawable
05-19 17:44:42.703 D/MDM :   (12519): [null:-1]->  iconWidth 87
05-19 17:44:42.703 D/MDM :   (12519): [null:-1]->  iconHeight 87
05-19 17:44:42.703 D/MDM :   (12519): [null:-1]->  107 87
05-19 17:44:42.703 D/MDM :   (12519): [null:-1]->width 104
05-19 17:44:42.703 D/MDM :   (12519): [null:-1]->height 104
05-19 17:44:42.703 D/MDM :   (12519): [null:-1]->scale 1.0
05-19 17:44:42.703 D/MDM :   (12519): [null:-1]->tint false
05-19 17:44:42.961 D/dalvikvm(12519): JIT unchain all for threadid=11
05-19 17:44:43.039 D/dalvikvm(12519): GC_FOR_ALLOC freed 5761K, 19% free 61387K/75732K, paused 328ms, total 328ms
05-19 17:44:43.164 V/Launcher(12519): isLauncherDf = true
05-19 17:44:43.164 V/Launcher(12519): isPhoneDf = true
05-19 17:44:43.172 D/        (12519): [---null: -1---]  ScreenWidth  720
05-19 17:44:43.172 D/        (12519): [---null: -1---]  ScreenHeight  1184
05-19 17:44:43.180 D/HomeLoaders(12519): load applications
05-19 17:44:43.180 D/HomeLoaders(12519):   --> applications loaded, return
05-19 17:44:43.180 D/HomeLoaders(12519): loading user items in Thread[main,5,main]
05-19 17:44:43.180 D/HomeLoaders(12519):   --> items loaded, return
05-19 17:44:43.180 D/HomeLoaders(12519):   --> loading from cache: 11, 0
05-19 17:44:43.180 D/Launcher(12519): ------> binding 11 items
05-19 17:44:43.188 D/Launcher(12519): ------> binding 0 widgets
05-19 17:44:43.188 D/Launcher(12519): ------> start binding items
05-19 17:44:43.188 W/Parcel  ( 1661): Attempt to read object from Parcel 0x6013bdac at offset 200 that is not in the object list
05-19 17:44:43.188 W/Parcel  ( 1661): Attempt to read object from Parcel 0x5ded3dac at offset 200 that is not in the object list
05-19 17:44:43.188 D/Email   (12519): Email: init sandbox at the beginning.
05-19 17:44:43.188 V/l       (12519): Bind requested for task setLogging
05-19 17:44:43.211 W/Parcel  ( 1661): Attempt to read object from Parcel 0x5ec3bdac at offset 200 that is not in the object list
05-19 17:44:43.219 W/Parcel  ( 1661): Attempt to read object from Parcel 0x6003bdac at offset 200 that is not in the object list
05-19 17:44:43.227 V/LauncherApplication(12519): onActivityStarted
05-19 17:44:43.227 D/        (12519): [---null: -1---]     awsa  onActivityResumed
05-19 17:44:43.227 V/LauncherApplication(12519): 2MdmConstant.LAST_LAUNCH_TIME = 1400492663934
05-19 17:44:43.242 D/        (12519): [---null: -1---]  activity = com.pekall.emdm.launcher.Launcher
05-19 17:44:43.242 V/LauncherApplication(12519): is not regist
05-19 17:44:43.242 W/Parcel  ( 1661): Attempt to read object from Parcel 0x5ef3bdac at offset 200 that is not in the object list
05-19 17:44:43.242 E/LauncherApplication(12519): isShowLogoutUI = true
05-19 17:44:43.242 E/LauncherApplication(12519): LogoutShowTime 1
05-19 17:44:43.242 V/Launcher(12519): onResume1111111 
05-19 17:44:43.242 V/Launcher(12519): is logout ----> 
05-19 17:44:43.242 I/System.out(12519):  
05-19 17:44:43.242 I/ActivityManager(  374): START u0 {cmp=com.pekall.emdm.launcher/com.pekall.emdm.ui.SplashActivity} from pid 12519
05-19 17:44:43.250 I/System.out(12519): com.pekall.emdm.launcher.Workspace.setWallpaper(Unknown Source)
05-19 17:44:43.250 I/System.out(12519): com.pekall.emdm.launcher.Launcher.onResume(Unknown Source)
05-19 17:44:43.250 I/System.out(12519): android.app.Instrumentation.callActivityOnResume(Instrumentation.java:1192)
05-19 17:44:43.250 I/System.out(12519): android.app.Activity.performResume(Activity.java:5211)
05-19 17:44:43.250 I/System.out(12519): android.app.ActivityThread.performResumeActivity(ActivityThread.java:2780)
05-19 17:44:43.250 I/System.out(12519): android.app.ActivityThread.handleResumeActivity(ActivityThread.java:2819)
05-19 17:44:43.250 I/System.out(12519): android.app.ActivityThread.handleLaunchActivity(ActivityThread.java:2266)
05-19 17:44:43.250 I/System.out(12519): android.app.ActivityThread.access$600(ActivityThread.java:141)
05-19 17:44:43.250 I/System.out(12519): android.app.ActivityThread$H.handleMessage(ActivityThread.java:1256)
05-19 17:44:43.250 I/System.out(12519): android.os.Handler.dispatchMessage(Handler.java:99)
05-19 17:44:43.250 I/System.out(12519): android.os.Looper.loop(Looper.java:137)
05-19 17:44:43.250 I/System.out(12519): android.app.ActivityThread.main(ActivityThread.java:5103)
05-19 17:44:43.250 I/System.out(12519): java.lang.reflect.Method.invokeNative(Native Method)
05-19 17:44:43.250 I/System.out(12519): java.lang.reflect.Method.invoke(Method.java:525)
05-19 17:44:43.250 I/System.out(12519): com.android.internal.os.ZygoteInit$MethodAndArgsCaller.run(ZygoteInit.java:737)
05-19 17:44:43.250 I/System.out(12519): com.android.internal.os.ZygoteInit.main(ZygoteInit.java:553)
05-19 17:44:43.250 I/System.out(12519): dalvik.system.NativeStart.main(Native Method)
05-19 17:44:43.508 D/dalvikvm(12519): JIT unchain all for threadid=11
05-19 17:44:43.570 D/dalvikvm(12519): GC_FOR_ALLOC freed 4160K, 20% free 60660K/75732K, paused 319ms, total 319ms
05-19 17:44:43.594 I/Email   (12519): Notifications being toggled: false
05-19 17:44:43.594 W/ActivityManager(  374): Unable to start service Intent { cmp=com.pekall.emdm.launcher/com.pekall.semail.service.AttachmentDownloadService } U=0: not found
05-19 17:44:43.703 D/MDM :   (12519): [null:-1]->width 104
05-19 17:44:43.703 D/MDM :   (12519): [null:-1]->height 104
05-19 17:44:43.703 D/MDM :   (12519): [null:-1]->scale 1.0
05-19 17:44:43.703 D/MDM :   (12519): [null:-1]->tint false
05-19 17:44:43.703 D/MDM :   (12519): [null:-1]->width 104
05-19 17:44:43.711 D/MDM :   (12519): [null:-1]->height 104
05-19 17:44:43.711 D/MDM :   (12519): [null:-1]->scale 1.0
05-19 17:44:43.711 D/MDM :   (12519): [null:-1]->tint false
05-19 17:44:43.711 D/MDM :   (12519): [null:-1]->width 104
05-19 17:44:43.711 D/MDM :   (12519): [null:-1]->height 104
05-19 17:44:43.711 D/MDM :   (12519): [null:-1]->scale 1.0
05-19 17:44:43.719 D/MDM :   (12519): [null:-1]->tint false
05-19 17:44:43.719 D/MDM :   (12519): [null:-1]->width 104
05-19 17:44:43.719 D/MDM :   (12519): [null:-1]->height 104
05-19 17:44:43.719 D/MDM :   (12519): [null:-1]->scale 1.0
05-19 17:44:43.719 D/MDM :   (12519): [null:-1]->tint false
05-19 17:44:43.719 D/MDM :   (12519): [null:-1]->width 104
05-19 17:44:43.727 D/MDM :   (12519): [null:-1]->height 104
05-19 17:44:43.727 D/MDM :   (12519): [null:-1]->scale 1.0
05-19 17:44:43.727 D/MDM :   (12519): [null:-1]->tint false
05-19 17:44:43.727 D/MDM :   (12519): [null:-1]->width 104
05-19 17:44:43.727 D/MDM :   (12519): [null:-1]->height 104
05-19 17:44:43.727 D/MDM :   (12519): [null:-1]->scale 1.0
05-19 17:44:43.727 D/MDM :   (12519): [null:-1]->tint false
05-19 17:44:43.734 D/MDM :   (12519): [null:-1]->width 104
05-19 17:44:43.734 D/MDM :   (12519): [null:-1]->height 104
05-19 17:44:43.734 D/MDM :   (12519): [null:-1]->scale 1.0
05-19 17:44:43.734 D/MDM :   (12519): [null:-1]->tint false
05-19 17:44:43.734 D/MDM :   (12519): [null:-1]->width 104
05-19 17:44:43.734 D/MDM :   (12519): [null:-1]->height 104
05-19 17:44:43.742 D/MDM :   (12519): [null:-1]->scale 1.0
05-19 17:44:43.742 D/MDM :   (12519): [null:-1]->tint false
05-19 17:44:43.742 W/ActivityManager(  374): Activity pause timeout for ActivityRecord{42ecf2d8 u0 com.pekall.emdm.launcher/.Launcher}
05-19 17:44:43.758 V/CounterTextView(12519): onReceive
05-19 17:44:43.758 D/        (12519): [---null: -1---]   msg  xxd1
05-19 17:44:43.758 D/        (12519): [---null: -1---]  xxd111  getPackageName  com.pekall.emdm.launcher
05-19 17:44:43.766 D/        (12519): [---null: -1---]  xxd111  getClassName  com.pekall.emdm.document.activity.DocMainActivity
05-19 17:44:43.766 D/        (12519): [---null: -1---]  xxd111  info.title  Document Manager ,count is 0
05-19 17:44:43.766 D/        (12519): [---null: -1---]  xxd111  getPackageName  com.pekall.emdm.launcher
05-19 17:44:43.766 D/        (12519): [---null: -1---]  xxd111  getClassName  com.pekall.emdm.launcher.ui.BackPersonalActivity
05-19 17:44:43.774 D/        (12519): [---null: -1---]  xxd111  info.title  Personal Mode ,count is 0
05-19 17:44:43.774 D/        (12519): [---null: -1---]  xxd111  getPackageName  com.pekall.emdm.launcher
05-19 17:44:43.774 D/        (12519): [---null: -1---]  xxd111  getClassName  com.pekall.semail.activity.Welcome
05-19 17:44:43.781 D/        (12519): [---null: -1---]  xxd111  info.title  Email ,count is 0
05-19 17:44:43.797 D/ExchangeService(12519): !!! EAS ExchangeService, onCreate
05-19 17:44:43.797 W/Parcel  ( 1661): Attempt to read object from Parcel 0x5dfd3dac at offset 200 that is not in the object list
05-19 17:44:43.820 D/LauncherApplication(12519): [null:-1]->onActivityPaused
05-19 17:44:43.828 D/LauncherApplication(12519): [null:-1]->onActivityPaused  updateTime
05-19 17:44:43.969 V/LauncherApplication(12519): onActivityStarted
05-19 17:44:43.969 D/        (12519): [---null: -1---]     awsa  onActivityResumed
05-19 17:44:43.969 V/LauncherApplication(12519): 2MdmConstant.LAST_LAUNCH_TIME = 1400492683841
05-19 17:44:43.984 D/        (12519): [---null: -1---]  activity = com.pekall.emdm.ui.SplashActivity
05-19 17:44:44.000 D/        (12519): [---null: -1---]  xxd111  getPackageName  com.pekall.emdm.launcher
05-19 17:44:44.000 D/        (12519): [---null: -1---]  xxd111  getClassName  com.pekall.emdm.contacts.activities.PeopleActivity
05-19 17:44:44.000 D/        (12519): [---null: -1---]  xxd111  info.title  EmdmContacts ,count is 0
05-19 17:44:44.008 D/        (12519): [---null: -1---]  xxd111  getPackageName  com.pekall.emdm.launcher
05-19 17:44:44.008 D/        (12519): [---null: -1---]  xxd111  getClassName  com.pekall.emdm.browser.BrowserActivity
05-19 17:44:44.008 D/        (12519): [---null: -1---]  xxd111  info.title  Safe Browser ,count is 0
05-19 17:44:44.008 D/        (12519): [---null: -1---]  xxd111  getPackageName  com.pekall.emdm.launcher
05-19 17:44:44.008 D/        (12519): [---null: -1---]  xxd111  getClassName  com.pekall.emdm.launcher.ui.AboutActivity
05-19 17:44:44.008 D/        (12519): [---null: -1---]  xxd111  info.title  About ,count is 0
05-19 17:44:44.016 D/        (12519): [---null: -1---]  xxd111  getPackageName  com.pekall.emdm.launcher
05-19 17:44:44.016 D/        (12519): [---null: -1---]  xxd111  getClassName  com.pekall.emdm.launcher.ui.SettingActivity
05-19 17:44:44.016 D/        (12519): [---null: -1---]  xxd111  info.title  Setting ,count is 0
05-19 17:44:44.024 D/ExchangeService(12519): !!! EAS ExchangeService, onStartCommand, startingUp = false, running = false
05-19 17:44:44.024 D/ExchangeService(12519): to start secureStorageService now
05-19 17:44:44.024 V/a       (12519): Bind requested for task test
05-19 17:44:44.024 V/l       (12519): Connected: com.pekall.exchange.ExchangeService
05-19 17:44:44.039 V/l       (12519): Task setLogging completed; disconnecting
05-19 17:44:44.055 D/ExchangeService(12519): Reconciling accounts...
05-19 17:44:44.063 V/a       (12519): Bind requested for task reconcileAccounts
05-19 17:44:44.063 V/a       (12519): Waiting for task reconcileAccounts to complete...
05-19 17:44:44.227 I/ActivityManager(  374): Displayed com.pekall.emdm.launcher/com.pekall.emdm.ui.SplashActivity: +481ms (total +1m56s964ms)
05-19 17:44:44.227 I/ActivityManager(  374): Displayed com.pekall.emdm.launcher/.Launcher: +1s606ms
05-19 17:44:44.227 V/a       (12519): Connected: com.pekall.semail.service.AccountServiceInternal
05-19 17:44:44.234 V/a       (12519): Connected: com.pekall.semail.service.AccountServiceInternal
05-19 17:44:44.234 V/a       (12519): Connection test succeeded in 212ms
05-19 17:44:44.234 V/a       (12519): Task test completed; disconnecting
05-19 17:44:44.250 V/a       (12519): Task reconcileAccounts completed; disconnecting
05-19 17:44:44.250 V/a       (12519): Wait for reconcileAccounts finished in 186ms
05-19 17:44:44.250 D/ExchangeService(12519): !!! EAS ExchangeService, stopping self
05-19 17:44:44.281 D/ExchangeService(12519): !!! EAS ExchangeService, onDestroy
05-19 17:44:45.469 W/Parcel  ( 1661): Attempt to read object from Parcel 0x6013bdac at offset 200 that is not in the object list
05-19 17:44:45.469 I/ActivityManager(  374): START u0 {cmp=com.pekall.emdm.launcher/com.pekall.emdm.ui.ActiveDeviceAdminActivity} from pid 12519
05-19 17:44:45.563 D/dalvikvm(  374): GC_FOR_ALLOC freed 1318K, 29% free 19090K/26820K, paused 60ms, total 60ms
05-19 17:44:45.578 D/HomeLoaders(12519): aborting loaders
05-19 17:44:45.578 W/ActivityManager(  374): Duplicate finish request for ActivityRecord{42274388 u0 com.pekall.emdm.launcher/com.pekall.emdm.ui.SplashActivity}
05-19 17:44:45.828 D/dalvikvm(12519): JIT unchain all for threadid=11
05-19 17:44:46.078 W/ActivityManager(  374): Activity pause timeout for ActivityRecord{42274388 u0 com.pekall.emdm.launcher/com.pekall.emdm.ui.SplashActivity}
05-19 17:44:46.141 D/dalvikvm(12519): JIT unchain all for threadid=11
05-19 17:44:46.164 D/dalvikvm(12519): GC_EXPLICIT freed 1207K, 15% free 64791K/75732K, paused 271ms+270ms, total 590ms
05-19 17:44:46.188 D/LauncherApplication(12519): [null:-1]->onActivityPaused
05-19 17:44:46.250 V/LauncherApplication(12519): onActivityStarted
05-19 17:44:46.250 D/        (12519): [---null: -1---]     awsa  onActivityResumed
05-19 17:44:46.250 V/LauncherApplication(12519): 2MdmConstant.LAST_LAUNCH_TIME = 1400492683841
05-19 17:44:46.258 D/        (12519): [---null: -1---]  activity = com.pekall.emdm.ui.ActiveDeviceAdminActivity
05-19 17:44:46.258 W/Parcel  ( 1661): Attempt to read object from Parcel 0x5ded3dac at offset 200 that is not in the object list
05-19 17:44:46.258 I/ActivityManager(  374): START u0 {cmp=com.pekall.emdm.launcher/com.pekall.emdm.ui.RegDeviceActivity} from pid 12519
05-19 17:44:46.266 D/LauncherApplication(12519): [null:-1]->onActivityPaused
05-19 17:44:46.305 V/LauncherApplication(12519): onActivityStarted
05-19 17:44:46.375 D/        (12519): [---null: -1---]     awsa  onActivityResumed
05-19 17:44:46.375 V/LauncherApplication(12519): 2MdmConstant.LAST_LAUNCH_TIME = 1400492683841
05-19 17:44:46.383 D/        (12519): [---null: -1---]  activity = com.pekall.emdm.ui.RegDeviceActivity
05-19 17:44:46.578 I/ActivityManager(  374): Displayed com.pekall.emdm.launcher/com.pekall.emdm.ui.RegDeviceActivity: +290ms (total +505ms)
05-19 17:44:47.219 I/QueryController(14762): Matched selector: UiSelector[PACKAGE NAME=com.pekall.emdm.launcher] <<==>> [android.view.accessibility.AccessibilityNodeInfo@5110b; boundsInParent: Rect(0, 0 - 720, 1184); boundsInScreen: Rect(0, 0 - 720, 1184); packageName: com.pekall.emdm.launcher; className: android.widget.FrameLayout; text: null; contentDescription: null; viewIdResName: null; checkable: false; checked: false; focusable: false; focused: false; selected: false; clickable: false; longClickable: false; enabled: true; password: false; scrollable: false; [ACTION_SELECT, ACTION_CLEAR_SELECTION, ACTION_ACCESSIBILITY_FOCUS]]
05-19 17:44:48.484 D/dalvikvm(10683): GC_CONCURRENT freed 417K, 6% free 9492K/10044K, paused 1ms+1ms, total 16ms
05-19 17:44:49.234 D/dalvikvm( 1661): GC_EXPLICIT freed 934K, 18% free 13053K/15888K, paused 2ms+4ms, total 45ms
05-19 17:44:54.289 D/dalvikvm( 1661): GC_EXPLICIT freed 98K, 19% free 13026K/15888K, paused 2ms+3ms, total 57ms
05-19 17:44:55.688 W/ActivityThread(14483): ClassLoader.loadClass: The class loader returned by Thread.getContextClassLoader() may fail for processes that host multiple applications. You should explicitly specify a context class loader. For example: Thread.setContextClassLoader(getClass().getClassLoader());
05-19 17:44:55.727 D/dalvikvm(14483): GC_CONCURRENT freed 470K, 7% free 9546K/10188K, paused 4ms+3ms, total 32ms
05-19 17:45:01.813 V/DigitalWidgetViewsFactory( 2455): DigitalWidget sets next alarm string to null
