05-22 14:06:12.525 D/CmdInstallProfile(22964): 			<key>IncomingMailServerPortNumber</key>
05-22 14:06:12.525 D/CmdInstallProfile(22964): 			<integer>993</integer>
05-22 14:06:12.525 D/CmdInstallProfile(22964): 			<key>IncomingMailServerUseSSL</key>
05-22 14:06:12.525 D/CmdInstallProfile(22964): 			<true/>
05-22 14:06:12.525 D/CmdInstallProfile(22964): 			<key>IncomingMailServerUsername</key>
05-22 14:06:12.525 D/CmdInstallProfile(22964): 			<string>auto</string>
05-22 14:06:12.525 D/CmdInstallProfile(22964): 			<key>OutgoingPasswordSameAsIncomingPassword</key>
05-22 14:06:12.525 D/CmdInstallProfile(22964): 			<false/>
05-22 14:06:12.525 D/CmdInstallProfile(22964): 			<key>OutgoingMailServerAuthentication</key>
05-22 14:06:12.525 D/CmdInstallProfile(22964): 			<string>EmailAuthNone</string>
05-22 14:06:12.525 D/CmdInstallProfile(22964): 			<key>OutgoingMailServerHostName</key>
05-22 14:06:12.525 D/CmdInstallProfile(22964): 			<string>mail.pekall.com</string>
05-22 14:06:12.525 D/CmdInstallProfile(22964): 			<key>OutgoingMailServerPortNumber</key>
05-22 14:06:12.525 D/CmdInstallProfile(22964): 			<integer>465</integer>
05-22 14:06:12.525 D/CmdInstallProfile(22964): 			<key>OutgoingMailServerUseSSL</key>
05-22 14:06:12.525 D/CmdInstallProfile(22964): 			<true/>
05-22 14:06:12.525 D/CmdInstallProfile(22964): 			<key>OutgoingMailServerUsername</key>
05-22 14:06:12.525 D/CmdInstallProfile(22964): 			<string>auto</string>
05-22 14:06:12.525 D/CmdInstallProfile(22964): 			<key>PreventMove</key>
05-22 14:06:12.525 D/CmdInstallProfile(22964): 			<true/>
05-22 14:06:12.525 D/CmdInstallProfile(22964): 			<key>PreventAppSheet</key>
05-22 14:06:12.525 D/CmdInstallProfile(22964): 			<false/>
05-22 14:06:12.525 D/CmdInstallProfile(22964): 			<key>SMIMEEnabled</key>
05-22 14:06:12.525 D/CmdInstallProfile(22964): 			<false/>
05-22 14:06:12.525 D/CmdInstallProfile(22964): 			<key>disableMailRecentsSyncing</key>
05-22 14:06:12.525 D/CmdInstallProfile(22964): 			<false/>
05-22 14:06:12.525 D/CmdInstallProfile(22964): 			<key>PayloadType</key>
05-22 14:06:12.525 D/CmdInstallProfile(22964): 			<string>com.apple.mail.managed</string>
05-22 14:06:12.525 D/CmdInstallProfile(22964): 			<key>PayloadVersion</key>
05-22 14:06:12.525 D/CmdInstallProfile(22964): 			<integer>1</integer>
05-22 14:06:12.525 D/CmdInstallProfile(22964): 			<key>PayloadIdentifier</key>
05-22 14:06:12.525 D/CmdInstallProfile(22964): 			<string>C60Eh88w0O9RxeccHlnjARJMW4mImeIQ.Email</string>
05-22 14:06:12.525 D/CmdInstallProfile(22964): 			<key>PayloadUUID</key>
05-22 14:06:12.525 D/CmdInstallProfile(22964): 			<string>82e58cec-9c01-4599-b5a1-6790d310dcea</string>
05-22 14:06:12.525 D/CmdInstallProfile(22964): 			<key>PayloadDisplayName</key>
05-22 14:06:12.525 D/CmdInstallProfile(22964): 			<string>Email</string>
05-22 14:06:12.525 D/CmdInstallProfile(22964): 			<key>PayloadDescription</key>
05-22 14:06:12.525 D/CmdInstallProfile(22964): 			<string></string>
05-22 14:06:12.525 D/CmdInstallProfile(22964): 			<key>PayloadOrganization</key>
05-22 14:06:12.525 D/CmdInstallProfile(22964): 			<string>Pekall Captical</string>
05-22 14:06:12.525 D/CmdInstallProfile(22964): 		</dict>
05-22 14:06:12.525 D/CmdInstallProfile(22964): 	</array>
05-22 14:06:12.525 D/CmdInstallProfile(22964): 	<key>PayloadRemovalDisallowed</key>
05-22 14:06:12.525 D/CmdInstallProfile(22964): 	<true/>
05-22 14:06:12.525 D/CmdInstallProfile(22964): 	<key>PayloadType</key>
05-22 14:06:12.525 D/CmdInstallProfile(22964): 	<string>Configuration</string>
05-22 14:06:12.525 D/CmdInstallProfile(22964): 	<key>PayloadVersion</key>
05-22 14:06:12.525 D/CmdInstallProfile(22964): 	<integer>1</integer>
05-22 14:06:12.525 D/CmdInstallProfile(22964): 	<key>PayloadIdentifier</key>
05-22 14:06:12.525 D/CmdInstallProfile(22964): 	<string>C60Eh88w0O9RxeccHlnjARJMW4mImeIQ</string>
05-22 14:06:12.525 D/CmdInstallProfile(22964): 	<key>PayloadUUID</key>
05-22 14:06:12.525 D/CmdInstallProfile(22964): 	<string>14681602-bacf-40f1-9368-3f149d8a699b</string>
05-22 14:06:12.525 D/CmdInstallProfile(22964): 	<key>PayloadDisplayName</key>
05-22 14:06:12.525 D/CmdInstallProfile(22964): 	<string></string>
05-22 14:06:12.525 D/CmdInstallProfile(22964): 	<key>PayloadDescription</key>
05-22 14:06:12.525 D/CmdInstallProfile(22964): 	<string>Email</string>
05-22 14:06:12.525 D/CmdInstallProfile(22964): 	<key>PayloadOrganization</key>
05-22 14:06:12.525 D/CmdInstallProfile(22964): 	<string>Pekall Captical</string>
05-22 14:06:12.525 D/CmdInstallProfile(22964): </dict>
05-22 14:06:12.525 D/CmdInstallProfile(22964): </plist>
05-22 14:06:13.033 I/InputDispatcher(  374): Dropped event because input dispatch is disabled.
05-22 14:06:13.033 W/InputManager(  374): Input event injection from pid 24704 failed.
05-22 14:06:13.314 D/ProfileManager(22964): [null:-1]->saveProfile payloadIdentifier: C60Eh88w0O9RxeccHlnjARJMW4mImeIQ
05-22 14:06:13.353 D/ProfileManager(22964): [null:-1]->saveProfile path: /data/data/com.pekall.emdm.launcher/cache/C60Eh88w0O9RxeccHlnjARJMW4mImeIQ
05-22 14:06:13.408 D/CmdInstallProfile(22964): [null:-1]->save profile success
05-22 14:06:13.431 D/MDM :   (22964): [null:-1]->xxxs == PayloadEmail{EmailAccountDescription='123', EmailAccountName='John', EmailAccountType='EmailTypeIMAP', EmailAddress='null', IncomingMailServerAuthentication='EmailAuthNone', IncomingMailServerHostName='mail.pekall.com', IncomingMailServerPortNumber=993, IncomingMailServerUseSSL=true, IncomingMailServerUsername='auto', IncomingPassword='null', OutgoingPassword='null', OutgoingPasswordSameAsIncomingPassword=false, OutgoingMailServerAuthentication='EmailAuthNone', OutgoingMailServerHostName='mail.pekall.com', OutgoingMailServerPortNumber=465, OutgoingMailServerUseSSL=true, OutgoingMailServerUsername='auto', PreventMove=true, PreventAppSheet=false, SMIMEEnabled=false, SMIMESigningCertificateUUID='null', SMIMEEncryptionCertificateUUID='null', disableMailRecentsSyncing=false, defaultAccount=null, acceptAllCertForIncomingMail=null, acceptAllCertForOutgoingMail=null, senderName='null', signature='null', vibrateOnNewEmail=null, vibrateOnNewEmailIfSilent=null, IncomingMailServerIMAPPathPrefix='null'}
05-22 14:06:14.033 W/InteractionController(24704): runAndwaitForEvent timedout waiting for events
05-22 14:06:14.236 I/InputDispatcher(  374): Dropped event because input dispatch is disabled.
05-22 14:06:14.236 W/InputManager(  374): Input event injection from pid 24704 failed.
05-22 14:06:14.299 D/ProfileManager(22964): [null:-1]->the payload type "com.apple.mail.managed" hasn't match any policy or setting
05-22 14:06:14.517 D/MDM :   (22964): [null:-1]->profile is null
05-22 14:06:14.533 W/Parcel  ( 1661): Attempt to read object from Parcel 0x6013bdac at offset 200 that is not in the object list
05-22 14:06:14.564 W/Parcel  ( 1661): Attempt to read object from Parcel 0x6003bdac at offset 200 that is not in the object list
05-22 14:06:14.564 D/EmailBroadcastReceiver(22964): 1111  Email receives broadcast 'com.pekall.mdm.action.SETTING_CHANGED'
05-22 14:06:14.564 D/EmailBroadcastReceiver(22964): type = com.apple.mail.managed
05-22 14:06:14.564 D/AccountProvision(22964): Process email account changed broadcast.
05-22 14:06:14.572 W/Parcel  ( 1661): Attempt to read object from Parcel 0x5dfd3dac at offset 200 that is not in the object list
05-22 14:06:14.572 D/CommandManager(22964): [null:-1]->requestType: InstallProfile
05-22 14:06:14.572 D/AccountProvision(22964): Handle email account changed.
05-22 14:06:14.580 D/MDM :   (22964): [null:-1]->table : profiles, selection : type='com.apple.mail.managed'
05-22 14:06:14.580 D/AccountProvision(22964): Account content: <?xml version="1.0" encoding="UTF-8"?>
05-22 14:06:14.580 D/AccountProvision(22964): <!DOCTYPE plist PUBLIC "-//Apple//DTD PLIST 1.0//EN" "http://www.apple.com/DTDs/PropertyList-1.0.dtd">
05-22 14:06:14.580 D/AccountProvision(22964): <plist version="1.0">
05-22 14:06:14.580 D/AccountProvision(22964): <dict>
05-22 14:06:14.580 D/AccountProvision(22964): 	<key>EmailAccountDescription</key>
05-22 14:06:14.580 D/AccountProvision(22964): 	<string>123</string>
05-22 14:06:14.580 D/AccountProvision(22964): 	<key>EmailAccountName</key>
05-22 14:06:14.580 D/AccountProvision(22964): 	<string>John</string>
05-22 14:06:14.580 D/AccountProvision(22964): 	<key>EmailAccountType</key>
05-22 14:06:14.580 D/AccountProvision(22964): 	<string>EmailTypeIMAP</string>
05-22 14:06:14.580 D/AccountProvision(22964): 	<key>IncomingMailServerAuthentication</key>
05-22 14:06:14.580 D/AccountProvision(22964): 	<string>EmailAuthNone</string>
05-22 14:06:14.580 D/AccountProvision(22964): 	<key>IncomingMailServerHostName</key>
05-22 14:06:14.580 D/AccountProvision(22964): 	<string>mail.pekall.com</string>
05-22 14:06:14.580 D/AccountProvision(22964): 	<key>IncomingMailServerPortNumber</key>
05-22 14:06:14.580 D/AccountProvision(22964): 	<integer>993</integer>
05-22 14:06:14.580 D/AccountProvision(22964): 	<key>IncomingMailServerUseSSL</key>
05-22 14:06:14.580 D/AccountProvision(22964): 	<true/>
05-22 14:06:14.580 D/AccountProvision(22964): 	<key>IncomingMailServerUsername</key>
05-22 14:06:14.580 D/AccountProvision(22964): 	<string>auto</string>
05-22 14:06:14.580 D/AccountProvision(22964): 	<key>OutgoingMailServerAuthentication</key>
05-22 14:06:14.580 D/AccountProvision(22964): 	<string>EmailAuthNone</string>
05-22 14:06:14.580 D/AccountProvision(22964): 	<key>OutgoingMailServerHostName</key>
05-22 14:06:14.580 D/AccountProvision(22964): 	<string>mail.pekall.com</string>
05-22 14:06:14.580 D/AccountProvision(22964): 	<key>OutgoingMailServerPortNumber</key>
05-22 14:06:14.580 D/AccountProvision(22964): 	<integer>465</integer>
05-22 14:06:14.580 D/AccountProvision(22964): 	<key>OutgoingMailServerUseSSL</key>
05-22 14:06:14.580 D/AccountProvision(22964): 	<true/>
05-22 14:06:14.580 D/AccountProvision(22964): 	<key>OutgoingMailServerUsername</key>
05-22 14:06:14.580 D/AccountProvision(22964): 	<string>auto</string>
05-22 14:06:14.580 D/AccountProvision(22964): 	<key>OutgoingPasswordSameAsIncomingPassword</key>
05-22 14:06:14.580 D/AccountProvision(22964): 	<false/>
05-22 14:06:14.580 D/AccountProvision(22964): 	<key>PreventAppSheet</key>
05-22 14:06:14.580 D/AccountProvision(22964): 	<false/>
05-22 14:06:14.580 D/AccountProvision(22964): 	<key>PreventMove</key>
05-22 14:06:14.580 D/AccountProvision(22964): 	<true/>
05-22 14:06:14.580 D/AccountProvision(22964): 	<key>SMIMEEnabled</key>
05-22 14:06:14.580 D/AccountProvision(22964): 	<false/>
05-22 14:06:14.580 D/AccountProvision(22964): 	<key>disableMailRecentsSyncing</key>
05-22 14:06:14.580 D/AccountProvision(22964): 	<false/>
05-22 14:06:14.580 D/AccountProvision(22964): 	<key>PayloadDescription</key>
05-22 14:06:14.580 D/AccountProvision(22964): 	<string></string>
05-22 14:06:14.580 D/AccountProvision(22964): 	<key>PayloadDisplayName</key>
05-22 14:06:14.580 D/AccountProvision(22964): 	<string>Email</string>
05-22 14:06:14.580 D/AccountProvision(22964): 	<key>PayloadIdentifier</key>
05-22 14:06:14.580 D/AccountProvision(22964): 	<string>C60Eh88w0O9RxeccHlnjARJMW4mImeIQ.Email</string>
05-22 14:06:14.580 D/AccountProvision(22964): 	<key>PayloadOrganization</key>
05-22 14:06:14.580 D/AccountProvision(22964): 	<string>Pekall Captical</string>
05-22 14:06:14.580 D/AccountProvision(22964): 	<key>PayloadType</key>
05-22 14:06:14.580 D/AccountProvision(22964): 	<string>com.apple.mail.managed</string>
05-22 14:06:14.580 D/AccountProvision(22964): 	<key>PayloadUUID</key>
05-22 14:06:14.580 D/AccountProvision(22964): 	<string>82e58cec-9c01-4599-b5a1-6790d310dcea</string>
05-22 14:06:14.580 D/AccountProvision(22964): 	<key>PayloadVersion</key>
05-22 14:06:14.580 D/AccountProvision(22964): 	<integer>1</integer>
05-22 14:06:14.580 D/AccountProvision(22964): </dict>
05-22 14:06:14.580 D/AccountProvision(22964): </plist>
05-22 14:06:14.635 I/AccountProvision(22964): email address: null, account type: EmailTypeIMAP, display name: John, sender name: null
05-22 14:06:14.635 D/AccountProvision(22964): Account type: EmailTypeIMAP
05-22 14:06:14.635 V/AccountProvision(22964): Email protocol: imap
05-22 14:06:14.635 I/AccountProvision(22964): incoming server: mail.pekall.com, port: 993, security type: 9, use SSL: true
05-22 14:06:14.635 I/AccountProvision(22964): outgoing server: mail.pekall.com, port: 465, security type: 9, use SSL: true
05-22 14:06:14.635 I/AccountProvision(22964): is default: true
05-22 14:06:14.635 I/AccountProvision(22964): [C] Add account, email: null, protocol: imap
05-22 14:06:14.635 I/AccountProvision(22964): [C] Add account, rece server: mail.pekall.com, port: 993, security type: 9
05-22 14:06:14.635 I/AccountProvision(22964): [C] Add account, send server: mail.pekall.com, port: 465, security type: 9
05-22 14:06:14.635 V/h       (22964): Bind requested for task addAccount
05-22 14:06:14.642 I/AccountProvision(22964): [C] Add account, result: true
05-22 14:06:14.642 V/h       (22964): Connected: com.pekall.semail.service.AccountService
05-22 14:06:14.666 W/AccountService(22964): Invalid parameter: displayName: John, emailAddress: null
05-22 14:06:14.666 I/AccountService(22964): [S] Add account, email: null, protocol: imap
05-22 14:06:14.666 I/AccountService(22964): [S] Add account, rece server: mail.pekall.com, port: 993, security type: 9
05-22 14:06:14.666 I/AccountService(22964): [S] Add account, send server: mail.pekall.com, port: 465, security type: 9
05-22 14:06:14.666 D/Email   (22964): Host auth recv id: 0
05-22 14:06:14.666 D/Email   (22964): Valid Host auth recv? true
05-22 14:06:14.666 D/AccountService(22964): Set receiving login account: pekall_login_user_holder_to_be_updated/pekall_login_password_holder_to_be_updated
05-22 14:06:14.666 D/Email   (22964): Host auth send id: 0
05-22 14:06:14.666 D/Email   (22964): Valid Host auth send? true
05-22 14:06:14.666 D/AccountService(22964): Set sending login account: pekall_login_user_holder_to_be_updated/pekall_login_password_holder_to_be_updated
05-22 14:06:14.760 V/AccountService(22964): [SERVICE] adding new account, type: imap, result: true
05-22 14:06:14.760 V/h       (22964): Task addAccount completed; disconnecting
05-22 14:06:15.236 W/InteractionController(24704): runAndwaitForEvent timedout waiting for events
05-22 14:06:15.744 I/InputDispatcher(  374): Dropped event because input dispatch is disabled.
05-22 14:06:15.744 W/InputManager(  374): Input event injection from pid 24704 failed.
05-22 14:06:15.822 W/Parcel  ( 1661): Attempt to read object from Parcel 0x5ec3bdac at offset 200 that is not in the object list
05-22 14:06:15.947 W/Parcel  ( 1661): Attempt to read object from Parcel 0x5ef3bdac at offset 200 that is not in the object list
05-22 14:06:15.947 W/Parcel  ( 1661): Attempt to read object from Parcel 0x5ded3dac at offset 200 that is not in the object list
05-22 14:06:15.955 I/Email   (22964): Notifications being toggled: true
05-22 14:06:16.111 D/Email-MailService(22964): action: reschedule
05-22 14:06:16.197 D/AttachmentService(22964): Count: 0
05-22 14:06:16.205 D/AttachmentService(22964): == Checking attachment queue, 0 entries
05-22 14:06:16.205 D/AttachmentService(22964): *** All done; shutting down service
05-22 14:06:16.283 D/MdmDatabaseHelper(22964): [null:-1]->update command 3409b5f9-4f83-42df-bf4d-b662625ec9fd to commandStatus <?xml version="1.0" encoding="UTF-8"?>
05-22 14:06:16.283 D/MdmDatabaseHelper(22964): <!DOCTYPE plist PUBLIC "-//Apple//DTD PLIST 1.0//EN" "http://www.apple.com/DTDs/PropertyList-1.0.dtd">
05-22 14:06:16.283 D/MdmDatabaseHelper(22964): <plist version="1.0">
05-22 14:06:16.283 D/MdmDatabaseHelper(22964): <dict>
05-22 14:06:16.283 D/MdmDatabaseHelper(22964): 	<key>CommandUUID</key>
05-22 14:06:16.283 D/MdmDatabaseHelper(22964): 	<string>3409b5f9-4f83-42df-bf4d-b662625ec9fd</string>
05-22 14:06:16.283 D/MdmDatabaseHelper(22964): 	<key>Status</key>
05-22 14:06:16.283 D/MdmDatabaseHelper(22964): 	<string>Acknowledged</string>
05-22 14:06:16.283 D/MdmDatabaseHelper(22964): 	<key>UDID</key>
05-22 14:06:16.283 D/MdmDatabaseHelper(22964): 	<string>00013fbc8ecec5b900000146227d1f99</string>
05-22 14:06:16.283 D/MdmDatabaseHelper(22964): </dict>
05-22 14:06:16.283 D/MdmDatabaseHelper(22964): </plist>
05-22 14:06:16.689 I/TransInfo(22964): TransInfo created, id: 3, class: class com.pekall.emdm.transaction.c.b
05-22 14:06:16.689 D/NetworkThread(22964): [null:-1]->----isRunning-----true
05-22 14:06:16.689 D/NetworkThread(22964): [null:-1]->----isRunning-----true
05-22 14:06:16.689 D/NetworkThread(22964): [null:-1]->thread wakeup
05-22 14:06:16.689 D/NetworkThread(22964): [null:-1]->sendHttpPost:PostRequest, url: http://192.168.10.21/rest/mdm/v1/ios/android_server, Params: [content:<?xml version="1.0" encoding="UTF-8"?>
05-22 14:06:16.689 D/NetworkThread(22964): <!DOCTYPE plist PUBLIC "-//Apple//DTD PLIST 1.0//EN" "http://www.apple.com/DTDs/PropertyList-1.0.dtd">
05-22 14:06:16.689 D/NetworkThread(22964): <plist version="1.0">
05-22 14:06:16.689 D/NetworkThread(22964): <dict>
05-22 14:06:16.689 D/NetworkThread(22964): 	<key>CommandUUID</key>
05-22 14:06:16.689 D/NetworkThread(22964): 	<string>3409b5f9-4f83-42df-bf4d-b662625ec9fd</string>
05-22 14:06:16.689 D/NetworkThread(22964): 	<key>Status</key>
05-22 14:06:16.689 D/NetworkThread(22964): 	<string>Acknowledged</string>
05-22 14:06:16.689 D/NetworkThread(22964): 	<key>UDID</key>
05-22 14:06:16.689 D/NetworkThread(22964): 	<string>00013fbc8ecec5b900000146227d1f99</string>
05-22 14:06:16.689 D/NetworkThread(22964): </dict>
05-22 14:06:16.689 D/NetworkThread(22964): </plist>], 
05-22 14:06:16.689 D/HttpClient(22964): enable apache.http debug
05-22 14:06:16.697 V/DEBUG   (22964): HTTP 0
05-22 14:06:16.744 W/InteractionController(24704): runAndwaitForEvent timedout waiting for events
05-22 14:06:16.846 W/Email   (22964): Could not load INBOX for account id: 1
05-22 14:06:16.885 W/BroadcastQueue(  374): Timeout of broadcast BroadcastRecord{430b0230 u-1 android.intent.action.SCREEN_OFF} - receiver=android.os.BinderProxy@429b3920, started 10001ms ago
05-22 14:06:16.885 W/BroadcastQueue(  374): Receiver during timeout: BroadcastFilter{42903448 u0 ReceiverList{429055f0 24662 com.pekall.emdm.launcher:remote/10066/u0 remote:429b3920}}
05-22 14:06:16.892 I/Process (  374): Sending signal. PID: 24662 SIG: 3
05-22 14:06:16.892 I/dalvikvm(24662): threadid=3: reacting to signal 3
05-22 14:06:16.947 I/Email   (22964): Observing account changes for notifications
05-22 14:06:16.947 I/WindowManager(  374): Lock screen displayed!
05-22 14:06:17.010 D/Email-MailService(22964): reschedule: alarm cancel - no account to check
05-22 14:06:17.088 D/LightsService(  374): Excessive delay setting light: 98ms
05-22 14:06:17.096 I/Process (  374): Sending signal. PID: 374 SIG: 3
05-22 14:06:17.096 I/dalvikvm(  374): threadid=3: reacting to signal 3
05-22 14:06:17.142 D/dalvikvm(24662): JIT unchain all for threadid=11
05-22 14:06:17.189 I/dalvikvm(24662): Wrote stack traces to '/data/anr/traces.txt'
05-22 14:06:17.494 D/MDM :   (22964): [null:-1]->statusCode : 200
05-22 14:06:17.494 D/MDM :   (22964): [null:-1]->statusCode : 200
05-22 14:06:17.502 V/DEBUG   (22964): HTTP 1
05-22 14:06:17.502 D/MDM :   (22964): [null:-1]->Get joson string: 
05-22 14:06:17.510 D/MdmDatabaseHelper(22964): [null:-1]->update command 3409b5f9-4f83-42df-bf4d-b662625ec9fd to status executed
05-22 14:06:17.533 D/NetworkThread(22964): [null:-1]->clear mCurrentTransInfo
05-22 14:06:17.533 D/NetworkThread(22964): [null:-1]->queue is empty, thread wait...
05-22 14:06:17.603 D/MdmService(22964): [null:-1]->handleCheckInResult
05-22 14:06:17.603 D/MdmService(22964): [null:-1]->handleCheckInResult result keyIndex: 3
05-22 14:06:17.814 D/HandleCommandTask(22964): [null:-1]->execute command msg but beanBase is null
05-22 14:06:17.877 D/MdmStatusManager(22964): [null:-1]->change status to : Idle
05-22 14:06:21.119 I/dalvikvm(  374): Wrote stack traces to '/data/anr/traces.txt'
05-22 14:06:21.119 I/Process (  374): Sending signal. PID: 561 SIG: 3
05-22 14:06:21.119 I/Process (  374): Sending signal. PID: 448 SIG: 3
05-22 14:06:21.119 I/Process (  374): Sending signal. PID: 568 SIG: 3
05-22 14:06:21.119 I/dalvikvm(  568): threadid=3: reacting to signal 3
05-22 14:06:21.127 I/dalvikvm(  561): threadid=3: reacting to signal 3
05-22 14:06:21.127 I/dalvikvm(  448): threadid=3: reacting to signal 3
05-22 14:06:21.181 I/dalvikvm(  568): Wrote stack traces to '/data/anr/traces.txt'
05-22 14:06:21.205 I/dalvikvm(  561): Wrote stack traces to '/data/anr/traces.txt'
05-22 14:06:21.588 D/dalvikvm(  374): JIT code cache reset in 4 ms (1048536 bytes 63/0)
05-22 14:06:21.611 D/dalvikvm(  374): GC_CONCURRENT freed 1809K, 19% free 24798K/30504K, paused 10ms+34ms, total 259ms
05-22 14:06:21.611 D/dalvikvm(  374): WAIT_FOR_CONCURRENT_GC blocked 185ms
05-22 14:06:21.619 D/dalvikvm(  374): WAIT_FOR_CONCURRENT_GC blocked 61ms
05-22 14:06:22.049 I/dalvikvm(  448): Wrote stack traces to '/data/anr/traces.txt'
05-22 14:06:22.197 D/dalvikvm(  374): GC_EXPLICIT freed 1338K, 20% free 24635K/30504K, paused 3ms+12ms, total 201ms
05-22 14:06:22.416 W/InteractionController(24704): runAndwaitForEvent timedout waiting for events
05-22 14:06:22.799 I/Process (  374): Sending signal. PID: 22964 SIG: 3
05-22 14:06:22.799 I/dalvikvm(22964): threadid=3: reacting to signal 3
05-22 14:06:23.033 E/ActivityManager(  374): ANR in com.pekall.emdm.launcher:remote
05-22 14:06:23.033 E/ActivityManager(  374): Reason: Broadcast of Intent { act=android.intent.action.SCREEN_OFF flg=0x50000010 }
05-22 14:06:23.033 E/ActivityManager(  374): Load: 3.31 / 2.78 / 2.59
05-22 14:06:23.033 E/ActivityManager(  374): CPU usage from 585ms to -6112ms ago:
05-22 14:06:23.033 E/ActivityManager(  374):   82% 22964/com.pekall.emdm.launcher: 82% user + 0% kernel / faults: 421 minor
05-22 14:06:23.033 E/ActivityManager(  374):   79% 24662/com.pekall.emdm.launcher:remote: 79% user + 0.1% kernel / faults: 170 minor
05-22 14:06:23.033 E/ActivityManager(  374):   26% 374/system_server: 21% user + 4.9% kernel / faults: 2118 minor
05-22 14:06:23.033 E/ActivityManager(  374):   3.2% 448/com.android.systemui: 3% user + 0.1% kernel / faults: 171 minor
05-22 14:06:23.033 E/ActivityManager(  374):   0.8% 124/surfaceflinger: 0.1% user + 0.7% kernel / faults: 1 minor
05-22 14:06:23.033 E/ActivityManager(  374):   0.7% 24704/uiautomator: 0.4% user + 0.2% kernel / faults: 202 minor
05-22 14:06:23.033 E/ActivityManager(  374):   0.5% 24575/com.android.settings: 0.2% user + 0.2% kernel / faults: 68 minor
05-22 14:06:23.033 E/ActivityManager(  374):   0.2% 561/com.android.phone: 0.1% user + 0% kernel / faults: 165 minor
05-22 14:06:23.033 E/ActivityManager(  374):   0.2% 135/adbd: 0.1% user + 0.1% kernel
05-22 14:06:23.033 E/ActivityManager(  374):   0.1% 22215/kworker/u:5: 0% user + 0.1% kernel
05-22 14:06:23.033 E/ActivityManager(  374):   0.1% 23642/kworker/u:1: 0% user + 0.1% kernel
05-22 14:06:23.033 E/ActivityManager(  374):   0.1% 82/mmcqd/0: 0% user + 0.1% kernel
05-22 14:06:23.033 E/ActivityManager(  374):   0% 114/jbd2/mmcblk0p12: 0% user + 0% kernel
05-22 14:06:23.033 E/ActivityManager(  374):   0% 121/netd: 0% user + 0% kernel
05-22 14:06:23.033 E/ActivityManager(  374):   0% 510/com.android.phasebeam: 0% user + 0% kernel / faults: 11 minor
05-22 14:06:23.033 E/ActivityManager(  374):   0% 568/com.android.nfc: 0% user + 0% kernel / faults: 177 minor
05-22 14:06:23.033 E/ActivityManager(  374):   0.1% 1615/logcat: 0% user + 0.1% kernel
05-22 14:06:23.033 E/ActivityManager(  374):   0% 4648/logcat: 0% user + 0% kernel
05-22 14:06:23.033 E/ActivityManager(  374):   0.1% 20874/com.qihoo.appstore: 0.1% user + 0% kernel / faults: 1 minor
05-22 14:06:23.033 E/ActivityManager(  374):   0% 21289/kworker/u:3: 0% user + 0% kernel
05-22 14:06:23.033 E/ActivityManager(  374):   0.1% 21353/kworker/0:1: 0% user + 0.1% kernel
05-22 14:06:23.033 E/ActivityManager(  374):   0% 23777/com.nd.assistance.ServerService: 0% user + 0% kernel / faults: 17 minor
05-22 14:06:23.033 E/ActivityManager(  374): 100% TOTAL: 95% user + 4.2% kernel
05-22 14:06:23.033 E/ActivityManager(  374): CPU usage from 5310ms to 5863ms later:
05-22 14:06:23.033 E/ActivityManager(  374):   85% 22964/com.pekall.emdm.launcher: 85% user + 0% kernel
05-22 14:06:23.033 E/ActivityManager(  374):     87% 22977/Thread-5352: 87% user + 0% kernel
05-22 14:06:23.033 E/ActivityManager(  374):   76% 24662/com.pekall.emdm.launcher:remote: 76% user + 0% kernel
05-22 14:06:23.033 E/ActivityManager(  374):     76% 24675/Thread-5424: 76% user + 0% kernel
05-22 14:06:23.033 E/ActivityManager(  374):   29% 374/system_server: 22% user + 7.4% kernel / faults: 339 minor
05-22 14:06:23.033 E/ActivityManager(  374):     18% 388/UI: 18% user + 0% kernel
05-22 14:06:23.033 E/ActivityManager(  374):     5.5% 390/ActivityManager: 0% user + 5.5% kernel
05-22 14:06:23.033 E/ActivityManager(  374):     3.7% 380/Compiler: 1.8% user + 1.8% kernel
05-22 14:06:23.033 E/ActivityManager(  374):     1.8% 386/SensorService: 0% user + 1.8% kernel
05-22 14:06:23.033 E/ActivityManager(  374):     1.8% 401/UEventObserver: 0% user + 1.8% kernel
05-22 14:06:23.033 E/ActivityManager(  374):   2.5% 24704/uiautomator: 2.5% user + 0% kernel / faults: 89 minor
05-22 14:06:23.033 E/ActivityManager(  374):     1.2% 24713/Binder_1: 1.2% user + 0% kernel
05-22 14:06:23.033 E/ActivityManager(  374):     1.2% 24714/Binder_2: 1.2% user + 0% kernel
05-22 14:06:23.033 E/ActivityManager(  374):   1.8% 124/surfaceflinger: 0% user + 1.8% kernel
05-22 14:06:23.033 E/ActivityManager(  374):     1.8% 151/SurfaceFlinger: 0% user + 1.8% kernel
05-22 14:06:23.033 E/ActivityManager(  374):     1.8% 693/Binder_4: 1.8% user + 0% kernel
05-22 14:06:23.033 E/ActivityManager(  374):   1.1% 22215/kworker/u:5: 0% user + 1.1% kernel
05-22 14:06:23.033 E/ActivityManager(  374): 100% TOTAL: 91% user + 8.9% kernel
05-22 14:06:23.041 W/ActivityManager(  374): Killing ProcessRecord{42d24ac8 24662:com.pekall.emdm.launcher:remote/u0a10066}: background ANR
05-22 14:06:23.041 W/ActivityManager(  374): Timeout executing service: ServiceRecord{42f9c6a8 u0 com.pekall.emdm.launcher/com.baidu.location.f}
05-22 14:06:23.049 D/dalvikvm(22964): JIT unchain all for threadid=11
05-22 14:06:23.049 I/ActivityManager(  374): Skipping duplicate ANR: ProcessRecord{42d24ac8 24662:com.pekall.emdm.launcher:remote/u0a10066} Executing service com.pekall.emdm.launcher/com.baidu.location.f
05-22 14:06:23.088 I/ActivityManager(  374): Process com.pekall.emdm.launcher:remote (pid 24662) has died.
05-22 14:06:23.088 W/ActivityManager(  374): Scheduling restart of crashed service com.pekall.emdm.launcher/com.baidu.location.f in 1280000ms
05-22 14:06:23.166 D/ExchangeService(22964): !!! EAS ExchangeService, onDestroy
05-22 14:06:23.166 I/dalvikvm(22964): Wrote stack traces to '/data/anr/traces.txt'
05-22 14:06:23.252 W/Parcel  ( 1661): Attempt to read object from Parcel 0x5ef3bdac at offset 200 that is not in the object list
05-22 14:06:23.260 W/Parcel  ( 1661): Attempt to read object from Parcel 0x5ded3dac at offset 200 that is not in the object list
05-22 14:06:23.291 V/DigitalWidgetViewsFactory(19507): DigitalWidget sets next alarm string to null
05-22 14:06:23.299 V/WiseDownloadConditionControler(20342): checkCondition  type : WISE_DOWNLOAD  inerrupting: true
05-22 14:06:23.369 W/Parcel  ( 1661): Attempt to read object from Parcel 0x5ef3bdac at offset 200 that is not in the object list
05-22 14:06:23.424 D/dalvikvm( 1661): GC_CONCURRENT freed 1258K, 18% free 13102K/15888K, paused 3ms+3ms, total 66ms
05-22 14:06:23.588 W/InteractionController(24704): runAndwaitForEvent timedout waiting for events
05-22 14:06:24.978 W/InteractionController(24704): runAndwaitForEvent timedout waiting for events
05-22 14:06:25.642 I/InputReader(  374): Reconfiguring input devices.  changes=0x00000010
05-22 14:06:25.736 I/Launcher(  576): Deferring update until onResume
05-22 14:06:25.830 I/Launcher(  576): Deferring update until onResume
05-22 14:06:25.853 W/Searchables(  374): No global search activity found
05-22 14:06:26.127 W/InteractionController(24704): runAndwaitForEvent timedout waiting for events
05-22 14:06:26.252 D/dalvikvm(23777): GC_CONCURRENT freed 375K, 5% free 9168K/9592K, paused 2ms+1ms, total 16ms
05-22 14:06:27.213 W/InteractionController(24704): runAndwaitForEvent timedout waiting for events
05-22 14:06:28.306 W/InteractionController(24704): runAndwaitForEvent timedout waiting for events
05-22 14:06:29.416 W/InteractionController(24704): runAndwaitForEvent timedout waiting for events
05-22 14:06:30.213 D/LightsService(  374): Excessive delay setting light: 67ms
05-22 14:06:30.502 W/InteractionController(24704): runAndwaitForEvent timedout waiting for events
05-22 14:06:31.580 W/InteractionController(24704): runAndwaitForEvent timedout waiting for events
05-22 14:06:32.666 W/InteractionController(24704): runAndwaitForEvent timedout waiting for events
05-22 14:06:33.752 W/InteractionController(24704): runAndwaitForEvent timedout waiting for events
05-22 14:06:34.830 W/InteractionController(24704): runAndwaitForEvent timedout waiting for events
05-22 14:06:35.400 D/LightsService(  374): Excessive delay setting light: 67ms
05-22 14:06:35.635 D/LightsService(  374): Excessive delay setting light: 67ms
05-22 14:06:35.900 W/InteractionController(24704): runAndwaitForEvent timedout waiting for events
05-22 14:06:36.971 W/InteractionController(24704): runAndwaitForEvent timedout waiting for events
05-22 14:06:37.010 D/dalvikvm(24704): GC_FOR_ALLOC freed 7558K, 93% free 632K/8192K, paused 26ms, total 26ms
05-22 14:06:38.064 W/InteractionController(24704): runAndwaitForEvent timedout waiting for events
05-22 14:06:38.096 D/dalvikvm(24704): GC_CONCURRENT freed 432K, 86% free 619K/4332K, paused 0ms+0ms, total 6ms
05-22 14:06:39.135 W/InteractionController(24704): runAndwaitForEvent timedout waiting for events
05-22 14:06:39.174 D/dalvikvm(24704): GC_CONCURRENT freed 384K, 86% free 618K/4332K, paused 1ms+1ms, total 5ms
05-22 14:06:40.205 W/InteractionController(24704): runAndwaitForEvent timedout waiting for events
05-22 14:06:40.275 D/dalvikvm(24704): GC_CONCURRENT freed 423K, 86% free 640K/4332K, paused 1ms+2ms, total 7ms
05-22 14:06:41.275 W/InteractionController(24704): runAndwaitForEvent timedout waiting for events
05-22 14:06:41.291 I/PowerManagerService(  374): Going to sleep due to screen timeout...
05-22 14:06:41.978 W/Parcel  ( 1661): Attempt to read object from Parcel 0x5ec3bdac at offset 200 that is not in the object list
05-22 14:06:41.986 D/LightsService(  374): Excessive delay setting light: 91ms
05-22 14:06:41.994 D/SurfaceFlinger(  124): Screen released, type=0 flinger=0x40e95478
05-22 14:06:42.025 V/KeyguardHostView(  374): hide transport, gen:2
05-22 14:06:42.025 V/KeyguardHostView(  374): music state changed: 0
05-22 14:06:42.033 D/dalvikvm(  448): GC_CONCURRENT freed 1251K, 13% free 14329K/16308K, paused 1ms+19ms, total 109ms
05-22 14:06:42.080 V/WiseDownloadConditionControler(20342): checkCondition  type : TODAY_LAUNCHED_USER  inerrupting: false
05-22 14:06:42.135 W/Parcel  ( 1661): Attempt to read object from Parcel 0x5dfd3dac at offset 200 that is not in the object list
05-22 14:06:42.158 V/MDM :   (22964): [null:-1]->Screen receiver is called.
05-22 14:06:42.174 W/Parcel  ( 1661): Attempt to read object from Parcel 0x5ec3bdac at offset 200 that is not in the object list
05-22 14:06:42.642 D/dalvikvm( 1661): GC_EXPLICIT freed 477K, 18% free 13046K/15888K, paused 3ms+6ms, total 64ms
05-22 14:06:42.736 D/dalvikvm(24704): GC_CONCURRENT freed 420K, 86% free 608K/4332K, paused 2ms+1ms, total 10ms
05-22 14:06:42.814 I/InputDispatcher(  374): Dropped event because input dispatch is disabled.
05-22 14:06:42.814 W/InputManager(  374): Input event injection from pid 24704 failed.
05-22 14:06:43.400 D/dalvikvm(24704): GC_CONCURRENT freed 437K, 86% free 618K/4332K, paused 1ms+2ms, total 10ms
05-22 14:06:43.439 I/InputDispatcher(  374): Dropped event because input dispatch is disabled.
05-22 14:06:43.439 W/InputManager(  374): Input event injection from pid 24704 failed.
05-22 14:06:44.439 W/InteractionController(24704): runAndwaitForEvent timedout waiting for events
05-22 14:06:44.580 I/InputDispatcher(  374): Dropped event because input dispatch is disabled.
05-22 14:06:44.580 D/dalvikvm(24704): GC_CONCURRENT freed 406K, 85% free 657K/4332K, paused 0ms+2ms, total 12ms
05-22 14:06:44.580 W/InputManager(  374): Input event injection from pid 24704 failed.
05-22 14:06:44.596 D/dalvikvm(  374): GC_CONCURRENT freed 4203K, 21% free 24291K/30404K, paused 4ms+11ms, total 147ms
05-22 14:06:45.580 W/InteractionController(24704): runAndwaitForEvent timedout waiting for events
05-22 14:06:45.681 I/InputDispatcher(  374): Dropped event because input dispatch is disabled.
05-22 14:06:45.681 W/InputManager(  374): Input event injection from pid 24704 failed.
05-22 14:06:46.681 W/InteractionController(24704): runAndwaitForEvent timedout waiting for events
05-22 14:06:46.713 D/dalvikvm(24704): GC_CONCURRENT freed 423K, 86% free 621K/4332K, paused 2ms+1ms, total 10ms
05-22 14:06:46.783 I/InputDispatcher(  374): Dropped event because input dispatch is disabled.
05-22 14:06:46.783 W/InputManager(  374): Input event injection from pid 24704 failed.
05-22 14:06:47.705 D/dalvikvm( 1661): GC_EXPLICIT freed 14K, 18% free 13032K/15888K, paused 3ms+5ms, total 61ms
05-22 14:06:47.791 W/InteractionController(24704): runAndwaitForEvent timedout waiting for events
05-22 14:06:47.846 D/dalvikvm(24704): GC_CONCURRENT freed 387K, 86% free 618K/4332K, paused 2ms+1ms, total 13ms
05-22 14:06:47.892 I/InputDispatcher(  374): Dropped event because input dispatch is disabled.
05-22 14:06:47.892 W/InputManager(  374): Input event injection from pid 24704 failed.
05-22 14:06:48.892 W/InteractionController(24704): runAndwaitForEvent timedout waiting for events
05-22 14:06:48.978 D/dalvikvm(24704): GC_CONCURRENT freed 403K, 85% free 655K/4332K, paused 1ms+2ms, total 9ms
05-22 14:06:49.002 I/InputDispatcher(  374): Dropped event because input dispatch is disabled.
05-22 14:06:49.002 W/InputManager(  374): Input event injection from pid 24704 failed.
05-22 14:06:50.002 W/InteractionController(24704): runAndwaitForEvent timedout waiting for events
05-22 14:06:50.111 I/InputDispatcher(  374): Dropped event because input dispatch is disabled.
05-22 14:06:50.111 D/dalvikvm(24704): GC_CONCURRENT freed 423K, 86% free 620K/4332K, paused 2ms+1ms, total 8ms
05-22 14:06:50.111 W/InputManager(  374): Input event injection from pid 24704 failed.
05-22 14:06:51.111 W/InteractionController(24704): runAndwaitForEvent timedout waiting for events
05-22 14:06:51.213 I/InputDispatcher(  374): Dropped event because input dispatch is disabled.
05-22 14:06:51.213 W/InputManager(  374): Input event injection from pid 24704 failed.
05-22 14:06:52.213 W/InteractionController(24704): runAndwaitForEvent timedout waiting for events
05-22 14:06:52.244 D/dalvikvm(24704): GC_CONCURRENT freed 386K, 86% free 621K/4332K, paused 2ms+1ms, total 10ms
05-22 14:06:52.322 I/InputDispatcher(  374): Dropped event because input dispatch is disabled.
05-22 14:06:52.322 W/InputManager(  374): Input event injection from pid 24704 failed.
05-22 14:06:53.322 W/InteractionController(24704): runAndwaitForEvent timedout waiting for events
05-22 14:06:53.392 D/dalvikvm(24704): GC_CONCURRENT freed 408K, 85% free 655K/4332K, paused 1ms+2ms, total 9ms
05-22 14:06:53.431 I/InputDispatcher(  374): Dropped event because input dispatch is disabled.
05-22 14:06:53.431 W/InputManager(  374): Input event injection from pid 24704 failed.
05-22 14:06:54.431 W/InteractionController(24704): runAndwaitForEvent timedout waiting for events
05-22 14:06:54.525 D/dalvikvm(24704): GC_CONCURRENT freed 424K, 86% free 620K/4332K, paused 1ms+0ms, total 7ms
05-22 14:06:54.541 I/InputDispatcher(  374): Dropped event because input dispatch is disabled.
05-22 14:06:54.541 W/InputManager(  374): Input event injection from pid 24704 failed.
05-22 14:06:55.541 W/InteractionController(24704): runAndwaitForEvent timedout waiting for events
05-22 14:06:55.642 I/InputDispatcher(  374): Dropped event because input dispatch is disabled.
05-22 14:06:55.642 W/InputManager(  374): Input event injection from pid 24704 failed.
05-22 14:06:56.642 W/InteractionController(24704): runAndwaitForEvent timedout waiting for events
05-22 14:06:56.658 D/dalvikvm(24704): GC_CONCURRENT freed 404K, 87% free 600K/4332K, paused 2ms+1ms, total 13ms
05-22 14:06:56.760 I/InputDispatcher(  374): Dropped event because input dispatch is disabled.
05-22 14:06:56.760 W/InputManager(  374): Input event injection from pid 24704 failed.
05-22 14:06:57.713 D/dalvikvm( 1661): GC_EXPLICIT freed <1K, 18% free 13032K/15888K, paused 3ms+5ms, total 60ms
05-22 14:06:57.760 W/InteractionController(24704): runAndwaitForEvent timedout waiting for events
05-22 14:06:57.791 D/dalvikvm(24704): GC_CONCURRENT freed 367K, 86% free 618K/4332K, paused 1ms+0ms, total 13ms
05-22 14:06:57.861 I/InputDispatcher(  374): Dropped event because input dispatch is disabled.
05-22 14:06:57.861 W/InputManager(  374): Input event injection from pid 24704 failed.
05-22 14:06:58.861 W/InteractionController(24704): runAndwaitForEvent timedout waiting for events
05-22 14:06:58.924 D/dalvikvm(24704): GC_CONCURRENT freed 403K, 85% free 655K/4332K, paused 0ms+2ms, total 8ms
05-22 14:06:58.963 I/InputDispatcher(  374): Dropped event because input dispatch is disabled.
05-22 14:06:58.963 W/InputManager(  374): Input event injection from pid 24704 failed.
05-22 14:06:59.963 W/InteractionController(24704): runAndwaitForEvent timedout waiting for events
05-22 14:07:00.072 D/dalvikvm(24704): GC_CONCURRENT freed 425K, 86% free 621K/4332K, paused 2ms+1ms, total 8ms
05-22 14:07:00.111 I/InputDispatcher(  374): Dropped event because input dispatch is disabled.
05-22 14:07:00.111 W/InputManager(  374): Input event injection from pid 24704 failed.
05-22 14:07:00.775 I/InputDispatcher(  374): Dropped event because input dispatch is disabled.
05-22 14:07:00.775 W/InputManager(  374): Input event injection from pid 24704 failed.
05-22 14:07:01.299 W/Parcel  ( 1661): Attempt to read object from Parcel 0x5dfd3dac at offset 200 that is not in the object list
05-22 14:07:01.369 D/dalvikvm( 1468): GC_CONCURRENT freed 461K, 21% free 9991K/12512K, paused 8ms+7ms, total 41ms
05-22 14:07:01.775 W/InteractionController(24704): runAndwaitForEvent timedout waiting for events
05-22 14:07:01.783 D/dalvikvm(24704): GC_CONCURRENT freed 405K, 87% free 600K/4332K, paused 0ms+0ms, total 7ms
05-22 14:07:01.877 I/InputDispatcher(  374): Dropped event because input dispatch is disabled.
05-22 14:07:01.877 W/InputManager(  374): Input event injection from pid 24704 failed.
05-22 14:07:02.642 W/MountService(  374): getVolumeState(/storage/emulated/0/external_sd): Unknown volume
05-22 14:07:02.650 W/MountService(  374): getVolumeState(/mnt/sdcard-ext): Unknown volume
05-22 14:07:02.650 W/MountService(  374): getVolumeState(/mnt/ext_sdcard): Unknown volume
05-22 14:07:02.650 W/MountService(  374): getVolumeState(/mnt/sdcard2): Unknown volume
05-22 14:07:02.650 W/MountService(  374): getVolumeState(/mnt/emmc): Unknown volume
05-22 14:07:02.650 W/MountService(  374): getVolumeState(/mnt/extSdCard): Unknown volume
05-22 14:07:02.650 W/MountService(  374): getVolumeState(/mnt/sdcard/SD_CARD): Unknown volume
05-22 14:07:02.650 W/MountService(  374): getVolumeState(/mnt/sdcard/extra_sd): Unknown volume
05-22 14:07:02.650 W/MountService(  374): getVolumeState(/mnt/extrasd_bind): Unknown volume
05-22 14:07:02.650 W/MountService(  374): getVolumeState(/mnt/sdcard/ext_sd): Unknown volume
05-22 14:07:02.650 W/MountService(  374): getVolumeState(/storage/extSdCard): Unknown volume
05-22 14:07:02.650 W/MountService(  374): getVolumeState(/storage/sdcard1): Unknown volume
05-22 14:07:02.658 W/MountService(  374): getVolumeState(/mnt/sdcard/external_SD): Unknown volume
05-22 14:07:02.658 W/MountService(  374): getVolumeState(/mnt/sdcard/external_sd): Unknown volume
05-22 14:07:02.861 D/dalvikvm( 1468): GC_CONCURRENT freed 306K, 20% free 10119K/12512K, paused 8ms+7ms, total 47ms
05-22 14:07:02.877 W/InteractionController(24704): runAndwaitForEvent timedout waiting for events
05-22 14:07:02.908 D/dalvikvm(24704): GC_CONCURRENT freed 366K, 86% free 619K/4332K, paused 2ms+0ms, total 9ms
05-22 14:07:02.986 I/InputDispatcher(  374): Dropped event because input dispatch is disabled.
05-22 14:07:02.986 W/InputManager(  374): Input event injection from pid 24704 failed.
05-22 14:07:03.080 W/MountService(  374): getVolumeState(/storage/emulated/0/external_sd): Unknown volume
05-22 14:07:03.080 W/MountService(  374): getVolumeState(/mnt/sdcard-ext): Unknown volume
05-22 14:07:03.088 W/MountService(  374): getVolumeState(/mnt/ext_sdcard): Unknown volume
05-22 14:07:03.088 W/MountService(  374): getVolumeState(/mnt/sdcard2): Unknown volume
05-22 14:07:03.088 W/MountService(  374): getVolumeState(/mnt/emmc): Unknown volume
05-22 14:07:03.088 W/MountService(  374): getVolumeState(/mnt/extSdCard): Unknown volume
05-22 14:07:03.088 W/MountService(  374): getVolumeState(/mnt/sdcard/SD_CARD): Unknown volume
05-22 14:07:03.088 W/MountService(  374): getVolumeState(/mnt/sdcard/extra_sd): Unknown volume
05-22 14:07:03.088 W/MountService(  374): getVolumeState(/mnt/extrasd_bind): Unknown volume
05-22 14:07:03.088 W/MountService(  374): getVolumeState(/mnt/sdcard/ext_sd): Unknown volume
05-22 14:07:03.088 W/MountService(  374): getVolumeState(/storage/extSdCard): Unknown volume
05-22 14:07:03.088 W/MountService(  374): getVolumeState(/storage/sdcard1): Unknown volume
05-22 14:07:03.096 W/MountService(  374): getVolumeState(/mnt/sdcard/external_SD): Unknown volume
05-22 14:07:03.096 W/MountService(  374): getVolumeState(/mnt/sdcard/external_sd): Unknown volume
05-22 14:07:03.158 D/dalvikvm( 1468): GC_CONCURRENT freed 623K, 21% free 10007K/12512K, paused 16ms+8ms, total 54ms
05-22 14:07:03.158 D/dalvikvm( 1468): WAIT_FOR_CONCURRENT_GC blocked 19ms
05-22 14:07:03.986 W/InteractionController(24704): runAndwaitForEvent timedout waiting for events
05-22 14:07:04.049 D/dalvikvm(24704): GC_CONCURRENT freed 403K, 85% free 654K/4332K, paused 1ms+2ms, total 9ms
05-22 14:07:04.088 I/InputDispatcher(  374): Dropped event because input dispatch is disabled.
05-22 14:07:04.088 W/InputManager(  374): Input event injection from pid 24704 failed.
05-22 14:07:05.088 W/InteractionController(24704): runAndwaitForEvent timedout waiting for events
05-22 14:07:05.181 D/dalvikvm(24704): GC_CONCURRENT freed 445K, 87% free 600K/4332K, paused 1ms+1ms, total 13ms
05-22 14:07:05.189 I/InputDispatcher(  374): Dropped event because input dispatch is disabled.
05-22 14:07:05.189 W/InputManager(  374): Input event injection from pid 24704 failed.
05-22 14:07:06.189 W/InteractionController(24704): runAndwaitForEvent timedout waiting for events
05-22 14:07:06.291 I/InputDispatcher(  374): Dropped event because input dispatch is disabled.
05-22 14:07:06.291 W/InputManager(  374): Input event injection from pid 24704 failed.
05-22 14:07:07.291 W/InteractionController(24704): runAndwaitForEvent timedout waiting for events
05-22 14:07:07.306 D/dalvikvm(24704): GC_CONCURRENT freed 385K, 87% free 600K/4332K, paused 0ms+0ms, total 11ms
05-22 14:07:07.392 I/InputDispatcher(  374): Dropped event because input dispatch is disabled.
05-22 14:07:07.392 W/InputManager(  374): Input event injection from pid 24704 failed.
05-22 14:07:08.392 W/InteractionController(24704): runAndwaitForEvent timedout waiting for events
05-22 14:07:08.424 D/dalvikvm(24704): GC_CONCURRENT freed 366K, 86% free 618K/4332K, paused 2ms+1ms, total 8ms
05-22 14:07:08.502 I/InputDispatcher(  374): Dropped event because input dispatch is disabled.
05-22 14:07:08.502 W/InputManager(  374): Input event injection from pid 24704 failed.
05-22 14:07:09.502 W/InteractionController(24704): runAndwaitForEvent timedout waiting for events
05-22 14:07:09.549 D/dalvikvm(24704): GC_CONCURRENT freed 403K, 87% free 600K/4332K, paused 1ms+1ms, total 8ms
05-22 14:07:09.603 I/InputDispatcher(  374): Dropped event because input dispatch is disabled.
05-22 14:07:09.611 W/InputManager(  374): Input event injection from pid 24704 failed.
05-22 14:07:10.611 W/InteractionController(24704): runAndwaitForEvent timedout waiting for events
05-22 14:07:10.689 D/dalvikvm(24704): GC_CONCURRENT freed 428K, 86% free 618K/4332K, paused 1ms+1ms, total 10ms
05-22 14:07:10.713 I/InputDispatcher(  374): Dropped event because input dispatch is disabled.
05-22 14:07:10.713 W/InputManager(  374): Input event injection from pid 24704 failed.
05-22 14:07:11.713 W/InteractionController(24704): runAndwaitForEvent timedout waiting for events
05-22 14:07:11.806 I/InputDispatcher(  374): Dropped event because input dispatch is disabled.
05-22 14:07:11.806 W/InputManager(  374): Input event injection from pid 24704 failed.
05-22 14:07:12.806 W/InteractionController(24704): runAndwaitForEvent timedout waiting for events
05-22 14:07:12.822 D/dalvikvm(24704): GC_CONCURRENT freed 403K, 87% free 600K/4332K, paused 2ms+0ms, total 12ms
05-22 14:07:12.908 I/InputDispatcher(  374): Dropped event because input dispatch is disabled.
05-22 14:07:12.908 W/InputManager(  374): Input event injection from pid 24704 failed.
05-22 14:07:13.916 W/InteractionController(24704): runAndwaitForEvent timedout waiting for events
05-22 14:07:13.939 D/dalvikvm(24704): GC_CONCURRENT freed 383K, 87% free 600K/4332K, paused 1ms+0ms, total 7ms
05-22 14:07:14.017 I/InputDispatcher(  374): Dropped event because input dispatch is disabled.
05-22 14:07:14.017 W/InputManager(  374): Input event injection from pid 24704 failed.
05-22 14:07:15.017 W/InteractionController(24704): runAndwaitForEvent timedout waiting for events
05-22 14:07:15.064 D/dalvikvm(24704): GC_CONCURRENT freed 385K, 87% free 601K/4332K, paused 1ms+1ms, total 7ms
05-22 14:07:15.119 I/InputDispatcher(  374): Dropped event because input dispatch is disabled.
05-22 14:07:15.119 W/InputManager(  374): Input event injection from pid 24704 failed.
05-22 14:07:16.119 W/InteractionController(24704): runAndwaitForEvent timedout waiting for events
05-22 14:07:16.197 D/dalvikvm(24704): GC_CONCURRENT freed 385K, 85% free 655K/4332K, paused 0ms+2ms, total 8ms
05-22 14:07:16.221 I/InputDispatcher(  374): Dropped event because input dispatch is disabled.
05-22 14:07:16.221 W/InputManager(  374): Input event injection from pid 24704 failed.
05-22 14:07:17.221 W/InteractionController(24704): runAndwaitForEvent timedout waiting for events
05-22 14:07:17.314 I/InputDispatcher(  374): Dropped event because input dispatch is disabled.
05-22 14:07:17.314 W/InputManager(  374): Input event injection from pid 24704 failed.
05-22 14:07:17.322 D/dalvikvm(24704): GC_CONCURRENT freed 423K, 86% free 620K/4332K, paused 0ms+1ms, total 7ms
05-22 14:07:18.314 W/InteractionController(24704): runAndwaitForEvent timedout waiting for events
05-22 14:07:18.416 I/InputDispatcher(  374): Dropped event because input dispatch is disabled.
05-22 14:07:18.416 W/InputManager(  374): Input event injection from pid 24704 failed.
05-22 14:07:19.416 W/InteractionController(24704): runAndwaitForEvent timedout waiting for events
05-22 14:07:19.439 D/dalvikvm(24704): GC_CONCURRENT freed 387K, 86% free 621K/4332K, paused 0ms+1ms, total 6ms
05-22 14:07:19.510 I/InputDispatcher(  374): Dropped event because input dispatch is disabled.
05-22 14:07:19.510 W/InputManager(  374): Input event injection from pid 24704 failed.
05-22 14:07:20.510 W/InteractionController(24704): runAndwaitForEvent timedout waiting for events
05-22 14:07:20.572 D/dalvikvm(24704): GC_CONCURRENT freed 404K, 87% free 601K/4332K, paused 2ms+0ms, total 7ms
05-22 14:07:20.619 I/InputDispatcher(  374): Dropped event because input dispatch is disabled.
05-22 14:07:20.619 W/InputManager(  374): Input event injection from pid 24704 failed.
05-22 14:07:21.619 W/InteractionController(24704): runAndwaitForEvent timedout waiting for events
05-22 14:07:21.697 D/dalvikvm(24704): GC_CONCURRENT freed 383K, 87% free 601K/4332K, paused 1ms+0ms, total 7ms
05-22 14:07:21.728 I/InputDispatcher(  374): Dropped event because input dispatch is disabled.
05-22 14:07:21.728 W/InputManager(  374): Input event injection from pid 24704 failed.
05-22 14:07:22.728 W/InteractionController(24704): runAndwaitForEvent timedout waiting for events
05-22 14:07:22.830 D/dalvikvm(24704): GC_CONCURRENT freed 383K, 87% free 601K/4332K, paused 2ms+1ms, total 8ms
05-22 14:07:22.830 I/InputDispatcher(  374): Dropped event because input dispatch is disabled.
05-22 14:07:22.830 W/InputManager(  374): Input event injection from pid 24704 failed.
05-22 14:07:23.830 W/InteractionController(24704): runAndwaitForEvent timedout waiting for events
05-22 14:07:23.931 I/InputDispatcher(  374): Dropped event because input dispatch is disabled.
05-22 14:07:23.931 W/InputManager(  374): Input event injection from pid 24704 failed.
05-22 14:07:24.931 W/InteractionController(24704): runAndwaitForEvent timedout waiting for events
05-22 14:07:24.955 D/dalvikvm(24704): GC_CONCURRENT freed 384K, 87% free 600K/4332K, paused 2ms+1ms, total 7ms
05-22 14:07:25.041 I/InputDispatcher(  374): Dropped event because input dispatch is disabled.
