05-22 14:11:18.471 I/InputDispatcher(  374): Dropped event because input dispatch is disabled.
05-22 14:11:18.471 W/InputManager(  374): Input event injection from pid 24704 failed.
05-22 14:11:19.471 W/InteractionController(24704): runAndwaitForEvent timedout waiting for events
05-22 14:11:19.502 D/dalvikvm(24704): GC_CONCURRENT freed 384K, 86% free 632K/4332K, paused 1ms+1ms, total 7ms
05-22 14:11:19.580 I/InputDispatcher(  374): Dropped event because input dispatch is disabled.
05-22 14:11:19.580 W/InputManager(  374): Input event injection from pid 24704 failed.
05-22 14:11:20.580 W/InteractionController(24704): runAndwaitForEvent timedout waiting for events
05-22 14:11:20.627 D/dalvikvm(24704): GC_CONCURRENT freed 430K, 86% free 618K/4332K, paused 1ms+0ms, total 10ms
05-22 14:11:20.681 I/InputDispatcher(  374): Dropped event because input dispatch is disabled.
05-22 14:11:20.681 W/InputManager(  374): Input event injection from pid 24704 failed.
05-22 14:11:21.681 W/InteractionController(24704): runAndwaitForEvent timedout waiting for events
05-22 14:11:21.760 D/dalvikvm(24704): GC_CONCURRENT freed 446K, 86% free 618K/4332K, paused 0ms+1ms, total 9ms
05-22 14:11:21.775 I/InputDispatcher(  374): Dropped event because input dispatch is disabled.
05-22 14:11:21.775 W/InputManager(  374): Input event injection from pid 24704 failed.
05-22 14:11:22.775 W/InteractionController(24704): runAndwaitForEvent timedout waiting for events
05-22 14:11:22.869 I/InputDispatcher(  374): Dropped event because input dispatch is disabled.
05-22 14:11:22.869 W/InputManager(  374): Input event injection from pid 24704 failed.
05-22 14:11:23.869 W/InteractionController(24704): runAndwaitForEvent timedout waiting for events
05-22 14:11:23.877 D/dalvikvm(24704): GC_CONCURRENT freed 402K, 87% free 600K/4332K, paused 0ms+0ms, total 7ms
05-22 14:11:23.971 I/InputDispatcher(  374): Dropped event because input dispatch is disabled.
05-22 14:11:23.971 W/InputManager(  374): Input event injection from pid 24704 failed.
05-22 14:11:24.971 W/InteractionController(24704): runAndwaitForEvent timedout waiting for events
05-22 14:11:25.002 D/dalvikvm(24704): GC_CONCURRENT freed 385K, 87% free 600K/4332K, paused 1ms+1ms, total 7ms
05-22 14:11:25.072 I/InputDispatcher(  374): Dropped event because input dispatch is disabled.
05-22 14:11:25.072 W/InputManager(  374): Input event injection from pid 24704 failed.
05-22 14:11:26.072 W/InteractionController(24704): runAndwaitForEvent timedout waiting for events
05-22 14:11:26.135 D/dalvikvm(24704): GC_CONCURRENT freed 383K, 87% free 601K/4332K, paused 2ms+1ms, total 7ms
05-22 14:11:26.181 I/InputDispatcher(  374): Dropped event because input dispatch is disabled.
05-22 14:11:26.181 W/InputManager(  374): Input event injection from pid 24704 failed.
05-22 14:11:27.181 W/InteractionController(24704): runAndwaitForEvent timedout waiting for events
05-22 14:11:27.260 D/dalvikvm(24704): GC_CONCURRENT freed 383K, 87% free 601K/4332K, paused 2ms+1ms, total 7ms
05-22 14:11:27.283 I/InputDispatcher(  374): Dropped event because input dispatch is disabled.
05-22 14:11:27.283 W/InputManager(  374): Input event injection from pid 24704 failed.
05-22 14:11:28.283 W/InteractionController(24704): runAndwaitForEvent timedout waiting for events
05-22 14:11:28.408 D/dalvikvm(24704): GC_CONCURRENT freed 383K, 87% free 601K/4332K, paused 2ms+1ms, total 7ms
05-22 14:11:28.416 I/InputDispatcher(  374): Dropped event because input dispatch is disabled.
05-22 14:11:28.416 W/InputManager(  374): Input event injection from pid 24704 failed.
05-22 14:11:29.416 W/InteractionController(24704): runAndwaitForEvent timedout waiting for events
05-22 14:11:29.525 I/InputDispatcher(  374): Dropped event because input dispatch is disabled.
05-22 14:11:29.525 W/InputManager(  374): Input event injection from pid 24704 failed.
05-22 14:11:30.525 W/InteractionController(24704): runAndwaitForEvent timedout waiting for events
05-22 14:11:30.549 D/dalvikvm(24704): GC_CONCURRENT freed 384K, 87% free 601K/4332K, paused 1ms+0ms, total 7ms
05-22 14:11:30.635 I/InputDispatcher(  374): Dropped event because input dispatch is disabled.
05-22 14:11:30.635 W/InputManager(  374): Input event injection from pid 24704 failed.
05-22 14:11:31.635 W/InteractionController(24704): runAndwaitForEvent timedout waiting for events
05-22 14:11:31.658 D/dalvikvm(24704): GC_CONCURRENT freed 384K, 87% free 601K/4332K, paused 0ms+1ms, total 7ms
05-22 14:11:31.728 I/InputDispatcher(  374): Dropped event because input dispatch is disabled.
05-22 14:11:31.728 W/InputManager(  374): Input event injection from pid 24704 failed.
05-22 14:11:32.728 W/InteractionController(24704): runAndwaitForEvent timedout waiting for events
05-22 14:11:32.791 D/dalvikvm(24704): GC_CONCURRENT freed 387K, 85% free 655K/4332K, paused 1ms+2ms, total 9ms
05-22 14:11:32.830 I/InputDispatcher(  374): Dropped event because input dispatch is disabled.
05-22 14:11:32.830 W/InputManager(  374): Input event injection from pid 24704 failed.
05-22 14:11:33.830 W/InteractionController(24704): runAndwaitForEvent timedout waiting for events
05-22 14:11:33.924 D/dalvikvm(24704): GC_CONCURRENT freed 424K, 86% free 621K/4332K, paused 2ms+1ms, total 8ms
05-22 14:11:33.931 I/InputDispatcher(  374): Dropped event because input dispatch is disabled.
05-22 14:11:33.931 W/InputManager(  374): Input event injection from pid 24704 failed.
05-22 14:11:34.931 W/InteractionController(24704): runAndwaitForEvent timedout waiting for events
05-22 14:11:35.025 I/InputDispatcher(  374): Dropped event because input dispatch is disabled.
05-22 14:11:35.025 W/InputManager(  374): Input event injection from pid 24704 failed.
05-22 14:11:36.025 W/InteractionController(24704): runAndwaitForEvent timedout waiting for events
05-22 14:11:36.033 D/dalvikvm(24704): GC_CONCURRENT freed 405K, 87% free 600K/4332K, paused 0ms+1ms, total 7ms
05-22 14:11:36.127 I/InputDispatcher(  374): Dropped event because input dispatch is disabled.
05-22 14:11:36.127 W/InputManager(  374): Input event injection from pid 24704 failed.
05-22 14:11:37.127 W/InteractionController(24704): runAndwaitForEvent timedout waiting for events
05-22 14:11:37.158 D/dalvikvm(24704): GC_CONCURRENT freed 367K, 86% free 618K/4332K, paused 2ms+0ms, total 8ms
05-22 14:11:37.228 I/InputDispatcher(  374): Dropped event because input dispatch is disabled.
05-22 14:11:37.228 W/InputManager(  374): Input event injection from pid 24704 failed.
05-22 14:11:38.228 W/InteractionController(24704): runAndwaitForEvent timedout waiting for events
05-22 14:11:38.283 D/dalvikvm(24704): GC_CONCURRENT freed 401K, 87% free 600K/4332K, paused 1ms+1ms, total 7ms
05-22 14:11:38.330 I/InputDispatcher(  374): Dropped event because input dispatch is disabled.
05-22 14:11:38.330 W/InputManager(  374): Input event injection from pid 24704 failed.
05-22 14:11:39.338 W/InteractionController(24704): runAndwaitForEvent timedout waiting for events
05-22 14:11:39.416 D/dalvikvm(24704): GC_CONCURRENT freed 389K, 85% free 654K/4332K, paused 1ms+2ms, total 9ms
05-22 14:11:39.431 I/InputDispatcher(  374): Dropped event because input dispatch is disabled.
05-22 14:11:39.431 W/InputManager(  374): Input event injection from pid 24704 failed.
05-22 14:11:40.431 W/InteractionController(24704): runAndwaitForEvent timedout waiting for events
05-22 14:11:40.533 I/InputDispatcher(  374): Dropped event because input dispatch is disabled.
05-22 14:11:40.533 D/dalvikvm(24704): GC_CONCURRENT freed 419K, 86% free 621K/4332K, paused 1ms+0ms, total 8ms
05-22 14:11:40.533 W/InputManager(  374): Input event injection from pid 24704 failed.
05-22 14:11:41.533 W/InteractionController(24704): runAndwaitForEvent timedout waiting for events
05-22 14:11:41.627 I/InputDispatcher(  374): Dropped event because input dispatch is disabled.
05-22 14:11:41.627 W/InputManager(  374): Input event injection from pid 24704 failed.
05-22 14:11:42.627 W/InteractionController(24704): runAndwaitForEvent timedout waiting for events
05-22 14:11:42.650 D/dalvikvm(24704): GC_CONCURRENT freed 408K, 87% free 600K/4332K, paused 0ms+0ms, total 8ms
05-22 14:11:42.721 I/InputDispatcher(  374): Dropped event because input dispatch is disabled.
05-22 14:11:42.721 W/InputManager(  374): Input event injection from pid 24704 failed.
05-22 14:11:43.721 W/InteractionController(24704): runAndwaitForEvent timedout waiting for events
05-22 14:11:43.783 D/dalvikvm(24704): GC_CONCURRENT freed 388K, 85% free 653K/4332K, paused 1ms+3ms, total 9ms
05-22 14:11:43.822 I/InputDispatcher(  374): Dropped event because input dispatch is disabled.
05-22 14:11:43.822 W/InputManager(  374): Input event injection from pid 24704 failed.
05-22 14:11:44.822 W/InteractionController(24704): runAndwaitForEvent timedout waiting for events
05-22 14:11:44.908 D/dalvikvm(24704): GC_CONCURRENT freed 440K, 87% free 603K/4332K, paused 0ms+0ms, total 10ms
05-22 14:11:44.916 I/InputDispatcher(  374): Dropped event because input dispatch is disabled.
05-22 14:11:44.916 W/InputManager(  374): Input event injection from pid 24704 failed.
05-22 14:11:45.916 W/InteractionController(24704): runAndwaitForEvent timedout waiting for events
05-22 14:11:46.010 I/InputDispatcher(  374): Dropped event because input dispatch is disabled.
05-22 14:11:46.010 W/InputManager(  374): Input event injection from pid 24704 failed.
05-22 14:11:47.010 W/InteractionController(24704): runAndwaitForEvent timedout waiting for events
05-22 14:11:47.017 D/dalvikvm(24704): GC_CONCURRENT freed 386K, 87% free 601K/4332K, paused 0ms+0ms, total 7ms
05-22 14:11:47.103 I/InputDispatcher(  374): Dropped event because input dispatch is disabled.
05-22 14:11:47.103 W/InputManager(  374): Input event injection from pid 24704 failed.
05-22 14:11:48.103 W/InteractionController(24704): runAndwaitForEvent timedout waiting for events
05-22 14:11:48.135 D/dalvikvm(24704): GC_CONCURRENT freed 385K, 87% free 601K/4332K, paused 1ms+1ms, total 8ms
05-22 14:11:48.205 I/InputDispatcher(  374): Dropped event because input dispatch is disabled.
05-22 14:11:48.205 W/InputManager(  374): Input event injection from pid 24704 failed.
05-22 14:11:49.205 W/InteractionController(24704): runAndwaitForEvent timedout waiting for events
05-22 14:11:49.267 D/dalvikvm(24704): GC_CONCURRENT freed 391K, 85% free 654K/4332K, paused 0ms+2ms, total 8ms
05-22 14:11:49.306 I/InputDispatcher(  374): Dropped event because input dispatch is disabled.
05-22 14:11:49.306 W/InputManager(  374): Input event injection from pid 24704 failed.
05-22 14:11:50.306 W/InteractionController(24704): runAndwaitForEvent timedout waiting for events
05-22 14:11:50.392 D/dalvikvm(24704): GC_CONCURRENT freed 435K, 87% free 604K/4332K, paused 0ms+0ms, total 6ms
05-22 14:11:50.408 I/InputDispatcher(  374): Dropped event because input dispatch is disabled.
05-22 14:11:50.408 W/InputManager(  374): Input event injection from pid 24704 failed.
05-22 14:11:51.408 W/InteractionController(24704): runAndwaitForEvent timedout waiting for events
05-22 14:11:51.502 I/InputDispatcher(  374): Dropped event because input dispatch is disabled.
05-22 14:11:51.502 W/InputManager(  374): Input event injection from pid 24704 failed.
05-22 14:11:51.978 D/dalvikvm(  561): GC_EXPLICIT freed 237K, 5% free 9419K/9848K, paused 2ms+5ms, total 32ms
05-22 14:11:52.502 W/InteractionController(24704): runAndwaitForEvent timedout waiting for events
05-22 14:11:52.510 D/dalvikvm(24704): GC_CONCURRENT freed 388K, 87% free 600K/4332K, paused 0ms+0ms, total 7ms
05-22 14:11:52.596 I/InputDispatcher(  374): Dropped event because input dispatch is disabled.
05-22 14:11:52.596 W/InputManager(  374): Input event injection from pid 24704 failed.
05-22 14:11:53.596 W/InteractionController(24704): runAndwaitForEvent timedout waiting for events
05-22 14:11:53.635 D/dalvikvm(24704): GC_CONCURRENT freed 367K, 86% free 618K/4332K, paused 1ms+0ms, total 13ms
05-22 14:11:53.705 I/InputDispatcher(  374): Dropped event because input dispatch is disabled.
05-22 14:11:53.705 W/InputManager(  374): Input event injection from pid 24704 failed.
05-22 14:11:54.705 W/InteractionController(24704): runAndwaitForEvent timedout waiting for events
05-22 14:11:54.767 D/dalvikvm(24704): GC_CONCURRENT freed 401K, 87% free 601K/4332K, paused 1ms+0ms, total 8ms
05-22 14:11:54.806 I/InputDispatcher(  374): Dropped event because input dispatch is disabled.
05-22 14:11:54.806 W/InputManager(  374): Input event injection from pid 24704 failed.
05-22 14:11:55.806 W/InteractionController(24704): runAndwaitForEvent timedout waiting for events
05-22 14:11:55.892 D/dalvikvm(24704): GC_CONCURRENT freed 428K, 86% free 618K/4332K, paused 2ms+1ms, total 11ms
05-22 14:11:55.900 I/InputDispatcher(  374): Dropped event because input dispatch is disabled.
05-22 14:11:55.900 W/InputManager(  374): Input event injection from pid 24704 failed.
05-22 14:11:56.908 W/InteractionController(24704): runAndwaitForEvent timedout waiting for events
05-22 14:11:57.002 I/InputDispatcher(  374): Dropped event because input dispatch is disabled.
05-22 14:11:57.002 W/InputManager(  374): Input event injection from pid 24704 failed.
05-22 14:11:58.002 W/InteractionController(24704): runAndwaitForEvent timedout waiting for events
05-22 14:11:58.017 D/dalvikvm(24704): GC_CONCURRENT freed 403K, 87% free 600K/4332K, paused 2ms+1ms, total 16ms
05-22 14:11:58.096 I/InputDispatcher(  374): Dropped event because input dispatch is disabled.
05-22 14:11:58.096 W/InputManager(  374): Input event injection from pid 24704 failed.
05-22 14:11:59.096 W/InteractionController(24704): runAndwaitForEvent timedout waiting for events
05-22 14:11:59.135 D/dalvikvm(24704): GC_CONCURRENT freed 367K, 86% free 618K/4332K, paused 2ms+0ms, total 14ms
05-22 14:11:59.197 I/InputDispatcher(  374): Dropped event because input dispatch is disabled.
05-22 14:11:59.197 W/InputManager(  374): Input event injection from pid 24704 failed.
05-22 14:12:00.713 D/dalvikvm(24704): GC_CONCURRENT freed 409K, 85% free 654K/4332K, paused 0ms+2ms, total 8ms
05-22 14:12:00.752 I/InputDispatcher(  374): Dropped event because input dispatch is disabled.
05-22 14:12:00.752 W/InputManager(  374): Input event injection from pid 24704 failed.
05-22 14:12:01.760 W/InteractionController(24704): runAndwaitForEvent timedout waiting for events
05-22 14:12:01.846 D/dalvikvm(24704): GC_CONCURRENT freed 434K, 87% free 604K/4332K, paused 1ms+0ms, total 11ms
05-22 14:12:01.861 I/InputDispatcher(  374): Dropped event because input dispatch is disabled.
05-22 14:12:01.861 W/InputManager(  374): Input event injection from pid 24704 failed.
05-22 14:12:02.830 W/MountService(  374): getVolumeState(/storage/emulated/0/external_sd): Unknown volume
05-22 14:12:02.830 W/MountService(  374): getVolumeState(/mnt/sdcard-ext): Unknown volume
05-22 14:12:02.830 W/MountService(  374): getVolumeState(/mnt/ext_sdcard): Unknown volume
05-22 14:12:02.838 W/MountService(  374): getVolumeState(/mnt/sdcard2): Unknown volume
05-22 14:12:02.838 W/MountService(  374): getVolumeState(/mnt/emmc): Unknown volume
05-22 14:12:02.846 W/MountService(  374): getVolumeState(/mnt/extSdCard): Unknown volume
05-22 14:12:02.846 W/MountService(  374): getVolumeState(/mnt/sdcard/SD_CARD): Unknown volume
05-22 14:12:02.846 W/MountService(  374): getVolumeState(/mnt/sdcard/extra_sd): Unknown volume
05-22 14:12:02.846 W/MountService(  374): getVolumeState(/mnt/extrasd_bind): Unknown volume
05-22 14:12:02.846 W/MountService(  374): getVolumeState(/mnt/sdcard/ext_sd): Unknown volume
05-22 14:12:02.846 W/MountService(  374): getVolumeState(/storage/extSdCard): Unknown volume
05-22 14:12:02.846 W/MountService(  374): getVolumeState(/storage/sdcard1): Unknown volume
05-22 14:12:02.846 W/MountService(  374): getVolumeState(/mnt/sdcard/external_SD): Unknown volume
05-22 14:12:02.853 W/MountService(  374): getVolumeState(/mnt/sdcard/external_sd): Unknown volume
05-22 14:12:02.861 W/InteractionController(24704): runAndwaitForEvent timedout waiting for events
05-22 14:12:02.978 I/InputDispatcher(  374): Dropped event because input dispatch is disabled.
05-22 14:12:02.978 W/InputManager(  374): Input event injection from pid 24704 failed.
05-22 14:12:03.025 D/dalvikvm( 1468): GC_CONCURRENT freed 426K, 19% free 10144K/12512K, paused 34ms+11ms, total 125ms
05-22 14:12:03.228 W/MountService(  374): getVolumeState(/storage/emulated/0/external_sd): Unknown volume
05-22 14:12:03.228 W/MountService(  374): getVolumeState(/mnt/sdcard-ext): Unknown volume
05-22 14:12:03.228 W/MountService(  374): getVolumeState(/mnt/ext_sdcard): Unknown volume
05-22 14:12:03.228 W/MountService(  374): getVolumeState(/mnt/sdcard2): Unknown volume
05-22 14:12:03.228 W/MountService(  374): getVolumeState(/mnt/emmc): Unknown volume
05-22 14:12:03.228 W/MountService(  374): getVolumeState(/mnt/extSdCard): Unknown volume
05-22 14:12:03.228 W/MountService(  374): getVolumeState(/mnt/sdcard/SD_CARD): Unknown volume
05-22 14:12:03.228 W/MountService(  374): getVolumeState(/mnt/sdcard/extra_sd): Unknown volume
05-22 14:12:03.228 W/MountService(  374): getVolumeState(/mnt/extrasd_bind): Unknown volume
05-22 14:12:03.236 W/MountService(  374): getVolumeState(/mnt/sdcard/ext_sd): Unknown volume
05-22 14:12:03.236 W/MountService(  374): getVolumeState(/storage/extSdCard): Unknown volume
05-22 14:12:03.236 W/MountService(  374): getVolumeState(/storage/sdcard1): Unknown volume
05-22 14:12:03.236 W/MountService(  374): getVolumeState(/mnt/sdcard/external_SD): Unknown volume
05-22 14:12:03.236 W/MountService(  374): getVolumeState(/mnt/sdcard/external_sd): Unknown volume
05-22 14:12:03.291 D/dalvikvm( 1468): GC_CONCURRENT freed 626K, 20% free 10022K/12512K, paused 15ms+8ms, total 54ms
05-22 14:12:03.291 D/dalvikvm( 1468): WAIT_FOR_CONCURRENT_GC blocked 10ms
05-22 14:12:03.978 W/InteractionController(24704): runAndwaitForEvent timedout waiting for events
05-22 14:12:03.986 D/dalvikvm(24704): GC_CONCURRENT freed 389K, 87% free 600K/4332K, paused 1ms+1ms, total 7ms
05-22 14:12:04.072 I/InputDispatcher(  374): Dropped event because input dispatch is disabled.
05-22 14:12:04.072 W/InputManager(  374): Input event injection from pid 24704 failed.
05-22 14:12:05.072 W/InteractionController(24704): runAndwaitForEvent timedout waiting for events
05-22 14:12:05.096 D/dalvikvm(24704): GC_CONCURRENT freed 384K, 87% free 601K/4332K, paused 2ms+1ms, total 8ms
05-22 14:12:05.174 I/InputDispatcher(  374): Dropped event because input dispatch is disabled.
05-22 14:12:05.174 W/InputManager(  374): Input event injection from pid 24704 failed.
05-22 14:12:06.174 W/InteractionController(24704): runAndwaitForEvent timedout waiting for events
05-22 14:12:06.236 D/dalvikvm(24704): GC_CONCURRENT freed 429K, 86% free 618K/4332K, paused 1ms+1ms, total 9ms
05-22 14:12:06.267 I/InputDispatcher(  374): Dropped event because input dispatch is disabled.
05-22 14:12:06.267 W/InputManager(  374): Input event injection from pid 24704 failed.
05-22 14:12:07.267 W/InteractionController(24704): runAndwaitForEvent timedout waiting for events
05-22 14:12:07.361 I/InputDispatcher(  374): Dropped event because input dispatch is disabled.
05-22 14:12:07.361 W/InputManager(  374): Input event injection from pid 24704 failed.
05-22 14:12:07.369 D/dalvikvm(24704): GC_CONCURRENT freed 445K, 86% free 618K/4332K, paused 0ms+1ms, total 9ms
05-22 14:12:08.369 W/InteractionController(24704): runAndwaitForEvent timedout waiting for events
05-22 14:12:08.463 I/InputDispatcher(  374): Dropped event because input dispatch is disabled.
05-22 14:12:08.463 W/InputManager(  374): Input event injection from pid 24704 failed.
05-22 14:12:09.463 W/InteractionController(24704): runAndwaitForEvent timedout waiting for events
05-22 14:12:09.494 D/dalvikvm(24704): GC_CONCURRENT freed 405K, 87% free 600K/4332K, paused 1ms+1ms, total 9ms
05-22 14:12:09.556 I/InputDispatcher(  374): Dropped event because input dispatch is disabled.
05-22 14:12:09.556 W/InputManager(  374): Input event injection from pid 24704 failed.
05-22 14:12:10.556 W/InteractionController(24704): runAndwaitForEvent timedout waiting for events
05-22 14:12:10.635 D/dalvikvm(24704): GC_CONCURRENT freed 386K, 85% free 661K/4332K, paused 1ms+2ms, total 17ms
05-22 14:12:10.666 I/InputDispatcher(  374): Dropped event because input dispatch is disabled.
05-22 14:12:10.666 W/InputManager(  374): Input event injection from pid 24704 failed.
05-22 14:12:10.728 D/dalvikvm(  374): GC_CONCURRENT freed 3751K, 19% free 24222K/29760K, paused 5ms+12ms, total 143ms
05-22 14:12:11.666 W/InteractionController(24704): runAndwaitForEvent timedout waiting for events
05-22 14:12:11.783 D/dalvikvm(24704): GC_CONCURRENT freed 444K, 86% free 632K/4332K, paused 2ms+1ms, total 9ms
05-22 14:12:11.783 I/InputDispatcher(  374): Dropped event because input dispatch is disabled.
05-22 14:12:11.783 W/InputManager(  374): Input event injection from pid 24704 failed.
05-22 14:12:12.783 W/InteractionController(24704): runAndwaitForEvent timedout waiting for events
05-22 14:12:12.877 I/InputDispatcher(  374): Dropped event because input dispatch is disabled.
05-22 14:12:12.877 W/InputManager(  374): Input event injection from pid 24704 failed.
05-22 14:12:13.885 W/InteractionController(24704): runAndwaitForEvent timedout waiting for events
05-22 14:12:13.908 D/dalvikvm(24704): GC_CONCURRENT freed 385K, 86% free 631K/4332K, paused 2ms+1ms, total 8ms
05-22 14:12:13.986 I/InputDispatcher(  374): Dropped event because input dispatch is disabled.
05-22 14:12:13.986 W/InputManager(  374): Input event injection from pid 24704 failed.
05-22 14:12:14.986 W/InteractionController(24704): runAndwaitForEvent timedout waiting for events
05-22 14:12:15.033 D/dalvikvm(24704): GC_CONCURRENT freed 385K, 86% free 636K/4332K, paused 2ms+1ms, total 8ms
05-22 14:12:15.088 I/InputDispatcher(  374): Dropped event because input dispatch is disabled.
05-22 14:12:15.088 W/InputManager(  374): Input event injection from pid 24704 failed.
05-22 14:12:16.088 W/InteractionController(24704): runAndwaitForEvent timedout waiting for events
05-22 14:12:16.166 D/dalvikvm(24704): GC_CONCURRENT freed 428K, 86% free 619K/4332K, paused 0ms+1ms, total 17ms
05-22 14:12:16.197 I/InputDispatcher(  374): Dropped event because input dispatch is disabled.
05-22 14:12:16.197 W/InputManager(  374): Input event injection from pid 24704 failed.
05-22 14:12:17.197 W/InteractionController(24704): runAndwaitForEvent timedout waiting for events
05-22 14:12:17.299 D/dalvikvm(24704): GC_CONCURRENT freed 410K, 85% free 653K/4332K, paused 1ms+2ms, total 9ms
05-22 14:12:17.299 I/InputDispatcher(  374): Dropped event because input dispatch is disabled.
05-22 14:12:17.299 W/InputManager(  374): Input event injection from pid 24704 failed.
05-22 14:12:18.299 W/InteractionController(24704): runAndwaitForEvent timedout waiting for events
05-22 14:12:18.392 I/InputDispatcher(  374): Dropped event because input dispatch is disabled.
05-22 14:12:18.392 W/InputManager(  374): Input event injection from pid 24704 failed.
05-22 14:12:19.392 W/InteractionController(24704): runAndwaitForEvent timedout waiting for events
05-22 14:12:19.424 D/dalvikvm(24704): GC_CONCURRENT freed 421K, 86% free 621K/4332K, paused 2ms+1ms, total 8ms
05-22 14:12:19.494 I/InputDispatcher(  374): Dropped event because input dispatch is disabled.
05-22 14:12:19.494 W/InputManager(  374): Input event injection from pid 24704 failed.
05-22 14:12:20.494 W/InteractionController(24704): runAndwaitForEvent timedout waiting for events
05-22 14:12:20.541 D/dalvikvm(24704): GC_CONCURRENT freed 387K, 86% free 618K/4332K, paused 2ms+1ms, total 8ms
05-22 14:12:20.596 I/InputDispatcher(  374): Dropped event because input dispatch is disabled.
05-22 14:12:20.596 W/InputManager(  374): Input event injection from pid 24704 failed.
05-22 14:12:21.596 W/InteractionController(24704): runAndwaitForEvent timedout waiting for events
05-22 14:12:21.674 D/dalvikvm(24704): GC_CONCURRENT freed 401K, 87% free 601K/4332K, paused 2ms+0ms, total 8ms
05-22 14:12:21.697 I/InputDispatcher(  374): Dropped event because input dispatch is disabled.
05-22 14:12:21.697 W/InputManager(  374): Input event injection from pid 24704 failed.
05-22 14:12:22.697 W/InteractionController(24704): runAndwaitForEvent timedout waiting for events
05-22 14:12:22.806 D/dalvikvm(24704): GC_CONCURRENT freed 383K, 87% free 601K/4332K, paused 2ms+1ms, total 10ms
05-22 14:12:22.806 I/InputDispatcher(  374): Dropped event because input dispatch is disabled.
05-22 14:12:22.806 W/InputManager(  374): Input event injection from pid 24704 failed.
05-22 14:12:23.806 W/InteractionController(24704): runAndwaitForEvent timedout waiting for events
05-22 14:12:23.900 I/InputDispatcher(  374): Dropped event because input dispatch is disabled.
05-22 14:12:23.900 W/InputManager(  374): Input event injection from pid 24704 failed.
05-22 14:12:24.908 W/InteractionController(24704): runAndwaitForEvent timedout waiting for events
05-22 14:12:24.931 D/dalvikvm(24704): GC_CONCURRENT freed 387K, 85% free 656K/4332K, paused 1ms+3ms, total 9ms
05-22 14:12:25.002 I/InputDispatcher(  374): Dropped event because input dispatch is disabled.
05-22 14:12:25.002 W/InputManager(  374): Input event injection from pid 24704 failed.
05-22 14:12:26.010 W/InteractionController(24704): runAndwaitForEvent timedout waiting for events
05-22 14:12:26.056 D/dalvikvm(24704): GC_CONCURRENT freed 425K, 86% free 621K/4332K, paused 2ms+1ms, total 8ms
05-22 14:12:26.103 I/InputDispatcher(  374): Dropped event because input dispatch is disabled.
05-22 14:12:26.103 W/InputManager(  374): Input event injection from pid 24704 failed.
05-22 14:12:27.103 W/InteractionController(24704): runAndwaitForEvent timedout waiting for events
05-22 14:12:27.181 D/dalvikvm(24704): GC_CONCURRENT freed 404K, 87% free 600K/4332K, paused 2ms+1ms, total 8ms
05-22 14:12:27.213 I/InputDispatcher(  374): Dropped event because input dispatch is disabled.
05-22 14:12:27.213 W/InputManager(  374): Input event injection from pid 24704 failed.
05-22 14:12:28.213 W/InteractionController(24704): runAndwaitForEvent timedout waiting for events
05-22 14:12:28.306 D/dalvikvm(24704): GC_CONCURRENT freed 383K, 87% free 601K/4332K, paused 1ms+0ms, total 7ms
05-22 14:12:28.314 I/InputDispatcher(  374): Dropped event because input dispatch is disabled.
05-22 14:12:28.314 W/InputManager(  374): Input event injection from pid 24704 failed.
05-22 14:12:29.314 W/InteractionController(24704): runAndwaitForEvent timedout waiting for events
05-22 14:12:29.408 I/InputDispatcher(  374): Dropped event because input dispatch is disabled.
05-22 14:12:29.408 W/InputManager(  374): Input event injection from pid 24704 failed.
05-22 14:12:30.408 W/InteractionController(24704): runAndwaitForEvent timedout waiting for events
05-22 14:12:30.416 D/dalvikvm(24704): GC_CONCURRENT freed 384K, 87% free 600K/4332K, paused 2ms+1ms, total 8ms
05-22 14:12:30.510 I/InputDispatcher(  374): Dropped event because input dispatch is disabled.
05-22 14:12:30.510 W/InputManager(  374): Input event injection from pid 24704 failed.
05-22 14:12:31.510 W/InteractionController(24704): runAndwaitForEvent timedout waiting for events
05-22 14:12:31.533 D/dalvikvm(24704): GC_CONCURRENT freed 385K, 87% free 601K/4332K, paused 1ms+1ms, total 7ms
05-22 14:12:31.611 I/InputDispatcher(  374): Dropped event because input dispatch is disabled.
05-22 14:12:31.611 W/InputManager(  374): Input event injection from pid 24704 failed.
05-22 14:12:32.611 W/InteractionController(24704): runAndwaitForEvent timedout waiting for events
05-22 14:12:32.681 D/dalvikvm(24704): GC_CONCURRENT freed 384K, 87% free 601K/4332K, paused 2ms+1ms, total 14ms
05-22 14:12:32.721 I/InputDispatcher(  374): Dropped event because input dispatch is disabled.
05-22 14:12:32.721 W/InputManager(  374): Input event injection from pid 24704 failed.
05-22 14:12:33.721 W/InteractionController(24704): runAndwaitForEvent timedout waiting for events
05-22 14:12:33.799 D/dalvikvm(24704): GC_CONCURRENT freed 383K, 87% free 601K/4332K, paused 2ms+1ms, total 8ms
05-22 14:12:33.822 I/InputDispatcher(  374): Dropped event because input dispatch is disabled.
05-22 14:12:33.822 W/InputManager(  374): Input event injection from pid 24704 failed.
05-22 14:12:34.830 W/InteractionController(24704): runAndwaitForEvent timedout waiting for events
05-22 14:12:34.947 D/dalvikvm(24704): GC_CONCURRENT freed 383K, 86% free 631K/4332K, paused 2ms+2ms, total 10ms
05-22 14:12:34.947 I/InputDispatcher(  374): Dropped event because input dispatch is disabled.
05-22 14:12:34.947 W/InputManager(  374): Input event injection from pid 24704 failed.
05-22 14:12:35.947 W/InteractionController(24704): runAndwaitForEvent timedout waiting for events
05-22 14:12:36.056 I/InputDispatcher(  374): Dropped event because input dispatch is disabled.
05-22 14:12:36.056 W/InputManager(  374): Input event injection from pid 24704 failed.
05-22 14:12:37.056 W/InteractionController(24704): runAndwaitForEvent timedout waiting for events
05-22 14:12:37.080 D/dalvikvm(24704): GC_CONCURRENT freed 431K, 86% free 618K/4332K, paused 1ms+1ms, total 7ms
05-22 14:12:37.158 I/InputDispatcher(  374): Dropped event because input dispatch is disabled.
05-22 14:12:37.158 W/InputManager(  374): Input event injection from pid 24704 failed.
05-22 14:12:38.158 W/InteractionController(24704): runAndwaitForEvent timedout waiting for events
05-22 14:12:38.213 D/dalvikvm(24704): GC_CONCURRENT freed 384K, 86% free 618K/4332K, paused 2ms+1ms, total 15ms
05-22 14:12:38.252 I/InputDispatcher(  374): Dropped event because input dispatch is disabled.
05-22 14:12:38.252 W/InputManager(  374): Input event injection from pid 24704 failed.
05-22 14:12:39.252 W/InteractionController(24704): runAndwaitForEvent timedout waiting for events
05-22 14:12:39.338 D/dalvikvm(24704): GC_CONCURRENT freed 401K, 87% free 601K/4332K, paused 2ms+1ms, total 10ms
05-22 14:12:39.361 I/InputDispatcher(  374): Dropped event because input dispatch is disabled.
05-22 14:12:39.361 W/InputManager(  374): Input event injection from pid 24704 failed.
05-22 14:12:40.361 W/InteractionController(24704): runAndwaitForEvent timedout waiting for events
05-22 14:12:40.455 I/InputDispatcher(  374): Dropped event because input dispatch is disabled.
05-22 14:12:40.455 D/dalvikvm(24704): GC_CONCURRENT freed 396K, 86% free 649K/4332K, paused 2ms+1ms, total 10ms
05-22 14:12:40.455 W/InputManager(  374): Input event injection from pid 24704 failed.
05-22 14:12:41.275 D/dalvikvm( 1661): GC_EXPLICIT freed 295K, 18% free 13035K/15888K, paused 3ms+5ms, total 61ms
05-22 14:12:41.455 W/InteractionController(24704): runAndwaitForEvent timedout waiting for events
05-22 14:12:41.549 I/InputDispatcher(  374): Dropped event because input dispatch is disabled.
05-22 14:12:41.549 W/InputManager(  374): Input event injection from pid 24704 failed.
05-22 14:12:42.549 W/InteractionController(24704): runAndwaitForEvent timedout waiting for events
05-22 14:12:42.580 D/dalvikvm(24704): GC_CONCURRENT freed 436K, 87% free 600K/4332K, paused 0ms+0ms, total 8ms
05-22 14:12:42.650 I/InputDispatcher(  374): Dropped event because input dispatch is disabled.
05-22 14:12:42.650 W/InputManager(  374): Input event injection from pid 24704 failed.
05-22 14:12:43.650 W/InteractionController(24704): runAndwaitForEvent timedout waiting for events
05-22 14:12:43.713 D/dalvikvm(24704): GC_CONCURRENT freed 391K, 85% free 653K/4332K, paused 0ms+2ms, total 9ms
05-22 14:12:43.752 I/InputDispatcher(  374): Dropped event because input dispatch is disabled.
05-22 14:12:43.752 W/InputManager(  374): Input event injection from pid 24704 failed.
05-22 14:12:44.752 W/InteractionController(24704): runAndwaitForEvent timedout waiting for events
05-22 14:12:44.838 D/dalvikvm(24704): GC_CONCURRENT freed 418K, 86% free 621K/4332K, paused 1ms+1ms, total 9ms
05-22 14:12:44.846 I/InputDispatcher(  374): Dropped event because input dispatch is disabled.
05-22 14:12:44.846 W/InputManager(  374): Input event injection from pid 24704 failed.
05-22 14:12:45.799 D/MdmService(22964): [null:-1]->receiver action :com.pekall.mdm.action.MDM_ALARM
05-22 14:12:45.799 D/MdmService(22964): [null:-1]->keepAliveWithPushServer client is opened:true
05-22 14:12:45.799 D/MDM :   (22964): [null:-1]->ping!!!!!!!!!
05-22 14:12:45.814 D/MdmService(22964): [null:-1]->pushUrl : ws://test.mdm.everknow.cn:9090/websocket
05-22 14:12:45.814 D/MDM :   (22964): [null:-1]->mMdmPushClient is :not null
05-22 14:12:45.814 D/MDM :   (22964): [null:-1]->mMdmPushClient opened : opened
05-22 14:12:45.814 D/MDM :   (22964): [null:-1]->MSG_WEBSOCKET_PONG
05-22 14:12:45.846 W/InteractionController(24704): runAndwaitForEvent timedout waiting for events
05-22 14:12:45.939 I/InputDispatcher(  374): Dropped event because input dispatch is disabled.
05-22 14:12:45.939 W/InputManager(  374): Input event injection from pid 24704 failed.
05-22 14:12:46.338 D/dalvikvm( 1661): GC_EXPLICIT freed 4K, 18% free 13031K/15888K, paused 3ms+5ms, total 61ms
05-22 14:12:46.939 W/InteractionController(24704): runAndwaitForEvent timedout waiting for events
05-22 14:12:46.947 D/dalvikvm(24704): GC_CONCURRENT freed 406K, 87% free 600K/4332K, paused 0ms+0ms, total 7ms
05-22 14:12:47.041 I/InputDispatcher(  374): Dropped event because input dispatch is disabled.
05-22 14:12:47.041 W/InputManager(  374): Input event injection from pid 24704 failed.
05-22 14:12:48.041 W/InteractionController(24704): runAndwaitForEvent timedout waiting for events
05-22 14:12:48.064 D/dalvikvm(24704): GC_CONCURRENT freed 367K, 86% free 618K/4332K, paused 1ms+1ms, total 11ms
05-22 14:12:48.135 I/InputDispatcher(  374): Dropped event because input dispatch is disabled.
05-22 14:12:48.135 W/InputManager(  374): Input event injection from pid 24704 failed.
05-22 14:12:49.135 W/InteractionController(24704): runAndwaitForEvent timedout waiting for events
05-22 14:12:49.197 D/dalvikvm(24704): GC_CONCURRENT freed 403K, 85% free 656K/4332K, paused 1ms+3ms, total 9ms
05-22 14:12:49.236 I/InputDispatcher(  374): Dropped event because input dispatch is disabled.
05-22 14:12:49.236 W/InputManager(  374): Input event injection from pid 24704 failed.
05-22 14:12:50.236 W/InteractionController(24704): runAndwaitForEvent timedout waiting for events
05-22 14:12:50.330 D/dalvikvm(24704): GC_CONCURRENT freed 425K, 86% free 621K/4332K, paused 2ms+1ms, total 16ms
05-22 14:12:50.330 I/InputDispatcher(  374): Dropped event because input dispatch is disabled.
05-22 14:12:50.330 W/InputManager(  374): Input event injection from pid 24704 failed.
05-22 14:12:51.330 W/InteractionController(24704): runAndwaitForEvent timedout waiting for events
05-22 14:12:51.424 I/InputDispatcher(  374): Dropped event because input dispatch is disabled.
05-22 14:12:51.424 W/InputManager(  374): Input event injection from pid 24704 failed.
05-22 14:12:52.424 W/InteractionController(24704): runAndwaitForEvent timedout waiting for events
05-22 14:12:52.447 D/dalvikvm(24704): GC_CONCURRENT freed 405K, 87% free 600K/4332K, paused 2ms+1ms, total 16ms
05-22 14:12:52.525 I/InputDispatcher(  374): Dropped event because input dispatch is disabled.
05-22 14:12:52.525 W/InputManager(  374): Input event injection from pid 24704 failed.
05-22 14:12:53.525 W/InteractionController(24704): runAndwaitForEvent timedout waiting for events
05-22 14:12:53.556 D/dalvikvm(24704): GC_CONCURRENT freed 385K, 87% free 600K/4332K, paused 1ms+1ms, total 7ms
05-22 14:12:53.619 I/InputDispatcher(  374): Dropped event because input dispatch is disabled.
05-22 14:12:53.619 W/InputManager(  374): Input event injection from pid 24704 failed.
05-22 14:12:54.619 W/InteractionController(24704): runAndwaitForEvent timedout waiting for events
05-22 14:12:54.681 D/dalvikvm(24704): GC_CONCURRENT freed 429K, 86% free 618K/4332K, paused 1ms+1ms, total 9ms
05-22 14:12:54.721 I/InputDispatcher(  374): Dropped event because input dispatch is disabled.
05-22 14:12:54.721 W/InputManager(  374): Input event injection from pid 24704 failed.
05-22 14:12:55.721 W/InteractionController(24704): runAndwaitForEvent timedout waiting for events
05-22 14:12:55.814 I/InputDispatcher(  374): Dropped event because input dispatch is disabled.
05-22 14:12:55.814 D/dalvikvm(24704): GC_CONCURRENT freed 445K, 86% free 618K/4332K, paused 1ms+1ms, total 10ms
05-22 14:12:55.814 W/InputManager(  374): Input event injection from pid 24704 failed.
05-22 14:12:56.346 D/dalvikvm( 1661): GC_EXPLICIT freed <1K, 18% free 13031K/15888K, paused 2ms+5ms, total 60ms
05-22 14:12:56.822 W/InteractionController(24704): runAndwaitForEvent timedout waiting for events
05-22 14:12:56.916 I/InputDispatcher(  374): Dropped event because input dispatch is disabled.
05-22 14:12:56.916 W/InputManager(  374): Input event injection from pid 24704 failed.
05-22 14:12:57.916 W/InteractionController(24704): runAndwaitForEvent timedout waiting for events
05-22 14:12:57.939 D/dalvikvm(24704): GC_CONCURRENT freed 403K, 87% free 600K/4332K, paused 1ms+1ms, total 7ms
05-22 14:12:58.017 I/InputDispatcher(  374): Dropped event because input dispatch is disabled.
05-22 14:12:58.017 W/InputManager(  374): Input event injection from pid 24704 failed.
05-22 14:12:59.017 W/InteractionController(24704): runAndwaitForEvent timedout waiting for events
05-22 14:12:59.064 D/dalvikvm(24704): GC_CONCURRENT freed 386K, 87% free 600K/4332K, paused 1ms+0ms, total 7ms
05-22 14:12:59.119 I/InputDispatcher(  374): Dropped event because input dispatch is disabled.
05-22 14:12:59.119 W/InputManager(  374): Input event injection from pid 24704 failed.
05-22 14:13:00.017 I/ActivityManager(  374): No longer want com.dragon.android.pandaspace:bdservice_v1 (pid 22077): empty for 1802s
05-22 14:13:00.049 W/ActivityManager(  374): Scheduling restart of crashed service com.dragon.android.pandaspace/com.baidu.android.moplus.MoPlusService in 5000ms
05-22 14:13:00.119 W/InteractionController(24704): runAndwaitForEvent timedout waiting for events
05-22 14:13:00.189 D/dalvikvm(24704): GC_CONCURRENT freed 383K, 87% free 600K/4332K, paused 2ms+1ms, total 9ms
05-22 14:13:00.705 I/InputDispatcher(  374): Dropped event because input dispatch is disabled.
05-22 14:13:00.705 W/InputManager(  374): Input event injection from pid 24704 failed.
05-22 14:13:01.471 W/Parcel  ( 1661): Attempt to read object from Parcel 0x6003bdac at offset 200 that is not in the object list
05-22 14:13:01.705 W/InteractionController(24704): runAndwaitForEvent timedout waiting for events
05-22 14:13:01.806 I/InputDispatcher(  374): Dropped event because input dispatch is disabled.
05-22 14:13:01.806 D/dalvikvm(24704): GC_CONCURRENT freed 427K, 86% free 618K/4332K, paused 0ms+2ms, total 9ms
05-22 14:13:01.806 W/InputManager(  374): Input event injection from pid 24704 failed.
05-22 14:13:02.806 W/InteractionController(24704): runAndwaitForEvent timedout waiting for events
05-22 14:13:02.869 W/MountService(  374): getVolumeState(/storage/emulated/0/external_sd): Unknown volume
05-22 14:13:02.877 W/MountService(  374): getVolumeState(/mnt/sdcard-ext): Unknown volume
05-22 14:13:02.877 W/MountService(  374): getVolumeState(/mnt/ext_sdcard): Unknown volume
05-22 14:13:02.877 W/MountService(  374): getVolumeState(/mnt/sdcard2): Unknown volume
05-22 14:13:02.885 W/MountService(  374): getVolumeState(/mnt/emmc): Unknown volume
05-22 14:13:02.892 W/MountService(  374): getVolumeState(/mnt/extSdCard): Unknown volume
05-22 14:13:02.892 W/MountService(  374): getVolumeState(/mnt/sdcard/SD_CARD): Unknown volume
05-22 14:13:02.900 I/InputDispatcher(  374): Dropped event because input dispatch is disabled.
05-22 14:13:02.900 W/InputManager(  374): Input event injection from pid 24704 failed.
05-22 14:13:02.908 W/MountService(  374): getVolumeState(/mnt/sdcard/extra_sd): Unknown volume
05-22 14:13:02.908 W/MountService(  374): getVolumeState(/mnt/extrasd_bind): Unknown volume
05-22 14:13:02.908 W/MountService(  374): getVolumeState(/mnt/sdcard/ext_sd): Unknown volume
05-22 14:13:02.908 W/MountService(  374): getVolumeState(/storage/extSdCard): Unknown volume
05-22 14:13:02.908 W/MountService(  374): getVolumeState(/storage/sdcard1): Unknown volume
05-22 14:13:02.908 W/MountService(  374): getVolumeState(/mnt/sdcard/external_SD): Unknown volume
05-22 14:13:02.908 W/MountService(  374): getVolumeState(/mnt/sdcard/external_sd): Unknown volume
05-22 14:13:02.947 D/dalvikvm( 1468): GC_CONCURRENT freed 514K, 20% free 10019K/12512K, paused 10ms+7ms, total 63ms
05-22 14:13:02.947 D/dalvikvm( 1468): WAIT_FOR_CONCURRENT_GC blocked 27ms
05-22 14:13:02.947 D/dalvikvm( 1468): WAIT_FOR_CONCURRENT_GC blocked 27ms
05-22 14:13:03.244 W/MountService(  374): getVolumeState(/storage/emulated/0/external_sd): Unknown volume
05-22 14:13:03.244 W/MountService(  374): getVolumeState(/mnt/sdcard-ext): Unknown volume
05-22 14:13:03.252 W/MountService(  374): getVolumeState(/mnt/ext_sdcard): Unknown volume
05-22 14:13:03.252 W/MountService(  374): getVolumeState(/mnt/sdcard2): Unknown volume
05-22 14:13:03.252 W/MountService(  374): getVolumeState(/mnt/emmc): Unknown volume
05-22 14:13:03.252 W/MountService(  374): getVolumeState(/mnt/extSdCard): Unknown volume
05-22 14:13:03.252 W/MountService(  374): getVolumeState(/mnt/sdcard/SD_CARD): Unknown volume
05-22 14:13:03.252 W/MountService(  374): getVolumeState(/mnt/sdcard/extra_sd): Unknown volume
05-22 14:13:03.252 W/MountService(  374): getVolumeState(/mnt/extrasd_bind): Unknown volume
05-22 14:13:03.252 W/MountService(  374): getVolumeState(/mnt/sdcard/ext_sd): Unknown volume
05-22 14:13:03.283 D/dalvikvm( 1468): GC_CONCURRENT freed 469K, 20% free 10062K/12512K, paused 10ms+7ms, total 55ms
05-22 14:13:03.283 D/dalvikvm( 1468): WAIT_FOR_CONCURRENT_GC blocked 26ms
05-22 14:13:03.283 D/dalvikvm( 1468): WAIT_FOR_CONCURRENT_GC blocked 26ms
05-22 14:13:03.283 W/MountService(  374): getVolumeState(/storage/extSdCard): Unknown volume
05-22 14:13:03.283 W/MountService(  374): getVolumeState(/storage/sdcard1): Unknown volume
05-22 14:13:03.283 W/MountService(  374): getVolumeState(/mnt/sdcard/external_SD): Unknown volume
05-22 14:13:03.283 W/MountService(  374): getVolumeState(/mnt/sdcard/external_sd): Unknown volume
05-22 14:13:03.908 W/InteractionController(24704): runAndwaitForEvent timedout waiting for events
05-22 14:13:03.931 D/dalvikvm(24704): GC_CONCURRENT freed 402K, 87% free 600K/4332K, paused 0ms+1ms, total 6ms
05-22 14:13:04.002 I/InputDispatcher(  374): Dropped event because input dispatch is disabled.
05-22 14:13:04.002 W/InputManager(  374): Input event injection from pid 24704 failed.
05-22 14:13:05.010 W/InteractionController(24704): runAndwaitForEvent timedout waiting for events
05-22 14:13:05.064 D/dalvikvm(24704): GC_CONCURRENT freed 386K, 87% free 600K/4332K, paused 1ms+1ms, total 16ms
05-22 14:13:05.064 I/ActivityManager(  374): Start proc com.dragon.android.pandaspace:bdservice_v1 for service com.dragon.android.pandaspace/com.baidu.android.moplus.MoPlusService: pid=24798 uid=10074 gids={50074, 1015, 3003, 1006, 1028}
05-22 14:13:05.080 I/dalvikvm(24798): Turning on JNI app bug workarounds for target SDK version 8...
05-22 14:13:05.119 I/InputDispatcher(  374): Dropped event because input dispatch is disabled.
05-22 14:13:05.119 W/InputManager(  374): Input event injection from pid 24704 failed.
05-22 14:13:05.166 D/dalvikvm(24798): Trying to load lib /data/app-lib/com.dragon.android.pandaspace-1/libroot.so 0x42281888
05-22 14:13:05.166 D/dalvikvm(24798): Added shared lib /data/app-lib/com.dragon.android.pandaspace-1/libroot.so 0x42281888
05-22 14:13:05.166 I/RootJni (24798): JNI_OnLoad......
05-22 14:13:05.431 W/Parcel  ( 1661): Attempt to read object from Parcel 0x6013bdac at offset 200 that is not in the object list
05-22 14:13:05.455 D/dalvikvm(24798): GC_CONCURRENT freed 345K, 5% free 9084K/9468K, paused 4ms+3ms, total 56ms
05-22 14:13:05.588 D/dalvikvm(24798): GC_CONCURRENT freed 337K, 4% free 9203K/9580K, paused 3ms+10ms, total 37ms
05-22 14:13:05.705 D/dalvikvm(24798): GC_CONCURRENT freed 269K, 4% free 9442K/9752K, paused 3ms+2ms, total 34ms
05-22 14:13:05.705 D/dalvikvm(24798): WAIT_FOR_CONCURRENT_GC blocked 9ms
05-22 14:13:05.775 D/dalvikvm(24798): GC_CONCURRENT freed 388K, 5% free 9529K/9992K, paused 3ms+2ms, total 30ms
05-22 14:13:05.775 D/dalvikvm(24798): WAIT_FOR_CONCURRENT_GC blocked 7ms
05-22 14:13:05.846 D/dalvikvm(24798): GC_CONCURRENT freed 384K, 5% free 9557K/10008K, paused 3ms+8ms, total 36ms
05-22 14:13:05.846 I/dalvikvm(24798): Failed resolving Lcom/baidu/android/nebula/util/BDLocationManager$BaiduLocationListener; interface 1169 'Lcom/baidu/location/BDLocationListener;'
05-22 14:13:05.846 W/dalvikvm(24798): Link of class 'Lcom/baidu/android/nebula/util/BDLocationManager$BaiduLocationListener;' failed
05-22 14:13:05.853 W/dalvikvm(24798): VFY: unable to find class referenced in signature (Lcom/baidu/location/LocationClient;)
05-22 14:13:05.853 I/dalvikvm(24798): Failed resolving Lcom/baidu/android/nebula/util/BDLocationManager$BaiduLocationListener; interface 1169 'Lcom/baidu/location/BDLocationListener;'
05-22 14:13:05.853 W/dalvikvm(24798): Link of class 'Lcom/baidu/android/nebula/util/BDLocationManager$BaiduLocationListener;' failed
05-22 14:13:05.853 I/dalvikvm(24798): Failed resolving Lcom/baidu/android/nebula/util/BDLocationManager$BaiduLocationListener; interface 1169 'Lcom/baidu/location/BDLocationListener;'
05-22 14:13:05.853 W/dalvikvm(24798): Link of class 'Lcom/baidu/android/nebula/util/BDLocationManager$BaiduLocationListener;' failed
05-22 14:13:05.853 I/dalvikvm(24798): Could not find method com.baidu.location.LocationClient.unRegisterLocationListener, referenced from method com.baidu.android.nebula.util.BDLocationManager.d
05-22 14:13:05.853 W/dalvikvm(24798): VFY: unable to resolve virtual method 7866: Lcom/baidu/location/LocationClient;.unRegisterLocationListener (Lcom/baidu/location/BDLocationListener;)V
05-22 14:13:05.853 D/dalvikvm(24798): VFY: replacing opcode 0x6