05-22 14:09:18.424 I/InputDispatcher(  374): Dropped event because input dispatch is disabled.
05-22 14:09:18.424 W/InputManager(  374): Input event injection from pid 24704 failed.
05-22 14:09:19.424 W/InteractionController(24704): runAndwaitForEvent timedout waiting for events
05-22 14:09:19.502 D/dalvikvm(24704): GC_CONCURRENT freed 397K, 85% free 650K/4332K, paused 1ms+1ms, total 9ms
05-22 14:09:19.525 I/InputDispatcher(  374): Dropped event because input dispatch is disabled.
05-22 14:09:19.525 W/InputManager(  374): Input event injection from pid 24704 failed.
05-22 14:09:20.525 W/InteractionController(24704): runAndwaitForEvent timedout waiting for events
05-22 14:09:20.619 I/InputDispatcher(  374): Dropped event because input dispatch is disabled.
05-22 14:09:20.619 W/InputManager(  374): Input event injection from pid 24704 failed.
05-22 14:09:21.619 W/InteractionController(24704): runAndwaitForEvent timedout waiting for events
05-22 14:09:21.635 D/dalvikvm(24704): GC_CONCURRENT freed 434K, 87% free 600K/4332K, paused 0ms+1ms, total 11ms
05-22 14:09:21.721 I/InputDispatcher(  374): Dropped event because input dispatch is disabled.
05-22 14:09:21.721 W/InputManager(  374): Input event injection from pid 24704 failed.
05-22 14:09:22.721 W/InteractionController(24704): runAndwaitForEvent timedout waiting for events
05-22 14:09:22.752 D/dalvikvm(24704): GC_CONCURRENT freed 384K, 87% free 601K/4332K, paused 2ms+1ms, total 8ms
05-22 14:09:22.830 I/InputDispatcher(  374): Dropped event because input dispatch is disabled.
05-22 14:09:22.830 W/InputManager(  374): Input event injection from pid 24704 failed.
05-22 14:09:23.830 W/InteractionController(24704): runAndwaitForEvent timedout waiting for events
05-22 14:09:23.892 D/dalvikvm(24704): GC_CONCURRENT freed 430K, 86% free 618K/4332K, paused 1ms+1ms, total 10ms
05-22 14:09:23.924 I/InputDispatcher(  374): Dropped event because input dispatch is disabled.
05-22 14:09:23.924 W/InputManager(  374): Input event injection from pid 24704 failed.
05-22 14:09:24.924 W/InteractionController(24704): runAndwaitForEvent timedout waiting for events
05-22 14:09:25.025 D/dalvikvm(24704): GC_CONCURRENT freed 445K, 86% free 618K/4332K, paused 1ms+1ms, total 9ms
05-22 14:09:25.025 I/InputDispatcher(  374): Dropped event because input dispatch is disabled.
05-22 14:09:25.025 W/InputManager(  374): Input event injection from pid 24704 failed.
05-22 14:09:26.025 W/InteractionController(24704): runAndwaitForEvent timedout waiting for events
05-22 14:09:26.119 I/InputDispatcher(  374): Dropped event because input dispatch is disabled.
05-22 14:09:26.119 W/InputManager(  374): Input event injection from pid 24704 failed.
05-22 14:09:27.119 W/InteractionController(24704): runAndwaitForEvent timedout waiting for events
05-22 14:09:27.150 D/dalvikvm(24704): GC_CONCURRENT freed 402K, 87% free 603K/4332K, paused 1ms+1ms, total 9ms
05-22 14:09:27.221 I/InputDispatcher(  374): Dropped event because input dispatch is disabled.
05-22 14:09:27.221 W/InputManager(  374): Input event injection from pid 24704 failed.
05-22 14:09:28.221 W/InteractionController(24704): runAndwaitForEvent timedout waiting for events
05-22 14:09:28.267 D/dalvikvm(24704): GC_CONCURRENT freed 369K, 86% free 618K/4332K, paused 2ms+1ms, total 8ms
05-22 14:09:28.330 I/InputDispatcher(  374): Dropped event because input dispatch is disabled.
05-22 14:09:28.330 W/InputManager(  374): Input event injection from pid 24704 failed.
05-22 14:09:29.330 W/InteractionController(24704): runAndwaitForEvent timedout waiting for events
05-22 14:09:29.408 D/dalvikvm(24704): GC_CONCURRENT freed 403K, 85% free 654K/4332K, paused 0ms+2ms, total 8ms
05-22 14:09:29.431 I/InputDispatcher(  374): Dropped event because input dispatch is disabled.
05-22 14:09:29.431 W/InputManager(  374): Input event injection from pid 24704 failed.
05-22 14:09:30.431 W/InteractionController(24704): runAndwaitForEvent timedout waiting for events
05-22 14:09:30.525 I/InputDispatcher(  374): Dropped event because input dispatch is disabled.
05-22 14:09:30.525 W/InputManager(  374): Input event injection from pid 24704 failed.
05-22 14:09:30.533 D/dalvikvm(24704): GC_CONCURRENT freed 421K, 86% free 622K/4332K, paused 2ms+1ms, total 8ms
05-22 14:09:31.525 W/InteractionController(24704): runAndwaitForEvent timedout waiting for events
05-22 14:09:31.642 I/InputDispatcher(  374): Dropped event because input dispatch is disabled.
05-22 14:09:31.642 W/InputManager(  374): Input event injection from pid 24704 failed.
05-22 14:09:32.642 W/InteractionController(24704): runAndwaitForEvent timedout waiting for events
05-22 14:09:32.674 D/dalvikvm(24704): GC_CONCURRENT freed 406K, 87% free 604K/4332K, paused 1ms+1ms, total 8ms
05-22 14:09:32.744 I/InputDispatcher(  374): Dropped event because input dispatch is disabled.
05-22 14:09:32.744 W/InputManager(  374): Input event injection from pid 24704 failed.
05-22 14:09:33.744 W/InteractionController(24704): runAndwaitForEvent timedout waiting for events
05-22 14:09:33.799 D/dalvikvm(24704): GC_CONCURRENT freed 387K, 87% free 601K/4332K, paused 2ms+1ms, total 8ms
05-22 14:09:33.846 I/InputDispatcher(  374): Dropped event because input dispatch is disabled.
05-22 14:09:33.846 W/InputManager(  374): Input event injection from pid 24704 failed.
05-22 14:09:34.846 W/InteractionController(24704): runAndwaitForEvent timedout waiting for events
05-22 14:09:34.947 D/dalvikvm(24704): GC_CONCURRENT freed 383K, 87% free 601K/4332K, paused 1ms+1ms, total 7ms
05-22 14:09:34.978 I/InputDispatcher(  374): Dropped event because input dispatch is disabled.
05-22 14:09:34.978 W/InputManager(  374): Input event injection from pid 24704 failed.
05-22 14:09:35.978 W/InteractionController(24704): runAndwaitForEvent timedout waiting for events
05-22 14:09:36.080 D/dalvikvm(24704): GC_CONCURRENT freed 383K, 87% free 601K/4332K, paused 2ms+1ms, total 8ms
05-22 14:09:36.088 I/InputDispatcher(  374): Dropped event because input dispatch is disabled.
05-22 14:09:36.088 W/InputManager(  374): Input event injection from pid 24704 failed.
05-22 14:09:37.088 W/InteractionController(24704): runAndwaitForEvent timedout waiting for events
05-22 14:09:37.205 I/InputDispatcher(  374): Dropped event because input dispatch is disabled.
05-22 14:09:37.205 W/InputManager(  374): Input event injection from pid 24704 failed.
05-22 14:09:38.205 W/InteractionController(24704): runAndwaitForEvent timedout waiting for events
05-22 14:09:38.236 D/dalvikvm(24704): GC_CONCURRENT freed 384K, 87% free 601K/4332K, paused 1ms+0ms, total 7ms
05-22 14:09:38.322 I/InputDispatcher(  374): Dropped event because input dispatch is disabled.
05-22 14:09:38.322 W/InputManager(  374): Input event injection from pid 24704 failed.
05-22 14:09:39.322 W/InteractionController(24704): runAndwaitForEvent timedout waiting for events
05-22 14:09:39.353 D/dalvikvm(24704): GC_CONCURRENT freed 385K, 87% free 600K/4332K, paused 1ms+0ms, total 8ms
05-22 14:09:39.424 I/InputDispatcher(  374): Dropped event because input dispatch is disabled.
05-22 14:09:39.424 W/InputManager(  374): Input event injection from pid 24704 failed.
05-22 14:09:40.424 W/InteractionController(24704): runAndwaitForEvent timedout waiting for events
05-22 14:09:40.478 D/dalvikvm(24704): GC_CONCURRENT freed 383K, 87% free 601K/4332K, paused 2ms+0ms, total 7ms
05-22 14:09:40.525 I/InputDispatcher(  374): Dropped event because input dispatch is disabled.
05-22 14:09:40.525 W/InputManager(  374): Input event injection from pid 24704 failed.
05-22 14:09:41.525 W/InteractionController(24704): runAndwaitForEvent timedout waiting for events
05-22 14:09:41.603 D/dalvikvm(24704): GC_CONCURRENT freed 383K, 87% free 601K/4332K, paused 2ms+1ms, total 8ms
05-22 14:09:41.627 I/InputDispatcher(  374): Dropped event because input dispatch is disabled.
05-22 14:09:41.627 W/InputManager(  374): Input event injection from pid 24704 failed.
05-22 14:09:42.627 W/InteractionController(24704): runAndwaitForEvent timedout waiting for events
05-22 14:09:42.728 D/dalvikvm(24704): GC_CONCURRENT freed 394K, 85% free 650K/4332K, paused 0ms+2ms, total 8ms
05-22 14:09:42.728 I/InputDispatcher(  374): Dropped event because input dispatch is disabled.
05-22 14:09:42.728 W/InputManager(  374): Input event injection from pid 24704 failed.
05-22 14:09:43.728 W/InteractionController(24704): runAndwaitForEvent timedout waiting for events
05-22 14:09:43.822 I/InputDispatcher(  374): Dropped event because input dispatch is disabled.
05-22 14:09:43.822 W/InputManager(  374): Input event injection from pid 24704 failed.
05-22 14:09:44.822 W/InteractionController(24704): runAndwaitForEvent timedout waiting for events
05-22 14:09:44.853 D/dalvikvm(24704): GC_CONCURRENT freed 418K, 86% free 621K/4332K, paused 2ms+0ms, total 8ms
05-22 14:09:44.924 I/InputDispatcher(  374): Dropped event because input dispatch is disabled.
05-22 14:09:44.924 W/InputManager(  374): Input event injection from pid 24704 failed.
05-22 14:09:45.924 W/InteractionController(24704): runAndwaitForEvent timedout waiting for events
05-22 14:09:45.971 D/dalvikvm(24704): GC_CONCURRENT freed 387K, 86% free 618K/4332K, paused 2ms+0ms, total 8ms
05-22 14:09:46.017 I/InputDispatcher(  374): Dropped event because input dispatch is disabled.
05-22 14:09:46.017 W/InputManager(  374): Input event injection from pid 24704 failed.
05-22 14:09:47.017 W/InteractionController(24704): runAndwaitForEvent timedout waiting for events
05-22 14:09:47.096 D/dalvikvm(24704): GC_CONCURRENT freed 401K, 87% free 601K/4332K, paused 2ms+1ms, total 8ms
05-22 14:09:47.127 I/InputDispatcher(  374): Dropped event because input dispatch is disabled.
05-22 14:09:47.127 W/InputManager(  374): Input event injection from pid 24704 failed.
05-22 14:09:48.127 W/InteractionController(24704): runAndwaitForEvent timedout waiting for events
05-22 14:09:48.228 D/dalvikvm(24704): GC_CONCURRENT freed 383K, 87% free 601K/4332K, paused 2ms+1ms, total 8ms
05-22 14:09:48.236 I/InputDispatcher(  374): Dropped event because input dispatch is disabled.
05-22 14:09:48.236 W/InputManager(  374): Input event injection from pid 24704 failed.
05-22 14:09:49.236 W/InteractionController(24704): runAndwaitForEvent timedout waiting for events
05-22 14:09:49.330 I/InputDispatcher(  374): Dropped event because input dispatch is disabled.
05-22 14:09:49.330 W/InputManager(  374): Input event injection from pid 24704 failed.
05-22 14:09:50.299 D/dalvikvm(20874): GC_CONCURRENT freed 387K, 5% free 9531K/9972K, paused 3ms+2ms, total 25ms
05-22 14:09:50.330 W/InteractionController(24704): runAndwaitForEvent timedout waiting for events
05-22 14:09:50.353 D/dalvikvm(24704): GC_CONCURRENT freed 384K, 87% free 600K/4332K, paused 1ms+1ms, total 7ms
05-22 14:09:50.439 I/InputDispatcher(  374): Dropped event because input dispatch is disabled.
05-22 14:09:50.439 W/InputManager(  374): Input event injection from pid 24704 failed.
05-22 14:09:51.439 W/InteractionController(24704): runAndwaitForEvent timedout waiting for events
05-22 14:09:51.471 D/dalvikvm(24704): GC_CONCURRENT freed 384K, 87% free 601K/4332K, paused 2ms+1ms, total 9ms
05-22 14:09:51.541 I/InputDispatcher(  374): Dropped event because input dispatch is disabled.
05-22 14:09:51.541 W/InputManager(  374): Input event injection from pid 24704 failed.
05-22 14:09:52.541 W/InteractionController(24704): runAndwaitForEvent timedout waiting for events
05-22 14:09:52.603 D/dalvikvm(24704): GC_CONCURRENT freed 384K, 87% free 601K/4332K, paused 1ms+0ms, total 7ms
05-22 14:09:52.650 I/InputDispatcher(  374): Dropped event because input dispatch is disabled.
05-22 14:09:52.650 W/InputManager(  374): Input event injection from pid 24704 failed.
05-22 14:09:53.650 W/InteractionController(24704): runAndwaitForEvent timedout waiting for events
05-22 14:09:53.728 D/dalvikvm(24704): GC_CONCURRENT freed 383K, 87% free 601K/4332K, paused 1ms+0ms, total 7ms
05-22 14:09:53.760 I/InputDispatcher(  374): Dropped event because input dispatch is disabled.
05-22 14:09:53.760 W/InputManager(  374): Input event injection from pid 24704 failed.
05-22 14:09:54.760 W/InteractionController(24704): runAndwaitForEvent timedout waiting for events
05-22 14:09:54.853 D/dalvikvm(24704): GC_CONCURRENT freed 383K, 87% free 601K/4332K, paused 2ms+1ms, total 8ms
05-22 14:09:54.861 I/InputDispatcher(  374): Dropped event because input dispatch is disabled.
05-22 14:09:54.861 W/InputManager(  374): Input event injection from pid 24704 failed.
05-22 14:09:55.861 W/InteractionController(24704): runAndwaitForEvent timedout waiting for events
05-22 14:09:55.955 I/InputDispatcher(  374): Dropped event because input dispatch is disabled.
05-22 14:09:55.955 W/InputManager(  374): Input event injection from pid 24704 failed.
05-22 14:09:56.955 W/InteractionController(24704): runAndwaitForEvent timedout waiting for events
05-22 14:09:56.978 D/dalvikvm(24704): GC_CONCURRENT freed 384K, 87% free 601K/4332K, paused 2ms+1ms, total 7ms
05-22 14:09:57.064 I/InputDispatcher(  374): Dropped event because input dispatch is disabled.
05-22 14:09:57.064 W/InputManager(  374): Input event injection from pid 24704 failed.
05-22 14:09:58.064 W/InteractionController(24704): runAndwaitForEvent timedout waiting for events
05-22 14:09:58.088 D/dalvikvm(24704): GC_CONCURRENT freed 384K, 87% free 600K/4332K, paused 2ms+1ms, total 8ms
05-22 14:09:58.166 I/InputDispatcher(  374): Dropped event because input dispatch is disabled.
05-22 14:09:58.166 W/InputManager(  374): Input event injection from pid 24704 failed.
05-22 14:09:59.166 W/InteractionController(24704): runAndwaitForEvent timedout waiting for events
05-22 14:09:59.221 D/dalvikvm(24704): GC_CONCURRENT freed 384K, 87% free 600K/4332K, paused 1ms+1ms, total 7ms
05-22 14:09:59.306 I/InputDispatcher(  374): Dropped event because input dispatch is disabled.
05-22 14:09:59.306 W/InputManager(  374): Input event injection from pid 24704 failed.
05-22 14:09:59.385 D/dalvikvm(  374): GC_CONCURRENT freed 3740K, 19% free 24210K/29760K, paused 6ms+10ms, total 190ms
05-22 14:10:00.736 D/dalvikvm(24704): GC_CONCURRENT freed 428K, 86% free 618K/4332K, paused 1ms+1ms, total 10ms
05-22 14:10:00.760 I/InputDispatcher(  374): Dropped event because input dispatch is disabled.
05-22 14:10:00.760 W/InputManager(  374): Input event injection from pid 24704 failed.
05-22 14:10:01.760 W/InteractionController(24704): runAndwaitForEvent timedout waiting for events
05-22 14:10:01.853 I/InputDispatcher(  374): Dropped event because input dispatch is disabled.
05-22 14:10:01.853 W/InputManager(  374): Input event injection from pid 24704 failed.
05-22 14:10:02.752 W/MountService(  374): getVolumeState(/storage/emulated/0/external_sd): Unknown volume
05-22 14:10:02.760 W/MountService(  374): getVolumeState(/mnt/sdcard-ext): Unknown volume
05-22 14:10:02.760 W/MountService(  374): getVolumeState(/mnt/ext_sdcard): Unknown volume
05-22 14:10:02.760 W/MountService(  374): getVolumeState(/mnt/sdcard2): Unknown volume
05-22 14:10:02.760 W/MountService(  374): getVolumeState(/mnt/emmc): Unknown volume
05-22 14:10:02.760 W/MountService(  374): getVolumeState(/mnt/extSdCard): Unknown volume
05-22 14:10:02.760 W/MountService(  374): getVolumeState(/mnt/sdcard/SD_CARD): Unknown volume
05-22 14:10:02.760 W/MountService(  374): getVolumeState(/mnt/sdcard/extra_sd): Unknown volume
05-22 14:10:02.760 W/MountService(  374): getVolumeState(/mnt/extrasd_bind): Unknown volume
05-22 14:10:02.760 W/MountService(  374): getVolumeState(/mnt/sdcard/ext_sd): Unknown volume
05-22 14:10:02.767 W/MountService(  374): getVolumeState(/storage/extSdCard): Unknown volume
05-22 14:10:02.767 W/MountService(  374): getVolumeState(/storage/sdcard1): Unknown volume
05-22 14:10:02.767 W/MountService(  374): getVolumeState(/mnt/sdcard/external_SD): Unknown volume
05-22 14:10:02.767 W/MountService(  374): getVolumeState(/mnt/sdcard/external_sd): Unknown volume
05-22 14:10:02.853 W/InteractionController(24704): runAndwaitForEvent timedout waiting for events
05-22 14:10:02.869 D/dalvikvm(24704): GC_CONCURRENT freed 403K, 87% free 600K/4332K, paused 1ms+0ms, total 14ms
05-22 14:10:02.892 D/dalvikvm( 1468): GC_CONCURRENT freed 433K, 21% free 10007K/12512K, paused 25ms+12ms, total 92ms
05-22 14:10:02.971 I/InputDispatcher(  374): Dropped event because input dispatch is disabled.
05-22 14:10:02.978 W/InputManager(  374): Input event injection from pid 24704 failed.
05-22 14:10:03.174 W/MountService(  374): getVolumeState(/storage/emulated/0/external_sd): Unknown volume
05-22 14:10:03.174 W/MountService(  374): getVolumeState(/mnt/sdcard-ext): Unknown volume
05-22 14:10:03.174 W/MountService(  374): getVolumeState(/mnt/ext_sdcard): Unknown volume
05-22 14:10:03.174 W/MountService(  374): getVolumeState(/mnt/sdcard2): Unknown volume
05-22 14:10:03.181 W/MountService(  374): getVolumeState(/mnt/emmc): Unknown volume
05-22 14:10:03.181 W/MountService(  374): getVolumeState(/mnt/extSdCard): Unknown volume
05-22 14:10:03.181 W/MountService(  374): getVolumeState(/mnt/sdcard/SD_CARD): Unknown volume
05-22 14:10:03.181 W/MountService(  374): getVolumeState(/mnt/sdcard/extra_sd): Unknown volume
05-22 14:10:03.181 W/MountService(  374): getVolumeState(/mnt/extrasd_bind): Unknown volume
05-22 14:10:03.181 W/MountService(  374): getVolumeState(/mnt/sdcard/ext_sd): Unknown volume
05-22 14:10:03.181 W/MountService(  374): getVolumeState(/storage/extSdCard): Unknown volume
05-22 14:10:03.181 W/MountService(  374): getVolumeState(/storage/sdcard1): Unknown volume
05-22 14:10:03.181 W/MountService(  374): getVolumeState(/mnt/sdcard/external_SD): Unknown volume
05-22 14:10:03.189 W/MountService(  374): getVolumeState(/mnt/sdcard/external_sd): Unknown volume
05-22 14:10:03.221 D/dalvikvm( 1468): GC_CONCURRENT freed 491K, 20% free 10027K/12512K, paused 13ms+7ms, total 62ms
05-22 14:10:03.221 D/dalvikvm( 1468): WAIT_FOR_CONCURRENT_GC blocked 21ms
05-22 14:10:03.221 D/dalvikvm( 1468): WAIT_FOR_CONCURRENT_GC blocked 26ms
05-22 14:10:03.978 W/InteractionController(24704): runAndwaitForEvent timedout waiting for events
05-22 14:10:04.002 D/dalvikvm(24704): GC_CONCURRENT freed 383K, 87% free 600K/4332K, paused 1ms+0ms, total 7ms
05-22 14:10:04.080 I/InputDispatcher(  374): Dropped event because input dispatch is disabled.
05-22 14:10:04.080 W/InputManager(  374): Input event injection from pid 24704 failed.
05-22 14:10:05.080 W/InteractionController(24704): runAndwaitForEvent timedout waiting for events
05-22 14:10:05.127 D/dalvikvm(24704): GC_CONCURRENT freed 385K, 87% free 600K/4332K, paused 0ms+1ms, total 6ms
05-22 14:10:05.189 I/InputDispatcher(  374): Dropped event because input dispatch is disabled.
05-22 14:10:05.189 W/InputManager(  374): Input event injection from pid 24704 failed.
05-22 14:10:06.189 W/InteractionController(24704): runAndwaitForEvent timedout waiting for events
05-22 14:10:06.275 D/dalvikvm(24704): GC_CONCURRENT freed 428K, 86% free 619K/4332K, paused 0ms+1ms, total 9ms
05-22 14:10:06.291 I/InputDispatcher(  374): Dropped event because input dispatch is disabled.
05-22 14:10:06.291 W/InputManager(  374): Input event injection from pid 24704 failed.
05-22 14:10:07.291 W/InteractionController(24704): runAndwaitForEvent timedout waiting for events
05-22 14:10:07.385 I/InputDispatcher(  374): Dropped event because input dispatch is disabled.
05-22 14:10:07.385 W/InputManager(  374): Input event injection from pid 24704 failed.
05-22 14:10:08.385 W/InteractionController(24704): runAndwaitForEvent timedout waiting for events
05-22 14:10:08.392 D/dalvikvm(24704): GC_CONCURRENT freed 403K, 87% free 600K/4332K, paused 1ms+1ms, total 7ms
05-22 14:10:08.478 I/InputDispatcher(  374): Dropped event because input dispatch is disabled.
05-22 14:10:08.486 W/InputManager(  374): Input event injection from pid 24704 failed.
05-22 14:10:09.486 W/InteractionController(24704): runAndwaitForEvent timedout waiting for events
05-22 14:10:09.510 D/dalvikvm(24704): GC_CONCURRENT freed 383K, 87% free 601K/4332K, paused 1ms+0ms, total 7ms
05-22 14:10:09.588 I/InputDispatcher(  374): Dropped event because input dispatch is disabled.
05-22 14:10:09.588 W/InputManager(  374): Input event injection from pid 24704 failed.
05-22 14:10:10.588 W/InteractionController(24704): runAndwaitForEvent timedout waiting for events
05-22 14:10:10.635 D/dalvikvm(24704): GC_CONCURRENT freed 385K, 87% free 600K/4332K, paused 0ms+0ms, total 6ms
05-22 14:10:10.689 I/InputDispatcher(  374): Dropped event because input dispatch is disabled.
05-22 14:10:10.689 W/InputManager(  374): Input event injection from pid 24704 failed.
05-22 14:10:11.689 W/InteractionController(24704): runAndwaitForEvent timedout waiting for events
05-22 14:10:11.783 D/dalvikvm(24704): GC_CONCURRENT freed 397K, 85% free 650K/4332K, paused 1ms+2ms, total 9ms
05-22 14:10:11.799 I/InputDispatcher(  374): Dropped event because input dispatch is disabled.
05-22 14:10:11.799 W/InputManager(  374): Input event injection from pid 24704 failed.
05-22 14:10:12.799 W/InteractionController(24704): runAndwaitForEvent timedout waiting for events
05-22 14:10:12.892 I/InputDispatcher(  374): Dropped event because input dispatch is disabled.
05-22 14:10:12.892 W/InputManager(  374): Input event injection from pid 24704 failed.
05-22 14:10:13.892 W/InteractionController(24704): runAndwaitForEvent timedout waiting for events
05-22 14:10:13.900 D/dalvikvm(24704): GC_CONCURRENT freed 434K, 87% free 600K/4332K, paused 0ms+0ms, total 7ms
05-22 14:10:14.002 I/InputDispatcher(  374): Dropped event because input dispatch is disabled.
05-22 14:10:14.002 W/InputManager(  374): Input event injection from pid 24704 failed.
05-22 14:10:15.002 W/InteractionController(24704): runAndwaitForEvent timedout waiting for events
05-22 14:10:15.025 D/dalvikvm(24704): GC_CONCURRENT freed 384K, 87% free 601K/4332K, paused 1ms+1ms, total 8ms
05-22 14:10:15.096 I/InputDispatcher(  374): Dropped event because input dispatch is disabled.
05-22 14:10:15.096 W/InputManager(  374): Input event injection from pid 24704 failed.
05-22 14:10:16.096 W/InteractionController(24704): runAndwaitForEvent timedout waiting for events
05-22 14:10:16.166 D/dalvikvm(24704): GC_CONCURRENT freed 384K, 87% free 601K/4332K, paused 1ms+1ms, total 10ms
05-22 14:10:16.205 I/InputDispatcher(  374): Dropped event because input dispatch is disabled.
05-22 14:10:16.205 W/InputManager(  374): Input event injection from pid 24704 failed.
05-22 14:10:17.205 W/InteractionController(24704): runAndwaitForEvent timedout waiting for events
05-22 14:10:17.299 D/dalvikvm(24704): GC_CONCURRENT freed 383K, 87% free 601K/4332K, paused 2ms+1ms, total 16ms
05-22 14:10:17.322 I/InputDispatcher(  374): Dropped event because input dispatch is disabled.
05-22 14:10:17.322 W/InputManager(  374): Input event injection from pid 24704 failed.
05-22 14:10:18.322 W/InteractionController(24704): runAndwaitForEvent timedout waiting for events
05-22 14:10:18.431 D/dalvikvm(24704): GC_CONCURRENT freed 383K, 87% free 601K/4332K, paused 2ms+1ms, total 15ms
05-22 14:10:18.431 I/InputDispatcher(  374): Dropped event because input dispatch is disabled.
05-22 14:10:18.431 W/InputManager(  374): Input event injection from pid 24704 failed.
05-22 14:10:19.431 W/InteractionController(24704): runAndwaitForEvent timedout waiting for events
05-22 14:10:19.533 I/InputDispatcher(  374): Dropped event because input dispatch is disabled.
05-22 14:10:19.533 W/InputManager(  374): Input event injection from pid 24704 failed.
05-22 14:10:20.533 W/InteractionController(24704): runAndwaitForEvent timedout waiting for events
05-22 14:10:20.564 D/dalvikvm(24704): GC_CONCURRENT freed 384K, 87% free 601K/4332K, paused 1ms+0ms, total 14ms
05-22 14:10:20.642 I/InputDispatcher(  374): Dropped event because input dispatch is disabled.
05-22 14:10:20.642 W/InputManager(  374): Input event injection from pid 24704 failed.
05-22 14:10:21.642 W/InteractionController(24704): runAndwaitForEvent timedout waiting for events
05-22 14:10:21.674 D/dalvikvm(24704): GC_CONCURRENT freed 384K, 87% free 600K/4332K, paused 2ms+1ms, total 8ms
05-22 14:10:21.744 I/InputDispatcher(  374): Dropped event because input dispatch is disabled.
05-22 14:10:21.744 W/InputManager(  374): Input event injection from pid 24704 failed.
05-22 14:10:22.752 W/InteractionController(24704): runAndwaitForEvent timedout waiting for events
05-22 14:10:22.806 D/dalvikvm(24704): GC_CONCURRENT freed 383K, 87% free 601K/4332K, paused 2ms+1ms, total 16ms
05-22 14:10:22.853 I/InputDispatcher(  374): Dropped event because input dispatch is disabled.
05-22 14:10:22.853 W/InputManager(  374): Input event injection from pid 24704 failed.
05-22 14:10:23.853 W/InteractionController(24704): runAndwaitForEvent timedout waiting for events
05-22 14:10:23.947 D/dalvikvm(24704): GC_CONCURRENT freed 429K, 86% free 618K/4332K, paused 0ms+1ms, total 18ms
05-22 14:10:23.955 I/InputDispatcher(  374): Dropped event because input dispatch is disabled.
05-22 14:10:23.955 W/InputManager(  374): Input event injection from pid 24704 failed.
05-22 14:10:24.955 W/InteractionController(24704): runAndwaitForEvent timedout waiting for events
05-22 14:10:25.049 I/InputDispatcher(  374): Dropped event because input dispatch is disabled.
05-22 14:10:25.049 W/InputManager(  374): Input event injection from pid 24704 failed.
05-22 14:10:26.049 W/InteractionController(24704): runAndwaitForEvent timedout waiting for events
05-22 14:10:26.056 D/dalvikvm(24704): GC_CONCURRENT freed 403K, 87% free 600K/4332K, paused 2ms+1ms, total 8ms
05-22 14:10:26.150 I/InputDispatcher(  374): Dropped event because input dispatch is disabled.
05-22 14:10:26.150 W/InputManager(  374): Input event injection from pid 24704 failed.
05-22 14:10:27.150 W/InteractionController(24704): runAndwaitForEvent timedout waiting for events
05-22 14:10:27.181 D/dalvikvm(24704): GC_CONCURRENT freed 384K, 87% free 601K/4332K, paused 1ms+0ms, total 7ms
05-22 14:10:27.252 I/InputDispatcher(  374): Dropped event because input dispatch is disabled.
05-22 14:10:27.252 W/InputManager(  374): Input event injection from pid 24704 failed.
05-22 14:10:28.252 W/InteractionController(24704): runAndwaitForEvent timedout waiting for events
05-22 14:10:28.314 D/dalvikvm(24704): GC_CONCURRENT freed 384K, 87% free 601K/4332K, paused 1ms+0ms, total 12ms
05-22 14:10:28.361 I/InputDispatcher(  374): Dropped event because input dispatch is disabled.
05-22 14:10:28.361 W/InputManager(  374): Input event injection from pid 24704 failed.
05-22 14:10:29.361 W/InteractionController(24704): runAndwaitForEvent timedout waiting for events
05-22 14:10:29.447 D/dalvikvm(24704): GC_CONCURRENT freed 383K, 87% free 601K/4332K, paused 2ms+1ms, total 11ms
05-22 14:10:29.471 I/InputDispatcher(  374): Dropped event because input dispatch is disabled.
05-22 14:10:29.471 W/InputManager(  374): Input event injection from pid 24704 failed.
05-22 14:10:30.471 W/InteractionController(24704): runAndwaitForEvent timedout waiting for events
05-22 14:10:30.580 D/dalvikvm(24704): GC_CONCURRENT freed 383K, 86% free 632K/4332K, paused 1ms+1ms, total 7ms
05-22 14:10:30.588 I/InputDispatcher(  374): Dropped event because input dispatch is disabled.
05-22 14:10:30.588 W/InputManager(  374): Input event injection from pid 24704 failed.
05-22 14:10:31.588 W/InteractionController(24704): runAndwaitForEvent timedout waiting for events
05-22 14:10:31.705 I/InputDispatcher(  374): Dropped event because input dispatch is disabled.
05-22 14:10:31.705 W/InputManager(  374): Input event injection from pid 24704 failed.
05-22 14:10:32.705 W/InteractionController(24704): runAndwaitForEvent timedout waiting for events
05-22 14:10:32.736 D/dalvikvm(24704): GC_CONCURRENT freed 428K, 86% free 618K/4332K, paused 0ms+1ms, total 9ms
05-22 14:10:32.822 I/InputDispatcher(  374): Dropped event because input dispatch is disabled.
05-22 14:10:32.822 W/InputManager(  374): Input event injection from pid 24704 failed.
05-22 14:10:33.822 W/InteractionController(24704): runAndwaitForEvent timedout waiting for events
05-22 14:10:33.877 D/dalvikvm(24704): GC_CONCURRENT freed 405K, 87% free 600K/4332K, paused 1ms+1ms, total 10ms
05-22 14:10:33.939 I/InputDispatcher(  374): Dropped event because input dispatch is disabled.
05-22 14:10:33.939 W/InputManager(  374): Input event injection from pid 24704 failed.
05-22 14:10:34.939 W/InteractionController(24704): runAndwaitForEvent timedout waiting for events
05-22 14:10:35.033 D/dalvikvm(24704): GC_CONCURRENT freed 383K, 86% free 632K/4332K, paused 0ms+1ms, total 7ms
05-22 14:10:35.064 I/InputDispatcher(  374): Dropped event because input dispatch is disabled.
05-22 14:10:35.064 W/InputManager(  374): Input event injection from pid 24704 failed.
05-22 14:10:36.064 W/InteractionController(24704): runAndwaitForEvent timedout waiting for events
05-22 14:10:36.158 I/InputDispatcher(  374): Dropped event because input dispatch is disabled.
05-22 14:10:36.158 D/dalvikvm(24704): GC_CONCURRENT freed 445K, 87% free 600K/4332K, paused 0ms+1ms, total 7ms
05-22 14:10:36.158 W/InputManager(  374): Input event injection from pid 24704 failed.
05-22 14:10:37.158 W/InteractionController(24704): runAndwaitForEvent timedout waiting for events
05-22 14:10:37.260 I/InputDispatcher(  374): Dropped event because input dispatch is disabled.
05-22 14:10:37.260 W/InputManager(  374): Input event injection from pid 24704 failed.
05-22 14:10:38.260 W/InteractionController(24704): runAndwaitForEvent timedout waiting for events
05-22 14:10:38.299 D/dalvikvm(24704): GC_CONCURRENT freed 387K, 87% free 600K/4332K, paused 0ms+0ms, total 19ms
05-22 14:10:38.361 I/InputDispatcher(  374): Dropped event because input dispatch is disabled.
05-22 14:10:38.361 W/InputManager(  374): Input event injection from pid 24704 failed.
05-22 14:10:39.361 W/InteractionController(24704): runAndwaitForEvent timedout waiting for events
05-22 14:10:39.424 D/dalvikvm(24704): GC_CONCURRENT freed 429K, 86% free 618K/4332K, paused 1ms+1ms, total 10ms
05-22 14:10:39.455 I/InputDispatcher(  374): Dropped event because input dispatch is disabled.
05-22 14:10:39.463 W/InputManager(  374): Input event injection from pid 24704 failed.
05-22 14:10:40.463 W/InteractionController(24704): runAndwaitForEvent timedout waiting for events
05-22 14:10:40.556 I/InputDispatcher(  374): Dropped event because input dispatch is disabled.
05-22 14:10:40.556 D/dalvikvm(24704): GC_CONCURRENT freed 445K, 86% free 618K/4332K, paused 1ms+1ms, total 10ms
05-22 14:10:40.556 W/InputManager(  374): Input event injection from pid 24704 failed.
05-22 14:10:41.556 W/InteractionController(24704): runAndwaitForEvent timedout waiting for events
05-22 14:10:41.674 I/InputDispatcher(  374): Dropped event because input dispatch is disabled.
05-22 14:10:41.674 W/InputManager(  374): Input event injection from pid 24704 failed.
05-22 14:10:42.674 W/InteractionController(24704): runAndwaitForEvent timedout waiting for events
05-22 14:10:42.713 D/dalvikvm(24704): GC_CONCURRENT freed 405K, 87% free 600K/4332K, paused 1ms+1ms, total 14ms
05-22 14:10:42.775 I/InputDispatcher(  374): Dropped event because input dispatch is disabled.
05-22 14:10:42.775 W/InputManager(  374): Input event injection from pid 24704 failed.
05-22 14:10:42.955 D/dalvikvm( 1661): GC_EXPLICIT freed 233K, 18% free 13034K/15888K, paused 3ms+5ms, total 61ms
05-22 14:10:43.775 W/InteractionController(24704): runAndwaitForEvent timedout waiting for events
05-22 14:10:43.838 D/dalvikvm(24704): GC_CONCURRENT freed 429K, 86% free 618K/4332K, paused 2ms+1ms, total 11ms
05-22 14:10:43.885 I/InputDispatcher(  374): Dropped event because input dispatch is disabled.
05-22 14:10:43.885 W/InputManager(  374): Input event injection from pid 24704 failed.
05-22 14:10:44.885 W/InteractionController(24704): runAndwaitForEvent timedout waiting for events
05-22 14:10:44.986 D/dalvikvm(24704): GC_CONCURRENT freed 404K, 85% free 657K/4332K, paused 1ms+3ms, total 9ms
05-22 14:10:44.986 I/InputDispatcher(  374): Dropped event because input dispatch is disabled.
05-22 14:10:44.986 W/InputManager(  374): Input event injection from pid 24704 failed.
05-22 14:10:45.986 W/InteractionController(24704): runAndwaitForEvent timedout waiting for events
05-22 14:10:46.080 I/InputDispatcher(  374): Dropped event because input dispatch is disabled.
05-22 14:10:46.080 W/InputManager(  374): Input event injection from pid 24704 failed.
05-22 14:10:47.080 W/InteractionController(24704): runAndwaitForEvent timedout waiting for events
05-22 14:10:47.111 D/dalvikvm(24704): GC_CONCURRENT freed 444K, 87% free 603K/4332K, paused 1ms+1ms, total 7ms
05-22 14:10:47.181 I/InputDispatcher(  374): Dropped event because input dispatch is disabled.
05-22 14:10:47.181 W/InputManager(  374): Input event injection from pid 24704 failed.
05-22 14:10:48.025 D/dalvikvm( 1661): GC_EXPLICIT freed 2K, 18% free 13032K/15888K, paused 2ms+5ms, total 60ms
05-22 14:10:48.181 W/InteractionController(24704): runAndwaitForEvent timedout waiting for events
05-22 14:10:48.228 D/dalvikvm(24704): GC_CONCURRENT freed 369K, 86% free 618K/4332K, paused 2ms+1ms, total 8ms
05-22 14:10:48.283 I/InputDispatcher(  374): Dropped event because input dispatch is disabled.
05-22 14:10:48.283 W/InputManager(  374): Input event injection from pid 24704 failed.
05-22 14:10:49.283 W/InteractionController(24704): runAndwaitForEvent timedout waiting for events
05-22 14:10:49.361 D/dalvikvm(24704): GC_CONCURRENT freed 401K, 87% free 601K/4332K, paused 1ms+0ms, total 8ms
05-22 14:10:49.385 I/InputDispatcher(  374): Dropped event because input dispatch is disabled.
05-22 14:10:49.385 W/InputManager(  374): Input event injection from pid 24704 failed.
05-22 14:10:50.385 W/InteractionController(24704): runAndwaitForEvent timedout waiting for events
05-22 14:10:50.478 D/dalvikvm(24704): GC_CONCURRENT freed 383K, 87% free 601K/4332K, paused 2ms+1ms, total 8ms
05-22 14:10:50.486 I/InputDispatcher(  374): Dropped event because input dispatch is disabled.
05-22 14:10:50.486 W/InputManager(  374): Input event injection from pid 24704 failed.
05-22 14:10:51.119 I/ActivityManager(  374): Start proc com.google.android.email for service com.google.android.email/com.android.email.service.MailService: pid=24742 uid=10016 gids={50016, 3003, 1015, 1028}
05-22 14:10:51.260 I/ActivityManager(  374): Start proc com.google.android.exchange for service com.google.android.exchange/com.android.exchange.ExchangeService: pid=24758 uid=10017 gids={50017, 3003, 1015, 1028}
05-22 14:10:51.275 I/Email   (24742): ReconcilePopImapAccountsSync: start
05-22 14:10:51.306 E/SQLiteLog(24742): (1) no such table: Account
05-22 14:10:51.306 W/EmailProvider(24742): Exception cleaning EmailProvider.dbandroid.database.sqlite.SQLiteException: no such table: Account (code 1): , while compiling: delete from Account WHERE displayName ISNULL;
05-22 14:10:51.314 D/ExchangeService(24758): !!! EAS ExchangeService, onCreate
05-22 14:10:51.314 D/ExchangeService(24758): !!! EAS ExchangeService, onStartCommand, startingUp = false, running = false
05-22 14:10:51.322 D/Eas Debug(24758): Logging: 
05-22 14:10:51.338 D/ExchangeService(24758): Received deviceId from Email app: androidc2130646576
05-22 14:10:51.338 D/ExchangeService(24758): Reconciling accounts...
05-22 14:10:51.439 D/AttachmentService(24742): Count: 0
05-22 14:10:51.471 D/AttachmentService(24742): *** All done; shutting down service
05-22 14:10:51.486 D/dalvikvm(24742): GC_CONCURRENT freed 216K, 3% free 9172K/9428K, paused 7ms+4ms, total 55ms
05-22 14:10:51.486 W/InteractionController(24704): runAndwaitForEvent timedout waiting for events
05-22 14:10:51.510 I/Email   (24742): ReconcilePopImapAccountsSync: already running
05-22 14:10:51.525 D/ExchangeService(24758): !!! EAS ExchangeService, onStartCommand, startingUp = true, running = false
05-22 14:10:51.588 I/InputDispatcher(  374): Dropped event because input dispatch is disabled.
05-22 14:10:51.596 I/Email   (24742): ReconcilePopImapAccountsSync: already running
05-22 14:10:51.596 W/InputManager(  374): Input event injection from pid 24704 failed.
05-22 14:10:51.603 D/Eas Debug(24758): Logging: 
05-22 14:10:51.736 I/Email   (24742): ReconcilePopImapAccountsSync: done
05-22 14:10:51.861 I/Email   (24742): ReconcilePopImapAccountsSync: start
05-22 14:10:51.869 I/Email   (24742): ReconcilePopImapAccountsSync: already running
05-22 14:10:51.892 I/Email   (24742): ReconcilePopImapAccountsSync: done
05-22 14:10:51.931 W/SSLCertificateSocketFactory(24742): Bypassing SSL security checks at caller's request
05-22 14:10:52.596 W/InteractionController(24704): runAndwaitForEvent timedout waiting for events
05-22 14:10:52.619 D/dalvikvm(24704): GC_CONCURRENT freed 384K, 87% free 600K/4332K, paused 2ms+1ms, total 8ms
05-22 14:10:52.697 I/InputDispatcher(  374): Dropped event because input dispatch is disabled.
05-22 14:10:52.697 W/InputManager(  374): Input event injection from pid 24704 failed.
05-22 14:10:53.697 W/InteractionController(24704): runAndwaitForEvent timedout waiting for events
05-22 14:10:53.721 D/dalvikvm(24704): GC_CONCURRENT freed 366K, 86% free 618K/4332K, paused 2ms+1ms, total 8ms
05-22 14:10:53.799 I/InputDispatcher(  374): Dropped event because input dispatch is disabled.
05-22 14:10:53.799 W/InputManager(  374): Input event injection from pid 24704 failed.
05-22 14:10:54.799 W/InteractionController(24704): runAndwaitForEvent timedout waiting for events
05-22 14:10:54.846 D/dalvikvm(24704): GC_CONCURRENT freed 383K, 86% free 619K/4332K, paused 2ms+1ms, total 8ms
05-22 14:10:54.908 I/InputDispatcher(  374): Dropped event because input dispatch is disabled.
05-22 14:10:54.908 W/InputManager(  374): Input event injection from pid 24704 failed.
05-22 14:10:55.908 W/InteractionController(24704): runAndwaitForEvent timedout waiting for events
05-22 14:10:55.994 D/dalvikvm(24704): GC_CONCURRENT freed 402K, 87% free 601K/4332K, paused 2ms+1ms, total 10ms
05-22 14:10:56.017 I/InputDispatcher(  374): Dropped event because input dispatch is disabled.
05-22 14:10:56.017 W/InputManager(  374): Input event injection from pid 24704 failed.
05-22 14:10:57.017 W/InteractionController(24704): runAndwaitForEvent timedout waiting for events
05-22 14:10:57.119 D/dalvikvm(24704): GC_CONCURRENT freed 383K, 87% free 601K/4332K, paused 2ms+0ms, total 9ms
05-22 14:10:57.119 I/InputDispatcher(  374): Dropped event because input dispatch is disabled.
05-22 14:10:57.119 W/InputManager(  374): Input event injection from pid 24704 failed.
05-22 14:10:58.025 D/dalvikvm( 1661): GC_EXPLICIT freed <1K, 18% free 13032K/15888K, paused 3ms+5ms, total 61ms
05-22 14:10:58.119 W/InteractionController(24704): runAndwaitForEvent timedout waiting for events
05-22 14:10:58.213 I/InputDispatcher(  374): Dropped event because input dispatch is disabled.
05-22 14:10:58.213 W/InputManager(  374): Input event injection from pid 24704 failed.
05-22 14:10:59.221 W/InteractionController(24704): runAndwaitForEvent timedout waiting for events
05-22 14:10:59.236 D/dalvikvm(24704): GC_CONCURRENT freed 384K, 87% free 600K/4332K, paused 1ms+1ms, total 15ms
05-22 14:10:59.314 I/InputDispatcher(  374): Dropped event because input dispatch is disabled.
05-22 14:10:59.314 W/InputManager(  374): Input event injection from pid 24704 failed.
05-22 14:10:59.713 D/dalvikvm(24742): GC_CONCURRENT freed 263K, 4% free 9301K/9604K, paused 3ms+4ms, total 27ms
05-22 14:11:00.689 D/dalvikvm(24704): GC_CONCURRENT freed 384K, 87% free 601K/4332K, paused 0ms+0ms, total 11ms
05-22 14:11:00.760 I/InputDispatcher(  374): Dropped event because input dispatch is disabled.
05-22 14:11:00.760 W/InputManager(  374): Input event injection from pid 24704 failed.
05-22 14:11:00.861 D/dalvikvm(  374): GC_CONCURRENT freed 3696K, 19% free 24235K/29760K, paused 4ms+12ms, total 138ms
05-22 14:11:01.400 W/Parcel  ( 1661): Attempt to read object from Parcel 0x5ec3bdac at offset 200 that is not in the object list
05-22 14:11:01.471 D/dalvikvm( 1468): GC_CONCURRENT freed 435K, 21% free 9989K/12512K, paused 7ms+7ms, total 41ms
05-22 14:11:01.760 W/InteractionController(24704): runAndwaitForEvent timedout waiting for events
05-22 14:11:01.830 D/dalvikvm(24704): GC_CONCURRENT freed 384K, 87% free 601K/4332K, paused 2ms+1ms, total 11ms
05-22 14:11:01.877 I/InputDispatcher(  374): Dropped event because input dispatch is disabled.
05-22 14:11:01.877 W/InputManager(  374): Input event injection from pid 24704 failed.
05-22 14:11:02.791 W/MountService(  374): getVolumeState(/storage/emulated/0/external_sd): Unknown volume
05-22 14:11:02.791 W/MountService(  374): getVolumeState(/mnt/sdcard-ext): Unknown volume
05-22 14:11:02.791 W/MountService(  374): getVolumeState(/mnt/ext_sdcard): Unknown volume
05-22 14:11:02.799 W/MountService(  374): getVolumeState(/mnt/sdcard2): Unknown volume
05-22 14:11:02.799 W/MountService(  374): getVolumeState(/mnt/emmc): Unknown volume
05-22 14:11:02.799 W/MountService(  374): getVolumeState(/mnt/extSdCard): Unknown volume
05-22 14:11:02.799 W/MountService(  374): getVolumeState(/mnt/sdcard/SD_CARD): Unknown volume
05-22 14:11:02.799 W/MountService(  374): getVolumeState(/mnt/sdcard/extra_sd): Unknown volume
05-22 14:11:02.799 W/MountService(  374): getVolumeState(/mnt/extrasd_bind): Unknown volume
05-22 14:11:02.806 W/MountService(  374): getVolumeState(/mnt/sdcard/ext_sd): Unknown volume
05-22 14:11:02.806 W/MountService(  374): getVolumeState(/storage/extSdCard): Unknown volume
05-22 14:11:02.806 W/MountService(  374): getVolumeState(/storage/sdcard1): Unknown volume
05-22 14:11:02.806 W/MountService(  374): getVolumeState(/mnt/sdcard/external_SD): Unknown volume
05-22 14:11:02.806 W/MountService(  374): getVolumeState(/mnt/sdcard/external_sd): Unknown volume
05-22 14:11:02.877 W/InteractionController(24704): runAndwaitForEvent timedout waiting for events
05-22 14:11:02.963 D/dalvikvm(24704): GC_CONCURRENT freed 383K, 87% free 601K/4332K, paused 2ms+1ms, total 9ms
05-22 14:11:02.994 I/InputDispatcher(  374): Dropped event because input dispatch is disabled.
05-22 14:11:02.994 W/InputManager(  374): Input event injection from pid 24704 failed.
05-22 14:11:03.002 D/dalvikvm( 1468): GC_CONCURRENT freed 305K, 20% free 10123K/12512K, paused 22ms+13ms, total 77ms
05-22 14:11:03.150 W/MountService(  374): getVolumeState(/storage/emulated/0/external_sd): Unknown volume
05-22 14:11:03.150 W/MountService(  374): getVolumeState(/mnt/sdcard-ext): Unknown volume
05-22 14:11:03.158 W/MountService(  374): getVolumeState(/mnt/ext_sdcard): Unknown volume
05-22 14:11:03.158 W/MountService(  374): getVolumeState(/mnt/sdcard2): Unknown volume
05-22 14:11:03.158 W/MountService(  374): getVolumeState(/mnt/emmc): Unknown volume
05-22 14:11:03.158 W/MountService(  374): getVolumeState(/mnt/extSdCard): Unknown volume
05-22 14:11:03.158 W/MountService(  374): getVolumeState(/mnt/sdcard/SD_CARD): Unknown volume
05-22 14:11:03.158 W/MountService(  374): getVolumeState(/mnt/sdcard/extra_sd): Unknown volume
05-22 14:11:03.166 W/MountService(  374): getVolumeState(/mnt/extrasd_bind): Unknown volume
05-22 14:11:03.166 W/MountService(  374): getVolumeState(/mnt/sdcard/ext_sd): Unknown volume
05-22 14:11:03.166 W/MountService(  374): getVolumeState(/storage/extSdCard): Unknown volume
05-22 14:11:03.166 W/MountService(  374): getVolumeState(/storage/sdcard1): Unknown volume
05-22 14:11:03.166 W/MountService(  374): getVolumeState(/mnt/sdcard/external_SD): Unknown volume
05-22 14:11:03.166 W/MountService(  374): getVolumeState(/mnt/sdcard/external_sd): Unknown volume
05-22 14:11:03.228 D/dalvikvm( 1468): GC_CONCURRENT freed 624K, 21% free 10006K/12512K, paused 8ms+7ms, total 53ms
05-22 14:11:03.228 D/dalvikvm( 1468): WAIT_FOR_CONCURRENT_GC blocked 13ms
05-22 14:11:03.994 W/InteractionController(24704): runAndwaitForEvent timedout waiting for events
05-22 14:11:04.088 D/dalvikvm(24704): GC_CONCURRENT freed 383K, 87% free 601K/4332K, paused 2ms+1ms, total 8ms
05-22 14:11:04.096 I/InputDispatcher(  374): Dropped event because input dispatch is disabled.
05-22 14:11:04.096 W/InputManager(  374): Input event injection from pid 24704 failed.
05-22 14:11:04.369 D/Email   (24742): *** synchronizeMailboxGeneric ***
05-22 14:11:04.783 D/Email   (24742): *** synchronizeMailboxGeneric ***
05-22 14:11:04.986 D/dalvikvm(24742): GC_CONCURRENT freed 285K, 4% free 9403K/9728K, paused 3ms+6ms, total 26ms
05-22 14:11:05.096 W/InteractionController(24704): runAndwaitForEvent timedout waiting for events
05-22 14:11:05.189 I/InputDispatcher(  374): Dropped event because input dispatch is disabled.
05-22 14:11:05.189 W/InputManager(  374): Input event injection from pid 24704 failed.
05-22 14:11:06.096 D/dalvikvm(  374): GC_EXPLICIT freed 407K, 19% free 24227K/29760K, paused 5ms+15ms, total 129ms
05-22 14:11:06.103 D/Email   (24742): *** synchronizeMailboxGeneric ***
05-22 14:11:06.189 W/InteractionController(24704): runAndwaitForEvent timedout waiting for events
05-22 14:11:06.221 D/dalvikvm(24704): GC_CONCURRENT freed 384K, 87% free 601K/4332K, paused 3ms+0ms, total 11ms
05-22 14:11:06.299 I/InputDispatcher(  374): Dropped event because input dispatch is disabled.
05-22 14:11:06.299 W/InputManager(  374): Input event injection from pid 24704 failed.
05-22 14:11:07.306 W/InteractionController(24704): runAndwaitForEvent timedout waiting for events
05-22 14:11:07.330 D/dalvikvm(24704): GC_CONCURRENT freed 366K, 86% free 618K/4332K, paused 2ms+1ms, total 8ms
05-22 14:11:07.408 I/InputDispatcher(  374): Dropped event because input dispatch is disabled.
05-22 14:11:07.408 W/InputManager(  374): Input event injection from pid 24704 failed.
05-22 14:11:08.408 W/InteractionController(24704): runAndwaitForEvent timedout waiting for events
05-22 14:11:08.471 D/dalvikvm(24704): GC_CONCURRENT freed 384K, 86% free 618K/4332K, paused 2ms+1ms, total 21ms
05-22 14:11:08.510 I/InputDispatcher(  374): Dropped event because input dispatch is disabled.
05-22 14:11:08.510 W/InputManager(  374): Input event injection from pid 24704 failed.
05-22 14:11:09.510 W/InteractionController(24704): runAndwaitForEvent timedout waiting for events
05-22 14:11:09.588 D/dalvikvm(24704): GC_CONCURRENT freed 401K, 87% free 601K/4332K, paused 1ms+0ms, total 7ms
05-22 14:11:09.619 I/InputDispatcher(  374): Dropped event because input dispatch is disabled.
05-22 14:11:09.619 W/InputManager(  374): Input event injection from pid 24704 failed.
05-22 14:11:10.619 W/InteractionController(24704): runAndwaitForEvent timedout waiting for events
05-22 14:11:10.713 D/dalvikvm(24704): GC_CONCURRENT freed 383K, 87% free 601K/4332K, paused 2ms+1ms, total 8ms
05-22 14:11:10.721 I/InputDispatcher(  374): Dropped event because input dispatch is disabled.
05-22 14:11:10.721 W/InputManager(  374): Input event injection from pid 24704 failed.
05-22 14:11:11.721 W/InteractionController(24704): runAndwaitForEvent timedout waiting for events
05-22 14:11:11.814 I/InputDispatcher(  374): Dropped event because input dispatch is disabled.
05-22 14:11:11.814 W/InputManager(  374): Input event injection from pid 24704 failed.
05-22 14:11:12.814 W/InteractionController(24704): runAndwaitForEvent timedout waiting for events
05-22 14:11:12.822 D/dalvikvm(24704): GC_CONCURRENT freed 384K, 87% free 600K/4332K, paused 1ms+0ms, total 7ms
05-22 14:11:12.916 I/InputDispatcher(  374): Dropped event because input dispatch is disabled.
05-22 14:11:12.916 W/InputManager(  374): Input event injection from pid 24704 failed.
05-22 14:11:13.916 W/InteractionController(24704): runAndwaitForEvent timedout waiting for events
05-22 14:11:13.955 D/dalvikvm(24704): GC_CONCURRENT freed 385K, 87% free 600K/4332K, paused 1ms+1ms, total 15ms
05-22 14:11:14.017 I/InputDispatcher(  374): Dropped event because input dispatch is disabled.
05-22 14:11:14.017 W/InputManager(  374): Input event injection from pid 24704 failed.
05-22 14:11:15.017 W/InteractionController(24704): runAndwaitForEvent timedout waiting for events
05-22 14:11:15.088 D/dalvikvm(24704): GC_CONCURRENT freed 383K, 87% free 601K/4332K, paused 2ms+1ms, total 16ms
05-22 14:11:15.127 I/InputDispatcher(  374): Dropped event because input dispatch is disabled.
05-22 14:11:15.127 W/InputManager(  374): Input event injection from pid 24704 failed.
05-22 14:11:16.127 W/InteractionController(24704): runAndwaitForEvent timedout waiting for events
05-22 14:11:16.221 D/dalvikvm(24704): GC_CONCURRENT freed 383K, 87% free 601K/4332K, paused 2ms+0ms, total 15ms
05-22 14:11:16.244 I/InputDispatcher(  374): Dropped event because input dispatch is disabled.
05-22 14:11:16.244 W/InputManager(  374): Input event injection from pid 24704 failed.
05-22 14:11:16.525 D/dalvikvm(23777): GC_CONCURRENT freed 396K, 5% free 9158K/9624K, paused 2ms+3ms, total 22ms
05-22 14:11:17.244 W/InteractionController(24704): runAndwaitForEvent timedout waiting for events
05-22 14:11:17.361 D/dalvikvm(24704): GC_CONCURRENT freed 383K, 86% free 632K/4332K, paused 1ms+1ms, total 7ms
05-22 14:11:17.361 I/InputDispatcher(  374): Dropped event because input dispatch is disabled.
05-22 14:11:17.361 W/InputManager(  374): Input event injection from pid 24704 failed.
05-22 14:11:18.361 W/InteractionController(24704): runAndwaitForEvent timedout waiting for events
