05-22 13:26:59.369 W/MountService(  374): getVolumeState(/mnt/sdcard/SD_CARD): Unknown volume
05-22 13:26:59.369 W/MountService(  374): getVolumeState(/mnt/sdcard/extra_sd): Unknown volume
05-22 13:26:59.369 W/MountService(  374): getVolumeState(/mnt/extrasd_bind): Unknown volume
05-22 13:26:59.369 W/MountService(  374): getVolumeState(/mnt/sdcard/ext_sd): Unknown volume
05-22 13:26:59.369 W/MountService(  374): getVolumeState(/storage/extSdCard): Unknown volume
05-22 13:26:59.369 W/MountService(  374): getVolumeState(/storage/sdcard1): Unknown volume
05-22 13:26:59.369 W/MountService(  374): getVolumeState(/mnt/sdcard/external_SD): Unknown volume
05-22 13:26:59.369 W/MountService(  374): getVolumeState(/mnt/sdcard/external_sd): Unknown volume
05-22 13:26:59.689 W/MountService(  374): getVolumeState(/storage/emulated/0/external_sd): Unknown volume
05-22 13:26:59.697 W/MountService(  374): getVolumeState(/mnt/sdcard-ext): Unknown volume
05-22 13:26:59.697 W/MountService(  374): getVolumeState(/mnt/ext_sdcard): Unknown volume
05-22 13:26:59.697 W/MountService(  374): getVolumeState(/mnt/sdcard2): Unknown volume
05-22 13:26:59.697 W/MountService(  374): getVolumeState(/mnt/emmc): Unknown volume
05-22 13:26:59.697 W/MountService(  374): getVolumeState(/mnt/extSdCard): Unknown volume
05-22 13:26:59.697 W/MountService(  374): getVolumeState(/mnt/sdcard/SD_CARD): Unknown volume
05-22 13:26:59.697 W/MountService(  374): getVolumeState(/mnt/sdcard/extra_sd): Unknown volume
05-22 13:26:59.697 W/MountService(  374): getVolumeState(/mnt/extrasd_bind): Unknown volume
05-22 13:26:59.697 W/MountService(  374): getVolumeState(/mnt/sdcard/ext_sd): Unknown volume
05-22 13:26:59.697 W/MountService(  374): getVolumeState(/storage/extSdCard): Unknown volume
05-22 13:26:59.697 W/MountService(  374): getVolumeState(/storage/sdcard1): Unknown volume
05-22 13:26:59.697 W/MountService(  374): getVolumeState(/mnt/sdcard/external_SD): Unknown volume
05-22 13:26:59.697 W/MountService(  374): getVolumeState(/mnt/sdcard/external_sd): Unknown volume
05-22 13:27:59.455 W/MountService(  374): getVolumeState(/storage/emulated/0/external_sd): Unknown volume
05-22 13:27:59.455 W/MountService(  374): getVolumeState(/mnt/sdcard-ext): Unknown volume
05-22 13:27:59.455 W/MountService(  374): getVolumeState(/mnt/ext_sdcard): Unknown volume
05-22 13:27:59.455 W/MountService(  374): getVolumeState(/mnt/sdcard2): Unknown volume
05-22 13:27:59.455 W/MountService(  374): getVolumeState(/mnt/emmc): Unknown volume
05-22 13:27:59.455 W/MountService(  374): getVolumeState(/mnt/extSdCard): Unknown volume
05-22 13:27:59.455 W/MountService(  374): getVolumeState(/mnt/sdcard/SD_CARD): Unknown volume
05-22 13:27:59.455 W/MountService(  374): getVolumeState(/mnt/sdcard/extra_sd): Unknown volume
05-22 13:27:59.455 W/MountService(  374): getVolumeState(/mnt/extrasd_bind): Unknown volume
05-22 13:27:59.455 W/MountService(  374): getVolumeState(/mnt/sdcard/ext_sd): Unknown volume
05-22 13:27:59.455 W/MountService(  374): getVolumeState(/storage/extSdCard): Unknown volume
05-22 13:27:59.455 W/MountService(  374): getVolumeState(/storage/sdcard1): Unknown volume
05-22 13:27:59.463 W/MountService(  374): getVolumeState(/mnt/sdcard/external_SD): Unknown volume
05-22 13:27:59.463 W/MountService(  374): getVolumeState(/mnt/sdcard/external_sd): Unknown volume
05-22 13:27:59.799 W/MountService(  374): getVolumeState(/storage/emulated/0/external_sd): Unknown volume
05-22 13:27:59.799 W/MountService(  374): getVolumeState(/mnt/sdcard-ext): Unknown volume
05-22 13:27:59.799 W/MountService(  374): getVolumeState(/mnt/ext_sdcard): Unknown volume
05-22 13:27:59.799 W/MountService(  374): getVolumeState(/mnt/sdcard2): Unknown volume
05-22 13:27:59.799 W/MountService(  374): getVolumeState(/mnt/emmc): Unknown volume
05-22 13:27:59.799 W/MountService(  374): getVolumeState(/mnt/extSdCard): Unknown volume
05-22 13:27:59.799 W/MountService(  374): getVolumeState(/mnt/sdcard/SD_CARD): Unknown volume
05-22 13:27:59.806 W/MountService(  374): getVolumeState(/mnt/sdcard/extra_sd): Unknown volume
05-22 13:27:59.806 W/MountService(  374): getVolumeState(/mnt/extrasd_bind): Unknown volume
05-22 13:27:59.806 W/MountService(  374): getVolumeState(/mnt/sdcard/ext_sd): Unknown volume
05-22 13:27:59.806 W/MountService(  374): getVolumeState(/storage/extSdCard): Unknown volume
05-22 13:27:59.806 W/MountService(  374): getVolumeState(/storage/sdcard1): Unknown volume
05-22 13:27:59.806 W/MountService(  374): getVolumeState(/mnt/sdcard/external_SD): Unknown volume
05-22 13:27:59.806 W/MountService(  374): getVolumeState(/mnt/sdcard/external_sd): Unknown volume
05-22 13:28:06.658 I/ActivityManager(  374): No longer want com.google.android.apps.maps:GoogleLocationService (pid 20431): empty for 1801s
05-22 13:28:06.666 W/ActivityManager(  374): Scheduling restart of crashed service com.google.android.apps.maps/com.google.android.location.internal.server.GoogleLocationService in 5000ms
05-22 13:28:11.681 I/ActivityManager(  374): Start proc com.google.android.apps.maps:GoogleLocationService for service com.google.android.apps.maps/com.google.android.location.internal.server.GoogleLocationService: pid=21170 uid=10038 gids={50038, 3003, 1015, 1028}
05-22 13:28:12.642 I/ActivityManager(  374): Start proc com.google.android.apps.maps:FriendService for broadcast com.google.android.apps.maps/com.google.googlenav.friend.android.ServiceReceiver: pid=21192 uid=10038 gids={50038, 3003, 1015, 1028}
05-22 13:28:12.744 I/ActivityManager(  374): Start proc com.google.android.apps.maps:LocationFriendService for broadcast com.google.android.apps.maps/com.google.googlenav.friend.reporting.LocationReportingIntentReceiver: pid=21204 uid=10038 gids={50038, 3003, 1015, 1028}
05-22 13:28:12.900 I/ActivityManager(  374): Process com.qihoo.root (pid 20949) has died.
05-22 13:28:20.447 W/ActivityThread(21170): ClassLoader.loadClass: The class loader returned by Thread.getContextClassLoader() may fail for processes that host multiple applications. You should explicitly specify a context class loader. For example: Thread.setContextClassLoader(getClass().getClassLoader());
05-22 13:28:36.705 I/ActivityManager(  374): No longer want com.nd.assistance.ServerService (pid 20503): empty for 1805s
05-22 13:28:36.721 W/ActivityManager(  374): Scheduling restart of crashed service com.nd.assistance/.server.ServerService in 5000ms
05-22 13:28:37.463 I/ActivityManager(  374): Start proc com.nd.assistance for broadcast com.nd.assistance/.controller.DaemonController: pid=21235 uid=10068 gids={50068, 3003, 1015, 1006, 1028}
05-22 13:28:37.572 I/ActivityManager(  374): Start proc com.nd.assistance.ServerService for service com.nd.assistance/.server.ServerService: pid=21248 uid=10068 gids={50068, 3003, 1015, 1006, 1028}
05-22 13:28:59.541 W/MountService(  374): getVolumeState(/storage/emulated/0/external_sd): Unknown volume
05-22 13:28:59.541 W/MountService(  374): getVolumeState(/mnt/sdcard-ext): Unknown volume
05-22 13:28:59.541 W/MountService(  374): getVolumeState(/mnt/ext_sdcard): Unknown volume
05-22 13:28:59.549 W/MountService(  374): getVolumeState(/mnt/sdcard2): Unknown volume
05-22 13:28:59.549 W/MountService(  374): getVolumeState(/mnt/emmc): Unknown volume
05-22 13:28:59.549 W/MountService(  374): getVolumeState(/mnt/extSdCard): Unknown volume
05-22 13:28:59.549 W/MountService(  374): getVolumeState(/mnt/sdcard/SD_CARD): Unknown volume
05-22 13:28:59.549 W/MountService(  374): getVolumeState(/mnt/sdcard/extra_sd): Unknown volume
05-22 13:28:59.549 W/MountService(  374): getVolumeState(/mnt/extrasd_bind): Unknown volume
05-22 13:28:59.549 W/MountService(  374): getVolumeState(/mnt/sdcard/ext_sd): Unknown volume
05-22 13:28:59.549 W/MountService(  374): getVolumeState(/storage/extSdCard): Unknown volume
05-22 13:28:59.549 W/MountService(  374): getVolumeState(/storage/sdcard1): Unknown volume
05-22 13:28:59.556 W/MountService(  374): getVolumeState(/mnt/sdcard/external_SD): Unknown volume
05-22 13:28:59.556 W/MountService(  374): getVolumeState(/mnt/sdcard/external_sd): Unknown volume
05-22 13:28:59.877 W/MountService(  374): getVolumeState(/storage/emulated/0/external_sd): Unknown volume
05-22 13:28:59.877 W/MountService(  374): getVolumeState(/mnt/sdcard-ext): Unknown volume
05-22 13:28:59.877 W/MountService(  374): getVolumeState(/mnt/ext_sdcard): Unknown volume
05-22 13:28:59.877 W/MountService(  374): getVolumeState(/mnt/sdcard2): Unknown volume
05-22 13:28:59.877 W/MountService(  374): getVolumeState(/mnt/emmc): Unknown volume
05-22 13:28:59.877 W/MountService(  374): getVolumeState(/mnt/extSdCard): Unknown volume
05-22 13:28:59.885 W/MountService(  374): getVolumeState(/mnt/sdcard/SD_CARD): Unknown volume
05-22 13:28:59.885 W/MountService(  374): getVolumeState(/mnt/sdcard/extra_sd): Unknown volume
05-22 13:28:59.885 W/MountService(  374): getVolumeState(/mnt/extrasd_bind): Unknown volume
05-22 13:28:59.892 W/MountService(  374): getVolumeState(/mnt/sdcard/ext_sd): Unknown volume
05-22 13:28:59.892 W/MountService(  374): getVolumeState(/storage/extSdCard): Unknown volume
05-22 13:28:59.892 W/MountService(  374): getVolumeState(/storage/sdcard1): Unknown volume
05-22 13:28:59.892 W/MountService(  374): getVolumeState(/mnt/sdcard/external_SD): Unknown volume
05-22 13:28:59.892 W/MountService(  374): getVolumeState(/mnt/sdcard/external_sd): Unknown volume
05-22 13:29:40.580 W/ContextImpl(20986): Calling a method in the system process without a qualified user: android.app.ContextImpl.startService:1385 android.content.ContextWrapper.startService:473 android.content.ContextWrapper.startService:473 com.android.settings.bluetooth.DockEventReceiver.beginStartingService:134 com.android.settings.bluetooth.DockEventReceiver.onReceive:115 
05-22 13:29:40.830 W/ContextImpl(20986): Calling a method in the system process without a qualified user: android.app.ContextImpl.startService:1385 android.content.ContextWrapper.startService:473 android.content.ContextWrapper.startService:473 com.android.settings.bluetooth.DockEventReceiver.beginStartingService:134 com.android.settings.bluetooth.DockEventReceiver.onReceive:115 
05-22 13:29:59.650 W/MountService(  374): getVolumeState(/storage/emulated/0/external_sd): Unknown volume
05-22 13:29:59.650 W/MountService(  374): getVolumeState(/mnt/sdcard-ext): Unknown volume
05-22 13:29:59.650 W/MountService(  374): getVolumeState(/mnt/ext_sdcard): Unknown volume
05-22 13:29:59.650 W/MountService(  374): getVolumeState(/mnt/sdcard2): Unknown volume
05-22 13:29:59.658 W/MountService(  374): getVolumeState(/mnt/emmc): Unknown volume
05-22 13:29:59.658 W/MountService(  374): getVolumeState(/mnt/extSdCard): Unknown volume
05-22 13:29:59.658 W/MountService(  374): getVolumeState(/mnt/sdcard/SD_CARD): Unknown volume
05-22 13:29:59.658 W/MountService(  374): getVolumeState(/mnt/sdcard/extra_sd): Unknown volume
05-22 13:29:59.658 W/MountService(  374): getVolumeState(/mnt/extrasd_bind): Unknown volume
05-22 13:29:59.658 W/MountService(  374): getVolumeState(/mnt/sdcard/ext_sd): Unknown volume
05-22 13:29:59.658 W/MountService(  374): getVolumeState(/storage/extSdCard): Unknown volume
05-22 13:29:59.658 W/MountService(  374): getVolumeState(/storage/sdcard1): Unknown volume
05-22 13:29:59.658 W/MountService(  374): getVolumeState(/mnt/sdcard/external_SD): Unknown volume
05-22 13:29:59.658 W/MountService(  374): getVolumeState(/mnt/sdcard/external_sd): Unknown volume
05-22 13:29:59.971 W/MountService(  374): getVolumeState(/storage/emulated/0/external_sd): Unknown volume
05-22 13:29:59.971 W/MountService(  374): getVolumeState(/mnt/sdcard-ext): Unknown volume
05-22 13:29:59.971 W/MountService(  374): getVolumeState(/mnt/ext_sdcard): Unknown volume
05-22 13:29:59.971 W/MountService(  374): getVolumeState(/mnt/sdcard2): Unknown volume
05-22 13:29:59.971 W/MountService(  374): getVolumeState(/mnt/emmc): Unknown volume
05-22 13:29:59.971 W/MountService(  374): getVolumeState(/mnt/extSdCard): Unknown volume
05-22 13:29:59.971 W/MountService(  374): getVolumeState(/mnt/sdcard/SD_CARD): Unknown volume
05-22 13:29:59.971 W/MountService(  374): getVolumeState(/mnt/sdcard/extra_sd): Unknown volume
05-22 13:29:59.971 W/MountService(  374): getVolumeState(/mnt/extrasd_bind): Unknown volume
05-22 13:29:59.971 W/MountService(  374): getVolumeState(/mnt/sdcard/ext_sd): Unknown volume
05-22 13:29:59.971 W/MountService(  374): getVolumeState(/storage/extSdCard): Unknown volume
05-22 13:29:59.971 W/MountService(  374): getVolumeState(/storage/sdcard1): Unknown volume
05-22 13:29:59.978 W/MountService(  374): getVolumeState(/mnt/sdcard/external_SD): Unknown volume
05-22 13:29:59.978 W/MountService(  374): getVolumeState(/mnt/sdcard/external_sd): Unknown volume
05-22 13:30:59.744 W/MountService(  374): getVolumeState(/storage/emulated/0/external_sd): Unknown volume
05-22 13:30:59.744 W/MountService(  374): getVolumeState(/mnt/sdcard-ext): Unknown volume
05-22 13:30:59.744 W/MountService(  374): getVolumeState(/mnt/ext_sdcard): Unknown volume
05-22 13:30:59.744 W/MountService(  374): getVolumeState(/mnt/sdcard2): Unknown volume
05-22 13:30:59.744 W/MountService(  374): getVolumeState(/mnt/emmc): Unknown volume
05-22 13:30:59.752 W/MountService(  374): getVolumeState(/mnt/extSdCard): Unknown volume
05-22 13:30:59.752 W/MountService(  374): getVolumeState(/mnt/sdcard/SD_CARD): Unknown volume
05-22 13:30:59.752 W/MountService(  374): getVolumeState(/mnt/sdcard/extra_sd): Unknown volume
05-22 13:30:59.752 W/MountService(  374): getVolumeState(/mnt/extrasd_bind): Unknown volume
05-22 13:30:59.752 W/MountService(  374): getVolumeState(/mnt/sdcard/ext_sd): Unknown volume
05-22 13:30:59.752 W/MountService(  374): getVolumeState(/storage/extSdCard): Unknown volume
05-22 13:30:59.752 W/MountService(  374): getVolumeState(/storage/sdcard1): Unknown volume
05-22 13:30:59.752 W/MountService(  374): getVolumeState(/mnt/sdcard/external_SD): Unknown volume
05-22 13:30:59.752 W/MountService(  374): getVolumeState(/mnt/sdcard/external_sd): Unknown volume
05-22 13:31:00.189 W/MountService(  374): getVolumeState(/storage/emulated/0/external_sd): Unknown volume
05-22 13:31:00.189 W/MountService(  374): getVolumeState(/mnt/sdcard-ext): Unknown volume
05-22 13:31:00.189 W/MountService(  374): getVolumeState(/mnt/ext_sdcard): Unknown volume
05-22 13:31:00.189 W/MountService(  374): getVolumeState(/mnt/sdcard2): Unknown volume
05-22 13:31:00.189 W/MountService(  374): getVolumeState(/mnt/emmc): Unknown volume
05-22 13:31:00.197 W/MountService(  374): getVolumeState(/mnt/extSdCard): Unknown volume
05-22 13:31:00.197 W/MountService(  374): getVolumeState(/mnt/sdcard/SD_CARD): Unknown volume
05-22 13:31:00.197 W/MountService(  374): getVolumeState(/mnt/sdcard/extra_sd): Unknown volume
05-22 13:31:00.197 W/MountService(  374): getVolumeState(/mnt/extrasd_bind): Unknown volume
05-22 13:31:00.197 W/MountService(  374): getVolumeState(/mnt/sdcard/ext_sd): Unknown volume
05-22 13:31:00.197 W/MountService(  374): getVolumeState(/storage/extSdCard): Unknown volume
05-22 13:31:00.197 W/MountService(  374): getVolumeState(/storage/sdcard1): Unknown volume
05-22 13:31:00.197 W/MountService(  374): getVolumeState(/mnt/sdcard/external_SD): Unknown volume
05-22 13:31:00.197 W/MountService(  374): getVolumeState(/mnt/sdcard/external_sd): Unknown volume
05-22 13:31:31.197 I/PowerManagerService(  374): Waking up from sleep...
05-22 13:31:31.291 I/ActivityManager(  374): Process com.google.android.email (pid 21095) has died.
05-22 13:31:31.353 I/WindowManager(  374): Lock screen displayed!
05-22 13:31:31.767 I/ActivityManager(  374): Process com.google.android.exchange (pid 21111) has died.
05-22 13:31:34.760 D/PhoneStatusBar(  448): disable: < expand* icons alerts ticker* system_info BACK HOME recent* CLOCK search* >
05-22 13:31:34.806 D/PhoneStatusBar(  448): disable: < expand icons alerts ticker system_info back* home* recent clock* search >
05-22 13:31:34.861 W/InputMethodManagerService(  374): Window already focused, ignoring focus gain of: com.android.internal.view.IInputMethodClient$Stub$Proxy@427b0418 attribute=android.view.inputmethod.EditorInfo@4286fe30, token = android.os.BinderProxy@42d79b78
05-22 13:31:59.783 W/MountService(  374): getVolumeState(/storage/emulated/0/external_sd): Unknown volume
05-22 13:31:59.783 W/MountService(  374): getVolumeState(/mnt/sdcard-ext): Unknown volume
05-22 13:31:59.783 W/MountService(  374): getVolumeState(/mnt/ext_sdcard): Unknown volume
05-22 13:31:59.791 W/MountService(  374): getVolumeState(/mnt/sdcard2): Unknown volume
05-22 13:31:59.791 W/MountService(  374): getVolumeState(/mnt/emmc): Unknown volume
05-22 13:31:59.791 W/MountService(  374): getVolumeState(/mnt/extSdCard): Unknown volume
05-22 13:31:59.791 W/MountService(  374): getVolumeState(/mnt/sdcard/SD_CARD): Unknown volume
05-22 13:31:59.791 W/MountService(  374): getVolumeState(/mnt/sdcard/extra_sd): Unknown volume
05-22 13:31:59.791 W/MountService(  374): getVolumeState(/mnt/extrasd_bind): Unknown volume
05-22 13:31:59.791 W/MountService(  374): getVolumeState(/mnt/sdcard/ext_sd): Unknown volume
05-22 13:31:59.791 W/MountService(  374): getVolumeState(/storage/extSdCard): Unknown volume
05-22 13:31:59.791 W/MountService(  374): getVolumeState(/storage/sdcard1): Unknown volume
05-22 13:31:59.791 W/MountService(  374): getVolumeState(/mnt/sdcard/external_SD): Unknown volume
05-22 13:31:59.791 W/MountService(  374): getVolumeState(/mnt/sdcard/external_sd): Unknown volume
05-22 13:32:00.025 W/MountService(  374): getVolumeState(/storage/emulated/0/external_sd): Unknown volume
05-22 13:32:00.025 W/MountService(  374): getVolumeState(/mnt/sdcard-ext): Unknown volume
05-22 13:32:00.025 W/MountService(  374): getVolumeState(/mnt/ext_sdcard): Unknown volume
05-22 13:32:00.025 W/MountService(  374): getVolumeState(/mnt/sdcard2): Unknown volume
05-22 13:32:00.025 W/MountService(  374): getVolumeState(/mnt/emmc): Unknown volume
05-22 13:32:00.025 W/MountService(  374): getVolumeState(/mnt/extSdCard): Unknown volume
05-22 13:32:00.025 W/MountService(  374): getVolumeState(/mnt/sdcard/SD_CARD): Unknown volume
05-22 13:32:00.033 W/MountService(  374): getVolumeState(/mnt/sdcard/extra_sd): Unknown volume
05-22 13:32:00.033 W/MountService(  374): getVolumeState(/mnt/extrasd_bind): Unknown volume
05-22 13:32:00.033 W/MountService(  374): getVolumeState(/mnt/sdcard/ext_sd): Unknown volume
05-22 13:32:00.041 W/MountService(  374): getVolumeState(/storage/extSdCard): Unknown volume
05-22 13:32:00.041 W/MountService(  374): getVolumeState(/storage/sdcard1): Unknown volume
05-22 13:32:00.041 W/MountService(  374): getVolumeState(/mnt/sdcard/external_SD): Unknown volume
05-22 13:32:00.041 W/MountService(  374): getVolumeState(/mnt/sdcard/external_sd): Unknown volume
05-22 13:32:08.486 I/PowerManagerService(  374): Going to sleep due to screen timeout...
05-22 13:32:14.197 D/PhoneStatusBar(  448): disable: < EXPAND* icons alerts TICKER* system_info back home RECENT* clock SEARCH* >
05-22 13:32:14.338 D/PhoneStatusBar(  448): disable: < EXPAND icons alerts TICKER system_info BACK* HOME* RECENT CLOCK* SEARCH >
05-22 13:32:59.885 W/MountService(  374): getVolumeState(/storage/emulated/0/external_sd): Unknown volume
05-22 13:32:59.885 W/MountService(  374): getVolumeState(/mnt/sdcard-ext): Unknown volume
05-22 13:32:59.885 W/MountService(  374): getVolumeState(/mnt/ext_sdcard): Unknown volume
05-22 13:32:59.885 W/MountService(  374): getVolumeState(/mnt/sdcard2): Unknown volume
05-22 13:32:59.885 W/MountService(  374): getVolumeState(/mnt/emmc): Unknown volume
05-22 13:32:59.885 W/MountService(  374): getVolumeState(/mnt/extSdCard): Unknown volume
05-22 13:32:59.885 W/MountService(  374): getVolumeState(/mnt/sdcard/SD_CARD): Unknown volume
05-22 13:32:59.885 W/MountService(  374): getVolumeState(/mnt/sdcard/extra_sd): Unknown volume
05-22 13:32:59.885 W/MountService(  374): getVolumeState(/mnt/extrasd_bind): Unknown volume
05-22 13:32:59.885 W/MountService(  374): getVolumeState(/mnt/sdcard/ext_sd): Unknown volume
05-22 13:32:59.892 W/MountService(  374): getVolumeState(/storage/extSdCard): Unknown volume
05-22 13:32:59.892 W/MountService(  374): getVolumeState(/storage/sdcard1): Unknown volume
05-22 13:32:59.892 W/MountService(  374): getVolumeState(/mnt/sdcard/external_SD): Unknown volume
05-22 13:32:59.892 W/MountService(  374): getVolumeState(/mnt/sdcard/external_sd): Unknown volume
05-22 13:33:00.267 W/MountService(  374): getVolumeState(/storage/emulated/0/external_sd): Unknown volume
05-22 13:33:00.267 W/MountService(  374): getVolumeState(/mnt/sdcard-ext): Unknown volume
05-22 13:33:00.267 W/MountService(  374): getVolumeState(/mnt/ext_sdcard): Unknown volume
05-22 13:33:00.267 W/MountService(  374): getVolumeState(/mnt/sdcard2): Unknown volume
05-22 13:33:00.267 W/MountService(  374): getVolumeState(/mnt/emmc): Unknown volume
05-22 13:33:00.267 W/MountService(  374): getVolumeState(/mnt/extSdCard): Unknown volume
05-22 13:33:00.275 W/MountService(  374): getVolumeState(/mnt/sdcard/SD_CARD): Unknown volume
05-22 13:33:00.275 W/MountService(  374): getVolumeState(/mnt/sdcard/extra_sd): Unknown volume
05-22 13:33:00.275 W/MountService(  374): getVolumeState(/mnt/extrasd_bind): Unknown volume
05-22 13:33:00.275 W/MountService(  374): getVolumeState(/mnt/sdcard/ext_sd): Unknown volume
05-22 13:33:00.275 W/MountService(  374): getVolumeState(/storage/extSdCard): Unknown volume
05-22 13:33:00.275 W/MountService(  374): getVolumeState(/storage/sdcard1): Unknown volume
05-22 13:33:00.275 W/MountService(  374): getVolumeState(/mnt/sdcard/external_SD): Unknown volume
05-22 13:33:00.275 W/MountService(  374): getVolumeState(/mnt/sdcard/external_sd): Unknown volume
05-22 13:33:48.103 I/ActivityManager(  374): No longer want com.qihoo360.mobilesafe:PcDaemon (pid 20579): empty for 1801s
05-22 13:33:48.111 W/ActivityManager(  374): Scheduling restart of crashed service com.qihoo360.mobilesafe/.pcdaemon.service.DaemonService in 5000ms
05-22 13:33:53.142 I/ActivityManager(  374): Start proc com.qihoo360.mobilesafe:PcDaemon for service com.qihoo360.mobilesafe/.pcdaemon.service.DaemonService: pid=21313 uid=10069 gids={50069, 3003, 1015, 3001, 3002, 1006, 1028}
05-22 13:33:59.971 W/MountService(  374): getVolumeState(/storage/emulated/0/external_sd): Unknown volume
05-22 13:33:59.971 W/MountService(  374): getVolumeState(/mnt/sdcard-ext): Unknown volume
05-22 13:33:59.971 W/MountService(  374): getVolumeState(/mnt/ext_sdcard): Unknown volume
05-22 13:33:59.971 W/MountService(  374): getVolumeState(/mnt/sdcard2): Unknown volume
05-22 13:33:59.971 W/MountService(  374): getVolumeState(/mnt/emmc): Unknown volume
05-22 13:33:59.971 W/MountService(  374): getVolumeState(/mnt/extSdCard): Unknown volume
05-22 13:33:59.971 W/MountService(  374): getVolumeState(/mnt/sdcard/SD_CARD): Unknown volume
05-22 13:33:59.971 W/MountService(  374): getVolumeState(/mnt/sdcard/extra_sd): Unknown volume
05-22 13:33:59.978 W/MountService(  374): getVolumeState(/mnt/extrasd_bind): Unknown volume
05-22 13:33:59.978 W/MountService(  374): getVolumeState(/mnt/sdcard/ext_sd): Unknown volume
05-22 13:33:59.978 W/MountService(  374): getVolumeState(/storage/extSdCard): Unknown volume
05-22 13:33:59.978 W/MountService(  374): getVolumeState(/storage/sdcard1): Unknown volume
05-22 13:33:59.978 W/MountService(  374): getVolumeState(/mnt/sdcard/external_SD): Unknown volume
05-22 13:33:59.978 W/MountService(  374): getVolumeState(/mnt/sdcard/external_sd): Unknown volume
05-22 13:34:00.322 W/MountService(  374): getVolumeState(/storage/emulated/0/external_sd): Unknown volume
05-22 13:34:00.322 W/MountService(  374): getVolumeState(/mnt/sdcard-ext): Unknown volume
05-22 13:34:00.322 W/MountService(  374): getVolumeState(/mnt/ext_sdcard): Unknown volume
05-22 13:34:00.322 W/MountService(  374): getVolumeState(/mnt/sdcard2): Unknown volume
05-22 13:34:00.322 W/MountService(  374): getVolumeState(/mnt/emmc): Unknown volume
05-22 13:34:00.322 W/MountService(  374): getVolumeState(/mnt/extSdCard): Unknown volume
05-22 13:34:00.322 W/MountService(  374): getVolumeState(/mnt/sdcard/SD_CARD): Unknown volume
05-22 13:34:00.322 W/MountService(  374): getVolumeState(/mnt/sdcard/extra_sd): Unknown volume
05-22 13:34:00.322 W/MountService(  374): getVolumeState(/mnt/extrasd_bind): Unknown volume
05-22 13:34:00.322 W/MountService(  374): getVolumeState(/mnt/sdcard/ext_sd): Unknown volume
05-22 13:34:00.322 W/MountService(  374): getVolumeState(/storage/extSdCard): Unknown volume
05-22 13:34:00.322 W/MountService(  374): getVolumeState(/storage/sdcard1): Unknown volume
05-22 13:34:00.322 W/MountService(  374): getVolumeState(/mnt/sdcard/external_SD): Unknown volume
05-22 13:34:00.330 W/MountService(  374): getVolumeState(/mnt/sdcard/external_sd): Unknown volume
05-22 13:34:33.275 I/PowerManagerService(  374): Waking up from sleep...
05-22 13:34:33.314 I/WindowManager(  374): Lock screen displayed!
05-22 13:34:36.572 D/PhoneStatusBar(  448): disable: < expand* icons alerts ticker* system_info BACK HOME recent* CLOCK search* >
05-22 13:34:36.611 D/PhoneStatusBar(  448): disable: < expand icons alerts ticker system_info back* home* recent clock* search >
05-22 13:34:36.697 W/InputMethodManagerService(  374): Window already focused, ignoring focus gain of: com.android.internal.view.IInputMethodClient$Stub$Proxy@4297b0a8 attribute=android.view.inputmethod.EditorInfo@4314c8d0, token = android.os.BinderProxy@42d79b78
05-22 13:35:00.080 W/MountService(  374): getVolumeState(/storage/emulated/0/external_sd): Unknown volume
05-22 13:35:00.080 W/MountService(  374): getVolumeState(/mnt/sdcard-ext): Unknown volume
05-22 13:35:00.080 W/MountService(  374): getVolumeState(/mnt/ext_sdcard): Unknown volume
05-22 13:35:00.080 W/MountService(  374): getVolumeState(/mnt/sdcard2): Unknown volume
05-22 13:35:00.080 W/MountService(  374): getVolumeState(/mnt/emmc): Unknown volume
05-22 13:35:00.080 W/MountService(  374): getVolumeState(/mnt/extSdCard): Unknown volume
05-22 13:35:00.080 W/MountService(  374): getVolumeState(/mnt/sdcard/SD_CARD): Unknown volume
05-22 13:35:00.080 W/MountService(  374): getVolumeState(/mnt/sdcard/extra_sd): Unknown volume
05-22 13:35:00.080 W/MountService(  374): getVolumeState(/mnt/extrasd_bind): Unknown volume
05-22 13:35:00.080 W/MountService(  374): getVolumeState(/mnt/sdcard/ext_sd): Unknown volume
05-22 13:35:00.080 W/MountService(  374): getVolumeState(/storage/extSdCard): Unknown volume
05-22 13:35:00.080 W/MountService(  374): getVolumeState(/storage/sdcard1): Unknown volume
05-22 13:35:00.080 W/MountService(  374): getVolumeState(/mnt/sdcard/external_SD): Unknown volume
05-22 13:35:00.080 W/MountService(  374): getVolumeState(/mnt/sdcard/external_sd): Unknown volume
05-22 13:35:00.346 W/MountService(  374): getVolumeState(/storage/emulated/0/external_sd): Unknown volume
05-22 13:35:00.346 W/MountService(  374): getVolumeState(/mnt/sdcard-ext): Unknown volume
05-22 13:35:00.346 W/MountService(  374): getVolumeState(/mnt/ext_sdcard): Unknown volume
05-22 13:35:00.346 W/MountService(  374): getVolumeState(/mnt/sdcard2): Unknown volume
05-22 13:35:00.346 W/MountService(  374): getVolumeState(/mnt/emmc): Unknown volume
05-22 13:35:00.346 W/MountService(  374): getVolumeState(/mnt/extSdCard): Unknown volume
05-22 13:35:00.346 W/MountService(  374): getVolumeState(/mnt/sdcard/SD_CARD): Unknown volume
05-22 13:35:00.346 W/MountService(  374): getVolumeState(/mnt/sdcard/extra_sd): Unknown volume
05-22 13:35:00.346 W/MountService(  374): getVolumeState(/mnt/extrasd_bind): Unknown volume
05-22 13:35:00.353 W/MountService(  374): getVolumeState(/mnt/sdcard/ext_sd): Unknown volume
05-22 13:35:00.353 W/MountService(  374): getVolumeState(/storage/extSdCard): Unknown volume
05-22 13:35:00.353 W/MountService(  374): getVolumeState(/storage/sdcard1): Unknown volume
05-22 13:35:00.353 W/MountService(  374): getVolumeState(/mnt/sdcard/external_SD): Unknown volume
05-22 13:35:00.353 W/MountService(  374): getVolumeState(/mnt/sdcard/external_sd): Unknown volume
05-22 13:35:16.072 I/PowerManagerService(  374): Going to sleep due to screen timeout...
05-22 13:35:21.760 D/PhoneStatusBar(  448): disable: < EXPAND* icons alerts TICKER* system_info back home RECENT* clock SEARCH* >
05-22 13:35:21.877 D/PhoneStatusBar(  448): disable: < EXPAND icons alerts TICKER system_info BACK* HOME* RECENT CLOCK* SEARCH >
05-22 13:36:00.174 W/MountService(  374): getVolumeState(/storage/emulated/0/external_sd): Unknown volume
05-22 13:36:00.181 W/MountService(  374): getVolumeState(/mnt/sdcard-ext): Unknown volume
05-22 13:36:00.181 W/MountService(  374): getVolumeState(/mnt/ext_sdcard): Unknown volume
05-22 13:36:00.181 W/MountService(  374): getVolumeState(/mnt/sdcard2): Unknown volume
05-22 13:36:00.181 W/MountService(  374): getVolumeState(/mnt/emmc): Unknown volume
05-22 13:36:00.181 W/MountService(  374): getVolumeState(/mnt/extSdCard): Unknown volume
05-22 13:36:00.181 W/MountService(  374): getVolumeState(/mnt/sdcard/SD_CARD): Unknown volume
05-22 13:36:00.181 W/MountService(  374): getVolumeState(/mnt/sdcard/extra_sd): Unknown volume
05-22 13:36:00.189 W/MountService(  374): getVolumeState(/mnt/extrasd_bind): Unknown volume
05-22 13:36:00.189 W/MountService(  374): getVolumeState(/mnt/sdcard/ext_sd): Unknown volume
05-22 13:36:00.189 W/MountService(  374): getVolumeState(/storage/extSdCard): Unknown volume
05-22 13:36:00.189 W/MountService(  374): getVolumeState(/storage/sdcard1): Unknown volume
05-22 13:36:00.189 W/MountService(  374): getVolumeState(/mnt/sdcard/external_SD): Unknown volume
05-22 13:36:00.189 W/MountService(  374): getVolumeState(/mnt/sdcard/external_sd): Unknown volume
05-22 13:36:00.517 W/MountService(  374): getVolumeState(/storage/emulated/0/external_sd): Unknown volume
05-22 13:36:00.517 W/MountService(  374): getVolumeState(/mnt/sdcard-ext): Unknown volume
05-22 13:36:00.517 W/MountService(  374): getVolumeState(/mnt/ext_sdcard): Unknown volume
05-22 13:36:00.517 W/MountService(  374): getVolumeState(/mnt/sdcard2): Unknown volume
05-22 13:36:00.517 W/MountService(  374): getVolumeState(/mnt/emmc): Unknown volume
05-22 13:36:00.525 W/MountService(  374): getVolumeState(/mnt/extSdCard): Unknown volume
05-22 13:36:00.525 W/MountService(  374): getVolumeState(/mnt/sdcard/SD_CARD): Unknown volume
05-22 13:36:00.525 W/MountService(  374): getVolumeState(/mnt/sdcard/extra_sd): Unknown volume
05-22 13:36:00.525 W/MountService(  374): getVolumeState(/mnt/extrasd_bind): Unknown volume
05-22 13:36:00.533 W/MountService(  374): getVolumeState(/mnt/sdcard/ext_sd): Unknown volume
05-22 13:36:00.533 W/MountService(  374): getVolumeState(/storage/extSdCard): Unknown volume
05-22 13:36:00.533 W/MountService(  374): getVolumeState(/storage/sdcard1): Unknown volume
05-22 13:36:00.533 W/MountService(  374): getVolumeState(/mnt/sdcard/external_SD): Unknown volume
05-22 13:36:00.533 W/MountService(  374): getVolumeState(/mnt/sdcard/external_sd): Unknown volume
05-22 13:36:44.611 I/PowerManagerService(  374): Waking up from sleep...
05-22 13:36:45.017 I/WindowManager(  374): Lock screen displayed!
05-22 13:36:45.111 I/PowerManagerService(  374): Going to sleep by user request...
05-22 13:36:47.400 I/PowerManagerService(  374): Waking up from sleep...
05-22 13:36:47.424 I/WindowManager(  374): Lock screen displayed!
05-22 13:36:47.642 I/ActivityManager(  374): Process android.process.acore (pid 21151) has died.
05-22 13:36:48.752 D/PhoneStatusBar(  448): disable: < expand* icons alerts ticker* system_info BACK HOME recent* CLOCK search* >
05-22 13:36:48.838 D/PhoneStatusBar(  448): disable: < expand icons alerts ticker system_info back* home* recent clock* search >
05-22 13:36:48.838 W/InputMethodManagerService(  374): Window already focused, ignoring focus gain of: com.android.internal.view.IInputMethodClient$Stub$Proxy@42c12678 attribute=android.view.inputmethod.EditorInfo@43023028, token = android.os.BinderProxy@42f8e690
05-22 13:37:00.330 W/MountService(  374): getVolumeState(/storage/emulated/0/external_sd): Unknown volume
05-22 13:37:00.330 W/MountService(  374): getVolumeState(/mnt/sdcard-ext): Unknown volume
05-22 13:37:00.330 W/MountService(  374): getVolumeState(/mnt/ext_sdcard): Unknown volume
05-22 13:37:00.330 W/MountService(  374): getVolumeState(/mnt/sdcard2): Unknown volume
05-22 13:37:00.330 W/MountService(  374): getVolumeState(/mnt/emmc): Unknown volume
05-22 13:37:00.330 W/MountService(  374): getVolumeState(/mnt/extSdCard): Unknown volume
05-22 13:37:00.330 W/MountService(  374): getVolumeState(/mnt/sdcard/SD_CARD): Unknown volume
05-22 13:37:00.330 W/MountService(  374): getVolumeState(/mnt/sdcard/extra_sd): Unknown volume
05-22 13:37:00.330 W/MountService(  374): getVolumeState(/mnt/extrasd_bind): Unknown volume
05-22 13:37:00.330 W/MountService(  374): getVolumeState(/mnt/sdcard/ext_sd): Unknown volume
05-22 13:37:00.330 W/MountService(  374): getVolumeState(/storage/extSdCard): Unknown volume
05-22 13:37:00.330 W/MountService(  374): getVolumeState(/storage/sdcard1): Unknown volume
05-22 13:37:00.330 W/MountService(  374): getVolumeState(/mnt/sdcard/external_SD): Unknown volume
05-22 13:37:00.330 W/MountService(  374): getVolumeState(/mnt/sdcard/external_sd): Unknown volume
05-22 13:37:00.463 I/ActivityManager(  374): Start proc android.process.acore for content provider com.android.providers.contacts/.ContactsProvider2: pid=21415 uid=10000 gids={50000, 3003, 1015, 1028}
05-22 13:37:00.853 W/MountService(  374): getVolumeState(/storage/emulated/0/external_sd): Unknown volume
05-22 13:37:00.853 W/MountService(  374): getVolumeState(/mnt/sdcard-ext): Unknown volume
05-22 13:37:00.853 W/MountService(  374): getVolumeState(/mnt/ext_sdcard): Unknown volume
05-22 13:37:00.853 W/MountService(  374): getVolumeState(/mnt/sdcard2): Unknown volume
05-22 13:37:00.853 W/MountService(  374): getVolumeState(/mnt/emmc): Unknown volume
05-22 13:37:00.853 W/MountService(  374): getVolumeState(/mnt/extSdCard): Unknown volume
05-22 13:37:00.853 W/MountService(  374): getVolumeState(/mnt/sdcard/SD_CARD): Unknown volume
05-22 13:37:00.853 W/MountService(  374): getVolumeState(/mnt/sdcard/extra_sd): Unknown volume
05-22 13:37:00.853 W/MountService(  374): getVolumeState(/mnt/extrasd_bind): Unknown volume
05-22 13:37:00.853 W/MountService(  374): getVolumeState(/mnt/sdcard/ext_sd): Unknown volume
05-22 13:37:00.861 W/MountService(  374): getVolumeState(/storage/extSdCard): Unknown volume
05-22 13:37:00.861 W/MountService(  374): getVolumeState(/storage/sdcard1): Unknown volume
05-22 13:37:00.861 W/MountService(  374): getVolumeState(/mnt/sdcard/external_SD): Unknown volume
05-22 13:37:00.861 W/MountService(  374): getVolumeState(/mnt/sdcard/external_sd): Unknown volume
05-22 13:37:19.627 I/PowerManagerService(  374): Going to sleep due to screen timeout...
05-22 13:37:25.291 D/PhoneStatusBar(  448): disable: < expand icons alerts ticker system_info back home RECENT* clock SEARCH* >
05-22 13:37:25.346 D/PhoneStatusBar(  448): disable: < expand icons alerts ticker system_info BACK* HOME* RECENT CLOCK* SEARCH >
05-22 13:37:27.111 I/PowerManagerService(  374): Waking up from sleep...
05-22 13:37:27.150 I/WindowManager(  374): Lock screen displayed!
05-22 13:37:28.408 D/PhoneStatusBar(  448): disable: < expand icons alerts ticker system_info BACK HOME recent* CLOCK search* >
05-22 13:37:28.486 D/PhoneStatusBar(  448): disable: < expand icons alerts ticker system_info back* home* recent clock* search >
05-22 13:37:28.486 W/InputMethodManagerService(  374): Window already focused, ignoring focus gain of: com.android.internal.view.IInputMethodClient$Stub$Proxy@425ee7b0 attribute=android.view.inputmethod.EditorInfo@426f2640, token = android.os.BinderProxy@42f8e690
05-22 13:37:30.939 I/ActivityManager(  374): Process com.google.android.apps.maps:LocationFriendService (pid 21204) has died.
05-22 13:37:32.744 W/InputMethodManagerService(  374): Starting input on non-focused client com.android.internal.view.IInputMethodClient$Stub$Proxy@42cf8cf8 (uid=1000 pid=20986)
05-22 13:37:40.010 I/ActivityManager(  374): START u0 {act=android.intent.action.MAIN cat=[android.intent.category.LAUNCHER] flg=0x10200000 cmp=com.android.settings/.Settings} from pid 576
05-22 13:37:40.424 D/WifiService(  374): setWifiEnabled: true pid=20986, uid=1000
05-22 13:37:43.666 I/ActivityManager(  374): START u0 {act=android.intent.action.MAIN cmp=com.android.settings/.SubSettings (has extras)} from pid 20986
05-22 13:37:44.978 I/ActivityManager(  374): START u0 {act=android.intent.action.MAIN cmp=com.android.settings/.SubSettings (has extras)} from pid 20986
05-22 13:37:46.314 I/ActivityManager(  374): START u0 {cmp=com.android.settings/.DeviceAdminAdd (has extras)} from pid 20986
05-22 13:37:46.494 I/ActivityManager(  374): Process com.google.android.apps.maps:FriendService (pid 21192) has died.
05-22 13:37:48.377 W/DevicePolicyManagerService(  374): Previous password owner 10066 no longer active; disabling
05-22 13:37:48.392 I/ActivityManager(  374): START u0 {flg=0x10000000 cmp=com.pekall.emdm.launcher/com.pekall.emdm.ui.ActiveDeviceAdminActivity} from pid 17184
05-22 13:37:48.463 W/InputMethodManagerService(  374): Focus gain on non-focused client com.android.internal.view.IInputMethodClient$Stub$Proxy@42cf8cf8 (uid=1000 pid=20986)
05-22 13:37:49.603 I/ActivityManager(  374): START u0 {act=launcher.action.to.personal cmp=com.pekall.emdm.launcher/.ui.BackPersonalActivity} from pid 17184
05-22 13:37:49.752 I/ActivityManager(  374): START u0 {act=android.intent.action.VIEW flg=0x10200000 cmp=com.android.launcher/com.android.launcher2.Launcher} from pid 17184
05-22 13:37:54.346 I/ActivityManager(  374): START u0 {act=android.intent.action.MAIN cat=[android.intent.category.LAUNCHER] flg=0x10200000 cmp=com.android.settings/.Settings} from pid 576
05-22 13:37:56.205 I/ActivityManager(  374): START u0 {act=android.intent.action.MAIN cmp=com.android.settings/.SubSettings (has extras)} from pid 20986
05-22 13:37:56.439 W/ContextImpl(20986): Calling a method in the system process without a qualified user: android.app.ContextImpl.bindService:1439 android.content.ContextWrapper.bindService:496 com.android.settings.applications.ManageApplications.onCreate:861 android.app.Fragment.performCreate:1673 android.app.FragmentManagerImpl.moveToState:854 
05-22 13:37:56.447 I/ActivityManager(  374): Start proc com.android.defcontainer for service com.android.defcontainer/.DefaultContainerService: pid=21486 uid=10012 gids={50012, 1015, 1023, 2001, 1028}
05-22 13:37:57.111 I/ActivityManager(  374): Process com.nd.assistance (pid 21235) has died.
05-22 13:38:00.455 W/MountService(  374): getVolumeState(/storage/emulated/0/external_sd): Unknown volume
05-22 13:38:00.463 W/MountService(  374): getVolumeState(/mnt/sdcard-ext): Unknown volume
05-22 13:38:00.463 W/MountService(  374): getVolumeState(/mnt/ext_sdcard): Unknown volume
05-22 13:38:00.463 W/MountService(  374): getVolumeState(/mnt/sdcard2): Unknown volume
05-22 13:38:00.463 W/MountService(  374): getVolumeState(/mnt/emmc): Unknown volume
05-22 13:38:00.463 W/MountService(  374): getVolumeState(/mnt/extSdCard): Unknown volume
05-22 13:38:00.471 W/MountService(  374): getVolumeState(/mnt/sdcard/SD_CARD): Unknown volume
05-22 13:38:00.471 W/MountService(  374): getVolumeState(/mnt/sdcard/extra_sd): Unknown volume
05-22 13:38:00.478 W/MountService(  374): getVolumeState(/mnt/extrasd_bind): Unknown volume
05-22 13:38:00.478 W/MountService(  374): getVolumeState(/mnt/sdcard/ext_sd): Unknown volume
05-22 13:38:00.478 W/MountService(  374): getVolumeState(/storage/extSdCard): Unknown volume
05-22 13:38:00.478 W/MountService(  374): getVolumeState(/storage/sdcard1): Unknown volume
05-22 13:38:00.478 W/MountService(  374): getVolumeState(/mnt/sdcard/external_SD): Unknown volume
05-22 13:38:00.525 W/MountService(  374): getVolumeState(/mnt/sdcard/external_sd): Unknown volume
05-22 13:38:00.744 I/ActivityManager(  374): START u0 {act=android.intent.action.MAIN cmp=com.android.settings/.SubSettings (has extras)} from pid 20986
05-22 13:38:01.096 W/MountService(  374): getVolumeState(/storage/emulated/0/external_sd): Unknown volume
05-22 13:38:01.096 W/MountService(  374): getVolumeState(/mnt/sdcard-ext): Unknown volume
05-22 13:38:01.096 W/MountService(  374): getVolumeState(/mnt/ext_sdcard): Unknown volume
05-22 13:38:01.096 W/MountService(  374): getVolumeState(/mnt/sdcard2): Unknown volume
05-22 13:38:01.096 W/MountService(  374): getVolumeState(/mnt/emmc): Unknown volume
05-22 13:38:01.096 W/MountService(  374): getVolumeState(/mnt/extSdCard): Unknown volume
05-22 13:38:01.096 W/MountService(  374): getVolumeState(/mnt/sdcard/SD_CARD): Unknown volume
05-22 13:38:01.096 W/MountService(  374): getVolumeState(/mnt/sdcard/extra_sd): Unknown volume
05-22 13:38:01.103 W/MountService(  374): getVolumeState(/mnt/extrasd_bind): Unknown volume
05-22 13:38:01.103 W/MountService(  374): getVolumeState(/mnt/sdcard/ext_sd): Unknown volume
05-22 13:38:01.103 W/MountService(  374): getVolumeState(/storage/extSdCard): Unknown volume
05-22 13:38:01.103 W/MountService(  374): getVolumeState(/storage/sdcard1): Unknown volume
05-22 13:38:01.103 W/MountService(  374): getVolumeState(/mnt/sdcard/external_SD): Unknown volume
05-22 13:38:01.103 W/MountService(  374): getVolumeState(/mnt/sdcard/external_sd): Unknown volume
05-22 13:38:03.674 I/ActivityManager(  374): Force stopping package com.pekall.emdm.launcher appid=10066 user=0
05-22 13:38:03.674 I/ActivityManager(  374): Killing proc 17184:com.pekall.emdm.launcher/u0a10066: force stop com.pekall.emdm.launcher
05-22 13:38:03.674 W/ActivityManager(  374): Scheduling restart of crashed service com.pekall.emdm.launcher/com.pekall.emdm.MdmService in 5000ms
05-22 13:38:03.674 W/ActivityManager(  374): Scheduling restart of crashed service com.pekall.emdm.launcher/com.pekall.emailcommon.accountprovision.AccountProvisionService in 15000ms
05-22 13:38:03.674 W/ActivityManager(  374): Scheduling restart of crashed service com.pekall.emdm.launcher/com.pekall.emdm.contacts.service.PhoneService in 25000ms
05-22 13:38:03.674 I/ActivityManager(  374):   Force finishing activity ActivityRecord{42299cc8 u0 com.pekall.emdm.launcher/.Launcher}
05-22 13:38:03.681 I/ActivityManager(  374):   Force stopping service ServiceRecord{431ee960 u0 com.pekall.emdm.launcher/com.pekall.emdm.contacts.service.PhoneService}
05-22 13:38:03.681 I/ActivityManager(  374):   Force stopping service ServiceRecord{431f1528 u0 com.pekall.emdm.launcher/com.pekall.emdm.MdmService}
05-22 13:38:03.681 I/ActivityManager(  374):   Force stopping service ServiceRecord{42c1e908 u0 com.pekall.emdm.launcher/com.pekall.emailcommon.accountprovision.AccountProvisionService}
05-22 13:38:03.736 I/WindowState(  374): WIN DEATH: Window{42887448 u0 com.pekall.emdm.launcher/com.pekall.emdm.launcher.Launcher}
05-22 13:38:03.963 W/InputMethodManagerService(  374): Window already focused, ignoring focus gain of: com.android.internal.view.IInputMethodClient$Stub$Proxy@42a7d840 attribute=null, token = android.os.BinderProxy@42987c40
05-22 13:38:15.314 I/ActivityManager(  374): START u0 {act=android.intent.action.MAIN cat=[android.intent.category.LAUNCHER] flg=0x10200000 cmp=com.pekall.emdm.launcher/.Launcher} from pid 576
05-22 13:38:15.596 I/ActivityManager(  374): Start proc com.pekall.emdm.launcher for activity com.pekall.emdm.launcher/.Launcher: pid=21518 uid=10066 gids={50066, 1015, 3002, 3001, 3003, 1028}
05-22 13:38:16.721 I/ActivityManager(  374): START u0 {cmp=com.pekall.emdm.launcher/com.pekall.emdm.ui.SplashActivity} from pid 21518
05-22 13:38:17.228 W/ActivityManager(  374): Activity pause timeout for ActivityRecord{42f23960 u0 com.pekall.emdm.launcher/.Launcher}
05-22 13:38:17.767 W/ActivityManager(  374): Unable to start service Intent { cmp=com.pekall.emdm.launcher/com.pekall.semail.service.AttachmentDownloadService } U=0: not found
05-22 13:38:18.056 I/ActivityManager(  374): Start proc com.qihoo360.mobilesafe:remote for content provider com.qihoo360.mobilesafe/.shield.provider.EmptyProvider: pid=21560 uid=10069 gids={50069, 3003, 1015, 3001, 3002, 1006, 1028}
05-22 13:38:18.244 W/ActivityManager(  374): Unable to start service Intent { cmp=com.pekall.emdm.launcher/com.pekall.semail.service.AttachmentDownloadService } U=0: not found
05-22 13:38:19.830 I/ActivityManager(  374): START u0 {cmp=com.pekall.emdm.launcher/com.pekall.emdm.ui.AdvActivity} from pid 21518
05-22 13:38:24.611 I/ActivityManager(  374): START u0 {cmp=com.pekall.emdm.launcher/com.pekall.emdm.ui.ActiveDeviceAdminActivity} from pid 21518
05-22 13:38:25.642 I/ActivityManager(  374): START u0 {act=android.app.action.ADD_DEVICE_ADMIN cmp=com.android.settings/.DeviceAdminAdd (has extras)} from pid 21518
05-22 13:38:27.213 I/ActivityManager(  374): START u0 {cmp=com.pekall.emdm.launcher/com.pekall.emdm.ui.RegDeviceActivity} from pid 21518
05-22 13:38:51.806 I/ActivityManager(  374): START u0 {flg=0x8000 cmp=com.pekall.emdm.launcher/.Launcher} from pid 21518
05-22 13:38:53.549 W/ActivityManager(  374): Unable to start service Intent { cmp=com.pekall.emdm.launcher/com.pekall.semail.service.AttachmentDownloadService } U=0: not found
05-22 13:38:54.822 W/ActivityManager(  374): Unable to start service Intent { act=pekall.intent.action.DOWNLOAD_APP (has extras) } U=0: not found
05-22 13:39:00.525 W/MountService(  374): getVolumeState(/storage/emulated/0/external_sd): Unknown volume
05-22 13:39:00.525 W/MountService(  374): getVolumeState(/mnt/sdcard-ext): Unknown volume
05-22 13:39:00.525 W/MountService(  374): getVolumeState(/mnt/ext_sdcard): Unknown volume
05-22 13:39:00.525 W/MountService(  374): getVolumeState(/mnt/sdcard2): Unknown volume
05-22 13:39:00.525 W/MountService(  374): getVolumeState(/mnt/emmc): Unknown volume
05-22 13:39:00.525 W/MountService(  374): getVolumeState(/mnt/extSdCard): Unknown volume
05-22 13:39:00.525 W/MountService(  374): getVolumeState(/mnt/sdcard/SD_CARD): Unknown volume
05-22 13:39:00.525 W/MountService(  374): getVolumeState(/mnt/sdcard/extra_sd): Unknown volume
05-22 13:39:00.525 W/MountService(  374): getVolumeState(/mnt/extrasd_bind): Unknown volume
05-22 13:39:00.525 W/MountService(  374): getVolumeState(/mnt/sdcard/ext_sd): Unknown volume
05-22 13:39:00.525 W/MountService(  374): getVolumeState(/storage/extSdCard): Unknown volume
05-22 13:39:00.525 W/MountService(  374): getVolumeState(/storage/sdcard1): Unknown volume
05-22 13:39:00.533 W/MountService(  374): getVolumeState(/mnt/sdcard/external_SD): Unknown volume
05-22 13:39:00.533 W/MountService(  374): getVolumeState(/mnt/sdcard/external_sd): Unknown volume
05-22 13:39:00.877 W/MountService(  374): getVolumeState(/storage/emulated/0/external_sd): Unknown volume
05-22 13:39:00.877 W/MountService(  374): getVolumeState(/mnt/sdcard-ext): Unknown volume
05-22 13:39:00.877 W/MountService(  374): getVolumeState(/mnt/ext_sdcard): Unknown volume
05-22 13:39:00.877 W/MountService(  374): getVolumeState(/mnt/sdcard2): Unknown volume
05-22 13:39:00.877 W/MountService(  374): getVolumeState(/mnt/emmc): Unknown volume
05-22 13:39:00.877 W/MountService(  374): getVolumeState(/mnt/extSdCard): Unknown volume
05-22 13:39:00.885 W/MountService(  374): getVolumeState(/mnt/sdcard/SD_CARD): Unknown volume
05-22 13:39:00.885 W/MountService(  374): getVolumeState(/mnt/sdcard/extra_sd): Unknown volume
05-22 13:39:00.885 W/MountService(  374): getVolumeState(/mnt/extrasd_bind): Unknown volume
05-22 13:39:00.885 W/MountService(  374): getVolumeState(/mnt/sdcard/ext_sd): Unknown volume
05-22 13:39:00.892 W/MountService(  374): getVolumeState(/storage/extSdCard): Unknown volume
05-22 13:39:00.892 W/MountService(  374): getVolumeState(/storage/sdcard1): Unknown volume
05-22 13:39:00.892 W/MountService(  374): getVolumeState(/mnt/sdcard/external_SD): Unknown volume
05-22 13:39:00.892 W/MountService(  374): getVolumeState(/mnt/sdcard/external_sd): Unknown volume
05-22 13:39:06.103 I/ActivityManager(  374): Start proc com.pekall.emdm.launcher:remote for service com.pekall.emdm.launcher/com.baidu.location.f: pid=21652 uid=10066 gids={50066, 1015, 3002, 3001, 3003, 1028}
05-22 13:39:06.424 D/ActivityThread(21652): Loading provider com.pekall.semail.provider;com.pekall.semail.notifier: com.pekall.semail.provider.EmailProvider
05-22 13:39:06.439 D/ActivityThread(21652): Loading provider com.pekall.semail.provider;com.pekall.semail.notifier: com.pekall.semail.provider.EmailProvider
05-22 13:39:08.174 W/ActivityManager(  374): Unable to start service Intent { cmp=com.pekall.emdm.launcher/com.pekall.semail.service.AttachmentDownloadService } U=0: not found
05-22 13:39:18.471 I/PowerManagerService(  374): Going to sleep due to screen timeout...
05-22 13:39:24.377 D/PhoneStatusBar(  448): disable: < expand icons alerts ticker system_info back home RECENT* clock SEARCH* >
05-22 13:39:24.556 D/PhoneStatusBar(  448): disable: < expand icons alerts ticker system_info BACK* HOME* RECENT CLOCK* SEARCH >
05-22 13:39:26.119 W/ActivityManager(  374): Timeout executing service: ServiceRecord{430ea3c8 u0 com.pekall.emdm.launcher/com.baidu.location.f}
05-22 13:39:35.455 E/ActivityManager(  374): ANR in com.pekall.emdm.launcher:remote
05-22 13:39:35.455 E/ActivityManager(  374): Reason: Executing service com.pekall.emdm.launcher/com.baidu.location.f
