05-22 13:52:58.767 D/StorageManageImpl(22964): >>> mime type: text/plain
05-22 13:52:58.767 D/StorageManageImpl(22964): >>> size: 40
05-22 13:52:58.767 D/StorageManageImpl(22964): >>> created date: 1400737978774
05-22 13:52:58.767 D/StorageManageImpl(22964): >>> modified date: 1400737978774
05-22 13:52:58.767 D/StorageManageImpl(22964): >>> server url: 164
05-22 13:52:58.767 D/StorageManageImpl(22964): >>> is visible: false
05-22 13:52:58.767 D/StorageManageImpl(22964): >>> sort: C
05-22 13:52:58.853 W/Parcel  ( 1661): Attempt to read object from Parcel 0x5ef3bdac at offset 200 that is not in the object list
05-22 13:52:58.877 W/Parcel  ( 1661): Attempt to read object from Parcel 0x5ded3dac at offset 200 that is not in the object list
05-22 13:52:58.885 I/TransInfo(22964): TransInfo created, id: 3, class: class com.pekall.emdm.transaction.c.b
05-22 13:52:58.885 D/NetworkThread(22964): [null:-1]->----isRunning-----true
05-22 13:52:58.885 D/NetworkThread(22964): [null:-1]->----isRunning-----true
05-22 13:52:58.885 D/NetworkThread(22964): [null:-1]->thread wakeup
05-22 13:52:58.892 D/NetworkThread(22964): [null:-1]->sendHttpPost:PostRequest, url: http://192.168.10.21/rest/mdm/v1/ios/android_server, Params: [content:<?xml version="1.0" encoding="UTF-8"?>
05-22 13:52:58.892 D/NetworkThread(22964): <!DOCTYPE plist PUBLIC "-//Apple//DTD PLIST 1.0//EN" "http://www.apple.com/DTDs/PropertyList-1.0.dtd">
05-22 13:52:58.892 D/NetworkThread(22964): <plist version="1.0">
05-22 13:52:58.892 D/NetworkThread(22964): <dict>
05-22 13:52:58.892 D/NetworkThread(22964): 	<key>CommandUUID</key>
05-22 13:52:58.892 D/NetworkThread(22964): 	<string>56aa6eb8-b791-4c8b-a28b-b33ca09a407c</string>
05-22 13:52:58.892 D/NetworkThread(22964): 	<key>Status</key>
05-22 13:52:58.892 D/NetworkThread(22964): 	<string>Acknowledged</string>
05-22 13:52:58.892 D/NetworkThread(22964): 	<key>UDID</key>
05-22 13:52:58.892 D/NetworkThread(22964): 	<string>00013fbc8ecec5b900000146227d1f99</string>
05-22 13:52:58.892 D/NetworkThread(22964): </dict>
05-22 13:52:58.892 D/NetworkThread(22964): </plist>], 
05-22 13:52:58.892 D/HttpClient(22964): enable apache.http debug
05-22 13:52:58.900 V/DEBUG   (22964): HTTP 0
05-22 13:52:58.947 V/CounterTextView(22964): onReceive
05-22 13:52:58.947 D/        (22964): [---null: -1---]   msg  xxd1
05-22 13:52:58.947 V/CounterTextView(22964): onReceive
05-22 13:52:58.955 D/        (22964): [---null: -1---]   msg  xxd1
05-22 13:52:58.955 V/CounterTextView(22964): onReceive
05-22 13:52:58.955 D/        (22964): [---null: -1---]   msg  xxd1
05-22 13:52:58.963 V/CounterTextView(22964): onReceive
05-22 13:52:58.963 D/        (22964): [---null: -1---]   msg  xxd1
05-22 13:52:58.971 D/        (22964): [---null: -1---]  1111222  mLongAxisStartPadding110
05-22 13:52:58.978 D/        (22964): [---null: -1---]  11112223  heightSpecSize1094
05-22 13:52:58.978 D/        (22964): [---null: -1---]  11112223  mLongAxisStartPadding110
05-22 13:52:58.978 D/        (22964): [---null: -1---]  11112223  mLongAxisEndPadding110
05-22 13:52:58.978 D/        (22964): [---null: -1---]  11112223  mRows4
05-22 13:52:58.978 D/        (22964): [---null: -1---]  1111222  mLongAxisStartPadding110
05-22 13:52:58.978 D/        (22964): [---null: -1---]  11112223  heightSpecSize1094
05-22 13:52:58.978 D/        (22964): [---null: -1---]  11112223  mLongAxisStartPadding110
05-22 13:52:58.978 D/        (22964): [---null: -1---]  11112223  mLongAxisEndPadding110
05-22 13:52:58.986 D/        (22964): [---null: -1---]  11112223  mRows4
05-22 13:52:58.986 V/CounterTextView(22964): draw
05-22 13:52:58.986 V/CounterTextView(22964): count = 1
05-22 13:52:58.986 D/MDM :   (22964): [null:-1]->zzzzz   getWidth() 160
05-22 13:52:58.986 D/MDM :   (22964): [null:-1]->zzzzz   =================mWidthTemp() 160
05-22 13:52:58.994 D/MDM :   (22964): [null:-1]->zzzzz   ------------------mWidthTemp >getWidth()() 
05-22 13:52:58.994 V/CounterTextView(22964): xxxxxxx   136
05-22 13:52:59.424 D/MDM :   (22964): [null:-1]->statusCode : 200
05-22 13:52:59.424 D/MDM :   (22964): [null:-1]->statusCode : 200
05-22 13:52:59.424 V/DEBUG   (22964): HTTP 1
05-22 13:52:59.431 D/MDM :   (22964): [null:-1]->read network input stream
05-22 13:52:59.431 D/MDM :   (22964): [null:-1]->Get joson string: <?xml version="1.0" encoding="UTF-8"?>
05-22 13:52:59.431 D/MDM :   (22964): <!DOCTYPE plist PUBLIC "-//Apple//DTD PLIST 1.0//EN" "http://www.apple.com/DTDs/PropertyList-1.0.dtd">
05-22 13:52:59.431 D/MDM :   (22964): <plist version="1.0">
05-22 13:52:59.431 D/MDM :   (22964): <dict>
05-22 13:52:59.431 D/MDM :   (22964): 	<key>CommandUUID</key>
05-22 13:52:59.431 D/MDM :   (22964): 	<string>e429c549-e1b6-4d58-945c-679270507ba0</string>
05-22 13:52:59.431 D/MDM :   (22964): 	<key>Command</key>
05-22 13:52:59.431 D/MDM :   (22964): 	<dict>
05-22 13:52:59.431 D/MDM :   (22964): 		<key>RequestType</key>
05-22 13:52:59.431 D/MDM :   (22964): 		<string>Location</string>
05-22 13:52:59.431 D/MDM :   (22964): 	</dict>
05-22 13:52:59.431 D/MDM :   (22964): </dict>
05-22 13:52:59.431 D/MDM :   (22964): </plist>
05-22 13:52:59.439 D/MdmDatabaseHelper(22964): [null:-1]->update command 56aa6eb8-b791-4c8b-a28b-b33ca09a407c to status executed
05-22 13:52:59.463 D/CheckInTransInfo(22964): [null:-1]->CommandMsg : CommandMsg{CommandUUID='e429c549-e1b6-4d58-945c-679270507ba0', Command=CommandObject{RequestType='Location'}}
05-22 13:52:59.494 D/NetworkThread(22964): [null:-1]->clear mCurrentTransInfo
05-22 13:52:59.494 D/NetworkThread(22964): [null:-1]->queue is empty, thread wait...
05-22 13:52:59.588 D/MdmService(22964): [null:-1]->handleCheckInResult
05-22 13:52:59.588 D/MdmService(22964): [null:-1]->handleCheckInResult result keyIndex: 3
05-22 13:52:59.596 D/CommandManager(22964): [null:-1]->execute command: CommandMsg{CommandUUID='e429c549-e1b6-4d58-945c-679270507ba0', Command=CommandObject{RequestType='Location'}}
05-22 13:52:59.596 W/Parcel  ( 1661): Attempt to read object from Parcel 0x5ec3bdac at offset 200 that is not in the object list
05-22 13:52:59.596 D/MdmService(22964): [null:-1]->receiver action :com.pekall.mdm.action.LOCATION
05-22 13:52:59.611 D/dalvikvm(23092): Late-enabling CheckJNI
05-22 13:52:59.611 I/ActivityManager(  374): Start proc com.pekall.emdm.launcher:remote for service com.pekall.emdm.launcher/com.baidu.location.f: pid=23092 uid=10066 gids={50066, 1015, 3002, 3001, 3003, 1028}
05-22 13:52:59.650 V/MyServiceConnection(23092): [SConnection] sandbox service is NOT installed.
05-22 13:52:59.650 V/MyServiceConnection(23092): [SConnection] binding service: pekall.intent.action.SANDBOX_SERVICE
05-22 13:52:59.658 D/ScClassLoader(23092): >> SOURCE FILE: /data/data/com.pekall.emdm.launcher/app_jars/sc-jdk15on-1.47.0.2.dex.jar
05-22 13:52:59.697 W/Parcel  ( 1661): Attempt to read object from Parcel 0x6003bdac at offset 200 that is not in the object list
05-22 13:52:59.697 W/Parcel  ( 1661): Attempt to read object from Parcel 0x6013bdac at offset 200 that is not in the object list
05-22 13:52:59.697 D/Email   (23092): Email: init sandbox at the beginning.
05-22 13:52:59.697 V/MyServiceConnection(23092): [SConnection] retry to bind service
05-22 13:52:59.697 V/MyServiceConnection(23092): [SConnection] sandbox service is NOT installed.
05-22 13:52:59.697 V/MyServiceConnection(23092): [SConnection] binding service: pekall.intent.action.SANDBOX_SERVICE
05-22 13:52:59.705 D/dalvikvm(23092): GC_CONCURRENT freed 98K, 2% free 9307K/9444K, paused 3ms+3ms, total 33ms
05-22 13:52:59.713 V/MyServiceConnection(23092): [SConnection] retry to bind service
05-22 13:52:59.721 V/MyServiceConnection(23092): [SConnection] sandbox service is NOT installed.
05-22 13:52:59.721 V/MyServiceConnection(23092): [SConnection] binding service: pekall.intent.action.SANDBOX_SERVICE
05-22 13:52:59.728 V/l       (23092): Bind requested for task setLogging
05-22 13:52:59.783 D/dalvikvm(23092): GC_CONCURRENT freed 266K, 4% free 9554K/9860K, paused 3ms+5ms, total 27ms
05-22 13:52:59.783 D/dalvikvm(23092): WAIT_FOR_CONCURRENT_GC blocked 3ms
05-22 13:52:59.822 D/ExchangeService(22964): !!! EAS ExchangeService, onCreate
05-22 13:52:59.822 D/ActivityThread(23092): Loading provider com.pekall.semail.provider;com.pekall.semail.notifier: com.pekall.semail.provider.EmailProvider
05-22 13:52:59.885 W/Parcel  ( 1661): Attempt to read object from Parcel 0x5dfd3dac at offset 200 that is not in the object list
05-22 13:52:59.885 D/ExchangeService(22964): !!! EAS ExchangeService, onStartCommand, startingUp = false, running = false
05-22 13:52:59.885 D/ExchangeService(22964): to start secureStorageService now
05-22 13:52:59.916 W/DocumentManager(23092): Sandbox service is not connected.
05-22 13:52:59.916 D/MessageControllerImpl(23092): controller is null
05-22 13:52:59.916 V/MyServiceConnection(23092): [SConnection] retry to bind service
05-22 13:52:59.916 V/MyServiceConnection(23092): [SConnection] sandbox service is NOT installed.
05-22 13:52:59.916 V/MyServiceConnection(23092): [SConnection] binding service: pekall.intent.action.SANDBOX_SERVICE
05-22 13:52:59.924 W/SQLiteOpenHelper(23092): Opened /data/data/com.pekall.emdm.launcher/databases/message.db
05-22 13:52:59.924 W/dalvikvm(23092): No implementation found for native Lcom/pekall/sandbox/database/sqlite/SQLiteDatabase;.native_setSqliteSoftHeapLimit:(I)V
05-22 13:52:59.924 D/AndroidRuntime(23092): Shutting down VM
05-22 13:52:59.924 W/dalvikvm(23092): threadid=1: thread exiting with uncaught exception (group=0x419c8700)
05-22 13:52:59.924 D/        (23092): [---null: -1---]  Thread is main
05-22 13:52:59.924 W/System.err(23092): java.lang.UnsatisfiedLinkError: Native method not found: com.pekall.sandbox.database.sqlite.SQLiteDatabase.native_setSqliteSoftHeapLimit:(I)V
05-22 13:52:59.924 W/System.err(23092): 	at com.pekall.sandbox.database.sqlite.SQLiteDatabase.native_setSqliteSoftHeapLimit(Native Method)
05-22 13:52:59.924 W/System.err(23092): 	at com.pekall.sandbox.database.sqlite.SQLiteDatabase.<init>(Unknown Source)
05-22 13:52:59.924 W/System.err(23092): 	at com.pekall.sandbox.database.sqlite.SQLiteDatabase.openDatabase(Unknown Source)
05-22 13:52:59.924 W/System.err(23092): 	at com.pekall.sandbox.database.sqlite.SQLiteDatabase.openDatabase(Unknown Source)
05-22 13:52:59.924 W/System.err(23092): 	at com.pekall.sandbox.database.sqlite.SQLiteDatabase.openDatabase(Unknown Source)
05-22 13:52:59.931 W/System.err(23092): 	at com.pekall.sandbox.database.sqlite.SQLiteOpenHelper.getWritableDatabase(Unknown Source)
05-22 13:52:59.931 W/System.err(23092): 	at com.pekall.emdm.messagecenter.db.a.a(Unknown Source)
05-22 13:52:59.931 W/System.err(23092): 	at com.pekall.emdm.messagecenter.db.a.b(Unknown Source)
05-22 13:52:59.931 W/System.err(23092): 	at com.pekall.emdm.messagecenter.activity.a.onCreate(Unknown Source)
05-22 13:52:59.931 W/System.err(23092): 	at com.pekall.emdm.launcher.LauncherApplication.onCreate(Unknown Source)
05-22 13:52:59.931 W/System.err(23092): 	at android.app.Instrumentation.callApplicationOnCreate(Instrumentation.java:1007)
05-22 13:52:59.931 W/System.err(23092): 	at android.app.ActivityThread.handleBindApplication(ActivityThread.java:4444)
05-22 13:52:59.931 W/System.err(23092): 	at android.app.ActivityThread.access$1300(ActivityThread.java:141)
05-22 13:52:59.931 W/System.err(23092): 	at android.app.ActivityThread$H.handleMessage(ActivityThread.java:1316)
05-22 13:52:59.931 W/System.err(23092): 	at android.os.Handler.dispatchMessage(Handler.java:99)
05-22 13:52:59.931 W/System.err(23092): 	at android.os.Looper.loop(Looper.java:137)
05-22 13:52:59.931 W/System.err(23092): 	at android.app.ActivityThread.main(ActivityThread.java:5103)
05-22 13:52:59.931 W/System.err(23092): 	at java.lang.reflect.Method.invokeNative(Native Method)
05-22 13:52:59.931 W/System.err(23092): 	at java.lang.reflect.Method.invoke(Method.java:525)
05-22 13:52:59.931 W/System.err(23092): 	at com.android.internal.os.ZygoteInit$MethodAndArgsCaller.run(ZygoteInit.java:737)
05-22 13:52:59.931 W/System.err(23092): 	at com.android.internal.os.ZygoteInit.main(ZygoteInit.java:553)
05-22 13:52:59.931 W/System.err(23092): 	at dalvik.system.NativeStart.main(Native Method)
05-22 13:52:59.963 D/ActivityThread(23092): Loading provider com.pekall.semail.provider;com.pekall.semail.notifier: com.pekall.semail.provider.EmailProvider
05-22 13:52:59.994 V/a       (22964): Bind requested for task test
05-22 13:53:00.033 V/a       (22964): Connected: com.pekall.semail.service.AccountServiceInternal
05-22 13:53:00.041 D/ExchangeService(22964): Reconciling accounts...
05-22 13:53:00.056 V/a       (22964): Connection test succeeded in 65ms
05-22 13:53:00.056 V/a       (22964): Task test completed; disconnecting
05-22 13:53:00.431 D/dalvikvm(23092): GC_CONCURRENT freed 456K, 5% free 9485K/9984K, paused 4ms+3ms, total 52ms
05-22 13:53:00.697 W/Parcel  ( 1661): Attempt to read object from Parcel 0x5ef3bdac at offset 200 that is not in the object list
05-22 13:53:00.783 V/a       (22964): Bind requested for task reconcileAccounts
05-22 13:53:01.135 V/a       (22964): Waiting for task reconcileAccounts to complete...
05-22 13:53:01.135 V/a       (22964): Connected: com.pekall.semail.service.AccountServiceInternal
05-22 13:53:01.205 V/a       (22964): Task reconcileAccounts completed; disconnecting
05-22 13:53:01.205 V/a       (22964): Wait for reconcileAccounts finished in 119ms
05-22 13:53:02.033 W/MountService(  374): getVolumeState(/storage/emulated/0/external_sd): Unknown volume
05-22 13:53:02.322 D/ExchangeService(22964): !!! EAS ExchangeService, stopping self
05-22 13:53:02.439 W/MountService(  374): getVolumeState(/mnt/sdcard-ext): Unknown volume
05-22 13:53:02.478 W/MountService(  374): getVolumeState(/mnt/ext_sdcard): Unknown volume
05-22 13:53:02.494 W/MountService(  374): getVolumeState(/mnt/sdcard2): Unknown volume
05-22 13:53:02.525 D/dalvikvm( 1468): GC_CONCURRENT freed 519K, 20% free 10012K/12512K, paused 157ms+372ms, total 1459ms
05-22 13:53:02.533 D/dalvikvm( 1468): WAIT_FOR_CONCURRENT_GC blocked 533ms
05-22 13:53:02.580 W/MountService(  374): getVolumeState(/mnt/emmc): Unknown volume
05-22 13:53:02.674 W/MountService(  374): getVolumeState(/mnt/extSdCard): Unknown volume
05-22 13:53:02.689 W/MountService(  374): getVolumeState(/mnt/sdcard/SD_CARD): Unknown volume
05-22 13:53:02.752 W/MountService(  374): getVolumeState(/mnt/sdcard/extra_sd): Unknown volume
05-22 13:53:02.752 W/MountService(  374): getVolumeState(/mnt/extrasd_bind): Unknown volume
05-22 13:53:02.767 W/MountService(  374): getVolumeState(/mnt/sdcard/ext_sd): Unknown volume
05-22 13:53:02.783 W/MountService(  374): getVolumeState(/storage/extSdCard): Unknown volume
05-22 13:53:02.791 W/MountService(  374): getVolumeState(/storage/sdcard1): Unknown volume
05-22 13:53:02.830 W/MountService(  374): getVolumeState(/mnt/sdcard/external_SD): Unknown volume
05-22 13:53:02.853 W/MountService(  374): getVolumeState(/mnt/sdcard/external_sd): Unknown volume
05-22 13:53:05.072 W/EmailProvider(23092): restoreIfNeeded...
05-22 13:53:05.541 D/EmailProvider(23092): restoreAccounts...
05-22 13:53:06.892 D/LightsService(  374): Excessive delay setting light: 54ms
05-22 13:53:06.892 D/dalvikvm( 1468): GC_CONCURRENT freed 506K, 20% free 10018K/12512K, paused 43ms+708ms, total 1826ms
05-22 13:53:06.900 D/dalvikvm( 1468): WAIT_FOR_CONCURRENT_GC blocked 1244ms
05-22 13:53:06.924 D/dalvikvm( 1468): WAIT_FOR_CONCURRENT_GC blocked 1202ms
05-22 13:53:06.978 D/dalvikvm( 1468): WAIT_FOR_CONCURRENT_GC blocked 1257ms
05-22 13:53:07.010 D/dalvikvm( 1468): WAIT_FOR_CONCURRENT_GC blocked 1273ms
05-22 13:53:07.096 W/MountService(  374): getVolumeState(/storage/emulated/0/external_sd): Unknown volume
05-22 13:53:07.150 W/MountService(  374): getVolumeState(/mnt/sdcard-ext): Unknown volume
05-22 13:53:07.150 W/MountService(  374): getVolumeState(/mnt/ext_sdcard): Unknown volume
05-22 13:53:07.150 W/MountService(  374): getVolumeState(/mnt/sdcard2): Unknown volume
05-22 13:53:07.150 W/MountService(  374): getVolumeState(/mnt/emmc): Unknown volume
05-22 13:53:07.158 W/MountService(  374): getVolumeState(/mnt/extSdCard): Unknown volume
05-22 13:53:07.158 W/MountService(  374): getVolumeState(/mnt/sdcard/SD_CARD): Unknown volume
05-22 13:53:07.166 W/MountService(  374): getVolumeState(/mnt/sdcard/extra_sd): Unknown volume
05-22 13:53:07.221 D/LightsService(  374): Excessive delay setting light: 203ms
05-22 13:53:07.221 W/MountService(  374): getVolumeState(/mnt/extrasd_bind): Unknown volume
05-22 13:53:07.221 W/MountService(  374): getVolumeState(/mnt/sdcard/ext_sd): Unknown volume
05-22 13:53:07.221 W/MountService(  374): getVolumeState(/storage/extSdCard): Unknown volume
05-22 13:53:07.221 W/MountService(  374): getVolumeState(/storage/sdcard1): Unknown volume
05-22 13:53:07.228 W/MountService(  374): getVolumeState(/mnt/sdcard/external_SD): Unknown volume
05-22 13:53:07.236 W/MountService(  374): getVolumeState(/mnt/sdcard/external_sd): Unknown volume
05-22 13:53:07.549 D/LightsService(  374): Excessive delay setting light: 327ms
05-22 13:53:08.283 D/dalvikvm( 1468): GC_CONCURRENT freed 456K, 21% free 9978K/12512K, paused 4ms+313ms, total 633ms
05-22 13:53:08.502 D/EmailProvider(23092): No accounts to restore...
05-22 13:53:08.502 D/EmailProvider(23092): Deleting orphans...
05-22 13:53:08.596 D/EmailProvider(23092): EmailProvider pre-caching...
05-22 13:53:08.728 D/EmailProvider(23092): EmailProvider ready.
05-22 13:53:08.814 I/Email   (23092): Notifications being toggled: false
05-22 13:53:08.814 W/ActivityManager(  374): Unable to start service Intent { cmp=com.pekall.emdm.launcher/com.pekall.semail.service.AttachmentDownloadService } U=0: not found
05-22 13:53:12.346 D/dalvikvm( 1661): GC_CONCURRENT freed 1239K, 18% free 13095K/15888K, paused 2ms+3ms, total 84ms
05-22 13:53:12.806 I/PowerManagerService(  374): Going to sleep due to screen timeout...
05-22 13:53:13.767 D/dalvikvm(  374): GC_FOR_ALLOC freed 1689K, 25% free 23048K/30504K, paused 125ms, total 133ms
05-22 13:53:13.767 D/LauncherApplication(22964): [null:-1]->onActivityPaused
05-22 13:53:13.791 D/LauncherApplication(22964): [null:-1]->onActivityPaused  updateTime
05-22 13:53:13.822 D/SurfaceFlinger(  124): Screen released, type=0 flinger=0x40e95478
05-22 13:53:13.853 W/Parcel  ( 1661): Attempt to read object from Parcel 0x6013bdac at offset 200 that is not in the object list
05-22 13:53:13.908 D/SurfaceControl(  374): Excessive delay in blankDisplay() while turning screen off: 130ms
05-22 13:53:13.908 D/NfcService(  568): NFC-C OFF, disconnect
05-22 13:53:13.939 D/PowerManagerService-JNI(  374): Excessive delay in setInteractive(false) while turning screen off: 31ms
05-22 13:53:14.213 V/WiseDownloadConditionControler(20342): checkCondition  type : TODAY_LAUNCHED_USER  inerrupting: false
05-22 13:53:14.260 W/Parcel  ( 1661): Attempt to read object from Parcel 0x6003bdac at offset 200 that is not in the object list
05-22 13:53:14.283 V/MDM :   (22964): [null:-1]->Screen receiver is called.
05-22 13:53:14.283 W/Parcel  ( 1661): Attempt to read object from Parcel 0x6013bdac at offset 200 that is not in the object list
05-22 13:53:18.806 V/KeyguardHostView(  374): hide transport, gen:2
05-22 13:53:18.806 V/KeyguardHostView(  374): music state changed: 0
05-22 13:53:18.846 D/PhoneStatusBar(  448): disable: < expand icons alerts ticker system_info back home RECENT* clock SEARCH* >
05-22 13:53:18.892 V/TAG     (  374): bug 7643792: fitSystemWindows([0,50][0,0])
05-22 13:53:19.017 D/PhoneStatusBar(  448): disable: < expand icons alerts ticker system_info BACK* HOME* RECENT CLOCK* SEARCH >
05-22 13:53:19.025 W/IInputConnectionWrapper(  374): showStatusIcon on inactive InputConnection
05-22 13:53:19.627 W/ActivityManager(  374): Timeout executing service: ServiceRecord{42f9c6a8 u0 com.pekall.emdm.launcher/com.baidu.location.f}
05-22 13:53:19.666 I/Process (  374): Sending signal. PID: 23092 SIG: 3
05-22 13:53:19.666 I/dalvikvm(23092): threadid=3: reacting to signal 3
05-22 13:53:19.869 I/Process (  374): Sending signal. PID: 374 SIG: 3
05-22 13:53:19.869 I/dalvikvm(  374): threadid=3: reacting to signal 3
05-22 13:53:19.916 D/dalvikvm(23092): JIT unchain all for threadid=11
05-22 13:53:19.986 I/dalvikvm(23092): Wrote stack traces to '/data/anr/traces.txt'
05-22 13:53:22.908 I/dalvikvm(  374): Wrote stack traces to '/data/anr/traces.txt'
05-22 13:53:22.924 I/Process (  374): Sending signal. PID: 448 SIG: 3
05-22 13:53:22.924 I/dalvikvm(  448): threadid=3: reacting to signal 3
05-22 13:53:22.931 I/Choreographer(  374): Skipped 179 frames!  The application may be doing too much work on its main thread.
05-22 13:53:22.931 I/Process (  374): Sending signal. PID: 561 SIG: 3
05-22 13:53:22.931 I/dalvikvm(  561): threadid=3: reacting to signal 3
05-22 13:53:23.033 I/dalvikvm(  561): Wrote stack traces to '/data/anr/traces.txt'
05-22 13:53:23.033 I/Process (  374): Sending signal. PID: 568 SIG: 3
05-22 13:53:23.033 I/dalvikvm(  568): threadid=3: reacting to signal 3
05-22 13:53:23.103 I/dalvikvm(  568): Wrote stack traces to '/data/anr/traces.txt'
05-22 13:53:23.955 D/dalvikvm(  374): GC_CONCURRENT freed 1939K, 20% free 24648K/30504K, paused 15ms+28ms, total 306ms
05-22 13:53:23.955 D/dalvikvm(  374): WAIT_FOR_CONCURRENT_GC blocked 262ms
05-22 13:53:23.963 D/dalvikvm(  374): WAIT_FOR_CONCURRENT_GC blocked 263ms
05-22 13:53:24.002 I/dalvikvm(  448): Wrote stack traces to '/data/anr/traces.txt'
05-22 13:53:24.064 D/dalvikvm(  374): WAIT_FOR_CONCURRENT_GC blocked 8ms
05-22 13:53:24.181 D/dalvikvm(  374): GC_EXPLICIT freed 370K, 20% free 24576K/30504K, paused 5ms+12ms, total 121ms
05-22 13:53:24.783 I/Process (  374): Sending signal. PID: 22964 SIG: 3
05-22 13:53:24.783 I/dalvikvm(22964): threadid=3: reacting to signal 3
05-22 13:53:25.025 E/ActivityManager(  374): ANR in com.pekall.emdm.launcher:remote
05-22 13:53:25.025 E/ActivityManager(  374): Reason: Executing service com.pekall.emdm.launcher/com.baidu.location.f
05-22 13:53:25.025 E/ActivityManager(  374): Load: 3.3 / 2.54 / 2.13
05-22 13:53:25.025 E/ActivityManager(  374): CPU usage from 0ms to 5354ms later:
05-22 13:53:25.025 E/ActivityManager(  374):   78% 23092/com.pekall.emdm.launcher:remote: 78% user + 0.3% kernel / faults: 103 minor
05-22 13:53:25.025 E/ActivityManager(  374):   73% 22964/com.pekall.emdm.launcher: 73% user + 0.1% kernel / faults: 1 minor
05-22 13:53:25.025 E/ActivityManager(  374):   35% 374/system_server: 28% user + 6.5% kernel / faults: 777 minor
05-22 13:53:25.025 E/ActivityManager(  374):   9.7% 448/com.android.systemui: 8.4% user + 1.3% kernel / faults: 83 minor
05-22 13:53:25.025 E/ActivityManager(  374):   0.5% 561/com.android.phone: 0.4% user + 0% kernel / faults: 89 minor
05-22 13:53:25.025 E/ActivityManager(  374):   0.5% 568/com.android.nfc: 0.1% user + 0.3% kernel / faults: 77 minor
05-22 13:53:25.025 E/ActivityManager(  374):   0.1% 135/adbd: 0% user + 0.1% kernel
05-22 13:53:25.025 E/ActivityManager(  374):   0.1% 20874/com.qihoo.appstore: 0% user + 0.1% kernel / faults: 1 minor
05-22 13:53:25.025 E/ActivityManager(  374):   0.1% 21248/com.nd.assistance.ServerService: 0.1% user + 0% kernel
05-22 13:53:25.025 E/ActivityManager(  374): 100% TOTAL: 94% user + 5.1% kernel
05-22 13:53:25.025 E/ActivityManager(  374): CPU usage from 4552ms to 5093ms later:
05-22 13:53:25.025 E/ActivityManager(  374):   100% 23092/com.pekall.emdm.launcher:remote: 100% user + 0% kernel
05-22 13:53:25.025 E/ActivityManager(  374):     100% 23105/Thread-5358: 100% user + 0% kernel
05-22 13:53:25.025 E/ActivityManager(  374):   92% 22964/com.pekall.emdm.launcher: 92% user + 0% kernel
05-22 13:53:25.025 E/ActivityManager(  374):     92% 22977/Thread-5352: 92% user + 0% kernel
05-22 13:53:25.025 E/ActivityManager(  374):   7.2% 374/system_server: 1.8% user + 5.4% kernel
05-22 13:53:25.025 E/ActivityManager(  374):     7.2% 390/ActivityManager: 1.8% user + 5.4% kernel
05-22 13:53:25.025 E/ActivityManager(  374): 100% TOTAL: 96% user + 3.7% kernel
05-22 13:53:25.033 D/dalvikvm(22964): JIT unchain all for threadid=11
05-22 13:53:25.033 W/ActivityManager(  374): Killing ProcessRecord{42c8cee8 23092:com.pekall.emdm.launcher:remote/u0a10066}: background ANR
05-22 13:53:25.033 W/BroadcastQueue(  374): Timeout of broadcast BroadcastRecord{4318e120 u-1 android.intent.action.SCREEN_OFF} - receiver=android.os.BinderProxy@42d30e78, started 10743ms ago
05-22 13:53:25.033 W/BroadcastQueue(  374): Receiver during timeout: BroadcastFilter{42908ed0 u0 ReceiverList{4292e9b8 23092 com.pekall.emdm.launcher:remote/10066/u0 remote:42d30e78}}
05-22 13:53:25.033 I/ActivityManager(  374): Skipping duplicate ANR: ProcessRecord{42c8cee8 23092:com.pekall.emdm.launcher:remote/u0a10066} Broadcast of Intent { act=android.intent.action.SCREEN_OFF flg=0x50000010 }
05-22 13:53:25.056 I/ActivityManager(  374): Process com.pekall.emdm.launcher:remote (pid 23092) has died.
05-22 13:53:25.064 W/ActivityManager(  374): Scheduling restart of crashed service com.pekall.emdm.launcher/com.baidu.location.f in 5000ms
05-22 13:53:25.158 D/ExchangeService(22964): !!! EAS ExchangeService, onDestroy
05-22 13:53:25.158 I/dalvikvm(22964): Wrote stack traces to '/data/anr/traces.txt'
05-22 13:53:30.080 D/dalvikvm(23135): Late-enabling CheckJNI
05-22 13:53:30.096 I/ActivityManager(  374): Start proc com.pekall.emdm.launcher:remote for service com.pekall.emdm.launcher/com.baidu.location.f: pid=23135 uid=10066 gids={50066, 1015, 3002, 3001, 3003, 1028}
05-22 13:53:30.135 V/MyServiceConnection(23135): [SConnection] sandbox service is NOT installed.
05-22 13:53:30.142 V/MyServiceConnection(23135): [SConnection] binding service: pekall.intent.action.SANDBOX_SERVICE
05-22 13:53:30.142 D/ScClassLoader(23135): >> SOURCE FILE: /data/data/com.pekall.emdm.launcher/app_jars/sc-jdk15on-1.47.0.2.dex.jar
05-22 13:53:30.197 W/Parcel  ( 1661): Attempt to read object from Parcel 0x6003bdac at offset 200 that is not in the object list
05-22 13:53:30.197 W/Parcel  ( 1661): Attempt to read object from Parcel 0x6013bdac at offset 200 that is not in the object list
05-22 13:53:30.197 D/Email   (23135): Email: init sandbox at the beginning.
05-22 13:53:30.205 V/MyServiceConnection(23135): [SConnection] retry to bind service
05-22 13:53:30.205 V/MyServiceConnection(23135): [SConnection] sandbox service is NOT installed.
05-22 13:53:30.205 V/MyServiceConnection(23135): [SConnection] binding service: pekall.intent.action.SANDBOX_SERVICE
05-22 13:53:30.228 D/dalvikvm(23135): GC_CONCURRENT freed 111K, 2% free 9322K/9472K, paused 4ms+3ms, total 54ms
05-22 13:53:30.228 D/dalvikvm(23135): WAIT_FOR_CONCURRENT_GC blocked 6ms
05-22 13:53:30.228 D/dalvikvm(23135): WAIT_FOR_CONCURRENT_GC blocked 7ms
05-22 13:53:30.244 V/MyServiceConnection(23135): [SConnection] retry to bind service
05-22 13:53:30.244 V/MyServiceConnection(23135): [SConnection] sandbox service is NOT installed.
05-22 13:53:30.244 V/MyServiceConnection(23135): [SConnection] binding service: pekall.intent.action.SANDBOX_SERVICE
05-22 13:53:30.291 V/l       (23135): Bind requested for task setLogging
05-22 13:53:30.291 D/ExchangeService(22964): !!! EAS ExchangeService, onCreate
05-22 13:53:30.314 W/Parcel  ( 1661): Attempt to read object from Parcel 0x5dfd3dac at offset 200 that is not in the object list
05-22 13:53:30.314 D/ExchangeService(22964): !!! EAS ExchangeService, onStartCommand, startingUp = false, running = false
05-22 13:53:30.314 D/ExchangeService(22964): to start secureStorageService now
05-22 13:53:30.338 V/a       (22964): Bind requested for task test
05-22 13:53:30.361 D/ExchangeService(22964): Reconciling accounts...
05-22 13:53:30.361 V/a       (22964): Connected: com.pekall.semail.service.AccountServiceInternal
05-22 13:53:30.377 V/a       (22964): Connection test succeeded in 35ms
05-22 13:53:30.377 V/a       (22964): Task test completed; disconnecting
05-22 13:53:30.392 D/dalvikvm(23135): GC_CONCURRENT freed 248K, 3% free 9584K/9872K, paused 13ms+12ms, total 51ms
05-22 13:53:30.392 V/a       (22964): Bind requested for task reconcileAccounts
05-22 13:53:30.392 V/a       (22964): Waiting for task reconcileAccounts to complete...
05-22 13:53:30.400 W/DocumentManager(23135): Sandbox service is not connected.
05-22 13:53:30.400 D/MessageControllerImpl(23135): controller is null
05-22 13:53:30.400 V/MyServiceConnection(23135): [SConnection] retry to bind service
05-22 13:53:30.400 V/a       (22964): Connected: com.pekall.semail.service.AccountServiceInternal
05-22 13:53:30.408 V/MyServiceConnection(23135): [SConnection] sandbox service is NOT installed.
05-22 13:53:30.408 V/MyServiceConnection(23135): [SConnection] binding service: pekall.intent.action.SANDBOX_SERVICE
05-22 13:53:30.408 W/SQLiteOpenHelper(23135): Opened /data/data/com.pekall.emdm.launcher/databases/message.db
05-22 13:53:30.416 W/dalvikvm(23135): No implementation found for native Lcom/pekall/sandbox/database/sqlite/SQLiteDatabase;.native_setSqliteSoftHeapLimit:(I)V
05-22 13:53:30.416 D/AndroidRuntime(23135): Shutting down VM
05-22 13:53:30.416 W/dalvikvm(23135): threadid=1: thread exiting with uncaught exception (group=0x419c8700)
05-22 13:53:30.416 D/        (23135): [---null: -1---]  Thread is main
05-22 13:53:30.416 W/System.err(23135): java.lang.UnsatisfiedLinkError: Native method not found: com.pekall.sandbox.database.sqlite.SQLiteDatabase.native_setSqliteSoftHeapLimit:(I)V
05-22 13:53:30.416 W/System.err(23135): 	at com.pekall.sandbox.database.sqlite.SQLiteDatabase.native_setSqliteSoftHeapLimit(Native Method)
05-22 13:53:30.424 W/System.err(23135): 	at com.pekall.sandbox.database.sqlite.SQLiteDatabase.<init>(Unknown Source)
05-22 13:53:30.424 W/System.err(23135): 	at com.pekall.sandbox.database.sqlite.SQLiteDatabase.openDatabase(Unknown Source)
05-22 13:53:30.424 W/System.err(23135): 	at com.pekall.sandbox.database.sqlite.SQLiteDatabase.openDatabase(Unknown Source)
05-22 13:53:30.424 W/System.err(23135): 	at com.pekall.sandbox.database.sqlite.SQLiteDatabase.openDatabase(Unknown Source)
05-22 13:53:30.424 W/System.err(23135): 	at com.pekall.sandbox.database.sqlite.SQLiteOpenHelper.getWritableDatabase(Unknown Source)
05-22 13:53:30.424 W/System.err(23135): 	at com.pekall.emdm.messagecenter.db.a.a(Unknown Source)
05-22 13:53:30.424 W/System.err(23135): 	at com.pekall.emdm.messagecenter.db.a.b(Unknown Source)
05-22 13:53:30.424 W/System.err(23135): 	at com.pekall.emdm.messagecenter.activity.a.onCreate(Unknown Source)
05-22 13:53:30.424 W/System.err(23135): 	at com.pekall.emdm.launcher.LauncherApplication.onCreate(Unknown Source)
05-22 13:53:30.424 W/System.err(23135): 	at android.app.Instrumentation.callApplicationOnCreate(Instrumentation.java:1007)
05-22 13:53:30.424 W/System.err(23135): 	at android.app.ActivityThread.handleBindApplication(ActivityThread.java:4444)
05-22 13:53:30.424 W/System.err(23135): 	at android.app.ActivityThread.access$1300(ActivityThread.java:141)
05-22 13:53:30.424 W/System.err(23135): 	at android.app.ActivityThread$H.handleMessage(ActivityThread.java:1316)
05-22 13:53:30.424 W/System.err(23135): 	at android.os.Handler.dispatchMessage(Handler.java:99)
05-22 13:53:30.424 W/System.err(23135): 	at android.os.Looper.loop(Looper.java:137)
05-22 13:53:30.424 W/System.err(23135): 	at android.app.ActivityThread.main(ActivityThread.java:5103)
05-22 13:53:30.424 W/System.err(23135): 	at java.lang.reflect.Method.invokeNative(Native Method)
05-22 13:53:30.424 W/System.err(23135): 	at java.lang.reflect.Method.invoke(Method.java:525)
05-22 13:53:30.424 W/System.err(23135): 	at com.android.internal.os.ZygoteInit$MethodAndArgsCaller.run(ZygoteInit.java:737)
05-22 13:53:30.424 W/System.err(23135): 	at com.android.internal.os.ZygoteInit.main(ZygoteInit.java:553)
05-22 13:53:30.431 W/System.err(23135): 	at dalvik.system.NativeStart.main(Native Method)
05-22 13:53:30.439 V/a       (22964): Task reconcileAccounts completed; disconnecting
05-22 13:53:30.510 V/a       (22964): Wait for reconcileAccounts finished in 110ms
05-22 13:53:30.533 D/ActivityThread(23135): Loading provider com.pekall.semail.provider;com.pekall.semail.notifier: com.pekall.semail.provider.EmailProvider
05-22 13:53:30.767 D/ActivityThread(23135): Loading provider com.pekall.semail.provider;com.pekall.semail.notifier: com.pekall.semail.provider.EmailProvider
05-22 13:53:30.838 D/ExchangeService(22964): !!! EAS ExchangeService, stopping self
05-22 13:53:30.892 D/dalvikvm(23135): GC_CONCURRENT freed 475K, 6% free 9495K/10012K, paused 15ms+15ms, total 56ms
05-22 13:53:31.346 W/EmailProvider(23135): restoreIfNeeded...
05-22 13:53:31.369 D/EmailProvider(23135): restoreAccounts...
05-22 13:53:31.791 D/EmailProvider(23135): No accounts to restore...
05-22 13:53:31.791 D/EmailProvider(23135): Deleting orphans...
05-22 13:53:31.830 D/EmailProvider(23135): EmailProvider pre-caching...
05-22 13:53:32.103 D/EmailProvider(23135): EmailProvider ready.
05-22 13:53:32.197 D/MDM :   (22964): [null:-1]->Location timeout, set latitude and longitude -1
05-22 13:53:32.424 D/CommandManager(22964): [null:-1]->requestType: Location
05-22 13:53:32.767 D/MdmDatabaseHelper(22964): [null:-1]->update command e429c549-e1b6-4d58-945c-679270507ba0 to commandStatus <?xml version="1.0" encoding="UTF-8"?>
05-22 13:53:32.767 D/MdmDatabaseHelper(22964): <!DOCTYPE plist PUBLIC "-//Apple//DTD PLIST 1.0//EN" "http://www.apple.com/DTDs/PropertyList-1.0.dtd">
05-22 13:53:32.767 D/MdmDatabaseHelper(22964): <plist version="1.0">
05-22 13:53:32.767 D/MdmDatabaseHelper(22964): <dict>
05-22 13:53:32.767 D/MdmDatabaseHelper(22964): 	<key>Latitude</key>
05-22 13:53:32.767 D/MdmDatabaseHelper(22964): 	<real>-1.0</real>
05-22 13:53:32.767 D/MdmDatabaseHelper(22964): 	<key>Longitude</key>
05-22 13:53:32.767 D/MdmDatabaseHelper(22964): 	<real>-1.0</real>
05-22 13:53:32.767 D/MdmDatabaseHelper(22964): 	<key>CommandUUID</key>
05-22 13:53:32.767 D/MdmDatabaseHelper(22964): 	<string>e429c549-e1b6-4d58-945c-679270507ba0</string>
05-22 13:53:32.767 D/MdmDatabaseHelper(22964): 	<key>Status</key>
05-22 13:53:32.767 D/MdmDatabaseHelper(22964): 	<string>Error</string>
05-22 13:53:32.767 D/MdmDatabaseHelper(22964): 	<key>UDID</key>
05-22 13:53:32.767 D/MdmDatabaseHelper(22964): 	<string>00013fbc8ecec5b900000146227d1f99</string>
05-22 13:53:32.767 D/MdmDatabaseHelper(22964): </dict>
05-22 13:53:32.767 D/MdmDatabaseHelper(22964): </plist>
05-22 13:53:32.939 W/ActivityManager(  374): Unable to start service Intent { cmp=com.pekall.emdm.launcher/com.pekall.semail.service.AttachmentDownloadService } U=0: not found
05-22 13:53:32.994 I/Email   (23135): Notifications being toggled: false
05-22 13:53:33.189 I/TransInfo(22964): TransInfo created, id: 3, class: class com.pekall.emdm.transaction.c.b
05-22 13:53:33.205 D/NetworkThread(22964): [null:-1]->----isRunning-----true
05-22 13:53:33.205 D/NetworkThread(22964): [null:-1]->----isRunning-----true
05-22 13:53:33.205 D/NetworkThread(22964): [null:-1]->thread wakeup
05-22 13:53:33.205 D/NetworkThread(22964): [null:-1]->sendHttpPost:PostRequest, url: http://192.168.10.21/rest/mdm/v1/ios/android_server, Params: [content:<?xml version="1.0" encoding="UTF-8"?>
05-22 13:53:33.205 D/NetworkThread(22964): <!DOCTYPE plist PUBLIC "-//Apple//DTD PLIST 1.0//EN" "http://www.apple.com/DTDs/PropertyList-1.0.dtd">
05-22 13:53:33.205 D/NetworkThread(22964): <plist version="1.0">
05-22 13:53:33.205 D/NetworkThread(22964): <dict>
05-22 13:53:33.205 D/NetworkThread(22964): 	<key>Latitude</key>
05-22 13:53:33.205 D/NetworkThread(22964): 	<real>-1.0</real>
05-22 13:53:33.205 D/NetworkThread(22964): 	<key>Longitude</key>
05-22 13:53:33.205 D/NetworkThread(22964): 	<real>-1.0</real>
05-22 13:53:33.205 D/NetworkThread(22964): 	<key>CommandUUID</key>
05-22 13:53:33.205 D/NetworkThread(22964): 	<string>e429c549-e1b6-4d58-945c-679270507ba0</string>
05-22 13:53:33.205 D/NetworkThread(22964): 	<key>Status</key>
05-22 13:53:33.205 D/NetworkThread(22964): 	<string>Error</string>
05-22 13:53:33.205 D/NetworkThread(22964): 	<key>UDID</key>
05-22 13:53:33.205 D/NetworkThread(22964): 	<string>00013fbc8ecec5b900000146227d1f99</string>
05-22 13:53:33.205 D/NetworkThread(22964): </dict>
05-22 13:53:33.205 D/NetworkThread(22964): </plist>], 
05-22 13:53:33.205 D/HttpClient(22964): enable apache.http debug
05-22 13:53:33.228 V/DEBUG   (22964): HTTP 0
05-22 13:53:33.463 D/MDM :   (22964): [null:-1]->statusCode : 200
05-22 13:53:33.471 D/MDM :   (22964): [null:-1]->statusCode : 200
05-22 13:53:33.471 V/DEBUG   (22964): HTTP 1
05-22 13:53:33.471 D/MDM :   (22964): [null:-1]->Get joson string: 
05-22 13:53:33.478 D/MdmDatabaseHelper(22964): [null:-1]->update command e429c549-e1b6-4d58-945c-679270507ba0 to status executed
05-22 13:53:33.510 D/NetworkThread(22964): [null:-1]->clear mCurrentTransInfo
05-22 13:53:33.510 D/NetworkThread(22964): [null:-1]->queue is empty, thread wait...
05-22 13:53:33.572 D/MdmService(22964): [null:-1]->handleCheckInResult
05-22 13:53:33.572 D/MdmService(22964): [null:-1]->handleCheckInResult result keyIndex: 3
05-22 13:53:33.580 D/HandleCommandTask(22964): [null:-1]->execute command msg but beanBase is null
05-22 13:53:33.588 D/MdmStatusManager(22964): [null:-1]->change status to : Idle
05-22 13:53:34.283 D/dalvikvm(21248): GC_CONCURRENT freed 405K, 6% free 9152K/9640K, paused 1ms+3ms, total 484ms
05-22 13:53:35.728 D/dalvikvm( 1661): GC_EXPLICIT freed 371K, 18% free 13046K/15888K, paused 3ms+13ms, total 125ms
05-22 13:53:37.924 D/MDM :   (22964): [null:-1]->MSG_WEBSOCKET_MESSAGE : {"id":738352700,"type":0,"command":0,"result":0,"reason":0,"params":{"msgId":"3f782561-663a-4ce2-8d0f-2f8c6a16eed5,3f782561663a4ce28d0f2f8c6a16eed5","device":"00013fbc8ecec5b900000146227d1f99","message":"{\"subject\":\"Push test\",\"content\":\"This is a push message!\"}"}}
05-22 13:53:38.205 D/dalvikvm(22964): JIT unchain all for threadid=11
05-22 13:53:38.213 D/MdmService(22964): [null:-1]->push message type :0
05-22 13:53:38.213 D/MdmService(22964): [null:-1]->cmdMessage : {"subject":"Push test","content":"This is a push message!"}
05-22 13:53:38.244 D/MDM :   (22964): [null:-1]->ContentMessage{subject='Push test', content='This is a push message!'}
05-22 13:53:38.299 W/Parcel  ( 1661): Attempt to read object from Parcel 0x5ded3dac at offset 200 that is not in the object list
05-22 13:53:38.299 D/mdm_log (22964): [null:-1]->action is : com.pekall.mdm.action.SHOWMSG
05-22 13:53:38.580 D/dalvikvm(22964): JIT unchain all for threadid=11
05-22 13:53:38.666 D/dalvikvm(22964): GC_CONCURRENT freed 4668K, 33% free 23841K/35180K, paused 269ms+275ms, total 709ms
05-22 13:53:38.713 W/Parcel  ( 1661): Attempt to read object from Parcel 0x5ec3bdac at offset 200 that is not in the object list
05-22 13:53:38.736 W/Parcel  ( 1661): Attempt to read object from Parcel 0x6003bdac at offset 200 that is not in the object list
05-22 13:53:38.775 V/CounterTextView(22964): onReceive
05-22 13:53:38.775 D/        (22964): [---null: -1---]   msg  xxd1
05-22 13:53:38.791 V/CounterTextView(22964): onReceive
05-22 13:53:38.791 D/        (22964): [---null: -1---]   msg  xxd1
05-22 13:53:38.822 D/PushMessageWidget(22964): [null:-1]->action is : com.pekall.emdm.message.UPDATE_MESSAGE
05-22 13:53:38.822 D/PushMessageWidget(22964): [null:-1]->call onUpdate 
05-22 13:53:38.830 D/PushMessageWidget(22964): cursor count is 1
05-22 13:53:38.846 D/PushMessageWidget(22964): fill data and title is : Push test , content is : This is a push message!
05-22 13:53:40.838 D/AndroidRuntime(23170): 
05-22 13:53:40.838 D/AndroidRuntime(23170): >>>>>> AndroidRuntime START com.android.internal.os.RuntimeInit <<<<<<
05-22 13:53:40.838 D/AndroidRuntime(23170): CheckJNI is OFF
05-22 13:53:40.846 D/dalvikvm(23170): Trying to load lib libjavacore.so 0x0
05-22 13:53:40.853 D/dalvikvm(23170): Added shared lib libjavacore.so 0x0
05-22 13:53:40.869 D/dalvikvm(23170): Trying to load lib libnativehelper.so 0x0
05-22 13:53:40.869 D/dalvikvm(23170): Added shared lib libnativehelper.so 0x0
05-22 13:53:40.916 D/dalvikvm( 1661): GC_EXPLICIT freed 16K, 18% free 13031K/15888K, paused 3ms+5ms, total 181ms
05-22 13:53:41.181 D/AndroidRuntime(23170): Calling main entry com.android.commands.uiautomator.Launcher
05-22 13:53:41.228 D/dalvikvm(23170): Note: class Landroid/app/ActivityManagerNative; has 163 unimplemented (abstract) methods
05-22 13:53:41.322 I/PowerManagerService(  374): Waking up from sleep...
05-22 13:53:41.385 I/WindowManager(  374): Lock screen displayed!
05-22 13:53:41.603 W/Parcel  ( 1661): Attempt to read object from Parcel 0x5ded3dac at offset 200 that is not in the object list
05-22 13:53:41.611 W/Parcel  ( 1661): Attempt to read object from Parcel 0x5ec3bdac at offset 200 that is not in the object list
05-22 13:53:41.674 D/PowerManagerService-JNI(  374): Excessive delay in autosuspend_disable() while turning screen on: 350ms
05-22 13:53:41.681 D/SurfaceFlinger(  124): Screen acquired, type=0 flinger=0x40e95478
05-22 13:53:41.736 V/DigitalWidgetViewsFactory(19507): DigitalWidget sets next alarm string to null
05-22 13:53:41.744 V/WiseDownloadConditionControler(20342): checkCondition  type : WISE_DOWNLOAD  inerrupting: true
05-22 13:53:41.853 W/Parcel  ( 1661): Attempt to read object from Parcel 0x6003bdac at offset 200 that is not in the object list
05-22 13:53:41.971 D/LightsService(  374): Excessive delay setting light: 90ms
05-22 13:53:42.658 I/QueryController(23170): Matched selector: UiSelector[DESCRIPTION=Slide area., PACKAGE NAME=android] <<==>> [android.view.accessibility.AccessibilityNodeInfo@6faf61; boundsInParent: Rect(0, 0 - 720, 756); boundsInScreen: Rect(0, 547 - 720, 1303); packageName: android; className: android.view.View; text: null; contentDescription: Slide area.; viewIdResName: android:id/glow_pad_view; checkable: false; checked: false; focusable: false; focused: false; selected: false; clickable: false; longClickable: false; enabled: true; password: false; scrollable: false; [ACTION_SELECT, ACTION_CLEAR_SELECTION, ACTION_ACCESSIBILITY_FOCUS, ACTION_NEXT_AT_MOVEMENT_GRANULARITY, ACTION_PREVIOUS_AT_MOVEMENT_GRANULARITY, ACTION_SET_SELECTION]]
05-22 13:53:42.681 W/GlowPadView(  374): The number of target drawables must be equal to the number of direction descriptions.
05-22 13:53:43.064 V/LauncherApplication(22964): onActivityStarted
05-22 13:53:43.080 D/        (22964): [---null: -1---]     awsa  onActivityResumed
05-22 13:53:43.080 V/LauncherApplication(22964): 2MdmConstant.LAST_LAUNCH_TIME = 1400737993796
05-22 13:53:43.088 D/PhoneStatusBar(  448): disable: < expand icons alerts ticker system_info BACK HOME recent* CLOCK search* >
05-22 13:53:43.096 V/WiseDownloadConditionControler(20342): checkCondition  type : WISE_DOWNLOAD  inerrupting: true
05-22 13:53:43.103 D/        (22964): [---null: -1---]  activity = com.pekall.emdm.launcher.Launcher
05-22 13:53:43.111 V/DefultSetContriller(22964): isLauncherDf = com.pekall.emdm.launcher
05-22 13:53:43.244 V/DefultSetContriller(22964): isLauncherDf = com.pekall.emdm.launcher
05-22 13:53:43.244 V/DefultSetContriller(22964): isPhoneDf = com.pekall.emdm.launcher
05-22 13:53:43.244 E/LauncherApplication(22964): isShowLogoutUI = true
05-22 13:53:43.244 E/LauncherApplication(22964): LogoutShowTime 1
05-22 13:53:43.244 V/Launcher(22964): onResume1111111 
05-22 13:53:43.244 V/Launcher(22964): is login ----> 
05-22 13:53:43.252 I/System.out(22964):  
05-22 13:53:43.252 I/System.out(22964): com.pekall.emdm.launcher.Workspace.setWallpaper(Unknown Source)
05-22 13:53:43.260 I/System.out(22964): com.pekall.emdm.launcher.Launcher.onResume(Unknown Source)
05-22 13:53:43.260 I/System.out(22964): android.app.Instrumentation.callActivityOnResume(Instrumentation.java:1192)
05-22 13:53:43.260 I/System.out(22964): android.app.Activity.performResume(Activity.java:5211)
05-22 13:53:43.260 I/System.out(22964): android.app.ActivityThread.performResumeActivity(ActivityThread.java:2780)
05-22 13:53:43.260 I/System.out(22964): android.app.ActivityThread.handleResumeActivity(ActivityThread.java:2819)
05-22 13:53:43.267 I/System.out(22964): android.app.ActivityThread$H.handleMessage(ActivityThread.java:1298)
05-22 13:53:43.267 I/System.out(22964): android.os.Handler.dispatchMessage(Handler.java:99)
05-22 13:53:43.267 I/System.out(22964): android.os.Looper.loop(Looper.java:137)
05-22 13:53:43.267 I/System.out(22964): android.app.ActivityThread.main(ActivityThread.java:5103)
05-22 13:53:43.267 I/System.out(22964): java.lang.reflect.Method.invokeNative(Native Method)
05-22 13:53:43.267 I/System.out(22964): java.lang.reflect.Method.invoke(Method.java:525)
05-22 13:53:43.267 I/System.out(22964): com.android.internal.os.ZygoteInit$MethodAndArgsCaller.run(ZygoteInit.java:737)
05-22 13:53:43.267 I/System.out(22964): com.android.internal.os.ZygoteInit.main(ZygoteInit.java:553)
05-22 13:53:43.267 I/System.out(22964): dalvik.system.NativeStart.main(Native Method)
05-22 13:53:43.306 D/PhoneStatusBar(  448): disable: < expand icons alerts ticker system_info back* home* recent clock* search >
05-22 13:53:43.377 I/uninstall(20342): SelfUninstallManager -> initUninstallTask
05-22 13:53:43.385 I/uninstall(20342): initUninstallTask init is running, return
05-22 13:53:43.525 D/dalvikvm(22964): JIT unchain all for threadid=11
05-22 13:53:43.588 W/Parcel  ( 1661): Attempt to read object from Parcel 0x5ded3dac at offset 200 that is not in the object list
05-22 13:53:43.588 D/dalvikvm(22964): GC_FOR_ALLOC freed 356K, 33% free 23671K/35180K, paused 314ms, total 315ms
05-22 13:53:43.596 V/TAG     (  374): bug 7643792: fitSystemWindows([0,50][0,0])
05-22 13:53:43.603 E/QueryController(23170): Got null root node from accessibility - Retrying...
05-22 13:53:43.611 I/dalvikvm-heap(22964): Grow heap (frag case) to 26.474MB for 3415696-byte allocation
05-22 13:53:43.767 D/NfcService(  568): NFC-C ON
05-22 13:53:43.853 E/QueryController(23170): Got null root node from accessibility - Retrying...
05-22 13:53:43.885 D/dalvikvm(22964): JIT unchain all for threadid=11
05-22 13:53:43.986 D/dalvikvm(22964): GC_FOR_ALLOC freed 5K, 30% free 27001K/38516K, paused 344ms, total 344ms
05-22 13:53:44.017 I/Choreographer(22964): Skipped 44 frames!  The application may be doing too much work on its main thread.
05-22 13:53:44.033 W/SQLiteCursor(22964): Finalizing a Cursor that has not been deactivated or closed. database = /data/data/com.pekall.emdm.launcher/databases/message.db, table = message, query = SELECT subject, msg, date FROM message WHERE type = ?  ORDER BY _id DESC
05-22 13:53:44.033 W/SQLiteCursor(22964): com.pekall.sandbox.database.sqlite.DatabaseObjectNotClosedException: Application did not close the cursor or database object that was opened here
05-22 13:53:44.033 W/SQLiteCursor(22964): 	at com.pekall.sandbox.database.sqlite.SQLiteCursor.<init>(Unknown Source)
05-22 13:53:44.033 W/SQLiteCursor(22964): 	at com.pekall.sandbox.database.sqlite.SQLiteDirectCursorDriver.query(Unknown Source)
05-22 13:53:44.033 W/SQLiteCursor(22964): 	at com.pekall.sandbox.database.sqlite.SQLiteDatabase.rawQueryWithFactory(Unknown Source)
05-22 13:53:44.033 W/SQLiteCursor(22964): 	at com.pekall.sandbox.database.sqlite.SQLiteDatabase.queryWithFactory(Unknown Source)
05-22 13:53:44.033 W/SQLiteCursor(22964): 	at com.pekall.sandbox.database.sqlite.SQLiteDatabase.query(Unknown Source)
05-22 13:53:44.033 W/SQLiteCursor(22964): 	at com.pekall.sandbox.database.sqlite.SQLiteDatabase.query(Unknown Source)
05-22 13:53:44.033 W/SQLiteCursor(22964): 	at com.pekall.emdm.messagecenter.db.MessageProvider.query(Unknown Source)
05-22 13:53:44.033 W/SQLiteCursor(22964): 	at android.content.ContentProvider.query(ContentProvider.java:744)
05-22 13:53:44.033 W/SQLiteCursor(22964): 	at android.content.ContentProvider$Transport.query(ContentProvider.java:199)
05-22 13:53:44.033 W/SQLiteCursor(22964): 	at android.content.ContentResolver.query(ContentResolver.java:414)
05-22 13:53:44.033 W/SQLiteCursor(22964): 	at android.content.ContentResolver.query(ContentResolver.java:357)
05-22 13:53:44.033 W/SQLiteCursor(22964): 	at com.pekall.emdm.messagecenter.view.PushMessageWidget.c(Unknown Source)
05-22 13:53:44.033 W/SQLiteCursor(22964): 	at com.pekall.emdm.messagecenter.view.PushMessageWidget.a(Unknown Source)
05-22 13:53:44.033 W/SQLiteCursor(22964): 	at com.pekall.emdm.messagecenter.view.PushMessageWidget.onReceive(Unknown Source)
05-22 13:53:44.033 W/SQLiteCursor(22964): 	at android.app.ActivityThread.handleReceiver(ActivityThread.java:2424)
05-22 13:53:44.033 W/SQLiteCursor(22964): 	at android.app.ActivityThread.access$1500(ActivityThread.java:141)
05-22 13:53:44.033 W/SQLiteCursor(22964): 	at android.app.ActivityThread$H.handleMessage(ActivityThread.java:1332)
05-22 13:53:44.033 W/SQLiteCursor(22964): 	at android.os.Handler.dispatchMessage(Handler.java:99)
05-22 13:53:44.033 W/SQLiteCursor(22964): 	at android.os.Looper.loop(Looper.java:137)
05-22 13:53:44.033 W/SQLiteCursor(22964): 	at android.app.ActivityThread.main(ActivityThread.java:5103)
05-22 13:53:44.033 W/SQLiteCursor(22964): 	at java.lang.reflect.Method.invokeNative(Native Method)
05-22 13:53:44.033 W/SQLiteCursor(22964): 	at java.lang.reflect.Method.invoke(Method.java:525)
05-22 13:53:44.033 W/SQLiteCursor(22964): 	at com.android.internal.os.ZygoteInit$MethodAndArgsCaller.run(ZygoteInit.java:737)
05-22 13:53:44.033 W/SQLiteCursor(22964): 	at com.android.internal.os.ZygoteInit.main(ZygoteInit.java:553)
