05-22 13:52:49.213 I/Choreographer(22964): Skipped 59 frames!  The application may be doing too much work on its main thread.
05-22 13:52:49.221 D/ExchangeService(22964): !!! EAS ExchangeService, onCreate
05-22 13:52:49.228 W/Parcel  ( 1661): Attempt to read object from Parcel 0x5dfd3dac at offset 200 that is not in the object list
05-22 13:52:49.228 D/        (22964): [---null: -1---]  1111222  mLongAxisStartPadding110
05-22 13:52:49.228 D/        (22964): [---null: -1---]  11112223  heightSpecSize1094
05-22 13:52:49.228 D/        (22964): [---null: -1---]  11112223  mLongAxisStartPadding110
05-22 13:52:49.228 D/        (22964): [---null: -1---]  11112223  mLongAxisEndPadding110
05-22 13:52:49.236 D/        (22964): [---null: -1---]  11112223  mRows4
05-22 13:52:49.236 D/        (22964): [---null: -1---]  1111222  mLongAxisStartPadding110
05-22 13:52:49.236 D/        (22964): [---null: -1---]  11112223  heightSpecSize1094
05-22 13:52:49.236 D/        (22964): [---null: -1---]  11112223  mLongAxisStartPadding110
05-22 13:52:49.236 D/        (22964): [---null: -1---]  11112223  mLongAxisEndPadding110
05-22 13:52:49.236 D/        (22964): [---null: -1---]  11112223  mRows4
05-22 13:52:49.244 D/        (22964): [---null: -1---]  1111222  mLongAxisStartPadding110
05-22 13:52:49.244 D/        (22964): [---null: -1---]  11112223  heightSpecSize1094
05-22 13:52:49.244 D/        (22964): [---null: -1---]  11112223  mLongAxisStartPadding110
05-22 13:52:49.244 D/        (22964): [---null: -1---]  11112223  mLongAxisEndPadding110
05-22 13:52:49.244 D/        (22964): [---null: -1---]  11112223  mRows4
05-22 13:52:49.252 D/        (22964): [---null: -1---]  1111222  mLongAxisStartPadding110
05-22 13:52:49.252 D/        (22964): [---null: -1---]  11112223  heightSpecSize1094
05-22 13:52:49.252 D/        (22964): [---null: -1---]  11112223  mLongAxisStartPadding110
05-22 13:52:49.252 D/        (22964): [---null: -1---]  11112223  mLongAxisEndPadding110
05-22 13:52:49.252 D/        (22964): [---null: -1---]  11112223  mRows4
05-22 13:52:49.260 D/        (22964): [---null: -1---]  1111222  mLongAxisStartPadding110
05-22 13:52:49.260 D/        (22964): [---null: -1---]  11112223  heightSpecSize1094
05-22 13:52:49.260 D/        (22964): [---null: -1---]  11112223  mLongAxisStartPadding110
05-22 13:52:49.260 D/        (22964): [---null: -1---]  11112223  mLongAxisEndPadding110
05-22 13:52:49.260 D/        (22964): [---null: -1---]  11112223  mRows4
05-22 13:52:49.260 E/QueryController(22889): Got null root node from accessibility - Retrying...
05-22 13:52:49.260 D/        (22964): [---null: -1---]  1111222  mLongAxisStartPadding110
05-22 13:52:49.267 D/        (22964): [---null: -1---]  11112223  heightSpecSize1094
05-22 13:52:49.267 D/        (22964): [---null: -1---]  11112223  mLongAxisStartPadding110
05-22 13:52:49.267 D/        (22964): [---null: -1---]  11112223  mLongAxisEndPadding110
05-22 13:52:49.267 D/        (22964): [---null: -1---]  11112223  mRows4
05-22 13:52:49.267 D/        (22964): [---null: -1---]  1111222  mLongAxisStartPadding110
05-22 13:52:49.267 D/        (22964): [---null: -1---]  11112223  heightSpecSize1094
05-22 13:52:49.267 D/        (22964): [---null: -1---]  11112223  mLongAxisStartPadding110
05-22 13:52:49.267 D/        (22964): [---null: -1---]  11112223  mLongAxisEndPadding110
05-22 13:52:49.275 D/        (22964): [---null: -1---]  11112223  mRows4
05-22 13:52:49.275 D/        (22964): [---null: -1---]  1111222  mLongAxisStartPadding110
05-22 13:52:49.275 D/        (22964): [---null: -1---]  11112223  heightSpecSize1094
05-22 13:52:49.275 D/        (22964): [---null: -1---]  11112223  mLongAxisStartPadding110
05-22 13:52:49.275 D/        (22964): [---null: -1---]  11112223  mLongAxisEndPadding110
05-22 13:52:49.275 D/        (22964): [---null: -1---]  11112223  mRows4
05-22 13:52:49.275 D/        (22964): [---null: -1---]  1111222  mLongAxisStartPadding110
05-22 13:52:49.275 D/        (22964): [---null: -1---]  11112223  heightSpecSize1094
05-22 13:52:49.283 D/        (22964): [---null: -1---]  11112223  mLongAxisStartPadding110
05-22 13:52:49.283 D/        (22964): [---null: -1---]  11112223  mLongAxisEndPadding110
05-22 13:52:49.283 D/        (22964): [---null: -1---]  11112223  mRows4
05-22 13:52:49.283 D/        (22964): [---null: -1---]  1111222  mLongAxisStartPadding110
05-22 13:52:49.283 D/        (22964): [---null: -1---]  11112223  heightSpecSize1094
05-22 13:52:49.283 D/        (22964): [---null: -1---]  11112223  mLongAxisStartPadding110
05-22 13:52:49.283 D/        (22964): [---null: -1---]  11112223  mLongAxisEndPadding110
05-22 13:52:49.283 D/        (22964): [---null: -1---]  11112223  mRows4
05-22 13:52:49.330 D/        (22964): [---null: -1---]  xxd111  getPackageName  com.pekall.emdm.launcher
05-22 13:52:49.330 D/        (22964): [---null: -1---]  xxd111  getClassName  com.pekall.emdm.contacts.activities.PeopleActivity
05-22 13:52:49.330 D/        (22964): [---null: -1---]  xxd111  info.title  EmdmContacts ,count is 0
05-22 13:52:49.330 D/        (22964): [---null: -1---]  xxd111  getPackageName  com.pekall.emdm.launcher
05-22 13:52:49.330 D/        (22964): [---null: -1---]  xxd111  getClassName  com.pekall.emdm.browser.BrowserActivity
05-22 13:52:49.338 D/        (22964): [---null: -1---]  xxd111  info.title  Safe Browser ,count is 0
05-22 13:52:49.338 D/        (22964): [---null: -1---]  xxd111  getPackageName  com.pekall.emdm.launcher
05-22 13:52:49.338 D/        (22964): [---null: -1---]  xxd111  getClassName  com.pekall.emdm.launcher.ui.AboutActivity
05-22 13:52:49.338 D/        (22964): [---null: -1---]  xxd111  info.title  About ,count is 0
05-22 13:52:49.338 D/        (22964): [---null: -1---]  xxd111  getPackageName  com.pekall.emdm.launcher
05-22 13:52:49.346 D/        (22964): [---null: -1---]  xxd111  getClassName  com.pekall.emdm.launcher.ui.SettingActivity
05-22 13:52:49.346 D/        (22964): [---null: -1---]  xxd111  info.title  Setting ,count is 0
05-22 13:52:49.346 V/l       (22964): Connected: com.pekall.exchange.ExchangeService
05-22 13:52:49.353 D/ExchangeService(22964): !!! EAS ExchangeService, onStartCommand, startingUp = false, running = false
05-22 13:52:49.353 D/ExchangeService(22964): to start secureStorageService now
05-22 13:52:49.353 D/        (22964): [---null: -1---]  1111222  mLongAxisStartPadding110
05-22 13:52:49.353 D/        (22964): [---null: -1---]  11112223  heightSpecSize1094
05-22 13:52:49.353 D/        (22964): [---null: -1---]  11112223  mLongAxisStartPadding110
05-22 13:52:49.353 D/        (22964): [---null: -1---]  11112223  mLongAxisEndPadding110
05-22 13:52:49.361 D/        (22964): [---null: -1---]  11112223  mRows4
05-22 13:52:49.361 V/l       (22964): Task setLogging completed; disconnecting
05-22 13:52:49.369 V/a       (22964): Bind requested for task test
05-22 13:52:49.369 D/        (22964): [---null: -1---]  1111222  mLongAxisStartPadding110
05-22 13:52:49.369 D/        (22964): [---null: -1---]  11112223  heightSpecSize1094
05-22 13:52:49.369 D/        (22964): [---null: -1---]  11112223  mLongAxisStartPadding110
05-22 13:52:49.369 D/        (22964): [---null: -1---]  11112223  mLongAxisEndPadding110
05-22 13:52:49.369 D/        (22964): [---null: -1---]  11112223  mRows4
05-22 13:52:49.400 D/ExchangeService(22964): Reconciling accounts...
05-22 13:52:49.400 V/a       (22964): Bind requested for task reconcileAccounts
05-22 13:52:49.431 V/a       (22964): Waiting for task reconcileAccounts to complete...
05-22 13:52:49.494 I/ActivityManager(  374): Displayed com.pekall.emdm.launcher/.Launcher: +3s366ms
05-22 13:52:49.517 D/        (22964): [---null: -1---]  1111222  mLongAxisStartPadding110
05-22 13:52:49.517 D/        (22964): [---null: -1---]  11112223  heightSpecSize1094
05-22 13:52:49.517 D/        (22964): [---null: -1---]  11112223  mLongAxisStartPadding110
05-22 13:52:49.517 D/        (22964): [---null: -1---]  11112223  mLongAxisEndPadding110
05-22 13:52:49.525 D/        (22964): [---null: -1---]  11112223  mRows4
05-22 13:52:49.525 D/        (22964): [---null: -1---]  1111222  mLongAxisStartPadding110
05-22 13:52:49.525 D/        (22964): [---null: -1---]  11112223  heightSpecSize1094
05-22 13:52:49.525 D/        (22964): [---null: -1---]  11112223  mLongAxisStartPadding110
05-22 13:52:49.525 D/        (22964): [---null: -1---]  11112223  mLongAxisEndPadding110
05-22 13:52:49.525 D/        (22964): [---null: -1---]  11112223  mRows4
05-22 13:52:49.525 D/        (22964): [---null: -1---]  1111222  mLongAxisStartPadding110
05-22 13:52:49.533 D/        (22964): [---null: -1---]  11112223  heightSpecSize1094
05-22 13:52:49.533 D/        (22964): [---null: -1---]  11112223  mLongAxisStartPadding110
05-22 13:52:49.533 D/        (22964): [---null: -1---]  11112223  mLongAxisEndPadding110
05-22 13:52:49.533 D/        (22964): [---null: -1---]  11112223  mRows4
05-22 13:52:49.533 D/        (22964): [---null: -1---]  1111222  mLongAxisStartPadding110
05-22 13:52:49.533 D/        (22964): [---null: -1---]  11112223  heightSpecSize1094
05-22 13:52:49.533 D/        (22964): [---null: -1---]  11112223  mLongAxisStartPadding110
05-22 13:52:49.533 D/        (22964): [---null: -1---]  11112223  mLongAxisEndPadding110
05-22 13:52:49.541 D/        (22964): [---null: -1---]  11112223  mRows4
05-22 13:52:49.541 D/        (22964): [---null: -1---]  1111222  mLongAxisStartPadding110
05-22 13:52:49.541 D/        (22964): [---null: -1---]  11112223  heightSpecSize1094
05-22 13:52:49.541 D/        (22964): [---null: -1---]  11112223  mLongAxisStartPadding110
05-22 13:52:49.541 D/        (22964): [---null: -1---]  11112223  mLongAxisEndPadding110
05-22 13:52:49.541 D/        (22964): [---null: -1---]  11112223  mRows4
05-22 13:52:49.541 D/        (22964): [---null: -1---]  1111222  mLongAxisStartPadding110
05-22 13:52:49.541 D/        (22964): [---null: -1---]  11112223  heightSpecSize1094
05-22 13:52:49.549 D/        (22964): [---null: -1---]  11112223  mLongAxisStartPadding110
05-22 13:52:49.549 D/        (22964): [---null: -1---]  11112223  mLongAxisEndPadding110
05-22 13:52:49.549 D/        (22964): [---null: -1---]  11112223  mRows4
05-22 13:52:49.549 D/        (22964): [---null: -1---]  1111222  mLongAxisStartPadding110
05-22 13:52:49.549 D/        (22964): [---null: -1---]  11112223  heightSpecSize1094
05-22 13:52:49.549 D/        (22964): [---null: -1---]  11112223  mLongAxisStartPadding110
05-22 13:52:49.549 D/        (22964): [---null: -1---]  11112223  mLongAxisEndPadding110
05-22 13:52:49.549 D/        (22964): [---null: -1---]  11112223  mRows4
05-22 13:52:49.556 D/        (22964): [---null: -1---]  1111222  mLongAxisStartPadding110
05-22 13:52:49.556 D/        (22964): [---null: -1---]  11112223  heightSpecSize1094
05-22 13:52:49.556 D/        (22964): [---null: -1---]  11112223  mLongAxisStartPadding110
05-22 13:52:49.556 D/        (22964): [---null: -1---]  11112223  mLongAxisEndPadding110
05-22 13:52:49.556 D/        (22964): [---null: -1---]  11112223  mRows4
05-22 13:52:49.556 D/        (22964): [---null: -1---]  1111222  mLongAxisStartPadding110
05-22 13:52:49.556 D/        (22964): [---null: -1---]  11112223  heightSpecSize1094
05-22 13:52:49.556 D/        (22964): [---null: -1---]  11112223  mLongAxisStartPadding110
05-22 13:52:49.556 D/        (22964): [---null: -1---]  11112223  mLongAxisEndPadding110
05-22 13:52:49.564 D/        (22964): [---null: -1---]  11112223  mRows4
05-22 13:52:49.564 D/        (22964): [---null: -1---]  1111222  mLongAxisStartPadding110
05-22 13:52:49.564 D/        (22964): [---null: -1---]  11112223  heightSpecSize1094
05-22 13:52:49.564 D/        (22964): [---null: -1---]  11112223  mLongAxisStartPadding110
05-22 13:52:49.564 D/        (22964): [---null: -1---]  11112223  mLongAxisEndPadding110
05-22 13:52:49.564 D/        (22964): [---null: -1---]  11112223  mRows4
05-22 13:52:49.642 D/        (22964): [---null: -1---]  1111222  mLongAxisStartPadding110
05-22 13:52:49.642 I/QueryController(22889): Matched selector: UiSelector[TEXT=Personal Mode] <<==>> [android.view.accessibility.AccessibilityNodeInfo@1bd18; boundsInParent: Rect(0, 0 - 160, 200); boundsInScreen: Rect(190, 608 - 350, 808); packageName: com.pekall.emdm.launcher; className: android.widget.TextView; text: Personal Mode; contentDescription: null; viewIdResName: null; checkable: false; checked: false; focusable: false; focused: false; selected: false; clickable: true; longClickable: true; enabled: true; password: false; scrollable: false; [ACTION_SELECT, ACTION_CLEAR_SELECTION, ACTION_CLICK, ACTION_LONG_CLICK, ACTION_ACCESSIBILITY_FOCUS, ACTION_NEXT_AT_MOVEMENT_GRANULARITY, ACTION_PREVIOUS_AT_MOVEMENT_GRANULARITY, ACTION_SET_SELECTION]]
05-22 13:52:49.642 D/        (22964): [---null: -1---]  11112223  heightSpecSize1094
05-22 13:52:49.642 D/        (22964): [---null: -1---]  11112223  mLongAxisStartPadding110
05-22 13:52:49.650 D/        (22964): [---null: -1---]  11112223  mLongAxisEndPadding110
05-22 13:52:49.650 D/        (22964): [---null: -1---]  11112223  mRows4
05-22 13:52:49.650 D/        (22964): [---null: -1---]  1111222  mLongAxisStartPadding110
05-22 13:52:49.650 D/        (22964): [---null: -1---]  11112223  heightSpecSize1094
05-22 13:52:49.650 D/        (22964): [---null: -1---]  11112223  mLongAxisStartPadding110
05-22 13:52:49.650 D/        (22964): [---null: -1---]  11112223  mLongAxisEndPadding110
05-22 13:52:49.650 D/        (22964): [---null: -1---]  11112223  mRows4
05-22 13:52:49.681 V/a       (22964): Connected: com.pekall.semail.service.AccountServiceInternal
05-22 13:52:49.681 V/a       (22964): Connected: com.pekall.semail.service.AccountServiceInternal
05-22 13:52:49.689 V/a       (22964): Connection test succeeded in 321ms
05-22 13:52:49.689 V/a       (22964): Task test completed; disconnecting
05-22 13:52:49.689 V/a       (22964): Task reconcileAccounts completed; disconnecting
05-22 13:52:49.697 V/a       (22964): Wait for reconcileAccounts finished in 264ms
05-22 13:52:49.697 D/ExchangeService(22964): !!! EAS ExchangeService, stopping self
05-22 13:52:49.705 D/ExchangeService(22964): !!! EAS ExchangeService, onDestroy
05-22 13:52:49.744 D/BluetoothManagerService(  374): Message: 20
05-22 13:52:49.744 D/BluetoothManagerService(  374): Added callback: android.bluetooth.IBluetoothManagerCallback$Stub$Proxy@42883170:true
05-22 13:52:49.744 W/Settings(22964): Setting data_roaming has moved from android.provider.Settings.System to android.provider.Settings.Global, returning read-only value.
05-22 13:52:50.267 I/QueryController(22889): Matched selector: UiSelector[PACKAGE NAME=com.pekall.emdm.launcher] <<==>> [android.view.accessibility.AccessibilityNodeInfo@17986; boundsInParent: Rect(0, 0 - 720, 1184); boundsInScreen: Rect(0, 0 - 720, 1184); packageName: com.pekall.emdm.launcher; className: android.widget.FrameLayout; text: null; contentDescription: null; viewIdResName: null; checkable: false; checked: false; focusable: false; focused: false; selected: false; clickable: false; longClickable: false; enabled: true; password: false; scrollable: false; [ACTION_SELECT, ACTION_CLEAR_SELECTION, ACTION_ACCESSIBILITY_FOCUS]]
05-22 13:52:50.283 I/QueryController(22889): Matched selector: UiSelector[TEXT=Personal Mode, CLASS=android.widget.TextView, PACKAGE NAME=com.pekall.emdm.launcher] <<==>> [android.view.accessibility.AccessibilityNodeInfo@1bd18; boundsInParent: Rect(0, 0 - 160, 200); boundsInScreen: Rect(190, 608 - 350, 808); packageName: com.pekall.emdm.launcher; className: android.widget.TextView; text: Personal Mode; contentDescription: null; viewIdResName: null; checkable: false; checked: false; focusable: false; focused: false; selected: false; clickable: true; longClickable: true; enabled: true; password: false; scrollable: false; [ACTION_SELECT, ACTION_CLEAR_SELECTION, ACTION_CLICK, ACTION_LONG_CLICK, ACTION_ACCESSIBILITY_FOCUS, ACTION_NEXT_AT_MOVEMENT_GRANULARITY, ACTION_PREVIOUS_AT_MOVEMENT_GRANULARITY, ACTION_SET_SELECTION]]
05-22 13:52:50.299 I/QueryController(22889): Matched selector: UiSelector[TEXT=Personal Mode, CLASS=android.widget.TextView, PACKAGE NAME=com.pekall.emdm.launcher] <<==>> [android.view.accessibility.AccessibilityNodeInfo@1bd18; boundsInParent: Rect(0, 0 - 160, 200); boundsInScreen: Rect(190, 608 - 350, 808); packageName: com.pekall.emdm.launcher; className: android.widget.TextView; text: Personal Mode; contentDescription: null; viewIdResName: null; checkable: false; checked: false; focusable: false; focused: false; selected: false; clickable: true; longClickable: true; enabled: true; password: false; scrollable: false; [ACTION_SELECT, ACTION_CLEAR_SELECTION, ACTION_CLICK, ACTION_LONG_CLICK, ACTION_ACCESSIBILITY_FOCUS, ACTION_NEXT_AT_MOVEMENT_GRANULARITY, ACTION_PREVIOUS_AT_MOVEMENT_GRANULARITY, ACTION_SET_SELECTION]]
05-22 13:52:50.306 D/dalvikvm(22889): GC_CONCURRENT freed 389K, 92% free 675K/8184K, paused 1ms+1ms, total 7ms
05-22 13:52:50.314 I/AndroidRuntime(22889): VM exiting with result code 0.
05-22 13:52:52.080 D/CommandManager(22964): [null:-1]->requestType: DeviceInformation
05-22 13:52:52.119 W/Parcel  ( 1661): Attempt to read object from Parcel 0x5dfd3dac at offset 200 that is not in the object list
05-22 13:52:52.142 D/MdmDatabaseHelper(22964): [null:-1]->update command d65c8dee-6e7a-49e5-83be-865d6df268fa to commandStatus <?xml version="1.0" encoding="UTF-8"?>
05-22 13:52:52.142 D/MdmDatabaseHelper(22964): <!DOCTYPE plist PUBLIC "-//Apple//DTD PLIST 1.0//EN" "http://www.apple.com/DTDs/PropertyList-1.0.dtd">
05-22 13:52:52.142 D/MdmDatabaseHelper(22964): <plist version="1.0">
05-22 13:52:52.142 D/MdmDatabaseHelper(22964): <dict>
05-22 13:52:52.142 D/MdmDatabaseHelper(22964): 	<key>QueryResponses</key>
05-22 13:52:52.142 D/MdmDatabaseHelper(22964): 	<dict>
05-22 13:52:52.142 D/MdmDatabaseHelper(22964): 		<key>deviceId</key>
05-22 13:52:52.142 D/MdmDatabaseHelper(22964): 		<string>00013fbc8ecec5b900000146227d1f99</string>
05-22 13:52:52.142 D/MdmDatabaseHelper(22964): 		<key>deviceSecurityStatus</key>
05-22 13:52:52.142 D/MdmDatabaseHelper(22964): 		<string>root</string>
05-22 13:52:52.142 D/MdmDatabaseHelper(22964): 		<key>diskTotal</key>
05-22 13:52:52.142 D/MdmDatabaseHelper(22964): 		<string>0.0</string>
05-22 13:52:52.142 D/MdmDatabaseHelper(22964): 		<key>diskUsed</key>
05-22 13:52:52.142 D/MdmDatabaseHelper(22964): 		<string>0.0</string>
05-22 13:52:52.142 D/MdmDatabaseHelper(22964): 		<key>displaySize</key>
05-22 13:52:52.142 D/MdmDatabaseHelper(22964): 		<string>720x1184</string>
05-22 13:52:52.142 D/MdmDatabaseHelper(22964): 		<key>freeDiskSize</key>
05-22 13:52:52.142 D/MdmDatabaseHelper(22964): 		<integer>0</integer>
05-22 13:52:52.142 D/MdmDatabaseHelper(22964): 		<key>freeRamSize</key>
05-22 13:52:52.142 D/MdmDatabaseHelper(22964): 		<integer>37212160</integer>
05-22 13:52:52.142 D/MdmDatabaseHelper(22964): 		<key>language</key>
05-22 13:52:52.142 D/MdmDatabaseHelper(22964): 		<string>en-US</string>
05-22 13:52:52.142 D/MdmDatabaseHelper(22964): 		<key>netSpeed</key>
05-22 13:52:52.142 D/MdmDatabaseHelper(22964): 		<dict>
05-22 13:52:52.142 D/MdmDatabaseHelper(22964): 			<key>downlink</key>
05-22 13:52:52.142 D/MdmDatabaseHelper(22964): 			<real>1.3626331666666666E7</real>
05-22 13:52:52.142 D/MdmDatabaseHelper(22964): 			<key>uplink</key>
05-22 13:52:52.142 D/MdmDatabaseHelper(22964): 			<real>1.0488425666666666E7</real>
05-22 13:52:52.142 D/MdmDatabaseHelper(22964): 		</dict>
05-22 13:52:52.142 D/MdmDatabaseHelper(22964): 		<key>ramTotal</key>
05-22 13:52:52.142 D/MdmDatabaseHelper(22964): 		<string>728023040</string>
05-22 13:52:52.142 D/MdmDatabaseHelper(22964): 		<key>ramUsed</key>
05-22 13:52:52.142 D/MdmDatabaseHelper(22964): 		<string>690810880</string>
05-22 13:52:52.142 D/MdmDatabaseHelper(22964): 		<key>trafficBytes</key>
05-22 13:52:52.142 D/MdmDatabaseHelper(22964): 		<integer>0</integer>
05-22 13:52:52.142 D/MdmDatabaseHelper(22964): 		<key>AvailableDeviceCapacity</key>
05-22 13:52:52.142 D/MdmDatabaseHelper(22964): 		<real>1.3417124E7</real>
05-22 13:52:52.142 D/MdmDatabaseHelper(22964): 		<key>BuildVersion</key>
05-22 13:52:52.142 D/MdmDatabaseHelper(22964): 		<string>REL</string>
05-22 13:52:52.142 D/MdmDatabaseHelper(22964): 		<key>CanDisableSystemFunction</key>
05-22 13:52:52.142 D/MdmDatabaseHelper(22964): 		<false/>
05-22 13:52:52.142 D/MdmDatabaseHelper(22964): 		<key>CellularTechnology</key>
05-22 13:52:52.142 D/MdmDatabaseHelper(22964): 		<integer>3</integer>
05-22 13:52:52.142 D/MdmDatabaseHelper(22964): 		<key>CurrentCarrierNetwork</key>
05-22 13:52:52.142 D/MdmDatabaseHelper(22964): 		<string></string>
05-22 13:52:52.142 D/MdmDatabaseHelper(22964): 		<key>CurrentMCC</key>
05-22 13:52:52.142 D/MdmDatabaseHelper(22964): 		<string>cn</string>
05-22 13:52:52.142 D/MdmDatabaseHelper(22964): 		<key>CurrentMNC</key>
05-22 13:52:52.142 D/MdmDatabaseHelper(22964): 		<string>46001</string>
05-22 13:52:52.142 D/MdmDatabaseHelper(22964): 		<key>DataRoamingEnabled</key>
05-22 13:52:52.142 D/MdmDatabaseHelper(22964): 		<false/>
05-22 13:52:52.142 D/MdmDatabaseHelper(22964): 		<key>DeviceCapacity</key>
05-22 13:52:52.142 D/MdmDatabaseHelper(22964): 		<real>1.3975888E7</real>
05-22 13:52:52.142 D/MdmDatabaseHelper(22964): 		<key>HasSamsungSafeAPI</key>
05-22 13:52:52.142 D/MdmDatabaseHelper(22964): 		<false/>
05-22 13:52:52.142 D/MdmDatabaseHelper(22964): 		<key>ICCID</key>
05-22 13:52:52.142 D/MdmDatabaseHelper(22964): 		<string></string>
05-22 13:52:52.142 D/MdmDatabaseHelper(22964): 		<key>IMEI</key>
05-22 13:52:52.142 D/MdmDatabaseHelper(22964): 		<string>351554059027897</string>
05-22 13:52:52.142 D/MdmDatabaseHelper(22964): 		<key>IsRoaming</key>
05-22 13:52:52.142 D/MdmDatabaseHelper(22964): 		<false/>
05-22 13:52:52.142 D/MdmDatabaseHelper(22964): 		<key>Model</key>
05-22 13:52:52.142 D/MdmDatabaseHelper(22964): 		<string>Galaxy Nexus</string>
05-22 13:52:52.142 D/MdmDatabaseHelper(22964): 		<key>OSVersion</key>
05-22 13:52:52.142 D/MdmDatabaseHelper(22964): 		<string>4.3</string>
05-22 13:52:52.142 D/MdmDatabaseHelper(22964): 		<key>PhoneNumber</key>
05-22 13:52:52.142 D/MdmDatabaseHelper(22964): 		<string>0</string>
05-22 13:52:52.142 D/MdmDatabaseHelper(22964): 		<key>ProductName</key>
05-22 13:52:52.142 D/MdmDatabaseHelper(22964): 		<string>yakju</string>
05-22 13:52:52.142 D/MdmDatabaseHelper(22964): 		<key>SIMCarrierNetwork</key>
05-22 13:52:52.142 D/MdmDatabaseHelper(22964): 		<string></string>
05-22 13:52:52.142 D/MdmDatabaseHelper(22964): 		<key>SerialNumber</key>
05-22 13:52:52.142 D/MdmDatabaseHelper(22964): 		<string>014E0FFF06015018</string>
05-22 13:52:52.142 D/MdmDatabaseHelper(22964): 		<key>UDID</key>
05-22 13:52:52.142 D/MdmDatabaseHelper(22964): 		<string>00013fbc8ecec5b900000146227d1f99</string>
05-22 13:52:52.142 D/MdmDatabaseHelper(22964): 		<key>WiFiMAC</key>
05-22 13:52:52.142 D/MdmDatabaseHelper(22964): 		<string>20:64:32:7a:19:48</string>
05-22 13:52:52.142 D/MdmDatabaseHelper(22964): 	</dict>
05-22 13:52:52.142 D/MdmDatabaseHelper(22964): 	<key>CommandUUID</key>
05-22 13:52:52.142 D/MdmDatabaseHelper(22964): 	<string>d65c8dee-6e7a-49e5-83be-865d6df268fa</string>
05-22 13:52:52.142 D/MdmDatabaseHelper(22964): 	<key>Status</key>
05-22 13:52:52.142 D/MdmDatabaseHelper(22964): 	<string>Acknowledged</string>
05-22 13:52:52.142 D/MdmDatabaseHelper(22964): 	<key>UDID</key>
05-22 13:52:52.142 D/MdmDatabaseHelper(22964): 	<string>00013fbc8ecec5b900000146227d1f99</string>
05-22 13:52:52.142 D/MdmDatabaseHelper(22964): </dict>
05-22 13:52:52.142 D/MdmDatabaseHelper(22964): </plist>
05-22 13:52:52.166 I/TransInfo(22964): TransInfo created, id: 3, class: class com.pekall.emdm.transaction.c.b
05-22 13:52:52.166 D/NetworkThread(22964): [null:-1]->----isRunning-----true
05-22 13:52:52.166 D/NetworkThread(22964): [null:-1]->----isRunning-----true
05-22 13:52:52.166 D/NetworkThread(22964): [null:-1]->thread wakeup
05-22 13:52:52.181 D/NetworkThread(22964): [null:-1]->sendHttpPost:PostRequest, url: http://192.168.10.21/rest/mdm/v1/ios/android_server, Params: [content:<?xml version="1.0" encoding="UTF-8"?>
05-22 13:52:52.181 D/NetworkThread(22964): <!DOCTYPE plist PUBLIC "-//Apple//DTD PLIST 1.0//EN" "http://www.apple.com/DTDs/PropertyList-1.0.dtd">
05-22 13:52:52.181 D/NetworkThread(22964): <plist version="1.0">
05-22 13:52:52.181 D/NetworkThread(22964): <dict>
05-22 13:52:52.181 D/NetworkThread(22964): 	<key>QueryResponses</key>
05-22 13:52:52.181 D/NetworkThread(22964): 	<dict>
05-22 13:52:52.181 D/NetworkThread(22964): 		<key>deviceId</key>
05-22 13:52:52.181 D/NetworkThread(22964): 		<string>00013fbc8ecec5b900000146227d1f99</string>
05-22 13:52:52.181 D/NetworkThread(22964): 		<key>deviceSecurityStatus</key>
05-22 13:52:52.181 D/NetworkThread(22964): 		<string>root</string>
05-22 13:52:52.181 D/NetworkThread(22964): 		<key>diskTotal</key>
05-22 13:52:52.181 D/NetworkThread(22964): 		<string>0.0</string>
05-22 13:52:52.181 D/NetworkThread(22964): 		<key>diskUsed</key>
05-22 13:52:52.181 D/NetworkThread(22964): 		<string>0.0</string>
05-22 13:52:52.181 D/NetworkThread(22964): 		<key>displaySize</key>
05-22 13:52:52.181 D/NetworkThread(22964): 		<string>720x1184</string>
05-22 13:52:52.181 D/NetworkThread(22964): 		<key>freeDiskSize</key>
05-22 13:52:52.181 D/NetworkThread(22964): 		<integer>0</integer>
05-22 13:52:52.181 D/NetworkThread(22964): 		<key>freeRamSize</key>
05-22 13:52:52.181 D/NetworkThread(22964): 		<integer>37212160</integer>
05-22 13:52:52.181 D/NetworkThread(22964): 		<key>language</key>
05-22 13:52:52.181 D/NetworkThread(22964): 		<string>en-US</string>
05-22 13:52:52.181 D/NetworkThread(22964): 		<key>netSpeed</key>
05-22 13:52:52.181 D/NetworkThread(22964): 		<dict>
05-22 13:52:52.181 D/NetworkThread(22964): 			<key>downlink</key>
05-22 13:52:52.181 D/NetworkThread(22964): 			<real>1.3626331666666666E7</real>
05-22 13:52:52.181 D/NetworkThread(22964): 			<key>uplink</key>
05-22 13:52:52.181 D/NetworkThread(22964): 			<real>1.0488425666666666E7</real>
05-22 13:52:52.181 D/NetworkThread(22964): 		</dict>
05-22 13:52:52.181 D/NetworkThread(22964): 		<key>ramTotal</key>
05-22 13:52:52.181 D/NetworkThread(22964): 		<string>728023040</string>
05-22 13:52:52.181 D/NetworkThread(22964): 		<key>ramUsed</key>
05-22 13:52:52.181 D/NetworkThread(22964): 		<string>690810880</string>
05-22 13:52:52.181 D/NetworkThread(22964): 		<key>trafficBytes</key>
05-22 13:52:52.181 D/NetworkThread(22964): 		<integer>0</integer>
05-22 13:52:52.181 D/NetworkThread(22964): 		<key>AvailableDeviceCapacity</key>
05-22 13:52:52.181 D/NetworkThread(22964): 		<real>1.3417124E7</real>
05-22 13:52:52.181 D/NetworkThread(22964): 		<key>BuildVersion</key>
05-22 13:52:52.181 D/NetworkThread(22964): 		<string>REL</string>
05-22 13:52:52.181 D/NetworkThread(22964): 		<key>CanDisableSystemFunction</key>
05-22 13:52:52.181 D/NetworkThread(22964): 		<false/>
05-22 13:52:52.181 D/NetworkThread(22964): 		<key>CellularTechnology</key>
05-22 13:52:52.181 D/NetworkThread(22964): 		<integer>3</integer>
05-22 13:52:52.181 D/NetworkThread(22964): 		<key>CurrentCarrierNetwork</key>
05-22 13:52:52.181 D/NetworkThread(22964): 		<string></string>
05-22 13:52:52.181 D/NetworkThread(22964): 		<key>CurrentMCC</key>
05-22 13:52:52.181 D/NetworkThread(22964): 		<string>cn</string>
05-22 13:52:52.181 D/NetworkThread(22964): 		<key>CurrentMNC</key>
05-22 13:52:52.181 D/NetworkThread(22964): 		<string>46001</string>
05-22 13:52:52.181 D/NetworkThread(22964): 		<key>DataRoamingEnabled</key>
05-22 13:52:52.181 D/NetworkThread(22964): 		<false/>
05-22 13:52:52.181 D/NetworkThread(22964): 		<key>DeviceCapacity</key>
05-22 13:52:52.181 D/NetworkThread(22964): 		<real>1.3975888E7</real>
05-22 13:52:52.181 D/NetworkThread(22964): 		<key>HasSamsungSafeAPI</key>
05-22 13:52:52.181 D/NetworkThread(22964): 		<false/>
05-22 13:52:52.181 D/NetworkThread(22964): 		<key>ICCID</key>
05-22 13:52:52.181 D/NetworkThread(22964): 		<string></string>
05-22 13:52:52.181 D/NetworkThread(22964): 		<key>IMEI</key>
05-22 13:52:52.181 D/NetworkThread(22964): 		<string>351554059027897</string>
05-22 13:52:52.181 D/NetworkThread(22964): 		<key>IsRoaming</key>
05-22 13:52:52.181 D/NetworkThread(22964): 		<false/>
05-22 13:52:52.181 D/NetworkThread(22964): 		<key>Model</key>
05-22 13:52:52.181 D/NetworkThread(22964): 		<string>Galaxy Nexus</string>
05-22 13:52:52.181 D/NetworkThread(22964): 		<key>OSVersion</key>
05-22 13:52:52.181 D/NetworkThread(22964): 		<string>4.3</string>
05-22 13:52:52.181 D/NetworkThread(22964): 		<key>PhoneNumber</key>
05-22 13:52:52.181 D/NetworkThread(22964): 		<string>0</string>
05-22 13:52:52.181 D/NetworkThread(22964): 		<key>ProductName</key>
05-22 13:52:52.181 D/NetworkThread(22964): 		<string>yakju</string>
05-22 13:52:52.181 D/NetworkThread(22964): 		<key>SIMCarrierNetwork</key>
05-22 13:52:52.181 D/NetworkThread(22964): 		<string></string>
05-22 13:52:52.181 D/NetworkThread(22964): 		<key>SerialNumber</key>
05-22 13:52:52.181 D/NetworkThread(22964): 		<string>014E0FFF06015018</string>
05-22 13:52:52.181 D/NetworkThread(22964): 		<key>UDID</key>
05-22 13:52:52.181 D/NetworkThread(22964): 		<string>00013fbc8ecec5b900000146227d1f99</string>
05-22 13:52:52.181 D/NetworkThread(22964): 		<key>WiFiMAC</key>
05-22 13:52:52.181 D/NetworkThread(22964): 		<string>20:64:32:7a:19:48</string>
05-22 13:52:52.181 D/NetworkThread(22964): 	</dict>
05-22 13:52:52.181 D/NetworkThread(22964): 	<key>CommandUUID</key>
05-22 13:52:52.181 D/NetworkThread(22964): 	<string>d65c8dee-6e7a-49e5-83be-865d6df268fa</string>
05-22 13:52:52.181 D/NetworkThread(22964): 	<key>Status</key>
05-22 13:52:52.181 D/NetworkThread(22964): 	<string>Acknowledged</string>
05-22 13:52:52.181 D/NetworkThread(22964): 	<key>UDID</key>
05-22 13:52:52.181 D/NetworkThread(22964): 	<string>00013fbc8ecec5b900000146227d1f99</string>
05-22 13:52:52.181 D/NetworkThread(22964): </dict>
05-22 13:52:52.181 D/NetworkThread(22964): </plist>], 
05-22 13:52:52.181 D/HttpClient(22964): enable apache.http debug
05-22 13:52:52.189 V/DEBUG   (22964): HTTP 0
05-22 13:52:52.674 D/MDM :   (22964): [null:-1]->statusCode : 200
05-22 13:52:52.674 D/MDM :   (22964): [null:-1]->statusCode : 200
05-22 13:52:52.674 V/DEBUG   (22964): HTTP 1
05-22 13:52:52.681 D/MDM :   (22964): [null:-1]->read network input stream
05-22 13:52:52.681 D/MDM :   (22964): [null:-1]->Get joson string: <?xml version="1.0" encoding="UTF-8"?>
05-22 13:52:52.681 D/MDM :   (22964): <!DOCTYPE plist PUBLIC "-//Apple//DTD PLIST 1.0//EN" "http://www.apple.com/DTDs/PropertyList-1.0.dtd">
05-22 13:52:52.681 D/MDM :   (22964): <plist version="1.0">
05-22 13:52:52.681 D/MDM :   (22964): <dict>
05-22 13:52:52.681 D/MDM :   (22964): 	<key>CommandUUID</key>
05-22 13:52:52.681 D/MDM :   (22964): 	<string>8d3d3a35-7314-4dec-a681-21dce471dd8a</string>
05-22 13:52:52.681 D/MDM :   (22964): 	<key>Command</key>
05-22 13:52:52.681 D/MDM :   (22964): 	<dict>
05-22 13:52:52.681 D/MDM :   (22964): 		<key>RequestType</key>
05-22 13:52:52.681 D/MDM :   (22964): 		<string>ManagedApplicationList</string>
05-22 13:52:52.681 D/MDM :   (22964): 	</dict>
05-22 13:52:52.681 D/MDM :   (22964): </dict>
05-22 13:52:52.681 D/MDM :   (22964): </plist>
05-22 13:52:52.689 D/MdmDatabaseHelper(22964): [null:-1]->update command d65c8dee-6e7a-49e5-83be-865d6df268fa to status executed
05-22 13:52:52.713 D/CheckInTransInfo(22964): [null:-1]->CommandMsg : CommandMsg{CommandUUID='8d3d3a35-7314-4dec-a681-21dce471dd8a', Command=CommandObject{RequestType='ManagedApplicationList'}}
05-22 13:52:52.752 D/NetworkThread(22964): [null:-1]->clear mCurrentTransInfo
05-22 13:52:53.002 D/dalvikvm(22964): JIT unchain all for threadid=11
05-22 13:52:53.010 D/MdmService(22964): [null:-1]->handleCheckInResult
05-22 13:52:53.010 D/NetworkThread(22964): [null:-1]->queue is empty, thread wait...
05-22 13:52:53.010 D/MdmService(22964): [null:-1]->handleCheckInResult result keyIndex: 3
05-22 13:52:53.283 D/dalvikvm(22964): JIT unchain all for threadid=11
05-22 13:52:53.306 D/dalvikvm(22964): GC_CONCURRENT freed 4618K, 34% free 23552K/35180K, paused 259ms+259ms, total 557ms
05-22 13:52:53.314 D/CommandManager(22964): [null:-1]->execute command: CommandMsg{CommandUUID='8d3d3a35-7314-4dec-a681-21dce471dd8a', Command=CommandObject{RequestType='ManagedApplicationList'}}
05-22 13:52:53.314 D/CommandManager(22964): [null:-1]->requestType: ManagedApplicationList
05-22 13:52:53.346 W/Parcel  ( 1661): Attempt to read object from Parcel 0x5ded3dac at offset 200 that is not in the object list
05-22 13:52:53.361 D/MdmDatabaseHelper(22964): [null:-1]->update command 8d3d3a35-7314-4dec-a681-21dce471dd8a to commandStatus <?xml version="1.0" encoding="UTF-8"?>
05-22 13:52:53.361 D/MdmDatabaseHelper(22964): <!DOCTYPE plist PUBLIC "-//Apple//DTD PLIST 1.0//EN" "http://www.apple.com/DTDs/PropertyList-1.0.dtd">
05-22 13:52:53.361 D/MdmDatabaseHelper(22964): <plist version="1.0">
05-22 13:52:53.361 D/MdmDatabaseHelper(22964): <dict>
05-22 13:52:53.361 D/MdmDatabaseHelper(22964): 	<key>ManagedApplicationList</key>
05-22 13:52:53.361 D/MdmDatabaseHelper(22964): 	<dict>
05-22 13:52:53.361 D/MdmDatabaseHelper(22964): 	</dict>
05-22 13:52:53.361 D/MdmDatabaseHelper(22964): 	<key>CommandUUID</key>
05-22 13:52:53.361 D/MdmDatabaseHelper(22964): 	<string>8d3d3a35-7314-4dec-a681-21dce471dd8a</string>
05-22 13:52:53.361 D/MdmDatabaseHelper(22964): 	<key>Status</key>
05-22 13:52:53.361 D/MdmDatabaseHelper(22964): 	<string>Acknowledged</string>
05-22 13:52:53.361 D/MdmDatabaseHelper(22964): 	<key>UDID</key>
05-22 13:52:53.361 D/MdmDatabaseHelper(22964): 	<string>00013fbc8ecec5b900000146227d1f99</string>
05-22 13:52:53.361 D/MdmDatabaseHelper(22964): </dict>
05-22 13:52:53.361 D/MdmDatabaseHelper(22964): </plist>
05-22 13:52:53.385 I/TransInfo(22964): TransInfo created, id: 3, class: class com.pekall.emdm.transaction.c.b
05-22 13:52:53.385 D/NetworkThread(22964): [null:-1]->----isRunning-----true
05-22 13:52:53.385 D/NetworkThread(22964): [null:-1]->----isRunning-----true
05-22 13:52:53.385 D/NetworkThread(22964): [null:-1]->thread wakeup
05-22 13:52:53.392 D/NetworkThread(22964): [null:-1]->sendHttpPost:PostRequest, url: http://192.168.10.21/rest/mdm/v1/ios/android_server, Params: [content:<?xml version="1.0" encoding="UTF-8"?>
05-22 13:52:53.392 D/NetworkThread(22964): <!DOCTYPE plist PUBLIC "-//Apple//DTD PLIST 1.0//EN" "http://www.apple.com/DTDs/PropertyList-1.0.dtd">
05-22 13:52:53.392 D/NetworkThread(22964): <plist version="1.0">
05-22 13:52:53.392 D/NetworkThread(22964): <dict>
05-22 13:52:53.392 D/NetworkThread(22964): 	<key>ManagedApplicationList</key>
05-22 13:52:53.392 D/NetworkThread(22964): 	<dict>
05-22 13:52:53.392 D/NetworkThread(22964): 	</dict>
05-22 13:52:53.392 D/NetworkThread(22964): 	<key>CommandUUID</key>
05-22 13:52:53.392 D/NetworkThread(22964): 	<string>8d3d3a35-7314-4dec-a681-21dce471dd8a</string>
05-22 13:52:53.392 D/NetworkThread(22964): 	<key>Status</key>
05-22 13:52:53.392 D/NetworkThread(22964): 	<string>Acknowledged</string>
05-22 13:52:53.392 D/NetworkThread(22964): 	<key>UDID</key>
05-22 13:52:53.392 D/NetworkThread(22964): 	<string>00013fbc8ecec5b900000146227d1f99</string>
05-22 13:52:53.392 D/NetworkThread(22964): </dict>
05-22 13:52:53.392 D/NetworkThread(22964): </plist>], 
05-22 13:52:53.392 D/HttpClient(22964): enable apache.http debug
05-22 13:52:53.392 V/DEBUG   (22964): HTTP 0
05-22 13:52:53.892 D/MDM :   (22964): [null:-1]->statusCode : 200
05-22 13:52:53.892 D/MDM :   (22964): [null:-1]->statusCode : 200
05-22 13:52:53.892 V/DEBUG   (22964): HTTP 1
05-22 13:52:53.900 D/MDM :   (22964): [null:-1]->read network input stream
05-22 13:52:53.900 D/MDM :   (22964): [null:-1]->Get joson string: <?xml version="1.0" encoding="UTF-8"?>
05-22 13:52:53.900 D/MDM :   (22964): <!DOCTYPE plist PUBLIC "-//Apple//DTD PLIST 1.0//EN" "http://www.apple.com/DTDs/PropertyList-1.0.dtd">
05-22 13:52:53.900 D/MDM :   (22964): <plist version="1.0">
05-22 13:52:53.900 D/MDM :   (22964): <dict>
05-22 13:52:53.900 D/MDM :   (22964): 	<key>CommandUUID</key>
05-22 13:52:53.900 D/MDM :   (22964): 	<string>850f0c43-c41f-45ba-81b9-2aa0269bfd8d</string>
05-22 13:52:53.900 D/MDM :   (22964): 	<key>Command</key>
05-22 13:52:53.900 D/MDM :   (22964): 	<dict>
05-22 13:52:53.900 D/MDM :   (22964): 		<key>RequestType</key>
05-22 13:52:53.900 D/MDM :   (22964): 		<string>InstalledApplicationList</string>
05-22 13:52:53.900 D/MDM :   (22964): 	</dict>
05-22 13:52:53.900 D/MDM :   (22964): </dict>
05-22 13:52:53.900 D/MDM :   (22964): </plist>
05-22 13:52:53.908 D/MdmDatabaseHelper(22964): [null:-1]->update command 8d3d3a35-7314-4dec-a681-21dce471dd8a to status executed
05-22 13:52:53.947 D/CheckInTransInfo(22964): [null:-1]->CommandMsg : CommandMsg{CommandUUID='850f0c43-c41f-45ba-81b9-2aa0269bfd8d', Command=CommandObject{RequestType='InstalledApplicationList'}}
05-22 13:52:53.978 D/NetworkThread(22964): [null:-1]->clear mCurrentTransInfo
05-22 13:52:53.978 D/NetworkThread(22964): [null:-1]->queue is empty, thread wait...
05-22 13:52:54.072 D/MdmService(22964): [null:-1]->handleCheckInResult
05-22 13:52:54.072 D/MdmService(22964): [null:-1]->handleCheckInResult result keyIndex: 3
05-22 13:52:54.080 D/CommandManager(22964): [null:-1]->execute command: CommandMsg{CommandUUID='850f0c43-c41f-45ba-81b9-2aa0269bfd8d', Command=CommandObject{RequestType='InstalledApplicationList'}}
05-22 13:52:54.228 D/CommandManager(22964): [null:-1]->requestType: InstalledApplicationList
05-22 13:52:54.267 W/Parcel  ( 1661): Attempt to read object from Parcel 0x6003bdac at offset 200 that is not in the object list
05-22 13:52:54.306 I/dalvikvm(22964): Jit: resizing JitTable from 4096 to 8192
05-22 13:52:54.556 D/dalvikvm(22964): JIT unchain all for threadid=11
05-22 13:52:54.619 D/MdmDatabaseHelper(22964): [null:-1]->update command 850f0c43-c41f-45ba-81b9-2aa0269bfd8d to commandStatus <?xml version="1.0" encoding="UTF-8"?>
05-22 13:52:54.619 D/MdmDatabaseHelper(22964): <!DOCTYPE plist PUBLIC "-//Apple//DTD PLIST 1.0//EN" "http://www.apple.com/DTDs/PropertyList-1.0.dtd">
05-22 13:52:54.619 D/MdmDatabaseHelper(22964): <plist version="1.0">
05-22 13:52:54.619 D/MdmDatabaseHelper(22964): <dict>
05-22 13:52:54.619 D/MdmDatabaseHelper(22964): 	<key>InstalledApplicationList</key>
05-22 13:52:54.619 D/MdmDatabaseHelper(22964): 	<array>
05-22 13:52:54.619 D/MdmDatabaseHelper(22964): 		<dict>
05-22 13:52:54.619 D/MdmDatabaseHelper(22964): 			<key>AppPermissions</key>
05-22 13:52:54.619 D/MdmDatabaseHelper(22964): 			<array>
05-22 13:52:54.619 D/MdmDatabaseHelper(22964): 				<string>android.permission.READ_LOGS</string>
05-22 13:52:54.619 D/MdmDatabaseHelper(22964): 				<string>android.permission.WRITE_EXTERNAL_STORAGE</string>
05-22 13:52:54.619 D/MdmDatabaseHelper(22964): 				<string>com.qihoo.root.RESPOND</string>
05-22 13:52:54.619 D/MdmDatabaseHelper(22964): 				<string>com.qihoo.root.provider.READ</string>
05-22 13:52:54.619 D/MdmDatabaseHelper(22964): 				<string>com.qihoo.root.provider.WRITE</string>
05-22 13:52:54.619 D/MdmDatabaseHelper(22964): 				<string>android.permission.INTERNET</string>
05-22 13:52:54.619 D/MdmDatabaseHelper(22964): 				<string>android.permission.ACCESS_NETWORK_STATE</string>
05-22 13:52:54.619 D/MdmDatabaseHelper(22964): 				<string>android.permission.INSTALL_PACKAGES</string>
05-22 13:52:54.619 D/MdmDatabaseHelper(22964): 				<string>android.permission.KILL_BACKGROUND_PROCESSES</string>
05-22 13:52:54.619 D/MdmDatabaseHelper(22964): 				<string>android.permission.RESTART_PACKAGES</string>
05-22 13:52:54.619 D/MdmDatabaseHelper(22964): 				<string>android.permission.READ_PHONE_STATE</string>
05-22 13:52:54.619 D/MdmDatabaseHelper(22964): 				<string>android.permission.DELETE_PACKAGES</string>
05-22 13:52:54.619 D/MdmDatabaseHelper(22964): 				<string>android.permission.READ_EXTERNAL_STORAGE</string>
05-22 13:52:54.619 D/MdmDatabaseHelper(22964): 			</array>
05-22 13:52:54.619 D/MdmDatabaseHelper(22964): 			<key>Version</key>
05-22 13:52:54.619 D/MdmDatabaseHelper(22964): 			<string>7</string>
05-22 13:52:54.619 D/MdmDatabaseHelper(22964): 			<key>ShortVersion</key>
05-22 13:52:54.619 D/MdmDatabaseHelper(22964): 			<string>6.0.1</string>
05-22 13:52:54.619 D/MdmDatabaseHelper(22964): 			<key>Identifier</key>
05-22 13:52:54.619 D/MdmDatabaseHelper(22964): 			<string>com.qihoo.root</string>
05-22 13:52:54.619 D/MdmDatabaseHelper(22964): 			<key>Name</key>
05-22 13:52:54.619 D/MdmDatabaseHelper(22964): 			<string>360</string>
05-22 13:52:54.619 D/MdmDatabaseHelper(22964): 			<key>DynamicSize</key>
05-22 13:52:54.619 D/MdmDatabaseHelper(22964): 			<integer>0</integer>
05-22 13:52:54.619 D/MdmDatabaseHelper(22964): 			<key>BundleSize</key>
05-22 13:52:54.619 D/MdmDatabaseHelper(22964): 			<integer>0</integer>
05-22 13:52:54.619 D/MdmDatabaseHelper(22964): 		</dict>
05-22 13:52:54.619 D/MdmDatabaseHelper(22964): 		<dict>
05-22 13:52:54.619 D/MdmDatabaseHelper(22964): 			<key>AppPermissions</key>
05-22 13:52:54.619 D/MdmDatabaseHelper(22964): 			<array>
05-22 13:52:54.619 D/MdmDatabaseHelper(22964): 				<string>android.permission.ACCESS_FINE_LOCATION</string>
05-22 13:52:54.619 D/MdmDatabaseHelper(22964): 				<string>android.permission.ACCESS_COARSE_LOCATION</string>
05-22 13:52:54.619 D/MdmDatabaseHelper(22964): 				<string>android.permission.SYSTEM_ALERT_WINDOW</string>
05-22 13:52:54.619 D/MdmDatabaseHelper(22964): 				<string>android.permission.RECEIVE_BOOT_COMPLETED</string>
05-22 13:52:54.619 D/MdmDatabaseHelper(22964): 				<string>android.permission.CALL_PHONE</string>
05-22 13:52:54.619 D/MdmDatabaseHelper(22964): 				<string>android.permission.PROCESS_OUTGOING_CALLS</string>
05-22 13:52:54.619 D/MdmDatabaseHelper(22964): 				<string>android.permission.READ_CONTACTS</string>
05-22 13:52:54.619 D/MdmDatabaseHelper(22964): 				<string>android.permission.WRITE_CONTACTS</string>
05-22 13:52:54.619 D/MdmDatabaseHelper(22964): 				<string>android.permission.RECEIVE_SMS</string>
05-22 13:52:54.619 D/MdmDatabaseHelper(22964): 				<string>android.permission.RECEIVE_MMS</string>
05-22 13:52:54.619 D/MdmDatabaseHelper(22964): 				<string>android.permission.RECEIVE_WAP_PUSH</string>
05-22 13:52:54.619 D/MdmDatabaseHelper(22964): 				<string>android.permission.INTERNET</string>
05-22 13:52:54.619 D/MdmDatabaseHelper(22964): 				<string>android.permission.SEND_SMS</string>
05-22 13:52:54.619 D/MdmDatabaseHelper(22964): 				<string>android.permission.READ_SMS</string>
05-22 13:52:54.619 D/MdmDatabaseHelper(22964): 				<string>android.permission.WRITE_SMS</string>
05-22 13:52:54.619 D/MdmDatabaseHelper(22964): 				<string>android.permission.READ_CALL_LOG</string>
05-22 13:52:54.619 D/MdmDatabaseHelper(22964): 				<string>android.permission.WRITE_CALL_LOG</string>
05-22 13:52:54.619 D/MdmDatabaseHelper(22964): 				<string>android.permission.ACCESS_NETWORK_STATE</string>
05-22 13:52:54.619 D/MdmDatabaseHelper(22964): 				<string>android.permission.READ_PHONE_STATE</string>
05-22 13:52:54.619 D/MdmDatabaseHelper(22964): 				<string>android.permission.MODIFY_PHONE_STATE</string>
05-22 13:52:54.619 D/MdmDatabaseHelper(22964): 				<string>android.permission.MODIFY_AUDIO_SETTINGS</string>
05-22 13:52:54.619 D/MdmDatabaseHelper(22964): 				<string>android.permission.VIBRATE</string>
05-22 13:52:54.619 D/MdmDatabaseHelper(22964): 				<string>android.permission.BATTERY_STATS</string>
05-22 13:52:54.619 D/MdmDatabaseHelper(22964): 				<string>android.permission.GET_PACKAGE_SIZE</string>
05-22 13:52:54.619 D/MdmDatabaseHelper(22964): 				<string>com.android.launcher.permission.READ_SETTINGS</string>
05-22 13:52:54.619 D/MdmDatabaseHelper(22964): 				<string>android.permission.WAKE_LOCK</string>
05-22 13:52:54.619 D/MdmDatabaseHelper(22964): 				<string>android.permission.CHANGE_NETWORK_STATE</string>
05-22 13:52:54.619 D/MdmDatabaseHelper(22964): 				<string>android.permission.WRITE_EXTERNAL_STORAGE</string>
05-22 13:52:54.619 D/MdmDatabaseHelper(22964): 				<string>android.permission.RESTART_PACKAGES</string>
05-22 13:52:54.619 D/MdmDatabaseHelper(22964): 				<string>android.permission.CHANGE_WIFI_STATE</string>
05-22 13:52:54.619 D/MdmDatabaseHelper(22964): 				<string>android.permission.WRITE_SETTINGS</string>
05-22 13:52:54.619 D/MdmDatabaseHelper(22964): 				<string>android.permission.WRITE_SECURE_SETTINGS</string>
05-22 13:52:54.619 D/MdmDatabaseHelper(22964): 				<string>android.permission.READ_SYNC_SETTINGS</string>
05-22 13:52:54.619 D/MdmDatabaseHelper(22964): 				<string>android.permission.WRITE_SYNC_SETTINGS</string>
05-22 13:52:54.619 D/MdmDatabaseHelper(22964): 				<string>android.permission.WRITE_APN_SETTINGS</string>
05-22 13:52:54.619 D/MdmDatabaseHelper(22964): 				<string>android.permission.BLUETOOTH_ADMIN</string>
05-22 13:52:54.619 D/MdmDatabaseHelper(22964): 				<string>android.permission.RECORD_AUDIO</string>
05-22 13:52:54.619 D/MdmDatabaseHelper(22964): 				<string>android.permission.READ_LOGS</string>
05-22 13:52:54.619 D/MdmDatabaseHelper(22964): 				<string>com.android.launcher.permission.INSTALL_SHORTCUT</string>
05-22 13:52:54.619 D/MdmDatabaseHelper(22964): 				<string>com.android.launcher.permission.UNINSTALL_SHORTCUT</string>
05-22 13:52:54.619 D/MdmDatabaseHelper(22964): 				<string>android.permission.ACCESS_WIFI_STATE</string>
05-22 13:52:54.619 D/MdmDatabaseHelper(22964): 				<string>android.permission.BLUETOOTH</string>
05-22 13:52:54.619 D/MdmDatabaseHelper(22964): 				<string>android.permission.CLEAR_APP_CACHE</string>
05-22 13:52:54.619 D/MdmDatabaseHelper(22964): 				<string>android.permission.GET_TASKS</string>
05-22 13:52:54.619 D/MdmDatabaseHelper(22964): 				<string>android.permission.REORDER_TASKS</string>
05-22 13:52:54.619 D/MdmDatabaseHelper(22964): 				<string>android.permission.GET_ACCOUNTS</strin
05-22 13:52:54.650 I/TransInfo(22964): TransInfo created, id: 3, class: class com.pekall.emdm.transaction.c.b
05-22 13:52:54.650 D/NetworkThread(22964): [null:-1]->----isRunning-----true
05-22 13:52:54.650 D/NetworkThread(22964): [null:-1]->----isRunning-----true
05-22 13:52:54.650 D/NetworkThread(22964): [null:-1]->thread wakeup
05-22 13:52:54.697 D/NetworkThread(22964): [null:-1]->sendHttpPost:PostRequest, url: http://192.168.10.21/rest/mdm/v1/ios/android_server, Params: [content:<?xml version="1.0" encoding="UTF-8"?>
05-22 13:52:54.697 D/NetworkThread(22964): <!DOCTYPE plist PUBLIC "-//Apple//DTD PLIST 1.0//EN" "http://www.apple.com/DTDs/PropertyList-1.0.dtd">
05-22 13:52:54.697 D/NetworkThread(22964): <plist version="1.0">
05-22 13:52:54.697 D/NetworkThread(22964): <dict>
05-22 13:52:54.697 D/NetworkThread(22964): 	<key>InstalledApplicationList</key>
05-22 13:52:54.697 D/NetworkThread(22964): 	<array>
05-22 13:52:54.697 D/NetworkThread(22964): 		<dict>
05-22 13:52:54.697 D/NetworkThread(22964): 			<key>AppPermissions</key>
05-22 13:52:54.697 D/NetworkThread(22964): 			<array>
05-22 13:52:54.697 D/NetworkThread(22964): 				<string>android.permission.READ_LOGS</string>
05-22 13:52:54.697 D/NetworkThread(22964): 				<string>android.permission.WRITE_EXTERNAL_STORAGE</string>
05-22 13:52:54.697 D/NetworkThread(22964): 				<string>com.qihoo.root.RESPOND</string>
05-22 13:52:54.697 D/NetworkThread(22964): 				<string>com.qihoo.root.provider.READ</string>
05-22 13:52:54.697 D/NetworkThread(22964): 				<string>com.qihoo.root.provider.WRITE</string>
05-22 13:52:54.697 D/NetworkThread(22964): 				<string>android.permission.INTERNET</string>
05-22 13:52:54.697 D/NetworkThread(22964): 				<string>android.permission.ACCESS_NETWORK_STATE</string>
05-22 13:52:54.697 D/NetworkThread(22964): 				<string>android.permission.INSTALL_PACKAGES</string>
05-22 13:52:54.697 D/NetworkThread(22964): 				<string>android.permission.KILL_BACKGROUND_PROCESSES</string>
05-22 13:52:54.697 D/NetworkThread(22964): 				<string>android.permission.RESTART_PACKAGES</string>
05-22 13:52:54.697 D/NetworkThread(22964): 				<string>android.permission.READ_PHONE_STATE</string>
05-22 13:52:54.697 D/NetworkThread(22964): 				<string>android.permission.DELETE_PACKAGES</string>
05-22 13:52:54.697 D/NetworkThread(22964): 				<string>android.permission.READ_EXTERNAL_STORAGE</string>
05-22 13:52:54.697 D/NetworkThread(22964): 			</array>
05-22 13:52:54.697 D/NetworkThread(22964): 			<key>Version</key>
05-22 13:52:54.697 D/NetworkThread(22964): 			<string>7</string>
05-22 13:52:54.697 D/NetworkThread(22964): 			<key>ShortVersion</key>
05-22 13:52:54.697 D/NetworkThread(22964): 			<string>6.0.1</string>
05-22 13:52:54.697 D/NetworkThread(22964): 			<key>Identifier</key>
05-22 13:52:54.697 D/NetworkThread(22964): 			<string>com.qihoo.root</string>
05-22 13:52:54.697 D/NetworkThread(22964): 			<key>Name</key>
05-22 13:52:54.697 D/NetworkThread(22964): 			<string>360</string>
05-22 13:52:54.697 D/NetworkThread(22964): 			<key>DynamicSize</key>
05-22 13:52:54.697 D/NetworkThread(22964): 			<integer>0</integer>
05-22 13:52:54.697 D/NetworkThread(22964): 			<key>BundleSize</key>
05-22 13:52:54.697 D/NetworkThread(22964): 			<integer>0</integer>
05-22 13:52:54.697 D/NetworkThread(22964): 		</dict>
05-22 13:52:54.697 D/NetworkThread(22964): 		<dict>
05-22 13:52:54.697 D/NetworkThread(22964): 			<key>AppPermissions</key>
05-22 13:52:54.697 D/NetworkThread(22964): 			<array>
