05-22 14:01:50.361 D/dalvikvm(  374): GC_FOR_ALLOC freed 892K, 25% free 23045K/30504K, paused 72ms, total 73ms
05-22 14:01:50.447 D/dalvikvm(  374): GC_FOR_ALLOC freed 755K, 25% free 23039K/30504K, paused 74ms, total 74ms
05-22 14:01:50.541 V/StateManager(24016): startState class com.android.gallery3d.app.FilmstripPage
05-22 14:01:50.541 V/CameraHolder(24016): open camera 0
05-22 14:01:50.556 I/AwesomePlayer(  127): setDataSource_l(URL suppressed)
05-22 14:01:50.603 I/AwesomePlayer(  127): setDataSource_l(URL suppressed)
05-22 14:01:50.642 I/CameraClient(  127): Opening camera 0
05-22 14:01:50.642 I/CameraHAL(  127): camera_device open
05-22 14:01:50.666 E/LightCycleHelper(24016): Connection failed: ConnectionResult{statusCode=SERVICE_DISABLED, resolution=null}
05-22 14:01:50.674 D/CameraStorage(24016): External storage state=mounted
05-22 14:01:50.767 D/CAM_PhotoModule(24016): Preview size changed.
05-22 14:01:50.767 I/CAM_ScreenNail(24016): preview layout size: 720/1184
05-22 14:01:50.767 I/CAM_ScreenNail(24016): aspect ratio clamping disabled
05-22 14:01:50.861 V/CAM_PhotoModule(24016): Preview size is 960x720
05-22 14:01:50.869 V/CAM_PhotoModule(24016): Preview size is 960x720
05-22 14:01:50.885 I/CAM_ScreenNail(24016): aspect ratio clamping disabled
05-22 14:01:50.885 I/CAM_ScreenNail(24016): aspect ratio clamping enabled, surfaceTexture scale: 0.8108108, 1.0
05-22 14:01:50.885 I/GLRootView(24016): onSurfaceChanged: 720x1184, gl10: com.google.android.gles_jni.GLImpl@42b03bb8
05-22 14:01:50.892 I/GLRootView(24016): layout content pane 720x1184 (compensation 0)
05-22 14:01:50.892 D/PhotoView(24016): compensation = 0, CameraRelativeFrame = Rect(0, 0 - 0, 0), mCameraRect = Rect(0, 0 - 0, 0)
05-22 14:01:50.924 I/ActivityManager(  374): Displayed com.google.android.gallery3d/com.android.camera.CameraLauncher: +470ms
05-22 14:01:50.931 D/dalvikvm(24016): GC_CONCURRENT freed 2047K, 21% free 16899K/21388K, paused 9ms+6ms, total 57ms
05-22 14:01:50.931 D/dalvikvm(24016): WAIT_FOR_CONCURRENT_GC blocked 39ms
05-22 14:01:50.931 D/dalvikvm(24016): WAIT_FOR_CONCURRENT_GC blocked 37ms
05-22 14:01:50.931 D/dalvikvm(24016): WAIT_FOR_CONCURRENT_GC blocked 18ms
05-22 14:01:51.010 D/dalvikvm(24016): GC_FOR_ALLOC freed 5803K, 28% free 13530K/18668K, paused 27ms, total 27ms
05-22 14:01:51.049 D/dalvikvm(24016): GC_FOR_ALLOC freed 1K, 22% free 14728K/18668K, paused 22ms, total 22ms
05-22 14:01:51.135 I/CAM_ScreenNail(24016): preview layout size: 720/1184
05-22 14:01:51.135 I/CAM_ScreenNail(24016): aspect ratio clamping enabled, surfaceTexture scale: 0.8108108, 1.0
05-22 14:01:51.267 D/dalvikvm(24016): GC_FOR_ALLOC freed 65K, 13% free 16416K/18668K, paused 39ms, total 39ms
05-22 14:01:51.267 V/CAM_PhotoModule(24016): startPreview
05-22 14:01:51.330 D/DOMX    (  127): ERROR: failed check:(eError == OMX_ErrorNone) || (eError == OMX_ErrorNoMore) - returning error: 0x80001005 - Error returned from OMX API in ducati
05-22 14:01:51.330 E/CameraHAL(  127): Error while configuring rotation 0x80001005
05-22 14:01:51.478 D/DOMX    (  127): ERROR: failed check:(eError == OMX_ErrorNone) || (eError == OMX_ErrorNoMore) - returning error: 0x80001005 - Error returned from OMX API in ducati
05-22 14:01:51.478 E/CameraHAL(  127): Error while configuring rotation 0x80001005
05-22 14:01:51.877 D/        (  127): PPM: Standby to first shot: Sensor Change completed -  :604.980 ms :  1400738511881 ms
05-22 14:01:51.900 D/        (  127): PPM: Focus finished in:  :-647175.-592 ms :  1400738511905 ms
05-22 14:01:52.174 D/dalvikvm(  374): GC_FOR_ALLOC freed 794K, 25% free 23058K/30504K, paused 86ms, total 86ms
05-22 14:01:52.181 I/WindowManager(  374): Screenshot Window{428afa40 u0 com.google.android.gallery3d/com.android.camera.CameraLauncher} was all black! mSurfaceLayer=21020 minLayer=21020 maxLayer=21020
05-22 14:01:52.189 V/StateManager(24016): no more state, finish activity
05-22 14:01:52.189 V/StateManager(24016): finishState com.android.gallery3d.app.FilmstripPage@42b47600
05-22 14:01:52.338 V/CAM_PhotoModule(24016): stopPreview
05-22 14:01:52.338 E/CameraHAL(  127): Adapter state switch PREVIEW_ACTIVE Invalid Op! event = 0xf
05-22 14:01:52.478 I/CameraClient(  127): Destroying camera 0
05-22 14:01:52.525 W/AudioFlinger(  127): session id 2056 not found for pid 127
05-22 14:01:52.525 W/AudioFlinger(  127): session id 2057 not found for pid 127
05-22 14:01:53.221 V/StateManager(24016): destroy
05-22 14:01:53.744 I/QueryController(24000): Matched selector: UiSelector[DESCRIPTION=Apps, PACKAGE NAME=com.android.launcher] <<==>> [android.view.accessibility.AccessibilityNodeInfo@18f8f; boundsInParent: Rect(524257, 0 - 524399, 104); boundsInScreen: Rect(0, 50 - 142, 154); packageName: com.android.launcher; className: android.widget.TextView; text: Apps; contentDescription: Apps; viewIdResName: null; checkable: false; checked: false; focusable: true; focused: false; selected: true; clickable: true; longClickable: false; enabled: true; password: false; scrollable: false; [ACTION_FOCUS, ACTION_SELECT, ACTION_CLEAR_SELECTION, ACTION_CLICK, ACTION_ACCESSIBILITY_FOCUS, ACTION_NEXT_AT_MOVEMENT_GRANULARITY, ACTION_PREVIOUS_AT_MOVEMENT_GRANULARITY, ACTION_SET_SELECTION]]
05-22 14:01:53.760 I/QueryController(24000): Matched selector: UiSelector[DESCRIPTION=Apps, PACKAGE NAME=com.android.launcher] <<==>> [android.view.accessibility.AccessibilityNodeInfo@18f8f; boundsInParent: Rect(524257, 0 - 524399, 104); boundsInScreen: Rect(0, 50 - 142, 154); packageName: com.android.launcher; className: android.widget.TextView; text: Apps; contentDescription: Apps; viewIdResName: null; checkable: false; checked: false; focusable: true; focused: false; selected: true; clickable: true; longClickable: false; enabled: true; password: false; scrollable: false; [ACTION_FOCUS, ACTION_SELECT, ACTION_CLEAR_SELECTION, ACTION_CLICK, ACTION_ACCESSIBILITY_FOCUS, ACTION_NEXT_AT_MOVEMENT_GRANULARITY, ACTION_PREVIOUS_AT_MOVEMENT_GRANULARITY, ACTION_SET_SELECTION]]
05-22 14:01:53.760 D/InteractionController(24000): clickAndWaitForNewWindow(71, 102)
05-22 14:01:56.861 W/InteractionController(24000): runAndwaitForEvent timedout waiting for events
05-22 14:01:56.877 I/QueryController(24000): Matched selector: UiSelector[TEXT=Apps, CLASS=android.widget.TextView, PACKAGE NAME=com.android.launcher] <<==>> [android.view.accessibility.AccessibilityNodeInfo@18f8f; boundsInParent: Rect(524257, 0 - 524399, 104); boundsInScreen: Rect(0, 50 - 142, 154); packageName: com.android.launcher; className: android.widget.TextView; text: Apps; contentDescription: Apps; viewIdResName: null; checkable: false; checked: false; focusable: true; focused: false; selected: true; clickable: true; longClickable: false; enabled: true; password: false; scrollable: false; [ACTION_FOCUS, ACTION_SELECT, ACTION_CLEAR_SELECTION, ACTION_CLICK, ACTION_ACCESSIBILITY_FOCUS, ACTION_NEXT_AT_MOVEMENT_GRANULARITY, ACTION_PREVIOUS_AT_MOVEMENT_GRANULARITY, ACTION_SET_SELECTION]]
05-22 14:01:56.892 I/QueryController(24000): Matched selector: UiSelector[TEXT=Apps, CLASS=android.widget.TextView, PACKAGE NAME=com.android.launcher] <<==>> [android.view.accessibility.AccessibilityNodeInfo@18f8f; boundsInParent: Rect(524257, 0 - 524399, 104); boundsInScreen: Rect(0, 50 - 142, 154); packageName: com.android.launcher; className: android.widget.TextView; text: Apps; contentDescription: Apps; viewIdResName: null; checkable: false; checked: false; focusable: true; focused: false; selected: true; clickable: true; longClickable: false; enabled: true; password: false; scrollable: false; [ACTION_FOCUS, ACTION_SELECT, ACTION_CLEAR_SELECTION, ACTION_CLICK, ACTION_ACCESSIBILITY_FOCUS, ACTION_NEXT_AT_MOVEMENT_GRANULARITY, ACTION_PREVIOUS_AT_MOVEMENT_GRANULARITY, ACTION_SET_SELECTION]]
05-22 14:01:56.892 D/UiObject(24000): getText() = Apps
05-22 14:01:56.908 I/QueryController(24000): Matched selector: UiSelector[TEXT=Apps, CLASS=android.widget.TextView, PACKAGE NAME=com.android.launcher] <<==>> [android.view.accessibility.AccessibilityNodeInfo@18f8f; boundsInParent: Rect(524257, 0 - 524399, 104); boundsInScreen: Rect(0, 50 - 142, 154); packageName: com.android.launcher; className: android.widget.TextView; text: Apps; contentDescription: Apps; viewIdResName: null; checkable: false; checked: false; focusable: true; focused: false; selected: true; clickable: true; longClickable: false; enabled: true; password: false; scrollable: false; [ACTION_FOCUS, ACTION_SELECT, ACTION_CLEAR_SELECTION, ACTION_CLICK, ACTION_ACCESSIBILITY_FOCUS, ACTION_NEXT_AT_MOVEMENT_GRANULARITY, ACTION_PREVIOUS_AT_MOVEMENT_GRANULARITY, ACTION_SET_SELECTION]]
05-22 14:01:56.924 I/QueryController(24000): Matched selector: UiSelector[TEXT=Apps, CLASS=android.widget.TextView, PACKAGE NAME=com.android.launcher] <<==>> [android.view.accessibility.AccessibilityNodeInfo@18f8f; boundsInParent: Rect(524257, 0 - 524399, 104); boundsInScreen: Rect(0, 50 - 142, 154); packageName: com.android.launcher; className: android.widget.TextView; text: Apps; contentDescription: Apps; viewIdResName: null; checkable: false; checked: false; focusable: true; focused: false; selected: true; clickable: true; longClickable: false; enabled: true; password: false; scrollable: false; [ACTION_FOCUS, ACTION_SELECT, ACTION_CLEAR_SELECTION, ACTION_CLICK, ACTION_ACCESSIBILITY_FOCUS, ACTION_NEXT_AT_MOVEMENT_GRANULARITY, ACTION_PREVIOUS_AT_MOVEMENT_GRANULARITY, ACTION_SET_SELECTION]]
05-22 14:01:56.924 D/InteractionController(24000): clickAndWaitForNewWindow(71, 102)
05-22 14:02:00.033 W/InteractionController(24000): runAndwaitForEvent timedout waiting for events
05-22 14:02:00.049 I/QueryController(24000): Matched selector: UiSelector[PACKAGE NAME=com.android.launcher] <<==>> [android.view.accessibility.AccessibilityNodeInfo@7d86; boundsInParent: Rect(0, 0 - 720, 1184); boundsInScreen: Rect(0, 0 - 720, 1184); packageName: com.android.launcher; className: android.widget.FrameLayout; text: null; contentDescription: null; viewIdResName: null; checkable: false; checked: false; focusable: false; focused: false; selected: false; clickable: false; longClickable: false; enabled: true; password: false; scrollable: false; [ACTION_SELECT, ACTION_CLEAR_SELECTION, ACTION_ACCESSIBILITY_FOCUS]]
05-22 14:02:00.064 I/QueryController(24000): Matched selector: UiSelector[TEXT=Camera] <<==>> [android.view.accessibility.AccessibilityNodeInfo@18f6cb; boundsInParent: Rect(0, 0 - 148, 184); boundsInScreen: Rect(16, 572 - 164, 756); packageName: com.android.launcher; className: android.widget.TextView; text: Camera; contentDescription: null; viewIdResName: null; checkable: false; checked: false; focusable: true; focused: false; selected: false; clickable: true; longClickable: true; enabled: true; password: false; scrollable: false; [ACTION_FOCUS, ACTION_SELECT, ACTION_CLEAR_SELECTION, ACTION_CLICK, ACTION_LONG_CLICK, ACTION_ACCESSIBILITY_FOCUS, ACTION_NEXT_AT_MOVEMENT_GRANULARITY, ACTION_PREVIOUS_AT_MOVEMENT_GRANULARITY, ACTION_SET_SELECTION]]
05-22 14:02:00.080 I/QueryController(24000): Matched selector: UiSelector[TEXT=Camera] <<==>> [android.view.accessibility.AccessibilityNodeInfo@18f6cb; boundsInParent: Rect(0, 0 - 148, 184); boundsInScreen: Rect(16, 572 - 164, 756); packageName: com.android.launcher; className: android.widget.TextView; text: Camera; contentDescription: null; viewIdResName: null; checkable: false; checked: false; focusable: true; focused: false; selected: false; clickable: true; longClickable: true; enabled: true; password: false; scrollable: false; [ACTION_FOCUS, ACTION_SELECT, ACTION_CLEAR_SELECTION, ACTION_CLICK, ACTION_LONG_CLICK, ACTION_ACCESSIBILITY_FOCUS, ACTION_NEXT_AT_MOVEMENT_GRANULARITY, ACTION_PREVIOUS_AT_MOVEMENT_GRANULARITY, ACTION_SET_SELECTION]]
05-22 14:02:00.080 D/InteractionController(24000): clickAndWaitForNewWindow(90, 664)
05-22 14:02:00.213 W/Parcel  ( 1661): Attempt to read object from Parcel 0x6013bdac at offset 200 that is not in the object list
05-22 14:02:00.221 I/ActivityManager(  374): START u0 {act=android.intent.action.MAIN cat=[android.intent.category.LAUNCHER] flg=0x10200000 cmp=com.google.android.gallery3d/com.android.camera.CameraLauncher} from pid 576
05-22 14:02:00.353 D/dalvikvm(  374): GC_FOR_ALLOC freed 906K, 25% free 23050K/30504K, paused 79ms, total 80ms
05-22 14:02:00.431 D/dalvikvm(  374): GC_FOR_ALLOC freed 754K, 25% free 23039K/30504K, paused 73ms, total 73ms
05-22 14:02:00.525 V/StateManager(24016): startState class com.android.gallery3d.app.FilmstripPage
05-22 14:02:00.525 V/CameraHolder(24016): open camera 0
05-22 14:02:00.533 I/AwesomePlayer(  127): setDataSource_l(URL suppressed)
05-22 14:02:00.572 I/AwesomePlayer(  127): setDataSource_l(URL suppressed)
05-22 14:02:00.611 I/CameraClient(  127): Opening camera 0
05-22 14:02:00.611 I/CameraHAL(  127): camera_device open
05-22 14:02:00.642 E/LightCycleHelper(24016): Connection failed: ConnectionResult{statusCode=SERVICE_DISABLED, resolution=null}
05-22 14:02:00.650 D/CameraStorage(24016): External storage state=mounted
05-22 14:02:00.736 D/CAM_PhotoModule(24016): Preview size changed.
05-22 14:02:00.736 I/CAM_ScreenNail(24016): preview layout size: 720/1184
05-22 14:02:00.736 I/CAM_ScreenNail(24016): aspect ratio clamping disabled
05-22 14:02:00.814 V/CAM_PhotoModule(24016): Preview size is 960x720
05-22 14:02:00.822 V/CAM_PhotoModule(24016): Preview size is 960x720
05-22 14:02:00.822 I/CAM_ScreenNail(24016): aspect ratio clamping disabled
05-22 14:02:00.822 I/CAM_ScreenNail(24016): aspect ratio clamping enabled, surfaceTexture scale: 0.8108108, 1.0
05-22 14:02:00.846 I/GLRootView(24016): onSurfaceChanged: 720x1184, gl10: com.google.android.gles_jni.GLImpl@42b90658
05-22 14:02:00.861 I/GLRootView(24016): layout content pane 720x1184 (compensation 0)
05-22 14:02:00.861 D/PhotoView(24016): compensation = 0, CameraRelativeFrame = Rect(0, 0 - 0, 0), mCameraRect = Rect(0, 0 - 0, 0)
05-22 14:02:00.900 D/dalvikvm(24016): GC_FOR_ALLOC freed 1971K, 12% free 16794K/18928K, paused 33ms, total 36ms
05-22 14:02:00.908 I/ActivityManager(  374): Displayed com.google.android.gallery3d/com.android.camera.CameraLauncher: +466ms
05-22 14:02:00.939 D/dalvikvm(24016): GC_FOR_ALLOC freed 5764K, 42% free 11135K/18928K, paused 26ms, total 27ms
05-22 14:02:00.939 I/dalvikvm-heap(24016): Grow heap (frag case) to 11.986MB for 1127536-byte allocation
05-22 14:02:00.978 D/dalvikvm(24016): GC_FOR_ALLOC freed <1K, 36% free 12236K/18928K, paused 40ms, total 40ms
05-22 14:02:01.025 D/dalvikvm(24016): GC_CONCURRENT freed 2K, 35% free 12337K/18928K, paused 3ms+3ms, total 44ms
05-22 14:02:01.025 D/dalvikvm(24016): WAIT_FOR_CONCURRENT_GC blocked 31ms
05-22 14:02:01.056 D/dalvikvm(24016): GC_FOR_ALLOC freed <1K, 30% free 13438K/18928K, paused 20ms, total 20ms
05-22 14:02:01.096 D/dalvikvm(24016): GC_FOR_ALLOC freed <1K, 23% free 14735K/18928K, paused 23ms, total 23ms
05-22 14:02:01.197 I/CAM_ScreenNail(24016): preview layout size: 720/1184
05-22 14:02:01.197 I/CAM_ScreenNail(24016): aspect ratio clamping enabled, surfaceTexture scale: 0.8108108, 1.0
05-22 14:02:01.314 V/CAM_PhotoModule(24016): startPreview
05-22 14:02:01.346 D/dalvikvm(24016): GC_FOR_ALLOC freed 68K, 14% free 16421K/18928K, paused 20ms, total 20ms
05-22 14:02:01.377 D/DOMX    (  127): ERROR: failed check:(eError == OMX_ErrorNone) || (eError == OMX_ErrorNoMore) - returning error: 0x80001005 - Error returned from OMX API in ducati
05-22 14:02:01.377 E/CameraHAL(  127): Error while configuring rotation 0x80001005
05-22 14:02:01.510 D/DOMX    (  127): ERROR: failed check:(eError == OMX_ErrorNone) || (eError == OMX_ErrorNoMore) - returning error: 0x80001005 - Error returned from OMX API in ducati
05-22 14:02:01.510 E/CameraHAL(  127): Error while configuring rotation 0x80001005
05-22 14:02:01.908 D/        (  127): PPM: Standby to first shot: Sensor Change completed -  :590.607 ms :  1400738521913 ms
05-22 14:02:02.088 D/        (  127): PPM: Focus finished in:  :-636989.-556 ms :  1400738522091 ms
05-22 14:02:02.174 D/dalvikvm(  374): GC_FOR_ALLOC freed 799K, 25% free 23058K/30504K, paused 73ms, total 74ms
05-22 14:02:02.174 I/WindowManager(  374): Screenshot Window{42ee0850 u0 com.google.android.gallery3d/com.android.camera.CameraLauncher} was all black! mSurfaceLayer=21020 minLayer=21020 maxLayer=21020
05-22 14:02:02.181 V/StateManager(24016): no more state, finish activity
05-22 14:02:02.181 V/StateManager(24016): finishState com.android.gallery3d.app.FilmstripPage@42b02688
05-22 14:02:02.314 V/CAM_PhotoModule(24016): stopPreview
05-22 14:02:02.322 E/CameraHAL(  127): Adapter state switch PREVIEW_ACTIVE Invalid Op! event = 0xf
05-22 14:02:02.416 I/CameraClient(  127): Destroying camera 0
05-22 14:02:02.439 W/MountService(  374): getVolumeState(/storage/emulated/0/external_sd): Unknown volume
05-22 14:02:02.439 W/MountService(  374): getVolumeState(/mnt/sdcard-ext): Unknown volume
05-22 14:02:02.439 W/MountService(  374): getVolumeState(/mnt/ext_sdcard): Unknown volume
05-22 14:02:02.439 W/MountService(  374): getVolumeState(/mnt/sdcard2): Unknown volume
05-22 14:02:02.439 W/MountService(  374): getVolumeState(/mnt/emmc): Unknown volume
05-22 14:02:02.439 W/MountService(  374): getVolumeState(/mnt/extSdCard): Unknown volume
05-22 14:02:02.439 W/MountService(  374): getVolumeState(/mnt/sdcard/SD_CARD): Unknown volume
05-22 14:02:02.439 W/MountService(  374): getVolumeState(/mnt/sdcard/extra_sd): Unknown volume
05-22 14:02:02.439 W/MountService(  374): getVolumeState(/mnt/extrasd_bind): Unknown volume
05-22 14:02:02.447 W/MountService(  374): getVolumeState(/mnt/sdcard/ext_sd): Unknown volume
05-22 14:02:02.447 W/MountService(  374): getVolumeState(/storage/extSdCard): Unknown volume
05-22 14:02:02.447 W/MountService(  374): getVolumeState(/storage/sdcard1): Unknown volume
05-22 14:02:02.447 W/MountService(  374): getVolumeState(/mnt/sdcard/external_SD): Unknown volume
05-22 14:02:02.447 W/MountService(  374): getVolumeState(/mnt/sdcard/external_sd): Unknown volume
05-22 14:02:02.455 W/AudioFlinger(  127): session id 2061 not found for pid 127
05-22 14:02:02.463 W/AudioFlinger(  127): session id 2062 not found for pid 127
05-22 14:02:02.494 D/dalvikvm( 1468): GC_CONCURRENT freed 485K, 20% free 10056K/12512K, paused 10ms+10ms, total 63ms
05-22 14:02:02.494 D/dalvikvm( 1468): WAIT_FOR_CONCURRENT_GC blocked 41ms
05-22 14:02:02.494 D/dalvikvm( 1468): WAIT_FOR_CONCURRENT_GC blocked 37ms
05-22 14:02:02.681 I/ActivityManager(  374): Start proc android.process.acore for content provider com.android.providers.contacts/.ContactsProvider2: pid=24236 uid=10000 gids={50000, 3003, 1015, 1028}
05-22 14:02:02.853 D/dalvikvm(24236): GC_CONCURRENT freed 224K, 3% free 9165K/9428K, paused 3ms+5ms, total 40ms
05-22 14:02:03.017 I/ContactLocale(24236): AddressBook Labels [en_US]: [, A, B, C, D, E, F, G, H, I, J, K, L, M, N, O, P, Q, R, S, T, U, V, W, X, Y, Z, , , , , , , , , , , , , , , , , , , , , , , , , , , , , , , , , , , , , , , , , , , , , , , , , , , , , , , , , , , , , , , , , , , , , , , , , , , , , , , , , , , , , , , , , , , , , , , , , , , , , , , , , , , , , , , , , , , , , , , , , , , , , , , , , , , , , , , , , , , , , , , , , , , , , , , , , , , , , , , , , , , , , , , , , , , , , , , , , , , , , , #, ]
05-22 14:02:03.103 V/StateManager(24016): destroy
05-22 14:02:03.244 D/dalvikvm( 1468): GC_CONCURRENT freed 563K, 20% free 10019K/12512K, paused 5ms+6ms, total 49ms
05-22 14:02:03.244 D/dalvikvm( 1468): WAIT_FOR_CONCURRENT_GC blocked 14ms
05-22 14:02:03.252 W/MountService(  374): getVolumeState(/storage/emulated/0/external_sd): Unknown volume
05-22 14:02:03.252 W/MountService(  374): getVolumeState(/mnt/sdcard-ext): Unknown volume
05-22 14:02:03.252 W/MountService(  374): getVolumeState(/mnt/ext_sdcard): Unknown volume
05-22 14:02:03.252 W/MountService(  374): getVolumeState(/mnt/sdcard2): Unknown volume
05-22 14:02:03.252 W/MountService(  374): getVolumeState(/mnt/emmc): Unknown volume
05-22 14:02:03.252 W/MountService(  374): getVolumeState(/mnt/extSdCard): Unknown volume
05-22 14:02:03.260 W/MountService(  374): getVolumeState(/mnt/sdcard/SD_CARD): Unknown volume
05-22 14:02:03.260 W/MountService(  374): getVolumeState(/mnt/sdcard/extra_sd): Unknown volume
05-22 14:02:03.260 W/MountService(  374): getVolumeState(/mnt/extrasd_bind): Unknown volume
05-22 14:02:03.260 W/MountService(  374): getVolumeState(/mnt/sdcard/ext_sd): Unknown volume
05-22 14:02:03.260 W/MountService(  374): getVolumeState(/storage/extSdCard): Unknown volume
05-22 14:02:03.260 W/MountService(  374): getVolumeState(/storage/sdcard1): Unknown volume
05-22 14:02:03.260 W/MountService(  374): getVolumeState(/mnt/sdcard/external_SD): Unknown volume
05-22 14:02:03.260 W/MountService(  374): getVolumeState(/mnt/sdcard/external_sd): Unknown volume
05-22 14:02:03.369 D/dalvikvm( 1468): GC_CONCURRENT freed 435K, 21% free 9986K/12512K, paused 6ms+4ms, total 30ms
05-22 14:02:03.681 I/QueryController(24000): Matched selector: UiSelector[DESCRIPTION=Apps, PACKAGE NAME=com.android.launcher] <<==>> [android.view.accessibility.AccessibilityNodeInfo@18f8f; boundsInParent: Rect(524257, 0 - 524399, 104); boundsInScreen: Rect(0, 50 - 142, 154); packageName: com.android.launcher; className: android.widget.TextView; text: Apps; contentDescription: Apps; viewIdResName: null; checkable: false; checked: false; focusable: true; focused: false; selected: true; clickable: true; longClickable: false; enabled: true; password: false; scrollable: false; [ACTION_FOCUS, ACTION_SELECT, ACTION_CLEAR_SELECTION, ACTION_CLICK, ACTION_ACCESSIBILITY_FOCUS, ACTION_NEXT_AT_MOVEMENT_GRANULARITY, ACTION_PREVIOUS_AT_MOVEMENT_GRANULARITY, ACTION_SET_SELECTION]]
05-22 14:02:03.728 D/dalvikvm(24000): GC_FOR_ALLOC freed 7572K, 93% free 619K/8192K, paused 29ms, total 29ms
05-22 14:02:03.728 I/QueryController(24000): Matched selector: UiSelector[DESCRIPTION=Apps, PACKAGE NAME=com.android.launcher] <<==>> [android.view.accessibility.AccessibilityNodeInfo@18f8f; boundsInParent: Rect(524257, 0 - 524399, 104); boundsInScreen: Rect(0, 50 - 142, 154); packageName: com.android.launcher; className: android.widget.TextView; text: Apps; contentDescription: Apps; viewIdResName: null; checkable: false; checked: false; focusable: true; focused: false; selected: true; clickable: true; longClickable: false; enabled: true; password: false; scrollable: false; [ACTION_FOCUS, ACTION_SELECT, ACTION_CLEAR_SELECTION, ACTION_CLICK, ACTION_ACCESSIBILITY_FOCUS, ACTION_NEXT_AT_MOVEMENT_GRANULARITY, ACTION_PREVIOUS_AT_MOVEMENT_GRANULARITY, ACTION_SET_SELECTION]]
05-22 14:02:03.728 D/InteractionController(24000): clickAndWaitForNewWindow(71, 102)
05-22 14:02:03.846 D/dalvikvm(24236): GC_CONCURRENT freed 192K, 3% free 9369K/9604K, paused 1ms+1ms, total 26ms
05-22 14:02:03.994 I/ActivityManager(  374): Process com.android.settings (pid 23862) has died.
05-22 14:02:06.838 W/InteractionController(24000): runAndwaitForEvent timedout waiting for events
05-22 14:02:06.853 I/QueryController(24000): Matched selector: UiSelector[TEXT=Apps, CLASS=android.widget.TextView, PACKAGE NAME=com.android.launcher] <<==>> [android.view.accessibility.AccessibilityNodeInfo@18f8f; boundsInParent: Rect(524257, 0 - 524399, 104); boundsInScreen: Rect(0, 50 - 142, 154); packageName: com.android.launcher; className: android.widget.TextView; text: Apps; contentDescription: Apps; viewIdResName: null; checkable: false; checked: false; focusable: true; focused: false; selected: true; clickable: true; longClickable: false; enabled: true; password: false; scrollable: false; [ACTION_FOCUS, ACTION_SELECT, ACTION_CLEAR_SELECTION, ACTION_CLICK, ACTION_ACCESSIBILITY_FOCUS, ACTION_NEXT_AT_MOVEMENT_GRANULARITY, ACTION_PREVIOUS_AT_MOVEMENT_GRANULARITY, ACTION_SET_SELECTION]]
05-22 14:02:06.869 I/QueryController(24000): Matched selector: UiSelector[TEXT=Apps, CLASS=android.widget.TextView, PACKAGE NAME=com.android.launcher] <<==>> [android.view.accessibility.AccessibilityNodeInfo@18f8f; boundsInParent: Rect(524257, 0 - 524399, 104); boundsInScreen: Rect(0, 50 - 142, 154); packageName: com.android.launcher; className: android.widget.TextView; text: Apps; contentDescription: Apps; viewIdResName: null; checkable: false; checked: false; focusable: true; focused: false; selected: true; clickable: true; longClickable: false; enabled: true; password: false; scrollable: false; [ACTION_FOCUS, ACTION_SELECT, ACTION_CLEAR_SELECTION, ACTION_CLICK, ACTION_ACCESSIBILITY_FOCUS, ACTION_NEXT_AT_MOVEMENT_GRANULARITY, ACTION_PREVIOUS_AT_MOVEMENT_GRANULARITY, ACTION_SET_SELECTION]]
05-22 14:02:06.869 D/UiObject(24000): getText() = Apps
05-22 14:02:06.885 I/QueryController(24000): Matched selector: UiSelector[TEXT=Apps, CLASS=android.widget.TextView, PACKAGE NAME=com.android.launcher] <<==>> [android.view.accessibility.AccessibilityNodeInfo@18f8f; boundsInParent: Rect(524257, 0 - 524399, 104); boundsInScreen: Rect(0, 50 - 142, 154); packageName: com.android.launcher; className: android.widget.TextView; text: Apps; contentDescription: Apps; viewIdResName: null; checkable: false; checked: false; focusable: true; focused: false; selected: true; clickable: true; longClickable: false; enabled: true; password: false; scrollable: false; [ACTION_FOCUS, ACTION_SELECT, ACTION_CLEAR_SELECTION, ACTION_CLICK, ACTION_ACCESSIBILITY_FOCUS, ACTION_NEXT_AT_MOVEMENT_GRANULARITY, ACTION_PREVIOUS_AT_MOVEMENT_GRANULARITY, ACTION_SET_SELECTION]]
05-22 14:02:06.900 I/QueryController(24000): Matched selector: UiSelector[TEXT=Apps, CLASS=android.widget.TextView, PACKAGE NAME=com.android.launcher] <<==>> [android.view.accessibility.AccessibilityNodeInfo@18f8f; boundsInParent: Rect(524257, 0 - 524399, 104); boundsInScreen: Rect(0, 50 - 142, 154); packageName: com.android.launcher; className: android.widget.TextView; text: Apps; contentDescription: Apps; viewIdResName: null; checkable: false; checked: false; focusable: true; focused: false; selected: true; clickable: true; longClickable: false; enabled: true; password: false; scrollable: false; [ACTION_FOCUS, ACTION_SELECT, ACTION_CLEAR_SELECTION, ACTION_CLICK, ACTION_ACCESSIBILITY_FOCUS, ACTION_NEXT_AT_MOVEMENT_GRANULARITY, ACTION_PREVIOUS_AT_MOVEMENT_GRANULARITY, ACTION_SET_SELECTION]]
05-22 14:02:06.900 D/InteractionController(24000): clickAndWaitForNewWindow(71, 102)
05-22 14:02:09.853 D/dalvikvm(20749): GC_CONCURRENT freed 444K, 5% free 9410K/9896K, paused 3ms+2ms, total 17ms
05-22 14:02:10.002 W/InteractionController(24000): runAndwaitForEvent timedout waiting for events
05-22 14:02:10.025 I/QueryController(24000): Matched selector: UiSelector[PACKAGE NAME=com.android.launcher] <<==>> [android.view.accessibility.AccessibilityNodeInfo@7d86; boundsInParent: Rect(0, 0 - 720, 1184); boundsInScreen: Rect(0, 0 - 720, 1184); packageName: com.android.launcher; className: android.widget.FrameLayout; text: null; contentDescription: null; viewIdResName: null; checkable: false; checked: false; focusable: false; focused: false; selected: false; clickable: false; longClickable: false; enabled: true; password: false; scrollable: false; [ACTION_SELECT, ACTION_CLEAR_SELECTION, ACTION_ACCESSIBILITY_FOCUS]]
05-22 14:02:10.041 I/QueryController(24000): Matched selector: UiSelector[TEXT=Camera] <<==>> [android.view.accessibility.AccessibilityNodeInfo@18f6cb; boundsInParent: Rect(0, 0 - 148, 184); boundsInScreen: Rect(16, 572 - 164, 756); packageName: com.android.launcher; className: android.widget.TextView; text: Camera; contentDescription: null; viewIdResName: null; checkable: false; checked: false; focusable: true; focused: false; selected: false; clickable: true; longClickable: true; enabled: true; password: false; scrollable: false; [ACTION_FOCUS, ACTION_SELECT, ACTION_CLEAR_SELECTION, ACTION_CLICK, ACTION_LONG_CLICK, ACTION_ACCESSIBILITY_FOCUS, ACTION_NEXT_AT_MOVEMENT_GRANULARITY, ACTION_PREVIOUS_AT_MOVEMENT_GRANULARITY, ACTION_SET_SELECTION]]
05-22 14:02:10.056 D/dalvikvm(24000): GC_CONCURRENT freed 421K, 93% free 634K/8192K, paused 0ms+1ms, total 6ms
05-22 14:02:10.056 I/QueryController(24000): Matched selector: UiSelector[TEXT=Camera] <<==>> [android.view.accessibility.AccessibilityNodeInfo@18f6cb; boundsInParent: Rect(0, 0 - 148, 184); boundsInScreen: Rect(16, 572 - 164, 756); packageName: com.android.launcher; className: android.widget.TextView; text: Camera; contentDescription: null; viewIdResName: null; checkable: false; checked: false; focusable: true; focused: false; selected: false; clickable: true; longClickable: true; enabled: true; password: false; scrollable: false; [ACTION_FOCUS, ACTION_SELECT, ACTION_CLEAR_SELECTION, ACTION_CLICK, ACTION_LONG_CLICK, ACTION_ACCESSIBILITY_FOCUS, ACTION_NEXT_AT_MOVEMENT_GRANULARITY, ACTION_PREVIOUS_AT_MOVEMENT_GRANULARITY, ACTION_SET_SELECTION]]
05-22 14:02:10.056 D/InteractionController(24000): clickAndWaitForNewWindow(90, 664)
05-22 14:02:10.181 W/Parcel  ( 1661): Attempt to read object from Parcel 0x5ec3bdac at offset 200 that is not in the object list
05-22 14:02:10.181 I/ActivityManager(  374): START u0 {act=android.intent.action.MAIN cat=[android.intent.category.LAUNCHER] flg=0x10200000 cmp=com.google.android.gallery3d/com.android.camera.CameraLauncher} from pid 576
05-22 14:02:10.314 D/dalvikvm(  374): GC_FOR_ALLOC freed 950K, 25% free 23055K/30504K, paused 88ms, total 89ms
05-22 14:02:10.400 D/dalvikvm(  374): GC_FOR_ALLOC freed 759K, 25% free 23045K/30504K, paused 76ms, total 77ms
05-22 14:02:10.494 V/CameraHolder(24016): open camera 0
05-22 14:02:10.494 V/StateManager(24016): startState class com.android.gallery3d.app.FilmstripPage
05-22 14:02:10.502 I/AwesomePlayer(  127): setDataSource_l(URL suppressed)
05-22 14:02:10.541 I/AwesomePlayer(  127): setDataSource_l(URL suppressed)
05-22 14:02:10.603 E/LightCycleHelper(24016): Connection failed: ConnectionResult{statusCode=SERVICE_DISABLED, resolution=null}
05-22 14:02:10.603 I/CameraClient(  127): Opening camera 0
05-22 14:02:10.603 I/CameraHAL(  127): camera_device open
05-22 14:02:10.627 D/CameraStorage(24016): External storage state=mounted
05-22 14:02:10.721 D/CAM_PhotoModule(24016): Preview size changed.
05-22 14:02:10.721 I/CAM_ScreenNail(24016): preview layout size: 720/1184
05-22 14:02:10.721 I/CAM_ScreenNail(24016): aspect ratio clamping disabled
05-22 14:02:10.799 V/CAM_PhotoModule(24016): Preview size is 960x720
05-22 14:02:10.806 V/CAM_PhotoModule(24016): Preview size is 960x720
05-22 14:02:10.814 I/CAM_ScreenNail(24016): aspect ratio clamping disabled
05-22 14:02:10.814 I/CAM_ScreenNail(24016): aspect ratio clamping enabled, surfaceTexture scale: 0.8108108, 1.0
05-22 14:02:10.869 I/GLRootView(24016): onSurfaceChanged: 720x1184, gl10: com.google.android.gles_jni.GLImpl@42ba3378
05-22 14:02:10.869 I/GLRootView(24016): layout content pane 720x1184 (compensation 0)
05-22 14:02:10.869 D/PhotoView(24016): compensation = 0, CameraRelativeFrame = Rect(0, 0 - 0, 0), mCameraRect = Rect(0, 0 - 0, 0)
05-22 14:02:10.885 I/ActivityManager(  374): Displayed com.google.android.gallery3d/com.android.camera.CameraLauncher: +450ms
05-22 14:02:10.908 D/dalvikvm(24016): GC_FOR_ALLOC freed 1973K, 12% free 16804K/18924K, paused 34ms, total 37ms
05-22 14:02:10.939 D/dalvikvm(24016): GC_FOR_ALLOC freed 4817K, 37% free 12087K/18924K, paused 24ms, total 24ms
05-22 14:02:10.939 I/dalvikvm-heap(24016): Grow heap (frag case) to 12.915MB for 1127536-byte allocation
05-22 14:02:10.971 D/dalvikvm(24016): GC_FOR_ALLOC freed 0K, 31% free 13188K/18924K, paused 32ms, total 32ms
05-22 14:02:11.017 D/dalvikvm(24016): GC_CONCURRENT freed 949K, 29% free 13537K/18924K, paused 3ms+4ms, total 51ms
05-22 14:02:11.017 D/dalvikvm(24016): WAIT_FOR_CONCURRENT_GC blocked 16ms
05-22 14:02:11.049 D/dalvikvm(24016): GC_FOR_ALLOC freed 1K, 23% free 14735K/18924K, paused 18ms, total 18ms
05-22 14:02:11.127 I/CAM_ScreenNail(24016): preview layout size: 720/1184
05-22 14:02:11.127 I/CAM_ScreenNail(24016): aspect ratio clamping enabled, surfaceTexture scale: 0.8108108, 1.0
05-22 14:02:11.244 D/dalvikvm(24016): GC_FOR_ALLOC freed 65K, 14% free 16422K/18924K, paused 26ms, total 27ms
05-22 14:02:11.252 V/CAM_PhotoModule(24016): startPreview
05-22 14:02:11.306 D/DOMX    (  127): ERROR: failed check:(eError == OMX_ErrorNone) || (eError == OMX_ErrorNoMore) - returning error: 0x80001005 - Error returned from OMX API in ducati
05-22 14:02:11.306 E/CameraHAL(  127): Error while configuring rotation 0x80001005
05-22 14:02:11.447 D/DOMX    (  127): ERROR: failed check:(eError == OMX_ErrorNone) || (eError == OMX_ErrorNoMore) - returning error: 0x80001005 - Error returned from OMX API in ducati
05-22 14:02:11.447 E/CameraHAL(  127): Error while configuring rotation 0x80001005
05-22 14:02:11.846 D/        (  127): PPM: Standby to first shot: Sensor Change completed -  :594.818 ms :  1400738531852 ms
05-22 14:02:11.869 D/        (  127): PPM: Focus finished in:  :-627204.-583 ms :  1400738531876 ms
05-22 14:02:11.994 D/dalvikvm(24000): GC_CONCURRENT freed 431K, 78% free 588K/2560K, paused 1ms+0ms, total 12ms
05-22 14:02:12.142 D/dalvikvm(  374): GC_FOR_ALLOC freed 792K, 25% free 23063K/30504K, paused 81ms, total 81ms
05-22 14:02:12.150 I/WindowManager(  374): Screenshot Window{426e26d8 u0 com.google.android.gallery3d/com.android.camera.CameraLauncher} was all black! mSurfaceLayer=21020 minLayer=21020 maxLayer=21020
05-22 14:02:12.158 V/StateManager(24016): no more state, finish activity
05-22 14:02:12.158 V/StateManager(24016): finishState com.android.gallery3d.app.FilmstripPage@42286db8
05-22 14:02:12.306 V/CAM_PhotoModule(24016): stopPreview
05-22 14:02:12.306 E/CameraHAL(  127): Adapter state switch PREVIEW_ACTIVE Invalid Op! event = 0xf
05-22 14:02:12.447 I/CameraClient(  127): Destroying camera 0
05-22 14:02:12.494 W/AudioFlinger(  127): session id 2066 not found for pid 127
05-22 14:02:12.494 W/AudioFlinger(  127): session id 2067 not found for pid 127
05-22 14:02:13.158 V/StateManager(24016): destroy
05-22 14:02:13.713 I/QueryController(24000): Matched selector: UiSelector[DESCRIPTION=Apps, PACKAGE NAME=com.android.launcher] <<==>> [android.view.accessibility.AccessibilityNodeInfo@18f8f; boundsInParent: Rect(524257, 0 - 524399, 104); boundsInScreen: Rect(0, 50 - 142, 154); packageName: com.android.launcher; className: android.widget.TextView; text: Apps; contentDescription: Apps; viewIdResName: null; checkable: false; checked: false; focusable: true; focused: false; selected: true; clickable: true; longClickable: false; enabled: true; password: false; scrollable: false; [ACTION_FOCUS, ACTION_SELECT, ACTION_CLEAR_SELECTION, ACTION_CLICK, ACTION_ACCESSIBILITY_FOCUS, ACTION_NEXT_AT_MOVEMENT_GRANULARITY, ACTION_PREVIOUS_AT_MOVEMENT_GRANULARITY, ACTION_SET_SELECTION]]
05-22 14:02:13.728 I/QueryController(24000): Matched selector: UiSelector[DESCRIPTION=Apps, PACKAGE NAME=com.android.launcher] <<==>> [android.view.accessibility.AccessibilityNodeInfo@18f8f; boundsInParent: Rect(524257, 0 - 524399, 104); boundsInScreen: Rect(0, 50 - 142, 154); packageName: com.android.launcher; className: android.widget.TextView; text: Apps; contentDescription: Apps; viewIdResName: null; checkable: false; checked: false; focusable: true; focused: false; selected: true; clickable: true; longClickable: false; enabled: true; password: false; scrollable: false; [ACTION_FOCUS, ACTION_SELECT, ACTION_CLEAR_SELECTION, ACTION_CLICK, ACTION_ACCESSIBILITY_FOCUS, ACTION_NEXT_AT_MOVEMENT_GRANULARITY, ACTION_PREVIOUS_AT_MOVEMENT_GRANULARITY, ACTION_SET_SELECTION]]
05-22 14:02:13.728 D/InteractionController(24000): clickAndWaitForNewWindow(71, 102)
05-22 14:02:16.838 W/InteractionController(24000): runAndwaitForEvent timedout waiting for events
05-22 14:02:16.853 I/QueryController(24000): Matched selector: UiSelector[TEXT=Apps, CLASS=android.widget.TextView, PACKAGE NAME=com.android.launcher] <<==>> [android.view.accessibility.AccessibilityNodeInfo@18f8f; boundsInParent: Rect(524257, 0 - 524399, 104); boundsInScreen: Rect(0, 50 - 142, 154); packageName: com.android.launcher; className: android.widget.TextView; text: Apps; contentDescription: Apps; viewIdResName: null; checkable: false; checked: false; focusable: true; focused: false; selected: true; clickable: true; longClickable: false; enabled: true; password: false; scrollable: false; [ACTION_FOCUS, ACTION_SELECT, ACTION_CLEAR_SELECTION, ACTION_CLICK, ACTION_ACCESSIBILITY_FOCUS, ACTION_NEXT_AT_MOVEMENT_GRANULARITY, ACTION_PREVIOUS_AT_MOVEMENT_GRANULARITY, ACTION_SET_SELECTION]]
05-22 14:02:16.869 I/QueryController(24000): Matched selector: UiSelector[TEXT=Apps, CLASS=android.widget.TextView, PACKAGE NAME=com.android.launcher] <<==>> [android.view.accessibility.AccessibilityNodeInfo@18f8f; boundsInParent: Rect(524257, 0 - 524399, 104); boundsInScreen: Rect(0, 50 - 142, 154); packageName: com.android.launcher; className: android.widget.TextView; text: Apps; contentDescription: Apps; viewIdResName: null; checkable: false; checked: false; focusable: true; focused: false; selected: true; clickable: true; longClickable: false; enabled: true; password: false; scrollable: false; [ACTION_FOCUS, ACTION_SELECT, ACTION_CLEAR_SELECTION, ACTION_CLICK, ACTION_ACCESSIBILITY_FOCUS, ACTION_NEXT_AT_MOVEMENT_GRANULARITY, ACTION_PREVIOUS_AT_MOVEMENT_GRANULARITY, ACTION_SET_SELECTION]]
05-22 14:02:16.869 D/UiObject(24000): getText() = Apps
05-22 14:02:16.885 D/dalvikvm(24000): GC_CONCURRENT freed 353K, 76% free 618K/2560K, paused 1ms+0ms, total 5ms
05-22 14:02:16.885 I/QueryController(24000): Matched selector: UiSelector[TEXT=Apps, CLASS=android.widget.TextView, PACKAGE NAME=com.android.launcher] <<==>> [android.view.accessibility.AccessibilityNodeInfo@18f8f; boundsInParent: Rect(524257, 0 - 524399, 104); boundsInScreen: Rect(0, 50 - 142, 154); packageName: com.android.launcher; className: android.widget.TextView; text: Apps; contentDescription: Apps; viewIdResName: null; checkable: false; checked: false; focusable: true; focused: false; selected: true; clickable: true; longClickable: false; enabled: true; password: false; scrollable: false; [ACTION_FOCUS, ACTION_SELECT, ACTION_CLEAR_SELECTION, ACTION_CLICK, ACTION_ACCESSIBILITY_FOCUS, ACTION_NEXT_AT_MOVEMENT_GRANULARITY, ACTION_PREVIOUS_AT_MOVEMENT_GRANULARITY, ACTION_SET_SELECTION]]
05-22 14:02:16.900 I/QueryController(24000): Matched selector: UiSelector[TEXT=Apps, CLASS=android.widget.TextView, PACKAGE NAME=com.android.launcher] <<==>> [android.view.accessibility.AccessibilityNodeInfo@18f8f; boundsInParent: Rect(524257, 0 - 524399, 104); boundsInScreen: Rect(0, 50 - 142, 154); packageName: com.android.launcher; className: android.widget.TextView; text: Apps; contentDescription: Apps; viewIdResName: null; checkable: false; checked: false; focusable: true; focused: false; selected: true; clickable: true; longClickable: false; enabled: true; password: false; scrollable: false; [ACTION_FOCUS, ACTION_SELECT, ACTION_CLEAR_SELECTION, ACTION_CLICK, ACTION_ACCESSIBILITY_FOCUS, ACTION_NEXT_AT_MOVEMENT_GRANULARITY, ACTION_PREVIOUS_AT_MOVEMENT_GRANULARITY, ACTION_SET_SELECTION]]
05-22 14:02:16.900 D/InteractionController(24000): clickAndWaitForNewWindow(71, 102)
05-22 14:02:20.010 W/InteractionController(24000): runAndwaitForEvent timedout waiting for events
05-22 14:02:20.025 I/QueryController(24000): Matched selector: UiSelector[PACKAGE NAME=com.android.launcher] <<==>> [android.view.accessibility.AccessibilityNodeInfo@7d86; boundsInParent: Rect(0, 0 - 720, 1184); boundsInScreen: Rect(0, 0 - 720, 1184); packageName: com.android.launcher; className: android.widget.FrameLayout; text: null; contentDescription: null; viewIdResName: null; checkable: false; checked: false; focusable: false; focused: false; selected: false; clickable: false; longClickable: false; enabled: true; password: false; scrollable: false; [ACTION_SELECT, ACTION_CLEAR_SELECTION, ACTION_ACCESSIBILITY_FOCUS]]
05-22 14:02:20.041 I/QueryController(24000): Matched selector: UiSelector[TEXT=Camera] <<==>> [android.view.accessibility.AccessibilityNodeInfo@18f6cb; boundsInParent: Rect(0, 0 - 148, 184); boundsInScreen: Rect(16, 572 - 164, 756); packageName: com.android.launcher; className: android.widget.TextView; text: Camera; contentDescription: null; viewIdResName: null; checkable: false; checked: false; focusable: true; focused: false; selected: false; clickable: true; longClickable: true; enabled: true; password: false; scrollable: false; [ACTION_FOCUS, ACTION_SELECT, ACTION_CLEAR_SELECTION, ACTION_CLICK, ACTION_LONG_CLICK, ACTION_ACCESSIBILITY_FOCUS, ACTION_NEXT_AT_MOVEMENT_GRANULARITY, ACTION_PREVIOUS_AT_MOVEMENT_GRANULARITY, ACTION_SET_SELECTION]]
05-22 14:02:20.049 I/QueryController(24000): Matched selector: UiSelector[TEXT=Camera] <<==>> [android.view.accessibility.AccessibilityNodeInfo@18f6cb; boundsInParent: Rect(0, 0 - 148, 184); boundsInScreen: Rect(16, 572 - 164, 756); packageName: com.android.launcher; className: android.widget.TextView; text: Camera; contentDescription: null; viewIdResName: null; checkable: false; checked: false; focusable: true; focused: false; selected: false; clickable: true; longClickable: true; enabled: true; password: false; scrollable: false; [ACTION_FOCUS, ACTION_SELECT, ACTION_CLEAR_SELECTION, ACTION_CLICK, ACTION_LONG_CLICK, ACTION_ACCESSIBILITY_FOCUS, ACTION_NEXT_AT_MOVEMENT_GRANULARITY, ACTION_PREVIOUS_AT_MOVEMENT_GRANULARITY, ACTION_SET_SELECTION]]
05-22 14:02:20.056 D/InteractionController(24000): clickAndWaitForNewWindow(90, 664)
05-22 14:02:20.174 W/Parcel  ( 1661): Attempt to read object from Parcel 0x5dfd3dac at offset 200 that is not in the object list
05-22 14:02:20.181 I/ActivityManager(  374): START u0 {act=android.intent.action.MAIN cat=[android.intent.category.LAUNCHER] flg=0x10200000 cmp=com.google.android.gallery3d/com.android.camera.CameraLauncher} from pid 576
05-22 14:02:20.291 D/dalvikvm(  374): GC_FOR_ALLOC freed 835K, 25% free 23050K/30504K, paused 76ms, total 76ms
05-22 14:02:20.385 D/dalvikvm(  374): GC_FOR_ALLOC freed 755K, 25% free 23045K/30504K, paused 73ms, total 73ms
05-22 14:02:20.471 V/StateManager(24016): startState class com.android.gallery3d.app.FilmstripPage
05-22 14:02:20.478 V/CameraHolder(24016): open camera 0
05-22 14:02:20.486 I/AwesomePlayer(  127): setDataSource_l(URL suppressed)
05-22 14:02:20.533 I/AwesomePlayer(  127): setDataSource_l(URL suppressed)
05-22 14:02:20.549 E/LightCycleHelper(24016): Connection failed: ConnectionResult{statusCode=SERVICE_DISABLED, resolution=null}
05-22 14:02:20.556 D/CameraStorage(24016): External storage state=mounted
05-22 14:02:20.596 I/CameraClient(  127): Opening camera 0
05-22 14:02:20.596 I/CameraHAL(  127): camera_device open
05-22 14:02:20.689 D/CAM_PhotoModule(24016): Preview size changed.
05-22 14:02:20.689 I/CAM_ScreenNail(24016): preview layout size: 720/1184
05-22 14:02:20.689 I/CAM_ScreenNail(24016): aspect ratio clamping disabled
05-22 14:02:20.767 V/CAM_PhotoModule(24016): Preview size is 960x720
05-22 14:02:20.799 V/CAM_PhotoModule(24016): Preview size is 960x720
05-22 14:02:20.799 I/CAM_ScreenNail(24016): aspect ratio clamping disabled
05-22 14:02:20.806 I/CAM_ScreenNail(24016): aspect ratio clamping enabled, surfaceTexture scale: 0.8108108, 1.0
05-22 14:02:20.814 I/GLRootView(24016): onSurfaceChanged: 720x1184, gl10: com.google.android.gles_jni.GLImpl@42b3eae8
05-22 14:02:20.814 I/GLRootView(24016): layout content pane 720x1184 (compensation 0)
05-22 14:02:20.814 D/PhotoView(24016): compensation = 0, CameraRelativeFrame = Rect(0, 0 - 0, 0), mCameraRect = Rect(0, 0 - 0, 0)
05-22 14:02:20.853 D/dalvikvm(24016): GC_FOR_ALLOC freed 1975K, 12% free 16795K/18928K, paused 26ms, total 28ms
05-22 14:02:20.885 D/dalvikvm(24016): GC_FOR_ALLOC freed 2K, 11% free 16890K/18928K, paused 32ms, total 32ms
05-22 14:02:20.892 I/dalvikvm-heap(24016): Grow heap (frag case) to 17.606MB for 1127536-byte allocation
05-22 14:02:20.892 I/ActivityManager(  374): Displayed com.google.android.gallery3d/com.android.camera.CameraLauncher: +489ms
05-22 14:02:20.931 D/dalvikvm(24016): GC_FOR_ALLOC freed 4812K, 35% free 13179K/20032K, paused 39ms, total 39ms
05-22 14:02:20.986 D/dalvikvm(24016): GC_CONCURRENT freed 951K, 33% free 13538K/20032K, paused 2ms+6ms, total 33ms
05-22 14:02:20.986 D/dalvikvm(24016): WAIT_FOR_CONCURRENT_GC blocked 29ms
05-22 14:02:21.017 D/dalvikvm(24016): GC_FOR_ALLOC freed 1K, 27% free 14736K/20032K, paused 20ms, total 20ms
05-22 14:02:21.033 I/CAM_ScreenNail(24016): preview layout size: 720/1184
05-22 14:02:21.033 I/CAM_ScreenNail(24016): aspect ratio clamping enabled, surfaceTexture scale: 0.8108108, 1.0
05-22 14:02:21.213 D/dalvikvm(24016): GC_FOR_ALLOC freed 64K, 19% free 16423K/20032K, paused 22ms, total 23ms
05-22 14:02:21.213 V/CAM_PhotoModule(24016): startPreview
05-22 14:02:21.275 D/DOMX    (  127): ERROR: failed check:(eError == OMX_ErrorNone) || (eError == OMX_ErrorNoMore) - returning error: 0x80001005 - Error returned from OMX API in ducati
05-22 14:02:21.275 E/CameraHAL(  127): Error while configuring rotation 0x80001005
05-22 14:02:21.416 D/DOMX    (  127): ERROR: failed check:(eError == OMX_ErrorNone) || (eError == OMX_ErrorNoMore) - returning error: 0x80001005 - Error returned from OMX API in ducati
05-22 14:02:21.416 E/CameraHAL(  127): Error while configuring rotation 0x80001005
05-22 14:02:21.775 D/dalvikvm(24000): GC_CONCURRENT freed 402K, 77% free 600K/2560K, paused 1ms+0ms, total 5ms
05-22 14:02:21.814 D/        (  127): PPM: Standby to first shot: Sensor Change completed -  :589.538 ms :  1400738541818 ms
05-22 14:02:21.838 D/        (  127): PPM: Focus finished in:  :-617238.-671 ms :  1400738541842 ms
05-22 14:02:21.877 D/dalvikvm(24000): GC_CONCURRENT freed 393K, 77% free 596K/2560K, paused 1ms+0ms, total 6ms
05-22 14:02:21.986 D/dalvikvm(  374): GC_FOR_ALLOC freed 791K, 25% free 23063K/30504K, paused 73ms, total 74ms
05-22 14:02:21.986 I/WindowManager(  374): Screenshot Window{429a7370 u0 com.google.android.gallery3d/com.android.camera.CameraLauncher} was all black! mSurfaceLayer=21020 minLayer=21020 maxLayer=21020
05-22 14:02:21.994 V/StateManager(24016): no more state, finish activity
05-22 14:02:21.994 V/StateManager(24016): finishState com.android.gallery3d.app.FilmstripPage@42b310b8
05-22 14:02:22.135 V/CAM_PhotoModule(24016): stopPreview
05-22 14:02:22.135 E/CameraHAL(  127): Adapter state switch PREVIEW_ACTIVE Invalid Op! event = 0xf
05-22 14:02:22.275 I/CameraClient(  127): Destroying camera 0
05-22 14:02:22.322 W/AudioFlinger(  127): session id 2071 not found for pid 127
05-22 14:02:22.322 W/AudioFlinger(  127): session id 2072 not found for pid 127
05-22 14:02:22.939 V/StateManager(24016): destroy
05-22 14:02:23.033 I/QueryController(24000): Matched selector: UiSelector[DESCRIPTION=Apps, PACKAGE NAME=com.android.launcher] <<==>> [android.view.accessibility.AccessibilityNodeInfo@18f8f; boundsInParent: Rect(524257, 0 - 524399, 104); boundsInScreen: Rect(0, 50 - 142, 154); packageName: com.android.launcher; className: android.widget.TextView; text: Apps; contentDescription: Apps; viewIdResName: null; checkable: false; checked: false; focusable: true; focused: false; selected: true; clickable: true; longClickable: false; enabled: true; password: false; scrollable: false; [ACTION_FOCUS, ACTION_SELECT, ACTION_CLEAR_SELECTION, ACTION_CLICK, ACTION_ACCESSIBILITY_FOCUS, ACTION_NEXT_AT_MOVEMENT_GRANULARITY, ACTION_PREVIOUS_AT_MOVEMENT_GRANULARITY, ACTION_SET_SELECTION]]
05-22 14:02:23.049 I/QueryController(24000): Matched selector: UiSelector[DESCRIPTION=Apps, PACKAGE NAME=com.android.launcher] <<==>> [android.view.accessibility.AccessibilityNodeInfo@18f8f; boundsInParent: Rect(524257, 0 - 524399, 104); boundsInScreen: Rect(0, 50 - 142, 154); packageName: com.android.launcher; className: android.widget.TextView; text: Apps; contentDescription: Apps; viewIdResName: null; checkable: false; checked: false; focusable: true; focused: false; selected: true; clickable: true; longClickable: false; enabled: true; password: false; scrollable: false; [ACTION_FOCUS, ACTION_SELECT, ACTION_CLEAR_SELECTION, ACTION_CLICK, ACTION_ACCESSIBILITY_FOCUS, ACTION_NEXT_AT_MOVEMENT_GRANULARITY, ACTION_PREVIOUS_AT_MOVEMENT_GRANULARITY, ACTION_SET_SELECTION]]
05-22 14:02:23.049 D/InteractionController(24000): clickAndWaitForNewWindow(71, 102)
05-22 14:02:23.541 D/dalvikvm( 1661): GC_CONCURRENT freed 1182K, 18% free 13159K/15888K, paused 2ms+3ms, total 46ms
05-22 14:02:26.158 W/InteractionController(24000): runAndwaitForEvent timedout waiting for events
05-22 14:02:26.166 I/QueryController(24000): Matched selector: UiSelector[TEXT=Apps, CLASS=android.widget.TextView, PACKAGE NAME=com.android.launcher] <<==>> [android.view.accessibility.AccessibilityNodeInfo@18f8f; boundsInParent: Rect(524257, 0 - 524399, 104); boundsInScreen: Rect(0, 50 - 142, 154); packageName: com.android.launcher; className: android.widget.TextView; text: Apps; contentDescription: Apps; viewIdResName: null; checkable: false; checked: false; focusable: true; focused: false; selected: true; clickable: true; longClickable: false; enabled: true; password: false; scrollable: false; [ACTION_FOCUS, ACTION_SELECT, ACTION_CLEAR_SELECTION, ACTION_CLICK, ACTION_ACCESSIBILITY_FOCUS, ACTION_NEXT_AT_MOVEMENT_GRANULARITY, ACTION_PREVIOUS_AT_MOVEMENT_GRANULARITY, ACTION_SET_SELECTION]]
