05-22 13:57:16.080 W/MountService(  374): getVolumeState(/mnt/emmc): Unknown volume
05-22 13:57:16.080 W/MountService(  374): getVolumeState(/mnt/extSdCard): Unknown volume
05-22 13:57:16.088 W/MountService(  374): getVolumeState(/mnt/sdcard/SD_CARD): Unknown volume
05-22 13:57:16.096 W/MountService(  374): getVolumeState(/mnt/sdcard/extra_sd): Unknown volume
05-22 13:57:16.119 W/MountService(  374): getVolumeState(/mnt/extrasd_bind): Unknown volume
05-22 13:57:16.119 W/MountService(  374): getVolumeState(/mnt/sdcard/ext_sd): Unknown volume
05-22 13:57:16.119 W/MountService(  374): getVolumeState(/storage/extSdCard): Unknown volume
05-22 13:57:16.127 W/MountService(  374): getVolumeState(/storage/sdcard1): Unknown volume
05-22 13:57:16.135 W/MountService(  374): getVolumeState(/mnt/sdcard/external_SD): Unknown volume
05-22 13:57:16.150 W/MountService(  374): getVolumeState(/mnt/sdcard/external_sd): Unknown volume
05-22 13:57:16.697 I/ActivityManager(  374): Process com.pekall.emdm.launcher:remote (pid 23544) has died.
05-22 13:57:16.697 W/ActivityManager(  374): Scheduling restart of crashed service com.pekall.emdm.launcher/com.baidu.location.f in 5000ms
05-22 13:57:16.752 I/WindowManager(  374): Lock screen displayed!
05-22 13:57:21.721 I/ActivityManager(  374): Start proc com.pekall.emdm.launcher:remote for service com.pekall.emdm.launcher/com.baidu.location.f: pid=23598 uid=10066 gids={50066, 1015, 3002, 3001, 3003, 1028}
05-22 13:57:22.056 D/ActivityThread(23598): Loading provider com.pekall.semail.provider;com.pekall.semail.notifier: com.pekall.semail.provider.EmailProvider
05-22 13:57:22.088 D/ActivityThread(23598): Loading provider com.pekall.semail.provider;com.pekall.semail.notifier: com.pekall.semail.provider.EmailProvider
05-22 13:57:23.806 W/ActivityManager(  374): Unable to start service Intent { cmp=com.pekall.emdm.launcher/com.pekall.semail.service.AttachmentDownloadService } U=0: not found
05-22 13:57:40.642 D/PhoneStatusBar(  448): disable: < expand* icons alerts ticker* system_info BACK HOME recent* CLOCK search* >
05-22 13:57:40.697 D/PhoneStatusBar(  448): disable: < expand icons alerts ticker system_info back* home* recent clock* search >
05-22 13:57:40.939 W/InputMethodManagerService(  374): Window already focused, ignoring focus gain of: com.android.internal.view.IInputMethodClient$Stub$Proxy@42957cc0 attribute=null, token = android.os.BinderProxy@42a461c8
05-22 13:57:41.642 V/PanelView(  448): animationTick called with dtms=0; nothing to do (h=0.0 v=4000.0)
05-22 13:57:41.760 W/ActivityManager(  374): Timeout executing service: ServiceRecord{42f9c6a8 u0 com.pekall.emdm.launcher/com.baidu.location.f}
05-22 13:57:50.556 E/ActivityManager(  374): ANR in com.pekall.emdm.launcher:remote
05-22 13:57:50.556 E/ActivityManager(  374): Reason: Executing service com.pekall.emdm.launcher/com.baidu.location.f
05-22 13:57:50.556 E/ActivityManager(  374): Load: 4.14 / 3.1 / 2.45
05-22 13:57:50.556 E/ActivityManager(  374): CPU usage from 2558ms to -8731ms ago:
05-22 13:57:50.556 E/ActivityManager(  374):   60% 23529/uiautomator: 34% user + 25% kernel / faults: 230 minor
05-22 13:57:50.556 E/ActivityManager(  374):   57% 22964/com.pekall.emdm.launcher: 55% user + 1.5% kernel / faults: 3671 minor
05-22 13:57:50.556 E/ActivityManager(  374):   54% 23598/com.pekall.emdm.launcher:remote: 54% user + 0% kernel / faults: 113 minor
05-22 13:57:50.556 E/ActivityManager(  374):   14% 374/system_server: 11% user + 3.3% kernel / faults: 1132 minor
05-22 13:57:50.556 E/ActivityManager(  374):   3.8% 448/com.android.systemui: 3.3% user + 0.5% kernel / faults: 295 minor
05-22 13:57:50.556 E/ActivityManager(  374):   1.6% 127/mediaserver: 1% user + 0.6% kernel / faults: 1 minor
05-22 13:57:50.556 E/ActivityManager(  374):   1.2% 124/surfaceflinger: 0.4% user + 0.7% kernel / faults: 2768 minor
05-22 13:57:50.556 E/ActivityManager(  374):   0.9% 1661/com.qihoo360.mobilesafe:GuardService: 0.7% user + 0.1% kernel / faults: 283 minor 1 major
05-22 13:57:50.556 E/ActivityManager(  374):   0% 130/keystore: 0% user + 0% kernel
05-22 13:57:50.556 E/ActivityManager(  374):   0.2% 20749/com.dragon.android.pandaspace: 0.2% user + 0% kernel / faults: 178 minor 1 major
05-22 13:57:50.556 E/ActivityManager(  374):   0.1% 568/com.android.nfc: 0% user + 0% kernel / faults: 72 minor
05-22 13:57:50.556 E/ActivityManager(  374):   0.2% 135/adbd: 0.1% user + 0% kernel
05-22 13:57:50.556 E/ActivityManager(  374):   0% 561/com.android.phone: 0% user + 0% kernel / faults: 35 minor
05-22 13:57:50.556 E/ActivityManager(  374):   0.2% 21353/kworker/0:1: 0% user + 0.2% kernel
05-22 13:57:50.556 E/ActivityManager(  374):   0.1% 22215/kworker/u:5: 0% user + 0.1% kernel
05-22 13:57:50.556 E/ActivityManager(  374):   0% 82/mmcqd/0: 0% user + 0% kernel
05-22 13:57:50.556 E/ActivityManager(  374):   0% 92/dhd_dpc: 0% user + 0% kernel
05-22 13:57:50.556 E/ActivityManager(  374):   0% 117/vold: 0% user + 0% kernel
05-22 13:57:50.556 E/ActivityManager(  374):   0% 510/com.android.phasebeam: 0% user + 0% kernel
05-22 13:57:50.556 E/ActivityManager(  374):   0% 20243/kworker/1:1: 0% user + 0% kernel
05-22 13:57:50.556 E/ActivityManager(  374):   0% 20327/com.tencent.android.qqdownloader:connect: 0% user + 0% kernel / faults: 28 minor
05-22 13:57:50.556 E/ActivityManager(  374):   0% 20342/com.tencent.android.qqdownloader: 0% user + 0% kernel / faults: 9 minor
05-22 13:57:50.556 E/ActivityManager(  374):   0% 20874/com.qihoo.appstore: 0% user + 0% kernel
05-22 13:57:50.556 E/ActivityManager(  374):   0% 21248/com.nd.assistance.ServerService: 0% user + 0% kernel / faults: 1 minor
05-22 13:57:50.556 E/ActivityManager(  374):   0% 21284/kworker/u:0: 0% user + 0% kernel
05-22 13:57:50.556 E/ActivityManager(  374):   0% 23483/logcat: 0% user + 0% kernel
05-22 13:57:50.556 E/ActivityManager(  374): 100% TOTAL: 82% user + 17% kernel
05-22 13:57:50.556 E/ActivityManager(  374): CPU usage from 7512ms to 8118ms later:
05-22 13:57:50.556 E/ActivityManager(  374):   100% 23529/uiautomator: 48% user + 51% kernel / faults: 10 minor
05-22 13:57:50.556 E/ActivityManager(  374):     100% 23529/uiautomator: 48% user + 51% kernel
05-22 13:57:50.556 E/ActivityManager(  374):     1.7% 23536/Compiler: 0% user + 1.7% kernel
05-22 13:57:50.556 E/ActivityManager(  374):   36% 23598/com.pekall.emdm.launcher:remote: 34% user + 1.7% kernel
05-22 13:57:50.556 E/ActivityManager(  374):     34% 23615/Thread-5385: 32% user + 1.7% kernel
05-22 13:57:50.556 E/ActivityManager(  374):   33% 22964/com.pekall.emdm.launcher: 33% user + 0% kernel
05-22 13:57:50.556 E/ActivityManager(  374):     33% 22977/Thread-5352: 33% user + 0% kernel
05-22 13:57:50.556 E/ActivityManager(  374):   13% 448/com.android.systemui: 8.6% user + 5.1% kernel / faults: 10 minor
05-22 13:57:50.556 E/ActivityManager(  374):     6.8% 448/ndroid.systemui: 3.4% user + 3.4% kernel
05-22 13:57:50.556 E/ActivityManager(  374):     3.4% 457/Compiler: 3.4% user + 0% kernel
05-22 13:57:50.556 E/ActivityManager(  374):     1.7% 453/GC: 1.7% user + 0% kernel
05-22 13:57:50.556 E/ActivityManager(  374):     1.7% 454/Signal Catcher: 1.7% user + 0% kernel
05-22 13:57:50.556 E/ActivityManager(  374):     1.7% 463/Binder_1: 1.7% user + 0% kernel
05-22 13:57:50.556 E/ActivityManager(  374):   10% 374/system_server: 6.7% user + 3.3% kernel / faults: 55 minor
05-22 13:57:50.556 E/ActivityManager(  374):     3.3% 390/ActivityManager: 1.6% user + 1.6% kernel
05-22 13:57:50.556 E/ActivityManager(  374):     1.6% 386/SensorService: 1.6% user + 0% kernel
05-22 13:57:50.556 E/ActivityManager(  374):     1.6% 388/UI: 1.6% user + 0% kernel
05-22 13:57:50.556 E/ActivityManager(  374):     1.6% 619/Binder_8: 1.6% user + 0% kernel
05-22 13:57:50.556 E/ActivityManager(  374):   0.6% 124/surfaceflinger: 0% user + 0.6% kernel / faults: 920 minor
05-22 13:57:50.556 E/ActivityManager(  374):     0.6% 165/SurfaceFlinger: 0% user + 0.6% kernel
05-22 13:57:50.556 E/ActivityManager(  374):     0.6% 5942/Binder_6: 0% user + 0.6% kernel
05-22 13:57:50.556 E/ActivityManager(  374):   1.6% 1661/com.qihoo360.mobilesafe:GuardService: 1.6% user + 0% kernel
05-22 13:57:50.556 E/ActivityManager(  374):     1.6% 4735/Binder_6: 1.6% user + 0% kernel
05-22 13:57:50.556 E/ActivityManager(  374):   0.9% 20749/com.dragon.android.pandaspace: 0.9% user + 0% kernel / faults: 5 minor
05-22 13:57:50.556 E/ActivityManager(  374):     1.8% 20908/AsyncTask #3: 1.8% user + 0% kernel
05-22 13:57:50.556 E/ActivityManager(  374):     0.9% 20749/roid.pandaspace: 0.9% user + 0% kernel
05-22 13:57:50.556 E/ActivityManager(  374): 100% TOTAL: 64% user + 35% kernel
05-22 13:57:50.564 W/ActivityManager(  374): Killing ProcessRecord{425d3758 23598:com.pekall.emdm.launcher:remote/u0a10066}: background ANR
05-22 13:57:51.728 I/ActivityManager(  374): Process com.pekall.emdm.launcher:remote (pid 23598) has died.
05-22 13:57:51.728 W/ActivityManager(  374): Scheduling restart of crashed service com.pekall.emdm.launcher/com.baidu.location.f in 20000ms
05-22 13:58:02.322 W/MountService(  374): getVolumeState(/storage/emulated/0/external_sd): Unknown volume
05-22 13:58:02.338 W/MountService(  374): getVolumeState(/mnt/sdcard-ext): Unknown volume
05-22 13:58:02.346 W/MountService(  374): getVolumeState(/mnt/ext_sdcard): Unknown volume
05-22 13:58:02.346 W/MountService(  374): getVolumeState(/mnt/sdcard2): Unknown volume
05-22 13:58:02.353 W/MountService(  374): getVolumeState(/mnt/emmc): Unknown volume
05-22 13:58:02.361 W/MountService(  374): getVolumeState(/mnt/extSdCard): Unknown volume
05-22 13:58:02.361 W/MountService(  374): getVolumeState(/mnt/sdcard/SD_CARD): Unknown volume
05-22 13:58:02.377 W/MountService(  374): getVolumeState(/mnt/sdcard/extra_sd): Unknown volume
05-22 13:58:02.377 W/MountService(  374): getVolumeState(/mnt/extrasd_bind): Unknown volume
05-22 13:58:02.385 W/MountService(  374): getVolumeState(/mnt/sdcard/ext_sd): Unknown volume
05-22 13:58:02.408 W/MountService(  374): getVolumeState(/storage/extSdCard): Unknown volume
05-22 13:58:02.408 W/MountService(  374): getVolumeState(/storage/sdcard1): Unknown volume
05-22 13:58:02.408 W/MountService(  374): getVolumeState(/mnt/sdcard/external_SD): Unknown volume
05-22 13:58:02.424 W/MountService(  374): getVolumeState(/mnt/sdcard/external_sd): Unknown volume
05-22 13:58:06.330 W/MountService(  374): getVolumeState(/storage/emulated/0/external_sd): Unknown volume
05-22 13:58:06.346 W/MountService(  374): getVolumeState(/mnt/sdcard-ext): Unknown volume
05-22 13:58:06.361 W/MountService(  374): getVolumeState(/mnt/ext_sdcard): Unknown volume
05-22 13:58:06.377 W/MountService(  374): getVolumeState(/mnt/sdcard2): Unknown volume
05-22 13:58:06.392 W/MountService(  374): getVolumeState(/mnt/emmc): Unknown volume
05-22 13:58:06.424 W/MountService(  374): getVolumeState(/mnt/extSdCard): Unknown volume
05-22 13:58:06.439 W/MountService(  374): getVolumeState(/mnt/sdcard/SD_CARD): Unknown volume
05-22 13:58:06.494 W/MountService(  374): getVolumeState(/mnt/sdcard/extra_sd): Unknown volume
05-22 13:58:06.510 W/MountService(  374): getVolumeState(/mnt/extrasd_bind): Unknown volume
05-22 13:58:06.525 W/MountService(  374): getVolumeState(/mnt/sdcard/ext_sd): Unknown volume
05-22 13:58:06.556 W/MountService(  374): getVolumeState(/storage/extSdCard): Unknown volume
05-22 13:58:06.642 W/MountService(  374): getVolumeState(/storage/sdcard1): Unknown volume
05-22 13:58:06.650 W/MountService(  374): getVolumeState(/mnt/sdcard/external_SD): Unknown volume
05-22 13:58:06.666 W/MountService(  374): getVolumeState(/mnt/sdcard/external_sd): Unknown volume
05-22 13:58:10.642 I/PowerManagerService(  374): Going to sleep due to screen timeout...
05-22 13:58:11.455 W/InputMethodManagerService(  374): Window already focused, ignoring focus gain of: com.android.internal.view.IInputMethodClient$Stub$Proxy@427d4168 attribute=android.view.inputmethod.EditorInfo@427cf910, token = android.os.BinderProxy@42a461c8
05-22 13:58:11.721 I/PowerManagerService(  374): Waking up from sleep...
05-22 13:58:11.767 I/ActivityManager(  374): Start proc com.pekall.emdm.launcher:remote for service com.pekall.emdm.launcher/com.baidu.location.f: pid=23654 uid=10066 gids={50066, 1015, 3002, 3001, 3003, 1028}
05-22 13:58:11.931 I/WindowManager(  374): No lock screen!
05-22 13:58:11.963 I/ActivityManager(  374): No longer want com.google.android.apps.maps:GoogleLocationService (pid 21170): empty for 1800s
05-22 13:58:12.103 W/ActivityManager(  374): Scheduling restart of crashed service com.google.android.apps.maps/com.google.android.location.internal.server.GoogleLocationService in 5000ms
05-22 13:58:12.416 W/BroadcastQueue(  374): Failure sending broadcast Intent { act=android.intent.action.SCREEN_ON flg=0x50000010 }
05-22 13:58:12.416 W/BroadcastQueue(  374): android.os.DeadObjectException
05-22 13:58:12.416 W/BroadcastQueue(  374): 	at android.os.BinderProxy.transact(Native Method)
05-22 13:58:12.416 W/BroadcastQueue(  374): 	at android.content.IIntentReceiver$Stub$Proxy.performReceive(IIntentReceiver.java:124)
05-22 13:58:12.416 W/BroadcastQueue(  374): 	at com.android.server.am.BroadcastQueue.performReceiveLocked(BroadcastQueue.java:376)
05-22 13:58:12.416 W/BroadcastQueue(  374): 	at com.android.server.am.BroadcastQueue.deliverToRegisteredReceiverLocked(BroadcastQueue.java:449)
05-22 13:58:12.416 W/BroadcastQueue(  374): 	at com.android.server.am.BroadcastQueue.processNextBroadcast(BroadcastQueue.java:656)
05-22 13:58:12.416 W/BroadcastQueue(  374): 	at com.android.server.am.ActivityManagerService.finishReceiver(ActivityManagerService.java:12390)
05-22 13:58:12.416 W/BroadcastQueue(  374): 	at android.app.ActivityManagerNative.onTransact(ActivityManagerNative.java:379)
05-22 13:58:12.416 W/BroadcastQueue(  374): 	at com.android.server.am.ActivityManagerService.onTransact(ActivityManagerService.java:1737)
05-22 13:58:12.416 W/BroadcastQueue(  374): 	at android.os.Binder.execTransact(Binder.java:388)
05-22 13:58:12.416 W/BroadcastQueue(  374): 	at dalvik.system.NativeStart.run(Native Method)
05-22 13:58:12.619 D/ActivityThread(23654): Loading provider com.pekall.semail.provider;com.pekall.semail.notifier: com.pekall.semail.provider.EmailProvider
05-22 13:58:12.783 D/ActivityThread(23654): Loading provider com.pekall.semail.provider;com.pekall.semail.notifier: com.pekall.semail.provider.EmailProvider
05-22 13:58:13.705 V/PanelView(  448): animationTick called with dtms=0; nothing to do (h=0.0 v=4000.0)
05-22 13:58:17.127 I/ActivityManager(  374): Start proc com.google.android.apps.maps:GoogleLocationService for service com.google.android.apps.maps/com.google.android.location.internal.server.GoogleLocationService: pid=23695 uid=10038 gids={50038, 3003, 1015, 1028}
05-22 13:58:31.869 W/ActivityManager(  374): Timeout executing service: ServiceRecord{42f9c6a8 u0 com.pekall.emdm.launcher/com.baidu.location.f}
05-22 13:58:45.853 I/PowerManagerService(  374): Going to sleep due to screen timeout...
05-22 13:58:46.447 I/PowerManagerService(  374): Waking up from sleep...
05-22 13:58:47.135 I/ActivityManager(  374): No longer want com.nd.assistance.ServerService (pid 21248): empty for 1809s
05-22 13:58:47.135 W/ProcessStats(  374): Skipping unknown process pid 21259
05-22 13:58:47.135 W/ProcessStats(  374): Skipping unknown process pid 21260
05-22 13:58:47.142 W/ProcessStats(  374): Skipping unknown process pid 22723
05-22 13:58:48.549 W/ActivityManager(  374): Scheduling restart of crashed service com.nd.assistance/.server.ServerService in 5000ms
05-22 13:58:48.877 E/ActivityManager(  374): ANR in com.pekall.emdm.launcher:remote
05-22 13:58:48.877 E/ActivityManager(  374): Reason: Executing service com.pekall.emdm.launcher/com.baidu.location.f
05-22 13:58:48.877 E/ActivityManager(  374): Load: 5.41 / 3.62 / 2.67
05-22 13:58:48.877 E/ActivityManager(  374): CPU usage from 0ms to 14840ms later:
05-22 13:58:48.877 E/ActivityManager(  374):   76% 22964/com.pekall.emdm.launcher: 76% user + 0% kernel / faults: 7 minor
05-22 13:58:48.877 E/ActivityManager(  374):   73% 23654/com.pekall.emdm.launcher:remote: 73% user + 0.2% kernel / faults: 119 minor
05-22 13:58:48.877 E/ActivityManager(  374):   30% 23529/uiautomator: 20% user + 10% kernel / faults: 41 minor
05-22 13:58:48.877 E/ActivityManager(  374):   11% 374/system_server: 7.6% user + 4% kernel / faults: 488 minor
05-22 13:58:48.877 E/ActivityManager(  374):   2.6% 448/com.android.systemui: 2.3% user + 0.2% kernel / faults: 43 minor 2 major
05-22 13:58:48.877 E/ActivityManager(  374):   2.6% 23695/com.google.android.apps.maps:GoogleLocationService: 2.1% user + 0.4% kernel / faults: 870 minor 2 major
05-22 13:58:48.877 E/ActivityManager(  374):   0.5% 124/surfaceflinger: 0.1% user + 0.4% kernel / faults: 1943 minor
05-22 13:58:48.877 E/ActivityManager(  374):   0.2% 561/com.android.phone: 0.1% user + 0% kernel / faults: 36 minor
05-22 13:58:48.877 E/ActivityManager(  374):   0.1% 568/com.android.nfc: 0% user + 0.1% kernel / faults: 28 minor
05-22 13:58:48.877 E/ActivityManager(  374):   0.2% 1661/com.qihoo360.mobilesafe:GuardService: 0.2% user + 0% kernel / faults: 25 minor
05-22 13:58:48.877 E/ActivityManager(  374):   0.1% 135/adbd: 0% user + 0% kernel
05-22 13:58:48.877 E/ActivityManager(  374):   0.1% 20874/com.qihoo.appstore: 0.1% user + 0% kernel
05-22 13:58:48.877 E/ActivityManager(  374):   0% 21353/kworker/0:1: 0% user + 0% kernel
05-22 13:58:48.877 E/ActivityManager(  374):   0% 82/mmcqd/0: 0% user + 0% kernel
05-22 13:58:48.877 E/ActivityManager(  374):   0% 603/com.google.process.gapps: 0% user + 0% kernel / faults: 107 minor
05-22 13:58:48.877 E/ActivityManager(  374):   0% 20342/com.tencent.android.qqdownloader: 0% user + 0% kernel / faults: 12 minor
05-22 13:58:48.877 E/ActivityManager(  374):   0% 20749/com.dragon.android.pandaspace: 0% user + 0% kernel / faults: 13 minor
05-22 13:58:48.877 E/ActivityManager(  374):   0% 21248/com.nd.assistance.ServerService: 0% user + 0% kernel / faults: 7 minor
05-22 13:58:48.877 E/ActivityManager(  374):   0% 21284/kworker/u:0: 0% user + 0% kernel
05-22 13:58:48.877 E/ActivityManager(  374):   0% 22215/kworker/u:5: 0% user + 0% kernel
05-22 13:58:48.877 E/ActivityManager(  374):   0% 23483/logcat: 0% user + 0% kernel
05-22 13:58:48.877 E/ActivityManager(  374): 100% TOTAL: 92% user + 7.7% kernel + 0% softirq
05-22 13:58:48.877 E/ActivityManager(  374): CPU usage from 15777ms to 16342ms later:
05-22 13:58:48.877 E/ActivityManager(  374):   92% 22964/com.pekall.emdm.launcher: 92% user + 0% kernel
05-22 13:58:48.877 E/ActivityManager(  374):     92% 22977/Thread-5352: 92% user + 0% kernel
05-22 13:58:48.877 E/ActivityManager(  374):   77% 23654/com.pekall.emdm.launcher:remote: 77% user + 0% kernel / faults: 2 minor
05-22 13:58:48.877 E/ActivityManager(  374):     75% 23669/Thread-5388: 75% user + 0% kernel
05-22 13:58:48.877 E/ActivityManager(  374):   12% 448/com.android.systemui: 12% user + 0% kernel / faults: 10 minor
05-22 13:58:48.877 E/ActivityManager(  374):     12% 448/ndroid.systemui: 12% user + 0% kernel
05-22 13:58:48.877 E/ActivityManager(  374):    +0% 23717/Binder_A: 0% user + 0% kernel
05-22 13:58:48.877 E/ActivityManager(  374):   10% 374/system_server: 3.6% user + 7.2% kernel / faults: 10 minor
05-22 13:58:48.877 E/ActivityManager(  374):     7.2% 390/ActivityManager: 1.8% user + 5.4% kernel
05-22 13:58:48.877 E/ActivityManager(  374):     1.8% 386/SensorService: 0% user + 1.8% kernel
05-22 13:58:48.877 E/ActivityManager(  374):   1.7% 1661/com.qihoo360.mobilesafe:GuardService: 0% user + 1.7% kernel
05-22 13:58:48.877 E/ActivityManager(  374):   1% 23529/uiautomator: 1% user + 0% kernel / faults: 21 minor
05-22 13:58:48.877 E/ActivityManager(  374):     1% 23529/uiautomator: 1% user + 0% kernel
05-22 13:58:48.877 E/ActivityManager(  374):   1% 23695/com.google.android.apps.maps:GoogleLocationService: 0% user + 1% kernel / faults: 54 minor
05-22 13:58:48.877 E/ActivityManager(  374):     1% 23697/GC: 1% user + 0% kernel
05-22 13:58:48.877 E/ActivityManager(  374):     1% 23701/Compiler: 0% user + 1% kernel
05-22 13:58:48.877 E/ActivityManager(  374):     1% 23715/NetworkLocation: 1% user + 0% kernel
05-22 13:58:48.877 E/ActivityManager(  374): 100% TOTAL: 95% user + 4.4% kernel
05-22 13:58:48.877 W/ActivityManager(  374): Killing ProcessRecord{4253f830 23654:com.pekall.emdm.launcher:remote/u0a10066}: background ANR
05-22 13:58:48.924 I/ActivityManager(  374): Start proc com.google.android.apps.maps:FriendService for broadcast com.google.android.apps.maps/com.google.googlenav.friend.android.ServiceReceiver: pid=23721 uid=10038 gids={50038, 3003, 1015, 1028}
05-22 13:58:49.306 W/InputMethodManagerService(  374): Window already focused, ignoring focus gain of: com.android.internal.view.IInputMethodClient$Stub$Proxy@42f37d30 attribute=null, token = android.os.BinderProxy@42a461c8
05-22 13:58:49.603 V/PanelView(  448): animationTick called with dtms=0; nothing to do (h=0.0 v=4000.0)
05-22 13:58:49.799 I/ActivityManager(  374): Start proc com.google.android.apps.maps:LocationFriendService for broadcast com.google.android.apps.maps/com.google.googlenav.friend.reporting.LocationReportingIntentReceiver: pid=23745 uid=10038 gids={50038, 3003, 1015, 1028}
05-22 13:58:50.799 I/ActivityManager(  374): Process com.pekall.emdm.launcher:remote (pid 23654) has died.
05-22 13:58:50.799 W/ActivityManager(  374): Scheduling restart of crashed service com.pekall.emdm.launcher/com.baidu.location.f in 80000ms
05-22 13:58:50.814 I/WindowManager(  374): No lock screen!
05-22 13:58:50.947 I/ActivityManager(  374): Start proc com.nd.assistance for broadcast com.nd.assistance/.controller.DaemonController: pid=23763 uid=10068 gids={50068, 3003, 1015, 1006, 1028}
05-22 13:58:51.056 I/ActivityManager(  374): Start proc com.nd.assistance.ServerService for service com.nd.assistance/.server.ServerService: pid=23777 uid=10068 gids={50068, 3003, 1015, 1006, 1028}
05-22 13:59:02.377 W/MountService(  374): getVolumeState(/storage/emulated/0/external_sd): Unknown volume
05-22 13:59:02.377 W/MountService(  374): getVolumeState(/mnt/sdcard-ext): Unknown volume
05-22 13:59:02.377 W/MountService(  374): getVolumeState(/mnt/ext_sdcard): Unknown volume
05-22 13:59:02.377 W/MountService(  374): getVolumeState(/mnt/sdcard2): Unknown volume
05-22 13:59:02.377 W/MountService(  374): getVolumeState(/mnt/emmc): Unknown volume
05-22 13:59:02.377 W/MountService(  374): getVolumeState(/mnt/extSdCard): Unknown volume
05-22 13:59:02.377 W/MountService(  374): getVolumeState(/mnt/sdcard/SD_CARD): Unknown volume
05-22 13:59:02.377 W/MountService(  374): getVolumeState(/mnt/sdcard/extra_sd): Unknown volume
05-22 13:59:02.377 W/MountService(  374): getVolumeState(/mnt/extrasd_bind): Unknown volume
05-22 13:59:02.377 W/MountService(  374): getVolumeState(/mnt/sdcard/ext_sd): Unknown volume
05-22 13:59:02.385 W/MountService(  374): getVolumeState(/storage/extSdCard): Unknown volume
05-22 13:59:02.385 W/MountService(  374): getVolumeState(/storage/sdcard1): Unknown volume
05-22 13:59:02.385 W/MountService(  374): getVolumeState(/mnt/sdcard/external_SD): Unknown volume
05-22 13:59:02.385 W/MountService(  374): getVolumeState(/mnt/sdcard/external_sd): Unknown volume
05-22 13:59:02.681 W/MountService(  374): getVolumeState(/storage/emulated/0/external_sd): Unknown volume
05-22 13:59:02.681 W/MountService(  374): getVolumeState(/mnt/sdcard-ext): Unknown volume
05-22 13:59:02.681 W/MountService(  374): getVolumeState(/mnt/ext_sdcard): Unknown volume
05-22 13:59:02.681 W/MountService(  374): getVolumeState(/mnt/sdcard2): Unknown volume
05-22 13:59:02.689 W/MountService(  374): getVolumeState(/mnt/emmc): Unknown volume
05-22 13:59:02.689 W/MountService(  374): getVolumeState(/mnt/extSdCard): Unknown volume
05-22 13:59:02.689 W/MountService(  374): getVolumeState(/mnt/sdcard/SD_CARD): Unknown volume
05-22 13:59:02.689 W/MountService(  374): getVolumeState(/mnt/sdcard/extra_sd): Unknown volume
05-22 13:59:02.689 W/MountService(  374): getVolumeState(/mnt/extrasd_bind): Unknown volume
05-22 13:59:02.689 W/MountService(  374): getVolumeState(/mnt/sdcard/ext_sd): Unknown volume
05-22 13:59:02.689 W/MountService(  374): getVolumeState(/storage/extSdCard): Unknown volume
05-22 13:59:02.689 W/MountService(  374): getVolumeState(/storage/sdcard1): Unknown volume
05-22 13:59:02.689 W/MountService(  374): getVolumeState(/mnt/sdcard/external_SD): Unknown volume
05-22 13:59:02.689 W/MountService(  374): getVolumeState(/mnt/sdcard/external_sd): Unknown volume
05-22 13:59:05.721 W/ActivityThread(23695): ClassLoader.loadClass: The class loader returned by Thread.getContextClassLoader() may fail for processes that host multiple applications. You should explicitly specify a context class loader. For example: Thread.setContextClassLoader(getClass().getClassLoader());
05-22 13:59:06.088 W/DevicePolicyManagerService(  374): setPasswordExpiration(): password will expire on May 22, 2014 1:59:06 PM
05-22 13:59:18.541 W/DevicePolicyManagerService(  374): setPasswordExpiration(): password will expire on May 22, 2014 1:59:18 PM
05-22 13:59:18.556 I/PowerManagerService(  374): Going to sleep due to screen timeout...
05-22 13:59:19.471 W/InputMethodManagerService(  374): Window already focused, ignoring focus gain of: com.android.internal.view.IInputMethodClient$Stub$Proxy@42e543e0 attribute=android.view.inputmethod.EditorInfo@4290e148, token = android.os.BinderProxy@42a461c8
05-22 13:59:20.588 I/PowerManagerService(  374): Waking up from sleep...
05-22 13:59:20.588 I/WindowManager(  374): No lock screen!
05-22 13:59:22.369 I/ActivityManager(  374): START u0 {flg=0x10000000 cmp=com.pekall.emdm.launcher/.ui.BackPersonalActivity} from pid 22964
05-22 13:59:22.447 I/ActivityManager(  374): START u0 {flg=0x10200000 cmp=com.android.launcher/com.android.launcher2.Launcher} from pid 22964
05-22 13:59:22.455 W/ActivityManager(  374): Duplicate finish request for ActivityRecord{4229cee0 u0 com.pekall.emdm.launcher/.ui.BackPersonalActivity}
05-22 13:59:25.877 V/PanelView(  448): animationTick called with dtms=0; nothing to do (h=0.0 v=4000.0)
05-22 13:59:31.830 I/ActivityManager(  374): START u0 {act=android.app.action.SET_NEW_PASSWORD cmp=com.android.settings/.ChooseLockGeneric bnds=[0,242][720,370]} from pid -1
05-22 13:59:31.830 W/ActivityManager(  374): startActivity called from non-Activity context; forcing Intent.FLAG_ACTIVITY_NEW_TASK for: Intent { act=android.app.action.SET_NEW_PASSWORD flg=0x800000 cmp=com.android.settings/.ChooseLockGeneric bnds=[0,242][720,370] }
05-22 13:59:32.010 I/ActivityManager(  374): Start proc com.android.settings for activity com.android.settings/.ChooseLockGeneric: pid=23862 uid=1000 gids={41000, 1015, 1028, 3002, 3001, 3003, 3007}
05-22 13:59:32.010 V/PanelView(  448): animationTick called with dtms=0; nothing to do (h=1184.0 v=-4000.0)
05-22 13:59:32.166 I/ActivityManager(  374): START u0 {cmp=com.android.settings/.ConfirmLockPassword} from pid 23862
05-22 13:59:40.533 I/ActivityManager(  374): START u0 {flg=0x2000000 cmp=com.android.settings/.ChooseLockPassword (has extras)} from pid 23862
--------- beginning of /dev/log/main
05-22 13:59:46.885 D/dalvikvm(23862): GC_CONCURRENT freed 351K, 4% free 10561K/10952K, paused 1ms+5ms, total 28ms
05-22 13:59:47.463 I/QueryController(23849): Matched selector: UiSelector[TEXT=Continue, CLASS=android.widget.Button] <<==>> [android.view.accessibility.AccessibilityNodeInfo@1e2bd; boundsInParent: Rect(524137, 0 - 524456, 96); boundsInScreen: Rect(361, 636 - 680, 732); packageName: com.android.settings; className: android.widget.Button; text: Continue; contentDescription: null; viewIdResName: com.android.settings:id/next_button; checkable: false; checked: false; focusable: true; focused: false; selected: false; clickable: true; longClickable: false; enabled: true; password: false; scrollable: false; [ACTION_FOCUS, ACTION_SELECT, ACTION_CLEAR_SELECTION, ACTION_CLICK, ACTION_ACCESSIBILITY_FOCUS, ACTION_NEXT_AT_MOVEMENT_GRANULARITY, ACTION_PREVIOUS_AT_MOVEMENT_GRANULARITY, ACTION_SET_SELECTION]]
05-22 13:59:47.486 I/QueryController(23849): Matched selector: UiSelector[TEXT=Continue, CLASS=android.widget.Button, PACKAGE NAME=com.android.settings] <<==>> [android.view.accessibility.AccessibilityNodeInfo@1e2bd; boundsInParent: Rect(524137, 0 - 524456, 96); boundsInScreen: Rect(361, 636 - 680, 732); packageName: com.android.settings; className: android.widget.Button; text: Continue; contentDescription: null; viewIdResName: com.android.settings:id/next_button; checkable: false; checked: false; focusable: true; focused: false; selected: false; clickable: true; longClickable: false; enabled: true; password: false; scrollable: false; [ACTION_FOCUS, ACTION_SELECT, ACTION_CLEAR_SELECTION, ACTION_CLICK, ACTION_ACCESSIBILITY_FOCUS, ACTION_NEXT_AT_MOVEMENT_GRANULARITY, ACTION_PREVIOUS_AT_MOVEMENT_GRANULARITY, ACTION_SET_SELECTION]]
05-22 13:59:47.486 D/InteractionController(23849): clickAndWaitForNewWindow(520, 684)
05-22 13:59:50.588 W/InteractionController(23849): runAndwaitForEvent timedout waiting for events
05-22 13:59:50.603 I/QueryController(23849): Matched selector: UiSelector[CLASS=android.widget.EditText, INDEX=2] <<==>> [android.view.accessibility.AccessibilityNodeInfo@1a2ec; boundsInParent: Rect(524043, 0 - 524579, 100); boundsInScreen: Rect(92, 238 - 628, 338); packageName: com.android.settings; className: android.widget.EditText; text: null; contentDescription: null; viewIdResName: com.android.settings:id/password_entry; checkable: false; checked: false; focusable: true; focused: true; selected: false; clickable: true; longClickable: true; enabled: true; password: true; scrollable: false; [ACTION_CLEAR_FOCUS, ACTION_SELECT, ACTION_CLEAR_SELECTION, ACTION_CLICK, ACTION_LONG_CLICK, ACTION_ACCESSIBILITY_FOCUS]]
05-22 13:59:52.885 I/QueryController(23849): Matched selector: UiSelector[CLASS=android.widget.EditText, INDEX=2] <<==>> [android.view.accessibility.AccessibilityNodeInfo@1a2ec; boundsInParent: Rect(524043, 0 - 524579, 100); boundsInScreen: Rect(92, 238 - 628, 338); packageName: com.android.settings; className: android.widget.EditText; text: null; contentDescription: null; viewIdResName: com.android.settings:id/password_entry; checkable: false; checked: false; focusable: true; focused: true; selected: false; clickable: true; longClickable: true; enabled: true; password: true; scrollable: false; [ACTION_CLEAR_FOCUS, ACTION_SELECT, ACTION_CLEAR_SELECTION, ACTION_CLICK, ACTION_LONG_CLICK, ACTION_ACCESSIBILITY_FOCUS]]
05-22 13:59:55.486 D/dalvikvm(23862): GC_CONCURRENT freed 581K, 6% free 10418K/11040K, paused 2ms+9ms, total 34ms
05-22 13:59:56.056 I/QueryController(23849): Matched selector: UiSelector[TEXT=OK, CLASS=android.widget.Button, PACKAGE NAME=com.android.settings] <<==>> [android.view.accessibility.AccessibilityNodeInfo@1e2bd; boundsInParent: Rect(524137, 0 - 524456, 96); boundsInScreen: Rect(361, 636 - 680, 732); packageName: com.android.settings; className: android.widget.Button; text: OK; contentDescription: null; viewIdResName: com.android.settings:id/next_button; checkable: false; checked: false; focusable: true; focused: false; selected: false; clickable: true; longClickable: false; enabled: true; password: false; scrollable: false; [ACTION_FOCUS, ACTION_SELECT, ACTION_CLEAR_SELECTION, ACTION_CLICK, ACTION_ACCESSIBILITY_FOCUS, ACTION_NEXT_AT_MOVEMENT_GRANULARITY, ACTION_PREVIOUS_AT_MOVEMENT_GRANULARITY, ACTION_SET_SELECTION]]
05-22 13:59:56.056 D/InteractionController(23849): clickAndWaitForNewWindow(520, 684)
05-22 13:59:56.471 D/dalvikvm(  374): GC_FOR_ALLOC freed 990K, 24% free 23471K/30504K, paused 71ms, total 71ms
05-22 13:59:56.541 D/dalvikvm(  374): GC_FOR_ALLOC freed 773K, 25% free 23069K/30504K, paused 68ms, total 68ms
05-22 13:59:56.627 W/IInputConnectionWrapper(23862): showStatusIcon on inactive InputConnection
05-22 13:59:56.799 I/PowerManagerService(  374): Going to sleep by user request...
05-22 13:59:56.799 I/PowerManagerService(  374): Waking up from sleep...
05-22 13:59:57.002 D/dalvikvm(  374): GC_FOR_ALLOC freed 794K, 23% free 23510K/30504K, paused 106ms, total 106ms
05-22 13:59:57.103 V/KeyguardHostView(  374): hide transport, gen:2
05-22 13:59:57.103 V/KeyguardHostView(  374): music state changed: 0
05-22 13:59:57.127 W/Parcel  ( 1661): Attempt to read object from Parcel 0x6003bdac at offset 200 that is not in the object list
05-22 13:59:57.166 D/PhoneStatusBar(  448): disable: < EXPAND* icons alerts TICKER* system_info back home RECENT* clock SEARCH* >
05-22 13:59:57.189 D/NfcService(  568): NFC-C OFF, disconnect
05-22 13:59:57.221 V/WiseDownloadConditionControler(20342): checkCondition  type : TODAY_LAUNCHED_USER  inerrupting: false
05-22 13:59:57.221 V/TAG     (  374): bug 7643792: fitSystemWindows([0,50][0,0])
05-22 13:59:57.283 W/IInputConnectionWrapper(  374): showStatusIcon on inactive InputConnection
05-22 13:59:57.283 W/InputMethodManagerService(  374): Starting input on non-focused client com.android.internal.view.IInputMethodClient$Stub$Proxy@4294e640 (uid=10034 pid=576)
05-22 13:59:57.314 D/dalvikvm( 1661): GC_CONCURRENT freed 1335K, 18% free 13108K/15888K, paused 2ms+5ms, total 103ms
05-22 13:59:57.314 D/dalvikvm( 1661): WAIT_FOR_CONCURRENT_GC blocked 75ms
05-22 13:59:57.353 D/PhoneStatusBar(  448): disable: < EXPAND icons alerts TICKER system_info BACK* HOME* RECENT CLOCK* SEARCH >
05-22 13:59:57.392 W/Parcel  ( 1661): Attempt to read object from Parcel 0x6013bdac at offset 200 that is not in the object list
05-22 13:59:57.400 V/MDM :   (22964): [null:-1]->Screen receiver is called.
05-22 13:59:57.400 W/Parcel  ( 1661): Attempt to read object from Parcel 0x6003bdac at offset 200 that is not in the object list
05-22 13:59:57.517 D/dalvikvm(  448): GC_FOR_ALLOC freed 1021K, 15% free 14005K/16308K, paused 42ms, total 42ms
05-22 13:59:57.549 I/WindowManager(  374): Lock screen displayed!
05-22 13:59:57.603 W/Parcel  ( 1661): Attempt to read object from Parcel 0x5ef3bdac at offset 200 that is not in the object list
05-22 13:59:57.603 W/Parcel  ( 1661): Attempt to read object from Parcel 0x5ded3dac at offset 200 that is not in the object list
05-22 13:59:57.689 V/DigitalWidgetViewsFactory(19507): DigitalWidget sets next alarm string to null
05-22 13:59:57.697 V/WiseDownloadConditionControler(20342): checkCondition  type : WISE_DOWNLOAD  inerrupting: true
05-22 13:59:57.697 D/LightsService(  374): Excessive delay setting light: 67ms
05-22 13:59:57.721 V/TAG     (  374): bug 7643792: fitSystemWindows([0,50][0,444])
05-22 13:59:57.760 W/Parcel  ( 1661): Attempt to read object from Parcel 0x5ded3dac at offset 200 that is not in the object list
05-22 13:59:57.799 D/LightsService(  374): Excessive delay setting light: 97ms
05-22 13:59:58.400 I/QueryController(23849): Matched selector: UiSelector[CLASS=android.widget.EditText, INDEX=0, PACKAGE NAME=android] <<==>> [android.view.accessibility.AccessibilityNodeInfo@7296a7; boundsInParent: Rect(524070, 0 - 524506, 97); boundsInScreen: Rect(136, 483 - 572, 580); packageName: android; className: android.widget.EditText; text: null; contentDescription: null; viewIdResName: android:id/passwordEntry; checkable: false; checked: false; focusable: true; focused: true; selected: true; clickable: true; longClickable: true; enabled: true; password: true; scrollable: false; [ACTION_CLEAR_FOCUS, ACTION_SELECT, ACTION_CLEAR_SELECTION, ACTION_CLICK, ACTION_LONG_CLICK, ACTION_ACCESSIBILITY_FOCUS]]
05-22 13:59:58.447 I/QueryController(23849): Matched selector: UiSelector[CLASS=android.widget.EditText, INDEX=0, PACKAGE NAME=android] <<==>> [android.view.accessibility.AccessibilityNodeInfo@7296a7; boundsInParent: Rect(524070, 0 - 524506, 97); boundsInScreen: Rect(136, 483 - 572, 580); packageName: android; className: android.widget.EditText; text: null; contentDescription: null; viewIdResName: android:id/passwordEntry; checkable: false; checked: false; focusable: true; focused: true; selected: true; clickable: true; longClickable: true; enabled: true; password: true; scrollable: false; [ACTION_CLEAR_FOCUS, ACTION_SELECT, ACTION_CLEAR_SELECTION, ACTION_CLICK, ACTION_LONG_CLICK, ACTION_ACCESSIBILITY_FOCUS]]
05-22 13:59:58.486 I/QueryController(23849): Matched selector: UiSelector[CLASS=android.widget.EditText, INDEX=0, PACKAGE NAME=android] <<==>> [android.view.accessibility.AccessibilityNodeInfo@7296a7; boundsInParent: Rect(524070, 0 - 524506, 97); boundsInScreen: Rect(136, 483 - 572, 580); packageName: android; className: android.widget.EditText; text: null; contentDescription: null; viewIdResName: android:id/passwordEntry; checkable: false; checked: false; focusable: true; focused: true; selected: true; clickable: true; longClickable: true; enabled: true; password: true; scrollable: false; [ACTION_CLEAR_FOCUS, ACTION_SELECT, ACTION_CLEAR_SELECTION, ACTION_CLICK, ACTION_LONG_CLICK, ACTION_ACCESSIBILITY_FOCUS]]
05-22 14:00:01.603 V/WiseDownloadConditionControler(20342): checkCondition  type : WISE_DOWNLOAD  inerrupting: true
05-22 14:00:01.603 D/PhoneStatusBar(  448): disable: < expand* icons alerts ticker* system_info BACK HOME recent* CLOCK search* >
05-22 14:00:01.619 D/NfcService(  568): NFC-C ON
05-22 14:00:01.635 I/uninstall(20342): SelfUninstallManager -> initUninstallTask
05-22 14:00:01.635 I/uninstall(20342): initUninstallTask init is running, return
05-22 14:00:01.658 D/PhoneStatusBar(  448): disable: < expand icons alerts ticker system_info back* home* recent clock* search >
05-22 14:00:01.697 W/Parcel  ( 1661): Attempt to read object from Parcel 0x5ef3bdac at offset 200 that is not in the object list
05-22 14:00:01.728 W/IInputConnectionWrapper(  374): showStatusIcon on inactive InputConnection
05-22 14:00:01.838 V/DigitalWidgetViewsFactory(19507): DigitalWidget sets next alarm string to null
05-22 14:00:01.853 D/dalvikvm(20749): GC_CONCURRENT freed 333K, 5% free 9470K/9900K, paused 16ms+8ms, total 64ms
05-22 14:00:01.971 I/RootJni (23907): su: permission denied
05-22 14:00:02.103 V/TAG     (  374): bug 7643792: fitSystemWindows([0,50][0,0])
05-22 14:00:02.385 W/MountService(  374): getVolumeState(/storage/emulated/0/external_sd): Unknown volume
05-22 14:00:02.385 W/MountService(  374): getVolumeState(/mnt/sdcard-ext): Unknown volume
05-22 14:00:02.392 W/MountService(  374): getVolumeState(/mnt/ext_sdcard): Unknown volume
05-22 14:00:02.392 W/MountService(  374): getVolumeState(/mnt/sdcard2): Unknown volume
05-22 14:00:02.392 W/MountService(  374): getVolumeState(/mnt/emmc): Unknown volume
05-22 14:00:02.392 W/MountService(  374): getVolumeState(/mnt/extSdCard): Unknown volume
05-22 14:00:02.392 W/MountService(  374): getVolumeState(/mnt/sdcard/SD_CARD): Unknown volume
05-22 14:00:02.392 W/MountService(  374): getVolumeState(/mnt/sdcard/extra_sd): Unknown volume
05-22 14:00:02.392 W/MountService(  374): getVolumeState(/mnt/extrasd_bind): Unknown volume
05-22 14:00:02.392 W/MountService(  374): getVolumeState(/mnt/sdcard/ext_sd): Unknown volume
05-22 14:00:02.392 W/MountService(  374): getVolumeState(/storage/extSdCard): Unknown volume
05-22 14:00:02.392 W/MountService(  374): getVolumeState(/storage/sdcard1): Unknown volume
05-22 14:00:02.392 W/MountService(  374): getVolumeState(/mnt/sdcard/external_SD): Unknown volume
05-22 14:00:02.400 W/MountService(  374): getVolumeState(/mnt/sdcard/external_sd): Unknown volume
05-22 14:00:02.424 W/ResourceType(  576): No known package when getting name for resource number 0x9b000000
05-22 14:00:02.424 W/ResourceType(  576): No known package when getting name for resource number 0x9b010100
05-22 14:00:02.424 W/ResourceType(  576): No known package when getting name for resource number 0x9b030300
05-22 14:00:02.431 W/ResourceType(  576): No known package when getting name for resource number 0x9b040400
05-22 14:00:02.431 W/ResourceType(  576): No known package when getting name for resource number 0x9c030103
05-22 14:00:02.431 W/ResourceType(  576): No known package when getting name for resource number 0x9c030203
05-22 14:00:02.431 W/ResourceType(  576): No known package when getting name for resource number 0x9c010002
05-22 14:00:02.463 I/AndroidRuntime(23849): VM exiting with result code 0.
05-22 14:00:02.525 D/dalvikvm( 1468): GC_CONCURRENT freed 338K, 20% free 10115K/12512K, paused 11ms+6ms, total 38ms
05-22 14:00:02.697 W/MountService(  374): getVolumeState(/storage/emulated/0/external_sd): Unknown volume
05-22 14:00:02.697 W/MountService(  374): getVolumeState(/mnt/sdcard-ext): Unknown volume
05-22 14:00:02.705 W/MountService(  374): getVolumeState(/mnt/ext_sdcard): Unknown volume
05-22 14:00:02.705 W/MountService(  374): getVolumeState(/mnt/sdcard2): Unknown volume
05-22 14:00:02.705 W/MountService(  374): getVolumeState(/mnt/emmc): Unknown volume
05-22 14:00:02.705 W/MountService(  374): getVolumeState(/mnt/extSdCard): Unknown volume
05-22 14:00:02.705 W/MountService(  374): getVolumeState(/mnt/sdcard/SD_CARD): Unknown volume
05-22 14:00:02.705 W/MountService(  374): getVolumeState(/mnt/sdcard/extra_sd): Unknown volume
05-22 14:00:02.705 W/MountService(  374): getVolumeState(/mnt/extrasd_bind): Unknown volume
05-22 14:00:02.705 W/MountService(  374): getVolumeState(/mnt/sdcard/ext_sd): Unknown volume
05-22 14:00:02.705 W/MountService(  374): getVolumeState(/storage/extSdCard): Unknown volume
05-22 14:00:02.705 W/MountService(  374): getVolumeState(/storage/sdcard1): Unknown volume
05-22 14:00:02.705 W/MountService(  374): getVolumeState(/mnt/sdcard/external_SD): Unknown volume
05-22 14:00:02.705 W/MountService(  374): getVolumeState(/mnt/sdcard/external_sd): Unknown volume
05-22 14:00:02.744 D/dalvikvm( 1468): GC_CONCURRENT freed 627K, 21% free 10000K/12512K, paused 6ms+6ms, total 40ms
05-22 14:00:02.744 D/dalvikvm( 1468): WAIT_FOR_CONCURRENT_GC blocked 2ms
05-22 14:00:10.814 D/dalvikvm(23912): Late-enabling CheckJNI
05-22 14:00:10.822 I/ActivityManager(  374): Start proc com.pekall.emdm.launcher:remote for service com.pekall.emdm.launcher/com.baidu.location.f: pid=23912 uid=10066 gids={50066, 1015, 3002, 3001, 3003, 1028}
05-22 14:00:10.853 D/ScClassLoader(23912): >> SOURCE FILE: /data/data/com.pekall.emdm.launcher/app_jars/sc-jdk15on-1.47.0.2.dex.jar
05-22 14:00:10.853 V/MyServiceConnection(23912): [SConnection] sandbox service is NOT installed.
05-22 14:00:10.861 V/MyServiceConnection(23912): [SConnection] binding service: pekall.intent.action.SANDBOX_SERVICE
05-22 14:00:10.916 D/dalvikvm(23912): GC_CONCURRENT freed 103K, 2% free 9330K/9472K, paused 2ms+4ms, total 36ms
05-22 14:00:10.916 D/dalvikvm(23912): WAIT_FOR_CONCURRENT_GC blocked 14ms
05-22 14:00:10.916 D/dalvikvm(23912): WAIT_FOR_CONCURRENT_GC blocked 2ms
05-22 14:00:10.939 W/Parcel  ( 1661): Attempt to read object from Parcel 0x6013bdac at offset 200 that is not in the object list
05-22 14:00:10.939 W/Parcel  ( 1661): Attempt to read object from Parcel 0x6003bdac at offset 200 that is not in the object list
05-22 14:00:10.939 D/Email   (23912): Email: init sandbox at the beginning.
05-22 14:00:10.939 V/MyServiceConnection(23912): [SConnection] retry to bind service
05-22 14:00:10.939 V/MyServiceConnection(23912): [SConnection] sandbox service is NOT installed.
05-22 14:00:10.939 V/MyServiceConnection(23912): [SConnection] binding service: pekall.intent.action.SANDBOX_SERVICE
05-22 14:00:10.978 V/MyServiceConnection(23912): [SConnection] retry to bind service
05-22 14:00:10.978 V/MyServiceConnection(23912): [SConnection] sandbox service is NOT installed.
05-22 14:00:10.986 V/MyServiceConnection(23912): [SConnection] binding service: pekall.intent.action.SANDBOX_SERVICE
05-22 14:00:11.002 D/dalvikvm(23912): GC_CONCURRENT freed 279K, 4% free 9562K/9880K, paused 3ms+3ms, total 41ms
05-22 14:00:11.002 D/dalvikvm(23912): WAIT_FOR_CONCURRENT_GC blocked 7ms
05-22 14:00:11.002 D/dalvikvm(23912): WAIT_FOR_CONCURRENT_GC blocked 6ms
05-22 14:00:11.010 V/l       (23912): Bind requested for task setLogging
05-22 14:00:11.033 D/ExchangeService(22964): !!! EAS ExchangeService, onCreate
05-22 14:00:11.056 W/DocumentManager(23912): Sandbox service is not connected.
05-22 14:00:11.056 D/MessageControllerImpl(23912): controller is null
05-22 14:00:11.056 V/MyServiceConnection(23912): [SConnection] retry to bind service
05-22 14:00:11.056 V/MyServiceConnection(23912): [SConnection] sandbox service is NOT installed.
05-22 14:00:11.056 V/MyServiceConnection(23912): [SConnection] binding service: pekall.intent.action.SANDBOX_SERVICE
05-22 14:00:11.056 W/SQLiteOpenHelper(23912): Opened /data/data/com.pekall.emdm.launcher/databases/message.db
05-22 14:00:11.064 W/dalvikvm(23912): No implementation found for native Lcom/pekall/sandbox/database/sqlite/SQLiteDatabase;.native_setSqliteSoftHeapLimit:(I)V
05-22 14:00:11.064 D/AndroidRuntime(23912): Shutting down VM
05-22 14:00:11.064 W/dalvikvm(23912): threadid=1: thread exiting with uncaught exception (group=0x419c8700)
05-22 14:00:11.064 D/        (23912): [---null: -1---]  Thread is main
05-22 14:00:11.064 W/System.err(23912): java.lang.UnsatisfiedLinkError: Native method not found: com.pekall.sandbox.database.sqlite.SQLiteDatabase.native_setSqliteSoftHeapLimit:(I)V
05-22 14:00:11.064 W/System.err(23912): 	at com.pekall.sandbox.database.sqlite.SQLiteDatabase.native_setSqliteSoftHeapLimit(Native Method)
05-22 14:00:11.064 W/System.err(23912): 	at com.pekall.sandbox.database.sqlite.SQLiteDatabase.<init>(Unknown Source)
05-22 14:00:11.064 W/System.err(23912): 	at com.pekall.sandbox.database.sqlite.SQLiteDatabase.openDatabase(Unknown Source)
05-22 14:00:11.064 W/System.err(23912): 	at com.pekall.sandbox.database.sqlite.SQLiteDatabase.openDatabase(Unknown Source)
05-22 14:00:11.064 W/System.err(23912): 	at com.pekall.sandbox.database.sqlite.SQLiteDatabase.openDatabase(Unknown Source)
05-22 14:00:11.064 W/System.err(23912): 	at com.pekall.sandbox.database.sqlite.SQLiteOpenHelper.getWritableDatabase(Unknown Source)
05-22 14:00:11.064 W/System.err(23912): 	at com.pekall.emdm.messagecenter.db.a.a(Unknown Source)
05-22 14:00:11.064 W/System.err(23912): 	at com.pekall.emdm.messagecenter.db.a.b(Unknown Source)
05-22 14:00:11.064 W/System.err(23912): 	at com.pekall.emdm.messagecenter.activity.a.onCreate(Unknown Source)
05-22 14:00:11.064 W/System.err(23912): 	at com.pekall.emdm.launcher.LauncherApplication.onCreate(Unknown Source)
05-22 14:00:11.064 W/System.err(23912): 	at android.app.Instrumentation.callApplicationOnCreate(Instrumentation.java:1007)
05-22 14:00:11.064 W/System.err(23912): 	at android.app.ActivityThread.handleBindApplication(ActivityThread.java:4444)
05-22 14:00:11.064 W/System.err(23912): 	at android.app.ActivityThread.access$1300(ActivityThread.java:141)
05-22 14:00:11.072 W/System.err(23912): 	at android.app.ActivityThread$H.handleMessage(ActivityThread.java:1316)
05-22 14:00:11.072 W/System.err(23912): 	at android.os.Handler.dispatchMessage(Handler.java:99)
05-22 14:00:11.072 W/System.err(23912): 	at android.os.Looper.loop(Looper.java:137)
05-22 14:00:11.072 W/System.err(23912): 	at android.app.ActivityThread.main(ActivityThread.java:5103)
05-22 14:00:11.072 W/System.err(23912): 	at java.lang.reflect.Method.invokeNative(Native Method)
05-22 14:00:11.072 W/System.err(23912): 	at java.lang.reflect.Method.invoke(Method.java:525)
05-22 14:00:11.072 W/System.err(23912): 	at com.android.internal.os.ZygoteInit$MethodAndArgsCaller.run(ZygoteInit.java:737)
05-22 14:00:11.072 W/System.err(23912): 	at com.android.internal.os.ZygoteInit.main(ZygoteInit.java:553)
05-22 14:00:11.072 W/System.err(23912): 	at dalvik.system.NativeStart.main(Native Method)
05-22 14:00:11.221 W/Parcel  ( 1661): Attempt to read object from Parcel 0x5ec3bdac at offset 200 that is not in the object list
05-22 14:00:11.221 D/ExchangeService(22964): !!! EAS ExchangeService, onStartCommand, startingUp = false, running = false
05-22 14:00:11.221 D/ExchangeService(22964): to start secureStorageService now
05-22 14:00:11.228 D/ActivityThread(23912): Loading provider com.pekall.semail.provider;com.pekall.semail.notifier: com.pekall.semail.provider.EmailProvider
05-22 14:00:11.260 V/a       (22964): Bind requested for task test
05-22 14:00:11.260 D/ActivityThread(23912): Loading provider com.pekall.semail.provider;com.pekall.semail.notifier: com.pekall.semail.provider.EmailProvider
05-22 14:00:11.346 V/a       (22964): Connected: com.pekall.semail.service.AccountServiceInternal
05-22 14:00:11.346 D/ExchangeService(22964): Reconciling accounts...
05-22 14:00:11.353 V/a       (22964): Connection test succeeded in 94ms
05-22 14:00:11.353 V/a       (22964): Task test completed; disconnecting
05-22 14:00:11.369 V/a       (22964): Bind requested for task reconcileAccounts
05-22 14:00:11.392 V/a       (22964): Connected: com.pekall.semail.service.AccountServiceInternal
05-22 14:00:11.392 V/a       (22964): Waiting for task reconcileAccounts to complete...
05-22 14:00:11.408 V/a       (22964): Task reconcileAccounts completed; disconnecting
05-22 14:00:11.408 V/a       (22964): Wait for reconcileAccounts finished in 23ms
05-22 14:00:11.642 D/dalvikvm(23912): GC_CONCURRENT freed 467K, 6% free 9491K/10000K, paused 3ms+183ms, total 213ms
05-22 14:00:11.885 D/ExchangeService(22964): !!! EAS ExchangeService, stopping self
05-22 14:00:12.291 W/EmailProvider(23912): restoreIfNeeded...
05-22 14:00:12.361 D/EmailProvider(23912): restoreAccounts...
05-22 14:00:13.736 D/EmailProvider(23912): No accounts to restore...
