05-22 14:00:13.767 D/EmailProvider(23912): Deleting orphans...
05-22 14:00:14.619 D/MDM :   (22964): [null:-1]->MSG_WEBSOCKET_MESSAGE : {"id":552424669,"type":0,"command":0,"result":0,"reason":0,"params":{"msgId":"5672f024-d76d-434c-a30c-1bf80c30fafb,5672f024d76d434ca30c1bf80c30fafb","device":"00013fbc8ecec5b900000146227d1f99","message":"{\"cmd\":\"10119\"}"}}
05-22 14:00:14.658 D/MdmService(22964): [null:-1]->push message type :0
05-22 14:00:14.658 D/MdmService(22964): [null:-1]->cmdMessage : {"cmd":"10119"}
05-22 14:00:14.658 D/MdmService(22964): [null:-1]->command : PushCommandMsg{cmd='10119', msg='null'}
05-22 14:00:14.674 D/MdmStatusManager(22964): [null:-1]->change status to : Busy
05-22 14:00:14.681 I/TransInfo(22964): TransInfo created, id: 3, class: class com.pekall.emdm.transaction.c.b
05-22 14:00:14.689 D/NetworkThread(22964): [null:-1]->----isRunning-----true
05-22 14:00:14.689 D/NetworkThread(22964): [null:-1]->----isRunning-----true
05-22 14:00:14.689 D/NetworkThread(22964): [null:-1]->thread wakeup
05-22 14:00:14.744 D/NetworkThread(22964): [null:-1]->sendHttpPost:PostRequest, url: http://192.168.10.21/rest/mdm/v1/ios/android_server, Params: [content:<?xml version="1.0" encoding="UTF-8"?>
05-22 14:00:14.744 D/NetworkThread(22964): <!DOCTYPE plist PUBLIC "-//Apple//DTD PLIST 1.0//EN" "http://www.apple.com/DTDs/PropertyList-1.0.dtd">
05-22 14:00:14.744 D/NetworkThread(22964): <plist version="1.0">
05-22 14:00:14.744 D/NetworkThread(22964): <dict>
05-22 14:00:14.744 D/NetworkThread(22964): 	<key>Status</key>
05-22 14:00:14.744 D/NetworkThread(22964): 	<string>Idle</string>
05-22 14:00:14.744 D/NetworkThread(22964): 	<key>UDID</key>
05-22 14:00:14.744 D/NetworkThread(22964): 	<string>00013fbc8ecec5b900000146227d1f99</string>
05-22 14:00:14.744 D/NetworkThread(22964): </dict>
05-22 14:00:14.744 D/NetworkThread(22964): </plist>], 
05-22 14:00:14.744 D/HttpClient(22964): enable apache.http debug
05-22 14:00:14.760 V/DEBUG   (22964): HTTP 0
05-22 14:00:14.955 D/EmailProvider(23912): EmailProvider pre-caching...
05-22 14:00:15.228 D/MDM :   (22964): [null:-1]->statusCode : 200
05-22 14:00:15.228 D/MDM :   (22964): [null:-1]->statusCode : 200
05-22 14:00:15.236 V/DEBUG   (22964): HTTP 1
05-22 14:00:15.244 D/MDM :   (22964): [null:-1]->read network input stream
05-22 14:00:15.260 D/MDM :   (22964): [null:-1]->Get joson string: <?xml version="1.0" encoding="UTF-8"?>
05-22 14:00:15.260 D/MDM :   (22964): <!DOCTYPE plist PUBLIC "-//Apple//DTD PLIST 1.0//EN" "http://www.apple.com/DTDs/PropertyList-1.0.dtd">
05-22 14:00:15.260 D/MDM :   (22964): <plist version="1.0">
05-22 14:00:15.260 D/MDM :   (22964): <dict>
05-22 14:00:15.260 D/MDM :   (22964): 	<key>CommandUUID</key>
05-22 14:00:15.260 D/MDM :   (22964): 	<string>e266ba49-2899-412f-9e95-f52585c1cc4c</string>
05-22 14:00:15.260 D/MDM :   (22964): 	<key>Command</key>
05-22 14:00:15.260 D/MDM :   (22964): 	<dict>
05-22 14:00:15.260 D/MDM :   (22964): 		<key>Identifier</key>
05-22 14:00:15.260 D/MDM :   (22964): 		<string>V6sL7ciFjj1YRLhOVmjGfVGTQWWd90w2</string>
05-22 14:00:15.260 D/MDM :   (22964): 		<key>RequestType</key>
05-22 14:00:15.260 D/MDM :   (22964): 		<string>RemoveProfile</string>
05-22 14:00:15.260 D/MDM :   (22964): 	</dict>
05-22 14:00:15.260 D/MDM :   (22964): </dict>
05-22 14:00:15.260 D/MDM :   (22964): </plist>
05-22 14:00:15.299 D/CheckInTransInfo(22964): [null:-1]->CommandMsg : CommandMsg{CommandUUID='e266ba49-2899-412f-9e95-f52585c1cc4c', Command=CommandRemoveProfile{super=CommandObject{RequestType='RemoveProfile'}Identifier=V6sL7ciFjj1YRLhOVmjGfVGTQWWd90w2}}
05-22 14:00:15.338 D/NetworkThread(22964): [null:-1]->clear mCurrentTransInfo
05-22 14:00:15.338 D/NetworkThread(22964): [null:-1]->queue is empty, thread wait...
05-22 14:00:15.439 D/MdmService(22964): [null:-1]->handleCheckInResult
05-22 14:00:15.439 D/MdmService(22964): [null:-1]->handleCheckInResult result keyIndex: 3
05-22 14:00:15.596 D/CommandManager(22964): [null:-1]->execute command: CommandMsg{CommandUUID='e266ba49-2899-412f-9e95-f52585c1cc4c', Command=CommandRemoveProfile{super=CommandObject{RequestType='RemoveProfile'}Identifier=V6sL7ciFjj1YRLhOVmjGfVGTQWWd90w2}}
05-22 14:00:19.205 D/EmailProvider(23912): EmailProvider ready.
05-22 14:00:19.666 W/ActivityManager(  374): Unable to start service Intent { cmp=com.pekall.emdm.launcher/com.pekall.semail.service.AttachmentDownloadService } U=0: not found
05-22 14:00:19.783 I/Email   (23912): Notifications being toggled: false
05-22 14:00:19.877 D/MDM :   (22964): [null:-1]->xxxs == PayloadPasswordPolicy{allowSimple=null, forcePIN=true, maxFailedAttempts=4, maxInactivity=10.0, maxPINAgeInDays=2, minComplexChars=1, minLength=10, requireAlphanumeric=null, pinHistory=5, maxGracePeriod=null, quality='complex'}
05-22 14:00:19.885 D/ProfileManager(22964): [null:-1]->get policy, payloadBase:PayloadPasswordPolicy{allowSimple=null, forcePIN=true, maxFailedAttempts=4, maxInactivity=10.0, maxPINAgeInDays=2, minComplexChars=1, minLength=10, requireAlphanumeric=null, pinHistory=5, maxGracePeriod=null, quality='complex'}
05-22 14:00:19.971 W/Parcel  ( 1661): Attempt to read object from Parcel 0x5ded3dac at offset 200 that is not in the object list
05-22 14:00:19.978 W/Parcel  ( 1661): Attempt to read object from Parcel 0x5dfd3dac at offset 200 that is not in the object list
05-22 14:00:19.978 D/CommandManager(22964): [null:-1]->requestType: RemoveProfile
05-22 14:00:19.986 D/EmailBroadcastReceiver(22964): 1111  Email receives broadcast 'com.pekall.mdm.action.SETTING_CHANGED'
05-22 14:00:19.986 D/EmailBroadcastReceiver(22964): type = com.apple.mobiledevice.passwordpolicy
05-22 14:00:20.799 W/Parcel  ( 1661): Attempt to read object from Parcel 0x5ef3bdac at offset 200 that is not in the object list
05-22 14:00:20.931 D/MdmDatabaseHelper(22964): [null:-1]->update command e266ba49-2899-412f-9e95-f52585c1cc4c to commandStatus <?xml version="1.0" encoding="UTF-8"?>
05-22 14:00:20.931 D/MdmDatabaseHelper(22964): <!DOCTYPE plist PUBLIC "-//Apple//DTD PLIST 1.0//EN" "http://www.apple.com/DTDs/PropertyList-1.0.dtd">
05-22 14:00:20.931 D/MdmDatabaseHelper(22964): <plist version="1.0">
05-22 14:00:20.931 D/MdmDatabaseHelper(22964): <dict>
05-22 14:00:20.931 D/MdmDatabaseHelper(22964): 	<key>CommandUUID</key>
05-22 14:00:20.931 D/MdmDatabaseHelper(22964): 	<string>e266ba49-2899-412f-9e95-f52585c1cc4c</string>
05-22 14:00:20.931 D/MdmDatabaseHelper(22964): 	<key>Status</key>
05-22 14:00:20.931 D/MdmDatabaseHelper(22964): 	<string>Acknowledged</string>
05-22 14:00:20.931 D/MdmDatabaseHelper(22964): 	<key>UDID</key>
05-22 14:00:20.931 D/MdmDatabaseHelper(22964): 	<string>00013fbc8ecec5b900000146227d1f99</string>
05-22 14:00:20.931 D/MdmDatabaseHelper(22964): </dict>
05-22 14:00:20.931 D/MdmDatabaseHelper(22964): </plist>
05-22 14:00:21.174 I/TransInfo(22964): TransInfo created, id: 3, class: class com.pekall.emdm.transaction.c.b
05-22 14:00:21.174 D/NetworkThread(22964): [null:-1]->----isRunning-----true
05-22 14:00:21.174 D/NetworkThread(22964): [null:-1]->----isRunning-----true
05-22 14:00:21.174 D/NetworkThread(22964): [null:-1]->thread wakeup
05-22 14:00:21.174 D/NetworkThread(22964): [null:-1]->sendHttpPost:PostRequest, url: http://192.168.10.21/rest/mdm/v1/ios/android_server, Params: [content:<?xml version="1.0" encoding="UTF-8"?>
05-22 14:00:21.174 D/NetworkThread(22964): <!DOCTYPE plist PUBLIC "-//Apple//DTD PLIST 1.0//EN" "http://www.apple.com/DTDs/PropertyList-1.0.dtd">
05-22 14:00:21.174 D/NetworkThread(22964): <plist version="1.0">
05-22 14:00:21.174 D/NetworkThread(22964): <dict>
05-22 14:00:21.174 D/NetworkThread(22964): 	<key>CommandUUID</key>
05-22 14:00:21.174 D/NetworkThread(22964): 	<string>e266ba49-2899-412f-9e95-f52585c1cc4c</string>
05-22 14:00:21.174 D/NetworkThread(22964): 	<key>Status</key>
05-22 14:00:21.174 D/NetworkThread(22964): 	<string>Acknowledged</string>
05-22 14:00:21.174 D/NetworkThread(22964): 	<key>UDID</key>
05-22 14:00:21.174 D/NetworkThread(22964): 	<string>00013fbc8ecec5b900000146227d1f99</string>
05-22 14:00:21.174 D/NetworkThread(22964): </dict>
05-22 14:00:21.174 D/NetworkThread(22964): </plist>], 
05-22 14:00:21.174 D/HttpClient(22964): enable apache.http debug
05-22 14:00:21.181 V/DEBUG   (22964): HTTP 0
05-22 14:00:21.385 D/MDM :   (22964): [null:-1]->statusCode : 200
05-22 14:00:21.385 D/MDM :   (22964): [null:-1]->statusCode : 200
05-22 14:00:21.385 V/DEBUG   (22964): HTTP 1
05-22 14:00:21.392 D/MDM :   (22964): [null:-1]->Get joson string: 
05-22 14:00:21.392 D/MdmDatabaseHelper(22964): [null:-1]->update command e266ba49-2899-412f-9e95-f52585c1cc4c to status executed
05-22 14:00:21.424 D/NetworkThread(22964): [null:-1]->clear mCurrentTransInfo
05-22 14:00:21.424 D/NetworkThread(22964): [null:-1]->queue is empty, thread wait...
05-22 14:00:21.494 D/MdmService(22964): [null:-1]->handleCheckInResult
05-22 14:00:21.494 D/MdmService(22964): [null:-1]->handleCheckInResult result keyIndex: 3
05-22 14:00:21.494 D/HandleCommandTask(22964): [null:-1]->execute command msg but beanBase is null
05-22 14:00:21.502 D/MdmStatusManager(22964): [null:-1]->change status to : Idle
05-22 14:00:22.189 D/dalvikvm(20342): GC_CONCURRENT freed 397K, 5% free 9548K/10008K, paused 1ms+2ms, total 417ms
05-22 14:00:25.838 D/LightsService(  374): Excessive delay setting light: 101ms
05-22 14:00:27.517 D/MDM :   (22964): [null:-1]->MSG_WEBSOCKET_MESSAGE : {"id":1044427783,"type":0,"command":0,"result":0,"reason":0,"params":{"msgId":"da509a02-5911-4d23-bdfc-2d5efaf5103c,da509a0259114d23bdfc2d5efaf5103c","device":"00013fbc8ecec5b900000146227d1f99","message":"{\"cmd\":\"10119\"}"}}
05-22 14:00:27.533 D/MdmService(22964): [null:-1]->push message type :0
05-22 14:00:27.533 D/MdmService(22964): [null:-1]->cmdMessage : {"cmd":"10119"}
05-22 14:00:27.533 D/MdmService(22964): [null:-1]->command : PushCommandMsg{cmd='10119', msg='null'}
05-22 14:00:27.533 D/MdmStatusManager(22964): [null:-1]->change status to : Busy
05-22 14:00:27.533 I/TransInfo(22964): TransInfo created, id: 3, class: class com.pekall.emdm.transaction.c.b
05-22 14:00:27.541 D/NetworkThread(22964): [null:-1]->----isRunning-----true
05-22 14:00:27.541 D/NetworkThread(22964): [null:-1]->----isRunning-----true
05-22 14:00:27.541 D/NetworkThread(22964): [null:-1]->thread wakeup
05-22 14:00:27.541 D/NetworkThread(22964): [null:-1]->sendHttpPost:PostRequest, url: http://192.168.10.21/rest/mdm/v1/ios/android_server, Params: [content:<?xml version="1.0" encoding="UTF-8"?>
05-22 14:00:27.541 D/NetworkThread(22964): <!DOCTYPE plist PUBLIC "-//Apple//DTD PLIST 1.0//EN" "http://www.apple.com/DTDs/PropertyList-1.0.dtd">
05-22 14:00:27.541 D/NetworkThread(22964): <plist version="1.0">
05-22 14:00:27.541 D/NetworkThread(22964): <dict>
05-22 14:00:27.541 D/NetworkThread(22964): 	<key>Status</key>
05-22 14:00:27.541 D/NetworkThread(22964): 	<string>Idle</string>
05-22 14:00:27.541 D/NetworkThread(22964): 	<key>UDID</key>
05-22 14:00:27.541 D/NetworkThread(22964): 	<string>00013fbc8ecec5b900000146227d1f99</string>
05-22 14:00:27.541 D/NetworkThread(22964): </dict>
05-22 14:00:27.541 D/NetworkThread(22964): </plist>], 
05-22 14:00:27.541 D/HttpClient(22964): enable apache.http debug
05-22 14:00:27.556 V/DEBUG   (22964): HTTP 0
05-22 14:00:27.853 D/MDM :   (22964): [null:-1]->statusCode : 200
05-22 14:00:27.861 D/MDM :   (22964): [null:-1]->statusCode : 200
05-22 14:00:27.861 V/DEBUG   (22964): HTTP 1
05-22 14:00:27.869 D/MDM :   (22964): [null:-1]->read network input stream
05-22 14:00:27.877 D/MDM :   (22964): [null:-1]->Get joson string: <?xml version="1.0" encoding="UTF-8"?>
05-22 14:00:27.877 D/MDM :   (22964): <!DOCTYPE plist PUBLIC "-//Apple//DTD PLIST 1.0//EN" "http://www.apple.com/DTDs/PropertyList-1.0.dtd">
05-22 14:00:27.877 D/MDM :   (22964): <plist version="1.0">
05-22 14:00:27.877 D/MDM :   (22964): <dict>
05-22 14:00:27.877 D/MDM :   (22964): 	<key>CommandUUID</key>
05-22 14:00:27.877 D/MDM :   (22964): 	<string>09ab8747-1777-40d9-a453-c4c1159a886c</string>
05-22 14:00:27.877 D/MDM :   (22964): 	<key>Command</key>
05-22 14:00:27.877 D/MDM :   (22964): 	<dict>
05-22 14:00:27.877 D/MDM :   (22964): 		<key>RequestType</key>
05-22 14:00:27.877 D/MDM :   (22964): 		<string>ClearPasscode</string>
05-22 14:00:27.877 D/MDM :   (22964): 	</dict>
05-22 14:00:27.877 D/MDM :   (22964): </dict>
05-22 14:00:27.877 D/MDM :   (22964): </plist>
05-22 14:00:27.892 D/CheckInTransInfo(22964): [null:-1]->CommandMsg : CommandMsg{CommandUUID='09ab8747-1777-40d9-a453-c4c1159a886c', Command=CommandClearPasscode{super=CommandObject{RequestType='ClearPasscode'}UnlockToken=[]}}
05-22 14:00:27.939 D/NetworkThread(22964): [null:-1]->clear mCurrentTransInfo
05-22 14:00:27.939 D/NetworkThread(22964): [null:-1]->queue is empty, thread wait...
05-22 14:00:28.033 D/MdmService(22964): [null:-1]->handleCheckInResult
05-22 14:00:28.033 D/MdmService(22964): [null:-1]->handleCheckInResult result keyIndex: 3
05-22 14:00:28.056 D/CommandManager(22964): [null:-1]->execute command: CommandMsg{CommandUUID='09ab8747-1777-40d9-a453-c4c1159a886c', Command=CommandClearPasscode{super=CommandObject{RequestType='ClearPasscode'}UnlockToken=[]}}
05-22 14:00:28.486 D/CommandManager(22964): [null:-1]->requestType: ClearPasscode
05-22 14:00:28.549 D/LightsService(  374): Excessive delay setting light: 79ms
05-22 14:00:28.619 D/LightsService(  374): Excessive delay setting light: 73ms
05-22 14:00:28.689 D/LightsService(  374): Excessive delay setting light: 67ms
05-22 14:00:28.838 W/Parcel  ( 1661): Attempt to read object from Parcel 0x5dfd3dac at offset 200 that is not in the object list
05-22 14:00:28.994 D/MdmDatabaseHelper(22964): [null:-1]->update command 09ab8747-1777-40d9-a453-c4c1159a886c to commandStatus <?xml version="1.0" encoding="UTF-8"?>
05-22 14:00:28.994 D/MdmDatabaseHelper(22964): <!DOCTYPE plist PUBLIC "-//Apple//DTD PLIST 1.0//EN" "http://www.apple.com/DTDs/PropertyList-1.0.dtd">
05-22 14:00:28.994 D/MdmDatabaseHelper(22964): <plist version="1.0">
05-22 14:00:28.994 D/MdmDatabaseHelper(22964): <dict>
05-22 14:00:28.994 D/MdmDatabaseHelper(22964): 	<key>CommandUUID</key>
05-22 14:00:28.994 D/MdmDatabaseHelper(22964): 	<string>09ab8747-1777-40d9-a453-c4c1159a886c</string>
05-22 14:00:28.994 D/MdmDatabaseHelper(22964): 	<key>Status</key>
05-22 14:00:28.994 D/MdmDatabaseHelper(22964): 	<string>Acknowledged</string>
05-22 14:00:28.994 D/MdmDatabaseHelper(22964): 	<key>UDID</key>
05-22 14:00:28.994 D/MdmDatabaseHelper(22964): 	<string>00013fbc8ecec5b900000146227d1f99</string>
05-22 14:00:28.994 D/MdmDatabaseHelper(22964): </dict>
05-22 14:00:28.994 D/MdmDatabaseHelper(22964): </plist>
05-22 14:00:29.517 D/AndroidRuntime(23952): 
05-22 14:00:29.517 D/AndroidRuntime(23952): >>>>>> AndroidRuntime START com.android.internal.os.RuntimeInit <<<<<<
05-22 14:00:29.517 D/AndroidRuntime(23952): CheckJNI is OFF
05-22 14:00:29.525 D/dalvikvm(23952): Trying to load lib libjavacore.so 0x0
05-22 14:00:29.533 D/dalvikvm(23952): Added shared lib libjavacore.so 0x0
05-22 14:00:29.541 D/dalvikvm(23952): Trying to load lib libnativehelper.so 0x0
05-22 14:00:29.541 D/dalvikvm(23952): Added shared lib libnativehelper.so 0x0
05-22 14:00:29.736 D/AndroidRuntime(23952): Calling main entry com.android.commands.uiautomator.Launcher
05-22 14:00:29.775 D/dalvikvm(23952): Note: class Landroid/app/ActivityManagerNative; has 163 unimplemented (abstract) methods
05-22 14:00:29.822 I/PowerManagerService(  374): Going to sleep by user request...
05-22 14:00:29.838 I/AndroidRuntime(23952): VM exiting with result code 0.
05-22 14:00:29.924 I/TransInfo(22964): TransInfo created, id: 3, class: class com.pekall.emdm.transaction.c.b
05-22 14:00:29.924 D/NetworkThread(22964): [null:-1]->----isRunning-----true
05-22 14:00:29.924 D/NetworkThread(22964): [null:-1]->----isRunning-----true
05-22 14:00:29.931 D/NetworkThread(22964): [null:-1]->thread wakeup
05-22 14:00:29.931 D/NetworkThread(22964): [null:-1]->sendHttpPost:PostRequest, url: http://192.168.10.21/rest/mdm/v1/ios/android_server, Params: [content:<?xml version="1.0" encoding="UTF-8"?>
05-22 14:00:29.931 D/NetworkThread(22964): <!DOCTYPE plist PUBLIC "-//Apple//DTD PLIST 1.0//EN" "http://www.apple.com/DTDs/PropertyList-1.0.dtd">
05-22 14:00:29.931 D/NetworkThread(22964): <plist version="1.0">
05-22 14:00:29.931 D/NetworkThread(22964): <dict>
05-22 14:00:29.931 D/NetworkThread(22964): 	<key>CommandUUID</key>
05-22 14:00:29.931 D/NetworkThread(22964): 	<string>09ab8747-1777-40d9-a453-c4c1159a886c</string>
05-22 14:00:29.931 D/NetworkThread(22964): 	<key>Status</key>
05-22 14:00:29.931 D/NetworkThread(22964): 	<string>Acknowledged</string>
05-22 14:00:29.931 D/NetworkThread(22964): 	<key>UDID</key>
05-22 14:00:29.931 D/NetworkThread(22964): 	<string>00013fbc8ecec5b900000146227d1f99</string>
05-22 14:00:29.931 D/NetworkThread(22964): </dict>
05-22 14:00:29.931 D/NetworkThread(22964): </plist>], 
05-22 14:00:29.939 D/HttpClient(22964): enable apache.http debug
05-22 14:00:29.939 V/DEBUG   (22964): HTTP 0
05-22 14:00:30.377 D/MDM :   (22964): [null:-1]->statusCode : 200
05-22 14:00:30.377 D/MDM :   (22964): [null:-1]->statusCode : 200
05-22 14:00:30.377 V/DEBUG   (22964): HTTP 1
05-22 14:00:30.377 D/MDM :   (22964): [null:-1]->Get joson string: 
05-22 14:00:30.385 D/MdmDatabaseHelper(22964): [null:-1]->update command 09ab8747-1777-40d9-a453-c4c1159a886c to status executed
05-22 14:00:30.416 D/NetworkThread(22964): [null:-1]->clear mCurrentTransInfo
05-22 14:00:30.416 D/NetworkThread(22964): [null:-1]->queue is empty, thread wait...
05-22 14:00:30.486 D/MdmService(22964): [null:-1]->handleCheckInResult
05-22 14:00:30.486 D/MdmService(22964): [null:-1]->handleCheckInResult result keyIndex: 3
05-22 14:00:30.486 D/HandleCommandTask(22964): [null:-1]->execute command msg but beanBase is null
05-22 14:00:30.502 D/MdmStatusManager(22964): [null:-1]->change status to : Idle
05-22 14:00:30.603 D/dalvikvm(  374): GC_FOR_ALLOC freed 2755K, 24% free 23307K/30504K, paused 128ms, total 128ms
05-22 14:00:30.697 W/Parcel  ( 1661): Attempt to read object from Parcel 0x5ef3bdac at offset 200 that is not in the object list
05-22 14:00:30.744 V/WiseDownloadConditionControler(20342): checkCondition  type : TODAY_LAUNCHED_USER  inerrupting: false
05-22 14:00:30.799 D/LightsService(  374): Excessive delay setting light: 177ms
05-22 14:00:30.799 D/SurfaceFlinger(  124): Screen released, type=0 flinger=0x40e95478
05-22 14:00:30.799 W/Parcel  ( 1661): Attempt to read object from Parcel 0x5dfd3dac at offset 200 that is not in the object list
05-22 14:00:30.806 V/MDM :   (22964): [null:-1]->Screen receiver is called.
05-22 14:00:30.814 W/Parcel  ( 1661): Attempt to read object from Parcel 0x5ef3bdac at offset 200 that is not in the object list
05-22 14:00:30.838 I/Process (  374): Sending signal. PID: 23912 SIG: 3
05-22 14:00:30.838 I/dalvikvm(23912): threadid=3: reacting to signal 3
05-22 14:00:30.838 W/ActivityManager(  374): Timeout executing service: ServiceRecord{42f9c6a8 u0 com.pekall.emdm.launcher/com.baidu.location.f}
05-22 14:00:30.869 D/dalvikvm( 1661): GC_CONCURRENT freed 1341K, 18% free 13096K/15888K, paused 2ms+3ms, total 97ms
05-22 14:00:30.869 D/NfcService(  568): NFC-C OFF, disconnect
05-22 14:00:30.994 D/PowerManagerService-JNI(  374): Excessive delay in setInteractive(false) while turning screen off: 89ms
05-22 14:00:31.041 I/Process (  374): Sending signal. PID: 374 SIG: 3
05-22 14:00:31.041 I/dalvikvm(  374): threadid=3: reacting to signal 3
05-22 14:00:31.088 D/dalvikvm(23912): JIT unchain all for threadid=11
05-22 14:00:31.158 I/dalvikvm(23912): Wrote stack traces to '/data/anr/traces.txt'
05-22 14:00:31.846 D/AndroidRuntime(23972): 
05-22 14:00:31.846 D/AndroidRuntime(23972): >>>>>> AndroidRuntime START com.android.internal.os.RuntimeInit <<<<<<
05-22 14:00:31.846 D/AndroidRuntime(23972): CheckJNI is OFF
05-22 14:00:31.861 D/dalvikvm(23972): Trying to load lib libjavacore.so 0x0
05-22 14:00:31.869 D/dalvikvm(23972): Added shared lib libjavacore.so 0x0
05-22 14:00:31.885 D/dalvikvm(23972): Trying to load lib libnativehelper.so 0x0
05-22 14:00:31.885 D/dalvikvm(23972): Added shared lib libnativehelper.so 0x0
05-22 14:00:32.205 D/AndroidRuntime(23972): Calling main entry com.android.commands.uiautomator.Launcher
05-22 14:00:37.416 I/dalvikvm(  374): Wrote stack traces to '/data/anr/traces.txt'
05-22 14:00:37.439 D/dalvikvm(23972): Note: class Landroid/app/ActivityManagerNative; has 163 unimplemented (abstract) methods
05-22 14:00:37.439 I/Process (  374): Sending signal. PID: 561 SIG: 3
05-22 14:00:37.439 I/dalvikvm(  561): threadid=3: reacting to signal 3
05-22 14:00:37.439 I/Process (  374): Sending signal. PID: 448 SIG: 3
05-22 14:00:37.439 I/dalvikvm(  448): threadid=3: reacting to signal 3
05-22 14:00:37.556 I/dalvikvm(  561): Wrote stack traces to '/data/anr/traces.txt'
05-22 14:00:37.556 I/Process (  374): Sending signal. PID: 568 SIG: 3
05-22 14:00:37.556 I/dalvikvm(  568): threadid=3: reacting to signal 3
05-22 14:00:37.572 I/PowerManagerService(  374): Waking up from sleep...
05-22 14:00:37.674 I/dalvikvm(  568): Wrote stack traces to '/data/anr/traces.txt'
05-22 14:00:37.931 D/PowerManagerService-JNI(  374): Excessive delay in autosuspend_disable() while turning screen on: 347ms
05-22 14:00:37.955 D/SurfaceFlinger(  124): Screen acquired, type=0 flinger=0x40e95478
05-22 14:00:38.564 D/dalvikvm(  374): GC_EXPLICIT freed 2203K, 23% free 23596K/30504K, paused 5ms+11ms, total 249ms
05-22 14:00:38.588 W/ResourceType(  576): No known package when getting name for resource number 0x9b000000
05-22 14:00:38.588 W/ResourceType(  576): No known package when getting name for resource number 0x9b010100
05-22 14:00:38.596 W/ResourceType(  576): No known package when getting name for resource number 0x9b030300
05-22 14:00:38.596 W/ResourceType(  576): No known package when getting name for resource number 0x9b040400
05-22 14:00:38.611 W/ResourceType(  576): No known package when getting name for resource number 0x9c030103
05-22 14:00:38.619 W/ResourceType(  576): No known package when getting name for resource number 0x9c030203
05-22 14:00:38.635 W/ResourceType(  576): No known package when getting name for resource number 0x9c010002
05-22 14:00:38.689 W/ResourceType(  576): No known package when getting name for resource number 0x9b000000
05-22 14:00:38.689 W/ResourceType(  576): No known package when getting name for resource number 0x9b010100
05-22 14:00:38.697 W/ResourceType(  576): No known package when getting name for resource number 0x9b030300
05-22 14:00:38.697 W/ResourceType(  576): No known package when getting name for resource number 0x9b040400
05-22 14:00:38.713 W/ResourceType(  576): No known package when getting name for resource number 0x9c030103
05-22 14:00:38.721 W/ResourceType(  576): No known package when getting name for resource number 0x9c030203
05-22 14:00:38.721 W/ResourceType(  576): No known package when getting name for resource number 0x9c010002
05-22 14:00:38.767 W/ResourceType(  576): No known package when getting name for resource number 0x9b000000
05-22 14:00:38.767 W/ResourceType(  576): No known package when getting name for resource number 0x9b010100
05-22 14:00:38.767 W/ResourceType(  576): No known package when getting name for resource number 0x9b030300
05-22 14:00:38.767 W/ResourceType(  576): No known package when getting name for resource number 0x9b040400
05-22 14:00:38.783 I/dalvikvm(  448): Wrote stack traces to '/data/anr/traces.txt'
05-22 14:00:38.791 W/ResourceType(  576): No known package when getting name for resource number 0x9c030103
05-22 14:00:38.791 W/ResourceType(  576): No known package when getting name for resource number 0x9c030203
05-22 14:00:38.791 W/ResourceType(  576): No known package when getting name for resource number 0x9c010002
05-22 14:00:38.838 I/AndroidRuntime(23972): VM exiting with result code 0.
05-22 14:00:39.221 I/Process (  374): Sending signal. PID: 22964 SIG: 3
05-22 14:00:39.221 I/dalvikvm(22964): threadid=3: reacting to signal 3
05-22 14:00:39.416 I/Process (  374): Sending signal. PID: 576 SIG: 3
05-22 14:00:39.416 I/dalvikvm(  576): threadid=3: reacting to signal 3
05-22 14:00:39.471 D/dalvikvm(22964): JIT unchain all for threadid=11
05-22 14:00:39.533 I/dalvikvm(  576): Wrote stack traces to '/data/anr/traces.txt'
05-22 14:00:39.549 E/ActivityManager(  374): ANR in com.pekall.emdm.launcher:remote
05-22 14:00:39.549 E/ActivityManager(  374): Reason: Executing service com.pekall.emdm.launcher/com.baidu.location.f
05-22 14:00:39.549 E/ActivityManager(  374): Load: 3.49 / 3.4 / 2.69
05-22 14:00:39.549 E/ActivityManager(  374): CPU usage from 233ms to -8697ms ago:
05-22 14:00:39.549 E/ActivityManager(  374):   79% 23912/com.pekall.emdm.launcher:remote: 78% user + 0.2% kernel / faults: 107 minor
05-22 14:00:39.549 E/ActivityManager(  374):   77% 22964/com.pekall.emdm.launcher: 76% user + 0.3% kernel / faults: 205 minor
05-22 14:00:39.549 E/ActivityManager(  374):   20% 374/system_server: 16% user + 3.8% kernel / faults: 495 minor
05-22 14:00:39.549 E/ActivityManager(  374):   6.8% 448/com.android.systemui: 6.3% user + 0.4% kernel / faults: 42 minor
05-22 14:00:39.549 E/ActivityManager(  374):   0.6% 576/com.android.launcher: 0.5% user + 0% kernel / faults: 228 minor
05-22 14:00:39.549 E/ActivityManager(  374):   1% 1661/com.qihoo360.mobilesafe:GuardService: 0.8% user + 0.1% kernel / faults: 177 minor
05-22 14:00:39.549 E/ActivityManager(  374):   0.6% 561/com.android.phone: 0.5% user + 0.1% kernel / faults: 56 minor
05-22 14:00:39.549 E/ActivityManager(  374):   0.1% 568/com.android.nfc: 0% user + 0% kernel / faults: 35 minor
05-22 14:00:39.549 E/ActivityManager(  374):   0.3% 124/surfaceflinger: 0.2% user + 0.1% kernel
05-22 14:00:39.549 E/ActivityManager(  374):   0.3% 135/adbd: 0.1% user + 0.2% kernel / faults: 19 minor
05-22 14:00:39.549 E/ActivityManager(  374):   0.2% 20874/com.qihoo.appstore: 0.2% user + 0% kernel / faults: 8 minor
05-22 14:00:39.549 E/ActivityManager(  374):   0.2% 23642/kworker/u:1: 0% user + 0.2% kernel
05-22 14:00:39.549 E/ActivityManager(  374):   0.2% 23777/com.nd.assistance.ServerService: 0.1% user + 0.1% kernel / faults: 43 minor
05-22 14:00:39.549 E/ActivityManager(  374):   0% 127/mediaserver: 0% user + 0% kernel
05-22 14:00:39.549 E/ActivityManager(  374):   0.1% 20749/com.dragon.android.pandaspace: 0% user + 0.1% kernel / faults: 76 minor
05-22 14:00:39.549 E/ActivityManager(  374):   0.1% 21353/kworker/0:1: 0% user + 0.1% kernel
05-22 14:00:39.549 E/ActivityManager(  374):   0.1% 23946/logcat: 0.1% user + 0% kernel / faults: 1 minor
05-22 14:00:39.549 E/ActivityManager(  374): 99% TOTAL: 95% user + 4% kernel + 0% softirq
05-22 14:00:39.549 E/ActivityManager(  374): CPU usage from 7734ms to 8305ms later with 99% awake:
05-22 14:00:39.549 E/ActivityManager(  374):   78% 23912/com.pekall.emdm.launcher:remote: 78% user + 0% kernel
05-22 14:00:39.549 E/ActivityManager(  374):     78% 23925/Thread-5409: 78% user + 0% kernel
05-22 14:00:39.549 E/ActivityManager(  374):   71% 22964/com.pekall.emdm.launcher: 71% user + 0% kernel
05-22 14:00:39.549 E/ActivityManager(  374):     70% 22977/Thread-5352: 70% user + 0% kernel
05-22 14:00:39.549 E/ActivityManager(  374):   12% 448/com.android.systemui: 12% user + 0% kernel / faults: 6 minor
05-22 14:00:39.549 E/ActivityManager(  374):     5.1% 457/Compiler: 5.1% user + 0% kernel
05-22 14:00:39.549 E/ActivityManager(  374):     3.4% 453/GC: 3.4% user + 0% kernel
05-22 14:00:39.549 E/ActivityManager(  374):   10% 576/com.android.launcher: 10% user + 0% kernel / faults: 6 minor
05-22 14:00:39.549 E/ActivityManager(  374):     12% 576/ndroid.launcher: 10% user + 1.7% kernel
05-22 14:00:39.549 E/ActivityManager(  374):   8.7% 374/system_server: 3.5% user + 5.2% kernel / faults: 6 minor
05-22 14:00:39.549 E/ActivityManager(  374):     8.7% 390/ActivityManager: 3.5% user + 5.2% kernel
05-22 14:00:39.549 E/ActivityManager(  374):     1.7% 3449/Binder_F: 1.7% user + 0% kernel
05-22 14:00:39.549 E/ActivityManager(  374):   0.7% 124/surfaceflinger: 0.7% user + 0% kernel
05-22 14:00:39.549 E/ActivityManager(  374):     0.7% 693/Binder_4: 0.7% user + 0% kernel
05-22 14:00:39.549 E/ActivityManager(  374):   0.7% 135/adbd: 0% user + 0.7% kernel
05-22 14:00:39.549 E/ActivityManager(  374):     0.7% 135/adbd: 0% user + 0.7% kernel
05-22 14:00:39.549 E/ActivityManager(  374): 100% TOTAL: 95% user + 4.4% kernel
05-22 14:00:39.556 W/ActivityManager(  374): Killing ProcessRecord{427b2f20 23912:com.pekall.emdm.launcher:remote/u0a10066}: background ANR
05-22 14:00:39.564 I/ActivityManager(  374): Process com.pekall.emdm.launcher:remote (pid 23912) has died.
05-22 14:00:39.564 W/ActivityManager(  374): Scheduling restart of crashed service com.pekall.emdm.launcher/com.baidu.location.f in 320000ms
05-22 14:00:39.572 I/WindowManager(  374): No lock screen!
05-22 14:00:39.642 I/dalvikvm(22964): Wrote stack traces to '/data/anr/traces.txt'
05-22 14:00:39.642 D/ExchangeService(22964): !!! EAS ExchangeService, onDestroy
05-22 14:00:39.697 D/LightsService(  374): Excessive delay setting light: 83ms
05-22 14:00:39.713 W/Parcel  ( 1661): Attempt to read object from Parcel 0x6013bdac at offset 200 that is not in the object list
05-22 14:00:39.713 W/Parcel  ( 1661): Attempt to read object from Parcel 0x6003bdac at offset 200 that is not in the object list
05-22 14:00:39.721 D/NfcService(  568): NFC-C ON
05-22 14:00:39.799 V/DigitalWidgetViewsFactory(19507): DigitalWidget sets next alarm string to null
05-22 14:00:39.799 V/WiseDownloadConditionControler(20342): checkCondition  type : WISE_DOWNLOAD  inerrupting: true
05-22 14:00:41.369 D/dalvikvm( 1661): GC_EXPLICIT freed 547K, 18% free 13064K/15888K, paused 2ms+4ms, total 57ms
05-22 14:00:46.416 D/dalvikvm( 1661): GC_EXPLICIT freed 38K, 18% free 13042K/15888K, paused 2ms+3ms, total 46ms
05-22 14:00:56.416 D/dalvikvm( 1661): GC_EXPLICIT freed 89K, 18% free 13044K/15888K, paused 2ms+4ms, total 48ms
05-22 14:01:01.088 W/Parcel  ( 1661): Attempt to read object from Parcel 0x5ded3dac at offset 200 that is not in the object list
05-22 14:01:01.697 D/LightsService(  374): Excessive delay setting light: 67ms
05-22 14:01:02.408 W/MountService(  374): getVolumeState(/storage/emulated/0/external_sd): Unknown volume
05-22 14:01:02.408 W/MountService(  374): getVolumeState(/mnt/sdcard-ext): Unknown volume
05-22 14:01:02.408 W/MountService(  374): getVolumeState(/mnt/ext_sdcard): Unknown volume
05-22 14:01:02.408 W/MountService(  374): getVolumeState(/mnt/sdcard2): Unknown volume
05-22 14:01:02.408 W/MountService(  374): getVolumeState(/mnt/emmc): Unknown volume
05-22 14:01:02.408 W/MountService(  374): getVolumeState(/mnt/extSdCard): Unknown volume
05-22 14:01:02.408 W/MountService(  374): getVolumeState(/mnt/sdcard/SD_CARD): Unknown volume
05-22 14:01:02.416 W/MountService(  374): getVolumeState(/mnt/sdcard/extra_sd): Unknown volume
05-22 14:01:02.416 W/MountService(  374): getVolumeState(/mnt/extrasd_bind): Unknown volume
05-22 14:01:02.416 W/MountService(  374): getVolumeState(/mnt/sdcard/ext_sd): Unknown volume
05-22 14:01:02.416 W/MountService(  374): getVolumeState(/storage/extSdCard): Unknown volume
05-22 14:01:02.416 W/MountService(  374): getVolumeState(/storage/sdcard1): Unknown volume
05-22 14:01:02.416 W/MountService(  374): getVolumeState(/mnt/sdcard/external_SD): Unknown volume
05-22 14:01:02.416 W/MountService(  374): getVolumeState(/mnt/sdcard/external_sd): Unknown volume
05-22 14:01:02.439 D/dalvikvm( 1468): GC_CONCURRENT freed 486K, 20% free 10026K/12512K, paused 5ms+5ms, total 38ms
05-22 14:01:02.439 D/dalvikvm( 1468): WAIT_FOR_CONCURRENT_GC blocked 13ms
05-22 14:01:02.439 D/dalvikvm( 1468): WAIT_FOR_CONCURRENT_GC blocked 13ms
05-22 14:01:02.705 D/dalvikvm( 1468): GC_CONCURRENT freed 508K, 20% free 10030K/12512K, paused 6ms+5ms, total 40ms
05-22 14:01:02.705 D/dalvikvm( 1468): WAIT_FOR_CONCURRENT_GC blocked 11ms
05-22 14:01:02.705 D/dalvikvm( 1468): WAIT_FOR_CONCURRENT_GC blocked 13ms
05-22 14:01:02.713 W/MountService(  374): getVolumeState(/storage/emulated/0/external_sd): Unknown volume
05-22 14:01:02.713 W/MountService(  374): getVolumeState(/mnt/sdcard-ext): Unknown volume
05-22 14:01:02.713 W/MountService(  374): getVolumeState(/mnt/ext_sdcard): Unknown volume
05-22 14:01:02.713 W/MountService(  374): getVolumeState(/mnt/sdcard2): Unknown volume
05-22 14:01:02.713 W/MountService(  374): getVolumeState(/mnt/emmc): Unknown volume
05-22 14:01:02.713 W/MountService(  374): getVolumeState(/mnt/extSdCard): Unknown volume
05-22 14:01:02.713 W/MountService(  374): getVolumeState(/mnt/sdcard/SD_CARD): Unknown volume
05-22 14:01:02.713 W/MountService(  374): getVolumeState(/mnt/sdcard/extra_sd): Unknown volume
05-22 14:01:02.713 W/MountService(  374): getVolumeState(/mnt/extrasd_bind): Unknown volume
05-22 14:01:02.713 W/MountService(  374): getVolumeState(/mnt/sdcard/ext_sd): Unknown volume
05-22 14:01:02.713 W/MountService(  374): getVolumeState(/storage/extSdCard): Unknown volume
05-22 14:01:02.713 W/MountService(  374): getVolumeState(/storage/sdcard1): Unknown volume
05-22 14:01:02.713 W/MountService(  374): getVolumeState(/mnt/sdcard/external_SD): Unknown volume
05-22 14:01:02.721 W/MountService(  374): getVolumeState(/mnt/sdcard/external_sd): Unknown volume
05-22 14:01:05.142 D/AndroidRuntime(24000): 
05-22 14:01:05.142 D/AndroidRuntime(24000): >>>>>> AndroidRuntime START com.android.internal.os.RuntimeInit <<<<<<
05-22 14:01:05.142 D/AndroidRuntime(24000): CheckJNI is OFF
05-22 14:01:05.150 D/dalvikvm(24000): Trying to load lib libjavacore.so 0x0
05-22 14:01:05.158 D/dalvikvm(24000): Added shared lib libjavacore.so 0x0
05-22 14:01:05.166 D/dalvikvm(24000): Trying to load lib libnativehelper.so 0x0
05-22 14:01:05.166 D/dalvikvm(24000): Added shared lib libnativehelper.so 0x0
05-22 14:01:05.322 D/AndroidRuntime(24000): Calling main entry com.android.commands.uiautomator.Launcher
05-22 14:01:05.353 D/dalvikvm(24000): Note: class Landroid/app/ActivityManagerNative; has 163 unimplemented (abstract) methods
05-22 14:01:05.885 W/ResourceType(  576): No known package when getting name for resource number 0x9b000000
05-22 14:01:05.885 W/ResourceType(  576): No known package when getting name for resource number 0x9b010100
05-22 14:01:05.885 W/ResourceType(  576): No known package when getting name for resource number 0x9b030300
05-22 14:01:05.885 W/ResourceType(  576): No known package when getting name for resource number 0x9b040400
05-22 14:01:05.892 W/ResourceType(  576): No known package when getting name for resource number 0x9c030103
05-22 14:01:05.892 W/ResourceType(  576): No known package when getting name for resource number 0x9c030203
05-22 14:01:05.892 W/ResourceType(  576): No known package when getting name for resource number 0x9c010002
05-22 14:01:05.908 W/ResourceType(  576): No known package when getting name for resource number 0x9b000000
05-22 14:01:05.916 W/ResourceType(  576): No known package when getting name for resource number 0x9b010100
05-22 14:01:05.916 W/ResourceType(  576): No known package when getting name for resource number 0x9b030300
05-22 14:01:05.916 W/ResourceType(  576): No known package when getting name for resource number 0x9b040400
05-22 14:01:05.916 W/ResourceType(  576): No known package when getting name for resource number 0x9c030103
05-22 14:01:05.916 W/ResourceType(  576): No known package when getting name for resource number 0x9c030203
05-22 14:01:05.916 W/ResourceType(  576): No known package when getting name for resource number 0x9c010002
05-22 14:01:05.939 W/ResourceType(  576): No known package when getting name for resource number 0x9b000000
05-22 14:01:05.939 W/ResourceType(  576): No known package when getting name for resource number 0x9b010100
05-22 14:01:05.939 W/ResourceType(  576): No known package when getting name for resource number 0x9b030300
05-22 14:01:05.939 W/ResourceType(  576): No known package when getting name for resource number 0x9b040400
05-22 14:01:05.939 W/ResourceType(  576): No known package when getting name for resource number 0x9c030103
05-22 14:01:05.939 W/ResourceType(  576): No known package when getting name for resource number 0x9c030203
05-22 14:01:05.939 W/ResourceType(  576): No known package when getting name for resource number 0x9c010002
05-22 14:01:05.963 W/ResourceType(  576): No known package when getting name for resource number 0x9b000000
05-22 14:01:05.963 W/ResourceType(  576): No known package when getting name for resource number 0x9b010100
05-22 14:01:05.963 W/ResourceType(  576): No known package when getting name for resource number 0x9b030300
05-22 14:01:05.963 W/ResourceType(  576): No known package when getting name for resource number 0x9b040400
05-22 14:01:05.963 W/ResourceType(  576): No known package when getting name for resource number 0x9c030103
05-22 14:01:05.963 W/ResourceType(  576): No known package when getting name for resource number 0x9c030203
05-22 14:01:05.971 W/ResourceType(  576): No known package when getting name for resource number 0x9c010002
05-22 14:01:05.986 W/ResourceType(  576): No known package when getting name for resource number 0x9b000000
05-22 14:01:05.986 W/ResourceType(  576): No known package when getting name for resource number 0x9b010100
05-22 14:01:05.986 W/ResourceType(  576): No known package when getting name for resource number 0x9b030300
05-22 14:01:05.986 W/ResourceType(  576): No known package when getting name for resource number 0x9b040400
05-22 14:01:05.994 W/ResourceType(  576): No known package when getting name for resource number 0x9c030103
05-22 14:01:05.994 W/ResourceType(  576): No known package when getting name for resource number 0x9c030203
05-22 14:01:05.994 W/ResourceType(  576): No known package when getting name for resource number 0x9c010002
05-22 14:01:06.017 W/ResourceType(  576): No known package when getting name for resource number 0x9b000000
05-22 14:01:06.017 W/ResourceType(  576): No known package when getting name for resource number 0x9b010100
05-22 14:01:06.017 W/ResourceType(  576): No known package when getting name for resource number 0x9b030300
05-22 14:01:06.017 W/ResourceType(  576): No known package when getting name for resource number 0x9b040400
05-22 14:01:06.025 W/ResourceType(  576): No known package when getting name for resource number 0x9c030103
05-22 14:01:06.025 W/ResourceType(  576): No known package when getting name for resource number 0x9c030203
05-22 14:01:06.025 W/ResourceType(  576): No known package when getting name for resource number 0x9c010002
05-22 14:01:06.041 W/ResourceType(  576): No known package when getting name for resource number 0x9b000000
05-22 14:01:06.041 W/ResourceType(  576): No known package when getting name for resource number 0x9b010100
05-22 14:01:06.041 W/ResourceType(  576): No known package when getting name for resource number 0x9b030300
05-22 14:01:06.041 W/ResourceType(  576): No known package when getting name for resource number 0x9b040400
05-22 14:01:06.049 W/ResourceType(  576): No known package when getting name for resource number 0x9c030103
05-22 14:01:06.049 W/ResourceType(  576): No known package when getting name for resource number 0x9c030203
05-22 14:01:06.049 W/ResourceType(  576): No known package when getting name for resource number 0x9c010002
05-22 14:01:06.064 W/ResourceType(  576): No known package when getting name for resource number 0x9b000000
05-22 14:01:06.064 W/ResourceType(  576): No known package when getting name for resource number 0x9b010100
05-22 14:01:06.064 W/ResourceType(  576): No known package when getting name for resource number 0x9b030300
05-22 14:01:06.064 W/ResourceType(  576): No known package when getting name for resource number 0x9b040400
05-22 14:01:06.072 W/ResourceType(  576): No known package when getting name for resource number 0x9c030103
05-22 14:01:06.072 W/ResourceType(  576): No known package when getting name for resource number 0x9c030203
05-22 14:01:06.072 W/ResourceType(  576): No known package when getting name for resource number 0x9c010002
05-22 14:01:06.088 W/ResourceType(  576): No known package when getting name for resource number 0x9b000000
05-22 14:01:06.088 W/ResourceType(  576): No known package when getting name for resource number 0x9b010100
05-22 14:01:06.088 W/ResourceType(  576): No known package when getting name for resource number 0x9b030300
05-22 14:01:06.088 W/ResourceType(  576): No known package when getting name for resource number 0x9b040400
05-22 14:01:06.088 W/ResourceType(  576): No known package when getting name for resource number 0x9c030103
05-22 14:01:06.088 W/ResourceType(  576): No known package when getting name for resource number 0x9c030203
05-22 14:01:06.088 W/ResourceType(  576): No known package when getting name for resource number 0x9c010002
05-22 14:01:06.103 W/ResourceType(  576): No known package when getting name for resource number 0x9b000000
05-22 14:01:06.111 W/ResourceType(  576): No known package when getting name for resource number 0x9b010100
05-22 14:01:06.111 W/ResourceType(  576): No known package when getting name for resource number 0x9b030300
05-22 14:01:06.111 W/ResourceType(  576): No known package when getting name for resource number 0x9b040400
05-22 14:01:06.111 W/ResourceType(  576): No known package when getting name for resource number 0x9c030103
05-22 14:01:06.111 W/ResourceType(  576): No known package when getting name for resource number 0x9c030203
05-22 14:01:06.111 W/ResourceType(  576): No known package when getting name for resource number 0x9c010002
05-22 14:01:06.119 I/QueryController(24000): Matched selector: UiSelector[PACKAGE NAME=com.android.launcher] <<==>> [android.view.accessibility.AccessibilityNodeInfo@7d86; boundsInParent: Rect(0, 0 - 720, 1184); boundsInScreen: Rect(0, 0 - 720, 1184); packageName: com.android.launcher; className: android.widget.FrameLayout; text: null; contentDescription: null; viewIdResName: null; checkable: false; checked: false; focusable: false; focused: false; selected: false; clickable: false; longClickable: false; enabled: true; password: false; scrollable: false; [ACTION_SELECT, ACTION_CLEAR_SELECTION, ACTION_ACCESSIBILITY_FOCUS]]
05-22 14:01:06.127 W/ResourceType(  576): No known package when getting name for resource number 0x9b000000
05-22 14:01:06.127 W/ResourceType(  576): No known package when getting name for resource number 0x9b010100
05-22 14:01:06.127 W/ResourceType(  576): No known package when getting name for resource number 0x9b030300
05-22 14:01:06.127 W/ResourceType(  576): No known package when getting name for resource number 0x9b040400
05-22 14:01:06.135 W/ResourceType(  576): No known package when getting name for resource number 0x9c030103
05-22 14:01:06.135 W/ResourceType(  576): No known package when getting name for resource number 0x9c030203
05-22 14:01:06.135 W/ResourceType(  576): No known package when getting name for resource number 0x9c010002
05-22 14:01:06.142 I/QueryController(24000): Matched selector: UiSelector[DESCRIPTION=Apps, PACKAGE NAME=com.android.launcher] <<==>> [android.view.accessibility.AccessibilityNodeInfo@8bef9; boundsInParent: Rect(524232, 0 - 524360, 128); boundsInScreen: Rect(296, 1040 - 424, 1168); packageName: com.android.launcher; className: android.widget.TextView; text: null; contentDescription: Apps; viewIdResName: null; checkable: false; checked: false; focusable: true; focused: false; selected: false; clickable: true; longClickable: false; enabled: true; password: false; scrollable: false; [ACTION_FOCUS, ACTION_SELECT, ACTION_CLEAR_SELECTION, ACTION_CLICK, ACTION_ACCESSIBILITY_FOCUS]]
05-22 14:01:06.150 W/ResourceType(  576): No known package when getting name for resource number 0x9b000000
05-22 14:01:06.150 W/ResourceType(  576): No known package when getting name for resource number 0x9b010100
05-22 14:01:06.150 W/ResourceType(  576): No known package when getting name for resource number 0x9b030300
05-22 14:01:06.150 W/ResourceType(  576): No known package when getting name for resource number 0x9b040400
05-22 14:01:06.158 W/ResourceType(  576): No known package when getting name for resource number 0x9c030103
05-22 14:01:06.158 W/ResourceType(  576): No known package when getting name for resource number 0x9c030203
05-22 14:01:06.158 W/ResourceType(  576): No known package when getting name for resource number 0x9c010002
05-22 14:01:06.166 I/QueryController(24000): Matched selector: UiSelector[DESCRIPTION=Apps, PACKAGE NAME=com.android.launcher] <<==>> [android.view.accessibility.AccessibilityNodeInfo@8bef9; boundsInParent: Rect(524232, 0 - 524360, 128); boundsInScreen: Rect(296, 1040 - 424, 1168); packageName: com.android.launcher; className: android.widget.TextView; text: null; contentDescription: Apps; viewIdResName: null; checkable: false; checked: false; focusable: true; focused: false; selected: false; clickable: true; longClickable: false; enabled: true; password: false; scrollable: false; [ACTION_FOCUS, ACTION_SELECT, ACTION_CLEAR_SELECTION, ACTION_CLICK, ACTION_ACCESSIBILITY_FOCUS]]
05-22 14:01:06.174 D/InteractionController(24000): clickAndWaitForNewWindow(360, 1104)
05-22 14:01:06.205 D/dalvikvm(  576): GC_FOR_ALLOC freed 3937K, 27% free 16668K/22700K, paused 29ms, total 29ms
05-22 14:01:06.392 D/LightsService(  374): Excessive delay setting light: 65ms
05-22 14:01:07.072 I/QueryController(24000): Matched selector: UiSelector[TEXT=Apps, CLASS=android.widget.TextView, PACKAGE NAME=com.android.launcher] <<==>> [android.view.accessibility.AccessibilityNodeInfo@18f8f; boundsInParent: Rect(524257, 0 - 524399, 104); boundsInScreen: Rect(0, 50 - 142, 154); packageName: com.android.launcher; className: android.widget.TextView; text: Apps; contentDescription: Apps; viewIdResName: null; checkable: false; checked: false; focusable: true; focused: false; selected: true; clickable: true; longClickable: false; enabled: true; password: false; scrollable: false; [ACTION_FOCUS, ACTION_SELECT, ACTION_CLEAR_SELECTION, ACTION_CLICK, ACTION_ACCESSIBILITY_FOCUS, ACTION_NEXT_AT_MOVEMENT_GRANULARITY, ACTION_PREVIOUS_AT_MOVEMENT_GRANULARITY, ACTION_SET_SELECTION]]
05-22 14:01:07.127 I/QueryController(24000): Matched selector: UiSelector[TEXT=Apps, CLASS=android.widget.TextView, PACKAGE NAME=com.android.launcher] <<==>> [android.view.accessibility.AccessibilityNodeInfo@18f8f; boundsInParent: Rect(524257, 0 - 524399, 104); boundsInScreen: Rect(0, 50 - 142, 154); packageName: com.android.launcher; className: android.widget.TextView; text: Apps; contentDescription: Apps; viewIdResName: null; checkable: false; checked: false; focusable: true; focused: false; selected: true; clickable: true; longClickable: false; enabled: true; password: false; scrollable: false; [ACTION_FOCUS, ACTION_SELECT, ACTION_CLEAR_SELECTION, ACTION_CLICK, ACTION_ACCESSIBILITY_FOCUS, ACTION_NEXT_AT_MOVEMENT_GRANULARITY, ACTION_PREVIOUS_AT_MOVEMENT_GRANULARITY, ACTION_SET_SELECTION]]
05-22 14:01:07.127 D/UiObject(24000): getText() = Apps
05-22 14:01:07.650 I/QueryController(24000): Matched selector: UiSelector[TEXT=Apps, CLASS=android.widget.TextView, PACKAGE NAME=com.android.launcher] <<==>> [android.view.accessibility.AccessibilityNodeInfo@18f8f; boundsInParent: Rect(524257, 0 - 524399, 104); boundsInScreen: Rect(0, 50 - 142, 154); packageName: com.android.launcher; className: android.widget.TextView; text: Apps; contentDescription: Apps; viewIdResName: null; checkable: false; checked: false; focusable: true; focused: false; selected: true; clickable: true; longClickable: false; enabled: true; password: false; scrollable: false; [ACTION_FOCUS, ACTION_SELECT, ACTION_CLEAR_SELECTION, ACTION_CLICK, ACTION_ACCESSIBILITY_FOCUS, ACTION_NEXT_AT_MOVEMENT_GRANULARITY, ACTION_PREVIOUS_AT_MOVEMENT_GRANULARITY, ACTION_SET_SELECTION]]
05-22 14:01:07.666 I/QueryController(24000): Matched selector: UiSelector[TEXT=Apps, CLASS=android.widget.TextView, PACKAGE NAME=com.android.launcher] <<==>> [android.view.accessibility.AccessibilityNodeInfo@18f8f; boundsInParent: Rect(524257, 0 - 524399, 104); boundsInScreen: Rect(0, 50 - 142, 154); packageName: com.android.launcher; className: android.widget.TextView; text: Apps; contentDescription: Apps; viewIdResName: null; checkable: false; checked: false; focusable: true; focused: false; selected: true; clickable: true; longClickable: false; enabled: true; password: false; scrollable: false; [ACTION_FOCUS, ACTION_SELECT, ACTION_CLEAR_SELECTION, ACTION_CLICK, ACTION_ACCESSIBILITY_FOCUS, ACTION_NEXT_AT_MOVEMENT_GRANULARITY, ACTION_PREVIOUS_AT_MOVEMENT_GRANULARITY, ACTION_SET_SELECTION]]
05-22 14:01:07.666 D/InteractionController(24000): clickAndWaitForNewWindow(71, 102)
05-22 14:01:10.775 W/InteractionController(24000): runAndwaitForEvent timedout waiting for events
