05-22 13:47:30.533 I/ActivityManager(  374): START u0 {act=android.intent.action.MAIN cat=[android.intent.category.LAUNCHER] flg=0x10200000 cmp=com.google.android.gallery3d/com.android.camera.CameraLauncher} from pid 576
05-22 13:47:32.377 I/WindowManager(  374): Screenshot Window{42ee0c60 u0 com.google.android.gallery3d/com.android.camera.CameraLauncher} was all black! mSurfaceLayer=21020 minLayer=21020 maxLayer=21020
05-22 13:47:39.931 I/ActivityManager(  374): START u0 {act=android.intent.action.MAIN cat=[android.intent.category.LAUNCHER] flg=0x10200000 cmp=com.google.android.gallery3d/com.android.camera.CameraLauncher} from pid 576
05-22 13:47:41.681 I/WindowManager(  374): Screenshot Window{43039728 u0 com.google.android.gallery3d/com.android.camera.CameraLauncher} was all black! mSurfaceLayer=21020 minLayer=21020 maxLayer=21020
05-22 13:47:49.681 I/ActivityManager(  374): START u0 {act=android.intent.action.MAIN cat=[android.intent.category.LAUNCHER] flg=0x10200000 cmp=com.google.android.gallery3d/com.android.camera.CameraLauncher} from pid 576
05-22 13:47:51.431 I/WindowManager(  374): Screenshot Window{4268f420 u0 com.google.android.gallery3d/com.android.camera.CameraLauncher} was all black! mSurfaceLayer=21020 minLayer=21020 maxLayer=21020
05-22 13:47:58.939 I/ActivityManager(  374): START u0 {act=android.intent.action.MAIN cat=[android.intent.category.LAUNCHER] flg=0x10200000 cmp=com.google.android.gallery3d/com.android.camera.CameraLauncher} from pid 576
05-22 13:48:00.752 I/WindowManager(  374): Screenshot Window{427d5950 u0 com.google.android.gallery3d/com.android.camera.CameraLauncher} was all black! mSurfaceLayer=21020 minLayer=21020 maxLayer=21020
05-22 13:48:01.338 W/MountService(  374): getVolumeState(/storage/emulated/0/external_sd): Unknown volume
05-22 13:48:01.338 W/MountService(  374): getVolumeState(/mnt/sdcard-ext): Unknown volume
05-22 13:48:01.338 W/MountService(  374): getVolumeState(/mnt/ext_sdcard): Unknown volume
05-22 13:48:01.338 W/MountService(  374): getVolumeState(/mnt/sdcard2): Unknown volume
05-22 13:48:01.338 W/MountService(  374): getVolumeState(/mnt/emmc): Unknown volume
05-22 13:48:01.338 W/MountService(  374): getVolumeState(/mnt/extSdCard): Unknown volume
05-22 13:48:01.346 W/MountService(  374): getVolumeState(/mnt/sdcard/SD_CARD): Unknown volume
05-22 13:48:01.346 W/MountService(  374): getVolumeState(/mnt/sdcard/extra_sd): Unknown volume
05-22 13:48:01.346 W/MountService(  374): getVolumeState(/mnt/extrasd_bind): Unknown volume
05-22 13:48:01.353 W/MountService(  374): getVolumeState(/mnt/sdcard/ext_sd): Unknown volume
05-22 13:48:01.377 W/MountService(  374): getVolumeState(/storage/extSdCard): Unknown volume
05-22 13:48:01.377 W/MountService(  374): getVolumeState(/storage/sdcard1): Unknown volume
05-22 13:48:01.377 W/MountService(  374): getVolumeState(/mnt/sdcard/external_SD): Unknown volume
05-22 13:48:01.377 W/MountService(  374): getVolumeState(/mnt/sdcard/external_sd): Unknown volume
05-22 13:48:01.830 W/MountService(  374): getVolumeState(/storage/emulated/0/external_sd): Unknown volume
05-22 13:48:01.830 W/MountService(  374): getVolumeState(/mnt/sdcard-ext): Unknown volume
05-22 13:48:01.830 W/MountService(  374): getVolumeState(/mnt/ext_sdcard): Unknown volume
05-22 13:48:01.830 W/MountService(  374): getVolumeState(/mnt/sdcard2): Unknown volume
05-22 13:48:01.830 W/MountService(  374): getVolumeState(/mnt/emmc): Unknown volume
05-22 13:48:01.830 W/MountService(  374): getVolumeState(/mnt/extSdCard): Unknown volume
05-22 13:48:01.830 W/MountService(  374): getVolumeState(/mnt/sdcard/SD_CARD): Unknown volume
05-22 13:48:01.830 W/MountService(  374): getVolumeState(/mnt/sdcard/extra_sd): Unknown volume
05-22 13:48:01.838 W/MountService(  374): getVolumeState(/mnt/extrasd_bind): Unknown volume
05-22 13:48:01.838 W/MountService(  374): getVolumeState(/mnt/sdcard/ext_sd): Unknown volume
05-22 13:48:01.838 W/MountService(  374): getVolumeState(/storage/extSdCard): Unknown volume
05-22 13:48:01.838 W/MountService(  374): getVolumeState(/storage/sdcard1): Unknown volume
05-22 13:48:01.838 W/MountService(  374): getVolumeState(/mnt/sdcard/external_SD): Unknown volume
05-22 13:48:01.838 W/MountService(  374): getVolumeState(/mnt/sdcard/external_sd): Unknown volume
05-22 13:48:08.822 I/ActivityManager(  374): START u0 {act=android.intent.action.MAIN cat=[android.intent.category.LAUNCHER] flg=0x10200000 cmp=com.google.android.gallery3d/com.android.camera.CameraLauncher} from pid 576
05-22 13:48:10.603 I/WindowManager(  374): Screenshot Window{428afa40 u0 com.google.android.gallery3d/com.android.camera.CameraLauncher} was all black! mSurfaceLayer=21020 minLayer=21020 maxLayer=21020
05-22 13:48:18.588 I/ActivityManager(  374): START u0 {act=android.intent.action.MAIN cat=[android.intent.category.LAUNCHER] flg=0x10200000 cmp=com.google.android.gallery3d/com.android.camera.CameraLauncher} from pid 576
05-22 13:48:20.353 I/WindowManager(  374): Screenshot Window{42f18948 u0 com.google.android.gallery3d/com.android.camera.CameraLauncher} was all black! mSurfaceLayer=21020 minLayer=21020 maxLayer=21020
05-22 13:48:28.322 I/ActivityManager(  374): START u0 {act=android.intent.action.MAIN cat=[android.intent.category.LAUNCHER] flg=0x10200000 cmp=com.google.android.gallery3d/com.android.camera.CameraLauncher} from pid 576
05-22 13:48:30.049 I/WindowManager(  374): Screenshot Window{430261a0 u0 com.google.android.gallery3d/com.android.camera.CameraLauncher} was all black! mSurfaceLayer=21020 minLayer=21020 maxLayer=21020
05-22 13:48:37.994 I/ActivityManager(  374): START u0 {act=android.intent.action.MAIN cat=[android.intent.category.LAUNCHER] flg=0x10200000 cmp=com.google.android.gallery3d/com.android.camera.CameraLauncher} from pid 576
05-22 13:49:01.392 W/MountService(  374): getVolumeState(/storage/emulated/0/external_sd): Unknown volume
05-22 13:49:01.392 W/MountService(  374): getVolumeState(/mnt/sdcard-ext): Unknown volume
05-22 13:49:01.392 W/MountService(  374): getVolumeState(/mnt/ext_sdcard): Unknown volume
05-22 13:49:01.392 W/MountService(  374): getVolumeState(/mnt/sdcard2): Unknown volume
05-22 13:49:01.392 W/MountService(  374): getVolumeState(/mnt/emmc): Unknown volume
05-22 13:49:01.392 W/MountService(  374): getVolumeState(/mnt/extSdCard): Unknown volume
05-22 13:49:01.392 W/MountService(  374): getVolumeState(/mnt/sdcard/SD_CARD): Unknown volume
05-22 13:49:01.392 W/MountService(  374): getVolumeState(/mnt/sdcard/extra_sd): Unknown volume
05-22 13:49:01.392 W/MountService(  374): getVolumeState(/mnt/extrasd_bind): Unknown volume
05-22 13:49:01.392 W/MountService(  374): getVolumeState(/mnt/sdcard/ext_sd): Unknown volume
05-22 13:49:01.400 W/MountService(  374): getVolumeState(/storage/extSdCard): Unknown volume
05-22 13:49:01.400 W/MountService(  374): getVolumeState(/storage/sdcard1): Unknown volume
05-22 13:49:01.400 W/MountService(  374): getVolumeState(/mnt/sdcard/external_SD): Unknown volume
05-22 13:49:01.400 W/MountService(  374): getVolumeState(/mnt/sdcard/external_sd): Unknown volume
05-22 13:49:01.689 W/MountService(  374): getVolumeState(/storage/emulated/0/external_sd): Unknown volume
05-22 13:49:01.689 W/MountService(  374): getVolumeState(/mnt/sdcard-ext): Unknown volume
05-22 13:49:01.689 W/MountService(  374): getVolumeState(/mnt/ext_sdcard): Unknown volume
05-22 13:49:01.689 W/MountService(  374): getVolumeState(/mnt/sdcard2): Unknown volume
05-22 13:49:01.689 W/MountService(  374): getVolumeState(/mnt/emmc): Unknown volume
05-22 13:49:01.689 W/MountService(  374): getVolumeState(/mnt/extSdCard): Unknown volume
05-22 13:49:01.689 W/MountService(  374): getVolumeState(/mnt/sdcard/SD_CARD): Unknown volume
05-22 13:49:01.697 W/MountService(  374): getVolumeState(/mnt/sdcard/extra_sd): Unknown volume
05-22 13:49:01.697 W/MountService(  374): getVolumeState(/mnt/extrasd_bind): Unknown volume
05-22 13:49:01.697 W/MountService(  374): getVolumeState(/mnt/sdcard/ext_sd): Unknown volume
05-22 13:49:01.697 W/MountService(  374): getVolumeState(/storage/extSdCard): Unknown volume
05-22 13:49:01.697 W/MountService(  374): getVolumeState(/storage/sdcard1): Unknown volume
05-22 13:49:01.697 W/MountService(  374): getVolumeState(/mnt/sdcard/external_SD): Unknown volume
05-22 13:49:01.697 W/MountService(  374): getVolumeState(/mnt/sdcard/external_sd): Unknown volume
05-22 13:49:09.916 I/ActivityManager(  374): Start proc com.pekall.emdm.launcher:remote for service com.pekall.emdm.launcher/com.baidu.location.f: pid=22820 uid=10066 gids={50066, 1015, 3002, 3001, 3003, 1028}
05-22 13:49:10.150 D/ActivityThread(22820): Loading provider com.pekall.semail.provider;com.pekall.semail.notifier: com.pekall.semail.provider.EmailProvider
05-22 13:49:10.775 D/ActivityThread(22820): Loading provider com.pekall.semail.provider;com.pekall.semail.notifier: com.pekall.semail.provider.EmailProvider
05-22 13:49:14.861 W/ActivityManager(  374): Unable to start service Intent { cmp=com.pekall.emdm.launcher/com.pekall.semail.service.AttachmentDownloadService } U=0: not found
05-22 13:49:29.955 W/ActivityManager(  374): Timeout executing service: ServiceRecord{430ea3c8 u0 com.pekall.emdm.launcher/com.baidu.location.f}
05-22 13:49:38.822 E/ActivityManager(  374): ANR in com.pekall.emdm.launcher:remote
05-22 13:49:38.822 E/ActivityManager(  374): Reason: Executing service com.pekall.emdm.launcher/com.baidu.location.f
05-22 13:49:38.822 E/ActivityManager(  374): Load: 2.34 / 2.29 / 1.98
05-22 13:49:38.822 E/ActivityManager(  374): CPU usage from 0ms to 8826ms later:
05-22 13:49:38.822 E/ActivityManager(  374):   70% 21518/com.pekall.emdm.launcher: 70% user + 0.7% kernel / faults: 285 minor
05-22 13:49:38.822 E/ActivityManager(  374):   67% 22820/com.pekall.emdm.launcher:remote: 67% user + 0.2% kernel / faults: 116 minor
05-22 13:49:38.822 E/ActivityManager(  374):   30% 374/system_server: 22% user + 8.4% kernel / faults: 971 minor 3 major
05-22 13:49:38.822 E/ActivityManager(  374):   2.6% 448/com.android.systemui: 2.1% user + 0.4% kernel / faults: 176 minor
05-22 13:49:38.822 E/ActivityManager(  374):   8.7% 22370/com.google.android.gallery3d: 6% user + 2.7% kernel / faults: 417 minor 5 major
05-22 13:49:38.822 E/ActivityManager(  374):   3.4% 124/surfaceflinger: 1.3% user + 2% kernel
05-22 13:49:38.822 E/ActivityManager(  374):   2.1% 127/mediaserver: 0.7% user + 1.3% kernel
05-22 13:49:38.822 E/ActivityManager(  374):   0.7% 21284/kworker/u:0: 0% user + 0.7% kernel
05-22 13:49:38.822 E/ActivityManager(  374):   0.7% 21862/kworker/u:4: 0% user + 0.7% kernel
05-22 13:49:38.822 E/ActivityManager(  374):   0.7% 22215/kworker/u:5: 0% user + 0.7% kernel
05-22 13:49:38.822 E/ActivityManager(  374):   0.7% 22369/kworker/0:0: 0% user + 0.7% kernel
05-22 13:49:38.822 E/ActivityManager(  374):   0.5% 561/com.android.phone: 0.5% user + 0% kernel / faults: 224 minor
05-22 13:49:38.822 E/ActivityManager(  374):   0.3% 121/netd: 0% user + 0.3% kernel
05-22 13:49:38.822 E/ActivityManager(  374):   0.2% 95/ueventd: 0% user + 0.2% kernel
05-22 13:49:38.822 E/ActivityManager(  374):   0% 568/com.android.nfc: 0% user + 0% kernel / faults: 246 minor
05-22 13:49:38.822 E/ActivityManager(  374):   0.2% 20874/com.qihoo.appstore: 0.2% user + 0% kernel / faults: 1 minor
05-22 13:49:38.822 E/ActivityManager(  374):   0.2% 21248/com.nd.assistance.ServerService: 0.2% user + 0% kernel / faults: 12 minor
05-22 13:49:38.822 E/ActivityManager(  374):   0.1% 117/vold: 0% user + 0.1% kernel
05-22 13:49:38.822 E/ActivityManager(  374):   0.1% 1661/com.qihoo360.mobilesafe:GuardService: 0.1% user + 0% kernel / faults: 12 minor
05-22 13:49:38.822 E/ActivityManager(  374):   0% 4648/logcat: 0% user + 0% kernel / faults: 31 minor
05-22 13:49:38.822 E/ActivityManager(  374):   0.1% 20243/kworker/1:1: 0% user + 0.1% kernel
05-22 13:49:38.822 E/ActivityManager(  374): 100% TOTAL: 89% user + 10% kernel
05-22 13:49:38.822 E/ActivityManager(  374): CPU usage from 7788ms to 8480ms later:
05-22 13:49:38.822 E/ActivityManager(  374):   87% 22820/com.pekall.emdm.launcher:remote: 87% user + 0% kernel
05-22 13:49:38.822 E/ActivityManager(  374):     85% 22833/Thread-5346: 85% user + 0% kernel
05-22 13:49:38.822 E/ActivityManager(  374):   83% 21518/com.pekall.emdm.launcher: 83% user + 0% kernel
05-22 13:49:38.822 E/ActivityManager(  374):     83% 21531/Thread-5304: 83% user + 0% kernel
05-22 13:49:38.822 E/ActivityManager(  374):   12% 448/com.android.systemui: 10% user + 1.7% kernel / faults: 18 minor
05-22 13:49:38.822 E/ActivityManager(  374):     3.5% 463/Binder_1: 3.5% user + 0% kernel
05-22 13:49:38.822 E/ActivityManager(  374):     1.7% 453/GC: 1.7% user + 0% kernel
05-22 13:49:38.822 E/ActivityManager(  374):     1.7% 454/Signal Catcher: 0% user + 1.7% kernel
05-22 13:49:38.822 E/ActivityManager(  374):     1.7% 457/Compiler: 1.7% user + 0% kernel
05-22 13:49:38.822 E/ActivityManager(  374):   8.1% 374/system_server: 3.2% user + 4.9% kernel / faults: 4 minor
05-22 13:49:38.822 E/ActivityManager(  374):     6.5% 390/ActivityManager: 1.6% user + 4.9% kernel
05-22 13:49:38.822 E/ActivityManager(  374):     1.6% 386/SensorService: 1.6% user + 0% kernel
05-22 13:49:38.822 E/ActivityManager(  374):   5.5% 22370/com.google.android.gallery3d: 3.7% user + 1.8% kernel / faults: 28 minor
05-22 13:49:38.822 E/ActivityManager(  374):     3.7% 22370/droid.gallery3d: 3.7% user + 0% kernel
05-22 13:49:38.822 E/ActivityManager(  374):     1.8% 22380/Binder_1: 1.8% user + 0% kernel
05-22 13:49:38.822 E/ActivityManager(  374):     1.8% 22787/Thread-5423: 0% user + 1.8% kernel
05-22 13:49:38.822 E/ActivityManager(  374):     1.8% 22816/Binder_4: 1.8% user + 0% kernel
05-22 13:49:38.822 E/ActivityManager(  374):   3.1% 124/surfaceflinger: 0% user + 3.1% kernel
05-22 13:49:38.822 E/ActivityManager(  374):     1.5% 151/SurfaceFlinger: 1.5% user + 0% kernel
05-22 13:49:38.822 E/ActivityManager(  374):     1.5% 165/SurfaceFlinger: 0% user + 1.5% kernel
05-22 13:49:38.822 E/ActivityManager(  374):     1.5% 693/Binder_4: 0% user + 1.5% kernel
05-22 13:49:38.822 E/ActivityManager(  374):   3.1% 127/mediaserver: 0% user + 3.1% kernel
05-22 13:49:38.822 E/ActivityManager(  374):     1.5% 22814/DisplayThread: 0% user + 1.5% kernel
05-22 13:49:38.822 E/ActivityManager(  374):   1.8% 22215/kworker/u:5: 0% user + 1.8% kernel
05-22 13:49:38.822 E/ActivityManager(  374):   1.8% 22369/kworker/0:0: 0% user + 1.8% kernel
05-22 13:49:38.822 E/ActivityManager(  374): 100% TOTAL: 89% user + 10% kernel
05-22 13:49:38.822 W/ActivityManager(  374): Killing ProcessRecord{428f94b0 22820:com.pekall.emdm.launcher:remote/u0a10066}: background ANR
05-22 13:49:38.869 I/ActivityManager(  374): Process com.pekall.emdm.launcher:remote (pid 22820) has died.
05-22 13:49:38.869 W/ActivityManager(  374): Scheduling restart of crashed service com.pekall.emdm.launcher/com.baidu.location.f in 1280000ms
05-22 13:50:01.478 W/MountService(  374): getVolumeState(/storage/emulated/0/external_sd): Unknown volume
05-22 13:50:01.486 W/MountService(  374): getVolumeState(/mnt/sdcard-ext): Unknown volume
05-22 13:50:01.486 W/MountService(  374): getVolumeState(/mnt/ext_sdcard): Unknown volume
05-22 13:50:01.486 W/MountService(  374): getVolumeState(/mnt/sdcard2): Unknown volume
05-22 13:50:01.486 W/MountService(  374): getVolumeState(/mnt/emmc): Unknown volume
05-22 13:50:01.486 W/MountService(  374): getVolumeState(/mnt/extSdCard): Unknown volume
05-22 13:50:01.486 W/MountService(  374): getVolumeState(/mnt/sdcard/SD_CARD): Unknown volume
05-22 13:50:01.486 W/MountService(  374): getVolumeState(/mnt/sdcard/extra_sd): Unknown volume
05-22 13:50:01.494 W/MountService(  374): getVolumeState(/mnt/extrasd_bind): Unknown volume
05-22 13:50:01.494 W/MountService(  374): getVolumeState(/mnt/sdcard/ext_sd): Unknown volume
05-22 13:50:01.494 W/MountService(  374): getVolumeState(/storage/extSdCard): Unknown volume
05-22 13:50:01.494 W/MountService(  374): getVolumeState(/storage/sdcard1): Unknown volume
05-22 13:50:01.494 W/MountService(  374): getVolumeState(/mnt/sdcard/external_SD): Unknown volume
05-22 13:50:01.494 W/MountService(  374): getVolumeState(/mnt/sdcard/external_sd): Unknown volume
05-22 13:50:01.814 W/MountService(  374): getVolumeState(/storage/emulated/0/external_sd): Unknown volume
05-22 13:50:01.814 W/MountService(  374): getVolumeState(/mnt/sdcard-ext): Unknown volume
05-22 13:50:01.814 W/MountService(  374): getVolumeState(/mnt/ext_sdcard): Unknown volume
05-22 13:50:01.814 W/MountService(  374): getVolumeState(/mnt/sdcard2): Unknown volume
05-22 13:50:01.814 W/MountService(  374): getVolumeState(/mnt/emmc): Unknown volume
05-22 13:50:01.814 W/MountService(  374): getVolumeState(/mnt/extSdCard): Unknown volume
05-22 13:50:01.814 W/MountService(  374): getVolumeState(/mnt/sdcard/SD_CARD): Unknown volume
05-22 13:50:01.822 W/MountService(  374): getVolumeState(/mnt/sdcard/extra_sd): Unknown volume
05-22 13:50:01.822 W/MountService(  374): getVolumeState(/mnt/extrasd_bind): Unknown volume
05-22 13:50:01.822 W/MountService(  374): getVolumeState(/mnt/sdcard/ext_sd): Unknown volume
05-22 13:50:01.822 W/MountService(  374): getVolumeState(/storage/extSdCard): Unknown volume
05-22 13:50:01.822 W/MountService(  374): getVolumeState(/storage/sdcard1): Unknown volume
05-22 13:50:01.822 W/MountService(  374): getVolumeState(/mnt/sdcard/external_SD): Unknown volume
05-22 13:50:01.822 W/MountService(  374): getVolumeState(/mnt/sdcard/external_sd): Unknown volume
05-22 13:51:01.596 W/MountService(  374): getVolumeState(/storage/emulated/0/external_sd): Unknown volume
05-22 13:51:01.596 W/MountService(  374): getVolumeState(/mnt/sdcard-ext): Unknown volume
05-22 13:51:01.596 W/MountService(  374): getVolumeState(/mnt/ext_sdcard): Unknown volume
05-22 13:51:01.596 W/MountService(  374): getVolumeState(/mnt/sdcard2): Unknown volume
05-22 13:51:01.596 W/MountService(  374): getVolumeState(/mnt/emmc): Unknown volume
05-22 13:51:01.596 W/MountService(  374): getVolumeState(/mnt/extSdCard): Unknown volume
05-22 13:51:01.596 W/MountService(  374): getVolumeState(/mnt/sdcard/SD_CARD): Unknown volume
05-22 13:51:01.596 W/MountService(  374): getVolumeState(/mnt/sdcard/extra_sd): Unknown volume
05-22 13:51:01.596 W/MountService(  374): getVolumeState(/mnt/extrasd_bind): Unknown volume
05-22 13:51:01.596 W/MountService(  374): getVolumeState(/mnt/sdcard/ext_sd): Unknown volume
05-22 13:51:01.603 W/MountService(  374): getVolumeState(/storage/extSdCard): Unknown volume
05-22 13:51:01.603 W/MountService(  374): getVolumeState(/storage/sdcard1): Unknown volume
05-22 13:51:01.603 W/MountService(  374): getVolumeState(/mnt/sdcard/external_SD): Unknown volume
05-22 13:51:01.603 W/MountService(  374): getVolumeState(/mnt/sdcard/external_sd): Unknown volume
05-22 13:51:01.869 W/MountService(  374): getVolumeState(/storage/emulated/0/external_sd): Unknown volume
05-22 13:51:01.869 W/MountService(  374): getVolumeState(/mnt/sdcard-ext): Unknown volume
05-22 13:51:01.869 W/MountService(  374): getVolumeState(/mnt/ext_sdcard): Unknown volume
05-22 13:51:01.869 W/MountService(  374): getVolumeState(/mnt/sdcard2): Unknown volume
05-22 13:51:01.869 W/MountService(  374): getVolumeState(/mnt/emmc): Unknown volume
05-22 13:51:01.869 W/MountService(  374): getVolumeState(/mnt/extSdCard): Unknown volume
05-22 13:51:01.869 W/MountService(  374): getVolumeState(/mnt/sdcard/SD_CARD): Unknown volume
05-22 13:51:01.869 W/MountService(  374): getVolumeState(/mnt/sdcard/extra_sd): Unknown volume
05-22 13:51:01.869 W/MountService(  374): getVolumeState(/mnt/extrasd_bind): Unknown volume
05-22 13:51:01.877 W/MountService(  374): getVolumeState(/mnt/sdcard/ext_sd): Unknown volume
05-22 13:51:01.877 W/MountService(  374): getVolumeState(/storage/extSdCard): Unknown volume
05-22 13:51:01.877 W/MountService(  374): getVolumeState(/storage/sdcard1): Unknown volume
05-22 13:51:01.877 W/MountService(  374): getVolumeState(/mnt/sdcard/external_SD): Unknown volume
05-22 13:51:01.877 W/MountService(  374): getVolumeState(/mnt/sdcard/external_sd): Unknown volume
05-22 13:51:08.322 I/PowerManagerService(  374): Going to sleep due to screen timeout...
05-22 13:51:08.978 I/WindowManager(  374): Screenshot Window{42d58c38 u0 com.google.android.gallery3d/com.android.camera.CameraLauncher} was all black! mSurfaceLayer=21020 minLayer=21020 maxLayer=21020
05-22 13:51:12.463 I/PowerManagerService(  374): Waking up from sleep...
05-22 13:51:12.463 I/WindowManager(  374): No lock screen!
05-22 13:51:34.744 I/ActivityManager(  374): START u0 {act=android.intent.action.MAIN cat=[android.intent.category.LAUNCHER] flg=0x10200000 cmp=com.android.settings/.Settings} from pid 576
05-22 13:51:35.213 W/ContextImpl(22249): Calling a method in the system process without a qualified user: android.app.ContextImpl.bindService:1439 android.content.ContextWrapper.bindService:496 android.bluetooth.BluetoothInputDevice.<init>:240 android.bluetooth.BluetoothAdapter.getProfileProxy:1168 com.android.settings.bluetooth.LocalBluetoothAdapter.getProfileProxy:94 
05-22 13:51:35.221 W/ContextImpl(22249): Calling a method in the system process without a qualified user: android.app.ContextImpl.bindService:1439 android.content.ContextWrapper.bindService:496 android.bluetooth.BluetoothPan.<init>:141 android.bluetooth.BluetoothAdapter.getProfileProxy:1171 com.android.settings.bluetooth.PanProfile.<init>:73 
05-22 13:51:35.221 W/ContextImpl(22249): Calling a method in the system process without a qualified user: android.app.ContextImpl.bindService:1439 android.content.ContextWrapper.bindService:496 android.bluetooth.BluetoothPbap.<init>:161 com.android.settings.bluetooth.PbapServerProfile.<init>:68 com.android.settings.bluetooth.LocalBluetoothProfileManager.<init>:124 
05-22 13:51:35.322 D/WifiService(  374): setWifiEnabled: true pid=22249, uid=1000
05-22 13:51:38.471 I/ActivityManager(  374): START u0 {act=android.intent.action.MAIN cmp=com.android.settings/.SubSettings (has extras)} from pid 22249
05-22 13:51:39.744 I/ActivityManager(  374): START u0 {act=android.intent.action.MAIN cmp=com.android.settings/.SubSettings (has extras)} from pid 22249
05-22 13:51:40.955 I/ActivityManager(  374): START u0 {cmp=com.android.settings/.DeviceAdminAdd (has extras)} from pid 22249
05-22 13:51:42.275 W/DevicePolicyManagerService(  374): Previous password owner 10066 no longer active; disabling
05-22 13:51:42.299 I/ActivityManager(  374): START u0 {flg=0x10000000 cmp=com.pekall.emdm.launcher/com.pekall.emdm.ui.ActiveDeviceAdminActivity} from pid 21518
05-22 13:51:42.431 W/InputMethodManagerService(  374): Focus gain on non-focused client com.android.internal.view.IInputMethodClient$Stub$Proxy@42d55670 (uid=1000 pid=22249)
05-22 13:51:43.236 I/ActivityManager(  374): START u0 {act=launcher.action.to.personal cmp=com.pekall.emdm.launcher/.ui.BackPersonalActivity} from pid 21518
05-22 13:51:43.439 I/ActivityManager(  374): START u0 {act=android.intent.action.VIEW flg=0x10200000 cmp=com.android.launcher/com.android.launcher2.Launcher} from pid 21518
05-22 13:51:44.189 I/ActivityManager(  374): Process android.process.acore (pid 21928) has died.
05-22 13:51:48.142 I/ActivityManager(  374): START u0 {act=android.intent.action.MAIN cat=[android.intent.category.LAUNCHER] flg=0x10200000 cmp=com.android.settings/.Settings} from pid 576
05-22 13:51:49.346 I/ActivityManager(  374): START u0 {act=android.intent.action.MAIN cmp=com.android.settings/.SubSettings (has extras)} from pid 22249
05-22 13:51:49.502 W/ContextImpl(22249): Calling a method in the system process without a qualified user: android.app.ContextImpl.bindService:1439 android.content.ContextWrapper.bindService:496 com.android.settings.applications.ManageApplications.onCreate:861 android.app.Fragment.performCreate:1673 android.app.FragmentManagerImpl.moveToState:854 
--------- beginning of /dev/log/main
05-22 13:51:51.627 I/dalvikvm-heap(22249): Grow heap (frag case) to 11.881MB for 36880-byte allocation
05-22 13:51:51.642 D/dalvikvm(22249): GC_FOR_ALLOC freed <1K, 9% free 12129K/13224K, paused 20ms, total 20ms
05-22 13:51:51.666 D/dalvikvm(22249): GC_FOR_ALLOC freed 22K, 9% free 12131K/13224K, paused 18ms, total 18ms
05-22 13:51:51.666 I/dalvikvm-heap(22249): Grow heap (frag case) to 11.917MB for 36880-byte allocation
05-22 13:51:51.689 D/dalvikvm(22249): GC_FOR_ALLOC freed <1K, 9% free 12166K/13264K, paused 19ms, total 19ms
05-22 13:51:51.705 D/dalvikvm(22249): GC_FOR_ALLOC freed 22K, 9% free 12147K/13264K, paused 18ms, total 18ms
05-22 13:51:51.705 I/dalvikvm-heap(22249): Grow heap (frag case) to 11.933MB for 36880-byte allocation
05-22 13:51:51.728 D/dalvikvm(22249): GC_FOR_ALLOC freed <1K, 9% free 12182K/13304K, paused 19ms, total 19ms
05-22 13:51:51.791 D/dalvikvm(22249): GC_FOR_ALLOC freed 19K, 9% free 12220K/13304K, paused 21ms, total 21ms
05-22 13:51:51.814 D/dalvikvm(22249): GC_FOR_ALLOC freed 3K, 9% free 12257K/13344K, paused 21ms, total 21ms
05-22 13:51:51.846 D/dalvikvm(22249): GC_FOR_ALLOC freed 2K, 9% free 12294K/13384K, paused 19ms, total 20ms
05-22 13:51:51.877 D/dalvikvm(22249): GC_FOR_ALLOC freed 2K, 9% free 12330K/13424K, paused 21ms, total 22ms
05-22 13:51:51.885 I/dalvikvm-heap(22249): Grow heap (frag case) to 14.327MB for 2359312-byte allocation
05-22 13:51:51.908 D/dalvikvm(22249): GC_FOR_ALLOC freed 0K, 7% free 14634K/15732K, paused 20ms, total 20ms
05-22 13:51:51.939 D/dalvikvm(22249): GC_CONCURRENT freed <1K, 7% free 14634K/15732K, paused 3ms+3ms, total 35ms
05-22 13:51:52.916 D/dalvikvm(21486): GC_CONCURRENT freed 388K, 5% free 8945K/9372K, paused 2ms+2ms, total 26ms
05-22 13:51:53.189 I/QueryController(22889): Matched selector: UiSelector[TEXT=Pekall enterprise mobile office] <<==>> [android.view.accessibility.AccessibilityNodeInfo@88ad6; boundsInParent: Rect(0, 0 - 512, 48); boundsInScreen: Rect(160, 725 - 672, 773); packageName: com.android.settings; className: android.widget.TextView; text: Pekall enterprise mobile office; contentDescription: null; viewIdResName: com.android.settings:id/app_name; checkable: false; checked: false; focusable: false; focused: false; selected: false; clickable: false; longClickable: false; enabled: true; password: false; scrollable: false; [ACTION_SELECT, ACTION_CLEAR_SELECTION, ACTION_ACCESSIBILITY_FOCUS, ACTION_NEXT_AT_MOVEMENT_GRANULARITY, ACTION_PREVIOUS_AT_MOVEMENT_GRANULARITY, ACTION_SET_SELECTION]]
05-22 13:51:53.283 I/QueryController(22889): Matched selector: UiSelector[TEXT=Pekall enterprise mobile office] <<==>> [android.view.accessibility.AccessibilityNodeInfo@88ad6; boundsInParent: Rect(0, 0 - 512, 48); boundsInScreen: Rect(160, 725 - 672, 773); packageName: com.android.settings; className: android.widget.TextView; text: Pekall enterprise mobile office; contentDescription: null; viewIdResName: com.android.settings:id/app_name; checkable: false; checked: false; focusable: false; focused: false; selected: false; clickable: false; longClickable: false; enabled: true; password: false; scrollable: false; [ACTION_SELECT, ACTION_CLEAR_SELECTION, ACTION_ACCESSIBILITY_FOCUS, ACTION_NEXT_AT_MOVEMENT_GRANULARITY, ACTION_PREVIOUS_AT_MOVEMENT_GRANULARITY, ACTION_SET_SELECTION]]
05-22 13:51:53.291 D/InteractionController(22889): clickAndWaitForNewWindow(416, 749)
05-22 13:51:53.494 W/Parcel  ( 1661): Attempt to read object from Parcel 0x5ef3bdac at offset 200 that is not in the object list
05-22 13:51:53.494 I/ActivityManager(  374): START u0 {act=android.intent.action.MAIN cmp=com.android.settings/.SubSettings (has extras)} from pid 22249
05-22 13:51:53.642 D/dalvikvm(  374): GC_FOR_ALLOC freed 1945K, 25% free 22977K/30504K, paused 100ms, total 102ms
05-22 13:51:53.822 W/ResourceType(22249): getEntry failing because entryIndex 129 is beyond type entryCount 3
05-22 13:51:54.533 D/dalvikvm(22249): GC_CONCURRENT freed 682K, 5% free 15859K/16580K, paused 5ms+19ms, total 120ms
05-22 13:51:54.533 D/dalvikvm(22249): WAIT_FOR_CONCURRENT_GC blocked 49ms
05-22 13:51:54.541 D/dalvikvm(22249): WAIT_FOR_CONCURRENT_GC blocked 35ms
05-22 13:51:54.674 I/Choreographer(22249): Skipped 58 frames!  The application may be doing too much work on its main thread.
05-22 13:51:54.916 D/android.widget.GridLayout(22249): vertical constraints: y1-y0>=52, y2-y1>=698, y2-y0<=96 are inconsistent; permanently removing: y2-y0<=96. 
05-22 13:51:55.150 D/dalvikvm(21486): GC_CONCURRENT freed 387K, 5% free 8944K/9372K, paused 7ms+5ms, total 59ms
05-22 13:51:55.806 I/Choreographer(22249): Skipped 65 frames!  The application may be doing too much work on its main thread.
05-22 13:51:56.017 I/ActivityManager(  374): Displayed com.android.settings/.SubSettings: +2s348ms
05-22 13:51:56.713 D/dalvikvm( 1661): GC_EXPLICIT freed 97K, 18% free 13043K/15888K, paused 4ms+3ms, total 47ms
05-22 13:51:57.236 I/QueryController(22889): Matched selector: UiSelector[TEXT=Clear data, ENABLED=true] <<==>> [android.view.accessibility.AccessibilityNodeInfo@b360d; boundsInParent: Rect(0, 0 - 298, 96); boundsInScreen: Rect(373, 718 - 671, 814); packageName: com.android.settings; className: android.widget.Button; text: Clear data; contentDescription: null; viewIdResName: com.android.settings:id/right_button; checkable: false; checked: false; focusable: true; focused: false; selected: false; clickable: true; longClickable: false; enabled: true; password: false; scrollable: false; [ACTION_FOCUS, ACTION_SELECT, ACTION_CLEAR_SELECTION, ACTION_CLICK, ACTION_ACCESSIBILITY_FOCUS, ACTION_NEXT_AT_MOVEMENT_GRANULARITY, ACTION_PREVIOUS_AT_MOVEMENT_GRANULARITY, ACTION_SET_SELECTION]]
05-22 13:51:57.869 I/QueryController(22889): Matched selector: UiSelector[TEXT=Clear data, CLASS=android.widget.Button] <<==>> [android.view.accessibility.AccessibilityNodeInfo@b360d; boundsInParent: Rect(0, 0 - 298, 96); boundsInScreen: Rect(373, 718 - 671, 814); packageName: com.android.settings; className: android.widget.Button; text: Clear data; contentDescription: null; viewIdResName: com.android.settings:id/right_button; checkable: false; checked: false; focusable: true; focused: false; selected: false; clickable: true; longClickable: false; enabled: true; password: false; scrollable: false; [ACTION_FOCUS, ACTION_SELECT, ACTION_CLEAR_SELECTION, ACTION_CLICK, ACTION_ACCESSIBILITY_FOCUS, ACTION_NEXT_AT_MOVEMENT_GRANULARITY, ACTION_PREVIOUS_AT_MOVEMENT_GRANULARITY, ACTION_SET_SELECTION]]
05-22 13:51:57.877 D/InteractionController(22889): clickAndWaitForNewWindow(522, 766)
05-22 13:51:58.650 I/QueryController(22889): Matched selector: UiSelector[TEXT=OK, CLASS=android.widget.Button] <<==>> [android.view.accessibility.AccessibilityNodeInfo@d9630; boundsInParent: Rect(0, 0 - 309, 96); boundsInScreen: Rect(361, 739 - 670, 835); packageName: com.android.settings; className: android.widget.Button; text: OK; contentDescription: null; viewIdResName: android:id/button1; checkable: false; checked: false; focusable: true; focused: false; selected: false; clickable: true; longClickable: false; enabled: true; password: false; scrollable: false; [ACTION_FOCUS, ACTION_SELECT, ACTION_CLEAR_SELECTION, ACTION_CLICK, ACTION_ACCESSIBILITY_FOCUS, ACTION_NEXT_AT_MOVEMENT_GRANULARITY, ACTION_PREVIOUS_AT_MOVEMENT_GRANULARITY, ACTION_SET_SELECTION]]
05-22 13:51:58.658 D/InteractionController(22889): clickAndWaitForNewWindow(515, 787)
05-22 13:51:58.760 I/InstalledAppDetails(22249): Clearing user data for package : com.pekall.emdm.launcher
05-22 13:51:58.760 I/ActivityManager(  374): Force stopping package com.pekall.emdm.launcher appid=10066 user=0
05-22 13:51:58.760 I/ActivityManager(  374): Killing proc 21518:com.pekall.emdm.launcher/u0a10066: force stop com.pekall.emdm.launcher
05-22 13:51:58.760 W/ActivityManager(  374): Scheduling restart of crashed service com.pekall.emdm.launcher/com.pekall.emdm.MdmService in 5000ms
05-22 13:51:58.760 W/ActivityManager(  374): Scheduling restart of crashed service com.pekall.emdm.launcher/com.pekall.emdm.contacts.service.PhoneService in 15000ms
05-22 13:51:58.767 I/ActivityManager(  374):   Force finishing activity ActivityRecord{42856688 u0 com.pekall.emdm.launcher/.Launcher}
05-22 13:51:58.767 I/ActivityManager(  374):   Force stopping service ServiceRecord{427ee0c0 u0 com.pekall.emdm.launcher/com.pekall.emdm.contacts.service.PhoneService}
05-22 13:51:58.767 I/ActivityManager(  374):   Force stopping service ServiceRecord{42882db0 u0 com.pekall.emdm.launcher/com.pekall.emdm.MdmService}
05-22 13:51:58.838 I/WindowState(  374): WIN DEATH: Window{428ea260 u0 com.pekall.emdm.launcher/com.pekall.emdm.launcher.Launcher}
05-22 13:51:58.931 I/InstalledAppDetails(22249): Cleared user data for package : com.pekall.emdm.launcher
05-22 13:51:59.056 W/InputMethodManagerService(  374): Window already focused, ignoring focus gain of: com.android.internal.view.IInputMethodClient$Stub$Proxy@425dc0f8 attribute=null, token = android.os.BinderProxy@426e1dc8
05-22 13:51:59.861 I/QueryController(22889): Matched selector: UiSelector[TEXT=Clear data, CLASS=android.widget.Button] <<==>> [android.view.accessibility.AccessibilityNodeInfo@b360d; boundsInParent: Rect(0, 0 - 298, 96); boundsInScreen: Rect(373, 718 - 671, 814); packageName: com.android.settings; className: android.widget.Button; text: Clear data; contentDescription: null; viewIdResName: com.android.settings:id/right_button; checkable: false; checked: false; focusable: true; focused: false; selected: false; clickable: true; longClickable: false; enabled: false; password: false; scrollable: false; [ACTION_FOCUS, ACTION_SELECT, ACTION_CLEAR_SELECTION, ACTION_ACCESSIBILITY_FOCUS, ACTION_NEXT_AT_MOVEMENT_GRANULARITY, ACTION_PREVIOUS_AT_MOVEMENT_GRANULARITY, ACTION_SET_SELECTION]]
05-22 13:52:00.377 D/dalvikvm(  374): GC_FOR_ALLOC freed 2101K, 25% free 22966K/30504K, paused 103ms, total 106ms
05-22 13:52:00.377 W/KeyguardDisableHandler(  374): cleaning up leaked reference: CmdClearPasscode
05-22 13:52:00.486 D/dalvikvm(21486): GC_CONCURRENT freed 387K, 5% free 8944K/9372K, paused 3ms+2ms, total 29ms
05-22 13:52:01.002 D/dalvikvm(21486): GC_CONCURRENT freed 393K, 5% free 8944K/9380K, paused 3ms+1ms, total 17ms
05-22 13:52:01.447 D/dalvikvm(  374): GC_FOR_ALLOC freed 1946K, 25% free 22943K/30504K, paused 111ms, total 111ms
05-22 13:52:01.471 D/BluetoothAdapter(22249): 1111456464: getState() :  mService = null. Returning STATE_OFF
05-22 13:52:01.650 W/MountService(  374): getVolumeState(/storage/emulated/0/external_sd): Unknown volume
05-22 13:52:01.650 W/MountService(  374): getVolumeState(/mnt/sdcard-ext): Unknown volume
05-22 13:52:01.650 W/MountService(  374): getVolumeState(/mnt/ext_sdcard): Unknown volume
05-22 13:52:01.658 W/MountService(  374): getVolumeState(/mnt/sdcard2): Unknown volume
05-22 13:52:01.658 W/MountService(  374): getVolumeState(/mnt/emmc): Unknown volume
05-22 13:52:01.658 W/MountService(  374): getVolumeState(/mnt/extSdCard): Unknown volume
05-22 13:52:01.658 W/MountService(  374): getVolumeState(/mnt/sdcard/SD_CARD): Unknown volume
05-22 13:52:01.658 W/MountService(  374): getVolumeState(/mnt/sdcard/extra_sd): Unknown volume
05-22 13:52:01.658 W/MountService(  374): getVolumeState(/mnt/extrasd_bind): Unknown volume
05-22 13:52:01.658 W/MountService(  374): getVolumeState(/mnt/sdcard/ext_sd): Unknown volume
05-22 13:52:01.658 W/MountService(  374): getVolumeState(/storage/extSdCard): Unknown volume
05-22 13:52:01.666 W/MountService(  374): getVolumeState(/storage/sdcard1): Unknown volume
05-22 13:52:01.666 W/MountService(  374): getVolumeState(/mnt/sdcard/external_SD): Unknown volume
05-22 13:52:01.666 W/MountService(  374): getVolumeState(/mnt/sdcard/external_sd): Unknown volume
05-22 13:52:01.744 D/dalvikvm( 1468): GC_CONCURRENT freed 506K, 21% free 9991K/12512K, paused 6ms+13ms, total 73ms
05-22 13:52:01.830 I/ActivityManager(  374): Start proc android.process.acore for content provider com.android.providers.contacts/.ContactsProvider2: pid=22942 uid=10000 gids={50000, 3003, 1015, 1028}
05-22 13:52:01.963 D/dalvikvm(22942): GC_CONCURRENT freed 230K, 3% free 9169K/9440K, paused 4ms+3ms, total 24ms
05-22 13:52:02.103 I/ContactLocale(22942): AddressBook Labels [en_US]: [, A, B, C, D, E, F, G, H, I, J, K, L, M, N, O, P, Q, R, S, T, U, V, W, X, Y, Z, , , , , , , , , , , , , , , , , , , , , , , , , , , , , , , , , , , , , , , , , , , , , , , , , , , , , , , , , , , , , , , , , , , , , , , , , , , , , , , , , , , , , , , , , , , , , , , , , , , , , , , , , , , , , , , , , , , , , , , , , , , , , , , , , , , , , , , , , , , , , , , , , , , , , , , , , , , , , , , , , , , , , , , , , , , , , , , , , , , , , , #, ]
05-22 13:52:02.330 W/MountService(  374): getVolumeState(/storage/emulated/0/external_sd): Unknown volume
05-22 13:52:02.330 W/MountService(  374): getVolumeState(/mnt/sdcard-ext): Unknown volume
05-22 13:52:02.330 W/MountService(  374): getVolumeState(/mnt/ext_sdcard): Unknown volume
05-22 13:52:02.330 W/MountService(  374): getVolumeState(/mnt/sdcard2): Unknown volume
05-22 13:52:02.330 W/MountService(  374): getVolumeState(/mnt/emmc): Unknown volume
05-22 13:52:02.338 W/MountService(  374): getVolumeState(/mnt/extSdCard): Unknown volume
05-22 13:52:02.338 W/MountService(  374): getVolumeState(/mnt/sdcard/SD_CARD): Unknown volume
05-22 13:52:02.338 W/MountService(  374): getVolumeState(/mnt/sdcard/extra_sd): Unknown volume
05-22 13:52:02.338 W/MountService(  374): getVolumeState(/mnt/extrasd_bind): Unknown volume
05-22 13:52:02.338 W/MountService(  374): getVolumeState(/mnt/sdcard/ext_sd): Unknown volume
05-22 13:52:02.338 W/MountService(  374): getVolumeState(/storage/extSdCard): Unknown volume
05-22 13:52:02.338 W/MountService(  374): getVolumeState(/storage/sdcard1): Unknown volume
05-22 13:52:02.338 W/MountService(  374): getVolumeState(/mnt/sdcard/external_SD): Unknown volume
05-22 13:52:02.346 W/MountService(  374): getVolumeState(/mnt/sdcard/external_sd): Unknown volume
05-22 13:52:02.361 D/dalvikvm( 1468): GC_CONCURRENT freed 475K, 20% free 10020K/12512K, paused 15ms+5ms, total 51ms
05-22 13:52:02.361 D/dalvikvm( 1468): WAIT_FOR_CONCURRENT_GC blocked 18ms
05-22 13:52:02.361 D/dalvikvm( 1468): WAIT_FOR_CONCURRENT_GC blocked 17ms
05-22 13:52:02.424 D/dalvikvm(  374): GC_FOR_ALLOC freed 1230K, 25% free 22945K/30504K, paused 73ms, total 73ms
05-22 13:52:02.486 W/InputMethodManagerService(  374): Starting input on non-focused client com.android.internal.view.IInputMethodClient$Stub$Proxy@42d55670 (uid=1000 pid=22249)
05-22 13:52:03.041 D/dalvikvm(22942): GC_CONCURRENT freed 190K, 3% free 9369K/9600K, paused 3ms+3ms, total 26ms
05-22 13:52:03.096 I/QueryController(22889): Matched selector: UiSelector[DESCRIPTION=Apps, PACKAGE NAME=com.android.launcher] <<==>> [android.view.accessibility.AccessibilityNodeInfo@18f8f; boundsInParent: Rect(524257, 0 - 524399, 104); boundsInScreen: Rect(0, 50 - 142, 154); packageName: com.android.launcher; className: android.widget.TextView; text: Apps; contentDescription: Apps; viewIdResName: null; checkable: false; checked: false; focusable: true; focused: false; selected: true; clickable: true; longClickable: false; enabled: true; password: false; scrollable: false; [ACTION_FOCUS, ACTION_SELECT, ACTION_CLEAR_SELECTION, ACTION_CLICK, ACTION_ACCESSIBILITY_FOCUS, ACTION_NEXT_AT_MOVEMENT_GRANULARITY, ACTION_PREVIOUS_AT_MOVEMENT_GRANULARITY, ACTION_SET_SELECTION]]
05-22 13:52:03.111 I/QueryController(22889): Matched selector: UiSelector[DESCRIPTION=Apps, PACKAGE NAME=com.android.launcher] <<==>> [android.view.accessibility.AccessibilityNodeInfo@18f8f; boundsInParent: Rect(524257, 0 - 524399, 104); boundsInScreen: Rect(0, 50 - 142, 154); packageName: com.android.launcher; className: android.widget.TextView; text: Apps; contentDescription: Apps; viewIdResName: null; checkable: false; checked: false; focusable: true; focused: false; selected: true; clickable: true; longClickable: false; enabled: true; password: false; scrollable: false; [ACTION_FOCUS, ACTION_SELECT, ACTION_CLEAR_SELECTION, ACTION_CLICK, ACTION_ACCESSIBILITY_FOCUS, ACTION_NEXT_AT_MOVEMENT_GRANULARITY, ACTION_PREVIOUS_AT_MOVEMENT_GRANULARITY, ACTION_SET_SELECTION]]
05-22 13:52:03.228 D/InteractionController(22889): clickAndWaitForNewWindow(71, 102)
05-22 13:52:06.338 W/InteractionController(22889): runAndwaitForEvent timedout waiting for events
05-22 13:52:06.369 I/QueryController(22889): Matched selector: UiSelector[TEXT=Apps, CLASS=android.widget.TextView, PACKAGE NAME=com.android.launcher] <<==>> [android.view.accessibility.AccessibilityNodeInfo@18f8f; boundsInParent: Rect(524257, 0 - 524399, 104); boundsInScreen: Rect(0, 50 - 142, 154); packageName: com.android.launcher; className: android.widget.TextView; text: Apps; contentDescription: Apps; viewIdResName: null; checkable: false; checked: false; focusable: true; focused: false; selected: true; clickable: true; longClickable: false; enabled: true; password: false; scrollable: false; [ACTION_FOCUS, ACTION_SELECT, ACTION_CLEAR_SELECTION, ACTION_CLICK, ACTION_ACCESSIBILITY_FOCUS, ACTION_NEXT_AT_MOVEMENT_GRANULARITY, ACTION_PREVIOUS_AT_MOVEMENT_GRANULARITY, ACTION_SET_SELECTION]]
05-22 13:52:06.385 I/QueryController(22889): Matched selector: UiSelector[TEXT=Apps, CLASS=android.widget.TextView, PACKAGE NAME=com.android.launcher] <<==>> [android.view.accessibility.AccessibilityNodeInfo@18f8f; boundsInParent: Rect(524257, 0 - 524399, 104); boundsInScreen: Rect(0, 50 - 142, 154); packageName: com.android.launcher; className: android.widget.TextView; text: Apps; contentDescription: Apps; viewIdResName: null; checkable: false; checked: false; focusable: true; focused: false; selected: true; clickable: true; longClickable: false; enabled: true; password: false; scrollable: false; [ACTION_FOCUS, ACTION_SELECT, ACTION_CLEAR_SELECTION, ACTION_CLICK, ACTION_ACCESSIBILITY_FOCUS, ACTION_NEXT_AT_MOVEMENT_GRANULARITY, ACTION_PREVIOUS_AT_MOVEMENT_GRANULARITY, ACTION_SET_SELECTION]]
05-22 13:52:06.385 D/UiObject(22889): getText() = Apps
05-22 13:52:06.400 I/QueryController(22889): Matched selector: UiSelector[TEXT=Apps, CLASS=android.widget.TextView, PACKAGE NAME=com.android.launcher] <<==>> [android.view.accessibility.AccessibilityNodeInfo@18f8f; boundsInParent: Rect(524257, 0 - 524399, 104); boundsInScreen: Rect(0, 50 - 142, 154); packageName: com.android.launcher; className: android.widget.TextView; text: Apps; contentDescription: Apps; viewIdResName: null; checkable: false; checked: false; focusable: true; focused: false; selected: true; clickable: true; longClickable: false; enabled: true; password: false; scrollable: false; [ACTION_FOCUS, ACTION_SELECT, ACTION_CLEAR_SELECTION, ACTION_CLICK, ACTION_ACCESSIBILITY_FOCUS, ACTION_NEXT_AT_MOVEMENT_GRANULARITY, ACTION_PREVIOUS_AT_MOVEMENT_GRANULARITY, ACTION_SET_SELECTION]]
05-22 13:52:06.424 I/QueryController(22889): Matched selector: UiSelector[TEXT=Apps, CLASS=android.widget.TextView, PACKAGE NAME=com.android.launcher] <<==>> [android.view.accessibility.AccessibilityNodeInfo@18f8f; boundsInParent: Rect(524257, 0 - 524399, 104); boundsInScreen: Rect(0, 50 - 142, 154); packageName: com.android.launcher; className: android.widget.TextView; text: Apps; contentDescription: Apps; viewIdResName: null; checkable: false; checked: false; focusable: true; focused: false; selected: true; clickable: true; longClickable: false; enabled: true; password: false; scrollable: false; [ACTION_FOCUS, ACTION_SELECT, ACTION_CLEAR_SELECTION, ACTION_CLICK, ACTION_ACCESSIBILITY_FOCUS, ACTION_NEXT_AT_MOVEMENT_GRANULARITY, ACTION_PREVIOUS_AT_MOVEMENT_GRANULARITY, ACTION_SET_SELECTION]]
05-22 13:52:06.424 D/InteractionController(22889): clickAndWaitForNewWindow(71, 102)
05-22 13:52:09.525 W/InteractionController(22889): runAndwaitForEvent timedout waiting for events
05-22 13:52:09.564 I/QueryController(22889): Matched selector: UiSelector[PACKAGE NAME=com.android.launcher] <<==>> [android.view.accessibility.AccessibilityNodeInfo@7d86; boundsInParent: Rect(0, 0 - 720, 1184); boundsInScreen: Rect(0, 0 - 720, 1184); packageName: com.android.launcher; className: android.widget.FrameLayout; text: null; contentDescription: null; viewIdResName: null; checkable: false; checked: false; focusable: false; focused: false; selected: false; clickable: false; longClickable: false; enabled: true; password: false; scrollable: false; [ACTION_SELECT, ACTION_CLEAR_SELECTION, ACTION_ACCESSIBILITY_FOCUS]]
05-22 13:52:09.580 I/QueryController(22889): Matched selector: UiSelector[TEXT=Pekall enterprise mobile office] <<==>> [android.view.accessibility.AccessibilityNodeInfo@18babb; boundsInParent: Rect(0, 0 - 148, 184); boundsInScreen: Rect(196, 186 - 344, 370); packageName: com.android.launcher; className: android.widget.TextView; text: Pekall enterprise mobile office; contentDescription: null; viewIdResName: null; checkable: false; checked: false; focusable: true; focused: false; selected: false; clickable: true; longClickable: true; enabled: true; password: false; scrollable: false; [ACTION_FOCUS, ACTION_SELECT, ACTION_CLEAR_SELECTION, ACTION_CLICK, ACTION_LONG_CLICK, ACTION_ACCESSIBILITY_FOCUS, ACTION_NEXT_AT_MOVEMENT_GRANULARITY, ACTION_PREVIOUS_AT_MOVEMENT_GRANULARITY, ACTION_SET_SELECTION]]
05-22 13:52:09.596 I/QueryController(22889): Matched selector: UiSelector[TEXT=Pekall enterprise mobile office] <<==>> [android.view.accessibility.AccessibilityNodeInfo@18babb; boundsInParent: Rect(0, 0 - 148, 184); boundsInScreen: Rect(196, 186 - 344, 370); packageName: com.android.launcher; className: android.widget.TextView; text: Pekall enterprise mobile office; contentDescription: null; viewIdResName: null; checkable: false; checked: false; focusable: true; focused: false; selected: false; clickable: true; longClickable: true; enabled: true; password: false; scrollable: false; [ACTION_FOCUS, ACTION_SELECT, ACTION_CLEAR_SELECTION, ACTION_CLICK, ACTION_LONG_CLICK, ACTION_ACCESSIBILITY_FOCUS, ACTION_NEXT_AT_MOVEMENT_GRANULARITY, ACTION_PREVIOUS_AT_MOVEMENT_GRANULARITY, ACTION_SET_SELECTION]]
05-22 13:52:09.603 D/InteractionController(22889): clickAndWaitForNewWindow(270, 278)
05-22 13:52:09.736 W/Parcel  ( 1661): Attempt to read object from Parcel 0x5ded3dac at offset 200 that is not in the object list
05-22 13:52:09.736 I/ActivityManager(  374): START u0 {act=android.intent.action.MAIN cat=[android.intent.category.LAUNCHER] flg=0x10200000 cmp=com.pekall.emdm.launcher/.Launcher} from pid 576
05-22 13:52:09.767 W/WindowManager(  374): Token{42935d80 ActivityRecord{427dd9d0 u0 com.pekall.emdm.launcher/.Launcher}} failed creating starting window
05-22 13:52:09.767 W/WindowManager(  374): android.view.InflateException: Binary XML file line #34: Error inflating class <unknown>
05-22 13:52:09.767 W/WindowManager(  374): 	at android.view.LayoutInflater.createView(LayoutInflater.java:620)
05-22 13:52:09.767 W/WindowManager(  374): 	at com.android.internal.policy.impl.PhoneLayoutInflater.onCreateView(PhoneLayoutInflater.java:56)
05-22 13:52:09.767 W/WindowManager(  374): 	at android.view.LayoutInflater.onCreateView(LayoutInflater.java:669)
05-22 13:52:09.767 W/WindowManager(  374): 	at android.view.LayoutInflater.createViewFromTag(LayoutInflater.java:694)
05-22 13:52:09.767 W/WindowManager(  374): 	at android.view.LayoutInflater.rInflate(LayoutInflater.java:755)
05-22 13:52:09.767 W/WindowManager(  374): 	at android.view.LayoutInflater.inflate(LayoutInflater.java:492)
05-22 13:52:09.767 W/WindowManager(  374): 	at android.view.LayoutInflater.inflate(LayoutInflater.java:397)
05-22 13:52:09.767 W/WindowManager(  374): 	at android.view.LayoutInflater.inflate(LayoutInflater.java:353)
05-22 13:52:09.767 W/WindowManager(  374): 	at com.android.internal.policy.impl.PhoneWindow.generateLayout(PhoneWindow.java:2823)
05-22 13:52:09.767 W/WindowManager(  374): 	at com.android.internal.policy.impl.PhoneWindow.installDecor(PhoneWindow.java:2886)
05-22 13:52:09.767 W/WindowManager(  374): 	at com.android.internal.policy.impl.PhoneWindow.getDecorView(PhoneWindow.java:1581)
05-22 13:52:09.767 W/WindowManager(  374): 	at com.android.internal.policy.impl.PhoneWindowManager.addStartingWindow(PhoneWindowManager.java:1618)
05-22 13:52:09.767 W/WindowManager(  374): 	at com.android.server.wm.WindowManagerService$H.handleMessage(WindowManagerService.java:6908)
05-22 13:52:09.767 W/WindowManager(  374): 	at android.os.Handler.dispatchMessage(Handler.java:99)
05-22 13:52:09.767 W/WindowManager(  374): 	at android.os.Looper.loop(Looper.java:137)
05-22 13:52:09.767 W/WindowManager(  374): 	at android.os.HandlerThread.run(HandlerThread.java:61)
05-22 13:52:09.767 W/WindowManager(  374): Caused by: java.lang.reflect.InvocationTargetException
05-22 13:52:09.767 W/WindowManager(  374): 	at java.lang.reflect.Constructor.constructNative(Native Method)
05-22 13:52:09.767 W/WindowManager(  374): 	at java.lang.reflect.Constructor.newInstance(Constructor.java:417)
05-22 13:52:09.767 W/WindowManager(  374): 	at android.view.LayoutInflater.createView(LayoutInflater.java:594)
05-22 13:52:09.767 W/WindowManager(  374): 	... 15 more
05-22 13:52:09.767 W/WindowManager(  374): Caused by: android.content.res.Resources$NotFoundException: Resource is not a Drawable (color or path): TypedValue{t=0x2/d=0x1010059 a=-1}
05-22 13:52:09.767 W/WindowManager(  374): 	at android.content.res.Resources.loadDrawable(Resources.java:2063)
05-22 13:52:09.767 W/WindowManager(  374): 	at android.content.res.TypedArray.getDrawable(TypedArray.java:601)
05-22 13:52:09.767 W/WindowManager(  374): 	at android.widget.FrameLayout.<init>(FrameLayout.java:109)
