05-22 13:52:20.049 I/QueryController(22889): Matched selector: UiSelector[TEXT=Active, CLASS=android.widget.Button] <<==>> [android.view.accessibility.AccessibilityNodeInfo@d08e; boundsInParent: Rect(0, 0 - 660, 79); boundsInScreen: Rect(30, 502 - 690, 581); packageName: com.pekall.emdm.launcher; className: android.widget.Button; text: Active; contentDescription: null; viewIdResName: com.pekall.emdm.launcher:id/active_device_admin_button; checkable: false; checked: false; focusable: true; focused: false; selected: false; clickable: true; longClickable: false; enabled: true; password: false; scrollable: false; [ACTION_FOCUS, ACTION_SELECT, ACTION_CLEAR_SELECTION, ACTION_CLICK, ACTION_ACCESSIBILITY_FOCUS, ACTION_NEXT_AT_MOVEMENT_GRANULARITY, ACTION_PREVIOUS_AT_MOVEMENT_GRANULARITY, ACTION_SET_SELECTION]]
05-22 13:52:20.096 I/QueryController(22889): Matched selector: UiSelector[TEXT=Active, CLASS=android.widget.Button] <<==>> [android.view.accessibility.AccessibilityNodeInfo@d08e; boundsInParent: Rect(0, 0 - 660, 79); boundsInScreen: Rect(30, 502 - 690, 581); packageName: com.pekall.emdm.launcher; className: android.widget.Button; text: Active; contentDescription: null; viewIdResName: com.pekall.emdm.launcher:id/active_device_admin_button; checkable: false; checked: false; focusable: true; focused: false; selected: false; clickable: true; longClickable: false; enabled: true; password: false; scrollable: false; [ACTION_FOCUS, ACTION_SELECT, ACTION_CLEAR_SELECTION, ACTION_CLICK, ACTION_ACCESSIBILITY_FOCUS, ACTION_NEXT_AT_MOVEMENT_GRANULARITY, ACTION_PREVIOUS_AT_MOVEMENT_GRANULARITY, ACTION_SET_SELECTION]]
05-22 13:52:20.096 D/InteractionController(22889): clickAndWaitForNewWindow(360, 541)
05-22 13:52:20.197 W/Parcel  ( 1661): Attempt to read object from Parcel 0x6013bdac at offset 200 that is not in the object list
05-22 13:52:20.205 I/ActivityManager(  374): START u0 {act=android.app.action.ADD_DEVICE_ADMIN cmp=com.android.settings/.DeviceAdminAdd (has extras)} from pid 22964
05-22 13:52:20.306 D/dalvikvm(  374): GC_FOR_ALLOC freed 1178K, 25% free 22981K/30504K, paused 68ms, total 69ms
05-22 13:52:20.314 D/LauncherApplication(22964): [null:-1]->onActivityPaused
05-22 13:52:20.510 I/ActivityManager(  374): Displayed com.android.settings/.DeviceAdminAdd: +194ms
05-22 13:52:21.221 I/QueryController(22889): Matched selector: UiSelector[TEXT=Activate, CLASS=android.widget.Button] <<==>> [android.view.accessibility.AccessibilityNodeInfo@df7d0; boundsInParent: Rect(0, 0 - 359, 96); boundsInScreen: Rect(361, 1088 - 720, 1184); packageName: com.android.settings; className: android.widget.Button; text: Activate; contentDescription: null; viewIdResName: com.android.settings:id/action_button; checkable: false; checked: false; focusable: true; focused: false; selected: false; clickable: true; longClickable: false; enabled: true; password: false; scrollable: false; [ACTION_FOCUS, ACTION_SELECT, ACTION_CLEAR_SELECTION, ACTION_CLICK, ACTION_ACCESSIBILITY_FOCUS, ACTION_NEXT_AT_MOVEMENT_GRANULARITY, ACTION_PREVIOUS_AT_MOVEMENT_GRANULARITY, ACTION_SET_SELECTION]]
05-22 13:52:21.252 I/QueryController(22889): Matched selector: UiSelector[TEXT=Activate, CLASS=android.widget.Button] <<==>> [android.view.accessibility.AccessibilityNodeInfo@df7d0; boundsInParent: Rect(0, 0 - 359, 96); boundsInScreen: Rect(361, 1088 - 720, 1184); packageName: com.android.settings; className: android.widget.Button; text: Activate; contentDescription: null; viewIdResName: com.android.settings:id/action_button; checkable: false; checked: false; focusable: true; focused: false; selected: false; clickable: true; longClickable: false; enabled: true; password: false; scrollable: false; [ACTION_FOCUS, ACTION_SELECT, ACTION_CLEAR_SELECTION, ACTION_CLICK, ACTION_ACCESSIBILITY_FOCUS, ACTION_NEXT_AT_MOVEMENT_GRANULARITY, ACTION_PREVIOUS_AT_MOVEMENT_GRANULARITY, ACTION_SET_SELECTION]]
05-22 13:52:21.252 D/InteractionController(22889): clickAndWaitForNewWindow(540, 1136)
05-22 13:52:21.392 D/MDM :   (22964): [null:-1]->onEnabled
05-22 13:52:21.392 I/dalvikvm(22964): Could not find method android.app.enterprise.license.EnterpriseLicenseManager.getInstance, referenced from method com.pekall.emdm.b.b.a.<init>
05-22 13:52:21.392 W/dalvikvm(22964): VFY: unable to resolve static method 1420: Landroid/app/enterprise/license/EnterpriseLicenseManager;.getInstance (Landroid/content/Context;)Landroid/app/enterprise/license/EnterpriseLicenseManager;
05-22 13:52:21.392 D/dalvikvm(22964): VFY: replacing opcode 0x71 at 0x0008
05-22 13:52:21.392 I/dalvikvm(22964): Could not find method android.app.enterprise.EnterpriseDeviceManager.getRestrictionPolicy, referenced from method com.pekall.emdm.b.b.a.A
05-22 13:52:21.392 W/dalvikvm(22964): VFY: unable to resolve virtual method 1371: Landroid/app/enterprise/EnterpriseDeviceManager;.getRestrictionPolicy ()Landroid/app/enterprise/RestrictionPolicy;
05-22 13:52:21.392 D/dalvikvm(22964): VFY: replacing opcode 0x6e at 0x000a
05-22 13:52:21.400 I/dalvikvm(22964): Could not find method android.app.enterprise.EnterpriseDeviceManager.getRestrictionPolicy, referenced from method com.pekall.emdm.b.b.a.B
05-22 13:52:21.400 W/dalvikvm(22964): VFY: unable to resolve virtual method 1371: Landroid/app/enterprise/EnterpriseDeviceManager;.getRestrictionPolicy ()Landroid/app/enterprise/RestrictionPolicy;
05-22 13:52:21.400 D/dalvikvm(22964): VFY: replacing opcode 0x6e at 0x000a
05-22 13:52:21.400 I/dalvikvm(22964): Could not find method android.app.enterprise.EnterpriseDeviceManager.getRestrictionPolicy, referenced from method com.pekall.emdm.b.b.a.C
05-22 13:52:21.400 W/dalvikvm(22964): VFY: unable to resolve virtual method 1371: Landroid/app/enterprise/EnterpriseDeviceManager;.getRestrictionPolicy ()Landroid/app/enterprise/RestrictionPolicy;
05-22 13:52:21.400 D/dalvikvm(22964): VFY: replacing opcode 0x6e at 0x000a
05-22 13:52:21.400 I/dalvikvm(22964): Could not find method android.app.enterprise.EnterpriseDeviceManager.getApplicationPolicy, referenced from method com.pekall.emdm.b.b.a.D
05-22 13:52:21.400 W/dalvikvm(22964): VFY: unable to resolve virtual method 1364: Landroid/app/enterprise/EnterpriseDeviceManager;.getApplicationPolicy ()Landroid/app/enterprise/ApplicationPolicy;
05-22 13:52:21.400 D/dalvikvm(22964): VFY: replacing opcode 0x6e at 0x000a
05-22 13:52:21.400 I/dalvikvm(22964): Could not find method android.app.enterprise.EnterpriseDeviceManager.getApplicationPolicy, referenced from method com.pekall.emdm.b.b.a.E
05-22 13:52:21.400 W/dalvikvm(22964): VFY: unable to resolve virtual method 1364: Landroid/app/enterprise/EnterpriseDeviceManager;.getApplicationPolicy ()Landroid/app/enterprise/ApplicationPolicy;
05-22 13:52:21.400 D/dalvikvm(22964): VFY: replacing opcode 0x6e at 0x000a
05-22 13:52:21.408 I/dalvikvm(22964): Could not find method android.app.enterprise.EnterpriseDeviceManager.getApplicationPolicy, referenced from method com.pekall.emdm.b.b.a.F
05-22 13:52:21.408 W/dalvikvm(22964): VFY: unable to resolve virtual method 1364: Landroid/app/enterprise/EnterpriseDeviceManager;.getApplicationPolicy ()Landroid/app/enterprise/ApplicationPolicy;
05-22 13:52:21.408 D/dalvikvm(22964): VFY: replacing opcode 0x6e at 0x000a
05-22 13:52:21.408 I/dalvikvm(22964): Could not find method android.app.enterprise.EnterpriseDeviceManager.getApplicationPolicy, referenced from method com.pekall.emdm.b.b.a.G
05-22 13:52:21.408 W/dalvikvm(22964): VFY: unable to resolve virtual method 1364: Landroid/app/enterprise/EnterpriseDeviceManager;.getApplicationPolicy ()Landroid/app/enterprise/ApplicationPolicy;
05-22 13:52:21.416 D/dalvikvm(22964): VFY: replacing opcode 0x6e at 0x000a
05-22 13:52:21.471 I/dalvikvm(22964): Could not find method android.app.enterprise.EnterpriseDeviceManager.getRestrictionPolicy, referenced from method com.pekall.emdm.b.b.a.H
05-22 13:52:21.486 D/dalvikvm(  374): GC_FOR_ALLOC freed 1192K, 25% free 22983K/30504K, paused 72ms, total 72ms
05-22 13:52:21.486 W/dalvikvm(22964): VFY: unable to resolve virtual method 1371: Landroid/app/enterprise/EnterpriseDeviceManager;.getRestrictionPolicy ()Landroid/app/enterprise/RestrictionPolicy;
05-22 13:52:21.486 D/dalvikvm(22964): VFY: replacing opcode 0x6e at 0x000a
05-22 13:52:21.494 I/dalvikvm(22964): Could not find method android.app.enterprise.EnterpriseDeviceManager.getPhoneRestrictionPolicy, referenced from method com.pekall.emdm.b.b.a.I
05-22 13:52:21.494 W/dalvikvm(22964): VFY: unable to resolve virtual method 1370: Landroid/app/enterprise/EnterpriseDeviceManager;.getPhoneRestrictionPolicy ()Landroid/app/enterprise/PhoneRestrictionPolicy;
05-22 13:52:21.494 D/dalvikvm(22964): VFY: replacing opcode 0x6e at 0x0003
05-22 13:52:21.494 I/dalvikvm(22964): Could not find method android.app.enterprise.EnterpriseDeviceManager.getPhoneRestrictionPolicy, referenced from method com.pekall.emdm.b.b.a.J
05-22 13:52:21.494 W/dalvikvm(22964): VFY: unable to resolve virtual method 1370: Landroid/app/enterprise/EnterpriseDeviceManager;.getPhoneRestrictionPolicy ()Landroid/app/enterprise/PhoneRestrictionPolicy;
05-22 13:52:21.494 D/dalvikvm(22964): VFY: replacing opcode 0x6e at 0x000a
05-22 13:52:21.494 I/dalvikvm(22964): Could not find method android.app.enterprise.EnterpriseDeviceManager.getPhoneRestrictionPolicy, referenced from method com.pekall.emdm.b.b.a.K
05-22 13:52:21.494 W/dalvikvm(22964): VFY: unable to resolve virtual method 1370: Landroid/app/enterprise/EnterpriseDeviceManager;.getPhoneRestrictionPolicy ()Landroid/app/enterprise/PhoneRestrictionPolicy;
05-22 13:52:21.494 D/dalvikvm(22964): VFY: replacing opcode 0x6e at 0x000a
05-22 13:52:21.494 I/dalvikvm(22964): Could not find method android.app.enterprise.EnterpriseDeviceManager.getPhoneRestrictionPolicy, referenced from method com.pekall.emdm.b.b.a.L
05-22 13:52:21.494 W/dalvikvm(22964): VFY: unable to resolve virtual method 1370: Landroid/app/enterprise/EnterpriseDeviceManager;.getPhoneRestrictionPolicy ()Landroid/app/enterprise/PhoneRestrictionPolicy;
05-22 13:52:21.494 D/dalvikvm(22964): VFY: replacing opcode 0x6e at 0x000a
05-22 13:52:21.502 I/dalvikvm(22964): Could not find method android.app.enterprise.EnterpriseDeviceManager.getRestrictionPolicy, referenced from method com.pekall.emdm.b.b.a.M
05-22 13:52:21.502 W/dalvikvm(22964): VFY: unable to resolve virtual method 1371: Landroid/app/enterprise/EnterpriseDeviceManager;.getRestrictionPolicy ()Landroid/app/enterprise/RestrictionPolicy;
05-22 13:52:21.502 D/dalvikvm(22964): VFY: replacing opcode 0x6e at 0x000a
05-22 13:52:21.502 I/dalvikvm(22964): Could not find method android.app.enterprise.EnterpriseDeviceManager.getRoamingPolicy, referenced from method com.pekall.emdm.b.b.a.N
05-22 13:52:21.502 W/dalvikvm(22964): VFY: unable to resolve virtual method 1372: Landroid/app/enterprise/EnterpriseDeviceManager;.getRoamingPolicy ()Landroid/app/enterprise/RoamingPolicy;
05-22 13:52:21.502 D/dalvikvm(22964): VFY: replacing opcode 0x6e at 0x000a
05-22 13:52:21.502 I/dalvikvm(22964): Could not find method android.app.enterprise.EnterpriseDeviceManager.getRoamingPolicy, referenced from method com.pekall.emdm.b.b.a.O
05-22 13:52:21.502 W/dalvikvm(22964): VFY: unable to resolve virtual method 1372: Landroid/app/enterprise/EnterpriseDeviceManager;.getRoamingPolicy ()Landroid/app/enterprise/RoamingPolicy;
05-22 13:52:21.502 D/dalvikvm(22964): VFY: replacing opcode 0x6e at 0x000a
05-22 13:52:21.502 I/dalvikvm(22964): Could not find method android.app.enterprise.EnterpriseDeviceManager.getRoamingPolicy, referenced from method com.pekall.emdm.b.b.a.P
05-22 13:52:21.502 W/dalvikvm(22964): VFY: unable to resolve virtual method 1372: Landroid/app/enterprise/EnterpriseDeviceManager;.getRoamingPolicy ()Landroid/app/enterprise/RoamingPolicy;
05-22 13:52:21.502 D/dalvikvm(22964): VFY: replacing opcode 0x6e at 0x000a
05-22 13:52:21.510 I/dalvikvm(22964): Could not find method android.app.enterprise.EnterpriseDeviceManager.getWifiPolicy, referenced from method com.pekall.emdm.b.b.a.a
05-22 13:52:21.510 W/dalvikvm(22964): VFY: unable to resolve virtual method 1374: Landroid/app/enterprise/EnterpriseDeviceManager;.getWifiPolicy ()Landroid/app/enterprise/WifiPolicy;
05-22 13:52:21.510 D/dalvikvm(22964): VFY: replacing opcode 0x6e at 0x000e
05-22 13:52:21.510 I/dalvikvm(22964): Could not find method android.app.enterprise.EnterpriseDeviceManager.getSecurityPolicy, referenced from method com.pekall.emdm.b.b.a.a
05-22 13:52:21.510 W/dalvikvm(22964): VFY: unable to resolve virtual method 1373: Landroid/app/enterprise/EnterpriseDeviceManager;.getSecurityPolicy ()Landroid/app/enterprise/SecurityPolicy;
05-22 13:52:21.510 D/dalvikvm(22964): VFY: replacing opcode 0x6e at 0x0015
05-22 13:52:21.510 I/dalvikvm(22964): Could not find method android.app.enterprise.EnterpriseDeviceManager.getApplicationPolicy, referenced from method com.pekall.emdm.b.b.a.a
05-22 13:52:21.510 W/dalvikvm(22964): VFY: unable to resolve virtual method 1364: Landroid/app/enterprise/EnterpriseDeviceManager;.getApplicationPolicy ()Landroid/app/enterprise/ApplicationPolicy;
05-22 13:52:21.510 D/dalvikvm(22964): VFY: replacing opcode 0x6e at 0x000a
05-22 13:52:21.510 I/dalvikvm(22964): Could not find method android.app.enterprise.EnterpriseDeviceManager.getWifiPolicy, referenced from method com.pekall.emdm.b.b.a.a
05-22 13:52:21.510 W/dalvikvm(22964): VFY: unable to resolve virtual method 1374: Landroid/app/enterprise/EnterpriseDeviceManager;.getWifiPolicy ()Landroid/app/enterprise/WifiPolicy;
05-22 13:52:21.510 D/dalvikvm(22964): VFY: replacing opcode 0x6e at 0x000b
05-22 13:52:21.517 I/dalvikvm(22964): Could not find method android.app.enterprise.EnterpriseDeviceManager.getRestrictionPolicy, referenced from method com.pekall.emdm.b.b.a.a
05-22 13:52:21.517 W/dalvikvm(22964): VFY: unable to resolve virtual method 1371: Landroid/app/enterprise/EnterpriseDeviceManager;.getRestrictionPolicy ()Landroid/app/enterprise/RestrictionPolicy;
05-22 13:52:21.517 D/dalvikvm(22964): VFY: replacing opcode 0x6e at 0x000a
05-22 13:52:21.517 I/dalvikvm(22964): Could not find method android.app.enterprise.EnterpriseDeviceManager.getBluetoothPolicy, referenced from method com.pekall.emdm.b.b.a.a
05-22 13:52:21.517 W/dalvikvm(22964): VFY: unable to resolve virtual method 1365: Landroid/app/enterprise/EnterpriseDeviceManager;.getBluetoothPolicy ()Landroid/app/enterprise/BluetoothPolicy;
05-22 13:52:21.517 D/dalvikvm(22964): VFY: replacing opcode 0x6e at 0x000a
05-22 13:52:21.517 I/dalvikvm(22964): Could not find method android.app.enterprise.EnterpriseDeviceManager.getSecurityPolicy, referenced from method com.pekall.emdm.b.b.a.b
05-22 13:52:21.517 W/dalvikvm(22964): VFY: unable to resolve virtual method 1373: Landroid/app/enterprise/EnterpriseDeviceManager;.getSecurityPolicy ()Landroid/app/enterprise/SecurityPolicy;
05-22 13:52:21.517 D/dalvikvm(22964): VFY: replacing opcode 0x6e at 0x0015
05-22 13:52:21.517 I/dalvikvm(22964): Could not find method android.app.enterprise.EnterpriseDeviceManager.getWifiPolicy, referenced from method com.pekall.emdm.b.b.a.b
05-22 13:52:21.517 W/dalvikvm(22964): VFY: unable to resolve virtual method 1374: Landroid/app/enterprise/EnterpriseDeviceManager;.getWifiPolicy ()Landroid/app/enterprise/WifiPolicy;
05-22 13:52:21.517 D/dalvikvm(22964): VFY: replacing opcode 0x6e at 0x000b
05-22 13:52:21.517 I/dalvikvm(22964): Could not find method android.app.enterprise.EnterpriseDeviceManager.getDateTimePolicy, referenced from method com.pekall.emdm.b.b.a.b
05-22 13:52:21.517 W/dalvikvm(22964): VFY: unable to resolve virtual method 1366: Landroid/app/enterprise/EnterpriseDeviceManager;.getDateTimePolicy ()Landroid/app/enterprise/DateTimePolicy;
05-22 13:52:21.517 D/dalvikvm(22964): VFY: replacing opcode 0x6e at 0x000a
05-22 13:52:21.525 I/dalvikvm(22964): Could not find method android.app.enterprise.EnterpriseDeviceManager.getWifiPolicy, referenced from method com.pekall.emdm.b.b.a.c
05-22 13:52:21.525 W/dalvikvm(22964): VFY: unable to resolve virtual method 1374: Landroid/app/enterprise/EnterpriseDeviceManager;.getWifiPolicy ()Landroid/app/enterprise/WifiPolicy;
05-22 13:52:21.525 D/dalvikvm(22964): VFY: replacing opcode 0x6e at 0x000a
05-22 13:52:21.525 I/dalvikvm(22964): Could not find method android.app.enterprise.EnterpriseDeviceManager.getRestrictionPolicy, referenced from method com.pekall.emdm.b.b.a.c
05-22 13:52:21.525 W/dalvikvm(22964): VFY: unable to resolve virtual method 1371: Landroid/app/enterprise/EnterpriseDeviceManager;.getRestrictionPolicy ()Landroid/app/enterprise/RestrictionPolicy;
05-22 13:52:21.525 D/dalvikvm(22964): VFY: replacing opcode 0x6e at 0x000a
05-22 13:52:21.525 I/dalvikvm(22964): Could not find method android.app.enterprise.EnterpriseDeviceManager.getWifiPolicy, referenced from method com.pekall.emdm.b.b.a.d
05-22 13:52:21.525 W/dalvikvm(22964): VFY: unable to resolve virtual method 1374: Landroid/app/enterprise/EnterpriseDeviceManager;.getWifiPolicy ()Landroid/app/enterprise/WifiPolicy;
05-22 13:52:21.525 D/dalvikvm(22964): VFY: replacing opcode 0x6e at 0x000a
05-22 13:52:21.525 I/dalvikvm(22964): Could not find method android.app.enterprise.EnterpriseDeviceManager.getRestrictionPolicy, referenced from method com.pekall.emdm.b.b.a.d
05-22 13:52:21.525 W/dalvikvm(22964): VFY: unable to resolve virtual method 1371: Landroid/app/enterprise/EnterpriseDeviceManager;.getRestrictionPolicy ()Landroid/app/enterprise/RestrictionPolicy;
05-22 13:52:21.525 D/dalvikvm(22964): VFY: replacing opcode 0x6e at 0x000a
05-22 13:52:21.525 I/dalvikvm(22964): Could not find method android.app.enterprise.EnterpriseDeviceManager.getLocationPolicy, referenced from method com.pekall.emdm.b.b.a.e
05-22 13:52:21.525 W/dalvikvm(22964): VFY: unable to resolve virtual method 1368: Landroid/app/enterprise/EnterpriseDeviceManager;.getLocationPolicy ()Landroid/app/enterprise/LocationPolicy;
05-22 13:52:21.525 D/dalvikvm(22964): VFY: replacing opcode 0x6e at 0x000a
05-22 13:52:21.533 I/dalvikvm(22964): Could not find method android.app.enterprise.EnterpriseDeviceManager.getRestrictionPolicy, referenced from method com.pekall.emdm.b.b.a.f
05-22 13:52:21.533 W/dalvikvm(22964): VFY: unable to resolve virtual method 1371: Landroid/app/enterprise/EnterpriseDeviceManager;.getRestrictionPolicy ()Landroid/app/enterprise/RestrictionPolicy;
05-22 13:52:21.533 D/dalvikvm(22964): VFY: replacing opcode 0x6e at 0x000a
05-22 13:52:21.533 I/dalvikvm(22964): Could not find method android.app.enterprise.EnterpriseDeviceManager.getWifiPolicy, referenced from method com.pekall.emdm.b.b.a.g
05-22 13:52:21.533 W/dalvikvm(22964): VFY: unable to resolve virtual method 1374: Landroid/app/enterprise/EnterpriseDeviceManager;.getWifiPolicy ()Landroid/app/enterprise/WifiPolicy;
05-22 13:52:21.533 D/dalvikvm(22964): VFY: replacing opcode 0x6e at 0x000a
05-22 13:52:21.533 I/dalvikvm(22964): Could not find method android.app.enterprise.EnterpriseDeviceManager.getRestrictionPolicy, referenced from method com.pekall.emdm.b.b.a.h
05-22 13:52:21.533 W/dalvikvm(22964): VFY: unable to resolve virtual method 1371: Landroid/app/enterprise/EnterpriseDeviceManager;.getRestrictionPolicy ()Landroid/app/enterprise/RestrictionPolicy;
05-22 13:52:21.533 D/dalvikvm(22964): VFY: replacing opcode 0x6e at 0x000a
05-22 13:52:21.533 I/dalvikvm(22964): Could not find method android.app.enterprise.EnterpriseDeviceManager.getRestrictionPolicy, referenced from method com.pekall.emdm.b.b.a.i
05-22 13:52:21.533 W/dalvikvm(22964): VFY: unable to resolve virtual method 1371: Landroid/app/enterprise/EnterpriseDeviceManager;.getRestrictionPolicy ()Landroid/app/enterprise/RestrictionPolicy;
05-22 13:52:21.533 D/dalvikvm(22964): VFY: replacing opcode 0x6e at 0x000a
05-22 13:52:21.541 I/dalvikvm(22964): Could not find method android.app.enterprise.EnterpriseDeviceManager.getPhoneRestrictionPolicy, referenced from method com.pekall.emdm.b.b.a.j
05-22 13:52:21.541 W/dalvikvm(22964): VFY: unable to resolve virtual method 1370: Landroid/app/enterprise/EnterpriseDeviceManager;.getPhoneRestrictionPolicy ()Landroid/app/enterprise/PhoneRestrictionPolicy;
05-22 13:52:21.541 D/dalvikvm(22964): VFY: replacing opcode 0x6e at 0x000a
05-22 13:52:21.541 I/dalvikvm(22964): Could not find method android.app.enterprise.EnterpriseDeviceManager.getWifiPolicy, referenced from method com.pekall.emdm.b.b.a.k
05-22 13:52:21.541 W/dalvikvm(22964): VFY: unable to resolve virtual method 1374: Landroid/app/enterprise/EnterpriseDeviceManager;.getWifiPolicy ()Landroid/app/enterprise/WifiPolicy;
05-22 13:52:21.541 D/dalvikvm(22964): VFY: replacing opcode 0x6e at 0x000a
05-22 13:52:21.541 I/dalvikvm(22964): Could not find method android.app.enterprise.EnterpriseDeviceManager.getRestrictionPolicy, referenced from method com.pekall.emdm.b.b.a.l
05-22 13:52:21.541 W/dalvikvm(22964): VFY: unable to resolve virtual method 1371: Landroid/app/enterprise/EnterpriseDeviceManager;.getRestrictionPolicy ()Landroid/app/enterprise/RestrictionPolicy;
05-22 13:52:21.541 D/dalvikvm(22964): VFY: replacing opcode 0x6e at 0x000a
05-22 13:52:21.541 I/dalvikvm(22964): Could not find method android.app.enterprise.EnterpriseDeviceManager.getBluetoothPolicy, referenced from method com.pekall.emdm.b.b.a.m
05-22 13:52:21.541 W/dalvikvm(22964): VFY: unable to resolve virtual method 1365: Landroid/app/enterprise/EnterpriseDeviceManager;.getBluetoothPolicy ()Landroid/app/enterprise/BluetoothPolicy;
05-22 13:52:21.541 D/dalvikvm(22964): VFY: replacing opcode 0x6e at 0x000a
05-22 13:52:21.549 I/dalvikvm(22964): Could not find method android.app.enterprise.EnterpriseDeviceManager.getBluetoothPolicy, referenced from method com.pekall.emdm.b.b.a.n
05-22 13:52:21.549 W/dalvikvm(22964): VFY: unable to resolve virtual method 1365: Landroid/app/enterprise/EnterpriseDeviceManager;.getBluetoothPolicy ()Landroid/app/enterprise/BluetoothPolicy;
05-22 13:52:21.549 D/dalvikvm(22964): VFY: replacing opcode 0x6e at 0x000a
05-22 13:52:21.549 I/dalvikvm(22964): Could not find method android.app.enterprise.EnterpriseDeviceManager.getBluetoothPolicy, referenced from method com.pekall.emdm.b.b.a.o
05-22 13:52:21.549 W/dalvikvm(22964): VFY: unable to resolve virtual method 1365: Landroid/app/enterprise/EnterpriseDeviceManager;.getBluetoothPolicy ()Landroid/app/enterprise/BluetoothPolicy;
05-22 13:52:21.549 D/dalvikvm(22964): VFY: replacing opcode 0x6e at 0x000a
05-22 13:52:21.549 I/dalvikvm(22964): Could not find method android.app.enterprise.EnterpriseDeviceManager.getBluetoothPolicy, referenced from method com.pekall.emdm.b.b.a.p
05-22 13:52:21.549 W/dalvikvm(22964): VFY: unable to resolve virtual method 1365: Landroid/app/enterprise/EnterpriseDeviceManager;.getBluetoothPolicy ()Landroid/app/enterprise/BluetoothPolicy;
05-22 13:52:21.549 D/dalvikvm(22964): VFY: replacing opcode 0x6e at 0x000a
05-22 13:52:21.549 I/dalvikvm(22964): Could not find method android.app.enterprise.EnterpriseDeviceManager.getRestrictionPolicy, referenced from method com.pekall.emdm.b.b.a.q
05-22 13:52:21.549 W/dalvikvm(22964): VFY: unable to resolve virtual method 1371: Landroid/app/enterprise/EnterpriseDeviceManager;.getRestrictionPolicy ()Landroid/app/enterprise/RestrictionPolicy;
05-22 13:52:21.549 D/dalvikvm(22964): VFY: replacing opcode 0x6e at 0x000a
05-22 13:52:21.549 I/dalvikvm(22964): Could not find method android.app.enterprise.EnterpriseDeviceManager.getBluetoothPolicy, referenced from method com.pekall.emdm.b.b.a.r
05-22 13:52:21.556 W/dalvikvm(22964): VFY: unable to resolve virtual method 1365: Landroid/app/enterprise/EnterpriseDeviceManager;.getBluetoothPolicy ()Landroid/app/enterprise/BluetoothPolicy;
05-22 13:52:21.556 D/dalvikvm(22964): VFY: replacing opcode 0x6e at 0x000a
05-22 13:52:21.556 I/dalvikvm(22964): Could not find method android.app.enterprise.EnterpriseDeviceManager.getRestrictionPolicy, referenced from method com.pekall.emdm.b.b.a.s
05-22 13:52:21.556 W/dalvikvm(22964): VFY: unable to resolve virtual method 1371: Landroid/app/enterprise/EnterpriseDeviceManager;.getRestrictionPolicy ()Landroid/app/enterprise/RestrictionPolicy;
05-22 13:52:21.556 D/dalvikvm(22964): VFY: replacing opcode 0x6e at 0x000a
05-22 13:52:21.556 I/dalvikvm(22964): Could not find method android.app.enterprise.EnterpriseDeviceManager.getRestrictionPolicy, referenced from method com.pekall.emdm.b.b.a.t
05-22 13:52:21.556 W/dalvikvm(22964): VFY: unable to resolve virtual method 1371: Landroid/app/enterprise/EnterpriseDeviceManager;.getRestrictionPolicy ()Landroid/app/enterprise/RestrictionPolicy;
05-22 13:52:21.556 D/dalvikvm(22964): VFY: replacing opcode 0x6e at 0x000a
05-22 13:52:21.556 I/dalvikvm(22964): Could not find method android.app.enterprise.EnterpriseDeviceManager.getRestrictionPolicy, referenced from method com.pekall.emdm.b.b.a.u
05-22 13:52:21.556 W/dalvikvm(22964): VFY: unable to resolve virtual method 1371: Landroid/app/enterprise/EnterpriseDeviceManager;.getRestrictionPolicy ()Landroid/app/enterprise/RestrictionPolicy;
05-22 13:52:21.556 D/dalvikvm(22964): VFY: replacing opcode 0x6e at 0x000a
05-22 13:52:21.556 I/dalvikvm(22964): Could not find method android.app.enterprise.EnterpriseDeviceManager.getRestrictionPolicy, referenced from method com.pekall.emdm.b.b.a.v
05-22 13:52:21.556 W/dalvikvm(22964): VFY: unable to resolve virtual method 1371: Landroid/app/enterprise/EnterpriseDeviceManager;.getRestrictionPolicy ()Landroid/app/enterprise/RestrictionPolicy;
05-22 13:52:21.556 D/dalvikvm(22964): VFY: replacing opcode 0x6e at 0x000a
05-22 13:52:21.556 I/dalvikvm(22964): Could not find method android.app.enterprise.EnterpriseDeviceManager.getRestrictionPolicy, referenced from method com.pekall.emdm.b.b.a.w
05-22 13:52:21.556 W/dalvikvm(22964): VFY: unable to resolve virtual method 1371: Landroid/app/enterprise/EnterpriseDeviceManager;.getRestrictionPolicy ()Landroid/app/enterprise/RestrictionPolicy;
05-22 13:52:21.556 D/dalvikvm(22964): VFY: replacing opcode 0x6e at 0x000a
05-22 13:52:21.564 I/dalvikvm(22964): Could not find method android.app.enterprise.EnterpriseDeviceManager.getRestrictionPolicy, referenced from method com.pekall.emdm.b.b.a.x
05-22 13:52:21.564 W/dalvikvm(22964): VFY: unable to resolve virtual method 1371: Landroid/app/enterprise/EnterpriseDeviceManager;.getRestrictionPolicy ()Landroid/app/enterprise/RestrictionPolicy;
05-22 13:52:21.564 D/dalvikvm(22964): VFY: replacing opcode 0x6e at 0x000a
05-22 13:52:21.564 I/dalvikvm(22964): Could not find method android.app.enterprise.EnterpriseDeviceManager.getPasswordPolicy, referenced from method com.pekall.emdm.b.b.a.y
05-22 13:52:21.564 W/dalvikvm(22964): VFY: unable to resolve virtual method 1369: Landroid/app/enterprise/EnterpriseDeviceManager;.getPasswordPolicy ()Landroid/app/enterprise/PasswordPolicy;
05-22 13:52:21.564 D/dalvikvm(22964): VFY: replacing opcode 0x6e at 0x000a
05-22 13:52:21.564 I/dalvikvm(22964): Could not find method android.app.enterprise.EnterpriseDeviceManager.getRestrictionPolicy, referenced from method com.pekall.emdm.b.b.a.z
05-22 13:52:21.564 W/dalvikvm(22964): VFY: unable to resolve virtual method 1371: Landroid/app/enterprise/EnterpriseDeviceManager;.getRestrictionPolicy ()Landroid/app/enterprise/RestrictionPolicy;
05-22 13:52:21.564 D/dalvikvm(22964): VFY: replacing opcode 0x6e at 0x000a
05-22 13:52:21.564 W/Parcel  ( 1661): Attempt to read object from Parcel 0x5ded3dac at offset 200 that is not in the object list
05-22 13:52:21.564 I/ActivityManager(  374): START u0 {cmp=com.pekall.emdm.launcher/com.pekall.emdm.ui.RegDeviceActivity} from pid 22964
05-22 13:52:21.635 V/LauncherApplication(22964): onActivityStarted
05-22 13:52:21.705 D/        (22964): [---null: -1---]     awsa  onActivityResumed
05-22 13:52:21.705 V/LauncherApplication(22964): 2MdmConstant.LAST_LAUNCH_TIME = 1400737932268
05-22 13:52:21.713 D/        (22964): [---null: -1---]  activity = com.pekall.emdm.ui.RegDeviceActivity
05-22 13:52:21.900 I/ActivityManager(  374): Displayed com.pekall.emdm.launcher/com.pekall.emdm.ui.RegDeviceActivity: +300ms
05-22 13:52:25.455 I/QueryController(22889): Matched selector: UiSelector[TEXT=Server, ENABLED=true] <<==>> [android.view.accessibility.AccessibilityNodeInfo@e717; boundsInParent: Rect(0, 0 - 621, 76); boundsInScreen: Rect(49, 280 - 670, 356); packageName: com.pekall.emdm.launcher; className: android.widget.EditText; text: Server; contentDescription: null; viewIdResName: com.pekall.emdm.launcher:id/mdm_edit; checkable: false; checked: false; focusable: true; focused: true; selected: false; clickable: true; longClickable: true; enabled: true; password: false; scrollable: false; [ACTION_CLEAR_FOCUS, ACTION_SELECT, ACTION_CLEAR_SELECTION, ACTION_CLICK, ACTION_LONG_CLICK, ACTION_ACCESSIBILITY_FOCUS]]
05-22 13:52:25.463 I/QueryController(22889): Matched selector: UiSelector[TEXT=Server] <<==>> [android.view.accessibility.AccessibilityNodeInfo@e717; boundsInParent: Rect(0, 0 - 621, 76); boundsInScreen: Rect(49, 280 - 670, 356); packageName: com.pekall.emdm.launcher; className: android.widget.EditText; text: Server; contentDescription: null; viewIdResName: com.pekall.emdm.launcher:id/mdm_edit; checkable: false; checked: false; focusable: true; focused: true; selected: false; clickable: true; longClickable: true; enabled: true; password: false; scrollable: false; [ACTION_CLEAR_FOCUS, ACTION_SELECT, ACTION_CLEAR_SELECTION, ACTION_CLICK, ACTION_LONG_CLICK, ACTION_ACCESSIBILITY_FOCUS]]
05-22 13:52:26.510 D/dalvikvm(22889): GC_FOR_ALLOC freed 7519K, 92% free 671K/8192K, paused 25ms, total 26ms
05-22 13:52:27.783 I/QueryController(22889): Matched selector: UiSelector[TEXT=Server] <<==>> [android.view.accessibility.AccessibilityNodeInfo@e717; boundsInParent: Rect(0, 0 - 621, 76); boundsInScreen: Rect(49, 280 - 670, 356); packageName: com.pekall.emdm.launcher; className: android.widget.EditText; text: Server; contentDescription: null; viewIdResName: com.pekall.emdm.launcher:id/mdm_edit; checkable: false; checked: false; focusable: true; focused: true; selected: false; clickable: true; longClickable: true; enabled: true; password: false; scrollable: false; [ACTION_CLEAR_FOCUS, ACTION_SELECT, ACTION_CLEAR_SELECTION, ACTION_CLICK, ACTION_LONG_CLICK, ACTION_ACCESSIBILITY_FOCUS]]
05-22 13:52:31.088 I/QueryController(22889): Matched selector: UiSelector[TEXT=Please input email address, ENABLED=true] <<==>> [android.view.accessibility.AccessibilityNodeInfo@126e8; boundsInParent: Rect(0, 0 - 621, 76); boundsInScreen: Rect(49, 420 - 670, 496); packageName: com.pekall.emdm.launcher; className: android.widget.EditText; text: Please input email address; contentDescription: null; viewIdResName: com.pekall.emdm.launcher:id/mdm_edit; checkable: false; checked: false; focusable: true; focused: false; selected: false; clickable: true; longClickable: true; enabled: true; password: false; scrollable: false; [ACTION_FOCUS, ACTION_SELECT, ACTION_CLEAR_SELECTION, ACTION_CLICK, ACTION_LONG_CLICK, ACTION_ACCESSIBILITY_FOCUS]]
05-22 13:52:31.096 I/QueryController(22889): Matched selector: UiSelector[TEXT=Please input email address] <<==>> [android.view.accessibility.AccessibilityNodeInfo@126e8; boundsInParent: Rect(0, 0 - 621, 76); boundsInScreen: Rect(49, 420 - 670, 496); packageName: com.pekall.emdm.launcher; className: android.widget.EditText; text: Please input email address; contentDescription: null; viewIdResName: com.pekall.emdm.launcher:id/mdm_edit; checkable: false; checked: false; focusable: true; focused: false; selected: false; clickable: true; longClickable: true; enabled: true; password: false; scrollable: false; [ACTION_FOCUS, ACTION_SELECT, ACTION_CLEAR_SELECTION, ACTION_CLICK, ACTION_LONG_CLICK, ACTION_ACCESSIBILITY_FOCUS]]
05-22 13:52:33.486 I/QueryController(22889): Matched selector: UiSelector[TEXT=Please input email address] <<==>> [android.view.accessibility.AccessibilityNodeInfo@126e8; boundsInParent: Rect(0, 0 - 621, 76); boundsInScreen: Rect(49, 420 - 670, 496); packageName: com.pekall.emdm.launcher; className: android.widget.EditText; text: Please input email address; contentDescription: null; viewIdResName: com.pekall.emdm.launcher:id/mdm_edit; checkable: false; checked: false; focusable: true; focused: true; selected: false; clickable: true; longClickable: true; enabled: true; password: false; scrollable: false; [ACTION_CLEAR_FOCUS, ACTION_SELECT, ACTION_CLEAR_SELECTION, ACTION_CLICK, ACTION_LONG_CLICK, ACTION_ACCESSIBILITY_FOCUS]]
05-22 13:52:35.994 D/dalvikvm(22889): GC_CONCURRENT freed 415K, 93% free 640K/8192K, paused 2ms+0ms, total 8ms
05-22 13:52:36.892 I/QueryController(22889): Matched selector: UiSelector[CLASS=android.widget.EditText, INSTANCE=2, ENABLED=true, COUNT=2] <<==>> [android.view.accessibility.AccessibilityNodeInfo@12aa9; boundsInParent: Rect(0, 0 - 621, 76); boundsInScreen: Rect(49, 560 - 670, 636); packageName: com.pekall.emdm.launcher; className: android.widget.EditText; text: null; contentDescription: null; viewIdResName: com.pekall.emdm.launcher:id/mdm_edit; checkable: false; checked: false; focusable: true; focused: false; selected: false; clickable: true; longClickable: true; enabled: true; password: true; scrollable: false; [ACTION_FOCUS, ACTION_SELECT, ACTION_CLEAR_SELECTION, ACTION_CLICK, ACTION_LONG_CLICK, ACTION_ACCESSIBILITY_FOCUS]]
05-22 13:52:36.908 I/QueryController(22889): Matched selector: UiSelector[CLASS=android.widget.EditText, INSTANCE=2, COUNT=2] <<==>> [android.view.accessibility.AccessibilityNodeInfo@12aa9; boundsInParent: Rect(0, 0 - 621, 76); boundsInScreen: Rect(49, 560 - 670, 636); packageName: com.pekall.emdm.launcher; className: android.widget.EditText; text: null; contentDescription: null; viewIdResName: com.pekall.emdm.launcher:id/mdm_edit; checkable: false; checked: false; focusable: true; focused: false; selected: false; clickable: true; longClickable: true; enabled: true; password: true; scrollable: false; [ACTION_FOCUS, ACTION_SELECT, ACTION_CLEAR_SELECTION, ACTION_CLICK, ACTION_LONG_CLICK, ACTION_ACCESSIBILITY_FOCUS]]
05-22 13:52:39.299 I/QueryController(22889): Matched selector: UiSelector[CLASS=android.widget.EditText, INSTANCE=2, COUNT=2] <<==>> [android.view.accessibility.AccessibilityNodeInfo@12aa9; boundsInParent: Rect(0, 0 - 621, 76); boundsInScreen: Rect(49, 560 - 670, 636); packageName: com.pekall.emdm.launcher; className: android.widget.EditText; text: null; contentDescription: null; viewIdResName: com.pekall.emdm.launcher:id/mdm_edit; checkable: false; checked: false; focusable: true; focused: true; selected: false; clickable: true; longClickable: true; enabled: true; password: true; scrollable: false; [ACTION_CLEAR_FOCUS, ACTION_SELECT, ACTION_CLEAR_SELECTION, ACTION_CLICK, ACTION_LONG_CLICK, ACTION_ACCESSIBILITY_FOCUS]]
05-22 13:52:42.806 I/QueryController(22889): Matched selector: UiSelector[TEXT=Login, CLASS=android.widget.Button] <<==>> [android.view.accessibility.AccessibilityNodeInfo@117e4; boundsInParent: Rect(0, 0 - 660, 96); boundsInScreen: Rect(30, 824 - 690, 920); packageName: com.pekall.emdm.launcher; className: android.widget.Button; text: Login; contentDescription: null; viewIdResName: com.pekall.emdm.launcher:id/ok_button; checkable: false; checked: false; focusable: true; focused: false; selected: false; clickable: true; longClickable: false; enabled: true; password: false; scrollable: false; [ACTION_FOCUS, ACTION_SELECT, ACTION_CLEAR_SELECTION, ACTION_CLICK, ACTION_ACCESSIBILITY_FOCUS, ACTION_NEXT_AT_MOVEMENT_GRANULARITY, ACTION_PREVIOUS_AT_MOVEMENT_GRANULARITY, ACTION_SET_SELECTION]]
05-22 13:52:42.806 D/InteractionController(22889): clickAndWaitForNewWindow(360, 872)
05-22 13:52:42.978 I/TransInfo(22964): TransInfo created, id: 9, class: class com.pekall.emdm.transaction.c.e
05-22 13:52:42.986 D/NetworkThread(22964): [null:-1]->----isRunning-----false
05-22 13:52:42.994 D/NetworkThread(22964): [null:-1]->----net work thread begin-----5392
05-22 13:52:42.994 D/NetworkThread(22964): [null:-1]->sendHttpGet: http://192.168.10.21/rest/mdm/v1/system/get_system_info?username=pekall
05-22 13:52:42.994 D/HttpClient(22964): enable apache.http debug
05-22 13:52:43.025 V/DEBUG   (22964): HTTP 0
05-22 13:52:43.150 D/MDM :   (22964): [null:-1]->statusCode : 200
05-22 13:52:43.158 D/MDM :   (22964): [null:-1]->statusCode : 200
05-22 13:52:43.158 V/DEBUG   (22964): HTTP 1
05-22 13:52:43.158 D/MDM :   (22964): [null:-1]->read network input stream
05-22 13:52:43.166 D/MDM :   (22964): [null:-1]->Get joson string: {"result":0,"systemInfo":{"comId":1,"serverVersion":"1.2","serverVersionCode":3}}
05-22 13:52:43.197 D/NetworkThread(22964): [null:-1]->clear mCurrentTransInfo
05-22 13:52:43.197 D/NetworkThread(22964): [null:-1]->queue is empty, thread wait...
05-22 13:52:43.306 D/MDM :   (22964): [null:-1]->handleMessage
05-22 13:52:43.353 I/TransInfo(22964): TransInfo created, id: 1, class: class com.pekall.emdm.transaction.c.f
05-22 13:52:43.361 D/NetworkThread(22964): [null:-1]->----isRunning-----true
05-22 13:52:43.361 D/NetworkThread(22964): [null:-1]->----isRunning-----true
05-22 13:52:43.361 D/NetworkThread(22964): [null:-1]->thread wakeup
05-22 13:52:43.361 D/NetworkThread(22964): [null:-1]->sendHttpPost:PostRequest, url: http://192.168.10.21/rest/mdm/v1/user/login_mdm, Params: [username:zhenhua.sang@pekall.com][password:123456][com_id:1], 
05-22 13:52:43.361 D/HttpClient(22964): enable apache.http debug
05-22 13:52:43.369 V/DEBUG   (22964): HTTP 0
05-22 13:52:43.510 D/MDM :   (22964): [null:-1]->statusCode : 200
05-22 13:52:43.510 D/MDM :   (22964): [null:-1]->statusCode : 200
05-22 13:52:43.510 V/DEBUG   (22964): HTTP 1
05-22 13:52:43.510 D/MDM :   (22964): [null:-1]->read network input stream
05-22 13:52:43.517 D/MDM :   (22964): [null:-1]->Get joson string: {"result":0,"userInfo":{"id":1134,"type":51302,"password":null,"status":51001,"roles":8,"comId":1,"isAdmin":0,"fullName":"","phone":"010-2222222","cellPhone":"12345678910","email":"zhenhua.sang@pekall.com","firstName":null,"lastName":null,"business":null,"im":null,"username":"zhenhua.sang@pekall.com","labelPath":null,"userKey":"uPVi3f5AIdavCrAT","token":"03c589e0a741b2aea48cbb1262d8b2dc1134","deleted":0,"updateTime":1398231202000,"createTime":1397549312000,"directLabelId":0,"isInLabel":1,"setPwd":0,"labels":null,"encrpPwd":null,"deviceNo":0,"new":false}}
05-22 13:52:43.564 I/System.out(22964): [cjx]initUserSecret,keyLength:16,DEK:[1400737963569,1400997163569]
05-22 13:52:43.564 I/System.out(22964): [cjx]to generate user KEK now,keyLength:32,algorithm:Rijndael256
05-22 13:52:43.689 I/System.out(22964): [cjx]blockSize:32
05-22 13:52:43.689 I/System.out(22964): [cjx]iv:[112, 101, 107, 97, 108, 108, 50, 48, 49, 52, 97, 101, 115, 99, 106, 120, 112, 101, 107, 97, 108, 108, 50, 48, 49, 52, 97, 101, 115, 99, 106, 120]
05-22 13:52:43.689 I/System.out(22964): [cjx]secret:[-94, 35, 21, 34, 6, -61, -108, -46, 6, 56, -82, 111, 24, -59, 0, -21, 43, -46, -16, 27, -76, 52, 9, 117, -69, 64, 55, -122, -120, -69, -38, 9]
05-22 13:52:43.705 I/System.out(22964): [cjx]successfully store userID:[B@43bb36c8
05-22 13:52:43.705 I/System.out(22964): [cjx]blockSize:32
05-22 13:52:43.705 I/System.out(22964): [cjx]iv:[112, 101, 107, 97, 108, 108, 50, 48, 49, 52, 97, 101, 115, 99, 106, 120, 112, 101, 107, 97, 108, 108, 50, 48, 49, 52, 97, 101, 115, 99, 106, 120]
05-22 13:52:43.713 I/System.out(22964): [cjx]secret:[-94, 35, 21, 34, 6, -61, -108, -46, 6, 56, -82, 111, 24, -59, 0, -21, 43, -46, -16, 27, -76, 52, 9, 117, -69, 64, 55, -122, -120, -69, -38, 9]
05-22 13:52:43.713 I/System.out(22964): [cjx]successfully store DEK.
05-22 13:52:43.713 D/NetworkThread(22964): [null:-1]->clear mCurrentTransInfo
05-22 13:52:43.713 D/NetworkThread(22964): [null:-1]->queue is empty, thread wait...
05-22 13:52:43.814 D/MDM :   (22964): [null:-1]->handleMessage
05-22 13:52:43.877 I/TransInfo(22964): TransInfo created, id: 8, class: class com.pekall.emdm.transaction.c.a
05-22 13:52:43.877 D/NetworkThread(22964): [null:-1]->----isRunning-----true
05-22 13:52:43.877 D/NetworkThread(22964): [null:-1]->----isRunning-----true
05-22 13:52:43.877 D/NetworkThread(22964): [null:-1]->thread wakeup
05-22 13:52:43.939 D/NetworkThread(22964): [null:-1]->sendHttpPost:PostRequest, url: http://192.168.10.21/rest/mdm/v1/device/check_device, Params: [mac:20:64:32:7a:19:48][imei:351554059027897][ios_uuid:00013fbc8ecec5b900000146227d1f99][os:51201], 
05-22 13:52:43.939 D/HttpClient(22964): enable apache.http debug
05-22 13:52:43.947 V/DEBUG   (22964): HTTP 0
05-22 13:52:44.205 D/dalvikvm(22964): JIT unchain all for threadid=11
05-22 13:52:44.556 D/dalvikvm(22964): JIT unchain all for threadid=11
05-22 13:52:44.580 D/dalvikvm(22964): GC_CONCURRENT freed 7197K, 21% free 27944K/35180K, paused 276ms+262ms, total 627ms
05-22 13:52:44.580 D/dalvikvm(22964): WAIT_FOR_CONCURRENT_GC blocked 307ms
05-22 13:52:44.728 D/MDM :   (22964): [null:-1]->statusCode : 200
05-22 13:52:44.728 D/MDM :   (22964): [null:-1]->statusCode : 200
05-22 13:52:44.728 V/DEBUG   (22964): HTTP 1
05-22 13:52:44.728 D/MDM :   (22964): [null:-1]->read network input stream
05-22 13:52:44.736 D/MDM :   (22964): [null:-1]->Get joson string: {"result":0,"deviceInfo":{"language":null,"id":449,"type":50701,"productName":"yakju","status":50001,"mac":"20:64:32:7a:19:48","comId":1,"userId":1134,"os":51201,"updateTime":1400737168000,"deviceDetail":null,"createTime":1397813424000,"deviceUuid":"00013fbc8ecec5b90000014622706459","sn":"","model":"Galaxy Nexus","iosUdid":"00013fbc8ecec5b90000014622706459","lastCheckin":1400737602000,"securityInfo":"{\"HardwareEncryptionCaps\":0,\"PasscodePresent\":false,\"PasscodeCompliant\":false,\"PasscodeCompliantWithProfiles\":true}","imei":"351554059027897","labelNames":null,"mdmUserInfo":null,"connect":1,"dvId":10435,"isRoot":null,"isPrison":null,"groupCount":0,"new":false}}
05-22 13:52:44.760 D/NetworkThread(22964): [null:-1]->clear mCurrentTransInfo
05-22 13:52:44.760 D/NetworkThread(22964): [null:-1]->queue is empty, thread wait...
05-22 13:52:44.814 D/dalvikvm(22889): GC_CONCURRENT freed 374K, 93% free 650K/8184K, paused 1ms+0ms, total 6ms
05-22 13:52:44.861 D/MDM :   (22964): [null:-1]->handleMessage
05-22 13:52:44.861 I/TransInfo(22964): TransInfo created, id: 2, class: class com.pekall.emdm.transaction.c.g
05-22 13:52:44.869 D/NetworkThread(22964): [null:-1]->----isRunning-----true
05-22 13:52:44.869 D/NetworkThread(22964): [null:-1]->----isRunning-----true
05-22 13:52:44.869 D/NetworkThread(22964): [null:-1]->thread wakeup
05-22 13:52:44.877 D/NetworkThread(22964): [null:-1]->sendHttpPost:PostRequest, url: http://192.168.10.21/rest/mdm/v1/device/register_device, Params: [device_uuid:00013fbc8ecec5b900000146227d1f99][os:51201][device_type:50701][dv_id:10435][sn:][mac:20:64:32:7a:19:48][imei:351554059027897], 
05-22 13:52:44.877 D/HttpClient(22964): enable apache.http debug
05-22 13:52:44.885 V/DEBUG   (22964): HTTP 0
05-22 13:52:45.674 D/dalvikvm(22889): GC_CONCURRENT freed 392K, 93% free 642K/8184K, paused 2ms+1ms, total 8ms
05-22 13:52:45.705 D/MDM :   (22964): [null:-1]->statusCode : 200
05-22 13:52:45.705 D/MDM :   (22964): [null:-1]->statusCode : 200
05-22 13:52:45.705 V/DEBUG   (22964): HTTP 1
05-22 13:52:45.705 D/MDM :   (22964): [null:-1]->read network input stream
05-22 13:52:45.713 D/MDM :   (22964): [null:-1]->Get joson string: {"result":0,"loginInfo":{"mdmPushServerInfoVo":{"id":0,"port":9090,"count":123,"ip":"test.mdm.everknow.cn","pushToken":"123456"},"profileUrl":null}}
05-22 13:52:45.783 W/Parcel  ( 1661): Attempt to read object from Parcel 0x6003bdac at offset 200 that is not in the object list
05-22 13:52:45.783 D/NetworkThread(22964): [null:-1]->clear mCurrentTransInfo
05-22 13:52:45.791 D/NetworkThread(22964): [null:-1]->queue is empty, thread wait...
05-22 13:52:45.791 D/MdmService(22964): [null:-1]->receiver action :com.pekall.mdm.action.MDM_REGISTERED
05-22 13:52:45.791 D/MdmService(22964): [null:-1]->correctAlarm
05-22 13:52:45.799 I/TransInfo(22964): TransInfo created, id: 5, class: class com.pekall.emdm.transaction.c.j
05-22 13:52:45.806 D/NetworkThread(22964): [null:-1]->----isRunning-----true
05-22 13:52:45.806 D/NetworkThread(22964): [null:-1]->----isRunning-----true
05-22 13:52:45.806 D/NetworkThread(22964): [null:-1]->thread wakeup
05-22 13:52:45.806 D/NetworkThread(22964): [null:-1]->sendHttpGet: http://192.168.10.21/rest/mdm/v1/device/trigger_cmd?device_uuid=00013fbc8ecec5b900000146227d1f99&cmd_types=10103
05-22 13:52:45.806 D/MdmService(22964): [null:-1]->keepAliveWithPushServer  client is null 
05-22 13:52:45.806 D/HttpClient(22964): enable apache.http debug
05-22 13:52:45.814 D/MdmService(22964): [null:-1]->pushUrl : ws://test.mdm.everknow.cn:9090/websocket
05-22 13:52:45.814 D/MDM :   (22964): [null:-1]->mMdmPushClient is :null
05-22 13:52:45.814 V/DEBUG   (22964): HTTP 0
05-22 13:52:45.822 D/MDM :   (22964): [null:-1]->mMdmPushClient opened :not opened
05-22 13:52:45.822 D/MDM :   (22964): [null:-1]->mMdmPushClient connect
05-22 13:52:45.830 D/MdmStatusManager(22964): [null:-1]->change status to : Busy
05-22 13:52:45.830 W/SQLiteOpenHelper(22964): Opened /data/data/com.pekall.emdm.launcher/databases/pekall_mdm.db
05-22 13:52:45.885 I/TransInfo(22964): TransInfo created, id: 3, class: class com.pekall.emdm.transaction.c.b
05-22 13:52:45.885 D/NetworkThread(22964): [null:-1]->----isRunning-----true
05-22 13:52:45.885 I/TransInfo(22964): TransInfo created, id: 9, class: class com.pekall.emdm.transaction.c.c
05-22 13:52:45.892 D/MdmService(22964): [null:-1]->keepAliveWithPushServer client is opened:false
05-22 13:52:45.892 D/MdmService(22964): [null:-1]->pushUrl : ws://test.mdm.everknow.cn:9090/websocket
05-22 13:52:45.892 D/MDM :   (22964): [null:-1]->mMdmPushClient is :not null
05-22 13:52:45.892 D/MDM :   (22964): [null:-1]->mMdmPushClient opened :not opened
05-22 13:52:45.892 D/MDM :   (22964): [null:-1]->mMdmPushClient connect
05-22 13:52:45.892 D/MdmService(22964): [null:-1]->MdmStatusManager is busy , wait......
05-22 13:52:45.892 I/TransInfo(22964): TransInfo created, id: 9, class: class com.pekall.emdm.transaction.c.c
05-22 13:52:45.908 D/MDM :   (22964): [null:-1]->handleMessage
05-22 13:52:45.924 W/Parcel  ( 1661): Attempt to read object from Parcel 0x6013bdac at offset 200 that is not in the object list
05-22 13:52:45.924 I/ActivityManager(  374): START u0 {flg=0x8000 cmp=com.pekall.emdm.launcher/.Launcher} from pid 22964
05-22 13:52:45.939 E/IMGSRV  (  124): :0: gralloc_device_free: Failed to free locked buffer 0x40f49750 (ID=13059)
05-22 13:52:45.939 W/GraphicBufferAllocator(  124): free(...) failed -14 (Bad address)
05-22 13:52:45.994 D/MDM :   (22964): [null:-1]->statusCode : 200
05-22 13:52:45.994 D/MDM :   (22964): [null:-1]->statusCode : 200
05-22 13:52:45.994 V/DEBUG   (22964): HTTP 1
05-22 13:52:45.994 D/MDM :   (22964): [null:-1]->read network input stream
05-22 13:52:46.002 D/MDM :   (22964): [null:-1]->Get joson string: {"result":0}
05-22 13:52:46.017 D/NetworkThread(22964): [null:-1]->clear mCurrentTransInfo
05-22 13:52:46.025 D/NetworkThread(22964): [null:-1]->sendHttpPost:PostRequest, url: http://192.168.10.21/rest/mdm/v1/ios/android_server, Params: [content:<?xml version="1.0" encoding="UTF-8"?>
05-22 13:52:46.025 D/NetworkThread(22964): <!DOCTYPE plist PUBLIC "-//Apple//DTD PLIST 1.0//EN" "http://www.apple.com/DTDs/PropertyList-1.0.dtd">
05-22 13:52:46.025 D/NetworkThread(22964): <plist version="1.0">
05-22 13:52:46.025 D/NetworkThread(22964): <dict>
05-22 13:52:46.025 D/NetworkThread(22964): 	<key>Status</key>
05-22 13:52:46.025 D/NetworkThread(22964): 	<string>Idle</string>
05-22 13:52:46.025 D/NetworkThread(22964): 	<key>UDID</key>
05-22 13:52:46.025 D/NetworkThread(22964): 	<string>00013fbc8ecec5b900000146227d1f99</string>
05-22 13:52:46.025 D/NetworkThread(22964): </dict>
05-22 13:52:46.025 D/NetworkThread(22964): </plist>], 
05-22 13:52:46.025 D/HttpClient(22964): enable apache.http debug
05-22 13:52:46.033 V/DEBUG   (22964): HTTP 0
05-22 13:52:46.080 D/dalvikvm(  374): GC_FOR_ALLOC freed 1593K, 25% free 23052K/30504K, paused 110ms, total 112ms
05-22 13:52:46.088 W/WindowManager(  374): Token{426360f0 ActivityRecord{42946c98 u0 com.pekall.emdm.launcher/.Launcher}} failed creating starting window
05-22 13:52:46.088 W/WindowManager(  374): android.view.InflateException: Binary XML file line #34: Error inflating class <unknown>
05-22 13:52:46.088 W/WindowManager(  374): 	at android.view.LayoutInflater.createView(LayoutInflater.java:620)
05-22 13:52:46.088 W/WindowManager(  374): 	at com.android.internal.policy.impl.PhoneLayoutInflater.onCreateView(PhoneLayoutInflater.java:56)
05-22 13:52:46.088 W/WindowManager(  374): 	at android.view.LayoutInflater.onCreateView(LayoutInflater.java:669)
05-22 13:52:46.088 W/WindowManager(  374): 	at android.view.LayoutInflater.createViewFromTag(LayoutInflater.java:694)
05-22 13:52:46.088 W/WindowManager(  374): 	at android.view.LayoutInflater.rInflate(LayoutInflater.java:755)
05-22 13:52:46.088 W/WindowManager(  374): 	at android.view.LayoutInflater.inflate(LayoutInflater.java:492)
05-22 13:52:46.088 W/WindowManager(  374): 	at android.view.LayoutInflater.inflate(LayoutInflater.java:397)
05-22 13:52:46.088 W/WindowManager(  374): 	at android.view.LayoutInflater.inflate(LayoutInflater.java:353)
05-22 13:52:46.088 W/WindowManager(  374): 	at com.android.internal.policy.impl.PhoneWindow.generateLayout(PhoneWindow.java:2823)
05-22 13:52:46.088 W/WindowManager(  374): 	at com.android.internal.policy.impl.PhoneWindow.installDecor(PhoneWindow.java:2886)
