05-22 13:56:44.947 V/CounterTextView(22964): draw
05-22 13:56:44.955 V/CounterTextView(22964): count = 1
05-22 13:56:44.955 D/MDM :   (22964): [null:-1]->zzzzz   getWidth() 160
05-22 13:56:44.955 D/MDM :   (22964): [null:-1]->zzzzz   ------------------mWidthTemp >getWidth()() 
05-22 13:56:44.963 V/CounterTextView(22964): xxxxxxx   136
05-22 13:56:45.080 D/MdmDatabaseHelper(22964): [null:-1]->update command 596c1fe1-159b-489e-9076-5898d326ad2a to commandStatus <?xml version="1.0" encoding="UTF-8"?>
05-22 13:56:45.080 D/MdmDatabaseHelper(22964): <!DOCTYPE plist PUBLIC "-//Apple//DTD PLIST 1.0//EN" "http://www.apple.com/DTDs/PropertyList-1.0.dtd">
05-22 13:56:45.080 D/MdmDatabaseHelper(22964): <plist version="1.0">
05-22 13:56:45.080 D/MdmDatabaseHelper(22964): <dict>
05-22 13:56:45.080 D/MdmDatabaseHelper(22964): 	<key>CommandUUID</key>
05-22 13:56:45.080 D/MdmDatabaseHelper(22964): 	<string>596c1fe1-159b-489e-9076-5898d326ad2a</string>
05-22 13:56:45.080 D/MdmDatabaseHelper(22964): 	<key>Status</key>
05-22 13:56:45.080 D/MdmDatabaseHelper(22964): 	<string>Acknowledged</string>
05-22 13:56:45.080 D/MdmDatabaseHelper(22964): 	<key>UDID</key>
05-22 13:56:45.080 D/MdmDatabaseHelper(22964): 	<string>00013fbc8ecec5b900000146227d1f99</string>
05-22 13:56:45.080 D/MdmDatabaseHelper(22964): </dict>
05-22 13:56:45.080 D/MdmDatabaseHelper(22964): </plist>
05-22 13:56:45.205 I/TransInfo(22964): TransInfo created, id: 3, class: class com.pekall.emdm.transaction.c.b
05-22 13:56:45.205 D/NetworkThread(22964): [null:-1]->----isRunning-----true
05-22 13:56:45.205 D/NetworkThread(22964): [null:-1]->----isRunning-----true
05-22 13:56:45.205 D/NetworkThread(22964): [null:-1]->thread wakeup
05-22 13:56:45.205 D/NetworkThread(22964): [null:-1]->sendHttpPost:PostRequest, url: http://192.168.10.21/rest/mdm/v1/ios/android_server, Params: [content:<?xml version="1.0" encoding="UTF-8"?>
05-22 13:56:45.205 D/NetworkThread(22964): <!DOCTYPE plist PUBLIC "-//Apple//DTD PLIST 1.0//EN" "http://www.apple.com/DTDs/PropertyList-1.0.dtd">
05-22 13:56:45.205 D/NetworkThread(22964): <plist version="1.0">
05-22 13:56:45.205 D/NetworkThread(22964): <dict>
05-22 13:56:45.205 D/NetworkThread(22964): 	<key>CommandUUID</key>
05-22 13:56:45.205 D/NetworkThread(22964): 	<string>596c1fe1-159b-489e-9076-5898d326ad2a</string>
05-22 13:56:45.205 D/NetworkThread(22964): 	<key>Status</key>
05-22 13:56:45.205 D/NetworkThread(22964): 	<string>Acknowledged</string>
05-22 13:56:45.205 D/NetworkThread(22964): 	<key>UDID</key>
05-22 13:56:45.205 D/NetworkThread(22964): 	<string>00013fbc8ecec5b900000146227d1f99</string>
05-22 13:56:45.205 D/NetworkThread(22964): </dict>
05-22 13:56:45.205 D/NetworkThread(22964): </plist>], 
05-22 13:56:45.205 D/HttpClient(22964): enable apache.http debug
05-22 13:56:45.221 V/DEBUG   (22964): HTTP 0
05-22 13:56:45.736 D/MDM :   (22964): [null:-1]->statusCode : 200
05-22 13:56:45.744 D/MDM :   (22964): [null:-1]->statusCode : 200
05-22 13:56:45.744 V/DEBUG   (22964): HTTP 1
05-22 13:56:45.760 D/MDM :   (22964): [null:-1]->read network input stream
05-22 13:56:45.760 D/MDM :   (22964): [null:-1]->Get joson string: <?xml version="1.0" encoding="UTF-8"?>
05-22 13:56:45.760 D/MDM :   (22964): <!DOCTYPE plist PUBLIC "-//Apple//DTD PLIST 1.0//EN" "http://www.apple.com/DTDs/PropertyList-1.0.dtd">
05-22 13:56:45.760 D/MDM :   (22964): <plist version="1.0">
05-22 13:56:45.760 D/MDM :   (22964): <dict>
05-22 13:56:45.760 D/MDM :   (22964): 	<key>CommandUUID</key>
05-22 13:56:45.760 D/MDM :   (22964): 	<string>9b2a588d-c688-4911-8280-b6ff5e9cf5f0</string>
05-22 13:56:45.760 D/MDM :   (22964): 	<key>Command</key>
05-22 13:56:45.760 D/MDM :   (22964): 	<dict>
05-22 13:56:45.760 D/MDM :   (22964): 		<key>RequestType</key>
05-22 13:56:45.760 D/MDM :   (22964): 		<string>Location</string>
05-22 13:56:45.760 D/MDM :   (22964): 	</dict>
05-22 13:56:45.760 D/MDM :   (22964): </dict>
05-22 13:56:45.760 D/MDM :   (22964): </plist>
05-22 13:56:45.767 D/MdmDatabaseHelper(22964): [null:-1]->update command 596c1fe1-159b-489e-9076-5898d326ad2a to status executed
05-22 13:56:45.799 D/CheckInTransInfo(22964): [null:-1]->CommandMsg : CommandMsg{CommandUUID='9b2a588d-c688-4911-8280-b6ff5e9cf5f0', Command=CommandObject{RequestType='Location'}}
05-22 13:56:45.822 D/NetworkThread(22964): [null:-1]->clear mCurrentTransInfo
05-22 13:56:45.822 D/NetworkThread(22964): [null:-1]->queue is empty, thread wait...
05-22 13:56:45.924 D/MdmService(22964): [null:-1]->handleCheckInResult
05-22 13:56:45.924 D/MdmService(22964): [null:-1]->handleCheckInResult result keyIndex: 3
05-22 13:56:45.924 D/CommandManager(22964): [null:-1]->execute command: CommandMsg{CommandUUID='9b2a588d-c688-4911-8280-b6ff5e9cf5f0', Command=CommandObject{RequestType='Location'}}
05-22 13:56:45.955 W/Parcel  ( 1661): Attempt to read object from Parcel 0x6013bdac at offset 200 that is not in the object list
05-22 13:56:45.955 D/MdmService(22964): [null:-1]->receiver action :com.pekall.mdm.action.LOCATION
05-22 13:56:45.971 I/ActivityManager(  374): Start proc com.pekall.emdm.launcher:remote for service com.pekall.emdm.launcher/com.baidu.location.f: pid=23544 uid=10066 gids={50066, 1015, 3002, 3001, 3003, 1028}
05-22 13:56:45.978 D/dalvikvm(23544): Late-enabling CheckJNI
05-22 13:56:46.072 V/MyServiceConnection(23544): [SConnection] sandbox service is NOT installed.
05-22 13:56:46.080 V/MyServiceConnection(23544): [SConnection] binding service: pekall.intent.action.SANDBOX_SERVICE
05-22 13:56:46.080 D/ScClassLoader(23544): >> SOURCE FILE: /data/data/com.pekall.emdm.launcher/app_jars/sc-jdk15on-1.47.0.2.dex.jar
05-22 13:56:46.166 D/dalvikvm(23544): GC_CONCURRENT freed 115K, 2% free 9319K/9472K, paused 10ms+2ms, total 54ms
05-22 13:56:46.166 D/dalvikvm(23544): WAIT_FOR_CONCURRENT_GC blocked 22ms
05-22 13:56:46.174 D/dalvikvm(23544): WAIT_FOR_CONCURRENT_GC blocked 18ms
05-22 13:56:46.197 W/Parcel  ( 1661): Attempt to read object from Parcel 0x5ded3dac at offset 200 that is not in the object list
05-22 13:56:46.205 W/Parcel  ( 1661): Attempt to read object from Parcel 0x6003bdac at offset 200 that is not in the object list
05-22 13:56:46.205 D/Email   (23544): Email: init sandbox at the beginning.
05-22 13:56:46.205 V/MyServiceConnection(23544): [SConnection] retry to bind service
05-22 13:56:46.205 V/MyServiceConnection(23544): [SConnection] sandbox service is NOT installed.
05-22 13:56:46.205 V/MyServiceConnection(23544): [SConnection] binding service: pekall.intent.action.SANDBOX_SERVICE
05-22 13:56:46.228 V/MyServiceConnection(23544): [SConnection] retry to bind service
05-22 13:56:46.228 V/MyServiceConnection(23544): [SConnection] sandbox service is NOT installed.
05-22 13:56:46.228 V/MyServiceConnection(23544): [SConnection] binding service: pekall.intent.action.SANDBOX_SERVICE
05-22 13:56:46.236 V/l       (23544): Bind requested for task setLogging
05-22 13:56:46.338 D/dalvikvm(23544): GC_CONCURRENT freed 255K, 3% free 9578K/9872K, paused 15ms+11ms, total 61ms
05-22 13:56:46.338 D/dalvikvm(23544): WAIT_FOR_CONCURRENT_GC blocked 20ms
05-22 13:56:46.338 D/dalvikvm(23544): WAIT_FOR_CONCURRENT_GC blocked 18ms
05-22 13:56:46.338 D/dalvikvm(23544): WAIT_FOR_CONCURRENT_GC blocked 19ms
05-22 13:56:46.346 D/dalvikvm(23544): WAIT_FOR_CONCURRENT_GC blocked 20ms
05-22 13:56:46.353 W/DocumentManager(23544): Sandbox service is not connected.
05-22 13:56:46.353 D/MessageControllerImpl(23544): controller is null
05-22 13:56:46.353 V/MyServiceConnection(23544): [SConnection] retry to bind service
05-22 13:56:46.353 V/MyServiceConnection(23544): [SConnection] sandbox service is NOT installed.
05-22 13:56:46.353 V/MyServiceConnection(23544): [SConnection] binding service: pekall.intent.action.SANDBOX_SERVICE
05-22 13:56:46.353 W/SQLiteOpenHelper(23544): Opened /data/data/com.pekall.emdm.launcher/databases/message.db
05-22 13:56:46.361 W/dalvikvm(23544): No implementation found for native Lcom/pekall/sandbox/database/sqlite/SQLiteDatabase;.native_setSqliteSoftHeapLimit:(I)V
05-22 13:56:46.361 D/AndroidRuntime(23544): Shutting down VM
05-22 13:56:46.361 W/dalvikvm(23544): threadid=1: thread exiting with uncaught exception (group=0x419c8700)
05-22 13:56:46.361 D/        (23544): [---null: -1---]  Thread is main
05-22 13:56:46.361 W/System.err(23544): java.lang.UnsatisfiedLinkError: Native method not found: com.pekall.sandbox.database.sqlite.SQLiteDatabase.native_setSqliteSoftHeapLimit:(I)V
05-22 13:56:46.361 W/System.err(23544): 	at com.pekall.sandbox.database.sqlite.SQLiteDatabase.native_setSqliteSoftHeapLimit(Native Method)
05-22 13:56:46.361 W/System.err(23544): 	at com.pekall.sandbox.database.sqlite.SQLiteDatabase.<init>(Unknown Source)
05-22 13:56:46.369 W/System.err(23544): 	at com.pekall.sandbox.database.sqlite.SQLiteDatabase.openDatabase(Unknown Source)
05-22 13:56:46.369 W/System.err(23544): 	at com.pekall.sandbox.database.sqlite.SQLiteDatabase.openDatabase(Unknown Source)
05-22 13:56:46.369 W/System.err(23544): 	at com.pekall.sandbox.database.sqlite.SQLiteDatabase.openDatabase(Unknown Source)
05-22 13:56:46.369 W/System.err(23544): 	at com.pekall.sandbox.database.sqlite.SQLiteOpenHelper.getWritableDatabase(Unknown Source)
05-22 13:56:46.369 W/System.err(23544): 	at com.pekall.emdm.messagecenter.db.a.a(Unknown Source)
05-22 13:56:46.369 W/System.err(23544): 	at com.pekall.emdm.messagecenter.db.a.b(Unknown Source)
05-22 13:56:46.369 W/System.err(23544): 	at com.pekall.emdm.messagecenter.activity.a.onCreate(Unknown Source)
05-22 13:56:46.369 W/System.err(23544): 	at com.pekall.emdm.launcher.LauncherApplication.onCreate(Unknown Source)
05-22 13:56:46.369 W/System.err(23544): 	at android.app.Instrumentation.callApplicationOnCreate(Instrumentation.java:1007)
05-22 13:56:46.369 W/System.err(23544): 	at android.app.ActivityThread.handleBindApplication(ActivityThread.java:4444)
05-22 13:56:46.369 W/System.err(23544): 	at android.app.ActivityThread.access$1300(ActivityThread.java:141)
05-22 13:56:46.369 W/System.err(23544): 	at android.app.ActivityThread$H.handleMessage(ActivityThread.java:1316)
05-22 13:56:46.369 W/System.err(23544): 	at android.os.Handler.dispatchMessage(Handler.java:99)
05-22 13:56:46.369 W/System.err(23544): 	at android.os.Looper.loop(Looper.java:137)
05-22 13:56:46.369 W/System.err(23544): 	at android.app.ActivityThread.main(ActivityThread.java:5103)
05-22 13:56:46.369 W/System.err(23544): 	at java.lang.reflect.Method.invokeNative(Native Method)
05-22 13:56:46.369 W/System.err(23544): 	at java.lang.reflect.Method.invoke(Method.java:525)
05-22 13:56:46.369 W/System.err(23544): 	at com.android.internal.os.ZygoteInit$MethodAndArgsCaller.run(ZygoteInit.java:737)
05-22 13:56:46.369 W/System.err(23544): 	at com.android.internal.os.ZygoteInit.main(ZygoteInit.java:553)
05-22 13:56:46.369 W/System.err(23544): 	at dalvik.system.NativeStart.main(Native Method)
05-22 13:56:46.478 D/ExchangeService(22964): !!! EAS ExchangeService, onCreate
05-22 13:56:46.510 D/ActivityThread(23544): Loading provider com.pekall.semail.provider;com.pekall.semail.notifier: com.pekall.semail.provider.EmailProvider
05-22 13:56:47.580 W/Parcel  ( 1661): Attempt to read object from Parcel 0x5dfd3dac at offset 200 that is not in the object list
05-22 13:56:47.580 D/ActivityThread(23544): Loading provider com.pekall.semail.provider;com.pekall.semail.notifier: com.pekall.semail.provider.EmailProvider
05-22 13:56:47.588 D/ExchangeService(22964): !!! EAS ExchangeService, onStartCommand, startingUp = false, running = false
05-22 13:56:47.588 D/ExchangeService(22964): to start secureStorageService now
05-22 13:56:47.627 V/a       (22964): Bind requested for task test
05-22 13:56:47.806 D/ExchangeService(22964): Reconciling accounts...
05-22 13:56:47.806 V/a       (22964): Bind requested for task reconcileAccounts
05-22 13:56:47.806 V/a       (22964): Connected: com.pekall.semail.service.AccountServiceInternal
05-22 13:56:47.822 V/a       (22964): Connection test succeeded in 195ms
05-22 13:56:47.822 V/a       (22964): Task test completed; disconnecting
05-22 13:56:47.846 D/dalvikvm(20874): GC_CONCURRENT freed 386K, 5% free 9529K/9968K, paused 1ms+1ms, total 1877ms
05-22 13:56:47.892 V/a       (22964): Waiting for task reconcileAccounts to complete...
05-22 13:56:47.892 V/a       (22964): Connected: com.pekall.semail.service.AccountServiceInternal
05-22 13:56:47.916 V/a       (22964): Task reconcileAccounts completed; disconnecting
05-22 13:56:47.931 V/a       (22964): Wait for reconcileAccounts finished in 42ms
05-22 13:56:47.947 D/dalvikvm(23544): GC_CONCURRENT freed 483K, 6% free 9482K/10008K, paused 3ms+4ms, total 49ms
05-22 13:56:48.080 D/ExchangeService(22964): !!! EAS ExchangeService, stopping self
05-22 13:56:48.353 W/EmailProvider(23544): restoreIfNeeded...
05-22 13:56:48.416 D/EmailProvider(23544): restoreAccounts...
05-22 13:56:49.986 W/dalvikvm(23544): threadid=5: spin on suspend #1 threadid=14 (pcf=0)
05-22 13:56:49.986 D/dalvikvm(23544): Temporarily moving tid 23564 to fg (was 0)
05-22 13:56:49.986 D/dalvikvm(23544): Temporarily raised priority on tid 23564 (10 -> 0)
05-22 13:56:49.994 W/dalvikvm(23544): threadid=5: spin on suspend resolved in 1004 msec
05-22 13:56:49.994 D/dalvikvm(23544): Restored policy of 23564 to 0
05-22 13:56:49.994 D/dalvikvm(23544): Restored priority on 23564 to 10
05-22 13:56:51.463 D/EmailProvider(23544): No accounts to restore...
05-22 13:56:51.478 D/EmailProvider(23544): Deleting orphans...
05-22 13:56:51.853 D/EmailProvider(23544): EmailProvider pre-caching...
05-22 13:56:52.228 D/EmailProvider(23544): EmailProvider ready.
05-22 13:56:52.306 W/ActivityManager(  374): Unable to start service Intent { cmp=com.pekall.emdm.launcher/com.pekall.semail.service.AttachmentDownloadService } U=0: not found
05-22 13:56:52.361 I/Email   (23544): Notifications being toggled: false
05-22 13:56:59.580 D/LightsService(  374): Excessive delay setting light: 67ms
05-22 13:57:00.994 W/Parcel  ( 1661): Attempt to read object from Parcel 0x5ec3bdac at offset 200 that is not in the object list
05-22 13:57:02.314 D/dalvikvm( 1661): GC_CONCURRENT freed 1243K, 18% free 13091K/15888K, paused 2ms+25ms, total 119ms
05-22 13:57:02.900 W/MountService(  374): getVolumeState(/storage/emulated/0/external_sd): Unknown volume
05-22 13:57:02.916 W/MountService(  374): getVolumeState(/mnt/sdcard-ext): Unknown volume
05-22 13:57:02.916 W/MountService(  374): getVolumeState(/mnt/ext_sdcard): Unknown volume
05-22 13:57:02.924 W/MountService(  374): getVolumeState(/mnt/sdcard2): Unknown volume
05-22 13:57:02.931 W/MountService(  374): getVolumeState(/mnt/emmc): Unknown volume
05-22 13:57:02.931 W/MountService(  374): getVolumeState(/mnt/extSdCard): Unknown volume
05-22 13:57:02.939 W/MountService(  374): getVolumeState(/mnt/sdcard/SD_CARD): Unknown volume
05-22 13:57:02.947 W/MountService(  374): getVolumeState(/mnt/sdcard/extra_sd): Unknown volume
05-22 13:57:02.971 W/MountService(  374): getVolumeState(/mnt/extrasd_bind): Unknown volume
05-22 13:57:02.971 W/MountService(  374): getVolumeState(/mnt/sdcard/ext_sd): Unknown volume
05-22 13:57:03.049 W/MountService(  374): getVolumeState(/storage/extSdCard): Unknown volume
05-22 13:57:03.072 W/MountService(  374): getVolumeState(/storage/sdcard1): Unknown volume
05-22 13:57:03.072 W/MountService(  374): getVolumeState(/mnt/sdcard/external_SD): Unknown volume
05-22 13:57:03.072 W/MountService(  374): getVolumeState(/mnt/sdcard/external_sd): Unknown volume
05-22 13:57:04.103 D/dalvikvm( 1468): GC_CONCURRENT freed 580K, 20% free 10060K/12512K, paused 27ms+488ms, total 1671ms
05-22 13:57:04.103 D/dalvikvm( 1468): WAIT_FOR_CONCURRENT_GC blocked 680ms
05-22 13:57:04.135 D/dalvikvm( 1468): WAIT_FOR_CONCURRENT_GC blocked 632ms
05-22 13:57:05.408 I/PowerManagerService(  374): Going to sleep due to screen timeout...
05-22 13:57:06.033 W/ActivityManager(  374): Timeout executing service: ServiceRecord{42f9c6a8 u0 com.pekall.emdm.launcher/com.baidu.location.f}
05-22 13:57:06.041 I/Process (  374): Sending signal. PID: 23544 SIG: 3
05-22 13:57:06.041 I/dalvikvm(23544): threadid=3: reacting to signal 3
05-22 13:57:06.189 D/LauncherApplication(22964): [null:-1]->onActivityPaused
05-22 13:57:06.205 D/LauncherApplication(22964): [null:-1]->onActivityPaused  updateTime
05-22 13:57:06.236 I/Process (  374): Sending signal. PID: 374 SIG: 3
05-22 13:57:06.236 I/dalvikvm(  374): threadid=3: reacting to signal 3
05-22 13:57:06.291 D/dalvikvm(23544): JIT unchain all for threadid=11
05-22 13:57:06.502 I/dalvikvm(23544): Wrote stack traces to '/data/anr/traces.txt'
05-22 13:57:09.869 I/dalvikvm(  374): Wrote stack traces to '/data/anr/traces.txt'
05-22 13:57:09.869 I/PowerManagerService(  374): Waking up from sleep...
05-22 13:57:09.892 I/Process (  374): Sending signal. PID: 448 SIG: 3
05-22 13:57:09.892 I/dalvikvm(  448): threadid=3: reacting to signal 3
05-22 13:57:09.900 I/Process (  374): Sending signal. PID: 561 SIG: 3
05-22 13:57:09.900 I/dalvikvm(  561): threadid=3: reacting to signal 3
05-22 13:57:09.924 D/SurfaceFlinger(  124): Screen released, type=0 flinger=0x40e95478
05-22 13:57:10.002 I/dalvikvm(  561): Wrote stack traces to '/data/anr/traces.txt'
05-22 13:57:10.002 I/Process (  374): Sending signal. PID: 568 SIG: 3
05-22 13:57:10.002 I/dalvikvm(  568): threadid=3: reacting to signal 3
05-22 13:57:10.080 I/dalvikvm(  568): Wrote stack traces to '/data/anr/traces.txt'
05-22 13:57:10.096 D/dalvikvm( 1661): GC_EXPLICIT freed 99K, 18% free 13039K/15888K, paused 2ms+5ms, total 174ms
05-22 13:57:10.572 D/PowerManagerService-JNI(  374): Excessive delay in autosuspend_enable() while turning screen off: 624ms
05-22 13:57:10.580 W/ProcessStats(  374): Skipping unknown process pid 20802
05-22 13:57:10.603 W/ProcessStats(  374): Skipping unknown process pid 21862
05-22 13:57:10.791 D/dalvikvm(  374): GC_CONCURRENT freed 2994K, 23% free 23666K/30504K, paused 16ms+12ms, total 158ms
05-22 13:57:10.791 D/dalvikvm(  374): WAIT_FOR_CONCURRENT_GC blocked 115ms
05-22 13:57:10.986 D/dalvikvm(  374): GC_EXPLICIT freed 80K, 23% free 23586K/30504K, paused 4ms+11ms, total 194ms
05-22 13:57:11.056 D/PowerManagerService-JNI(  374): Excessive delay in autosuspend_disable() while turning screen on: 353ms
05-22 13:57:11.056 D/SurfaceFlinger(  124): Screen acquired, type=0 flinger=0x40e95478
05-22 13:57:11.127 I/dalvikvm(  448): Wrote stack traces to '/data/anr/traces.txt'
05-22 13:57:11.447 D/SurfaceControl(  374): Excessive delay in unblankDisplay() while turning screen on: 390ms
05-22 13:57:11.760 I/Process (  374): Sending signal. PID: 22964 SIG: 3
05-22 13:57:11.760 I/dalvikvm(22964): threadid=3: reacting to signal 3
05-22 13:57:11.963 I/Process (  374): Sending signal. PID: 1468 SIG: 3
05-22 13:57:11.986 I/dalvikvm( 1468): threadid=3: reacting to signal 3
05-22 13:57:12.010 D/dalvikvm(22964): JIT unchain all for threadid=11
05-22 13:57:12.166 I/Process (  374): Sending signal. PID: 20874 SIG: 3
05-22 13:57:12.166 I/dalvikvm(20874): threadid=3: reacting to signal 3
05-22 13:57:12.174 I/dalvikvm(22964): Wrote stack traces to '/data/anr/traces.txt'
05-22 13:57:12.244 E/ActivityManager(  374): ANR in com.pekall.emdm.launcher:remote
05-22 13:57:12.244 E/ActivityManager(  374): Reason: Executing service com.pekall.emdm.launcher/com.baidu.location.f
05-22 13:57:12.244 E/ActivityManager(  374): Load: 3.24 / 2.83 / 2.34
05-22 13:57:12.244 E/ActivityManager(  374): CPU usage from 1036ms to -6146ms ago:
05-22 13:57:12.244 E/ActivityManager(  374):   66% 23544/com.pekall.emdm.launcher:remote: 66% user + 0% kernel / faults: 117 minor
05-22 13:57:12.244 E/ActivityManager(  374):   65% 22964/com.pekall.emdm.launcher: 65% user + 0.5% kernel / faults: 297 minor
05-22 13:57:12.244 E/ActivityManager(  374):   24% 374/system_server: 17% user + 6.9% kernel / faults: 1084 minor
05-22 13:57:12.244 E/ActivityManager(  374):   21% 23529/uiautomator: 12% user + 8.6% kernel / faults: 375 minor
05-22 13:57:12.244 E/ActivityManager(  374):   13% 448/com.android.systemui: 13% user + 0.4% kernel / faults: 87 minor
05-22 13:57:12.244 E/ActivityManager(  374):   2% 124/surfaceflinger: 0.5% user + 1.5% kernel / faults: 5149 minor
05-22 13:57:12.244 E/ActivityManager(  374):   1.8% 1661/com.qihoo360.mobilesafe:GuardService: 1.6% user + 0.1% kernel / faults: 170 minor
05-22 13:57:12.244 E/ActivityManager(  374):   1.3% 1468/com.qihoo.daemon: 0.9% user + 0.4% kernel / faults: 781 minor
05-22 13:57:12.244 E/ActivityManager(  374):   0.8% 561/com.android.phone: 0.5% user + 0.2% kernel / faults: 32 minor
05-22 13:57:12.244 E/ActivityManager(  374):   0.1% 568/com.android.nfc: 0% user + 0% kernel / faults: 28 minor
05-22 13:57:12.244 E/ActivityManager(  374):   0.2% 20874/com.qihoo.appstore: 0% user + 0.2% kernel / faults: 5 minor
05-22 13:57:12.244 E/ActivityManager(  374):   0.1% 21284/kworker/u:0: 0% user + 0.1% kernel
05-22 13:57:12.244 E/ActivityManager(  374):   0% 82/mmcqd/0: 0% user + 0% kernel
05-22 13:57:12.244 E/ActivityManager(  374):   0.1% 135/adbd: 0% user + 0.1% kernel
05-22 13:57:12.244 E/ActivityManager(  374):   0.1% 21353/kworker/0:1: 0% user + 0.1% kernel
05-22 13:57:12.244 E/ActivityManager(  374):   0.1% 22215/kworker/u:5: 0% user + 0.1% kernel
05-22 13:57:12.244 E/ActivityManager(  374):   0% 22963/kworker/u:6: 0% user + 0% kernel
05-22 13:57:12.244 E/ActivityManager(  374): 99% TOTAL: 89% user + 10% kernel
05-22 13:57:12.244 E/ActivityManager(  374): CPU usage from 4948ms to 5561ms later:
05-22 13:57:12.244 E/ActivityManager(  374):   74% 23544/com.pekall.emdm.launcher:remote: 74% user + 0% kernel
05-22 13:57:12.244 E/ActivityManager(  374):     72% 23557/Thread-5382: 72% user + 0% kernel
05-22 13:57:12.244 E/ActivityManager(  374):   51% 22964/com.pekall.emdm.launcher: 51% user + 0% kernel / faults: 1 minor
05-22 13:57:12.244 E/ActivityManager(  374):     51% 22977/Thread-5352: 51% user + 0% kernel
05-22 13:57:12.244 E/ActivityManager(  374):   40% 448/com.android.systemui: 40% user + 0% kernel / faults: 27 minor
05-22 13:57:12.244 E/ActivityManager(  374):     31% 448/ndroid.systemui: 31% user + 0% kernel
05-22 13:57:12.244 E/ActivityManager(  374):     4.6% 453/GC: 4.6% user + 0% kernel
05-22 13:57:12.244 E/ActivityManager(  374):     1.5% 454/Signal Catcher: 1.5% user + 0% kernel
05-22 13:57:12.244 E/ActivityManager(  374):     1.5% 457/Compiler: 1.5% user + 0% kernel
05-22 13:57:12.244 E/ActivityManager(  374):     1.5% 4671/Binder_6: 1.5% user + 0% kernel
05-22 13:57:12.244 E/ActivityManager(  374):   17% 374/system_server: 4.7% user + 12% kernel / faults: 28 minor
05-22 13:57:12.244 E/ActivityManager(  374):     15% 390/ActivityManager: 3.1% user + 12% kernel
05-22 13:57:12.244 E/ActivityManager(  374):     3.1% 386/SensorService: 1.5% user + 1.5% kernel
05-22 13:57:12.244 E/ActivityManager(  374):     1.5% 380/Compiler: 1.5% user + 0% kernel
05-22 13:57:12.244 E/ActivityManager(  374):     1.5% 602/Binder_6: 1.5% user + 0% kernel
05-22 13:57:12.244 E/ActivityManager(  374):   4.5% 23529/uiautomator: 1.8% user + 2.7% kernel / faults: 133 minor
05-22 13:57:12.244 E/ActivityManager(  374):     2.7% 23529/uiautomator: 0.9% user + 1.8% kernel
05-22 13:57:12.244 E/ActivityManager(  374):     0.9% 23538/Binder_2: 0.9% user + 0% kernel
05-22 13:57:12.244 E/ActivityManager(  374):     0.9% 23573/Binder_4: 0.9% user + 0% kernel
05-22 13:57:12.244 E/ActivityManager(  374):   3% 1468/com.qihoo.daemon: 3% user + 0% kernel / faults: 75 minor
05-22 13:57:12.244 E/ActivityManager(  374):   0.6% 124/surfaceflinger: 0% user + 0.6% kernel
05-22 13:57:12.244 E/ActivityManager(  374):   0.7% 561/com.android.phone: 0.7% user + 0% kernel / faults: 1 minor
05-22 13:57:12.244 E/ActivityManager(  374):   0.8% 20874/com.qihoo.appstore: 0% user + 0.8% kernel
05-22 13:57:12.244 E/ActivityManager(  374): 100% TOTAL: 90% user + 9% kernel
05-22 13:57:12.252 W/ActivityManager(  374): Killing ProcessRecord{42994e90 23544:com.pekall.emdm.launcher:remote/u0a10066}: background ANR
05-22 13:57:12.267 W/ActivityManager(  374): Sleep timeout!  Sleeping now.
05-22 13:57:12.471 W/InputMethodManagerService(  374): Window already focused, ignoring focus gain of: com.android.internal.view.IInputMethodClient$Stub$Proxy@42a691b8 attribute=android.view.inputmethod.EditorInfo@43087268, token = android.os.BinderProxy@42a461c8
05-22 13:57:12.728 V/KeyguardHostView(  374): hide transport, gen:2
05-22 13:57:12.728 V/KeyguardHostView(  374): music state changed: 0
05-22 13:57:12.822 D/PhoneStatusBar(  448): disable: < EXPAND* icons alerts TICKER* system_info back home RECENT* clock SEARCH* >
05-22 13:57:12.955 V/TAG     (  374): bug 7643792: fitSystemWindows([0,50][0,0])
05-22 13:57:12.986 D/NfcService(  568): NFC-C OFF, disconnect
05-22 13:57:13.049 D/PhoneStatusBar(  448): disable: < EXPAND icons alerts TICKER system_info BACK* HOME* RECENT CLOCK* SEARCH >
05-22 13:57:14.166 W/Parcel  ( 1661): Attempt to read object from Parcel 0x5dfd3dac at offset 200 that is not in the object list
05-22 13:57:14.283 V/WiseDownloadConditionControler(20342): checkCondition  type : TODAY_LAUNCHED_USER  inerrupting: false
05-22 13:57:14.377 I/dalvikvm( 1468): Wrote stack traces to '/data/anr/traces.txt'
05-22 13:57:14.377 I/dalvikvm(20874): Wrote stack traces to '/data/anr/traces.txt'
05-22 13:57:14.439 W/Parcel  ( 1661): Attempt to read object from Parcel 0x6003bdac at offset 200 that is not in the object list
05-22 13:57:14.455 V/MDM :   (22964): [null:-1]->Screen receiver is called.
05-22 13:57:14.463 W/Parcel  ( 1661): Attempt to read object from Parcel 0x5dfd3dac at offset 200 that is not in the object list
05-22 13:57:15.260 D/dalvikvm( 1661): GC_EXPLICIT freed 458K, 18% free 13050K/15888K, paused 3ms+5ms, total 132ms
05-22 13:57:16.056 W/MountService(  374): getVolumeState(/storage/emulated/0/external_sd): Unknown volume
05-22 13:57:16.064 W/MountService(  374): getVolumeState(/mnt/sdcard-ext): Unknown volume
05-22 13:57:16.064 W/MountService(  374): getVolumeState(/mnt/ext_sdcard): Unknown volume
05-22 13:57:16.072 W/MountService(  374): getVolumeState(/mnt/sdcard2): Unknown volume
05-22 13:57:16.080 W/MountService(  374): getVolumeState(/mnt/emmc): Unknown volume
05-22 13:57:16.080 W/MountService(  374): getVolumeState(/mnt/extSdCard): Unknown volume
05-22 13:57:16.088 W/MountService(  374): getVolumeState(/mnt/sdcard/SD_CARD): Unknown volume
05-22 13:57:16.096 W/MountService(  374): getVolumeState(/mnt/sdcard/extra_sd): Unknown volume
05-22 13:57:16.119 W/MountService(  374): getVolumeState(/mnt/extrasd_bind): Unknown volume
05-22 13:57:16.119 W/MountService(  374): getVolumeState(/mnt/sdcard/ext_sd): Unknown volume
05-22 13:57:16.119 W/MountService(  374): getVolumeState(/storage/extSdCard): Unknown volume
05-22 13:57:16.127 W/MountService(  374): getVolumeState(/storage/sdcard1): Unknown volume
05-22 13:57:16.135 W/MountService(  374): getVolumeState(/mnt/sdcard/external_SD): Unknown volume
05-22 13:57:16.150 W/MountService(  374): getVolumeState(/mnt/sdcard/external_sd): Unknown volume
05-22 13:57:16.697 D/ExchangeService(22964): !!! EAS ExchangeService, onDestroy
05-22 13:57:16.697 I/ActivityManager(  374): Process com.pekall.emdm.launcher:remote (pid 23544) has died.
05-22 13:57:16.697 W/ActivityManager(  374): Scheduling restart of crashed service com.pekall.emdm.launcher/com.baidu.location.f in 5000ms
05-22 13:57:16.752 I/WindowManager(  374): Lock screen displayed!
05-22 13:57:16.986 D/dalvikvm( 1468): GC_CONCURRENT freed 560K, 20% free 10011K/12512K, paused 644ms+156ms, total 1781ms
05-22 13:57:16.986 D/dalvikvm( 1468): WAIT_FOR_CONCURRENT_GC blocked 1135ms
05-22 13:57:16.994 D/dalvikvm(  448): GC_FOR_ALLOC freed 2077K, 15% free 13973K/16312K, paused 87ms, total 87ms
05-22 13:57:17.002 D/dalvikvm( 1468): WAIT_FOR_CONCURRENT_GC blocked 853ms
05-22 13:57:17.072 W/Parcel  ( 1661): Attempt to read object from Parcel 0x5ec3bdac at offset 200 that is not in the object list
05-22 13:57:17.080 W/Parcel  ( 1661): Attempt to read object from Parcel 0x6003bdac at offset 200 that is not in the object list
05-22 13:57:17.127 D/LightsService(  374): Excessive delay setting light: 160ms
05-22 13:57:17.166 V/DigitalWidgetViewsFactory(19507): DigitalWidget sets next alarm string to null
05-22 13:57:17.174 V/WiseDownloadConditionControler(20342): checkCondition  type : WISE_DOWNLOAD  inerrupting: true
05-22 13:57:17.213 W/Parcel  ( 1661): Attempt to read object from Parcel 0x6003bdac at offset 200 that is not in the object list
05-22 13:57:17.322 D/dalvikvm(22077): GC_CONCURRENT freed 370K, 5% free 9808K/10260K, paused 31ms+13ms, total 103ms
05-22 13:57:17.338 D/dalvikvm( 1468): GC_CONCURRENT freed 495K, 21% free 9961K/12512K, paused 4ms+5ms, total 55ms
05-22 13:57:18.424 I/QueryController(23529): Matched selector: UiSelector[DESCRIPTION=Dot., PACKAGE NAME=android] <<==>> [android.view.accessibility.AccessibilityNodeInfo@7256d6; boundsInParent: Rect(0, 0 - 202, 123); boundsInScreen: Rect(56, 569 - 258, 692); packageName: android; className: android.widget.Button; text: 1; contentDescription: Dot.; viewIdResName: android:id/key1; checkable: false; checked: false; focusable: true; focused: false; selected: false; clickable: true; longClickable: false; enabled: true; password: false; scrollable: false; [ACTION_FOCUS, ACTION_SELECT, ACTION_CLEAR_SELECTION, ACTION_CLICK, ACTION_ACCESSIBILITY_FOCUS, ACTION_NEXT_AT_MOVEMENT_GRANULARITY, ACTION_PREVIOUS_AT_MOVEMENT_GRANULARITY, ACTION_SET_SELECTION]]
05-22 13:57:19.681 D/MDM :   (22964): [null:-1]->Location timeout, set latitude and longitude -1
05-22 13:57:19.681 D/CommandManager(22964): [null:-1]->requestType: Location
05-22 13:57:19.697 D/MdmDatabaseHelper(22964): [null:-1]->update command 9b2a588d-c688-4911-8280-b6ff5e9cf5f0 to commandStatus <?xml version="1.0" encoding="UTF-8"?>
05-22 13:57:19.697 D/MdmDatabaseHelper(22964): <!DOCTYPE plist PUBLIC "-//Apple//DTD PLIST 1.0//EN" "http://www.apple.com/DTDs/PropertyList-1.0.dtd">
05-22 13:57:19.697 D/MdmDatabaseHelper(22964): <plist version="1.0">
05-22 13:57:19.697 D/MdmDatabaseHelper(22964): <dict>
05-22 13:57:19.697 D/MdmDatabaseHelper(22964): 	<key>Latitude</key>
05-22 13:57:19.697 D/MdmDatabaseHelper(22964): 	<real>-1.0</real>
05-22 13:57:19.697 D/MdmDatabaseHelper(22964): 	<key>Longitude</key>
05-22 13:57:19.697 D/MdmDatabaseHelper(22964): 	<real>-1.0</real>
05-22 13:57:19.697 D/MdmDatabaseHelper(22964): 	<key>CommandUUID</key>
05-22 13:57:19.697 D/MdmDatabaseHelper(22964): 	<string>9b2a588d-c688-4911-8280-b6ff5e9cf5f0</string>
05-22 13:57:19.697 D/MdmDatabaseHelper(22964): 	<key>Status</key>
05-22 13:57:19.697 D/MdmDatabaseHelper(22964): 	<string>Error</string>
05-22 13:57:19.697 D/MdmDatabaseHelper(22964): 	<key>UDID</key>
05-22 13:57:19.697 D/MdmDatabaseHelper(22964): 	<string>00013fbc8ecec5b900000146227d1f99</string>
05-22 13:57:19.697 D/MdmDatabaseHelper(22964): </dict>
05-22 13:57:19.697 D/MdmDatabaseHelper(22964): </plist>
05-22 13:57:19.728 I/TransInfo(22964): TransInfo created, id: 3, class: class com.pekall.emdm.transaction.c.b
05-22 13:57:19.736 D/NetworkThread(22964): [null:-1]->----isRunning-----true
05-22 13:57:19.736 D/NetworkThread(22964): [null:-1]->----isRunning-----true
05-22 13:57:19.736 D/NetworkThread(22964): [null:-1]->thread wakeup
05-22 13:57:19.752 D/NetworkThread(22964): [null:-1]->sendHttpPost:PostRequest, url: http://192.168.10.21/rest/mdm/v1/ios/android_server, Params: [content:<?xml version="1.0" encoding="UTF-8"?>
05-22 13:57:19.752 D/NetworkThread(22964): <!DOCTYPE plist PUBLIC "-//Apple//DTD PLIST 1.0//EN" "http://www.apple.com/DTDs/PropertyList-1.0.dtd">
05-22 13:57:19.752 D/NetworkThread(22964): <plist version="1.0">
05-22 13:57:19.752 D/NetworkThread(22964): <dict>
05-22 13:57:19.752 D/NetworkThread(22964): 	<key>Latitude</key>
05-22 13:57:19.752 D/NetworkThread(22964): 	<real>-1.0</real>
05-22 13:57:19.752 D/NetworkThread(22964): 	<key>Longitude</key>
05-22 13:57:19.752 D/NetworkThread(22964): 	<real>-1.0</real>
05-22 13:57:19.752 D/NetworkThread(22964): 	<key>CommandUUID</key>
05-22 13:57:19.752 D/NetworkThread(22964): 	<string>9b2a588d-c688-4911-8280-b6ff5e9cf5f0</string>
05-22 13:57:19.752 D/NetworkThread(22964): 	<key>Status</key>
05-22 13:57:19.752 D/NetworkThread(22964): 	<string>Error</string>
05-22 13:57:19.752 D/NetworkThread(22964): 	<key>UDID</key>
05-22 13:57:19.752 D/NetworkThread(22964): 	<string>00013fbc8ecec5b900000146227d1f99</string>
05-22 13:57:19.752 D/NetworkThread(22964): </dict>
05-22 13:57:19.752 D/NetworkThread(22964): </plist>], 
05-22 13:57:19.752 D/HttpClient(22964): enable apache.http debug
05-22 13:57:19.760 V/DEBUG   (22964): HTTP 0
05-22 13:57:20.002 D/MDM :   (22964): [null:-1]->statusCode : 200
05-22 13:57:20.002 D/MDM :   (22964): [null:-1]->statusCode : 200
05-22 13:57:20.002 V/DEBUG   (22964): HTTP 1
05-22 13:57:20.010 D/MDM :   (22964): [null:-1]->Get joson string: 
05-22 13:57:20.010 D/MdmDatabaseHelper(22964): [null:-1]->update command 9b2a588d-c688-4911-8280-b6ff5e9cf5f0 to status executed
05-22 13:57:20.033 D/NetworkThread(22964): [null:-1]->clear mCurrentTransInfo
05-22 13:57:20.033 D/NetworkThread(22964): [null:-1]->queue is empty, thread wait...
05-22 13:57:20.111 D/MdmService(22964): [null:-1]->handleCheckInResult
05-22 13:57:20.111 D/MdmService(22964): [null:-1]->handleCheckInResult result keyIndex: 3
05-22 13:57:20.111 D/HandleCommandTask(22964): [null:-1]->execute command msg but beanBase is null
05-22 13:57:20.111 D/MdmStatusManager(22964): [null:-1]->change status to : Idle
05-22 13:57:21.447 I/QueryController(23529): Matched selector: UiSelector[TEXT=1, CLASS=android.widget.Button, PACKAGE NAME=android] <<==>> [android.view.accessibility.AccessibilityNodeInfo@7256d6; boundsInParent: Rect(0, 0 - 202, 123); boundsInScreen: Rect(56, 569 - 258, 692); packageName: android; className: android.widget.Button; text: 1; contentDescription: Dot.; viewIdResName: android:id/key1; checkable: false; checked: false; focusable: true; focused: false; selected: false; clickable: true; longClickable: false; enabled: true; password: false; scrollable: false; [ACTION_FOCUS, ACTION_SELECT, ACTION_CLEAR_SELECTION, ACTION_CLICK, ACTION_ACCESSIBILITY_FOCUS, ACTION_NEXT_AT_MOVEMENT_GRANULARITY, ACTION_PREVIOUS_AT_MOVEMENT_GRANULARITY, ACTION_SET_SELECTION]]
05-22 13:57:21.447 D/InteractionController(23529): clickAndSync(157, 630)
05-22 13:57:21.721 I/ActivityManager(  374): Start proc com.pekall.emdm.launcher:remote for service com.pekall.emdm.launcher/com.baidu.location.f: pid=23598 uid=10066 gids={50066, 1015, 3002, 3001, 3003, 1028}
05-22 13:57:21.728 D/dalvikvm(23598): Late-enabling CheckJNI
05-22 13:57:21.783 V/MyServiceConnection(23598): [SConnection] sandbox service is NOT installed.
05-22 13:57:21.783 V/MyServiceConnection(23598): [SConnection] binding service: pekall.intent.action.SANDBOX_SERVICE
05-22 13:57:21.791 D/ScClassLoader(23598): >> SOURCE FILE: /data/data/com.pekall.emdm.launcher/app_jars/sc-jdk15on-1.47.0.2.dex.jar
05-22 13:57:21.838 D/dalvikvm(23598): GC_CONCURRENT freed 160K, 3% free 9273K/9472K, paused 2ms+2ms, total 32ms
05-22 13:57:21.838 D/dalvikvm(23598): WAIT_FOR_CONCURRENT_GC blocked 9ms
05-22 13:57:21.838 D/dalvikvm(23598): WAIT_FOR_CONCURRENT_GC blocked 6ms
05-22 13:57:21.838 D/dalvikvm(23598): WAIT_FOR_CONCURRENT_GC blocked 6ms
05-22 13:57:21.853 W/Parcel  ( 1661): Attempt to read object from Parcel 0x5ec3bdac at offset 200 that is not in the object list
05-22 13:57:21.853 W/Parcel  ( 1661): Attempt to read object from Parcel 0x6003bdac at offset 200 that is not in the object list
05-22 13:57:21.861 D/Email   (23598): Email: init sandbox at the beginning.
05-22 13:57:21.861 V/MyServiceConnection(23598): [SConnection] retry to bind service
05-22 13:57:21.861 V/MyServiceConnection(23598): [SConnection] sandbox service is NOT installed.
05-22 13:57:21.861 V/MyServiceConnection(23598): [SConnection] binding service: pekall.intent.action.SANDBOX_SERVICE
05-22 13:57:21.877 V/MyServiceConnection(23598): [SConnection] retry to bind service
05-22 13:57:21.877 V/MyServiceConnection(23598): [SConnection] sandbox service is NOT installed.
05-22 13:57:21.877 V/MyServiceConnection(23598): [SConnection] binding service: pekall.intent.action.SANDBOX_SERVICE
05-22 13:57:21.892 V/l       (23598): Bind requested for task setLogging
05-22 13:57:21.892 D/ExchangeService(22964): !!! EAS ExchangeService, onCreate
05-22 13:57:21.892 W/Parcel  ( 1661): Attempt to read object from Parcel 0x5dfd3dac at offset 200 that is not in the object list
05-22 13:57:21.892 D/ExchangeService(22964): !!! EAS ExchangeService, onStartCommand, startingUp = false, running = false
05-22 13:57:21.892 D/ExchangeService(22964): to start secureStorageService now
05-22 13:57:21.916 D/dalvikvm(23598): GC_CONCURRENT freed 203K, 3% free 9582K/9824K, paused 6ms+2ms, total 23ms
05-22 13:57:21.916 D/dalvikvm(23598): WAIT_FOR_CONCURRENT_GC blocked 9ms
05-22 13:57:21.916 V/a       (22964): Bind requested for task test
05-22 13:57:21.916 D/dalvikvm(23598): WAIT_FOR_CONCURRENT_GC blocked 4ms
05-22 13:57:21.931 V/a       (22964): Connected: com.pekall.semail.service.AccountServiceInternal
05-22 13:57:21.931 D/ExchangeService(22964): Reconciling accounts...
05-22 13:57:21.939 V/a       (22964): Bind requested for task reconcileAccounts
05-22 13:57:21.939 V/a       (22964): Connection test succeeded in 22ms
05-22 13:57:21.939 V/a       (22964): Task test completed; disconnecting
05-22 13:57:21.955 V/a       (22964): Connected: com.pekall.semail.service.AccountServiceInternal
05-22 13:57:21.978 W/DocumentManager(23598): Sandbox service is not connected.
05-22 13:57:21.978 D/MessageControllerImpl(23598): controller is null
05-22 13:57:21.978 V/MyServiceConnection(23598): [SConnection] retry to bind service
05-22 13:57:21.978 V/MyServiceConnection(23598): [SConnection] sandbox service is NOT installed.
05-22 13:57:21.978 V/MyServiceConnection(23598): [SConnection] binding service: pekall.intent.action.SANDBOX_SERVICE
05-22 13:57:21.978 W/SQLiteOpenHelper(23598): Opened /data/data/com.pekall.emdm.launcher/databases/message.db
05-22 13:57:21.986 W/dalvikvm(23598): No implementation found for native Lcom/pekall/sandbox/database/sqlite/SQLiteDatabase;.native_setSqliteSoftHeapLimit:(I)V
05-22 13:57:21.986 D/AndroidRuntime(23598): Shutting down VM
05-22 13:57:21.986 W/dalvikvm(23598): threadid=1: thread exiting with uncaught exception (group=0x419c8700)
05-22 13:57:21.986 D/        (23598): [---null: -1---]  Thread is main
05-22 13:57:21.986 W/System.err(23598): java.lang.UnsatisfiedLinkError: Native method not found: com.pekall.sandbox.database.sqlite.SQLiteDatabase.native_setSqliteSoftHeapLimit:(I)V
05-22 13:57:21.986 W/System.err(23598): 	at com.pekall.sandbox.database.sqlite.SQLiteDatabase.native_setSqliteSoftHeapLimit(Native Method)
05-22 13:57:21.986 W/System.err(23598): 	at com.pekall.sandbox.database.sqlite.SQLiteDatabase.<init>(Unknown Source)
05-22 13:57:21.986 W/System.err(23598): 	at com.pekall.sandbox.database.sqlite.SQLiteDatabase.openDatabase(Unknown Source)
05-22 13:57:21.986 W/System.err(23598): 	at com.pekall.sandbox.database.sqlite.SQLiteDatabase.openDatabase(Unknown Source)
05-22 13:57:21.986 W/System.err(23598): 	at com.pekall.sandbox.database.sqlite.SQLiteDatabase.openDatabase(Unknown Source)
05-22 13:57:21.994 W/System.err(23598): 	at com.pekall.sandbox.database.sqlite.SQLiteOpenHelper.getWritableDatabase(Unknown Source)
05-22 13:57:21.994 W/System.err(23598): 	at com.pekall.emdm.messagecenter.db.a.a(Unknown Source)
05-22 13:57:21.994 W/System.err(23598): 	at com.pekall.emdm.messagecenter.db.a.b(Unknown Source)
05-22 13:57:21.994 W/System.err(23598): 	at com.pekall.emdm.messagecenter.activity.a.onCreate(Unknown Source)
05-22 13:57:21.994 W/System.err(23598): 	at com.pekall.emdm.launcher.LauncherApplication.onCreate(Unknown Source)
05-22 13:57:21.994 W/System.err(23598): 	at android.app.Instrumentation.callApplicationOnCreate(Instrumentation.java:1007)
05-22 13:57:21.994 W/System.err(23598): 	at android.app.ActivityThread.handleBindApplication(ActivityThread.java:4444)
05-22 13:57:21.994 W/System.err(23598): 	at android.app.ActivityThread.access$1300(ActivityThread.java:141)
05-22 13:57:21.994 W/System.err(23598): 	at android.app.ActivityThread$H.handleMessage(ActivityThread.java:1316)
05-22 13:57:21.994 W/System.err(23598): 	at android.os.Handler.dispatchMessage(Handler.java:99)
05-22 13:57:21.994 W/System.err(23598): 	at android.os.Looper.loop(Looper.java:137)
05-22 13:57:21.994 W/System.err(23598): 	at android.app.ActivityThread.main(ActivityThread.java:5103)
05-22 13:57:21.994 W/System.err(23598): 	at java.lang.reflect.Method.invokeNative(Native Method)
05-22 13:57:21.994 W/System.err(23598): 	at java.lang.reflect.Method.invoke(Method.java:525)
05-22 13:57:21.994 W/System.err(23598): 	at com.android.internal.os.ZygoteInit$MethodAndArgsCaller.run(ZygoteInit.java:737)
05-22 13:57:21.994 W/System.err(23598): 	at com.android.internal.os.ZygoteInit.main(ZygoteInit.java:553)
05-22 13:57:21.994 W/System.err(23598): 	at dalvik.system.NativeStart.main(Native Method)
05-22 13:57:22.049 V/a       (22964): Waiting for task reconcileAccounts to complete...
05-22 13:57:22.056 D/ActivityThread(23598): Loading provider com.pekall.semail.provider;com.pekall.semail.notifier: com.pekall.semail.provider.EmailProvider
05-22 13:57:22.088 D/ActivityThread(23598): Loading provider com.pekall.semail.provider;com.pekall.semail.notifier: com.pekall.semail.provider.EmailProvider
05-22 13:57:22.103 V/a       (22964): Task reconcileAccounts completed; disconnecting
05-22 13:57:22.127 V/a       (22964): Wait for reconcileAccounts finished in 170ms
05-22 13:57:22.135 D/dalvikvm(23598): GC_CONCURRENT freed 494K, 6% free 9477K/10012K, paused 3ms+3ms, total 32ms
05-22 13:57:22.994 D/ExchangeService(22964): !!! EAS ExchangeService, stopping self
05-22 13:57:23.197 W/EmailProvider(23598): restoreIfNeeded...
05-22 13:57:23.197 D/EmailProvider(23598): restoreAccounts...
05-22 13:57:23.408 D/EmailProvider(23598): No accounts to restore...
05-22 13:57:23.424 D/EmailProvider(23598): Deleting orphans...
05-22 13:57:23.525 D/EmailProvider(23598): EmailProvider pre-caching...
05-22 13:57:23.705 D/EmailProvider(23598): EmailProvider ready.
05-22 13:57:23.806 W/ActivityManager(  374): Unable to start service Intent { cmp=com.pekall.emdm.launcher/com.pekall.semail.service.AttachmentDownloadService } U=0: not found
05-22 13:57:24.072 I/Email   (23598): Notifications being toggled: false
05-22 13:57:24.556 W/InteractionController(23529): runAndwaitForEvent timedout waiting for events
05-22 13:57:24.611 I/QueryController(23529): Matched selector: UiSelector[TEXT=2 ABC, CLASS=android.widget.Button, PACKAGE NAME=android] <<==>> [android.view.accessibility.AccessibilityNodeInfo@725a97; boundsInParent: Rect(0, 0 - 203, 123); boundsInScreen: Rect(258, 569 - 461, 692); packageName: android; className: android.widget.Button; text: 2 ABC; contentDescription: Dot.; viewIdResName: android:id/key2; checkable: false; checked: false; focusable: true; focused: false; selected: false; clickable: true; longClickable: false; enabled: true; password: false; scrollable: false; [ACTION_FOCUS, ACTION_SELECT, ACTION_CLEAR_SELECTION, ACTION_CLICK, ACTION_ACCESSIBILITY_FOCUS, ACTION_NEXT_AT_MOVEMENT_GRANULARITY, ACTION_PREVIOUS_AT_MOVEMENT_GRANULARITY, ACTION_SET_SELECTION]]
05-22 13:57:24.619 D/InteractionController(23529): clickAndSync(359, 630)
05-22 13:57:25.213 D/dalvikvm( 1661): GC_EXPLICIT freed 553K, 18% free 13064K/15888K, paused 3ms+5ms, total 80ms
05-22 13:57:27.721 W/InteractionController(23529): runAndwaitForEvent timedout waiting for events
05-22 13:57:27.760 I/QueryController(23529): Matched selector: UiSelector[TEXT=3 DEF, CLASS=android.widget.Button, PACKAGE NAME=android] <<==>> [android.view.accessibility.AccessibilityNodeInfo@725e58; boundsInParent: Rect(0, 0 - 203, 123); boundsInScreen: Rect(461, 569 - 664, 692); packageName: android; className: android.widget.Button; text: 3 DEF; contentDescription: Dot.; viewIdResName: android:id/key3; checkable: false; checked: false; focusable: true; focused: false; selected: false; clickable: true; longClickable: false; enabled: true; password: false; scrollable: false; [ACTION_FOCUS, ACTION_SELECT, ACTION_CLEAR_SELECTION, ACTION_CLICK, ACTION_ACCESSIBILITY_FOCUS, ACTION_NEXT_AT_MOVEMENT_GRANULARITY, ACTION_PREVIOUS_AT_MOVEMENT_GRANULARITY, ACTION_SET_SELECTION]]
05-22 13:57:27.760 D/InteractionController(23529): clickAndSync(562, 630)
05-22 13:57:30.861 W/InteractionController(23529): runAndwaitForEvent timedout waiting for events
05-22 13:57:30.892 I/QueryController(23529): Matched selector: UiSelector[TEXT=4 GHI, CLASS=android.widget.Button, PACKAGE NAME=android] <<==>> [android.view.accessibility.AccessibilityNodeInfo@726219; boundsInParent: Rect(0, 0 - 202, 123); boundsInScreen: Rect(56, 692 - 258, 815); packageName: android; className: android.widget.Button; text: 4 GHI; contentDescription: Dot.; viewIdResName: android:id/key4; checkable: false; checked: false; focusable: true; focused: false; selected: false; clickable: true; longClickable: false; enabled: true; password: false; scrollable: false; [ACTION_FOCUS, ACTION_SELECT, ACTION_CLEAR_SELECTION, ACTION_CLICK, ACTION_ACCESSIBILITY_FOCUS, ACTION_NEXT_AT_MOVEMENT_GRANULARITY, ACTION_PREVIOUS_AT_MOVEMENT_GRANULARITY, ACTION_SET_SELECTION]]
05-22 13:57:30.900 D/InteractionController(23529): clickAndSync(157, 753)
05-22 13:57:34.002 W/InteractionController(23529): runAndwaitForEvent timedout waiting for events
05-22 13:57:34.033 I/QueryController(23529): Matched selector: UiSelector[TEXT=5 JKL, CLASS=android.widget.Button, PACKAGE NAME=android] <<==>> [android.view.accessibility.AccessibilityNodeInfo@7265da; boundsInParent: Rect(0, 0 - 203, 123); boundsInScreen: Rect(258, 692 - 461, 815); packageName: android; className: android.widget.Button; text: 5 JKL; contentDescription: Dot.; viewIdResName: android:id/key5; checkable: false; checked: false; focusable: true; focused: false; selected: false; clickable: true; longClickable: false; enabled: true; password: false; scrollable: false; [ACTION_FOCUS, ACTION_SELECT, ACTION_CLEAR_SELECTION, ACTION_CLICK, ACTION_ACCESSIBILITY_FOCUS, ACTION_NEXT_AT_MOVEMENT_GRANULARITY, ACTION_PREVIOUS_AT_MOVEMENT_GRANULARITY, ACTION_SET_SELECTION]]
05-22 13:57:34.041 D/InteractionController(23529): clickAndSync(359, 753)
05-22 13:57:37.142 W/InteractionController(23529): runAndwaitForEvent timedout waiting for events
05-22 13:57:37.205 I/QueryController(23529): Matched selector: UiSelector[TEXT=6 MNO, CLASS=android.widget.Button, PACKAGE NAME=android] <<==>> [android.view.accessibility.AccessibilityNodeInfo@72699b; boundsInParent: Rect(0, 0 - 203, 123); boundsInScreen: Rect(461, 692 - 664, 815); packageName: android; className: android.widget.Button; text: 6 MNO; contentDescription: Dot.; viewIdResName: android:id/key6; checkable: false; checked: false; focusable: true; focused: false; selected: false; clickable: true; longClickable: false; enabled: true; password: false; scrollable: false; [ACTION_FOCUS, ACTION_SELECT, ACTION_CLEAR_SELECTION, ACTION_CLICK, ACTION_ACCESSIBILITY_FOCUS, ACTION_NEXT_AT_MOVEMENT_GRANULARITY, ACTION_PREVIOUS_AT_MOVEMENT_GRANULARITY, ACTION_SET_SELECTION]]
05-22 13:57:37.205 D/InteractionController(23529): clickAndSync(562, 753)
05-22 13:57:40.314 W/InteractionController(23529): runAndwaitForEvent timedout waiting for events
05-22 13:57:40.346 I/QueryController(23529): Matched selector: UiSelector[DESCRIPTION=Enter] <<==>> [android.view.accessibility.AccessibilityNodeInfo@727c60; boundsInParent: Rect(0, 0 - 203, 124); boundsInScreen: Rect(461, 939 - 664, 1063); packageName: android; className: android.widget.ImageButton; text: null; contentDescription: Enter; viewIdResName: android:id/key_enter; checkable: false; checked: false; focusable: true; focused: false; selected: false; clickable: true; longClickable: false; enabled: true; password: false; scrollable: false; [ACTION_FOCUS, ACTION_SELECT, ACTION_CLEAR_SELECTION, ACTION_CLICK, ACTION_ACCESSIBILITY_FOCUS, ACTION_NEXT_AT_MOVEMENT_GRANULARITY, ACTION_PREVIOUS_AT_MOVEMENT_GRANULARITY, ACTION_SET_SELECTION]]
05-22 13:57:40.353 D/InteractionController(23529): clickAndWaitForNewWindow(562, 1001)
05-22 13:57:40.642 V/LauncherApplication(22964): onActivityStarted
05-22 13:57:40.642 D/PhoneStatusBar(  448): disable: < expand* icons alerts ticker* system_info BACK HOME recent* CLOCK search* >
05-22 13:57:40.650 V/WiseDownloadConditionControler(20342): checkCondition  type : WISE_DOWNLOAD  inerrupting: true
05-22 13:57:40.658 D/        (22964): [---null: -1---]     awsa  onActivityResumed
05-22 13:57:40.658 V/LauncherApplication(22964): 2MdmConstant.LAST_LAUNCH_TIME = 1400738226208
05-22 13:57:40.674 D/        (22964): [---null: -1---]  activity = com.pekall.emdm.launcher.Launcher
05-22 13:57:40.674 V/DefultSetContriller(22964): isLauncherDf = com.pekall.emdm.launcher
05-22 13:57:40.681 V/DefultSetContriller(22964): isLauncherDf = com.pekall.emdm.launcher
05-22 13:57:40.681 V/DefultSetContriller(22964): isPhoneDf = com.pekall.emdm.launcher
05-22 13:57:40.681 E/LauncherApplication(22964): isShowLogoutUI = true
05-22 13:57:40.681 E/LauncherApplication(22964): LogoutShowTime 1
05-22 13:57:40.681 V/Launcher(22964): onResume1111111 
05-22 13:57:40.681 V/Launcher(22964): is login ----> 
