05-22 13:42:07.806 E/ActivityManager(  374):   0.9% 510/com.android.phasebeam: 0% user + 0.9% kernel
05-22 13:42:07.806 E/ActivityManager(  374):     0.9% 666/droid.phasebeam: 0% user + 0.9% kernel
05-22 13:42:07.806 E/ActivityManager(  374):   1.1% 21285/kworker/u:2: 0% user + 1.1% kernel
05-22 13:42:07.806 E/ActivityManager(  374):   1.2% 21862/kworker/u:4: 0% user + 1.2% kernel
05-22 13:42:07.806 E/ActivityManager(  374):   1.2% 21965/kworker/0:2: 0% user + 1.2% kernel
05-22 13:42:07.806 E/ActivityManager(  374): 100% TOTAL: 83% user + 16% kernel
05-22 13:42:07.806 W/ActivityManager(  374): Killing ProcessRecord{426fa688 21973:com.pekall.emdm.launcher:remote/u0a10066}: background ANR
05-22 13:42:07.978 I/ActivityManager(  374): Process com.pekall.emdm.launcher:remote (pid 21973) has died.
05-22 13:42:07.978 W/ActivityManager(  374): Scheduling restart of crashed service com.pekall.emdm.launcher/com.baidu.location.f in 80000ms
05-22 13:42:08.838 W/MountService(  374): getVolumeState(/storage/emulated/0/external_sd): Unknown volume
05-22 13:42:08.838 W/MountService(  374): getVolumeState(/mnt/sdcard-ext): Unknown volume
05-22 13:42:08.838 W/MountService(  374): getVolumeState(/mnt/ext_sdcard): Unknown volume
05-22 13:42:08.838 W/MountService(  374): getVolumeState(/mnt/sdcard2): Unknown volume
05-22 13:42:08.838 W/MountService(  374): getVolumeState(/mnt/emmc): Unknown volume
05-22 13:42:08.838 W/MountService(  374): getVolumeState(/mnt/extSdCard): Unknown volume
05-22 13:42:08.838 W/MountService(  374): getVolumeState(/mnt/sdcard/SD_CARD): Unknown volume
05-22 13:42:08.846 W/MountService(  374): getVolumeState(/mnt/sdcard/extra_sd): Unknown volume
05-22 13:42:08.846 W/MountService(  374): getVolumeState(/mnt/extrasd_bind): Unknown volume
05-22 13:42:08.846 W/MountService(  374): getVolumeState(/mnt/sdcard/ext_sd): Unknown volume
05-22 13:42:08.846 W/MountService(  374): getVolumeState(/storage/extSdCard): Unknown volume
05-22 13:42:08.846 W/MountService(  374): getVolumeState(/storage/sdcard1): Unknown volume
05-22 13:42:08.846 W/MountService(  374): getVolumeState(/mnt/sdcard/external_SD): Unknown volume
05-22 13:42:08.846 W/MountService(  374): getVolumeState(/mnt/sdcard/external_sd): Unknown volume
05-22 13:42:09.025 W/BroadcastQueue(  374): Failure sending broadcast Intent { act=android.intent.action.SCREEN_OFF flg=0x50000010 }
05-22 13:42:09.025 W/BroadcastQueue(  374): android.os.DeadObjectException
05-22 13:42:09.025 W/BroadcastQueue(  374): 	at android.os.BinderProxy.transact(Native Method)
05-22 13:42:09.025 W/BroadcastQueue(  374): 	at android.content.IIntentReceiver$Stub$Proxy.performReceive(IIntentReceiver.java:124)
05-22 13:42:09.025 W/BroadcastQueue(  374): 	at com.android.server.am.BroadcastQueue.performReceiveLocked(BroadcastQueue.java:376)
05-22 13:42:09.025 W/BroadcastQueue(  374): 	at com.android.server.am.BroadcastQueue.deliverToRegisteredReceiverLocked(BroadcastQueue.java:449)
05-22 13:42:09.025 W/BroadcastQueue(  374): 	at com.android.server.am.BroadcastQueue.processNextBroadcast(BroadcastQueue.java:656)
05-22 13:42:09.025 W/BroadcastQueue(  374): 	at com.android.server.am.ActivityManagerService.finishReceiver(ActivityManagerService.java:12390)
05-22 13:42:09.025 W/BroadcastQueue(  374): 	at android.app.ActivityManagerNative.onTransact(ActivityManagerNative.java:379)
05-22 13:42:09.025 W/BroadcastQueue(  374): 	at com.android.server.am.ActivityManagerService.onTransact(ActivityManagerService.java:1737)
05-22 13:42:09.025 W/BroadcastQueue(  374): 	at android.os.Binder.execTransact(Binder.java:388)
05-22 13:42:09.025 W/BroadcastQueue(  374): 	at dalvik.system.NativeStart.run(Native Method)
05-22 13:42:11.689 I/PowerManagerService(  374): Waking up from sleep...
05-22 13:42:11.822 I/WindowManager(  374): Lock screen displayed!
05-22 13:42:32.728 D/PhoneStatusBar(  448): disable: < expand icons alerts ticker system_info BACK HOME recent* CLOCK search* >
05-22 13:42:32.791 D/PhoneStatusBar(  448): disable: < expand icons alerts ticker system_info back* home* recent clock* search >
05-22 13:42:32.830 W/InputMethodManagerService(  374): Window already focused, ignoring focus gain of: com.android.internal.view.IInputMethodClient$Stub$Proxy@4286c328 attribute=android.view.inputmethod.EditorInfo@428c7a20, token = android.os.BinderProxy@42c75d30
05-22 13:42:33.564 I/ActivityManager(  374): START u0 {act=android.intent.action.MAIN cat=[android.intent.category.HOME] flg=0x10200000 cmp=com.pekall.emdm.launcher/.Launcher} from pid 374
05-22 13:42:39.072 V/PanelView(  448): animationTick called with dtms=0; nothing to do (h=0.0 v=4000.0)
05-22 13:42:52.244 I/ActivityManager(  374): No longer want com.dragon.android.pandaspace:bdservice_v1 (pid 20769): empty for 1802s
05-22 13:42:52.392 W/ActivityManager(  374): Scheduling restart of crashed service com.dragon.android.pandaspace/com.baidu.android.moplus.MoPlusService in 5000ms
05-22 13:42:57.424 I/ActivityManager(  374): Start proc com.dragon.android.pandaspace:bdservice_v1 for service com.dragon.android.pandaspace/com.baidu.android.moplus.MoPlusService: pid=22077 uid=10074 gids={50074, 1015, 3003, 1006, 1028}
05-22 13:43:00.963 W/MountService(  374): getVolumeState(/storage/emulated/0/external_sd): Unknown volume
05-22 13:43:00.963 W/MountService(  374): getVolumeState(/mnt/sdcard-ext): Unknown volume
05-22 13:43:00.986 W/MountService(  374): getVolumeState(/mnt/ext_sdcard): Unknown volume
05-22 13:43:01.002 W/MountService(  374): getVolumeState(/mnt/sdcard2): Unknown volume
05-22 13:43:01.002 W/MountService(  374): getVolumeState(/mnt/emmc): Unknown volume
05-22 13:43:01.002 W/MountService(  374): getVolumeState(/mnt/extSdCard): Unknown volume
05-22 13:43:01.017 W/MountService(  374): getVolumeState(/mnt/sdcard/SD_CARD): Unknown volume
05-22 13:43:01.025 W/MountService(  374): getVolumeState(/mnt/sdcard/extra_sd): Unknown volume
05-22 13:43:01.049 W/MountService(  374): getVolumeState(/mnt/extrasd_bind): Unknown volume
05-22 13:43:01.088 W/MountService(  374): getVolumeState(/mnt/sdcard/ext_sd): Unknown volume
05-22 13:43:01.103 W/MountService(  374): getVolumeState(/storage/extSdCard): Unknown volume
05-22 13:43:01.103 W/MountService(  374): getVolumeState(/storage/sdcard1): Unknown volume
05-22 13:43:01.103 W/MountService(  374): getVolumeState(/mnt/sdcard/external_SD): Unknown volume
05-22 13:43:01.150 W/MountService(  374): getVolumeState(/mnt/sdcard/external_sd): Unknown volume
05-22 13:43:03.564 I/PowerManagerService(  374): Going to sleep due to screen timeout...
05-22 13:43:04.010 I/PowerManagerService(  374): Waking up from sleep...
05-22 13:43:04.353 W/InputMethodManagerService(  374): Window already focused, ignoring focus gain of: com.android.internal.view.IInputMethodClient$Stub$Proxy@42cf4968 attribute=android.view.inputmethod.EditorInfo@42dcf478, token = android.os.BinderProxy@427d4590
05-22 13:43:04.369 W/MountService(  374): getVolumeState(/storage/emulated/0/external_sd): Unknown volume
05-22 13:43:04.369 W/MountService(  374): getVolumeState(/mnt/sdcard-ext): Unknown volume
05-22 13:43:04.369 W/MountService(  374): getVolumeState(/mnt/ext_sdcard): Unknown volume
05-22 13:43:04.369 W/MountService(  374): getVolumeState(/mnt/sdcard2): Unknown volume
05-22 13:43:04.377 W/MountService(  374): getVolumeState(/mnt/emmc): Unknown volume
05-22 13:43:04.377 W/MountService(  374): getVolumeState(/mnt/extSdCard): Unknown volume
05-22 13:43:04.385 W/MountService(  374): getVolumeState(/mnt/sdcard/SD_CARD): Unknown volume
05-22 13:43:04.392 W/MountService(  374): getVolumeState(/mnt/sdcard/extra_sd): Unknown volume
05-22 13:43:04.392 W/MountService(  374): getVolumeState(/mnt/extrasd_bind): Unknown volume
05-22 13:43:04.392 W/MountService(  374): getVolumeState(/mnt/sdcard/ext_sd): Unknown volume
05-22 13:43:04.471 W/MountService(  374): getVolumeState(/storage/extSdCard): Unknown volume
05-22 13:43:04.471 W/MountService(  374): getVolumeState(/storage/sdcard1): Unknown volume
05-22 13:43:04.471 W/MountService(  374): getVolumeState(/mnt/sdcard/external_SD): Unknown volume
05-22 13:43:04.471 W/MountService(  374): getVolumeState(/mnt/sdcard/external_sd): Unknown volume
05-22 13:43:04.494 I/WindowManager(  374): No lock screen!
05-22 13:43:05.627 V/PanelView(  448): animationTick called with dtms=0; nothing to do (h=0.0 v=4000.0)
05-22 13:43:28.017 I/ActivityManager(  374): Start proc com.pekall.emdm.launcher:remote for service com.pekall.emdm.launcher/com.baidu.location.f: pid=22115 uid=10066 gids={50066, 1015, 3002, 3001, 3003, 1028}
05-22 13:43:28.666 D/ActivityThread(22115): Loading provider com.pekall.semail.provider;com.pekall.semail.notifier: com.pekall.semail.provider.EmailProvider
05-22 13:43:28.900 D/ActivityThread(22115): Loading provider com.pekall.semail.provider;com.pekall.semail.notifier: com.pekall.semail.provider.EmailProvider
05-22 13:43:31.908 W/ActivityManager(  374): Unable to start service Intent { cmp=com.pekall.emdm.launcher/com.pekall.semail.service.AttachmentDownloadService } U=0: not found
05-22 13:43:34.017 I/PowerManagerService(  374): Going to sleep due to screen timeout...
05-22 13:43:34.017 I/PowerManagerService(  374): Waking up from sleep...
05-22 13:43:34.221 W/InputMethodManagerService(  374): Window already focused, ignoring focus gain of: com.android.internal.view.IInputMethodClient$Stub$Proxy@4278e3c0 attribute=android.view.inputmethod.EditorInfo@42f15c78, token = android.os.BinderProxy@427d4590
05-22 13:43:34.822 V/PanelView(  448): animationTick called with dtms=0; nothing to do (h=0.0 v=4000.0)
05-22 13:43:39.205 D/PhoneStatusBar(  448): disable: < EXPAND* icons alerts TICKER* system_info back home RECENT* clock SEARCH* >
05-22 13:43:39.205 V/PanelView(  448): animationTick called with dtms=0; nothing to do (h=1184.0 v=-4000.0)
05-22 13:43:39.228 V/PanelView(  448): animationTick called with dtms=0; nothing to do (h=1184.0 v=-4000.0)
05-22 13:43:39.228 V/PanelView(  448): animationTick called with dtms=-9; nothing to do (h=1184.0 v=-4000.0)
05-22 13:43:39.674 D/PhoneStatusBar(  448): disable: < EXPAND icons alerts TICKER system_info BACK* HOME* RECENT CLOCK* SEARCH >
05-22 13:43:41.221 W/InputManager(  374): Input event injection from pid 22065 failed.
05-22 13:43:44.252 W/InputManager(  374): Input event injection from pid 22065 failed.
05-22 13:43:44.306 W/BroadcastQueue(  374): Timeout of broadcast BroadcastRecord{42a680f0 u-1 android.intent.action.SCREEN_OFF} - receiver=android.os.BinderProxy@42a7b548, started 10000ms ago
05-22 13:43:44.306 W/BroadcastQueue(  374): Receiver during timeout: BroadcastFilter{428822e8 u0 ReceiverList{428b2e00 22115 com.pekall.emdm.launcher:remote/10066/u0 remote:42a7b548}}
05-22 13:43:44.322 I/WindowManager(  374): Lock screen displayed!
05-22 13:43:48.400 W/ProcessStats(  374): Skipping unknown process pid 22054
05-22 13:43:49.853 E/ActivityManager(  374): ANR in com.pekall.emdm.launcher:remote
05-22 13:43:49.853 E/ActivityManager(  374): Reason: Broadcast of Intent { act=android.intent.action.SCREEN_OFF flg=0x50000010 }
05-22 13:43:49.853 E/ActivityManager(  374): Load: 3.17 / 2.98 / 2.02
05-22 13:43:49.853 E/ActivityManager(  374): CPU usage from 279ms to -5522ms ago:
05-22 13:43:49.853 E/ActivityManager(  374):   83% 21518/com.pekall.emdm.launcher: 83% user + 0.3% kernel / faults: 1 minor
05-22 13:43:49.853 E/ActivityManager(  374):   81% 22115/com.pekall.emdm.launcher:remote: 81% user + 0.1% kernel / faults: 116 minor
05-22 13:43:49.853 E/ActivityManager(  374):   23% 374/system_server: 20% user + 3.2% kernel / faults: 668 minor
05-22 13:43:49.853 E/ActivityManager(  374):   6% 448/com.android.systemui: 4.8% user + 1.2% kernel / faults: 41 minor
05-22 13:43:49.853 E/ActivityManager(  374):   0.2% 127/mediaserver: 0.1% user + 0.1% kernel
05-22 13:43:49.853 E/ActivityManager(  374):   0.6% 124/surfaceflinger: 0.3% user + 0.3% kernel / faults: 1 minor
05-22 13:43:49.853 E/ActivityManager(  374):   0.6% 1661/com.qihoo360.mobilesafe:GuardService: 0.6% user + 0% kernel / faults: 141 minor
05-22 13:43:49.853 E/ActivityManager(  374):   0.1% 561/com.android.phone: 0% user + 0% kernel / faults: 31 minor
05-22 13:43:49.853 E/ActivityManager(  374):   0% 568/com.android.nfc: 0% user + 0% kernel / faults: 31 minor
05-22 13:43:49.853 E/ActivityManager(  374):   0.3% 21289/kworker/u:3: 0% user + 0.3% kernel
05-22 13:43:49.853 E/ActivityManager(  374):   0.3% 22065/uiautomator: 0.1% user + 0.1% kernel / faults: 22 minor
05-22 13:43:49.853 E/ActivityManager(  374):   0.1% 117/vold: 0.1% user + 0% kernel
05-22 13:43:49.853 E/ActivityManager(  374):   0.1% 121/netd: 0.1% user + 0% kernel
05-22 13:43:49.853 E/ActivityManager(  374):   0.1% 135/adbd: 0% user + 0.1% kernel
05-22 13:43:49.853 E/ActivityManager(  374):   0.1% 20874/com.qihoo.appstore: 0.1% user + 0% kernel / faults: 2 minor
05-22 13:43:49.853 E/ActivityManager(  374):   0.1% 21285/kworker/u:2: 0% user + 0.1% kernel
05-22 13:43:49.853 E/ActivityManager(  374):   0.1% 21965/kworker/0:2: 0% user + 0.1% kernel
05-22 13:43:49.853 E/ActivityManager(  374):   0% 22012/logcat: 0% user + 0% kernel
05-22 13:43:49.853 E/ActivityManager(  374): 100% TOTAL: 96% user + 3.8% kernel
05-22 13:43:49.853 E/ActivityManager(  374): CPU usage from 4760ms to 5288ms later:
05-22 13:43:49.853 E/ActivityManager(  374):   101% 21518/com.pekall.emdm.launcher: 101% user + 0% kernel
05-22 13:43:49.853 E/ActivityManager(  374):     101% 21531/Thread-5304: 101% user + 0% kernel
05-22 13:43:49.853 E/ActivityManager(  374):   92% 22115/com.pekall.emdm.launcher:remote: 92% user + 0% kernel
05-22 13:43:49.853 E/ActivityManager(  374):     92% 22128/Thread-5337: 92% user + 0% kernel
05-22 13:43:49.853 E/ActivityManager(  374):   3.7% 127/mediaserver: 3.7% user + 0% kernel
05-22 13:43:49.853 E/ActivityManager(  374):     3.7% 206/FastMixer: 3.7% user + 0% kernel
05-22 13:43:49.853 E/ActivityManager(  374):     1.8% 395/AudioOut_2: 1.8% user + 0% kernel
05-22 13:43:49.853 E/ActivityManager(  374):   3.7% 374/system_server: 0% user + 3.7% kernel
05-22 13:43:49.853 E/ActivityManager(  374):     5.6% 390/ActivityManager: 0% user + 5.6% kernel
05-22 13:43:49.853 E/ActivityManager(  374):   1.3% 21289/kworker/u:3: 0% user + 1.3% kernel
05-22 13:43:49.853 E/ActivityManager(  374): 100% TOTAL: 95% user + 4.6% kernel
05-22 13:43:49.861 W/ActivityManager(  374): Killing ProcessRecord{426a4128 22115:com.pekall.emdm.launcher:remote/u0a10066}: background ANR
05-22 13:43:49.861 W/ActivityManager(  374): Timeout executing service: ServiceRecord{430ea3c8 u0 com.pekall.emdm.launcher/com.baidu.location.f}
05-22 13:43:49.869 I/ActivityManager(  374): Skipping duplicate ANR: ProcessRecord{426a4128 22115:com.pekall.emdm.launcher:remote/u0a10066} Executing service com.pekall.emdm.launcher/com.baidu.location.f
05-22 13:43:49.900 I/ActivityManager(  374): Process com.pekall.emdm.launcher:remote (pid 22115) has died.
05-22 13:43:49.900 W/ActivityManager(  374): Scheduling restart of crashed service com.pekall.emdm.launcher/com.baidu.location.f in 320000ms
05-22 13:44:00.908 W/MountService(  374): getVolumeState(/storage/emulated/0/external_sd): Unknown volume
05-22 13:44:00.908 W/MountService(  374): getVolumeState(/mnt/sdcard-ext): Unknown volume
05-22 13:44:00.908 W/MountService(  374): getVolumeState(/mnt/ext_sdcard): Unknown volume
05-22 13:44:00.908 W/MountService(  374): getVolumeState(/mnt/sdcard2): Unknown volume
05-22 13:44:00.908 W/MountService(  374): getVolumeState(/mnt/emmc): Unknown volume
05-22 13:44:00.916 W/MountService(  374): getVolumeState(/mnt/extSdCard): Unknown volume
05-22 13:44:00.916 W/MountService(  374): getVolumeState(/mnt/sdcard/SD_CARD): Unknown volume
05-22 13:44:00.916 W/MountService(  374): getVolumeState(/mnt/sdcard/extra_sd): Unknown volume
05-22 13:44:00.916 W/MountService(  374): getVolumeState(/mnt/extrasd_bind): Unknown volume
05-22 13:44:00.916 W/MountService(  374): getVolumeState(/mnt/sdcard/ext_sd): Unknown volume
05-22 13:44:00.924 W/MountService(  374): getVolumeState(/storage/extSdCard): Unknown volume
05-22 13:44:00.924 W/MountService(  374): getVolumeState(/storage/sdcard1): Unknown volume
05-22 13:44:00.924 W/MountService(  374): getVolumeState(/mnt/sdcard/external_SD): Unknown volume
05-22 13:44:00.931 W/MountService(  374): getVolumeState(/mnt/sdcard/external_sd): Unknown volume
05-22 13:44:01.228 W/MountService(  374): getVolumeState(/storage/emulated/0/external_sd): Unknown volume
05-22 13:44:01.228 W/MountService(  374): getVolumeState(/mnt/sdcard-ext): Unknown volume
05-22 13:44:01.228 W/MountService(  374): getVolumeState(/mnt/ext_sdcard): Unknown volume
05-22 13:44:01.228 W/MountService(  374): getVolumeState(/mnt/sdcard2): Unknown volume
05-22 13:44:01.228 W/MountService(  374): getVolumeState(/mnt/emmc): Unknown volume
05-22 13:44:01.228 W/MountService(  374): getVolumeState(/mnt/extSdCard): Unknown volume
05-22 13:44:01.228 W/MountService(  374): getVolumeState(/mnt/sdcard/SD_CARD): Unknown volume
05-22 13:44:01.228 W/MountService(  374): getVolumeState(/mnt/sdcard/extra_sd): Unknown volume
05-22 13:44:01.228 W/MountService(  374): getVolumeState(/mnt/extrasd_bind): Unknown volume
05-22 13:44:01.228 W/MountService(  374): getVolumeState(/mnt/sdcard/ext_sd): Unknown volume
05-22 13:44:01.236 W/MountService(  374): getVolumeState(/storage/extSdCard): Unknown volume
05-22 13:44:01.236 W/MountService(  374): getVolumeState(/storage/sdcard1): Unknown volume
05-22 13:44:01.236 W/MountService(  374): getVolumeState(/mnt/sdcard/external_SD): Unknown volume
05-22 13:44:01.236 W/MountService(  374): getVolumeState(/mnt/sdcard/external_sd): Unknown volume
05-22 13:44:25.181 W/DevicePolicyManagerService(  374): setPasswordExpiration(): password will expire on May 22, 2014 1:44:25 PM
05-22 13:44:30.916 I/PowerManagerService(  374): Going to sleep due to screen timeout...
05-22 13:44:32.861 W/DevicePolicyManagerService(  374): setPasswordExpiration(): password will expire on May 22, 2014 1:44:32 PM
05-22 13:44:34.791 I/PowerManagerService(  374): Waking up from sleep...
05-22 13:44:34.885 I/WindowManager(  374): Lock screen displayed!
05-22 13:44:55.846 D/PhoneStatusBar(  448): disable: < expand* icons alerts ticker* system_info BACK HOME recent* CLOCK search* >
05-22 13:44:55.947 D/PhoneStatusBar(  448): disable: < expand icons alerts ticker system_info back* home* recent clock* search >
05-22 13:44:56.674 W/InputMethodManagerService(  374): Window already focused, ignoring focus gain of: com.android.internal.view.IInputMethodClient$Stub$Proxy@42b11d18 attribute=android.view.inputmethod.EditorInfo@42ddfd88, token = android.os.BinderProxy@427d4590
05-22 13:44:59.002 I/ActivityManager(  374): START u0 {flg=0x10000000 cmp=com.pekall.emdm.launcher/.ui.BackPersonalActivity} from pid 21518
05-22 13:44:59.189 I/ActivityManager(  374): START u0 {flg=0x10200000 cmp=com.android.launcher/com.android.launcher2.Launcher} from pid 21518
05-22 13:44:59.189 W/ActivityManager(  374): Duplicate finish request for ActivityRecord{42edafd8 u0 com.pekall.emdm.launcher/.ui.BackPersonalActivity}
05-22 13:45:01.010 W/MountService(  374): getVolumeState(/storage/emulated/0/external_sd): Unknown volume
05-22 13:45:01.010 W/MountService(  374): getVolumeState(/mnt/sdcard-ext): Unknown volume
05-22 13:45:01.010 W/MountService(  374): getVolumeState(/mnt/ext_sdcard): Unknown volume
05-22 13:45:01.010 W/MountService(  374): getVolumeState(/mnt/sdcard2): Unknown volume
05-22 13:45:01.010 W/MountService(  374): getVolumeState(/mnt/emmc): Unknown volume
05-22 13:45:01.010 W/MountService(  374): getVolumeState(/mnt/extSdCard): Unknown volume
05-22 13:45:01.010 W/MountService(  374): getVolumeState(/mnt/sdcard/SD_CARD): Unknown volume
05-22 13:45:01.010 W/MountService(  374): getVolumeState(/mnt/sdcard/extra_sd): Unknown volume
05-22 13:45:01.017 W/MountService(  374): getVolumeState(/mnt/extrasd_bind): Unknown volume
05-22 13:45:01.017 W/MountService(  374): getVolumeState(/mnt/sdcard/ext_sd): Unknown volume
05-22 13:45:01.017 W/MountService(  374): getVolumeState(/storage/extSdCard): Unknown volume
05-22 13:45:01.017 W/MountService(  374): getVolumeState(/storage/sdcard1): Unknown volume
05-22 13:45:01.017 W/MountService(  374): getVolumeState(/mnt/sdcard/external_SD): Unknown volume
05-22 13:45:01.017 W/MountService(  374): getVolumeState(/mnt/sdcard/external_sd): Unknown volume
05-22 13:45:01.306 W/MountService(  374): getVolumeState(/storage/emulated/0/external_sd): Unknown volume
05-22 13:45:01.306 W/MountService(  374): getVolumeState(/mnt/sdcard-ext): Unknown volume
05-22 13:45:01.306 W/MountService(  374): getVolumeState(/mnt/ext_sdcard): Unknown volume
05-22 13:45:01.306 W/MountService(  374): getVolumeState(/mnt/sdcard2): Unknown volume
05-22 13:45:01.306 W/MountService(  374): getVolumeState(/mnt/emmc): Unknown volume
05-22 13:45:01.314 W/MountService(  374): getVolumeState(/mnt/extSdCard): Unknown volume
05-22 13:45:01.314 W/MountService(  374): getVolumeState(/mnt/sdcard/SD_CARD): Unknown volume
05-22 13:45:01.314 W/MountService(  374): getVolumeState(/mnt/sdcard/extra_sd): Unknown volume
05-22 13:45:01.314 W/MountService(  374): getVolumeState(/mnt/extrasd_bind): Unknown volume
05-22 13:45:01.314 W/MountService(  374): getVolumeState(/mnt/sdcard/ext_sd): Unknown volume
05-22 13:45:01.314 W/MountService(  374): getVolumeState(/storage/extSdCard): Unknown volume
05-22 13:45:01.314 W/MountService(  374): getVolumeState(/storage/sdcard1): Unknown volume
05-22 13:45:01.314 W/MountService(  374): getVolumeState(/mnt/sdcard/external_SD): Unknown volume
05-22 13:45:01.322 W/MountService(  374): getVolumeState(/mnt/sdcard/external_sd): Unknown volume
05-22 13:45:02.572 V/PanelView(  448): animationTick called with dtms=0; nothing to do (h=0.0 v=4000.0)
05-22 13:45:08.533 I/ActivityManager(  374): START u0 {act=android.app.action.SET_NEW_PASSWORD cmp=com.android.settings/.ChooseLockGeneric bnds=[0,242][720,370]} from pid -1
05-22 13:45:08.533 W/ActivityManager(  374): startActivity called from non-Activity context; forcing Intent.FLAG_ACTIVITY_NEW_TASK for: Intent { act=android.app.action.SET_NEW_PASSWORD flg=0x800000 cmp=com.android.settings/.ChooseLockGeneric bnds=[0,242][720,370] }
05-22 13:45:08.689 I/ActivityManager(  374): Start proc com.android.settings for activity com.android.settings/.ChooseLockGeneric: pid=22249 uid=1000 gids={41000, 1015, 1028, 3002, 3001, 3003, 3007}
05-22 13:45:08.689 V/PanelView(  448): animationTick called with dtms=0; nothing to do (h=1184.0 v=-4000.0)
05-22 13:45:08.846 I/ActivityManager(  374): START u0 {cmp=com.android.settings/.ConfirmLockPassword} from pid 22249
05-22 13:45:17.150 I/ActivityManager(  374): START u0 {flg=0x2000000 cmp=com.android.settings/.ChooseLockPassword (has extras)} from pid 22249
05-22 13:45:35.955 I/PowerManagerService(  374): Going to sleep by user request...
05-22 13:45:35.963 I/PowerManagerService(  374): Waking up from sleep...
05-22 13:45:36.299 D/PhoneStatusBar(  448): disable: < EXPAND* icons alerts TICKER* system_info back home RECENT* clock SEARCH* >
05-22 13:45:36.416 W/InputMethodManagerService(  374): Starting input on non-focused client com.android.internal.view.IInputMethodClient$Stub$Proxy@4294e640 (uid=10034 pid=576)
05-22 13:45:36.525 D/PhoneStatusBar(  448): disable: < EXPAND icons alerts TICKER system_info BACK* HOME* RECENT CLOCK* SEARCH >
05-22 13:45:36.549 I/WindowManager(  374): Lock screen displayed!
05-22 13:45:40.658 D/PhoneStatusBar(  448): disable: < expand* icons alerts ticker* system_info BACK HOME recent* CLOCK search* >
05-22 13:45:40.760 D/PhoneStatusBar(  448): disable: < expand icons alerts ticker system_info back* home* recent clock* search >
05-22 13:46:01.056 W/MountService(  374): getVolumeState(/storage/emulated/0/external_sd): Unknown volume
05-22 13:46:01.064 W/MountService(  374): getVolumeState(/mnt/sdcard-ext): Unknown volume
05-22 13:46:01.064 W/MountService(  374): getVolumeState(/mnt/ext_sdcard): Unknown volume
05-22 13:46:01.064 W/MountService(  374): getVolumeState(/mnt/sdcard2): Unknown volume
05-22 13:46:01.064 W/MountService(  374): getVolumeState(/mnt/emmc): Unknown volume
05-22 13:46:01.064 W/MountService(  374): getVolumeState(/mnt/extSdCard): Unknown volume
05-22 13:46:01.064 W/MountService(  374): getVolumeState(/mnt/sdcard/SD_CARD): Unknown volume
05-22 13:46:01.064 W/MountService(  374): getVolumeState(/mnt/sdcard/extra_sd): Unknown volume
05-22 13:46:01.064 W/MountService(  374): getVolumeState(/mnt/extrasd_bind): Unknown volume
05-22 13:46:01.064 W/MountService(  374): getVolumeState(/mnt/sdcard/ext_sd): Unknown volume
05-22 13:46:01.064 W/MountService(  374): getVolumeState(/storage/extSdCard): Unknown volume
05-22 13:46:01.072 W/MountService(  374): getVolumeState(/storage/sdcard1): Unknown volume
05-22 13:46:01.072 W/MountService(  374): getVolumeState(/mnt/sdcard/external_SD): Unknown volume
05-22 13:46:01.072 W/MountService(  374): getVolumeState(/mnt/sdcard/external_sd): Unknown volume
05-22 13:46:01.400 W/MountService(  374): getVolumeState(/storage/emulated/0/external_sd): Unknown volume
05-22 13:46:01.400 W/MountService(  374): getVolumeState(/mnt/sdcard-ext): Unknown volume
05-22 13:46:01.400 W/MountService(  374): getVolumeState(/mnt/ext_sdcard): Unknown volume
05-22 13:46:01.400 W/MountService(  374): getVolumeState(/mnt/sdcard2): Unknown volume
05-22 13:46:01.408 W/MountService(  374): getVolumeState(/mnt/emmc): Unknown volume
05-22 13:46:01.408 W/MountService(  374): getVolumeState(/mnt/extSdCard): Unknown volume
05-22 13:46:01.408 W/MountService(  374): getVolumeState(/mnt/sdcard/SD_CARD): Unknown volume
05-22 13:46:01.408 W/MountService(  374): getVolumeState(/mnt/sdcard/extra_sd): Unknown volume
05-22 13:46:01.408 W/MountService(  374): getVolumeState(/mnt/extrasd_bind): Unknown volume
05-22 13:46:01.408 W/MountService(  374): getVolumeState(/mnt/sdcard/ext_sd): Unknown volume
05-22 13:46:01.408 W/MountService(  374): getVolumeState(/storage/extSdCard): Unknown volume
05-22 13:46:01.408 W/MountService(  374): getVolumeState(/storage/sdcard1): Unknown volume
05-22 13:46:01.408 W/MountService(  374): getVolumeState(/mnt/sdcard/external_SD): Unknown volume
05-22 13:46:01.408 W/MountService(  374): getVolumeState(/mnt/sdcard/external_sd): Unknown volume
05-22 13:46:06.603 I/PowerManagerService(  374): Going to sleep by user request...
05-22 13:46:08.885 I/PowerManagerService(  374): Waking up from sleep...
05-22 13:46:08.885 I/WindowManager(  374): No lock screen!
05-22 13:46:40.689 I/ActivityManager(  374): START u0 {act=android.intent.action.MAIN cat=[android.intent.category.LAUNCHER] flg=0x10200000 cmp=com.google.android.gallery3d/com.android.camera.CameraLauncher} from pid 576
05-22 13:46:40.752 I/ActivityManager(  374): Start proc com.google.android.gallery3d for activity com.google.android.gallery3d/com.android.camera.CameraLauncher: pid=22370 uid=10019 gids={50019, 1006, 3003, 1015, 1028}
05-22 13:46:43.064 I/WindowManager(  374): Screenshot Window{4268f420 u0 com.google.android.gallery3d/com.android.camera.CameraLauncher} was all black! mSurfaceLayer=21020 minLayer=21020 maxLayer=21020
05-22 13:46:43.877 I/ActivityManager(  374): Process com.google.android.email (pid 21772) has died.
05-22 13:46:46.056 W/ActivityManager(  374): Unable to start service Intent { act=com.google.android.gms.analytics.service.START (has extras) } U=0: not found
05-22 13:46:50.642 I/ActivityManager(  374): START u0 {act=android.intent.action.MAIN cat=[android.intent.category.LAUNCHER] flg=0x10200000 cmp=com.google.android.gallery3d/com.android.camera.CameraLauncher} from pid 576
05-22 13:46:51.064 W/ActivityManager(  374): Unable to start service Intent { act=com.google.android.gms.analytics.service.START (has extras) } U=0: not found
05-22 13:46:51.533 I/ActivityManager(  374): Process com.android.bluetooth (pid 21002) has died.
05-22 13:46:52.642 I/WindowManager(  374): Screenshot Window{4296cd50 u0 com.google.android.gallery3d/com.android.camera.CameraLauncher} was all black! mSurfaceLayer=21020 minLayer=21020 maxLayer=21020
05-22 13:47:00.642 I/ActivityManager(  374): START u0 {act=android.intent.action.MAIN cat=[android.intent.category.LAUNCHER] flg=0x10200000 cmp=com.google.android.gallery3d/com.android.camera.CameraLauncher} from pid 576
05-22 13:47:01.260 W/MountService(  374): getVolumeState(/storage/emulated/0/external_sd): Unknown volume
05-22 13:47:01.275 W/MountService(  374): getVolumeState(/mnt/sdcard-ext): Unknown volume
05-22 13:47:01.275 W/MountService(  374): getVolumeState(/mnt/ext_sdcard): Unknown volume
05-22 13:47:01.275 W/MountService(  374): getVolumeState(/mnt/sdcard2): Unknown volume
05-22 13:47:01.275 W/MountService(  374): getVolumeState(/mnt/emmc): Unknown volume
05-22 13:47:01.275 W/MountService(  374): getVolumeState(/mnt/extSdCard): Unknown volume
05-22 13:47:01.275 W/MountService(  374): getVolumeState(/mnt/sdcard/SD_CARD): Unknown volume
05-22 13:47:01.283 W/MountService(  374): getVolumeState(/mnt/sdcard/extra_sd): Unknown volume
05-22 13:47:01.299 W/MountService(  374): getVolumeState(/mnt/extrasd_bind): Unknown volume
05-22 13:47:01.299 W/MountService(  374): getVolumeState(/mnt/sdcard/ext_sd): Unknown volume
05-22 13:47:01.299 W/MountService(  374): getVolumeState(/storage/extSdCard): Unknown volume
05-22 13:47:01.299 W/MountService(  374): getVolumeState(/storage/sdcard1): Unknown volume
05-22 13:47:01.299 W/MountService(  374): getVolumeState(/mnt/sdcard/external_SD): Unknown volume
05-22 13:47:01.299 W/MountService(  374): getVolumeState(/mnt/sdcard/external_sd): Unknown volume
05-22 13:47:02.064 W/MountService(  374): getVolumeState(/storage/emulated/0/external_sd): Unknown volume
05-22 13:47:02.064 W/MountService(  374): getVolumeState(/mnt/sdcard-ext): Unknown volume
05-22 13:47:02.072 W/MountService(  374): getVolumeState(/mnt/ext_sdcard): Unknown volume
05-22 13:47:02.080 W/MountService(  374): getVolumeState(/mnt/sdcard2): Unknown volume
05-22 13:47:02.080 W/MountService(  374): getVolumeState(/mnt/emmc): Unknown volume
05-22 13:47:02.080 W/MountService(  374): getVolumeState(/mnt/extSdCard): Unknown volume
05-22 13:47:02.088 W/MountService(  374): getVolumeState(/mnt/sdcard/SD_CARD): Unknown volume
05-22 13:47:02.088 W/MountService(  374): getVolumeState(/mnt/sdcard/extra_sd): Unknown volume
05-22 13:47:02.096 W/MountService(  374): getVolumeState(/mnt/extrasd_bind): Unknown volume
05-22 13:47:02.111 W/MountService(  374): getVolumeState(/mnt/sdcard/ext_sd): Unknown volume
05-22 13:47:02.111 W/MountService(  374): getVolumeState(/storage/extSdCard): Unknown volume
05-22 13:47:02.127 W/MountService(  374): getVolumeState(/storage/sdcard1): Unknown volume
05-22 13:47:02.127 W/MountService(  374): getVolumeState(/mnt/sdcard/external_SD): Unknown volume
05-22 13:47:02.127 W/MountService(  374): getVolumeState(/mnt/sdcard/external_sd): Unknown volume
05-22 13:47:02.830 I/WindowManager(  374): Screenshot Window{42effae8 u0 com.google.android.gallery3d/com.android.camera.CameraLauncher} was all black! mSurfaceLayer=21020 minLayer=21020 maxLayer=21020
05-22 13:47:10.869 I/ActivityManager(  374): START u0 {act=android.intent.action.MAIN cat=[android.intent.category.LAUNCHER] flg=0x10200000 cmp=com.google.android.gallery3d/com.android.camera.CameraLauncher} from pid 576
05-22 13:47:12.658 I/WindowManager(  374): Screenshot Window{42ffca98 u0 com.google.android.gallery3d/com.android.camera.CameraLauncher} was all black! mSurfaceLayer=21020 minLayer=21020 maxLayer=21020
05-22 13:47:20.681 I/ActivityManager(  374): START u0 {act=android.intent.action.MAIN cat=[android.intent.category.LAUNCHER] flg=0x10200000 cmp=com.google.android.gallery3d/com.android.camera.CameraLauncher} from pid 576
05-22 13:47:21.080 I/ActivityManager(  374): Process com.qihoo360.mobilesafe:remote (pid 21560) has died.
05-22 13:47:22.572 I/WindowManager(  374): Screenshot Window{429ae6e0 u0 com.google.android.gallery3d/com.android.camera.CameraLauncher} was all black! mSurfaceLayer=21020 minLayer=21020 maxLayer=21020
05-22 13:47:30.533 I/ActivityManager(  374): START u0 {act=android.intent.action.MAIN cat=[android.intent.category.LAUNCHER] flg=0x10200000 cmp=com.google.android.gallery3d/com.android.camera.CameraLauncher} from pid 576
05-22 13:47:32.377 I/WindowManager(  374): Screenshot Window{42ee0c60 u0 com.google.android.gallery3d/com.android.camera.CameraLauncher} was all black! mSurfaceLayer=21020 minLayer=21020 maxLayer=21020
05-22 13:47:39.931 I/ActivityManager(  374): START u0 {act=android.intent.action.MAIN cat=[android.intent.category.LAUNCHER] flg=0x10200000 cmp=com.google.android.gallery3d/com.android.camera.CameraLauncher} from pid 576
05-22 13:47:41.681 I/WindowManager(  374): Screenshot Window{43039728 u0 com.google.android.gallery3d/com.android.camera.CameraLauncher} was all black! mSurfaceLayer=21020 minLayer=21020 maxLayer=21020
05-22 13:47:49.681 I/ActivityManager(  374): START u0 {act=android.intent.action.MAIN cat=[android.intent.category.LAUNCHER] flg=0x10200000 cmp=com.google.android.gallery3d/com.android.camera.CameraLauncher} from pid 576
05-22 13:47:51.431 I/WindowManager(  374): Screenshot Window{4268f420 u0 com.google.android.gallery3d/com.android.camera.CameraLauncher} was all black! mSurfaceLayer=21020 minLayer=21020 maxLayer=21020
05-22 13:47:58.939 I/ActivityManager(  374): START u0 {act=android.intent.action.MAIN cat=[android.intent.category.LAUNCHER] flg=0x10200000 cmp=com.google.android.gallery3d/com.android.camera.CameraLauncher} from pid 576
05-22 13:48:00.752 I/WindowManager(  374): Screenshot Window{427d5950 u0 com.google.android.gallery3d/com.android.camera.CameraLauncher} was all black! mSurfaceLayer=21020 minLayer=21020 maxLayer=21020
05-22 13:48:01.338 W/MountService(  374): getVolumeState(/storage/emulated/0/external_sd): Unknown volume
05-22 13:48:01.338 W/MountService(  374): getVolumeState(/mnt/sdcard-ext): Unknown volume
05-22 13:48:01.338 W/MountService(  374): getVolumeState(/mnt/ext_sdcard): Unknown volume
05-22 13:48:01.338 W/MountService(  374): getVolumeState(/mnt/sdcard2): Unknown volume
05-22 13:48:01.338 W/MountService(  374): getVolumeState(/mnt/emmc): Unknown volume
05-22 13:48:01.338 W/MountService(  374): getVolumeState(/mnt/extSdCard): Unknown volume
05-22 13:48:01.346 W/MountService(  374): getVolumeState(/mnt/sdcard/SD_CARD): Unknown volume
05-22 13:48:01.346 W/MountService(  374): getVolumeState(/mnt/sdcard/extra_sd): Unknown volume
05-22 13:48:01.346 W/MountService(  374): getVolumeState(/mnt/extrasd_bind): Unknown volume
05-22 13:48:01.353 W/MountService(  374): getVolumeState(/mnt/sdcard/ext_sd): Unknown volume
05-22 13:48:01.377 W/MountService(  374): getVolumeState(/storage/extSdCard): Unknown volume
05-22 13:48:01.377 W/MountService(  374): getVolumeState(/storage/sdcard1): Unknown volume
05-22 13:48:01.377 W/MountService(  374): getVolumeState(/mnt/sdcard/external_SD): Unknown volume
05-22 13:48:01.377 W/MountService(  374): getVolumeState(/mnt/sdcard/external_sd): Unknown volume
05-22 13:48:01.830 W/MountService(  374): getVolumeState(/storage/emulated/0/external_sd): Unknown volume
05-22 13:48:01.830 W/MountService(  374): getVolumeState(/mnt/sdcard-ext): Unknown volume
05-22 13:48:01.830 W/MountService(  374): getVolumeState(/mnt/ext_sdcard): Unknown volume
05-22 13:48:01.830 W/MountService(  374): getVolumeState(/mnt/sdcard2): Unknown volume
05-22 13:48:01.830 W/MountService(  374): getVolumeState(/mnt/emmc): Unknown volume
05-22 13:48:01.830 W/MountService(  374): getVolumeState(/mnt/extSdCard): Unknown volume
05-22 13:48:01.830 W/MountService(  374): getVolumeState(/mnt/sdcard/SD_CARD): Unknown volume
05-22 13:48:01.830 W/MountService(  374): getVolumeState(/mnt/sdcard/extra_sd): Unknown volume
05-22 13:48:01.838 W/MountService(  374): getVolumeState(/mnt/extrasd_bind): Unknown volume
05-22 13:48:01.838 W/MountService(  374): getVolumeState(/mnt/sdcard/ext_sd): Unknown volume
05-22 13:48:01.838 W/MountService(  374): getVolumeState(/storage/extSdCard): Unknown volume
05-22 13:48:01.838 W/MountService(  374): getVolumeState(/storage/sdcard1): Unknown volume
05-22 13:48:01.838 W/MountService(  374): getVolumeState(/mnt/sdcard/external_SD): Unknown volume
05-22 13:48:01.838 W/MountService(  374): getVolumeState(/mnt/sdcard/external_sd): Unknown volume
05-22 13:48:08.822 I/ActivityManager(  374): START u0 {act=android.intent.action.MAIN cat=[android.intent.category.LAUNCHER] flg=0x10200000 cmp=com.google.android.gallery3d/com.android.camera.CameraLauncher} from pid 576
05-22 13:48:10.603 I/WindowManager(  374): Screenshot Window{428afa40 u0 com.google.android.gallery3d/com.android.camera.CameraLauncher} was all black! mSurfaceLayer=21020 minLayer=21020 maxLayer=21020
05-22 13:48:18.588 I/ActivityManager(  374): START u0 {act=android.intent.action.MAIN cat=[android.intent.category.LAUNCHER] flg=0x10200000 cmp=com.google.android.gallery3d/com.android.camera.CameraLauncher} from pid 576
05-22 13:48:20.353 I/WindowManager(  374): Screenshot Window{42f18948 u0 com.google.android.gallery3d/com.android.camera.CameraLauncher} was all black! mSurfaceLayer=21020 minLayer=21020 maxLayer=21020
05-22 13:48:28.322 I/ActivityManager(  374): START u0 {act=android.intent.action.MAIN cat=[android.intent.category.LAUNCHER] flg=0x10200000 cmp=com.google.android.gallery3d/com.android.camera.CameraLauncher} from pid 576
05-22 13:48:30.049 I/WindowManager(  374): Screenshot Window{430261a0 u0 com.google.android.gallery3d/com.android.camera.CameraLauncher} was all black! mSurfaceLayer=21020 minLayer=21020 maxLayer=21020
05-22 13:48:37.994 I/ActivityManager(  374): START u0 {act=android.intent.action.MAIN cat=[android.intent.category.LAUNCHER] flg=0x10200000 cmp=com.google.android.gallery3d/com.android.camera.CameraLauncher} from pid 576
05-22 13:49:01.392 W/MountService(  374): getVolumeState(/storage/emulated/0/external_sd): Unknown volume
05-22 13:49:01.392 W/MountService(  374): getVolumeState(/mnt/sdcard-ext): Unknown volume
05-22 13:49:01.392 W/MountService(  374): getVolumeState(/mnt/ext_sdcard): Unknown volume
05-22 13:49:01.392 W/MountService(  374): getVolumeState(/mnt/sdcard2): Unknown volume
05-22 13:49:01.392 W/MountService(  374): getVolumeState(/mnt/emmc): Unknown volume
05-22 13:49:01.392 W/MountService(  374): getVolumeState(/mnt/extSdCard): Unknown volume
05-22 13:49:01.392 W/MountService(  374): getVolumeState(/mnt/sdcard/SD_CARD): Unknown volume
05-22 13:49:01.392 W/MountService(  374): getVolumeState(/mnt/sdcard/extra_sd): Unknown volume
05-22 13:49:01.392 W/MountService(  374): getVolumeState(/mnt/extrasd_bind): Unknown volume
05-22 13:49:01.392 W/MountService(  374): getVolumeState(/mnt/sdcard/ext_sd): Unknown volume
05-22 13:49:01.400 W/MountService(  374): getVolumeState(/storage/extSdCard): Unknown volume
05-22 13:49:01.400 W/MountService(  374): getVolumeState(/storage/sdcard1): Unknown volume
05-22 13:49:01.400 W/MountService(  374): getVolumeState(/mnt/sdcard/external_SD): Unknown volume
05-22 13:49:01.400 W/MountService(  374): getVolumeState(/mnt/sdcard/external_sd): Unknown volume
05-22 13:49:01.689 W/MountService(  374): getVolumeState(/storage/emulated/0/external_sd): Unknown volume
05-22 13:49:01.689 W/MountService(  374): getVolumeState(/mnt/sdcard-ext): Unknown volume
05-22 13:49:01.689 W/MountService(  374): getVolumeState(/mnt/ext_sdcard): Unknown volume
05-22 13:49:01.689 W/MountService(  374): getVolumeState(/mnt/sdcard2): Unknown volume
05-22 13:49:01.689 W/MountService(  374): getVolumeState(/mnt/emmc): Unknown volume
05-22 13:49:01.689 W/MountService(  374): getVolumeState(/mnt/extSdCard): Unknown volume
05-22 13:49:01.689 W/MountService(  374): getVolumeState(/mnt/sdcard/SD_CARD): Unknown volume
05-22 13:49:01.697 W/MountService(  374): getVolumeState(/mnt/sdcard/extra_sd): Unknown volume
05-22 13:49:01.697 W/MountService(  374): getVolumeState(/mnt/extrasd_bind): Unknown volume
05-22 13:49:01.697 W/MountService(  374): getVolumeState(/mnt/sdcard/ext_sd): Unknown volume
05-22 13:49:01.697 W/MountService(  374): getVolumeState(/storage/extSdCard): Unknown volume
05-22 13:49:01.697 W/MountService(  374): getVolumeState(/storage/sdcard1): Unknown volume
05-22 13:49:01.697 W/MountService(  374): getVolumeState(/mnt/sdcard/external_SD): Unknown volume
05-22 13:49:01.697 W/MountService(  374): getVolumeState(/mnt/sdcard/external_sd): Unknown volume
05-22 13:49:09.916 I/ActivityManager(  374): Start proc com.pekall.emdm.launcher:remote for service com.pekall.emdm.launcher/com.baidu.location.f: pid=22820 uid=10066 gids={50066, 1015, 3002, 3001, 3003, 1028}
05-22 13:49:10.150 D/ActivityThread(22820): Loading provider com.pekall.semail.provider;com.pekall.semail.notifier: com.pekall.semail.provider.EmailProvider
05-22 13:49:10.775 D/ActivityThread(22820): Loading provider com.pekall.semail.provider;com.pekall.semail.notifier: com.pekall.semail.provider.EmailProvider
05-22 13:49:14.861 W/ActivityManager(  374): Unable to start service Intent { cmp=com.pekall.emdm.launcher/com.pekall.semail.service.AttachmentDownloadService } U=0: not found
05-22 13:49:29.955 W/ActivityManager(  374): Timeout executing service: ServiceRecord{430ea3c8 u0 com.pekall.emdm.launcher/com.baidu.location.f}
05-22 13:49:38.822 E/ActivityManager(  374): ANR in com.pekall.emdm.launcher:remote
05-22 13:49:38.822 E/ActivityManager(  374): Reason: Executing service com.pekall.emdm.launcher/com.baidu.location.f
05-22 13:49:38.822 E/ActivityManager(  374): Load: 2.34 / 2.29 / 1.98
05-22 13:49:38.822 E/ActivityManager(  374): CPU usage from 0ms to 8826ms later:
05-22 13:49:38.822 E/ActivityManager(  374):   70% 21518/com.pekall.emdm.launcher: 70% user + 0.7% kernel / faults: 285 minor
05-22 13:49:38.822 E/ActivityManager(  374):   67% 22820/com.pekall.emdm.launcher:remote: 67% user + 0.2% kernel / faults: 116 minor
05-22 13:49:38.822 E/ActivityManager(  374):   30% 374/system_server: 22% user + 8.4% kernel / faults: 971 minor 3 major
05-22 13:49:38.822 E/ActivityManager(  374):   2.6% 448/com.android.systemui: 2.1% user + 0.4% kernel / faults: 176 minor
05-22 13:49:38.822 E/ActivityManager(  374):   8.7% 22370/com.google.android.gallery3d: 6% user + 2.7% kernel / faults: 417 minor 5 major
05-22 13:49:38.822 E/ActivityManager(  374):   3.4% 124/surfaceflinger: 1.3% user + 2% kernel
05-22 13:49:38.822 E/ActivityManager(  374):   2.1% 127/mediaserver: 0.7% user + 1.3% kernel
05-22 13:49:38.822 E/ActivityManager(  374):   0.7% 21284/kworker/u:0: 0% user + 0.7% kernel
05-22 13:49:38.822 E/ActivityManager(  374):   0.7% 21862/kworker/u:4: 0% user + 0.7% kernel
05-22 13:49:38.822 E/ActivityManager(  374):   0.7% 22215/kworker/u:5: 0% user + 0.7% kernel
05-22 13:49:38.822 E/ActivityManager(  374):   0.7% 22369/kworker/0:0: 0% user + 0.7% kernel
05-22 13:49:38.822 E/ActivityManager(  374):   0.5% 561/com.android.phone: 0.5% user + 0% kernel / faults: 224 minor
05-22 13:49:38.822 E/ActivityManager(  374):   0.3% 121/netd: 0% user + 0.3% kernel
05-22 13:49:38.822 E/ActivityManager(  374):   0.2% 95/ueventd: 0% user + 0.2% kernel
05-22 13:49:38.822 E/ActivityManager(  374):   0% 568/com.android.nfc: 0% user + 0% kernel / faults: 246 minor
05-22 13:49:38.822 E/ActivityManager(  374):   0.2% 20874/com.qihoo.appstore: 0.2% user + 0% kernel / faults: 1 minor
05-22 13:49:38.822 E/ActivityManager(  374):   0.2% 21248/com.nd.assistance.ServerService: 0.2% user + 0% kernel / faults: 12 minor
05-22 13:49:38.822 E/ActivityManager(  374):   0.1% 117/vold: 0% user + 0.1% kernel
05-22 13:49:38.822 E/ActivityManager(  374):   0.1% 1661/com.qihoo360.mobilesafe:GuardService: 0.1% user + 0% kernel / faults: 12 minor
05-22 13:49:38.822 E/ActivityManager(  374):   0% 4648/logcat: 0% user + 0% kernel / faults: 31 minor
05-22 13:49:38.822 E/ActivityManager(  374):   0.1% 20243/kworker/1:1: 0% user + 0.1% kernel
05-22 13:49:38.822 E/ActivityManager(  374): 100% TOTAL: 89% user + 10% kernel
05-22 13:49:38.822 E/ActivityManager(  374): CPU usage from 7788ms to 8480ms later:
05-22 13:49:38.822 E/ActivityManager(  374):   87% 22820/com.pekall.emdm.launcher:remote: 87% user + 0% kernel
05-22 13:49:38.822 E/ActivityManager(  374):     85% 22833/Thread-5346: 85% user + 0% kernel
05-22 13:49:38.822 E/ActivityManager(  374):   83% 21518/com.pekall.emdm.launcher: 83% user + 0% kernel
05-22 13:49:38.822 E/ActivityManager(  374):     83% 21531/Thread-5304: 83% user + 0% kernel
05-22 13:49:38.822 E/ActivityManager(  374):   12% 448/com.android.systemui: 10% user + 1.7% kernel / faults: 18 minor
05-22 13:49:38.822 E/ActivityManager(  374):     3.5% 463/Binder_1: 3.5% user + 0% kernel
05-22 13:49:38.822 E/ActivityManager(  374):     1.7% 453/GC: 1.7% user + 0% kernel
05-22 13:49:38.822 E/ActivityManager(  374):     1.7% 454/Signal Catcher: 0% user + 1.7% kernel
05-22 13:49:38.822 E/ActivityManager(  374):     1.7% 457/Compiler: 1.7% user + 0% kernel
05-22 13:49:38.822 E/ActivityManager(  374):   8.1% 374/system_server: 3.2% user + 4.9% kernel / faults: 4 minor
05-22 13:49:38.822 E/ActivityManager(  374):     6.5% 390/ActivityManager: 1.6% user + 4.9% kernel
05-22 13:49:38.822 E/ActivityManager(  374):     1.6% 386/SensorService: 1.6% user + 0% kernel
05-22 13:49:38.822 E/ActivityManager(  374):   5.5% 22370/com.google.android.gallery3d: 3.7% user + 1.8% kernel / faults: 28 minor
05-22 13:49:38.822 E/ActivityManager(  374):     3.7% 22370/droid.gallery3d: 3.7% user + 0% kernel
05-22 13:49:38.822 E/ActivityManager(  374):     1.8% 22380/Binder_1: 1.8% user + 0% kernel
05-22 13:49:38.822 E/ActivityManager(  374):     1.8% 22787/Thread-5423: 0% user + 1.8% kernel
05-22 13:49:38.822 E/ActivityManager(  374):     1.8% 22816/Binder_4: 1.8% user + 0% kernel
05-22 13:49:38.822 E/ActivityManager(  374):   3.1% 124/surfaceflinger: 0% user + 3.1% kernel
05-22 13:49:38.822 E/ActivityManager(  374):     1.5% 151/SurfaceFlinger: 1.5% user + 0% kernel
05-22 13:49:38.822 E/ActivityManager(  374):     1.5% 165/SurfaceFlinger: 0% user + 1.5% kernel
05-22 13:49:38.822 E/ActivityManager(  374):     1.5% 693/Binder_4: 0% user + 1.5% kernel
05-22 13:49:38.822 E/ActivityManager(  374):   3.1% 127/mediaserver: 0% user + 3.1% kernel
05-22 13:49:38.822 E/ActivityManager(  374):     1.5% 22814/DisplayThread: 0% user + 1.5% kernel
05-22 13:49:38.822 E/ActivityManager(  374):   1.8% 22215/kworker/u:5: 0% user + 1.8% kernel
05-22 13:49:38.822 E/ActivityManager(  374):   1.8% 22369/kworker/0:0: 0% user + 1.8% kernel
05-22 13:49:38.822 E/ActivityManager(  374): 100% TOTAL: 89% user + 10% kernel
05-22 13:49:38.822 W/ActivityManager(  374): Killing ProcessRecord{428f94b0 22820:com.pekall.emdm.launcher:remote/u0a10066}: background ANR
05-22 13:49:38.869 I/ActivityManager(  374): Process com.pekall.emdm.launcher:remote (pid 22820) has died.
05-22 13:49:38.869 W/ActivityManager(  374): Scheduling restart of crashed service com.pekall.emdm.launcher/com.baidu.location.f in 1280000ms
05-22 13:50:01.478 W/MountService(  374): getVolumeState(/storage/emulated/0/external_sd): Unknown volume
05-22 13:50:01.486 W/MountService(  374): getVolumeState(/mnt/sdcard-ext): Unknown volume
05-22 13:50:01.486 W/MountService(  374): getVolumeState(/mnt/ext_sdcard): Unknown volume
05-22 13:50:01.486 W/MountService(  374): getVolumeState(/mnt/sdcard2): Unknown volume
05-22 13:50:01.486 W/MountService(  374): getVolumeState(/mnt/emmc): Unknown volume
05-22 13:50:01.486 W/MountService(  374): getVolumeState(/mnt/extSdCard): Unknown volume
05-22 13:50:01.486 W/MountService(  374): getVolumeState(/mnt/sdcard/SD_CARD): Unknown volume
05-22 13:50:01.486 W/MountService(  374): getVolumeState(/mnt/sdcard/extra_sd): Unknown volume
05-22 13:50:01.494 W/MountService(  374): getVolumeState(/mnt/extrasd_bind): Unknown volume
05-22 13:50:01.494 W/MountService(  374): getVolumeState(/mnt/sdcard/ext_sd): Unknown volume
05-22 13:50:01.494 W/MountService(  374): getVolumeState(/storage/extSdCard): Unknown volume
05-22 13:50:01.494 W/MountService(  374): getVolumeState(/storage/sdcard1): Unknown volume
05-22 13:50:01.494 W/MountService(  374): getVolumeState(/mnt/sdcard/external_SD): Unknown volume
05-22 13:50:01.494 W/MountService(  374): getVolumeState(/mnt/sdcard/external_sd): Unknown volume
05-22 13:50:01.814 W/MountService(  374): getVolumeState(/storage/emulated/0/external_sd): Unknown volume
05-22 13:50:01.814 W/MountService(  374): getVolumeState(/mnt/sdcard-ext): Unknown volume
05-22 13:50:01.814 W/MountService(  374): getVolumeState(/mnt/ext_sdcard): Unknown volume
05-22 13:50:01.814 W/MountService(  374): getVolumeState(/mnt/sdcard2): Unknown volume
05-22 13:50:01.814 W/MountService(  374): getVolumeState(/mnt/emmc): Unknown volume
05-22 13:50:01.814 W/MountService(  374): getVolumeState(/mnt/extSdCard): Unknown volume
05-22 13:50:01.814 W/MountService(  374): getVolumeState(/mnt/sdcard/SD_CARD): Unknown volume
05-22 13:50:01.822 W/MountService(  374): getVolumeState(/mnt/sdcard/extra_sd): Unknown volume
05-22 13:50:01.822 W/MountService(  374): getVolumeState(/mnt/extrasd_bind): Unknown volume
05-22 13:50:01.822 W/MountService(  374): getVolumeState(/mnt/sdcard/ext_sd): Unknown volume
05-22 13:50:01.822 W/MountService(  374): getVolumeState(/storage/extSdCard): Unknown volume
05-22 13:50:01.822 W/MountService(  374): getVolumeState(/storage/sdcard1): Unknown volume
05-22 13:50:01.822 W/MountService(  374): getVolumeState(/mnt/sdcard/external_SD): Unknown volume
