05-20 13:06:09.267 W/MountService(  374): getVolumeState(/mnt/extrasd_bind): Unknown volume
05-20 13:06:09.267 W/MountService(  374): getVolumeState(/mnt/sdcard/ext_sd): Unknown volume
05-20 13:06:09.267 W/MountService(  374): getVolumeState(/storage/extSdCard): Unknown volume
05-20 13:06:09.267 W/MountService(  374): getVolumeState(/storage/sdcard1): Unknown volume
05-20 13:06:09.267 W/MountService(  374): getVolumeState(/mnt/sdcard/external_SD): Unknown volume
05-20 13:06:09.267 W/MountService(  374): getVolumeState(/mnt/sdcard/external_sd): Unknown volume
05-20 13:06:11.283 D/dalvikvm(30981): Late-enabling CheckJNI
05-20 13:06:11.306 I/ActivityManager(  374): Start proc com.pekall.emdm.launcher:remote for service com.pekall.emdm.launcher/com.baidu.location.f: pid=30981 uid=10066 gids={50066, 1015, 3002, 3001, 3003, 1028}
05-20 13:06:11.346 V/MyServiceConnection(30981): [SConnection] sandbox service is NOT installed.
05-20 13:06:11.346 V/MyServiceConnection(30981): [SConnection] binding service: pekall.intent.action.SANDBOX_SERVICE
05-20 13:06:11.353 D/ScClassLoader(30981): >> SOURCE FILE: /data/data/com.pekall.emdm.launcher/app_jars/sc-jdk15on-1.47.0.2.dex.jar
05-20 13:06:11.400 W/Parcel  ( 1661): Attempt to read object from Parcel 0x6003bdac at offset 200 that is not in the object list
05-20 13:06:11.400 W/Parcel  ( 1661): Attempt to read object from Parcel 0x5ef3bdac at offset 200 that is not in the object list
05-20 13:06:11.400 D/Email   (30981): Email: init sandbox at the beginning.
05-20 13:06:11.400 V/MyServiceConnection(30981): [SConnection] retry to bind service
05-20 13:06:11.400 V/MyServiceConnection(30981): [SConnection] sandbox service is NOT installed.
05-20 13:06:11.400 V/MyServiceConnection(30981): [SConnection] binding service: pekall.intent.action.SANDBOX_SERVICE
05-20 13:06:11.416 D/dalvikvm(30981): GC_CONCURRENT freed 113K, 2% free 9320K/9472K, paused 3ms+3ms, total 47ms
05-20 13:06:11.416 D/dalvikvm(30981): WAIT_FOR_CONCURRENT_GC blocked 9ms
05-20 13:06:11.431 V/MyServiceConnection(30981): [SConnection] retry to bind service
05-20 13:06:11.431 V/MyServiceConnection(30981): [SConnection] sandbox service is NOT installed.
05-20 13:06:11.431 V/MyServiceConnection(30981): [SConnection] binding service: pekall.intent.action.SANDBOX_SERVICE
05-20 13:06:11.439 V/l       (30981): Bind requested for task setLogging
05-20 13:06:11.447 D/ExchangeService(26771): !!! EAS ExchangeService, onCreate
05-20 13:06:11.478 W/Parcel  ( 1661): Attempt to read object from Parcel 0x5ec3bdac at offset 200 that is not in the object list
05-20 13:06:11.478 D/ExchangeService(26771): !!! EAS ExchangeService, onStartCommand, startingUp = false, running = false
05-20 13:06:11.478 D/ExchangeService(26771): to start secureStorageService now
05-20 13:06:11.478 V/a       (26771): Bind requested for task test
05-20 13:06:11.486 D/ExchangeService(26771): Reconciling accounts...
05-20 13:06:11.486 V/a       (26771): Bind requested for task reconcileAccounts
05-20 13:06:11.486 V/a       (26771): Connected: com.pekall.semail.service.AccountServiceInternal
05-20 13:06:11.486 V/a       (26771): Connected: com.pekall.semail.service.AccountServiceInternal
05-20 13:06:11.486 V/a       (26771): Connection test succeeded in 9ms
05-20 13:06:11.494 V/a       (26771): Task test completed; disconnecting
05-20 13:06:11.494 V/a       (26771): Waiting for task reconcileAccounts to complete...
05-20 13:06:11.502 V/a       (26771): Task reconcileAccounts completed; disconnecting
05-20 13:06:11.502 V/a       (26771): Wait for reconcileAccounts finished in 5ms
05-20 13:06:11.502 D/ExchangeService(26771): !!! EAS ExchangeService, stopping self
05-20 13:06:11.549 D/dalvikvm(30981): GC_CONCURRENT freed 233K, 3% free 9599K/9872K, paused 38ms+4ms, total 70ms
05-20 13:06:11.549 D/dalvikvm(30981): WAIT_FOR_CONCURRENT_GC blocked 6ms
05-20 13:06:11.572 D/ActivityThread(30981): Loading provider com.pekall.semail.provider;com.pekall.semail.notifier: com.pekall.semail.provider.EmailProvider
05-20 13:06:11.588 D/ActivityThread(30981): Loading provider com.pekall.semail.provider;com.pekall.semail.notifier: com.pekall.semail.provider.EmailProvider
05-20 13:06:11.603 W/DocumentManager(30981): Sandbox service is not connected.
05-20 13:06:11.603 D/MessageControllerImpl(30981): controller is null
05-20 13:06:11.603 V/MyServiceConnection(30981): [SConnection] retry to bind service
05-20 13:06:11.603 V/MyServiceConnection(30981): [SConnection] sandbox service is NOT installed.
05-20 13:06:11.603 V/MyServiceConnection(30981): [SConnection] binding service: pekall.intent.action.SANDBOX_SERVICE
05-20 13:06:11.603 W/SQLiteOpenHelper(30981): Opened /data/data/com.pekall.emdm.launcher/databases/message.db
05-20 13:06:11.611 W/dalvikvm(30981): No implementation found for native Lcom/pekall/sandbox/database/sqlite/SQLiteDatabase;.native_setSqliteSoftHeapLimit:(I)V
05-20 13:06:11.611 D/AndroidRuntime(30981): Shutting down VM
05-20 13:06:11.611 W/dalvikvm(30981): threadid=1: thread exiting with uncaught exception (group=0x419c8700)
05-20 13:06:11.611 D/        (30981): [---null: -1---]  Thread is main
05-20 13:06:11.611 W/System.err(30981): java.lang.UnsatisfiedLinkError: Native method not found: com.pekall.sandbox.database.sqlite.SQLiteDatabase.native_setSqliteSoftHeapLimit:(I)V
05-20 13:06:11.611 W/System.err(30981): 	at com.pekall.sandbox.database.sqlite.SQLiteDatabase.native_setSqliteSoftHeapLimit(Native Method)
05-20 13:06:11.619 W/System.err(30981): 	at com.pekall.sandbox.database.sqlite.SQLiteDatabase.<init>(Unknown Source)
05-20 13:06:11.619 W/System.err(30981): 	at com.pekall.sandbox.database.sqlite.SQLiteDatabase.openDatabase(Unknown Source)
05-20 13:06:11.619 W/System.err(30981): 	at com.pekall.sandbox.database.sqlite.SQLiteDatabase.openDatabase(Unknown Source)
05-20 13:06:11.619 W/System.err(30981): 	at com.pekall.sandbox.database.sqlite.SQLiteDatabase.openDatabase(Unknown Source)
05-20 13:06:11.619 W/System.err(30981): 	at com.pekall.sandbox.database.sqlite.SQLiteOpenHelper.getWritableDatabase(Unknown Source)
05-20 13:06:11.619 W/System.err(30981): 	at com.pekall.emdm.messagecenter.db.a.a(Unknown Source)
05-20 13:06:11.619 W/System.err(30981): 	at com.pekall.emdm.messagecenter.db.a.b(Unknown Source)
05-20 13:06:11.619 W/System.err(30981): 	at com.pekall.emdm.messagecenter.activity.a.onCreate(Unknown Source)
05-20 13:06:11.619 W/System.err(30981): 	at com.pekall.emdm.launcher.LauncherApplication.onCreate(Unknown Source)
05-20 13:06:11.619 W/System.err(30981): 	at android.app.Instrumentation.callApplicationOnCreate(Instrumentation.java:1007)
05-20 13:06:11.619 W/System.err(30981): 	at android.app.ActivityThread.handleBindApplication(ActivityThread.java:4444)
05-20 13:06:11.619 W/System.err(30981): 	at android.app.ActivityThread.access$1300(ActivityThread.java:141)
05-20 13:06:11.619 W/System.err(30981): 	at android.app.ActivityThread$H.handleMessage(ActivityThread.java:1316)
05-20 13:06:11.619 W/System.err(30981): 	at android.os.Handler.dispatchMessage(Handler.java:99)
05-20 13:06:11.619 W/System.err(30981): 	at android.os.Looper.loop(Looper.java:137)
05-20 13:06:11.619 W/System.err(30981): 	at android.app.ActivityThread.main(ActivityThread.java:5103)
05-20 13:06:11.619 W/System.err(30981): 	at java.lang.reflect.Method.invokeNative(Native Method)
05-20 13:06:11.619 W/System.err(30981): 	at java.lang.reflect.Method.invoke(Method.java:525)
05-20 13:06:11.619 W/System.err(30981): 	at com.android.internal.os.ZygoteInit$MethodAndArgsCaller.run(ZygoteInit.java:737)
05-20 13:06:11.619 W/System.err(30981): 	at com.android.internal.os.ZygoteInit.main(ZygoteInit.java:553)
05-20 13:06:11.619 W/System.err(30981): 	at dalvik.system.NativeStart.main(Native Method)
05-20 13:06:11.767 D/dalvikvm(30981): GC_CONCURRENT freed 495K, 6% free 9496K/10032K, paused 3ms+13ms, total 50ms
05-20 13:06:13.650 W/EmailProvider(30981): restoreIfNeeded...
05-20 13:06:13.806 D/EmailProvider(30981): restoreAccounts...
05-20 13:06:15.088 D/EmailProvider(30981): No accounts to restore...
05-20 13:06:15.103 D/EmailProvider(30981): Deleting orphans...
05-20 13:06:15.189 D/EmailProvider(30981): EmailProvider pre-caching...
05-20 13:06:15.486 D/EmailProvider(30981): EmailProvider ready.
05-20 13:06:15.603 W/ActivityManager(  374): Unable to start service Intent { cmp=com.pekall.emdm.launcher/com.pekall.semail.service.AttachmentDownloadService } U=0: not found
05-20 13:06:15.611 I/Email   (30981): Notifications being toggled: false
05-20 13:06:31.314 W/ActivityManager(  374): Timeout executing service: ServiceRecord{42d711c0 u0 com.pekall.emdm.launcher/com.baidu.location.f}
05-20 13:06:31.338 I/Process (  374): Sending signal. PID: 30981 SIG: 3
05-20 13:06:31.338 I/dalvikvm(30981): threadid=3: reacting to signal 3
05-20 13:06:31.541 I/Process (  374): Sending signal. PID: 374 SIG: 3
05-20 13:06:31.541 I/dalvikvm(  374): threadid=3: reacting to signal 3
05-20 13:06:31.588 D/dalvikvm(30981): JIT unchain all for threadid=12
05-20 13:06:31.650 I/dalvikvm(30981): Wrote stack traces to '/data/anr/traces.txt'
05-20 13:06:33.408 I/dalvikvm(  374): Wrote stack traces to '/data/anr/traces.txt'
05-20 13:06:33.416 I/Process (  374): Sending signal. PID: 561 SIG: 3
05-20 13:06:33.416 I/dalvikvm(  561): threadid=3: reacting to signal 3
05-20 13:06:33.424 I/Process (  374): Sending signal. PID: 448 SIG: 3
05-20 13:06:33.424 I/dalvikvm(  448): threadid=3: reacting to signal 3
05-20 13:06:33.478 I/dalvikvm(  561): Wrote stack traces to '/data/anr/traces.txt'
05-20 13:06:33.478 I/Process (  374): Sending signal. PID: 568 SIG: 3
05-20 13:06:33.478 I/dalvikvm(  568): threadid=3: reacting to signal 3
05-20 13:06:33.556 I/dalvikvm(  568): Wrote stack traces to '/data/anr/traces.txt'
05-20 13:06:33.924 I/dalvikvm(  448): Wrote stack traces to '/data/anr/traces.txt'
05-20 13:06:34.260 D/dalvikvm(  374): GC_CONCURRENT freed 3235K, 24% free 21222K/27580K, paused 5ms+26ms, total 226ms
05-20 13:06:34.260 D/dalvikvm(  374): WAIT_FOR_CONCURRENT_GC blocked 195ms
05-20 13:06:34.408 D/dalvikvm(  374): GC_EXPLICIT freed 27K, 24% free 21195K/27580K, paused 4ms+10ms, total 151ms
05-20 13:06:34.978 I/Process (  374): Sending signal. PID: 26771 SIG: 3
05-20 13:06:34.978 I/dalvikvm(26771): threadid=3: reacting to signal 3
05-20 13:06:35.181 E/ActivityManager(  374): ANR in com.pekall.emdm.launcher:remote
05-20 13:06:35.181 E/ActivityManager(  374): Reason: Executing service com.pekall.emdm.launcher/com.baidu.location.f
05-20 13:06:35.181 E/ActivityManager(  374): Load: 1.85 / 1.82 / 1.61
05-20 13:06:35.181 E/ActivityManager(  374): CPU usage from 26316ms to 0ms ago with 99% awake:
05-20 13:06:35.181 E/ActivityManager(  374):   99% 26771/com.pekall.emdm.launcher: 99% user + 0% kernel / faults: 177 minor
05-20 13:06:35.181 E/ActivityManager(  374):   0.7% 1468/com.qihoo.daemon: 0.5% user + 0.1% kernel / faults: 886 minor
05-20 13:06:35.181 E/ActivityManager(  374):   0.4% 374/system_server: 0.4% user + 0% kernel / faults: 14 minor
05-20 13:06:35.181 E/ActivityManager(  374):   0.1% 30956/com.nd.assistance.ServerService: 0.1% user + 0% kernel / faults: 442 minor
05-20 13:06:35.181 E/ActivityManager(  374):   0.1% 30346/com.qihoo.appstore: 0.1% user + 0% kernel / faults: 6 minor
05-20 13:06:35.181 E/ActivityManager(  374):   0% 29907/android.process.media: 0% user + 0% kernel / faults: 20 minor
05-20 13:06:35.181 E/ActivityManager(  374):   0% 133/sdcard: 0% user + 0% kernel
05-20 13:06:35.181 E/ActivityManager(  374):   0% 1661/com.qihoo360.mobilesafe:GuardService: 0% user + 0% kernel / faults: 7 minor
05-20 13:06:35.181 E/ActivityManager(  374):   0% 82/mmcqd/0: 0% user + 0% kernel
05-20 13:06:35.181 E/ActivityManager(  374):   0% 114/jbd2/mmcblk0p12: 0% user + 0% kernel
05-20 13:06:35.181 E/ActivityManager(  374):   0% 124/surfaceflinger: 0% user + 0% kernel
05-20 13:06:35.181 E/ActivityManager(  374):   0% 125/zygote: 0% user + 0% kernel / faults: 51 minor
05-20 13:06:35.181 E/ActivityManager(  374):   0% 135/adbd: 0% user + 0% kernel
05-20 13:06:35.181 E/ActivityManager(  374):   0% 561/com.android.phone: 0% user + 0% kernel / faults: 8 minor
05-20 13:06:35.181 E/ActivityManager(  374):   0% 1615/logcat: 0% user + 0% kernel
05-20 13:06:35.181 E/ActivityManager(  374):   0% 4648/logcat: 0% user + 0% kernel
05-20 13:06:35.181 E/ActivityManager(  374):   0% 30464/android.process.acore: 0% user + 0% kernel / faults: 20 minor
05-20 13:06:35.181 E/ActivityManager(  374):   0% 30602/kworker/0:1: 0% user + 0% kernel
05-20 13:06:35.181 E/ActivityManager(  374):  +0% 30981/com.pekall.emdm.launcher:remote: 0% user + 0% kernel
05-20 13:06:35.181 E/ActivityManager(  374): 88% TOTAL: 88% user + 0.4% kernel + 0.1% iowait
05-20 13:06:35.181 E/ActivityManager(  374): CPU usage from 3097ms to 3629ms later:
05-20 13:06:35.181 E/ActivityManager(  374):   98% 26771/com.pekall.emdm.launcher: 98% user + 0% kernel
05-20 13:06:35.181 E/ActivityManager(  374):     100% 26784/Thread-1176: 100% user + 0% kernel
05-20 13:06:35.181 E/ActivityManager(  374):   92% 30981/com.pekall.emdm.launcher:remote: 92% user + 0% kernel
05-20 13:06:35.181 E/ActivityManager(  374):     94% 30995/Thread-1438: 94% user + 0% kernel
05-20 13:06:35.181 E/ActivityManager(  374):   7.5% 374/system_server: 1.8% user + 5.6% kernel
05-20 13:06:35.181 E/ActivityManager(  374):     7.5% 390/ActivityManager: 1.8% user + 5.6% kernel
05-20 13:06:35.181 E/ActivityManager(  374): 100% TOTAL: 98% user + 1.8% kernel
05-20 13:06:35.197 W/ActivityManager(  374): Killing ProcessRecord{426f7568 30981:com.pekall.emdm.launcher:remote/u0a10066}: background ANR
05-20 13:06:35.228 D/dalvikvm(26771): JIT unchain all for threadid=11
05-20 13:06:35.228 I/ActivityManager(  374): Process com.pekall.emdm.launcher:remote (pid 30981) has died.
05-20 13:06:35.228 W/ActivityManager(  374): Scheduling restart of crashed service com.pekall.emdm.launcher/com.baidu.location.f in 320000ms
05-20 13:06:35.369 D/ExchangeService(26771): !!! EAS ExchangeService, onDestroy
05-20 13:06:35.369 I/dalvikvm(26771): Wrote stack traces to '/data/anr/traces.txt'
05-20 13:06:45.080 I/ActivityManager(  374): No longer want com.google.android.apps.maps:LocationFriendService (pid 30223): empty for 1801s
05-20 13:06:45.080 I/ActivityManager(  374): No longer want com.google.android.apps.maps:FriendService (pid 30211): empty for 1801s
05-20 13:06:45.080 I/ActivityManager(  374): No longer want com.google.android.apps.maps:GoogleLocationService (pid 30190): empty for 1802s
05-20 13:06:45.103 W/ActivityManager(  374): Scheduling restart of crashed service com.google.android.apps.maps/com.google.android.location.internal.server.GoogleLocationService in 5000ms
05-20 13:06:50.111 I/ActivityManager(  374): Start proc com.google.android.apps.maps:GoogleLocationService for service com.google.android.apps.maps/com.google.android.location.internal.server.GoogleLocationService: pid=31015 uid=10038 gids={50038, 3003, 1015, 1028}
05-20 13:06:50.447 W/Parcel  ( 1661): Attempt to read object from Parcel 0x5ec3bdac at offset 200 that is not in the object list
05-20 13:06:50.650 D/dalvikvm(31015): GC_CONCURRENT freed 230K, 3% free 9190K/9444K, paused 4ms+13ms, total 66ms
05-20 13:06:50.705 D/dalvikvm(31015): GC_FOR_ALLOC freed 165K, 4% free 9351K/9740K, paused 25ms, total 25ms
05-20 13:06:50.705 I/dalvikvm-heap(31015): Grow heap (frag case) to 9.346MB for 186718-byte allocation
05-20 13:06:50.721 D/dalvikvm(31015): GC_FOR_ALLOC freed <1K, 4% free 9534K/9924K, paused 18ms, total 19ms
05-20 13:06:50.869 D/dalvikvm(31015): GC_CONCURRENT freed 501K, 6% free 9541K/10084K, paused 3ms+3ms, total 51ms
05-20 13:06:50.869 D/dalvikvm(31015): WAIT_FOR_CONCURRENT_GC blocked 9ms
05-20 13:06:51.041 D/dalvikvm(31015): GC_CONCURRENT freed 669K, 8% free 9380K/10092K, paused 2ms+9ms, total 65ms
05-20 13:06:51.041 D/dalvikvm(31015): WAIT_FOR_CONCURRENT_GC blocked 6ms
05-20 13:06:51.135 W/Parcel  ( 1661): Attempt to read object from Parcel 0x5ded3dac at offset 200 that is not in the object list
05-20 13:06:51.166 I/ActivityManager(  374): Start proc com.google.android.apps.maps:FriendService for broadcast com.google.android.apps.maps/com.google.googlenav.friend.android.ServiceReceiver: pid=31036 uid=10038 gids={50038, 3003, 1015, 1028}
05-20 13:06:51.236 W/Parcel  ( 1661): Attempt to read object from Parcel 0x6013bdac at offset 200 that is not in the object list
05-20 13:06:51.291 W/Settings(31015): Setting airplane_mode_on has moved from android.provider.Settings.System to android.provider.Settings.Global, returning read-only value.
05-20 13:06:51.291 I/ActivityManager(  374): Start proc com.google.android.apps.maps:LocationFriendService for broadcast com.google.android.apps.maps/com.google.googlenav.friend.reporting.LocationReportingIntentReceiver: pid=31048 uid=10038 gids={50038, 3003, 1015, 1028}
05-20 13:06:51.478 D/dalvikvm(31048): GC_CONCURRENT freed 281K, 4% free 9057K/9380K, paused 3ms+2ms, total 34ms
05-20 13:06:51.650 D/dalvikvm(31015): GC_CONCURRENT freed 329K, 7% free 9462K/10092K, paused 4ms+2ms, total 43ms
05-20 13:06:53.346 D/dalvikvm(31015): GC_CONCURRENT freed 348K, 6% free 9547K/10092K, paused 3ms+6ms, total 48ms
05-20 13:06:54.096 W/ActivityThread(31015): ClassLoader.loadClass: The class loader returned by Thread.getContextClassLoader() may fail for processes that host multiple applications. You should explicitly specify a context class loader. For example: Thread.setContextClassLoader(getClass().getClassLoader());
05-20 13:07:08.361 W/Parcel  ( 1661): Attempt to read object from Parcel 0x5ec3bdac at offset 200 that is not in the object list
05-20 13:07:08.408 D/dalvikvm( 1468): GC_CONCURRENT freed 522K, 21% free 9600K/12104K, paused 3ms+5ms, total 35ms
05-20 13:07:08.939 W/MountService(  374): getVolumeState(/storage/emulated/0/external_sd): Unknown volume
05-20 13:07:08.939 W/MountService(  374): getVolumeState(/mnt/sdcard-ext): Unknown volume
05-20 13:07:08.939 W/MountService(  374): getVolumeState(/mnt/ext_sdcard): Unknown volume
05-20 13:07:08.947 W/MountService(  374): getVolumeState(/mnt/sdcard2): Unknown volume
05-20 13:07:08.947 W/MountService(  374): getVolumeState(/mnt/emmc): Unknown volume
05-20 13:07:08.947 W/MountService(  374): getVolumeState(/mnt/extSdCard): Unknown volume
05-20 13:07:08.947 W/MountService(  374): getVolumeState(/mnt/sdcard/SD_CARD): Unknown volume
05-20 13:07:08.955 W/MountService(  374): getVolumeState(/mnt/sdcard/extra_sd): Unknown volume
05-20 13:07:08.955 W/MountService(  374): getVolumeState(/mnt/extrasd_bind): Unknown volume
05-20 13:07:08.955 W/MountService(  374): getVolumeState(/mnt/sdcard/ext_sd): Unknown volume
05-20 13:07:08.955 W/MountService(  374): getVolumeState(/storage/extSdCard): Unknown volume
05-20 13:07:08.955 W/MountService(  374): getVolumeState(/storage/sdcard1): Unknown volume
05-20 13:07:08.963 W/MountService(  374): getVolumeState(/mnt/sdcard/external_SD): Unknown volume
05-20 13:07:08.963 W/MountService(  374): getVolumeState(/mnt/sdcard/external_sd): Unknown volume
05-20 13:07:09.088 D/dalvikvm( 1468): GC_CONCURRENT freed 283K, 20% free 9750K/12104K, paused 5ms+5ms, total 38ms
05-20 13:07:09.275 W/MountService(  374): getVolumeState(/storage/emulated/0/external_sd): Unknown volume
05-20 13:07:09.275 W/MountService(  374): getVolumeState(/mnt/sdcard-ext): Unknown volume
05-20 13:07:09.275 W/MountService(  374): getVolumeState(/mnt/ext_sdcard): Unknown volume
05-20 13:07:09.275 W/MountService(  374): getVolumeState(/mnt/sdcard2): Unknown volume
05-20 13:07:09.275 W/MountService(  374): getVolumeState(/mnt/emmc): Unknown volume
05-20 13:07:09.275 W/MountService(  374): getVolumeState(/mnt/extSdCard): Unknown volume
05-20 13:07:09.275 W/MountService(  374): getVolumeState(/mnt/sdcard/SD_CARD): Unknown volume
05-20 13:07:09.283 W/MountService(  374): getVolumeState(/mnt/sdcard/extra_sd): Unknown volume
05-20 13:07:09.283 W/MountService(  374): getVolumeState(/mnt/extrasd_bind): Unknown volume
05-20 13:07:09.283 W/MountService(  374): getVolumeState(/mnt/sdcard/ext_sd): Unknown volume
05-20 13:07:09.283 W/MountService(  374): getVolumeState(/storage/extSdCard): Unknown volume
05-20 13:07:09.283 W/MountService(  374): getVolumeState(/storage/sdcard1): Unknown volume
05-20 13:07:09.283 W/MountService(  374): getVolumeState(/mnt/sdcard/external_SD): Unknown volume
05-20 13:07:09.283 W/MountService(  374): getVolumeState(/mnt/sdcard/external_sd): Unknown volume
05-20 13:07:09.330 D/dalvikvm( 1468): GC_CONCURRENT freed 580K, 21% free 9655K/12104K, paused 4ms+5ms, total 41ms
05-20 13:07:13.025 D/MdmService(26771): [null:-1]->receiver action :com.pekall.mdm.action.MDM_ALARM
05-20 13:07:36.080 D/dalvikvm(30346): GC_CONCURRENT freed 380K, 5% free 9530K/9964K, paused 3ms+2ms, total 25ms
05-20 13:07:49.166 D/dalvikvm( 1661): GC_EXPLICIT freed 297K, 18% free 13079K/15888K, paused 3ms+5ms, total 68ms
05-20 13:07:54.244 D/dalvikvm( 1661): GC_EXPLICIT freed 3K, 18% free 13075K/15888K, paused 2ms+5ms, total 74ms
05-20 13:08:04.252 D/dalvikvm( 1661): GC_EXPLICIT freed <1K, 18% free 13075K/15888K, paused 3ms+5ms, total 75ms
05-20 13:08:08.971 W/MountService(  374): getVolumeState(/storage/emulated/0/external_sd): Unknown volume
05-20 13:08:08.971 W/MountService(  374): getVolumeState(/mnt/sdcard-ext): Unknown volume
05-20 13:08:08.971 W/MountService(  374): getVolumeState(/mnt/ext_sdcard): Unknown volume
05-20 13:08:08.971 W/MountService(  374): getVolumeState(/mnt/sdcard2): Unknown volume
05-20 13:08:08.971 W/MountService(  374): getVolumeState(/mnt/emmc): Unknown volume
05-20 13:08:08.971 W/MountService(  374): getVolumeState(/mnt/extSdCard): Unknown volume
05-20 13:08:08.971 W/MountService(  374): getVolumeState(/mnt/sdcard/SD_CARD): Unknown volume
05-20 13:08:08.971 W/MountService(  374): getVolumeState(/mnt/sdcard/extra_sd): Unknown volume
05-20 13:08:08.971 W/MountService(  374): getVolumeState(/mnt/extrasd_bind): Unknown volume
05-20 13:08:08.971 W/MountService(  374): getVolumeState(/mnt/sdcard/ext_sd): Unknown volume
05-20 13:08:08.978 W/MountService(  374): getVolumeState(/storage/extSdCard): Unknown volume
05-20 13:08:08.978 W/MountService(  374): getVolumeState(/storage/sdcard1): Unknown volume
05-20 13:08:08.978 W/MountService(  374): getVolumeState(/mnt/sdcard/external_SD): Unknown volume
05-20 13:08:08.978 W/MountService(  374): getVolumeState(/mnt/sdcard/external_sd): Unknown volume
05-20 13:08:09.064 D/dalvikvm( 1468): GC_CONCURRENT freed 469K, 21% free 9642K/12104K, paused 10ms+3ms, total 63ms
05-20 13:08:09.228 D/dalvikvm(29907): GC_EXPLICIT freed 241K, 4% free 9195K/9496K, paused 1ms+5ms, total 29ms
05-20 13:08:09.330 W/MountService(  374): getVolumeState(/storage/emulated/0/external_sd): Unknown volume
05-20 13:08:09.330 W/MountService(  374): getVolumeState(/mnt/sdcard-ext): Unknown volume
05-20 13:08:09.330 W/MountService(  374): getVolumeState(/mnt/ext_sdcard): Unknown volume
05-20 13:08:09.330 W/MountService(  374): getVolumeState(/mnt/sdcard2): Unknown volume
05-20 13:08:09.330 W/MountService(  374): getVolumeState(/mnt/emmc): Unknown volume
05-20 13:08:09.330 W/MountService(  374): getVolumeState(/mnt/extSdCard): Unknown volume
05-20 13:08:09.330 W/MountService(  374): getVolumeState(/mnt/sdcard/SD_CARD): Unknown volume
05-20 13:08:09.330 W/MountService(  374): getVolumeState(/mnt/sdcard/extra_sd): Unknown volume
05-20 13:08:09.338 W/MountService(  374): getVolumeState(/mnt/extrasd_bind): Unknown volume
05-20 13:08:09.338 W/MountService(  374): getVolumeState(/mnt/sdcard/ext_sd): Unknown volume
05-20 13:08:09.338 W/MountService(  374): getVolumeState(/storage/extSdCard): Unknown volume
05-20 13:08:09.338 W/MountService(  374): getVolumeState(/storage/sdcard1): Unknown volume
05-20 13:08:09.338 W/MountService(  374): getVolumeState(/mnt/sdcard/external_SD): Unknown volume
05-20 13:08:09.338 W/MountService(  374): getVolumeState(/mnt/sdcard/external_sd): Unknown volume
05-20 13:08:09.361 D/dalvikvm( 1468): GC_CONCURRENT freed 469K, 21% free 9678K/12104K, paused 8ms+4ms, total 48ms
05-20 13:08:09.361 D/dalvikvm( 1468): WAIT_FOR_CONCURRENT_GC blocked 21ms
05-20 13:08:09.361 D/dalvikvm( 1468): WAIT_FOR_CONCURRENT_GC blocked 13ms
05-20 13:08:55.322 I/ActivityManager(  374): No longer want com.android.mms (pid 30312): empty for 1800s
05-20 13:08:55.322 I/ActivityManager(  374): No longer want com.dragon.android.pandaspace:bdservice_v1 (pid 29949): empty for 1800s
05-20 13:08:55.322 I/ActivityManager(  374): No longer want com.google.android.apps.uploader (pid 30297): empty for 1801s
05-20 13:08:55.322 I/ActivityManager(  374): No longer want android.process.media (pid 29907): empty for 1801s
05-20 13:08:55.322 I/ActivityManager(  374): No longer want com.google.android.gallery3d (pid 30274): empty for 1801s
05-20 13:08:55.353 W/ActivityManager(  374): Scheduling restart of crashed service com.android.providers.media/.MtpService in 5000ms
05-20 13:08:55.361 D/CountryDetector(  374): No listener is left
05-20 13:08:55.361 W/ActivityManager(  374): Scheduling restart of crashed service com.dragon.android.pandaspace/com.baidu.android.moplus.MoPlusService in 14997ms
05-20 13:09:00.369 I/ActivityManager(  374): Start proc android.process.media for service com.android.providers.media/.MtpService: pid=31070 uid=10015 gids={50015, 1015, 1023, 1024, 1028, 2001, 3003, 3007}
05-20 13:09:00.431 W/Parcel  ( 1661): Attempt to read object from Parcel 0x5ded3dac at offset 200 that is not in the object list
05-20 13:09:00.541 D/MtpService(31070): updating state; isCurrentUser=true, mMtpLocked=false
05-20 13:09:00.541 D/MtpService(31070): addStorageLocked 65537 /storage/emulated/0
05-20 13:09:00.549 D/MtpService(31070): updating state; isCurrentUser=true, mMtpLocked=false
05-20 13:09:00.549 D/MtpService(31070): starting MTP server in MTP mode
05-20 13:09:00.549 D/MtpService(31070): addStorageLocked 65537 /storage/emulated/0
05-20 13:09:05.447 D/dalvikvm(  374): GC_EXPLICIT freed 2824K, 24% free 20764K/27304K, paused 4ms+12ms, total 118ms
05-20 13:09:08.439 W/Parcel  ( 1661): Attempt to read object from Parcel 0x6003bdac at offset 200 that is not in the object list
05-20 13:09:08.502 D/dalvikvm( 1468): GC_CONCURRENT freed 466K, 21% free 9616K/12104K, paused 4ms+4ms, total 31ms
05-20 13:09:09.025 W/MountService(  374): getVolumeState(/storage/emulated/0/external_sd): Unknown volume
05-20 13:09:09.025 W/MountService(  374): getVolumeState(/mnt/sdcard-ext): Unknown volume
05-20 13:09:09.025 W/MountService(  374): getVolumeState(/mnt/ext_sdcard): Unknown volume
05-20 13:09:09.025 W/MountService(  374): getVolumeState(/mnt/sdcard2): Unknown volume
05-20 13:09:09.033 W/MountService(  374): getVolumeState(/mnt/emmc): Unknown volume
05-20 13:09:09.033 W/MountService(  374): getVolumeState(/mnt/extSdCard): Unknown volume
05-20 13:09:09.033 W/MountService(  374): getVolumeState(/mnt/sdcard/SD_CARD): Unknown volume
05-20 13:09:09.033 W/MountService(  374): getVolumeState(/mnt/sdcard/extra_sd): Unknown volume
05-20 13:09:09.033 W/MountService(  374): getVolumeState(/mnt/extrasd_bind): Unknown volume
05-20 13:09:09.033 W/MountService(  374): getVolumeState(/mnt/sdcard/ext_sd): Unknown volume
05-20 13:09:09.033 W/MountService(  374): getVolumeState(/storage/extSdCard): Unknown volume
05-20 13:09:09.033 W/MountService(  374): getVolumeState(/storage/sdcard1): Unknown volume
05-20 13:09:09.033 W/MountService(  374): getVolumeState(/mnt/sdcard/external_SD): Unknown volume
05-20 13:09:09.041 W/MountService(  374): getVolumeState(/mnt/sdcard/external_sd): Unknown volume
05-20 13:09:09.181 D/dalvikvm( 1468): GC_CONCURRENT freed 305K, 20% free 9745K/12104K, paused 4ms+6ms, total 41ms
05-20 13:09:09.361 W/MountService(  374): getVolumeState(/storage/emulated/0/external_sd): Unknown volume
05-20 13:09:09.369 W/MountService(  374): getVolumeState(/mnt/sdcard-ext): Unknown volume
05-20 13:09:09.369 W/MountService(  374): getVolumeState(/mnt/ext_sdcard): Unknown volume
05-20 13:09:09.369 W/MountService(  374): getVolumeState(/mnt/sdcard2): Unknown volume
05-20 13:09:09.377 W/MountService(  374): getVolumeState(/mnt/emmc): Unknown volume
05-20 13:09:09.377 W/MountService(  374): getVolumeState(/mnt/extSdCard): Unknown volume
05-20 13:09:09.377 W/MountService(  374): getVolumeState(/mnt/sdcard/SD_CARD): Unknown volume
05-20 13:09:09.377 W/MountService(  374): getVolumeState(/mnt/sdcard/extra_sd): Unknown volume
05-20 13:09:09.377 W/MountService(  374): getVolumeState(/mnt/extrasd_bind): Unknown volume
05-20 13:09:09.377 W/MountService(  374): getVolumeState(/mnt/sdcard/ext_sd): Unknown volume
05-20 13:09:09.377 W/MountService(  374): getVolumeState(/storage/extSdCard): Unknown volume
05-20 13:09:09.377 W/MountService(  374): getVolumeState(/storage/sdcard1): Unknown volume
05-20 13:09:09.377 W/MountService(  374): getVolumeState(/mnt/sdcard/external_SD): Unknown volume
05-20 13:09:09.385 W/MountService(  374): getVolumeState(/mnt/sdcard/external_sd): Unknown volume
05-20 13:09:09.431 D/dalvikvm( 1468): GC_CONCURRENT freed 597K, 21% free 9632K/12104K, paused 5ms+5ms, total 43ms
05-20 13:09:10.377 I/dalvikvm(31091): Turning on JNI app bug workarounds for target SDK version 8...
05-20 13:09:10.377 I/ActivityManager(  374): Start proc com.dragon.android.pandaspace:bdservice_v1 for service com.dragon.android.pandaspace/com.baidu.android.moplus.MoPlusService: pid=31091 uid=10074 gids={50074, 1015, 3003, 1006, 1028}
05-20 13:09:10.439 D/dalvikvm(31091): Trying to load lib /data/app-lib/com.dragon.android.pandaspace-1/libroot.so 0x42285880
05-20 13:09:10.439 D/dalvikvm(31091): Added shared lib /data/app-lib/com.dragon.android.pandaspace-1/libroot.so 0x42285880
05-20 13:09:10.439 I/RootJni (31091): JNI_OnLoad......
05-20 13:09:10.705 D/dalvikvm(31091): GC_CONCURRENT freed 283K, 4% free 9037K/9360K, paused 3ms+3ms, total 37ms
05-20 13:09:10.721 W/Parcel  ( 1661): Attempt to read object from Parcel 0x5ded3dac at offset 200 that is not in the object list
05-20 13:09:10.799 D/dalvikvm(31091): GC_CONCURRENT freed 273K, 4% free 9237K/9556K, paused 3ms+9ms, total 36ms
05-20 13:09:10.924 D/dalvikvm(31091): GC_CONCURRENT freed 324K, 4% free 9418K/9784K, paused 3ms+2ms, total 32ms
05-20 13:09:10.924 D/dalvikvm(31091): WAIT_FOR_CONCURRENT_GC blocked 3ms
05-20 13:09:10.986 D/dalvikvm(31091): GC_CONCURRENT freed 378K, 5% free 9510K/9964K, paused 3ms+2ms, total 30ms
05-20 13:09:10.986 D/dalvikvm(31091): WAIT_FOR_CONCURRENT_GC blocked 13ms
05-20 13:09:11.049 D/dalvikvm(31091): GC_CONCURRENT freed 427K, 5% free 9559K/10056K, paused 3ms+2ms, total 31ms
05-20 13:09:11.049 D/dalvikvm(31091): WAIT_FOR_CONCURRENT_GC blocked 4ms
05-20 13:09:11.072 I/dalvikvm(31091): Failed resolving Lcom/baidu/android/nebula/util/BDLocationManager$BaiduLocationListener; interface 1169 'Lcom/baidu/location/BDLocationListener;'
05-20 13:09:11.072 W/dalvikvm(31091): Link of class 'Lcom/baidu/android/nebula/util/BDLocationManager$BaiduLocationListener;' failed
05-20 13:09:11.072 W/dalvikvm(31091): VFY: unable to find class referenced in signature (Lcom/baidu/location/LocationClient;)
05-20 13:09:11.072 I/dalvikvm(31091): Failed resolving Lcom/baidu/android/nebula/util/BDLocationManager$BaiduLocationListener; interface 1169 'Lcom/baidu/location/BDLocationListener;'
05-20 13:09:11.072 W/dalvikvm(31091): Link of class 'Lcom/baidu/android/nebula/util/BDLocationManager$BaiduLocationListener;' failed
05-20 13:09:11.072 I/dalvikvm(31091): Failed resolving Lcom/baidu/android/nebula/util/BDLocationManager$BaiduLocationListener; interface 1169 'Lcom/baidu/location/BDLocationListener;'
05-20 13:09:11.072 W/dalvikvm(31091): Link of class 'Lcom/baidu/android/nebula/util/BDLocationManager$BaiduLocationListener;' failed
05-20 13:09:11.080 I/dalvikvm(31091): Could not find method com.baidu.location.LocationClient.unRegisterLocationListener, referenced from method com.baidu.android.nebula.util.BDLocationManager.d
05-20 13:09:11.080 W/dalvikvm(31091): VFY: unable to resolve virtual method 7866: Lcom/baidu/location/LocationClient;.unRegisterLocationListener (Lcom/baidu/location/BDLocationListener;)V
05-20 13:09:11.080 D/dalvikvm(31091): VFY: replacing opcode 0x6e at 0x0012
05-20 13:09:11.080 E/dalvikvm(31091): Could not find class 'com.baidu.location.LocationClient', referenced from method com.baidu.android.nebula.util.BDLocationManager.e
05-20 13:09:11.080 W/dalvikvm(31091): VFY: unable to resolve new-instance 1170 (Lcom/baidu/location/LocationClient;) in Lcom/baidu/android/nebula/util/BDLocationManager;
05-20 13:09:11.080 D/dalvikvm(31091): VFY: replacing opcode 0x22 at 0x0000
05-20 13:09:11.080 E/dalvikvm(31091): Could not find class 'com.baidu.location.LocationClientOption', referenced from method com.baidu.android.nebula.util.BDLocationManager.f
05-20 13:09:11.080 W/dalvikvm(31091): VFY: unable to resolve new-instance 1171 (Lcom/baidu/location/LocationClientOption;) in Lcom/baidu/android/nebula/util/BDLocationManager;
05-20 13:09:11.080 D/dalvikvm(31091): VFY: replacing opcode 0x22 at 0x0000
05-20 13:09:11.080 W/dalvikvm(31091): VFY: unable to find class referenced in signature (Lcom/baidu/location/LocationClientOption;)
05-20 13:09:11.080 I/dalvikvm(31091): Could not find method com.baidu.location.LocationClientOption.setOpenGps, referenced from method com.baidu.android.nebula.util.BDLocationManager.a
05-20 13:09:11.080 W/dalvikvm(31091): VFY: unable to resolve virtual method 7870: Lcom/baidu/location/LocationClientOption;.setOpenGps (Z)V
05-20 13:09:11.080 D/dalvikvm(31091): VFY: replacing opcode 0x6e at 0x0009
05-20 13:09:11.080 D/dalvikvm(31091): DexOpt: unable to opt direct call 0x1eb3 at 0x04 in Lcom/baidu/android/nebula/util/BDLocationManager;.e
05-20 13:09:11.080 I/dalvikvm(31091): Failed resolving Lcom/baidu/android/nebula/util/BDLocationManager$BaiduLocationListener; interface 1169 'Lcom/baidu/location/BDLocationListener;'
05-20 13:09:11.080 W/dalvikvm(31091): Link of class 'Lcom/baidu/android/nebula/util/BDLocationManager$BaiduLocationListener;' failed
05-20 13:09:11.080 D/dalvikvm(31091): DexOpt: unable to opt direct call 0x1cc1 at 0x0b in Lcom/baidu/android/nebula/util/BDLocationManager;.e
05-20 13:09:11.080 D/dalvikvm(31091): DexOpt: unable to opt direct call 0x1ebb at 0x02 in Lcom/baidu/android/nebula/util/BDLocationManager;.f
05-20 13:09:11.080 W/Parcel  ( 1661): Attempt to read object from Parcel 0x6003bdac at offset 200 that is not in the object list
05-20 13:09:11.150 D/dalvikvm(31091): GC_CONCURRENT freed 650K, 7% free 9403K/10096K, paused 3ms+4ms, total 41ms
05-20 13:09:11.252 D/dalvikvm(31091): GC_CONCURRENT freed 109K, 4% free 9736K/10096K, paused 3ms+3ms, total 40ms
05-20 13:09:11.267 W/Parcel  ( 1661): Attempt to read object from Parcel 0x5ec3bdac at offset 200 that is not in the object list
05-20 13:09:11.275 W/Parcel  ( 1661): Attempt to read object from Parcel 0x5dfd3dac at offset 200 that is not in the object list
05-20 13:09:49.213 D/dalvikvm( 1661): GC_EXPLICIT freed 351K, 18% free 13079K/15888K, paused 2ms+5ms, total 59ms
05-20 13:09:54.275 D/dalvikvm( 1661): GC_EXPLICIT freed 3K, 18% free 13075K/15888K, paused 2ms+5ms, total 59ms
05-20 13:10:04.283 D/dalvikvm( 1661): GC_EXPLICIT freed <1K, 18% free 13075K/15888K, paused 2ms+5ms, total 59ms
05-20 13:10:09.127 W/MountService(  374): getVolumeState(/storage/emulated/0/external_sd): Unknown volume
05-20 13:10:09.135 W/MountService(  374): getVolumeState(/mnt/sdcard-ext): Unknown volume
05-20 13:10:09.135 W/MountService(  374): getVolumeState(/mnt/ext_sdcard): Unknown volume
05-20 13:10:09.135 W/MountService(  374): getVolumeState(/mnt/sdcard2): Unknown volume
05-20 13:10:09.135 W/MountService(  374): getVolumeState(/mnt/emmc): Unknown volume
05-20 13:10:09.135 W/MountService(  374): getVolumeState(/mnt/extSdCard): Unknown volume
05-20 13:10:09.135 W/MountService(  374): getVolumeState(/mnt/sdcard/SD_CARD): Unknown volume
05-20 13:10:09.135 W/MountService(  374): getVolumeState(/mnt/sdcard/extra_sd): Unknown volume
05-20 13:10:09.135 W/MountService(  374): getVolumeState(/mnt/extrasd_bind): Unknown volume
05-20 13:10:09.135 W/MountService(  374): getVolumeState(/mnt/sdcard/ext_sd): Unknown volume
05-20 13:10:09.135 W/MountService(  374): getVolumeState(/storage/extSdCard): Unknown volume
05-20 13:10:09.135 W/MountService(  374): getVolumeState(/storage/sdcard1): Unknown volume
05-20 13:10:09.135 W/MountService(  374): getVolumeState(/mnt/sdcard/external_SD): Unknown volume
05-20 13:10:09.142 W/MountService(  374): getVolumeState(/mnt/sdcard/external_sd): Unknown volume
05-20 13:10:09.221 D/dalvikvm( 1468): GC_CONCURRENT freed 453K, 21% free 9637K/12104K, paused 10ms+4ms, total 63ms
05-20 13:10:09.439 W/MountService(  374): getVolumeState(/storage/emulated/0/external_sd): Unknown volume
05-20 13:10:09.439 W/MountService(  374): getVolumeState(/mnt/sdcard-ext): Unknown volume
05-20 13:10:09.439 W/MountService(  374): getVolumeState(/mnt/ext_sdcard): Unknown volume
05-20 13:10:09.439 W/MountService(  374): getVolumeState(/mnt/sdcard2): Unknown volume
05-20 13:10:09.455 W/MountService(  374): getVolumeState(/mnt/emmc): Unknown volume
05-20 13:10:09.455 W/MountService(  374): getVolumeState(/mnt/extSdCard): Unknown volume
05-20 13:10:09.455 W/MountService(  374): getVolumeState(/mnt/sdcard/SD_CARD): Unknown volume
05-20 13:10:09.455 W/MountService(  374): getVolumeState(/mnt/sdcard/extra_sd): Unknown volume
05-20 13:10:09.455 W/MountService(  374): getVolumeState(/mnt/extrasd_bind): Unknown volume
05-20 13:10:09.455 W/MountService(  374): getVolumeState(/mnt/sdcard/ext_sd): Unknown volume
05-20 13:10:09.455 W/MountService(  374): getVolumeState(/storage/extSdCard): Unknown volume
05-20 13:10:09.455 W/MountService(  374): getVolumeState(/storage/sdcard1): Unknown volume
05-20 13:10:09.455 W/MountService(  374): getVolumeState(/mnt/sdcard/external_SD): Unknown volume
05-20 13:10:09.455 W/MountService(  374): getVolumeState(/mnt/sdcard/external_sd): Unknown volume
05-20 13:10:09.478 D/dalvikvm( 1468): GC_CONCURRENT freed 484K, 21% free 9657K/12104K, paused 5ms+5ms, total 49ms
05-20 13:10:09.478 D/dalvikvm( 1468): WAIT_FOR_CONCURRENT_GC blocked 16ms
05-20 13:10:09.486 D/dalvikvm( 1468): WAIT_FOR_CONCURRENT_GC blocked 13ms
05-20 13:10:26.158 D/dalvikvm(30956): GC_CONCURRENT freed 319K, 4% free 9147K/9508K, paused 3ms+2ms, total 25ms
05-20 13:11:08.541 W/Parcel  ( 1661): Attempt to read object from Parcel 0x5ec3bdac at offset 200 that is not in the object list
05-20 13:11:08.596 D/dalvikvm( 1468): GC_CONCURRENT freed 442K, 21% free 9618K/12104K, paused 4ms+3ms, total 31ms
05-20 13:11:09.142 W/MountService(  374): getVolumeState(/storage/emulated/0/external_sd): Unknown volume
05-20 13:11:09.142 W/MountService(  374): getVolumeState(/mnt/sdcard-ext): Unknown volume
05-20 13:11:09.142 W/MountService(  374): getVolumeState(/mnt/ext_sdcard): Unknown volume
05-20 13:11:09.142 W/MountService(  374): getVolumeState(/mnt/sdcard2): Unknown volume
05-20 13:11:09.142 W/MountService(  374): getVolumeState(/mnt/emmc): Unknown volume
05-20 13:11:09.142 W/MountService(  374): getVolumeState(/mnt/extSdCard): Unknown volume
05-20 13:11:09.142 W/MountService(  374): getVolumeState(/mnt/sdcard/SD_CARD): Unknown volume
05-20 13:11:09.142 W/MountService(  374): getVolumeState(/mnt/sdcard/extra_sd): Unknown volume
05-20 13:11:09.150 W/MountService(  374): getVolumeState(/mnt/extrasd_bind): Unknown volume
05-20 13:11:09.150 W/MountService(  374): getVolumeState(/mnt/sdcard/ext_sd): Unknown volume
05-20 13:11:09.150 W/MountService(  374): getVolumeState(/storage/extSdCard): Unknown volume
05-20 13:11:09.150 W/MountService(  374): getVolumeState(/storage/sdcard1): Unknown volume
05-20 13:11:09.150 W/MountService(  374): getVolumeState(/mnt/sdcard/external_SD): Unknown volume
05-20 13:11:09.150 W/MountService(  374): getVolumeState(/mnt/sdcard/external_sd): Unknown volume
05-20 13:11:09.291 D/dalvikvm( 1468): GC_CONCURRENT freed 304K, 20% free 9747K/12104K, paused 5ms+4ms, total 38ms
05-20 13:11:09.447 D/dalvikvm(31070): GC_CONCURRENT freed 213K, 3% free 9107K/9356K, paused 3ms+3ms, total 74ms
05-20 13:11:09.478 W/MountService(  374): getVolumeState(/storage/emulated/0/external_sd): Unknown volume
05-20 13:11:09.478 W/MountService(  374): getVolumeState(/mnt/sdcard-ext): Unknown volume
05-20 13:11:09.478 W/MountService(  374): getVolumeState(/mnt/ext_sdcard): Unknown volume
05-20 13:11:09.478 W/MountService(  374): getVolumeState(/mnt/sdcard2): Unknown volume
05-20 13:11:09.478 W/MountService(  374): getVolumeState(/mnt/emmc): Unknown volume
05-20 13:11:09.478 W/MountService(  374): getVolumeState(/mnt/extSdCard): Unknown volume
05-20 13:11:09.478 W/MountService(  374): getVolumeState(/mnt/sdcard/SD_CARD): Unknown volume
05-20 13:11:09.486 W/MountService(  374): getVolumeState(/mnt/sdcard/extra_sd): Unknown volume
05-20 13:11:09.486 W/MountService(  374): getVolumeState(/mnt/extrasd_bind): Unknown volume
05-20 13:11:09.486 W/MountService(  374): getVolumeState(/mnt/sdcard/ext_sd): Unknown volume
05-20 13:11:09.486 W/MountService(  374): getVolumeState(/storage/extSdCard): Unknown volume
05-20 13:11:09.486 W/MountService(  374): getVolumeState(/storage/sdcard1): Unknown volume
05-20 13:11:09.486 W/MountService(  374): getVolumeState(/mnt/sdcard/external_SD): Unknown volume
05-20 13:11:09.486 W/MountService(  374): getVolumeState(/mnt/sdcard/external_sd): Unknown volume
05-20 13:11:09.541 D/dalvikvm( 1468): GC_CONCURRENT freed 597K, 21% free 9662K/12104K, paused 4ms+7ms, total 46ms
05-20 13:11:25.689 D/dalvikvm(  561): GC_EXPLICIT freed 246K, 5% free 9422K/9848K, paused 2ms+5ms, total 32ms
05-20 13:11:49.330 D/dalvikvm( 1661): GC_EXPLICIT freed 233K, 18% free 13078K/15888K, paused 3ms+5ms, total 60ms
05-20 13:11:54.392 D/dalvikvm( 1661): GC_EXPLICIT freed 2K, 18% free 13075K/15888K, paused 3ms+5ms, total 59ms
05-20 13:11:55.275 D/dalvikvm(31125): Late-enabling CheckJNI
05-20 13:11:55.275 I/ActivityManager(  374): Start proc com.pekall.emdm.launcher:remote for service com.pekall.emdm.launcher/com.baidu.location.f: pid=31125 uid=10066 gids={50066, 1015, 3002, 3001, 3003, 1028}
05-20 13:11:55.322 V/MyServiceConnection(31125): [SConnection] sandbox service is NOT installed.
05-20 13:11:55.322 V/MyServiceConnection(31125): [SConnection] binding service: pekall.intent.action.SANDBOX_SERVICE
05-20 13:11:55.330 D/ScClassLoader(31125): >> SOURCE FILE: /data/data/com.pekall.emdm.launcher/app_jars/sc-jdk15on-1.47.0.2.dex.jar
05-20 13:11:55.400 D/dalvikvm(31125): GC_CONCURRENT freed 129K, 2% free 9305K/9472K, paused 4ms+3ms, total 47ms
05-20 13:11:55.400 D/dalvikvm(31125): WAIT_FOR_CONCURRENT_GC blocked 6ms
05-20 13:11:55.408 W/Parcel  ( 1661): Attempt to read object from Parcel 0x6013bdac at offset 200 that is not in the object list
05-20 13:11:55.408 W/Parcel  ( 1661): Attempt to read object from Parcel 0x6003bdac at offset 200 that is not in the object list
05-20 13:11:55.408 D/Email   (31125): Email: init sandbox at the beginning.
05-20 13:11:55.408 V/MyServiceConnection(31125): [SConnection] retry to bind service
05-20 13:11:55.408 V/MyServiceConnection(31125): [SConnection] sandbox service is NOT installed.
05-20 13:11:55.408 V/MyServiceConnection(31125): [SConnection] binding service: pekall.intent.action.SANDBOX_SERVICE
05-20 13:11:55.463 V/MyServiceConnection(31125): [SConnection] retry to bind service
05-20 13:11:55.463 V/MyServiceConnection(31125): [SConnection] sandbox service is NOT installed.
05-20 13:11:55.463 V/MyServiceConnection(31125): [SConnection] binding service: pekall.intent.action.SANDBOX_SERVICE
05-20 13:11:55.471 V/l       (31125): Bind requested for task setLogging
05-20 13:11:55.502 D/ExchangeService(26771): !!! EAS ExchangeService, onCreate
05-20 13:11:55.502 W/Parcel  ( 1661): Attempt to read object from Parcel 0x5ef3bdac at offset 200 that is not in the object list
05-20 13:11:55.510 D/ExchangeService(26771): !!! EAS ExchangeService, onStartCommand, startingUp = false, running = false
05-20 13:11:55.510 D/ExchangeService(26771): to start secureStorageService now
05-20 13:11:55.510 D/dalvikvm(31125): GC_CONCURRENT freed 254K, 3% free 9562K/9856K, paused 7ms+10ms, total 50ms
05-20 13:11:55.510 D/dalvikvm(31125): WAIT_FOR_CONCURRENT_GC blocked 17ms
05-20 13:11:55.517 D/dalvikvm(31125): WAIT_FOR_CONCURRENT_GC blocked 5ms
05-20 13:11:55.533 V/a       (26771): Bind requested for task test
05-20 13:11:55.556 D/ExchangeService(26771): Reconciling accounts...
05-20 13:11:55.556 V/a       (26771): Connected: com.pekall.semail.service.AccountServiceInternal
05-20 13:11:55.572 V/a       (26771): Connection test succeeded in 34ms
05-20 13:11:55.572 V/a       (26771): Task test completed; disconnecting
05-20 13:11:55.580 W/DocumentManager(31125): Sandbox service is not connected.
05-20 13:11:55.580 D/MessageControllerImpl(31125): controller is null
05-20 13:11:55.580 V/MyServiceConnection(31125): [SConnection] retry to bind service