05-20 13:03:00.877 D/        (26771): [---null: -1---]  11112223  mRows4
05-20 13:03:00.877 D/        (26771): [---null: -1---]  1111222  mLongAxisStartPadding110
05-20 13:03:00.877 D/        (26771): [---null: -1---]  11112223  heightSpecSize1094
05-20 13:03:00.877 D/        (26771): [---null: -1---]  11112223  mLongAxisStartPadding110
05-20 13:03:00.877 D/        (26771): [---null: -1---]  11112223  mLongAxisEndPadding110
05-20 13:03:00.877 D/        (26771): [---null: -1---]  11112223  mRows4
05-20 13:03:00.877 D/        (26771): [---null: -1---]  1111222  mLongAxisStartPadding110
05-20 13:03:00.877 D/        (26771): [---null: -1---]  11112223  heightSpecSize1094
05-20 13:03:00.885 D/        (26771): [---null: -1---]  11112223  mLongAxisStartPadding110
05-20 13:03:00.885 D/        (26771): [---null: -1---]  11112223  mLongAxisEndPadding110
05-20 13:03:00.885 D/        (26771): [---null: -1---]  11112223  mRows4
05-20 13:03:00.885 D/        (26771): [---null: -1---]  1111222  mLongAxisStartPadding110
05-20 13:03:00.885 D/        (26771): [---null: -1---]  11112223  heightSpecSize1094
05-20 13:03:00.885 D/        (26771): [---null: -1---]  11112223  mLongAxisStartPadding110
05-20 13:03:00.885 D/        (26771): [---null: -1---]  11112223  mLongAxisEndPadding110
05-20 13:03:00.885 D/        (26771): [---null: -1---]  11112223  mRows4
05-20 13:03:00.885 D/        (26771): [---null: -1---]  1111222  mLongAxisStartPadding110
05-20 13:03:00.885 D/        (26771): [---null: -1---]  11112223  heightSpecSize1094
05-20 13:03:00.892 D/        (26771): [---null: -1---]  11112223  mLongAxisStartPadding110
05-20 13:03:00.892 D/        (26771): [---null: -1---]  11112223  mLongAxisEndPadding110
05-20 13:03:00.892 D/        (26771): [---null: -1---]  11112223  mRows4
05-20 13:03:00.916 E/QueryController(30763): Cannot proceed when root node is null. Aborted search
05-20 13:03:00.924 E/QueryController(30763): Got null root node from accessibility - Retrying...
05-20 13:03:00.955 D/        (26771): [---null: -1---]  xxd111  getPackageName  com.pekall.emdm.launcher
05-20 13:03:00.955 D/        (26771): [---null: -1---]  xxd111  getClassName  com.pekall.emdm.contacts.activities.PeopleActivity
05-20 13:03:00.955 D/        (26771): [---null: -1---]  xxd111  info.title  EmdmContacts ,count is 0
05-20 13:03:00.955 D/        (26771): [---null: -1---]  xxd111  getPackageName  com.pekall.emdm.launcher
05-20 13:03:00.963 D/        (26771): [---null: -1---]  xxd111  getClassName  com.pekall.emdm.browser.BrowserActivity
05-20 13:03:00.963 D/        (26771): [---null: -1---]  xxd111  info.title  Safe Browser ,count is 0
05-20 13:03:00.963 D/        (26771): [---null: -1---]  xxd111  getPackageName  com.pekall.emdm.launcher
05-20 13:03:00.963 D/        (26771): [---null: -1---]  xxd111  getClassName  com.pekall.emdm.launcher.ui.AboutActivity
05-20 13:03:00.971 D/        (26771): [---null: -1---]  xxd111  info.title  About ,count is 0
05-20 13:03:00.971 D/        (26771): [---null: -1---]  xxd111  getPackageName  com.pekall.emdm.launcher
05-20 13:03:00.971 D/        (26771): [---null: -1---]  xxd111  getClassName  com.pekall.emdm.launcher.ui.SettingActivity
05-20 13:03:00.971 D/        (26771): [---null: -1---]  xxd111  info.title  Setting ,count is 0
05-20 13:03:00.978 V/l       (26771): Connected: com.pekall.exchange.ExchangeService
05-20 13:03:00.978 D/ExchangeService(26771): !!! EAS ExchangeService, onStartCommand, startingUp = false, running = false
05-20 13:03:00.978 D/ExchangeService(26771): to start secureStorageService now
05-20 13:03:00.978 D/        (26771): [---null: -1---]  1111222  mLongAxisStartPadding110
05-20 13:03:00.986 D/        (26771): [---null: -1---]  11112223  heightSpecSize1094
05-20 13:03:00.986 D/        (26771): [---null: -1---]  11112223  mLongAxisStartPadding110
05-20 13:03:00.986 D/        (26771): [---null: -1---]  11112223  mLongAxisEndPadding110
05-20 13:03:00.986 D/        (26771): [---null: -1---]  11112223  mRows4
05-20 13:03:00.994 D/        (26771): [---null: -1---]  1111222  mLongAxisStartPadding110
05-20 13:03:00.994 V/l       (26771): Task setLogging completed; disconnecting
05-20 13:03:00.994 D/        (26771): [---null: -1---]  11112223  heightSpecSize1094
05-20 13:03:01.002 D/        (26771): [---null: -1---]  11112223  mLongAxisStartPadding110
05-20 13:03:01.002 D/        (26771): [---null: -1---]  11112223  mLongAxisEndPadding110
05-20 13:03:01.002 D/        (26771): [---null: -1---]  11112223  mRows4
05-20 13:03:01.010 V/a       (26771): Bind requested for task test
05-20 13:03:01.064 D/ExchangeService(26771): Reconciling accounts...
05-20 13:03:01.064 V/a       (26771): Bind requested for task reconcileAccounts
05-20 13:03:01.072 V/a       (26771): Waiting for task reconcileAccounts to complete...
05-20 13:03:01.111 I/ActivityManager(  374): Displayed com.pekall.emdm.launcher/.Launcher: +2s441ms
05-20 13:03:01.135 D/        (26771): [---null: -1---]  1111222  mLongAxisStartPadding110
05-20 13:03:01.135 D/        (26771): [---null: -1---]  11112223  heightSpecSize1094
05-20 13:03:01.135 D/        (26771): [---null: -1---]  11112223  mLongAxisStartPadding110
05-20 13:03:01.135 D/        (26771): [---null: -1---]  11112223  mLongAxisEndPadding110
05-20 13:03:01.142 D/        (26771): [---null: -1---]  11112223  mRows4
05-20 13:03:01.142 D/        (26771): [---null: -1---]  1111222  mLongAxisStartPadding110
05-20 13:03:01.142 D/        (26771): [---null: -1---]  11112223  heightSpecSize1094
05-20 13:03:01.142 D/        (26771): [---null: -1---]  11112223  mLongAxisStartPadding110
05-20 13:03:01.142 D/        (26771): [---null: -1---]  11112223  mLongAxisEndPadding110
05-20 13:03:01.142 D/        (26771): [---null: -1---]  11112223  mRows4
05-20 13:03:01.142 D/        (26771): [---null: -1---]  1111222  mLongAxisStartPadding110
05-20 13:03:01.142 D/        (26771): [---null: -1---]  11112223  heightSpecSize1094
05-20 13:03:01.150 D/        (26771): [---null: -1---]  11112223  mLongAxisStartPadding110
05-20 13:03:01.150 D/        (26771): [---null: -1---]  11112223  mLongAxisEndPadding110
05-20 13:03:01.150 D/        (26771): [---null: -1---]  11112223  mRows4
05-20 13:03:01.150 D/        (26771): [---null: -1---]  1111222  mLongAxisStartPadding110
05-20 13:03:01.150 D/        (26771): [---null: -1---]  11112223  heightSpecSize1094
05-20 13:03:01.150 D/        (26771): [---null: -1---]  11112223  mLongAxisStartPadding110
05-20 13:03:01.158 D/        (26771): [---null: -1---]  11112223  mLongAxisEndPadding110
05-20 13:03:01.158 D/        (26771): [---null: -1---]  11112223  mRows4
05-20 13:03:01.158 D/        (26771): [---null: -1---]  1111222  mLongAxisStartPadding110
05-20 13:03:01.158 D/        (26771): [---null: -1---]  11112223  heightSpecSize1094
05-20 13:03:01.158 D/        (26771): [---null: -1---]  11112223  mLongAxisStartPadding110
05-20 13:03:01.158 D/        (26771): [---null: -1---]  11112223  mLongAxisEndPadding110
05-20 13:03:01.158 D/        (26771): [---null: -1---]  11112223  mRows4
05-20 13:03:01.158 D/        (26771): [---null: -1---]  1111222  mLongAxisStartPadding110
05-20 13:03:01.166 D/        (26771): [---null: -1---]  11112223  heightSpecSize1094
05-20 13:03:01.166 D/        (26771): [---null: -1---]  11112223  mLongAxisStartPadding110
05-20 13:03:01.166 D/        (26771): [---null: -1---]  11112223  mLongAxisEndPadding110
05-20 13:03:01.166 D/        (26771): [---null: -1---]  11112223  mRows4
05-20 13:03:01.166 D/        (26771): [---null: -1---]  1111222  mLongAxisStartPadding110
05-20 13:03:01.166 D/        (26771): [---null: -1---]  11112223  heightSpecSize1094
05-20 13:03:01.174 D/        (26771): [---null: -1---]  11112223  mLongAxisStartPadding110
05-20 13:03:01.174 D/        (26771): [---null: -1---]  11112223  mLongAxisEndPadding110
05-20 13:03:01.174 D/        (26771): [---null: -1---]  11112223  mRows4
05-20 13:03:01.174 D/        (26771): [---null: -1---]  1111222  mLongAxisStartPadding110
05-20 13:03:01.174 D/        (26771): [---null: -1---]  11112223  heightSpecSize1094
05-20 13:03:01.174 D/        (26771): [---null: -1---]  11112223  mLongAxisStartPadding110
05-20 13:03:01.174 D/        (26771): [---null: -1---]  11112223  mLongAxisEndPadding110
05-20 13:03:01.174 D/        (26771): [---null: -1---]  11112223  mRows4
05-20 13:03:01.181 D/        (26771): [---null: -1---]  1111222  mLongAxisStartPadding110
05-20 13:03:01.181 D/        (26771): [---null: -1---]  11112223  heightSpecSize1094
05-20 13:03:01.181 D/        (26771): [---null: -1---]  11112223  mLongAxisStartPadding110
05-20 13:03:01.181 D/        (26771): [---null: -1---]  11112223  mLongAxisEndPadding110
05-20 13:03:01.181 D/        (26771): [---null: -1---]  11112223  mRows4
05-20 13:03:01.181 D/        (26771): [---null: -1---]  1111222  mLongAxisStartPadding110
05-20 13:03:01.189 D/        (26771): [---null: -1---]  11112223  heightSpecSize1094
05-20 13:03:01.189 D/        (26771): [---null: -1---]  11112223  mLongAxisStartPadding110
05-20 13:03:01.189 D/        (26771): [---null: -1---]  11112223  mLongAxisEndPadding110
05-20 13:03:01.189 D/        (26771): [---null: -1---]  11112223  mRows4
05-20 13:03:01.228 V/a       (26771): Connected: com.pekall.semail.service.AccountServiceInternal
05-20 13:03:01.228 V/a       (26771): Connected: com.pekall.semail.service.AccountServiceInternal
05-20 13:03:01.236 V/a       (26771): Connection test succeeded in 231ms
05-20 13:03:01.236 V/a       (26771): Task test completed; disconnecting
05-20 13:03:01.252 V/a       (26771): Task reconcileAccounts completed; disconnecting
05-20 13:03:01.267 V/a       (26771): Wait for reconcileAccounts finished in 195ms
05-20 13:03:01.314 I/QueryController(30763): Matched selector: UiSelector[TEXT=Personal Mode] <<==>> [android.view.accessibility.AccessibilityNodeInfo@7cc18; boundsInParent: Rect(0, 0 - 160, 200); boundsInScreen: Rect(190, 608 - 350, 808); packageName: com.pekall.emdm.launcher; className: android.widget.TextView; text: Personal Mode; contentDescription: null; viewIdResName: null; checkable: false; checked: false; focusable: false; focused: false; selected: false; clickable: true; longClickable: true; enabled: true; password: false; scrollable: false; [ACTION_SELECT, ACTION_CLEAR_SELECTION, ACTION_CLICK, ACTION_LONG_CLICK, ACTION_ACCESSIBILITY_FOCUS, ACTION_NEXT_AT_MOVEMENT_GRANULARITY, ACTION_PREVIOUS_AT_MOVEMENT_GRANULARITY, ACTION_SET_SELECTION]]
05-20 13:03:01.314 D/        (26771): [---null: -1---]  1111222  mLongAxisStartPadding110
05-20 13:03:01.314 D/        (26771): [---null: -1---]  11112223  heightSpecSize1094
05-20 13:03:01.322 D/        (26771): [---null: -1---]  11112223  mLongAxisStartPadding110
05-20 13:03:01.322 D/        (26771): [---null: -1---]  11112223  mLongAxisEndPadding110
05-20 13:03:01.322 D/        (26771): [---null: -1---]  11112223  mRows4
05-20 13:03:01.330 D/        (26771): [---null: -1---]  1111222  mLongAxisStartPadding110
05-20 13:03:01.330 D/        (26771): [---null: -1---]  11112223  heightSpecSize1094
05-20 13:03:01.330 I/ActivityManager(  374): START u0 {act=android.intent.action.MAIN cat=[android.intent.category.HOME] flg=0x10200000 cmp=com.pekall.emdm.launcher/.Launcher} from pid 374
05-20 13:03:01.338 D/        (26771): [---null: -1---]  11112223  mLongAxisStartPadding110
05-20 13:03:01.338 D/        (26771): [---null: -1---]  11112223  mLongAxisEndPadding110
05-20 13:03:01.346 D/        (26771): [---null: -1---]  11112223  mRows4
05-20 13:03:01.361 D/ExchangeService(26771): !!! EAS ExchangeService, stopping self
05-20 13:03:01.361 W/Settings(26771): Setting data_roaming has moved from android.provider.Settings.System to android.provider.Settings.Global, returning read-only value.
05-20 13:03:01.377 D/LauncherApplication(26771): [null:-1]->onActivityPaused
05-20 13:03:01.385 D/LauncherApplication(26771): [null:-1]->onActivityPaused  updateTime
05-20 13:03:01.400 D/        (26771): [---null: -1---]     awsa  onActivityResumed
05-20 13:03:01.400 V/LauncherApplication(26771): 2MdmConstant.LAST_LAUNCH_TIME = 1400562181392
05-20 13:03:01.416 D/        (26771): [---null: -1---]  activity = com.pekall.emdm.launcher.Launcher
05-20 13:03:01.416 V/DefultSetContriller(26771): isLauncherDf = com.pekall.emdm.launcher
05-20 13:03:01.424 V/DefultSetContriller(26771): isLauncherDf = com.pekall.emdm.launcher
05-20 13:03:01.424 V/DefultSetContriller(26771): isPhoneDf = com.pekall.emdm.launcher
05-20 13:03:01.424 E/LauncherApplication(26771): isShowLogoutUI = true
05-20 13:03:01.424 E/LauncherApplication(26771): LogoutShowTime 1
05-20 13:03:01.424 V/Launcher(26771): onResume1111111 
05-20 13:03:01.424 V/Launcher(26771): is login ----> 
05-20 13:03:01.424 I/System.out(26771):  
05-20 13:03:01.424 I/System.out(26771): com.pekall.emdm.launcher.Workspace.setWallpaper(Unknown Source)
05-20 13:03:01.424 I/System.out(26771): com.pekall.emdm.launcher.Launcher.onResume(Unknown Source)
05-20 13:03:01.424 I/System.out(26771): android.app.Instrumentation.callActivityOnResume(Instrumentation.java:1192)
05-20 13:03:01.424 I/System.out(26771): android.app.Activity.performResume(Activity.java:5211)
05-20 13:03:01.431 I/System.out(26771): android.app.ActivityThread.performNewIntents(ActivityThread.java:2345)
05-20 13:03:01.431 I/System.out(26771): android.app.ActivityThread.handleNewIntent(ActivityThread.java:2352)
05-20 13:03:01.431 I/System.out(26771): android.app.ActivityThread.access$1400(ActivityThread.java:141)
05-20 13:03:01.431 I/System.out(26771): android.app.ActivityThread$H.handleMessage(ActivityThread.java:1327)
05-20 13:03:01.431 I/System.out(26771): android.os.Handler.dispatchMessage(Handler.java:99)
05-20 13:03:01.431 I/System.out(26771): android.os.Looper.loop(Looper.java:137)
05-20 13:03:01.431 I/System.out(26771): android.app.ActivityThread.main(ActivityThread.java:5103)
05-20 13:03:01.431 I/System.out(26771): java.lang.reflect.Method.invokeNative(Native Method)
05-20 13:03:01.431 I/System.out(26771): java.lang.reflect.Method.invoke(Method.java:525)
05-20 13:03:01.431 I/System.out(26771): com.android.internal.os.ZygoteInit$MethodAndArgsCaller.run(ZygoteInit.java:737)
05-20 13:03:01.431 I/System.out(26771): com.android.internal.os.ZygoteInit.main(ZygoteInit.java:553)
05-20 13:03:01.431 I/System.out(26771): dalvik.system.NativeStart.main(Native Method)
05-20 13:03:01.689 D/dalvikvm(26771): JIT unchain all for threadid=11
05-20 13:03:01.760 D/dalvikvm(26771): GC_FOR_ALLOC freed 3582K, 18% free 50825K/61604K, paused 326ms, total 326ms
05-20 13:03:01.783 I/dalvikvm-heap(26771): Grow heap (frag case) to 52.993MB for 3415696-byte allocation
05-20 13:03:02.033 D/dalvikvm(26771): JIT unchain all for threadid=11
05-20 13:03:02.088 D/dalvikvm(26771): GC_FOR_ALLOC freed 4K, 17% free 54155K/64940K, paused 302ms, total 302ms
05-20 13:03:02.189 D/ExchangeService(26771): !!! EAS ExchangeService, onDestroy
05-20 13:03:02.189 I/Choreographer(26771): Skipped 46 frames!  The application may be doing too much work on its main thread.
05-20 13:03:03.588 D/CommandManager(26771): [null:-1]->requestType: DeviceInformation
05-20 13:03:03.627 W/Parcel  ( 1661): Attempt to read object from Parcel 0x6003bdac at offset 200 that is not in the object list
05-20 13:03:03.674 D/MdmDatabaseHelper(26771): [null:-1]->update command fc9b2b1f-7b8c-473f-afc8-f5f1f639238b to commandStatus <?xml version="1.0" encoding="UTF-8"?>
05-20 13:03:03.674 D/MdmDatabaseHelper(26771): <!DOCTYPE plist PUBLIC "-//Apple//DTD PLIST 1.0//EN" "http://www.apple.com/DTDs/PropertyList-1.0.dtd">
05-20 13:03:03.674 D/MdmDatabaseHelper(26771): <plist version="1.0">
05-20 13:03:03.674 D/MdmDatabaseHelper(26771): <dict>
05-20 13:03:03.674 D/MdmDatabaseHelper(26771): 	<key>QueryResponses</key>
05-20 13:03:03.674 D/MdmDatabaseHelper(26771): 	<dict>
05-20 13:03:03.674 D/MdmDatabaseHelper(26771): 		<key>deviceId</key>
05-20 13:03:03.674 D/MdmDatabaseHelper(26771): 		<string>00013fbc8ecec5b90000014613abe64a</string>
05-20 13:03:03.674 D/MdmDatabaseHelper(26771): 		<key>deviceSecurityStatus</key>
05-20 13:03:03.674 D/MdmDatabaseHelper(26771): 		<string>root</string>
05-20 13:03:03.674 D/MdmDatabaseHelper(26771): 		<key>diskTotal</key>
05-20 13:03:03.674 D/MdmDatabaseHelper(26771): 		<string>0.0</string>
05-20 13:03:03.674 D/MdmDatabaseHelper(26771): 		<key>diskUsed</key>
05-20 13:03:03.674 D/MdmDatabaseHelper(26771): 		<string>0.0</string>
05-20 13:03:03.674 D/MdmDatabaseHelper(26771): 		<key>displaySize</key>
05-20 13:03:03.674 D/MdmDatabaseHelper(26771): 		<string>720x1184</string>
05-20 13:03:03.674 D/MdmDatabaseHelper(26771): 		<key>freeDiskSize</key>
05-20 13:03:03.674 D/MdmDatabaseHelper(26771): 		<integer>0</integer>
05-20 13:03:03.674 D/MdmDatabaseHelper(26771): 		<key>freeRamSize</key>
05-20 13:03:03.674 D/MdmDatabaseHelper(26771): 		<integer>35942400</integer>
05-20 13:03:03.674 D/MdmDatabaseHelper(26771): 		<key>language</key>
05-20 13:03:03.674 D/MdmDatabaseHelper(26771): 		<string>en-US</string>
05-20 13:03:03.674 D/MdmDatabaseHelper(26771): 		<key>netSpeed</key>
05-20 13:03:03.674 D/MdmDatabaseHelper(26771): 		<dict>
05-20 13:03:03.674 D/MdmDatabaseHelper(26771): 			<key>downlink</key>
05-20 13:03:03.674 D/MdmDatabaseHelper(26771): 			<real>6682203.333333333</real>
05-20 13:03:03.674 D/MdmDatabaseHelper(26771): 			<key>uplink</key>
05-20 13:03:03.674 D/MdmDatabaseHelper(26771): 			<real>5033201.0</real>
05-20 13:03:03.674 D/MdmDatabaseHelper(26771): 		</dict>
05-20 13:03:03.674 D/MdmDatabaseHelper(26771): 		<key>ramTotal</key>
05-20 13:03:03.674 D/MdmDatabaseHelper(26771): 		<string>728023040</string>
05-20 13:03:03.674 D/MdmDatabaseHelper(26771): 		<key>ramUsed</key>
05-20 13:03:03.674 D/MdmDatabaseHelper(26771): 		<string>692080640</string>
05-20 13:03:03.674 D/MdmDatabaseHelper(26771): 		<key>trafficBytes</key>
05-20 13:03:03.674 D/MdmDatabaseHelper(26771): 		<integer>0</integer>
05-20 13:03:03.674 D/MdmDatabaseHelper(26771): 		<key>AvailableDeviceCapacity</key>
05-20 13:03:03.674 D/MdmDatabaseHelper(26771): 		<real>1.3425612E7</real>
05-20 13:03:03.674 D/MdmDatabaseHelper(26771): 		<key>BuildVersion</key>
05-20 13:03:03.674 D/MdmDatabaseHelper(26771): 		<string>REL</string>
05-20 13:03:03.674 D/MdmDatabaseHelper(26771): 		<key>CanDisableSystemFunction</key>
05-20 13:03:03.674 D/MdmDatabaseHelper(26771): 		<false/>
05-20 13:03:03.674 D/MdmDatabaseHelper(26771): 		<key>CellularTechnology</key>
05-20 13:03:03.674 D/MdmDatabaseHelper(26771): 		<integer>3</integer>
05-20 13:03:03.674 D/MdmDatabaseHelper(26771): 		<key>CurrentCarrierNetwork</key>
05-20 13:03:03.674 D/MdmDatabaseHelper(26771): 		<string></string>
05-20 13:03:03.674 D/MdmDatabaseHelper(26771): 		<key>CurrentMCC</key>
05-20 13:03:03.674 D/MdmDatabaseHelper(26771): 		<string>cn</string>
05-20 13:03:03.674 D/MdmDatabaseHelper(26771): 		<key>CurrentMNC</key>
05-20 13:03:03.674 D/MdmDatabaseHelper(26771): 		<string>46001</string>
05-20 13:03:03.674 D/MdmDatabaseHelper(26771): 		<key>DataRoamingEnabled</key>
05-20 13:03:03.674 D/MdmDatabaseHelper(26771): 		<false/>
05-20 13:03:03.674 D/MdmDatabaseHelper(26771): 		<key>DeviceCapacity</key>
05-20 13:03:03.674 D/MdmDatabaseHelper(26771): 		<real>1.3975888E7</real>
05-20 13:03:03.674 D/MdmDatabaseHelper(26771): 		<key>HasSamsungSafeAPI</key>
05-20 13:03:03.674 D/MdmDatabaseHelper(26771): 		<false/>
05-20 13:03:03.674 D/MdmDatabaseHelper(26771): 		<key>ICCID</key>
05-20 13:03:03.674 D/MdmDatabaseHelper(26771): 		<string></string>
05-20 13:03:03.674 D/MdmDatabaseHelper(26771): 		<key>IMEI</key>
05-20 13:03:03.674 D/MdmDatabaseHelper(26771): 		<string>351554059027897</string>
05-20 13:03:03.674 D/MdmDatabaseHelper(26771): 		<key>IsRoaming</key>
05-20 13:03:03.674 D/MdmDatabaseHelper(26771): 		<false/>
05-20 13:03:03.674 D/MdmDatabaseHelper(26771): 		<key>Model</key>
05-20 13:03:03.674 D/MdmDatabaseHelper(26771): 		<string>Galaxy Nexus</string>
05-20 13:03:03.674 D/MdmDatabaseHelper(26771): 		<key>OSVersion</key>
05-20 13:03:03.674 D/MdmDatabaseHelper(26771): 		<string>4.3</string>
05-20 13:03:03.674 D/MdmDatabaseHelper(26771): 		<key>PhoneNumber</key>
05-20 13:03:03.674 D/MdmDatabaseHelper(26771): 		<string>0</string>
05-20 13:03:03.674 D/MdmDatabaseHelper(26771): 		<key>ProductName</key>
05-20 13:03:03.674 D/MdmDatabaseHelper(26771): 		<string>yakju</string>
05-20 13:03:03.674 D/MdmDatabaseHelper(26771): 		<key>SIMCarrierNetwork</key>
05-20 13:03:03.674 D/MdmDatabaseHelper(26771): 		<string></string>
05-20 13:03:03.674 D/MdmDatabaseHelper(26771): 		<key>SerialNumber</key>
05-20 13:03:03.674 D/MdmDatabaseHelper(26771): 		<string>014E0FFF06015018</string>
05-20 13:03:03.674 D/MdmDatabaseHelper(26771): 		<key>UDID</key>
05-20 13:03:03.674 D/MdmDatabaseHelper(26771): 		<string>00013fbc8ecec5b90000014613abe64a</string>
05-20 13:03:03.674 D/MdmDatabaseHelper(26771): 		<key>WiFiMAC</key>
05-20 13:03:03.674 D/MdmDatabaseHelper(26771): 		<string>20:64:32:7a:19:48</string>
05-20 13:03:03.674 D/MdmDatabaseHelper(26771): 	</dict>
05-20 13:03:03.674 D/MdmDatabaseHelper(26771): 	<key>CommandUUID</key>
05-20 13:03:03.674 D/MdmDatabaseHelper(26771): 	<string>fc9b2b1f-7b8c-473f-afc8-f5f1f639238b</string>
05-20 13:03:03.674 D/MdmDatabaseHelper(26771): 	<key>Status</key>
05-20 13:03:03.674 D/MdmDatabaseHelper(26771): 	<string>Acknowledged</string>
05-20 13:03:03.674 D/MdmDatabaseHelper(26771): 	<key>UDID</key>
05-20 13:03:03.674 D/MdmDatabaseHelper(26771): 	<string>00013fbc8ecec5b90000014613abe64a</string>
05-20 13:03:03.674 D/MdmDatabaseHelper(26771): </dict>
05-20 13:03:03.674 D/MdmDatabaseHelper(26771): </plist>
05-20 13:03:03.705 I/TransInfo(26771): TransInfo created, id: 3, class: class com.pekall.emdm.transaction.c.b
05-20 13:03:03.713 D/NetworkThread(26771): [null:-1]->----isRunning-----true
05-20 13:03:03.721 D/NetworkThread(26771): [null:-1]->----isRunning-----true
05-20 13:03:03.721 D/NetworkThread(26771): [null:-1]->thread wakeup
05-20 13:03:03.721 D/NetworkThread(26771): [null:-1]->sendHttpPost:PostRequest, url: http://192.168.10.21/rest/mdm/v1/ios/android_server, Params: [content:<?xml version="1.0" encoding="UTF-8"?>
05-20 13:03:03.721 D/NetworkThread(26771): <!DOCTYPE plist PUBLIC "-//Apple//DTD PLIST 1.0//EN" "http://www.apple.com/DTDs/PropertyList-1.0.dtd">
05-20 13:03:03.721 D/NetworkThread(26771): <plist version="1.0">
05-20 13:03:03.721 D/NetworkThread(26771): <dict>
05-20 13:03:03.721 D/NetworkThread(26771): 	<key>QueryResponses</key>
05-20 13:03:03.721 D/NetworkThread(26771): 	<dict>
05-20 13:03:03.721 D/NetworkThread(26771): 		<key>deviceId</key>
05-20 13:03:03.721 D/NetworkThread(26771): 		<string>00013fbc8ecec5b90000014613abe64a</string>
05-20 13:03:03.721 D/NetworkThread(26771): 		<key>deviceSecurityStatus</key>
05-20 13:03:03.721 D/NetworkThread(26771): 		<string>root</string>
05-20 13:03:03.721 D/NetworkThread(26771): 		<key>diskTotal</key>
05-20 13:03:03.721 D/NetworkThread(26771): 		<string>0.0</string>
05-20 13:03:03.721 D/NetworkThread(26771): 		<key>diskUsed</key>
05-20 13:03:03.721 D/NetworkThread(26771): 		<string>0.0</string>
05-20 13:03:03.721 D/NetworkThread(26771): 		<key>displaySize</key>
05-20 13:03:03.721 D/NetworkThread(26771): 		<string>720x1184</string>
05-20 13:03:03.721 D/NetworkThread(26771): 		<key>freeDiskSize</key>
05-20 13:03:03.721 D/NetworkThread(26771): 		<integer>0</integer>
05-20 13:03:03.721 D/NetworkThread(26771): 		<key>freeRamSize</key>
05-20 13:03:03.721 D/NetworkThread(26771): 		<integer>35942400</integer>
05-20 13:03:03.721 D/NetworkThread(26771): 		<key>language</key>
05-20 13:03:03.721 D/NetworkThread(26771): 		<string>en-US</string>
05-20 13:03:03.721 D/NetworkThread(26771): 		<key>netSpeed</key>
05-20 13:03:03.721 D/NetworkThread(26771): 		<dict>
05-20 13:03:03.721 D/NetworkThread(26771): 			<key>downlink</key>
05-20 13:03:03.721 D/NetworkThread(26771): 			<real>6682203.333333333</real>
05-20 13:03:03.721 D/NetworkThread(26771): 			<key>uplink</key>
05-20 13:03:03.721 D/NetworkThread(26771): 			<real>5033201.0</real>
05-20 13:03:03.721 D/NetworkThread(26771): 		</dict>
05-20 13:03:03.721 D/NetworkThread(26771): 		<key>ramTotal</key>
05-20 13:03:03.721 D/NetworkThread(26771): 		<string>728023040</string>
05-20 13:03:03.721 D/NetworkThread(26771): 		<key>ramUsed</key>
05-20 13:03:03.721 D/NetworkThread(26771): 		<string>692080640</string>
05-20 13:03:03.721 D/NetworkThread(26771): 		<key>trafficBytes</key>
05-20 13:03:03.721 D/NetworkThread(26771): 		<integer>0</integer>
05-20 13:03:03.721 D/NetworkThread(26771): 		<key>AvailableDeviceCapacity</key>
05-20 13:03:03.721 D/NetworkThread(26771): 		<real>1.3425612E7</real>
05-20 13:03:03.721 D/NetworkThread(26771): 		<key>BuildVersion</key>
05-20 13:03:03.721 D/NetworkThread(26771): 		<string>REL</string>
05-20 13:03:03.721 D/NetworkThread(26771): 		<key>CanDisableSystemFunction</key>
05-20 13:03:03.721 D/NetworkThread(26771): 		<false/>
05-20 13:03:03.721 D/NetworkThread(26771): 		<key>CellularTechnology</key>
05-20 13:03:03.721 D/NetworkThread(26771): 		<integer>3</integer>
05-20 13:03:03.721 D/NetworkThread(26771): 		<key>CurrentCarrierNetwork</key>
05-20 13:03:03.721 D/NetworkThread(26771): 		<string></string>
05-20 13:03:03.721 D/NetworkThread(26771): 		<key>CurrentMCC</key>
05-20 13:03:03.721 D/NetworkThread(26771): 		<string>cn</string>
05-20 13:03:03.721 D/NetworkThread(26771): 		<key>CurrentMNC</key>
05-20 13:03:03.721 D/NetworkThread(26771): 		<string>46001</string>
05-20 13:03:03.721 D/NetworkThread(26771): 		<key>DataRoamingEnabled</key>
05-20 13:03:03.721 D/NetworkThread(26771): 		<false/>
05-20 13:03:03.721 D/NetworkThread(26771): 		<key>DeviceCapacity</key>
05-20 13:03:03.721 D/NetworkThread(26771): 		<real>1.3975888E7</real>
05-20 13:03:03.721 D/NetworkThread(26771): 		<key>HasSamsungSafeAPI</key>
05-20 13:03:03.721 D/NetworkThread(26771): 		<false/>
05-20 13:03:03.721 D/NetworkThread(26771): 		<key>ICCID</key>
05-20 13:03:03.721 D/NetworkThread(26771): 		<string></string>
05-20 13:03:03.721 D/NetworkThread(26771): 		<key>IMEI</key>
05-20 13:03:03.721 D/NetworkThread(26771): 		<string>351554059027897</string>
05-20 13:03:03.721 D/NetworkThread(26771): 		<key>IsRoaming</key>
05-20 13:03:03.721 D/NetworkThread(26771): 		<false/>
05-20 13:03:03.721 D/NetworkThread(26771): 		<key>Model</key>
05-20 13:03:03.721 D/NetworkThread(26771): 		<string>Galaxy Nexus</string>
05-20 13:03:03.721 D/NetworkThread(26771): 		<key>OSVersion</key>
05-20 13:03:03.721 D/NetworkThread(26771): 		<string>4.3</string>
05-20 13:03:03.721 D/NetworkThread(26771): 		<key>PhoneNumber</key>
05-20 13:03:03.721 D/NetworkThread(26771): 		<string>0</string>
05-20 13:03:03.721 D/NetworkThread(26771): 		<key>ProductName</key>
05-20 13:03:03.721 D/NetworkThread(26771): 		<string>yakju</string>
05-20 13:03:03.721 D/NetworkThread(26771): 		<key>SIMCarrierNetwork</key>
05-20 13:03:03.721 D/NetworkThread(26771): 		<string></string>
05-20 13:03:03.721 D/NetworkThread(26771): 		<key>SerialNumber</key>
05-20 13:03:03.721 D/NetworkThread(26771): 		<string>014E0FFF06015018</string>
05-20 13:03:03.721 D/NetworkThread(26771): 		<key>UDID</key>
05-20 13:03:03.721 D/NetworkThread(26771): 		<string>00013fbc8ecec5b90000014613abe64a</string>
05-20 13:03:03.721 D/NetworkThread(26771): 		<key>WiFiMAC</key>
05-20 13:03:03.721 D/NetworkThread(26771): 		<string>20:64:32:7a:19:48</string>
05-20 13:03:03.721 D/NetworkThread(26771): 	</dict>
05-20 13:03:03.721 D/NetworkThread(26771): 	<key>CommandUUID</key>
05-20 13:03:03.721 D/NetworkThread(26771): 	<string>fc9b2b1f-7b8c-473f-afc8-f5f1f639238b</string>
05-20 13:03:03.721 D/NetworkThread(26771): 	<key>Status</key>
05-20 13:03:03.721 D/NetworkThread(26771): 	<string>Acknowledged</string>
05-20 13:03:03.721 D/NetworkThread(26771): 	<key>UDID</key>
05-20 13:03:03.721 D/NetworkThread(26771): 	<string>00013fbc8ecec5b90000014613abe64a</string>
05-20 13:03:03.721 D/NetworkThread(26771): </dict>
05-20 13:03:03.721 D/NetworkThread(26771): </plist>], 
05-20 13:03:03.721 D/HttpClient(26771): enable apache.http debug
05-20 13:03:03.728 V/DEBUG   (26771): HTTP 0
05-20 13:03:04.291 I/QueryController(30763): Matched selector: UiSelector[TEXT=Personal Mode, CLASS=android.widget.TextView, PACKAGE NAME=com.pekall.emdm.launcher] <<==>> [android.view.accessibility.AccessibilityNodeInfo@7cc18; boundsInParent: Rect(0, 0 - 160, 200); boundsInScreen: Rect(190, 608 - 350, 808); packageName: com.pekall.emdm.launcher; className: android.widget.TextView; text: Personal Mode; contentDescription: null; viewIdResName: null; checkable: false; checked: false; focusable: false; focused: false; selected: false; clickable: true; longClickable: true; enabled: true; password: false; scrollable: false; [ACTION_SELECT, ACTION_CLEAR_SELECTION, ACTION_CLICK, ACTION_LONG_CLICK, ACTION_ACCESSIBILITY_FOCUS, ACTION_NEXT_AT_MOVEMENT_GRANULARITY, ACTION_PREVIOUS_AT_MOVEMENT_GRANULARITY, ACTION_SET_SELECTION]]
05-20 13:03:04.299 I/AndroidRuntime(30763): VM exiting with result code 0.
05-20 13:03:04.510 D/MDM :   (26771): [null:-1]->statusCode : 200
05-20 13:03:04.510 D/MDM :   (26771): [null:-1]->statusCode : 200
05-20 13:03:04.510 V/DEBUG   (26771): HTTP 1
05-20 13:03:04.517 D/MDM :   (26771): [null:-1]->read network input stream
05-20 13:03:04.525 D/MDM :   (26771): [null:-1]->Get joson string: <?xml version="1.0" encoding="UTF-8"?>
05-20 13:03:04.525 D/MDM :   (26771): <!DOCTYPE plist PUBLIC "-//Apple//DTD PLIST 1.0//EN" "http://www.apple.com/DTDs/PropertyList-1.0.dtd">
05-20 13:03:04.525 D/MDM :   (26771): <plist version="1.0">
05-20 13:03:04.525 D/MDM :   (26771): <dict>
05-20 13:03:04.525 D/MDM :   (26771): 	<key>CommandUUID</key>
05-20 13:03:04.525 D/MDM :   (26771): 	<string>d96be753-eac9-46bc-a607-246390274839</string>
05-20 13:03:04.525 D/MDM :   (26771): 	<key>Command</key>
05-20 13:03:04.525 D/MDM :   (26771): 	<dict>
05-20 13:03:04.525 D/MDM :   (26771): 		<key>RequestType</key>
05-20 13:03:04.525 D/MDM :   (26771): 		<string>ManagedApplicationList</string>
05-20 13:03:04.525 D/MDM :   (26771): 	</dict>
05-20 13:03:04.525 D/MDM :   (26771): </dict>
05-20 13:03:04.525 D/MDM :   (26771): </plist>
05-20 13:03:04.541 D/MdmDatabaseHelper(26771): [null:-1]->update command fc9b2b1f-7b8c-473f-afc8-f5f1f639238b to status executed
05-20 13:03:04.564 D/CheckInTransInfo(26771): [null:-1]->CommandMsg : CommandMsg{CommandUUID='d96be753-eac9-46bc-a607-246390274839', Command=CommandObject{RequestType='ManagedApplicationList'}}
05-20 13:03:04.596 D/NetworkThread(26771): [null:-1]->clear mCurrentTransInfo
05-20 13:03:04.596 D/NetworkThread(26771): [null:-1]->queue is empty, thread wait...
05-20 13:03:04.697 D/MdmService(26771): [null:-1]->handleCheckInResult
05-20 13:03:04.697 D/MdmService(26771): [null:-1]->handleCheckInResult result keyIndex: 3
05-20 13:03:04.697 D/CommandManager(26771): [null:-1]->execute command: CommandMsg{CommandUUID='d96be753-eac9-46bc-a607-246390274839', Command=CommandObject{RequestType='ManagedApplicationList'}}
05-20 13:03:04.697 D/CommandManager(26771): [null:-1]->requestType: ManagedApplicationList
05-20 13:03:04.721 W/Parcel  ( 1661): Attempt to read object from Parcel 0x5ec3bdac at offset 200 that is not in the object list
05-20 13:03:04.736 D/MdmDatabaseHelper(26771): [null:-1]->update command d96be753-eac9-46bc-a607-246390274839 to commandStatus <?xml version="1.0" encoding="UTF-8"?>
05-20 13:03:04.736 D/MdmDatabaseHelper(26771): <!DOCTYPE plist PUBLIC "-//Apple//DTD PLIST 1.0//EN" "http://www.apple.com/DTDs/PropertyList-1.0.dtd">
05-20 13:03:04.736 D/MdmDatabaseHelper(26771): <plist version="1.0">
05-20 13:03:04.736 D/MdmDatabaseHelper(26771): <dict>
05-20 13:03:04.736 D/MdmDatabaseHelper(26771): 	<key>ManagedApplicationList</key>
05-20 13:03:04.736 D/MdmDatabaseHelper(26771): 	<dict>
05-20 13:03:04.736 D/MdmDatabaseHelper(26771): 	</dict>
05-20 13:03:04.736 D/MdmDatabaseHelper(26771): 	<key>CommandUUID</key>
05-20 13:03:04.736 D/MdmDatabaseHelper(26771): 	<string>d96be753-eac9-46bc-a607-246390274839</string>
05-20 13:03:04.736 D/MdmDatabaseHelper(26771): 	<key>Status</key>
05-20 13:03:04.736 D/MdmDatabaseHelper(26771): 	<string>Acknowledged</string>
05-20 13:03:04.736 D/MdmDatabaseHelper(26771): 	<key>UDID</key>
05-20 13:03:04.736 D/MdmDatabaseHelper(26771): 	<string>00013fbc8ecec5b90000014613abe64a</string>
05-20 13:03:04.736 D/MdmDatabaseHelper(26771): </dict>
05-20 13:03:04.736 D/MdmDatabaseHelper(26771): </plist>
05-20 13:03:04.760 I/TransInfo(26771): TransInfo created, id: 3, class: class com.pekall.emdm.transaction.c.b
05-20 13:03:04.760 D/NetworkThread(26771): [null:-1]->----isRunning-----true
05-20 13:03:04.760 D/NetworkThread(26771): [null:-1]->----isRunning-----true
05-20 13:03:04.760 D/NetworkThread(26771): [null:-1]->thread wakeup
05-20 13:03:04.767 D/NetworkThread(26771): [null:-1]->sendHttpPost:PostRequest, url: http://192.168.10.21/rest/mdm/v1/ios/android_server, Params: [content:<?xml version="1.0" encoding="UTF-8"?>
05-20 13:03:04.767 D/NetworkThread(26771): <!DOCTYPE plist PUBLIC "-//Apple//DTD PLIST 1.0//EN" "http://www.apple.com/DTDs/PropertyList-1.0.dtd">
05-20 13:03:04.767 D/NetworkThread(26771): <plist version="1.0">
05-20 13:03:04.767 D/NetworkThread(26771): <dict>
05-20 13:03:04.767 D/NetworkThread(26771): 	<key>ManagedApplicationList</key>
05-20 13:03:04.767 D/NetworkThread(26771): 	<dict>
05-20 13:03:04.767 D/NetworkThread(26771): 	</dict>
05-20 13:03:04.767 D/NetworkThread(26771): 	<key>CommandUUID</key>
05-20 13:03:04.767 D/NetworkThread(26771): 	<string>d96be753-eac9-46bc-a607-246390274839</string>
05-20 13:03:04.767 D/NetworkThread(26771): 	<key>Status</key>
05-20 13:03:04.767 D/NetworkThread(26771): 	<string>Acknowledged</string>
05-20 13:03:04.767 D/NetworkThread(26771): 	<key>UDID</key>
05-20 13:03:04.767 D/NetworkThread(26771): 	<string>00013fbc8ecec5b90000014613abe64a</string>
05-20 13:03:04.767 D/NetworkThread(26771): </dict>
05-20 13:03:04.767 D/NetworkThread(26771): </plist>], 
05-20 13:03:04.767 D/HttpClient(26771): enable apache.http debug
05-20 13:03:04.767 V/DEBUG   (26771): HTTP 0
05-20 13:03:05.353 D/MDM :   (26771): [null:-1]->statusCode : 200
05-20 13:03:05.353 D/MDM :   (26771): [null:-1]->statusCode : 200
05-20 13:03:05.353 V/DEBUG   (26771): HTTP 1
05-20 13:03:05.361 D/MDM :   (26771): [null:-1]->read network input stream
05-20 13:03:05.361 D/MDM :   (26771): [null:-1]->Get joson string: <?xml version="1.0" encoding="UTF-8"?>
05-20 13:03:05.361 D/MDM :   (26771): <!DOCTYPE plist PUBLIC "-//Apple//DTD PLIST 1.0//EN" "http://www.apple.com/DTDs/PropertyList-1.0.dtd">
05-20 13:03:05.361 D/MDM :   (26771): <plist version="1.0">
05-20 13:03:05.361 D/MDM :   (26771): <dict>
05-20 13:03:05.361 D/MDM :   (26771): 	<key>CommandUUID</key>
05-20 13:03:05.361 D/MDM :   (26771): 	<string>79e58c6a-4688-44ff-8d70-2f552aea3389</string>
05-20 13:03:05.361 D/MDM :   (26771): 	<key>Command</key>
05-20 13:03:05.361 D/MDM :   (26771): 	<dict>
05-20 13:03:05.361 D/MDM :   (26771): 		<key>RequestType</key>
05-20 13:03:05.361 D/MDM :   (26771): 		<string>InstalledApplicationList</string>
05-20 13:03:05.361 D/MDM :   (26771): 	</dict>
05-20 13:03:05.361 D/MDM :   (26771): </dict>
05-20 13:03:05.361 D/MDM :   (26771): </plist>
05-20 13:03:05.369 D/MdmDatabaseHelper(26771): [null:-1]->update command d96be753-eac9-46bc-a607-246390274839 to status executed
05-20 13:03:05.392 D/CheckInTransInfo(26771): [null:-1]->CommandMsg : CommandMsg{CommandUUID='79e58c6a-4688-44ff-8d70-2f552aea3389', Command=CommandObject{RequestType='InstalledApplicationList'}}
05-20 13:03:05.416 D/NetworkThread(26771): [null:-1]->clear mCurrentTransInfo
05-20 13:03:05.416 D/NetworkThread(26771): [null:-1]->queue is empty, thread wait...
05-20 13:03:05.517 D/MdmService(26771): [null:-1]->handleCheckInResult
05-20 13:03:05.517 D/MdmService(26771): [null:-1]->handleCheckInResult result keyIndex: 3
05-20 13:03:05.517 D/CommandManager(26771): [null:-1]->execute command: CommandMsg{CommandUUID='79e58c6a-4688-44ff-8d70-2f552aea3389', Command=CommandObject{RequestType='InstalledApplicationList'}}
05-20 13:03:05.619 D/CommandManager(26771): [null:-1]->requestType: InstalledApplicationList
05-20 13:03:05.650 W/Parcel  ( 1661): Attempt to read object from Parcel 0x5ded3dac at offset 200 that is not in the object list
05-20 13:03:05.697 D/MdmDatabaseHelper(26771): [null:-1]->update command 79e58c6a-4688-44ff-8d70-2f552aea3389 to commandStatus <?xml version="1.0" encoding="UTF-8"?>
05-20 13:03:05.697 D/MdmDatabaseHelper(26771): <!DOCTYPE plist PUBLIC "-//Apple//DTD PLIST 1.0//EN" "http://www.apple.com/DTDs/PropertyList-1.0.dtd">
05-20 13:03:05.697 D/MdmDatabaseHelper(26771): <plist version="1.0">
05-20 13:03:05.697 D/MdmDatabaseHelper(26771): <dict>
05-20 13:03:05.697 D/MdmDatabaseHelper(26771): 	<key>InstalledApplicationList</key>
05-20 13:03:05.697 D/MdmDatabaseHelper(26771): 	<array>
05-20 13:03:05.697 D/MdmDatabaseHelper(26771): 		<dict>
05-20 13:03:05.697 D/MdmDatabaseHelper(26771): 			<key>AppPermissions</key>
05-20 13:03:05.697 D/MdmDatabaseHelper(26771): 			<array>
05-20 13:03:05.697 D/MdmDatabaseHelper(26771): 				<string>android.permission.READ_LOGS</string>
05-20 13:03:05.697 D/MdmDatabaseHelper(26771): 				<string>android.permission.WRITE_EXTERNAL_STORAGE</string>
05-20 13:03:05.697 D/MdmDatabaseHelper(26771): 				<string>com.qihoo.root.RESPOND</string>
05-20 13:03:05.697 D/MdmDatabaseHelper(26771): 				<string>com.qihoo.root.provider.READ</string>
05-20 13:03:05.697 D/MdmDatabaseHelper(26771): 				<string>com.qihoo.root.provider.WRITE</string>
05-20 13:03:05.697 D/MdmDatabaseHelper(26771): 				<string>android.permission.INTERNET</string>
05-20 13:03:05.697 D/MdmDatabaseHelper(26771): 				<string>android.permission.ACCESS_NETWORK_STATE</string>
05-20 13:03:05.697 D/MdmDatabaseHelper(26771): 				<string>android.permission.INSTALL_PACKAGES</string>
05-20 13:03:05.697 D/MdmDatabaseHelper(26771): 				<string>android.permission.KILL_BACKGROUND_PROCESSES</string>
05-20 13:03:05.697 D/MdmDatabaseHelper(26771): 				<string>android.permission.RESTART_PACKAGES</string>
05-20 13:03:05.697 D/MdmDatabaseHelper(26771): 				<string>android.permission.READ_PHONE_STATE</string>
05-20 13:03:05.697 D/MdmDatabaseHelper(26771): 				<string>android.permission.DELETE_PACKAGES</string>
05-20 13:03:05.697 D/MdmDatabaseHelper(26771): 				<string>android.permission.READ_EXTERNAL_STORAGE</string>
05-20 13:03:05.697 D/MdmDatabaseHelper(26771): 			</array>
05-20 13:03:05.697 D/MdmDatabaseHelper(26771): 			<key>Version</key>
05-20 13:03:05.697 D/MdmDatabaseHelper(26771): 			<string>7</string>
05-20 13:03:05.697 D/MdmDatabaseHelper(26771): 			<key>ShortVersion</key>
05-20 13:03:05.697 D/MdmDatabaseHelper(26771): 			<string>6.0.1</string>
05-20 13:03:05.697 D/MdmDatabaseHelper(26771): 			<key>Identifier</key>
05-20 13:03:05.697 D/MdmDatabaseHelper(26771): 			<string>com.qihoo.root</string>
05-20 13:03:05.697 D/MdmDatabaseHelper(26771): 			<key>Name</key>
05-20 13:03:05.697 D/MdmDatabaseHelper(26771): 			<string>360</string>
05-20 13:03:05.697 D/MdmDatabaseHelper(26771): 			<key>DynamicSize</key>
05-20 13:03:05.697 D/MdmDatabaseHelper(26771): 			<integer>0</integer>
05-20 13:03:05.697 D/MdmDatabaseHelper(26771): 			<key>BundleSize</key>
05-20 13:03:05.697 D/MdmDatabaseHelper(26771): 			<integer>0</integer>
05-20 13:03:05.697 D/MdmDatabaseHelper(26771): 		</dict>
05-20 13:03:05.697 D/MdmDatabaseHelper(26771): 		<dict>
05-20 13:03:05.697 D/MdmDatabaseHelper(26771): 			<key>AppPermissions</key>
05-20 13:03:05.697 D/MdmDatabaseHelper(26771): 			<array>
05-20 13:03:05.697 D/MdmDatabaseHelper(26771): 				<string>android.permission.ACCESS_FINE_LOCATION</string>
05-20 13:03:05.697 D/MdmDatabaseHelper(26771): 				<string>android.permission.ACCESS_COARSE_LOCATION</string>
05-20 13:03:05.697 D/MdmDatabaseHelper(26771): 				<string>android.permission.SYSTEM_ALERT_WINDOW</string>
05-20 13:03:05.697 D/MdmDatabaseHelper(26771): 				<string>android.permission.RECEIVE_BOOT_COMPLETED</string>
05-20 13:03:05.697 D/MdmDatabaseHelper(26771): 				<string>android.permission.CALL_PHONE</string>
05-20 13:03:05.697 D/MdmDatabaseHelper(26771): 				<string>android.permission.PROCESS_OUTGOING_CALLS</string>
05-20 13:03:05.697 D/MdmDatabaseHelper(26771): 				<string>android.permission.READ_CONTACTS</string>
05-20 13:03:05.697 D/MdmDatabaseHelper(26771): 				<string>android.permission.WRITE_CONTACTS</string>
05-20 13:03:05.697 D/MdmDatabaseHelper(26771): 				<string>android.permission.RECEIVE_SMS</string>
05-20 13:03:05.697 D/MdmDatabaseHelper(26771): 				<string>android.permission.RECEIVE_MMS</string>
05-20 13:03:05.697 D/MdmDatabaseHelper(26771): 				<string>android.permission.RECEIVE_WAP_PUSH</string>
05-20 13:03:05.697 D/MdmDatabaseHelper(26771): 				<string>android.permission.INTERNET</string>
05-20 13:03:05.697 D/MdmDatabaseHelper(26771): 				<string>android.permission.SEND_SMS</string>
05-20 13:03:05.697 D/MdmDatabaseHelper(26771): 				<string>android.permission.READ_SMS</string>
05-20 13:03:05.697 D/MdmDatabaseHelper(26771): 				<string>android.permission.WRITE_SMS</string>
05-20 13:03:05.697 D/MdmDatabaseHelper(26771): 				<string>android.permission.READ_CALL_LOG</string>
05-20 13:03:05.697 D/MdmDatabaseHelper(26771): 				<string>android.permission.WRITE_CALL_LOG</string>
05-20 13:03:05.697 D/MdmDatabaseHelper(26771): 				<string>android.permission.ACCESS_NETWORK_STATE</string>
05-20 13:03:05.697 D/MdmDatabaseHelper(26771): 				<string>android.permission.READ_PHONE_STATE</string>
05-20 13:03:05.697 D/MdmDatabaseHelper(26771): 				<string>android.permission.MODIFY_PHONE_STATE</string>
05-20 13:03:05.697 D/MdmDatabaseHelper(26771): 				<string>android.permission.MODIFY_AUDIO_SETTINGS</string>
05-20 13:03:05.697 D/MdmDatabaseHelper(26771): 				<string>android.permission.VIBRATE</string>
05-20 13:03:05.697 D/MdmDatabaseHelper(26771): 				<string>android.permission.BATTERY_STATS</string>
05-20 13:03:05.697 D/MdmDatabaseHelper(26771): 				<string>android.permission.GET_PACKAGE_SIZE</string>
05-20 13:03:05.697 D/MdmDatabaseHelper(26771): 				<string>com.android.launcher.permission.READ_SETTINGS</string>
05-20 13:03:05.697 D/MdmDatabaseHelper(26771): 				<string>android.permission.WAKE_LOCK</string>
05-20 13:03:05.697 D/MdmDatabaseHelper(26771): 				<string>android.permission.CHANGE_NETWORK_STATE</string>
05-20 13:03:05.697 D/MdmDatabaseHelper(26771): 				<string>android.permission.WRITE_EXTERNAL_STORAGE</string>
05-20 13:03:05.697 D/MdmDatabaseHelper(26771): 				<string>android.permission.RESTART_PACKAGES</string>
05-20 13:03:05.697 D/MdmDatabaseHelper(26771): 				<string>android.permission.CHANGE_WIFI_STATE</string>
05-20 13:03:05.697 D/MdmDatabaseHelper(26771): 				<string>android.permission.WRITE_SETTINGS</string>
05-20 13:03:05.697 D/MdmDatabaseHelper(26771): 				<string>android.permission.WRITE_SECURE_SETTINGS</string>
05-20 13:03:05.697 D/MdmDatabaseHelper(26771): 				<string>android.permission.READ_SYNC_SETTINGS</string>
05-20 13:03:05.697 D/MdmDatabaseHelper(26771): 				<string>android.permission.WRITE_SYNC_SETTINGS</string>
05-20 13:03:05.697 D/MdmDatabaseHelper(26771): 				<string>android.permission.WRITE_APN_SETTINGS</string>
05-20 13:03:05.697 D/MdmDatabaseHelper(26771): 				<string>android.permission.BLUETOOTH_ADMIN</string>
05-20 13:03:05.697 D/MdmDatabaseHelper(26771): 				<string>android.permission.RECORD_AUDIO</string>
05-20 13:03:05.697 D/MdmDatabaseHelper(26771): 				<string>android.permission.READ_LOGS</string>
05-20 13:03:05.697 D/MdmDatabaseHelper(26771): 				<string>com.android.launcher.permission.INSTALL_SHORTCUT</string>
05-20 13:03:05.697 D/MdmDatabaseHelper(26771): 				<string>com.android.launcher.permission.UNINSTALL_SHORTCUT</string>
05-20 13:03:05.697 D/MdmDatabaseHelper(26771): 				<string>android.permission.ACCESS_WIFI_STATE</string>
05-20 13:03:05.697 D/MdmDatabaseHelper(26771): 				<string>android.permission.BLUETOOTH</string>
05-20 13:03:05.697 D/MdmDatabaseHelper(26771): 				<string>android.permission.CLEAR_APP_CACHE</string>
05-20 13:03:05.697 D/MdmDatabaseHelper(26771): 				<string>android.permission.GET_TASKS</string>
05-20 13:03:05.697 D/MdmDatabaseHelper(26771): 				<string>android.permission.REORDER_TASKS</string>
05-20 13:03:05.697 D/MdmDatabaseHelper(26771): 				<string>android.permission.GET_ACCOUNTS</strin
05-20 13:03:05.775 I/TransInfo(26771): TransInfo created, id: 3, class: class com.pekall.emdm.transaction.c.b
05-20 13:03:05.775 D/NetworkThread(26771): [null:-1]->----isRunning-----true
05-20 13:03:05.775 D/NetworkThread(26771): [null:-1]->----isRunning-----true
05-20 13:03:05.775 D/NetworkThread(26771): [null:-1]->thread wakeup
05-20 13:03:05.822 D/NetworkThread(26771): [null:-1]->sendHttpPost:PostRequest, url: http://192.168.10.21/rest/mdm/v1/ios/android_server, Params: [content:<?xml version="1.0" encoding="UTF-8"?>
05-20 13:03:05.822 D/NetworkThread(26771): <!DOCTYPE plist PUBLIC "-//Apple//DTD PLIST 1.0//EN" "http://www.apple.com/DTDs/PropertyList-1.0.dtd">
05-20 13:03:05.822 D/NetworkThread(26771): <plist version="1.0">
05-20 13:03:05.822 D/NetworkThread(26771): <dict>
05-20 13:03:05.822 D/NetworkThread(26771): 	<key>InstalledApplicationList</key>
05-20 13:03:05.822 D/NetworkThread(26771): 	<array>
05-20 13:03:05.822 D/NetworkThread(26771): 		<dict>
05-20 13:03:05.822 D/NetworkThread(26771): 			<key>AppPermissions</key>
05-20 13:03:05.822 D/NetworkThread(26771): 			<array>
05-20 13:03:05.822 D/NetworkThread(26771): 				<string>android.permission.READ_LOGS</string>
05-20 13:03:05.822 D/NetworkThread(26771): 				<string>android.permission.WRITE_EXTERNAL_STORAGE</string>
05-20 13:03:05.822 D/NetworkThread(26771): 				<string>com.qihoo.root.RESPOND</string>
05-20 13:03:05.822 D/NetworkThread(26771): 				<string>com.qihoo.root.provider.READ</string>
05-20 13:03:05.822 D/NetworkThread(26771): 				<string>com.qihoo.root.provider.WRITE</string>
05-20 13:03:05.822 D/NetworkThread(26771): 				<string>android.permission.INTERNET</string>
05-20 13:03:05.822 D/NetworkThread(26771): 				<string>android.permission.ACCESS_NETWORK_STATE</string>
05-20 13:03:05.822 D/NetworkThread(26771): 				<string>android.permission.INSTALL_PACKAGES</string>
05-20 13:03:05.822 D/NetworkThread(26771): 				<string>android.permission.KILL_BACKGROUND_PROCESSES</string>
05-20 13:03:05.822 D/NetworkThread(26771): 				<string>android.permission.RESTART_PACKAGES</string>
05-20 13:03:05.822 D/NetworkThread(26771): 				<string>android.permission.READ_PHONE_STATE</string>
05-20 13:03:05.822 D/NetworkThread(26771): 				<string>android.permission.DELETE_PACKAGES</string>
05-20 13:03:05.822 D/NetworkThread(26771): 				<string>android.permission.READ_EXTERNAL_STORAGE</string>
05-20 13:03:05.822 D/NetworkThread(26771): 			</array>
05-20 13:03:05.822 D/NetworkThread(26771): 			<key>Version</key>
05-20 13:03:05.822 D/NetworkThread(26771): 			<string>7</string>
05-20 13:03:05.822 D/NetworkThread(26771): 			<key>ShortVersion</key>
05-20 13:03:05.822 D/NetworkThread(26771): 			<string>6.0.1</string>
05-20 13:03:05.822 D/NetworkThread(26771): 			<key>Identifier</key>
05-20 13:03:05.822 D/NetworkThread(26771): 			<string>com.qihoo.root</string>
05-20 13:03:05.822 D/NetworkThread(26771): 			<key>Name</key>
05-20 13:03:05.822 D/NetworkThread(26771): 			<string>360</string>
05-20 13:03:05.822 D/NetworkThread(26771): 			<key>DynamicSize</key>
05-20 13:03:05.822 D/NetworkThread(26771): 			<integer>0</integer>
05-20 13:03:05.822 D/NetworkThread(26771): 			<key>BundleSize</key>
05-20 13:03:05.822 D/NetworkThread(26771): 			<integer>0</integer>
05-20 13:03:05.822 D/NetworkThread(26771): 		</dict>
05-20 13:03:05.822 D/NetworkThread(26771): 		<dict>
05-20 13:03:05.822 D/NetworkThread(26771): 			<key>AppPermissions</key>
05-20 13:03:05.822 D/NetworkThread(26771): 			<array>
05-20 13:03:05.822 D/NetworkThread(26771): 				<string>android.permission.ACCESS_FINE_LOCATION</string>
05-20 13:03:05.822 D/NetworkThread(26771): 				<string>android.permission.ACCESS_COARSE_LOCATION</string>
05-20 13:03:05.822 D/NetworkThread(26771): 				<string>android.permission.SYSTEM_ALERT_WINDOW</string>
05-20 13:03:05.822 D/NetworkThread(26771): 				<string>android.permission.RECEIVE_BOOT_COMPLETED</string>
05-20 13:03:05.822 D/NetworkThread(26771): 				<string>android.permission.CALL_PHONE</string>
05-20 13:03:05.822 D/NetworkThread(26771): 				<string>android.permission.PROCESS_OUTGOING_CALLS</string>
05-20 13:03:05.822 D/NetworkThread(26771): 				<string>android.permission.READ_CONTACTS</string>
05-20 13:03:05.822 D/NetworkThread(26771): 				<string>android.permission.WRITE_CONTACTS</string>
05-20 13:03:05.822 D/NetworkThread(26771): 				<string>android.permission.RECEIVE_SMS</string>
05-20 13:03:05.822 D/NetworkThread(26771): 				<string>android.permission.RECEIVE_MMS</string>
05-20 13:03:05.822 D/NetworkThread(26771): 				<string>android.permission.RECEIVE_WAP_PUSH</string>
05-20 13:03:05.822 D/NetworkThread(26771): 				<string>android.permission.INTERNET</string>
05-20 13:03:05.822 D/NetworkThread(26771): 				<string>android.permission.SEND_SMS</string>
05-20 13:03:05.822 D/NetworkThread(26771): 				<string>android.permission.READ_SMS</string>
05-20 13:03:05.822 D/NetworkThread(26771): 				<string>android.permission.WRITE_SMS</string>
05-20 13:03:05.822 D/NetworkThread(26771): 				<string>android.permission.READ_CALL_LOG</string>
