05-20 13:03:36.681 D/dalvikvm(26771): JIT unchain all for threadid=11
05-20 13:03:36.752 D/dalvikvm(  374): GC_FOR_ALLOC freed 1589K, 24% free 20732K/27192K, paused 85ms, total 86ms
05-20 13:03:36.799 I/dalvikvm(26771): Wrote stack traces to '/data/anr/traces.txt'
05-20 13:03:36.822 V/LauncherApplication(26771): onActivityStarted
05-20 13:03:36.822 D/        (26771): [---null: -1---]     awsa  onActivityResumed
05-20 13:03:36.822 V/LauncherApplication(26771): 2MdmConstant.LAST_LAUNCH_TIME = 1400562212068
05-20 13:03:36.838 D/        (26771): [---null: -1---]  activity = com.pekall.emdm.launcher.Launcher
05-20 13:03:36.838 V/DefultSetContriller(26771): isLauncherDf = com.pekall.emdm.launcher
05-20 13:03:36.838 V/DefultSetContriller(26771): isLauncherDf = com.pekall.emdm.launcher
05-20 13:03:36.846 V/DefultSetContriller(26771): isPhoneDf = com.pekall.emdm.launcher
05-20 13:03:36.846 E/LauncherApplication(26771): isShowLogoutUI = true
05-20 13:03:36.846 E/LauncherApplication(26771): LogoutShowTime 1
05-20 13:03:36.846 V/Launcher(26771): onResume1111111 
05-20 13:03:36.846 V/Launcher(26771): is login ----> 
05-20 13:03:36.861 I/System.out(26771):  
05-20 13:03:36.861 I/System.out(26771): com.pekall.emdm.launcher.Workspace.setWallpaper(Unknown Source)
05-20 13:03:36.861 I/System.out(26771): com.pekall.emdm.launcher.Launcher.onResume(Unknown Source)
05-20 13:03:36.861 I/System.out(26771): android.app.Instrumentation.callActivityOnResume(Instrumentation.java:1192)
05-20 13:03:36.861 I/System.out(26771): android.app.Activity.performResume(Activity.java:5211)
05-20 13:03:36.861 I/System.out(26771): android.app.ActivityThread.performResumeActivity(ActivityThread.java:2780)
05-20 13:03:36.861 I/System.out(26771): android.app.ActivityThread.handleResumeActivity(ActivityThread.java:2819)
05-20 13:03:36.861 I/System.out(26771): android.app.ActivityThread$H.handleMessage(ActivityThread.java:1298)
05-20 13:03:36.861 I/System.out(26771): android.os.Handler.dispatchMessage(Handler.java:99)
05-20 13:03:36.869 I/System.out(26771): android.os.Looper.loop(Looper.java:137)
05-20 13:03:36.869 I/System.out(26771): android.app.ActivityThread.main(ActivityThread.java:5103)
05-20 13:03:36.869 I/System.out(26771): java.lang.reflect.Method.invokeNative(Native Method)
05-20 13:03:36.869 I/System.out(26771): java.lang.reflect.Method.invoke(Method.java:525)
05-20 13:03:36.869 I/System.out(26771): com.android.internal.os.ZygoteInit$MethodAndArgsCaller.run(ZygoteInit.java:737)
05-20 13:03:36.869 I/System.out(26771): com.android.internal.os.ZygoteInit.main(ZygoteInit.java:553)
05-20 13:03:36.869 I/System.out(26771): dalvik.system.NativeStart.main(Native Method)
05-20 13:03:36.892 D/dalvikvm(  448): GC_FOR_ALLOC freed 32K, 13% free 13958K/15944K, paused 75ms, total 75ms
05-20 13:03:36.892 I/dalvikvm-heap(  448): Grow heap (frag case) to 13.847MB for 186640-byte allocation
05-20 13:03:36.939 D/dalvikvm(  448): GC_FOR_ALLOC freed 1K, 13% free 14140K/16128K, paused 51ms, total 51ms
05-20 13:03:36.947 D/LightsService(  374): Excessive delay setting light: 178ms
05-20 13:03:36.978 W/Parcel  ( 1661): Attempt to read object from Parcel 0x5ec3bdac at offset 200 that is not in the object list
05-20 13:03:36.978 W/Parcel  ( 1661): Attempt to read object from Parcel 0x5ef3bdac at offset 200 that is not in the object list
05-20 13:03:37.049 D/NfcService(  568): NFC-C ON
05-20 13:03:37.088 V/DigitalWidgetViewsFactory(26417): DigitalWidget sets next alarm string to null
05-20 13:03:37.135 W/Settings( 1661): Setting airplane_mode_on has moved from android.provider.Settings.System to android.provider.Settings.Global, returning read-only value.
05-20 13:03:37.267 D/dalvikvm(30804): GC_CONCURRENT freed 379K, 72% free 618K/2140K, paused 1ms+1ms, total 5ms
05-20 13:03:39.322 I/AndroidRuntime(30804): VM exiting with result code 0.
05-20 13:03:41.666 D/dalvikvm(30871): Late-enabling CheckJNI
05-20 13:03:41.666 I/ActivityManager(  374): Start proc com.pekall.emdm.launcher:remote for service com.pekall.emdm.launcher/com.baidu.location.f: pid=30871 uid=10066 gids={50066, 1015, 3002, 3001, 3003, 1028}
05-20 13:03:41.681 D/dalvikvm(  125): GC_EXPLICIT freed 43K, 1% free 8921K/9008K, paused 1ms+2ms, total 23ms
05-20 13:03:41.697 D/dalvikvm(  125): GC_EXPLICIT freed <1K, 1% free 8921K/9008K, paused 1ms+2ms, total 17ms
05-20 13:03:41.721 D/dalvikvm(  125): GC_EXPLICIT freed <1K, 1% free 8921K/9008K, paused 1ms+2ms, total 18ms
05-20 13:03:41.736 V/MyServiceConnection(30871): [SConnection] sandbox service is NOT installed.
05-20 13:03:41.736 D/ScClassLoader(30871): >> SOURCE FILE: /data/data/com.pekall.emdm.launcher/app_jars/sc-jdk15on-1.47.0.2.dex.jar
05-20 13:03:41.744 V/MyServiceConnection(30871): [SConnection] binding service: pekall.intent.action.SANDBOX_SERVICE
05-20 13:03:41.775 D/dalvikvm(30871): GC_CONCURRENT freed 162K, 3% free 9272K/9472K, paused 2ms+2ms, total 29ms
05-20 13:03:41.775 D/dalvikvm(30871): WAIT_FOR_CONCURRENT_GC blocked 5ms
05-20 13:03:41.791 D/dalvikvm(30871): WAIT_FOR_CONCURRENT_GC blocked 10ms
05-20 13:03:41.791 W/Parcel  ( 1661): Attempt to read object from Parcel 0x6013bdac at offset 200 that is not in the object list
05-20 13:03:41.799 W/Parcel  ( 1661): Attempt to read object from Parcel 0x5ded3dac at offset 200 that is not in the object list
05-20 13:03:41.799 D/Email   (30871): Email: init sandbox at the beginning.
05-20 13:03:41.799 V/MyServiceConnection(30871): [SConnection] retry to bind service
05-20 13:03:41.799 V/MyServiceConnection(30871): [SConnection] sandbox service is NOT installed.
05-20 13:03:41.799 V/MyServiceConnection(30871): [SConnection] binding service: pekall.intent.action.SANDBOX_SERVICE
05-20 13:03:41.830 V/MyServiceConnection(30871): [SConnection] retry to bind service
05-20 13:03:41.838 V/MyServiceConnection(30871): [SConnection] sandbox service is NOT installed.
05-20 13:03:41.838 V/MyServiceConnection(30871): [SConnection] binding service: pekall.intent.action.SANDBOX_SERVICE
05-20 13:03:41.846 D/dalvikvm(30871): GC_CONCURRENT freed 230K, 3% free 9554K/9824K, paused 2ms+2ms, total 28ms
05-20 13:03:41.846 D/dalvikvm(30871): WAIT_FOR_CONCURRENT_GC blocked 5ms
05-20 13:03:41.861 V/l       (30871): Bind requested for task setLogging
05-20 13:03:41.924 D/ActivityThread(30871): Loading provider com.pekall.semail.provider;com.pekall.semail.notifier: com.pekall.semail.provider.EmailProvider
05-20 13:03:41.939 W/DocumentManager(30871): Sandbox service is not connected.
05-20 13:03:41.939 D/MessageControllerImpl(30871): controller is null
05-20 13:03:41.939 V/MyServiceConnection(30871): [SConnection] retry to bind service
05-20 13:03:41.939 V/MyServiceConnection(30871): [SConnection] sandbox service is NOT installed.
05-20 13:03:41.939 V/MyServiceConnection(30871): [SConnection] binding service: pekall.intent.action.SANDBOX_SERVICE
05-20 13:03:41.939 W/SQLiteOpenHelper(30871): Opened /data/data/com.pekall.emdm.launcher/databases/message.db
05-20 13:03:41.939 W/dalvikvm(30871): No implementation found for native Lcom/pekall/sandbox/database/sqlite/SQLiteDatabase;.native_setSqliteSoftHeapLimit:(I)V
05-20 13:03:41.939 D/AndroidRuntime(30871): Shutting down VM
05-20 13:03:41.939 W/dalvikvm(30871): threadid=1: thread exiting with uncaught exception (group=0x419c8700)
05-20 13:03:41.939 D/        (30871): [---null: -1---]  Thread is main
05-20 13:03:41.939 W/System.err(30871): java.lang.UnsatisfiedLinkError: Native method not found: com.pekall.sandbox.database.sqlite.SQLiteDatabase.native_setSqliteSoftHeapLimit:(I)V
05-20 13:03:41.939 W/System.err(30871): 	at com.pekall.sandbox.database.sqlite.SQLiteDatabase.native_setSqliteSoftHeapLimit(Native Method)
05-20 13:03:41.939 W/System.err(30871): 	at com.pekall.sandbox.database.sqlite.SQLiteDatabase.<init>(Unknown Source)
05-20 13:03:41.939 W/System.err(30871): 	at com.pekall.sandbox.database.sqlite.SQLiteDatabase.openDatabase(Unknown Source)
05-20 13:03:41.939 W/System.err(30871): 	at com.pekall.sandbox.database.sqlite.SQLiteDatabase.openDatabase(Unknown Source)
05-20 13:03:41.939 W/System.err(30871): 	at com.pekall.sandbox.database.sqlite.SQLiteDatabase.openDatabase(Unknown Source)
05-20 13:03:41.947 W/System.err(30871): 	at com.pekall.sandbox.database.sqlite.SQLiteOpenHelper.getWritableDatabase(Unknown Source)
05-20 13:03:41.947 W/System.err(30871): 	at com.pekall.emdm.messagecenter.db.a.a(Unknown Source)
05-20 13:03:41.947 W/System.err(30871): 	at com.pekall.emdm.messagecenter.db.a.b(Unknown Source)
05-20 13:03:41.947 W/System.err(30871): 	at com.pekall.emdm.messagecenter.activity.a.onCreate(Unknown Source)
05-20 13:03:41.947 W/System.err(30871): 	at com.pekall.emdm.launcher.LauncherApplication.onCreate(Unknown Source)
05-20 13:03:41.947 W/System.err(30871): 	at android.app.Instrumentation.callApplicationOnCreate(Instrumentation.java:1007)
05-20 13:03:41.947 W/System.err(30871): 	at android.app.ActivityThread.handleBindApplication(ActivityThread.java:4444)
05-20 13:03:41.947 W/System.err(30871): 	at android.app.ActivityThread.access$1300(ActivityThread.java:141)
05-20 13:03:41.947 W/System.err(30871): 	at android.app.ActivityThread$H.handleMessage(ActivityThread.java:1316)
05-20 13:03:41.947 W/System.err(30871): 	at android.os.Handler.dispatchMessage(Handler.java:99)
05-20 13:03:41.947 W/System.err(30871): 	at android.os.Looper.loop(Looper.java:137)
05-20 13:03:41.947 W/System.err(30871): 	at android.app.ActivityThread.main(ActivityThread.java:5103)
05-20 13:03:41.947 W/System.err(30871): 	at java.lang.reflect.Method.invokeNative(Native Method)
05-20 13:03:41.947 W/System.err(30871): 	at java.lang.reflect.Method.invoke(Method.java:525)
05-20 13:03:41.947 W/System.err(30871): 	at com.android.internal.os.ZygoteInit$MethodAndArgsCaller.run(ZygoteInit.java:737)
05-20 13:03:41.947 W/System.err(30871): 	at com.android.internal.os.ZygoteInit.main(ZygoteInit.java:553)
05-20 13:03:41.947 W/System.err(30871): 	at dalvik.system.NativeStart.main(Native Method)
05-20 13:03:41.986 D/ActivityThread(30871): Loading provider com.pekall.semail.provider;com.pekall.semail.notifier: com.pekall.semail.provider.EmailProvider
05-20 13:03:42.064 D/dalvikvm(30871): GC_CONCURRENT freed 467K, 6% free 9482K/9992K, paused 2ms+8ms, total 22ms
05-20 13:03:42.260 W/EmailProvider(30871): restoreIfNeeded...
05-20 13:03:42.525 D/EmailProvider(30871): restoreAccounts...
05-20 13:03:44.142 D/EmailProvider(30871): No accounts to restore...
05-20 13:03:44.142 D/EmailProvider(30871): Deleting orphans...
05-20 13:03:44.205 D/EmailProvider(30871): EmailProvider pre-caching...
05-20 13:03:44.322 D/EmailProvider(30871): EmailProvider ready.
05-20 13:03:44.447 D/dalvikvm( 1661): GC_EXPLICIT freed 524K, 18% free 13104K/15888K, paused 2ms+13ms, total 89ms
05-20 13:03:44.939 I/Email   (30871): Notifications being toggled: false
05-20 13:03:44.939 W/ActivityManager(  374): Unable to start service Intent { cmp=com.pekall.emdm.launcher/com.pekall.semail.service.AttachmentDownloadService } U=0: not found
05-20 13:03:45.931 D/MDM :   (26771): [null:-1]->Location timeout, set latitude and longitude -1
05-20 13:03:45.963 D/CommandManager(26771): [null:-1]->requestType: Location
05-20 13:03:46.291 D/MdmDatabaseHelper(26771): [null:-1]->update command 0bdda5cb-8c0e-4f06-8389-b12c0c020fd2 to commandStatus <?xml version="1.0" encoding="UTF-8"?>
05-20 13:03:46.291 D/MdmDatabaseHelper(26771): <!DOCTYPE plist PUBLIC "-//Apple//DTD PLIST 1.0//EN" "http://www.apple.com/DTDs/PropertyList-1.0.dtd">
05-20 13:03:46.291 D/MdmDatabaseHelper(26771): <plist version="1.0">
05-20 13:03:46.291 D/MdmDatabaseHelper(26771): <dict>
05-20 13:03:46.291 D/MdmDatabaseHelper(26771): 	<key>Latitude</key>
05-20 13:03:46.291 D/MdmDatabaseHelper(26771): 	<real>-1.0</real>
05-20 13:03:46.291 D/MdmDatabaseHelper(26771): 	<key>Longitude</key>
05-20 13:03:46.291 D/MdmDatabaseHelper(26771): 	<real>-1.0</real>
05-20 13:03:46.291 D/MdmDatabaseHelper(26771): 	<key>CommandUUID</key>
05-20 13:03:46.291 D/MdmDatabaseHelper(26771): 	<string>0bdda5cb-8c0e-4f06-8389-b12c0c020fd2</string>
05-20 13:03:46.291 D/MdmDatabaseHelper(26771): 	<key>Status</key>
05-20 13:03:46.291 D/MdmDatabaseHelper(26771): 	<string>Error</string>
05-20 13:03:46.291 D/MdmDatabaseHelper(26771): 	<key>UDID</key>
05-20 13:03:46.291 D/MdmDatabaseHelper(26771): 	<string>00013fbc8ecec5b90000014613abe64a</string>
05-20 13:03:46.291 D/MdmDatabaseHelper(26771): </dict>
05-20 13:03:46.291 D/MdmDatabaseHelper(26771): </plist>
05-20 13:03:46.447 I/TransInfo(26771): TransInfo created, id: 3, class: class com.pekall.emdm.transaction.c.b
05-20 13:03:46.463 D/NetworkThread(26771): [null:-1]->----isRunning-----true
05-20 13:03:46.463 D/NetworkThread(26771): [null:-1]->----isRunning-----true
05-20 13:03:46.463 D/NetworkThread(26771): [null:-1]->thread wakeup
05-20 13:03:46.463 D/NetworkThread(26771): [null:-1]->sendHttpPost:PostRequest, url: http://192.168.10.21/rest/mdm/v1/ios/android_server, Params: [content:<?xml version="1.0" encoding="UTF-8"?>
05-20 13:03:46.463 D/NetworkThread(26771): <!DOCTYPE plist PUBLIC "-//Apple//DTD PLIST 1.0//EN" "http://www.apple.com/DTDs/PropertyList-1.0.dtd">
05-20 13:03:46.463 D/NetworkThread(26771): <plist version="1.0">
05-20 13:03:46.463 D/NetworkThread(26771): <dict>
05-20 13:03:46.463 D/NetworkThread(26771): 	<key>Latitude</key>
05-20 13:03:46.463 D/NetworkThread(26771): 	<real>-1.0</real>
05-20 13:03:46.463 D/NetworkThread(26771): 	<key>Longitude</key>
05-20 13:03:46.463 D/NetworkThread(26771): 	<real>-1.0</real>
05-20 13:03:46.463 D/NetworkThread(26771): 	<key>CommandUUID</key>
05-20 13:03:46.463 D/NetworkThread(26771): 	<string>0bdda5cb-8c0e-4f06-8389-b12c0c020fd2</string>
05-20 13:03:46.463 D/NetworkThread(26771): 	<key>Status</key>
05-20 13:03:46.463 D/NetworkThread(26771): 	<string>Error</string>
05-20 13:03:46.463 D/NetworkThread(26771): 	<key>UDID</key>
05-20 13:03:46.463 D/NetworkThread(26771): 	<string>00013fbc8ecec5b90000014613abe64a</string>
05-20 13:03:46.463 D/NetworkThread(26771): </dict>
05-20 13:03:46.463 D/NetworkThread(26771): </plist>], 
05-20 13:03:46.463 D/HttpClient(26771): enable apache.http debug
05-20 13:03:46.478 V/DEBUG   (26771): HTTP 0
05-20 13:03:46.728 D/MDM :   (26771): [null:-1]->statusCode : 200
05-20 13:03:46.728 D/MDM :   (26771): [null:-1]->statusCode : 200
05-20 13:03:46.728 V/DEBUG   (26771): HTTP 1
05-20 13:03:46.728 D/MDM :   (26771): [null:-1]->Get joson string: 
05-20 13:03:46.736 D/MdmDatabaseHelper(26771): [null:-1]->update command 0bdda5cb-8c0e-4f06-8389-b12c0c020fd2 to status executed
05-20 13:03:46.760 D/NetworkThread(26771): [null:-1]->clear mCurrentTransInfo
05-20 13:03:46.760 D/NetworkThread(26771): [null:-1]->queue is empty, thread wait...
05-20 13:03:46.830 D/MdmService(26771): [null:-1]->handleCheckInResult
05-20 13:03:46.830 D/MdmService(26771): [null:-1]->handleCheckInResult result keyIndex: 3
05-20 13:03:47.041 D/HandleCommandTask(26771): [null:-1]->execute command msg but beanBase is null
05-20 13:03:47.041 D/MdmStatusManager(26771): [null:-1]->change status to : Idle
05-20 13:03:55.994 D/LightsService(  374): Excessive delay setting light: 68ms
05-20 13:03:59.275 V/a       (26771): Wait for reconcileAccounts finished in 45001ms
05-20 13:03:59.353 D/ExchangeService(26771): !!! EAS ExchangeService, stopping self
05-20 13:04:01.713 W/ActivityManager(  374): Timeout executing service: ServiceRecord{42d711c0 u0 com.pekall.emdm.launcher/com.baidu.location.f}
05-20 13:04:01.736 I/Process (  374): Sending signal. PID: 30871 SIG: 3
05-20 13:04:01.736 I/dalvikvm(30871): threadid=3: reacting to signal 3
05-20 13:04:01.846 I/PowerManagerService(  374): Going to sleep due to screen timeout...
05-20 13:04:01.931 I/Process (  374): Sending signal. PID: 374 SIG: 3
05-20 13:04:01.931 I/dalvikvm(  374): threadid=3: reacting to signal 3
05-20 13:04:01.986 D/dalvikvm(30871): JIT unchain all for threadid=12
05-20 13:04:02.025 I/dalvikvm(30871): Wrote stack traces to '/data/anr/traces.txt'
05-20 13:04:03.439 I/Process (  374): Sending signal. PID: 448 SIG: 3
05-20 13:04:03.439 I/dalvikvm(  448): threadid=3: reacting to signal 3
05-20 13:04:03.447 I/dalvikvm(  374): Wrote stack traces to '/data/anr/traces.txt'
05-20 13:04:03.447 I/Process (  374): Sending signal. PID: 561 SIG: 3
05-20 13:04:03.447 I/dalvikvm(  561): threadid=3: reacting to signal 3
05-20 13:04:03.455 I/Process (  374): Sending signal. PID: 568 SIG: 3
05-20 13:04:03.455 I/dalvikvm(  568): threadid=3: reacting to signal 3
05-20 13:04:03.517 I/dalvikvm(  568): Wrote stack traces to '/data/anr/traces.txt'
05-20 13:04:03.525 I/dalvikvm(  561): Wrote stack traces to '/data/anr/traces.txt'
05-20 13:04:03.806 I/dalvikvm(  448): Wrote stack traces to '/data/anr/traces.txt'
05-20 13:04:04.025 D/LauncherApplication(26771): [null:-1]->onActivityPaused
05-20 13:04:04.033 D/LauncherApplication(26771): [null:-1]->onActivityPaused  updateTime
05-20 13:04:04.088 D/LightsService(  374): Excessive delay setting light: 62ms
05-20 13:04:04.088 D/dalvikvm(  374): GC_EXPLICIT freed 2159K, 22% free 21309K/27192K, paused 9ms+7ms, total 140ms
05-20 13:04:04.150 D/SurfaceFlinger(  124): Screen released, type=0 flinger=0x40e95478
05-20 13:04:04.666 I/Process (  374): Sending signal. PID: 26771 SIG: 3
05-20 13:04:04.674 I/dalvikvm(26771): threadid=3: reacting to signal 3
05-20 13:04:04.869 I/Process (  374): Sending signal. PID: 1661 SIG: 3
05-20 13:04:04.869 I/dalvikvm( 1661): threadid=3: reacting to signal 3
05-20 13:04:04.924 D/dalvikvm(26771): JIT unchain all for threadid=11
05-20 13:04:05.010 I/dalvikvm( 1661): Wrote stack traces to '/data/anr/traces.txt'
05-20 13:04:05.025 E/ActivityManager(  374): ANR in com.pekall.emdm.launcher:remote
05-20 13:04:05.025 E/ActivityManager(  374): Reason: Executing service com.pekall.emdm.launcher/com.baidu.location.f
05-20 13:04:05.025 E/ActivityManager(  374): Load: 2.84 / 1.9 / 1.6
05-20 13:04:05.025 E/ActivityManager(  374): CPU usage from 9195ms to 0ms ago:
05-20 13:04:05.025 E/ActivityManager(  374):   99% 30871/com.pekall.emdm.launcher:remote: 99% user + 0% kernel
05-20 13:04:05.025 E/ActivityManager(  374):   97% 26771/com.pekall.emdm.launcher: 96% user + 0.1% kernel / faults: 22 minor
05-20 13:04:05.025 E/ActivityManager(  374):   2.1% 374/system_server: 0.8% user + 1.3% kernel / faults: 144 minor
05-20 13:04:05.025 E/ActivityManager(  374):   0.6% 1661/com.qihoo360.mobilesafe:GuardService: 0.3% user + 0.3% kernel / faults: 3 minor
05-20 13:04:05.025 E/ActivityManager(  374):   0.4% 448/com.android.systemui: 0.3% user + 0.1% kernel / faults: 9 minor
05-20 13:04:05.025 E/ActivityManager(  374):   0% 121/netd: 0% user + 0% kernel
05-20 13:04:05.025 E/ActivityManager(  374):   0.1% 124/surfaceflinger: 0.1% user + 0% kernel
05-20 13:04:05.025 E/ActivityManager(  374):   0% 442/wpa_supplicant: 0% user + 0% kernel
05-20 13:04:05.025 E/ActivityManager(  374):   0.1% 30346/com.qihoo.appstore: 0% user + 0.1% kernel / faults: 2 minor
05-20 13:04:05.025 E/ActivityManager(  374): 100% TOTAL: 99% user + 0.9% kernel
05-20 13:04:05.025 E/ActivityManager(  374): CPU usage from 2375ms to 2898ms later:
05-20 13:04:05.025 E/ActivityManager(  374):   98% 30871/com.pekall.emdm.launcher:remote: 98% user + 0% kernel / faults: 1 minor
05-20 13:04:05.025 E/ActivityManager(  374):     98% 30885/Thread-1429: 98% user + 0% kernel
05-20 13:04:05.025 E/ActivityManager(  374):   90% 26771/com.pekall.emdm.launcher: 90% user + 0% kernel
05-20 13:04:05.025 E/ActivityManager(  374):     89% 26784/Thread-1176: 89% user + 0% kernel
05-20 13:04:05.025 E/ActivityManager(  374):   5.6% 374/system_server: 1.8% user + 3.7% kernel / faults: 6 minor
05-20 13:04:05.025 E/ActivityManager(  374):     3.7% 390/ActivityManager: 0% user + 3.7% kernel
05-20 13:04:05.025 E/ActivityManager(  374):     1.8% 386/SensorService: 0% user + 1.8% kernel
05-20 13:04:05.025 E/ActivityManager(  374):     1.8% 389/WindowManager: 1.8% user + 0% kernel
05-20 13:04:05.025 E/ActivityManager(  374):   1.2% 1661/com.qihoo360.mobilesafe:GuardService: 0% user + 1.2% kernel / faults: 1 minor
05-20 13:04:05.025 E/ActivityManager(  374):     1.2% 1661/fe:GuardService: 0% user + 1.2% kernel
05-20 13:04:05.025 E/ActivityManager(  374):  +0% 30901/flush-0:20: 0% user + 0% kernel
05-20 13:04:05.025 E/ActivityManager(  374): 100% TOTAL: 97% user + 2.8% kernel
05-20 13:04:05.033 W/ActivityManager(  374): Killing ProcessRecord{4283e720 30871:com.pekall.emdm.launcher:remote/u0a10066}: background ANR
05-20 13:04:05.111 I/dalvikvm(26771): Wrote stack traces to '/data/anr/traces.txt'
05-20 13:04:05.189 D/dalvikvm(  374): GC_FOR_ALLOC freed 916K, 23% free 21120K/27192K, paused 118ms, total 119ms
05-20 13:04:05.189 I/dalvikvm-heap(  374): Grow heap (frag case) to 21.042MB for 393236-byte allocation
05-20 13:04:05.291 D/dalvikvm(  374): GC_FOR_ALLOC freed 257K, 23% free 21247K/27580K, paused 102ms, total 102ms
05-20 13:04:05.299 D/ExchangeService(26771): !!! EAS ExchangeService, onDestroy
05-20 13:04:05.299 I/ActivityManager(  374): Process com.pekall.emdm.launcher:remote (pid 30871) has died.
05-20 13:04:05.299 W/ActivityManager(  374): Scheduling restart of crashed service com.pekall.emdm.launcher/com.baidu.location.f in 20000ms
05-20 13:04:05.369 W/Parcel  ( 1661): Attempt to read object from Parcel 0x6013bdac at offset 200 that is not in the object list
05-20 13:04:05.400 D/dalvikvm(  568): GC_EXPLICIT freed 51K, 5% free 9167K/9584K, paused 2ms+4ms, total 50ms
05-20 13:04:05.400 D/NfcService(  568): NFC-C OFF, disconnect
05-20 13:04:05.455 V/MDM :   (26771): [null:-1]->Screen receiver is called.
05-20 13:04:05.471 W/Parcel  ( 1661): Attempt to read object from Parcel 0x5ded3dac at offset 200 that is not in the object list
05-20 13:04:05.471 W/Parcel  ( 1661): Attempt to read object from Parcel 0x6013bdac at offset 200 that is not in the object list
05-20 13:04:05.533 W/BroadcastQueue(  374): Failure sending broadcast Intent { act=android.intent.action.SCREEN_OFF flg=0x50000010 }
05-20 13:04:05.533 W/BroadcastQueue(  374): android.os.DeadObjectException
05-20 13:04:05.533 W/BroadcastQueue(  374): 	at android.os.BinderProxy.transact(Native Method)
05-20 13:04:05.533 W/BroadcastQueue(  374): 	at android.content.IIntentReceiver$Stub$Proxy.performReceive(IIntentReceiver.java:124)
05-20 13:04:05.533 W/BroadcastQueue(  374): 	at com.android.server.am.BroadcastQueue.performReceiveLocked(BroadcastQueue.java:376)
05-20 13:04:05.533 W/BroadcastQueue(  374): 	at com.android.server.am.BroadcastQueue.deliverToRegisteredReceiverLocked(BroadcastQueue.java:449)
05-20 13:04:05.533 W/BroadcastQueue(  374): 	at com.android.server.am.BroadcastQueue.processNextBroadcast(BroadcastQueue.java:656)
05-20 13:04:05.533 W/BroadcastQueue(  374): 	at com.android.server.am.ActivityManagerService.finishReceiver(ActivityManagerService.java:12390)
05-20 13:04:05.533 W/BroadcastQueue(  374): 	at android.app.ActivityManagerNative.onTransact(ActivityManagerNative.java:379)
05-20 13:04:05.533 W/BroadcastQueue(  374): 	at com.android.server.am.ActivityManagerService.onTransact(ActivityManagerService.java:1737)
05-20 13:04:05.533 W/BroadcastQueue(  374): 	at android.os.Binder.execTransact(Binder.java:388)
05-20 13:04:05.533 W/BroadcastQueue(  374): 	at dalvik.system.NativeStart.run(Native Method)
05-20 13:04:08.791 W/MountService(  374): getVolumeState(/storage/emulated/0/external_sd): Unknown volume
05-20 13:04:08.791 W/MountService(  374): getVolumeState(/mnt/sdcard-ext): Unknown volume
05-20 13:04:08.791 W/MountService(  374): getVolumeState(/mnt/ext_sdcard): Unknown volume
05-20 13:04:08.791 W/MountService(  374): getVolumeState(/mnt/sdcard2): Unknown volume
05-20 13:04:08.791 W/MountService(  374): getVolumeState(/mnt/emmc): Unknown volume
05-20 13:04:08.791 W/MountService(  374): getVolumeState(/mnt/extSdCard): Unknown volume
05-20 13:04:08.791 W/MountService(  374): getVolumeState(/mnt/sdcard/SD_CARD): Unknown volume
05-20 13:04:08.799 W/MountService(  374): getVolumeState(/mnt/sdcard/extra_sd): Unknown volume
05-20 13:04:08.799 W/MountService(  374): getVolumeState(/mnt/extrasd_bind): Unknown volume
05-20 13:04:08.799 W/MountService(  374): getVolumeState(/mnt/sdcard/ext_sd): Unknown volume
05-20 13:04:08.799 W/MountService(  374): getVolumeState(/storage/extSdCard): Unknown volume
05-20 13:04:08.799 W/MountService(  374): getVolumeState(/storage/sdcard1): Unknown volume
05-20 13:04:08.799 W/MountService(  374): getVolumeState(/mnt/sdcard/external_SD): Unknown volume
05-20 13:04:08.799 W/MountService(  374): getVolumeState(/mnt/sdcard/external_sd): Unknown volume
05-20 13:04:08.822 D/dalvikvm( 1468): GC_CONCURRENT freed 481K, 21% free 9648K/12104K, paused 3ms+4ms, total 46ms
05-20 13:04:08.822 D/dalvikvm( 1468): WAIT_FOR_CONCURRENT_GC blocked 11ms
05-20 13:04:08.822 D/dalvikvm( 1468): WAIT_FOR_CONCURRENT_GC blocked 11ms
05-20 13:04:09.158 D/dalvikvm( 1468): GC_CONCURRENT freed 463K, 20% free 9684K/12104K, paused 13ms+6ms, total 65ms
05-20 13:04:09.275 D/dalvikvm(  374): GC_FOR_ALLOC freed 1659K, 24% free 21178K/27580K, paused 92ms, total 92ms
05-20 13:04:09.338 V/KeyguardHostView(  374): hide transport, gen:1
05-20 13:04:09.338 V/KeyguardHostView(  374): music state changed: 0
05-20 13:04:09.361 D/PhoneStatusBar(  448): disable: < expand icons alerts ticker system_info back home RECENT* clock SEARCH* >
05-20 13:04:09.392 V/TAG     (  374): bug 7643792: fitSystemWindows([0,50][0,0])
05-20 13:04:09.463 W/MountService(  374): getVolumeState(/storage/emulated/0/external_sd): Unknown volume
05-20 13:04:09.463 W/MountService(  374): getVolumeState(/mnt/sdcard-ext): Unknown volume
05-20 13:04:09.463 W/MountService(  374): getVolumeState(/mnt/ext_sdcard): Unknown volume
05-20 13:04:09.471 W/MountService(  374): getVolumeState(/mnt/sdcard2): Unknown volume
05-20 13:04:09.471 W/MountService(  374): getVolumeState(/mnt/emmc): Unknown volume
05-20 13:04:09.471 W/MountService(  374): getVolumeState(/mnt/extSdCard): Unknown volume
05-20 13:04:09.471 W/MountService(  374): getVolumeState(/mnt/sdcard/SD_CARD): Unknown volume
05-20 13:04:09.471 W/MountService(  374): getVolumeState(/mnt/sdcard/extra_sd): Unknown volume
05-20 13:04:09.471 W/MountService(  374): getVolumeState(/mnt/extrasd_bind): Unknown volume
05-20 13:04:09.471 D/PhoneStatusBar(  448): disable: < expand icons alerts ticker system_info BACK* HOME* RECENT CLOCK* SEARCH >
05-20 13:04:09.471 W/MountService(  374): getVolumeState(/mnt/sdcard/ext_sd): Unknown volume
05-20 13:04:09.471 W/MountService(  374): getVolumeState(/storage/extSdCard): Unknown volume
05-20 13:04:09.471 W/MountService(  374): getVolumeState(/storage/sdcard1): Unknown volume
05-20 13:04:09.478 W/MountService(  374): getVolumeState(/mnt/sdcard/external_SD): Unknown volume
05-20 13:04:09.478 W/MountService(  374): getVolumeState(/mnt/sdcard/external_sd): Unknown volume
05-20 13:04:09.572 D/dalvikvm( 1468): GC_CONCURRENT freed 481K, 21% free 9598K/12104K, paused 5ms+4ms, total 31ms
05-20 13:04:24.088 I/Email   (26593): ReconcilePopImapAccountsSync: start
05-20 13:04:24.119 W/Email   (26593): Received BYE
05-20 13:04:24.135 W/Parcel  ( 1661): Attempt to read object from Parcel 0x6013bdac at offset 200 that is not in the object list
05-20 13:04:24.142 I/Email   (26593): ReconcilePopImapAccountsSync: done
05-20 13:04:24.150 W/Parcel  ( 1661): Attempt to read object from Parcel 0x6003bdac at offset 200 that is not in the object list
05-20 13:04:24.486 D/Email   (26593): *** synchronizeMailboxGeneric ***
05-20 13:04:25.314 D/dalvikvm(30909): Late-enabling CheckJNI
05-20 13:04:25.330 I/ActivityManager(  374): Start proc com.pekall.emdm.launcher:remote for service com.pekall.emdm.launcher/com.baidu.location.f: pid=30909 uid=10066 gids={50066, 1015, 3002, 3001, 3003, 1028}
05-20 13:04:25.361 V/MyServiceConnection(30909): [SConnection] sandbox service is NOT installed.
05-20 13:04:25.361 V/MyServiceConnection(30909): [SConnection] binding service: pekall.intent.action.SANDBOX_SERVICE
05-20 13:04:25.369 D/ScClassLoader(30909): >> SOURCE FILE: /data/data/com.pekall.emdm.launcher/app_jars/sc-jdk15on-1.47.0.2.dex.jar
05-20 13:04:25.416 W/Parcel  ( 1661): Attempt to read object from Parcel 0x5ef3bdac at offset 200 that is not in the object list
05-20 13:04:25.416 W/Parcel  ( 1661): Attempt to read object from Parcel 0x5ec3bdac at offset 200 that is not in the object list
05-20 13:04:25.416 D/Email   (30909): Email: init sandbox at the beginning.
05-20 13:04:25.416 V/MyServiceConnection(30909): [SConnection] retry to bind service
05-20 13:04:25.424 V/MyServiceConnection(30909): [SConnection] sandbox service is NOT installed.
05-20 13:04:25.424 V/MyServiceConnection(30909): [SConnection] binding service: pekall.intent.action.SANDBOX_SERVICE
05-20 13:04:25.447 D/dalvikvm(30909): GC_CONCURRENT freed 109K, 2% free 9324K/9472K, paused 3ms+6ms, total 55ms
05-20 13:04:25.447 D/dalvikvm(30909): WAIT_FOR_CONCURRENT_GC blocked 1ms
05-20 13:04:25.447 D/dalvikvm(30909): WAIT_FOR_CONCURRENT_GC blocked 1ms
05-20 13:04:25.447 D/dalvikvm(30909): WAIT_FOR_CONCURRENT_GC blocked 1ms
05-20 13:04:25.447 V/MyServiceConnection(30909): [SConnection] retry to bind service
05-20 13:04:25.447 V/MyServiceConnection(30909): [SConnection] sandbox service is NOT installed.
05-20 13:04:25.447 V/MyServiceConnection(30909): [SConnection] binding service: pekall.intent.action.SANDBOX_SERVICE
05-20 13:04:25.463 V/l       (30909): Bind requested for task setLogging
05-20 13:04:25.486 D/ExchangeService(26771): !!! EAS ExchangeService, onCreate
05-20 13:04:25.486 W/Parcel  ( 1661): Attempt to read object from Parcel 0x5dfd3dac at offset 200 that is not in the object list
05-20 13:04:25.486 D/ExchangeService(26771): !!! EAS ExchangeService, onStartCommand, startingUp = false, running = false
05-20 13:04:25.486 D/ExchangeService(26771): to start secureStorageService now
05-20 13:04:25.486 V/a       (26771): Bind requested for task test
05-20 13:04:25.494 D/ExchangeService(26771): Reconciling accounts...
05-20 13:04:25.494 V/a       (26771): Bind requested for task reconcileAccounts
05-20 13:04:25.494 V/a       (26771): Connected: com.pekall.semail.service.AccountServiceInternal
05-20 13:04:25.494 V/a       (26771): Connection test succeeded in 7ms
05-20 13:04:25.494 V/a       (26771): Task test completed; disconnecting
05-20 13:04:25.517 V/a       (26771): Waiting for task reconcileAccounts to complete...
05-20 13:04:25.517 V/a       (26771): Connected: com.pekall.semail.service.AccountServiceInternal
05-20 13:04:25.549 V/a       (26771): Task reconcileAccounts completed; disconnecting
05-20 13:04:25.556 V/a       (26771): Wait for reconcileAccounts finished in 39ms
05-20 13:04:25.564 D/dalvikvm(30909): GC_CONCURRENT freed 237K, 3% free 9600K/9876K, paused 4ms+3ms, total 40ms
05-20 13:04:25.564 D/dalvikvm(30909): WAIT_FOR_CONCURRENT_GC blocked 9ms
05-20 13:04:25.564 D/dalvikvm(30909): WAIT_FOR_CONCURRENT_GC blocked 9ms
05-20 13:04:25.564 W/DocumentManager(30909): Sandbox service is not connected.
05-20 13:04:25.564 D/MessageControllerImpl(30909): controller is null
05-20 13:04:25.564 V/MyServiceConnection(30909): [SConnection] retry to bind service
05-20 13:04:25.564 V/MyServiceConnection(30909): [SConnection] sandbox service is NOT installed.
05-20 13:04:25.564 V/MyServiceConnection(30909): [SConnection] binding service: pekall.intent.action.SANDBOX_SERVICE
05-20 13:04:25.564 D/dalvikvm(30909): WAIT_FOR_CONCURRENT_GC blocked 11ms
05-20 13:04:25.564 D/dalvikvm(30909): WAIT_FOR_CONCURRENT_GC blocked 11ms
05-20 13:04:25.564 W/SQLiteOpenHelper(30909): Opened /data/data/com.pekall.emdm.launcher/databases/message.db
05-20 13:04:25.572 W/dalvikvm(30909): No implementation found for native Lcom/pekall/sandbox/database/sqlite/SQLiteDatabase;.native_setSqliteSoftHeapLimit:(I)V
05-20 13:04:25.572 D/AndroidRuntime(30909): Shutting down VM
05-20 13:04:25.572 W/dalvikvm(30909): threadid=1: thread exiting with uncaught exception (group=0x419c8700)
05-20 13:04:25.572 D/        (30909): [---null: -1---]  Thread is main
05-20 13:04:25.572 W/System.err(30909): java.lang.UnsatisfiedLinkError: Native method not found: com.pekall.sandbox.database.sqlite.SQLiteDatabase.native_setSqliteSoftHeapLimit:(I)V
05-20 13:04:25.580 W/System.err(30909): 	at com.pekall.sandbox.database.sqlite.SQLiteDatabase.native_setSqliteSoftHeapLimit(Native Method)
05-20 13:04:25.580 W/System.err(30909): 	at com.pekall.sandbox.database.sqlite.SQLiteDatabase.<init>(Unknown Source)
05-20 13:04:25.580 W/System.err(30909): 	at com.pekall.sandbox.database.sqlite.SQLiteDatabase.openDatabase(Unknown Source)
05-20 13:04:25.580 W/System.err(30909): 	at com.pekall.sandbox.database.sqlite.SQLiteDatabase.openDatabase(Unknown Source)
05-20 13:04:25.580 W/System.err(30909): 	at com.pekall.sandbox.database.sqlite.SQLiteDatabase.openDatabase(Unknown Source)
05-20 13:04:25.580 W/System.err(30909): 	at com.pekall.sandbox.database.sqlite.SQLiteOpenHelper.getWritableDatabase(Unknown Source)
05-20 13:04:25.580 W/System.err(30909): 	at com.pekall.emdm.messagecenter.db.a.a(Unknown Source)
05-20 13:04:25.580 W/System.err(30909): 	at com.pekall.emdm.messagecenter.db.a.b(Unknown Source)
05-20 13:04:25.580 W/System.err(30909): 	at com.pekall.emdm.messagecenter.activity.a.onCreate(Unknown Source)
05-20 13:04:25.580 W/System.err(30909): 	at com.pekall.emdm.launcher.LauncherApplication.onCreate(Unknown Source)
05-20 13:04:25.580 W/System.err(30909): 	at android.app.Instrumentation.callApplicationOnCreate(Instrumentation.java:1007)
05-20 13:04:25.580 W/System.err(30909): 	at android.app.ActivityThread.handleBindApplication(ActivityThread.java:4444)
05-20 13:04:25.580 W/System.err(30909): 	at android.app.ActivityThread.access$1300(ActivityThread.java:141)
05-20 13:04:25.580 W/System.err(30909): 	at android.app.ActivityThread$H.handleMessage(ActivityThread.java:1316)
05-20 13:04:25.580 W/System.err(30909): 	at android.os.Handler.dispatchMessage(Handler.java:99)
05-20 13:04:25.580 W/System.err(30909): 	at android.os.Looper.loop(Looper.java:137)
05-20 13:04:25.580 W/System.err(30909): 	at android.app.ActivityThread.main(ActivityThread.java:5103)
05-20 13:04:25.580 W/System.err(30909): 	at java.lang.reflect.Method.invokeNative(Native Method)
05-20 13:04:25.580 W/System.err(30909): 	at java.lang.reflect.Method.invoke(Method.java:525)
05-20 13:04:25.580 W/System.err(30909): 	at com.android.internal.os.ZygoteInit$MethodAndArgsCaller.run(ZygoteInit.java:737)
05-20 13:04:25.580 W/System.err(30909): 	at com.android.internal.os.ZygoteInit.main(ZygoteInit.java:553)
05-20 13:04:25.580 W/System.err(30909): 	at dalvik.system.NativeStart.main(Native Method)
05-20 13:04:25.603 D/ActivityThread(30909): Loading provider com.pekall.semail.provider;com.pekall.semail.notifier: com.pekall.semail.provider.EmailProvider
05-20 13:04:25.752 D/ExchangeService(26771): !!! EAS ExchangeService, stopping self
05-20 13:04:28.174 D/ActivityThread(30909): Loading provider com.pekall.semail.provider;com.pekall.semail.notifier: com.pekall.semail.provider.EmailProvider
05-20 13:04:28.322 D/dalvikvm(30909): GC_CONCURRENT freed 494K, 6% free 9499K/10036K, paused 3ms+14ms, total 53ms
05-20 13:04:28.392 W/EmailProvider(30909): restoreIfNeeded...
05-20 13:04:28.760 D/EmailProvider(30909): restoreAccounts...
05-20 13:04:29.236 D/EmailProvider(30909): No accounts to restore...
05-20 13:04:29.236 D/EmailProvider(30909): Deleting orphans...
05-20 13:04:29.385 D/EmailProvider(30909): EmailProvider pre-caching...
05-20 13:04:29.541 D/EmailProvider(30909): EmailProvider ready.
05-20 13:04:29.650 I/Email   (30909): Notifications being toggled: false
05-20 13:04:29.650 W/ActivityManager(  374): Unable to start service Intent { cmp=com.pekall.emdm.launcher/com.pekall.semail.service.AttachmentDownloadService } U=0: not found
05-20 13:04:45.338 W/ActivityManager(  374): Timeout executing service: ServiceRecord{42d711c0 u0 com.pekall.emdm.launcher/com.baidu.location.f}
05-20 13:04:45.346 I/Process (  374): Sending signal. PID: 30909 SIG: 3
05-20 13:04:45.346 I/dalvikvm(30909): threadid=3: reacting to signal 3
05-20 13:04:45.541 I/Process (  374): Sending signal. PID: 374 SIG: 3
05-20 13:04:45.541 I/dalvikvm(  374): threadid=3: reacting to signal 3
05-20 13:04:45.596 D/dalvikvm(30909): JIT unchain all for threadid=12
05-20 13:04:45.697 I/dalvikvm(30909): Wrote stack traces to '/data/anr/traces.txt'
05-20 13:04:49.642 I/dalvikvm(  374): Wrote stack traces to '/data/anr/traces.txt'
05-20 13:04:49.666 I/Process (  374): Sending signal. PID: 448 SIG: 3
05-20 13:04:49.666 I/dalvikvm(  448): threadid=3: reacting to signal 3
05-20 13:04:49.666 I/Process (  374): Sending signal. PID: 561 SIG: 3
05-20 13:04:49.666 I/dalvikvm(  561): threadid=3: reacting to signal 3
05-20 13:04:49.674 I/Process (  374): Sending signal. PID: 568 SIG: 3
05-20 13:04:49.674 I/dalvikvm(  568): threadid=3: reacting to signal 3
05-20 13:04:49.744 I/dalvikvm(  568): Wrote stack traces to '/data/anr/traces.txt'
05-20 13:04:49.752 I/dalvikvm(  561): Wrote stack traces to '/data/anr/traces.txt'
05-20 13:04:50.181 I/dalvikvm(  448): Wrote stack traces to '/data/anr/traces.txt'
05-20 13:04:50.322 D/dalvikvm(  374): GC_EXPLICIT freed 1447K, 19% free 22344K/27580K, paused 4ms+13ms, total 124ms
05-20 13:04:50.908 I/Process (  374): Sending signal. PID: 26771 SIG: 3
05-20 13:04:50.908 I/dalvikvm(26771): threadid=3: reacting to signal 3
05-20 13:04:51.135 E/ActivityManager(  374): ANR in com.pekall.emdm.launcher:remote
05-20 13:04:51.135 E/ActivityManager(  374): Reason: Executing service com.pekall.emdm.launcher/com.baidu.location.f
05-20 13:04:51.135 E/ActivityManager(  374): Load: 2.63 / 1.97 / 1.63
05-20 13:04:51.135 E/ActivityManager(  374): CPU usage from 4913ms to -5770ms ago:
05-20 13:04:51.135 E/ActivityManager(  374):   92% 30909/com.pekall.emdm.launcher:remote: 92% user + 0.1% kernel / faults: 116 minor
05-20 13:04:51.135 E/ActivityManager(  374):   91% 26771/com.pekall.emdm.launcher: 91% user + 0% kernel
05-20 13:04:51.135 E/ActivityManager(  374):   12% 374/system_server: 10% user + 1.8% kernel / faults: 337 minor
05-20 13:04:51.135 E/ActivityManager(  374):   1.1% 448/com.android.systemui: 1.1% user + 0% kernel / faults: 24 minor
05-20 13:04:51.135 E/ActivityManager(  374):   0.1% 561/com.android.phone: 0.1% user + 0% kernel / faults: 31 minor
05-20 13:04:51.135 E/ActivityManager(  374):   0% 568/com.android.nfc: 0% user + 0% kernel / faults: 28 minor
05-20 13:04:51.135 E/ActivityManager(  374):   0.1% 30346/com.qihoo.appstore: 0.1% user + 0% kernel / faults: 2 minor
05-20 13:04:51.135 E/ActivityManager(  374):   0% 1468/com.qihoo.daemon: 0% user + 0% kernel / faults: 45 minor
05-20 13:04:51.135 E/ActivityManager(  374):   0% 30167/com.nd.assistance.ServerService: 0% user + 0% kernel / faults: 3 minor
05-20 13:04:51.135 E/ActivityManager(  374): 99% TOTAL: 98% user + 1.1% kernel
05-20 13:04:51.135 E/ActivityManager(  374): CPU usage from 4987ms to 5523ms later:
05-20 13:04:51.135 E/ActivityManager(  374):   98% 30909/com.pekall.emdm.launcher:remote: 98% user + 0% kernel
05-20 13:04:51.135 E/ActivityManager(  374):     96% 30923/Thread-1432: 96% user + 0% kernel
05-20 13:04:51.135 E/ActivityManager(  374):   92% 26771/com.pekall.emdm.launcher: 92% user + 0% kernel
05-20 13:04:51.135 E/ActivityManager(  374):     92% 26784/Thread-1176: 92% user + 0% kernel
05-20 13:04:51.135 E/ActivityManager(  374):   7.4% 374/system_server: 0% user + 7.4% kernel
05-20 13:04:51.135 E/ActivityManager(  374):     7.4% 390/ActivityManager: 0% user + 7.4% kernel
05-20 13:04:51.135 E/ActivityManager(  374): 98% TOTAL: 96% user + 1.9% kernel
05-20 13:04:51.150 W/ActivityManager(  374): Killing ProcessRecord{422aaa50 30909:com.pekall.emdm.launcher:remote/u0a10066}: background ANR
05-20 13:04:51.158 D/dalvikvm(26771): JIT unchain all for threadid=11
05-20 13:04:51.267 D/dalvikvm(  374): GC_FOR_ALLOC freed 1616K, 23% free 21405K/27580K, paused 99ms, total 99ms
05-20 13:04:51.267 I/ActivityManager(  374): Process com.pekall.emdm.launcher:remote (pid 30909) has died.
05-20 13:04:51.267 W/ActivityManager(  374): Scheduling restart of crashed service com.pekall.emdm.launcher/com.baidu.location.f in 80000ms
05-20 13:04:51.299 I/dalvikvm(26771): Wrote stack traces to '/data/anr/traces.txt'
05-20 13:04:51.306 D/ExchangeService(26771): !!! EAS ExchangeService, onDestroy
05-20 13:05:08.299 W/Parcel  ( 1661): Attempt to read object from Parcel 0x5ec3bdac at offset 200 that is not in the object list
05-20 13:05:08.846 W/MountService(  374): getVolumeState(/storage/emulated/0/external_sd): Unknown volume
05-20 13:05:08.853 W/MountService(  374): getVolumeState(/mnt/sdcard-ext): Unknown volume
05-20 13:05:08.853 W/MountService(  374): getVolumeState(/mnt/ext_sdcard): Unknown volume
05-20 13:05:08.853 W/MountService(  374): getVolumeState(/mnt/sdcard2): Unknown volume
05-20 13:05:08.853 W/MountService(  374): getVolumeState(/mnt/emmc): Unknown volume
05-20 13:05:08.853 W/MountService(  374): getVolumeState(/mnt/extSdCard): Unknown volume
05-20 13:05:08.853 W/MountService(  374): getVolumeState(/mnt/sdcard/SD_CARD): Unknown volume
05-20 13:05:08.853 W/MountService(  374): getVolumeState(/mnt/sdcard/extra_sd): Unknown volume
05-20 13:05:08.853 W/MountService(  374): getVolumeState(/mnt/extrasd_bind): Unknown volume
05-20 13:05:08.861 W/MountService(  374): getVolumeState(/mnt/sdcard/ext_sd): Unknown volume
05-20 13:05:08.861 W/MountService(  374): getVolumeState(/storage/extSdCard): Unknown volume
05-20 13:05:08.861 W/MountService(  374): getVolumeState(/storage/sdcard1): Unknown volume
05-20 13:05:08.861 W/MountService(  374): getVolumeState(/mnt/sdcard/external_SD): Unknown volume
05-20 13:05:08.861 W/MountService(  374): getVolumeState(/mnt/sdcard/external_sd): Unknown volume
05-20 13:05:08.947 D/dalvikvm( 1468): GC_CONCURRENT freed 420K, 21% free 9615K/12104K, paused 4ms+4ms, total 42ms
05-20 13:05:09.174 W/MountService(  374): getVolumeState(/storage/emulated/0/external_sd): Unknown volume
05-20 13:05:09.174 W/MountService(  374): getVolumeState(/mnt/sdcard-ext): Unknown volume
05-20 13:05:09.174 W/MountService(  374): getVolumeState(/mnt/ext_sdcard): Unknown volume
05-20 13:05:09.174 W/MountService(  374): getVolumeState(/mnt/sdcard2): Unknown volume
05-20 13:05:09.174 W/MountService(  374): getVolumeState(/mnt/emmc): Unknown volume
05-20 13:05:09.174 W/MountService(  374): getVolumeState(/mnt/extSdCard): Unknown volume
05-20 13:05:09.174 W/MountService(  374): getVolumeState(/mnt/sdcard/SD_CARD): Unknown volume
05-20 13:05:09.174 W/MountService(  374): getVolumeState(/mnt/sdcard/extra_sd): Unknown volume
05-20 13:05:09.174 W/MountService(  374): getVolumeState(/mnt/extrasd_bind): Unknown volume
05-20 13:05:09.174 W/MountService(  374): getVolumeState(/mnt/sdcard/ext_sd): Unknown volume
05-20 13:05:09.174 W/MountService(  374): getVolumeState(/storage/extSdCard): Unknown volume
05-20 13:05:09.174 W/MountService(  374): getVolumeState(/storage/sdcard1): Unknown volume
05-20 13:05:09.174 W/MountService(  374): getVolumeState(/mnt/sdcard/external_SD): Unknown volume
05-20 13:05:09.181 W/MountService(  374): getVolumeState(/mnt/sdcard/external_sd): Unknown volume
05-20 13:05:09.205 D/dalvikvm( 1468): GC_CONCURRENT freed 491K, 21% free 9635K/12104K, paused 6ms+4ms, total 45ms
05-20 13:05:09.205 D/dalvikvm( 1468): WAIT_FOR_CONCURRENT_GC blocked 19ms
05-20 13:05:09.205 D/dalvikvm( 1468): WAIT_FOR_CONCURRENT_GC blocked 11ms
05-20 13:05:13.838 D/dalvikvm(  561): GC_EXPLICIT freed 306K, 5% free 9421K/9848K, paused 3ms+5ms, total 33ms
05-20 13:05:43.924 I/ActivityManager(  374): No longer want com.nd.assistance.ServerService (pid 30167): empty for 1806s
05-20 13:05:43.931 W/ActivityManager(  374): Scheduling restart of crashed service com.nd.assistance/.server.ServerService in 5000ms
05-20 13:05:44.353 D/AndroidRuntime(30945): 
05-20 13:05:44.353 D/AndroidRuntime(30945): >>>>>> AndroidRuntime START com.android.internal.os.RuntimeInit <<<<<<
05-20 13:05:44.353 D/AndroidRuntime(30945): CheckJNI is OFF
05-20 13:05:44.361 D/dalvikvm(30945): Trying to load lib libjavacore.so 0x0
05-20 13:05:44.369 D/dalvikvm(30945): Added shared lib libjavacore.so 0x0
05-20 13:05:44.385 D/dalvikvm(30945): Trying to load lib libnativehelper.so 0x0
05-20 13:05:44.385 D/dalvikvm(30945): Added shared lib libnativehelper.so 0x0
05-20 13:05:44.603 D/AndroidRuntime(30945): Calling main entry com.android.commands.am.Am
05-20 13:05:44.603 D/dalvikvm(30945): Note: class Landroid/app/ActivityManagerNative; has 163 unimplemented (abstract) methods
05-20 13:05:44.627 W/Parcel  ( 1661): Attempt to read object from Parcel 0x5ec3bdac at offset 200 that is not in the object list
05-20 13:05:44.642 D/AndroidRuntime(30945): Shutting down VM
05-20 13:05:44.642 I/ActivityManager(  374): Start proc com.nd.assistance.ServerService for service com.nd.assistance/.server.ServerService: pid=30956 uid=10068 gids={50068, 3003, 1015, 1006, 1028}
05-20 13:05:44.650 D/dalvikvm(30956): Late-enabling CheckJNI
05-20 13:05:44.650 D/dalvikvm(30945): GC_CONCURRENT freed 92K, 16% free 512K/608K, paused 1ms+0ms, total 5ms
05-20 13:05:44.666 I/dalvikvm(30956): Turning on JNI app bug workarounds for target SDK version 3...
05-20 13:05:44.689 E/LogCenter(30956): logger_impl_ init
05-20 13:05:44.689 D/com.nd.assistance.server.ServerService(30956): ServerService onCreate()
05-20 13:05:44.697 D/com.nd.assistance.server.ServerService(30956): ServerService onStart()
05-20 13:05:44.697 D/com.nd.assistance.server.ServerService(30956): mIsStarting is false, set mIsStarting = true
05-20 13:05:44.697 D/com.nd.assistance.server.ServerService(30956): startDaemonServer(false)
05-20 13:05:44.697 D/com.nd.assistance.server.ServerService(30956): mDaemonServer == null
05-20 13:05:44.728 E/daemon.k.a(30956): acquireWifiLock()
05-20 13:05:44.767 D/daemon.h.b.b(30956): set mIsStarting = false
05-20 13:05:44.767 D/com.nd.assistance.server.ServerService(30956): ServerService onStart used time: 69
05-20 13:05:44.767 D/com.nd.assistance.server.ServerService(30956): start nio server
05-20 13:05:44.791 D/daemon.h.b.c(30956): SelectReactor run()
05-20 13:05:45.596 E/daemon.c.c(30956): start heartbeat server.
05-20 13:05:48.971 D/dalvikvm( 1661): GC_EXPLICIT freed 797K, 18% free 13104K/15888K, paused 3ms+5ms, total 63ms
05-20 13:05:49.627 D/dalvikvm(30956): GC_CONCURRENT freed 227K, 3% free 9078K/9348K, paused 2ms+2ms, total 23ms
05-20 13:05:54.041 D/dalvikvm( 1661): GC_EXPLICIT freed 28K, 18% free 13076K/15888K, paused 2ms+5ms, total 59ms
05-20 13:06:04.049 D/dalvikvm( 1661): GC_EXPLICIT freed <1K, 18% free 13076K/15888K, paused 2ms+5ms, total 58ms
05-20 13:06:04.361 W/Parcel  ( 1661): Attempt to read object from Parcel 0x6013bdac at offset 200 that is not in the object list
05-20 13:06:04.377 W/Parcel  ( 1661): Attempt to read object from Parcel 0x6003bdac at offset 200 that is not in the object list
05-20 13:06:08.885 W/MountService(  374): getVolumeState(/storage/emulated/0/external_sd): Unknown volume
05-20 13:06:08.885 W/MountService(  374): getVolumeState(/mnt/sdcard-ext): Unknown volume
05-20 13:06:08.885 W/MountService(  374): getVolumeState(/mnt/ext_sdcard): Unknown volume
05-20 13:06:08.885 W/MountService(  374): getVolumeState(/mnt/sdcard2): Unknown volume
05-20 13:06:08.885 W/MountService(  374): getVolumeState(/mnt/emmc): Unknown volume
05-20 13:06:08.885 W/MountService(  374): getVolumeState(/mnt/extSdCard): Unknown volume
05-20 13:06:08.885 W/MountService(  374): getVolumeState(/mnt/sdcard/SD_CARD): Unknown volume
05-20 13:06:08.885 W/MountService(  374): getVolumeState(/mnt/sdcard/extra_sd): Unknown volume
05-20 13:06:08.885 W/MountService(  374): getVolumeState(/mnt/extrasd_bind): Unknown volume
05-20 13:06:08.885 W/MountService(  374): getVolumeState(/mnt/sdcard/ext_sd): Unknown volume
05-20 13:06:08.900 W/MountService(  374): getVolumeState(/storage/extSdCard): Unknown volume
05-20 13:06:08.900 W/MountService(  374): getVolumeState(/storage/sdcard1): Unknown volume
05-20 13:06:08.900 W/MountService(  374): getVolumeState(/mnt/sdcard/external_SD): Unknown volume
05-20 13:06:08.900 W/MountService(  374): getVolumeState(/mnt/sdcard/external_sd): Unknown volume
05-20 13:06:08.931 D/dalvikvm( 1468): GC_CONCURRENT freed 500K, 21% free 9647K/12104K, paused 3ms+4ms, total 43ms
05-20 13:06:08.931 D/dalvikvm( 1468): WAIT_FOR_CONCURRENT_GC blocked 19ms
05-20 13:06:08.939 D/dalvikvm( 1468): WAIT_FOR_CONCURRENT_GC blocked 23ms
05-20 13:06:09.252 D/dalvikvm( 1468): GC_CONCURRENT freed 498K, 21% free 9661K/12104K, paused 4ms+5ms, total 46ms
05-20 13:06:09.252 D/dalvikvm( 1468): WAIT_FOR_CONCURRENT_GC blocked 12ms
05-20 13:06:09.252 D/dalvikvm( 1468): WAIT_FOR_CONCURRENT_GC blocked 2ms
05-20 13:06:09.260 W/MountService(  374): getVolumeState(/storage/emulated/0/external_sd): Unknown volume
05-20 13:06:09.260 W/MountService(  374): getVolumeState(/mnt/sdcard-ext): Unknown volume
05-20 13:06:09.260 W/MountService(  374): getVolumeState(/mnt/ext_sdcard): Unknown volume
05-20 13:06:09.260 W/MountService(  374): getVolumeState(/mnt/sdcard2): Unknown volume
05-20 13:06:09.260 W/MountService(  374): getVolumeState(/mnt/emmc): Unknown volume
05-20 13:06:09.260 W/MountService(  374): getVolumeState(/mnt/extSdCard): Unknown volume
05-20 13:06:09.260 W/MountService(  374): getVolumeState(/mnt/sdcard/SD_CARD): Unknown volume
05-20 13:06:09.260 W/MountService(  374): getVolumeState(/mnt/sdcard/extra_sd): Unknown volume
