05-22 11:32:51.033 E/ActivityManager(  374):   0% 133/sdcard: 0% user + 0% kernel
05-22 11:32:51.033 E/ActivityManager(  374):   0% 568/com.android.nfc: 0% user + 0% kernel / faults: 51 minor
05-22 11:32:51.033 E/ActivityManager(  374):   0% 576/com.android.launcher: 0% user + 0% kernel / faults: 8 minor
05-22 11:32:51.033 E/ActivityManager(  374):   0.1% 1661/com.qihoo360.mobilesafe:GuardService: 0.1% user + 0% kernel / faults: 7 minor
05-22 11:32:51.033 E/ActivityManager(  374):   0.1% 12659/kworker/u:2: 0% user + 0.1% kernel
05-22 11:32:51.033 E/ActivityManager(  374):   0.1% 16423/kworker/u:1: 0% user + 0.1% kernel
05-22 11:32:51.033 E/ActivityManager(  374):   0% 17006/com.google.android.apps.maps:GoogleLocationService: 0% user + 0% kernel / faults: 26 minor
05-22 11:32:51.033 E/ActivityManager(  374):   0.1% 17560/logcat: 0% user + 0.1% kernel
05-22 11:32:51.033 E/ActivityManager(  374): 100% TOTAL: 92% user + 7.3% kernel
05-22 11:32:51.033 E/ActivityManager(  374): CPU usage from 4065ms to 4651ms later:
05-22 11:32:51.033 E/ActivityManager(  374):   88% 17184/com.pekall.emdm.launcher: 81% user + 6.5% kernel / faults: 951 minor
05-22 11:32:51.033 E/ActivityManager(  374):     78% 17197/Thread-5058: 78% user + 0% kernel
05-22 11:32:51.033 E/ActivityManager(  374):     8.1% 17184/l.emdm.launcher: 4.9% user + 3.2% kernel
05-22 11:32:51.033 E/ActivityManager(  374):   69% 17567/com.pekall.emdm.launcher:remote: 69% user + 0% kernel
05-22 11:32:51.033 E/ActivityManager(  374):     69% 17580/Thread-5076: 69% user + 0% kernel
05-22 11:32:51.033 E/ActivityManager(  374):   17% 374/system_server: 6.8% user + 10% kernel / faults: 78 minor
05-22 11:32:51.033 E/ActivityManager(  374):     10% 390/ActivityManager: 3.4% user + 6.8% kernel
05-22 11:32:51.033 E/ActivityManager(  374):     1.7% 386/SensorService: 0% user + 1.7% kernel
05-22 11:32:51.033 E/ActivityManager(  374):     1.7% 401/UEventObserver: 1.7% user + 0% kernel
05-22 11:32:51.033 E/ActivityManager(  374):     1.7% 595/Binder_5: 1.7% user + 0% kernel
05-22 11:32:51.033 E/ActivityManager(  374):     1.7% 701/Binder_C: 1.7% user + 0% kernel
05-22 11:32:51.033 E/ActivityManager(  374):     1.7% 3449/Binder_F: 1.7% user + 0% kernel
05-22 11:32:51.033 E/ActivityManager(  374):   5.1% 124/surfaceflinger: 0% user + 5.1% kernel
05-22 11:32:51.033 E/ActivityManager(  374):     3.4% 151/SurfaceFlinger: 0% user + 3.4% kernel
05-22 11:32:51.033 E/ActivityManager(  374):   5.1% 127/mediaserver: 5.1% user + 0% kernel
05-22 11:32:51.033 E/ActivityManager(  374):     3.4% 206/FastMixer: 3.4% user + 0% kernel
05-22 11:32:51.033 E/ActivityManager(  374):     1.7% 395/AudioOut_2: 1.7% user + 0% kernel
05-22 11:32:51.033 E/ActivityManager(  374):   5.2% 448/com.android.systemui: 3.5% user + 1.7% kernel / faults: 8 minor
05-22 11:32:51.033 E/ActivityManager(  374):     3.5% 448/ndroid.systemui: 1.7% user + 1.7% kernel
05-22 11:32:51.033 E/ActivityManager(  374):   3.5% 1468/com.qihoo.daemon: 1.7% user + 1.7% kernel / faults: 37 minor
05-22 11:32:51.033 E/ActivityManager(  374):     1.7% 1485/PrefManager: 0% user + 1.7% kernel
05-22 11:32:51.033 E/ActivityManager(  374):     1.7% 12297/pool-318-thread: 0% user + 1.7% kernel
05-22 11:32:51.033 E/ActivityManager(  374):   0.6% 117/vold: 0% user + 0.6% kernel
05-22 11:32:51.033 E/ActivityManager(  374):     0.6% 134/vold: 0% user + 0.6% kernel
05-22 11:32:51.033 E/ActivityManager(  374):   1% 12659/kworker/u:2: 0% user + 1% kernel
05-22 11:32:51.033 E/ActivityManager(  374):   1% 12874/com.qihoo.appstore: 1% user + 0% kernel
05-22 11:32:51.033 E/ActivityManager(  374):     1% 12898/Thread-4863: 0% user + 1% kernel
05-22 11:32:51.033 E/ActivityManager(  374):   1% 15614/kworker/0:2: 0% user + 1% kernel
05-22 11:32:51.033 E/ActivityManager(  374):   1% 17560/logcat: 0% user + 1% kernel
05-22 11:32:51.033 E/ActivityManager(  374): 100% TOTAL: 83% user + 16% kernel
05-22 11:32:51.049 W/ActivityManager(  374): Killing ProcessRecord{425385c8 17567:com.pekall.emdm.launcher:remote/u0a10066}: background ANR
05-22 11:32:51.111 I/ActivityManager(  374): Process com.pekall.emdm.launcher:remote (pid 17567) has died.
05-22 11:32:51.111 W/ActivityManager(  374): Scheduling restart of crashed service com.pekall.emdm.launcher/com.baidu.location.f in 80000ms
05-22 11:32:59.666 I/ActivityManager(  374): No longer want com.qihoo360.mobilesafe:PcDaemon (pid 16133): empty for 1804s
05-22 11:32:59.674 W/ActivityManager(  374): Scheduling restart of crashed service com.qihoo360.mobilesafe/.pcdaemon.service.DaemonService in 5000ms
05-22 11:33:04.697 I/ActivityManager(  374): Start proc com.qihoo360.mobilesafe:PcDaemon for service com.qihoo360.mobilesafe/.pcdaemon.service.DaemonService: pid=17646 uid=10069 gids={50069, 3003, 1015, 3001, 3002, 1006, 1028}
05-22 11:33:19.681 I/ActivityManager(  374): No longer want com.dragon.android.pandaspace:bdservice_v1 (pid 16158): empty for 1802s
05-22 11:33:19.689 W/ActivityManager(  374): Scheduling restart of crashed service com.dragon.android.pandaspace/com.baidu.android.moplus.MoPlusService in 5000ms
05-22 11:33:22.744 I/ActivityManager(  374): START u0 {flg=0x8000 cmp=com.pekall.emdm.launcher/.Launcher} from pid 17184
--------- beginning of /dev/log/main
05-22 11:33:23.010 D/MDM :   (17184): [null:-1]->icon instanceof BitmapDrawable
05-22 11:33:23.010 D/MDM :   (17184): [null:-1]->  iconWidth 87
05-22 11:33:23.010 D/MDM :   (17184): [null:-1]->  iconHeight 87
05-22 11:33:23.010 D/MDM :   (17184): [null:-1]->  107 87
05-22 11:33:23.010 D/MDM :   (17184): [null:-1]->width 104
05-22 11:33:23.017 D/MDM :   (17184): [null:-1]->height 104
05-22 11:33:23.017 D/MDM :   (17184): [null:-1]->scale 1.0
05-22 11:33:23.017 D/MDM :   (17184): [null:-1]->tint false
05-22 11:33:23.017 D/MDM :   (17184): [null:-1]->width 104
05-22 11:33:23.017 D/MDM :   (17184): [null:-1]->height 104
05-22 11:33:23.142 E/QueryController(17662): Got null root node from accessibility - Retrying...
05-22 11:33:23.275 D/dalvikvm(17184): JIT unchain all for threadid=11
05-22 11:33:23.283 D/MDM :   (17184): [null:-1]->scale 1.0
05-22 11:33:23.283 D/NetworkThread(17184): [null:-1]->clear mCurrentTransInfo
05-22 11:33:23.283 D/NetworkThread(17184): [null:-1]->sendHttpGet: http://192.168.10.21/rest/mdm/v1/device/trigger_cmd?device_uuid=00013fbc8ecec5b90000014621fa2165&cmd_types=10103
05-22 11:33:23.283 D/HttpClient(17184): enable apache.http debug
05-22 11:33:23.291 D/MDM :   (17184): [null:-1]->tint false
05-22 11:33:23.291 D/MDM :   (17184): [null:-1]->icon instanceof BitmapDrawable
05-22 11:33:23.291 D/MDM :   (17184): [null:-1]->  iconWidth 87
05-22 11:33:23.291 D/MDM :   (17184): [null:-1]->  iconHeight 87
05-22 11:33:23.392 E/QueryController(17662): Got null root node from accessibility - Retrying...
05-22 11:33:23.572 D/dalvikvm(17184): JIT unchain all for threadid=11
05-22 11:33:23.619 D/dalvikvm(17184): GC_CONCURRENT freed 8436K, 30% free 25256K/35988K, paused 274ms+269ms, total 598ms
05-22 11:33:23.619 D/dalvikvm(17184): WAIT_FOR_CONCURRENT_GC blocked 324ms
05-22 11:33:23.619 D/MDM :   (17184): [null:-1]->  107 87
05-22 11:33:23.619 D/dalvikvm(17184): WAIT_FOR_CONCURRENT_GC blocked 324ms
05-22 11:33:23.627 D/MDM :   (17184): [null:-1]->width 104
05-22 11:33:23.627 D/MDM :   (17184): [null:-1]->height 104
05-22 11:33:23.635 D/MDM :   (17184): [null:-1]->scale 1.0
05-22 11:33:23.642 D/MDM :   (17184): [null:-1]->tint false
05-22 11:33:23.642 E/QueryController(17662): Cannot proceed when root node is null. Aborted search
05-22 11:33:23.642 E/QueryController(17662): Got null root node from accessibility - Retrying...
05-22 11:33:23.650 V/DEBUG   (17184): HTTP 0
05-22 11:33:23.658 D/MDM :   (17184): [null:-1]->width 104
05-22 11:33:23.666 D/MDM :   (17184): [null:-1]->height 104
05-22 11:33:23.666 D/MDM :   (17184): [null:-1]->scale 1.0
05-22 11:33:23.674 D/MDM :   (17184): [null:-1]->tint false
05-22 11:33:23.674 D/MDM :   (17184): [null:-1]->icon instanceof BitmapDrawable
05-22 11:33:23.674 D/MDM :   (17184): [null:-1]->  iconWidth 87
05-22 11:33:23.681 D/MDM :   (17184): [null:-1]->  iconHeight 87
05-22 11:33:23.681 D/MDM :   (17184): [null:-1]->  107 87
05-22 11:33:23.689 D/MDM :   (17184): [null:-1]->width 104
05-22 11:33:23.689 D/MDM :   (17184): [null:-1]->height 104
05-22 11:33:23.697 D/MDM :   (17184): [null:-1]->scale 1.0
05-22 11:33:23.697 D/MDM :   (17184): [null:-1]->tint false
05-22 11:33:23.892 E/QueryController(17662): Got null root node from accessibility - Retrying...
05-22 11:33:23.963 D/dalvikvm(17184): JIT unchain all for threadid=11
05-22 11:33:24.017 D/dalvikvm(17184): GC_FOR_ALLOC freed 1819K, 34% free 24041K/35988K, paused 311ms, total 311ms
05-22 11:33:24.033 I/dalvikvm-heap(17184): Grow heap (frag case) to 26.837MB for 3415696-byte allocation
05-22 11:33:24.150 E/QueryController(17662): Got null root node from accessibility - Retrying...
05-22 11:33:24.283 D/dalvikvm(17184): JIT unchain all for threadid=11
05-22 11:33:24.338 D/dalvikvm(17184): GC_FOR_ALLOC freed 4K, 31% free 27372K/39324K, paused 309ms, total 309ms
05-22 11:33:24.400 E/QueryController(17662): Cannot proceed when root node is null. Aborted search
05-22 11:33:24.400 E/QueryController(17662): Got null root node from accessibility - Retrying...
05-22 11:33:24.463 V/Launcher(17184): isLauncherDf = true
05-22 11:33:24.463 V/Launcher(17184): isPhoneDf = true
05-22 11:33:24.471 D/        (17184): [---null: -1---]  ScreenWidth  720
05-22 11:33:24.471 D/        (17184): [---null: -1---]  ScreenHeight  1184
05-22 11:33:24.478 D/HomeLoaders(17184): load applications
05-22 11:33:24.478 D/HomeLoaders(17184):   --> applications loaded, return
05-22 11:33:24.478 D/HomeLoaders(17184): loading user items in Thread[main,5,main]
05-22 11:33:24.478 D/HomeLoaders(17184):   --> items loaded, return
05-22 11:33:24.478 D/HomeLoaders(17184):   --> loading from cache: 11, 0
05-22 11:33:24.478 D/Launcher(17184): ------> binding 11 items
05-22 11:33:24.478 D/Launcher(17184): ------> binding 0 widgets
05-22 11:33:24.478 D/Launcher(17184): ------> start binding items
05-22 11:33:24.478 W/Parcel  ( 1661): Attempt to read object from Parcel 0x5ec3bdac at offset 200 that is not in the object list
05-22 11:33:24.486 W/Parcel  ( 1661): Attempt to read object from Parcel 0x6003bdac at offset 200 that is not in the object list
05-22 11:33:24.486 D/Email   (17184): Email: init sandbox at the beginning.
05-22 11:33:24.486 V/l       (17184): Bind requested for task setLogging
05-22 11:33:24.510 W/Parcel  ( 1661): Attempt to read object from Parcel 0x5dfd3dac at offset 200 that is not in the object list
05-22 11:33:24.517 W/Parcel  ( 1661): Attempt to read object from Parcel 0x5ef3bdac at offset 200 that is not in the object list
05-22 11:33:24.517 W/ActivityManager(  374): Unable to start service Intent { cmp=com.pekall.emdm.launcher/com.pekall.semail.service.AttachmentDownloadService } U=0: not found
05-22 11:33:24.525 I/Email   (17184): Notifications being toggled: false
05-22 11:33:24.525 V/LauncherApplication(17184): onActivityStarted
05-22 11:33:24.525 D/        (17184): [---null: -1---]     awsa  onActivityResumed
05-22 11:33:24.525 V/LauncherApplication(17184): 2MdmConstant.LAST_LAUNCH_TIME = 1400729480108
05-22 11:33:24.533 D/        (17184): [---null: -1---]  activity = com.pekall.emdm.launcher.Launcher
05-22 11:33:24.533 V/DefultSetContriller(17184): isLauncherDf = com.pekall.emdm.launcher
05-22 11:33:24.541 V/DefultSetContriller(17184): isLauncherDf = com.pekall.emdm.launcher
05-22 11:33:24.541 V/DefultSetContriller(17184): isPhoneDf = com.pekall.emdm.launcher
05-22 11:33:24.541 E/LauncherApplication(17184): isShowLogoutUI = true
05-22 11:33:24.541 E/LauncherApplication(17184): LogoutShowTime 1
05-22 11:33:24.541 V/Launcher(17184): onResume1111111 
05-22 11:33:24.541 V/Launcher(17184): is login ----> 
05-22 11:33:24.541 I/System.out(17184):  
05-22 11:33:24.541 I/System.out(17184): com.pekall.emdm.launcher.Workspace.setWallpaper(Unknown Source)
05-22 11:33:24.541 I/System.out(17184): com.pekall.emdm.launcher.Launcher.onResume(Unknown Source)
05-22 11:33:24.549 I/System.out(17184): android.app.Instrumentation.callActivityOnResume(Instrumentation.java:1192)
05-22 11:33:24.549 I/System.out(17184): android.app.Activity.performResume(Activity.java:5211)
05-22 11:33:24.549 I/System.out(17184): android.app.ActivityThread.performResumeActivity(ActivityThread.java:2780)
05-22 11:33:24.549 I/System.out(17184): android.app.ActivityThread.handleResumeActivity(ActivityThread.java:2819)
05-22 11:33:24.549 I/System.out(17184): android.app.ActivityThread.handleLaunchActivity(ActivityThread.java:2266)
05-22 11:33:24.549 I/System.out(17184): android.app.ActivityThread.access$600(ActivityThread.java:141)
05-22 11:33:24.549 I/System.out(17184): android.app.ActivityThread$H.handleMessage(ActivityThread.java:1256)
05-22 11:33:24.549 I/System.out(17184): android.os.Handler.dispatchMessage(Handler.java:99)
05-22 11:33:24.549 I/System.out(17184): android.os.Looper.loop(Looper.java:137)
05-22 11:33:24.549 I/System.out(17184): android.app.ActivityThread.main(ActivityThread.java:5103)
05-22 11:33:24.549 I/System.out(17184): java.lang.reflect.Method.invokeNative(Native Method)
05-22 11:33:24.549 I/System.out(17184): java.lang.reflect.Method.invoke(Method.java:525)
05-22 11:33:24.549 I/System.out(17184): com.android.internal.os.ZygoteInit$MethodAndArgsCaller.run(ZygoteInit.java:737)
05-22 11:33:24.549 I/System.out(17184): com.android.internal.os.ZygoteInit.main(ZygoteInit.java:553)
05-22 11:33:24.549 I/System.out(17184): dalvik.system.NativeStart.main(Native Method)
05-22 11:33:24.650 E/QueryController(17662): Got null root node from accessibility - Retrying...
05-22 11:33:24.705 I/dalvikvm(17688): Turning on JNI app bug workarounds for target SDK version 8...
05-22 11:33:24.705 I/ActivityManager(  374): Start proc com.dragon.android.pandaspace:bdservice_v1 for service com.dragon.android.pandaspace/com.baidu.android.moplus.MoPlusService: pid=17688 uid=10074 gids={50074, 1015, 3003, 1006, 1028}
05-22 11:33:24.799 D/dalvikvm(17184): JIT unchain all for threadid=11
05-22 11:33:24.822 D/dalvikvm(17688): Trying to load lib /data/app-lib/com.dragon.android.pandaspace-1/libroot.so 0x42285bc8
05-22 11:33:24.822 D/dalvikvm(17688): Added shared lib /data/app-lib/com.dragon.android.pandaspace-1/libroot.so 0x42285bc8
05-22 11:33:24.822 I/RootJni (17688): JNI_OnLoad......
05-22 11:33:24.869 D/dalvikvm(17184): GC_FOR_ALLOC freed 3635K, 34% free 24084K/35988K, paused 320ms, total 320ms
05-22 11:33:24.892 I/dalvikvm-heap(17184): Grow heap (frag case) to 26.878MB for 3415696-byte allocation
05-22 11:33:24.900 E/QueryController(17662): Got null root node from accessibility - Retrying...
05-22 11:33:25.049 D/dalvikvm(17688): GC_CONCURRENT freed 287K, 4% free 9070K/9404K, paused 2ms+2ms, total 20ms
05-22 11:33:25.072 W/Parcel  ( 1661): Attempt to read object from Parcel 0x5ded3dac at offset 200 that is not in the object list
05-22 11:33:25.142 D/dalvikvm(17688): GC_CONCURRENT freed 361K, 5% free 9220K/9620K, paused 3ms+7ms, total 30ms
05-22 11:33:25.142 D/dalvikvm(17688): WAIT_FOR_CONCURRENT_GC blocked 1ms
05-22 11:33:25.142 D/dalvikvm(17184): JIT unchain all for threadid=11
05-22 11:33:25.150 E/QueryController(17662): Cannot proceed when root node is null. Aborted search
05-22 11:33:25.150 E/QueryController(17662): Got null root node from accessibility - Retrying...
05-22 11:33:25.189 D/dalvikvm(17184): GC_FOR_ALLOC freed 1K, 31% free 27418K/39324K, paused 296ms, total 296ms
05-22 11:33:25.221 D/MDM :   (17184): [null:-1]->statusCode : 200
05-22 11:33:25.221 D/MDM :   (17184): [null:-1]->statusCode : 200
05-22 11:33:25.228 V/DEBUG   (17184): HTTP 1
05-22 11:33:25.236 D/MDM :   (17184): [null:-1]->read network input stream
05-22 11:33:25.236 D/MDM :   (17184): [null:-1]->Get joson string: {"result":0}
05-22 11:33:25.244 D/NetworkThread(17184): [null:-1]->clear mCurrentTransInfo
05-22 11:33:25.252 D/NetworkThread(17184): [null:-1]->sendHttpPost:PostRequest, url: http://192.168.10.21/rest/mdm/v1/system/check_mdm_app, Params: [version:71][os:51201][pkg_name:com.pekall.emdm.launcher], 
05-22 11:33:25.252 D/HttpClient(17184): enable apache.http debug
05-22 11:33:25.275 V/DEBUG   (17184): HTTP 0
05-22 11:33:25.283 D/dalvikvm(17688): GC_CONCURRENT freed 290K, 4% free 9442K/9772K, paused 2ms+1ms, total 37ms
05-22 11:33:25.283 D/dalvikvm(17688): WAIT_FOR_CONCURRENT_GC blocked 17ms
05-22 11:33:25.361 D/dalvikvm(17688): GC_CONCURRENT freed 389K, 5% free 9523K/9992K, paused 2ms+1ms, total 32ms
05-22 11:33:25.361 D/dalvikvm(17688): WAIT_FOR_CONCURRENT_GC blocked 18ms
05-22 11:33:25.361 D/MdmService(17184): [null:-1]->handleCheckInResult
05-22 11:33:25.361 D/MdmService(17184): [null:-1]->handleCheckInResult result keyIndex: 3
05-22 11:33:25.361 D/CommandManager(17184): [null:-1]->execute command: CommandMsg{CommandUUID='ccd7b728-d902-405b-8e29-433ac1ee181e', Command=CommandObject{RequestType='DeviceInformation'}}
05-22 11:33:25.361 D/MDM :   (17184): [null:-1]->width 104
05-22 11:33:25.361 D/MDM :   (17184): [null:-1]->height 104
05-22 11:33:25.361 D/MDM :   (17184): [null:-1]->scale 1.0
05-22 11:33:25.361 D/MDM :   (17184): [null:-1]->tint false
05-22 11:33:25.369 D/MDM :   (17184): [null:-1]->width 104
05-22 11:33:25.369 D/MDM :   (17184): [null:-1]->height 104
05-22 11:33:25.369 D/MDM :   (17184): [null:-1]->scale 1.0
05-22 11:33:25.369 D/MDM :   (17184): [null:-1]->tint false
05-22 11:33:25.369 D/MDM :   (17184): [null:-1]->width 104
05-22 11:33:25.369 D/MDM :   (17184): [null:-1]->height 104
05-22 11:33:25.369 D/MDM :   (17184): [null:-1]->scale 1.0
05-22 11:33:25.369 D/MDM :   (17184): [null:-1]->tint false
05-22 11:33:25.369 D/MDM :   (17184): [null:-1]->width 104
05-22 11:33:25.369 D/MDM :   (17184): [null:-1]->height 104
05-22 11:33:25.369 D/MDM :   (17184): [null:-1]->scale 1.0
05-22 11:33:25.369 D/MDM :   (17184): [null:-1]->tint false
05-22 11:33:25.377 D/MDM :   (17184): [null:-1]->width 104
05-22 11:33:25.377 D/MDM :   (17184): [null:-1]->height 104
05-22 11:33:25.377 D/MDM :   (17184): [null:-1]->scale 1.0
05-22 11:33:25.377 D/MDM :   (17184): [null:-1]->tint false
05-22 11:33:25.377 D/MDM :   (17184): [null:-1]->width 104
05-22 11:33:25.377 D/MDM :   (17184): [null:-1]->height 104
05-22 11:33:25.377 D/MDM :   (17184): [null:-1]->scale 1.0
05-22 11:33:25.377 D/MDM :   (17184): [null:-1]->tint false
05-22 11:33:25.385 D/MDM :   (17184): [null:-1]->width 104
05-22 11:33:25.385 D/MDM :   (17184): [null:-1]->height 104
05-22 11:33:25.385 D/MDM :   (17184): [null:-1]->scale 1.0
05-22 11:33:25.385 D/MDM :   (17184): [null:-1]->tint false
05-22 11:33:25.385 D/MDM :   (17184): [null:-1]->width 104
05-22 11:33:25.385 D/MDM :   (17184): [null:-1]->height 104
05-22 11:33:25.385 D/MDM :   (17184): [null:-1]->scale 1.0
05-22 11:33:25.392 D/MDM :   (17184): [null:-1]->tint false
05-22 11:33:25.400 V/CounterTextView(17184): onReceive
05-22 11:33:25.400 E/QueryController(17662): Got null root node from accessibility - Retrying...
05-22 11:33:25.400 D/        (17184): [---null: -1---]   msg  xxd1
05-22 11:33:25.408 D/        (17184): [---null: -1---]  xxd111  getPackageName  com.pekall.emdm.launcher
05-22 11:33:25.408 D/        (17184): [---null: -1---]  xxd111  getClassName  com.pekall.emdm.document.activity.DocMainActivity
05-22 11:33:25.408 D/        (17184): [---null: -1---]  xxd111  info.title  Document Manager ,count is 0
05-22 11:33:25.416 D/        (17184): [---null: -1---]  xxd111  getPackageName  com.pekall.emdm.launcher
05-22 11:33:25.416 D/        (17184): [---null: -1---]  xxd111  getClassName  com.pekall.emdm.launcher.ui.BackPersonalActivity
05-22 11:33:25.416 D/        (17184): [---null: -1---]  xxd111  info.title  Personal Mode ,count is 0
05-22 11:33:25.431 D/        (17184): [---null: -1---]  xxd111  getPackageName  com.pekall.emdm.launcher
05-22 11:33:25.431 D/        (17184): [---null: -1---]  xxd111  getClassName  com.pekall.semail.activity.Welcome
05-22 11:33:25.431 D/        (17184): [---null: -1---]  xxd111  info.title  Email ,count is 0
05-22 11:33:25.439 D/MDM :   (17184): [null:-1]->username is : zhenhua.sang@pekall.com ,pwd is 123456
05-22 11:33:25.439 I/System.out(17184): [cjx]authenticateUser,zhenhua.sang@pekall.com,123456
05-22 11:33:25.439 I/System.out(17184): [cjx]to generate user KEK now,keyLength:32,algorithm:Rijndael256
05-22 11:33:25.447 D/dalvikvm(17688): GC_CONCURRENT freed 409K, 5% free 9560K/10040K, paused 3ms+9ms, total 29ms
05-22 11:33:25.447 D/MDM :   (17184): [null:-1]->statusCode : 200
05-22 11:33:25.447 D/MDM :   (17184): [null:-1]->statusCode : 200
05-22 11:33:25.447 V/DEBUG   (17184): HTTP 1
05-22 11:33:25.455 D/MDM :   (17184): [null:-1]->read network input stream
05-22 11:33:25.455 I/dalvikvm(17688): Failed resolving Lcom/baidu/android/nebula/util/BDLocationManager$BaiduLocationListener; interface 1169 'Lcom/baidu/location/BDLocationListener;'
05-22 11:33:25.455 W/dalvikvm(17688): Link of class 'Lcom/baidu/android/nebula/util/BDLocationManager$BaiduLocationListener;' failed
05-22 11:33:25.463 W/dalvikvm(17688): VFY: unable to find class referenced in signature (Lcom/baidu/location/LocationClient;)
05-22 11:33:25.463 I/dalvikvm(17688): Failed resolving Lcom/baidu/android/nebula/util/BDLocationManager$BaiduLocationListener; interface 1169 'Lcom/baidu/location/BDLocationListener;'
05-22 11:33:25.463 D/MDM :   (17184): [null:-1]->Get joson string: {"result":0,"mdmClientInfos":{"id":25,"type":51107,"url":"https://test.mdm.everknow.cn/resources/api/v1/download/guest?uuid=2f892e1b5fde42ae4106c2bfeec6","pkgName":"com.pekall.emdm.launcher","platform":51201,"comId":1,"appVersionCode":72,"appVersionName":"BYOD_2.1.0424","appAuthor":null,"appIcon":null,"appName":"Pekall enterprise mobile office","appSize":null,"minSdk":null,"updateTime":1398754856000,"forceUpdate":0,"updateInfo":null,"new":false}}
05-22 11:33:25.463 W/dalvikvm(17688): Link of class 'Lcom/baidu/android/nebula/util/BDLocationManager$BaiduLocationListener;' failed
05-22 11:33:25.463 I/dalvikvm(17688): Failed resolving Lcom/baidu/android/nebula/util/BDLocationManager$BaiduLocationListener; interface 1169 'Lcom/baidu/location/BDLocationListener;'
05-22 11:33:25.471 W/dalvikvm(17688): Link of class 'Lcom/baidu/android/nebula/util/BDLocationManager$BaiduLocationListener;' failed
05-22 11:33:25.471 I/dalvikvm(17688): Could not find method com.baidu.location.LocationClient.unRegisterLocationListener, referenced from method com.baidu.android.nebula.util.BDLocationManager.d
05-22 11:33:25.471 W/dalvikvm(17688): VFY: unable to resolve virtual method 7866: Lcom/baidu/location/LocationClient;.unRegisterLocationListener (Lcom/baidu/location/BDLocationListener;)V
05-22 11:33:25.471 D/dalvikvm(17688): VFY: replacing opcode 0x6e at 0x0012
05-22 11:33:25.471 E/dalvikvm(17688): Could not find class 'com.baidu.location.LocationClient', referenced from method com.baidu.android.nebula.util.BDLocationManager.e
05-22 11:33:25.471 W/dalvikvm(17688): VFY: unable to resolve new-instance 1170 (Lcom/baidu/location/LocationClient;) in Lcom/baidu/android/nebula/util/BDLocationManager;
05-22 11:33:25.471 D/dalvikvm(17688): VFY: replacing opcode 0x22 at 0x0000
05-22 11:33:25.471 E/dalvikvm(17688): Could not find class 'com.baidu.location.LocationClientOption', referenced from method com.baidu.android.nebula.util.BDLocationManager.f
05-22 11:33:25.471 W/dalvikvm(17688): VFY: unable to resolve new-instance 1171 (Lcom/baidu/location/LocationClientOption;) in Lcom/baidu/android/nebula/util/BDLocationManager;
05-22 11:33:25.471 D/dalvikvm(17688): VFY: replacing opcode 0x22 at 0x0000
05-22 11:33:25.471 W/dalvikvm(17688): VFY: unable to find class referenced in signature (Lcom/baidu/location/LocationClientOption;)
05-22 11:33:25.478 I/dalvikvm(17688): Could not find method com.baidu.location.LocationClientOption.setOpenGps, referenced from method com.baidu.android.nebula.util.BDLocationManager.a
05-22 11:33:25.478 W/dalvikvm(17688): VFY: unable to resolve virtual method 7870: Lcom/baidu/location/LocationClientOption;.setOpenGps (Z)V
05-22 11:33:25.478 D/dalvikvm(17688): VFY: replacing opcode 0x6e at 0x0009
05-22 11:33:25.478 D/dalvikvm(17688): DexOpt: unable to opt direct call 0x1eb3 at 0x04 in Lcom/baidu/android/nebula/util/BDLocationManager;.e
05-22 11:33:25.478 I/dalvikvm(17688): Failed resolving Lcom/baidu/android/nebula/util/BDLocationManager$BaiduLocationListener; interface 1169 'Lcom/baidu/location/BDLocationListener;'
05-22 11:33:25.478 W/dalvikvm(17688): Link of class 'Lcom/baidu/android/nebula/util/BDLocationManager$BaiduLocationListener;' failed
05-22 11:33:25.478 D/dalvikvm(17688): DexOpt: unable to opt direct call 0x1cc1 at 0x0b in Lcom/baidu/android/nebula/util/BDLocationManager;.e
05-22 11:33:25.478 D/dalvikvm(17688): DexOpt: unable to opt direct call 0x1ebb at 0x02 in Lcom/baidu/android/nebula/util/BDLocationManager;.f
05-22 11:33:25.478 W/Parcel  ( 1661): Attempt to read object from Parcel 0x5ec3bdac at offset 200 that is not in the object list
05-22 11:33:25.486 D/NetworkThread(17184): [null:-1]->clear mCurrentTransInfo
05-22 11:33:25.486 D/NetworkThread(17184): [null:-1]->queue is empty, thread wait...
05-22 11:33:25.564 D/dalvikvm(17688): GC_CONCURRENT freed 613K, 7% free 9438K/10096K, paused 2ms+1ms, total 30ms
05-22 11:33:25.619 I/System.out(17184): [cjx]blockSize:32
05-22 11:33:25.619 I/System.out(17184): [cjx]iv:[112, 101, 107, 97, 108, 108, 50, 48, 49, 52, 97, 101, 115, 99, 106, 120, 112, 101, 107, 97, 108, 108, 50, 48, 49, 52, 97, 101, 115, 99, 106, 120]
05-22 11:33:25.627 I/System.out(17184): [cjx]secret:[-94, 35, 21, 34, 6, -61, -108, -46, 6, 56, -82, 111, 24, -59, 0, -21, 43, -46, -16, 27, -76, 52, 9, 117, -69, 64, 55, -122, -120, -69, -38, 9]
05-22 11:33:25.635 I/System.out(17184): [cjx]to generate user KEK now,keyLength:32,algorithm:Rijndael256
05-22 11:33:25.650 E/QueryController(17662): Got null root node from accessibility - Retrying...
05-22 11:33:25.689 D/dalvikvm(17688): GC_CONCURRENT freed 93K, 4% free 9729K/10096K, paused 2ms+1ms, total 31ms
05-22 11:33:25.689 D/dalvikvm(17688): WAIT_FOR_CONCURRENT_GC blocked 24ms
05-22 11:33:25.767 I/System.out(17184): [cjx]blockSize:32
05-22 11:33:25.767 I/System.out(17184): [cjx]iv:[112, 101, 107, 97, 108, 108, 50, 48, 49, 52, 97, 101, 115, 99, 106, 120, 112, 101, 107, 97, 108, 108, 50, 48, 49, 52, 97, 101, 115, 99, 106, 120]
05-22 11:33:25.767 I/System.out(17184): [cjx]secret:[-94, 35, 21, 34, 6, -61, -108, -46, 6, 56, -82, 111, 24, -59, 0, -21, 43, -46, -16, 27, -76, 52, 9, 117, -69, 64, 55, -122, -120, -69, -38, 9]
05-22 11:33:25.775 D/ExchangeService(17184): !!! EAS ExchangeService, onCreate
05-22 11:33:25.775 W/Parcel  ( 1661): Attempt to read object from Parcel 0x6003bdac at offset 200 that is not in the object list
05-22 11:33:25.783 D/MDM :   (17184): [null:-1]->MSG_WEBSOCKET_MESSAGE : {"id":1374191446,"type":0,"command":0,"result":0,"reason":0,"params":{"msgId":"992bb412-8770-43d3-b6a3-f89a1b92c98c,992bb412877043d3b6a3f89a1b92c98c","device":"00013fbc8ecec5b90000014621fa2165","message":"{\"cmd\":\"10119\"}"}}
05-22 11:33:25.799 D/MdmService(17184): [null:-1]->push message type :0
05-22 11:33:25.799 D/MdmService(17184): [null:-1]->cmdMessage : {"cmd":"10119"}
05-22 11:33:25.799 D/MdmService(17184): [null:-1]->command : PushCommandMsg{cmd='10119', msg='null'}
05-22 11:33:25.799 D/MdmService(17184): [null:-1]->MdmStatusManager is busy , wait......
05-22 11:33:25.822 D/        (17184): [---null: -1---]  1111222  mLongAxisStartPadding110
05-22 11:33:25.822 D/        (17184): [---null: -1---]  11112223  heightSpecSize1094
05-22 11:33:25.822 D/        (17184): [---null: -1---]  11112223  mLongAxisStartPadding110
05-22 11:33:25.822 D/        (17184): [---null: -1---]  11112223  mLongAxisEndPadding110
05-22 11:33:25.822 D/        (17184): [---null: -1---]  11112223  mRows4
05-22 11:33:25.822 D/        (17184): [---null: -1---]  1111222  mLongAxisStartPadding110
05-22 11:33:25.822 D/        (17184): [---null: -1---]  11112223  heightSpecSize1094
05-22 11:33:25.830 D/        (17184): [---null: -1---]  11112223  mLongAxisStartPadding110
05-22 11:33:25.830 D/        (17184): [---null: -1---]  11112223  mLongAxisEndPadding110
05-22 11:33:25.830 D/        (17184): [---null: -1---]  11112223  mRows4
05-22 11:33:25.830 D/        (17184): [---null: -1---]  1111222  mLongAxisStartPadding110
05-22 11:33:25.830 D/        (17184): [---null: -1---]  11112223  heightSpecSize1094
05-22 11:33:25.830 D/        (17184): [---null: -1---]  11112223  mLongAxisStartPadding110
05-22 11:33:25.830 D/        (17184): [---null: -1---]  11112223  mLongAxisEndPadding110
05-22 11:33:25.830 D/        (17184): [---null: -1---]  11112223  mRows4
05-22 11:33:25.838 D/        (17184): [---null: -1---]  1111222  mLongAxisStartPadding110
05-22 11:33:25.838 D/        (17184): [---null: -1---]  11112223  heightSpecSize1094
05-22 11:33:25.838 D/        (17184): [---null: -1---]  11112223  mLongAxisStartPadding110
05-22 11:33:25.838 D/        (17184): [---null: -1---]  11112223  mLongAxisEndPadding110
05-22 11:33:25.838 D/        (17184): [---null: -1---]  11112223  mRows4
05-22 11:33:25.846 D/        (17184): [---null: -1---]  1111222  mLongAxisStartPadding110
05-22 11:33:25.846 D/        (17184): [---null: -1---]  11112223  heightSpecSize1094
05-22 11:33:25.846 D/        (17184): [---null: -1---]  11112223  mLongAxisStartPadding110
05-22 11:33:25.846 D/        (17184): [---null: -1---]  11112223  mLongAxisEndPadding110
05-22 11:33:25.846 D/        (17184): [---null: -1---]  11112223  mRows4
05-22 11:33:25.846 D/        (17184): [---null: -1---]  1111222  mLongAxisStartPadding110
05-22 11:33:25.846 D/        (17184): [---null: -1---]  11112223  heightSpecSize1094
05-22 11:33:25.853 D/        (17184): [---null: -1---]  11112223  mLongAxisStartPadding110
05-22 11:33:25.853 D/        (17184): [---null: -1---]  11112223  mLongAxisEndPadding110
05-22 11:33:25.853 D/        (17184): [---null: -1---]  11112223  mRows4
05-22 11:33:25.853 D/        (17184): [---null: -1---]  1111222  mLongAxisStartPadding110
05-22 11:33:25.853 D/        (17184): [---null: -1---]  11112223  heightSpecSize1094
05-22 11:33:25.853 D/        (17184): [---null: -1---]  11112223  mLongAxisStartPadding110
05-22 11:33:25.853 D/        (17184): [---null: -1---]  11112223  mLongAxisEndPadding110
05-22 11:33:25.853 D/        (17184): [---null: -1---]  11112223  mRows4
05-22 11:33:25.861 D/        (17184): [---null: -1---]  1111222  mLongAxisStartPadding110
05-22 11:33:25.861 D/        (17184): [---null: -1---]  11112223  heightSpecSize1094
05-22 11:33:25.861 D/        (17184): [---null: -1---]  11112223  mLongAxisStartPadding110
05-22 11:33:25.861 D/        (17184): [---null: -1---]  11112223  mLongAxisEndPadding110
05-22 11:33:25.861 D/        (17184): [---null: -1---]  11112223  mRows4
05-22 11:33:25.861 D/        (17184): [---null: -1---]  1111222  mLongAxisStartPadding110
05-22 11:33:25.861 D/        (17184): [---null: -1---]  11112223  heightSpecSize1094
05-22 11:33:25.861 D/        (17184): [---null: -1---]  11112223  mLongAxisStartPadding110
05-22 11:33:25.861 D/        (17184): [---null: -1---]  11112223  mLongAxisEndPadding110
05-22 11:33:25.869 D/        (17184): [---null: -1---]  11112223  mRows4
05-22 11:33:25.869 D/        (17184): [---null: -1---]  1111222  mLongAxisStartPadding110
05-22 11:33:25.869 D/        (17184): [---null: -1---]  11112223  heightSpecSize1094
05-22 11:33:25.869 D/        (17184): [---null: -1---]  11112223  mLongAxisStartPadding110
05-22 11:33:25.869 D/        (17184): [---null: -1---]  11112223  mLongAxisEndPadding110
05-22 11:33:25.869 D/        (17184): [---null: -1---]  11112223  mRows4
05-22 11:33:25.908 E/QueryController(17662): Cannot proceed when root node is null. Aborted search
05-22 11:33:25.908 E/QueryController(17662): Got null root node from accessibility - Retrying...
05-22 11:33:25.924 D/        (17184): [---null: -1---]  xxd111  getPackageName  com.pekall.emdm.launcher
05-22 11:33:25.924 D/        (17184): [---null: -1---]  xxd111  getClassName  com.pekall.emdm.contacts.activities.PeopleActivity
05-22 11:33:25.931 D/        (17184): [---null: -1---]  xxd111  info.title  EmdmContacts ,count is 0
05-22 11:33:25.931 D/        (17184): [---null: -1---]  xxd111  getPackageName  com.pekall.emdm.launcher
05-22 11:33:25.931 D/        (17184): [---null: -1---]  xxd111  getClassName  com.pekall.emdm.browser.BrowserActivity
05-22 11:33:25.931 D/        (17184): [---null: -1---]  xxd111  info.title  Safe Browser ,count is 0
05-22 11:33:25.939 D/        (17184): [---null: -1---]  xxd111  getPackageName  com.pekall.emdm.launcher
05-22 11:33:25.939 D/        (17184): [---null: -1---]  xxd111  getClassName  com.pekall.emdm.launcher.ui.AboutActivity
05-22 11:33:25.939 D/        (17184): [---null: -1---]  xxd111  info.title  About ,count is 0
05-22 11:33:25.947 D/        (17184): [---null: -1---]  xxd111  getPackageName  com.pekall.emdm.launcher
05-22 11:33:25.947 D/        (17184): [---null: -1---]  xxd111  getClassName  com.pekall.emdm.launcher.ui.SettingActivity
05-22 11:33:25.947 D/        (17184): [---null: -1---]  xxd111  info.title  Setting ,count is 0
05-22 11:33:25.955 W/Parcel  ( 1661): Attempt to read object from Parcel 0x5ded3dac at offset 200 that is not in the object list
05-22 11:33:25.955 V/l       (17184): Connected: com.pekall.exchange.ExchangeService
05-22 11:33:25.955 D/ExchangeService(17184): !!! EAS ExchangeService, onStartCommand, startingUp = false, running = false
05-22 11:33:25.955 W/ActivityManager(  374): Unable to start service Intent { act=pekall.intent.action.DOWNLOAD_APP (has extras) } U=0: not found
05-22 11:33:25.963 D/ExchangeService(17184): to start secureStorageService now
05-22 11:33:25.963 V/a       (17184): Bind requested for task test
05-22 11:33:25.963 D/        (17184): [---null: -1---]  1111222  mLongAxisStartPadding110
05-22 11:33:25.963 D/        (17184): [---null: -1---]  11112223  heightSpecSize1094
05-22 11:33:25.963 D/        (17184): [---null: -1---]  11112223  mLongAxisStartPadding110
05-22 11:33:25.971 D/        (17184): [---null: -1---]  11112223  mLongAxisEndPadding110
05-22 11:33:25.971 V/l       (17184): Task setLogging completed; disconnecting
05-22 11:33:25.971 D/        (17184): [---null: -1---]  11112223  mRows4
05-22 11:33:25.978 D/        (17184): [---null: -1---]  1111222  mLongAxisStartPadding110
05-22 11:33:25.978 D/        (17184): [---null: -1---]  11112223  heightSpecSize1094
05-22 11:33:25.978 D/        (17184): [---null: -1---]  11112223  mLongAxisStartPadding110
05-22 11:33:25.978 D/        (17184): [---null: -1---]  11112223  mLongAxisEndPadding110
05-22 11:33:25.978 D/        (17184): [---null: -1---]  11112223  mRows4
05-22 11:33:26.002 W/Parcel  ( 1661): Attempt to read object from Parcel 0x6013bdac at offset 200 that is not in the object list
05-22 11:33:26.088 I/ActivityManager(  374): Displayed com.pekall.emdm.launcher/.Launcher: +3s180ms
05-22 11:33:26.127 D/        (17184): [---null: -1---]  1111222  mLongAxisStartPadding110
05-22 11:33:26.127 D/        (17184): [---null: -1---]  11112223  heightSpecSize1094
05-22 11:33:26.127 D/        (17184): [---null: -1---]  11112223  mLongAxisStartPadding110
05-22 11:33:26.127 D/        (17184): [---null: -1---]  11112223  mLongAxisEndPadding110
05-22 11:33:26.127 D/        (17184): [---null: -1---]  11112223  mRows4
05-22 11:33:26.135 D/        (17184): [---null: -1---]  1111222  mLongAxisStartPadding110
05-22 11:33:26.135 D/        (17184): [---null: -1---]  11112223  heightSpecSize1094
05-22 11:33:26.135 D/        (17184): [---null: -1---]  11112223  mLongAxisStartPadding110
05-22 11:33:26.135 D/        (17184): [---null: -1---]  11112223  mLongAxisEndPadding110
05-22 11:33:26.135 D/        (17184): [---null: -1---]  11112223  mRows4
05-22 11:33:26.135 D/        (17184): [---null: -1---]  1111222  mLongAxisStartPadding110
05-22 11:33:26.135 D/        (17184): [---null: -1---]  11112223  heightSpecSize1094
05-22 11:33:26.135 D/        (17184): [---null: -1---]  11112223  mLongAxisStartPadding110
05-22 11:33:26.142 D/        (17184): [---null: -1---]  11112223  mLongAxisEndPadding110
05-22 11:33:26.142 D/        (17184): [---null: -1---]  11112223  mRows4
05-22 11:33:26.142 D/        (17184): [---null: -1---]  1111222  mLongAxisStartPadding110
05-22 11:33:26.142 D/        (17184): [---null: -1---]  11112223  heightSpecSize1094
05-22 11:33:26.142 D/        (17184): [---null: -1---]  11112223  mLongAxisStartPadding110
05-22 11:33:26.150 D/        (17184): [---null: -1---]  11112223  mLongAxisEndPadding110
05-22 11:33:26.150 D/        (17184): [---null: -1---]  11112223  mRows4
05-22 11:33:26.150 D/        (17184): [---null: -1---]  1111222  mLongAxisStartPadding110
05-22 11:33:26.150 D/        (17184): [---null: -1---]  11112223  heightSpecSize1094
05-22 11:33:26.150 D/        (17184): [---null: -1---]  11112223  mLongAxisStartPadding110
05-22 11:33:26.150 D/        (17184): [---null: -1---]  11112223  mLongAxisEndPadding110
05-22 11:33:26.150 D/        (17184): [---null: -1---]  11112223  mRows4
05-22 11:33:26.150 D/        (17184): [---null: -1---]  1111222  mLongAxisStartPadding110
05-22 11:33:26.158 D/        (17184): [---null: -1---]  11112223  heightSpecSize1094
05-22 11:33:26.158 D/        (17184): [---null: -1---]  11112223  mLongAxisStartPadding110
05-22 11:33:26.158 D/        (17184): [---null: -1---]  11112223  mLongAxisEndPadding110
05-22 11:33:26.158 D/        (17184): [---null: -1---]  11112223  mRows4
05-22 11:33:26.158 D/        (17184): [---null: -1---]  1111222  mLongAxisStartPadding110
05-22 11:33:26.158 D/        (17184): [---null: -1---]  11112223  heightSpecSize1094
05-22 11:33:26.166 D/        (17184): [---null: -1---]  11112223  mLongAxisStartPadding110
05-22 11:33:26.166 D/        (17184): [---null: -1---]  11112223  mLongAxisEndPadding110
05-22 11:33:26.166 D/        (17184): [---null: -1---]  11112223  mRows4
05-22 11:33:26.166 D/        (17184): [---null: -1---]  1111222  mLongAxisStartPadding110
05-22 11:33:26.166 D/        (17184): [---null: -1---]  11112223  heightSpecSize1094
05-22 11:33:26.166 D/        (17184): [---null: -1---]  11112223  mLongAxisStartPadding110
05-22 11:33:26.166 D/        (17184): [---null: -1---]  11112223  mLongAxisEndPadding110
05-22 11:33:26.166 D/        (17184): [---null: -1---]  11112223  mRows4
05-22 11:33:26.174 D/        (17184): [---null: -1---]  1111222  mLongAxisStartPadding110
05-22 11:33:26.174 D/        (17184): [---null: -1---]  11112223  heightSpecSize1094
05-22 11:33:26.174 D/        (17184): [---null: -1---]  11112223  mLongAxisStartPadding110
05-22 11:33:26.174 D/        (17184): [---null: -1---]  11112223  mLongAxisEndPadding110
05-22 11:33:26.174 D/        (17184): [---null: -1---]  11112223  mRows4
05-22 11:33:26.174 D/        (17184): [---null: -1---]  1111222  mLongAxisStartPadding110
05-22 11:33:26.181 D/        (17184): [---null: -1---]  11112223  heightSpecSize1094
05-22 11:33:26.181 D/        (17184): [---null: -1---]  11112223  mLongAxisStartPadding110
05-22 11:33:26.181 D/        (17184): [---null: -1---]  11112223  mLongAxisEndPadding110
05-22 11:33:26.181 D/        (17184): [---null: -1---]  11112223  mRows4
05-22 11:33:26.197 D/ExchangeService(17184): Reconciling accounts...
05-22 11:33:26.252 V/a       (17184): Bind requested for task reconcileAccounts
05-22 11:33:26.275 I/QueryController(17662): Matched selector: UiSelector[TEXT=Personal Mode] <<==>> [android.view.accessibility.AccessibilityNodeInfo@389c6; boundsInParent: Rect(0, 0 - 160, 200); boundsInScreen: Rect(190, 608 - 350, 808); packageName: com.pekall.emdm.launcher; className: android.widget.TextView; text: Personal Mode; contentDescription: null; viewIdResName: null; checkable: false; checked: false; focusable: false; focused: false; selected: false; clickable: true; longClickable: true; enabled: true; password: false; scrollable: false; [ACTION_SELECT, ACTION_CLEAR_SELECTION, ACTION_CLICK, ACTION_LONG_CLICK, ACTION_ACCESSIBILITY_FOCUS, ACTION_NEXT_AT_MOVEMENT_GRANULARITY, ACTION_PREVIOUS_AT_MOVEMENT_GRANULARITY, ACTION_SET_SELECTION]]
05-22 11:33:26.291 D/        (17184): [---null: -1---]  1111222  mLongAxisStartPadding110
05-22 11:33:26.299 D/        (17184): [---null: -1---]  11112223  heightSpecSize1094
05-22 11:33:26.299 D/        (17184): [---null: -1---]  11112223  mLongAxisStartPadding110
05-22 11:33:26.299 D/        (17184): [---null: -1---]  11112223  mLongAxisEndPadding110
05-22 11:33:26.299 D/        (17184): [---null: -1---]  11112223  mRows4
05-22 11:33:26.299 I/ActivityManager(  374): START u0 {act=android.intent.action.MAIN cat=[android.intent.category.HOME] flg=0x10200000 cmp=com.pekall.emdm.launcher/.Launcher} from pid 374
05-22 11:33:26.306 D/        (17184): [---null: -1---]  1111222  mLongAxisStartPadding110
05-22 11:33:26.306 D/        (17184): [---null: -1---]  11112223  heightSpecSize1094
05-22 11:33:26.306 D/        (17184): [---null: -1---]  11112223  mLongAxisStartPadding110
05-22 11:33:26.306 D/        (17184): [---null: -1---]  11112223  mLongAxisEndPadding110
05-22 11:33:26.306 D/        (17184): [---null: -1---]  11112223  mRows4
05-22 11:33:26.314 V/a       (17184): Waiting for task reconcileAccounts to complete...
05-22 11:33:26.346 V/a       (17184): Connected: com.pekall.semail.service.AccountServiceInternal
05-22 11:33:26.346 D/LauncherApplication(17184): [null:-1]->onActivityPaused
05-22 11:33:26.353 D/LauncherApplication(17184): [null:-1]->onActivityPaused  updateTime
05-22 11:33:26.369 V/a       (17184): Connection test succeeded in 408ms
05-22 11:33:26.369 V/a       (17184): Task test completed; disconnecting
05-22 11:33:26.377 D/        (17184): [---null: -1---]     awsa  onActivityResumed
05-22 11:33:26.377 V/LauncherApplication(17184): 2MdmConstant.LAST_LAUNCH_TIME = 1400729606361
05-22 11:33:26.385 D/        (17184): [---null: -1---]  activity = com.pekall.emdm.launcher.Launcher
05-22 11:33:26.392 V/DefultSetContriller(17184): isLauncherDf = com.pekall.emdm.launcher
05-22 11:33:26.392 V/DefultSetContriller(17184): isLauncherDf = com.pekall.emdm.launcher
05-22 11:33:26.392 V/DefultSetContriller(17184): isPhoneDf = com.pekall.emdm.launcher
05-22 11:33:26.392 E/LauncherApplication(17184): isShowLogoutUI = true
05-22 11:33:26.392 E/LauncherApplication(17184): LogoutShowTime 1
05-22 11:33:26.392 V/Launcher(17184): onResume1111111 
05-22 11:33:26.392 V/Launcher(17184): is login ----> 
05-22 11:33:26.392 I/System.out(17184):  
05-22 11:33:26.400 I/System.out(17184): com.pekall.emdm.launcher.Workspace.setWallpaper(Unknown Source)
05-22 11:33:26.400 I/System.out(17184): com.pekall.emdm.launcher.Launcher.onResume(Unknown Source)
05-22 11:33:26.400 I/System.out(17184): android.app.Instrumentation.callActivityOnResume(Instrumentation.java:1192)
05-22 11:33:26.400 I/System.out(17184): android.app.Activity.performResume(Activity.java:5211)
05-22 11:33:26.400 I/System.out(17184): android.app.ActivityThread.performNewIntents(ActivityThread.java:2345)
05-22 11:33:26.400 I/System.out(17184): android.app.ActivityThread.handleNewIntent(ActivityThread.java:2352)
05-22 11:33:26.400 I/System.out(17184): android.app.ActivityThread.access$1400(ActivityThread.java:141)
05-22 11:33:26.400 I/System.out(17184): android.app.ActivityThread$H.handleMessage(ActivityThread.java:1327)
05-22 11:33:26.400 I/System.out(17184): android.os.Handler.dispatchMessage(Handler.java:99)
05-22 11:33:26.400 I/System.out(17184): android.os.Looper.loop(Looper.java:137)
05-22 11:33:26.400 I/System.out(17184): android.app.ActivityThread.main(ActivityThread.java:5103)
05-22 11:33:26.400 I/System.out(17184): java.lang.reflect.Method.invokeNative(Native Method)
05-22 11:33:26.400 I/System.out(17184): java.lang.reflect.Method.invoke(Method.java:525)
05-22 11:33:26.400 I/System.out(17184): com.android.internal.os.ZygoteInit$MethodAndArgsCaller.run(ZygoteInit.java:737)
05-22 11:33:26.400 I/System.out(17184): com.android.internal.os.ZygoteInit.main(ZygoteInit.java:553)
05-22 11:33:26.400 I/System.out(17184): dalvik.system.NativeStart.main(Native Method)
05-22 11:33:26.650 D/dalvikvm(17184): JIT unchain all for threadid=11
05-22 11:33:26.728 D/dalvikvm(17184): GC_FOR_ALLOC freed 4187K, 27% free 28946K/39324K, paused 324ms, total 324ms
05-22 11:33:26.744 I/dalvikvm-heap(17184): Grow heap (frag case) to 31.627MB for 3415696-byte allocation
05-22 11:33:26.994 D/dalvikvm(17184): JIT unchain all for threadid=11
05-22 11:33:27.041 D/dalvikvm(17184): GC_FOR_ALLOC freed 1K, 25% free 32280K/42660K, paused 297ms, total 297ms
05-22 11:33:27.088 W/Settings(17184): Setting data_roaming has moved from android.provider.Settings.System to android.provider.Settings.Global, returning read-only value.
05-22 11:33:27.119 I/ActivityManager(  374): Process com.nd.assistance (pid 16467) has died.
05-22 11:33:27.127 V/a       (17184): Connected: com.pekall.semail.service.AccountServiceInternal
05-22 11:33:27.127 I/Choreographer(17184): Skipped 45 frames!  The application may be doing too much work on its main thread.
05-22 11:33:27.142 V/a       (17184): Task reconcileAccounts completed; disconnecting
05-22 11:33:27.142 V/a       (17184): Wait for reconcileAccounts finished in 827ms
05-22 11:33:27.142 D/ExchangeService(17184): !!! EAS ExchangeService, stopping self
05-22 11:33:27.205 D/ExchangeService(17184): !!! EAS ExchangeService, onDestroy
05-22 11:33:28.408 D/CommandManager(17184): [null:-1]->requestType: DeviceInformation
05-22 11:33:28.455 W/Parcel  ( 1661): Attempt to read object from Parcel 0x6013bdac at offset 200 that is not in the object list
05-22 11:33:28.502 D/MdmDatabaseHelper(17184): [null:-1]->update command ccd7b728-d902-405b-8e29-433ac1ee181e to commandStatus <?xml version="1.0" encoding="UTF-8"?>
05-22 11:33:28.502 D/MdmDatabaseHelper(17184): <!DOCTYPE plist PUBLIC "-//Apple//DTD PLIST 1.0//EN" "http://www.apple.com/DTDs/PropertyList-1.0.dtd">
05-22 11:33:28.502 D/MdmDatabaseHelper(17184): <plist version="1.0">
05-22 11:33:28.502 D/MdmDatabaseHelper(17184): <dict>
05-22 11:33:28.502 D/MdmDatabaseHelper(17184): 	<key>QueryResponses</key>
05-22 11:33:28.502 D/MdmDatabaseHelper(17184): 	<dict>
05-22 11:33:28.502 D/MdmDatabaseHelper(17184): 		<key>deviceId</key>
05-22 11:33:28.502 D/MdmDatabaseHelper(17184): 		<string>00013fbc8ecec5b90000014621fa2165</string>
05-22 11:33:28.502 D/MdmDatabaseHelper(17184): 		<key>deviceSecurityStatus</key>
05-22 11:33:28.502 D/MdmDatabaseHelper(17184): 		<string>root</string>
05-22 11:33:28.502 D/MdmDatabaseHelper(17184): 		<key>diskTotal</key>
05-22 11:33:28.502 D/MdmDatabaseHelper(17184): 		<string>0.0</string>
05-22 11:33:28.502 D/MdmDatabaseHelper(17184): 		<key>diskUsed</key>
05-22 11:33:28.502 D/MdmDatabaseHelper(17184): 		<string>0.0</string>
05-22 11:33:28.502 D/MdmDatabaseHelper(17184): 		<key>displaySize</key>
05-22 11:33:28.502 D/MdmDatabaseHelper(17184): 		<string>720x1184</string>
05-22 11:33:28.502 D/MdmDatabaseHelper(17184): 		<key>freeDiskSize</key>
05-22 11:33:28.502 D/MdmDatabaseHelper(17184): 		<integer>0</integer>
05-22 11:33:28.502 D/MdmDatabaseHelper(17184): 		<key>freeRamSize</key>
05-22 11:33:28.502 D/MdmDatabaseHelper(17184): 		<integer>25858048</integer>
05-22 11:33:28.502 D/MdmDatabaseHelper(17184): 		<key>language</key>
05-22 11:33:28.502 D/MdmDatabaseHelper(17184): 		<string>en-US</string>
05-22 11:33:28.502 D/MdmDatabaseHelper(17184): 		<key>netSpeed</key>
05-22 11:33:28.502 D/MdmDatabaseHelper(17184): 		<dict>
05-22 11:33:28.502 D/MdmDatabaseHelper(17184): 			<key>downlink</key>
05-22 11:33:28.502 D/MdmDatabaseHelper(17184): 			<real>1.2853085333333334E7</real>
05-22 11:33:28.502 D/MdmDatabaseHelper(17184): 			<key>uplink</key>
05-22 11:33:28.502 D/MdmDatabaseHelper(17184): 			<real>9868183.666666666</real>
05-22 11:33:28.502 D/MdmDatabaseHelper(17184): 		</dict>
05-22 11:33:28.502 D/MdmDatabaseHelper(17184): 		<key>ramTotal</key>
05-22 11:33:28.502 D/MdmDatabaseHelper(17184): 		<string>728023040</string>
05-22 11:33:28.502 D/MdmDatabaseHelper(17184): 		<key>ramUsed</key>
05-22 11:33:28.502 D/MdmDatabaseHelper(17184): 		<string>702164992</string>
05-22 11:33:28.502 D/MdmDatabaseHelper(17184): 		<key>trafficBytes</key>
05-22 11:33:28.502 D/MdmDatabaseHelper(17184): 		<integer>0</integer>
05-22 11:33:28.502 D/MdmDatabaseHelper(17184): 		<key>AvailableDeviceCapacity</key>
05-22 11:33:28.502 D/MdmDatabaseHelper(17184): 		<real>1.3416148E7</real>
05-22 11:33:28.502 D/MdmDatabaseHelper(17184): 		<key>BuildVersion</key>
05-22 11:33:28.502 D/MdmDatabaseHelper(17184): 		<string>REL</string>
05-22 11:33:28.502 D/MdmDatabaseHelper(17184): 		<key>CanDisableSystemFunction</key>
05-22 11:33:28.502 D/MdmDatabaseHelper(17184): 		<false/>
05-22 11:33:28.502 D/MdmDatabaseHelper(17184): 		<key>CellularTechnology</key>
05-22 11:33:28.502 D/MdmDatabaseHelper(17184): 		<integer>3</integer>
05-22 11:33:28.502 D/MdmDatabaseHelper(17184): 		<key>CurrentCarrierNetwork</key>
05-22 11:33:28.502 D/MdmDatabaseHelper(17184): 		<string></string>
05-22 11:33:28.502 D/MdmDatabaseHelper(17184): 		<key>CurrentMCC</key>
05-22 11:33:28.502 D/MdmDatabaseHelper(17184): 		<string>cn</string>
05-22 11:33:28.502 D/MdmDatabaseHelper(17184): 		<key>CurrentMNC</key>
05-22 11:33:28.502 D/MdmDatabaseHelper(17184): 		<string>46001</string>
