05-22 11:29:07.033 W/ActivityManager(  374): Unable to start service Intent { cmp=com.pekall.emdm.launcher/com.pekall.semail.service.AttachmentDownloadService } U=0: not found
05-22 11:29:07.158 W/ActivityManager(  374): Unable to start service Intent { cmp=com.pekall.emdm.launcher/com.pekall.semail.service.AttachmentDownloadService } U=0: not found
05-22 11:29:09.119 I/ActivityManager(  374): START u0 {cmp=com.pekall.emdm.launcher/com.pekall.emdm.ui.AdvActivity} from pid 17184
05-22 11:29:14.377 I/ActivityManager(  374): START u0 {cmp=com.pekall.emdm.launcher/com.pekall.emdm.ui.ActiveDeviceAdminActivity} from pid 17184
05-22 11:29:15.705 I/ActivityManager(  374): START u0 {act=android.app.action.ADD_DEVICE_ADMIN cmp=com.android.settings/.DeviceAdminAdd (has extras)} from pid 17184
05-22 11:29:17.041 I/ActivityManager(  374): START u0 {cmp=com.pekall.emdm.launcher/com.pekall.emdm.ui.RegDeviceActivity} from pid 17184
05-22 11:29:41.252 I/ActivityManager(  374): START u0 {flg=0x8000 cmp=com.pekall.emdm.launcher/.Launcher} from pid 17184
05-22 11:29:42.221 W/MountService(  374): getVolumeState(/storage/emulated/0/external_sd): Unknown volume
05-22 11:29:42.306 W/MountService(  374): getVolumeState(/mnt/sdcard-ext): Unknown volume
05-22 11:29:42.306 W/MountService(  374): getVolumeState(/mnt/ext_sdcard): Unknown volume
05-22 11:29:42.306 W/MountService(  374): getVolumeState(/mnt/sdcard2): Unknown volume
05-22 11:29:42.306 W/MountService(  374): getVolumeState(/mnt/emmc): Unknown volume
05-22 11:29:42.306 W/MountService(  374): getVolumeState(/mnt/extSdCard): Unknown volume
05-22 11:29:42.314 W/MountService(  374): getVolumeState(/mnt/sdcard/SD_CARD): Unknown volume
05-22 11:29:42.314 W/MountService(  374): getVolumeState(/mnt/sdcard/extra_sd): Unknown volume
05-22 11:29:42.322 W/MountService(  374): getVolumeState(/mnt/extrasd_bind): Unknown volume
05-22 11:29:42.322 W/MountService(  374): getVolumeState(/mnt/sdcard/ext_sd): Unknown volume
05-22 11:29:42.322 W/MountService(  374): getVolumeState(/storage/extSdCard): Unknown volume
05-22 11:29:42.322 W/MountService(  374): getVolumeState(/storage/sdcard1): Unknown volume
05-22 11:29:42.322 W/MountService(  374): getVolumeState(/mnt/sdcard/external_SD): Unknown volume
05-22 11:29:42.322 W/MountService(  374): getVolumeState(/mnt/sdcard/external_sd): Unknown volume
05-22 11:29:42.799 W/MountService(  374): getVolumeState(/storage/emulated/0/external_sd): Unknown volume
05-22 11:29:42.799 W/MountService(  374): getVolumeState(/mnt/sdcard-ext): Unknown volume
05-22 11:29:42.799 W/MountService(  374): getVolumeState(/mnt/ext_sdcard): Unknown volume
05-22 11:29:42.799 W/MountService(  374): getVolumeState(/mnt/sdcard2): Unknown volume
05-22 11:29:42.799 W/MountService(  374): getVolumeState(/mnt/emmc): Unknown volume
05-22 11:29:42.799 W/MountService(  374): getVolumeState(/mnt/extSdCard): Unknown volume
05-22 11:29:42.799 W/MountService(  374): getVolumeState(/mnt/sdcard/SD_CARD): Unknown volume
05-22 11:29:42.799 W/MountService(  374): getVolumeState(/mnt/sdcard/extra_sd): Unknown volume
05-22 11:29:42.799 W/MountService(  374): getVolumeState(/mnt/extrasd_bind): Unknown volume
05-22 11:29:42.806 W/MountService(  374): getVolumeState(/mnt/sdcard/ext_sd): Unknown volume
05-22 11:29:42.806 W/MountService(  374): getVolumeState(/storage/extSdCard): Unknown volume
05-22 11:29:42.806 W/MountService(  374): getVolumeState(/storage/sdcard1): Unknown volume
05-22 11:29:42.806 W/MountService(  374): getVolumeState(/mnt/sdcard/external_SD): Unknown volume
05-22 11:29:42.830 W/MountService(  374): getVolumeState(/mnt/sdcard/external_sd): Unknown volume
05-22 11:29:43.330 W/ActivityManager(  374): Unable to start service Intent { cmp=com.pekall.emdm.launcher/com.pekall.semail.service.AttachmentDownloadService } U=0: not found
05-22 11:29:44.822 W/ActivityManager(  374): Unable to start service Intent { act=pekall.intent.action.DOWNLOAD_APP (has extras) } U=0: not found
05-22 11:29:55.564 I/ActivityManager(  374): Start proc com.pekall.emdm.launcher:remote for service com.pekall.emdm.launcher/com.baidu.location.f: pid=17302 uid=10066 gids={50066, 1015, 3002, 3001, 3003, 1028}
05-22 11:29:55.838 D/ActivityThread(17302): Loading provider com.pekall.semail.provider;com.pekall.semail.notifier: com.pekall.semail.provider.EmailProvider
05-22 11:29:55.838 D/ActivityThread(17302): Loading provider com.pekall.semail.provider;com.pekall.semail.notifier: com.pekall.semail.provider.EmailProvider
05-22 11:29:58.299 W/ActivityManager(  374): Unable to start service Intent { cmp=com.pekall.emdm.launcher/com.pekall.semail.service.AttachmentDownloadService } U=0: not found
05-22 11:30:08.103 I/PowerManagerService(  374): Going to sleep due to screen timeout...
05-22 11:30:13.971 D/PhoneStatusBar(  448): disable: < expand icons alerts ticker system_info back home RECENT* clock SEARCH* >
05-22 11:30:14.228 D/PhoneStatusBar(  448): disable: < expand icons alerts ticker system_info BACK* HOME* RECENT CLOCK* SEARCH >
05-22 11:30:15.580 W/ActivityManager(  374): Timeout executing service: ServiceRecord{4301b240 u0 com.pekall.emdm.launcher/com.baidu.location.f}
05-22 11:30:24.244 E/ActivityManager(  374): ANR in com.pekall.emdm.launcher:remote
05-22 11:30:24.244 E/ActivityManager(  374): Reason: Executing service com.pekall.emdm.launcher/com.baidu.location.f
05-22 11:30:24.244 E/ActivityManager(  374): Load: 2.63 / 2.2 / 2.08
05-22 11:30:24.244 E/ActivityManager(  374): CPU usage from 1847ms to -8611ms ago with 99% awake:
05-22 11:30:24.244 E/ActivityManager(  374):   78% 17302/com.pekall.emdm.launcher:remote: 78% user + 0% kernel / faults: 216 minor
05-22 11:30:24.244 E/ActivityManager(  374):   78% 17184/com.pekall.emdm.launcher: 78% user + 0.1% kernel / faults: 141 minor
05-22 11:30:24.244 E/ActivityManager(  374):   22% 374/system_server: 18% user + 4.6% kernel / faults: 2100 minor
05-22 11:30:24.244 E/ActivityManager(  374):   5.6% 448/com.android.systemui: 4.8% user + 0.7% kernel / faults: 299 minor
05-22 11:30:24.244 E/ActivityManager(  374):   1.7% 15614/kworker/0:2: 0% user + 1.7% kernel
05-22 11:30:24.244 E/ActivityManager(  374):   1.4% 135/adbd: 0.2% user + 1.1% kernel / faults: 17 minor
05-22 11:30:24.244 E/ActivityManager(  374):   0% 24/kswapd0: 0% user + 0% kernel
05-22 11:30:24.244 E/ActivityManager(  374):   0.7% 124/surfaceflinger: 0% user + 0.6% kernel / faults: 1763 minor
05-22 11:30:24.244 E/ActivityManager(  374):   0.6% 1661/com.qihoo360.mobilesafe:GuardService: 0.6% user + 0% kernel / faults: 326 minor
05-22 11:30:24.244 E/ActivityManager(  374):   0.4% 561/com.android.phone: 0.3% user + 0% kernel / faults: 309 minor 6 major
05-22 11:30:24.244 E/ActivityManager(  374):   0.2% 568/com.android.nfc: 0.1% user + 0% kernel / faults: 215 minor
05-22 11:30:24.244 E/ActivityManager(  374):   0.1% 12874/com.qihoo.appstore: 0.1% user + 0% kernel / faults: 48 minor
05-22 11:30:24.244 E/ActivityManager(  374):   0% 3/ksoftirqd/0: 0% user + 0% kernel
05-22 11:30:24.244 E/ActivityManager(  374):   0% 82/mmcqd/0: 0% user + 0% kernel
05-22 11:30:24.244 E/ActivityManager(  374):   0% 546/com.google.process.location: 0% user + 0% kernel / faults: 73 minor
05-22 11:30:24.244 E/ActivityManager(  374):   0% 1468/com.qihoo.daemon: 0% user + 0% kernel / faults: 66 minor
05-22 11:30:24.244 E/ActivityManager(  374):   0% 10726/flush-179:0: 0% user + 0% kernel
05-22 11:30:24.244 E/ActivityManager(  374):   0% 16244/kworker/1:0: 0% user + 0% kernel
05-22 11:30:24.244 E/ActivityManager(  374):   0% 16480/com.nd.assistance.ServerService: 0% user + 0% kernel / faults: 141 minor
05-22 11:30:24.244 E/ActivityManager(  374):  +0% 17342/logcat: 0% user + 0% kernel
05-22 11:30:24.244 E/ActivityManager(  374): 99% TOTAL: 92% user + 6.9% kernel
05-22 11:30:24.244 E/ActivityManager(  374): CPU usage from 7748ms to 8342ms later:
05-22 11:30:24.244 E/ActivityManager(  374):   92% 17302/com.pekall.emdm.launcher:remote: 92% user + 0% kernel
05-22 11:30:24.244 E/ActivityManager(  374):     92% 17315/Thread-5061: 92% user + 0% kernel
05-22 11:30:24.244 E/ActivityManager(  374):   87% 17184/com.pekall.emdm.launcher: 87% user + 0% kernel
05-22 11:30:24.244 E/ActivityManager(  374):     87% 17197/Thread-5058: 87% user + 0% kernel
05-22 11:30:24.244 E/ActivityManager(  374):   16% 374/system_server: 6.6% user + 10% kernel
05-22 11:30:24.244 E/ActivityManager(  374):     15% 390/ActivityManager: 5% user + 10% kernel
05-22 11:30:24.244 E/ActivityManager(  374): 93% TOTAL: 88% user + 5% kernel
05-22 11:30:24.252 W/ActivityManager(  374): Killing ProcessRecord{42a190a8 17302:com.pekall.emdm.launcher:remote/u0a10066}: background ANR
05-22 11:30:24.252 W/BroadcastQueue(  374): Timeout of broadcast BroadcastRecord{430c6aa8 u-1 android.intent.action.SCREEN_OFF} - receiver=android.os.BinderProxy@425301a8, started 14560ms ago
05-22 11:30:24.252 W/BroadcastQueue(  374): Receiver during timeout: BroadcastFilter{42dcc708 u0 ReceiverList{42dcc6c8 17302 com.pekall.emdm.launcher:remote/10066/u0 remote:425301a8}}
05-22 11:30:24.252 I/ActivityManager(  374): Skipping duplicate ANR: ProcessRecord{42a190a8 17302:com.pekall.emdm.launcher:remote/u0a10066} Broadcast of Intent { act=android.intent.action.SCREEN_OFF flg=0x50000010 }
05-22 11:30:24.267 I/ActivityManager(  374): Process com.pekall.emdm.launcher:remote (pid 17302) has died.
05-22 11:30:24.267 W/ActivityManager(  374): Scheduling restart of crashed service com.pekall.emdm.launcher/com.baidu.location.f in 5000ms
05-22 11:30:29.283 I/ActivityManager(  374): Start proc com.pekall.emdm.launcher:remote for service com.pekall.emdm.launcher/com.baidu.location.f: pid=17346 uid=10066 gids={50066, 1015, 3002, 3001, 3003, 1028}
05-22 11:30:29.603 D/ActivityThread(17346): Loading provider com.pekall.semail.provider;com.pekall.semail.notifier: com.pekall.semail.provider.EmailProvider
05-22 11:30:29.611 D/ActivityThread(17346): Loading provider com.pekall.semail.provider;com.pekall.semail.notifier: com.pekall.semail.provider.EmailProvider
05-22 11:30:31.806 W/ActivityManager(  374): Unable to start service Intent { cmp=com.pekall.emdm.launcher/com.pekall.semail.service.AttachmentDownloadService } U=0: not found
05-22 11:30:34.869 I/PowerManagerService(  374): Waking up from sleep...
05-22 11:30:35.002 I/WindowManager(  374): Lock screen displayed!
05-22 11:30:36.666 D/PhoneStatusBar(  448): disable: < expand icons alerts ticker system_info BACK HOME recent* CLOCK search* >
05-22 11:30:36.791 D/PhoneStatusBar(  448): disable: < expand icons alerts ticker system_info back* home* recent clock* search >
05-22 11:30:37.564 W/InputMethodManagerService(  374): Window already focused, ignoring focus gain of: com.android.internal.view.IInputMethodClient$Stub$Proxy@42958948 attribute=android.view.inputmethod.EditorInfo@42912c30, token = android.os.BinderProxy@42871e00
05-22 11:30:38.744 I/ActivityManager(  374): START u0 {act=com.pekall.emdm.launcher.action.launcheraction flg=0x10000000 cmp=com.pekall.emdm.launcher/.CustomShirtcutActivity bnds=[293,1070][426,1174] (has extras)} from pid 17184
05-22 11:30:39.603 W/InputMethodManagerService(  374): Window already focused, ignoring focus gain of: com.android.internal.view.IInputMethodClient$Stub$Proxy@42620138 attribute=null, token = android.os.BinderProxy@42871e00
05-22 11:30:41.549 I/ActivityManager(  374): START u0 {flg=0x10000000 cmp=com.pekall.emdm.launcher/com.pekall.emdm.messagecenter.activity.MessageMainActivity} from pid 17184
05-22 11:30:42.385 W/MountService(  374): getVolumeState(/storage/emulated/0/external_sd): Unknown volume
05-22 11:30:42.385 W/MountService(  374): getVolumeState(/mnt/sdcard-ext): Unknown volume
05-22 11:30:42.385 W/MountService(  374): getVolumeState(/mnt/ext_sdcard): Unknown volume
05-22 11:30:42.392 W/MountService(  374): getVolumeState(/mnt/sdcard2): Unknown volume
05-22 11:30:42.392 W/MountService(  374): getVolumeState(/mnt/emmc): Unknown volume
05-22 11:30:42.392 W/MountService(  374): getVolumeState(/mnt/extSdCard): Unknown volume
05-22 11:30:42.392 W/MountService(  374): getVolumeState(/mnt/sdcard/SD_CARD): Unknown volume
05-22 11:30:42.392 W/MountService(  374): getVolumeState(/mnt/sdcard/extra_sd): Unknown volume
05-22 11:30:42.392 W/MountService(  374): getVolumeState(/mnt/extrasd_bind): Unknown volume
05-22 11:30:42.392 W/MountService(  374): getVolumeState(/mnt/sdcard/ext_sd): Unknown volume
05-22 11:30:42.392 W/MountService(  374): getVolumeState(/storage/extSdCard): Unknown volume
05-22 11:30:42.392 W/MountService(  374): getVolumeState(/storage/sdcard1): Unknown volume
05-22 11:30:42.392 W/MountService(  374): getVolumeState(/mnt/sdcard/external_SD): Unknown volume
05-22 11:30:42.392 W/MountService(  374): getVolumeState(/mnt/sdcard/external_sd): Unknown volume
05-22 11:30:43.658 I/ActivityManager(  374): START u0 {act=android.intent.action.MAIN cat=[android.intent.category.HOME] flg=0x10200000 cmp=com.pekall.emdm.launcher/.Launcher} from pid 374
05-22 11:30:44.510 W/MountService(  374): getVolumeState(/storage/emulated/0/external_sd): Unknown volume
05-22 11:30:44.533 W/MountService(  374): getVolumeState(/mnt/sdcard-ext): Unknown volume
05-22 11:30:44.549 W/MountService(  374): getVolumeState(/mnt/ext_sdcard): Unknown volume
05-22 11:30:44.572 W/MountService(  374): getVolumeState(/mnt/sdcard2): Unknown volume
05-22 11:30:44.603 W/MountService(  374): getVolumeState(/mnt/emmc): Unknown volume
05-22 11:30:44.635 W/MountService(  374): getVolumeState(/mnt/extSdCard): Unknown volume
05-22 11:30:44.697 W/MountService(  374): getVolumeState(/mnt/sdcard/SD_CARD): Unknown volume
05-22 11:30:44.721 I/ActivityManager(  374): Process android.process.acore (pid 17130) has died.
05-22 11:30:44.838 W/MountService(  374): getVolumeState(/mnt/sdcard/extra_sd): Unknown volume
05-22 11:30:44.869 W/MountService(  374): getVolumeState(/mnt/extrasd_bind): Unknown volume
05-22 11:30:44.877 W/MountService(  374): getVolumeState(/mnt/sdcard/ext_sd): Unknown volume
05-22 11:30:44.892 W/MountService(  374): getVolumeState(/storage/extSdCard): Unknown volume
05-22 11:30:44.900 W/MountService(  374): getVolumeState(/storage/sdcard1): Unknown volume
05-22 11:30:44.900 W/MountService(  374): getVolumeState(/mnt/sdcard/external_SD): Unknown volume
05-22 11:30:44.978 W/MountService(  374): getVolumeState(/mnt/sdcard/external_sd): Unknown volume
05-22 11:30:47.010 I/ActivityManager(  374): START u0 {act=com.pekall.emdm.launcher.action.launcheraction flg=0x10000000 cmp=com.pekall.emdm.launcher/.CustomShirtcutActivity bnds=[293,1078][426,1174] (has extras)} from pid 17184
05-22 11:30:47.478 W/InputMethodManagerService(  374): Window already focused, ignoring focus gain of: com.android.internal.view.IInputMethodClient$Stub$Proxy@42a7ddc8 attribute=null, token = android.os.BinderProxy@42871e00
05-22 11:30:49.189 I/ActivityManager(  374): START u0 {flg=0x10000000 cmp=com.pekall.emdm.launcher/com.pekall.emdm.messagecenter.activity.MessageMainActivity} from pid 17184
05-22 11:30:49.361 W/ActivityManager(  374): Timeout executing service: ServiceRecord{4301b240 u0 com.pekall.emdm.launcher/com.baidu.location.f}
05-22 11:30:55.510 E/ActivityManager(  374): ANR in com.pekall.emdm.launcher:remote
05-22 11:30:55.510 E/ActivityManager(  374): Reason: Executing service com.pekall.emdm.launcher/com.baidu.location.f
05-22 11:30:55.510 E/ActivityManager(  374): Load: 3.55 / 2.47 / 2.17
05-22 11:30:55.510 E/ActivityManager(  374): CPU usage from 3549ms to -6116ms ago:
05-22 11:30:55.510 E/ActivityManager(  374):   81% 17184/com.pekall.emdm.launcher: 78% user + 2.5% kernel / faults: 6974 minor
05-22 11:30:55.510 E/ActivityManager(  374):   78% 17346/com.pekall.emdm.launcher:remote: 78% user + 0.1% kernel / faults: 135 minor
05-22 11:30:55.510 E/ActivityManager(  374):   18% 374/system_server: 13% user + 4.4% kernel / faults: 1842 minor 4 major
05-22 11:30:55.510 E/ActivityManager(  374):   4.8% 448/com.android.systemui: 4.2% user + 0.6% kernel / faults: 210 minor 1 major
05-22 11:30:55.510 E/ActivityManager(  374):   1.9% 124/surfaceflinger: 1% user + 0.9% kernel / faults: 5360 minor
05-22 11:30:55.510 E/ActivityManager(  374):   1.9% 127/mediaserver: 1.2% user + 0.7% kernel / faults: 1 minor
05-22 11:30:55.510 E/ActivityManager(  374):   1.1% 1661/com.qihoo360.mobilesafe:GuardService: 0.9% user + 0.2% kernel / faults: 256 minor 6 major
05-22 11:30:55.510 E/ActivityManager(  374):   0.4% 135/adbd: 0.1% user + 0.3% kernel / faults: 1 minor
05-22 11:30:55.510 E/ActivityManager(  374):   0.4% 561/com.android.phone: 0.3% user + 0.1% kernel / faults: 52 minor
05-22 11:30:55.510 E/ActivityManager(  374):   0% 568/com.android.nfc: 0% user + 0% kernel / faults: 89 minor
05-22 11:30:55.510 E/ActivityManager(  374):   0.1% 11404/com.dragon.android.pandaspace: 0.1% user + 0% kernel / faults: 184 minor 4 major
05-22 11:30:55.510 E/ActivityManager(  374):   0.2% 82/mmcqd/0: 0% user + 0.2% kernel
05-22 11:30:55.510 E/ActivityManager(  374):   0.2% 1468/com.qihoo.daemon: 0.2% user + 0% kernel / faults: 9 minor
05-22 11:30:55.510 E/ActivityManager(  374):   0.2% 12874/com.qihoo.appstore: 0.2% user + 0% kernel / faults: 1 minor
05-22 11:30:55.510 E/ActivityManager(  374):   0% 16423/kworker/u:1: 0% user + 0% kernel
05-22 11:30:55.510 E/ActivityManager(  374):   0.2% 16544/kworker/u:4: 0% user + 0.2% kernel
05-22 11:30:55.510 E/ActivityManager(  374):   0% 121/netd: 0% user + 0% kernel / faults: 11 minor
05-22 11:30:55.510 E/ActivityManager(  374):   0.1% 133/sdcard: 0% user + 0.1% kernel
05-22 11:30:55.510 E/ActivityManager(  374):   0% 1615/logcat: 0% user + 0% kernel
05-22 11:30:55.510 E/ActivityManager(  374):   0% 4648/logcat: 0% user + 0% kernel
05-22 11:30:55.510 E/ActivityManager(  374):   0.1% 13047/kworker/u:0: 0% user + 0.1% kernel
05-22 11:30:55.510 E/ActivityManager(  374):   0.1% 15614/kworker/0:2: 0% user + 0.1% kernel
05-22 11:30:55.510 E/ActivityManager(  374):   0% 16244/kworker/1:0: 0% user + 0% kernel
05-22 11:30:55.510 E/ActivityManager(  374):   0% 16480/com.nd.assistance.ServerService: 0% user + 0% kernel / faults: 25 minor
05-22 11:30:55.510 E/ActivityManager(  374): 99% TOTAL: 94% user + 5.7% kernel
05-22 11:30:55.510 E/ActivityManager(  374): CPU usage from 4963ms to 5527ms later:
05-22 11:30:55.510 E/ActivityManager(  374):   92% 17346/com.pekall.emdm.launcher:remote: 92% user + 0% kernel
05-22 11:30:55.510 E/ActivityManager(  374):     90% 17361/Thread-5065: 90% user + 0% kernel
05-22 11:30:55.510 E/ActivityManager(  374):   85% 17184/com.pekall.emdm.launcher: 83% user + 1.8% kernel / faults: 29 minor
05-22 11:30:55.510 E/ActivityManager(  374):     83% 17197/Thread-5058: 83% user + 0% kernel
05-22 11:30:55.510 E/ActivityManager(  374):     1.8% 17184/l.emdm.launcher: 0% user + 1.8% kernel
05-22 11:30:55.510 E/ActivityManager(  374):   9.2% 448/com.android.systemui: 9.2% user + 0% kernel / faults: 133 minor
05-22 11:30:55.510 E/ActivityManager(  374):     5.5% 448/ndroid.systemui: 5.5% user + 0% kernel
05-22 11:30:55.510 E/ActivityManager(  374):     3.7% 453/GC: 3.7% user + 0% kernel
05-22 11:30:55.510 E/ActivityManager(  374):     1.8% 997/AsyncTask #3: 0% user + 1.8% kernel
05-22 11:30:55.510 E/ActivityManager(  374):   7.2% 374/system_server: 0% user + 7.2% kernel / faults: 14 minor
05-22 11:30:55.510 E/ActivityManager(  374):     3.6% 390/ActivityManager: 0% user + 3.6% kernel
05-22 11:30:55.510 E/ActivityManager(  374):     1.8% 386/SensorService: 0% user + 1.8% kernel
05-22 11:30:55.510 E/ActivityManager(  374):     1.8% 619/Binder_8: 1.8% user + 0% kernel
05-22 11:30:55.510 E/ActivityManager(  374):   1.8% 124/surfaceflinger: 1.8% user + 0% kernel
05-22 11:30:55.510 E/ActivityManager(  374):     1.8% 124/Binder_2: 0% user + 1.8% kernel
05-22 11:30:55.510 E/ActivityManager(  374):   0.9% 1661/com.qihoo360.mobilesafe:GuardService: 0.9% user + 0% kernel
05-22 11:30:55.510 E/ActivityManager(  374):   0.9% 11404/com.dragon.android.pandaspace: 0.9% user + 0% kernel / faults: 56 minor
05-22 11:30:55.510 E/ActivityManager(  374):     0.9% 11404/roid.pandaspace: 0.9% user + 0% kernel
05-22 11:30:55.510 E/ActivityManager(  374):   1% 16544/kworker/u:4: 0% user + 1% kernel
05-22 11:30:55.510 E/ActivityManager(  374): 100% TOTAL: 95% user + 4.4% kernel
05-22 11:30:55.525 W/ActivityManager(  374): Killing ProcessRecord{4228e1e8 17346:com.pekall.emdm.launcher:remote/u0a10066}: background ANR
05-22 11:30:55.627 I/ActivityManager(  374): Process com.pekall.emdm.launcher:remote (pid 17346) has died.
05-22 11:30:55.627 W/ActivityManager(  374): Scheduling restart of crashed service com.pekall.emdm.launcher/com.baidu.location.f in 20000ms
05-22 11:31:15.642 I/ActivityManager(  374): Start proc com.pekall.emdm.launcher:remote for service com.pekall.emdm.launcher/com.baidu.location.f: pid=17426 uid=10066 gids={50066, 1015, 3002, 3001, 3003, 1028}
05-22 11:31:16.002 D/ActivityThread(17426): Loading provider com.pekall.semail.provider;com.pekall.semail.notifier: com.pekall.semail.provider.EmailProvider
05-22 11:31:16.181 D/ActivityThread(17426): Loading provider com.pekall.semail.provider;com.pekall.semail.notifier: com.pekall.semail.provider.EmailProvider
05-22 11:31:18.127 W/ActivityManager(  374): Unable to start service Intent { cmp=com.pekall.emdm.launcher/com.pekall.semail.service.AttachmentDownloadService } U=0: not found
05-22 11:31:19.017 I/PowerManagerService(  374): Going to sleep due to screen timeout...
05-22 11:31:24.846 D/PhoneStatusBar(  448): disable: < expand icons alerts ticker system_info back home RECENT* clock SEARCH* >
05-22 11:31:25.025 D/PhoneStatusBar(  448): disable: < expand icons alerts ticker system_info BACK* HOME* RECENT CLOCK* SEARCH >
05-22 11:31:30.431 W/BroadcastQueue(  374): Timeout of broadcast BroadcastRecord{4305cde8 u-1 android.intent.action.SCREEN_OFF} - receiver=android.os.BinderProxy@428d26c0, started 10001ms ago
05-22 11:31:30.431 W/BroadcastQueue(  374): Receiver during timeout: BroadcastFilter{428bcce8 u0 ReceiverList{428bece8 17426 com.pekall.emdm.launcher:remote/10066/u0 remote:428d26c0}}
05-22 11:31:35.728 I/PowerManagerService(  374): Waking up from sleep...
05-22 11:31:35.767 I/WindowManager(  374): Lock screen displayed!
05-22 11:31:37.916 E/ActivityManager(  374): ANR in com.pekall.emdm.launcher:remote
05-22 11:31:37.916 E/ActivityManager(  374): Reason: Broadcast of Intent { act=android.intent.action.SCREEN_OFF flg=0x50000010 }
05-22 11:31:37.916 E/ActivityManager(  374): Load: 3.12 / 2.51 / 2.2
05-22 11:31:37.916 E/ActivityManager(  374): CPU usage from 758ms to -7424ms ago:
05-22 11:31:37.916 E/ActivityManager(  374):   74% 17426/com.pekall.emdm.launcher:remote: 74% user + 0.2% kernel / faults: 114 minor
05-22 11:31:37.916 E/ActivityManager(  374):   69% 17184/com.pekall.emdm.launcher: 69% user + 0.3% kernel / faults: 98 minor
05-22 11:31:37.916 E/ActivityManager(  374):   30% 374/system_server: 26% user + 4.7% kernel / faults: 613 minor
05-22 11:31:37.916 E/ActivityManager(  374):   7.5% 448/com.android.systemui: 7% user + 0.4% kernel / faults: 28 minor
05-22 11:31:37.916 E/ActivityManager(  374):   1.2% 124/surfaceflinger: 0.3% user + 0.8% kernel / faults: 851 minor
05-22 11:31:37.916 E/ActivityManager(  374):   0.6% 561/com.android.phone: 0.4% user + 0.1% kernel / faults: 32 minor
05-22 11:31:37.916 E/ActivityManager(  374):   0% 568/com.android.nfc: 0% user + 0% kernel / faults: 52 minor
05-22 11:31:37.916 E/ActivityManager(  374):   0% 16338/com.google.android.deskclock: 0% user + 0% kernel / faults: 1542 minor
05-22 11:31:37.916 E/ActivityManager(  374):   0% 16544/kworker/u:4: 0% user + 0% kernel
05-22 11:31:37.916 E/ActivityManager(  374):   0.2% 135/adbd: 0.1% user + 0.1% kernel / faults: 18 minor
05-22 11:31:37.916 E/ActivityManager(  374):   0% 1615/logcat: 0% user + 0% kernel
05-22 11:31:37.916 E/ActivityManager(  374):   0.1% 1661/com.qihoo360.mobilesafe:GuardService: 0.1% user + 0% kernel / faults: 1 minor
05-22 11:31:37.916 E/ActivityManager(  374):   0.1% 12874/com.qihoo.appstore: 0.1% user + 0% kernel / faults: 2 minor
05-22 11:31:37.916 E/ActivityManager(  374):   0.1% 15614/kworker/0:2: 0% user + 0.1% kernel
05-22 11:31:37.916 E/ActivityManager(  374):   0% 16423/kworker/u:1: 0% user + 0% kernel
05-22 11:31:37.916 E/ActivityManager(  374):   0.1% 16480/com.nd.assistance.ServerService: 0.1% user + 0% kernel / faults: 4 minor
05-22 11:31:37.916 E/ActivityManager(  374):   0% 16925/kworker/u:5: 0% user + 0% kernel
05-22 11:31:37.916 E/ActivityManager(  374):  +0% 17466/sh: 0% user + 0% kernel
05-22 11:31:37.916 E/ActivityManager(  374):  +0% 17468/uiautomator: 0% user + 0% kernel
05-22 11:31:37.916 E/ActivityManager(  374): 99% TOTAL: 94% user + 5.7% kernel
05-22 11:31:37.916 E/ActivityManager(  374): CPU usage from 6502ms to 7143ms later:
05-22 11:31:37.916 E/ActivityManager(  374):   63% 17426/com.pekall.emdm.launcher:remote: 63% user + 0% kernel
05-22 11:31:37.916 E/ActivityManager(  374):     65% 17439/Thread-5067: 65% user + 0% kernel
05-22 11:31:37.916 E/ActivityManager(  374):   50% 17184/com.pekall.emdm.launcher: 50% user + 0% kernel
05-22 11:31:37.916 E/ActivityManager(  374):     48% 17197/Thread-5058: 48% user + 0% kernel
05-22 11:31:37.916 E/ActivityManager(  374):   43% 374/system_server: 34% user + 9.3% kernel / faults: 45 minor
05-22 11:31:37.916 E/ActivityManager(  374):     35% 388/UI: 31% user + 4.6% kernel
05-22 11:31:37.916 E/ActivityManager(  374):     7.8% 390/ActivityManager: 3.1% user + 4.6% kernel
05-22 11:31:37.916 E/ActivityManager(  374):   16% 448/com.android.systemui: 15% user + 1.6% kernel / faults: 6 minor
05-22 11:31:37.916 E/ActivityManager(  374):     5% 453/GC: 5% user + 0% kernel
05-22 11:31:37.916 E/ActivityManager(  374):     5% 457/Compiler: 5% user + 0% kernel
05-22 11:31:37.916 E/ActivityManager(  374):     5% 463/Binder_1: 5% user + 0% kernel
05-22 11:31:37.916 E/ActivityManager(  374):     1.6% 448/ndroid.systemui: 1.6% user + 0% kernel
05-22 11:31:37.916 E/ActivityManager(  374):     1.6% 454/Signal Catcher: 0% user + 1.6% kernel
05-22 11:31:37.916 E/ActivityManager(  374):     1.6% 17980/Binder_7: 1.6% user + 0% kernel
05-22 11:31:37.916 E/ActivityManager(  374):   16% 17468/uiautomator: 10% user + 6.7% kernel / faults: 461 minor
05-22 11:31:37.916 E/ActivityManager(  374):     8.4% 17468/uiautomator: 5% user + 3.3% kernel
05-22 11:31:37.916 E/ActivityManager(  374):     5% 17475/Compiler: 0% user + 5% kernel
05-22 11:31:37.916 E/ActivityManager(  374):     1.6% 17476/Binder_1: 1.6% user + 0% kernel
05-22 11:31:37.916 E/ActivityManager(  374):     1.6% 17477/Binder_2: 0% user + 1.6% kernel
05-22 11:31:37.916 E/ActivityManager(  374):   6.3% 124/surfaceflinger: 4.7% user + 1.5% kernel
05-22 11:31:37.916 E/ActivityManager(  374):     1.5% 124/Binder_2: 0% user + 1.5% kernel
05-22 11:31:37.916 E/ActivityManager(  374):     1.5% 151/SurfaceFlinger: 1.5% user + 0% kernel
05-22 11:31:37.916 E/ActivityManager(  374):     1.5% 165/SurfaceFlinger: 0% user + 1.5% kernel
05-22 11:31:37.916 E/ActivityManager(  374):     1.5% 169/EventThread: 0% user + 1.5% kernel
05-22 11:31:37.916 E/ActivityManager(  374):   0.6% 135/adbd: 0% user + 0.6% kernel
05-22 11:31:37.916 E/ActivityManager(  374):     0.6% 3435/adbd: 0% user + 0.6% kernel
05-22 11:31:37.916 E/ActivityManager(  374):   0.9% 16544/kworker/u:4: 0% user + 0.9% kernel
05-22 11:31:37.916 E/ActivityManager(  374):   0.9% 16925/kworker/u:5: 0% user + 0.9% kernel
05-22 11:31:37.916 E/ActivityManager(  374): 100% TOTAL: 85% user + 14% kernel
05-22 11:31:37.916 W/ActivityManager(  374): Killing ProcessRecord{425f3da0 17426:com.pekall.emdm.launcher:remote/u0a10066}: background ANR
05-22 11:31:37.916 W/ActivityManager(  374): Timeout executing service: ServiceRecord{4301b240 u0 com.pekall.emdm.launcher/com.baidu.location.f}
05-22 11:31:37.916 I/ActivityManager(  374): Skipping duplicate ANR: ProcessRecord{425f3da0 17426:com.pekall.emdm.launcher:remote/u0a10066} Executing service com.pekall.emdm.launcher/com.baidu.location.f
05-22 11:31:38.119 I/ActivityManager(  374): Process com.pekall.emdm.launcher:remote (pid 17426) has died.
05-22 11:31:38.127 W/ActivityManager(  374): Scheduling restart of crashed service com.pekall.emdm.launcher/com.baidu.location.f in 5000ms
05-22 11:31:42.619 W/MountService(  374): getVolumeState(/storage/emulated/0/external_sd): Unknown volume
05-22 11:31:42.619 W/MountService(  374): getVolumeState(/mnt/sdcard-ext): Unknown volume
05-22 11:31:42.635 W/MountService(  374): getVolumeState(/mnt/ext_sdcard): Unknown volume
05-22 11:31:42.635 W/MountService(  374): getVolumeState(/mnt/sdcard2): Unknown volume
05-22 11:31:42.635 W/MountService(  374): getVolumeState(/mnt/emmc): Unknown volume
05-22 11:31:42.635 W/MountService(  374): getVolumeState(/mnt/extSdCard): Unknown volume
05-22 11:31:42.635 W/MountService(  374): getVolumeState(/mnt/sdcard/SD_CARD): Unknown volume
05-22 11:31:42.666 W/MountService(  374): getVolumeState(/mnt/sdcard/extra_sd): Unknown volume
05-22 11:31:42.674 W/MountService(  374): getVolumeState(/mnt/extrasd_bind): Unknown volume
05-22 11:31:42.674 W/MountService(  374): getVolumeState(/mnt/sdcard/ext_sd): Unknown volume
05-22 11:31:42.681 W/MountService(  374): getVolumeState(/storage/extSdCard): Unknown volume
05-22 11:31:42.681 W/MountService(  374): getVolumeState(/storage/sdcard1): Unknown volume
05-22 11:31:42.681 W/MountService(  374): getVolumeState(/mnt/sdcard/external_SD): Unknown volume
05-22 11:31:42.681 W/MountService(  374): getVolumeState(/mnt/sdcard/external_sd): Unknown volume
05-22 11:31:42.955 I/ActivityManager(  374): Start proc android.process.acore for content provider com.android.providers.contacts/.ContactsProvider2: pid=17487 uid=10000 gids={50000, 3003, 1015, 1028}
05-22 11:31:43.150 I/ActivityManager(  374): Start proc com.pekall.emdm.launcher:remote for service com.pekall.emdm.launcher/com.baidu.location.f: pid=17499 uid=10066 gids={50066, 1015, 3002, 3001, 3003, 1028}
05-22 11:31:43.900 D/ActivityThread(17499): Loading provider com.pekall.semail.provider;com.pekall.semail.notifier: com.pekall.semail.provider.EmailProvider
05-22 11:31:44.564 D/ActivityThread(17499): Loading provider com.pekall.semail.provider;com.pekall.semail.notifier: com.pekall.semail.provider.EmailProvider
05-22 11:31:46.689 I/ActivityManager(  374): Process com.google.android.apps.maps:LocationFriendService (pid 17040) has died.
05-22 11:31:50.971 I/PowerManagerService(  374): Going to sleep due to device administration policy...
05-22 11:31:50.971 I/PowerManagerService(  374): Waking up from sleep...
05-22 11:31:51.314 I/ActivityManager(  374): Process com.google.android.apps.maps:FriendService (pid 17027) has died.
05-22 11:31:52.072 I/ActivityManager(  374): Process com.google.android.exchange (pid 16376) has died.
05-22 11:31:52.502 W/InputManager(  374): Input event injection from pid 17468 failed.
05-22 11:31:55.541 W/InputManager(  374): Input event injection from pid 17468 failed.
05-22 11:31:57.502 W/ActivityManager(  374): Unable to start service Intent { cmp=com.pekall.emdm.launcher/com.pekall.semail.service.AttachmentDownloadService } U=0: not found
05-22 11:31:58.580 W/InputManager(  374): Input event injection from pid 17468 failed.
05-22 11:32:00.697 W/InputManager(  374): Input event injection from pid 17468 failed.
05-22 11:32:01.260 W/BroadcastQueue(  374): Timeout of broadcast BroadcastRecord{42712a78 u-1 android.intent.action.SCREEN_OFF} - receiver=android.os.BinderProxy@426cfcb0, started 10000ms ago
05-22 11:32:01.260 W/BroadcastQueue(  374): Receiver during timeout: BroadcastFilter{42683810 u0 ReceiverList{42697968 17499 com.pekall.emdm.launcher:remote/10066/u0 remote:426cfcb0}}
05-22 11:32:01.338 I/WindowManager(  374): Lock screen displayed!
05-22 11:32:03.510 I/EntropyMixer(  374): Writing entropy...
05-22 11:32:03.767 W/ProcessStats(  374): Skipping unknown process pid 17415
05-22 11:32:05.556 E/ActivityManager(  374): ANR in com.pekall.emdm.launcher:remote
05-22 11:32:05.556 E/ActivityManager(  374): Reason: Broadcast of Intent { act=android.intent.action.SCREEN_OFF flg=0x50000010 }
05-22 11:32:05.556 E/ActivityManager(  374): Load: 4.96 / 3.0 / 2.37
05-22 11:32:05.556 E/ActivityManager(  374): CPU usage from 8340ms to 0ms ago:
05-22 11:32:05.556 E/ActivityManager(  374):   97% 17184/com.pekall.emdm.launcher: 97% user + 0.1% kernel / faults: 338 minor
05-22 11:32:05.556 E/ActivityManager(  374):   96% 17499/com.pekall.emdm.launcher:remote: 96% user + 0.1% kernel / faults: 166 minor
05-22 11:32:05.556 E/ActivityManager(  374):   2.3% 17487/android.process.acore: 2.2% user + 0.1% kernel / faults: 1909 minor
05-22 11:32:05.556 E/ActivityManager(  374):   1.6% 374/system_server: 1.4% user + 0.2% kernel / faults: 55 minor
05-22 11:32:05.556 E/ActivityManager(  374):   0.4% 17468/uiautomator: 0.4% user + 0% kernel / faults: 80 minor
05-22 11:32:05.556 E/ActivityManager(  374):   0.2% 561/com.android.phone: 0.2% user + 0% kernel / faults: 164 minor
05-22 11:32:05.556 E/ActivityManager(  374):   0% 114/jbd2/mmcblk0p12: 0% user + 0% kernel
05-22 11:32:05.556 E/ActivityManager(  374):   0.1% 124/surfaceflinger: 0.1% user + 0% kernel
05-22 11:32:05.556 E/ActivityManager(  374):   0.1% 127/mediaserver: 0.1% user + 0% kernel
05-22 11:32:05.556 E/ActivityManager(  374):   0.1% 135/adbd: 0% user + 0.1% kernel
05-22 11:32:05.556 E/ActivityManager(  374):   0.1% 448/com.android.systemui: 0.1% user + 0% kernel / faults: 19 minor
05-22 11:32:05.556 E/ActivityManager(  374):   0.1% 12874/com.qihoo.appstore: 0.1% user + 0% kernel
05-22 11:32:05.556 E/ActivityManager(  374):   0% 16244/kworker/1:0: 0% user + 0% kernel
05-22 11:32:05.556 E/ActivityManager(  374):   0% 16338/com.google.android.deskclock: 0% user + 0% kernel / faults: 11 minor
05-22 11:32:05.556 E/ActivityManager(  374): 100% TOTAL: 99% user + 0.2% kernel
05-22 11:32:05.556 E/ActivityManager(  374): CPU usage from 3297ms to 3885ms later:
05-22 11:32:05.556 E/ActivityManager(  374):   91% 17184/com.pekall.emdm.launcher: 91% user + 0% kernel
05-22 11:32:05.556 E/ActivityManager(  374):     89% 17197/Thread-5058: 89% user + 0% kernel
05-22 11:32:05.556 E/ActivityManager(  374):   91% 17499/com.pekall.emdm.launcher:remote: 91% user + 0% kernel
05-22 11:32:05.556 E/ActivityManager(  374):     89% 17514/Thread-5073: 89% user + 0% kernel
05-22 11:32:05.556 E/ActivityManager(  374):   11% 374/system_server: 3.3% user + 8.4% kernel / faults: 4 minor
05-22 11:32:05.556 E/ActivityManager(  374):     8.4% 390/ActivityManager: 0% user + 8.4% kernel
05-22 11:32:05.556 E/ActivityManager(  374):     1.6% 386/SensorService: 1.6% user + 0% kernel
05-22 11:32:05.556 E/ActivityManager(  374):   3.3% 127/mediaserver: 0% user + 3.3% kernel
05-22 11:32:05.556 E/ActivityManager(  374):     1.6% 206/FastMixer: 0% user + 1.6% kernel
05-22 11:32:05.556 E/ActivityManager(  374):   1.6% 1468/com.qihoo.daemon: 1.6% user + 0% kernel / faults: 6 minor
05-22 11:32:05.556 E/ActivityManager(  374):     1.6% 12298/pool-318-thread: 1.6% user + 0% kernel
05-22 11:32:05.556 E/ActivityManager(  374): 100% TOTAL: 94% user + 5.9% kernel
05-22 11:32:05.556 W/ActivityManager(  374): Killing ProcessRecord{42293358 17499:com.pekall.emdm.launcher:remote/u0a10066}: background ANR
05-22 11:32:05.556 W/ActivityManager(  374): Timeout executing service: ServiceRecord{4301b240 u0 com.pekall.emdm.launcher/com.baidu.location.f}
05-22 11:32:05.564 I/ActivityManager(  374): Skipping duplicate ANR: ProcessRecord{42293358 17499:com.pekall.emdm.launcher:remote/u0a10066} Executing service com.pekall.emdm.launcher/com.baidu.location.f
05-22 11:32:05.619 I/ActivityManager(  374): Process com.pekall.emdm.launcher:remote (pid 17499) has died.
05-22 11:32:05.627 W/ActivityManager(  374): Scheduling restart of crashed service com.pekall.emdm.launcher/com.baidu.location.f in 20000ms
05-22 11:32:06.189 W/MountService(  374): getVolumeState(/storage/emulated/0/external_sd): Unknown volume
05-22 11:32:06.189 W/MountService(  374): getVolumeState(/mnt/sdcard-ext): Unknown volume
05-22 11:32:06.189 W/MountService(  374): getVolumeState(/mnt/ext_sdcard): Unknown volume
05-22 11:32:06.189 W/MountService(  374): getVolumeState(/mnt/sdcard2): Unknown volume
05-22 11:32:06.189 W/MountService(  374): getVolumeState(/mnt/emmc): Unknown volume
05-22 11:32:06.189 W/MountService(  374): getVolumeState(/mnt/extSdCard): Unknown volume
05-22 11:32:06.189 W/MountService(  374): getVolumeState(/mnt/sdcard/SD_CARD): Unknown volume
05-22 11:32:06.189 W/MountService(  374): getVolumeState(/mnt/sdcard/extra_sd): Unknown volume
05-22 11:32:06.189 W/MountService(  374): getVolumeState(/mnt/extrasd_bind): Unknown volume
05-22 11:32:06.189 W/MountService(  374): getVolumeState(/mnt/sdcard/ext_sd): Unknown volume
05-22 11:32:06.197 W/MountService(  374): getVolumeState(/storage/extSdCard): Unknown volume
05-22 11:32:06.197 W/MountService(  374): getVolumeState(/storage/sdcard1): Unknown volume
05-22 11:32:06.197 W/MountService(  374): getVolumeState(/mnt/sdcard/external_SD): Unknown volume
05-22 11:32:06.197 W/MountService(  374): getVolumeState(/mnt/sdcard/external_sd): Unknown volume
05-22 11:32:25.642 I/ActivityManager(  374): Start proc com.pekall.emdm.launcher:remote for service com.pekall.emdm.launcher/com.baidu.location.f: pid=17567 uid=10066 gids={50066, 1015, 3002, 3001, 3003, 1028}
05-22 11:32:25.916 D/ActivityThread(17567): Loading provider com.pekall.semail.provider;com.pekall.semail.notifier: com.pekall.semail.provider.EmailProvider
05-22 11:32:25.916 D/ActivityThread(17567): Loading provider com.pekall.semail.provider;com.pekall.semail.notifier: com.pekall.semail.provider.EmailProvider
05-22 11:32:30.174 I/ActivityManager(  374): Process com.qihoo360.mobilesafe:remote (pid 16086) has died.
05-22 11:32:30.494 W/ActivityManager(  374): Unable to start service Intent { cmp=com.pekall.emdm.launcher/com.pekall.semail.service.AttachmentDownloadService } U=0: not found
05-22 11:32:37.994 I/ActivityManager(  374): START u0 {flg=0x10008000 cmp=com.pekall.emdm.launcher/com.pekall.emdm.ui.SplashActivity} from pid 17184
05-22 11:32:38.010 W/ActivityManager(  374): Unable to start service Intent { act=com.pekall.mdm.action.SELECT_ERASE } U=0: not found
05-22 11:32:38.510 W/ActivityManager(  374): Activity pause timeout for ActivityRecord{42299cc8 u0 com.pekall.emdm.launcher/com.pekall.emdm.ui.SplashActivity}
05-22 11:32:38.596 I/ActivityManager(  374): Process com.android.defcontainer (pid 17150) has died.
05-22 11:32:39.556 W/ActivityManager(  374): Unable to start service Intent { cmp=com.pekall.emdm.launcher/com.pekall.semail.service.AttachmentDownloadService } U=0: not found
05-22 11:32:40.525 I/ActivityManager(  374): START u0 {cmp=com.pekall.emdm.launcher/com.pekall.emdm.ui.ActiveDeviceAdminActivity} from pid 17184
05-22 11:32:40.603 I/ActivityManager(  374): START u0 {cmp=com.pekall.emdm.launcher/com.pekall.emdm.ui.RegDeviceActivity} from pid 17184
05-22 11:32:40.939 I/WindowManager(  374): Screenshot max retries 4 of Token{42d66790 ActivityRecord{42547720 u0 com.pekall.emdm.launcher/com.pekall.emdm.ui.RegDeviceActivity}} appWin=Window{4283e5e8 u0 Starting com.pekall.emdm.launcher} drawState=3
05-22 11:32:40.939 W/WindowManager(  374): Screenshot failure taking screenshot for (720x1280) to layer 21010
05-22 11:32:41.252 W/WindowManager(  374): Rebuild removed 3 windows but added 2
05-22 11:32:41.252 W/WindowManager(  374): This window was lost: Window{426eba48 u0 com.pekall.emdm.launcher/com.pekall.emdm.ui.SplashActivity}
05-22 11:32:41.252 W/WindowManager(  374): mDisplayId=0 mSession=Session{42d6bda0 17184:u0a10066} mClient=android.os.BinderProxy@42f1f990
05-22 11:32:41.252 W/WindowManager(  374): mOwnerUid=10066 mShowToOwnerOnly=true package=com.pekall.emdm.launcher appop=NONE
05-22 11:32:41.252 W/WindowManager(  374): mAttrs=WM.LayoutParams{(0,0)(fillxfill) sim=#120 ty=1 fl=#1810100 pfl=0x8 wanim=0x10302ed}
05-22 11:32:41.252 W/WindowManager(  374): Requested w=0 h=0 mLayoutSeq=20730
05-22 11:32:41.252 W/WindowManager(  374): mBaseLayer=21000 mSubLayer=0 mAnimLayer=21000+0=21000 mLastLayer=0
05-22 11:32:41.252 W/WindowManager(  374): mToken=AppWindowToken{43040ba8 token=Token{43187588 ActivityRecord{42299cc8 u0 com.pekall.emdm.launcher/com.pekall.emdm.ui.SplashActivity}}}
05-22 11:32:41.252 W/WindowManager(  374): mRootToken=AppWindowToken{43040ba8 token=Token{43187588 ActivityRecord{42299cc8 u0 com.pekall.emdm.launcher/com.pekall.emdm.ui.SplashActivity}}}
05-22 11:32:41.252 W/WindowManager(  374): mAppToken=AppWindowToken{43040ba8 token=Token{43187588 ActivityRecord{42299cc8 u0 com.pekall.emdm.launcher/com.pekall.emdm.ui.SplashActivity}}}
05-22 11:32:41.252 W/WindowManager(  374): mViewVisibility=0x0 mHaveFrame=true mObscured=true
05-22 11:32:41.252 W/WindowManager(  374): mSeq=0 mSystemUiVisibility=0x0
05-22 11:32:41.252 W/WindowManager(  374): mPolicyVisibility=false mPolicyVisibilityAfterAnim=false mAppOpVisibility=true mAttachedHidden=false
05-22 11:32:41.252 W/WindowManager(  374): mGivenContentInsets=[0,0][0,0] mGivenVisibleInsets=[0,0][0,0]
05-22 11:32:41.252 W/WindowManager(  374): mConfiguration={1.0 999mcc?mnc en_US ldltr sw360dp w360dp h567dp 320dpi nrml port finger -keyb/v/h -nav/h s.19}
05-22 11:32:41.252 W/WindowManager(  374): mHasSurface=true mShownFrame=[0.0,0.0][720.0,1184.0] isReadyForDisplay()=false
05-22 11:32:41.252 W/WindowManager(  374): mFrame=[0,0][720,1184] last=[0,0][720,1184]
05-22 11:32:41.252 W/WindowManager(  374): mSystemDecorRect=[0,50][720,1184] last=[0,50][720,1184]
05-22 11:32:41.252 W/WindowManager(  374): Frames: containing=[0,0][720,1184] parent=[0,0][720,1184]
05-22 11:32:41.252 W/WindowManager(  374):     display=[0,0][720,1184] overscan=[0,0][720,1280]
05-22 11:32:41.252 W/WindowManager(  374):     content=[0,50][720,1184] visible=[0,50][720,1184]
05-22 11:32:41.252 W/WindowManager(  374): Cur insets: overscan=[0,0][0,0] content=[0,50][0,0] visible=[0,50][0,0]
05-22 11:32:41.252 W/WindowManager(  374): Lst insets: overscan=[0,0][0,0] content=[0,50][0,0] visible=[0,50][0,0]
05-22 11:32:41.252 W/WindowManager(  374): WindowStateAnimator{431f17b8 com.pekall.emdm.launcher/com.pekall.emdm.ui.SplashActivity}:
05-22 11:32:41.252 W/WindowManager(  374):   mSurface=Surface(name=com.pekall.emdm.launcher/com.pekall.emdm.ui.SplashActivity)
05-22 11:32:41.252 W/WindowManager(  374):   mDrawState=HAS_DRAWN mLastHidden=true
05-22 11:32:41.252 W/WindowManager(  374):   Surface: shown=false layer=21005 alpha=0.0 rect=(0.0,0.0) 720.0 x 1184.0
05-22 11:32:41.252 W/WindowManager(  374):   mShownAlpha=1.0 mAlpha=1.0 mLastAlpha=-1.0
05-22 11:32:41.252 W/WindowManager(  374):   mGlobalScale=1.0 mDsDx=1.0 mDtDx=0.0 mDsDy=0.0 mDtDy=1.0
05-22 11:32:41.252 W/WindowManager(  374): mExiting=false mRemoveOnExit=false mDestroying=true mRemoved=false
05-22 11:32:41.252 W/WindowManager(  374): Current app token list:
05-22 11:32:41.252 V/WindowManager(  374):   #1: Token{42d66790 ActivityRecord{42547720 u0 com.pekall.emdm.launcher/com.pekall.emdm.ui.RegDeviceActivity}}
05-22 11:32:41.252 V/WindowManager(  374):   #0: Token{425dac38 ActivityRecord{425da7f0 u0 com.android.launcher/com.android.launcher2.Launcher}}
05-22 11:32:41.252 W/WindowManager(  374): Final window list:
05-22 11:32:41.252 V/WindowManager(  374):   #0: Window{4261deb8 u0 SearchPanel}
05-22 11:32:41.252 V/WindowManager(  374):   #1: Window{425d6be8 u0 NavigationBar}
05-22 11:32:41.252 V/WindowManager(  374):   #2: Window{428ae890 u0 StatusBar}
05-22 11:32:41.252 V/WindowManager(  374):   #3: Window{42667920 u0 Keyguard}
05-22 11:32:41.252 V/WindowManager(  374):   #4: Window{42941d98 u0 com.android.phasebeam.PhaseBeamWallpaper}
05-22 11:32:41.252 V/WindowManager(  374):   #5: Window{4268f420 u0 com.qihoo360.mobilesafe}
05-22 11:32:41.252 V/WindowManager(  374):   #6: Window{42972e98 u0 com.qihoo360.mobilesafe}
05-22 11:32:41.252 V/WindowManager(  374):   #7: Window{4308d330 u0 InputMethod}
05-22 11:32:41.252 V/WindowManager(  374):   #8: Window{428afa40 u0 com.pekall.emdm.launcher/com.pekall.emdm.ui.RegDeviceActivity}
05-22 11:32:41.252 V/WindowManager(  374):   #9: Window{426f6f48 u0 com.android.launcher/com.android.launcher2.Launcher}
05-22 11:32:42.830 W/MountService(  374): getVolumeState(/storage/emulated/0/external_sd): Unknown volume
05-22 11:32:42.830 W/MountService(  374): getVolumeState(/mnt/sdcard-ext): Unknown volume
05-22 11:32:42.830 W/MountService(  374): getVolumeState(/mnt/ext_sdcard): Unknown volume
05-22 11:32:42.853 W/MountService(  374): getVolumeState(/mnt/sdcard2): Unknown volume
05-22 11:32:42.924 W/MountService(  374): getVolumeState(/mnt/emmc): Unknown volume
05-22 11:32:42.986 W/MountService(  374): getVolumeState(/mnt/extSdCard): Unknown volume
05-22 11:32:42.994 W/MountService(  374): getVolumeState(/mnt/sdcard/SD_CARD): Unknown volume
05-22 11:32:43.010 W/MountService(  374): getVolumeState(/mnt/sdcard/extra_sd): Unknown volume
05-22 11:32:43.189 W/MountService(  374): getVolumeState(/mnt/extrasd_bind): Unknown volume
05-22 11:32:43.416 W/MountService(  374): getVolumeState(/mnt/sdcard/ext_sd): Unknown volume
05-22 11:32:43.424 W/MountService(  374): getVolumeState(/storage/extSdCard): Unknown volume
05-22 11:32:43.478 W/MountService(  374): getVolumeState(/storage/sdcard1): Unknown volume
05-22 11:32:43.502 W/MountService(  374): getVolumeState(/mnt/sdcard/external_SD): Unknown volume
05-22 11:32:43.533 W/MountService(  374): getVolumeState(/mnt/sdcard/external_sd): Unknown volume
05-22 11:32:45.650 W/ActivityManager(  374): Timeout executing service: ServiceRecord{4301b240 u0 com.pekall.emdm.launcher/com.baidu.location.f}
05-22 11:32:49.635 D/PhoneStatusBar(  448): disable: < expand icons alerts ticker system_info back* home* recent* clock* search* >
05-22 11:32:49.713 W/MountService(  374): getVolumeState(/storage/emulated/0/external_sd): Unknown volume
05-22 11:32:49.760 W/MountService(  374): getVolumeState(/mnt/sdcard-ext): Unknown volume
05-22 11:32:49.822 W/MountService(  374): getVolumeState(/mnt/ext_sdcard): Unknown volume
05-22 11:32:49.822 W/MountService(  374): getVolumeState(/mnt/sdcard2): Unknown volume
05-22 11:32:49.822 W/MountService(  374): getVolumeState(/mnt/emmc): Unknown volume
05-22 11:32:49.838 W/MountService(  374): getVolumeState(/mnt/extSdCard): Unknown volume
05-22 11:32:49.892 W/MountService(  374): getVolumeState(/mnt/sdcard/SD_CARD): Unknown volume
05-22 11:32:49.900 W/MountService(  374): getVolumeState(/mnt/sdcard/extra_sd): Unknown volume
05-22 11:32:49.963 W/MountService(  374): getVolumeState(/mnt/extrasd_bind): Unknown volume
05-22 11:32:50.064 W/MountService(  374): getVolumeState(/mnt/sdcard/ext_sd): Unknown volume
05-22 11:32:50.080 W/MountService(  374): getVolumeState(/storage/extSdCard): Unknown volume
05-22 11:32:50.111 W/MountService(  374): getVolumeState(/storage/sdcard1): Unknown volume
05-22 11:32:50.111 W/MountService(  374): getVolumeState(/mnt/sdcard/external_SD): Unknown volume
05-22 11:32:50.142 W/MountService(  374): getVolumeState(/mnt/sdcard/external_sd): Unknown volume
05-22 11:32:51.033 E/ActivityManager(  374): ANR in com.pekall.emdm.launcher:remote
05-22 11:32:51.033 E/ActivityManager(  374): Reason: Executing service com.pekall.emdm.launcher/com.baidu.location.f
05-22 11:32:51.033 E/ActivityManager(  374): Load: 4.33 / 3.15 / 2.46
05-22 11:32:51.033 E/ActivityManager(  374): CPU usage from 0ms to 5313ms later:
05-22 11:32:51.033 E/ActivityManager(  374):   76% 17184/com.pekall.emdm.launcher: 75% user + 1.1% kernel / faults: 1166 minor
05-22 11:32:51.033 E/ActivityManager(  374):   70% 17567/com.pekall.emdm.launcher:remote: 70% user + 0% kernel / faults: 139 minor
05-22 11:32:51.033 E/ActivityManager(  374):   28% 374/system_server: 22% user + 6.3% kernel / faults: 1657 minor 1 major
05-22 11:32:51.033 E/ActivityManager(  374):   7.8% 448/com.android.systemui: 7.3% user + 0.5% kernel / faults: 54 minor
05-22 11:32:51.033 E/ActivityManager(  374):   3.3% 127/mediaserver: 2.4% user + 0.9% kernel
05-22 11:32:51.033 E/ActivityManager(  374):   2.2% 1468/com.qihoo.daemon: 1.6% user + 0.5% kernel / faults: 625 minor
05-22 11:32:51.033 E/ActivityManager(  374):   2% 124/surfaceflinger: 1.1% user + 0.9% kernel
05-22 11:32:51.033 E/ActivityManager(  374):   0.1% 130/keystore: 0.1% user + 0% kernel
05-22 11:32:51.033 E/ActivityManager(  374):   0.7% 15614/kworker/0:2: 0% user + 0.7% kernel
05-22 11:32:51.033 E/ActivityManager(  374):   0.5% 510/com.android.phasebeam: 0.5% user + 0% kernel / faults: 1 minor
05-22 11:32:51.033 E/ActivityManager(  374):   0.5% 561/com.android.phone: 0.5% user + 0% kernel / faults: 46 minor
05-22 11:32:51.033 E/ActivityManager(  374):   0.3% 117/vold: 0.1% user + 0.1% kernel
05-22 11:32:51.033 E/ActivityManager(  374):   0.3% 135/adbd: 0.1% user + 0.1% kernel
05-22 11:32:51.033 E/ActivityManager(  374):   0.3% 12874/com.qihoo.appstore: 0.1% user + 0.1% kernel / faults: 31 minor
05-22 11:32:51.033 E/ActivityManager(  374):   0.3% 16925/kworker/u:5: 0% user + 0.3% kernel
05-22 11:32:51.033 E/ActivityManager(  374):   0.1% 82/mmcqd/0: 0% user + 0.1% kernel
05-22 11:32:51.033 E/ActivityManager(  374):   0.1% 95/ueventd: 0.1% user + 0% kernel
05-22 11:32:51.033 E/ActivityManager(  374):   0% 114/jbd2/mmcblk0p12: 0% user + 0% kernel
05-22 11:32:51.033 E/ActivityManager(  374):   0.1% 121/netd: 0% user + 0.1% kernel
