05-22 11:29:06.017 W/WindowManager(  374): 	at com.android.internal.policy.impl.PhoneWindow.generateLayout(PhoneWindow.java:2823)
05-22 11:29:06.017 W/WindowManager(  374): 	at com.android.internal.policy.impl.PhoneWindow.installDecor(PhoneWindow.java:2886)
05-22 11:29:06.017 W/WindowManager(  374): 	at com.android.internal.policy.impl.PhoneWindow.getDecorView(PhoneWindow.java:1581)
05-22 11:29:06.017 W/WindowManager(  374): 	at com.android.internal.policy.impl.PhoneWindowManager.addStartingWindow(PhoneWindowManager.java:1618)
05-22 11:29:06.017 W/WindowManager(  374): 	at com.android.server.wm.WindowManagerService$H.handleMessage(WindowManagerService.java:6908)
05-22 11:29:06.017 W/WindowManager(  374): 	at android.os.Handler.dispatchMessage(Handler.java:99)
05-22 11:29:06.017 W/WindowManager(  374): 	at android.os.Looper.loop(Looper.java:137)
05-22 11:29:06.017 W/WindowManager(  374): 	at android.os.HandlerThread.run(HandlerThread.java:61)
05-22 11:29:06.017 W/WindowManager(  374): Caused by: java.lang.reflect.InvocationTargetException
05-22 11:29:06.017 W/WindowManager(  374): 	at java.lang.reflect.Constructor.constructNative(Native Method)
05-22 11:29:06.017 W/WindowManager(  374): 	at java.lang.reflect.Constructor.newInstance(Constructor.java:417)
05-22 11:29:06.017 W/WindowManager(  374): 	at android.view.LayoutInflater.createView(LayoutInflater.java:594)
05-22 11:29:06.017 W/WindowManager(  374): 	... 15 more
05-22 11:29:06.017 W/WindowManager(  374): Caused by: android.content.res.Resources$NotFoundException: Resource is not a Drawable (color or path): TypedValue{t=0x2/d=0x1010059 a=-1}
05-22 11:29:06.017 W/WindowManager(  374): 	at android.content.res.Resources.loadDrawable(Resources.java:2063)
05-22 11:29:06.017 W/WindowManager(  374): 	at android.content.res.TypedArray.getDrawable(TypedArray.java:601)
05-22 11:29:06.017 W/WindowManager(  374): 	at android.widget.FrameLayout.<init>(FrameLayout.java:109)
05-22 11:29:06.017 W/WindowManager(  374): 	at android.widget.FrameLayout.<init>(FrameLayout.java:97)
05-22 11:29:06.017 W/WindowManager(  374): 	... 18 more
05-22 11:29:06.017 E/LauncherApplication(17184): LogoutShowTime 1
05-22 11:29:06.025 V/Launcher(17184): onResume1111111 
05-22 11:29:06.025 V/Launcher(17184): is logout ----> 
05-22 11:29:06.041 D/dalvikvm(17184): GC_FOR_ALLOC freed 83K, 4% free 13276K/13700K, paused 20ms, total 20ms
05-22 11:29:06.049 I/dalvikvm-heap(17184): Grow heap (frag case) to 16.258MB for 3415696-byte allocation
05-22 11:29:06.080 D/dalvikvm(17184): GC_FOR_ALLOC freed <1K, 3% free 16612K/17036K, paused 25ms, total 25ms
05-22 11:29:06.103 D/LauncherProvider(17184): creating new launcher database
05-22 11:29:06.111 D/LauncherProvider(17184): converting database from an older format, but not onUpgrade
05-22 11:29:06.127 D/dalvikvm(17184): GC_CONCURRENT freed 11K, 3% free 16629K/17036K, paused 6ms+5ms, total 48ms
05-22 11:29:06.205 D/MDM :   (17184): [null:-1]->icon instanceof BitmapDrawable
05-22 11:29:06.213 D/MDM :   (17184): [null:-1]->  iconWidth 96
05-22 11:29:06.213 D/MDM :   (17184): [null:-1]->  iconHeight 96
05-22 11:29:06.213 D/MDM :   (17184): [null:-1]->  107 96
05-22 11:29:06.221 D/        (17184): [---null: -1---]  xxd  getPackageName  com.pekall.emdm.launcher
05-22 11:29:06.221 D/        (17184): [---null: -1---]  xxd  getClassName  com.pekall.emdm.launcher.CustomShirtcutActivity
05-22 11:29:06.221 D/        (17184): [---null: -1---]  xxd info.title: Custom shortcut
05-22 11:29:06.221 D/MDM :   (17184): [null:-1]->icon instanceof BitmapDrawable
05-22 11:29:06.228 D/MDM :   (17184): [null:-1]->  iconWidth 104
05-22 11:29:06.228 D/MDM :   (17184): [null:-1]->  iconHeight 104
05-22 11:29:06.228 D/MDM :   (17184): [null:-1]->  107 104
05-22 11:29:06.228 D/        (17184): [---null: -1---]  xxd  getPackageName  com.pekall.emdm.launcher
05-22 11:29:06.228 D/        (17184): [---null: -1---]  xxd  getClassName  com.pekall.emdm.contacts.activities.DialtactsActivity
05-22 11:29:06.228 D/        (17184): [---null: -1---]  xxd info.title: Phone
05-22 11:29:06.236 D/MDM :   (17184): [null:-1]->icon instanceof BitmapDrawable
05-22 11:29:06.236 D/MDM :   (17184): [null:-1]->  iconWidth 104
05-22 11:29:06.244 D/MDM :   (17184): [null:-1]->  iconHeight 104
05-22 11:29:06.244 D/MDM :   (17184): [null:-1]->  107 104
05-22 11:29:06.244 D/        (17184): [---null: -1---]  xxd  getPackageName  com.pekall.emdm.launcher
05-22 11:29:06.244 D/        (17184): [---null: -1---]  xxd  getClassName  com.pekall.emdm.messagecenter.activity.MessageMainActivity
05-22 11:29:06.244 D/        (17184): [---null: -1---]  xxd info.title: Message Center
05-22 11:29:06.244 D/MDM :   (17184): [null:-1]->icon instanceof BitmapDrawable
05-22 11:29:06.252 I/System.out(17184):  
05-22 11:29:06.252 D/MDM :   (17184): [null:-1]->  iconWidth 104
05-22 11:29:06.252 D/MDM :   (17184): [null:-1]->  iconHeight 104
05-22 11:29:06.252 D/MDM :   (17184): [null:-1]->  107 104
05-22 11:29:06.252 D/        (17184): [---null: -1---]  xxd  getPackageName  com.pekall.emdm.launcher
05-22 11:29:06.252 I/System.out(17184): com.pekall.emdm.launcher.Workspace.setWallpaper(Unknown Source)
05-22 11:29:06.252 I/System.out(17184): com.pekall.emdm.launcher.Launcher.onResume(Unknown Source)
05-22 11:29:06.252 I/System.out(17184): android.app.Instrumentation.callActivityOnResume(Instrumentation.java:1192)
05-22 11:29:06.252 I/System.out(17184): android.app.Activity.performResume(Activity.java:5211)
05-22 11:29:06.252 I/System.out(17184): android.app.ActivityThread.performResumeActivity(ActivityThread.java:2780)
05-22 11:29:06.252 I/System.out(17184): android.app.ActivityThread.handleResumeActivity(ActivityThread.java:2819)
05-22 11:29:06.252 I/System.out(17184): android.app.ActivityThread.handleLaunchActivity(ActivityThread.java:2266)
05-22 11:29:06.252 I/System.out(17184): android.app.ActivityThread.access$600(ActivityThread.java:141)
05-22 11:29:06.252 I/System.out(17184): android.app.ActivityThread$H.handleMessage(ActivityThread.java:1256)
05-22 11:29:06.252 I/System.out(17184): android.os.Handler.dispatchMessage(Handler.java:99)
05-22 11:29:06.252 I/System.out(17184): android.os.Looper.loop(Looper.java:137)
05-22 11:29:06.252 I/System.out(17184): android.app.ActivityThread.main(ActivityThread.java:5103)
05-22 11:29:06.252 I/System.out(17184): java.lang.reflect.Method.invokeNative(Native Method)
05-22 11:29:06.252 I/System.out(17184): java.lang.reflect.Method.invoke(Method.java:525)
05-22 11:29:06.252 I/System.out(17184): com.android.internal.os.ZygoteInit$MethodAndArgsCaller.run(ZygoteInit.java:737)
05-22 11:29:06.252 I/System.out(17184): com.android.internal.os.ZygoteInit.main(ZygoteInit.java:553)
05-22 11:29:06.252 I/System.out(17184): dalvik.system.NativeStart.main(Native Method)
05-22 11:29:06.252 D/        (17184): [---null: -1---]  xxd  getClassName  com.pekall.emdm.document.activity.DocMainActivity
05-22 11:29:06.252 D/        (17184): [---null: -1---]  xxd info.title: Document Manager
05-22 11:29:06.275 D/dalvikvm(17184): GC_FOR_ALLOC freed 3684K, 22% free 13428K/17168K, paused 19ms, total 19ms
05-22 11:29:06.275 I/dalvikvm-heap(17184): Grow heap (frag case) to 16.407MB for 3415696-byte allocation
05-22 11:29:06.291 D/dalvikvm(17184): GC_FOR_ALLOC freed 3K, 3% free 16760K/17168K, paused 17ms, total 17ms
05-22 11:29:06.314 D/MDM :   (17184): [null:-1]->icon instanceof BitmapDrawable
05-22 11:29:06.314 D/MDM :   (17184): [null:-1]->  iconWidth 104
05-22 11:29:06.322 D/MDM :   (17184): [null:-1]->  iconHeight 104
05-22 11:29:06.322 D/MDM :   (17184): [null:-1]->  107 104
05-22 11:29:06.322 D/        (17184): [---null: -1---]  xxd  getPackageName  com.pekall.emdm.launcher
05-22 11:29:06.322 D/        (17184): [---null: -1---]  xxd  getClassName  com.pekall.emdm.launcher.ui.BackPersonalActivity
05-22 11:29:06.322 D/        (17184): [---null: -1---]  xxd info.title: Personal Mode
05-22 11:29:06.330 D/MDM :   (17184): [null:-1]->icon instanceof BitmapDrawable
05-22 11:29:06.330 D/MDM :   (17184): [null:-1]->  iconWidth 104
05-22 11:29:06.330 D/MDM :   (17184): [null:-1]->  iconHeight 104
05-22 11:29:06.330 D/MDM :   (17184): [null:-1]->  107 104
05-22 11:29:06.330 D/        (17184): [---null: -1---]  xxd  getPackageName  com.pekall.emdm.launcher
05-22 11:29:06.330 D/        (17184): [---null: -1---]  xxd  getClassName  com.pekall.semail.activity.Welcome
05-22 11:29:06.330 D/        (17184): [---null: -1---]  xxd info.title: Email
05-22 11:29:06.353 D/dalvikvm(17184): GC_CONCURRENT freed 126K, 2% free 16892K/17212K, paused 3ms+2ms, total 40ms
05-22 11:29:06.353 D/MDM :   (17184): [null:-1]->icon instanceof BitmapDrawable
05-22 11:29:06.353 D/MDM :   (17184): [null:-1]->  iconWidth 104
05-22 11:29:06.353 D/MDM :   (17184): [null:-1]->  iconHeight 104
05-22 11:29:06.353 D/MDM :   (17184): [null:-1]->  107 104
05-22 11:29:06.353 D/        (17184): [---null: -1---]  xxd  getPackageName  com.pekall.emdm.launcher
05-22 11:29:06.353 D/        (17184): [---null: -1---]  xxd  getClassName  com.pekall.emdm.contacts.activities.PeopleActivity
05-22 11:29:06.353 D/        (17184): [---null: -1---]  xxd info.title: EmdmContacts
05-22 11:29:06.361 D/MDM :   (17184): [null:-1]->icon instanceof BitmapDrawable
05-22 11:29:06.361 D/MDM :   (17184): [null:-1]->  iconWidth 104
05-22 11:29:06.361 D/MDM :   (17184): [null:-1]->  iconHeight 104
05-22 11:29:06.361 D/MDM :   (17184): [null:-1]->  107 104
05-22 11:29:06.361 D/        (17184): [---null: -1---]  xxd  getPackageName  com.pekall.emdm.launcher
05-22 11:29:06.361 D/        (17184): [---null: -1---]  xxd  getClassName  com.pekall.emdm.browser.BrowserActivity
05-22 11:29:06.369 D/        (17184): [---null: -1---]  xxd info.title: Safe Browser
05-22 11:29:06.369 D/MDM :   (17184): [null:-1]->icon instanceof BitmapDrawable
05-22 11:29:06.377 D/MDM :   (17184): [null:-1]->  iconWidth 104
05-22 11:29:06.377 D/MDM :   (17184): [null:-1]->  iconHeight 104
05-22 11:29:06.377 D/MDM :   (17184): [null:-1]->  107 104
05-22 11:29:06.377 D/        (17184): [---null: -1---]  xxd  getPackageName  com.pekall.emdm.launcher
05-22 11:29:06.377 D/        (17184): [---null: -1---]  xxd  getClassName  com.pekall.emdm.launcher.ui.AboutActivity
05-22 11:29:06.385 D/        (17184): [---null: -1---]  xxd info.title: About
05-22 11:29:06.385 D/MDM :   (17184): [null:-1]->icon instanceof BitmapDrawable
05-22 11:29:06.385 D/MDM :   (17184): [null:-1]->  iconWidth 104
05-22 11:29:06.385 D/MDM :   (17184): [null:-1]->  iconHeight 104
05-22 11:29:06.385 D/MDM :   (17184): [null:-1]->  107 104
05-22 11:29:06.392 D/        (17184): [---null: -1---]  xxd  getPackageName  com.pekall.emdm.launcher
05-22 11:29:06.392 D/        (17184): [---null: -1---]  xxd  getClassName  com.pekall.emdm.launcher.ui.SettingActivity
05-22 11:29:06.392 D/        (17184): [---null: -1---]  xxd info.title: Setting
05-22 11:29:06.392 D/HomeLoaders(17184):   ----> workspace loader 1 finished loading data
05-22 11:29:06.392 D/HomeLoaders(17184):   ----> worskpace items=11
05-22 11:29:06.392 D/HomeLoaders(17184):   ----> worskpace widgets=0
05-22 11:29:06.392 D/HomeLoaders(17184):   --> done loading workspace; not stopped
05-22 11:29:06.392 D/HomeLoaders(17184):   ----> items cloned, ready to refresh UI
05-22 11:29:06.392 D/HomeLoaders(17184):   ----> loading applications from workspace loader
05-22 11:29:06.392 D/HomeLoaders(17184):   --> starting applications loader unlocked
05-22 11:29:06.392 D/HomeLoaders(17184):   --> starting applications loader
05-22 11:29:06.400 D/HomeLoaders(17184):   ----> running applications loader (1)
05-22 11:29:06.431 D/MDM :   (17184): [null:-1]->icon instanceof BitmapDrawable
05-22 11:29:06.431 D/MDM :   (17184): [null:-1]->  iconWidth 104
05-22 11:29:06.431 D/MDM :   (17184): [null:-1]->  iconHeight 104
05-22 11:29:06.439 D/MDM :   (17184): [null:-1]->  107 104
05-22 11:29:06.439 D/MDM :   (17184): [null:-1]->icon instanceof BitmapDrawable
05-22 11:29:06.439 D/MDM :   (17184): [null:-1]->  iconWidth 104
05-22 11:29:06.439 D/MDM :   (17184): [null:-1]->  iconHeight 104
05-22 11:29:06.439 D/MDM :   (17184): [null:-1]->  107 104
05-22 11:29:06.447 D/MDM :   (17184): [null:-1]->icon instanceof BitmapDrawable
05-22 11:29:06.447 D/MDM :   (17184): [null:-1]->  iconWidth 104
05-22 11:29:06.447 D/MDM :   (17184): [null:-1]->  iconHeight 104
05-22 11:29:06.447 D/MDM :   (17184): [null:-1]->  107 104
05-22 11:29:06.455 D/MDM :   (17184): [null:-1]->icon instanceof BitmapDrawable
05-22 11:29:06.455 D/MDM :   (17184): [null:-1]->  iconWidth 104
05-22 11:29:06.455 D/dalvikvm(17203): DexOpt: load 59ms, verify+opt 909ms, 1147988 bytes
05-22 11:29:06.455 D/MDM :   (17184): [null:-1]->  iconHeight 104
05-22 11:29:06.455 D/MDM :   (17184): [null:-1]->  107 104
05-22 11:29:06.463 D/MDM :   (17184): [null:-1]->icon instanceof BitmapDrawable
05-22 11:29:06.463 D/MDM :   (17184): [null:-1]->  iconWidth 101
05-22 11:29:06.463 D/MDM :   (17184): [null:-1]->  iconHeight 101
05-22 11:29:06.463 D/MDM :   (17184): [null:-1]->  107 101
05-22 11:29:06.471 D/MDM :   (17184): [null:-1]->icon instanceof BitmapDrawable
05-22 11:29:06.471 D/MDM :   (17184): [null:-1]->  iconWidth 104
05-22 11:29:06.471 D/MDM :   (17184): [null:-1]->  iconHeight 104
05-22 11:29:06.478 D/MDM :   (17184): [null:-1]->  107 104
05-22 11:29:06.478 D/MDM :   (17184): [null:-1]->icon instanceof BitmapDrawable
05-22 11:29:06.478 D/MDM :   (17184): [null:-1]->  iconWidth 104
05-22 11:29:06.478 D/MDM :   (17184): [null:-1]->  iconHeight 104
05-22 11:29:06.478 D/MDM :   (17184): [null:-1]->  107 104
05-22 11:29:06.478 D/MDM :   (17184): [null:-1]->icon instanceof BitmapDrawable
05-22 11:29:06.478 D/MDM :   (17184): [null:-1]->  iconWidth 104
05-22 11:29:06.478 D/MDM :   (17184): [null:-1]->  iconHeight 104
05-22 11:29:06.478 D/MDM :   (17184): [null:-1]->  107 104
05-22 11:29:06.486 D/MDM :   (17184): [null:-1]->icon instanceof BitmapDrawable
05-22 11:29:06.486 D/MDM :   (17184): [null:-1]->  iconWidth 104
05-22 11:29:06.486 D/MDM :   (17184): [null:-1]->  iconHeight 104
05-22 11:29:06.486 D/MDM :   (17184): [null:-1]->  107 104
05-22 11:29:06.494 D/MDM :   (17184): [null:-1]->icon instanceof BitmapDrawable
05-22 11:29:06.494 D/MDM :   (17184): [null:-1]->  iconWidth 104
05-22 11:29:06.494 D/MDM :   (17184): [null:-1]->  iconHeight 104
05-22 11:29:06.494 D/MDM :   (17184): [null:-1]->  107 104
05-22 11:29:06.517 W/ActivityManager(  374): Activity pause timeout for ActivityRecord{42906420 u0 com.pekall.emdm.launcher/.Launcher}
05-22 11:29:06.596 D/dalvikvm(17184): DexOpt: --- END 'sc-jdk15on-1.47.0.2.dex.jar' (success) ---
05-22 11:29:06.596 D/dalvikvm(17184): DEX prep '/data/data/com.pekall.emdm.launcher/app_jars/sc-jdk15on-1.47.0.2.dex.jar': unzip in 57ms, rewrite 1335ms
05-22 11:29:06.611 D/EmailProvider(17184): Creating EmailProviderBody database
05-22 11:29:06.642 W/EmailProvider(17184): restoreIfNeeded...
05-22 11:29:06.642 D/EmailProvider(17184): restoreAccounts...
05-22 11:29:06.681 D/EmailProvider(17184): Creating EmailProvider database
05-22 11:29:06.814 D/dalvikvm(17184): GC_CONCURRENT freed 1468K, 8% free 18085K/19592K, paused 4ms+3ms, total 39ms
05-22 11:29:06.814 D/dalvikvm(17184): WAIT_FOR_CONCURRENT_GC blocked 13ms
05-22 11:29:06.939 V/MyServiceConnection(17184): [SConnection] retry to bind service
05-22 11:29:06.947 V/MyServiceConnection(17184): [SConnection] sandbox service is NOT installed.
05-22 11:29:06.947 V/MyServiceConnection(17184): [SConnection] binding service: pekall.intent.action.SANDBOX_SERVICE
05-22 11:29:06.947 D/EmailProvider(17184): No accounts to restore...
05-22 11:29:06.947 D/EmailProvider(17184): Deleting orphans...
05-22 11:29:06.955 D/EmailProvider(17184): EmailProvider pre-caching...
05-22 11:29:06.971 D/MdmService(17184): [null:-1]->create mdm service
05-22 11:29:06.978 D/AssistantPhoneService(17184): [---null: -1---]onCreate====================
05-22 11:29:06.986 D/EmailProvider(17184): EmailProvider ready.
05-22 11:29:06.994 V/MyServiceConnection(17184): [SConnection] retry to bind service
05-22 11:29:06.994 V/MyServiceConnection(17184): [SConnection] sandbox service is NOT installed.
05-22 11:29:06.994 V/MyServiceConnection(17184): [SConnection] binding service: pekall.intent.action.SANDBOX_SERVICE
05-22 11:29:06.994 D/LauncherApplication(17184): [null:-1]->onActivityPaused
05-22 11:29:07.010 D/LauncherApplication(17184): [null:-1]->onActivityPaused  updateTime
05-22 11:29:07.010 D/HomeLoaders(17184):   ----> onDesktopItemsLoaded()
05-22 11:29:07.010 D/Launcher(17184): ------> binding 11 items
05-22 11:29:07.010 D/Launcher(17184): ------> binding 0 widgets
05-22 11:29:07.010 D/Launcher(17184): ------> start binding items
05-22 11:29:07.010 I/Choreographer(17184): Skipped 33 frames!  The application may be doing too much work on its main thread.
05-22 11:29:07.025 D/ExchangeService(17184): !!! EAS ExchangeService, onCreate
05-22 11:29:07.025 W/Parcel  ( 1661): Attempt to read object from Parcel 0x6003bdac at offset 200 that is not in the object list
05-22 11:29:07.033 W/ActivityManager(  374): Unable to start service Intent { cmp=com.pekall.emdm.launcher/com.pekall.semail.service.AttachmentDownloadService } U=0: not found
05-22 11:29:07.041 D/libEGL  (17184): loaded /vendor/lib/egl/libEGL_POWERVR_SGX540_120.so
05-22 11:29:07.041 D/libEGL  (17184): loaded /vendor/lib/egl/libGLESv1_CM_POWERVR_SGX540_120.so
05-22 11:29:07.056 D/libEGL  (17184): loaded /vendor/lib/egl/libGLESv2_POWERVR_SGX540_120.so
05-22 11:29:07.096 I/Email   (17184): Notifications being toggled: false
05-22 11:29:07.119 D/OpenGLRenderer(17184): Enabling debug mode 0
05-22 11:29:07.119 D/HomeLoaders(17184):   ----> cleared application list
05-22 11:29:07.158 I/Email   (17184): Notifications being toggled: false
05-22 11:29:07.158 W/ActivityManager(  374): Unable to start service Intent { cmp=com.pekall.emdm.launcher/com.pekall.semail.service.AttachmentDownloadService } U=0: not found
05-22 11:29:07.213 V/LauncherApplication(17184): onActivityStarted
05-22 11:29:07.213 D/        (17184): [---null: -1---]     awsa  onActivityResumed
05-22 11:29:07.213 V/LauncherApplication(17184): 2MdmConstant.LAST_LAUNCH_TIME = 1400729347015
05-22 11:29:07.228 D/        (17184): [---null: -1---]  activity = com.pekall.emdm.ui.SplashActivity
05-22 11:29:07.236 V/MyServiceConnection(17184): [SConnection] onServiceConnected, comp: com.pekall.sandbox.service.SandboxService
05-22 11:29:07.244 D/AuthenticationManager(17184): [17184] binder package: com.pekall.emdm.launcher
05-22 11:29:07.275 D/AuthenticationManager(17184): [17184] not authorized.
05-22 11:29:07.283 D/MdmService(17184): [null:-1]->receiver action :android.net.conn.CONNECTIVITY_CHANGE
05-22 11:29:07.291 D/AssistantPhoneService(17184): [---null: -1---]currentCall====================1400729347291
05-22 11:29:07.291 D/Assistant(17184): [---null: -1---]  call dataChange
05-22 11:29:07.322 V/l       (17184): Connected: com.pekall.exchange.ExchangeService
05-22 11:29:07.322 V/l       (17184): Connected: com.pekall.exchange.ExchangeService
05-22 11:29:07.322 D/SConnection(17184): classname is com.pekall.emdm.messagecenter.controller.MessageCenterService
05-22 11:29:07.322 V/l       (17184): Task setLogging completed; disconnecting
05-22 11:29:07.322 D/MDM :   (17184): [null:-1]->  iconWidth 104
05-22 11:29:07.322 D/MDM :   (17184): [null:-1]->  iconHeight 104
05-22 11:29:07.322 D/MDM :   (17184): [null:-1]->  107 104
05-22 11:29:07.330 D/MDM :   (17184): [null:-1]->width 104
05-22 11:29:07.330 D/MDM :   (17184): [null:-1]->height 104
05-22 11:29:07.330 D/MDM :   (17184): [null:-1]->scale 1.0
05-22 11:29:07.330 D/MDM :   (17184): [null:-1]->tint false
05-22 11:29:07.330 D/MDM :   (17184): [null:-1]->width 104
05-22 11:29:07.330 D/MDM :   (17184): [null:-1]->height 104
05-22 11:29:07.330 D/MDM :   (17184): [null:-1]->scale 1.0
05-22 11:29:07.330 D/MDM :   (17184): [null:-1]->tint false
05-22 11:29:07.338 D/MDM :   (17184): [null:-1]->  iconWidth 104
05-22 11:29:07.338 D/MDM :   (17184): [null:-1]->  iconHeight 104
05-22 11:29:07.338 D/MDM :   (17184): [null:-1]->  107 104
05-22 11:29:07.338 D/MDM :   (17184): [null:-1]->width 104
05-22 11:29:07.338 D/MDM :   (17184): [null:-1]->height 104
05-22 11:29:07.338 D/MDM :   (17184): [null:-1]->scale 1.0
05-22 11:29:07.338 D/MDM :   (17184): [null:-1]->tint false
05-22 11:29:07.338 D/MDM :   (17184): [null:-1]->width 104
05-22 11:29:07.346 D/MDM :   (17184): [null:-1]->height 104
05-22 11:29:07.346 V/l       (17184): Task setLogging completed; disconnecting
05-22 11:29:07.346 D/MDM :   (17184): [null:-1]->scale 1.0
05-22 11:29:07.346 D/MDM :   (17184): [null:-1]->tint false
05-22 11:29:07.596 D/dalvikvm(17184): JIT unchain all for threadid=11
05-22 11:29:07.611 D/MDM :   (17184): [null:-1]->width 104
05-22 11:29:07.611 D/MDM :   (17184): [null:-1]->height 104
05-22 11:29:07.611 D/MDM :   (17184): [null:-1]->scale 1.0
05-22 11:29:07.619 D/MDM :   (17184): [null:-1]->tint false
05-22 11:29:07.767 W/InteractionController(17074): runAndwaitForEvent timedout waiting for events
05-22 11:29:07.916 D/dalvikvm(17184): JIT unchain all for threadid=11
05-22 11:29:07.924 D/dalvikvm(17184): GC_CONCURRENT freed 1640K, 8% free 19459K/21144K, paused 257ms+255ms, total 578ms
05-22 11:29:07.924 D/dalvikvm(17184): WAIT_FOR_CONCURRENT_GC blocked 305ms
05-22 11:29:07.931 W/CursorWrapperInner(17184): Cursor finalized without prior close()
05-22 11:29:07.931 D/MDM :   (17184): [null:-1]->  iconWidth 104
05-22 11:29:07.931 D/MDM :   (17184): [null:-1]->  iconHeight 104
05-22 11:29:07.939 D/MDM :   (17184): [null:-1]->  107 104
05-22 11:29:07.939 D/MDM :   (17184): [null:-1]->width 104
05-22 11:29:07.939 D/MDM :   (17184): [null:-1]->height 104
05-22 11:29:07.939 D/MDM :   (17184): [null:-1]->scale 1.0
05-22 11:29:07.939 D/MDM :   (17184): [null:-1]->tint false
05-22 11:29:07.939 D/MDM :   (17184): [null:-1]->width 104
05-22 11:29:07.939 D/MDM :   (17184): [null:-1]->height 104
05-22 11:29:07.939 D/MDM :   (17184): [null:-1]->scale 1.0
05-22 11:29:07.939 D/MDM :   (17184): [null:-1]->tint false
05-22 11:29:07.947 D/MDM :   (17184): [null:-1]->width 104
05-22 11:29:07.947 D/MDM :   (17184): [null:-1]->height 104
05-22 11:29:07.947 D/MDM :   (17184): [null:-1]->scale 1.0
05-22 11:29:07.947 D/MDM :   (17184): [null:-1]->tint false
05-22 11:29:07.955 D/MDM :   (17184): [null:-1]->  iconWidth 104
05-22 11:29:07.955 D/MDM :   (17184): [null:-1]->  iconHeight 104
05-22 11:29:07.955 D/MDM :   (17184): [null:-1]->  107 104
05-22 11:29:07.955 D/        (17184): [---null: -1---]  xxd111  getPackageName  com.pekall.emdm.launcher
05-22 11:29:07.963 D/        (17184): [---null: -1---]  xxd111  getClassName  com.pekall.emdm.document.activity.DocMainActivity
05-22 11:29:07.963 D/        (17184): [---null: -1---]  xxd111  info.title  Document Manager ,count is 0
05-22 11:29:07.963 D/MDM :   (17184): [null:-1]->  iconWidth 104
05-22 11:29:07.963 D/MDM :   (17184): [null:-1]->  iconHeight 104
05-22 11:29:07.963 D/MDM :   (17184): [null:-1]->  107 104
05-22 11:29:07.971 D/        (17184): [---null: -1---]  xxd111  getPackageName  com.pekall.emdm.launcher
05-22 11:29:07.971 D/        (17184): [---null: -1---]  xxd111  getClassName  com.pekall.emdm.launcher.ui.BackPersonalActivity
05-22 11:29:07.971 D/        (17184): [---null: -1---]  xxd111  info.title  Personal Mode ,count is 0
05-22 11:29:07.971 D/MDM :   (17184): [null:-1]->  iconWidth 104
05-22 11:29:07.971 D/MDM :   (17184): [null:-1]->  iconHeight 104
05-22 11:29:07.971 D/MDM :   (17184): [null:-1]->  107 104
05-22 11:29:07.971 D/        (17184): [---null: -1---]  xxd111  getPackageName  com.pekall.emdm.launcher
05-22 11:29:07.978 D/        (17184): [---null: -1---]  xxd111  getClassName  com.pekall.semail.activity.Welcome
05-22 11:29:07.978 D/        (17184): [---null: -1---]  xxd111  info.title  Email ,count is 0
05-22 11:29:07.978 D/ExchangeService(17184): !!! EAS ExchangeService, onStartCommand, startingUp = false, running = false
05-22 11:29:07.978 D/ExchangeService(17184): to start secureStorageService now
05-22 11:29:07.978 I/Choreographer(17184): Skipped 49 frames!  The application may be doing too much work on its main thread.
05-22 11:29:07.994 V/a       (17184): Bind requested for task test
05-22 11:29:08.033 V/a       (17184): Bind requested for task getDeviceId
05-22 11:29:08.041 V/a       (17184): Waiting for task getDeviceId to complete...
05-22 11:29:08.158 D/MDM :   (17184): [null:-1]->  iconWidth 104
05-22 11:29:08.158 D/MDM :   (17184): [null:-1]->  iconHeight 104
05-22 11:29:08.158 D/MDM :   (17184): [null:-1]->  107 104
05-22 11:29:08.158 D/        (17184): [---null: -1---]  xxd111  getPackageName  com.pekall.emdm.launcher
05-22 11:29:08.158 D/        (17184): [---null: -1---]  xxd111  getClassName  com.pekall.emdm.contacts.activities.PeopleActivity
05-22 11:29:08.158 D/        (17184): [---null: -1---]  xxd111  info.title  EmdmContacts ,count is 0
05-22 11:29:08.166 D/MDM :   (17184): [null:-1]->  iconWidth 104
05-22 11:29:08.166 D/MDM :   (17184): [null:-1]->  iconHeight 104
05-22 11:29:08.166 D/MDM :   (17184): [null:-1]->  107 104
05-22 11:29:08.166 D/        (17184): [---null: -1---]  xxd111  getPackageName  com.pekall.emdm.launcher
05-22 11:29:08.166 D/        (17184): [---null: -1---]  xxd111  getClassName  com.pekall.emdm.browser.BrowserActivity
05-22 11:29:08.166 D/        (17184): [---null: -1---]  xxd111  info.title  Safe Browser ,count is 0
05-22 11:29:08.174 D/MDM :   (17184): [null:-1]->  iconWidth 104
05-22 11:29:08.174 D/MDM :   (17184): [null:-1]->  iconHeight 104
05-22 11:29:08.174 D/MDM :   (17184): [null:-1]->  107 104
05-22 11:29:08.174 D/        (17184): [---null: -1---]  xxd111  getPackageName  com.pekall.emdm.launcher
05-22 11:29:08.174 D/        (17184): [---null: -1---]  xxd111  getClassName  com.pekall.emdm.launcher.ui.AboutActivity
05-22 11:29:08.174 D/        (17184): [---null: -1---]  xxd111  info.title  About ,count is 0
05-22 11:29:08.181 D/MDM :   (17184): [null:-1]->  iconWidth 104
05-22 11:29:08.181 D/MDM :   (17184): [null:-1]->  iconHeight 104
05-22 11:29:08.181 D/MDM :   (17184): [null:-1]->  107 104
05-22 11:29:08.181 D/        (17184): [---null: -1---]  xxd111  getPackageName  com.pekall.emdm.launcher
05-22 11:29:08.181 D/        (17184): [---null: -1---]  xxd111  getClassName  com.pekall.emdm.launcher.ui.SettingActivity
05-22 11:29:08.181 D/        (17184): [---null: -1---]  xxd111  info.title  Setting ,count is 0
05-22 11:29:08.463 D/dalvikvm(17184): JIT unchain all for threadid=11
05-22 11:29:08.502 D/dalvikvm(17184): GC_FOR_ALLOC freed 1148K, 10% free 19631K/21620K, paused 287ms, total 289ms
05-22 11:29:08.517 I/dalvikvm-heap(17184): Grow heap (frag case) to 22.464MB for 3415696-byte allocation
05-22 11:29:08.767 D/dalvikvm(17184): JIT unchain all for threadid=11
05-22 11:29:08.799 D/dalvikvm(17184): GC_FOR_ALLOC freed 2K, 8% free 22964K/24956K, paused 282ms, total 282ms
05-22 11:29:08.908 I/Choreographer(17184): Skipped 43 frames!  The application may be doing too much work on its main thread.
05-22 11:29:09.088 I/ActivityManager(  374): Displayed com.pekall.emdm.launcher/com.pekall.emdm.ui.SplashActivity: +2s572ms (total +4s111ms)
05-22 11:29:09.096 I/ActivityManager(  374): Displayed com.pekall.emdm.launcher/.Launcher: +4s113ms
05-22 11:29:09.119 W/Parcel  ( 1661): Attempt to read object from Parcel 0x5ec3bdac at offset 200 that is not in the object list
05-22 11:29:09.119 I/ActivityManager(  374): START u0 {cmp=com.pekall.emdm.launcher/com.pekall.emdm.ui.AdvActivity} from pid 17184
05-22 11:29:09.135 W/WindowManager(  374): Token{42533418 ActivityRecord{42a27270 u0 com.pekall.emdm.launcher/com.pekall.emdm.ui.AdvActivity}} failed creating starting window
05-22 11:29:09.135 W/WindowManager(  374): android.view.InflateException: Binary XML file line #34: Error inflating class <unknown>
05-22 11:29:09.135 W/WindowManager(  374): 	at android.view.LayoutInflater.createView(LayoutInflater.java:620)
05-22 11:29:09.135 W/WindowManager(  374): 	at com.android.internal.policy.impl.PhoneLayoutInflater.onCreateView(PhoneLayoutInflater.java:56)
05-22 11:29:09.135 W/WindowManager(  374): 	at android.view.LayoutInflater.onCreateView(LayoutInflater.java:669)
05-22 11:29:09.135 W/WindowManager(  374): 	at android.view.LayoutInflater.createViewFromTag(LayoutInflater.java:694)
05-22 11:29:09.135 W/WindowManager(  374): 	at android.view.LayoutInflater.rInflate(LayoutInflater.java:755)
05-22 11:29:09.135 W/WindowManager(  374): 	at android.view.LayoutInflater.inflate(LayoutInflater.java:492)
05-22 11:29:09.135 W/WindowManager(  374): 	at android.view.LayoutInflater.inflate(LayoutInflater.java:397)
05-22 11:29:09.135 W/WindowManager(  374): 	at android.view.LayoutInflater.inflate(LayoutInflater.java:353)
05-22 11:29:09.135 W/WindowManager(  374): 	at com.android.internal.policy.impl.PhoneWindow.generateLayout(PhoneWindow.java:2823)
05-22 11:29:09.135 W/WindowManager(  374): 	at com.android.internal.policy.impl.PhoneWindow.installDecor(PhoneWindow.java:2886)
05-22 11:29:09.135 W/WindowManager(  374): 	at com.android.internal.policy.impl.PhoneWindow.getDecorView(PhoneWindow.java:1581)
05-22 11:29:09.135 W/WindowManager(  374): 	at com.android.internal.policy.impl.PhoneWindowManager.addStartingWindow(PhoneWindowManager.java:1618)
05-22 11:29:09.135 W/WindowManager(  374): 	at com.android.server.wm.WindowManagerService$H.handleMessage(WindowManagerService.java:6908)
05-22 11:29:09.135 W/WindowManager(  374): 	at android.os.Handler.dispatchMessage(Handler.java:99)
05-22 11:29:09.135 W/WindowManager(  374): 	at android.os.Looper.loop(Looper.java:137)
05-22 11:29:09.135 W/WindowManager(  374): 	at android.os.HandlerThread.run(HandlerThread.java:61)
05-22 11:29:09.135 W/WindowManager(  374): Caused by: java.lang.reflect.InvocationTargetException
05-22 11:29:09.135 W/WindowManager(  374): 	at java.lang.reflect.Constructor.constructNative(Native Method)
05-22 11:29:09.135 W/WindowManager(  374): 	at java.lang.reflect.Constructor.newInstance(Constructor.java:417)
05-22 11:29:09.135 W/WindowManager(  374): 	at android.view.LayoutInflater.createView(LayoutInflater.java:594)
05-22 11:29:09.135 W/WindowManager(  374): 	... 15 more
05-22 11:29:09.135 W/WindowManager(  374): Caused by: android.content.res.Resources$NotFoundException: Resource is not a Drawable (color or path): TypedValue{t=0x2/d=0x1010059 a=-1}
05-22 11:29:09.135 W/WindowManager(  374): 	at android.content.res.Resources.loadDrawable(Resources.java:2063)
05-22 11:29:09.135 W/WindowManager(  374): 	at android.content.res.TypedArray.getDrawable(TypedArray.java:601)
05-22 11:29:09.135 W/WindowManager(  374): 	at android.widget.FrameLayout.<init>(FrameLayout.java:109)
05-22 11:29:09.135 W/WindowManager(  374): 	at android.widget.FrameLayout.<init>(FrameLayout.java:97)
05-22 11:29:09.135 W/WindowManager(  374): 	... 18 more
05-22 11:29:09.260 D/dalvikvm(  374): GC_FOR_ALLOC freed 2211K, 22% free 23506K/30132K, paused 79ms, total 79ms
05-22 11:29:09.275 D/MDM :   (17184): [null:-1]->  iconWidth 104
05-22 11:29:09.275 D/MDM :   (17184): [null:-1]->  iconHeight 104
05-22 11:29:09.275 D/MDM :   (17184): [null:-1]->  107 104
05-22 11:29:09.283 D/MDM :   (17184): [null:-1]->  iconWidth 104
05-22 11:29:09.283 D/MDM :   (17184): [null:-1]->  iconHeight 104
05-22 11:29:09.283 D/MDM :   (17184): [null:-1]->  107 104
05-22 11:29:09.283 D/MDM :   (17184): [null:-1]->  iconWidth 104
05-22 11:29:09.283 D/MDM :   (17184): [null:-1]->  iconHeight 104
05-22 11:29:09.283 D/MDM :   (17184): [null:-1]->  107 104
05-22 11:29:09.291 D/MDM :   (17184): [null:-1]->  iconWidth 104
05-22 11:29:09.291 D/MDM :   (17184): [null:-1]->  iconHeight 104
05-22 11:29:09.291 D/MDM :   (17184): [null:-1]->  107 104
05-22 11:29:09.291 D/MDM :   (17184): [null:-1]->  iconWidth 104
05-22 11:29:09.291 D/MDM :   (17184): [null:-1]->  iconHeight 104
05-22 11:29:09.291 D/MDM :   (17184): [null:-1]->  107 104
05-22 11:29:09.299 D/MDM :   (17184): [null:-1]->  iconWidth 104
05-22 11:29:09.299 D/MDM :   (17184): [null:-1]->  iconHeight 104
05-22 11:29:09.299 D/MDM :   (17184): [null:-1]->  107 104
05-22 11:29:09.299 D/MDM :   (17184): [null:-1]->  iconWidth 104
05-22 11:29:09.299 D/MDM :   (17184): [null:-1]->  iconHeight 104
05-22 11:29:09.306 D/MDM :   (17184): [null:-1]->  107 104
05-22 11:29:09.306 D/MDM :   (17184): [null:-1]->  iconWidth 104
05-22 11:29:09.306 D/MDM :   (17184): [null:-1]->  iconHeight 104
05-22 11:29:09.306 D/MDM :   (17184): [null:-1]->  107 104
05-22 11:29:09.306 D/MDM :   (17184): [null:-1]->  iconWidth 104
05-22 11:29:09.306 D/MDM :   (17184): [null:-1]->  iconHeight 104
05-22 11:29:09.314 D/MDM :   (17184): [null:-1]->  107 104
05-22 11:29:09.314 D/MDM :   (17184): [null:-1]->  iconWidth 104
05-22 11:29:09.314 D/MDM :   (17184): [null:-1]->  iconHeight 104
05-22 11:29:09.314 D/MDM :   (17184): [null:-1]->  107 104
05-22 11:29:09.314 V/a       (17184): Connected: com.pekall.semail.service.AccountServiceInternal
05-22 11:29:09.322 V/a       (17184): Connected: com.pekall.semail.service.AccountServiceInternal
05-22 11:29:09.322 D/LauncherApplication(17184): [null:-1]->onActivityPaused
05-22 11:29:09.338 V/a       (17184): Connection test succeeded in 1346ms
05-22 11:29:09.346 V/a       (17184): Task test completed; disconnecting
05-22 11:29:09.353 V/a       (17184): Task getDeviceId completed; disconnecting
05-22 11:29:09.369 W/Parcel  ( 1661): Attempt to read object from Parcel 0x5ef3bdac at offset 200 that is not in the object list
05-22 11:29:09.369 V/l       (17184): Bind requested for task setLogging
05-22 11:29:09.369 V/a       (17184): Wait for getDeviceId finished in 1327ms
05-22 11:29:09.377 D/ExchangeService(17184): Received deviceId from Email app: androidc2130646576
05-22 11:29:09.377 D/ExchangeService(17184): Reconciling accounts...
05-22 11:29:09.377 V/a       (17184): Bind requested for task reconcileAccounts
05-22 11:29:09.377 V/LauncherApplication(17184): onActivityStarted
05-22 11:29:09.377 D/        (17184): [---null: -1---]     awsa  onActivityResumed
05-22 11:29:09.377 V/LauncherApplication(17184): 2MdmConstant.LAST_LAUNCH_TIME = 1400729347015
05-22 11:29:09.385 D/        (17184): [---null: -1---]  activity = com.pekall.emdm.ui.AdvActivity
05-22 11:29:09.392 D/ExchangeService(17184): !!! EAS ExchangeService, onStartCommand, startingUp = true, running = false
05-22 11:29:09.392 V/l       (17184): Connected: com.pekall.exchange.ExchangeService
05-22 11:29:09.400 V/a       (17184): Waiting for task reconcileAccounts to complete...
05-22 11:29:09.400 V/l       (17184): Task setLogging completed; disconnecting
05-22 11:29:09.752 D/dalvikvm(17184): JIT unchain all for threadid=11
05-22 11:29:09.775 D/dalvikvm(17184): GC_FOR_ALLOC freed 683K, 8% free 25141K/27036K, paused 278ms, total 278ms
05-22 11:29:10.111 V/a       (17184): Connected: com.pekall.semail.service.AccountServiceInternal
05-22 11:29:10.135 I/ActivityManager(  374): Displayed com.pekall.emdm.launcher/com.pekall.emdm.ui.AdvActivity: +801ms
05-22 11:29:10.135 V/a       (17184): Task reconcileAccounts completed; disconnecting
05-22 11:29:10.135 V/a       (17184): Wait for reconcileAccounts finished in 740ms
05-22 11:29:10.150 D/ExchangeService(17184): !!! EAS ExchangeService, stopping self
05-22 11:29:10.150 D/ExchangeService(17184): !!! EAS ExchangeService, onDestroy
05-22 11:29:10.775 I/QueryController(17074): Matched selector: UiSelector[PACKAGE NAME=com.pekall.emdm.launcher] <<==>> [android.view.accessibility.AccessibilityNodeInfo@8453; boundsInParent: Rect(0, 0 - 720, 1184); boundsInScreen: Rect(0, 0 - 720, 1184); packageName: com.pekall.emdm.launcher; className: android.widget.FrameLayout; text: null; contentDescription: null; viewIdResName: null; checkable: false; checked: false; focusable: false; focused: false; selected: false; clickable: false; longClickable: false; enabled: true; password: false; scrollable: false; [ACTION_SELECT, ACTION_CLEAR_SELECTION, ACTION_ACCESSIBILITY_FOCUS]]
05-22 11:29:10.791 I/QueryController(17074): Matched selector: UiSelector[RESOURCE_ID=com.pekall.emdm.launcher:id/circle_indicator] <<==>> [android.view.accessibility.AccessibilityNodeInfo@9718; boundsInParent: Rect(0, 0 - 720, 21); boundsInScreen: Rect(0, 1123 - 720, 1144); packageName: com.pekall.emdm.launcher; className: android.view.View; text: null; contentDescription: null; viewIdResName: com.pekall.emdm.launcher:id/circle_indicator; checkable: false; checked: false; focusable: false; focused: false; selected: false; clickable: false; longClickable: false; enabled: true; password: false; scrollable: false; [ACTION_SELECT, ACTION_CLEAR_SELECTION, ACTION_ACCESSIBILITY_FOCUS]]
05-22 11:29:11.611 D/dalvikvm(17184): JIT unchain all for threadid=11
05-22 11:29:11.635 D/dalvikvm(17184): GC_FOR_ALLOC freed 45K, 7% free 27236K/29116K, paused 276ms, total 276ms
05-22 11:29:14.228 I/QueryController(17074): Matched selector: UiSelector[TEXT=Start] <<==>> [android.view.accessibility.AccessibilityNodeInfo@b8e1; boundsInParent: Rect(0, 0 - 400, 96); boundsInScreen: Rect(160, 997 - 560, 1093); packageName: com.pekall.emdm.launcher; className: android.widget.Button; text: Start; contentDescription: null; viewIdResName: com.pekall.emdm.launcher:id/start; checkable: false; checked: false; focusable: true; focused: false; selected: false; clickable: true; longClickable: false; enabled: true; password: false; scrollable: false; [ACTION_FOCUS, ACTION_SELECT, ACTION_CLEAR_SELECTION, ACTION_CLICK, ACTION_ACCESSIBILITY_FOCUS, ACTION_NEXT_AT_MOVEMENT_GRANULARITY, ACTION_PREVIOUS_AT_MOVEMENT_GRANULARITY, ACTION_SET_SELECTION]]
05-22 11:29:14.260 I/QueryController(17074): Matched selector: UiSelector[TEXT=Start, CLASS=android.widget.Button] <<==>> [android.view.accessibility.AccessibilityNodeInfo@b8e1; boundsInParent: Rect(0, 0 - 400, 96); boundsInScreen: Rect(160, 997 - 560, 1093); packageName: com.pekall.emdm.launcher; className: android.widget.Button; text: Start; contentDescription: null; viewIdResName: com.pekall.emdm.launcher:id/start; checkable: false; checked: false; focusable: true; focused: false; selected: false; clickable: true; longClickable: false; enabled: true; password: false; scrollable: false; [ACTION_FOCUS, ACTION_SELECT, ACTION_CLEAR_SELECTION, ACTION_CLICK, ACTION_ACCESSIBILITY_FOCUS, ACTION_NEXT_AT_MOVEMENT_GRANULARITY, ACTION_PREVIOUS_AT_MOVEMENT_GRANULARITY, ACTION_SET_SELECTION]]
05-22 11:29:14.267 I/QueryController(17074): Matched selector: UiSelector[TEXT=Start, CLASS=android.widget.Button] <<==>> [android.view.accessibility.AccessibilityNodeInfo@b8e1; boundsInParent: Rect(0, 0 - 400, 96); boundsInScreen: Rect(160, 997 - 560, 1093); packageName: com.pekall.emdm.launcher; className: android.widget.Button; text: Start; contentDescription: null; viewIdResName: com.pekall.emdm.launcher:id/start; checkable: false; checked: false; focusable: true; focused: false; selected: false; clickable: true; longClickable: false; enabled: true; password: false; scrollable: false; [ACTION_FOCUS, ACTION_SELECT, ACTION_CLEAR_SELECTION, ACTION_CLICK, ACTION_ACCESSIBILITY_FOCUS, ACTION_NEXT_AT_MOVEMENT_GRANULARITY, ACTION_PREVIOUS_AT_MOVEMENT_GRANULARITY, ACTION_SET_SELECTION]]
05-22 11:29:14.267 D/InteractionController(17074): clickAndWaitForNewWindow(360, 1045)
05-22 11:29:14.377 W/Parcel  ( 1661): Attempt to read object from Parcel 0x5dfd3dac at offset 200 that is not in the object list
05-22 11:29:14.377 I/ActivityManager(  374): START u0 {cmp=com.pekall.emdm.launcher/com.pekall.emdm.ui.ActiveDeviceAdminActivity} from pid 17184
05-22 11:29:14.517 D/dalvikvm(  374): GC_FOR_ALLOC freed 1210K, 20% free 24250K/30132K, paused 83ms, total 83ms
05-22 11:29:14.525 D/LauncherApplication(17184): [null:-1]->onActivityPaused
05-22 11:29:14.799 D/dalvikvm(17184): JIT unchain all for threadid=11
05-22 11:29:14.830 D/dalvikvm(17184): GC_FOR_ALLOC freed 4921K, 21% free 26523K/33252K, paused 279ms, total 279ms
05-22 11:29:14.877 V/LauncherApplication(17184): onActivityStarted
05-22 11:29:14.877 D/        (17184): [---null: -1---]     awsa  onActivityResumed
05-22 11:29:14.877 V/LauncherApplication(17184): 2MdmConstant.LAST_LAUNCH_TIME = 1400729347015
05-22 11:29:14.892 D/        (17184): [---null: -1---]  activity = com.pekall.emdm.ui.ActiveDeviceAdminActivity
05-22 11:29:15.049 I/ActivityManager(  374): Displayed com.pekall.emdm.launcher/com.pekall.emdm.ui.ActiveDeviceAdminActivity: +517ms
05-22 11:29:15.564 I/QueryController(17074): Matched selector: UiSelector[TEXT=Active, CLASS=android.widget.Button] <<==>> [android.view.accessibility.AccessibilityNodeInfo@cf68; boundsInParent: Rect(0, 0 - 660, 79); boundsInScreen: Rect(30, 502 - 690, 581); packageName: com.pekall.emdm.launcher; className: android.widget.Button; text: Active; contentDescription: null; viewIdResName: com.pekall.emdm.launcher:id/active_device_admin_button; checkable: false; checked: false; focusable: true; focused: false; selected: false; clickable: true; longClickable: false; enabled: true; password: false; scrollable: false; [ACTION_FOCUS, ACTION_SELECT, ACTION_CLEAR_SELECTION, ACTION_CLICK, ACTION_ACCESSIBILITY_FOCUS, ACTION_NEXT_AT_MOVEMENT_GRANULARITY, ACTION_PREVIOUS_AT_MOVEMENT_GRANULARITY, ACTION_SET_SELECTION]]
05-22 11:29:15.596 I/QueryController(17074): Matched selector: UiSelector[TEXT=Active, CLASS=android.widget.Button] <<==>> [android.view.accessibility.AccessibilityNodeInfo@cf68; boundsInParent: Rect(0, 0 - 660, 79); boundsInScreen: Rect(30, 502 - 690, 581); packageName: com.pekall.emdm.launcher; className: android.widget.Button; text: Active; contentDescription: null; viewIdResName: com.pekall.emdm.launcher:id/active_device_admin_button; checkable: false; checked: false; focusable: true; focused: false; selected: false; clickable: true; longClickable: false; enabled: true; password: false; scrollable: false; [ACTION_FOCUS, ACTION_SELECT, ACTION_CLEAR_SELECTION, ACTION_CLICK, ACTION_ACCESSIBILITY_FOCUS, ACTION_NEXT_AT_MOVEMENT_GRANULARITY, ACTION_PREVIOUS_AT_MOVEMENT_GRANULARITY, ACTION_SET_SELECTION]]
05-22 11:29:15.596 D/InteractionController(17074): clickAndWaitForNewWindow(360, 541)
05-22 11:29:15.705 W/Parcel  ( 1661): Attempt to read object from Parcel 0x6013bdac at offset 200 that is not in the object list
05-22 11:29:15.705 I/ActivityManager(  374): START u0 {act=android.app.action.ADD_DEVICE_ADMIN cmp=com.android.settings/.DeviceAdminAdd (has extras)} from pid 17184
05-22 11:29:15.830 D/dalvikvm(  374): GC_FOR_ALLOC freed 1177K, 20% free 24244K/30132K, paused 76ms, total 76ms
05-22 11:29:15.838 D/LauncherApplication(17184): [null:-1]->onActivityPaused
05-22 11:29:16.033 I/ActivityManager(  374): Displayed com.android.settings/.DeviceAdminAdd: +191ms
05-22 11:29:16.736 I/QueryController(17074): Matched selector: UiSelector[TEXT=Activate, CLASS=android.widget.Button] <<==>> [android.view.accessibility.AccessibilityNodeInfo@c3071; boundsInParent: Rect(0, 0 - 359, 96); boundsInScreen: Rect(361, 1088 - 720, 1184); packageName: com.android.settings; className: android.widget.Button; text: Activate; contentDescription: null; viewIdResName: com.android.settings:id/action_button; checkable: false; checked: false; focusable: true; focused: false; selected: false; clickable: true; longClickable: false; enabled: true; password: false; scrollable: false; [ACTION_FOCUS, ACTION_SELECT, ACTION_CLEAR_SELECTION, ACTION_CLICK, ACTION_ACCESSIBILITY_FOCUS, ACTION_NEXT_AT_MOVEMENT_GRANULARITY, ACTION_PREVIOUS_AT_MOVEMENT_GRANULARITY, ACTION_SET_SELECTION]]
05-22 11:29:16.760 I/QueryController(17074): Matched selector: UiSelector[TEXT=Activate, CLASS=android.widget.Button] <<==>> [android.view.accessibility.AccessibilityNodeInfo@c3071; boundsInParent: Rect(0, 0 - 359, 96); boundsInScreen: Rect(361, 1088 - 720, 1184); packageName: com.android.settings; className: android.widget.Button; text: Activate; contentDescription: null; viewIdResName: com.android.settings:id/action_button; checkable: false; checked: false; focusable: true; focused: false; selected: false; clickable: true; longClickable: false; enabled: true; password: false; scrollable: false; [ACTION_FOCUS, ACTION_SELECT, ACTION_CLEAR_SELECTION, ACTION_CLICK, ACTION_ACCESSIBILITY_FOCUS, ACTION_NEXT_AT_MOVEMENT_GRANULARITY, ACTION_PREVIOUS_AT_MOVEMENT_GRANULARITY, ACTION_SET_SELECTION]]
05-22 11:29:16.767 D/InteractionController(17074): clickAndWaitForNewWindow(540, 1136)
05-22 11:29:16.900 D/MDM :   (17184): [null:-1]->onEnabled
05-22 11:29:16.900 I/dalvikvm(17184): Could not find method android.app.enterprise.license.EnterpriseLicenseManager.getInstance, referenced from method com.pekall.emdm.b.b.a.<init>
05-22 11:29:16.900 W/dalvikvm(17184): VFY: unable to resolve static method 1420: Landroid/app/enterprise/license/EnterpriseLicenseManager;.getInstance (Landroid/content/Context;)Landroid/app/enterprise/license/EnterpriseLicenseManager;
05-22 11:29:16.900 D/dalvikvm(17184): VFY: replacing opcode 0x71 at 0x0008
05-22 11:29:16.900 I/dalvikvm(17184): Could not find method android.app.enterprise.EnterpriseDeviceManager.getRestrictionPolicy, referenced from method com.pekall.emdm.b.b.a.A
05-22 11:29:16.900 W/dalvikvm(17184): VFY: unable to resolve virtual method 1371: Landroid/app/enterprise/EnterpriseDeviceManager;.getRestrictionPolicy ()Landroid/app/enterprise/RestrictionPolicy;
05-22 11:29:16.900 D/dalvikvm(17184): VFY: replacing opcode 0x6e at 0x000a
05-22 11:29:16.900 I/dalvikvm(17184): Could not find method android.app.enterprise.EnterpriseDeviceManager.getRestrictionPolicy, referenced from method com.pekall.emdm.b.b.a.B
05-22 11:29:16.900 W/dalvikvm(17184): VFY: unable to resolve virtual method 1371: Landroid/app/enterprise/EnterpriseDeviceManager;.getRestrictionPolicy ()Landroid/app/enterprise/RestrictionPolicy;
05-22 11:29:16.908 D/dalvikvm(17184): VFY: replacing opcode 0x6e at 0x000a
05-22 11:29:16.908 I/dalvikvm(17184): Could not find method android.app.enterprise.EnterpriseDeviceManager.getRestrictionPolicy, referenced from method com.pekall.emdm.b.b.a.C
05-22 11:29:16.908 W/dalvikvm(17184): VFY: unable to resolve virtual method 1371: Landroid/app/enterprise/EnterpriseDeviceManager;.getRestrictionPolicy ()Landroid/app/enterprise/RestrictionPolicy;
05-22 11:29:16.908 D/dalvikvm(17184): VFY: replacing opcode 0x6e at 0x000a
05-22 11:29:16.908 I/dalvikvm(17184): Could not find method android.app.enterprise.EnterpriseDeviceManager.getApplicationPolicy, referenced from method com.pekall.emdm.b.b.a.D
05-22 11:29:16.908 W/dalvikvm(17184): VFY: unable to resolve virtual method 1364: Landroid/app/enterprise/EnterpriseDeviceManager;.getApplicationPolicy ()Landroid/app/enterprise/ApplicationPolicy;
05-22 11:29:16.908 D/dalvikvm(17184): VFY: replacing opcode 0x6e at 0x000a
05-22 11:29:16.916 I/dalvikvm(17184): Could not find method android.app.enterprise.EnterpriseDeviceManager.getApplicationPolicy, referenced from method com.pekall.emdm.b.b.a.E
05-22 11:29:16.916 W/dalvikvm(17184): VFY: unable to resolve virtual method 1364: Landroid/app/enterprise/EnterpriseDeviceManager;.getApplicationPolicy ()Landroid/app/enterprise/ApplicationPolicy;
05-22 11:29:16.916 D/dalvikvm(17184): VFY: replacing opcode 0x6e at 0x000a
05-22 11:29:16.916 I/dalvikvm(17184): Could not find method android.app.enterprise.EnterpriseDeviceManager.getApplicationPolicy, referenced from method com.pekall.emdm.b.b.a.F
05-22 11:29:16.916 W/dalvikvm(17184): VFY: unable to resolve virtual method 1364: Landroid/app/enterprise/EnterpriseDeviceManager;.getApplicationPolicy ()Landroid/app/enterprise/ApplicationPolicy;
05-22 11:29:16.916 D/dalvikvm(17184): VFY: replacing opcode 0x6e at 0x000a
05-22 11:29:16.916 I/dalvikvm(17184): Could not find method android.app.enterprise.EnterpriseDeviceManager.getApplicationPolicy, referenced from method com.pekall.emdm.b.b.a.G
05-22 11:29:16.916 W/dalvikvm(17184): VFY: unable to resolve virtual method 1364: Landroid/app/enterprise/EnterpriseDeviceManager;.getApplicationPolicy ()Landroid/app/enterprise/ApplicationPolicy;
05-22 11:29:16.916 D/dalvikvm(17184): VFY: replacing opcode 0x6e at 0x000a
05-22 11:29:16.916 I/dalvikvm(17184): Could not find method android.app.enterprise.EnterpriseDeviceManager.getRestrictionPolicy, referenced from method com.pekall.emdm.b.b.a.H
05-22 11:29:16.916 W/dalvikvm(17184): VFY: unable to resolve virtual method 1371: Landroid/app/enterprise/EnterpriseDeviceManager;.getRestrictionPolicy ()Landroid/app/enterprise/RestrictionPolicy;
05-22 11:29:16.916 D/dalvikvm(17184): VFY: replacing opcode 0x6e at 0x000a
05-22 11:29:16.916 I/dalvikvm(17184): Could not find method android.app.enterprise.EnterpriseDeviceManager.getPhoneRestrictionPolicy, referenced from method com.pekall.emdm.b.b.a.I
05-22 11:29:16.916 W/dalvikvm(17184): VFY: unable to resolve virtual method 1370: Landroid/app/enterprise/EnterpriseDeviceManager;.getPhoneRestrictionPolicy ()Landroid/app/enterprise/PhoneRestrictionPolicy;
05-22 11:29:16.916 D/dalvikvm(17184): VFY: replacing opcode 0x6e at 0x0003
05-22 11:29:16.924 I/dalvikvm(17184): Could not find method android.app.enterprise.EnterpriseDeviceManager.getPhoneRestrictionPolicy, referenced from method com.pekall.emdm.b.b.a.J
05-22 11:29:16.924 W/dalvikvm(17184): VFY: unable to resolve virtual method 1370: Landroid/app/enterprise/EnterpriseDeviceManager;.getPhoneRestrictionPolicy ()Landroid/app/enterprise/PhoneRestrictionPolicy;
