05-22 11:42:07.299 D/InnerClass(17184): 	at java.lang.reflect.Method.invoke(Method.java:525)
05-22 11:42:07.299 D/InnerClass(17184): 	at com.pekall.emdm.c.i.a(Unknown Source)
05-22 11:42:07.299 D/InnerClass(17184): 	at com.pekall.emdm.c.c.a(Unknown Source)
05-22 11:42:07.299 D/InnerClass(17184): 	at com.pekall.emdm.b.c.b.j.b(Unknown Source)
05-22 11:42:07.299 D/InnerClass(17184): 	at com.pekall.emdm.b.c.b.j.h(Unknown Source)
05-22 11:42:07.299 D/InnerClass(17184): 	at com.pekall.emdm.b.c.e.run(Unknown Source)
05-22 11:42:07.299 D/InnerClass(17184): Caused by: java.lang.SecurityException: WRITE_SECURE_SETTINGS permission required: Neither user 10066 nor current process has android.permission.WRITE_SECURE_SETTINGS.
05-22 11:42:07.299 D/InnerClass(17184): 	at android.os.Parcel.readException(Parcel.java:1431)
05-22 11:42:07.299 D/InnerClass(17184): 	at android.os.Parcel.readException(Parcel.java:1385)
05-22 11:42:07.299 D/InnerClass(17184): 	at android.nfc.INfcAdapter$Stub$Proxy.disable(INfcAdapter.java:252)
05-22 11:42:07.299 D/InnerClass(17184): 	at android.nfc.NfcAdapter.disable(NfcAdapter.java:574)
05-22 11:42:07.299 D/InnerClass(17184): 	... 7 more
05-22 11:42:07.486 I/ActivityManager(  374): Process com.google.android.email (pid 18562) has died.
05-22 11:42:07.541 D/dalvikvm( 1661): GC_CONCURRENT freed 1347K, 18% free 13078K/15888K, paused 3ms+3ms, total 42ms
05-22 11:42:07.596 D/dalvikvm(17184): JIT unchain all for threadid=11
05-22 11:42:07.892 D/dalvikvm(17184): JIT unchain all for threadid=11
05-22 11:42:07.971 D/MDM :   (17184): [null:-1]->statusCode : 200
05-22 11:42:07.978 D/MDM :   (17184): [null:-1]->MSG_WEBSOCKET_OPEN
05-22 11:42:07.994 D/MDM :   (17184): [null:-1]->statusCode : 200
05-22 11:42:07.994 V/DEBUG   (17184): HTTP 1
05-22 11:42:08.002 D/MDM :   (17184): [null:-1]->Get joson string: 
05-22 11:42:08.010 D/NetworkThread(17184): [null:-1]->clear mCurrentTransInfo
05-22 11:42:08.010 D/NetworkThread(17184): [null:-1]->queue is empty, thread wait...
05-22 11:42:08.017 D/PushMessageManager(17184): [null:-1]->add sent message : {"params":{"device":"00013fbc8ecec5b90000014621fa2165","token":"123456"},"id":0,"command":0,"reason":0,"result":0,"type":0}
05-22 11:42:08.033 D/dalvikvm(17184): GC_CONCURRENT freed 10946K, 32% free 29379K/42660K, paused 273ms+298ms, total 691ms
05-22 11:42:08.064 D/MDM :   (17184): [null:-1]->MSG_WEBSOCKET_MESSAGE : {"id":0,"type":1,"command":0,"result":0,"reason":0}
05-22 11:42:08.064 D/MdmService(17184): [null:-1]->push message type :1
05-22 11:42:08.072 D/PushMessageManager(17184): [null:-1]->remove sent message : 0
05-22 11:42:08.072 D/PushMessageManager(17184): [null:-1]->sent message :{"params":{"device":"00013fbc8ecec5b90000014621fa2165","token":"123456"},"id":0,"command":0,"reason":0,"result":0,"type":0}
05-22 11:42:08.072 D/PushMessageManager(17184): [null:-1]->has message : 0
05-22 11:42:08.103 D/MdmService(17184): [null:-1]->handleCheckInResult
05-22 11:42:08.103 D/MdmService(17184): [null:-1]->handleCheckInResult result keyIndex: 3
05-22 11:42:08.103 D/HandleCommandTask(17184): [null:-1]->execute command msg but beanBase is null
05-22 11:42:08.103 D/MdmStatusManager(17184): [null:-1]->change status to : Idle
05-22 11:42:09.306 W/Parcel  ( 1661): Attempt to read object from Parcel 0x5dfd3dac at offset 200 that is not in the object list
05-22 11:42:11.556 D/AndroidRuntime(18875): 
05-22 11:42:11.556 D/AndroidRuntime(18875): >>>>>> AndroidRuntime START com.android.internal.os.RuntimeInit <<<<<<
05-22 11:42:11.556 D/AndroidRuntime(18875): CheckJNI is OFF
05-22 11:42:11.564 D/dalvikvm(18875): Trying to load lib libjavacore.so 0x0
05-22 11:42:11.572 D/dalvikvm(18875): Added shared lib libjavacore.so 0x0
05-22 11:42:11.580 D/dalvikvm(18875): Trying to load lib libnativehelper.so 0x0
05-22 11:42:11.580 D/dalvikvm(18875): Added shared lib libnativehelper.so 0x0
05-22 11:42:11.728 D/AndroidRuntime(18875): Calling main entry com.android.commands.uiautomator.Launcher
05-22 11:42:11.760 D/dalvikvm(18875): Note: class Landroid/app/ActivityManagerNative; has 163 unimplemented (abstract) methods
05-22 11:42:12.525 I/ActivityManager(  374): Process com.nd.assistance (pid 18797) has died.
05-22 11:42:13.439 D/dalvikvm(  374): GC_FOR_ALLOC freed 2443K, 22% free 23637K/30132K, paused 76ms, total 76ms
05-22 11:42:13.447 D/BluetoothAdapter(17098): 1110290904: getState() :  mService = null. Returning STATE_OFF
05-22 11:42:14.931 I/QueryController(18875): Matched selector: UiSelector[DESCRIPTION=Apps, PACKAGE NAME=com.android.launcher] <<==>> [android.view.accessibility.AccessibilityNodeInfo@18efb; boundsInParent: Rect(524257, 0 - 524399, 104); boundsInScreen: Rect(0, 50 - 142, 154); packageName: com.android.launcher; className: android.widget.TextView; text: Apps; contentDescription: Apps; viewIdResName: null; checkable: false; checked: false; focusable: true; focused: false; selected: true; clickable: true; longClickable: false; enabled: true; password: false; scrollable: false; [ACTION_FOCUS, ACTION_SELECT, ACTION_CLEAR_SELECTION, ACTION_CLICK, ACTION_ACCESSIBILITY_FOCUS, ACTION_NEXT_AT_MOVEMENT_GRANULARITY, ACTION_PREVIOUS_AT_MOVEMENT_GRANULARITY, ACTION_SET_SELECTION]]
05-22 11:42:14.947 I/QueryController(18875): Matched selector: UiSelector[DESCRIPTION=Apps, PACKAGE NAME=com.android.launcher] <<==>> [android.view.accessibility.AccessibilityNodeInfo@18efb; boundsInParent: Rect(524257, 0 - 524399, 104); boundsInScreen: Rect(0, 50 - 142, 154); packageName: com.android.launcher; className: android.widget.TextView; text: Apps; contentDescription: Apps; viewIdResName: null; checkable: false; checked: false; focusable: true; focused: false; selected: true; clickable: true; longClickable: false; enabled: true; password: false; scrollable: false; [ACTION_FOCUS, ACTION_SELECT, ACTION_CLEAR_SELECTION, ACTION_CLICK, ACTION_ACCESSIBILITY_FOCUS, ACTION_NEXT_AT_MOVEMENT_GRANULARITY, ACTION_PREVIOUS_AT_MOVEMENT_GRANULARITY, ACTION_SET_SELECTION]]
05-22 11:42:14.947 D/InteractionController(18875): clickAndWaitForNewWindow(71, 102)
05-22 11:42:18.056 W/InteractionController(18875): runAndwaitForEvent timedout waiting for events
05-22 11:42:18.064 I/QueryController(18875): Matched selector: UiSelector[TEXT=Apps, CLASS=android.widget.TextView, PACKAGE NAME=com.android.launcher] <<==>> [android.view.accessibility.AccessibilityNodeInfo@18efb; boundsInParent: Rect(524257, 0 - 524399, 104); boundsInScreen: Rect(0, 50 - 142, 154); packageName: com.android.launcher; className: android.widget.TextView; text: Apps; contentDescription: Apps; viewIdResName: null; checkable: false; checked: false; focusable: true; focused: false; selected: true; clickable: true; longClickable: false; enabled: true; password: false; scrollable: false; [ACTION_FOCUS, ACTION_SELECT, ACTION_CLEAR_SELECTION, ACTION_CLICK, ACTION_ACCESSIBILITY_FOCUS, ACTION_NEXT_AT_MOVEMENT_GRANULARITY, ACTION_PREVIOUS_AT_MOVEMENT_GRANULARITY, ACTION_SET_SELECTION]]
05-22 11:42:18.072 I/QueryController(18875): Matched selector: UiSelector[TEXT=Apps, CLASS=android.widget.TextView, PACKAGE NAME=com.android.launcher] <<==>> [android.view.accessibility.AccessibilityNodeInfo@18efb; boundsInParent: Rect(524257, 0 - 524399, 104); boundsInScreen: Rect(0, 50 - 142, 154); packageName: com.android.launcher; className: android.widget.TextView; text: Apps; contentDescription: Apps; viewIdResName: null; checkable: false; checked: false; focusable: true; focused: false; selected: true; clickable: true; longClickable: false; enabled: true; password: false; scrollable: false; [ACTION_FOCUS, ACTION_SELECT, ACTION_CLEAR_SELECTION, ACTION_CLICK, ACTION_ACCESSIBILITY_FOCUS, ACTION_NEXT_AT_MOVEMENT_GRANULARITY, ACTION_PREVIOUS_AT_MOVEMENT_GRANULARITY, ACTION_SET_SELECTION]]
05-22 11:42:18.072 D/UiObject(18875): getText() = Apps
05-22 11:42:18.088 I/QueryController(18875): Matched selector: UiSelector[TEXT=Apps, CLASS=android.widget.TextView, PACKAGE NAME=com.android.launcher] <<==>> [android.view.accessibility.AccessibilityNodeInfo@18efb; boundsInParent: Rect(524257, 0 - 524399, 104); boundsInScreen: Rect(0, 50 - 142, 154); packageName: com.android.launcher; className: android.widget.TextView; text: Apps; contentDescription: Apps; viewIdResName: null; checkable: false; checked: false; focusable: true; focused: false; selected: true; clickable: true; longClickable: false; enabled: true; password: false; scrollable: false; [ACTION_FOCUS, ACTION_SELECT, ACTION_CLEAR_SELECTION, ACTION_CLICK, ACTION_ACCESSIBILITY_FOCUS, ACTION_NEXT_AT_MOVEMENT_GRANULARITY, ACTION_PREVIOUS_AT_MOVEMENT_GRANULARITY, ACTION_SET_SELECTION]]
05-22 11:42:18.096 I/QueryController(18875): Matched selector: UiSelector[TEXT=Apps, CLASS=android.widget.TextView, PACKAGE NAME=com.android.launcher] <<==>> [android.view.accessibility.AccessibilityNodeInfo@18efb; boundsInParent: Rect(524257, 0 - 524399, 104); boundsInScreen: Rect(0, 50 - 142, 154); packageName: com.android.launcher; className: android.widget.TextView; text: Apps; contentDescription: Apps; viewIdResName: null; checkable: false; checked: false; focusable: true; focused: false; selected: true; clickable: true; longClickable: false; enabled: true; password: false; scrollable: false; [ACTION_FOCUS, ACTION_SELECT, ACTION_CLEAR_SELECTION, ACTION_CLICK, ACTION_ACCESSIBILITY_FOCUS, ACTION_NEXT_AT_MOVEMENT_GRANULARITY, ACTION_PREVIOUS_AT_MOVEMENT_GRANULARITY, ACTION_SET_SELECTION]]
05-22 11:42:18.103 D/InteractionController(18875): clickAndWaitForNewWindow(71, 102)
05-22 11:42:20.564 D/dalvikvm(18892): Late-enabling CheckJNI
05-22 11:42:20.572 I/ActivityManager(  374): Start proc com.pekall.emdm.launcher:remote for service com.pekall.emdm.launcher/com.baidu.location.f: pid=18892 uid=10066 gids={50066, 1015, 3002, 3001, 3003, 1028}
05-22 11:42:20.611 D/ScClassLoader(18892): >> SOURCE FILE: /data/data/com.pekall.emdm.launcher/app_jars/sc-jdk15on-1.47.0.2.dex.jar
05-22 11:42:20.611 V/MyServiceConnection(18892): [SConnection] sandbox service is NOT installed.
05-22 11:42:20.611 V/MyServiceConnection(18892): [SConnection] binding service: pekall.intent.action.SANDBOX_SERVICE
05-22 11:42:20.658 D/dalvikvm(18892): GC_CONCURRENT freed 156K, 3% free 9277K/9472K, paused 2ms+2ms, total 29ms
05-22 11:42:20.658 D/dalvikvm(18892): WAIT_FOR_CONCURRENT_GC blocked 3ms
05-22 11:42:20.658 D/dalvikvm(18892): WAIT_FOR_CONCURRENT_GC blocked 4ms
05-22 11:42:20.666 D/dalvikvm(18892): WAIT_FOR_CONCURRENT_GC blocked 7ms
05-22 11:42:20.666 W/Parcel  ( 1661): Attempt to read object from Parcel 0x5dfd3dac at offset 200 that is not in the object list
05-22 11:42:20.674 W/Parcel  ( 1661): Attempt to read object from Parcel 0x5ec3bdac at offset 200 that is not in the object list
05-22 11:42:20.674 D/Email   (18892): Email: init sandbox at the beginning.
05-22 11:42:20.674 V/MyServiceConnection(18892): [SConnection] retry to bind service
05-22 11:42:20.674 V/MyServiceConnection(18892): [SConnection] sandbox service is NOT installed.
05-22 11:42:20.674 V/MyServiceConnection(18892): [SConnection] binding service: pekall.intent.action.SANDBOX_SERVICE
05-22 11:42:20.697 V/MyServiceConnection(18892): [SConnection] retry to bind service
05-22 11:42:20.697 V/MyServiceConnection(18892): [SConnection] sandbox service is NOT installed.
05-22 11:42:20.697 V/MyServiceConnection(18892): [SConnection] binding service: pekall.intent.action.SANDBOX_SERVICE
05-22 11:42:20.705 V/l       (18892): Bind requested for task setLogging
05-22 11:42:20.713 D/ExchangeService(17184): !!! EAS ExchangeService, onCreate
05-22 11:42:20.713 W/Parcel  ( 1661): Attempt to read object from Parcel 0x5ded3dac at offset 200 that is not in the object list
05-22 11:42:20.721 D/ExchangeService(17184): !!! EAS ExchangeService, onStartCommand, startingUp = false, running = false
05-22 11:42:20.721 D/ExchangeService(17184): to start secureStorageService now
05-22 11:42:20.736 V/a       (17184): Bind requested for task test
05-22 11:42:20.736 V/a       (17184): Connected: com.pekall.semail.service.AccountServiceInternal
05-22 11:42:20.744 D/ExchangeService(17184): Reconciling accounts...
05-22 11:42:20.744 V/a       (17184): Connection test succeeded in 8ms
05-22 11:42:20.744 V/a       (17184): Task test completed; disconnecting
05-22 11:42:20.744 V/a       (17184): Bind requested for task reconcileAccounts
05-22 11:42:20.744 D/dalvikvm(18892): GC_CONCURRENT freed 203K, 3% free 9586K/9828K, paused 4ms+4ms, total 35ms
05-22 11:42:20.744 D/dalvikvm(18892): WAIT_FOR_CONCURRENT_GC blocked 15ms
05-22 11:42:20.752 V/a       (17184): Connected: com.pekall.semail.service.AccountServiceInternal
05-22 11:42:20.752 V/a       (17184): Waiting for task reconcileAccounts to complete...
05-22 11:42:20.760 D/dalvikvm(18892): WAIT_FOR_CONCURRENT_GC blocked 25ms
05-22 11:42:20.760 D/dalvikvm(18892): WAIT_FOR_CONCURRENT_GC blocked 26ms
05-22 11:42:20.767 V/a       (17184): Task reconcileAccounts completed; disconnecting
05-22 11:42:20.783 D/ActivityThread(18892): Loading provider com.pekall.semail.provider;com.pekall.semail.notifier: com.pekall.semail.provider.EmailProvider
05-22 11:42:20.806 D/ActivityThread(18892): Loading provider com.pekall.semail.provider;com.pekall.semail.notifier: com.pekall.semail.provider.EmailProvider
05-22 11:42:20.822 W/DocumentManager(18892): Sandbox service is not connected.
05-22 11:42:20.822 D/MessageControllerImpl(18892): controller is null
05-22 11:42:20.822 V/MyServiceConnection(18892): [SConnection] retry to bind service
05-22 11:42:20.822 V/MyServiceConnection(18892): [SConnection] sandbox service is NOT installed.
05-22 11:42:20.822 V/MyServiceConnection(18892): [SConnection] binding service: pekall.intent.action.SANDBOX_SERVICE
05-22 11:42:20.830 W/SQLiteOpenHelper(18892): Opened /data/data/com.pekall.emdm.launcher/databases/message.db
05-22 11:42:20.830 W/dalvikvm(18892): No implementation found for native Lcom/pekall/sandbox/database/sqlite/SQLiteDatabase;.native_setSqliteSoftHeapLimit:(I)V
05-22 11:42:20.830 D/AndroidRuntime(18892): Shutting down VM
05-22 11:42:20.830 W/dalvikvm(18892): threadid=1: thread exiting with uncaught exception (group=0x419c8700)
05-22 11:42:20.830 D/        (18892): [---null: -1---]  Thread is main
05-22 11:42:20.830 W/System.err(18892): java.lang.UnsatisfiedLinkError: Native method not found: com.pekall.sandbox.database.sqlite.SQLiteDatabase.native_setSqliteSoftHeapLimit:(I)V
05-22 11:42:20.838 W/System.err(18892): 	at com.pekall.sandbox.database.sqlite.SQLiteDatabase.native_setSqliteSoftHeapLimit(Native Method)
05-22 11:42:20.838 W/System.err(18892): 	at com.pekall.sandbox.database.sqlite.SQLiteDatabase.<init>(Unknown Source)
05-22 11:42:20.838 W/System.err(18892): 	at com.pekall.sandbox.database.sqlite.SQLiteDatabase.openDatabase(Unknown Source)
05-22 11:42:20.838 W/System.err(18892): 	at com.pekall.sandbox.database.sqlite.SQLiteDatabase.openDatabase(Unknown Source)
05-22 11:42:20.838 W/System.err(18892): 	at com.pekall.sandbox.database.sqlite.SQLiteDatabase.openDatabase(Unknown Source)
05-22 11:42:20.838 W/System.err(18892): 	at com.pekall.sandbox.database.sqlite.SQLiteOpenHelper.getWritableDatabase(Unknown Source)
05-22 11:42:20.838 W/System.err(18892): 	at com.pekall.emdm.messagecenter.db.a.a(Unknown Source)
05-22 11:42:20.838 W/System.err(18892): 	at com.pekall.emdm.messagecenter.db.a.b(Unknown Source)
05-22 11:42:20.838 W/System.err(18892): 	at com.pekall.emdm.messagecenter.activity.a.onCreate(Unknown Source)
05-22 11:42:20.838 W/System.err(18892): 	at com.pekall.emdm.launcher.LauncherApplication.onCreate(Unknown Source)
05-22 11:42:20.838 W/System.err(18892): 	at android.app.Instrumentation.callApplicationOnCreate(Instrumentation.java:1007)
05-22 11:42:20.838 W/System.err(18892): 	at android.app.ActivityThread.handleBindApplication(ActivityThread.java:4444)
05-22 11:42:20.838 W/System.err(18892): 	at android.app.ActivityThread.access$1300(ActivityThread.java:141)
05-22 11:42:20.838 W/System.err(18892): 	at android.app.ActivityThread$H.handleMessage(ActivityThread.java:1316)
05-22 11:42:20.838 W/System.err(18892): 	at android.os.Handler.dispatchMessage(Handler.java:99)
05-22 11:42:20.838 W/System.err(18892): 	at android.os.Looper.loop(Looper.java:137)
05-22 11:42:20.838 W/System.err(18892): 	at android.app.ActivityThread.main(ActivityThread.java:5103)
05-22 11:42:20.838 W/System.err(18892): 	at java.lang.reflect.Method.invokeNative(Native Method)
05-22 11:42:20.838 W/System.err(18892): 	at java.lang.reflect.Method.invoke(Method.java:525)
05-22 11:42:20.846 W/System.err(18892): 	at com.android.internal.os.ZygoteInit$MethodAndArgsCaller.run(ZygoteInit.java:737)
05-22 11:42:20.846 W/System.err(18892): 	at com.android.internal.os.ZygoteInit.main(ZygoteInit.java:553)
05-22 11:42:20.846 W/System.err(18892): 	at dalvik.system.NativeStart.main(Native Method)
05-22 11:42:20.877 V/a       (17184): Wait for reconcileAccounts finished in 121ms
05-22 11:42:20.900 D/ExchangeService(17184): !!! EAS ExchangeService, stopping self
05-22 11:42:20.900 D/dalvikvm(18892): GC_CONCURRENT freed 492K, 6% free 9478K/10012K, paused 2ms+1ms, total 28ms
05-22 11:42:21.205 W/InteractionController(18875): runAndwaitForEvent timedout waiting for events
05-22 11:42:21.221 I/QueryController(18875): Matched selector: UiSelector[PACKAGE NAME=com.android.launcher] <<==>> [android.view.accessibility.AccessibilityNodeInfo@7cf2; boundsInParent: Rect(0, 0 - 720, 1184); boundsInScreen: Rect(0, 0 - 720, 1184); packageName: com.android.launcher; className: android.widget.FrameLayout; text: null; contentDescription: null; viewIdResName: null; checkable: false; checked: false; focusable: false; focused: false; selected: false; clickable: false; longClickable: false; enabled: true; password: false; scrollable: false; [ACTION_SELECT, ACTION_CLEAR_SELECTION, ACTION_ACCESSIBILITY_FOCUS]]
05-22 11:42:21.236 I/QueryController(18875): Matched selector: UiSelector[TEXT=Settings] <<==>> [android.view.accessibility.AccessibilityNodeInfo@1715b7; boundsInParent: Rect(0, 0 - 148, 184); boundsInScreen: Rect(16, 379 - 164, 563); packageName: com.android.launcher; className: android.widget.TextView; text: Settings; contentDescription: null; viewIdResName: null; checkable: false; checked: false; focusable: true; focused: false; selected: false; clickable: true; longClickable: true; enabled: true; password: false; scrollable: false; [ACTION_FOCUS, ACTION_SELECT, ACTION_CLEAR_SELECTION, ACTION_CLICK, ACTION_LONG_CLICK, ACTION_ACCESSIBILITY_FOCUS, ACTION_NEXT_AT_MOVEMENT_GRANULARITY, ACTION_PREVIOUS_AT_MOVEMENT_GRANULARITY, ACTION_SET_SELECTION]]
05-22 11:42:21.260 I/QueryController(18875): Matched selector: UiSelector[TEXT=Settings] <<==>> [android.view.accessibility.AccessibilityNodeInfo@1715b7; boundsInParent: Rect(0, 0 - 148, 184); boundsInScreen: Rect(16, 379 - 164, 563); packageName: com.android.launcher; className: android.widget.TextView; text: Settings; contentDescription: null; viewIdResName: null; checkable: false; checked: false; focusable: true; focused: false; selected: false; clickable: true; longClickable: true; enabled: true; password: false; scrollable: false; [ACTION_FOCUS, ACTION_SELECT, ACTION_CLEAR_SELECTION, ACTION_CLICK, ACTION_LONG_CLICK, ACTION_ACCESSIBILITY_FOCUS, ACTION_NEXT_AT_MOVEMENT_GRANULARITY, ACTION_PREVIOUS_AT_MOVEMENT_GRANULARITY, ACTION_SET_SELECTION]]
05-22 11:42:21.260 D/InteractionController(18875): clickAndWaitForNewWindow(90, 471)
05-22 11:42:21.385 W/Parcel  ( 1661): Attempt to read object from Parcel 0x6013bdac at offset 200 that is not in the object list
05-22 11:42:21.392 I/ActivityManager(  374): START u0 {act=android.intent.action.MAIN cat=[android.intent.category.LAUNCHER] flg=0x10200000 cmp=com.android.settings/.Settings} from pid 576
05-22 11:42:21.463 W/EmailProvider(18892): restoreIfNeeded...
05-22 11:42:21.556 D/dalvikvm(  374): GC_FOR_ALLOC freed 1633K, 22% free 23686K/30132K, paused 126ms, total 127ms
05-22 11:42:21.689 D/BluetoothAdapter(17098): 1110290904: getState() :  mService = null. Returning STATE_OFF
05-22 11:42:21.775 D/WifiService(  374): setWifiEnabled: true pid=17098, uid=1000
05-22 11:42:21.791 D/BluetoothAdapter(17098): 1110290904: getState() :  mService = null. Returning STATE_OFF
05-22 11:42:21.892 I/ActivityManager(  374): Displayed com.android.settings/.Settings: +287ms
05-22 11:42:22.361 D/EmailProvider(18892): restoreAccounts...
05-22 11:42:23.486 I/QueryController(18875): Matched selector: UiSelector[TEXT=Settings, CLASS=android.widget.TextView, PACKAGE NAME=com.android.settings] <<==>> [android.view.accessibility.AccessibilityNodeInfo@14417c; boundsInParent: Rect(0, 0 - 131, 48); boundsInScreen: Rect(97, 74 - 228, 122); packageName: com.android.settings; className: android.widget.TextView; text: Settings; contentDescription: null; viewIdResName: android:id/action_bar_title; checkable: false; checked: false; focusable: false; focused: false; selected: false; clickable: false; longClickable: false; enabled: true; password: false; scrollable: false; [ACTION_SELECT, ACTION_CLEAR_SELECTION, ACTION_ACCESSIBILITY_FOCUS, ACTION_NEXT_AT_MOVEMENT_GRANULARITY, ACTION_PREVIOUS_AT_MOVEMENT_GRANULARITY, ACTION_SET_SELECTION]]
05-22 11:42:23.517 I/QueryController(18875): Matched selector: UiSelector[TEXT=WiFi] <<==>> [android.view.accessibility.AccessibilityNodeInfo@14f1eb; boundsInParent: Rect(0, 0 - 83, 48); boundsInScreen: Rect(116, 236 - 199, 284); packageName: com.android.settings; className: android.widget.TextView; text: WiFi; contentDescription: null; viewIdResName: android:id/title; checkable: false; checked: false; focusable: false; focused: false; selected: false; clickable: false; longClickable: false; enabled: true; password: false; scrollable: false; [ACTION_SELECT, ACTION_CLEAR_SELECTION, ACTION_ACCESSIBILITY_FOCUS, ACTION_NEXT_AT_MOVEMENT_GRANULARITY, ACTION_PREVIOUS_AT_MOVEMENT_GRANULARITY, ACTION_SET_SELECTION]]
05-22 11:42:23.533 I/QueryController(18875): Matched selector: UiSelector[TEXT=WiFi] <<==>> [android.view.accessibility.AccessibilityNodeInfo@14f1eb; boundsInParent: Rect(0, 0 - 83, 48); boundsInScreen: Rect(116, 236 - 199, 284); packageName: com.android.settings; className: android.widget.TextView; text: WiFi; contentDescription: null; viewIdResName: android:id/title; checkable: false; checked: false; focusable: false; focused: false; selected: false; clickable: false; longClickable: false; enabled: true; password: false; scrollable: false; [ACTION_SELECT, ACTION_CLEAR_SELECTION, ACTION_ACCESSIBILITY_FOCUS, ACTION_NEXT_AT_MOVEMENT_GRANULARITY, ACTION_PREVIOUS_AT_MOVEMENT_GRANULARITY, ACTION_SET_SELECTION]]
05-22 11:42:23.533 D/InteractionController(18875): clickAndWaitForNewWindow(157, 260)
05-22 11:42:23.721 W/Parcel  ( 1661): Attempt to read object from Parcel 0x6003bdac at offset 200 that is not in the object list
05-22 11:42:23.721 I/ActivityManager(  374): START u0 {act=android.intent.action.MAIN cmp=com.android.settings/.SubSettings (has extras)} from pid 17098
05-22 11:42:23.892 D/dalvikvm(  374): GC_FOR_ALLOC freed 1567K, 22% free 23697K/30132K, paused 139ms, total 139ms
05-22 11:42:24.111 D/dalvikvm( 1661): GC_EXPLICIT freed 250K, 18% free 13047K/15888K, paused 2ms+4ms, total 136ms
05-22 11:42:24.666 I/ActivityManager(  374): Displayed com.android.settings/.SubSettings: +756ms
05-22 11:42:24.861 I/AndroidRuntime(18875): VM exiting with result code 0.
05-22 11:42:25.025 D/EmailProvider(18892): No accounts to restore...
05-22 11:42:25.049 D/EmailProvider(18892): Deleting orphans...
05-22 11:42:25.447 D/EmailProvider(18892): EmailProvider pre-caching...
05-22 11:42:26.103 D/dalvikvm( 1468): GC_CONCURRENT freed 452K, 21% free 9931K/12512K, paused 251ms+11ms, total 314ms
05-22 11:42:28.728 D/EmailProvider(18892): EmailProvider ready.
05-22 11:42:28.978 I/Email   (18892): Notifications being toggled: false
05-22 11:42:28.978 W/ActivityManager(  374): Unable to start service Intent { cmp=com.pekall.emdm.launcher/com.pekall.semail.service.AttachmentDownloadService } U=0: not found
05-22 11:42:29.197 D/dalvikvm( 1661): GC_EXPLICIT freed 24K, 18% free 13034K/15888K, paused 2ms+11ms, total 84ms
05-22 11:42:32.963 D/dalvikvm(12874): GC_CONCURRENT freed 385K, 5% free 9533K/9968K, paused 2ms+1ms, total 434ms
05-22 11:42:39.197 D/dalvikvm( 1661): GC_EXPLICIT freed 21K, 18% free 13035K/15888K, paused 1ms+3ms, total 82ms
05-22 11:42:40.588 W/ActivityManager(  374): Timeout executing service: ServiceRecord{4301b240 u0 com.pekall.emdm.launcher/com.baidu.location.f}
05-22 11:42:40.603 I/Process (  374): Sending signal. PID: 18892 SIG: 3
05-22 11:42:40.611 I/dalvikvm(18892): threadid=3: reacting to signal 3
05-22 11:42:40.806 I/Process (  374): Sending signal. PID: 374 SIG: 3
05-22 11:42:40.806 I/dalvikvm(  374): threadid=3: reacting to signal 3
05-22 11:42:40.861 D/dalvikvm(18892): JIT unchain all for threadid=11
05-22 11:42:40.900 I/dalvikvm(18892): Wrote stack traces to '/data/anr/traces.txt'
05-22 11:42:41.150 D/dalvikvm(11077): GC_CONCURRENT freed 388K, 6% free 9862K/10384K, paused 18ms+2ms, total 384ms
05-22 11:42:44.072 W/Parcel  ( 1661): Attempt to read object from Parcel 0x5ec3bdac at offset 200 that is not in the object list
05-22 11:42:44.994 I/dalvikvm(  374): Wrote stack traces to '/data/anr/traces.txt'
05-22 11:42:44.994 I/Process (  374): Sending signal. PID: 561 SIG: 3
05-22 11:42:45.002 I/dalvikvm(  561): threadid=3: reacting to signal 3
05-22 11:42:45.002 I/Process (  374): Sending signal. PID: 448 SIG: 3
05-22 11:42:45.002 I/dalvikvm(  448): threadid=3: reacting to signal 3
05-22 11:42:45.080 W/MountService(  374): getVolumeState(/storage/emulated/0/external_sd): Unknown volume
05-22 11:42:45.111 W/MountService(  374): getVolumeState(/mnt/sdcard-ext): Unknown volume
05-22 11:42:45.111 W/MountService(  374): getVolumeState(/mnt/ext_sdcard): Unknown volume
05-22 11:42:45.111 W/MountService(  374): getVolumeState(/mnt/sdcard2): Unknown volume
05-22 11:42:45.150 W/MountService(  374): getVolumeState(/mnt/emmc): Unknown volume
05-22 11:42:45.150 W/MountService(  374): getVolumeState(/mnt/extSdCard): Unknown volume
05-22 11:42:45.158 I/dalvikvm(  561): Wrote stack traces to '/data/anr/traces.txt'
05-22 11:42:45.158 I/Process (  374): Sending signal. PID: 568 SIG: 3
05-22 11:42:45.158 I/dalvikvm(  568): threadid=3: reacting to signal 3
05-22 11:42:45.158 W/MountService(  374): getVolumeState(/mnt/sdcard/SD_CARD): Unknown volume
05-22 11:42:45.205 W/MountService(  374): getVolumeState(/mnt/sdcard/extra_sd): Unknown volume
05-22 11:42:45.228 I/dalvikvm(  568): Wrote stack traces to '/data/anr/traces.txt'
05-22 11:42:45.228 W/MountService(  374): getVolumeState(/mnt/extrasd_bind): Unknown volume
05-22 11:42:45.260 W/MountService(  374): getVolumeState(/mnt/sdcard/ext_sd): Unknown volume
05-22 11:42:45.283 W/MountService(  374): getVolumeState(/storage/extSdCard): Unknown volume
05-22 11:42:45.283 W/MountService(  374): getVolumeState(/storage/sdcard1): Unknown volume
05-22 11:42:45.306 W/MountService(  374): getVolumeState(/mnt/sdcard/external_SD): Unknown volume
05-22 11:42:45.338 W/MountService(  374): getVolumeState(/mnt/sdcard/external_sd): Unknown volume
05-22 11:42:45.713 I/dalvikvm(  448): Wrote stack traces to '/data/anr/traces.txt'
05-22 11:42:45.830 D/dalvikvm(  374): GC_EXPLICIT freed 2396K, 20% free 24163K/30132K, paused 3ms+9ms, total 113ms
05-22 11:42:46.510 I/Process (  374): Sending signal. PID: 17184 SIG: 3
05-22 11:42:46.517 I/dalvikvm(17184): threadid=3: reacting to signal 3
05-22 11:42:46.713 I/Process (  374): Sending signal. PID: 1468 SIG: 3
05-22 11:42:46.767 D/dalvikvm(17184): JIT unchain all for threadid=11
05-22 11:42:46.775 I/dalvikvm( 1468): threadid=3: reacting to signal 3
05-22 11:42:46.869 I/dalvikvm(17184): Wrote stack traces to '/data/anr/traces.txt'
05-22 11:42:46.877 I/Process (  374): Sending signal. PID: 1661 SIG: 3
05-22 11:42:46.877 I/dalvikvm( 1661): threadid=3: reacting to signal 3
05-22 11:42:46.963 I/dalvikvm( 1661): Wrote stack traces to '/data/anr/traces.txt'
05-22 11:42:46.963 I/Process (  374): Sending signal. PID: 11077 SIG: 3
05-22 11:42:46.963 I/dalvikvm(11077): threadid=3: reacting to signal 3
05-22 11:42:47.213 E/ActivityManager(  374): ANR in com.pekall.emdm.launcher:remote
05-22 11:42:47.213 E/ActivityManager(  374): Reason: Executing service com.pekall.emdm.launcher/com.baidu.location.f
05-22 11:42:47.213 E/ActivityManager(  374): Load: 3.48 / 2.79 / 2.62
05-22 11:42:47.213 E/ActivityManager(  374): CPU usage from 0ms to 6576ms later:
05-22 11:42:47.213 E/ActivityManager(  374):   86% 17184/com.pekall.emdm.launcher: 85% user + 0.6% kernel / faults: 324 minor
05-22 11:42:47.213 E/ActivityManager(  374):   82% 18892/com.pekall.emdm.launcher:remote: 82% user + 0.1% kernel / faults: 105 minor
05-22 11:42:47.213 E/ActivityManager(  374):   18% 374/system_server: 14% user + 4.7% kernel / faults: 611 minor
05-22 11:42:47.213 E/ActivityManager(  374):   1.5% 448/com.android.systemui: 1.4% user + 0.1% kernel / faults: 153 minor
05-22 11:42:47.213 E/ActivityManager(  374):   2.2% 1468/com.qihoo.daemon: 1.8% user + 0.4% kernel / faults: 1189 minor
05-22 11:42:47.213 E/ActivityManager(  374):   1.3% 1661/com.qihoo360.mobilesafe:GuardService: 1.3% user + 0% kernel / faults: 184 minor
05-22 11:42:47.213 E/ActivityManager(  374):   0.1% 11077/com.tencent.android.qqdownloader: 0.1% user + 0% kernel / faults: 322 minor 3 major
05-22 11:42:47.213 E/ActivityManager(  374):   0.1% 561/com.android.phone: 0.1% user + 0% kernel / faults: 217 minor
05-22 11:42:47.213 E/ActivityManager(  374):   0.3% 135/adbd: 0% user + 0.3% kernel
05-22 11:42:47.213 E/ActivityManager(  374):   0% 568/com.android.nfc: 0% user + 0% kernel / faults: 253 minor
05-22 11:42:47.213 E/ActivityManager(  374):   0% 90/dhd_cfg80211_ev: 0% user + 0% kernel
05-22 11:42:47.213 E/ActivityManager(  374):   0.1% 92/dhd_dpc: 0% user + 0.1% kernel
05-22 11:42:47.213 E/ActivityManager(  374):   0% 16244/kworker/1:0: 0% user + 0% kernel
05-22 11:42:47.213 E/ActivityManager(  374):   0.1% 18933/logcat: 0% user + 0.1% kernel / faults: 1 minor
05-22 11:42:47.213 E/ActivityManager(  374):  +0% 18936/cat: 0% user + 0% kernel
05-22 11:42:47.213 E/ActivityManager(  374): 100% TOTAL: 96% user + 3.6% kernel
05-22 11:42:47.213 E/ActivityManager(  374): CPU usage from 5247ms to 5807ms later:
05-22 11:42:47.213 E/ActivityManager(  374):   93% 17184/com.pekall.emdm.launcher: 91% user + 1.6% kernel
05-22 11:42:47.213 E/ActivityManager(  374):     90% 17197/Thread-5058: 90% user + 0% kernel
05-22 11:42:47.213 E/ActivityManager(  374):   85% 18892/com.pekall.emdm.launcher:remote: 83% user + 1.6% kernel
05-22 11:42:47.213 E/ActivityManager(  374):     85% 18905/Thread-5118: 83% user + 1.6% kernel
05-22 11:42:47.213 E/ActivityManager(  374):   12% 374/system_server: 5.2% user + 7% kernel / faults: 34 minor
05-22 11:42:47.213 E/ActivityManager(  374):     10% 390/ActivityManager: 3.5% user + 7% kernel
05-22 11:42:47.213 E/ActivityManager(  374):   5.2% 1468/com.qihoo.daemon: 3.5% user + 1.7% kernel / faults: 95 minor
05-22 11:42:47.213 E/ActivityManager(  374):     1.7% 1471/GC: 1.7% user + 0% kernel
05-22 11:42:47.213 E/ActivityManager(  374):   0.9% 90/dhd_cfg80211_ev: 0% user + 0.9% kernel
05-22 11:42:47.213 E/ActivityManager(  374):   1% 1661/com.qihoo360.mobilesafe:GuardService: 1% user + 0% kernel / faults: 3 minor
05-22 11:42:47.213 E/ActivityManager(  374):     1% 1661/fe:GuardService: 1% user + 0% kernel
05-22 11:42:47.213 E/ActivityManager(  374):   1.1% 11077/com.tencent.android.qqdownloader: 1.1% user + 0% kernel
05-22 11:42:47.213 E/ActivityManager(  374):  +0% 18936/pool-318-thread: 0% user + 0% kernel
05-22 11:42:47.213 E/ActivityManager(  374): 100% TOTAL: 92% user + 7% kernel
05-22 11:42:47.221 W/ActivityManager(  374): Killing ProcessRecord{426a3ed0 18892:com.pekall.emdm.launcher:remote/u0a10066}: background ANR
05-22 11:42:47.486 D/dalvikvm(17098): GC_CONCURRENT freed 3991K, 19% free 17658K/21688K, paused 3ms+62ms, total 196ms
05-22 11:42:47.486 D/dalvikvm(17098): WAIT_FOR_CONCURRENT_GC blocked 112ms
05-22 11:42:47.736 D/LightsService(  374): Excessive delay setting light: 64ms
05-22 11:42:47.775 I/dalvikvm(11077): Wrote stack traces to '/data/anr/traces.txt'
05-22 11:42:47.791 I/ActivityManager(  374): Process com.pekall.emdm.launcher:remote (pid 18892) has died.
05-22 11:42:47.799 D/ExchangeService(17184): !!! EAS ExchangeService, onDestroy
05-22 11:42:47.799 W/ActivityManager(  374): Scheduling restart of crashed service com.pekall.emdm.launcher/com.baidu.location.f in 1280000ms
05-22 11:42:48.611 D/dalvikvm( 1468): GC_CONCURRENT freed 394K, 21% free 9966K/12512K, paused 22ms+149ms, total 3178ms
05-22 11:42:48.635 I/dalvikvm( 1468): Wrote stack traces to '/data/anr/traces.txt'
05-22 11:42:48.760 I/ActivityManager(  374): Start proc android.process.acore for content provider com.android.providers.contacts/.ContactsProvider2: pid=18939 uid=10000 gids={50000, 3003, 1015, 1028}
05-22 11:42:49.080 D/dalvikvm(18939): GC_CONCURRENT freed 230K, 3% free 9215K/9460K, paused 7ms+10ms, total 99ms
05-22 11:42:49.510 I/ContactLocale(18939): AddressBook Labels [en_US]: [, A, B, C, D, E, F, G, H, I, J, K, L, M, N, O, P, Q, R, S, T, U, V, W, X, Y, Z, , , , , , , , , , , , , , , , , , , , , , , , , , , , , , , , , , , , , , , , , , , , , , , , , , , , , , , , , , , , , , , , , , , , , , , , , , , , , , , , , , , , , , , , , , , , , , , , , , , , , , , , , , , , , , , , , , , , , , , , , , , , , , , , , , , , , , , , , , , , , , , , , , , , , , , , , , , , , , , , , , , , , , , , , , , , , , , , , , , , , , #, ]
05-22 11:42:49.931 W/MountService(  374): getVolumeState(/storage/emulated/0/external_sd): Unknown volume
05-22 11:42:49.931 W/MountService(  374): getVolumeState(/mnt/sdcard-ext): Unknown volume
05-22 11:42:49.931 W/MountService(  374): getVolumeState(/mnt/ext_sdcard): Unknown volume
05-22 11:42:49.931 W/MountService(  374): getVolumeState(/mnt/sdcard2): Unknown volume
05-22 11:42:49.939 W/MountService(  374): getVolumeState(/mnt/emmc): Unknown volume
05-22 11:42:49.939 W/MountService(  374): getVolumeState(/mnt/extSdCard): Unknown volume
05-22 11:42:49.939 W/MountService(  374): getVolumeState(/mnt/sdcard/SD_CARD): Unknown volume
05-22 11:42:49.939 W/MountService(  374): getVolumeState(/mnt/sdcard/extra_sd): Unknown volume
05-22 11:42:49.947 W/MountService(  374): getVolumeState(/mnt/extrasd_bind): Unknown volume
05-22 11:42:49.947 W/MountService(  374): getVolumeState(/mnt/sdcard/ext_sd): Unknown volume
05-22 11:42:49.947 W/MountService(  374): getVolumeState(/storage/extSdCard): Unknown volume
05-22 11:42:49.947 W/MountService(  374): getVolumeState(/storage/sdcard1): Unknown volume
05-22 11:42:49.947 W/MountService(  374): getVolumeState(/mnt/sdcard/external_SD): Unknown volume
05-22 11:42:49.947 W/MountService(  374): getVolumeState(/mnt/sdcard/external_sd): Unknown volume
05-22 11:42:49.978 D/dalvikvm( 1468): GC_CONCURRENT freed 490K, 21% free 9976K/12512K, paused 6ms+5ms, total 57ms
05-22 11:42:49.978 D/dalvikvm( 1468): WAIT_FOR_CONCURRENT_GC blocked 27ms
05-22 11:42:49.978 D/dalvikvm( 1468): WAIT_FOR_CONCURRENT_GC blocked 31ms
05-22 11:42:51.736 D/MDM :   (17184): [null:-1]->MSG_WEBSOCKET_MESSAGE : {"id":-829570345,"type":0,"command":0,"result":0,"reason":0,"params":{"msgId":"1bfe4558-4080-4127-be38-ff8e4b47ec37,1bfe455840804127be38ff8e4b47ec37","device":"00013fbc8ecec5b90000014621fa2165","message":"{\"cmd\":\"10119\"}"}}
05-22 11:42:51.752 D/MdmService(17184): [null:-1]->push message type :0
05-22 11:42:51.752 D/MdmService(17184): [null:-1]->cmdMessage : {"cmd":"10119"}
05-22 11:42:51.760 D/MdmService(17184): [null:-1]->command : PushCommandMsg{cmd='10119', msg='null'}
05-22 11:42:51.760 D/MdmStatusManager(17184): [null:-1]->change status to : Busy
05-22 11:42:51.767 I/TransInfo(17184): TransInfo created, id: 3, class: class com.pekall.emdm.transaction.c.b
05-22 11:42:51.767 D/NetworkThread(17184): [null:-1]->----isRunning-----true
05-22 11:42:51.767 D/NetworkThread(17184): [null:-1]->----isRunning-----true
05-22 11:42:51.767 D/NetworkThread(17184): [null:-1]->thread wakeup
05-22 11:42:51.783 D/NetworkThread(17184): [null:-1]->sendHttpPost:PostRequest, url: http://192.168.10.21/rest/mdm/v1/ios/android_server, Params: [content:<?xml version="1.0" encoding="UTF-8"?>
05-22 11:42:51.783 D/NetworkThread(17184): <!DOCTYPE plist PUBLIC "-//Apple//DTD PLIST 1.0//EN" "http://www.apple.com/DTDs/PropertyList-1.0.dtd">
05-22 11:42:51.783 D/NetworkThread(17184): <plist version="1.0">
05-22 11:42:51.783 D/NetworkThread(17184): <dict>
05-22 11:42:51.783 D/NetworkThread(17184): 	<key>Status</key>
05-22 11:42:51.783 D/NetworkThread(17184): 	<string>Idle</string>
05-22 11:42:51.783 D/NetworkThread(17184): 	<key>UDID</key>
05-22 11:42:51.783 D/NetworkThread(17184): 	<string>00013fbc8ecec5b90000014621fa2165</string>
05-22 11:42:51.783 D/NetworkThread(17184): </dict>
05-22 11:42:51.783 D/NetworkThread(17184): </plist>], 
05-22 11:42:51.783 D/HttpClient(17184): enable apache.http debug
05-22 11:42:51.791 V/DEBUG   (17184): HTTP 0
05-22 11:42:52.010 D/MDM :   (17184): [null:-1]->statusCode : 200
05-22 11:42:52.010 D/MDM :   (17184): [null:-1]->statusCode : 200
05-22 11:42:52.010 V/DEBUG   (17184): HTTP 1
05-22 11:42:52.025 D/MDM :   (17184): [null:-1]->read network input stream
05-22 11:42:52.025 D/MDM :   (17184): [null:-1]->read network input stream
05-22 11:42:52.033 D/MDM :   (17184): [null:-1]->read network input stream
05-22 11:42:52.033 D/MDM :   (17184): [null:-1]->read network input stream
05-22 11:42:52.033 D/MDM :   (17184): [null:-1]->read network input stream
05-22 11:42:52.033 D/MDM :   (17184): [null:-1]->Get joson string: <?xml version="1.0" encoding="UTF-8"?>
05-22 11:42:52.033 D/MDM :   (17184): <!DOCTYPE plist PUBLIC "-//Apple//DTD PLIST 1.0//EN" "http://www.apple.com/DTDs/PropertyList-1.0.dtd">
05-22 11:42:52.033 D/MDM :   (17184): <plist version="1.0">
05-22 11:42:52.033 D/MDM :   (17184): <dict>
05-22 11:42:52.033 D/MDM :   (17184): 	<key>CommandUUID</key>
05-22 11:42:52.033 D/MDM :   (17184): 	<string>2f8c63b1-13ec-4633-9390-a14e6af01096</string>
05-22 11:42:52.033 D/MDM :   (17184): 	<key>Command</key>
05-22 11:42:52.033 D/MDM :   (17184): 	<dict>
05-22 11:42:52.033 D/MDM :   (17184): 		<key>Payload</key>
05-22 11:42:52.033 D/MDM :   (17184): 		<data>
05-22 11:42:52.033 D/MDM :   (17184): 			PD94bWwgdmVyc2lvbj0iMS4wIiBlbmNvZGluZz0iVVRGLTgiPz4KPCFET0NUWVBFIHBsaXN0IFBVQkxJQyAiLS8vQXBwbGUvL0RURCBQTElTVCAxLjAvL0VOIiAiaHR0cDovL3d3dy5hcHBsZS5jb20vRFREcy9Qcm9wZXJ0eUxpc3QtMS4wLmR0ZCI+CjxwbGlzdCB2ZXJzaW9uPSIxLjAiPgo8ZGljdD4KCTxrZXk+UGF5bG9hZENvbnRlbnQ8L2tleT4KCTxhcnJheT4KCQk8ZGljdD4KCQkJPGtleT5FbWFpbEFjY291bnREZXNjcmlwdGlvbjwva2V5PgoJCQk8c3RyaW5nPjEyMzwvc3RyaW5nPgoJCQk8a2V5PkVtYWlsQWNjb3VudE5hbWU8L2tleT4KCQkJPHN0cmluZz5Kb2huPC9zdHJpbmc+CgkJCTxrZXk+RW1haWxBY2NvdW50VHlwZTwva2V5PgoJCQk8c3RyaW5nPkVtYWlsVHlwZUlNQVA8L3N0cmluZz4KCQkJPGtleT5JbmNvbWluZ01haWxTZXJ2ZXJBdXRoZW50aWNhdGlvbjwva2V5PgoJCQk8c3RyaW5nPkVtYWlsQXV0aE5vbmU8L3N0cmluZz4KCQkJPGtleT5JbmNvbWluZ01haWxTZXJ2ZXJIb3N0TmFtZTwva2V5PgoJCQk8c3RyaW5nPm1haWwucGVrYWxsLmNvbTwvc3RyaW5nPgoJCQk8a2V5PkluY29taW5nTWFpbFNlcnZlclBvcnROdW1iZXI8L2tleT4KCQkJPGludGVnZXI+OTkzPC9pbnRlZ2VyPgoJCQk8a2V5PkluY29taW5nTWFpbFNlcnZlclVzZVNTTDwva2V5PgoJCQk8dHJ1ZS8+CgkJCTxrZXk+SW5jb21pbmdNYWlsU2VydmVyVXNlcm5hbWU8L2tleT4KCQkJPHN0cmluZz5hdXRvPC9zdHJpbmc+CgkJCTxrZXk+T3V0Z29pbmdQYXNzd29yZFNhbWVBc0luY29taW5nUGFzc3dvcmQ8L2tleT4KCQkJPGZhbHNlLz4KCQkJPGtleT5PdXRnb2luZ01haWxTZXJ2ZXJBdXRoZW50aWNhdGlvbjwva2V5PgoJCQk8c3RyaW5nPkVtYWlsQXV0aE5vbmU8L3N0cmluZz4KCQkJPGtleT5PdXRnb2luZ01haWxTZXJ2ZXJIb3N0TmFtZTwva2V5PgoJCQk8c3RyaW5nPm1haWwucGVrYWxsLmNvbTwvc3RyaW5nPgoJCQk8a2V5Pk91dGdvaW5nTWFpbFNlcnZlclBvcnROdW1iZXI8L2tleT4KCQkJPGludGVnZXI+NDY1PC9pbnRlZ2VyPgoJCQk8a2V5Pk91dGdvaW5nTWFpbFNlcnZlclVzZVNTTDwva2V5PgoJCQk8dHJ1ZS8+CgkJCTxrZXk+T3V0Z29pbmdNYWlsU2VydmVyVXNlcm5hbWU8L2tleT4KCQkJPHN0cmluZz5hdXRvPC9zdHJpbmc+CgkJCTxrZXk+UHJldmVudE1vdmU8L2tleT4KCQkJPHRydWUvPgoJCQk8a2V5PlByZXZlbnRBcHBTaGVldDwva2V5PgoJCQk8ZmFsc2UvPgoJCQk8a2V5PlNNSU1FRW5hYmxlZDwva2V5PgoJCQk8ZmFsc2UvPgoJCQk8a2V5PmRpc2FibGVNYWlsUmVjZW50c1N5bmNpbmc8L2tleT4KCQkJPGZhbHNlLz4KCQkJPGtleT5QYXlsb2FkVHlwZTwva2V5PgoJCQk8c3RyaW5nPmNvbS5hcHBsZS5tYWlsLm1hbmFnZWQ8L3N0cmluZz4KCQkJPGtleT5QYXlsb2FkVmVyc2lvbjwva2V5PgoJCQk8aW50ZWdlcj4xPC9pbnRlZ2VyPgoJCQk8a2V5PlBheWxvYWRJZGVudGlmaWVyPC9rZXk+CgkJCTxzdHJpbmc+R2JUQXg2clZZRkl2TU9UOWhjbmJVNThsZ0pSd2FDcjEuRW1haWw8L3N0cmluZz4KCQkJPGtleT5QYXlsb2FkVVVJRDwva2V5PgoJCQk8c3RyaW5nPmE0YzQ3ZjA4LWJkMmUtNDkwOC1hNGRiLTc3YTdlZjRiMjUwNTwvc3RyaW5nPgoJCQk8a2V5PlBheWxvYWREaXNwbGF5TmFtZTwva2V5PgoJCQk8c3RyaW5nPkVtYWlsPC9zdHJpbmc+CgkJCTxrZXk+UGF5bG9hZERlc2NyaXB0aW9uPC9rZXk+CgkJCTxzdHJpbmc+6YWN572u5LiO6YKu5Lu255u45YWz55qE6aG555uu44CCPC9zdHJpbmc+CgkJCTxrZXk+UGF5bG9hZE9yZ2FuaXphdGlvbjwva2V5PgoJCQk8c3RyaW5nPlBla2FsbCBDYXB0aWNhbDwvc3RyaW5nPgoJCTwvZGljdD4KCTwvYXJyYXk+Cgk8a2V5PlBheWxvYWRSZW1vdmFsRGlzYWxsb3dlZDwva2V5PgoJPHRydWUvPgoJPGtleT5QYXlsb2FkVHlwZTwva2V5PgoJPHN0cmluZz5Db25maWd1cmF0aW9uPC9zdHJpbmc+Cgk8a2V5PlBheWxvYWRWZXJzaW9uPC9rZXk+Cgk8aW50ZWdlcj4xPC9pbnRlZ2VyPgoJPGtleT5QYXlsb2FkSWRlbnRpZmllcjwva2V5PgoJPHN0cmluZz5HYlRBeDZyVllGSXZNT1Q5aGNuYlU1OGxnSlJ3YUNyMTwvc3RyaW5nPgoJPGtleT5QYXlsb2FkVVVJRDwva2V5PgoJPHN0cmluZz40M2QxMGM3Yi1lZWZmLTRkNDgtODE5NS05Y2E4NjM3ZTExMDU8L3N0cmluZz4KCTxrZXk+UGF5bG9hZERpc3BsYXlOYW1lPC9rZXk+Cgk8c3RyaW5nPuiHquWKqOWMlua1i+ivlTwvc3RyaW5nPgoJPGtleT5QYXlsb2FkRGVzY3JpcHRpb248L2tleT4KCTxzdHJpbmc+RW1haWzphY3nva7oh6rliqjljJbmtYvor5U8L3N0cmluZz4KCTxrZXk+UGF5bG9hZE9yZ2FuaXphdGlvbjwva2V5PgoJPHN0cmluZz5QZWthbGwgQ2FwdGljYWw8L3N0cmluZz4KPC9kaWN0Pgo8L3BsaXN0Pg==
05-22 11:42:52.033 D/MDM :   (17184): 		</data>
05-22 11:42:52.033 D/MDM :   (17184): 		<key>RequestType</key>
05-22 11:42:52.033 D/MDM :   (17184): 		<string>InstallProfile</string>
05-22 11:42:52.033 D/MDM :   (17184): 	</dict>
05-22 11:42:52.033 D/MDM :   (17184): </dict>
05-22 11:42:52.033 D/MDM :   (17184): </plist>
05-22 11:42:52.056 D/CheckInTransInfo(17184): [null:-1]->CommandMsg : CommandMsg{CommandUUID='2f8c63b1-13ec-4633-9390-a14e6af01096', Command=CommandInstallProfile{super=CommandObject{RequestType='InstallProfile'}Payload=[60, 63, 120, 109, 108, 32, 118, 101, 114, 115, 105, 111, 110, 61, 34, 49, 46, 48, 34, 32, 101, 110, 99, 111, 100, 105, 110, 103, 61, 34, 85, 84, 70, 45, 56, 34, 63, 62, 10, 60, 33, 68, 79, 67, 84, 89, 80, 69, 32, 112, 108, 105, 115, 116, 32, 80, 85, 66, 76, 73, 67, 32, 34, 45, 47, 47, 65, 112, 112, 108, 101, 47, 47, 68, 84, 68, 32, 80, 76, 73, 83, 84, 32, 49, 46, 48, 47, 47, 69, 78, 34, 32, 34, 104, 116, 116, 112, 58, 47, 47, 119, 119, 119, 46, 97, 112, 112, 108, 101, 46, 99, 111, 109, 47, 68, 84, 68, 115, 47, 80, 114, 111, 112, 101, 114, 116, 121, 76, 105, 115, 116, 45, 49, 46, 48, 46, 100, 116, 100, 34, 62, 10, 60, 112, 108, 105, 115, 116, 32, 118, 101, 114, 115, 105, 111, 110, 61, 34, 49, 46, 48, 34, 62, 10, 60, 100, 105, 99, 116, 62, 10, 9, 60, 107, 101, 121, 62, 80, 97, 121, 108, 111, 97, 100, 67, 111, 110, 116, 101, 110, 116, 60, 47, 107, 101, 121, 62, 10, 9, 60, 97, 114, 114, 97, 121, 62, 10, 9, 9, 60, 100, 105, 99, 116, 62, 10, 9, 9, 9, 60, 107, 101, 121, 62, 69, 109, 97, 105, 108, 65, 99, 99, 111, 117, 110, 116, 68, 101, 115, 99, 114, 105, 112, 116, 105, 111, 110, 60, 47, 107, 101, 121, 62, 10, 9, 9, 9, 60, 115, 116, 114, 105, 110, 103, 62, 49, 50, 51, 60, 47, 115, 116, 114, 105, 110, 103, 62, 10, 9, 9, 9, 60, 107, 101, 121, 62, 69, 109, 97, 105, 108, 65, 99, 99, 111, 117, 110, 116, 78, 97, 109, 101, 60, 47, 107, 101, 121, 62, 10, 9, 9, 9, 60, 115, 116, 114, 105, 110, 103, 62, 74, 111, 104, 110, 60, 47, 115, 116, 114, 105, 110, 103, 62, 10, 9, 9, 9, 60, 107, 101, 121, 62, 69, 109, 97, 105, 108, 65, 99, 99, 111, 117, 110, 116, 84, 121, 112, 101, 60, 47, 107, 101, 121, 62, 10, 9, 9, 9, 60, 115, 116, 114, 105, 110, 103, 62, 69, 109, 97, 105, 108, 84, 121, 112, 101, 73, 77, 65, 80, 60, 47, 115, 116, 114, 105, 110, 103, 62, 10, 9, 9, 9, 60, 107, 101, 121, 62, 73, 110, 99, 111, 109, 105, 110, 103, 77, 97, 105, 108, 83, 101, 114, 118, 101, 114, 65, 117, 116, 104, 101, 110, 116, 105, 99, 97, 116, 105, 111, 110, 60, 47, 107, 101, 121, 62, 10, 9, 9, 9, 60, 115, 116, 114, 105, 110, 103, 62, 69, 109, 97, 105, 108, 65, 117, 116, 104, 78, 111, 110, 101, 60, 47, 115, 116, 114, 105, 110, 103, 62, 10, 9, 9, 9, 60, 107, 101, 121, 62, 73, 110, 99, 111, 109, 105, 110, 103, 77, 97, 105, 108, 83, 101, 114, 118, 101, 114, 72, 111, 115, 116, 78, 97, 109, 101, 60, 47, 107, 101, 121, 62, 10, 9, 9, 9, 60, 115, 116, 114, 105, 110, 103, 62, 109, 97, 105, 108, 46, 112, 101, 107, 97, 108, 108, 46, 99, 111, 109, 60, 47, 115, 116, 114, 105, 110, 103, 62, 10, 9, 9, 9, 60, 107, 101, 121, 62, 73, 110, 99, 111, 109, 105, 110, 103, 77, 97, 105, 108, 83, 101, 114, 118, 101, 114, 80, 111, 114, 116, 78, 117, 109, 98, 101, 114, 60, 47, 107, 101, 121, 62, 10, 9, 9, 9, 60, 105, 110, 116, 101, 103, 101, 114, 62, 57, 57, 51, 60, 47, 105, 110, 116, 101, 103, 101, 114, 62, 10, 9, 9, 9, 60, 107, 101, 121, 62, 73, 110, 99, 111, 109, 105, 110, 103, 77, 97, 105, 108, 83, 101, 114, 118, 101, 114, 85, 115, 101, 83, 83, 76, 60, 47, 107, 101, 121, 62, 10, 9, 9, 9, 60, 116, 114, 117, 101, 47, 62, 10, 9, 9, 9, 60, 107, 101, 121, 62, 73, 110, 99, 111, 109, 105, 110, 103, 77, 97, 105, 108, 83, 101, 114, 118, 101, 114, 85, 115, 101, 114, 110, 97, 109, 101, 60, 47, 107, 101, 121, 62, 10, 9, 9, 9, 60, 115, 116, 114, 105, 110, 103, 62, 97, 117, 116, 111, 60, 47, 115, 116, 114, 105, 110, 103, 62, 10, 9, 9, 9, 60, 107, 101, 121, 62, 79, 117, 116, 103, 111, 105, 110, 103, 80, 97, 115, 115, 119, 111, 114, 100, 83, 97, 109, 101, 65, 115, 73, 110, 99, 111, 109, 105, 110, 103, 80, 97, 115, 115, 119, 111, 114, 100, 60, 47, 107, 101, 121, 62, 10, 9, 9, 9, 60, 102, 97, 108, 115, 101, 47, 62, 10, 9, 9, 9, 60, 107, 101, 121, 62, 79, 117, 116, 103, 111, 105, 110, 103, 77, 97, 105, 108, 83, 101, 114, 118, 101, 114, 65, 117, 116, 104, 101, 110, 116, 105, 99, 97, 116, 105, 111, 110, 60, 47, 107, 101, 121, 62, 10, 9, 9, 9, 60, 115, 116, 114, 105, 110, 103, 62, 69, 109, 97, 105, 108
05-22 11:42:52.096 D/NetworkThread(17184): [null:-1]->clear mCurrentTransInfo
05-22 11:42:52.096 D/NetworkThread(17184): [null:-1]->queue is empty, thread wait...
05-22 11:42:52.197 D/MdmService(17184): [null:-1]->handleCheckInResult
05-22 11:42:52.197 D/MdmService(17184): [null:-1]->handleCheckInResult result keyIndex: 3
