05-22 11:37:43.736 W/MountService(  374): getVolumeState(/mnt/extSdCard): Unknown volume
05-22 11:37:43.736 W/MountService(  374): getVolumeState(/mnt/sdcard/SD_CARD): Unknown volume
05-22 11:37:43.736 W/MountService(  374): getVolumeState(/mnt/sdcard/extra_sd): Unknown volume
05-22 11:37:43.736 W/MountService(  374): getVolumeState(/mnt/extrasd_bind): Unknown volume
05-22 11:37:43.736 W/MountService(  374): getVolumeState(/mnt/sdcard/ext_sd): Unknown volume
05-22 11:37:43.744 W/MountService(  374): getVolumeState(/storage/extSdCard): Unknown volume
05-22 11:37:43.744 W/MountService(  374): getVolumeState(/storage/sdcard1): Unknown volume
05-22 11:37:43.744 W/MountService(  374): getVolumeState(/mnt/sdcard/external_SD): Unknown volume
05-22 11:37:43.744 W/MountService(  374): getVolumeState(/mnt/sdcard/external_sd): Unknown volume
05-22 11:38:07.197 W/InputMethodManagerService(  374): Starting input on non-focused client com.android.internal.view.IInputMethodClient$Stub$Proxy@42ded4f8 (uid=1000 pid=17098)
05-22 11:38:12.955 I/ActivityManager(  374): START u0 {act=android.intent.action.MAIN cat=[android.intent.category.LAUNCHER] flg=0x10200000 cmp=com.google.android.gallery3d/com.android.camera.CameraLauncher} from pid 576
05-22 11:38:13.135 I/ActivityManager(  374): Start proc com.google.android.gallery3d for activity com.google.android.gallery3d/com.android.camera.CameraLauncher: pid=18148 uid=10019 gids={50019, 1006, 3003, 1015, 1028}
05-22 11:38:15.564 I/WindowManager(  374): Screenshot Window{42a3e7e0 u0 com.google.android.gallery3d/com.android.camera.CameraLauncher} was all black! mSurfaceLayer=21020 minLayer=21020 maxLayer=21020
05-22 11:38:18.306 W/ActivityManager(  374): Unable to start service Intent { act=com.google.android.gms.analytics.service.START (has extras) } U=0: not found
05-22 11:38:23.306 W/ActivityManager(  374): Unable to start service Intent { act=com.google.android.gms.analytics.service.START (has extras) } U=0: not found
05-22 11:38:23.580 I/ActivityManager(  374): START u0 {act=android.intent.action.MAIN cat=[android.intent.category.LAUNCHER] flg=0x10200000 cmp=com.google.android.gallery3d/com.android.camera.CameraLauncher} from pid 576
05-22 11:38:25.517 I/WindowManager(  374): Screenshot Window{42f15040 u0 com.google.android.gallery3d/com.android.camera.CameraLauncher} was all black! mSurfaceLayer=21020 minLayer=21020 maxLayer=21020
05-22 11:38:33.158 I/ActivityManager(  374): START u0 {act=android.intent.action.MAIN cat=[android.intent.category.LAUNCHER] flg=0x10200000 cmp=com.google.android.gallery3d/com.android.camera.CameraLauncher} from pid 576
05-22 11:38:34.947 I/WindowManager(  374): Screenshot Window{43019140 u0 com.google.android.gallery3d/com.android.camera.CameraLauncher} was all black! mSurfaceLayer=21020 minLayer=21020 maxLayer=21020
05-22 11:38:42.963 I/ActivityManager(  374): START u0 {act=android.intent.action.MAIN cat=[android.intent.category.LAUNCHER] flg=0x10200000 cmp=com.google.android.gallery3d/com.android.camera.CameraLauncher} from pid 576
05-22 11:38:43.681 W/MountService(  374): getVolumeState(/storage/emulated/0/external_sd): Unknown volume
05-22 11:38:43.681 W/MountService(  374): getVolumeState(/mnt/sdcard-ext): Unknown volume
05-22 11:38:43.681 W/MountService(  374): getVolumeState(/mnt/ext_sdcard): Unknown volume
05-22 11:38:43.697 W/MountService(  374): getVolumeState(/mnt/sdcard2): Unknown volume
05-22 11:38:43.697 W/MountService(  374): getVolumeState(/mnt/emmc): Unknown volume
05-22 11:38:43.697 W/MountService(  374): getVolumeState(/mnt/extSdCard): Unknown volume
05-22 11:38:43.705 W/MountService(  374): getVolumeState(/mnt/sdcard/SD_CARD): Unknown volume
05-22 11:38:43.736 W/MountService(  374): getVolumeState(/mnt/sdcard/extra_sd): Unknown volume
05-22 11:38:43.744 W/MountService(  374): getVolumeState(/mnt/extrasd_bind): Unknown volume
05-22 11:38:43.752 W/MountService(  374): getVolumeState(/mnt/sdcard/ext_sd): Unknown volume
05-22 11:38:43.752 W/MountService(  374): getVolumeState(/storage/extSdCard): Unknown volume
05-22 11:38:43.752 W/MountService(  374): getVolumeState(/storage/sdcard1): Unknown volume
05-22 11:38:43.752 W/MountService(  374): getVolumeState(/mnt/sdcard/external_SD): Unknown volume
05-22 11:38:43.752 W/MountService(  374): getVolumeState(/mnt/sdcard/external_sd): Unknown volume
05-22 11:38:44.338 W/MountService(  374): getVolumeState(/storage/emulated/0/external_sd): Unknown volume
05-22 11:38:44.338 W/MountService(  374): getVolumeState(/mnt/sdcard-ext): Unknown volume
05-22 11:38:44.338 W/MountService(  374): getVolumeState(/mnt/ext_sdcard): Unknown volume
05-22 11:38:44.338 W/MountService(  374): getVolumeState(/mnt/sdcard2): Unknown volume
05-22 11:38:44.338 W/MountService(  374): getVolumeState(/mnt/emmc): Unknown volume
05-22 11:38:44.338 W/MountService(  374): getVolumeState(/mnt/extSdCard): Unknown volume
05-22 11:38:44.346 W/MountService(  374): getVolumeState(/mnt/sdcard/SD_CARD): Unknown volume
05-22 11:38:44.346 W/MountService(  374): getVolumeState(/mnt/sdcard/extra_sd): Unknown volume
05-22 11:38:44.346 W/MountService(  374): getVolumeState(/mnt/extrasd_bind): Unknown volume
05-22 11:38:44.346 W/MountService(  374): getVolumeState(/mnt/sdcard/ext_sd): Unknown volume
05-22 11:38:44.346 W/MountService(  374): getVolumeState(/storage/extSdCard): Unknown volume
05-22 11:38:44.346 W/MountService(  374): getVolumeState(/storage/sdcard1): Unknown volume
05-22 11:38:44.346 W/MountService(  374): getVolumeState(/mnt/sdcard/external_SD): Unknown volume
05-22 11:38:44.346 W/MountService(  374): getVolumeState(/mnt/sdcard/external_sd): Unknown volume
05-22 11:38:44.822 I/WindowManager(  374): Screenshot Window{4261deb8 u0 com.google.android.gallery3d/com.android.camera.CameraLauncher} was all black! mSurfaceLayer=21020 minLayer=21020 maxLayer=21020
05-22 11:38:52.838 I/ActivityManager(  374): START u0 {act=android.intent.action.MAIN cat=[android.intent.category.LAUNCHER] flg=0x10200000 cmp=com.google.android.gallery3d/com.android.camera.CameraLauncher} from pid 576
05-22 11:38:54.822 I/WindowManager(  374): Screenshot Window{4296cd50 u0 com.google.android.gallery3d/com.android.camera.CameraLauncher} was all black! mSurfaceLayer=21020 minLayer=21020 maxLayer=21020
05-22 11:39:02.791 I/ActivityManager(  374): START u0 {act=android.intent.action.MAIN cat=[android.intent.category.LAUNCHER] flg=0x10200000 cmp=com.google.android.gallery3d/com.android.camera.CameraLauncher} from pid 576
05-22 11:39:04.658 I/WindowManager(  374): Screenshot Window{42c1fe00 u0 com.google.android.gallery3d/com.android.camera.CameraLauncher} was all black! mSurfaceLayer=21020 minLayer=21020 maxLayer=21020
05-22 11:39:12.674 I/ActivityManager(  374): START u0 {act=android.intent.action.MAIN cat=[android.intent.category.LAUNCHER] flg=0x10200000 cmp=com.google.android.gallery3d/com.android.camera.CameraLauncher} from pid 576
05-22 11:39:14.478 I/WindowManager(  374): Screenshot Window{42fda5d0 u0 com.google.android.gallery3d/com.android.camera.CameraLauncher} was all black! mSurfaceLayer=21020 minLayer=21020 maxLayer=21020
05-22 11:39:22.494 I/ActivityManager(  374): START u0 {act=android.intent.action.MAIN cat=[android.intent.category.LAUNCHER] flg=0x10200000 cmp=com.google.android.gallery3d/com.android.camera.CameraLauncher} from pid 576
05-22 11:39:24.221 I/WindowManager(  374): Screenshot Window{430261a0 u0 com.google.android.gallery3d/com.android.camera.CameraLauncher} was all black! mSurfaceLayer=21020 minLayer=21020 maxLayer=21020
05-22 11:39:32.197 I/ActivityManager(  374): START u0 {act=android.intent.action.MAIN cat=[android.intent.category.LAUNCHER] flg=0x10200000 cmp=com.google.android.gallery3d/com.android.camera.CameraLauncher} from pid 576
05-22 11:39:33.900 I/WindowManager(  374): Screenshot Window{43005ef8 u0 com.google.android.gallery3d/com.android.camera.CameraLauncher} was all black! mSurfaceLayer=21020 minLayer=21020 maxLayer=21020
05-22 11:39:41.361 I/ActivityManager(  374): START u0 {act=android.intent.action.MAIN cat=[android.intent.category.LAUNCHER] flg=0x10200000 cmp=com.google.android.gallery3d/com.android.camera.CameraLauncher} from pid 576
05-22 11:39:43.088 I/WindowManager(  374): Screenshot Window{425385c8 u0 com.google.android.gallery3d/com.android.camera.CameraLauncher} was all black! mSurfaceLayer=21020 minLayer=21020 maxLayer=21020
05-22 11:39:43.806 W/MountService(  374): getVolumeState(/storage/emulated/0/external_sd): Unknown volume
05-22 11:39:43.806 W/MountService(  374): getVolumeState(/mnt/sdcard-ext): Unknown volume
05-22 11:39:43.806 W/MountService(  374): getVolumeState(/mnt/ext_sdcard): Unknown volume
05-22 11:39:43.806 W/MountService(  374): getVolumeState(/mnt/sdcard2): Unknown volume
05-22 11:39:43.814 W/MountService(  374): getVolumeState(/mnt/emmc): Unknown volume
05-22 11:39:43.814 W/MountService(  374): getVolumeState(/mnt/extSdCard): Unknown volume
05-22 11:39:43.814 W/MountService(  374): getVolumeState(/mnt/sdcard/SD_CARD): Unknown volume
05-22 11:39:43.814 W/MountService(  374): getVolumeState(/mnt/sdcard/extra_sd): Unknown volume
05-22 11:39:43.814 W/MountService(  374): getVolumeState(/mnt/extrasd_bind): Unknown volume
05-22 11:39:43.814 W/MountService(  374): getVolumeState(/mnt/sdcard/ext_sd): Unknown volume
05-22 11:39:43.814 W/MountService(  374): getVolumeState(/storage/extSdCard): Unknown volume
05-22 11:39:43.822 W/MountService(  374): getVolumeState(/storage/sdcard1): Unknown volume
05-22 11:39:43.822 W/MountService(  374): getVolumeState(/mnt/sdcard/external_SD): Unknown volume
05-22 11:39:43.822 W/MountService(  374): getVolumeState(/mnt/sdcard/external_sd): Unknown volume
05-22 11:39:44.291 W/MountService(  374): getVolumeState(/storage/emulated/0/external_sd): Unknown volume
05-22 11:39:44.291 W/MountService(  374): getVolumeState(/mnt/sdcard-ext): Unknown volume
05-22 11:39:44.291 W/MountService(  374): getVolumeState(/mnt/ext_sdcard): Unknown volume
05-22 11:39:44.291 W/MountService(  374): getVolumeState(/mnt/sdcard2): Unknown volume
05-22 11:39:44.291 W/MountService(  374): getVolumeState(/mnt/emmc): Unknown volume
05-22 11:39:44.291 W/MountService(  374): getVolumeState(/mnt/extSdCard): Unknown volume
05-22 11:39:44.291 W/MountService(  374): getVolumeState(/mnt/sdcard/SD_CARD): Unknown volume
05-22 11:39:44.291 W/MountService(  374): getVolumeState(/mnt/sdcard/extra_sd): Unknown volume
05-22 11:39:44.299 W/MountService(  374): getVolumeState(/mnt/extrasd_bind): Unknown volume
05-22 11:39:44.299 W/MountService(  374): getVolumeState(/mnt/sdcard/ext_sd): Unknown volume
05-22 11:39:44.299 W/MountService(  374): getVolumeState(/storage/extSdCard): Unknown volume
05-22 11:39:44.299 W/MountService(  374): getVolumeState(/storage/sdcard1): Unknown volume
05-22 11:39:44.299 W/MountService(  374): getVolumeState(/mnt/sdcard/external_SD): Unknown volume
05-22 11:39:44.299 W/MountService(  374): getVolumeState(/mnt/sdcard/external_sd): Unknown volume
05-22 11:39:50.611 I/ActivityManager(  374): START u0 {act=android.intent.action.MAIN cat=[android.intent.category.LAUNCHER] flg=0x10200000 cmp=com.google.android.gallery3d/com.android.camera.CameraLauncher} from pid 576
05-22 11:39:52.306 I/WindowManager(  374): Screenshot Window{42a3e7e0 u0 com.google.android.gallery3d/com.android.camera.CameraLauncher} was all black! mSurfaceLayer=21020 minLayer=21020 maxLayer=21020
05-22 11:40:00.181 I/ActivityManager(  374): START u0 {act=android.intent.action.MAIN cat=[android.intent.category.LAUNCHER] flg=0x10200000 cmp=com.google.android.gallery3d/com.android.camera.CameraLauncher} from pid 576
05-22 11:40:02.041 I/WindowManager(  374): Screenshot Window{42f0a018 u0 com.google.android.gallery3d/com.android.camera.CameraLauncher} was all black! mSurfaceLayer=21020 minLayer=21020 maxLayer=21020
05-22 11:40:08.736 I/ActivityManager(  374): Start proc com.google.android.email for service com.google.android.email/com.android.email.service.MailService: pid=18562 uid=10016 gids={50016, 3003, 1015, 1028}
05-22 11:40:08.846 D/ActivityThread(18562): Loading provider com.android.email.provider;com.android.email.notifier: com.android.email.provider.EmailProvider
05-22 11:40:08.892 I/ActivityManager(  374): Start proc com.google.android.exchange for service com.google.android.exchange/com.android.exchange.ExchangeService: pid=18579 uid=10017 gids={50017, 3003, 1015, 1028}
05-22 11:40:09.627 I/ActivityManager(  374): START u0 {act=android.intent.action.MAIN cat=[android.intent.category.LAUNCHER] flg=0x10200000 cmp=com.google.android.gallery3d/com.android.camera.CameraLauncher} from pid 576
05-22 11:40:10.314 I/ActivityManager(  374): Process android.process.acore (pid 17487) has died.
05-22 11:40:39.752 I/WindowManager(  374): Screenshot Window{428afa40 u0 com.google.android.gallery3d/com.android.camera.CameraLauncher} was all black! mSurfaceLayer=21020 minLayer=21020 maxLayer=21020
05-22 11:40:43.877 W/MountService(  374): getVolumeState(/storage/emulated/0/external_sd): Unknown volume
05-22 11:40:43.877 W/MountService(  374): getVolumeState(/mnt/sdcard-ext): Unknown volume
05-22 11:40:43.877 W/MountService(  374): getVolumeState(/mnt/ext_sdcard): Unknown volume
05-22 11:40:43.877 W/MountService(  374): getVolumeState(/mnt/sdcard2): Unknown volume
05-22 11:40:43.877 W/MountService(  374): getVolumeState(/mnt/emmc): Unknown volume
05-22 11:40:43.877 W/MountService(  374): getVolumeState(/mnt/extSdCard): Unknown volume
05-22 11:40:43.877 W/MountService(  374): getVolumeState(/mnt/sdcard/SD_CARD): Unknown volume
05-22 11:40:43.885 W/MountService(  374): getVolumeState(/mnt/sdcard/extra_sd): Unknown volume
05-22 11:40:43.885 W/MountService(  374): getVolumeState(/mnt/extrasd_bind): Unknown volume
05-22 11:40:43.885 W/MountService(  374): getVolumeState(/mnt/sdcard/ext_sd): Unknown volume
05-22 11:40:43.885 W/MountService(  374): getVolumeState(/storage/extSdCard): Unknown volume
05-22 11:40:43.885 W/MountService(  374): getVolumeState(/storage/sdcard1): Unknown volume
05-22 11:40:43.885 W/MountService(  374): getVolumeState(/mnt/sdcard/external_SD): Unknown volume
05-22 11:40:43.885 W/MountService(  374): getVolumeState(/mnt/sdcard/external_sd): Unknown volume
05-22 11:40:44.033 I/ActivityManager(  374): Start proc android.process.acore for content provider com.android.providers.contacts/.ContactsProvider2: pid=18672 uid=10000 gids={50000, 3003, 1015, 1028}
05-22 11:40:44.283 I/ActivityManager(  374): Process com.google.android.deskclock (pid 16338) has died.
05-22 11:40:44.556 W/MountService(  374): getVolumeState(/storage/emulated/0/external_sd): Unknown volume
05-22 11:40:44.556 W/MountService(  374): getVolumeState(/mnt/sdcard-ext): Unknown volume
05-22 11:40:44.556 W/MountService(  374): getVolumeState(/mnt/ext_sdcard): Unknown volume
05-22 11:40:44.556 W/MountService(  374): getVolumeState(/mnt/sdcard2): Unknown volume
05-22 11:40:44.556 W/MountService(  374): getVolumeState(/mnt/emmc): Unknown volume
05-22 11:40:44.564 W/MountService(  374): getVolumeState(/mnt/extSdCard): Unknown volume
05-22 11:40:44.564 W/MountService(  374): getVolumeState(/mnt/sdcard/SD_CARD): Unknown volume
05-22 11:40:44.564 W/MountService(  374): getVolumeState(/mnt/sdcard/extra_sd): Unknown volume
05-22 11:40:44.564 W/MountService(  374): getVolumeState(/mnt/extrasd_bind): Unknown volume
05-22 11:40:44.564 W/MountService(  374): getVolumeState(/mnt/sdcard/ext_sd): Unknown volume
05-22 11:40:44.564 W/MountService(  374): getVolumeState(/storage/extSdCard): Unknown volume
05-22 11:40:44.564 W/MountService(  374): getVolumeState(/storage/sdcard1): Unknown volume
05-22 11:40:44.564 W/MountService(  374): getVolumeState(/mnt/sdcard/external_SD): Unknown volume
05-22 11:40:44.564 W/MountService(  374): getVolumeState(/mnt/sdcard/external_sd): Unknown volume
05-22 11:40:47.830 I/ActivityManager(  374): START u0 {act=android.intent.action.MAIN cat=[android.intent.category.LAUNCHER] flg=0x10200000 cmp=com.google.android.gallery3d/com.android.camera.CameraLauncher} from pid 576
05-22 11:41:17.556 I/WindowManager(  374): Screenshot Window{4261deb8 u0 com.google.android.gallery3d/com.android.camera.CameraLauncher} was all black! mSurfaceLayer=21020 minLayer=21020 maxLayer=21020
05-22 11:41:27.549 I/ActivityManager(  374): START u0 {act=android.intent.action.MAIN cat=[android.intent.category.LAUNCHER] flg=0x10200000 cmp=com.android.settings/.Settings} from pid 576
05-22 11:41:27.900 D/WifiService(  374): setWifiEnabled: true pid=17098, uid=1000
05-22 11:41:29.025 I/ActivityManager(  374): START u0 {act=android.intent.action.MAIN cmp=com.android.settings/.SubSettings (has extras)} from pid 17098
05-22 11:41:44.064 W/MountService(  374): getVolumeState(/storage/emulated/0/external_sd): Unknown volume
05-22 11:41:44.064 W/MountService(  374): getVolumeState(/mnt/sdcard-ext): Unknown volume
05-22 11:41:44.064 W/MountService(  374): getVolumeState(/mnt/ext_sdcard): Unknown volume
05-22 11:41:44.064 W/MountService(  374): getVolumeState(/mnt/sdcard2): Unknown volume
05-22 11:41:44.064 W/MountService(  374): getVolumeState(/mnt/emmc): Unknown volume
05-22 11:41:44.064 W/MountService(  374): getVolumeState(/mnt/extSdCard): Unknown volume
05-22 11:41:44.064 W/MountService(  374): getVolumeState(/mnt/sdcard/SD_CARD): Unknown volume
05-22 11:41:44.064 W/MountService(  374): getVolumeState(/mnt/sdcard/extra_sd): Unknown volume
05-22 11:41:44.064 W/MountService(  374): getVolumeState(/mnt/extrasd_bind): Unknown volume
05-22 11:41:44.064 W/MountService(  374): getVolumeState(/mnt/sdcard/ext_sd): Unknown volume
05-22 11:41:44.072 W/MountService(  374): getVolumeState(/storage/extSdCard): Unknown volume
05-22 11:41:44.072 W/MountService(  374): getVolumeState(/storage/sdcard1): Unknown volume
05-22 11:41:44.072 W/MountService(  374): getVolumeState(/mnt/sdcard/external_SD): Unknown volume
05-22 11:41:44.072 W/MountService(  374): getVolumeState(/mnt/sdcard/external_sd): Unknown volume
05-22 11:41:44.463 W/MountService(  374): getVolumeState(/storage/emulated/0/external_sd): Unknown volume
05-22 11:41:44.463 W/MountService(  374): getVolumeState(/mnt/sdcard-ext): Unknown volume
05-22 11:41:44.463 W/MountService(  374): getVolumeState(/mnt/ext_sdcard): Unknown volume
05-22 11:41:44.463 W/MountService(  374): getVolumeState(/mnt/sdcard2): Unknown volume
05-22 11:41:44.463 W/MountService(  374): getVolumeState(/mnt/emmc): Unknown volume
05-22 11:41:44.463 W/MountService(  374): getVolumeState(/mnt/extSdCard): Unknown volume
05-22 11:41:44.463 W/MountService(  374): getVolumeState(/mnt/sdcard/SD_CARD): Unknown volume
05-22 11:41:44.471 W/MountService(  374): getVolumeState(/mnt/sdcard/extra_sd): Unknown volume
05-22 11:41:44.471 W/MountService(  374): getVolumeState(/mnt/extrasd_bind): Unknown volume
05-22 11:41:44.471 W/MountService(  374): getVolumeState(/mnt/sdcard/ext_sd): Unknown volume
05-22 11:41:44.471 W/MountService(  374): getVolumeState(/storage/extSdCard): Unknown volume
05-22 11:41:44.478 W/MountService(  374): getVolumeState(/storage/sdcard1): Unknown volume
05-22 11:41:44.478 W/MountService(  374): getVolumeState(/mnt/sdcard/external_SD): Unknown volume
05-22 11:41:44.478 W/MountService(  374): getVolumeState(/mnt/sdcard/external_sd): Unknown volume
05-22 11:41:47.244 W/InputMethodManagerService(  374): Starting input on non-focused client com.android.internal.view.IInputMethodClient$Stub$Proxy@42ded4f8 (uid=1000 pid=17098)
05-22 11:41:54.338 I/ActivityManager(  374): START u0 {act=android.intent.action.MAIN cat=[android.intent.category.LAUNCHER] flg=0x10200000 cmp=com.android.settings/.Settings} from pid 576
05-22 11:41:54.619 D/WifiService(  374): setWifiEnabled: true pid=17098, uid=1000
05-22 11:41:56.096 I/ActivityManager(  374): START u0 {act=android.intent.action.MAIN cmp=com.android.settings/.SubSettings (has extras)} from pid 17098
05-22 11:42:03.158 D/ConnectivityService(  374): Captive portal check NetworkInfo: type: WIFI[], state: CONNECTING/CAPTIVE_PORTAL_CHECK, reason: (unspecified), extra: "pekall_work", roaming: false, failover: false, isAvailable: true
05-22 11:42:03.181 I/ActivityManager(  374): Start proc com.nd.assistance for broadcast com.nd.assistance/.receiver.WifiStateChangeReceiver: pid=18797 uid=10068 gids={50068, 3003, 1015, 1006, 1028}
05-22 11:42:03.189 D/ConnectivityService(  374): ConnectivityChange for WIFI: CONNECTED/CONNECTED
05-22 11:42:03.205 D/ConnectivityService(  374): handleConnectivityChange: address are the same reset per doReset linkProperty[1]: resetMask=0
05-22 11:42:03.205 D/Nat464Xlat(  374): requiresClat: netType=1, hasIPv4Address=true
05-22 11:42:03.213 W/ActivityManager(  374): Failed to clear dns cache for: com.tencent.android.qqdownloader
05-22 11:42:04.189 D/ConnectivityService(  374): NetTransition Wakelock for ConnectedState released by timeout
05-22 11:42:06.525 I/ActivityManager(  374): Start proc com.google.android.apps.uploader for broadcast com.google.android.apps.uploader/com.google.android.picasasync.ConnectivityReceiver: pid=18825 uid=10039 gids={50039, 3003, 1015, 1028}
05-22 11:42:06.596 I/ActivityManager(  374): Start proc com.android.mms for broadcast com.android.mms/.transaction.MmsSystemEventReceiver: pid=18838 uid=10040 gids={50040, 3003, 1015, 1028}
05-22 11:42:06.666 D/CountryDetector(  374): The first listener is added
05-22 11:42:06.674 I/ActivityManager(  374): Process android.process.acore (pid 18672) has died.
05-22 11:42:06.775 D/ConnectivityService(  374): handleInetConditionHoldEnd: net=1, condition=100, published condition=0
05-22 11:42:07.486 I/ActivityManager(  374): Process com.google.android.email (pid 18562) has died.
05-22 11:42:12.525 I/ActivityManager(  374): Process com.nd.assistance (pid 18797) has died.
05-22 11:42:20.572 I/ActivityManager(  374): Start proc com.pekall.emdm.launcher:remote for service com.pekall.emdm.launcher/com.baidu.location.f: pid=18892 uid=10066 gids={50066, 1015, 3002, 3001, 3003, 1028}
05-22 11:42:20.783 D/ActivityThread(18892): Loading provider com.pekall.semail.provider;com.pekall.semail.notifier: com.pekall.semail.provider.EmailProvider
05-22 11:42:20.806 D/ActivityThread(18892): Loading provider com.pekall.semail.provider;com.pekall.semail.notifier: com.pekall.semail.provider.EmailProvider
05-22 11:42:21.392 I/ActivityManager(  374): START u0 {act=android.intent.action.MAIN cat=[android.intent.category.LAUNCHER] flg=0x10200000 cmp=com.android.settings/.Settings} from pid 576
05-22 11:42:21.775 D/WifiService(  374): setWifiEnabled: true pid=17098, uid=1000
05-22 11:42:23.721 I/ActivityManager(  374): START u0 {act=android.intent.action.MAIN cmp=com.android.settings/.SubSettings (has extras)} from pid 17098
05-22 11:42:28.978 W/ActivityManager(  374): Unable to start service Intent { cmp=com.pekall.emdm.launcher/com.pekall.semail.service.AttachmentDownloadService } U=0: not found
05-22 11:42:40.588 W/ActivityManager(  374): Timeout executing service: ServiceRecord{4301b240 u0 com.pekall.emdm.launcher/com.baidu.location.f}
05-22 11:42:45.080 W/MountService(  374): getVolumeState(/storage/emulated/0/external_sd): Unknown volume
05-22 11:42:45.111 W/MountService(  374): getVolumeState(/mnt/sdcard-ext): Unknown volume
05-22 11:42:45.111 W/MountService(  374): getVolumeState(/mnt/ext_sdcard): Unknown volume
05-22 11:42:45.111 W/MountService(  374): getVolumeState(/mnt/sdcard2): Unknown volume
05-22 11:42:45.150 W/MountService(  374): getVolumeState(/mnt/emmc): Unknown volume
05-22 11:42:45.150 W/MountService(  374): getVolumeState(/mnt/extSdCard): Unknown volume
05-22 11:42:45.158 W/MountService(  374): getVolumeState(/mnt/sdcard/SD_CARD): Unknown volume
05-22 11:42:45.205 W/MountService(  374): getVolumeState(/mnt/sdcard/extra_sd): Unknown volume
05-22 11:42:45.228 W/MountService(  374): getVolumeState(/mnt/extrasd_bind): Unknown volume
05-22 11:42:45.260 W/MountService(  374): getVolumeState(/mnt/sdcard/ext_sd): Unknown volume
05-22 11:42:45.283 W/MountService(  374): getVolumeState(/storage/extSdCard): Unknown volume
05-22 11:42:45.283 W/MountService(  374): getVolumeState(/storage/sdcard1): Unknown volume
05-22 11:42:45.306 W/MountService(  374): getVolumeState(/mnt/sdcard/external_SD): Unknown volume
05-22 11:42:45.338 W/MountService(  374): getVolumeState(/mnt/sdcard/external_sd): Unknown volume
05-22 11:42:47.213 E/ActivityManager(  374): ANR in com.pekall.emdm.launcher:remote
05-22 11:42:47.213 E/ActivityManager(  374): Reason: Executing service com.pekall.emdm.launcher/com.baidu.location.f
05-22 11:42:47.213 E/ActivityManager(  374): Load: 3.48 / 2.79 / 2.62
05-22 11:42:47.213 E/ActivityManager(  374): CPU usage from 0ms to 6576ms later:
05-22 11:42:47.213 E/ActivityManager(  374):   86% 17184/com.pekall.emdm.launcher: 85% user + 0.6% kernel / faults: 324 minor
05-22 11:42:47.213 E/ActivityManager(  374):   82% 18892/com.pekall.emdm.launcher:remote: 82% user + 0.1% kernel / faults: 105 minor
05-22 11:42:47.213 E/ActivityManager(  374):   18% 374/system_server: 14% user + 4.7% kernel / faults: 611 minor
05-22 11:42:47.213 E/ActivityManager(  374):   1.5% 448/com.android.systemui: 1.4% user + 0.1% kernel / faults: 153 minor
05-22 11:42:47.213 E/ActivityManager(  374):   2.2% 1468/com.qihoo.daemon: 1.8% user + 0.4% kernel / faults: 1189 minor
05-22 11:42:47.213 E/ActivityManager(  374):   1.3% 1661/com.qihoo360.mobilesafe:GuardService: 1.3% user + 0% kernel / faults: 184 minor
05-22 11:42:47.213 E/ActivityManager(  374):   0.1% 11077/com.tencent.android.qqdownloader: 0.1% user + 0% kernel / faults: 322 minor 3 major
05-22 11:42:47.213 E/ActivityManager(  374):   0.1% 561/com.android.phone: 0.1% user + 0% kernel / faults: 217 minor
05-22 11:42:47.213 E/ActivityManager(  374):   0.3% 135/adbd: 0% user + 0.3% kernel
05-22 11:42:47.213 E/ActivityManager(  374):   0% 568/com.android.nfc: 0% user + 0% kernel / faults: 253 minor
05-22 11:42:47.213 E/ActivityManager(  374):   0% 90/dhd_cfg80211_ev: 0% user + 0% kernel
05-22 11:42:47.213 E/ActivityManager(  374):   0.1% 92/dhd_dpc: 0% user + 0.1% kernel
05-22 11:42:47.213 E/ActivityManager(  374):   0% 16244/kworker/1:0: 0% user + 0% kernel
05-22 11:42:47.213 E/ActivityManager(  374):   0.1% 18933/logcat: 0% user + 0.1% kernel / faults: 1 minor
05-22 11:42:47.213 E/ActivityManager(  374):  +0% 18936/cat: 0% user + 0% kernel
05-22 11:42:47.213 E/ActivityManager(  374): 100% TOTAL: 96% user + 3.6% kernel
05-22 11:42:47.213 E/ActivityManager(  374): CPU usage from 5247ms to 5807ms later:
05-22 11:42:47.213 E/ActivityManager(  374):   93% 17184/com.pekall.emdm.launcher: 91% user + 1.6% kernel
05-22 11:42:47.213 E/ActivityManager(  374):     90% 17197/Thread-5058: 90% user + 0% kernel
05-22 11:42:47.213 E/ActivityManager(  374):   85% 18892/com.pekall.emdm.launcher:remote: 83% user + 1.6% kernel
05-22 11:42:47.213 E/ActivityManager(  374):     85% 18905/Thread-5118: 83% user + 1.6% kernel
05-22 11:42:47.213 E/ActivityManager(  374):   12% 374/system_server: 5.2% user + 7% kernel / faults: 34 minor
05-22 11:42:47.213 E/ActivityManager(  374):     10% 390/ActivityManager: 3.5% user + 7% kernel
05-22 11:42:47.213 E/ActivityManager(  374):   5.2% 1468/com.qihoo.daemon: 3.5% user + 1.7% kernel / faults: 95 minor
05-22 11:42:47.213 E/ActivityManager(  374):     1.7% 1471/GC: 1.7% user + 0% kernel
05-22 11:42:47.213 E/ActivityManager(  374):   0.9% 90/dhd_cfg80211_ev: 0% user + 0.9% kernel
05-22 11:42:47.213 E/ActivityManager(  374):   1% 1661/com.qihoo360.mobilesafe:GuardService: 1% user + 0% kernel / faults: 3 minor
05-22 11:42:47.213 E/ActivityManager(  374):     1% 1661/fe:GuardService: 1% user + 0% kernel
05-22 11:42:47.213 E/ActivityManager(  374):   1.1% 11077/com.tencent.android.qqdownloader: 1.1% user + 0% kernel
05-22 11:42:47.213 E/ActivityManager(  374):  +0% 18936/pool-318-thread: 0% user + 0% kernel
05-22 11:42:47.213 E/ActivityManager(  374): 100% TOTAL: 92% user + 7% kernel
05-22 11:42:47.221 W/ActivityManager(  374): Killing ProcessRecord{426a3ed0 18892:com.pekall.emdm.launcher:remote/u0a10066}: background ANR
05-22 11:42:47.791 I/ActivityManager(  374): Process com.pekall.emdm.launcher:remote (pid 18892) has died.
05-22 11:42:47.799 W/ActivityManager(  374): Scheduling restart of crashed service com.pekall.emdm.launcher/com.baidu.location.f in 1280000ms
05-22 11:42:48.760 I/ActivityManager(  374): Start proc android.process.acore for content provider com.android.providers.contacts/.ContactsProvider2: pid=18939 uid=10000 gids={50000, 3003, 1015, 1028}
05-22 11:42:49.931 W/MountService(  374): getVolumeState(/storage/emulated/0/external_sd): Unknown volume
05-22 11:42:49.931 W/MountService(  374): getVolumeState(/mnt/sdcard-ext): Unknown volume
05-22 11:42:49.931 W/MountService(  374): getVolumeState(/mnt/ext_sdcard): Unknown volume
05-22 11:42:49.931 W/MountService(  374): getVolumeState(/mnt/sdcard2): Unknown volume
05-22 11:42:49.939 W/MountService(  374): getVolumeState(/mnt/emmc): Unknown volume
05-22 11:42:49.939 W/MountService(  374): getVolumeState(/mnt/extSdCard): Unknown volume
05-22 11:42:49.939 W/MountService(  374): getVolumeState(/mnt/sdcard/SD_CARD): Unknown volume
05-22 11:42:49.939 W/MountService(  374): getVolumeState(/mnt/sdcard/extra_sd): Unknown volume
05-22 11:42:49.947 W/MountService(  374): getVolumeState(/mnt/extrasd_bind): Unknown volume
05-22 11:42:49.947 W/MountService(  374): getVolumeState(/mnt/sdcard/ext_sd): Unknown volume
05-22 11:42:49.947 W/MountService(  374): getVolumeState(/storage/extSdCard): Unknown volume
05-22 11:42:49.947 W/MountService(  374): getVolumeState(/storage/sdcard1): Unknown volume
05-22 11:42:49.947 W/MountService(  374): getVolumeState(/mnt/sdcard/external_SD): Unknown volume
05-22 11:42:49.947 W/MountService(  374): getVolumeState(/mnt/sdcard/external_sd): Unknown volume
05-22 11:42:53.533 I/PowerManagerService(  374): Going to sleep due to screen timeout...
05-22 11:42:54.135 I/PowerManagerService(  374): Waking up from sleep...
05-22 11:42:54.353 I/ActivityManager(  374): Process com.google.android.exchange (pid 18579) has died.
05-22 11:42:54.635 I/WindowManager(  374): No lock screen!
05-22 11:43:03.244 I/ActivityManager(  374): Process com.android.mms (pid 18838) has died.
05-22 11:43:03.244 D/CountryDetector(  374): No listener is left
05-22 11:43:03.783 I/ActivityManager(  374): Process com.google.android.apps.uploader (pid 18825) has died.
05-22 11:43:06.275 I/ActivityManager(  374): START u0 {act=android.intent.action.MAIN cat=[android.intent.category.LAUNCHER] flg=0x10200000 cmp=com.pekall.emdm.launcher/.Launcher} from pid 576
05-22 11:43:09.924 I/ActivityManager(  374): START u0 {flg=0x10000000 cmp=com.pekall.emdm.launcher/com.pekall.semail.activity.Welcome} from pid 17184
05-22 11:43:10.096 I/ActivityManager(  374): START u0 {flg=0x2000000 cmp=com.pekall.emdm.launcher/com.pekall.semail.activity.setup.AccountSetupUser} from pid 17184
05-22 11:43:23.564 W/InputMethodManagerService(  374): Window already focused, ignoring focus gain of: com.android.internal.view.IInputMethodClient$Stub$Proxy@42d80920 attribute=null, token = android.os.BinderProxy@42998f90
05-22 11:43:23.689 I/ActivityManager(  374): START u0 {cmp=com.pekall.emdm.launcher/com.pekall.semail.activity.Welcome} from pid 17184
05-22 11:43:24.728 I/ActivityManager(  374): START u0 {flg=0x2000000 cmp=com.pekall.emdm.launcher/com.pekall.semail.activity.EmailActivity (has extras)} from pid 17184
05-22 11:43:25.502 W/ActivityManager(  374): Duplicate finish request for ActivityRecord{428d4390 u0 com.pekall.emdm.launcher/com.pekall.semail.activity.Welcome}
05-22 11:43:44.455 W/MountService(  374): getVolumeState(/storage/emulated/0/external_sd): Unknown volume
05-22 11:43:44.455 W/MountService(  374): getVolumeState(/mnt/sdcard-ext): Unknown volume
05-22 11:43:44.455 W/MountService(  374): getVolumeState(/mnt/ext_sdcard): Unknown volume
05-22 11:43:44.455 W/MountService(  374): getVolumeState(/mnt/sdcard2): Unknown volume
05-22 11:43:44.455 W/MountService(  374): getVolumeState(/mnt/emmc): Unknown volume
05-22 11:43:44.463 W/MountService(  374): getVolumeState(/mnt/extSdCard): Unknown volume
05-22 11:43:44.463 W/MountService(  374): getVolumeState(/mnt/sdcard/SD_CARD): Unknown volume
05-22 11:43:44.463 W/MountService(  374): getVolumeState(/mnt/sdcard/extra_sd): Unknown volume
05-22 11:43:44.463 W/MountService(  374): getVolumeState(/mnt/extrasd_bind): Unknown volume
05-22 11:43:44.463 W/MountService(  374): getVolumeState(/mnt/sdcard/ext_sd): Unknown volume
05-22 11:43:44.463 W/MountService(  374): getVolumeState(/storage/extSdCard): Unknown volume
05-22 11:43:44.463 W/MountService(  374): getVolumeState(/storage/sdcard1): Unknown volume
05-22 11:43:44.463 W/MountService(  374): getVolumeState(/mnt/sdcard/external_SD): Unknown volume
05-22 11:43:44.471 W/MountService(  374): getVolumeState(/mnt/sdcard/external_sd): Unknown volume
05-22 11:43:45.431 I/ActivityManager(  374): START u0 {act=android.intent.action.MAIN dat=content://ui.semail.pekall.com/view/mailbox?ACCOUNT_ID=1 flg=0x4000000 cmp=com.pekall.emdm.launcher/com.pekall.semail.activity.Welcome} from pid 17184
05-22 11:43:45.564 W/MountService(  374): getVolumeState(/storage/emulated/0/external_sd): Unknown volume
05-22 11:43:45.564 W/MountService(  374): getVolumeState(/mnt/sdcard-ext): Unknown volume
05-22 11:43:45.564 W/MountService(  374): getVolumeState(/mnt/ext_sdcard): Unknown volume
05-22 11:43:45.564 W/MountService(  374): getVolumeState(/mnt/sdcard2): Unknown volume
05-22 11:43:45.564 W/MountService(  374): getVolumeState(/mnt/emmc): Unknown volume
05-22 11:43:45.564 W/MountService(  374): getVolumeState(/mnt/extSdCard): Unknown volume
05-22 11:43:45.564 W/MountService(  374): getVolumeState(/mnt/sdcard/SD_CARD): Unknown volume
05-22 11:43:45.572 W/MountService(  374): getVolumeState(/mnt/sdcard/extra_sd): Unknown volume
05-22 11:43:45.572 W/MountService(  374): getVolumeState(/mnt/extrasd_bind): Unknown volume
05-22 11:43:45.572 W/MountService(  374): getVolumeState(/mnt/sdcard/ext_sd): Unknown volume
05-22 11:43:45.588 W/MountService(  374): getVolumeState(/storage/extSdCard): Unknown volume
05-22 11:43:45.627 W/MountService(  374): getVolumeState(/storage/sdcard1): Unknown volume
05-22 11:43:45.627 W/MountService(  374): getVolumeState(/mnt/sdcard/external_SD): Unknown volume
05-22 11:43:45.627 W/MountService(  374): getVolumeState(/mnt/sdcard/external_sd): Unknown volume
05-22 11:43:47.181 I/ActivityManager(  374): START u0 {flg=0x2000000 cmp=com.pekall.emdm.launcher/com.pekall.semail.activity.setup.AccountSetupUser} from pid 17184
05-22 11:43:48.400 W/ActivityManager(  374): Duplicate finish request for ActivityRecord{429e6890 u0 com.pekall.emdm.launcher/com.pekall.semail.activity.Welcome}
05-22 11:43:49.877 I/ActivityManager(  374): START u0 {act=android.intent.action.MAIN cat=[android.intent.category.HOME] flg=0x10200000 cmp=com.pekall.emdm.launcher/.Launcher} from pid 374
05-22 11:43:53.174 I/ActivityManager(  374): START u0 {flg=0x10000000 cmp=com.pekall.emdm.launcher/com.pekall.semail.activity.Welcome} from pid 17184
05-22 11:43:53.346 I/ActivityManager(  374): START u0 {flg=0x2000000 cmp=com.pekall.emdm.launcher/com.pekall.semail.activity.setup.AccountSetupUser} from pid 17184
05-22 11:44:07.619 W/ActivityManager(  374): Unable to start service Intent { cmp=com.pekall.emdm.launcher/com.pekall.semail.service.AttachmentDownloadService } U=0: not found
05-22 11:44:07.619 W/ActivityManager(  374): Unable to start service Intent { act=com.pekall.semail.intent.action.MAIL_SERVICE_RESCHEDULE cmp=com.pekall.emdm.launcher/com.pekall.semail.service.MailService } U=0: not found
05-22 11:44:09.978 I/ActivityManager(  374): START u0 {act=android.intent.action.MAIN cat=[android.intent.category.HOME] flg=0x10200000 cmp=com.pekall.emdm.launcher/.Launcher} from pid 374
--------- beginning of /dev/log/main
05-22 11:44:10.158 I/System.out(17184): android.app.ActivityThread.handleResumeActivity(ActivityThread.java:2819)
05-22 11:44:10.158 I/System.out(17184): android.app.ActivityThread$H.handleMessage(ActivityThread.java:1298)
05-22 11:44:10.158 I/System.out(17184): android.os.Handler.dispatchMessage(Handler.java:99)
05-22 11:44:10.158 I/System.out(17184): android.os.Looper.loop(Looper.java:137)
05-22 11:44:10.158 I/System.out(17184): android.app.ActivityThread.main(ActivityThread.java:5103)
05-22 11:44:10.158 I/System.out(17184): java.lang.reflect.Method.invokeNative(Native Method)
05-22 11:44:10.158 I/System.out(17184): java.lang.reflect.Method.invoke(Method.java:525)
05-22 11:44:10.158 I/System.out(17184): com.android.internal.os.ZygoteInit$MethodAndArgsCaller.run(ZygoteInit.java:737)
05-22 11:44:10.158 I/System.out(17184): com.android.internal.os.ZygoteInit.main(ZygoteInit.java:553)
05-22 11:44:10.158 I/System.out(17184): dalvik.system.NativeStart.main(Native Method)
05-22 11:44:10.408 D/dalvikvm(17184): JIT unchain all for threadid=11
05-22 11:44:10.478 D/dalvikvm(17184): JIT code cache reset in 9 ms (1048552 bytes 1/0)
05-22 11:44:10.494 D/dalvikvm(17184): GC_FOR_ALLOC freed 6352K, 29% free 30565K/42660K, paused 337ms, total 337ms
05-22 11:44:11.041 D/Email   (17184): [User] AccountSetupUserFragment onStop
05-22 11:44:11.041 D/Email   (17184): [User] AccountSetupUserFragment onDestroy
05-22 11:44:12.783 I/QueryController(19073): Matched selector: UiSelector[TEXT=Personal Mode, CLASS=android.widget.TextView, PACKAGE NAME=com.pekall.emdm.launcher] <<==>> [android.view.accessibility.AccessibilityNodeInfo@389c6; boundsInParent: Rect(0, 0 - 160, 200); boundsInScreen: Rect(190, 608 - 350, 808); packageName: com.pekall.emdm.launcher; className: android.widget.TextView; text: Personal Mode; contentDescription: null; viewIdResName: null; checkable: false; checked: false; focusable: false; focused: false; selected: false; clickable: true; longClickable: true; enabled: true; password: false; scrollable: false; [ACTION_SELECT, ACTION_CLEAR_SELECTION, ACTION_CLICK, ACTION_LONG_CLICK, ACTION_ACCESSIBILITY_FOCUS, ACTION_NEXT_AT_MOVEMENT_GRANULARITY, ACTION_PREVIOUS_AT_MOVEMENT_GRANULARITY, ACTION_SET_SELECTION]]
05-22 11:44:12.806 I/QueryController(19073): Matched selector: UiSelector[PACKAGE NAME=com.pekall.emdm.launcher] <<==>> [android.view.accessibility.AccessibilityNodeInfo@3246b; boundsInParent: Rect(0, 0 - 720, 1184); boundsInScreen: Rect(0, 0 - 720, 1184); packageName: com.pekall.emdm.launcher; className: android.widget.FrameLayout; text: null; contentDescription: null; viewIdResName: null; checkable: false; checked: false; focusable: false; focused: false; selected: false; clickable: false; longClickable: false; enabled: true; password: false; scrollable: false; [ACTION_SELECT, ACTION_CLEAR_SELECTION, ACTION_ACCESSIBILITY_FOCUS]]
05-22 11:44:12.822 I/QueryController(19073): Matched selector: UiSelector[TEXT=Email, CLASS=android.widget.TextView, PACKAGE NAME=com.pekall.emdm.launcher] <<==>> [android.view.accessibility.AccessibilityNodeInfo@38d87; boundsInParent: Rect(0, 0 - 160, 200); boundsInScreen: Rect(370, 608 - 530, 808); packageName: com.pekall.emdm.launcher; className: android.widget.TextView; text: Email; contentDescription: null; viewIdResName: null; checkable: false; checked: false; focusable: false; focused: false; selected: false; clickable: true; longClickable: true; enabled: true; password: false; scrollable: false; [ACTION_SELECT, ACTION_CLEAR_SELECTION, ACTION_CLICK, ACTION_LONG_CLICK, ACTION_ACCESSIBILITY_FOCUS, ACTION_NEXT_AT_MOVEMENT_GRANULARITY, ACTION_PREVIOUS_AT_MOVEMENT_GRANULARITY, ACTION_SET_SELECTION]]
05-22 11:44:12.838 I/QueryController(19073): Matched selector: UiSelector[TEXT=Email, CLASS=android.widget.TextView, PACKAGE NAME=com.pekall.emdm.launcher] <<==>> [android.view.accessibility.AccessibilityNodeInfo@38d87; boundsInParent: Rect(0, 0 - 160, 200); boundsInScreen: Rect(370, 608 - 530, 808); packageName: com.pekall.emdm.launcher; className: android.widget.TextView; text: Email; contentDescription: null; viewIdResName: null; checkable: false; checked: false; focusable: false; focused: false; selected: false; clickable: true; longClickable: true; enabled: true; password: false; scrollable: false; [ACTION_SELECT, ACTION_CLEAR_SELECTION, ACTION_CLICK, ACTION_LONG_CLICK, ACTION_ACCESSIBILITY_FOCUS, ACTION_NEXT_AT_MOVEMENT_GRANULARITY, ACTION_PREVIOUS_AT_MOVEMENT_GRANULARITY, ACTION_SET_SELECTION]]
05-22 11:44:12.853 I/QueryController(19073): Matched selector: UiSelector[TEXT=Email, CLASS=android.widget.TextView, PACKAGE NAME=com.pekall.emdm.launcher] <<==>> [android.view.accessibility.AccessibilityNodeInfo@38d87; boundsInParent: Rect(0, 0 - 160, 200); boundsInScreen: Rect(370, 608 - 530, 808); packageName: com.pekall.emdm.launcher; className: android.widget.TextView; text: Email; contentDescription: null; viewIdResName: null; checkable: false; checked: false; focusable: false; focused: false; selected: false; clickable: true; longClickable: true; enabled: true; password: false; scrollable: false; [ACTION_SELECT, ACTION_CLEAR_SELECTION, ACTION_CLICK, ACTION_LONG_CLICK, ACTION_ACCESSIBILITY_FOCUS, ACTION_NEXT_AT_MOVEMENT_GRANULARITY, ACTION_PREVIOUS_AT_MOVEMENT_GRANULARITY, ACTION_SET_SELECTION]]
05-22 11:44:12.853 D/UiObject(19073): getText() = Email
05-22 11:44:12.869 I/QueryController(19073): Matched selector: UiSelector[TEXT=Email, CLASS=android.widget.TextView, PACKAGE NAME=com.pekall.emdm.launcher] <<==>> [android.view.accessibility.AccessibilityNodeInfo@38d87; boundsInParent: Rect(0, 0 - 160, 200); boundsInScreen: Rect(370, 608 - 530, 808); packageName: com.pekall.emdm.launcher; className: android.widget.TextView; text: Email; contentDescription: null; viewIdResName: null; checkable: false; checked: false; focusable: false; focused: false; selected: false; clickable: true; longClickable: true; enabled: true; password: false; scrollable: false; [ACTION_SELECT, ACTION_CLEAR_SELECTION, ACTION_CLICK, ACTION_LONG_CLICK, ACTION_ACCESSIBILITY_FOCUS, ACTION_NEXT_AT_MOVEMENT_GRANULARITY, ACTION_PREVIOUS_AT_MOVEMENT_GRANULARITY, ACTION_SET_SELECTION]]
05-22 11:44:12.885 I/QueryController(19073): Matched selector: UiSelector[TEXT=Email, CLASS=android.widget.TextView, PACKAGE NAME=com.pekall.emdm.launcher] <<==>> [android.view.accessibility.AccessibilityNodeInfo@38d87; boundsInParent: Rect(0, 0 - 160, 200); boundsInScreen: Rect(370, 608 - 530, 808); packageName: com.pekall.emdm.launcher; className: android.widget.TextView; text: Email; contentDescription: null; viewIdResName: null; checkable: false; checked: false; focusable: false; focused: false; selected: false; clickable: true; longClickable: true; enabled: true; password: false; scrollable: false; [ACTION_SELECT, ACTION_CLEAR_SELECTION, ACTION_CLICK, ACTION_LONG_CLICK, ACTION_ACCESSIBILITY_FOCUS, ACTION_NEXT_AT_MOVEMENT_GRANULARITY, ACTION_PREVIOUS_AT_MOVEMENT_GRANULARITY, ACTION_SET_SELECTION]]
05-22 11:44:12.892 D/InteractionController(19073): clickAndWaitForNewWindow(450, 708)
05-22 11:44:13.017 W/Parcel  ( 1661): Attempt to read object from Parcel 0x5dfd3dac at offset 200 that is not in the object list
05-22 11:44:13.025 I/ActivityManager(  374): START u0 {flg=0x10000000 cmp=com.pekall.emdm.launcher/com.pekall.semail.activity.Welcome} from pid 17184
05-22 11:44:13.135 D/dalvikvm(  374): GC_FOR_ALLOC freed 1592K, 22% free 23596K/30132K, paused 71ms, total 71ms
05-22 11:44:13.142 D/LauncherApplication(17184): [null:-1]->onActivityPaused
05-22 11:44:13.150 D/LauncherApplication(17184): [null:-1]->onActivityPaused  updateTime
05-22 11:44:13.158 W/Parcel  ( 1661): Attempt to read object from Parcel 0x5ded3dac at offset 200 that is not in the object list
05-22 11:44:13.197 V/LauncherApplication(17184): onActivityStarted
05-22 11:44:13.197 D/        (17184): [---null: -1---]     awsa  onActivityResumed
05-22 11:44:13.197 V/LauncherApplication(17184): 2MdmConstant.LAST_LAUNCH_TIME = 1400730253155
05-22 11:44:13.213 D/        (17184): [---null: -1---]  activity = com.pekall.semail.activity.Welcome
05-22 11:44:13.213 V/DefultSetContriller(17184): isLauncherDf = com.pekall.emdm.launcher
05-22 11:44:13.213 V/DefultSetContriller(17184): isPhoneDf = com.pekall.emdm.launcher
05-22 11:44:13.213 E/LauncherApplication(17184): isShowLogoutUI = true
05-22 11:44:13.213 E/LauncherApplication(17184): LogoutShowTime 1
05-22 11:44:13.221 D/ExchangeService(17184): !!! EAS ExchangeService, onCreate
05-22 11:44:13.228 D/ExchangeService(17184): !!! EAS ExchangeService, onStartCommand, startingUp = false, running = false
05-22 11:44:13.228 D/ExchangeService(17184): to start secureStorageService now
05-22 11:44:13.236 W/Parcel  ( 1661): Attempt to read object from Parcel 0x6013bdac at offset 200 that is not in the object list
05-22 11:44:13.244 V/a       (17184): Bind requested for task test
05-22 11:44:13.260 D/ExchangeService(17184): Reconciling accounts...
05-22 11:44:13.260 V/a       (17184): Bind requested for task reconcileAccounts
05-22 11:44:13.260 V/a       (17184): Waiting for task reconcileAccounts to complete...
05-22 11:44:13.291 D/ExchangeService(17184): !!! EAS ExchangeService, onStartCommand, startingUp = true, running = false
05-22 11:44:13.338 V/a       (17184): Connected: com.pekall.semail.service.AccountServiceInternal
05-22 11:44:13.338 V/a       (17184): Connected: com.pekall.semail.service.AccountServiceInternal
05-22 11:44:13.346 I/ActivityManager(  374): Displayed com.pekall.emdm.launcher/com.pekall.semail.activity.Welcome: +195ms
05-22 11:44:13.346 V/a       (17184): Connection test succeeded in 108ms
05-22 11:44:13.353 V/a       (17184): Task test completed; disconnecting
05-22 11:44:13.361 V/a       (17184): Task reconcileAccounts completed; disconnecting
05-22 11:44:13.361 V/a       (17184): Wait for reconcileAccounts finished in 100ms
05-22 11:44:13.369 D/ExchangeService(17184): !!! EAS ExchangeService, stopping self
05-22 11:44:13.385 D/ExchangeService(17184): !!! EAS ExchangeService, onDestroy
05-22 11:44:13.853 I/QueryController(19073): Matched selector: UiSelector[TEXT=Email] <<==>> [android.view.accessibility.AccessibilityNodeInfo@62dcb; boundsInParent: Rect(0, 0 - 91, 48); boundsInScreen: Rect(90, 74 - 181, 122); packageName: com.pekall.emdm.launcher; className: android.widget.TextView; text: Email; contentDescription: null; viewIdResName: android:id/action_bar_title; checkable: false; checked: false; focusable: false; focused: false; selected: false; clickable: false; longClickable: false; enabled: true; password: false; scrollable: false; [ACTION_SELECT, ACTION_CLEAR_SELECTION, ACTION_ACCESSIBILITY_FOCUS, ACTION_NEXT_AT_MOVEMENT_GRANULARITY, ACTION_PREVIOUS_AT_MOVEMENT_GRANULARITY, ACTION_SET_SELECTION]]
05-22 11:44:13.861 I/AndroidRuntime(19073): VM exiting with result code 0.
05-22 11:44:17.635 I/InputReader(  374): Reconfiguring input devices.  changes=0x00000010
05-22 11:44:17.689 I/Launcher(  576): Deferring update until onResume
05-22 11:44:17.705 E/JavaBinder(  374): !!! FAILED BINDER TRANSACTION !!!
05-22 11:44:17.775 I/Launcher(  576): Deferring update until onResume
05-22 11:44:17.806 W/Searchables(  374): No global search activity found
05-22 11:44:28.705 D/dalvikvm( 1661): GC_EXPLICIT freed 778K, 18% free 13071K/15888K, paused 1ms+3ms, total 46ms
05-22 11:44:31.525 D/dalvikvm(16480): GC_CONCURRENT freed 580K, 7% free 9122K/9772K, paused 1ms+2ms, total 15ms
05-22 11:44:33.752 D/dalvikvm( 1661): GC_EXPLICIT freed 100K, 18% free 13042K/15888K, paused 1ms+3ms, total 44ms
05-22 11:44:37.080 D/LightsService(  374): Excessive delay setting light: 67ms
05-22 11:44:39.549 D/AndroidRuntime(19104): 
05-22 11:44:39.549 D/AndroidRuntime(19104): >>>>>> AndroidRuntime START com.android.internal.os.RuntimeInit <<<<<<
05-22 11:44:39.549 D/AndroidRuntime(19104): CheckJNI is OFF
05-22 11:44:39.556 D/dalvikvm(19104): Trying to load lib libjavacore.so 0x0
05-22 11:44:39.564 D/dalvikvm(19104): Added shared lib libjavacore.so 0x0
05-22 11:44:39.572 D/dalvikvm(19104): Trying to load lib libnativehelper.so 0x0
05-22 11:44:39.572 D/dalvikvm(19104): Added shared lib libnativehelper.so 0x0
05-22 11:44:39.721 D/AndroidRuntime(19104): Calling main entry com.android.commands.uiautomator.Launcher
05-22 11:44:39.744 D/dalvikvm(19104): Note: class Landroid/app/ActivityManagerNative; has 163 unimplemented (abstract) methods
05-22 11:44:40.385 I/QueryController(19104): Matched selector: UiSelector[PACKAGE NAME=com.pekall.emdm.launcher] <<==>> [android.view.accessibility.AccessibilityNodeInfo@5f93d; boundsInParent: Rect(0, 0 - 720, 1184); boundsInScreen: Rect(0, 0 - 720, 1184); packageName: com.pekall.emdm.launcher; className: android.widget.FrameLayout; text: null; contentDescription: null; viewIdResName: null; checkable: false; checked: false; focusable: false; focused: false; selected: false; clickable: false; longClickable: false; enabled: true; password: false; scrollable: false; [ACTION_SELECT, ACTION_CLEAR_SELECTION, ACTION_ACCESSIBILITY_FOCUS]]
05-22 11:44:40.400 I/QueryController(19104): Matched selector: UiSelector[PACKAGE NAME=com.pekall.emdm.launcher] <<==>> [android.view.accessibility.AccessibilityNodeInfo@5f93d; boundsInParent: Rect(0, 0 - 720, 1184); boundsInScreen: Rect(0, 0 - 720, 1184); packageName: com.pekall.emdm.launcher; className: android.widget.FrameLayout; text: null; contentDescription: null; viewIdResName: null; checkable: false; checked: false; focusable: false; focused: false; selected: false; clickable: false; longClickable: false; enabled: true; password: false; scrollable: false; [ACTION_SELECT, ACTION_CLEAR_SELECTION, ACTION_ACCESSIBILITY_FOCUS]]
