05-22 11:34:38.861 E/ActivityManager(  374):   20% 374/system_server: 16% user + 4.4% kernel / faults: 721 minor
05-22 11:34:38.861 E/ActivityManager(  374):   9.3% 448/com.android.systemui: 8.8% user + 0.4% kernel / faults: 82 minor
05-22 11:34:38.861 E/ActivityManager(  374):   2.2% 1661/com.qihoo360.mobilesafe:GuardService: 1.8% user + 0.4% kernel / faults: 259 minor
05-22 11:34:38.861 E/ActivityManager(  374):   0.7% 561/com.android.phone: 0.6% user + 0.1% kernel / faults: 32 minor
05-22 11:34:38.861 E/ActivityManager(  374):   0.4% 568/com.android.nfc: 0% user + 0.4% kernel / faults: 28 minor
05-22 11:34:38.861 E/ActivityManager(  374):   0.3% 11404/com.dragon.android.pandaspace: 0.1% user + 0.1% kernel / faults: 32 minor
05-22 11:34:38.861 E/ActivityManager(  374):   0.1% 135/adbd: 0% user + 0.1% kernel
05-22 11:34:38.861 E/ActivityManager(  374):   0% 11077/com.tencent.android.qqdownloader: 0% user + 0% kernel / faults: 20 minor
05-22 11:34:38.861 E/ActivityManager(  374):   0% 12874/com.qihoo.appstore: 0% user + 0% kernel / faults: 2 minor
05-22 11:34:38.861 E/ActivityManager(  374): 100% TOTAL: 87% user + 12% kernel
05-22 11:34:38.861 E/ActivityManager(  374): CPU usage from 5651ms to 6200ms later:
05-22 11:34:38.861 E/ActivityManager(  374):   74% 17799/com.pekall.emdm.launcher:remote: 74% user + 0% kernel
05-22 11:34:38.861 E/ActivityManager(  374):     72% 17813/Thread-5089: 72% user + 0% kernel
05-22 11:34:38.861 E/ActivityManager(  374):   74% 17184/com.pekall.emdm.launcher: 74% user + 0% kernel / faults: 4 minor
05-22 11:34:38.861 E/ActivityManager(  374):     77% 17197/Thread-5058: 77% user + 0% kernel
05-22 11:34:38.861 E/ActivityManager(  374):   20% 448/com.android.systemui: 20% user + 0% kernel / faults: 27 minor
05-22 11:34:38.861 E/ActivityManager(  374):     20% 448/ndroid.systemui: 20% user + 0% kernel
05-22 11:34:38.861 E/ActivityManager(  374):   12% 374/system_server: 7.4% user + 5.5% kernel / faults: 26 minor
05-22 11:34:38.861 E/ActivityManager(  374):     3.7% 390/ActivityManager: 0% user + 3.7% kernel
05-22 11:34:38.861 E/ActivityManager(  374):     1.8% 386/SensorService: 0% user + 1.8% kernel
05-22 11:34:38.861 E/ActivityManager(  374):   5.4% 561/com.android.phone: 5.4% user + 0% kernel / faults: 26 minor
05-22 11:34:38.861 E/ActivityManager(  374):     1.8% 567/Signal Catcher: 1.8% user + 0% kernel
05-22 11:34:38.861 E/ActivityManager(  374):   2.4% 17732/uiautomator: 2.4% user + 0% kernel / faults: 129 minor
05-22 11:34:38.861 E/ActivityManager(  374):     2.4% 17732/uiautomator: 2.4% user + 0% kernel
05-22 11:34:38.861 E/ActivityManager(  374):     1.2% 17740/Binder_1: 1.2% user + 0% kernel
05-22 11:34:38.861 E/ActivityManager(  374):   1% 1661/com.qihoo360.mobilesafe:GuardService: 0% user + 1% kernel / faults: 10 minor
05-22 11:34:38.861 E/ActivityManager(  374):     2.1% 1661/fe:GuardService: 1% user + 1% kernel
05-22 11:34:38.861 E/ActivityManager(  374): 100% TOTAL: 96% user + 3.6% kernel
05-22 11:34:38.869 W/ActivityManager(  374): Killing ProcessRecord{426c36d8 17799:com.pekall.emdm.launcher:remote/u0a10066}: background ANR
05-22 11:34:38.939 I/ActivityManager(  374): Process com.pekall.emdm.launcher:remote (pid 17799) has died.
05-22 11:34:38.939 W/ActivityManager(  374): Scheduling restart of crashed service com.pekall.emdm.launcher/com.baidu.location.f in 20000ms
05-22 11:34:43.189 W/MountService(  374): getVolumeState(/storage/emulated/0/external_sd): Unknown volume
05-22 11:34:43.275 W/MountService(  374): getVolumeState(/mnt/sdcard-ext): Unknown volume
05-22 11:34:43.291 W/MountService(  374): getVolumeState(/mnt/ext_sdcard): Unknown volume
05-22 11:34:43.291 W/MountService(  374): getVolumeState(/mnt/sdcard2): Unknown volume
05-22 11:34:43.299 W/MountService(  374): getVolumeState(/mnt/emmc): Unknown volume
05-22 11:34:43.299 W/MountService(  374): getVolumeState(/mnt/extSdCard): Unknown volume
05-22 11:34:43.322 W/MountService(  374): getVolumeState(/mnt/sdcard/SD_CARD): Unknown volume
05-22 11:34:43.369 W/MountService(  374): getVolumeState(/mnt/sdcard/extra_sd): Unknown volume
05-22 11:34:43.385 W/MountService(  374): getVolumeState(/mnt/extrasd_bind): Unknown volume
05-22 11:34:43.385 W/MountService(  374): getVolumeState(/mnt/sdcard/ext_sd): Unknown volume
05-22 11:34:43.400 W/MountService(  374): getVolumeState(/storage/extSdCard): Unknown volume
05-22 11:34:43.416 W/MountService(  374): getVolumeState(/storage/sdcard1): Unknown volume
05-22 11:34:43.424 W/MountService(  374): getVolumeState(/mnt/sdcard/external_SD): Unknown volume
05-22 11:34:43.431 W/MountService(  374): getVolumeState(/mnt/sdcard/external_sd): Unknown volume
05-22 11:34:46.627 W/MountService(  374): getVolumeState(/storage/emulated/0/external_sd): Unknown volume
05-22 11:34:46.635 W/MountService(  374): getVolumeState(/mnt/sdcard-ext): Unknown volume
05-22 11:34:46.642 W/MountService(  374): getVolumeState(/mnt/ext_sdcard): Unknown volume
05-22 11:34:46.658 W/MountService(  374): getVolumeState(/mnt/sdcard2): Unknown volume
05-22 11:34:46.666 W/MountService(  374): getVolumeState(/mnt/emmc): Unknown volume
05-22 11:34:46.666 W/MountService(  374): getVolumeState(/mnt/extSdCard): Unknown volume
05-22 11:34:46.674 W/MountService(  374): getVolumeState(/mnt/sdcard/SD_CARD): Unknown volume
05-22 11:34:46.697 W/MountService(  374): getVolumeState(/mnt/sdcard/extra_sd): Unknown volume
05-22 11:34:46.697 W/MountService(  374): getVolumeState(/mnt/extrasd_bind): Unknown volume
05-22 11:34:46.705 W/MountService(  374): getVolumeState(/mnt/sdcard/ext_sd): Unknown volume
05-22 11:34:46.713 W/MountService(  374): getVolumeState(/storage/extSdCard): Unknown volume
05-22 11:34:46.713 W/MountService(  374): getVolumeState(/storage/sdcard1): Unknown volume
05-22 11:34:47.213 W/MountService(  374): getVolumeState(/mnt/sdcard/external_SD): Unknown volume
05-22 11:34:47.260 W/MountService(  374): getVolumeState(/mnt/sdcard/external_sd): Unknown volume
05-22 11:34:58.619 I/PowerManagerService(  374): Going to sleep due to screen timeout...
05-22 11:34:58.978 I/ActivityManager(  374): Start proc com.pekall.emdm.launcher:remote for service com.pekall.emdm.launcher/com.baidu.location.f: pid=17847 uid=10066 gids={50066, 1015, 3002, 3001, 3003, 1028}
05-22 11:34:59.541 W/InputMethodManagerService(  374): Window already focused, ignoring focus gain of: com.android.internal.view.IInputMethodClient$Stub$Proxy@4283de68 attribute=android.view.inputmethod.EditorInfo@4283ac00, token = android.os.BinderProxy@427f1400
05-22 11:34:59.877 I/PowerManagerService(  374): Waking up from sleep...
05-22 11:34:59.916 D/ActivityThread(17847): Loading provider com.pekall.semail.provider;com.pekall.semail.notifier: com.pekall.semail.provider.EmailProvider
05-22 11:35:00.861 D/ActivityThread(17847): Loading provider com.pekall.semail.provider;com.pekall.semail.notifier: com.pekall.semail.provider.EmailProvider
05-22 11:35:00.861 V/PanelView(  448): animationTick called with dtms=0; nothing to do (h=0.0 v=4000.0)
05-22 11:35:04.924 D/PhoneStatusBar(  448): disable: < EXPAND* icons alerts TICKER* system_info back home RECENT* clock SEARCH* >
05-22 11:35:04.931 V/PanelView(  448): animationTick called with dtms=0; nothing to do (h=1184.0 v=-4000.0)
05-22 11:35:04.931 V/PanelView(  448): animationTick called with dtms=0; nothing to do (h=1184.0 v=-4000.0)
05-22 11:35:05.674 W/ActivityManager(  374): Unable to start service Intent { cmp=com.pekall.emdm.launcher/com.pekall.semail.service.AttachmentDownloadService } U=0: not found
05-22 11:35:05.689 D/PhoneStatusBar(  448): disable: < EXPAND icons alerts TICKER system_info BACK* HOME* RECENT CLOCK* SEARCH >
05-22 11:35:06.322 W/InputManager(  374): Input event injection from pid 17732 failed.
05-22 11:35:06.916 W/InputManager(  374): Input event injection from pid 17732 failed.
05-22 11:35:09.885 W/BroadcastQueue(  374): Timeout of broadcast BroadcastRecord{4305f7c0 u-1 android.intent.action.SCREEN_OFF} - receiver=android.os.BinderProxy@4289f410, started 10001ms ago
05-22 11:35:09.885 W/BroadcastQueue(  374): Receiver during timeout: BroadcastFilter{42d726e0 u0 ReceiverList{42d840b8 17847 com.pekall.emdm.launcher:remote/10066/u0 remote:4289f410}}
05-22 11:35:09.994 I/WindowManager(  374): Lock screen displayed!
05-22 11:35:15.752 E/ActivityManager(  374): ANR in com.pekall.emdm.launcher:remote
05-22 11:35:15.752 E/ActivityManager(  374): Reason: Broadcast of Intent { act=android.intent.action.SCREEN_OFF flg=0x50000010 }
05-22 11:35:15.752 E/ActivityManager(  374): Load: 4.72 / 3.72 / 2.76
05-22 11:35:15.752 E/ActivityManager(  374): CPU usage from 0ms to 5830ms later with 99% awake:
05-22 11:35:15.752 E/ActivityManager(  374):   80% 17847/com.pekall.emdm.launcher:remote: 79% user + 0.3% kernel / faults: 113 minor
05-22 11:35:15.752 E/ActivityManager(  374):   74% 17184/com.pekall.emdm.launcher: 74% user + 0.3% kernel / faults: 203 minor
05-22 11:35:15.752 E/ActivityManager(  374):   31% 374/system_server: 25% user + 5.6% kernel / faults: 873 minor
05-22 11:35:15.752 E/ActivityManager(  374):   6.5% 448/com.android.systemui: 5.5% user + 1% kernel / faults: 41 minor
05-22 11:35:15.752 E/ActivityManager(  374):   1.2% 127/mediaserver: 0.5% user + 0.6% kernel / faults: 1 minor
05-22 11:35:15.752 E/ActivityManager(  374):   0.8% 17732/uiautomator: 0.6% user + 0.1% kernel / faults: 238 minor
05-22 11:35:15.752 E/ActivityManager(  374):   0.6% 124/surfaceflinger: 0.3% user + 0.3% kernel / faults: 888 minor
05-22 11:35:15.752 E/ActivityManager(  374):   0.6% 12874/com.qihoo.appstore: 0.1% user + 0.5% kernel / faults: 20 minor
05-22 11:35:15.752 E/ActivityManager(  374):   0.5% 561/com.android.phone: 0.5% user + 0% kernel / faults: 32 minor
05-22 11:35:15.752 E/ActivityManager(  374):   0% 568/com.android.nfc: 0% user + 0% kernel / faults: 34 minor
05-22 11:35:15.752 E/ActivityManager(  374):   0.3% 135/adbd: 0.3% user + 0% kernel
05-22 11:35:15.752 E/ActivityManager(  374):   0% 121/netd: 0% user + 0% kernel
05-22 11:35:15.752 E/ActivityManager(  374):   0% 16544/kworker/u:4: 0% user + 0% kernel
05-22 11:35:15.752 E/ActivityManager(  374):   0.1% 16925/kworker/u:5: 0% user + 0.1% kernel
05-22 11:35:15.752 E/ActivityManager(  374):   0% 17549/kworker/u:3: 0% user + 0% kernel
05-22 11:35:15.752 E/ActivityManager(  374): 99% TOTAL: 93% user + 5.2% kernel
05-22 11:35:15.752 E/ActivityManager(  374): CPU usage from 4961ms to 5491ms later:
05-22 11:35:15.752 E/ActivityManager(  374):   98% 17847/com.pekall.emdm.launcher:remote: 98% user + 0% kernel
05-22 11:35:15.752 E/ActivityManager(  374):     98% 17860/Thread-5091: 98% user + 0% kernel
05-22 11:35:15.752 E/ActivityManager(  374):   92% 17184/com.pekall.emdm.launcher: 92% user + 0% kernel
05-22 11:35:15.752 E/ActivityManager(  374):     92% 17197/Thread-5058: 92% user + 0% kernel
05-22 11:35:15.752 E/ActivityManager(  374):   3.7% 374/system_server: 3.7% user + 0% kernel
05-22 11:35:15.752 E/ActivityManager(  374):     5.6% 390/ActivityManager: 3.7% user + 1.8% kernel
05-22 11:35:15.752 E/ActivityManager(  374):   1.8% 127/mediaserver: 0% user + 1.8% kernel
05-22 11:35:15.752 E/ActivityManager(  374):     1.8% 206/FastMixer: 0% user + 1.8% kernel
05-22 11:35:15.752 E/ActivityManager(  374):   1.1% 12874/com.qihoo.appstore: 0% user + 1.1% kernel / faults: 1 minor
05-22 11:35:15.752 E/ActivityManager(  374): 100% TOTAL: 98% user + 1.8% kernel
05-22 11:35:15.752 W/ActivityManager(  374): Killing ProcessRecord{4261fe50 17847:com.pekall.emdm.launcher:remote/u0a10066}: background ANR
05-22 11:35:15.783 I/ActivityManager(  374): Process com.pekall.emdm.launcher:remote (pid 17847) has died.
05-22 11:35:15.783 W/ActivityManager(  374): Scheduling restart of crashed service com.pekall.emdm.launcher/com.baidu.location.f in 80000ms
05-22 11:35:42.986 W/MountService(  374): getVolumeState(/storage/emulated/0/external_sd): Unknown volume
05-22 11:35:42.994 W/MountService(  374): getVolumeState(/mnt/sdcard-ext): Unknown volume
05-22 11:35:42.994 W/MountService(  374): getVolumeState(/mnt/ext_sdcard): Unknown volume
05-22 11:35:42.994 W/MountService(  374): getVolumeState(/mnt/sdcard2): Unknown volume
05-22 11:35:42.994 W/MountService(  374): getVolumeState(/mnt/emmc): Unknown volume
05-22 11:35:42.994 W/MountService(  374): getVolumeState(/mnt/extSdCard): Unknown volume
05-22 11:35:42.994 W/MountService(  374): getVolumeState(/mnt/sdcard/SD_CARD): Unknown volume
05-22 11:35:42.994 W/MountService(  374): getVolumeState(/mnt/sdcard/extra_sd): Unknown volume
05-22 11:35:43.002 W/MountService(  374): getVolumeState(/mnt/extrasd_bind): Unknown volume
05-22 11:35:43.002 W/MountService(  374): getVolumeState(/mnt/sdcard/ext_sd): Unknown volume
05-22 11:35:43.002 W/MountService(  374): getVolumeState(/storage/extSdCard): Unknown volume
05-22 11:35:43.010 W/MountService(  374): getVolumeState(/storage/sdcard1): Unknown volume
05-22 11:35:43.010 W/MountService(  374): getVolumeState(/mnt/sdcard/external_SD): Unknown volume
05-22 11:35:43.010 W/MountService(  374): getVolumeState(/mnt/sdcard/external_sd): Unknown volume
05-22 11:35:43.283 W/MountService(  374): getVolumeState(/storage/emulated/0/external_sd): Unknown volume
05-22 11:35:43.283 W/MountService(  374): getVolumeState(/mnt/sdcard-ext): Unknown volume
05-22 11:35:43.283 W/MountService(  374): getVolumeState(/mnt/ext_sdcard): Unknown volume
05-22 11:35:43.283 W/MountService(  374): getVolumeState(/mnt/sdcard2): Unknown volume
05-22 11:35:43.291 W/MountService(  374): getVolumeState(/mnt/emmc): Unknown volume
05-22 11:35:43.291 W/MountService(  374): getVolumeState(/mnt/extSdCard): Unknown volume
05-22 11:35:43.291 W/MountService(  374): getVolumeState(/mnt/sdcard/SD_CARD): Unknown volume
05-22 11:35:43.291 W/MountService(  374): getVolumeState(/mnt/sdcard/extra_sd): Unknown volume
05-22 11:35:43.291 W/MountService(  374): getVolumeState(/mnt/extrasd_bind): Unknown volume
05-22 11:35:43.291 W/MountService(  374): getVolumeState(/mnt/sdcard/ext_sd): Unknown volume
05-22 11:35:43.291 W/MountService(  374): getVolumeState(/storage/extSdCard): Unknown volume
05-22 11:35:43.291 W/MountService(  374): getVolumeState(/storage/sdcard1): Unknown volume
05-22 11:35:43.299 W/MountService(  374): getVolumeState(/mnt/sdcard/external_SD): Unknown volume
05-22 11:35:43.299 W/MountService(  374): getVolumeState(/mnt/sdcard/external_sd): Unknown volume
05-22 11:35:46.142 W/DevicePolicyManagerService(  374): setPasswordExpiration(): password will expire on May 22, 2014 11:35:46 AM
05-22 11:35:56.494 W/DevicePolicyManagerService(  374): setPasswordExpiration(): password will expire on May 22, 2014 11:35:56 AM
05-22 11:35:56.892 I/PowerManagerService(  374): Going to sleep due to screen timeout...
05-22 11:35:59.080 I/PowerManagerService(  374): Waking up from sleep...
05-22 11:35:59.158 I/WindowManager(  374): Lock screen displayed!
05-22 11:36:19.908 D/PhoneStatusBar(  448): disable: < expand* icons alerts ticker* system_info BACK HOME recent* CLOCK search* >
05-22 11:36:19.971 D/PhoneStatusBar(  448): disable: < expand icons alerts ticker system_info back* home* recent clock* search >
05-22 11:36:20.799 W/InputMethodManagerService(  374): Window already focused, ignoring focus gain of: com.android.internal.view.IInputMethodClient$Stub$Proxy@42ed2a78 attribute=android.view.inputmethod.EditorInfo@42da9c88, token = android.os.BinderProxy@427f1400
05-22 11:36:21.596 I/ActivityManager(  374): START u0 {flg=0x10000000 cmp=com.pekall.emdm.launcher/.ui.BackPersonalActivity} from pid 17184
05-22 11:36:21.752 I/ActivityManager(  374): START u0 {flg=0x10200000 cmp=com.android.launcher/com.android.launcher2.Launcher} from pid 17184
05-22 11:36:21.760 W/ActivityManager(  374): Duplicate finish request for ActivityRecord{431893d0 u0 com.pekall.emdm.launcher/.ui.BackPersonalActivity}
05-22 11:36:25.158 V/PanelView(  448): animationTick called with dtms=0; nothing to do (h=0.0 v=4000.0)
05-22 11:36:31.096 I/ActivityManager(  374): START u0 {act=android.app.action.SET_NEW_PASSWORD cmp=com.android.settings/.ChooseLockGeneric bnds=[0,242][720,370]} from pid -1
05-22 11:36:31.096 W/ActivityManager(  374): startActivity called from non-Activity context; forcing Intent.FLAG_ACTIVITY_NEW_TASK for: Intent { act=android.app.action.SET_NEW_PASSWORD flg=0x800000 cmp=com.android.settings/.ChooseLockGeneric bnds=[0,242][720,370] }
05-22 11:36:31.174 V/PanelView(  448): animationTick called with dtms=0; nothing to do (h=1184.0 v=-4000.0)
05-22 11:36:31.252 I/ActivityManager(  374): START u0 {cmp=com.android.settings/.ConfirmLockPassword} from pid 17098
05-22 11:36:33.650 E/AndroidRuntime(17984): *** FATAL EXCEPTION IN SYSTEM PROCESS: main
05-22 11:36:33.650 E/AndroidRuntime(17984): java.lang.IllegalStateException: UiAutomationService android.accessibilityservice.IAccessibilityServiceClient$Stub$Proxy@426e0e68already registered!
05-22 11:36:33.650 E/AndroidRuntime(17984): 	at android.os.Parcel.readException(Parcel.java:1439)
05-22 11:36:33.650 E/AndroidRuntime(17984): 	at android.os.Parcel.readException(Parcel.java:1385)
05-22 11:36:33.650 E/AndroidRuntime(17984): 	at android.view.accessibility.IAccessibilityManager$Stub$Proxy.registerUiTestAutomationService(IAccessibilityManager.java:342)
05-22 11:36:33.650 E/AndroidRuntime(17984): 	at android.app.UiAutomationConnection.registerUiTestAutomationServiceLocked(UiAutomationConnection.java:173)
05-22 11:36:33.650 E/AndroidRuntime(17984): 	at android.app.UiAutomationConnection.connect(UiAutomationConnection.java:72)
05-22 11:36:33.650 E/AndroidRuntime(17984): 	at android.app.UiAutomation.connect(UiAutomation.java:188)
05-22 11:36:33.650 E/AndroidRuntime(17984): 	at com.android.uiautomator.core.UiAutomationShellWrapper.connect(UiAutomationShellWrapper.java:32)
05-22 11:36:33.650 E/AndroidRuntime(17984): 	at com.android.commands.uiautomator.DumpCommand.run(DumpCommand.java:74)
05-22 11:36:33.650 E/AndroidRuntime(17984): 	at com.android.commands.uiautomator.Launcher.main(Launcher.java:83)
05-22 11:36:33.650 E/AndroidRuntime(17984): 	at com.android.internal.os.RuntimeInit.nativeFinishInit(Native Method)
05-22 11:36:33.650 E/AndroidRuntime(17984): 	at com.android.internal.os.RuntimeInit.main(RuntimeInit.java:235)
05-22 11:36:33.650 E/AndroidRuntime(17984): 	at dalvik.system.NativeStart.main(Native Method)
05-22 11:36:33.674 E/AndroidRuntime(17984): Error reporting crash
05-22 11:36:33.674 E/AndroidRuntime(17984): java.lang.NullPointerException
05-22 11:36:33.674 E/AndroidRuntime(17984): 	at com.android.internal.os.RuntimeInit$UncaughtHandler.uncaughtException(RuntimeInit.java:76)
05-22 11:36:33.674 E/AndroidRuntime(17984): 	at java.lang.ThreadGroup.uncaughtException(ThreadGroup.java:693)
05-22 11:36:33.674 E/AndroidRuntime(17984): 	at java.lang.ThreadGroup.uncaughtException(ThreadGroup.java:690)
05-22 11:36:33.674 E/AndroidRuntime(17984): 	at dalvik.system.NativeStart.main(Native Method)
05-22 11:36:35.799 I/ActivityManager(  374): Start proc com.pekall.emdm.launcher:remote for service com.pekall.emdm.launcher/com.baidu.location.f: pid=17997 uid=10066 gids={50066, 1015, 3002, 3001, 3003, 1028}
--------- beginning of /dev/log/main
05-22 11:36:36.096 D/ExchangeService(17184): Reconciling accounts...
05-22 11:36:36.096 V/a       (17184): Bind requested for task reconcileAccounts
05-22 11:36:36.103 W/DocumentManager(17997): Sandbox service is not connected.
05-22 11:36:36.103 D/MessageControllerImpl(17997): controller is null
05-22 11:36:36.103 V/MyServiceConnection(17997): [SConnection] retry to bind service
05-22 11:36:36.103 V/MyServiceConnection(17997): [SConnection] sandbox service is NOT installed.
05-22 11:36:36.103 V/MyServiceConnection(17997): [SConnection] binding service: pekall.intent.action.SANDBOX_SERVICE
05-22 11:36:36.103 W/SQLiteOpenHelper(17997): Opened /data/data/com.pekall.emdm.launcher/databases/message.db
05-22 11:36:36.111 W/dalvikvm(17997): No implementation found for native Lcom/pekall/sandbox/database/sqlite/SQLiteDatabase;.native_setSqliteSoftHeapLimit:(I)V
05-22 11:36:36.111 D/AndroidRuntime(17997): Shutting down VM
05-22 11:36:36.111 W/dalvikvm(17997): threadid=1: thread exiting with uncaught exception (group=0x419c8700)
05-22 11:36:36.111 D/        (17997): [---null: -1---]  Thread is main
05-22 11:36:36.111 W/System.err(17997): java.lang.UnsatisfiedLinkError: Native method not found: com.pekall.sandbox.database.sqlite.SQLiteDatabase.native_setSqliteSoftHeapLimit:(I)V
05-22 11:36:36.111 W/System.err(17997): 	at com.pekall.sandbox.database.sqlite.SQLiteDatabase.native_setSqliteSoftHeapLimit(Native Method)
05-22 11:36:36.111 W/System.err(17997): 	at com.pekall.sandbox.database.sqlite.SQLiteDatabase.<init>(Unknown Source)
05-22 11:36:36.111 W/System.err(17997): 	at com.pekall.sandbox.database.sqlite.SQLiteDatabase.openDatabase(Unknown Source)
05-22 11:36:36.111 W/System.err(17997): 	at com.pekall.sandbox.database.sqlite.SQLiteDatabase.openDatabase(Unknown Source)
05-22 11:36:36.111 W/System.err(17997): 	at com.pekall.sandbox.database.sqlite.SQLiteDatabase.openDatabase(Unknown Source)
05-22 11:36:36.111 W/System.err(17997): 	at com.pekall.sandbox.database.sqlite.SQLiteOpenHelper.getWritableDatabase(Unknown Source)
05-22 11:36:36.111 W/System.err(17997): 	at com.pekall.emdm.messagecenter.db.a.a(Unknown Source)
05-22 11:36:36.111 W/System.err(17997): 	at com.pekall.emdm.messagecenter.db.a.b(Unknown Source)
05-22 11:36:36.111 W/System.err(17997): 	at com.pekall.emdm.messagecenter.activity.a.onCreate(Unknown Source)
05-22 11:36:36.111 W/System.err(17997): 	at com.pekall.emdm.launcher.LauncherApplication.onCreate(Unknown Source)
05-22 11:36:36.111 W/System.err(17997): 	at android.app.Instrumentation.callApplicationOnCreate(Instrumentation.java:1007)
05-22 11:36:36.111 W/System.err(17997): 	at android.app.ActivityThread.handleBindApplication(ActivityThread.java:4444)
05-22 11:36:36.119 W/System.err(17997): 	at android.app.ActivityThread.access$1300(ActivityThread.java:141)
05-22 11:36:36.119 W/System.err(17997): 	at android.app.ActivityThread$H.handleMessage(ActivityThread.java:1316)
05-22 11:36:36.119 W/System.err(17997): 	at android.os.Handler.dispatchMessage(Handler.java:99)
05-22 11:36:36.119 W/System.err(17997): 	at android.os.Looper.loop(Looper.java:137)
05-22 11:36:36.119 W/System.err(17997): 	at android.app.ActivityThread.main(ActivityThread.java:5103)
05-22 11:36:36.119 W/System.err(17997): 	at java.lang.reflect.Method.invokeNative(Native Method)
05-22 11:36:36.119 W/System.err(17997): 	at java.lang.reflect.Method.invoke(Method.java:525)
05-22 11:36:36.119 W/System.err(17997): 	at com.android.internal.os.ZygoteInit$MethodAndArgsCaller.run(ZygoteInit.java:737)
05-22 11:36:36.119 W/System.err(17997): 	at com.android.internal.os.ZygoteInit.main(ZygoteInit.java:553)
05-22 11:36:36.119 W/System.err(17997): 	at dalvik.system.NativeStart.main(Native Method)
05-22 11:36:36.150 V/a       (17184): Connected: com.pekall.semail.service.AccountServiceInternal
05-22 11:36:36.166 V/a       (17184): Connection test succeeded in 114ms
05-22 11:36:36.181 V/a       (17184): Task test completed; disconnecting
05-22 11:36:36.205 V/a       (17184): Connected: com.pekall.semail.service.AccountServiceInternal
05-22 11:36:36.205 V/a       (17184): Waiting for task reconcileAccounts to complete...
05-22 11:36:36.213 V/a       (17184): Task reconcileAccounts completed; disconnecting
05-22 11:36:36.213 V/a       (17184): Wait for reconcileAccounts finished in 8ms
05-22 11:36:36.236 D/ActivityThread(17997): Loading provider com.pekall.semail.provider;com.pekall.semail.notifier: com.pekall.semail.provider.EmailProvider
05-22 11:36:36.689 D/AndroidRuntime(18031): 
05-22 11:36:36.689 D/AndroidRuntime(18031): >>>>>> AndroidRuntime START com.android.internal.os.RuntimeInit <<<<<<
05-22 11:36:36.689 D/AndroidRuntime(18031): CheckJNI is OFF
05-22 11:36:36.705 D/dalvikvm(18031): Trying to load lib libjavacore.so 0x0
05-22 11:36:36.705 D/dalvikvm(18031): Added shared lib libjavacore.so 0x0
05-22 11:36:36.728 D/dalvikvm(18031): Trying to load lib libnativehelper.so 0x0
05-22 11:36:36.728 D/dalvikvm(18031): Added shared lib libnativehelper.so 0x0
05-22 11:36:36.916 D/AndroidRuntime(18031): Calling main entry com.android.commands.uiautomator.Launcher
05-22 11:36:36.924 D/AndroidRuntime(18031): Shutting down VM
05-22 11:36:36.924 W/dalvikvm(18031): threadid=1: thread exiting with uncaught exception (group=0x417c3700)
05-22 11:36:36.931 D/dalvikvm(18031): Note: class Landroid/app/ActivityManagerNative; has 163 unimplemented (abstract) methods
05-22 11:36:36.931 E/JavaBinder(18031): Unknown binder error code. 0xfffffff7
05-22 11:36:36.931 E/ServiceManager(18031): error in getService
05-22 11:36:36.931 E/ServiceManager(18031): android.os.RemoteException: Unknown binder error code. 0xfffffff7
05-22 11:36:36.931 E/ServiceManager(18031): 	at android.os.BinderProxy.transact(Native Method)
05-22 11:36:36.931 E/ServiceManager(18031): 	at android.os.ServiceManagerProxy.getService(ServiceManagerNative.java:123)
05-22 11:36:36.931 E/ServiceManager(18031): 	at android.os.ServiceManager.getService(ServiceManager.java:55)
05-22 11:36:36.931 E/ServiceManager(18031): 	at android.app.ActivityManagerNative$1.create(ActivityManagerNative.java:1893)
05-22 11:36:36.931 E/ServiceManager(18031): 	at android.app.ActivityManagerNative$1.create(ActivityManagerNative.java:1891)
05-22 11:36:36.931 E/ServiceManager(18031): 	at android.util.Singleton.get(Singleton.java:34)
05-22 11:36:36.931 E/ServiceManager(18031): 	at android.app.ActivityManagerNative.getDefault(ActivityManagerNative.java:73)
05-22 11:36:36.931 E/ServiceManager(18031): 	at com.android.internal.os.RuntimeInit$UncaughtHandler.uncaughtException(RuntimeInit.java:76)
05-22 11:36:36.931 E/ServiceManager(18031): 	at java.lang.ThreadGroup.uncaughtException(ThreadGroup.java:693)
05-22 11:36:36.931 E/ServiceManager(18031): 	at java.lang.ThreadGroup.uncaughtException(ThreadGroup.java:690)
05-22 11:36:36.931 E/ServiceManager(18031): 	at dalvik.system.NativeStart.main(Native Method)
05-22 11:36:36.931 I/Process (18031): Sending signal. PID: 18031 SIG: 9
05-22 11:36:36.931 E/AndroidRuntime(18031): *** FATAL EXCEPTION IN SYSTEM PROCESS: main
05-22 11:36:36.931 E/AndroidRuntime(18031): java.lang.IllegalStateException: UiAutomationService android.accessibilityservice.IAccessibilityServiceClient$Stub$Proxy@426da570already registered!
05-22 11:36:36.931 E/AndroidRuntime(18031): 	at android.os.Parcel.readException(Parcel.java:1439)
05-22 11:36:36.931 E/AndroidRuntime(18031): 	at android.os.Parcel.readException(Parcel.java:1385)
05-22 11:36:36.931 E/AndroidRuntime(18031): 	at android.view.accessibility.IAccessibilityManager$Stub$Proxy.registerUiTestAutomationService(IAccessibilityManager.java:342)
05-22 11:36:36.931 E/AndroidRuntime(18031): 	at android.app.UiAutomationConnection.registerUiTestAutomationServiceLocked(UiAutomationConnection.java:173)
05-22 11:36:36.931 E/AndroidRuntime(18031): 	at android.app.UiAutomationConnection.connect(UiAutomationConnection.java:72)
05-22 11:36:36.931 E/AndroidRuntime(18031): 	at android.app.UiAutomation.connect(UiAutomation.java:188)
05-22 11:36:36.931 E/AndroidRuntime(18031): 	at com.android.uiautomator.core.UiAutomationShellWrapper.connect(UiAutomationShellWrapper.java:32)
05-22 11:36:36.931 E/AndroidRuntime(18031): 	at com.android.commands.uiautomator.DumpCommand.run(DumpCommand.java:74)
05-22 11:36:36.931 E/AndroidRuntime(18031): 	at com.android.commands.uiautomator.Launcher.main(Launcher.java:83)
05-22 11:36:36.931 E/AndroidRuntime(18031): 	at com.android.internal.os.RuntimeInit.nativeFinishInit(Native Method)
05-22 11:36:36.931 E/AndroidRuntime(18031): 	at com.android.internal.os.RuntimeInit.main(RuntimeInit.java:235)
05-22 11:36:36.931 E/AndroidRuntime(18031): 	at dalvik.system.NativeStart.main(Native Method)
05-22 11:36:36.931 E/AndroidRuntime(18031): Error reporting crash
05-22 11:36:36.931 E/AndroidRuntime(18031): java.lang.NullPointerException
05-22 11:36:36.931 E/AndroidRuntime(18031): 	at com.android.internal.os.RuntimeInit$UncaughtHandler.uncaughtException(RuntimeInit.java:76)
05-22 11:36:36.931 E/AndroidRuntime(18031): 	at java.lang.ThreadGroup.uncaughtException(ThreadGroup.java:693)
05-22 11:36:36.931 E/AndroidRuntime(18031): 	at java.lang.ThreadGroup.uncaughtException(ThreadGroup.java:690)
05-22 11:36:36.931 E/AndroidRuntime(18031): 	at dalvik.system.NativeStart.main(Native Method)
05-22 11:36:37.103 D/ExchangeService(17184): !!! EAS ExchangeService, stopping self
05-22 11:36:37.135 D/dalvikvm(17997): GC_CONCURRENT freed 458K, 6% free 9496K/9996K, paused 3ms+2ms, total 27ms
05-22 11:36:37.135 W/EmailProvider(17997): restoreIfNeeded...
05-22 11:36:37.189 D/EmailProvider(17997): restoreAccounts...
05-22 11:36:37.580 D/EmailProvider(17997): No accounts to restore...
05-22 11:36:37.588 D/EmailProvider(17997): Deleting orphans...
05-22 11:36:37.603 D/EmailProvider(17997): EmailProvider pre-caching...
05-22 11:36:38.385 D/EmailProvider(17997): EmailProvider ready.
05-22 11:36:38.994 W/ActivityManager(  374): Unable to start service Intent { cmp=com.pekall.emdm.launcher/com.pekall.semail.service.AttachmentDownloadService } U=0: not found
05-22 11:36:39.017 I/Email   (17997): Notifications being toggled: false
05-22 11:36:42.752 W/Parcel  ( 1661): Attempt to read object from Parcel 0x6003bdac at offset 200 that is not in the object list
05-22 11:36:43.478 W/MountService(  374): getVolumeState(/storage/emulated/0/external_sd): Unknown volume
05-22 11:36:43.478 W/MountService(  374): getVolumeState(/mnt/sdcard-ext): Unknown volume
05-22 11:36:43.478 W/MountService(  374): getVolumeState(/mnt/ext_sdcard): Unknown volume
05-22 11:36:43.486 W/MountService(  374): getVolumeState(/mnt/sdcard2): Unknown volume
05-22 11:36:43.494 W/MountService(  374): getVolumeState(/mnt/emmc): Unknown volume
05-22 11:36:43.494 W/MountService(  374): getVolumeState(/mnt/extSdCard): Unknown volume
05-22 11:36:43.494 W/MountService(  374): getVolumeState(/mnt/sdcard/SD_CARD): Unknown volume
05-22 11:36:43.502 W/MountService(  374): getVolumeState(/mnt/sdcard/extra_sd): Unknown volume
05-22 11:36:43.502 W/MountService(  374): getVolumeState(/mnt/extrasd_bind): Unknown volume
05-22 11:36:43.510 W/MountService(  374): getVolumeState(/mnt/sdcard/ext_sd): Unknown volume
05-22 11:36:43.533 W/MountService(  374): getVolumeState(/storage/extSdCard): Unknown volume
05-22 11:36:43.556 W/MountService(  374): getVolumeState(/storage/sdcard1): Unknown volume
05-22 11:36:43.556 W/MountService(  374): getVolumeState(/mnt/sdcard/external_SD): Unknown volume
05-22 11:36:43.556 W/MountService(  374): getVolumeState(/mnt/sdcard/external_sd): Unknown volume
05-22 11:36:44.221 D/dalvikvm( 1468): GC_CONCURRENT freed 533K, 21% free 9968K/12512K, paused 4ms+185ms, total 957ms
05-22 11:36:44.221 D/dalvikvm( 1468): WAIT_FOR_CONCURRENT_GC blocked 635ms
05-22 11:36:44.221 D/dalvikvm( 1468): WAIT_FOR_CONCURRENT_GC blocked 583ms
05-22 11:36:45.799 D/dalvikvm(16892): GC_EXPLICIT freed 161K, 3% free 9192K/9392K, paused 1ms+11ms, total 47ms
05-22 11:36:47.736 D/dalvikvm( 1468): GC_CONCURRENT freed 465K, 20% free 10015K/12512K, paused 47ms+186ms, total 1308ms
05-22 11:36:47.736 D/dalvikvm( 1468): WAIT_FOR_CONCURRENT_GC blocked 726ms
05-22 11:36:47.760 D/dalvikvm( 1468): WAIT_FOR_CONCURRENT_GC blocked 734ms
05-22 11:36:47.783 D/dalvikvm( 1468): WAIT_FOR_CONCURRENT_GC blocked 734ms
05-22 11:36:47.916 D/dalvikvm( 1468): WAIT_FOR_CONCURRENT_GC blocked 891ms
05-22 11:36:48.049 W/MountService(  374): getVolumeState(/storage/emulated/0/external_sd): Unknown volume
05-22 11:36:48.049 W/MountService(  374): getVolumeState(/mnt/sdcard-ext): Unknown volume
05-22 11:36:48.049 W/MountService(  374): getVolumeState(/mnt/ext_sdcard): Unknown volume
05-22 11:36:48.056 W/MountService(  374): getVolumeState(/mnt/sdcard2): Unknown volume
05-22 11:36:48.072 W/MountService(  374): getVolumeState(/mnt/emmc): Unknown volume
05-22 11:36:48.072 W/MountService(  374): getVolumeState(/mnt/extSdCard): Unknown volume
05-22 11:36:48.096 W/MountService(  374): getVolumeState(/mnt/sdcard/SD_CARD): Unknown volume
05-22 11:36:48.096 W/MountService(  374): getVolumeState(/mnt/sdcard/extra_sd): Unknown volume
05-22 11:36:48.103 W/MountService(  374): getVolumeState(/mnt/extrasd_bind): Unknown volume
05-22 11:36:48.103 W/MountService(  374): getVolumeState(/mnt/sdcard/ext_sd): Unknown volume
05-22 11:36:48.135 W/MountService(  374): getVolumeState(/storage/extSdCard): Unknown volume
05-22 11:36:48.150 W/MountService(  374): getVolumeState(/storage/sdcard1): Unknown volume
05-22 11:36:48.158 W/MountService(  374): getVolumeState(/mnt/sdcard/external_SD): Unknown volume
05-22 11:36:48.166 W/MountService(  374): getVolumeState(/mnt/sdcard/external_sd): Unknown volume
05-22 11:36:49.275 D/dalvikvm( 1468): GC_CONCURRENT freed 500K, 21% free 9956K/12512K, paused 78ms+200ms, total 820ms
05-22 11:36:55.049 D/AndroidRuntime(18057): 
05-22 11:36:55.049 D/AndroidRuntime(18057): >>>>>> AndroidRuntime START com.android.internal.os.RuntimeInit <<<<<<
05-22 11:36:55.049 D/AndroidRuntime(18057): CheckJNI is OFF
05-22 11:36:55.064 D/dalvikvm(18057): Trying to load lib libjavacore.so 0x0
05-22 11:36:55.072 D/dalvikvm(18057): Added shared lib libjavacore.so 0x0
05-22 11:36:55.096 D/LightsService(  374): Excessive delay setting light: 53ms
05-22 11:36:55.096 D/dalvikvm(18057): Trying to load lib libnativehelper.so 0x0
05-22 11:36:55.096 D/dalvikvm(18057): Added shared lib libnativehelper.so 0x0
05-22 11:36:55.166 I/QueryController(17965): Matched selector: UiSelector[CLASS=android.widget.EditText, INDEX=2] <<==>> [android.view.accessibility.AccessibilityNodeInfo@d159a; boundsInParent: Rect(524043, 0 - 524579, 100); boundsInScreen: Rect(92, 271 - 628, 371); packageName: com.android.settings; className: android.widget.EditText; text: null; contentDescription: null; viewIdResName: com.android.settings:id/password_entry; checkable: false; checked: false; focusable: true; focused: true; selected: false; clickable: true; longClickable: true; enabled: true; password: true; scrollable: false; [ACTION_CLEAR_FOCUS, ACTION_SELECT, ACTION_CLEAR_SELECTION, ACTION_CLICK, ACTION_LONG_CLICK, ACTION_ACCESSIBILITY_FOCUS]]
05-22 11:36:55.213 D/LightsService(  374): Excessive delay setting light: 112ms
05-22 11:36:55.306 D/AndroidRuntime(18057): Calling main entry com.android.commands.uiautomator.Launcher
05-22 11:36:55.314 D/AndroidRuntime(18057): Shutting down VM
05-22 11:36:55.314 W/dalvikvm(18057): threadid=1: thread exiting with uncaught exception (group=0x4171d700)
05-22 11:36:55.322 D/dalvikvm(18057): Note: class Landroid/app/ActivityManagerNative; has 163 unimplemented (abstract) methods
05-22 11:36:55.322 E/JavaBinder(18057): Unknown binder error code. 0xfffffff7
05-22 11:36:55.322 E/AndroidRuntime(18057): *** FATAL EXCEPTION IN SYSTEM PROCESS: main
05-22 11:36:55.322 E/AndroidRuntime(18057): java.lang.IllegalStateException: UiAutomationService android.accessibilityservice.IAccessibilityServiceClient$Stub$Proxy@42d8dec0already registered!
05-22 11:36:55.322 E/AndroidRuntime(18057): 	at android.os.Parcel.readException(Parcel.java:1439)
05-22 11:36:55.322 E/AndroidRuntime(18057): 	at android.os.Parcel.readException(Parcel.java:1385)
05-22 11:36:55.322 E/AndroidRuntime(18057): 	at android.view.accessibility.IAccessibilityManager$Stub$Proxy.registerUiTestAutomationService(IAccessibilityManager.java:342)
05-22 11:36:55.322 E/AndroidRuntime(18057): 	at android.app.UiAutomationConnection.registerUiTestAutomationServiceLocked(UiAutomationConnection.java:173)
05-22 11:36:55.322 E/AndroidRuntime(18057): 	at android.app.UiAutomationConnection.connect(UiAutomationConnection.java:72)
05-22 11:36:55.322 E/AndroidRuntime(18057): 	at android.app.UiAutomation.connect(UiAutomation.java:188)
05-22 11:36:55.322 E/AndroidRuntime(18057): 	at com.android.uiautomator.core.UiAutomationShellWrapper.connect(UiAutomationShellWrapper.java:32)
05-22 11:36:55.322 E/AndroidRuntime(18057): 	at com.android.commands.uiautomator.DumpCommand.run(DumpCommand.java:74)
05-22 11:36:55.322 E/AndroidRuntime(18057): 	at com.android.commands.uiautomator.Launcher.main(Launcher.java:83)
05-22 11:36:55.322 E/AndroidRuntime(18057): 	at com.android.internal.os.RuntimeInit.nativeFinishInit(Native Method)
05-22 11:36:55.322 E/AndroidRuntime(18057): 	at com.android.internal.os.RuntimeInit.main(RuntimeInit.java:235)
05-22 11:36:55.322 E/AndroidRuntime(18057): 	at dalvik.system.NativeStart.main(Native Method)
05-22 11:36:55.330 E/ServiceManager(18057): error in getService
05-22 11:36:55.330 E/ServiceManager(18057): android.os.RemoteException: Unknown binder error code. 0xfffffff7
05-22 11:36:55.330 E/ServiceManager(18057): 	at android.os.BinderProxy.transact(Native Method)
05-22 11:36:55.330 E/ServiceManager(18057): 	at android.os.ServiceManagerProxy.getService(ServiceManagerNative.java:123)
05-22 11:36:55.330 E/ServiceManager(18057): 	at android.os.ServiceManager.getService(ServiceManager.java:55)
05-22 11:36:55.330 E/ServiceManager(18057): 	at android.app.ActivityManagerNative$1.create(ActivityManagerNative.java:1893)
05-22 11:36:55.330 E/ServiceManager(18057): 	at android.app.ActivityManagerNative$1.create(ActivityManagerNative.java:1891)
05-22 11:36:55.330 E/ServiceManager(18057): 	at android.util.Singleton.get(Singleton.java:34)
05-22 11:36:55.330 E/ServiceManager(18057): 	at android.app.ActivityManagerNative.getDefault(ActivityManagerNative.java:73)
05-22 11:36:55.330 E/ServiceManager(18057): 	at com.android.internal.os.RuntimeInit$UncaughtHandler.uncaughtException(RuntimeInit.java:76)
05-22 11:36:55.330 E/ServiceManager(18057): 	at java.lang.ThreadGroup.uncaughtException(ThreadGroup.java:693)
05-22 11:36:55.330 E/ServiceManager(18057): 	at java.lang.ThreadGroup.uncaughtException(ThreadGroup.java:690)
05-22 11:36:55.330 E/ServiceManager(18057): 	at dalvik.system.NativeStart.main(Native Method)
05-22 11:36:55.338 I/Process (18057): Sending signal. PID: 18057 SIG: 9
05-22 11:36:55.338 E/AndroidRuntime(18057): Error reporting crash
05-22 11:36:55.338 E/AndroidRuntime(18057): java.lang.NullPointerException
05-22 11:36:55.338 E/AndroidRuntime(18057): 	at com.android.internal.os.RuntimeInit$UncaughtHandler.uncaughtException(RuntimeInit.java:76)
05-22 11:36:55.338 E/AndroidRuntime(18057): 	at java.lang.ThreadGroup.uncaughtException(ThreadGroup.java:693)
05-22 11:36:55.338 E/AndroidRuntime(18057): 	at java.lang.ThreadGroup.uncaughtException(ThreadGroup.java:690)
05-22 11:36:55.338 E/AndroidRuntime(18057): 	at dalvik.system.NativeStart.main(Native Method)
05-22 11:36:55.361 D/LightsService(  374): Excessive delay setting light: 79ms
05-22 11:36:55.846 W/ActivityManager(  374): Timeout executing service: ServiceRecord{4301b240 u0 com.pekall.emdm.launcher/com.baidu.location.f}
05-22 11:36:55.869 I/Process (  374): Sending signal. PID: 17997 SIG: 3
05-22 11:36:55.869 I/dalvikvm(17997): threadid=3: reacting to signal 3
05-22 11:36:56.064 I/Process (  374): Sending signal. PID: 374 SIG: 3
05-22 11:36:56.064 I/dalvikvm(  374): threadid=3: reacting to signal 3
05-22 11:36:56.119 D/dalvikvm(17997): JIT unchain all for threadid=11
05-22 11:36:56.158 I/dalvikvm(17997): Wrote stack traces to '/data/anr/traces.txt'
05-22 11:36:58.736 I/dalvikvm(  374): Wrote stack traces to '/data/anr/traces.txt'
05-22 11:36:58.736 I/Process (  374): Sending signal. PID: 448 SIG: 3
05-22 11:36:58.744 I/dalvikvm(  448): threadid=3: reacting to signal 3
05-22 11:36:58.744 I/Choreographer(17098): Skipped 157 frames!  The application may be doing too much work on its main thread.
05-22 11:36:58.814 I/Process (  374): Sending signal. PID: 561 SIG: 3
05-22 11:36:58.814 I/dalvikvm(  561): threadid=3: reacting to signal 3
05-22 11:36:58.814 I/Process (  374): Sending signal. PID: 568 SIG: 3
05-22 11:36:58.814 I/dalvikvm(  568): threadid=3: reacting to signal 3
05-22 11:36:58.877 I/dalvikvm(  568): Wrote stack traces to '/data/anr/traces.txt'
05-22 11:36:58.908 I/dalvikvm(  561): Wrote stack traces to '/data/anr/traces.txt'
05-22 11:36:59.400 D/dalvikvm(  374): GC_CONCURRENT freed 4500K, 23% free 23424K/30132K, paused 7ms+25ms, total 251ms
05-22 11:36:59.400 D/dalvikvm(  374): WAIT_FOR_CONCURRENT_GC blocked 185ms
05-22 11:36:59.400 D/dalvikvm(  374): WAIT_FOR_CONCURRENT_GC blocked 207ms
05-22 11:36:59.400 D/dalvikvm(  374): WAIT_FOR_CONCURRENT_GC blocked 168ms
05-22 11:36:59.494 I/dalvikvm(  448): Wrote stack traces to '/data/anr/traces.txt'
05-22 11:36:59.603 D/dalvikvm(  374): GC_EXPLICIT freed 293K, 23% free 23331K/30132K, paused 5ms+16ms, total 160ms
05-22 11:37:00.056 I/QueryController(17965): Matched selector: UiSelector[CLASS=android.widget.EditText, INDEX=2] <<==>> [android.view.accessibility.AccessibilityNodeInfo@d159a; boundsInParent: Rect(524043, 0 - 524579, 100); boundsInScreen: Rect(92, 271 - 628, 371); packageName: com.android.settings; className: android.widget.EditText; text: null; contentDescription: null; viewIdResName: com.android.settings:id/password_entry; checkable: false; checked: false; focusable: true; focused: true; selected: false; clickable: true; longClickable: true; enabled: true; password: true; scrollable: false; [ACTION_CLEAR_FOCUS, ACTION_SELECT, ACTION_CLEAR_SELECTION, ACTION_CLICK, ACTION_LONG_CLICK, ACTION_ACCESSIBILITY_FOCUS]]
05-22 11:37:00.189 I/Process (  374): Sending signal. PID: 17184 SIG: 3
05-22 11:37:00.197 I/dalvikvm(17184): threadid=3: reacting to signal 3
05-22 11:37:00.400 I/Process (  374): Sending signal. PID: 531 SIG: 3
05-22 11:37:00.400 I/dalvikvm(  531): threadid=3: reacting to signal 3
05-22 11:37:00.439 I/dalvikvm(  531): Wrote stack traces to '/data/anr/traces.txt'
05-22 11:37:00.439 I/Process (  374): Sending signal. PID: 17098 SIG: 3
05-22 11:37:00.439 I/dalvikvm(17098): threadid=3: reacting to signal 3
05-22 11:37:00.447 D/dalvikvm(17184): JIT unchain all for threadid=11
05-22 11:37:00.478 I/dalvikvm(17098): Wrote stack traces to '/data/anr/traces.txt'
05-22 11:37:00.478 I/Process (  374): Sending signal. PID: 17688 SIG: 3
05-22 11:37:00.478 I/dalvikvm(17688): threadid=3: reacting to signal 3
05-22 11:37:00.517 I/dalvikvm(17688): Wrote stack traces to '/data/anr/traces.txt'
05-22 11:37:00.525 E/ActivityManager(  374): ANR in com.pekall.emdm.launcher:remote
05-22 11:37:00.525 E/ActivityManager(  374): Reason: Executing service com.pekall.emdm.launcher/com.baidu.location.f
05-22 11:37:00.525 E/ActivityManager(  374): Load: 3.31 / 3.4 / 2.74
05-22 11:37:00.525 E/ActivityManager(  374): CPU usage from 19746ms to 0ms ago:
05-22 11:37:00.525 E/ActivityManager(  374):   94% 17184/com.pekall.emdm.launcher: 94% user + 0% kernel / faults: 86 minor
05-22 11:37:00.525 E/ActivityManager(  374):   91% 17997/com.pekall.emdm.launcher:remote: 91% user + 0.1% kernel / faults: 510 minor
05-22 11:37:00.525 E/ActivityManager(  374):   3.2% 17965/uiautomator: 3% user + 0.1% kernel / faults: 817 minor
05-22 11:37:00.525 E/ActivityManager(  374):   1.3% 374/system_server: 0.6% user + 0.7% kernel / faults: 138 minor
05-22 11:37:00.525 E/ActivityManager(  374):   0.4% 1468/com.qihoo.daemon: 0.3% user + 0% kernel / faults: 1269 minor
05-22 11:37:00.525 E/ActivityManager(  374):   1% 17098/com.android.settings: 0.9% user + 0.1% kernel / faults: 119 minor
05-22 11:37:00.525 E/ActivityManager(  374):   0.6% 124/surfaceflinger: 0.3% user + 0.2% kernel / faults: 1917 minor
05-22 11:37:00.525 E/ActivityManager(  374):   0.2% 135/adbd: 0% user + 0.2% kernel / faults: 164 minor
05-22 11:37:00.525 E/ActivityManager(  374):   0.2% 1661/com.qihoo360.mobilesafe:GuardService: 0.1% user + 0.1% kernel / faults: 5 minor
05-22 11:37:00.525 E/ActivityManager(  374):   0% 16892/android.process.media: 0% user + 0% kernel / faults: 468 minor
05-22 11:37:00.525 E/ActivityManager(  374):   0.1% 12874/com.qihoo.appstore: 0.1% user + 0% kernel / faults: 5 minor
05-22 11:37:00.525 E/ActivityManager(  374):   0.1% 17869/kworker/0:0: 0% user + 0.1% kernel
05-22 11:37:00.525 E/ActivityManager(  374):   0.1% 121/netd: 0.1% user + 0% kernel
05-22 11:37:00.525 E/ActivityManager(  374):   0.1% 16925/kworker/u:5: 0% user + 0.1% kernel
05-22 11:37:00.525 E/ActivityManager(  374):   0.1% 17549/kworker/u:3: 0% user + 0.1% kernel
05-22 11:37:00.525 E/ActivityManager(  374):   0.1% 17914/logcat: 0% user + 0% kernel
05-22 11:37:00.525 E/ActivityManager(  374):   0% 82/mmcqd/0: 0% user + 0% kernel
05-22 11:37:00.525 E/ActivityManager(  374):   0% 92/dhd_dpc: 0% user + 0% kernel
05-22 11:37:00.525 E/ActivityManager(  374):   0% 95/ueventd: 0% user + 0% kernel
05-22 11:37:00.525 E/ActivityManager(  374):   0% 114/jbd2/mmcblk0p12: 0% user + 0% kernel
05-22 11:37:00.525 E/ActivityManager(  374):   0% 117/vold: 0% user + 0% kernel
05-22 11:37:00.525 E/ActivityManager(  374):   0% 442/wpa_supplicant: 0% user + 0% kernel
05-22 11:37:00.525 E/ActivityManager(  374):   0% 448/com.android.systemui: 0% user + 0% kernel / faults: 2 minor
05-22 11:37:00.525 E/ActivityManager(  374):   0% 531/com.google.android.inputmethod.latin: 0% user + 0% kernel
05-22 11:37:00.525 E/ActivityManager(  374):   0% 561/com.android.phone: 0% user + 0% kernel / faults: 5 minor
05-22 11:37:00.525 E/ActivityManager(  374):   0% 1615/logcat: 0% user + 0% kernel
05-22 11:37:00.525 E/ActivityManager(  374):   0% 12659/kworker/u:2: 0% user + 0% kernel
05-22 11:37:00.525 E/ActivityManager(  374):   0% 16480/com.nd.assistance.ServerService: 0% user + 0% kernel / faults: 2 minor
05-22 11:37:00.525 E/ActivityManager(  374): 99% TOTAL: 98% user + 1.4% kernel + 0% softirq
05-22 11:37:00.525 E/ActivityManager(  374): CPU usage from 3768ms to 4310ms later with 99% awake:
05-22 11:37:00.525 E/ActivityManager(  374):   88% 17997/com.pekall.emdm.launcher:remote: 88% user + 0% kernel
05-22 11:37:00.525 E/ActivityManager(  374):     87% 18010/Thread-5094: 87% user + 0% kernel
05-22 11:37:00.525 E/ActivityManager(  374):   87% 17184/com.pekall.emdm.launcher: 87% user + 0% kernel
05-22 11:37:00.525 E/ActivityManager(  374):     88% 17197/Thread-5058: 88% user + 0% kernel
05-22 11:37:00.525 E/ActivityManager(  374):   11% 374/system_server: 5.5% user + 5.5% kernel / faults: 32 minor
05-22 11:37:00.525 E/ActivityManager(  374):     5.5% 390/ActivityManager: 1.8% user + 3.7% kernel
05-22 11:37:00.525 E/ActivityManager(  374):     1.8% 389/WindowManager: 1.8% user + 0% kernel
05-22 11:37:00.525 E/ActivityManager(  374):     1.8% 407/InputDispatcher: 1.8% user + 0% kernel
05-22 11:37:00.525 E/ActivityManager(  374):   2.5% 124/surfaceflinger: 0.8% user + 1.6% kernel
05-22 11:37:00.525 E/ActivityManager(  374):     0.8% 124/Binder_2: 0% user + 0.8% kernel
05-22 11:37:00.525 E/ActivityManager(  374):     0.8% 151/SurfaceFlinger: 0.8% user + 0% kernel
05-22 11:37:00.525 E/ActivityManager(  374):   0.8% 531/com.google.android.inputmethod.latin: 0% user + 0.8% kernel
05-22 11:37:00.525 E/ActivityManager(  374):   0.9% 12659/kworker/u:2: 0% user + 0.9% kernel
05-22 11:37:00.525 E/ActivityManager(  374):   1% 16925/kworker/u:5: 0% user + 1% kernel
05-22 11:37:00.525 E/ActivityManager(  374):   1.2% 17098/com.android.settings: 1.2% user + 0% kernel / faults: 7 minor
05-22 11:37:00.525 E/ActivityManager(  374):     1.2% 17098/ndroid.settings: 1.2% user + 0% kernel
05-22 11:37:00.525 E/ActivityManager(  374):   1.2% 17688/com.dragon.android.pandaspace:bdservice_v1: 0% user + 1.2% kernel / faults: 22 minor
05-22 11:37:00.525 E/ActivityManager(  374):     2.5% 17688/ce:bdservice_v1: 1.2% user + 1.2% kernel
05-22 11:37:00.525 E/ActivityManager(  374):   1.3% 17965/uiautomator: 1.3% user + 0% kernel / faults: 23 minor
05-22 11:37:00.525 E/ActivityManager(  374):     1.3% 17965/uiautomator: 1.3% user + 0% kernel
05-22 11:37:00.525 E/ActivityManager(  374): 100% TOTAL: 95% user + 4.6% kernel
05-22 11:37:00.533 W/ActivityManager(  374): Killing ProcessRecord{426e1e50 17997:com.pekall.emdm.launcher:remote/u0a10066}: background ANR
05-22 11:37:00.556 I/dalvikvm(17184): Wrote stack traces to '/data/anr/traces.txt'
05-22 11:37:00.556 D/ExchangeService(17184): !!! EAS ExchangeService, onDestroy
05-22 11:37:00.556 I/ActivityManager(  374): Process com.pekall.emdm.launcher:remote (pid 17997) has died.
05-22 11:37:00.556 W/ActivityManager(  374): Scheduling restart of crashed service com.pekall.emdm.launcher/com.baidu.location.f in 320000ms
05-22 11:37:09.611 D/dalvikvm(  531): GC_FOR_ALLOC freed 656K, 20% free 10081K/12540K, paused 16ms, total 20ms
05-22 11:37:09.619 I/dalvikvm-heap(  531): Grow heap (frag case) to 11.407MB for 1598416-byte allocation
05-22 11:37:09.635 D/dalvikvm(  531): GC_FOR_ALLOC freed 80K, 19% free 11562K/14104K, paused 17ms, total 17ms
05-22 11:37:09.658 D/dalvikvm(  531): GC_CONCURRENT freed <1K, 19% free 11562K/14104K, paused 3ms+2ms, total 27ms
05-22 11:37:14.564 I/ActivityManager(  374): Displayed com.android.settings/.ChooseLockGeneric: +43s401ms
05-22 11:37:15.205 I/AndroidRuntime(17965): VM exiting with result code 0.
05-22 11:37:25.916 D/MDM :   (17184): [null:-1]->MSG_WEBSOCKET_MESSAGE : {"id":-521293281,"type":0,"command":0,"result":0,"reason":0,"params":{"msgId":"286a921d-066e-47cf-8cfe-99596260cfd6,286a921d066e47cf8cfe99596260cfd6","device":"00013fbc8ecec5b90000014621fa2165","message":"{\"cmd\":\"10119\"}"}}
05-22 11:37:25.931 D/MdmService(17184): [null:-1]->push message type :0
05-22 11:37:25.931 D/MdmService(17184): [null:-1]->cmdMessage : {"cmd":"10119"}
