05-22 11:30:39.361 V/CounterTextView(17184): draw
05-22 11:30:39.369 V/CounterTextView(17184): count = 1
05-22 11:30:39.369 D/MDM :   (17184): [null:-1]->zzzzz   getWidth() 175
05-22 11:30:39.377 D/MDM :   (17184): [null:-1]->zzzzz   ++++++++++++++++mWidthTemp <getWidth()(Offset) 0
05-22 11:30:39.377 V/CounterTextView(17184): xxxxxxx   136
05-22 11:30:39.377 V/CounterTextView(17184): draw
05-22 11:30:39.377 V/CounterTextView(17184): count = 1
05-22 11:30:39.377 D/MDM :   (17184): [null:-1]->zzzzz   getWidth() 175
05-22 11:30:39.385 D/MDM :   (17184): [null:-1]->zzzzz   ++++++++++++++++mWidthTemp <getWidth()(Offset) 0
05-22 11:30:39.385 V/CounterTextView(17184): xxxxxxx   136
05-22 11:30:39.603 W/InputMethodManagerService(  374): Window already focused, ignoring focus gain of: com.android.internal.view.IInputMethodClient$Stub$Proxy@42620138 attribute=null, token = android.os.BinderProxy@42871e00
05-22 11:30:39.627 V/CounterTextView(17184): draw
05-22 11:30:39.627 V/CounterTextView(17184): count = 1
05-22 11:30:39.627 D/MDM :   (17184): [null:-1]->zzzzz   getWidth() 175
05-22 11:30:39.627 D/MDM :   (17184): [null:-1]->zzzzz   ++++++++++++++++mWidthTemp <getWidth()(Offset) 0
05-22 11:30:39.627 V/CounterTextView(17184): xxxxxxx   136
05-22 11:30:39.635 V/CounterTextView(17184): draw
05-22 11:30:39.635 V/CounterTextView(17184): count = 1
05-22 11:30:39.635 D/MDM :   (17184): [null:-1]->zzzzz   getWidth() 175
05-22 11:30:39.642 D/MDM :   (17184): [null:-1]->zzzzz   ++++++++++++++++mWidthTemp <getWidth()(Offset) 0
05-22 11:30:39.642 V/CounterTextView(17184): xxxxxxx   136
05-22 11:30:39.681 D/        (17184): [---null: -1---]     awsa  onActivityResumed
05-22 11:30:39.681 V/LauncherApplication(17184): 2MdmConstant.LAST_LAUNCH_TIME = 1400729438764
05-22 11:30:39.705 D/        (17184): [---null: -1---]  activity = com.pekall.emdm.launcher.Launcher
05-22 11:30:39.705 V/DefultSetContriller(17184): isLauncherDf = com.pekall.emdm.launcher
05-22 11:30:39.713 V/DefultSetContriller(17184): isLauncherDf = com.pekall.emdm.launcher
05-22 11:30:39.713 V/DefultSetContriller(17184): isPhoneDf = com.pekall.emdm.launcher
05-22 11:30:39.713 E/LauncherApplication(17184): isShowLogoutUI = true
05-22 11:30:39.713 E/LauncherApplication(17184): LogoutShowTime 1
05-22 11:30:39.713 V/Launcher(17184): onResume1111111 
05-22 11:30:39.713 V/Launcher(17184): is login ----> 
05-22 11:30:39.721 I/System.out(17184):  
05-22 11:30:39.721 I/System.out(17184): com.pekall.emdm.launcher.Workspace.setWallpaper(Unknown Source)
05-22 11:30:39.721 I/System.out(17184): com.pekall.emdm.launcher.Launcher.onResume(Unknown Source)
05-22 11:30:39.721 I/System.out(17184): android.app.Instrumentation.callActivityOnResume(Instrumentation.java:1192)
05-22 11:30:39.721 I/System.out(17184): android.app.Activity.performResume(Activity.java:5211)
05-22 11:30:39.721 I/System.out(17184): android.app.ActivityThread.performResumeActivity(ActivityThread.java:2780)
05-22 11:30:39.721 I/System.out(17184): android.app.ActivityThread.handleResumeActivity(ActivityThread.java:2819)
05-22 11:30:39.721 I/System.out(17184): android.app.ActivityThread$H.handleMessage(ActivityThread.java:1298)
05-22 11:30:39.721 I/System.out(17184): android.os.Handler.dispatchMessage(Handler.java:99)
05-22 11:30:39.721 I/System.out(17184): android.os.Looper.loop(Looper.java:137)
05-22 11:30:39.721 I/System.out(17184): android.app.ActivityThread.main(ActivityThread.java:5103)
05-22 11:30:39.721 I/System.out(17184): java.lang.reflect.Method.invokeNative(Native Method)
05-22 11:30:39.721 I/System.out(17184): java.lang.reflect.Method.invoke(Method.java:525)
05-22 11:30:39.721 I/System.out(17184): com.android.internal.os.ZygoteInit$MethodAndArgsCaller.run(ZygoteInit.java:737)
05-22 11:30:39.721 I/System.out(17184): com.android.internal.os.ZygoteInit.main(ZygoteInit.java:553)
05-22 11:30:39.721 I/System.out(17184): dalvik.system.NativeStart.main(Native Method)
05-22 11:30:39.775 D/dalvikvm(  448): GC_CONCURRENT freed 835K, 12% free 14273K/16128K, paused 3ms+4ms, total 80ms
05-22 11:30:39.978 D/dalvikvm(17184): JIT unchain all for threadid=11
05-22 11:30:40.025 D/dalvikvm(17184): GC_FOR_ALLOC freed 917K, 18% free 27095K/32660K, paused 297ms, total 298ms
05-22 11:30:40.033 I/dalvikvm-heap(17184): Grow heap (frag case) to 29.819MB for 3415696-byte allocation
05-22 11:30:40.283 D/dalvikvm(17184): JIT unchain all for threadid=11
05-22 11:30:40.338 D/dalvikvm(17184): GC_FOR_ALLOC freed 1K, 16% free 30429K/35996K, paused 299ms, total 299ms
05-22 11:30:40.494 I/Choreographer(17184): Skipped 45 frames!  The application may be doing too much work on its main thread.
05-22 11:30:40.689 I/QueryController(17383): Matched selector: UiSelector[TEXT=Message Center, CLASS=android.widget.TextView, PACKAGE NAME=com.pekall.emdm.launcher] <<==>> [android.view.accessibility.AccessibilityNodeInfo@21d8c; boundsInParent: Rect(0, 0 - 175, 255); boundsInScreen: Rect(185, 335 - 360, 590); packageName: com.pekall.emdm.launcher; className: android.widget.TextView; text: Message Center; contentDescription: null; viewIdResName: com.pekall.emdm.launcher:id/name; checkable: false; checked: false; focusable: false; focused: false; selected: false; clickable: false; longClickable: false; enabled: true; password: false; scrollable: false; [ACTION_SELECT, ACTION_CLEAR_SELECTION, ACTION_ACCESSIBILITY_FOCUS, ACTION_NEXT_AT_MOVEMENT_GRANULARITY, ACTION_PREVIOUS_AT_MOVEMENT_GRANULARITY, ACTION_SET_SELECTION]]
05-22 11:30:40.713 V/CounterTextView(17184): draw
05-22 11:30:40.713 V/CounterTextView(17184): count = 1
05-22 11:30:40.713 D/MDM :   (17184): [null:-1]->zzzzz   getWidth() 175
05-22 11:30:40.721 D/MDM :   (17184): [null:-1]->zzzzz   ++++++++++++++++mWidthTemp <getWidth()(Offset) 0
05-22 11:30:40.721 V/CounterTextView(17184): xxxxxxx   136
05-22 11:30:40.721 V/CounterTextView(17184): draw
05-22 11:30:40.721 V/CounterTextView(17184): count = 1
05-22 11:30:40.728 D/MDM :   (17184): [null:-1]->zzzzz   getWidth() 175
05-22 11:30:40.728 D/MDM :   (17184): [null:-1]->zzzzz   ++++++++++++++++mWidthTemp <getWidth()(Offset) 0
05-22 11:30:40.736 V/CounterTextView(17184): xxxxxxx   136
05-22 11:30:40.814 I/QueryController(17383): Matched selector: UiSelector[TEXT=Message Center, CLASS=android.widget.TextView, PACKAGE NAME=com.pekall.emdm.launcher] <<==>> [android.view.accessibility.AccessibilityNodeInfo@21d8c; boundsInParent: Rect(0, 0 - 175, 255); boundsInScreen: Rect(185, 335 - 360, 590); packageName: com.pekall.emdm.launcher; className: android.widget.TextView; text: Message Center; contentDescription: null; viewIdResName: com.pekall.emdm.launcher:id/name; checkable: false; checked: false; focusable: false; focused: false; selected: false; clickable: false; longClickable: false; enabled: true; password: false; scrollable: false; [ACTION_SELECT, ACTION_CLEAR_SELECTION, ACTION_ACCESSIBILITY_FOCUS, ACTION_NEXT_AT_MOVEMENT_GRANULARITY, ACTION_PREVIOUS_AT_MOVEMENT_GRANULARITY, ACTION_SET_SELECTION]]
05-22 11:30:40.814 D/UiObject(17383): getText() = Message Center
05-22 11:30:41.338 I/QueryController(17383): Matched selector: UiSelector[TEXT=Message Center, CLASS=android.widget.TextView, PACKAGE NAME=com.pekall.emdm.launcher] <<==>> [android.view.accessibility.AccessibilityNodeInfo@21d8c; boundsInParent: Rect(0, 0 - 175, 255); boundsInScreen: Rect(185, 335 - 360, 590); packageName: com.pekall.emdm.launcher; className: android.widget.TextView; text: Message Center; contentDescription: null; viewIdResName: com.pekall.emdm.launcher:id/name; checkable: false; checked: false; focusable: false; focused: false; selected: false; clickable: false; longClickable: false; enabled: true; password: false; scrollable: false; [ACTION_SELECT, ACTION_CLEAR_SELECTION, ACTION_ACCESSIBILITY_FOCUS, ACTION_NEXT_AT_MOVEMENT_GRANULARITY, ACTION_PREVIOUS_AT_MOVEMENT_GRANULARITY, ACTION_SET_SELECTION]]
05-22 11:30:41.377 I/QueryController(17383): Matched selector: UiSelector[TEXT=Message Center, CLASS=android.widget.TextView, PACKAGE NAME=com.pekall.emdm.launcher] <<==>> [android.view.accessibility.AccessibilityNodeInfo@21d8c; boundsInParent: Rect(0, 0 - 175, 255); boundsInScreen: Rect(185, 335 - 360, 590); packageName: com.pekall.emdm.launcher; className: android.widget.TextView; text: Message Center; contentDescription: null; viewIdResName: com.pekall.emdm.launcher:id/name; checkable: false; checked: false; focusable: false; focused: false; selected: false; clickable: false; longClickable: false; enabled: true; password: false; scrollable: false; [ACTION_SELECT, ACTION_CLEAR_SELECTION, ACTION_ACCESSIBILITY_FOCUS, ACTION_NEXT_AT_MOVEMENT_GRANULARITY, ACTION_PREVIOUS_AT_MOVEMENT_GRANULARITY, ACTION_SET_SELECTION]]
05-22 11:30:41.377 D/InteractionController(17383): clickAndWaitForNewWindow(272, 462)
05-22 11:30:41.549 W/Parcel  ( 1661): Attempt to read object from Parcel 0x5ef3bdac at offset 200 that is not in the object list
05-22 11:30:41.549 I/ActivityManager(  374): START u0 {flg=0x10000000 cmp=com.pekall.emdm.launcher/com.pekall.emdm.messagecenter.activity.MessageMainActivity} from pid 17184
05-22 11:30:41.736 D/dalvikvm(  374): GC_FOR_ALLOC freed 2100K, 20% free 24296K/30132K, paused 156ms, total 158ms
05-22 11:30:41.752 D/LauncherApplication(17184): [null:-1]->onActivityPaused
05-22 11:30:41.760 D/LauncherApplication(17184): [null:-1]->onActivityPaused  updateTime
05-22 11:30:41.853 V/LauncherApplication(17184): onActivityStarted
05-22 11:30:41.861 D/        (17184): [---null: -1---]     awsa  onActivityResumed
05-22 11:30:41.861 V/LauncherApplication(17184): 2MdmConstant.LAST_LAUNCH_TIME = 1400729441767
05-22 11:30:41.869 D/        (17184): [---null: -1---]  activity = com.pekall.emdm.messagecenter.activity.MessageMainActivity
05-22 11:30:41.877 V/DefultSetContriller(17184): isLauncherDf = com.pekall.emdm.launcher
05-22 11:30:41.877 V/DefultSetContriller(17184): isPhoneDf = com.pekall.emdm.launcher
05-22 11:30:41.877 E/LauncherApplication(17184): isShowLogoutUI = true
05-22 11:30:41.877 E/LauncherApplication(17184): LogoutShowTime 1
05-22 11:30:41.939 W/Parcel  ( 1661): Attempt to read object from Parcel 0x5ded3dac at offset 200 that is not in the object list
05-22 11:30:42.064 I/ActivityManager(  374): Displayed com.pekall.emdm.launcher/com.pekall.emdm.messagecenter.activity.MessageMainActivity: +306ms (total +3s309ms)
05-22 11:30:42.385 W/MountService(  374): getVolumeState(/storage/emulated/0/external_sd): Unknown volume
05-22 11:30:42.385 W/MountService(  374): getVolumeState(/mnt/sdcard-ext): Unknown volume
05-22 11:30:42.385 W/MountService(  374): getVolumeState(/mnt/ext_sdcard): Unknown volume
05-22 11:30:42.392 W/MountService(  374): getVolumeState(/mnt/sdcard2): Unknown volume
05-22 11:30:42.392 W/MountService(  374): getVolumeState(/mnt/emmc): Unknown volume
05-22 11:30:42.392 W/MountService(  374): getVolumeState(/mnt/extSdCard): Unknown volume
05-22 11:30:42.392 W/MountService(  374): getVolumeState(/mnt/sdcard/SD_CARD): Unknown volume
05-22 11:30:42.392 W/MountService(  374): getVolumeState(/mnt/sdcard/extra_sd): Unknown volume
05-22 11:30:42.392 W/MountService(  374): getVolumeState(/mnt/extrasd_bind): Unknown volume
05-22 11:30:42.392 W/MountService(  374): getVolumeState(/mnt/sdcard/ext_sd): Unknown volume
05-22 11:30:42.392 W/MountService(  374): getVolumeState(/storage/extSdCard): Unknown volume
05-22 11:30:42.392 W/MountService(  374): getVolumeState(/storage/sdcard1): Unknown volume
05-22 11:30:42.392 W/MountService(  374): getVolumeState(/mnt/sdcard/external_SD): Unknown volume
05-22 11:30:42.392 W/MountService(  374): getVolumeState(/mnt/sdcard/external_sd): Unknown volume
05-22 11:30:42.431 D/dalvikvm( 1468): GC_CONCURRENT freed 592K, 21% free 9999K/12512K, paused 9ms+6ms, total 59ms
05-22 11:30:42.431 D/dalvikvm( 1468): WAIT_FOR_CONCURRENT_GC blocked 26ms
05-22 11:30:42.439 D/dalvikvm( 1468): WAIT_FOR_CONCURRENT_GC blocked 26ms
05-22 11:30:42.775 I/QueryController(17383): Matched selector: UiSelector[TEXT=push message, CLASS=android.widget.TextView, PACKAGE NAME=com.pekall.emdm.launcher] <<==>> [android.view.accessibility.AccessibilityNodeInfo@29d31; boundsInParent: Rect(0, 0 - 186, 38); boundsInScreen: Rect(87, 79 - 273, 117); packageName: com.pekall.emdm.launcher; className: android.widget.TextView; text: push message; contentDescription: null; viewIdResName: android:id/title; checkable: false; checked: false; focusable: false; focused: false; selected: true; clickable: false; longClickable: false; enabled: true; password: false; scrollable: false; [ACTION_SELECT, ACTION_CLEAR_SELECTION, ACTION_ACCESSIBILITY_FOCUS, ACTION_NEXT_AT_MOVEMENT_GRANULARITY, ACTION_PREVIOUS_AT_MOVEMENT_GRANULARITY, ACTION_SET_SELECTION]]
05-22 11:30:42.830 I/QueryController(17383): Matched selector: UiSelector[TEXT=push message, CLASS=android.widget.TextView, PACKAGE NAME=com.pekall.emdm.launcher] <<==>> [android.view.accessibility.AccessibilityNodeInfo@29d31; boundsInParent: Rect(0, 0 - 186, 38); boundsInScreen: Rect(87, 79 - 273, 117); packageName: com.pekall.emdm.launcher; className: android.widget.TextView; text: push message; contentDescription: null; viewIdResName: android:id/title; checkable: false; checked: false; focusable: false; focused: false; selected: true; clickable: false; longClickable: false; enabled: true; password: false; scrollable: false; [ACTION_SELECT, ACTION_CLEAR_SELECTION, ACTION_ACCESSIBILITY_FOCUS, ACTION_NEXT_AT_MOVEMENT_GRANULARITY, ACTION_PREVIOUS_AT_MOVEMENT_GRANULARITY, ACTION_SET_SELECTION]]
05-22 11:30:42.830 D/InteractionController(17383): clickAndSync(180, 98)
05-22 11:30:43.556 I/QueryController(17383): Matched selector: UiSelector[TEXT=push message, CLASS=android.widget.TextView, PACKAGE NAME=com.pekall.emdm.launcher] <<==>> [android.view.accessibility.AccessibilityNodeInfo@29d31; boundsInParent: Rect(0, 0 - 186, 38); boundsInScreen: Rect(87, 79 - 273, 117); packageName: com.pekall.emdm.launcher; className: android.widget.TextView; text: push message; contentDescription: null; viewIdResName: android:id/title; checkable: false; checked: false; focusable: false; focused: false; selected: true; clickable: false; longClickable: false; enabled: true; password: false; scrollable: false; [ACTION_SELECT, ACTION_CLEAR_SELECTION, ACTION_ACCESSIBILITY_FOCUS, ACTION_NEXT_AT_MOVEMENT_GRANULARITY, ACTION_PREVIOUS_AT_MOVEMENT_GRANULARITY, ACTION_SET_SELECTION]]
05-22 11:30:43.564 I/QueryController(17383): Matched selector: UiSelector[PACKAGE NAME=com.pekall.emdm.launcher] <<==>> [android.view.accessibility.AccessibilityNodeInfo@23054; boundsInParent: Rect(0, 0 - 720, 1184); boundsInScreen: Rect(0, 0 - 720, 1184); packageName: com.pekall.emdm.launcher; className: android.widget.FrameLayout; text: null; contentDescription: null; viewIdResName: null; checkable: false; checked: false; focusable: false; focused: false; selected: false; clickable: false; longClickable: false; enabled: true; password: false; scrollable: false; [ACTION_SELECT, ACTION_CLEAR_SELECTION, ACTION_ACCESSIBILITY_FOCUS]]
05-22 11:30:43.611 I/QueryController(17383): Matched selector: UiSelector[PACKAGE NAME=com.pekall.emdm.launcher] <<==>> [android.view.accessibility.AccessibilityNodeInfo@23054; boundsInParent: Rect(0, 0 - 720, 1184); boundsInScreen: Rect(0, 0 - 720, 1184); packageName: com.pekall.emdm.launcher; className: android.widget.FrameLayout; text: null; contentDescription: null; viewIdResName: null; checkable: false; checked: false; focusable: false; focused: false; selected: false; clickable: false; longClickable: false; enabled: true; password: false; scrollable: false; [ACTION_SELECT, ACTION_CLEAR_SELECTION, ACTION_ACCESSIBILITY_FOCUS]]
05-22 11:30:43.658 I/ActivityManager(  374): START u0 {act=android.intent.action.MAIN cat=[android.intent.category.HOME] flg=0x10200000 cmp=com.pekall.emdm.launcher/.Launcher} from pid 374
05-22 11:30:43.775 D/dalvikvm(  374): GC_FOR_ALLOC freed 899K, 20% free 24265K/30132K, paused 78ms, total 78ms
05-22 11:30:43.853 D/dalvikvm(  374): GC_FOR_ALLOC freed 751K, 20% free 24258K/30132K, paused 77ms, total 77ms
05-22 11:30:43.877 D/LauncherApplication(17184): [null:-1]->onActivityPaused
05-22 11:30:43.885 D/LauncherApplication(17184): [null:-1]->onActivityPaused  updateTime
05-22 11:30:43.892 V/CounterTextView(17184): draw
05-22 11:30:43.892 V/CounterTextView(17184): count = 1
05-22 11:30:43.900 D/MDM :   (17184): [null:-1]->zzzzz   getWidth() 160
05-22 11:30:43.900 D/MDM :   (17184): [null:-1]->zzzzz   ------------------mWidthTemp >getWidth()() 
05-22 11:30:43.900 V/CounterTextView(17184): xxxxxxx   136
05-22 11:30:43.916 D/        (17184): [---null: -1---]  closeAllApps
05-22 11:30:43.955 V/LauncherApplication(17184): onActivityStarted
05-22 11:30:43.955 D/        (17184): [---null: -1---]     awsa  onActivityResumed
05-22 11:30:43.955 V/LauncherApplication(17184): 2MdmConstant.LAST_LAUNCH_TIME = 1400729443894
05-22 11:30:43.963 D/        (17184): [---null: -1---]  activity = com.pekall.emdm.launcher.Launcher
05-22 11:30:43.963 V/DefultSetContriller(17184): isLauncherDf = com.pekall.emdm.launcher
05-22 11:30:43.971 V/DefultSetContriller(17184): isLauncherDf = com.pekall.emdm.launcher
05-22 11:30:43.971 V/DefultSetContriller(17184): isPhoneDf = com.pekall.emdm.launcher
05-22 11:30:43.971 E/LauncherApplication(17184): isShowLogoutUI = true
05-22 11:30:43.971 E/LauncherApplication(17184): LogoutShowTime 1
05-22 11:30:43.971 V/Launcher(17184): onResume1111111 
05-22 11:30:43.971 V/Launcher(17184): is login ----> 
05-22 11:30:43.971 I/System.out(17184):  
05-22 11:30:43.971 I/System.out(17184): com.pekall.emdm.launcher.Workspace.setWallpaper(Unknown Source)
05-22 11:30:43.971 I/System.out(17184): com.pekall.emdm.launcher.Launcher.onResume(Unknown Source)
05-22 11:30:43.971 I/System.out(17184): android.app.Instrumentation.callActivityOnResume(Instrumentation.java:1192)
05-22 11:30:43.971 I/System.out(17184): android.app.Activity.performResume(Activity.java:5211)
05-22 11:30:43.971 I/System.out(17184): android.app.ActivityThread.performResumeActivity(ActivityThread.java:2780)
05-22 11:30:43.978 I/System.out(17184): android.app.ActivityThread.handleResumeActivity(ActivityThread.java:2819)
05-22 11:30:43.978 I/System.out(17184): android.app.ActivityThread$H.handleMessage(ActivityThread.java:1298)
05-22 11:30:43.978 I/System.out(17184): android.os.Handler.dispatchMessage(Handler.java:99)
05-22 11:30:43.978 I/System.out(17184): android.os.Looper.loop(Looper.java:137)
05-22 11:30:43.978 I/System.out(17184): android.app.ActivityThread.main(ActivityThread.java:5103)
05-22 11:30:43.978 I/System.out(17184): java.lang.reflect.Method.invokeNative(Native Method)
05-22 11:30:43.978 I/System.out(17184): java.lang.reflect.Method.invoke(Method.java:525)
05-22 11:30:43.978 I/System.out(17184): com.android.internal.os.ZygoteInit$MethodAndArgsCaller.run(ZygoteInit.java:737)
05-22 11:30:43.978 I/System.out(17184): com.android.internal.os.ZygoteInit.main(ZygoteInit.java:553)
05-22 11:30:43.978 I/System.out(17184): dalvik.system.NativeStart.main(Native Method)
05-22 11:30:44.236 D/dalvikvm(17184): JIT unchain all for threadid=11
05-22 11:30:44.260 D/dalvikvm( 1468): GC_CONCURRENT freed 530K, 21% free 9950K/12512K, paused 124ms+6ms, total 667ms
05-22 11:30:44.291 D/dalvikvm(17184): GC_FOR_ALLOC freed 4001K, 25% free 27116K/35996K, paused 312ms, total 312ms
05-22 11:30:44.502 I/Choreographer(17184): Skipped 35 frames!  The application may be doing too much work on its main thread.
05-22 11:30:44.510 W/MountService(  374): getVolumeState(/storage/emulated/0/external_sd): Unknown volume
05-22 11:30:44.533 W/MountService(  374): getVolumeState(/mnt/sdcard-ext): Unknown volume
05-22 11:30:44.549 W/MountService(  374): getVolumeState(/mnt/ext_sdcard): Unknown volume
05-22 11:30:44.572 W/MountService(  374): getVolumeState(/mnt/sdcard2): Unknown volume
05-22 11:30:44.603 W/MountService(  374): getVolumeState(/mnt/emmc): Unknown volume
05-22 11:30:44.635 W/MountService(  374): getVolumeState(/mnt/extSdCard): Unknown volume
05-22 11:30:44.697 W/MountService(  374): getVolumeState(/mnt/sdcard/SD_CARD): Unknown volume
05-22 11:30:44.721 I/ActivityManager(  374): Process android.process.acore (pid 17130) has died.
05-22 11:30:44.838 W/MountService(  374): getVolumeState(/mnt/sdcard/extra_sd): Unknown volume
05-22 11:30:44.869 W/MountService(  374): getVolumeState(/mnt/extrasd_bind): Unknown volume
05-22 11:30:44.877 W/MountService(  374): getVolumeState(/mnt/sdcard/ext_sd): Unknown volume
05-22 11:30:44.892 W/MountService(  374): getVolumeState(/storage/extSdCard): Unknown volume
05-22 11:30:44.900 W/MountService(  374): getVolumeState(/storage/sdcard1): Unknown volume
05-22 11:30:44.900 W/MountService(  374): getVolumeState(/mnt/sdcard/external_SD): Unknown volume
05-22 11:30:44.978 W/MountService(  374): getVolumeState(/mnt/sdcard/external_sd): Unknown volume
05-22 11:30:46.064 D/dalvikvm( 1468): GC_CONCURRENT freed 469K, 21% free 9952K/12512K, paused 19ms+4ms, total 672ms
05-22 11:30:46.822 I/QueryController(17383): Matched selector: UiSelector[TEXT=Personal Mode, CLASS=android.widget.TextView, PACKAGE NAME=com.pekall.emdm.launcher] <<==>> [android.view.accessibility.AccessibilityNodeInfo@1ddbb; boundsInParent: Rect(0, 0 - 160, 200); boundsInScreen: Rect(190, 608 - 350, 808); packageName: com.pekall.emdm.launcher; className: android.widget.TextView; text: Personal Mode; contentDescription: null; viewIdResName: null; checkable: false; checked: false; focusable: false; focused: false; selected: false; clickable: true; longClickable: true; enabled: true; password: false; scrollable: false; [ACTION_SELECT, ACTION_CLEAR_SELECTION, ACTION_CLICK, ACTION_LONG_CLICK, ACTION_ACCESSIBILITY_FOCUS, ACTION_NEXT_AT_MOVEMENT_GRANULARITY, ACTION_PREVIOUS_AT_MOVEMENT_GRANULARITY, ACTION_SET_SELECTION]]
05-22 11:30:46.869 I/QueryController(17383): Matched selector: UiSelector[CLASS=android.widget.ImageView, INDEX=1, CLICKABLE=true] <<==>> [android.view.accessibility.AccessibilityNodeInfo@1bbf2; boundsInParent: Rect(0, 0 - 133, 96); boundsInScreen: Rect(293, 1078 - 426, 1174); packageName: com.pekall.emdm.launcher; className: android.widget.ImageView; text: null; contentDescription: null; viewIdResName: com.pekall.emdm.launcher:id/btn_mab; checkable: false; checked: false; focusable: true; focused: false; selected: false; clickable: true; longClickable: false; enabled: true; password: false; scrollable: false; [ACTION_FOCUS, ACTION_SELECT, ACTION_CLEAR_SELECTION, ACTION_CLICK, ACTION_ACCESSIBILITY_FOCUS]]
05-22 11:30:46.900 I/QueryController(17383): Matched selector: UiSelector[CLASS=android.widget.ImageView, INDEX=1, CLICKABLE=true] <<==>> [android.view.accessibility.AccessibilityNodeInfo@1bbf2; boundsInParent: Rect(0, 0 - 133, 96); boundsInScreen: Rect(293, 1078 - 426, 1174); packageName: com.pekall.emdm.launcher; className: android.widget.ImageView; text: null; contentDescription: null; viewIdResName: com.pekall.emdm.launcher:id/btn_mab; checkable: false; checked: false; focusable: true; focused: false; selected: false; clickable: true; longClickable: false; enabled: true; password: false; scrollable: false; [ACTION_FOCUS, ACTION_SELECT, ACTION_CLEAR_SELECTION, ACTION_CLICK, ACTION_ACCESSIBILITY_FOCUS]]
05-22 11:30:46.900 D/InteractionController(17383): clickAndSync(359, 1126)
05-22 11:30:47.010 W/Parcel  ( 1661): Attempt to read object from Parcel 0x6003bdac at offset 200 that is not in the object list
05-22 11:30:47.010 I/ActivityManager(  374): START u0 {act=com.pekall.emdm.launcher.action.launcheraction flg=0x10000000 cmp=com.pekall.emdm.launcher/.CustomShirtcutActivity bnds=[293,1078][426,1174] (has extras)} from pid 17184
05-22 11:30:47.205 D/dalvikvm(  374): GC_FOR_ALLOC freed 451K, 19% free 24628K/30132K, paused 147ms, total 149ms
05-22 11:30:47.338 D/dalvikvm(  374): GC_FOR_ALLOC freed 752K, 20% free 24247K/30132K, paused 125ms, total 125ms
05-22 11:30:47.346 D/LauncherApplication(17184): [null:-1]->onActivityPaused
05-22 11:30:47.353 D/LauncherApplication(17184): [null:-1]->onActivityPaused  updateTime
05-22 11:30:47.361 D/        (17184): [---null: -1---]  showAllApps
05-22 11:30:47.424 V/CounterTextView(17184): draw
05-22 11:30:47.424 V/CounterTextView(17184): count = 1
05-22 11:30:47.431 D/MDM :   (17184): [null:-1]->zzzzz   getWidth() 175
05-22 11:30:47.431 D/MDM :   (17184): [null:-1]->zzzzz   ++++++++++++++++mWidthTemp <getWidth()(Offset) 0
05-22 11:30:47.431 V/CounterTextView(17184): xxxxxxx   136
05-22 11:30:47.431 V/CounterTextView(17184): draw
05-22 11:30:47.431 V/CounterTextView(17184): count = 1
05-22 11:30:47.439 D/MDM :   (17184): [null:-1]->zzzzz   getWidth() 175
05-22 11:30:47.439 D/MDM :   (17184): [null:-1]->zzzzz   ++++++++++++++++mWidthTemp <getWidth()(Offset) 0
05-22 11:30:47.439 V/CounterTextView(17184): xxxxxxx   136
05-22 11:30:47.478 W/InputMethodManagerService(  374): Window already focused, ignoring focus gain of: com.android.internal.view.IInputMethodClient$Stub$Proxy@42a7ddc8 attribute=null, token = android.os.BinderProxy@42871e00
05-22 11:30:47.494 D/        (17184): [---null: -1---]     awsa  onActivityResumed
05-22 11:30:47.494 V/LauncherApplication(17184): 2MdmConstant.LAST_LAUNCH_TIME = 1400729447360
05-22 11:30:47.510 D/        (17184): [---null: -1---]  activity = com.pekall.emdm.launcher.Launcher
05-22 11:30:47.510 V/DefultSetContriller(17184): isLauncherDf = com.pekall.emdm.launcher
05-22 11:30:47.517 V/DefultSetContriller(17184): isLauncherDf = com.pekall.emdm.launcher
05-22 11:30:47.517 V/DefultSetContriller(17184): isPhoneDf = com.pekall.emdm.launcher
05-22 11:30:47.517 E/LauncherApplication(17184): isShowLogoutUI = true
05-22 11:30:47.517 E/LauncherApplication(17184): LogoutShowTime 1
05-22 11:30:47.517 V/Launcher(17184): onResume1111111 
05-22 11:30:47.517 V/Launcher(17184): is login ----> 
05-22 11:30:47.517 I/System.out(17184):  
05-22 11:30:47.525 I/System.out(17184): com.pekall.emdm.launcher.Workspace.setWallpaper(Unknown Source)
05-22 11:30:47.533 I/System.out(17184): com.pekall.emdm.launcher.Launcher.onResume(Unknown Source)
05-22 11:30:47.533 I/System.out(17184): android.app.Instrumentation.callActivityOnResume(Instrumentation.java:1192)
05-22 11:30:47.533 I/System.out(17184): android.app.Activity.performResume(Activity.java:5211)
05-22 11:30:47.533 I/System.out(17184): android.app.ActivityThread.performResumeActivity(ActivityThread.java:2780)
05-22 11:30:47.533 I/System.out(17184): android.app.ActivityThread.handleResumeActivity(ActivityThread.java:2819)
05-22 11:30:47.533 I/System.out(17184): android.app.ActivityThread$H.handleMessage(ActivityThread.java:1298)
05-22 11:30:47.533 I/System.out(17184): android.os.Handler.dispatchMessage(Handler.java:99)
05-22 11:30:47.533 I/System.out(17184): android.os.Looper.loop(Looper.java:137)
05-22 11:30:47.533 I/System.out(17184): android.app.ActivityThread.main(ActivityThread.java:5103)
05-22 11:30:47.533 I/System.out(17184): java.lang.reflect.Method.invokeNative(Native Method)
05-22 11:30:47.533 I/System.out(17184): java.lang.reflect.Method.invoke(Method.java:525)
05-22 11:30:47.533 I/System.out(17184): com.android.internal.os.ZygoteInit$MethodAndArgsCaller.run(ZygoteInit.java:737)
05-22 11:30:47.533 I/System.out(17184): com.android.internal.os.ZygoteInit.main(ZygoteInit.java:553)
05-22 11:30:47.533 I/System.out(17184): dalvik.system.NativeStart.main(Native Method)
05-22 11:30:47.783 D/dalvikvm(17184): JIT unchain all for threadid=11
05-22 11:30:47.822 D/dalvikvm(17184): GC_FOR_ALLOC freed 3664K, 17% free 27337K/32652K, paused 290ms, total 290ms
05-22 11:30:47.838 I/dalvikvm-heap(17184): Grow heap (frag case) to 30.054MB for 3415696-byte allocation
05-22 11:30:48.088 D/dalvikvm(17184): JIT unchain all for threadid=11
05-22 11:30:48.127 D/dalvikvm(17184): GC_FOR_ALLOC freed 208K, 16% free 30463K/35988K, paused 294ms, total 294ms
05-22 11:30:48.221 I/Choreographer(17184): Skipped 40 frames!  The application may be doing too much work on its main thread.
05-22 11:30:48.908 I/QueryController(17383): Matched selector: UiSelector[TEXT=Message Center, CLASS=android.widget.TextView, PACKAGE NAME=com.pekall.emdm.launcher] <<==>> [android.view.accessibility.AccessibilityNodeInfo@21d8c; boundsInParent: Rect(0, 0 - 175, 255); boundsInScreen: Rect(185, 335 - 360, 590); packageName: com.pekall.emdm.launcher; className: android.widget.TextView; text: Message Center; contentDescription: null; viewIdResName: com.pekall.emdm.launcher:id/name; checkable: false; checked: false; focusable: false; focused: false; selected: false; clickable: false; longClickable: false; enabled: true; password: false; scrollable: false; [ACTION_SELECT, ACTION_CLEAR_SELECTION, ACTION_ACCESSIBILITY_FOCUS, ACTION_NEXT_AT_MOVEMENT_GRANULARITY, ACTION_PREVIOUS_AT_MOVEMENT_GRANULARITY, ACTION_SET_SELECTION]]
05-22 11:30:48.955 I/QueryController(17383): Matched selector: UiSelector[TEXT=Message Center, CLASS=android.widget.TextView, PACKAGE NAME=com.pekall.emdm.launcher] <<==>> [android.view.accessibility.AccessibilityNodeInfo@21d8c; boundsInParent: Rect(0, 0 - 175, 255); boundsInScreen: Rect(185, 335 - 360, 590); packageName: com.pekall.emdm.launcher; className: android.widget.TextView; text: Message Center; contentDescription: null; viewIdResName: com.pekall.emdm.launcher:id/name; checkable: false; checked: false; focusable: false; focused: false; selected: false; clickable: false; longClickable: false; enabled: true; password: false; scrollable: false; [ACTION_SELECT, ACTION_CLEAR_SELECTION, ACTION_ACCESSIBILITY_FOCUS, ACTION_NEXT_AT_MOVEMENT_GRANULARITY, ACTION_PREVIOUS_AT_MOVEMENT_GRANULARITY, ACTION_SET_SELECTION]]
05-22 11:30:48.955 D/UiObject(17383): getText() = Message Center
05-22 11:30:48.986 I/QueryController(17383): Matched selector: UiSelector[TEXT=Message Center, CLASS=android.widget.TextView, PACKAGE NAME=com.pekall.emdm.launcher] <<==>> [android.view.accessibility.AccessibilityNodeInfo@21d8c; boundsInParent: Rect(0, 0 - 175, 255); boundsInScreen: Rect(185, 335 - 360, 590); packageName: com.pekall.emdm.launcher; className: android.widget.TextView; text: Message Center; contentDescription: null; viewIdResName: com.pekall.emdm.launcher:id/name; checkable: false; checked: false; focusable: false; focused: false; selected: false; clickable: false; longClickable: false; enabled: true; password: false; scrollable: false; [ACTION_SELECT, ACTION_CLEAR_SELECTION, ACTION_ACCESSIBILITY_FOCUS, ACTION_NEXT_AT_MOVEMENT_GRANULARITY, ACTION_PREVIOUS_AT_MOVEMENT_GRANULARITY, ACTION_SET_SELECTION]]
05-22 11:30:49.017 I/QueryController(17383): Matched selector: UiSelector[TEXT=Message Center, CLASS=android.widget.TextView, PACKAGE NAME=com.pekall.emdm.launcher] <<==>> [android.view.accessibility.AccessibilityNodeInfo@21d8c; boundsInParent: Rect(0, 0 - 175, 255); boundsInScreen: Rect(185, 335 - 360, 590); packageName: com.pekall.emdm.launcher; className: android.widget.TextView; text: Message Center; contentDescription: null; viewIdResName: com.pekall.emdm.launcher:id/name; checkable: false; checked: false; focusable: false; focused: false; selected: false; clickable: false; longClickable: false; enabled: true; password: false; scrollable: false; [ACTION_SELECT, ACTION_CLEAR_SELECTION, ACTION_ACCESSIBILITY_FOCUS, ACTION_NEXT_AT_MOVEMENT_GRANULARITY, ACTION_PREVIOUS_AT_MOVEMENT_GRANULARITY, ACTION_SET_SELECTION]]
05-22 11:30:49.017 D/InteractionController(17383): clickAndWaitForNewWindow(272, 462)
05-22 11:30:49.189 W/Parcel  ( 1661): Attempt to read object from Parcel 0x5dfd3dac at offset 200 that is not in the object list
05-22 11:30:49.189 I/ActivityManager(  374): START u0 {flg=0x10000000 cmp=com.pekall.emdm.launcher/com.pekall.emdm.messagecenter.activity.MessageMainActivity} from pid 17184
05-22 11:30:49.361 D/dalvikvm(  374): GC_FOR_ALLOC freed 788K, 20% free 24249K/30132K, paused 134ms, total 134ms
05-22 11:30:49.361 W/ActivityManager(  374): Timeout executing service: ServiceRecord{4301b240 u0 com.pekall.emdm.launcher/com.baidu.location.f}
05-22 11:30:49.377 D/LauncherApplication(17184): [null:-1]->onActivityPaused
05-22 11:30:49.377 I/Process (  374): Sending signal. PID: 17346 SIG: 3
05-22 11:30:49.377 I/dalvikvm(17346): threadid=3: reacting to signal 3
05-22 11:30:49.385 D/LauncherApplication(17184): [null:-1]->onActivityPaused  updateTime
05-22 11:30:49.455 V/LauncherApplication(17184): onActivityStarted
05-22 11:30:49.455 D/        (17184): [---null: -1---]     awsa  onActivityResumed
05-22 11:30:49.455 V/LauncherApplication(17184): 2MdmConstant.LAST_LAUNCH_TIME = 1400729449394
05-22 11:30:49.471 D/        (17184): [---null: -1---]  activity = com.pekall.emdm.messagecenter.activity.MessageMainActivity
05-22 11:30:49.471 V/DefultSetContriller(17184): isLauncherDf = com.pekall.emdm.launcher
05-22 11:30:49.471 V/DefultSetContriller(17184): isPhoneDf = com.pekall.emdm.launcher
05-22 11:30:49.478 E/LauncherApplication(17184): isShowLogoutUI = true
05-22 11:30:49.478 E/LauncherApplication(17184): LogoutShowTime 1
05-22 11:30:49.580 I/Process (  374): Sending signal. PID: 374 SIG: 3
05-22 11:30:49.580 I/dalvikvm(  374): threadid=3: reacting to signal 3
05-22 11:30:49.627 D/dalvikvm(17346): JIT unchain all for threadid=12
05-22 11:30:49.697 I/dalvikvm(17346): Wrote stack traces to '/data/anr/traces.txt'
05-22 11:30:52.127 W/InteractionController(17383): runAndwaitForEvent timedout waiting for events
05-22 11:30:52.853 I/dalvikvm(  374): Wrote stack traces to '/data/anr/traces.txt'
05-22 11:30:52.861 I/Process (  374): Sending signal. PID: 561 SIG: 3
05-22 11:30:52.861 I/dalvikvm(  561): threadid=3: reacting to signal 3
05-22 11:30:52.861 I/Process (  374): Sending signal. PID: 448 SIG: 3
05-22 11:30:52.861 I/dalvikvm(  448): threadid=3: reacting to signal 3
05-22 11:30:52.869 I/Process (  374): Sending signal. PID: 568 SIG: 3
05-22 11:30:52.869 I/dalvikvm(  568): threadid=3: reacting to signal 3
05-22 11:30:52.955 I/Choreographer(17184): Skipped 200 frames!  The application may be doing too much work on its main thread.
05-22 11:30:52.963 I/dalvikvm(  568): Wrote stack traces to '/data/anr/traces.txt'
05-22 11:30:53.010 I/dalvikvm(  561): Wrote stack traces to '/data/anr/traces.txt'
05-22 11:30:53.010 I/ActivityManager(  374): Displayed com.pekall.emdm.launcher/com.pekall.emdm.messagecenter.activity.MessageMainActivity: +3s622ms (total +5s656ms)
05-22 11:30:53.033 D/mdm_log (17184): [null:-1]->action is : com.pekall.mdm.action.SHOWMSG
05-22 11:30:53.260 I/uninstall(11077): SelfUninstallManager -> initUninstallTask
05-22 11:30:53.283 I/uninstall(11077): initUninstallTask init is running, return
05-22 11:30:53.385 W/Parcel  ( 1661): Attempt to read object from Parcel 0x5ded3dac at offset 200 that is not in the object list
05-22 11:30:53.392 W/Parcel  ( 1661): Attempt to read object from Parcel 0x6013bdac at offset 200 that is not in the object list
05-22 11:30:53.900 W/Parcel  ( 1661): Attempt to read object from Parcel 0x5ef3bdac at offset 200 that is not in the object list
05-22 11:30:54.213 I/AndroidRuntime(17383): VM exiting with result code 0.
05-22 11:30:54.322 D/dalvikvm(  374): GC_EXPLICIT freed 2395K, 18% free 24802K/30132K, paused 9ms+15ms, total 242ms
05-22 11:30:54.400 I/dalvikvm(  448): Wrote stack traces to '/data/anr/traces.txt'
05-22 11:30:54.939 I/Process (  374): Sending signal. PID: 17184 SIG: 3
05-22 11:30:54.939 I/dalvikvm(17184): threadid=3: reacting to signal 3
05-22 11:30:55.135 I/Process (  374): Sending signal. PID: 1661 SIG: 3
05-22 11:30:55.135 I/dalvikvm( 1661): threadid=3: reacting to signal 3
05-22 11:30:55.189 D/dalvikvm(17184): JIT unchain all for threadid=11
05-22 11:30:55.283 I/dalvikvm(17184): Wrote stack traces to '/data/anr/traces.txt'
05-22 11:30:55.283 I/Process (  374): Sending signal. PID: 11404 SIG: 3
05-22 11:30:55.283 I/dalvikvm(11404): threadid=3: reacting to signal 3
05-22 11:30:55.306 V/CounterTextView(17184): onReceive
05-22 11:30:55.306 D/        (17184): [---null: -1---]   msg  xxd1
05-22 11:30:55.314 V/CounterTextView(17184): onReceive
05-22 11:30:55.322 D/        (17184): [---null: -1---]   msg  xxd1
05-22 11:30:55.338 D/PushMessageWidget(17184): [null:-1]->action is : com.pekall.emdm.message.UPDATE_MESSAGE
05-22 11:30:55.338 D/PushMessageWidget(17184): [null:-1]->call onUpdate 
05-22 11:30:55.338 D/PushMessageWidget(17184): cursor count is 1
05-22 11:30:55.346 D/PushMessageWidget(17184): fill data and title is : Push test , content is : This is a push message!
05-22 11:30:55.510 E/ActivityManager(  374): ANR in com.pekall.emdm.launcher:remote
05-22 11:30:55.510 E/ActivityManager(  374): Reason: Executing service com.pekall.emdm.launcher/com.baidu.location.f
05-22 11:30:55.510 E/ActivityManager(  374): Load: 3.55 / 2.47 / 2.17
05-22 11:30:55.510 E/ActivityManager(  374): CPU usage from 3549ms to -6116ms ago:
05-22 11:30:55.510 E/ActivityManager(  374):   81% 17184/com.pekall.emdm.launcher: 78% user + 2.5% kernel / faults: 6974 minor
05-22 11:30:55.510 E/ActivityManager(  374):   78% 17346/com.pekall.emdm.launcher:remote: 78% user + 0.1% kernel / faults: 135 minor
05-22 11:30:55.510 E/ActivityManager(  374):   18% 374/system_server: 13% user + 4.4% kernel / faults: 1842 minor 4 major
05-22 11:30:55.510 E/ActivityManager(  374):   4.8% 448/com.android.systemui: 4.2% user + 0.6% kernel / faults: 210 minor 1 major
05-22 11:30:55.510 E/ActivityManager(  374):   1.9% 124/surfaceflinger: 1% user + 0.9% kernel / faults: 5360 minor
05-22 11:30:55.510 E/ActivityManager(  374):   1.9% 127/mediaserver: 1.2% user + 0.7% kernel / faults: 1 minor
05-22 11:30:55.510 E/ActivityManager(  374):   1.1% 1661/com.qihoo360.mobilesafe:GuardService: 0.9% user + 0.2% kernel / faults: 256 minor 6 major
05-22 11:30:55.510 E/ActivityManager(  374):   0.4% 135/adbd: 0.1% user + 0.3% kernel / faults: 1 minor
05-22 11:30:55.510 E/ActivityManager(  374):   0.4% 561/com.android.phone: 0.3% user + 0.1% kernel / faults: 52 minor
05-22 11:30:55.510 E/ActivityManager(  374):   0% 568/com.android.nfc: 0% user + 0% kernel / faults: 89 minor
05-22 11:30:55.510 E/ActivityManager(  374):   0.1% 11404/com.dragon.android.pandaspace: 0.1% user + 0% kernel / faults: 184 minor 4 major
05-22 11:30:55.510 E/ActivityManager(  374):   0.2% 82/mmcqd/0: 0% user + 0.2% kernel
05-22 11:30:55.510 E/ActivityManager(  374):   0.2% 1468/com.qihoo.daemon: 0.2% user + 0% kernel / faults: 9 minor
05-22 11:30:55.510 E/ActivityManager(  374):   0.2% 12874/com.qihoo.appstore: 0.2% user + 0% kernel / faults: 1 minor
05-22 11:30:55.510 E/ActivityManager(  374):   0% 16423/kworker/u:1: 0% user + 0% kernel
05-22 11:30:55.510 E/ActivityManager(  374):   0.2% 16544/kworker/u:4: 0% user + 0.2% kernel
05-22 11:30:55.510 E/ActivityManager(  374):   0% 121/netd: 0% user + 0% kernel / faults: 11 minor
05-22 11:30:55.510 E/ActivityManager(  374):   0.1% 133/sdcard: 0% user + 0.1% kernel
05-22 11:30:55.510 E/ActivityManager(  374):   0% 1615/logcat: 0% user + 0% kernel
05-22 11:30:55.510 E/ActivityManager(  374):   0% 4648/logcat: 0% user + 0% kernel
05-22 11:30:55.510 E/ActivityManager(  374):   0.1% 13047/kworker/u:0: 0% user + 0.1% kernel
05-22 11:30:55.510 E/ActivityManager(  374):   0.1% 15614/kworker/0:2: 0% user + 0.1% kernel
05-22 11:30:55.510 E/ActivityManager(  374):   0% 16244/kworker/1:0: 0% user + 0% kernel
05-22 11:30:55.510 E/ActivityManager(  374):   0% 16480/com.nd.assistance.ServerService: 0% user + 0% kernel / faults: 25 minor
05-22 11:30:55.510 E/ActivityManager(  374): 99% TOTAL: 94% user + 5.7% kernel
05-22 11:30:55.510 E/ActivityManager(  374): CPU usage from 4963ms to 5527ms later:
05-22 11:30:55.510 E/ActivityManager(  374):   92% 17346/com.pekall.emdm.launcher:remote: 92% user + 0% kernel
05-22 11:30:55.510 E/ActivityManager(  374):     90% 17361/Thread-5065: 90% user + 0% kernel
05-22 11:30:55.510 E/ActivityManager(  374):   85% 17184/com.pekall.emdm.launcher: 83% user + 1.8% kernel / faults: 29 minor
05-22 11:30:55.510 E/ActivityManager(  374):     83% 17197/Thread-5058: 83% user + 0% kernel
05-22 11:30:55.510 E/ActivityManager(  374):     1.8% 17184/l.emdm.launcher: 0% user + 1.8% kernel
05-22 11:30:55.510 E/ActivityManager(  374):   9.2% 448/com.android.systemui: 9.2% user + 0% kernel / faults: 133 minor
05-22 11:30:55.510 E/ActivityManager(  374):     5.5% 448/ndroid.systemui: 5.5% user + 0% kernel
05-22 11:30:55.510 E/ActivityManager(  374):     3.7% 453/GC: 3.7% user + 0% kernel
05-22 11:30:55.510 E/ActivityManager(  374):     1.8% 997/AsyncTask #3: 0% user + 1.8% kernel
05-22 11:30:55.510 E/ActivityManager(  374):   7.2% 374/system_server: 0% user + 7.2% kernel / faults: 14 minor
05-22 11:30:55.510 E/ActivityManager(  374):     3.6% 390/ActivityManager: 0% user + 3.6% kernel
05-22 11:30:55.510 E/ActivityManager(  374):     1.8% 386/SensorService: 0% user + 1.8% kernel
05-22 11:30:55.510 E/ActivityManager(  374):     1.8% 619/Binder_8: 1.8% user + 0% kernel
05-22 11:30:55.510 E/ActivityManager(  374):   1.8% 124/surfaceflinger: 1.8% user + 0% kernel
05-22 11:30:55.510 E/ActivityManager(  374):     1.8% 124/Binder_2: 0% user + 1.8% kernel
05-22 11:30:55.510 E/ActivityManager(  374):   0.9% 1661/com.qihoo360.mobilesafe:GuardService: 0.9% user + 0% kernel
05-22 11:30:55.510 E/ActivityManager(  374):   0.9% 11404/com.dragon.android.pandaspace: 0.9% user + 0% kernel / faults: 56 minor
05-22 11:30:55.510 E/ActivityManager(  374):     0.9% 11404/roid.pandaspace: 0.9% user + 0% kernel
05-22 11:30:55.510 E/ActivityManager(  374):   1% 16544/kworker/u:4: 0% user + 1% kernel
05-22 11:30:55.510 E/ActivityManager(  374): 100% TOTAL: 95% user + 4.4% kernel
05-22 11:30:55.525 W/ActivityManager(  374): Killing ProcessRecord{4228e1e8 17346:com.pekall.emdm.launcher:remote/u0a10066}: background ANR
05-22 11:30:55.541 I/dalvikvm( 1661): Wrote stack traces to '/data/anr/traces.txt'
05-22 11:30:55.627 D/dalvikvm(  374): GC_FOR_ALLOC freed 1700K, 19% free 24499K/30132K, paused 96ms, total 96ms
05-22 11:30:55.627 I/ActivityManager(  374): Process com.pekall.emdm.launcher:remote (pid 17346) has died.
05-22 11:30:55.627 W/ActivityManager(  374): Scheduling restart of crashed service com.pekall.emdm.launcher/com.baidu.location.f in 20000ms
05-22 11:30:55.666 I/dalvikvm(11404): Wrote stack traces to '/data/anr/traces.txt'
05-22 11:30:55.752 D/dalvikvm(11404): GC_CONCURRENT freed 302K, 4% free 9511K/9900K, paused 2ms+2ms, total 21ms
05-22 11:30:55.767 I/RootJni (17420): su: permission denied
05-22 11:31:13.205 D/LightsService(  374): Excessive delay setting light: 67ms
05-22 11:31:14.588 V/a       (17184): Wait for reconcileAccounts finished in 45001ms
05-22 11:31:14.588 D/ExchangeService(17184): !!! EAS ExchangeService, stopping self
05-22 11:31:14.588 D/ExchangeService(17184): !!! EAS ExchangeService, onDestroy
05-22 11:31:15.228 D/MDM :   (17184): [null:-1]->MSG_WEBSOCKET_MESSAGE : {"id":-1126780801,"type":0,"command":0,"result":0,"reason":0,"params":{"msgId":"fc7ee06a-34d3-401d-a5b1-52403138c72e,fc7ee06a34d3401da5b152403138c72e","device":"00013fbc8ecec5b90000014621fa2165","message":"{\"cmd\":\"10119\"}"}}
05-22 11:31:15.236 D/MdmService(17184): [null:-1]->push message type :0
05-22 11:31:15.236 D/MdmService(17184): [null:-1]->cmdMessage : {"cmd":"10119"}
05-22 11:31:15.244 D/MdmService(17184): [null:-1]->command : PushCommandMsg{cmd='10119', msg='null'}
05-22 11:31:15.244 D/MdmStatusManager(17184): [null:-1]->change status to : Busy
05-22 11:31:15.244 I/TransInfo(17184): TransInfo created, id: 3, class: class com.pekall.emdm.transaction.c.b
05-22 11:31:15.252 D/NetworkThread(17184): [null:-1]->----isRunning-----true
05-22 11:31:15.252 D/NetworkThread(17184): [null:-1]->----isRunning-----true
05-22 11:31:15.252 D/NetworkThread(17184): [null:-1]->thread wakeup
05-22 11:31:15.267 D/NetworkThread(17184): [null:-1]->sendHttpPost:PostRequest, url: http://192.168.10.21/rest/mdm/v1/ios/android_server, Params: [content:<?xml version="1.0" encoding="UTF-8"?>
05-22 11:31:15.267 D/NetworkThread(17184): <!DOCTYPE plist PUBLIC "-//Apple//DTD PLIST 1.0//EN" "http://www.apple.com/DTDs/PropertyList-1.0.dtd">
05-22 11:31:15.267 D/NetworkThread(17184): <plist version="1.0">
05-22 11:31:15.267 D/NetworkThread(17184): <dict>
05-22 11:31:15.267 D/NetworkThread(17184): 	<key>Status</key>
05-22 11:31:15.267 D/NetworkThread(17184): 	<string>Idle</string>
05-22 11:31:15.267 D/NetworkThread(17184): 	<key>UDID</key>
05-22 11:31:15.267 D/NetworkThread(17184): 	<string>00013fbc8ecec5b90000014621fa2165</string>
05-22 11:31:15.267 D/NetworkThread(17184): </dict>
05-22 11:31:15.267 D/NetworkThread(17184): </plist>], 
05-22 11:31:15.267 D/HttpClient(17184): enable apache.http debug
05-22 11:31:15.275 V/DEBUG   (17184): HTTP 0
05-22 11:31:15.642 D/dalvikvm(17426): Late-enabling CheckJNI
05-22 11:31:15.642 I/ActivityManager(  374): Start proc com.pekall.emdm.launcher:remote for service com.pekall.emdm.launcher/com.baidu.location.f: pid=17426 uid=10066 gids={50066, 1015, 3002, 3001, 3003, 1028}
05-22 11:31:15.650 D/MDM :   (17184): [null:-1]->statusCode : 200
05-22 11:31:15.650 D/MDM :   (17184): [null:-1]->statusCode : 200
05-22 11:31:15.658 V/DEBUG   (17184): HTTP 1
05-22 11:31:15.674 D/MDM :   (17184): [null:-1]->read network input stream
05-22 11:31:15.674 D/MDM :   (17184): [null:-1]->Ge