05-22 11:50:37.588 I/QueryController(19382): Matched selector: UiSelector[TEXT=company, CLASS=android.widget.TextView, PACKAGE NAME=com.pekall.emdm.launcher] <<==>> [android.view.accessibility.AccessibilityNodeInfo@23ead7; boundsInParent: Rect(0, 0 - 345, 53); boundsInScreen: Rect(20, 1111 - 365, 1164); packageName: com.pekall.emdm.launcher; className: android.widget.TextView; text: company; contentDescription: null; viewIdResName: com.pekall.emdm.launcher:id/call_company; checkable: false; checked: false; focusable: false; focused: false; selected: true; clickable: true; longClickable: false; enabled: true; password: false; scrollable: false; [ACTION_SELECT, ACTION_CLEAR_SELECTION, ACTION_CLICK, ACTION_ACCESSIBILITY_FOCUS, ACTION_NEXT_AT_MOVEMENT_GRANULARITY, ACTION_PREVIOUS_AT_MOVEMENT_GRANULARITY, ACTION_SET_SELECTION]]
05-22 11:50:37.603 I/QueryController(19382): Matched selector: UiSelector[PACKAGE NAME=com.pekall.emdm.launcher] <<==>> [android.view.accessibility.AccessibilityNodeInfo@23a384; boundsInParent: Rect(0, 0 - 720, 1184); boundsInScreen: Rect(0, 0 - 720, 1184); packageName: com.pekall.emdm.launcher; className: android.widget.FrameLayout; text: null; contentDescription: null; viewIdResName: null; checkable: false; checked: false; focusable: false; focused: false; selected: false; clickable: false; longClickable: false; enabled: true; password: false; scrollable: false; [ACTION_SELECT, ACTION_CLEAR_SELECTION, ACTION_ACCESSIBILITY_FOCUS]]
05-22 11:50:37.635 I/QueryController(19382): Matched selector: UiSelector[PACKAGE NAME=com.pekall.emdm.launcher] <<==>> [android.view.accessibility.AccessibilityNodeInfo@23a384; boundsInParent: Rect(0, 0 - 720, 1184); boundsInScreen: Rect(0, 0 - 720, 1184); packageName: com.pekall.emdm.launcher; className: android.widget.FrameLayout; text: null; contentDescription: null; viewIdResName: null; checkable: false; checked: false; focusable: false; focused: false; selected: false; clickable: false; longClickable: false; enabled: true; password: false; scrollable: false; [ACTION_SELECT, ACTION_CLEAR_SELECTION, ACTION_ACCESSIBILITY_FOCUS]]
05-22 11:50:37.666 I/ActivityManager(  374): START u0 {act=android.intent.action.MAIN cat=[android.intent.category.HOME] flg=0x10200000 cmp=com.pekall.emdm.launcher/.Launcher} from pid 374
05-22 11:50:37.713 D/LauncherApplication(17184): [null:-1]->onActivityPaused
05-22 11:50:37.728 D/LauncherApplication(17184): [null:-1]->onActivityPaused  updateTime
05-22 11:50:37.728 V/LauncherApplication(17184): onActivityStarted
05-22 11:50:37.728 D/        (17184): [---null: -1---]     awsa  onActivityResumed
05-22 11:50:37.728 V/LauncherApplication(17184): 2MdmConstant.LAST_LAUNCH_TIME = 1400730637732
05-22 11:50:37.736 D/        (17184): [---null: -1---]  activity = com.pekall.emdm.launcher.Launcher
05-22 11:50:37.736 V/DefultSetContriller(17184): isLauncherDf = com.pekall.emdm.launcher
05-22 11:50:37.744 V/DefultSetContriller(17184): isLauncherDf = com.pekall.emdm.launcher
05-22 11:50:37.744 V/DefultSetContriller(17184): isPhoneDf = com.pekall.emdm.launcher
05-22 11:50:37.744 E/LauncherApplication(17184): isShowLogoutUI = true
05-22 11:50:37.744 E/LauncherApplication(17184): LogoutShowTime 1
05-22 11:50:37.744 V/Launcher(17184): onResume1111111 
05-22 11:50:37.744 V/Launcher(17184): is login ----> 
05-22 11:50:37.752 I/System.out(17184):  
05-22 11:50:37.752 I/System.out(17184): com.pekall.emdm.launcher.Workspace.setWallpaper(Unknown Source)
05-22 11:50:37.752 I/System.out(17184): com.pekall.emdm.launcher.Launcher.onResume(Unknown Source)
05-22 11:50:37.752 I/System.out(17184): android.app.Instrumentation.callActivityOnResume(Instrumentation.java:1192)
05-22 11:50:37.752 I/System.out(17184): android.app.Activity.performResume(Activity.java:5211)
05-22 11:50:37.752 I/System.out(17184): android.app.ActivityThread.performResumeActivity(ActivityThread.java:2780)
05-22 11:50:37.752 I/System.out(17184): android.app.ActivityThread.handleResumeActivity(ActivityThread.java:2819)
05-22 11:50:37.752 I/System.out(17184): android.app.ActivityThread$H.handleMessage(ActivityThread.java:1298)
05-22 11:50:37.752 I/System.out(17184): android.os.Handler.dispatchMessage(Handler.java:99)
05-22 11:50:37.752 I/System.out(17184): android.os.Looper.loop(Looper.java:137)
05-22 11:50:37.752 I/System.out(17184): android.app.ActivityThread.main(ActivityThread.java:5103)
05-22 11:50:37.752 I/System.out(17184): java.lang.reflect.Method.invokeNative(Native Method)
05-22 11:50:37.752 I/System.out(17184): java.lang.reflect.Method.invoke(Method.java:525)
05-22 11:50:37.752 I/System.out(17184): com.android.internal.os.ZygoteInit$MethodAndArgsCaller.run(ZygoteInit.java:737)
05-22 11:50:37.752 I/System.out(17184): com.android.internal.os.ZygoteInit.main(ZygoteInit.java:553)
05-22 11:50:37.752 I/System.out(17184): dalvik.system.NativeStart.main(Native Method)
05-22 11:50:38.002 D/dalvikvm(17184): JIT unchain all for threadid=11
05-22 11:50:38.064 D/dalvikvm(17184): GC_FOR_ALLOC freed 4060K, 19% free 31964K/39324K, paused 308ms, total 310ms
05-22 11:50:38.072 I/dalvikvm-heap(17184): Grow heap (frag case) to 34.575MB for 3415696-byte allocation
05-22 11:50:38.322 D/dalvikvm(17184): JIT unchain all for threadid=11
05-22 11:50:38.369 D/dalvikvm(17184): GC_FOR_ALLOC freed 14K, 18% free 35285K/42660K, paused 298ms, total 298ms
05-22 11:50:38.385 W/SQLiteCursor(17184): Finalizing a Cursor that has not been deactivated or closed. database = /data/data/com.pekall.emdm.launcher/databases/emdm_contacts.db, table = company_calllogs, query = SELECT _id, number, date, duration, type, name, numbertype, numberlabel, company_calllogs_id, company_calllogs_department, company_id FROM company_calllogs ORDER BY date DESC
05-22 11:50:38.385 W/SQLiteCursor(17184): com.pekall.sandbox.database.sqlite.DatabaseObjectNotClosedException: Application did not close the cursor or database object that was opened here
05-22 11:50:38.385 W/SQLiteCursor(17184): 	at com.pekall.sandbox.database.sqlite.SQLiteCursor.<init>(Unknown Source)
05-22 11:50:38.385 W/SQLiteCursor(17184): 	at com.pekall.sandbox.database.sqlite.SQLiteDirectCursorDriver.query(Unknown Source)
05-22 11:50:38.385 W/SQLiteCursor(17184): 	at com.pekall.sandbox.database.sqlite.SQLiteDatabase.rawQueryWithFactory(Unknown Source)
05-22 11:50:38.385 W/SQLiteCursor(17184): 	at com.pekall.sandbox.database.sqlite.SQLiteQueryBuilder.query(Unknown Source)
05-22 11:50:38.385 W/SQLiteCursor(17184): 	at com.pekall.emdm.contacts.db.SimpleContactsProvider.query(Unknown Source)
05-22 11:50:38.385 W/SQLiteCursor(17184): 	at android.content.ContentProvider.query(ContentProvider.java:744)
05-22 11:50:38.385 W/SQLiteCursor(17184): 	at android.content.ContentProvider$Transport.query(ContentProvider.java:199)
05-22 11:50:38.385 W/SQLiteCursor(17184): 	at android.content.ContentResolver.query(ContentResolver.java:414)
05-22 11:50:38.385 W/SQLiteCursor(17184): 	at android.content.ContentResolver.query(ContentResolver.java:357)
05-22 11:50:38.385 W/SQLiteCursor(17184): 	at android.content.AsyncQueryHandler$WorkerHandler.handleMessage(AsyncQueryHandler.java:79)
05-22 11:50:38.385 W/SQLiteCursor(17184): 	at com.pekall.emdm.contacts.calllog.p.handleMessage(Unknown Source)
05-22 11:50:38.385 W/SQLiteCursor(17184): 	at android.os.Handler.dispatchMessage(Handler.java:99)
05-22 11:50:38.385 W/SQLiteCursor(17184): 	at android.os.Looper.loop(Looper.java:137)
05-22 11:50:38.385 W/SQLiteCursor(17184): 	at android.os.HandlerThread.run(HandlerThread.java:61)
05-22 11:50:38.392 W/CursorWrapperInner(17184): Cursor finalized without prior close()
05-22 11:50:38.392 W/SQLiteCursor(17184): Finalizing a Cursor that has not been deactivated or closed. database = /data/data/com.pekall.emdm.launcher/databases/emdm_contacts.db, table = contacts, query = SELECT * FROM contacts ORDER BY sort_key  asc
05-22 11:50:38.392 W/SQLiteCursor(17184): com.pekall.sandbox.database.sqlite.DatabaseObjectNotClosedException: Application did not close the cursor or database object that was opened here
05-22 11:50:38.392 W/SQLiteCursor(17184): 	at com.pekall.sandbox.database.sqlite.SQLiteCursor.<init>(Unknown Source)
05-22 11:50:38.392 W/SQLiteCursor(17184): 	at com.pekall.sandbox.database.sqlite.SQLiteDirectCursorDriver.query(Unknown Source)
05-22 11:50:38.392 W/SQLiteCursor(17184): 	at com.pekall.sandbox.database.sqlite.SQLiteDatabase.rawQueryWithFactory(Unknown Source)
05-22 11:50:38.392 W/SQLiteCursor(17184): 	at com.pekall.sandbox.database.sqlite.SQLiteQueryBuilder.query(Unknown Source)
05-22 11:50:38.392 W/SQLiteCursor(17184): 	at com.pekall.emdm.contacts.db.SimpleContactsProvider.query(Unknown Source)
05-22 11:50:38.392 W/SQLiteCursor(17184): 	at android.content.ContentProvider.query(ContentProvider.java:744)
05-22 11:50:38.392 W/SQLiteCursor(17184): 	at android.content.ContentProvider$Transport.query(ContentProvider.java:199)
05-22 11:50:38.392 W/SQLiteCursor(17184): 	at android.content.ContentResolver.query(ContentResolver.java:414)
05-22 11:50:38.392 W/SQLiteCursor(17184): 	at android.content.ContentResolver.query(ContentResolver.java:357)
05-22 11:50:38.392 W/SQLiteCursor(17184): 	at com.pekall.emdm.contacts.ui.DefaultContactBrowseListFragment.d(Unknown Source)
05-22 11:50:38.392 W/SQLiteCursor(17184): 	at com.pekall.emdm.contacts.ui.DefaultContactBrowseListFragment.onClick(Unknown Source)
05-22 11:50:38.392 W/SQLiteCursor(17184): 	at android.view.View.performClick(View.java:4240)
05-22 11:50:38.392 W/SQLiteCursor(17184): 	at android.view.View$PerformClick.run(View.java:17721)
05-22 11:50:38.392 W/SQLiteCursor(17184): 	at android.os.Handler.handleCallback(Handler.java:730)
05-22 11:50:38.392 W/SQLiteCursor(17184): 	at android.os.Handler.dispatchMessage(Handler.java:92)
05-22 11:50:38.392 W/SQLiteCursor(17184): 	at android.os.Looper.loop(Looper.java:137)
05-22 11:50:38.392 W/SQLiteCursor(17184): 	at android.app.ActivityThread.main(ActivityThread.java:5103)
05-22 11:50:38.392 W/SQLiteCursor(17184): 	at java.lang.reflect.Method.invokeNative(Native Method)
05-22 11:50:38.392 W/SQLiteCursor(17184): 	at java.lang.reflect.Method.invoke(Method.java:525)
05-22 11:50:38.392 W/SQLiteCursor(17184): 	at com.android.internal.os.ZygoteInit$MethodAndArgsCaller.run(ZygoteInit.java:737)
05-22 11:50:38.392 W/SQLiteCursor(17184): 	at com.android.internal.os.ZygoteInit.main(ZygoteInit.java:553)
05-22 11:50:38.392 W/SQLiteCursor(17184): 	at dalvik.system.NativeStart.main(Native Method)
05-22 11:50:38.392 W/CursorWrapperInner(17184): Cursor finalized without prior close()
05-22 11:50:38.400 W/CursorWrapperInner(17184): Cursor finalized without prior close()
05-22 11:50:38.400 W/SQLiteCursor(17184): Finalizing a Cursor that has not been deactivated or closed. database = /data/data/com.pekall.emdm.launcher/databases/emdm_contacts.db, table = frequently_contacts, query = SELECT _id, company_id, number, date, name FROM frequently_contacts ORDER BY date DESC
05-22 11:50:38.400 W/SQLiteCursor(17184): com.pekall.sandbox.database.sqlite.DatabaseObjectNotClosedException: Application did not close the cursor or database object that was opened here
05-22 11:50:38.400 W/SQLiteCursor(17184): 	at com.pekall.sandbox.database.sqlite.SQLiteCursor.<init>(Unknown Source)
05-22 11:50:38.400 W/SQLiteCursor(17184): 	at com.pekall.sandbox.database.sqlite.SQLiteDirectCursorDriver.query(Unknown Source)
05-22 11:50:38.400 W/SQLiteCursor(17184): 	at com.pekall.sandbox.database.sqlite.SQLiteDatabase.rawQueryWithFactory(Unknown Source)
05-22 11:50:38.400 W/SQLiteCursor(17184): 	at com.pekall.sandbox.database.sqlite.SQLiteQueryBuilder.query(Unknown Source)
05-22 11:50:38.400 W/SQLiteCursor(17184): 	at com.pekall.emdm.contacts.db.SimpleContactsProvider.query(Unknown Source)
05-22 11:50:38.400 W/SQLiteCursor(17184): 	at android.content.ContentProvider.query(ContentProvider.java:744)
05-22 11:50:38.400 W/SQLiteCursor(17184): 	at android.content.ContentProvider$Transport.query(ContentProvider.java:199)
05-22 11:50:38.400 W/SQLiteCursor(17184): 	at android.content.ContentResolver.query(ContentResolver.java:414)
05-22 11:50:38.400 W/SQLiteCursor(17184): 	at android.content.ContentResolver.query(ContentResolver.java:357)
05-22 11:50:38.400 W/SQLiteCursor(17184): 	at com.pekall.emdm.contacts.ui.n.a(Unknown Source)
05-22 11:50:38.400 W/SQLiteCursor(17184): 	at com.pekall.emdm.contacts.ui.n.doInBackground(Unknown Source)
05-22 11:50:38.400 W/SQLiteCursor(17184): 	at android.os.AsyncTask$2.call(AsyncTask.java:287)
05-22 11:50:38.400 W/SQLiteCursor(17184): 	at java.util.concurrent.FutureTask.run(FutureTask.java:234)
05-22 11:50:38.400 W/SQLiteCursor(17184): 	at android.os.AsyncTask$SerialExecutor$1.run(AsyncTask.java:230)
05-22 11:50:38.400 W/SQLiteCursor(17184): 	at java.util.concurrent.ThreadPoolExecutor.runWorker(ThreadPoolExecutor.java:1080)
05-22 11:50:38.400 W/SQLiteCursor(17184): 	at java.util.concurrent.ThreadPoolExecutor$Worker.run(ThreadPoolExecutor.java:573)
05-22 11:50:38.400 W/SQLiteCursor(17184): 	at java.lang.Thread.run(Thread.java:841)
05-22 11:50:38.400 W/CursorWrapperInner(17184): Cursor finalized without prior close()
05-22 11:50:38.471 I/Choreographer(17184): Skipped 43 frames!  The application may be doing too much work on its main thread.
05-22 11:50:38.916 D/DefaultContactBrowseListFragment(17184): onDestroyView==============
05-22 11:50:38.924 D/AssistantCallLogFragment(17184): [---null: -1---]onDestroyView==============
05-22 11:50:40.689 I/QueryController(19382): Matched selector: UiSelector[TEXT=Personal Mode, CLASS=android.widget.TextView, PACKAGE NAME=com.pekall.emdm.launcher] <<==>> [android.view.accessibility.AccessibilityNodeInfo@389c6; boundsInParent: Rect(0, 0 - 160, 200); boundsInScreen: Rect(190, 608 - 350, 808); packageName: com.pekall.emdm.launcher; className: android.widget.TextView; text: Personal Mode; contentDescription: null; viewIdResName: null; checkable: false; checked: false; focusable: false; focused: false; selected: false; clickable: true; longClickable: true; enabled: true; password: false; scrollable: false; [ACTION_SELECT, ACTION_CLEAR_SELECTION, ACTION_CLICK, ACTION_LONG_CLICK, ACTION_ACCESSIBILITY_FOCUS, ACTION_NEXT_AT_MOVEMENT_GRANULARITY, ACTION_PREVIOUS_AT_MOVEMENT_GRANULARITY, ACTION_SET_SELECTION]]
05-22 11:50:40.697 I/QueryController(19382): Matched selector: UiSelector[TEXT=EmdmContacts, CLASS=android.widget.TextView, PACKAGE NAME=com.pekall.emdm.launcher] <<==>> [android.view.accessibility.AccessibilityNodeInfo@39148; boundsInParent: Rect(0, 0 - 160, 200); boundsInScreen: Rect(550, 608 - 710, 808); packageName: com.pekall.emdm.launcher; className: android.widget.TextView; text: EmdmContacts; contentDescription: null; viewIdResName: null; checkable: false; checked: false; focusable: false; focused: false; selected: false; clickable: true; longClickable: true; enabled: true; password: false; scrollable: false; [ACTION_SELECT, ACTION_CLEAR_SELECTION, ACTION_CLICK, ACTION_LONG_CLICK, ACTION_ACCESSIBILITY_FOCUS, ACTION_NEXT_AT_MOVEMENT_GRANULARITY, ACTION_PREVIOUS_AT_MOVEMENT_GRANULARITY, ACTION_SET_SELECTION]]
05-22 11:50:40.705 I/QueryController(19382): Matched selector: UiSelector[TEXT=EmdmContacts, CLASS=android.widget.TextView, PACKAGE NAME=com.pekall.emdm.launcher] <<==>> [android.view.accessibility.AccessibilityNodeInfo@39148; boundsInParent: Rect(0, 0 - 160, 200); boundsInScreen: Rect(550, 608 - 710, 808); packageName: com.pekall.emdm.launcher; className: android.widget.TextView; text: EmdmContacts; contentDescription: null; viewIdResName: null; checkable: false; checked: false; focusable: false; focused: false; selected: false; clickable: true; longClickable: true; enabled: true; password: false; scrollable: false; [ACTION_SELECT, ACTION_CLEAR_SELECTION, ACTION_CLICK, ACTION_LONG_CLICK, ACTION_ACCESSIBILITY_FOCUS, ACTION_NEXT_AT_MOVEMENT_GRANULARITY, ACTION_PREVIOUS_AT_MOVEMENT_GRANULARITY, ACTION_SET_SELECTION]]
05-22 11:50:40.721 I/QueryController(19382): Matched selector: UiSelector[TEXT=EmdmContacts, CLASS=android.widget.TextView, PACKAGE NAME=com.pekall.emdm.launcher] <<==>> [android.view.accessibility.AccessibilityNodeInfo@39148; boundsInParent: Rect(0, 0 - 160, 200); boundsInScreen: Rect(550, 608 - 710, 808); packageName: com.pekall.emdm.launcher; className: android.widget.TextView; text: EmdmContacts; contentDescription: null; viewIdResName: null; checkable: false; checked: false; focusable: false; focused: false; selected: false; clickable: true; longClickable: true; enabled: true; password: false; scrollable: false; [ACTION_SELECT, ACTION_CLEAR_SELECTION, ACTION_CLICK, ACTION_LONG_CLICK, ACTION_ACCESSIBILITY_FOCUS, ACTION_NEXT_AT_MOVEMENT_GRANULARITY, ACTION_PREVIOUS_AT_MOVEMENT_GRANULARITY, ACTION_SET_SELECTION]]
05-22 11:50:40.721 D/UiObject(19382): getText() = EmdmContacts
05-22 11:50:40.728 I/QueryController(19382): Matched selector: UiSelector[TEXT=EmdmContacts, CLASS=android.widget.TextView, PACKAGE NAME=com.pekall.emdm.launcher] <<==>> [android.view.accessibility.AccessibilityNodeInfo@39148; boundsInParent: Rect(0, 0 - 160, 200); boundsInScreen: Rect(550, 608 - 710, 808); packageName: com.pekall.emdm.launcher; className: android.widget.TextView; text: EmdmContacts; contentDescription: null; viewIdResName: null; checkable: false; checked: false; focusable: false; focused: false; selected: false; clickable: true; longClickable: true; enabled: true; password: false; scrollable: false; [ACTION_SELECT, ACTION_CLEAR_SELECTION, ACTION_CLICK, ACTION_LONG_CLICK, ACTION_ACCESSIBILITY_FOCUS, ACTION_NEXT_AT_MOVEMENT_GRANULARITY, ACTION_PREVIOUS_AT_MOVEMENT_GRANULARITY, ACTION_SET_SELECTION]]
05-22 11:50:40.736 I/QueryController(19382): Matched selector: UiSelector[TEXT=EmdmContacts, CLASS=android.widget.TextView, PACKAGE NAME=com.pekall.emdm.launcher] <<==>> [android.view.accessibility.AccessibilityNodeInfo@39148; boundsInParent: Rect(0, 0 - 160, 200); boundsInScreen: Rect(550, 608 - 710, 808); packageName: com.pekall.emdm.launcher; className: android.widget.TextView; text: EmdmContacts; contentDescription: null; viewIdResName: null; checkable: false; checked: false; focusable: false; focused: false; selected: false; clickable: true; longClickable: true; enabled: true; password: false; scrollable: false; [ACTION_SELECT, ACTION_CLEAR_SELECTION, ACTION_CLICK, ACTION_LONG_CLICK, ACTION_ACCESSIBILITY_FOCUS, ACTION_NEXT_AT_MOVEMENT_GRANULARITY, ACTION_PREVIOUS_AT_MOVEMENT_GRANULARITY, ACTION_SET_SELECTION]]
05-22 11:50:40.736 D/InteractionController(19382): clickAndWaitForNewWindow(630, 708)
05-22 11:50:40.869 W/Parcel  ( 1661): Attempt to read object from Parcel 0x5dfd3dac at offset 200 that is not in the object list
05-22 11:50:40.869 I/ActivityManager(  374): START u0 {flg=0x10000000 cmp=com.pekall.emdm.launcher/com.pekall.emdm.contacts.activities.PeopleActivity} from pid 17184
05-22 11:50:41.010 D/dalvikvm(  374): GC_FOR_ALLOC freed 1654K, 22% free 23576K/30132K, paused 89ms, total 89ms
05-22 11:50:41.017 D/LauncherApplication(17184): [null:-1]->onActivityPaused
05-22 11:50:41.025 D/LauncherApplication(17184): [null:-1]->onActivityPaused  updateTime
05-22 11:50:41.033 W/Parcel  ( 1661): Attempt to read object from Parcel 0x5ec3bdac at offset 200 that is not in the object list
05-22 11:50:41.033 I/ActivityManager(  374): START u0 {cmp=com.pekall.emdm.launcher/com.pekall.emdm.contacts.activities.DialtactsActivity (has extras)} from pid 17184
05-22 11:50:41.064 V/LauncherApplication(17184): onActivityStarted
05-22 11:50:41.064 D/        (17184): [---null: -1---]     awsa  onActivityResumed
05-22 11:50:41.064 V/LauncherApplication(17184): 2MdmConstant.LAST_LAUNCH_TIME = 1400730641030
05-22 11:50:41.072 D/        (17184): [---null: -1---]  activity = com.pekall.emdm.contacts.activities.DialtactsActivity
05-22 11:50:41.072 V/DefultSetContriller(17184): isLauncherDf = com.pekall.emdm.launcher
05-22 11:50:41.080 V/DefultSetContriller(17184): isPhoneDf = com.pekall.emdm.launcher
05-22 11:50:41.080 E/LauncherApplication(17184): isShowLogoutUI = true
05-22 11:50:41.080 E/LauncherApplication(17184): LogoutShowTime 1
05-22 11:50:41.119 D/ContactsProvider(17184): [Contacts] query 'content://emdmcontacts/contacts', segment size: 1
05-22 11:50:41.135 I/ContactPhotoManager(17184): Cache adj: 0.5
05-22 11:50:41.135 E/ContactPhotoManager(17184): No contact photo service in context: com.pekall.emdm.launcher.LauncherApplication@4228f7a8
05-22 11:50:41.213 V/PhoneStatusBar(  448): setLightsOn(true)
05-22 11:50:41.252 D/ContactsProvider(17184): [Contacts] query 'content://emdmcontacts/company_calllogs', segment size: 1
05-22 11:50:41.306 I/ActivityManager(  374): Displayed com.pekall.emdm.launcher/com.pekall.emdm.contacts.activities.DialtactsActivity: +268ms (total +283ms)
05-22 11:50:41.314 D/ContactsProvider(17184): [Contacts] query 'content://emdmcontacts/frequently_contacts', segment size: 1
05-22 11:50:41.361 D/ContactsProvider(17184): [Contacts] query 'content://emdmcontacts/contacts', segment size: 1
05-22 11:50:41.971 I/QueryController(19382): Matched selector: UiSelector[TEXT=company, CLASS=android.widget.TextView, PACKAGE NAME=com.pekall.emdm.launcher] <<==>> [android.view.accessibility.AccessibilityNodeInfo@24bd10; boundsInParent: Rect(0, 0 - 345, 53); boundsInScreen: Rect(20, 1111 - 365, 1164); packageName: com.pekall.emdm.launcher; className: android.widget.TextView; text: company; contentDescription: null; viewIdResName: com.pekall.emdm.launcher:id/call_company; checkable: false; checked: false; focusable: false; focused: false; selected: true; clickable: true; longClickable: false; enabled: true; password: false; scrollable: false; [ACTION_SELECT, ACTION_CLEAR_SELECTION, ACTION_CLICK, ACTION_ACCESSIBILITY_FOCUS, ACTION_NEXT_AT_MOVEMENT_GRANULARITY, ACTION_PREVIOUS_AT_MOVEMENT_GRANULARITY, ACTION_SET_SELECTION]]
05-22 11:50:42.010 D/dalvikvm(19382): GC_FOR_ALLOC freed 7543K, 93% free 647K/8192K, paused 25ms, total 25ms
05-22 11:50:42.017 I/QueryController(19382): Matched selector: UiSelector[TEXT=company, CLASS=android.widget.TextView, PACKAGE NAME=com.pekall.emdm.launcher] <<==>> [android.view.accessibility.AccessibilityNodeInfo@24bd10; boundsInParent: Rect(0, 0 - 345, 53); boundsInScreen: Rect(20, 1111 - 365, 1164); packageName: com.pekall.emdm.launcher; className: android.widget.TextView; text: company; contentDescription: null; viewIdResName: com.pekall.emdm.launcher:id/call_company; checkable: false; checked: false; focusable: false; focused: false; selected: true; clickable: true; longClickable: false; enabled: true; password: false; scrollable: false; [ACTION_SELECT, ACTION_CLEAR_SELECTION, ACTION_CLICK, ACTION_ACCESSIBILITY_FOCUS, ACTION_NEXT_AT_MOVEMENT_GRANULARITY, ACTION_PREVIOUS_AT_MOVEMENT_GRANULARITY, ACTION_SET_SELECTION]]
05-22 11:50:42.017 D/UiObject(19382): getText() = company
05-22 11:50:42.033 I/QueryController(19382): Matched selector: UiSelector[TEXT=company, CLASS=android.widget.TextView, PACKAGE NAME=com.pekall.emdm.launcher] <<==>> [android.view.accessibility.AccessibilityNodeInfo@24bd10; boundsInParent: Rect(0, 0 - 345, 53); boundsInScreen: Rect(20, 1111 - 365, 1164); packageName: com.pekall.emdm.launcher; className: android.widget.TextView; text: company; contentDescription: null; viewIdResName: com.pekall.emdm.launcher:id/call_company; checkable: false; checked: false; focusable: false; focused: false; selected: true; clickable: true; longClickable: false; enabled: true; password: false; scrollable: false; [ACTION_SELECT, ACTION_CLEAR_SELECTION, ACTION_CLICK, ACTION_ACCESSIBILITY_FOCUS, ACTION_NEXT_AT_MOVEMENT_GRANULARITY, ACTION_PREVIOUS_AT_MOVEMENT_GRANULARITY, ACTION_SET_SELECTION]]
05-22 11:50:42.049 I/QueryController(19382): Matched selector: UiSelector[TEXT=company, CLASS=android.widget.TextView, PACKAGE NAME=com.pekall.emdm.launcher] <<==>> [android.view.accessibility.AccessibilityNodeInfo@24bd10; boundsInParent: Rect(0, 0 - 345, 53); boundsInScreen: Rect(20, 1111 - 365, 1164); packageName: com.pekall.emdm.launcher; className: android.widget.TextView; text: company; contentDescription: null; viewIdResName: com.pekall.emdm.launcher:id/call_company; checkable: false; checked: false; focusable: false; focused: false; selected: true; clickable: true; longClickable: false; enabled: true; password: false; scrollable: false; [ACTION_SELECT, ACTION_CLEAR_SELECTION, ACTION_CLICK, ACTION_ACCESSIBILITY_FOCUS, ACTION_NEXT_AT_MOVEMENT_GRANULARITY, ACTION_PREVIOUS_AT_MOVEMENT_GRANULARITY, ACTION_SET_SELECTION]]
05-22 11:50:42.049 D/InteractionController(19382): clickAndWaitForNewWindow(192, 1137)
05-22 11:50:42.158 D/ContactsProvider(17184): [Contacts] query 'content://emdmcontacts/contacts', segment size: 1
05-22 11:50:44.947 W/Parcel  ( 1661): Attempt to read object from Parcel 0x5dfd3dac at offset 200 that is not in the object list
05-22 11:50:45.158 W/InteractionController(19382): runAndwaitForEvent timedout waiting for events
05-22 11:50:45.174 I/QueryController(19382): Matched selector: UiSelector[CLASS=android.widget.ImageView, INDEX=2] <<==>> [android.view.accessibility.AccessibilityNodeInfo@254434; boundsInParent: Rect(0, 0 - 240, 50); boundsInScreen: Rect(480, 73 - 720, 123); packageName: com.pekall.emdm.launcher; className: android.widget.ImageView; text: null; contentDescription: null; viewIdResName: com.pekall.emdm.launcher:id/thrid; checkable: false; checked: false; focusable: false; focused: false; selected: false; clickable: true; longClickable: false; enabled: true; password: false; scrollable: false; [ACTION_SELECT, ACTION_CLEAR_SELECTION, ACTION_CLICK, ACTION_ACCESSIBILITY_FOCUS]]
05-22 11:50:45.174 D/InteractionController(19382): clickAndWaitForNewWindow(600, 98)
05-22 11:50:45.549 W/MountService(  374): getVolumeState(/storage/emulated/0/external_sd): Unknown volume
05-22 11:50:45.549 W/MountService(  374): getVolumeState(/mnt/sdcard-ext): Unknown volume
05-22 11:50:45.556 W/MountService(  374): getVolumeState(/mnt/ext_sdcard): Unknown volume
05-22 11:50:45.556 W/MountService(  374): getVolumeState(/mnt/sdcard2): Unknown volume
05-22 11:50:45.556 W/MountService(  374): getVolumeState(/mnt/emmc): Unknown volume
05-22 11:50:45.556 W/MountService(  374): getVolumeState(/mnt/extSdCard): Unknown volume
05-22 11:50:45.556 W/MountService(  374): getVolumeState(/mnt/sdcard/SD_CARD): Unknown volume
05-22 11:50:45.556 W/MountService(  374): getVolumeState(/mnt/sdcard/extra_sd): Unknown volume
05-22 11:50:45.556 W/MountService(  374): getVolumeState(/mnt/extrasd_bind): Unknown volume
05-22 11:50:45.556 W/MountService(  374): getVolumeState(/mnt/sdcard/ext_sd): Unknown volume
05-22 11:50:45.556 W/MountService(  374): getVolumeState(/storage/extSdCard): Unknown volume
05-22 11:50:45.564 W/MountService(  374): getVolumeState(/storage/sdcard1): Unknown volume
05-22 11:50:45.564 W/MountService(  374): getVolumeState(/mnt/sdcard/external_SD): Unknown volume
05-22 11:50:45.564 W/MountService(  374): getVolumeState(/mnt/sdcard/external_sd): Unknown volume
05-22 11:50:45.627 D/dalvikvm( 1468): GC_CONCURRENT freed 494K, 21% free 9986K/12512K, paused 8ms+17ms, total 78ms
05-22 11:50:45.627 D/dalvikvm( 1468): WAIT_FOR_CONCURRENT_GC blocked 51ms
05-22 11:50:45.877 D/dalvikvm( 1468): GC_CONCURRENT freed 510K, 21% free 9981K/12512K, paused 20ms+5ms, total 50ms
05-22 11:50:45.877 D/dalvikvm( 1468): WAIT_FOR_CONCURRENT_GC blocked 24ms
05-22 11:50:45.877 D/dalvikvm( 1468): WAIT_FOR_CONCURRENT_GC blocked 16ms
05-22 11:50:45.885 W/MountService(  374): getVolumeState(/storage/emulated/0/external_sd): Unknown volume
05-22 11:50:45.885 W/MountService(  374): getVolumeState(/mnt/sdcard-ext): Unknown volume
05-22 11:50:45.885 W/MountService(  374): getVolumeState(/mnt/ext_sdcard): Unknown volume
05-22 11:50:45.885 W/MountService(  374): getVolumeState(/mnt/sdcard2): Unknown volume
05-22 11:50:45.885 W/MountService(  374): getVolumeState(/mnt/emmc): Unknown volume
05-22 11:50:45.885 W/MountService(  374): getVolumeState(/mnt/extSdCard): Unknown volume
05-22 11:50:45.885 W/MountService(  374): getVolumeState(/mnt/sdcard/SD_CARD): Unknown volume
05-22 11:50:45.885 W/MountService(  374): getVolumeState(/mnt/sdcard/extra_sd): Unknown volume
05-22 11:50:45.892 W/MountService(  374): getVolumeState(/mnt/extrasd_bind): Unknown volume
05-22 11:50:45.892 W/MountService(  374): getVolumeState(/mnt/sdcard/ext_sd): Unknown volume
05-22 11:50:45.892 W/MountService(  374): getVolumeState(/storage/extSdCard): Unknown volume
05-22 11:50:45.892 W/MountService(  374): getVolumeState(/storage/sdcard1): Unknown volume
05-22 11:50:45.892 W/MountService(  374): getVolumeState(/mnt/sdcard/external_SD): Unknown volume
05-22 11:50:45.892 W/MountService(  374): getVolumeState(/mnt/sdcard/external_sd): Unknown volume
05-22 11:50:45.994 D/dalvikvm( 1468): GC_CONCURRENT freed 433K, 21% free 9957K/12512K, paused 5ms+4ms, total 28ms
05-22 11:50:48.275 W/InteractionController(19382): runAndwaitForEvent timedout waiting for events
05-22 11:50:48.314 D/dalvikvm(19382): GC_CONCURRENT freed 437K, 93% free 617K/8192K, paused 1ms+1ms, total 5ms
05-22 11:50:48.377 I/QueryController(19382): Matched selector: UiSelector[TEXT=company, CLASS=android.widget.TextView, PACKAGE NAME=com.pekall.emdm.launcher] <<==>> [android.view.accessibility.AccessibilityNodeInfo@24bd10; boundsInParent: Rect(0, 0 - 345, 53); boundsInScreen: Rect(20, 1111 - 365, 1164); packageName: com.pekall.emdm.launcher; className: android.widget.TextView; text: company; contentDescription: null; viewIdResName: com.pekall.emdm.launcher:id/call_company; checkable: false; checked: false; focusable: false; focused: false; selected: true; clickable: true; longClickable: false; enabled: true; password: false; scrollable: false; [ACTION_SELECT, ACTION_CLEAR_SELECTION, ACTION_CLICK, ACTION_ACCESSIBILITY_FOCUS, ACTION_NEXT_AT_MOVEMENT_GRANULARITY, ACTION_PREVIOUS_AT_MOVEMENT_GRANULARITY, ACTION_SET_SELECTION]]
05-22 11:50:48.392 I/QueryController(19382): Matched selector: UiSelector[PACKAGE NAME=com.pekall.emdm.launcher] <<==>> [android.view.accessibility.AccessibilityNodeInfo@2475bd; boundsInParent: Rect(0, 0 - 720, 1184); boundsInScreen: Rect(0, 0 - 720, 1184); packageName: com.pekall.emdm.launcher; className: android.widget.FrameLayout; text: null; contentDescription: null; viewIdResName: null; checkable: false; checked: false; focusable: false; focused: false; selected: false; clickable: false; longClickable: false; enabled: true; password: false; scrollable: false; [ACTION_SELECT, ACTION_CLEAR_SELECTION, ACTION_ACCESSIBILITY_FOCUS]]
05-22 11:50:48.408 D/dalvikvm(19382): GC_CONCURRENT freed 350K, 92% free 683K/8192K, paused 0ms+1ms, total 6ms
05-22 11:50:48.424 I/QueryController(19382): Matched selector: UiSelector[PACKAGE NAME=com.pekall.emdm.launcher] <<==>> [android.view.accessibility.AccessibilityNodeInfo@2475bd; boundsInParent: Rect(0, 0 - 720, 1184); boundsInScreen: Rect(0, 0 - 720, 1184); packageName: com.pekall.emdm.launcher; className: android.widget.FrameLayout; text: null; contentDescription: null; viewIdResName: null; checkable: false; checked: false; focusable: false; focused: false; selected: false; clickable: false; longClickable: false; enabled: true; password: false; scrollable: false; [ACTION_SELECT, ACTION_CLEAR_SELECTION, ACTION_ACCESSIBILITY_FOCUS]]
05-22 11:50:48.471 I/ActivityManager(  374): START u0 {act=android.intent.action.MAIN cat=[android.intent.category.HOME] flg=0x10200000 cmp=com.pekall.emdm.launcher/.Launcher} from pid 374
05-22 11:50:48.572 D/dalvikvm(  374): GC_FOR_ALLOC freed 1652K, 22% free 23574K/30132K, paused 69ms, total 69ms
05-22 11:50:48.572 D/LauncherApplication(17184): [null:-1]->onActivityPaused
05-22 11:50:48.588 D/LauncherApplication(17184): [null:-1]->onActivityPaused  updateTime
05-22 11:50:48.596 V/LauncherApplication(17184): onActivityStarted
05-22 11:50:48.596 D/        (17184): [---null: -1---]     awsa  onActivityResumed
05-22 11:50:48.596 V/LauncherApplication(17184): 2MdmConstant.LAST_LAUNCH_TIME = 1400730648593
05-22 11:50:48.603 D/        (17184): [---null: -1---]  activity = com.pekall.emdm.launcher.Launcher
05-22 11:50:48.603 V/DefultSetContriller(17184): isLauncherDf = com.pekall.emdm.launcher
05-22 11:50:48.603 V/DefultSetContriller(17184): isLauncherDf = com.pekall.emdm.launcher
05-22 11:50:48.603 V/DefultSetContriller(17184): isPhoneDf = com.pekall.emdm.launcher
05-22 11:50:48.611 E/LauncherApplication(17184): isShowLogoutUI = true
05-22 11:50:48.611 E/LauncherApplication(17184): LogoutShowTime 1
05-22 11:50:48.611 V/Launcher(17184): onResume1111111 
05-22 11:50:48.611 V/Launcher(17184): is login ----> 
05-22 11:50:48.611 I/System.out(17184):  
05-22 11:50:48.611 I/System.out(17184): com.pekall.emdm.launcher.Workspace.setWallpaper(Unknown Source)
05-22 11:50:48.611 I/System.out(17184): com.pekall.emdm.launcher.Launcher.onResume(Unknown Source)
05-22 11:50:48.611 I/System.out(17184): android.app.Instrumentation.callActivityOnResume(Instrumentation.java:1192)
05-22 11:50:48.611 I/System.out(17184): android.app.Activity.performResume(Activity.java:5211)
05-22 11:50:48.611 I/System.out(17184): android.app.ActivityThread.performResumeActivity(ActivityThread.java:2780)
05-22 11:50:48.611 I/System.out(17184): android.app.ActivityThread.handleResumeActivity(ActivityThread.java:2819)
05-22 11:50:48.611 I/System.out(17184): android.app.ActivityThread$H.handleMessage(ActivityThread.java:1298)
05-22 11:50:48.611 I/System.out(17184): android.os.Handler.dispatchMessage(Handler.java:99)
05-22 11:50:48.611 I/System.out(17184): android.os.Looper.loop(Looper.java:137)
05-22 11:50:48.611 I/System.out(17184): android.app.ActivityThread.main(ActivityThread.java:5103)
05-22 11:50:48.611 I/System.out(17184): java.lang.reflect.Method.invokeNative(Native Method)
05-22 11:50:48.611 I/System.out(17184): java.lang.reflect.Method.invoke(Method.java:525)
05-22 11:50:48.611 I/System.out(17184): com.android.internal.os.ZygoteInit$MethodAndArgsCaller.run(ZygoteInit.java:737)
05-22 11:50:48.611 I/System.out(17184): com.android.internal.os.ZygoteInit.main(ZygoteInit.java:553)
05-22 11:50:48.611 I/System.out(17184): dalvik.system.NativeStart.main(Native Method)
05-22 11:50:48.861 D/dalvikvm(17184): JIT unchain all for threadid=11
05-22 11:50:48.924 D/dalvikvm(17184): GC_FOR_ALLOC freed 4041K, 26% free 31970K/42660K, paused 306ms, total 306ms
05-22 11:50:48.939 W/SQLiteCursor(17184): Finalizing a Cursor that has not been deactivated or closed. database = /data/data/com.pekall.emdm.launcher/databases/emdm_contacts.db, table = company_calllogs, query = SELECT _id, number, date, duration, type, name, numbertype, numberlabel, company_calllogs_id, company_calllogs_department, company_id FROM company_calllogs ORDER BY date DESC
05-22 11:50:48.939 W/SQLiteCursor(17184): com.pekall.sandbox.database.sqlite.DatabaseObjectNotClosedException: Application did not close the cursor or database object that was opened here
05-22 11:50:48.939 W/SQLiteCursor(17184): 	at com.pekall.sandbox.database.sqlite.SQLiteCursor.<init>(Unknown Source)
05-22 11:50:48.939 W/SQLiteCursor(17184): 	at com.pekall.sandbox.database.sqlite.SQLiteDirectCursorDriver.query(Unknown Source)
05-22 11:50:48.939 W/SQLiteCursor(17184): 	at com.pekall.sandbox.database.sqlite.SQLiteDatabase.rawQueryWithFactory(Unknown Source)
05-22 11:50:48.939 W/SQLiteCursor(17184): 	at com.pekall.sandbox.database.sqlite.SQLiteQueryBuilder.query(Unknown Source)
05-22 11:50:48.939 W/SQLiteCursor(17184): 	at com.pekall.emdm.contacts.db.SimpleContactsProvider.query(Unknown Source)
05-22 11:50:48.939 W/SQLiteCursor(17184): 	at android.content.ContentProvider.query(ContentProvider.java:744)
05-22 11:50:48.939 W/SQLiteCursor(17184): 	at android.content.ContentProvider$Transport.query(ContentProvider.java:199)
05-22 11:50:48.939 W/SQLiteCursor(17184): 	at android.content.ContentResolver.query(ContentResolver.java:414)
05-22 11:50:48.939 W/SQLiteCursor(17184): 	at android.content.ContentResolver.query(ContentResolver.java:357)
05-22 11:50:48.939 W/SQLiteCursor(17184): 	at android.content.AsyncQueryHandler$WorkerHandler.handleMessage(AsyncQueryHandler.java:79)
05-22 11:50:48.939 W/SQLiteCursor(17184): 	at com.pekall.emdm.contacts.calllog.p.handleMessage(Unknown Source)
05-22 11:50:48.939 W/SQLiteCursor(17184): 	at android.os.Handler.dispatchMessage(Handler.java:99)
05-22 11:50:48.939 W/SQLiteCursor(17184): 	at android.os.Looper.loop(Looper.java:137)
05-22 11:50:48.939 W/SQLiteCursor(17184): 	at android.os.HandlerThread.run(HandlerThread.java:61)
05-22 11:50:48.947 W/CursorWrapperInner(17184): Cursor finalized without prior close()
05-22 11:50:48.947 W/SQLiteCursor(17184): Finalizing a Cursor that has not been deactivated or closed. database = /data/data/com.pekall.emdm.launcher/databases/emdm_contacts.db, table = contacts, query = SELECT * FROM contacts ORDER BY sort_key  asc
05-22 11:50:48.947 W/SQLiteCursor(17184): com.pekall.sandbox.database.sqlite.DatabaseObjectNotClosedException: Application did not close the cursor or database object that was opened here
05-22 11:50:48.947 W/SQLiteCursor(17184): 	at com.pekall.sandbox.database.sqlite.SQLiteCursor.<init>(Unknown Source)
05-22 11:50:48.947 W/SQLiteCursor(17184): 	at com.pekall.sandbox.database.sqlite.SQLiteDirectCursorDriver.query(Unknown Source)
05-22 11:50:48.947 W/SQLiteCursor(17184): 	at com.pekall.sandbox.database.sqlite.SQLiteDatabase.rawQueryWithFactory(Unknown Source)
05-22 11:50:48.947 W/SQLiteCursor(17184): 	at com.pekall.sandbox.database.sqlite.SQLiteQueryBuilder.query(Unknown Source)
05-22 11:50:48.947 W/SQLiteCursor(17184): 	at com.pekall.emdm.contacts.db.SimpleContactsProvider.query(Unknown Source)
05-22 11:50:48.947 W/SQLiteCursor(17184): 	at android.content.ContentProvider.query(ContentProvider.java:744)
05-22 11:50:48.947 W/SQLiteCursor(17184): 	at android.content.ContentProvider$Transport.query(ContentProvider.java:199)
05-22 11:50:48.947 W/SQLiteCursor(17184): 	at android.content.ContentResolver.query(ContentResolver.java:414)
05-22 11:50:48.947 W/SQLiteCursor(17184): 	at android.content.ContentResolver.query(ContentResolver.java:357)
05-22 11:50:48.947 W/SQLiteCursor(17184): 	at com.pekall.emdm.contacts.ui.DefaultContactBrowseListFragment.d(Unknown Source)
05-22 11:50:48.947 W/SQLiteCursor(17184): 	at com.pekall.emdm.contacts.ui.DefaultContactBrowseListFragment.onClick(Unknown Source)
05-22 11:50:48.947 W/SQLiteCursor(17184): 	at android.view.View.performClick(View.java:4240)
05-22 11:50:48.947 W/SQLiteCursor(17184): 	at android.view.View$PerformClick.run(View.java:17721)
05-22 11:50:48.947 W/SQLiteCursor(17184): 	at android.os.Handler.handleCallback(Handler.java:730)
05-22 11:50:48.947 W/SQLiteCursor(17184): 	at android.os.Handler.dispatchMessage(Handler.java:92)
05-22 11:50:48.947 W/SQLiteCursor(17184): 	at android.os.Looper.loop(Looper.java:137)
05-22 11:50:48.947 W/SQLiteCursor(17184): 	at android.app.ActivityThread.main(ActivityThread.java:5103)
05-22 11:50:48.947 W/SQLiteCursor(17184): 	at java.lang.reflect.Method.invokeNative(Native Method)
05-22 11:50:48.947 W/SQLiteCursor(17184): 	at java.lang.reflect.Method.invoke(Method.java:525)
05-22 11:50:48.947 W/SQLiteCursor(17184): 	at com.android.internal.os.ZygoteInit$MethodAndArgsCaller.run(ZygoteInit.java:737)
05-22 11:50:48.947 W/SQLiteCursor(17184): 	at com.android.internal.os.ZygoteInit.main(ZygoteInit.java:553)
05-22 11:50:48.947 W/SQLiteCursor(17184): 	at dalvik.system.NativeStart.main(Native Method)
05-22 11:50:48.955 W/CursorWrapperInner(17184): Cursor finalized without prior close()
05-22 11:50:48.955 W/CursorWrapperInner(17184): Cursor finalized without prior close()
05-22 11:50:48.963 W/SQLiteCursor(17184): Finalizing a Cursor that has not been deactivated or closed. database = /data/data/com.pekall.emdm.launcher/databases/emdm_contacts.db, table = frequently_contacts, query = SELECT _id, company_id, number, date, name FROM frequently_contacts ORDER BY date DESC
05-22 11:50:48.963 W/SQLiteCursor(17184): com.pekall.sandbox.database.sqlite.DatabaseObjectNotClosedException: Application did not close the cursor or database object that was opened here
05-22 11:50:48.963 W/SQLiteCursor(17184): 	at com.pekall.sandbox.database.sqlite.SQLiteCursor.<init>(Unknown Source)
05-22 11:50:48.963 W/SQLiteCursor(17184): 	at com.pekall.sandbox.database.sqlite.SQLiteDirectCursorDriver.query(Unknown Source)
05-22 11:50:48.963 W/SQLiteCursor(17184): 	at com.pekall.sandbox.database.sqlite.SQLiteDatabase.rawQueryWithFactory(Unknown Source)
05-22 11:50:48.963 W/SQLiteCursor(17184): 	at com.pekall.sandbox.database.sqlite.SQLiteQueryBuilder.query(Unknown Source)
05-22 11:50:48.963 W/SQLiteCursor(17184): 	at com.pekall.emdm.contacts.db.SimpleContactsProvider.query(Unknown Source)
05-22 11:50:48.963 W/SQLiteCursor(17184): 	at android.content.ContentProvider.query(ContentProvider.java:744)
05-22 11:50:48.963 W/SQLiteCursor(17184): 	at android.content.ContentProvider$Transport.query(ContentProvider.java:199)
05-22 11:50:48.963 W/SQLiteCursor(17184): 	at android.content.ContentResolver.query(ContentResolver.java:414)
05-22 11:50:48.963 W/SQLiteCursor(17184): 	at android.content.ContentResolver.query(ContentResolver.java:357)
05-22 11:50:48.963 W/SQLiteCursor(17184): 	at com.pekall.emdm.contacts.ui.n.a(Unknown Source)
05-22 11:50:48.963 W/SQLiteCursor(17184): 	at com.pekall.emdm.contacts.ui.n.doInBackground(Unknown Source)
05-22 11:50:48.963 W/SQLiteCursor(17184): 	at android.os.AsyncTask$2.call(AsyncTask.java:287)
05-22 11:50:48.963 W/SQLiteCursor(17184): 	at java.util.concurrent.FutureTask.run(FutureTask.java:234)
05-22 11:50:48.963 W/SQLiteCursor(17184): 	at android.os.AsyncTask$SerialExecutor$1.run(AsyncTask.java:230)
05-22 11:50:48.963 W/SQLiteCursor(17184): 	at java.util.concurrent.ThreadPoolExecutor.runWorker(ThreadPoolExecutor.java:1080)
05-22 11:50:48.963 W/SQLiteCursor(17184): 	at java.util.concurrent.ThreadPoolExecutor$Worker.run(ThreadPoolExecutor.java:573)
05-22 11:50:48.963 W/SQLiteCursor(17184): 	at java.lang.Thread.run(Thread.java:841)
05-22 11:50:48.963 W/CursorWrapperInner(17184): Cursor finalized without prior close()
05-22 11:50:49.494 D/DefaultContactBrowseListFragment(17184): onDestroyView==============
05-22 11:50:49.502 D/AssistantCallLogFragment(17184): [---null: -1---]onDestroyView==============
05-22 11:50:51.267 I/QueryController(19382): Matched selector: UiSelector[TEXT=Personal Mode, CLASS=android.widget.TextView, PACKAGE NAME=com.pekall.emdm.launcher] <<==>> [android.view.accessibility.AccessibilityNodeInfo@389c6; boundsInParent: Rect(0, 0 - 160, 200); boundsInScreen: Rect(190, 608 - 350, 808); packageName: com.pekall.emdm.launcher; className: android.widget.TextView; text: Personal Mode; contentDescription: null; viewIdResName: null; checkable: false; checked: false; focusable: false; focused: false; selected: false; clickable: true; longClickable: true; enabled: true; password: false; scrollable: false; [ACTION_SELECT, ACTION_CLEAR_SELECTION, ACTION_CLICK, ACTION_LONG_CLICK, ACTION_ACCESSIBILITY_FOCUS, ACTION_NEXT_AT_MOVEMENT_GRANULARITY, ACTION_PREVIOUS_AT_MOVEMENT_GRANULARITY, ACTION_SET_SELECTION]]
05-22 11:50:51.283 I/QueryController(19382): Matched selector: UiSelector[TEXT=EmdmContacts, CLASS=android.widget.TextView, PACKAGE NAME=com.pekall.emdm.launcher] <<==>> [android.view.accessibility.AccessibilityNodeInfo@39148; boundsInParent: Rect(0, 0 - 160, 200); boundsInScreen: Rect(550, 608 - 710, 808); packageName: com.pekall.emdm.launcher; className: android.widget.TextView; text: EmdmContacts; contentDescription: null; viewIdResName: null; checkable: false; checked: false; focusable: false; focused: false; selected: false; clickable: true; longClickable: true; enabled: true; password: false; scrollable: false; [ACTION_SELECT, ACTION_CLEAR_SELECTION, ACTION_CLICK, ACTION_LONG_CLICK, ACTION_ACCESSIBILITY_FOCUS, ACTION_NEXT_AT_MOVEMENT_GRANULARITY, ACTION_PREVIOUS_AT_MOVEMENT_GRANULARITY, ACTION_SET_SELECTION]]
05-22 11:50:51.291 I/QueryController(19382): Matched selector: UiSelector[TEXT=EmdmContacts, CLASS=android.widget.TextView, PACKAGE NAME=com.pekall.emdm.launcher] <<==>> [android.view.accessibility.AccessibilityNodeInfo@39148; boundsInParent: Rect(0, 0 - 160, 200); boundsInScreen: Rect(550, 608 - 710, 808); packageName: com.pekall.emdm.launcher; className: android.widget.TextView; text: EmdmContacts; contentDescription: null; viewIdResName: null; checkable: false; checked: false; focusable: false; focused: false; selected: false; clickable: true; longClickable: true; enabled: true; password: false; scrollable: false; [ACTION_SELECT, ACTION_CLEAR_SELECTION, ACTION_CLICK, ACTION_LONG_CLICK, ACTION_ACCESSIBILITY_FOCUS, ACTION_NEXT_AT_MOVEMENT_GRANULARITY, ACTION_PREVIOUS_AT_MOVEMENT_GRANULARITY, ACTION_SET_SELECTION]]
05-22 11:50:51.306 D/dalvikvm(19382): GC_CONCURRENT freed 455K, 93% free 626K/8192K, paused 0ms+1ms, total 5ms
05-22 11:50:51.306 I/QueryController(19382): Matched selector: UiSelector[TEXT=EmdmContacts, CLASS=android.widget.TextView, PACKAGE NAME=com.pekall.emdm.launcher] <<==>> [android.view.accessibility.AccessibilityNodeInfo@39148; boundsInParent: Rect(0, 0 - 160, 200); boundsInScreen: Rect(550, 608 - 710, 808); packageName: com.pekall.emdm.launcher; className: android.widget.TextView; text: EmdmContacts; contentDescription: null; viewIdResName: null; checkable: false; checked: false; focusable: false; focused: false; selected: false; clickable: true; longClickable: true; enabled: true; password: false; scrollable: false; [ACTION_SELECT, ACTION_CLEAR_SELECTION, ACTION_CLICK, ACTION_LONG_CLICK, ACTION_ACCESSIBILITY_FOCUS, ACTION_NEXT_AT_MOVEMENT_GRANULARITY, ACTION_PREVIOUS_AT_MOVEMENT_GRANULARITY, ACTION_SET_SELECTION]]
05-22 11:50:51.306 D/UiObject(19382): getText() = EmdmContacts
05-22 11:50:51.314 I/QueryController(19382): Matched selector: UiSelector[TEXT=EmdmContacts, CLASS=android.widget.TextView, PACKAGE NAME=com.pekall.emdm.launcher] <<==>> [android.view.accessibility.AccessibilityNodeInfo@39148; boundsInParent: Rect(0, 0 - 160, 200); boundsInScreen: Rect(550, 608 - 710, 808); packageName: com.pekall.emdm.launcher; className: android.widget.TextView; text: EmdmContacts; contentDescription: null; viewIdResName: null; checkable: false; checked: false; focusable: false; focused: false; selected: false; clickable: true; longClickable: true; enabled: true; password: false; scrollable: false; [ACTION_SELECT, ACTION_CLEAR_SELECTION, ACTION_CLICK, ACTION_LONG_CLICK, ACTION_ACCESSIBILITY_FOCUS, ACTION_NEXT_AT_MOVEMENT_GRANULARITY, ACTION_PREVIOUS_AT_MOVEMENT_GRANULARITY, ACTION_SET_SELECTION]]
05-22 11:50:51.322 I/QueryController(19382): Matched selector: UiSelector[TEXT=EmdmContacts, CLASS=android.widget.TextView, PACKAGE NAME=com.pekall.emdm.launcher] <<==>> [android.view.accessibility.AccessibilityNodeInfo@39148; boundsInParent: Rect(0, 0 - 160, 200); boundsInScreen: Rect(550, 608 - 710, 808); packageName: com.pekall.emdm.launcher; className: android.widget.TextView; text: EmdmContacts; contentDescription: null; viewIdResName: null; checkable: false; checked: false; focusable: false; focused: false; selected: false; clickable: true; longClickable: true; enabled: true; password: false; scrollable: false; [ACTION_SELECT, ACTION_CLEAR_SELECTION, ACTION_CLICK, ACTION_LONG_CLICK, ACTION_ACCESSIBILITY_FOCUS, ACTION_NEXT_AT_MOVEMENT_GRANULARITY, ACTION_PREVIOUS_AT_MOVEMENT_GRANULARITY, ACTION_SET_SELECTION]]
05-22 11:50:51.330 D/InteractionController(19382): clickAndWaitForNewWindow(630, 708)
05-22 11:50:51.447 W/Parcel  ( 1661): Attempt to read object from Parcel 0x5dfd3dac at offset 200 that is not in the object list
05-22 11:50:51.447 I/ActivityManager(  374): START u0 {flg=0x10000000 cmp=com.pekall.emdm.launcher/com.pekall.emdm.contacts.activities.PeopleActivity} from pid 17184
05-22 11:50:51.564 D/dalvikvm(  374): GC_FOR_ALLOC freed 1566K, 22% free 23565K/30132K, paused 71ms, total 71ms
05-22 11:50:51.564 D/LauncherApplication(17184): [null:-1]->onActivityPaused
05-22 11:50:51.572 D/LauncherApplication(17184): [null:-1]->onActivityPaused  updateTime
05-22 11:50:51.588 W/Parcel  ( 1661): Attempt to read object from Parcel 0x5ec3bdac at offset 200 that is not in the object list
05-22 11:50:51.588 I/ActivityManager(  374): START u0 {cmp=com.pekall.emdm.launcher/com.pekall.emdm.contacts.activities.DialtactsActivity (has extras)} from pid 17184
05-22 11:50:51.619 V/LauncherApplication(17184): onActivityStarted
05-22 11:50:51.619 D/        (17184): [---null: -1---]     awsa  onActivityResumed
05-22 11:50:51.619 V/LauncherApplication(17184): 2MdmConstant.LAST_LAUNCH_TIME = 1400730651580
05-22 11:50:51.627 D/        (17184): [---null: -1---]  activity = com.pekall.emdm.contacts.activities.DialtactsActivity
05-22 11:50:51.635 V/DefultSetContriller(17184): isLauncherDf = com.pekall.emdm.launcher
05-22 11:50:51.635 V/DefultSetContriller(17184): isPhoneDf = com.pekall.emdm.launcher
05-22 11:50:51.635 E/LauncherApplication(17184): isShowLogoutUI = true
05-22 11:50:51.635 E/LauncherApplication(17184): LogoutShowTime 1
05-22 11:50:51.666 D/ContactsProvider(17184): [Contacts] query 'content://emdmcontacts/contacts', segment size: 1
05-22 11:50:51.681 I/ContactPhotoManager(17184): Cache adj: 0.5
05-22 11:50:51.681 E/ContactPhotoManager(17184): No contact photo service in context: com.pekall.emdm.launcher.LauncherApplication@4228f7a8
05-22 11:50:51.752 V/PhoneStatusBar(  448): setLightsOn(true)
05-22 11:50:51.791 D/ContactsProvider(17184): [Contacts] query 'content://emdmcontacts/company_calllogs', segment size: 1
