05-20 14:02:40.619 W/MountService(  374): getVolumeState(/storage/emulated/0/external_sd): Unknown volume
05-20 14:02:40.619 W/MountService(  374): getVolumeState(/mnt/sdcard-ext): Unknown volume
05-20 14:02:40.619 W/MountService(  374): getVolumeState(/mnt/ext_sdcard): Unknown volume
05-20 14:02:40.627 W/MountService(  374): getVolumeState(/mnt/sdcard2): Unknown volume
05-20 14:02:40.627 W/MountService(  374): getVolumeState(/mnt/emmc): Unknown volume
05-20 14:02:40.627 W/MountService(  374): getVolumeState(/mnt/extSdCard): Unknown volume
05-20 14:02:40.627 W/MountService(  374): getVolumeState(/mnt/sdcard/SD_CARD): Unknown volume
05-20 14:02:40.627 W/MountService(  374): getVolumeState(/mnt/sdcard/extra_sd): Unknown volume
05-20 14:02:40.627 W/MountService(  374): getVolumeState(/mnt/extrasd_bind): Unknown volume
05-20 14:02:40.627 W/MountService(  374): getVolumeState(/mnt/sdcard/ext_sd): Unknown volume
05-20 14:02:40.627 W/MountService(  374): getVolumeState(/storage/extSdCard): Unknown volume
05-20 14:02:40.627 W/MountService(  374): getVolumeState(/storage/sdcard1): Unknown volume
05-20 14:02:40.635 W/MountService(  374): getVolumeState(/mnt/sdcard/external_SD): Unknown volume
05-20 14:02:40.635 W/MountService(  374): getVolumeState(/mnt/sdcard/external_sd): Unknown volume
05-20 14:02:41.002 W/MountService(  374): getVolumeState(/storage/emulated/0/external_sd): Unknown volume
05-20 14:02:41.002 W/MountService(  374): getVolumeState(/mnt/sdcard-ext): Unknown volume
05-20 14:02:41.002 W/MountService(  374): getVolumeState(/mnt/ext_sdcard): Unknown volume
05-20 14:02:41.002 W/MountService(  374): getVolumeState(/mnt/sdcard2): Unknown volume
05-20 14:02:41.002 W/MountService(  374): getVolumeState(/mnt/emmc): Unknown volume
05-20 14:02:41.002 W/MountService(  374): getVolumeState(/mnt/extSdCard): Unknown volume
05-20 14:02:41.002 W/MountService(  374): getVolumeState(/mnt/sdcard/SD_CARD): Unknown volume
05-20 14:02:41.002 W/MountService(  374): getVolumeState(/mnt/sdcard/extra_sd): Unknown volume
05-20 14:02:41.010 W/MountService(  374): getVolumeState(/mnt/extrasd_bind): Unknown volume
05-20 14:02:41.010 W/MountService(  374): getVolumeState(/mnt/sdcard/ext_sd): Unknown volume
05-20 14:02:41.010 W/MountService(  374): getVolumeState(/storage/extSdCard): Unknown volume
05-20 14:02:41.010 W/MountService(  374): getVolumeState(/storage/sdcard1): Unknown volume
05-20 14:02:41.010 W/MountService(  374): getVolumeState(/mnt/sdcard/external_SD): Unknown volume
05-20 14:02:41.010 W/MountService(  374): getVolumeState(/mnt/sdcard/external_sd): Unknown volume
05-20 14:03:40.627 W/MountService(  374): getVolumeState(/storage/emulated/0/external_sd): Unknown volume
05-20 14:03:40.627 W/MountService(  374): getVolumeState(/mnt/sdcard-ext): Unknown volume
05-20 14:03:40.627 W/MountService(  374): getVolumeState(/mnt/ext_sdcard): Unknown volume
05-20 14:03:40.627 W/MountService(  374): getVolumeState(/mnt/sdcard2): Unknown volume
05-20 14:03:40.627 W/MountService(  374): getVolumeState(/mnt/emmc): Unknown volume
05-20 14:03:40.627 W/MountService(  374): getVolumeState(/mnt/extSdCard): Unknown volume
05-20 14:03:40.627 W/MountService(  374): getVolumeState(/mnt/sdcard/SD_CARD): Unknown volume
05-20 14:03:40.627 W/MountService(  374): getVolumeState(/mnt/sdcard/extra_sd): Unknown volume
05-20 14:03:40.635 W/MountService(  374): getVolumeState(/mnt/extrasd_bind): Unknown volume
05-20 14:03:40.635 W/MountService(  374): getVolumeState(/mnt/sdcard/ext_sd): Unknown volume
05-20 14:03:40.635 W/MountService(  374): getVolumeState(/storage/extSdCard): Unknown volume
05-20 14:03:40.635 W/MountService(  374): getVolumeState(/storage/sdcard1): Unknown volume
05-20 14:03:40.635 W/MountService(  374): getVolumeState(/mnt/sdcard/external_SD): Unknown volume
05-20 14:03:40.635 W/MountService(  374): getVolumeState(/mnt/sdcard/external_sd): Unknown volume
05-20 14:03:40.963 W/MountService(  374): getVolumeState(/storage/emulated/0/external_sd): Unknown volume
05-20 14:03:40.963 W/MountService(  374): getVolumeState(/mnt/sdcard-ext): Unknown volume
05-20 14:03:40.963 W/MountService(  374): getVolumeState(/mnt/ext_sdcard): Unknown volume
05-20 14:03:40.963 W/MountService(  374): getVolumeState(/mnt/sdcard2): Unknown volume
05-20 14:03:40.963 W/MountService(  374): getVolumeState(/mnt/emmc): Unknown volume
05-20 14:03:40.963 W/MountService(  374): getVolumeState(/mnt/extSdCard): Unknown volume
05-20 14:03:40.971 W/MountService(  374): getVolumeState(/mnt/sdcard/SD_CARD): Unknown volume
05-20 14:03:40.971 W/MountService(  374): getVolumeState(/mnt/sdcard/extra_sd): Unknown volume
05-20 14:03:40.971 W/MountService(  374): getVolumeState(/mnt/extrasd_bind): Unknown volume
05-20 14:03:40.978 W/MountService(  374): getVolumeState(/mnt/sdcard/ext_sd): Unknown volume
05-20 14:03:40.978 W/MountService(  374): getVolumeState(/storage/extSdCard): Unknown volume
05-20 14:03:40.978 W/MountService(  374): getVolumeState(/storage/sdcard1): Unknown volume
05-20 14:03:40.978 W/MountService(  374): getVolumeState(/mnt/sdcard/external_SD): Unknown volume
05-20 14:03:40.978 W/MountService(  374): getVolumeState(/mnt/sdcard/external_sd): Unknown volume
05-20 14:04:40.635 W/MountService(  374): getVolumeState(/storage/emulated/0/external_sd): Unknown volume
05-20 14:04:40.635 W/MountService(  374): getVolumeState(/mnt/sdcard-ext): Unknown volume
05-20 14:04:40.642 W/MountService(  374): getVolumeState(/mnt/ext_sdcard): Unknown volume
05-20 14:04:40.642 W/MountService(  374): getVolumeState(/mnt/sdcard2): Unknown volume
05-20 14:04:40.642 W/MountService(  374): getVolumeState(/mnt/emmc): Unknown volume
05-20 14:04:40.642 W/MountService(  374): getVolumeState(/mnt/extSdCard): Unknown volume
05-20 14:04:40.642 W/MountService(  374): getVolumeState(/mnt/sdcard/SD_CARD): Unknown volume
05-20 14:04:40.642 W/MountService(  374): getVolumeState(/mnt/sdcard/extra_sd): Unknown volume
05-20 14:04:40.658 W/MountService(  374): getVolumeState(/mnt/extrasd_bind): Unknown volume
05-20 14:04:40.658 W/MountService(  374): getVolumeState(/mnt/sdcard/ext_sd): Unknown volume
05-20 14:04:40.658 W/MountService(  374): getVolumeState(/storage/extSdCard): Unknown volume
05-20 14:04:40.658 W/MountService(  374): getVolumeState(/storage/sdcard1): Unknown volume
05-20 14:04:40.658 W/MountService(  374): getVolumeState(/mnt/sdcard/external_SD): Unknown volume
05-20 14:04:40.658 W/MountService(  374): getVolumeState(/mnt/sdcard/external_sd): Unknown volume
05-20 14:04:41.033 W/MountService(  374): getVolumeState(/storage/emulated/0/external_sd): Unknown volume
05-20 14:04:41.033 W/MountService(  374): getVolumeState(/mnt/sdcard-ext): Unknown volume
05-20 14:04:41.033 W/MountService(  374): getVolumeState(/mnt/ext_sdcard): Unknown volume
05-20 14:04:41.033 W/MountService(  374): getVolumeState(/mnt/sdcard2): Unknown volume
05-20 14:04:41.033 W/MountService(  374): getVolumeState(/mnt/emmc): Unknown volume
05-20 14:04:41.033 W/MountService(  374): getVolumeState(/mnt/extSdCard): Unknown volume
05-20 14:04:41.041 W/MountService(  374): getVolumeState(/mnt/sdcard/SD_CARD): Unknown volume
05-20 14:04:41.041 W/MountService(  374): getVolumeState(/mnt/sdcard/extra_sd): Unknown volume
05-20 14:04:41.041 W/MountService(  374): getVolumeState(/mnt/extrasd_bind): Unknown volume
05-20 14:04:41.049 W/MountService(  374): getVolumeState(/mnt/sdcard/ext_sd): Unknown volume
05-20 14:04:41.049 W/MountService(  374): getVolumeState(/storage/extSdCard): Unknown volume
05-20 14:04:41.049 W/MountService(  374): getVolumeState(/storage/sdcard1): Unknown volume
05-20 14:04:41.072 W/MountService(  374): getVolumeState(/mnt/sdcard/external_SD): Unknown volume
05-20 14:04:41.080 W/MountService(  374): getVolumeState(/mnt/sdcard/external_sd): Unknown volume
05-20 14:05:40.658 W/MountService(  374): getVolumeState(/storage/emulated/0/external_sd): Unknown volume
05-20 14:05:40.658 W/MountService(  374): getVolumeState(/mnt/sdcard-ext): Unknown volume
05-20 14:05:40.666 W/MountService(  374): getVolumeState(/mnt/ext_sdcard): Unknown volume
05-20 14:05:40.666 W/MountService(  374): getVolumeState(/mnt/sdcard2): Unknown volume
05-20 14:05:40.666 W/MountService(  374): getVolumeState(/mnt/emmc): Unknown volume
05-20 14:05:40.666 W/MountService(  374): getVolumeState(/mnt/extSdCard): Unknown volume
05-20 14:05:40.666 W/MountService(  374): getVolumeState(/mnt/sdcard/SD_CARD): Unknown volume
05-20 14:05:40.666 W/MountService(  374): getVolumeState(/mnt/sdcard/extra_sd): Unknown volume
05-20 14:05:40.666 W/MountService(  374): getVolumeState(/mnt/extrasd_bind): Unknown volume
05-20 14:05:40.666 W/MountService(  374): getVolumeState(/mnt/sdcard/ext_sd): Unknown volume
05-20 14:05:40.666 W/MountService(  374): getVolumeState(/storage/extSdCard): Unknown volume
05-20 14:05:40.666 W/MountService(  374): getVolumeState(/storage/sdcard1): Unknown volume
05-20 14:05:40.666 W/MountService(  374): getVolumeState(/mnt/sdcard/external_SD): Unknown volume
05-20 14:05:40.674 W/MountService(  374): getVolumeState(/mnt/sdcard/external_sd): Unknown volume
05-20 14:05:40.846 I/ActivityManager(  374): No longer want android.process.acore (pid 31180): empty for 1800s
05-20 14:05:40.994 W/MountService(  374): getVolumeState(/storage/emulated/0/external_sd): Unknown volume
05-20 14:05:40.994 W/MountService(  374): getVolumeState(/mnt/sdcard-ext): Unknown volume
05-20 14:05:40.994 W/MountService(  374): getVolumeState(/mnt/ext_sdcard): Unknown volume
05-20 14:05:40.994 W/MountService(  374): getVolumeState(/mnt/sdcard2): Unknown volume
05-20 14:05:40.994 W/MountService(  374): getVolumeState(/mnt/emmc): Unknown volume
05-20 14:05:40.994 W/MountService(  374): getVolumeState(/mnt/extSdCard): Unknown volume
05-20 14:05:40.994 W/MountService(  374): getVolumeState(/mnt/sdcard/SD_CARD): Unknown volume
05-20 14:05:40.994 W/MountService(  374): getVolumeState(/mnt/sdcard/extra_sd): Unknown volume
05-20 14:05:41.002 W/MountService(  374): getVolumeState(/mnt/extrasd_bind): Unknown volume
05-20 14:05:41.002 W/MountService(  374): getVolumeState(/mnt/sdcard/ext_sd): Unknown volume
05-20 14:05:41.002 W/MountService(  374): getVolumeState(/storage/extSdCard): Unknown volume
05-20 14:05:41.002 W/MountService(  374): getVolumeState(/storage/sdcard1): Unknown volume
05-20 14:05:41.002 W/MountService(  374): getVolumeState(/mnt/sdcard/external_SD): Unknown volume
05-20 14:05:41.002 W/MountService(  374): getVolumeState(/mnt/sdcard/external_sd): Unknown volume
05-20 14:06:40.650 W/MountService(  374): getVolumeState(/storage/emulated/0/external_sd): Unknown volume
05-20 14:06:40.658 W/MountService(  374): getVolumeState(/mnt/sdcard-ext): Unknown volume
05-20 14:06:40.658 W/MountService(  374): getVolumeState(/mnt/ext_sdcard): Unknown volume
05-20 14:06:40.658 W/MountService(  374): getVolumeState(/mnt/sdcard2): Unknown volume
05-20 14:06:40.658 W/MountService(  374): getVolumeState(/mnt/emmc): Unknown volume
05-20 14:06:40.658 W/MountService(  374): getVolumeState(/mnt/extSdCard): Unknown volume
05-20 14:06:40.658 W/MountService(  374): getVolumeState(/mnt/sdcard/SD_CARD): Unknown volume
05-20 14:06:40.658 W/MountService(  374): getVolumeState(/mnt/sdcard/extra_sd): Unknown volume
05-20 14:06:40.658 W/MountService(  374): getVolumeState(/mnt/extrasd_bind): Unknown volume
05-20 14:06:40.658 W/MountService(  374): getVolumeState(/mnt/sdcard/ext_sd): Unknown volume
05-20 14:06:40.666 W/MountService(  374): getVolumeState(/storage/extSdCard): Unknown volume
05-20 14:06:40.666 W/MountService(  374): getVolumeState(/storage/sdcard1): Unknown volume
05-20 14:06:40.666 W/MountService(  374): getVolumeState(/mnt/sdcard/external_SD): Unknown volume
05-20 14:06:40.666 W/MountService(  374): getVolumeState(/mnt/sdcard/external_sd): Unknown volume
05-20 14:06:40.853 I/ActivityManager(  374): Start proc android.process.acore for content provider com.android.providers.contacts/.ContactsProvider2: pid=834 uid=10000 gids={50000, 3003, 1015, 1028}
05-20 14:06:41.611 W/MountService(  374): getVolumeState(/storage/emulated/0/external_sd): Unknown volume
05-20 14:06:41.611 W/MountService(  374): getVolumeState(/mnt/sdcard-ext): Unknown volume
05-20 14:06:41.611 W/MountService(  374): getVolumeState(/mnt/ext_sdcard): Unknown volume
05-20 14:06:41.611 W/MountService(  374): getVolumeState(/mnt/sdcard2): Unknown volume
05-20 14:06:41.611 W/MountService(  374): getVolumeState(/mnt/emmc): Unknown volume
05-20 14:06:41.611 W/MountService(  374): getVolumeState(/mnt/extSdCard): Unknown volume
05-20 14:06:41.619 W/MountService(  374): getVolumeState(/mnt/sdcard/SD_CARD): Unknown volume
05-20 14:06:41.619 W/MountService(  374): getVolumeState(/mnt/sdcard/extra_sd): Unknown volume
05-20 14:06:41.619 W/MountService(  374): getVolumeState(/mnt/extrasd_bind): Unknown volume
05-20 14:06:41.619 W/MountService(  374): getVolumeState(/mnt/sdcard/ext_sd): Unknown volume
05-20 14:06:41.627 W/MountService(  374): getVolumeState(/storage/extSdCard): Unknown volume
05-20 14:06:41.627 W/MountService(  374): getVolumeState(/storage/sdcard1): Unknown volume
05-20 14:06:41.627 W/MountService(  374): getVolumeState(/mnt/sdcard/external_SD): Unknown volume
05-20 14:06:41.627 W/MountService(  374): getVolumeState(/mnt/sdcard/external_sd): Unknown volume
05-20 14:06:59.994 I/ActivityManager(  374): No longer want com.google.android.apps.maps:LocationFriendService (pid 32271): empty for 1801s
05-20 14:06:59.994 I/ActivityManager(  374): No longer want com.google.android.apps.maps:FriendService (pid 32259): empty for 1801s
05-20 14:06:59.994 I/ActivityManager(  374): No longer want com.google.android.apps.maps:GoogleLocationService (pid 32238): empty for 1803s
05-20 14:07:00.049 W/ActivityManager(  374): Scheduling restart of crashed service com.google.android.apps.maps/com.google.android.location.internal.server.GoogleLocationService in 5000ms
05-20 14:07:05.064 I/ActivityManager(  374): Start proc com.google.android.apps.maps:GoogleLocationService for service com.google.android.apps.maps/com.google.android.location.internal.server.GoogleLocationService: pid=852 uid=10038 gids={50038, 3003, 1015, 1028}
05-20 14:07:06.260 I/ActivityManager(  374): Start proc com.google.android.apps.maps:FriendService for broadcast com.google.android.apps.maps/com.google.googlenav.friend.android.ServiceReceiver: pid=874 uid=10038 gids={50038, 3003, 1015, 1028}
05-20 14:07:06.392 I/ActivityManager(  374): Start proc com.google.android.apps.maps:LocationFriendService for broadcast com.google.android.apps.maps/com.google.googlenav.friend.reporting.LocationReportingIntentReceiver: pid=890 uid=10038 gids={50038, 3003, 1015, 1028}
05-20 14:07:40.666 W/MountService(  374): getVolumeState(/storage/emulated/0/external_sd): Unknown volume
05-20 14:07:40.666 W/MountService(  374): getVolumeState(/mnt/sdcard-ext): Unknown volume
05-20 14:07:40.666 W/MountService(  374): getVolumeState(/mnt/ext_sdcard): Unknown volume
05-20 14:07:40.666 W/MountService(  374): getVolumeState(/mnt/sdcard2): Unknown volume
05-20 14:07:40.666 W/MountService(  374): getVolumeState(/mnt/emmc): Unknown volume
05-20 14:07:40.666 W/MountService(  374): getVolumeState(/mnt/extSdCard): Unknown volume
05-20 14:07:40.666 W/MountService(  374): getVolumeState(/mnt/sdcard/SD_CARD): Unknown volume
05-20 14:07:40.666 W/MountService(  374): getVolumeState(/mnt/sdcard/extra_sd): Unknown volume
05-20 14:07:40.674 W/MountService(  374): getVolumeState(/mnt/extrasd_bind): Unknown volume
05-20 14:07:40.674 W/MountService(  374): getVolumeState(/mnt/sdcard/ext_sd): Unknown volume
05-20 14:07:40.674 W/MountService(  374): getVolumeState(/storage/extSdCard): Unknown volume
05-20 14:07:40.674 W/MountService(  374): getVolumeState(/storage/sdcard1): Unknown volume
05-20 14:07:40.674 W/MountService(  374): getVolumeState(/mnt/sdcard/external_SD): Unknown volume
05-20 14:07:40.674 W/MountService(  374): getVolumeState(/mnt/sdcard/external_sd): Unknown volume
05-20 14:07:41.025 W/MountService(  374): getVolumeState(/storage/emulated/0/external_sd): Unknown volume
05-20 14:07:41.025 W/MountService(  374): getVolumeState(/mnt/sdcard-ext): Unknown volume
05-20 14:07:41.025 W/MountService(  374): getVolumeState(/mnt/ext_sdcard): Unknown volume
05-20 14:07:41.025 W/MountService(  374): getVolumeState(/mnt/sdcard2): Unknown volume
05-20 14:07:41.025 W/MountService(  374): getVolumeState(/mnt/emmc): Unknown volume
05-20 14:07:41.025 W/MountService(  374): getVolumeState(/mnt/extSdCard): Unknown volume
05-20 14:07:41.033 W/MountService(  374): getVolumeState(/mnt/sdcard/SD_CARD): Unknown volume
05-20 14:07:41.033 W/MountService(  374): getVolumeState(/mnt/sdcard/extra_sd): Unknown volume
05-20 14:07:41.033 W/MountService(  374): getVolumeState(/mnt/extrasd_bind): Unknown volume
05-20 14:07:41.033 W/MountService(  374): getVolumeState(/mnt/sdcard/ext_sd): Unknown volume
05-20 14:07:41.033 W/MountService(  374): getVolumeState(/storage/extSdCard): Unknown volume
05-20 14:07:41.033 W/MountService(  374): getVolumeState(/storage/sdcard1): Unknown volume
05-20 14:07:41.033 W/MountService(  374): getVolumeState(/mnt/sdcard/external_SD): Unknown volume
05-20 14:07:41.033 W/MountService(  374): getVolumeState(/mnt/sdcard/external_sd): Unknown volume
05-20 14:08:40.689 W/MountService(  374): getVolumeState(/storage/emulated/0/external_sd): Unknown volume
05-20 14:08:40.689 W/MountService(  374): getVolumeState(/mnt/sdcard-ext): Unknown volume
05-20 14:08:40.689 W/MountService(  374): getVolumeState(/mnt/ext_sdcard): Unknown volume
05-20 14:08:40.689 W/MountService(  374): getVolumeState(/mnt/sdcard2): Unknown volume
05-20 14:08:40.697 W/MountService(  374): getVolumeState(/mnt/emmc): Unknown volume
05-20 14:08:40.697 W/MountService(  374): getVolumeState(/mnt/extSdCard): Unknown volume
05-20 14:08:40.697 W/MountService(  374): getVolumeState(/mnt/sdcard/SD_CARD): Unknown volume
05-20 14:08:40.697 W/MountService(  374): getVolumeState(/mnt/sdcard/extra_sd): Unknown volume
05-20 14:08:40.697 W/MountService(  374): getVolumeState(/mnt/extrasd_bind): Unknown volume
05-20 14:08:40.697 W/MountService(  374): getVolumeState(/mnt/sdcard/ext_sd): Unknown volume
05-20 14:08:40.697 W/MountService(  374): getVolumeState(/storage/extSdCard): Unknown volume
05-20 14:08:40.697 W/MountService(  374): getVolumeState(/storage/sdcard1): Unknown volume
05-20 14:08:40.697 W/MountService(  374): getVolumeState(/mnt/sdcard/external_SD): Unknown volume
05-20 14:08:40.705 W/MountService(  374): getVolumeState(/mnt/sdcard/external_sd): Unknown volume
05-20 14:08:41.025 W/MountService(  374): getVolumeState(/storage/emulated/0/external_sd): Unknown volume
05-20 14:08:41.025 W/MountService(  374): getVolumeState(/mnt/sdcard-ext): Unknown volume
05-20 14:08:41.025 W/MountService(  374): getVolumeState(/mnt/ext_sdcard): Unknown volume
05-20 14:08:41.025 W/MountService(  374): getVolumeState(/mnt/sdcard2): Unknown volume
05-20 14:08:41.025 W/MountService(  374): getVolumeState(/mnt/emmc): Unknown volume
05-20 14:08:41.025 W/MountService(  374): getVolumeState(/mnt/extSdCard): Unknown volume
05-20 14:08:41.025 W/MountService(  374): getVolumeState(/mnt/sdcard/SD_CARD): Unknown volume
05-20 14:08:41.033 W/MountService(  374): getVolumeState(/mnt/sdcard/extra_sd): Unknown volume
05-20 14:08:41.033 W/MountService(  374): getVolumeState(/mnt/extrasd_bind): Unknown volume
05-20 14:08:41.033 W/MountService(  374): getVolumeState(/mnt/sdcard/ext_sd): Unknown volume
05-20 14:08:41.033 W/MountService(  374): getVolumeState(/storage/extSdCard): Unknown volume
05-20 14:08:41.033 W/MountService(  374): getVolumeState(/storage/sdcard1): Unknown volume
05-20 14:08:41.033 W/MountService(  374): getVolumeState(/mnt/sdcard/external_SD): Unknown volume
05-20 14:08:41.033 W/MountService(  374): getVolumeState(/mnt/sdcard/external_sd): Unknown volume
05-20 14:09:25.119 I/PowerManagerService(  374): Waking up from sleep...
05-20 14:09:25.181 I/WindowManager(  374): Lock screen displayed!
05-20 14:09:26.744 D/PhoneStatusBar(  448): disable: < expand icons alerts ticker system_info BACK HOME recent* CLOCK search* >
05-20 14:09:26.775 I/ActivityManager(  374): START u0 {cmp=com.pekall.emdm.launcher/com.pekall.emdm.ui.SplashActivity} from pid 26771
05-20 14:09:26.869 D/PhoneStatusBar(  448): disable: < expand icons alerts ticker system_info back* home* recent clock* search >
05-20 14:09:27.291 W/ActivityManager(  374): Activity pause timeout for ActivityRecord{42c72250 u0 com.pekall.emdm.launcher/.Launcher}
05-20 14:09:27.697 W/InputMethodManagerService(  374): Focus gain on non-focused client com.android.internal.view.IInputMethodClient$Stub$Proxy@42967028 (uid=10066 pid=26771)
05-20 14:09:29.619 I/ActivityManager(  374): START u0 {cmp=com.pekall.emdm.launcher/com.pekall.emdm.ui.ActiveDeviceAdminActivity} from pid 26771
05-20 14:09:29.877 I/ActivityManager(  374): START u0 {cmp=com.pekall.emdm.launcher/com.pekall.emdm.ui.RegDeviceActivity} from pid 26771
05-20 14:09:29.924 I/ActivityManager(  374): START u0 {flg=0x8000 cmp=com.pekall.emdm.launcher/.Launcher} from pid 26771
05-20 14:09:31.721 W/ActivityManager(  374): Unable to start service Intent { cmp=com.pekall.emdm.launcher/com.pekall.semail.service.AttachmentDownloadService } U=0: not found
05-20 14:09:31.744 I/ActivityManager(  374): START u0 {cmp=com.pekall.emdm.launcher/com.pekall.emdm.ui.SplashActivity} from pid 26771
05-20 14:09:32.252 W/ActivityManager(  374): Activity pause timeout for ActivityRecord{425d7bd0 u0 com.pekall.emdm.launcher/.Launcher}
05-20 14:09:34.549 I/ActivityManager(  374): START u0 {cmp=com.pekall.emdm.launcher/com.pekall.emdm.ui.ActiveDeviceAdminActivity} from pid 26771
05-20 14:09:34.736 I/ActivityManager(  374): START u0 {cmp=com.pekall.emdm.launcher/com.pekall.emdm.ui.RegDeviceActivity} from pid 26771
05-20 14:09:34.791 I/ActivityManager(  374): START u0 {flg=0x8000 cmp=com.pekall.emdm.launcher/.Launcher} from pid 26771
05-20 14:09:35.049 I/ActivityManager(  374): No longer want com.dragon.android.pandaspace:bdservice_v1 (pid 32472): empty for 1817s
05-20 14:09:35.064 W/ActivityManager(  374): Scheduling restart of crashed service com.dragon.android.pandaspace/com.baidu.android.moplus.MoPlusService in 5000ms
05-20 14:09:36.596 I/ActivityManager(  374): START u0 {cmp=com.pekall.emdm.launcher/com.pekall.emdm.ui.SplashActivity} from pid 26771
05-20 14:09:37.103 W/ActivityManager(  374): Activity pause timeout for ActivityRecord{42794640 u0 com.pekall.emdm.launcher/.Launcher}
05-20 14:09:37.291 W/ActivityManager(  374): Unable to start service Intent { cmp=com.pekall.emdm.launcher/com.pekall.semail.service.AttachmentDownloadService } U=0: not found
05-20 14:09:38.088 I/ActivityManager(  374): START u0 {flg=0x10008000 cmp=com.pekall.emdm.launcher/com.pekall.emdm.ui.SplashActivity} from pid 26771
05-20 14:09:38.275 W/ActivityManager(  374): Unable to start service Intent { act=com.pekall.mdm.action.SELECT_ERASE } U=0: not found
05-20 14:09:38.830 W/ActivityManager(  374): Unable to start service Intent { cmp=com.pekall.emdm.launcher/com.pekall.semail.service.AttachmentDownloadService } U=0: not found
05-20 14:09:39.275 I/ActivityManager(  374): START u0 {cmp=com.pekall.emdm.launcher/com.pekall.emdm.ui.ActiveDeviceAdminActivity} from pid 26771
05-20 14:09:39.556 I/ActivityManager(  374): START u0 {cmp=com.pekall.emdm.launcher/com.pekall.emdm.ui.RegDeviceActivity} from pid 26771
05-20 14:09:40.025 I/ActivityManager(  374): START u0 {cmp=com.pekall.emdm.launcher/com.pekall.emdm.ui.ActiveDeviceAdminActivity} from pid 26771
05-20 14:09:40.072 I/ActivityManager(  374): Start proc com.dragon.android.pandaspace:bdservice_v1 for service com.dragon.android.pandaspace/com.baidu.android.moplus.MoPlusService: pid=994 uid=10074 gids={50074, 1015, 3003, 1006, 1028}
05-20 14:09:40.752 W/MountService(  374): getVolumeState(/storage/emulated/0/external_sd): Unknown volume
05-20 14:09:40.752 W/MountService(  374): getVolumeState(/mnt/sdcard-ext): Unknown volume
05-20 14:09:40.752 W/MountService(  374): getVolumeState(/mnt/ext_sdcard): Unknown volume
05-20 14:09:40.752 W/MountService(  374): getVolumeState(/mnt/sdcard2): Unknown volume
05-20 14:09:40.752 W/MountService(  374): getVolumeState(/mnt/emmc): Unknown volume
05-20 14:09:40.752 W/MountService(  374): getVolumeState(/mnt/extSdCard): Unknown volume
05-20 14:09:40.760 W/MountService(  374): getVolumeState(/mnt/sdcard/SD_CARD): Unknown volume
05-20 14:09:40.760 W/MountService(  374): getVolumeState(/mnt/sdcard/extra_sd): Unknown volume
05-20 14:09:40.767 W/MountService(  374): getVolumeState(/mnt/extrasd_bind): Unknown volume
05-20 14:09:40.767 W/MountService(  374): getVolumeState(/mnt/sdcard/ext_sd): Unknown volume
05-20 14:09:40.767 W/MountService(  374): getVolumeState(/storage/extSdCard): Unknown volume
05-20 14:09:40.767 W/MountService(  374): getVolumeState(/storage/sdcard1): Unknown volume
05-20 14:09:40.767 W/MountService(  374): getVolumeState(/mnt/sdcard/external_SD): Unknown volume
05-20 14:09:40.767 W/MountService(  374): getVolumeState(/mnt/sdcard/external_sd): Unknown volume
05-20 14:09:41.213 W/MountService(  374): getVolumeState(/storage/emulated/0/external_sd): Unknown volume
05-20 14:09:41.213 W/MountService(  374): getVolumeState(/mnt/sdcard-ext): Unknown volume
05-20 14:09:41.213 W/MountService(  374): getVolumeState(/mnt/ext_sdcard): Unknown volume
05-20 14:09:41.213 W/MountService(  374): getVolumeState(/mnt/sdcard2): Unknown volume
05-20 14:09:41.213 W/MountService(  374): getVolumeState(/mnt/emmc): Unknown volume
05-20 14:09:41.213 W/MountService(  374): getVolumeState(/mnt/extSdCard): Unknown volume
05-20 14:09:41.213 W/MountService(  374): getVolumeState(/mnt/sdcard/SD_CARD): Unknown volume
05-20 14:09:41.228 W/MountService(  374): getVolumeState(/mnt/sdcard/extra_sd): Unknown volume
05-20 14:09:41.228 W/MountService(  374): getVolumeState(/mnt/extrasd_bind): Unknown volume
05-20 14:09:41.228 W/MountService(  374): getVolumeState(/mnt/sdcard/ext_sd): Unknown volume
05-20 14:09:41.228 W/MountService(  374): getVolumeState(/storage/extSdCard): Unknown volume
05-20 14:09:41.236 W/MountService(  374): getVolumeState(/storage/sdcard1): Unknown volume
05-20 14:09:41.236 W/MountService(  374): getVolumeState(/mnt/sdcard/external_SD): Unknown volume
05-20 14:09:41.236 W/MountService(  374): getVolumeState(/mnt/sdcard/external_sd): Unknown volume
05-20 14:09:56.713 I/PowerManagerService(  374): Going to sleep due to screen timeout...
05-20 14:10:02.416 D/PhoneStatusBar(  448): disable: < expand icons alerts ticker system_info back home RECENT* clock SEARCH* >
05-20 14:10:02.533 D/PhoneStatusBar(  448): disable: < expand icons alerts ticker system_info BACK* HOME* RECENT CLOCK* SEARCH >
05-20 14:10:06.541 I/PowerManagerService(  374): Waking up from sleep...
05-20 14:10:06.666 I/WindowManager(  374): Lock screen displayed!
05-20 14:10:08.056 D/PhoneStatusBar(  448): disable: < expand icons alerts ticker system_info BACK HOME recent* CLOCK search* >
05-20 14:10:08.142 D/PhoneStatusBar(  448): disable: < expand icons alerts ticker system_info back* home* recent clock* search >
05-20 14:10:08.142 W/InputMethodManagerService(  374): Window already focused, ignoring focus gain of: com.android.internal.view.IInputMethodClient$Stub$Proxy@4293ddd0 attribute=android.view.inputmethod.EditorInfo@42854988, token = android.os.BinderProxy@428af1e0
05-20 14:10:09.877 W/ActivityThread(  852): ClassLoader.loadClass: The class loader returned by Thread.getContextClassLoader() may fail for processes that host multiple applications. You should explicitly specify a context class loader. For example: Thread.setContextClassLoader(getClass().getClassLoader());
05-20 14:10:15.799 I/ActivityManager(  374): START u0 {flg=0x8000 cmp=com.pekall.emdm.launcher/.Launcher} from pid 26771
05-20 14:10:18.072 W/ActivityManager(  374): Unable to start service Intent { cmp=com.pekall.emdm.launcher/com.pekall.semail.service.AttachmentDownloadService } U=0: not found
05-20 14:10:18.361 W/ActivityManager(  374): Unable to start service Intent { act=pekall.intent.action.DOWNLOAD_APP (has extras) } U=0: not found
05-20 14:10:18.775 I/ActivityManager(  374): START u0 {act=android.intent.action.MAIN cat=[android.intent.category.HOME] flg=0x10200000 cmp=com.pekall.emdm.launcher/.Launcher} from pid 374
05-20 14:10:20.080 I/ActivityManager(  374): Process android.process.acore (pid 834) has died.
05-20 14:10:24.080 V/PanelView(  448): animationTick called with dtms=0; nothing to do (h=0.0 v=4000.0)
05-20 14:10:24.080 V/PanelView(  448): animationTick called with dtms=0; nothing to do (h=0.0 v=4000.0)
--------- beginning of /dev/log/main
05-20 14:10:25.494 W/Parcel  ( 1661): Attempt to read object from Parcel 0x5dfd3dac at offset 200 that is not in the object list
05-20 14:10:25.494 W/Parcel  ( 1661): Attempt to read object from Parcel 0x6013bdac at offset 200 that is not in the object list
05-20 14:10:25.502 D/EmailBroadcastReceiver(26771): 1111  Email receives broadcast 'com.pekall.mdm.action.SETTING_CHANGED'
05-20 14:10:25.502 D/EmailBroadcastReceiver(26771): type = com.pekall.restrictions.policy
05-20 14:10:25.502 D/CommandManager(26771): [null:-1]->requestType: InstallProfile
05-20 14:10:25.533 W/Parcel  ( 1661): Attempt to read object from Parcel 0x5ec3bdac at offset 200 that is not in the object list
05-20 14:10:25.541 D/MdmDatabaseHelper(26771): [null:-1]->update command e48e4215-4303-43fb-b21b-0f97c87a7e3e to commandStatus <?xml version="1.0" encoding="UTF-8"?>
05-20 14:10:25.541 D/MdmDatabaseHelper(26771): <!DOCTYPE plist PUBLIC "-//Apple//DTD PLIST 1.0//EN" "http://www.apple.com/DTDs/PropertyList-1.0.dtd">
05-20 14:10:25.541 D/MdmDatabaseHelper(26771): <plist version="1.0">
05-20 14:10:25.541 D/MdmDatabaseHelper(26771): <dict>
05-20 14:10:25.541 D/MdmDatabaseHelper(26771): 	<key>CommandUUID</key>
05-20 14:10:25.541 D/MdmDatabaseHelper(26771): 	<string>e48e4215-4303-43fb-b21b-0f97c87a7e3e</string>
05-20 14:10:25.541 D/MdmDatabaseHelper(26771): 	<key>Status</key>
05-20 14:10:25.541 D/MdmDatabaseHelper(26771): 	<string>Acknowledged</string>
05-20 14:10:25.541 D/MdmDatabaseHelper(26771): 	<key>UDID</key>
05-20 14:10:25.541 D/MdmDatabaseHelper(26771): 	<string>00013fbc8ecec5b90000014613abe64a</string>
05-20 14:10:25.541 D/MdmDatabaseHelper(26771): </dict>
05-20 14:10:25.541 D/MdmDatabaseHelper(26771): </plist>
05-20 14:10:25.572 I/TransInfo(26771): TransInfo created, id: 3, class: class com.pekall.emdm.transaction.c.b
05-20 14:10:25.572 D/NetworkThread(26771): [null:-1]->----isRunning-----true
05-20 14:10:25.572 D/NetworkThread(26771): [null:-1]->----isRunning-----true
05-20 14:10:25.572 D/NetworkThread(26771): [null:-1]->thread wakeup
05-20 14:10:25.572 D/NetworkThread(26771): [null:-1]->sendHttpPost:PostRequest, url: http://192.168.10.21/rest/mdm/v1/ios/android_server, Params: [content:<?xml version="1.0" encoding="UTF-8"?>
05-20 14:10:25.572 D/NetworkThread(26771): <!DOCTYPE plist PUBLIC "-//Apple//DTD PLIST 1.0//EN" "http://www.apple.com/DTDs/PropertyList-1.0.dtd">
05-20 14:10:25.572 D/NetworkThread(26771): <plist version="1.0">
05-20 14:10:25.572 D/NetworkThread(26771): <dict>
05-20 14:10:25.572 D/NetworkThread(26771): 	<key>CommandUUID</key>
05-20 14:10:25.572 D/NetworkThread(26771): 	<string>e48e4215-4303-43fb-b21b-0f97c87a7e3e</string>
05-20 14:10:25.572 D/NetworkThread(26771): 	<key>Status</key>
05-20 14:10:25.572 D/NetworkThread(26771): 	<string>Acknowledged</string>
05-20 14:10:25.572 D/NetworkThread(26771): 	<key>UDID</key>
05-20 14:10:25.572 D/NetworkThread(26771): 	<string>00013fbc8ecec5b90000014613abe64a</string>
05-20 14:10:25.572 D/NetworkThread(26771): </dict>
05-20 14:10:25.572 D/NetworkThread(26771): </plist>], 
05-20 14:10:25.572 D/HttpClient(26771): enable apache.http debug
05-20 14:10:25.580 V/DEBUG   (26771): HTTP 0
05-20 14:10:25.861 D/dalvikvm(26771): JIT unchain all for threadid=11
05-20 14:10:26.252 D/dalvikvm(26771): JIT unchain all for threadid=11
05-20 14:10:26.322 D/dalvikvm(26771): GC_CONCURRENT freed 11315K, 12% free 84126K/95548K, paused 286ms+277ms, total 715ms
05-20 14:10:26.322 D/dalvikvm(26771): WAIT_FOR_CONCURRENT_GC blocked 380ms
05-20 14:10:26.377 I/ActivityManager(  374): Process com.google.android.email (pid 26593) has died.
05-20 14:10:26.619 D/dalvikvm(  448): GC_CONCURRENT freed 895K, 15% free 13727K/16128K, paused 8ms+15ms, total 71ms
05-20 14:10:26.674 D/MDM :   (26771): [null:-1]->statusCode : 200
05-20 14:10:26.674 D/MDM :   (26771): [null:-1]->statusCode : 200
05-20 14:10:26.681 V/DEBUG   (26771): HTTP 1
05-20 14:10:26.697 D/MDM :   (26771): [null:-1]->read network input stream
05-20 14:10:26.697 D/MDM :   (26771): [null:-1]->read network input stream
05-20 14:10:26.697 D/MDM :   (26771): [null:-1]->Get joson string: <?xml version="1.0" encoding="UTF-8"?>
05-20 14:10:26.697 D/MDM :   (26771): <!DOCTYPE plist PUBLIC "-//Apple//DTD PLIST 1.0//EN" "http://www.apple.com/DTDs/PropertyList-1.0.dtd">
05-20 14:10:26.697 D/MDM :   (26771): <plist version="1.0">
05-20 14:10:26.697 D/MDM :   (26771): <dict>
05-20 14:10:26.697 D/MDM :   (26771): 	<key>CommandUUID</key>
05-20 14:10:26.697 D/MDM :   (26771): 	<string>3eeac892-92e4-4284-8598-6955870d23e1</string>
05-20 14:10:26.697 D/MDM :   (26771): 	<key>Command</key>
05-20 14:10:26.697 D/MDM :   (26771): 	<dict>
05-20 14:10:26.697 D/MDM :   (26771): 		<key>DocumentName</key>
05-20 14:10:26.697 D/MDM :   (26771): 		<string></string>
05-20 14:10:26.697 D/MDM :   (26771): 		<key>DocumentSize</key>
05-20 14:10:26.697 D/MDM :   (26771): 		<integer>40</integer>
05-20 14:10:26.697 D/MDM :   (26771): 		<key>DocumentFormat</key>
05-20 14:10:26.697 D/MDM :   (26771): 		<string>txt</string>
05-20 14:10:26.697 D/MDM :   (26771): 		<key>DownloadURL</key>
05-20 14:10:26.697 D/MDM :   (26771): 		<string>https://test.mdm.everknow.cn/resources/api/v1/download/guest?uuid=40238d3b4ae94ebcc7a020eb7a79</string>
05-20 14:10:26.697 D/MDM :   (26771): 		<key>Auth</key>
05-20 14:10:26.697 D/MDM :   (26771): 		<integer>0</integer>
05-20 14:10:26.697 D/MDM :   (26771): 		<key>DocumentUUID</key>
05-20 14:10:26.697 D/MDM :   (26771): 		<string>164</string>
05-20 14:10:26.697 D/MDM :   (26771): 		<key>Version</key>
05-20 14:10:26.697 D/MDM :   (26771): 		<string></string>
05-20 14:10:26.697 D/MDM :   (26771): 		<key>DocumentDescription</key>
05-20 14:10:26.697 D/MDM :   (26771): 		<string></string>
05-20 14:10:26.697 D/MDM :   (26771): 		<key>DocumentCategory</key>
05-20 14:10:26.697 D/MDM :   (26771): 		<integer>57506</integer>
05-20 14:10:26.697 D/MDM :   (26771): 		<key>IsCompressed</key>
05-20 14:10:26.697 D/MDM :   (26771): 		<integer>0</integer>
05-20 14:10:26.697 D/MDM :   (26771): 		<key>ReadAuthDay</key>
05-20 14:10:26.697 D/MDM :   (26771): 		<integer>0</integer>
05-20 14:10:26.697 D/MDM :   (26771): 		<key>RingNotify</key>
05-20 14:10:26.697 D/MDM :   (26771): 		<integer>0</integer>
05-20 14:10:26.697 D/MDM :   (26771): 		<key>EncryptLevel</key>
05-20 14:10:26.697 D/MDM :   (26771): 		<integer>0</integer>
05-20 14:10:26.697 D/MDM :   (26771): 		<key>DocumentType</key>
05-20 14:10:26.697 D/MDM :   (26771): 		<string>Normal</string>
05-20 14:10:26.697 D/MDM :   (26771): 		<key>RequestType</key>
05-20 14:10:26.697 D/MDM :   (26771): 		<string>InstallDocument</string>
05-20 14:10:26.697 D/MDM :   (26771): 	</dict>
05-20 14:10:26.697 D/MDM :   (26771): </dict>
05-20 14:10:26.697 D/MDM :   (26771): </plist>
05-20 14:10:26.728 D/MdmDatabaseHelper(26771): [null:-1]->update command e48e4215-4303-43fb-b21b-0f97c87a7e3e to status executed
05-20 14:10:26.767 D/CheckInTransInfo(26771): [null:-1]->CommandMsg : CommandMsg{CommandUUID='3eeac892-92e4-4284-8598-6955870d23e1', Command=CommandInstallDocument{DocumentName='', DocumentSize=40, DocumentFormat='txt', DownloadURL='https://test.mdm.everknow.cn/resources/api/v1/download/guest?uuid=40238d3b4ae94ebcc7a020eb7a79', Auth=0, DocumentUUID='164', Version='', DocumentDescription='', DocumentCategory=57506, IsCompressed=0, ReadAuthDay=0, RingNotify=0, EncryptLevel=0}}
05-20 14:10:26.799 D/NetworkThread(26771): [null:-1]->clear mCurrentTransInfo
05-20 14:10:26.799 D/NetworkThread(26771): [null:-1]->queue is empty, thread wait...
05-20 14:10:26.900 D/MdmService(26771): [null:-1]->handleCheckInResult
05-20 14:10:26.900 D/MdmService(26771): [null:-1]->handleCheckInResult result keyIndex: 3
05-20 14:10:26.908 D/CommandManager(26771): [null:-1]->execute command: CommandMsg{CommandUUID='3eeac892-92e4-4284-8598-6955870d23e1', Command=CommandInstallDocument{DocumentName='', DocumentSize=40, DocumentFormat='txt', DownloadURL='https://test.mdm.everknow.cn/resources/api/v1/download/guest?uuid=40238d3b4ae94ebcc7a020eb7a79', Auth=0, DocumentUUID='164', Version='', DocumentDescription='', DocumentCategory=57506, IsCompressed=0, ReadAuthDay=0, RingNotify=0, EncryptLevel=0}}
05-20 14:10:26.931 W/Parcel  ( 1661): Attempt to read object from Parcel 0x6003bdac at offset 200 that is not in the object list
05-20 14:10:26.947 D/DownLoadDocService(26771): [null:-1]->action is  com.pekall.emdm.action.DOWNLOADDOC
05-20 14:10:26.947 D/DownLoadDocService(26771): [null:-1]->uuid is  164 ,url is https://test.mdm.everknow.cn/resources/api/v1/download/guest?uuid=40238d3b4ae94ebcc7a020eb7a79
05-20 14:10:26.955 D/StorageManager(26771): Create document synchronously, bundle
05-20 14:10:26.955 D/SDCardDocumentStore(26771): Home directory: /storage/emulated/0/contentlocker
05-20 14:10:26.963 D/StorageManageImpl(26771): >>> name: 
05-20 14:10:26.963 D/StorageManageImpl(26771): >>> extension: txt
05-20 14:10:26.963 D/StorageManageImpl(26771): >>> mime type: text/plain
05-20 14:10:26.963 D/StorageManageImpl(26771): >>> size: 40
05-20 14:10:26.963 D/StorageManageImpl(26771): >>> created date: 1400566226966
05-20 14:10:26.963 D/StorageManageImpl(26771): >>> modified date: 1400566226966
05-20 14:10:26.963 D/StorageManageImpl(26771): >>> server url: 164
05-20 14:10:26.963 D/StorageManageImpl(26771): >>> is visible: false
05-20 14:10:26.963 D/StorageManageImpl(26771): >>> sort: C
05-20 14:10:26.963 D/CommandManager(26771): [null:-1]->requestType: InstallDocument
05-20 14:10:27.017 D/dalvikvm( 1091): GC_FOR_ALLOC freed 7450K, 91% free 740K/8192K, paused 24ms, total 24ms
05-20 14:10:27.080 W/Parcel  ( 1661): Attempt to read object from Parcel 0x5ded3dac at offset 200 that is not in the object list
05-20 14:10:27.111 D/dalvikvm( 1091): GC_CONCURRENT freed 461K, 73% free 715K/2600K, paused 0ms+0ms, total 8ms
05-20 14:10:27.142 W/Parcel  ( 1661): Attempt to read object from Parcel 0x5ef3bdac at offset 200 that is not in the object list
05-20 14:10:27.174 W/Parcel  ( 1661): Attempt to read object from Parcel 0x5dfd3dac at offset 200 that is not in the object list
05-20 14:10:27.236 D/MdmDatabaseHelper(26771): [null:-1]->update command 3eeac892-92e4-4284-8598-6955870d23e1 to commandStatus <?xml version="1.0" encoding="UTF-8"?>
05-20 14:10:27.236 D/MdmDatabaseHelper(26771): <!DOCTYPE plist PUBLIC "-//Apple//DTD PLIST 1.0//EN" "http://www.apple.com/DTDs/PropertyList-1.0.dtd">
05-20 14:10:27.236 D/MdmDatabaseHelper(26771): <plist version="1.0">
05-20 14:10:27.236 D/MdmDatabaseHelper(26771): <dict>
05-20 14:10:27.236 D/MdmDatabaseHelper(26771): 	<key>CommandUUID</key>
05-20 14:10:27.236 D/MdmDatabaseHelper(26771): 	<string>3eeac892-92e4-4284-8598-6955870d23e1</string>
05-20 14:10:27.236 D/MdmDatabaseHelper(26771): 	<key>Status</key>
05-20 14:10:27.236 D/MdmDatabaseHelper(26771): 	<string>Acknowledged</string>
05-20 14:10:27.236 D/MdmDatabaseHelper(26771): 	<key>UDID</key>
05-20 14:10:27.236 D/MdmDatabaseHelper(26771): 	<string>00013fbc8ecec5b90000014613abe64a</string>
05-20 14:10:27.236 D/MdmDatabaseHelper(26771): </dict>
05-20 14:10:27.236 D/MdmDatabaseHelper(26771): </plist>
05-20 14:10:27.283 V/CounterTextView(26771): onReceive
05-20 14:10:27.283 D/        (26771): [---null: -1---]   msg  xxd1
05-20 14:10:27.283 V/CounterTextView(26771): onReceive
05-20 14:10:27.283 D/        (26771): [---null: -1---]   msg  xxd1
05-20 14:10:27.299 V/CounterTextView(26771): onReceive
05-20 14:10:27.299 D/        (26771): [---null: -1---]   msg  xxd1
05-20 14:10:27.306 V/CounterTextView(26771): onReceive
05-20 14:10:27.306 D/        (26771): [---null: -1---]   msg  xxd1
05-20 14:10:27.306 V/CounterTextView(26771): onReceive
05-20 14:10:27.314 D/        (26771): [---null: -1---]   msg  xxd1
05-20 14:10:27.314 V/CounterTextView(26771): onReceive
05-20 14:10:27.314 D/        (26771): [---null: -1---]   msg  xxd1
05-20 14:10:27.322 V/CounterTextView(26771): onReceive
05-20 14:10:27.322 D/        (26771): [---null: -1---]   msg  xxd1
05-20 14:10:27.322 V/CounterTextView(26771): onReceive
05-20 14:10:27.322 D/        (26771): [---null: -1---]   msg  xxd1
05-20 14:10:27.330 V/CounterTextView(26771): onReceive
05-20 14:10:27.330 D/        (26771): [---null: -1---]   msg  xxd1
05-20 14:10:27.330 V/CounterTextView(26771): onReceive
05-20 14:10:27.330 D/        (26771): [---null: -1---]   msg  xxd1
05-20 14:10:27.338 V/CounterTextView(26771): onReceive
05-20 14:10:27.338 D/        (26771): [---null: -1---]   msg  xxd1
05-20 14:10:27.338 V/CounterTextView(26771): onReceive
05-20 14:10:27.338 D/        (26771): [---null: -1---]   msg  xxd1
05-20 14:10:27.338 V/CounterTextView(26771): onReceive
05-20 14:10:27.346 D/        (26771): [---null: -1---]   msg  xxd1
05-20 14:10:27.346 V/CounterTextView(26771): onReceive
05-20 14:10:27.346 D/        (26771): [---null: -1---]   msg  xxd1
05-20 14:10:27.353 V/CounterTextView(26771): onReceive
05-20 14:10:27.353 D/        (26771): [---null: -1---]   msg  xxd1
05-20 14:10:27.353 V/CounterTextView(26771): onReceive
05-20 14:10:27.353 D/        (26771): [---null: -1---]   msg  xxd1
05-20 14:10:27.353 V/CounterTextView(26771): onReceive
05-20 14:10:27.353 D/        (26771): [---null: -1---]   msg  xxd1
05-20 14:10:27.361 V/CounterTextView(26771): onReceive
05-20 14:10:27.361 D/        (26771): [---null: -1---]   msg  xxd1
05-20 14:10:27.361 V/CounterTextView(26771): onReceive
05-20 14:10:27.361 D/        (26771): [---null: -1---]   msg  xxd1
05-20 14:10:27.369 V/CounterTextView(26771): onReceive
05-20 14:10:27.369 D/        (26771): [---null: -1---]   msg  xxd1
05-20 14:10:27.369 V/CounterTextView(26771): onReceive
05-20 14:10:27.369 D/        (26771): [---null: -1---]   msg  xxd1
05-20 14:10:27.369 V/CounterTextView(26771): onReceive
05-20 14:10:27.369 D/        (26771): [---null: -1---]   msg  xxd1
05-20 14:10:27.377 V/CounterTextView(26771): onReceive
05-20 14:10:27.377 D/        (26771): [---null: -1---]   msg  xxd1
05-20 14:10:27.377 V/CounterTextView(26771): onReceive
05-20 14:10:27.377 D/        (26771): [---null: -1---]   msg  xxd1
05-20 14:10:27.377 V/CounterTextView(26771): onReceive
05-20 14:10:27.377 D/        (26771): [---null: -1---]   msg  xxd1
05-20 14:10:27.385 V/CounterTextView(26771): onReceive
05-20 14:10:27.385 D/        (26771): [---null: -1---]   msg  xxd1
05-20 14:10:27.385 V/CounterTextView(26771): onReceive
05-20 14:10:27.385 D/        (26771): [---null: -1---]   msg  xxd1
05-20 14:10:27.385 V/CounterTextView(26771): onReceive
05-20 14:10:27.385 D/        (26771): [---null: -1---]   msg  xxd1
05-20 14:10:27.392 V/CounterTextView(26771): onReceive
05-20 14:10:27.392 D/        (26771): [---null: -1---]   msg  xxd1
05-20 14:10:27.392 V/CounterTextView(26771): onReceive
05-20 14:10:27.392 D/        (26771): [---null: -1---]   msg  xxd1
05-20 14:10:27.400 V/CounterTextView(26771): onReceive
05-20 14:10:27.400 D/        (26771): [---null: -1---]   msg  xxd1
05-20 14:10:27.400 V/CounterTextView(26771): onReceive
05-20 14:10:27.400 D/        (26771): [---null: -1---]   msg  xxd1
05-20 14:10:27.400 V/CounterTextView(26771): onReceive
05-20 14:10:27.400 D/        (26771): [---null: -1---]   msg  xxd1
05-20 14:10:27.408 V/CounterTextView(26771): onReceive
05-20 14:10:27.408 D/        (26771): [---null: -1---]   msg  xxd1
05-20 14:10:27.408 V/CounterTextView(26771): onReceive
05-20 14:10:27.408 D/        (26771): [---null: -1---]   msg  xxd1
05-20 14:10:27.408 V/CounterTextView(26771): onReceive
05-20 14:10:27.408 D/        (26771): [---null: -1---]   msg  xxd1
05-20 14:10:27.416 D/        (26771): [---null: -1---]  1111222  mLongAxisStartPadding110
05-20 14:10:27.416 D/        (26771): [---null: -1---]  11112223  heightSpecSize1094
05-20 14:10:27.416 D/        (26771): [---null: -1---]  11112223  mLongAxisStartPadding110
05-20 14:10:27.424 D/        (26771): [---null: -1---]  11112223  mLongAxisEndPadding110
05-20 14:10:27.424 D/        (26771): [---null: -1---]  11112223  mRows4
05-20 14:10:27.424 D/        (26771): [---null: -1---]  1111222  mLongAxisStartPadding110
05-20 14:10:27.424 D/        (26771): [---null: -1---]  11112223  heightSpecSize1094
05-20 14:10:27.424 D/        (26771): [---null: -1---]  11112223  mLongAxisStartPadding110
05-20 14:10:27.424 D/        (26771): [---null: -1---]  11112223  mLongAxisEndPadding110
05-20 14:10:27.424 D/        (26771): [---null: -1---]  11112223  mRows4
05-20 14:10:27.431 V/CounterTextView(26771): draw
05-20 14:10:27.431 V/CounterTextView(26771): count = 1
05-20 14:10:27.439 D/MDM :   (26771): [null:-1]->zzzzz   getWidth() 160
05-20 14:10:27.439 D/MDM :   (26771): [null:-1]->zzzzz   ------------------mWidthTemp >getWidth()() 
05-20 14:10:27.439 V/CounterTextView(26771): xxxxxxx   136
05-20 14:10:27.439 I/TransInfo(26771): TransInfo created, id: 3, class: class com.pekall.emdm.transaction.c.b
05-20 14:10:27.455 D/NetworkThread(26771): [null:-1]->----isRunning-----true
05-20 14:10:27.455 D/NetworkThread(26771): [null:-1]->----isRunning-----true
05-20 14:10:27.455 D/NetworkThread(26771): [null:-1]->thread wakeup
05-20 14:10:27.455 D/NetworkThread(26771): [null:-1]->sendHttpPost:PostRequest, url: http://192.168.10.21/rest/mdm/v1/ios/android_server, Params: [content:<?xml version="1.0" encoding="UTF-8"?>
05-20 14:10:27.455 D/NetworkThread(26771): <!DOCTYPE plist PUBLIC "-//Apple//DTD PLIST 1.0//EN" "http://www.apple.com/DTDs/PropertyList-1.0.dtd">
05-20 14:10:27.455 D/NetworkThread(26771): <plist version="1.0">
05-20 14:10:27.455 D/NetworkThread(26771): <dict>
05-20 14:10:27.455 D/NetworkThread(26771): 	<key>CommandUUID</key>
05-20 14:10:27.455 D/NetworkThread(26771): 	<string>3eeac892-92e4-4284-8598-6955870d23e1</string>
05-20 14:10:27.455 D/NetworkThread(26771): 	<key>Status</key>
05-20 14:10:27.455 D/NetworkThread(26771): 	<string>Acknowledged</string>
05-20 14:10:27.455 D/NetworkThread(26771): 	<key>UDID</key>
05-20 14:10:27.455 D/NetworkThread(26771): 	<string>00013fbc8ecec5b90000014613abe64a</string>
05-20 14:10:27.455 D/NetworkThread(26771): </dict>
05-20 14:10:27.455 D/NetworkThread(26771): </plist>], 
05-20 14:10:27.455 D/HttpClient(26771): enable apache.http debug
05-20 14:10:27.463 V/DEBUG   (26771): HTTP 0
05-20 14:10:27.885 D/MDM :   (26771): [null:-1]->statusCode : 200
05-20 14:10:27.885 D/MDM :   (26771): [null:-1]->statusCode : 200
05-20 14:10:27.885 V/DEBUG   (26771): HTTP 1
05-20 14:10:27.892 D/MDM :   (26771): [null:-1]->read network input stream
05-20 14:10:27.900 D/MDM :   (26771): [null:-1]->Get joson string: <?xml version="1.0" encoding="UTF-8"?>
05-20 14:10:27.900 D/MDM :   (26771): <!DOCTYPE plist PUBLIC "-//Apple//DTD PLIST 1.0//EN" "http://www.apple.com/DTDs/PropertyList-1.0.dtd">
05-20 14:10:27.900 D/MDM :   (26771): <plist version="1.0">
05-20 14:10:27.900 D/MDM :   (26771): <dict>
05-20 14:10:27.900 D/MDM :   (26771): 	<key>CommandUUID</key>
05-20 14:10:27.900 D/MDM :   (26771): 	<string>0199d558-0b29-4d65-83f7-7e4b8f5cae54</string>
05-20 14:10:27.900 D/MDM :   (26771): 	<key>Command</key>
05-20 14:10:27.900 D/MDM :   (26771): 	<dict>
05-20 14:10:27.900 D/MDM :   (26771): 		<key>RequestType</key>
05-20 14:10:27.900 D/MDM :   (26771): 		<string>Location</string>
05-20 14:10:27.900 D/MDM :   (26771): 	</dict>
05-20 14:10:27.900 D/MDM :   (26771): </dict>
05-20 14:10:27.900 D/MDM :   (26771): </plist>
05-20 14:10:27.908 D/MdmDatabaseHelper(26771): [null:-1]->update command 3eeac892-92e4-4284-8598-6955870d23e1 to status executed
05-20 14:10:27.947 D/dalvikvm( 1091): GC_CONCURRENT freed 460K, 76% free 649K/2600K, paused 1ms+0ms, total 9ms
05-20 14:10:27.947 D/CheckInTransInfo(26771): [null:-1]->CommandMsg : CommandMsg{CommandUUID='0199d558-0b29-4d65-83f7-7e4b8f5cae54', Command=CommandObject{RequestType='Location'}}
05-20 14:10:27.978 D/NetworkThread(26771): [null:-1]->clear mCurrentTransInfo
05-20 14:10:27.978 D/NetworkThread(26771): [null:-1]->queue is empty, thread wait...
05-20 14:10:28.080 D/MdmService(26771): [null:-1]->handleCheckInResult
05-20 14:10:28.080 D/MdmService(26771): [null:-1]->handleCheckInResult result keyIndex: 3
05-20 14:10:28.080 D/CommandManager(26771): [null:-1]->execute command: CommandMsg{CommandUUID='0199d558-0b29-4d65-83f7-7e4b8f5cae54', Command=CommandObject{RequestType='Location'}}
05-20 14:10:28.080 W/Parcel  ( 1661): Attempt to read object from Parcel 0x6013bdac at offset 200 that is not in the object list
05-20 14:10:28.080 D/MdmService(26771): [null:-1]->receiver action :com.pekall.mdm.action.LOCATION
05-20 14:10:28.096 I/ActivityManager(  374): Start proc com.pekall.emdm.launcher:remote for service com.pekall.emdm.launcher/com.baidu.location.f: pid=1107 uid=10066 gids={50066, 1015, 3002, 3001, 3003, 1028}
05-20 14:10:28.103 D/dalvikvm( 1107): Late-enabling CheckJNI
