05-20 11:25:35.088 V/a       (26771): Connected: com.pekall.semail.service.AccountServiceInternal
05-20 11:25:35.088 W/Settings(26771): Setting data_roaming has moved from android.provider.Settings.System to android.provider.Settings.Global, returning read-only value.
05-20 11:25:35.088 V/a       (26771): Connected: com.pekall.semail.service.AccountServiceInternal
05-20 11:25:35.088 V/a       (26771): Connection test succeeded in 265ms
05-20 11:25:35.088 V/a       (26771): Task test completed; disconnecting
05-20 11:25:35.096 V/a       (26771): Task reconcileAccounts completed; disconnecting
05-20 11:25:35.096 V/a       (26771): Wait for reconcileAccounts finished in 162ms
05-20 11:25:35.111 D/ExchangeService(26771): !!! EAS ExchangeService, stopping self
05-20 11:25:35.111 D/ExchangeService(26771): !!! EAS ExchangeService, onDestroy
05-20 11:25:35.244 I/QueryController(28253): Matched selector: UiSelector[TEXT=Personal Mode] <<==>> [android.view.accessibility.AccessibilityNodeInfo@437eb; boundsInParent: Rect(0, 0 - 160, 200); boundsInScreen: Rect(190, 608 - 350, 808); packageName: com.pekall.emdm.launcher; className: android.widget.TextView; text: Personal Mode; contentDescription: null; viewIdResName: null; checkable: false; checked: false; focusable: false; focused: false; selected: false; clickable: true; longClickable: true; enabled: true; password: false; scrollable: false; [ACTION_SELECT, ACTION_CLEAR_SELECTION, ACTION_CLICK, ACTION_LONG_CLICK, ACTION_ACCESSIBILITY_FOCUS, ACTION_NEXT_AT_MOVEMENT_GRANULARITY, ACTION_PREVIOUS_AT_MOVEMENT_GRANULARITY, ACTION_SET_SELECTION]]
05-20 11:25:35.244 D/        (26771): [---null: -1---]  1111222  mLongAxisStartPadding110
05-20 11:25:35.252 D/        (26771): [---null: -1---]  11112223  heightSpecSize1094
05-20 11:25:35.252 D/        (26771): [---null: -1---]  11112223  mLongAxisStartPadding110
05-20 11:25:35.252 D/        (26771): [---null: -1---]  11112223  mLongAxisEndPadding110
05-20 11:25:35.252 D/        (26771): [---null: -1---]  11112223  mRows4
05-20 11:25:35.252 D/        (26771): [---null: -1---]  1111222  mLongAxisStartPadding110
05-20 11:25:35.260 D/        (26771): [---null: -1---]  11112223  heightSpecSize1094
05-20 11:25:35.260 D/        (26771): [---null: -1---]  11112223  mLongAxisStartPadding110
05-20 11:25:35.260 D/        (26771): [---null: -1---]  11112223  mLongAxisEndPadding110
05-20 11:25:35.260 D/        (26771): [---null: -1---]  11112223  mRows4
05-20 11:25:35.869 D/LauncherApplication(26771): [null:-1]->onActivityPaused
05-20 11:25:35.869 I/ActivityManager(  374): START u0 {act=android.intent.action.MAIN cat=[android.intent.category.HOME] flg=0x10200000 cmp=com.pekall.emdm.launcher/.Launcher} from pid 374
05-20 11:25:35.885 D/LauncherApplication(26771): [null:-1]->onActivityPaused  updateTime
05-20 11:25:35.900 D/        (26771): [---null: -1---]     awsa  onActivityResumed
05-20 11:25:35.900 V/LauncherApplication(26771): 2MdmConstant.LAST_LAUNCH_TIME = 1400556335888
05-20 11:25:35.900 D/        (26771): [---null: -1---]  activity = com.pekall.emdm.launcher.Launcher
05-20 11:25:35.908 V/DefultSetContriller(26771): isLauncherDf = com.pekall.emdm.launcher
05-20 11:25:35.908 V/DefultSetContriller(26771): isLauncherDf = com.pekall.emdm.launcher
05-20 11:25:35.916 V/DefultSetContriller(26771): isPhoneDf = com.pekall.emdm.launcher
05-20 11:25:35.916 E/LauncherApplication(26771): isShowLogoutUI = true
05-20 11:25:35.916 E/LauncherApplication(26771): LogoutShowTime 1
05-20 11:25:35.916 V/Launcher(26771): onResume1111111 
05-20 11:25:35.916 V/Launcher(26771): is login ----> 
05-20 11:25:35.916 I/System.out(26771):  
05-20 11:25:35.916 I/System.out(26771): com.pekall.emdm.launcher.Workspace.setWallpaper(Unknown Source)
05-20 11:25:35.916 I/System.out(26771): com.pekall.emdm.launcher.Launcher.onResume(Unknown Source)
05-20 11:25:35.916 I/System.out(26771): android.app.Instrumentation.callActivityOnResume(Instrumentation.java:1192)
05-20 11:25:35.916 I/System.out(26771): android.app.Activity.performResume(Activity.java:5211)
05-20 11:25:35.916 I/System.out(26771): android.app.ActivityThread.performNewIntents(ActivityThread.java:2345)
05-20 11:25:35.916 I/System.out(26771): android.app.ActivityThread.handleNewIntent(ActivityThread.java:2352)
05-20 11:25:35.916 I/System.out(26771): android.app.ActivityThread.access$1400(ActivityThread.java:141)
05-20 11:25:35.916 I/System.out(26771): android.app.ActivityThread$H.handleMessage(ActivityThread.java:1327)
05-20 11:25:35.916 I/System.out(26771): android.os.Handler.dispatchMessage(Handler.java:99)
05-20 11:25:35.916 I/System.out(26771): android.os.Looper.loop(Looper.java:137)
05-20 11:25:35.916 I/System.out(26771): android.app.ActivityThread.main(ActivityThread.java:5103)
05-20 11:25:35.916 I/System.out(26771): java.lang.reflect.Method.invokeNative(Native Method)
05-20 11:25:35.916 I/System.out(26771): java.lang.reflect.Method.invoke(Method.java:525)
05-20 11:25:35.916 I/System.out(26771): com.android.internal.os.ZygoteInit$MethodAndArgsCaller.run(ZygoteInit.java:737)
05-20 11:25:35.916 I/System.out(26771): com.android.internal.os.ZygoteInit.main(ZygoteInit.java:553)
05-20 11:25:35.916 I/System.out(26771): dalvik.system.NativeStart.main(Native Method)
05-20 11:25:36.174 D/dalvikvm(26771): JIT unchain all for threadid=11
05-20 11:25:36.228 D/dalvikvm(26771): GC_FOR_ALLOC freed 2593K, 18% free 29078K/35352K, paused 299ms, total 299ms
05-20 11:25:36.236 I/dalvikvm-heap(26771): Grow heap (frag case) to 31.756MB for 3415696-byte allocation
05-20 11:25:36.486 D/dalvikvm(26771): JIT unchain all for threadid=11
05-20 11:25:36.556 D/dalvikvm(26771): GC_FOR_ALLOC freed 9K, 17% free 32405K/38688K, paused 314ms, total 314ms
05-20 11:25:36.666 I/Choreographer(26771): Skipped 45 frames!  The application may be doing too much work on its main thread.
05-20 11:25:37.353 D/dalvikvm(27741): GC_CONCURRENT freed 379K, 5% free 9159K/9580K, paused 1ms+2ms, total 17ms
05-20 11:25:37.697 D/CommandManager(26771): [null:-1]->requestType: DeviceInformation
05-20 11:25:37.736 W/Parcel  ( 1661): Attempt to read object from Parcel 0x5ef3bdac at offset 200 that is not in the object list
05-20 11:25:37.775 D/MdmDatabaseHelper(26771): [null:-1]->update command c93a2b41-8834-4eaa-8531-1a1ca7ee486a to commandStatus <?xml version="1.0" encoding="UTF-8"?>
05-20 11:25:37.775 D/MdmDatabaseHelper(26771): <!DOCTYPE plist PUBLIC "-//Apple//DTD PLIST 1.0//EN" "http://www.apple.com/DTDs/PropertyList-1.0.dtd">
05-20 11:25:37.775 D/MdmDatabaseHelper(26771): <plist version="1.0">
05-20 11:25:37.775 D/MdmDatabaseHelper(26771): <dict>
05-20 11:25:37.775 D/MdmDatabaseHelper(26771): 	<key>QueryResponses</key>
05-20 11:25:37.775 D/MdmDatabaseHelper(26771): 	<dict>
05-20 11:25:37.775 D/MdmDatabaseHelper(26771): 		<key>deviceId</key>
05-20 11:25:37.775 D/MdmDatabaseHelper(26771): 		<string>00013fbc8ecec5b90000014613abe64a</string>
05-20 11:25:37.775 D/MdmDatabaseHelper(26771): 		<key>deviceSecurityStatus</key>
05-20 11:25:37.775 D/MdmDatabaseHelper(26771): 		<string>root</string>
05-20 11:25:37.775 D/MdmDatabaseHelper(26771): 		<key>diskTotal</key>
05-20 11:25:37.775 D/MdmDatabaseHelper(26771): 		<string>0.0</string>
05-20 11:25:37.775 D/MdmDatabaseHelper(26771): 		<key>diskUsed</key>
05-20 11:25:37.775 D/MdmDatabaseHelper(26771): 		<string>0.0</string>
05-20 11:25:37.775 D/MdmDatabaseHelper(26771): 		<key>displaySize</key>
05-20 11:25:37.775 D/MdmDatabaseHelper(26771): 		<string>720x1184</string>
05-20 11:25:37.775 D/MdmDatabaseHelper(26771): 		<key>freeDiskSize</key>
05-20 11:25:37.775 D/MdmDatabaseHelper(26771): 		<integer>0</integer>
05-20 11:25:37.775 D/MdmDatabaseHelper(26771): 		<key>freeRamSize</key>
05-20 11:25:37.775 D/MdmDatabaseHelper(26771): 		<integer>21663744</integer>
05-20 11:25:37.775 D/MdmDatabaseHelper(26771): 		<key>language</key>
05-20 11:25:37.775 D/MdmDatabaseHelper(26771): 		<string>en-US</string>
05-20 11:25:37.775 D/MdmDatabaseHelper(26771): 		<key>netSpeed</key>
05-20 11:25:37.775 D/MdmDatabaseHelper(26771): 		<dict>
05-20 11:25:37.775 D/MdmDatabaseHelper(26771): 			<key>downlink</key>
05-20 11:25:37.775 D/MdmDatabaseHelper(26771): 			<real>6216143.0</real>
05-20 11:25:37.775 D/MdmDatabaseHelper(26771): 			<key>uplink</key>
05-20 11:25:37.775 D/MdmDatabaseHelper(26771): 			<real>4548207.333333333</real>
05-20 11:25:37.775 D/MdmDatabaseHelper(26771): 		</dict>
05-20 11:25:37.775 D/MdmDatabaseHelper(26771): 		<key>ramTotal</key>
05-20 11:25:37.775 D/MdmDatabaseHelper(26771): 		<string>728023040</string>
05-20 11:25:37.775 D/MdmDatabaseHelper(26771): 		<key>ramUsed</key>
05-20 11:25:37.775 D/MdmDatabaseHelper(26771): 		<string>706359296</string>
05-20 11:25:37.775 D/MdmDatabaseHelper(26771): 		<key>trafficBytes</key>
05-20 11:25:37.775 D/MdmDatabaseHelper(26771): 		<integer>0</integer>
05-20 11:25:37.775 D/MdmDatabaseHelper(26771): 		<key>AvailableDeviceCapacity</key>
05-20 11:25:37.775 D/MdmDatabaseHelper(26771): 		<real>1.3428916E7</real>
05-20 11:25:37.775 D/MdmDatabaseHelper(26771): 		<key>BuildVersion</key>
05-20 11:25:37.775 D/MdmDatabaseHelper(26771): 		<string>REL</string>
05-20 11:25:37.775 D/MdmDatabaseHelper(26771): 		<key>CanDisableSystemFunction</key>
05-20 11:25:37.775 D/MdmDatabaseHelper(26771): 		<false/>
05-20 11:25:37.775 D/MdmDatabaseHelper(26771): 		<key>CellularTechnology</key>
05-20 11:25:37.775 D/MdmDatabaseHelper(26771): 		<integer>3</integer>
05-20 11:25:37.775 D/MdmDatabaseHelper(26771): 		<key>CurrentCarrierNetwork</key>
05-20 11:25:37.775 D/MdmDatabaseHelper(26771): 		<string></string>
05-20 11:25:37.775 D/MdmDatabaseHelper(26771): 		<key>CurrentMCC</key>
05-20 11:25:37.775 D/MdmDatabaseHelper(26771): 		<string>cn</string>
05-20 11:25:37.775 D/MdmDatabaseHelper(26771): 		<key>CurrentMNC</key>
05-20 11:25:37.775 D/MdmDatabaseHelper(26771): 		<string>46001</string>
05-20 11:25:37.775 D/MdmDatabaseHelper(26771): 		<key>DataRoamingEnabled</key>
05-20 11:25:37.775 D/MdmDatabaseHelper(26771): 		<false/>
05-20 11:25:37.775 D/MdmDatabaseHelper(26771): 		<key>DeviceCapacity</key>
05-20 11:25:37.775 D/MdmDatabaseHelper(26771): 		<real>1.3975888E7</real>
05-20 11:25:37.775 D/MdmDatabaseHelper(26771): 		<key>HasSamsungSafeAPI</key>
05-20 11:25:37.775 D/MdmDatabaseHelper(26771): 		<false/>
05-20 11:25:37.775 D/MdmDatabaseHelper(26771): 		<key>ICCID</key>
05-20 11:25:37.775 D/MdmDatabaseHelper(26771): 		<string></string>
05-20 11:25:37.775 D/MdmDatabaseHelper(26771): 		<key>IMEI</key>
05-20 11:25:37.775 D/MdmDatabaseHelper(26771): 		<string>351554059027897</string>
05-20 11:25:37.775 D/MdmDatabaseHelper(26771): 		<key>IsRoaming</key>
05-20 11:25:37.775 D/MdmDatabaseHelper(26771): 		<false/>
05-20 11:25:37.775 D/MdmDatabaseHelper(26771): 		<key>Model</key>
05-20 11:25:37.775 D/MdmDatabaseHelper(26771): 		<string>Galaxy Nexus</string>
05-20 11:25:37.775 D/MdmDatabaseHelper(26771): 		<key>OSVersion</key>
05-20 11:25:37.775 D/MdmDatabaseHelper(26771): 		<string>4.3</string>
05-20 11:25:37.775 D/MdmDatabaseHelper(26771): 		<key>PhoneNumber</key>
05-20 11:25:37.775 D/MdmDatabaseHelper(26771): 		<string>0</string>
05-20 11:25:37.775 D/MdmDatabaseHelper(26771): 		<key>ProductName</key>
05-20 11:25:37.775 D/MdmDatabaseHelper(26771): 		<string>yakju</string>
05-20 11:25:37.775 D/MdmDatabaseHelper(26771): 		<key>SIMCarrierNetwork</key>
05-20 11:25:37.775 D/MdmDatabaseHelper(26771): 		<string></string>
05-20 11:25:37.775 D/MdmDatabaseHelper(26771): 		<key>SerialNumber</key>
05-20 11:25:37.775 D/MdmDatabaseHelper(26771): 		<string>014E0FFF06015018</string>
05-20 11:25:37.775 D/MdmDatabaseHelper(26771): 		<key>UDID</key>
05-20 11:25:37.775 D/MdmDatabaseHelper(26771): 		<string>00013fbc8ecec5b90000014613abe64a</string>
05-20 11:25:37.775 D/MdmDatabaseHelper(26771): 		<key>WiFiMAC</key>
05-20 11:25:37.775 D/MdmDatabaseHelper(26771): 		<string>20:64:32:7a:19:48</string>
05-20 11:25:37.775 D/MdmDatabaseHelper(26771): 	</dict>
05-20 11:25:37.775 D/MdmDatabaseHelper(26771): 	<key>CommandUUID</key>
05-20 11:25:37.775 D/MdmDatabaseHelper(26771): 	<string>c93a2b41-8834-4eaa-8531-1a1ca7ee486a</string>
05-20 11:25:37.775 D/MdmDatabaseHelper(26771): 	<key>Status</key>
05-20 11:25:37.775 D/MdmDatabaseHelper(26771): 	<string>Acknowledged</string>
05-20 11:25:37.775 D/MdmDatabaseHelper(26771): 	<key>UDID</key>
05-20 11:25:37.775 D/MdmDatabaseHelper(26771): 	<string>00013fbc8ecec5b90000014613abe64a</string>
05-20 11:25:37.775 D/MdmDatabaseHelper(26771): </dict>
05-20 11:25:37.775 D/MdmDatabaseHelper(26771): </plist>
05-20 11:25:37.799 I/TransInfo(26771): TransInfo created, id: 3, class: class com.pekall.emdm.transaction.c.b
05-20 11:25:37.799 D/NetworkThread(26771): [null:-1]->----isRunning-----true
05-20 11:25:37.799 D/NetworkThread(26771): [null:-1]->----isRunning-----true
05-20 11:25:37.806 D/NetworkThread(26771): [null:-1]->thread wakeup
05-20 11:25:37.806 D/NetworkThread(26771): [null:-1]->sendHttpPost:PostRequest, url: http://192.168.10.21/rest/mdm/v1/ios/android_server, Params: [content:<?xml version="1.0" encoding="UTF-8"?>
05-20 11:25:37.806 D/NetworkThread(26771): <!DOCTYPE plist PUBLIC "-//Apple//DTD PLIST 1.0//EN" "http://www.apple.com/DTDs/PropertyList-1.0.dtd">
05-20 11:25:37.806 D/NetworkThread(26771): <plist version="1.0">
05-20 11:25:37.806 D/NetworkThread(26771): <dict>
05-20 11:25:37.806 D/NetworkThread(26771): 	<key>QueryResponses</key>
05-20 11:25:37.806 D/NetworkThread(26771): 	<dict>
05-20 11:25:37.806 D/NetworkThread(26771): 		<key>deviceId</key>
05-20 11:25:37.806 D/NetworkThread(26771): 		<string>00013fbc8ecec5b90000014613abe64a</string>
05-20 11:25:37.806 D/NetworkThread(26771): 		<key>deviceSecurityStatus</key>
05-20 11:25:37.806 D/NetworkThread(26771): 		<string>root</string>
05-20 11:25:37.806 D/NetworkThread(26771): 		<key>diskTotal</key>
05-20 11:25:37.806 D/NetworkThread(26771): 		<string>0.0</string>
05-20 11:25:37.806 D/NetworkThread(26771): 		<key>diskUsed</key>
05-20 11:25:37.806 D/NetworkThread(26771): 		<string>0.0</string>
05-20 11:25:37.806 D/NetworkThread(26771): 		<key>displaySize</key>
05-20 11:25:37.806 D/NetworkThread(26771): 		<string>720x1184</string>
05-20 11:25:37.806 D/NetworkThread(26771): 		<key>freeDiskSize</key>
05-20 11:25:37.806 D/NetworkThread(26771): 		<integer>0</integer>
05-20 11:25:37.806 D/NetworkThread(26771): 		<key>freeRamSize</key>
05-20 11:25:37.806 D/NetworkThread(26771): 		<integer>21663744</integer>
05-20 11:25:37.806 D/NetworkThread(26771): 		<key>language</key>
05-20 11:25:37.806 D/NetworkThread(26771): 		<string>en-US</string>
05-20 11:25:37.806 D/NetworkThread(26771): 		<key>netSpeed</key>
05-20 11:25:37.806 D/NetworkThread(26771): 		<dict>
05-20 11:25:37.806 D/NetworkThread(26771): 			<key>downlink</key>
05-20 11:25:37.806 D/NetworkThread(26771): 			<real>6216143.0</real>
05-20 11:25:37.806 D/NetworkThread(26771): 			<key>uplink</key>
05-20 11:25:37.806 D/NetworkThread(26771): 			<real>4548207.333333333</real>
05-20 11:25:37.806 D/NetworkThread(26771): 		</dict>
05-20 11:25:37.806 D/NetworkThread(26771): 		<key>ramTotal</key>
05-20 11:25:37.806 D/NetworkThread(26771): 		<string>728023040</string>
05-20 11:25:37.806 D/NetworkThread(26771): 		<key>ramUsed</key>
05-20 11:25:37.806 D/NetworkThread(26771): 		<string>706359296</string>
05-20 11:25:37.806 D/NetworkThread(26771): 		<key>trafficBytes</key>
05-20 11:25:37.806 D/NetworkThread(26771): 		<integer>0</integer>
05-20 11:25:37.806 D/NetworkThread(26771): 		<key>AvailableDeviceCapacity</key>
05-20 11:25:37.806 D/NetworkThread(26771): 		<real>1.3428916E7</real>
05-20 11:25:37.806 D/NetworkThread(26771): 		<key>BuildVersion</key>
05-20 11:25:37.806 D/NetworkThread(26771): 		<string>REL</string>
05-20 11:25:37.806 D/NetworkThread(26771): 		<key>CanDisableSystemFunction</key>
05-20 11:25:37.806 D/NetworkThread(26771): 		<false/>
05-20 11:25:37.806 D/NetworkThread(26771): 		<key>CellularTechnology</key>
05-20 11:25:37.806 D/NetworkThread(26771): 		<integer>3</integer>
05-20 11:25:37.806 D/NetworkThread(26771): 		<key>CurrentCarrierNetwork</key>
05-20 11:25:37.806 D/NetworkThread(26771): 		<string></string>
05-20 11:25:37.806 D/NetworkThread(26771): 		<key>CurrentMCC</key>
05-20 11:25:37.806 D/NetworkThread(26771): 		<string>cn</string>
05-20 11:25:37.806 D/NetworkThread(26771): 		<key>CurrentMNC</key>
05-20 11:25:37.806 D/NetworkThread(26771): 		<string>46001</string>
05-20 11:25:37.806 D/NetworkThread(26771): 		<key>DataRoamingEnabled</key>
05-20 11:25:37.806 D/NetworkThread(26771): 		<false/>
05-20 11:25:37.806 D/NetworkThread(26771): 		<key>DeviceCapacity</key>
05-20 11:25:37.806 D/NetworkThread(26771): 		<real>1.3975888E7</real>
05-20 11:25:37.806 D/NetworkThread(26771): 		<key>HasSamsungSafeAPI</key>
05-20 11:25:37.806 D/NetworkThread(26771): 		<false/>
05-20 11:25:37.806 D/NetworkThread(26771): 		<key>ICCID</key>
05-20 11:25:37.806 D/NetworkThread(26771): 		<string></string>
05-20 11:25:37.806 D/NetworkThread(26771): 		<key>IMEI</key>
05-20 11:25:37.806 D/NetworkThread(26771): 		<string>351554059027897</string>
05-20 11:25:37.806 D/NetworkThread(26771): 		<key>IsRoaming</key>
05-20 11:25:37.806 D/NetworkThread(26771): 		<false/>
05-20 11:25:37.806 D/NetworkThread(26771): 		<key>Model</key>
05-20 11:25:37.806 D/NetworkThread(26771): 		<string>Galaxy Nexus</string>
05-20 11:25:37.806 D/NetworkThread(26771): 		<key>OSVersion</key>
05-20 11:25:37.806 D/NetworkThread(26771): 		<string>4.3</string>
05-20 11:25:37.806 D/NetworkThread(26771): 		<key>PhoneNumber</key>
05-20 11:25:37.806 D/NetworkThread(26771): 		<string>0</string>
05-20 11:25:37.806 D/NetworkThread(26771): 		<key>ProductName</key>
05-20 11:25:37.806 D/NetworkThread(26771): 		<string>yakju</string>
05-20 11:25:37.806 D/NetworkThread(26771): 		<key>SIMCarrierNetwork</key>
05-20 11:25:37.806 D/NetworkThread(26771): 		<string></string>
05-20 11:25:37.806 D/NetworkThread(26771): 		<key>SerialNumber</key>
05-20 11:25:37.806 D/NetworkThread(26771): 		<string>014E0FFF06015018</string>
05-20 11:25:37.806 D/NetworkThread(26771): 		<key>UDID</key>
05-20 11:25:37.806 D/NetworkThread(26771): 		<string>00013fbc8ecec5b90000014613abe64a</string>
05-20 11:25:37.806 D/NetworkThread(26771): 		<key>WiFiMAC</key>
05-20 11:25:37.806 D/NetworkThread(26771): 		<string>20:64:32:7a:19:48</string>
05-20 11:25:37.806 D/NetworkThread(26771): 	</dict>
05-20 11:25:37.806 D/NetworkThread(26771): 	<key>CommandUUID</key>
05-20 11:25:37.806 D/NetworkThread(26771): 	<string>c93a2b41-8834-4eaa-8531-1a1ca7ee486a</string>
05-20 11:25:37.806 D/NetworkThread(26771): 	<key>Status</key>
05-20 11:25:37.806 D/NetworkThread(26771): 	<string>Acknowledged</string>
05-20 11:25:37.806 D/NetworkThread(26771): 	<key>UDID</key>
05-20 11:25:37.806 D/NetworkThread(26771): 	<string>00013fbc8ecec5b90000014613abe64a</string>
05-20 11:25:37.806 D/NetworkThread(26771): </dict>
05-20 11:25:37.806 D/NetworkThread(26771): </plist>], 
05-20 11:25:37.806 D/HttpClient(26771): enable apache.http debug
05-20 11:25:37.814 V/DEBUG   (26771): HTTP 0
05-20 11:25:38.252 D/MDM :   (26771): [null:-1]->statusCode : 200
05-20 11:25:38.252 D/MDM :   (26771): [null:-1]->statusCode : 200
05-20 11:25:38.252 V/DEBUG   (26771): HTTP 1
05-20 11:25:38.260 D/MDM :   (26771): [null:-1]->read network input stream
05-20 11:25:38.260 D/MDM :   (26771): [null:-1]->Get joson string: <?xml version="1.0" encoding="UTF-8"?>
05-20 11:25:38.260 D/MDM :   (26771): <!DOCTYPE plist PUBLIC "-//Apple//DTD PLIST 1.0//EN" "http://www.apple.com/DTDs/PropertyList-1.0.dtd">
05-20 11:25:38.260 D/MDM :   (26771): <plist version="1.0">
05-20 11:25:38.260 D/MDM :   (26771): <dict>
05-20 11:25:38.260 D/MDM :   (26771): 	<key>CommandUUID</key>
05-20 11:25:38.260 D/MDM :   (26771): 	<string>c911e05d-1ebe-46ae-84c4-490475bcc9c6</string>
05-20 11:25:38.260 D/MDM :   (26771): 	<key>Command</key>
05-20 11:25:38.260 D/MDM :   (26771): 	<dict>
05-20 11:25:38.260 D/MDM :   (26771): 		<key>RequestType</key>
05-20 11:25:38.260 D/MDM :   (26771): 		<string>ManagedApplicationList</string>
05-20 11:25:38.260 D/MDM :   (26771): 	</dict>
05-20 11:25:38.260 D/MDM :   (26771): </dict>
05-20 11:25:38.260 D/MDM :   (26771): </plist>
05-20 11:25:38.275 D/MdmDatabaseHelper(26771): [null:-1]->update command c93a2b41-8834-4eaa-8531-1a1ca7ee486a to status executed
05-20 11:25:38.306 D/CheckInTransInfo(26771): [null:-1]->CommandMsg : CommandMsg{CommandUUID='c911e05d-1ebe-46ae-84c4-490475bcc9c6', Command=CommandObject{RequestType='ManagedApplicationList'}}
05-20 11:25:38.338 D/NetworkThread(26771): [null:-1]->clear mCurrentTransInfo
05-20 11:25:38.338 D/NetworkThread(26771): [null:-1]->queue is empty, thread wait...
05-20 11:25:38.439 D/MdmService(26771): [null:-1]->handleCheckInResult
05-20 11:25:38.439 D/MdmService(26771): [null:-1]->handleCheckInResult result keyIndex: 3
05-20 11:25:38.439 D/CommandManager(26771): [null:-1]->execute command: CommandMsg{CommandUUID='c911e05d-1ebe-46ae-84c4-490475bcc9c6', Command=CommandObject{RequestType='ManagedApplicationList'}}
05-20 11:25:38.439 D/CommandManager(26771): [null:-1]->requestType: ManagedApplicationList
05-20 11:25:38.471 W/Parcel  ( 1661): Attempt to read object from Parcel 0x5ec3bdac at offset 200 that is not in the object list
05-20 11:25:38.494 D/MdmDatabaseHelper(26771): [null:-1]->update command c911e05d-1ebe-46ae-84c4-490475bcc9c6 to commandStatus <?xml version="1.0" encoding="UTF-8"?>
05-20 11:25:38.494 D/MdmDatabaseHelper(26771): <!DOCTYPE plist PUBLIC "-//Apple//DTD PLIST 1.0//EN" "http://www.apple.com/DTDs/PropertyList-1.0.dtd">
05-20 11:25:38.494 D/MdmDatabaseHelper(26771): <plist version="1.0">
05-20 11:25:38.494 D/MdmDatabaseHelper(26771): <dict>
05-20 11:25:38.494 D/MdmDatabaseHelper(26771): 	<key>ManagedApplicationList</key>
05-20 11:25:38.494 D/MdmDatabaseHelper(26771): 	<dict>
05-20 11:25:38.494 D/MdmDatabaseHelper(26771): 	</dict>
05-20 11:25:38.494 D/MdmDatabaseHelper(26771): 	<key>CommandUUID</key>
05-20 11:25:38.494 D/MdmDatabaseHelper(26771): 	<string>c911e05d-1ebe-46ae-84c4-490475bcc9c6</string>
05-20 11:25:38.494 D/MdmDatabaseHelper(26771): 	<key>Status</key>
05-20 11:25:38.494 D/MdmDatabaseHelper(26771): 	<string>Acknowledged</string>
05-20 11:25:38.494 D/MdmDatabaseHelper(26771): 	<key>UDID</key>
05-20 11:25:38.494 D/MdmDatabaseHelper(26771): 	<string>00013fbc8ecec5b90000014613abe64a</string>
05-20 11:25:38.494 D/MdmDatabaseHelper(26771): </dict>
05-20 11:25:38.494 D/MdmDatabaseHelper(26771): </plist>
05-20 11:25:38.517 I/TransInfo(26771): TransInfo created, id: 3, class: class com.pekall.emdm.transaction.c.b
05-20 11:25:38.517 D/NetworkThread(26771): [null:-1]->----isRunning-----true
05-20 11:25:38.517 D/NetworkThread(26771): [null:-1]->----isRunning-----true
05-20 11:25:38.517 D/NetworkThread(26771): [null:-1]->thread wakeup
05-20 11:25:38.525 D/NetworkThread(26771): [null:-1]->sendHttpPost:PostRequest, url: http://192.168.10.21/rest/mdm/v1/ios/android_server, Params: [content:<?xml version="1.0" encoding="UTF-8"?>
05-20 11:25:38.525 D/NetworkThread(26771): <!DOCTYPE plist PUBLIC "-//Apple//DTD PLIST 1.0//EN" "http://www.apple.com/DTDs/PropertyList-1.0.dtd">
05-20 11:25:38.525 D/NetworkThread(26771): <plist version="1.0">
05-20 11:25:38.525 D/NetworkThread(26771): <dict>
05-20 11:25:38.525 D/NetworkThread(26771): 	<key>ManagedApplicationList</key>
05-20 11:25:38.525 D/NetworkThread(26771): 	<dict>
05-20 11:25:38.525 D/NetworkThread(26771): 	</dict>
05-20 11:25:38.525 D/NetworkThread(26771): 	<key>CommandUUID</key>
05-20 11:25:38.525 D/NetworkThread(26771): 	<string>c911e05d-1ebe-46ae-84c4-490475bcc9c6</string>
05-20 11:25:38.525 D/NetworkThread(26771): 	<key>Status</key>
05-20 11:25:38.525 D/NetworkThread(26771): 	<string>Acknowledged</string>
05-20 11:25:38.525 D/NetworkThread(26771): 	<key>UDID</key>
05-20 11:25:38.525 D/NetworkThread(26771): 	<string>00013fbc8ecec5b90000014613abe64a</string>
05-20 11:25:38.525 D/NetworkThread(26771): </dict>
05-20 11:25:38.525 D/NetworkThread(26771): </plist>], 
05-20 11:25:38.525 D/HttpClient(26771): enable apache.http debug
05-20 11:25:38.533 V/DEBUG   (26771): HTTP 0
05-20 11:25:38.689 D/dalvikvm( 1661): GC_EXPLICIT freed 850K, 18% free 13119K/15888K, paused 1ms+4ms, total 45ms
05-20 11:25:38.853 D/MDM :   (26771): [null:-1]->statusCode : 200
05-20 11:25:38.853 D/MDM :   (26771): [null:-1]->statusCode : 200
05-20 11:25:38.853 V/DEBUG   (26771): HTTP 1
05-20 11:25:38.861 D/MDM :   (26771): [null:-1]->read network input stream
05-20 11:25:38.861 D/MDM :   (26771): [null:-1]->Get joson string: <?xml version="1.0" encoding="UTF-8"?>
05-20 11:25:38.861 D/MDM :   (26771): <!DOCTYPE plist PUBLIC "-//Apple//DTD PLIST 1.0//EN" "http://www.apple.com/DTDs/PropertyList-1.0.dtd">
05-20 11:25:38.861 D/MDM :   (26771): <plist version="1.0">
05-20 11:25:38.861 D/MDM :   (26771): <dict>
05-20 11:25:38.861 D/MDM :   (26771): 	<key>CommandUUID</key>
05-20 11:25:38.861 D/MDM :   (26771): 	<string>414ff064-70d7-4e10-8a87-a37a581a51c9</string>
05-20 11:25:38.861 D/MDM :   (26771): 	<key>Command</key>
05-20 11:25:38.861 D/MDM :   (26771): 	<dict>
05-20 11:25:38.861 D/MDM :   (26771): 		<key>RequestType</key>
05-20 11:25:38.861 D/MDM :   (26771): 		<string>InstalledApplicationList</string>
05-20 11:25:38.861 D/MDM :   (26771): 	</dict>
05-20 11:25:38.861 D/MDM :   (26771): </dict>
05-20 11:25:38.861 D/MDM :   (26771): </plist>
05-20 11:25:38.869 D/MdmDatabaseHelper(26771): [null:-1]->update command c911e05d-1ebe-46ae-84c4-490475bcc9c6 to status executed
05-20 11:25:38.900 D/CheckInTransInfo(26771): [null:-1]->CommandMsg : CommandMsg{CommandUUID='414ff064-70d7-4e10-8a87-a37a581a51c9', Command=CommandObject{RequestType='InstalledApplicationList'}}
05-20 11:25:38.924 D/NetworkThread(26771): [null:-1]->clear mCurrentTransInfo
05-20 11:25:38.924 D/NetworkThread(26771): [null:-1]->queue is empty, thread wait...
05-20 11:25:39.025 D/MdmService(26771): [null:-1]->handleCheckInResult
05-20 11:25:39.025 D/MdmService(26771): [null:-1]->handleCheckInResult result keyIndex: 3
05-20 11:25:39.025 D/CommandManager(26771): [null:-1]->execute command: CommandMsg{CommandUUID='414ff064-70d7-4e10-8a87-a37a581a51c9', Command=CommandObject{RequestType='InstalledApplicationList'}}
05-20 11:25:39.174 I/QueryController(28253): Matched selector: UiSelector[TEXT=Personal Mode, CLASS=android.widget.TextView, PACKAGE NAME=com.pekall.emdm.launcher] <<==>> [android.view.accessibility.AccessibilityNodeInfo@437eb; boundsInParent: Rect(0, 0 - 160, 200); boundsInScreen: Rect(190, 608 - 350, 808); packageName: com.pekall.emdm.launcher; className: android.widget.TextView; text: Personal Mode; contentDescription: null; viewIdResName: null; checkable: false; checked: false; focusable: false; focused: false; selected: false; clickable: true; longClickable: true; enabled: true; password: false; scrollable: false; [ACTION_SELECT, ACTION_CLEAR_SELECTION, ACTION_CLICK, ACTION_LONG_CLICK, ACTION_ACCESSIBILITY_FOCUS, ACTION_NEXT_AT_MOVEMENT_GRANULARITY, ACTION_PREVIOUS_AT_MOVEMENT_GRANULARITY, ACTION_SET_SELECTION]]
05-20 11:25:39.189 I/AndroidRuntime(28253): VM exiting with result code 0.
05-20 11:25:39.244 D/CommandManager(26771): [null:-1]->requestType: InstalledApplicationList
05-20 11:25:39.275 W/Parcel  ( 1661): Attempt to read object from Parcel 0x5dfd3dac at offset 200 that is not in the object list
05-20 11:25:39.330 D/MdmDatabaseHelper(26771): [null:-1]->update command 414ff064-70d7-4e10-8a87-a37a581a51c9 to commandStatus <?xml version="1.0" encoding="UTF-8"?>
05-20 11:25:39.330 D/MdmDatabaseHelper(26771): <!DOCTYPE plist PUBLIC "-//Apple//DTD PLIST 1.0//EN" "http://www.apple.com/DTDs/PropertyList-1.0.dtd">
05-20 11:25:39.330 D/MdmDatabaseHelper(26771): <plist version="1.0">
05-20 11:25:39.330 D/MdmDatabaseHelper(26771): <dict>
05-20 11:25:39.330 D/MdmDatabaseHelper(26771): 	<key>InstalledApplicationList</key>
05-20 11:25:39.330 D/MdmDatabaseHelper(26771): 	<array>
05-20 11:25:39.330 D/MdmDatabaseHelper(26771): 		<dict>
05-20 11:25:39.330 D/MdmDatabaseHelper(26771): 			<key>AppPermissions</key>
05-20 11:25:39.330 D/MdmDatabaseHelper(26771): 			<array>
05-20 11:25:39.330 D/MdmDatabaseHelper(26771): 				<string>android.permission.READ_LOGS</string>
05-20 11:25:39.330 D/MdmDatabaseHelper(26771): 				<string>android.permission.WRITE_EXTERNAL_STORAGE</string>
05-20 11:25:39.330 D/MdmDatabaseHelper(26771): 				<string>com.qihoo.root.RESPOND</string>
05-20 11:25:39.330 D/MdmDatabaseHelper(26771): 				<string>com.qihoo.root.provider.READ</string>
05-20 11:25:39.330 D/MdmDatabaseHelper(26771): 				<string>com.qihoo.root.provider.WRITE</string>
05-20 11:25:39.330 D/MdmDatabaseHelper(26771): 				<string>android.permission.INTERNET</string>
05-20 11:25:39.330 D/MdmDatabaseHelper(26771): 				<string>android.permission.ACCESS_NETWORK_STATE</string>
05-20 11:25:39.330 D/MdmDatabaseHelper(26771): 				<string>android.permission.INSTALL_PACKAGES</string>
05-20 11:25:39.330 D/MdmDatabaseHelper(26771): 				<string>android.permission.KILL_BACKGROUND_PROCESSES</string>
05-20 11:25:39.330 D/MdmDatabaseHelper(26771): 				<string>android.permission.RESTART_PACKAGES</string>
05-20 11:25:39.330 D/MdmDatabaseHelper(26771): 				<string>android.permission.READ_PHONE_STATE</string>
05-20 11:25:39.330 D/MdmDatabaseHelper(26771): 				<string>android.permission.DELETE_PACKAGES</string>
05-20 11:25:39.330 D/MdmDatabaseHelper(26771): 				<string>android.permission.READ_EXTERNAL_STORAGE</string>
05-20 11:25:39.330 D/MdmDatabaseHelper(26771): 			</array>
05-20 11:25:39.330 D/MdmDatabaseHelper(26771): 			<key>Version</key>
05-20 11:25:39.330 D/MdmDatabaseHelper(26771): 			<string>7</string>
05-20 11:25:39.330 D/MdmDatabaseHelper(26771): 			<key>ShortVersion</key>
05-20 11:25:39.330 D/MdmDatabaseHelper(26771): 			<string>6.0.1</string>
05-20 11:25:39.330 D/MdmDatabaseHelper(26771): 			<key>Identifier</key>
05-20 11:25:39.330 D/MdmDatabaseHelper(26771): 			<string>com.qihoo.root</string>
05-20 11:25:39.330 D/MdmDatabaseHelper(26771): 			<key>Name</key>
05-20 11:25:39.330 D/MdmDatabaseHelper(26771): 			<string>360</string>
05-20 11:25:39.330 D/MdmDatabaseHelper(26771): 			<key>DynamicSize</key>
05-20 11:25:39.330 D/MdmDatabaseHelper(26771): 			<integer>0</integer>
05-20 11:25:39.330 D/MdmDatabaseHelper(26771): 			<key>BundleSize</key>
05-20 11:25:39.330 D/MdmDatabaseHelper(26771): 			<integer>0</integer>
05-20 11:25:39.330 D/MdmDatabaseHelper(26771): 		</dict>
05-20 11:25:39.330 D/MdmDatabaseHelper(26771): 		<dict>
05-20 11:25:39.330 D/MdmDatabaseHelper(26771): 			<key>AppPermissions</key>
05-20 11:25:39.330 D/MdmDatabaseHelper(26771): 			<array>
05-20 11:25:39.330 D/MdmDatabaseHelper(26771): 				<string>android.permission.ACCESS_FINE_LOCATION</string>
05-20 11:25:39.330 D/MdmDatabaseHelper(26771): 				<string>android.permission.ACCESS_COARSE_LOCATION</string>
05-20 11:25:39.330 D/MdmDatabaseHelper(26771): 				<string>android.permission.SYSTEM_ALERT_WINDOW</string>
05-20 11:25:39.330 D/MdmDatabaseHelper(26771): 				<string>android.permission.RECEIVE_BOOT_COMPLETED</string>
05-20 11:25:39.330 D/MdmDatabaseHelper(26771): 				<string>android.permission.CALL_PHONE</string>
05-20 11:25:39.330 D/MdmDatabaseHelper(26771): 				<string>android.permission.PROCESS_OUTGOING_CALLS</string>
05-20 11:25:39.330 D/MdmDatabaseHelper(26771): 				<string>android.permission.READ_CONTACTS</string>
05-20 11:25:39.330 D/MdmDatabaseHelper(26771): 				<string>android.permission.WRITE_CONTACTS</string>
05-20 11:25:39.330 D/MdmDatabaseHelper(26771): 				<string>android.permission.RECEIVE_SMS</string>
05-20 11:25:39.330 D/MdmDatabaseHelper(26771): 				<string>android.permission.RECEIVE_MMS</string>
05-20 11:25:39.330 D/MdmDatabaseHelper(26771): 				<string>android.permission.RECEIVE_WAP_PUSH</string>
05-20 11:25:39.330 D/MdmDatabaseHelper(26771): 				<string>android.permission.INTERNET</string>
05-20 11:25:39.330 D/MdmDatabaseHelper(26771): 				<string>android.permission.SEND_SMS</string>
05-20 11:25:39.330 D/MdmDatabaseHelper(26771): 				<string>android.permission.READ_SMS</string>
05-20 11:25:39.330 D/MdmDatabaseHelper(26771): 				<string>android.permission.WRITE_SMS</string>
05-20 11:25:39.330 D/MdmDatabaseHelper(26771): 				<string>android.permission.READ_CALL_LOG</string>
05-20 11:25:39.330 D/MdmDatabaseHelper(26771): 				<string>android.permission.WRITE_CALL_LOG</string>
05-20 11:25:39.330 D/MdmDatabaseHelper(26771): 				<string>android.permission.ACCESS_NETWORK_STATE</string>
05-20 11:25:39.330 D/MdmDatabaseHelper(26771): 				<string>android.permission.READ_PHONE_STATE</string>
05-20 11:25:39.330 D/MdmDatabaseHelper(26771): 				<string>android.permission.MODIFY_PHONE_STATE</string>
05-20 11:25:39.330 D/MdmDatabaseHelper(26771): 				<string>android.permission.MODIFY_AUDIO_SETTINGS</string>
05-20 11:25:39.330 D/MdmDatabaseHelper(26771): 				<string>android.permission.VIBRATE</string>
05-20 11:25:39.330 D/MdmDatabaseHelper(26771): 				<string>android.permission.BATTERY_STATS</string>
05-20 11:25:39.330 D/MdmDatabaseHelper(26771): 				<string>android.permission.GET_PACKAGE_SIZE</string>
05-20 11:25:39.330 D/MdmDatabaseHelper(26771): 				<string>com.android.launcher.permission.READ_SETTINGS</string>
05-20 11:25:39.330 D/MdmDatabaseHelper(26771): 				<string>android.permission.WAKE_LOCK</string>
05-20 11:25:39.330 D/MdmDatabaseHelper(26771): 				<string>android.permission.CHANGE_NETWORK_STATE</string>
05-20 11:25:39.330 D/MdmDatabaseHelper(26771): 				<string>android.permission.WRITE_EXTERNAL_STORAGE</string>
05-20 11:25:39.330 D/MdmDatabaseHelper(26771): 				<string>android.permission.RESTART_PACKAGES</string>
05-20 11:25:39.330 D/MdmDatabaseHelper(26771): 				<string>android.permission.CHANGE_WIFI_STATE</string>
05-20 11:25:39.330 D/MdmDatabaseHelper(26771): 				<string>android.permission.WRITE_SETTINGS</string>
05-20 11:25:39.330 D/MdmDatabaseHelper(26771): 				<string>android.permission.WRITE_SECURE_SETTINGS</string>
05-20 11:25:39.330 D/MdmDatabaseHelper(26771): 				<string>android.permission.READ_SYNC_SETTINGS</string>
05-20 11:25:39.330 D/MdmDatabaseHelper(26771): 				<string>android.permission.WRITE_SYNC_SETTINGS</string>
05-20 11:25:39.330 D/MdmDatabaseHelper(26771): 				<string>android.permission.WRITE_APN_SETTINGS</string>
05-20 11:25:39.330 D/MdmDatabaseHelper(26771): 				<string>android.permission.BLUETOOTH_ADMIN</string>
05-20 11:25:39.330 D/MdmDatabaseHelper(26771): 				<string>android.permission.RECORD_AUDIO</string>
05-20 11:25:39.330 D/MdmDatabaseHelper(26771): 				<string>android.permission.READ_LOGS</string>
05-20 11:25:39.330 D/MdmDatabaseHelper(26771): 				<string>com.android.launcher.permission.INSTALL_SHORTCUT</string>
05-20 11:25:39.330 D/MdmDatabaseHelper(26771): 				<string>com.android.launcher.permission.UNINSTALL_SHORTCUT</string>
05-20 11:25:39.330 D/MdmDatabaseHelper(26771): 				<string>android.permission.ACCESS_WIFI_STATE</string>
05-20 11:25:39.330 D/MdmDatabaseHelper(26771): 				<string>android.permission.BLUETOOTH</string>
05-20 11:25:39.330 D/MdmDatabaseHelper(26771): 				<string>android.permission.CLEAR_APP_CACHE</string>
05-20 11:25:39.330 D/MdmDatabaseHelper(26771): 				<string>android.permission.GET_TASKS</string>
05-20 11:25:39.330 D/MdmDatabaseHelper(26771): 				<string>android.permission.REORDER_TASKS</string>
05-20 11:25:39.330 D/MdmDatabaseHelper(26771): 				<string>android.permission.GET_ACCOUNTS</strin
05-20 11:25:39.385 I/TransInfo(26771): TransInfo created, id: 3, class: class com.pekall.emdm.transaction.c.b
05-20 11:25:39.392 D/NetworkThread(26771): [null:-1]->----isRunning-----true
05-20 11:25:39.392 D/NetworkThread(26771): [null:-1]->----isRunning-----true
05-20 11:25:39.392 D/NetworkThread(26771): [null:-1]->thread wakeup
05-20 11:25:39.416 D/NetworkThread(26771): [null:-1]->sendHttpPost:PostRequest, url: http://192.168.10.21/rest/mdm/v1/ios/android_server, Params: [content:<?xml version="1.0" encoding="UTF-8"?>
05-20 11:25:39.416 D/NetworkThread(26771): <!DOCTYPE plist PUBLIC "-//Apple//DTD PLIST 1.0//EN" "http://www.apple.com/DTDs/PropertyList-1.0.dtd">
05-20 11:25:39.416 D/NetworkThread(26771): <plist version="1.0">
05-20 11:25:39.416 D/NetworkThread(26771): <dict>
05-20 11:25:39.416 D/NetworkThread(26771): 	<key>InstalledApplicationList</key>
05-20 11:25:39.416 D/NetworkThread(26771): 	<array>
05-20 11:25:39.416 D/NetworkThread(26771): 		<dict>
05-20 11:25:39.416 D/NetworkThread(26771): 			<key>AppPermissions</key>
05-20 11:25:39.416 D/NetworkThread(26771): 			<array>
05-20 11:25:39.416 D/NetworkThread(26771): 				<string>android.permission.READ_LOGS</string>
05-20 11:25:39.416 D/NetworkThread(26771): 				<string>android.permission.WRITE_EXTERNAL_STORAGE</string>
05-20 11:25:39.416 D/NetworkThread(26771): 				<string>com.qihoo.root.RESPOND</string>
05-20 11:25:39.416 D/NetworkThread(26771): 				<string>com.qihoo.root.provider.READ</string>
05-20 11:25:39.416 D/NetworkThread(26771): 				<string>com.qihoo.root.provider.WRITE</string>
05-20 11:25:39.416 D/NetworkThread(26771): 				<string>android.permission.INTERNET</string>
05-20 11:25:39.416 D/NetworkThread(26771): 				<string>android.permission.ACCESS_NETWORK_STATE</string>
05-20 11:25:39.416 D/NetworkThread(26771): 				<string>android.permission.INSTALL_PACKAGES</string>
05-20 11:25:39.416 D/NetworkThread(26771): 				<string>android.permission.KILL_BACKGROUND_PROCESSES</string>
05-20 11:25:39.416 D/NetworkThread(26771): 				<string>android.permission.RESTART_PACKAGES</string>
05-20 11:25:39.416 D/NetworkThread(26771): 				<string>android.permission.READ_PHONE_STATE</string>
05-20 11:25:39.416 D/NetworkThread(26771): 				<string>android.permission.DELETE_PACKAGES</string>
05-20 11:25:39.416 D/NetworkThread(26771): 				<string>android.permission.READ_EXTERNAL_STORAGE</string>
05-20 11:25:39.416 D/NetworkThread(26771): 			</array>
05-20 11:25:39.416 D/NetworkThread(26771): 			<key>Version</key>
05-20 11:25:39.416 D/NetworkThread(26771): 			<string>7</string>
05-20 11:25:39.416 D/NetworkThread(26771): 			<key>ShortVersion</key>
05-20 11:25:39.416 D/NetworkThread(26771): 			<string>6.0.1</string>
05-20 11:25:39.416 D/NetworkThread(26771): 			<key>Identifier</key>
05-20 11:25:39.416 D/NetworkThread(26771): 			<string>com.qihoo.root</string>
05-20 11:25:39.416 D/NetworkThread(26771): 			<key>Name</key>
05-20 11:25:39.416 D/NetworkThread(26771): 			<string>360</string>
05-20 11:25:39.416 D/NetworkThread(26771): 			<key>DynamicSize</key>
05-20 11:25:39.416 D/NetworkThread(26771): 			<integer>0</integer>
05-20 11:25:39.416 D/NetworkThread(26771): 			<key>BundleSize</key>
05-20 11:25:39.416 D/NetworkThread(26771): 			<integer>0</integer>
05-20 11:25:39.416 D/NetworkThread(26771): 		</dict>
05-20 11:25:39.416 D/NetworkThread(26771): 		<dict>
05-20 11:25:39.416 D/NetworkThread(26771): 			<key>AppPermissions</key>
05-20 11:25:39.416 D/NetworkThread(26771): 			<array>
05-20 11:25:39.416 D/NetworkThread(26771): 				<string>android.permission.ACCESS_FINE_LOCATION</string>
05-20 11:25:39.416 D/NetworkThread(26771): 				<string>android.permission.ACCESS_COARSE_LOCATION</string>
05-20 11:25:39.416 D/NetworkThread(26771): 				<string>android.permission.SYSTEM_ALERT_WINDOW</string>
05-20 11:25:39.416 D/NetworkThread(26771): 				<string>android.permission.RECEIVE_BOOT_COMPLETED</string>
05-20 11:25:39.416 D/NetworkThread(26771): 				<string>android.permission.CALL_PHONE</string>
05-20 11:25:39.416 D/NetworkThread(26771): 				<string>android.permission.PROCESS_OUTGOING_CALLS</string>
05-20 11:25:39.416 D/NetworkThread(26771): 				<string>android.permission.READ_CONTACTS</string>
05-20 11:25:39.416 D/NetworkThread(26771): 				<string>android.permission.WRITE_CONTACTS</string>
05-20 11:25:39.416 D/NetworkThread(26771): 				<string>android.permission.RECEIVE_SMS</string>
05-20 11:25:39.416 D/NetworkThread(26771): 				<string>android.permission.RECEIVE_MMS</string>
05-20 11:25:39.416 D/NetworkThread(26771): 				<string>android.permission.RECEIVE_WAP_PUSH</string>
05-20 11:25:39.416 D/NetworkThread(26771): 				<string>android.permission.INTERNET</string>
05-20 11:25:39.416 D/NetworkThread(26771): 				<string>android.permission.SEND_SMS</string>
05-20 11:25:39.416 D/NetworkThread(26771): 				<string>android.permission.READ_SMS</string>
05-20 11:25:39.416 D/NetworkThread(26771): 				<string>android.permission.WRITE_SMS</string>
05-20 11:25:39.416 D/NetworkThread(26771): 				<string>android.permission.READ_CALL_LOG</string>
05-20 11:25:39.416 D/NetworkThread(26771): 				<string>android.permission.WRITE_CALL_LOG</string>
05-20 11:25:39.416 D/NetworkThread(26771): 				<string>android.permission.ACCESS_NETWORK_STATE</string>
05-20 11:25:39.416 D/NetworkThread(26771): 				<string>android.permission.READ_PHONE_STATE</string>
05-20 11:25:39.416 D/NetworkThread(26771): 				<string>android.permission.MODIFY_PHONE_STATE</string>
05-20 11:25:39.416 D/NetworkThread(26771): 				<string>android.permission.MODIFY_AUDIO_SETTINGS</string>
05-20 11:25:39.416 D/NetworkThread(26771): 				<string>android.permission.VIBRATE</string>
05-20 11:25:39.416 D/NetworkThread(26771): 				<string>android.permission.BATTERY_STATS</string>
05-20 11:25:39.416 D/NetworkThread(26771): 				<string>android.permission.GET_PACKAGE_SIZE</string>
05-20 11:25:39.416 D/NetworkThread(26771): 				<string>com.android.launcher.permission.READ_SETTINGS</string>
05-20 11:25:39.416 D/NetworkThread(26771): 				<string>android.permission.WAKE_LOCK</string>
05-20 11:25:39.416 D/NetworkThread(26771): 				<string>android.permission.CHANGE_NETWORK_STATE</string>
05-20 11:25:39.416 D/NetworkThread(26771): 				<string>android.permission.WRITE_EXTERNAL_STORAGE</string>
05-20 11:25:39.416 D/NetworkThread(26771): 				<string>android.permission.RESTART_PACKAGES</string>
05-20 11:25:39.416 D/NetworkThread(26771): 				<string>android.permission.CHANGE_WIFI_STATE</string>
05-20 11:25:39.416 D/NetworkThread(26771): 				<string>android.permission.WRITE_SETTINGS</string>
05-20 11:25:39.416 D/NetworkThread(26771): 				<string>android.permission.WRITE_SECURE_SETTINGS</string>
05-20 11:25:39.416 D/NetworkThread(26771): 				<string>android.permission.READ_SYNC_SETTINGS</string>
05-20 11:25:39.416 D/NetworkThread(26771): 				<string>android.permission.WRITE_SYNC_SETTINGS</string>
05-20 11:25:39.416 D/NetworkThread(26771): 				<string>android.permission.WRITE_APN_SETTINGS</string>
05-20 11:25:39.416 D/NetworkThread(26771): 				<string>android.permission.BLUETOOTH_ADMIN</string>
05-20 11:25:39.416 D/NetworkThread(26771): 				<string>android.permission.RECORD_AUDIO</string>
05-20 11:25:39.416 D/NetworkThread(26771): 				<string>android.permission.READ_LOGS</string>
05-20 11:25:39.416 D/NetworkThread(26771): 				<string>com.android.launcher.permission.INSTALL_SHORTCUT</string>
05-20 11:25:39.416 D/NetworkThread(26771): 				<string>com.android.launcher.permission.UNINSTALL_SHORTCUT</string>
05-20 11:25:39.416 D/NetworkThread(26771): 				<string>android.permission.ACCESS_WIFI_STATE</string>
05-20 11:25:39.416 D/NetworkThread(26771): 				<string>android.permission.BLUETOOTH</string>
05-20 11:25:39.416 D/NetworkThread(26771): 				<string>android.permission.CLEAR_APP_CACHE</string>
05-20 11:25:39.416 D/NetworkThread(26771): 				<string>android.permission.GET_TASKS</string>
05-20 11:25:39.416 D/NetworkThread(26771): 				<string>android.permission.REORDER_TASKS</string>
05-20 11:25:39.416 D/NetworkThread(26771): 				<string>android.pe
05-20 11:25:39.416 D/HttpClient(26771): enable apache.http debug
05-20 11:25:39.416 V/DEBUG   (26771): HTTP 0
05-20 11:25:40.916 D/AndroidRuntime(28305): 
05-20 11:25:40.916 D/AndroidRuntime(28305): >>>>>> AndroidRuntime START com.android.internal.os.RuntimeInit <<<<<<
05-20 11:25:40.916 D/AndroidRuntime(28305): CheckJNI is OFF
05-20 11:25:40.924 D/dalvikvm(28305): Trying to load lib libjavacore.so 0x0
05-20 11:25:40.931 D/dalvikvm(28305): Added shared lib libjavacore.so 0x0
05-20 11:25:40.939 D/dalvikvm(28305): Trying to load lib libnativehelper.so 0x0
05-20 11:25:40.939 D/dalvikvm(28305): Added shared lib libnativehelper.so 0x0
05-20 11:25:41.096 D/AndroidRuntime(28305): Calling main entry com.android.commands.uiautomator.Launcher
05-20 11:25:41.127 D/dalvikvm(28305): Note: class Landroid/app/ActivityManagerNative; has 163 unimplemented (abstract) methods
05-20 11:25:41.314 D/MDM :   (26771): [null:-1]->statusCode : 200
05-20 11:25:41.314 D/MDM :   (26771): [null:-1]->statusCode : 200
05-20 11:25:41.314 V/DEBUG   (26771): HTTP 1
05-20 11:25:41.322 D/MDM :   (26771): [null:-1]->read network input stream
05-20 11:25:41.322 D/MDM :   (26771): [null:-1]->Get joson string: <?xml version="1.0" encoding="UTF-8"?>
05-20 11:25:41.322 D/MDM :   (26771): <!DOCTYPE plist PUBLIC "-//Apple//DTD PLIST 1.0//EN" "http://www.apple.com/DTDs/PropertyList-1.0.dtd">
05-20 11:25:41.322 D/MDM :   (26771): <plist version="1.0">
05-20 11:25:41.322 D/MDM :   (26771): <dict>
05-20 11:25:41.322 D/MDM :   (26771): 	<key>CommandUUID</key>
05-20 11:25:41.322 D/MDM :   (26771): 	<string>bf343089-b307-4813-ae53-61ebd3391b10</string>
05-20 11:25:41.322 D/MDM :   (26771): 	<key>Command</key>
05-20 11:25:41.322 D/MDM :   (26771): 	<dict>
05-20 11:25:41.322 D/MDM :   (26771): 		<key>RequestType</key>
05-20 11:25:41.322 D/MDM :   (26771): 		<string>SecurityInfo</string>
05-20 11:25:41.322 D/MDM :   (26771): 	</dict>
05-20 11:25:41.322 D/MDM :   (26771): </dict>
05-20 11:25:41.322 D/MDM :   (26771): </plist>
05-20 11:25:41.322 D/MdmDatabaseHelper(26771): [null:-1]->update command 414ff064-70d7-4e10-8a87-a37a581a51c9 to status executed
05-20 11:25:41.369 D/CheckInTransInfo(26771): [null:-1]->CommandMsg : CommandMsg{CommandUUID='bf343089-b307-4813-ae53-61ebd3391b10', Command=CommandObject{RequestType='SecurityInfo'}}
05-20 11:25:41.400 D/NetworkThread(26771): [null:-1]->clear mCurrentTransInfo
05-20 11:25:41.400 D/NetworkThread(26771): [null:-1]->queue is empty, thread wait...
05-20 11:25:41.494 D/MdmService(26771): [null:-1]->handleCheckInResult
05-20 11:25:41.502 D/MdmService(26771): [null:-1]->handleCheckInResult result keyIndex: 3
05-20 11:25:41.502 D/CommandManager(26771): [null:-1]->execute command: CommandMsg{CommandUUID='bf343089-b307-4813-ae53-61ebd3391b10', Command=CommandObject{RequestType='SecurityInfo'}}
05-20 11:25:41.502 D/CommandManager(26771): [null:-1]->requestType: SecurityInfo
05-20 11:25:41.525 W/Parcel  ( 1661): Attempt to read object from Parcel 0x6013bdac at offset 200 that is not in the object list
05-20 11:25:41.541 D/MdmDatabaseHelper(26771): [null:-1]->update command bf343089-b307-4813-ae53-61ebd3391b10 to commandStatus <?xml version="1.0" encoding="UTF-8"?>
05-20 11:25:41.541 D/MdmDatabaseHelper(26771): <!DOCTYPE plist PUBLIC "-//Apple//DTD PLIST 1.0//EN" "http://www.apple.com/DTDs/PropertyList-1.0.dtd">
05-20 11:25:41.541 D/MdmDatabaseHelper(26771): <plist version="1.0">
05-20 11:25:41.541 D/MdmDatabaseHelper(26771): <dict>
05-20 11:25:41.541 D/MdmDatabaseHelper(26771): 	<key>SecurityInfo</key>
05-20 11:25:41.541 D/MdmDatabaseHelper(26771): 	<dict>
05-20 11:25:41.541 D/MdmDatabaseHelper(26771): 		<key>HardwareEncryptionCaps</key>
05-20 11:25:41.541 D/MdmDatabaseHelper(26771): 		<integer>0</integer>
05-20 11:25:41.541 D/MdmDatabaseHelper(26771): 		<key>PasscodeCompliant</key>
05-20 11:25:41.541 D/MdmDatabaseHelper(26771): 		<false/>
05-20 11:25:41.541 D/MdmDatabaseHelper(26771): 		<key>PasscodeCompliantWithProfiles</key>
05-20 11:25:41.541 D/MdmDatabaseHelper(26771): 		<true/>
05-20 11:25:41.541 D/MdmDatabaseHelper(26771): 		<key>PasscodePresent</key>
05-20 11:25:41.541 D/MdmDatabaseHelper(26771): 		<false/>
05-20 11:25:41.541 D/MdmDatabaseHelper(26771): 	</dict>
05-20 11:25:41.541 D/MdmDatabaseHelper(26771): 	<key>CommandUUID</key>
05-20 11:25:41.541 D/MdmDatabaseHelper(26771): 	<string>bf343089-b307-4813-ae53-61ebd3391b10</string>
05-20 11:25:41.541 D/MdmDatabaseHelper(26771): 	<key>Status</key>
05-20 11:25:41.541 D/MdmDatabaseHelper(26771): 	<string>Acknowledged</string>
05-20 11:25:41.541 D/MdmDatabaseHelper(26771): 	<key>UDID</key>
05-20 11:25:41.541 D/MdmDatabaseHelper(26771): 	<string>00013fbc8ecec5b90000014613abe64a</string>
05-20 11:25:41.541 D/MdmDatabaseHelper(26771): </dict>
05-20 11:25:41.541 D/MdmDatabaseHelper(26771): </plist>
05-20 11:25:41.564 I/TransInfo(26771): TransInfo created, id: 3, class: class com.pekall.emdm.transaction.c.b
05-20 11:25:41.564 D/NetworkThread(26771): [null:-1]->----isRunning-----true
05-20 11:25:41.564 D/NetworkThread(26771): [null:-1]->----isRunning-----true
05-20 11:25:41.564 D/NetworkThread(26771): [null:-1]->thread wakeup
05-20 11:25:41.564 D/NetworkThread(26771): [null:-1]->sendHttpPost:PostRequest, url: http://192.168.10.21/rest/mdm/v1/ios/android_server, Params: [content:<?xml version="1.0" encoding="UTF-8"?>
05-20 11:25:41.564 D/NetworkThread(26771): <!DOCTYPE plist PUBLIC "-//Apple//DTD PLIST 1.0//EN" "http://www.apple.com/DTDs/PropertyList-1.0.dtd">
05-20 11:25:41.564 D/NetworkThread(26771): <plist version="1.0">
05-20 11:25:41.564 D/NetworkThread(26771): <dict>
05-20 11:25:41.564 D/NetworkThread(26771): 	<key>SecurityInfo</key>
05-20 11:25:41.564 D/NetworkThread(26771): 	<dict>
05-20 11:25:41.564 D/NetworkThread(26771): 		<key>HardwareEncryptionCaps</key>
05-20 11:25:41.564 D/NetworkThread(26771): 		<integer>0</integer>
05-20 11:25:41.564 D/NetworkThread(26771): 		<key>PasscodeCompliant</key>
05-20 11:25:41.564 D/NetworkThread(26771): 		<false/>
