05-20 11:12:57.463 W/MountService(  374): getVolumeState(/storage/extSdCard): Unknown volume
05-20 11:12:57.463 W/MountService(  374): getVolumeState(/storage/sdcard1): Unknown volume
05-20 11:12:57.463 W/MountService(  374): getVolumeState(/mnt/sdcard/external_SD): Unknown volume
05-20 11:12:57.463 W/MountService(  374): getVolumeState(/mnt/sdcard/external_sd): Unknown volume
05-20 11:13:57.189 W/MountService(  374): getVolumeState(/storage/emulated/0/external_sd): Unknown volume
05-20 11:13:57.189 W/MountService(  374): getVolumeState(/mnt/sdcard-ext): Unknown volume
05-20 11:13:57.189 W/MountService(  374): getVolumeState(/mnt/ext_sdcard): Unknown volume
05-20 11:13:57.189 W/MountService(  374): getVolumeState(/mnt/sdcard2): Unknown volume
05-20 11:13:57.189 W/MountService(  374): getVolumeState(/mnt/emmc): Unknown volume
05-20 11:13:57.189 W/MountService(  374): getVolumeState(/mnt/extSdCard): Unknown volume
05-20 11:13:57.189 W/MountService(  374): getVolumeState(/mnt/sdcard/SD_CARD): Unknown volume
05-20 11:13:57.205 W/MountService(  374): getVolumeState(/mnt/sdcard/extra_sd): Unknown volume
05-20 11:13:57.205 W/MountService(  374): getVolumeState(/mnt/extrasd_bind): Unknown volume
05-20 11:13:57.205 W/MountService(  374): getVolumeState(/mnt/sdcard/ext_sd): Unknown volume
05-20 11:13:57.205 W/MountService(  374): getVolumeState(/storage/extSdCard): Unknown volume
05-20 11:13:57.205 W/MountService(  374): getVolumeState(/storage/sdcard1): Unknown volume
05-20 11:13:57.205 W/MountService(  374): getVolumeState(/mnt/sdcard/external_SD): Unknown volume
05-20 11:13:57.205 W/MountService(  374): getVolumeState(/mnt/sdcard/external_sd): Unknown volume
05-20 11:13:57.705 W/MountService(  374): getVolumeState(/storage/emulated/0/external_sd): Unknown volume
05-20 11:13:57.705 W/MountService(  374): getVolumeState(/mnt/sdcard-ext): Unknown volume
05-20 11:13:57.705 W/MountService(  374): getVolumeState(/mnt/ext_sdcard): Unknown volume
05-20 11:13:57.705 W/MountService(  374): getVolumeState(/mnt/sdcard2): Unknown volume
05-20 11:13:57.705 W/MountService(  374): getVolumeState(/mnt/emmc): Unknown volume
05-20 11:13:57.705 W/MountService(  374): getVolumeState(/mnt/extSdCard): Unknown volume
05-20 11:13:57.705 W/MountService(  374): getVolumeState(/mnt/sdcard/SD_CARD): Unknown volume
05-20 11:13:57.705 W/MountService(  374): getVolumeState(/mnt/sdcard/extra_sd): Unknown volume
05-20 11:13:57.705 W/MountService(  374): getVolumeState(/mnt/extrasd_bind): Unknown volume
05-20 11:13:57.713 W/MountService(  374): getVolumeState(/mnt/sdcard/ext_sd): Unknown volume
05-20 11:13:57.713 W/MountService(  374): getVolumeState(/storage/extSdCard): Unknown volume
05-20 11:13:57.713 W/MountService(  374): getVolumeState(/storage/sdcard1): Unknown volume
05-20 11:13:57.713 W/MountService(  374): getVolumeState(/mnt/sdcard/external_SD): Unknown volume
05-20 11:13:57.713 W/MountService(  374): getVolumeState(/mnt/sdcard/external_sd): Unknown volume
05-20 11:14:57.236 W/MountService(  374): getVolumeState(/storage/emulated/0/external_sd): Unknown volume
05-20 11:14:57.236 W/MountService(  374): getVolumeState(/mnt/sdcard-ext): Unknown volume
05-20 11:14:57.236 W/MountService(  374): getVolumeState(/mnt/ext_sdcard): Unknown volume
05-20 11:14:57.236 W/MountService(  374): getVolumeState(/mnt/sdcard2): Unknown volume
05-20 11:14:57.244 W/MountService(  374): getVolumeState(/mnt/emmc): Unknown volume
05-20 11:14:57.244 W/MountService(  374): getVolumeState(/mnt/extSdCard): Unknown volume
05-20 11:14:57.244 W/MountService(  374): getVolumeState(/mnt/sdcard/SD_CARD): Unknown volume
05-20 11:14:57.244 W/MountService(  374): getVolumeState(/mnt/sdcard/extra_sd): Unknown volume
05-20 11:14:57.244 W/MountService(  374): getVolumeState(/mnt/extrasd_bind): Unknown volume
05-20 11:14:57.244 W/MountService(  374): getVolumeState(/mnt/sdcard/ext_sd): Unknown volume
05-20 11:14:57.244 W/MountService(  374): getVolumeState(/storage/extSdCard): Unknown volume
05-20 11:14:57.252 W/MountService(  374): getVolumeState(/storage/sdcard1): Unknown volume
05-20 11:14:57.252 W/MountService(  374): getVolumeState(/mnt/sdcard/external_SD): Unknown volume
05-20 11:14:57.252 W/MountService(  374): getVolumeState(/mnt/sdcard/external_sd): Unknown volume
05-20 11:14:57.588 W/MountService(  374): getVolumeState(/storage/emulated/0/external_sd): Unknown volume
05-20 11:14:57.588 W/MountService(  374): getVolumeState(/mnt/sdcard-ext): Unknown volume
05-20 11:14:57.588 W/MountService(  374): getVolumeState(/mnt/ext_sdcard): Unknown volume
05-20 11:14:57.588 W/MountService(  374): getVolumeState(/mnt/sdcard2): Unknown volume
05-20 11:14:57.588 W/MountService(  374): getVolumeState(/mnt/emmc): Unknown volume
05-20 11:14:57.596 W/MountService(  374): getVolumeState(/mnt/extSdCard): Unknown volume
05-20 11:14:57.596 W/MountService(  374): getVolumeState(/mnt/sdcard/SD_CARD): Unknown volume
05-20 11:14:57.596 W/MountService(  374): getVolumeState(/mnt/sdcard/extra_sd): Unknown volume
05-20 11:14:57.596 W/MountService(  374): getVolumeState(/mnt/extrasd_bind): Unknown volume
05-20 11:14:57.596 W/MountService(  374): getVolumeState(/mnt/sdcard/ext_sd): Unknown volume
05-20 11:14:57.596 W/MountService(  374): getVolumeState(/storage/extSdCard): Unknown volume
05-20 11:14:57.596 W/MountService(  374): getVolumeState(/storage/sdcard1): Unknown volume
05-20 11:14:57.596 W/MountService(  374): getVolumeState(/mnt/sdcard/external_SD): Unknown volume
05-20 11:14:57.603 W/MountService(  374): getVolumeState(/mnt/sdcard/external_sd): Unknown volume
05-20 11:15:51.135 I/ActivityManager(  374): START u0 {flg=0x10008000 cmp=com.pekall.emdm.launcher/com.pekall.emdm.ui.SplashActivity} from pid 26771
05-20 11:15:51.150 W/ActivityManager(  374): Unable to start service Intent { act=com.pekall.mdm.action.SELECT_ERASE } U=0: not found
05-20 11:15:51.650 W/ActivityManager(  374): Activity pause timeout for ActivityRecord{4229e598 u0 com.pekall.emdm.launcher/com.pekall.emdm.ui.SplashActivity}
05-20 11:15:52.252 W/ActivityManager(  374): Unable to start service Intent { cmp=com.pekall.emdm.launcher/com.pekall.semail.service.AttachmentDownloadService } U=0: not found
05-20 11:15:53.478 I/ActivityManager(  374): START u0 {cmp=com.pekall.emdm.launcher/com.pekall.emdm.ui.ActiveDeviceAdminActivity} from pid 26771
05-20 11:15:53.541 I/ActivityManager(  374): START u0 {cmp=com.pekall.emdm.launcher/com.pekall.emdm.ui.RegDeviceActivity} from pid 26771
05-20 11:15:57.369 W/MountService(  374): getVolumeState(/storage/emulated/0/external_sd): Unknown volume
05-20 11:15:57.377 W/MountService(  374): getVolumeState(/mnt/sdcard-ext): Unknown volume
05-20 11:15:57.377 W/MountService(  374): getVolumeState(/mnt/ext_sdcard): Unknown volume
05-20 11:15:57.408 W/MountService(  374): getVolumeState(/mnt/sdcard2): Unknown volume
05-20 11:15:57.408 W/MountService(  374): getVolumeState(/mnt/emmc): Unknown volume
05-20 11:15:57.431 W/MountService(  374): getVolumeState(/mnt/extSdCard): Unknown volume
05-20 11:15:57.455 W/MountService(  374): getVolumeState(/mnt/sdcard/SD_CARD): Unknown volume
05-20 11:15:57.471 W/MountService(  374): getVolumeState(/mnt/sdcard/extra_sd): Unknown volume
05-20 11:15:57.502 W/MountService(  374): getVolumeState(/mnt/extrasd_bind): Unknown volume
05-20 11:15:57.510 W/MountService(  374): getVolumeState(/mnt/sdcard/ext_sd): Unknown volume
05-20 11:15:57.541 W/MountService(  374): getVolumeState(/storage/extSdCard): Unknown volume
05-20 11:15:57.541 W/MountService(  374): getVolumeState(/storage/sdcard1): Unknown volume
05-20 11:15:57.564 W/MountService(  374): getVolumeState(/mnt/sdcard/external_SD): Unknown volume
05-20 11:15:57.564 W/MountService(  374): getVolumeState(/mnt/sdcard/external_sd): Unknown volume
05-20 11:15:57.713 I/PowerManagerService(  374): Waking up from sleep...
05-20 11:15:57.728 I/ActivityManager(  374): No longer want android.process.acore (pid 26571): empty for 1802s
05-20 11:15:57.853 I/WindowManager(  374): Lock screen displayed!
05-20 11:15:58.392 I/ActivityManager(  374): Start proc android.process.acore for content provider com.android.providers.contacts/.ContactsProvider2: pid=27845 uid=10000 gids={50000, 3003, 1015, 1028}
05-20 11:15:59.353 D/PhoneStatusBar(  448): disable: < expand icons alerts ticker system_info BACK HOME recent* CLOCK search* >
05-20 11:15:59.431 D/PhoneStatusBar(  448): disable: < expand icons alerts ticker system_info back* home* recent clock* search >
05-20 11:16:00.455 W/MountService(  374): getVolumeState(/storage/emulated/0/external_sd): Unknown volume
05-20 11:16:00.455 W/MountService(  374): getVolumeState(/mnt/sdcard-ext): Unknown volume
05-20 11:16:00.463 W/MountService(  374): getVolumeState(/mnt/ext_sdcard): Unknown volume
05-20 11:16:00.463 W/MountService(  374): getVolumeState(/mnt/sdcard2): Unknown volume
05-20 11:16:00.463 W/MountService(  374): getVolumeState(/mnt/emmc): Unknown volume
05-20 11:16:00.463 W/MountService(  374): getVolumeState(/mnt/extSdCard): Unknown volume
05-20 11:16:00.463 W/MountService(  374): getVolumeState(/mnt/sdcard/SD_CARD): Unknown volume
05-20 11:16:00.463 W/MountService(  374): getVolumeState(/mnt/sdcard/extra_sd): Unknown volume
05-20 11:16:00.471 W/MountService(  374): getVolumeState(/mnt/extrasd_bind): Unknown volume
05-20 11:16:00.471 W/MountService(  374): getVolumeState(/mnt/sdcard/ext_sd): Unknown volume
05-20 11:16:00.478 W/MountService(  374): getVolumeState(/storage/extSdCard): Unknown volume
05-20 11:16:00.478 W/MountService(  374): getVolumeState(/storage/sdcard1): Unknown volume
05-20 11:16:00.478 W/MountService(  374): getVolumeState(/mnt/sdcard/external_SD): Unknown volume
05-20 11:16:00.478 W/MountService(  374): getVolumeState(/mnt/sdcard/external_sd): Unknown volume
05-20 11:16:11.986 I/ActivityManager(  374): Start proc com.pekall.emdm.launcher:remote for service com.pekall.emdm.launcher/com.baidu.location.f: pid=27868 uid=10066 gids={50066, 1015, 3002, 3001, 3003, 1028}
05-20 11:16:12.478 D/ActivityThread(27868): Loading provider com.pekall.semail.provider;com.pekall.semail.notifier: com.pekall.semail.provider.EmailProvider
05-20 11:16:12.510 D/ActivityThread(27868): Loading provider com.pekall.semail.provider;com.pekall.semail.notifier: com.pekall.semail.provider.EmailProvider
05-20 11:16:16.955 W/ActivityManager(  374): Unable to start service Intent { cmp=com.pekall.emdm.launcher/com.pekall.semail.service.AttachmentDownloadService } U=0: not found
05-20 11:16:29.330 I/PowerManagerService(  374): Going to sleep due to screen timeout...
05-20 11:16:32.010 W/ActivityManager(  374): Timeout executing service: ServiceRecord{42d711c0 u0 com.pekall.emdm.launcher/com.baidu.location.f}
05-20 11:16:40.736 E/ActivityManager(  374): ANR in com.pekall.emdm.launcher:remote
05-20 11:16:40.736 E/ActivityManager(  374): Reason: Executing service com.pekall.emdm.launcher/com.baidu.location.f
05-20 11:16:40.736 E/ActivityManager(  374): Load: 2.37 / 1.7 / 1.75
05-20 11:16:40.736 E/ActivityManager(  374): CPU usage from 1989ms to -8695ms ago:
05-20 11:16:40.736 E/ActivityManager(  374):   82% 27868/com.pekall.emdm.launcher:remote: 82% user + 0.1% kernel / faults: 110 minor
05-20 11:16:40.736 E/ActivityManager(  374):   81% 26771/com.pekall.emdm.launcher: 81% user + 0.1% kernel / faults: 42 minor
05-20 11:16:40.736 E/ActivityManager(  374):   16% 374/system_server: 13% user + 3.1% kernel / faults: 563 minor
05-20 11:16:40.736 E/ActivityManager(  374):   2.8% 448/com.android.systemui: 2.5% user + 0.2% kernel / faults: 152 minor
05-20 11:16:40.736 E/ActivityManager(  374):   2.4% 135/adbd: 0.2% user + 2.1% kernel / faults: 16 minor
05-20 11:16:40.736 E/ActivityManager(  374):   2.3% 24939/kworker/0:2: 0% user + 2.3% kernel
05-20 11:16:40.736 E/ActivityManager(  374):   1.2% 1661/com.qihoo360.mobilesafe:GuardService: 1.1% user + 0% kernel / faults: 175 minor
05-20 11:16:40.736 E/ActivityManager(  374):   0.5% 10683/com.dragon.android.pandaspace: 0.5% user + 0% kernel / faults: 303 minor
05-20 11:16:40.736 E/ActivityManager(  374):   0.4% 561/com.android.phone: 0.2% user + 0.1% kernel / faults: 71 minor 2 major
05-20 11:16:40.736 E/ActivityManager(  374):   0.1% 568/com.android.nfc: 0% user + 0% kernel / faults: 42 minor
05-20 11:16:40.736 E/ActivityManager(  374):   0.2% 24876/com.qihoo.appstore: 0.1% user + 0% kernel / faults: 5 minor
05-20 11:16:40.736 E/ActivityManager(  374):   0% 26624/com.dragon.android.pandaspace:bdservice_v1: 0% user + 0% kernel / faults: 27 minor
05-20 11:16:40.736 E/ActivityManager(  374):   0.1% 124/surfaceflinger: 0% user + 0% kernel / faults: 9 minor
05-20 11:16:40.736 E/ActivityManager(  374):   0% 82/mmcqd/0: 0% user + 0% kernel
05-20 11:16:40.736 E/ActivityManager(  374):   0% 1468/com.qihoo.daemon: 0% user + 0% kernel / faults: 28 minor
05-20 11:16:40.736 E/ActivityManager(  374):   0% 27741/com.nd.assistance.ServerService: 0% user + 0% kernel / faults: 9 minor
05-20 11:16:40.736 E/ActivityManager(  374):  +0% 27907/logcat: 0% user + 0% kernel
05-20 11:16:40.736 E/ActivityManager(  374): 99% TOTAL: 93% user + 6.5% kernel
05-20 11:16:40.736 E/ActivityManager(  374): CPU usage from 7906ms to 8444ms later:
05-20 11:16:40.736 E/ActivityManager(  374):   94% 27868/com.pekall.emdm.launcher:remote: 94% user + 0% kernel
05-20 11:16:40.736 E/ActivityManager(  374):     94% 27881/Thread-1245: 94% user + 0% kernel
05-20 11:16:40.736 E/ActivityManager(  374):   90% 26771/com.pekall.emdm.launcher: 90% user + 0% kernel
05-20 11:16:40.736 E/ActivityManager(  374):     92% 26784/Thread-1176: 92% user + 0% kernel
05-20 11:16:40.736 E/ActivityManager(  374):   9% 374/system_server: 3.6% user + 5.4% kernel
05-20 11:16:40.736 E/ActivityManager(  374):     9% 390/ActivityManager: 3.6% user + 5.4% kernel
05-20 11:16:40.736 E/ActivityManager(  374): 95% TOTAL: 93% user + 1.8% kernel
05-20 11:16:40.760 W/ActivityManager(  374): Killing ProcessRecord{427e58b0 27868:com.pekall.emdm.launcher:remote/u0a10066}: background ANR
05-20 11:16:40.760 W/BroadcastQueue(  374): Timeout of broadcast BroadcastRecord{4301f818 u-1 android.intent.action.SCREEN_OFF} - receiver=android.os.BinderProxy@42f23b98, started 10202ms ago
05-20 11:16:40.760 W/BroadcastQueue(  374): Receiver during timeout: BroadcastFilter{4308dbf8 u0 ReceiverList{430f8558 27868 com.pekall.emdm.launcher:remote/10066/u0 remote:42f23b98}}
05-20 11:16:40.767 I/ActivityManager(  374): Skipping duplicate ANR: ProcessRecord{427e58b0 27868:com.pekall.emdm.launcher:remote/u0a10066} Broadcast of Intent { act=android.intent.action.SCREEN_OFF flg=0x50000010 }
05-20 11:16:40.791 I/ActivityManager(  374): Process com.pekall.emdm.launcher:remote (pid 27868) has died.
05-20 11:16:40.799 W/ActivityManager(  374): Scheduling restart of crashed service com.pekall.emdm.launcher/com.baidu.location.f in 1280000ms
05-20 11:16:40.916 D/PhoneStatusBar(  448): disable: < expand icons alerts ticker system_info back home RECENT* clock SEARCH* >
05-20 11:16:40.986 D/PhoneStatusBar(  448): disable: < expand icons alerts ticker system_info BACK* HOME* RECENT CLOCK* SEARCH >
05-20 11:16:46.010 I/PowerManagerService(  374): Waking up from sleep...
05-20 11:16:46.049 I/WindowManager(  374): Lock screen displayed!
05-20 11:16:47.338 D/PhoneStatusBar(  448): disable: < expand icons alerts ticker system_info BACK HOME recent* CLOCK search* >
05-20 11:16:47.416 D/PhoneStatusBar(  448): disable: < expand icons alerts ticker system_info back* home* recent clock* search >
05-20 11:16:47.416 W/InputMethodManagerService(  374): Window already focused, ignoring focus gain of: com.android.internal.view.IInputMethodClient$Stub$Proxy@427da5a8 attribute=android.view.inputmethod.EditorInfo@42774528, token = android.os.BinderProxy@42f25590
05-20 11:16:56.517 I/ActivityManager(  374): START u0 {flg=0x8000 cmp=com.pekall.emdm.launcher/.Launcher} from pid 26771
05-20 11:16:57.400 W/MountService(  374): getVolumeState(/storage/emulated/0/external_sd): Unknown volume
05-20 11:16:57.408 W/MountService(  374): getVolumeState(/mnt/sdcard-ext): Unknown volume
05-20 11:16:57.408 W/MountService(  374): getVolumeState(/mnt/ext_sdcard): Unknown volume
05-20 11:16:57.408 W/MountService(  374): getVolumeState(/mnt/sdcard2): Unknown volume
05-20 11:16:57.408 W/MountService(  374): getVolumeState(/mnt/emmc): Unknown volume
05-20 11:16:57.408 W/MountService(  374): getVolumeState(/mnt/extSdCard): Unknown volume
05-20 11:16:57.408 W/MountService(  374): getVolumeState(/mnt/sdcard/SD_CARD): Unknown volume
05-20 11:16:57.416 W/MountService(  374): getVolumeState(/mnt/sdcard/extra_sd): Unknown volume
05-20 11:16:57.416 W/MountService(  374): getVolumeState(/mnt/extrasd_bind): Unknown volume
05-20 11:16:57.416 W/MountService(  374): getVolumeState(/mnt/sdcard/ext_sd): Unknown volume
05-20 11:16:57.416 W/MountService(  374): getVolumeState(/storage/extSdCard): Unknown volume
05-20 11:16:57.416 W/MountService(  374): getVolumeState(/storage/sdcard1): Unknown volume
05-20 11:16:57.416 W/MountService(  374): getVolumeState(/mnt/sdcard/external_SD): Unknown volume
05-20 11:16:57.416 W/MountService(  374): getVolumeState(/mnt/sdcard/external_sd): Unknown volume
05-20 11:16:57.666 W/MountService(  374): getVolumeState(/storage/emulated/0/external_sd): Unknown volume
05-20 11:16:57.674 W/MountService(  374): getVolumeState(/mnt/sdcard-ext): Unknown volume
05-20 11:16:57.674 W/MountService(  374): getVolumeState(/mnt/ext_sdcard): Unknown volume
05-20 11:16:57.674 W/MountService(  374): getVolumeState(/mnt/sdcard2): Unknown volume
05-20 11:16:57.674 W/MountService(  374): getVolumeState(/mnt/emmc): Unknown volume
05-20 11:16:57.674 W/MountService(  374): getVolumeState(/mnt/extSdCard): Unknown volume
05-20 11:16:57.674 W/MountService(  374): getVolumeState(/mnt/sdcard/SD_CARD): Unknown volume
05-20 11:16:57.681 W/MountService(  374): getVolumeState(/mnt/sdcard/extra_sd): Unknown volume
05-20 11:16:57.681 W/MountService(  374): getVolumeState(/mnt/extrasd_bind): Unknown volume
05-20 11:16:57.681 W/MountService(  374): getVolumeState(/mnt/sdcard/ext_sd): Unknown volume
05-20 11:16:57.681 W/MountService(  374): getVolumeState(/storage/extSdCard): Unknown volume
05-20 11:16:57.681 W/MountService(  374): getVolumeState(/storage/sdcard1): Unknown volume
05-20 11:16:57.681 W/MountService(  374): getVolumeState(/mnt/sdcard/external_SD): Unknown volume
05-20 11:16:57.681 W/MountService(  374): getVolumeState(/mnt/sdcard/external_sd): Unknown volume
05-20 11:16:58.283 W/ActivityManager(  374): Unable to start service Intent { cmp=com.pekall.emdm.launcher/com.pekall.semail.service.AttachmentDownloadService } U=0: not found
05-20 11:16:59.377 W/ActivityManager(  374): Unable to start service Intent { act=pekall.intent.action.DOWNLOAD_APP (has extras) } U=0: not found
05-20 11:17:00.346 I/ActivityManager(  374): START u0 {act=android.intent.action.MAIN cat=[android.intent.category.HOME] flg=0x10200000 cmp=com.pekall.emdm.launcher/.Launcher} from pid 374
05-20 11:17:06.424 V/PanelView(  448): animationTick called with dtms=0; nothing to do (h=0.0 v=4000.0)
05-20 11:17:15.056 I/ActivityManager(  374): Start proc com.pekall.emdm.launcher:remote for service com.pekall.emdm.launcher/com.baidu.location.f: pid=27982 uid=10066 gids={50066, 1015, 3002, 3001, 3003, 1028}
05-20 11:17:15.267 D/ActivityThread(27982): Loading provider com.pekall.semail.provider;com.pekall.semail.notifier: com.pekall.semail.provider.EmailProvider
05-20 11:17:16.806 D/ActivityThread(27982): Loading provider com.pekall.semail.provider;com.pekall.semail.notifier: com.pekall.semail.provider.EmailProvider
05-20 11:17:19.760 W/ActivityManager(  374): Unable to start service Intent { cmp=com.pekall.emdm.launcher/com.pekall.semail.service.AttachmentDownloadService } U=0: not found
05-20 11:17:30.346 I/PowerManagerService(  374): Going to sleep due to screen timeout...
05-20 11:17:31.510 W/InputMethodManagerService(  374): Window already focused, ignoring focus gain of: com.android.internal.view.IInputMethodClient$Stub$Proxy@42293b68 attribute=android.view.inputmethod.EditorInfo@42f99a58, token = android.os.BinderProxy@425c7a18
05-20 11:17:35.064 W/ActivityManager(  374): Timeout executing service: ServiceRecord{42d711c0 u0 com.pekall.emdm.launcher/com.baidu.location.f}
--------- beginning of /dev/log/main
05-20 11:17:41.056 I/dalvikvm(  561): threadid=3: reacting to signal 3
05-20 11:17:41.150 I/dalvikvm(  561): Wrote stack traces to '/data/anr/traces.txt'
05-20 11:17:41.150 I/Process (  374): Sending signal. PID: 568 SIG: 3
05-20 11:17:41.150 I/dalvikvm(  568): threadid=3: reacting to signal 3
05-20 11:17:41.150 I/PowerManagerService(  374): Waking up from sleep...
05-20 11:17:41.260 I/dalvikvm(  568): Wrote stack traces to '/data/anr/traces.txt'
05-20 11:17:41.510 D/PowerManagerService-JNI(  374): Excessive delay in autosuspend_disable() while turning screen on: 350ms
05-20 11:17:41.510 D/SurfaceFlinger(  124): Screen acquired, type=0 flinger=0x40e95478
05-20 11:17:41.736 I/dalvikvm(  448): Wrote stack traces to '/data/anr/traces.txt'
05-20 11:17:42.260 D/dalvikvm(  374): GC_EXPLICIT freed 1414K, 25% free 20852K/27544K, paused 21ms+32ms, total 284ms
05-20 11:17:42.697 I/AndroidRuntime(27965): VM exiting with result code 0.
05-20 11:17:42.939 I/Process (  374): Sending signal. PID: 26771 SIG: 3
05-20 11:17:42.939 I/dalvikvm(26771): threadid=3: reacting to signal 3
05-20 11:17:43.135 I/Process (  374): Sending signal. PID: 1661 SIG: 3
05-20 11:17:43.135 I/dalvikvm( 1661): threadid=3: reacting to signal 3
05-20 11:17:43.189 D/dalvikvm(26771): JIT unchain all for threadid=11
05-20 11:17:43.244 I/dalvikvm( 1661): Wrote stack traces to '/data/anr/traces.txt'
05-20 11:17:43.244 I/Process (  374): Sending signal. PID: 27405 SIG: 3
05-20 11:17:43.244 I/dalvikvm(27405): threadid=3: reacting to signal 3
05-20 11:17:43.299 I/dalvikvm(27405): Wrote stack traces to '/data/anr/traces.txt'
05-20 11:17:43.330 I/dalvikvm(26771): Wrote stack traces to '/data/anr/traces.txt'
05-20 11:17:43.330 E/ActivityManager(  374): ANR in com.pekall.emdm.launcher:remote
05-20 11:17:43.330 E/ActivityManager(  374): Reason: Executing service com.pekall.emdm.launcher/com.baidu.location.f
05-20 11:17:43.330 E/ActivityManager(  374): Load: 2.65 / 1.87 / 1.81
05-20 11:17:43.330 E/ActivityManager(  374): CPU usage from 3842ms to -8238ms ago:
05-20 11:17:43.330 E/ActivityManager(  374):   90% 26771/com.pekall.emdm.launcher: 84% user + 6.7% kernel / faults: 16150 minor
05-20 11:17:43.330 E/ActivityManager(  374):   72% 27982/com.pekall.emdm.launcher:remote: 71% user + 0.2% kernel / faults: 113 minor
05-20 11:17:43.330 E/ActivityManager(  374):   15% 374/system_server: 11% user + 3.8% kernel / faults: 420 minor
05-20 11:17:43.330 E/ActivityManager(  374):   3.8% 448/com.android.systemui: 3.1% user + 0.7% kernel / faults: 329 minor 1 major
05-20 11:17:43.330 E/ActivityManager(  374):   2.3% 1661/com.qihoo360.mobilesafe:GuardService: 1.9% user + 0.3% kernel / faults: 552 minor
05-20 11:17:43.330 E/ActivityManager(  374):   0.7% 124/surfaceflinger: 0.2% user + 0.4% kernel / faults: 1990 minor
05-20 11:17:43.330 E/ActivityManager(  374):   0.6% 561/com.android.phone: 0.3% user + 0.3% kernel / faults: 40 minor
05-20 11:17:43.330 E/ActivityManager(  374):   0.4% 135/adbd: 0% user + 0.4% kernel
05-20 11:17:43.330 E/ActivityManager(  374):   0% 568/com.android.nfc: 0% user + 0% kernel / faults: 46 minor
05-20 11:17:43.330 E/ActivityManager(  374):   0% 27405/com.google.android.apps.maps:GoogleLocationService: 0% user + 0% kernel / faults: 154 minor 2 major
05-20 11:17:43.330 E/ActivityManager(  374):   0.1% 10683/com.dragon.android.pandaspace: 0.1% user + 0% kernel / faults: 37 minor
05-20 11:17:43.330 E/ActivityManager(  374):   0.1% 24876/com.qihoo.appstore: 0% user + 0% kernel / faults: 9 minor
05-20 11:17:43.330 E/ActivityManager(  374):   0% 123/rild: 0% user + 0% kernel
05-20 11:17:43.330 E/ActivityManager(  374):   0% 531/com.google.android.inputmethod.latin: 0% user + 0% kernel
05-20 11:17:43.330 E/ActivityManager(  374):   0% 1468/com.qihoo.daemon: 0% user + 0% kernel / faults: 30 minor
05-20 11:17:43.330 E/ActivityManager(  374):   0% 4648/logcat: 0% user + 0% kernel
05-20 11:17:43.330 E/ActivityManager(  374):   0% 24939/kworker/0:2: 0% user + 0% kernel
05-20 11:17:43.330 E/ActivityManager(  374):   0% 26624/com.dragon.android.pandaspace:bdservice_v1: 0% user + 0% kernel / faults: 33 minor
05-20 11:17:43.330 E/ActivityManager(  374):   0% 26839/kworker/1:0: 0% user + 0% kernel
05-20 11:17:43.330 E/ActivityManager(  374):   0% 27476/kworker/u:1: 0% user + 0% kernel
05-20 11:17:43.330 E/ActivityManager(  374):   0% 27741/com.nd.assistance.ServerService: 0% user + 0% kernel / faults: 2 minor
05-20 11:17:43.330 E/ActivityManager(  374):   0% 27903/kworker/u:3: 0% user + 0% kernel
05-20 11:17:43.330 E/ActivityManager(  374):   0% 27907/logcat: 0% user + 0% kernel
05-20 11:17:43.330 E/ActivityManager(  374):  +0% 28014/flush-0:20: 0% user + 0% kernel
05-20 11:17:43.330 E/ActivityManager(  374): 99% TOTAL: 92% user + 7.2% kernel
05-20 11:17:43.330 E/ActivityManager(  374): CPU usage from 7204ms to 7792ms later with 99% awake:
05-20 11:17:43.330 E/ActivityManager(  374):   59% 27982/com.pekall.emdm.launcher:remote: 59% user + 0% kernel
05-20 11:17:43.330 E/ActivityManager(  374):     57% 27995/Thread-1248: 57% user + 0% kernel
05-20 11:17:43.330 E/ActivityManager(  374):   55% 26771/com.pekall.emdm.launcher: 55% user + 0% kernel
05-20 11:17:43.330 E/ActivityManager(  374):     55% 26784/Thread-1176: 55% user + 0% kernel
05-20 11:17:43.330 E/ActivityManager(  374):   10% 374/system_server: 5.1% user + 5.1% kernel / faults: 2 minor
05-20 11:17:43.330 E/ActivityManager(  374):     6.8% 390/ActivityManager: 0% user + 6.8% kernel
05-20 11:17:43.330 E/ActivityManager(  374):     1.7% 602/Binder_6: 1.7% user + 0% kernel
05-20 11:17:43.330 E/ActivityManager(  374):   1.4% 561/com.android.phone: 1.4% user + 0% kernel / faults: 3 minor
05-20 11:17:43.330 E/ActivityManager(  374):     0.7% 561/m.android.phone: 0.7% user + 0% kernel
05-20 11:17:43.330 E/ActivityManager(  374):   0.6% 123/rild: 0.6% user + 0% kernel
05-20 11:17:43.330 E/ActivityManager(  374):   0.7% 1661/com.qihoo360.mobilesafe:GuardService: 0.7% user + 0% kernel / faults: 15 minor
05-20 11:17:43.330 E/ActivityManager(  374):     0.7% 1665/Compiler: 0% user + 0.7% kernel
05-20 11:17:43.330 E/ActivityManager(  374):     0.7% 4735/Binder_6: 0.7% user + 0% kernel
05-20 11:17:43.330 E/ActivityManager(  374):   0.9% 27405/com.google.android.apps.maps:GoogleLocationService: 0% user + 0.9% kernel / faults: 2 minor
05-20 11:17:43.330 E/ActivityManager(  374):     0.9% 27429/NetworkLocation: 0.9% user + 0% kernel
05-20 11:17:43.330 E/ActivityManager(  374):   1% 27476/kworker/u:1: 0% user + 1% kernel
05-20 11:17:43.330 E/ActivityManager(  374): 100% TOTAL: 94% user + 5.1% kernel
05-20 11:17:43.346 W/ActivityManager(  374): Killing ProcessRecord{426c8598 27982:com.pekall.emdm.launcher:remote/u0a10066}: background ANR
05-20 11:17:43.346 W/BroadcastQueue(  374): Timeout of broadcast BroadcastRecord{4320f9a0 u-1 android.intent.action.SCREEN_OFF} - receiver=android.os.BinderProxy@427e01f8, started 11571ms ago
05-20 11:17:43.346 W/BroadcastQueue(  374): Receiver during timeout: BroadcastFilter{427f3438 u0 ReceiverList{427ed590 27982 com.pekall.emdm.launcher:remote/10066/u0 remote:427e01f8}}
05-20 11:17:43.346 I/ActivityManager(  374): Skipping duplicate ANR: ProcessRecord{426c8598 27982:com.pekall.emdm.launcher:remote/u0a10066} Broadcast of Intent { act=android.intent.action.SCREEN_OFF flg=0x50000010 }
05-20 11:17:43.361 D/ExchangeService(26771): !!! EAS ExchangeService, onDestroy
05-20 11:17:43.361 I/ActivityManager(  374): Process com.pekall.emdm.launcher:remote (pid 27982) has died.
05-20 11:17:43.361 W/ActivityManager(  374): Scheduling restart of crashed service com.pekall.emdm.launcher/com.baidu.location.f in 5000ms
05-20 11:17:43.494 D/dalvikvm(  374): GC_FOR_ALLOC freed 1881K, 22% free 21484K/27544K, paused 72ms, total 73ms
05-20 11:17:43.525 V/KeyguardHostView(  374): hide transport, gen:1
05-20 11:17:43.525 V/KeyguardHostView(  374): music state changed: 0
05-20 11:17:43.541 D/PhoneStatusBar(  448): disable: < expand icons alerts ticker system_info back home RECENT* clock SEARCH* >
05-20 11:17:43.588 V/TAG     (  374): bug 7643792: fitSystemWindows([0,50][0,0])
05-20 11:17:43.658 D/dalvikvm(  448): GC_FOR_ALLOC freed 67K, 13% free 13946K/15944K, paused 25ms, total 26ms
05-20 11:17:43.658 I/dalvikvm-heap(  448): Grow heap (frag case) to 13.836MB for 186640-byte allocation
05-20 11:17:43.681 I/WindowManager(  374): Lock screen displayed!
05-20 11:17:43.705 D/dalvikvm(  448): GC_FOR_ALLOC freed 2K, 13% free 14127K/16128K, paused 47ms, total 47ms
05-20 11:17:43.752 W/Parcel  ( 1661): Attempt to read object from Parcel 0x5ec3bdac at offset 200 that is not in the object list
05-20 11:17:43.752 W/Parcel  ( 1661): Attempt to read object from Parcel 0x5dfd3dac at offset 200 that is not in the object list
05-20 11:17:43.783 D/PhoneStatusBar(  448): disable: < expand icons alerts ticker system_info BACK* HOME* RECENT CLOCK* SEARCH >
05-20 11:17:43.846 W/Settings( 1661): Setting airplane_mode_on has moved from android.provider.Settings.System to android.provider.Settings.Global, returning read-only value.
05-20 11:17:43.853 V/WiseDownloadConditionControler(10785): checkCondition  type : WISE_DOWNLOAD  inerrupting: true
05-20 11:17:43.853 V/DigitalWidgetViewsFactory(26417): DigitalWidget sets next alarm string to null
05-20 11:17:43.861 W/Parcel  ( 1661): Attempt to read object from Parcel 0x5ded3dac at offset 200 that is not in the object list
05-20 11:17:43.986 D/LightsService(  374): Excessive delay setting light: 236ms
05-20 11:17:46.408 D/MDM :   (26771): [null:-1]->Location timeout, set latitude and longitude -1
05-20 11:17:46.408 D/CommandManager(26771): [null:-1]->requestType: Location
05-20 11:17:46.424 D/MdmDatabaseHelper(26771): [null:-1]->update command 1b65d463-5f5d-4dfd-9f88-29b832e7411c to commandStatus <?xml version="1.0" encoding="UTF-8"?>
05-20 11:17:46.424 D/MdmDatabaseHelper(26771): <!DOCTYPE plist PUBLIC "-//Apple//DTD PLIST 1.0//EN" "http://www.apple.com/DTDs/PropertyList-1.0.dtd">
05-20 11:17:46.424 D/MdmDatabaseHelper(26771): <plist version="1.0">
05-20 11:17:46.424 D/MdmDatabaseHelper(26771): <dict>
05-20 11:17:46.424 D/MdmDatabaseHelper(26771): 	<key>Latitude</key>
05-20 11:17:46.424 D/MdmDatabaseHelper(26771): 	<real>-1.0</real>
05-20 11:17:46.424 D/MdmDatabaseHelper(26771): 	<key>Longitude</key>
05-20 11:17:46.424 D/MdmDatabaseHelper(26771): 	<real>-1.0</real>
05-20 11:17:46.424 D/MdmDatabaseHelper(26771): 	<key>CommandUUID</key>
05-20 11:17:46.424 D/MdmDatabaseHelper(26771): 	<string>1b65d463-5f5d-4dfd-9f88-29b832e7411c</string>
05-20 11:17:46.424 D/MdmDatabaseHelper(26771): 	<key>Status</key>
05-20 11:17:46.424 D/MdmDatabaseHelper(26771): 	<string>Error</string>
05-20 11:17:46.424 D/MdmDatabaseHelper(26771): 	<key>UDID</key>
05-20 11:17:46.424 D/MdmDatabaseHelper(26771): 	<string>00013fbc8ecec5b90000014613abe64a</string>
05-20 11:17:46.424 D/MdmDatabaseHelper(26771): </dict>
05-20 11:17:46.424 D/MdmDatabaseHelper(26771): </plist>
05-20 11:17:46.455 I/TransInfo(26771): TransInfo created, id: 3, class: class com.pekall.emdm.transaction.c.b
05-20 11:17:46.463 D/NetworkThread(26771): [null:-1]->----isRunning-----true
05-20 11:17:46.463 D/NetworkThread(26771): [null:-1]->----isRunning-----true
05-20 11:17:46.463 D/NetworkThread(26771): [null:-1]->thread wakeup
05-20 11:17:46.463 D/NetworkThread(26771): [null:-1]->sendHttpPost:PostRequest, url: http://192.168.10.21/rest/mdm/v1/ios/android_server, Params: [content:<?xml version="1.0" encoding="UTF-8"?>
05-20 11:17:46.463 D/NetworkThread(26771): <!DOCTYPE plist PUBLIC "-//Apple//DTD PLIST 1.0//EN" "http://www.apple.com/DTDs/PropertyList-1.0.dtd">
05-20 11:17:46.463 D/NetworkThread(26771): <plist version="1.0">
05-20 11:17:46.463 D/NetworkThread(26771): <dict>
05-20 11:17:46.463 D/NetworkThread(26771): 	<key>Latitude</key>
05-20 11:17:46.463 D/NetworkThread(26771): 	<real>-1.0</real>
05-20 11:17:46.463 D/NetworkThread(26771): 	<key>Longitude</key>
05-20 11:17:46.463 D/NetworkThread(26771): 	<real>-1.0</real>
05-20 11:17:46.463 D/NetworkThread(26771): 	<key>CommandUUID</key>
05-20 11:17:46.463 D/NetworkThread(26771): 	<string>1b65d463-5f5d-4dfd-9f88-29b832e7411c</string>
05-20 11:17:46.463 D/NetworkThread(26771): 	<key>Status</key>
05-20 11:17:46.463 D/NetworkThread(26771): 	<string>Error</string>
05-20 11:17:46.463 D/NetworkThread(26771): 	<key>UDID</key>
05-20 11:17:46.463 D/NetworkThread(26771): 	<string>00013fbc8ecec5b90000014613abe64a</string>
05-20 11:17:46.463 D/NetworkThread(26771): </dict>
05-20 11:17:46.463 D/NetworkThread(26771): </plist>], 
05-20 11:17:46.463 D/HttpClient(26771): enable apache.http debug
05-20 11:17:46.471 V/DEBUG   (26771): HTTP 0
05-20 11:17:46.713 D/dalvikvm( 1661): GC_EXPLICIT freed 520K, 18% free 13105K/15888K, paused 3ms+4ms, total 59ms
05-20 11:17:46.822 D/MDM :   (26771): [null:-1]->statusCode : 200
05-20 11:17:46.822 D/MDM :   (26771): [null:-1]->statusCode : 200
05-20 11:17:46.822 V/DEBUG   (26771): HTTP 1
05-20 11:17:46.830 D/MDM :   (26771): [null:-1]->Get joson string: 
05-20 11:17:46.830 D/MdmDatabaseHelper(26771): [null:-1]->update command 1b65d463-5f5d-4dfd-9f88-29b832e7411c to status executed
05-20 11:17:46.853 D/NetworkThread(26771): [null:-1]->clear mCurrentTransInfo
05-20 11:17:46.853 D/NetworkThread(26771): [null:-1]->queue is empty, thread wait...
05-20 11:17:46.924 D/MdmService(26771): [null:-1]->handleCheckInResult
05-20 11:17:46.924 D/MdmService(26771): [null:-1]->handleCheckInResult result keyIndex: 3
05-20 11:17:46.931 D/HandleCommandTask(26771): [null:-1]->execute command msg but beanBase is null
05-20 11:17:46.931 D/MdmStatusManager(26771): [null:-1]->change status to : Idle
05-20 11:17:48.369 I/ActivityManager(  374): Start proc com.pekall.emdm.launcher:remote for service com.pekall.emdm.launcher/com.baidu.location.f: pid=28030 uid=10066 gids={50066, 1015, 3002, 3001, 3003, 1028}
05-20 11:17:48.377 D/dalvikvm(28030): Late-enabling CheckJNI
05-20 11:17:48.408 V/MyServiceConnection(28030): [SConnection] sandbox service is NOT installed.
05-20 11:17:48.408 V/MyServiceConnection(28030): [SConnection] binding service: pekall.intent.action.SANDBOX_SERVICE
05-20 11:17:48.416 D/ScClassLoader(28030): >> SOURCE FILE: /data/data/com.pekall.emdm.launcher/app_jars/sc-jdk15on-1.47.0.2.dex.jar
05-20 11:17:48.455 D/dalvikvm(28030): GC_CONCURRENT freed 152K, 3% free 9280K/9472K, paused 3ms+1ms, total 29ms
05-20 11:17:48.455 D/dalvikvm(28030): WAIT_FOR_CONCURRENT_GC blocked 3ms
05-20 11:17:48.471 W/Parcel  ( 1661): Attempt to read object from Parcel 0x6003bdac at offset 200 that is not in the object list
05-20 11:17:48.471 W/Parcel  ( 1661): Attempt to read object from Parcel 0x5ef3bdac at offset 200 that is not in the object list
05-20 11:17:48.471 D/Email   (28030): Email: init sandbox at the beginning.
05-20 11:17:48.471 V/MyServiceConnection(28030): [SConnection] retry to bind service
05-20 11:17:48.471 V/MyServiceConnection(28030): [SConnection] sandbox service is NOT installed.
05-20 11:17:48.471 V/MyServiceConnection(28030): [SConnection] binding service: pekall.intent.action.SANDBOX_SERVICE
05-20 11:17:48.478 V/MyServiceConnection(28030): [SConnection] retry to bind service
05-20 11:17:48.478 V/MyServiceConnection(28030): [SConnection] sandbox service is NOT installed.
05-20 11:17:48.478 V/MyServiceConnection(28030): [SConnection] binding service: pekall.intent.action.SANDBOX_SERVICE
05-20 11:17:48.517 V/l       (28030): Bind requested for task setLogging
05-20 11:17:48.525 D/ExchangeService(26771): !!! EAS ExchangeService, onCreate
05-20 11:17:48.525 W/Parcel  ( 1661): Attempt to read object from Parcel 0x5ec3bdac at offset 200 that is not in the object list
05-20 11:17:48.525 D/ExchangeService(26771): !!! EAS ExchangeService, onStartCommand, startingUp = false, running = false
05-20 11:17:48.525 D/ExchangeService(26771): to start secureStorageService now
05-20 11:17:48.533 D/dalvikvm(28030): GC_CONCURRENT freed 237K, 3% free 9556K/9832K, paused 2ms+3ms, total 34ms
05-20 11:17:48.533 D/dalvikvm(28030): WAIT_FOR_CONCURRENT_GC blocked 16ms
05-20 11:17:48.533 D/dalvikvm(28030): WAIT_FOR_CONCURRENT_GC blocked 5ms
05-20 11:17:48.666 W/DocumentManager(28030): Sandbox service is not connected.
05-20 11:17:48.666 D/MessageControllerImpl(28030): controller is null
05-20 11:17:48.666 V/MyServiceConnection(28030): [SConnection] retry to bind service
05-20 11:17:48.666 V/MyServiceConnection(28030): [SConnection] sandbox service is NOT installed.
05-20 11:17:48.666 V/MyServiceConnection(28030): [SConnection] binding service: pekall.intent.action.SANDBOX_SERVICE
05-20 11:17:48.666 W/SQLiteOpenHelper(28030): Opened /data/data/com.pekall.emdm.launcher/databases/message.db
05-20 11:17:48.666 W/dalvikvm(28030): No implementation found for native Lcom/pekall/sandbox/database/sqlite/SQLiteDatabase;.native_setSqliteSoftHeapLimit:(I)V
05-20 11:17:48.666 D/AndroidRuntime(28030): Shutting down VM
05-20 11:17:48.666 W/dalvikvm(28030): threadid=1: thread exiting with uncaught exception (group=0x419c8700)
05-20 11:17:48.666 D/        (28030): [---null: -1---]  Thread is main
05-20 11:17:48.666 W/System.err(28030): java.lang.UnsatisfiedLinkError: Native method not found: com.pekall.sandbox.database.sqlite.SQLiteDatabase.native_setSqliteSoftHeapLimit:(I)V
05-20 11:17:48.666 W/System.err(28030): 	at com.pekall.sandbox.database.sqlite.SQLiteDatabase.native_setSqliteSoftHeapLimit(Native Method)
05-20 11:17:48.666 W/System.err(28030): 	at com.pekall.sandbox.database.sqlite.SQLiteDatabase.<init>(Unknown Source)
05-20 11:17:48.666 W/System.err(28030): 	at com.pekall.sandbox.database.sqlite.SQLiteDatabase.openDatabase(Unknown Source)
05-20 11:17:48.666 W/System.err(28030): 	at com.pekall.sandbox.database.sqlite.SQLiteDatabase.openDatabase(Unknown Source)
05-20 11:17:48.666 W/System.err(28030): 	at com.pekall.sandbox.database.sqlite.SQLiteDatabase.openDatabase(Unknown Source)
05-20 11:17:48.666 W/System.err(28030): 	at com.pekall.sandbox.database.sqlite.SQLiteOpenHelper.getWritableDatabase(Unknown Source)
05-20 11:17:48.666 W/System.err(28030): 	at com.pekall.emdm.messagecenter.db.a.a(Unknown Source)
05-20 11:17:48.666 W/System.err(28030): 	at com.pekall.emdm.messagecenter.db.a.b(Unknown Source)
05-20 11:17:48.666 W/System.err(28030): 	at com.pekall.emdm.messagecenter.activity.a.onCreate(Unknown Source)
05-20 11:17:48.666 W/System.err(28030): 	at com.pekall.emdm.launcher.LauncherApplication.onCreate(Unknown Source)
05-20 11:17:48.666 W/System.err(28030): 	at android.app.Instrumentation.callApplicationOnCreate(Instrumentation.java:1007)
05-20 11:17:48.666 W/System.err(28030): 	at android.app.ActivityThread.handleBindApplication(ActivityThread.java:4444)
05-20 11:17:48.666 W/System.err(28030): 	at android.app.ActivityThread.access$1300(ActivityThread.java:141)
05-20 11:17:48.666 W/System.err(28030): 	at android.app.ActivityThread$H.handleMessage(ActivityThread.java:1316)
05-20 11:17:48.666 W/System.err(28030): 	at android.os.Handler.dispatchMessage(Handler.java:99)
05-20 11:17:48.666 W/System.err(28030): 	at android.os.Looper.loop(Looper.java:137)
05-20 11:17:48.666 W/System.err(28030): 	at android.app.ActivityThread.main(ActivityThread.java:5103)
05-20 11:17:48.666 W/System.err(28030): 	at java.lang.reflect.Method.invokeNative(Native Method)
05-20 11:17:48.666 W/System.err(28030): 	at java.lang.reflect.Method.invoke(Method.java:525)
05-20 11:17:48.666 W/System.err(28030): 	at com.android.internal.os.ZygoteInit$MethodAndArgsCaller.run(ZygoteInit.java:737)
05-20 11:17:48.666 W/System.err(28030): 	at com.android.internal.os.ZygoteInit.main(ZygoteInit.java:553)
05-20 11:17:48.666 W/System.err(28030): 	at dalvik.system.NativeStart.main(Native Method)
05-20 11:17:48.697 D/ActivityThread(28030): Loading provider com.pekall.semail.provider;com.pekall.semail.notifier: com.pekall.semail.provider.EmailProvider
05-20 11:17:48.736 V/a       (26771): Bind requested for task test
05-20 11:17:48.767 V/a       (26771): Connected: com.pekall.semail.service.AccountServiceInternal
05-20 11:17:48.783 V/a       (26771): Connection test succeeded in 46ms
05-20 11:17:48.783 V/a       (26771): Task test completed; disconnecting
05-20 11:17:48.885 D/ExchangeService(26771): Reconciling accounts...
05-20 11:17:48.916 V/a       (26771): Bind requested for task reconcileAccounts
05-20 11:17:48.931 D/ActivityThread(28030): Loading provider com.pekall.semail.provider;com.pekall.semail.notifier: com.pekall.semail.provider.EmailProvider
05-20 11:17:48.978 V/a       (26771): Connected: com.pekall.semail.service.AccountServiceInternal
05-20 11:17:48.994 V/a       (26771): Task reconcileAccounts completed; disconnecting
05-20 11:17:49.189 V/a       (26771): Waiting for task reconcileAccounts to complete...
05-20 11:17:49.306 D/dalvikvm(28030): GC_CONCURRENT freed 468K, 6% free 9496K/10008K, paused 3ms+3ms, total 49ms
05-20 11:17:49.377 W/EmailProvider(28030): restoreIfNeeded...
05-20 11:17:49.799 D/EmailProvider(28030): restoreAccounts...
05-20 11:17:50.267 D/EmailProvider(28030): No accounts to restore...
05-20 11:17:50.267 D/EmailProvider(28030): Deleting orphans...
05-20 11:17:50.322 D/EmailProvider(28030): EmailProvider pre-caching...
05-20 11:17:50.494 D/EmailProvider(28030): EmailProvider ready.
05-20 11:17:50.564 I/Email   (28030): Notifications being toggled: false
05-20 11:17:50.564 W/ActivityManager(  374): Unable to start service Intent { cmp=com.pekall.emdm.launcher/com.pekall.semail.service.AttachmentDownloadService } U=0: not found
05-20 11:17:57.525 W/MountService(  374): getVolumeState(/storage/emulated/0/external_sd): Unknown volume
05-20 11:17:57.525 W/MountService(  374): getVolumeState(/mnt/sdcard-ext): Unknown volume
05-20 11:17:57.525 W/MountService(  374): getVolumeState(/mnt/ext_sdcard): Unknown volume
05-20 11:17:57.525 W/MountService(  374): getVolumeState(/mnt/sdcard2): Unknown volume
05-20 11:17:57.580 W/MountService(  374): getVolumeState(/mnt/emmc): Unknown volume
05-20 11:17:57.580 W/MountService(  374): getVolumeState(/mnt/extSdCard): Unknown volume
05-20 11:17:57.596 W/MountService(  374): getVolumeState(/mnt/sdcard/SD_CARD): Unknown volume
05-20 11:17:57.596 W/MountService(  374): getVolumeState(/mnt/sdcard/extra_sd): Unknown volume
05-20 11:17:57.596 W/MountService(  374): getVolumeState(/mnt/extrasd_bind): Unknown volume
05-20 11:17:57.596 W/MountService(  374): getVolumeState(/mnt/sdcard/ext_sd): Unknown volume
05-20 11:17:57.650 W/MountService(  374): getVolumeState(/storage/extSdCard): Unknown volume
05-20 11:17:57.650 W/MountService(  374): getVolumeState(/storage/sdcard1): Unknown volume
05-20 11:17:57.666 W/MountService(  374): getVolumeState(/mnt/sdcard/external_SD): Unknown volume
05-20 11:17:57.799 W/MountService(  374): getVolumeState(/mnt/sdcard/external_sd): Unknown volume
05-20 11:17:58.838 D/dalvikvm( 1468): GC_CONCURRENT freed 502K, 21% free 9652K/12104K, paused 18ms+451ms, total 1157ms
05-20 11:18:00.721 W/MountService(  374): getVolumeState(/storage/emulated/0/external_sd): Unknown volume
05-20 11:18:00.721 W/MountService(  374): getVolumeState(/mnt/sdcard-ext): Unknown volume
05-20 11:18:00.736 W/MountService(  374): getVolumeState(/mnt/ext_sdcard): Unknown volume
05-20 11:18:00.736 W/MountService(  374): getVolumeState(/mnt/sdcard2): Unknown volume
05-20 11:18:01.306 D/dalvikvm( 1468): GC_CONCURRENT freed 545K, 21% free 9618K/12104K, paused 170ms+3ms, total 909ms
05-20 11:18:01.306 D/dalvikvm( 1468): WAIT_FOR_CONCURRENT_GC blocked 544ms
05-20 11:18:01.306 D/dalvikvm( 1468): WAIT_FOR_CONCURRENT_GC blocked 531ms
05-20 11:18:01.306 W/MountService(  374): getVolumeState(/mnt/emmc): Unknown volume
05-20 11:18:01.330 W/MountService(  374): getVolumeState(/mnt/extSdCard): Unknown volume
05-20 11:18:01.330 W/MountService(  374): getVolumeState(/mnt/sdcard/SD_CARD): Unknown volume
05-20 11:18:01.377 W/MountService(  374): getVolumeState(/mnt/sdcard/extra_sd): Unknown volume
05-20 11:18:01.392 W/MountService(  374): getVolumeState(/mnt/extrasd_bind): Unknown volume
05-20 11:18:01.408 W/MountService(  374): getVolumeState(/mnt/sdcard/ext_sd): Unknown volume
05-20 11:18:01.416 W/MountService(  374): getVolumeState(/storage/extSdCard): Unknown volume
05-20 11:18:01.431 W/MountService(  374): getVolumeState(/storage/sdcard1): Unknown volume
05-20 11:18:01.431 W/MountService(  374): getVolumeState(/mnt/sdcard/external_SD): Unknown volume
05-20 11:18:01.463 W/MountService(  374): getVolumeState(/mnt/sdcard/external_sd): Unknown volume
05-20 11:18:01.721 V/WiseDownloadConditionControler(10785): checkCondition  type : WISE_DOWNLOAD  inerrupting: true
05-20 11:18:01.924 W/Parcel  ( 1661): Attempt to read object from Parcel 0x6003bdac at offset 200 that is not in the object list
05-20 11:18:02.221 W/Parcel  ( 1661): Attempt to read object from Parcel 0x5ef3bdac at offset 200 that is not in the object list
05-20 11:18:07.650 D/LightsService(  374): Excessive delay setting light: 68ms
05-20 11:18:08.392 W/ActivityManager(  374): Timeout executing service: ServiceRecord{42d711c0 u0 com.pekall.emdm.launcher/com.baidu.location.f}
05-20 11:18:08.400 I/Process (  374): Sending signal. PID: 28030 SIG: 3
05-20 11:18:08.400 I/dalvikvm(28030): threadid=3: reacting to signal 3
05-20 11:18:08.596 I/Process (  374): Sending signal. PID: 374 SIG: 3
05-20 11:18:08.596 I/dalvikvm(  374): threadid=3: reacting to signal 3
05-20 11:18:08.650 D/dalvikvm(28030): JIT unchain all for threadid=12
05-20 11:18:08.681 I/dalvikvm(28030): Wrote stack traces to '/data/anr/traces.txt'
05-20 11:18:10.642 I/dalvikvm(  374): Wrote stack traces to '/data/anr/traces.txt'
05-20 11:18:10.642 I/Process (  374): Sending signal. PID: 448 SIG: 3
05-20 11:18:10.642 I/dalvikvm(  448): threadid=3: reacting to signal 3
05-20 11:18:10.650 I/Process (  374): Sending signal. PID: 561 SIG: 3
05-20 11:18:10.650 I/dalvikvm(  561): threadid=3: reacting to signal 3
05-20 11:18:10.705 I/dalvikvm(  561): Wrote stack traces to '/data/anr/traces.txt'
05-20 11:18:10.705 I/Process (  374): Sending signal. PID: 568 SIG: 3
05-20 11:18:10.705 I/dalvikvm(  568): threadid=3: reacting to signal 3
05-20 11:18:10.744 I/dalvikvm(  568): Wrote stack traces to '/data/anr/traces.txt'
05-20 11:18:10.892 I/dalvikvm(  448): Wrote stack traces to '/data/anr/traces.txt'
05-20 11:18:11.181 D/dalvikvm(  374): GC_EXPLICIT freed 2164K, 20% free 22277K/27544K, paused 3ms+9ms, total 94ms
05-20 11:18:11.752 I/Process (  374): Sending signal. PID: 26771 SIG: 3
05-20 11:18:11.752 I/dalvikvm(26771): threadid=3: reacting to signal 3
05-20 11:18:11.978 E/ActivityManager(  374): ANR in com.pekall.emdm.launcher:remote
05-20 11:18:11.978 E/ActivityManager(  374): Reason: Executing service com.pekall.emdm.launcher/com.baidu.location.f
05-20 11:18:11.978 E/ActivityManager(  374): Load: 2.85 / 2.0 / 1.85
05-20 11:18:11.978 E/ActivityManager(  374): CPU usage from 3396ms to -3557ms ago with 99% awake:
05-20 11:18:11.978 E/ActivityManager(  374):   89% 28030/com.pekall.emdm.launcher:remote: 88% user + 0.7% kernel / faults: 119 minor
05-20 11:18:11.978 E/ActivityManager(  374):   88% 26771/com.pekall.emdm.launcher: 88% user + 0% kernel
05-20 11:18:11.978 E/ActivityManager(  374):   14% 374/system_server: 11% user + 3.4% kernel / faults: 372 minor
05-20 11:18:11.978 E/ActivityManager(  374):   2.4% 448/com.android.systemui: 2% user + 0.4% kernel / faults: 28 minor
05-20 11:18:11.978 E/ActivityManager(  374):   1.1% 124/surfaceflinger: 0.7% user + 0.4% kernel
05-20 11:18:11.978 E/ActivityManager(  374):   0.5% 510/com.android.phasebeam: 0.2% user + 0.2% kernel
05-20 11:18:11.978 E/ActivityManager(  374):   0.1% 561/com.android.phone: 0.1% user + 0% kernel / faults: 42 minor
05-20 11:18:11.978 E/ActivityManager(  374):   0.1% 568/com.android.nfc: 0% user + 0% kernel / faults: 30 minor
05-20 11:18:11.978 E/ActivityManager(  374):   0.4% 24939/kworker/0:2: 0% user + 0.4% kernel
05-20 11:18:11.978 E/ActivityManager(  374):   0.4% 27839/kworker/u:0: 0% user + 0.4% kernel
05-20 11:18:11.978 E/ActivityManager(  374):   0.4% 27903/kworker/u:3: 0% user + 0.4% kernel
05-20 11:18:11.978 E/ActivityManager(  374):   0.2% 121/netd: 0.1% user + 0.1% kernel
05-20 11:18:11.978 E/ActivityManager(  374):   0.2% 24876/com.qihoo.appstore: 0.1% user + 0.1% kernel / faults: 2 minor
05-20 11:18:11.978 E/ActivityManager(  374):   0.2% 27476/kworker/u:1: 0% user + 0.2% kernel
05-20 11:18:11.978 E/ActivityManager(  374):   0.1% 95/ueventd: 0.1% user + 0% kernel
05-20 11:18:11.978 E/ActivityManager(  374):   0.1% 117/vold: 0% user + 0.1% kernel
05-20 11:18:11.978 E/ActivityManager(  374):   0.1% 1468/com.qihoo.daemon: 0.1% user + 0% kernel
05-20 11:18:11.978 E/ActivityManager(  374):   0.1% 1661/com.qihoo360.mobilesafe:GuardService: 0.1% user + 0% kernel / faults: 8 minor
05-20 11:18:11.978 E/ActivityManager(  374):   0% 27405/com.google.android.apps.maps:GoogleLocationService: 0% user + 0% kernel / faults: 21 minor
05-20 11:18:11.978 E/ActivityManager(  374): 100% TOTAL: 96% user + 3.8% kernel
05-20 11:18:11.978 E/ActivityManager(  374): CPU usage from 2793ms to 3319ms later:
