05-20 11:25:30.221 I/System.out(26771): [cjx]iv:[112, 101, 107, 97, 108, 108, 50, 48, 49, 52, 97, 101, 115, 99, 106, 120, 112, 101, 107, 97, 108, 108, 50, 48, 49, 52, 97, 101, 115, 99, 106, 120]
05-20 11:25:30.221 I/System.out(26771): [cjx]secret:[-94, 35, 21, 34, 6, -61, -108, -46, 6, 56, -82, 111, 24, -59, 0, -21, 43, -46, -16, 27, -76, 52, 9, 117, -69, 64, 55, -122, -120, -69, -38, 9]
05-20 11:25:30.228 I/System.out(26771): [cjx]successfully store userID:[B@42bc6d38
05-20 11:25:30.228 I/System.out(26771): [cjx]blockSize:32
05-20 11:25:30.228 I/System.out(26771): [cjx]iv:[112, 101, 107, 97, 108, 108, 50, 48, 49, 52, 97, 101, 115, 99, 106, 120, 112, 101, 107, 97, 108, 108, 50, 48, 49, 52, 97, 101, 115, 99, 106, 120]
05-20 11:25:30.228 I/System.out(26771): [cjx]secret:[-94, 35, 21, 34, 6, -61, -108, -46, 6, 56, -82, 111, 24, -59, 0, -21, 43, -46, -16, 27, -76, 52, 9, 117, -69, 64, 55, -122, -120, -69, -38, 9]
05-20 11:25:30.228 I/System.out(26771): [cjx]successfully store DEK.
05-20 11:25:30.228 D/NetworkThread(26771): [null:-1]->clear mCurrentTransInfo
05-20 11:25:30.228 D/NetworkThread(26771): [null:-1]->queue is empty, thread wait...
05-20 11:25:30.338 D/MDM :   (26771): [null:-1]->handleMessage
05-20 11:25:30.377 I/TransInfo(26771): TransInfo created, id: 8, class: class com.pekall.emdm.transaction.c.a
05-20 11:25:30.377 D/NetworkThread(26771): [null:-1]->----isRunning-----true
05-20 11:25:30.377 D/NetworkThread(26771): [null:-1]->----isRunning-----true
05-20 11:25:30.377 D/NetworkThread(26771): [null:-1]->thread wakeup
05-20 11:25:30.424 D/NetworkThread(26771): [null:-1]->sendHttpPost:PostRequest, url: http://192.168.10.21/rest/mdm/v1/device/check_device, Params: [mac:20:64:32:7a:19:48][imei:351554059027897][ios_uuid:00013fbc8ecec5b90000014613abe64a][os:51201], 
05-20 11:25:30.424 D/HttpClient(26771): enable apache.http debug
05-20 11:25:30.431 V/DEBUG   (26771): HTTP 0
05-20 11:25:30.869 D/MDM :   (26771): [null:-1]->statusCode : 200
05-20 11:25:30.869 D/MDM :   (26771): [null:-1]->statusCode : 200
05-20 11:25:30.869 V/DEBUG   (26771): HTTP 1
05-20 11:25:30.869 D/MDM :   (26771): [null:-1]->read network input stream
05-20 11:25:30.869 D/MDM :   (26771): [null:-1]->Get joson string: {"result":0,"deviceInfo":{"language":null,"id":449,"type":50701,"productName":"yakju","status":50001,"mac":"20:64:32:7a:19:48","comId":1,"userId":1134,"os":51201,"updateTime":1400555847000,"deviceDetail":null,"createTime":1397813424000,"deviceUuid":"00013fbc8ecec5b90000014613abe64a","sn":"","model":"Galaxy Nexus","iosUdid":"00013fbc8ecec5b90000014613abe64a","lastCheckin":1400556291000,"securityInfo":"{\"HardwareEncryptionCaps\":0,\"PasscodePresent\":false,\"PasscodeCompliant\":false,\"PasscodeCompliantWithProfiles\":true}","imei":"351554059027897","labelNames":null,"mdmUserInfo":null,"connect":1,"dvId":10435,"isRoot":null,"isPrison":null,"groupCount":0,"new":false}}
05-20 11:25:30.877 D/NetworkThread(26771): [null:-1]->clear mCurrentTransInfo
05-20 11:25:30.877 D/NetworkThread(26771): [null:-1]->queue is empty, thread wait...
05-20 11:25:30.978 D/MDM :   (26771): [null:-1]->handleMessage
05-20 11:25:30.986 I/TransInfo(26771): TransInfo created, id: 2, class: class com.pekall.emdm.transaction.c.g
05-20 11:25:30.986 D/NetworkThread(26771): [null:-1]->----isRunning-----true
05-20 11:25:30.986 D/NetworkThread(26771): [null:-1]->----isRunning-----true
05-20 11:25:30.986 D/NetworkThread(26771): [null:-1]->thread wakeup
05-20 11:25:30.994 D/NetworkThread(26771): [null:-1]->sendHttpPost:PostRequest, url: http://192.168.10.21/rest/mdm/v1/device/register_device, Params: [device_uuid:00013fbc8ecec5b90000014613abe64a][os:51201][device_type:50701][dv_id:10435][sn:][mac:20:64:32:7a:19:48][imei:351554059027897], 
05-20 11:25:30.994 D/HttpClient(26771): enable apache.http debug
05-20 11:25:31.002 V/DEBUG   (26771): HTTP 0
05-20 11:25:31.510 D/MDM :   (26771): [null:-1]->MSG_WEBSOCKET_MESSAGE : {"id":-1156060985,"type":0,"command":0,"result":0,"reason":0,"params":{"msgId":"57e284a4-6857-4462-9dec-12c068ea6d6b,57e284a4685744629dec12c068ea6d6b","device":"00013fbc8ecec5b90000014613abe64a","message":"{\"cmd\":\"10119\"}"}}
05-20 11:25:31.517 D/MdmService(26771): [null:-1]->push message type :0
05-20 11:25:31.517 D/MdmService(26771): [null:-1]->cmdMessage : {"cmd":"10119"}
05-20 11:25:31.517 D/MdmService(26771): [null:-1]->command : PushCommandMsg{cmd='10119', msg='null'}
05-20 11:25:31.517 D/MdmStatusManager(26771): [null:-1]->change status to : Busy
05-20 11:25:31.525 I/TransInfo(26771): TransInfo created, id: 3, class: class com.pekall.emdm.transaction.c.b
05-20 11:25:31.525 D/NetworkThread(26771): [null:-1]->----isRunning-----true
05-20 11:25:31.666 D/MDM :   (26771): [null:-1]->MSG_WEBSOCKET_MESSAGE : {"id":-544803439,"type":0,"command":0,"result":0,"reason":0,"params":{"msgId":"6b27aee2-bf3d-4212-84c8-be5690ab247c,6b27aee2bf3d421284c8be5690ab247c","device":"00013fbc8ecec5b90000014613abe64a","message":"{\"cmd\":\"10119\"}"}}
05-20 11:25:31.674 D/MdmService(26771): [null:-1]->push message type :0
05-20 11:25:31.674 D/MdmService(26771): [null:-1]->cmdMessage : {"cmd":"10119"}
05-20 11:25:31.674 D/MdmService(26771): [null:-1]->command : PushCommandMsg{cmd='10119', msg='null'}
05-20 11:25:31.681 D/MdmService(26771): [null:-1]->MdmStatusManager is busy , wait......
05-20 11:25:31.838 D/MDM :   (26771): [null:-1]->MSG_WEBSOCKET_MESSAGE : {"id":373454302,"type":0,"command":0,"result":0,"reason":0,"params":{"msgId":"3b4f83be-edc2-438c-906c-6267155060b6,3b4f83beedc2438c906c6267155060b6","device":"00013fbc8ecec5b90000014613abe64a","message":"{\"cmd\":\"10119\"}"}}
05-20 11:25:31.846 D/MdmService(26771): [null:-1]->push message type :0
05-20 11:25:31.846 D/MdmService(26771): [null:-1]->cmdMessage : {"cmd":"10119"}
05-20 11:25:31.846 D/MdmService(26771): [null:-1]->command : PushCommandMsg{cmd='10119', msg='null'}
05-20 11:25:31.846 D/MdmService(26771): [null:-1]->MdmStatusManager is busy , wait......
05-20 11:25:31.892 D/MDM :   (26771): [null:-1]->statusCode : 200
05-20 11:25:31.892 D/MDM :   (26771): [null:-1]->statusCode : 200
05-20 11:25:31.892 V/DEBUG   (26771): HTTP 1
05-20 11:25:31.892 D/MDM :   (26771): [null:-1]->read network input stream
05-20 11:25:31.892 D/MDM :   (26771): [null:-1]->Get joson string: {"result":0,"loginInfo":{"mdmPushServerInfoVo":{"id":0,"port":9090,"count":123,"ip":"test.mdm.everknow.cn","pushToken":"123456"},"profileUrl":null}}
05-20 11:25:31.916 W/Parcel  ( 1661): Attempt to read object from Parcel 0x5ded3dac at offset 200 that is not in the object list
05-20 11:25:31.916 D/NetworkThread(26771): [null:-1]->clear mCurrentTransInfo
05-20 11:25:31.931 D/MdmService(26771): [null:-1]->receiver action :com.pekall.mdm.action.MDM_REGISTERED
05-20 11:25:31.947 D/NetworkThread(26771): [null:-1]->sendHttpPost:PostRequest, url: http://192.168.10.21/rest/mdm/v1/ios/android_server, Params: [content:<?xml version="1.0" encoding="UTF-8"?>
05-20 11:25:31.947 D/NetworkThread(26771): <!DOCTYPE plist PUBLIC "-//Apple//DTD PLIST 1.0//EN" "http://www.apple.com/DTDs/PropertyList-1.0.dtd">
05-20 11:25:31.947 D/NetworkThread(26771): <plist version="1.0">
05-20 11:25:31.947 D/NetworkThread(26771): <dict>
05-20 11:25:31.947 D/NetworkThread(26771): 	<key>Status</key>
05-20 11:25:31.947 D/NetworkThread(26771): 	<string>Idle</string>
05-20 11:25:31.947 D/NetworkThread(26771): 	<key>UDID</key>
05-20 11:25:31.947 D/NetworkThread(26771): 	<string>00013fbc8ecec5b90000014613abe64a</string>
05-20 11:25:31.947 D/NetworkThread(26771): </dict>
05-20 11:25:31.947 D/NetworkThread(26771): </plist>], 
05-20 11:25:31.947 I/TransInfo(26771): TransInfo created, id: 5, class: class com.pekall.emdm.transaction.c.j
05-20 11:25:31.947 D/HttpClient(26771): enable apache.http debug
05-20 11:25:31.955 D/NetworkThread(26771): [null:-1]->----isRunning-----true
05-20 11:25:31.955 D/MdmService(26771): [null:-1]->keepAliveWithPushServer client is opened:true
05-20 11:25:31.955 D/MDM :   (26771): [null:-1]->ping!!!!!!!!!
05-20 11:25:31.955 D/MdmService(26771): [null:-1]->pushUrl : ws://test.mdm.everknow.cn:9090/websocket
05-20 11:25:31.955 V/DEBUG   (26771): HTTP 0
05-20 11:25:31.963 D/MDM :   (26771): [null:-1]->mMdmPushClient is :not null
05-20 11:25:31.963 D/MDM :   (26771): [null:-1]->mMdmPushClient opened : opened
05-20 11:25:31.963 D/MdmService(26771): [null:-1]->MdmStatusManager is busy , wait......
05-20 11:25:31.963 I/TransInfo(26771): TransInfo created, id: 9, class: class com.pekall.emdm.transaction.c.c
05-20 11:25:31.978 D/MDM :   (26771): [null:-1]->MSG_WEBSOCKET_PONG
05-20 11:25:31.978 D/ProfileManager(26771): [null:-1]->check policy checking :false
05-20 11:25:31.994 D/com.pekall.restrictions.policy(26771): [null:-1]->allowBluetooth : null
05-20 11:25:31.994 D/com.pekall.restrictions.policy(26771): [null:-1]->ensureSimulateLocation :null
05-20 11:25:31.994 D/com.pekall.restrictions.policy(26771): [null:-1]->allowUseNetworkDate : null
05-20 11:25:32.002 E/DatabaseUtils(  374): Writing exception to parcel
05-20 11:25:32.002 E/DatabaseUtils(  374): java.lang.SecurityException: Permission denial: writing to secure settings requires android.permission.WRITE_SECURE_SETTINGS
05-20 11:25:32.002 E/DatabaseUtils(  374): 	at com.android.providers.settings.SettingsProvider.checkWritePermissions(SettingsProvider.java:279)
05-20 11:25:32.002 E/DatabaseUtils(  374): 	at com.android.providers.settings.SettingsProvider.insertForUser(SettingsProvider.java:897)
05-20 11:25:32.002 E/DatabaseUtils(  374): 	at com.android.providers.settings.SettingsProvider.callFromPackage(SettingsProvider.java:634)
05-20 11:25:32.002 E/DatabaseUtils(  374): 	at android.content.ContentProvider$Transport.call(ContentProvider.java:279)
05-20 11:25:32.002 E/DatabaseUtils(  374): 	at android.content.ContentProviderNative.onTransact(ContentProviderNative.java:273)
05-20 11:25:32.002 E/DatabaseUtils(  374): 	at android.os.Binder.execTransact(Binder.java:388)
05-20 11:25:32.002 E/DatabaseUtils(  374): 	at dalvik.system.NativeStart.run(Native Method)
05-20 11:25:32.010 D/com.pekall.restrictions.policy(26771): [null:-1]->allowUseNetworkDate error
05-20 11:25:32.010 D/com.pekall.restrictions.policy(26771): java.lang.SecurityException: Permission denial: writing to secure settings requires android.permission.WRITE_SECURE_SETTINGS
05-20 11:25:32.010 D/com.pekall.restrictions.policy(26771): 	at android.os.Parcel.readException(Parcel.java:1431)
05-20 11:25:32.010 D/com.pekall.restrictions.policy(26771): 	at android.database.DatabaseUtils.readExceptionFromParcel(DatabaseUtils.java:185)
05-20 11:25:32.010 D/com.pekall.restrictions.policy(26771): 	at android.database.DatabaseUtils.readExceptionFromParcel(DatabaseUtils.java:137)
05-20 11:25:32.010 D/com.pekall.restrictions.policy(26771): 	at android.content.ContentProviderProxy.call(ContentProviderNative.java:602)
05-20 11:25:32.010 D/com.pekall.restrictions.policy(26771): 	at android.provider.Settings$NameValueCache.putStringForUser(Settings.java:818)
05-20 11:25:32.010 D/com.pekall.restrictions.policy(26771): 	at android.provider.Settings$Global.putStringForUser(Settings.java:5529)
05-20 11:25:32.010 D/com.pekall.restrictions.policy(26771): 	at android.provider.Settings$Global.putString(Settings.java:5519)
05-20 11:25:32.010 D/com.pekall.restrictions.policy(26771): 	at android.provider.Settings$Global.putInt(Settings.java:5607)
05-20 11:25:32.010 D/com.pekall.restrictions.policy(26771): 	at com.pekall.emdm.b.c.b.j.c(Unknown Source)
05-20 11:25:32.010 D/com.pekall.restrictions.policy(26771): 	at com.pekall.emdm.b.c.b.j.h(Unknown Source)
05-20 11:25:32.010 D/com.pekall.restrictions.policy(26771): 	at com.pekall.emdm.b.c.e.run(Unknown Source)
05-20 11:25:32.010 D/com.pekall.restrictions.policy(26771): [null:-1]->allowNFC : null
05-20 11:25:32.025 D/InnerClass(26771): [null:-1]->enableNfc : 
05-20 11:25:32.025 D/InnerClass(26771): java.lang.reflect.InvocationTargetException
05-20 11:25:32.025 D/InnerClass(26771): 	at java.lang.reflect.Method.invokeNative(Native Method)
05-20 11:25:32.025 D/InnerClass(26771): 	at java.lang.reflect.Method.invoke(Method.java:525)
05-20 11:25:32.025 D/InnerClass(26771): 	at com.pekall.emdm.c.i.a(Unknown Source)
05-20 11:25:32.025 D/InnerClass(26771): 	at com.pekall.emdm.c.c.a(Unknown Source)
05-20 11:25:32.025 D/InnerClass(26771): 	at com.pekall.emdm.b.c.b.j.b(Unknown Source)
05-20 11:25:32.025 D/InnerClass(26771): 	at com.pekall.emdm.b.c.b.j.h(Unknown Source)
05-20 11:25:32.025 D/InnerClass(26771): 	at com.pekall.emdm.b.c.e.run(Unknown Source)
05-20 11:25:32.025 D/InnerClass(26771): Caused by: java.lang.SecurityException: WRITE_SECURE_SETTINGS permission required: Neither user 10066 nor current process has android.permission.WRITE_SECURE_SETTINGS.
05-20 11:25:32.025 D/InnerClass(26771): 	at android.os.Parcel.readException(Parcel.java:1431)
05-20 11:25:32.025 D/InnerClass(26771): 	at android.os.Parcel.readException(Parcel.java:1385)
05-20 11:25:32.025 D/InnerClass(26771): 	at android.nfc.INfcAdapter$Stub$Proxy.disable(INfcAdapter.java:252)
05-20 11:25:32.025 D/InnerClass(26771): 	at android.nfc.NfcAdapter.disable(NfcAdapter.java:574)
05-20 11:25:32.025 D/InnerClass(26771): 	... 7 more
05-20 11:25:32.033 D/MDM :   (26771): [null:-1]->handleMessage
05-20 11:25:32.049 W/Parcel  ( 1661): Attempt to read object from Parcel 0x5dfd3dac at offset 200 that is not in the object list
05-20 11:25:32.049 I/ActivityManager(  374): START u0 {flg=0x8000 cmp=com.pekall.emdm.launcher/.Launcher} from pid 26771
05-20 11:25:32.056 W/WindowManager(  374): Token{426c99b0 ActivityRecord{4229e598 u0 com.pekall.emdm.launcher/.Launcher}} failed creating starting window
05-20 11:25:32.056 W/WindowManager(  374): android.view.InflateException: Binary XML file line #34: Error inflating class <unknown>
05-20 11:25:32.056 W/WindowManager(  374): 	at android.view.LayoutInflater.createView(LayoutInflater.java:620)
05-20 11:25:32.056 W/WindowManager(  374): 	at com.android.internal.policy.impl.PhoneLayoutInflater.onCreateView(PhoneLayoutInflater.java:56)
05-20 11:25:32.056 W/WindowManager(  374): 	at android.view.LayoutInflater.onCreateView(LayoutInflater.java:669)
05-20 11:25:32.056 W/WindowManager(  374): 	at android.view.LayoutInflater.createViewFromTag(LayoutInflater.java:694)
05-20 11:25:32.056 W/WindowManager(  374): 	at android.view.LayoutInflater.rInflate(LayoutInflater.java:755)
05-20 11:25:32.056 W/WindowManager(  374): 	at android.view.LayoutInflater.inflate(LayoutInflater.java:492)
05-20 11:25:32.056 W/WindowManager(  374): 	at android.view.LayoutInflater.inflate(LayoutInflater.java:397)
05-20 11:25:32.056 W/WindowManager(  374): 	at android.view.LayoutInflater.inflate(LayoutInflater.java:353)
05-20 11:25:32.056 W/WindowManager(  374): 	at com.android.internal.policy.impl.PhoneWindow.generateLayout(PhoneWindow.java:2823)
05-20 11:25:32.056 W/WindowManager(  374): 	at com.android.internal.policy.impl.PhoneWindow.installDecor(PhoneWindow.java:2886)
05-20 11:25:32.056 W/WindowManager(  374): 	at com.android.internal.policy.impl.PhoneWindow.getDecorView(PhoneWindow.java:1581)
05-20 11:25:32.056 W/WindowManager(  374): 	at com.android.internal.policy.impl.PhoneWindowManager.addStartingWindow(PhoneWindowManager.java:1618)
05-20 11:25:32.056 W/WindowManager(  374): 	at com.android.server.wm.WindowManagerService$H.handleMessage(WindowManagerService.java:6908)
05-20 11:25:32.056 W/WindowManager(  374): 	at android.os.Handler.dispatchMessage(Handler.java:99)
05-20 11:25:32.056 W/WindowManager(  374): 	at android.os.Looper.loop(Looper.java:137)
05-20 11:25:32.056 W/WindowManager(  374): 	at android.os.HandlerThread.run(HandlerThread.java:61)
05-20 11:25:32.056 W/WindowManager(  374): Caused by: java.lang.reflect.InvocationTargetException
05-20 11:25:32.056 W/WindowManager(  374): 	at java.lang.reflect.Constructor.constructNative(Native Method)
05-20 11:25:32.056 W/WindowManager(  374): 	at java.lang.reflect.Constructor.newInstance(Constructor.java:417)
05-20 11:25:32.056 W/WindowManager(  374): 	at android.view.LayoutInflater.createView(LayoutInflater.java:594)
05-20 11:25:32.056 W/WindowManager(  374): 	... 15 more
05-20 11:25:32.056 W/WindowManager(  374): Caused by: android.content.res.Resources$NotFoundException: Resource is not a Drawable (color or path): TypedValue{t=0x2/d=0x1010059 a=-1}
05-20 11:25:32.056 W/WindowManager(  374): 	at android.content.res.Resources.loadDrawable(Resources.java:2063)
05-20 11:25:32.056 W/WindowManager(  374): 	at android.content.res.TypedArray.getDrawable(TypedArray.java:601)
05-20 11:25:32.056 W/WindowManager(  374): 	at android.widget.FrameLayout.<init>(FrameLayout.java:109)
05-20 11:25:32.056 W/WindowManager(  374): 	at android.widget.FrameLayout.<init>(FrameLayout.java:97)
05-20 11:25:32.056 W/WindowManager(  374): 	... 18 more
05-20 11:25:32.064 E/QueryController(28253): Got null root node from accessibility - Retrying...
05-20 11:25:32.072 D/LauncherApplication(26771): [null:-1]->onActivityPaused
05-20 11:25:32.111 D/MDM :   (26771): [null:-1]->width 104
05-20 11:25:32.111 D/MDM :   (26771): [null:-1]->height 104
05-20 11:25:32.119 D/MDM :   (26771): [null:-1]->scale 0.5
05-20 11:25:32.119 D/MDM :   (26771): [null:-1]->tint false
05-20 11:25:32.314 E/QueryController(28253): Got null root node from accessibility - Retrying...
05-20 11:25:32.369 D/dalvikvm(26771): JIT unchain all for threadid=11
05-20 11:25:32.392 D/MDM :   (26771): [null:-1]->width 104
05-20 11:25:32.392 D/MDM :   (26771): [null:-1]->height 104
05-20 11:25:32.408 D/MDM :   (26771): [null:-1]->scale 0.5
05-20 11:25:32.416 D/MDM :   (26771): [null:-1]->tint false
05-20 11:25:32.564 E/QueryController(28253): Got null root node from accessibility - Retrying...
05-20 11:25:32.705 D/dalvikvm(26771): JIT unchain all for threadid=11
05-20 11:25:32.767 D/dalvikvm(26771): GC_CONCURRENT freed 5759K, 29% free 25146K/35352K, paused 274ms+281ms, total 645ms
05-20 11:25:32.767 D/dalvikvm(26771): WAIT_FOR_CONCURRENT_GC blocked 348ms
05-20 11:25:32.767 D/dalvikvm(26771): WAIT_FOR_CONCURRENT_GC blocked 348ms
05-20 11:25:32.767 D/MDM :   (26771): [null:-1]->icon instanceof BitmapDrawable
05-20 11:25:32.775 D/MDM :   (26771): [null:-1]->  iconWidth 87
05-20 11:25:32.775 D/MDM :   (26771): [null:-1]->  iconHeight 87
05-20 11:25:32.775 D/MDM :   (26771): [null:-1]->  107 87
05-20 11:25:32.783 D/MDM :   (26771): [null:-1]->width 104
05-20 11:25:32.791 D/MDM :   (26771): [null:-1]->height 104
05-20 11:25:32.791 D/MDM :   (26771): [null:-1]->scale 1.0
05-20 11:25:32.791 D/MDM :   (26771): [null:-1]->tint false
05-20 11:25:32.799 D/MDM :   (26771): [null:-1]->width 104
05-20 11:25:32.806 D/MDM :   (26771): [null:-1]->height 104
05-20 11:25:32.814 D/MDM :   (26771): [null:-1]->scale 1.0
05-20 11:25:32.814 D/MDM :   (26771): [null:-1]->tint false
05-20 11:25:32.814 E/QueryController(28253): Cannot proceed when root node is null. Aborted search
05-20 11:25:32.822 E/QueryController(28253): Got null root node from accessibility - Retrying...
05-20 11:25:32.822 D/MDM :   (26771): [null:-1]->icon instanceof BitmapDrawable
05-20 11:25:32.822 D/MDM :   (26771): [null:-1]->  iconWidth 87
05-20 11:25:32.822 D/MDM :   (26771): [null:-1]->  iconHeight 87
05-20 11:25:32.822 D/MDM :   (26771): [null:-1]->  107 87
05-20 11:25:32.822 D/MDM :   (26771): [null:-1]->width 104
05-20 11:25:32.822 D/MDM :   (26771): [null:-1]->height 104
05-20 11:25:32.822 D/MDM :   (26771): [null:-1]->scale 1.0
05-20 11:25:32.830 D/MDM :   (26771): [null:-1]->tint false
05-20 11:25:32.830 D/MDM :   (26771): [null:-1]->statusCode : 200
05-20 11:25:32.830 D/MDM :   (26771): [null:-1]->statusCode : 200
05-20 11:25:32.830 V/DEBUG   (26771): HTTP 1
05-20 11:25:32.830 D/MDM :   (26771): [null:-1]->width 104
05-20 11:25:32.830 D/MDM :   (26771): [null:-1]->height 104
05-20 11:25:32.830 D/MDM :   (26771): [null:-1]->scale 1.0
05-20 11:25:32.838 D/MDM :   (26771): [null:-1]->tint false
05-20 11:25:32.838 D/MDM :   (26771): [null:-1]->icon instanceof BitmapDrawable
05-20 11:25:32.838 D/MDM :   (26771): [null:-1]->  iconWidth 87
05-20 11:25:32.838 D/MDM :   (26771): [null:-1]->  iconHeight 87
05-20 11:25:32.838 D/MDM :   (26771): [null:-1]->  107 87
05-20 11:25:32.838 D/MDM :   (26771): [null:-1]->width 104
05-20 11:25:32.838 D/MDM :   (26771): [null:-1]->height 104
05-20 11:25:32.838 D/MDM :   (26771): [null:-1]->scale 1.0
05-20 11:25:32.838 D/MDM :   (26771): [null:-1]->tint false
05-20 11:25:32.924 D/MDM :   (26771): [null:-1]->read network input stream
05-20 11:25:32.931 D/MDM :   (26771): [null:-1]->read network input stream
05-20 11:25:32.939 D/MDM :   (26771): [null:-1]->Get joson string: <?xml version="1.0" encoding="UTF-8"?>
05-20 11:25:32.939 D/MDM :   (26771): <!DOCTYPE plist PUBLIC "-//Apple//DTD PLIST 1.0//EN" "http://www.apple.com/DTDs/PropertyList-1.0.dtd">
05-20 11:25:32.939 D/MDM :   (26771): <plist version="1.0">
05-20 11:25:32.939 D/MDM :   (26771): <dict>
05-20 11:25:32.939 D/MDM :   (26771): 	<key>CommandUUID</key>
05-20 11:25:32.939 D/MDM :   (26771): 	<string>c93a2b41-8834-4eaa-8531-1a1ca7ee486a</string>
05-20 11:25:32.939 D/MDM :   (26771): 	<key>Command</key>
05-20 11:25:32.939 D/MDM :   (26771): 	<dict>
05-20 11:25:32.939 D/MDM :   (26771): 		<key>Queries</key>
05-20 11:25:32.939 D/MDM :   (26771): 		<array>
05-20 11:25:32.939 D/MDM :   (26771): 			<string>UDID</string>
05-20 11:25:32.939 D/MDM :   (26771): 			<string>DeviceName</string>
05-20 11:25:32.939 D/MDM :   (26771): 			<string>OSVersion</string>
05-20 11:25:32.939 D/MDM :   (26771): 			<string>BuildVersion</string>
05-20 11:25:32.939 D/MDM :   (26771): 			<string>ModelName</string>
05-20 11:25:32.939 D/MDM :   (26771): 			<string>Model</string>
05-20 11:25:32.939 D/MDM :   (26771): 			<string>ProductName</string>
05-20 11:25:32.939 D/MDM :   (26771): 			<string>SerialNumber</string>
05-20 11:25:32.939 D/MDM :   (26771): 			<string>DeviceCapacity</string>
05-20 11:25:32.939 D/MDM :   (26771): 			<string>AvailableDeviceCapacity</string>
05-20 11:25:32.939 D/MDM :   (26771): 			<string>BatteryLevel</string>
05-20 11:25:32.939 D/MDM :   (26771): 			<string>CellularTechnology</string>
05-20 11:25:32.939 D/MDM :   (26771): 			<string>IMEI</string>
05-20 11:25:32.939 D/MDM :   (26771): 			<string>MEID</string>
05-20 11:25:32.939 D/MDM :   (26771): 			<string>ModemFirmwareVersion</string>
05-20 11:25:32.939 D/MDM :   (26771): 			<string>ICCID</string>
05-20 11:25:32.939 D/MDM :   (26771): 			<string>BluetoothMAC</string>
05-20 11:25:32.939 D/MDM :   (26771): 			<string>WiFiMAC</string>
05-20 11:25:32.939 D/MDM :   (26771): 			<string>EthernetMAC</string>
05-20 11:25:32.939 D/MDM :   (26771): 			<string>CurrentCarrierNetwork</string>
05-20 11:25:32.939 D/MDM :   (26771): 			<string>SIMCarrierNetwork</string>
05-20 11:25:32.939 D/MDM :   (26771): 			<string>SubscriberCarrierNetwork</string>
05-20 11:25:32.939 D/MDM :   (26771): 			<string>CarrierSettingsVersion</string>
05-20 11:25:32.939 D/MDM :   (26771): 			<string>PhoneNumber</string>
05-20 11:25:32.939 D/MDM :   (26771): 			<string>VoiceRoamingEnabled</string>
05-20 11:25:32.939 D/MDM :   (26771): 			<string>DataRoamingEnabled</string>
05-20 11:25:32.939 D/MDM :   (26771): 			<string>IsRoaming</string>
05-20 11:25:32.939 D/MDM :   (26771): 			<string>SubscriberMCC</string>
05-20 11:25:32.939 D/MDM :   (26771): 			<string>SubscriberMNC</string>
05-20 11:25:32.939 D/MDM :   (26771): 			<string>SIMMCC</string>
05-20 11:25:32.939 D/MDM :   (26771): 			<string>SIMMNC</string>
05-20 11:25:32.939 D/MDM :   (26771): 			<string>CurrentMCC</string>
05-20 11:25:32.939 D/MDM :   (26771): 			<string>CurrentMNC</string>
05-20 11:25:32.939 D/MDM :   (26771): 		</array>
05-20 11:25:32.939 D/MDM :   (26771): 		<key>RequestType</key>
05-20 11:25:32.939 D/MDM :   (26771): 		<string>DeviceInformation</string>
05-20 11:25:32.939 D/MDM :   (26771): 	</dict>
05-20 11:25:32.939 D/MDM :   (26771): </dict>
05-20 11:25:32.939 D/MDM :   (26771): </plist>
05-20 11:25:32.994 D/CheckInTransInfo(26771): [null:-1]->CommandMsg : CommandMsg{CommandUUID='c93a2b41-8834-4eaa-8531-1a1ca7ee486a', Command=CommandObject{RequestType='DeviceInformation'}}
05-20 11:25:33.041 D/NetworkThread(26771): [null:-1]->clear mCurrentTransInfo
05-20 11:25:33.049 D/NetworkThread(26771): [null:-1]->sendHttpGet: http://192.168.10.21/rest/mdm/v1/device/trigger_cmd?device_uuid=00013fbc8ecec5b90000014613abe64a&cmd_types=10103
05-20 11:25:33.049 D/HttpClient(26771): enable apache.http debug
05-20 11:25:33.064 V/DEBUG   (26771): HTTP 0
05-20 11:25:33.072 E/QueryController(28253): Got null root node from accessibility - Retrying...
05-20 11:25:33.072 V/Launcher(26771): isLauncherDf = true
05-20 11:25:33.072 V/Launcher(26771): isPhoneDf = true
05-20 11:25:33.080 D/        (26771): [---null: -1---]  ScreenWidth  720
05-20 11:25:33.080 D/        (26771): [---null: -1---]  ScreenHeight  1184
05-20 11:25:33.088 D/HomeLoaders(26771): load applications
05-20 11:25:33.088 D/HomeLoaders(26771):   --> applications loaded, return
05-20 11:25:33.088 D/HomeLoaders(26771): loading user items in Thread[main,5,main]
05-20 11:25:33.088 D/HomeLoaders(26771):   --> items loaded, return
05-20 11:25:33.088 D/HomeLoaders(26771):   --> loading from cache: 11, 0
05-20 11:25:33.096 D/Launcher(26771): ------> binding 11 items
05-20 11:25:33.096 D/Launcher(26771): ------> binding 0 widgets
05-20 11:25:33.096 D/Launcher(26771): ------> start binding items
05-20 11:25:33.096 W/Parcel  ( 1661): Attempt to read object from Parcel 0x6013bdac at offset 200 that is not in the object list
05-20 11:25:33.096 W/Parcel  ( 1661): Attempt to read object from Parcel 0x6003bdac at offset 200 that is not in the object list
05-20 11:25:33.096 D/Email   (26771): Email: init sandbox at the beginning.
05-20 11:25:33.096 V/l       (26771): Bind requested for task setLogging
05-20 11:25:33.127 W/Parcel  ( 1661): Attempt to read object from Parcel 0x5ef3bdac at offset 200 that is not in the object list
05-20 11:25:33.127 W/Parcel  ( 1661): Attempt to read object from Parcel 0x5ec3bdac at offset 200 that is not in the object list
05-20 11:25:33.135 V/LauncherApplication(26771): onActivityStarted
05-20 11:25:33.135 D/        (26771): [---null: -1---]     awsa  onActivityResumed
05-20 11:25:33.135 V/LauncherApplication(26771): 2MdmConstant.LAST_LAUNCH_TIME = 1400555851285
05-20 11:25:33.150 I/Email   (26771): Notifications being toggled: false
05-20 11:25:33.150 W/ActivityManager(  374): Unable to start service Intent { cmp=com.pekall.emdm.launcher/com.pekall.semail.service.AttachmentDownloadService } U=0: not found
05-20 11:25:33.158 D/        (26771): [---null: -1---]  activity = com.pekall.emdm.launcher.Launcher
05-20 11:25:33.158 V/DefultSetContriller(26771): isLauncherDf = com.pekall.emdm.launcher
05-20 11:25:33.166 V/DefultSetContriller(26771): isLauncherDf = com.pekall.emdm.launcher
05-20 11:25:33.166 V/DefultSetContriller(26771): isPhoneDf = com.pekall.emdm.launcher
05-20 11:25:33.166 E/LauncherApplication(26771): isShowLogoutUI = true
05-20 11:25:33.166 E/LauncherApplication(26771): LogoutShowTime 1
05-20 11:25:33.166 V/Launcher(26771): onResume1111111 
05-20 11:25:33.166 V/Launcher(26771): is login ----> 
05-20 11:25:33.166 I/System.out(26771):  
05-20 11:25:33.166 I/System.out(26771): com.pekall.emdm.launcher.Workspace.setWallpaper(Unknown Source)
05-20 11:25:33.166 I/System.out(26771): com.pekall.emdm.launcher.Launcher.onResume(Unknown Source)
05-20 11:25:33.166 I/System.out(26771): android.app.Instrumentation.callActivityOnResume(Instrumentation.java:1192)
05-20 11:25:33.166 I/System.out(26771): android.app.Activity.performResume(Activity.java:5211)
05-20 11:25:33.166 I/System.out(26771): android.app.ActivityThread.performResumeActivity(ActivityThread.java:2780)
05-20 11:25:33.166 I/System.out(26771): android.app.ActivityThread.handleResumeActivity(ActivityThread.java:2819)
05-20 11:25:33.166 I/System.out(26771): android.app.ActivityThread.handleLaunchActivity(ActivityThread.java:2266)
05-20 11:25:33.166 I/System.out(26771): android.app.ActivityThread.access$600(ActivityThread.java:141)
05-20 11:25:33.166 I/System.out(26771): android.app.ActivityThread$H.handleMessage(ActivityThread.java:1256)
05-20 11:25:33.174 I/System.out(26771): android.os.Handler.dispatchMessage(Handler.java:99)
05-20 11:25:33.174 I/System.out(26771): android.os.Looper.loop(Looper.java:137)
05-20 11:25:33.174 I/System.out(26771): android.app.ActivityThread.main(ActivityThread.java:5103)
05-20 11:25:33.174 I/System.out(26771): java.lang.reflect.Method.invokeNative(Native Method)
05-20 11:25:33.174 I/System.out(26771): java.lang.reflect.Method.invoke(Method.java:525)
05-20 11:25:33.174 I/System.out(26771): com.android.internal.os.ZygoteInit$MethodAndArgsCaller.run(ZygoteInit.java:737)
05-20 11:25:33.174 I/System.out(26771): com.android.internal.os.ZygoteInit.main(ZygoteInit.java:553)
05-20 11:25:33.174 I/System.out(26771): dalvik.system.NativeStart.main(Native Method)
05-20 11:25:33.322 E/QueryController(28253): Got null root node from accessibility - Retrying...
05-20 11:25:33.424 D/dalvikvm(26771): JIT unchain all for threadid=11
05-20 11:25:33.478 D/dalvikvm(26771): GC_FOR_ALLOC freed 5969K, 32% free 24304K/35352K, paused 300ms, total 305ms
05-20 11:25:33.541 D/MDM :   (26771): [null:-1]->statusCode : 200
05-20 11:25:33.541 D/MDM :   (26771): [null:-1]->statusCode : 200
05-20 11:25:33.541 V/DEBUG   (26771): HTTP 1
05-20 11:25:33.541 D/MDM :   (26771): [null:-1]->read network input stream
05-20 11:25:33.549 D/MDM :   (26771): [null:-1]->Get joson string: {"result":0}
05-20 11:25:33.564 D/NetworkThread(26771): [null:-1]->clear mCurrentTransInfo
05-20 11:25:33.564 D/NetworkThread(26771): [null:-1]->sendHttpPost:PostRequest, url: http://192.168.10.21/rest/mdm/v1/system/check_mdm_app, Params: [version:71][os:51201][pkg_name:com.pekall.emdm.launcher], 
05-20 11:25:33.564 D/HttpClient(26771): enable apache.http debug
05-20 11:25:33.572 E/QueryController(28253): Cannot proceed when root node is null. Aborted search
05-20 11:25:33.596 V/DEBUG   (26771): HTTP 0
05-20 11:25:33.650 E/QueryController(28253): Got null root node from accessibility - Retrying...
05-20 11:25:33.689 D/MDM :   (26771): [null:-1]->width 104
05-20 11:25:33.689 D/MDM :   (26771): [null:-1]->height 104
05-20 11:25:33.689 D/MDM :   (26771): [null:-1]->scale 1.0
05-20 11:25:33.689 D/MDM :   (26771): [null:-1]->tint false
05-20 11:25:33.689 D/MDM :   (26771): [null:-1]->width 104
05-20 11:25:33.689 D/MDM :   (26771): [null:-1]->height 104
05-20 11:25:33.689 D/MDM :   (26771): [null:-1]->scale 1.0
05-20 11:25:33.689 D/MDM :   (26771): [null:-1]->tint false
05-20 11:25:33.697 D/MDM :   (26771): [null:-1]->width 104
05-20 11:25:33.697 D/MDM :   (26771): [null:-1]->height 104
05-20 11:25:33.697 D/MDM :   (26771): [null:-1]->scale 1.0
05-20 11:25:33.697 D/MDM :   (26771): [null:-1]->tint false
05-20 11:25:33.697 D/MDM :   (26771): [null:-1]->width 104
05-20 11:25:33.697 D/MDM :   (26771): [null:-1]->height 104
05-20 11:25:33.697 D/MDM :   (26771): [null:-1]->scale 1.0
05-20 11:25:33.697 D/MDM :   (26771): [null:-1]->tint false
05-20 11:25:33.705 D/MDM :   (26771): [null:-1]->width 104
05-20 11:25:33.705 D/MDM :   (26771): [null:-1]->height 104
05-20 11:25:33.705 D/MDM :   (26771): [null:-1]->scale 1.0
05-20 11:25:33.705 D/MDM :   (26771): [null:-1]->tint false
05-20 11:25:33.705 D/MDM :   (26771): [null:-1]->width 104
05-20 11:25:33.705 D/MDM :   (26771): [null:-1]->height 104
05-20 11:25:33.705 D/MDM :   (26771): [null:-1]->scale 1.0
05-20 11:25:33.705 D/MDM :   (26771): [null:-1]->tint false
05-20 11:25:33.705 D/MDM :   (26771): [null:-1]->width 104
05-20 11:25:33.705 D/MDM :   (26771): [null:-1]->height 104
05-20 11:25:33.705 D/MDM :   (26771): [null:-1]->scale 1.0
05-20 11:25:33.713 D/MDM :   (26771): [null:-1]->tint false
05-20 11:25:33.713 D/MDM :   (26771): [null:-1]->width 104
05-20 11:25:33.713 D/MDM :   (26771): [null:-1]->height 104
05-20 11:25:33.713 D/MDM :   (26771): [null:-1]->scale 1.0
05-20 11:25:33.713 D/MDM :   (26771): [null:-1]->tint false
05-20 11:25:33.721 V/CounterTextView(26771): onReceive
05-20 11:25:33.721 D/        (26771): [---null: -1---]   msg  xxd1
05-20 11:25:33.721 D/        (26771): [---null: -1---]  xxd111  getPackageName  com.pekall.emdm.launcher
05-20 11:25:33.721 D/        (26771): [---null: -1---]  xxd111  getClassName  com.pekall.emdm.document.activity.DocMainActivity
05-20 11:25:33.721 D/        (26771): [---null: -1---]  xxd111  info.title  Document Manager ,count is 0
05-20 11:25:33.728 D/        (26771): [---null: -1---]  xxd111  getPackageName  com.pekall.emdm.launcher
05-20 11:25:33.736 D/MDM :   (26771): [null:-1]->statusCode : 200
05-20 11:25:33.736 D/        (26771): [---null: -1---]  xxd111  getClassName  com.pekall.emdm.launcher.ui.BackPersonalActivity
05-20 11:25:33.736 D/MDM :   (26771): [null:-1]->statusCode : 200
05-20 11:25:33.736 D/        (26771): [---null: -1---]  xxd111  info.title  Personal Mode ,count is 0
05-20 11:25:33.736 V/DEBUG   (26771): HTTP 1
05-20 11:25:33.900 E/QueryController(28253): Got null root node from accessibility - Retrying...
05-20 11:25:33.986 D/dalvikvm(26771): JIT unchain all for threadid=11
05-20 11:25:34.010 D/        (26771): [---null: -1---]  xxd111  getPackageName  com.pekall.emdm.launcher
05-20 11:25:34.010 D/        (26771): [---null: -1---]  xxd111  getClassName  com.pekall.semail.activity.Welcome
05-20 11:25:34.010 D/        (26771): [---null: -1---]  xxd111  info.title  Email ,count is 0
05-20 11:25:34.025 D/MDM :   (26771): [null:-1]->read network input stream
05-20 11:25:34.041 D/MDM :   (26771): [null:-1]->Get joson string: {"result":0,"mdmClientInfos":{"id":25,"type":51107,"url":"https://test.mdm.everknow.cn/resources/api/v1/download/guest?uuid=245c4de5ffeb4c2c21d3949d9d3a","pkgName":"com.pekall.emdm.launcher","platform":51201,"comId":1,"appVersionCode":72,"appVersionName":"BYOD_2.1.0424","appAuthor":null,"appIcon":null,"appName":"Pekall enterprise mobile office","appSize":null,"minSdk":null,"updateTime":1398754856000,"forceUpdate":0,"updateInfo":null,"new":false}}
05-20 11:25:34.056 D/MDM :   (26771): [null:-1]->username is : zhenhua.sang@pekall.com ,pwd is 123456
05-20 11:25:34.064 I/System.out(26771): [cjx]authenticateUser,zhenhua.sang@pekall.com,123456
05-20 11:25:34.064 I/System.out(26771): [cjx]to generate user KEK now,keyLength:32,algorithm:Rijndael256
05-20 11:25:34.150 E/QueryController(28253): Got null root node from accessibility - Retrying...
05-20 11:25:34.322 D/dalvikvm(26771): JIT unchain all for threadid=11
05-20 11:25:34.369 D/dalvikvm(26771): GC_CONCURRENT freed 1732K, 22% free 27705K/35352K, paused 268ms+273ms, total 630ms
05-20 11:25:34.385 D/NetworkThread(26771): [null:-1]->clear mCurrentTransInfo
05-20 11:25:34.385 D/NetworkThread(26771): [null:-1]->queue is empty, thread wait...
05-20 11:25:34.400 E/QueryController(28253): Cannot proceed when root node is null. Aborted search
05-20 11:25:34.400 E/QueryController(28253): Got null root node from accessibility - Retrying...
05-20 11:25:34.510 I/System.out(26771): [cjx]blockSize:32
05-20 11:25:34.517 I/System.out(26771): [cjx]iv:[112, 101, 107, 97, 108, 108, 50, 48, 49, 52, 97, 101, 115, 99, 106, 120, 112, 101, 107, 97, 108, 108, 50, 48, 49, 52, 97, 101, 115, 99, 106, 120]
05-20 11:25:34.517 I/System.out(26771): [cjx]secret:[-94, 35, 21, 34, 6, -61, -108, -46, 6, 56, -82, 111, 24, -59, 0, -21, 43, -46, -16, 27, -76, 52, 9, 117, -69, 64, 55, -122, -120, -69, -38, 9]
05-20 11:25:34.517 I/System.out(26771): [cjx]to generate user KEK now,keyLength:32,algorithm:Rijndael256
05-20 11:25:34.627 I/System.out(26771): [cjx]blockSize:32
05-20 11:25:34.627 I/System.out(26771): [cjx]iv:[112, 101, 107, 97, 108, 108, 50, 48, 49, 52, 97, 101, 115, 99, 106, 120, 112, 101, 107, 97, 108, 108, 50, 48, 49, 52, 97, 101, 115, 99, 106, 120]
05-20 11:25:34.627 I/System.out(26771): [cjx]secret:[-94, 35, 21, 34, 6, -61, -108, -46, 6, 56, -82, 111, 24, -59, 0, -21, 43, -46, -16, 27, -76, 52, 9, 117, -69, 64, 55, -122, -120, -69, -38, 9]
05-20 11:25:34.635 D/ExchangeService(26771): !!! EAS ExchangeService, onCreate
05-20 11:25:34.635 W/Parcel  ( 1661): Attempt to read object from Parcel 0x5ded3dac at offset 200 that is not in the object list
05-20 11:25:34.650 D/MdmService(26771): [null:-1]->handleCheckInResult
05-20 11:25:34.650 D/MdmService(26771): [null:-1]->handleCheckInResult result keyIndex: 3
05-20 11:25:34.650 D/MDM :   (26771): [null:-1]->MSG_WEBSOCKET_MESSAGE : {"id":-1908592092,"type":0,"command":0,"result":0,"reason":0,"params":{"msgId":"5656ee2a-e84a-4faf-9841-033942e35d8f,5656ee2ae84a4faf9841033942e35d8f","device":"00013fbc8ecec5b90000014613abe64a","message":"{\"cmd\":\"10119\"}"}}
05-20 11:25:34.650 E/QueryController(28253): Got null root node from accessibility - Retrying...
05-20 11:25:34.666 D/MdmService(26771): [null:-1]->push message type :0
05-20 11:25:34.666 D/MdmService(26771): [null:-1]->cmdMessage : {"cmd":"10119"}
05-20 11:25:34.666 D/MdmService(26771): [null:-1]->command : PushCommandMsg{cmd='10119', msg='null'}
05-20 11:25:34.666 D/MdmService(26771): [null:-1]->MdmStatusManager is busy , wait......
05-20 11:25:34.666 I/Choreographer(26771): Skipped 57 frames!  The application may be doing too much work on its main thread.
05-20 11:25:34.674 D/CommandManager(26771): [null:-1]->execute command: CommandMsg{CommandUUID='c93a2b41-8834-4eaa-8531-1a1ca7ee486a', Command=CommandObject{RequestType='DeviceInformation'}}
05-20 11:25:34.689 D/        (26771): [---null: -1---]  1111222  mLongAxisStartPadding110
05-20 11:25:34.689 D/        (26771): [---null: -1---]  11112223  heightSpecSize1094
05-20 11:25:34.689 D/        (26771): [---null: -1---]  11112223  mLongAxisStartPadding110
05-20 11:25:34.689 D/        (26771): [---null: -1---]  11112223  mLongAxisEndPadding110
05-20 11:25:34.689 D/        (26771): [---null: -1---]  11112223  mRows4
05-20 11:25:34.689 D/        (26771): [---null: -1---]  1111222  mLongAxisStartPadding110
05-20 11:25:34.689 D/        (26771): [---null: -1---]  11112223  heightSpecSize1094
05-20 11:25:34.689 D/        (26771): [---null: -1---]  11112223  mLongAxisStartPadding110
05-20 11:25:34.697 D/        (26771): [---null: -1---]  11112223  mLongAxisEndPadding110
05-20 11:25:34.697 D/        (26771): [---null: -1---]  11112223  mRows4
05-20 11:25:34.697 D/        (26771): [---null: -1---]  1111222  mLongAxisStartPadding110
05-20 11:25:34.697 D/        (26771): [---null: -1---]  11112223  heightSpecSize1094
05-20 11:25:34.697 D/        (26771): [---null: -1---]  11112223  mLongAxisStartPadding110
05-20 11:25:34.697 D/        (26771): [---null: -1---]  11112223  mLongAxisEndPadding110
05-20 11:25:34.697 D/        (26771): [---null: -1---]  11112223  mRows4
05-20 11:25:34.705 D/        (26771): [---null: -1---]  1111222  mLongAxisStartPadding110
05-20 11:25:34.705 D/        (26771): [---null: -1---]  11112223  heightSpecSize1094
05-20 11:25:34.705 D/        (26771): [---null: -1---]  11112223  mLongAxisStartPadding110
05-20 11:25:34.705 D/        (26771): [---null: -1---]  11112223  mLongAxisEndPadding110
05-20 11:25:34.705 D/        (26771): [---null: -1---]  11112223  mRows4
05-20 11:25:34.705 D/        (26771): [---null: -1---]  1111222  mLongAxisStartPadding110
05-20 11:25:34.705 D/        (26771): [---null: -1---]  11112223  heightSpecSize1094
05-20 11:25:34.713 D/        (26771): [---null: -1---]  11112223  mLongAxisStartPadding110
05-20 11:25:34.713 D/        (26771): [---null: -1---]  11112223  mLongAxisEndPadding110
05-20 11:25:34.713 D/        (26771): [---null: -1---]  11112223  mRows4
05-20 11:25:34.713 D/        (26771): [---null: -1---]  1111222  mLongAxisStartPadding110
05-20 11:25:34.713 D/        (26771): [---null: -1---]  11112223  heightSpecSize1094
05-20 11:25:34.713 D/        (26771): [---null: -1---]  11112223  mLongAxisStartPadding110
05-20 11:25:34.721 D/        (26771): [---null: -1---]  11112223  mLongAxisEndPadding110
05-20 11:25:34.721 D/        (26771): [---null: -1---]  11112223  mRows4
05-20 11:25:34.721 D/        (26771): [---null: -1---]  1111222  mLongAxisStartPadding110
05-20 11:25:34.721 D/        (26771): [---null: -1---]  11112223  heightSpecSize1094
05-20 11:25:34.721 D/        (26771): [---null: -1---]  11112223  mLongAxisStartPadding110
05-20 11:25:34.721 D/        (26771): [---null: -1---]  11112223  mLongAxisEndPadding110
05-20 11:25:34.721 D/        (26771): [---null: -1---]  11112223  mRows4
05-20 11:25:34.721 D/        (26771): [---null: -1---]  1111222  mLongAxisStartPadding110
05-20 11:25:34.721 D/        (26771): [---null: -1---]  11112223  heightSpecSize1094
05-20 11:25:34.728 D/        (26771): [---null: -1---]  11112223  mLongAxisStartPadding110
05-20 11:25:34.728 D/        (26771): [---null: -1---]  11112223  mLongAxisEndPadding110
05-20 11:25:34.728 D/        (26771): [---null: -1---]  11112223  mRows4
05-20 11:25:34.728 D/        (26771): [---null: -1---]  1111222  mLongAxisStartPadding110
05-20 11:25:34.728 D/        (26771): [---null: -1---]  11112223  heightSpecSize1094
05-20 11:25:34.728 D/        (26771): [---null: -1---]  11112223  mLongAxisStartPadding110
05-20 11:25:34.728 D/        (26771): [---null: -1---]  11112223  mLongAxisEndPadding110
05-20 11:25:34.728 D/        (26771): [---null: -1---]  11112223  mRows4
05-20 11:25:34.736 D/        (26771): [---null: -1---]  1111222  mLongAxisStartPadding110
05-20 11:25:34.736 D/        (26771): [---null: -1---]  11112223  heightSpecSize1094
05-20 11:25:34.736 D/        (26771): [---null: -1---]  11112223  mLongAxisStartPadding110
05-20 11:25:34.736 D/        (26771): [---null: -1---]  11112223  mLongAxisEndPadding110
05-20 11:25:34.736 D/        (26771): [---null: -1---]  11112223  mRows4
05-20 11:25:34.791 D/        (26771): [---null: -1---]  xxd111  getPackageName  com.pekall.emdm.launcher
05-20 11:25:34.791 D/        (26771): [---null: -1---]  xxd111  getClassName  com.pekall.emdm.contacts.activities.PeopleActivity
05-20 11:25:34.791 D/        (26771): [---null: -1---]  xxd111  info.title  EmdmContacts ,count is 0
05-20 11:25:34.791 D/        (26771): [---null: -1---]  xxd111  getPackageName  com.pekall.emdm.launcher
05-20 11:25:34.791 D/        (26771): [---null: -1---]  xxd111  getClassName  com.pekall.emdm.browser.BrowserActivity
05-20 11:25:34.799 D/        (26771): [---null: -1---]  xxd111  info.title  Safe Browser ,count is 0
05-20 11:25:34.799 D/        (26771): [---null: -1---]  xxd111  getPackageName  com.pekall.emdm.launcher
05-20 11:25:34.799 D/        (26771): [---null: -1---]  xxd111  getClassName  com.pekall.emdm.launcher.ui.AboutActivity
05-20 11:25:34.799 D/        (26771): [---null: -1---]  xxd111  info.title  About ,count is 0
05-20 11:25:34.806 D/        (26771): [---null: -1---]  xxd111  getPackageName  com.pekall.emdm.launcher
05-20 11:25:34.806 D/        (26771): [---null: -1---]  xxd111  getClassName  com.pekall.emdm.launcher.ui.SettingActivity
05-20 11:25:34.806 D/        (26771): [---null: -1---]  xxd111  info.title  Setting ,count is 0
05-20 11:25:34.814 W/Parcel  ( 1661): Attempt to read object from Parcel 0x5dfd3dac at offset 200 that is not in the object list
05-20 11:25:34.814 V/l       (26771): Connected: com.pekall.exchange.ExchangeService
05-20 11:25:34.814 D/ExchangeService(26771): !!! EAS ExchangeService, onStartCommand, startingUp = false, running = false
05-20 11:25:34.814 D/ExchangeService(26771): to start secureStorageService now
05-20 11:25:34.814 V/l       (26771): Task setLogging completed; disconnecting
05-20 11:25:34.814 W/ActivityManager(  374): Unable to start service Intent { act=pekall.intent.action.DOWNLOAD_APP (has extras) } U=0: not found
05-20 11:25:34.822 D/        (26771): [---null: -1---]  1111222  mLongAxisStartPadding110
05-20 11:25:34.822 D/        (26771): [---null: -1---]  11112223  heightSpecSize1094
05-20 11:25:34.822 D/        (26771): [---null: -1---]  11112223  mLongAxisStartPadding110
05-20 11:25:34.822 D/        (26771): [---null: -1---]  11112223  mLongAxisEndPadding110
05-20 11:25:34.822 V/a       (26771): Bind requested for task test
05-20 11:25:34.822 D/        (26771): [---null: -1---]  11112223  mRows4
05-20 11:25:34.830 D/        (26771): [---null: -1---]  1111222  mLongAxisStartPadding110
05-20 11:25:34.830 D/        (26771): [---null: -1---]  11112223  heightSpecSize1094
05-20 11:25:34.830 D/        (26771): [---null: -1---]  11112223  mLongAxisStartPadding110
05-20 11:25:34.830 D/        (26771): [---null: -1---]  11112223  mLongAxisEndPadding110
05-20 11:25:34.830 D/        (26771): [---null: -1---]  11112223  mRows4
05-20 11:25:34.885 D/ExchangeService(26771): Reconciling accounts...
05-20 11:25:34.885 V/a       (26771): Bind requested for task reconcileAccounts
05-20 11:25:34.908 E/QueryController(28253): Got null root node from accessibility - Retrying...
05-20 11:25:34.931 V/a       (26771): Waiting for task reconcileAccounts to complete...
05-20 11:25:34.939 I/ActivityManager(  374): Displayed com.pekall.emdm.launcher/.Launcher: +2s861ms
05-20 11:25:34.971 D/        (26771): [---null: -1---]  1111222  mLongAxisStartPadding110
05-20 11:25:34.971 D/        (26771): [---null: -1---]  11112223  heightSpecSize1094
05-20 11:25:34.971 D/        (26771): [---null: -1---]  11112223  mLongAxisStartPadding110
05-20 11:25:34.971 D/        (26771): [---null: -1---]  11112223  mLongAxisEndPadding110
05-20 11:25:34.971 D/        (26771): [---null: -1---]  11112223  mRows4
05-20 11:25:34.978 D/        (26771): [---null: -1---]  1111222  mLongAxisStartPadding110
05-20 11:25:34.978 D/        (26771): [---null: -1---]  11112223  heightSpecSize1094
05-20 11:25:34.978 D/        (26771): [---null: -1---]  11112223  mLongAxisStartPadding110
05-20 11:25:34.978 D/        (26771): [---null: -1---]  11112223  mLongAxisEndPadding110
05-20 11:25:34.978 D/        (26771): [---null: -1---]  11112223  mRows4
05-20 11:25:34.978 D/        (26771): [---null: -1---]  1111222  mLongAxisStartPadding110
05-20 11:25:34.978 D/        (26771): [---null: -1---]  11112223  heightSpecSize1094
05-20 11:25:34.978 D/        (26771): [---null: -1---]  11112223  mLongAxisStartPadding110
05-20 11:25:34.986 D/        (26771): [---null: -1---]  11112223  mLongAxisEndPadding110
05-20 11:25:34.986 D/        (26771): [---null: -1---]  11112223  mRows4
05-20 11:25:34.986 D/        (26771): [---null: -1---]  1111222  mLongAxisStartPadding110
05-20 11:25:34.986 D/        (26771): [---null: -1---]  11112223  heightSpecSize1094
05-20 11:25:34.986 D/        (26771): [---null: -1---]  11112223  mLongAxisStartPadding110
05-20 11:25:34.986 D/        (26771): [---null: -1---]  11112223  mLongAxisEndPadding110
05-20 11:25:34.994 D/        (26771): [---null: -1---]  11112223  mRows4
05-20 11:25:34.994 D/        (26771): [---null: -1---]  1111222  mLongAxisStartPadding110
05-20 11:25:34.994 D/        (26771): [---null: -1---]  11112223  heightSpecSize1094
05-20 11:25:34.994 D/        (26771): [---null: -1---]  11112223  mLongAxisStartPadding110
05-20 11:25:34.994 D/        (26771): [---null: -1---]  11112223  mLongAxisEndPadding110
05-20 11:25:34.994 D/        (26771): [---null: -1---]  11112223  mRows4
05-20 11:25:34.994 D/        (26771): [---null: -1---]  1111222  mLongAxisStartPadding110
05-20 11:25:35.002 D/        (26771): [---null: -1---]  11112223  heightSpecSize1094
05-20 11:25:35.002 D/        (26771): [---null: -1---]  11112223  mLongAxisStartPadding110
05-20 11:25:35.002 D/        (26771): [---null: -1---]  11112223  mLongAxisEndPadding110
05-20 11:25:35.002 D/        (26771): [---null: -1---]  11112223  mRows4
05-20 11:25:35.002 D/        (26771): [---null: -1---]  1111222  mLongAxisStartPadding110
05-20 11:25:35.002 D/        (26771): [---null: -1---]  11112223  heightSpecSize1094
05-20 11:25:35.002 D/        (26771): [---null: -1---]  11112223  mLongAxisStartPadding110
05-20 11:25:35.002 D/        (26771): [---null: -1---]  11112223  mLongAxisEndPadding110
05-20 11:25:35.010 D/        (26771): [---null: -1---]  11112223  mRows4
05-20 11:25:35.010 D/        (26771): [---null: -1---]  1111222  mLongAxisStartPadding110
05-20 11:25:35.010 D/        (26771): [---null: -1---]  11112223  heightSpecSize1094
05-20 11:25:35.010 D/        (26771): [---null: -1---]  11112223  mLongAxisStartPadding110
05-20 11:25:35.010 D/        (26771): [---null: -1---]  11112223  mLongAxisEndPadding110
05-20 11:25:35.010 D/        (26771): [---null: -1---]  11112223  mRows4
05-20 11:25:35.017 D/        (26771): [---null: -1---]  1111222  mLongAxisStartPadding110
05-20 11:25:35.017 D/        (26771): [---null: -1---]  11112223  heightSpecSize1094
05-20 11:25:35.017 D/        (26771): [---null: -1---]  11112223  mLongAxisStartPadding110
05-20 11:25:35.017 D/        (26771): [---null: -1---]  11112223  mLongAxisEndPadding110
05-20 11:25:35.017 D/        (26771): [---null: -1---]  11112223  mRows4
05-20 11:25:35.017 D/        (26771): [---null: -1---]  1111222  mLongAxisStartPadding110
05-20 11:25:35.017 D/        (26771): [---null: -1---]  11112223  heightSpecSize1094
05-20 11:25:35.025 D/        (26771): [---null: -1---]  11112223  mLongAxisStartPadding110
05-20 11:25:35.025 D/        (26771): [---null: -1---]  11112223  mLongAxisEndPadding110
05-20 11:25:35.025 D/        (26771): [---null: -1---]  11112223  mRows4
