05-20 11:18:11.978 E/ActivityManager(  374):   96% 26771/com.pekall.emdm.launcher: 96% user + 0% kernel
05-20 11:18:11.978 E/ActivityManager(  374):     96% 26784/Thread-1176: 96% user + 0% kernel
05-20 11:18:11.978 E/ActivityManager(  374):   92% 28030/com.pekall.emdm.launcher:remote: 92% user + 0% kernel
05-20 11:18:11.978 E/ActivityManager(  374):     92% 28044/Thread-1252: 92% user + 0% kernel
05-20 11:18:11.978 E/ActivityManager(  374):   5.6% 374/system_server: 1.8% user + 3.7% kernel / faults: 2 minor
05-20 11:18:11.978 E/ActivityManager(  374):     5.6% 390/ActivityManager: 1.8% user + 3.7% kernel
05-20 11:18:11.978 E/ActivityManager(  374):     1.8% 701/Binder_C: 1.8% user + 0% kernel
05-20 11:18:11.978 E/ActivityManager(  374):   1% 124/surfaceflinger: 1% user + 0% kernel
05-20 11:18:11.978 E/ActivityManager(  374):     1% 169/EventThread: 1% user + 0% kernel
05-20 11:18:11.978 E/ActivityManager(  374): 100% TOTAL: 96% user + 3.8% kernel
05-20 11:18:11.986 W/ActivityManager(  374): Killing ProcessRecord{422daf30 28030:com.pekall.emdm.launcher:remote/u0a10066}: background ANR
05-20 11:18:11.986 I/ActivityManager(  374): Process com.pekall.emdm.launcher:remote (pid 28030) has died.
05-20 11:18:12.002 D/dalvikvm(26771): JIT unchain all for threadid=11
05-20 11:18:12.072 D/dalvikvm(  374): GC_FOR_ALLOC freed 1663K, 23% free 21318K/27544K, paused 78ms, total 78ms
05-20 11:18:12.072 I/dalvikvm-heap(  374): Grow heap (frag case) to 21.236MB for 393236-byte allocation
05-20 11:18:12.080 I/dalvikvm(26771): Wrote stack traces to '/data/anr/traces.txt'
05-20 11:18:12.142 D/dalvikvm(  374): GC_FOR_ALLOC freed 256K, 24% free 21446K/27932K, paused 71ms, total 71ms
05-20 11:18:12.158 W/ActivityManager(  374): Scheduling restart of crashed service com.pekall.emdm.launcher/com.baidu.location.f in 20000ms
05-20 11:18:13.541 I/PowerManagerService(  374): Going to sleep due to screen timeout...
05-20 11:18:14.197 D/SurfaceFlinger(  124): Screen released, type=0 flinger=0x40e95478
05-20 11:18:14.228 W/Parcel  ( 1661): Attempt to read object from Parcel 0x6013bdac at offset 200 that is not in the object list
05-20 11:18:14.283 V/KeyguardHostView(  374): hide transport, gen:1
05-20 11:18:14.291 V/KeyguardHostView(  374): music state changed: 0
05-20 11:18:14.346 V/WiseDownloadConditionControler(10785): checkCondition  type : TODAY_LAUNCHED_USER  inerrupting: false
05-20 11:18:14.353 W/Parcel  ( 1661): Attempt to read object from Parcel 0x5dfd3dac at offset 200 that is not in the object list
05-20 11:18:14.369 V/MDM :   (26771): [null:-1]->Screen receiver is called.
05-20 11:18:14.377 W/Parcel  ( 1661): Attempt to read object from Parcel 0x6013bdac at offset 200 that is not in the object list
05-20 11:18:32.181 D/dalvikvm(28077): Late-enabling CheckJNI
05-20 11:18:32.181 I/ActivityManager(  374): Start proc com.pekall.emdm.launcher:remote for service com.pekall.emdm.launcher/com.baidu.location.f: pid=28077 uid=10066 gids={50066, 1015, 3002, 3001, 3003, 1028}
05-20 11:18:32.236 V/MyServiceConnection(28077): [SConnection] sandbox service is NOT installed.
05-20 11:18:32.236 V/MyServiceConnection(28077): [SConnection] binding service: pekall.intent.action.SANDBOX_SERVICE
05-20 11:18:32.244 D/ScClassLoader(28077): >> SOURCE FILE: /data/data/com.pekall.emdm.launcher/app_jars/sc-jdk15on-1.47.0.2.dex.jar
05-20 11:18:32.306 D/dalvikvm(28077): GC_CONCURRENT freed 156K, 3% free 9278K/9472K, paused 4ms+2ms, total 41ms
05-20 11:18:32.306 D/dalvikvm(28077): WAIT_FOR_CONCURRENT_GC blocked 12ms
05-20 11:18:32.306 D/dalvikvm(28077): WAIT_FOR_CONCURRENT_GC blocked 10ms
05-20 11:18:32.314 W/Parcel  ( 1661): Attempt to read object from Parcel 0x5ec3bdac at offset 200 that is not in the object list
05-20 11:18:32.314 W/Parcel  ( 1661): Attempt to read object from Parcel 0x5ded3dac at offset 200 that is not in the object list
05-20 11:18:32.314 D/Email   (28077): Email: init sandbox at the beginning.
05-20 11:18:32.314 V/MyServiceConnection(28077): [SConnection] retry to bind service
05-20 11:18:32.314 V/MyServiceConnection(28077): [SConnection] sandbox service is NOT installed.
05-20 11:18:32.314 V/MyServiceConnection(28077): [SConnection] binding service: pekall.intent.action.SANDBOX_SERVICE
05-20 11:18:32.346 V/MyServiceConnection(28077): [SConnection] retry to bind service
05-20 11:18:32.346 V/MyServiceConnection(28077): [SConnection] sandbox service is NOT installed.
05-20 11:18:32.346 V/MyServiceConnection(28077): [SConnection] binding service: pekall.intent.action.SANDBOX_SERVICE
05-20 11:18:32.361 V/l       (28077): Bind requested for task setLogging
05-20 11:18:32.408 D/dalvikvm(28077): GC_CONCURRENT freed 220K, 3% free 9569K/9828K, paused 5ms+8ms, total 32ms
05-20 11:18:32.408 D/dalvikvm(28077): WAIT_FOR_CONCURRENT_GC blocked 2ms
05-20 11:18:32.439 W/DocumentManager(28077): Sandbox service is not connected.
05-20 11:18:32.439 D/MessageControllerImpl(28077): controller is null
05-20 11:18:32.439 V/MyServiceConnection(28077): [SConnection] retry to bind service
05-20 11:18:32.439 V/MyServiceConnection(28077): [SConnection] sandbox service is NOT installed.
05-20 11:18:32.439 V/MyServiceConnection(28077): [SConnection] binding service: pekall.intent.action.SANDBOX_SERVICE
05-20 11:18:32.439 W/SQLiteOpenHelper(28077): Opened /data/data/com.pekall.emdm.launcher/databases/message.db
05-20 11:18:32.447 W/dalvikvm(28077): No implementation found for native Lcom/pekall/sandbox/database/sqlite/SQLiteDatabase;.native_setSqliteSoftHeapLimit:(I)V
05-20 11:18:32.447 D/AndroidRuntime(28077): Shutting down VM
05-20 11:18:32.447 W/dalvikvm(28077): threadid=1: thread exiting with uncaught exception (group=0x419c8700)
05-20 11:18:32.447 D/        (28077): [---null: -1---]  Thread is main
05-20 11:18:32.447 W/System.err(28077): java.lang.UnsatisfiedLinkError: Native method not found: com.pekall.sandbox.database.sqlite.SQLiteDatabase.native_setSqliteSoftHeapLimit:(I)V
05-20 11:18:32.455 W/System.err(28077): 	at com.pekall.sandbox.database.sqlite.SQLiteDatabase.native_setSqliteSoftHeapLimit(Native Method)
05-20 11:18:32.455 W/System.err(28077): 	at com.pekall.sandbox.database.sqlite.SQLiteDatabase.<init>(Unknown Source)
05-20 11:18:32.455 W/System.err(28077): 	at com.pekall.sandbox.database.sqlite.SQLiteDatabase.openDatabase(Unknown Source)
05-20 11:18:32.455 W/System.err(28077): 	at com.pekall.sandbox.database.sqlite.SQLiteDatabase.openDatabase(Unknown Source)
05-20 11:18:32.455 W/System.err(28077): 	at com.pekall.sandbox.database.sqlite.SQLiteDatabase.openDatabase(Unknown Source)
05-20 11:18:32.455 W/System.err(28077): 	at com.pekall.sandbox.database.sqlite.SQLiteOpenHelper.getWritableDatabase(Unknown Source)
05-20 11:18:32.455 W/System.err(28077): 	at com.pekall.emdm.messagecenter.db.a.a(Unknown Source)
05-20 11:18:32.455 W/System.err(28077): 	at com.pekall.emdm.messagecenter.db.a.b(Unknown Source)
05-20 11:18:32.463 W/System.err(28077): 	at com.pekall.emdm.messagecenter.activity.a.onCreate(Unknown Source)
05-20 11:18:32.463 W/System.err(28077): 	at com.pekall.emdm.launcher.LauncherApplication.onCreate(Unknown Source)
05-20 11:18:32.463 W/System.err(28077): 	at android.app.Instrumentation.callApplicationOnCreate(Instrumentation.java:1007)
05-20 11:18:32.463 W/System.err(28077): 	at android.app.ActivityThread.handleBindApplication(ActivityThread.java:4444)
05-20 11:18:32.463 W/System.err(28077): 	at android.app.ActivityThread.access$1300(ActivityThread.java:141)
05-20 11:18:32.463 W/System.err(28077): 	at android.app.ActivityThread$H.handleMessage(ActivityThread.java:1316)
05-20 11:18:32.463 W/System.err(28077): 	at android.os.Handler.dispatchMessage(Handler.java:99)
05-20 11:18:32.463 W/System.err(28077): 	at android.os.Looper.loop(Looper.java:137)
05-20 11:18:32.463 W/System.err(28077): 	at android.app.ActivityThread.main(ActivityThread.java:5103)
05-20 11:18:32.463 W/System.err(28077): 	at java.lang.reflect.Method.invokeNative(Native Method)
05-20 11:18:32.463 W/System.err(28077): 	at java.lang.reflect.Method.invoke(Method.java:525)
05-20 11:18:32.463 W/System.err(28077): 	at com.android.internal.os.ZygoteInit$MethodAndArgsCaller.run(ZygoteInit.java:737)
05-20 11:18:32.463 W/System.err(28077): 	at com.android.internal.os.ZygoteInit.main(ZygoteInit.java:553)
05-20 11:18:32.463 W/System.err(28077): 	at dalvik.system.NativeStart.main(Native Method)
05-20 11:18:32.510 D/ActivityThread(28077): Loading provider com.pekall.semail.provider;com.pekall.semail.notifier: com.pekall.semail.provider.EmailProvider
05-20 11:18:32.525 D/ActivityThread(28077): Loading provider com.pekall.semail.provider;com.pekall.semail.notifier: com.pekall.semail.provider.EmailProvider
05-20 11:18:32.697 D/dalvikvm(28077): GC_CONCURRENT freed 484K, 6% free 9493K/10016K, paused 4ms+12ms, total 57ms
05-20 11:18:33.408 W/EmailProvider(28077): restoreIfNeeded...
05-20 11:18:33.510 D/EmailProvider(28077): restoreAccounts...
05-20 11:18:34.228 V/a       (26771): Wait for reconcileAccounts finished in 45039ms
05-20 11:18:34.299 D/EmailProvider(28077): No accounts to restore...
05-20 11:18:34.369 D/EmailProvider(28077): Deleting orphans...
05-20 11:18:34.455 D/ExchangeService(26771): !!! EAS ExchangeService, stopping self
05-20 11:18:34.572 D/EmailProvider(28077): EmailProvider pre-caching...
05-20 11:18:35.142 D/EmailProvider(28077): EmailProvider ready.
05-20 11:18:35.338 W/ActivityManager(  374): Unable to start service Intent { cmp=com.pekall.emdm.launcher/com.pekall.semail.service.AttachmentDownloadService } U=0: not found
05-20 11:18:35.353 I/Email   (28077): Notifications being toggled: false
05-20 11:18:51.760 V/WiseDownloadConditionControler(10785): checkCondition  type : WISE_DOWNLOAD  inerrupting: true
05-20 11:18:51.775 W/Parcel  ( 1661): Attempt to read object from Parcel 0x6003bdac at offset 200 that is not in the object list
05-20 11:18:52.033 W/Parcel  ( 1661): Attempt to read object from Parcel 0x5ef3bdac at offset 200 that is not in the object list
05-20 11:18:52.213 W/ActivityManager(  374): Timeout executing service: ServiceRecord{42d711c0 u0 com.pekall.emdm.launcher/com.baidu.location.f}
05-20 11:18:52.236 I/Process (  374): Sending signal. PID: 28077 SIG: 3
05-20 11:18:52.252 I/dalvikvm(28077): threadid=3: reacting to signal 3
05-20 11:18:52.447 I/Process (  374): Sending signal. PID: 374 SIG: 3
05-20 11:18:52.447 I/dalvikvm(  374): threadid=3: reacting to signal 3
05-20 11:18:52.502 D/dalvikvm(28077): JIT unchain all for threadid=11
05-20 11:18:52.572 I/dalvikvm(28077): Wrote stack traces to '/data/anr/traces.txt'
05-20 11:18:57.385 W/Parcel  ( 1661): Attempt to read object from Parcel 0x5ec3bdac at offset 200 that is not in the object list
05-20 11:18:58.588 D/dalvikvm( 1468): GC_CONCURRENT freed 528K, 21% free 9601K/12104K, paused 205ms+129ms, total 1055ms
05-20 11:18:58.596 D/dalvikvm( 1468): WAIT_FOR_CONCURRENT_GC blocked 589ms
05-20 11:18:59.236 I/Process (  374): Sending signal. PID: 448 SIG: 3
05-20 11:18:59.236 I/dalvikvm(  448): threadid=3: reacting to signal 3
05-20 11:18:59.236 I/dalvikvm(  374): Wrote stack traces to '/data/anr/traces.txt'
05-20 11:18:59.244 I/Process (  374): Sending signal. PID: 561 SIG: 3
05-20 11:18:59.244 I/dalvikvm(  561): threadid=3: reacting to signal 3
05-20 11:18:59.322 I/dalvikvm(  561): Wrote stack traces to '/data/anr/traces.txt'
05-20 11:18:59.330 I/Process (  374): Sending signal. PID: 568 SIG: 3
05-20 11:18:59.330 I/dalvikvm(  568): threadid=3: reacting to signal 3
05-20 11:18:59.338 W/MountService(  374): getVolumeState(/storage/emulated/0/external_sd): Unknown volume
05-20 11:18:59.416 W/MountService(  374): getVolumeState(/mnt/sdcard-ext): Unknown volume
05-20 11:18:59.424 I/dalvikvm(  568): Wrote stack traces to '/data/anr/traces.txt'
05-20 11:18:59.439 W/MountService(  374): getVolumeState(/mnt/ext_sdcard): Unknown volume
05-20 11:18:59.494 W/MountService(  374): getVolumeState(/mnt/sdcard2): Unknown volume
05-20 11:18:59.494 W/MountService(  374): getVolumeState(/mnt/emmc): Unknown volume
05-20 11:18:59.510 W/MountService(  374): getVolumeState(/mnt/extSdCard): Unknown volume
05-20 11:18:59.549 W/MountService(  374): getVolumeState(/mnt/sdcard/SD_CARD): Unknown volume
05-20 11:18:59.549 W/MountService(  374): getVolumeState(/mnt/sdcard/extra_sd): Unknown volume
05-20 11:18:59.556 W/MountService(  374): getVolumeState(/mnt/extrasd_bind): Unknown volume
05-20 11:18:59.572 W/MountService(  374): getVolumeState(/mnt/sdcard/ext_sd): Unknown volume
05-20 11:18:59.619 W/MountService(  374): getVolumeState(/storage/extSdCard): Unknown volume
05-20 11:18:59.635 W/MountService(  374): getVolumeState(/storage/sdcard1): Unknown volume
05-20 11:18:59.642 W/MountService(  374): getVolumeState(/mnt/sdcard/external_SD): Unknown volume
05-20 11:18:59.666 W/MountService(  374): getVolumeState(/mnt/sdcard/external_sd): Unknown volume
05-20 11:18:59.721 I/dalvikvm(  448): Wrote stack traces to '/data/anr/traces.txt'
05-20 11:19:00.205 D/dalvikvm(  374): GC_EXPLICIT freed 2887K, 24% free 21278K/27932K, paused 12ms+29ms, total 199ms
05-20 11:19:00.830 I/Process (  374): Sending signal. PID: 26771 SIG: 3
05-20 11:19:00.830 I/dalvikvm(26771): threadid=3: reacting to signal 3
05-20 11:19:01.033 I/Process (  374): Sending signal. PID: 1468 SIG: 3
05-20 11:19:01.041 I/dalvikvm( 1468): threadid=3: reacting to signal 3
05-20 11:19:01.080 D/dalvikvm(26771): JIT unchain all for threadid=11
05-20 11:19:01.181 I/dalvikvm(26771): Wrote stack traces to '/data/anr/traces.txt'
05-20 11:19:01.228 E/ActivityManager(  374): ANR in com.pekall.emdm.launcher:remote
05-20 11:19:01.228 E/ActivityManager(  374): Reason: Executing service com.pekall.emdm.launcher/com.baidu.location.f
05-20 11:19:01.228 E/ActivityManager(  374): Load: 2.71 / 2.07 / 1.88
05-20 11:19:01.228 E/ActivityManager(  374): CPU usage from 0ms to 8971ms later with 99% awake:
05-20 11:19:01.228 E/ActivityManager(  374):   90% 26771/com.pekall.emdm.launcher: 89% user + 0.2% kernel / faults: 237 minor
05-20 11:19:01.228 E/ActivityManager(  374):   83% 28077/com.pekall.emdm.launcher:remote: 83% user + 0.3% kernel / faults: 114 minor
05-20 11:19:01.228 E/ActivityManager(  374):   19% 374/system_server: 15% user + 3.4% kernel / faults: 343 minor
05-20 11:19:01.228 E/ActivityManager(  374):   2.8% 448/com.android.systemui: 2.7% user + 0.1% kernel / faults: 24 minor
05-20 11:19:01.228 E/ActivityManager(  374):   0.3% 1468/com.qihoo.daemon: 0.2% user + 0% kernel / faults: 752 minor
05-20 11:19:01.228 E/ActivityManager(  374):   0.5% 561/com.android.phone: 0.2% user + 0.3% kernel / faults: 27 minor
05-20 11:19:01.228 E/ActivityManager(  374):   0% 568/com.android.nfc: 0% user + 0% kernel / faults: 32 minor
05-20 11:19:01.228 E/ActivityManager(  374):   0.2% 82/mmcqd/0: 0% user + 0.2% kernel
05-20 11:19:01.228 E/ActivityManager(  374):   0.2% 24876/com.qihoo.appstore: 0.1% user + 0.1% kernel / faults: 2 minor
05-20 11:19:01.228 E/ActivityManager(  374):   0.1% 114/jbd2/mmcblk0p12: 0% user + 0.1% kernel
05-20 11:19:01.228 E/ActivityManager(  374):   0% 1615/logcat: 0% user + 0% kernel
05-20 11:19:01.228 E/ActivityManager(  374):   0.1% 27741/com.nd.assistance.ServerService: 0% user + 0.1% kernel / faults: 4 minor
05-20 11:19:01.228 E/ActivityManager(  374): 100% TOTAL: 97% user + 2.6% kernel
05-20 11:19:01.228 E/ActivityManager(  374): CPU usage from 7992ms to 8550ms later:
05-20 11:19:01.228 E/ActivityManager(  374):   92% 28077/com.pekall.emdm.launcher:remote: 92% user + 0% kernel
05-20 11:19:01.228 E/ActivityManager(  374):     92% 28090/Thread-1254: 92% user + 0% kernel
05-20 11:19:01.228 E/ActivityManager(  374):   91% 26771/com.pekall.emdm.launcher: 91% user + 0% kernel
05-20 11:19:01.228 E/ActivityManager(  374):     91% 26784/Thread-1176: 91% user + 0% kernel
05-20 11:19:01.228 E/ActivityManager(  374):   10% 374/system_server: 3.5% user + 7.1% kernel
05-20 11:19:01.228 E/ActivityManager(  374):     10% 390/ActivityManager: 1.7% user + 8.9% kernel
05-20 11:19:01.228 E/ActivityManager(  374):     1.7% 3489/Binder_10: 1.7% user + 0% kernel
05-20 11:19:01.228 E/ActivityManager(  374):   1.7% 1468/com.qihoo.daemon: 1.7% user + 0% kernel / faults: 260 minor
05-20 11:19:01.228 E/ActivityManager(  374):     1.7% 23965/pool-97-thread-: 1.7% user + 0% kernel
05-20 11:19:01.228 E/ActivityManager(  374): 100% TOTAL: 96% user + 3.6% kernel
05-20 11:19:01.252 W/ActivityManager(  374): Killing ProcessRecord{42290b90 28077:com.pekall.emdm.launcher:remote/u0a10066}: background ANR
05-20 11:19:01.338 D/ExchangeService(26771): !!! EAS ExchangeService, onDestroy
05-20 11:19:01.338 I/ActivityManager(  374): Process com.pekall.emdm.launcher:remote (pid 28077) has died.
05-20 11:19:01.338 W/ActivityManager(  374): Scheduling restart of crashed service com.pekall.emdm.launcher/com.baidu.location.f in 80000ms
05-20 11:19:01.588 I/dalvikvm( 1468): Wrote stack traces to '/data/anr/traces.txt'
05-20 11:19:01.603 D/dalvikvm( 1468): GC_CONCURRENT freed 385K, 21% free 9608K/12104K, paused 72ms+436ms, total 581ms
05-20 11:19:01.705 W/MountService(  374): getVolumeState(/storage/emulated/0/external_sd): Unknown volume
05-20 11:19:01.705 W/MountService(  374): getVolumeState(/mnt/sdcard-ext): Unknown volume
05-20 11:19:01.705 W/MountService(  374): getVolumeState(/mnt/ext_sdcard): Unknown volume
05-20 11:19:01.705 W/MountService(  374): getVolumeState(/mnt/sdcard2): Unknown volume
05-20 11:19:01.705 W/MountService(  374): getVolumeState(/mnt/emmc): Unknown volume
05-20 11:19:01.705 W/MountService(  374): getVolumeState(/mnt/extSdCard): Unknown volume
05-20 11:19:01.705 W/MountService(  374): getVolumeState(/mnt/sdcard/SD_CARD): Unknown volume
05-20 11:19:01.713 W/MountService(  374): getVolumeState(/mnt/sdcard/extra_sd): Unknown volume
05-20 11:19:01.713 W/MountService(  374): getVolumeState(/mnt/extrasd_bind): Unknown volume
05-20 11:19:01.713 W/MountService(  374): getVolumeState(/mnt/sdcard/ext_sd): Unknown volume
05-20 11:19:01.713 W/MountService(  374): getVolumeState(/storage/extSdCard): Unknown volume
05-20 11:19:01.713 W/MountService(  374): getVolumeState(/storage/sdcard1): Unknown volume
05-20 11:19:01.713 W/MountService(  374): getVolumeState(/mnt/sdcard/external_SD): Unknown volume
05-20 11:19:01.713 W/MountService(  374): getVolumeState(/mnt/sdcard/external_sd): Unknown volume
05-20 11:19:01.767 D/dalvikvm( 1468): GC_CONCURRENT freed 474K, 21% free 9631K/12104K, paused 6ms+7ms, total 46ms
05-20 11:19:12.127 I/ActivityManager(  374): No longer want com.google.android.exchange (pid 25713): empty for 1804s
05-20 11:19:16.064 I/Email   (26593): ReconcilePopImapAccountsSync: start
05-20 11:19:16.096 W/Email   (26593): Received BYE
05-20 11:19:16.096 I/Email   (26593): ReconcilePopImapAccountsSync: done
05-20 11:19:16.502 D/Email   (26593): *** synchronizeMailboxGeneric ***
05-20 11:19:22.978 D/dalvikvm( 1661): GC_EXPLICIT freed 776K, 18% free 13119K/15888K, paused 3ms+5ms, total 62ms
05-20 11:19:28.049 D/dalvikvm( 1661): GC_EXPLICIT freed 43K, 18% free 13076K/15888K, paused 3ms+5ms, total 60ms
05-20 11:19:38.049 D/dalvikvm( 1661): GC_EXPLICIT freed <1K, 18% free 13076K/15888K, paused 2ms+5ms, total 59ms
05-20 11:19:42.150 I/ActivityManager(  374): No longer want com.dragon.android.pandaspace:bdservice_v1 (pid 26624): empty for 1808s
05-20 11:19:42.158 W/ActivityManager(  374): Scheduling restart of crashed service com.dragon.android.pandaspace/com.baidu.android.moplus.MoPlusService in 5000ms
05-20 11:19:44.681 V/WiseDownloadConditionControler(10785): checkCondition  type : WISE_DOWNLOAD  inerrupting: true
05-20 11:19:44.689 W/Parcel  ( 1661): Attempt to read object from Parcel 0x5ded3dac at offset 200 that is not in the object list
05-20 11:19:47.189 I/dalvikvm(28109): Turning on JNI app bug workarounds for target SDK version 8...
05-20 11:19:47.189 I/ActivityManager(  374): Start proc com.dragon.android.pandaspace:bdservice_v1 for service com.dragon.android.pandaspace/com.baidu.android.moplus.MoPlusService: pid=28109 uid=10074 gids={50074, 1015, 3003, 1006, 1028}
05-20 11:19:47.236 D/dalvikvm(28109): Trying to load lib /data/app-lib/com.dragon.android.pandaspace-1/libroot.so 0x42286ad0
05-20 11:19:47.244 D/dalvikvm(28109): Added shared lib /data/app-lib/com.dragon.android.pandaspace-1/libroot.so 0x42286ad0
05-20 11:19:47.244 I/RootJni (28109): JNI_OnLoad......
05-20 11:19:47.478 D/dalvikvm(28109): GC_CONCURRENT freed 308K, 4% free 9125K/9472K, paused 4ms+14ms, total 56ms
05-20 11:19:47.478 D/dalvikvm(28109): WAIT_FOR_CONCURRENT_GC blocked 3ms
05-20 11:19:47.486 W/Parcel  ( 1661): Attempt to read object from Parcel 0x5ded3dac at offset 200 that is not in the object list
05-20 11:19:47.642 D/dalvikvm(28109): GC_CONCURRENT freed 392K, 5% free 9245K/9676K, paused 8ms+11ms, total 52ms
05-20 11:19:47.642 D/dalvikvm(28109): WAIT_FOR_CONCURRENT_GC blocked 3ms
05-20 11:19:47.642 D/dalvikvm(28109): WAIT_FOR_CONCURRENT_GC blocked 4ms
05-20 11:19:47.752 D/dalvikvm(28109): GC_CONCURRENT freed 296K, 4% free 9458K/9796K, paused 3ms+2ms, total 33ms
05-20 11:19:47.752 D/dalvikvm(28109): WAIT_FOR_CONCURRENT_GC blocked 7ms
05-20 11:19:47.814 D/dalvikvm(28109): GC_CONCURRENT freed 402K, 5% free 9531K/10004K, paused 3ms+3ms, total 30ms
05-20 11:19:47.814 D/dalvikvm(28109): WAIT_FOR_CONCURRENT_GC blocked 13ms
05-20 11:19:47.877 I/dalvikvm(28109): Failed resolving Lcom/baidu/android/nebula/util/BDLocationManager$BaiduLocationListener; interface 1169 'Lcom/baidu/location/BDLocationListener;'
05-20 11:19:47.877 W/dalvikvm(28109): Link of class 'Lcom/baidu/android/nebula/util/BDLocationManager$BaiduLocationListener;' failed
05-20 11:19:47.877 W/dalvikvm(28109): VFY: unable to find class referenced in signature (Lcom/baidu/location/LocationClient;)
05-20 11:19:47.885 I/dalvikvm(28109): Failed resolving Lcom/baidu/android/nebula/util/BDLocationManager$BaiduLocationListener; interface 1169 'Lcom/baidu/location/BDLocationListener;'
05-20 11:19:47.885 W/dalvikvm(28109): Link of class 'Lcom/baidu/android/nebula/util/BDLocationManager$BaiduLocationListener;' failed
05-20 11:19:47.885 I/dalvikvm(28109): Failed resolving Lcom/baidu/android/nebula/util/BDLocationManager$BaiduLocationListener; interface 1169 'Lcom/baidu/location/BDLocationListener;'
05-20 11:19:47.885 W/dalvikvm(28109): Link of class 'Lcom/baidu/android/nebula/util/BDLocationManager$BaiduLocationListener;' failed
05-20 11:19:47.892 I/dalvikvm(28109): Could not find method com.baidu.location.LocationClient.unRegisterLocationListener, referenced from method com.baidu.android.nebula.util.BDLocationManager.d
05-20 11:19:47.892 W/dalvikvm(28109): VFY: unable to resolve virtual method 7866: Lcom/baidu/location/LocationClient;.unRegisterLocationListener (Lcom/baidu/location/BDLocationListener;)V
05-20 11:19:47.892 D/dalvikvm(28109): VFY: replacing opcode 0x6e at 0x0012
05-20 11:19:47.892 E/dalvikvm(28109): Could not find class 'com.baidu.location.LocationClient', referenced from method com.baidu.android.nebula.util.BDLocationManager.e
05-20 11:19:47.892 W/dalvikvm(28109): VFY: unable to resolve new-instance 1170 (Lcom/baidu/location/LocationClient;) in Lcom/baidu/android/nebula/util/BDLocationManager;
05-20 11:19:47.892 D/dalvikvm(28109): VFY: replacing opcode 0x22 at 0x0000
05-20 11:19:47.892 E/dalvikvm(28109): Could not find class 'com.baidu.location.LocationClientOption', referenced from method com.baidu.android.nebula.util.BDLocationManager.f
05-20 11:19:47.892 W/dalvikvm(28109): VFY: unable to resolve new-instance 1171 (Lcom/baidu/location/LocationClientOption;) in Lcom/baidu/android/nebula/util/BDLocationManager;
05-20 11:19:47.892 D/dalvikvm(28109): VFY: replacing opcode 0x22 at 0x0000
05-20 11:19:47.892 W/dalvikvm(28109): VFY: unable to find class referenced in signature (Lcom/baidu/location/LocationClientOption;)
05-20 11:19:47.892 I/dalvikvm(28109): Could not find method com.baidu.location.LocationClientOption.setOpenGps, referenced from method com.baidu.android.nebula.util.BDLocationManager.a
05-20 11:19:47.892 W/dalvikvm(28109): VFY: unable to resolve virtual method 7870: Lcom/baidu/location/LocationClientOption;.setOpenGps (Z)V
05-20 11:19:47.892 D/dalvikvm(28109): VFY: replacing opcode 0x6e at 0x0009
05-20 11:19:47.892 D/dalvikvm(28109): DexOpt: unable to opt direct call 0x1eb3 at 0x04 in Lcom/baidu/android/nebula/util/BDLocationManager;.e
05-20 11:19:47.900 I/dalvikvm(28109): Failed resolving Lcom/baidu/android/nebula/util/BDLocationManager$BaiduLocationListener; interface 1169 'Lcom/baidu/location/BDLocationListener;'
05-20 11:19:47.900 W/dalvikvm(28109): Link of class 'Lcom/baidu/android/nebula/util/BDLocationManager$BaiduLocationListener;' failed
05-20 11:19:47.900 D/dalvikvm(28109): DexOpt: unable to opt direct call 0x1cc1 at 0x0b in Lcom/baidu/android/nebula/util/BDLocationManager;.e
05-20 11:19:47.900 D/dalvikvm(28109): GC_CONCURRENT freed 784K, 9% free 9251K/10080K, paused 2ms+9ms, total 37ms
05-20 11:19:47.900 D/dalvikvm(28109): DexOpt: unable to opt direct call 0x1ebb at 0x02 in Lcom/baidu/android/nebula/util/BDLocationManager;.f
05-20 11:19:47.900 W/Parcel  ( 1661): Attempt to read object from Parcel 0x6013bdac at offset 200 that is not in the object list
05-20 11:19:48.002 D/dalvikvm(28109): GC_CONCURRENT freed 208K, 6% free 9523K/10080K, paused 3ms+4ms, total 41ms
05-20 11:19:48.080 W/Parcel  ( 1661): Attempt to read object from Parcel 0x5ef3bdac at offset 200 that is not in the object list
05-20 11:19:48.080 W/Parcel  ( 1661): Attempt to read object from Parcel 0x5ec3bdac at offset 200 that is not in the object list
05-20 11:19:57.572 W/MountService(  374): getVolumeState(/storage/emulated/0/external_sd): Unknown volume
05-20 11:19:57.572 W/MountService(  374): getVolumeState(/mnt/sdcard-ext): Unknown volume
05-20 11:19:57.580 W/MountService(  374): getVolumeState(/mnt/ext_sdcard): Unknown volume
05-20 11:19:57.580 W/MountService(  374): getVolumeState(/mnt/sdcard2): Unknown volume
05-20 11:19:57.580 W/MountService(  374): getVolumeState(/mnt/emmc): Unknown volume
05-20 11:19:57.580 W/MountService(  374): getVolumeState(/mnt/extSdCard): Unknown volume
05-20 11:19:57.580 W/MountService(  374): getVolumeState(/mnt/sdcard/SD_CARD): Unknown volume
05-20 11:19:57.580 W/MountService(  374): getVolumeState(/mnt/sdcard/extra_sd): Unknown volume
05-20 11:19:57.580 W/MountService(  374): getVolumeState(/mnt/extrasd_bind): Unknown volume
05-20 11:19:57.580 W/MountService(  374): getVolumeState(/mnt/sdcard/ext_sd): Unknown volume
05-20 11:19:57.588 W/MountService(  374): getVolumeState(/storage/extSdCard): Unknown volume
05-20 11:19:57.588 W/MountService(  374): getVolumeState(/storage/sdcard1): Unknown volume
05-20 11:19:57.588 W/MountService(  374): getVolumeState(/mnt/sdcard/external_SD): Unknown volume
05-20 11:19:57.588 W/MountService(  374): getVolumeState(/mnt/sdcard/external_sd): Unknown volume
05-20 11:19:57.674 D/dalvikvm( 1468): GC_CONCURRENT freed 472K, 21% free 9602K/12104K, paused 8ms+4ms, total 58ms
05-20 11:19:57.869 D/dalvikvm(  561): GC_EXPLICIT freed 354K, 5% free 9417K/9848K, paused 2ms+5ms, total 66ms
05-20 11:19:58.002 W/MountService(  374): getVolumeState(/storage/emulated/0/external_sd): Unknown volume
05-20 11:19:58.002 W/MountService(  374): getVolumeState(/mnt/sdcard-ext): Unknown volume
05-20 11:19:58.002 W/MountService(  374): getVolumeState(/mnt/ext_sdcard): Unknown volume
05-20 11:19:58.002 W/MountService(  374): getVolumeState(/mnt/sdcard2): Unknown volume
05-20 11:19:58.002 W/MountService(  374): getVolumeState(/mnt/emmc): Unknown volume
05-20 11:19:58.002 W/MountService(  374): getVolumeState(/mnt/extSdCard): Unknown volume
05-20 11:19:58.002 W/MountService(  374): getVolumeState(/mnt/sdcard/SD_CARD): Unknown volume
05-20 11:19:58.010 W/MountService(  374): getVolumeState(/mnt/sdcard/extra_sd): Unknown volume
05-20 11:19:58.010 W/MountService(  374): getVolumeState(/mnt/extrasd_bind): Unknown volume
05-20 11:19:58.010 W/MountService(  374): getVolumeState(/mnt/sdcard/ext_sd): Unknown volume
05-20 11:19:58.010 W/MountService(  374): getVolumeState(/storage/extSdCard): Unknown volume
05-20 11:19:58.010 W/MountService(  374): getVolumeState(/storage/sdcard1): Unknown volume
05-20 11:19:58.010 W/MountService(  374): getVolumeState(/mnt/sdcard/external_SD): Unknown volume
05-20 11:19:58.017 W/MountService(  374): getVolumeState(/mnt/sdcard/external_sd): Unknown volume
05-20 11:19:58.041 D/dalvikvm( 1468): GC_CONCURRENT freed 478K, 21% free 9628K/12104K, paused 4ms+4ms, total 49ms
05-20 11:19:58.041 D/dalvikvm( 1468): WAIT_FOR_CONCURRENT_GC blocked 20ms
05-20 11:19:58.049 D/dalvikvm( 1468): WAIT_FOR_CONCURRENT_GC blocked 23ms
05-20 11:20:18.744 D/dalvikvm(27741): GC_CONCURRENT freed 383K, 5% free 9150K/9576K, paused 2ms+3ms, total 24ms
05-20 11:20:21.361 I/ActivityManager(  374): Start proc com.pekall.emdm.launcher:remote for service com.pekall.emdm.launcher/com.baidu.location.f: pid=28138 uid=10066 gids={50066, 1015, 3002, 3001, 3003, 1028}
05-20 11:20:21.369 D/dalvikvm(28138): Late-enabling CheckJNI
05-20 11:20:21.424 V/MyServiceConnection(28138): [SConnection] sandbox service is NOT installed.
05-20 11:20:21.424 V/MyServiceConnection(28138): [SConnection] binding service: pekall.intent.action.SANDBOX_SERVICE
05-20 11:20:21.431 D/ScClassLoader(28138): >> SOURCE FILE: /data/data/com.pekall.emdm.launcher/app_jars/sc-jdk15on-1.47.0.2.dex.jar
05-20 11:20:21.494 D/dalvikvm(28138): GC_CONCURRENT freed 160K, 3% free 9274K/9472K, paused 4ms+3ms, total 41ms
05-20 11:20:21.494 D/dalvikvm(28138): WAIT_FOR_CONCURRENT_GC blocked 10ms
05-20 11:20:21.502 D/dalvikvm(28138): WAIT_FOR_CONCURRENT_GC blocked 16ms
05-20 11:20:21.517 W/Parcel  ( 1661): Attempt to read object from Parcel 0x5dfd3dac at offset 200 that is not in the object list
05-20 11:20:21.517 W/Parcel  ( 1661): Attempt to read object from Parcel 0x6013bdac at offset 200 that is not in the object list
05-20 11:20:21.517 D/Email   (28138): Email: init sandbox at the beginning.
05-20 11:20:21.517 V/MyServiceConnection(28138): [SConnection] retry to bind service
05-20 11:20:21.525 V/MyServiceConnection(28138): [SConnection] sandbox service is NOT installed.
05-20 11:20:21.525 V/MyServiceConnection(28138): [SConnection] binding service: pekall.intent.action.SANDBOX_SERVICE
05-20 11:20:21.549 V/MyServiceConnection(28138): [SConnection] retry to bind service
05-20 11:20:21.549 V/MyServiceConnection(28138): [SConnection] sandbox service is NOT installed.
05-20 11:20:21.549 V/MyServiceConnection(28138): [SConnection] binding service: pekall.intent.action.SANDBOX_SERVICE
05-20 11:20:21.556 V/l       (28138): Bind requested for task setLogging
05-20 11:20:21.564 D/ExchangeService(26771): !!! EAS ExchangeService, onCreate
05-20 11:20:21.564 W/Parcel  ( 1661): Attempt to read object from Parcel 0x6003bdac at offset 200 that is not in the object list
05-20 11:20:21.572 D/ExchangeService(26771): !!! EAS ExchangeService, onStartCommand, startingUp = false, running = false
05-20 11:20:21.572 D/ExchangeService(26771): to start secureStorageService now
05-20 11:20:21.588 V/a       (26771): Bind requested for task test
05-20 11:20:21.596 D/dalvikvm(28138): GC_CONCURRENT freed 155K, 3% free 9540K/9736K, paused 11ms+2ms, total 32ms
05-20 11:20:21.642 W/DocumentManager(28138): Sandbox service is not connected.
05-20 11:20:21.642 D/MessageControllerImpl(28138): controller is null
05-20 11:20:21.642 V/MyServiceConnection(28138): [SConnection] retry to bind service
05-20 11:20:21.642 V/MyServiceConnection(28138): [SConnection] sandbox service is NOT installed.
05-20 11:20:21.642 V/MyServiceConnection(28138): [SConnection] binding service: pekall.intent.action.SANDBOX_SERVICE
05-20 11:20:21.650 W/SQLiteOpenHelper(28138): Opened /data/data/com.pekall.emdm.launcher/databases/message.db
05-20 11:20:21.650 W/dalvikvm(28138): No implementation found for native Lcom/pekall/sandbox/database/sqlite/SQLiteDatabase;.native_setSqliteSoftHeapLimit:(I)V
05-20 11:20:21.658 D/AndroidRuntime(28138): Shutting down VM
05-20 11:20:21.658 W/dalvikvm(28138): threadid=1: thread exiting with uncaught exception (group=0x419c8700)
05-20 11:20:21.658 D/        (28138): [---null: -1---]  Thread is main
05-20 11:20:21.658 W/System.err(28138): java.lang.UnsatisfiedLinkError: Native method not found: com.pekall.sandbox.database.sqlite.SQLiteDatabase.native_setSqliteSoftHeapLimit:(I)V
05-20 11:20:21.658 W/System.err(28138): 	at com.pekall.sandbox.database.sqlite.SQLiteDatabase.native_setSqliteSoftHeapLimit(Native Method)
05-20 11:20:21.666 W/System.err(28138): 	at com.pekall.sandbox.database.sqlite.SQLiteDatabase.<init>(Unknown Source)
05-20 11:20:21.666 W/System.err(28138): 	at com.pekall.sandbox.database.sqlite.SQLiteDatabase.openDatabase(Unknown Source)
05-20 11:20:21.666 W/System.err(28138): 	at com.pekall.sandbox.database.sqlite.SQLiteDatabase.openDatabase(Unknown Source)
05-20 11:20:21.666 W/System.err(28138): 	at com.pekall.sandbox.database.sqlite.SQLiteDatabase.openDatabase(Unknown Source)
05-20 11:20:21.666 W/System.err(28138): 	at com.pekall.sandbox.database.sqlite.SQLiteOpenHelper.getWritableDatabase(Unknown Source)
05-20 11:20:21.666 W/System.err(28138): 	at com.pekall.emdm.messagecenter.db.a.a(Unknown Source)
05-20 11:20:21.666 W/System.err(28138): 	at com.pekall.emdm.messagecenter.db.a.b(Unknown Source)
05-20 11:20:21.666 W/System.err(28138): 	at com.pekall.emdm.messagecenter.activity.a.onCreate(Unknown Source)
05-20 11:20:21.666 W/System.err(28138): 	at com.pekall.emdm.launcher.LauncherApplication.onCreate(Unknown Source)
05-20 11:20:21.666 W/System.err(28138): 	at android.app.Instrumentation.callApplicationOnCreate(Instrumentation.java:1007)
05-20 11:20:21.666 W/System.err(28138): 	at android.app.ActivityThread.handleBindApplication(ActivityThread.java:4444)
05-20 11:20:21.666 W/System.err(28138): 	at android.app.ActivityThread.access$1300(ActivityThread.java:141)
05-20 11:20:21.681 W/System.err(28138): 	at android.app.ActivityThread$H.handleMessage(ActivityThread.java:1316)
05-20 11:20:21.681 W/System.err(28138): 	at android.os.Handler.dispatchMessage(Handler.java:99)
05-20 11:20:21.681 W/System.err(28138): 	at android.os.Looper.loop(Looper.java:137)
05-20 11:20:21.681 W/System.err(28138): 	at android.app.ActivityThread.main(ActivityThread.java:5103)
05-20 11:20:21.681 W/System.err(28138): 	at java.lang.reflect.Method.invokeNative(Native Method)
05-20 11:20:21.681 W/System.err(28138): 	at java.lang.reflect.Method.invoke(Method.java:525)
05-20 11:20:21.681 W/System.err(28138): 	at com.android.internal.os.ZygoteInit$MethodAndArgsCaller.run(ZygoteInit.java:737)
05-20 11:20:21.681 W/System.err(28138): 	at com.android.internal.os.ZygoteInit.main(ZygoteInit.java:553)
05-20 11:20:21.681 W/System.err(28138): 	at dalvik.system.NativeStart.main(Native Method)
05-20 11:20:21.721 D/dalvikvm(28138): GC_CONCURRENT freed 255K, 3% free 9739K/10036K, paused 15ms+12ms, total 55ms
05-20 11:20:21.721 V/a       (26771): Connected: com.pekall.semail.service.AccountServiceInternal
05-20 11:20:21.721 D/ActivityThread(28138): Loading provider com.pekall.semail.provider;com.pekall.semail.notifier: com.pekall.semail.provider.EmailProvider
05-20 11:20:21.728 D/ActivityThread(28138): Loading provider com.pekall.semail.provider;com.pekall.semail.notifier: com.pekall.semail.provider.EmailProvider
05-20 11:20:21.736 V/a       (26771): Connection test succeeded in 148ms
05-20 11:20:21.736 V/a       (26771): Task test completed; disconnecting
05-20 11:20:21.846 D/ExchangeService(26771): Reconciling accounts...
05-20 11:20:21.861 V/a       (26771): Bind requested for task reconcileAccounts
05-20 11:20:21.885 V/a       (26771): Connected: com.pekall.semail.service.AccountServiceInternal
05-20 11:20:21.892 V/a       (26771): Waiting for task reconcileAccounts to complete...
05-20 11:20:21.908 V/a       (26771): Task reconcileAccounts completed; disconnecting
05-20 11:20:22.025 V/a       (26771): Wait for reconcileAccounts finished in 133ms
05-20 11:20:22.260 D/ExchangeService(26771): !!! EAS ExchangeService, stopping self
05-20 11:20:22.510 W/EmailProvider(28138): restoreIfNeeded...
05-20 11:20:22.556 D/EmailProvider(28138): restoreAccounts...
05-20 11:20:22.994 D/EmailProvider(28138): No accounts to restore...
05-20 11:20:23.010 D/EmailProvider(28138): Deleting orphans...
05-20 11:20:23.025 D/EmailProvider(28138): EmailProvider pre-caching...
05-20 11:20:23.463 D/dalvikvm(  374): GC_EXPLICIT freed 2845K, 26% free 20702K/27932K, paused 5ms+27ms, total 214ms
05-20 11:20:23.603 D/EmailProvider(28138): EmailProvider ready.
05-20 11:20:23.885 W/ActivityManager(  374): Unable to start service Intent { cmp=com.pekall.emdm.launcher/com.pekall.semail.service.AttachmentDownloadService } U=0: not found
05-20 11:20:23.900 I/Email   (28138): Notifications being toggled: false
05-20 11:20:35.721 D/dalvikvm(24876): GC_CONCURRENT freed 387K, 5% free 9527K/9968K, paused 10ms+2ms, total 523ms
05-20 11:20:41.416 W/ActivityManager(  374): Timeout executing service: ServiceRecord{42d711c0 u0 com.pekall.emdm.launcher/com.baidu.location.f}
05-20 11:20:41.447 I/Process (  374): Sending signal. PID: 28138 SIG: 3
05-20 11:20:41.447 I/dalvikvm(28138): threadid=3: reacting to signal 3
05-20 11:20:41.642 I/Process (  374): Sending signal. PID: 374 SIG: 3
05-20 11:20:41.642 I/dalvikvm(  374): threadid=3: reacting to signal 3
05-20 11:20:41.697 D/dalvikvm(28138): JIT unchain all for threadid=12
05-20 11:20:41.752 I/dalvikvm(28138): Wrote stack traces to '/data/anr/traces.txt'
05-20 11:20:46.596 I/dalvikvm(  374): Wrote stack traces to '/data/anr/traces.txt'
05-20 11:20:46.635 I/Process (  374): Sending signal. PID: 448 SIG: 3
05-20 11:20:46.635 I/dalvikvm(  448): threadid=3: reacting to signal 3
05-20 11:20:46.642 I/Process (  374): Sending signal. PID: 561 SIG: 3
05-20 11:20:46.642 I/dalvikvm(  561): threadid=3: reacting to signal 3
05-20 11:20:46.728 I/dalvikvm(  561): Wrote stack traces to '/data/anr/traces.txt'
05-20 11:20:46.728 I/Process (  374): Sending signal. PID: 568 SIG: 3
05-20 11:20:46.728 I/dalvikvm(  568): threadid=3: reacting to signal 3
05-20 11:20:46.791 I/dalvikvm(  568): Wrote stack traces to '/data/anr/traces.txt'
05-20 11:20:47.103 I/dalvikvm(  448): Wrote stack traces to '/data/anr/traces.txt'
05-20 11:20:47.377 D/dalvikvm(  374): GC_EXPLICIT freed 1186K, 25% free 21121K/27932K, paused 4ms+11ms, total 116ms
05-20 11:20:47.978 I/Process (  374): Sending signal. PID: 26771 SIG: 3
05-20 11:20:47.978 I/dalvikvm(26771): threadid=3: reacting to signal 3
05-20 11:20:48.181 I/Process (  374): Sending signal. PID: 27405 SIG: 3
05-20 11:20:48.189 I/dalvikvm(27405): threadid=3: reacting to signal 3
05-20 11:20:48.228 D/dalvikvm(26771): JIT unchain all for threadid=11
05-20 11:20:48.244 D/dalvikvm(28109): GC_CONCURRENT freed 151K, 3% free 9760K/10048K, paused 10ms+2ms, total 317ms
05-20 11:20:48.314 I/dalvikvm(27405): Wrote stack traces to '/data/anr/traces.txt'
05-20 11:20:48.314 I/Process (  374): Sending signal. PID: 28109 SIG: 3
05-20 11:20:48.314 I/dalvikvm(28109): threadid=3: reacting to signal 3
05-20 11:20:48.346 I/dalvikvm(28109): Wrote stack traces to '/data/anr/traces.txt'
05-20 11:20:48.377 E/ActivityManager(  374): ANR in com.pekall.emdm.launcher:remote
05-20 11:20:48.377 E/ActivityManager(  374): Reason: Executing service com.pekall.emdm.launcher/com.baidu.location.f
05-20 11:20:48.377 E/ActivityManager(  374): Load: 1.72 / 1.85 / 1.82
05-20 11:20:48.377 E/ActivityManager(  374): CPU usage from 0ms to 6936ms later:
05-20 11:20:48.377 E/ActivityManager(  374):   82% 28138/com.pekall.emdm.launcher:remote: 82% user + 0.1% kernel / faults: 118 minor
05-20 11:20:48.377 E/ActivityManager(  374):   82% 26771/com.pekall.emdm.launcher: 82% user + 0.1% kernel / faults: 214 minor
05-20 11:20:48.377 E/ActivityManager(  374):   23% 374/system_server: 18% user + 4.7% kernel / faults: 329 minor
05-20 11:20:48.377 E/ActivityManager(  374):   0.5% 448/com.android.systemui: 0.5% user + 0% kernel / faults: 27 minor
05-20 11:20:48.377 E/ActivityManager(  374):   1% 28109/com.dragon.android.pandaspace:bdservice_v1: 0.8% user + 0.1% kernel / faults: 230 minor
05-20 11:20:48.377 E/ActivityManager(  374):   0.7% 561/com.android.phone: 0.4% user + 0.2% kernel / faults: 63 minor
05-20 11:20:48.377 E/ActivityManager(  374):   0% 27405/com.google.android.apps.maps:GoogleLocationService: 0% user + 0% kernel / faults: 41 minor
05-20 11:20:48.377 E/ActivityManager(  374):   0% 568/com.android.nfc: 0% user + 0% kernel / faults: 28 minor
05-20 11:20:48.377 E/ActivityManager(  374):   0% 82/mmcqd/0: 0% user + 0% kernel
05-20 11:20:48.377 E/ActivityManager(  374):   0.1% 135/adbd: 0% user + 0.1% kernel
05-20 11:20:48.377 E/ActivityManager(  374):   0.1% 1615/logcat: 0.1% user + 0% kernel
05-20 11:20:48.377 E/ActivityManager(  374):   0.1% 24876/com.qihoo.appstore: 0% user + 0.1% kernel
05-20 11:20:48.377 E/ActivityManager(  374): 97% TOTAL: 94% user + 3.4% kernel
05-20 11:20:48.377 E/ActivityManager(  374): CPU usage from 5964ms to 6502ms later:
05-20 11:20:48.377 E/ActivityManager(  374):   92% 28138/com.pekall.emdm.launcher:remote: 92% user + 0% kernel
05-20 11:20:48.377 E/ActivityManager(  374):     94% 28152/Thread-1261: 94% user + 0% kernel
05-20 11:20:48.377 E/ActivityManager(  374):   85% 26771/com.pekall.emdm.launcher: 85% user + 0% kernel
05-20 11:20:48.377 E/ActivityManager(  374):     85% 26784/Thread-1176: 85% user + 0% kernel
05-20 11:20:48.377 E/ActivityManager(  374):   7.4% 374/system_server: 1.8% user + 5.5% kernel
05-20 11:20:48.377 E/ActivityManager(  374):     7.4% 390/ActivityManager: 0% user + 7.4% kernel
05-20 11:20:48.377 E/ActivityManager(  374):     1.8% 605/Binder_7: 1.8% user + 0% kernel
05-20 11:20:48.377 E/ActivityManager(  374):     1.8% 619/Binder_8: 1.8% user + 0% kernel
05-20 11:20:48.377 E/ActivityManager(  374):   1.3% 27405/com.google.android.apps.maps:GoogleLocationService: 1.3% user + 0% kernel / faults: 4 minor
05-20 11:20:48.377 E/ActivityManager(  374):   1.3% 28109/com.dragon.android.pandaspace:bdservice_v1: 1.3% user + 0% kernel / faults: 60 minor
05-20 11:20:48.377 E/ActivityManager(  374):     1.3% 28112/GC: 1.3% user + 0% kernel
05-20 11:20:48.377 E/ActivityManager(  374):    +0% 28171/thread_diffapps: 0% user + 0% kernel
05-20 11:20:48.377 E/ActivityManager(  374): 92% TOTAL: 89% user + 2.7% kernel
05-20 11:20:48.385 W/ActivityManager(  374): Killing ProcessRecord{4253f8f0 28138:com.pekall.emdm.launcher:remote/u0a10066}: background ANR
05-20 11:20:48.408 I/ActivityManager(  374): Process com.pekall.emdm.launcher:remote (pid 28138) has died.
05-20 11:20:48.408 W/ActivityManager(  374): Scheduling restart of crashed service com.pekall.emdm.launcher/com.baidu.location.f in 320000ms
05-20 11:20:48.424 I/dalvikvm(26771): Wrote stack traces to '/data/anr/traces.txt'
05-20 11:20:48.431 D/ExchangeService(26771): !!! EAS ExchangeService, onDestroy
05-20 11:20:48.447 D/dalvikvm(28109): GC_CONCURRENT freed 7K, 3% free 9753K/10048K, paused 29ms+2ms, total 103ms
05-20 11:20:57.408 W/Parcel  ( 1661): Attempt to read object from Parcel 0x5ec3bdac at offset 200 that is not in the object list
05-20 11:20:57.471 D/dalvikvm( 1468): GC_CONCURRENT freed 427K, 21% free 9605K/12104K, paused 4ms+4ms, total 31ms
05-20 11:20:57.635 W/MountService(  374): getVolumeState(/storage/emulated/0/external_sd): Unknown volume
05-20 11:20:57.642 W/MountService(  374): getVolumeState(/mnt/sdcard-ext): Unknown volume
05-20 11:20:57.642 W/MountService(  374): getVolumeState(/mnt/ext_sdcard): Unknown volume
05-20 11:20:57.642 W/MountService(  374): getVolumeState(/mnt/sdcard2): Unknown volume
05-20 11:20:57.642 W/MountService(  374): getVolumeState(/mnt/emmc): Unknown volume
05-20 11:20:57.642 W/MountService(  374): getVolumeState(/mnt/extSdCard): Unknown volume
05-20 11:20:57.642 W/MountService(  374): getVolumeState(/mnt/sdcard/SD_CARD): Unknown volume
05-20 11:20:57.642 W/MountService(  374): getVolumeState(/mnt/sdcard/extra_sd): Unknown volume
05-20 11:20:57.642 W/MountService(  374): getVolumeState(/mnt/extrasd_bind): Unknown volume
05-20 11:20:57.642 W/MountService(  374): getVolumeState(/mnt/sdcard/ext_sd): Unknown volume
05-20 11:20:57.642 W/MountService(  374): getVolumeState(/storage/extSdCard): Unknown volume
05-20 11:20:57.642 W/MountService(  374): getVolumeState(/storage/sdcard1): Unknown volume
05-20 11:20:57.650 W/MountService(  374): getVolumeState(/mnt/sdcard/external_SD): Unknown volume
05-20 11:20:57.650 W/MountService(  374): getVolumeState(/mnt/sdcard/external_sd): Unknown volume
05-20 11:20:57.791 D/dalvikvm( 1468): GC_CONCURRENT freed 304K, 20% free 9735K/12104K, paused 6ms+5ms, total 38ms
05-20 11:20:57.971 W/MountService(  374): getVolumeState(/storage/emulated/0/external_sd): Unknown volume
05-20 11:20:57.971 W/MountService(  374): getVolumeState(/mnt/sdcard-ext): Unknown volume
05-20 11:20:57.971 W/MountService(  374): getVolumeState(/mnt/ext_sdcard): Unknown volume
05-20 11:20:57.971 W/MountService(  374): getVolumeState(/mnt/sdcard2): Unknown volume
05-20 11:20:57.971 W/MountService(  374): getVolumeState(/mnt/emmc): Unknown volume
05-20 11:20:57.971 W/MountService(  374): getVolumeState(/mnt/extSdCard): Unknown volume
05-20 11:20:57.978 W/MountService(  374): getVolumeState(/mnt/sdcard/SD_CARD): Unknown volume
05-20 11:20:57.978 W/MountService(  374): getVolumeState(/mnt/sdcard/extra_sd): Unknown volume
05-20 11:20:57.978 W/MountService(  374): getVolumeState(/mnt/extrasd_bind): Unknown volume
05-20 11:20:57.978 W/MountService(  374): getVolumeState(/mnt/sdcard/ext_sd): Unknown volume
05-20 11:20:57.978 W/MountService(  374): getVolumeState(/storage/extSdCard): Unknown volume
05-20 11:20:57.978 W/MountService(  374): getVolumeState(/storage/sdcard1): Unknown volume
05-20 11:20:57.978 W/MountService(  374): getVolumeState(/mnt/sdcard/external_SD): Unknown volume
05-20 11:20:57.986 W/MountService(  374): getVolumeState(/mnt/sdcard/external_sd): Unknown volume
05-20 11:20:58.033 D/dalvikvm( 1468): GC_CONCURRENT freed 597K, 21% free 9649K/12104K, paused 5ms+8ms, total 48ms
05-20 11:21:27.385 D/dalvikvm( 1661): GC_EXPLICIT freed 443K, 18% free 13081K/15888K, paused 3ms+5ms, total 60ms
05-20 11:21:32.471 D/dalvikvm( 1661): GC_EXPLICIT freed 5K, 18% free 13076K/15888K, paused 3ms+5ms, total 83ms
05-20 11:21:42.455 D/dalvikvm( 1661): GC_EXPLICIT freed <1K, 18% free 13076K/15888K, paused 3ms+5ms, total 59ms
05-20 11:21:57.736 W/MountService(  374): getVolumeState(/storage/emulated/0/external_sd): Unknown volume
05-20 11:21:57.736 W/MountService(  374): getVolumeState(/mnt/sdcard-ext): Unknown volume
05-20 11:21:57.736 W/MountService(  374): getVolumeState(/mnt/ext_sdcard): Unknown volume
05-20 11:21:57.736 W/MountService(  374): getVolumeState(/mnt/sdcard2): Unknown volume
05-20 11:21:57.736 W/MountService(  374): getVolumeState(/mnt/emmc): Unknown volume
05-20 11:21:57.736 W/MountService(  374): getVolumeState(/mnt/extSdCard): Unknown volume
05-20 11:21:57.736 W/MountService(  374): getVolumeState(/mnt/sdcard/SD_CARD): Unknown volume
05-20 11:21:57.744 W/MountService(  374): getVolumeState(/mnt/sdcard/extra_sd): Unknown volume
05-20 11:21:57.744 W/MountService(  374): getVolumeState(/mnt/extrasd_bind): Unknown volume
05-20 11:21:57.744 W/MountService(  374): getVolumeState(/mnt/sdcard/ext_sd): Unknown volume
05-20 11:21:57.744 W/MountService(  374): getVolumeState(/storage/extSdCard): Unknown volume
05-20 11:21:57.744 W/MountService(  374): getVolumeState(/storage/sdcard1): Unknown volume
05-20 11:21:57.744 W/MountService(  374): getVolumeState(/mnt/sdcard/external_SD): Unknown volume
05-20 11:21:57.744 W/MountService(  374): getVolumeState(/mnt/sdcard/external_sd): Unknown volume
05-20 11:21:57.830 D/dalvikvm( 1468): GC_CONCURRENT freed 453K, 21% free 9627K/12104K, paused 11ms+13ms, total 62ms
05-20 11:21:58.025 D/dalvikvm(27768): GC_EXPLICIT freed 159K, 3% free 9190K/9388K, paused 2ms+5ms, total 35ms
05-20 11:21:58.135 W/MountService(  374): getVolumeState(/storage/emulated/0/external_sd): Unknown volume
05-20 11:21:58.135 W/MountService(  374): getVolumeState(/mnt/sdcard-ext): Unknown volume
05-20 11:21:58.135 W/MountService(  374): getVolumeState(/mnt/ext_sdcard): Unknown volume
05-20 11:21:58.142 W/MountService(  374): getVolumeState(/mnt/sdcard2): Unknown volume
05-20 11:21:58.142 W/MountService(  374): getVolumeState(/mnt/emmc): Unknown volume
05-20 11:21:58.142 W/MountService(  374): getVolumeState(/mnt/extSdCard): Unknown volume
05-20 11:21:58.142 W/MountService(  374): getVolumeState(/mnt/sdcard/SD_CARD): Unknown volume
05-20 11:21:58.142 W/MountService(  374): getVolumeState(/mnt/sdcard/extra_sd): Unknown volume
05-20 11:21:58.142 W/MountService(  374): getVolumeState(/mnt/extrasd_bind): Unknown volume
05-20 11:21:58.142 W/MountService(  374): getVolumeState(/mnt/sdcard/ext_sd): Unknown volume
05-20 11:21:58.150 W/MountService(  374): getVolumeState(/storage/extSdCard): Unknown volume
05-20 11:21:58.150 W/MountService(  374): getVolumeState(/storage/sdcard1): Unknown volume
05-20 11:21:58.150 W/MountService(  374): getVolumeState(/mnt/sdcard/external_SD): Unknown volume
05-20 11:21:58.150 W/MountService(  374): getVolumeState(/mnt/sdcard/external_sd): Unknown volume
05-20 11:21:58.181 D/dalvikvm( 1468): GC_CONCURRENT freed 501K, 21% free 9630K/12104K, paused 5ms+5ms, total 52ms
05-20 11:21:58.181 D/dalvikvm( 1468): WAIT_FOR_CONCURRENT_GC blocked 23ms
