05-20 18:06:37.111 V/a       ( 9365): Task reconcileAccounts completed; disconnecting
05-20 18:06:37.111 V/a       ( 9365): Connection test succeeded in 264ms
05-20 18:06:37.111 V/a       ( 9365): Wait for reconcileAccounts finished in 194ms
05-20 18:06:37.111 V/a       ( 9365): Task test completed; disconnecting
05-20 18:06:37.119 W/Settings( 9365): Setting data_roaming has moved from android.provider.Settings.System to android.provider.Settings.Global, returning read-only value.
05-20 18:06:37.119 D/ExchangeService( 9365): !!! EAS ExchangeService, stopping self
05-20 18:06:37.127 D/ExchangeService( 9365): !!! EAS ExchangeService, onDestroy
05-20 18:06:37.322 D/        ( 9365): [---null: -1---]  1111222  mLongAxisStartPadding110
05-20 18:06:37.322 D/        ( 9365): [---null: -1---]  11112223  heightSpecSize1094
05-20 18:06:37.322 D/        ( 9365): [---null: -1---]  11112223  mLongAxisStartPadding110
05-20 18:06:37.322 I/QueryController( 9873): Matched selector: UiSelector[TEXT=Personal Mode] <<==>> [android.view.accessibility.AccessibilityNodeInfo@3fe43; boundsInParent: Rect(0, 0 - 160, 200); boundsInScreen: Rect(190, 608 - 350, 808); packageName: com.pekall.emdm.launcher; className: android.widget.TextView; text: Personal Mode; contentDescription: null; viewIdResName: null; checkable: false; checked: false; focusable: false; focused: false; selected: false; clickable: true; longClickable: true; enabled: true; password: false; scrollable: false; [ACTION_SELECT, ACTION_CLEAR_SELECTION, ACTION_CLICK, ACTION_LONG_CLICK, ACTION_ACCESSIBILITY_FOCUS, ACTION_NEXT_AT_MOVEMENT_GRANULARITY, ACTION_PREVIOUS_AT_MOVEMENT_GRANULARITY, ACTION_SET_SELECTION]]
05-20 18:06:37.330 D/        ( 9365): [---null: -1---]  11112223  mLongAxisEndPadding110
05-20 18:06:37.330 D/        ( 9365): [---null: -1---]  11112223  mRows4
05-20 18:06:37.338 D/        ( 9365): [---null: -1---]  1111222  mLongAxisStartPadding110
05-20 18:06:37.338 D/        ( 9365): [---null: -1---]  11112223  heightSpecSize1094
05-20 18:06:37.338 I/ActivityManager(  374): START u0 {act=android.intent.action.MAIN cat=[android.intent.category.HOME] flg=0x10200000 cmp=com.pekall.emdm.launcher/.Launcher} from pid 374
05-20 18:06:37.346 D/        ( 9365): [---null: -1---]  11112223  mLongAxisStartPadding110
05-20 18:06:37.346 D/        ( 9365): [---null: -1---]  11112223  mLongAxisEndPadding110
05-20 18:06:37.346 D/        ( 9365): [---null: -1---]  11112223  mRows4
05-20 18:06:37.353 D/LauncherApplication( 9365): [null:-1]->onActivityPaused
05-20 18:06:37.369 D/LauncherApplication( 9365): [null:-1]->onActivityPaused  updateTime
05-20 18:06:37.385 D/        ( 9365): [---null: -1---]     awsa  onActivityResumed
05-20 18:06:37.385 V/LauncherApplication( 9365): 2MdmConstant.LAST_LAUNCH_TIME = 1400580397373
05-20 18:06:37.400 D/        ( 9365): [---null: -1---]  activity = com.pekall.emdm.launcher.Launcher
05-20 18:06:37.400 V/DefultSetContriller( 9365): isLauncherDf = com.pekall.emdm.launcher
05-20 18:06:37.400 V/DefultSetContriller( 9365): isLauncherDf = com.pekall.emdm.launcher
05-20 18:06:37.408 V/DefultSetContriller( 9365): isPhoneDf = com.pekall.emdm.launcher
05-20 18:06:37.408 E/LauncherApplication( 9365): isShowLogoutUI = true
05-20 18:06:37.408 E/LauncherApplication( 9365): LogoutShowTime 1
05-20 18:06:37.408 V/Launcher( 9365): onResume1111111 
05-20 18:06:37.408 V/Launcher( 9365): is login ----> 
05-20 18:06:37.408 I/System.out( 9365):  
05-20 18:06:37.408 I/System.out( 9365): com.pekall.emdm.launcher.Workspace.setWallpaper(Unknown Source)
05-20 18:06:37.408 I/System.out( 9365): com.pekall.emdm.launcher.Launcher.onResume(Unknown Source)
05-20 18:06:37.408 I/System.out( 9365): android.app.Instrumentation.callActivityOnResume(Instrumentation.java:1192)
05-20 18:06:37.408 I/System.out( 9365): android.app.Activity.performResume(Activity.java:5211)
05-20 18:06:37.408 I/System.out( 9365): android.app.ActivityThread.performNewIntents(ActivityThread.java:2345)
05-20 18:06:37.408 I/System.out( 9365): android.app.ActivityThread.handleNewIntent(ActivityThread.java:2352)
05-20 18:06:37.408 I/System.out( 9365): android.app.ActivityThread.access$1400(ActivityThread.java:141)
05-20 18:06:37.408 I/System.out( 9365): android.app.ActivityThread$H.handleMessage(ActivityThread.java:1327)
05-20 18:06:37.408 I/System.out( 9365): android.os.Handler.dispatchMessage(Handler.java:99)
05-20 18:06:37.408 I/System.out( 9365): android.os.Looper.loop(Looper.java:137)
05-20 18:06:37.408 I/System.out( 9365): android.app.ActivityThread.main(ActivityThread.java:5103)
05-20 18:06:37.416 I/System.out( 9365): java.lang.reflect.Method.invokeNative(Native Method)
05-20 18:06:37.416 I/System.out( 9365): java.lang.reflect.Method.invoke(Method.java:525)
05-20 18:06:37.416 I/System.out( 9365): com.android.internal.os.ZygoteInit$MethodAndArgsCaller.run(ZygoteInit.java:737)
05-20 18:06:37.416 I/System.out( 9365): com.android.internal.os.ZygoteInit.main(ZygoteInit.java:553)
05-20 18:06:37.416 I/System.out( 9365): dalvik.system.NativeStart.main(Native Method)
05-20 18:06:37.666 D/dalvikvm( 9365): JIT unchain all for threadid=11
05-20 18:06:37.744 D/dalvikvm( 9365): GC_FOR_ALLOC freed 4256K, 25% free 28960K/38412K, paused 326ms, total 326ms
05-20 18:06:37.760 I/dalvikvm-heap( 9365): Grow heap (frag case) to 31.641MB for 3415696-byte allocation
05-20 18:06:38.010 D/dalvikvm( 9365): JIT unchain all for threadid=11
05-20 18:06:38.049 D/dalvikvm( 9365): GC_FOR_ALLOC freed 2K, 23% free 32293K/41748K, paused 287ms, total 287ms
05-20 18:06:38.142 I/Choreographer( 9365): Skipped 44 frames!  The application may be doing too much work on its main thread.
05-20 18:06:39.744 D/CommandManager( 9365): [null:-1]->requestType: DeviceInformation
05-20 18:06:39.783 W/Parcel  ( 1661): Attempt to read object from Parcel 0x5ded3dac at offset 200 that is not in the object list
05-20 18:06:39.838 D/MdmDatabaseHelper( 9365): [null:-1]->update command 2860a223-e308-4731-bc88-17c2e05676e5 to commandStatus <?xml version="1.0" encoding="UTF-8"?>
05-20 18:06:39.838 D/MdmDatabaseHelper( 9365): <!DOCTYPE plist PUBLIC "-//Apple//DTD PLIST 1.0//EN" "http://www.apple.com/DTDs/PropertyList-1.0.dtd">
05-20 18:06:39.838 D/MdmDatabaseHelper( 9365): <plist version="1.0">
05-20 18:06:39.838 D/MdmDatabaseHelper( 9365): <dict>
05-20 18:06:39.838 D/MdmDatabaseHelper( 9365): 	<key>QueryResponses</key>
05-20 18:06:39.838 D/MdmDatabaseHelper( 9365): 	<dict>
05-20 18:06:39.838 D/MdmDatabaseHelper( 9365): 		<key>deviceId</key>
05-20 18:06:39.838 D/MdmDatabaseHelper( 9365): 		<string>00013fbc8ecec5b9000001461914c968</string>
05-20 18:06:39.838 D/MdmDatabaseHelper( 9365): 		<key>deviceSecurityStatus</key>
05-20 18:06:39.838 D/MdmDatabaseHelper( 9365): 		<string>root</string>
05-20 18:06:39.838 D/MdmDatabaseHelper( 9365): 		<key>diskTotal</key>
05-20 18:06:39.838 D/MdmDatabaseHelper( 9365): 		<string>0.0</string>
05-20 18:06:39.838 D/MdmDatabaseHelper( 9365): 		<key>diskUsed</key>
05-20 18:06:39.838 D/MdmDatabaseHelper( 9365): 		<string>0.0</string>
05-20 18:06:39.838 D/MdmDatabaseHelper( 9365): 		<key>displaySize</key>
05-20 18:06:39.838 D/MdmDatabaseHelper( 9365): 		<string>720x1184</string>
05-20 18:06:39.838 D/MdmDatabaseHelper( 9365): 		<key>freeDiskSize</key>
05-20 18:06:39.838 D/MdmDatabaseHelper( 9365): 		<integer>0</integer>
05-20 18:06:39.838 D/MdmDatabaseHelper( 9365): 		<key>freeRamSize</key>
05-20 18:06:39.838 D/MdmDatabaseHelper( 9365): 		<integer>25305088</integer>
05-20 18:06:39.838 D/MdmDatabaseHelper( 9365): 		<key>language</key>
05-20 18:06:39.838 D/MdmDatabaseHelper( 9365): 		<string>en-US</string>
05-20 18:06:39.838 D/MdmDatabaseHelper( 9365): 		<key>netSpeed</key>
05-20 18:06:39.838 D/MdmDatabaseHelper( 9365): 		<dict>
05-20 18:06:39.838 D/MdmDatabaseHelper( 9365): 			<key>downlink</key>
05-20 18:06:39.838 D/MdmDatabaseHelper( 9365): 			<real>8251007.666666667</real>
05-20 18:06:39.838 D/MdmDatabaseHelper( 9365): 			<key>uplink</key>
05-20 18:06:39.838 D/MdmDatabaseHelper( 9365): 			<real>6354566.333333333</real>
05-20 18:06:39.838 D/MdmDatabaseHelper( 9365): 		</dict>
05-20 18:06:39.838 D/MdmDatabaseHelper( 9365): 		<key>ramTotal</key>
05-20 18:06:39.838 D/MdmDatabaseHelper( 9365): 		<string>728023040</string>
05-20 18:06:39.838 D/MdmDatabaseHelper( 9365): 		<key>ramUsed</key>
05-20 18:06:39.838 D/MdmDatabaseHelper( 9365): 		<string>702717952</string>
05-20 18:06:39.838 D/MdmDatabaseHelper( 9365): 		<key>trafficBytes</key>
05-20 18:06:39.838 D/MdmDatabaseHelper( 9365): 		<integer>0</integer>
05-20 18:06:39.838 D/MdmDatabaseHelper( 9365): 		<key>AvailableDeviceCapacity</key>
05-20 18:06:39.838 D/MdmDatabaseHelper( 9365): 		<real>1.3424368E7</real>
05-20 18:06:39.838 D/MdmDatabaseHelper( 9365): 		<key>BuildVersion</key>
05-20 18:06:39.838 D/MdmDatabaseHelper( 9365): 		<string>REL</string>
05-20 18:06:39.838 D/MdmDatabaseHelper( 9365): 		<key>CanDisableSystemFunction</key>
05-20 18:06:39.838 D/MdmDatabaseHelper( 9365): 		<false/>
05-20 18:06:39.838 D/MdmDatabaseHelper( 9365): 		<key>CellularTechnology</key>
05-20 18:06:39.838 D/MdmDatabaseHelper( 9365): 		<integer>3</integer>
05-20 18:06:39.838 D/MdmDatabaseHelper( 9365): 		<key>CurrentCarrierNetwork</key>
05-20 18:06:39.838 D/MdmDatabaseHelper( 9365): 		<string></string>
05-20 18:06:39.838 D/MdmDatabaseHelper( 9365): 		<key>CurrentMCC</key>
05-20 18:06:39.838 D/MdmDatabaseHelper( 9365): 		<string>cn</string>
05-20 18:06:39.838 D/MdmDatabaseHelper( 9365): 		<key>CurrentMNC</key>
05-20 18:06:39.838 D/MdmDatabaseHelper( 9365): 		<string>46001</string>
05-20 18:06:39.838 D/MdmDatabaseHelper( 9365): 		<key>DataRoamingEnabled</key>
05-20 18:06:39.838 D/MdmDatabaseHelper( 9365): 		<false/>
05-20 18:06:39.838 D/MdmDatabaseHelper( 9365): 		<key>DeviceCapacity</key>
05-20 18:06:39.838 D/MdmDatabaseHelper( 9365): 		<real>1.3975888E7</real>
05-20 18:06:39.838 D/MdmDatabaseHelper( 9365): 		<key>HasSamsungSafeAPI</key>
05-20 18:06:39.838 D/MdmDatabaseHelper( 9365): 		<false/>
05-20 18:06:39.838 D/MdmDatabaseHelper( 9365): 		<key>ICCID</key>
05-20 18:06:39.838 D/MdmDatabaseHelper( 9365): 		<string></string>
05-20 18:06:39.838 D/MdmDatabaseHelper( 9365): 		<key>IMEI</key>
05-20 18:06:39.838 D/MdmDatabaseHelper( 9365): 		<string>351554059027897</string>
05-20 18:06:39.838 D/MdmDatabaseHelper( 9365): 		<key>IsRoaming</key>
05-20 18:06:39.838 D/MdmDatabaseHelper( 9365): 		<false/>
05-20 18:06:39.838 D/MdmDatabaseHelper( 9365): 		<key>Model</key>
05-20 18:06:39.838 D/MdmDatabaseHelper( 9365): 		<string>Galaxy Nexus</string>
05-20 18:06:39.838 D/MdmDatabaseHelper( 9365): 		<key>OSVersion</key>
05-20 18:06:39.838 D/MdmDatabaseHelper( 9365): 		<string>4.3</string>
05-20 18:06:39.838 D/MdmDatabaseHelper( 9365): 		<key>PhoneNumber</key>
05-20 18:06:39.838 D/MdmDatabaseHelper( 9365): 		<string>0</string>
05-20 18:06:39.838 D/MdmDatabaseHelper( 9365): 		<key>ProductName</key>
05-20 18:06:39.838 D/MdmDatabaseHelper( 9365): 		<string>yakju</string>
05-20 18:06:39.838 D/MdmDatabaseHelper( 9365): 		<key>SIMCarrierNetwork</key>
05-20 18:06:39.838 D/MdmDatabaseHelper( 9365): 		<string></string>
05-20 18:06:39.838 D/MdmDatabaseHelper( 9365): 		<key>SerialNumber</key>
05-20 18:06:39.838 D/MdmDatabaseHelper( 9365): 		<string>014E0FFF06015018</string>
05-20 18:06:39.838 D/MdmDatabaseHelper( 9365): 		<key>UDID</key>
05-20 18:06:39.838 D/MdmDatabaseHelper( 9365): 		<string>00013fbc8ecec5b9000001461914c968</string>
05-20 18:06:39.838 D/MdmDatabaseHelper( 9365): 		<key>WiFiMAC</key>
05-20 18:06:39.838 D/MdmDatabaseHelper( 9365): 		<string>20:64:32:7a:19:48</string>
05-20 18:06:39.838 D/MdmDatabaseHelper( 9365): 	</dict>
05-20 18:06:39.838 D/MdmDatabaseHelper( 9365): 	<key>CommandUUID</key>
05-20 18:06:39.838 D/MdmDatabaseHelper( 9365): 	<string>2860a223-e308-4731-bc88-17c2e05676e5</string>
05-20 18:06:39.838 D/MdmDatabaseHelper( 9365): 	<key>Status</key>
05-20 18:06:39.838 D/MdmDatabaseHelper( 9365): 	<string>Acknowledged</string>
05-20 18:06:39.838 D/MdmDatabaseHelper( 9365): 	<key>UDID</key>
05-20 18:06:39.838 D/MdmDatabaseHelper( 9365): 	<string>00013fbc8ecec5b9000001461914c968</string>
05-20 18:06:39.838 D/MdmDatabaseHelper( 9365): </dict>
05-20 18:06:39.838 D/MdmDatabaseHelper( 9365): </plist>
05-20 18:06:39.869 I/TransInfo( 9365): TransInfo created, id: 3, class: class com.pekall.emdm.transaction.c.b
05-20 18:06:39.877 D/NetworkThread( 9365): [null:-1]->----isRunning-----true
05-20 18:06:39.877 D/NetworkThread( 9365): [null:-1]->----isRunning-----true
05-20 18:06:39.877 D/NetworkThread( 9365): [null:-1]->thread wakeup
05-20 18:06:39.885 D/NetworkThread( 9365): [null:-1]->sendHttpPost:PostRequest, url: http://192.168.10.21/rest/mdm/v1/ios/android_server, Params: [content:<?xml version="1.0" encoding="UTF-8"?>
05-20 18:06:39.885 D/NetworkThread( 9365): <!DOCTYPE plist PUBLIC "-//Apple//DTD PLIST 1.0//EN" "http://www.apple.com/DTDs/PropertyList-1.0.dtd">
05-20 18:06:39.885 D/NetworkThread( 9365): <plist version="1.0">
05-20 18:06:39.885 D/NetworkThread( 9365): <dict>
05-20 18:06:39.885 D/NetworkThread( 9365): 	<key>QueryResponses</key>
05-20 18:06:39.885 D/NetworkThread( 9365): 	<dict>
05-20 18:06:39.885 D/NetworkThread( 9365): 		<key>deviceId</key>
05-20 18:06:39.885 D/NetworkThread( 9365): 		<string>00013fbc8ecec5b9000001461914c968</string>
05-20 18:06:39.885 D/NetworkThread( 9365): 		<key>deviceSecurityStatus</key>
05-20 18:06:39.885 D/NetworkThread( 9365): 		<string>root</string>
05-20 18:06:39.885 D/NetworkThread( 9365): 		<key>diskTotal</key>
05-20 18:06:39.885 D/NetworkThread( 9365): 		<string>0.0</string>
05-20 18:06:39.885 D/NetworkThread( 9365): 		<key>diskUsed</key>
05-20 18:06:39.885 D/NetworkThread( 9365): 		<string>0.0</string>
05-20 18:06:39.885 D/NetworkThread( 9365): 		<key>displaySize</key>
05-20 18:06:39.885 D/NetworkThread( 9365): 		<string>720x1184</string>
05-20 18:06:39.885 D/NetworkThread( 9365): 		<key>freeDiskSize</key>
05-20 18:06:39.885 D/NetworkThread( 9365): 		<integer>0</integer>
05-20 18:06:39.885 D/NetworkThread( 9365): 		<key>freeRamSize</key>
05-20 18:06:39.885 D/NetworkThread( 9365): 		<integer>25305088</integer>
05-20 18:06:39.885 D/NetworkThread( 9365): 		<key>language</key>
05-20 18:06:39.885 D/NetworkThread( 9365): 		<string>en-US</string>
05-20 18:06:39.885 D/NetworkThread( 9365): 		<key>netSpeed</key>
05-20 18:06:39.885 D/NetworkThread( 9365): 		<dict>
05-20 18:06:39.885 D/NetworkThread( 9365): 			<key>downlink</key>
05-20 18:06:39.885 D/NetworkThread( 9365): 			<real>8251007.666666667</real>
05-20 18:06:39.885 D/NetworkThread( 9365): 			<key>uplink</key>
05-20 18:06:39.885 D/NetworkThread( 9365): 			<real>6354566.333333333</real>
05-20 18:06:39.885 D/NetworkThread( 9365): 		</dict>
05-20 18:06:39.885 D/NetworkThread( 9365): 		<key>ramTotal</key>
05-20 18:06:39.885 D/NetworkThread( 9365): 		<string>728023040</string>
05-20 18:06:39.885 D/NetworkThread( 9365): 		<key>ramUsed</key>
05-20 18:06:39.885 D/NetworkThread( 9365): 		<string>702717952</string>
05-20 18:06:39.885 D/NetworkThread( 9365): 		<key>trafficBytes</key>
05-20 18:06:39.885 D/NetworkThread( 9365): 		<integer>0</integer>
05-20 18:06:39.885 D/NetworkThread( 9365): 		<key>AvailableDeviceCapacity</key>
05-20 18:06:39.885 D/NetworkThread( 9365): 		<real>1.3424368E7</real>
05-20 18:06:39.885 D/NetworkThread( 9365): 		<key>BuildVersion</key>
05-20 18:06:39.885 D/NetworkThread( 9365): 		<string>REL</string>
05-20 18:06:39.885 D/NetworkThread( 9365): 		<key>CanDisableSystemFunction</key>
05-20 18:06:39.885 D/NetworkThread( 9365): 		<false/>
05-20 18:06:39.885 D/NetworkThread( 9365): 		<key>CellularTechnology</key>
05-20 18:06:39.885 D/NetworkThread( 9365): 		<integer>3</integer>
05-20 18:06:39.885 D/NetworkThread( 9365): 		<key>CurrentCarrierNetwork</key>
05-20 18:06:39.885 D/NetworkThread( 9365): 		<string></string>
05-20 18:06:39.885 D/NetworkThread( 9365): 		<key>CurrentMCC</key>
05-20 18:06:39.885 D/NetworkThread( 9365): 		<string>cn</string>
05-20 18:06:39.885 D/NetworkThread( 9365): 		<key>CurrentMNC</key>
05-20 18:06:39.885 D/NetworkThread( 9365): 		<string>46001</string>
05-20 18:06:39.885 D/NetworkThread( 9365): 		<key>DataRoamingEnabled</key>
05-20 18:06:39.885 D/NetworkThread( 9365): 		<false/>
05-20 18:06:39.885 D/NetworkThread( 9365): 		<key>DeviceCapacity</key>
05-20 18:06:39.885 D/NetworkThread( 9365): 		<real>1.3975888E7</real>
05-20 18:06:39.885 D/NetworkThread( 9365): 		<key>HasSamsungSafeAPI</key>
05-20 18:06:39.885 D/NetworkThread( 9365): 		<false/>
05-20 18:06:39.885 D/NetworkThread( 9365): 		<key>ICCID</key>
05-20 18:06:39.885 D/NetworkThread( 9365): 		<string></string>
05-20 18:06:39.885 D/NetworkThread( 9365): 		<key>IMEI</key>
05-20 18:06:39.885 D/NetworkThread( 9365): 		<string>351554059027897</string>
05-20 18:06:39.885 D/NetworkThread( 9365): 		<key>IsRoaming</key>
05-20 18:06:39.885 D/NetworkThread( 9365): 		<false/>
05-20 18:06:39.885 D/NetworkThread( 9365): 		<key>Model</key>
05-20 18:06:39.885 D/NetworkThread( 9365): 		<string>Galaxy Nexus</string>
05-20 18:06:39.885 D/NetworkThread( 9365): 		<key>OSVersion</key>
05-20 18:06:39.885 D/NetworkThread( 9365): 		<string>4.3</string>
05-20 18:06:39.885 D/NetworkThread( 9365): 		<key>PhoneNumber</key>
05-20 18:06:39.885 D/NetworkThread( 9365): 		<string>0</string>
05-20 18:06:39.885 D/NetworkThread( 9365): 		<key>ProductName</key>
05-20 18:06:39.885 D/NetworkThread( 9365): 		<string>yakju</string>
05-20 18:06:39.885 D/NetworkThread( 9365): 		<key>SIMCarrierNetwork</key>
05-20 18:06:39.885 D/NetworkThread( 9365): 		<string></string>
05-20 18:06:39.885 D/NetworkThread( 9365): 		<key>SerialNumber</key>
05-20 18:06:39.885 D/NetworkThread( 9365): 		<string>014E0FFF06015018</string>
05-20 18:06:39.885 D/NetworkThread( 9365): 		<key>UDID</key>
05-20 18:06:39.885 D/NetworkThread( 9365): 		<string>00013fbc8ecec5b9000001461914c968</string>
05-20 18:06:39.885 D/NetworkThread( 9365): 		<key>WiFiMAC</key>
05-20 18:06:39.885 D/NetworkThread( 9365): 		<string>20:64:32:7a:19:48</string>
05-20 18:06:39.885 D/NetworkThread( 9365): 	</dict>
05-20 18:06:39.885 D/NetworkThread( 9365): 	<key>CommandUUID</key>
05-20 18:06:39.885 D/NetworkThread( 9365): 	<string>2860a223-e308-4731-bc88-17c2e05676e5</string>
05-20 18:06:39.885 D/NetworkThread( 9365): 	<key>Status</key>
05-20 18:06:39.885 D/NetworkThread( 9365): 	<string>Acknowledged</string>
05-20 18:06:39.885 D/NetworkThread( 9365): 	<key>UDID</key>
05-20 18:06:39.885 D/NetworkThread( 9365): 	<string>00013fbc8ecec5b9000001461914c968</string>
05-20 18:06:39.885 D/NetworkThread( 9365): </dict>
05-20 18:06:39.885 D/NetworkThread( 9365): </plist>], 
05-20 18:06:39.885 D/HttpClient( 9365): enable apache.http debug
05-20 18:06:39.892 V/DEBUG   ( 9365): HTTP 0
05-20 18:06:40.502 D/MDM :   ( 9365): [null:-1]->statusCode : 200
05-20 18:06:40.502 D/MDM :   ( 9365): [null:-1]->statusCode : 200
05-20 18:06:40.502 V/DEBUG   ( 9365): HTTP 1
05-20 18:06:40.510 D/MDM :   ( 9365): [null:-1]->read network input stream
05-20 18:06:40.517 D/MDM :   ( 9365): [null:-1]->Get joson string: <?xml version="1.0" encoding="UTF-8"?>
05-20 18:06:40.517 D/MDM :   ( 9365): <!DOCTYPE plist PUBLIC "-//Apple//DTD PLIST 1.0//EN" "http://www.apple.com/DTDs/PropertyList-1.0.dtd">
05-20 18:06:40.517 D/MDM :   ( 9365): <plist version="1.0">
05-20 18:06:40.517 D/MDM :   ( 9365): <dict>
05-20 18:06:40.517 D/MDM :   ( 9365): 	<key>CommandUUID</key>
05-20 18:06:40.517 D/MDM :   ( 9365): 	<string>3b60a936-ea46-4585-b519-f03f94d33c22</string>
05-20 18:06:40.517 D/MDM :   ( 9365): 	<key>Command</key>
05-20 18:06:40.517 D/MDM :   ( 9365): 	<dict>
05-20 18:06:40.517 D/MDM :   ( 9365): 		<key>RequestType</key>
05-20 18:06:40.517 D/MDM :   ( 9365): 		<string>ManagedApplicationList</string>
05-20 18:06:40.517 D/MDM :   ( 9365): 	</dict>
05-20 18:06:40.517 D/MDM :   ( 9365): </dict>
05-20 18:06:40.517 D/MDM :   ( 9365): </plist>
05-20 18:06:40.533 D/MdmDatabaseHelper( 9365): [null:-1]->update command 2860a223-e308-4731-bc88-17c2e05676e5 to status executed
05-20 18:06:40.556 I/QueryController( 9873): Matched selector: UiSelector[TEXT=Personal Mode, CLASS=android.widget.TextView, PACKAGE NAME=com.pekall.emdm.launcher] <<==>> [android.view.accessibility.AccessibilityNodeInfo@3fe43; boundsInParent: Rect(0, 0 - 160, 200); boundsInScreen: Rect(190, 608 - 350, 808); packageName: com.pekall.emdm.launcher; className: android.widget.TextView; text: Personal Mode; contentDescription: null; viewIdResName: null; checkable: false; checked: false; focusable: false; focused: false; selected: false; clickable: true; longClickable: true; enabled: true; password: false; scrollable: false; [ACTION_SELECT, ACTION_CLEAR_SELECTION, ACTION_CLICK, ACTION_LONG_CLICK, ACTION_ACCESSIBILITY_FOCUS, ACTION_NEXT_AT_MOVEMENT_GRANULARITY, ACTION_PREVIOUS_AT_MOVEMENT_GRANULARITY, ACTION_SET_SELECTION]]
05-20 18:06:40.564 D/CheckInTransInfo( 9365): [null:-1]->CommandMsg : CommandMsg{CommandUUID='3b60a936-ea46-4585-b519-f03f94d33c22', Command=CommandObject{RequestType='ManagedApplicationList'}}
05-20 18:06:40.572 I/AndroidRuntime( 9873): VM exiting with result code 0.
05-20 18:06:40.596 D/NetworkThread( 9365): [null:-1]->clear mCurrentTransInfo
05-20 18:06:40.596 D/NetworkThread( 9365): [null:-1]->queue is empty, thread wait...
05-20 18:06:40.697 D/MdmService( 9365): [null:-1]->handleCheckInResult
05-20 18:06:40.697 D/MdmService( 9365): [null:-1]->handleCheckInResult result keyIndex: 3
05-20 18:06:40.697 D/CommandManager( 9365): [null:-1]->execute command: CommandMsg{CommandUUID='3b60a936-ea46-4585-b519-f03f94d33c22', Command=CommandObject{RequestType='ManagedApplicationList'}}
05-20 18:06:40.697 D/CommandManager( 9365): [null:-1]->requestType: ManagedApplicationList
05-20 18:06:40.728 W/Parcel  ( 1661): Attempt to read object from Parcel 0x5ef3bdac at offset 200 that is not in the object list
05-20 18:06:40.744 D/MdmDatabaseHelper( 9365): [null:-1]->update command 3b60a936-ea46-4585-b519-f03f94d33c22 to commandStatus <?xml version="1.0" encoding="UTF-8"?>
05-20 18:06:40.744 D/MdmDatabaseHelper( 9365): <!DOCTYPE plist PUBLIC "-//Apple//DTD PLIST 1.0//EN" "http://www.apple.com/DTDs/PropertyList-1.0.dtd">
05-20 18:06:40.744 D/MdmDatabaseHelper( 9365): <plist version="1.0">
05-20 18:06:40.744 D/MdmDatabaseHelper( 9365): <dict>
05-20 18:06:40.744 D/MdmDatabaseHelper( 9365): 	<key>ManagedApplicationList</key>
05-20 18:06:40.744 D/MdmDatabaseHelper( 9365): 	<dict>
05-20 18:06:40.744 D/MdmDatabaseHelper( 9365): 	</dict>
05-20 18:06:40.744 D/MdmDatabaseHelper( 9365): 	<key>CommandUUID</key>
05-20 18:06:40.744 D/MdmDatabaseHelper( 9365): 	<string>3b60a936-ea46-4585-b519-f03f94d33c22</string>
05-20 18:06:40.744 D/MdmDatabaseHelper( 9365): 	<key>Status</key>
05-20 18:06:40.744 D/MdmDatabaseHelper( 9365): 	<string>Acknowledged</string>
05-20 18:06:40.744 D/MdmDatabaseHelper( 9365): 	<key>UDID</key>
05-20 18:06:40.744 D/MdmDatabaseHelper( 9365): 	<string>00013fbc8ecec5b9000001461914c968</string>
05-20 18:06:40.744 D/MdmDatabaseHelper( 9365): </dict>
05-20 18:06:40.744 D/MdmDatabaseHelper( 9365): </plist>
05-20 18:06:40.767 I/TransInfo( 9365): TransInfo created, id: 3, class: class com.pekall.emdm.transaction.c.b
05-20 18:06:40.767 D/NetworkThread( 9365): [null:-1]->----isRunning-----true
05-20 18:06:40.767 D/NetworkThread( 9365): [null:-1]->----isRunning-----true
05-20 18:06:40.767 D/NetworkThread( 9365): [null:-1]->thread wakeup
05-20 18:06:40.767 D/NetworkThread( 9365): [null:-1]->sendHttpPost:PostRequest, url: http://192.168.10.21/rest/mdm/v1/ios/android_server, Params: [content:<?xml version="1.0" encoding="UTF-8"?>
05-20 18:06:40.767 D/NetworkThread( 9365): <!DOCTYPE plist PUBLIC "-//Apple//DTD PLIST 1.0//EN" "http://www.apple.com/DTDs/PropertyList-1.0.dtd">
05-20 18:06:40.767 D/NetworkThread( 9365): <plist version="1.0">
05-20 18:06:40.767 D/NetworkThread( 9365): <dict>
05-20 18:06:40.767 D/NetworkThread( 9365): 	<key>ManagedApplicationList</key>
05-20 18:06:40.767 D/NetworkThread( 9365): 	<dict>
05-20 18:06:40.767 D/NetworkThread( 9365): 	</dict>
05-20 18:06:40.767 D/NetworkThread( 9365): 	<key>CommandUUID</key>
05-20 18:06:40.767 D/NetworkThread( 9365): 	<string>3b60a936-ea46-4585-b519-f03f94d33c22</string>
05-20 18:06:40.767 D/NetworkThread( 9365): 	<key>Status</key>
05-20 18:06:40.767 D/NetworkThread( 9365): 	<string>Acknowledged</string>
05-20 18:06:40.767 D/NetworkThread( 9365): 	<key>UDID</key>
05-20 18:06:40.767 D/NetworkThread( 9365): 	<string>00013fbc8ecec5b9000001461914c968</string>
05-20 18:06:40.767 D/NetworkThread( 9365): </dict>
05-20 18:06:40.767 D/NetworkThread( 9365): </plist>], 
05-20 18:06:40.767 D/HttpClient( 9365): enable apache.http debug
05-20 18:06:40.775 V/DEBUG   ( 9365): HTTP 0
05-20 18:06:41.119 D/MDM :   ( 9365): [null:-1]->statusCode : 200
05-20 18:06:41.119 D/MDM :   ( 9365): [null:-1]->statusCode : 200
05-20 18:06:41.119 V/DEBUG   ( 9365): HTTP 1
05-20 18:06:41.127 D/MDM :   ( 9365): [null:-1]->read network input stream
05-20 18:06:41.127 D/MDM :   ( 9365): [null:-1]->Get joson string: <?xml version="1.0" encoding="UTF-8"?>
05-20 18:06:41.127 D/MDM :   ( 9365): <!DOCTYPE plist PUBLIC "-//Apple//DTD PLIST 1.0//EN" "http://www.apple.com/DTDs/PropertyList-1.0.dtd">
05-20 18:06:41.127 D/MDM :   ( 9365): <plist version="1.0">
05-20 18:06:41.127 D/MDM :   ( 9365): <dict>
05-20 18:06:41.127 D/MDM :   ( 9365): 	<key>CommandUUID</key>
05-20 18:06:41.127 D/MDM :   ( 9365): 	<string>f2bfa707-31fa-47b8-b43d-a97ae3af179e</string>
05-20 18:06:41.127 D/MDM :   ( 9365): 	<key>Command</key>
05-20 18:06:41.127 D/MDM :   ( 9365): 	<dict>
05-20 18:06:41.127 D/MDM :   ( 9365): 		<key>RequestType</key>
05-20 18:06:41.127 D/MDM :   ( 9365): 		<string>InstalledApplicationList</string>
05-20 18:06:41.127 D/MDM :   ( 9365): 	</dict>
05-20 18:06:41.127 D/MDM :   ( 9365): </dict>
05-20 18:06:41.127 D/MDM :   ( 9365): </plist>
05-20 18:06:41.135 D/MdmDatabaseHelper( 9365): [null:-1]->update command 3b60a936-ea46-4585-b519-f03f94d33c22 to status executed
05-20 18:06:41.158 D/CheckInTransInfo( 9365): [null:-1]->CommandMsg : CommandMsg{CommandUUID='f2bfa707-31fa-47b8-b43d-a97ae3af179e', Command=CommandObject{RequestType='InstalledApplicationList'}}
05-20 18:06:41.181 D/NetworkThread( 9365): [null:-1]->clear mCurrentTransInfo
05-20 18:06:41.181 D/NetworkThread( 9365): [null:-1]->queue is empty, thread wait...
05-20 18:06:41.283 D/MdmService( 9365): [null:-1]->handleCheckInResult
05-20 18:06:41.283 D/MdmService( 9365): [null:-1]->handleCheckInResult result keyIndex: 3
05-20 18:06:41.283 D/CommandManager( 9365): [null:-1]->execute command: CommandMsg{CommandUUID='f2bfa707-31fa-47b8-b43d-a97ae3af179e', Command=CommandObject{RequestType='InstalledApplicationList'}}
05-20 18:06:41.400 D/CommandManager( 9365): [null:-1]->requestType: InstalledApplicationList
05-20 18:06:41.431 W/Parcel  ( 1661): Attempt to read object from Parcel 0x5dfd3dac at offset 200 that is not in the object list
05-20 18:06:41.478 D/MdmDatabaseHelper( 9365): [null:-1]->update command f2bfa707-31fa-47b8-b43d-a97ae3af179e to commandStatus <?xml version="1.0" encoding="UTF-8"?>
05-20 18:06:41.478 D/MdmDatabaseHelper( 9365): <!DOCTYPE plist PUBLIC "-//Apple//DTD PLIST 1.0//EN" "http://www.apple.com/DTDs/PropertyList-1.0.dtd">
05-20 18:06:41.478 D/MdmDatabaseHelper( 9365): <plist version="1.0">
05-20 18:06:41.478 D/MdmDatabaseHelper( 9365): <dict>
05-20 18:06:41.478 D/MdmDatabaseHelper( 9365): 	<key>InstalledApplicationList</key>
05-20 18:06:41.478 D/MdmDatabaseHelper( 9365): 	<array>
05-20 18:06:41.478 D/MdmDatabaseHelper( 9365): 		<dict>
05-20 18:06:41.478 D/MdmDatabaseHelper( 9365): 			<key>AppPermissions</key>
05-20 18:06:41.478 D/MdmDatabaseHelper( 9365): 			<array>
05-20 18:06:41.478 D/MdmDatabaseHelper( 9365): 				<string>android.permission.READ_LOGS</string>
05-20 18:06:41.478 D/MdmDatabaseHelper( 9365): 				<string>android.permission.WRITE_EXTERNAL_STORAGE</string>
05-20 18:06:41.478 D/MdmDatabaseHelper( 9365): 				<string>com.qihoo.root.RESPOND</string>
05-20 18:06:41.478 D/MdmDatabaseHelper( 9365): 				<string>com.qihoo.root.provider.READ</string>
05-20 18:06:41.478 D/MdmDatabaseHelper( 9365): 				<string>com.qihoo.root.provider.WRITE</string>
05-20 18:06:41.478 D/MdmDatabaseHelper( 9365): 				<string>android.permission.INTERNET</string>
05-20 18:06:41.478 D/MdmDatabaseHelper( 9365): 				<string>android.permission.ACCESS_NETWORK_STATE</string>
05-20 18:06:41.478 D/MdmDatabaseHelper( 9365): 				<string>android.permission.INSTALL_PACKAGES</string>
05-20 18:06:41.478 D/MdmDatabaseHelper( 9365): 				<string>android.permission.KILL_BACKGROUND_PROCESSES</string>
05-20 18:06:41.478 D/MdmDatabaseHelper( 9365): 				<string>android.permission.RESTART_PACKAGES</string>
05-20 18:06:41.478 D/MdmDatabaseHelper( 9365): 				<string>android.permission.READ_PHONE_STATE</string>
05-20 18:06:41.478 D/MdmDatabaseHelper( 9365): 				<string>android.permission.DELETE_PACKAGES</string>
05-20 18:06:41.478 D/MdmDatabaseHelper( 9365): 				<string>android.permission.READ_EXTERNAL_STORAGE</string>
05-20 18:06:41.478 D/MdmDatabaseHelper( 9365): 			</array>
05-20 18:06:41.478 D/MdmDatabaseHelper( 9365): 			<key>Version</key>
05-20 18:06:41.478 D/MdmDatabaseHelper( 9365): 			<string>7</string>
05-20 18:06:41.478 D/MdmDatabaseHelper( 9365): 			<key>ShortVersion</key>
05-20 18:06:41.478 D/MdmDatabaseHelper( 9365): 			<string>6.0.1</string>
05-20 18:06:41.478 D/MdmDatabaseHelper( 9365): 			<key>Identifier</key>
05-20 18:06:41.478 D/MdmDatabaseHelper( 9365): 			<string>com.qihoo.root</string>
05-20 18:06:41.478 D/MdmDatabaseHelper( 9365): 			<key>Name</key>
05-20 18:06:41.478 D/MdmDatabaseHelper( 9365): 			<string>360</string>
05-20 18:06:41.478 D/MdmDatabaseHelper( 9365): 			<key>DynamicSize</key>
05-20 18:06:41.478 D/MdmDatabaseHelper( 9365): 			<integer>0</integer>
05-20 18:06:41.478 D/MdmDatabaseHelper( 9365): 			<key>BundleSize</key>
05-20 18:06:41.478 D/MdmDatabaseHelper( 9365): 			<integer>0</integer>
05-20 18:06:41.478 D/MdmDatabaseHelper( 9365): 		</dict>
05-20 18:06:41.478 D/MdmDatabaseHelper( 9365): 		<dict>
05-20 18:06:41.478 D/MdmDatabaseHelper( 9365): 			<key>AppPermissions</key>
05-20 18:06:41.478 D/MdmDatabaseHelper( 9365): 			<array>
05-20 18:06:41.478 D/MdmDatabaseHelper( 9365): 				<string>android.permission.ACCESS_FINE_LOCATION</string>
05-20 18:06:41.478 D/MdmDatabaseHelper( 9365): 				<string>android.permission.ACCESS_COARSE_LOCATION</string>
05-20 18:06:41.478 D/MdmDatabaseHelper( 9365): 				<string>android.permission.SYSTEM_ALERT_WINDOW</string>
05-20 18:06:41.478 D/MdmDatabaseHelper( 9365): 				<string>android.permission.RECEIVE_BOOT_COMPLETED</string>
05-20 18:06:41.478 D/MdmDatabaseHelper( 9365): 				<string>android.permission.CALL_PHONE</string>
05-20 18:06:41.478 D/MdmDatabaseHelper( 9365): 				<string>android.permission.PROCESS_OUTGOING_CALLS</string>
05-20 18:06:41.478 D/MdmDatabaseHelper( 9365): 				<string>android.permission.READ_CONTACTS</string>
05-20 18:06:41.478 D/MdmDatabaseHelper( 9365): 				<string>android.permission.WRITE_CONTACTS</string>
05-20 18:06:41.478 D/MdmDatabaseHelper( 9365): 				<string>android.permission.RECEIVE_SMS</string>
05-20 18:06:41.478 D/MdmDatabaseHelper( 9365): 				<string>android.permission.RECEIVE_MMS</string>
05-20 18:06:41.478 D/MdmDatabaseHelper( 9365): 				<string>android.permission.RECEIVE_WAP_PUSH</string>
05-20 18:06:41.478 D/MdmDatabaseHelper( 9365): 				<string>android.permission.INTERNET</string>
05-20 18:06:41.478 D/MdmDatabaseHelper( 9365): 				<string>android.permission.SEND_SMS</string>
05-20 18:06:41.478 D/MdmDatabaseHelper( 9365): 				<string>android.permission.READ_SMS</string>
05-20 18:06:41.478 D/MdmDatabaseHelper( 9365): 				<string>android.permission.WRITE_SMS</string>
05-20 18:06:41.478 D/MdmDatabaseHelper( 9365): 				<string>android.permission.READ_CALL_LOG</string>
05-20 18:06:41.478 D/MdmDatabaseHelper( 9365): 				<string>android.permission.WRITE_CALL_LOG</string>
05-20 18:06:41.478 D/MdmDatabaseHelper( 9365): 				<string>android.permission.ACCESS_NETWORK_STATE</string>
05-20 18:06:41.478 D/MdmDatabaseHelper( 9365): 				<string>android.permission.READ_PHONE_STATE</string>
05-20 18:06:41.478 D/MdmDatabaseHelper( 9365): 				<string>android.permission.MODIFY_PHONE_STATE</string>
05-20 18:06:41.478 D/MdmDatabaseHelper( 9365): 				<string>android.permission.MODIFY_AUDIO_SETTINGS</string>
05-20 18:06:41.478 D/MdmDatabaseHelper( 9365): 				<string>android.permission.VIBRATE</string>
05-20 18:06:41.478 D/MdmDatabaseHelper( 9365): 				<string>android.permission.BATTERY_STATS</string>
05-20 18:06:41.478 D/MdmDatabaseHelper( 9365): 				<string>android.permission.GET_PACKAGE_SIZE</string>
05-20 18:06:41.478 D/MdmDatabaseHelper( 9365): 				<string>com.android.launcher.permission.READ_SETTINGS</string>
05-20 18:06:41.478 D/MdmDatabaseHelper( 9365): 				<string>android.permission.WAKE_LOCK</string>
05-20 18:06:41.478 D/MdmDatabaseHelper( 9365): 				<string>android.permission.CHANGE_NETWORK_STATE</string>
05-20 18:06:41.478 D/MdmDatabaseHelper( 9365): 				<string>android.permission.WRITE_EXTERNAL_STORAGE</string>
05-20 18:06:41.478 D/MdmDatabaseHelper( 9365): 				<string>android.permission.RESTART_PACKAGES</string>
05-20 18:06:41.478 D/MdmDatabaseHelper( 9365): 				<string>android.permission.CHANGE_WIFI_STATE</string>
05-20 18:06:41.478 D/MdmDatabaseHelper( 9365): 				<string>android.permission.WRITE_SETTINGS</string>
05-20 18:06:41.478 D/MdmDatabaseHelper( 9365): 				<string>android.permission.WRITE_SECURE_SETTINGS</string>
05-20 18:06:41.478 D/MdmDatabaseHelper( 9365): 				<string>android.permission.READ_SYNC_SETTINGS</string>
05-20 18:06:41.478 D/MdmDatabaseHelper( 9365): 				<string>android.permission.WRITE_SYNC_SETTINGS</string>
05-20 18:06:41.478 D/MdmDatabaseHelper( 9365): 				<string>android.permission.WRITE_APN_SETTINGS</string>
05-20 18:06:41.478 D/MdmDatabaseHelper( 9365): 				<string>android.permission.BLUETOOTH_ADMIN</string>
05-20 18:06:41.478 D/MdmDatabaseHelper( 9365): 				<string>android.permission.RECORD_AUDIO</string>
05-20 18:06:41.478 D/MdmDatabaseHelper( 9365): 				<string>android.permission.READ_LOGS</string>
05-20 18:06:41.478 D/MdmDatabaseHelper( 9365): 				<string>com.android.launcher.permission.INSTALL_SHORTCUT</string>
05-20 18:06:41.478 D/MdmDatabaseHelper( 9365): 				<string>com.android.launcher.permission.UNINSTALL_SHORTCUT</string>
05-20 18:06:41.478 D/MdmDatabaseHelper( 9365): 				<string>android.permission.ACCESS_WIFI_STATE</string>
05-20 18:06:41.478 D/MdmDatabaseHelper( 9365): 				<string>android.permission.BLUETOOTH</string>
05-20 18:06:41.478 D/MdmDatabaseHelper( 9365): 				<string>android.permission.CLEAR_APP_CACHE</string>
05-20 18:06:41.478 D/MdmDatabaseHelper( 9365): 				<string>android.permission.GET_TASKS</string>
05-20 18:06:41.478 D/MdmDatabaseHelper( 9365): 				<string>android.permission.REORDER_TASKS</string>
05-20 18:06:41.478 D/MdmDatabaseHelper( 9365): 				<string>android.permission.GET_ACCOUNTS</strin
05-20 18:06:41.517 I/TransInfo( 9365): TransInfo created, id: 3, class: class com.pekall.emdm.transaction.c.b
05-20 18:06:41.517 D/NetworkThread( 9365): [null:-1]->----isRunning-----true
05-20 18:06:41.517 D/NetworkThread( 9365): [null:-1]->----isRunning-----true
05-20 18:06:41.517 D/NetworkThread( 9365): [null:-1]->thread wakeup
05-20 18:06:41.549 D/NetworkThread( 9365): [null:-1]->sendHttpPost:PostRequest, url: http://192.168.10.21/rest/mdm/v1/ios/android_server, Params: [content:<?xml version="1.0" encoding="UTF-8"?>
05-20 18:06:41.549 D/NetworkThread( 9365): <!DOCTYPE plist PUBLIC "-//Apple//DTD PLIST 1.0//EN" "http://www.apple.com/DTDs/PropertyList-1.0.dtd">
05-20 18:06:41.549 D/NetworkThread( 9365): <plist version="1.0">
05-20 18:06:41.549 D/NetworkThread( 9365): <dict>
05-20 18:06:41.549 D/NetworkThread( 9365): 	<key>InstalledApplicationList</key>
05-20 18:06:41.549 D/NetworkThread( 9365): 	<array>
05-20 18:06:41.549 D/NetworkThread( 9365): 		<dict>
05-20 18:06:41.549 D/NetworkThread( 9365): 			<key>AppPermissions</key>
05-20 18:06:41.549 D/NetworkThread( 9365): 			<array>
05-20 18:06:41.549 D/NetworkThread( 9365): 				<string>android.permission.READ_LOGS</string>
05-20 18:06:41.549 D/NetworkThread( 9365): 				<string>android.permission.WRITE_EXTERNAL_STORAGE</string>
05-20 18:06:41.549 D/NetworkThread( 9365): 				<string>com.qihoo.root.RESPOND</string>
05-20 18:06:41.549 D/NetworkThread( 9365): 				<string>com.qihoo.root.provider.READ</string>
05-20 18:06:41.549 D/NetworkThread( 9365): 				<string>com.qihoo.root.provider.WRITE</string>
05-20 18:06:41.549 D/NetworkThread( 9365): 				<string>android.permission.INTERNET</string>
05-20 18:06:41.549 D/NetworkThread( 9365): 				<string>android.permission.ACCESS_NETWORK_STATE</string>
05-20 18:06:41.549 D/NetworkThread( 9365): 				<string>android.permission.INSTALL_PACKAGES</string>
05-20 18:06:41.549 D/NetworkThread( 9365): 				<string>android.permission.KILL_BACKGROUND_PROCESSES</string>
05-20 18:06:41.549 D/NetworkThread( 9365): 				<string>android.permission.RESTART_PACKAGES</string>
05-20 18:06:41.549 D/NetworkThread( 9365): 				<string>android.permission.READ_PHONE_STATE</string>
05-20 18:06:41.549 D/NetworkThread( 9365): 				<string>android.permission.DELETE_PACKAGES</string>
05-20 18:06:41.549 D/NetworkThread( 9365): 				<string>android.permission.READ_EXTERNAL_STORAGE</string>
05-20 18:06:41.549 D/NetworkThread( 9365): 			</array>
05-20 18:06:41.549 D/NetworkThread( 9365): 			<key>Version</key>
05-20 18:06:41.549 D/NetworkThread( 9365): 			<string>7</string>
05-20 18:06:41.549 D/NetworkThread( 9365): 			<key>ShortVersion</key>
05-20 18:06:41.549 D/NetworkThread( 9365): 			<string>6.0.1</string>
05-20 18:06:41.549 D/NetworkThread( 9365): 			<key>Identifier</key>
05-20 18:06:41.549 D/NetworkThread( 9365): 			<string>com.qihoo.root</string>
05-20 18:06:41.549 D/NetworkThread( 9365): 			<key>Name</key>
05-20 18:06:41.549 D/NetworkThread( 9365): 			<string>360</string>
05-20 18:06:41.549 D/NetworkThread( 9365): 			<key>DynamicSize</key>
05-20 18:06:41.549 D/NetworkThread( 9365): 			<integer>0</integer>
05-20 18:06:41.549 D/NetworkThread( 9365): 			<key>BundleSize</key>
05-20 18:06:41.549 D/NetworkThread( 9365): 			<integer>0</integer>
05-20 18:06:41.549 D/NetworkThread( 9365): 		</dict>
05-20 18:06:41.549 D/NetworkThread( 9365): 		<dict>
05-20 18:06:41.549 D/NetworkThread( 9365): 			<key>AppPermissions</key>
05-20 18:06:41.549 D/NetworkThread( 9365): 			<array>
05-20 18:06:41.549 D/NetworkThread( 9365): 				<string>android.permission.ACCESS_FINE_LOCATION</string>
05-20 18:06:41.549 D/NetworkThread( 9365): 				<string>android.permission.ACCESS_COARSE_LOCATION</string>
05-20 18:06:41.549 D/NetworkThread( 9365): 				<string>android.permission.SYSTEM_ALERT_WINDOW</string>
05-20 18:06:41.549 D/NetworkThread( 9365): 				<string>android.permission.RECEIVE_BOOT_COMPLETED</string>
05-20 18:06:41.549 D/NetworkThread( 9365): 				<string>android.permission.CALL_PHONE</string>
05-20 18:06:41.549 D/NetworkThread( 9365): 				<string>android.permission.PROCESS_OUTGOING_CALLS</string>
05-20 18:06:41.549 D/NetworkThread( 9365): 				<string>android.permission.READ_CONTACTS</string>
05-20 18:06:41.549 D/NetworkThread( 9365): 				<string>android.permission.WRITE_CONTACTS</string>
05-20 18:06:41.549 D/NetworkThread( 9365): 				<string>android.permission.RECEIVE_SMS</string>
05-20 18:06:41.549 D/NetworkThread( 9365): 				<string>android.permission.RECEIVE_MMS</string>
05-20 18:06:41.549 D/NetworkThread( 9365): 				<string>android.permission.RECEIVE_WAP_PUSH</string>
05-20 18:06:41.549 D/NetworkThread( 9365): 				<string>android.permission.INTERNET</string>
05-20 18:06:41.549 D/NetworkThread( 9365): 				<string>android.permission.SEND_SMS</string>
05-20 18:06:41.549 D/NetworkThread( 9365): 				<string>android.permission.READ_SMS</string>
05-20 18:06:41.549 D/NetworkThread( 9365): 				<string>android.permission.WRITE_SMS</string>
05-20 18:06:41.549 D/NetworkThread( 9365): 				<string>android.permission.READ_CALL_LOG</string>
05-20 18:06:41.549 D/NetworkThread( 9365): 				<string>android.permission.WRITE_CALL_LOG</string>
05-20 18:06:41.549 D/NetworkThread( 9365): 				<string>android.permission.ACCESS_NETWORK_STATE</string>
05-20 18:06:41.549 D/NetworkThread( 9365): 				<string>android.permission.READ_PHONE_STATE</string>
05-20 18:06:41.549 D/NetworkThread( 9365): 				<string>android.permission.MODIFY_PHONE_STATE</string>
05-20 18:06:41.549 D/NetworkThread( 9365): 				<string>android.permission.MODIFY_AUDIO_SETTINGS</string>
05-20 18:06:41.549 D/NetworkThread( 9365): 				<string>android.permission.VIBRATE</string>
05-20 18:06:41.549 D/NetworkThread( 9365): 				<string>android.permission.BATTERY_STATS</string>
05-20 18:06:41.549 D/NetworkThread( 9365): 				<string>android.permission.GET_PACKAGE_SIZE</string>
05-20 18:06:41.549 D/NetworkThread( 9365): 				<string>com.android.launcher.permission.READ_SETTINGS</string>
05-20 18:06:41.549 D/NetworkThread( 9365): 				<string>android.permission.WAKE_LOCK</string>
05-20 18:06:41.549 D/NetworkThread( 9365): 				<string>android.permission.CHANGE_NETWORK_STATE</string>
05-20 18:06:41.549 D/NetworkThread( 9365): 				<string>android.permission.WRITE_EXTERNAL_STORAGE</string>
05-20 18:06:41.549 D/NetworkThread( 9365): 				<string>android.permission.RESTART_PACKAGES</string>
05-20 18:06:41.549 D/NetworkThread( 9365): 				<string>android.permission.CHANGE_WIFI_STATE</string>
05-20 18:06:41.549 D/NetworkThread( 9365): 				<string>android.permission.WRITE_SETTINGS</string>
05-20 18:06:41.549 D/NetworkThread( 9365): 				<string>android.permission.WRITE_SECURE_SETTINGS</string>
05-20 18:06:41.549 D/NetworkThread( 9365): 				<string>android.permission.READ_SYNC_SETTINGS</string>
05-20 18:06:41.549 D/NetworkThread( 9365): 				<string>android.permission.WRITE_SYNC_SETTINGS</string>
05-20 18:06:41.549 D/NetworkThread( 9365): 				<string>android.permission.WRITE_APN_SETTINGS</string>
05-20 18:06:41.549 D/NetworkThread( 9365): 				<string>android.permission.BLUETOOTH_ADMIN</string>
05-20 18:06:41.549 D/NetworkThread( 9365): 				<string>android.permission.RECORD_AUDIO</string>
05-20 18:06:41.549 D/NetworkThread( 9365): 				<string>android.permission.READ_LOGS</string>
05-20 18:06:41.549 D/NetworkThread( 9365): 				<string>com.android.launcher.permission.INSTALL_SHORTCUT</string>
05-20 18:06:41.549 D/NetworkThread( 9365): 				<string>com.android.launcher.permission.UNINSTALL_SHORTCUT</string>
05-20 18:06:41.549 D/NetworkThread( 9365): 				<string>android.permission.ACCESS_WIFI_STATE</string>
05-20 18:06:41.549 D/NetworkThread( 9365): 				<string>android.permission.BLUETOOTH</string>
05-20 18:06:41.549 D/NetworkThread( 9365): 				<string>android.permission.CLEAR_APP_CACHE</string>
05-20 18:06:41.549 D/NetworkThread( 9365): 				<string>android.permission.GET_TASKS</string>
05-20 18:06:41.549 D/NetworkThread( 9365): 				<string>android.permission.REORDER_TASKS</string>
05-20 18:06:41.549 D/NetworkThread( 9365): 				<string>android.pe
05-20 18:06:41.549 D/HttpClient( 9365): enable apache.http debug
05-20 18:06:41.556 V/DEBUG   ( 9365): HTTP 0
05-20 18:06:42.283 D/AndroidRuntime( 9919): 
05-20 18:06:42.283 D/AndroidRuntime( 9919): >>>>>> AndroidRuntime START com.android.internal.os.RuntimeInit <<<<<<
05-20 18:06:42.283 D/AndroidRuntime( 9919): CheckJNI is OFF
05-20 18:06:42.291 D/dalvikvm( 9919): Trying to load lib libjavacore.so 0x0
05-20 18:06:42.291 D/dalvikvm( 9919): Added shared lib libjavacore.so 0x0
05-20 18:06:42.306 D/dalvikvm( 9919): Trying to load lib libnativehelper.so 0x0
05-20 18:06:42.306 D/dalvikvm( 9919): Added shared lib libnativehelper.so 0x0
05-20 18:06:42.346 D/MDM :   ( 9365): [null:-1]->statusCode : 200
05-20 18:06:42.353 D/MDM :   ( 9365): [null:-1]->statusCode : 200
05-20 18:06:42.353 V/DEBUG   ( 9365): HTTP 1
05-20 18:06:42.361 D/MDM :   ( 9365): [null:-1]->read network input stream
05-20 18:06:42.377 D/MDM :   ( 9365): [null:-1]->Get joson string: <?xml version="1.0" encoding="UTF-8"?>
05-20 18:06:42.377 D/MDM :   ( 9365): <!DOCTYPE plist PUBLIC "-//Apple//DTD PLIST 1.0//EN" "http://www.apple.com/DTDs/PropertyList-1.0.dtd">
05-20 18:06:42.377 D/MDM :   ( 9365): <plist version="1.0">
05-20 18:06:42.377 D/MDM :   ( 9365): <dict>
05-20 18:06:42.377 D/MDM :   ( 9365): 	<key>CommandUUID</key>
05-20 18:06:42.377 D/MDM :   ( 9365): 	<string>7797c9de-9625-4ec6-8c67-b22391848afa</string>
05-20 18:06:42.377 D/MDM :   ( 9365): 	<key>Command</key>
05-20 18:06:42.377 D/MDM :   ( 9365): 	<dict>
05-20 18:06:42.377 D/MDM :   ( 9365): 		<key>RequestType</key>
05-20 18:06:42.377 D/MDM :   ( 9365): 		<string>SecurityInfo</string>
05-20 18:06:42.377 D/MDM :   ( 9365): 	</dict>
05-20 18:06:42.377 D/MDM :   ( 9365): </dict>
05-20 18:06:42.377 D/MDM :   ( 9365): </plist>
05-20 18:06:42.385 D/MdmDatabaseHelper( 9365): [null:-1]->update command f2bfa707-31fa-47b8-b43d-a97ae3af179e to status executed
05-20 18:06:42.439 D/CheckInTransInfo( 9365): [null:-1]->CommandMsg : CommandMsg{CommandUUID='7797c9de-9625-4ec6-8c67-b22391848afa', Command=CommandObject{RequestType='SecurityInfo'}}
05-20 18:06:42.478 D/NetworkThread( 9365): [null:-1]->clear mCurrentTransInfo
05-20 18:06:42.478 D/NetworkThread( 9365): [null:-1]->queue is empty, thread wait...
05-20 18:06:42.486 D/AndroidRuntime( 9919): Calling main entry com.android.commands.uiautomator.Launcher
05-20 18:06:42.517 D/dalvikvm( 9919): Note: class Landroid/app/ActivityManagerNative; has 163 unimplemented (abstract) methods
05-20 18:06:42.580 D/MdmService( 9365): [null:-1]->handleCheckInResult
05-20 18:06:42.580 D/MdmService( 9365): [null:-1]->handleCheckInResult result keyIndex: 3
05-20 18:06:42.580 D/CommandManager( 9365): [null:-1]->execute command: CommandMsg{CommandUUID='7797c9de-9625-4ec6-8c67-b22391848afa', Command=CommandObject{RequestType='SecurityInfo'}}
05-20 18:06:42.580 D/CommandManager( 9365): [null:-1]->requestType: SecurityInfo
05-20 18:06:42.611 W/Parcel  ( 1661): Attempt to read object from Parcel 0x6003bdac at offset 200 that is not in the object list
05-20 18:06:42.619 D/MdmDatabaseHelper( 9365): [null:-1]->update command 7797c9de-9625-4ec6-8c67-b22391848afa to commandStatus <?xml version="1.0" encoding="UTF-8"?>
05-20 18:06:42.619 D/MdmDatabaseHelper( 9365): <!DOCTYPE plist PUBLIC "-//Apple//DTD PLIST 1.0//EN" "http://www.apple.com/DTDs/PropertyList-1.0.dtd">
05-20 18:06:42.619 D/MdmDatabaseHelper( 9365): <plist version="1.0">
05-20 18:06:42.619 D/MdmDatabaseHelper( 9365): <dict>
05-20 18:06:42.619 D/MdmDatabaseHelper( 9365): 	<key>SecurityInfo</key>
05-20 18:06:42.619 D/MdmDatabaseHelper( 9365): 	<dict>
05-20 18:06:42.619 D/MdmDatabaseHelper( 9365): 		<key>HardwareEncryptionCaps</key>
05-20 18:06:42.619 D/MdmDatabaseHelper( 9365): 		<integer>0</integer>
05-20 18:06:42.619 D/MdmDatabaseHelper( 9365): 		<key>PasscodeCompliant</key>
05-20 18:06:42.619 D/MdmDatabaseHelper( 9365): 		<false/>
05-20 18:06:42.619 D/MdmDatabaseHelper( 9365): 		<key>PasscodeCompliantWithProfiles</key>
05-20 18:06:42.619 D/MdmDatabaseHelper( 9365): 		<true/>
05-20 18:06:42.619 D/MdmDatabaseHelper( 9365): 		<key>PasscodePresent</key>
05-20 18:06:42.619 D/MdmDatabaseHelper( 9365): 		<false/>
05-20 18:06:42.619 D/MdmDatabaseHelper( 9365): 	</dict>
05-20 18:06:42.619 D/MdmDatabaseHelper( 9365): 	<key>CommandUUID</key>
05-20 18:06:42.619 D/MdmDatabaseHelper( 9365): 	<string>7797c9de-9625-4ec6-8c67-b22391848afa</string>
05-20 18:06:42.619 D/MdmDatabaseHelper( 9365): 	<key>Status</key>
05-20 18:06:42.619 D/MdmDatabaseHelper( 9365): 	<string>Acknowledged</string>
05-20 18:06:42.619 D/MdmDatabaseHelper( 9365): 	<key>UDID</key>
05-20 18:06:42.619 D/MdmDatabaseHelper( 9365): 	<string>00013fbc8ecec5b9000001461914c968</string>
05-20 18:06:42.619 D/MdmDatabaseHelper( 9365): </dict>
05-20 18:06:42.619 D/MdmDatabaseHelper( 9365): </plist>
05-20 18:06:42.650 I/TransInfo( 9365): TransInfo created, id: 3, class: class com.pekall.emdm.transaction.c.b
05-20 18:06:42.650 D/NetworkThread( 9365): [null:-1]->----isRunning-----true
05-20 18:06:42.650 D/NetworkThread( 9365): [null:-1]->----isRunning-----true
05-20 18:06:42.650 D/NetworkThread( 9365): [null:-1]->thread wakeup
05-20 18:06:42.650 D/NetworkThread( 9365): [null:-1]->sendHttpPost:PostRequest, url: http://192.168.10.21/rest/mdm/v1/ios/android_server, Params: [content:<?xml version="1.0" encoding="UTF-8"?>
05-20 18:06:42.650 D/NetworkThread( 9365): <!DOCTYPE plist PUBLIC "-//Apple//DTD PLIST 1.0//EN" "http://www.apple.com/DTDs/PropertyList-1.0.dtd">
05-20 18:06:42.650 D/NetworkThread( 9365): <plist version="1.0">
05-20 18:06:42.650 D/NetworkThread( 9365): <dict>
05-20 18:06:42.650 D/NetworkThread( 9365): 	<key>SecurityInfo</key>
05-20 18:06:42.650 D/NetworkThread( 9365): 	<dict>
05-20 18:06:42.650 D/NetworkThread( 9365): 		<key>HardwareEncryptionCaps</key>
05-20 18:06:42.650 D/NetworkThread( 9365): 		<integer>0</integer>
05-20 18:06:42.650 D/NetworkThread( 9365): 		<key>PasscodeCompliant</key>
05-20 18:06:42.650 D/NetworkThread( 9365): 		<false/>
05-20 18:06:42.650 D/NetworkThread( 9365): 		<key>PasscodeCompliantWithProfiles</key>
05-20 18:06:42.650 D/NetworkThread( 9365): 		<true/>
05-20 18:06:42.650 D/NetworkThread( 9365): 		<key>PasscodePresent</key>
05-20 18:06:42.650 D/NetworkThread( 9365): 		<false/>
05-20 18:06:42.650 D/NetworkThread( 9365): 	</dict>
05-20 18:06:42.650 D/NetworkThread( 9365): 	<key>CommandUUID</key>
