05-20 18:06:47.517 V/MyServiceConnection( 9935): [SConnection] binding service: pekall.intent.action.SANDBOX_SERVICE
05-20 18:06:47.517 W/SQLiteOpenHelper( 9935): Opened /data/data/com.pekall.emdm.launcher/databases/message.db
05-20 18:06:47.517 W/dalvikvm( 9935): No implementation found for native Lcom/pekall/sandbox/database/sqlite/SQLiteDatabase;.native_setSqliteSoftHeapLimit:(I)V
05-20 18:06:47.517 D/AndroidRuntime( 9935): Shutting down VM
05-20 18:06:47.517 W/dalvikvm( 9935): threadid=1: thread exiting with uncaught exception (group=0x419c8700)
05-20 18:06:47.525 D/        ( 9935): [---null: -1---]  Thread is main
05-20 18:06:47.525 W/System.err( 9935): java.lang.UnsatisfiedLinkError: Native method not found: com.pekall.sandbox.database.sqlite.SQLiteDatabase.native_setSqliteSoftHeapLimit:(I)V
05-20 18:06:47.525 W/System.err( 9935): 	at com.pekall.sandbox.database.sqlite.SQLiteDatabase.native_setSqliteSoftHeapLimit(Native Method)
05-20 18:06:47.525 W/System.err( 9935): 	at com.pekall.sandbox.database.sqlite.SQLiteDatabase.<init>(Unknown Source)
05-20 18:06:47.525 W/System.err( 9935): 	at com.pekall.sandbox.database.sqlite.SQLiteDatabase.openDatabase(Unknown Source)
05-20 18:06:47.525 W/System.err( 9935): 	at com.pekall.sandbox.database.sqlite.SQLiteDatabase.openDatabase(Unknown Source)
05-20 18:06:47.525 W/System.err( 9935): 	at com.pekall.sandbox.database.sqlite.SQLiteDatabase.openDatabase(Unknown Source)
05-20 18:06:47.525 W/System.err( 9935): 	at com.pekall.sandbox.database.sqlite.SQLiteOpenHelper.getWritableDatabase(Unknown Source)
05-20 18:06:47.525 W/System.err( 9935): 	at com.pekall.emdm.messagecenter.db.a.a(Unknown Source)
05-20 18:06:47.525 W/System.err( 9935): 	at com.pekall.emdm.messagecenter.db.a.b(Unknown Source)
05-20 18:06:47.525 W/System.err( 9935): 	at com.pekall.emdm.messagecenter.activity.a.onCreate(Unknown Source)
05-20 18:06:47.525 W/System.err( 9935): 	at com.pekall.emdm.launcher.LauncherApplication.onCreate(Unknown Source)
05-20 18:06:47.525 W/System.err( 9935): 	at android.app.Instrumentation.callApplicationOnCreate(Instrumentation.java:1007)
05-20 18:06:47.525 W/System.err( 9935): 	at android.app.ActivityThread.handleBindApplication(ActivityThread.java:4444)
05-20 18:06:47.525 W/System.err( 9935): 	at android.app.ActivityThread.access$1300(ActivityThread.java:141)
05-20 18:06:47.525 W/System.err( 9935): 	at android.app.ActivityThread$H.handleMessage(ActivityThread.java:1316)
05-20 18:06:47.525 W/System.err( 9935): 	at android.os.Handler.dispatchMessage(Handler.java:99)
05-20 18:06:47.525 W/System.err( 9935): 	at android.os.Looper.loop(Looper.java:137)
05-20 18:06:47.525 W/System.err( 9935): 	at android.app.ActivityThread.main(ActivityThread.java:5103)
05-20 18:06:47.525 W/System.err( 9935): 	at java.lang.reflect.Method.invokeNative(Native Method)
05-20 18:06:47.525 W/System.err( 9935): 	at java.lang.reflect.Method.invoke(Method.java:525)
05-20 18:06:47.525 W/System.err( 9935): 	at com.android.internal.os.ZygoteInit$MethodAndArgsCaller.run(ZygoteInit.java:737)
05-20 18:06:47.525 W/System.err( 9935): 	at com.android.internal.os.ZygoteInit.main(ZygoteInit.java:553)
05-20 18:06:47.525 W/System.err( 9935): 	at dalvik.system.NativeStart.main(Native Method)
05-20 18:06:47.525 V/a       ( 9365): Wait for reconcileAccounts finished in 29ms
05-20 18:06:47.533 D/ExchangeService( 9365): !!! EAS ExchangeService, stopping self
05-20 18:06:47.728 D/ActivityThread( 9935): Loading provider com.pekall.semail.provider;com.pekall.semail.notifier: com.pekall.semail.provider.EmailProvider
05-20 18:06:47.767 D/ActivityThread( 9935): Loading provider com.pekall.semail.provider;com.pekall.semail.notifier: com.pekall.semail.provider.EmailProvider
05-20 18:06:47.877 D/dalvikvm( 9935): GC_CONCURRENT freed 495K, 6% free 9479K/10016K, paused 4ms+17ms, total 39ms
05-20 18:06:48.431 W/EmailProvider( 9935): restoreIfNeeded...
05-20 18:06:48.431 D/EmailProvider( 9935): restoreAccounts...
05-20 18:06:49.080 D/EmailProvider( 9935): No accounts to restore...
05-20 18:06:49.080 D/dalvikvm( 9919): GC_FOR_ALLOC freed 7467K, 92% free 723K/8192K, paused 33ms, total 33ms
05-20 18:06:49.127 D/EmailProvider( 9935): Deleting orphans...
05-20 18:06:49.213 D/EmailProvider( 9935): EmailProvider pre-caching...
05-20 18:06:49.299 D/dalvikvm( 9919): GC_CONCURRENT freed 384K, 90% free 840K/8192K, paused 2ms+0ms, total 11ms
05-20 18:06:49.549 D/EmailProvider( 9935): EmailProvider ready.
05-20 18:06:49.728 D/dalvikvm( 9919): GC_CONCURRENT freed 485K, 88% free 738K/5772K, paused 2ms+1ms, total 13ms
05-20 18:06:49.877 D/dalvikvm( 9919): GC_CONCURRENT freed 482K, 88% free 721K/5772K, paused 1ms+0ms, total 8ms
05-20 18:06:50.103 D/dalvikvm( 9919): GC_CONCURRENT freed 368K, 87% free 754K/5772K, paused 0ms+0ms, total 14ms
05-20 18:06:50.291 I/Email   ( 9935): Notifications being toggled: false
05-20 18:06:50.291 W/ActivityManager(  374): Unable to start service Intent { cmp=com.pekall.emdm.launcher/com.pekall.semail.service.AttachmentDownloadService } U=0: not found
05-20 18:06:50.416 D/dalvikvm( 9919): GC_CONCURRENT freed 458K, 88% free 742K/5772K, paused 2ms+1ms, total 16ms
05-20 18:06:50.650 D/dalvikvm( 9919): GC_CONCURRENT freed 392K, 88% free 734K/5772K, paused 2ms+0ms, total 14ms
05-20 18:06:50.838 D/dalvikvm( 9919): GC_CONCURRENT freed 442K, 87% free 762K/5772K, paused 0ms+2ms, total 9ms
05-20 18:06:51.096 D/dalvikvm( 9919): GC_CONCURRENT freed 475K, 87% free 773K/5772K, paused 1ms+2ms, total 18ms
05-20 18:06:51.353 D/dalvikvm( 9919): GC_CONCURRENT freed 517K, 88% free 739K/5772K, paused 1ms+6ms, total 14ms
05-20 18:06:51.635 D/dalvikvm( 9919): GC_CONCURRENT freed 386K, 86% free 840K/5772K, paused 1ms+1ms, total 13ms
05-20 18:06:51.931 D/dalvikvm( 9919): GC_CONCURRENT freed 585K, 88% free 739K/5772K, paused 0ms+1ms, total 19ms
05-20 18:06:52.127 D/dalvikvm( 9919): GC_CONCURRENT freed 386K, 87% free 754K/5772K, paused 0ms+0ms, total 5ms
05-20 18:06:52.267 D/dalvikvm( 9919): GC_CONCURRENT freed 464K, 88% free 739K/5772K, paused 2ms+1ms, total 7ms
05-20 18:06:52.447 D/dalvikvm( 9919): GC_CONCURRENT freed 385K, 88% free 737K/5772K, paused 2ms+0ms, total 6ms
05-20 18:06:52.572 D/dalvikvm( 9919): GC_CONCURRENT freed 485K, 88% free 718K/5772K, paused 0ms+0ms, total 5ms
05-20 18:06:52.760 D/dalvikvm( 9919): GC_CONCURRENT freed 438K, 87% free 767K/5772K, paused 1ms+2ms, total 8ms
05-20 18:06:52.931 D/dalvikvm( 9919): GC_CONCURRENT freed 490K, 88% free 746K/5772K, paused 1ms+2ms, total 7ms
05-20 18:06:53.064 D/dalvikvm( 1661): GC_EXPLICIT freed 607K, 18% free 13077K/15888K, paused 2ms+3ms, total 130ms
05-20 18:06:53.127 D/dalvikvm( 9919): GC_CONCURRENT freed 460K, 88% free 749K/5772K, paused 0ms+2ms, total 7ms
05-20 18:06:53.252 D/dalvikvm( 9919): GC_CONCURRENT freed 390K, 88% free 742K/5772K, paused 2ms+1ms, total 6ms
05-20 18:06:53.385 D/dalvikvm( 9919): GC_CONCURRENT freed 407K, 88% free 718K/5772K, paused 2ms+0ms, total 6ms
05-20 18:06:53.541 D/dalvikvm( 9919): GC_CONCURRENT freed 365K, 87% free 754K/5772K, paused 0ms+1ms, total 5ms
05-20 18:06:53.666 D/dalvikvm( 9919): GC_CONCURRENT freed 464K, 88% free 739K/5772K, paused 2ms+1ms, total 6ms
05-20 18:06:53.846 D/dalvikvm( 9919): GC_CONCURRENT freed 386K, 88% free 737K/5772K, paused 2ms+1ms, total 6ms
05-20 18:06:53.971 D/dalvikvm( 9919): GC_CONCURRENT freed 485K, 88% free 718K/5772K, paused 0ms+0ms, total 5ms
05-20 18:06:54.150 D/dalvikvm( 9919): GC_CONCURRENT freed 434K, 87% free 771K/5772K, paused 1ms+1ms, total 8ms
05-20 18:06:54.314 D/dalvikvm( 9919): GC_CONCURRENT freed 494K, 88% free 747K/5772K, paused 1ms+2ms, total 7ms
05-20 18:06:54.486 D/dalvikvm( 9919): GC_CONCURRENT freed 423K, 86% free 825K/5772K, paused 0ms+2ms, total 10ms
05-20 18:06:54.549 D/dalvikvm(  448): GC_CONCURRENT freed 2123K, 19% free 13357K/16308K, paused 2ms+13ms, total 88ms
05-20 18:06:54.674 D/dalvikvm( 9919): GC_CONCURRENT freed 548K, 87% free 763K/5772K, paused 0ms+2ms, total 9ms
05-20 18:06:54.846 D/dalvikvm( 9919): GC_CONCURRENT freed 482K, 87% free 766K/5772K, paused 1ms+2ms, total 9ms
05-20 18:06:55.002 D/dalvikvm( 9919): GC_CONCURRENT freed 474K, 87% free 777K/5772K, paused 1ms+1ms, total 9ms
05-20 18:06:55.142 D/dalvikvm( 9919): GC_CONCURRENT freed 501K, 87% free 762K/5772K, paused 0ms+2ms, total 8ms
05-20 18:06:55.314 D/dalvikvm( 9919): GC_CONCURRENT freed 470K, 88% free 748K/5772K, paused 0ms+2ms, total 7ms
05-20 18:06:55.439 D/dalvikvm( 9919): GC_CONCURRENT freed 391K, 88% free 741K/5772K, paused 2ms+1ms, total 6ms
05-20 18:06:55.619 D/dalvikvm( 9919): GC_CONCURRENT freed 459K, 87% free 777K/5772K, paused 0ms+1ms, total 8ms
05-20 18:06:55.775 D/dalvikvm( 9919): GC_CONCURRENT freed 423K, 88% free 738K/5772K, paused 2ms+1ms, total 6ms
05-20 18:06:55.924 D/dalvikvm( 9919): GC_CONCURRENT freed 463K, 88% free 740K/5772K, paused 0ms+2ms, total 6ms
05-20 18:06:56.127 D/dalvikvm( 9919): GC_CONCURRENT freed 459K, 88% free 746K/5772K, paused 0ms+2ms, total 8ms
05-20 18:06:56.306 D/dalvikvm( 9919): GC_CONCURRENT freed 387K, 88% free 742K/5772K, paused 2ms+1ms, total 10ms
05-20 18:06:56.541 D/dalvikvm( 9919): GC_CONCURRENT freed 390K, 88% free 736K/5772K, paused 2ms+0ms, total 15ms
05-20 18:06:56.705 D/dalvikvm( 9919): GC_CONCURRENT freed 485K, 88% free 718K/5772K, paused 0ms+1ms, total 8ms
05-20 18:06:56.916 D/dalvikvm( 9919): GC_CONCURRENT freed 433K, 88% free 746K/5772K, paused 0ms+2ms, total 7ms
05-20 18:06:57.135 D/dalvikvm( 9919): GC_CONCURRENT freed 415K, 88% free 720K/5772K, paused 8ms+0ms, total 23ms
05-20 18:06:57.408 D/dalvikvm( 9919): GC_CONCURRENT freed 367K, 88% free 737K/5772K, paused 2ms+1ms, total 16ms
05-20 18:06:57.650 D/dalvikvm( 9919): GC_CONCURRENT freed 485K, 88% free 718K/5772K, paused 1ms+1ms, total 16ms
05-20 18:06:57.924 D/dalvikvm( 9919): GC_CONCURRENT freed 433K, 87% free 772K/5772K, paused 1ms+2ms, total 12ms
05-20 18:06:58.103 D/dalvikvm( 9919): GC_CONCURRENT freed 491K, 88% free 750K/5772K, paused 1ms+2ms, total 7ms
05-20 18:06:58.166 D/dalvikvm( 1661): GC_EXPLICIT freed 40K, 18% free 13056K/15888K, paused 2ms+19ms, total 98ms
05-20 18:06:58.267 D/dalvikvm( 9919): GC_CONCURRENT freed 412K, 88% free 722K/5772K, paused 1ms+0ms, total 6ms
05-20 18:06:58.400 D/dalvikvm( 9919): GC_CONCURRENT freed 364K, 88% free 741K/5772K, paused 1ms+1ms, total 6ms
05-20 18:06:58.533 D/dalvikvm( 9919): GC_CONCURRENT freed 454K, 88% free 741K/5772K, paused 1ms+0ms, total 6ms
05-20 18:06:58.705 D/dalvikvm( 9919): GC_CONCURRENT freed 395K, 88% free 729K/5772K, paused 1ms+0ms, total 6ms
05-20 18:06:58.838 D/dalvikvm( 9919): GC_CONCURRENT freed 364K, 88% free 749K/5772K, paused 1ms+0ms, total 6ms
05-20 18:06:58.978 D/dalvikvm( 9919): GC_CONCURRENT freed 464K, 88% free 739K/5772K, paused 1ms+0ms, total 6ms
05-20 18:06:59.166 D/dalvikvm( 9919): GC_CONCURRENT freed 385K, 88% free 737K/5772K, paused 2ms+0ms, total 7ms
05-20 18:06:59.306 D/dalvikvm( 9919): GC_CONCURRENT freed 464K, 88% free 739K/5772K, paused 2ms+1ms, total 14ms
05-20 18:06:59.478 D/dalvikvm( 9919): GC_CONCURRENT freed 385K, 88% free 737K/5772K, paused 1ms+0ms, total 6ms
05-20 18:06:59.619 D/dalvikvm( 9919): GC_CONCURRENT freed 464K, 88% free 739K/5772K, paused 2ms+0ms, total 7ms
05-20 18:06:59.838 D/dalvikvm( 9919): GC_CONCURRENT freed 385K, 88% free 737K/5772K, paused 1ms+0ms, total 6ms
05-20 18:06:59.971 D/dalvikvm( 9919): GC_CONCURRENT freed 464K, 88% free 739K/5772K, paused 1ms+1ms, total 6ms
05-20 18:07:00.181 D/dalvikvm( 9919): GC_CONCURRENT freed 538K, 90% free 584K/5772K, paused 1ms+1ms, total 6ms
05-20 18:07:00.299 D/dalvikvm(  448): GC_CONCURRENT freed 1381K, 17% free 13346K/15944K, paused 2ms+13ms, total 83ms
05-20 18:07:01.002 D/dalvikvm( 9919): GC_CONCURRENT freed 342K, 90% free 626K/5772K, paused 1ms+1ms, total 5ms
05-20 18:07:01.221 D/dalvikvm( 9919): GC_CONCURRENT freed 323K, 88% free 741K/5772K, paused 2ms+1ms, total 6ms
05-20 18:07:01.377 D/dalvikvm( 9919): GC_CONCURRENT freed 387K, 88% free 738K/5772K, paused 1ms+0ms, total 6ms
05-20 18:07:01.478 D/dalvikvm( 9919): GC_CONCURRENT freed 464K, 88% free 740K/5772K, paused 1ms+0ms, total 6ms
05-20 18:07:01.549 D/LightsService(  374): Excessive delay setting light: 68ms
05-20 18:07:01.627 D/dalvikvm( 9919): GC_CONCURRENT freed 385K, 88% free 738K/5772K, paused 1ms+1ms, total 6ms
05-20 18:07:01.760 D/dalvikvm( 9919): GC_CONCURRENT freed 464K, 88% free 740K/5772K, paused 1ms+0ms, total 6ms
05-20 18:07:01.822 D/LightsService(  374): Excessive delay setting light: 67ms
05-20 18:07:01.924 D/dalvikvm( 9919): GC_CONCURRENT freed 385K, 88% free 738K/5772K, paused 1ms+1ms, total 6ms
05-20 18:07:02.096 D/dalvikvm( 9919): GC_CONCURRENT freed 457K, 88% free 746K/5772K, paused 0ms+2ms, total 8ms
05-20 18:07:02.314 D/dalvikvm( 9919): GC_CONCURRENT freed 392K, 88% free 737K/5772K, paused 2ms+0ms, total 9ms
05-20 18:07:02.478 D/dalvikvm( 9919): GC_CONCURRENT freed 458K, 88% free 745K/5772K, paused 0ms+2ms, total 7ms
05-20 18:07:02.721 D/dalvikvm( 9919): GC_CONCURRENT freed 390K, 88% free 738K/5772K, paused 1ms+0ms, total 15ms
05-20 18:07:02.892 D/dalvikvm( 9919): GC_CONCURRENT freed 442K, 87% free 761K/5772K, paused 0ms+1ms, total 8ms
05-20 18:07:03.142 D/dalvikvm( 9919): GC_CONCURRENT freed 406K, 88% free 739K/5772K, paused 1ms+1ms, total 11ms
05-20 18:07:03.369 D/dalvikvm( 9919): GC_CONCURRENT freed 456K, 88% free 745K/5772K, paused 0ms+2ms, total 15ms
05-20 18:07:03.627 D/dalvikvm( 9919): GC_CONCURRENT freed 393K, 88% free 735K/5772K, paused 1ms+0ms, total 14ms
05-20 18:07:03.861 D/dalvikvm( 9919): GC_CONCURRENT freed 364K, 87% free 755K/5772K, paused 1ms+1ms, total 17ms
05-20 18:07:04.041 D/dalvikvm( 9919): GC_CONCURRENT freed 463K, 88% free 741K/5772K, paused 0ms+1ms, total 12ms
05-20 18:07:04.205 D/dalvikvm( 9919): GC_CONCURRENT freed 386K, 88% free 738K/5772K, paused 1ms+0ms, total 6ms
05-20 18:07:04.330 D/dalvikvm( 9919): GC_CONCURRENT freed 457K, 88% free 747K/5772K, paused 0ms+0ms, total 6ms
05-20 18:07:04.486 D/dalvikvm( 9919): GC_CONCURRENT freed 392K, 88% free 739K/5772K, paused 1ms+0ms, total 6ms
05-20 18:07:04.635 D/dalvikvm( 9919): GC_CONCURRENT freed 463K, 88% free 741K/5772K, paused 0ms+0ms, total 13ms
05-20 18:07:04.783 D/dalvikvm( 9919): GC_CONCURRENT freed 386K, 88% free 738K/5772K, paused 1ms+1ms, total 6ms
05-20 18:07:04.916 D/dalvikvm( 9919): GC_CONCURRENT freed 463K, 88% free 742K/5772K, paused 0ms+0ms, total 6ms
05-20 18:07:05.072 D/dalvikvm( 9919): GC_CONCURRENT freed 386K, 88% free 739K/5772K, paused 1ms+0ms, total 6ms
05-20 18:07:05.205 D/dalvikvm( 9919): GC_CONCURRENT freed 463K, 88% free 742K/5772K, paused 0ms+1ms, total 6ms
05-20 18:07:05.377 D/dalvikvm( 9919): GC_CONCURRENT freed 386K, 88% free 739K/5772K, paused 1ms+0ms, total 6ms
05-20 18:07:05.494 D/dalvikvm( 9919): GC_CONCURRENT freed 464K, 88% free 740K/5772K, paused 1ms+1ms, total 6ms
05-20 18:07:05.658 D/dalvikvm( 9919): GC_CONCURRENT freed 385K, 88% free 738K/5772K, paused 2ms+1ms, total 6ms
05-20 18:07:05.783 D/dalvikvm( 9919): GC_CONCURRENT freed 464K, 88% free 740K/5772K, paused 1ms+1ms, total 6ms
05-20 18:07:05.939 D/dalvikvm( 9919): GC_CONCURRENT freed 385K, 88% free 738K/5772K, paused 1ms+1ms, total 6ms
05-20 18:07:06.119 D/dalvikvm( 9919): GC_CONCURRENT freed 484K, 88% free 719K/5772K, paused 0ms+1ms, total 9ms
05-20 18:07:06.330 D/dalvikvm( 9919): GC_CONCURRENT freed 422K, 88% free 747K/5772K, paused 1ms+2ms, total 8ms
05-20 18:07:06.494 D/dalvikvm(  448): GC_CONCURRENT freed 1368K, 17% free 13343K/15944K, paused 2ms+24ms, total 97ms
05-20 18:07:06.525 D/dalvikvm( 9919): GC_CONCURRENT freed 421K, 88% free 725K/5772K, paused 1ms+1ms, total 12ms
05-20 18:07:06.744 D/dalvikvm( 9919): GC_CONCURRENT freed 370K, 88% free 738K/5772K, paused 2ms+1ms, total 15ms
05-20 18:07:06.900 D/dalvikvm( 9919): GC_CONCURRENT freed 452K, 88% free 746K/5772K, paused 0ms+2ms, total 7ms
05-20 18:07:07.166 D/dalvikvm( 9919): GC_CONCURRENT freed 431K, 87% free 795K/5772K, paused 1ms+2ms, total 12ms
05-20 18:07:07.338 I/PowerManagerService(  374): Going to sleep due to screen timeout...
05-20 18:07:07.353 W/ActivityManager(  374): Timeout executing service: ServiceRecord{42d5a4f0 u0 com.pekall.emdm.launcher/com.baidu.location.f}
05-20 18:07:07.361 I/Process (  374): Sending signal. PID: 9935 SIG: 3
05-20 18:07:07.361 I/dalvikvm( 9935): threadid=3: reacting to signal 3
05-20 18:07:07.361 I/PowerManagerService(  374): Waking up from sleep...
05-20 18:07:07.611 D/dalvikvm( 9935): JIT unchain all for threadid=11
05-20 18:07:07.681 D/dalvikvm(  374): GC_FOR_ALLOC freed 1969K, 27% free 20833K/28292K, paused 175ms, total 175ms
05-20 18:07:07.681 I/Process (  374): Sending signal. PID: 374 SIG: 3
05-20 18:07:07.681 I/dalvikvm(  374): threadid=3: reacting to signal 3
05-20 18:07:07.681 I/dalvikvm( 9935): Wrote stack traces to '/data/anr/traces.txt'
05-20 18:07:10.369 I/dalvikvm(  374): Wrote stack traces to '/data/anr/traces.txt'
05-20 18:07:10.377 I/Process (  374): Sending signal. PID: 448 SIG: 3
05-20 18:07:10.377 I/dalvikvm(  448): threadid=3: reacting to signal 3
05-20 18:07:10.377 I/Process (  374): Sending signal. PID: 561 SIG: 3
05-20 18:07:10.377 I/dalvikvm(  561): threadid=3: reacting to signal 3
05-20 18:07:10.377 D/LauncherApplication( 9365): [null:-1]->onActivityPaused
05-20 18:07:10.416 D/LauncherApplication( 9365): [null:-1]->onActivityPaused  updateTime
05-20 18:07:10.494 I/dalvikvm(  561): Wrote stack traces to '/data/anr/traces.txt'
05-20 18:07:10.494 I/Process (  374): Sending signal. PID: 568 SIG: 3
05-20 18:07:10.494 I/dalvikvm(  568): threadid=3: reacting to signal 3
05-20 18:07:10.510 D/dalvikvm( 1661): GC_EXPLICIT freed 88K, 18% free 13058K/15888K, paused 2ms+4ms, total 98ms
05-20 18:07:10.549 I/dalvikvm(  568): Wrote stack traces to '/data/anr/traces.txt'
05-20 18:07:10.783 D/LightsService(  374): Excessive delay setting light: 194ms
05-20 18:07:10.908 D/LightsService(  374): Excessive delay setting light: 121ms
05-20 18:07:11.033 I/dalvikvm(  448): Wrote stack traces to '/data/anr/traces.txt'
05-20 18:07:11.049 D/LightsService(  374): Excessive delay setting light: 66ms
05-20 18:07:11.056 D/dalvikvm(  374): GC_EXPLICIT freed 1249K, 24% free 21614K/28292K, paused 11ms+10ms, total 151ms
05-20 18:07:11.088 D/dalvikvm( 9919): GC_CONCURRENT freed 451K, 88% free 727K/5772K, paused 1ms+0ms, total 6ms
05-20 18:07:11.119 D/dalvikvm(  448): GC_CONCURRENT freed 195K, 17% free 13346K/15944K, paused 5ms+12ms, total 79ms
05-20 18:07:11.150 D/LightsService(  374): Excessive delay setting light: 103ms
05-20 18:07:11.221 D/dalvikvm( 9919): GC_CONCURRENT freed 368K, 88% free 743K/5772K, paused 2ms+1ms, total 6ms
05-20 18:07:11.455 D/dalvikvm( 9919): GC_CONCURRENT freed 418K, 88% free 721K/5772K, paused 1ms+1ms, total 5ms
05-20 18:07:11.642 I/Process (  374): Sending signal. PID: 9365 SIG: 3
05-20 18:07:11.650 I/dalvikvm( 9365): threadid=3: reacting to signal 3
05-20 18:07:11.846 I/Process (  374): Sending signal. PID: 1661 SIG: 3
05-20 18:07:11.846 I/dalvikvm( 1661): threadid=3: reacting to signal 3
05-20 18:07:11.892 D/dalvikvm( 9919): GC_CONCURRENT freed 367K, 88% free 737K/5772K, paused 2ms+0ms, total 6ms
05-20 18:07:11.900 D/dalvikvm( 9365): JIT unchain all for threadid=11
05-20 18:07:11.955 I/dalvikvm( 1661): Wrote stack traces to '/data/anr/traces.txt'
05-20 18:07:11.963 E/ActivityManager(  374): ANR in com.pekall.emdm.launcher:remote
05-20 18:07:11.963 E/ActivityManager(  374): Reason: Executing service com.pekall.emdm.launcher/com.baidu.location.f
05-20 18:07:11.963 E/ActivityManager(  374): Load: 3.13 / 2.7 / 2.02
05-20 18:07:11.963 E/ActivityManager(  374): CPU usage from 2354ms to -3025ms ago:
05-20 18:07:11.963 E/ActivityManager(  374):   77% 9365/com.pekall.emdm.launcher: 77% user + 0% kernel / faults: 3 minor
05-20 18:07:11.963 E/ActivityManager(  374):   74% 9935/com.pekall.emdm.launcher:remote: 74% user + 0.1% kernel / faults: 117 minor
05-20 18:07:11.963 E/ActivityManager(  374):   18% 448/com.android.systemui: 17% user + 0.1% kernel / faults: 237 minor
05-20 18:07:11.963 E/ActivityManager(  374):   17% 374/system_server: 13% user + 4.4% kernel / faults: 454 minor 6 major
05-20 18:07:11.963 E/ActivityManager(  374):   7.4% 9919/uiautomator: 6.8% user + 0.5% kernel / faults: 456 minor
05-20 18:07:11.963 E/ActivityManager(  374):   2.2% 124/surfaceflinger: 0.7% user + 1.4% kernel / faults: 2387 minor
05-20 18:07:11.963 E/ActivityManager(  374):   0.3% 135/adbd: 0% user + 0.3% kernel
05-20 18:07:11.963 E/ActivityManager(  374):   0.3% 1661/com.qihoo360.mobilesafe:GuardService: 0.3% user + 0% kernel
05-20 18:07:11.963 E/ActivityManager(  374):   0% 57/irq/159-temp_se: 0% user + 0% kernel
05-20 18:07:11.963 E/ActivityManager(  374):   0.1% 9327/kworker/u:5: 0% user + 0.1% kernel
05-20 18:07:11.963 E/ActivityManager(  374):   0.1% 9868/logcat: 0.1% user + 0% kernel
05-20 18:07:11.963 E/ActivityManager(  374): 100% TOTAL: 96% user + 3.6% kernel
05-20 18:07:11.963 E/ActivityManager(  374): CPU usage from 3701ms to 4250ms later:
05-20 18:07:11.963 E/ActivityManager(  374):   85% 9935/com.pekall.emdm.launcher:remote: 85% user + 0% kernel
05-20 18:07:11.963 E/ActivityManager(  374):     85% 9948/Thread-1992: 85% user + 0% kernel
05-20 18:07:11.963 E/ActivityManager(  374):   65% 9365/com.pekall.emdm.launcher: 65% user + 0% kernel
05-20 18:07:11.963 E/ActivityManager(  374):     63% 9378/Thread-1971: 63% user + 0% kernel
05-20 18:07:11.963 E/ActivityManager(  374):   34% 448/com.android.systemui: 32% user + 1.8% kernel / faults: 62 minor
05-20 18:07:11.963 E/ActivityManager(  374):     30% 448/ndroid.systemui: 29% user + 1.8% kernel
05-20 18:07:11.963 E/ActivityManager(  374):     3.6% 453/GC: 3.6% user + 0% kernel
05-20 18:07:11.963 E/ActivityManager(  374):   7.2% 374/system_server: 1.8% user + 5.4% kernel / faults: 2 minor
05-20 18:07:11.963 E/ActivityManager(  374):     3.6% 390/ActivityManager: 0% user + 3.6% kernel
05-20 18:07:11.963 E/ActivityManager(  374):     1.8% 385/Binder_2: 1.8% user + 0% kernel
05-20 18:07:11.963 E/ActivityManager(  374):     1.8% 386/SensorService: 1.8% user + 0% kernel
05-20 18:07:11.963 E/ActivityManager(  374):   7.4% 9919/uiautomator: 7.4% user + 0% kernel / faults: 68 minor
05-20 18:07:11.963 E/ActivityManager(  374):     3.7% 9923/GC: 3.7% user + 0% kernel
05-20 18:07:11.963 E/ActivityManager(  374):     1.8% 9919/uiautomator: 1.8% user + 0% kernel
05-20 18:07:11.963 E/ActivityManager(  374):     1.8% 9921/FinalizerDaemon: 1.8% user + 0% kernel
05-20 18:07:11.963 E/ActivityManager(  374):   1.1% 1661/com.qihoo360.mobilesafe:GuardService: 1.1% user + 0% kernel
05-20 18:07:11.963 E/ActivityManager(  374):     1.1% 1661/fe:GuardService: 1.1% user + 0% kernel
05-20 18:07:11.963 E/ActivityManager(  374): 100% TOTAL: 97% user + 2.7% kernel
05-20 18:07:11.971 W/ActivityManager(  374): Killing ProcessRecord{428c0178 9935:com.pekall.emdm.launcher:remote/u0a10066}: background ANR
05-20 18:07:12.033 V/PanelView(  448): animationTick called with dtms=0; nothing to do (h=0.0 v=4000.0)
05-20 18:07:12.049 I/ActivityManager(  374): Process com.pekall.emdm.launcher:remote (pid 9935) has died.
05-20 18:07:12.049 W/ActivityManager(  374): Scheduling restart of crashed service com.pekall.emdm.launcher/com.baidu.location.f in 5000ms
05-20 18:07:12.064 D/NfcService(  568): NFC-C OFF, disconnect
05-20 18:07:12.088 D/dalvikvm( 9919): GC_CONCURRENT freed 543K, 90% free 590K/5772K, paused 1ms+1ms, total 12ms
05-20 18:07:12.088 I/dalvikvm( 9365): Wrote stack traces to '/data/anr/traces.txt'
05-20 18:07:12.088 D/ExchangeService( 9365): !!! EAS ExchangeService, onDestroy
05-20 18:07:12.142 V/PanelView(  448): animationTick called with dtms=0; nothing to do (h=0.0 v=4000.0)
05-20 18:07:12.181 V/WiseDownloadConditionControler( 8480): checkCondition  type : TODAY_LAUNCHED_USER  inerrupting: false
05-20 18:07:12.181 V/WiseDownloadConditionControler( 8480): checkCondition  type : TRIGGER_WISE_DOWNLOAD  inerrupting: false
05-20 18:07:12.205 V/MDM :   ( 9365): [null:-1]->Screen receiver is called.
05-20 18:07:12.213 W/Parcel  ( 1661): Attempt to read object from Parcel 0x5dfd3dac at offset 200 that is not in the object list
05-20 18:07:12.221 W/BroadcastQueue(  374): Failure sending broadcast Intent { act=android.intent.action.SCREEN_OFF flg=0x50000010 }
05-20 18:07:12.221 W/BroadcastQueue(  374): android.os.DeadObjectException
05-20 18:07:12.221 W/BroadcastQueue(  374): 	at android.os.BinderProxy.transact(Native Method)
05-20 18:07:12.221 W/BroadcastQueue(  374): 	at android.content.IIntentReceiver$Stub$Proxy.performReceive(IIntentReceiver.java:124)
05-20 18:07:12.221 W/BroadcastQueue(  374): 	at com.android.server.am.BroadcastQueue.performReceiveLocked(BroadcastQueue.java:376)
05-20 18:07:12.221 W/BroadcastQueue(  374): 	at com.android.server.am.BroadcastQueue.deliverToRegisteredReceiverLocked(BroadcastQueue.java:449)
05-20 18:07:12.221 W/BroadcastQueue(  374): 	at com.android.server.am.BroadcastQueue.processNextBroadcast(BroadcastQueue.java:656)
05-20 18:07:12.221 W/BroadcastQueue(  374): 	at com.android.server.am.ActivityManagerService.finishReceiver(ActivityManagerService.java:12390)
05-20 18:07:12.221 W/BroadcastQueue(  374): 	at android.app.ActivityManagerNative.onTransact(ActivityManagerNative.java:379)
05-20 18:07:12.221 W/BroadcastQueue(  374): 	at com.android.server.am.ActivityManagerService.onTransact(ActivityManagerService.java:1737)
05-20 18:07:12.221 W/BroadcastQueue(  374): 	at android.os.Binder.execTransact(Binder.java:388)
05-20 18:07:12.221 W/BroadcastQueue(  374): 	at dalvik.system.NativeStart.run(Native Method)
05-20 18:07:12.228 V/LauncherApplication( 9365): onActivityStarted
05-20 18:07:12.228 I/WindowManager(  374): No lock screen!
05-20 18:07:12.236 D/        ( 9365): [---null: -1---]     awsa  onActivityResumed
05-20 18:07:12.236 V/LauncherApplication( 9365): 2MdmConstant.LAST_LAUNCH_TIME = 1400580430419
05-20 18:07:12.244 D/        ( 9365): [---null: -1---]  activity = com.pekall.emdm.launcher.Launcher
05-20 18:07:12.252 V/DefultSetContriller( 9365): isLauncherDf = com.pekall.emdm.launcher
05-20 18:07:12.260 V/DefultSetContriller( 9365): isLauncherDf = com.pekall.emdm.launcher
05-20 18:07:12.260 V/DefultSetContriller( 9365): isPhoneDf = com.pekall.emdm.launcher
05-20 18:07:12.260 E/LauncherApplication( 9365): isShowLogoutUI = true
05-20 18:07:12.260 E/LauncherApplication( 9365): LogoutShowTime 1
05-20 18:07:12.267 V/Launcher( 9365): onResume1111111 
05-20 18:07:12.267 V/Launcher( 9365): is login ----> 
05-20 18:07:12.275 I/System.out( 9365):  
05-20 18:07:12.275 I/System.out( 9365): com.pekall.emdm.launcher.Workspace.setWallpaper(Unknown Source)
05-20 18:07:12.283 I/System.out( 9365): com.pekall.emdm.launcher.Launcher.onResume(Unknown Source)
05-20 18:07:12.291 I/System.out( 9365): android.app.Instrumentation.callActivityOnResume(Instrumentation.java:1192)
05-20 18:07:12.291 I/System.out( 9365): android.app.Activity.performResume(Activity.java:5211)
05-20 18:07:12.291 I/System.out( 9365): android.app.ActivityThread.performResumeActivity(ActivityThread.java:2780)
05-20 18:07:12.291 I/System.out( 9365): android.app.ActivityThread.handleResumeActivity(ActivityThread.java:2819)
05-20 18:07:12.291 I/System.out( 9365): android.app.ActivityThread$H.handleMessage(ActivityThread.java:1298)
05-20 18:07:12.291 I/System.out( 9365): android.os.Handler.dispatchMessage(Handler.java:99)
05-20 18:07:12.291 I/System.out( 9365): android.os.Looper.loop(Looper.java:137)
05-20 18:07:12.291 I/System.out( 9365): android.app.ActivityThread.main(ActivityThread.java:5103)
05-20 18:07:12.299 I/System.out( 9365): java.lang.reflect.Method.invokeNative(Native Method)
05-20 18:07:12.299 I/System.out( 9365): java.lang.reflect.Method.invoke(Method.java:525)
05-20 18:07:12.299 I/System.out( 9365): com.android.internal.os.ZygoteInit$MethodAndArgsCaller.run(ZygoteInit.java:737)
05-20 18:07:12.299 I/System.out( 9365): com.android.internal.os.ZygoteInit.main(ZygoteInit.java:553)
05-20 18:07:12.299 I/System.out( 9365): dalvik.system.NativeStart.main(Native Method)
05-20 18:07:12.314 V/PanelView(  448): animationTick called with dtms=0; nothing to do (h=0.0 v=4000.0)
05-20 18:07:12.502 W/Parcel  ( 1661): Attempt to read object from Parcel 0x6013bdac at offset 200 that is not in the object list
05-20 18:07:12.517 D/LightsService(  374): Excessive delay setting light: 170ms
05-20 18:07:12.603 W/Settings( 1661): Setting airplane_mode_on has moved from android.provider.Settings.System to android.provider.Settings.Global, returning read-only value.
05-20 18:07:12.611 V/DigitalWidgetViewsFactory( 2749): DigitalWidget sets next alarm string to null
05-20 18:07:12.619 V/WiseDownloadConditionControler( 8480): checkCondition  type : WISE_DOWNLOAD  inerrupting: true
05-20 18:07:12.814 W/InputMethodManagerService(  374): Window already focused, ignoring focus gain of: com.android.internal.view.IInputMethodClient$Stub$Proxy@42935f58 attribute=android.view.inputmethod.EditorInfo@4262fb28, token = android.os.BinderProxy@428ee2f8
05-20 18:07:12.916 D/MdmService( 9365): [null:-1]->receiver action :com.pekall.mdm.action.MDM_ALARM
05-20 18:07:13.096 D/NfcService(  568): NFC-C ON
05-20 18:07:13.322 V/PanelView(  448): animationTick called with dtms=0; nothing to do (h=0.0 v=4000.0)
05-20 18:07:15.814 I/AndroidRuntime( 9919): VM exiting with result code 0.
05-20 18:07:17.056 I/ActivityManager(  374): Start proc com.pekall.emdm.launcher:remote for service com.pekall.emdm.launcher/com.baidu.location.f: pid=9978 uid=10066 gids={50066, 1015, 3002, 3001, 3003, 1028}
05-20 18:07:17.064 D/dalvikvm( 9978): Late-enabling CheckJNI
05-20 18:07:17.096 V/MyServiceConnection( 9978): [SConnection] sandbox service is NOT installed.
05-20 18:07:17.096 V/MyServiceConnection( 9978): [SConnection] binding service: pekall.intent.action.SANDBOX_SERVICE
05-20 18:07:17.096 D/ScClassLoader( 9978): >> SOURCE FILE: /data/data/com.pekall.emdm.launcher/app_jars/sc-jdk15on-1.47.0.2.dex.jar
05-20 18:07:17.142 D/dalvikvm( 9978): GC_CONCURRENT freed 140K, 2% free 9293K/9472K, paused 3ms+2ms, total 27ms
05-20 18:07:17.142 D/dalvikvm( 9978): WAIT_FOR_CONCURRENT_GC blocked 4ms
05-20 18:07:17.142 D/dalvikvm( 9978): WAIT_FOR_CONCURRENT_GC blocked 4ms
05-20 18:07:17.142 D/dalvikvm( 9978): WAIT_FOR_CONCURRENT_GC blocked 9ms
05-20 18:07:17.158 W/Parcel  ( 1661): Attempt to read object from Parcel 0x6013bdac at offset 200 that is not in the object list
05-20 18:07:17.158 W/Parcel  ( 1661): Attempt to read object from Parcel 0x6003bdac at offset 200 that is not in the object list
05-20 18:07:17.158 D/Email   ( 9978): Email: init sandbox at the beginning.
05-20 18:07:17.158 V/MyServiceConnection( 9978): [SConnection] retry to bind service
05-20 18:07:17.158 V/MyServiceConnection( 9978): [SConnection] sandbox service is NOT installed.
05-20 18:07:17.158 V/MyServiceConnection( 9978): [SConnection] binding service: pekall.intent.action.SANDBOX_SERVICE
05-20 18:07:17.181 V/MyServiceConnection( 9978): [SConnection] retry to bind service
05-20 18:07:17.181 V/MyServiceConnection( 9978): [SConnection] sandbox service is NOT installed.
05-20 18:07:17.181 V/MyServiceConnection( 9978): [SConnection] binding service: pekall.intent.action.SANDBOX_SERVICE
05-20 18:07:17.189 V/l       ( 9978): Bind requested for task setLogging
05-20 18:07:17.189 D/ExchangeService( 9365): !!! EAS ExchangeService, onCreate
05-20 18:07:17.197 W/Parcel  ( 1661): Attempt to read object from Parcel 0x5ded3dac at offset 200 that is not in the object list
05-20 18:07:17.205 D/ExchangeService( 9365): !!! EAS ExchangeService, onStartCommand, startingUp = false, running = false
05-20 18:07:17.205 D/ExchangeService( 9365): to start secureStorageService now
05-20 18:07:17.213 D/dalvikvm( 9978): GC_CONCURRENT freed 206K, 3% free 9599K/9844K, paused 2ms+1ms, total 24ms
05-20 18:07:17.213 D/dalvikvm( 9978): WAIT_FOR_CONCURRENT_GC blocked 7ms
05-20 18:07:17.221 D/dalvikvm( 9978): WAIT_FOR_CONCURRENT_GC blocked 13ms
05-20 18:07:17.236 V/a       ( 9365): Bind requested for task test
05-20 18:07:17.252 W/DocumentManager( 9978): Sandbox service is not connected.
05-20 18:07:17.252 D/MessageControllerImpl( 9978): controller is null
05-20 18:07:17.252 V/MyServiceConnection( 9978): [SConnection] retry to bind service
05-20 18:07:17.252 V/MyServiceConnection( 9978): [SConnection] sandbox service is NOT installed.
05-20 18:07:17.252 V/MyServiceConnection( 9978): [SConnection] binding service: pekall.intent.action.SANDBOX_SERVICE
05-20 18:07:17.260 W/SQLiteOpenHelper( 9978): Opened /data/data/com.pekall.emdm.launcher/databases/message.db
05-20 18:07:17.260 W/dalvikvm( 9978): No implementation found for native Lcom/pekall/sandbox/database/sqlite/SQLiteDatabase;.native_setSqliteSoftHeapLimit:(I)V
05-20 18:07:17.260 D/AndroidRuntime( 9978): Shutting down VM
05-20 18:07:17.260 W/dalvikvm( 9978): threadid=1: thread exiting with uncaught exception (group=0x419c8700)
05-20 18:07:17.260 D/        ( 9978): [---null: -1---]  Thread is main
05-20 18:07:17.260 W/System.err( 9978): java.lang.UnsatisfiedLinkError: Native method not found: com.pekall.sandbox.database.sqlite.SQLiteDatabase.native_setSqliteSoftHeapLimit:(I)V
05-20 18:07:17.260 W/System.err( 9978): 	at com.pekall.sandbox.database.sqlite.SQLiteDatabase.native_setSqliteSoftHeapLimit(Native Method)
05-20 18:07:17.260 W/System.err( 9978): 	at com.pekall.sandbox.database.sqlite.SQLiteDatabase.<init>(Unknown Source)
05-20 18:07:17.260 W/System.err( 9978): 	at com.pekall.sandbox.database.sqlite.SQLiteDatabase.openDatabase(Unknown Source)
05-20 18:07:17.260 W/System.err( 9978): 	at com.pekall.sandbox.database.sqlite.SQLiteDatabase.openDatabase(Unknown Source)
05-20 18:07:17.260 W/System.err( 9978): 	at com.pekall.sandbox.database.sqlite.SQLiteDatabase.openDatabase(Unknown Source)
05-20 18:07:17.260 W/System.err( 9978): 	at com.pekall.sandbox.database.sqlite.SQLiteOpenHelper.getWritableDatabase(Unknown Source)
05-20 18:07:17.260 W/System.err( 9978): 	at com.pekall.emdm.messagecenter.db.a.a(Unknown Source)
05-20 18:07:17.260 W/System.err( 9978): 	at com.pekall.emdm.messagecenter.db.a.b(Unknown Source)
05-20 18:07:17.260 W/System.err( 9978): 	at com.pekall.emdm.messagecenter.activity.a.onCreate(Unknown Source)
05-20 18:07:17.260 W/System.err( 9978): 	at com.pekall.emdm.launcher.LauncherApplication.onCreate(Unknown Source)
05-20 18:07:17.260 W/System.err( 9978): 	at android.app.Instrumentation.callApplicationOnCreate(Instrumentation.java:1007)
05-20 18:07:17.260 W/System.err( 9978): 	at android.app.ActivityThread.handleBindApplication(ActivityThread.java:4444)
05-20 18:07:17.260 W/System.err( 9978): 	at android.app.ActivityThread.access$1300(ActivityThread.java:141)
05-20 18:07:17.260 W/System.err( 9978): 	at android.app.ActivityThread$H.handleMessage(ActivityThread.java:1316)
05-20 18:07:17.260 W/System.err( 9978): 	at android.os.Handler.dispatchMessage(Handler.java:99)
05-20 18:07:17.260 W/System.err( 9978): 	at android.os.Looper.loop(Looper.java:137)
05-20 18:07:17.260 W/System.err( 9978): 	at android.app.ActivityThread.main(ActivityThread.java:5103)
05-20 18:07:17.267 W/System.err( 9978): 	at java.lang.reflect.Method.invokeNative(Native Method)
05-20 18:07:17.267 W/System.err( 9978): 	at java.lang.reflect.Method.invoke(Method.java:525)
05-20 18:07:17.267 W/System.err( 9978): 	at com.android.internal.os.ZygoteInit$MethodAndArgsCaller.run(ZygoteInit.java:737)
05-20 18:07:17.267 W/System.err( 9978): 	at com.android.internal.os.ZygoteInit.main(ZygoteInit.java:553)
05-20 18:07:17.267 W/System.err( 9978): 	at dalvik.system.NativeStart.main(Native Method)
05-20 18:07:17.322 D/ExchangeService( 9365): Reconciling accounts...
05-20 18:07:17.322 V/a       ( 9365): Connected: com.pekall.semail.service.AccountServiceInternal
05-20 18:07:17.330 V/a       ( 9365): Bind requested for task reconcileAccounts
05-20 18:07:17.346 V/a       ( 9365): Connection test succeeded in 104ms
05-20 18:07:17.346 V/a       ( 9365): Task test completed; disconnecting
05-20 18:07:17.346 V/a       ( 9365): Connected: com.pekall.semail.service.AccountServiceInternal
05-20 18:07:17.346 D/ActivityThread( 9978): Loading provider com.pekall.semail.provider;com.pekall.semail.notifier: com.pekall.semail.provider.EmailProvider
05-20 18:07:17.369 V/a       ( 9365): Waiting for task reconcileAccounts to complete...
05-20 18:07:17.400 V/a       ( 9365): Task reconcileAccounts completed; disconnecting
05-20 18:07:17.400 V/a       ( 9365): Wait for reconcileAccounts finished in 35ms
05-20 18:07:17.478 D/ActivityThread( 9978): Loading provider com.pekall.semail.provider;com.pekall.semail.notifier: com.pekall.semail.provider.EmailProvider
05-20 18:07:17.596 D/ExchangeService( 9365): !!! EAS ExchangeService, stopping self
05-20 18:07:17.611 D/dalvikvm( 9978): GC_CONCURRENT freed 493K, 6% free 9497K/10032K, paused 3ms+2ms, total 18ms
05-20 18:07:17.619 W/EmailProvider( 9978): restoreIfNeeded...
05-20 18:07:17.619 D/EmailProvider( 9978): restoreAccounts...
05-20 18:07:17.760 D/EmailProvider( 9978): No accounts to restore...
05-20 18:07:17.760 D/EmailProvider( 9978): Deleting orphans...
05-20 18:07:17.869 D/EmailProvider( 9978): EmailProvider pre-caching...
05-20 18:07:18.447 D/MDM :   ( 9365): [null:-1]->Location timeout, set latitude and longitude -1
05-20 18:07:18.455 D/CommandManager( 9365): [null:-1]->requestType: Location
05-20 18:07:18.971 D/EmailProvider( 9978): EmailProvider ready.
05-20 18:07:19.830 W/ActivityManager(  374): Unable to start service Intent { cmp=com.pekall.emdm.launcher/com.pekall.semail.service.AttachmentDownloadService } U=0: not found
05-20 18:07:19.908 I/Email   ( 9978): Notifications being toggled: false
05-20 18:07:20.010 D/MdmDatabaseHelper( 9365): [null:-1]->update command 752d58d8-c6fb-4cb8-a949-ab63acb8bb67 to commandStatus <?xml version="1.0" encoding="UTF-8"?>
05-20 18:07:20.010 D/MdmDatabaseHelper( 9365): <!DOCTYPE plist PUBLIC "-//Apple//DTD PLIST 1.0//EN" "http://www.apple.com/DTDs/PropertyList-1.0.dtd">
05-20 18:07:20.010 D/MdmDatabaseHelper( 9365): <plist version="1.0">
05-20 18:07:20.010 D/MdmDatabaseHelper( 9365): <dict>
05-20 18:07:20.010 D/MdmDatabaseHelper( 9365): 	<key>Latitude</key>
05-20 18:07:20.010 D/MdmDatabaseHelper( 9365): 	<real>-1.0</real>
05-20 18:07:20.010 D/MdmDatabaseHelper( 9365): 	<key>Longitude</key>
05-20 18:07:20.010 D/MdmDatabaseHelper( 9365): 	<real>-1.0</real>
05-20 18:07:20.010 D/MdmDatabaseHelper( 9365): 	<key>CommandUUID</key>
05-20 18:07:20.010 D/MdmDatabaseHelper( 9365): 	<string>752d58d8-c6fb-4cb8-a949-ab63acb8bb67</string>
05-20 18:07:20.010 D/MdmDatabaseHelper( 9365): 	<key>Status</key>
05-20 18:07:20.010 D/MdmDatabaseHelper( 9365): 	<string>Error</string>
05-20 18:07:20.010 D/MdmDatabaseHelper( 9365): 	<key>UDID</key>
05-20 18:07:20.010 D/MdmDatabaseHelper( 9365): 	<string>00013fbc8ecec5b9000001461914c968</string>
05-20 18:07:20.010 D/MdmDatabaseHelper( 9365): </dict>
05-20 18:07:20.010 D/MdmDatabaseHelper( 9365): </plist>
05-20 18:07:20.377 I/TransInfo( 9365): TransInfo created, id: 3, class: class com.pekall.emdm.transaction.c.b
05-20 18:07:20.377 D/NetworkThread( 9365): [null:-1]->----isRunning-----true
05-20 18:07:20.377 D/NetworkThread( 9365): [null:-1]->----isRunning-----true
05-20 18:07:20.377 D/NetworkThread( 9365): [null:-1]->thread wakeup
05-20 18:07:20.385 D/NetworkThread( 9365): [null:-1]->sendHttpPost:PostRequest, url: http://192.168.10.21/rest/mdm/v1/ios/android_server, Params: [content:<?xml version="1.0" encoding="UTF-8"?>
05-20 18:07:20.385 D/NetworkThread( 9365): <!DOCTYPE plist PUBLIC "-//Apple//DTD PLIST 1.0//EN" "http://www.apple.com/DTDs/PropertyList-1.0.dtd">
05-20 18:07:20.385 D/NetworkThread( 9365): <plist version="1.0">
05-20 18:07:20.385 D/NetworkThread( 9365): <dict>
05-20 18:07:20.385 D/NetworkThread( 9365): 	<key>Latitude</key>
05-20 18:07:20.385 D/NetworkThread( 9365): 	<real>-1.0</real>
05-20 18:07:20.385 D/NetworkThread( 9365): 	<key>Longitude</key>
05-20 18:07:20.385 D/NetworkThread( 9365): 	<real>-1.0</real>
05-20 18:07:20.385 D/NetworkThread( 9365): 	<key>CommandUUID</key>
05-20 18:07:20.385 D/NetworkThread( 9365): 	<string>752d58d8-c6fb-4cb8-a949-ab63acb8bb67</string>
05-20 18:07:20.385 D/NetworkThread( 9365): 	<key>Status</key>
05-20 18:07:20.385 D/NetworkThread( 9365): 	<string>Error</string>
05-20 18:07:20.385 D/NetworkThread( 9365): 	<key>UDID</key>
05-20 18:07:20.385 D/NetworkThread( 9365): 	<string>00013fbc8ecec5b9000001461914c968</string>
05-20 18:07:20.385 D/NetworkThread( 9365): </dict>
05-20 18:07:20.385 D/NetworkThread( 9365): </plist>], 
05-20 18:07:20.385 D/HttpClient( 9365): enable apache.http debug
05-20 18:07:20.392 V/DEBUG   ( 9365): HTTP 0
05-20 18:07:20.596 D/MDM :   ( 9365): [null:-1]->statusCode : 200
05-20 18:07:20.596 D/MDM :   ( 9365): [null:-1]->statusCode : 200
05-20 18:07:20.596 V/DEBUG   ( 9365): HTTP 1
05-20 18:07:20.596 D/MDM :   ( 9365): [null:-1]->Get joson string: 
05-20 18:07:20.596 D/MdmDatabaseHelper( 9365): [null:-1]->update command 752d58d8-c6fb-4cb8-a949-ab63acb8bb67 to status executed
05-20 18:07:20.627 D/NetworkThread( 9365): [null:-1]->clear mCurrentTransInfo
05-20 18:07:20.627 D/NetworkThread( 9365): [null:-1]->queue is empty, thread wait...
05-20 18:07:20.697 D/MdmService( 9365): [null:-1]->handleCheckInResult
05-20 18:07:20.697 D/MdmService( 9365): [null:-1]->handleCheckInResult result keyIndex: 3
05-20 18:07:20.697 D/HandleCommandTask( 9365): [null:-1]->execute command msg but beanBase is null
05-20 18:07:20.728 D/MdmStatusManager( 9365): [null:-1]->change status to : Idle
05-20 18:07:29.846 D/MDM :   ( 9365): [null:-1]->MSG_WEBSOCKET_MESSAGE : {"id":-341270481,"type":0,"command":0,"result":0,"reason":0,"params":{"msgId":"d6fec884-47e9-43b6-9f08-2455a7b9e6a5,d6fec88447e943b69f082455a7b9e6a5","device":"00013fbc8ecec5b9000001461914c968","message":"{\"cmd\":\"10119\"}"}}
05-20 18:07:29.869 D/MdmService( 9365): [null:-1]->push message type :0
05-20 18:07:29.869 D/MdmService( 9365): [null:-1]->cmdMessage : {"cmd":"10119"}
05-20 18:07:29.869 D/MdmService( 9365): [null:-1]->command : PushCommandMsg{cmd='10119', msg='null'}
05-20 18:07:29.869 D/MdmStatusManager( 9365): [null:-1]->change status to : Busy
05-20 18:07:29.869 I/TransInfo( 9365): TransInfo created, id: 3, class: class com.pekall.emdm.transaction.c.b
05-20 18:07:29.877 D/NetworkThread( 9365): [null:-1]->----isRunning-----true
05-20 18:07:29.877 D/NetworkThread( 9365): [null:-1]->----isRunning-----true
05-20 18:07:29.877 D/NetworkThread( 9365): [null:-1]->thread wakeup
05-20 18:07:29.877 D/NetworkThread( 9365): [null:-1]->sendHttpPost:PostRequest, url: http://192.168.10.21/rest/mdm/v1/ios/android_server, Params: [content:<?xml version="1.0" encoding="UTF-8"?>
05-20 18:07:29.877 D/NetworkThread( 9365): <!DOCTYPE plist PUBLIC "-//Apple//DTD PLIST 1.0//EN" "http://www.apple.com/DTDs/PropertyList-1.0.dtd">
05-20 18:07:29.877 D/NetworkThread( 9365): <plist version="1.0">
05-20 18:07:29.877 D/NetworkThread( 9365): <dict>
05-20 18:07:29.877 D/NetworkThread( 9365): 	<key>Status</key>
05-20 18:07:29.877 D/NetworkThread( 9365): 	<string>Idle</string>
05-20 18:07:29.877 D/NetworkThread( 9365): 	<key>UDID</key>
05-20 18:07:29.877 D/NetworkThread( 9365): 	<string>00013fbc8ecec5b9000001461914c968</string>
05-20 18:07:29.877 D/NetworkThread( 9365): </dict>
05-20 18:07:29.877 D/NetworkThread( 9365): </plist>], 
05-20 18:07:29.877 D/HttpClient( 9365): enable apache.http debug
05-20 18:07:29.885 V/DEBUG   ( 9365): HTTP 0
05-20 18:07:30.049 W/Parcel  ( 1661): Attempt to read object from Parcel 0x5dfd3dac at offset 200 that is not in the object list
05-20 18:07:30.181 D/dalvikvm( 9365): JIT unchain all for threadid=11
05-20 18:07:30.228 D/MDM :   ( 9365): [null:-1]->statusCode : 200
05-20 18:07:30.228 D/MDM :   ( 9365): [null:-1]->statusCode : 200
05-20 18:07:30.228 V/DEBUG   ( 9365): HTTP 1
05-20 18:07:30.510 D/dalvikvm( 9365): JIT unchain all for threadid=11
05-20 18:07:30.564 D/dalvikvm( 9365): GC_CONCURRENT freed 6737K, 25% free 29088K/38412K, paused 267ms+275ms, total 638ms
05-20 18:07:30.572 D/dalvikvm( 9365): WAIT_FOR_CONCURRENT_GC blocked 339ms
05-20 18:07:30.596 D/MDM :   ( 9365): [null:-1]->read network input stream
05-20 18:07:30.603 D/MDM :   ( 9365): [null:-1]->read network input stream
05-20 18:07:30.603 D/MDM :   ( 9365): [null:-1]->read network input stream
05-20 18:07:30.619 D/MDM :   ( 9365): [null:-1]->Get joson string: <?xml version="1.0" encoding="UTF-8"?>
05-20 18:07:30.619 D/MDM :   ( 9365): <!DOCTYPE plist PUBLIC "-//Apple//DTD PLIST 1.0//EN" "http://www.apple.com/DTDs/PropertyList-1.0.dtd">
05-20 18:07:30.619 D/MDM :   ( 9365): <plist version="1.0">
05-20 18:07:30.619 D/MDM :   ( 9365): <dict>
05-20 18:07:30.619 D/MDM :   ( 9365): 	<key>CommandUUID</key>
05-20 18:07:30.619 D/MDM :   ( 9365): 	<string>6677aee7-284b-483d-a972-1f4421a02221</string>
05-20 18:07:30.619 D/MDM :   ( 9365): 	<key>Command</key>
05-20 18:07:30.619 D/MDM :   ( 9365): 	<dict>
05-20 18:07:30.619 D/MDM :   ( 9365): 		<key>Payload</key>
05-20 18:07:30.619 D/MDM :   ( 9365): 		<data>
05-20 18:07:30.619 D/MDM :   ( 9365): 			PD94bWwgdmVyc2lvbj0iMS4wIiBlbmNvZGluZz0iVVRGLTgiPz4KPCFET0NUWVBFIHBsaXN0IFBVQkxJQyAiLS8vQXBwbGUvL0RURCBQTElTVCAxLjAvL0VOIiAiaHR0cDovL3d3dy5hcHBsZS5jb20vRFREcy9Qcm9wZXJ0eUxpc3QtMS4wLmR0ZCI+CjxwbGlzdCB2ZXJzaW9uPSIxLjAiPgo8ZGljdD4KCTxrZXk+UGF5bG9hZENvbnRlbnQ8L2tleT4KCTxhcnJheT4KCQk8ZGljdD4KCQkJPGtleT5mb3JjZVBJTjwva2V5PgoJCQk8dHJ1ZS8+CgkJCTxrZXk+bWF4RmFpbGVkQXR0ZW1wdHM8L2tleT4KCQkJPGludGVnZXI+MTA8L2ludGVnZXI+CgkJCTxrZXk+bWF4SW5hY3Rpdml0eTwva2V5PgoJCQk8cmVhbD4zMC4wPC9yZWFsPgoJCQk8a2V5Pm1heFBJTkFnZUluRGF5czwva2V5PgoJCQk8aW50ZWdlcj4xPC9pbnRlZ2VyPgoJCQk8a2V5Pm1pbkxlbmd0aDwva2V5PgoJCQk8aW50ZWdlcj40PC9pbnRlZ2VyPgoJCQk8a2V5PnBpbkhpc3Rvcnk8L2tleT4KCQkJPGludGVnZXI+NTwvaW50ZWdlcj4KCQkJPGtleT5xdWFsaXR5PC9rZXk+CgkJCTxzdHJpbmc+bnVtZXJpYzwvc3RyaW5nPgoJCQk8a2V5PlBheWxvYWRUeXBlPC9rZXk+CgkJCTxzdHJpbmc+Y29tLmFwcGxlLm1vYmlsZWRldmljZS5wYXNzd29yZHBvbGljeTwvc3RyaW5nPgoJCQk8a2V5PlBheWxvYWRWZXJzaW9uPC9rZXk+CgkJCTxpbnRlZ2VyPjE8L2ludGVnZXI+CgkJCTxrZXk+UGF5bG9hZElkZW50aWZpZXI8L2tleT4KCQkJPHN0cmluZz5jNzRXdXRJM1ExMVlIZjg4emp2anMzYkxqa3IzWnBaVS5wYXNzY29kZXBvbGljeTwvc3RyaW5nPgoJCQk8a2V5PlBheWxvYWRVVUlEPC9rZXk+CgkJCTxzdHJpbmc+ZGJlN2M2YTAtYzM3NS00YjE4LTk3NmUtNmNiNjZkOGQ0YzdmPC9zdHJpbmc+CgkJCTxrZXk+UGF5bG9hZERpc3BsYXlOYW1lPC9rZXk+CgkJCTxzdHJpbmc+5a+G56CBPC9zdHJpbmc+CgkJCTxrZXk+UGF5bG9hZERlc2NyaXB0aW9uPC9rZXk+CgkJCTxzdHJpbmc+6YWN572u5LiO5a6J5YWo55u45YWz55qE6aG555uu44CCPC9zdHJpbmc+CgkJCTxrZXk+UGF5bG9hZE9yZ2FuaXphdGlvbjwva2V5PgoJCQk8c3RyaW5nPlBla2FsbCBDYXB0aWNhbDwvc3RyaW5nPgoJCTwvZGljdD4KCTwvYXJyYXk+Cgk8a2V5PlBheWxvYWRSZW1vdmFsRGlzYWxsb3dlZDwva2V5PgoJPHRydWUvPgoJPGtleT5QYXlsb2FkVHlwZTwva2V5PgoJPHN0cmluZz5Db25maWd1cmF0aW9uPC9zdHJpbmc+Cgk8a2V5PlBheWxvYWRWZXJzaW9uPC9rZXk+Cgk8aW50ZWdlcj4xPC9pbnRlZ2VyPgoJPGtleT5QYXlsb2FkSWRlbnRpZmllcjwva2V5PgoJPHN0cmluZz5jNzRXdXRJM1ExMVlIZjg4emp2anMzYkxqa3IzWnBaVTwvc3RyaW5nPgoJPGtleT5QYXlsb2FkVVVJRDwva2V5PgoJPHN0cmluZz5lYjhlM2VjMi0yMmY1LTQzNmItYTFkNS0wZDM2M2VlYWQzYTY8L3N0cmluZz4KCTxrZXk+UGF5bG9hZERpc3BsYXlOYW1lPC9rZXk+Cgk8c3RyaW5nPuiHquWKqOWMlua1i+ivlTwvc3RyaW5nPgoJPGtleT5QYXlsb2FkRGVzY3JpcHRpb248L2tleT4KCTxzdHJpbmc+QW5kcm9pZOWvhueggeetlueVpeiHquWKqOWMlua1i+ivlTwvc3RyaW5nPgoJPGtleT5QYXlsb2FkT3JnYW5pemF0aW9uPC9rZXk+Cgk8c3RyaW5nPlBla2FsbCBDYXB0aWNhbDwvc3RyaW5nPgo8L2RpY3Q+CjwvcGxpc3Q+
05-20 18:07:30.619 D/MDM :   ( 9365): 		</data>
05-20 18:07:30.619 D/MDM :   ( 9365): 		<key>RequestType</key>
05-20 18:07:30.619 D/MDM :   ( 9365): 		<string>InstallProfile</string>
05-20 18:07:30.619 D/MDM :   ( 9365): 	</dict>
05-20 18:07:30.619 D/MDM :   ( 9365): </dict>
05-20 18:07:30.619 D/MDM :   ( 9365): </plist>
