05-20 18:01:37.510 D/dalvikvm( 9365): Added shared lib /data/app-lib/com.pekall.emdm.launcher-1/libsandbox_jni.so 0x42288f68
05-20 18:01:37.541 V/MyServiceConnection( 9365): [SConnection] sandbox service is NOT installed.
05-20 18:01:37.549 V/MyServiceConnection( 9365): [SConnection] binding service: pekall.intent.action.SANDBOX_SERVICE
05-20 18:01:37.611 D/ScClassLoader( 9365): >> SOURCE FILE: /data/data/com.pekall.emdm.launcher/app_jars/sc-jdk15on-1.47.0.2.dex.jar
05-20 18:01:37.627 W/Parcel  ( 1661): Attempt to read object from Parcel 0x6013bdac at offset 200 that is not in the object list
05-20 18:01:37.627 W/Parcel  ( 1661): Attempt to read object from Parcel 0x5dfd3dac at offset 200 that is not in the object list
05-20 18:01:37.627 D/Email   ( 9365): Email: init sandbox at the beginning.
05-20 18:01:37.635 V/MyServiceConnection( 9365): [SConnection] retry to bind service
05-20 18:01:37.635 V/MyServiceConnection( 9365): [SConnection] sandbox service is NOT installed.
05-20 18:01:37.635 V/MyServiceConnection( 9365): [SConnection] binding service: pekall.intent.action.SANDBOX_SERVICE
05-20 18:01:37.642 V/MyServiceConnection( 9365): [SConnection] retry to bind service
05-20 18:01:37.642 V/MyServiceConnection( 9365): [SConnection] sandbox service is NOT installed.
05-20 18:01:37.642 V/MyServiceConnection( 9365): [SConnection] binding service: pekall.intent.action.SANDBOX_SERVICE
05-20 18:01:37.674 D/dalvikvm( 9365): DexOpt: --- BEGIN 'sc-jdk15on-1.47.0.2.dex.jar' (bootstrap=0) ---
05-20 18:01:37.728 D/dalvikvm( 9365): GC_CONCURRENT freed 203K, 3% free 9111K/9356K, paused 67ms+3ms, total 89ms
05-20 18:01:37.767 V/l       ( 9365): Bind requested for task setLogging
05-20 18:01:37.783 W/DocumentManager( 9365): Sandbox service is not connected.
05-20 18:01:37.783 D/MessageControllerImpl( 9365): controller is null
05-20 18:01:37.783 V/MyServiceConnection( 9365): [SConnection] retry to bind service
05-20 18:01:37.783 V/MyServiceConnection( 9365): [SConnection] sandbox service is NOT installed.
05-20 18:01:37.783 V/MyServiceConnection( 9365): [SConnection] binding service: pekall.intent.action.SANDBOX_SERVICE
05-20 18:01:37.783 W/SQLiteOpenHelper( 9365): Opened /data/data/com.pekall.emdm.launcher/databases/message.db
05-20 18:01:37.830 I/MessageDatabaseHelper( 9365): Database update: from 0 to 2
05-20 18:01:37.900 D/MessageControllerImpl( 9365): controller is null
05-20 18:01:37.900 D/MessageControllerImpl( 9365): controller is null
05-20 18:01:37.900 D/MessageControllerImpl( 9365): controller is null
05-20 18:01:37.900 D/EmailProvider( 9365): Creating EmailProvider database
05-20 18:01:37.939 D/dalvikvm( 9365): GC_CONCURRENT freed 196K, 3% free 9317K/9552K, paused 3ms+3ms, total 22ms
05-20 18:01:38.064 D/dalvikvm( 9365): GC_CONCURRENT freed 148K, 2% free 9679K/9868K, paused 3ms+1ms, total 25ms
05-20 18:01:38.064 D/dalvikvm( 9365): WAIT_FOR_CONCURRENT_GC blocked 14ms
05-20 18:01:38.064 D/dalvikvm( 9365): WAIT_FOR_CONCURRENT_GC blocked 14ms
05-20 18:01:38.072 D/MDM :   ( 9365): [null:-1]->width 104
05-20 18:01:38.072 D/MDM :   ( 9365): [null:-1]->height 104
05-20 18:01:38.080 D/MDM :   ( 9365): [null:-1]->scale 0.5
05-20 18:01:38.080 D/MDM :   ( 9365): [null:-1]->tint false
05-20 18:01:38.080 D/MDM :   ( 9365): [null:-1]->width 104
05-20 18:01:38.088 D/MDM :   ( 9365): [null:-1]->height 104
05-20 18:01:38.088 D/MDM :   ( 9365): [null:-1]->scale 0.5
05-20 18:01:38.088 D/MDM :   ( 9365): [null:-1]->tint false
05-20 18:01:38.088 D/MDM :   ( 9365): [null:-1]->icon instanceof BitmapDrawable
05-20 18:01:38.088 D/MDM :   ( 9365): [null:-1]->  iconWidth 87
05-20 18:01:38.088 D/MDM :   ( 9365): [null:-1]->  iconHeight 87
05-20 18:01:38.088 D/MDM :   ( 9365): [null:-1]->  107 87
05-20 18:01:38.088 D/MDM :   ( 9365): [null:-1]->width 104
05-20 18:01:38.088 D/MDM :   ( 9365): [null:-1]->height 104
05-20 18:01:38.088 D/MDM :   ( 9365): [null:-1]->scale 1.0
05-20 18:01:38.103 D/MDM :   ( 9365): [null:-1]->tint false
05-20 18:01:38.111 D/MDM :   ( 9365): [null:-1]->width 104
05-20 18:01:38.111 D/MDM :   ( 9365): [null:-1]->height 104
05-20 18:01:38.111 D/MDM :   ( 9365): [null:-1]->scale 1.0
05-20 18:01:38.111 D/dalvikvm( 9365): GC_CONCURRENT freed 301K, 4% free 9872K/10216K, paused 2ms+3ms, total 20ms
05-20 18:01:38.111 D/dalvikvm( 9365): WAIT_FOR_CONCURRENT_GC blocked 2ms
05-20 18:01:38.111 D/MDM :   ( 9365): [null:-1]->tint false
05-20 18:01:38.119 D/MDM :   ( 9365): [null:-1]->icon instanceof BitmapDrawable
05-20 18:01:38.119 D/MDM :   ( 9365): [null:-1]->  iconWidth 87
05-20 18:01:38.119 D/MDM :   ( 9365): [null:-1]->  iconHeight 87
05-20 18:01:38.119 D/MDM :   ( 9365): [null:-1]->  107 87
05-20 18:01:38.119 D/MDM :   ( 9365): [null:-1]->width 104
05-20 18:01:38.119 D/MDM :   ( 9365): [null:-1]->height 104
05-20 18:01:38.119 D/MDM :   ( 9365): [null:-1]->scale 1.0
05-20 18:01:38.119 D/MDM :   ( 9365): [null:-1]->tint false
05-20 18:01:38.127 D/MDM :   ( 9365): [null:-1]->width 104
05-20 18:01:38.127 D/MDM :   ( 9365): [null:-1]->height 104
05-20 18:01:38.127 D/MDM :   ( 9365): [null:-1]->scale 1.0
05-20 18:01:38.127 D/MDM :   ( 9365): [null:-1]->tint false
05-20 18:01:38.150 D/dalvikvm( 9365): GC_CONCURRENT freed 353K, 5% free 9923K/10392K, paused 2ms+1ms, total 25ms
05-20 18:01:38.150 D/dalvikvm( 9365): WAIT_FOR_CONCURRENT_GC blocked 20ms
05-20 18:01:38.150 D/MDM :   ( 9365): [null:-1]->icon instanceof BitmapDrawable
05-20 18:01:38.150 D/MDM :   ( 9365): [null:-1]->  iconWidth 87
05-20 18:01:38.150 D/MDM :   ( 9365): [null:-1]->  iconHeight 87
05-20 18:01:38.150 D/MDM :   ( 9365): [null:-1]->  107 87
05-20 18:01:38.150 D/MDM :   ( 9365): [null:-1]->width 104
05-20 18:01:38.150 D/MDM :   ( 9365): [null:-1]->height 104
05-20 18:01:38.150 D/MDM :   ( 9365): [null:-1]->scale 1.0
05-20 18:01:38.158 D/MDM :   ( 9365): [null:-1]->tint false
05-20 18:01:38.174 D/dalvikvm( 9365): GC_FOR_ALLOC freed 249K, 5% free 9899K/10392K, paused 15ms, total 16ms
05-20 18:01:38.181 I/dalvikvm-heap( 9365): Grow heap (frag case) to 12.960MB for 3415696-byte allocation
05-20 18:01:38.205 D/dalvikvm( 9365): GC_FOR_ALLOC freed <1K, 4% free 13234K/13728K, paused 25ms, total 25ms
05-20 18:01:38.236 D/dalvikvm( 9365): GC_CONCURRENT freed <1K, 4% free 13234K/13728K, paused 2ms+2ms, total 30ms
05-20 18:01:38.314 V/Launcher( 9365): isLauncherDf = true
05-20 18:01:38.314 V/Launcher( 9365): isPhoneDf = true
05-20 18:01:38.314 D/        ( 9365): [---null: -1---]  ScreenWidth  720
05-20 18:01:38.314 D/        ( 9365): [---null: -1---]  ScreenHeight  1184
05-20 18:01:38.330 D/HomeLoaders( 9365): load applications
05-20 18:01:38.330 D/HomeLoaders( 9365): loading user items in Thread[main,5,main]
05-20 18:01:38.330 D/HomeLoaders( 9365):   --> starting workspace loader
05-20 18:01:38.338 W/Parcel  ( 1661): Attempt to read object from Parcel 0x5ec3bdac at offset 200 that is not in the object list
05-20 18:01:38.338 D/HomeLoaders( 9365):   ----> running workspace loader (1)
05-20 18:01:38.338 W/Parcel  ( 1661): Attempt to read object from Parcel 0x6003bdac at offset 200 that is not in the object list
05-20 18:01:38.338 D/Email   ( 9365): Email: init sandbox at the beginning.
05-20 18:01:38.338 V/MyServiceConnection( 9365): [SConnection] retry to bind service
05-20 18:01:38.338 V/MyServiceConnection( 9365): [SConnection] sandbox service is NOT installed.
05-20 18:01:38.338 V/MyServiceConnection( 9365): [SConnection] binding service: pekall.intent.action.SANDBOX_SERVICE
05-20 18:01:38.346 V/l       ( 9365): Bind requested for task setLogging
05-20 18:01:38.346 W/DocumentManager( 9365): Sandbox service is not connected.
05-20 18:01:38.346 D/MessageControllerImpl( 9365): controller is null
05-20 18:01:38.346 V/MyServiceConnection( 9365): [SConnection] retry to bind service
05-20 18:01:38.346 V/MyServiceConnection( 9365): [SConnection] sandbox service is NOT installed.
05-20 18:01:38.346 V/MyServiceConnection( 9365): [SConnection] binding service: pekall.intent.action.SANDBOX_SERVICE
05-20 18:01:38.346 D/MessageControllerImpl( 9365): controller is null
05-20 18:01:38.353 D/MessageControllerImpl( 9365): controller is null
05-20 18:01:38.353 D/MessageControllerImpl( 9365): controller is null
05-20 18:01:38.361 V/LauncherApplication( 9365): onActivityStarted
05-20 18:01:38.361 D/        ( 9365): [---null: -1---]     awsa  onActivityResumed
05-20 18:01:38.361 V/LauncherApplication( 9365): 2MdmConstant.LAST_LAUNCH_TIME = 0
05-20 18:01:38.385 D/        ( 9365): [---null: -1---]  activity = com.pekall.emdm.launcher.Launcher
05-20 18:01:38.385 V/LauncherApplication( 9365): is not regist
05-20 18:01:38.385 W/Parcel  ( 1661): Attempt to read object from Parcel 0x5ef3bdac at offset 200 that is not in the object list
05-20 18:01:38.385 I/ActivityManager(  374): START u0 {cmp=com.pekall.emdm.launcher/com.pekall.emdm.ui.SplashActivity} from pid 9365
05-20 18:01:38.392 E/LauncherApplication( 9365): isShowLogoutUI = true
05-20 18:01:38.392 E/LauncherApplication( 9365): LogoutShowTime 1
05-20 18:01:38.392 V/Launcher( 9365): onResume1111111 
05-20 18:01:38.392 V/Launcher( 9365): is logout ----> 
05-20 18:01:38.392 W/WindowManager(  374): Token{428f9140 ActivityRecord{42295ac8 u0 com.pekall.emdm.launcher/com.pekall.emdm.ui.SplashActivity}} failed creating starting window
05-20 18:01:38.392 W/WindowManager(  374): android.view.InflateException: Binary XML file line #34: Error inflating class <unknown>
05-20 18:01:38.392 W/WindowManager(  374): 	at android.view.LayoutInflater.createView(LayoutInflater.java:620)
05-20 18:01:38.392 W/WindowManager(  374): 	at com.android.internal.policy.impl.PhoneLayoutInflater.onCreateView(PhoneLayoutInflater.java:56)
05-20 18:01:38.392 W/WindowManager(  374): 	at android.view.LayoutInflater.onCreateView(LayoutInflater.java:669)
05-20 18:01:38.392 W/WindowManager(  374): 	at android.view.LayoutInflater.createViewFromTag(LayoutInflater.java:694)
05-20 18:01:38.392 W/WindowManager(  374): 	at android.view.LayoutInflater.rInflate(LayoutInflater.java:755)
05-20 18:01:38.392 W/WindowManager(  374): 	at android.view.LayoutInflater.inflate(LayoutInflater.java:492)
05-20 18:01:38.392 W/WindowManager(  374): 	at android.view.LayoutInflater.inflate(LayoutInflater.java:397)
05-20 18:01:38.392 W/WindowManager(  374): 	at android.view.LayoutInflater.inflate(LayoutInflater.java:353)
05-20 18:01:38.392 W/WindowManager(  374): 	at com.android.internal.policy.impl.PhoneWindow.generateLayout(PhoneWindow.java:2823)
05-20 18:01:38.392 W/WindowManager(  374): 	at com.android.internal.policy.impl.PhoneWindow.installDecor(PhoneWindow.java:2886)
05-20 18:01:38.392 W/WindowManager(  374): 	at com.android.internal.policy.impl.PhoneWindow.getDecorView(PhoneWindow.java:1581)
05-20 18:01:38.392 W/WindowManager(  374): 	at com.android.internal.policy.impl.PhoneWindowManager.addStartingWindow(PhoneWindowManager.java:1618)
05-20 18:01:38.392 W/WindowManager(  374): 	at com.android.server.wm.WindowManagerService$H.handleMessage(WindowManagerService.java:6908)
05-20 18:01:38.392 W/WindowManager(  374): 	at android.os.Handler.dispatchMessage(Handler.java:99)
05-20 18:01:38.392 W/WindowManager(  374): 	at android.os.Looper.loop(Looper.java:137)
05-20 18:01:38.392 W/WindowManager(  374): 	at android.os.HandlerThread.run(HandlerThread.java:61)
05-20 18:01:38.392 W/WindowManager(  374): Caused by: java.lang.reflect.InvocationTargetException
05-20 18:01:38.392 W/WindowManager(  374): 	at java.lang.reflect.Constructor.constructNative(Native Method)
05-20 18:01:38.392 W/WindowManager(  374): 	at java.lang.reflect.Constructor.newInstance(Constructor.java:417)
05-20 18:01:38.392 W/WindowManager(  374): 	at android.view.LayoutInflater.createView(LayoutInflater.java:594)
05-20 18:01:38.392 W/WindowManager(  374): 	... 15 more
05-20 18:01:38.392 W/WindowManager(  374): Caused by: android.content.res.Resources$NotFoundException: Resource is not a Drawable (color or path): TypedValue{t=0x2/d=0x1010059 a=-1}
05-20 18:01:38.392 W/WindowManager(  374): 	at android.content.res.Resources.loadDrawable(Resources.java:2063)
05-20 18:01:38.392 W/WindowManager(  374): 	at android.content.res.TypedArray.getDrawable(TypedArray.java:601)
05-20 18:01:38.392 W/WindowManager(  374): 	at android.widget.FrameLayout.<init>(FrameLayout.java:109)
05-20 18:01:38.392 W/WindowManager(  374): 	at android.widget.FrameLayout.<init>(FrameLayout.java:97)
05-20 18:01:38.392 W/WindowManager(  374): 	... 18 more
05-20 18:01:38.408 D/dalvikvm( 9365): GC_FOR_ALLOC freed 77K, 4% free 13271K/13728K, paused 17ms, total 17ms
05-20 18:01:38.424 I/dalvikvm-heap( 9365): Grow heap (frag case) to 16.253MB for 3415696-byte allocation
05-20 18:01:38.447 D/dalvikvm( 9365): GC_FOR_ALLOC freed <1K, 3% free 16606K/17064K, paused 27ms, total 27ms
05-20 18:01:38.478 D/dalvikvm( 9365): GC_CONCURRENT freed 7K, 3% free 16607K/17064K, paused 4ms+2ms, total 30ms
05-20 18:01:38.549 I/System.out( 9365):  
05-20 18:01:38.549 I/System.out( 9365): com.pekall.emdm.launcher.Workspace.setWallpaper(Unknown Source)
05-20 18:01:38.549 I/System.out( 9365): com.pekall.emdm.launcher.Launcher.onResume(Unknown Source)
05-20 18:01:38.549 I/System.out( 9365): android.app.Instrumentation.callActivityOnResume(Instrumentation.java:1192)
05-20 18:01:38.549 I/System.out( 9365): android.app.Activity.performResume(Activity.java:5211)
05-20 18:01:38.549 I/System.out( 9365): android.app.ActivityThread.performResumeActivity(ActivityThread.java:2780)
05-20 18:01:38.549 I/System.out( 9365): android.app.ActivityThread.handleResumeActivity(ActivityThread.java:2819)
05-20 18:01:38.549 I/System.out( 9365): android.app.ActivityThread.handleLaunchActivity(ActivityThread.java:2266)
05-20 18:01:38.549 I/System.out( 9365): android.app.ActivityThread.access$600(ActivityThread.java:141)
05-20 18:01:38.549 I/System.out( 9365): android.app.ActivityThread$H.handleMessage(ActivityThread.java:1256)
05-20 18:01:38.549 I/System.out( 9365): android.os.Handler.dispatchMessage(Handler.java:99)
05-20 18:01:38.549 I/System.out( 9365): android.os.Looper.loop(Looper.java:137)
05-20 18:01:38.549 I/System.out( 9365): android.app.ActivityThread.main(ActivityThread.java:5103)
05-20 18:01:38.549 I/System.out( 9365): java.lang.reflect.Method.invokeNative(Native Method)
05-20 18:01:38.549 I/System.out( 9365): java.lang.reflect.Method.invoke(Method.java:525)
05-20 18:01:38.549 I/System.out( 9365): com.android.internal.os.ZygoteInit$MethodAndArgsCaller.run(ZygoteInit.java:737)
05-20 18:01:38.549 I/System.out( 9365): com.android.internal.os.ZygoteInit.main(ZygoteInit.java:553)
05-20 18:01:38.549 I/System.out( 9365): dalvik.system.NativeStart.main(Native Method)
05-20 18:01:38.564 D/dalvikvm( 9365): GC_FOR_ALLOC freed 3355K, 23% free 13273K/17064K, paused 16ms, total 16ms
05-20 18:01:38.572 I/dalvikvm-heap( 9365): Grow heap (frag case) to 16.255MB for 3415696-byte allocation
05-20 18:01:38.596 D/dalvikvm( 9365): GC_FOR_ALLOC freed 3K, 3% free 16605K/17064K, paused 25ms, total 25ms
05-20 18:01:38.611 D/dalvikvm( 9365): GC_CONCURRENT freed <1K, 3% free 16606K/17064K, paused 2ms+1ms, total 17ms
05-20 18:01:38.627 D/LauncherProvider( 9365): creating new launcher database
05-20 18:01:38.635 D/LauncherProvider( 9365): converting database from an older format, but not onUpgrade
05-20 18:01:38.744 D/MDM :   ( 9365): [null:-1]->icon instanceof BitmapDrawable
05-20 18:01:38.744 D/MDM :   ( 9365): [null:-1]->  iconWidth 96
05-20 18:01:38.744 D/MDM :   ( 9365): [null:-1]->  iconHeight 96
05-20 18:01:38.744 D/MDM :   ( 9365): [null:-1]->  107 96
05-20 18:01:38.744 D/        ( 9365): [---null: -1---]  xxd  getPackageName  com.pekall.emdm.launcher
05-20 18:01:38.744 D/        ( 9365): [---null: -1---]  xxd  getClassName  com.pekall.emdm.launcher.CustomShirtcutActivity
05-20 18:01:38.744 D/        ( 9365): [---null: -1---]  xxd info.title: Custom shortcut
05-20 18:01:38.752 D/MDM :   ( 9365): [null:-1]->icon instanceof BitmapDrawable
05-20 18:01:38.752 D/MDM :   ( 9365): [null:-1]->  iconWidth 104
05-20 18:01:38.752 D/MDM :   ( 9365): [null:-1]->  iconHeight 104
05-20 18:01:38.752 D/MDM :   ( 9365): [null:-1]->  107 104
05-20 18:01:38.752 D/        ( 9365): [---null: -1---]  xxd  getPackageName  com.pekall.emdm.launcher
05-20 18:01:38.752 D/        ( 9365): [---null: -1---]  xxd  getClassName  com.pekall.emdm.contacts.activities.DialtactsActivity
05-20 18:01:38.752 D/        ( 9365): [---null: -1---]  xxd info.title: Phone
05-20 18:01:38.767 D/MDM :   ( 9365): [null:-1]->icon instanceof BitmapDrawable
05-20 18:01:38.767 D/MDM :   ( 9365): [null:-1]->  iconWidth 104
05-20 18:01:38.767 D/MDM :   ( 9365): [null:-1]->  iconHeight 104
05-20 18:01:38.767 D/MDM :   ( 9365): [null:-1]->  107 104
05-20 18:01:38.767 D/        ( 9365): [---null: -1---]  xxd  getPackageName  com.pekall.emdm.launcher
05-20 18:01:38.767 D/        ( 9365): [---null: -1---]  xxd  getClassName  com.pekall.emdm.messagecenter.activity.MessageMainActivity
05-20 18:01:38.767 D/        ( 9365): [---null: -1---]  xxd info.title: Message Center
05-20 18:01:38.767 D/MDM :   ( 9365): [null:-1]->icon instanceof BitmapDrawable
05-20 18:01:38.767 D/MDM :   ( 9365): [null:-1]->  iconWidth 104
05-20 18:01:38.767 D/MDM :   ( 9365): [null:-1]->  iconHeight 104
05-20 18:01:38.767 D/MDM :   ( 9365): [null:-1]->  107 104
05-20 18:01:38.775 D/        ( 9365): [---null: -1---]  xxd  getPackageName  com.pekall.emdm.launcher
05-20 18:01:38.775 D/        ( 9365): [---null: -1---]  xxd  getClassName  com.pekall.emdm.document.activity.DocMainActivity
05-20 18:01:38.775 D/        ( 9365): [---null: -1---]  xxd info.title: Document Manager
05-20 18:01:38.775 D/MDM :   ( 9365): [null:-1]->icon instanceof BitmapDrawable
05-20 18:01:38.775 D/MDM :   ( 9365): [null:-1]->  iconWidth 104
05-20 18:01:38.775 D/MDM :   ( 9365): [null:-1]->  iconHeight 104
05-20 18:01:38.783 D/MDM :   ( 9365): [null:-1]->  107 104
05-20 18:01:38.783 D/        ( 9365): [---null: -1---]  xxd  getPackageName  com.pekall.emdm.launcher
05-20 18:01:38.783 D/        ( 9365): [---null: -1---]  xxd  getClassName  com.pekall.emdm.launcher.ui.BackPersonalActivity
05-20 18:01:38.783 D/        ( 9365): [---null: -1---]  xxd info.title: Personal Mode
05-20 18:01:38.783 D/MDM :   ( 9365): [null:-1]->icon instanceof BitmapDrawable
05-20 18:01:38.783 D/MDM :   ( 9365): [null:-1]->  iconWidth 104
05-20 18:01:38.783 D/MDM :   ( 9365): [null:-1]->  iconHeight 104
05-20 18:01:38.783 D/MDM :   ( 9365): [null:-1]->  107 104
05-20 18:01:38.783 D/        ( 9365): [---null: -1---]  xxd  getPackageName  com.pekall.emdm.launcher
05-20 18:01:38.791 D/        ( 9365): [---null: -1---]  xxd  getClassName  com.pekall.semail.activity.Welcome
05-20 18:01:38.791 D/        ( 9365): [---null: -1---]  xxd info.title: Email
05-20 18:01:38.791 D/MDM :   ( 9365): [null:-1]->icon instanceof BitmapDrawable
05-20 18:01:38.791 D/MDM :   ( 9365): [null:-1]->  iconWidth 104
05-20 18:01:38.791 D/MDM :   ( 9365): [null:-1]->  iconHeight 104
05-20 18:01:38.791 D/MDM :   ( 9365): [null:-1]->  107 104
05-20 18:01:38.791 D/        ( 9365): [---null: -1---]  xxd  getPackageName  com.pekall.emdm.launcher
05-20 18:01:38.799 D/        ( 9365): [---null: -1---]  xxd  getClassName  com.pekall.emdm.contacts.activities.PeopleActivity
05-20 18:01:38.799 D/        ( 9365): [---null: -1---]  xxd info.title: EmdmContacts
05-20 18:01:38.799 D/MDM :   ( 9365): [null:-1]->icon instanceof BitmapDrawable
05-20 18:01:38.799 D/MDM :   ( 9365): [null:-1]->  iconWidth 104
05-20 18:01:38.799 D/MDM :   ( 9365): [null:-1]->  iconHeight 104
05-20 18:01:38.799 D/MDM :   ( 9365): [null:-1]->  107 104
05-20 18:01:38.799 D/        ( 9365): [---null: -1---]  xxd  getPackageName  com.pekall.emdm.launcher
05-20 18:01:38.799 D/        ( 9365): [---null: -1---]  xxd  getClassName  com.pekall.emdm.browser.BrowserActivity
05-20 18:01:38.799 D/        ( 9365): [---null: -1---]  xxd info.title: Safe Browser
05-20 18:01:38.814 D/MDM :   ( 9365): [null:-1]->icon instanceof BitmapDrawable
05-20 18:01:38.814 D/MDM :   ( 9365): [null:-1]->  iconWidth 104
05-20 18:01:38.814 D/MDM :   ( 9365): [null:-1]->  iconHeight 104
05-20 18:01:38.814 D/MDM :   ( 9365): [null:-1]->  107 104
05-20 18:01:38.814 D/        ( 9365): [---null: -1---]  xxd  getPackageName  com.pekall.emdm.launcher
05-20 18:01:38.814 D/        ( 9365): [---null: -1---]  xxd  getClassName  com.pekall.emdm.launcher.ui.AboutActivity
05-20 18:01:38.814 D/        ( 9365): [---null: -1---]  xxd info.title: About
05-20 18:01:38.814 D/MDM :   ( 9365): [null:-1]->icon instanceof BitmapDrawable
05-20 18:01:38.814 D/MDM :   ( 9365): [null:-1]->  iconWidth 104
05-20 18:01:38.814 D/MDM :   ( 9365): [null:-1]->  iconHeight 104
05-20 18:01:38.814 D/MDM :   ( 9365): [null:-1]->  107 104
05-20 18:01:38.822 D/        ( 9365): [---null: -1---]  xxd  getPackageName  com.pekall.emdm.launcher
05-20 18:01:38.822 D/        ( 9365): [---null: -1---]  xxd  getClassName  com.pekall.emdm.launcher.ui.SettingActivity
05-20 18:01:38.822 D/        ( 9365): [---null: -1---]  xxd info.title: Setting
05-20 18:01:38.822 D/HomeLoaders( 9365):   ----> workspace loader 1 finished loading data
05-20 18:01:38.822 D/HomeLoaders( 9365):   ----> worskpace items=11
05-20 18:01:38.822 D/HomeLoaders( 9365):   ----> worskpace widgets=0
05-20 18:01:38.822 D/HomeLoaders( 9365):   --> done loading workspace; not stopped
05-20 18:01:38.822 D/HomeLoaders( 9365):   ----> items cloned, ready to refresh UI
05-20 18:01:38.822 D/HomeLoaders( 9365):   ----> loading applications from workspace loader
05-20 18:01:38.822 D/HomeLoaders( 9365):   --> starting applications loader unlocked
05-20 18:01:38.822 D/HomeLoaders( 9365):   --> starting applications loader
05-20 18:01:38.822 D/HomeLoaders( 9365):   ----> running applications loader (1)
05-20 18:01:38.830 D/MDM :   ( 9365): [null:-1]->icon instanceof BitmapDrawable
05-20 18:01:38.830 D/EmailProvider( 9365): Creating EmailProviderBody database
05-20 18:01:38.830 D/MDM :   ( 9365): [null:-1]->  iconWidth 104
05-20 18:01:38.830 D/MDM :   ( 9365): [null:-1]->  iconHeight 104
05-20 18:01:38.830 D/MDM :   ( 9365): [null:-1]->  107 104
05-20 18:01:38.830 D/MDM :   ( 9365): [null:-1]->icon instanceof BitmapDrawable
05-20 18:01:38.830 D/MDM :   ( 9365): [null:-1]->  iconWidth 104
05-20 18:01:38.830 D/MDM :   ( 9365): [null:-1]->  iconHeight 104
05-20 18:01:38.838 D/MDM :   ( 9365): [null:-1]->  107 104
05-20 18:01:38.838 D/MDM :   ( 9365): [null:-1]->icon instanceof BitmapDrawable
05-20 18:01:38.838 D/MDM :   ( 9365): [null:-1]->  iconWidth 104
05-20 18:01:38.838 D/MDM :   ( 9365): [null:-1]->  iconHeight 104
05-20 18:01:38.838 D/MDM :   ( 9365): [null:-1]->  107 104
05-20 18:01:38.838 D/MDM :   ( 9365): [null:-1]->icon instanceof BitmapDrawable
05-20 18:01:38.838 D/MDM :   ( 9365): [null:-1]->  iconWidth 104
05-20 18:01:38.838 D/MDM :   ( 9365): [null:-1]->  iconHeight 104
05-20 18:01:38.838 D/MDM :   ( 9365): [null:-1]->  107 104
05-20 18:01:38.846 D/MDM :   ( 9365): [null:-1]->icon instanceof BitmapDrawable
05-20 18:01:38.846 D/MDM :   ( 9365): [null:-1]->  iconWidth 101
05-20 18:01:38.846 D/MDM :   ( 9365): [null:-1]->  iconHeight 101
05-20 18:01:38.846 D/MDM :   ( 9365): [null:-1]->  107 101
05-20 18:01:38.846 D/MDM :   ( 9365): [null:-1]->icon instanceof BitmapDrawable
05-20 18:01:38.846 D/MDM :   ( 9365): [null:-1]->  iconWidth 104
05-20 18:01:38.846 D/MDM :   ( 9365): [null:-1]->  iconHeight 104
05-20 18:01:38.846 D/MDM :   ( 9365): [null:-1]->  107 104
05-20 18:01:38.846 D/MDM :   ( 9365): [null:-1]->icon instanceof BitmapDrawable
05-20 18:01:38.846 D/MDM :   ( 9365): [null:-1]->  iconWidth 104
05-20 18:01:38.846 D/MDM :   ( 9365): [null:-1]->  iconHeight 104
05-20 18:01:38.846 D/MDM :   ( 9365): [null:-1]->  107 104
05-20 18:01:38.846 D/MDM :   ( 9365): [null:-1]->icon instanceof BitmapDrawable
05-20 18:01:38.853 D/MDM :   ( 9365): [null:-1]->  iconWidth 104
05-20 18:01:38.853 D/MDM :   ( 9365): [null:-1]->  iconHeight 104
05-20 18:01:38.853 D/MDM :   ( 9365): [null:-1]->  107 104
05-20 18:01:38.853 D/MDM :   ( 9365): [null:-1]->icon instanceof BitmapDrawable
05-20 18:01:38.853 D/MDM :   ( 9365): [null:-1]->  iconWidth 104
05-20 18:01:38.853 D/MDM :   ( 9365): [null:-1]->  iconHeight 104
05-20 18:01:38.853 D/MDM :   ( 9365): [null:-1]->  107 104
05-20 18:01:38.853 D/MDM :   ( 9365): [null:-1]->icon instanceof BitmapDrawable
05-20 18:01:38.853 D/MDM :   ( 9365): [null:-1]->  iconWidth 104
05-20 18:01:38.853 D/MDM :   ( 9365): [null:-1]->  iconHeight 104
05-20 18:01:38.853 D/MDM :   ( 9365): [null:-1]->  107 104
05-20 18:01:38.853 W/EmailProvider( 9365): restoreIfNeeded...
05-20 18:01:38.861 D/EmailProvider( 9365): restoreAccounts...
05-20 18:01:38.892 W/ActivityManager(  374): Activity pause timeout for ActivityRecord{422743b8 u0 com.pekall.emdm.launcher/.Launcher}
05-20 18:01:38.900 D/EmailProvider( 9365): Creating EmailProvider database
05-20 18:01:38.939 D/dalvikvm( 9385): DexOpt: load 53ms, verify+opt 1060ms, 1147988 bytes
05-20 18:01:39.017 D/dalvikvm( 9365): DexOpt: --- END 'sc-jdk15on-1.47.0.2.dex.jar' (success) ---
05-20 18:01:39.017 D/dalvikvm( 9365): DEX prep '/data/data/com.pekall.emdm.launcher/app_jars/sc-jdk15on-1.47.0.2.dex.jar': unzip in 65ms, rewrite 1342ms
05-20 18:01:39.033 D/EmailProvider( 9365): No accounts to restore...
05-20 18:01:39.033 D/EmailProvider( 9365): Deleting orphans...
05-20 18:01:39.041 D/EmailProvider( 9365): EmailProvider pre-caching...
05-20 18:01:39.056 D/EmailProvider( 9365): EmailProvider ready.
05-20 18:01:39.119 D/dalvikvm( 9365): GC_CONCURRENT freed 1141K, 7% free 18028K/19208K, paused 2ms+4ms, total 37ms
05-20 18:01:39.119 D/dalvikvm( 9365): WAIT_FOR_CONCURRENT_GC blocked 12ms
05-20 18:01:39.127 D/dalvikvm( 9365): WAIT_FOR_CONCURRENT_GC blocked 17ms
05-20 18:01:39.135 I/Email   ( 9365): Notifications being toggled: false
05-20 18:01:39.135 W/ActivityManager(  374): Unable to start service Intent { cmp=com.pekall.emdm.launcher/com.pekall.semail.service.AttachmentDownloadService } U=0: not found
05-20 18:01:39.361 V/MyServiceConnection( 9365): [SConnection] retry to bind service
05-20 18:01:39.369 V/MyServiceConnection( 9365): [SConnection] sandbox service is NOT installed.
05-20 18:01:39.369 V/MyServiceConnection( 9365): [SConnection] binding service: pekall.intent.action.SANDBOX_SERVICE
05-20 18:01:39.385 D/MdmService( 9365): [null:-1]->create mdm service
05-20 18:01:39.392 D/AssistantPhoneService( 9365): [---null: -1---]onCreate====================
05-20 18:01:39.408 I/Email   ( 9365): Notifications being toggled: false
05-20 18:01:39.408 V/MyServiceConnection( 9365): [SConnection] retry to bind service
05-20 18:01:39.408 V/MyServiceConnection( 9365): [SConnection] sandbox service is NOT installed.
05-20 18:01:39.408 V/MyServiceConnection( 9365): [SConnection] binding service: pekall.intent.action.SANDBOX_SERVICE
05-20 18:01:39.408 D/LauncherApplication( 9365): [null:-1]->onActivityPaused
05-20 18:01:39.408 W/ActivityManager(  374): Unable to start service Intent { cmp=com.pekall.emdm.launcher/com.pekall.semail.service.AttachmentDownloadService } U=0: not found
05-20 18:01:39.416 D/ExchangeService( 9365): !!! EAS ExchangeService, onCreate
05-20 18:01:39.416 D/LauncherApplication( 9365): [null:-1]->onActivityPaused  updateTime
05-20 18:01:39.416 W/Parcel  ( 1661): Attempt to read object from Parcel 0x6013bdac at offset 200 that is not in the object list
05-20 18:01:39.424 I/Choreographer( 9365): Skipped 39 frames!  The application may be doing too much work on its main thread.
05-20 18:01:39.439 D/libEGL  ( 9365): loaded /vendor/lib/egl/libEGL_POWERVR_SGX540_120.so
05-20 18:01:39.447 D/libEGL  ( 9365): loaded /vendor/lib/egl/libGLESv1_CM_POWERVR_SGX540_120.so
05-20 18:01:39.447 D/libEGL  ( 9365): loaded /vendor/lib/egl/libGLESv2_POWERVR_SGX540_120.so
05-20 18:01:39.502 D/OpenGLRenderer( 9365): Enabling debug mode 0
05-20 18:01:39.502 D/HomeLoaders( 9365):   ----> onDesktopItemsLoaded()
05-20 18:01:39.502 D/Launcher( 9365): ------> binding 11 items
05-20 18:01:39.502 D/Launcher( 9365): ------> binding 0 widgets
05-20 18:01:39.502 D/Launcher( 9365): ------> start binding items
05-20 18:01:39.502 D/HomeLoaders( 9365):   ----> cleared application list
05-20 18:01:39.572 V/LauncherApplication( 9365): onActivityStarted
05-20 18:01:39.572 D/        ( 9365): [---null: -1---]     awsa  onActivityResumed
05-20 18:01:39.572 V/LauncherApplication( 9365): 2MdmConstant.LAST_LAUNCH_TIME = 1400580099425
05-20 18:01:39.580 D/        ( 9365): [---null: -1---]  activity = com.pekall.emdm.ui.SplashActivity
05-20 18:01:39.596 V/MyServiceConnection( 9365): [SConnection] onServiceConnected, comp: com.pekall.sandbox.service.SandboxService
05-20 18:01:39.596 D/AuthenticationManager( 9365): [9365] binder package: com.pekall.emdm.launcher
05-20 18:01:39.885 D/dalvikvm( 9365): JIT unchain all for threadid=11
05-20 18:01:39.908 D/AuthenticationManager( 9365): [9365] not authorized.
05-20 18:01:39.916 D/MdmService( 9365): [null:-1]->receiver action :android.net.conn.CONNECTIVITY_CHANGE
05-20 18:01:39.924 D/AssistantPhoneService( 9365): [---null: -1---]currentCall====================1400580099925
05-20 18:01:39.924 D/Assistant( 9365): [---null: -1---]  call dataChange
05-20 18:01:40.181 D/dalvikvm( 9365): JIT unchain all for threadid=11
05-20 18:01:40.189 V/l       ( 9365): Connected: com.pekall.exchange.ExchangeService
05-20 18:01:40.205 V/l       ( 9365): Connected: com.pekall.exchange.ExchangeService
05-20 18:01:40.205 W/InteractionController( 9280): runAndwaitForEvent timedout waiting for events
05-20 18:01:40.213 D/dalvikvm( 9365): GC_CONCURRENT freed 1662K, 9% free 19358K/21052K, paused 256ms+256ms, total 576ms
05-20 18:01:40.213 D/SConnection( 9365): classname is com.pekall.emdm.messagecenter.controller.MessageCenterService
05-20 18:01:40.213 D/ExchangeService( 9365): !!! EAS ExchangeService, onStartCommand, startingUp = false, running = false
05-20 18:01:40.213 D/ExchangeService( 9365): to start secureStorageService now
05-20 18:01:40.213 I/Choreographer( 9365): Skipped 41 frames!  The application may be doing too much work on its main thread.
05-20 18:01:40.213 V/l       ( 9365): Task setLogging completed; disconnecting
05-20 18:01:40.228 V/l       ( 9365): Task setLogging completed; disconnecting
05-20 18:01:40.244 V/a       ( 9365): Bind requested for task test
05-20 18:01:40.275 V/a       ( 9365): Bind requested for task getDeviceId
05-20 18:01:40.291 V/a       ( 9365): Waiting for task getDeviceId to complete...
05-20 18:01:40.377 D/MDM :   ( 9365): [null:-1]->  iconWidth 104
05-20 18:01:40.377 D/MDM :   ( 9365): [null:-1]->  iconHeight 104
05-20 18:01:40.385 D/MDM :   ( 9365): [null:-1]->  107 104
05-20 18:01:40.385 D/MDM :   ( 9365): [null:-1]->width 104
05-20 18:01:40.385 D/MDM :   ( 9365): [null:-1]->height 104
05-20 18:01:40.385 D/MDM :   ( 9365): [null:-1]->scale 1.0
05-20 18:01:40.385 D/MDM :   ( 9365): [null:-1]->tint false
05-20 18:01:40.385 D/MDM :   ( 9365): [null:-1]->width 104
05-20 18:01:40.385 D/MDM :   ( 9365): [null:-1]->height 104
05-20 18:01:40.385 D/MDM :   ( 9365): [null:-1]->scale 1.0
05-20 18:01:40.385 D/MDM :   ( 9365): [null:-1]->tint false
05-20 18:01:40.392 D/MDM :   ( 9365): [null:-1]->  iconWidth 104
05-20 18:01:40.392 D/MDM :   ( 9365): [null:-1]->  iconHeight 104
05-20 18:01:40.392 D/MDM :   ( 9365): [null:-1]->  107 104
05-20 18:01:40.392 D/MDM :   ( 9365): [null:-1]->width 104
05-20 18:01:40.392 D/MDM :   ( 9365): [null:-1]->height 104
05-20 18:01:40.392 D/MDM :   ( 9365): [null:-1]->scale 1.0
05-20 18:01:40.392 D/MDM :   ( 9365): [null:-1]->tint false
05-20 18:01:40.392 D/MDM :   ( 9365): [null:-1]->width 104
05-20 18:01:40.392 D/MDM :   ( 9365): [null:-1]->height 104
05-20 18:01:40.392 D/MDM :   ( 9365): [null:-1]->scale 1.0
05-20 18:01:40.392 D/MDM :   ( 9365): [null:-1]->tint false
05-20 18:01:40.400 D/MDM :   ( 9365): [null:-1]->width 104
05-20 18:01:40.400 D/MDM :   ( 9365): [null:-1]->height 104
05-20 18:01:40.400 D/MDM :   ( 9365): [null:-1]->scale 1.0
05-20 18:01:40.400 D/MDM :   ( 9365): [null:-1]->tint false
05-20 18:01:40.400 D/MDM :   ( 9365): [null:-1]->  iconWidth 104
05-20 18:01:40.400 D/MDM :   ( 9365): [null:-1]->  iconHeight 104
05-20 18:01:40.400 D/MDM :   ( 9365): [null:-1]->  107 104
05-20 18:01:40.408 D/MDM :   ( 9365): [null:-1]->width 104
05-20 18:01:40.408 D/MDM :   ( 9365): [null:-1]->height 104
05-20 18:01:40.408 D/MDM :   ( 9365): [null:-1]->scale 1.0
05-20 18:01:40.408 D/MDM :   ( 9365): [null:-1]->tint false
05-20 18:01:40.408 D/MDM :   ( 9365): [null:-1]->width 104
05-20 18:01:40.408 D/MDM :   ( 9365): [null:-1]->height 104
05-20 18:01:40.408 D/MDM :   ( 9365): [null:-1]->scale 1.0
05-20 18:01:40.408 D/MDM :   ( 9365): [null:-1]->tint false
05-20 18:01:40.416 D/MDM :   ( 9365): [null:-1]->width 104
05-20 18:01:40.416 D/MDM :   ( 9365): [null:-1]->height 104
05-20 18:01:40.416 D/MDM :   ( 9365): [null:-1]->scale 1.0
05-20 18:01:40.416 D/MDM :   ( 9365): [null:-1]->tint false
05-20 18:01:40.424 D/MDM :   ( 9365): [null:-1]->  iconWidth 104
05-20 18:01:40.424 D/MDM :   ( 9365): [null:-1]->  iconHeight 104
05-20 18:01:40.424 D/MDM :   ( 9365): [null:-1]->  107 104
05-20 18:01:40.424 D/        ( 9365): [---null: -1---]  xxd111  getPackageName  com.pekall.emdm.launcher
05-20 18:01:40.424 D/        ( 9365): [---null: -1---]  xxd111  getClassName  com.pekall.emdm.document.activity.DocMainActivity
05-20 18:01:40.424 D/        ( 9365): [---null: -1---]  xxd111  info.title  Document Manager ,count is 0
05-20 18:01:40.431 D/MDM :   ( 9365): [null:-1]->  iconWidth 104
05-20 18:01:40.431 D/MDM :   ( 9365): [null:-1]->  iconHeight 104
05-20 18:01:40.431 D/MDM :   ( 9365): [null:-1]->  107 104
05-20 18:01:40.431 D/        ( 9365): [---null: -1---]  xxd111  getPackageName  com.pekall.emdm.launcher
05-20 18:01:40.431 D/        ( 9365): [---null: -1---]  xxd111  getClassName  com.pekall.emdm.launcher.ui.BackPersonalActivity
05-20 18:01:40.439 D/        ( 9365): [---null: -1---]  xxd111  info.title  Personal Mode ,count is 0
05-20 18:01:40.439 D/MDM :   ( 9365): [null:-1]->  iconWidth 104
05-20 18:01:40.439 D/MDM :   ( 9365): [null:-1]->  iconHeight 104
05-20 18:01:40.439 D/MDM :   ( 9365): [null:-1]->  107 104
05-20 18:01:40.439 D/        ( 9365): [---null: -1---]  xxd111  getPackageName  com.pekall.emdm.launcher
05-20 18:01:40.439 D/        ( 9365): [---null: -1---]  xxd111  getClassName  com.pekall.semail.activity.Welcome
05-20 18:01:40.447 D/        ( 9365): [---null: -1---]  xxd111  info.title  Email ,count is 0
05-20 18:01:40.611 I/ActivityManager(  374): Displayed com.pekall.emdm.launcher/com.pekall.emdm.ui.SplashActivity: +1s717ms (total +3s186ms)
05-20 18:01:40.611 I/ActivityManager(  374): Displayed com.pekall.emdm.launcher/.Launcher: +3s186ms
05-20 18:01:40.611 D/MDM :   ( 9365): [null:-1]->  iconWidth 104
05-20 18:01:40.611 D/MDM :   ( 9365): [null:-1]->  iconHeight 104
05-20 18:01:40.611 D/MDM :   ( 9365): [null:-1]->  107 104
05-20 18:01:40.611 D/        ( 9365): [---null: -1---]  xxd111  getPackageName  com.pekall.emdm.launcher
05-20 18:01:40.611 D/        ( 9365): [---null: -1---]  xxd111  getClassName  com.pekall.emdm.contacts.activities.PeopleActivity
05-20 18:01:40.619 D/        ( 9365): [---null: -1---]  xxd111  info.title  EmdmContacts ,count is 0
05-20 18:01:40.619 D/MDM :   ( 9365): [null:-1]->  iconWidth 104
05-20 18:01:40.619 D/MDM :   ( 9365): [null:-1]->  iconHeight 104
05-20 18:01:40.619 D/MDM :   ( 9365): [null:-1]->  107 104
05-20 18:01:40.619 D/        ( 9365): [---null: -1---]  xxd111  getPackageName  com.pekall.emdm.launcher
05-20 18:01:40.619 D/        ( 9365): [---null: -1---]  xxd111  getClassName  com.pekall.emdm.browser.BrowserActivity
05-20 18:01:40.619 D/        ( 9365): [---null: -1---]  xxd111  info.title  Safe Browser ,count is 0
05-20 18:01:40.627 D/MDM :   ( 9365): [null:-1]->  iconWidth 104
05-20 18:01:40.627 D/MDM :   ( 9365): [null:-1]->  iconHeight 104
05-20 18:01:40.627 D/MDM :   ( 9365): [null:-1]->  107 104
05-20 18:01:40.627 D/        ( 9365): [---null: -1---]  xxd111  getPackageName  com.pekall.emdm.launcher
05-20 18:01:40.627 D/        ( 9365): [---null: -1---]  xxd111  getClassName  com.pekall.emdm.launcher.ui.AboutActivity
05-20 18:01:40.627 D/        ( 9365): [---null: -1---]  xxd111  info.title  About ,count is 0
05-20 18:01:40.627 D/MDM :   ( 9365): [null:-1]->  iconWidth 104
05-20 18:01:40.627 D/MDM :   ( 9365): [null:-1]->  iconHeight 104
05-20 18:01:40.627 D/MDM :   ( 9365): [null:-1]->  107 104
05-20 18:01:40.635 D/        ( 9365): [---null: -1---]  xxd111  getPackageName  com.pekall.emdm.launcher
05-20 18:01:40.635 D/        ( 9365): [---null: -1---]  xxd111  getClassName  com.pekall.emdm.launcher.ui.SettingActivity
05-20 18:01:40.635 D/        ( 9365): [---null: -1---]  xxd111  info.title  Setting ,count is 0
05-20 18:01:40.916 D/dalvikvm( 9365): JIT unchain all for threadid=11
05-20 18:01:40.947 D/dalvikvm( 9365): GC_FOR_ALLOC freed 1701K, 12% free 19648K/22224K, paused 277ms, total 280ms
05-20 18:01:40.963 I/dalvikvm-heap( 9365): Grow heap (frag case) to 22.481MB for 3415696-byte allocation
05-20 18:01:41.213 D/dalvikvm( 9365): JIT unchain all for threadid=11
05-20 18:01:41.252 D/dalvikvm( 9365): GC_FOR_ALLOC freed 2K, 11% free 22981K/25560K, paused 289ms, total 289ms
05-20 18:01:41.252 W/CursorWrapperInner( 9365): Cursor finalized without prior close()
05-20 18:01:41.322 V/a       ( 9365): Connected: com.pekall.semail.service.AccountServiceInternal
05-20 18:01:41.322 V/a       ( 9365): Connected: com.pekall.semail.service.AccountServiceInternal
05-20 18:01:41.322 W/Parcel  ( 1661): Attempt to read object from Parcel 0x5ef3bdac at offset 200 that is not in the object list
05-20 18:01:41.322 V/a       ( 9365): Task getDeviceId completed; disconnecting
05-20 18:01:41.322 V/a       ( 9365): Wait for getDeviceId finished in 1032ms
05-20 18:01:41.322 D/ExchangeService( 9365): Received deviceId from Email app: androidc2130646576
05-20 18:01:41.322 D/ExchangeService( 9365): Reconciling accounts...
05-20 18:01:41.322 V/a       ( 9365): Bind requested for task reconcileAccounts
05-20 18:01:41.322 V/a       ( 9365): Waiting for task reconcileAccounts to complete...
05-20 18:01:41.330 W/Parcel  ( 1661): Attempt to read object from Parcel 0x6013bdac at offset 200 that is not in the object list
05-20 18:01:41.330 V/l       ( 9365): Bind requested for task setLogging
05-20 18:01:41.330 V/a       ( 9365): Connection test succeeded in 1103ms
05-20 18:01:41.330 I/ActivityManager(  374): START u0 {cmp=com.pekall.emdm.launcher/com.pekall.emdm.ui.AdvActivity} from pid 9365
05-20 18:01:41.431 D/dalvikvm(  374): GC_FOR_ALLOC freed 1789K, 25% free 21454K/28456K, paused 66ms, total 66ms
05-20 18:01:41.431 V/a       ( 9365): Task test completed; disconnecting
05-20 18:01:41.463 D/MDM :   ( 9365): [null:-1]->  iconWidth 104
05-20 18:01:41.463 D/MDM :   ( 9365): [null:-1]->  iconHeight 104
05-20 18:01:41.463 D/MDM :   ( 9365): [null:-1]->  107 104
05-20 18:01:41.463 D/MDM :   ( 9365): [null:-1]->  iconWidth 104
05-20 18:01:41.463 D/MDM :   ( 9365): [null:-1]->  iconHeight 104
05-20 18:01:41.471 D/MDM :   ( 9365): [null:-1]->  107 104
05-20 18:01:41.471 D/MDM :   ( 9365): [null:-1]->  iconWidth 104
05-20 18:01:41.471 D/MDM :   ( 9365): [null:-1]->  iconHeight 104
05-20 18:01:41.471 D/MDM :   ( 9365): [null:-1]->  107 104
05-20 18:01:41.478 D/MDM :   ( 9365): [null:-1]->  iconWidth 104
05-20 18:01:41.478 D/MDM :   ( 9365): [null:-1]->  iconHeight 104
05-20 18:01:41.478 D/MDM :   ( 9365): [null:-1]->  107 104
05-20 18:01:41.478 D/MDM :   ( 9365): [null:-1]->  iconWidth 104
05-20 18:01:41.478 D/MDM :   ( 9365): [null:-1]->  iconHeight 104
05-20 18:01:41.478 D/MDM :   ( 9365): [null:-1]->  107 104
05-20 18:01:41.486 D/MDM :   ( 9365): [null:-1]->  iconWidth 104
05-20 18:01:41.486 D/MDM :   ( 9365): [null:-1]->  iconHeight 104
05-20 18:01:41.486 D/MDM :   ( 9365): [null:-1]->  107 104
05-20 18:01:41.486 D/MDM :   ( 9365): [null:-1]->  iconWidth 104
05-20 18:01:41.486 D/MDM :   ( 9365): [null:-1]->  iconHeight 104
05-20 18:01:41.486 D/MDM :   ( 9365): [null:-1]->  107 104
05-20 18:01:41.494 D/MDM :   ( 9365): [null:-1]->  iconWidth 104
05-20 18:01:41.494 D/MDM :   ( 9365): [null:-1]->  iconHeight 104
05-20 18:01:41.494 D/MDM :   ( 9365): [null:-1]->  107 104
05-20 18:01:41.494 D/MDM :   ( 9365): [null:-1]->  iconWidth 104
05-20 18:01:41.494 D/MDM :   ( 9365): [null:-1]->  iconHeight 104
05-20 18:01:41.494 D/MDM :   ( 9365): [null:-1]->  107 104
05-20 18:01:41.494 D/MDM :   ( 9365): [null:-1]->  iconWidth 104
05-20 18:01:41.494 D/MDM :   ( 9365): [null:-1]->  iconHeight 104
05-20 18:01:41.494 D/MDM :   ( 9365): [null:-1]->  107 104
05-20 18:01:41.502 D/ExchangeService( 9365): !!! EAS ExchangeService, onStartCommand, startingUp = true, running = false
05-20 18:01:41.502 V/a       ( 9365): Connected: com.pekall.semail.service.AccountServiceInternal
05-20 18:01:41.502 D/LauncherApplication( 9365): [null:-1]->onActivityPaused
05-20 18:01:41.510 V/l       ( 9365): Connected: com.pekall.exchange.ExchangeService
05-20 18:01:41.517 V/a       ( 9365): Task reconcileAccounts completed; disconnecting
05-20 18:01:41.525 V/a       ( 9365): Wait for reconcileAccounts finished in 198ms
05-20 18:01:41.525 V/l       ( 9365): Task setLogging completed; disconnecting
05-20 18:01:41.541 D/ExchangeService( 9365): !!! EAS ExchangeService, stopping self
05-20 18:01:41.549 V/LauncherApplication( 9365): onActivityStarted
05-20 18:01:41.549 D/        ( 9365): [---null: -1---]     awsa  onActivityResumed
05-20 18:01:41.549 V/LauncherApplication( 9365): 2MdmConstant.LAST_LAUNCH_TIME = 1400580099425
05-20 18:01:41.556 D/        ( 9365): [---null: -1---]  activity = com.pekall.emdm.ui.AdvActivity
05-20 18:01:41.564 D/ExchangeService( 9365): !!! EAS ExchangeService, onDestroy
05-20 18:01:41.916 D/dalvikvm( 9365): JIT unchain all for threadid=11
05-20 18:01:41.955 D/dalvikvm( 9365): GC_FOR_ALLOC freed 686K, 10% free 25139K/27640K, paused 287ms, total 287ms
05-20 18:01:42.338 I/ActivityManager(  374): Displayed com.pekall.emdm.launcher/com.pekall.emdm.ui.AdvActivity: +828ms
05-20 18:01:43.213 I/QueryController( 9280): Matched selector: UiSelector[PACKAGE NAME=com.pekall.emdm.launcher] <<==>> [android.view.accessibility.AccessibilityNodeInfo@80b5; boundsInParent: Rect(0, 0 - 720, 1184); boundsInScreen: Rect(0, 0 - 720, 1184); packageName: com.pekall.emdm.launcher; className: android.widget.FrameLayout; text: null; contentDescription: null; viewIdResName: null; checkable: false; checked: false; focusable: false; focused: false; selected: false; clickable: false; longClickable: false; enabled: true; password: false; scrollable: false; [ACTION_SELECT, ACTION_CLEAR_SELECTION, ACTION_ACCESSIBILITY_FOCUS]]
05-20 18:01:43.994 D/dalvikvm( 9365): JIT unchain all for threadid=11
05-20 18:01:44.017 D/dalvikvm( 9365): GC_FOR_ALLOC freed 37K, 9% free 27232K/29720K, paused 273ms, total 273ms
05-20 18:01:45.033 D/dalvikvm( 9365): JIT unchain all for threadid=11
05-20 18:01:45.056 D/dalvikvm( 9365): GC_FOR_ALLOC freed 737K, 11% free 28582K/31800K, paused 274ms, total 277ms
05-20 18:01:46.392 I/QueryController( 9280): Matched selector: UiSelector[TEXT=Start] <<==>> [android.view.accessibility.AccessibilityNodeInfo@b543; boundsInParent: Rect(0, 0 - 400, 96); boundsInScreen: Rect(160, 997 - 560, 1093); packageName: com.pekall.emdm.launcher; className: android.widget.Button; text: Start; contentDescription: null; viewIdResName: com.pekall.emdm.launcher:id/start; checkable: false; checked: false; focusable: true; focused: false; selected: false; clickable: true; longClickable: false; enabled: true; password: false; scrollable: false; [ACTION_FOCUS, ACTION_SELECT, ACTION_CLEAR_SELECTION, ACTION_CLICK, ACTION_ACCESSIBILITY_FOCUS, ACTION_NEXT_AT_MOVEMENT_GRANULARITY, ACTION_PREVIOUS_AT_MOVEMENT_GRANULARITY, ACTION_SET_SELECTION]]
05-20 18:01:46.408 I/QueryController( 9280): Matched selector: UiSelector[TEXT=Start, CLASS=android.widget.Button] <<==>> [android.view.accessibility.AccessibilityNodeInfo@b543; boundsInParent: Rect(0, 0 - 400, 96); boundsInScreen: Rect(160, 997 - 560, 1093); packageName: com.pekall.emdm.launcher; className: android.widget.Button; text: Start; contentDescription: null; viewIdResName: com.pekall.emdm.launcher:id/start; checkable: false; checked: false; focusable: true; focused: false; selected: false; clickable: true; longClickable: false; enabled: true; password: false; scrollable: false; [ACTION_FOCUS, ACTION_SELECT, ACTION_CLEAR_SELECTION, ACTION_CLICK, ACTION_ACCESSIBILITY_FOCUS, ACTION_NEXT_AT_MOVEMENT_GRANULARITY, ACTION_PREVIOUS_AT_MOVEMENT_GRANULARITY, ACTION_SET_SELECTION]]
05-20 18:01:46.416 I/QueryController( 9280): Matched selector: UiSelector[TEXT=Start, CLASS=android.widget.Button] <<==>> [android.view.accessibility.AccessibilityNodeInfo@b543; boundsInParent: Rect(0, 0 - 400, 96); boundsInScreen: Rect(160, 997 - 560, 1093); packageName: com.pekall.emdm.launcher; className: android.widget.Button; text: Start; contentDescription: null; viewIdResName: com.pekall.emdm.launcher:id/start; checkable: false; checked: false; focusable: true; focused: false; selected: false; clickable: true; longClickable: false; enabled: true; password: false; scrollable: false; [ACTION_FOCUS, ACTION_SELECT, ACTION_CLEAR_SELECTION, ACTION_CLICK, ACTION_ACCESSIBILITY_FOCUS, ACTION_NEXT_AT_MOVEMENT_GRANULARITY, ACTION_PREVIOUS_AT_MOVEMENT_GRANULARITY, ACTION_SET_SELECTION]]
05-20 18:01:46.416 D/InteractionController( 9280): clickAndWaitForNewWindow(360, 1045)
05-20 18:01:46.525 W/Parcel  ( 1661): Attempt to read object from Parcel 0x5dfd3dac at offset 200 that is not in the object list
05-20 18:01:46.525 I/ActivityManager(  374): START u0 {cmp=com.pekall.emdm.launcher/com.pekall.emdm.ui.ActiveDeviceAdminActivity} from pid 9365
05-20 18:01:46.572 D/LauncherApplication( 9365): [null:-1]->onActivityPaused
05-20 18:01:46.619 V/LauncherApplication( 9365): onActivityStarted
05-20 18:01:46.619 D/        ( 9365): [---null: -1---]     awsa  onActivityResumed
05-20 18:01:46.619 V/LauncherApplication( 9365): 2MdmConstant.LAST_LAUNCH_TIME = 1400580099425
05-20 18:01:46.635 D/        ( 9365): [---null: -1---]  activity = com.pekall.emdm.ui.ActiveDeviceAdminActivity
05-20 18:01:46.728 I/ActivityManager(  374): Displayed com.pekall.emdm.launcher/com.pekall.emdm.ui.ActiveDeviceAdminActivity: +152ms
05-20 18:01:47.111 V/WiseDownloadConditionControler( 8480): checkCondition  type : WISE_DOWNLOAD  inerrupting: true
05-20 18:01:47.158 D/dalvikvm( 9242): GC_CONCURRENT freed 205K, 3% free 9827K/10112K, paused 2ms+8ms, total 39ms
05-20 18:01:47.283 I/QueryController( 9280): Matched selector: UiSelector[TEXT=Active, CLASS=android.widget.Button] <<==>> [android.view.accessibility.AccessibilityNodeInfo@cbca; boundsInParent: Rect(0, 0 - 660, 79); boundsInScreen: Rect(30, 502 - 690, 581); packageName: com.pekall.emdm.launcher; className: android.widget.Button; text: Active; contentDescription: null; viewIdResName: com.pekall.emdm.launcher:id/active_device_admin_button; checkable: false; checked: false; focusable: true; focused: false; selected: false; clickable: true; longClickable: false; enabled: true; password: false; scrollable: false; [ACTION_FOCUS, ACTION_SELECT, ACTION_CLEAR_SELECTION, ACTION_CLICK, ACTION_ACCESSIBILITY_FOCUS, ACTION_NEXT_AT_MOVEMENT_GRANULARITY, ACTION_PREVIOUS_AT_MOVEMENT_GRANULARITY, ACTION_SET_SELECTION]]
05-20 18:01:47.314 I/QueryController( 9280): Matched selector: UiSelector[TEXT=Active, CLASS=android.widget.Button] <<==>> [android.view.accessibility.AccessibilityNodeInfo@cbca; boundsInParent: Rect(0, 0 - 660, 79); boundsInScreen: Rect(30, 502 - 690, 581); packageName: com.pekall.emdm.launcher; className: android.widget.Button; text: Active; contentDescription: null; viewIdResName: com.pekall.emdm.launcher:id/active_device_admin_button; checkable: false; checked: false; focusable: true; focused: false; selected: false; clickable: true; longClickable: false; enabled: true; password: false; scrollable: false; [ACTION_FOCUS, ACTION_SELECT, ACTION_CLEAR_SELECTION, ACTION_CLICK, ACTION_ACCESSIBILITY_FOCUS, ACTION_NEXT_AT_MOVEMENT_GRANULARITY, ACTION_PREVIOUS_AT_MOVEMENT_GRANULARITY, ACTION_SET_SELECTION]]
05-20 18:01:47.314 D/InteractionController( 9280): clickAndWaitForNewWindow(360, 541)
05-20 18:01:47.416 W/Parcel  ( 1661): Attempt to read object from Parcel 0x5ded3dac at offset 200 that is not in the object list
05-20 18:01:47.424 I/ActivityManager(  374): START u0 {act=android.app.action.ADD_DEVICE_ADMIN cmp=com.android.settings/.DeviceAdminAdd (has extras)} from pid 9365
05-20 18:01:47.517 D/dalvikvm(  374): GC_FOR_ALLOC freed 1349K, 24% free 21835K/28456K, paused 67ms, total 68ms
05-20 18:01:47.533 D/LauncherApplication( 9365): [null:-1]->onActivityPaused
05-20 18:01:47.596 I/dalvikvm( 8981): Jit: resizing JitTable from 8192 to 16384
05-20 18:01:47.744 I/ActivityManager(  374): Displayed com.android.settings/.DeviceAdminAdd: +208ms
05-20 18:01:47.963 D/dalvikvm( 2462): GC_FOR_ALLOC freed 364K, 8% free 9629K/10404K, paused 19ms, total 19ms
