05-20 17:42:11.377 W/ContextImpl( 8981): Calling a method in the system process without a qualified user: android.app.ContextImpl.bindService:1439 android.content.ContextWrapper.bindService:496 android.bluetooth.BluetoothPbap.<init>:161 com.android.settings.bluetooth.PbapServerProfile.<init>:68 com.android.settings.bluetooth.LocalBluetoothProfileManager.<init>:124 
05-20 17:42:11.572 D/WifiService(  374): setWifiEnabled: true pid=8981, uid=1000
05-20 17:42:15.017 I/ActivityManager(  374): START u0 {act=android.intent.action.MAIN cmp=com.android.settings/.SubSettings (has extras)} from pid 8981
05-20 17:42:16.525 I/ActivityManager(  374): START u0 {act=android.intent.action.MAIN cmp=com.android.settings/.SubSettings (has extras)} from pid 8981
05-20 17:42:19.439 W/ActivityManager(  374): Timeout executing service: ServiceRecord{42f34e08 u0 com.pekall.emdm.launcher/com.baidu.location.f}
05-20 17:42:22.213 I/ActivityManager(  374): START u0 {flg=0x2000000 cmp=com.android.settings/.ChooseLockPassword (has extras)} from pid 8981
05-20 17:42:24.025 E/ActivityManager(  374): ANR in com.pekall.emdm.launcher:remote
05-20 17:42:24.025 E/ActivityManager(  374): Reason: Executing service com.pekall.emdm.launcher/com.baidu.location.f
05-20 17:42:24.025 E/ActivityManager(  374): Load: 3.63 / 2.56 / 1.76
05-20 17:42:24.025 E/ActivityManager(  374): CPU usage from 3626ms to -4538ms ago:
05-20 17:42:24.025 E/ActivityManager(  374):   82% 8942/com.pekall.emdm.launcher:remote: 82% user + 0.1% kernel / faults: 169 minor
05-20 17:42:24.025 E/ActivityManager(  374):   77% 6748/com.pekall.emdm.launcher: 76% user + 0.2% kernel / faults: 146 minor
05-20 17:42:24.025 E/ActivityManager(  374):   18% 374/system_server: 13% user + 4.2% kernel / faults: 1752 minor 1 major
05-20 17:42:24.025 E/ActivityManager(  374):   8% 8981/com.android.settings: 5.6% user + 2.4% kernel / faults: 4835 minor 7 major
05-20 17:42:24.025 E/ActivityManager(  374):   3.6% 124/surfaceflinger: 1.1% user + 2.5% kernel / faults: 7454 minor
05-20 17:42:24.025 E/ActivityManager(  374):   3.6% 448/com.android.systemui: 3% user + 0.6% kernel / faults: 280 minor
05-20 17:42:24.025 E/ActivityManager(  374):   2.4% 127/mediaserver: 1.3% user + 1.1% kernel / faults: 2 minor
05-20 17:42:24.025 E/ActivityManager(  374):   0.1% 531/com.google.android.inputmethod.latin: 0% user + 0% kernel / faults: 1035 minor 5 major
05-20 17:42:24.025 E/ActivityManager(  374):   0.1% 561/com.android.phone: 0% user + 0.1% kernel / faults: 85 minor 1 major
05-20 17:42:24.025 E/ActivityManager(  374):   0.3% 6216/kworker/u:2: 0% user + 0.3% kernel
05-20 17:42:24.025 E/ActivityManager(  374):   0.3% 8651/kworker/u:0: 0% user + 0.3% kernel
05-20 17:42:24.025 E/ActivityManager(  374):   0.3% 8748/com.qihoo.appstore: 0.3% user + 0% kernel / faults: 44 minor
05-20 17:42:24.025 E/ActivityManager(  374):   0% 568/com.android.nfc: 0% user + 0% kernel / faults: 78 minor
05-20 17:42:24.025 E/ActivityManager(  374):   0.2% 2462/com.dragon.android.pandaspace: 0.1% user + 0.1% kernel / faults: 28 minor
05-20 17:42:24.025 E/ActivityManager(  374):   0.1% 95/ueventd: 0.1% user + 0% kernel
05-20 17:42:24.025 E/ActivityManager(  374):   0.1% 117/vold: 0.1% user + 0% kernel
05-20 17:42:24.025 E/ActivityManager(  374):   0.1% 1661/com.qihoo360.mobilesafe:GuardService: 0.1% user + 0% kernel / faults: 12 minor
05-20 17:42:24.025 E/ActivityManager(  374):   0.1% 8314/kworker/0:1: 0% user + 0.1% kernel
05-20 17:42:24.025 E/ActivityManager(  374):   0% 8599/com.dragon.android.pandaspace:bdservice_v1: 0% user + 0% kernel / faults: 141 minor
05-20 17:42:24.025 E/ActivityManager(  374):   0.1% 8746/kworker/u:3: 0% user + 0.1% kernel
05-20 17:42:24.025 E/ActivityManager(  374):   0.1% 8843/kworker/u:4: 0% user + 0.1% kernel
05-20 17:42:24.025 E/ActivityManager(  374): 100% TOTAL: 93% user + 6.4% kernel + 0% iowait
05-20 17:42:24.025 E/ActivityManager(  374): CPU usage from 3642ms to 4190ms later:
05-20 17:42:24.025 E/ActivityManager(  374):   57% 8942/com.pekall.emdm.launcher:remote: 57% user + 0% kernel
05-20 17:42:24.025 E/ActivityManager(  374):     59% 8956/Thread-1947: 59% user + 0% kernel
05-20 17:42:24.025 E/ActivityManager(  374):   42% 6748/com.pekall.emdm.launcher: 42% user + 0% kernel
05-20 17:42:24.025 E/ActivityManager(  374):     42% 6761/Thread-1830: 42% user + 0% kernel
05-20 17:42:24.025 E/ActivityManager(  374):   27% 374/system_server: 20% user + 7.2% kernel / faults: 512 minor 1 major
05-20 17:42:24.025 E/ActivityManager(  374):     7.2% 389/WindowManager: 7.2% user + 0% kernel
05-20 17:42:24.025 E/ActivityManager(  374):     3.6% 390/ActivityManager: 1.8% user + 1.8% kernel
05-20 17:42:24.025 E/ActivityManager(  374):     1.8% 374/system_server: 0% user + 1.8% kernel
05-20 17:42:24.025 E/ActivityManager(  374):     1.8% 380/Compiler: 0% user + 1.8% kernel
05-20 17:42:24.025 E/ActivityManager(  374):     1.8% 385/Binder_2: 1.8% user + 0% kernel
05-20 17:42:24.025 E/ActivityManager(  374):     1.8% 387/er.ServerThread: 0% user + 1.8% kernel
05-20 17:42:24.025 E/ActivityManager(  374):     1.8% 619/Binder_8: 1.8% user + 0% kernel
05-20 17:42:24.025 E/ActivityManager(  374):     1.8% 625/Binder_9: 1.8% user + 0% kernel
05-20 17:42:24.025 E/ActivityManager(  374):     1.8% 701/Binder_C: 1.8% user + 0% kernel
05-20 17:42:24.025 E/ActivityManager(  374):     1.8% 1318/Binder_D: 1.8% user + 0% kernel
05-20 17:42:24.025 E/ActivityManager(  374):     1.8% 3449/Binder_F: 1.8% user + 0% kernel
05-20 17:42:24.025 E/ActivityManager(  374):   21% 8981/com.android.settings: 7.2% user + 14% kernel / faults: 2073 minor
05-20 17:42:24.025 E/ActivityManager(  374):     20% 8981/ndroid.settings: 9% user + 10% kernel
05-20 17:42:24.025 E/ActivityManager(  374):     1.8% 8987/Compiler: 0% user + 1.8% kernel
05-20 17:42:24.025 E/ActivityManager(  374):   18% 124/surfaceflinger: 7.4% user + 11% kernel / faults: 4015 minor
05-20 17:42:24.025 E/ActivityManager(  374):     7.4% 151/SurfaceFlinger: 3.7% user + 3.7% kernel
05-20 17:42:24.025 E/ActivityManager(  374):     3.7% 693/Binder_4: 1.8% user + 1.8% kernel
05-20 17:42:24.025 E/ActivityManager(  374):     1.8% 124/Binder_2: 0% user + 1.8% kernel
05-20 17:42:24.025 E/ActivityManager(  374):     1.8% 170/Binder_1: 1.8% user + 0% kernel
05-20 17:42:24.025 E/ActivityManager(  374):     1.8% 263/Binder_3: 0% user + 1.8% kernel
05-20 17:42:24.025 E/ActivityManager(  374):     1.8% 805/Binder_5: 0% user + 1.8% kernel
05-20 17:42:24.025 E/ActivityManager(  374):   9% 448/com.android.systemui: 5.4% user + 3.6% kernel / faults: 207 minor
05-20 17:42:24.025 E/ActivityManager(  374):     9% 448/ndroid.systemui: 7.2% user + 1.8% kernel
05-20 17:42:24.025 E/ActivityManager(  374):   4.9% 531/com.google.android.inputmethod.latin: 2.9% user + 1.9% kernel / faults: 806 minor 5 major
05-20 17:42:24.025 E/ActivityManager(  374):     3.9% 531/putmethod.latin: 1.9% user + 1.9% kernel
05-20 17:42:24.025 E/ActivityManager(  374):   5.5% 127/mediaserver: 3.7% user + 1.8% kernel
05-20 17:42:24.025 E/ActivityManager(  374):     1.8% 206/FastMixer: 1.8% user + 0% kernel
05-20 17:42:24.025 E/ActivityManager(  374):     1.8% 395/AudioOut_2: 0% user + 1.8% kernel
05-20 17:42:24.025 E/ActivityManager(  374):   0.9% 95/ueventd: 0.9% user + 0% kernel
05-20 17:42:24.025 E/ActivityManager(  374):   1.1% 6216/kworker/u:2: 0% user + 1.1% kernel
05-20 17:42:24.025 E/ActivityManager(  374):   1.1% 8314/kworker/0:1: 0% user + 1.1% kernel
05-20 17:42:24.025 E/ActivityManager(  374):   1.2% 8746/kworker/u:3: 0% user + 1.2% kernel
05-20 17:42:24.025 E/ActivityManager(  374): 100% TOTAL: 78% user + 21% kernel
05-20 17:42:24.033 W/ActivityManager(  374): Killing ProcessRecord{429198f0 8942:com.pekall.emdm.launcher:remote/u0a10066}: background ANR
05-20 17:42:24.103 I/ActivityManager(  374): Process com.pekall.emdm.launcher:remote (pid 8942) has died.
05-20 17:42:24.111 W/ActivityManager(  374): Scheduling restart of crashed service com.pekall.emdm.launcher/com.baidu.location.f in 80000ms
05-20 17:42:30.166 W/MountService(  374): getVolumeState(/storage/emulated/0/external_sd): Unknown volume
05-20 17:42:30.166 W/MountService(  374): getVolumeState(/mnt/sdcard-ext): Unknown volume
05-20 17:42:30.166 W/MountService(  374): getVolumeState(/mnt/ext_sdcard): Unknown volume
05-20 17:42:30.166 W/MountService(  374): getVolumeState(/mnt/sdcard2): Unknown volume
05-20 17:42:30.166 W/MountService(  374): getVolumeState(/mnt/emmc): Unknown volume
05-20 17:42:30.166 W/MountService(  374): getVolumeState(/mnt/extSdCard): Unknown volume
05-20 17:42:30.166 W/MountService(  374): getVolumeState(/mnt/sdcard/SD_CARD): Unknown volume
05-20 17:42:30.166 W/MountService(  374): getVolumeState(/mnt/sdcard/extra_sd): Unknown volume
05-20 17:42:30.166 W/MountService(  374): getVolumeState(/mnt/extrasd_bind): Unknown volume
05-20 17:42:30.166 W/MountService(  374): getVolumeState(/mnt/sdcard/ext_sd): Unknown volume
05-20 17:42:30.166 W/MountService(  374): getVolumeState(/storage/extSdCard): Unknown volume
05-20 17:42:30.174 W/MountService(  374): getVolumeState(/storage/sdcard1): Unknown volume
05-20 17:42:30.174 W/MountService(  374): getVolumeState(/mnt/sdcard/external_SD): Unknown volume
05-20 17:42:30.174 W/MountService(  374): getVolumeState(/mnt/sdcard/external_sd): Unknown volume
05-20 17:42:30.431 W/MountService(  374): getVolumeState(/storage/emulated/0/external_sd): Unknown volume
05-20 17:42:30.431 W/MountService(  374): getVolumeState(/mnt/sdcard-ext): Unknown volume
05-20 17:42:30.431 W/MountService(  374): getVolumeState(/mnt/ext_sdcard): Unknown volume
05-20 17:42:30.439 W/MountService(  374): getVolumeState(/mnt/sdcard2): Unknown volume
05-20 17:42:30.439 W/MountService(  374): getVolumeState(/mnt/emmc): Unknown volume
05-20 17:42:30.439 W/MountService(  374): getVolumeState(/mnt/extSdCard): Unknown volume
05-20 17:42:30.439 W/MountService(  374): getVolumeState(/mnt/sdcard/SD_CARD): Unknown volume
05-20 17:42:30.439 W/MountService(  374): getVolumeState(/mnt/sdcard/extra_sd): Unknown volume
05-20 17:42:30.439 W/MountService(  374): getVolumeState(/mnt/extrasd_bind): Unknown volume
05-20 17:42:30.439 W/MountService(  374): getVolumeState(/mnt/sdcard/ext_sd): Unknown volume
05-20 17:42:30.439 W/MountService(  374): getVolumeState(/storage/extSdCard): Unknown volume
05-20 17:42:30.439 W/MountService(  374): getVolumeState(/storage/sdcard1): Unknown volume
05-20 17:42:30.439 W/MountService(  374): getVolumeState(/mnt/sdcard/external_SD): Unknown volume
05-20 17:42:30.439 W/MountService(  374): getVolumeState(/mnt/sdcard/external_sd): Unknown volume
05-20 17:42:40.072 I/ActivityManager(  374): START u0 {act=android.intent.action.MAIN cat=[android.intent.category.HOME] flg=0x10200000 cmp=com.pekall.emdm.launcher/.Launcher} from pid 374
05-20 17:42:40.197 I/ActivityManager(  374): START u0 {flg=0x10000000 cmp=com.pekall.emdm.launcher/.ui.BackPersonalActivity} from pid 6748
05-20 17:42:40.705 W/ActivityManager(  374): Activity pause timeout for ActivityRecord{422743b8 u0 com.pekall.emdm.launcher/.Launcher}
05-20 17:42:40.775 I/ActivityManager(  374): START u0 {act=android.intent.action.VIEW flg=0x10200000 cmp=com.android.launcher/com.android.launcher2.Launcher} from pid 6748
05-20 17:42:42.533 I/PowerManagerService(  374): Going to sleep by user request...
05-20 17:42:43.486 D/PhoneStatusBar(  448): disable: < EXPAND* icons alerts TICKER* system_info back home RECENT* clock SEARCH* >
05-20 17:42:43.666 D/PhoneStatusBar(  448): disable: < EXPAND icons alerts TICKER system_info BACK* HOME* RECENT CLOCK* SEARCH >
05-20 17:42:43.869 I/PowerManagerService(  374): Waking up from sleep...
05-20 17:42:44.025 I/WindowManager(  374): Lock screen displayed!
05-20 17:42:51.791 D/PhoneStatusBar(  448): disable: < expand* icons alerts ticker* system_info BACK HOME recent* CLOCK search* >
05-20 17:42:51.900 D/PhoneStatusBar(  448): disable: < expand icons alerts ticker system_info back* home* recent clock* search >
05-20 17:42:56.267 I/ActivityManager(  374): START u0 {act=android.intent.action.MAIN cat=[android.intent.category.LAUNCHER] flg=0x10200000 cmp=com.android.settings/.Settings} from pid 576
05-20 17:43:00.424 I/ActivityManager(  374): START u0 {act=android.intent.action.MAIN cmp=com.android.settings/.SubSettings (has extras)} from pid 8981
05-20 17:43:02.533 I/ActivityManager(  374): START u0 {act=android.intent.action.MAIN cmp=com.android.settings/.SubSettings (has extras)} from pid 8981
05-20 17:43:02.689 I/ActivityManager(  374): START u0 {cmp=com.android.settings/.ConfirmLockPassword} from pid 8981
05-20 17:43:06.861 I/ActivityManager(  374): START u0 {flg=0x2000000 cmp=com.android.settings/.ChooseLockPassword (has extras)} from pid 8981
05-20 17:43:15.033 I/ActivityManager(  374): START u0 {act=android.intent.action.MAIN cat=[android.intent.category.HOME] flg=0x10200000 cmp=com.pekall.emdm.launcher/.Launcher} from pid 374
05-20 17:43:15.064 I/ActivityManager(  374): START u0 {flg=0x10000000 cmp=com.pekall.emdm.launcher/.ui.BackPersonalActivity} from pid 6748
05-20 17:43:15.564 W/ActivityManager(  374): Activity pause timeout for ActivityRecord{422743b8 u0 com.pekall.emdm.launcher/.Launcher}
05-20 17:43:15.853 I/ActivityManager(  374): START u0 {act=android.intent.action.VIEW flg=0x10200000 cmp=com.android.launcher/com.android.launcher2.Launcher} from pid 6748
05-20 17:43:16.931 I/PowerManagerService(  374): Going to sleep by user request...
05-20 17:43:17.658 I/PowerManagerService(  374): Waking up from sleep...
05-20 17:43:17.830 D/PhoneStatusBar(  448): disable: < EXPAND* icons alerts TICKER* system_info back home RECENT* clock SEARCH* >
05-20 17:43:18.025 D/PhoneStatusBar(  448): disable: < EXPAND icons alerts TICKER system_info BACK* HOME* RECENT CLOCK* SEARCH >
05-20 17:43:18.283 I/WindowManager(  374): Lock screen displayed!
05-20 17:43:29.892 D/PhoneStatusBar(  448): disable: < expand* icons alerts ticker* system_info BACK HOME recent* CLOCK search* >
05-20 17:43:29.931 D/PhoneStatusBar(  448): disable: < expand icons alerts ticker system_info back* home* recent clock* search >
05-20 17:43:30.174 W/MountService(  374): getVolumeState(/storage/emulated/0/external_sd): Unknown volume
05-20 17:43:30.174 W/MountService(  374): getVolumeState(/mnt/sdcard-ext): Unknown volume
05-20 17:43:30.174 W/MountService(  374): getVolumeState(/mnt/ext_sdcard): Unknown volume
05-20 17:43:30.174 W/MountService(  374): getVolumeState(/mnt/sdcard2): Unknown volume
05-20 17:43:30.174 W/MountService(  374): getVolumeState(/mnt/emmc): Unknown volume
05-20 17:43:30.181 W/MountService(  374): getVolumeState(/mnt/extSdCard): Unknown volume
05-20 17:43:30.181 W/MountService(  374): getVolumeState(/mnt/sdcard/SD_CARD): Unknown volume
05-20 17:43:30.181 W/MountService(  374): getVolumeState(/mnt/sdcard/extra_sd): Unknown volume
05-20 17:43:30.181 W/MountService(  374): getVolumeState(/mnt/extrasd_bind): Unknown volume
05-20 17:43:30.181 W/MountService(  374): getVolumeState(/mnt/sdcard/ext_sd): Unknown volume
05-20 17:43:30.181 W/MountService(  374): getVolumeState(/storage/extSdCard): Unknown volume
05-20 17:43:30.181 W/MountService(  374): getVolumeState(/storage/sdcard1): Unknown volume
05-20 17:43:30.181 W/MountService(  374): getVolumeState(/mnt/sdcard/external_SD): Unknown volume
05-20 17:43:30.181 W/MountService(  374): getVolumeState(/mnt/sdcard/external_sd): Unknown volume
05-20 17:43:30.494 W/MountService(  374): getVolumeState(/storage/emulated/0/external_sd): Unknown volume
05-20 17:43:30.494 W/MountService(  374): getVolumeState(/mnt/sdcard-ext): Unknown volume
05-20 17:43:30.502 W/MountService(  374): getVolumeState(/mnt/ext_sdcard): Unknown volume
05-20 17:43:30.502 W/MountService(  374): getVolumeState(/mnt/sdcard2): Unknown volume
05-20 17:43:30.502 W/MountService(  374): getVolumeState(/mnt/emmc): Unknown volume
05-20 17:43:30.502 W/MountService(  374): getVolumeState(/mnt/extSdCard): Unknown volume
05-20 17:43:30.502 W/MountService(  374): getVolumeState(/mnt/sdcard/SD_CARD): Unknown volume
05-20 17:43:30.502 W/MountService(  374): getVolumeState(/mnt/sdcard/extra_sd): Unknown volume
05-20 17:43:30.510 W/MountService(  374): getVolumeState(/mnt/extrasd_bind): Unknown volume
05-20 17:43:30.510 W/MountService(  374): getVolumeState(/mnt/sdcard/ext_sd): Unknown volume
05-20 17:43:30.510 W/MountService(  374): getVolumeState(/storage/extSdCard): Unknown volume
05-20 17:43:30.510 W/MountService(  374): getVolumeState(/storage/sdcard1): Unknown volume
05-20 17:43:30.510 W/MountService(  374): getVolumeState(/mnt/sdcard/external_SD): Unknown volume
05-20 17:43:30.510 W/MountService(  374): getVolumeState(/mnt/sdcard/external_sd): Unknown volume
05-20 17:43:38.431 I/ActivityManager(  374): START u0 {act=android.intent.action.MAIN cat=[android.intent.category.LAUNCHER] flg=0x10200000 cmp=com.android.settings/.Settings} from pid 576
05-20 17:43:42.697 I/ActivityManager(  374): START u0 {act=android.intent.action.MAIN cmp=com.android.settings/.SubSettings (has extras)} from pid 8981
05-20 17:43:43.681 I/ActivityManager(  374): START u0 {act=android.intent.action.MAIN cmp=com.android.settings/.SubSettings (has extras)} from pid 8981
05-20 17:43:43.814 I/ActivityManager(  374): START u0 {cmp=com.android.settings/.ConfirmLockPassword} from pid 8981
05-20 17:43:44.119 I/ActivityManager(  374): Start proc com.pekall.emdm.launcher:remote for service com.pekall.emdm.launcher/com.baidu.location.f: pid=9091 uid=10066 gids={50066, 1015, 3002, 3001, 3003, 1028}
05-20 17:43:44.549 D/ActivityThread( 9091): Loading provider com.pekall.semail.provider;com.pekall.semail.notifier: com.pekall.semail.provider.EmailProvider
05-20 17:43:44.564 D/ActivityThread( 9091): Loading provider com.pekall.semail.provider;com.pekall.semail.notifier: com.pekall.semail.provider.EmailProvider
05-20 17:43:47.728 W/ActivityManager(  374): Unable to start service Intent { cmp=com.pekall.emdm.launcher/com.pekall.semail.service.AttachmentDownloadService } U=0: not found
05-20 17:43:55.424 I/ActivityManager(  374): START u0 {act=android.intent.action.MAIN cmp=com.android.settings/.SubSettings (has extras)} from pid 8981
05-20 17:43:56.853 I/ActivityManager(  374): START u0 {flg=0x2000000 cmp=com.android.settings/.ChooseLockPattern (has extras)} from pid 8981
05-20 17:44:04.166 W/ActivityManager(  374): Timeout executing service: ServiceRecord{42f34e08 u0 com.pekall.emdm.launcher/com.baidu.location.f}
05-20 17:44:07.486 E/ActivityManager(  374): ANR in com.pekall.emdm.launcher:remote
05-20 17:44:07.486 E/ActivityManager(  374): Reason: Executing service com.pekall.emdm.launcher/com.baidu.location.f
05-20 17:44:07.486 E/ActivityManager(  374): Load: 2.99 / 2.63 / 1.87
05-20 17:44:07.486 E/ActivityManager(  374): CPU usage from 5406ms to 0ms ago:
05-20 17:44:07.486 E/ActivityManager(  374):   89% 9091/com.pekall.emdm.launcher:remote: 89% user + 0% kernel
05-20 17:44:07.486 E/ActivityManager(  374):   86% 6748/com.pekall.emdm.launcher: 86% user + 0.1% kernel
05-20 17:44:07.486 E/ActivityManager(  374):   7.7% 374/system_server: 5.1% user + 2.5% kernel / faults: 530 minor
05-20 17:44:07.486 E/ActivityManager(  374):   4.2% 124/surfaceflinger: 2% user + 2.2% kernel / faults: 5992 minor
05-20 17:44:07.486 E/ActivityManager(  374):   4.2% 8981/com.android.settings: 2.9% user + 1.2% kernel / faults: 361 minor
05-20 17:44:07.486 E/ActivityManager(  374):   2.7% 127/mediaserver: 1.8% user + 0.9% kernel / faults: 2 minor
05-20 17:44:07.486 E/ActivityManager(  374):   1.8% 448/com.android.systemui: 1.8% user + 0% kernel / faults: 71 minor
05-20 17:44:07.486 E/ActivityManager(  374):   0.3% 2462/com.dragon.android.pandaspace: 0.3% user + 0% kernel / faults: 1 minor
05-20 17:44:07.486 E/ActivityManager(  374):   0.3% 8651/kworker/u:0: 0% user + 0.3% kernel
05-20 17:44:07.486 E/ActivityManager(  374):   0.3% 8843/kworker/u:4: 0% user + 0.3% kernel
05-20 17:44:07.486 E/ActivityManager(  374):   0.3% 9040/kworker/u:5: 0% user + 0.3% kernel
05-20 17:44:07.486 E/ActivityManager(  374):   0% 95/ueventd: 0% user + 0% kernel
05-20 17:44:07.486 E/ActivityManager(  374):   0.1% 117/vold: 0.1% user + 0% kernel
05-20 17:44:07.486 E/ActivityManager(  374):   0% 576/com.android.launcher: 0% user + 0% kernel / faults: 10 minor
05-20 17:44:07.486 E/ActivityManager(  374):   0% 1661/com.qihoo360.mobilesafe:GuardService: 0% user + 0% kernel / faults: 5 minor
05-20 17:44:07.486 E/ActivityManager(  374):   0.1% 8748/com.qihoo.appstore: 0% user + 0.1% kernel / faults: 4 minor
05-20 17:44:07.486 E/ActivityManager(  374): 100% TOTAL: 95% user + 4.5% kernel
05-20 17:44:07.486 E/ActivityManager(  374): CPU usage from 2473ms to 2996ms later with 99% awake:
05-20 17:44:07.486 E/ActivityManager(  374):   74% 9091/com.pekall.emdm.launcher:remote: 74% user + 0% kernel
05-20 17:44:07.486 E/ActivityManager(  374):     72% 9104/Thread-1953: 72% user + 0% kernel
05-20 17:44:07.486 E/ActivityManager(  374):   71% 6748/com.pekall.emdm.launcher: 71% user + 0% kernel
05-20 17:44:07.486 E/ActivityManager(  374):     67% 6761/Thread-1830: 67% user + 0% kernel
05-20 17:44:07.486 E/ActivityManager(  374):   7.6% 374/system_server: 3.8% user + 3.8% kernel / faults: 5 minor
05-20 17:44:07.486 E/ActivityManager(  374):     5.7% 390/ActivityManager: 3.8% user + 1.9% kernel
05-20 17:44:07.486 E/ActivityManager(  374):   1.3% 2462/com.dragon.android.pandaspace: 1.3% user + 0% kernel
05-20 17:44:07.486 E/ActivityManager(  374): 74% TOTAL: 73% user + 0.9% kernel
05-20 17:44:07.494 W/ActivityManager(  374): Killing ProcessRecord{42295068 9091:com.pekall.emdm.launcher:remote/u0a10066}: background ANR
05-20 17:44:07.525 I/ActivityManager(  374): Process com.pekall.emdm.launcher:remote (pid 9091) has died.
05-20 17:44:07.525 W/ActivityManager(  374): Scheduling restart of crashed service com.pekall.emdm.launcher/com.baidu.location.f in 320000ms
05-20 17:44:30.181 W/MountService(  374): getVolumeState(/storage/emulated/0/external_sd): Unknown volume
05-20 17:44:30.189 W/MountService(  374): getVolumeState(/mnt/sdcard-ext): Unknown volume
05-20 17:44:30.189 W/MountService(  374): getVolumeState(/mnt/ext_sdcard): Unknown volume
05-20 17:44:30.205 W/MountService(  374): getVolumeState(/mnt/sdcard2): Unknown volume
05-20 17:44:30.205 W/MountService(  374): getVolumeState(/mnt/emmc): Unknown volume
05-20 17:44:30.205 W/MountService(  374): getVolumeState(/mnt/extSdCard): Unknown volume
05-20 17:44:30.205 W/MountService(  374): getVolumeState(/mnt/sdcard/SD_CARD): Unknown volume
05-20 17:44:30.205 W/MountService(  374): getVolumeState(/mnt/sdcard/extra_sd): Unknown volume
05-20 17:44:30.205 W/MountService(  374): getVolumeState(/mnt/extrasd_bind): Unknown volume
05-20 17:44:30.205 W/MountService(  374): getVolumeState(/mnt/sdcard/ext_sd): Unknown volume
05-20 17:44:30.205 W/MountService(  374): getVolumeState(/storage/extSdCard): Unknown volume
05-20 17:44:30.205 W/MountService(  374): getVolumeState(/storage/sdcard1): Unknown volume
05-20 17:44:30.205 W/MountService(  374): getVolumeState(/mnt/sdcard/external_SD): Unknown volume
05-20 17:44:30.205 W/MountService(  374): getVolumeState(/mnt/sdcard/external_sd): Unknown volume
05-20 17:44:30.494 W/MountService(  374): getVolumeState(/storage/emulated/0/external_sd): Unknown volume
05-20 17:44:30.502 W/MountService(  374): getVolumeState(/mnt/sdcard-ext): Unknown volume
05-20 17:44:30.502 W/MountService(  374): getVolumeState(/mnt/ext_sdcard): Unknown volume
05-20 17:44:30.502 W/MountService(  374): getVolumeState(/mnt/sdcard2): Unknown volume
05-20 17:44:30.502 W/MountService(  374): getVolumeState(/mnt/emmc): Unknown volume
05-20 17:44:30.502 W/MountService(  374): getVolumeState(/mnt/extSdCard): Unknown volume
05-20 17:44:30.502 W/MountService(  374): getVolumeState(/mnt/sdcard/SD_CARD): Unknown volume
05-20 17:44:30.502 W/MountService(  374): getVolumeState(/mnt/sdcard/extra_sd): Unknown volume
05-20 17:44:30.502 W/MountService(  374): getVolumeState(/mnt/extrasd_bind): Unknown volume
05-20 17:44:30.502 W/MountService(  374): getVolumeState(/mnt/sdcard/ext_sd): Unknown volume
05-20 17:44:30.502 W/MountService(  374): getVolumeState(/storage/extSdCard): Unknown volume
05-20 17:44:30.502 W/MountService(  374): getVolumeState(/storage/sdcard1): Unknown volume
05-20 17:44:30.502 W/MountService(  374): getVolumeState(/mnt/sdcard/external_SD): Unknown volume
05-20 17:44:30.502 W/MountService(  374): getVolumeState(/mnt/sdcard/external_sd): Unknown volume
05-20 17:44:31.697 I/PowerManagerService(  374): Going to sleep due to screen timeout...
05-20 17:44:37.471 D/PhoneStatusBar(  448): disable: < expand icons alerts ticker system_info back home RECENT* clock SEARCH* >
05-20 17:44:37.619 D/PhoneStatusBar(  448): disable: < expand icons alerts ticker system_info BACK* HOME* RECENT CLOCK* SEARCH >
05-20 17:45:30.213 W/MountService(  374): getVolumeState(/storage/emulated/0/external_sd): Unknown volume
05-20 17:45:30.213 W/MountService(  374): getVolumeState(/mnt/sdcard-ext): Unknown volume
05-20 17:45:30.213 W/MountService(  374): getVolumeState(/mnt/ext_sdcard): Unknown volume
05-20 17:45:30.213 W/MountService(  374): getVolumeState(/mnt/sdcard2): Unknown volume
05-20 17:45:30.213 W/MountService(  374): getVolumeState(/mnt/emmc): Unknown volume
05-20 17:45:30.213 W/MountService(  374): getVolumeState(/mnt/extSdCard): Unknown volume
05-20 17:45:30.213 W/MountService(  374): getVolumeState(/mnt/sdcard/SD_CARD): Unknown volume
05-20 17:45:30.221 W/MountService(  374): getVolumeState(/mnt/sdcard/extra_sd): Unknown volume
05-20 17:45:30.221 W/MountService(  374): getVolumeState(/mnt/extrasd_bind): Unknown volume
05-20 17:45:30.221 W/MountService(  374): getVolumeState(/mnt/sdcard/ext_sd): Unknown volume
05-20 17:45:30.221 W/MountService(  374): getVolumeState(/storage/extSdCard): Unknown volume
05-20 17:45:30.221 W/MountService(  374): getVolumeState(/storage/sdcard1): Unknown volume
05-20 17:45:30.221 W/MountService(  374): getVolumeState(/mnt/sdcard/external_SD): Unknown volume
05-20 17:45:30.221 W/MountService(  374): getVolumeState(/mnt/sdcard/external_sd): Unknown volume
05-20 17:45:30.549 W/MountService(  374): getVolumeState(/storage/emulated/0/external_sd): Unknown volume
05-20 17:45:30.549 W/MountService(  374): getVolumeState(/mnt/sdcard-ext): Unknown volume
05-20 17:45:30.549 W/MountService(  374): getVolumeState(/mnt/ext_sdcard): Unknown volume
05-20 17:45:30.549 W/MountService(  374): getVolumeState(/mnt/sdcard2): Unknown volume
05-20 17:45:30.549 W/MountService(  374): getVolumeState(/mnt/emmc): Unknown volume
05-20 17:45:30.549 W/MountService(  374): getVolumeState(/mnt/extSdCard): Unknown volume
05-20 17:45:30.549 W/MountService(  374): getVolumeState(/mnt/sdcard/SD_CARD): Unknown volume
05-20 17:45:30.549 W/MountService(  374): getVolumeState(/mnt/sdcard/extra_sd): Unknown volume
05-20 17:45:30.549 W/MountService(  374): getVolumeState(/mnt/extrasd_bind): Unknown volume
05-20 17:45:30.549 W/MountService(  374): getVolumeState(/mnt/sdcard/ext_sd): Unknown volume
05-20 17:45:30.556 W/MountService(  374): getVolumeState(/storage/extSdCard): Unknown volume
05-20 17:45:30.556 W/MountService(  374): getVolumeState(/storage/sdcard1): Unknown volume
05-20 17:45:30.556 W/MountService(  374): getVolumeState(/mnt/sdcard/external_SD): Unknown volume
05-20 17:45:30.556 W/MountService(  374): getVolumeState(/mnt/sdcard/external_sd): Unknown volume
05-20 17:46:30.221 W/MountService(  374): getVolumeState(/storage/emulated/0/external_sd): Unknown volume
05-20 17:46:30.221 W/MountService(  374): getVolumeState(/mnt/sdcard-ext): Unknown volume
05-20 17:46:30.221 W/MountService(  374): getVolumeState(/mnt/ext_sdcard): Unknown volume
05-20 17:46:30.221 W/MountService(  374): getVolumeState(/mnt/sdcard2): Unknown volume
05-20 17:46:30.228 W/MountService(  374): getVolumeState(/mnt/emmc): Unknown volume
05-20 17:46:30.228 W/MountService(  374): getVolumeState(/mnt/extSdCard): Unknown volume
05-20 17:46:30.228 W/MountService(  374): getVolumeState(/mnt/sdcard/SD_CARD): Unknown volume
05-20 17:46:30.228 W/MountService(  374): getVolumeState(/mnt/sdcard/extra_sd): Unknown volume
05-20 17:46:30.228 W/MountService(  374): getVolumeState(/mnt/extrasd_bind): Unknown volume
05-20 17:46:30.228 W/MountService(  374): getVolumeState(/mnt/sdcard/ext_sd): Unknown volume
05-20 17:46:30.228 W/MountService(  374): getVolumeState(/storage/extSdCard): Unknown volume
05-20 17:46:30.228 W/MountService(  374): getVolumeState(/storage/sdcard1): Unknown volume
05-20 17:46:30.236 W/MountService(  374): getVolumeState(/mnt/sdcard/external_SD): Unknown volume
05-20 17:46:30.236 W/MountService(  374): getVolumeState(/mnt/sdcard/external_sd): Unknown volume
05-20 17:46:30.541 W/MountService(  374): getVolumeState(/storage/emulated/0/external_sd): Unknown volume
05-20 17:46:30.541 W/MountService(  374): getVolumeState(/mnt/sdcard-ext): Unknown volume
05-20 17:46:30.549 W/MountService(  374): getVolumeState(/mnt/ext_sdcard): Unknown volume
05-20 17:46:30.549 W/MountService(  374): getVolumeState(/mnt/sdcard2): Unknown volume
05-20 17:46:30.549 W/MountService(  374): getVolumeState(/mnt/emmc): Unknown volume
05-20 17:46:30.549 W/MountService(  374): getVolumeState(/mnt/extSdCard): Unknown volume
05-20 17:46:30.549 W/MountService(  374): getVolumeState(/mnt/sdcard/SD_CARD): Unknown volume
05-20 17:46:30.549 W/MountService(  374): getVolumeState(/mnt/sdcard/extra_sd): Unknown volume
05-20 17:46:30.549 W/MountService(  374): getVolumeState(/mnt/extrasd_bind): Unknown volume
05-20 17:46:30.556 W/MountService(  374): getVolumeState(/mnt/sdcard/ext_sd): Unknown volume
05-20 17:46:30.556 W/MountService(  374): getVolumeState(/storage/extSdCard): Unknown volume
05-20 17:46:30.556 W/MountService(  374): getVolumeState(/storage/sdcard1): Unknown volume
05-20 17:46:30.556 W/MountService(  374): getVolumeState(/mnt/sdcard/external_SD): Unknown volume
05-20 17:46:30.556 W/MountService(  374): getVolumeState(/mnt/sdcard/external_sd): Unknown volume
05-20 17:47:15.947 I/ActivityManager(  374): No longer want android.process.media (pid 8437): empty for 1800s
05-20 17:47:15.955 W/ActivityManager(  374): Scheduling restart of crashed service com.android.providers.media/.MtpService in 5000ms
05-20 17:47:21.010 I/ActivityManager(  374): Start proc android.process.media for service com.android.providers.media/.MtpService: pid=9149 uid=10015 gids={50015, 1015, 1023, 1024, 1028, 2001, 3003, 3007}
05-20 17:47:30.213 W/MountService(  374): getVolumeState(/storage/emulated/0/external_sd): Unknown volume
05-20 17:47:30.213 W/MountService(  374): getVolumeState(/mnt/sdcard-ext): Unknown volume
05-20 17:47:30.213 W/MountService(  374): getVolumeState(/mnt/ext_sdcard): Unknown volume
05-20 17:47:30.213 W/MountService(  374): getVolumeState(/mnt/sdcard2): Unknown volume
05-20 17:47:30.213 W/MountService(  374): getVolumeState(/mnt/emmc): Unknown volume
05-20 17:47:30.213 W/MountService(  374): getVolumeState(/mnt/extSdCard): Unknown volume
05-20 17:47:30.213 W/MountService(  374): getVolumeState(/mnt/sdcard/SD_CARD): Unknown volume
05-20 17:47:30.213 W/MountService(  374): getVolumeState(/mnt/sdcard/extra_sd): Unknown volume
05-20 17:47:30.221 W/MountService(  374): getVolumeState(/mnt/extrasd_bind): Unknown volume
05-20 17:47:30.221 W/MountService(  374): getVolumeState(/mnt/sdcard/ext_sd): Unknown volume
05-20 17:47:30.221 W/MountService(  374): getVolumeState(/storage/extSdCard): Unknown volume
05-20 17:47:30.221 W/MountService(  374): getVolumeState(/storage/sdcard1): Unknown volume
05-20 17:47:30.221 W/MountService(  374): getVolumeState(/mnt/sdcard/external_SD): Unknown volume
05-20 17:47:30.228 W/MountService(  374): getVolumeState(/mnt/sdcard/external_sd): Unknown volume
05-20 17:47:30.588 W/MountService(  374): getVolumeState(/storage/emulated/0/external_sd): Unknown volume
05-20 17:47:30.588 W/MountService(  374): getVolumeState(/mnt/sdcard-ext): Unknown volume
05-20 17:47:30.588 W/MountService(  374): getVolumeState(/mnt/ext_sdcard): Unknown volume
05-20 17:47:30.588 W/MountService(  374): getVolumeState(/mnt/sdcard2): Unknown volume
05-20 17:47:30.588 W/MountService(  374): getVolumeState(/mnt/emmc): Unknown volume
05-20 17:47:30.588 W/MountService(  374): getVolumeState(/mnt/extSdCard): Unknown volume
05-20 17:47:30.596 W/MountService(  374): getVolumeState(/mnt/sdcard/SD_CARD): Unknown volume
05-20 17:47:30.596 W/MountService(  374): getVolumeState(/mnt/sdcard/extra_sd): Unknown volume
05-20 17:47:30.596 W/MountService(  374): getVolumeState(/mnt/extrasd_bind): Unknown volume
05-20 17:47:30.596 W/MountService(  374): getVolumeState(/mnt/sdcard/ext_sd): Unknown volume
05-20 17:47:30.596 W/MountService(  374): getVolumeState(/storage/extSdCard): Unknown volume
05-20 17:47:30.596 W/MountService(  374): getVolumeState(/storage/sdcard1): Unknown volume
05-20 17:47:30.596 W/MountService(  374): getVolumeState(/mnt/sdcard/external_SD): Unknown volume
05-20 17:47:30.596 W/MountService(  374): getVolumeState(/mnt/sdcard/external_sd): Unknown volume
05-20 17:48:30.221 W/MountService(  374): getVolumeState(/storage/emulated/0/external_sd): Unknown volume
05-20 17:48:30.221 W/MountService(  374): getVolumeState(/mnt/sdcard-ext): Unknown volume
05-20 17:48:30.221 W/MountService(  374): getVolumeState(/mnt/ext_sdcard): Unknown volume
05-20 17:48:30.221 W/MountService(  374): getVolumeState(/mnt/sdcard2): Unknown volume
05-20 17:48:30.221 W/MountService(  374): getVolumeState(/mnt/emmc): Unknown volume
05-20 17:48:30.221 W/MountService(  374): getVolumeState(/mnt/extSdCard): Unknown volume
05-20 17:48:30.221 W/MountService(  374): getVolumeState(/mnt/sdcard/SD_CARD): Unknown volume
05-20 17:48:30.228 W/MountService(  374): getVolumeState(/mnt/sdcard/extra_sd): Unknown volume
05-20 17:48:30.228 W/MountService(  374): getVolumeState(/mnt/extrasd_bind): Unknown volume
05-20 17:48:30.228 W/MountService(  374): getVolumeState(/mnt/sdcard/ext_sd): Unknown volume
05-20 17:48:30.228 W/MountService(  374): getVolumeState(/storage/extSdCard): Unknown volume
05-20 17:48:30.228 W/MountService(  374): getVolumeState(/storage/sdcard1): Unknown volume
05-20 17:48:30.228 W/MountService(  374): getVolumeState(/mnt/sdcard/external_SD): Unknown volume
05-20 17:48:30.228 W/MountService(  374): getVolumeState(/mnt/sdcard/external_sd): Unknown volume
05-20 17:48:30.564 W/MountService(  374): getVolumeState(/storage/emulated/0/external_sd): Unknown volume
05-20 17:48:30.564 W/MountService(  374): getVolumeState(/mnt/sdcard-ext): Unknown volume
05-20 17:48:30.564 W/MountService(  374): getVolumeState(/mnt/ext_sdcard): Unknown volume
05-20 17:48:30.564 W/MountService(  374): getVolumeState(/mnt/sdcard2): Unknown volume
05-20 17:48:30.564 W/MountService(  374): getVolumeState(/mnt/emmc): Unknown volume
05-20 17:48:30.564 W/MountService(  374): getVolumeState(/mnt/extSdCard): Unknown volume
05-20 17:48:30.564 W/MountService(  374): getVolumeState(/mnt/sdcard/SD_CARD): Unknown volume
05-20 17:48:30.564 W/MountService(  374): getVolumeState(/mnt/sdcard/extra_sd): Unknown volume
05-20 17:48:30.564 W/MountService(  374): getVolumeState(/mnt/extrasd_bind): Unknown volume
05-20 17:48:30.572 W/MountService(  374): getVolumeState(/mnt/sdcard/ext_sd): Unknown volume
05-20 17:48:30.572 W/MountService(  374): getVolumeState(/storage/extSdCard): Unknown volume
05-20 17:48:30.572 W/MountService(  374): getVolumeState(/storage/sdcard1): Unknown volume
05-20 17:48:30.572 W/MountService(  374): getVolumeState(/mnt/sdcard/external_SD): Unknown volume
05-20 17:48:30.580 W/MountService(  374): getVolumeState(/mnt/sdcard/external_sd): Unknown volume
05-20 17:49:27.541 I/ActivityManager(  374): Start proc com.pekall.emdm.launcher:remote for service com.pekall.emdm.launcher/com.baidu.location.f: pid=9172 uid=10066 gids={50066, 1015, 3002, 3001, 3003, 1028}
05-20 17:49:27.978 D/ActivityThread( 9172): Loading provider com.pekall.semail.provider;com.pekall.semail.notifier: com.pekall.semail.provider.EmailProvider
05-20 17:49:27.978 D/ActivityThread( 9172): Loading provider com.pekall.semail.provider;com.pekall.semail.notifier: com.pekall.semail.provider.EmailProvider
05-20 17:49:30.431 W/MountService(  374): getVolumeState(/storage/emulated/0/external_sd): Unknown volume
05-20 17:49:30.650 W/MountService(  374): getVolumeState(/mnt/sdcard-ext): Unknown volume
05-20 17:49:30.666 W/MountService(  374): getVolumeState(/mnt/ext_sdcard): Unknown volume
05-20 17:49:31.010 W/MountService(  374): getVolumeState(/mnt/sdcard2): Unknown volume
05-20 17:49:31.025 W/MountService(  374): getVolumeState(/mnt/emmc): Unknown volume
05-20 17:49:31.056 W/MountService(  374): getVolumeState(/mnt/extSdCard): Unknown volume
05-20 17:49:31.088 W/MountService(  374): getVolumeState(/mnt/sdcard/SD_CARD): Unknown volume
05-20 17:49:31.603 W/MountService(  374): getVolumeState(/mnt/sdcard/extra_sd): Unknown volume
05-20 17:49:31.619 W/MountService(  374): getVolumeState(/mnt/extrasd_bind): Unknown volume
05-20 17:49:31.619 W/MountService(  374): getVolumeState(/mnt/sdcard/ext_sd): Unknown volume
05-20 17:49:31.635 W/MountService(  374): getVolumeState(/storage/extSdCard): Unknown volume
05-20 17:49:31.650 W/MountService(  374): getVolumeState(/storage/sdcard1): Unknown volume
05-20 17:49:31.650 W/MountService(  374): getVolumeState(/mnt/sdcard/external_SD): Unknown volume
05-20 17:49:31.666 W/MountService(  374): getVolumeState(/mnt/sdcard/external_sd): Unknown volume
05-20 17:49:32.517 W/ActivityManager(  374): Unable to start service Intent { cmp=com.pekall.emdm.launcher/com.pekall.semail.service.AttachmentDownloadService } U=0: not found
05-20 17:49:37.650 W/MountService(  374): getVolumeState(/storage/emulated/0/external_sd): Unknown volume
05-20 17:49:37.713 W/MountService(  374): getVolumeState(/mnt/sdcard-ext): Unknown volume
05-20 17:49:37.713 W/MountService(  374): getVolumeState(/mnt/ext_sdcard): Unknown volume
05-20 17:49:37.713 W/MountService(  374): getVolumeState(/mnt/sdcard2): Unknown volume
05-20 17:49:37.713 W/MountService(  374): getVolumeState(/mnt/emmc): Unknown volume
05-20 17:49:37.728 W/MountService(  374): getVolumeState(/mnt/extSdCard): Unknown volume
05-20 17:49:37.775 W/MountService(  374): getVolumeState(/mnt/sdcard/SD_CARD): Unknown volume
05-20 17:49:37.791 W/MountService(  374): getVolumeState(/mnt/sdcard/extra_sd): Unknown volume
05-20 17:49:37.791 W/MountService(  374): getVolumeState(/mnt/extrasd_bind): Unknown volume
05-20 17:49:37.814 W/MountService(  374): getVolumeState(/mnt/sdcard/ext_sd): Unknown volume
05-20 17:49:37.814 W/MountService(  374): getVolumeState(/storage/extSdCard): Unknown volume
05-20 17:49:37.830 W/MountService(  374): getVolumeState(/storage/sdcard1): Unknown volume
05-20 17:49:37.830 W/MountService(  374): getVolumeState(/mnt/sdcard/external_SD): Unknown volume
05-20 17:49:37.877 W/MountService(  374): getVolumeState(/mnt/sdcard/external_sd): Unknown volume
05-20 17:49:47.588 W/ActivityManager(  374): Timeout executing service: ServiceRecord{42f34e08 u0 com.pekall.emdm.launcher/com.baidu.location.f}
05-20 17:49:54.775 E/ActivityManager(  374): ANR in com.pekall.emdm.launcher:remote
05-20 17:49:54.775 E/ActivityManager(  374): Reason: Executing service com.pekall.emdm.launcher/com.baidu.location.f
05-20 17:49:54.775 E/ActivityManager(  374): Load: 2.04 / 1.84 / 1.72
05-20 17:49:54.775 E/ActivityManager(  374): CPU usage from 0ms to 7154ms later:
05-20 17:49:54.775 E/ActivityManager(  374):   85% 9172/com.pekall.emdm.launcher:remote: 85% user + 0.4% kernel / faults: 111 minor
05-20 17:49:54.775 E/ActivityManager(  374):   84% 6748/com.pekall.emdm.launcher: 84% user + 0% kernel
05-20 17:49:54.775 E/ActivityManager(  374):   23% 374/system_server: 18% user + 4.4% kernel / faults: 467 minor
05-20 17:49:54.775 E/ActivityManager(  374):   0.7% 448/com.android.systemui: 0.7% user + 0% kernel / faults: 26 minor
05-20 17:49:54.775 E/ActivityManager(  374):   0.6% 561/com.android.phone: 0.4% user + 0.2% kernel / faults: 30 minor
05-20 17:49:54.775 E/ActivityManager(  374):   0.4% 568/com.android.nfc: 0.1% user + 0.2% kernel / faults: 28 minor
05-20 17:49:54.775 E/ActivityManager(  374):   0% 4648/logcat: 0% user + 0% kernel
05-20 17:49:54.775 E/ActivityManager(  374):   0.1% 8748/com.qihoo.appstore: 0% user + 0.1% kernel / faults: 1 minor
05-20 17:49:54.775 E/ActivityManager(  374): 100% TOTAL: 97% user + 2.8% kernel
05-20 17:49:54.775 E/ActivityManager(  374): CPU usage from 6333ms to 6895ms later:
05-20 17:49:54.775 E/ActivityManager(  374):   100% 6748/com.pekall.emdm.launcher: 100% user + 0% kernel
05-20 17:49:54.775 E/ActivityManager(  374):     101% 6761/Thread-1830: 101% user + 0% kernel
05-20 17:49:54.775 E/ActivityManager(  374):   92% 9172/com.pekall.emdm.launcher:remote: 92% user + 0% kernel
05-20 17:49:54.775 E/ActivityManager(  374):     94% 9185/Thread-1959: 94% user + 0% kernel
05-20 17:49:54.775 E/ActivityManager(  374):   5.3% 374/system_server: 0% user + 5.3% kernel
05-20 17:49:54.775 E/ActivityManager(  374):     7.1% 390/ActivityManager: 1.7% user + 5.3% kernel
05-20 17:49:54.775 E/ActivityManager(  374): 100% TOTAL: 97% user + 2.6% kernel
05-20 17:49:54.791 W/ActivityManager(  374): Killing ProcessRecord{43004880 9172:com.pekall.emdm.launcher:remote/u0a10066}: background ANR
05-20 17:49:55.041 I/ActivityManager(  374): Process com.pekall.emdm.launcher:remote (pid 9172) has died.
05-20 17:49:55.041 W/ActivityManager(  374): Scheduling restart of crashed service com.pekall.emdm.launcher/com.baidu.location.f in 1280000ms
05-20 17:50:30.244 W/MountService(  374): getVolumeState(/storage/emulated/0/external_sd): Unknown volume
05-20 17:50:30.252 W/MountService(  374): getVolumeState(/mnt/sdcard-ext): Unknown volume
05-20 17:50:30.252 W/MountService(  374): getVolumeState(/mnt/ext_sdcard): Unknown volume
05-20 17:50:30.252 W/MountService(  374): getVolumeState(/mnt/sdcard2): Unknown volume
05-20 17:50:30.252 W/MountService(  374): getVolumeState(/mnt/emmc): Unknown volume
05-20 17:50:30.252 W/MountService(  374): getVolumeState(/mnt/extSdCard): Unknown volume
05-20 17:50:30.252 W/MountService(  374): getVolumeState(/mnt/sdcard/SD_CARD): Unknown volume
05-20 17:50:30.252 W/MountService(  374): getVolumeState(/mnt/sdcard/extra_sd): Unknown volume
05-20 17:50:30.252 W/MountService(  374): getVolumeState(/mnt/extrasd_bind): Unknown volume
05-20 17:50:30.252 W/MountService(  374): getVolumeState(/mnt/sdcard/ext_sd): Unknown volume
05-20 17:50:30.252 W/MountService(  374): getVolumeState(/storage/extSdCard): Unknown volume
05-20 17:50:30.252 W/MountService(  374): getVolumeState(/storage/sdcard1): Unknown volume
05-20 17:50:30.252 W/MountService(  374): getVolumeState(/mnt/sdcard/external_SD): Unknown volume
05-20 17:50:30.260 W/MountService(  374): getVolumeState(/mnt/sdcard/external_sd): Unknown volume
05-20 17:50:30.572 W/MountService(  374): getVolumeState(/storage/emulated/0/external_sd): Unknown volume
05-20 17:50:30.572 W/MountService(  374): getVolumeState(/mnt/sdcard-ext): Unknown volume
05-20 17:50:30.572 W/MountService(  374): getVolumeState(/mnt/ext_sdcard): Unknown volume
05-20 17:50:30.572 W/MountService(  374): getVolumeState(/mnt/sdcard2): Unknown volume
05-20 17:50:30.572 W/MountService(  374): getVolumeState(/mnt/emmc): Unknown volume
05-20 17:50:30.572 W/MountService(  374): getVolumeState(/mnt/extSdCard): Unknown volume
05-20 17:50:30.572 W/MountService(  374): getVolumeState(/mnt/sdcard/SD_CARD): Unknown volume
05-20 17:50:30.572 W/MountService(  374): getVolumeState(/mnt/sdcard/extra_sd): Unknown volume
05-20 17:50:30.572 W/MountService(  374): getVolumeState(/mnt/extrasd_bind): Unknown volume
05-20 17:50:30.580 W/MountService(  374): getVolumeState(/mnt/sdcard/ext_sd): Unknown volume
05-20 17:50:30.580 W/MountService(  374): getVolumeState(/storage/extSdCard): Unknown volume
05-20 17:50:30.580 W/MountService(  374): getVolumeState(/storage/sdcard1): Unknown volume
05-20 17:50:30.580 W/MountService(  374): getVolumeState(/mnt/sdcard/external_SD): Unknown volume
05-20 17:50:30.580 W/MountService(  374): getVolumeState(/mnt/sdcard/external_sd): Unknown volume
05-20 17:51:30.252 W/MountService(  374): getVolumeState(/storage/emulated/0/external_sd): Unknown volume
05-20 17:51:30.252 W/MountService(  374): getVolumeState(/mnt/sdcard-ext): Unknown volume
05-20 17:51:30.252 W/MountService(  374): getVolumeState(/mnt/ext_sdcard): Unknown volume
05-20 17:51:30.252 W/MountService(  374): getVolumeState(/mnt/sdcard2): Unknown volume
05-20 17:51:30.252 W/MountService(  374): getVolumeState(/mnt/emmc): Unknown volume
05-20 17:51:30.260 W/MountService(  374): getVolumeState(/mnt/extSdCard): Unknown volume
05-20 17:51:30.260 W/MountService(  374): getVolumeState(/mnt/sdcard/SD_CARD): Unknown volume
05-20 17:51:30.260 W/MountService(  374): getVolumeState(/mnt/sdcard/extra_sd): Unknown volume
05-20 17:51:30.260 W/MountService(  374): getVolumeState(/mnt/extrasd_bind): Unknown volume
05-20 17:51:30.260 W/MountService(  374): getVolumeState(/mnt/sdcard/ext_sd): Unknown volume
05-20 17:51:30.260 W/MountService(  374): getVolumeState(/storage/extSdCard): Unknown volume
05-20 17:51:30.275 W/MountService(  374): getVolumeState(/storage/sdcard1): Unknown volume
05-20 17:51:30.275 W/MountService(  374): getVolumeState(/mnt/sdcard/external_SD): Unknown volume
05-20 17:51:30.275 W/MountService(  374): getVolumeState(/mnt/sdcard/external_sd): Unknown volume
05-20 17:51:30.635 W/MountService(  374): getVolumeState(/storage/emulated/0/external_sd): Unknown volume
05-20 17:51:30.635 W/MountService(  374): getVolumeState(/mnt/sdcard-ext): Unknown volume
05-20 17:51:30.635 W/MountService(  374): getVolumeState(/mnt/ext_sdcard): Unknown volume
05-20 17:51:30.642 W/MountService(  374): getVolumeState(/mnt/sdcard2): Unknown volume
05-20 17:51:30.642 W/MountService(  374): getVolumeState(/mnt/emmc): Unknown volume
05-20 17:51:30.642 W/MountService(  374): getVolumeState(/mnt/extSdCard): Unknown volume
05-20 17:51:30.642 W/MountService(  374): getVolumeState(/mnt/sdcard/SD_CARD): Unknown volume
05-20 17:51:30.642 W/MountService(  374): getVolumeState(/mnt/sdcard/extra_sd): Unknown volume
05-20 17:51:30.642 W/MountService(  374): getVolumeState(/mnt/extrasd_bind): Unknown volume
05-20 17:51:30.642 W/MountService(  374): getVolumeState(/mnt/sdcard/ext_sd): Unknown volume
05-20 17:51:30.642 W/MountService(  374): getVolumeState(/storage/extSdCard): Unknown volume
05-20 17:51:30.642 W/MountService(  374): getVolumeState(/storage/sdcard1): Unknown volume
05-20 17:51:30.642 W/MountService(  374): getVolumeState(/mnt/sdcard/external_SD): Unknown volume
05-20 17:51:30.642 W/MountService(  374): getVolumeState(/mnt/sdcard/external_sd): Unknown volume
05-20 17:52:30.267 W/MountService(  374): getVolumeState(/storage/emulated/0/external_sd): Unknown volume
05-20 17:52:30.267 W/MountService(  374): getVolumeState(/mnt/sdcard-ext): Unknown volume
05-20 17:52:30.267 W/MountService(  374): getVolumeState(/mnt/ext_sdcard): Unknown volume
05-20 17:52:30.267 W/MountService(  374): getVolumeState(/mnt/sdcard2): Unknown volume
05-20 17:52:30.267 W/MountService(  374): getVolumeState(/mnt/emmc): Unknown volume
05-20 17:52:30.267 W/MountService(  374): getVolumeState(/mnt/extSdCard): Unknown volume
05-20 17:52:30.267 W/MountService(  374): getVolumeState(/mnt/sdcard/SD_CARD): Unknown volume
05-20 17:52:30.275 W/MountService(  374): getVolumeState(/mnt/sdcard/extra_sd): Unknown volume
05-20 17:52:30.275 W/MountService(  374): getVolumeState(/mnt/extrasd_bind): Unknown volume
05-20 17:52:30.283 W/MountService(  374): getVolumeState(/mnt/sdcard/ext_sd): Unknown volume
05-20 17:52:30.283 W/MountService(  374): getVolumeState(/storage/extSdCard): Unknown volume
05-20 17:52:30.283 W/MountService(  374): getVolumeState(/storage/sdcard1): Unknown volume
05-20 17:52:30.283 W/MountService(  374): getVolumeState(/mnt/sdcard/external_SD): Unknown volume
05-20 17:52:30.283 W/MountService(  374): getVolumeState(/mnt/sdcard/external_sd): Unknown volume
05-20 17:52:30.619 W/MountService(  374): getVolumeState(/storage/emulated/0/external_sd): Unknown volume
05-20 17:52:30.627 W/MountService(  374): getVolumeState(/mnt/sdcard-ext): Unknown volume
05-20 17:52:30.627 W/MountService(  374): getVolumeState(/mnt/ext_sdcard): Unknown volume
05-20 17:52:30.627 W/MountService(  374): getVolumeState(/mnt/sdcard2): Unknown volume
05-20 17:52:30.627 W/MountService(  374): getVolumeState(/mnt/emmc): Unknown volume
05-20 17:52:30.627 W/MountService(  374): getVolumeState(/mnt/extSdCard): Unknown volume
05-20 17:52:30.627 W/MountService(  374): getVolumeState(/mnt/sdcard/SD_CARD): Unknown volume
05-20 17:52:30.627 W/MountService(  374): getVolumeState(/mnt/sdcard/extra_sd): Unknown volume
05-20 17:52:30.627 W/MountService(  374): getVolumeState(/mnt/extrasd_bind): Unknown volume
05-20 17:52:30.627 W/MountService(  374): getVolumeState(/mnt/sdcard/ext_sd): Unknown volume
05-20 17:52:30.627 W/MountService(  374): getVolumeState(/storage/extSdCard): Unknown volume
05-20 17:52:30.627 W/MountService(  374): getVolumeState(/storage/sdcard1): Unknown volume
05-20 17:52:30.627 W/MountService(  374): getVolumeState(/mnt/sdcard/external_SD): Unknown volume
05-20 17:52:30.627 W/MountService(  374): getVolumeState(/mnt/sdcard/external_sd): Unknown volume
