05-20 17:52:30.627 W/MountService(  374): getVolumeState(/storage/sdcard1): Unknown volume
05-20 17:52:30.627 W/MountService(  374): getVolumeState(/mnt/sdcard/external_SD): Unknown volume
05-20 17:52:30.627 W/MountService(  374): getVolumeState(/mnt/sdcard/external_sd): Unknown volume
05-20 17:53:30.291 W/MountService(  374): getVolumeState(/storage/emulated/0/external_sd): Unknown volume
05-20 17:53:30.291 W/MountService(  374): getVolumeState(/mnt/sdcard-ext): Unknown volume
05-20 17:53:30.291 W/MountService(  374): getVolumeState(/mnt/ext_sdcard): Unknown volume
05-20 17:53:30.291 W/MountService(  374): getVolumeState(/mnt/sdcard2): Unknown volume
05-20 17:53:30.291 W/MountService(  374): getVolumeState(/mnt/emmc): Unknown volume
05-20 17:53:30.291 W/MountService(  374): getVolumeState(/mnt/extSdCard): Unknown volume
05-20 17:53:30.299 W/MountService(  374): getVolumeState(/mnt/sdcard/SD_CARD): Unknown volume
05-20 17:53:30.299 W/MountService(  374): getVolumeState(/mnt/sdcard/extra_sd): Unknown volume
05-20 17:53:30.299 W/MountService(  374): getVolumeState(/mnt/extrasd_bind): Unknown volume
05-20 17:53:30.299 W/MountService(  374): getVolumeState(/mnt/sdcard/ext_sd): Unknown volume
05-20 17:53:30.299 W/MountService(  374): getVolumeState(/storage/extSdCard): Unknown volume
05-20 17:53:30.299 W/MountService(  374): getVolumeState(/storage/sdcard1): Unknown volume
05-20 17:53:30.299 W/MountService(  374): getVolumeState(/mnt/sdcard/external_SD): Unknown volume
05-20 17:53:30.299 W/MountService(  374): getVolumeState(/mnt/sdcard/external_sd): Unknown volume
05-20 17:53:30.619 W/MountService(  374): getVolumeState(/storage/emulated/0/external_sd): Unknown volume
05-20 17:53:30.619 W/MountService(  374): getVolumeState(/mnt/sdcard-ext): Unknown volume
05-20 17:53:30.627 W/MountService(  374): getVolumeState(/mnt/ext_sdcard): Unknown volume
05-20 17:53:30.627 W/MountService(  374): getVolumeState(/mnt/sdcard2): Unknown volume
05-20 17:53:30.627 W/MountService(  374): getVolumeState(/mnt/emmc): Unknown volume
05-20 17:53:30.627 W/MountService(  374): getVolumeState(/mnt/extSdCard): Unknown volume
05-20 17:53:30.627 W/MountService(  374): getVolumeState(/mnt/sdcard/SD_CARD): Unknown volume
05-20 17:53:30.627 W/MountService(  374): getVolumeState(/mnt/sdcard/extra_sd): Unknown volume
05-20 17:53:30.627 W/MountService(  374): getVolumeState(/mnt/extrasd_bind): Unknown volume
05-20 17:53:30.635 W/MountService(  374): getVolumeState(/mnt/sdcard/ext_sd): Unknown volume
05-20 17:53:30.635 W/MountService(  374): getVolumeState(/storage/extSdCard): Unknown volume
05-20 17:53:30.635 W/MountService(  374): getVolumeState(/storage/sdcard1): Unknown volume
05-20 17:53:30.635 W/MountService(  374): getVolumeState(/mnt/sdcard/external_SD): Unknown volume
05-20 17:53:30.635 W/MountService(  374): getVolumeState(/mnt/sdcard/external_sd): Unknown volume
05-20 17:54:30.283 W/MountService(  374): getVolumeState(/storage/emulated/0/external_sd): Unknown volume
05-20 17:54:30.283 W/MountService(  374): getVolumeState(/mnt/sdcard-ext): Unknown volume
05-20 17:54:30.283 W/MountService(  374): getVolumeState(/mnt/ext_sdcard): Unknown volume
05-20 17:54:30.283 W/MountService(  374): getVolumeState(/mnt/sdcard2): Unknown volume
05-20 17:54:30.283 W/MountService(  374): getVolumeState(/mnt/emmc): Unknown volume
05-20 17:54:30.291 W/MountService(  374): getVolumeState(/mnt/extSdCard): Unknown volume
05-20 17:54:30.291 W/MountService(  374): getVolumeState(/mnt/sdcard/SD_CARD): Unknown volume
05-20 17:54:30.291 W/MountService(  374): getVolumeState(/mnt/sdcard/extra_sd): Unknown volume
05-20 17:54:30.291 W/MountService(  374): getVolumeState(/mnt/extrasd_bind): Unknown volume
05-20 17:54:30.291 W/MountService(  374): getVolumeState(/mnt/sdcard/ext_sd): Unknown volume
05-20 17:54:30.291 W/MountService(  374): getVolumeState(/storage/extSdCard): Unknown volume
05-20 17:54:30.291 W/MountService(  374): getVolumeState(/storage/sdcard1): Unknown volume
05-20 17:54:30.291 W/MountService(  374): getVolumeState(/mnt/sdcard/external_SD): Unknown volume
05-20 17:54:30.299 W/MountService(  374): getVolumeState(/mnt/sdcard/external_sd): Unknown volume
05-20 17:54:30.744 W/MountService(  374): getVolumeState(/storage/emulated/0/external_sd): Unknown volume
05-20 17:54:30.744 W/MountService(  374): getVolumeState(/mnt/sdcard-ext): Unknown volume
05-20 17:54:30.744 W/MountService(  374): getVolumeState(/mnt/ext_sdcard): Unknown volume
05-20 17:54:30.744 W/MountService(  374): getVolumeState(/mnt/sdcard2): Unknown volume
05-20 17:54:30.752 W/MountService(  374): getVolumeState(/mnt/emmc): Unknown volume
05-20 17:54:30.752 W/MountService(  374): getVolumeState(/mnt/extSdCard): Unknown volume
05-20 17:54:30.752 W/MountService(  374): getVolumeState(/mnt/sdcard/SD_CARD): Unknown volume
05-20 17:54:30.752 W/MountService(  374): getVolumeState(/mnt/sdcard/extra_sd): Unknown volume
05-20 17:54:30.752 W/MountService(  374): getVolumeState(/mnt/extrasd_bind): Unknown volume
05-20 17:54:30.760 W/MountService(  374): getVolumeState(/mnt/sdcard/ext_sd): Unknown volume
05-20 17:54:30.767 W/MountService(  374): getVolumeState(/storage/extSdCard): Unknown volume
05-20 17:54:30.767 W/MountService(  374): getVolumeState(/storage/sdcard1): Unknown volume
05-20 17:54:30.767 W/MountService(  374): getVolumeState(/mnt/sdcard/external_SD): Unknown volume
05-20 17:54:30.767 W/MountService(  374): getVolumeState(/mnt/sdcard/external_sd): Unknown volume
05-20 17:55:30.299 W/MountService(  374): getVolumeState(/storage/emulated/0/external_sd): Unknown volume
05-20 17:55:30.299 W/MountService(  374): getVolumeState(/mnt/sdcard-ext): Unknown volume
05-20 17:55:30.299 W/MountService(  374): getVolumeState(/mnt/ext_sdcard): Unknown volume
05-20 17:55:30.299 W/MountService(  374): getVolumeState(/mnt/sdcard2): Unknown volume
05-20 17:55:30.299 W/MountService(  374): getVolumeState(/mnt/emmc): Unknown volume
05-20 17:55:30.299 W/MountService(  374): getVolumeState(/mnt/extSdCard): Unknown volume
05-20 17:55:30.299 W/MountService(  374): getVolumeState(/mnt/sdcard/SD_CARD): Unknown volume
05-20 17:55:30.299 W/MountService(  374): getVolumeState(/mnt/sdcard/extra_sd): Unknown volume
05-20 17:55:30.299 W/MountService(  374): getVolumeState(/mnt/extrasd_bind): Unknown volume
05-20 17:55:30.299 W/MountService(  374): getVolumeState(/mnt/sdcard/ext_sd): Unknown volume
05-20 17:55:30.299 W/MountService(  374): getVolumeState(/storage/extSdCard): Unknown volume
05-20 17:55:30.306 W/MountService(  374): getVolumeState(/storage/sdcard1): Unknown volume
05-20 17:55:30.306 W/MountService(  374): getVolumeState(/mnt/sdcard/external_SD): Unknown volume
05-20 17:55:30.306 W/MountService(  374): getVolumeState(/mnt/sdcard/external_sd): Unknown volume
05-20 17:55:30.611 W/MountService(  374): getVolumeState(/storage/emulated/0/external_sd): Unknown volume
05-20 17:55:30.611 W/MountService(  374): getVolumeState(/mnt/sdcard-ext): Unknown volume
05-20 17:55:30.611 W/MountService(  374): getVolumeState(/mnt/ext_sdcard): Unknown volume
05-20 17:55:30.611 W/MountService(  374): getVolumeState(/mnt/sdcard2): Unknown volume
05-20 17:55:30.611 W/MountService(  374): getVolumeState(/mnt/emmc): Unknown volume
05-20 17:55:30.611 W/MountService(  374): getVolumeState(/mnt/extSdCard): Unknown volume
05-20 17:55:30.611 W/MountService(  374): getVolumeState(/mnt/sdcard/SD_CARD): Unknown volume
05-20 17:55:30.611 W/MountService(  374): getVolumeState(/mnt/sdcard/extra_sd): Unknown volume
05-20 17:55:30.611 W/MountService(  374): getVolumeState(/mnt/extrasd_bind): Unknown volume
05-20 17:55:30.611 W/MountService(  374): getVolumeState(/mnt/sdcard/ext_sd): Unknown volume
05-20 17:55:30.611 W/MountService(  374): getVolumeState(/storage/extSdCard): Unknown volume
05-20 17:55:30.611 W/MountService(  374): getVolumeState(/storage/sdcard1): Unknown volume
05-20 17:55:30.611 W/MountService(  374): getVolumeState(/mnt/sdcard/external_SD): Unknown volume
05-20 17:55:30.619 W/MountService(  374): getVolumeState(/mnt/sdcard/external_sd): Unknown volume
05-20 17:56:30.306 W/MountService(  374): getVolumeState(/storage/emulated/0/external_sd): Unknown volume
05-20 17:56:30.306 W/MountService(  374): getVolumeState(/mnt/sdcard-ext): Unknown volume
05-20 17:56:30.306 W/MountService(  374): getVolumeState(/mnt/ext_sdcard): Unknown volume
05-20 17:56:30.306 W/MountService(  374): getVolumeState(/mnt/sdcard2): Unknown volume
05-20 17:56:30.306 W/MountService(  374): getVolumeState(/mnt/emmc): Unknown volume
05-20 17:56:30.306 W/MountService(  374): getVolumeState(/mnt/extSdCard): Unknown volume
05-20 17:56:30.306 W/MountService(  374): getVolumeState(/mnt/sdcard/SD_CARD): Unknown volume
05-20 17:56:30.314 W/MountService(  374): getVolumeState(/mnt/sdcard/extra_sd): Unknown volume
05-20 17:56:30.314 W/MountService(  374): getVolumeState(/mnt/extrasd_bind): Unknown volume
05-20 17:56:30.314 W/MountService(  374): getVolumeState(/mnt/sdcard/ext_sd): Unknown volume
05-20 17:56:30.314 W/MountService(  374): getVolumeState(/storage/extSdCard): Unknown volume
05-20 17:56:30.314 W/MountService(  374): getVolumeState(/storage/sdcard1): Unknown volume
05-20 17:56:30.314 W/MountService(  374): getVolumeState(/mnt/sdcard/external_SD): Unknown volume
05-20 17:56:30.314 W/MountService(  374): getVolumeState(/mnt/sdcard/external_sd): Unknown volume
05-20 17:56:30.478 I/ActivityManager(  374): No longer want com.nd.assistance.ServerService (pid 8577): empty for 1825s
05-20 17:56:30.486 W/ActivityManager(  374): Scheduling restart of crashed service com.nd.assistance/.server.ServerService in 5000ms
05-20 17:56:30.627 W/MountService(  374): getVolumeState(/storage/emulated/0/external_sd): Unknown volume
05-20 17:56:30.627 W/MountService(  374): getVolumeState(/mnt/sdcard-ext): Unknown volume
05-20 17:56:30.627 W/MountService(  374): getVolumeState(/mnt/ext_sdcard): Unknown volume
05-20 17:56:30.627 W/MountService(  374): getVolumeState(/mnt/sdcard2): Unknown volume
05-20 17:56:30.627 W/MountService(  374): getVolumeState(/mnt/emmc): Unknown volume
05-20 17:56:30.627 W/MountService(  374): getVolumeState(/mnt/extSdCard): Unknown volume
05-20 17:56:30.627 W/MountService(  374): getVolumeState(/mnt/sdcard/SD_CARD): Unknown volume
05-20 17:56:30.635 W/MountService(  374): getVolumeState(/mnt/sdcard/extra_sd): Unknown volume
05-20 17:56:30.635 W/MountService(  374): getVolumeState(/mnt/extrasd_bind): Unknown volume
05-20 17:56:30.635 W/MountService(  374): getVolumeState(/mnt/sdcard/ext_sd): Unknown volume
05-20 17:56:30.642 W/MountService(  374): getVolumeState(/storage/extSdCard): Unknown volume
05-20 17:56:30.642 W/MountService(  374): getVolumeState(/storage/sdcard1): Unknown volume
05-20 17:56:30.642 W/MountService(  374): getVolumeState(/mnt/sdcard/external_SD): Unknown volume
05-20 17:56:30.642 W/MountService(  374): getVolumeState(/mnt/sdcard/external_sd): Unknown volume
05-20 17:56:35.502 I/ActivityManager(  374): Start proc com.nd.assistance.ServerService for service com.nd.assistance/.server.ServerService: pid=9221 uid=10068 gids={50068, 3003, 1015, 1006, 1028}
05-20 17:57:30.338 W/MountService(  374): getVolumeState(/storage/emulated/0/external_sd): Unknown volume
05-20 17:57:30.338 W/MountService(  374): getVolumeState(/mnt/sdcard-ext): Unknown volume
05-20 17:57:30.338 W/MountService(  374): getVolumeState(/mnt/ext_sdcard): Unknown volume
05-20 17:57:30.338 W/MountService(  374): getVolumeState(/mnt/sdcard2): Unknown volume
05-20 17:57:30.338 W/MountService(  374): getVolumeState(/mnt/emmc): Unknown volume
05-20 17:57:30.338 W/MountService(  374): getVolumeState(/mnt/extSdCard): Unknown volume
05-20 17:57:30.338 W/MountService(  374): getVolumeState(/mnt/sdcard/SD_CARD): Unknown volume
05-20 17:57:30.338 W/MountService(  374): getVolumeState(/mnt/sdcard/extra_sd): Unknown volume
05-20 17:57:30.338 W/MountService(  374): getVolumeState(/mnt/extrasd_bind): Unknown volume
05-20 17:57:30.338 W/MountService(  374): getVolumeState(/mnt/sdcard/ext_sd): Unknown volume
05-20 17:57:30.338 W/MountService(  374): getVolumeState(/storage/extSdCard): Unknown volume
05-20 17:57:30.338 W/MountService(  374): getVolumeState(/storage/sdcard1): Unknown volume
05-20 17:57:30.338 W/MountService(  374): getVolumeState(/mnt/sdcard/external_SD): Unknown volume
05-20 17:57:30.346 W/MountService(  374): getVolumeState(/mnt/sdcard/external_sd): Unknown volume
05-20 17:57:30.744 W/MountService(  374): getVolumeState(/storage/emulated/0/external_sd): Unknown volume
05-20 17:57:30.744 W/MountService(  374): getVolumeState(/mnt/sdcard-ext): Unknown volume
05-20 17:57:30.744 W/MountService(  374): getVolumeState(/mnt/ext_sdcard): Unknown volume
05-20 17:57:30.744 W/MountService(  374): getVolumeState(/mnt/sdcard2): Unknown volume
05-20 17:57:30.744 W/MountService(  374): getVolumeState(/mnt/emmc): Unknown volume
05-20 17:57:30.744 W/MountService(  374): getVolumeState(/mnt/extSdCard): Unknown volume
05-20 17:57:30.744 W/MountService(  374): getVolumeState(/mnt/sdcard/SD_CARD): Unknown volume
05-20 17:57:30.752 W/MountService(  374): getVolumeState(/mnt/sdcard/extra_sd): Unknown volume
05-20 17:57:30.752 W/MountService(  374): getVolumeState(/mnt/extrasd_bind): Unknown volume
05-20 17:57:30.752 W/MountService(  374): getVolumeState(/mnt/sdcard/ext_sd): Unknown volume
05-20 17:57:30.752 W/MountService(  374): getVolumeState(/storage/extSdCard): Unknown volume
05-20 17:57:30.752 W/MountService(  374): getVolumeState(/storage/sdcard1): Unknown volume
05-20 17:57:30.752 W/MountService(  374): getVolumeState(/mnt/sdcard/external_SD): Unknown volume
05-20 17:57:30.752 W/MountService(  374): getVolumeState(/mnt/sdcard/external_sd): Unknown volume
05-20 17:58:30.346 W/MountService(  374): getVolumeState(/storage/emulated/0/external_sd): Unknown volume
05-20 17:58:30.346 W/MountService(  374): getVolumeState(/mnt/sdcard-ext): Unknown volume
05-20 17:58:30.346 W/MountService(  374): getVolumeState(/mnt/ext_sdcard): Unknown volume
05-20 17:58:30.346 W/MountService(  374): getVolumeState(/mnt/sdcard2): Unknown volume
05-20 17:58:30.346 W/MountService(  374): getVolumeState(/mnt/emmc): Unknown volume
05-20 17:58:30.346 W/MountService(  374): getVolumeState(/mnt/extSdCard): Unknown volume
05-20 17:58:30.346 W/MountService(  374): getVolumeState(/mnt/sdcard/SD_CARD): Unknown volume
05-20 17:58:30.353 W/MountService(  374): getVolumeState(/mnt/sdcard/extra_sd): Unknown volume
05-20 17:58:30.353 W/MountService(  374): getVolumeState(/mnt/extrasd_bind): Unknown volume
05-20 17:58:30.353 W/MountService(  374): getVolumeState(/mnt/sdcard/ext_sd): Unknown volume
05-20 17:58:30.353 W/MountService(  374): getVolumeState(/storage/extSdCard): Unknown volume
05-20 17:58:30.353 W/MountService(  374): getVolumeState(/storage/sdcard1): Unknown volume
05-20 17:58:30.353 W/MountService(  374): getVolumeState(/mnt/sdcard/external_SD): Unknown volume
05-20 17:58:30.353 W/MountService(  374): getVolumeState(/mnt/sdcard/external_sd): Unknown volume
05-20 17:58:30.674 W/MountService(  374): getVolumeState(/storage/emulated/0/external_sd): Unknown volume
05-20 17:58:30.681 W/MountService(  374): getVolumeState(/mnt/sdcard-ext): Unknown volume
05-20 17:58:30.681 W/MountService(  374): getVolumeState(/mnt/ext_sdcard): Unknown volume
05-20 17:58:30.681 W/MountService(  374): getVolumeState(/mnt/sdcard2): Unknown volume
05-20 17:58:30.681 W/MountService(  374): getVolumeState(/mnt/emmc): Unknown volume
05-20 17:58:30.681 W/MountService(  374): getVolumeState(/mnt/extSdCard): Unknown volume
05-20 17:58:30.681 W/MountService(  374): getVolumeState(/mnt/sdcard/SD_CARD): Unknown volume
05-20 17:58:30.681 W/MountService(  374): getVolumeState(/mnt/sdcard/extra_sd): Unknown volume
05-20 17:58:30.681 W/MountService(  374): getVolumeState(/mnt/extrasd_bind): Unknown volume
05-20 17:58:30.681 W/MountService(  374): getVolumeState(/mnt/sdcard/ext_sd): Unknown volume
05-20 17:58:30.689 W/MountService(  374): getVolumeState(/storage/extSdCard): Unknown volume
05-20 17:58:30.689 W/MountService(  374): getVolumeState(/storage/sdcard1): Unknown volume
05-20 17:58:30.689 W/MountService(  374): getVolumeState(/mnt/sdcard/external_SD): Unknown volume
05-20 17:58:30.689 W/MountService(  374): getVolumeState(/mnt/sdcard/external_sd): Unknown volume
05-20 17:59:30.353 W/MountService(  374): getVolumeState(/storage/emulated/0/external_sd): Unknown volume
05-20 17:59:30.353 W/MountService(  374): getVolumeState(/mnt/sdcard-ext): Unknown volume
05-20 17:59:30.353 W/MountService(  374): getVolumeState(/mnt/ext_sdcard): Unknown volume
05-20 17:59:30.353 W/MountService(  374): getVolumeState(/mnt/sdcard2): Unknown volume
05-20 17:59:30.353 W/MountService(  374): getVolumeState(/mnt/emmc): Unknown volume
05-20 17:59:30.353 W/MountService(  374): getVolumeState(/mnt/extSdCard): Unknown volume
05-20 17:59:30.361 W/MountService(  374): getVolumeState(/mnt/sdcard/SD_CARD): Unknown volume
05-20 17:59:30.361 W/MountService(  374): getVolumeState(/mnt/sdcard/extra_sd): Unknown volume
05-20 17:59:30.361 W/MountService(  374): getVolumeState(/mnt/extrasd_bind): Unknown volume
05-20 17:59:30.369 W/MountService(  374): getVolumeState(/mnt/sdcard/ext_sd): Unknown volume
05-20 17:59:30.377 W/MountService(  374): getVolumeState(/storage/extSdCard): Unknown volume
05-20 17:59:30.377 W/MountService(  374): getVolumeState(/storage/sdcard1): Unknown volume
05-20 17:59:30.377 W/MountService(  374): getVolumeState(/mnt/sdcard/external_SD): Unknown volume
05-20 17:59:30.377 W/MountService(  374): getVolumeState(/mnt/sdcard/external_sd): Unknown volume
05-20 17:59:30.681 W/MountService(  374): getVolumeState(/storage/emulated/0/external_sd): Unknown volume
05-20 17:59:30.681 W/MountService(  374): getVolumeState(/mnt/sdcard-ext): Unknown volume
05-20 17:59:30.681 W/MountService(  374): getVolumeState(/mnt/ext_sdcard): Unknown volume
05-20 17:59:30.681 W/MountService(  374): getVolumeState(/mnt/sdcard2): Unknown volume
05-20 17:59:30.681 W/MountService(  374): getVolumeState(/mnt/emmc): Unknown volume
05-20 17:59:30.681 W/MountService(  374): getVolumeState(/mnt/extSdCard): Unknown volume
05-20 17:59:30.681 W/MountService(  374): getVolumeState(/mnt/sdcard/SD_CARD): Unknown volume
05-20 17:59:30.681 W/MountService(  374): getVolumeState(/mnt/sdcard/extra_sd): Unknown volume
05-20 17:59:30.681 W/MountService(  374): getVolumeState(/mnt/extrasd_bind): Unknown volume
05-20 17:59:30.681 W/MountService(  374): getVolumeState(/mnt/sdcard/ext_sd): Unknown volume
05-20 17:59:30.681 W/MountService(  374): getVolumeState(/storage/extSdCard): Unknown volume
05-20 17:59:30.681 W/MountService(  374): getVolumeState(/storage/sdcard1): Unknown volume
05-20 17:59:30.689 W/MountService(  374): getVolumeState(/mnt/sdcard/external_SD): Unknown volume
05-20 17:59:30.689 W/MountService(  374): getVolumeState(/mnt/sdcard/external_sd): Unknown volume
05-20 18:00:06.830 I/ActivityManager(  374): No longer want com.dragon.android.pandaspace:bdservice_v1 (pid 8599): empty for 1801s
05-20 18:00:06.838 W/ActivityManager(  374): Scheduling restart of crashed service com.dragon.android.pandaspace/com.baidu.android.moplus.MoPlusService in 5000ms
05-20 18:00:11.853 I/ActivityManager(  374): Start proc com.dragon.android.pandaspace:bdservice_v1 for service com.dragon.android.pandaspace/com.baidu.android.moplus.MoPlusService: pid=9242 uid=10074 gids={50074, 1015, 3003, 1006, 1028}
05-20 18:00:30.361 W/MountService(  374): getVolumeState(/storage/emulated/0/external_sd): Unknown volume
05-20 18:00:30.361 W/MountService(  374): getVolumeState(/mnt/sdcard-ext): Unknown volume
05-20 18:00:30.361 W/MountService(  374): getVolumeState(/mnt/ext_sdcard): Unknown volume
05-20 18:00:30.361 W/MountService(  374): getVolumeState(/mnt/sdcard2): Unknown volume
05-20 18:00:30.361 W/MountService(  374): getVolumeState(/mnt/emmc): Unknown volume
05-20 18:00:30.361 W/MountService(  374): getVolumeState(/mnt/extSdCard): Unknown volume
05-20 18:00:30.361 W/MountService(  374): getVolumeState(/mnt/sdcard/SD_CARD): Unknown volume
05-20 18:00:30.361 W/MountService(  374): getVolumeState(/mnt/sdcard/extra_sd): Unknown volume
05-20 18:00:30.361 W/MountService(  374): getVolumeState(/mnt/extrasd_bind): Unknown volume
05-20 18:00:30.369 W/MountService(  374): getVolumeState(/mnt/sdcard/ext_sd): Unknown volume
05-20 18:00:30.369 W/MountService(  374): getVolumeState(/storage/extSdCard): Unknown volume
05-20 18:00:30.369 W/MountService(  374): getVolumeState(/storage/sdcard1): Unknown volume
05-20 18:00:30.369 W/MountService(  374): getVolumeState(/mnt/sdcard/external_SD): Unknown volume
05-20 18:00:30.369 W/MountService(  374): getVolumeState(/mnt/sdcard/external_sd): Unknown volume
05-20 18:00:30.736 W/MountService(  374): getVolumeState(/storage/emulated/0/external_sd): Unknown volume
05-20 18:00:30.736 W/MountService(  374): getVolumeState(/mnt/sdcard-ext): Unknown volume
05-20 18:00:30.736 W/MountService(  374): getVolumeState(/mnt/ext_sdcard): Unknown volume
05-20 18:00:30.736 W/MountService(  374): getVolumeState(/mnt/sdcard2): Unknown volume
05-20 18:00:30.736 W/MountService(  374): getVolumeState(/mnt/emmc): Unknown volume
05-20 18:00:30.736 W/MountService(  374): getVolumeState(/mnt/extSdCard): Unknown volume
05-20 18:00:30.736 W/MountService(  374): getVolumeState(/mnt/sdcard/SD_CARD): Unknown volume
05-20 18:00:30.744 W/MountService(  374): getVolumeState(/mnt/sdcard/extra_sd): Unknown volume
05-20 18:00:30.744 W/MountService(  374): getVolumeState(/mnt/extrasd_bind): Unknown volume
05-20 18:00:30.744 W/MountService(  374): getVolumeState(/mnt/sdcard/ext_sd): Unknown volume
05-20 18:00:30.744 W/MountService(  374): getVolumeState(/storage/extSdCard): Unknown volume
05-20 18:00:30.744 W/MountService(  374): getVolumeState(/storage/sdcard1): Unknown volume
05-20 18:00:30.744 W/MountService(  374): getVolumeState(/mnt/sdcard/external_SD): Unknown volume
05-20 18:00:30.744 W/MountService(  374): getVolumeState(/mnt/sdcard/external_sd): Unknown volume
05-20 18:01:00.049 I/PowerManagerService(  374): Waking up from sleep...
05-20 18:01:00.088 I/WindowManager(  374): Lock screen displayed!
05-20 18:01:01.385 D/PhoneStatusBar(  448): disable: < expand icons alerts ticker system_info BACK HOME recent* CLOCK search* >
05-20 18:01:01.455 D/PhoneStatusBar(  448): disable: < expand icons alerts ticker system_info back* home* recent clock* search >
05-20 18:01:03.049 I/ActivityManager(  374): START u0 {act=android.intent.action.MAIN cmp=com.android.settings/.SubSettings (has extras)} from pid 8981
05-20 18:01:04.150 I/ActivityManager(  374): START u0 {act=android.intent.action.MAIN cmp=com.android.settings/.SubSettings (has extras)} from pid 8981
05-20 18:01:05.306 I/ActivityManager(  374): START u0 {cmp=com.android.settings/.DeviceAdminAdd (has extras)} from pid 8981
05-20 18:01:06.611 I/ActivityManager(  374): START u0 {flg=0x10000000 cmp=com.pekall.emdm.launcher/com.pekall.emdm.ui.ActiveDeviceAdminActivity} from pid 6748
05-20 18:01:06.697 W/InputMethodManagerService(  374): Focus gain on non-focused client com.android.internal.view.IInputMethodClient$Stub$Proxy@42a4eed8 (uid=1000 pid=8981)
05-20 18:01:07.463 I/ActivityManager(  374): START u0 {act=launcher.action.to.personal cmp=com.pekall.emdm.launcher/.ui.BackPersonalActivity} from pid 6748
05-20 18:01:07.603 I/ActivityManager(  374): START u0 {act=android.intent.action.VIEW flg=0x10200000 cmp=com.android.launcher/com.android.launcher2.Launcher} from pid 6748
05-20 18:01:14.971 I/ActivityManager(  374): START u0 {act=android.intent.action.MAIN cat=[android.intent.category.LAUNCHER] flg=0x10200000 cmp=com.android.settings/.Settings} from pid 576
05-20 18:01:16.627 I/ActivityManager(  374): START u0 {act=android.intent.action.MAIN cmp=com.android.settings/.SubSettings (has extras)} from pid 8981
05-20 18:01:16.783 W/ContextImpl( 8981): Calling a method in the system process without a qualified user: android.app.ContextImpl.bindService:1439 android.content.ContextWrapper.bindService:496 com.android.settings.applications.ManageApplications.onCreate:861 android.app.Fragment.performCreate:1673 android.app.FragmentManagerImpl.moveToState:854 
05-20 18:01:16.799 I/ActivityManager(  374): Start proc com.android.defcontainer for service com.android.defcontainer/.DefaultContainerService: pid=9333 uid=10012 gids={50012, 1015, 1023, 2001, 1028}
05-20 18:01:21.111 I/ActivityManager(  374): START u0 {act=android.intent.action.MAIN cmp=com.android.settings/.SubSettings (has extras)} from pid 8981
05-20 18:01:26.322 I/ActivityManager(  374): Force stopping package com.pekall.emdm.launcher appid=10066 user=0
05-20 18:01:26.322 I/ActivityManager(  374): Killing proc 6748:com.pekall.emdm.launcher/u0a10066: force stop com.pekall.emdm.launcher
05-20 18:01:26.322 W/ActivityManager(  374): Scheduling restart of crashed service com.pekall.emdm.launcher/com.pekall.emdm.contacts.service.PhoneService in 5000ms
05-20 18:01:26.322 W/ActivityManager(  374): Scheduling restart of crashed service com.pekall.emdm.launcher/com.pekall.emdm.MdmService in 15000ms
05-20 18:01:26.322 W/ActivityManager(  374): Scheduling restart of crashed service com.pekall.emdm.launcher/com.pekall.emailcommon.accountprovision.AccountProvisionService in 25000ms
05-20 18:01:26.322 I/ActivityManager(  374):   Force finishing activity ActivityRecord{422743b8 u0 com.pekall.emdm.launcher/.Launcher}
05-20 18:01:26.322 I/ActivityManager(  374):   Force stopping service ServiceRecord{4306cd78 u0 com.pekall.emdm.launcher/com.pekall.emdm.contacts.service.PhoneService}
05-20 18:01:26.322 I/ActivityManager(  374):   Force stopping service ServiceRecord{430c7150 u0 com.pekall.emdm.launcher/com.pekall.emdm.MdmService}
05-20 18:01:26.322 I/ActivityManager(  374):   Force stopping service ServiceRecord{43049fd8 u0 com.pekall.emdm.launcher/com.pekall.emailcommon.accountprovision.AccountProvisionService}
05-20 18:01:26.385 I/WindowState(  374): WIN DEATH: Window{427cb548 u0 com.pekall.emdm.launcher/com.pekall.emdm.launcher.Launcher}
05-20 18:01:26.619 W/InputMethodManagerService(  374): Window already focused, ignoring focus gain of: com.android.internal.view.IInputMethodClient$Stub$Proxy@42996e70 attribute=null, token = android.os.BinderProxy@428a0420
05-20 18:01:30.369 W/MountService(  374): getVolumeState(/storage/emulated/0/external_sd): Unknown volume
05-20 18:01:30.369 W/MountService(  374): getVolumeState(/mnt/sdcard-ext): Unknown volume
05-20 18:01:30.377 W/MountService(  374): getVolumeState(/mnt/ext_sdcard): Unknown volume
05-20 18:01:30.377 W/MountService(  374): getVolumeState(/mnt/sdcard2): Unknown volume
05-20 18:01:30.377 W/MountService(  374): getVolumeState(/mnt/emmc): Unknown volume
05-20 18:01:30.377 W/MountService(  374): getVolumeState(/mnt/extSdCard): Unknown volume
05-20 18:01:30.377 W/MountService(  374): getVolumeState(/mnt/sdcard/SD_CARD): Unknown volume
05-20 18:01:30.377 W/MountService(  374): getVolumeState(/mnt/sdcard/extra_sd): Unknown volume
05-20 18:01:30.377 W/MountService(  374): getVolumeState(/mnt/extrasd_bind): Unknown volume
05-20 18:01:30.377 W/MountService(  374): getVolumeState(/mnt/sdcard/ext_sd): Unknown volume
05-20 18:01:30.385 W/MountService(  374): getVolumeState(/storage/extSdCard): Unknown volume
05-20 18:01:30.385 W/MountService(  374): getVolumeState(/storage/sdcard1): Unknown volume
05-20 18:01:30.385 W/MountService(  374): getVolumeState(/mnt/sdcard/external_SD): Unknown volume
05-20 18:01:30.385 W/MountService(  374): getVolumeState(/mnt/sdcard/external_sd): Unknown volume
05-20 18:01:30.760 W/MountService(  374): getVolumeState(/storage/emulated/0/external_sd): Unknown volume
05-20 18:01:30.760 W/MountService(  374): getVolumeState(/mnt/sdcard-ext): Unknown volume
05-20 18:01:30.760 W/MountService(  374): getVolumeState(/mnt/ext_sdcard): Unknown volume
05-20 18:01:30.760 W/MountService(  374): getVolumeState(/mnt/sdcard2): Unknown volume
05-20 18:01:30.760 W/MountService(  374): getVolumeState(/mnt/emmc): Unknown volume
05-20 18:01:30.760 W/MountService(  374): getVolumeState(/mnt/extSdCard): Unknown volume
05-20 18:01:30.760 W/MountService(  374): getVolumeState(/mnt/sdcard/SD_CARD): Unknown volume
05-20 18:01:30.760 W/MountService(  374): getVolumeState(/mnt/sdcard/extra_sd): Unknown volume
05-20 18:01:30.760 W/MountService(  374): getVolumeState(/mnt/extrasd_bind): Unknown volume
05-20 18:01:30.760 W/MountService(  374): getVolumeState(/mnt/sdcard/ext_sd): Unknown volume
05-20 18:01:30.767 W/MountService(  374): getVolumeState(/storage/extSdCard): Unknown volume
05-20 18:01:30.767 W/MountService(  374): getVolumeState(/storage/sdcard1): Unknown volume
05-20 18:01:30.767 W/MountService(  374): getVolumeState(/mnt/sdcard/external_SD): Unknown volume
05-20 18:01:30.767 W/MountService(  374): getVolumeState(/mnt/sdcard/external_sd): Unknown volume
05-20 18:01:37.244 I/ActivityManager(  374): START u0 {act=android.intent.action.MAIN cat=[android.intent.category.LAUNCHER] flg=0x10200000 cmp=com.pekall.emdm.launcher/.Launcher} from pid 576
05-20 18:01:37.431 I/ActivityManager(  374): Start proc com.pekall.emdm.launcher for activity com.pekall.emdm.launcher/.Launcher: pid=9365 uid=10066 gids={50066, 1015, 3002, 3001, 3003, 1028}
05-20 18:01:38.385 I/ActivityManager(  374): START u0 {cmp=com.pekall.emdm.launcher/com.pekall.emdm.ui.SplashActivity} from pid 9365
05-20 18:01:38.892 W/ActivityManager(  374): Activity pause timeout for ActivityRecord{422743b8 u0 com.pekall.emdm.launcher/.Launcher}
05-20 18:01:39.135 W/ActivityManager(  374): Unable to start service Intent { cmp=com.pekall.emdm.launcher/com.pekall.semail.service.AttachmentDownloadService } U=0: not found
05-20 18:01:39.408 W/ActivityManager(  374): Unable to start service Intent { cmp=com.pekall.emdm.launcher/com.pekall.semail.service.AttachmentDownloadService } U=0: not found
05-20 18:01:41.330 I/ActivityManager(  374): START u0 {cmp=com.pekall.emdm.launcher/com.pekall.emdm.ui.AdvActivity} from pid 9365
05-20 18:01:46.525 I/ActivityManager(  374): START u0 {cmp=com.pekall.emdm.launcher/com.pekall.emdm.ui.ActiveDeviceAdminActivity} from pid 9365
05-20 18:01:47.424 I/ActivityManager(  374): START u0 {act=android.app.action.ADD_DEVICE_ADMIN cmp=com.android.settings/.DeviceAdminAdd (has extras)} from pid 9365
05-20 18:01:48.830 I/ActivityManager(  374): START u0 {cmp=com.pekall.emdm.launcher/com.pekall.emdm.ui.RegDeviceActivity} from pid 9365
05-20 18:02:13.064 I/ActivityManager(  374): START u0 {flg=0x8000 cmp=com.pekall.emdm.launcher/.Launcher} from pid 9365
05-20 18:02:14.541 W/ActivityManager(  374): Unable to start service Intent { cmp=com.pekall.emdm.launcher/com.pekall.semail.service.AttachmentDownloadService } U=0: not found
05-20 18:02:16.244 W/ActivityManager(  374): Unable to start service Intent { act=pekall.intent.action.DOWNLOAD_APP (has extras) } U=0: not found
05-20 18:02:26.736 I/ActivityManager(  374): Start proc com.pekall.emdm.launcher:remote for service com.pekall.emdm.launcher/com.baidu.location.f: pid=9486 uid=10066 gids={50066, 1015, 3002, 3001, 3003, 1028}
05-20 18:02:26.931 D/ActivityThread( 9486): Loading provider com.pekall.semail.provider;com.pekall.semail.notifier: com.pekall.semail.provider.EmailProvider
05-20 18:02:27.033 D/ActivityThread( 9486): Loading provider com.pekall.semail.provider;com.pekall.semail.notifier: com.pekall.semail.provider.EmailProvider
05-20 18:02:28.783 W/ActivityManager(  374): Unable to start service Intent { cmp=com.pekall.emdm.launcher/com.pekall.semail.service.AttachmentDownloadService } U=0: not found
05-20 18:02:30.791 W/MountService(  374): getVolumeState(/storage/emulated/0/external_sd): Unknown volume
05-20 18:02:30.846 W/MountService(  374): getVolumeState(/mnt/sdcard-ext): Unknown volume
05-20 18:02:30.846 W/MountService(  374): getVolumeState(/mnt/ext_sdcard): Unknown volume
05-20 18:02:30.846 W/MountService(  374): getVolumeState(/mnt/sdcard2): Unknown volume
05-20 18:02:30.846 W/MountService(  374): getVolumeState(/mnt/emmc): Unknown volume
05-20 18:02:30.846 W/MountService(  374): getVolumeState(/mnt/extSdCard): Unknown volume
05-20 18:02:30.892 W/MountService(  374): getVolumeState(/mnt/sdcard/SD_CARD): Unknown volume
05-20 18:02:30.892 W/MountService(  374): getVolumeState(/mnt/sdcard/extra_sd): Unknown volume
05-20 18:02:31.010 W/MountService(  374): getVolumeState(/mnt/extrasd_bind): Unknown volume
05-20 18:02:31.010 W/MountService(  374): getVolumeState(/mnt/sdcard/ext_sd): Unknown volume
05-20 18:02:31.010 W/MountService(  374): getVolumeState(/storage/extSdCard): Unknown volume
05-20 18:02:31.010 W/MountService(  374): getVolumeState(/storage/sdcard1): Unknown volume
05-20 18:02:31.049 W/MountService(  374): getVolumeState(/mnt/sdcard/external_SD): Unknown volume
05-20 18:02:31.369 W/MountService(  374): getVolumeState(/mnt/sdcard/external_sd): Unknown volume
05-20 18:02:33.681 W/MountService(  374): getVolumeState(/storage/emulated/0/external_sd): Unknown volume
05-20 18:02:33.697 W/MountService(  374): getVolumeState(/mnt/sdcard-ext): Unknown volume
05-20 18:02:33.697 W/MountService(  374): getVolumeState(/mnt/ext_sdcard): Unknown volume
05-20 18:02:33.697 W/MountService(  374): getVolumeState(/mnt/sdcard2): Unknown volume
05-20 18:02:33.697 W/MountService(  374): getVolumeState(/mnt/emmc): Unknown volume
05-20 18:02:33.713 W/MountService(  374): getVolumeState(/mnt/extSdCard): Unknown volume
05-20 18:02:33.728 W/MountService(  374): getVolumeState(/mnt/sdcard/SD_CARD): Unknown volume
05-20 18:02:33.728 W/MountService(  374): getVolumeState(/mnt/sdcard/extra_sd): Unknown volume
05-20 18:02:33.728 W/MountService(  374): getVolumeState(/mnt/extrasd_bind): Unknown volume
05-20 18:02:33.728 W/MountService(  374): getVolumeState(/mnt/sdcard/ext_sd): Unknown volume
05-20 18:02:33.728 W/MountService(  374): getVolumeState(/storage/extSdCard): Unknown volume
05-20 18:02:33.744 W/MountService(  374): getVolumeState(/storage/sdcard1): Unknown volume
05-20 18:02:33.744 W/MountService(  374): getVolumeState(/mnt/sdcard/external_SD): Unknown volume
05-20 18:02:33.799 W/MountService(  374): getVolumeState(/mnt/sdcard/external_sd): Unknown volume
05-20 18:02:40.056 I/PowerManagerService(  374): Going to sleep due to screen timeout...
05-20 18:02:45.869 D/PhoneStatusBar(  448): disable: < expand icons alerts ticker system_info back home RECENT* clock SEARCH* >
05-20 18:02:45.939 D/PhoneStatusBar(  448): disable: < expand icons alerts ticker system_info BACK* HOME* RECENT CLOCK* SEARCH >
05-20 18:02:45.947 W/InputMethodManagerService(  374): Starting input on non-focused client com.android.internal.view.IInputMethodClient$Stub$Proxy@428da508 (uid=10066 pid=9365)
05-20 18:02:46.767 W/ActivityManager(  374): Timeout executing service: ServiceRecord{42d5a4f0 u0 com.pekall.emdm.launcher/com.baidu.location.f}
05-20 18:02:53.431 E/ActivityManager(  374): ANR in com.pekall.emdm.launcher:remote
05-20 18:02:53.431 E/ActivityManager(  374): Reason: Executing service com.pekall.emdm.launcher/com.baidu.location.f
05-20 18:02:53.431 E/ActivityManager(  374): Load: 2.31 / 1.53 / 1.49
05-20 18:02:53.431 E/ActivityManager(  374): CPU usage from 0ms to 6638ms later with 99% awake:
05-20 18:02:53.431 E/ActivityManager(  374):   85% 9486/com.pekall.emdm.launcher:remote: 84% user + 0.4% kernel / faults: 120 minor
05-20 18:02:53.431 E/ActivityManager(  374):   78% 9365/com.pekall.emdm.launcher: 78% user + 0.3% kernel / faults: 198 minor
05-20 18:02:53.431 E/ActivityManager(  374):   25% 374/system_server: 21% user + 4.2% kernel / faults: 500 minor
05-20 18:02:53.431 E/ActivityManager(  374):   5.8% 448/com.android.systemui: 5.2% user + 0.6% kernel / faults: 132 minor
05-20 18:02:53.431 E/ActivityManager(  374):   0% 561/com.android.phone: 0% user + 0% kernel / faults: 222 minor
05-20 18:02:53.431 E/ActivityManager(  374):   0.3% 8748/com.qihoo.appstore: 0.2% user + 0% kernel / faults: 314 minor
05-20 18:02:53.431 E/ActivityManager(  374):   0.2% 568/com.android.nfc: 0.2% user + 0% kernel / faults: 225 minor
05-20 18:02:53.431 E/ActivityManager(  374):   0.1% 135/adbd: 0% user + 0.1% kernel
05-20 18:02:53.431 E/ActivityManager(  374):   0.1% 8428/kworker/1:2: 0% user + 0.1% kernel
05-20 18:02:53.431 E/ActivityManager(  374): 98% TOTAL: 95% user + 3.4% kernel
05-20 18:02:53.431 E/ActivityManager(  374): CPU usage from 5713ms to 6257ms later:
05-20 18:02:53.431 E/ActivityManager(  374):   92% 9486/com.pekall.emdm.launcher:remote: 92% user + 0% kernel
05-20 18:02:53.431 E/ActivityManager(  374):     92% 9500/Thread-1975: 92% user + 0% kernel
05-20 18:02:53.431 E/ActivityManager(  374):   89% 9365/com.pekall.emdm.launcher: 89% user + 0% kernel
05-20 18:02:53.431 E/ActivityManager(  374):     87% 9378/Thread-1971: 87% user + 0% kernel
05-20 18:02:53.431 E/ActivityManager(  374):   5.5% 374/system_server: 0% user + 5.5% kernel
05-20 18:02:53.431 E/ActivityManager(  374):     7.4% 390/ActivityManager: 1.8% user + 5.5% kernel
05-20 18:02:53.431 E/ActivityManager(  374):   1.2% 8748/com.qihoo.appstore: 1.2% user + 0% kernel
05-20 18:02:53.431 E/ActivityManager(  374): 93% TOTAL: 89% user + 3.6% kernel
05-20 18:02:53.439 W/ActivityManager(  374): Killing ProcessRecord{4253b270 9486:com.pekall.emdm.launcher:remote/u0a10066}: background ANR
05-20 18:02:53.439 W/BroadcastQueue(  374): Timeout of broadcast BroadcastRecord{431f4c60 u-1 android.intent.action.SCREEN_OFF} - receiver=android.os.BinderProxy@4228de10, started 11757ms ago
05-20 18:02:53.439 W/BroadcastQueue(  374): Receiver during timeout: BroadcastFilter{42a06b48 u0 ReceiverList{42a09998 9486 com.pekall.emdm.launcher:remote/10066/u0 remote:4228de10}}
05-20 18:02:53.439 I/ActivityManager(  374): Skipping duplicate ANR: ProcessRecord{4253b270 9486:com.pekall.emdm.launcher:remote/u0a10066} Broadcast of Intent { act=android.intent.action.SCREEN_OFF flg=0x50000010 }
05-20 18:02:53.556 I/ActivityManager(  374): Process com.pekall.emdm.launcher:remote (pid 9486) has died.
05-20 18:02:53.556 W/ActivityManager(  374): Scheduling restart of crashed service com.pekall.emdm.launcher/com.baidu.location.f in 5000ms
05-20 18:02:58.596 I/ActivityManager(  374): Start proc com.pekall.emdm.launcher:remote for service com.pekall.emdm.launcher/com.baidu.location.f: pid=9533 uid=10066 gids={50066, 1015, 3002, 3001, 3003, 1028}
05-20 18:02:58.939 D/ActivityThread( 9533): Loading provider com.pekall.semail.provider;com.pekall.semail.notifier: com.pekall.semail.provider.EmailProvider
05-20 18:02:58.939 D/ActivityThread( 9533): Loading provider com.pekall.semail.provider;com.pekall.semail.notifier: com.pekall.semail.provider.EmailProvider
05-20 18:03:03.502 W/ActivityManager(  374): Unable to start service Intent { cmp=com.pekall.emdm.launcher/com.pekall.semail.service.AttachmentDownloadService } U=0: not found
05-20 18:03:10.150 I/PowerManagerService(  374): Waking up from sleep...
05-20 18:03:10.189 I/WindowManager(  374): Lock screen displayed!
05-20 18:03:12.002 D/PhoneStatusBar(  448): disable: < expand icons alerts ticker system_info BACK HOME recent* CLOCK search* >
05-20 18:03:12.119 D/PhoneStatusBar(  448): disable: < expand icons alerts ticker system_info back* home* recent clock* search >
05-20 18:03:14.283 I/ActivityManager(  374): START u0 {act=com.pekall.emdm.launcher.action.launcheraction flg=0x10000000 cmp=com.pekall.emdm.launcher/.CustomShirtcutActivity bnds=[293,1070][426,1174] (has extras)} from pid 9365
05-20 18:03:14.908 W/ActivityManager(  374): Activity pause timeout for ActivityRecord{42295ac8 u0 com.pekall.emdm.launcher/.CustomShirtcutActivity}
05-20 18:03:15.072 W/InputMethodManagerService(  374): Window already focused, ignoring focus gain of: com.android.internal.view.IInputMethodClient$Stub$Proxy@426f5a68 attribute=null, token = android.os.BinderProxy@42615450
05-20 18:03:16.830 I/ActivityManager(  374): START u0 {flg=0x10000000 cmp=com.pekall.emdm.launcher/com.pekall.emdm.messagecenter.activity.MessageMainActivity} from pid 9365
05-20 18:03:18.603 W/ActivityManager(  374): Timeout executing service: ServiceRecord{42d5a4f0 u0 com.pekall.emdm.launcher/com.baidu.location.f}
05-20 18:03:23.463 E/ActivityManager(  374): ANR in com.pekall.emdm.launcher:remote
05-20 18:03:23.463 E/ActivityManager(  374): Reason: Executing service com.pekall.emdm.launcher/com.baidu.location.f
05-20 18:03:23.463 E/ActivityManager(  374): Load: 3.56 / 1.9 / 1.61
05-20 18:03:23.463 E/ActivityManager(  374): CPU usage from 3460ms to -4825ms ago:
05-20 18:03:23.463 E/ActivityManager(  374):   89% 9365/com.pekall.emdm.launcher: 86% user + 2.6% kernel / faults: 5038 minor 5 major
05-20 18:03:23.463 E/ActivityManager(  374):   77% 9533/com.pekall.emdm.launcher:remote: 76% user + 0.3% kernel / faults: 117 minor
05-20 18:03:23.463 E/ActivityManager(  374):   18% 374/system_server: 13% user + 5.3% kernel / faults: 2182 minor
05-20 18:03:23.463 E/ActivityManager(  374):   3.1% 448/com.android.systemui: 3% user + 0.1% kernel / faults: 45 minor
05-20 18:03:23.463 E/ActivityManager(  374):   2.5% 9567/uiautomator: 2% user + 0.4% kernel / faults: 1046 minor
05-20 18:03:23.463 E/ActivityManager(  374):   2.2% 127/mediaserver: 1% user + 1.2% kernel / faults: 2 minor
05-20 18:03:23.463 E/ActivityManager(  374):   1.8% 124/surfaceflinger: 1% user + 0.7% kernel / faults: 3004 minor
05-20 18:03:23.463 E/ActivityManager(  374):   1.3% 1661/com.qihoo360.mobilesafe:GuardService: 1% user + 0.2% kernel / faults: 213 minor 2 major
05-20 18:03:23.463 E/ActivityManager(  374):   0.4% 135/adbd: 0% user + 0.4% kernel
05-20 18:03:23.463 E/ActivityManager(  374):   0.3% 568/com.android.nfc: 0.2% user + 0.1% kernel / faults: 28 minor
05-20 18:03:23.463 E/ActivityManager(  374):   0.2% 561/com.android.phone: 0.1% user + 0.1% kernel / faults: 30 minor
05-20 18:03:23.463 E/ActivityManager(  374):   0.2% 8748/com.qihoo.appstore: 0.1% user + 0.1% kernel / faults: 2 minor
05-20 18:03:23.463 E/ActivityManager(  374):   0.2% 9239/kworker/0:0: 0% user + 0.2% kernel
05-20 18:03:23.463 E/ActivityManager(  374):   0.2% 9327/kworker/u:5: 0% user + 0.2% kernel
05-20 18:03:23.463 E/ActivityManager(  374):   0% 95/ueventd: 0% user + 0% kernel
05-20 18:03:23.463 E/ActivityManager(  374):   0% 121/netd: 0% user + 0% kernel
05-20 18:03:23.463 E/ActivityManager(  374):   0.1% 2462/com.dragon.android.pandaspace: 0.1% user + 0% kernel / faults: 47 minor
05-20 18:03:23.463 E/ActivityManager(  374):   0% 4648/logcat: 0% user + 0% kernel
05-20 18:03:23.463 E/ActivityManager(  374):   0.1% 9293/kworker/u:1: 0% user + 0.1% kernel
05-20 18:03:23.463 E/ActivityManager(  374):   0.1% 9295/kworker/u:3: 0% user + 0.1% kernel
05-20 18:03:23.463 E/ActivityManager(  374):   0.1% 9530/logcat: 0% user + 0.1% kernel
05-20 18:03:23.463 E/ActivityManager(  374): 100% TOTAL: 93% user + 6.9% kernel
05-20 18:03:23.463 E/ActivityManager(  374): CPU usage from 4044ms to 4577ms later:
05-20 18:03:23.463 E/ActivityManager(  374):   89% 9365/com.pekall.emdm.launcher: 81% user + 7.2% kernel / faults: 456 minor
05-20 18:03:23.463 E/ActivityManager(  374):     43% 9378/Thread-1971: 43% user + 0% kernel
05-20 18:03:23.463 E/ActivityManager(  374):     40% 9365/l.emdm.launcher: 36% user + 3.6% kernel
05-20 18:03:23.463 E/ActivityManager(  374):     3.6% 9372/Compiler: 0% user + 3.6% kernel
05-20 18:03:23.463 E/ActivityManager(  374):     1.8% 9376/Binder_1: 1.8% user + 0% kernel
05-20 18:03:23.463 E/ActivityManager(  374):   85% 9533/com.pekall.emdm.launcher:remote: 85% user + 0% kernel
05-20 18:03:23.463 E/ActivityManager(  374):     83% 9546/Thread-1977: 83% user + 0% kernel
05-20 18:03:23.463 E/ActivityManager(  374):   10% 9567/uiautomator: 9% user + 1.8% kernel / faults: 313 minor
05-20 18:03:23.463 E/ActivityManager(  374):     7.2% 9567/uiautomator: 5.4% user + 1.8% kernel
05-20 18:03:23.463 E/ActivityManager(  374):     1.8% 9575/Binder_1: 1.8% user + 0% kernel
05-20 18:03:23.463 E/ActivityManager(  374):     1.8% 9583/Binder_3: 1.8% user + 0% kernel
05-20 18:03:23.463 E/ActivityManager(  374):   9.4% 374/system_server: 3.7% user + 5.6% kernel / faults: 34 minor
05-20 18:03:23.463 E/ActivityManager(  374):     1.8% 390/ActivityManager: 0% user + 1.8% kernel
05-20 18:03:23.463 E/ActivityManager(  374): 100% TOTAL: 91% user + 8.4% kernel
05-20 18:03:23.478 W/ActivityManager(  374): Killing ProcessRecord{42532c28 9533:com.pekall.emdm.launcher:remote/u0a10066}: background ANR
05-20 18:03:23.580 I/ActivityManager(  374): Process com.pekall.emdm.launcher:remote (pid 9533) has died.
05-20 18:03:23.580 W/ActivityManager(  374): Scheduling restart of crashed service com.pekall.emdm.launcher/com.baidu.location.f in 20000ms
05-20 18:03:30.478 W/MountService(  374): getVolumeState(/storage/emulated/0/external_sd): Unknown volume
05-20 18:03:30.478 W/MountService(  374): getVolumeState(/mnt/sdcard-ext): Unknown volume
05-20 18:03:30.478 W/MountService(  374): getVolumeState(/mnt/ext_sdcard): Unknown volume
05-20 18:03:30.486 W/MountService(  374): getVolumeState(/mnt/sdcard2): Unknown volume
05-20 18:03:30.486 W/MountService(  374): getVolumeState(/mnt/emmc): Unknown volume
05-20 18:03:30.486 W/MountService(  374): getVolumeState(/mnt/extSdCard): Unknown volume
05-20 18:03:30.486 W/MountService(  374): getVolumeState(/mnt/sdcard/SD_CARD): Unknown volume
05-20 18:03:30.486 W/MountService(  374): getVolumeState(/mnt/sdcard/extra_sd): Unknown volume
05-20 18:03:30.486 W/MountService(  374): getVolumeState(/mnt/extrasd_bind): Unknown volume
05-20 18:03:30.486 W/MountService(  374): getVolumeState(/mnt/sdcard/ext_sd): Unknown volume
05-20 18:03:30.486 W/MountService(  374): getVolumeState(/storage/extSdCard): Unknown volume
05-20 18:03:30.486 W/MountService(  374): getVolumeState(/storage/sdcard1): Unknown volume
05-20 18:03:30.486 W/MountService(  374): getVolumeState(/mnt/sdcard/external_SD): Unknown volume
05-20 18:03:30.486 W/MountService(  374): getVolumeState(/mnt/sdcard/external_sd): Unknown volume
05-20 18:03:31.439 W/MountService(  374): getVolumeState(/storage/emulated/0/external_sd): Unknown volume
05-20 18:03:31.447 W/MountService(  374): getVolumeState(/mnt/sdcard-ext): Unknown volume
05-20 18:03:31.447 W/MountService(  374): getVolumeState(/mnt/ext_sdcard): Unknown volume
05-20 18:03:31.447 W/MountService(  374): getVolumeState(/mnt/sdcard2): Unknown volume
05-20 18:03:31.455 W/MountService(  374): getVolumeState(/mnt/emmc): Unknown volume
05-20 18:03:31.455 W/MountService(  374): getVolumeState(/mnt/extSdCard): Unknown volume
05-20 18:03:31.455 W/MountService(  374): getVolumeState(/mnt/sdcard/SD_CARD): Unknown volume
05-20 18:03:31.455 W/MountService(  374): getVolumeState(/mnt/sdcard/extra_sd): Unknown volume
05-20 18:03:31.455 W/MountService(  374): getVolumeState(/mnt/extrasd_bind): Unknown volume
05-20 18:03:31.486 W/MountService(  374): getVolumeState(/mnt/sdcard/ext_sd): Unknown volume
05-20 18:03:31.517 W/MountService(  374): getVolumeState(/storage/extSdCard): Unknown volume
05-20 18:03:31.525 W/MountService(  374): getVolumeState(/storage/sdcard1): Unknown volume
05-20 18:03:31.525 W/MountService(  374): getVolumeState(/mnt/sdcard/external_SD): Unknown volume
05-20 18:03:31.541 W/MountService(  374): getVolumeState(/mnt/sdcard/external_sd): Unknown volume
05-20 18:03:43.603 I/ActivityManager(  374): Start proc com.pekall.emdm.launcher:remote for service com.pekall.emdm.launcher/com.baidu.location.f: pid=9603 uid=10066 gids={50066, 1015, 3002, 3001, 3003, 1028}
05-20 18:03:43.947 D/ActivityThread( 9603): Loading provider com.pekall.semail.provider;com.pekall.semail.notifier: com.pekall.semail.provider.EmailProvider
05-20 18:03:44.010 D/ActivityThread( 9603): Loading provider com.pekall.semail.provider;com.pekall.semail.notifier: com.pekall.semail.provider.EmailProvider
05-20 18:03:48.158 I/PowerManagerService(  374): Going to sleep due to screen timeout...
05-20 18:03:48.166 I/PowerManagerService(  374): Waking up from sleep...
05-20 18:03:49.260 W/ActivityManager(  374): Unable to start service Intent { cmp=com.pekall.emdm.launcher/com.pekall.semail.service.AttachmentDownloadService } U=0: not found
05-20 18:03:53.455 D/PhoneStatusBar(  448): disable: < expand icons alerts ticker system_info back home RECENT* clock SEARCH* >
05-20 18:03:53.596 D/PhoneStatusBar(  448): disable: < expand icons alerts ticker system_info BACK* HOME* RECENT CLOCK* SEARCH >
05-20 18:03:58.760 W/BroadcastQueue(  374): Timeout of broadcast BroadcastRecord{42f5bfa8 u-1 android.intent.action.SCREEN_OFF} - receiver=android.os.BinderProxy@42c114a8, started 10000ms ago
05-20 18:03:58.760 W/BroadcastQueue(  374): Receiver during timeout: BroadcastFilter{42a67ad8 u0 ReceiverList{42a72fe0 9603 com.pekall.emdm.launcher:remote/10066/u0 remote:42c114a8}}
05-20 18:03:58.775 I/WindowManager(  374): Lock screen displayed!
05-20 18:04:02.510 E/ActivityManager(  374): ANR in com.pekall.emdm.launcher:remote
05-20 18:04:02.510 E/ActivityManager(  374): Reason: Broadcast of Intent { act=android.intent.action.SCREEN_OFF flg=0x50000010 }
05-20 18:04:02.510 E/ActivityManager(  374): Load: 3.27 / 2.01 / 1.66
05-20 18:04:02.510 E/ActivityManager(  374): CPU usage from 10438ms to 589ms ago with 99% awake:
05-20 18:04:02.510 E/ActivityManager(  374):   88% 9365/com.pekall.emdm.launcher: 88% user + 0.1% kernel / faults: 390 minor
