05-20 18:02:53.431 E/ActivityManager(  374):   5.5% 374/system_server: 0% user + 5.5% kernel
05-20 18:02:53.431 E/ActivityManager(  374):     7.4% 390/ActivityManager: 1.8% user + 5.5% kernel
05-20 18:02:53.431 E/ActivityManager(  374):   1.2% 8748/com.qihoo.appstore: 1.2% user + 0% kernel
05-20 18:02:53.431 E/ActivityManager(  374): 93% TOTAL: 89% user + 3.6% kernel
05-20 18:02:53.439 W/ActivityManager(  374): Killing ProcessRecord{4253b270 9486:com.pekall.emdm.launcher:remote/u0a10066}: background ANR
05-20 18:02:53.439 W/BroadcastQueue(  374): Timeout of broadcast BroadcastRecord{431f4c60 u-1 android.intent.action.SCREEN_OFF} - receiver=android.os.BinderProxy@4228de10, started 11757ms ago
05-20 18:02:53.439 W/BroadcastQueue(  374): Receiver during timeout: BroadcastFilter{42a06b48 u0 ReceiverList{42a09998 9486 com.pekall.emdm.launcher:remote/10066/u0 remote:4228de10}}
05-20 18:02:53.439 I/ActivityManager(  374): Skipping duplicate ANR: ProcessRecord{4253b270 9486:com.pekall.emdm.launcher:remote/u0a10066} Broadcast of Intent { act=android.intent.action.SCREEN_OFF flg=0x50000010 }
05-20 18:02:53.556 I/ActivityManager(  374): Process com.pekall.emdm.launcher:remote (pid 9486) has died.
05-20 18:02:53.556 W/ActivityManager(  374): Scheduling restart of crashed service com.pekall.emdm.launcher/com.baidu.location.f in 5000ms
05-20 18:02:58.596 I/ActivityManager(  374): Start proc com.pekall.emdm.launcher:remote for service com.pekall.emdm.launcher/com.baidu.location.f: pid=9533 uid=10066 gids={50066, 1015, 3002, 3001, 3003, 1028}
05-20 18:02:58.939 D/ActivityThread( 9533): Loading provider com.pekall.semail.provider;com.pekall.semail.notifier: com.pekall.semail.provider.EmailProvider
05-20 18:02:58.939 D/ActivityThread( 9533): Loading provider com.pekall.semail.provider;com.pekall.semail.notifier: com.pekall.semail.provider.EmailProvider
05-20 18:03:03.502 W/ActivityManager(  374): Unable to start service Intent { cmp=com.pekall.emdm.launcher/com.pekall.semail.service.AttachmentDownloadService } U=0: not found
05-20 18:03:10.150 I/PowerManagerService(  374): Waking up from sleep...
05-20 18:03:10.189 I/WindowManager(  374): Lock screen displayed!
05-20 18:03:12.002 D/PhoneStatusBar(  448): disable: < expand icons alerts ticker system_info BACK HOME recent* CLOCK search* >
05-20 18:03:12.119 D/PhoneStatusBar(  448): disable: < expand icons alerts ticker system_info back* home* recent clock* search >
05-20 18:03:14.283 I/ActivityManager(  374): START u0 {act=com.pekall.emdm.launcher.action.launcheraction flg=0x10000000 cmp=com.pekall.emdm.launcher/.CustomShirtcutActivity bnds=[293,1070][426,1174] (has extras)} from pid 9365
05-20 18:03:14.908 W/ActivityManager(  374): Activity pause timeout for ActivityRecord{42295ac8 u0 com.pekall.emdm.launcher/.CustomShirtcutActivity}
05-20 18:03:15.072 W/InputMethodManagerService(  374): Window already focused, ignoring focus gain of: com.android.internal.view.IInputMethodClient$Stub$Proxy@426f5a68 attribute=null, token = android.os.BinderProxy@42615450
05-20 18:03:16.830 I/ActivityManager(  374): START u0 {flg=0x10000000 cmp=com.pekall.emdm.launcher/com.pekall.emdm.messagecenter.activity.MessageMainActivity} from pid 9365
05-20 18:03:18.603 W/ActivityManager(  374): Timeout executing service: ServiceRecord{42d5a4f0 u0 com.pekall.emdm.launcher/com.baidu.location.f}
05-20 18:03:23.463 E/ActivityManager(  374): ANR in com.pekall.emdm.launcher:remote
05-20 18:03:23.463 E/ActivityManager(  374): Reason: Executing service com.pekall.emdm.launcher/com.baidu.location.f
05-20 18:03:23.463 E/ActivityManager(  374): Load: 3.56 / 1.9 / 1.61
05-20 18:03:23.463 E/ActivityManager(  374): CPU usage from 3460ms to -4825ms ago:
05-20 18:03:23.463 E/ActivityManager(  374):   89% 9365/com.pekall.emdm.launcher: 86% user + 2.6% kernel / faults: 5038 minor 5 major
05-20 18:03:23.463 E/ActivityManager(  374):   77% 9533/com.pekall.emdm.launcher:remote: 76% user + 0.3% kernel / faults: 117 minor
05-20 18:03:23.463 E/ActivityManager(  374):   18% 374/system_server: 13% user + 5.3% kernel / faults: 2182 minor
05-20 18:03:23.463 E/ActivityManager(  374):   3.1% 448/com.android.systemui: 3% user + 0.1% kernel / faults: 45 minor
05-20 18:03:23.463 E/ActivityManager(  374):   2.5% 9567/uiautomator: 2% user + 0.4% kernel / faults: 1046 minor
05-20 18:03:23.463 E/ActivityManager(  374):   2.2% 127/mediaserver: 1% user + 1.2% kernel / faults: 2 minor
05-20 18:03:23.463 E/ActivityManager(  374):   1.8% 124/surfaceflinger: 1% user + 0.7% kernel / faults: 3004 minor
05-20 18:03:23.463 E/ActivityManager(  374):   1.3% 1661/com.qihoo360.mobilesafe:GuardService: 1% user + 0.2% kernel / faults: 213 minor 2 major
05-20 18:03:23.463 E/ActivityManager(  374):   0.4% 135/adbd: 0% user + 0.4% kernel
05-20 18:03:23.463 E/ActivityManager(  374):   0.3% 568/com.android.nfc: 0.2% user + 0.1% kernel / faults: 28 minor
05-20 18:03:23.463 E/ActivityManager(  374):   0.2% 561/com.android.phone: 0.1% user + 0.1% kernel / faults: 30 minor
05-20 18:03:23.463 E/ActivityManager(  374):   0.2% 8748/com.qihoo.appstore: 0.1% user + 0.1% kernel / faults: 2 minor
05-20 18:03:23.463 E/ActivityManager(  374):   0.2% 9239/kworker/0:0: 0% user + 0.2% kernel
05-20 18:03:23.463 E/ActivityManager(  374):   0.2% 9327/kworker/u:5: 0% user + 0.2% kernel
05-20 18:03:23.463 E/ActivityManager(  374):   0% 95/ueventd: 0% user + 0% kernel
05-20 18:03:23.463 E/ActivityManager(  374):   0% 121/netd: 0% user + 0% kernel
05-20 18:03:23.463 E/ActivityManager(  374):   0.1% 2462/com.dragon.android.pandaspace: 0.1% user + 0% kernel / faults: 47 minor
05-20 18:03:23.463 E/ActivityManager(  374):   0% 4648/logcat: 0% user + 0% kernel
05-20 18:03:23.463 E/ActivityManager(  374):   0.1% 9293/kworker/u:1: 0% user + 0.1% kernel
05-20 18:03:23.463 E/ActivityManager(  374):   0.1% 9295/kworker/u:3: 0% user + 0.1% kernel
05-20 18:03:23.463 E/ActivityManager(  374):   0.1% 9530/logcat: 0% user + 0.1% kernel
05-20 18:03:23.463 E/ActivityManager(  374): 100% TOTAL: 93% user + 6.9% kernel
05-20 18:03:23.463 E/ActivityManager(  374): CPU usage from 4044ms to 4577ms later:
05-20 18:03:23.463 E/ActivityManager(  374):   89% 9365/com.pekall.emdm.launcher: 81% user + 7.2% kernel / faults: 456 minor
05-20 18:03:23.463 E/ActivityManager(  374):     43% 9378/Thread-1971: 43% user + 0% kernel
05-20 18:03:23.463 E/ActivityManager(  374):     40% 9365/l.emdm.launcher: 36% user + 3.6% kernel
05-20 18:03:23.463 E/ActivityManager(  374):     3.6% 9372/Compiler: 0% user + 3.6% kernel
05-20 18:03:23.463 E/ActivityManager(  374):     1.8% 9376/Binder_1: 1.8% user + 0% kernel
05-20 18:03:23.463 E/ActivityManager(  374):   85% 9533/com.pekall.emdm.launcher:remote: 85% user + 0% kernel
05-20 18:03:23.463 E/ActivityManager(  374):     83% 9546/Thread-1977: 83% user + 0% kernel
05-20 18:03:23.463 E/ActivityManager(  374):   10% 9567/uiautomator: 9% user + 1.8% kernel / faults: 313 minor
05-20 18:03:23.463 E/ActivityManager(  374):     7.2% 9567/uiautomator: 5.4% user + 1.8% kernel
05-20 18:03:23.463 E/ActivityManager(  374):     1.8% 9575/Binder_1: 1.8% user + 0% kernel
05-20 18:03:23.463 E/ActivityManager(  374):     1.8% 9583/Binder_3: 1.8% user + 0% kernel
05-20 18:03:23.463 E/ActivityManager(  374):   9.4% 374/system_server: 3.7% user + 5.6% kernel / faults: 34 minor
05-20 18:03:23.463 E/ActivityManager(  374):     1.8% 390/ActivityManager: 0% user + 1.8% kernel
05-20 18:03:23.463 E/ActivityManager(  374): 100% TOTAL: 91% user + 8.4% kernel
05-20 18:03:23.478 W/ActivityManager(  374): Killing ProcessRecord{42532c28 9533:com.pekall.emdm.launcher:remote/u0a10066}: background ANR
05-20 18:03:23.580 I/ActivityManager(  374): Process com.pekall.emdm.launcher:remote (pid 9533) has died.
05-20 18:03:23.580 W/ActivityManager(  374): Scheduling restart of crashed service com.pekall.emdm.launcher/com.baidu.location.f in 20000ms
05-20 18:03:30.478 W/MountService(  374): getVolumeState(/storage/emulated/0/external_sd): Unknown volume
05-20 18:03:30.478 W/MountService(  374): getVolumeState(/mnt/sdcard-ext): Unknown volume
05-20 18:03:30.478 W/MountService(  374): getVolumeState(/mnt/ext_sdcard): Unknown volume
05-20 18:03:30.486 W/MountService(  374): getVolumeState(/mnt/sdcard2): Unknown volume
05-20 18:03:30.486 W/MountService(  374): getVolumeState(/mnt/emmc): Unknown volume
05-20 18:03:30.486 W/MountService(  374): getVolumeState(/mnt/extSdCard): Unknown volume
05-20 18:03:30.486 W/MountService(  374): getVolumeState(/mnt/sdcard/SD_CARD): Unknown volume
05-20 18:03:30.486 W/MountService(  374): getVolumeState(/mnt/sdcard/extra_sd): Unknown volume
05-20 18:03:30.486 W/MountService(  374): getVolumeState(/mnt/extrasd_bind): Unknown volume
05-20 18:03:30.486 W/MountService(  374): getVolumeState(/mnt/sdcard/ext_sd): Unknown volume
05-20 18:03:30.486 W/MountService(  374): getVolumeState(/storage/extSdCard): Unknown volume
05-20 18:03:30.486 W/MountService(  374): getVolumeState(/storage/sdcard1): Unknown volume
05-20 18:03:30.486 W/MountService(  374): getVolumeState(/mnt/sdcard/external_SD): Unknown volume
05-20 18:03:30.486 W/MountService(  374): getVolumeState(/mnt/sdcard/external_sd): Unknown volume
05-20 18:03:31.439 W/MountService(  374): getVolumeState(/storage/emulated/0/external_sd): Unknown volume
05-20 18:03:31.447 W/MountService(  374): getVolumeState(/mnt/sdcard-ext): Unknown volume
05-20 18:03:31.447 W/MountService(  374): getVolumeState(/mnt/ext_sdcard): Unknown volume
05-20 18:03:31.447 W/MountService(  374): getVolumeState(/mnt/sdcard2): Unknown volume
05-20 18:03:31.455 W/MountService(  374): getVolumeState(/mnt/emmc): Unknown volume
05-20 18:03:31.455 W/MountService(  374): getVolumeState(/mnt/extSdCard): Unknown volume
05-20 18:03:31.455 W/MountService(  374): getVolumeState(/mnt/sdcard/SD_CARD): Unknown volume
05-20 18:03:31.455 W/MountService(  374): getVolumeState(/mnt/sdcard/extra_sd): Unknown volume
05-20 18:03:31.455 W/MountService(  374): getVolumeState(/mnt/extrasd_bind): Unknown volume
05-20 18:03:31.486 W/MountService(  374): getVolumeState(/mnt/sdcard/ext_sd): Unknown volume
05-20 18:03:31.517 W/MountService(  374): getVolumeState(/storage/extSdCard): Unknown volume
05-20 18:03:31.525 W/MountService(  374): getVolumeState(/storage/sdcard1): Unknown volume
05-20 18:03:31.525 W/MountService(  374): getVolumeState(/mnt/sdcard/external_SD): Unknown volume
05-20 18:03:31.541 W/MountService(  374): getVolumeState(/mnt/sdcard/external_sd): Unknown volume
05-20 18:03:43.603 I/ActivityManager(  374): Start proc com.pekall.emdm.launcher:remote for service com.pekall.emdm.launcher/com.baidu.location.f: pid=9603 uid=10066 gids={50066, 1015, 3002, 3001, 3003, 1028}
05-20 18:03:43.947 D/ActivityThread( 9603): Loading provider com.pekall.semail.provider;com.pekall.semail.notifier: com.pekall.semail.provider.EmailProvider
05-20 18:03:44.010 D/ActivityThread( 9603): Loading provider com.pekall.semail.provider;com.pekall.semail.notifier: com.pekall.semail.provider.EmailProvider
05-20 18:03:48.158 I/PowerManagerService(  374): Going to sleep due to screen timeout...
05-20 18:03:48.166 I/PowerManagerService(  374): Waking up from sleep...
05-20 18:03:49.260 W/ActivityManager(  374): Unable to start service Intent { cmp=com.pekall.emdm.launcher/com.pekall.semail.service.AttachmentDownloadService } U=0: not found
05-20 18:03:53.455 D/PhoneStatusBar(  448): disable: < expand icons alerts ticker system_info back home RECENT* clock SEARCH* >
05-20 18:03:53.596 D/PhoneStatusBar(  448): disable: < expand icons alerts ticker system_info BACK* HOME* RECENT CLOCK* SEARCH >
05-20 18:03:58.760 W/BroadcastQueue(  374): Timeout of broadcast BroadcastRecord{42f5bfa8 u-1 android.intent.action.SCREEN_OFF} - receiver=android.os.BinderProxy@42c114a8, started 10000ms ago
05-20 18:03:58.760 W/BroadcastQueue(  374): Receiver during timeout: BroadcastFilter{42a67ad8 u0 ReceiverList{42a72fe0 9603 com.pekall.emdm.launcher:remote/10066/u0 remote:42c114a8}}
05-20 18:03:58.775 I/WindowManager(  374): Lock screen displayed!
05-20 18:04:02.510 E/ActivityManager(  374): ANR in com.pekall.emdm.launcher:remote
05-20 18:04:02.510 E/ActivityManager(  374): Reason: Broadcast of Intent { act=android.intent.action.SCREEN_OFF flg=0x50000010 }
05-20 18:04:02.510 E/ActivityManager(  374): Load: 3.27 / 2.01 / 1.66
05-20 18:04:02.510 E/ActivityManager(  374): CPU usage from 10438ms to 589ms ago with 99% awake:
05-20 18:04:02.510 E/ActivityManager(  374):   88% 9365/com.pekall.emdm.launcher: 88% user + 0.1% kernel / faults: 390 minor
05-20 18:04:02.510 E/ActivityManager(  374):   83% 9603/com.pekall.emdm.launcher:remote: 83% user + 0.2% kernel / faults: 269 minor
05-20 18:04:02.510 E/ActivityManager(  374):   11% 374/system_server: 8.6% user + 2.4% kernel / faults: 2258 minor
05-20 18:04:02.510 E/ActivityManager(  374):   2.3% 124/surfaceflinger: 0.8% user + 1.5% kernel / faults: 8253 minor
05-20 18:04:02.510 E/ActivityManager(  374):   1% 135/adbd: 0.2% user + 0.8% kernel / faults: 17 minor
05-20 18:04:02.510 E/ActivityManager(  374):   0.8% 8428/kworker/1:2: 0% user + 0.8% kernel
05-20 18:04:02.510 E/ActivityManager(  374):   0.4% 1661/com.qihoo360.mobilesafe:GuardService: 0.2% user + 0.2% kernel / faults: 11 minor
05-20 18:04:02.510 E/ActivityManager(  374):   0.1% 9295/kworker/u:3: 0% user + 0.1% kernel
05-20 18:04:02.510 E/ActivityManager(  374):   0.3% 8748/com.qihoo.appstore: 0.3% user + 0% kernel / faults: 1 minor
05-20 18:04:02.510 E/ActivityManager(  374):   0.3% 9239/kworker/0:0: 0% user + 0.3% kernel
05-20 18:04:02.510 E/ActivityManager(  374):   0.2% 448/com.android.systemui: 0.1% user + 0.1% kernel / faults: 6 minor
05-20 18:04:02.510 E/ActivityManager(  374):   0% 576/com.android.launcher: 0% user + 0% kernel / faults: 7 minor
05-20 18:04:02.510 E/ActivityManager(  374):   0% 95/ueventd: 0% user + 0% kernel
05-20 18:04:02.510 E/ActivityManager(  374):   0% 106/flush-179:0: 0% user + 0% kernel
05-20 18:04:02.510 E/ActivityManager(  374):   0.1% 114/jbd2/mmcblk0p12: 0% user + 0.1% kernel
05-20 18:04:02.510 E/ActivityManager(  374):   0% 121/netd: 0% user + 0% kernel
05-20 18:04:02.510 E/ActivityManager(  374):   0% 133/sdcard: 0% user + 0% kernel
05-20 18:04:02.510 E/ActivityManager(  374):   0.1% 1468/com.qihoo.daemon: 0% user + 0.1% kernel / faults: 37 minor
05-20 18:04:02.510 E/ActivityManager(  374):   0.1% 9293/kworker/u:1: 0% user + 0.1% kernel
05-20 18:04:02.510 E/ActivityManager(  374):   0.1% 9327/kworker/u:5: 0% user + 0.1% kernel
05-20 18:04:02.510 E/ActivityManager(  374):  +0% 9638/logcat: 0% user + 0% kernel
05-20 18:04:02.510 E/ActivityManager(  374): 100% TOTAL: 96% user + 3.8% kernel
05-20 18:04:02.510 E/ActivityManager(  374): CPU usage from 2968ms to 3510ms later:
05-20 18:04:02.510 E/ActivityManager(  374):   90% 9365/com.pekall.emdm.launcher: 88% user + 1.8% kernel
05-20 18:04:02.510 E/ActivityManager(  374):     92% 9378/Thread-1971: 90% user + 1.8% kernel
05-20 18:04:02.510 E/ActivityManager(  374):   75% 9603/com.pekall.emdm.launcher:remote: 75% user + 0% kernel
05-20 18:04:02.510 E/ActivityManager(  374):     73% 9616/Thread-1980: 73% user + 0% kernel
05-20 18:04:02.510 E/ActivityManager(  374):   25% 374/system_server: 20% user + 5.5% kernel / faults: 39 minor
05-20 18:04:02.510 E/ActivityManager(  374):     16% 388/UI: 14% user + 1.8% kernel
05-20 18:04:02.510 E/ActivityManager(  374):     5.5% 390/ActivityManager: 0% user + 5.5% kernel
05-20 18:04:02.510 E/ActivityManager(  374):     1.8% 380/Compiler: 0% user + 1.8% kernel
05-20 18:04:02.510 E/ActivityManager(  374):     1.8% 386/SensorService: 1.8% user + 0% kernel
05-20 18:04:02.510 E/ActivityManager(  374):   3.7% 124/surfaceflinger: 1.8% user + 1.8% kernel
05-20 18:04:02.510 E/ActivityManager(  374):     1.8% 151/SurfaceFlinger: 1.8% user + 0% kernel
05-20 18:04:02.510 E/ActivityManager(  374):     1.8% 169/EventThread: 0% user + 1.8% kernel
05-20 18:04:02.510 E/ActivityManager(  374):     1.8% 805/Binder_5: 0% user + 1.8% kernel
05-20 18:04:02.510 E/ActivityManager(  374):   1.8% 9295/kworker/u:3: 0% user + 1.8% kernel
05-20 18:04:02.510 E/ActivityManager(  374): 100% TOTAL: 92% user + 7.4% kernel
05-20 18:04:02.517 W/ActivityManager(  374): Killing ProcessRecord{4288f0f0 9603:com.pekall.emdm.launcher:remote/u0a10066}: background ANR
05-20 18:04:02.736 I/ActivityManager(  374): Process com.pekall.emdm.launcher:remote (pid 9603) has died.
05-20 18:04:02.736 W/ActivityManager(  374): Scheduling restart of crashed service com.pekall.emdm.launcher/com.baidu.location.f in 80000ms
05-20 18:04:11.189 I/ActivityManager(  374): Start proc com.pekall.emdm.launcher:remote for service com.pekall.emdm.launcher/com.baidu.location.f: pid=9654 uid=10066 gids={50066, 1015, 3002, 3001, 3003, 1028}
05-20 18:04:11.431 D/ActivityThread( 9654): Loading provider com.pekall.semail.provider;com.pekall.semail.notifier: com.pekall.semail.provider.EmailProvider
05-20 18:04:11.517 D/ActivityThread( 9654): Loading provider com.pekall.semail.provider;com.pekall.semail.notifier: com.pekall.semail.provider.EmailProvider
05-20 18:04:13.603 W/ActivityManager(  374): Unable to start service Intent { cmp=com.pekall.emdm.launcher/com.pekall.semail.service.AttachmentDownloadService } U=0: not found
05-20 18:04:23.455 I/PowerManagerService(  374): Going to sleep due to screen timeout...
05-20 18:04:30.908 W/MountService(  374): getVolumeState(/storage/emulated/0/external_sd): Unknown volume
05-20 18:04:30.963 W/MountService(  374): getVolumeState(/mnt/sdcard-ext): Unknown volume
05-20 18:04:30.963 W/MountService(  374): getVolumeState(/mnt/ext_sdcard): Unknown volume
05-20 18:04:30.971 W/MountService(  374): getVolumeState(/mnt/sdcard2): Unknown volume
05-20 18:04:30.994 W/MountService(  374): getVolumeState(/mnt/emmc): Unknown volume
05-20 18:04:30.994 W/MountService(  374): getVolumeState(/mnt/extSdCard): Unknown volume
05-20 18:04:31.064 W/MountService(  374): getVolumeState(/mnt/sdcard/SD_CARD): Unknown volume
05-20 18:04:31.221 W/ActivityManager(  374): Timeout executing service: ServiceRecord{42d5a4f0 u0 com.pekall.emdm.launcher/com.baidu.location.f}
05-20 18:04:31.369 W/MountService(  374): getVolumeState(/mnt/sdcard/extra_sd): Unknown volume
05-20 18:04:31.392 W/MountService(  374): getVolumeState(/mnt/extrasd_bind): Unknown volume
05-20 18:04:31.392 W/MountService(  374): getVolumeState(/mnt/sdcard/ext_sd): Unknown volume
05-20 18:04:31.416 W/MountService(  374): getVolumeState(/storage/extSdCard): Unknown volume
05-20 18:04:31.416 W/MountService(  374): getVolumeState(/storage/sdcard1): Unknown volume
05-20 18:04:37.556 W/MountService(  374): getVolumeState(/mnt/sdcard/external_SD): Unknown volume
05-20 18:04:37.572 W/MountService(  374): getVolumeState(/mnt/sdcard/external_sd): Unknown volume
05-20 18:04:39.088 I/PowerManagerService(  374): Waking up from sleep...
05-20 18:04:40.424 E/ActivityManager(  374): ANR in com.pekall.emdm.launcher:remote
05-20 18:04:40.424 E/ActivityManager(  374): Reason: Executing service com.pekall.emdm.launcher/com.baidu.location.f
05-20 18:04:40.424 E/ActivityManager(  374): Load: 4.09 / 2.38 / 1.8
05-20 18:04:40.424 E/ActivityManager(  374): CPU usage from 2089ms to -9157ms ago:
05-20 18:04:40.424 E/ActivityManager(  374):   84% 9365/com.pekall.emdm.launcher: 84% user + 0.3% kernel / faults: 203 minor
05-20 18:04:40.424 E/ActivityManager(  374):   83% 9654/com.pekall.emdm.launcher:remote: 82% user + 0.3% kernel / faults: 122 minor
05-20 18:04:40.424 E/ActivityManager(  374):   17% 374/system_server: 13% user + 4.4% kernel / faults: 999 minor
05-20 18:04:40.424 E/ActivityManager(  374):   3.6% 448/com.android.systemui: 3.4% user + 0.1% kernel / faults: 79 minor 4 major
05-20 18:04:40.424 E/ActivityManager(  374):   1.2% 1468/com.qihoo.daemon: 0.8% user + 0.4% kernel / faults: 840 minor
05-20 18:04:40.424 E/ActivityManager(  374):   0.1% 561/com.android.phone: 0.1% user + 0% kernel / faults: 101 minor
05-20 18:04:40.424 E/ActivityManager(  374):   0.1% 568/com.android.nfc: 0% user + 0% kernel / faults: 59 minor
05-20 18:04:40.424 E/ActivityManager(  374):   0.2% 1661/com.qihoo360.mobilesafe:GuardService: 0% user + 0.1% kernel / faults: 28 minor
05-20 18:04:40.424 E/ActivityManager(  374):   0.1% 135/adbd: 0% user + 0.1% kernel / faults: 17 minor
05-20 18:04:40.424 E/ActivityManager(  374):   0.1% 8748/com.qihoo.appstore: 0% user + 0% kernel / faults: 2 minor
05-20 18:04:40.424 E/ActivityManager(  374):   0% 82/mmcqd/0: 0% user + 0% kernel
05-20 18:04:40.424 E/ActivityManager(  374):   0% 114/jbd2/mmcblk0p12: 0% user + 0% kernel
05-20 18:04:40.424 E/ActivityManager(  374):   0% 124/surfaceflinger: 0% user + 0% kernel
05-20 18:04:40.424 E/ActivityManager(  374):   0% 4648/logcat: 0% user + 0% kernel
05-20 18:04:40.424 E/ActivityManager(  374):   0% 9239/kworker/0:0: 0% user + 0% kernel
05-20 18:04:40.424 E/ActivityManager(  374):   0% 9294/kworker/u:2: 0% user + 0% kernel
05-20 18:04:40.424 E/ActivityManager(  374):   0% 9689/logcat: 0% user + 0% kernel / faults: 1 minor
05-20 18:04:40.424 E/ActivityManager(  374):  +0% 9699/sh: 0% user + 0% kernel
05-20 18:04:40.424 E/ActivityManager(  374):  +0% 9701/uiautomator: 0% user + 0% kernel
05-20 18:04:40.424 E/ActivityManager(  374): 99% TOTAL: 95% user + 4.3% kernel
05-20 18:04:40.424 E/ActivityManager(  374): CPU usage from 8032ms to 8645ms later:
05-20 18:04:40.424 E/ActivityManager(  374):   88% 9654/com.pekall.emdm.launcher:remote: 88% user + 0% kernel
05-20 18:04:40.424 E/ActivityManager(  374):     88% 9668/Thread-1984: 88% user + 0% kernel
05-20 18:04:40.424 E/ActivityManager(  374):   85% 9365/com.pekall.emdm.launcher: 85% user + 0% kernel
05-20 18:04:40.424 E/ActivityManager(  374):     83% 9378/Thread-1971: 83% user + 0% kernel
05-20 18:04:40.424 E/ActivityManager(  374):   21% 374/system_server: 4.9% user + 16% kernel / faults: 160 minor
05-20 18:04:40.424 E/ActivityManager(  374):     13% 390/ActivityManager: 0% user + 13% kernel
05-20 18:04:40.424 E/ActivityManager(  374):     3.2% 380/Compiler: 0% user + 3.2% kernel
05-20 18:04:40.424 E/ActivityManager(  374):     3.2% 385/Binder_2: 1.6% user + 1.6% kernel
05-20 18:04:40.424 E/ActivityManager(  374):   0.5% 124/surfaceflinger: 0% user + 0.5% kernel
05-20 18:04:40.424 E/ActivityManager(  374):   1.6% 1468/com.qihoo.daemon: 1.6% user + 0% kernel / faults: 267 minor
05-20 18:04:40.424 E/ActivityManager(  374):     1.6% 4577/pool-169-thread: 1.6% user + 0% kernel
05-20 18:04:40.424 E/ActivityManager(  374):   0.8% 1661/com.qihoo360.mobilesafe:GuardService: 0.8% user + 0% kernel / faults: 7 minor
05-20 18:04:40.424 E/ActivityManager(  374): 100% TOTAL: 90% user + 9% kernel
05-20 18:04:40.424 W/ActivityManager(  374): Killing ProcessRecord{42532c28 9654:com.pekall.emdm.launcher:remote/u0a10066}: background ANR
05-20 18:04:40.431 W/BroadcastQueue(  374): Timeout of broadcast BroadcastRecord{42a12828 u-1 android.intent.action.SCREEN_OFF} - receiver=android.os.BinderProxy@4294c540, started 16039ms ago
05-20 18:04:40.431 W/BroadcastQueue(  374): Receiver during timeout: BroadcastFilter{42ec4690 u0 ReceiverList{42f01b78 9654 com.pekall.emdm.launcher:remote/10066/u0 remote:4294c540}}
05-20 18:04:40.439 I/ActivityManager(  374): Skipping duplicate ANR: ProcessRecord{42532c28 9654:com.pekall.emdm.launcher:remote/u0a10066} Broadcast of Intent { act=android.intent.action.SCREEN_OFF flg=0x50000010 }
05-20 18:04:40.455 I/WindowManager(  374): Lock screen displayed!
05-20 18:04:40.635 I/ActivityManager(  374): Process com.pekall.emdm.launcher:remote (pid 9654) has died.
05-20 18:04:40.635 W/ActivityManager(  374): Scheduling restart of crashed service com.pekall.emdm.launcher/com.baidu.location.f in 5000ms
05-20 18:04:41.533 W/MountService(  374): getVolumeState(/storage/emulated/0/external_sd): Unknown volume
05-20 18:04:41.533 W/MountService(  374): getVolumeState(/mnt/sdcard-ext): Unknown volume
05-20 18:04:41.533 W/MountService(  374): getVolumeState(/mnt/ext_sdcard): Unknown volume
05-20 18:04:41.533 W/MountService(  374): getVolumeState(/mnt/sdcard2): Unknown volume
05-20 18:04:41.533 W/MountService(  374): getVolumeState(/mnt/emmc): Unknown volume
05-20 18:04:41.533 W/MountService(  374): getVolumeState(/mnt/extSdCard): Unknown volume
05-20 18:04:41.533 W/MountService(  374): getVolumeState(/mnt/sdcard/SD_CARD): Unknown volume
05-20 18:04:41.533 W/MountService(  374): getVolumeState(/mnt/sdcard/extra_sd): Unknown volume
05-20 18:04:41.533 W/MountService(  374): getVolumeState(/mnt/extrasd_bind): Unknown volume
05-20 18:04:41.533 W/MountService(  374): getVolumeState(/mnt/sdcard/ext_sd): Unknown volume
05-20 18:04:41.533 W/MountService(  374): getVolumeState(/storage/extSdCard): Unknown volume
05-20 18:04:41.541 W/MountService(  374): getVolumeState(/storage/sdcard1): Unknown volume
05-20 18:04:41.541 W/MountService(  374): getVolumeState(/mnt/sdcard/external_SD): Unknown volume
05-20 18:04:41.549 W/MountService(  374): getVolumeState(/mnt/sdcard/external_sd): Unknown volume
05-20 18:04:43.603 I/PowerManagerService(  374): Going to sleep due to device administration policy...
05-20 18:04:43.611 I/PowerManagerService(  374): Waking up from sleep...
05-20 18:04:44.103 I/WindowManager(  374): Lock screen displayed!
05-20 18:04:45.658 I/ActivityManager(  374): Start proc com.pekall.emdm.launcher:remote for service com.pekall.emdm.launcher/com.baidu.location.f: pid=9734 uid=10066 gids={50066, 1015, 3002, 3001, 3003, 1028}
05-20 18:04:45.947 D/ActivityThread( 9734): Loading provider com.pekall.semail.provider;com.pekall.semail.notifier: com.pekall.semail.provider.EmailProvider
05-20 18:04:45.955 D/ActivityThread( 9734): Loading provider com.pekall.semail.provider;com.pekall.semail.notifier: com.pekall.semail.provider.EmailProvider
05-20 18:04:48.580 W/ActivityManager(  374): Unable to start service Intent { cmp=com.pekall.emdm.launcher/com.pekall.semail.service.AttachmentDownloadService } U=0: not found
05-20 18:05:05.705 W/ActivityManager(  374): Timeout executing service: ServiceRecord{42d5a4f0 u0 com.pekall.emdm.launcher/com.baidu.location.f}
05-20 18:05:10.931 E/ActivityManager(  374): ANR in com.pekall.emdm.launcher:remote
05-20 18:05:10.931 E/ActivityManager(  374): Reason: Executing service com.pekall.emdm.launcher/com.baidu.location.f
05-20 18:05:10.931 E/ActivityManager(  374): Load: 4.47 / 2.63 / 1.9
05-20 18:05:10.931 E/ActivityManager(  374): CPU usage from 707ms to -5195ms ago:
05-20 18:05:10.931 E/ActivityManager(  374):   73% 9365/com.pekall.emdm.launcher: 73% user + 0.1% kernel / faults: 158 minor
05-20 18:05:10.931 E/ActivityManager(  374):   73% 9734/com.pekall.emdm.launcher:remote: 73% user + 0.3% kernel / faults: 114 minor
05-20 18:05:10.931 E/ActivityManager(  374):   32% 374/system_server: 28% user + 4.4% kernel / faults: 1074 minor
05-20 18:05:10.931 E/ActivityManager(  374):   4.7% 9701/uiautomator: 4.4% user + 0.3% kernel / faults: 517 minor
05-20 18:05:10.931 E/ActivityManager(  374):   4.2% 448/com.android.systemui: 3.3% user + 0.8% kernel / faults: 40 minor
05-20 18:05:10.931 E/ActivityManager(  374):   2.7% 127/mediaserver: 1.3% user + 1.3% kernel / faults: 6 minor
05-20 18:05:10.931 E/ActivityManager(  374):   1.8% 1661/com.qihoo360.mobilesafe:GuardService: 1.5% user + 0.3% kernel / faults: 217 minor
05-20 18:05:10.931 E/ActivityManager(  374):   1.5% 124/surfaceflinger: 0.5% user + 1% kernel
05-20 18:05:10.931 E/ActivityManager(  374):   0.8% 510/com.android.phasebeam: 0.8% user + 0% kernel
05-20 18:05:10.931 E/ActivityManager(  374):   0.6% 561/com.android.phone: 0.3% user + 0.3% kernel / faults: 33 minor
05-20 18:05:10.931 E/ActivityManager(  374):   0.5% 135/adbd: 0.1% user + 0.3% kernel
05-20 18:05:10.931 E/ActivityManager(  374):   0.5% 9239/kworker/0:0: 0% user + 0.5% kernel
05-20 18:05:10.931 E/ActivityManager(  374):   0.5% 9293/kworker/u:1: 0% user + 0.5% kernel
05-20 18:05:10.931 E/ActivityManager(  374):   0.3% 117/vold: 0.1% user + 0.1% kernel / faults: 1 minor
05-20 18:05:10.931 E/ActivityManager(  374):   0.3% 8748/com.qihoo.appstore: 0.3% user + 0% kernel / faults: 1 minor
05-20 18:05:10.931 E/ActivityManager(  374):   0.3% 9294/kworker/u:2: 0% user + 0.3% kernel
05-20 18:05:10.931 E/ActivityManager(  374):   0.3% 9327/kworker/u:5: 0% user + 0.3% kernel
05-20 18:05:10.931 E/ActivityManager(  374):   0% 92/dhd_dpc: 0% user + 0% kernel
05-20 18:05:10.931 E/ActivityManager(  374):   0.1% 95/ueventd: 0.1% user + 0% kernel
05-20 18:05:10.931 E/ActivityManager(  374):   0.1% 121/netd: 0.1% user + 0% kernel
05-20 18:05:10.931 E/ActivityManager(  374):   0.1% 568/com.android.nfc: 0% user + 0.1% kernel / faults: 29 minor
05-20 18:05:10.931 E/ActivityManager(  374):   0.1% 8654/com.google.android.apps.maps:GoogleLocationService: 0% user + 0.1% kernel / faults: 8 minor
05-20 18:05:10.931 E/ActivityManager(  374):   0.1% 9689/logcat: 0% user + 0.1% kernel
05-20 18:05:10.931 E/ActivityManager(  374): 100% TOTAL: 94% user + 5% kernel
05-20 18:05:10.931 E/ActivityManager(  374): CPU usage from 4313ms to 4866ms later:
05-20 18:05:10.931 E/ActivityManager(  374):   92% 9734/com.pekall.emdm.launcher:remote: 92% user + 0% kernel
05-20 18:05:10.931 E/ActivityManager(  374):     90% 9748/Thread-1986: 90% user + 0% kernel
05-20 18:05:10.931 E/ActivityManager(  374):   90% 9365/com.pekall.emdm.launcher: 90% user + 0% kernel
05-20 18:05:10.931 E/ActivityManager(  374):     89% 9378/Thread-1971: 89% user + 0% kernel
05-20 18:05:10.931 E/ActivityManager(  374):   9% 374/system_server: 5.4% user + 3.6% kernel / faults: 15 minor
05-20 18:05:10.931 E/ActivityManager(  374):     5.4% 390/ActivityManager: 0% user + 5.4% kernel
05-20 18:05:10.931 E/ActivityManager(  374):     1.8% 386/SensorService: 0% user + 1.8% kernel
05-20 18:05:10.931 E/ActivityManager(  374):     1.8% 402/PowerManagerSer: 1.8% user + 0% kernel
05-20 18:05:10.931 E/ActivityManager(  374):   3.7% 1661/com.qihoo360.mobilesafe:GuardService: 3.7% user + 0% kernel / faults: 139 minor
05-20 18:05:10.931 E/ActivityManager(  374):     5.5% 1661/fe:GuardService: 5.5% user + 0% kernel
05-20 18:05:10.931 E/ActivityManager(  374):   1.8% 124/surfaceflinger: 0% user + 1.8% kernel
05-20 18:05:10.931 E/ActivityManager(  374):     1.8% 693/Binder_4: 0% user + 1.8% kernel
05-20 18:05:10.931 E/ActivityManager(  374):   1.8% 127/mediaserver: 1.8% user + 0% kernel
05-20 18:05:10.931 E/ActivityManager(  374):     1.8% 206/FastMixer: 1.8% user + 0% kernel
05-20 18:05:10.931 E/ActivityManager(  374):   1.2% 9294/kworker/u:2: 0% user + 1.2% kernel
05-20 18:05:10.931 E/ActivityManager(  374): 100% TOTAL: 96% user + 3.6% kernel
05-20 18:05:10.931 W/ActivityManager(  374): Killing ProcessRecord{428530d0 9734:com.pekall.emdm.launcher:remote/u0a10066}: background ANR
05-20 18:05:10.947 I/ActivityManager(  374): Process com.pekall.emdm.launcher:remote (pid 9734) has died.
05-20 18:05:10.947 W/ActivityManager(  374): Scheduling restart of crashed service com.pekall.emdm.launcher/com.baidu.location.f in 20000ms
05-20 18:05:28.775 D/PhoneStatusBar(  448): disable: < expand icons alerts ticker system_info BACK HOME recent* CLOCK search* >
05-20 18:05:28.853 D/PhoneStatusBar(  448): disable: < expand icons alerts ticker system_info back* home* recent clock* search >
05-20 18:05:30.642 W/MountService(  374): getVolumeState(/storage/emulated/0/external_sd): Unknown volume
05-20 18:05:30.642 W/MountService(  374): getVolumeState(/mnt/sdcard-ext): Unknown volume
05-20 18:05:30.642 W/MountService(  374): getVolumeState(/mnt/ext_sdcard): Unknown volume
05-20 18:05:30.642 W/MountService(  374): getVolumeState(/mnt/sdcard2): Unknown volume
05-20 18:05:30.642 W/MountService(  374): getVolumeState(/mnt/emmc): Unknown volume
05-20 18:05:30.642 W/MountService(  374): getVolumeState(/mnt/extSdCard): Unknown volume
05-20 18:05:30.642 W/MountService(  374): getVolumeState(/mnt/sdcard/SD_CARD): Unknown volume
05-20 18:05:30.642 W/MountService(  374): getVolumeState(/mnt/sdcard/extra_sd): Unknown volume
05-20 18:05:30.642 W/MountService(  374): getVolumeState(/mnt/extrasd_bind): Unknown volume
05-20 18:05:30.650 W/MountService(  374): getVolumeState(/mnt/sdcard/ext_sd): Unknown volume
05-20 18:05:30.650 W/MountService(  374): getVolumeState(/storage/extSdCard): Unknown volume
05-20 18:05:30.650 W/MountService(  374): getVolumeState(/storage/sdcard1): Unknown volume
05-20 18:05:30.650 W/MountService(  374): getVolumeState(/mnt/sdcard/external_SD): Unknown volume
05-20 18:05:30.650 W/MountService(  374): getVolumeState(/mnt/sdcard/external_sd): Unknown volume
05-20 18:05:30.963 I/ActivityManager(  374): Start proc com.pekall.emdm.launcher:remote for service com.pekall.emdm.launcher/com.baidu.location.f: pid=9797 uid=10066 gids={50066, 1015, 3002, 3001, 3003, 1028}
05-20 18:05:32.119 D/ActivityThread( 9797): Loading provider com.pekall.semail.provider;com.pekall.semail.notifier: com.pekall.semail.provider.EmailProvider
05-20 18:05:32.861 W/MountService(  374): getVolumeState(/storage/emulated/0/external_sd): Unknown volume
05-20 18:05:32.861 W/MountService(  374): getVolumeState(/mnt/sdcard-ext): Unknown volume
05-20 18:05:32.861 W/MountService(  374): getVolumeState(/mnt/ext_sdcard): Unknown volume
05-20 18:05:32.885 W/MountService(  374): getVolumeState(/mnt/sdcard2): Unknown volume
05-20 18:05:32.916 D/ActivityThread( 9797): Loading provider com.pekall.semail.provider;com.pekall.semail.notifier: com.pekall.semail.provider.EmailProvider
05-20 18:05:32.947 W/MountService(  374): getVolumeState(/mnt/emmc): Unknown volume
05-20 18:05:32.947 W/MountService(  374): getVolumeState(/mnt/extSdCard): Unknown volume
05-20 18:05:32.955 W/MountService(  374): getVolumeState(/mnt/sdcard/SD_CARD): Unknown volume
05-20 18:05:32.986 W/MountService(  374): getVolumeState(/mnt/sdcard/extra_sd): Unknown volume
05-20 18:05:33.017 W/MountService(  374): getVolumeState(/mnt/extrasd_bind): Unknown volume
05-20 18:05:33.017 W/MountService(  374): getVolumeState(/mnt/sdcard/ext_sd): Unknown volume
05-20 18:05:33.049 W/MountService(  374): getVolumeState(/storage/extSdCard): Unknown volume
05-20 18:05:33.056 W/MountService(  374): getVolumeState(/storage/sdcard1): Unknown volume
05-20 18:05:33.096 W/MountService(  374): getVolumeState(/mnt/sdcard/external_SD): Unknown volume
05-20 18:05:33.096 W/MountService(  374): getVolumeState(/mnt/sdcard/external_sd): Unknown volume
05-20 18:05:36.611 W/ActivityManager(  374): Unable to start service Intent { cmp=com.pekall.emdm.launcher/com.pekall.semail.service.AttachmentDownloadService } U=0: not found
05-20 18:05:51.033 W/ActivityManager(  374): Timeout executing service: ServiceRecord{42d5a4f0 u0 com.pekall.emdm.launcher/com.baidu.location.f}
05-20 18:05:56.439 E/ActivityManager(  374): ANR in com.pekall.emdm.launcher:remote
05-20 18:05:56.439 E/ActivityManager(  374): Reason: Executing service com.pekall.emdm.launcher/com.baidu.location.f
05-20 18:05:56.439 E/ActivityManager(  374): Load: 3.64 / 2.67 / 1.95
05-20 18:05:56.439 E/ActivityManager(  374): CPU usage from 0ms to 5384ms later:
05-20 18:05:56.439 E/ActivityManager(  374):   88% 9365/com.pekall.emdm.launcher: 87% user + 0.9% kernel / faults: 474 minor
05-20 18:05:56.439 E/ActivityManager(  374):   77% 9797/com.pekall.emdm.launcher:remote: 77% user + 0.1% kernel / faults: 109 minor
05-20 18:05:56.439 E/ActivityManager(  374):   22% 374/system_server: 18% user + 4.6% kernel / faults: 756 minor
05-20 18:05:56.439 E/ActivityManager(  374):   4.2% 448/com.android.systemui: 4.2% user + 0% kernel / faults: 26 minor
05-20 18:05:56.439 E/ActivityManager(  374):   3.5% 9839/uiautomator: 2.9% user + 0.5% kernel / faults: 911 minor
05-20 18:05:56.439 E/ActivityManager(  374):   0% 561/com.android.phone: 0% user + 0% kernel / faults: 73 minor
05-20 18:05:56.439 E/ActivityManager(  374):   0.5% 135/adbd: 0.1% user + 0.3% kernel
05-20 18:05:56.439 E/ActivityManager(  374):   0.3% 124/surfaceflinger: 0.3% user + 0% kernel
05-20 18:05:56.439 E/ActivityManager(  374):   0% 568/com.android.nfc: 0% user + 0% kernel / faults: 43 minor
05-20 18:05:56.439 E/ActivityManager(  374):   0.3% 1661/com.qihoo360.mobilesafe:GuardService: 0.3% user + 0% kernel / faults: 2 minor
05-20 18:05:56.439 E/ActivityManager(  374):   0% 106/flush-179:0: 0% user + 0% kernel
05-20 18:05:56.439 E/ActivityManager(  374):   0% 116/servicemanager: 0% user + 0% kernel
05-20 18:05:56.439 E/ActivityManager(  374):   0.1% 2462/com.dragon.android.pandaspace: 0.1% user + 0% kernel
05-20 18:05:56.439 E/ActivityManager(  374):   0.1% 8428/kworker/1:2: 0% user + 0.1% kernel
05-20 18:05:56.439 E/ActivityManager(  374):   0.1% 8748/com.qihoo.appstore: 0% user + 0.1% kernel / faults: 1 minor
05-20 18:05:56.439 E/ActivityManager(  374): 99% TOTAL: 96% user + 3.6% kernel
05-20 18:05:56.439 E/ActivityManager(  374): CPU usage from 4595ms to 5132ms later:
05-20 18:05:56.439 E/ActivityManager(  374):   118% 9365/com.pekall.emdm.launcher: 112% user + 5.4% kernel / faults: 198 minor
05-20 18:05:56.439 E/ActivityManager(  374):     83% 9378/Thread-1971: 83% user + 0% kernel
05-20 18:05:56.439 E/ActivityManager(  374):     32% 9365/l.emdm.launcher: 27% user + 5.4% kernel
05-20 18:05:56.439 E/ActivityManager(  374):   52% 9797/com.pekall.emdm.launcher:remote: 52% user + 0% kernel
05-20 18:05:56.439 E/ActivityManager(  374):     52% 9810/Thread-1989: 52% user + 0% kernel
05-20 18:05:56.439 E/ActivityManager(  374):   14% 9839/uiautomator: 10% user + 3.6% kernel / faults: 380 minor
05-20 18:05:56.439 E/ActivityManager(  374):     7.2% 9839/uiautomator: 3.6% user + 3.6% kernel
05-20 18:05:56.439 E/ActivityManager(  374):     5.4% 9849/Binder_2: 5.4% user + 0% kernel
05-20 18:05:56.439 E/ActivityManager(  374):     1.8% 9848/Binder_1: 1.8% user + 0% kernel
05-20 18:05:56.439 E/ActivityManager(  374):   11% 374/system_server: 5.5% user + 5.5% kernel / faults: 11 minor
05-20 18:05:56.439 E/ActivityManager(  374):     3.7% 390/ActivityManager: 0% user + 3.7% kernel
05-20 18:05:56.439 E/ActivityManager(  374):     1.8% 386/SensorService: 0% user + 1.8% kernel
05-20 18:05:56.439 E/ActivityManager(  374):     1.8% 3489/Binder_10: 1.8% user + 0% kernel
05-20 18:05:56.439 E/ActivityManager(  374):   0.7% 106/flush-179:0: 0% user + 0.7% kernel
05-20 18:05:56.439 E/ActivityManager(  374):   1.8% 135/adbd: 0% user + 1.8% kernel
05-20 18:05:56.439 E/ActivityManager(  374): 100% TOTAL: 93% user + 6.5% kernel
05-20 18:05:56.447 W/ActivityManager(  374): Killing ProcessRecord{425f23a8 9797:com.pekall.emdm.launcher:remote/u0a10066}: background ANR
05-20 18:05:56.463 I/ActivityManager(  374): Process com.pekall.emdm.launcher:remote (pid 9797) has died.
05-20 18:05:56.463 W/ActivityManager(  374): Scheduling restart of crashed service com.pekall.emdm.launcher/com.baidu.location.f in 80000ms
05-20 18:05:56.689 I/ActivityManager(  374): START u0 {flg=0x10008000 cmp=com.pekall.emdm.launcher/com.pekall.emdm.ui.SplashActivity} from pid 9365
05-20 18:05:56.697 W/ActivityManager(  374): Unable to start service Intent { act=com.pekall.mdm.action.SELECT_ERASE } U=0: not found
05-20 18:05:57.189 W/ActivityManager(  374): Activity pause timeout for ActivityRecord{426edaa0 u0 com.pekall.emdm.launcher/com.pekall.emdm.messagecenter.activity.MessageMainActivity}
05-20 18:05:57.900 W/ActivityManager(  374): Unable to start service Intent { cmp=com.pekall.emdm.launcher/com.pekall.semail.service.AttachmentDownloadService } U=0: not found
05-20 18:05:58.767 I/PowerManagerService(  374): Going to sleep due to screen timeout...
05-20 18:05:58.971 I/PowerManagerService(  374): Waking up from sleep...
05-20 18:05:59.150 I/ActivityManager(  374): START u0 {cmp=com.pekall.emdm.launcher/com.pekall.emdm.ui.ActiveDeviceAdminActivity} from pid 9365
05-20 18:05:59.166 W/InputMethodManagerService(  374): Starting input on non-focused client com.android.internal.view.IInputMethodClient$Stub$Proxy@428da508 (uid=10066 pid=9365)
05-20 18:05:59.236 I/ActivityManager(  374): START u0 {cmp=com.pekall.emdm.launcher/com.pekall.emdm.ui.RegDeviceActivity} from pid 9365
05-20 18:05:59.439 I/WindowManager(  374): No lock screen!
05-20 18:05:59.736 I/ActivityManager(  374): Activity reported stop, but no longer stopping: ActivityRecord{425f0bf0 u0 com.pekall.emdm.launcher/com.pekall.emdm.ui.RegDeviceActivity}
05-20 18:06:30.775 W/MountService(  374): getVolumeState(/storage/emulated/0/external_sd): Unknown volume
05-20 18:06:30.775 W/MountService(  374): getVolumeState(/mnt/sdcard-ext): Unknown volume
05-20 18:06:30.775 W/MountService(  374): getVolumeState(/mnt/ext_sdcard): Unknown volume
05-20 18:06:30.775 W/MountService(  374): getVolumeState(/mnt/sdcard2): Unknown volume
05-20 18:06:30.775 W/MountService(  374): getVolumeState(/mnt/emmc): Unknown volume
05-20 18:06:30.775 W/MountService(  374): getVolumeState(/mnt/extSdCard): Unknown volume
05-20 18:06:30.775 W/MountService(  374): getVolumeState(/mnt/sdcard/SD_CARD): Unknown volume
05-20 18:06:30.783 W/MountService(  374): getVolumeState(/mnt/sdcard/extra_sd): Unknown volume
05-20 18:06:30.799 W/MountService(  374): getVolumeState(/mnt/extrasd_bind): Unknown volume
05-20 18:06:30.799 W/MountService(  374): getVolumeState(/mnt/sdcard/ext_sd): Unknown volume
05-20 18:06:30.806 W/MountService(  374): getVolumeState(/storage/extSdCard): Unknown volume
05-20 18:06:30.806 W/MountService(  374): getVolumeState(/storage/sdcard1): Unknown volume
05-20 18:06:30.806 W/MountService(  374): getVolumeState(/mnt/sdcard/external_SD): Unknown volume
05-20 18:06:30.806 W/MountService(  374): getVolumeState(/mnt/sdcard/external_sd): Unknown volume
05-20 18:06:31.064 W/MountService(  374): getVolumeState(/storage/emulated/0/external_sd): Unknown volume
05-20 18:06:31.064 W/MountService(  374): getVolumeState(/mnt/sdcard-ext): Unknown volume
05-20 18:06:31.064 W/MountService(  374): getVolumeState(/mnt/ext_sdcard): Unknown volume
05-20 18:06:31.072 W/MountService(  374): getVolumeState(/mnt/sdcard2): Unknown volume
05-20 18:06:31.072 W/MountService(  374): getVolumeState(/mnt/emmc): Unknown volume
05-20 18:06:31.072 W/MountService(  374): getVolumeState(/mnt/extSdCard): Unknown volume
05-20 18:06:31.072 W/MountService(  374): getVolumeState(/mnt/sdcard/SD_CARD): Unknown volume
05-20 18:06:31.072 W/MountService(  374): getVolumeState(/mnt/sdcard/extra_sd): Unknown volume
05-20 18:06:31.072 W/MountService(  374): getVolumeState(/mnt/extrasd_bind): Unknown volume
05-20 18:06:31.072 W/MountService(  374): getVolumeState(/mnt/sdcard/ext_sd): Unknown volume
05-20 18:06:31.080 W/MountService(  374): getVolumeState(/storage/extSdCard): Unknown volume
05-20 18:06:31.080 W/MountService(  374): getVolumeState(/storage/sdcard1): Unknown volume
05-20 18:06:31.080 W/MountService(  374): getVolumeState(/mnt/sdcard/external_SD): Unknown volume
05-20 18:06:31.080 W/MountService(  374): getVolumeState(/mnt/sdcard/external_sd): Unknown volume
05-20 18:06:33.783 I/ActivityManager(  374): START u0 {flg=0x8000 cmp=com.pekall.emdm.launcher/.Launcher} from pid 9365
05-20 18:06:35.510 W/ActivityManager(  374): Unable to start service Intent { cmp=com.pekall.emdm.launcher/com.pekall.semail.service.AttachmentDownloadService } U=0: not found
05-20 18:06:36.846 W/ActivityManager(  374): Unable to start service Intent { act=pekall.intent.action.DOWNLOAD_APP (has extras) } U=0: not found
05-20 18:06:37.338 I/ActivityManager(  374): START u0 {act=android.intent.action.MAIN cat=[android.intent.category.HOME] flg=0x10200000 cmp=com.pekall.emdm.launcher/.Launcher} from pid 374
05-20 18:06:43.361 V/PanelView(  448): animationTick called with dtms=0; nothing to do (h=0.0 v=4000.0)
05-20 18:06:43.361 V/PanelView(  448): animationTick called with dtms=0; nothing to do (h=0.0 v=4000.0)
05-20 18:06:47.299 I/ActivityManager(  374): Start proc com.pekall.emdm.launcher:remote for service com.pekall.emdm.launcher/com.baidu.location.f: pid=9935 uid=10066 gids={50066, 1015, 3002, 3001, 3003, 1028}
05-20 18:06:47.728 D/ActivityThread( 9935): Loading provider com.pekall.semail.provider;com.pekall.semail.notifier: com.pekall.semail.provider.EmailProvider
05-20 18:06:47.767 D/ActivityThread( 9935): Loading provider com.pekall.semail.provider;com.pekall.semail.notifier: com.pekall.semail.provider.EmailProvider
05-20 18:06:50.291 W/ActivityManager(  374): Unable to start service Intent { cmp=com.pekall.emdm.launcher/com.pekall.semail.service.AttachmentDownloadService } U=0: not found
05-20 18:07:07.338 I/PowerManagerService(  374): Going to sleep due to screen timeout...
05-20 18:07:07.353 W/ActivityManager(  374): Timeout executing service: ServiceRecord{42d5a4f0 u0 com.pekall.emdm.launcher/com.baidu.location.f}
05-20 18:07:07.361 I/PowerManagerService(  374): Waking up from sleep...
05-20 18:07:11.963 E/ActivityManager(  374): ANR in com.pekall.emdm.launcher:remote
05-20 18:07:11.963 E/ActivityManager(  374): Reason: Executing service com.pekall.emdm.launcher/com.baidu.location.f
05-20 18:07:11.963 E/ActivityManager(  374): Load: 3.13 / 2.7 / 2.02
05-20 18:07:11.963 E/ActivityManager(  374): CPU usage from 2354ms to -3025ms ago:
05-20 18:07:11.963 E/ActivityManager(  374):   77% 9365/com.pekall.emdm.launcher: 77% user + 0% kernel / faults: 3 minor
05-20 18:07:11.963 E/ActivityManager(  374):   74% 9935/com.pekall.emdm.launcher:remote: 74% user + 0.1% kernel / faults: 117 minor
05-20 18:07:11.963 E/ActivityManager(  374):   18% 448/com.android.systemui: 17% user + 0.1% kernel / faults: 237 minor
05-20 18:07:11.963 E/ActivityManager(  374):   17% 374/system_server: 13% user + 4.4% kernel / faults: 454 minor 6 major
05-20 18:07:11.963 E/ActivityManager(  374):   7.4% 9919/uiautomator: 6.8% user + 0.5% kernel / faults: 456 minor
05-20 18:07:11.963 E/ActivityManager(  374):   2.2% 124/surfaceflinger: 0.7% user + 1.4% kernel / faults: 2387 minor
05-20 18:07:11.963 E/ActivityManager(  374):   0.3% 135/adbd: 0% user + 0.3% kernel
05-20 18:07:11.963 E/ActivityManager(  374):   0.3% 1661/com.qihoo360.mobilesafe:GuardService: 0.3% user + 0% kernel
05-20 18:07:11.963 E/ActivityManager(  374):   0% 57/irq/159-temp_se: 0% user + 0% kernel
05-20 18:07:11.963 E/ActivityManager(  374):   0.1% 9327/kworker/u:5: 0% user + 0.1% kernel
05-20 18:07:11.963 E/ActivityManager(  374):   0.1% 9868/logcat: 0.1% user + 0% kernel
05-20 18:07:11.963 E/ActivityManager(  374): 100% TOTAL: 96% user + 3.6% kernel
05-20 18:07:11.963 E/ActivityManager(  374): CPU usage from 3701ms to 4250ms later:
05-20 18:07:11.963 E/ActivityManager(  374):   85% 9935/com.pekall.emdm.launcher:remote: 85% user + 0% kernel
05-20 18:07:11.963 E/ActivityManager(  374):     85% 9948/Thread-1992: 85% user + 0% kernel
05-20 18:07:11.963 E/ActivityManager(  374):   65% 9365/com.pekall.emdm.launcher: 65% user + 0% kernel
05-20 18:07:11.963 E/ActivityManager(  374):     63% 9378/Thread-1971: 63% user + 0% kernel
05-20 18:07:11.963 E/ActivityManager(  374):   34% 448/com.android.systemui: 32% user + 1.8% kernel / faults: 62 minor
05-20 18:07:11.963 E/ActivityManager(  374):     30% 448/ndroid.systemui: 29% user + 1.8% kernel
05-20 18:07:11.963 E/ActivityManager(  374):     3.6% 453/GC: 3.6% user + 0% kernel
05-20 18:07:11.963 E/ActivityManager(  374):   7.2% 374/system_server: 1.8% user + 5.4% kernel / faults: 2 minor
05-20 18:07:11.963 E/ActivityManager(  374):     3.6% 390/ActivityManager: 0% user + 3.6% kernel
05-20 18:07:11.963 E/ActivityManager(  374):     1.8% 385/Binder_2: 1.8% user + 0% kernel
05-20 18:07:11.963 E/ActivityManager(  374):     1.8% 386/SensorService: 1.8% user + 0% kernel
05-20 18:07:11.963 E/ActivityManager(  374):   7.4% 9919/uiautomator: 7.4% user + 0% kernel / faults: 68 minor
05-20 18:07:11.963 E/ActivityManager(  374):     3.7% 9923/GC: 3.7% user + 0% kernel
05-20 18:07:11.963 E/ActivityManager(  374):     1.8% 9919/uiautomator: 1.8% user + 0% kernel
05-20 18:07:11.963 E/ActivityManager(  374):     1.8% 9921/FinalizerDaemon: 1.8% user + 0% kernel
05-20 18:07:11.963 E/ActivityManager(  374):   1.1% 1661/com.qihoo360.mobilesafe:GuardService: 1.1% user + 0% kernel
05-20 18:07:11.963 E/ActivityManager(  374):     1.1% 1661/fe:GuardService: 1.1% user + 0% kernel
05-20 18:07:11.963 E/ActivityManager(  374): 100% TOTAL: 97% user + 2.7% kernel
05-20 18:07:11.971 W/ActivityManager(  374): Killing ProcessRecord{428c0178 9935:com.pekall.emdm.launcher:remote/u0a10066}: background ANR
05-20 18:07:12.033 V/PanelView(  448): animationTick called with dtms=0; nothing to do (h=0.0 v=4000.0)
05-20 18:07:12.049 I/ActivityManager(  374): Process com.pekall.emdm.launcher:remote (pid 9935) has died.
05-20 18:07:12.049 W/ActivityManager(  374): Scheduling restart of crashed service com.pekall.emdm.launcher/com.baidu.location.f in 5000ms
05-20 18:07:12.142 V/PanelView(  448): animationTick called with dtms=0; nothing to do (h=0.0 v=4000.0)
05-20 18:07:12.221 W/BroadcastQueue(  374): Failure sending broadcast Intent { act=android.intent.action.SCREEN_OFF flg=0x50000010 }
05-20 18:07:12.221 W/BroadcastQueue(  374): android.os.DeadObjectException
05-20 18:07:12.221 W/BroadcastQueue(  374): 	at android.os.BinderProxy.transact(Native Method)
05-20 18:07:12.221 W/BroadcastQueue(  374): 	at android.content.IIntentReceiver$Stub$Proxy.performReceive(IIntentReceiver.java:124)
05-20 18:07:12.221 W/BroadcastQueue(  374): 	at com.android.server.am.BroadcastQueue.performReceiveLocked(BroadcastQueue.java:376)
