05-20 18:01:26.322 W/ActivityManager(  374): Scheduling restart of crashed service com.pekall.emdm.launcher/com.pekall.emdm.contacts.service.PhoneService in 5000ms
05-20 18:01:26.322 W/ActivityManager(  374): Scheduling restart of crashed service com.pekall.emdm.launcher/com.pekall.emdm.MdmService in 15000ms
05-20 18:01:26.322 W/ActivityManager(  374): Scheduling restart of crashed service com.pekall.emdm.launcher/com.pekall.emailcommon.accountprovision.AccountProvisionService in 25000ms
05-20 18:01:26.322 I/ActivityManager(  374):   Force finishing activity ActivityRecord{422743b8 u0 com.pekall.emdm.launcher/.Launcher}
05-20 18:01:26.322 I/ActivityManager(  374):   Force stopping service ServiceRecord{4306cd78 u0 com.pekall.emdm.launcher/com.pekall.emdm.contacts.service.PhoneService}
05-20 18:01:26.322 I/ActivityManager(  374):   Force stopping service ServiceRecord{430c7150 u0 com.pekall.emdm.launcher/com.pekall.emdm.MdmService}
05-20 18:01:26.322 I/ActivityManager(  374):   Force stopping service ServiceRecord{43049fd8 u0 com.pekall.emdm.launcher/com.pekall.emailcommon.accountprovision.AccountProvisionService}
05-20 18:01:26.385 I/WindowState(  374): WIN DEATH: Window{427cb548 u0 com.pekall.emdm.launcher/com.pekall.emdm.launcher.Launcher}
05-20 18:01:26.619 W/InputMethodManagerService(  374): Window already focused, ignoring focus gain of: com.android.internal.view.IInputMethodClient$Stub$Proxy@42996e70 attribute=null, token = android.os.BinderProxy@428a0420
05-20 18:01:30.369 W/MountService(  374): getVolumeState(/storage/emulated/0/external_sd): Unknown volume
05-20 18:01:30.369 W/MountService(  374): getVolumeState(/mnt/sdcard-ext): Unknown volume
05-20 18:01:30.377 W/MountService(  374): getVolumeState(/mnt/ext_sdcard): Unknown volume
05-20 18:01:30.377 W/MountService(  374): getVolumeState(/mnt/sdcard2): Unknown volume
05-20 18:01:30.377 W/MountService(  374): getVolumeState(/mnt/emmc): Unknown volume
05-20 18:01:30.377 W/MountService(  374): getVolumeState(/mnt/extSdCard): Unknown volume
05-20 18:01:30.377 W/MountService(  374): getVolumeState(/mnt/sdcard/SD_CARD): Unknown volume
05-20 18:01:30.377 W/MountService(  374): getVolumeState(/mnt/sdcard/extra_sd): Unknown volume
05-20 18:01:30.377 W/MountService(  374): getVolumeState(/mnt/extrasd_bind): Unknown volume
05-20 18:01:30.377 W/MountService(  374): getVolumeState(/mnt/sdcard/ext_sd): Unknown volume
05-20 18:01:30.385 W/MountService(  374): getVolumeState(/storage/extSdCard): Unknown volume
05-20 18:01:30.385 W/MountService(  374): getVolumeState(/storage/sdcard1): Unknown volume
05-20 18:01:30.385 W/MountService(  374): getVolumeState(/mnt/sdcard/external_SD): Unknown volume
05-20 18:01:30.385 W/MountService(  374): getVolumeState(/mnt/sdcard/external_sd): Unknown volume
05-20 18:01:30.760 W/MountService(  374): getVolumeState(/storage/emulated/0/external_sd): Unknown volume
05-20 18:01:30.760 W/MountService(  374): getVolumeState(/mnt/sdcard-ext): Unknown volume
05-20 18:01:30.760 W/MountService(  374): getVolumeState(/mnt/ext_sdcard): Unknown volume
05-20 18:01:30.760 W/MountService(  374): getVolumeState(/mnt/sdcard2): Unknown volume
05-20 18:01:30.760 W/MountService(  374): getVolumeState(/mnt/emmc): Unknown volume
05-20 18:01:30.760 W/MountService(  374): getVolumeState(/mnt/extSdCard): Unknown volume
05-20 18:01:30.760 W/MountService(  374): getVolumeState(/mnt/sdcard/SD_CARD): Unknown volume
05-20 18:01:30.760 W/MountService(  374): getVolumeState(/mnt/sdcard/extra_sd): Unknown volume
05-20 18:01:30.760 W/MountService(  374): getVolumeState(/mnt/extrasd_bind): Unknown volume
05-20 18:01:30.760 W/MountService(  374): getVolumeState(/mnt/sdcard/ext_sd): Unknown volume
05-20 18:01:30.767 W/MountService(  374): getVolumeState(/storage/extSdCard): Unknown volume
05-20 18:01:30.767 W/MountService(  374): getVolumeState(/storage/sdcard1): Unknown volume
05-20 18:01:30.767 W/MountService(  374): getVolumeState(/mnt/sdcard/external_SD): Unknown volume
05-20 18:01:30.767 W/MountService(  374): getVolumeState(/mnt/sdcard/external_sd): Unknown volume
05-20 18:01:37.244 I/ActivityManager(  374): START u0 {act=android.intent.action.MAIN cat=[android.intent.category.LAUNCHER] flg=0x10200000 cmp=com.pekall.emdm.launcher/.Launcher} from pid 576
05-20 18:01:37.431 I/ActivityManager(  374): Start proc com.pekall.emdm.launcher for activity com.pekall.emdm.launcher/.Launcher: pid=9365 uid=10066 gids={50066, 1015, 3002, 3001, 3003, 1028}
05-20 18:01:38.385 I/ActivityManager(  374): START u0 {cmp=com.pekall.emdm.launcher/com.pekall.emdm.ui.SplashActivity} from pid 9365
05-20 18:01:38.892 W/ActivityManager(  374): Activity pause timeout for ActivityRecord{422743b8 u0 com.pekall.emdm.launcher/.Launcher}
05-20 18:01:39.135 W/ActivityManager(  374): Unable to start service Intent { cmp=com.pekall.emdm.launcher/com.pekall.semail.service.AttachmentDownloadService } U=0: not found
05-20 18:01:39.408 W/ActivityManager(  374): Unable to start service Intent { cmp=com.pekall.emdm.launcher/com.pekall.semail.service.AttachmentDownloadService } U=0: not found
05-20 18:01:41.330 I/ActivityManager(  374): START u0 {cmp=com.pekall.emdm.launcher/com.pekall.emdm.ui.AdvActivity} from pid 9365
05-20 18:01:46.525 I/ActivityManager(  374): START u0 {cmp=com.pekall.emdm.launcher/com.pekall.emdm.ui.ActiveDeviceAdminActivity} from pid 9365
05-20 18:01:47.424 I/ActivityManager(  374): START u0 {act=android.app.action.ADD_DEVICE_ADMIN cmp=com.android.settings/.DeviceAdminAdd (has extras)} from pid 9365
05-20 18:01:48.830 I/ActivityManager(  374): START u0 {cmp=com.pekall.emdm.launcher/com.pekall.emdm.ui.RegDeviceActivity} from pid 9365
--------- beginning of /dev/log/main
05-20 18:02:12.830 D/MDM :   ( 9365): [null:-1]->read network input stream
05-20 18:02:12.838 D/MDM :   ( 9365): [null:-1]->Get joson string: {"result":0,"loginInfo":{"mdmPushServerInfoVo":{"id":0,"port":9090,"count":123,"ip":"test.mdm.everknow.cn","pushToken":"123456"},"profileUrl":null}}
05-20 18:02:12.900 W/Parcel  ( 1661): Attempt to read object from Parcel 0x5dfd3dac at offset 200 that is not in the object list
05-20 18:02:12.900 D/NetworkThread( 9365): [null:-1]->clear mCurrentTransInfo
05-20 18:02:12.900 D/NetworkThread( 9365): [null:-1]->queue is empty, thread wait...
05-20 18:02:12.908 D/MdmService( 9365): [null:-1]->receiver action :com.pekall.mdm.action.MDM_REGISTERED
05-20 18:02:12.908 D/MdmService( 9365): [null:-1]->correctAlarm
05-20 18:02:12.924 I/TransInfo( 9365): TransInfo created, id: 5, class: class com.pekall.emdm.transaction.c.j
05-20 18:02:12.924 D/NetworkThread( 9365): [null:-1]->----isRunning-----true
05-20 18:02:12.924 D/NetworkThread( 9365): [null:-1]->----isRunning-----true
05-20 18:02:12.924 D/NetworkThread( 9365): [null:-1]->thread wakeup
05-20 18:02:12.924 D/NetworkThread( 9365): [null:-1]->sendHttpGet: http://192.168.10.21/rest/mdm/v1/device/trigger_cmd?device_uuid=00013fbc8ecec5b9000001461914c968&cmd_types=10103
05-20 18:02:12.924 D/HttpClient( 9365): enable apache.http debug
05-20 18:02:12.924 D/MdmService( 9365): [null:-1]->keepAliveWithPushServer  client is null 
05-20 18:02:12.931 D/MdmService( 9365): [null:-1]->pushUrl : ws://test.mdm.everknow.cn:9090/websocket
05-20 18:02:12.931 D/MDM :   ( 9365): [null:-1]->mMdmPushClient is :null
05-20 18:02:12.931 D/MDM :   ( 9365): [null:-1]->mMdmPushClient opened :not opened
05-20 18:02:12.939 V/DEBUG   ( 9365): HTTP 0
05-20 18:02:12.947 D/MDM :   ( 9365): [null:-1]->mMdmPushClient connect
05-20 18:02:12.947 D/MdmStatusManager( 9365): [null:-1]->change status to : Busy
05-20 18:02:12.947 W/SQLiteOpenHelper( 9365): Opened /data/data/com.pekall.emdm.launcher/databases/pekall_mdm.db
05-20 18:02:13.002 I/TransInfo( 9365): TransInfo created, id: 3, class: class com.pekall.emdm.transaction.c.b
05-20 18:02:13.002 D/NetworkThread( 9365): [null:-1]->----isRunning-----true
05-20 18:02:13.002 I/TransInfo( 9365): TransInfo created, id: 9, class: class com.pekall.emdm.transaction.c.c
05-20 18:02:13.010 D/MdmService( 9365): [null:-1]->keepAliveWithPushServer client is opened:false
05-20 18:02:13.017 D/MdmService( 9365): [null:-1]->pushUrl : ws://test.mdm.everknow.cn:9090/websocket
05-20 18:02:13.017 D/MDM :   ( 9365): [null:-1]->mMdmPushClient is :not null
05-20 18:02:13.017 D/MDM :   ( 9365): [null:-1]->mMdmPushClient opened :not opened
05-20 18:02:13.017 D/MDM :   ( 9365): [null:-1]->mMdmPushClient connect
05-20 18:02:13.017 D/MdmService( 9365): [null:-1]->MdmStatusManager is busy , wait......
05-20 18:02:13.017 I/TransInfo( 9365): TransInfo created, id: 9, class: class com.pekall.emdm.transaction.c.c
05-20 18:02:13.033 D/MDM :   ( 9365): [null:-1]->handleMessage
05-20 18:02:13.056 W/Parcel  ( 1661): Attempt to read object from Parcel 0x5ded3dac at offset 200 that is not in the object list
05-20 18:02:13.064 I/ActivityManager(  374): START u0 {flg=0x8000 cmp=com.pekall.emdm.launcher/.Launcher} from pid 9365
05-20 18:02:13.103 D/MDM :   ( 9365): [null:-1]->statusCode : 200
05-20 18:02:13.103 D/MDM :   ( 9365): [null:-1]->statusCode : 200
05-20 18:02:13.103 V/DEBUG   ( 9365): HTTP 1
05-20 18:02:13.111 D/MDM :   ( 9365): [null:-1]->read network input stream
05-20 18:02:13.111 D/MDM :   ( 9365): [null:-1]->Get joson string: {"result":0}
05-20 18:02:13.127 D/NetworkThread( 9365): [null:-1]->clear mCurrentTransInfo
05-20 18:02:13.127 D/NetworkThread( 9365): [null:-1]->sendHttpPost:PostRequest, url: http://192.168.10.21/rest/mdm/v1/ios/android_server, Params: [content:<?xml version="1.0" encoding="UTF-8"?>
05-20 18:02:13.127 D/NetworkThread( 9365): <!DOCTYPE plist PUBLIC "-//Apple//DTD PLIST 1.0//EN" "http://www.apple.com/DTDs/PropertyList-1.0.dtd">
05-20 18:02:13.127 D/NetworkThread( 9365): <plist version="1.0">
05-20 18:02:13.127 D/NetworkThread( 9365): <dict>
05-20 18:02:13.127 D/NetworkThread( 9365): 	<key>Status</key>
05-20 18:02:13.127 D/NetworkThread( 9365): 	<string>Idle</string>
05-20 18:02:13.127 D/NetworkThread( 9365): 	<key>UDID</key>
05-20 18:02:13.127 D/NetworkThread( 9365): 	<string>00013fbc8ecec5b9000001461914c968</string>
05-20 18:02:13.127 D/NetworkThread( 9365): </dict>
05-20 18:02:13.127 D/NetworkThread( 9365): </plist>], 
05-20 18:02:13.127 D/HttpClient( 9365): enable apache.http debug
05-20 18:02:13.135 V/DEBUG   ( 9365): HTTP 0
05-20 18:02:13.174 D/dalvikvm(  374): GC_FOR_ALLOC freed 2061K, 25% free 21526K/28456K, paused 80ms, total 82ms
05-20 18:02:13.197 W/WindowManager(  374): Token{4288ddf0 ActivityRecord{42630a08 u0 com.pekall.emdm.launcher/.Launcher}} failed creating starting window
05-20 18:02:13.197 W/WindowManager(  374): android.view.InflateException: Binary XML file line #34: Error inflating class <unknown>
05-20 18:02:13.197 W/WindowManager(  374): 	at android.view.LayoutInflater.createView(LayoutInflater.java:620)
05-20 18:02:13.197 W/WindowManager(  374): 	at com.android.internal.policy.impl.PhoneLayoutInflater.onCreateView(PhoneLayoutInflater.java:56)
05-20 18:02:13.197 W/WindowManager(  374): 	at android.view.LayoutInflater.onCreateView(LayoutInflater.java:669)
05-20 18:02:13.197 W/WindowManager(  374): 	at android.view.LayoutInflater.createViewFromTag(LayoutInflater.java:694)
05-20 18:02:13.197 W/WindowManager(  374): 	at android.view.LayoutInflater.rInflate(LayoutInflater.java:755)
05-20 18:02:13.197 W/WindowManager(  374): 	at android.view.LayoutInflater.inflate(LayoutInflater.java:492)
05-20 18:02:13.197 W/WindowManager(  374): 	at android.view.LayoutInflater.inflate(LayoutInflater.java:397)
05-20 18:02:13.197 W/WindowManager(  374): 	at android.view.LayoutInflater.inflate(LayoutInflater.java:353)
05-20 18:02:13.197 W/WindowManager(  374): 	at com.android.internal.policy.impl.PhoneWindow.generateLayout(PhoneWindow.java:2823)
05-20 18:02:13.197 W/WindowManager(  374): 	at com.android.internal.policy.impl.PhoneWindow.installDecor(PhoneWindow.java:2886)
05-20 18:02:13.197 W/WindowManager(  374): 	at com.android.internal.policy.impl.PhoneWindow.getDecorView(PhoneWindow.java:1581)
05-20 18:02:13.197 W/WindowManager(  374): 	at com.android.internal.policy.impl.PhoneWindowManager.addStartingWindow(PhoneWindowManager.java:1618)
05-20 18:02:13.197 W/WindowManager(  374): 	at com.android.server.wm.WindowManagerService$H.handleMessage(WindowManagerService.java:6908)
05-20 18:02:13.197 W/WindowManager(  374): 	at android.os.Handler.dispatchMessage(Handler.java:99)
05-20 18:02:13.197 W/WindowManager(  374): 	at android.os.Looper.loop(Looper.java:137)
05-20 18:02:13.197 W/WindowManager(  374): 	at android.os.HandlerThread.run(HandlerThread.java:61)
05-20 18:02:13.197 W/WindowManager(  374): Caused by: java.lang.reflect.InvocationTargetException
05-20 18:02:13.197 W/WindowManager(  374): 	at java.lang.reflect.Constructor.constructNative(Native Method)
05-20 18:02:13.197 W/WindowManager(  374): 	at java.lang.reflect.Constructor.newInstance(Constructor.java:417)
05-20 18:02:13.197 W/WindowManager(  374): 	at android.view.LayoutInflater.createView(LayoutInflater.java:594)
05-20 18:02:13.197 W/WindowManager(  374): 	... 15 more
05-20 18:02:13.197 W/WindowManager(  374): Caused by: android.content.res.Resources$NotFoundException: Resource is not a Drawable (color or path): TypedValue{t=0x2/d=0x1010059 a=-1}
05-20 18:02:13.197 W/WindowManager(  374): 	at android.content.res.Resources.loadDrawable(Resources.java:2063)
05-20 18:02:13.197 W/WindowManager(  374): 	at android.content.res.TypedArray.getDrawable(TypedArray.java:601)
05-20 18:02:13.197 W/WindowManager(  374): 	at android.widget.FrameLayout.<init>(FrameLayout.java:109)
05-20 18:02:13.197 W/WindowManager(  374): 	at android.widget.FrameLayout.<init>(FrameLayout.java:97)
05-20 18:02:13.197 W/WindowManager(  374): 	... 18 more
05-20 18:02:13.205 D/ProfileManager( 9365): [null:-1]->check policy checking :false
05-20 18:02:13.205 D/ProfileManager( 9365): [null:-1]->check policy checking :true
05-20 18:02:13.205 E/QueryController( 9280): Got null root node from accessibility - Retrying...
05-20 18:02:13.205 D/MDM :   ( 9365): [null:-1]->MSG_WEBSOCKET_OPEN
05-20 18:02:13.213 D/MDM :   ( 9365): [null:-1]->MSG_WEBSOCKET_OPEN
05-20 18:02:13.213 D/LauncherApplication( 9365): [null:-1]->onActivityPaused
05-20 18:02:13.228 D/HomeLoaders( 9365): aborting loaders
05-20 18:02:13.455 E/QueryController( 9280): Got null root node from accessibility - Retrying...
05-20 18:02:13.486 D/dalvikvm( 9365): JIT unchain all for threadid=11
05-20 18:02:13.510 D/PushMessageManager( 9365): [null:-1]->add sent message : {"params":{"device":"00013fbc8ecec5b9000001461914c968","token":"123456"},"id":0,"command":0,"reason":0,"result":0,"type":0}
05-20 18:02:13.525 D/MDM :   ( 9365): [null:-1]->statusCode : 200
05-20 18:02:13.533 D/MDM :   ( 9365): [null:-1]->statusCode : 200
05-20 18:02:13.533 V/DEBUG   ( 9365): HTTP 1
05-20 18:02:13.580 D/PushMessageManager( 9365): [null:-1]->add sent message : {"params":{"device":"00013fbc8ecec5b9000001461914c968","token":"123456"},"id":0,"command":0,"reason":0,"result":0,"type":0}
05-20 18:02:13.705 E/QueryController( 9280): Got null root node from accessibility - Retrying...
05-20 18:02:13.846 D/dalvikvm( 9365): JIT unchain all for threadid=11
05-20 18:02:13.869 D/MDM :   ( 9365): [null:-1]->read network input stream
05-20 18:02:13.869 D/MDM :   ( 9365): [null:-1]->read network input stream
05-20 18:02:13.885 D/MDM :   ( 9365): [null:-1]->Get joson string: <?xml version="1.0" encoding="UTF-8"?>
05-20 18:02:13.885 D/MDM :   ( 9365): <!DOCTYPE plist PUBLIC "-//Apple//DTD PLIST 1.0//EN" "http://www.apple.com/DTDs/PropertyList-1.0.dtd">
05-20 18:02:13.885 D/MDM :   ( 9365): <plist version="1.0">
05-20 18:02:13.885 D/MDM :   ( 9365): <dict>
05-20 18:02:13.885 D/MDM :   ( 9365): 	<key>CommandUUID</key>
05-20 18:02:13.885 D/MDM :   ( 9365): 	<string>5c563e0d-6c2c-4974-be9f-30f05fd99697</string>
05-20 18:02:13.885 D/MDM :   ( 9365): 	<key>Command</key>
05-20 18:02:13.885 D/MDM :   ( 9365): 	<dict>
05-20 18:02:13.885 D/MDM :   ( 9365): 		<key>Queries</key>
05-20 18:02:13.885 D/MDM :   ( 9365): 		<array>
05-20 18:02:13.885 D/MDM :   ( 9365): 			<string>UDID</string>
05-20 18:02:13.885 D/MDM :   ( 9365): 			<string>DeviceName</string>
05-20 18:02:13.885 D/MDM :   ( 9365): 			<string>OSVersion</string>
05-20 18:02:13.885 D/MDM :   ( 9365): 			<string>BuildVersion</string>
05-20 18:02:13.885 D/MDM :   ( 9365): 			<string>ModelName</string>
05-20 18:02:13.885 D/MDM :   ( 9365): 			<string>Model</string>
05-20 18:02:13.885 D/MDM :   ( 9365): 			<string>ProductName</string>
05-20 18:02:13.885 D/MDM :   ( 9365): 			<string>SerialNumber</string>
05-20 18:02:13.885 D/MDM :   ( 9365): 			<string>DeviceCapacity</string>
05-20 18:02:13.885 D/MDM :   ( 9365): 			<string>AvailableDeviceCapacity</string>
05-20 18:02:13.885 D/MDM :   ( 9365): 			<string>BatteryLevel</string>
05-20 18:02:13.885 D/MDM :   ( 9365): 			<string>CellularTechnology</string>
05-20 18:02:13.885 D/MDM :   ( 9365): 			<string>IMEI</string>
05-20 18:02:13.885 D/MDM :   ( 9365): 			<string>MEID</string>
05-20 18:02:13.885 D/MDM :   ( 9365): 			<string>ModemFirmwareVersion</string>
05-20 18:02:13.885 D/MDM :   ( 9365): 			<string>ICCID</string>
05-20 18:02:13.885 D/MDM :   ( 9365): 			<string>BluetoothMAC</string>
05-20 18:02:13.885 D/MDM :   ( 9365): 			<string>WiFiMAC</string>
05-20 18:02:13.885 D/MDM :   ( 9365): 			<string>EthernetMAC</string>
05-20 18:02:13.885 D/MDM :   ( 9365): 			<string>CurrentCarrierNetwork</string>
05-20 18:02:13.885 D/MDM :   ( 9365): 			<string>SIMCarrierNetwork</string>
05-20 18:02:13.885 D/MDM :   ( 9365): 			<string>SubscriberCarrierNetwork</string>
05-20 18:02:13.885 D/MDM :   ( 9365): 			<string>CarrierSettingsVersion</string>
05-20 18:02:13.885 D/MDM :   ( 9365): 			<string>PhoneNumber</string>
05-20 18:02:13.885 D/MDM :   ( 9365): 			<string>VoiceRoamingEnabled</string>
05-20 18:02:13.885 D/MDM :   ( 9365): 			<string>DataRoamingEnabled</string>
05-20 18:02:13.885 D/MDM :   ( 9365): 			<string>IsRoaming</string>
05-20 18:02:13.885 D/MDM :   ( 9365): 			<string>SubscriberMCC</string>
05-20 18:02:13.885 D/MDM :   ( 9365): 			<string>SubscriberMNC</string>
05-20 18:02:13.885 D/MDM :   ( 9365): 			<string>SIMMCC</string>
05-20 18:02:13.885 D/MDM :   ( 9365): 			<string>SIMMNC</string>
05-20 18:02:13.885 D/MDM :   ( 9365): 			<string>CurrentMCC</string>
05-20 18:02:13.885 D/MDM :   ( 9365): 			<string>CurrentMNC</string>
05-20 18:02:13.885 D/MDM :   ( 9365): 		</array>
05-20 18:02:13.885 D/MDM :   ( 9365): 		<key>RequestType</key>
05-20 18:02:13.885 D/MDM :   ( 9365): 		<string>DeviceInformation</string>
05-20 18:02:13.885 D/MDM :   ( 9365): 	</dict>
05-20 18:02:13.885 D/MDM :   ( 9365): </dict>
05-20 18:02:13.885 D/MDM :   ( 9365): </plist>
05-20 18:02:13.900 D/dalvikvm( 9365): GC_EXPLICIT freed 7435K, 34% free 23421K/35176K, paused 261ms+278ms, total 663ms
05-20 18:02:13.947 D/CheckInTransInfo( 9365): [null:-1]->CommandMsg : CommandMsg{CommandUUID='5c563e0d-6c2c-4974-be9f-30f05fd99697', Command=CommandObject{RequestType='DeviceInformation'}}
05-20 18:02:13.955 E/QueryController( 9280): Cannot proceed when root node is null. Aborted search
05-20 18:02:13.955 E/QueryController( 9280): Got null root node from accessibility - Retrying...
05-20 18:02:13.986 D/NetworkThread( 9365): [null:-1]->clear mCurrentTransInfo
05-20 18:02:13.994 D/NetworkThread( 9365): [null:-1]->sendHttpPost:PostRequest, url: http://192.168.10.21/rest/mdm/v1/system/check_mdm_app, Params: [version:71][os:51201][pkg_name:com.pekall.emdm.launcher], 
05-20 18:02:13.994 D/HttpClient( 9365): enable apache.http debug
05-20 18:02:13.994 D/MDM :   ( 9365): [null:-1]->width 104
05-20 18:02:14.002 V/DEBUG   ( 9365): HTTP 0
05-20 18:02:14.002 D/MDM :   ( 9365): [null:-1]->height 104
05-20 18:02:14.002 D/MDM :   ( 9365): [null:-1]->scale 0.5
05-20 18:02:14.002 D/MDM :   ( 9365): [null:-1]->tint false
05-20 18:02:14.010 D/MDM :   ( 9365): [null:-1]->width 104
05-20 18:02:14.017 D/MDM :   ( 9365): [null:-1]->height 104
05-20 18:02:14.017 D/MDM :   ( 9365): [null:-1]->scale 0.5
05-20 18:02:14.017 D/MDM :   ( 9365): [null:-1]->tint false
05-20 18:02:14.017 D/MDM :   ( 9365): [null:-1]->icon instanceof BitmapDrawable
05-20 18:02:14.025 D/MDM :   ( 9365): [null:-1]->  iconWidth 87
05-20 18:02:14.025 D/MDM :   ( 9365): [null:-1]->  iconHeight 87
05-20 18:02:14.025 D/MDM :   ( 9365): [null:-1]->  107 87
05-20 18:02:14.025 D/MDM :   ( 9365): [null:-1]->width 104
05-20 18:02:14.025 D/MDM :   ( 9365): [null:-1]->height 104
05-20 18:02:14.025 D/MDM :   ( 9365): [null:-1]->scale 1.0
05-20 18:02:14.025 D/MDM :   ( 9365): [null:-1]->tint false
05-20 18:02:14.025 D/MDM :   ( 9365): [null:-1]->width 104
05-20 18:02:14.025 D/MDM :   ( 9365): [null:-1]->height 104
05-20 18:02:14.025 D/MDM :   ( 9365): [null:-1]->scale 1.0
05-20 18:02:14.033 D/MDM :   ( 9365): [null:-1]->tint false
05-20 18:02:14.033 D/MDM :   ( 9365): [null:-1]->icon instanceof BitmapDrawable
05-20 18:02:14.033 D/MDM :   ( 9365): [null:-1]->  iconWidth 87
05-20 18:02:14.033 D/MDM :   ( 9365): [null:-1]->  iconHeight 87
05-20 18:02:14.033 D/MDM :   ( 9365): [null:-1]->  107 87
05-20 18:02:14.033 D/MDM :   ( 9365): [null:-1]->width 104
05-20 18:02:14.041 D/MDM :   ( 9365): [null:-1]->height 104
05-20 18:02:14.041 D/MDM :   ( 9365): [null:-1]->scale 1.0
05-20 18:02:14.041 D/MDM :   ( 9365): [null:-1]->tint false
05-20 18:02:14.049 D/MDM :   ( 9365): [null:-1]->width 104
05-20 18:02:14.049 D/MDM :   ( 9365): [null:-1]->height 104
05-20 18:02:14.049 D/MDM :   ( 9365): [null:-1]->scale 1.0
05-20 18:02:14.056 D/MDM :   ( 9365): [null:-1]->tint false
05-20 18:02:14.056 D/MDM :   ( 9365): [null:-1]->icon instanceof BitmapDrawable
05-20 18:02:14.056 D/MDM :   ( 9365): [null:-1]->  iconWidth 87
05-20 18:02:14.056 D/MDM :   ( 9365): [null:-1]->  iconHeight 87
05-20 18:02:14.056 D/MDM :   ( 9365): [null:-1]->  107 87
05-20 18:02:14.064 D/MDM :   ( 9365): [null:-1]->width 104
05-20 18:02:14.064 D/MDM :   ( 9365): [null:-1]->height 104
05-20 18:02:14.064 D/MDM :   ( 9365): [null:-1]->scale 1.0
05-20 18:02:14.064 D/MDM :   ( 9365): [null:-1]->tint false
05-20 18:02:14.205 E/QueryController( 9280): Got null root node from accessibility - Retrying...
05-20 18:02:14.314 D/dalvikvm( 9365): JIT unchain all for threadid=11
05-20 18:02:14.353 D/dalvikvm( 9365): GC_FOR_ALLOC freed 4927K, 43% free 20138K/35176K, paused 288ms, total 288ms
05-20 18:02:14.392 D/MDM :   ( 9365): [null:-1]->statusCode : 200
05-20 18:02:14.392 D/MDM :   ( 9365): [null:-1]->statusCode : 200
05-20 18:02:14.392 V/DEBUG   ( 9365): HTTP 1
05-20 18:02:14.408 D/MDM :   ( 9365): [null:-1]->read network input stream
05-20 18:02:14.408 D/MDM :   ( 9365): [null:-1]->Get joson string: {"result":0,"mdmClientInfos":{"id":25,"type":51107,"url":"https://test.mdm.everknow.cn/resources/api/v1/download/guest?uuid=3d3a2bab165b45b2293828544ee0","pkgName":"com.pekall.emdm.launcher","platform":51201,"comId":1,"appVersionCode":72,"appVersionName":"BYOD_2.1.0424","appAuthor":null,"appIcon":null,"appName":"Pekall enterprise mobile office","appSize":null,"minSdk":null,"updateTime":1398754856000,"forceUpdate":0,"updateInfo":null,"new":false}}
05-20 18:02:14.439 D/NetworkThread( 9365): [null:-1]->clear mCurrentTransInfo
05-20 18:02:14.439 D/NetworkThread( 9365): [null:-1]->queue is empty, thread wait...
05-20 18:02:14.463 E/QueryController( 9280): Got null root node from accessibility - Retrying...
05-20 18:02:14.517 V/Launcher( 9365): isLauncherDf = true
05-20 18:02:14.517 V/Launcher( 9365): isPhoneDf = true
05-20 18:02:14.517 D/        ( 9365): [---null: -1---]  ScreenWidth  720
05-20 18:02:14.517 D/        ( 9365): [---null: -1---]  ScreenHeight  1184
05-20 18:02:14.525 D/HomeLoaders( 9365): load applications
05-20 18:02:14.525 D/HomeLoaders( 9365):   --> applications loaded, return
05-20 18:02:14.525 D/HomeLoaders( 9365): loading user items in Thread[main,5,main]
05-20 18:02:14.525 D/HomeLoaders( 9365):   --> items loaded, return
05-20 18:02:14.525 D/HomeLoaders( 9365):   --> loading from cache: 11, 0
05-20 18:02:14.525 D/Launcher( 9365): ------> binding 11 items
05-20 18:02:14.525 D/Launcher( 9365): ------> binding 0 widgets
05-20 18:02:14.525 D/Launcher( 9365): ------> start binding items
05-20 18:02:14.525 W/Parcel  ( 1661): Attempt to read object from Parcel 0x5ec3bdac at offset 200 that is not in the object list
05-20 18:02:14.525 W/Parcel  ( 1661): Attempt to read object from Parcel 0x6003bdac at offset 200 that is not in the object list
05-20 18:02:14.525 D/Email   ( 9365): Email: init sandbox at the beginning.
05-20 18:02:14.533 V/l       ( 9365): Bind requested for task setLogging
05-20 18:02:14.541 I/Email   ( 9365): Notifications being toggled: false
05-20 18:02:14.541 W/SQLiteOpenHelper( 9365): Opened /data/data/com.pekall.emdm.launcher/databases/sandbox.db
05-20 18:02:14.541 W/ActivityManager(  374): Unable to start service Intent { cmp=com.pekall.emdm.launcher/com.pekall.semail.service.AttachmentDownloadService } U=0: not found
05-20 18:02:14.596 W/Parcel  ( 1661): Attempt to read object from Parcel 0x5ef3bdac at offset 200 that is not in the object list
05-20 18:02:14.603 W/Parcel  ( 1661): Attempt to read object from Parcel 0x6013bdac at offset 200 that is not in the object list
05-20 18:02:14.603 V/LauncherApplication( 9365): onActivityStarted
05-20 18:02:14.603 D/        ( 9365): [---null: -1---]     awsa  onActivityResumed
05-20 18:02:14.603 V/LauncherApplication( 9365): 2MdmConstant.LAST_LAUNCH_TIME = 1400580099425
05-20 18:02:14.713 E/QueryController( 9280): Cannot proceed when root node is null. Aborted search
05-20 18:02:14.861 D/dalvikvm( 9365): JIT unchain all for threadid=11
05-20 18:02:14.869 D/        ( 9365): [---null: -1---]  activity = com.pekall.emdm.launcher.Launcher
05-20 18:02:14.869 V/DefultSetContriller( 9365): isLauncherDf = com.pekall.emdm.launcher
05-20 18:02:14.869 V/DefultSetContriller( 9365): isLauncherDf = com.pekall.emdm.launcher
05-20 18:02:14.869 V/DefultSetContriller( 9365): isPhoneDf = com.pekall.emdm.launcher
05-20 18:02:14.869 E/LauncherApplication( 9365): isShowLogoutUI = true
05-20 18:02:14.869 E/LauncherApplication( 9365): LogoutShowTime 1
05-20 18:02:14.869 V/Launcher( 9365): onResume1111111 
05-20 18:02:14.869 V/Launcher( 9365): is login ----> 
05-20 18:02:14.877 I/System.out( 9365):  
05-20 18:02:14.877 I/System.out( 9365): com.pekall.emdm.launcher.Workspace.setWallpaper(Unknown Source)
05-20 18:02:14.877 I/System.out( 9365): com.pekall.emdm.launcher.Launcher.onResume(Unknown Source)
05-20 18:02:14.877 I/System.out( 9365): android.app.Instrumentation.callActivityOnResume(Instrumentation.java:1192)
05-20 18:02:14.877 I/System.out( 9365): android.app.Activity.performResume(Activity.java:5211)
05-20 18:02:14.877 I/System.out( 9365): android.app.ActivityThread.performResumeActivity(ActivityThread.java:2780)
05-20 18:02:14.877 I/System.out( 9365): android.app.ActivityThread.handleResumeActivity(ActivityThread.java:2819)
05-20 18:02:14.877 I/System.out( 9365): android.app.ActivityThread.handleLaunchActivity(ActivityThread.java:2266)
05-20 18:02:14.877 I/System.out( 9365): android.app.ActivityThread.access$600(ActivityThread.java:141)
05-20 18:02:14.877 I/System.out( 9365): android.app.ActivityThread$H.handleMessage(ActivityThread.java:1256)
05-20 18:02:14.877 I/System.out( 9365): android.os.Handler.dispatchMessage(Handler.java:99)
05-20 18:02:14.877 I/System.out( 9365): android.os.Looper.loop(Looper.java:137)
05-20 18:02:14.877 I/System.out( 9365): android.app.ActivityThread.main(ActivityThread.java:5103)
05-20 18:02:14.885 I/System.out( 9365): java.lang.reflect.Method.invokeNative(Native Method)
05-20 18:02:14.885 I/System.out( 9365): java.lang.reflect.Method.invoke(Method.java:525)
05-20 18:02:14.885 I/System.out( 9365): com.android.internal.os.ZygoteInit$MethodAndArgsCaller.run(ZygoteInit.java:737)
05-20 18:02:14.885 I/System.out( 9365): com.android.internal.os.ZygoteInit.main(ZygoteInit.java:553)
05-20 18:02:14.885 I/System.out( 9365): dalvik.system.NativeStart.main(Native Method)
05-20 18:02:15.111 E/QueryController( 9280): Got null root node from accessibility - Retrying...
05-20 18:02:15.150 D/dalvikvm( 9365): JIT unchain all for threadid=11
05-20 18:02:15.158 D/dalvikvm( 9365): GC_CONCURRENT freed 3673K, 43% free 20124K/35176K, paused 257ms+259ms, total 552ms
05-20 18:02:15.158 D/dalvikvm( 9365): WAIT_FOR_CONCURRENT_GC blocked 273ms
05-20 18:02:15.267 D/MDM :   ( 9365): [null:-1]->MSG_WEBSOCKET_MESSAGE : {"id":0,"type":1,"command":0,"result":0,"reason":0}
05-20 18:02:15.275 D/MdmService( 9365): [null:-1]->push message type :1
05-20 18:02:15.275 D/PushMessageManager( 9365): [null:-1]->remove sent message : 0
05-20 18:02:15.283 D/PushMessageManager( 9365): [null:-1]->sent message :{"params":{"device":"00013fbc8ecec5b9000001461914c968","token":"123456"},"id":0,"command":0,"reason":0,"result":0,"type":0}
05-20 18:02:15.283 D/PushMessageManager( 9365): [null:-1]->has message : 0
05-20 18:02:15.283 D/PushMessageManager( 9365): [null:-1]->sSentMessage not empty : 1
05-20 18:02:15.283 D/MDM :   ( 9365): [null:-1]->MSG_WEBSOCKET_MESSAGE : {"id":-1282117518,"type":0,"command":0,"result":0,"reason":0,"params":{"device":"00013fbc8ecec5b9000001461914c968","message":"{\"cmd\":\"10119\"}"}}
05-20 18:02:15.291 D/MdmService( 9365): [null:-1]->push message type :0
05-20 18:02:15.291 D/MdmService( 9365): [null:-1]->cmdMessage : {"cmd":"10119"}
05-20 18:02:15.291 D/MdmService( 9365): [null:-1]->command : PushCommandMsg{cmd='10119', msg='null'}
05-20 18:02:15.291 D/MdmService( 9365): [null:-1]->MdmStatusManager is busy , wait......
05-20 18:02:15.299 D/MDM :   ( 9365): [null:-1]->MSG_WEBSOCKET_MESSAGE : {"id":-609932094,"type":0,"command":0,"result":0,"reason":0,"params":{"device":"00013fbc8ecec5b9000001461914c968","message":"{\"cmd\":\"10119\"}"}}
05-20 18:02:15.306 D/MdmService( 9365): [null:-1]->push message type :0
05-20 18:02:15.306 D/MdmService( 9365): [null:-1]->cmdMessage : {"cmd":"10119"}
05-20 18:02:15.306 D/MdmService( 9365): [null:-1]->command : PushCommandMsg{cmd='10119', msg='null'}
05-20 18:02:15.306 D/MdmService( 9365): [null:-1]->MdmStatusManager is busy , wait......
05-20 18:02:15.314 D/MDM :   ( 9365): [null:-1]->MSG_WEBSOCKET_MESSAGE : {"id":-159507518,"type":0,"command":0,"result":0,"reason":0,"params":{"device":"00013fbc8ecec5b9000001461914c968","message":"{\"cmd\":\"10119\"}"}}
05-20 18:02:15.322 D/MdmService( 9365): [null:-1]->push message type :0
05-20 18:02:15.322 D/MdmService( 9365): [null:-1]->cmdMessage : {"cmd":"10119"}
05-20 18:02:15.322 D/MdmService( 9365): [null:-1]->command : PushCommandMsg{cmd='10119', msg='null'}
05-20 18:02:15.322 D/MdmService( 9365): [null:-1]->MdmStatusManager is busy , wait......
05-20 18:02:15.330 D/MDM :   ( 9365): [null:-1]->MSG_WEBSOCKET_MESSAGE : {"id":-1249668215,"type":0,"command":0,"result":0,"reason":0,"params":{"device":"00013fbc8ecec5b9000001461914c968","message":"{\"cmd\":\"10119\"}"}}
05-20 18:02:15.361 E/QueryController( 9280): Got null root node from accessibility - Retrying...
05-20 18:02:15.580 D/dalvikvm( 9365): JIT unchain all for threadid=11
05-20 18:02:15.596 D/MdmService( 9365): [null:-1]->push message type :0
05-20 18:02:15.596 D/MdmService( 9365): [null:-1]->cmdMessage : {"cmd":"10119"}
05-20 18:02:15.596 D/MdmService( 9365): [null:-1]->command : PushCommandMsg{cmd='10119', msg='null'}
05-20 18:02:15.596 D/MdmService( 9365): [null:-1]->MdmStatusManager is busy , wait......
05-20 18:02:15.611 E/QueryController( 9280): Got null root node from accessibility - Retrying...
05-20 18:02:15.619 D/MDM :   ( 9365): [null:-1]->MSG_WEBSOCKET_MESSAGE : {"id":0,"type":1,"command":0,"result":0,"reason":0}
05-20 18:02:15.627 D/MdmService( 9365): [null:-1]->push message type :1
05-20 18:02:15.627 D/PushMessageManager( 9365): [null:-1]->remove sent message : 0
05-20 18:02:15.635 D/PushMessageManager( 9365): [null:-1]->sent message :{"params":{"device":"00013fbc8ecec5b9000001461914c968","token":"123456"},"id":0,"command":0,"reason":0,"result":0,"type":0}
05-20 18:02:15.861 E/QueryController( 9280): Cannot proceed when root node is null. Aborted search
05-20 18:02:15.861 E/QueryController( 9280): Got null root node from accessibility - Retrying...
05-20 18:02:15.892 D/dalvikvm( 9365): JIT unchain all for threadid=11
05-20 18:02:15.900 D/PushMessageManager( 9365): [null:-1]->has message : 0
05-20 18:02:15.900 D/MDM :   ( 9365): [null:-1]->MSG_WEBSOCKET_MESSAGE : {"id":-1282117518,"type":0,"command":0,"result":0,"reason":0,"params":{"device":"00013fbc8ecec5b9000001461914c968","message":"{\"cmd\":\"10119\"}"}}
05-20 18:02:15.908 D/dalvikvm( 9365): GC_CONCURRENT freed 445K, 34% free 23439K/35176K, paused 257ms+265ms, total 578ms
05-20 18:02:15.908 D/dalvikvm( 9365): WAIT_FOR_CONCURRENT_GC blocked 4ms
05-20 18:02:15.924 D/MdmService( 9365): [null:-1]->push message type :0
05-20 18:02:15.924 D/MdmService( 9365): [null:-1]->cmdMessage : {"cmd":"10119"}
05-20 18:02:15.924 D/MdmService( 9365): [null:-1]->command : PushCommandMsg{cmd='10119', msg='null'}
05-20 18:02:15.924 D/MdmService( 9365): [null:-1]->MdmStatusManager is busy , wait......
05-20 18:02:15.931 D/MDM :   ( 9365): [null:-1]->MSG_WEBSOCKET_MESSAGE : {"id":-609932094,"type":0,"command":0,"result":0,"reason":0,"params":{"device":"00013fbc8ecec5b9000001461914c968","message":"{\"cmd\":\"10119\"}"}}
05-20 18:02:15.939 D/MdmService( 9365): [null:-1]->push message type :0
05-20 18:02:15.939 D/MdmService( 9365): [null:-1]->cmdMessage : {"cmd":"10119"}
05-20 18:02:15.939 D/MdmService( 9365): [null:-1]->command : PushCommandMsg{cmd='10119', msg='null'}
05-20 18:02:15.939 D/MdmService( 9365): [null:-1]->MdmStatusManager is busy , wait......
05-20 18:02:15.947 D/MDM :   ( 9365): [null:-1]->MSG_WEBSOCKET_MESSAGE : {"id":-159507518,"type":0,"command":0,"result":0,"reason":0,"params":{"device":"00013fbc8ecec5b9000001461914c968","message":"{\"cmd\":\"10119\"}"}}
05-20 18:02:15.955 D/MdmService( 9365): [null:-1]->push message type :0
05-20 18:02:15.955 D/MdmService( 9365): [null:-1]->cmdMessage : {"cmd":"10119"}
05-20 18:02:15.955 D/MdmService( 9365): [null:-1]->command : PushCommandMsg{cmd='10119', msg='null'}
05-20 18:02:15.955 D/MdmService( 9365): [null:-1]->MdmStatusManager is busy , wait......
05-20 18:02:15.963 D/MDM :   ( 9365): [null:-1]->MSG_WEBSOCKET_MESSAGE : {"id":-1249668215,"type":0,"command":0,"result":0,"reason":0,"params":{"device":"00013fbc8ecec5b9000001461914c968","message":"{\"cmd\":\"10119\"}"}}
05-20 18:02:15.963 D/MdmService( 9365): [null:-1]->push message type :0
05-20 18:02:15.963 D/MdmService( 9365): [null:-1]->cmdMessage : {"cmd":"10119"}
05-20 18:02:15.963 D/MdmService( 9365): [null:-1]->command : PushCommandMsg{cmd='10119', msg='null'}
05-20 18:02:15.971 D/MdmService( 9365): [null:-1]->MdmStatusManager is busy , wait......
05-20 18:02:15.971 D/MdmService( 9365): [null:-1]->handleCheckInResult
05-20 18:02:15.971 D/MdmService( 9365): [null:-1]->handleCheckInResult result keyIndex: 3
05-20 18:02:15.978 D/MDM :   ( 9365): [null:-1]->width 104
05-20 18:02:15.978 D/MDM :   ( 9365): [null:-1]->height 104
05-20 18:02:15.978 D/MDM :   ( 9365): [null:-1]->scale 1.0
05-20 18:02:15.978 D/MDM :   ( 9365): [null:-1]->tint false
05-20 18:02:15.978 D/MDM :   ( 9365): [null:-1]->width 104
05-20 18:02:15.978 D/MDM :   ( 9365): [null:-1]->height 104
05-20 18:02:15.978 D/MDM :   ( 9365): [null:-1]->scale 1.0
05-20 18:02:15.978 D/CommandManager( 9365): [null:-1]->execute command: CommandMsg{CommandUUID='5c563e0d-6c2c-4974-be9f-30f05fd99697', Command=CommandObject{RequestType='DeviceInformation'}}
05-20 18:02:15.978 D/MDM :   ( 9365): [null:-1]->tint false
05-20 18:02:15.978 D/MDM :   ( 9365): [null:-1]->width 104
05-20 18:02:15.978 D/MDM :   ( 9365): [null:-1]->height 104
05-20 18:02:15.978 D/MDM :   ( 9365): [null:-1]->scale 1.0
05-20 18:02:15.978 D/MDM :   ( 9365): [null:-1]->tint false
05-20 18:02:15.986 D/MDM :   ( 9365): [null:-1]->width 104
05-20 18:02:15.986 D/MDM :   ( 9365): [null:-1]->height 104
05-20 18:02:15.986 D/MDM :   ( 9365): [null:-1]->scale 1.0
05-20 18:02:15.986 D/MDM :   ( 9365): [null:-1]->tint false
05-20 18:02:15.986 D/MDM :   ( 9365): [null:-1]->width 104
05-20 18:02:15.986 D/MDM :   ( 9365): [null:-1]->height 104
05-20 18:02:15.986 D/MDM :   ( 9365): [null:-1]->scale 1.0
05-20 18:02:15.986 D/MDM :   ( 9365): [null:-1]->tint false
05-20 18:02:15.986 D/MDM :   ( 9365): [null:-1]->width 104
05-20 18:02:15.986 D/MDM :   ( 9365): [null:-1]->height 104
05-20 18:02:15.994 D/MDM :   ( 9365): [null:-1]->scale 1.0
05-20 18:02:15.994 D/MDM :   ( 9365): [null:-1]->tint false
05-20 18:02:15.994 D/MDM :   ( 9365): [null:-1]->width 104
05-20 18:02:15.994 D/MDM :   ( 9365): [null:-1]->height 104
05-20 18:02:15.994 D/MDM :   ( 9365): [null:-1]->scale 1.0
05-20 18:02:15.994 D/MDM :   ( 9365): [null:-1]->tint false
05-20 18:02:15.994 D/MDM :   ( 9365): [null:-1]->width 104
05-20 18:02:15.994 D/MDM :   ( 9365): [null:-1]->height 104
05-20 18:02:15.994 D/MDM :   ( 9365): [null:-1]->scale 1.0
05-20 18:02:16.002 D/MDM :   ( 9365): [null:-1]->tint false
05-20 18:02:16.002 D/        ( 9365): [---null: -1---]  xxd111  getPackageName  com.pekall.emdm.launcher
05-20 18:02:16.002 D/        ( 9365): [---null: -1---]  xxd111  getClassName  com.pekall.emdm.document.activity.DocMainActivity
05-20 18:02:16.002 D/        ( 9365): [---null: -1---]  xxd111  info.title  Document Manager ,count is 0
05-20 18:02:16.010 D/        ( 9365): [---null: -1---]  xxd111  getPackageName  com.pekall.emdm.launcher
05-20 18:02:16.010 D/        ( 9365): [---null: -1---]  xxd111  getClassName  com.pekall.emdm.launcher.ui.BackPersonalActivity
05-20 18:02:16.010 D/        ( 9365): [---null: -1---]  xxd111  info.title  Personal Mode ,count is 0
05-20 18:02:16.010 D/        ( 9365): [---null: -1---]  xxd111  getPackageName  com.pekall.emdm.launcher
05-20 18:02:16.010 D/        ( 9365): [---null: -1---]  xxd111  getClassName  com.pekall.semail.activity.Welcome
05-20 18:02:16.010 D/        ( 9365): [---null: -1---]  xxd111  info.title  Email ,count is 0
05-20 18:02:16.017 D/MDM :   ( 9365): [null:-1]->username is : zhenhua.sang@pekall.com ,pwd is 123456
05-20 18:02:16.017 I/System.out( 9365): [cjx]authenticateUser,zhenhua.sang@pekall.com,123456
05-20 18:02:16.017 I/System.out( 9365): [cjx]to generate user KEK now,keyLength:32,algorithm:Rijndael256
05-20 18:02:16.111 E/QueryController( 9280): Got null root node from accessibility - Retrying...
05-20 18:02:16.127 I/System.out( 9365): [cjx]blockSize:32
05-20 18:02:16.127 I/System.out( 9365): [cjx]iv:[112, 101, 107, 97, 108, 108, 50, 48, 49, 52, 97, 101, 115, 99, 106, 120, 112, 101, 107, 97, 108, 108, 50, 48, 49, 52, 97, 101, 115, 99, 106, 120]
05-20 18:02:16.127 I/System.out( 9365): [cjx]secret:[-94, 35, 21, 34, 6, -61, -108, -46, 6, 56, -82, 111, 24, -59, 0, -21, 43, -46, -16, 27, -76, 52, 9, 117, -69, 64, 55, -122, -120, -69, -38, 9]
05-20 18:02:16.135 I/System.out( 9365): [cjx]successfully restore dek:[B@42d39930
05-20 18:02:16.135 I/System.out( 9365): [cjx]to generate user KEK now,keyLength:32,algorithm:Rijndael256
05-20 18:02:16.236 I/System.out( 9365): [cjx]blockSize:32
05-20 18:02:16.236 I/System.out( 9365): [cjx]iv:[112, 101, 107, 97, 108, 108, 50, 48, 49, 52, 97, 101, 115, 99, 106, 120, 112, 101, 107, 97, 108, 108, 50, 48, 49, 52, 97, 101, 115, 99, 106, 120]
05-20 18:02:16.236 I/System.out( 9365): [cjx]secret:[-94, 35, 21, 34, 6, -61, -108, -46, 6, 56, -82, 111, 24, -59, 0, -21, 43, -46, -16, 27, -76, 52, 9, 117, -69, 64, 55, -122, -120, -69, -38, 9]
05-20 18:02:16.244 W/Parcel  ( 1661): Attempt to read object from Parcel 0x5dfd3dac at offset 200 that is not in the object list
05-20 18:02:16.244 D/ExchangeService( 9365): !!! EAS ExchangeService, onCreate
05-20 18:02:16.244 W/Parcel  ( 1661): Attempt to read object from Parcel 0x5ded3dac at offset 200 that is not in the object list
05-20 18:02:16.244 I/Choreographer( 9365): Skipped 57 frames!  The application may be doing too much work on its main thread.
05-20 18:02:16.244 W/ActivityManager(  374): Unable to start service Intent { act=pekall.intent.action.DOWNLOAD_APP (has extras) } U=0: not found
05-20 18:02:16.267 D/        ( 9365): [---null: -1---]  1111222  mLongAxisStartPadding110
05-20 18:02:16.267 D/        ( 9365): [---null: -1---]  11112223  heightSpecSize1094
05-20 18:02:16.267 D/        ( 9365): [---null: -1---]  11112223  mLongAxisStartPadding110
05-20 18:02:16.267 D/        ( 9365): [---null: -1---]  11112223  mLongAxisEndPadding110
05-20 18:02:16.275 D/        ( 9365): [---null: -1---]  11112223  mRows4
05-20 18:02:16.275 D/        ( 9365): [---null: -1---]  1111222  mLongAxisStartPadding110
05-20 18:02:16.275 D/        ( 9365): [---null: -1---]  11112223  heightSpecSize1094
05-20 18:02:16.275 D/        ( 9365): [---null: -1---]  11112223  mLongAxisStartPadding110
05-20 18:02:16.275 D/        ( 9365): [---null: -1---]  11112223  mLongAxisEndPadding110
05-20 18:02:16.275 D/        ( 9365): [---null: -1---]  11112223  mRows4
05-20 18:02:16.275 D/        ( 9365): [---null: -1---]  1111222  mLongAxisStartPadding110
05-20 18:02:16.275 D/        ( 9365): [---null: -1---]  11112223  heightSpecSize1094
05-20 18:02:16.275 D/        ( 9365): [---null: -1---]  11112223  mLongAxisStartPadding110
05-20 18:02:16.283 D/        ( 9365): [---null: -1---]  11112223  mLongAxisEndPadding110
05-20 18:02:16.283 D/        ( 9365): [---null: -1---]  11112223  mRows4
05-20 18:02:16.283 D/        ( 9365): [---null: -1---]  1111222  mLongAxisStartPadding110
05-20 18:02:16.283 D/        ( 9365): [---null: -1---]  11112223  heightSpecSize1094
05-20 18:02:16.291 D/        ( 9365): [---null: -1---]  11112223  mLongAxisStartPadding110
05-20 18:02:16.291 D/        ( 9365): [---null: -1---]  11112223  mLongAxisEndPadding110
05-20 18:02:16.291 D/        ( 9365): [---null: -1---]  11112223  mRows4
05-20 18:02:16.291 D/        ( 9365): [---null: -1---]  1111222  mLongAxisStartPadding110
05-20 18:02:16.291 D/        ( 9365): [---null: -1---]  11112223  heightSpecSize1094
05-20 18:02:16.291 D/        ( 9365): [---null: -1---]  11112223  mLongAxisStartPadding110
05-20 18:02:16.291 D/        ( 9365): [---null: -1---]  11112223  mLongAxisEndPadding110
05-20 18:02:16.291 D/        ( 9365): [---null: -1---]  11112223  mRows4
05-20 18:02:16.299 D/        ( 9365): [---null: -1---]  1111222  mLongAxisStartPadding110
05-20 18:02:16.299 D/        ( 9365): [---null: -1---]  11112223  heightSpecSize1094
05-20 18:02:16.299 D/        ( 9365): [---null: -1---]  11112223  mLongAxisStartPadding110
05-20 18:02:16.299 D/        ( 9365): [---null: -1---]  11112223  mLongAxisEndPadding110
05-20 18:02:16.299 D/        ( 9365): [---null: -1---]  11112223  mRows4
05-20 18:02:16.299 D/        ( 9365): [---null: -1---]  1111222  mLongAxisStartPadding110
05-20 18:02:16.299 D/        ( 9365): [---null: -1---]  11112223  heightSpecSize1094
05-20 18:02:16.299 D/        ( 9365): [---null: -1---]  11112223  mLongAxisStartPadding110
05-20 18:02:16.299 D/        ( 9365): [---null: -1---]  11112223  mLongAxisEndPadding110
05-20 18:02:16.299 D/        ( 9365): [---null: -1---]  11112223  mRows4
05-20 18:02:16.299 D/        ( 9365): [---null: -1---]  1111222  mLongAxisStartPadding110
05-20 18:02:16.306 D/        ( 9365): [---null: -1---]  11112223  heightSpecSize1094
05-20 18:02:16.306 D/        ( 9365): [---null: -1---]  11112223  mLongAxisStartPadding110
05-20 18:02:16.306 D/        ( 9365): [---null: -1---]  11112223  mLongAxisEndPadding110
05-20 18:02:16.306 D/        ( 9365): [---null: -1---]  11112223  mRows4
05-20 18:02:16.306 D/        ( 9365): [---null: -1---]  1111222  mLongAxisStartPadding110
05-20 18:02:16.306 D/        ( 9365): [---null: -1---]  11112223  heightSpecSize1094
05-20 18:02:16.306 D/        ( 9365): [---null: -1---]  11112223  mLongAxisStartPadding110
05-20 18:02:16.306 D/        ( 9365): [---null: -1---]  11112223  mLongAxisEndPadding110
05-20 18:02:16.306 D/        ( 9365): [---null: -1---]  11112223  mRows4
05-20 18:02:16.306 D/        ( 9365): [---null: -1---]  1111222  mLongAxisStartPadding110
05-20 18:02:16.314 D/        ( 9365): [---null: -1---]  11112223  heightSpecSize1094
05-20 18:02:16.314 D/        ( 9365): [---null: -1---]  11112223  mLongAxisStartPadding110
05-20 18:02:16.314 D/        ( 9365): [---null: -1---]  11112223  mLongAxisEndPadding110
05-20 18:02:16.314 D/        ( 9365): [---null: -1---]  11112223  mRows4
05-20 18:02:16.361 E/QueryController( 9280): Got null root node from accessibility - Retrying...
05-20 18:02:16.369 D/        ( 9365): [---null: -1---]  xxd111  getPackageName  com.pekall.emdm.launcher
05-20 18:02:16.369 D/        ( 9365): [---null: -1---]  xxd111  getClassName  com.pekall.emdm.contacts.activities.PeopleActivity
05-20 18:02:16.369 D/        ( 9365): [---null: -1---]  xxd111  info.title  EmdmContacts ,count is 0
05-20 18:02:16.369 D/        ( 9365): [---null: -1---]  xxd111  getPackageName  com.pekall.emdm.launcher
05-20 18:02:16.377 D/        ( 9365): [---null: -1---]  xxd111  getClassName  com.pekall.emdm.browser.BrowserActivity
05-20 18:02:16.377 D/        ( 9365): [---null: -1---]  xxd111  info.title  Safe Browser ,count is 0
05-20 18:02:16.377 D/        ( 9365): [---null: -1---]  xxd111  getPackageName  com.pekall.emdm.launcher
05-20 18:02:16.377 D/        ( 9365): [---null: -1---]  xxd111  getClassName  com.pekall.emdm.launcher.ui.AboutActivity
05-20 18:02:16.377 D/        ( 9365): [---null: -1---]  xxd111  info.title  About ,count is 0
05-20 18:02:16.377 D/        ( 9365): [---null: -1---]  xxd111  getPackageName  com.pekall.emdm.launcher
05-20 18:02:16.385 D/        ( 9365): [---null: -1---]  xxd111  getClassName  com.pekall.emdm.launcher.ui.SettingActivity
05-20 18:02:16.385 D/        ( 9365): [---null: -1---]  xxd111  info.title  Setting ,count is 0
05-20 18:02:16.385 V/l       ( 9365): Connected: com.pekall.exchange.ExchangeService
05-20 18:02:16.385 D/ExchangeService( 9365): !!! EAS ExchangeService, onStartCommand, startingUp = false, running = false
05-20 18:02:16.385 D/ExchangeService( 9365): to start secureStorageService now
05-20 18:02:16.392 D/        ( 9365): [---null: -1---]  1111222  mLongAxisStartPadding110
05-20 18:02:16.392 D/        ( 9365): [---null: -1---]  11112223  heightSpecSize1094
05-20 18:02:16.392 D/        ( 9365): [---null: -1---]  11112223  mLongAxisStartPadding110
05-20 18:02:16.392 D/        ( 9365): [---null: -1---]  11112223  mLongAxisEndPadding110
05-20 18:02:16.392 D/        ( 9365): [---null: -1---]  11112223  mRows4
05-20 18:02:16.400 V/l       ( 9365): Task setLogging completed; disconnecting
05-20 18:02:16.408 D/        ( 9365): [---null: -1---]  1111222  mLongAxisStartPadding110
05-20 18:02:16.408 D/        ( 9365): [---null: -1---]  11112223  heightSpecSize1094
05-20 18:02:16.408 D/        ( 9365): [---null: -1---]  11112223  mLongAxisStartPadding110
05-20 18:02:16.408 D/        ( 9365): [---null: -1---]  11112223  mLongAxisEndPadding110
05-20 18:02:16.408 D/        ( 9365): [---null: -1---]  11112223  mRows4
05-20 18:02:16.431 V/a       ( 9365): Bind requested for task test
05-20 18:02:16.471 D/ExchangeService( 9365): Reconciling accounts...
05-20 18:02:16.471 V/a       ( 9365): Bind requested for task reconcileAccounts
05-20 18:02:16.478 V/a       ( 9365): Waiting for task reconcileAccounts to complete...
05-20 18:02:16.533 I/ActivityManager(  374): Displayed com.pekall.emdm.launcher/.Launcher: +3s310ms
05-20 18:02:16.564 D/        ( 9365): [---null: -1---]  1111222  mLongAxisStartPadding110
05-20 18:02:16.564 D/        ( 9365): [---null: -1---]  11112223  heightSpecSize1094
05-20 18:02:16.564 D/        ( 9365): [---null: -1---]  11112223  mLongAxisStartPadding110
05-20 18:02:16.564 D/        ( 9365): [---null: -1---]  11112223  mLongAxisEndPadding110
05-20 18:02:16.564 D/        ( 9365): [---null: -1---]  11112223  mRows4
05-20 18:02:16.564 D/        ( 9365): [---null: -1---]  1111222  mLongAxisStartPadding110
05-20 18:02:16.564 D/        ( 9365): [---null: -1---]  11112223  heightSpecSize1094
05-20 18:02:16.564 D/        ( 9365): [---null: -1---]  11112223  mLongAxisStartPadding110
05-20 18:02:16.572 D/        ( 9365): [---null: -1---]  11112223  mLongAxisEndPadding110
05-20 18:02:16.572 D/        ( 9365): [---null: -1---]  11112223  mRows4
05-20 18:02:16.572 D/        ( 9365): [---null: -1---]  1111222  mLongAxisStartPadding110
05-20 18:02:16.572 D/        ( 9365): [---null: -1---]  11112223  heightSpecSize1094
05-20 18:02:16.572 D/        ( 9365): [---null: -1---]  11112223  mLongAxisStartPadding110
05-20 18:02:16.572 D/        ( 9365): [---null: -1---]  11112223  mLongAxisEndPadding110
05-20 18:02:16.572 D/        ( 9365): [---null: -1---]  11112223  mRows4
05-20 18:02:16.572 D/        ( 9365): [---null: -1---]  1111222  mLongAxisStartPadding110
05-20 18:02:16.572 D/        ( 9365): [---null: -1---]  11112223  heightSpecSize1094
05-20 18:02:16.572 D/        ( 9365): [---null: -1---]  11112223  mLongAxisStartPadding110
05-20 18:02:16.580 D/        ( 9365): [---null: -1---]  11112223  mLongAxisEndPadding110
05-20 18:02:16.580 D/        ( 9365): [---null: -1---]  11112223  mRows4
05-20 18:02:16.580 D/        ( 9365): [---null: -1---]  1111222  mLongAxisStartPadding110
05-20 18:02:16.580 D/        ( 9365): [---null: -1---]  11112223  heightSpecSize1094
05-20 18:02:16.580 D/        ( 9365): [---null: -1---]  11112223  mLongAxisStartPadding110
