05-20 18:03:14.635 D/        ( 9365): [---null: -1---]  xxd info.title 'EmdmContacts', info.intent <Intent { flg=0x10200000 cmp=com.pekall.emdm.launcher/com.pekall.emdm.contacts.activities.PeopleActivity }>
05-20 18:03:14.642 D/        ( 9365): [---null: -1---]  xxd getPackageName  com.pekall.emdm.launcher
05-20 18:03:14.642 D/        ( 9365): [---null: -1---]  xxd getClassName  com.pekall.emdm.contacts.activities.PeopleActivity
05-20 18:03:14.650 D/        ( 9365): [---null: -1---]  xxd title name from label: EmdmContacts
05-20 18:03:14.650 D/        ( 9365): [---null: -1---]  xxd titlename: EmdmContacts ,count is 0
05-20 18:03:14.658 D/        ( 9365): [---null: -1---]  xxd info.title 'Message Center', info.intent <Intent { flg=0x10200000 cmp=com.pekall.emdm.launcher/com.pekall.emdm.messagecenter.activity.MessageMainActivity }>
05-20 18:03:14.658 D/        ( 9365): [---null: -1---]  xxd getPackageName  com.pekall.emdm.launcher
05-20 18:03:14.666 D/        ( 9365): [---null: -1---]  xxd getClassName  com.pekall.emdm.messagecenter.activity.MessageMainActivity
05-20 18:03:14.666 D/        ( 9365): [---null: -1---]  xxd title name from label: Message Center
05-20 18:03:14.666 D/        ( 9365): [---null: -1---]  xxd titlename: Message Center ,count is 0
05-20 18:03:14.674 D/        ( 9365): [---null: -1---]  xxd info.title 'Personal Mode', info.intent <Intent { flg=0x10200000 cmp=com.pekall.emdm.launcher/.ui.BackPersonalActivity }>
05-20 18:03:14.681 D/        ( 9365): [---null: -1---]  xxd getPackageName  com.pekall.emdm.launcher
05-20 18:03:14.681 D/        ( 9365): [---null: -1---]  xxd getClassName  com.pekall.emdm.launcher.ui.BackPersonalActivity
05-20 18:03:14.689 D/        ( 9365): [---null: -1---]  xxd title name from label: Personal Mode
05-20 18:03:14.689 D/        ( 9365): [---null: -1---]  xxd titlename: Personal Mode ,count is 0
05-20 18:03:14.689 D/        ( 9365): [---null: -1---]  xxd info.title 'Phone', info.intent <Intent { flg=0x10200000 cmp=com.pekall.emdm.launcher/com.pekall.emdm.contacts.activities.DialtactsActivity }>
05-20 18:03:14.697 D/        ( 9365): [---null: -1---]  xxd getPackageName  com.pekall.emdm.launcher
05-20 18:03:14.697 D/        ( 9365): [---null: -1---]  xxd getClassName  com.pekall.emdm.contacts.activities.DialtactsActivity
05-20 18:03:14.705 D/        ( 9365): [---null: -1---]  xxd title name from label: Phone
05-20 18:03:14.705 D/        ( 9365): [---null: -1---]  xxd titlename: Phone ,count is 0
05-20 18:03:14.713 D/        ( 9365): [---null: -1---]  xxd info.title 'Safe Browser', info.intent <Intent { flg=0x10200000 cmp=com.pekall.emdm.launcher/com.pekall.emdm.browser.BrowserActivity }>
05-20 18:03:14.713 D/        ( 9365): [---null: -1---]  xxd getPackageName  com.pekall.emdm.launcher
05-20 18:03:14.713 D/        ( 9365): [---null: -1---]  xxd getClassName  com.pekall.emdm.browser.BrowserActivity
05-20 18:03:14.721 D/        ( 9365): [---null: -1---]  xxd title name from label: Safe Browser
05-20 18:03:14.721 D/        ( 9365): [---null: -1---]  xxd titlename: Safe Browser ,count is 0
05-20 18:03:14.728 D/        ( 9365): [---null: -1---]  xxd info.title 'Setting', info.intent <Intent { flg=0x10200000 cmp=com.pekall.emdm.launcher/.ui.SettingActivity }>
05-20 18:03:14.736 D/        ( 9365): [---null: -1---]  xxd getPackageName  com.pekall.emdm.launcher
05-20 18:03:14.736 D/        ( 9365): [---null: -1---]  xxd getClassName  com.pekall.emdm.launcher.ui.SettingActivity
05-20 18:03:14.744 D/        ( 9365): [---null: -1---]  xxd title name from label: Setting
05-20 18:03:14.744 D/        ( 9365): [---null: -1---]  xxd titlename: Setting ,count is 0
05-20 18:03:14.775 V/CounterTextView( 9365): draw
05-20 18:03:14.775 V/CounterTextView( 9365): count = 1
05-20 18:03:14.775 D/MDM :   ( 9365): [null:-1]->zzzzz   getWidth() 175
05-20 18:03:14.783 D/MDM :   ( 9365): [null:-1]->zzzzz   ++++++++++++++++mWidthTemp <getWidth()(Offset) 0
05-20 18:03:14.783 V/CounterTextView( 9365): xxxxxxx   136
05-20 18:03:14.791 V/CounterTextView( 9365): draw
05-20 18:03:14.791 V/CounterTextView( 9365): count = 1
05-20 18:03:14.791 D/MDM :   ( 9365): [null:-1]->zzzzz   getWidth() 175
05-20 18:03:14.791 D/MDM :   ( 9365): [null:-1]->zzzzz   ++++++++++++++++mWidthTemp <getWidth()(Offset) 0
05-20 18:03:14.791 V/CounterTextView( 9365): xxxxxxx   136
05-20 18:03:14.806 V/CounterTextView( 9365): draw
05-20 18:03:14.806 V/CounterTextView( 9365): count = 1
05-20 18:03:14.806 D/MDM :   ( 9365): [null:-1]->zzzzz   getWidth() 175
05-20 18:03:14.806 D/MDM :   ( 9365): [null:-1]->zzzzz   ++++++++++++++++mWidthTemp <getWidth()(Offset) 0
05-20 18:03:14.814 V/CounterTextView( 9365): xxxxxxx   136
05-20 18:03:14.814 V/CounterTextView( 9365): draw
05-20 18:03:14.814 V/CounterTextView( 9365): count = 1
05-20 18:03:14.814 D/MDM :   ( 9365): [null:-1]->zzzzz   getWidth() 175
05-20 18:03:14.814 D/MDM :   ( 9365): [null:-1]->zzzzz   ++++++++++++++++mWidthTemp <getWidth()(Offset) 0
05-20 18:03:14.822 V/CounterTextView( 9365): xxxxxxx   136
05-20 18:03:14.908 W/ActivityManager(  374): Activity pause timeout for ActivityRecord{42295ac8 u0 com.pekall.emdm.launcher/.CustomShirtcutActivity}
05-20 18:03:15.072 W/InputMethodManagerService(  374): Window already focused, ignoring focus gain of: com.android.internal.view.IInputMethodClient$Stub$Proxy@426f5a68 attribute=null, token = android.os.BinderProxy@42615450
05-20 18:03:15.088 V/CounterTextView( 9365): draw
05-20 18:03:15.088 V/CounterTextView( 9365): count = 1
05-20 18:03:15.096 D/MDM :   ( 9365): [null:-1]->zzzzz   getWidth() 175
05-20 18:03:15.096 D/MDM :   ( 9365): [null:-1]->zzzzz   ++++++++++++++++mWidthTemp <getWidth()(Offset) 0
05-20 18:03:15.103 V/CounterTextView( 9365): xxxxxxx   136
05-20 18:03:15.103 V/CounterTextView( 9365): draw
05-20 18:03:15.103 V/CounterTextView( 9365): count = 1
05-20 18:03:15.103 D/MDM :   ( 9365): [null:-1]->zzzzz   getWidth() 175
05-20 18:03:15.103 D/MDM :   ( 9365): [null:-1]->zzzzz   ++++++++++++++++mWidthTemp <getWidth()(Offset) 0
05-20 18:03:15.111 V/CounterTextView( 9365): xxxxxxx   136
05-20 18:03:15.127 V/CounterTextView( 9365): draw
05-20 18:03:15.127 V/CounterTextView( 9365): count = 1
05-20 18:03:15.127 D/MDM :   ( 9365): [null:-1]->zzzzz   getWidth() 175
05-20 18:03:15.135 D/MDM :   ( 9365): [null:-1]->zzzzz   ++++++++++++++++mWidthTemp <getWidth()(Offset) 0
05-20 18:03:15.135 V/CounterTextView( 9365): xxxxxxx   136
05-20 18:03:15.142 V/CounterTextView( 9365): draw
05-20 18:03:15.142 V/CounterTextView( 9365): count = 1
05-20 18:03:15.142 D/MDM :   ( 9365): [null:-1]->zzzzz   getWidth() 175
05-20 18:03:15.142 D/MDM :   ( 9365): [null:-1]->zzzzz   ++++++++++++++++mWidthTemp <getWidth()(Offset) 0
05-20 18:03:15.158 V/CounterTextView( 9365): xxxxxxx   136
05-20 18:03:15.213 D/        ( 9365): [---null: -1---]     awsa  onActivityResumed
05-20 18:03:15.213 V/LauncherApplication( 9365): 2MdmConstant.LAST_LAUNCH_TIME = 1400580194313
05-20 18:03:15.221 D/        ( 9365): [---null: -1---]  activity = com.pekall.emdm.launcher.Launcher
05-20 18:03:15.228 V/DefultSetContriller( 9365): isLauncherDf = com.pekall.emdm.launcher
05-20 18:03:15.236 V/DefultSetContriller( 9365): isLauncherDf = com.pekall.emdm.launcher
05-20 18:03:15.236 V/DefultSetContriller( 9365): isPhoneDf = com.pekall.emdm.launcher
05-20 18:03:15.236 E/LauncherApplication( 9365): isShowLogoutUI = true
05-20 18:03:15.236 E/LauncherApplication( 9365): LogoutShowTime 1
05-20 18:03:15.236 V/Launcher( 9365): onResume1111111 
05-20 18:03:15.236 V/Launcher( 9365): is login ----> 
05-20 18:03:15.252 I/System.out( 9365):  
05-20 18:03:15.252 I/System.out( 9365): com.pekall.emdm.launcher.Workspace.setWallpaper(Unknown Source)
05-20 18:03:15.252 I/System.out( 9365): com.pekall.emdm.launcher.Launcher.onResume(Unknown Source)
05-20 18:03:15.252 I/System.out( 9365): android.app.Instrumentation.callActivityOnResume(Instrumentation.java:1192)
05-20 18:03:15.252 I/System.out( 9365): android.app.Activity.performResume(Activity.java:5211)
05-20 18:03:15.260 I/System.out( 9365): android.app.ActivityThread.performResumeActivity(ActivityThread.java:2780)
05-20 18:03:15.260 I/System.out( 9365): android.app.ActivityThread.handleResumeActivity(ActivityThread.java:2819)
05-20 18:03:15.260 I/System.out( 9365): android.app.ActivityThread$H.handleMessage(ActivityThread.java:1298)
05-20 18:03:15.260 I/System.out( 9365): android.os.Handler.dispatchMessage(Handler.java:99)
05-20 18:03:15.260 I/System.out( 9365): android.os.Looper.loop(Looper.java:137)
05-20 18:03:15.260 I/System.out( 9365): android.app.ActivityThread.main(ActivityThread.java:5103)
05-20 18:03:15.260 I/System.out( 9365): java.lang.reflect.Method.invokeNative(Native Method)
05-20 18:03:15.260 I/System.out( 9365): java.lang.reflect.Method.invoke(Method.java:525)
05-20 18:03:15.260 I/System.out( 9365): com.android.internal.os.ZygoteInit$MethodAndArgsCaller.run(ZygoteInit.java:737)
05-20 18:03:15.260 I/System.out( 9365): com.android.internal.os.ZygoteInit.main(ZygoteInit.java:553)
05-20 18:03:15.260 I/System.out( 9365): dalvik.system.NativeStart.main(Native Method)
05-20 18:03:15.510 D/dalvikvm( 9365): JIT unchain all for threadid=11
05-20 18:03:15.572 D/dalvikvm( 9365): GC_FOR_ALLOC freed 4582K, 30% free 27153K/38412K, paused 307ms, total 307ms
05-20 18:03:15.767 I/Choreographer( 9365): Skipped 30 frames!  The application may be doing too much work on its main thread.
05-20 18:03:15.939 D/dalvikvm( 1661): GC_EXPLICIT freed 59K, 18% free 13064K/15888K, paused 3ms+12ms, total 109ms
05-20 18:03:15.978 V/CounterTextView( 9365): draw
05-20 18:03:15.978 V/CounterTextView( 9365): count = 1
05-20 18:03:15.978 D/MDM :   ( 9365): [null:-1]->zzzzz   getWidth() 175
05-20 18:03:15.986 D/MDM :   ( 9365): [null:-1]->zzzzz   ++++++++++++++++mWidthTemp <getWidth()(Offset) 0
05-20 18:03:15.986 V/CounterTextView( 9365): xxxxxxx   136
05-20 18:03:15.986 V/CounterTextView( 9365): draw
05-20 18:03:15.986 V/CounterTextView( 9365): count = 1
05-20 18:03:15.994 D/MDM :   ( 9365): [null:-1]->zzzzz   getWidth() 175
05-20 18:03:15.994 D/MDM :   ( 9365): [null:-1]->zzzzz   ++++++++++++++++mWidthTemp <getWidth()(Offset) 0
05-20 18:03:15.994 V/CounterTextView( 9365): xxxxxxx   136
05-20 18:03:16.010 V/CounterTextView( 9365): draw
05-20 18:03:16.010 V/CounterTextView( 9365): count = 1
05-20 18:03:16.017 D/MDM :   ( 9365): [null:-1]->zzzzz   getWidth() 175
05-20 18:03:16.017 D/MDM :   ( 9365): [null:-1]->zzzzz   ++++++++++++++++mWidthTemp <getWidth()(Offset) 0
05-20 18:03:16.017 V/CounterTextView( 9365): xxxxxxx   136
05-20 18:03:16.017 V/CounterTextView( 9365): draw
05-20 18:03:16.025 V/CounterTextView( 9365): count = 1
05-20 18:03:16.025 D/MDM :   ( 9365): [null:-1]->zzzzz   getWidth() 175
05-20 18:03:16.025 D/MDM :   ( 9365): [null:-1]->zzzzz   ++++++++++++++++mWidthTemp <getWidth()(Offset) 0
05-20 18:03:16.033 V/CounterTextView( 9365): xxxxxxx   136
05-20 18:03:16.072 I/QueryController( 9567): Matched selector: UiSelector[TEXT=Message Center, CLASS=android.widget.TextView, PACKAGE NAME=com.pekall.emdm.launcher] <<==>> [android.view.accessibility.AccessibilityNodeInfo@219ef; boundsInParent: Rect(0, 0 - 175, 255); boundsInScreen: Rect(185, 335 - 360, 590); packageName: com.pekall.emdm.launcher; className: android.widget.TextView; text: Message Center; contentDescription: null; viewIdResName: com.pekall.emdm.launcher:id/name; checkable: false; checked: false; focusable: false; focused: false; selected: false; clickable: false; longClickable: false; enabled: true; password: false; scrollable: false; [ACTION_SELECT, ACTION_CLEAR_SELECTION, ACTION_ACCESSIBILITY_FOCUS, ACTION_NEXT_AT_MOVEMENT_GRANULARITY, ACTION_PREVIOUS_AT_MOVEMENT_GRANULARITY, ACTION_SET_SELECTION]]
05-20 18:03:16.596 I/QueryController( 9567): Matched selector: UiSelector[TEXT=Message Center, CLASS=android.widget.TextView, PACKAGE NAME=com.pekall.emdm.launcher] <<==>> [android.view.accessibility.AccessibilityNodeInfo@219ef; boundsInParent: Rect(0, 0 - 175, 255); boundsInScreen: Rect(185, 335 - 360, 590); packageName: com.pekall.emdm.launcher; className: android.widget.TextView; text: Message Center; contentDescription: null; viewIdResName: com.pekall.emdm.launcher:id/name; checkable: false; checked: false; focusable: false; focused: false; selected: false; clickable: false; longClickable: false; enabled: true; password: false; scrollable: false; [ACTION_SELECT, ACTION_CLEAR_SELECTION, ACTION_ACCESSIBILITY_FOCUS, ACTION_NEXT_AT_MOVEMENT_GRANULARITY, ACTION_PREVIOUS_AT_MOVEMENT_GRANULARITY, ACTION_SET_SELECTION]]
05-20 18:03:16.596 D/UiObject( 9567): getText() = Message Center
05-20 18:03:16.627 I/QueryController( 9567): Matched selector: UiSelector[TEXT=Message Center, CLASS=android.widget.TextView, PACKAGE NAME=com.pekall.emdm.launcher] <<==>> [android.view.accessibility.AccessibilityNodeInfo@219ef; boundsInParent: Rect(0, 0 - 175, 255); boundsInScreen: Rect(185, 335 - 360, 590); packageName: com.pekall.emdm.launcher; className: android.widget.TextView; text: Message Center; contentDescription: null; viewIdResName: com.pekall.emdm.launcher:id/name; checkable: false; checked: false; focusable: false; focused: false; selected: false; clickable: false; longClickable: false; enabled: true; password: false; scrollable: false; [ACTION_SELECT, ACTION_CLEAR_SELECTION, ACTION_ACCESSIBILITY_FOCUS, ACTION_NEXT_AT_MOVEMENT_GRANULARITY, ACTION_PREVIOUS_AT_MOVEMENT_GRANULARITY, ACTION_SET_SELECTION]]
05-20 18:03:16.658 I/QueryController( 9567): Matched selector: UiSelector[TEXT=Message Center, CLASS=android.widget.TextView, PACKAGE NAME=com.pekall.emdm.launcher] <<==>> [android.view.accessibility.AccessibilityNodeInfo@219ef; boundsInParent: Rect(0, 0 - 175, 255); boundsInScreen: Rect(185, 335 - 360, 590); packageName: com.pekall.emdm.launcher; className: android.widget.TextView; text: Message Center; contentDescription: null; viewIdResName: com.pekall.emdm.launcher:id/name; checkable: false; checked: false; focusable: false; focused: false; selected: false; clickable: false; longClickable: false; enabled: true; password: false; scrollable: false; [ACTION_SELECT, ACTION_CLEAR_SELECTION, ACTION_ACCESSIBILITY_FOCUS, ACTION_NEXT_AT_MOVEMENT_GRANULARITY, ACTION_PREVIOUS_AT_MOVEMENT_GRANULARITY, ACTION_SET_SELECTION]]
05-20 18:03:16.658 D/InteractionController( 9567): clickAndWaitForNewWindow(272, 462)
05-20 18:03:16.830 W/Parcel  ( 1661): Attempt to read object from Parcel 0x6013bdac at offset 200 that is not in the object list
05-20 18:03:16.830 I/ActivityManager(  374): START u0 {flg=0x10000000 cmp=com.pekall.emdm.launcher/com.pekall.emdm.messagecenter.activity.MessageMainActivity} from pid 9365
05-20 18:03:16.994 D/dalvikvm(  374): JIT code cache reset in 3 ms (1048528 bytes 30/0)
05-20 18:03:17.017 D/dalvikvm(  374): GC_FOR_ALLOC freed 2259K, 25% free 21514K/28456K, paused 147ms, total 149ms
05-20 18:03:17.025 D/LauncherApplication( 9365): [null:-1]->onActivityPaused
05-20 18:03:17.041 D/LauncherApplication( 9365): [null:-1]->onActivityPaused  updateTime
05-20 18:03:17.119 V/LauncherApplication( 9365): onActivityStarted
05-20 18:03:17.119 D/        ( 9365): [---null: -1---]     awsa  onActivityResumed
05-20 18:03:17.119 V/LauncherApplication( 9365): 2MdmConstant.LAST_LAUNCH_TIME = 1400580197046
05-20 18:03:17.127 D/        ( 9365): [---null: -1---]  activity = com.pekall.emdm.messagecenter.activity.MessageMainActivity
05-20 18:03:17.142 V/DefultSetContriller( 9365): isLauncherDf = com.pekall.emdm.launcher
05-20 18:03:17.150 V/DefultSetContriller( 9365): isPhoneDf = com.pekall.emdm.launcher
05-20 18:03:17.150 E/LauncherApplication( 9365): isShowLogoutUI = true
05-20 18:03:17.150 E/LauncherApplication( 9365): LogoutShowTime 1
05-20 18:03:17.408 I/ActivityManager(  374): Displayed com.pekall.emdm.launcher/com.pekall.emdm.messagecenter.activity.MessageMainActivity: +369ms (total +3s102ms)
05-20 18:03:18.096 I/QueryController( 9567): Matched selector: UiSelector[TEXT=push message, CLASS=android.widget.TextView, PACKAGE NAME=com.pekall.emdm.launcher] <<==>> [android.view.accessibility.AccessibilityNodeInfo@2c6a1; boundsInParent: Rect(0, 0 - 186, 38); boundsInScreen: Rect(87, 79 - 273, 117); packageName: com.pekall.emdm.launcher; className: android.widget.TextView; text: push message; contentDescription: null; viewIdResName: android:id/title; checkable: false; checked: false; focusable: false; focused: false; selected: true; clickable: false; longClickable: false; enabled: true; password: false; scrollable: false; [ACTION_SELECT, ACTION_CLEAR_SELECTION, ACTION_ACCESSIBILITY_FOCUS, ACTION_NEXT_AT_MOVEMENT_GRANULARITY, ACTION_PREVIOUS_AT_MOVEMENT_GRANULARITY, ACTION_SET_SELECTION]]
05-20 18:03:18.158 I/QueryController( 9567): Matched selector: UiSelector[TEXT=push message, CLASS=android.widget.TextView, PACKAGE NAME=com.pekall.emdm.launcher] <<==>> [android.view.accessibility.AccessibilityNodeInfo@2c6a1; boundsInParent: Rect(0, 0 - 186, 38); boundsInScreen: Rect(87, 79 - 273, 117); packageName: com.pekall.emdm.launcher; className: android.widget.TextView; text: push message; contentDescription: null; viewIdResName: android:id/title; checkable: false; checked: false; focusable: false; focused: false; selected: true; clickable: false; longClickable: false; enabled: true; password: false; scrollable: false; [ACTION_SELECT, ACTION_CLEAR_SELECTION, ACTION_ACCESSIBILITY_FOCUS, ACTION_NEXT_AT_MOVEMENT_GRANULARITY, ACTION_PREVIOUS_AT_MOVEMENT_GRANULARITY, ACTION_SET_SELECTION]]
05-20 18:03:18.158 D/InteractionController( 9567): clickAndSync(180, 98)
05-20 18:03:18.603 W/ActivityManager(  374): Timeout executing service: ServiceRecord{42d5a4f0 u0 com.pekall.emdm.launcher/com.baidu.location.f}
05-20 18:03:18.611 I/Process (  374): Sending signal. PID: 9533 SIG: 3
05-20 18:03:18.611 I/dalvikvm( 9533): threadid=3: reacting to signal 3
05-20 18:03:18.814 I/Process (  374): Sending signal. PID: 374 SIG: 3
05-20 18:03:18.814 I/dalvikvm(  374): threadid=3: reacting to signal 3
05-20 18:03:18.861 D/dalvikvm( 9533): JIT unchain all for threadid=11
05-20 18:03:18.892 I/dalvikvm( 9533): Wrote stack traces to '/data/anr/traces.txt'
05-20 18:03:21.791 I/dalvikvm(  374): Wrote stack traces to '/data/anr/traces.txt'
05-20 18:03:21.924 I/Process (  374): Sending signal. PID: 561 SIG: 3
05-20 18:03:21.924 I/Process (  374): Sending signal. PID: 448 SIG: 3
05-20 18:03:21.924 I/dalvikvm(  448): threadid=3: reacting to signal 3
05-20 18:03:21.924 I/dalvikvm(  561): threadid=3: reacting to signal 3
05-20 18:03:22.017 I/dalvikvm(  561): Wrote stack traces to '/data/anr/traces.txt'
05-20 18:03:22.017 I/Process (  374): Sending signal. PID: 568 SIG: 3
05-20 18:03:22.017 I/dalvikvm(  568): threadid=3: reacting to signal 3
05-20 18:03:22.072 I/dalvikvm(  568): Wrote stack traces to '/data/anr/traces.txt'
05-20 18:03:22.517 I/dalvikvm(  448): Wrote stack traces to '/data/anr/traces.txt'
05-20 18:03:22.642 D/dalvikvm(  374): GC_EXPLICIT freed 2025K, 22% free 22323K/28456K, paused 3ms+10ms, total 100ms
05-20 18:03:23.228 I/Process (  374): Sending signal. PID: 9365 SIG: 3
05-20 18:03:23.228 I/dalvikvm( 9365): threadid=3: reacting to signal 3
05-20 18:03:23.463 E/ActivityManager(  374): ANR in com.pekall.emdm.launcher:remote
05-20 18:03:23.463 E/ActivityManager(  374): Reason: Executing service com.pekall.emdm.launcher/com.baidu.location.f
05-20 18:03:23.463 E/ActivityManager(  374): Load: 3.56 / 1.9 / 1.61
05-20 18:03:23.463 E/ActivityManager(  374): CPU usage from 3460ms to -4825ms ago:
05-20 18:03:23.463 E/ActivityManager(  374):   89% 9365/com.pekall.emdm.launcher: 86% user + 2.6% kernel / faults: 5038 minor 5 major
05-20 18:03:23.463 E/ActivityManager(  374):   77% 9533/com.pekall.emdm.launcher:remote: 76% user + 0.3% kernel / faults: 117 minor
05-20 18:03:23.463 E/ActivityManager(  374):   18% 374/system_server: 13% user + 5.3% kernel / faults: 2182 minor
05-20 18:03:23.463 E/ActivityManager(  374):   3.1% 448/com.android.systemui: 3% user + 0.1% kernel / faults: 45 minor
05-20 18:03:23.463 E/ActivityManager(  374):   2.5% 9567/uiautomator: 2% user + 0.4% kernel / faults: 1046 minor
05-20 18:03:23.463 E/ActivityManager(  374):   2.2% 127/mediaserver: 1% user + 1.2% kernel / faults: 2 minor
05-20 18:03:23.463 E/ActivityManager(  374):   1.8% 124/surfaceflinger: 1% user + 0.7% kernel / faults: 3004 minor
05-20 18:03:23.463 E/ActivityManager(  374):   1.3% 1661/com.qihoo360.mobilesafe:GuardService: 1% user + 0.2% kernel / faults: 213 minor 2 major
05-20 18:03:23.463 E/ActivityManager(  374):   0.4% 135/adbd: 0% user + 0.4% kernel
05-20 18:03:23.463 E/ActivityManager(  374):   0.3% 568/com.android.nfc: 0.2% user + 0.1% kernel / faults: 28 minor
05-20 18:03:23.463 E/ActivityManager(  374):   0.2% 561/com.android.phone: 0.1% user + 0.1% kernel / faults: 30 minor
05-20 18:03:23.463 E/ActivityManager(  374):   0.2% 8748/com.qihoo.appstore: 0.1% user + 0.1% kernel / faults: 2 minor
05-20 18:03:23.463 E/ActivityManager(  374):   0.2% 9239/kworker/0:0: 0% user + 0.2% kernel
05-20 18:03:23.463 E/ActivityManager(  374):   0.2% 9327/kworker/u:5: 0% user + 0.2% kernel
05-20 18:03:23.463 E/ActivityManager(  374):   0% 95/ueventd: 0% user + 0% kernel
05-20 18:03:23.463 E/ActivityManager(  374):   0% 121/netd: 0% user + 0% kernel
05-20 18:03:23.463 E/ActivityManager(  374):   0.1% 2462/com.dragon.android.pandaspace: 0.1% user + 0% kernel / faults: 47 minor
05-20 18:03:23.463 E/ActivityManager(  374):   0% 4648/logcat: 0% user + 0% kernel
05-20 18:03:23.463 E/ActivityManager(  374):   0.1% 9293/kworker/u:1: 0% user + 0.1% kernel
05-20 18:03:23.463 E/ActivityManager(  374):   0.1% 9295/kworker/u:3: 0% user + 0.1% kernel
05-20 18:03:23.463 E/ActivityManager(  374):   0.1% 9530/logcat: 0% user + 0.1% kernel
05-20 18:03:23.463 E/ActivityManager(  374): 100% TOTAL: 93% user + 6.9% kernel
05-20 18:03:23.463 E/ActivityManager(  374): CPU usage from 4044ms to 4577ms later:
05-20 18:03:23.463 E/ActivityManager(  374):   89% 9365/com.pekall.emdm.launcher: 81% user + 7.2% kernel / faults: 456 minor
05-20 18:03:23.463 E/ActivityManager(  374):     43% 9378/Thread-1971: 43% user + 0% kernel
05-20 18:03:23.463 E/ActivityManager(  374):     40% 9365/l.emdm.launcher: 36% user + 3.6% kernel
05-20 18:03:23.463 E/ActivityManager(  374):     3.6% 9372/Compiler: 0% user + 3.6% kernel
05-20 18:03:23.463 E/ActivityManager(  374):     1.8% 9376/Binder_1: 1.8% user + 0% kernel
05-20 18:03:23.463 E/ActivityManager(  374):   85% 9533/com.pekall.emdm.launcher:remote: 85% user + 0% kernel
05-20 18:03:23.463 E/ActivityManager(  374):     83% 9546/Thread-1977: 83% user + 0% kernel
05-20 18:03:23.463 E/ActivityManager(  374):   10% 9567/uiautomator: 9% user + 1.8% kernel / faults: 313 minor
05-20 18:03:23.463 E/ActivityManager(  374):     7.2% 9567/uiautomator: 5.4% user + 1.8% kernel
05-20 18:03:23.463 E/ActivityManager(  374):     1.8% 9575/Binder_1: 1.8% user + 0% kernel
05-20 18:03:23.463 E/ActivityManager(  374):     1.8% 9583/Binder_3: 1.8% user + 0% kernel
05-20 18:03:23.463 E/ActivityManager(  374):   9.4% 374/system_server: 3.7% user + 5.6% kernel / faults: 34 minor
05-20 18:03:23.463 E/ActivityManager(  374):     1.8% 390/ActivityManager: 0% user + 1.8% kernel
05-20 18:03:23.463 E/ActivityManager(  374): 100% TOTAL: 91% user + 8.4% kernel
05-20 18:03:23.478 D/dalvikvm( 9365): JIT unchain all for threadid=11
05-20 18:03:23.478 W/ActivityManager(  374): Killing ProcessRecord{42532c28 9533:com.pekall.emdm.launcher:remote/u0a10066}: background ANR
05-20 18:03:23.549 I/dalvikvm( 9365): Wrote stack traces to '/data/anr/traces.txt'
05-20 18:03:23.572 D/dalvikvm(  374): GC_FOR_ALLOC freed 1577K, 23% free 22100K/28456K, paused 86ms, total 86ms
05-20 18:03:23.580 I/ActivityManager(  374): Process com.pekall.emdm.launcher:remote (pid 9533) has died.
05-20 18:03:23.580 W/ActivityManager(  374): Scheduling restart of crashed service com.pekall.emdm.launcher/com.baidu.location.f in 20000ms
05-20 18:03:23.611 D/ExchangeService( 9365): !!! EAS ExchangeService, onDestroy
05-20 18:03:24.588 D/dalvikvm( 9567): GC_FOR_ALLOC freed 7578K, 93% free 612K/8192K, paused 23ms, total 23ms
05-20 18:03:24.681 D/dalvikvm( 9567): GC_CONCURRENT freed 383K, 69% free 619K/1988K, paused 2ms+1ms, total 8ms
05-20 18:03:24.775 D/dalvikvm( 9567): GC_CONCURRENT freed 389K, 69% free 619K/1988K, paused 1ms+1ms, total 5ms
05-20 18:03:24.869 D/dalvikvm( 9567): GC_CONCURRENT freed 405K, 70% free 603K/1988K, paused 0ms+0ms, total 4ms
05-20 18:03:24.963 D/dalvikvm( 9567): GC_CONCURRENT freed 373K, 69% free 619K/1988K, paused 2ms+0ms, total 6ms
05-20 18:03:25.056 D/dalvikvm( 9567): GC_CONCURRENT freed 389K, 69% free 619K/1988K, paused 1ms+1ms, total 5ms
05-20 18:03:25.166 D/dalvikvm( 9567): GC_CONCURRENT freed 405K, 70% free 603K/1988K, paused 0ms+1ms, total 4ms
05-20 18:03:25.260 D/dalvikvm( 9567): GC_CONCURRENT freed 373K, 69% free 619K/1988K, paused 2ms+0ms, total 6ms
05-20 18:03:25.353 D/dalvikvm( 9567): GC_CONCURRENT freed 389K, 69% free 619K/1988K, paused 2ms+0ms, total 6ms
05-20 18:03:25.447 D/dalvikvm( 9567): GC_CONCURRENT freed 405K, 70% free 603K/1988K, paused 0ms+1ms, total 4ms
05-20 18:03:25.549 D/dalvikvm( 9567): GC_CONCURRENT freed 373K, 69% free 619K/1988K, paused 1ms+1ms, total 5ms
05-20 18:03:25.650 D/dalvikvm( 9567): GC_CONCURRENT freed 389K, 69% free 619K/1988K, paused 1ms+0ms, total 5ms
05-20 18:03:25.744 D/dalvikvm( 9567): GC_CONCURRENT freed 405K, 70% free 603K/1988K, paused 0ms+0ms, total 4ms
05-20 18:03:25.885 D/dalvikvm( 1661): GC_EXPLICIT freed 263K, 18% free 13063K/15888K, paused 2ms+3ms, total 54ms
05-20 18:03:26.010 D/dalvikvm( 9365): JIT unchain all for threadid=11
05-20 18:03:26.338 D/dalvikvm( 9365): JIT unchain all for threadid=11
05-20 18:03:26.392 D/dalvikvm( 9365): GC_CONCURRENT freed 5971K, 23% free 27157K/35076K, paused 274ms+265ms, total 634ms
05-20 18:03:26.556 D/dalvikvm( 9567): GC_CONCURRENT freed 373K, 69% free 619K/1988K, paused 1ms+1ms, total 5ms
05-20 18:03:26.650 D/dalvikvm( 9567): GC_CONCURRENT freed 405K, 70% free 603K/1988K, paused 0ms+0ms, total 5ms
05-20 18:03:26.744 D/dalvikvm( 9567): GC_CONCURRENT freed 373K, 69% free 619K/1988K, paused 1ms+1ms, total 5ms
05-20 18:03:26.830 D/dalvikvm( 9567): GC_CONCURRENT freed 405K, 70% free 603K/1988K, paused 0ms+1ms, total 4ms
05-20 18:03:26.931 D/dalvikvm( 9567): GC_CONCURRENT freed 373K, 69% free 619K/1988K, paused 1ms+0ms, total 5ms
05-20 18:03:27.017 D/dalvikvm( 9567): GC_CONCURRENT freed 389K, 69% free 619K/1988K, paused 1ms+0ms, total 5ms
05-20 18:03:27.111 D/dalvikvm( 9567): GC_CONCURRENT freed 405K, 70% free 603K/1988K, paused 0ms+0ms, total 4ms
05-20 18:03:27.197 V/WiseDownloadConditionControler( 8480): checkCondition  type : WISE_DOWNLOAD  inerrupting: true
05-20 18:03:27.221 D/dalvikvm( 9567): GC_CONCURRENT freed 373K, 69% free 619K/1988K, paused 2ms+0ms, total 6ms
05-20 18:03:27.314 D/dalvikvm( 9567): GC_CONCURRENT freed 389K, 69% free 619K/1988K, paused 1ms+0ms, total 5ms
05-20 18:03:27.408 D/dalvikvm( 9567): GC_CONCURRENT freed 405K, 70% free 603K/1988K, paused 0ms+1ms, total 4ms
05-20 18:03:27.494 D/dalvikvm( 9567): GC_CONCURRENT freed 373K, 69% free 619K/1988K, paused 2ms+0ms, total 5ms
05-20 18:03:27.588 D/dalvikvm( 9567): GC_CONCURRENT freed 389K, 69% free 619K/1988K, paused 2ms+0ms, total 6ms
05-20 18:03:27.681 D/dalvikvm( 9567): GC_CONCURRENT freed 405K, 70% free 603K/1988K, paused 0ms+1ms, total 4ms
05-20 18:03:27.767 D/dalvikvm( 9567): GC_CONCURRENT freed 373K, 69% free 619K/1988K, paused 1ms+1ms, total 5ms
05-20 18:03:27.861 D/dalvikvm( 9567): GC_CONCURRENT freed 389K, 69% free 619K/1988K, paused 1ms+0ms, total 5ms
05-20 18:03:27.955 D/dalvikvm( 9567): GC_CONCURRENT freed 405K, 70% free 603K/1988K, paused 0ms+1ms, total 4ms
05-20 18:03:28.041 D/dalvikvm( 9567): GC_CONCURRENT freed 389K, 70% free 603K/1988K, paused 0ms+0ms, total 4ms
05-20 18:03:28.127 D/dalvikvm( 9567): GC_CONCURRENT freed 373K, 69% free 619K/1988K, paused 2ms+0ms, total 5ms
05-20 18:03:28.221 D/dalvikvm( 9567): GC_CONCURRENT freed 405K, 70% free 603K/1988K, paused 0ms+0ms, total 4ms
05-20 18:03:28.306 D/dalvikvm( 9567): GC_CONCURRENT freed 389K, 70% free 603K/1988K, paused 0ms+1ms, total 4ms
05-20 18:03:28.400 D/dalvikvm( 9567): GC_CONCURRENT freed 373K, 69% free 619K/1988K, paused 2ms+0ms, total 6ms
05-20 18:03:28.486 D/dalvikvm( 9567): GC_CONCURRENT freed 405K, 70% free 603K/1988K, paused 0ms+0ms, total 4ms
05-20 18:03:28.580 D/dalvikvm( 9567): GC_CONCURRENT freed 389K, 70% free 603K/1988K, paused 1ms+0ms, total 5ms
05-20 18:03:28.666 D/dalvikvm( 9567): GC_CONCURRENT freed 373K, 69% free 619K/1988K, paused 1ms+0ms, total 5ms
05-20 18:03:28.752 D/dalvikvm( 9567): GC_CONCURRENT freed 405K, 70% free 603K/1988K, paused 0ms+1ms, total 4ms
05-20 18:03:28.846 D/dalvikvm( 9567): GC_CONCURRENT freed 389K, 70% free 603K/1988K, paused 0ms+0ms, total 5ms
05-20 18:03:28.931 D/dalvikvm( 9567): GC_CONCURRENT freed 373K, 69% free 619K/1988K, paused 2ms+0ms, total 6ms
05-20 18:03:29.025 D/dalvikvm( 9567): GC_CONCURRENT freed 405K, 70% free 603K/1988K, paused 1ms+0ms, total 5ms
05-20 18:03:29.111 D/dalvikvm( 9567): GC_CONCURRENT freed 389K, 70% free 603K/1988K, paused 0ms+0ms, total 4ms
05-20 18:03:29.197 D/dalvikvm( 9567): GC_CONCURRENT freed 373K, 69% free 619K/1988K, paused 2ms+0ms, total 6ms
05-20 18:03:29.291 D/dalvikvm( 9567): GC_CONCURRENT freed 389K, 69% free 619K/1988K, paused 2ms+0ms, total 6ms
05-20 18:03:29.385 D/dalvikvm( 9567): GC_CONCURRENT freed 405K, 70% free 603K/1988K, paused 0ms+0ms, total 4ms
05-20 18:03:29.471 D/dalvikvm( 9567): GC_CONCURRENT freed 373K, 69% free 619K/1988K, paused 1ms+0ms, total 5ms
05-20 18:03:29.564 D/dalvikvm( 9567): GC_CONCURRENT freed 405K, 70% free 603K/1988K, paused 2ms+0ms, total 6ms
05-20 18:03:29.650 D/dalvikvm( 9567): GC_CONCURRENT freed 369K, 69% free 622K/1988K, paused 2ms+0ms, total 6ms
05-20 18:03:29.666 W/Parcel  ( 1661): Attempt to read object from Parcel 0x5ec3bdac at offset 200 that is not in the object list
05-20 18:03:29.752 D/dalvikvm( 9567): GC_CONCURRENT freed 392K, 69% free 619K/1988K, paused 1ms+0ms, total 5ms
05-20 18:03:29.838 D/dalvikvm( 9567): GC_CONCURRENT freed 389K, 69% free 619K/1988K, paused 2ms+0ms, total 5ms
05-20 18:03:29.931 D/dalvikvm( 9567): GC_CONCURRENT freed 389K, 69% free 619K/1988K, paused 1ms+0ms, total 5ms
05-20 18:03:30.025 D/dalvikvm( 9567): GC_CONCURRENT freed 389K, 69% free 619K/1988K, paused 1ms+1ms, total 5ms
05-20 18:03:30.119 D/dalvikvm( 9567): GC_CONCURRENT freed 389K, 69% free 619K/1988K, paused 1ms+1ms, total 5ms
05-20 18:03:30.205 D/dalvikvm( 9567): GC_CONCURRENT freed 389K, 69% free 619K/1988K, paused 1ms+1ms, total 5ms
05-20 18:03:30.291 D/dalvikvm( 9567): GC_CONCURRENT freed 389K, 69% free 619K/1988K, paused 2ms+0ms, total 5ms
05-20 18:03:30.385 D/dalvikvm( 9567): GC_CONCURRENT freed 389K, 69% free 619K/1988K, paused 1ms+1ms, total 5ms
05-20 18:03:30.478 D/dalvikvm( 9567): GC_CONCURRENT freed 405K, 70% free 603K/1988K, paused 2ms+0ms, total 6ms
05-20 18:03:30.478 W/MountService(  374): getVolumeState(/storage/emulated/0/external_sd): Unknown volume
05-20 18:03:30.478 W/MountService(  374): getVolumeState(/mnt/sdcard-ext): Unknown volume
05-20 18:03:30.478 W/MountService(  374): getVolumeState(/mnt/ext_sdcard): Unknown volume
05-20 18:03:30.486 W/MountService(  374): getVolumeState(/mnt/sdcard2): Unknown volume
05-20 18:03:30.486 W/MountService(  374): getVolumeState(/mnt/emmc): Unknown volume
05-20 18:03:30.486 W/MountService(  374): getVolumeState(/mnt/extSdCard): Unknown volume
05-20 18:03:30.486 W/MountService(  374): getVolumeState(/mnt/sdcard/SD_CARD): Unknown volume
05-20 18:03:30.486 W/MountService(  374): getVolumeState(/mnt/sdcard/extra_sd): Unknown volume
05-20 18:03:30.486 W/MountService(  374): getVolumeState(/mnt/extrasd_bind): Unknown volume
05-20 18:03:30.486 W/MountService(  374): getVolumeState(/mnt/sdcard/ext_sd): Unknown volume
05-20 18:03:30.486 W/MountService(  374): getVolumeState(/storage/extSdCard): Unknown volume
05-20 18:03:30.486 W/MountService(  374): getVolumeState(/storage/sdcard1): Unknown volume
05-20 18:03:30.486 W/MountService(  374): getVolumeState(/mnt/sdcard/external_SD): Unknown volume
05-20 18:03:30.486 W/MountService(  374): getVolumeState(/mnt/sdcard/external_sd): Unknown volume
05-20 18:03:30.603 D/dalvikvm( 9567): GC_CONCURRENT freed 384K, 70% free 608K/1988K, paused 1ms+0ms, total 4ms
05-20 18:03:30.713 D/dalvikvm( 9567): GC_CONCURRENT freed 394K, 70% free 603K/1988K, paused 0ms+1ms, total 4ms
05-20 18:03:30.736 D/dalvikvm( 1468): GC_CONCURRENT freed 343K, 19% free 9854K/12104K, paused 10ms+7ms, total 136ms
05-20 18:03:30.822 D/dalvikvm( 9567): GC_CONCURRENT freed 389K, 70% free 603K/1988K, paused 0ms+0ms, total 5ms
05-20 18:03:30.916 D/dalvikvm( 9567): GC_CONCURRENT freed 384K, 70% free 608K/1988K, paused 1ms+0ms, total 5ms
05-20 18:03:31.010 D/dalvikvm( 9567): GC_CONCURRENT freed 389K, 70% free 607K/1988K, paused 2ms+1ms, total 6ms
05-20 18:03:31.103 D/dalvikvm( 9567): GC_CONCURRENT freed 373K, 69% free 623K/1988K, paused 1ms+0ms, total 5ms
05-20 18:03:31.189 D/dalvikvm( 9567): GC_CONCURRENT freed 404K, 70% free 607K/1988K, paused 1ms+0ms, total 5ms
05-20 18:03:31.283 D/dalvikvm( 9567): GC_CONCURRENT freed 389K, 70% free 607K/1988K, paused 0ms+1ms, total 4ms
05-20 18:03:31.377 D/dalvikvm( 9567): GC_CONCURRENT freed 389K, 70% free 607K/1988K, paused 1ms+1ms, total 5ms
05-20 18:03:31.439 W/MountService(  374): getVolumeState(/storage/emulated/0/external_sd): Unknown volume
05-20 18:03:31.447 W/MountService(  374): getVolumeState(/mnt/sdcard-ext): Unknown volume
05-20 18:03:31.447 W/MountService(  374): getVolumeState(/mnt/ext_sdcard): Unknown volume
05-20 18:03:31.447 W/MountService(  374): getVolumeState(/mnt/sdcard2): Unknown volume
05-20 18:03:31.455 W/MountService(  374): getVolumeState(/mnt/emmc): Unknown volume
05-20 18:03:31.455 W/MountService(  374): getVolumeState(/mnt/extSdCard): Unknown volume
05-20 18:03:31.455 W/MountService(  374): getVolumeState(/mnt/sdcard/SD_CARD): Unknown volume
05-20 18:03:31.455 W/MountService(  374): getVolumeState(/mnt/sdcard/extra_sd): Unknown volume
05-20 18:03:31.455 W/MountService(  374): getVolumeState(/mnt/extrasd_bind): Unknown volume
05-20 18:03:31.486 D/dalvikvm( 9567): GC_CONCURRENT freed 389K, 70% free 607K/1988K, paused 0ms+1ms, total 4ms
05-20 18:03:31.486 W/MountService(  374): getVolumeState(/mnt/sdcard/ext_sd): Unknown volume
05-20 18:03:31.517 W/MountService(  374): getVolumeState(/storage/extSdCard): Unknown volume
05-20 18:03:31.525 W/MountService(  374): getVolumeState(/storage/sdcard1): Unknown volume
05-20 18:03:31.525 W/MountService(  374): getVolumeState(/mnt/sdcard/external_SD): Unknown volume
05-20 18:03:31.541 W/MountService(  374): getVolumeState(/mnt/sdcard/external_sd): Unknown volume
05-20 18:03:31.572 D/dalvikvm( 1468): GC_CONCURRENT freed 617K, 20% free 9722K/12104K, paused 3ms+3ms, total 30ms
05-20 18:03:31.603 D/dalvikvm( 9567): GC_CONCURRENT freed 373K, 69% free 623K/1988K, paused 2ms+0ms, total 6ms
05-20 18:03:31.697 D/dalvikvm( 9567): GC_CONCURRENT freed 404K, 70% free 608K/1988K, paused 0ms+1ms, total 4ms
05-20 18:03:31.783 D/dalvikvm( 9567): GC_CONCURRENT freed 373K, 69% free 623K/1988K, paused 1ms+0ms, total 5ms
05-20 18:03:31.877 D/dalvikvm( 9567): GC_CONCURRENT freed 404K, 70% free 609K/1988K, paused 1ms+0ms, total 5ms
05-20 18:03:31.963 D/dalvikvm( 9567): GC_CONCURRENT freed 374K, 69% free 623K/1988K, paused 0ms+0ms, total 4ms
05-20 18:03:32.049 D/dalvikvm( 9567): GC_CONCURRENT freed 389K, 69% free 623K/1988K, paused 2ms+1ms, total 6ms
05-20 18:03:32.135 D/dalvikvm( 9567): GC_CONCURRENT freed 404K, 70% free 607K/1988K, paused 0ms+0ms, total 4ms
05-20 18:03:32.221 D/dalvikvm( 9567): GC_CONCURRENT freed 389K, 70% free 607K/1988K, paused 2ms+1ms, total 6ms
05-20 18:03:32.306 D/dalvikvm( 9567): GC_CONCURRENT freed 373K, 69% free 623K/1988K, paused 2ms+0ms, total 6ms
05-20 18:03:32.400 D/dalvikvm( 9567): GC_CONCURRENT freed 404K, 70% free 607K/1988K, paused 0ms+1ms, total 4ms
05-20 18:03:32.478 D/dalvikvm( 2462): GC_CONCURRENT freed 487K, 7% free 9744K/10408K, paused 13ms+28ms, total 123ms
05-20 18:03:32.510 D/dalvikvm( 9567): GC_CONCURRENT freed 390K, 70% free 607K/1988K, paused 8ms+0ms, total 12ms
05-20 18:03:32.596 D/dalvikvm( 9567): GC_CONCURRENT freed 373K, 69% free 623K/1988K, paused 2ms+1ms, total 6ms
05-20 18:03:32.674 D/dalvikvm( 9567): GC_CONCURRENT freed 404K, 70% free 607K/1988K, paused 0ms+1ms, total 4ms
05-20 18:03:32.760 D/dalvikvm( 9567): GC_CONCURRENT freed 389K, 70% free 607K/1988K, paused 0ms+1ms, total 4ms
05-20 18:03:32.846 D/dalvikvm( 9567): GC_CONCURRENT freed 373K, 69% free 623K/1988K, paused 1ms+0ms, total 5ms
05-20 18:03:32.931 D/dalvikvm( 9567): GC_CONCURRENT freed 405K, 70% free 607K/1988K, paused 1ms+0ms, total 5ms
05-20 18:03:33.017 D/dalvikvm( 9567): GC_CONCURRENT freed 389K, 70% free 607K/1988K, paused 1ms+0ms, total 5ms
05-20 18:03:33.096 D/dalvikvm( 9567): GC_CONCURRENT freed 389K, 70% free 607K/1988K, paused 2ms+0ms, total 6ms
05-20 18:03:33.181 D/dalvikvm( 9567): GC_CONCURRENT freed 373K, 69% free 623K/1988K, paused 2ms+1ms, total 6ms
05-20 18:03:33.267 D/dalvikvm( 9567): GC_CONCURRENT freed 404K, 70% free 607K/1988K, paused 2ms+0ms, total 6ms
05-20 18:03:33.346 D/dalvikvm( 9567): GC_CONCURRENT freed 389K, 70% free 607K/1988K, paused 1ms+1ms, total 5ms
05-20 18:03:33.439 D/dalvikvm( 9567): GC_CONCURRENT freed 373K, 69% free 623K/1988K, paused 1ms+0ms, total 5ms
05-20 18:03:33.517 D/dalvikvm( 9567): GC_CONCURRENT freed 404K, 70% free 607K/1988K, paused 2ms+0ms, total 6ms
05-20 18:03:33.603 D/dalvikvm( 9567): GC_CONCURRENT freed 373K, 69% free 623K/1988K, paused 2ms+1ms, total 6ms
05-20 18:03:33.689 D/dalvikvm( 9567): GC_CONCURRENT freed 405K, 70% free 607K/1988K, paused 0ms+1ms, total 4ms
05-20 18:03:33.775 D/dalvikvm( 9567): GC_CONCURRENT freed 373K, 69% free 623K/1988K, paused 1ms+0ms, total 5ms
05-20 18:03:33.861 D/dalvikvm( 9567): GC_CONCURRENT freed 389K, 69% free 623K/1988K, paused 1ms+0ms, total 6ms
05-20 18:03:33.947 D/dalvikvm( 9567): GC_CONCURRENT freed 404K, 70% free 608K/1988K, paused 1ms+1ms, total 5ms
05-20 18:03:34.221 D/dalvikvm( 9365): JIT unchain all for threadid=11
05-20 18:03:34.533 D/dalvikvm( 9365): JIT unchain all for threadid=11
05-20 18:03:34.611 D/dalvikvm( 9365): GC_CONCURRENT freed 5994K, 23% free 27139K/35076K, paused 260ms+269ms, total 642ms
05-20 18:03:34.705 D/dalvikvm( 9567): GC_CONCURRENT freed 374K, 69% free 623K/1988K, paused 0ms+0ms, total 4ms
05-20 18:03:34.791 D/dalvikvm( 9567): GC_CONCURRENT freed 388K, 69% free 623K/1988K, paused 1ms+0ms, total 6ms
05-20 18:03:34.885 D/dalvikvm( 9567): GC_CONCURRENT freed 389K, 69% free 623K/1988K, paused 1ms+0ms, total 6ms
05-20 18:03:34.971 D/dalvikvm( 9567): GC_CONCURRENT freed 404K, 70% free 608K/1988K, paused 2ms+1ms, total 6ms
05-20 18:03:35.056 D/dalvikvm( 9567): GC_CONCURRENT freed 373K, 69% free 623K/1988K, paused 2ms+1ms, total 6ms
05-20 18:03:35.142 D/dalvikvm( 9567): GC_CONCURRENT freed 404K, 70% free 607K/1988K, paused 1ms+0ms, total 5ms
05-20 18:03:35.228 D/dalvikvm( 9567): GC_CONCURRENT freed 373K, 69% free 623K/1988K, paused 1ms+0ms, total 5ms
05-20 18:03:35.314 D/dalvikvm( 9567): GC_CONCURRENT freed 389K, 69% free 623K/1988K, paused 1ms+0ms, total 6ms
05-20 18:03:35.400 D/dalvikvm( 9567): GC_CONCURRENT freed 389K, 69% free 623K/1988K, paused 0ms+0ms, total 5ms
05-20 18:03:35.486 D/dalvikvm( 9567): GC_CONCURRENT freed 404K, 70% free 608K/1988K, paused 2ms+0ms, total 6ms
05-20 18:03:35.572 D/dalvikvm( 9567): GC_CONCURRENT freed 374K, 69% free 623K/1988K, paused 1ms+0ms, total 5ms
05-20 18:03:35.650 D/dalvikvm( 9567): GC_CONCURRENT freed 389K, 69% free 623K/1988K, paused 1ms+0ms, total 5ms
05-20 18:03:35.736 D/dalvikvm( 9567): GC_CONCURRENT freed 389K, 69% free 623K/1988K, paused 2ms+0ms, total 5ms
05-20 18:03:35.822 D/dalvikvm( 9567): GC_CONCURRENT freed 404K, 70% free 607K/1988K, paused 1ms+0ms, total 5ms
05-20 18:03:35.908 D/dalvikvm( 9567): GC_CONCURRENT freed 389K, 70% free 607K/1988K, paused 2ms+0ms, total 6ms
05-20 18:03:35.994 D/dalvikvm( 9567): GC_CONCURRENT freed 373K, 69% free 623K/1988K, paused 1ms+0ms, total 5ms
05-20 18:03:36.080 D/dalvikvm( 9567): GC_CONCURRENT freed 389K, 69% free 623K/1988K, paused 1ms+1ms, total 5ms
05-20 18:03:36.158 D/dalvikvm( 9567): GC_CONCURRENT freed 404K, 70% free 608K/1988K, paused 1ms+0ms, total 5ms
05-20 18:03:36.244 D/dalvikvm( 9567): GC_CONCURRENT freed 374K, 69% free 623K/1988K, paused 2ms+0ms, total 5ms
05-20 18:03:36.330 D/dalvikvm( 9567): GC_CONCURRENT freed 389K, 69% free 623K/1988K, paused 2ms+1ms, total 6ms
05-20 18:03:36.416 D/dalvikvm( 9567): GC_CONCURRENT freed 404K, 70% free 607K/1988K, paused 2ms+1ms, total 6ms
05-20 18:03:36.494 D/dalvikvm( 9567): GC_CONCURRENT freed 373K, 69% free 623K/1988K, paused 1ms+0ms, total 6ms
05-20 18:03:36.580 D/dalvikvm( 9567): GC_CONCURRENT freed 389K, 69% free 623K/1988K, paused 2ms+1ms, total 6ms
05-20 18:03:36.666 D/dalvikvm( 9567): GC_CONCURRENT freed 404K, 70% free 607K/1988K, paused 2ms+0ms, total 6ms
05-20 18:03:36.752 D/dalvikvm( 9567): GC_CONCURRENT freed 388K, 70% free 608K/1988K, paused 1ms+0ms, total 6ms
05-20 18:03:36.830 D/dalvikvm( 9567): GC_CONCURRENT freed 374K, 69% free 623K/1988K, paused 1ms+1ms, total 5ms
05-20 18:03:36.916 D/dalvikvm( 9567): GC_CONCURRENT freed 389K, 69% free 623K/1988K, paused 0ms+1ms, total 4ms
05-20 18:03:37.002 D/dalvikvm( 9567): GC_CONCURRENT freed 404K, 70% free 608K/1988K, paused 1ms+1ms, total 5ms
05-20 18:03:37.080 D/dalvikvm( 9567): GC_CONCURRENT freed 374K, 69% free 623K/1988K, paused 1ms+0ms, total 5ms
05-20 18:03:37.166 D/dalvikvm( 9567): GC_CONCURRENT freed 404K, 70% free 608K/1988K, paused 0ms+0ms, total 5ms
05-20 18:03:37.244 D/dalvikvm( 9567): GC_CONCURRENT freed 389K, 70% free 607K/1988K, paused 2ms+0ms, total 6ms
05-20 18:03:37.330 D/dalvikvm( 9567): GC_CONCURRENT freed 373K, 69% free 623K/1988K, paused 1ms+0ms, total 5ms
05-20 18:03:37.416 D/dalvikvm( 9567): GC_CONCURRENT freed 404K, 70% free 607K/1988K, paused 1ms+1ms, total 5ms
05-20 18:03:37.502 D/dalvikvm( 9567): GC_CONCURRENT freed 389K, 70% free 607K/1988K, paused 0ms+0ms, total 4ms
05-20 18:03:37.588 D/dalvikvm( 9567): GC_CONCURRENT freed 373K, 69% free 623K/1988K, paused 1ms+0ms, total 5ms
05-20 18:03:37.666 D/dalvikvm( 9567): GC_CONCURRENT freed 389K, 69% free 623K/1988K, paused 0ms+0ms, total 4ms
05-20 18:03:37.752 D/dalvikvm( 9567): GC_CONCURRENT freed 404K, 70% free 607K/1988K, paused 2ms+0ms, total 6ms
05-20 18:03:37.830 D/dalvikvm( 9567): GC_CONCURRENT freed 373K, 69% free 623K/1988K, paused 2ms+1ms, total 6ms
05-20 18:03:37.916 D/dalvikvm( 9567): GC_CONCURRENT freed 389K, 69% free 623K/1988K, paused 1ms+0ms, total 5ms
05-20 18:03:38.010 D/dalvikvm( 9567): GC_CONCURRENT freed 389K, 69% free 623K/1988K, paused 1ms+1ms, total 5ms
05-20 18:03:38.064 D/dalvikvm( 8748): GC_CONCURRENT freed 387K, 5% free 9527K/9972K, paused 1ms+35ms, total 176ms
05-20 18:03:38.096 D/dalvikvm( 9567): GC_CONCURRENT freed 404K, 70% free 608K/1988K, paused 0ms+0ms, total 4ms
05-20 18:03:38.174 D/dalvikvm( 9567): GC_CONCURRENT freed 374K, 69% free 623K/1988K, paused 0ms+1ms, total 4ms
05-20 18:03:38.260 D/dalvikvm( 9567): GC_CONCURRENT freed 389K, 69% free 623K/1988K, paused 1ms+1ms, total 5ms
05-20 18:03:38.338 D/dalvikvm( 9567): GC_CONCURRENT freed 404K, 70% free 607K/1988K, paused 1ms+0ms, total 5ms
05-20 18:03:38.424 D/dalvikvm( 9567): GC_CONCURRENT freed 373K, 69% free 623K/1988K, paused 2ms+0ms, total 6ms
05-20 18:03:38.502 D/dalvikvm( 9567): GC_CONCURRENT freed 389K, 69% free 623K/1988K, paused 0ms+0ms, total 4ms
05-20 18:03:38.580 D/dalvikvm( 9567): GC_CONCURRENT freed 404K, 70% free 607K/1988K, paused 0ms+0ms, total 4ms
05-20 18:03:38.666 D/dalvikvm( 9567): GC_CONCURRENT freed 389K, 70% free 607K/1988K, paused 1ms+0ms, total 5ms
05-20 18:03:38.744 D/dalvikvm( 9567): GC_CONCURRENT freed 389K, 70% free 607K/1988K, paused 1ms+0ms, total 5ms
05-20 18:03:38.822 D/dalvikvm( 9567): GC_CONCURRENT freed 389K, 70% free 607K/1988K, paused 0ms+0ms, total 4ms
05-20 18:03:38.908 D/dalvikvm( 9567): GC_CONCURRENT freed 389K, 70% free 607K/1988K, paused 1ms+1ms, total 5ms
05-20 18:03:38.986 D/dalvikvm( 9567): GC_CONCURRENT freed 389K, 70% free 607K/1988K, paused 1ms+0ms, total 5ms
05-20 18:03:39.072 D/dalvikvm( 9567): GC_CONCURRENT freed 388K, 70% free 608K/1988K, paused 1ms+0ms, total 5ms
05-20 18:03:39.150 D/dalvikvm( 9567): GC_CONCURRENT freed 389K, 70% free 607K/1988K, paused 1ms+1ms, total 5ms
05-20 18:03:39.236 D/dalvikvm( 9567): GC_CONCURRENT freed 388K, 70% free 608K/1988K, paused 1ms+0ms, total 5ms
05-20 18:03:39.314 D/dalvikvm( 9567): GC_CONCURRENT freed 389K, 70% free 607K/1988K, paused 0ms+1ms, total 4ms
05-20 18:03:39.408 D/dalvikvm( 9567): GC_CONCURRENT freed 389K, 70% free 607K/1988K, paused 2ms+0ms, total 7ms
05-20 18:03:39.494 D/dalvikvm( 9567): GC_CONCURRENT freed 373K, 69% free 623K/1988K, paused 1ms+1ms, total 6ms
05-20 18:03:39.564 D/LightsService(  374): Excessive delay setting light: 66ms
05-20 18:03:39.580 D/dalvikvm( 9567): GC_CONCURRENT freed 389K, 69% free 623K/1988K, paused 1ms+0ms, total 6ms
05-20 18:03:39.681 D/dalvikvm( 9567): GC_CONCURRENT freed 404K, 70% free 607K/1988K, paused 2ms+0ms,