05-20 18:15:54.556 W/ActivityManager(  374): Killing ProcessRecord{4290a758 10704:com.pekall.emdm.launcher:remote/u0a10066}: background ANR
05-20 18:15:54.580 D/dalvikvm( 9365): JIT unchain all for threadid=11
05-20 18:15:54.627 D/NfcService(  568): NFC-C OFF, disconnect
05-20 18:15:54.650 I/ActivityManager(  374): Process com.pekall.emdm.launcher:remote (pid 10704) has died.
05-20 18:15:54.650 W/ActivityManager(  374): Scheduling restart of crashed service com.pekall.emdm.launcher/com.baidu.location.f in 1280000ms
05-20 18:15:54.861 D/Email   ( 9365): Welcome: Closing self...
05-20 18:15:54.861 I/dalvikvm( 9365): Wrote stack traces to '/data/anr/traces.txt'
05-20 18:15:54.869 D/ExchangeService( 9365): !!! EAS ExchangeService, onDestroy
05-20 18:15:54.869 V/LauncherApplication( 9365): onActivityStarted
05-20 18:15:54.869 I/ActivityManager(  374): Activity reported stop, but no longer stopping: ActivityRecord{427e5ba0 u0 com.pekall.emdm.launcher/com.pekall.semail.activity.Welcome}
05-20 18:15:54.877 D/        ( 9365): [---null: -1---]     awsa  onActivityResumed
05-20 18:15:54.877 V/LauncherApplication( 9365): 2MdmConstant.LAST_LAUNCH_TIME = 1400580953747
05-20 18:15:54.885 D/        ( 9365): [---null: -1---]  activity = com.pekall.emdm.launcher.Launcher
05-20 18:15:54.892 V/DefultSetContriller( 9365): isLauncherDf = com.pekall.emdm.launcher
05-20 18:15:54.892 V/DefultSetContriller( 9365): isLauncherDf = com.pekall.emdm.launcher
05-20 18:15:54.900 V/DefultSetContriller( 9365): isPhoneDf = com.pekall.emdm.launcher
05-20 18:15:54.900 E/LauncherApplication( 9365): isShowLogoutUI = true
05-20 18:15:54.900 E/LauncherApplication( 9365): LogoutShowTime 1
05-20 18:15:54.900 V/Launcher( 9365): onResume1111111 
05-20 18:15:54.900 V/Launcher( 9365): is login ----> 
05-20 18:15:54.916 I/System.out( 9365):  
05-20 18:15:54.916 I/System.out( 9365): com.pekall.emdm.launcher.Workspace.setWallpaper(Unknown Source)
05-20 18:15:54.916 I/System.out( 9365): com.pekall.emdm.launcher.Launcher.onResume(Unknown Source)
05-20 18:15:54.916 I/System.out( 9365): android.app.Instrumentation.callActivityOnResume(Instrumentation.java:1192)
05-20 18:15:54.916 I/System.out( 9365): android.app.Activity.performResume(Activity.java:5211)
05-20 18:15:54.916 I/System.out( 9365): android.app.ActivityThread.performResumeActivity(ActivityThread.java:2780)
05-20 18:15:54.916 I/System.out( 9365): android.app.ActivityThread.handleResumeActivity(ActivityThread.java:2819)
05-20 18:15:54.916 I/System.out( 9365): android.app.ActivityThread$H.handleMessage(ActivityThread.java:1298)
05-20 18:15:54.916 I/System.out( 9365): android.os.Handler.dispatchMessage(Handler.java:99)
05-20 18:15:54.916 I/System.out( 9365): android.os.Looper.loop(Looper.java:137)
05-20 18:15:54.916 I/System.out( 9365): android.app.ActivityThread.main(ActivityThread.java:5103)
05-20 18:15:54.924 I/System.out( 9365): java.lang.reflect.Method.invokeNative(Native Method)
05-20 18:15:54.924 I/System.out( 9365): java.lang.reflect.Method.invoke(Method.java:525)
05-20 18:15:54.924 I/System.out( 9365): com.android.internal.os.ZygoteInit$MethodAndArgsCaller.run(ZygoteInit.java:737)
05-20 18:15:54.924 I/System.out( 9365): com.android.internal.os.ZygoteInit.main(ZygoteInit.java:553)
05-20 18:15:54.924 I/System.out( 9365): dalvik.system.NativeStart.main(Native Method)
05-20 18:15:54.963 V/WiseDownloadConditionControler( 8480): checkCondition  type : TODAY_LAUNCHED_USER  inerrupting: false
05-20 18:15:54.963 V/WiseDownloadConditionControler( 8480): checkCondition  type : TRIGGER_WISE_DOWNLOAD  inerrupting: false
05-20 18:15:54.971 W/Parcel  ( 1661): Attempt to read object from Parcel 0x5ec3bdac at offset 200 that is not in the object list
05-20 18:15:54.971 V/WiseDownloadConditionControler( 8480): checkingStatus~~~ 
05-20 18:15:54.971 V/WiseDownloadConditionControler( 8480): checkCondition  type : WISE_DOWNLOAD  inerrupting: false
05-20 18:15:55.174 D/dalvikvm( 9365): JIT unchain all for threadid=11
05-20 18:15:55.236 D/dalvikvm( 9365): GC_FOR_ALLOC freed 3797K, 25% free 30523K/40488K, paused 313ms, total 314ms
05-20 18:15:55.252 I/dalvikvm-heap( 9365): Grow heap (frag case) to 33.166MB for 3415696-byte allocation
05-20 18:15:55.369 W/ActivityManager(  374): Activity pause timeout for ActivityRecord{4320fe60 u0 com.pekall.emdm.launcher/.Launcher}
05-20 18:15:55.502 D/dalvikvm( 9365): JIT unchain all for threadid=11
05-20 18:15:55.572 D/dalvikvm( 9365): GC_FOR_ALLOC freed 118K, 24% free 33740K/43824K, paused 316ms, total 316ms
05-20 18:15:55.721 D/LauncherApplication( 9365): [null:-1]->onActivityPaused
05-20 18:15:55.728 D/LauncherApplication( 9365): [null:-1]->onActivityPaused  updateTime
05-20 18:15:55.728 I/Choreographer( 9365): Skipped 49 frames!  The application may be doing too much work on its main thread.
05-20 18:15:55.783 V/MDM :   ( 9365): [null:-1]->Screen receiver is called.
05-20 18:15:55.799 W/BroadcastQueue(  374): Failure sending broadcast Intent { act=android.intent.action.SCREEN_OFF flg=0x50000010 }
05-20 18:15:55.799 W/BroadcastQueue(  374): android.os.DeadObjectException
05-20 18:15:55.799 W/BroadcastQueue(  374): 	at android.os.BinderProxy.transact(Native Method)
05-20 18:15:55.799 W/BroadcastQueue(  374): 	at android.content.IIntentReceiver$Stub$Proxy.performReceive(IIntentReceiver.java:124)
05-20 18:15:55.799 W/BroadcastQueue(  374): 	at com.android.server.am.BroadcastQueue.performReceiveLocked(BroadcastQueue.java:376)
05-20 18:15:55.799 W/BroadcastQueue(  374): 	at com.android.server.am.BroadcastQueue.deliverToRegisteredReceiverLocked(BroadcastQueue.java:449)
05-20 18:15:55.799 W/BroadcastQueue(  374): 	at com.android.server.am.BroadcastQueue.processNextBroadcast(BroadcastQueue.java:656)
05-20 18:15:55.799 W/BroadcastQueue(  374): 	at com.android.server.am.ActivityManagerService.finishReceiver(ActivityManagerService.java:12390)
05-20 18:15:55.799 W/BroadcastQueue(  374): 	at android.app.ActivityManagerNative.onTransact(ActivityManagerNative.java:379)
05-20 18:15:55.799 W/BroadcastQueue(  374): 	at com.android.server.am.ActivityManagerService.onTransact(ActivityManagerService.java:1737)
05-20 18:15:55.799 W/BroadcastQueue(  374): 	at android.os.Binder.execTransact(Binder.java:388)
05-20 18:15:55.799 W/BroadcastQueue(  374): 	at dalvik.system.NativeStart.run(Native Method)
05-20 18:15:55.916 W/Parcel  ( 1661): Attempt to read object from Parcel 0x6013bdac at offset 200 that is not in the object list
05-20 18:15:58.791 V/KeyguardHostView(  374): hide transport, gen:1
05-20 18:15:58.791 V/KeyguardHostView(  374): music state changed: 0
05-20 18:15:58.830 D/PhoneStatusBar(  448): disable: < EXPAND* icons alerts TICKER* system_info back home RECENT* clock SEARCH* >
05-20 18:15:58.924 V/TAG     (  374): bug 7643792: fitSystemWindows([0,50][0,0])
05-20 18:15:59.033 D/AndroidRuntime(10749): 
05-20 18:15:59.033 D/AndroidRuntime(10749): >>>>>> AndroidRuntime START com.android.internal.os.RuntimeInit <<<<<<
05-20 18:15:59.033 D/AndroidRuntime(10749): CheckJNI is OFF
05-20 18:15:59.041 D/dalvikvm(10749): Trying to load lib libjavacore.so 0x0
05-20 18:15:59.049 D/dalvikvm(10749): Added shared lib libjavacore.so 0x0
05-20 18:15:59.072 D/dalvikvm(10749): Trying to load lib libnativehelper.so 0x0
05-20 18:15:59.072 D/dalvikvm(10749): Added shared lib libnativehelper.so 0x0
05-20 18:15:59.096 D/PhoneStatusBar(  448): disable: < EXPAND icons alerts TICKER system_info BACK* HOME* RECENT CLOCK* SEARCH >
05-20 18:15:59.275 D/dalvikvm(  374): GC_CONCURRENT freed 3517K, 25% free 21227K/28292K, paused 17ms+26ms, total 378ms
05-20 18:15:59.353 D/AndroidRuntime(10749): Calling main entry com.android.commands.uiautomator.Launcher
05-20 18:15:59.385 D/dalvikvm(10749): Note: class Landroid/app/ActivityManagerNative; has 163 unimplemented (abstract) methods
05-20 18:15:59.439 I/PowerManagerService(  374): Waking up from sleep...
05-20 18:15:59.588 I/WindowManager(  374): Lock screen displayed!
05-20 18:15:59.635 W/Parcel  ( 1661): Attempt to read object from Parcel 0x5ec3bdac at offset 200 that is not in the object list
05-20 18:15:59.775 V/DigitalWidgetViewsFactory( 2749): DigitalWidget sets next alarm string to null
05-20 18:15:59.783 W/Settings( 1661): Setting airplane_mode_on has moved from android.provider.Settings.System to android.provider.Settings.Global, returning read-only value.
05-20 18:15:59.791 V/WiseDownloadConditionControler( 8480): checkCondition  type : WISE_DOWNLOAD  inerrupting: true
05-20 18:15:59.806 W/Parcel  ( 1661): Attempt to read object from Parcel 0x6013bdac at offset 200 that is not in the object list
05-20 18:15:59.892 D/PowerManagerService-JNI(  374): Excessive delay in autosuspend_disable() while turning screen on: 450ms
05-20 18:15:59.892 I/ActivityManager(  374): Process com.qihoo360.mobilesafe:remote (pid 8781) has died.
05-20 18:15:59.900 D/SurfaceFlinger(  124): Screen acquired, type=0 flinger=0x40e95478
05-20 18:16:00.002 D/LightsService(  374): Excessive delay setting light: 101ms
05-20 18:16:01.385 I/QueryController(10749): Matched selector: UiSelector[DESCRIPTION=Dot., PACKAGE NAME=android] <<==>> [android.view.accessibility.AccessibilityNodeInfo@38974f; boundsInParent: Rect(0, 0 - 202, 123); boundsInScreen: Rect(56, 569 - 258, 692); packageName: android; className: android.widget.Button; text: 1; contentDescription: Dot.; viewIdResName: android:id/key1; checkable: false; checked: false; focusable: true; focused: false; selected: false; clickable: true; longClickable: false; enabled: true; password: false; scrollable: false; [ACTION_FOCUS, ACTION_SELECT, ACTION_CLEAR_SELECTION, ACTION_CLICK, ACTION_ACCESSIBILITY_FOCUS, ACTION_NEXT_AT_MOVEMENT_GRANULARITY, ACTION_PREVIOUS_AT_MOVEMENT_GRANULARITY, ACTION_SET_SELECTION]]
05-20 18:16:01.416 I/QueryController(10749): Matched selector: UiSelector[TEXT=1, CLASS=android.widget.Button, PACKAGE NAME=android] <<==>> [android.view.accessibility.AccessibilityNodeInfo@38974f; boundsInParent: Rect(0, 0 - 202, 123); boundsInScreen: Rect(56, 569 - 258, 692); packageName: android; className: android.widget.Button; text: 1; contentDescription: Dot.; viewIdResName: android:id/key1; checkable: false; checked: false; focusable: true; focused: false; selected: false; clickable: true; longClickable: false; enabled: true; password: false; scrollable: false; [ACTION_FOCUS, ACTION_SELECT, ACTION_CLEAR_SELECTION, ACTION_CLICK, ACTION_ACCESSIBILITY_FOCUS, ACTION_NEXT_AT_MOVEMENT_GRANULARITY, ACTION_PREVIOUS_AT_MOVEMENT_GRANULARITY, ACTION_SET_SELECTION]]
05-20 18:16:01.416 D/InteractionController(10749): clickAndSync(157, 630)
05-20 18:16:04.525 W/InteractionController(10749): runAndwaitForEvent timedout waiting for events
05-20 18:16:04.556 I/QueryController(10749): Matched selector: UiSelector[TEXT=2 ABC, CLASS=android.widget.Button, PACKAGE NAME=android] <<==>> [android.view.accessibility.AccessibilityNodeInfo@389b10; boundsInParent: Rect(0, 0 - 203, 123); boundsInScreen: Rect(258, 569 - 461, 692); packageName: android; className: android.widget.Button; text: 2 ABC; contentDescription: Dot.; viewIdResName: android:id/key2; checkable: false; checked: false; focusable: true; focused: false; selected: false; clickable: true; longClickable: false; enabled: true; password: false; scrollable: false; [ACTION_FOCUS, ACTION_SELECT, ACTION_CLEAR_SELECTION, ACTION_CLICK, ACTION_ACCESSIBILITY_FOCUS, ACTION_NEXT_AT_MOVEMENT_GRANULARITY, ACTION_PREVIOUS_AT_MOVEMENT_GRANULARITY, ACTION_SET_SELECTION]]
05-20 18:16:04.556 D/InteractionController(10749): clickAndSync(359, 630)
05-20 18:16:07.666 W/InteractionController(10749): runAndwaitForEvent timedout waiting for events
05-20 18:16:07.697 I/QueryController(10749): Matched selector: UiSelector[TEXT=3 DEF, CLASS=android.widget.Button, PACKAGE NAME=android] <<==>> [android.view.accessibility.AccessibilityNodeInfo@389ed1; boundsInParent: Rect(0, 0 - 203, 123); boundsInScreen: Rect(461, 569 - 664, 692); packageName: android; className: android.widget.Button; text: 3 DEF; contentDescription: Dot.; viewIdResName: android:id/key3; checkable: false; checked: false; focusable: true; focused: false; selected: false; clickable: true; longClickable: false; enabled: true; password: false; scrollable: false; [ACTION_FOCUS, ACTION_SELECT, ACTION_CLEAR_SELECTION, ACTION_CLICK, ACTION_ACCESSIBILITY_FOCUS, ACTION_NEXT_AT_MOVEMENT_GRANULARITY, ACTION_PREVIOUS_AT_MOVEMENT_GRANULARITY, ACTION_SET_SELECTION]]
05-20 18:16:07.705 D/InteractionController(10749): clickAndSync(562, 630)
05-20 18:16:10.806 W/InteractionController(10749): runAndwaitForEvent timedout waiting for events
05-20 18:16:10.838 I/QueryController(10749): Matched selector: UiSelector[TEXT=4 GHI, CLASS=android.widget.Button, PACKAGE NAME=android] <<==>> [android.view.accessibility.AccessibilityNodeInfo@38a292; boundsInParent: Rect(0, 0 - 202, 123); boundsInScreen: Rect(56, 692 - 258, 815); packageName: android; className: android.widget.Button; text: 4 GHI; contentDescription: Dot.; viewIdResName: android:id/key4; checkable: false; checked: false; focusable: true; focused: false; selected: false; clickable: true; longClickable: false; enabled: true; password: false; scrollable: false; [ACTION_FOCUS, ACTION_SELECT, ACTION_CLEAR_SELECTION, ACTION_CLICK, ACTION_ACCESSIBILITY_FOCUS, ACTION_NEXT_AT_MOVEMENT_GRANULARITY, ACTION_PREVIOUS_AT_MOVEMENT_GRANULARITY, ACTION_SET_SELECTION]]
05-20 18:16:10.838 D/InteractionController(10749): clickAndSync(157, 753)
05-20 18:16:13.939 W/InteractionController(10749): runAndwaitForEvent timedout waiting for events
05-20 18:16:13.971 I/QueryController(10749): Matched selector: UiSelector[TEXT=5 JKL, CLASS=android.widget.Button, PACKAGE NAME=android] <<==>> [android.view.accessibility.AccessibilityNodeInfo@38a653; boundsInParent: Rect(0, 0 - 203, 123); boundsInScreen: Rect(258, 692 - 461, 815); packageName: android; className: android.widget.Button; text: 5 JKL; contentDescription: Dot.; viewIdResName: android:id/key5; checkable: false; checked: false; focusable: true; focused: false; selected: false; clickable: true; longClickable: false; enabled: true; password: false; scrollable: false; [ACTION_FOCUS, ACTION_SELECT, ACTION_CLEAR_SELECTION, ACTION_CLICK, ACTION_ACCESSIBILITY_FOCUS, ACTION_NEXT_AT_MOVEMENT_GRANULARITY, ACTION_PREVIOUS_AT_MOVEMENT_GRANULARITY, ACTION_SET_SELECTION]]
05-20 18:16:13.978 D/InteractionController(10749): clickAndSync(359, 753)
05-20 18:16:16.752 D/dalvikvm( 1661): GC_CONCURRENT freed 1220K, 18% free 13115K/15888K, paused 1ms+3ms, total 44ms
05-20 18:16:17.080 W/InteractionController(10749): runAndwaitForEvent timedout waiting for events
05-20 18:16:17.119 I/QueryController(10749): Matched selector: UiSelector[TEXT=6 MNO, CLASS=android.widget.Button, PACKAGE NAME=android] <<==>> [android.view.accessibility.AccessibilityNodeInfo@38aa14; boundsInParent: Rect(0, 0 - 203, 123); boundsInScreen: Rect(461, 692 - 664, 815); packageName: android; className: android.widget.Button; text: 6 MNO; contentDescription: Dot.; viewIdResName: android:id/key6; checkable: false; checked: false; focusable: true; focused: false; selected: false; clickable: true; longClickable: false; enabled: true; password: false; scrollable: false; [ACTION_FOCUS, ACTION_SELECT, ACTION_CLEAR_SELECTION, ACTION_CLICK, ACTION_ACCESSIBILITY_FOCUS, ACTION_NEXT_AT_MOVEMENT_GRANULARITY, ACTION_PREVIOUS_AT_MOVEMENT_GRANULARITY, ACTION_SET_SELECTION]]
05-20 18:16:17.119 D/InteractionController(10749): clickAndSync(562, 753)
05-20 18:16:20.221 W/InteractionController(10749): runAndwaitForEvent timedout waiting for events
05-20 18:16:20.252 I/QueryController(10749): Matched selector: UiSelector[DESCRIPTION=Enter] <<==>> [android.view.accessibility.AccessibilityNodeInfo@38bcd9; boundsInParent: Rect(0, 0 - 203, 124); boundsInScreen: Rect(461, 939 - 664, 1063); packageName: android; className: android.widget.ImageButton; text: null; contentDescription: Enter; viewIdResName: android:id/key_enter; checkable: false; checked: false; focusable: true; focused: false; selected: false; clickable: true; longClickable: false; enabled: true; password: false; scrollable: false; [ACTION_FOCUS, ACTION_SELECT, ACTION_CLEAR_SELECTION, ACTION_CLICK, ACTION_ACCESSIBILITY_FOCUS, ACTION_NEXT_AT_MOVEMENT_GRANULARITY, ACTION_PREVIOUS_AT_MOVEMENT_GRANULARITY, ACTION_SET_SELECTION]]
05-20 18:16:20.252 D/InteractionController(10749): clickAndWaitForNewWindow(562, 1001)
05-20 18:16:20.471 V/LauncherApplication( 9365): onActivityStarted
05-20 18:16:20.478 V/WiseDownloadConditionControler( 8480): checkCondition  type : WISE_DOWNLOAD  inerrupting: true
05-20 18:16:20.478 D/        ( 9365): [---null: -1---]     awsa  onActivityResumed
05-20 18:16:20.478 D/PhoneStatusBar(  448): disable: < expand* icons alerts ticker* system_info BACK HOME recent* CLOCK search* >
05-20 18:16:20.486 V/LauncherApplication( 9365): 2MdmConstant.LAST_LAUNCH_TIME = 1400580955736
05-20 18:16:20.494 D/        ( 9365): [---null: -1---]  activity = com.pekall.emdm.launcher.Launcher
05-20 18:16:20.502 V/DefultSetContriller( 9365): isLauncherDf = com.pekall.emdm.launcher
05-20 18:16:20.502 W/Parcel  ( 1661): Attempt to read object from Parcel 0x6003bdac at offset 200 that is not in the object list
05-20 18:16:20.502 V/DefultSetContriller( 9365): isLauncherDf = com.pekall.emdm.launcher
05-20 18:16:20.510 V/DefultSetContriller( 9365): isPhoneDf = com.pekall.emdm.launcher
05-20 18:16:20.510 E/LauncherApplication( 9365): isShowLogoutUI = true
05-20 18:16:20.510 E/LauncherApplication( 9365): LogoutShowTime 1
05-20 18:16:20.510 V/Launcher( 9365): onResume1111111 
05-20 18:16:20.510 V/Launcher( 9365): is login ----> 
05-20 18:16:20.510 I/System.out( 9365):  
05-20 18:16:20.510 I/System.out( 9365): com.pekall.emdm.launcher.Workspace.setWallpaper(Unknown Source)
05-20 18:16:20.510 I/System.out( 9365): com.pekall.emdm.launcher.Launcher.onResume(Unknown Source)
05-20 18:16:20.510 I/System.out( 9365): android.app.Instrumentation.callActivityOnResume(Instrumentation.java:1192)
05-20 18:16:20.510 I/System.out( 9365): android.app.Activity.performResume(Activity.java:5211)
05-20 18:16:20.510 I/System.out( 9365): android.app.ActivityThread.performResumeActivity(ActivityThread.java:2780)
05-20 18:16:20.510 I/System.out( 9365): android.app.ActivityThread.handleResumeActivity(ActivityThread.java:2819)
05-20 18:16:20.510 I/System.out( 9365): android.app.ActivityThread$H.handleMessage(ActivityThread.java:1298)
05-20 18:16:20.510 I/System.out( 9365): android.os.Handler.dispatchMessage(Handler.java:99)
05-20 18:16:20.510 I/System.out( 9365): android.os.Looper.loop(Looper.java:137)
05-20 18:16:20.510 I/System.out( 9365): android.app.ActivityThread.main(ActivityThread.java:5103)
05-20 18:16:20.510 I/System.out( 9365): java.lang.reflect.Method.invokeNative(Native Method)
05-20 18:16:20.517 I/System.out( 9365): java.lang.reflect.Method.invoke(Method.java:525)
05-20 18:16:20.517 I/System.out( 9365): com.android.internal.os.ZygoteInit$MethodAndArgsCaller.run(ZygoteInit.java:737)
05-20 18:16:20.517 I/System.out( 9365): com.android.internal.os.ZygoteInit.main(ZygoteInit.java:553)
05-20 18:16:20.517 I/System.out( 9365): dalvik.system.NativeStart.main(Native Method)
05-20 18:16:20.525 D/NfcService(  568): NFC-C ON
05-20 18:16:20.541 D/PhoneStatusBar(  448): disable: < expand icons alerts ticker system_info back* home* recent clock* search >
05-20 18:16:20.549 I/uninstall( 8480): SelfUninstallManager -> initUninstallTask
05-20 18:16:20.556 I/uninstall( 8480): initUninstallTask init is running, return
05-20 18:16:20.603 W/Parcel  ( 1661): Attempt to read object from Parcel 0x6013bdac at offset 200 that is not in the object list
05-20 18:16:20.627 D/dalvikvm( 2462): GC_CONCURRENT freed 623K, 9% free 9543K/10444K, paused 7ms+2ms, total 53ms
05-20 18:16:20.767 D/dalvikvm( 9365): JIT unchain all for threadid=11
05-20 18:16:20.822 D/dalvikvm( 9365): GC_FOR_ALLOC freed 3427K, 31% free 30391K/43824K, paused 305ms, total 305ms
05-20 18:16:20.955 W/InputMethodManagerService(  374): Window already focused, ignoring focus gain of: com.android.internal.view.IInputMethodClient$Stub$Proxy@42994e10 attribute=null, token = android.os.BinderProxy@428ee2f8
05-20 18:16:20.978 V/TAG     (  374): bug 7643792: fitSystemWindows([0,50][0,0])
05-20 18:16:21.603 I/QueryController(10749): Matched selector: UiSelector[PACKAGE NAME=com.pekall.emdm.launcher] <<==>> [android.view.accessibility.AccessibilityNodeInfo@3bab1; boundsInParent: Rect(0, 0 - 720, 1184); boundsInScreen: Rect(0, 0 - 720, 1184); packageName: com.pekall.emdm.launcher; className: android.widget.FrameLayout; text: null; contentDescription: null; viewIdResName: null; checkable: false; checked: false; focusable: false; focused: false; selected: false; clickable: false; longClickable: false; enabled: true; password: false; scrollable: false; [ACTION_SELECT, ACTION_CLEAR_SELECTION, ACTION_ACCESSIBILITY_FOCUS]]
05-20 18:16:21.619 I/QueryController(10749): Matched selector: UiSelector[TEXT=Document Manager, CLASS=android.widget.TextView, PACKAGE NAME=com.pekall.emdm.launcher] <<==>> [android.view.accessibility.AccessibilityNodeInfo@3fa82; boundsInParent: Rect(0, 0 - 160, 200); boundsInScreen: Rect(10, 608 - 170, 808); packageName: com.pekall.emdm.launcher; className: android.widget.TextView; text: Document Manager; contentDescription: null; viewIdResName: null; checkable: false; checked: false; focusable: false; focused: false; selected: false; clickable: true; longClickable: true; enabled: true; password: false; scrollable: false; [ACTION_SELECT, ACTION_CLEAR_SELECTION, ACTION_CLICK, ACTION_LONG_CLICK, ACTION_ACCESSIBILITY_FOCUS, ACTION_NEXT_AT_MOVEMENT_GRANULARITY, ACTION_PREVIOUS_AT_MOVEMENT_GRANULARITY, ACTION_SET_SELECTION]]
05-20 18:16:21.635 I/QueryController(10749): Matched selector: UiSelector[TEXT=Document Manager, CLASS=android.widget.TextView, PACKAGE NAME=com.pekall.emdm.launcher] <<==>> [android.view.accessibility.AccessibilityNodeInfo@3fa82; boundsInParent: Rect(0, 0 - 160, 200); boundsInScreen: Rect(10, 608 - 170, 808); packageName: com.pekall.emdm.launcher; className: android.widget.TextView; text: Document Manager; contentDescription: null; viewIdResName: null; checkable: false; checked: false; focusable: false; focused: false; selected: false; clickable: true; longClickable: true; enabled: true; password: false; scrollable: false; [ACTION_SELECT, ACTION_CLEAR_SELECTION, ACTION_CLICK, ACTION_LONG_CLICK, ACTION_ACCESSIBILITY_FOCUS, ACTION_NEXT_AT_MOVEMENT_GRANULARITY, ACTION_PREVIOUS_AT_MOVEMENT_GRANULARITY, ACTION_SET_SELECTION]]
05-20 18:16:21.650 I/QueryController(10749): Matched selector: UiSelector[TEXT=Document Manager, CLASS=android.widget.TextView, PACKAGE NAME=com.pekall.emdm.launcher] <<==>> [android.view.accessibility.AccessibilityNodeInfo@3fa82; boundsInParent: Rect(0, 0 - 160, 200); boundsInScreen: Rect(10, 608 - 170, 808); packageName: com.pekall.emdm.launcher; className: android.widget.TextView; text: Document Manager; contentDescription: null; viewIdResName: null; checkable: false; checked: false; focusable: false; focused: false; selected: false; clickable: true; longClickable: true; enabled: true; password: false; scrollable: false; [ACTION_SELECT, ACTION_CLEAR_SELECTION, ACTION_CLICK, ACTION_LONG_CLICK, ACTION_ACCESSIBILITY_FOCUS, ACTION_NEXT_AT_MOVEMENT_GRANULARITY, ACTION_PREVIOUS_AT_MOVEMENT_GRANULARITY, ACTION_SET_SELECTION]]
05-20 18:16:21.650 D/UiObject(10749): getText() = Document Manager
05-20 18:16:21.666 I/QueryController(10749): Matched selector: UiSelector[TEXT=Document Manager, CLASS=android.widget.TextView, PACKAGE NAME=com.pekall.emdm.launcher] <<==>> [android.view.accessibility.AccessibilityNodeInfo@3fa82; boundsInParent: Rect(0, 0 - 160, 200); boundsInScreen: Rect(10, 608 - 170, 808); packageName: com.pekall.emdm.launcher; className: android.widget.TextView; text: Document Manager; contentDescription: null; viewIdResName: null; checkable: false; checked: false; focusable: false; focused: false; selected: false; clickable: true; longClickable: true; enabled: true; password: false; scrollable: false; [ACTION_SELECT, ACTION_CLEAR_SELECTION, ACTION_CLICK, ACTION_LONG_CLICK, ACTION_ACCESSIBILITY_FOCUS, ACTION_NEXT_AT_MOVEMENT_GRANULARITY, ACTION_PREVIOUS_AT_MOVEMENT_GRANULARITY, ACTION_SET_SELECTION]]
05-20 18:16:21.674 I/QueryController(10749): Matched selector: UiSelector[TEXT=Document Manager, CLASS=android.widget.TextView, PACKAGE NAME=com.pekall.emdm.launcher] <<==>> [android.view.accessibility.AccessibilityNodeInfo@3fa82; boundsInParent: Rect(0, 0 - 160, 200); boundsInScreen: Rect(10, 608 - 170, 808); packageName: com.pekall.emdm.launcher; className: android.widget.TextView; text: Document Manager; contentDescription: null; viewIdResName: null; checkable: false; checked: false; focusable: false; focused: false; selected: false; clickable: true; longClickable: true; enabled: true; password: false; scrollable: false; [ACTION_SELECT, ACTION_CLEAR_SELECTION, ACTION_CLICK, ACTION_LONG_CLICK, ACTION_ACCESSIBILITY_FOCUS, ACTION_NEXT_AT_MOVEMENT_GRANULARITY, ACTION_PREVIOUS_AT_MOVEMENT_GRANULARITY, ACTION_SET_SELECTION]]
05-20 18:16:21.681 D/InteractionController(10749): clickAndWaitForNewWindow(90, 708)
05-20 18:16:21.791 V/CounterTextView( 9365): draw
05-20 18:16:21.791 V/CounterTextView( 9365): count = 1
05-20 18:16:21.791 D/MDM :   ( 9365): [null:-1]->zzzzz   getWidth() 160
05-20 18:16:21.791 D/MDM :   ( 9365): [null:-1]->zzzzz   ------------------mWidthTemp >getWidth()() 
05-20 18:16:21.791 V/CounterTextView( 9365): xxxxxxx   136
05-20 18:16:21.806 W/Parcel  ( 1661): Attempt to read object from Parcel 0x5ef3bdac at offset 200 that is not in the object list
05-20 18:16:21.806 I/ActivityManager(  374): START u0 {flg=0x10000000 cmp=com.pekall.emdm.launcher/com.pekall.emdm.document.activity.DocMainActivity} from pid 9365
05-20 18:16:21.869 D/LauncherApplication( 9365): [null:-1]->onActivityPaused
05-20 18:16:21.877 D/LauncherApplication( 9365): [null:-1]->onActivityPaused  updateTime
05-20 18:16:21.885 V/CounterTextView( 9365): draw
05-20 18:16:21.885 V/CounterTextView( 9365): count = 1
05-20 18:16:21.892 D/MDM :   ( 9365): [null:-1]->zzzzz   getWidth() 160
05-20 18:16:21.892 D/MDM :   ( 9365): [null:-1]->zzzzz   ------------------mWidthTemp >getWidth()() 
05-20 18:16:21.892 V/CounterTextView( 9365): xxxxxxx   136
05-20 18:16:21.947 V/LauncherApplication( 9365): onActivityStarted
05-20 18:16:21.947 D/        ( 9365): [---null: -1---]     awsa  onActivityResumed
05-20 18:16:21.947 V/LauncherApplication( 9365): 2MdmConstant.LAST_LAUNCH_TIME = 1400580981884
05-20 18:16:21.955 D/        ( 9365): [---null: -1---]  activity = com.pekall.emdm.document.activity.DocMainActivity
05-20 18:16:21.955 V/DefultSetContriller( 9365): isLauncherDf = com.pekall.emdm.launcher
05-20 18:16:21.963 V/DefultSetContriller( 9365): isPhoneDf = com.pekall.emdm.launcher
05-20 18:16:21.963 E/LauncherApplication( 9365): isShowLogoutUI = true
05-20 18:16:21.963 E/LauncherApplication( 9365): LogoutShowTime 1
05-20 18:16:22.002 D/BaseFragment( 9365): [null:-1]->mSelection is read = 0 ,mSort is _id DESC
05-20 18:16:22.033 D/BaseFragment( 9365): [null:-1]->mSelection is null ,mSort is _id DESC
05-20 18:16:22.041 D/BaseFragment( 9365): [null:-1]->mSelection is is_favorite = 1 ,mSort is _id DESC
05-20 18:16:22.111 I/ActivityManager(  374): Displayed com.pekall.emdm.launcher/com.pekall.emdm.document.activity.DocMainActivity: +232ms
05-20 18:16:22.166 D/DocAdapter( 9365): [null:-1]->document status is 0 , visible sattus is false
05-20 18:16:22.205 D/DocAdapter( 9365): [null:-1]->document status is 0 , visible sattus is false
05-20 18:16:22.916 I/QueryController(10749): Matched selector: UiSelector[TEXT=UnRead, CLASS=android.widget.TextView, PACKAGE NAME=com.pekall.emdm.launcher] <<==>> [android.view.accessibility.AccessibilityNodeInfo@77828; boundsInParent: Rect(0, 0 - 100, 38); boundsInScreen: Rect(70, 79 - 170, 117); packageName: com.pekall.emdm.launcher; className: android.widget.TextView; text: UnRead; contentDescription: null; viewIdResName: android:id/title; checkable: false; checked: false; focusable: false; focused: false; selected: true; clickable: false; longClickable: false; enabled: true; password: false; scrollable: false; [ACTION_SELECT, ACTION_CLEAR_SELECTION, ACTION_ACCESSIBILITY_FOCUS, ACTION_NEXT_AT_MOVEMENT_GRANULARITY, ACTION_PREVIOUS_AT_MOVEMENT_GRANULARITY, ACTION_SET_SELECTION]]
05-20 18:16:22.955 I/QueryController(10749): Matched selector: UiSelector[TEXT=UnRead, CLASS=android.widget.TextView, PACKAGE NAME=com.pekall.emdm.launcher] <<==>> [android.view.accessibility.AccessibilityNodeInfo@77828; boundsInParent: Rect(0, 0 - 100, 38); boundsInScreen: Rect(70, 79 - 170, 117); packageName: com.pekall.emdm.launcher; className: android.widget.TextView; text: UnRead; contentDescription: null; viewIdResName: android:id/title; checkable: false; checked: false; focusable: false; focused: false; selected: true; clickable: false; longClickable: false; enabled: true; password: false; scrollable: false; [ACTION_SELECT, ACTION_CLEAR_SELECTION, ACTION_ACCESSIBILITY_FOCUS, ACTION_NEXT_AT_MOVEMENT_GRANULARITY, ACTION_PREVIOUS_AT_MOVEMENT_GRANULARITY, ACTION_SET_SELECTION]]
05-20 18:16:22.955 D/UiObject(10749): getText() = UnRead
05-20 18:16:22.994 I/QueryController(10749): Matched selector: UiSelector[TEXT=UnRead, CLASS=android.widget.TextView, PACKAGE NAME=com.pekall.emdm.launcher] <<==>> [android.view.accessibility.AccessibilityNodeInfo@77828; boundsInParent: Rect(0, 0 - 100, 38); boundsInScreen: Rect(70, 79 - 170, 117); packageName: com.pekall.emdm.launcher; className: android.widget.TextView; text: UnRead; contentDescription: null; viewIdResName: android:id/title; checkable: false; checked: false; focusable: false; focused: false; selected: true; clickable: false; longClickable: false; enabled: true; password: false; scrollable: false; [ACTION_SELECT, ACTION_CLEAR_SELECTION, ACTION_ACCESSIBILITY_FOCUS, ACTION_NEXT_AT_MOVEMENT_GRANULARITY, ACTION_PREVIOUS_AT_MOVEMENT_GRANULARITY, ACTION_SET_SELECTION]]
05-20 18:16:23.010 I/QueryController(10749): Matched selector: UiSelector[TEXT=UnRead, CLASS=android.widget.TextView, PACKAGE NAME=com.pekall.emdm.launcher] <<==>> [android.view.accessibility.AccessibilityNodeInfo@77828; boundsInParent: Rect(0, 0 - 100, 38); boundsInScreen: Rect(70, 79 - 170, 117); packageName: com.pekall.emdm.launcher; className: android.widget.TextView; text: UnRead; contentDescription: null; viewIdResName: android:id/title; checkable: false; checked: false; focusable: false; focused: false; selected: true; clickable: false; longClickable: false; enabled: true; password: false; scrollable: false; [ACTION_SELECT, ACTION_CLEAR_SELECTION, ACTION_ACCESSIBILITY_FOCUS, ACTION_NEXT_AT_MOVEMENT_GRANULARITY, ACTION_PREVIOUS_AT_MOVEMENT_GRANULARITY, ACTION_SET_SELECTION]]
05-20 18:16:23.017 D/InteractionController(10749): clickAndWaitForNewWindow(120, 98)
05-20 18:16:26.119 W/InteractionController(10749): runAndwaitForEvent timedout waiting for events
05-20 18:16:27.447 I/ActivityManager(  374): Process com.android.settings (pid 8981) has died.
05-20 18:16:28.322 D/dalvikvm(10749): GC_FOR_ALLOC freed 7533K, 92% free 657K/8192K, paused 28ms, total 28ms
05-20 18:16:28.447 D/dalvikvm(10749): GC_CONCURRENT freed 446K, 77% free 621K/2668K, paused 1ms+1ms, total 8ms
05-20 18:16:28.588 D/dalvikvm(10749): GC_CONCURRENT freed 394K, 75% free 675K/2668K, paused 1ms+2ms, total 7ms
05-20 18:16:28.721 D/dalvikvm(10749): GC_CONCURRENT freed 436K, 75% free 683K/2668K, paused 1ms+1ms, total 7ms
05-20 18:16:28.838 D/dalvikvm(10749): GC_CONCURRENT freed 442K, 77% free 628K/2668K, paused 0ms+1ms, total 5ms
05-20 18:16:28.971 D/dalvikvm(10749): GC_CONCURRENT freed 397K, 75% free 673K/2668K, paused 1ms+3ms, total 9ms
05-20 18:16:29.135 D/dalvikvm(10749): GC_CONCURRENT freed 434K, 77% free 625K/2668K, paused 1ms+1ms, total 7ms
05-20 18:16:29.299 D/dalvikvm(10749): GC_CONCURRENT freed 380K, 77% free 629K/2668K, paused 1ms+0ms, total 7ms
05-20 18:16:29.447 D/dalvikvm(10749): GC_CONCURRENT freed 376K, 77% free 636K/2668K, paused 2ms+1ms, total 7ms
05-20 18:16:29.596 D/dalvikvm(10749): GC_CONCURRENT freed 376K, 76% free 643K/2668K, paused 2ms+1ms, total 8ms
05-20 18:16:29.744 D/dalvikvm(10749): GC_CONCURRENT freed 430K, 76% free 642K/2668K, paused 0ms+2ms, total 9ms
05-20 18:16:29.931 D/dalvikvm(10749): GC_CONCURRENT freed 398K, 75% free 682K/2668K, paused 0ms+2ms, total 8ms
05-20 18:16:30.252 D/dalvikvm(10749): GC_CONCURRENT freed 443K, 77% free 628K/2668K, paused 2ms+2ms, total 14ms
05-20 18:16:30.580 D/dalvikvm(10749): GC_CONCURRENT freed 384K, 74% free 696K/2668K, paused 1ms+3ms, total 19ms
05-20 18:16:30.947 D/dalvikvm(10749): GC_CONCURRENT freed 451K, 77% free 629K/2668K, paused 2ms+1ms, total 15ms
05-20 18:16:31.236 D/dalvikvm(10749): GC_CONCURRENT freed 376K, 77% free 636K/2668K, paused 2ms+1ms, total 14ms
05-20 18:16:31.533 D/dalvikvm(10749): GC_CONCURRENT freed 376K, 76% free 657K/2668K, paused 2ms+1ms, total 16ms
05-20 18:16:31.838 D/dalvikvm(10749): GC_CONCURRENT freed 430K, 76% free 642K/2668K, paused 2ms+1ms, total 15ms
05-20 18:16:32.049 D/dalvikvm(10749): GC_CONCURRENT freed 397K, 77% free 628K/2668K, paused 1ms+0ms, total 6ms
05-20 18:16:32.049 W/MountService(  374): getVolumeState(/storage/emulated/0/external_sd): Unknown volume
05-20 18:16:32.127 W/MountService(  374): getVolumeState(/mnt/sdcard-ext): Unknown volume
05-20 18:16:32.142 W/MountService(  374): getVolumeState(/mnt/ext_sdcard): Unknown volume
05-20 18:16:32.142 W/MountService(  374): getVolumeState(/mnt/sdcard2): Unknown volume
05-20 18:16:32.142 W/MountService(  374): getVolumeState(/mnt/emmc): Unknown volume
05-20 18:16:32.142 W/MountService(  374): getVolumeState(/mnt/extSdCard): Unknown volume
05-20 18:16:32.150 D/dalvikvm(10749): GC_CONCURRENT freed 376K, 77% free 635K/2668K, paused 1ms+0ms, total 6ms
05-20 18:16:32.236 W/MountService(  374): getVolumeState(/mnt/sdcard/SD_CARD): Unknown volume
05-20 18:16:32.244 D/dalvikvm(10749): GC_CONCURRENT freed 376K, 76% free 643K/2668K, paused 1ms+0ms, total 6ms
05-20 18:16:32.260 W/MountService(  374): getVolumeState(/mnt/sdcard/extra_sd): Unknown volume
05-20 18:16:32.267 W/MountService(  374): getVolumeState(/mnt/extrasd_bind): Unknown volume
05-20 18:16:32.267 W/MountService(  374): getVolumeState(/mnt/sdcard/ext_sd): Unknown volume
05-20 18:16:32.275 D/dalvikvm( 1468): GC_CONCURRENT freed 493K, 20% free 9763K/12104K, paused 217ms+4ms, total 560ms
05-20 18:16:32.275 D/dalvikvm( 1468): WAIT_FOR_CONCURRENT_GC blocked 189ms
05-20 18:16:32.275 D/dalvikvm( 1468): WAIT_FOR_CONCURRENT_GC blocked 7ms
05-20 18:16:32.275 W/MountService(  374): getVolumeState(/storage/extSdCard): Unknown volume
05-20 18:16:32.283 W/MountService(  374): getVolumeState(/storage/sdcard1): Unknown volume
05-20 18:16:32.283 W/MountService(  374): getVolumeState(/mnt/sdcard/external_SD): Unknown volume
05-20 18:16:32.283 W/MountService(  374): getVolumeState(/mnt/sdcard/external_sd): Unknown volume
05-20 18:16:32.361 D/dalvikvm(10749): GC_CONCURRENT freed 430K, 76% free 642K/2668K, paused 1ms+1ms, total 5ms
05-20 18:16:32.486 D/dalvikvm(10749): GC_CONCURRENT freed 426K, 76% free 664K/2668K, paused 0ms+1ms, total 6ms
05-20 18:16:32.611 D/dalvikvm(10749): GC_CONCURRENT freed 426K, 75% free 682K/2668K, paused 0ms+2ms, total 6ms
05-20 18:16:32.721 D/dalvikvm(10749): GC_CONCURRENT freed 420K, 76% free 648K/2668K, paused 2ms+1ms, total 6ms
05-20 18:16:32.830 D/dalvikvm(10749): GC_CONCURRENT freed 404K, 77% free 628K/2668K, paused 2ms+1ms, total 6ms
05-20 18:16:32.955 D/dalvikvm(10749): GC_CONCURRENT freed 430K, 76% free 642K/2668K, paused 0ms+1ms, total 6ms
05-20 18:16:33.041 D/dalvikvm( 1468): GC_CONCURRENT freed 494K, 20% free 9779K/12104K, paused 5ms+3ms, total 49ms
05-20 18:16:33.041 D/dalvikvm( 1468): WAIT_FOR_CONCURRENT_GC blocked 7ms
05-20 18:16:33.041 D/dalvikvm( 1468): WAIT_FOR_CONCURRENT_GC blocked 8ms
05-20 18:16:33.049 W/MountService(  374): getVolumeState(/storage/emulated/0/external_sd): Unknown volume
05-20 18:16:33.049 W/MountService(  374): getVolumeState(/mnt/sdcard-ext): Unknown volume
05-20 18:16:33.049 W/MountService(  374): getVolumeState(/mnt/ext_sdcard): Unknown volume
05-20 18:16:33.049 W/MountService(  374): getVolumeState(/mnt/sdcard2): Unknown volume
05-20 18:16:33.049 W/MountService(  374): getVolumeState(/mnt/emmc): Unknown volume
05-20 18:16:33.056 W/MountService(  374): getVolumeState(/mnt/extSdCard): Unknown volume
05-20 18:16:33.056 W/MountService(  374): getVolumeState(/mnt/sdcard/SD_CARD): Unknown volume
05-20 18:16:33.056 W/MountService(  374): getVolumeState(/mnt/sdcard/extra_sd): Unknown volume
05-20 18:16:33.056 W/MountService(  374): getVolumeState(/mnt/extrasd_bind): Unknown volume
05-20 18:16:33.056 W/MountService(  374): getVolumeState(/mnt/sdcard/ext_sd): Unknown volume
05-20 18:16:33.056 W/MountService(  374): getVolumeState(/storage/extSdCard): Unknown volume
05-20 18:16:33.056 W/MountService(  374): getVolumeState(/storage/sdcard1): Unknown volume
05-20 18:16:33.056 W/MountService(  374): getVolumeState(/mnt/sdcard/external_SD): Unknown volume
05-20 18:16:33.056 W/MountService(  374): getVolumeState(/mnt/sdcard/external_sd): Unknown volume
05-20 18:16:33.158 D/dalvikvm( 1468): GC_CONCURRENT freed 457K, 20% free 9758K/12104K, paused 3ms+5ms, total 24ms
05-20 18:16:33.299 D/dalvikvm( 9365): JIT unchain all for threadid=11
05-20 18:16:33.627 D/dalvikvm( 9365): JIT unchain all for threadid=11
05-20 18:16:33.705 D/dalvikvm( 9365): GC_CONCURRENT freed 6958K, 25% free 30487K/40472K, paused 266ms+273ms, total 652ms
05-20 18:16:33.799 D/dalvikvm(10749): GC_CONCURRENT freed 420K, 75% free 670K/2668K, paused 0ms+1ms, total 6ms
05-20 18:16:33.900 D/dalvikvm(10749): GC_CONCURRENT freed 446K, 75% free 677K/2668K, paused 1ms+2ms, total 7ms
05-20 18:16:34.002 D/dalvikvm(10749): GC_CONCURRENT freed 434K, 77% free 627K/2668K, paused 1ms+0ms, total 5ms
05-20 18:16:34.096 D/dalvikvm(10749): GC_CONCURRENT freed 376K, 77% free 634K/2668K, paused 2ms+0ms, total 5ms
05-20 18:16:34.181 D/dalvikvm(10749): GC_CONCURRENT freed 376K, 76% free 642K/2668K, paused 1ms+1ms, total 5ms
05-20 18:16:34.267 D/dalvikvm(10749): GC_CONCURRENT freed 376K, 76% free 649K/2668K, paused 1ms+1ms, total 5ms
05-20 18:16:34.361 D/dalvikvm(10749): GC_CONCURRENT freed 376K, 76% free 656K/2668K, paused 2ms+0ms, total 6ms
05-20 18:16:34.447 D/dalvikvm(10749): GC_CONCURRENT freed 430K, 76% free 643K/2668K, paused 0ms+1ms, total 4ms
05-20 18:16:34.549 D/dalvikvm(10749): GC_CONCURRENT freed 398K, 77% free 629K/2668K, paused 2ms+1ms, total 6ms
05-20 18:16:34.681 D/dalvikvm(10749): GC_CONCURRENT freed 376K, 77% free 636K/2668K, paused 1ms+1ms, total 5ms
05-20 18:16:34.767 D/dalvikvm(10749): GC_CONCURRENT freed 376K, 76% free 643K/2668K, paused 1ms+0ms, total 5ms
05-20 18:16:34.861 D/dalvikvm(10749): GC_CONCURRENT freed 376K, 76% free 651K/2668K, paused 1ms+1ms, total 5ms
05-20 18:16:34.947 D/dalvikvm(10749): GC_CONCURRENT freed 430K, 76% free 643K/2668K, paused 0ms+0ms, total 5ms
05-20 18:16:35.049 D/dalvikvm(10749): GC_CONCURRENT freed 398K, 76% free 651K/2668K, paused 2ms+1ms, total 6ms
05-20 18:16:35.142 D/dalvikvm(10749): GC_CONCURRENT freed 430K, 76% free 643K/2668K, paused 0ms+0ms, total 5ms
05-20 18:16:35.244 D/dalvikvm(10749): GC_CONCURRENT freed 398K, 77% free 629K/2668K, paused 1ms+0ms, total 6ms
05-20 18:16:35.338 D/dalvikvm(10749): GC_CONCURRENT freed 376K, 77% free 636K/2668K, paused 1ms+1ms, total 5ms
05-20 18:16:35.424 D/dalvikvm(10749): GC_CONCURRENT freed 376K, 76% free 644K/2668K, paused 1ms+1ms, total 7ms
05-20 18:16:35.517 D/dalvikvm(10749): GC_CONCURRENT freed 376K, 76% free 652K/2668K, paused 1ms+1ms, total 5ms
05-20 18:16:35.603 D/dalvikvm(10749): GC_CONCURRENT freed 429K, 76% free 643K/2668K, paused 0ms+0ms, total 4ms
05-20 18:16:35.705 D/dalvikvm(10749): GC_CONCURRENT freed 398K, 77% free 628K/2668K, paused 1ms+1ms, total 5ms
05-20 18:16:35.799 D/dalvikvm(10749): GC_CONCURRENT freed 376K, 75% free 669K/2668K, paused 1ms+2ms, total 7ms
05-20 18:16:35.892 D/dalvikvm(10749): GC_CONCURRENT freed 430K, 76% free 643K/2668K, paused 1ms+0ms, total 5ms
05-20 18:16:35.986 D/dalvikvm(10749): GC_CONCURRENT freed 398K, 77% free 629K/2668K, paused 1ms+0ms, total 5ms
05-20 18:16:36.072 D/dalvikvm(10749): GC_CONCURRENT freed 376K, 77% free 636K/2668K, paused 2ms+0ms, total 6ms
05-20 18:16:36.166 D/dalvikvm(10749): GC_CONCURRENT freed 376K, 76% free 643K/2668K, paused 1ms+0ms, total 5ms
05-20 18:16:36.252 D/dalvikvm(10749): GC_CONCURRENT freed 430K, 76% free 642K/2668K, paused 1ms+0ms, total 6ms
05-20 18:16:36.353 D/dalvikvm(10749): GC_CONCURRENT freed 401K, 75% free 682K/2668K, paused 0ms+1ms, total 6ms
05-20 18:16:36.447 D/dalvikvm(10749): GC_CONCURRENT freed 422K, 76% free 647K/2668K, paused 2ms+1ms, total 6ms
05-20 18:16:36.549 D/dalvikvm(10749): GC_CONCURRENT freed 402K, 75% free 677K/2668K, paused 1ms+2ms, total 7ms
05-20 18:16:36.635 D/dalvikvm(10749): GC_CONCURRENT freed 427K, 76% free 646K/2668K, paused 1ms+0ms, total 6ms
05-20 18:16:36.760 D/dalvikvm(10749): GC_CONCURRENT freed 429K, 76% free 665K/2668K, paused 0ms+1ms, total 6ms
05-20 18:16:36.861 D/dalvikvm(10749): GC_CONCURRENT freed 441K, 75% free 672K/2668K, paused 0ms+2ms, total 6ms
05-20 18:16:36.963 D/dalvikvm(10749): GC_CONCURRENT freed 440K, 75% free 681K/2668K, paused 1ms+2ms, total 7ms
05-20 18:16:37.056 D/dalvikvm(10749): GC_CONCURRENT freed 444K, 77% free 621K/2668K, paused 1ms+0ms, total 6ms
05-20 18:16:37.150 D/dalvikvm(10749): GC_CONCURRENT freed 376K, 77% free 629K/2668K, paused 1ms+0ms, total 6ms
05-20 18:16:37.244 D/dalvikvm(10749): GC_CONCURRENT freed 430K, 76% free 642K/2668K, paused 1ms+2ms, total 6ms
05-20 18:16:37.346 D/dalvikvm(10749): GC_CONCURRENT freed 420K, 75% free 669K/2668K, paused 0ms+2ms, total 6ms
05-20 18:16:37.447 D/dalvikvm(10749): GC_CONCURRENT freed 437K, 75% free 682K/2668K, paused 0ms+1ms, total 6ms
05-20 18:16:37.549 D/dalvikvm(10749): GC_CONCURRENT freed 445K, 75% free 683K/2668K, paused 0ms+1ms, total 6ms
05-20 18:16:37.635 D/dalvikvm(10749): GC_CONCURRENT freed 443K, 77% free 628K/2668K, paused 1ms+0ms, total 5ms
05-20 18:16:37.728 D/dalvikvm(10749): GC_CONCURRENT freed 383K, 77% free 628K/2668K, paused 2ms+0ms, total 6ms
05-20 18:16:37.814 D/dalvikvm(10749): GC_CONCURRENT freed 376K, 77% free 635K/2668K, paused 1ms+0ms, total 5ms
05-20 18:16:37.900 D/dalvikvm(10749): GC_CONCURRENT freed 376K, 74% free 696K/2668K, paused 2ms+0ms, total 8ms
05-20 18:16:38.017 D/dalvikvm(10749): GC_CONCURRENT freed 472K, 75% free 673K/2668K, paused 0ms+2ms, total 7ms
05-20 18:16:38.135 D/dalvikvm(10749): GC_CONCURRENT freed 430K, 77% free 627K/2668K, paused 1ms+0ms, total 6ms
05-20 18:16:38.252 D/dalvikvm(10749): GC_CONCURRENT freed 376K, 77% free 634K/2668K, paused 1ms+0ms, total 7ms
05-20 18:16:38.353 D/dalvikvm(10749): GC_CONCURRENT freed 376K, 76% free 641K/2668K, paused 1ms+1ms, total 7ms
05-20 18:16:38.471 D/dalvikvm(10749): GC_CONCURRENT freed 376K, 76% free 649K/2668K, paused 1ms+0ms, total 8ms
05-20 18:16:38.596 D/dalvikvm(10749): GC_CONCURRENT freed 430K, 76% free 642K/2668K, paused 0ms+1ms, total 13ms
05-20 18:16:38.713 D/dalvikvm(10749): GC_CONCURRENT freed 416K, 75% free 669K/2668K, paused 2ms+2ms, total 9ms
05-20 18:16:38.853 D/dalvikvm(10749): GC_CONCURRENT freed 431K, 77% free 621K/2668K, paused 1ms+1ms, total 5ms
05-20 18:16:39.002 D/dalvikvm(10749): GC_CONCURRENT freed 430K, 76% free 642K/2668K, paused 0ms+1ms, total 9ms
05-20 18:16:39.174 D/dalvikvm(10749): GC_CONCURRENT freed 409K, 75% free 675K/2668K, paused 1ms+2ms, total 8ms
05-20 18:16:39.314 D/dalvikvm(10749): GC_CONCURRENT freed 433K, 77% free 625K/2668K, paused 1ms+0ms, total 7ms
05-20 18:16:39.486 D/dalvikvm(10749): GC_CONCURRENT freed 436K, 76% free 642K/2668K, paused 1ms+1ms, total 10ms
05-20 18:16:39.705 D/dalvikvm(10749): GC_CONCURRENT freed 408K, 75% free 680K/2668K, paused 1ms+2ms, total 9ms
05-20 18:16:39.869 D/dalvikvm(10749): GC_CONCURRENT freed 441K, 75% free 684K/2668K, paused 1ms+2ms, total 9ms
05-20 18:16:40.064 D/dalvikvm(10749): GC_CONCURRENT freed 423K, 76% free 649K/2668K, paused 1ms+1ms, total 15ms
05-20 18:16:40.392 D/dalvikvm(10749): GC_CONCURRENT freed 457K, 76% free 643K/2668K, paused 1ms+2ms, total 21ms
05-20 18:16:40.713 D/dalvikvm(10749): GC_CONCURRENT freed 411K, 75% free 674K/2668K, paused 1ms+4ms, total 15ms
05-20 18:16:41.002 D/dalvikvm(10749): GC_CONCURRENT freed 434K, 77% free 625K/2668K, paused 1ms+3ms, total 15ms
05-20 18:16:41.314 D/dalvikvm(10749): GC_CONCURRENT freed 380K, 77% free 629K/2668K, paused 2ms+3ms, total 14ms
05-20 18:16:41.588 D/dalvikvm(10749): GC_CONCURRENT freed 416K, 76% free 656K/2668K, paused 1ms+4ms, total 19ms
05-20 18:16:41.924 D/dalvikvm(10749): GC_CONCURRENT freed 411K, 76% free 661K/2668K, paused 2ms+1ms, total 20ms
05-20 18:16:42.064 D/dalvikvm(10749): GC_CONCURRENT freed 429K, 76% free 643K/2668K, paused 0ms+1ms, total 5ms
05-20 18:16:42.197 D/dalvikvm(10749): GC_CONCURRENT freed 398K, 77% free 628K/2668K, paused 2ms+0ms, total 6ms
05-20 18:16:42.283 D/dalvikvm(10749): GC_CONCURRENT freed 376K, 77% free 635K/2668K, paused 2ms+0ms, total 6ms
05-20 18:16:42.369 D/dalvikvm(10749): GC_CONCURRENT freed 376K, 76% free 643K/2668K, paused 1ms+1ms, total 5ms
05-20 18:16:42.455 D/dalvikvm(10749): GC_CONCURRENT freed 376K, 76% free 650K/2668K, paused 1ms+0ms, total 5ms
05-20 18:16:42.549 D/dalvikvm(10749): GC_CONCURRENT freed 430K, 76% free 643K/2668K, paused 1ms+1ms, total 6ms
05-20 18:16:42.642 D/dalvikvm(10749): GC_CONCURRENT freed 398K, 77% free 631K/2668K, paused 2ms+0ms, total 6ms
05-20 18:16:42.728 D/dalvikvm(10749): GC_CONCURRENT freed 430K, 76% free 642K/2668K, paused 1ms+2ms, total 6ms
05-20 18:16:42.830 D/dalvikvm(10749): GC_CONCURRENT freed 398K, 75% free 678K/2668K, paused 1ms+1ms, total 7ms
05-20 18:16:42.924 D/dalvikvm(10749): GC_CONCURRENT freed 448K, 77% free 625K/2668K, paused 0ms+0ms, total 5ms
05-20 18:16:43.017 D/dalvikvm(10749): GC_CONCURRENT freed 380K, 77% free 629K/2668K, paused 1ms+0ms, total 5ms
05-20 18:16:43.103 D/dalvikvm(10749): GC_CONCURRENT freed 406K, 76% free 661K/2668K, paused 2ms+2ms, total 7ms
05-20 18:16:43.205 D/dalvikvm(10749): GC_CONCURRENT freed 475K, 76% free 642K/2668K, paused 0ms+0ms, total 6ms
05-20 18:16:43.306 D/dalvikvm(10749): GC_CONCURRENT freed 398K, 76% free 657K/2668K, paused 0ms+0ms, total 4ms
05-20 18:16:43.392 D/dalvikvm(10749): GC_CONCURRENT freed 430K, 76% free 642K/2668K, paused 2ms+0ms, total 6ms
05-20 18:16:43.494 D/dalvikvm(10749): GC_CONCURRENT freed 397K, 77% free 628K/2668K, paused 2ms+0ms, total 6ms
05-20 18:16:43.588 D/dalvikvm(10749): GC_CONCURRENT freed 376K, 76% free 657K/2668K, paused 0ms+0ms, total 4ms
05-20 18:16:43.674 D/dalvikvm(10749): GC_CONCURRENT freed 451K, 77% free 621K/2668K, paused 1ms+1ms, total 5ms
05-20 18:16:43.775 D/dalvikvm(10749): GC_CONCURRENT freed 414K, 76% free 658K/2668K, paused 0ms+2ms, total 6ms
05-20 18:16:43.877 D/dalvikvm(10749): GC_CONCURRENT freed 438K, 75% free 667K/2668K, paused 0ms+2ms, total 6ms
05-20 18:16:43.986 D/dalvikvm(10749): GC_CONCURRENT freed 430K, 75% free 681K/2668K, paused 0ms+2ms, total 7ms
05-20 18:16:44.096 D/dalvikvm(10749): GC_CONCURRENT freed 420K, 76% free 648K/2668K, paused 1ms+1ms, total 5ms
05-20 18:16:44.236 D/dalvikvm(10749): GC_CONCURRENT freed 418K, 75% free 677K/2668K, paused 0ms+2ms, total 7ms
05-20 18:16:44.361 D/dalvikvm(10749): GC_CONCURRENT freed 437K, 75% free 682K/2668K, paused 2ms+1ms, total 8ms
05-20 18:16:44.471 D/dalvikvm(10749): GC_CONCURRENT freed 444K, 77% free 628K/2668K, paused 1ms+1ms, total 6ms
05-20 18:16:44.588 D/dalvikvm(10749): GC_CONCURRENT freed 383K, 77% free 630K/2668K, paused 2ms+0ms, total 6ms
05-20 18:16:44.697 D/dalvikvm(10749): GC_CONCURRENT freed 430K, 76% free 642K/2668K, paused 1ms+2ms, total 7ms
05-20 18:16:44.822 D/dalvikvm(10749): GC_CONCURRENT freed 415K, 75% free 670K/2668K, paused 2ms+1ms, total 8ms
05-20 18:16:44.931 D/dalvikvm(10749): GC_CONCURRENT freed 433K, 77% free 621K/2668K, paused 0ms+0ms, total 5ms
05-20 18:16:45.096 D/dalvikvm(10749): GC_CONCURRENT freed 386K, 75% free 680K/2668K, paused 1ms+2ms, total 8ms
05-20 18:16:45.439 D/dalvikvm( 9365): JIT unchain all for threadid=11
05-20 18:16:45.791 D/dalvikvm( 9365): JIT unchain all for threadid=11
05-20 18:16:45.892 D/dalvikvm( 9365): GC_CONCURRENT freed 7124K, 25% free 30450K/40472K, paused 264ms+270ms, total 704ms
05-20 18:16:45.978 D/dalvikvm(10749): GC_CONCURRENT freed 422K, 76% free 642K/2668K, paused 1ms+1ms, total 6ms
05-20 18:16:46.088 D/dalvikvm(10749): GC_CONCURRENT freed 428K, 76% free 664K/2668K, paused 1ms+2ms, total 7ms
05-20 18:16:46.181 D/dalvikvm(10749): GC_CONCURRENT freed 440K, 75% free 667K/2668K, paused 0ms+2ms, total 6ms
05-20 18:16:46.267 D/dalvikvm(10749): GC_CONCURRENT freed 406K, 76% free 645K/2668K, paused 1ms+0ms, total 6ms
05-20 18:16:46.353 D/dalvikvm(10749): GC_CONCURRENT freed 433K, 76% free 662K/2668K, paused 0ms+2ms, total 6ms
05-20 18:16:46.455 D/dalvikvm(10749): GC_CONCURRENT freed 449K, 76% free 665K/2668K, paused 1ms+2ms, total 6ms
05-20 18:16:46.549 D/dalvikvm(10749): GC_CONCURRENT freed 450K, 76% free 666K/2668K, paused 0ms+1ms, total 6ms
05-20 18:16:46.642 D/dalvikvm(10749): GC_CONCURRENT freed 422K, 76% free 657K/2668K, paused 1ms+1ms, total 5ms
05-20 18:16:46.728 D/dalvikvm(10749): GC_CONCURRENT freed 451K, 77% free 621K/2668K, paused 1ms+0ms, total 4ms
05-20 18:16:46.822 D/dalvikvm(10749): GC_CONCURRENT freed 400K, 76% free 665K/2668K, paused 0ms+1ms, total 6ms
