05-20 12:56:08.783 W/MountService(  374): getVolumeState(/mnt/emmc): Unknown volume
05-20 12:56:08.783 W/MountService(  374): getVolumeState(/mnt/extSdCard): Unknown volume
05-20 12:56:08.783 W/MountService(  374): getVolumeState(/mnt/sdcard/SD_CARD): Unknown volume
05-20 12:56:08.783 W/MountService(  374): getVolumeState(/mnt/sdcard/extra_sd): Unknown volume
05-20 12:56:08.783 W/MountService(  374): getVolumeState(/mnt/extrasd_bind): Unknown volume
05-20 12:56:08.783 W/MountService(  374): getVolumeState(/mnt/sdcard/ext_sd): Unknown volume
05-20 12:56:08.791 W/MountService(  374): getVolumeState(/storage/extSdCard): Unknown volume
05-20 12:56:08.791 W/MountService(  374): getVolumeState(/storage/sdcard1): Unknown volume
05-20 12:56:08.791 W/MountService(  374): getVolumeState(/mnt/sdcard/external_SD): Unknown volume
05-20 12:56:08.791 W/MountService(  374): getVolumeState(/mnt/sdcard/external_sd): Unknown volume
05-20 12:56:11.088 I/ActivityManager(  374): Start proc com.pekall.emdm.launcher:remote for service com.pekall.emdm.launcher/com.baidu.location.f: pid=30563 uid=10066 gids={50066, 1015, 3002, 3001, 3003, 1028}
05-20 12:56:11.478 D/ActivityThread(30563): Loading provider com.pekall.semail.provider;com.pekall.semail.notifier: com.pekall.semail.provider.EmailProvider
05-20 12:56:11.525 D/ActivityThread(30563): Loading provider com.pekall.semail.provider;com.pekall.semail.notifier: com.pekall.semail.provider.EmailProvider
05-20 12:56:15.994 W/ActivityManager(  374): Unable to start service Intent { cmp=com.pekall.emdm.launcher/com.pekall.semail.service.AttachmentDownloadService } U=0: not found
05-20 12:56:31.135 W/ActivityManager(  374): Timeout executing service: ServiceRecord{42d711c0 u0 com.pekall.emdm.launcher/com.baidu.location.f}
05-20 12:56:37.189 E/ActivityManager(  374): ANR in com.pekall.emdm.launcher:remote
05-20 12:56:37.189 E/ActivityManager(  374): Reason: Executing service com.pekall.emdm.launcher/com.baidu.location.f
05-20 12:56:37.189 E/ActivityManager(  374): Load: 1.87 / 1.7 / 1.51
05-20 12:56:37.189 E/ActivityManager(  374): CPU usage from 0ms to 6028ms later:
05-20 12:56:37.189 E/ActivityManager(  374):   89% 26771/com.pekall.emdm.launcher: 89% user + 0% kernel
05-20 12:56:37.189 E/ActivityManager(  374):   81% 30563/com.pekall.emdm.launcher:remote: 81% user + 0% kernel / faults: 119 minor
05-20 12:56:37.189 E/ActivityManager(  374):   21% 374/system_server: 18% user + 3.1% kernel / faults: 340 minor
05-20 12:56:37.189 E/ActivityManager(  374):   0.8% 448/com.android.systemui: 0.7% user + 0% kernel / faults: 41 minor
05-20 12:56:37.189 E/ActivityManager(  374):   0.8% 561/com.android.phone: 0.6% user + 0.1% kernel / faults: 29 minor
05-20 12:56:37.189 E/ActivityManager(  374):   0% 568/com.android.nfc: 0% user + 0% kernel / faults: 47 minor
05-20 12:56:37.189 E/ActivityManager(  374):   0% 29949/com.dragon.android.pandaspace:bdservice_v1: 0% user + 0% kernel / faults: 4 minor
05-20 12:56:37.189 E/ActivityManager(  374): 99% TOTAL: 97% user + 2.1% kernel
05-20 12:56:37.189 E/ActivityManager(  374): CPU usage from 5250ms to 5782ms later:
05-20 12:56:37.189 E/ActivityManager(  374):   94% 30563/com.pekall.emdm.launcher:remote: 94% user + 0% kernel
05-20 12:56:37.189 E/ActivityManager(  374):     92% 30576/Thread-1419: 92% user + 0% kernel
05-20 12:56:37.189 E/ActivityManager(  374):   90% 26771/com.pekall.emdm.launcher: 90% user + 0% kernel
05-20 12:56:37.189 E/ActivityManager(  374):     89% 26784/Thread-1176: 89% user + 0% kernel
05-20 12:56:37.189 E/ActivityManager(  374):   5.6% 374/system_server: 1.8% user + 3.7% kernel
05-20 12:56:37.189 E/ActivityManager(  374):     7.5% 390/ActivityManager: 3.7% user + 3.7% kernel
05-20 12:56:37.189 E/ActivityManager(  374): 95% TOTAL: 92% user + 2.8% kernel
05-20 12:56:37.197 W/ActivityManager(  374): Killing ProcessRecord{422aaa50 30563:com.pekall.emdm.launcher:remote/u0a10066}: background ANR
05-20 12:56:37.314 I/ActivityManager(  374): Process com.pekall.emdm.launcher:remote (pid 30563) has died.
05-20 12:56:37.314 W/ActivityManager(  374): Scheduling restart of crashed service com.pekall.emdm.launcher/com.baidu.location.f in 1280000ms
05-20 12:56:43.306 I/fstrim  (  117): Starting fstrim work...
05-20 12:56:43.306 I/fstrim  (  117): Invoking FITRIM ioctl on /cache
05-20 12:56:43.377 I/fstrim  (  117): Trimmed 433885184 bytes on /cache
05-20 12:56:43.377 I/fstrim  (  117): Invoking FITRIM ioctl on /data
05-20 12:56:46.119 I/fstrim  (  117): Trimmed 13680377856 bytes on /data
05-20 12:56:46.119 I/fstrim  (  117): Finished fstrim work.
05-20 12:57:08.486 W/MountService(  374): getVolumeState(/storage/emulated/0/external_sd): Unknown volume
05-20 12:57:08.486 W/MountService(  374): getVolumeState(/mnt/sdcard-ext): Unknown volume
05-20 12:57:08.486 W/MountService(  374): getVolumeState(/mnt/ext_sdcard): Unknown volume
05-20 12:57:08.486 W/MountService(  374): getVolumeState(/mnt/sdcard2): Unknown volume
05-20 12:57:08.486 W/MountService(  374): getVolumeState(/mnt/emmc): Unknown volume
05-20 12:57:08.486 W/MountService(  374): getVolumeState(/mnt/extSdCard): Unknown volume
05-20 12:57:08.486 W/MountService(  374): getVolumeState(/mnt/sdcard/SD_CARD): Unknown volume
05-20 12:57:08.494 W/MountService(  374): getVolumeState(/mnt/sdcard/extra_sd): Unknown volume
05-20 12:57:08.494 W/MountService(  374): getVolumeState(/mnt/extrasd_bind): Unknown volume
05-20 12:57:08.494 W/MountService(  374): getVolumeState(/mnt/sdcard/ext_sd): Unknown volume
05-20 12:57:08.494 W/MountService(  374): getVolumeState(/storage/extSdCard): Unknown volume
05-20 12:57:08.494 W/MountService(  374): getVolumeState(/storage/sdcard1): Unknown volume
05-20 12:57:08.494 W/MountService(  374): getVolumeState(/mnt/sdcard/external_SD): Unknown volume
05-20 12:57:08.494 W/MountService(  374): getVolumeState(/mnt/sdcard/external_sd): Unknown volume
05-20 12:57:08.791 W/MountService(  374): getVolumeState(/storage/emulated/0/external_sd): Unknown volume
05-20 12:57:08.791 W/MountService(  374): getVolumeState(/mnt/sdcard-ext): Unknown volume
05-20 12:57:08.791 W/MountService(  374): getVolumeState(/mnt/ext_sdcard): Unknown volume
05-20 12:57:08.791 W/MountService(  374): getVolumeState(/mnt/sdcard2): Unknown volume
05-20 12:57:08.791 W/MountService(  374): getVolumeState(/mnt/emmc): Unknown volume
05-20 12:57:08.791 W/MountService(  374): getVolumeState(/mnt/extSdCard): Unknown volume
05-20 12:57:08.791 W/MountService(  374): getVolumeState(/mnt/sdcard/SD_CARD): Unknown volume
05-20 12:57:08.791 W/MountService(  374): getVolumeState(/mnt/sdcard/extra_sd): Unknown volume
05-20 12:57:08.791 W/MountService(  374): getVolumeState(/mnt/extrasd_bind): Unknown volume
05-20 12:57:08.791 W/MountService(  374): getVolumeState(/mnt/sdcard/ext_sd): Unknown volume
05-20 12:57:08.799 W/MountService(  374): getVolumeState(/storage/extSdCard): Unknown volume
05-20 12:57:08.799 W/MountService(  374): getVolumeState(/storage/sdcard1): Unknown volume
05-20 12:57:08.799 W/MountService(  374): getVolumeState(/mnt/sdcard/external_SD): Unknown volume
05-20 12:57:08.799 W/MountService(  374): getVolumeState(/mnt/sdcard/external_sd): Unknown volume
05-20 12:58:08.556 W/MountService(  374): getVolumeState(/storage/emulated/0/external_sd): Unknown volume
05-20 12:58:08.564 W/MountService(  374): getVolumeState(/mnt/sdcard-ext): Unknown volume
05-20 12:58:08.564 W/MountService(  374): getVolumeState(/mnt/ext_sdcard): Unknown volume
05-20 12:58:08.564 W/MountService(  374): getVolumeState(/mnt/sdcard2): Unknown volume
05-20 12:58:08.564 W/MountService(  374): getVolumeState(/mnt/emmc): Unknown volume
05-20 12:58:08.564 W/MountService(  374): getVolumeState(/mnt/extSdCard): Unknown volume
05-20 12:58:08.564 W/MountService(  374): getVolumeState(/mnt/sdcard/SD_CARD): Unknown volume
05-20 12:58:08.564 W/MountService(  374): getVolumeState(/mnt/sdcard/extra_sd): Unknown volume
05-20 12:58:08.564 W/MountService(  374): getVolumeState(/mnt/extrasd_bind): Unknown volume
05-20 12:58:08.564 W/MountService(  374): getVolumeState(/mnt/sdcard/ext_sd): Unknown volume
05-20 12:58:08.572 W/MountService(  374): getVolumeState(/storage/extSdCard): Unknown volume
05-20 12:58:08.572 W/MountService(  374): getVolumeState(/storage/sdcard1): Unknown volume
05-20 12:58:08.572 W/MountService(  374): getVolumeState(/mnt/sdcard/external_SD): Unknown volume
05-20 12:58:08.572 W/MountService(  374): getVolumeState(/mnt/sdcard/external_sd): Unknown volume
05-20 12:58:08.885 W/MountService(  374): getVolumeState(/storage/emulated/0/external_sd): Unknown volume
05-20 12:58:08.885 W/MountService(  374): getVolumeState(/mnt/sdcard-ext): Unknown volume
05-20 12:58:08.885 W/MountService(  374): getVolumeState(/mnt/ext_sdcard): Unknown volume
05-20 12:58:08.885 W/MountService(  374): getVolumeState(/mnt/sdcard2): Unknown volume
05-20 12:58:08.885 W/MountService(  374): getVolumeState(/mnt/emmc): Unknown volume
05-20 12:58:08.885 W/MountService(  374): getVolumeState(/mnt/extSdCard): Unknown volume
05-20 12:58:08.885 W/MountService(  374): getVolumeState(/mnt/sdcard/SD_CARD): Unknown volume
05-20 12:58:08.885 W/MountService(  374): getVolumeState(/mnt/sdcard/extra_sd): Unknown volume
05-20 12:58:08.885 W/MountService(  374): getVolumeState(/mnt/extrasd_bind): Unknown volume
05-20 12:58:08.892 W/MountService(  374): getVolumeState(/mnt/sdcard/ext_sd): Unknown volume
05-20 12:58:08.892 W/MountService(  374): getVolumeState(/storage/extSdCard): Unknown volume
05-20 12:58:08.892 W/MountService(  374): getVolumeState(/storage/sdcard1): Unknown volume
05-20 12:58:08.892 W/MountService(  374): getVolumeState(/mnt/sdcard/external_SD): Unknown volume
05-20 12:58:08.892 W/MountService(  374): getVolumeState(/mnt/sdcard/external_sd): Unknown volume
05-20 12:59:08.580 W/MountService(  374): getVolumeState(/storage/emulated/0/external_sd): Unknown volume
05-20 12:59:08.580 W/MountService(  374): getVolumeState(/mnt/sdcard-ext): Unknown volume
05-20 12:59:08.588 W/MountService(  374): getVolumeState(/mnt/ext_sdcard): Unknown volume
05-20 12:59:08.588 W/MountService(  374): getVolumeState(/mnt/sdcard2): Unknown volume
05-20 12:59:08.588 W/MountService(  374): getVolumeState(/mnt/emmc): Unknown volume
05-20 12:59:08.588 W/MountService(  374): getVolumeState(/mnt/extSdCard): Unknown volume
05-20 12:59:08.588 W/MountService(  374): getVolumeState(/mnt/sdcard/SD_CARD): Unknown volume
05-20 12:59:08.588 W/MountService(  374): getVolumeState(/mnt/sdcard/extra_sd): Unknown volume
05-20 12:59:08.596 W/MountService(  374): getVolumeState(/mnt/extrasd_bind): Unknown volume
05-20 12:59:08.596 W/MountService(  374): getVolumeState(/mnt/sdcard/ext_sd): Unknown volume
05-20 12:59:08.596 W/MountService(  374): getVolumeState(/storage/extSdCard): Unknown volume
05-20 12:59:08.596 W/MountService(  374): getVolumeState(/storage/sdcard1): Unknown volume
05-20 12:59:08.596 W/MountService(  374): getVolumeState(/mnt/sdcard/external_SD): Unknown volume
05-20 12:59:08.596 W/MountService(  374): getVolumeState(/mnt/sdcard/external_sd): Unknown volume
05-20 12:59:09.025 W/MountService(  374): getVolumeState(/storage/emulated/0/external_sd): Unknown volume
05-20 12:59:09.025 W/MountService(  374): getVolumeState(/mnt/sdcard-ext): Unknown volume
05-20 12:59:09.025 W/MountService(  374): getVolumeState(/mnt/ext_sdcard): Unknown volume
05-20 12:59:09.025 W/MountService(  374): getVolumeState(/mnt/sdcard2): Unknown volume
05-20 12:59:09.025 W/MountService(  374): getVolumeState(/mnt/emmc): Unknown volume
05-20 12:59:09.033 W/MountService(  374): getVolumeState(/mnt/extSdCard): Unknown volume
05-20 12:59:09.033 W/MountService(  374): getVolumeState(/mnt/sdcard/SD_CARD): Unknown volume
05-20 12:59:09.033 W/MountService(  374): getVolumeState(/mnt/sdcard/extra_sd): Unknown volume
05-20 12:59:09.033 W/MountService(  374): getVolumeState(/mnt/extrasd_bind): Unknown volume
05-20 12:59:09.033 W/MountService(  374): getVolumeState(/mnt/sdcard/ext_sd): Unknown volume
05-20 12:59:09.033 W/MountService(  374): getVolumeState(/storage/extSdCard): Unknown volume
05-20 12:59:09.033 W/MountService(  374): getVolumeState(/storage/sdcard1): Unknown volume
05-20 12:59:09.033 W/MountService(  374): getVolumeState(/mnt/sdcard/external_SD): Unknown volume
05-20 12:59:09.033 W/MountService(  374): getVolumeState(/mnt/sdcard/external_sd): Unknown volume
05-20 13:00:08.596 W/MountService(  374): getVolumeState(/storage/emulated/0/external_sd): Unknown volume
05-20 13:00:08.603 W/MountService(  374): getVolumeState(/mnt/sdcard-ext): Unknown volume
05-20 13:00:08.603 W/MountService(  374): getVolumeState(/mnt/ext_sdcard): Unknown volume
05-20 13:00:08.603 W/MountService(  374): getVolumeState(/mnt/sdcard2): Unknown volume
05-20 13:00:08.603 W/MountService(  374): getVolumeState(/mnt/emmc): Unknown volume
05-20 13:00:08.603 W/MountService(  374): getVolumeState(/mnt/extSdCard): Unknown volume
05-20 13:00:08.603 W/MountService(  374): getVolumeState(/mnt/sdcard/SD_CARD): Unknown volume
05-20 13:00:08.603 W/MountService(  374): getVolumeState(/mnt/sdcard/extra_sd): Unknown volume
05-20 13:00:08.603 W/MountService(  374): getVolumeState(/mnt/extrasd_bind): Unknown volume
05-20 13:00:08.603 W/MountService(  374): getVolumeState(/mnt/sdcard/ext_sd): Unknown volume
05-20 13:00:08.611 W/MountService(  374): getVolumeState(/storage/extSdCard): Unknown volume
05-20 13:00:08.611 W/MountService(  374): getVolumeState(/storage/sdcard1): Unknown volume
05-20 13:00:08.611 W/MountService(  374): getVolumeState(/mnt/sdcard/external_SD): Unknown volume
05-20 13:00:08.611 W/MountService(  374): getVolumeState(/mnt/sdcard/external_sd): Unknown volume
05-20 13:00:08.885 W/MountService(  374): getVolumeState(/storage/emulated/0/external_sd): Unknown volume
05-20 13:00:08.885 W/MountService(  374): getVolumeState(/mnt/sdcard-ext): Unknown volume
05-20 13:00:08.885 W/MountService(  374): getVolumeState(/mnt/ext_sdcard): Unknown volume
05-20 13:00:08.885 W/MountService(  374): getVolumeState(/mnt/sdcard2): Unknown volume
05-20 13:00:08.885 W/MountService(  374): getVolumeState(/mnt/emmc): Unknown volume
05-20 13:00:08.885 W/MountService(  374): getVolumeState(/mnt/extSdCard): Unknown volume
05-20 13:00:08.885 W/MountService(  374): getVolumeState(/mnt/sdcard/SD_CARD): Unknown volume
05-20 13:00:08.885 W/MountService(  374): getVolumeState(/mnt/sdcard/extra_sd): Unknown volume
05-20 13:00:08.885 W/MountService(  374): getVolumeState(/mnt/extrasd_bind): Unknown volume
05-20 13:00:08.885 W/MountService(  374): getVolumeState(/mnt/sdcard/ext_sd): Unknown volume
05-20 13:00:08.892 W/MountService(  374): getVolumeState(/storage/extSdCard): Unknown volume
05-20 13:00:08.892 W/MountService(  374): getVolumeState(/storage/sdcard1): Unknown volume
05-20 13:00:08.892 W/MountService(  374): getVolumeState(/mnt/sdcard/external_SD): Unknown volume
05-20 13:00:08.892 W/MountService(  374): getVolumeState(/mnt/sdcard/external_sd): Unknown volume
05-20 13:01:08.619 W/MountService(  374): getVolumeState(/storage/emulated/0/external_sd): Unknown volume
05-20 13:01:08.619 W/MountService(  374): getVolumeState(/mnt/sdcard-ext): Unknown volume
05-20 13:01:08.619 W/MountService(  374): getVolumeState(/mnt/ext_sdcard): Unknown volume
05-20 13:01:08.619 W/MountService(  374): getVolumeState(/mnt/sdcard2): Unknown volume
05-20 13:01:08.619 W/MountService(  374): getVolumeState(/mnt/emmc): Unknown volume
05-20 13:01:08.619 W/MountService(  374): getVolumeState(/mnt/extSdCard): Unknown volume
05-20 13:01:08.619 W/MountService(  374): getVolumeState(/mnt/sdcard/SD_CARD): Unknown volume
05-20 13:01:08.619 W/MountService(  374): getVolumeState(/mnt/sdcard/extra_sd): Unknown volume
05-20 13:01:08.619 W/MountService(  374): getVolumeState(/mnt/extrasd_bind): Unknown volume
05-20 13:01:08.627 W/MountService(  374): getVolumeState(/mnt/sdcard/ext_sd): Unknown volume
05-20 13:01:08.627 W/MountService(  374): getVolumeState(/storage/extSdCard): Unknown volume
05-20 13:01:08.627 W/MountService(  374): getVolumeState(/storage/sdcard1): Unknown volume
05-20 13:01:08.627 W/MountService(  374): getVolumeState(/mnt/sdcard/external_SD): Unknown volume
05-20 13:01:08.627 W/MountService(  374): getVolumeState(/mnt/sdcard/external_sd): Unknown volume
05-20 13:01:08.931 W/MountService(  374): getVolumeState(/storage/emulated/0/external_sd): Unknown volume
05-20 13:01:08.931 W/MountService(  374): getVolumeState(/mnt/sdcard-ext): Unknown volume
05-20 13:01:08.931 W/MountService(  374): getVolumeState(/mnt/ext_sdcard): Unknown volume
05-20 13:01:08.931 W/MountService(  374): getVolumeState(/mnt/sdcard2): Unknown volume
05-20 13:01:08.931 W/MountService(  374): getVolumeState(/mnt/emmc): Unknown volume
05-20 13:01:08.931 W/MountService(  374): getVolumeState(/mnt/extSdCard): Unknown volume
05-20 13:01:08.931 W/MountService(  374): getVolumeState(/mnt/sdcard/SD_CARD): Unknown volume
05-20 13:01:08.931 W/MountService(  374): getVolumeState(/mnt/sdcard/extra_sd): Unknown volume
05-20 13:01:08.931 W/MountService(  374): getVolumeState(/mnt/extrasd_bind): Unknown volume
05-20 13:01:08.931 W/MountService(  374): getVolumeState(/mnt/sdcard/ext_sd): Unknown volume
05-20 13:01:08.939 W/MountService(  374): getVolumeState(/storage/extSdCard): Unknown volume
05-20 13:01:08.939 W/MountService(  374): getVolumeState(/storage/sdcard1): Unknown volume
05-20 13:01:08.939 W/MountService(  374): getVolumeState(/mnt/sdcard/external_SD): Unknown volume
05-20 13:01:08.939 W/MountService(  374): getVolumeState(/mnt/sdcard/external_sd): Unknown volume
05-20 13:02:08.666 W/MountService(  374): getVolumeState(/storage/emulated/0/external_sd): Unknown volume
05-20 13:02:08.666 W/MountService(  374): getVolumeState(/mnt/sdcard-ext): Unknown volume
05-20 13:02:08.666 W/MountService(  374): getVolumeState(/mnt/ext_sdcard): Unknown volume
05-20 13:02:08.666 W/MountService(  374): getVolumeState(/mnt/sdcard2): Unknown volume
05-20 13:02:08.666 W/MountService(  374): getVolumeState(/mnt/emmc): Unknown volume
05-20 13:02:08.666 W/MountService(  374): getVolumeState(/mnt/extSdCard): Unknown volume
05-20 13:02:08.674 W/MountService(  374): getVolumeState(/mnt/sdcard/SD_CARD): Unknown volume
05-20 13:02:08.674 W/MountService(  374): getVolumeState(/mnt/sdcard/extra_sd): Unknown volume
05-20 13:02:08.674 W/MountService(  374): getVolumeState(/mnt/extrasd_bind): Unknown volume
05-20 13:02:08.674 W/MountService(  374): getVolumeState(/mnt/sdcard/ext_sd): Unknown volume
05-20 13:02:08.674 W/MountService(  374): getVolumeState(/storage/extSdCard): Unknown volume
05-20 13:02:08.674 W/MountService(  374): getVolumeState(/storage/sdcard1): Unknown volume
05-20 13:02:08.674 W/MountService(  374): getVolumeState(/mnt/sdcard/external_SD): Unknown volume
05-20 13:02:08.674 W/MountService(  374): getVolumeState(/mnt/sdcard/external_sd): Unknown volume
05-20 13:02:08.986 W/MountService(  374): getVolumeState(/storage/emulated/0/external_sd): Unknown volume
05-20 13:02:08.986 W/MountService(  374): getVolumeState(/mnt/sdcard-ext): Unknown volume
05-20 13:02:08.986 W/MountService(  374): getVolumeState(/mnt/ext_sdcard): Unknown volume
05-20 13:02:08.986 W/MountService(  374): getVolumeState(/mnt/sdcard2): Unknown volume
05-20 13:02:08.986 W/MountService(  374): getVolumeState(/mnt/emmc): Unknown volume
05-20 13:02:08.986 W/MountService(  374): getVolumeState(/mnt/extSdCard): Unknown volume
05-20 13:02:08.986 W/MountService(  374): getVolumeState(/mnt/sdcard/SD_CARD): Unknown volume
05-20 13:02:08.986 W/MountService(  374): getVolumeState(/mnt/sdcard/extra_sd): Unknown volume
05-20 13:02:08.986 W/MountService(  374): getVolumeState(/mnt/extrasd_bind): Unknown volume
05-20 13:02:08.986 W/MountService(  374): getVolumeState(/mnt/sdcard/ext_sd): Unknown volume
05-20 13:02:08.986 W/MountService(  374): getVolumeState(/storage/extSdCard): Unknown volume
05-20 13:02:08.994 W/MountService(  374): getVolumeState(/storage/sdcard1): Unknown volume
05-20 13:02:08.994 W/MountService(  374): getVolumeState(/mnt/sdcard/external_SD): Unknown volume
05-20 13:02:08.994 W/MountService(  374): getVolumeState(/mnt/sdcard/external_sd): Unknown volume
05-20 13:02:11.791 I/PowerManagerService(  374): Waking up from sleep...
05-20 13:02:11.908 I/WindowManager(  374): Lock screen displayed!
05-20 13:02:13.299 D/PhoneStatusBar(  448): disable: < expand icons alerts ticker system_info BACK HOME recent* CLOCK search* >
05-20 13:02:13.369 I/ActivityManager(  374): START u0 {cmp=com.pekall.emdm.launcher/com.pekall.emdm.ui.SplashActivity} from pid 26771
05-20 13:02:13.439 D/PhoneStatusBar(  448): disable: < expand icons alerts ticker system_info back* home* recent clock* search >
05-20 13:02:13.885 W/ActivityManager(  374): Activity pause timeout for ActivityRecord{422a8788 u0 com.pekall.emdm.launcher/.Launcher}
05-20 13:02:14.338 W/InputMethodManagerService(  374): Focus gain on non-focused client com.android.internal.view.IInputMethodClient$Stub$Proxy@42967028 (uid=10066 pid=26771)
05-20 13:02:15.971 I/ActivityManager(  374): START u0 {cmp=com.pekall.emdm.launcher/com.pekall.emdm.ui.ActiveDeviceAdminActivity} from pid 26771
05-20 13:02:16.369 I/ActivityManager(  374): START u0 {cmp=com.pekall.emdm.launcher/com.pekall.emdm.ui.RegDeviceActivity} from pid 26771
05-20 13:02:16.603 I/ActivityManager(  374): START u0 {flg=0x8000 cmp=com.pekall.emdm.launcher/.Launcher} from pid 26771
05-20 13:02:16.791 I/ActivityManager(  374): Start proc com.qihoo.root for broadcast com.qihoo.root/.SuRequestReceiver: pid=30702 uid=10072 gids={50072, 1015, 3003, 1028}
05-20 13:02:16.978 I/ActivityManager(  374): START u0 {flg=0x10000000 cmp=com.qihoo.root/.SuRequestActivity (has extras)} from pid 30702
05-20 13:02:17.486 W/ActivityManager(  374): Activity pause timeout for ActivityRecord{426545c8 u0 com.pekall.emdm.launcher/.Launcher}
05-20 13:02:17.947 I/ActivityManager(  374): START u0 {cmp=com.pekall.emdm.launcher/com.pekall.emdm.ui.SplashActivity} from pid 26771
05-20 13:02:18.314 W/ActivityManager(  374): Unable to start service Intent { cmp=com.pekall.emdm.launcher/com.pekall.semail.service.AttachmentDownloadService } U=0: not found
05-20 13:02:20.806 I/ActivityManager(  374): START u0 {cmp=com.pekall.emdm.launcher/com.pekall.emdm.ui.ActiveDeviceAdminActivity} from pid 26771
05-20 13:02:22.736 I/ActivityManager(  374): START u0 {flg=0x10008000 cmp=com.pekall.emdm.launcher/com.pekall.emdm.ui.SplashActivity} from pid 26771
05-20 13:02:22.885 W/ActivityManager(  374): Unable to start service Intent { act=com.pekall.mdm.action.SELECT_ERASE } U=0: not found
05-20 13:02:23.924 W/ActivityManager(  374): Unable to start service Intent { cmp=com.pekall.emdm.launcher/com.pekall.semail.service.AttachmentDownloadService } U=0: not found
05-20 13:02:25.181 I/ActivityManager(  374): START u0 {cmp=com.pekall.emdm.launcher/com.pekall.emdm.ui.ActiveDeviceAdminActivity} from pid 26771
05-20 13:02:25.400 I/ActivityManager(  374): START u0 {cmp=com.pekall.emdm.launcher/com.pekall.emdm.ui.RegDeviceActivity} from pid 26771
05-20 13:02:25.752 W/ActivityManager(  374): Duplicate finish request for ActivityRecord{428562d8 u0 com.qihoo.root/.SuRequestActivity}
05-20 13:02:58.525 I/ActivityManager(  374): START u0 {flg=0x8000 cmp=com.pekall.emdm.launcher/.Launcher} from pid 26771
05-20 13:03:00.463 W/ActivityManager(  374): Unable to start service Intent { cmp=com.pekall.emdm.launcher/com.pekall.semail.service.AttachmentDownloadService } U=0: not found
05-20 13:03:00.830 W/ActivityManager(  374): Unable to start service Intent { act=pekall.intent.action.DOWNLOAD_APP (has extras) } U=0: not found
05-20 13:03:01.330 I/ActivityManager(  374): START u0 {act=android.intent.action.MAIN cat=[android.intent.category.HOME] flg=0x10200000 cmp=com.pekall.emdm.launcher/.Launcher} from pid 374
05-20 13:03:06.752 V/PanelView(  448): animationTick called with dtms=0; nothing to do (h=0.0 v=4000.0)
05-20 13:03:08.846 W/MountService(  374): getVolumeState(/storage/emulated/0/external_sd): Unknown volume
05-20 13:03:08.861 W/MountService(  374): getVolumeState(/mnt/sdcard-ext): Unknown volume
05-20 13:03:08.885 W/MountService(  374): getVolumeState(/mnt/ext_sdcard): Unknown volume
05-20 13:03:08.908 W/MountService(  374): getVolumeState(/mnt/sdcard2): Unknown volume
05-20 13:03:08.931 W/MountService(  374): getVolumeState(/mnt/emmc): Unknown volume
05-20 13:03:09.010 W/MountService(  374): getVolumeState(/mnt/extSdCard): Unknown volume
05-20 13:03:09.017 W/MountService(  374): getVolumeState(/mnt/sdcard/SD_CARD): Unknown volume
05-20 13:03:09.017 W/MountService(  374): getVolumeState(/mnt/sdcard/extra_sd): Unknown volume
05-20 13:03:09.025 W/MountService(  374): getVolumeState(/mnt/extrasd_bind): Unknown volume
05-20 13:03:09.025 W/MountService(  374): getVolumeState(/mnt/sdcard/ext_sd): Unknown volume
05-20 13:03:09.033 W/MountService(  374): getVolumeState(/storage/extSdCard): Unknown volume
05-20 13:03:09.033 W/MountService(  374): getVolumeState(/storage/sdcard1): Unknown volume
05-20 13:03:09.056 W/MountService(  374): getVolumeState(/mnt/sdcard/external_SD): Unknown volume
05-20 13:03:09.072 W/MountService(  374): getVolumeState(/mnt/sdcard/external_sd): Unknown volume
05-20 13:03:10.377 W/MountService(  374): getVolumeState(/storage/emulated/0/external_sd): Unknown volume
05-20 13:03:10.377 W/MountService(  374): getVolumeState(/mnt/sdcard-ext): Unknown volume
05-20 13:03:10.385 W/MountService(  374): getVolumeState(/mnt/ext_sdcard): Unknown volume
05-20 13:03:10.408 W/MountService(  374): getVolumeState(/mnt/sdcard2): Unknown volume
05-20 13:03:10.408 W/MountService(  374): getVolumeState(/mnt/emmc): Unknown volume
05-20 13:03:10.408 W/MountService(  374): getVolumeState(/mnt/extSdCard): Unknown volume
05-20 13:03:10.408 W/MountService(  374): getVolumeState(/mnt/sdcard/SD_CARD): Unknown volume
05-20 13:03:10.478 W/MountService(  374): getVolumeState(/mnt/sdcard/extra_sd): Unknown volume
05-20 13:03:10.478 W/MountService(  374): getVolumeState(/mnt/extrasd_bind): Unknown volume
05-20 13:03:10.478 W/MountService(  374): getVolumeState(/mnt/sdcard/ext_sd): Unknown volume
05-20 13:03:10.478 W/MountService(  374): getVolumeState(/storage/extSdCard): Unknown volume
05-20 13:03:10.486 W/MountService(  374): getVolumeState(/storage/sdcard1): Unknown volume
05-20 13:03:10.510 W/MountService(  374): getVolumeState(/mnt/sdcard/external_SD): Unknown volume
05-20 13:03:10.556 W/MountService(  374): getVolumeState(/mnt/sdcard/external_sd): Unknown volume
05-20 13:03:13.306 I/ActivityManager(  374): Start proc com.pekall.emdm.launcher:remote for service com.pekall.emdm.launcher/com.baidu.location.f: pid=30823 uid=10066 gids={50066, 1015, 3002, 3001, 3003, 1028}
05-20 13:03:13.705 D/ActivityThread(30823): Loading provider com.pekall.semail.provider;com.pekall.semail.notifier: com.pekall.semail.provider.EmailProvider
05-20 13:03:13.846 D/ActivityThread(30823): Loading provider com.pekall.semail.provider;com.pekall.semail.notifier: com.pekall.semail.provider.EmailProvider
05-20 13:03:18.158 W/ActivityManager(  374): Unable to start service Intent { cmp=com.pekall.emdm.launcher/com.pekall.semail.service.AttachmentDownloadService } U=0: not found
05-20 13:03:31.330 I/PowerManagerService(  374): Going to sleep due to screen timeout...
05-20 13:03:31.846 I/PowerManagerService(  374): Waking up from sleep...
05-20 13:03:32.197 W/InputMethodManagerService(  374): Window already focused, ignoring focus gain of: com.android.internal.view.IInputMethodClient$Stub$Proxy@42290e50 attribute=android.view.inputmethod.EditorInfo@42ee2b80, token = android.os.BinderProxy@42774438
05-20 13:03:33.322 W/ActivityManager(  374): Timeout executing service: ServiceRecord{42d711c0 u0 com.pekall.emdm.launcher/com.baidu.location.f}
05-20 13:03:36.635 E/ActivityManager(  374): ANR in com.pekall.emdm.launcher:remote
05-20 13:03:36.635 E/ActivityManager(  374): Reason: Executing service com.pekall.emdm.launcher/com.baidu.location.f
05-20 13:03:36.635 E/ActivityManager(  374): Load: 3.26 / 1.89 / 1.59
05-20 13:03:36.635 E/ActivityManager(  374): CPU usage from 29672ms to 1325ms ago:
05-20 13:03:36.635 E/ActivityManager(  374):   73% 26771/com.pekall.emdm.launcher: 71% user + 1.4% kernel / faults: 9761 minor 14 major
05-20 13:03:36.635 E/ActivityManager(  374):   37% 448/com.android.systemui: 36% user + 0.9% kernel / faults: 3231 minor 5 major
05-20 13:03:36.635 E/ActivityManager(  374):   4.9% 374/system_server: 2.9% user + 1.9% kernel / faults: 832 minor 2 major
05-20 13:03:36.635 E/ActivityManager(  374):   1.5% 135/adbd: 0.2% user + 1.2% kernel / faults: 18 minor
05-20 13:03:36.635 E/ActivityManager(  374):   1.2% 1661/com.qihoo360.mobilesafe:GuardService: 0.9% user + 0.3% kernel / faults: 218 minor
05-20 13:03:36.635 E/ActivityManager(  374):   0.9% 124/surfaceflinger: 0.4% user + 0.4% kernel / faults: 7920 minor
05-20 13:03:36.635 E/ActivityManager(  374):   0.2% 1468/com.qihoo.daemon: 0.1% user + 0% kernel / faults: 1021 minor
05-20 13:03:36.635 E/ActivityManager(  374):   0.3% 30602/kworker/0:1: 0% user + 0.3% kernel
05-20 13:03:36.635 E/ActivityManager(  374):   0.3% 29976/com.dragon.android.pandaspace: 0.3% user + 0% kernel / faults: 295 minor
05-20 13:03:36.635 E/ActivityManager(  374):   0.2% 30759/logcat: 0.1% user + 0.1% kernel / faults: 1 minor
05-20 13:03:36.635 E/ActivityManager(  374):   0.2% 30346/com.qihoo.appstore: 0.1% user + 0.1% kernel / faults: 14 minor
05-20 13:03:36.635 E/ActivityManager(  374):   0.2% 82/mmcqd/0: 0% user + 0.2% kernel
05-20 13:03:36.635 E/ActivityManager(  374):   0.1% 114/jbd2/mmcblk0p12: 0% user + 0.1% kernel
05-20 13:03:36.635 E/ActivityManager(  374):   0.1% 30606/kworker/1:0: 0% user + 0.1% kernel
05-20 13:03:36.635 E/ActivityManager(  374):   0.1% 4648/logcat: 0% user + 0% kernel
05-20 13:03:36.635 E/ActivityManager(  374):   0% 561/com.android.phone: 0% user + 0% kernel / faults: 10 minor
05-20 13:03:36.635 E/ActivityManager(  374):   0% 1615/logcat: 0% user + 0% kernel
05-20 13:03:36.635 E/ActivityManager(  374):   0% 29949/com.dragon.android.pandaspace:bdservice_v1: 0% user + 0% kernel / faults: 128 minor
05-20 13:03:36.635 E/ActivityManager(  374):   0% 30167/com.nd.assistance.ServerService: 0% user + 0% kernel / faults: 32 minor 1 major
05-20 13:03:36.635 E/ActivityManager(  374):   0% 30605/kworker/u:1: 0% user + 0% kernel
05-20 13:03:36.635 E/ActivityManager(  374):   0% 30650/kworker/u:2: 0% user + 0% kernel
05-20 13:03:36.635 E/ActivityManager(  374):   0% 30734/kworker/u:4: 0% user + 0% kernel
05-20 13:03:36.635 E/ActivityManager(  374):   0% 22/cfinteractive: 0% user + 0% kernel
05-20 13:03:36.635 E/ActivityManager(  374):   0% 24/kswapd0: 0% user + 0% kernel
05-20 13:03:36.635 E/ActivityManager(  374):   0% 92/dhd_dpc: 0% user + 0% kernel
05-20 13:03:36.635 E/ActivityManager(  374):   0% 95/ueventd: 0% user + 0% kernel
05-20 13:03:36.635 E/ActivityManager(  374):   0% 121/netd: 0% user + 0% kernel
05-20 13:03:36.635 E/ActivityManager(  374):   0% 133/sdcard: 0% user + 0% kernel
05-20 13:03:36.635 E/ActivityManager(  374):   0% 442/wpa_supplicant: 0% user + 0% kernel
05-20 13:03:36.635 E/ActivityManager(  374):   0% 29907/android.process.media: 0% user + 0% kernel / faults: 14 minor
05-20 13:03:36.635 E/ActivityManager(  374):   0% 29999/com.tencent.android.qqdownloader:connect: 0% user + 0% kernel / faults: 39 minor 1 major
05-20 13:03:36.635 E/ActivityManager(  374):   0% 30190/com.google.android.apps.maps:GoogleLocationService: 0% user + 0% kernel / faults: 83 minor
05-20 13:03:36.635 E/ActivityManager(  374):  +0% 30802/sh: 0% user + 0% kernel
05-20 13:03:36.635 E/ActivityManager(  374):  +0% 30804/uiautomator: 0% user + 0% kernel
05-20 13:03:36.635 E/ActivityManager(  374):  +0% 30823/com.pekall.emdm.launcher:remote: 0% user + 0% kernel
05-20 13:03:36.635 E/ActivityManager(  374): 94% TOTAL: 88% user + 4.9% kernel + 0.3% iowait + 0% softirq
05-20 13:03:36.635 E/ActivityManager(  374): CPU usage from 2525ms to 3065ms later:
05-20 13:03:36.635 E/ActivityManager(  374):   87% 26771/com.pekall.emdm.launcher: 87% user + 0% kernel / faults: 48 minor
05-20 13:03:36.635 E/ActivityManager(  374):     56% 26784/Thread-1176: 56% user + 0% kernel
05-20 13:03:36.635 E/ActivityManager(  374):     32% 26771/l.emdm.launcher: 32% user + 0% kernel
05-20 13:03:36.635 E/ActivityManager(  374):   85% 30823/com.pekall.emdm.launcher:remote: 85% user + 0% kernel
05-20 13:03:36.635 E/ActivityManager(  374):     85% 30837/Thread-1426: 85% user + 0% kernel
05-20 13:03:36.635 E/ActivityManager(  374):   20% 30804/uiautomator: 18% user + 1.8% kernel / faults: 96 minor
05-20 13:03:36.635 E/ActivityManager(  374):     7.2% 30804/uiautomator: 7.2% user + 0% kernel
05-20 13:03:36.635 E/ActivityManager(  374):     3.6% 30809/GC: 3.6% user + 0% kernel
05-20 13:03:36.635 E/ActivityManager(  374):     3.6% 30813/Binder_1: 1.8% user + 1.8% kernel
05-20 13:03:36.635 E/ActivityManager(  374):     3.6% 30814/Binder_2: 3.6% user + 0% kernel
05-20 13:03:36.635 E/ActivityManager(  374):     1.8% 30812/Compiler: 1.8% user + 0% kernel
05-20 13:03:36.635 E/ActivityManager(  374):   7.5% 374/system_server: 3.7% user + 3.7% kernel
05-20 13:03:36.635 E/ActivityManager(  374):     3.7% 390/ActivityManager: 0% user + 3.7% kernel
05-20 13:03:36.635 E/ActivityManager(  374):     1.8% 619/Binder_8: 1.8% user + 0% kernel
05-20 13:03:36.635 E/ActivityManager(  374):     1.8% 634/Binder_B: 1.8% user + 0% kernel
05-20 13:03:36.635 E/ActivityManager(  374):     1.8% 3449/Binder_F: 1.8% user + 0% kernel
05-20 13:03:36.635 E/ActivityManager(  374):   1.8% 135/adbd: 0% user + 1.8% kernel
05-20 13:03:36.635 E/ActivityManager(  374):   1.3% 30650/kworker/u:2: 0% user + 1.3% kernel
05-20 13:03:36.635 E/ActivityManager(  374): 100% TOTAL: 96% user + 3.7% kernel
05-20 13:03:36.642 W/ActivityManager(  374): Killing ProcessRecord{426c8598 30823:com.pekall.emdm.launcher:remote/u0a10066}: background ANR
05-20 13:03:36.642 I/ActivityManager(  374): Process com.pekall.emdm.launcher:remote (pid 30823) has died.
05-20 13:03:36.650 W/ActivityManager(  374): Scheduling restart of crashed service com.pekall.emdm.launcher/com.baidu.location.f in 5000ms
05-20 13:03:36.650 I/WindowManager(  374): No lock screen!
05-20 13:03:41.666 I/ActivityManager(  374): Start proc com.pekall.emdm.launcher:remote for service com.pekall.emdm.launcher/com.baidu.location.f: pid=30871 uid=10066 gids={50066, 1015, 3002, 3001, 3003, 1028}
05-20 13:03:41.924 D/ActivityThread(30871): Loading provider com.pekall.semail.provider;com.pekall.semail.notifier: com.pekall.semail.provider.EmailProvider
05-20 13:03:41.986 D/ActivityThread(30871): Loading provider com.pekall.semail.provider;com.pekall.semail.notifier: com.pekall.semail.provider.EmailProvider
05-20 13:03:44.939 W/ActivityManager(  374): Unable to start service Intent { cmp=com.pekall.emdm.launcher/com.pekall.semail.service.AttachmentDownloadService } U=0: not found
05-20 13:04:01.713 W/ActivityManager(  374): Timeout executing service: ServiceRecord{42d711c0 u0 com.pekall.emdm.launcher/com.baidu.location.f}
05-20 13:04:01.846 I/PowerManagerService(  374): Going to sleep due to screen timeout...
05-20 13:04:05.025 E/ActivityManager(  374): ANR in com.pekall.emdm.launcher:remote
05-20 13:04:05.025 E/ActivityManager(  374): Reason: Executing service com.pekall.emdm.launcher/com.baidu.location.f
05-20 13:04:05.025 E/ActivityManager(  374): Load: 2.84 / 1.9 / 1.6
05-20 13:04:05.025 E/ActivityManager(  374): CPU usage from 9195ms to 0ms ago:
05-20 13:04:05.025 E/ActivityManager(  374):   99% 30871/com.pekall.emdm.launcher:remote: 99% user + 0% kernel
05-20 13:04:05.025 E/ActivityManager(  374):   97% 26771/com.pekall.emdm.launcher: 96% user + 0.1% kernel / faults: 22 minor
05-20 13:04:05.025 E/ActivityManager(  374):   2.1% 374/system_server: 0.8% user + 1.3% kernel / faults: 144 minor
05-20 13:04:05.025 E/ActivityManager(  374):   0.6% 1661/com.qihoo360.mobilesafe:GuardService: 0.3% user + 0.3% kernel / faults: 3 minor
05-20 13:04:05.025 E/ActivityManager(  374):   0.4% 448/com.android.systemui: 0.3% user + 0.1% kernel / faults: 9 minor
05-20 13:04:05.025 E/ActivityManager(  374):   0% 121/netd: 0% user + 0% kernel
05-20 13:04:05.025 E/ActivityManager(  374):   0.1% 124/surfaceflinger: 0.1% user + 0% kernel
05-20 13:04:05.025 E/ActivityManager(  374):   0% 442/wpa_supplicant: 0% user + 0% kernel
05-20 13:04:05.025 E/ActivityManager(  374):   0.1% 30346/com.qihoo.appstore: 0% user + 0.1% kernel / faults: 2 minor
05-20 13:04:05.025 E/ActivityManager(  374): 100% TOTAL: 99% user + 0.9% kernel
05-20 13:04:05.025 E/ActivityManager(  374): CPU usage from 2375ms to 2898ms later:
05-20 13:04:05.025 E/ActivityManager(  374):   98% 30871/com.pekall.emdm.launcher:remote: 98% user + 0% kernel / faults: 1 minor
05-20 13:04:05.025 E/ActivityManager(  374):     98% 30885/Thread-1429: 98% user + 0% kernel
05-20 13:04:05.025 E/ActivityManager(  374):   90% 26771/com.pekall.emdm.launcher: 90% user + 0% kernel
05-20 13:04:05.025 E/ActivityManager(  374):     89% 26784/Thread-1176: 89% user + 0% kernel
05-20 13:04:05.025 E/ActivityManager(  374):   5.6% 374/system_server: 1.8% user + 3.7% kernel / faults: 6 minor
05-20 13:04:05.025 E/ActivityManager(  374):     3.7% 390/ActivityManager: 0% user + 3.7% kernel
05-20 13:04:05.025 E/ActivityManager(  374):     1.8% 386/SensorService: 0% user + 1.8% kernel
05-20 13:04:05.025 E/ActivityManager(  374):     1.8% 389/WindowManager: 1.8% user + 0% kernel
05-20 13:04:05.025 E/ActivityManager(  374):   1.2% 1661/com.qihoo360.mobilesafe:GuardService: 0% user + 1.2% kernel / faults: 1 minor
05-20 13:04:05.025 E/ActivityManager(  374):     1.2% 1661/fe:GuardService: 0% user + 1.2% kernel
05-20 13:04:05.025 E/ActivityManager(  374):  +0% 30901/flush-0:20: 0% user + 0% kernel
05-20 13:04:05.025 E/ActivityManager(  374): 100% TOTAL: 97% user + 2.8% kernel
05-20 13:04:05.033 W/ActivityManager(  374): Killing ProcessRecord{4283e720 30871:com.pekall.emdm.launcher:remote/u0a10066}: background ANR
05-20 13:04:05.299 I/ActivityManager(  374): Process com.pekall.emdm.launcher:remote (pid 30871) has died.
05-20 13:04:05.299 W/ActivityManager(  374): Scheduling restart of crashed service com.pekall.emdm.launcher/com.baidu.location.f in 20000ms
05-20 13:04:05.533 W/BroadcastQueue(  374): Failure sending broadcast Intent { act=android.intent.action.SCREEN_OFF flg=0x50000010 }
05-20 13:04:05.533 W/BroadcastQueue(  374): android.os.DeadObjectException
05-20 13:04:05.533 W/BroadcastQueue(  374): 	at android.os.BinderProxy.transact(Native Method)
05-20 13:04:05.533 W/BroadcastQueue(  374): 	at android.content.IIntentReceiver$Stub$Proxy.performReceive(IIntentReceiver.java:124)
05-20 13:04:05.533 W/BroadcastQueue(  374): 	at com.android.server.am.BroadcastQueue.performReceiveLocked(BroadcastQueue.java:376)
05-20 13:04:05.533 W/BroadcastQueue(  374): 	at com.android.server.am.BroadcastQueue.deliverToRegisteredReceiverLocked(BroadcastQueue.java:449)
05-20 13:04:05.533 W/BroadcastQueue(  374): 	at com.android.server.am.BroadcastQueue.processNextBroadcast(BroadcastQueue.java:656)
05-20 13:04:05.533 W/BroadcastQueue(  374): 	at com.android.server.am.ActivityManagerService.finishReceiver(ActivityManagerService.java:12390)
05-20 13:04:05.533 W/BroadcastQueue(  374): 	at android.app.ActivityManagerNative.onTransact(ActivityManagerNative.java:379)
05-20 13:04:05.533 W/BroadcastQueue(  374): 	at com.android.server.am.ActivityManagerService.onTransact(ActivityManagerService.java:1737)
05-20 13:04:05.533 W/BroadcastQueue(  374): 	at android.os.Binder.execTransact(Binder.java:388)
05-20 13:04:05.533 W/BroadcastQueue(  374): 	at dalvik.system.NativeStart.run(Native Method)
05-20 13:04:08.791 W/MountService(  374): getVolumeState(/storage/emulated/0/external_sd): Unknown volume
05-20 13:04:08.791 W/MountService(  374): getVolumeState(/mnt/sdcard-ext): Unknown volume
05-20 13:04:08.791 W/MountService(  374): getVolumeState(/mnt/ext_sdcard): Unknown volume
05-20 13:04:08.791 W/MountService(  374): getVolumeState(/mnt/sdcard2): Unknown volume
05-20 13:04:08.791 W/MountService(  374): getVolumeState(/mnt/emmc): Unknown volume
05-20 13:04:08.791 W/MountService(  374): getVolumeState(/mnt/extSdCard): Unknown volume
05-20 13:04:08.791 W/MountService(  374): getVolumeState(/mnt/sdcard/SD_CARD): Unknown volume
05-20 13:04:08.799 W/MountService(  374): getVolumeState(/mnt/sdcard/extra_sd): Unknown volume
05-20 13:04:08.799 W/MountService(  374): getVolumeState(/mnt/extrasd_bind): Unknown volume
05-20 13:04:08.799 W/MountService(  374): getVolumeState(/mnt/sdcard/ext_sd): Unknown volume
05-20 13:04:08.799 W/MountService(  374): getVolumeState(/storage/extSdCard): Unknown volume
05-20 13:04:08.799 W/MountService(  374): getVolumeState(/storage/sdcard1): Unknown volume
05-20 13:04:08.799 W/MountService(  374): getVolumeState(/mnt/sdcard/external_SD): Unknown volume
05-20 13:04:08.799 W/MountService(  374): getVolumeState(/mnt/sdcard/external_sd): Unknown volume
05-20 13:04:09.361 D/PhoneStatusBar(  448): disable: < expand icons alerts ticker system_info back home RECENT* clock SEARCH* >
05-20 13:04:09.463 W/MountService(  374): getVolumeState(/storage/emulated/0/external_sd): Unknown volume
05-20 13:04:09.463 W/MountService(  374): getVolumeState(/mnt/sdcard-ext): Unknown volume
05-20 13:04:09.463 W/MountService(  374): getVolumeState(/mnt/ext_sdcard): Unknown volume
05-20 13:04:09.471 W/MountService(  374): getVolumeState(/mnt/sdcard2): Unknown volume
05-20 13:04:09.471 W/MountService(  374): getVolumeState(/mnt/emmc): Unknown volume
05-20 13:04:09.471 W/MountService(  374): getVolumeState(/mnt/extSdCard): Unknown volume
05-20 13:04:09.471 W/MountService(  374): getVolumeState(/mnt/sdcard/SD_CARD): Unknown volume
05-20 13:04:09.471 W/MountService(  374): getVolumeState(/mnt/sdcard/extra_sd): Unknown volume
05-20 13:04:09.471 W/MountService(  374): getVolumeState(/mnt/extrasd_bind): Unknown volume
05-20 13:04:09.471 D/PhoneStatusBar(  448): disable: < expand icons alerts ticker system_info BACK* HOME* RECENT CLOCK* SEARCH >
05-20 13:04:09.471 W/MountService(  374): getVolumeState(/mnt/sdcard/ext_sd): Unknown volume
05-20 13:04:09.471 W/MountService(  374): getVolumeState(/storage/extSdCard): Unknown volume
05-20 13:04:09.471 W/MountService(  374): getVolumeState(/storage/sdcard1): Unknown volume
05-20 13:04:09.478 W/MountService(  374): getVolumeState(/mnt/sdcard/external_SD): Unknown volume
05-20 13:04:09.478 W/MountService(  374): getVolumeState(/mnt/sdcard/external_sd): Unknown volume
05-20 13:04:25.330 I/ActivityManager(  374): Start proc com.pekall.emdm.launcher:remote for service com.pekall.emdm.launcher/com.baidu.location.f: pid=30909 uid=10066 gids={50066, 1015, 3002, 3001, 3003, 1028}
05-20 13:04:25.603 D/ActivityThread(30909): Loading provider com.pekall.semail.provider;com.pekall.semail.notifier: com.pekall.semail.provider.EmailProvider
05-20 13:04:28.174 D/ActivityThread(30909): Loading provider com.pekall.semail.provider;com.pekall.semail.notifier: com.pekall.semail.provider.EmailProvider
05-20 13:04:29.650 W/ActivityManager(  374): Unable to start service Intent { cmp=com.pekall.emdm.launcher/com.pekall.semail.service.AttachmentDownloadService } U=0: not found
05-20 13:04:45.338 W/ActivityManager(  374): Timeout executing service: ServiceRecord{42d711c0 u0 com.pekall.emdm.launcher/com.baidu.location.f}
05-20 13:04:51.135 E/ActivityManager(  374): ANR in com.pekall.emdm.launcher:remote
05-20 13:04:51.135 E/ActivityManager(  374): Reason: Executing service com.pekall.emdm.launcher/com.baidu.location.f
05-20 13:04:51.135 E/ActivityManager(  374): Load: 2.63 / 1.97 / 1.63
05-20 13:04:51.135 E/ActivityManager(  374): CPU usage from 4913ms to -5770ms ago:
05-20 13:04:51.135 E/ActivityManager(  374):   92% 30909/com.pekall.emdm.launcher:remote: 92% user + 0.1% kernel / faults: 116 minor
05-20 13:04:51.135 E/ActivityManager(  374):   91% 26771/com.pekall.emdm.launcher: 91% user + 0% kernel
05-20 13:04:51.135 E/ActivityManager(  374):   12% 374/system_server: 10% user + 1.8% kernel / faults: 337 minor
05-20 13:04:51.135 E/ActivityManager(  374):   1.1% 448/com.android.systemui: 1.1% user + 0% kernel / faults: 24 minor
05-20 13:04:51.135 E/ActivityManager(  374):   0.1% 561/com.android.phone: 0.1% user + 0% kernel / faults: 31 minor
05-20 13:04:51.135 E/ActivityManager(  374):   0% 568/com.android.nfc: 0% user + 0% kernel / faults: 28 minor
05-20 13:04:51.135 E/ActivityManager(  374):   0.1% 30346/com.qihoo.appstore: 0.1% user + 0% kernel / faults: 2 minor
05-20 13:04:51.135 E/ActivityManager(  374):   0% 1468/com.qihoo.daemon: 0% user + 0% kernel / faults: 45 minor
05-20 13:04:51.135 E/ActivityManager(  374):   0% 30167/com.nd.assistance.ServerService: 0% user + 0% kernel / faults: 3 minor
05-20 13:04:51.135 E/ActivityManager(  374): 99% TOTAL: 98% user + 1.1% kernel
05-20 13:04:51.135 E/ActivityManager(  374): CPU usage from 4987ms to 5523ms later:
05-20 13:04:51.135 E/ActivityManager(  374):   98% 30909/com.pekall.emdm.launcher:remote: 98% user + 0% kernel
05-20 13:04:51.135 E/ActivityManager(  374):     96% 30923/Thread-1432: 96% user + 0% kernel
05-20 13:04:51.135 E/ActivityManager(  374):   92% 26771/com.pekall.emdm.launcher: 92% user + 0% kernel
05-20 13:04:51.135 E/ActivityManager(  374):     92% 26784/Thread-1176: 92% user + 0% kernel
05-20 13:04:51.135 E/ActivityManager(  374):   7.4% 374/system_server: 0% user + 7.4% kernel
05-20 13:04:51.135 E/ActivityManager(  374):     7.4% 390/ActivityManager: 0% user + 7.4% kernel
05-20 13:04:51.135 E/ActivityManager(  374): 98% TOTAL: 96% user + 1.9% kernel
05-20 13:04:51.150 W/ActivityManager(  374): Killing ProcessRecord{422aaa50 30909:com.pekall.emdm.launcher:remote/u0a10066}: background ANR
05-20 13:04:51.267 I/ActivityManager(  374): Process com.pekall.emdm.launcher:remote (pid 30909) has died.
05-20 13:04:51.267 W/ActivityManager(  374): Scheduling restart of crashed service com.pekall.emdm.launcher/com.baidu.location.f in 80000ms
05-20 13:05:08.846 W/MountService(  374): getVolumeState(/storage/emulated/0/external_sd): Unknown volume
05-20 13:05:08.853 W/MountService(  374): getVolumeState(/mnt/sdcard-ext): Unknown volume
05-20 13:05:08.853 W/MountService(  374): getVolumeState(/mnt/ext_sdcard): Unknown volume
05-20 13:05:08.853 W/MountService(  374): getVolumeState(/mnt/sdcard2): Unknown volume
05-20 13:05:08.853 W/MountService(  374): getVolumeState(/mnt/emmc): Unknown volume
05-20 13:05:08.853 W/MountService(  374): getVolumeState(/mnt/extSdCard): Unknown volume
05-20 13:05:08.853 W/MountService(  374): getVolumeState(/mnt/sdcard/SD_CARD): Unknown volume
05-20 13:05:08.853 W/MountService(  374): getVolumeState(/mnt/sdcard/extra_sd): Unknown volume
05-20 13:05:08.853 W/MountService(  374): getVolumeState(/mnt/extrasd_bind): Unknown volume
05-20 13:05:08.861 W/MountService(  374): getVolumeState(/mnt/sdcard/ext_sd): Unknown volume
05-20 13:05:08.861 W/MountService(  374): getVolumeState(/storage/extSdCard): Unknown volume
05-20 13:05:08.861 W/MountService(  374): getVolumeState(/storage/sdcard1): Unknown volume
05-20 13:05:08.861 W/MountService(  374): getVolumeState(/mnt/sdcard/external_SD): Unknown volume
05-20 13:05:08.861 W/MountService(  374): getVolumeState(/mnt/sdcard/external_sd): Unknown volume
05-20 13:05:09.174 W/MountService(  374): getVolumeState(/storage/emulated/0/external_sd): Unknown volume
05-20 13:05:09.174 W/MountService(  374): getVolumeState(/mnt/sdcard-ext): Unknown volume
05-20 13:05:09.174 W/MountService(  374): getVolumeState(/mnt/ext_sdcard): Unknown volume
05-20 13:05:09.174 W/MountService(  374): getVolumeState(/mnt/sdcard2): Unknown volume
05-20 13:05:09.174 W/MountService(  374): getVolumeState(/mnt/emmc): Unknown volume
05-20 13:05:09.174 W/MountService(  374): getVolumeState(/mnt/extSdCard): Unknown volume
05-20 13:05:09.174 W/MountService(  374): getVolumeState(/mnt/sdcard/SD_CARD): Unknown volume
05-20 13:05:09.174 W/MountService(  374): getVolumeState(/mnt/sdcard/extra_sd): Unknown volume
05-20 13:05:09.174 W/MountService(  374): getVolumeState(/mnt/extrasd_bind): Unknown volume
05-20 13:05:09.174 W/MountService(  374): getVolumeState(/mnt/sdcard/ext_sd): Unknown volume
05-20 13:05:09.174 W/MountService(  374): getVolumeState(/storage/extSdCard): Unknown volume
05-20 13:05:09.174 W/MountService(  374): getVolumeState(/storage/sdcard1): Unknown volume
05-20 13:05:09.174 W/MountService(  374): getVolumeState(/mnt/sdcard/external_SD): Unknown volume
05-20 13:05:09.181 W/MountService(  374): getVolumeState(/mnt/sdcard/external_sd): Unknown volume
05-20 13:05:43.924 I/ActivityManager(  374): No longer want com.nd.assistance.ServerService (pid 30167): empty for 1806s
05-20 13:05:43.931 W/ActivityManager(  374): Scheduling restart of crashed service com.nd.assistance/.server.ServerService in 5000ms
05-20 13:05:44.642 I/ActivityManager(  374): Start proc com.nd.assistance.ServerService for service com.nd.assistance/.server.ServerService: pid=30956 uid=10068 gids={50068, 3003, 1015, 1006, 1028}
05-20 13:06:08.885 W/MountService(  374): getVolumeState(/storage/emulated/0/external_sd): Unknown volume
05-20 13:06:08.885 W/MountService(  374): getVolumeState(/mnt/sdcard-ext): Unknown volume
05-20 13:06:08.885 W/MountService(  374): getVolumeState(/mnt/ext_sdcard): Unknown volume
