05-20 13:34:36.877 I/WindowManager(  374): Lock screen displayed!
05-20 13:34:37.049 W/Parcel  ( 1661): Attempt to read object from Parcel 0x5ec3bdac at offset 200 that is not in the object list
05-20 13:34:37.049 W/Parcel  ( 1661): Attempt to read object from Parcel 0x5ef3bdac at offset 200 that is not in the object list
05-20 13:34:37.181 V/DigitalWidgetViewsFactory(26417): DigitalWidget sets next alarm string to null
05-20 13:34:37.197 D/PowerManagerService-JNI(  374): Excessive delay in autosuspend_disable() while turning screen on: 347ms
05-20 13:34:37.236 W/Settings( 1661): Setting airplane_mode_on has moved from android.provider.Settings.System to android.provider.Settings.Global, returning read-only value.
05-20 13:34:37.260 W/Parcel  ( 1661): Attempt to read object from Parcel 0x5ef3bdac at offset 200 that is not in the object list
05-20 13:34:37.275 V/WiseDownloadConditionControler(31841): checkCondition  type : WISE_DOWNLOAD  inerrupting: true
05-20 13:34:37.431 D/PowerManagerService-JNI(  374): Excessive delay in setInteractive(true) while turning screen on: 188ms
05-20 13:34:37.447 D/SurfaceFlinger(  124): Screen acquired, type=0 flinger=0x40e95478
05-20 13:34:37.564 D/LightsService(  374): Excessive delay setting light: 106ms
05-20 13:34:37.892 I/QueryController(32102): Matched selector: UiSelector[DESCRIPTION=Slide area., PACKAGE NAME=android] <<==>> [android.view.accessibility.AccessibilityNodeInfo@23ac5b; boundsInParent: Rect(0, 0 - 720, 756); boundsInScreen: Rect(0, 547 - 720, 1303); packageName: android; className: android.view.View; text: null; contentDescription: Slide area.; viewIdResName: android:id/glow_pad_view; checkable: false; checked: false; focusable: false; focused: false; selected: false; clickable: false; longClickable: false; enabled: true; password: false; scrollable: false; [ACTION_SELECT, ACTION_CLEAR_SELECTION, ACTION_ACCESSIBILITY_FOCUS, ACTION_NEXT_AT_MOVEMENT_GRANULARITY, ACTION_PREVIOUS_AT_MOVEMENT_GRANULARITY, ACTION_SET_SELECTION]]
05-20 13:34:37.916 W/GlowPadView(  374): The number of target drawables must be equal to the number of direction descriptions.
05-20 13:34:38.228 V/LauncherApplication(26771): onActivityStarted
05-20 13:34:38.228 D/        (26771): [---null: -1---]     awsa  onActivityResumed
05-20 13:34:38.228 V/LauncherApplication(26771): 2MdmConstant.LAST_LAUNCH_TIME = 1400563712701
05-20 13:34:38.236 D/PhoneStatusBar(  448): disable: < expand icons alerts ticker system_info BACK HOME recent* CLOCK search* >
05-20 13:34:38.244 V/WiseDownloadConditionControler(31841): checkCondition  type : WISE_DOWNLOAD  inerrupting: true
05-20 13:34:38.244 D/        (26771): [---null: -1---]  activity = com.pekall.emdm.launcher.Launcher
05-20 13:34:38.252 W/Parcel  ( 1661): Attempt to read object from Parcel 0x6003bdac at offset 200 that is not in the object list
05-20 13:34:38.252 V/DefultSetContriller(26771): isLauncherDf = com.pekall.emdm.launcher
05-20 13:34:38.260 V/DefultSetContriller(26771): isLauncherDf = com.pekall.emdm.launcher
05-20 13:34:38.260 V/DefultSetContriller(26771): isPhoneDf = com.pekall.emdm.launcher
05-20 13:34:38.260 E/LauncherApplication(26771): isShowLogoutUI = true
05-20 13:34:38.260 E/LauncherApplication(26771): LogoutShowTime 1
05-20 13:34:38.260 V/Launcher(26771): onResume1111111 
05-20 13:34:38.260 V/Launcher(26771): is login ----> 
05-20 13:34:38.267 I/System.out(26771):  
05-20 13:34:38.267 I/System.out(26771): com.pekall.emdm.launcher.Workspace.setWallpaper(Unknown Source)
05-20 13:34:38.267 I/System.out(26771): com.pekall.emdm.launcher.Launcher.onResume(Unknown Source)
05-20 13:34:38.267 I/System.out(26771): android.app.Instrumentation.callActivityOnResume(Instrumentation.java:1192)
05-20 13:34:38.267 I/System.out(26771): android.app.Activity.performResume(Activity.java:5211)
05-20 13:34:38.267 I/System.out(26771): android.app.ActivityThread.performResumeActivity(ActivityThread.java:2780)
05-20 13:34:38.267 I/System.out(26771): android.app.ActivityThread.handleResumeActivity(ActivityThread.java:2819)
05-20 13:34:38.267 I/System.out(26771): android.app.ActivityThread$H.handleMessage(ActivityThread.java:1298)
05-20 13:34:38.267 I/System.out(26771): android.os.Handler.dispatchMessage(Handler.java:99)
05-20 13:34:38.267 I/System.out(26771): android.os.Looper.loop(Looper.java:137)
05-20 13:34:38.267 I/System.out(26771): android.app.ActivityThread.main(ActivityThread.java:5103)
05-20 13:34:38.267 I/System.out(26771): java.lang.reflect.Method.invokeNative(Native Method)
05-20 13:34:38.267 I/System.out(26771): java.lang.reflect.Method.invoke(Method.java:525)
05-20 13:34:38.267 I/System.out(26771): com.android.internal.os.ZygoteInit$MethodAndArgsCaller.run(ZygoteInit.java:737)
05-20 13:34:38.267 I/System.out(26771): com.android.internal.os.ZygoteInit.main(ZygoteInit.java:553)
05-20 13:34:38.267 I/System.out(26771): dalvik.system.NativeStart.main(Native Method)
05-20 13:34:38.275 D/NfcService(  568): NFC-C ON
05-20 13:34:38.291 I/uninstall(31841): SelfUninstallManager -> initUninstallTask
05-20 13:34:38.291 I/uninstall(31841): initUninstallTask init is running, return
05-20 13:34:38.314 W/Parcel  ( 1661): Attempt to read object from Parcel 0x5ef3bdac at offset 200 that is not in the object list
05-20 13:34:38.322 D/PhoneStatusBar(  448): disable: < expand icons alerts ticker system_info back* home* recent clock* search >
05-20 13:34:38.517 D/dalvikvm(26771): JIT unchain all for threadid=11
05-20 13:34:38.619 D/dalvikvm(26771): GC_FOR_ALLOC freed 6209K, 16% free 54622K/64940K, paused 344ms, total 344ms
05-20 13:34:38.627 I/dalvikvm-heap(26771): Grow heap (frag case) to 56.701MB for 3415696-byte allocation
05-20 13:34:38.744 V/TAG     (  374): bug 7643792: fitSystemWindows([0,50][0,0])
05-20 13:34:38.744 E/QueryController(32102): Got null root node from accessibility - Retrying...
05-20 13:34:38.885 D/dalvikvm(26771): JIT unchain all for threadid=11
05-20 13:34:38.939 D/dalvikvm(26771): GC_FOR_ALLOC freed 15K, 16% free 57942K/68276K, paused 311ms, total 311ms
05-20 13:34:38.994 E/QueryController(32102): Got null root node from accessibility - Retrying...
05-20 13:34:39.025 I/Choreographer(26771): Skipped 44 frames!  The application may be doing too much work on its main thread.
05-20 13:34:39.072 W/InputMethodManagerService(  374): Window already focused, ignoring focus gain of: com.android.internal.view.IInputMethodClient$Stub$Proxy@42f94728 attribute=null, token = android.os.BinderProxy@42d5a578
05-20 13:34:39.674 I/QueryController(32102): Matched selector: UiSelector[PACKAGE NAME=com.pekall.emdm.launcher] <<==>> [android.view.accessibility.AccessibilityNodeInfo@8b8b0; boundsInParent: Rect(0, 0 - 720, 1184); boundsInScreen: Rect(0, 0 - 720, 1184); packageName: com.pekall.emdm.launcher; className: android.widget.FrameLayout; text: null; contentDescription: null; viewIdResName: null; checkable: false; checked: false; focusable: false; focused: false; selected: false; clickable: false; longClickable: false; enabled: true; password: false; scrollable: false; [ACTION_SELECT, ACTION_CLEAR_SELECTION, ACTION_ACCESSIBILITY_FOCUS]]
05-20 13:34:39.697 I/QueryController(32102): Matched selector: UiSelector[TEXT=Personal Mode, CLASS=android.widget.TextView, PACKAGE NAME=com.pekall.emdm.launcher] <<==>> [android.view.accessibility.AccessibilityNodeInfo@91e0b; boundsInParent: Rect(0, 0 - 160, 200); boundsInScreen: Rect(190, 608 - 350, 808); packageName: com.pekall.emdm.launcher; className: android.widget.TextView; text: Personal Mode; contentDescription: null; viewIdResName: null; checkable: false; checked: false; focusable: false; focused: false; selected: false; clickable: true; longClickable: true; enabled: true; password: false; scrollable: false; [ACTION_SELECT, ACTION_CLEAR_SELECTION, ACTION_CLICK, ACTION_LONG_CLICK, ACTION_ACCESSIBILITY_FOCUS, ACTION_NEXT_AT_MOVEMENT_GRANULARITY, ACTION_PREVIOUS_AT_MOVEMENT_GRANULARITY, ACTION_SET_SELECTION]]
05-20 13:34:39.713 I/QueryController(32102): Matched selector: UiSelector[TEXT=Personal Mode, CLASS=android.widget.TextView, PACKAGE NAME=com.pekall.emdm.launcher] <<==>> [android.view.accessibility.AccessibilityNodeInfo@91e0b; boundsInParent: Rect(0, 0 - 160, 200); boundsInScreen: Rect(190, 608 - 350, 808); packageName: com.pekall.emdm.launcher; className: android.widget.TextView; text: Personal Mode; contentDescription: null; viewIdResName: null; checkable: false; checked: false; focusable: false; focused: false; selected: false; clickable: true; longClickable: true; enabled: true; password: false; scrollable: false; [ACTION_SELECT, ACTION_CLEAR_SELECTION, ACTION_CLICK, ACTION_LONG_CLICK, ACTION_ACCESSIBILITY_FOCUS, ACTION_NEXT_AT_MOVEMENT_GRANULARITY, ACTION_PREVIOUS_AT_MOVEMENT_GRANULARITY, ACTION_SET_SELECTION]]
05-20 13:34:39.721 I/AndroidRuntime(32102): VM exiting with result code 0.
05-20 13:34:39.721 I/Email   (26593): ReconcilePopImapAccountsSync: start
05-20 13:34:39.752 W/Email   (26593): Received BYE
05-20 13:34:39.752 I/Email   (26593): ReconcilePopImapAccountsSync: done
05-20 13:34:39.963 D/dalvikvm(26593): GC_CONCURRENT freed 359K, 4% free 9608K/10008K, paused 6ms+3ms, total 32ms
05-20 13:34:39.986 W/MountService(  374): getVolumeState(/storage/emulated/0/external_sd): Unknown volume
05-20 13:34:39.994 W/MountService(  374): getVolumeState(/mnt/sdcard-ext): Unknown volume
05-20 13:34:39.994 W/MountService(  374): getVolumeState(/mnt/ext_sdcard): Unknown volume
05-20 13:34:39.994 W/MountService(  374): getVolumeState(/mnt/sdcard2): Unknown volume
05-20 13:34:39.994 W/MountService(  374): getVolumeState(/mnt/emmc): Unknown volume
05-20 13:34:39.994 W/MountService(  374): getVolumeState(/mnt/extSdCard): Unknown volume
05-20 13:34:39.994 W/MountService(  374): getVolumeState(/mnt/sdcard/SD_CARD): Unknown volume
05-20 13:34:40.002 W/MountService(  374): getVolumeState(/mnt/sdcard/extra_sd): Unknown volume
05-20 13:34:40.002 W/MountService(  374): getVolumeState(/mnt/extrasd_bind): Unknown volume
05-20 13:34:40.002 W/MountService(  374): getVolumeState(/mnt/sdcard/ext_sd): Unknown volume
05-20 13:34:40.025 D/dalvikvm( 1468): GC_CONCURRENT freed 564K, 21% free 9622K/12104K, paused 7ms+5ms, total 48ms
05-20 13:34:40.025 D/dalvikvm( 1468): WAIT_FOR_CONCURRENT_GC blocked 11ms
05-20 13:34:40.025 W/MountService(  374): getVolumeState(/storage/extSdCard): Unknown volume
05-20 13:34:40.025 W/MountService(  374): getVolumeState(/storage/sdcard1): Unknown volume
05-20 13:34:40.033 W/MountService(  374): getVolumeState(/mnt/sdcard/external_SD): Unknown volume
05-20 13:34:40.033 W/MountService(  374): getVolumeState(/mnt/sdcard/external_sd): Unknown volume
05-20 13:34:40.150 D/Email   (26593): *** synchronizeMailboxGeneric ***
05-20 13:34:40.291 D/dalvikvm( 1468): GC_CONCURRENT freed 470K, 21% free 9653K/12104K, paused 14ms+3ms, total 45ms
05-20 13:34:40.291 D/dalvikvm( 1468): WAIT_FOR_CONCURRENT_GC blocked 16ms
05-20 13:34:40.291 D/dalvikvm( 1468): WAIT_FOR_CONCURRENT_GC blocked 15ms
05-20 13:34:40.299 W/MountService(  374): getVolumeState(/storage/emulated/0/external_sd): Unknown volume
05-20 13:34:40.299 W/MountService(  374): getVolumeState(/mnt/sdcard-ext): Unknown volume
05-20 13:34:40.299 W/MountService(  374): getVolumeState(/mnt/ext_sdcard): Unknown volume
05-20 13:34:40.299 W/MountService(  374): getVolumeState(/mnt/sdcard2): Unknown volume
05-20 13:34:40.306 W/MountService(  374): getVolumeState(/mnt/emmc): Unknown volume
05-20 13:34:40.306 W/MountService(  374): getVolumeState(/mnt/extSdCard): Unknown volume
05-20 13:34:40.306 W/MountService(  374): getVolumeState(/mnt/sdcard/SD_CARD): Unknown volume
05-20 13:34:40.306 W/MountService(  374): getVolumeState(/mnt/sdcard/extra_sd): Unknown volume
05-20 13:34:40.306 W/MountService(  374): getVolumeState(/mnt/extrasd_bind): Unknown volume
05-20 13:34:40.306 W/MountService(  374): getVolumeState(/mnt/sdcard/ext_sd): Unknown volume
05-20 13:34:40.306 W/MountService(  374): getVolumeState(/storage/extSdCard): Unknown volume
05-20 13:34:40.306 W/MountService(  374): getVolumeState(/storage/sdcard1): Unknown volume
05-20 13:34:40.306 W/MountService(  374): getVolumeState(/mnt/sdcard/external_SD): Unknown volume
05-20 13:34:40.306 W/MountService(  374): getVolumeState(/mnt/sdcard/external_sd): Unknown volume
05-20 13:34:40.400 D/dalvikvm( 1468): GC_CONCURRENT freed 435K, 21% free 9627K/12104K, paused 4ms+3ms, total 21ms
05-20 13:34:41.392 D/AndroidRuntime(32130): 
05-20 13:34:41.392 D/AndroidRuntime(32130): >>>>>> AndroidRuntime START com.android.internal.os.RuntimeInit <<<<<<
05-20 13:34:41.392 D/AndroidRuntime(32130): CheckJNI is OFF
05-20 13:34:41.400 D/dalvikvm(32130): Trying to load lib libjavacore.so 0x0
05-20 13:34:41.408 D/dalvikvm(32130): Added shared lib libjavacore.so 0x0
05-20 13:34:41.416 D/dalvikvm(32130): Trying to load lib libnativehelper.so 0x0
05-20 13:34:41.416 D/dalvikvm(32130): Added shared lib libnativehelper.so 0x0
05-20 13:34:41.556 D/AndroidRuntime(32130): Calling main entry com.android.commands.uiautomator.Launcher
05-20 13:34:41.588 D/dalvikvm(32130): Note: class Landroid/app/ActivityManagerNative; has 163 unimplemented (abstract) methods
05-20 13:34:42.189 V/PanelView(  448): animationTick called with dtms=0; nothing to do (h=0.0 v=4000.0)
05-20 13:34:45.635 D/dalvikvm(  448): GC_CONCURRENT freed 1860K, 17% free 13403K/16128K, paused 3ms+5ms, total 44ms
05-20 13:34:46.088 D/dalvikvm(32130): GC_FOR_ALLOC freed 7448K, 91% free 742K/8192K, paused 37ms, total 37ms
05-20 13:34:46.158 D/dalvikvm(32130): GC_CONCURRENT freed 471K, 92% free 710K/8192K, paused 0ms+0ms, total 5ms
05-20 13:34:46.244 D/dalvikvm(32130): GC_CONCURRENT freed 363K, 91% free 746K/8192K, paused 0ms+0ms, total 5ms
05-20 13:34:46.322 D/dalvikvm(32130): GC_CONCURRENT freed 462K, 92% free 731K/8192K, paused 1ms+0ms, total 6ms
05-20 13:34:46.408 D/dalvikvm(32130): GC_CONCURRENT freed 384K, 92% free 730K/8192K, paused 2ms+1ms, total 6ms
05-20 13:34:46.478 D/dalvikvm(32130): GC_CONCURRENT freed 461K, 92% free 732K/8192K, paused 0ms+1ms, total 6ms
05-20 13:34:46.564 D/dalvikvm(32130): GC_CONCURRENT freed 385K, 92% free 731K/8192K, paused 1ms+1ms, total 6ms
05-20 13:34:46.635 D/dalvikvm(32130): GC_CONCURRENT freed 461K, 92% free 733K/8192K, paused 1ms+1ms, total 6ms
05-20 13:34:46.721 D/dalvikvm(32130): GC_CONCURRENT freed 462K, 91% free 738K/8192K, paused 1ms+1ms, total 7ms
05-20 13:34:46.814 D/dalvikvm(32130): GC_CONCURRENT freed 465K, 91% free 739K/8192K, paused 1ms+2ms, total 7ms
05-20 13:34:46.885 D/dalvikvm(32130): GC_CONCURRENT freed 423K, 92% free 712K/8192K, paused 0ms+1ms, total 5ms
05-20 13:34:46.963 D/dalvikvm(32130): GC_CONCURRENT freed 441K, 91% free 737K/8192K, paused 1ms+1ms, total 7ms
05-20 13:34:47.049 D/dalvikvm(32130): GC_CONCURRENT freed 456K, 91% free 741K/8192K, paused 0ms+2ms, total 7ms
05-20 13:34:47.119 D/dalvikvm(32130): GC_CONCURRENT freed 430K, 92% free 715K/8192K, paused 1ms+1ms, total 7ms
05-20 13:34:47.213 D/dalvikvm(32130): GC_CONCURRENT freed 439K, 91% free 738K/8192K, paused 1ms+2ms, total 7ms
05-20 13:34:47.283 D/dalvikvm(32130): GC_CONCURRENT freed 411K, 92% free 710K/8192K, paused 2ms+0ms, total 6ms
05-20 13:34:47.377 D/dalvikvm(32130): GC_CONCURRENT freed 440K, 91% free 738K/8192K, paused 0ms+2ms, total 7ms
05-20 13:34:47.463 D/dalvikvm(32130): GC_CONCURRENT freed 465K, 92% free 736K/8192K, paused 1ms+1ms, total 7ms
05-20 13:34:47.525 D/dalvikvm(32130): GC_CONCURRENT freed 422K, 92% free 714K/8192K, paused 0ms+1ms, total 6ms
05-20 13:34:47.611 D/dalvikvm(32130): GC_CONCURRENT freed 366K, 92% free 735K/8192K, paused 1ms+1ms, total 6ms
05-20 13:34:47.681 D/dalvikvm(32130): GC_CONCURRENT freed 461K, 92% free 732K/8192K, paused 0ms+2ms, total 7ms
05-20 13:34:47.775 D/dalvikvm(32130): GC_CONCURRENT freed 458K, 91% free 739K/8192K, paused 0ms+2ms, total 7ms
05-20 13:34:47.885 D/dalvikvm(32130): GC_CONCURRENT freed 455K, 91% free 744K/8192K, paused 0ms+2ms, total 6ms
05-20 13:34:47.947 D/dalvikvm(32130): GC_CONCURRENT freed 433K, 92% free 717K/8192K, paused 0ms+1ms, total 5ms
05-20 13:34:48.033 D/dalvikvm(32130): GC_CONCURRENT freed 369K, 92% free 731K/8192K, paused 2ms+1ms, total 6ms
05-20 13:34:48.103 D/dalvikvm(32130): GC_CONCURRENT freed 461K, 92% free 733K/8192K, paused 1ms+0ms, total 8ms
05-20 13:34:48.189 D/dalvikvm(32130): GC_CONCURRENT freed 385K, 91% free 746K/8192K, paused 1ms+0ms, total 6ms
05-20 13:34:48.260 D/dalvikvm(32130): GC_CONCURRENT freed 483K, 92% free 710K/8192K, paused 0ms+0ms, total 5ms
05-20 13:34:48.346 D/dalvikvm(32130): GC_CONCURRENT freed 364K, 92% free 730K/8192K, paused 2ms+0ms, total 7ms
05-20 13:34:48.377 D/dalvikvm(  448): GC_CONCURRENT freed 1552K, 18% free 13238K/16128K, paused 2ms+7ms, total 54ms
05-20 13:34:48.431 D/dalvikvm(32130): GC_CONCURRENT freed 462K, 92% free 731K/8192K, paused 1ms+0ms, total 6ms
05-20 13:34:48.517 D/dalvikvm(32130): GC_CONCURRENT freed 384K, 92% free 730K/8192K, paused 2ms+1ms, total 6ms
05-20 13:34:48.588 D/dalvikvm(32130): GC_CONCURRENT freed 462K, 92% free 731K/8192K, paused 2ms+0ms, total 7ms
05-20 13:34:48.674 D/dalvikvm(32130): GC_CONCURRENT freed 384K, 92% free 730K/8192K, paused 1ms+0ms, total 6ms
05-20 13:34:48.744 D/dalvikvm(32130): GC_CONCURRENT freed 462K, 92% free 731K/8192K, paused 2ms+0ms, total 7ms
05-20 13:34:48.830 D/dalvikvm(32130): GC_CONCURRENT freed 384K, 92% free 731K/8192K, paused 1ms+1ms, total 6ms
05-20 13:34:48.900 D/dalvikvm(32130): GC_CONCURRENT freed 462K, 92% free 731K/8192K, paused 1ms+0ms, total 6ms
05-20 13:34:48.986 D/dalvikvm(32130): GC_CONCURRENT freed 384K, 92% free 731K/8192K, paused 2ms+0ms, total 7ms
05-20 13:34:49.056 D/dalvikvm(32130): GC_CONCURRENT freed 483K, 92% free 710K/8192K, paused 1ms+1ms, total 6ms
05-20 13:34:49.142 D/dalvikvm(32130): GC_CONCURRENT freed 364K, 91% free 746K/8192K, paused 0ms+1ms, total 5ms
05-20 13:34:49.213 D/dalvikvm(32130): GC_CONCURRENT freed 462K, 92% free 731K/8192K, paused 1ms+1ms, total 6ms
05-20 13:34:49.299 D/dalvikvm(32130): GC_CONCURRENT freed 384K, 92% free 731K/8192K, paused 2ms+0ms, total 7ms
05-20 13:34:49.369 D/dalvikvm(32130): GC_CONCURRENT freed 483K, 92% free 710K/8192K, paused 0ms+0ms, total 5ms
05-20 13:34:49.447 D/dalvikvm(32130): GC_CONCURRENT freed 364K, 91% free 746K/8192K, paused 1ms+1ms, total 5ms
05-20 13:34:49.517 D/dalvikvm(32130): GC_CONCURRENT freed 462K, 92% free 731K/8192K, paused 2ms+0ms, total 7ms
05-20 13:34:49.603 D/dalvikvm(32130): GC_CONCURRENT freed 384K, 92% free 731K/8192K, paused 1ms+1ms, total 6ms
05-20 13:34:49.674 D/dalvikvm(32130): GC_CONCURRENT freed 483K, 92% free 711K/8192K, paused 0ms+1ms, total 5ms
05-20 13:34:49.752 D/dalvikvm(32130): GC_CONCURRENT freed 364K, 91% free 746K/8192K, paused 1ms+0ms, total 6ms
05-20 13:34:49.830 D/dalvikvm(32130): GC_CONCURRENT freed 462K, 92% free 731K/8192K, paused 1ms+0ms, total 6ms
05-20 13:34:49.908 D/dalvikvm(32130): GC_CONCURRENT freed 384K, 92% free 731K/8192K, paused 1ms+1ms, total 6ms
05-20 13:34:49.978 D/dalvikvm(32130): GC_CONCURRENT freed 482K, 92% free 710K/8192K, paused 0ms+1ms, total 6ms
05-20 13:34:50.064 D/dalvikvm(32130): GC_CONCURRENT freed 364K, 91% free 746K/8192K, paused 0ms+1ms, total 5ms
05-20 13:34:50.135 D/dalvikvm(32130): GC_CONCURRENT freed 462K, 92% free 731K/8192K, paused 2ms+1ms, total 7ms
05-20 13:34:50.221 D/dalvikvm(32130): GC_CONCURRENT freed 384K, 92% free 731K/8192K, paused 1ms+1ms, total 6ms
05-20 13:34:50.299 D/dalvikvm(32130): GC_CONCURRENT freed 462K, 92% free 732K/8192K, paused 1ms+2ms, total 13ms
05-20 13:34:50.385 D/dalvikvm(32130): GC_CONCURRENT freed 384K, 92% free 731K/8192K, paused 1ms+1ms, total 7ms
05-20 13:34:50.455 D/dalvikvm(32130): GC_CONCURRENT freed 462K, 92% free 731K/8192K, paused 2ms+0ms, total 7ms
05-20 13:34:50.549 D/dalvikvm(32130): GC_CONCURRENT freed 384K, 92% free 731K/8192K, paused 1ms+1ms, total 7ms
05-20 13:34:50.627 D/dalvikvm(32130): GC_CONCURRENT freed 440K, 92% free 737K/8192K, paused 2ms+0ms, total 9ms
05-20 13:34:50.775 D/dalvikvm(32130): GC_CONCURRENT freed 505K, 92% free 732K/8192K, paused 1ms+1ms, total 11ms
05-20 13:34:50.861 D/dalvikvm(32130): GC_CONCURRENT freed 470K, 91% free 746K/8192K, paused 0ms+0ms, total 9ms
05-20 13:34:50.971 D/dalvikvm(32130): GC_CONCURRENT freed 397K, 92% free 732K/8192K, paused 2ms+0ms, total 7ms
05-20 13:34:51.002 D/dalvikvm(  448): GC_CONCURRENT freed 1315K, 18% free 13254K/16128K, paused 3ms+11ms, total 69ms
05-20 13:34:51.056 D/dalvikvm(32130): GC_CONCURRENT freed 461K, 92% free 733K/8192K, paused 1ms+0ms, total 7ms
05-20 13:34:51.611 D/dalvikvm(32130): GC_CONCURRENT freed 454K, 92% free 728K/8192K, paused 0ms+2ms, total 7ms
05-20 13:34:51.697 D/dalvikvm(32130): GC_CONCURRENT freed 449K, 91% free 737K/8192K, paused 0ms+2ms, total 7ms
05-20 13:34:51.760 D/dalvikvm(32130): GC_CONCURRENT freed 407K, 92% free 735K/8192K, paused 2ms+1ms, total 7ms
05-20 13:34:51.846 D/dalvikvm(32130): GC_CONCURRENT freed 454K, 91% free 738K/8192K, paused 0ms+2ms, total 7ms
05-20 13:34:51.916 D/dalvikvm(32130): GC_CONCURRENT freed 394K, 92% free 733K/8192K, paused 2ms+1ms, total 7ms
05-20 13:34:52.010 D/dalvikvm(32130): GC_CONCURRENT freed 448K, 91% free 740K/8192K, paused 0ms+2ms, total 7ms
05-20 13:34:52.080 D/dalvikvm(32130): GC_CONCURRENT freed 398K, 92% free 734K/8192K, paused 0ms+1ms, total 5ms
05-20 13:34:52.158 D/dalvikvm(32130): GC_CONCURRENT freed 460K, 91% free 740K/8192K, paused 0ms+2ms, total 6ms
05-20 13:34:52.244 D/dalvikvm(32130): GC_CONCURRENT freed 455K, 91% free 740K/8192K, paused 0ms+2ms, total 7ms
05-20 13:34:52.314 D/dalvikvm(32130): GC_CONCURRENT freed 412K, 91% free 737K/8192K, paused 1ms+0ms, total 7ms
05-20 13:34:52.400 D/dalvikvm(32130): GC_CONCURRENT freed 466K, 91% free 739K/8192K, paused 1ms+1ms, total 7ms
05-20 13:34:52.478 D/dalvikvm(32130): GC_CONCURRENT freed 456K, 91% free 740K/8192K, paused 1ms+2ms, total 7ms
05-20 13:34:52.564 D/dalvikvm(32130): GC_CONCURRENT freed 428K, 92% free 717K/8192K, paused 0ms+1ms, total 5ms
05-20 13:34:52.642 D/dalvikvm(32130): GC_CONCURRENT freed 443K, 91% free 741K/8192K, paused 0ms+1ms, total 6ms
05-20 13:34:52.728 D/dalvikvm(32130): GC_CONCURRENT freed 451K, 91% free 745K/8192K, paused 0ms+2ms, total 6ms
05-20 13:34:52.799 D/dalvikvm(32130): GC_CONCURRENT freed 419K, 92% free 735K/8192K, paused 1ms+1ms, total 7ms
05-20 13:34:52.877 D/dalvikvm(32130): GC_CONCURRENT freed 387K, 92% free 732K/8192K, paused 2ms+1ms, total 6ms
05-20 13:34:52.963 D/dalvikvm(32130): GC_CONCURRENT freed 462K, 92% free 732K/8192K, paused 1ms+0ms, total 7ms
05-20 13:34:53.056 D/dalvikvm(32130): GC_CONCURRENT freed 384K, 92% free 732K/8192K, paused 1ms+1ms, total 6ms
05-20 13:34:53.181 D/dalvikvm(32130): GC_CONCURRENT freed 417K, 92% free 711K/8192K, paused 1ms+1ms, total 6ms
05-20 13:34:53.658 D/dalvikvm(32130): GC_CONCURRENT freed 363K, 92% free 732K/8192K, paused 2ms+0ms, total 6ms
05-20 13:34:53.728 D/dalvikvm(32130): GC_CONCURRENT freed 462K, 92% free 732K/8192K, paused 1ms+1ms, total 7ms
05-20 13:34:53.814 D/dalvikvm(32130): GC_CONCURRENT freed 385K, 92% free 731K/8192K, paused 2ms+0ms, total 7ms
05-20 13:34:53.892 D/dalvikvm(32130): GC_CONCURRENT freed 462K, 92% free 732K/8192K, paused 2ms+0ms, total 7ms
05-20 13:34:53.978 D/dalvikvm(32130): GC_CONCURRENT freed 384K, 92% free 731K/8192K, paused 2ms+0ms, total 7ms
05-20 13:34:54.056 D/dalvikvm(32130): GC_CONCURRENT freed 462K, 92% free 732K/8192K, paused 1ms+1ms, total 7ms
05-20 13:34:54.142 D/dalvikvm(32130): GC_CONCURRENT freed 384K, 92% free 731K/8192K, paused 1ms+1ms, total 6ms
05-20 13:34:54.213 D/dalvikvm(32130): GC_CONCURRENT freed 462K, 92% free 732K/8192K, paused 1ms+0ms, total 7ms
05-20 13:34:54.299 D/dalvikvm(32130): GC_CONCURRENT freed 384K, 92% free 731K/8192K, paused 2ms+1ms, total 6ms
05-20 13:34:54.392 D/dalvikvm(  448): GC_CONCURRENT freed 1346K, 18% free 13246K/16128K, paused 2ms+4ms, total 61ms
05-20 13:34:54.400 D/dalvikvm(32130): GC_CONCURRENT freed 462K, 92% free 732K/8192K, paused 2ms+1ms, total 7ms
05-20 13:34:54.486 D/dalvikvm(32130): GC_CONCURRENT freed 384K, 92% free 731K/8192K, paused 1ms+1ms, total 6ms
05-20 13:34:54.556 D/dalvikvm(32130): GC_CONCURRENT freed 462K, 92% free 732K/8192K, paused 2ms+1ms, total 7ms
05-20 13:34:54.642 D/dalvikvm(32130): GC_CONCURRENT freed 384K, 92% free 731K/8192K, paused 1ms+1ms, total 6ms
05-20 13:34:54.713 D/dalvikvm(32130): GC_CONCURRENT freed 462K, 92% free 732K/8192K, paused 1ms+1ms, total 6ms
05-20 13:34:54.799 D/dalvikvm(32130): GC_CONCURRENT freed 384K, 92% free 731K/8192K, paused 1ms+1ms, total 6ms
05-20 13:34:54.877 D/dalvikvm(32130): GC_CONCURRENT freed 462K, 92% free 733K/8192K, paused 1ms+0ms, total 7ms
05-20 13:34:54.963 D/dalvikvm(32130): GC_CONCURRENT freed 384K, 92% free 732K/8192K, paused 2ms+1ms, total 7ms
05-20 13:34:55.033 D/dalvikvm(32130): GC_CONCURRENT freed 462K, 92% free 732K/8192K, paused 1ms+1ms, total 7ms
05-20 13:34:55.119 D/dalvikvm(32130): GC_CONCURRENT freed 384K, 92% free 731K/8192K, paused 1ms+1ms, total 6ms
05-20 13:34:55.189 D/dalvikvm(32130): GC_CONCURRENT freed 483K, 92% free 711K/8192K, paused 2ms+1ms, total 7ms
05-20 13:34:55.275 D/dalvikvm(32130): GC_CONCURRENT freed 363K, 92% free 731K/8192K, paused 2ms+1ms, total 6ms
05-20 13:34:55.346 D/dalvikvm(32130): GC_CONCURRENT freed 462K, 92% free 732K/8192K, paused 1ms+1ms, total 6ms
05-20 13:34:55.431 D/dalvikvm(32130): GC_CONCURRENT freed 384K, 92% free 732K/8192K, paused 1ms+1ms, total 6ms
05-20 13:34:55.517 D/dalvikvm(32130): GC_CONCURRENT freed 462K, 92% free 732K/8192K, paused 1ms+1ms, total 6ms
05-20 13:34:55.619 D/dalvikvm(32130): GC_CONCURRENT freed 384K, 91% free 747K/8192K, paused 1ms+1ms, total 6ms
05-20 13:34:55.689 D/dalvikvm(32130): GC_CONCURRENT freed 483K, 92% free 711K/8192K, paused 0ms+1ms, total 5ms
05-20 13:34:55.775 D/dalvikvm(32130): GC_CONCURRENT freed 364K, 91% free 747K/8192K, paused 0ms+0ms, total 5ms
05-20 13:34:55.846 D/dalvikvm(32130): GC_CONCURRENT freed 483K, 92% free 711K/8192K, paused 1ms+1ms, total 6ms
05-20 13:34:55.931 D/dalvikvm(32130): GC_CONCURRENT freed 364K, 92% free 731K/8192K, paused 1ms+1ms, total 6ms
05-20 13:34:56.002 D/dalvikvm(32130): GC_CONCURRENT freed 462K, 92% free 732K/8192K, paused 1ms+0ms, total 6ms
05-20 13:34:56.088 D/dalvikvm(32130): GC_CONCURRENT freed 384K, 91% free 747K/8192K, paused 0ms+1ms, total 5ms
05-20 13:34:56.174 D/dalvikvm(32130): GC_CONCURRENT freed 419K, 92% free 712K/8192K, paused 1ms+1ms, total 6ms
05-20 13:34:56.267 D/dalvikvm(32130): GC_CONCURRENT freed 427K, 92% free 711K/8192K, paused 0ms+0ms, total 5ms
05-20 13:34:56.353 D/dalvikvm(32130): GC_CONCURRENT freed 364K, 91% free 747K/8192K, paused 0ms+1ms, total 5ms
05-20 13:34:56.424 D/dalvikvm(32130): GC_CONCURRENT freed 462K, 92% free 732K/8192K, paused 2ms+0ms, total 7ms
05-20 13:34:56.510 D/dalvikvm(32130): GC_CONCURRENT freed 384K, 91% free 747K/8192K, paused 1ms+0ms, total 6ms
05-20 13:34:56.580 D/dalvikvm(32130): GC_CONCURRENT freed 483K, 92% free 711K/8192K, paused 1ms+1ms, total 6ms
05-20 13:34:56.681 D/dalvikvm(32130): GC_CONCURRENT freed 364K, 92% free 731K/8192K, paused 1ms+0ms, total 6ms
05-20 13:34:56.760 D/dalvikvm(32130): GC_CONCURRENT freed 451K, 91% free 738K/8192K, paused 0ms+2ms, total 7ms
05-20 13:34:56.869 D/dalvikvm(32130): GC_CONCURRENT freed 395K, 92% free 727K/8192K, paused 2ms+0ms, total 7ms
05-20 13:34:56.939 D/dalvikvm(32130): GC_CONCURRENT freed 483K, 92% free 712K/8192K, paused 1ms+0ms, total 6ms
05-20 13:34:57.025 D/dalvikvm(32130): GC_CONCURRENT freed 364K, 92% free 731K/8192K, paused 1ms+1ms, total 6ms
05-20 13:34:57.096 D/dalvikvm(  448): GC_CONCURRENT freed 1332K, 18% free 13244K/16128K, paused 2ms+14ms, total 55ms
05-20 13:34:57.127 D/dalvikvm(32130): GC_CONCURRENT freed 457K, 92% free 736K/8192K, paused 1ms+1ms, total 6ms
05-20 13:34:57.213 D/dalvikvm(32130): GC_CONCURRENT freed 389K, 92% free 730K/8192K, paused 1ms+1ms, total 6ms
05-20 13:34:57.283 D/dalvikvm(32130): GC_CONCURRENT freed 482K, 92% free 712K/8192K, paused 2ms+0ms, total 7ms
05-20 13:34:57.369 D/dalvikvm(32130): GC_CONCURRENT freed 363K, 92% free 732K/8192K, paused 1ms+0ms, total 6ms
05-20 13:34:57.439 D/dalvikvm(32130): GC_CONCURRENT freed 457K, 92% free 735K/8192K, paused 2ms+1ms, total 7ms
05-20 13:34:57.525 D/dalvikvm(32130): GC_CONCURRENT freed 389K, 92% free 730K/8192K, paused 2ms+1ms, total 7ms
05-20 13:34:57.596 D/dalvikvm(32130): GC_CONCURRENT freed 483K, 92% free 712K/8192K, paused 2ms+1ms, total 7ms
05-20 13:34:57.681 D/dalvikvm(32130): GC_CONCURRENT freed 364K, 92% free 732K/8192K, paused 2ms+0ms, total 7ms
05-20 13:34:57.752 D/dalvikvm(32130): GC_CONCURRENT freed 462K, 92% free 732K/8192K, paused 2ms+1ms, total 7ms
05-20 13:34:57.853 D/dalvikvm(32130): GC_CONCURRENT freed 384K, 92% free 731K/8192K, paused 1ms+0ms, total 9ms
05-20 13:34:57.931 D/dalvikvm(32130): GC_CONCURRENT freed 462K, 92% free 732K/8192K, paused 1ms+0ms, total 9ms
05-20 13:34:57.986 D/dalvikvm(29976): GC_CONCURRENT freed 484K, 7% free 9736K/10416K, paused 2ms+53ms, total 170ms
05-20 13:34:58.017 D/dalvikvm(32130): GC_CONCURRENT freed 384K, 92% free 732K/8192K, paused 1ms+1ms, total 6ms
05-20 13:34:58.088 D/dalvikvm(32130): GC_CONCURRENT freed 462K, 92% free 732K/8192K, paused 2ms+0ms, total 7ms
05-20 13:34:58.174 D/dalvikvm(32130): GC_CONCURRENT freed 384K, 92% free 731K/8192K, paused 1ms+0ms, total 6ms
05-20 13:34:58.244 D/dalvikvm(32130): GC_CONCURRENT freed 483K, 92% free 712K/8192K, paused 0ms+0ms, total 5ms
05-20 13:34:58.330 D/dalvikvm(32130): GC_CONCURRENT freed 364K, 92% free 732K/8192K, paused 1ms+1ms, total 6ms
05-20 13:34:58.408 D/dalvikvm(32130): GC_CONCURRENT freed 462K, 92% free 732K/8192K, paused 1ms+1ms, total 6ms
05-20 13:34:58.486 D/dalvikvm(32130): GC_CONCURRENT freed 384K, 92% free 731K/8192K, paused 2ms+1ms, total 6ms
05-20 13:34:58.564 D/dalvikvm(32130): GC_CONCURRENT freed 462K, 92% free 732K/8192K, paused 1ms+0ms, total 6ms
05-20 13:34:58.642 D/dalvikvm(32130): GC_CONCURRENT freed 384K, 91% free 748K/8192K, paused 0ms+1ms, total 5ms
05-20 13:34:58.713 D/dalvikvm(32130): GC_CONCURRENT freed 483K, 92% free 712K/8192K, paused 1ms+1ms, total 6ms
05-20 13:34:58.799 D/dalvikvm(32130): GC_CONCURRENT freed 364K, 92% free 732K/8192K, paused 2ms+0ms, total 7ms
05-20 13:34:58.869 D/dalvikvm(32130): GC_CONCURRENT freed 462K, 92% free 732K/8192K, paused 2ms+0ms, total 7ms
05-20 13:34:58.955 D/dalvikvm(32130): GC_CONCURRENT freed 384K, 92% free 732K/8192K, paused 2ms+1ms, total 6ms
05-20 13:34:59.025 D/dalvikvm(32130): GC_CONCURRENT freed 462K, 92% free 732K/8192K, paused 1ms+0ms, total 6ms
05-20 13:34:59.111 D/dalvikvm(32130): GC_CONCURRENT freed 384K, 91% free 748K/8192K, paused 0ms+1ms, total 5ms
05-20 13:34:59.181 D/dalvikvm(32130): GC_CONCURRENT freed 483K, 92% free 712K/8192K, paused 0ms+0ms, total 5ms
05-20 13:34:59.260 D/dalvikvm(32130): GC_CONCURRENT freed 364K, 92% free 732K/8192K, paused 2ms+1ms, total 6ms
05-20 13:34:59.338 D/dalvikvm(32130): GC_CONCURRENT freed 462K, 92% free 732K/8192K, paused 1ms+1ms, total 7ms
05-20 13:34:59.416 D/dalvikvm(32130): GC_CONCURRENT freed 384K, 92% free 732K/8192K, paused 1ms+0ms, total 6ms
05-20 13:34:59.486 D/dalvikvm(32130): GC_CONCURRENT freed 483K, 92% free 712K/8192K, paused 0ms+1ms, total 5ms
05-20 13:34:59.603 D/dalvikvm(32130): GC_CONCURRENT freed 363K, 91% free 748K/8192K, paused 0ms+1ms, total 5ms
05-20 13:34:59.689 D/dalvikvm(32130): GC_CONCURRENT freed 482K, 92% free 712K/8192K, paused 2ms+1ms, total 8ms
05-20 13:34:59.705 D/dalvikvm(  448): GC_CONCURRENT freed 1327K, 18% free 13239K/16128K, paused 2ms+11ms, total 49ms
05-20 13:34:59.783 D/dalvikvm(32130): GC_CONCURRENT freed 437K, 91% free 742K/8192K, paused 1ms+2ms, total 7ms
05-20 13:34:59.869 D/dalvikvm(32130): GC_CONCURRENT freed 411K, 92% free 714K/8192K, paused 1ms+1ms, total 6ms
05-20 13:34:59.947 D/dalvikvm(32130): GC_CONCURRENT freed 363K, 92% free 735K/8192K, paused 1ms+1ms, total 6ms
05-20 13:35:00.017 D/dalvikvm(32130): GC_CONCURRENT freed 450K, 91% free 745K/8192K, paused 1ms+1ms, total 7ms
05-20 13:35:00.135 D/dalvikvm(32130): GC_CONCURRENT freed 469K, 91% free 741K/8192K, paused 1ms+2ms, total 7ms
05-20 13:35:00.799 D/dalvikvm(32130): GC_CONCURRENT freed 526K, 93% free 627K/8192K, paused 1ms+0ms, total 6ms
05-20 13:35:00.916 D/dalvikvm(32130): GC_CONCURRENT freed 348K, 92% free 718K/8192K, paused 0ms+1ms, total 6ms
05-20 13:35:01.002 D/dalvikvm(32130): GC_CONCURRENT freed 444K, 91% free 739K/8192K, paused 1ms+2ms, total 7ms
05-20 13:35:01.088 D/dalvikvm(32130): GC_CONCURRENT freed 465K, 91% free 740K/8192K, paused 1ms+2ms, total 7ms
05-20 13:35:01.150 D/dalvikvm(32130): GC_CONCURRENT freed 423K, 92% free 714K/8192K, paused 2ms+1ms, total 6ms
05-20 13:35:01.236 D/dalvikvm(32130): GC_CONCURRENT freed 441K, 91% free 741K/8192K, paused 1ms+2ms, total 7ms
05-20 13:35:01.314 D/dalvikvm(32130): GC_CONCURRENT freed 465K, 91% free 742K/8192K, paused 0ms+2ms, total 6ms
05-20 13:35:01.385 D/dalvikvm(32130): GC_CONCURRENT freed 401K, 92% free 736K/8192K, paused 2ms+0ms, total 7ms
05-20 13:35:01.471 D/dalvikvm(32130): GC_CONCURRENT freed 444K, 91% free 740K/8192K, paused 0ms+2ms, total 7ms
05-20 13:35:01.541 D/dalvikvm(32130): GC_CONCURRENT freed 402K, 92% free 735K/8192K, paused 1ms+1ms, total 6ms
05-20 13:35:01.619 D/dalvikvm(32130): GC_CONCURRENT freed 461K, 91% free 739K/8192K, paused 0ms+2ms, total 7ms
05-20 13:35:01.705 D/dalvikvm(32130): GC_CONCURRENT freed 461K, 91% free 743K/8192K, paused 1ms+2ms, total 8ms
05-20 13:35:01.767 D/dalvikvm(32130): GC_CONCURRENT freed 407K, 92% free 734K/8192K, paused 2ms+0ms, total 6ms
05-20 13:35:01.853 D/dalvikvm(32130): GC_CONCURRENT freed 460K, 91% free 740K/8192K, paused 0ms+2ms, total 7ms
05-20 13:35:01.931 D/dalvikvm(32130): GC_CONCURRENT freed 464K, 91% free 740K/8192K, paused 0ms+2ms, total 7ms
05-20 13:35:02.002 D/dalvikvm(32130): GC_CONCURRENT freed 423K, 92% free 715K/8192K, paused 0ms+1ms, total 5ms
05-20 13:35:02.080 D/dalvikvm(32130): GC_CONCURRENT freed 441K, 91% free 741K/8192K, paused 0ms+2ms, total 7ms
05-20 13:35:02.158 D/dalvikvm(32130): GC_CONCURRENT freed 464K, 91% free 741K/8192K, paused 0ms+2ms, total 7ms
05-20 13:35:02.228 D/dalvikvm(32130): GC_CONCURRENT freed 422K, 92% free 715K/8192K, paused 0ms+0ms, total 5ms
05-20 13:35:02.314 D/dalvikvm(32130): GC_CONCURRENT freed 442K, 91% free 742K/8192K, paused 1ms+2ms, total 7ms
05-20 13:35:02.330 D/LightsService(  374): Excessive delay setting light: 78ms
05-20 13:35:02.400 D/dalvikvm(32130): GC_CONCURRENT freed 405K, 92% free 720K/8192K, paused 2ms+1ms, total 6ms
05-20 13:35:02.471 D/dalvikvm(32130): GC_CONCURRENT freed 430K, 91% free 742K/8192K, paused 2ms+2ms, total 8ms
05-20 13:35:02.556 D/dalvikvm(32130): GC_CONCURRENT freed 393K, 92% free 735K/8192K, paused 2ms+0ms, total 18ms
05-20 13:35:02.572 D/LightsService(  374): Excessive delay setting light: 83ms
05-20 13:35:02.627 D/dalvikvm(32130): GC_CONCURRENT freed 385K, 92% free 734K/8192K, paused 1ms+0ms, total 6ms
05-20 13:35:02.689 D/dalvikvm(  448): GC_CONCURRENT freed 1331K, 18% free 13243K/16128K, paused 3ms+4ms, total 52ms
05-20 13:35:02.721 D/dalvikvm(32130): GC_CONCURRENT freed 461K, 92% free 734K/8192K, paused 0ms+1ms, total 6ms
05-20 13:35:02.806 D/dalvikvm(32130): GC_CONCURRENT freed 461K, 91% free 741K/8192K, paused 0ms+2ms, total 6ms
05-20 13:35:02.900 D/dalvikvm(32130): GC_CONCURRENT freed 410K, 91% free 780K/8192K, paused 2ms+2ms, total 8ms
05-20 13:35:02.971 D/dalvikvm(32130): GC_CONCURRENT freed 473K, 92% free 718K/8192K, paused 0ms+1ms, total 6ms
05-20 13:35:03.056 D/dalvikvm(32130): GC_CONCURRENT freed 368K, 92% free 734K/8192K, paused 2ms+0ms, total 6ms
05-20 13:35:03.127 D/dalvikvm(32130): GC_CONCURRENT freed 462K, 92% free 734K/8192K, paused 1ms+1ms, total 6ms
05-20 13:35:03.205 D/dalvikvm(32130): GC_CONCURRENT freed 448K, 91% free 742K/8192K, paused 0ms+2ms, total 6ms
05-20 13:35:03.275 D/dalvikvm(32130): GC_CONCURRENT freed 416K, 92% free 716K/8192K, paused 1ms+0ms, total 6ms
05-20 13:35:03.353 D/dalvikvm(32130): GC_CONCURRENT freed 442K, 91% free 741K/8192K, paused 0ms+2ms, total 7ms
05-20 13:35:03.439 D/dalvikvm(32130): GC_CONCURRENT freed 406K, 92% free 719K/8192K, paused 2ms+1ms, total 6ms
05-20 13:35:03.502 D/dalvikvm(32130): GC_CONCURRENT freed 362K, 91% free 740K/8192K, paused 2ms+0ms, total 6ms
05-20 13:35:03.572 D/dalvikvm(32130): GC_CONCURRENT freed 461K, 92% free 734K/8192K, paused 1ms+1ms, total 6ms
05-20 13:35:03.650 D/dalvikvm(32130): GC_CONCURRENT freed 461K, 91% free 757K/8192K, paused 0ms+2ms, total 7ms
05-20 13:35:03.728 D/dalvikvm(32130): GC_CONCURRENT freed 483K, 91% free 741K/8192K, paused 1ms+2ms, total 7ms
05-20 13:35:03.814 D/dalvikvm(32130): GC_CONCURRENT freed 406K, 92% free 718K/8192K, paused 2ms+1ms, total 6ms
05-20 13:35:03.877 D/dalvikvm(32130): GC_CONCURRENT freed 362K, 91% free 740K/8192K, paused 2ms+1ms, total 6ms
05-20 13:35:03.947 D/dalvikvm(32130): GC_CONCURRENT freed 461K, 92% free 734K/8192K, paused 1ms+1ms, total 7ms
05-20 13:35:04.025 D/dalvikvm(32130): GC_CONCURRENT freed 461K, 91% free 756K/8192K, paused 0ms+2ms, total 8ms
05-20 13:35:04.111 D/dalvikvm(32130): GC_CONCURRENT freed 483K, 91% free 741K/8192K, paused 1ms+2ms, total 7ms
05-20 13:35:04.189 D/dalvikvm(32130): GC_CONCURRENT freed 406K, 92% free 719K/8192K, paused 1ms+1ms, total 6ms
05-20 13:35:04.252 D/dalvikvm(32130): GC_CONCURRENT freed 362K, 91% free 740K/8192K, paused 1ms+0ms, total 6ms
05-20 13:35:04.322 D/dalvikvm(32130): GC_CONCURRENT freed 461K, 92% free 734K/8192K, paused 0ms+1ms, total 6ms
05-20 13:35:04.400 D/dalvikvm(32130): GC_CONCURRENT freed 461K, 91% free 746K/8192K, paused 0ms+2ms, total 7ms
05-20 13:35:04.486 D/dalvikvm(32130): GC_CONCURRENT freed 473K, 91% free 740K/8192K, paused 0ms+2ms, total 6ms
05-20 13:35:04.556 D/dalvikvm(32130): GC_CONCURRENT freed 393K, 92% free 736K/8192K, paused 1ms+1ms, total 7ms
05-20 13:35:04.635 D/dalvikvm(32130): GC_CONCURRENT freed 439K, 91% free 740K/8192K, paused 2ms+1ms, total 8ms
05-20 13:35:04.713 D/dalvikvm(32130): GC_CONCURRENT freed 403K, 91% free 739K/8192K, paused 2ms+0ms, total 14ms
05-20 13:35:04.783 D/dalvikvm(32130): GC_CONCURRENT freed 388K, 92% free 734K/8192K, paused 1ms+1ms, total 6ms
05-20 13:35:04.853 D/dalvikvm(32130): GC_CONCURRENT freed 462K, 92% free 733K/8192K, paused 1ms+0ms, total 6ms
05-20 13:35:04.931 D/dalvikvm(32130): GC_CONCURRENT freed 384K, 91% free 749K/8192K, paused 0ms+1ms, total 5ms
05-20 13:35:05.010 D/dalvikvm(32130): GC_CONCURRENT freed 482K, 92% free 713K/8192K, paused 1ms+1ms, total 9ms
05-20 13:35:05.096 D/dalvikvm(32130): GC_CONCURRENT freed 363K, 92% free 733K/8192K, paused 1ms+1ms, total 6ms
05-20 13:35:05.166 D/dalvikvm(  448): GC_CONCURRENT freed 1333K, 18% free 13241K/16128K, paused 3ms+5ms, total 61ms
05-20 13:35:05.197 D/dalvikvm(32130): GC_CONCURRENT freed 462K, 92% free 733K/8192K, paused 1ms+1ms, total 7ms
05-20 13:35:05.283 D/dalvikvm(32130): GC_CONCURRENT freed 384K, 92% free 733K/8192K, paused 1ms+1ms, total 6ms
05-20 13:35:05.353 D/dalvikvm(32130): GC_CONCURRENT freed 462K, 92% free 733K/8192K, paused 1ms+1ms, total 6ms
05-20 13:35:05.431 D/dalvikvm(32130): GC_CONCURRENT freed 384K, 91% free 749K/8192K, paused 0ms+1ms, total 5ms
05-20 13:35:05.502 D/dalvikvm(32130): GC_CONCURRENT freed 482K, 92% free 713K/8192K, paused 0ms+1ms, total 6ms
05-20 13:35:05.588 D/dalvikvm(32130): GC_CONCURRENT freed 363K, 92% free 733K/8192K, paused 1ms+0ms, total 6ms
05-20 13:35:05.666 D/dalvikvm(32130): GC_CONCURRENT freed 461K, 92% free 734K/8192K, paused 1ms+0ms, total 13ms
05-20 13:35:05.736 D/dalvikvm(32130): GC_CONCURRENT freed 384K, 92% free 734K/8192K, paused 1ms+1ms, total 6ms
05-20 13:35:05.806 D/dalvikvm(32130): GC_CONCURRENT freed 462K, 92% free 733K/8192K, paused 2ms+0ms, total 8ms
05-20 13:35:05.892 D/dalvikvm(32130): GC_CONCURRENT freed 384K, 91% free 749K/8192K, paused 0ms+1ms, total 5ms
05-20 13:35:05.955 D/dalvikvm(32130): GC_CONCURRENT freed 482K, 92% free 713K/8192K, paused 0ms+0ms, total 5ms
05-20 13:35:06.041 D/dalvikvm(32130): GC_CONCURRENT freed 363K, 92% free 733K/8192K, paused 1ms+1ms, total 6ms
05-20 13:35:06.111 D/dalvikvm(32130): GC_CONCURRENT freed 462K, 92% free 733K/8192K, paused 1ms+1ms, total 6ms
05-20 13:35:06.189 D/dalvikvm(32130): GC_CONCURRENT freed 384K, 92% free 733K/8192K, paused 2ms+0ms, total 7ms
05-20 13:35:06.260 D/dalvikvm(32130): GC_CONCURRENT freed 462K, 92% free 733K/8192K, paused 1ms+1ms, total 7ms
05-20 13:35:06.346 D/dalvikvm(32130): GC_CONCURRENT freed 384K, 91% free 749K/8192K, paused 0ms+1ms, total 5ms
05-20 13:35:06.416 D/dalvikvm(32130): GC_CONCURRENT freed 482K, 92% free 713K/8192K, paused 1ms+1ms, total 6ms
05-20 13:35:06.502 D/dalvikvm(32130): GC_CONCURRENT freed 363K, 92% free 733K/8192K, paused 2ms+0ms, total 7ms
05-20 13:35:06.572 D/dalvikvm(32130): GC_CONCURRENT freed 482K, 92% free 713K/8192K, paused 2ms+1ms, total 7ms
05-20 13:35:06.650 D/dalvikvm(32130): GC_CONCURRENT freed 363K, 92% free 733K/8192K, paused 1ms+0ms, total 6ms
05-20 13:35:06.681 W/Parcel  ( 1661): Attempt to read object from Parcel 0x5ef3bdac at offset 200 that is not in the object list
05-20 13:35:06.721 V/WiseDownloadConditionControler(31841): checkCondition  type : WISE_DOWNLOAD  inerrupting: true
05-20 13:35:06.736 D/dalvikvm(32130): GC_CONCURRENT freed 462K, 92% free 734K/8192K, paused 1ms+0ms, total 7ms
05-20 13:35:06.830 D/dalvikvm(32130): GC_CONCURRENT freed 384K, 91% free 749K/8192K, paused 1ms+0ms, total 6ms
05-20 13:35:06.892 D/dalvikvm(32130): GC_CONCURRENT freed 482K, 92% free 713K/8192K, paused 0ms+0ms, total 5ms
05-20 13:35:06.978 D/dalvikvm(32130): GC_CONCURRENT freed 363K, 92% free 733K/8192K, paused 1ms+1ms, total 6ms
05-20 13:35:07.049 D/dalvikvm(32130): GC_CONCURRENT freed 372K, 90% free 824K/8192K, paused 2ms+0ms, total 10ms
05-20 13:35:07.127 D/dalvikvm(32130): GC_CONCURRENT freed 473K, 92% free 735K/8192K, paused 1ms+1ms, total 6ms
05-20 13:35:07.205 D/dalvikvm(32130): GC_CONCURRENT freed 462K, 92% free 733K/8192K, paused 1ms+1ms, total 6ms
05-20 13:35:07.283 D/dalvikvm(32130): GC_CONCURRENT freed 384K, 91% free 749K/8192K, paused 0ms+0ms, total 5ms
05-20 13:35:07.361 D/dalvikvm(32130): GC_CONCURRENT freed 482K, 92% free 713K/8192K, paused 0ms+1ms, total 6ms
05-20 13:35:07.455 D/dalvikvm(32130): GC_CONCURRENT freed 363K, 91% free 749K/8192K, paused 1ms+1ms, total 6ms
05-20 13:35:07.517 D/dalvikvm(32130): GC_CONCURRENT freed 482K, 92% free 713K/8192K, paused 0ms+0ms, total 5ms
05-20 13:35:07.603 D/dalvikvm(32130): GC_CONCURRENT freed 363K, 92% free 733K/8192K, paused 2ms+1ms, total 6ms
05-20 13:35:07.697 D/dalvikvm(32130): GC_CONCURRENT freed 462K, 92% free 733K/8192K, paused 1ms+0ms, total 10ms
05-20 13:35:07.713 D/dalvikvm(  448): GC_CONCURRENT freed 1328K, 18% free 13245K/16128K, paused 3ms+18ms, total 63ms
05-20 13:35:07.783 D/dalvikvm(32130): GC_CONCURRENT freed 384K, 91% free 749K/8192K, paused 1ms+0ms, total 6ms
05-20 13:35:07.853 D/dalvikvm(32130): GC_CONCURRENT freed 482K, 92% free 713K/8192K, paused 0ms+0ms, total 5ms
05-20 13:35:07.931 D/dalvikvm(32130): GC_CONCURRENT freed 363K, 91% free 749K/8192K, paused 0ms+0ms, total 5ms
05-20 13:35:08.002 D/dalvikvm(32130): GC_CONCURRENT freed 482K, 92% free 713K/8192K, paused 0ms+1ms, total 6ms
05-20 13:35:08.080 D/dalvikvm(32130): GC_CONCURRENT freed 363K, 92% free 733K/8192K, paused 2ms+1ms, total 6ms
05-20 13:35:08.158 D/dalvikvm(32130): GC_CONCURRENT freed 462K, 92% free 733K/8192K, paused 2ms+0ms, total 7ms
05-20 13:35:08.205 I/PowerManagerService(  374): Going to sleep due to screen timeout...
05-20 13:35:08.275 D/dalvikvm(32130): GC_CONCURRENT freed 460K, 91% free 742K/8192K, paused 1ms+3ms, total 8ms
05-20 13:35:08.400 D/dalvikvm(32130): GC_CONCURRENT freed 406K, 92% free 719K/8192K, paused 1ms+0ms, total 8ms
05-20 13:35:08.486 D/dalvikvm(32130): GC_CONCURRENT freed 362K, 91% free 749K/8192K, paused 1ms+0ms, total 6ms
05-20 13:35:08.572 D/dalvikvm(32130): GC_CONCURRENT freed 482K, 92% free 713K/8192K, paused 0ms+1ms, total 6ms
05-20 13:35:08.666 D/dalvikvm(32130): GC_CONCURRENT freed 363K, 90% free 833K/8192K, paused 0ms+4ms, total 9ms
05-20 13:35:08.752 D/dalvikvm(32130): GC_CONCURRENT freed 483K, 92% free 734K/8192K, paused 2ms+0ms, total 7ms
05-20 13:35:08.830 D/dalvikvm(32130): GC_CONCURRENT freed 462K, 92% free 733K/8192K, paused 1ms+0ms, total 6ms
05-20 13:35:08.861 D/LauncherApplication(26771): [null:-1]->onActivityPaused
05-20 13:35:08.877 D/LauncherApplication(26771): [null:-1]->onActivityPaused  updateTime
05-20 13:35:08.885 D/SurfaceFlinger(  124): Screen released, type=0 flinger=0x40e95478
05-20 13:35:08.986 W/Parcel  ( 1661): Attempt to read object from Parcel 0x6003bdac at offset 200 that is not in the object list
05-20 13:35:08.994 D/NfcService(  568): NFC-C OFF, disconnect
05-20 13:35:09.002 W/InputMethodManagerService(  374): Window already focused, ignoring focus gain of: com.android.internal.view.IInputMethodClient$Stub$Proxy@427edf50 attribute=android.view.inputmethod.EditorInfo@42a0d0c0, token = android.os.BinderProxy@42d5a578
05-20 13:35:09.049 V/MDM :   (26771): [null:-1]->Screen receiver is called.
05-20 13:35:09.056 W/Parcel  ( 1661): Attempt to read object from Parcel 0x6013bdac at offset 200 that is not in the object list
05-20 13:35:09.111 W/Parcel  ( 1661): Attempt to read object from Parcel 0x6003bdac at offset 200 that is not in the object list
05-20 13:35:09.127 V/WiseDownloadConditionControler(31841): checkCondition  type : TODAY_LAUNCHED_USER  inerrupting: false
05-20 13:35:09.181 D/dalvikvm( 1661): GC_CONCURRENT freed 1309K, 18% free 13139K/15888K, paused 6ms+6ms, total 130ms
05-20 13:35:09.181 V/WiseDownloadConditionControler(31841): checkCondition  type : TRIGGER_WISE_DOWNLOAD  inerrupting: false
05-20 13:35:09.181 V/WiseDownloadConditionControler(31841): checkingStatus~~~ 
05-20 13:35:09.181 V/WiseDownloadConditionControler(31841): checkCondition  type : WISE_DOWNLOAD  inerrupting: false
05-20 13:35:09.541 I/PowerManagerService(  374): Waking up from sleep...
05-20 13:35:09.541 I/WindowManager(  374): No lock screen!
05-20 13:35:09.596 V/LauncherApplication(26771): onActivityStarted
05-20 13:35:09.596 D/        (26771): [---null: -1---]     awsa  onActivityResumed
05-20 13:35:09.596 V/LauncherApplication(26771): 2MdmConstant.LAST_LAUNCH_TIME = 1400564108880
05-20 13:35:09.611 D/        (26771): [---null: -1---]  activity = com.pekall.emdm.launcher.Launcher
05-20 13:35:09.611 V/DefultSetContriller(26771): isLauncherDf = com.pekall.emdm.launcher
05-20 13:35:09.619 V/DefultSetContriller(26771): isLauncherDf = com.pekall.emdm.launcher
05-20 13:35:09.619 V/DefultSetContriller(26771): isPhoneDf = com.pekall.emdm.launcher
05-20 13:35:09.619 E/LauncherApplication(26771): isShowLogoutUI = true
05-20 13:35:09.619 E/LauncherApplication(26771): LogoutShowTime 1
05-20 13:35:09.619 V/Launcher(26771): onResume1111111 
05-20 13:35:09.619 V/Launcher(26771): is login ----> 
05-20 13:35:09.619 I/System.out(26771):  
05-20 13:35:09.619 I/System.out(26771): com.pekall.emdm.launcher.Workspace.setWallpaper(Unknown Source)
05-20 13:35:09.627 I/System.out(26771): com.pekall.emdm.launcher.Launcher.onResume(Unknown Source)
05-20 13:35:09.627 I/System.out(26771): android.app.Instrumentation.callActivityOnResume(Instrumentation.java:1192)
05-20 13:35:09.627 I/System.out(26771): android.app.Activity.performResume(Activity.java:5211)
05-20 13:35:09.627 I/System.out(26771): android.app.ActivityThread.performResumeActivity(ActivityThread.java:2780)
05-20 13:35:09.627 I/System.out(26771): android.app.ActivityThread.handleResumeActivity(ActivityThread.java:2819)
05-20 13:35:09.627 I/System.out(26771): android.app.ActivityThread$H.handleMessage(ActivityThread.java:1298)
05-20 13:35:09.627 I/System.out(26771): android.os.Handler.dispatchMessage(Handler.java:99)
05-20 13:35:09.627 I/System.out(26771): android.os.Looper.loop(Looper.java:137)
05-20 13:35:09.627 I/System.out(26771): android.app.ActivityThread.main(ActivityThread.java:5103)
05-20 13:35:09.627 I/System.out(26771): java.lang.reflect.Method.invokeNative(Native Method)
05-20 13:35:09.635 I/System.out(26771): java.lang.reflect.Method.invoke(Method.java:525)
05-20 13:35:09.635 I/System.out(26771): com.android.internal.os.ZygoteInit$MethodAndArgsCaller.run(ZygoteInit.java:737)
05-20 13:35:09.635 I/System.out(26771): com.android.internal.os.ZygoteInit.main(ZygoteInit.java:553)
05-20 13:35:09.635 I/System.out(26771): dalvik.system.NativeStart.main(Native Method)
05-20 13:35:09.689 W/Parcel  ( 1661): Attempt to read object from Parcel 0x5ded3dac at offset 200 that is not in the object list
05-20 13:35:09.689 W/Parcel  ( 1661): Attempt to read object from Parcel 0x6013bdac at offset 200 that is not in the object list
05-20 13:35:09.806 V/DigitalWidgetViewsFactory(26417): DigitalWidget sets next alarm string to null
05-20 13:35:09.846 W/Settings( 1661): Setting airplane_mode_on has moved from android.provider.Settings.System to android.provider.Settings.Global, returning read-only value.
05-20 13:35:09.892 D/PowerManagerService-JNI(  374): Excessive delay in autosuspend_disable() while turning screen on: 354ms
05-20 13:35:09.892 D/SurfaceFlinger(  124): Screen acquired, type=0 flinger=0x40e95478
05-20 13:35:09.900 D/dalvikvm(26771): JIT unchain all for threadid=11
05-20 13:35:09.963 D/dalvikvm(26771): GC_FOR_ALLOC freed 3701K, 21% free 54476K/68276K, paused 308ms, total 311ms
05-20 13:35:10.041 D/dalvikvm(  374): GC_EXPLICIT freed 2493K, 25% free 20675K/27448K, paused 4ms+18ms, total 183ms
05-20 13:35:10.049 V/WiseDownloadConditionControler(31841): checkCondition  type : WISE_DOWNLOAD  inerrupting: true
