05-20 13:35:10.142 D/LightsService(  374): Excessive delay setting light: 233ms
05-20 13:35:10.150 D/NfcService(  568): NFC-C ON
05-20 13:35:10.213 D/LightsService(  374): Excessive delay setting light: 65ms
05-20 13:35:10.783 D/dalvikvm(32130): GC_CONCURRENT freed 540K, 93% free 608K/8192K, paused 0ms+1ms, total 10ms
05-20 13:35:10.908 D/dalvikvm(32130): GC_CONCURRENT freed 433K, 93% free 608K/8192K, paused 1ms+1ms, total 7ms
05-20 13:35:10.994 D/dalvikvm(32130): GC_CONCURRENT freed 393K, 93% free 617K/8192K, paused 0ms+1ms, total 4ms
05-20 13:35:11.088 D/dalvikvm(32130): GC_CONCURRENT freed 432K, 93% free 593K/8192K, paused 0ms+1ms, total 5ms
05-20 13:35:11.181 D/dalvikvm(32130): GC_CONCURRENT freed 378K, 93% free 617K/8192K, paused 0ms+1ms, total 4ms
05-20 13:35:11.260 D/dalvikvm(32130): GC_CONCURRENT freed 432K, 93% free 593K/8192K, paused 0ms+1ms, total 4ms
05-20 13:35:11.353 D/dalvikvm(32130): GC_CONCURRENT freed 378K, 93% free 617K/8192K, paused 0ms+0ms, total 5ms
05-20 13:35:11.431 D/dalvikvm(32130): GC_CONCURRENT freed 432K, 93% free 593K/8192K, paused 0ms+1ms, total 5ms
05-20 13:35:11.517 D/dalvikvm(32130): GC_CONCURRENT freed 378K, 93% free 617K/8192K, paused 0ms+1ms, total 4ms
05-20 13:35:11.588 D/dalvikvm(32130): GC_CONCURRENT freed 432K, 93% free 593K/8192K, paused 0ms+1ms, total 5ms
05-20 13:35:11.666 D/dalvikvm(32130): GC_CONCURRENT freed 378K, 93% free 598K/8192K, paused 2ms+0ms, total 6ms
05-20 13:35:11.752 D/dalvikvm(32130): GC_CONCURRENT freed 418K, 93% free 608K/8192K, paused 0ms+0ms, total 10ms
05-20 13:35:11.814 D/dalvikvm(32130): GC_CONCURRENT freed 393K, 93% free 598K/8192K, paused 2ms+1ms, total 6ms
05-20 13:35:11.877 D/dalvikvm(32130): GC_CONCURRENT freed 378K, 93% free 617K/8192K, paused 0ms+0ms, total 5ms
05-20 13:35:11.939 D/dalvikvm(32130): GC_CONCURRENT freed 432K, 93% free 593K/8192K, paused 1ms+1ms, total 6ms
05-20 13:35:12.010 D/dalvikvm(32130): GC_CONCURRENT freed 378K, 93% free 617K/8192K, paused 0ms+1ms, total 5ms
05-20 13:35:12.072 D/dalvikvm(32130): GC_CONCURRENT freed 418K, 93% free 608K/8192K, paused 1ms+0ms, total 6ms
05-20 13:35:12.135 D/dalvikvm(32130): GC_CONCURRENT freed 393K, 93% free 617K/8192K, paused 0ms+0ms, total 5ms
05-20 13:35:12.197 D/dalvikvm(32130): GC_CONCURRENT freed 418K, 93% free 608K/8192K, paused 2ms+0ms, total 6ms
05-20 13:35:14.221 I/AndroidRuntime(32130): VM exiting with result code 0.
05-20 13:35:17.588 D/dalvikvm(31841): GC_CONCURRENT freed 367K, 5% free 9532K/9944K, paused 2ms+1ms, total 19ms
05-20 13:35:22.471 D/dalvikvm( 1661): GC_EXPLICIT freed 638K, 18% free 13115K/15888K, paused 1ms+5ms, total 45ms
05-20 13:35:27.517 D/dalvikvm( 1661): GC_EXPLICIT freed 51K, 18% free 13084K/15888K, paused 2ms+4ms, total 43ms
05-20 13:35:33.674 D/LightsService(  374): Excessive delay setting light: 68ms
05-20 13:35:33.916 D/LightsService(  374): Excessive delay setting light: 67ms
05-20 13:35:37.517 D/dalvikvm( 1661): GC_EXPLICIT freed 88K, 18% free 13087K/15888K, paused 2ms+4ms, total 44ms
05-20 13:35:39.541 I/PowerManagerService(  374): Going to sleep due to screen timeout...
05-20 13:35:40.080 W/MountService(  374): getVolumeState(/storage/emulated/0/external_sd): Unknown volume
05-20 13:35:40.080 W/MountService(  374): getVolumeState(/mnt/sdcard-ext): Unknown volume
05-20 13:35:40.080 W/MountService(  374): getVolumeState(/mnt/ext_sdcard): Unknown volume
05-20 13:35:40.080 W/MountService(  374): getVolumeState(/mnt/sdcard2): Unknown volume
05-20 13:35:40.080 W/MountService(  374): getVolumeState(/mnt/emmc): Unknown volume
05-20 13:35:40.080 W/MountService(  374): getVolumeState(/mnt/extSdCard): Unknown volume
05-20 13:35:40.080 W/MountService(  374): getVolumeState(/mnt/sdcard/SD_CARD): Unknown volume
05-20 13:35:40.088 W/MountService(  374): getVolumeState(/mnt/sdcard/extra_sd): Unknown volume
05-20 13:35:40.088 W/MountService(  374): getVolumeState(/mnt/extrasd_bind): Unknown volume
05-20 13:35:40.088 W/MountService(  374): getVolumeState(/mnt/sdcard/ext_sd): Unknown volume
05-20 13:35:40.088 W/MountService(  374): getVolumeState(/storage/extSdCard): Unknown volume
05-20 13:35:40.096 W/MountService(  374): getVolumeState(/storage/sdcard1): Unknown volume
05-20 13:35:40.096 W/MountService(  374): getVolumeState(/mnt/sdcard/external_SD): Unknown volume
05-20 13:35:40.096 W/MountService(  374): getVolumeState(/mnt/sdcard/external_sd): Unknown volume
05-20 13:35:40.119 D/LauncherApplication(26771): [null:-1]->onActivityPaused
05-20 13:35:40.135 D/SurfaceFlinger(  124): Screen released, type=0 flinger=0x40e95478
05-20 13:35:40.158 D/LauncherApplication(26771): [null:-1]->onActivityPaused  updateTime
05-20 13:35:40.221 W/Parcel  ( 1661): Attempt to read object from Parcel 0x5ec3bdac at offset 200 that is not in the object list
05-20 13:35:40.267 W/Parcel  ( 1661): Attempt to read object from Parcel 0x5ded3dac at offset 200 that is not in the object list
05-20 13:35:40.291 D/dalvikvm( 1468): GC_CONCURRENT freed 486K, 21% free 9653K/12104K, paused 28ms+6ms, total 70ms
05-20 13:35:40.291 D/dalvikvm( 1468): WAIT_FOR_CONCURRENT_GC blocked 9ms
05-20 13:35:40.306 D/NfcService(  568): NFC-C OFF, disconnect
05-20 13:35:40.338 V/MDM :   (26771): [null:-1]->Screen receiver is called.
05-20 13:35:40.346 W/Parcel  ( 1661): Attempt to read object from Parcel 0x6003bdac at offset 200 that is not in the object list
05-20 13:35:40.408 W/Parcel  ( 1661): Attempt to read object from Parcel 0x6013bdac at offset 200 that is not in the object list
05-20 13:35:40.424 V/WiseDownloadConditionControler(31841): checkCondition  type : TODAY_LAUNCHED_USER  inerrupting: false
05-20 13:35:40.431 V/WiseDownloadConditionControler(31841): checkCondition  type : TRIGGER_WISE_DOWNLOAD  inerrupting: false
05-20 13:35:40.431 V/WiseDownloadConditionControler(31841): checkingStatus~~~ 
05-20 13:35:40.431 V/WiseDownloadConditionControler(31841): checkCondition  type : WISE_DOWNLOAD  inerrupting: false
05-20 13:35:40.549 W/MountService(  374): getVolumeState(/storage/emulated/0/external_sd): Unknown volume
05-20 13:35:40.549 W/MountService(  374): getVolumeState(/mnt/sdcard-ext): Unknown volume
05-20 13:35:40.556 W/MountService(  374): getVolumeState(/mnt/ext_sdcard): Unknown volume
05-20 13:35:40.556 W/MountService(  374): getVolumeState(/mnt/sdcard2): Unknown volume
05-20 13:35:40.556 W/MountService(  374): getVolumeState(/mnt/emmc): Unknown volume
05-20 13:35:40.564 W/MountService(  374): getVolumeState(/mnt/extSdCard): Unknown volume
05-20 13:35:40.564 W/MountService(  374): getVolumeState(/mnt/sdcard/SD_CARD): Unknown volume
05-20 13:35:40.564 W/MountService(  374): getVolumeState(/mnt/sdcard/extra_sd): Unknown volume
05-20 13:35:40.564 W/MountService(  374): getVolumeState(/mnt/extrasd_bind): Unknown volume
05-20 13:35:40.564 W/MountService(  374): getVolumeState(/mnt/sdcard/ext_sd): Unknown volume
05-20 13:35:40.564 W/MountService(  374): getVolumeState(/storage/extSdCard): Unknown volume
05-20 13:35:40.564 W/MountService(  374): getVolumeState(/storage/sdcard1): Unknown volume
05-20 13:35:40.564 W/MountService(  374): getVolumeState(/mnt/sdcard/external_SD): Unknown volume
05-20 13:35:40.564 W/MountService(  374): getVolumeState(/mnt/sdcard/external_sd): Unknown volume
05-20 13:35:40.596 D/dalvikvm( 1468): GC_CONCURRENT freed 512K, 21% free 9644K/12104K, paused 3ms+4ms, total 48ms
05-20 13:35:40.596 D/dalvikvm( 1468): WAIT_FOR_CONCURRENT_GC blocked 23ms
05-20 13:35:40.596 D/dalvikvm( 1468): WAIT_FOR_CONCURRENT_GC blocked 16ms
05-20 13:35:45.252 V/KeyguardHostView(  374): hide transport, gen:1
05-20 13:35:45.252 V/KeyguardHostView(  374): music state changed: 0
05-20 13:35:45.267 D/PhoneStatusBar(  448): disable: < expand icons alerts ticker system_info back home RECENT* clock SEARCH* >
05-20 13:35:45.291 V/TAG     (  374): bug 7643792: fitSystemWindows([0,50][0,0])
05-20 13:35:45.330 D/PhoneStatusBar(  448): disable: < expand icons alerts ticker system_info BACK* HOME* RECENT CLOCK* SEARCH >
05-20 13:36:07.549 D/AndroidRuntime(32170): 
05-20 13:36:07.549 D/AndroidRuntime(32170): >>>>>> AndroidRuntime START com.android.internal.os.RuntimeInit <<<<<<
05-20 13:36:07.549 D/AndroidRuntime(32170): CheckJNI is OFF
05-20 13:36:07.564 D/dalvikvm(32170): Trying to load lib libjavacore.so 0x0
05-20 13:36:07.572 D/dalvikvm(32170): Added shared lib libjavacore.so 0x0
05-20 13:36:07.588 D/dalvikvm(32170): Trying to load lib libnativehelper.so 0x0
05-20 13:36:07.588 D/dalvikvm(32170): Added shared lib libnativehelper.so 0x0
05-20 13:36:07.611 I/dalvikvm(32170): DexOpt: source file mod time mismatch (44b46c38 vs 44b46c79)
05-20 13:36:07.611 D/dalvikvm(32170): ODEX file is stale or bad; removing and retrying (/data/local/tmp/dalvik-cache/data@local@tmp@MDMMobileTest.jar@classes.dex)
05-20 13:36:07.611 D/dalvikvm(32170): DexOpt: --- BEGIN 'MDMMobileTest.jar' (bootstrap=0) ---
05-20 13:36:07.666 D/dalvikvm(32171): DexOpt: load 7ms, verify+opt 3ms, 122220 bytes
05-20 13:36:07.689 D/dalvikvm(32170): DexOpt: --- END 'MDMMobileTest.jar' (success) ---
05-20 13:36:07.689 D/dalvikvm(32170): DEX prep '/data/local/tmp/MDMMobileTest.jar': unzip in 2ms, rewrite 78ms
05-20 13:36:07.916 D/AndroidRuntime(32170): Calling main entry com.android.commands.uiautomator.Launcher
05-20 13:36:07.963 D/dalvikvm(32170): Note: class Landroid/app/ActivityManagerNative; has 163 unimplemented (abstract) methods
05-20 13:36:08.588 I/AndroidRuntime(32170): VM exiting with result code 0.
05-20 13:36:11.549 D/dalvikvm(  561): GC_EXPLICIT freed 271K, 5% free 9418K/9848K, paused 2ms+5ms, total 32ms
05-20 13:36:12.510 I/PowerManagerService(  374): Waking up from sleep...
05-20 13:36:12.564 I/WindowManager(  374): Lock screen displayed!
05-20 13:36:12.721 D/dalvikvm(  448): GC_CONCURRENT freed 861K, 15% free 13722K/16128K, paused 11ms+8ms, total 102ms
05-20 13:36:12.736 W/Parcel  ( 1661): Attempt to read object from Parcel 0x6013bdac at offset 200 that is not in the object list
05-20 13:36:12.736 W/Parcel  ( 1661): Attempt to read object from Parcel 0x5ded3dac at offset 200 that is not in the object list
05-20 13:36:12.853 V/DigitalWidgetViewsFactory(26417): DigitalWidget sets next alarm string to null
05-20 13:36:12.861 D/PowerManagerService-JNI(  374): Excessive delay in autosuspend_disable() while turning screen on: 347ms
05-20 13:36:12.892 W/Settings( 1661): Setting airplane_mode_on has moved from android.provider.Settings.System to android.provider.Settings.Global, returning read-only value.
05-20 13:36:12.924 D/SurfaceFlinger(  124): Screen acquired, type=0 flinger=0x40e95478
05-20 13:36:12.971 W/Parcel  ( 1661): Attempt to read object from Parcel 0x5dfd3dac at offset 200 that is not in the object list
05-20 13:36:12.971 D/SurfaceControl(  374): Excessive delay in unblankDisplay() while turning screen on: 114ms
05-20 13:36:12.994 V/WiseDownloadConditionControler(31841): checkCondition  type : WISE_DOWNLOAD  inerrupting: true
05-20 13:36:13.158 D/LightsService(  374): Excessive delay setting light: 77ms
05-20 13:36:13.486 W/GlowPadView(  374): The number of target drawables must be equal to the number of direction descriptions.
05-20 13:36:13.681 V/LauncherApplication(26771): onActivityStarted
05-20 13:36:13.689 D/        (26771): [---null: -1---]     awsa  onActivityResumed
05-20 13:36:13.689 V/LauncherApplication(26771): 2MdmConstant.LAST_LAUNCH_TIME = 1400564140172
05-20 13:36:13.689 D/PhoneStatusBar(  448): disable: < expand icons alerts ticker system_info BACK HOME recent* CLOCK search* >
05-20 13:36:13.697 V/WiseDownloadConditionControler(31841): checkCondition  type : WISE_DOWNLOAD  inerrupting: true
05-20 13:36:13.705 D/        (26771): [---null: -1---]  activity = com.pekall.emdm.launcher.Launcher
05-20 13:36:13.705 V/DefultSetContriller(26771): isLauncherDf = com.pekall.emdm.launcher
05-20 13:36:13.713 V/DefultSetContriller(26771): isLauncherDf = com.pekall.emdm.launcher
05-20 13:36:13.713 V/DefultSetContriller(26771): isPhoneDf = com.pekall.emdm.launcher
05-20 13:36:13.713 E/LauncherApplication(26771): isShowLogoutUI = true
05-20 13:36:13.713 E/LauncherApplication(26771): LogoutShowTime 1
05-20 13:36:13.713 V/Launcher(26771): onResume1111111 
05-20 13:36:13.713 V/Launcher(26771): is login ----> 
05-20 13:36:13.713 I/System.out(26771):  
05-20 13:36:13.721 I/System.out(26771): com.pekall.emdm.launcher.Workspace.setWallpaper(Unknown Source)
05-20 13:36:13.721 I/System.out(26771): com.pekall.emdm.launcher.Launcher.onResume(Unknown Source)
05-20 13:36:13.721 I/System.out(26771): android.app.Instrumentation.callActivityOnResume(Instrumentation.java:1192)
05-20 13:36:13.721 I/System.out(26771): android.app.Activity.performResume(Activity.java:5211)
05-20 13:36:13.721 I/System.out(26771): android.app.ActivityThread.performResumeActivity(ActivityThread.java:2780)
05-20 13:36:13.721 I/System.out(26771): android.app.ActivityThread.handleResumeActivity(ActivityThread.java:2819)
05-20 13:36:13.721 I/System.out(26771): android.app.ActivityThread$H.handleMessage(ActivityThread.java:1298)
05-20 13:36:13.721 I/System.out(26771): android.os.Handler.dispatchMessage(Handler.java:99)
05-20 13:36:13.721 I/System.out(26771): android.os.Looper.loop(Looper.java:137)
05-20 13:36:13.721 I/System.out(26771): android.app.ActivityThread.main(ActivityThread.java:5103)
05-20 13:36:13.721 I/System.out(26771): java.lang.reflect.Method.invokeNative(Native Method)
05-20 13:36:13.721 I/System.out(26771): java.lang.reflect.Method.invoke(Method.java:525)
05-20 13:36:13.721 I/System.out(26771): com.android.internal.os.ZygoteInit$MethodAndArgsCaller.run(ZygoteInit.java:737)
05-20 13:36:13.721 I/System.out(26771): com.android.internal.os.ZygoteInit.main(ZygoteInit.java:553)
05-20 13:36:13.721 I/System.out(26771): dalvik.system.NativeStart.main(Native Method)
05-20 13:36:13.728 W/Parcel  ( 1661): Attempt to read object from Parcel 0x5ded3dac at offset 200 that is not in the object list
05-20 13:36:13.736 D/NfcService(  568): NFC-C ON
05-20 13:36:13.752 I/uninstall(31841): SelfUninstallManager -> initUninstallTask
05-20 13:36:13.752 I/uninstall(31841): initUninstallTask init is running, return
05-20 13:36:13.783 D/PhoneStatusBar(  448): disable: < expand icons alerts ticker system_info back* home* recent clock* search >
05-20 13:36:13.799 W/Parcel  ( 1661): Attempt to read object from Parcel 0x5ef3bdac at offset 200 that is not in the object list
05-20 13:36:13.838 D/dalvikvm(29976): GC_CONCURRENT freed 626K, 8% free 9592K/10408K, paused 5ms+8ms, total 58ms
05-20 13:36:13.978 D/dalvikvm(26771): JIT unchain all for threadid=11
05-20 13:36:14.049 D/dalvikvm(26771): GC_FOR_ALLOC freed 4420K, 17% free 54473K/64940K, paused 323ms, total 325ms
05-20 13:36:14.056 I/dalvikvm-heap(26771): Grow heap (frag case) to 56.555MB for 3415696-byte allocation
05-20 13:36:14.205 V/TAG     (  374): bug 7643792: fitSystemWindows([0,50][0,0])
05-20 13:36:14.306 D/dalvikvm(26771): JIT unchain all for threadid=11
05-20 13:36:14.369 D/dalvikvm(26771): GC_FOR_ALLOC freed 1K, 16% free 57807K/68276K, paused 307ms, total 307ms
05-20 13:36:14.447 I/Choreographer(26771): Skipped 42 frames!  The application may be doing too much work on its main thread.
05-20 13:36:14.502 W/InputMethodManagerService(  374): Window already focused, ignoring focus gain of: com.android.internal.view.IInputMethodClient$Stub$Proxy@42922a00 attribute=android.view.inputmethod.EditorInfo@428c9aa8, token = android.os.BinderProxy@42d5a578
05-20 13:36:14.588 D/dalvikvm(  374): GC_CONCURRENT freed 1699K, 21% free 21796K/27448K, paused 3ms+10ms, total 81ms
05-20 13:36:18.197 D/LightsService(  374): Excessive delay setting light: 67ms
05-20 13:36:37.806 D/AndroidRuntime(32199): 
05-20 13:36:37.806 D/AndroidRuntime(32199): >>>>>> AndroidRuntime START com.android.internal.os.RuntimeInit <<<<<<
05-20 13:36:37.806 D/AndroidRuntime(32199): CheckJNI is OFF
05-20 13:36:37.814 D/dalvikvm(32199): Trying to load lib libjavacore.so 0x0
05-20 13:36:37.822 D/dalvikvm(32199): Added shared lib libjavacore.so 0x0
05-20 13:36:37.830 D/dalvikvm(32199): Trying to load lib libnativehelper.so 0x0
05-20 13:36:37.830 D/dalvikvm(32199): Added shared lib libnativehelper.so 0x0
05-20 13:36:37.846 D/LightsService(  374): Excessive delay setting light: 99ms
05-20 13:36:37.916 D/LightsService(  374): Excessive delay setting light: 64ms
05-20 13:36:37.986 D/AndroidRuntime(32199): Calling main entry com.android.commands.uiautomator.Launcher
05-20 13:36:38.017 D/dalvikvm(32199): Note: class Landroid/app/ActivityManagerNative; has 163 unimplemented (abstract) methods
05-20 13:36:38.119 D/LightsService(  374): Excessive delay setting light: 68ms
05-20 13:36:38.650 I/QueryController(32199): Matched selector: UiSelector[PACKAGE NAME=com.pekall.emdm.launcher] <<==>> [android.view.accessibility.AccessibilityNodeInfo@8b8c0; boundsInParent: Rect(0, 0 - 720, 1184); boundsInScreen: Rect(0, 0 - 720, 1184); packageName: com.pekall.emdm.launcher; className: android.widget.FrameLayout; text: null; contentDescription: null; viewIdResName: null; checkable: false; checked: false; focusable: false; focused: false; selected: false; clickable: false; longClickable: false; enabled: true; password: false; scrollable: false; [ACTION_SELECT, ACTION_CLEAR_SELECTION, ACTION_ACCESSIBILITY_FOCUS]]
05-20 13:36:38.658 I/QueryController(32199): Matched selector: UiSelector[TEXT=Personal Mode, CLASS=android.widget.TextView, PACKAGE NAME=com.pekall.emdm.launcher] <<==>> [android.view.accessibility.AccessibilityNodeInfo@91e1b; boundsInParent: Rect(0, 0 - 160, 200); boundsInScreen: Rect(190, 608 - 350, 808); packageName: com.pekall.emdm.launcher; className: android.widget.TextView; text: Personal Mode; contentDescription: null; viewIdResName: null; checkable: false; checked: false; focusable: false; focused: false; selected: false; clickable: true; longClickable: true; enabled: true; password: false; scrollable: false; [ACTION_SELECT, ACTION_CLEAR_SELECTION, ACTION_CLICK, ACTION_LONG_CLICK, ACTION_ACCESSIBILITY_FOCUS, ACTION_NEXT_AT_MOVEMENT_GRANULARITY, ACTION_PREVIOUS_AT_MOVEMENT_GRANULARITY, ACTION_SET_SELECTION]]
05-20 13:36:38.674 I/QueryController(32199): Matched selector: UiSelector[TEXT=Personal Mode, CLASS=android.widget.TextView, PACKAGE NAME=com.pekall.emdm.launcher] <<==>> [android.view.accessibility.AccessibilityNodeInfo@91e1b; boundsInParent: Rect(0, 0 - 160, 200); boundsInScreen: Rect(190, 608 - 350, 808); packageName: com.pekall.emdm.launcher; className: android.widget.TextView; text: Personal Mode; contentDescription: null; viewIdResName: null; checkable: false; checked: false; focusable: false; focused: false; selected: false; clickable: true; longClickable: true; enabled: true; password: false; scrollable: false; [ACTION_SELECT, ACTION_CLEAR_SELECTION, ACTION_CLICK, ACTION_LONG_CLICK, ACTION_ACCESSIBILITY_FOCUS, ACTION_NEXT_AT_MOVEMENT_GRANULARITY, ACTION_PREVIOUS_AT_MOVEMENT_GRANULARITY, ACTION_SET_SELECTION]]
05-20 13:36:38.681 I/AndroidRuntime(32199): VM exiting with result code 0.
05-20 13:36:40.330 D/AndroidRuntime(32215): 
05-20 13:36:40.330 D/AndroidRuntime(32215): >>>>>> AndroidRuntime START com.android.internal.os.RuntimeInit <<<<<<
05-20 13:36:40.330 D/AndroidRuntime(32215): CheckJNI is OFF
05-20 13:36:40.338 D/dalvikvm(32215): Trying to load lib libjavacore.so 0x0
05-20 13:36:40.346 D/dalvikvm(32215): Added shared lib libjavacore.so 0x0
05-20 13:36:40.353 D/dalvikvm(32215): Trying to load lib libnativehelper.so 0x0
05-20 13:36:40.353 D/dalvikvm(32215): Added shared lib libnativehelper.so 0x0
05-20 13:36:40.392 D/dalvikvm( 1468): GC_CONCURRENT freed 399K, 21% free 9650K/12104K, paused 21ms+4ms, total 41ms
05-20 13:36:40.455 W/MountService(  374): getVolumeState(/storage/emulated/0/external_sd): Unknown volume
05-20 13:36:40.517 W/MountService(  374): getVolumeState(/mnt/sdcard-ext): Unknown volume
05-20 13:36:40.517 W/MountService(  374): getVolumeState(/mnt/ext_sdcard): Unknown volume
05-20 13:36:40.517 W/MountService(  374): getVolumeState(/mnt/sdcard2): Unknown volume
05-20 13:36:40.525 W/MountService(  374): getVolumeState(/mnt/emmc): Unknown volume
05-20 13:36:40.525 W/MountService(  374): getVolumeState(/mnt/extSdCard): Unknown volume
05-20 13:36:40.533 D/AndroidRuntime(32215): Calling main entry com.android.commands.uiautomator.Launcher
05-20 13:36:40.556 W/MountService(  374): getVolumeState(/mnt/sdcard/SD_CARD): Unknown volume
05-20 13:36:40.556 W/MountService(  374): getVolumeState(/mnt/sdcard/extra_sd): Unknown volume
05-20 13:36:40.564 D/dalvikvm(32215): Note: class Landroid/app/ActivityManagerNative; has 163 unimplemented (abstract) methods
05-20 13:36:40.564 W/MountService(  374): getVolumeState(/mnt/extrasd_bind): Unknown volume
05-20 13:36:40.564 W/MountService(  374): getVolumeState(/mnt/sdcard/ext_sd): Unknown volume
05-20 13:36:40.564 W/MountService(  374): getVolumeState(/storage/extSdCard): Unknown volume
05-20 13:36:40.564 W/MountService(  374): getVolumeState(/storage/sdcard1): Unknown volume
05-20 13:36:40.564 W/MountService(  374): getVolumeState(/mnt/sdcard/external_SD): Unknown volume
05-20 13:36:40.564 W/MountService(  374): getVolumeState(/mnt/sdcard/external_sd): Unknown volume
05-20 13:36:40.752 D/dalvikvm( 1661): GC_CONCURRENT freed 1238K, 18% free 13137K/15888K, paused 2ms+4ms, total 60ms
05-20 13:36:40.830 D/dalvikvm(31070): GC_EXPLICIT freed 247K, 4% free 9201K/9504K, paused 1ms+4ms, total 24ms
05-20 13:36:40.931 D/dalvikvm( 1468): GC_CONCURRENT freed 520K, 21% free 9638K/12104K, paused 3ms+3ms, total 42ms
05-20 13:36:40.931 D/dalvikvm( 1468): WAIT_FOR_CONCURRENT_GC blocked 10ms
05-20 13:36:40.931 D/dalvikvm( 1468): WAIT_FOR_CONCURRENT_GC blocked 7ms
05-20 13:36:40.931 W/MountService(  374): getVolumeState(/storage/emulated/0/external_sd): Unknown volume
05-20 13:36:40.939 W/MountService(  374): getVolumeState(/mnt/sdcard-ext): Unknown volume
05-20 13:36:40.939 W/MountService(  374): getVolumeState(/mnt/ext_sdcard): Unknown volume
05-20 13:36:40.939 W/MountService(  374): getVolumeState(/mnt/sdcard2): Unknown volume
05-20 13:36:40.939 W/MountService(  374): getVolumeState(/mnt/emmc): Unknown volume
05-20 13:36:40.939 W/MountService(  374): getVolumeState(/mnt/extSdCard): Unknown volume
05-20 13:36:40.939 W/MountService(  374): getVolumeState(/mnt/sdcard/SD_CARD): Unknown volume
05-20 13:36:40.939 W/MountService(  374): getVolumeState(/mnt/sdcard/extra_sd): Unknown volume
05-20 13:36:40.939 W/MountService(  374): getVolumeState(/mnt/extrasd_bind): Unknown volume
05-20 13:36:40.939 W/MountService(  374): getVolumeState(/mnt/sdcard/ext_sd): Unknown volume
05-20 13:36:40.939 W/MountService(  374): getVolumeState(/storage/extSdCard): Unknown volume
05-20 13:36:40.939 W/MountService(  374): getVolumeState(/storage/sdcard1): Unknown volume
05-20 13:36:40.947 W/MountService(  374): getVolumeState(/mnt/sdcard/external_SD): Unknown volume
05-20 13:36:40.947 W/MountService(  374): getVolumeState(/mnt/sdcard/external_sd): Unknown volume
05-20 13:36:41.025 D/dalvikvm( 1468): GC_CONCURRENT freed 449K, 21% free 9623K/12104K, paused 4ms+2ms, total 25ms
05-20 13:36:41.150 V/PanelView(  448): animationTick called with dtms=0; nothing to do (h=0.0 v=4000.0)
05-20 13:36:43.666 I/PowerManagerService(  374): Going to sleep due to screen timeout...
05-20 13:36:43.721 I/PowerManagerService(  374): Waking up from sleep...
05-20 13:36:43.728 D/LauncherApplication(26771): [null:-1]->onActivityPaused
05-20 13:36:43.752 D/LauncherApplication(26771): [null:-1]->onActivityPaused  updateTime
05-20 13:36:43.822 D/dalvikvm(29976): GC_CONCURRENT freed 400K, 6% free 9620K/10196K, paused 2ms+3ms, total 54ms
05-20 13:36:43.822 D/dalvikvm(29976): WAIT_FOR_CONCURRENT_GC blocked 40ms
05-20 13:36:43.822 I/dalvikvm-heap(29976): Grow heap (frag case) to 9.641MB for 221232-byte allocation
05-20 13:36:43.861 D/dalvikvm(29976): GC_FOR_ALLOC freed <1K, 6% free 9836K/10416K, paused 40ms, total 40ms
05-20 13:36:43.869 W/Parcel  ( 1661): Attempt to read object from Parcel 0x5ec3bdac at offset 200 that is not in the object list
05-20 13:36:43.877 D/NfcService(  568): NFC-C OFF, disconnect
05-20 13:36:43.900 W/InputMethodManagerService(  374): Window already focused, ignoring focus gain of: com.android.internal.view.IInputMethodClient$Stub$Proxy@42a536e8 attribute=android.view.inputmethod.EditorInfo@4292f5d8, token = android.os.BinderProxy@42d5a578
05-20 13:36:43.955 V/MDM :   (26771): [null:-1]->Screen receiver is called.
05-20 13:36:43.963 W/Parcel  ( 1661): Attempt to read object from Parcel 0x5ded3dac at offset 200 that is not in the object list
05-20 13:36:44.041 V/WiseDownloadConditionControler(31841): checkCondition  type : TODAY_LAUNCHED_USER  inerrupting: false
05-20 13:36:44.049 V/LauncherApplication(26771): onActivityStarted
05-20 13:36:44.049 I/WindowManager(  374): No lock screen!
05-20 13:36:44.056 V/WiseDownloadConditionControler(31841): checkCondition  type : TRIGGER_WISE_DOWNLOAD  inerrupting: false
05-20 13:36:44.056 D/        (26771): [---null: -1---]     awsa  onActivityResumed
05-20 13:36:44.056 V/LauncherApplication(26771): 2MdmConstant.LAST_LAUNCH_TIME = 1400564203755
05-20 13:36:44.080 D/        (26771): [---null: -1---]  activity = com.pekall.emdm.launcher.Launcher
05-20 13:36:44.088 V/DefultSetContriller(26771): isLauncherDf = com.pekall.emdm.launcher
05-20 13:36:44.088 V/DefultSetContriller(26771): isLauncherDf = com.pekall.emdm.launcher
05-20 13:36:44.096 V/DefultSetContriller(26771): isPhoneDf = com.pekall.emdm.launcher
05-20 13:36:44.096 E/LauncherApplication(26771): isShowLogoutUI = true
05-20 13:36:44.096 E/LauncherApplication(26771): LogoutShowTime 1
05-20 13:36:44.096 V/Launcher(26771): onResume1111111 
05-20 13:36:44.096 V/Launcher(26771): is login ----> 
05-20 13:36:44.103 I/System.out(26771):  
05-20 13:36:44.103 I/System.out(26771): com.pekall.emdm.launcher.Workspace.setWallpaper(Unknown Source)
05-20 13:36:44.103 I/System.out(26771): com.pekall.emdm.launcher.Launcher.onResume(Unknown Source)
05-20 13:36:44.103 I/System.out(26771): android.app.Instrumentation.callActivityOnResume(Instrumentation.java:1192)
05-20 13:36:44.103 I/System.out(26771): android.app.Activity.performResume(Activity.java:5211)
05-20 13:36:44.103 I/System.out(26771): android.app.ActivityThread.performResumeActivity(ActivityThread.java:2780)
05-20 13:36:44.103 I/System.out(26771): android.app.ActivityThread.handleResumeActivity(ActivityThread.java:2819)
05-20 13:36:44.103 I/System.out(26771): android.app.ActivityThread$H.handleMessage(ActivityThread.java:1298)
05-20 13:36:44.103 I/System.out(26771): android.os.Handler.dispatchMessage(Handler.java:99)
05-20 13:36:44.103 I/System.out(26771): android.os.Looper.loop(Looper.java:137)
05-20 13:36:44.103 I/System.out(26771): android.app.ActivityThread.main(ActivityThread.java:5103)
05-20 13:36:44.111 I/System.out(26771): java.lang.reflect.Method.invokeNative(Native Method)
05-20 13:36:44.111 I/System.out(26771): java.lang.reflect.Method.invoke(Method.java:525)
05-20 13:36:44.111 I/System.out(26771): com.android.internal.os.ZygoteInit$MethodAndArgsCaller.run(ZygoteInit.java:737)
05-20 13:36:44.111 I/System.out(26771): com.android.internal.os.ZygoteInit.main(ZygoteInit.java:553)
05-20 13:36:44.111 I/System.out(26771): dalvik.system.NativeStart.main(Native Method)
05-20 13:36:44.150 W/Parcel  ( 1661): Attempt to read object from Parcel 0x5ec3bdac at offset 200 that is not in the object list
05-20 13:36:44.158 W/Parcel  ( 1661): Attempt to read object from Parcel 0x6013bdac at offset 200 that is not in the object list
05-20 13:36:44.197 V/DigitalWidgetViewsFactory(26417): DigitalWidget sets next alarm string to null
05-20 13:36:44.213 W/Settings( 1661): Setting airplane_mode_on has moved from android.provider.Settings.System to android.provider.Settings.Global, returning read-only value.
05-20 13:36:44.244 D/LightsService(  374): Excessive delay setting light: 67ms
05-20 13:36:44.244 V/WiseDownloadConditionControler(31841): checkCondition  type : WISE_DOWNLOAD  inerrupting: true
05-20 13:36:44.283 D/dalvikvm( 1468): null clazz in OP_INSTANCE_OF, single-stepping
05-20 13:36:44.306 D/dalvikvm(31091): GC_CONCURRENT freed 388K, 5% free 9808K/10320K, paused 2ms+1ms, total 67ms
05-20 13:36:44.361 D/dalvikvm(26771): JIT unchain all for threadid=11
05-20 13:36:44.408 D/dalvikvm(26771): GC_FOR_ALLOC freed 3595K, 21% free 54472K/68276K, paused 296ms, total 296ms
05-20 13:36:44.478 D/LightsService(  374): Excessive delay setting light: 67ms
05-20 13:36:44.611 D/LightsService(  374): Excessive delay setting light: 88ms
05-20 13:36:44.916 D/NfcService(  568): NFC-C ON
05-20 13:36:45.392 D/dalvikvm(32215): GC_FOR_ALLOC freed 7573K, 93% free 617K/8192K, paused 24ms, total 24ms
05-20 13:36:45.471 D/dalvikvm(32215): GC_CONCURRENT freed 419K, 93% free 607K/8192K, paused 2ms+1ms, total 7ms
05-20 13:36:45.541 D/dalvikvm(32215): GC_CONCURRENT freed 433K, 93% free 606K/8192K, paused 1ms+1ms, total 7ms
05-20 13:36:45.619 D/dalvikvm(32215): GC_CONCURRENT freed 393K, 93% free 597K/8192K, paused 1ms+0ms, total 6ms
05-20 13:36:45.689 D/dalvikvm(32215): GC_CONCURRENT freed 378K, 93% free 602K/8192K, paused 1ms+0ms, total 6ms
05-20 13:36:45.775 D/dalvikvm(32215): GC_CONCURRENT freed 378K, 93% free 607K/8192K, paused 2ms+0ms, total 6ms
05-20 13:36:45.861 D/dalvikvm(32215): GC_CONCURRENT freed 417K, 93% free 607K/8192K, paused 0ms+1ms, total 5ms
05-20 13:36:45.947 D/dalvikvm(32215): GC_CONCURRENT freed 393K, 93% free 616K/8192K, paused 0ms+0ms, total 5ms
05-20 13:36:46.017 D/dalvikvm(32215): GC_CONCURRENT freed 418K, 93% free 606K/8192K, paused 1ms+1ms, total 5ms
05-20 13:36:46.119 D/dalvikvm(32215): GC_CONCURRENT freed 392K, 93% free 597K/8192K, paused 1ms+0ms, total 6ms
05-20 13:36:46.189 D/dalvikvm(32215): GC_CONCURRENT freed 378K, 93% free 616K/8192K, paused 0ms+1ms, total 4ms
05-20 13:36:46.260 D/dalvikvm(32215): GC_CONCURRENT freed 432K, 93% free 592K/8192K, paused 1ms+1ms, total 5ms
05-20 13:36:46.338 D/dalvikvm(32215): GC_CONCURRENT freed 378K, 93% free 616K/8192K, paused 0ms+1ms, total 4ms
05-20 13:36:46.408 D/dalvikvm(32215): GC_CONCURRENT freed 432K, 93% free 592K/8192K, paused 1ms+1ms, total 5ms
05-20 13:36:46.486 D/dalvikvm(32215): GC_CONCURRENT freed 417K, 93% free 607K/8192K, paused 1ms+2ms, total 7ms
05-20 13:36:46.564 D/dalvikvm(32215): GC_CONCURRENT freed 393K, 93% free 616K/8192K, paused 0ms+0ms, total 5ms
05-20 13:36:46.650 D/dalvikvm(32215): GC_CONCURRENT freed 418K, 93% free 607K/8192K, paused 1ms+0ms, total 6ms
05-20 13:36:46.728 D/dalvikvm(32215): GC_CONCURRENT freed 393K, 93% free 597K/8192K, paused 1ms+1ms, total 5ms
05-20 13:36:46.799 D/dalvikvm(32215): GC_CONCURRENT freed 378K, 93% free 617K/8192K, paused 0ms+1ms, total 5ms
05-20 13:36:46.869 D/dalvikvm(32215): GC_CONCURRENT freed 418K, 93% free 607K/8192K, paused 1ms+0ms, total 6ms
05-20 13:36:46.947 D/dalvikvm(32215): GC_CONCURRENT freed 393K, 93% free 598K/8192K, paused 1ms+0ms, total 6ms
05-20 13:36:47.017 D/dalvikvm(32215): GC_CONCURRENT freed 378K, 93% free 617K/8192K, paused 1ms+1ms, total 5ms
05-20 13:36:47.103 D/dalvikvm(32215): GC_CONCURRENT freed 418K, 93% free 607K/8192K, paused 1ms+0ms, total 6ms
05-20 13:36:47.181 D/dalvikvm(32215): GC_CONCURRENT freed 393K, 93% free 598K/8192K, paused 1ms+0ms, total 6ms
05-20 13:36:47.252 D/dalvikvm(32215): GC_CONCURRENT freed 378K, 93% free 617K/8192K, paused 1ms+1ms, total 5ms
05-20 13:36:47.322 D/dalvikvm(32215): GC_CONCURRENT freed 418K, 93% free 607K/8192K, paused 2ms+1ms, total 6ms
05-20 13:36:47.400 D/dalvikvm(32215): GC_CONCURRENT freed 432K, 93% free 608K/8192K, paused 2ms+1ms, total 8ms
05-20 13:36:47.478 D/dalvikvm(32215): GC_CONCURRENT freed 393K, 93% free 598K/8192K, paused 1ms+1ms, total 5ms
05-20 13:36:47.549 D/dalvikvm(32215): GC_CONCURRENT freed 378K, 93% free 617K/8192K, paused 1ms+1ms, total 5ms
05-20 13:36:47.619 D/dalvikvm(32215): GC_CONCURRENT freed 432K, 93% free 593K/8192K, paused 1ms+0ms, total 5ms
05-20 13:36:47.697 D/dalvikvm(32215): GC_CONCURRENT freed 378K, 93% free 617K/8192K, paused 0ms+1ms, total 4ms
05-20 13:36:47.767 D/dalvikvm(32215): GC_CONCURRENT freed 432K, 93% free 593K/8192K, paused 0ms+1ms, total 5ms
05-20 13:36:47.846 D/dalvikvm(32215): GC_CONCURRENT freed 418K, 93% free 608K/8192K, paused 1ms+1ms, total 6ms
05-20 13:36:47.924 D/dalvikvm(32215): GC_CONCURRENT freed 432K, 93% free 608K/8192K, paused 0ms+2ms, total 6ms
05-20 13:36:47.994 D/dalvikvm(32215): GC_CONCURRENT freed 432K, 93% free 608K/8192K, paused 0ms+2ms, total 6ms
05-20 13:36:48.072 D/dalvikvm(32215): GC_CONCURRENT freed 432K, 93% free 608K/8192K, paused 0ms+0ms, total 7ms
05-20 13:36:48.142 D/dalvikvm(32215): GC_CONCURRENT freed 432K, 93% free 608K/8192K, paused 0ms+2ms, total 6ms
05-20 13:36:48.221 D/dalvikvm(32215): GC_CONCURRENT freed 432K, 93% free 608K/8192K, paused 0ms+2ms, total 6ms
05-20 13:36:48.314 D/dalvikvm(32215): GC_CONCURRENT freed 393K, 93% free 617K/8192K, paused 0ms+1ms, total 5ms
05-20 13:36:48.385 D/dalvikvm(32215): GC_CONCURRENT freed 418K, 93% free 608K/8192K, paused 1ms+0ms, total 6ms
05-20 13:36:48.486 D/dalvikvm(32215): GC_CONCURRENT freed 393K, 93% free 599K/8192K, paused 1ms+1ms, total 5ms
05-20 13:36:48.549 D/dalvikvm(32215): GC_CONCURRENT freed 378K, 93% free 617K/8192K, paused 0ms+0ms, total 5ms
05-20 13:36:48.627 D/dalvikvm(32215): GC_CONCURRENT freed 432K, 93% free 593K/8192K, paused 1ms+0ms, total 6ms
05-20 13:36:48.705 D/dalvikvm(32215): GC_CONCURRENT freed 379K, 93% free 617K/8192K, paused 0ms+1ms, total 4ms
05-20 13:36:48.775 D/dalvikvm(32215): GC_CONCURRENT freed 432K, 93% free 593K/8192K, paused 0ms+1ms, total 4ms
05-20 13:36:48.853 D/dalvikvm(32215): GC_CONCURRENT freed 418K, 93% free 608K/8192K, paused 0ms+0ms, total 5ms
05-20 13:36:48.931 D/dalvikvm(32215): GC_CONCURRENT freed 393K, 93% free 617K/8192K, paused 0ms+0ms, total 5ms
05-20 13:36:49.002 D/dalvikvm(32215): GC_CONCURRENT freed 432K, 93% free 593K/8192K, paused 1ms+0ms, total 5ms
05-20 13:36:49.080 D/dalvikvm(32215): GC_CONCURRENT freed 378K, 93% free 617K/8192K, paused 1ms+1ms, total 5ms
05-20 13:36:49.166 D/dalvikvm(32215): GC_CONCURRENT freed 418K, 93% free 608K/8192K, paused 2ms+1ms, total 6ms
05-20 13:36:49.244 D/dalvikvm(32215): GC_CONCURRENT freed 393K, 93% free 599K/8192K, paused 1ms+0ms, total 6ms
05-20 13:36:49.314 D/dalvikvm(32215): GC_CONCURRENT freed 378K, 93% free 617K/8192K, paused 1ms+1ms, total 5ms
05-20 13:36:49.392 D/dalvikvm(32215): GC_CONCURRENT freed 418K, 93% free 608K/8192K, paused 2ms+1ms, total 6ms
05-20 13:36:49.471 D/dalvikvm(32215): GC_CONCURRENT freed 393K, 93% free 599K/8192K, paused 1ms+0ms, total 6ms
05-20 13:36:49.533 D/dalvikvm(32215): GC_CONCURRENT freed 378K, 93% free 617K/8192K, paused 0ms+1ms, total 4ms
05-20 13:36:49.611 D/dalvikvm(32215): GC_CONCURRENT freed 418K, 93% free 608K/8192K, paused 2ms+1ms, total 6ms
05-20 13:36:49.681 D/dalvikvm(32215): GC_CONCURRENT freed 393K, 93% free 599K/8192K, paused 2ms+1ms, total 6ms
05-20 13:36:49.760 D/dalvikvm(32215): GC_CONCURRENT freed 378K, 93% free 618K/8192K, paused 1ms+1ms, total 5ms
05-20 13:36:49.830 D/dalvikvm(32215): GC_CONCURRENT freed 432K, 93% free 594K/8192K, paused 1ms+1ms, total 6ms
05-20 13:36:49.908 D/dalvikvm(32215): GC_CONCURRENT freed 378K, 93% free 604K/8192K, paused 1ms+0ms, total 6ms
05-20 13:36:49.978 D/dalvikvm(32215): GC_CONCURRENT freed 378K, 93% free 618K/8192K, paused 1ms+1ms, total 5ms
05-20 13:36:50.049 D/dalvikvm(32215): GC_CONCURRENT freed 432K, 93% free 594K/8192K, paused 0ms+1ms, total 5ms
05-20 13:36:50.127 D/dalvikvm(32215): GC_CONCURRENT freed 412K, 93% free 613K/8192K, paused 0ms+2ms, total 6ms
05-20 13:36:50.213 D/dalvikvm(32215): GC_CONCURRENT freed 398K, 93% free 618K/8192K, paused 0ms+1ms, total 5ms
05-20 13:36:50.283 D/dalvikvm(32215): GC_CONCURRENT freed 432K, 93% free 594K/8192K, paused 1ms+1ms, total 6ms
05-20 13:36:50.361 D/dalvikvm(32215): GC_CONCURRENT freed 378K, 93% free 599K/8192K, paused 2ms+1ms, total 6ms
05-20 13:36:50.431 D/dalvikvm(32215): GC_CONCURRENT freed 378K, 93% free 618K/8192K, paused 0ms+1ms, total 5ms
05-20 13:36:50.502 D/dalvikvm(32215): GC_CONCURRENT freed 418K, 93% free 608K/8192K, paused 2ms+1ms, total 6ms
05-20 13:36:50.580 D/dalvikvm(32215): GC_CONCURRENT freed 393K, 93% free 599K/8192K, paused 2ms+1ms, total 6ms
05-20 13:36:50.658 D/dalvikvm(32215): GC_CONCURRENT freed 378K, 93% free 626K/8192K, paused 1ms+2ms, total 7ms
05-20 13:36:50.728 D/dalvikvm(32215): GC_CONCURRENT freed 417K, 93% free 609K/8192K, paused 0ms+0ms, total 5ms
05-20 13:36:50.806 D/dalvikvm(32215): GC_CONCURRENT freed 394K, 93% free 618K/8192K, paused 0ms+0ms, total 5ms
05-20 13:36:50.877 D/dalvikvm(32215): GC_CONCURRENT freed 432K, 93% free 594K/8192K, paused 1ms+0ms, total 5ms
05-20 13:36:50.955 D/dalvikvm(32215): GC_CONCURRENT freed 378K, 93% free 618K/8192K, paused 1ms+1ms, total 5ms
05-20 13:36:51.025 D/dalvikvm(32215): GC_CONCURRENT freed 432K, 93% free 594K/8192K, paused 1ms+1ms, total 5ms
05-20 13:36:51.103 D/dalvikvm(32215): GC_CONCURRENT freed 378K, 93% free 599K/8192K, paused 1ms+1ms, total 5ms
05-20 13:36:51.174 D/dalvikvm(32215): GC_CONCURRENT freed 378K, 93% free 605K/8192K, paused 1ms+1ms, total 5ms
05-20 13:36:51.244 D/dalvikvm(32215): GC_CONCURRENT freed 378K, 93% free 610K/8192K, paused 1ms+1ms, total 5ms
05-20 13:36:51.322 D/dalvikvm(32215): GC_CONCURRENT freed 378K, 93% free 615K/8192K, paused 2ms+1ms, total 6ms
05-20 13:36:51.392 D/dalvikvm(32215): GC_CONCURRENT freed 418K, 93% free 609K/8192K, paused 1ms+0ms, total 6ms
05-20 13:36:51.471 D/dalvikvm(32215): GC_CONCURRENT freed 393K, 93% free 600K/8192K, paused 1ms+0ms, total 6ms
05-20 13:36:51.541 D/dalvikvm(32215): GC_CONCURRENT freed 378K, 93% free 605K/8192K, paused 1ms+1ms, total 5ms
05-20 13:36:51.611 D/dalvikvm(32215): GC_CONCURRENT freed 378K, 93% free 610K/8192K, paused 2ms+1ms, total 6ms
05-20 13:36:51.681 D/dalvikvm(32215): GC_CONCURRENT freed 378K, 93% free 616K/8192K, paused 2ms+1ms, total 7ms
05-20 13:36:51.681 I/ActivityManager(  374): No longer want com.google.android.apps.maps:LocationFriendService (pid 31048): empty for 1800s
05-20 13:36:51.681 I/ActivityManager(  374): No longer want com.google.android.apps.maps:FriendService (pid 31036): empty for 1800s
05-20 13:36:51.681 I/ActivityManager(  374): No longer want com.google.android.apps.maps:GoogleLocationService (pid 31015): empty for 1801s
05-20 13:36:51.760 D/dalvikvm(32215): GC_CONCURRENT freed 417K, 93% free 608K/8192K, paused 2ms+1ms, total 6ms
05-20 13:36:51.767 W/ActivityManager(  374): Scheduling restart of crashed service com.google.android.apps.maps/com.google.android.location.internal.server.GoogleLocationService in 5000ms
05-20 13:36:52.017 D/dalvikvm(26771): JIT unchain all for threadid=11
05-20 13:36:52.346 D/dalvikvm(26771): JIT unchain all for threadid=11
05-20 13:36:52.416 D/dalvikvm(26771): GC_CONCURRENT freed 8064K, 17% free 54473K/64940K, paused 259ms+265ms, total 649ms
05-20 13:36:52.525 D/dalvikvm(32215): GC_CONCURRENT freed 393K, 93% free 599K/8192K, paused 1ms+0ms, total 6ms
05-20 13:36:52.596 D/dalvikvm(32215): GC_CONCURRENT freed 378K, 93% free 604K/8192K, paused 1ms+1ms, total 6ms
05-20 13:36:52.666 D/dalvikvm(32215): GC_CONCURRENT freed 378K, 93% free 609K/8192K, paused 2ms+1ms, total 6ms
05-20 13:36:52.736 D/dalvikvm(32215): GC_CONCURRENT freed 378K, 93% free 614K/8192K, paused 1ms+1ms, total 5ms
05-20 13:36:52.814 D/dalvikvm(32215): GC_CONCURRENT freed 418K, 93% free 609K/8192K, paused 2ms+1ms, total 6ms
05-20 13:36:52.892 D/dalvikvm(32215): GC_CONCURRENT freed 393K, 93% free 600K/8192K, paused 1ms+1ms, total 6ms
05-20 13:36:52.963 D/dalvikvm(32215): GC_CONCURRENT freed 378K, 93% free 618K/8192K, paused 0ms+1ms, total 5ms
05-20 13:36:53.033 D/dalvikvm(32215): GC_CONCURRENT freed 418K, 93% free 609K/8192K, paused 2ms+1ms, total 7ms
05-20 13:36:53.111 D/dalvikvm(32215): GC_CONCURRENT freed 393K, 93% free 600K/8192K, paused 1ms+0ms, total 6ms
05-20 13:36:53.181 D/dalvikvm(32215): GC_CONCURRENT freed 378K, 93% free 605K/8192K, paused 2ms+1ms, total 6ms
05-20 13:36:53.252 D/dalvikvm(32215): GC_CONCURRENT freed 378K, 93% free 610K/8192K, paused 2ms+0ms, total 6ms
05-20 13:36:53.322 D/dalvikvm(32215): GC_CONCURRENT freed 378K, 93% free 616K/8192K, paused 2ms+1ms, total 6ms
05-20 13:36:53.392 D/dalvikvm(32215): GC_CONCURRENT freed 432K, 93% free 595K/8192K, paused 0ms+1ms, total 5ms
05-20 13:36:53.471 D/dalvikvm(32215): GC_CONCURRENT freed 378K, 93% free 619K/8192K, paused 0ms+0ms, total 5ms
05-20 13:36:53.541 D/dalvikvm(32215): GC_CONCURRENT freed 418K, 93% free 609K/8192K, paused 1ms+1ms, total 6ms
05-20 13:36:53.619 D/dalvikvm(32215): GC_CONCURRENT freed 393K, 93% free 600K/8192K, paused 1ms+1ms, total 5ms
05-20 13:36:53.689 D/dalvikvm(32215): GC_CONCURRENT freed 378K, 93% free 618K/8192K, paused 0ms+1ms, total 4ms
05-20 13:36:53.760 D/dalvikvm(32215): GC_CONCURRENT freed 418K, 93% free 609K/8192K, paused 2ms+1ms, total 7ms
05-20 13:36:53.838 D/dalvikvm(32215): GC_CONCURRENT freed 393K, 93% free 618K/8192K, paused 0ms+0ms, total 5ms
05-20 13:36:53.908 D/dalvikvm(32215): GC_CONCURRENT freed 432K, 93% free 595K/8192K, paused 0ms+0ms, total 5ms
05-20 13:36:53.978 D/dalvikvm(32215): GC_CONCURRENT freed 378K, 93% free 619K/8192K, paused 0ms+0ms, total 5ms
05-20 13:36:54.049 D/dalvikvm(32215): GC_CONCURRENT freed 432K, 93% free 595K/8192K, paused 1ms+1ms, total 6ms
05-20 13:36:54.142 D/dalvikvm(32215): GC_CONCURRENT freed 417K, 93% free 609K/8192K, paused 0ms+1ms, total 9ms
05-20 13:36:54.221 D/dalvikvm(32215): GC_CONCURRENT freed 432K, 93% free 609K/8192K, paused 0ms+2ms, total 7ms
05-20 13:36:54.299 D/dalvikvm(32215): GC_CONCURRENT freed 393K, 93% free 649K/8192K, paused 0ms+0ms, total 6ms
05-20 13:36:54.369 D/dalvikvm(32215): GC_CONCURRENT freed 432K, 93% free 619K/8192K, paused 0ms+0ms, total 5ms
05-20 13:36:54.439 D/dalvikvm(32215): GC_CONCURRENT freed 432K, 93% free 595K/8192K, paused 0ms+1ms, total 5ms
05-20 13:36:54.510 D/dalvikvm(32215): GC_CONCURRENT freed 378K, 93% free 619K/8192K, paused 0ms+0ms, total 5ms
05-20 13:36:54.580 D/dalvikvm(32215): GC_CONCURRENT freed 432K, 93% free 595K/8192K, paused 1ms+1ms, total 5ms
05-20 13:36:54.650 D/dalvikvm(32215): GC_CONCURRENT freed 378K, 93% free 619K/8192K, paused 0ms+0ms, total 5ms
05-20 13:36:54.721 D/dalvikvm(32215): GC_CONCURRENT freed 418K, 93% free 609K/8192K, paused 2ms+1ms, total 7ms
05-20 13:36:54.799 D/dalvikvm(32215): GC_CONCURRENT freed 393K, 93% free 600K/8192K, paused 2ms+1ms, total 6ms
05-20 13:36:54.861 D/dalvikvm(32215): GC_CONCURRENT freed 378K, 93% free 605K/8192K, paused 1ms+0ms, total 6ms
05-20 13:36:54.931 D/dalvikvm(32215): GC_CONCURRENT freed 378K, 93% free 611K/8192K, paused 2ms+1ms, total 6ms
05-20 13:36:55.002 D/dalvikvm(32215): GC_CONCURRENT freed 379K, 93% free 616K/8192K, paused 1ms+0ms, total 6ms
05-20 13:36:55.072 D/dalvikvm(32215): GC_CONCURRENT freed 418K, 93% free 609K/8192K, paused 2ms+1ms, total 7ms
05-20 13:36:55.142 D/LightsService(  374): Excessive delay setting light: 86ms
05-20 13:36:55.150 D/dalvikvm(32215): GC_CONCURRENT freed 393K, 93% free 600K/8192K, paused 1ms+0ms, total 6ms
05-20 13:36:55.236 D/dalvikvm(32215): GC_CONCURRENT freed 378K, 93% free 605K/8192K, paused 1ms+0ms, total 6ms
05-20 13:36:55.306 D/dalvikvm(32215): GC_CONCURRENT freed 378K, 93% free 611K/8192K, paused 1ms+0ms, total 6ms
05-20 13:36:55.385 D/dalvikvm(32215): GC_CONCURRENT freed 378K, 93% free 616K/8192K, paused 1ms+1ms, total 6ms
05-20 13:36:55.447 D/dalvikvm(32215): GC_CONCURRENT freed 432K, 93% free 595K/8192K, paused 0ms+0ms, total 5ms
05-20 13:36:55.525 D/dalvikvm(32215): GC_CONCURRENT freed 378K, 93% free 619K/8192K, paused 1ms+1ms, total 5ms
05-20 13:36:55.596 D/dalvikvm(32215): GC_CONCURRENT freed 432K, 93% free 595K/8192K, paused 0ms+0ms, total 5ms
05-20 13:36:55.666 D/dalvikvm(32215): GC_CONCURRENT freed 378K, 93% free 619K/8192K, paused 1ms+1ms, total 6ms
05-20 13:36:55.736 D/dalvikvm(32215): GC_CONCURRENT freed 432K, 93% free 595K/8192K, paused 0ms+0ms, total 5ms
05-20 13:36:55.806 D/dalvikvm(32215): GC_CONCURRENT freed 418K, 93% free 610K/8192K, paused 0ms+1ms, total 6ms
05-20 13:36:55.885 D/dalvikvm(32215): GC_CONCURRENT freed 393K, 93% free 600K/8192K, paused 1ms+0ms, total 6ms
05-20 13:36:55.955 D/dalvikvm(32215): GC_CONCURRENT freed 378K, 93% free 606K/8192K, paused 1ms+1ms, total 5ms
05-20 13:36:56.017 D/dalvikvm(32215): GC_CONCURRENT freed 379K, 93% free 610K/8192K, paused 2ms+1ms, total 6ms
05-20 13:36:56.088 D/dalvikvm(32215): GC_CONCURRENT freed 378K, 93% free 616K/8192K, paused 2ms+1ms, total 6ms
05-20 13:36:56.158 D/dalvikvm(32215): GC_CONCURRENT freed 418K, 93% free 609K/8192K, paused 1ms+0ms, total 6ms
05-20 13:36:56.236 D/dalvikvm(32215): GC_CONCURRENT freed 393K, 93% free 600K/8192K, paused 1ms+0ms, total 6ms
05-20 13:36:56.306 D/dalvikvm(32215): GC_CONCURRENT freed 378K, 93% free 605K/8192K, paused 2ms+1ms, total 6ms
05-20 13:36:56.369 D/dalvikvm(32215): GC_CONCURRENT freed 378K, 93% free 611K/8192K, paused 1ms+0ms, total 6ms
05-20 13:36:56.439 D/dalvikvm(32215): GC_CONCURRENT freed 378K, 93% free 616K/8192K, paused 1ms+0ms, total 6ms
05-20 13:36:56.510 D/dalvikvm(32215): GC_CONCURRENT fre