05-20 18:51:45.752 D/        (11191): [---null: -1---]  1111222  mLongAxisStartPadding110
05-20 18:51:45.752 D/        (11191): [---null: -1---]  11112223  heightSpecSize1094
05-20 18:51:45.752 D/        (11191): [---null: -1---]  11112223  mLongAxisStartPadding110
05-20 18:51:45.752 D/        (11191): [---null: -1---]  11112223  mLongAxisEndPadding110
05-20 18:51:45.752 D/        (11191): [---null: -1---]  11112223  mRows4
05-20 18:51:45.752 D/        (11191): [---null: -1---]  1111222  mLongAxisStartPadding110
05-20 18:51:45.760 D/        (11191): [---null: -1---]  11112223  heightSpecSize1094
05-20 18:51:45.760 D/        (11191): [---null: -1---]  11112223  mLongAxisStartPadding110
05-20 18:51:45.760 D/        (11191): [---null: -1---]  11112223  mLongAxisEndPadding110
05-20 18:51:45.760 D/        (11191): [---null: -1---]  11112223  mRows4
05-20 18:51:45.760 D/        (11191): [---null: -1---]  1111222  mLongAxisStartPadding110
05-20 18:51:45.760 D/        (11191): [---null: -1---]  11112223  heightSpecSize1094
05-20 18:51:45.767 D/        (11191): [---null: -1---]  11112223  mLongAxisStartPadding110
05-20 18:51:45.767 D/        (11191): [---null: -1---]  11112223  mLongAxisEndPadding110
05-20 18:51:45.767 D/        (11191): [---null: -1---]  11112223  mRows4
05-20 18:51:45.767 D/        (11191): [---null: -1---]  1111222  mLongAxisStartPadding110
05-20 18:51:45.767 D/        (11191): [---null: -1---]  11112223  heightSpecSize1094
05-20 18:51:45.767 D/        (11191): [---null: -1---]  11112223  mLongAxisStartPadding110
05-20 18:51:45.775 D/        (11191): [---null: -1---]  11112223  mLongAxisEndPadding110
05-20 18:51:45.775 D/        (11191): [---null: -1---]  11112223  mRows4
05-20 18:51:45.775 D/        (11191): [---null: -1---]  1111222  mLongAxisStartPadding110
05-20 18:51:45.775 D/        (11191): [---null: -1---]  11112223  heightSpecSize1094
05-20 18:51:45.775 D/        (11191): [---null: -1---]  11112223  mLongAxisStartPadding110
05-20 18:51:45.775 D/        (11191): [---null: -1---]  11112223  mLongAxisEndPadding110
05-20 18:51:45.783 D/        (11191): [---null: -1---]  11112223  mRows4
05-20 18:51:45.791 D/        (11191): [---null: -1---]  xxd111  getPackageName  com.pekall.emdm.launcher
05-20 18:51:45.791 D/        (11191): [---null: -1---]  xxd111  getClassName  com.pekall.emdm.contacts.activities.PeopleActivity
05-20 18:51:45.791 D/        (11191): [---null: -1---]  xxd111  info.title  EmdmContacts ,count is 0
05-20 18:51:45.799 D/        (11191): [---null: -1---]  xxd111  getPackageName  com.pekall.emdm.launcher
05-20 18:51:45.799 D/        (11191): [---null: -1---]  xxd111  getClassName  com.pekall.emdm.browser.BrowserActivity
05-20 18:51:45.799 D/        (11191): [---null: -1---]  xxd111  info.title  Safe Browser ,count is 0
05-20 18:51:45.806 D/        (11191): [---null: -1---]  xxd111  getPackageName  com.pekall.emdm.launcher
05-20 18:51:45.806 D/        (11191): [---null: -1---]  xxd111  getClassName  com.pekall.emdm.launcher.ui.AboutActivity
05-20 18:51:45.806 D/        (11191): [---null: -1---]  xxd111  info.title  About ,count is 0
05-20 18:51:45.806 D/        (11191): [---null: -1---]  xxd111  getPackageName  com.pekall.emdm.launcher
05-20 18:51:45.806 D/        (11191): [---null: -1---]  xxd111  getClassName  com.pekall.emdm.launcher.ui.SettingActivity
05-20 18:51:45.806 D/        (11191): [---null: -1---]  xxd111  info.title  Setting ,count is 0
05-20 18:51:45.814 W/Parcel  ( 1661): Attempt to read object from Parcel 0x5ded3dac at offset 200 that is not in the object list
05-20 18:51:45.814 V/l       (11191): Connected: com.pekall.exchange.ExchangeService
05-20 18:51:45.814 W/ActivityManager(  374): Unable to start service Intent { act=pekall.intent.action.DOWNLOAD_APP (has extras) } U=0: not found
05-20 18:51:45.822 D/ExchangeService(11191): !!! EAS ExchangeService, onStartCommand, startingUp = false, running = false
05-20 18:51:45.822 D/ExchangeService(11191): to start secureStorageService now
05-20 18:51:45.822 V/CounterTextView(11191): onReceive
05-20 18:51:45.822 D/        (11191): [---null: -1---]   msg  xxd1
05-20 18:51:45.830 V/CounterTextView(11191): onReceive
05-20 18:51:45.830 D/        (11191): [---null: -1---]   msg  xxd1
05-20 18:51:45.838 V/l       (11191): Task setLogging completed; disconnecting
05-20 18:51:45.838 D/        (11191): [---null: -1---]  1111222  mLongAxisStartPadding110
05-20 18:51:45.838 D/        (11191): [---null: -1---]  11112223  heightSpecSize1094
05-20 18:51:45.838 D/        (11191): [---null: -1---]  11112223  mLongAxisStartPadding110
05-20 18:51:45.846 D/        (11191): [---null: -1---]  11112223  mLongAxisEndPadding110
05-20 18:51:45.846 D/        (11191): [---null: -1---]  11112223  mRows4
05-20 18:51:45.853 D/        (11191): [---null: -1---]  1111222  mLongAxisStartPadding110
05-20 18:51:45.853 D/        (11191): [---null: -1---]  11112223  heightSpecSize1094
05-20 18:51:45.853 D/        (11191): [---null: -1---]  11112223  mLongAxisStartPadding110
05-20 18:51:45.853 D/        (11191): [---null: -1---]  11112223  mLongAxisEndPadding110
05-20 18:51:45.853 D/        (11191): [---null: -1---]  11112223  mRows4
05-20 18:51:45.877 E/QueryController(11976): Cannot proceed when root node is null. Aborted search
05-20 18:51:45.877 E/QueryController(11976): Got null root node from accessibility - Retrying...
05-20 18:51:45.916 V/a       (11191): Bind requested for task test
05-20 18:51:45.939 D/ExchangeService(11191): Reconciling accounts...
05-20 18:51:45.939 V/a       (11191): Bind requested for task reconcileAccounts
05-20 18:51:45.939 V/a       (11191): Waiting for task reconcileAccounts to complete...
05-20 18:51:45.978 I/ActivityManager(  374): Displayed com.pekall.emdm.launcher/.Launcher: +3s110ms
05-20 18:51:46.010 V/CounterTextView(11191): onReceive
05-20 18:51:46.010 D/        (11191): [---null: -1---]   msg  xxd1
05-20 18:51:46.041 D/        (11191): [---null: -1---]  1111222  mLongAxisStartPadding110
05-20 18:51:46.041 D/        (11191): [---null: -1---]  11112223  heightSpecSize1094
05-20 18:51:46.041 D/        (11191): [---null: -1---]  11112223  mLongAxisStartPadding110
05-20 18:51:46.041 D/        (11191): [---null: -1---]  11112223  mLongAxisEndPadding110
05-20 18:51:46.041 D/        (11191): [---null: -1---]  11112223  mRows4
05-20 18:51:46.041 D/        (11191): [---null: -1---]  1111222  mLongAxisStartPadding110
05-20 18:51:46.049 D/        (11191): [---null: -1---]  11112223  heightSpecSize1094
05-20 18:51:46.049 D/        (11191): [---null: -1---]  11112223  mLongAxisStartPadding110
05-20 18:51:46.049 D/        (11191): [---null: -1---]  11112223  mLongAxisEndPadding110
05-20 18:51:46.049 D/        (11191): [---null: -1---]  11112223  mRows4
05-20 18:51:46.049 D/        (11191): [---null: -1---]  1111222  mLongAxisStartPadding110
05-20 18:51:46.049 D/        (11191): [---null: -1---]  11112223  heightSpecSize1094
05-20 18:51:46.056 D/        (11191): [---null: -1---]  11112223  mLongAxisStartPadding110
05-20 18:51:46.056 D/        (11191): [---null: -1---]  11112223  mLongAxisEndPadding110
05-20 18:51:46.056 D/        (11191): [---null: -1---]  11112223  mRows4
05-20 18:51:46.056 D/        (11191): [---null: -1---]  1111222  mLongAxisStartPadding110
05-20 18:51:46.056 D/        (11191): [---null: -1---]  11112223  heightSpecSize1094
05-20 18:51:46.056 D/        (11191): [---null: -1---]  11112223  mLongAxisStartPadding110
05-20 18:51:46.064 D/        (11191): [---null: -1---]  11112223  mLongAxisEndPadding110
05-20 18:51:46.064 D/        (11191): [---null: -1---]  11112223  mRows4
05-20 18:51:46.064 D/        (11191): [---null: -1---]  1111222  mLongAxisStartPadding110
05-20 18:51:46.064 D/        (11191): [---null: -1---]  11112223  heightSpecSize1094
05-20 18:51:46.064 D/        (11191): [---null: -1---]  11112223  mLongAxisStartPadding110
05-20 18:51:46.064 D/        (11191): [---null: -1---]  11112223  mLongAxisEndPadding110
05-20 18:51:46.064 D/        (11191): [---null: -1---]  11112223  mRows4
05-20 18:51:46.072 D/        (11191): [---null: -1---]  1111222  mLongAxisStartPadding110
05-20 18:51:46.072 D/        (11191): [---null: -1---]  11112223  heightSpecSize1094
05-20 18:51:46.072 D/        (11191): [---null: -1---]  11112223  mLongAxisStartPadding110
05-20 18:51:46.072 D/        (11191): [---null: -1---]  11112223  mLongAxisEndPadding110
05-20 18:51:46.072 D/        (11191): [---null: -1---]  11112223  mRows4
05-20 18:51:46.080 D/        (11191): [---null: -1---]  1111222  mLongAxisStartPadding110
05-20 18:51:46.080 D/        (11191): [---null: -1---]  11112223  heightSpecSize1094
05-20 18:51:46.080 D/        (11191): [---null: -1---]  11112223  mLongAxisStartPadding110
05-20 18:51:46.080 D/        (11191): [---null: -1---]  11112223  mLongAxisEndPadding110
05-20 18:51:46.080 D/        (11191): [---null: -1---]  11112223  mRows4
05-20 18:51:46.080 D/        (11191): [---null: -1---]  1111222  mLongAxisStartPadding110
05-20 18:51:46.088 D/        (11191): [---null: -1---]  11112223  heightSpecSize1094
05-20 18:51:46.088 D/        (11191): [---null: -1---]  11112223  mLongAxisStartPadding110
05-20 18:51:46.088 D/        (11191): [---null: -1---]  11112223  mLongAxisEndPadding110
05-20 18:51:46.088 D/        (11191): [---null: -1---]  11112223  mRows4
05-20 18:51:46.088 D/        (11191): [---null: -1---]  1111222  mLongAxisStartPadding110
05-20 18:51:46.096 D/        (11191): [---null: -1---]  11112223  heightSpecSize1094
05-20 18:51:46.096 D/        (11191): [---null: -1---]  11112223  mLongAxisStartPadding110
05-20 18:51:46.096 D/        (11191): [---null: -1---]  11112223  mLongAxisEndPadding110
05-20 18:51:46.096 D/        (11191): [---null: -1---]  11112223  mRows4
05-20 18:51:46.096 D/        (11191): [---null: -1---]  1111222  mLongAxisStartPadding110
05-20 18:51:46.096 D/        (11191): [---null: -1---]  11112223  heightSpecSize1094
05-20 18:51:46.096 D/        (11191): [---null: -1---]  11112223  mLongAxisStartPadding110
05-20 18:51:46.103 D/        (11191): [---null: -1---]  11112223  mLongAxisEndPadding110
05-20 18:51:46.103 D/        (11191): [---null: -1---]  11112223  mRows4
05-20 18:51:46.158 D/        (11191): [---null: -1---]  1111222  mLongAxisStartPadding110
05-20 18:51:46.158 D/        (11191): [---null: -1---]  11112223  heightSpecSize1094
05-20 18:51:46.158 D/        (11191): [---null: -1---]  11112223  mLongAxisStartPadding110
05-20 18:51:46.158 D/        (11191): [---null: -1---]  11112223  mLongAxisEndPadding110
05-20 18:51:46.158 D/        (11191): [---null: -1---]  11112223  mRows4
05-20 18:51:46.166 D/        (11191): [---null: -1---]  1111222  mLongAxisStartPadding110
05-20 18:51:46.166 D/        (11191): [---null: -1---]  11112223  heightSpecSize1094
05-20 18:51:46.166 D/        (11191): [---null: -1---]  11112223  mLongAxisStartPadding110
05-20 18:51:46.166 D/        (11191): [---null: -1---]  11112223  mLongAxisEndPadding110
05-20 18:51:46.166 D/        (11191): [---null: -1---]  11112223  mRows4
05-20 18:51:46.166 D/        (11191): [---null: -1---]  1111222  mLongAxisStartPadding110
05-20 18:51:46.166 D/        (11191): [---null: -1---]  11112223  heightSpecSize1094
05-20 18:51:46.174 D/        (11191): [---null: -1---]  11112223  mLongAxisStartPadding110
05-20 18:51:46.174 D/        (11191): [---null: -1---]  11112223  mLongAxisEndPadding110
05-20 18:51:46.174 D/        (11191): [---null: -1---]  11112223  mRows4
05-20 18:51:46.174 D/        (11191): [---null: -1---]  1111222  mLongAxisStartPadding110
05-20 18:51:46.174 D/        (11191): [---null: -1---]  11112223  heightSpecSize1094
05-20 18:51:46.174 D/        (11191): [---null: -1---]  11112223  mLongAxisStartPadding110
05-20 18:51:46.181 D/        (11191): [---null: -1---]  11112223  mLongAxisEndPadding110
05-20 18:51:46.181 D/        (11191): [---null: -1---]  11112223  mRows4
05-20 18:51:46.181 D/        (11191): [---null: -1---]  1111222  mLongAxisStartPadding110
05-20 18:51:46.181 D/        (11191): [---null: -1---]  11112223  heightSpecSize1094
05-20 18:51:46.181 D/        (11191): [---null: -1---]  11112223  mLongAxisStartPadding110
05-20 18:51:46.189 D/        (11191): [---null: -1---]  11112223  mLongAxisEndPadding110
05-20 18:51:46.189 D/        (11191): [---null: -1---]  11112223  mRows4
05-20 18:51:46.189 D/        (11191): [---null: -1---]  1111222  mLongAxisStartPadding110
05-20 18:51:46.197 D/        (11191): [---null: -1---]  11112223  heightSpecSize1094
05-20 18:51:46.197 D/        (11191): [---null: -1---]  11112223  mLongAxisStartPadding110
05-20 18:51:46.197 D/        (11191): [---null: -1---]  11112223  mLongAxisEndPadding110
05-20 18:51:46.197 D/        (11191): [---null: -1---]  11112223  mRows4
05-20 18:51:46.197 D/        (11191): [---null: -1---]  1111222  mLongAxisStartPadding110
05-20 18:51:46.197 D/        (11191): [---null: -1---]  11112223  heightSpecSize1094
05-20 18:51:46.205 D/        (11191): [---null: -1---]  11112223  mLongAxisStartPadding110
05-20 18:51:46.205 D/        (11191): [---null: -1---]  11112223  mLongAxisEndPadding110
05-20 18:51:46.205 D/        (11191): [---null: -1---]  11112223  mRows4
05-20 18:51:46.205 D/        (11191): [---null: -1---]  1111222  mLongAxisStartPadding110
05-20 18:51:46.205 D/        (11191): [---null: -1---]  11112223  heightSpecSize1094
05-20 18:51:46.205 D/        (11191): [---null: -1---]  11112223  mLongAxisStartPadding110
05-20 18:51:46.213 D/        (11191): [---null: -1---]  11112223  mLongAxisEndPadding110
05-20 18:51:46.213 D/        (11191): [---null: -1---]  11112223  mRows4
05-20 18:51:46.213 D/        (11191): [---null: -1---]  1111222  mLongAxisStartPadding110
05-20 18:51:46.213 D/        (11191): [---null: -1---]  11112223  heightSpecSize1094
05-20 18:51:46.213 D/        (11191): [---null: -1---]  11112223  mLongAxisStartPadding110
05-20 18:51:46.221 D/        (11191): [---null: -1---]  11112223  mLongAxisEndPadding110
05-20 18:51:46.221 D/        (11191): [---null: -1---]  11112223  mRows4
05-20 18:51:46.221 D/        (11191): [---null: -1---]  1111222  mLongAxisStartPadding110
05-20 18:51:46.221 D/        (11191): [---null: -1---]  11112223  heightSpecSize1094
05-20 18:51:46.221 D/        (11191): [---null: -1---]  11112223  mLongAxisStartPadding110
05-20 18:51:46.221 D/        (11191): [---null: -1---]  11112223  mLongAxisEndPadding110
05-20 18:51:46.228 D/        (11191): [---null: -1---]  11112223  mRows4
05-20 18:51:46.346 V/a       (11191): Connected: com.pekall.semail.service.AccountServiceInternal
05-20 18:51:46.353 I/QueryController(11976): Matched selector: UiSelector[TEXT=Personal Mode] <<==>> [android.view.accessibility.AccessibilityNodeInfo@43e98; boundsInParent: Rect(0, 0 - 160, 200); boundsInScreen: Rect(190, 608 - 350, 808); packageName: com.pekall.emdm.launcher; className: android.widget.TextView; text: Personal Mode; contentDescription: null; viewIdResName: null; checkable: false; checked: false; focusable: false; focused: false; selected: false; clickable: true; longClickable: true; enabled: true; password: false; scrollable: false; [ACTION_SELECT, ACTION_CLEAR_SELECTION, ACTION_CLICK, ACTION_LONG_CLICK, ACTION_ACCESSIBILITY_FOCUS, ACTION_NEXT_AT_MOVEMENT_GRANULARITY, ACTION_PREVIOUS_AT_MOVEMENT_GRANULARITY, ACTION_SET_SELECTION]]
05-20 18:51:46.353 V/a       (11191): Connected: com.pekall.semail.service.AccountServiceInternal
05-20 18:51:46.353 W/Settings(11191): Setting data_roaming has moved from android.provider.Settings.System to android.provider.Settings.Global, returning read-only value.
05-20 18:51:46.353 D/        (11191): [---null: -1---]  1111222  mLongAxisStartPadding110
05-20 18:51:46.353 D/        (11191): [---null: -1---]  11112223  heightSpecSize1094
05-20 18:51:46.361 D/        (11191): [---null: -1---]  11112223  mLongAxisStartPadding110
05-20 18:51:46.361 D/        (11191): [---null: -1---]  11112223  mLongAxisEndPadding110
05-20 18:51:46.361 D/        (11191): [---null: -1---]  11112223  mRows4
05-20 18:51:46.361 D/        (11191): [---null: -1---]  1111222  mLongAxisStartPadding110
05-20 18:51:46.369 D/        (11191): [---null: -1---]  11112223  heightSpecSize1094
05-20 18:51:46.369 D/        (11191): [---null: -1---]  11112223  mLongAxisStartPadding110
05-20 18:51:46.369 D/        (11191): [---null: -1---]  11112223  mLongAxisEndPadding110
05-20 18:51:46.369 D/        (11191): [---null: -1---]  11112223  mRows4
05-20 18:51:46.369 V/a       (11191): Connection test succeeded in 456ms
05-20 18:51:46.369 V/a       (11191): Task test completed; disconnecting
05-20 18:51:46.377 V/a       (11191): Task reconcileAccounts completed; disconnecting
05-20 18:51:46.377 V/a       (11191): Wait for reconcileAccounts finished in 439ms
05-20 18:51:46.385 D/ExchangeService(11191): !!! EAS ExchangeService, stopping self
05-20 18:51:46.385 D/ExchangeService(11191): !!! EAS ExchangeService, onDestroy
05-20 18:51:46.885 I/ActivityManager(  374): START u0 {act=android.intent.action.MAIN cat=[android.intent.category.HOME] flg=0x10200000 cmp=com.pekall.emdm.launcher/.Launcher} from pid 374
05-20 18:51:46.908 D/LauncherApplication(11191): [null:-1]->onActivityPaused
05-20 18:51:46.916 D/LauncherApplication(11191): [null:-1]->onActivityPaused  updateTime
05-20 18:51:46.963 D/dalvikvm(  448): GC_FOR_ALLOC freed 414K, 14% free 13818K/15944K, paused 27ms, total 27ms
05-20 18:51:46.963 I/dalvikvm-heap(  448): Grow heap (frag case) to 13.895MB for 380496-byte allocation
05-20 18:51:46.986 D/dalvikvm(  448): GC_FOR_ALLOC freed 443K, 16% free 13746K/16316K, paused 24ms, total 24ms
05-20 18:51:47.181 D/dalvikvm(11191): JIT unchain all for threadid=11
05-20 18:51:47.252 D/dalvikvm(11191): GC_FOR_ALLOC freed 4938K, 27% free 28396K/38488K, paused 319ms, total 322ms
05-20 18:51:47.275 D/        (11191): [---null: -1---]     awsa  onActivityResumed
05-20 18:51:47.275 V/LauncherApplication(11191): 2MdmConstant.LAST_LAUNCH_TIME = 1400583106920
05-20 18:51:47.299 D/        (11191): [---null: -1---]  activity = com.pekall.emdm.launcher.Launcher
05-20 18:51:47.299 V/DefultSetContriller(11191): isLauncherDf = com.pekall.emdm.launcher
05-20 18:51:47.306 V/DefultSetContriller(11191): isLauncherDf = com.pekall.emdm.launcher
05-20 18:51:47.306 V/DefultSetContriller(11191): isPhoneDf = com.pekall.emdm.launcher
05-20 18:51:47.306 E/LauncherApplication(11191): isShowLogoutUI = true
05-20 18:51:47.306 E/LauncherApplication(11191): LogoutShowTime 1
05-20 18:51:47.306 V/Launcher(11191): onResume1111111 
05-20 18:51:47.306 V/Launcher(11191): is login ----> 
05-20 18:51:47.314 I/System.out(11191):  
05-20 18:51:47.314 I/System.out(11191): com.pekall.emdm.launcher.Workspace.setWallpaper(Unknown Source)
05-20 18:51:47.322 I/System.out(11191): com.pekall.emdm.launcher.Launcher.onResume(Unknown Source)
05-20 18:51:47.322 I/System.out(11191): android.app.Instrumentation.callActivityOnResume(Instrumentation.java:1192)
05-20 18:51:47.322 I/System.out(11191): android.app.Activity.performResume(Activity.java:5211)
05-20 18:51:47.322 I/System.out(11191): android.app.ActivityThread.performNewIntents(ActivityThread.java:2345)
05-20 18:51:47.322 I/System.out(11191): android.app.ActivityThread.handleNewIntent(ActivityThread.java:2352)
05-20 18:51:47.322 I/System.out(11191): android.app.ActivityThread.access$1400(ActivityThread.java:141)
05-20 18:51:47.322 I/System.out(11191): android.app.ActivityThread$H.handleMessage(ActivityThread.java:1327)
05-20 18:51:47.322 I/System.out(11191): android.os.Handler.dispatchMessage(Handler.java:99)
05-20 18:51:47.322 I/System.out(11191): android.os.Looper.loop(Looper.java:137)
05-20 18:51:47.322 I/System.out(11191): android.app.ActivityThread.main(ActivityThread.java:5103)
05-20 18:51:47.322 I/System.out(11191): java.lang.reflect.Method.invokeNative(Native Method)
05-20 18:51:47.322 I/System.out(11191): java.lang.reflect.Method.invoke(Method.java:525)
05-20 18:51:47.322 I/System.out(11191): com.android.internal.os.ZygoteInit$MethodAndArgsCaller.run(ZygoteInit.java:737)
05-20 18:51:47.322 I/System.out(11191): com.android.internal.os.ZygoteInit.main(ZygoteInit.java:553)
05-20 18:51:47.330 I/System.out(11191): dalvik.system.NativeStart.main(Native Method)
05-20 18:51:47.580 D/dalvikvm(11191): JIT unchain all for threadid=11
05-20 18:51:47.619 D/dalvikvm(11191): GC_FOR_ALLOC freed 132K, 26% free 28861K/38488K, paused 287ms, total 288ms
05-20 18:51:47.627 I/dalvikvm-heap(11191): Grow heap (frag case) to 31.543MB for 3415696-byte allocation
05-20 18:51:47.877 D/dalvikvm(11191): JIT unchain all for threadid=11
05-20 18:51:47.885 W/InteractionController(11976): runAndwaitForEvent timedout waiting for events
05-20 18:51:47.931 D/dalvikvm(11191): GC_FOR_ALLOC freed <1K, 24% free 32196K/41824K, paused 304ms, total 304ms
05-20 18:51:48.049 I/Choreographer(11191): Skipped 66 frames!  The application may be doing too much work on its main thread.
05-20 18:51:48.697 D/CommandManager(11191): [null:-1]->requestType: DeviceInformation
05-20 18:51:48.728 W/Parcel  ( 1661): Attempt to read object from Parcel 0x5dfd3dac at offset 200 that is not in the object list
05-20 18:51:48.744 V/CounterTextView(11191): onReceive
05-20 18:51:48.744 D/        (11191): [---null: -1---]   msg  xxd1
05-20 18:51:48.744 V/CounterTextView(11191): onReceive
05-20 18:51:48.752 D/        (11191): [---null: -1---]   msg  xxd1
05-20 18:51:48.752 V/CounterTextView(11191): onReceive
05-20 18:51:48.760 D/        (11191): [---null: -1---]   msg  xxd1
05-20 18:51:48.791 D/MdmDatabaseHelper(11191): [null:-1]->update command 0765a37e-23ff-458d-b2fc-ffb645f54079 to commandStatus <?xml version="1.0" encoding="UTF-8"?>
05-20 18:51:48.791 D/MdmDatabaseHelper(11191): <!DOCTYPE plist PUBLIC "-//Apple//DTD PLIST 1.0//EN" "http://www.apple.com/DTDs/PropertyList-1.0.dtd">
05-20 18:51:48.791 D/MdmDatabaseHelper(11191): <plist version="1.0">
05-20 18:51:48.791 D/MdmDatabaseHelper(11191): <dict>
05-20 18:51:48.791 D/MdmDatabaseHelper(11191): 	<key>QueryResponses</key>
05-20 18:51:48.791 D/MdmDatabaseHelper(11191): 	<dict>
05-20 18:51:48.791 D/MdmDatabaseHelper(11191): 		<key>deviceId</key>
05-20 18:51:48.791 D/MdmDatabaseHelper(11191): 		<string>00013fbc8ecec5b900000146193107d7</string>
05-20 18:51:48.791 D/MdmDatabaseHelper(11191): 		<key>deviceSecurityStatus</key>
05-20 18:51:48.791 D/MdmDatabaseHelper(11191): 		<string>root</string>
05-20 18:51:48.791 D/MdmDatabaseHelper(11191): 		<key>diskTotal</key>
05-20 18:51:48.791 D/MdmDatabaseHelper(11191): 		<string>0.0</string>
05-20 18:51:48.791 D/MdmDatabaseHelper(11191): 		<key>diskUsed</key>
05-20 18:51:48.791 D/MdmDatabaseHelper(11191): 		<string>0.0</string>
05-20 18:51:48.791 D/MdmDatabaseHelper(11191): 		<key>displaySize</key>
05-20 18:51:48.791 D/MdmDatabaseHelper(11191): 		<string>720x1184</string>
05-20 18:51:48.791 D/MdmDatabaseHelper(11191): 		<key>freeDiskSize</key>
05-20 18:51:48.791 D/MdmDatabaseHelper(11191): 		<integer>0</integer>
05-20 18:51:48.791 D/MdmDatabaseHelper(11191): 		<key>freeRamSize</key>
05-20 18:51:48.791 D/MdmDatabaseHelper(11191): 		<integer>36261888</integer>
05-20 18:51:48.791 D/MdmDatabaseHelper(11191): 		<key>language</key>
05-20 18:51:48.791 D/MdmDatabaseHelper(11191): 		<string>en-US</string>
05-20 18:51:48.791 D/MdmDatabaseHelper(11191): 		<key>netSpeed</key>
05-20 18:51:48.791 D/MdmDatabaseHelper(11191): 		<dict>
05-20 18:51:48.791 D/MdmDatabaseHelper(11191): 			<key>downlink</key>
05-20 18:51:48.791 D/MdmDatabaseHelper(11191): 			<real>8417694.0</real>
05-20 18:51:48.791 D/MdmDatabaseHelper(11191): 			<key>uplink</key>
05-20 18:51:48.791 D/MdmDatabaseHelper(11191): 			<real>6461524.333333333</real>
05-20 18:51:48.791 D/MdmDatabaseHelper(11191): 		</dict>
05-20 18:51:48.791 D/MdmDatabaseHelper(11191): 		<key>ramTotal</key>
05-20 18:51:48.791 D/MdmDatabaseHelper(11191): 		<string>728023040</string>
05-20 18:51:48.791 D/MdmDatabaseHelper(11191): 		<key>ramUsed</key>
05-20 18:51:48.791 D/MdmDatabaseHelper(11191): 		<string>691761152</string>
05-20 18:51:48.791 D/MdmDatabaseHelper(11191): 		<key>trafficBytes</key>
05-20 18:51:48.791 D/MdmDatabaseHelper(11191): 		<integer>0</integer>
05-20 18:51:48.791 D/MdmDatabaseHelper(11191): 		<key>AvailableDeviceCapacity</key>
05-20 18:51:48.791 D/MdmDatabaseHelper(11191): 		<real>1.342418E7</real>
05-20 18:51:48.791 D/MdmDatabaseHelper(11191): 		<key>BuildVersion</key>
05-20 18:51:48.791 D/MdmDatabaseHelper(11191): 		<string>REL</string>
05-20 18:51:48.791 D/MdmDatabaseHelper(11191): 		<key>CanDisableSystemFunction</key>
05-20 18:51:48.791 D/MdmDatabaseHelper(11191): 		<false/>
05-20 18:51:48.791 D/MdmDatabaseHelper(11191): 		<key>CellularTechnology</key>
05-20 18:51:48.791 D/MdmDatabaseHelper(11191): 		<integer>3</integer>
05-20 18:51:48.791 D/MdmDatabaseHelper(11191): 		<key>CurrentCarrierNetwork</key>
05-20 18:51:48.791 D/MdmDatabaseHelper(11191): 		<string></string>
05-20 18:51:48.791 D/MdmDatabaseHelper(11191): 		<key>CurrentMCC</key>
05-20 18:51:48.791 D/MdmDatabaseHelper(11191): 		<string>cn</string>
05-20 18:51:48.791 D/MdmDatabaseHelper(11191): 		<key>CurrentMNC</key>
05-20 18:51:48.791 D/MdmDatabaseHelper(11191): 		<string>46001</string>
05-20 18:51:48.791 D/MdmDatabaseHelper(11191): 		<key>DataRoamingEnabled</key>
05-20 18:51:48.791 D/MdmDatabaseHelper(11191): 		<false/>
05-20 18:51:48.791 D/MdmDatabaseHelper(11191): 		<key>DeviceCapacity</key>
05-20 18:51:48.791 D/MdmDatabaseHelper(11191): 		<real>1.3975888E7</real>
05-20 18:51:48.791 D/MdmDatabaseHelper(11191): 		<key>HasSamsungSafeAPI</key>
05-20 18:51:48.791 D/MdmDatabaseHelper(11191): 		<false/>
05-20 18:51:48.791 D/MdmDatabaseHelper(11191): 		<key>ICCID</key>
05-20 18:51:48.791 D/MdmDatabaseHelper(11191): 		<string></string>
05-20 18:51:48.791 D/MdmDatabaseHelper(11191): 		<key>IMEI</key>
05-20 18:51:48.791 D/MdmDatabaseHelper(11191): 		<string>351554059027897</string>
05-20 18:51:48.791 D/MdmDatabaseHelper(11191): 		<key>IsRoaming</key>
05-20 18:51:48.791 D/MdmDatabaseHelper(11191): 		<false/>
05-20 18:51:48.791 D/MdmDatabaseHelper(11191): 		<key>Model</key>
05-20 18:51:48.791 D/MdmDatabaseHelper(11191): 		<string>Galaxy Nexus</string>
05-20 18:51:48.791 D/MdmDatabaseHelper(11191): 		<key>OSVersion</key>
05-20 18:51:48.791 D/MdmDatabaseHelper(11191): 		<string>4.3</string>
05-20 18:51:48.791 D/MdmDatabaseHelper(11191): 		<key>PhoneNumber</key>
05-20 18:51:48.791 D/MdmDatabaseHelper(11191): 		<string>0</string>
05-20 18:51:48.791 D/MdmDatabaseHelper(11191): 		<key>ProductName</key>
05-20 18:51:48.791 D/MdmDatabaseHelper(11191): 		<string>yakju</string>
05-20 18:51:48.791 D/MdmDatabaseHelper(11191): 		<key>SIMCarrierNetwork</key>
05-20 18:51:48.791 D/MdmDatabaseHelper(11191): 		<string></string>
05-20 18:51:48.791 D/MdmDatabaseHelper(11191): 		<key>SerialNumber</key>
05-20 18:51:48.791 D/MdmDatabaseHelper(11191): 		<string>014E0FFF06015018</string>
05-20 18:51:48.791 D/MdmDatabaseHelper(11191): 		<key>UDID</key>
05-20 18:51:48.791 D/MdmDatabaseHelper(11191): 		<string>00013fbc8ecec5b900000146193107d7</string>
05-20 18:51:48.791 D/MdmDatabaseHelper(11191): 		<key>WiFiMAC</key>
05-20 18:51:48.791 D/MdmDatabaseHelper(11191): 		<string>20:64:32:7a:19:48</string>
05-20 18:51:48.791 D/MdmDatabaseHelper(11191): 	</dict>
05-20 18:51:48.791 D/MdmDatabaseHelper(11191): 	<key>CommandUUID</key>
05-20 18:51:48.791 D/MdmDatabaseHelper(11191): 	<string>0765a37e-23ff-458d-b2fc-ffb645f54079</string>
05-20 18:51:48.791 D/MdmDatabaseHelper(11191): 	<key>Status</key>
05-20 18:51:48.791 D/MdmDatabaseHelper(11191): 	<string>Acknowledged</string>
05-20 18:51:48.791 D/MdmDatabaseHelper(11191): 	<key>UDID</key>
05-20 18:51:48.791 D/MdmDatabaseHelper(11191): 	<string>00013fbc8ecec5b900000146193107d7</string>
05-20 18:51:48.791 D/MdmDatabaseHelper(11191): </dict>
05-20 18:51:48.791 D/MdmDatabaseHelper(11191): </plist>
05-20 18:51:48.814 I/TransInfo(11191): TransInfo created, id: 3, class: class com.pekall.emdm.transaction.c.b
05-20 18:51:48.822 D/NetworkThread(11191): [null:-1]->----isRunning-----true
05-20 18:51:48.822 D/NetworkThread(11191): [null:-1]->----isRunning-----true
05-20 18:51:48.822 D/NetworkThread(11191): [null:-1]->thread wakeup
05-20 18:51:48.830 D/NetworkThread(11191): [null:-1]->sendHttpPost:PostRequest, url: http://192.168.10.21/rest/mdm/v1/ios/android_server, Params: [content:<?xml version="1.0" encoding="UTF-8"?>
05-20 18:51:48.830 D/NetworkThread(11191): <!DOCTYPE plist PUBLIC "-//Apple//DTD PLIST 1.0//EN" "http://www.apple.com/DTDs/PropertyList-1.0.dtd">
05-20 18:51:48.830 D/NetworkThread(11191): <plist version="1.0">
05-20 18:51:48.830 D/NetworkThread(11191): <dict>
05-20 18:51:48.830 D/NetworkThread(11191): 	<key>QueryResponses</key>
05-20 18:51:48.830 D/NetworkThread(11191): 	<dict>
05-20 18:51:48.830 D/NetworkThread(11191): 		<key>deviceId</key>
05-20 18:51:48.830 D/NetworkThread(11191): 		<string>00013fbc8ecec5b900000146193107d7</string>
05-20 18:51:48.830 D/NetworkThread(11191): 		<key>deviceSecurityStatus</key>
05-20 18:51:48.830 D/NetworkThread(11191): 		<string>root</string>
05-20 18:51:48.830 D/NetworkThread(11191): 		<key>diskTotal</key>
05-20 18:51:48.830 D/NetworkThread(11191): 		<string>0.0</string>
05-20 18:51:48.830 D/NetworkThread(11191): 		<key>diskUsed</key>
05-20 18:51:48.830 D/NetworkThread(11191): 		<string>0.0</string>
05-20 18:51:48.830 D/NetworkThread(11191): 		<key>displaySize</key>
05-20 18:51:48.830 D/NetworkThread(11191): 		<string>720x1184</string>
05-20 18:51:48.830 D/NetworkThread(11191): 		<key>freeDiskSize</key>
05-20 18:51:48.830 D/NetworkThread(11191): 		<integer>0</integer>
05-20 18:51:48.830 D/NetworkThread(11191): 		<key>freeRamSize</key>
05-20 18:51:48.830 D/NetworkThread(11191): 		<integer>36261888</integer>
05-20 18:51:48.830 D/NetworkThread(11191): 		<key>language</key>
05-20 18:51:48.830 D/NetworkThread(11191): 		<string>en-US</string>
05-20 18:51:48.830 D/NetworkThread(11191): 		<key>netSpeed</key>
05-20 18:51:48.830 D/NetworkThread(11191): 		<dict>
05-20 18:51:48.830 D/NetworkThread(11191): 			<key>downlink</key>
05-20 18:51:48.830 D/NetworkThread(11191): 			<real>8417694.0</real>
05-20 18:51:48.830 D/NetworkThread(11191): 			<key>uplink</key>
05-20 18:51:48.830 D/NetworkThread(11191): 			<real>6461524.333333333</real>
05-20 18:51:48.830 D/NetworkThread(11191): 		</dict>
05-20 18:51:48.830 D/NetworkThread(11191): 		<key>ramTotal</key>
05-20 18:51:48.830 D/NetworkThread(11191): 		<string>728023040</string>
05-20 18:51:48.830 D/NetworkThread(11191): 		<key>ramUsed</key>
05-20 18:51:48.830 D/NetworkThread(11191): 		<string>691761152</string>
05-20 18:51:48.830 D/NetworkThread(11191): 		<key>trafficBytes</key>
05-20 18:51:48.830 D/NetworkThread(11191): 		<integer>0</integer>
05-20 18:51:48.830 D/NetworkThread(11191): 		<key>AvailableDeviceCapacity</key>
05-20 18:51:48.830 D/NetworkThread(11191): 		<real>1.342418E7</real>
05-20 18:51:48.830 D/NetworkThread(11191): 		<key>BuildVersion</key>
05-20 18:51:48.830 D/NetworkThread(11191): 		<string>REL</string>
05-20 18:51:48.830 D/NetworkThread(11191): 		<key>CanDisableSystemFunction</key>
05-20 18:51:48.830 D/NetworkThread(11191): 		<false/>
05-20 18:51:48.830 D/NetworkThread(11191): 		<key>CellularTechnology</key>
05-20 18:51:48.830 D/NetworkThread(11191): 		<integer>3</integer>
05-20 18:51:48.830 D/NetworkThread(11191): 		<key>CurrentCarrierNetwork</key>
05-20 18:51:48.830 D/NetworkThread(11191): 		<string></string>
05-20 18:51:48.830 D/NetworkThread(11191): 		<key>CurrentMCC</key>
05-20 18:51:48.830 D/NetworkThread(11191): 		<string>cn</string>
05-20 18:51:48.830 D/NetworkThread(11191): 		<key>CurrentMNC</key>
05-20 18:51:48.830 D/NetworkThread(11191): 		<string>46001</string>
05-20 18:51:48.830 D/NetworkThread(11191): 		<key>DataRoamingEnabled</key>
05-20 18:51:48.830 D/NetworkThread(11191): 		<false/>
05-20 18:51:48.830 D/NetworkThread(11191): 		<key>DeviceCapacity</key>
05-20 18:51:48.830 D/NetworkThread(11191): 		<real>1.3975888E7</real>
05-20 18:51:48.830 D/NetworkThread(11191): 		<key>HasSamsungSafeAPI</key>
05-20 18:51:48.830 D/NetworkThread(11191): 		<false/>
05-20 18:51:48.830 D/NetworkThread(11191): 		<key>ICCID</key>
05-20 18:51:48.830 D/NetworkThread(11191): 		<string></string>
05-20 18:51:48.830 D/NetworkThread(11191): 		<key>IMEI</key>
05-20 18:51:48.830 D/NetworkThread(11191): 		<string>351554059027897</string>
05-20 18:51:48.830 D/NetworkThread(11191): 		<key>IsRoaming</key>
05-20 18:51:48.830 D/NetworkThread(11191): 		<false/>
05-20 18:51:48.830 D/NetworkThread(11191): 		<key>Model</key>
05-20 18:51:48.830 D/NetworkThread(11191): 		<string>Galaxy Nexus</string>
05-20 18:51:48.830 D/NetworkThread(11191): 		<key>OSVersion</key>
05-20 18:51:48.830 D/NetworkThread(11191): 		<string>4.3</string>
05-20 18:51:48.830 D/NetworkThread(11191): 		<key>PhoneNumber</key>
05-20 18:51:48.830 D/NetworkThread(11191): 		<string>0</string>
05-20 18:51:48.830 D/NetworkThread(11191): 		<key>ProductName</key>
05-20 18:51:48.830 D/NetworkThread(11191): 		<string>yakju</string>
05-20 18:51:48.830 D/NetworkThread(11191): 		<key>SIMCarrierNetwork</key>
05-20 18:51:48.830 D/NetworkThread(11191): 		<string></string>
05-20 18:51:48.830 D/NetworkThread(11191): 		<key>SerialNumber</key>
05-20 18:51:48.830 D/NetworkThread(11191): 		<string>014E0FFF06015018</string>
05-20 18:51:48.830 D/NetworkThread(11191): 		<key>UDID</key>
05-20 18:51:48.830 D/NetworkThread(11191): 		<string>00013fbc8ecec5b900000146193107d7</string>
05-20 18:51:48.830 D/NetworkThread(11191): 		<key>WiFiMAC</key>
05-20 18:51:48.830 D/NetworkThread(11191): 		<string>20:64:32:7a:19:48</string>
05-20 18:51:48.830 D/NetworkThread(11191): 	</dict>
05-20 18:51:48.830 D/NetworkThread(11191): 	<key>CommandUUID</key>
05-20 18:51:48.830 D/NetworkThread(11191): 	<string>0765a37e-23ff-458d-b2fc-ffb645f54079</string>
05-20 18:51:48.830 D/NetworkThread(11191): 	<key>Status</key>
05-20 18:51:48.830 D/NetworkThread(11191): 	<string>Acknowledged</string>
05-20 18:51:48.830 D/NetworkThread(11191): 	<key>UDID</key>
05-20 18:51:48.830 D/NetworkThread(11191): 	<string>00013fbc8ecec5b900000146193107d7</string>
05-20 18:51:48.830 D/NetworkThread(11191): </dict>
05-20 18:51:48.830 D/NetworkThread(11191): </plist>], 
05-20 18:51:48.830 D/HttpClient(11191): enable apache.http debug
05-20 18:51:48.838 V/DEBUG   (11191): HTTP 0
05-20 18:51:49.346 D/MDM :   (11191): [null:-1]->statusCode : 200
05-20 18:51:49.346 D/MDM :   (11191): [null:-1]->statusCode : 200
05-20 18:51:49.346 V/DEBUG   (11191): HTTP 1
05-20 18:51:49.353 D/MDM :   (11191): [null:-1]->read network input stream
05-20 18:51:49.361 D/MDM :   (11191): [null:-1]->Get joson string: <?xml version="1.0" encoding="UTF-8"?>
05-20 18:51:49.361 D/MDM :   (11191): <!DOCTYPE plist PUBLIC "-//Apple//DTD PLIST 1.0//EN" "http://www.apple.com/DTDs/PropertyList-1.0.dtd">
05-20 18:51:49.361 D/MDM :   (11191): <plist version="1.0">
05-20 18:51:49.361 D/MDM :   (11191): <dict>
05-20 18:51:49.361 D/MDM :   (11191): 	<key>CommandUUID</key>
05-20 18:51:49.361 D/MDM :   (11191): 	<string>063706e6-c336-403f-9ea6-f42c1537ca40</string>
05-20 18:51:49.361 D/MDM :   (11191): 	<key>Command</key>
05-20 18:51:49.361 D/MDM :   (11191): 	<dict>
05-20 18:51:49.361 D/MDM :   (11191): 		<key>RequestType</key>
05-20 18:51:49.361 D/MDM :   (11191): 		<string>ManagedApplicationList</string>
05-20 18:51:49.361 D/MDM :   (11191): 	</dict>
05-20 18:51:49.361 D/MDM :   (11191): </dict>
05-20 18:51:49.361 D/MDM :   (11191): </plist>
05-20 18:51:49.369 D/MdmDatabaseHelper(11191): [null:-1]->update command 0765a37e-23ff-458d-b2fc-ffb645f54079 to status executed
05-20 18:51:49.392 D/CheckInTransInfo(11191): [null:-1]->CommandMsg : CommandMsg{CommandUUID='063706e6-c336-403f-9ea6-f42c1537ca40', Command=CommandObject{RequestType='ManagedApplicationList'}}
05-20 18:51:49.416 D/NetworkThread(11191): [null:-1]->clear mCurrentTransInfo
05-20 18:51:49.416 D/NetworkThread(11191): [null:-1]->queue is empty, thread wait...
05-20 18:51:49.517 D/MdmService(11191): [null:-1]->handleCheckInResult
05-20 18:51:49.517 D/MdmService(11191): [null:-1]->handleCheckInResult result keyIndex: 3
05-20 18:51:49.517 D/CommandManager(11191): [null:-1]->execute command: CommandMsg{CommandUUID='063706e6-c336-403f-9ea6-f42c1537ca40', Command=CommandObject{RequestType='ManagedApplicationList'}}
05-20 18:51:49.525 D/CommandManager(11191): [null:-1]->requestType: ManagedApplicationList
05-20 18:51:49.549 W/Parcel  ( 1661): Attempt to read object from Parcel 0x6013bdac at offset 200 that is not in the object list
05-20 18:51:49.556 V/CounterTextView(11191): onReceive
05-20 18:51:49.556 D/        (11191): [---null: -1---]   msg  xxd1
05-20 18:51:49.564 V/CounterTextView(11191): onReceive
05-20 18:51:49.564 D/        (11191): [---null: -1---]   msg  xxd1
05-20 18:51:49.572 V/CounterTextView(11191): onReceive
05-20 18:51:49.572 D/        (11191): [---null: -1---]   msg  xxd1
05-20 18:51:49.580 D/MdmDatabaseHelper(11191): [null:-1]->update command 063706e6-c336-403f-9ea6-f42c1537ca40 to commandStatus <?xml version="1.0" encoding="UTF-8"?>
05-20 18:51:49.580 D/MdmDatabaseHelper(11191): <!DOCTYPE plist PUBLIC "-//Apple//DTD PLIST 1.0//EN" "http://www.apple.com/DTDs/PropertyList-1.0.dtd">
05-20 18:51:49.580 D/MdmDatabaseHelper(11191): <plist version="1.0">
05-20 18:51:49.580 D/MdmDatabaseHelper(11191): <dict>
05-20 18:51:49.580 D/MdmDatabaseHelper(11191): 	<key>ManagedApplicationList</key>
05-20 18:51:49.580 D/MdmDatabaseHelper(11191): 	<dict>
05-20 18:51:49.580 D/MdmDatabaseHelper(11191): 	</dict>
05-20 18:51:49.580 D/MdmDatabaseHelper(11191): 	<key>CommandUUID</key>
05-20 18:51:49.580 D/MdmDatabaseHelper(11191): 	<string>063706e6-c336-403f-9ea6-f42c1537ca40</string>
05-20 18:51:49.580 D/MdmDatabaseHelper(11191): 	<key>Status</key>
05-20 18:51:49.580 D/MdmDatabaseHelper(11191): 	<string>Acknowledged</string>
05-20 18:51:49.580 D/MdmDatabaseHelper(11191): 	<key>UDID</key>
05-20 18:51:49.580 D/MdmDatabaseHelper(11191): 	<string>00013fbc8ecec5b900000146193107d7</string>
05-20 18:51:49.580 D/MdmDatabaseHelper(11191): </dict>
05-20 18:51:49.580 D/MdmDatabaseHelper(11191): </plist>
05-20 18:51:49.611 I/TransInfo(11191): TransInfo created, id: 3, class: class com.pekall.emdm.transaction.c.b
05-20 18:51:49.611 D/NetworkThread(11191): [null:-1]->----isRunning-----true
05-20 18:51:49.611 D/NetworkThread(11191): [null:-1]->----isRunning-----true
05-20 18:51:49.611 D/NetworkThread(11191): [null:-1]->thread wakeup
05-20 18:51:49.611 D/NetworkThread(11191): [null:-1]->sendHttpPost:PostRequest, url: http://192.168.10.21/rest/mdm/v1/ios/android_server, Params: [content:<?xml version="1.0" encoding="UTF-8"?>
05-20 18:51:49.611 D/NetworkThread(11191): <!DOCTYPE plist PUBLIC "-//Apple//DTD PLIST 1.0//EN" "http://www.apple.com/DTDs/PropertyList-1.0.dtd">
05-20 18:51:49.611 D/NetworkThread(11191): <plist version="1.0">
05-20 18:51:49.611 D/NetworkThread(11191): <dict>
05-20 18:51:49.611 D/NetworkThread(11191): 	<key>ManagedApplicationList</key>
05-20 18:51:49.611 D/NetworkThread(11191): 	<dict>
05-20 18:51:49.611 D/NetworkThread(11191): 	</dict>
05-20 18:51:49.611 D/NetworkThread(11191): 	<key>CommandUUID</key>
05-20 18:51:49.611 D/NetworkThread(11191): 	<string>063706e6-c336-403f-9ea6-f42c1537ca40</string>
05-20 18:51:49.611 D/NetworkThread(11191): 	<key>Status</key>
05-20 18:51:49.611 D/NetworkThread(11191): 	<string>Acknowledged</string>
05-20 18:51:49.611 D/NetworkThread(11191): 	<key>UDID</key>
05-20 18:51:49.611 D/NetworkThread(11191): 	<string>00013fbc8ecec5b900000146193107d7</string>
05-20 18:51:49.611 D/NetworkThread(11191): </dict>
05-20 18:51:49.611 D/NetworkThread(11191): </plist>], 
05-20 18:51:49.611 D/HttpClient(11191): enable apache.http debug
05-20 18:51:49.619 V/DEBUG   (11191): HTTP 0
05-20 18:51:50.135 D/MDM :   (11191): [null:-1]->statusCode : 200
05-20 18:51:50.135 D/MDM :   (11191): [null:-1]->statusCode : 200
05-20 18:51:50.135 V/DEBUG   (11191): HTTP 1
05-20 18:51:50.135 D/MDM :   (11191): [null:-1]->read network input stream
05-20 18:51:50.142 D/MDM :   (11191): [null:-1]->Get joson string: <?xml version="1.0" encoding="UTF-8"?>
05-20 18:51:50.142 D/MDM :   (11191): <!DOCTYPE plist PUBLIC "-//Apple//DTD PLIST 1.0//EN" "http://www.apple.com/DTDs/PropertyList-1.0.dtd">
05-20 18:51:50.142 D/MDM :   (11191): <plist version="1.0">
05-20 18:51:50.142 D/MDM :   (11191): <dict>
05-20 18:51:50.142 D/MDM :   (11191): 	<key>CommandUUID</key>
05-20 18:51:50.142 D/MDM :   (11191): 	<string>88e8d27d-0708-4fdc-bbb8-406cbb7bebb3</string>
05-20 18:51:50.142 D/MDM :   (11191): 	<key>Command</key>
05-20 18:51:50.142 D/MDM :   (11191): 	<dict>
05-20 18:51:50.142 D/MDM :   (11191): 		<key>RequestType</key>
05-20 18:51:50.142 D/MDM :   (11191): 		<string>InstalledApplicationList</string>
05-20 18:51:50.142 D/MDM :   (11191): 	</dict>
05-20 18:51:50.142 D/MDM :   (11191): </dict>
05-20 18:51:50.142 D/MDM :   (11191): </plist>
05-20 18:51:50.142 D/MdmDatabaseHelper(11191): [null:-1]->update command 063706e6-c336-403f-9ea6-f42c1537ca40 to status executed
05-20 18:51:50.181 D/CheckInTransInfo(11191): [null:-1]->CommandMsg : CommandMsg{CommandUUID='88e8d27d-0708-4fdc-bbb8-406cbb7bebb3', Command=CommandObject{RequestType='InstalledApplicationList'}}
05-20 18:51:50.213 D/NetworkThread(11191): [null:-1]->clear mCurrentTransInfo
05-20 18:51:50.213 D/NetworkThread(11191): [null:-1]->queue is empty, thread wait...
05-20 18:51:50.236 I/QueryController(11976): Matched selector: UiSelector[TEXT=Personal Mode, CLASS=android.widget.TextView, PACKAGE NAME=com.pekall.emdm.launcher] <<==>> [android.view.accessibility.AccessibilityNodeInfo@43e98; boundsInParent: Rect(0, 0 - 160, 200); boundsInScreen: Rect(190, 608 - 350, 808); packageName: com.pekall.emdm.launcher; className: android.widget.TextView; text: Personal Mode; contentDescription: null; viewIdResName: null; checkable: false; checked: false; focusable: false; focused: false; selected: false; clickable: true; longClickable: true; enabled: true; password: false; scrollable: false; [ACTION_SELECT, ACTION_CLEAR_SELECTION, ACTION_CLICK, ACTION_LONG_CLICK, ACTION_ACCESSIBILITY_FOCUS, ACTION_NEXT_AT_MOVEMENT_GRANULARITY, ACTION_PREVIOUS_AT_MOVEMENT_GRANULARITY, ACTION_SET_SELECTION]]
05-20 18:51:50.267 I/QueryController(11976): Matched selector: UiSelector[CLASS=android.widget.ImageView, INDEX=1, CLICKABLE=true] <<==>> [android.view.accessibility.AccessibilityNodeInfo@46422; boundsInParent: Rect(0, 0 - 133, 104); boundsInScreen: Rect(293, 1070 - 426, 1174); packageName: com.pekall.emdm.launcher; className: android.widget.ImageView; text: null; contentDescription: null; viewIdResName: com.pekall.emdm.launcher:id/btn_mab; checkable: false; checked: false; focusable: true; focused: false; selected: false; clickable: true; longClickable: false; enabled: true; password: false; scrollable: false; [ACTION_FOCUS, ACTION_SELECT, ACTION_CLEAR_SELECTION, ACTION_CLICK, ACTION_ACCESSIBILITY_FOCUS]]
05-20 18:51:50.283 I/QueryController(11976): Matched selector: UiSelector[CLASS=android.widget.ImageView, INDEX=1, CLICKABLE=true] <<==>> [android.view.accessibility.AccessibilityNodeInfo@46422; boundsInParent: Rect(0, 0 - 133, 104); boundsInScreen: Rect(293, 1070 - 426, 1174); packageName: com.pekall.emdm.launcher; className: android.widget.ImageView; text: null; contentDescription: null; viewIdResName: com.pekall.emdm.launcher:id/btn_mab; checkable: false; checked: false; focusable: true; focused: false; selected: false; clickable: true; longClickable: false; enabled: true; password: false; scrollable: false; [ACTION_FOCUS, ACTION_SELECT, ACTION_CLEAR_SELECTION, ACTION_CLICK, ACTION_ACCESSIBILITY_FOCUS]]
05-20 18:51:50.283 D/InteractionController(11976): clickAndSync(359, 1122)
05-20 18:51:50.314 D/MdmService(11191): [null:-1]->handleCheckInResult
05-20 18:51:50.314 D/MdmService(11191): [null:-1]->handleCheckInResult result keyIndex: 3
05-20 18:51:50.314 D/CommandManager(11191): [null:-1]->execute command: CommandMsg{CommandUUID='88e8d27d-0708-4fdc-bbb8-406cbb7bebb3', Command=CommandObject{RequestType='InstalledApplicationList'}}
05-20 18:51:50.377 D/dalvikvm( 2462): GC_CONCURRENT freed 481K, 7% free 9749K/10464K, paused 11ms+1ms, total 36ms
05-20 18:51:50.392 W/Parcel  ( 1661): Attempt to read object from Parcel 0x5ec3bdac at offset 200 that is not in the object list
05-20 18:51:50.392 I/ActivityManager(  374): START u0 {act=com.pekall.emdm.launcher.action.launcheraction flg=0x10000000 cmp=com.pekall.emdm.launcher/.CustomShirtcutActivity bnds=[293,1070][426,1174] (has extras)} from pid 11191
05-20 18:51:50.510 D/dalvikvm(  374): GC_FOR_ALLOC freed 1139K, 25% free 21407K/28292K, paused 76ms, total 77ms
05-20 18:51:50.525 D/LauncherApplication(11191): [null:-1]->onActivityPaused
05-20 18:51:50.533 D/LauncherApplication(11191): [null:-1]->onActivityPaused  updateTime
05-20 18:51:50.541 D/        (11191): [---null: -1---]  showAllApps
05-20 18:51:50.603 D/        (11191): [---null: -1---]  xxd info.title 'About', info.intent <Intent { flg=0x10200000 cmp=com.pekall.emdm.launcher/.ui.AboutActivity }>
05-20 18:51:50.603 D/        (11191): [---null: -1---]  xxd getPackageName  com.pekall.emdm.launcher
05-20 18:51:50.603 D/        (11191): [---null: -1---]  xxd getClassName  com.pekall.emdm.launcher.ui.AboutActivity
05-20 18:51:50.611 D/        (11191): [---null: -1---]  xxd title name from label: About
05-20 18:51:50.611 D/        (11191): [---null: -1---]  xxd titlename: About ,count is 0
05-20 18:51:50.611 D/        (11191): [---null: -1---]  xxd info.title 'Application List', info.intent <Intent { flg=0x10200000 cmp=com.pekall.emdm.launcher/com.pekall.emdm.market.activity.AppListActivity }>
05-20 18:51:50.611 D/        (11191): [---null: -1---]  xxd getPackageName  com.pekall.emdm.launcher
05-20 18:51:50.611 D/        (11191): [---null: -1---]  xxd getClassName  com.pekall.emdm.market.activity.AppListActivity
05-20 18:51:50.611 D/        (11191): [---null: -1---]  xxd title name from label: Application List
05-20 18:51:50.611 D/        (11191): [---null: -1---]  xxd titlename: Application List ,count is 0
05-20 18:51:50.619 D/        (11191): [---null: -1---]  xxd info.title 'Document Manager', info.intent <Intent { flg=0x10200000 cmp=com.pekall.emdm.launcher/com.pekall.emdm.document.activity.DocMainActivity }>
05-20 18:51:50.619 D/        (11191): [---null: -1---]  xxd getPackageName  com.pekall.emdm.launcher
05-20 18:51:50.619 D/        (11191): [---null: -1---]  xxd getClassName  com.pekall.emdm.document.activity.DocMainActivity
05-20 18:51:50.619 D/        (11191): [---null: -1---]  xxd title name from label: Document Manager
05-20 18:51:50.619 D/        (11191): [---null: -1---]  xxd titlename: Document Manager ,count is 0
05-20 18:51:50.627 D/        (11191): [---null: -1---]  xxd info.title 'Email', info.intent <Intent { flg=0x10200000 cmp=com.pekall.emdm.launcher/com.pekall.semail.activity.Welcome }>
05-20 18:51:50.627 D/        (11191): [---null: -1---]  xxd getPackageName  com.pekall.emdm.launcher
05-20 18:51:50.627 D/        (11191): [---null: -1---]  xxd getClassName  com.pekall.semail.activity.Welcome
05-20 18:51:50.627 D/        (11191): [---null: -1---]  xxd title name from label: Email
05-20 18:51:50.627 D/        (11191): [---null: -1---]  xxd titlename: Email ,count is 0
05-20 18:51:50.635 D/        (11191): [---null: -1---]  xxd info.title 'EmdmContacts', info.intent <Intent { flg=0x10200000 cmp=com.pekall.emdm.launcher/com.pekall.emdm.contacts.activities.PeopleActivity }>
05-20 18:51:50.635 D/        (11191): [---null: -1---]  xxd getPackageName  com.pekall.emdm.launcher
05-20 18:51:50.635 D/        (11191): [---null: -1---]  xxd getClassName  com.pekall.emdm.contacts.activities.PeopleActivity
05-20 18:51:50.635 D/        (11191): [---null: -1---]  xxd title name from label: EmdmContacts
05-20 18:51:50.635 D/        (11191): [---null: -1---]  xxd titlename: EmdmContacts ,count is 0
05-20 18:51:50.635 D/        (11191): [---null: -1---]  xxd info.title 'Message Center', info.intent <Intent { flg=0x10200000 cmp=com.pekall.emdm.launcher/com.pekall.emdm.messagecenter.activity.MessageMainActivity }>
05-20 18:51:50.642 D/        (11191): [---null: -1---]  xxd getPackageName  com.pekall.emdm.launcher
05-20 18:51:50.642 D/        (11191): [---null: -1---]  xxd getClassName  com.pekall.emdm.messagecenter.activity.MessageMainActivity
05-20 18:51:50.642 D/        (11191): [---null: -1---]  xxd title name from label: Message Center
05-20 18:51:50.642 D/        (11191): [---null: -1---]  xxd titlename: Message Center ,count is 0
05-20 18:51:50.642 D/        (11191): [---null: -1---]  xxd info.title 'Personal Mode', info.intent <Intent { flg=0x10200000 cmp=com.pekall.emdm.launcher/.ui.BackPersonalActivity }>
05-20 18:51:50.650 D/        (11191): [---null: -1---]  xxd getPackageName  com.pekall.emdm.launcher
05-20 18:51:50.650 D/        (11191): [---null: -1---]  xxd getClassName  com.pekall.emdm.launcher.ui.BackPersonalActivity
05-20 18:51:50.650 D/        (11191): [---null: -1---]  xxd title name from label: Personal Mode
05-20 18:51:50.650 D/        (11191): [---null: -1---]  xxd titlename: Personal Mode ,count is 0
05-20 18:51:50.650 D/        (11191): [---null: -1---]  xxd info.title 'Phone', info.intent <Intent { flg=0x10200000 cmp=com.pekall.emdm.launcher/com.pekall.emdm.contacts.activities.DialtactsActivity }>
