05-20 18:34:59.041 E/ActivityManager(  374):     1.7% 135/adbd: 0% user + 1.7% kernel
05-20 18:34:59.041 E/ActivityManager(  374):   0.8% 1661/com.qihoo360.mobilesafe:GuardService: 0.8% user + 0% kernel
05-20 18:34:59.041 E/ActivityManager(  374):   0.9% 8748/com.qihoo.appstore: 0% user + 0.9% kernel
05-20 18:34:59.041 E/ActivityManager(  374): 100% TOTAL: 94% user + 5.4% kernel
05-20 18:34:59.072 W/ActivityManager(  374): Killing ProcessRecord{426206b8 11435:com.pekall.emdm.launcher:remote/u0a10066}: background ANR
05-20 18:34:59.338 I/ActivityManager(  374): Process com.pekall.emdm.launcher:remote (pid 11435) has died.
05-20 18:34:59.369 W/ActivityManager(  374): Scheduling restart of crashed service com.pekall.emdm.launcher/com.baidu.location.f in 80000ms
05-20 18:35:12.502 I/PowerManagerService(  374): Going to sleep due to screen timeout...
05-20 18:35:12.510 I/PowerManagerService(  374): Waking up from sleep...
05-20 18:35:12.931 I/WindowManager(  374): No lock screen!
05-20 18:35:32.525 W/MountService(  374): getVolumeState(/storage/emulated/0/external_sd): Unknown volume
05-20 18:35:32.533 W/MountService(  374): getVolumeState(/mnt/sdcard-ext): Unknown volume
05-20 18:35:32.541 W/MountService(  374): getVolumeState(/mnt/ext_sdcard): Unknown volume
05-20 18:35:32.541 W/MountService(  374): getVolumeState(/mnt/sdcard2): Unknown volume
05-20 18:35:32.541 W/MountService(  374): getVolumeState(/mnt/emmc): Unknown volume
05-20 18:35:32.541 W/MountService(  374): getVolumeState(/mnt/extSdCard): Unknown volume
05-20 18:35:32.541 W/MountService(  374): getVolumeState(/mnt/sdcard/SD_CARD): Unknown volume
05-20 18:35:32.541 W/MountService(  374): getVolumeState(/mnt/sdcard/extra_sd): Unknown volume
05-20 18:35:32.541 W/MountService(  374): getVolumeState(/mnt/extrasd_bind): Unknown volume
05-20 18:35:32.541 W/MountService(  374): getVolumeState(/mnt/sdcard/ext_sd): Unknown volume
05-20 18:35:32.549 W/MountService(  374): getVolumeState(/storage/extSdCard): Unknown volume
05-20 18:35:32.556 W/MountService(  374): getVolumeState(/storage/sdcard1): Unknown volume
05-20 18:35:32.556 W/MountService(  374): getVolumeState(/mnt/sdcard/external_SD): Unknown volume
05-20 18:35:32.556 W/MountService(  374): getVolumeState(/mnt/sdcard/external_sd): Unknown volume
05-20 18:35:33.424 W/MountService(  374): getVolumeState(/storage/emulated/0/external_sd): Unknown volume
05-20 18:35:33.447 W/MountService(  374): getVolumeState(/mnt/sdcard-ext): Unknown volume
05-20 18:35:33.447 W/MountService(  374): getVolumeState(/mnt/ext_sdcard): Unknown volume
05-20 18:35:33.447 W/MountService(  374): getVolumeState(/mnt/sdcard2): Unknown volume
05-20 18:35:33.471 W/MountService(  374): getVolumeState(/mnt/emmc): Unknown volume
05-20 18:35:33.486 W/MountService(  374): getVolumeState(/mnt/extSdCard): Unknown volume
05-20 18:35:33.494 W/MountService(  374): getVolumeState(/mnt/sdcard/SD_CARD): Unknown volume
05-20 18:35:33.517 W/MountService(  374): getVolumeState(/mnt/sdcard/extra_sd): Unknown volume
05-20 18:35:33.541 W/MountService(  374): getVolumeState(/mnt/extrasd_bind): Unknown volume
05-20 18:35:33.549 W/MountService(  374): getVolumeState(/mnt/sdcard/ext_sd): Unknown volume
05-20 18:35:33.564 W/MountService(  374): getVolumeState(/storage/extSdCard): Unknown volume
05-20 18:35:33.572 W/MountService(  374): getVolumeState(/storage/sdcard1): Unknown volume
05-20 18:35:33.588 W/MountService(  374): getVolumeState(/mnt/sdcard/external_SD): Unknown volume
05-20 18:35:33.603 W/MountService(  374): getVolumeState(/mnt/sdcard/external_sd): Unknown volume
05-20 18:35:42.510 I/PowerManagerService(  374): Going to sleep due to screen timeout...
05-20 18:35:42.588 I/PowerManagerService(  374): Waking up from sleep...
05-20 18:35:42.588 W/InputManager(  374): Input event injection from pid 11400 failed.
05-20 18:35:42.783 I/WindowManager(  374): No lock screen!
05-20 18:36:11.119 I/ActivityManager(  374): Start proc com.pekall.emdm.launcher:remote for service com.pekall.emdm.launcher/com.baidu.location.f: pid=11512 uid=10066 gids={50066, 1015, 3002, 3001, 3003, 1028}
05-20 18:36:11.424 D/ActivityThread(11512): Loading provider com.pekall.semail.provider;com.pekall.semail.notifier: com.pekall.semail.provider.EmailProvider
05-20 18:36:11.463 D/ActivityThread(11512): Loading provider com.pekall.semail.provider;com.pekall.semail.notifier: com.pekall.semail.provider.EmailProvider
05-20 18:36:12.588 I/PowerManagerService(  374): Going to sleep due to screen timeout...
05-20 18:36:15.861 W/ActivityManager(  374): Unable to start service Intent { cmp=com.pekall.emdm.launcher/com.pekall.semail.service.AttachmentDownloadService } U=0: not found
05-20 18:36:19.096 D/PhoneStatusBar(  448): disable: < EXPAND* icons alerts TICKER* system_info back home RECENT* clock SEARCH* >
05-20 18:36:19.306 D/PhoneStatusBar(  448): disable: < EXPAND icons alerts TICKER system_info BACK* HOME* RECENT CLOCK* SEARCH >
05-20 18:36:24.127 W/BroadcastQueue(  374): Timeout of broadcast BroadcastRecord{42d6f178 u-1 android.intent.action.SCREEN_OFF} - receiver=android.os.BinderProxy@42edfe40, started 10000ms ago
05-20 18:36:24.135 W/BroadcastQueue(  374): Receiver during timeout: BroadcastFilter{426af4d0 u0 ReceiverList{426af450 11512 com.pekall.emdm.launcher:remote/10066/u0 remote:42edfe40}}
05-20 18:36:29.244 E/ActivityManager(  374): ANR in com.pekall.emdm.launcher:remote
05-20 18:36:29.244 E/ActivityManager(  374): Reason: Broadcast of Intent { act=android.intent.action.SCREEN_OFF flg=0x50000010 }
05-20 18:36:29.244 E/ActivityManager(  374): Load: 3.07 / 2.3 / 1.98
05-20 18:36:29.244 E/ActivityManager(  374): CPU usage from 36ms to -5063ms ago:
05-20 18:36:29.244 E/ActivityManager(  374):   82% 11512/com.pekall.emdm.launcher:remote: 82% user + 0.3% kernel / faults: 139 minor
05-20 18:36:29.244 E/ActivityManager(  374):   75% 11191/com.pekall.emdm.launcher: 75% user + 0.1% kernel
05-20 18:36:29.244 E/ActivityManager(  374):   30% 374/system_server: 23% user + 6% kernel / faults: 665 minor
05-20 18:36:29.244 E/ActivityManager(  374):   6.8% 448/com.android.systemui: 6% user + 0.7% kernel / faults: 153 minor
05-20 18:36:29.244 E/ActivityManager(  374):   0.2% 561/com.android.phone: 0.1% user + 0% kernel / faults: 236 minor
05-20 18:36:29.244 E/ActivityManager(  374):   0.1% 568/com.android.nfc: 0.1% user + 0% kernel / faults: 228 minor
05-20 18:36:29.244 E/ActivityManager(  374):   0.1% 135/adbd: 0% user + 0.1% kernel
05-20 18:36:29.244 E/ActivityManager(  374):   0.1% 8748/com.qihoo.appstore: 0.1% user + 0% kernel / faults: 1 minor
05-20 18:36:29.244 E/ActivityManager(  374):   0.1% 11545/logcat: 0% user + 0.1% kernel
05-20 18:36:29.244 E/ActivityManager(  374): 98% TOTAL: 94% user + 4.1% kernel
05-20 18:36:29.244 E/ActivityManager(  374): CPU usage from 4263ms to 4804ms later:
05-20 18:36:29.244 E/ActivityManager(  374):   87% 11512/com.pekall.emdm.launcher:remote: 87% user + 0% kernel
05-20 18:36:29.244 E/ActivityManager(  374):     87% 11526/Thread-2053: 87% user + 0% kernel
05-20 18:36:29.244 E/ActivityManager(  374):   83% 11191/com.pekall.emdm.launcher: 83% user + 0% kernel
05-20 18:36:29.244 E/ActivityManager(  374):     83% 11204/Thread-2040: 83% user + 0% kernel
05-20 18:36:29.244 E/ActivityManager(  374):   9.2% 374/system_server: 1.8% user + 7.4% kernel
05-20 18:36:29.244 E/ActivityManager(  374):     7.4% 390/ActivityManager: 1.8% user + 5.5% kernel
05-20 18:36:29.244 E/ActivityManager(  374): 88% TOTAL: 84% user + 3.6% kernel
05-20 18:36:29.252 W/ActivityManager(  374): Killing ProcessRecord{430417f8 11512:com.pekall.emdm.launcher:remote/u0a10066}: background ANR
05-20 18:36:29.283 I/ActivityManager(  374): Process com.pekall.emdm.launcher:remote (pid 11512) has died.
05-20 18:36:29.283 W/ActivityManager(  374): Scheduling restart of crashed service com.pekall.emdm.launcher/com.baidu.location.f in 5000ms
05-20 18:36:32.588 W/MountService(  374): getVolumeState(/storage/emulated/0/external_sd): Unknown volume
05-20 18:36:32.596 W/MountService(  374): getVolumeState(/mnt/sdcard-ext): Unknown volume
05-20 18:36:32.596 W/MountService(  374): getVolumeState(/mnt/ext_sdcard): Unknown volume
05-20 18:36:32.596 W/MountService(  374): getVolumeState(/mnt/sdcard2): Unknown volume
05-20 18:36:32.596 W/MountService(  374): getVolumeState(/mnt/emmc): Unknown volume
05-20 18:36:32.596 W/MountService(  374): getVolumeState(/mnt/extSdCard): Unknown volume
05-20 18:36:32.596 W/MountService(  374): getVolumeState(/mnt/sdcard/SD_CARD): Unknown volume
05-20 18:36:32.603 W/MountService(  374): getVolumeState(/mnt/sdcard/extra_sd): Unknown volume
05-20 18:36:32.603 W/MountService(  374): getVolumeState(/mnt/extrasd_bind): Unknown volume
05-20 18:36:32.603 W/MountService(  374): getVolumeState(/mnt/sdcard/ext_sd): Unknown volume
05-20 18:36:32.603 W/MountService(  374): getVolumeState(/storage/extSdCard): Unknown volume
05-20 18:36:32.603 W/MountService(  374): getVolumeState(/storage/sdcard1): Unknown volume
05-20 18:36:32.611 W/MountService(  374): getVolumeState(/mnt/sdcard/external_SD): Unknown volume
05-20 18:36:32.611 W/MountService(  374): getVolumeState(/mnt/sdcard/external_sd): Unknown volume
05-20 18:36:33.010 W/MountService(  374): getVolumeState(/storage/emulated/0/external_sd): Unknown volume
05-20 18:36:33.010 W/MountService(  374): getVolumeState(/mnt/sdcard-ext): Unknown volume
05-20 18:36:33.010 W/MountService(  374): getVolumeState(/mnt/ext_sdcard): Unknown volume
05-20 18:36:33.010 W/MountService(  374): getVolumeState(/mnt/sdcard2): Unknown volume
05-20 18:36:33.010 W/MountService(  374): getVolumeState(/mnt/emmc): Unknown volume
05-20 18:36:33.010 W/MountService(  374): getVolumeState(/mnt/extSdCard): Unknown volume
05-20 18:36:33.010 W/MountService(  374): getVolumeState(/mnt/sdcard/SD_CARD): Unknown volume
05-20 18:36:33.017 W/MountService(  374): getVolumeState(/mnt/sdcard/extra_sd): Unknown volume
05-20 18:36:33.017 W/MountService(  374): getVolumeState(/mnt/extrasd_bind): Unknown volume
05-20 18:36:33.017 W/MountService(  374): getVolumeState(/mnt/sdcard/ext_sd): Unknown volume
05-20 18:36:33.017 W/MountService(  374): getVolumeState(/storage/extSdCard): Unknown volume
05-20 18:36:33.033 W/MountService(  374): getVolumeState(/storage/sdcard1): Unknown volume
05-20 18:36:33.033 W/MountService(  374): getVolumeState(/mnt/sdcard/external_SD): Unknown volume
05-20 18:36:33.033 W/MountService(  374): getVolumeState(/mnt/sdcard/external_sd): Unknown volume
05-20 18:36:34.314 I/ActivityManager(  374): Start proc com.pekall.emdm.launcher:remote for service com.pekall.emdm.launcher/com.baidu.location.f: pid=11564 uid=10066 gids={50066, 1015, 3002, 3001, 3003, 1028}
05-20 18:36:34.471 I/PowerManagerService(  374): Waking up from sleep...
05-20 18:36:34.681 I/WindowManager(  374): Lock screen displayed!
05-20 18:36:35.447 D/ActivityThread(11564): Loading provider com.pekall.semail.provider;com.pekall.semail.notifier: com.pekall.semail.provider.EmailProvider
05-20 18:36:35.525 D/ActivityThread(11564): Loading provider com.pekall.semail.provider;com.pekall.semail.notifier: com.pekall.semail.provider.EmailProvider
05-20 18:36:39.338 W/ActivityManager(  374): Unable to start service Intent { cmp=com.pekall.emdm.launcher/com.pekall.semail.service.AttachmentDownloadService } U=0: not found
05-20 18:36:45.267 I/PowerManagerService(  374): Going to sleep due to device administration policy...
05-20 18:36:45.299 I/PowerManagerService(  374): Waking up from sleep...
05-20 18:36:54.369 W/ActivityManager(  374): Timeout executing service: ServiceRecord{42a20660 u0 com.pekall.emdm.launcher/com.baidu.location.f}
05-20 18:36:59.260 E/ActivityManager(  374): ANR in com.pekall.emdm.launcher:remote
05-20 18:36:59.260 E/ActivityManager(  374): Reason: Executing service com.pekall.emdm.launcher/com.baidu.location.f
05-20 18:36:59.260 E/ActivityManager(  374): Load: 3.56 / 2.49 / 2.06
05-20 18:36:59.260 E/ActivityManager(  374): CPU usage from 5336ms to 0ms ago:
05-20 18:36:59.260 E/ActivityManager(  374):   62% 11564/com.pekall.emdm.launcher:remote: 62% user + 0.1% kernel
05-20 18:36:59.260 E/ActivityManager(  374):   60% 11191/com.pekall.emdm.launcher: 60% user + 0% kernel
05-20 18:36:59.260 E/ActivityManager(  374):   49% 374/system_server: 47% user + 2.6% kernel / faults: 649 minor
05-20 18:36:59.260 E/ActivityManager(  374):   21% 11556/uiautomator: 19% user + 1.8% kernel / faults: 576 minor
05-20 18:36:59.260 E/ActivityManager(  374):   1.8% 127/mediaserver: 0.7% user + 1.1% kernel
05-20 18:36:59.260 E/ActivityManager(  374):   1.5% 135/adbd: 0.3% user + 1.1% kernel
05-20 18:36:59.260 E/ActivityManager(  374):   0.3% 8748/com.qihoo.appstore: 0.3% user + 0% kernel / faults: 1 minor
05-20 18:36:59.260 E/ActivityManager(  374):   0.3% 11600/kworker/0:1: 0% user + 0.3% kernel
05-20 18:36:59.260 E/ActivityManager(  374):   0.1% 116/servicemanager: 0% user + 0.1% kernel
05-20 18:36:59.260 E/ActivityManager(  374):   0.1% 10902/kworker/1:0: 0% user + 0.1% kernel
05-20 18:36:59.260 E/ActivityManager(  374):   0.1% 11545/logcat: 0.1% user + 0% kernel
05-20 18:36:59.260 E/ActivityManager(  374): 100% TOTAL: 97% user + 2.1% kernel
05-20 18:36:59.260 E/ActivityManager(  374): CPU usage from 4054ms to 4609ms later with 99% awake:
05-20 18:36:59.260 E/ActivityManager(  374):   67% 11191/com.pekall.emdm.launcher: 67% user + 0% kernel
05-20 18:36:59.260 E/ActivityManager(  374):     68% 11204/Thread-2040: 68% user + 0% kernel
05-20 18:36:59.260 E/ActivityManager(  374):   52% 374/system_server: 45% user + 7% kernel / faults: 28 minor
05-20 18:36:59.260 E/ActivityManager(  374):     45% 388/UI: 45% user + 0% kernel
05-20 18:36:59.260 E/ActivityManager(  374):     8.7% 390/ActivityManager: 3.5% user + 5.2% kernel
05-20 18:36:59.260 E/ActivityManager(  374):   48% 11564/com.pekall.emdm.launcher:remote: 48% user + 0% kernel
05-20 18:36:59.260 E/ActivityManager(  374):     48% 11581/Thread-2055: 48% user + 0% kernel
05-20 18:36:59.260 E/ActivityManager(  374):   23% 11556/uiautomator: 23% user + 0% kernel / faults: 46 minor
05-20 18:36:59.260 E/ActivityManager(  374):     10% 11556/uiautomator: 10% user + 0% kernel
05-20 18:36:59.260 E/ActivityManager(  374):     5.3% 11560/GC: 5.3% user + 0% kernel
05-20 18:36:59.260 E/ActivityManager(  374):     5.3% 11576/Binder_2: 5.3% user + 0% kernel
05-20 18:36:59.260 E/ActivityManager(  374):     3.5% 11573/Binder_1: 3.5% user + 0% kernel
05-20 18:36:59.260 E/ActivityManager(  374):     3.5% 11613/Binder_3: 3.5% user + 0% kernel
05-20 18:36:59.260 E/ActivityManager(  374):   3.5% 127/mediaserver: 1.7% user + 1.7% kernel
05-20 18:36:59.260 E/ActivityManager(  374):     1.7% 127/mediaserver: 1.7% user + 0% kernel
05-20 18:36:59.260 E/ActivityManager(  374):     1.7% 686/Binder_2: 0% user + 1.7% kernel
05-20 18:36:59.260 E/ActivityManager(  374):   1.7% 135/adbd: 0% user + 1.7% kernel
05-20 18:36:59.260 E/ActivityManager(  374):     1.7% 4255/adbd: 0% user + 1.7% kernel
05-20 18:36:59.260 E/ActivityManager(  374):     1.7% 4256/adbd: 1.7% user + 0% kernel
05-20 18:36:59.260 E/ActivityManager(  374): 100% TOTAL: 96% user + 3.6% kernel
05-20 18:36:59.275 W/ActivityManager(  374): Killing ProcessRecord{42532c28 11564:com.pekall.emdm.launcher:remote/u0a10066}: background ANR
05-20 18:36:59.275 W/BroadcastQueue(  374): Timeout of broadcast BroadcastRecord{430c6fd0 u-1 android.intent.action.SCREEN_OFF} - receiver=android.os.BinderProxy@427006f8, started 13623ms ago
05-20 18:36:59.283 W/BroadcastQueue(  374): Receiver during timeout: BroadcastFilter{42dc81e8 u0 ReceiverList{42dce308 11564 com.pekall.emdm.launcher:remote/10066/u0 remote:427006f8}}
05-20 18:36:59.283 I/ActivityManager(  374): Skipping duplicate ANR: ProcessRecord{42532c28 11564:com.pekall.emdm.launcher:remote/u0a10066} Broadcast of Intent { act=android.intent.action.SCREEN_OFF flg=0x50000010 }
05-20 18:36:59.392 I/WindowManager(  374): Lock screen displayed!
05-20 18:36:59.596 I/ActivityManager(  374): Process com.pekall.emdm.launcher:remote (pid 11564) has died.
05-20 18:36:59.596 W/ActivityManager(  374): Scheduling restart of crashed service com.pekall.emdm.launcher/com.baidu.location.f in 20000ms
05-20 18:37:19.619 I/ActivityManager(  374): Start proc com.pekall.emdm.launcher:remote for service com.pekall.emdm.launcher/com.baidu.location.f: pid=11628 uid=10066 gids={50066, 1015, 3002, 3001, 3003, 1028}
05-20 18:37:20.228 D/ActivityThread(11628): Loading provider com.pekall.semail.provider;com.pekall.semail.notifier: com.pekall.semail.provider.EmailProvider
05-20 18:37:20.252 D/ActivityThread(11628): Loading provider com.pekall.semail.provider;com.pekall.semail.notifier: com.pekall.semail.provider.EmailProvider
05-20 18:37:28.330 W/ActivityManager(  374): Unable to start service Intent { cmp=com.pekall.emdm.launcher/com.pekall.semail.service.AttachmentDownloadService } U=0: not found
05-20 18:37:29.346 I/PowerManagerService(  374): Going to sleep due to screen timeout...
05-20 18:37:29.377 I/PowerManagerService(  374): Waking up from sleep...
05-20 18:37:33.424 W/MountService(  374): getVolumeState(/storage/emulated/0/external_sd): Unknown volume
05-20 18:37:33.533 W/MountService(  374): getVolumeState(/mnt/sdcard-ext): Unknown volume
05-20 18:37:33.971 W/MountService(  374): getVolumeState(/mnt/ext_sdcard): Unknown volume
05-20 18:37:34.330 W/MountService(  374): getVolumeState(/mnt/sdcard2): Unknown volume
05-20 18:37:34.330 W/MountService(  374): getVolumeState(/mnt/emmc): Unknown volume
05-20 18:37:34.330 W/MountService(  374): getVolumeState(/mnt/extSdCard): Unknown volume
05-20 18:37:34.330 W/MountService(  374): getVolumeState(/mnt/sdcard/SD_CARD): Unknown volume
05-20 18:37:34.353 W/MountService(  374): getVolumeState(/mnt/sdcard/extra_sd): Unknown volume
05-20 18:37:34.353 W/MountService(  374): getVolumeState(/mnt/extrasd_bind): Unknown volume
05-20 18:37:34.361 W/MountService(  374): getVolumeState(/mnt/sdcard/ext_sd): Unknown volume
05-20 18:37:34.369 W/MountService(  374): getVolumeState(/storage/extSdCard): Unknown volume
05-20 18:37:34.556 W/MountService(  374): getVolumeState(/storage/sdcard1): Unknown volume
05-20 18:37:34.564 W/MountService(  374): getVolumeState(/mnt/sdcard/external_SD): Unknown volume
05-20 18:37:34.611 W/MountService(  374): getVolumeState(/mnt/sdcard/external_sd): Unknown volume
05-20 18:37:35.064 W/InputManager(  374): Input event injection from pid 11556 failed.
05-20 18:37:37.588 W/MountService(  374): getVolumeState(/storage/emulated/0/external_sd): Unknown volume
05-20 18:37:37.627 W/MountService(  374): getVolumeState(/mnt/sdcard-ext): Unknown volume
05-20 18:37:37.627 W/MountService(  374): getVolumeState(/mnt/ext_sdcard): Unknown volume
05-20 18:37:37.627 W/MountService(  374): getVolumeState(/mnt/sdcard2): Unknown volume
05-20 18:37:37.635 W/MountService(  374): getVolumeState(/mnt/emmc): Unknown volume
05-20 18:37:37.635 W/MountService(  374): getVolumeState(/mnt/extSdCard): Unknown volume
05-20 18:37:37.642 W/MountService(  374): getVolumeState(/mnt/sdcard/SD_CARD): Unknown volume
05-20 18:37:37.650 W/MountService(  374): getVolumeState(/mnt/sdcard/extra_sd): Unknown volume
05-20 18:37:37.689 W/MountService(  374): getVolumeState(/mnt/extrasd_bind): Unknown volume
05-20 18:37:37.689 W/MountService(  374): getVolumeState(/mnt/sdcard/ext_sd): Unknown volume
05-20 18:37:37.689 W/MountService(  374): getVolumeState(/storage/extSdCard): Unknown volume
05-20 18:37:37.689 W/MountService(  374): getVolumeState(/storage/sdcard1): Unknown volume
05-20 18:37:37.705 W/MountService(  374): getVolumeState(/mnt/sdcard/external_SD): Unknown volume
05-20 18:37:37.721 W/MountService(  374): getVolumeState(/mnt/sdcard/external_sd): Unknown volume
05-20 18:37:38.088 W/InputManager(  374): Input event injection from pid 11556 failed.
05-20 18:37:39.635 W/BroadcastQueue(  374): Timeout of broadcast BroadcastRecord{4301b718 u-1 android.intent.action.SCREEN_OFF} - receiver=android.os.BinderProxy@42efc998, started 10000ms ago
05-20 18:37:39.635 W/BroadcastQueue(  374): Receiver during timeout: BroadcastFilter{42f285f8 u0 ReceiverList{42efcb30 11628 com.pekall.emdm.launcher:remote/10066/u0 remote:42efc998}}
05-20 18:37:39.666 I/WindowManager(  374): Lock screen displayed!
05-20 18:37:43.908 E/ActivityManager(  374): ANR in com.pekall.emdm.launcher:remote
05-20 18:37:43.908 E/ActivityManager(  374): Reason: Broadcast of Intent { act=android.intent.action.SCREEN_OFF flg=0x50000010 }
05-20 18:37:43.908 E/ActivityManager(  374): Load: 3.79 / 2.69 / 2.14
05-20 18:37:43.908 E/ActivityManager(  374): CPU usage from 5258ms to 0ms ago:
05-20 18:37:43.908 E/ActivityManager(  374):   95% 11628/com.pekall.emdm.launcher:remote: 95% user + 0% kernel
05-20 18:37:43.908 E/ActivityManager(  374):   89% 11191/com.pekall.emdm.launcher: 89% user + 0% kernel / faults: 2 minor
05-20 18:37:43.908 E/ActivityManager(  374):   7.4% 374/system_server: 6.8% user + 0.5% kernel / faults: 84 minor
05-20 18:37:43.908 E/ActivityManager(  374):   2.8% 11556/uiautomator: 2.6% user + 0.1% kernel / faults: 108 minor
05-20 18:37:43.908 E/ActivityManager(  374):   2.4% 1468/com.qihoo.daemon: 2% user + 0.3% kernel / faults: 928 minor
05-20 18:37:43.908 E/ActivityManager(  374):   0.3% 82/mmcqd/0: 0% user + 0.3% kernel
05-20 18:37:43.908 E/ActivityManager(  374):   0.3% 135/adbd: 0% user + 0.3% kernel
05-20 18:37:43.908 E/ActivityManager(  374):   0.3% 1661/com.qihoo360.mobilesafe:GuardService: 0.3% user + 0% kernel / faults: 11 minor
05-20 18:37:43.908 E/ActivityManager(  374):   0% 133/sdcard: 0% user + 0% kernel / faults: 8 minor
05-20 18:37:43.908 E/ActivityManager(  374):   0% 561/com.android.phone: 0% user + 0% kernel / faults: 73 minor
05-20 18:37:43.908 E/ActivityManager(  374):   0.1% 8748/com.qihoo.appstore: 0% user + 0.1% kernel / faults: 60 minor 2 major
05-20 18:37:43.908 E/ActivityManager(  374):   0.1% 11081/kworker/u:0: 0% user + 0.1% kernel
05-20 18:37:43.908 E/ActivityManager(  374):   0.1% 11600/kworker/0:1: 0% user + 0.1% kernel
05-20 18:37:43.908 E/ActivityManager(  374): 100% TOTAL: 99% user + 0.7% kernel
05-20 18:37:43.908 E/ActivityManager(  374): CPU usage from 3496ms to 4024ms later with 99% awake:
05-20 18:37:43.908 E/ActivityManager(  374):   98% 11628/com.pekall.emdm.launcher:remote: 98% user + 0% kernel
05-20 18:37:43.908 E/ActivityManager(  374):     98% 11641/Thread-2058: 98% user + 0% kernel
05-20 18:37:43.908 E/ActivityManager(  374):   90% 11191/com.pekall.emdm.launcher: 90% user + 0% kernel
05-20 18:37:43.908 E/ActivityManager(  374):     90% 11204/Thread-2040: 90% user + 0% kernel
05-20 18:37:43.908 E/ActivityManager(  374):   5.6% 374/system_server: 0% user + 5.6% kernel / faults: 1 minor
05-20 18:37:43.908 E/ActivityManager(  374):     3.7% 390/ActivityManager: 0% user + 3.7% kernel
05-20 18:37:43.908 E/ActivityManager(  374):     1.8% 386/SensorService: 0% user + 1.8% kernel
05-20 18:37:43.908 E/ActivityManager(  374):   3.7% 127/mediaserver: 3.7% user + 0% kernel
05-20 18:37:43.908 E/ActivityManager(  374):     1.8% 206/FastMixer: 1.8% user + 0% kernel
05-20 18:37:43.908 E/ActivityManager(  374):     1.8% 395/AudioOut_2: 1.8% user + 0% kernel
05-20 18:37:43.908 E/ActivityManager(  374): 100% TOTAL: 96% user + 3.7% kernel
05-20 18:37:43.908 W/ActivityManager(  374): Killing ProcessRecord{42d2be00 11628:com.pekall.emdm.launcher:remote/u0a10066}: background ANR
05-20 18:37:43.908 W/ActivityManager(  374): Timeout executing service: ServiceRecord{42a20660 u0 com.pekall.emdm.launcher/com.baidu.location.f}
05-20 18:37:43.916 I/ActivityManager(  374): Skipping duplicate ANR: ProcessRecord{42d2be00 11628:com.pekall.emdm.launcher:remote/u0a10066} Executing service com.pekall.emdm.launcher/com.baidu.location.f
05-20 18:37:43.924 I/ActivityManager(  374): Process com.pekall.emdm.launcher:remote (pid 11628) has died.
05-20 18:37:43.931 W/ActivityManager(  374): Scheduling restart of crashed service com.pekall.emdm.launcher/com.baidu.location.f in 80000ms
05-20 18:38:20.963 I/ActivityManager(  374): START u0 {flg=0x10008000 cmp=com.pekall.emdm.launcher/com.pekall.emdm.ui.SplashActivity} from pid 11191
05-20 18:38:20.986 W/ActivityManager(  374): Unable to start service Intent { act=com.pekall.mdm.action.SELECT_ERASE } U=0: not found
05-20 18:38:21.478 W/ActivityManager(  374): Activity pause timeout for ActivityRecord{42601ba8 u0 com.pekall.emdm.launcher/com.pekall.emdm.ui.SplashActivity}
05-20 18:38:22.666 W/ActivityManager(  374): Unable to start service Intent { cmp=com.pekall.emdm.launcher/com.pekall.semail.service.AttachmentDownloadService } U=0: not found
05-20 18:38:23.869 I/ActivityManager(  374): START u0 {cmp=com.pekall.emdm.launcher/com.pekall.emdm.ui.ActiveDeviceAdminActivity} from pid 11191
05-20 18:38:23.916 I/ActivityManager(  374): START u0 {cmp=com.pekall.emdm.launcher/com.pekall.emdm.ui.RegDeviceActivity} from pid 11191
05-20 18:38:24.174 W/WindowManager(  374): Rebuild removed 3 windows but added 2
05-20 18:38:24.174 W/WindowManager(  374): This window was lost: Window{427131b8 u0 com.pekall.emdm.launcher/com.pekall.emdm.ui.SplashActivity}
05-20 18:38:24.174 W/WindowManager(  374): mDisplayId=0 mSession=Session{42a5bea0 11191:u0a10066} mClient=android.os.BinderProxy@42a68310
05-20 18:38:24.174 W/WindowManager(  374): mOwnerUid=10066 mShowToOwnerOnly=true package=com.pekall.emdm.launcher appop=NONE
05-20 18:38:24.174 W/WindowManager(  374): mAttrs=WM.LayoutParams{(0,0)(fillxfill) sim=#120 ty=1 fl=#1810100 pfl=0x8 wanim=0x10302ed}
05-20 18:38:24.174 W/WindowManager(  374): Requested w=0 h=0 mLayoutSeq=12004
05-20 18:38:24.174 W/WindowManager(  374): mBaseLayer=21000 mSubLayer=0 mAnimLayer=21000+0=21000 mLastLayer=0
05-20 18:38:24.174 W/WindowManager(  374): mToken=AppWindowToken{4303c488 token=Token{42a7d0e0 ActivityRecord{42601ba8 u0 com.pekall.emdm.launcher/com.pekall.emdm.ui.SplashActivity}}}
05-20 18:38:24.174 W/WindowManager(  374): mRootToken=AppWindowToken{4303c488 token=Token{42a7d0e0 ActivityRecord{42601ba8 u0 com.pekall.emdm.launcher/com.pekall.emdm.ui.SplashActivity}}}
05-20 18:38:24.174 W/WindowManager(  374): mAppToken=AppWindowToken{4303c488 token=Token{42a7d0e0 ActivityRecord{42601ba8 u0 com.pekall.emdm.launcher/com.pekall.emdm.ui.SplashActivity}}}
05-20 18:38:24.174 W/WindowManager(  374): mViewVisibility=0x0 mHaveFrame=true mObscured=true
05-20 18:38:24.174 W/WindowManager(  374): mSeq=0 mSystemUiVisibility=0x0
05-20 18:38:24.174 W/WindowManager(  374): mPolicyVisibility=false mPolicyVisibilityAfterAnim=false mAppOpVisibility=true mAttachedHidden=false
05-20 18:38:24.174 W/WindowManager(  374): mGivenContentInsets=[0,0][0,0] mGivenVisibleInsets=[0,0][0,0]
05-20 18:38:24.174 W/WindowManager(  374): mConfiguration={1.0 999mcc?mnc en_US ldltr sw360dp w360dp h567dp 320dpi nrml port finger -keyb/v/h -nav/h s.11}
05-20 18:38:24.174 W/WindowManager(  374): mHasSurface=true mShownFrame=[0.0,0.0][720.0,1184.0] isReadyForDisplay()=false
05-20 18:38:24.174 W/WindowManager(  374): mFrame=[0,0][720,1184] last=[0,0][720,1184]
05-20 18:38:24.174 W/WindowManager(  374): mSystemDecorRect=[0,50][720,1184] last=[0,50][720,1184]
05-20 18:38:24.174 W/WindowManager(  374): Frames: containing=[0,0][720,1184] parent=[0,0][720,1184]
05-20 18:38:24.174 W/WindowManager(  374):     display=[0,0][720,1184] overscan=[0,0][720,1280]
05-20 18:38:24.174 W/WindowManager(  374):     content=[0,50][720,1184] visible=[0,50][720,1184]
05-20 18:38:24.174 W/WindowManager(  374): Cur insets: overscan=[0,0][0,0] content=[0,50][0,0] visible=[0,50][0,0]
05-20 18:38:24.174 W/WindowManager(  374): Lst insets: overscan=[0,0][0,0] content=[0,50][0,0] visible=[0,50][0,0]
05-20 18:38:24.174 W/WindowManager(  374): WindowStateAnimator{42f190b8 com.pekall.emdm.launcher/com.pekall.emdm.ui.SplashActivity}:
05-20 18:38:24.174 W/WindowManager(  374):   mSurface=Surface(name=com.pekall.emdm.launcher/com.pekall.emdm.ui.SplashActivity)
05-20 18:38:24.174 W/WindowManager(  374):   mDrawState=HAS_DRAWN mLastHidden=true
05-20 18:38:24.174 W/WindowManager(  374):   Surface: shown=false layer=21005 alpha=0.0 rect=(0.0,0.0) 720.0 x 1184.0
05-20 18:38:24.174 W/WindowManager(  374):   mShownAlpha=1.0 mAlpha=1.0 mLastAlpha=-1.0
05-20 18:38:24.174 W/WindowManager(  374):   mGlobalScale=1.0 mDsDx=1.0 mDtDx=0.0 mDsDy=0.0 mDtDy=1.0
05-20 18:38:24.174 W/WindowManager(  374): mExiting=false mRemoveOnExit=false mDestroying=true mRemoved=false
05-20 18:38:24.181 W/WindowManager(  374): Current app token list:
05-20 18:38:24.181 V/WindowManager(  374):   #1: Token{429843f0 ActivityRecord{426d7120 u0 com.pekall.emdm.launcher/com.pekall.emdm.ui.RegDeviceActivity}}
05-20 18:38:24.181 V/WindowManager(  374):   #0: Token{425dac38 ActivityRecord{425da7f0 u0 com.android.launcher/com.android.launcher2.Launcher}}
05-20 18:38:24.181 W/WindowManager(  374): Final window list:
05-20 18:38:24.181 V/WindowManager(  374):   #0: Window{42534748 u0 SearchPanel}
05-20 18:38:24.181 V/WindowManager(  374):   #1: Window{425d6be8 u0 NavigationBar}
05-20 18:38:24.181 V/WindowManager(  374):   #2: Window{428ae890 u0 StatusBar}
05-20 18:38:24.181 V/WindowManager(  374):   #3: Window{42667920 u0 Keyguard}
05-20 18:38:24.181 V/WindowManager(  374):   #4: Window{42941d98 u0 com.android.phasebeam.PhaseBeamWallpaper}
05-20 18:38:24.181 V/WindowManager(  374):   #5: Window{426d0aa0 u0 com.qihoo360.mobilesafe}
05-20 18:38:24.181 V/WindowManager(  374):   #6: Window{42972e98 u0 com.qihoo360.mobilesafe}
05-20 18:38:24.181 V/WindowManager(  374):   #7: Window{4308d330 u0 InputMethod}
05-20 18:38:24.181 V/WindowManager(  374):   #8: Window{428a5948 u0 com.pekall.emdm.launcher/com.pekall.emdm.ui.RegDeviceActivity}
05-20 18:38:24.181 V/WindowManager(  374):   #9: Window{426f6f48 u0 com.android.launcher/com.android.launcher2.Launcher}
05-20 18:38:32.728 W/MountService(  374): getVolumeState(/storage/emulated/0/external_sd): Unknown volume
05-20 18:38:32.728 W/MountService(  374): getVolumeState(/mnt/sdcard-ext): Unknown volume
05-20 18:38:32.728 W/MountService(  374): getVolumeState(/mnt/ext_sdcard): Unknown volume
05-20 18:38:32.728 W/MountService(  374): getVolumeState(/mnt/sdcard2): Unknown volume
05-20 18:38:32.736 W/MountService(  374): getVolumeState(/mnt/emmc): Unknown volume
05-20 18:38:32.736 W/MountService(  374): getVolumeState(/mnt/extSdCard): Unknown volume
05-20 18:38:32.736 W/MountService(  374): getVolumeState(/mnt/sdcard/SD_CARD): Unknown volume
05-20 18:38:32.744 W/MountService(  374): getVolumeState(/mnt/sdcard/extra_sd): Unknown volume
05-20 18:38:32.744 W/MountService(  374): getVolumeState(/mnt/extrasd_bind): Unknown volume
05-20 18:38:32.744 W/MountService(  374): getVolumeState(/mnt/sdcard/ext_sd): Unknown volume
05-20 18:38:32.744 W/MountService(  374): getVolumeState(/storage/extSdCard): Unknown volume
05-20 18:38:32.744 W/MountService(  374): getVolumeState(/storage/sdcard1): Unknown volume
05-20 18:38:32.744 W/MountService(  374): getVolumeState(/mnt/sdcard/external_SD): Unknown volume
05-20 18:38:32.744 W/MountService(  374): getVolumeState(/mnt/sdcard/external_sd): Unknown volume
05-20 18:38:33.025 W/MountService(  374): getVolumeState(/storage/emulated/0/external_sd): Unknown volume
05-20 18:38:33.025 W/MountService(  374): getVolumeState(/mnt/sdcard-ext): Unknown volume
05-20 18:38:33.025 W/MountService(  374): getVolumeState(/mnt/ext_sdcard): Unknown volume
05-20 18:38:33.025 W/MountService(  374): getVolumeState(/mnt/sdcard2): Unknown volume
05-20 18:38:33.025 W/MountService(  374): getVolumeState(/mnt/emmc): Unknown volume
05-20 18:38:33.025 W/MountService(  374): getVolumeState(/mnt/extSdCard): Unknown volume
05-20 18:38:33.025 W/MountService(  374): getVolumeState(/mnt/sdcard/SD_CARD): Unknown volume
05-20 18:38:33.025 W/MountService(  374): getVolumeState(/mnt/sdcard/extra_sd): Unknown volume
05-20 18:38:33.025 W/MountService(  374): getVolumeState(/mnt/extrasd_bind): Unknown volume
05-20 18:38:33.025 W/MountService(  374): getVolumeState(/mnt/sdcard/ext_sd): Unknown volume
05-20 18:38:33.033 W/MountService(  374): getVolumeState(/storage/extSdCard): Unknown volume
05-20 18:38:33.033 W/MountService(  374): getVolumeState(/storage/sdcard1): Unknown volume
05-20 18:38:33.033 W/MountService(  374): getVolumeState(/mnt/sdcard/external_SD): Unknown volume
05-20 18:38:33.033 W/MountService(  374): getVolumeState(/mnt/sdcard/external_sd): Unknown volume
05-20 18:38:34.580 D/PhoneStatusBar(  448): disable: < expand* icons alerts ticker* system_info BACK HOME recent* CLOCK search* >
05-20 18:38:34.642 D/PhoneStatusBar(  448): disable: < expand icons alerts ticker system_info back* home* recent clock* search >
05-20 18:38:59.994 I/ActivityManager(  374): No longer want com.google.android.apps.maps:GoogleLocationService (pid 10142): empty for 1807s
05-20 18:39:00.010 W/ActivityManager(  374): Scheduling restart of crashed service com.google.android.apps.maps/com.google.android.location.internal.server.GoogleLocationService in 13923ms
05-20 18:39:03.955 I/ActivityManager(  374): Start proc com.pekall.emdm.launcher:remote for service com.pekall.emdm.launcher/com.baidu.location.f: pid=11744 uid=10066 gids={50066, 1015, 3002, 3001, 3003, 1028}
05-20 18:39:04.283 D/ActivityThread(11744): Loading provider com.pekall.semail.provider;com.pekall.semail.notifier: com.pekall.semail.provider.EmailProvider
05-20 18:39:04.424 D/ActivityThread(11744): Loading provider com.pekall.semail.provider;com.pekall.semail.notifier: com.pekall.semail.provider.EmailProvider
05-20 18:39:04.580 I/PowerManagerService(  374): Going to sleep due to screen timeout...
05-20 18:39:07.635 W/ActivityManager(  374): Unable to start service Intent { cmp=com.pekall.emdm.launcher/com.pekall.semail.service.AttachmentDownloadService } U=0: not found
05-20 18:39:10.431 D/PhoneStatusBar(  448): disable: < EXPAND* icons alerts TICKER* system_info back home RECENT* clock SEARCH* >
05-20 18:39:10.580 D/PhoneStatusBar(  448): disable: < EXPAND icons alerts TICKER system_info BACK* HOME* RECENT CLOCK* SEARCH >
05-20 18:39:13.955 I/ActivityManager(  374): Start proc com.google.android.apps.maps:GoogleLocationService for service com.google.android.apps.maps/com.google.android.location.internal.server.GoogleLocationService: pid=11784 uid=10038 gids={50038, 3003, 1015, 1028}
05-20 18:39:15.767 W/BroadcastQueue(  374): Timeout of broadcast BroadcastRecord{430f59f8 u-1 android.intent.action.SCREEN_OFF} - receiver=android.os.BinderProxy@43019058, started 10001ms ago
05-20 18:39:15.767 W/BroadcastQueue(  374): Receiver during timeout: BroadcastFilter{43195a80 u0 ReceiverList{43195a00 11744 com.pekall.emdm.launcher:remote/10066/u0 remote:43019058}}
05-20 18:39:23.197 E/ActivityManager(  374): ANR in com.pekall.emdm.launcher:remote
05-20 18:39:23.197 E/ActivityManager(  374): Reason: Broadcast of Intent { act=android.intent.action.SCREEN_OFF flg=0x50000010 }
05-20 18:39:23.197 E/ActivityManager(  374): Load: 3.12 / 2.64 / 2.17
05-20 18:39:23.197 E/ActivityManager(  374): CPU usage from 552ms to -7399ms ago:
05-20 18:39:23.197 E/ActivityManager(  374):   84% 11191/com.pekall.emdm.launcher: 84% user + 0% kernel / faults: 217 minor
05-20 18:39:23.197 E/ActivityManager(  374):   82% 11744/com.pekall.emdm.launcher:remote: 82% user + 0.1% kernel / faults: 116 minor
05-20 18:39:23.197 E/ActivityManager(  374):   21% 374/system_server: 16% user + 4.9% kernel / faults: 556 minor
05-20 18:39:23.197 E/ActivityManager(  374):   4.2% 448/com.android.systemui: 3.7% user + 0.5% kernel / faults: 33 minor
05-20 18:39:23.197 E/ActivityManager(  374):   3.6% 11784/com.google.android.apps.maps:GoogleLocationService: 2.8% user + 0.7% kernel / faults: 2564 minor 12 major
05-20 18:39:23.197 E/ActivityManager(  374):   1% 1661/com.qihoo360.mobilesafe:GuardService: 1% user + 0% kernel / faults: 282 minor
05-20 18:39:23.197 E/ActivityManager(  374):   0.3% 561/com.android.phone: 0.3% user + 0% kernel / faults: 47 minor
05-20 18:39:23.197 E/ActivityManager(  374):   0.2% 568/com.android.nfc: 0% user + 0.1% kernel / faults: 38 minor
05-20 18:39:23.197 E/ActivityManager(  374):   0% 135/adbd: 0% user + 0% kernel
05-20 18:39:23.197 E/ActivityManager(  374):   0.1% 603/com.google.process.gapps: 0% user + 0.1% kernel / faults: 11 minor
05-20 18:39:23.197 E/ActivityManager(  374):   0% 4648/logcat: 0% user + 0% kernel
05-20 18:39:23.197 E/ActivityManager(  374):   0% 8480/com.tencent.android.qqdownloader: 0% user + 0% kernel / faults: 11 minor
05-20 18:39:23.197 E/ActivityManager(  374):   0% 8748/com.qihoo.appstore: 0% user + 0% kernel / faults: 2 minor
05-20 18:39:23.197 E/ActivityManager(  374): 100% TOTAL: 96% user + 3.5% kernel
05-20 18:39:23.197 E/ActivityManager(  374): CPU usage from 6427ms to 6971ms later:
05-20 18:39:23.197 E/ActivityManager(  374):   82% 11191/com.pekall.emdm.launcher: 82% user + 0% kernel
05-20 18:39:23.197 E/ActivityManager(  374):     82% 11204/Thread-2040: 82% user + 0% kernel
05-20 18:39:23.197 E/ActivityManager(  374):   73% 11744/com.pekall.emdm.launcher:remote: 73% user + 0% kernel
05-20 18:39:23.197 E/ActivityManager(  374):     73% 11758/Thread-2062: 73% user + 0% kernel
05-20 18:39:23.197 E/ActivityManager(  374):   33% 11784/com.google.android.apps.maps:GoogleLocationService: 32% user + 1.7% kernel / faults: 1945 minor 3 major
05-20 18:39:23.197 E/ActivityManager(  374):     23% 11796/NetworkLocation: 23% user + 0% kernel
05-20 18:39:23.197 E/ActivityManager(  374):     7.1% 11790/Compiler: 7.1% user + 0% kernel
05-20 18:39:23.197 E/ActivityManager(  374):     1.7% 11788/GC: 1.7% user + 0% kernel
05-20 18:39:23.197 E/ActivityManager(  374):     1.7% 11792/FinalizerDaemon: 1.7% user + 0% kernel
05-20 18:39:23.197 E/ActivityManager(  374):   5.5% 374/system_server: 1.8% user + 3.7% kernel / faults: 2 minor
05-20 18:39:23.197 E/ActivityManager(  374):     7.4% 390/ActivityManager: 3.7% user + 3.7% kernel
05-20 18:39:23.197 E/ActivityManager(  374): 100% TOTAL: 95% user + 4.5% kernel
05-20 18:39:23.197 W/ActivityManager(  374): Killing ProcessRecord{42f0d7b0 11744:com.pekall.emdm.launcher:remote/u0a10066}: background ANR
05-20 18:39:23.306 I/ActivityManager(  374): Process com.pekall.emdm.launcher:remote (pid 11744) has died.
05-20 18:39:23.306 W/ActivityManager(  374): Scheduling restart of crashed service com.pekall.emdm.launcher/com.baidu.location.f in 320000ms
05-20 18:39:23.728 I/ActivityManager(  374): Start proc com.google.android.apps.maps:FriendService for broadcast com.google.android.apps.maps/com.google.googlenav.friend.android.ServiceReceiver: pid=11806 uid=10038 gids={50038, 3003, 1015, 1028}
05-20 18:39:23.892 I/ActivityManager(  374): Start proc com.google.android.apps.maps:LocationFriendService for broadcast com.google.android.apps.maps/com.google.googlenav.friend.reporting.LocationReportingIntentReceiver: pid=11818 uid=10038 gids={50038, 3003, 1015, 1028}
05-20 18:39:26.353 W/ActivityThread(11784): ClassLoader.loadClass: The class loader returned by Thread.getContextClassLoader() may fail for processes that host multiple applications. You should explicitly specify a context class loader. For example: Thread.setContextClassLoader(getClass().getClassLoader());
05-20 18:39:32.822 W/MountService(  374): getVolumeState(/storage/emulated/0/external_sd): Unknown volume
05-20 18:39:32.822 W/MountService(  374): getVolumeState(/mnt/sdcard-ext): Unknown volume
05-20 18:39:32.822 W/MountService(  374): getVolumeState(/mnt/ext_sdcard): Unknown volume
05-20 18:39:32.822 W/MountService(  374): getVolumeState(/mnt/sdcard2): Unknown volume
05-20 18:39:32.822 W/MountService(  374): getVolumeState(/mnt/emmc): Unknown volume
05-20 18:39:32.830 W/MountService(  374): getVolumeState(/mnt/extSdCard): Unknown volume
05-20 18:39:32.830 W/MountService(  374): getVolumeState(/mnt/sdcard/SD_CARD): Unknown volume
05-20 18:39:32.830 W/MountService(  374): getVolumeState(/mnt/sdcard/extra_sd): Unknown volume
05-20 18:39:32.830 W/MountService(  374): getVolumeState(/mnt/extrasd_bind): Unknown volume
05-20 18:39:32.830 W/MountService(  374): getVolumeState(/mnt/sdcard/ext_sd): Unknown volume
05-20 18:39:32.838 W/MountService(  374): getVolumeState(/storage/extSdCard): Unknown volume
05-20 18:39:32.838 W/MountService(  374): getVolumeState(/storage/sdcard1): Unknown volume
05-20 18:39:32.838 W/MountService(  374): getVolumeState(/mnt/sdcard/external_SD): Unknown volume
05-20 18:39:32.838 W/MountService(  374): getVolumeState(/mnt/sdcard/external_sd): Unknown volume
05-20 18:39:33.236 W/MountService(  374): getVolumeState(/storage/emulated/0/external_sd): Unknown volume
05-20 18:39:33.236 W/MountService(  374): getVolumeState(/mnt/sdcard-ext): Unknown volume
05-20 18:39:33.244 W/MountService(  374): getVolumeState(/mnt/ext_sdcard): Unknown volume
05-20 18:39:33.244 W/MountService(  374): getVolumeState(/mnt/sdcard2): Unknown volume
05-20 18:39:33.244 W/MountService(  374): getVolumeState(/mnt/emmc): Unknown volume
05-20 18:39:33.244 W/MountService(  374): getVolumeState(/mnt/extSdCard): Unknown volume
05-20 18:39:33.244 W/MountService(  374): getVolumeState(/mnt/sdcard/SD_CARD): Unknown volume
05-20 18:39:33.252 W/MountService(  374): getVolumeState(/mnt/sdcard/extra_sd): Unknown volume
05-20 18:39:33.252 W/MountService(  374): getVolumeState(/mnt/extrasd_bind): Unknown volume
05-20 18:39:33.252 W/MountService(  374): getVolumeState(/mnt/sdcard/ext_sd): Unknown volume
05-20 18:39:33.252 W/MountService(  374): getVolumeState(/storage/extSdCard): Unknown volume
05-20 18:39:33.252 W/MountService(  374): getVolumeState(/storage/sdcard1): Unknown volume
05-20 18:39:33.252 W/MountService(  374): getVolumeState(/mnt/sdcard/external_SD): Unknown volume
05-20 18:39:33.252 W/MountService(  374): getVolumeState(/mnt/sdcard/external_sd): Unknown volume
05-20 18:40:32.900 W/MountService(  374): getVolumeState(/storage/emulated/0/external_sd): Unknown volume
05-20 18:40:32.900 W/MountService(  374): getVolumeState(/mnt/sdcard-ext): Unknown volume
05-20 18:40:32.908 W/MountService(  374): getVolumeState(/mnt/ext_sdcard): Unknown volume
05-20 18:40:32.908 W/MountService(  374): getVolumeState(/mnt/sdcard2): Unknown volume
05-20 18:40:32.908 W/MountService(  374): getVolumeState(/mnt/emmc): Unknown volume
05-20 18:40:32.908 W/MountService(  374): getVolumeState(/mnt/extSdCard): Unknown volume
05-20 18:40:32.916 W/MountService(  374): getVolumeState(/mnt/sdcard/SD_CARD): Unknown volume
05-20 18:40:32.916 W/MountService(  374): getVolumeState(/mnt/sdcard/extra_sd): Unknown volume
05-20 18:40:32.916 W/MountService(  374): getVolumeState(/mnt/extrasd_bind): Unknown volume
05-20 18:40:32.916 W/MountService(  374): getVolumeState(/mnt/sdcard/ext_sd): Unknown volume
05-20 18:40:32.916 W/MountService(  374): getVolumeState(/storage/extSdCard): Unknown volume
05-20 18:40:32.916 W/MountService(  374): getVolumeState(/storage/sdcard1): Unknown volume
05-20 18:40:32.916 W/MountService(  374): getVolumeState(/mnt/sdcard/external_SD): Unknown volume
05-20 18:40:32.924 W/MountService(  374): getVolumeState(/mnt/sdcard/external_sd): Unknown volume
05-20 18:40:33.330 W/MountService(  374): getVolumeState(/storage/emulated/0/external_sd): Unknown volume
05-20 18:40:33.330 W/MountService(  374): getVolumeState(/mnt/sdcard-ext): Unknown volume
05-20 18:40:33.330 W/MountService(  374): getVolumeState(/mnt/ext_sdcard): Unknown volume
05-20 18:40:33.330 W/MountService(  374): getVolumeState(/mnt/sdcard2): Unknown volume
05-20 18:40:33.330 W/MountService(  374): getVolumeState(/mnt/emmc): Unknown volume
05-20 18:40:33.330 W/MountService(  374): getVolumeState(/mnt/extSdCard): Unknown volume
05-20 18:40:33.338 W/MountService(  374): getVolumeState(/mnt/sdcard/SD_CARD): Unknown volume
05-20 18:40:33.338 W/MountService(  374): getVolumeState(/mnt/sdcard/extra_sd): Unknown volume
05-20 18:40:33.338 W/MountService(  374): getVolumeState(/mnt/extrasd_bind): Unknown volume
05-20 18:40:33.338 W/MountService(  374): getVolumeState(/mnt/sdcard/ext_sd): Unknown volume
05-20 18:40:33.338 W/MountService(  374): getVolumeState(/storage/extSdCard): Unknown volume
05-20 18:40:33.338 W/MountService(  374): getVolumeState(/storage/sdcard1): Unknown volume
05-20 18:40:33.338 W/MountService(  374): getVolumeState(/mnt/sdcard/external_SD): Unknown volume
05-20 18:40:33.346 W/MountService(  374): getVolumeState(/mnt/sdcard/external_sd): Unknown volume
05-20 18:41:32.994 W/MountService(  374): getVolumeState(/storage/emulated/0/external_sd): Unknown volume
05-20 18:41:32.994 W/MountService(  374): getVolumeState(/mnt/sdcard-ext): Unknown volume
05-20 18:41:32.994 W/MountService(  374): getVolumeState(/mnt/ext_sdcard): Unknown volume
05-20 18:41:33.002 W/MountService(  374): getVolumeState(/mnt/sdcard2): Unknown volume
05-20 18:41:33.002 W/MountService(  374): getVolumeState(/mnt/emmc): Unknown volume
05-20 18:41:33.002 W/MountService(  374): getVolumeState(/mnt/extSdCard): Unknown volume
05-20 18:41:33.002 W/MountService(  374): getVolumeState(/mnt/sdcard/SD_CARD): Unknown volume
05-20 18:41:33.002 W/MountService(  374): getVolumeState(/mnt/sdcard/extra_sd): Unknown volume
05-20 18:41:33.002 W/MountService(  374): getVolumeState(/mnt/extrasd_bind): Unknown volume
05-20 18:41:33.002 W/MountService(  374): getVolumeState(/mnt/sdcard/ext_sd): Unknown volume
05-20 18:41:33.002 W/MountService(  374): getVolumeState(/storage/extSdCard): Unknown volume
05-20 18:41:33.002 W/MountService(  374): getVolumeState(/storage/sdcard1): Unknown volume
05-20 18:41:33.010 W/MountService(  374): getVolumeState(/mnt/sdcard/external_SD): Unknown volume
05-20 18:41:33.010 W/MountService(  374): getVolumeState(/mnt/sdcard/external_sd): Unknown volume
05-20 18:41:33.400 W/MountService(  374): getVolumeState(/storage/emulated/0/external_sd): Unknown volume
05-20 18:41:33.400 W/MountService(  374): getVolumeState(/mnt/sdcard-ext): Unknown volume
05-20 18:41:33.400 W/MountService(  374): getVolumeState(/mnt/ext_sdcard): Unknown volume
05-20 18:41:33.400 W/MountService(  374): getVolumeState(/mnt/sdcard2): Unknown volume
05-20 18:41:33.400 W/MountService(  374): getVolumeState(/mnt/emmc): Unknown volume
05-20 18:41:33.400 W/MountService(  374): getVolumeState(/mnt/extSdCard): Unknown volume
05-20 18:41:33.400 W/MountService(  374): getVolumeState(/mnt/sdcard/SD_CARD): Unknown volume
05-20 18:41:33.408 W/MountService(  374): getVolumeState(/mnt/sdcard/extra_sd): Unknown volume
05-20 18:41:33.408 W/MountService(  374): getVolumeState(/mnt/extrasd_bind): Unknown volume
05-20 18:41:33.408 W/MountService(  374): getVolumeState(/mnt/sdcard/ext_sd): Unknown volume
05-20 18:41:33.408 W/MountService(  374): getVolumeState(/storage/extSdCard): Unknown volume
05-20 18:41:33.408 W/MountService(  374): getVolumeState(/storage/sdcard1): Unknown volume
05-20 18:41:33.416 W/MountService(  374): getVolumeState(/mnt/sdcard/external_SD): Unknown volume
05-20 18:41:33.416 W/MountService(  374): getVolumeState(/mnt/sdcard/external_sd): Unknown volume
05-20 18:41:59.994 I/ActivityManager(  374): No longer want android.process.media (pid 9149): empty for 1803s
05-20 18:42:00.010 W/ActivityManager(  374): Scheduling restart of crashed service com.android.providers.media/.MtpService in 5000ms
05-20 18:42:05.033 I/ActivityManager(  374): Start proc android.process.media for service com.android.providers.media/.MtpService: pid=11847 uid=10015 gids={50015, 1015, 1023, 1024, 1028, 2001, 3003, 3007}
05-20 18:42:33.127 W/MountService(  374): getVolumeState(/storage/emulated/0/external_sd): Unknown volume
05-20 18:42:33.135 W/MountService(  374): getVolumeState(/mnt/sdcard-ext): Unknown volume
05-20 18:42:33.135 W/MountService(  374): getVolumeState(/mnt/ext_sdcard): Unknown volume
05-20 18:42:33.135 W/MountService(  374): getVolumeState(/mnt/sdcard2): Unknown volume
05-20 18:42:33.135 W/MountService(  374): getVolumeState(/mnt/emmc): Unknown volume
05-20 18:42:33.142 W/MountService(  374): getVolumeState(/mnt/extSdCard): Unknown volume
05-20 18:42:33.142 W/MountService(  374): getVolumeState(/mnt/sdcard/SD_CARD): Unknown volume
05-20 18:42:33.142 W/MountService(  374): getVolumeState(/mnt/sdcard/extra_sd): Unknown volume
05-20 18:42:33.142 W/MountService(  374): getVolumeState(/mnt/extrasd_bind): Unknown volume
05-20 18:42:33.142 W/MountService(  374): getVolumeState(/mnt/sdcard/ext_sd): Unknown volume
05-20 18:42:33.142 W/MountService(  374): getVolumeState(/storage/extSdCard): Unknown volume
05-20 18:42:33.142 W/MountService(  374): getVolumeState(/storage/sdcard1): Unknown volume
05-20 18:42:33.142 W/MountService(  374): getVolumeState(/mnt/sdcard/external_SD): Unknown volume
05-20 18:42:33.150 W/MountService(  374): getVolumeState(/mnt/sdcard/external_sd): Unknown volume
05-20 18:42:33.705 W/MountService(  374): getVolumeState(/storage/emulated/0/external_sd): Unknown volume
05-20 18:42:33.705 W/MountService(  374): getVolumeState(/mnt/sdcard-ext): Unknown volume
05-20 18:42:33.705 W/MountService(  374): getVolumeState(/mnt/ext_sdcard): Unknown volume
05-20 18:42:33.705 W/MountService(  374): getVolumeState(/mnt/sdcard2): Unknown volume
05-20 18:42:33.705 W/MountService(  374): getVolumeState(/mnt/emmc): Unknown volume
05-20 18:42:33.705 W/MountService(  374): getVolumeState(/mnt/extSdCard): Unknown volume
05-20 18:42:33.713 W/MountService(  374): getVolumeState(/mnt/sdcard/SD_CARD): Unknown volume
05-20 18:42:33.713 W/MountService(  374): getVolumeState(/mnt/sdcard/extra_sd): Unknown volume
