05-20 18:06:30.806 W/MountService(  374): getVolumeState(/mnt/sdcard/external_sd): Unknown volume
05-20 18:06:31.064 W/MountService(  374): getVolumeState(/storage/emulated/0/external_sd): Unknown volume
05-20 18:06:31.064 W/MountService(  374): getVolumeState(/mnt/sdcard-ext): Unknown volume
05-20 18:06:31.064 W/MountService(  374): getVolumeState(/mnt/ext_sdcard): Unknown volume
05-20 18:06:31.072 W/MountService(  374): getVolumeState(/mnt/sdcard2): Unknown volume
05-20 18:06:31.072 W/MountService(  374): getVolumeState(/mnt/emmc): Unknown volume
05-20 18:06:31.072 W/MountService(  374): getVolumeState(/mnt/extSdCard): Unknown volume
05-20 18:06:31.072 W/MountService(  374): getVolumeState(/mnt/sdcard/SD_CARD): Unknown volume
05-20 18:06:31.072 W/MountService(  374): getVolumeState(/mnt/sdcard/extra_sd): Unknown volume
05-20 18:06:31.072 W/MountService(  374): getVolumeState(/mnt/extrasd_bind): Unknown volume
05-20 18:06:31.072 W/MountService(  374): getVolumeState(/mnt/sdcard/ext_sd): Unknown volume
05-20 18:06:31.080 W/MountService(  374): getVolumeState(/storage/extSdCard): Unknown volume
05-20 18:06:31.080 W/MountService(  374): getVolumeState(/storage/sdcard1): Unknown volume
05-20 18:06:31.080 W/MountService(  374): getVolumeState(/mnt/sdcard/external_SD): Unknown volume
05-20 18:06:31.080 W/MountService(  374): getVolumeState(/mnt/sdcard/external_sd): Unknown volume
05-20 18:06:33.783 I/ActivityManager(  374): START u0 {flg=0x8000 cmp=com.pekall.emdm.launcher/.Launcher} from pid 9365
05-20 18:06:35.510 W/ActivityManager(  374): Unable to start service Intent { cmp=com.pekall.emdm.launcher/com.pekall.semail.service.AttachmentDownloadService } U=0: not found
05-20 18:06:36.846 W/ActivityManager(  374): Unable to start service Intent { act=pekall.intent.action.DOWNLOAD_APP (has extras) } U=0: not found
05-20 18:06:37.338 I/ActivityManager(  374): START u0 {act=android.intent.action.MAIN cat=[android.intent.category.HOME] flg=0x10200000 cmp=com.pekall.emdm.launcher/.Launcher} from pid 374
05-20 18:06:43.361 V/PanelView(  448): animationTick called with dtms=0; nothing to do (h=0.0 v=4000.0)
05-20 18:06:43.361 V/PanelView(  448): animationTick called with dtms=0; nothing to do (h=0.0 v=4000.0)
05-20 18:06:47.299 I/ActivityManager(  374): Start proc com.pekall.emdm.launcher:remote for service com.pekall.emdm.launcher/com.baidu.location.f: pid=9935 uid=10066 gids={50066, 1015, 3002, 3001, 3003, 1028}
05-20 18:06:47.728 D/ActivityThread( 9935): Loading provider com.pekall.semail.provider;com.pekall.semail.notifier: com.pekall.semail.provider.EmailProvider
05-20 18:06:47.767 D/ActivityThread( 9935): Loading provider com.pekall.semail.provider;com.pekall.semail.notifier: com.pekall.semail.provider.EmailProvider
05-20 18:06:50.291 W/ActivityManager(  374): Unable to start service Intent { cmp=com.pekall.emdm.launcher/com.pekall.semail.service.AttachmentDownloadService } U=0: not found
05-20 18:07:07.338 I/PowerManagerService(  374): Going to sleep due to screen timeout...
05-20 18:07:07.353 W/ActivityManager(  374): Timeout executing service: ServiceRecord{42d5a4f0 u0 com.pekall.emdm.launcher/com.baidu.location.f}
05-20 18:07:07.361 I/PowerManagerService(  374): Waking up from sleep...
05-20 18:07:11.963 E/ActivityManager(  374): ANR in com.pekall.emdm.launcher:remote
05-20 18:07:11.963 E/ActivityManager(  374): Reason: Executing service com.pekall.emdm.launcher/com.baidu.location.f
05-20 18:07:11.963 E/ActivityManager(  374): Load: 3.13 / 2.7 / 2.02
05-20 18:07:11.963 E/ActivityManager(  374): CPU usage from 2354ms to -3025ms ago:
05-20 18:07:11.963 E/ActivityManager(  374):   77% 9365/com.pekall.emdm.launcher: 77% user + 0% kernel / faults: 3 minor
05-20 18:07:11.963 E/ActivityManager(  374):   74% 9935/com.pekall.emdm.launcher:remote: 74% user + 0.1% kernel / faults: 117 minor
05-20 18:07:11.963 E/ActivityManager(  374):   18% 448/com.android.systemui: 17% user + 0.1% kernel / faults: 237 minor
05-20 18:07:11.963 E/ActivityManager(  374):   17% 374/system_server: 13% user + 4.4% kernel / faults: 454 minor 6 major
05-20 18:07:11.963 E/ActivityManager(  374):   7.4% 9919/uiautomator: 6.8% user + 0.5% kernel / faults: 456 minor
05-20 18:07:11.963 E/ActivityManager(  374):   2.2% 124/surfaceflinger: 0.7% user + 1.4% kernel / faults: 2387 minor
05-20 18:07:11.963 E/ActivityManager(  374):   0.3% 135/adbd: 0% user + 0.3% kernel
05-20 18:07:11.963 E/ActivityManager(  374):   0.3% 1661/com.qihoo360.mobilesafe:GuardService: 0.3% user + 0% kernel
05-20 18:07:11.963 E/ActivityManager(  374):   0% 57/irq/159-temp_se: 0% user + 0% kernel
05-20 18:07:11.963 E/ActivityManager(  374):   0.1% 9327/kworker/u:5: 0% user + 0.1% kernel
05-20 18:07:11.963 E/ActivityManager(  374):   0.1% 9868/logcat: 0.1% user + 0% kernel
05-20 18:07:11.963 E/ActivityManager(  374): 100% TOTAL: 96% user + 3.6% kernel
05-20 18:07:11.963 E/ActivityManager(  374): CPU usage from 3701ms to 4250ms later:
05-20 18:07:11.963 E/ActivityManager(  374):   85% 9935/com.pekall.emdm.launcher:remote: 85% user + 0% kernel
05-20 18:07:11.963 E/ActivityManager(  374):     85% 9948/Thread-1992: 85% user + 0% kernel
05-20 18:07:11.963 E/ActivityManager(  374):   65% 9365/com.pekall.emdm.launcher: 65% user + 0% kernel
05-20 18:07:11.963 E/ActivityManager(  374):     63% 9378/Thread-1971: 63% user + 0% kernel
05-20 18:07:11.963 E/ActivityManager(  374):   34% 448/com.android.systemui: 32% user + 1.8% kernel / faults: 62 minor
05-20 18:07:11.963 E/ActivityManager(  374):     30% 448/ndroid.systemui: 29% user + 1.8% kernel
05-20 18:07:11.963 E/ActivityManager(  374):     3.6% 453/GC: 3.6% user + 0% kernel
05-20 18:07:11.963 E/ActivityManager(  374):   7.2% 374/system_server: 1.8% user + 5.4% kernel / faults: 2 minor
05-20 18:07:11.963 E/ActivityManager(  374):     3.6% 390/ActivityManager: 0% user + 3.6% kernel
05-20 18:07:11.963 E/ActivityManager(  374):     1.8% 385/Binder_2: 1.8% user + 0% kernel
05-20 18:07:11.963 E/ActivityManager(  374):     1.8% 386/SensorService: 1.8% user + 0% kernel
05-20 18:07:11.963 E/ActivityManager(  374):   7.4% 9919/uiautomator: 7.4% user + 0% kernel / faults: 68 minor
05-20 18:07:11.963 E/ActivityManager(  374):     3.7% 9923/GC: 3.7% user + 0% kernel
05-20 18:07:11.963 E/ActivityManager(  374):     1.8% 9919/uiautomator: 1.8% user + 0% kernel
05-20 18:07:11.963 E/ActivityManager(  374):     1.8% 9921/FinalizerDaemon: 1.8% user + 0% kernel
05-20 18:07:11.963 E/ActivityManager(  374):   1.1% 1661/com.qihoo360.mobilesafe:GuardService: 1.1% user + 0% kernel
05-20 18:07:11.963 E/ActivityManager(  374):     1.1% 1661/fe:GuardService: 1.1% user + 0% kernel
05-20 18:07:11.963 E/ActivityManager(  374): 100% TOTAL: 97% user + 2.7% kernel
05-20 18:07:11.971 W/ActivityManager(  374): Killing ProcessRecord{428c0178 9935:com.pekall.emdm.launcher:remote/u0a10066}: background ANR
05-20 18:07:12.033 V/PanelView(  448): animationTick called with dtms=0; nothing to do (h=0.0 v=4000.0)
05-20 18:07:12.049 I/ActivityManager(  374): Process com.pekall.emdm.launcher:remote (pid 9935) has died.
05-20 18:07:12.049 W/ActivityManager(  374): Scheduling restart of crashed service com.pekall.emdm.launcher/com.baidu.location.f in 5000ms
05-20 18:07:12.142 V/PanelView(  448): animationTick called with dtms=0; nothing to do (h=0.0 v=4000.0)
05-20 18:07:12.221 W/BroadcastQueue(  374): Failure sending broadcast Intent { act=android.intent.action.SCREEN_OFF flg=0x50000010 }
05-20 18:07:12.221 W/BroadcastQueue(  374): android.os.DeadObjectException
05-20 18:07:12.221 W/BroadcastQueue(  374): 	at android.os.BinderProxy.transact(Native Method)
05-20 18:07:12.221 W/BroadcastQueue(  374): 	at android.content.IIntentReceiver$Stub$Proxy.performReceive(IIntentReceiver.java:124)
05-20 18:07:12.221 W/BroadcastQueue(  374): 	at com.android.server.am.BroadcastQueue.performReceiveLocked(BroadcastQueue.java:376)
05-20 18:07:12.221 W/BroadcastQueue(  374): 	at com.android.server.am.BroadcastQueue.deliverToRegisteredReceiverLocked(BroadcastQueue.java:449)
05-20 18:07:12.221 W/BroadcastQueue(  374): 	at com.android.server.am.BroadcastQueue.processNextBroadcast(BroadcastQueue.java:656)
05-20 18:07:12.221 W/BroadcastQueue(  374): 	at com.android.server.am.ActivityManagerService.finishReceiver(ActivityManagerService.java:12390)
05-20 18:07:12.221 W/BroadcastQueue(  374): 	at android.app.ActivityManagerNative.onTransact(ActivityManagerNative.java:379)
05-20 18:07:12.221 W/BroadcastQueue(  374): 	at com.android.server.am.ActivityManagerService.onTransact(ActivityManagerService.java:1737)
05-20 18:07:12.221 W/BroadcastQueue(  374): 	at android.os.Binder.execTransact(Binder.java:388)
05-20 18:07:12.221 W/BroadcastQueue(  374): 	at dalvik.system.NativeStart.run(Native Method)
05-20 18:07:12.228 I/WindowManager(  374): No lock screen!
05-20 18:07:12.314 V/PanelView(  448): animationTick called with dtms=0; nothing to do (h=0.0 v=4000.0)
05-20 18:07:12.814 W/InputMethodManagerService(  374): Window already focused, ignoring focus gain of: com.android.internal.view.IInputMethodClient$Stub$Proxy@42935f58 attribute=android.view.inputmethod.EditorInfo@4262fb28, token = android.os.BinderProxy@428ee2f8
05-20 18:07:13.322 V/PanelView(  448): animationTick called with dtms=0; nothing to do (h=0.0 v=4000.0)
05-20 18:07:17.056 I/ActivityManager(  374): Start proc com.pekall.emdm.launcher:remote for service com.pekall.emdm.launcher/com.baidu.location.f: pid=9978 uid=10066 gids={50066, 1015, 3002, 3001, 3003, 1028}
05-20 18:07:17.346 D/ActivityThread( 9978): Loading provider com.pekall.semail.provider;com.pekall.semail.notifier: com.pekall.semail.provider.EmailProvider
05-20 18:07:17.478 D/ActivityThread( 9978): Loading provider com.pekall.semail.provider;com.pekall.semail.notifier: com.pekall.semail.provider.EmailProvider
05-20 18:07:19.830 W/ActivityManager(  374): Unable to start service Intent { cmp=com.pekall.emdm.launcher/com.pekall.semail.service.AttachmentDownloadService } U=0: not found
05-20 18:07:31.002 W/MountService(  374): getVolumeState(/storage/emulated/0/external_sd): Unknown volume
05-20 18:07:31.049 W/MountService(  374): getVolumeState(/mnt/sdcard-ext): Unknown volume
05-20 18:07:31.064 W/MountService(  374): getVolumeState(/mnt/ext_sdcard): Unknown volume
05-20 18:07:31.064 W/MountService(  374): getVolumeState(/mnt/sdcard2): Unknown volume
05-20 18:07:31.306 W/MountService(  374): getVolumeState(/mnt/emmc): Unknown volume
05-20 18:07:31.322 W/MountService(  374): getVolumeState(/mnt/extSdCard): Unknown volume
05-20 18:07:31.346 W/MountService(  374): getVolumeState(/mnt/sdcard/SD_CARD): Unknown volume
05-20 18:07:31.424 W/MountService(  374): getVolumeState(/mnt/sdcard/extra_sd): Unknown volume
05-20 18:07:31.846 W/MountService(  374): getVolumeState(/mnt/extrasd_bind): Unknown volume
05-20 18:07:31.846 W/MountService(  374): getVolumeState(/mnt/sdcard/ext_sd): Unknown volume
05-20 18:07:33.205 W/MountService(  374): getVolumeState(/storage/extSdCard): Unknown volume
05-20 18:07:33.205 W/MountService(  374): getVolumeState(/storage/sdcard1): Unknown volume
05-20 18:07:33.205 W/MountService(  374): getVolumeState(/mnt/sdcard/external_SD): Unknown volume
05-20 18:07:33.228 W/MountService(  374): getVolumeState(/mnt/sdcard/external_sd): Unknown volume
05-20 18:07:34.439 I/ActivityManager(  374): START u0 {act=android.intent.action.MAIN cat=[android.intent.category.HOME] flg=0x10200000 cmp=com.pekall.emdm.launcher/.Launcher} from pid 374
05-20 18:07:34.439 V/PanelView(  448): animationTick called with dtms=0; nothing to do (h=1184.0 v=-4000.0)
05-20 18:07:35.681 W/InputMethodManagerService(  374): Window already focused, ignoring focus gain of: com.android.internal.view.IInputMethodClient$Stub$Proxy@42905d90 attribute=null, token = android.os.BinderProxy@428ee2f8
05-20 18:07:36.853 W/MountService(  374): getVolumeState(/storage/emulated/0/external_sd): Unknown volume
05-20 18:07:36.861 W/MountService(  374): getVolumeState(/mnt/sdcard-ext): Unknown volume
05-20 18:07:36.861 W/MountService(  374): getVolumeState(/mnt/ext_sdcard): Unknown volume
05-20 18:07:36.900 W/MountService(  374): getVolumeState(/mnt/sdcard2): Unknown volume
05-20 18:07:36.900 W/MountService(  374): getVolumeState(/mnt/emmc): Unknown volume
05-20 18:07:36.963 W/MountService(  374): getVolumeState(/mnt/extSdCard): Unknown volume
05-20 18:07:36.963 W/MountService(  374): getVolumeState(/mnt/sdcard/SD_CARD): Unknown volume
05-20 18:07:36.978 W/MountService(  374): getVolumeState(/mnt/sdcard/extra_sd): Unknown volume
05-20 18:07:36.994 W/MountService(  374): getVolumeState(/mnt/extrasd_bind): Unknown volume
05-20 18:07:36.994 W/MountService(  374): getVolumeState(/mnt/sdcard/ext_sd): Unknown volume
05-20 18:07:37.025 W/MountService(  374): getVolumeState(/storage/extSdCard): Unknown volume
05-20 18:07:37.025 W/MountService(  374): getVolumeState(/storage/sdcard1): Unknown volume
05-20 18:07:37.064 W/MountService(  374): getVolumeState(/mnt/sdcard/external_SD): Unknown volume
05-20 18:07:37.080 W/MountService(  374): getVolumeState(/mnt/sdcard/external_sd): Unknown volume
05-20 18:07:37.080 W/ActivityManager(  374): Timeout executing service: ServiceRecord{42d5a4f0 u0 com.pekall.emdm.launcher/com.baidu.location.f}
05-20 18:07:42.713 E/ActivityManager(  374): ANR in com.pekall.emdm.launcher:remote
05-20 18:07:42.713 E/ActivityManager(  374): Reason: Executing service com.pekall.emdm.launcher/com.baidu.location.f
05-20 18:07:42.713 E/ActivityManager(  374): Load: 3.68 / 2.86 / 2.09
05-20 18:07:42.713 E/ActivityManager(  374): CPU usage from 0ms to 5605ms later:
05-20 18:07:42.713 E/ActivityManager(  374):   83% 9365/com.pekall.emdm.launcher: 81% user + 1.9% kernel / faults: 2592 minor
05-20 18:07:42.713 E/ActivityManager(  374):   81% 9978/com.pekall.emdm.launcher:remote: 81% user + 0.3% kernel / faults: 116 minor
05-20 18:07:42.713 E/ActivityManager(  374):   21% 374/system_server: 17% user + 4.1% kernel / faults: 587 minor
05-20 18:07:42.713 E/ActivityManager(  374):   4.2% 448/com.android.systemui: 3.5% user + 0.7% kernel / faults: 27 minor
05-20 18:07:42.713 E/ActivityManager(  374):   1.4% 1661/com.qihoo360.mobilesafe:GuardService: 1.2% user + 0.1% kernel / faults: 53 minor
05-20 18:07:42.713 E/ActivityManager(  374):   1% 1468/com.qihoo.daemon: 1% user + 0% kernel / faults: 72 minor
05-20 18:07:42.713 E/ActivityManager(  374):   0.5% 561/com.android.phone: 0.5% user + 0% kernel / faults: 31 minor
05-20 18:07:42.713 E/ActivityManager(  374):   0.3% 135/adbd: 0% user + 0.3% kernel / faults: 16 minor
05-20 18:07:42.713 E/ActivityManager(  374):   0% 568/com.android.nfc: 0% user + 0% kernel / faults: 28 minor
05-20 18:07:42.713 E/ActivityManager(  374):   0.1% 82/mmcqd/0: 0% user + 0.1% kernel
05-20 18:07:42.713 E/ActivityManager(  374):   0.1% 114/jbd2/mmcblk0p12: 0% user + 0.1% kernel
05-20 18:07:42.713 E/ActivityManager(  374):   0% 117/vold: 0% user + 0% kernel
05-20 18:07:42.713 E/ActivityManager(  374):   0.1% 1615/logcat: 0.1% user + 0% kernel
05-20 18:07:42.713 E/ActivityManager(  374):   0% 4648/logcat: 0% user + 0% kernel
05-20 18:07:42.713 E/ActivityManager(  374):   0.1% 9239/kworker/0:0: 0% user + 0.1% kernel
05-20 18:07:42.713 E/ActivityManager(  374):   0.1% 9293/kworker/u:1: 0% user + 0.1% kernel
05-20 18:07:42.713 E/ActivityManager(  374):  +0% 10033/sh: 0% user + 0% kernel
05-20 18:07:42.713 E/ActivityManager(  374):  +0% 10035/app_process: 0% user + 0% kernel
05-20 18:07:42.713 E/ActivityManager(  374): 100% TOTAL: 95% user + 4.3% kernel
05-20 18:07:42.713 E/ActivityManager(  374): CPU usage from 4724ms to 5260ms later:
05-20 18:07:42.713 E/ActivityManager(  374):   100% 9978/com.pekall.emdm.launcher:remote: 98% user + 1.8% kernel
05-20 18:07:42.713 E/ActivityManager(  374):     98% 9992/Thread-1995: 98% user + 0% kernel
05-20 18:07:42.713 E/ActivityManager(  374):   96% 9365/com.pekall.emdm.launcher: 94% user + 1.8% kernel / faults: 44 minor
05-20 18:07:42.713 E/ActivityManager(  374):     94% 9378/Thread-1971: 94% user + 0% kernel
05-20 18:07:42.713 E/ActivityManager(  374):   5.5% 374/system_server: 1.8% user + 3.7% kernel / faults: 2 minor
05-20 18:07:42.713 E/ActivityManager(  374):     5.5% 390/ActivityManager: 0% user + 5.5% kernel
05-20 18:07:42.713 E/ActivityManager(  374):   1.1% 1615/logcat: 1.1% user + 0% kernel
05-20 18:07:42.713 E/ActivityManager(  374):   1.1% 1661/com.qihoo360.mobilesafe:GuardService: 1.1% user + 0% kernel
05-20 18:07:42.713 E/ActivityManager(  374): 100% TOTAL: 96% user + 3.7% kernel
05-20 18:07:42.728 W/ActivityManager(  374): Killing ProcessRecord{426a3ed0 9978:com.pekall.emdm.launcher:remote/u0a10066}: background ANR
05-20 18:07:42.799 I/ActivityManager(  374): Process com.pekall.emdm.launcher:remote (pid 9978) has died.
05-20 18:07:42.799 W/ActivityManager(  374): Scheduling restart of crashed service com.pekall.emdm.launcher/com.baidu.location.f in 20000ms
05-20 18:07:43.049 W/DevicePolicyManagerService(  374): setPasswordExpiration(): password will expire on May 20, 2014 6:07:43 PM
05-20 18:07:43.822 V/PanelView(  448): animationTick called with dtms=0; nothing to do (h=0.0 v=4000.0)
05-20 18:07:43.822 V/PanelView(  448): animationTick called with dtms=0; nothing to do (h=0.0 v=4000.0)
05-20 18:08:02.830 I/ActivityManager(  374): Start proc com.pekall.emdm.launcher:remote for service com.pekall.emdm.launcher/com.baidu.location.f: pid=10052 uid=10066 gids={50066, 1015, 3002, 3001, 3003, 1028}
05-20 18:08:03.181 D/ActivityThread(10052): Loading provider com.pekall.semail.provider;com.pekall.semail.notifier: com.pekall.semail.provider.EmailProvider
05-20 18:08:03.181 D/ActivityThread(10052): Loading provider com.pekall.semail.provider;com.pekall.semail.notifier: com.pekall.semail.provider.EmailProvider
05-20 18:08:04.439 I/PowerManagerService(  374): Going to sleep due to screen timeout...
05-20 18:08:04.486 I/PowerManagerService(  374): Waking up from sleep...
05-20 18:08:04.775 W/InputMethodManagerService(  374): Window already focused, ignoring focus gain of: com.android.internal.view.IInputMethodClient$Stub$Proxy@4228e510 attribute=android.view.inputmethod.EditorInfo@427f5068, token = android.os.BinderProxy@428ee2f8
05-20 18:08:05.275 V/PanelView(  448): animationTick called with dtms=0; nothing to do (h=0.0 v=4000.0)
05-20 18:08:07.556 W/WindowManager(  374): Window freeze timeout expired.
05-20 18:08:07.556 W/WindowManager(  374): Force clearing orientation change: Window{428ae890 u0 StatusBar}
05-20 18:08:08.681 W/ActivityManager(  374): Unable to start service Intent { cmp=com.pekall.emdm.launcher/com.pekall.semail.service.AttachmentDownloadService } U=0: not found
05-20 18:08:09.853 D/PhoneStatusBar(  448): disable: < EXPAND* icons alerts TICKER* system_info back home RECENT* clock SEARCH* >
05-20 18:08:09.853 V/PanelView(  448): animationTick called with dtms=0; nothing to do (h=1184.0 v=-4000.0)
05-20 18:08:09.861 V/PanelView(  448): animationTick called with dtms=0; nothing to do (h=1184.0 v=-4000.0)
05-20 18:08:10.306 D/PhoneStatusBar(  448): disable: < EXPAND icons alerts TICKER system_info BACK* HOME* RECENT CLOCK* SEARCH >
05-20 18:08:14.916 W/BroadcastQueue(  374): Timeout of broadcast BroadcastRecord{42d9dac8 u-1 android.intent.action.SCREEN_OFF} - receiver=android.os.BinderProxy@4254f520, started 10001ms ago
05-20 18:08:14.916 W/BroadcastQueue(  374): Receiver during timeout: BroadcastFilter{429b3a10 u0 ReceiverList{429b4010 10052 com.pekall.emdm.launcher:remote/10066/u0 remote:4254f520}}
05-20 18:08:14.947 I/WindowManager(  374): Lock screen displayed!
05-20 18:08:19.197 E/ActivityManager(  374): ANR in com.pekall.emdm.launcher:remote
05-20 18:08:19.197 E/ActivityManager(  374): Reason: Broadcast of Intent { act=android.intent.action.SCREEN_OFF flg=0x50000010 }
05-20 18:08:19.197 E/ActivityManager(  374): Load: 4.49 / 3.14 / 2.21
05-20 18:08:19.197 E/ActivityManager(  374): CPU usage from 10425ms to 428ms ago:
05-20 18:08:19.197 E/ActivityManager(  374):   75% 9365/com.pekall.emdm.launcher: 75% user + 0.1% kernel / faults: 99 minor
05-20 18:08:19.197 E/ActivityManager(  374):   63% 10052/com.pekall.emdm.launcher:remote: 63% user + 0.1% kernel / faults: 435 minor
05-20 18:08:19.197 E/ActivityManager(  374):   20% 374/system_server: 16% user + 4% kernel / faults: 1931 minor 2 major
05-20 18:08:19.197 E/ActivityManager(  374):   15% 10035/uiautomator: 14% user + 1.1% kernel / faults: 1559 minor 1 major
05-20 18:08:19.197 E/ActivityManager(  374):   14% 448/com.android.systemui: 12% user + 1.4% kernel / faults: 997 minor
05-20 18:08:19.197 E/ActivityManager(  374):   3.7% 124/surfaceflinger: 0.7% user + 3% kernel / faults: 11230 minor
05-20 18:08:19.197 E/ActivityManager(  374):   0.2% 127/mediaserver: 0% user + 0.1% kernel / faults: 5 minor
05-20 18:08:19.197 E/ActivityManager(  374):   0.8% 135/adbd: 0.1% user + 0.7% kernel
05-20 18:08:19.197 E/ActivityManager(  374):   0% 24/kswapd0: 0% user + 0% kernel
05-20 18:08:19.197 E/ActivityManager(  374):   0% 1468/com.qihoo.daemon: 0% user + 0% kernel / faults: 113 minor
05-20 18:08:19.197 E/ActivityManager(  374):   0.3% 1661/com.qihoo360.mobilesafe:GuardService: 0.1% user + 0.2% kernel / faults: 46 minor
05-20 18:08:19.197 E/ActivityManager(  374):   0.3% 9239/kworker/0:0: 0% user + 0.3% kernel
05-20 18:08:19.197 E/ActivityManager(  374):   0% 8651/kworker/u:0: 0% user + 0% kernel
05-20 18:08:19.197 E/ActivityManager(  374):   0.2% 8748/com.qihoo.appstore: 0.2% user + 0% kernel / faults: 6 minor
05-20 18:08:19.197 E/ActivityManager(  374):   0.2% 10011/logcat: 0.2% user + 0% kernel
05-20 18:08:19.197 E/ActivityManager(  374):   0% 82/mmcqd/0: 0% user + 0% kernel
05-20 18:08:19.197 E/ActivityManager(  374):   0% 95/ueventd: 0% user + 0% kernel
05-20 18:08:19.197 E/ActivityManager(  374):   0.1% 116/servicemanager: 0.1% user + 0% kernel
05-20 18:08:19.197 E/ActivityManager(  374):   0% 117/vold: 0% user + 0% kernel
05-20 18:08:19.197 E/ActivityManager(  374):   0% 2462/com.dragon.android.pandaspace: 0% user + 0% kernel / faults: 17 minor
05-20 18:08:19.197 E/ActivityManager(  374):   0.1% 8428/kworker/1:2: 0% user + 0.1% kernel
05-20 18:08:19.197 E/ActivityManager(  374):   0.1% 8654/com.google.android.apps.maps:GoogleLocationService: 0.1% user + 0% kernel / faults: 10 minor
05-20 18:08:19.197 E/ActivityManager(  374):   0% 9242/com.dragon.android.pandaspace:bdservice_v1: 0% user + 0% kernel / faults: 23 minor
05-20 18:08:19.197 E/ActivityManager(  374):   0% 9293/kworker/u:1: 0% user + 0% kernel
05-20 18:08:19.197 E/ActivityManager(  374):   0.1% 9327/kworker/u:5: 0% user + 0.1% kernel
05-20 18:08:19.197 E/ActivityManager(  374): 99% TOTAL: 93% user + 6.2% kernel
05-20 18:08:19.197 E/ActivityManager(  374): CPU usage from 3510ms to 4036ms later:
05-20 18:08:19.197 E/ActivityManager(  374):   100% 10052/com.pekall.emdm.launcher:remote: 100% user + 0% kernel
05-20 18:08:19.197 E/ActivityManager(  374):     100% 10065/Thread-1998: 100% user + 0% kernel
05-20 18:08:19.197 E/ActivityManager(  374):   96% 9365/com.pekall.emdm.launcher: 96% user + 0% kernel
05-20 18:08:19.197 E/ActivityManager(  374):     96% 9378/Thread-1971: 96% user + 0% kernel
05-20 18:08:19.197 E/ActivityManager(  374):   5.7% 374/system_server: 1.9% user + 3.8% kernel
05-20 18:08:19.197 E/ActivityManager(  374):     5.7% 390/ActivityManager: 1.9% user + 3.8% kernel
05-20 18:08:19.197 E/ActivityManager(  374): 100% TOTAL: 97% user + 2.8% kernel
05-20 18:08:19.197 W/ActivityManager(  374): Killing ProcessRecord{422daf30 10052:com.pekall.emdm.launcher:remote/u0a10066}: background ANR
05-20 18:08:19.221 I/ActivityManager(  374): Process com.pekall.emdm.launcher:remote (pid 10052) has died.
05-20 18:08:19.228 W/ActivityManager(  374): Scheduling restart of crashed service com.pekall.emdm.launcher/com.baidu.location.f in 80000ms
05-20 18:08:26.189 W/DevicePolicyManagerService(  374): setPasswordExpiration(): password will expire on May 20, 2014 6:08:26 PM
05-20 18:08:30.931 W/MountService(  374): getVolumeState(/storage/emulated/0/external_sd): Unknown volume
05-20 18:08:30.939 W/MountService(  374): getVolumeState(/mnt/sdcard-ext): Unknown volume
05-20 18:08:30.939 W/MountService(  374): getVolumeState(/mnt/ext_sdcard): Unknown volume
05-20 18:08:30.939 W/MountService(  374): getVolumeState(/mnt/sdcard2): Unknown volume
05-20 18:08:30.939 W/MountService(  374): getVolumeState(/mnt/emmc): Unknown volume
05-20 18:08:30.939 W/MountService(  374): getVolumeState(/mnt/extSdCard): Unknown volume
05-20 18:08:30.939 W/MountService(  374): getVolumeState(/mnt/sdcard/SD_CARD): Unknown volume
05-20 18:08:30.939 W/MountService(  374): getVolumeState(/mnt/sdcard/extra_sd): Unknown volume
05-20 18:08:30.939 W/MountService(  374): getVolumeState(/mnt/extrasd_bind): Unknown volume
05-20 18:08:30.947 W/MountService(  374): getVolumeState(/mnt/sdcard/ext_sd): Unknown volume
05-20 18:08:30.947 W/MountService(  374): getVolumeState(/storage/extSdCard): Unknown volume
05-20 18:08:30.947 W/MountService(  374): getVolumeState(/storage/sdcard1): Unknown volume
05-20 18:08:30.947 W/MountService(  374): getVolumeState(/mnt/sdcard/external_SD): Unknown volume
05-20 18:08:30.955 W/MountService(  374): getVolumeState(/mnt/sdcard/external_sd): Unknown volume
05-20 18:08:31.236 W/MountService(  374): getVolumeState(/storage/emulated/0/external_sd): Unknown volume
05-20 18:08:31.244 W/MountService(  374): getVolumeState(/mnt/sdcard-ext): Unknown volume
05-20 18:08:31.244 W/MountService(  374): getVolumeState(/mnt/ext_sdcard): Unknown volume
05-20 18:08:31.244 W/MountService(  374): getVolumeState(/mnt/sdcard2): Unknown volume
05-20 18:08:31.244 W/MountService(  374): getVolumeState(/mnt/emmc): Unknown volume
05-20 18:08:31.244 W/MountService(  374): getVolumeState(/mnt/extSdCard): Unknown volume
05-20 18:08:31.244 W/MountService(  374): getVolumeState(/mnt/sdcard/SD_CARD): Unknown volume
05-20 18:08:31.244 W/MountService(  374): getVolumeState(/mnt/sdcard/extra_sd): Unknown volume
05-20 18:08:31.244 W/MountService(  374): getVolumeState(/mnt/extrasd_bind): Unknown volume
05-20 18:08:31.244 W/MountService(  374): getVolumeState(/mnt/sdcard/ext_sd): Unknown volume
05-20 18:08:31.252 W/MountService(  374): getVolumeState(/storage/extSdCard): Unknown volume
05-20 18:08:31.252 W/MountService(  374): getVolumeState(/storage/sdcard1): Unknown volume
05-20 18:08:31.252 W/MountService(  374): getVolumeState(/mnt/sdcard/external_SD): Unknown volume
05-20 18:08:31.252 W/MountService(  374): getVolumeState(/mnt/sdcard/external_sd): Unknown volume
05-20 18:08:47.838 I/ActivityManager(  374): No longer want com.google.android.apps.maps:LocationFriendService (pid 8687): empty for 1811s
05-20 18:08:47.838 I/ActivityManager(  374): No longer want com.google.android.apps.maps:FriendService (pid 8675): empty for 1811s
05-20 18:08:47.846 I/ActivityManager(  374): No longer want com.google.android.apps.maps:GoogleLocationService (pid 8654): empty for 1812s
05-20 18:08:47.853 D/PhoneStatusBar(  448): disable: < expand* icons alerts ticker* system_info BACK HOME recent* CLOCK search* >
05-20 18:08:47.900 W/ActivityManager(  374): Scheduling restart of crashed service com.google.android.apps.maps/com.google.android.location.internal.server.GoogleLocationService in 5000ms
05-20 18:08:47.916 D/PhoneStatusBar(  448): disable: < expand icons alerts ticker system_info back* home* recent clock* search >
05-20 18:08:48.424 W/InputMethodManagerService(  374): Window already focused, ignoring focus gain of: com.android.internal.view.IInputMethodClient$Stub$Proxy@429c8728 attribute=null, token = android.os.BinderProxy@428ee2f8
05-20 18:08:51.025 I/ActivityManager(  374): START u0 {flg=0x10000000 cmp=com.pekall.emdm.launcher/.ui.BackPersonalActivity} from pid 9365
05-20 18:08:51.103 I/ActivityManager(  374): START u0 {flg=0x10200000 cmp=com.android.launcher/com.android.launcher2.Launcher} from pid 9365
05-20 18:08:51.103 W/ActivityManager(  374): Duplicate finish request for ActivityRecord{42295ac8 u0 com.pekall.emdm.launcher/.ui.BackPersonalActivity}
05-20 18:08:52.908 I/ActivityManager(  374): Start proc com.google.android.apps.maps:GoogleLocationService for service com.google.android.apps.maps/com.google.android.location.internal.server.GoogleLocationService: pid=10142 uid=10038 gids={50038, 3003, 1015, 1028}
05-20 18:08:53.916 I/ActivityManager(  374): Start proc com.google.android.apps.maps:FriendService for broadcast com.google.android.apps.maps/com.google.googlenav.friend.android.ServiceReceiver: pid=10178 uid=10038 gids={50038, 3003, 1015, 1028}
05-20 18:08:54.072 I/ActivityManager(  374): Start proc com.google.android.apps.maps:LocationFriendService for broadcast com.google.android.apps.maps/com.google.googlenav.friend.reporting.LocationReportingIntentReceiver: pid=10190 uid=10038 gids={50038, 3003, 1015, 1028}
05-20 18:08:54.424 V/PanelView(  448): animationTick called with dtms=0; nothing to do (h=0.0 v=4000.0)
05-20 18:08:54.424 V/PanelView(  448): animationTick called with dtms=0; nothing to do (h=0.0 v=4000.0)
05-20 18:08:56.291 I/ActivityManager(  374): START u0 {act=android.app.action.SET_NEW_PASSWORD cmp=com.android.settings/.ChooseLockGeneric bnds=[0,242][720,370]} from pid -1
05-20 18:08:56.291 W/ActivityManager(  374): startActivity called from non-Activity context; forcing Intent.FLAG_ACTIVITY_NEW_TASK for: Intent { act=android.app.action.SET_NEW_PASSWORD flg=0x800000 cmp=com.android.settings/.ChooseLockGeneric bnds=[0,242][720,370] }
05-20 18:08:56.385 V/PanelView(  448): animationTick called with dtms=0; nothing to do (h=1184.0 v=-4000.0)
05-20 18:08:56.494 I/ActivityManager(  374): START u0 {cmp=com.android.settings/.ConfirmLockPassword} from pid 8981
05-20 18:09:31.049 W/MountService(  374): getVolumeState(/storage/emulated/0/external_sd): Unknown volume
05-20 18:09:31.049 W/MountService(  374): getVolumeState(/mnt/sdcard-ext): Unknown volume
05-20 18:09:31.049 W/MountService(  374): getVolumeState(/mnt/ext_sdcard): Unknown volume
05-20 18:09:31.049 W/MountService(  374): getVolumeState(/mnt/sdcard2): Unknown volume
05-20 18:09:31.056 W/MountService(  374): getVolumeState(/mnt/emmc): Unknown volume
05-20 18:09:31.056 W/MountService(  374): getVolumeState(/mnt/extSdCard): Unknown volume
05-20 18:09:31.056 W/MountService(  374): getVolumeState(/mnt/sdcard/SD_CARD): Unknown volume
05-20 18:09:31.056 W/MountService(  374): getVolumeState(/mnt/sdcard/extra_sd): Unknown volume
05-20 18:09:31.056 W/MountService(  374): getVolumeState(/mnt/extrasd_bind): Unknown volume
05-20 18:09:31.056 W/MountService(  374): getVolumeState(/mnt/sdcard/ext_sd): Unknown volume
05-20 18:09:31.056 W/MountService(  374): getVolumeState(/storage/extSdCard): Unknown volume
05-20 18:09:31.056 W/MountService(  374): getVolumeState(/storage/sdcard1): Unknown volume
05-20 18:09:31.056 W/MountService(  374): getVolumeState(/mnt/sdcard/external_SD): Unknown volume
05-20 18:09:31.056 W/MountService(  374): getVolumeState(/mnt/sdcard/external_sd): Unknown volume
05-20 18:09:31.346 W/MountService(  374): getVolumeState(/storage/emulated/0/external_sd): Unknown volume
05-20 18:09:31.346 W/MountService(  374): getVolumeState(/mnt/sdcard-ext): Unknown volume
05-20 18:09:31.346 W/MountService(  374): getVolumeState(/mnt/ext_sdcard): Unknown volume
05-20 18:09:31.346 W/MountService(  374): getVolumeState(/mnt/sdcard2): Unknown volume
05-20 18:09:31.346 W/MountService(  374): getVolumeState(/mnt/emmc): Unknown volume
05-20 18:09:31.346 W/MountService(  374): getVolumeState(/mnt/extSdCard): Unknown volume
05-20 18:09:31.346 W/MountService(  374): getVolumeState(/mnt/sdcard/SD_CARD): Unknown volume
05-20 18:09:31.346 W/MountService(  374): getVolumeState(/mnt/sdcard/extra_sd): Unknown volume
05-20 18:09:31.346 W/MountService(  374): getVolumeState(/mnt/extrasd_bind): Unknown volume
05-20 18:09:31.346 W/MountService(  374): getVolumeState(/mnt/sdcard/ext_sd): Unknown volume
05-20 18:09:31.353 W/MountService(  374): getVolumeState(/storage/extSdCard): Unknown volume
05-20 18:09:31.353 W/MountService(  374): getVolumeState(/storage/sdcard1): Unknown volume
05-20 18:09:31.353 W/MountService(  374): getVolumeState(/mnt/sdcard/external_SD): Unknown volume
05-20 18:09:31.369 W/MountService(  374): getVolumeState(/mnt/sdcard/external_sd): Unknown volume
05-20 18:09:39.252 I/ActivityManager(  374): Start proc com.pekall.emdm.launcher:remote for service com.pekall.emdm.launcher/com.baidu.location.f: pid=10221 uid=10066 gids={50066, 1015, 3002, 3001, 3003, 1028}
05-20 18:09:39.971 D/ActivityThread(10221): Loading provider com.pekall.semail.provider;com.pekall.semail.notifier: com.pekall.semail.provider.EmailProvider
05-20 18:09:40.299 D/ActivityThread(10221): Loading provider com.pekall.semail.provider;com.pekall.semail.notifier: com.pekall.semail.provider.EmailProvider
05-20 18:09:48.838 W/ActivityManager(  374): Unable to start service Intent { cmp=com.pekall.emdm.launcher/com.pekall.semail.service.AttachmentDownloadService } U=0: not found
05-20 18:09:55.283 I/PowerManagerService(  374): Going to sleep due to screen timeout...
05-20 18:09:59.275 W/ActivityManager(  374): Timeout executing service: ServiceRecord{42d5a4f0 u0 com.pekall.emdm.launcher/com.baidu.location.f}
05-20 18:10:07.877 E/ActivityManager(  374): ANR in com.pekall.emdm.launcher:remote
05-20 18:10:07.877 E/ActivityManager(  374): Reason: Executing service com.pekall.emdm.launcher/com.baidu.location.f
05-20 18:10:07.877 E/ActivityManager(  374): Load: 2.7 / 2.83 / 2.2
05-20 18:10:07.877 E/ActivityManager(  374): CPU usage from 3109ms to -8558ms ago with 99% awake:
05-20 18:10:07.877 E/ActivityManager(  374):   84% 10221/com.pekall.emdm.launcher:remote: 83% user + 0.2% kernel / faults: 112 minor
05-20 18:10:07.877 E/ActivityManager(  374):   84% 9365/com.pekall.emdm.launcher: 84% user + 0% kernel / faults: 8 minor
05-20 18:10:07.877 E/ActivityManager(  374):   15% 374/system_server: 11% user + 4.3% kernel / faults: 571 minor
05-20 18:10:07.877 E/ActivityManager(  374):   3.7% 448/com.android.systemui: 3.5% user + 0.2% kernel / faults: 111 minor
05-20 18:10:07.877 E/ActivityManager(  374):   1.5% 8428/kworker/1:2: 0% user + 1.5% kernel
05-20 18:10:07.877 E/ActivityManager(  374):   1.3% 135/adbd: 0.3% user + 1% kernel / faults: 17 minor
05-20 18:10:07.877 E/ActivityManager(  374):   0.4% 1468/com.qihoo.daemon: 0.3% user + 0% kernel / faults: 131 minor
05-20 18:10:07.877 E/ActivityManager(  374):   0.3% 561/com.android.phone: 0.3% user + 0% kernel / faults: 93 minor
05-20 18:10:07.877 E/ActivityManager(  374):   0% 568/com.android.nfc: 0% user + 0% kernel / faults: 117 minor
05-20 18:10:07.877 E/ActivityManager(  374):   0.3% 9239/kworker/0:0: 0% user + 0.3% kernel
05-20 18:10:07.877 E/ActivityManager(  374):   0% 531/com.google.android.inputmethod.latin: 0% user + 0% kernel / faults: 67 minor
05-20 18:10:07.877 E/ActivityManager(  374):   0.2% 1661/com.qihoo360.mobilesafe:GuardService: 0.2% user + 0% kernel / faults: 53 minor
05-20 18:10:07.877 E/ActivityManager(  374):   0.1% 2462/com.dragon.android.pandaspace: 0.1% user + 0% kernel / faults: 52 minor
05-20 18:10:07.877 E/ActivityManager(  374):   0.1% 8748/com.qihoo.appstore: 0% user + 0% kernel / faults: 3 minor
05-20 18:10:07.877 E/ActivityManager(  374):   0.1% 8981/com.android.settings: 0% user + 0% kernel / faults: 24 minor
05-20 18:10:07.877 E/ActivityManager(  374):   0% 9242/com.dragon.android.pandaspace:bdservice_v1: 0% user + 0% kernel / faults: 125 minor
05-20 18:10:07.877 E/ActivityManager(  374):   0% 82/mmcqd/0: 0% user + 0% kernel
05-20 18:10:07.877 E/ActivityManager(  374):   0% 124/surfaceflinger: 0% user + 0% kernel
05-20 18:10:07.877 E/ActivityManager(  374):   0% 576/com.android.launcher: 0% user + 0% kernel / faults: 61 minor
05-20 18:10:07.877 E/ActivityManager(  374):   0% 8480/com.tencent.android.qqdownloader: 0% user + 0% kernel / faults: 76 minor
05-20 18:10:07.877 E/ActivityManager(  374):  +0% 10262/logcat: 0% user + 0% kernel
05-20 18:10:07.877 E/ActivityManager(  374): 99% TOTAL: 94% user + 5% kernel
05-20 18:10:07.877 E/ActivityManager(  374): CPU usage from 7760ms to 8301ms later:
05-20 18:10:07.877 E/ActivityManager(  374):   92% 10221/com.pekall.emdm.launcher:remote: 92% user + 0% kernel
05-20 18:10:07.877 E/ActivityManager(  374):     96% 10234/Thread-2010: 96% user + 0% kernel
05-20 18:10:07.877 E/ActivityManager(  374):   87% 9365/com.pekall.emdm.launcher: 87% user + 0% kernel
05-20 18:10:07.877 E/ActivityManager(  374):     89% 9378/Thread-1971: 89% user + 0% kernel
05-20 18:10:07.877 E/ActivityManager(  374):   7.4% 374/system_server: 1.8% user + 5.5% kernel
05-20 18:10:07.877 E/ActivityManager(  374):     7.4% 390/ActivityManager: 1.8% user + 5.5% kernel
05-20 18:10:07.877 E/ActivityManager(  374): 95% TOTAL: 91% user + 3.6% kernel
05-20 18:10:07.885 W/ActivityManager(  374): Killing ProcessRecord{42dd6c90 10221:com.pekall.emdm.launcher:remote/u0a10066}: background ANR
05-20 18:10:07.885 W/BroadcastQueue(  374): Timeout of broadcast BroadcastRecord{4320f9a0 u-1 android.intent.action.SCREEN_OFF} - receiver=android.os.BinderProxy@42a1b150, started 11350ms ago
05-20 18:10:07.892 W/BroadcastQueue(  374): Receiver during timeout: BroadcastFilter{42a4de48 u0 ReceiverList{42a4ddc8 10221 com.pekall.emdm.launcher:remote/10066/u0 remote:42a1b150}}
05-20 18:10:07.908 I/ActivityManager(  374): Skipping duplicate ANR: ProcessRecord{42dd6c90 10221:com.pekall.emdm.launcher:remote/u0a10066} Broadcast of Intent { act=android.intent.action.SCREEN_OFF flg=0x50000010 }
05-20 18:10:07.939 I/ActivityManager(  374): Process com.pekall.emdm.launcher:remote (pid 10221) has died.
05-20 18:10:07.939 W/ActivityManager(  374): Scheduling restart of crashed service com.pekall.emdm.launcher/com.baidu.location.f in 320000ms
05-20 18:10:08.158 D/PhoneStatusBar(  448): disable: < EXPAND* icons alerts TICKER* system_info back home RECENT* clock SEARCH* >
05-20 18:10:08.244 W/InputMethodManagerService(  374): Starting input on non-focused client com.android.internal.view.IInputMethodClient$Stub$Proxy@42a4eed8 (uid=1000 pid=8981)
05-20 18:10:08.299 D/PhoneStatusBar(  448): disable: < EXPAND icons alerts TICKER system_info BACK* HOME* RECENT CLOCK* SEARCH >
05-20 18:10:22.096 I/PowerManagerService(  374): Waking up from sleep...
05-20 18:10:22.205 I/WindowManager(  374): Lock screen displayed!
05-20 18:10:31.135 W/MountService(  374): getVolumeState(/storage/emulated/0/external_sd): Unknown volume
05-20 18:10:31.142 W/MountService(  374): getVolumeState(/mnt/sdcard-ext): Unknown volume
05-20 18:10:31.142 W/MountService(  374): getVolumeState(/mnt/ext_sdcard): Unknown volume
05-20 18:10:31.142 W/MountService(  374): getVolumeState(/mnt/sdcard2): Unknown volume
05-20 18:10:31.142 W/MountService(  374): getVolumeState(/mnt/emmc): Unknown volume
05-20 18:10:31.142 W/MountService(  374): getVolumeState(/mnt/extSdCard): Unknown volume
05-20 18:10:31.142 W/MountService(  374): getVolumeState(/mnt/sdcard/SD_CARD): Unknown volume
05-20 18:10:31.142 W/MountService(  374): getVolumeState(/mnt/sdcard/extra_sd): Unknown volume
05-20 18:10:31.142 W/MountService(  374): getVolumeState(/mnt/extrasd_bind): Unknown volume
05-20 18:10:31.142 W/MountService(  374): getVolumeState(/mnt/sdcard/ext_sd): Unknown volume
05-20 18:10:31.150 W/MountService(  374): getVolumeState(/storage/extSdCard): Unknown volume
05-20 18:10:31.150 W/MountService(  374): getVolumeState(/storage/sdcard1): Unknown volume
05-20 18:10:31.150 W/MountService(  374): getVolumeState(/mnt/sdcard/external_SD): Unknown volume
05-20 18:10:31.150 W/MountService(  374): getVolumeState(/mnt/sdcard/external_sd): Unknown volume
05-20 18:10:31.439 W/MountService(  374): getVolumeState(/storage/emulated/0/external_sd): Unknown volume
05-20 18:10:31.439 W/MountService(  374): getVolumeState(/mnt/sdcard-ext): Unknown volume
05-20 18:10:31.439 W/MountService(  374): getVolumeState(/mnt/ext_sdcard): Unknown volume
05-20 18:10:31.439 W/MountService(  374): getVolumeState(/mnt/sdcard2): Unknown volume
05-20 18:10:31.439 W/MountService(  374): getVolumeState(/mnt/emmc): Unknown volume
05-20 18:10:31.439 W/MountService(  374): getVolumeState(/mnt/extSdCard): Unknown volume
05-20 18:10:31.439 W/MountService(  374): getVolumeState(/mnt/sdcard/SD_CARD): Unknown volume
05-20 18:10:31.447 W/MountService(  374): getVolumeState(/mnt/sdcard/extra_sd): Unknown volume
05-20 18:10:31.447 W/MountService(  374): getVolumeState(/mnt/extrasd_bind): Unknown volume
05-20 18:10:31.447 W/MountService(  374): getVolumeState(/mnt/sdcard/ext_sd): Unknown volume
05-20 18:10:31.447 W/MountService(  374): getVolumeState(/storage/extSdCard): Unknown volume
05-20 18:10:31.447 W/MountService(  374): getVolumeState(/storage/sdcard1): Unknown volume
05-20 18:10:31.447 W/MountService(  374): getVolumeState(/mnt/sdcard/external_SD): Unknown volume
05-20 18:10:31.447 W/MountService(  374): getVolumeState(/mnt/sdcard/external_sd): Unknown volume
05-20 18:10:39.596 D/PhoneStatusBar(  448): disable: < expand* icons alerts ticker* system_info BACK HOME recent* CLOCK search* >
05-20 18:10:39.697 D/PhoneStatusBar(  448): disable: < expand icons alerts ticker system_info back* home* recent clock* search >
05-20 18:10:39.760 W/InputMethodManagerService(  374): Window already focused, ignoring focus gain of: com.android.internal.view.IInputMethodClient$Stub$Proxy@42ffca68 attribute=android.view.inputmethod.EditorInfo@42c11730, token = android.os.BinderProxy@428c9fb8
05-20 18:10:47.299 I/ActivityManager(  374): START u0 {act=android.intent.action.MAIN cat=[android.intent.category.LAUNCHER] flg=0x10200000 cmp=com.google.android.gallery3d/com.android.camera.CameraLauncher} from pid 576
05-20 18:10:47.502 I/ActivityManager(  374): Start proc com.google.android.gallery3d for activity com.google.android.gallery3d/com.android.camera.CameraLauncher: pid=10307 uid=10019 gids={50019, 1006, 3003, 1015, 1028}
05-20 18:10:52.822 W/ActivityManager(  374): Unable to start service Intent { act=com.google.android.gms.analytics.service.START (has extras) } U=0: not found
05-20 18:10:57.822 W/ActivityManager(  374): Unable to start service Intent { act=com.google.android.gms.analytics.service.START (has extras) } U=0: not found
05-20 18:11:17.049 I/WindowManager(  374): Screenshot Window{426fbd00 u0 com.google.android.gallery3d/com.android.camera.CameraLauncher} was all black! mSurfaceLayer=21020 minLayer=21020 maxLayer=21020
05-20 18:11:24.603 I/ActivityManager(  374): START u0 {act=android.intent.action.MAIN cat=[android.intent.category.LAUNCHER] flg=0x10200000 cmp=com.google.android.gallery3d/com.android.camera.CameraLauncher} from pid 576
05-20 18:11:24.830 I/ActivityManager(  374): No longer want com.qihoo.root (pid 8846): empty for 1801s
05-20 18:11:31.236 W/MountService(  374): getVolumeState(/storage/emulated/0/external_sd): Unknown volume
05-20 18:11:31.236 W/MountService(  374): getVolumeState(/mnt/sdcard-ext): Unknown volume
05-20 18:11:31.236 W/MountService(  374): getVolumeState(/mnt/ext_sdcard): Unknown volume
05-20 18:11:31.236 W/MountService(  374): getVolumeState(/mnt/sdcard2): Unknown volume
05-20 18:11:31.236 W/MountService(  374): getVolumeState(/mnt/emmc): Unknown volume
05-20 18:11:31.244 W/MountService(  374): getVolumeState(/mnt/extSdCard): Unknown volume
05-20 18:11:31.244 W/MountService(  374): getVolumeState(/mnt/sdcard/SD_CARD): Unknown volume
05-20 18:11:31.244 W/MountService(  374): getVolumeState(/mnt/sdcard/extra_sd): Unknown volume
05-20 18:11:31.244 W/MountService(  374): getVolumeState(/mnt/extrasd_bind): Unknown volume
05-20 18:11:31.244 W/MountService(  374): getVolumeState(/mnt/sdcard/ext_sd): Unknown volume
05-20 18:11:31.244 W/MountService(  374): getVolumeState(/storage/extSdCard): Unknown volume
05-20 18:11:31.244 W/MountService(  374): getVolumeState(/storage/sdcard1): Unknown volume
05-20 18:11:31.244 W/MountService(  374): getVolumeState(/mnt/sdcard/external_SD): Unknown volume
05-20 18:11:31.252 W/MountService(  374): getVolumeState(/mnt/sdcard/external_sd): Unknown volume
05-20 18:11:31.525 W/MountService(  374): getVolumeState(/storage/emulated/0/external_sd): Unknown volume
05-20 18:11:31.525 W/MountService(  374): getVolumeState(/mnt/sdcard-ext): Unknown volume
05-20 18:11:31.525 W/MountService(  374): getVolumeState(/mnt/ext_sdcard): Unknown volume
05-20 18:11:31.525 W/MountService(  374): getVolumeState(/mnt/sdcard2): Unknown volume
05-20 18:11:31.525 W/MountService(  374): getVolumeState(/mnt/emmc): Unknown volume
05-20 18:11:31.525 W/MountService(  374): getVolumeState(/mnt/extSdCard): Unknown volume
05-20 18:11:31.533 W/MountService(  374): getVolumeState(/mnt/sdcard/SD_CARD): Unknown volume
05-20 18:11:31.533 W/MountService(  374): getVolumeState(/mnt/sdcard/extra_sd): Unknown volume
05-20 18:11:31.533 W/MountService(  374): getVolumeState(/mnt/extrasd_bind): Unknown volume
05-20 18:11:31.533 W/MountService(  374): getVolumeState(/mnt/sdcard/ext_sd): Unknown volume
05-20 18:11:31.533 W/MountService(  374): getVolumeState(/storage/extSdCard): Unknown volume
05-20 18:11:31.533 W/MountService(  374): getVolumeState(/storage/sdcard1): Unknown volume
05-20 18:11:31.533 W/MountService(  374): getVolumeState(/mnt/sdcard/external_SD): Unknown volume
05-20 18:11:31.533 W/MountService(  374): getVolumeState(/mnt/sdcard/external_sd): Unknown volume
05-20 18:11:49.556 W/InputMethodManagerService(  374): Window already focused, ignoring focus gain of: com.android.internal.view.IInputMethodClient$Stub$Proxy@42d34dc0 attribute=null, token = android.os.BinderProxy@42942f70
05-20 18:11:55.744 W/ActivityThread(10142): ClassLoader.loadClass: The class loader returned by Thread.getContextClassLoader() may fail for processes that host multiple applications. You should explicitly specify a context class loader. For example: Thread.setContextClassLoader(getClass().getClassLoader());
05-20 18:11:56.127 I/ActivityManager(  374): START u0 {act=android.intent.action.MAIN cat=[android.intent.category.LAUNCHER] flg=0x10200000 cmp=com.google.android.gallery3d/com.android.camera.CameraLauncher} from pid 576
05-20 18:12:27.236 I/WindowManager(  374): Screenshot Window{42d62138 u0 com.google.android.gallery3d/com.android.camera.CameraLauncher} was all black! mSurfaceLayer=21020 minLayer=21020 maxLayer=21020
05-20 18:12:31.314 W/MountService(  374): getVolumeState(/storage/emulated/0/external_sd): Unknown volume
05-20 18:12:31.314 W/MountService(  374): getVolumeState(/mnt/sdcard-ext): Unknown volume
05-20 18:12:31.314 W/MountService(  374): getVolumeState(/mnt/ext_sdcard): Unknown volume
05-20 18:12:31.322 W/MountService(  374): getVolumeState(/mnt/sdcard2): Unknown volume
05-20 18:12:31.322 W/MountService(  374): getVolumeState(/mnt/emmc): Unknown volume
05-20 18:12:31.330 W/MountService(  374): getVolumeState(/mnt/extSdCard): Unknown volume
05-20 18:12:31.330 W/MountService(  374): getVolumeState(/mnt/sdcard/SD_CARD): Unknown volume
05-20 18:12:31.330 W/MountService(  374): getVolumeState(/mnt/sdcard/extra_sd): Unknown volume
05-20 18:12:31.330 W/MountService(  374): getVolumeState(/mnt/extrasd_bind): Unknown volume
05-20 18:12:31.338 W/MountService(  374): getVolumeState(/mnt/sdcard/ext_sd): Unknown volume
05-20 18:12:31.338 W/MountService(  374): getVolumeState(/storage/extSdCard): Unknown volume
05-20 18:12:31.338 W/MountService(  374): getVolumeState(/storage/sdcard1): Unknown volume
05-20 18:12:31.346 W/MountService(  374): getVolumeState(/mnt/sdcard/external_SD): Unknown volume
05-20 18:12:31.346 W/MountService(  374): getVolumeState(/mnt/sdcard/external_sd): Unknown volume
05-20 18:12:32.025 W/MountService(  374): getVolumeState(/storage/emulated/0/external_sd): Unknown volume
05-20 18:12:32.025 W/MountService(  374): getVolumeState(/mnt/sdcard-ext): Unknown volume
05-20 18:12:32.025 W/MountService(  374): getVolumeState(/mnt/ext_sdcard): Unknown volume
05-20 18:12:32.025 W/MountService(  374): getVolumeState(/mnt/sdcard2): Unknown volume
05-20 18:12:32.025 W/MountService(  374): getVolumeState(/mnt/emmc): Unknown volume
05-20 18:12:32.025 W/MountService(  374): getVolumeState(/mnt/extSdCard): Unknown volume
05-20 18:12:32.033 W/MountService(  374): getVolumeState(/mnt/sdcard/SD_CARD): Unknown volume
05-20 18:12:32.033 W/MountService(  374): getVolumeState(/mnt/sdcard/extra_sd): Unknown volume
05-20 18:12:32.041 W/MountService(  374): getVolumeState(/mnt/extrasd_bind): Unknown volume
05-20 18:12:32.041 W/MountService(  374): getVolumeState(/mnt/sdcard/ext_sd): Unknown volume
05-20 18:12:32.041 W/MountService(  374): getVolumeState(/storage/extSdCard): Unknown volume
05-20 18:12:32.041 W/MountService(  374): getVolumeState(/storage/sdcard1): Unknown volume
05-20 18:12:32.041 W/MountService(  374): getVolumeState(/mnt/sdcard/external_SD): Unknown volume
05-20 18:12:32.041 W/MountService(  374): getVolumeState(/mnt/sdcard/external_sd): Unknown volume
05-20 18:12:37.181 I/ActivityManager(  374): START u0 {act=android.intent.action.MAIN cat=[android.intent.category.LAUNCHER] flg=0x10200000 cmp=com.android.settings/.Settings} from pid 576
05-20 18:12:37.588 D/WifiService(  374): setWifiEnabled: true pid=8981, uid=1000
05-20 18:12:39.174 I/ActivityManager(  374): START u0 {act=android.intent.action.MAIN cmp=com.android.settings/.SubSettings (has extras)} from pid 8981
