05-20 18:51:54.588 D/CheckInTransInfo(11191): [null:-1]->CommandMsg : CommandMsg{CommandUUID='4c962224-529b-4904-b207-733bb03a459c', Command=CommandInstallProfile{super=CommandObject{RequestType='InstallProfile'}Payload=[60, 63, 120, 109, 108, 32, 118, 101, 114, 115, 105, 111, 110, 61, 34, 49, 46, 48, 34, 32, 101, 110, 99, 111, 100, 105, 110, 103, 61, 34, 85, 84, 70, 45, 56, 34, 63, 62, 10, 60, 33, 68, 79, 67, 84, 89, 80, 69, 32, 112, 108, 105, 115, 116, 32, 80, 85, 66, 76, 73, 67, 32, 34, 45, 47, 47, 65, 112, 112, 108, 101, 47, 47, 68, 84, 68, 32, 80, 76, 73, 83, 84, 32, 49, 46, 48, 47, 47, 69, 78, 34, 32, 34, 104, 116, 116, 112, 58, 47, 47, 119, 119, 119, 46, 97, 112, 112, 108, 101, 46, 99, 111, 109, 47, 68, 84, 68, 115, 47, 80, 114, 111, 112, 101, 114, 116, 121, 76, 105, 115, 116, 45, 49, 46, 48, 46, 100, 116, 100, 34, 62, 10, 60, 112, 108, 105, 115, 116, 32, 118, 101, 114, 115, 105, 111, 110, 61, 34, 49, 46, 48, 34, 62, 10, 60, 100, 105, 99, 116, 62, 10, 9, 60, 107, 101, 121, 62, 80, 97, 121, 108, 111, 97, 100, 67, 111, 110, 116, 101, 110, 116, 60, 47, 107, 101, 121, 62, 10, 9, 60, 97, 114, 114, 97, 121, 62, 10, 9, 9, 60, 100, 105, 99, 116, 62, 10, 9, 9, 9, 60, 107, 101, 121, 62, 99, 97, 109, 101, 114, 97, 60, 47, 107, 101, 121, 62, 10, 9, 9, 9, 60, 115, 116, 114, 105, 110, 103, 62, 101, 110, 97, 98, 108, 101, 100, 60, 47, 115, 116, 114, 105, 110, 103, 62, 10, 9, 9, 9, 60, 107, 101, 121, 62, 80, 97, 121, 108, 111, 97, 100, 84, 121, 112, 101, 60, 47, 107, 101, 121, 62, 10, 9, 9, 9, 60, 115, 116, 114, 105, 110, 103, 62, 99, 111, 109, 46, 112, 101, 107, 97, 108, 108, 46, 114, 101, 115, 116, 114, 105, 99, 116, 105, 111, 110, 115, 46, 112, 111, 108, 105, 99, 121, 60, 47, 115, 116, 114, 105, 110, 103, 62, 10, 9, 9, 9, 60, 107, 101, 121, 62, 80, 97, 121, 108, 111, 97, 100, 86, 101, 114, 115, 105, 111, 110, 60, 47, 107, 101, 121, 62, 10, 9, 9, 9, 60, 105, 110, 116, 101, 103, 101, 114, 62, 49, 60, 47, 105, 110, 116, 101, 103, 101, 114, 62, 10, 9, 9, 9, 60, 107, 101, 121, 62, 80, 97, 121, 108, 111, 97, 100, 73, 100, 101, 110, 116, 105, 102, 105, 101, 114, 60, 47, 107, 101, 121, 62, 10, 9, 9, 9, 60, 115, 116, 114, 105, 110, 103, 62, 83, 110, 48, 50, 120, 50, 79, 70, 76, 103, 72, 54, 97, 53, 107, 52, 106, 89, 72, 114, 118, 67, 82, 118, 69, 87, 122, 83, 88, 81, 86, 48, 46, 114, 101, 115, 116, 114, 105, 99, 116, 105, 111, 110, 60, 47, 115, 116, 114, 105, 110, 103, 62, 10, 9, 9, 9, 60, 107, 101, 121, 62, 80, 97, 121, 108, 111, 97, 100, 85, 85, 73, 68, 60, 47, 107, 101, 121, 62, 10, 9, 9, 9, 60, 115, 116, 114, 105, 110, 103, 62, 100, 54, 50, 53, 100, 51, 52, 53, 45, 54, 97, 101, 53, 45, 52, 57, 51, 99, 45, 98, 53, 99, 101, 45, 57, 50, 56, 102, 54, 49, 55, 99, 50, 51, 53, 48, 60, 47, 115, 116, 114, 105, 110, 103, 62, 10, 9, 9, 9, 60, 107, 101, 121, 62, 80, 97, 121, 108, 111, 97, 100, 68, 105, 115, 112, 108, 97, 121, 78, 97, 109, 101, 60, 47, 107, 101, 121, 62, 10, 9, 9, 9, 60, 115, 116, 114, 105, 110, 103, 62, 82, 101, 115, 116, 114, 105, 99, 116, 105, 111, 110, -23, -123, -115, -25, -67, -82, 60, 47, 115, 116, 114, 105, 110, 103, 62, 10, 9, 9, 9, 60, 107, 101, 121, 62, 80, 97, 121, 108, 111, 97, 100, 68, 101, 115, 99, 114, 105, 112, 116, 105, 111, 110, 60, 47, 107, 101, 121, 62, 10, 9, 9, 9, 60, 115, 116, 114, 105, 110, 103, 62, 82, 101, 115, 116, 114, 105, 99, 116, 105, 111, 110, -25, -101, -72, -27, -123, -77, -23, -123, -115, -25, -67, -82, 60, 47, 115, 116, 114, 105, 110, 103, 62, 10, 9, 9, 9, 60, 107, 101, 121, 62, 80, 97, 121, 108, 111, 97, 100, 79, 114, 103, 97, 110, 105, 122, 97, 116, 105, 111, 110, 60, 47, 107, 101, 121, 62, 10, 9, 9, 9, 60, 115, 116, 114, 105, 110, 103, 62, 80, 101, 107, 97, 108, 108, 32, 67, 97, 112, 116, 105, 99, 97, 108, 60, 47, 115, 116, 114, 105, 110, 103, 62, 10, 9, 9, 60, 47, 100, 105, 99, 116, 62, 10, 9, 60, 47, 97, 114, 114, 97, 121, 62, 10, 9, 60, 107, 101, 121, 62, 80, 97, 121, 108, 111, 97, 100, 82, 101, 109, 111, 118, 97, 108, 68, 105, 115, 97, 108, 108, 111, 119, 101, 100, 60, 47, 107, 101, 121, 62, 10, 9, 60, 116, 114, 117, 101, 47, 62, 10, 9, 60, 107, 101, 121, 62, 80, 97, 121, 108, 111, 97, 100, 
05-20 18:51:54.619 D/NetworkThread(11191): [null:-1]->clear mCurrentTransInfo
05-20 18:51:54.619 D/NetworkThread(11191): [null:-1]->queue is empty, thread wait...
05-20 18:51:54.721 D/MdmService(11191): [null:-1]->handleCheckInResult
05-20 18:51:54.721 D/MdmService(11191): [null:-1]->handleCheckInResult result keyIndex: 3
05-20 18:51:54.728 D/CommandManager(11191): [null:-1]->execute command: CommandMsg{CommandUUID='4c962224-529b-4904-b207-733bb03a459c', Command=CommandInstallProfile{super=CommandObject{RequestType='InstallProfile'}Payload=[60, 63, 120, 109, 108, 32, 118, 101, 114, 115, 105, 111, 110, 61, 34, 49, 46, 48, 34, 32, 101, 110, 99, 111, 100, 105, 110, 103, 61, 34, 85, 84, 70, 45, 56, 34, 63, 62, 10, 60, 33, 68, 79, 67, 84, 89, 80, 69, 32, 112, 108, 105, 115, 116, 32, 80, 85, 66, 76, 73, 67, 32, 34, 45, 47, 47, 65, 112, 112, 108, 101, 47, 47, 68, 84, 68, 32, 80, 76, 73, 83, 84, 32, 49, 46, 48, 47, 47, 69, 78, 34, 32, 34, 104, 116, 116, 112, 58, 47, 47, 119, 119, 119, 46, 97, 112, 112, 108, 101, 46, 99, 111, 109, 47, 68, 84, 68, 115, 47, 80, 114, 111, 112, 101, 114, 116, 121, 76, 105, 115, 116, 45, 49, 46, 48, 46, 100, 116, 100, 34, 62, 10, 60, 112, 108, 105, 115, 116, 32, 118, 101, 114, 115, 105, 111, 110, 61, 34, 49, 46, 48, 34, 62, 10, 60, 100, 105, 99, 116, 62, 10, 9, 60, 107, 101, 121, 62, 80, 97, 121, 108, 111, 97, 100, 67, 111, 110, 116, 101, 110, 116, 60, 47, 107, 101, 121, 62, 10, 9, 60, 97, 114, 114, 97, 121, 62, 10, 9, 9, 60, 100, 105, 99, 116, 62, 10, 9, 9, 9, 60, 107, 101, 121, 62, 99, 97, 109, 101, 114, 97, 60, 47, 107, 101, 121, 62, 10, 9, 9, 9, 60, 115, 116, 114, 105, 110, 103, 62, 101, 110, 97, 98, 108, 101, 100, 60, 47, 115, 116, 114, 105, 110, 103, 62, 10, 9, 9, 9, 60, 107, 101, 121, 62, 80, 97, 121, 108, 111, 97, 100, 84, 121, 112, 101, 60, 47, 107, 101, 121, 62, 10, 9, 9, 9, 60, 115, 116, 114, 105, 110, 103, 62, 99, 111, 109, 46, 112, 101, 107, 97, 108, 108, 46, 114, 101, 115, 116, 114, 105, 99, 116, 105, 111, 110, 115, 46, 112, 111, 108, 105, 99, 121, 60, 47, 115, 116, 114, 105, 110, 103, 62, 10, 9, 9, 9, 60, 107, 101, 121, 62, 80, 97, 121, 108, 111, 97, 100, 86, 101, 114, 115, 105, 111, 110, 60, 47, 107, 101, 121, 62, 10, 9, 9, 9, 60, 105, 110, 116, 101, 103, 101, 114, 62, 49, 60, 47, 105, 110, 116, 101, 103, 101, 114, 62, 10, 9, 9, 9, 60, 107, 101, 121, 62, 80, 97, 121, 108, 111, 97, 100, 73, 100, 101, 110, 116, 105, 102, 105, 101, 114, 60, 47, 107, 101, 121, 62, 10, 9, 9, 9, 60, 115, 116, 114, 105, 110, 103, 62, 83, 110, 48, 50, 120, 50, 79, 70, 76, 103, 72, 54, 97, 53, 107, 52, 106, 89, 72, 114, 118, 67, 82, 118, 69, 87, 122, 83, 88, 81, 86, 48, 46, 114, 101, 115, 116, 114, 105, 99, 116, 105, 111, 110, 60, 47, 115, 116, 114, 105, 110, 103, 62, 10, 9, 9, 9, 60, 107, 101, 121, 62, 80, 97, 121, 108, 111, 97, 100, 85, 85, 73, 68, 60, 47, 107, 101, 121, 62, 10, 9, 9, 9, 60, 115, 116, 114, 105, 110, 103, 62, 100, 54, 50, 53, 100, 51, 52, 53, 45, 54, 97, 101, 53, 45, 52, 57, 51, 99, 45, 98, 53, 99, 101, 45, 57, 50, 56, 102, 54, 49, 55, 99, 50, 51, 53, 48, 60, 47, 115, 116, 114, 105, 110, 103, 62, 10, 9, 9, 9, 60, 107, 101, 121, 62, 80, 97, 121, 108, 111, 97, 100, 68, 105, 115, 112, 108, 97, 121, 78, 97, 109, 101, 60, 47, 107, 101, 121, 62, 10, 9, 9, 9, 60, 115, 116, 114, 105, 110, 103, 62, 82, 101, 115, 116, 114, 105, 99, 116, 105, 111, 110, -23, -123, -115, -25, -67, -82, 60, 47, 115, 116, 114, 105, 110, 103, 62, 10, 9, 9, 9, 60, 107, 101, 121, 62, 80, 97, 121, 108, 111, 97, 100, 68, 101, 115, 99, 114, 105, 112, 116, 105, 111, 110, 60, 47, 107, 101, 121, 62, 10, 9, 9, 9, 60, 115, 116, 114, 105, 110, 103, 62, 82, 101, 115, 116, 114, 105, 99, 116, 105, 111, 110, -25, -101, -72, -27, -123, -77, -23, -123, -115, -25, -67, -82, 60, 47, 115, 116, 114, 105, 110, 103, 62, 10, 9, 9, 9, 60, 107, 101, 121, 62, 80, 97, 121, 108, 111, 97, 100, 79, 114, 103, 97, 110, 105, 122, 97, 116, 105, 111, 110, 60, 47, 107, 101, 121, 62, 10, 9, 9, 9, 60, 115, 116, 114, 105, 110, 103, 62, 80, 101, 107, 97, 108, 108, 32, 67, 97, 112, 116, 105, 99, 97, 108, 60, 47, 115, 116, 114, 105, 110, 103, 62, 10, 9, 9, 60, 47, 100, 105, 99, 116, 62, 10, 9, 60, 47, 97, 114, 114, 97, 121, 62, 10, 9, 60, 107, 101, 121, 62, 80, 97, 121, 108, 111, 97, 100, 82, 101, 109, 111, 118, 97, 108, 68, 105, 115, 97, 108, 108, 111, 119, 101, 100, 60, 47, 107, 101, 121, 62, 10, 9, 60, 116, 114, 117, 101, 47, 62, 10, 9, 60, 107, 101, 121, 62, 80, 97, 121, 108, 111, 97, 100
05-20 18:51:54.728 D/CmdInstallProfile(11191): [null:-1]->InstallProfile : com.pekall.plist.beans.CommandInstallProfile
05-20 18:51:54.728 D/CmdInstallProfile(11191): [null:-1]->profile :<?xml version="1.0" encoding="UTF-8"?>
05-20 18:51:54.728 D/CmdInstallProfile(11191): <!DOCTYPE plist PUBLIC "-//Apple//DTD PLIST 1.0//EN" "http://www.apple.com/DTDs/PropertyList-1.0.dtd">
05-20 18:51:54.728 D/CmdInstallProfile(11191): <plist version="1.0">
05-20 18:51:54.728 D/CmdInstallProfile(11191): <dict>
05-20 18:51:54.728 D/CmdInstallProfile(11191): 	<key>PayloadContent</key>
05-20 18:51:54.728 D/CmdInstallProfile(11191): 	<array>
05-20 18:51:54.728 D/CmdInstallProfile(11191): 		<dict>
05-20 18:51:54.728 D/CmdInstallProfile(11191): 			<key>camera</key>
05-20 18:51:54.728 D/CmdInstallProfile(11191): 			<string>enabled</string>
05-20 18:51:54.728 D/CmdInstallProfile(11191): 			<key>PayloadType</key>
05-20 18:51:54.728 D/CmdInstallProfile(11191): 			<string>com.pekall.restrictions.policy</string>
05-20 18:51:54.728 D/CmdInstallProfile(11191): 			<key>PayloadVersion</key>
05-20 18:51:54.728 D/CmdInstallProfile(11191): 			<integer>1</integer>
05-20 18:51:54.728 D/CmdInstallProfile(11191): 			<key>PayloadIdentifier</key>
05-20 18:51:54.728 D/CmdInstallProfile(11191): 			<string>Sn02x2OFLgH6a5k4jYHrvCRvEWzSXQV0.restriction</string>
05-20 18:51:54.728 D/CmdInstallProfile(11191): 			<key>PayloadUUID</key>
05-20 18:51:54.728 D/CmdInstallProfile(11191): 			<string>d625d345-6ae5-493c-b5ce-928f617c2350</string>
05-20 18:51:54.728 D/CmdInstallProfile(11191): 			<key>PayloadDisplayName</key>
05-20 18:51:54.728 D/CmdInstallProfile(11191): 			<string>Restriction</string>
05-20 18:51:54.728 D/CmdInstallProfile(11191): 			<key>PayloadDescription</key>
05-20 18:51:54.728 D/CmdInstallProfile(11191): 			<string>Restriction</string>
05-20 18:51:54.728 D/CmdInstallProfile(11191): 			<key>PayloadOrganization</key>
05-20 18:51:54.728 D/CmdInstallProfile(11191): 			<string>Pekall Captical</string>
05-20 18:51:54.728 D/CmdInstallProfile(11191): 		</dict>
05-20 18:51:54.728 D/CmdInstallProfile(11191): 	</array>
05-20 18:51:54.728 D/CmdInstallProfile(11191): 	<key>PayloadRemovalDisallowed</key>
05-20 18:51:54.728 D/CmdInstallProfile(11191): 	<true/>
05-20 18:51:54.728 D/CmdInstallProfile(11191): 	<key>PayloadType</key>
05-20 18:51:54.728 D/CmdInstallProfile(11191): 	<string>Configuration</string>
05-20 18:51:54.728 D/CmdInstallProfile(11191): 	<key>PayloadVersion</key>
05-20 18:51:54.728 D/CmdInstallProfile(11191): 	<integer>1</integer>
05-20 18:51:54.728 D/CmdInstallProfile(11191): 	<key>PayloadIdentifier</key>
05-20 18:51:54.728 D/CmdInstallProfile(11191): 	<string>Sn02x2OFLgH6a5k4jYHrvCRvEWzSXQV0</string>
05-20 18:51:54.728 D/CmdInstallProfile(11191): 	<key>PayloadUUID</key>
05-20 18:51:54.728 D/CmdInstallProfile(11191): 	<string>af0acbd9-f5cc-4627-b2de-e77db07415ac</string>
05-20 18:51:54.728 D/CmdInstallProfile(11191): 	<key>PayloadDisplayName</key>
05-20 18:51:54.728 D/CmdInstallProfile(11191): 	<string></string>
05-20 18:51:54.728 D/CmdInstallProfile(11191): 	<key>PayloadDescription</key>
05-20 18:51:54.728 D/CmdInstallProfile(11191): 	<string>womg</string>
05-20 18:51:54.728 D/CmdInstallProfile(11191): 	<key>PayloadOrganization</key>
05-20 18:51:54.728 D/CmdInstallProfile(11191): 	<string>Pekall Captical</string>
05-20 18:51:54.728 D/CmdInstallProfile(11191): </dict>
05-20 18:51:54.728 D/CmdInstallProfile(11191): </plist>
05-20 18:51:54.752 D/ProfileManager(11191): [null:-1]->saveProfile payloadIdentifier: Sn02x2OFLgH6a5k4jYHrvCRvEWzSXQV0
05-20 18:51:54.752 D/ProfileManager(11191): [null:-1]->saveProfile path: /data/data/com.pekall.emdm.launcher/cache/Sn02x2OFLgH6a5k4jYHrvCRvEWzSXQV0
05-20 18:51:54.752 D/CmdInstallProfile(11191): [null:-1]->save profile success
05-20 18:51:54.760 D/MDM :   (11191): [null:-1]->xxxs == PayloadRestrictionsAndroidPolicy{backgroundDataSync='null', autoSync='null', camera='enabled', bluetooth='null', allowUSBMassStorage='null', allowUsbMediaPlayer=null, useNetworkDateTime='null', allowMicrophone='null', allowNFC='null', useWirelessNetworkForLocation='null', useGPSForLocation='null', useSensorAidingForLocation='null', allowMockLocation='null', allowClipboardShare=null, allowAudioRecord=null}
05-20 18:51:54.799 D/ProfileManager(11191): [null:-1]->get policy, payloadBase:PayloadRestrictionsAndroidPolicy{backgroundDataSync='null', autoSync='null', camera='enabled', bluetooth='null', allowUSBMassStorage='null', allowUsbMediaPlayer=null, useNetworkDateTime='null', allowMicrophone='null', allowNFC='null', useWirelessNetworkForLocation='null', useGPSForLocation='null', useSensorAidingForLocation='null', allowMockLocation='null', allowClipboardShare=null, allowAudioRecord=null}
05-20 18:51:54.799 D/com.pekall.restrictions.policy(11191): [null:-1]->allowBluetooth : null
05-20 18:51:54.799 D/com.pekall.restrictions.policy(11191): [null:-1]->ensureSimulateLocation :null
05-20 18:51:54.799 D/com.pekall.restrictions.policy(11191): [null:-1]->allowUseNetworkDate : null
05-20 18:51:54.806 E/DatabaseUtils(  374): Writing exception to parcel
05-20 18:51:54.806 E/DatabaseUtils(  374): java.lang.SecurityException: Permission denial: writing to secure settings requires android.permission.WRITE_SECURE_SETTINGS
05-20 18:51:54.806 E/DatabaseUtils(  374): 	at com.android.providers.settings.SettingsProvider.checkWritePermissions(SettingsProvider.java:279)
05-20 18:51:54.806 E/DatabaseUtils(  374): 	at com.android.providers.settings.SettingsProvider.insertForUser(SettingsProvider.java:897)
05-20 18:51:54.806 E/DatabaseUtils(  374): 	at com.android.providers.settings.SettingsProvider.callFromPackage(SettingsProvider.java:634)
05-20 18:51:54.806 E/DatabaseUtils(  374): 	at android.content.ContentProvider$Transport.call(ContentProvider.java:279)
05-20 18:51:54.806 E/DatabaseUtils(  374): 	at android.content.ContentProviderNative.onTransact(ContentProviderNative.java:273)
05-20 18:51:54.806 E/DatabaseUtils(  374): 	at android.os.Binder.execTransact(Binder.java:388)
05-20 18:51:54.806 E/DatabaseUtils(  374): 	at dalvik.system.NativeStart.run(Native Method)
05-20 18:51:54.814 D/com.pekall.restrictions.policy(11191): [null:-1]->allowUseNetworkDate error
05-20 18:51:54.814 D/com.pekall.restrictions.policy(11191): java.lang.SecurityException: Permission denial: writing to secure settings requires android.permission.WRITE_SECURE_SETTINGS
05-20 18:51:54.814 D/com.pekall.restrictions.policy(11191): 	at android.os.Parcel.readException(Parcel.java:1431)
05-20 18:51:54.814 D/com.pekall.restrictions.policy(11191): 	at android.database.DatabaseUtils.readExceptionFromParcel(DatabaseUtils.java:185)
05-20 18:51:54.814 D/com.pekall.restrictions.policy(11191): 	at android.database.DatabaseUtils.readExceptionFromParcel(DatabaseUtils.java:137)
05-20 18:51:54.814 D/com.pekall.restrictions.policy(11191): 	at android.content.ContentProviderProxy.call(ContentProviderNative.java:602)
05-20 18:51:54.814 D/com.pekall.restrictions.policy(11191): 	at android.provider.Settings$NameValueCache.putStringForUser(Settings.java:818)
05-20 18:51:54.814 D/com.pekall.restrictions.policy(11191): 	at android.provider.Settings$Global.putStringForUser(Settings.java:5529)
05-20 18:51:54.814 D/com.pekall.restrictions.policy(11191): 	at android.provider.Settings$Global.putString(Settings.java:5519)
05-20 18:51:54.814 D/com.pekall.restrictions.policy(11191): 	at android.provider.Settings$Global.putInt(Settings.java:5607)
05-20 18:51:54.814 D/com.pekall.restrictions.policy(11191): 	at com.pekall.emdm.b.c.b.j.c(Unknown Source)
05-20 18:51:54.814 D/com.pekall.restrictions.policy(11191): 	at com.pekall.emdm.b.c.b.j.f(Unknown Source)
05-20 18:51:54.814 D/com.pekall.restrictions.policy(11191): 	at com.pekall.emdm.b.c.c.a(Unknown Source)
05-20 18:51:54.814 D/com.pekall.restrictions.policy(11191): 	at com.pekall.emdm.b.c.d.a(Unknown Source)
05-20 18:51:54.814 D/com.pekall.restrictions.policy(11191): 	at com.pekall.emdm.b.a.o.a(Unknown Source)
05-20 18:51:54.814 D/com.pekall.restrictions.policy(11191): 	at com.pekall.emdm.b.a.c.a(Unknown Source)
05-20 18:51:54.814 D/com.pekall.restrictions.policy(11191): 	at com.pekall.emdm.b.a.ac.a(Unknown Source)
05-20 18:51:54.814 D/com.pekall.restrictions.policy(11191): 	at com.pekall.emdm.b.a.ac.doInBackground(Unknown Source)
05-20 18:51:54.814 D/com.pekall.restrictions.policy(11191): 	at android.os.AsyncTask$2.call(AsyncTask.java:287)
05-20 18:51:54.814 D/com.pekall.restrictions.policy(11191): 	at java.util.concurrent.FutureTask.run(FutureTask.java:234)
05-20 18:51:54.814 D/com.pekall.restrictions.policy(11191): 	at android.os.AsyncTask$SerialExecutor$1.run(AsyncTask.java:230)
05-20 18:51:54.814 D/com.pekall.restrictions.policy(11191): 	at java.util.concurrent.ThreadPoolExecutor.runWorker(ThreadPoolExecutor.java:1080)
05-20 18:51:54.814 D/com.pekall.restrictions.policy(11191): 	at java.util.concurrent.ThreadPoolExecutor$Worker.run(ThreadPoolExecutor.java:573)
05-20 18:51:54.814 D/com.pekall.restrictions.policy(11191): 	at java.lang.Thread.run(Thread.java:841)
05-20 18:51:54.814 D/com.pekall.restrictions.policy(11191): [null:-1]->allowNFC : null
05-20 18:51:54.822 D/InnerClass(11191): [null:-1]->enableNfc : 
05-20 18:51:54.822 D/InnerClass(11191): java.lang.reflect.InvocationTargetException
05-20 18:51:54.822 D/InnerClass(11191): 	at java.lang.reflect.Method.invokeNative(Native Method)
05-20 18:51:54.822 D/InnerClass(11191): 	at java.lang.reflect.Method.invoke(Method.java:525)
05-20 18:51:54.822 D/InnerClass(11191): 	at com.pekall.emdm.c.i.a(Unknown Source)
05-20 18:51:54.822 D/InnerClass(11191): 	at com.pekall.emdm.c.c.a(Unknown Source)
05-20 18:51:54.822 D/InnerClass(11191): 	at com.pekall.emdm.b.c.b.j.b(Unknown Source)
05-20 18:51:54.822 D/InnerClass(11191): 	at com.pekall.emdm.b.c.b.j.f(Unknown Source)
05-20 18:51:54.822 D/InnerClass(11191): 	at com.pekall.emdm.b.c.c.a(Unknown Source)
05-20 18:51:54.822 D/InnerClass(11191): 	at com.pekall.emdm.b.c.d.a(Unknown Source)
05-20 18:51:54.822 D/InnerClass(11191): 	at com.pekall.emdm.b.a.o.a(Unknown Source)
05-20 18:51:54.822 D/InnerClass(11191): 	at com.pekall.emdm.b.a.c.a(Unknown Source)
05-20 18:51:54.822 D/InnerClass(11191): 	at com.pekall.emdm.b.a.ac.a(Unknown Source)
05-20 18:51:54.822 D/InnerClass(11191): 	at com.pekall.emdm.b.a.ac.doInBackground(Unknown Source)
05-20 18:51:54.822 D/InnerClass(11191): 	at android.os.AsyncTask$2.call(AsyncTask.java:287)
05-20 18:51:54.822 D/InnerClass(11191): 	at java.util.concurrent.FutureTask.run(FutureTask.java:234)
05-20 18:51:54.822 D/InnerClass(11191): 	at android.os.AsyncTask$SerialExecutor$1.run(AsyncTask.java:230)
05-20 18:51:54.822 D/InnerClass(11191): 	at java.util.concurrent.ThreadPoolExecutor.runWorker(ThreadPoolExecutor.java:1080)
05-20 18:51:54.822 D/InnerClass(11191): 	at java.util.concurrent.ThreadPoolExecutor$Worker.run(ThreadPoolExecutor.java:573)
05-20 18:51:54.822 D/InnerClass(11191): 	at java.lang.Thread.run(Thread.java:841)
05-20 18:51:54.822 D/InnerClass(11191): Caused by: java.lang.SecurityException: WRITE_SECURE_SETTINGS permission required: Neither user 10066 nor current process has android.permission.WRITE_SECURE_SETTINGS.
05-20 18:51:54.822 D/InnerClass(11191): 	at android.os.Parcel.readException(Parcel.java:1431)
05-20 18:51:54.822 D/InnerClass(11191): 	at android.os.Parcel.readException(Parcel.java:1385)
05-20 18:51:54.822 D/InnerClass(11191): 	at android.nfc.INfcAdapter$Stub$Proxy.disable(INfcAdapter.java:252)
05-20 18:51:54.822 D/InnerClass(11191): 	at android.nfc.NfcAdapter.disable(NfcAdapter.java:574)
05-20 18:51:54.822 D/InnerClass(11191): 	... 18 more
05-20 18:51:54.822 W/Parcel  ( 1661): Attempt to read object from Parcel 0x6003bdac at offset 200 that is not in the object list
05-20 18:51:54.822 W/Parcel  ( 1661): Attempt to read object from Parcel 0x5ec3bdac at offset 200 that is not in the object list
05-20 18:51:54.830 D/CommandManager(11191): [null:-1]->requestType: InstallProfile
05-20 18:51:54.830 D/EmailBroadcastReceiver(11191): 1111  Email receives broadcast 'com.pekall.mdm.action.SETTING_CHANGED'
05-20 18:51:54.830 D/EmailBroadcastReceiver(11191): type = com.pekall.restrictions.policy
05-20 18:51:54.885 W/Parcel  ( 1661): Attempt to read object from Parcel 0x5ded3dac at offset 200 that is not in the object list
05-20 18:51:54.892 V/CounterTextView(11191): onReceive
05-20 18:51:54.892 D/        (11191): [---null: -1---]   msg  xxd1
05-20 18:51:54.900 V/CounterTextView(11191): onReceive
05-20 18:51:54.900 D/        (11191): [---null: -1---]   msg  xxd1
05-20 18:51:54.900 V/CounterTextView(11191): onReceive
05-20 18:51:54.900 D/        (11191): [---null: -1---]   msg  xxd1
05-20 18:51:54.924 D/MdmDatabaseHelper(11191): [null:-1]->update command 4c962224-529b-4904-b207-733bb03a459c to commandStatus <?xml version="1.0" encoding="UTF-8"?>
05-20 18:51:54.924 D/MdmDatabaseHelper(11191): <!DOCTYPE plist PUBLIC "-//Apple//DTD PLIST 1.0//EN" "http://www.apple.com/DTDs/PropertyList-1.0.dtd">
05-20 18:51:54.924 D/MdmDatabaseHelper(11191): <plist version="1.0">
05-20 18:51:54.924 D/MdmDatabaseHelper(11191): <dict>
05-20 18:51:54.924 D/MdmDatabaseHelper(11191): 	<key>CommandUUID</key>
05-20 18:51:54.924 D/MdmDatabaseHelper(11191): 	<string>4c962224-529b-4904-b207-733bb03a459c</string>
05-20 18:51:54.924 D/MdmDatabaseHelper(11191): 	<key>Status</key>
05-20 18:51:54.924 D/MdmDatabaseHelper(11191): 	<string>Acknowledged</string>
05-20 18:51:54.924 D/MdmDatabaseHelper(11191): 	<key>UDID</key>
05-20 18:51:54.924 D/MdmDatabaseHelper(11191): 	<string>00013fbc8ecec5b900000146193107d7</string>
05-20 18:51:54.924 D/MdmDatabaseHelper(11191): </dict>
05-20 18:51:54.924 D/MdmDatabaseHelper(11191): </plist>
05-20 18:51:54.971 I/TransInfo(11191): TransInfo created, id: 3, class: class com.pekall.emdm.transaction.c.b
05-20 18:51:54.978 D/NetworkThread(11191): [null:-1]->----isRunning-----true
05-20 18:51:54.978 D/NetworkThread(11191): [null:-1]->----isRunning-----true
05-20 18:51:54.978 D/NetworkThread(11191): [null:-1]->thread wakeup
05-20 18:51:54.978 D/NetworkThread(11191): [null:-1]->sendHttpPost:PostRequest, url: http://192.168.10.21/rest/mdm/v1/ios/android_server, Params: [content:<?xml version="1.0" encoding="UTF-8"?>
05-20 18:51:54.978 D/NetworkThread(11191): <!DOCTYPE plist PUBLIC "-//Apple//DTD PLIST 1.0//EN" "http://www.apple.com/DTDs/PropertyList-1.0.dtd">
05-20 18:51:54.978 D/NetworkThread(11191): <plist version="1.0">
05-20 18:51:54.978 D/NetworkThread(11191): <dict>
05-20 18:51:54.978 D/NetworkThread(11191): 	<key>CommandUUID</key>
05-20 18:51:54.978 D/NetworkThread(11191): 	<string>4c962224-529b-4904-b207-733bb03a459c</string>
05-20 18:51:54.978 D/NetworkThread(11191): 	<key>Status</key>
05-20 18:51:54.978 D/NetworkThread(11191): 	<string>Acknowledged</string>
05-20 18:51:54.978 D/NetworkThread(11191): 	<key>UDID</key>
05-20 18:51:54.978 D/NetworkThread(11191): 	<string>00013fbc8ecec5b900000146193107d7</string>
05-20 18:51:54.978 D/NetworkThread(11191): </dict>
05-20 18:51:54.978 D/NetworkThread(11191): </plist>], 
05-20 18:51:54.978 I/dalvikvm(11191): Jit: resizing JitTable from 8192 to 16384
05-20 18:51:55.228 D/dalvikvm(11191): JIT unchain all for threadid=11
05-20 18:51:55.244 D/HttpClient(11191): enable apache.http debug
05-20 18:51:55.275 V/DEBUG   (11191): HTTP 0
05-20 18:51:55.666 D/MDM :   (11191): [null:-1]->statusCode : 200
05-20 18:51:55.666 D/MDM :   (11191): [null:-1]->statusCode : 200
05-20 18:51:55.666 V/DEBUG   (11191): HTTP 1
05-20 18:51:55.681 D/MDM :   (11191): [null:-1]->read network input stream
05-20 18:51:55.681 D/MDM :   (11191): [null:-1]->read network input stream
05-20 18:51:55.681 D/MDM :   (11191): [null:-1]->Get joson string: <?xml version="1.0" encoding="UTF-8"?>
05-20 18:51:55.681 D/MDM :   (11191): <!DOCTYPE plist PUBLIC "-//Apple//DTD PLIST 1.0//EN" "http://www.apple.com/DTDs/PropertyList-1.0.dtd">
05-20 18:51:55.681 D/MDM :   (11191): <plist version="1.0">
05-20 18:51:55.681 D/MDM :   (11191): <dict>
05-20 18:51:55.681 D/MDM :   (11191): 	<key>CommandUUID</key>
05-20 18:51:55.681 D/MDM :   (11191): 	<string>f6cff6a8-3f36-4b0e-88cd-5ea025345b6d</string>
05-20 18:51:55.681 D/MDM :   (11191): 	<key>Command</key>
05-20 18:51:55.681 D/MDM :   (11191): 	<dict>
05-20 18:51:55.681 D/MDM :   (11191): 		<key>DocumentName</key>
05-20 18:51:55.681 D/MDM :   (11191): 		<string></string>
05-20 18:51:55.681 D/MDM :   (11191): 		<key>DocumentSize</key>
05-20 18:51:55.681 D/MDM :   (11191): 		<integer>40</integer>
05-20 18:51:55.681 D/MDM :   (11191): 		<key>DocumentFormat</key>
05-20 18:51:55.681 D/MDM :   (11191): 		<string>txt</string>
05-20 18:51:55.681 D/MDM :   (11191): 		<key>DownloadURL</key>
05-20 18:51:55.681 D/MDM :   (11191): 		<string>https://test.mdm.everknow.cn/resources/api/v1/download/guest?uuid=541adae224e24c61d03dbad7d0ac</string>
05-20 18:51:55.681 D/MDM :   (11191): 		<key>Auth</key>
05-20 18:51:55.681 D/MDM :   (11191): 		<integer>0</integer>
05-20 18:51:55.681 D/MDM :   (11191): 		<key>DocumentUUID</key>
05-20 18:51:55.681 D/MDM :   (11191): 		<string>164</string>
05-20 18:51:55.681 D/MDM :   (11191): 		<key>Version</key>
05-20 18:51:55.681 D/MDM :   (11191): 		<string></string>
05-20 18:51:55.681 D/MDM :   (11191): 		<key>DocumentDescription</key>
05-20 18:51:55.681 D/MDM :   (11191): 		<string></string>
05-20 18:51:55.681 D/MDM :   (11191): 		<key>DocumentCategory</key>
05-20 18:51:55.681 D/MDM :   (11191): 		<integer>57506</integer>
05-20 18:51:55.681 D/MDM :   (11191): 		<key>IsCompressed</key>
05-20 18:51:55.681 D/MDM :   (11191): 		<integer>0</integer>
05-20 18:51:55.681 D/MDM :   (11191): 		<key>ReadAuthDay</key>
05-20 18:51:55.681 D/MDM :   (11191): 		<integer>0</integer>
05-20 18:51:55.681 D/MDM :   (11191): 		<key>RingNotify</key>
05-20 18:51:55.681 D/MDM :   (11191): 		<integer>0</integer>
05-20 18:51:55.681 D/MDM :   (11191): 		<key>EncryptLevel</key>
05-20 18:51:55.681 D/MDM :   (11191): 		<integer>0</integer>
05-20 18:51:55.681 D/MDM :   (11191): 		<key>DocumentType</key>
05-20 18:51:55.681 D/MDM :   (11191): 		<string>Normal</string>
05-20 18:51:55.681 D/MDM :   (11191): 		<key>RequestType</key>
05-20 18:51:55.681 D/MDM :   (11191): 		<string>InstallDocument</string>
05-20 18:51:55.681 D/MDM :   (11191): 	</dict>
05-20 18:51:55.681 D/MDM :   (11191): </dict>
05-20 18:51:55.681 D/MDM :   (11191): </plist>
05-20 18:51:55.705 D/MdmDatabaseHelper(11191): [null:-1]->update command 4c962224-529b-4904-b207-733bb03a459c to status executed
05-20 18:51:55.728 D/CheckInTransInfo(11191): [null:-1]->CommandMsg : CommandMsg{CommandUUID='f6cff6a8-3f36-4b0e-88cd-5ea025345b6d', Command=CommandInstallDocument{DocumentName='', DocumentSize=40, DocumentFormat='txt', DownloadURL='https://test.mdm.everknow.cn/resources/api/v1/download/guest?uuid=541adae224e24c61d03dbad7d0ac', Auth=0, DocumentUUID='164', Version='', DocumentDescription='', DocumentCategory=57506, IsCompressed=0, ReadAuthDay=0, RingNotify=0, EncryptLevel=0}}
05-20 18:51:55.767 D/NetworkThread(11191): [null:-1]->clear mCurrentTransInfo
05-20 18:51:55.767 D/NetworkThread(11191): [null:-1]->queue is empty, thread wait...
05-20 18:51:55.869 D/MdmService(11191): [null:-1]->handleCheckInResult
05-20 18:51:55.869 D/MdmService(11191): [null:-1]->handleCheckInResult result keyIndex: 3
05-20 18:51:55.877 D/CommandManager(11191): [null:-1]->execute command: CommandMsg{CommandUUID='f6cff6a8-3f36-4b0e-88cd-5ea025345b6d', Command=CommandInstallDocument{DocumentName='', DocumentSize=40, DocumentFormat='txt', DownloadURL='https://test.mdm.everknow.cn/resources/api/v1/download/guest?uuid=541adae224e24c61d03dbad7d0ac', Auth=0, DocumentUUID='164', Version='', DocumentDescription='', DocumentCategory=57506, IsCompressed=0, ReadAuthDay=0, RingNotify=0, EncryptLevel=0}}
05-20 18:51:55.885 W/Parcel  ( 1661): Attempt to read object from Parcel 0x5dfd3dac at offset 200 that is not in the object list
05-20 18:51:55.900 D/DownLoadDocService(11191): [null:-1]->action is  com.pekall.emdm.action.DOWNLOADDOC
05-20 18:51:55.900 D/DownLoadDocService(11191): [null:-1]->uuid is  164 ,url is https://test.mdm.everknow.cn/resources/api/v1/download/guest?uuid=541adae224e24c61d03dbad7d0ac
05-20 18:51:55.900 D/StorageManager(11191): Create document synchronously, bundle
05-20 18:51:55.908 D/CommandManager(11191): [null:-1]->requestType: InstallDocument
05-20 18:51:55.908 D/SDCardDocumentStore(11191): Home directory: /storage/emulated/0/contentlocker
05-20 18:51:55.908 D/StorageManageImpl(11191): >>> name: 
05-20 18:51:55.908 D/StorageManageImpl(11191): >>> extension: txt
05-20 18:51:55.908 D/StorageManageImpl(11191): >>> mime type: text/plain
05-20 18:51:55.908 D/StorageManageImpl(11191): >>> size: 40
05-20 18:51:55.908 D/StorageManageImpl(11191): >>> created date: 1400583115916
05-20 18:51:55.908 D/StorageManageImpl(11191): >>> modified date: 1400583115916
05-20 18:51:55.908 D/StorageManageImpl(11191): >>> server url: 164
05-20 18:51:55.908 D/StorageManageImpl(11191): >>> is visible: false
05-20 18:51:55.908 D/StorageManageImpl(11191): >>> sort: C
05-20 18:51:55.978 W/Parcel  ( 1661): Attempt to read object from Parcel 0x5ef3bdac at offset 200 that is not in the object list
05-20 18:51:56.002 D/MdmDatabaseHelper(11191): [null:-1]->update command f6cff6a8-3f36-4b0e-88cd-5ea025345b6d to commandStatus <?xml version="1.0" encoding="UTF-8"?>
05-20 18:51:56.002 D/MdmDatabaseHelper(11191): <!DOCTYPE plist PUBLIC "-//Apple//DTD PLIST 1.0//EN" "http://www.apple.com/DTDs/PropertyList-1.0.dtd">
05-20 18:51:56.002 D/MdmDatabaseHelper(11191): <plist version="1.0">
05-20 18:51:56.002 D/MdmDatabaseHelper(11191): <dict>
05-20 18:51:56.002 D/MdmDatabaseHelper(11191): 	<key>CommandUUID</key>
05-20 18:51:56.002 D/MdmDatabaseHelper(11191): 	<string>f6cff6a8-3f36-4b0e-88cd-5ea025345b6d</string>
05-20 18:51:56.002 D/MdmDatabaseHelper(11191): 	<key>Status</key>
05-20 18:51:56.002 D/MdmDatabaseHelper(11191): 	<string>Acknowledged</string>
05-20 18:51:56.002 D/MdmDatabaseHelper(11191): 	<key>UDID</key>
05-20 18:51:56.002 D/MdmDatabaseHelper(11191): 	<string>00013fbc8ecec5b900000146193107d7</string>
05-20 18:51:56.002 D/MdmDatabaseHelper(11191): </dict>
05-20 18:51:56.002 D/MdmDatabaseHelper(11191): </plist>
05-20 18:51:56.041 W/Parcel  ( 1661): Attempt to read object from Parcel 0x6013bdac at offset 200 that is not in the object list
05-20 18:51:56.064 W/Parcel  ( 1661): Attempt to read object from Parcel 0x6003bdac at offset 200 that is not in the object list
05-20 18:51:56.080 V/CounterTextView(11191): onReceive
05-20 18:51:56.080 D/        (11191): [---null: -1---]   msg  xxd1
05-20 18:51:56.088 V/CounterTextView(11191): onReceive
05-20 18:51:56.088 D/        (11191): [---null: -1---]   msg  xxd1
05-20 18:51:56.096 V/CounterTextView(11191): onReceive
05-20 18:51:56.096 D/        (11191): [---null: -1---]   msg  xxd1
05-20 18:51:56.119 I/TransInfo(11191): TransInfo created, id: 3, class: class com.pekall.emdm.transaction.c.b
05-20 18:51:56.119 D/NetworkThread(11191): [null:-1]->----isRunning-----true
05-20 18:51:56.119 D/NetworkThread(11191): [null:-1]->----isRunning-----true
05-20 18:51:56.119 D/NetworkThread(11191): [null:-1]->thread wakeup
05-20 18:51:56.127 D/NetworkThread(11191): [null:-1]->sendHttpPost:PostRequest, url: http://192.168.10.21/rest/mdm/v1/ios/android_server, Params: [content:<?xml version="1.0" encoding="UTF-8"?>
05-20 18:51:56.127 D/NetworkThread(11191): <!DOCTYPE plist PUBLIC "-//Apple//DTD PLIST 1.0//EN" "http://www.apple.com/DTDs/PropertyList-1.0.dtd">
05-20 18:51:56.127 D/NetworkThread(11191): <plist version="1.0">
05-20 18:51:56.127 D/NetworkThread(11191): <dict>
05-20 18:51:56.127 D/NetworkThread(11191): 	<key>CommandUUID</key>
05-20 18:51:56.127 D/NetworkThread(11191): 	<string>f6cff6a8-3f36-4b0e-88cd-5ea025345b6d</string>
05-20 18:51:56.127 D/NetworkThread(11191): 	<key>Status</key>
05-20 18:51:56.127 D/NetworkThread(11191): 	<string>Acknowledged</string>
05-20 18:51:56.127 D/NetworkThread(11191): 	<key>UDID</key>
05-20 18:51:56.127 D/NetworkThread(11191): 	<string>00013fbc8ecec5b900000146193107d7</string>
05-20 18:51:56.127 D/NetworkThread(11191): </dict>
05-20 18:51:56.127 D/NetworkThread(11191): </plist>], 
05-20 18:51:56.127 D/HttpClient(11191): enable apache.http debug
05-20 18:51:56.135 V/CounterTextView(11191): onReceive
05-20 18:51:56.135 D/        (11191): [---null: -1---]   msg  xxd1
05-20 18:51:56.135 V/DEBUG   (11191): HTTP 0
05-20 18:51:56.142 V/CounterTextView(11191): onReceive
05-20 18:51:56.142 D/        (11191): [---null: -1---]   msg  xxd1
05-20 18:51:56.158 V/CounterTextView(11191): onReceive
05-20 18:51:56.158 D/        (11191): [---null: -1---]   msg  xxd1
05-20 18:51:56.228 V/CounterTextView(11191): onReceive
05-20 18:51:56.228 D/        (11191): [---null: -1---]   msg  xxd1
05-20 18:51:56.236 V/CounterTextView(11191): onReceive
05-20 18:51:56.236 D/        (11191): [---null: -1---]   msg  xxd1
05-20 18:51:56.236 V/CounterTextView(11191): onReceive
05-20 18:51:56.236 D/        (11191): [---null: -1---]   msg  xxd1
05-20 18:51:56.236 V/CounterTextView(11191): onReceive
05-20 18:51:56.236 D/        (11191): [---null: -1---]   msg  xxd1
05-20 18:51:56.244 V/CounterTextView(11191): onReceive
05-20 18:51:56.244 D/        (11191): [---null: -1---]   msg  xxd1
05-20 18:51:56.244 V/CounterTextView(11191): onReceive
05-20 18:51:56.244 D/        (11191): [---null: -1---]   msg  xxd1
05-20 18:51:56.697 D/MDM :   (11191): [null:-1]->statusCode : 200
05-20 18:51:56.697 D/MDM :   (11191): [null:-1]->statusCode : 200
05-20 18:51:56.697 V/DEBUG   (11191): HTTP 1
05-20 18:51:56.705 D/MDM :   (11191): [null:-1]->read network input stream
05-20 18:51:56.713 D/MDM :   (11191): [null:-1]->Get joson string: <?xml version="1.0" encoding="UTF-8"?>
05-20 18:51:56.713 D/MDM :   (11191): <!DOCTYPE plist PUBLIC "-//Apple//DTD PLIST 1.0//EN" "http://www.apple.com/DTDs/PropertyList-1.0.dtd">
05-20 18:51:56.713 D/MDM :   (11191): <plist version="1.0">
05-20 18:51:56.713 D/MDM :   (11191): <dict>
05-20 18:51:56.713 D/MDM :   (11191): 	<key>CommandUUID</key>
05-20 18:51:56.713 D/MDM :   (11191): 	<string>ec491233-48cb-47bd-88ef-efe4e13b1f2f</string>
05-20 18:51:56.713 D/MDM :   (11191): 	<key>Command</key>
05-20 18:51:56.713 D/MDM :   (11191): 	<dict>
05-20 18:51:56.713 D/MDM :   (11191): 		<key>RequestType</key>
05-20 18:51:56.713 D/MDM :   (11191): 		<string>Location</string>
05-20 18:51:56.713 D/MDM :   (11191): 	</dict>
05-20 18:51:56.713 D/MDM :   (11191): </dict>
05-20 18:51:56.713 D/MDM :   (11191): </plist>
05-20 18:51:56.713 D/MdmDatabaseHelper(11191): [null:-1]->update command f6cff6a8-3f36-4b0e-88cd-5ea025345b6d to status executed
05-20 18:51:56.744 D/CheckInTransInfo(11191): [null:-1]->CommandMsg : CommandMsg{CommandUUID='ec491233-48cb-47bd-88ef-efe4e13b1f2f', Command=CommandObject{RequestType='Location'}}
05-20 18:51:56.775 D/NetworkThread(11191): [null:-1]->clear mCurrentTransInfo
05-20 18:51:56.775 D/NetworkThread(11191): [null:-1]->queue is empty, thread wait...
05-20 18:51:56.869 D/MdmService(11191): [null:-1]->handleCheckInResult
05-20 18:51:56.869 D/MdmService(11191): [null:-1]->handleCheckInResult result keyIndex: 3
05-20 18:51:56.877 D/CommandManager(11191): [null:-1]->execute command: CommandMsg{CommandUUID='ec491233-48cb-47bd-88ef-efe4e13b1f2f', Command=CommandObject{RequestType='Location'}}
05-20 18:51:56.877 W/Parcel  ( 1661): Attempt to read object from Parcel 0x5ec3bdac at offset 200 that is not in the object list
05-20 18:51:56.877 D/MdmService(11191): [null:-1]->receiver action :com.pekall.mdm.action.LOCATION
05-20 18:51:56.892 D/dalvikvm(12053): Late-enabling CheckJNI
05-20 18:51:56.892 I/ActivityManager(  374): Start proc com.pekall.emdm.launcher:remote for service com.pekall.emdm.launcher/com.baidu.location.f: pid=12053 uid=10066 gids={50066, 1015, 3002, 3001, 3003, 1028}
05-20 18:51:56.947 D/ScClassLoader(12053): >> SOURCE FILE: /data/data/com.pekall.emdm.launcher/app_jars/sc-jdk15on-1.47.0.2.dex.jar
05-20 18:51:56.955 V/MyServiceConnection(12053): [SConnection] sandbox service is NOT installed.
05-20 18:51:56.955 V/MyServiceConnection(12053): [SConnection] binding service: pekall.intent.action.SANDBOX_SERVICE
05-20 18:51:56.994 D/dalvikvm(12053): GC_CONCURRENT freed 107K, 2% free 9326K/9472K, paused 3ms+5ms, total 30ms
05-20 18:51:56.994 D/dalvikvm(12053): WAIT_FOR_CONCURRENT_GC blocked 1ms
05-20 18:51:56.994 D/dalvikvm(12053): WAIT_FOR_CONCURRENT_GC blocked 3ms
05-20 18:51:57.010 W/Parcel  ( 1661): Attempt to read object from Parcel 0x5ded3dac at offset 200 that is not in the object list
05-20 18:51:57.017 W/Parcel  ( 1661): Attempt to read object from Parcel 0x5dfd3dac at offset 200 that is not in the object list
05-20 18:51:57.017 D/Email   (12053): Email: init sandbox at the beginning.
05-20 18:51:57.017 V/MyServiceConnection(12053): [SConnection] retry to bind service
05-20 18:51:57.017 V/MyServiceConnection(12053): [SConnection] sandbox service is NOT installed.
05-20 18:51:57.017 V/MyServiceConnection(12053): [SConnection] binding service: pekall.intent.action.SANDBOX_SERVICE
05-20 18:51:57.041 V/MyServiceConnection(12053): [SConnection] retry to bind service
05-20 18:51:57.041 V/MyServiceConnection(12053): [SConnection] sandbox service is NOT installed.
05-20 18:51:57.041 V/MyServiceConnection(12053): [SConnection] binding service: pekall.intent.action.SANDBOX_SERVICE
05-20 18:51:57.049 V/l       (12053): Bind requested for task setLogging
05-20 18:51:57.072 D/ExchangeService(11191): !!! EAS ExchangeService, onCreate
05-20 18:51:57.072 W/Parcel  ( 1661): Attempt to read object from Parcel 0x5ef3bdac at offset 200 that is not in the object list
05-20 18:51:57.072 D/ExchangeService(11191): !!! EAS ExchangeService, onStartCommand, startingUp = false, running = false
05-20 18:51:57.072 D/ExchangeService(11191): to start secureStorageService now
05-20 18:51:57.080 V/a       (11191): Bind requested for task test
05-20 18:51:57.088 D/dalvikvm(12053): GC_CONCURRENT freed 229K, 3% free 9584K/9832K, paused 3ms+4ms, total 33ms
05-20 18:51:57.096 V/a       (11191): Connected: com.pekall.semail.service.AccountServiceInternal
05-20 18:51:57.096 D/ExchangeService(11191): Reconciling accounts...
05-20 18:51:57.096 V/a       (11191): Bind requested for task reconcileAccounts
05-20 18:51:57.096 V/a       (11191): Connection test succeeded in 16ms
05-20 18:51:57.096 V/a       (11191): Task test completed; disconnecting
05-20 18:51:57.103 V/a       (11191): Connected: com.pekall.semail.service.AccountServiceInternal
05-20 18:51:57.158 W/DocumentManager(12053): Sandbox service is not connected.
05-20 18:51:57.158 D/MessageControllerImpl(12053): controller is null
05-20 18:51:57.158 V/MyServiceConnection(12053): [SConnection] retry to bind service
05-20 18:51:57.166 V/MyServiceConnection(12053): [SConnection] sandbox service is NOT installed.
05-20 18:51:57.166 V/MyServiceConnection(12053): [SConnection] binding service: pekall.intent.action.SANDBOX_SERVICE
05-20 18:51:57.166 V/a       (11191): Task reconcileAccounts completed; disconnecting
05-20 18:51:57.166 W/SQLiteOpenHelper(12053): Opened /data/data/com.pekall.emdm.launcher/databases/message.db
05-20 18:51:57.166 W/dalvikvm(12053): No implementation found for native Lcom/pekall/sandbox/database/sqlite/SQLiteDatabase;.native_setSqliteSoftHeapLimit:(I)V
05-20 18:51:57.166 D/AndroidRuntime(12053): Shutting down VM
05-20 18:51:57.174 W/dalvikvm(12053): threadid=1: thread exiting with uncaught exception (group=0x419c8700)
05-20 18:51:57.174 D/        (12053): [---null: -1---]  Thread is main
05-20 18:51:57.174 W/System.err(12053): java.lang.UnsatisfiedLinkError: Native method not found: com.pekall.sandbox.database.sqlite.SQLiteDatabase.native_setSqliteSoftHeapLimit:(I)V
05-20 18:51:57.174 W/System.err(12053): 	at com.pekall.sandbox.database.sqlite.SQLiteDatabase.native_setSqliteSoftHeapLimit(Native Method)
05-20 18:51:57.174 W/System.err(12053): 	at com.pekall.sandbox.database.sqlite.SQLiteDatabase.<init>(Unknown Source)
05-20 18:51:57.174 W/System.err(12053): 	at com.pekall.sandbox.database.sqlite.SQLiteDatabase.openDatabase(Unknown Source)
05-20 18:51:57.174 W/System.err(12053): 	at com.pekall.sandbox.database.sqlite.SQLiteDatabase.openDatabase(Unknown Source)
05-20 18:51:57.174 W/System.err(12053): 	at com.pekall.sandbox.database.sqlite.SQLiteDatabase.openDatabase(Unknown Source)
05-20 18:51:57.174 W/System.err(12053): 	at com.pekall.sandbox.database.sqlite.SQLiteOpenHelper.getWritableDatabase(Unknown Source)
05-20 18:51:57.174 W/System.err(12053): 	at com.pekall.emdm.messagecenter.db.a.a(Unknown Source)
05-20 18:51:57.174 W/System.err(12053): 	at com.pekall.emdm.messagecenter.db.a.b(Unknown Source)
05-20 18:51:57.174 W/System.err(12053): 	at com.pekall.emdm.messagecenter.activity.a.onCreate(Unknown Source)
05-20 18:51:57.174 W/System.err(12053): 	at com.pekall.emdm.launcher.LauncherApplication.onCreate(Unknown Source)
05-20 18:51:57.174 W/System.err(12053): 	at android.app.Instrumentation.callApplicationOnCreate(Instrumentation.java:1007)
05-20 18:51:57.174 W/System.err(12053): 	at android.app.ActivityThread.handleBindApplication(ActivityThread.java:4444)
05-20 18:51:57.174 W/System.err(12053): 	at android.app.ActivityThread.access$1300(ActivityThread.java:141)
05-20 18:51:57.174 W/System.err(12053): 	at android.app.ActivityThread$H.handleMessage(ActivityThread.java:1316)
05-20 18:51:57.174 V/a       (11191): Waiting for task reconcileAccounts to complete...
05-20 18:51:57.174 W/System.err(12053): 	at android.os.Handler.dispatchMessage(Handler.java:99)
05-20 18:51:57.181 W/System.err(12053): 	at android.os.Looper.loop(Looper.java:137)
05-20 18:51:57.181 W/System.err(12053): 	at android.app.ActivityThread.main(ActivityThread.java:5103)
05-20 18:51:57.181 W/System.err(12053): 	at java.lang.reflect.Method.invokeNative(Native Method)
05-20 18:51:57.181 W/System.err(12053): 	at java.lang.reflect.Method.invoke(Method.java:525)
05-20 18:51:57.181 W/System.err(12053): 	at com.android.internal.os.ZygoteInit$MethodAndArgsCaller.run(ZygoteInit.java:737)
05-20 18:51:57.181 W/System.err(12053): 	at com.android.internal.os.ZygoteInit.main(ZygoteInit.java:553)
05-20 18:51:57.181 W/System.err(12053): 	at dalvik.system.NativeStart.main(Native Method)
05-20 18:51:57.181 D/ActivityThread(12053): Loading provider com.pekall.semail.provider;com.pekall.semail.notifier: com.pekall.semail.provider.EmailProvider
05-20 18:51:57.213 D/ActivityThread(12053): Loading provider com.pekall.semail.provider;com.pekall.semail.notifier: com.pekall.semail.provider.EmailProvider
05-20 18:51:57.228 D/dalvikvm(12053): GC_CONCURRENT freed 509K, 6% free 9462K/10012K, paused 3ms+3ms, total 41ms
05-20 18:51:57.955 W/EmailProvider(12053): restoreIfNeeded...
05-20 18:51:58.650 D/EmailProvider(12053): restoreAccounts...
05-20 18:51:58.838 D/dalvikvm(11976): GC_FOR_ALLOC freed 7523K, 92% free 667K/8192K, paused 39ms, total 39ms
05-20 18:51:58.971 D/dalvikvm(11976): GC_CONCURRENT freed 395K, 84% free 656K/4088K, paused 1ms+1ms, total 9ms
05-20 18:51:59.096 D/dalvikvm(11976): GC_CONCURRENT freed 372K, 84% free 672K/4088K, paused 1ms+0ms, total 6ms
05-20 18:51:59.236 D/dalvikvm(11976): GC_CONCURRENT freed 389K, 84% free 672K/4088K, paused 1ms+0ms, total 6ms
05-20 18:51:59.299 D/EmailProvider(12053): No accounts to restore...
05-20 18:51:59.361 D/dalvikvm(11976): GC_CONCURRENT freed 405K, 84% free 656K/4088K, paused 1ms+1ms, total 5ms
05-20 18:51:59.400 D/EmailProvider(12053): Deleting orphans...
05-20 18:51:59.486 D/dalvikvm(11976): GC_CONCURRENT freed 389K, 84% free 656K/4088K, paused 0ms+0ms, total 5ms
05-20 18:51:59.627 D/dalvikvm(11976): GC_CONCURRENT freed 389K, 84% free 656K/4088K, paused 1ms+1ms, total 5ms
05-20 18:51:59.744 D/dalvikvm(11976): GC_CONCURRENT freed 389K, 84% free 656K/4088K, paused 1ms+1ms, total 5ms
05-20 18:51:59.885 D/dalvikvm(11976): GC_CONCURRENT freed 373K, 84% free 672K/4088K, paused 2ms+1ms, total 6ms
05-20 18:51:59.924 D/EmailProvider(12053): EmailProvider pre-caching...
05-20 18:52:00.033 D/dalvikvm(11976): GC_CONCURRENT freed 405K, 84% free 657K/4088K, paused 0ms+1ms, total 9ms
05-20 18:52:00.283 V/WiseDownloadConditionControler( 8480): checkCondition  type : WISE_DOWNLOAD  inerrupting: true
05-20 18:52:00.322 D/dalvikvm(11976): GC_CONCURRENT freed 389K, 84% free 656K/4088K, paused 0ms+0ms, total 5ms
05-20 18:52:00.791 D/dalvikvm(11976): GC_CONCURRENT freed 389K, 84% free 656K/4088K, paused 1ms+1ms, total 5ms
05-20 18:52:00.963 D/dalvikvm(11976): GC_CONCURRENT freed 389K, 84% free 656K/4088K, paused 0ms+0ms, total 5ms
05-20 18:52:01.103 D/dalvikvm(11976): GC_CONCURRENT freed 389K, 84% free 656K/4088K, paused 0ms+1ms, total 4ms
05-20 18:52:01.228 D/EmailProvider(12053): EmailProvider ready.
05-20 18:52:01.306 D/dalvikvm(11976): GC_CONCURRENT freed 389K, 84% free 656K/4088K, paused 0ms+0ms, total 5ms
05-20 18:52:01.885 D/dalvikvm(11976): GC_CONCURRENT freed 389K, 84% free 656K/4088K, paused 1ms+1ms, total 5ms
05-20 18:52:01.924 W/ActivityManager(  374): Unable to start service Intent { cmp=com.pekall.emdm.launcher/com.pekall.semail.service.AttachmentDownloadService } U=0: not found
05-20 18:52:01.931 I/Email   (12053): Notifications being toggled: false
05-20 18:52:02.025 D/dalvikvm(11976): GC_CONCURRENT freed 389K, 84% free 656K/4088K, paused 0ms+1ms, total 4ms
05-20 18:52:02.158 D/dalvikvm(11976): GC_CONCURRENT freed 389K, 84% free 656K/4088K, paused 1ms+1ms, total 5ms
05-20 18:52:02.291 D/dalvikvm(11976): GC_CONCURRENT freed 389K, 84% free 656K/4088K, paused 1ms+0ms, total 5ms
05-20 18:52:02.424 D/dalvikvm(11976): GC_CONCURRENT freed 389K, 84% free 656K/4088K, paused 0ms+0ms, total 5ms
05-20 18:52:02.564 D/dalvikvm(11976): GC_CONCURRENT freed 373K, 84% free 672K/4088K, paused 2ms+1ms, total 6ms
05-20 18:52:02.705 D/dalvikvm(11976): GC_CONCURRENT freed 405K, 84% free 656K/4088K, paused 2ms+1ms, total 7ms
05-20 18:52:02.838 D/dalvikvm(11976): GC_CONCURRENT freed 389K, 84% free 656K/4088K, paused 0ms+0ms, total 5ms
05-20 18:52:02.986 D/dalvikvm(11976): GC_CONCURRENT freed 373K, 84% free 673K/4088K, paused 1ms+0ms, total 7ms
05-20 18:52:03.119 D/dalvikvm(11976): GC_CONCURRENT freed 389K, 84% free 673K/4088K, paused 1ms+0ms, total 6ms
05-20 18:52:03.244 D/dalvikvm(11976): GC_CONCURRENT freed 405K, 84% free 656K/4088K, paused 1ms+1ms, total 5ms
05-20 18:52:03.377 D/dalvikvm(11976): GC_CONCURRENT freed 389K, 84% free 656K/4088K, paused 1ms+0ms, total 5ms
05-20 18:52:03.525 D/dalvikvm(11976): GC_CONCURRENT freed 373K, 84% free 672K/4088K, paused 1ms+0ms, total 6ms
05-20 18:52:03.642 D/dalvikvm(11976): GC_CONCURRENT freed 385K, 84% free 675K/4088K, paused 2ms+1ms, total 6ms
05-20 18:52:03.775 D/dalvikvm(11976): GC_CONCURRENT freed 389K, 84% free 675K/4088K, paused 2ms+1ms, total 6ms
05-20 18:52:03.892 D/dalvikvm(11976): GC_CONCURRENT freed 392K, 84% free 672K/4088K, paused 1ms+0ms, total 6ms
05-20 18:52:04.150 D/dalvikvm(11191): JIT unchain all for threadid=11
05-20 18:52:04.471 D/dalvikvm(11191): JIT unchain all for threadid=11
05-20 18:52:04.533 D/dalvikvm(11191): GC_CONCURRENT freed 7117K, 20% free 31076K/38484K, paused 271ms+267ms, total 634ms
05-20 18:52:04.705 D/dalvikvm(11976): GC_CONCURRENT freed 389K, 84% free 672K/4088K, paused 2ms+1ms, total 7ms
05-20 18:52:04.846 D/dalvikvm(11976): GC_CONCURRENT freed 389K, 84% free 672K/4088K, paused 2ms+0ms, total 6ms
05-20 18:52:04.955 D/dalvikvm(11976): GC_CONCURRENT freed 389K, 84% free 672K/4088K, paused 1ms+0ms, total 5ms
05-20 18:52:05.111 D/dalvikvm(11976): GC_CONCURRENT freed 405K, 84% free 656K/4088K, paused 1ms+0ms, total 6ms
05-20 18:52:05.260 D/dalvikvm(11976): GC_CONCURRENT freed 385K, 84% free 660K/4088K, paused 0ms+0ms, total 4ms
05-20 18:52:05.416 D/dalvikvm(11976): GC_CONCURRENT freed 389K, 84% free 660K/4088K, paused 0ms+0ms, total 4ms
05-20 18:52:05.564 D/dalvikvm(11976): GC_CONCURRENT freed 377K, 84% free 672K/4088K, paused 1ms+0ms, total 6ms
05-20 18:52:05.721 D/dalvikvm(11976): GC_CONCURRENT freed 401K, 84% free 660K/4088K, paused 0ms+1ms, total 4ms
05-20 18:52:05.877 D/dalvikvm(11976): GC_CONCURRENT freed 389K, 84% free 659K/4088K, paused 0ms+0ms, total 5ms
05-20 18:52:06.041 D/dalvikvm(11976): GC_CONCURRENT freed 388K, 84% free 660K/4088K, paused 2ms+0ms, total 6ms
05-20 18:52:06.197 D/dalvikvm(11976): GC_CONCURRENT freed 389K, 84% free 660K/4088K, paused 0ms+0ms, total 5ms
05-20 18:52:06.346 D/dalvikvm(11976): GC_CONCURRENT freed 389K, 84% free 659K/4088K, paused 0ms+1ms, total 5ms
05-20 18:52:06.494 D/dalvikvm(11976): GC_CONCURRENT freed 376K, 84% free 672K/4088K, paused 1ms+0ms, total 6ms
05-20 18:52:06.611 D/dalvikvm(11976): GC_CONCURRENT freed 389K, 84% free 672K/4088K, paused 2ms+0ms, total 6ms
05-20 18:52:06.767 D/dalvikvm(11976): GC_CONCURRENT freed 389K, 84% free 672K/4088K, paused 1ms+0ms, total 6ms
05-20 18:52:06.924 D/dalvikvm(11976): GC_CONCURRENT freed 401K, 84% free 660K/4088K, paused 0ms+1ms, total 5ms
