05-21 16:57:02.611 W/MountService(  374): getVolumeState(/mnt/emmc): Unknown volume
05-21 16:57:02.611 W/MountService(  374): getVolumeState(/mnt/extSdCard): Unknown volume
05-21 16:57:02.611 W/MountService(  374): getVolumeState(/mnt/sdcard/SD_CARD): Unknown volume
05-21 16:57:02.619 W/MountService(  374): getVolumeState(/mnt/sdcard/extra_sd): Unknown volume
05-21 16:57:02.619 W/MountService(  374): getVolumeState(/mnt/extrasd_bind): Unknown volume
05-21 16:57:02.619 W/MountService(  374): getVolumeState(/mnt/sdcard/ext_sd): Unknown volume
05-21 16:57:02.619 W/MountService(  374): getVolumeState(/storage/extSdCard): Unknown volume
05-21 16:57:02.619 W/MountService(  374): getVolumeState(/storage/sdcard1): Unknown volume
05-21 16:57:02.619 W/MountService(  374): getVolumeState(/mnt/sdcard/external_SD): Unknown volume
05-21 16:57:02.619 W/MountService(  374): getVolumeState(/mnt/sdcard/external_sd): Unknown volume
05-21 16:57:02.642 D/dalvikvm( 1468): GC_CONCURRENT freed 479K, 20% free 9892K/12308K, paused 6ms+6ms, total 41ms
05-21 16:57:02.642 D/dalvikvm( 1468): WAIT_FOR_CONCURRENT_GC blocked 14ms
05-21 16:57:02.642 D/dalvikvm( 1468): WAIT_FOR_CONCURRENT_GC blocked 14ms
05-21 16:57:02.947 W/MountService(  374): getVolumeState(/storage/emulated/0/external_sd): Unknown volume
05-21 16:57:02.947 W/MountService(  374): getVolumeState(/mnt/sdcard-ext): Unknown volume
05-21 16:57:02.947 W/MountService(  374): getVolumeState(/mnt/ext_sdcard): Unknown volume
05-21 16:57:02.947 W/MountService(  374): getVolumeState(/mnt/sdcard2): Unknown volume
05-21 16:57:02.963 W/MountService(  374): getVolumeState(/mnt/emmc): Unknown volume
05-21 16:57:02.963 W/MountService(  374): getVolumeState(/mnt/extSdCard): Unknown volume
05-21 16:57:02.963 W/MountService(  374): getVolumeState(/mnt/sdcard/SD_CARD): Unknown volume
05-21 16:57:02.963 W/MountService(  374): getVolumeState(/mnt/sdcard/extra_sd): Unknown volume
05-21 16:57:02.963 W/MountService(  374): getVolumeState(/mnt/extrasd_bind): Unknown volume
05-21 16:57:02.963 W/MountService(  374): getVolumeState(/mnt/sdcard/ext_sd): Unknown volume
05-21 16:57:02.963 W/MountService(  374): getVolumeState(/storage/extSdCard): Unknown volume
05-21 16:57:02.978 D/dalvikvm( 1468): GC_CONCURRENT freed 562K, 21% free 9842K/12308K, paused 19ms+7ms, total 69ms
05-21 16:57:02.978 D/dalvikvm( 1468): WAIT_FOR_CONCURRENT_GC blocked 35ms
05-21 16:57:02.978 D/dalvikvm( 1468): WAIT_FOR_CONCURRENT_GC blocked 16ms
05-21 16:57:02.978 W/MountService(  374): getVolumeState(/storage/sdcard1): Unknown volume
05-21 16:57:02.978 W/MountService(  374): getVolumeState(/mnt/sdcard/external_SD): Unknown volume
05-21 16:57:02.986 W/MountService(  374): getVolumeState(/mnt/sdcard/external_sd): Unknown volume
05-21 16:57:42.900 D/dalvikvm( 1661): GC_EXPLICIT freed 173K, 18% free 13032K/15888K, paused 2ms+5ms, total 68ms
05-21 16:57:47.963 D/dalvikvm( 1661): GC_EXPLICIT freed 1K, 18% free 13031K/15888K, paused 3ms+5ms, total 60ms
05-21 16:57:48.103 D/dalvikvm(29569): GC_CONCURRENT freed 388K, 5% free 9530K/9972K, paused 1ms+2ms, total 47ms
05-21 16:57:57.971 D/dalvikvm( 1661): GC_EXPLICIT freed <1K, 18% free 13031K/15888K, paused 2ms+5ms, total 60ms
05-21 16:58:01.916 W/Parcel  ( 1661): Attempt to read object from Parcel 0x5dfd3dac at offset 200 that is not in the object list
05-21 16:58:01.939 D/dalvikvm( 1468): GC_CONCURRENT freed 497K, 21% free 9797K/12308K, paused 5ms+6ms, total 36ms
05-21 16:58:02.650 W/MountService(  374): getVolumeState(/storage/emulated/0/external_sd): Unknown volume
05-21 16:58:02.650 W/MountService(  374): getVolumeState(/mnt/sdcard-ext): Unknown volume
05-21 16:58:02.650 W/MountService(  374): getVolumeState(/mnt/ext_sdcard): Unknown volume
05-21 16:58:02.650 W/MountService(  374): getVolumeState(/mnt/sdcard2): Unknown volume
05-21 16:58:02.650 W/MountService(  374): getVolumeState(/mnt/emmc): Unknown volume
05-21 16:58:02.650 W/MountService(  374): getVolumeState(/mnt/extSdCard): Unknown volume
05-21 16:58:02.658 W/MountService(  374): getVolumeState(/mnt/sdcard/SD_CARD): Unknown volume
05-21 16:58:02.658 W/MountService(  374): getVolumeState(/mnt/sdcard/extra_sd): Unknown volume
05-21 16:58:02.658 W/MountService(  374): getVolumeState(/mnt/extrasd_bind): Unknown volume
05-21 16:58:02.666 W/MountService(  374): getVolumeState(/mnt/sdcard/ext_sd): Unknown volume
05-21 16:58:02.666 W/MountService(  374): getVolumeState(/storage/extSdCard): Unknown volume
05-21 16:58:02.666 W/MountService(  374): getVolumeState(/storage/sdcard1): Unknown volume
05-21 16:58:02.666 W/MountService(  374): getVolumeState(/mnt/sdcard/external_SD): Unknown volume
05-21 16:58:02.666 W/MountService(  374): getVolumeState(/mnt/sdcard/external_sd): Unknown volume
05-21 16:58:02.806 D/dalvikvm( 1468): GC_CONCURRENT freed 334K, 20% free 9950K/12308K, paused 7ms+7ms, total 38ms
05-21 16:58:02.978 W/MountService(  374): getVolumeState(/storage/emulated/0/external_sd): Unknown volume
05-21 16:58:02.986 W/MountService(  374): getVolumeState(/mnt/sdcard-ext): Unknown volume
05-21 16:58:02.986 W/MountService(  374): getVolumeState(/mnt/ext_sdcard): Unknown volume
05-21 16:58:02.986 W/MountService(  374): getVolumeState(/mnt/sdcard2): Unknown volume
05-21 16:58:02.986 W/MountService(  374): getVolumeState(/mnt/emmc): Unknown volume
05-21 16:58:02.986 W/MountService(  374): getVolumeState(/mnt/extSdCard): Unknown volume
05-21 16:58:02.986 W/MountService(  374): getVolumeState(/mnt/sdcard/SD_CARD): Unknown volume
05-21 16:58:02.986 W/MountService(  374): getVolumeState(/mnt/sdcard/extra_sd): Unknown volume
05-21 16:58:02.986 W/MountService(  374): getVolumeState(/mnt/extrasd_bind): Unknown volume
05-21 16:58:02.986 W/MountService(  374): getVolumeState(/mnt/sdcard/ext_sd): Unknown volume
05-21 16:58:02.994 W/MountService(  374): getVolumeState(/storage/extSdCard): Unknown volume
05-21 16:58:02.994 W/MountService(  374): getVolumeState(/storage/sdcard1): Unknown volume
05-21 16:58:02.994 W/MountService(  374): getVolumeState(/mnt/sdcard/external_SD): Unknown volume
05-21 16:58:02.994 W/MountService(  374): getVolumeState(/mnt/sdcard/external_sd): Unknown volume
05-21 16:58:03.041 D/dalvikvm( 1468): GC_CONCURRENT freed 624K, 21% free 9837K/12308K, paused 11ms+7ms, total 47ms
05-21 16:58:03.041 D/dalvikvm( 1468): WAIT_FOR_CONCURRENT_GC blocked 10ms
05-21 16:58:40.213 V/WiseDownloadConditionControler(29823): checkCondition  type : WISE_DOWNLOAD  inerrupting: true
05-21 16:58:40.228 W/Parcel  ( 1661): Attempt to read object from Parcel 0x5ded3dac at offset 200 that is not in the object list
05-21 16:58:40.244 W/Parcel  ( 1661): Attempt to read object from Parcel 0x5dfd3dac at offset 200 that is not in the object list
05-21 16:58:40.252 W/Parcel  ( 1661): Attempt to read object from Parcel 0x5ec3bdac at offset 200 that is not in the object list
05-21 16:58:40.275 D/dalvikvm(  448): GC_CONCURRENT freed 848K, 14% free 13860K/15944K, paused 7ms+6ms, total 52ms
05-21 16:59:02.666 W/MountService(  374): getVolumeState(/storage/emulated/0/external_sd): Unknown volume
05-21 16:59:02.666 W/MountService(  374): getVolumeState(/mnt/sdcard-ext): Unknown volume
05-21 16:59:02.666 W/MountService(  374): getVolumeState(/mnt/ext_sdcard): Unknown volume
05-21 16:59:02.666 W/MountService(  374): getVolumeState(/mnt/sdcard2): Unknown volume
05-21 16:59:02.674 W/MountService(  374): getVolumeState(/mnt/emmc): Unknown volume
05-21 16:59:02.674 W/MountService(  374): getVolumeState(/mnt/extSdCard): Unknown volume
05-21 16:59:02.674 W/MountService(  374): getVolumeState(/mnt/sdcard/SD_CARD): Unknown volume
05-21 16:59:02.674 W/MountService(  374): getVolumeState(/mnt/sdcard/extra_sd): Unknown volume
05-21 16:59:02.674 W/MountService(  374): getVolumeState(/mnt/extrasd_bind): Unknown volume
05-21 16:59:02.674 W/MountService(  374): getVolumeState(/mnt/sdcard/ext_sd): Unknown volume
05-21 16:59:02.674 W/MountService(  374): getVolumeState(/storage/extSdCard): Unknown volume
05-21 16:59:02.674 W/MountService(  374): getVolumeState(/storage/sdcard1): Unknown volume
05-21 16:59:02.681 W/MountService(  374): getVolumeState(/mnt/sdcard/external_SD): Unknown volume
05-21 16:59:02.681 W/MountService(  374): getVolumeState(/mnt/sdcard/external_sd): Unknown volume
05-21 16:59:02.775 D/dalvikvm( 1468): GC_CONCURRENT freed 429K, 21% free 9841K/12308K, paused 16ms+6ms, total 54ms
05-21 16:59:03.017 W/MountService(  374): getVolumeState(/storage/emulated/0/external_sd): Unknown volume
05-21 16:59:03.017 W/MountService(  374): getVolumeState(/mnt/sdcard-ext): Unknown volume
05-21 16:59:03.017 W/MountService(  374): getVolumeState(/mnt/ext_sdcard): Unknown volume
05-21 16:59:03.017 W/MountService(  374): getVolumeState(/mnt/sdcard2): Unknown volume
05-21 16:59:03.017 W/MountService(  374): getVolumeState(/mnt/emmc): Unknown volume
05-21 16:59:03.017 W/MountService(  374): getVolumeState(/mnt/extSdCard): Unknown volume
05-21 16:59:03.017 W/MountService(  374): getVolumeState(/mnt/sdcard/SD_CARD): Unknown volume
05-21 16:59:03.017 W/MountService(  374): getVolumeState(/mnt/sdcard/extra_sd): Unknown volume
05-21 16:59:03.025 W/MountService(  374): getVolumeState(/mnt/extrasd_bind): Unknown volume
05-21 16:59:03.025 W/MountService(  374): getVolumeState(/mnt/sdcard/ext_sd): Unknown volume
05-21 16:59:03.025 W/MountService(  374): getVolumeState(/storage/extSdCard): Unknown volume
05-21 16:59:03.025 W/MountService(  374): getVolumeState(/storage/sdcard1): Unknown volume
05-21 16:59:03.025 W/MountService(  374): getVolumeState(/mnt/sdcard/external_SD): Unknown volume
05-21 16:59:03.025 W/MountService(  374): getVolumeState(/mnt/sdcard/external_sd): Unknown volume
05-21 16:59:03.056 D/dalvikvm( 1468): GC_CONCURRENT freed 467K, 20% free 9885K/12308K, paused 12ms+7ms, total 52ms
05-21 16:59:03.056 D/dalvikvm( 1468): WAIT_FOR_CONCURRENT_GC blocked 19ms
05-21 16:59:03.056 D/dalvikvm( 1468): WAIT_FOR_CONCURRENT_GC blocked 21ms
05-21 16:59:03.900 D/dalvikvm(30898): GC_CONCURRENT freed 525K, 6% free 9770K/10336K, paused 2ms+3ms, total 26ms
05-21 16:59:03.900 D/dalvikvm(30898): WAIT_FOR_CONCURRENT_GC blocked 16ms
05-21 16:59:42.908 D/dalvikvm( 1661): GC_EXPLICIT freed 174K, 18% free 13032K/15888K, paused 3ms+5ms, total 61ms
05-21 16:59:47.978 D/dalvikvm( 1661): GC_EXPLICIT freed 1K, 18% free 13031K/15888K, paused 3ms+5ms, total 68ms
05-21 16:59:57.971 D/dalvikvm( 1661): GC_EXPLICIT freed 32K, 18% free 13033K/15888K, paused 3ms+4ms, total 60ms
05-21 17:00:01.939 W/Parcel  ( 1661): Attempt to read object from Parcel 0x6003bdac at offset 200 that is not in the object list
05-21 17:00:01.971 V/DigitalWidgetViewsFactory(29624): DigitalWidget sets next alarm string to null
05-21 17:00:02.017 D/dalvikvm( 1468): GC_CONCURRENT freed 459K, 21% free 9823K/12308K, paused 17ms+6ms, total 45ms
05-21 17:00:02.713 W/MountService(  374): getVolumeState(/storage/emulated/0/external_sd): Unknown volume
05-21 17:00:02.713 W/MountService(  374): getVolumeState(/mnt/sdcard-ext): Unknown volume
05-21 17:00:02.713 W/MountService(  374): getVolumeState(/mnt/ext_sdcard): Unknown volume
05-21 17:00:02.713 W/MountService(  374): getVolumeState(/mnt/sdcard2): Unknown volume
05-21 17:00:02.713 W/MountService(  374): getVolumeState(/mnt/emmc): Unknown volume
05-21 17:00:02.713 W/MountService(  374): getVolumeState(/mnt/extSdCard): Unknown volume
05-21 17:00:02.713 W/MountService(  374): getVolumeState(/mnt/sdcard/SD_CARD): Unknown volume
05-21 17:00:02.713 W/MountService(  374): getVolumeState(/mnt/sdcard/extra_sd): Unknown volume
05-21 17:00:02.713 W/MountService(  374): getVolumeState(/mnt/extrasd_bind): Unknown volume
05-21 17:00:02.713 W/MountService(  374): getVolumeState(/mnt/sdcard/ext_sd): Unknown volume
05-21 17:00:02.713 W/MountService(  374): getVolumeState(/storage/extSdCard): Unknown volume
05-21 17:00:02.713 W/MountService(  374): getVolumeState(/storage/sdcard1): Unknown volume
05-21 17:00:02.721 W/MountService(  374): getVolumeState(/mnt/sdcard/external_SD): Unknown volume
05-21 17:00:02.721 W/MountService(  374): getVolumeState(/mnt/sdcard/external_sd): Unknown volume
05-21 17:00:02.885 D/dalvikvm( 1468): GC_CONCURRENT freed 304K, 20% free 9956K/12308K, paused 8ms+7ms, total 57ms
05-21 17:00:02.986 D/dalvikvm(30840): GC_EXPLICIT freed 241K, 4% free 9191K/9480K, paused 2ms+5ms, total 30ms
05-21 17:00:03.080 W/MountService(  374): getVolumeState(/storage/emulated/0/external_sd): Unknown volume
05-21 17:00:03.080 W/MountService(  374): getVolumeState(/mnt/sdcard-ext): Unknown volume
05-21 17:00:03.080 W/MountService(  374): getVolumeState(/mnt/ext_sdcard): Unknown volume
05-21 17:00:03.080 W/MountService(  374): getVolumeState(/mnt/sdcard2): Unknown volume
05-21 17:00:03.080 W/MountService(  374): getVolumeState(/mnt/emmc): Unknown volume
05-21 17:00:03.080 W/MountService(  374): getVolumeState(/mnt/extSdCard): Unknown volume
05-21 17:00:03.080 W/MountService(  374): getVolumeState(/mnt/sdcard/SD_CARD): Unknown volume
05-21 17:00:03.080 W/MountService(  374): getVolumeState(/mnt/sdcard/extra_sd): Unknown volume
05-21 17:00:03.080 W/MountService(  374): getVolumeState(/mnt/extrasd_bind): Unknown volume
05-21 17:00:03.088 W/MountService(  374): getVolumeState(/mnt/sdcard/ext_sd): Unknown volume
05-21 17:00:03.088 W/MountService(  374): getVolumeState(/storage/extSdCard): Unknown volume
05-21 17:00:03.088 W/MountService(  374): getVolumeState(/storage/sdcard1): Unknown volume
05-21 17:00:03.088 W/MountService(  374): getVolumeState(/mnt/sdcard/external_SD): Unknown volume
05-21 17:00:03.088 W/MountService(  374): getVolumeState(/mnt/sdcard/external_sd): Unknown volume
05-21 17:00:03.142 D/dalvikvm( 1468): GC_CONCURRENT freed 623K, 21% free 9841K/12308K, paused 6ms+8ms, total 50ms
05-21 17:00:03.142 D/dalvikvm( 1468): WAIT_FOR_CONCURRENT_GC blocked 4ms
05-21 17:01:02.728 W/MountService(  374): getVolumeState(/storage/emulated/0/external_sd): Unknown volume
05-21 17:01:02.736 W/MountService(  374): getVolumeState(/mnt/sdcard-ext): Unknown volume
05-21 17:01:02.736 W/MountService(  374): getVolumeState(/mnt/ext_sdcard): Unknown volume
05-21 17:01:02.736 W/MountService(  374): getVolumeState(/mnt/sdcard2): Unknown volume
05-21 17:01:02.736 W/MountService(  374): getVolumeState(/mnt/emmc): Unknown volume
05-21 17:01:02.736 W/MountService(  374): getVolumeState(/mnt/extSdCard): Unknown volume
05-21 17:01:02.736 W/MountService(  374): getVolumeState(/mnt/sdcard/SD_CARD): Unknown volume
05-21 17:01:02.736 W/MountService(  374): getVolumeState(/mnt/sdcard/extra_sd): Unknown volume
05-21 17:01:02.736 W/MountService(  374): getVolumeState(/mnt/extrasd_bind): Unknown volume
05-21 17:01:02.736 W/MountService(  374): getVolumeState(/mnt/sdcard/ext_sd): Unknown volume
05-21 17:01:02.744 W/MountService(  374): getVolumeState(/storage/extSdCard): Unknown volume
05-21 17:01:02.744 W/MountService(  374): getVolumeState(/storage/sdcard1): Unknown volume
05-21 17:01:02.744 W/MountService(  374): getVolumeState(/mnt/sdcard/external_SD): Unknown volume
05-21 17:01:02.744 W/MountService(  374): getVolumeState(/mnt/sdcard/external_sd): Unknown volume
05-21 17:01:02.830 D/dalvikvm( 1468): GC_CONCURRENT freed 443K, 21% free 9836K/12308K, paused 9ms+7ms, total 48ms
05-21 17:01:03.056 W/MountService(  374): getVolumeState(/storage/emulated/0/external_sd): Unknown volume
05-21 17:01:03.056 W/MountService(  374): getVolumeState(/mnt/sdcard-ext): Unknown volume
05-21 17:01:03.056 W/MountService(  374): getVolumeState(/mnt/ext_sdcard): Unknown volume
05-21 17:01:03.056 W/MountService(  374): getVolumeState(/mnt/sdcard2): Unknown volume
05-21 17:01:03.056 W/MountService(  374): getVolumeState(/mnt/emmc): Unknown volume
05-21 17:01:03.056 W/MountService(  374): getVolumeState(/mnt/extSdCard): Unknown volume
05-21 17:01:03.064 W/MountService(  374): getVolumeState(/mnt/sdcard/SD_CARD): Unknown volume
05-21 17:01:03.064 W/MountService(  374): getVolumeState(/mnt/sdcard/extra_sd): Unknown volume
05-21 17:01:03.064 W/MountService(  374): getVolumeState(/mnt/extrasd_bind): Unknown volume
05-21 17:01:03.064 W/MountService(  374): getVolumeState(/mnt/sdcard/ext_sd): Unknown volume
05-21 17:01:03.064 W/MountService(  374): getVolumeState(/storage/extSdCard): Unknown volume
05-21 17:01:03.064 W/MountService(  374): getVolumeState(/storage/sdcard1): Unknown volume
05-21 17:01:03.064 W/MountService(  374): getVolumeState(/mnt/sdcard/external_SD): Unknown volume
05-21 17:01:03.064 W/MountService(  374): getVolumeState(/mnt/sdcard/external_sd): Unknown volume
05-21 17:01:03.088 D/dalvikvm( 1468): GC_CONCURRENT freed 491K, 20% free 9856K/12308K, paused 5ms+6ms, total 47ms
05-21 17:01:03.088 D/dalvikvm( 1468): WAIT_FOR_CONCURRENT_GC blocked 23ms
05-21 17:01:03.088 D/dalvikvm( 1468): WAIT_FOR_CONCURRENT_GC blocked 20ms
05-21 17:01:08.564 D/MdmService(31053): [null:-1]->receiver action :com.pekall.mdm.action.MDM_ALARM
05-21 17:01:08.564 D/MdmService(31053): [null:-1]->keepAliveWithPushServer client is opened:true
05-21 17:01:08.564 D/MDM :   (31053): [null:-1]->ping!!!!!!!!!
05-21 17:01:08.580 D/MdmService(31053): [null:-1]->pushUrl : ws://test.mdm.everknow.cn:9090/websocket
05-21 17:01:08.580 D/MDM :   (31053): [null:-1]->mMdmPushClient is :not null
05-21 17:01:08.580 D/MDM :   (31053): [null:-1]->mMdmPushClient opened : opened
05-21 17:01:08.588 D/MDM :   (31053): [null:-1]->MSG_WEBSOCKET_PONG
05-21 17:01:32.064 D/dalvikvm( 1661): GC_EXPLICIT freed 206K, 18% free 13033K/15888K, paused 2ms+5ms, total 60ms
05-21 17:01:37.127 D/dalvikvm( 1661): GC_EXPLICIT freed 2K, 18% free 13030K/15888K, paused 2ms+5ms, total 60ms
05-21 17:01:47.127 D/dalvikvm( 1661): GC_EXPLICIT freed <1K, 18% free 13030K/15888K, paused 3ms+5ms, total 60ms
05-21 17:02:01.971 W/Parcel  ( 1661): Attempt to read object from Parcel 0x6003bdac at offset 200 that is not in the object list
05-21 17:02:02.041 D/dalvikvm( 1468): GC_CONCURRENT freed 435K, 21% free 9818K/12308K, paused 7ms+6ms, total 37ms
05-21 17:02:02.760 W/MountService(  374): getVolumeState(/storage/emulated/0/external_sd): Unknown volume
05-21 17:02:02.760 W/MountService(  374): getVolumeState(/mnt/sdcard-ext): Unknown volume
05-21 17:02:02.767 W/MountService(  374): getVolumeState(/mnt/ext_sdcard): Unknown volume
05-21 17:02:02.767 W/MountService(  374): getVolumeState(/mnt/sdcard2): Unknown volume
05-21 17:02:02.767 W/MountService(  374): getVolumeState(/mnt/emmc): Unknown volume
05-21 17:02:02.767 W/MountService(  374): getVolumeState(/mnt/extSdCard): Unknown volume
05-21 17:02:02.775 W/MountService(  374): getVolumeState(/mnt/sdcard/SD_CARD): Unknown volume
05-21 17:02:02.775 W/MountService(  374): getVolumeState(/mnt/sdcard/extra_sd): Unknown volume
05-21 17:02:02.775 W/MountService(  374): getVolumeState(/mnt/extrasd_bind): Unknown volume
05-21 17:02:02.775 W/MountService(  374): getVolumeState(/mnt/sdcard/ext_sd): Unknown volume
05-21 17:02:02.775 W/MountService(  374): getVolumeState(/storage/extSdCard): Unknown volume
05-21 17:02:02.775 W/MountService(  374): getVolumeState(/storage/sdcard1): Unknown volume
05-21 17:02:02.775 W/MountService(  374): getVolumeState(/mnt/sdcard/external_SD): Unknown volume
05-21 17:02:02.775 W/MountService(  374): getVolumeState(/mnt/sdcard/external_sd): Unknown volume
05-21 17:02:02.924 D/dalvikvm( 1468): GC_CONCURRENT freed 304K, 20% free 9947K/12308K, paused 8ms+7ms, total 49ms
05-21 17:02:03.056 D/dalvikvm(  374): GC_EXPLICIT freed 1994K, 23% free 23113K/29760K, paused 5ms+12ms, total 126ms
05-21 17:02:03.221 W/MountService(  374): getVolumeState(/storage/emulated/0/external_sd): Unknown volume
05-21 17:02:03.221 W/MountService(  374): getVolumeState(/mnt/sdcard-ext): Unknown volume
05-21 17:02:03.221 W/MountService(  374): getVolumeState(/mnt/ext_sdcard): Unknown volume
05-21 17:02:03.221 W/MountService(  374): getVolumeState(/mnt/sdcard2): Unknown volume
05-21 17:02:03.221 W/MountService(  374): getVolumeState(/mnt/emmc): Unknown volume
05-21 17:02:03.228 W/MountService(  374): getVolumeState(/mnt/extSdCard): Unknown volume
05-21 17:02:03.228 W/MountService(  374): getVolumeState(/mnt/sdcard/SD_CARD): Unknown volume
05-21 17:02:03.228 W/MountService(  374): getVolumeState(/mnt/sdcard/extra_sd): Unknown volume
05-21 17:02:03.228 W/MountService(  374): getVolumeState(/mnt/extrasd_bind): Unknown volume
05-21 17:02:03.228 W/MountService(  374): getVolumeState(/mnt/sdcard/ext_sd): Unknown volume
05-21 17:02:03.228 W/MountService(  374): getVolumeState(/storage/extSdCard): Unknown volume
05-21 17:02:03.228 W/MountService(  374): getVolumeState(/storage/sdcard1): Unknown volume
05-21 17:02:03.236 W/MountService(  374): getVolumeState(/mnt/sdcard/external_SD): Unknown volume
05-21 17:02:03.236 W/MountService(  374): getVolumeState(/mnt/sdcard/external_sd): Unknown volume
05-21 17:02:03.275 D/dalvikvm( 1468): GC_CONCURRENT freed 596K, 21% free 9836K/12308K, paused 6ms+7ms, total 40ms
05-21 17:03:00.010 I/ActivityManager(  374): No longer want com.dragon.android.pandaspace:bdservice_v1 (pid 30859): empty for 1844s
05-21 17:03:00.025 W/ActivityManager(  374): Scheduling restart of crashed service com.dragon.android.pandaspace/com.baidu.android.moplus.MoPlusService in 5000ms
05-21 17:03:02.783 W/MountService(  374): getVolumeState(/storage/emulated/0/external_sd): Unknown volume
05-21 17:03:02.783 W/MountService(  374): getVolumeState(/mnt/sdcard-ext): Unknown volume
05-21 17:03:02.791 W/MountService(  374): getVolumeState(/mnt/ext_sdcard): Unknown volume
05-21 17:03:02.791 W/MountService(  374): getVolumeState(/mnt/sdcard2): Unknown volume
05-21 17:03:02.791 W/MountService(  374): getVolumeState(/mnt/emmc): Unknown volume
05-21 17:03:02.791 W/MountService(  374): getVolumeState(/mnt/extSdCard): Unknown volume
05-21 17:03:02.791 W/MountService(  374): getVolumeState(/mnt/sdcard/SD_CARD): Unknown volume
05-21 17:03:02.791 W/MountService(  374): getVolumeState(/mnt/sdcard/extra_sd): Unknown volume
05-21 17:03:02.791 W/MountService(  374): getVolumeState(/mnt/extrasd_bind): Unknown volume
05-21 17:03:02.791 W/MountService(  374): getVolumeState(/mnt/sdcard/ext_sd): Unknown volume
05-21 17:03:02.791 W/MountService(  374): getVolumeState(/storage/extSdCard): Unknown volume
05-21 17:03:02.791 W/MountService(  374): getVolumeState(/storage/sdcard1): Unknown volume
05-21 17:03:02.791 W/MountService(  374): getVolumeState(/mnt/sdcard/external_SD): Unknown volume
05-21 17:03:02.791 W/MountService(  374): getVolumeState(/mnt/sdcard/external_sd): Unknown volume
05-21 17:03:02.892 D/dalvikvm( 1468): GC_CONCURRENT freed 477K, 21% free 9815K/12308K, paused 8ms+9ms, total 65ms
05-21 17:03:03.119 W/MountService(  374): getVolumeState(/storage/emulated/0/external_sd): Unknown volume
05-21 17:03:03.119 W/MountService(  374): getVolumeState(/mnt/sdcard-ext): Unknown volume
05-21 17:03:03.119 W/MountService(  374): getVolumeState(/mnt/ext_sdcard): Unknown volume
05-21 17:03:03.119 W/MountService(  374): getVolumeState(/mnt/sdcard2): Unknown volume
05-21 17:03:03.119 W/MountService(  374): getVolumeState(/mnt/emmc): Unknown volume
05-21 17:03:03.119 W/MountService(  374): getVolumeState(/mnt/extSdCard): Unknown volume
05-21 17:03:03.127 W/MountService(  374): getVolumeState(/mnt/sdcard/SD_CARD): Unknown volume
05-21 17:03:03.127 W/MountService(  374): getVolumeState(/mnt/sdcard/extra_sd): Unknown volume
05-21 17:03:03.127 W/MountService(  374): getVolumeState(/mnt/extrasd_bind): Unknown volume
05-21 17:03:03.127 W/MountService(  374): getVolumeState(/mnt/sdcard/ext_sd): Unknown volume
05-21 17:03:03.127 W/MountService(  374): getVolumeState(/storage/extSdCard): Unknown volume
05-21 17:03:03.127 W/MountService(  374): getVolumeState(/storage/sdcard1): Unknown volume
05-21 17:03:03.127 W/MountService(  374): getVolumeState(/mnt/sdcard/external_SD): Unknown volume
05-21 17:03:03.135 W/MountService(  374): getVolumeState(/mnt/sdcard/external_sd): Unknown volume
05-21 17:03:03.150 D/dalvikvm( 1468): GC_CONCURRENT freed 450K, 20% free 9878K/12308K, paused 6ms+6ms, total 43ms
05-21 17:03:03.150 D/dalvikvm( 1468): WAIT_FOR_CONCURRENT_GC blocked 13ms
05-21 17:03:04.033 D/dalvikvm(30898): GC_CONCURRENT freed 460K, 5% free 9821K/10336K, paused 3ms+4ms, total 43ms
05-21 17:03:04.033 D/dalvikvm(30898): WAIT_FOR_CONCURRENT_GC blocked 20ms
05-21 17:03:05.033 I/ActivityManager(  374): Start proc com.dragon.android.pandaspace:bdservice_v1 for service com.dragon.android.pandaspace/com.baidu.android.moplus.MoPlusService: pid=32310 uid=10074 gids={50074, 1015, 3003, 1006, 1028}
05-21 17:03:05.049 I/dalvikvm(32310): Turning on JNI app bug workarounds for target SDK version 8...
05-21 17:03:05.127 D/dalvikvm(32310): Trying to load lib /data/app-lib/com.dragon.android.pandaspace-1/libroot.so 0x422818d0
05-21 17:03:05.127 D/dalvikvm(32310): Added shared lib /data/app-lib/com.dragon.android.pandaspace-1/libroot.so 0x422818d0
05-21 17:03:05.127 I/RootJni (32310): JNI_OnLoad......
05-21 17:03:05.385 D/dalvikvm(32310): GC_CONCURRENT freed 282K, 4% free 9082K/9404K, paused 4ms+4ms, total 32ms
05-21 17:03:05.400 W/Parcel  ( 1661): Attempt to read object from Parcel 0x5ec3bdac at offset 200 that is not in the object list
05-21 17:03:05.517 D/dalvikvm(32310): GC_CONCURRENT freed 335K, 4% free 9250K/9624K, paused 3ms+3ms, total 47ms
05-21 17:03:05.650 D/dalvikvm(32310): GC_CONCURRENT freed 311K, 4% free 9445K/9796K, paused 3ms+3ms, total 33ms
05-21 17:03:05.650 D/dalvikvm(32310): WAIT_FOR_CONCURRENT_GC blocked 8ms
05-21 17:03:05.713 D/dalvikvm(32310): GC_CONCURRENT freed 397K, 5% free 9522K/9992K, paused 3ms+3ms, total 30ms
05-21 17:03:05.713 D/dalvikvm(32310): WAIT_FOR_CONCURRENT_GC blocked 6ms
05-21 17:03:05.783 D/dalvikvm(32310): GC_CONCURRENT freed 397K, 5% free 9559K/10028K, paused 3ms+3ms, total 37ms
05-21 17:03:05.799 I/dalvikvm(32310): Failed resolving Lcom/baidu/android/nebula/util/BDLocationManager$BaiduLocationListener; interface 1169 'Lcom/baidu/location/BDLocationListener;'
05-21 17:03:05.799 W/dalvikvm(32310): Link of class 'Lcom/baidu/android/nebula/util/BDLocationManager$BaiduLocationListener;' failed
05-21 17:03:05.799 W/dalvikvm(32310): VFY: unable to find class referenced in signature (Lcom/baidu/location/LocationClient;)
05-21 17:03:05.799 I/dalvikvm(32310): Failed resolving Lcom/baidu/android/nebula/util/BDLocationManager$BaiduLocationListener; interface 1169 'Lcom/baidu/location/BDLocationListener;'
05-21 17:03:05.799 W/dalvikvm(32310): Link of class 'Lcom/baidu/android/nebula/util/BDLocationManager$BaiduLocationListener;' failed
05-21 17:03:05.799 I/dalvikvm(32310): Failed resolving Lcom/baidu/android/nebula/util/BDLocationManager$BaiduLocationListener; interface 1169 'Lcom/baidu/location/BDLocationListener;'
05-21 17:03:05.799 W/dalvikvm(32310): Link of class 'Lcom/baidu/android/nebula/util/BDLocationManager$BaiduLocationListener;' failed
05-21 17:03:05.799 I/dalvikvm(32310): Could not find method com.baidu.location.LocationClient.unRegisterLocationListener, referenced from method com.baidu.android.nebula.util.BDLocationManager.d
05-21 17:03:05.799 W/dalvikvm(32310): VFY: unable to resolve virtual method 7866: Lcom/baidu/location/LocationClient;.unRegisterLocationListener (Lcom/baidu/location/BDLocationListener;)V
05-21 17:03:05.799 D/dalvikvm(32310): VFY: replacing opcode 0x6e at 0x0012
05-21 17:03:05.799 E/dalvikvm(32310): Could not find class 'com.baidu.location.LocationClient', referenced from method com.baidu.android.nebula.util.BDLocationManager.e
05-21 17:03:05.799 W/dalvikvm(32310): VFY: unable to resolve new-instance 1170 (Lcom/baidu/location/LocationClient;) in Lcom/baidu/android/nebula/util/BDLocationManager;
05-21 17:03:05.799 D/dalvikvm(32310): VFY: replacing opcode 0x22 at 0x0000
05-21 17:03:05.799 E/dalvikvm(32310): Could not find class 'com.baidu.location.LocationClientOption', referenced from method com.baidu.android.nebula.util.BDLocationManager.f
05-21 17:03:05.799 W/dalvikvm(32310): VFY: unable to resolve new-instance 1171 (Lcom/baidu/location/LocationClientOption;) in Lcom/baidu/android/nebula/util/BDLocationManager;
05-21 17:03:05.799 D/dalvikvm(32310): VFY: replacing opcode 0x22 at 0x0000
05-21 17:03:05.806 W/dalvikvm(32310): VFY: unable to find class referenced in signature (Lcom/baidu/location/LocationClientOption;)
05-21 17:03:05.806 I/dalvikvm(32310): Could not find method com.baidu.location.LocationClientOption.setOpenGps, referenced from method com.baidu.android.nebula.util.BDLocationManager.a
05-21 17:03:05.806 W/dalvikvm(32310): VFY: unable to resolve virtual method 7870: Lcom/baidu/location/LocationClientOption;.setOpenGps (Z)V
05-21 17:03:05.806 D/dalvikvm(32310): VFY: replacing opcode 0x6e at 0x0009
05-21 17:03:05.806 D/dalvikvm(32310): DexOpt: unable to opt direct call 0x1eb3 at 0x04 in Lcom/baidu/android/nebula/util/BDLocationManager;.e
05-21 17:03:05.806 I/dalvikvm(32310): Failed resolving Lcom/baidu/android/nebula/util/BDLocationManager$BaiduLocationListener; interface 1169 'Lcom/baidu/location/BDLocationListener;'
05-21 17:03:05.806 W/dalvikvm(32310): Link of class 'Lcom/baidu/android/nebula/util/BDLocationManager$BaiduLocationListener;' failed
05-21 17:03:05.806 D/dalvikvm(32310): DexOpt: unable to opt direct call 0x1cc1 at 0x0b in Lcom/baidu/android/nebula/util/BDLocationManager;.e
05-21 17:03:05.806 D/dalvikvm(32310): DexOpt: unable to opt direct call 0x1ebb at 0x02 in Lcom/baidu/android/nebula/util/BDLocationManager;.f
05-21 17:03:05.806 W/Parcel  ( 1661): Attempt to read object from Parcel 0x6003bdac at offset 200 that is not in the object list
05-21 17:03:05.892 D/dalvikvm(32310): GC_CONCURRENT freed 612K, 7% free 9433K/10088K, paused 4ms+4ms, total 42ms
05-21 17:03:05.947 D/dalvikvm(32310): GC_FOR_ALLOC freed 51K, 6% free 9566K/10088K, paused 20ms, total 20ms
05-21 17:03:06.010 D/dalvikvm(32310): GC_FOR_ALLOC freed 39K, 4% free 9733K/10108K, paused 21ms, total 21ms
05-21 17:03:06.033 W/Parcel  ( 1661): Attempt to read object from Parcel 0x5ded3dac at offset 200 that is not in the object list
05-21 17:03:06.033 W/Parcel  ( 1661): Attempt to read object from Parcel 0x5dfd3dac at offset 200 that is not in the object list
05-21 17:03:40.752 W/Settings( 1661): Setting airplane_mode_on has moved from android.provider.Settings.System to android.provider.Settings.Global, returning read-only value.
05-21 17:03:42.924 D/dalvikvm( 1661): GC_EXPLICIT freed 475K, 18% free 13039K/15888K, paused 3ms+5ms, total 62ms
05-21 17:03:47.986 D/dalvikvm( 1661): GC_EXPLICIT freed 10K, 18% free 13029K/15888K, paused 3ms+5ms, total 61ms
05-21 17:03:57.994 D/dalvikvm( 1661): GC_EXPLICIT freed <1K, 18% free 13029K/15888K, paused 3ms+5ms, total 61ms
05-21 17:04:02.025 W/Parcel  ( 1661): Attempt to read object from Parcel 0x5ef3bdac at offset 200 that is not in the object list
05-21 17:04:02.096 D/dalvikvm( 1468): GC_CONCURRENT freed 452K, 21% free 9821K/12308K, paused 7ms+6ms, total 37ms
05-21 17:04:02.830 W/MountService(  374): getVolumeState(/storage/emulated/0/external_sd): Unknown volume
05-21 17:04:02.830 W/MountService(  374): getVolumeState(/mnt/sdcard-ext): Unknown volume
05-21 17:04:02.830 W/MountService(  374): getVolumeState(/mnt/ext_sdcard): Unknown volume
05-21 17:04:02.830 W/MountService(  374): getVolumeState(/mnt/sdcard2): Unknown volume
05-21 17:04:02.830 W/MountService(  374): getVolumeState(/mnt/emmc): Unknown volume
05-21 17:04:02.830 W/MountService(  374): getVolumeState(/mnt/extSdCard): Unknown volume
05-21 17:04:02.830 W/MountService(  374): getVolumeState(/mnt/sdcard/SD_CARD): Unknown volume
05-21 17:04:02.846 W/MountService(  374): getVolumeState(/mnt/sdcard/extra_sd): Unknown volume
05-21 17:04:02.846 W/MountService(  374): getVolumeState(/mnt/extrasd_bind): Unknown volume
05-21 17:04:02.846 W/MountService(  374): getVolumeState(/mnt/sdcard/ext_sd): Unknown volume
05-21 17:04:02.846 W/MountService(  374): getVolumeState(/storage/extSdCard): Unknown volume
05-21 17:04:02.846 W/MountService(  374): getVolumeState(/storage/sdcard1): Unknown volume
05-21 17:04:02.846 W/MountService(  374): getVolumeState(/mnt/sdcard/external_SD): Unknown volume
05-21 17:04:02.846 W/MountService(  374): getVolumeState(/mnt/sdcard/external_sd): Unknown volume
05-21 17:04:02.994 D/dalvikvm( 1468): GC_CONCURRENT freed 304K, 20% free 9950K/12308K, paused 8ms+8ms, total 46ms
05-21 17:04:03.158 W/MountService(  374): getVolumeState(/storage/emulated/0/external_sd): Unknown volume
05-21 17:04:03.158 W/MountService(  374): getVolumeState(/mnt/sdcard-ext): Unknown volume
05-21 17:04:03.158 W/MountService(  374): getVolumeState(/mnt/ext_sdcard): Unknown volume
05-21 17:04:03.158 W/MountService(  374): getVolumeState(/mnt/sdcard2): Unknown volume
05-21 17:04:03.158 W/MountService(  374): getVolumeState(/mnt/emmc): Unknown volume
05-21 17:04:03.158 W/MountService(  374): getVolumeState(/mnt/extSdCard): Unknown volume
05-21 17:04:03.158 W/MountService(  374): getVolumeState(/mnt/sdcard/SD_CARD): Unknown volume
05-21 17:04:03.166 W/MountService(  374): getVolumeState(/mnt/sdcard/extra_sd): Unknown volume
05-21 17:04:03.166 W/MountService(  374): getVolumeState(/mnt/extrasd_bind): Unknown volume
05-21 17:04:03.166 W/MountService(  374): getVolumeState(/mnt/sdcard/ext_sd): Unknown volume
05-21 17:04:03.166 W/MountService(  374): getVolumeState(/storage/extSdCard): Unknown volume
05-21 17:04:03.166 W/MountService(  374): getVolumeState(/storage/sdcard1): Unknown volume
05-21 17:04:03.166 W/MountService(  374): getVolumeState(/mnt/sdcard/external_SD): Unknown volume
05-21 17:04:03.166 W/MountService(  374): getVolumeState(/mnt/sdcard/external_sd): Unknown volume
05-21 17:04:03.228 D/dalvikvm( 1468): GC_CONCURRENT freed 623K, 21% free 9839K/12308K, paused 7ms+8ms, total 54ms
05-21 17:04:03.228 D/dalvikvm( 1468): WAIT_FOR_CONCURRENT_GC blocked 2ms
05-21 17:04:17.533 D/dalvikvm(29569): GC_CONCURRENT freed 387K, 5% free 9530K/9972K, paused 3ms+2ms, total 26ms
05-21 17:05:02.877 W/MountService(  374): getVolumeState(/storage/emulated/0/external_sd): Unknown volume
05-21 17:05:02.877 W/MountService(  374): getVolumeState(/mnt/sdcard-ext): Unknown volume
05-21 17:05:02.877 W/MountService(  374): getVolumeState(/mnt/ext_sdcard): Unknown volume
05-21 17:05:02.877 W/MountService(  374): getVolumeState(/mnt/sdcard2): Unknown volume
05-21 17:05:02.877 W/MountService(  374): getVolumeState(/mnt/emmc): Unknown volume
05-21 17:05:02.877 W/MountService(  374): getVolumeState(/mnt/extSdCard): Unknown volume
05-21 17:05:02.877 W/MountService(  374): getVolumeState(/mnt/sdcard/SD_CARD): Unknown volume
05-21 17:05:02.877 W/MountService(  374): getVolumeState(/mnt/sdcard/extra_sd): Unknown volume
05-21 17:05:02.885 W/MountService(  374): getVolumeState(/mnt/extrasd_bind): Unknown volume
05-21 17:05:02.885 W/MountService(  374): getVolumeState(/mnt/sdcard/ext_sd): Unknown volume
05-21 17:05:02.885 W/MountService(  374): getVolumeState(/storage/extSdCard): Unknown volume
05-21 17:05:02.885 W/MountService(  374): getVolumeState(/storage/sdcard1): Unknown volume
05-21 17:05:02.885 W/MountService(  374): getVolumeState(/mnt/sdcard/external_SD): Unknown volume
05-21 17:05:02.892 W/MountService(  374): getVolumeState(/mnt/sdcard/external_sd): Unknown volume
05-21 17:05:02.971 D/dalvikvm( 1468): GC_CONCURRENT freed 451K, 21% free 9817K/12308K, paused 7ms+7ms, total 42ms
05-21 17:05:03.197 W/MountService(  374): getVolumeState(/storage/emulated/0/external_sd): Unknown volume
05-21 17:05:03.197 W/MountService(  374): getVolumeState(/mnt/sdcard-ext): Unknown volume
05-21 17:05:03.197 W/MountService(  374): getVolumeState(/mnt/ext_sdcard): Unknown volume
05-21 17:05:03.197 W/MountService(  374): getVolumeState(/mnt/sdcard2): Unknown volume
05-21 17:05:03.197 W/MountService(  374): getVolumeState(/mnt/emmc): Unknown volume
05-21 17:05:03.197 W/MountService(  374): getVolumeState(/mnt/extSdCard): Unknown volume
05-21 17:05:03.197 W/MountService(  374): getVolumeState(/mnt/sdcard/SD_CARD): Unknown volume
05-21 17:05:03.205 W/MountService(  374): getVolumeState(/mnt/sdcard/extra_sd): Unknown volume
05-21 17:05:03.205 W/MountService(  374): getVolumeState(/mnt/extrasd_bind): Unknown volume
05-21 17:05:03.205 W/MountService(  374): getVolumeState(/mnt/sdcard/ext_sd): Unknown volume
05-21 17:05:03.205 W/MountService(  374): getVolumeState(/storage/extSdCard): Unknown volume
05-21 17:05:03.205 W/MountService(  374): getVolumeState(/storage/sdcard1): Unknown volume
05-21 17:05:03.205 W/MountService(  374): getVolumeState(/mnt/sdcard/external_SD): Unknown volume
05-21 17:05:03.205 W/MountService(  374): getVolumeState(/mnt/sdcard/external_sd): Unknown volume
05-21 17:05:03.228 D/dalvikvm( 1468): GC_CONCURRENT freed 442K, 20% free 9887K/12308K, paused 7ms+6ms, total 41ms
05-21 17:05:03.228 D/dalvikvm( 1468): WAIT_FOR_CONCURRENT_GC blocked 16ms
05-21 17:05:03.228 D/dalvikvm( 1468): WAIT_FOR_CONCURRENT_GC blocked 17ms
05-21 17:05:43.033 D/dalvikvm( 1661): GC_EXPLICIT freed 173K, 18% free 13031K/15888K, paused 3ms+5ms, total 60ms
05-21 17:05:48.096 D/dalvikvm( 1661): GC_EXPLICIT freed 1K, 18% free 13029K/15888K, paused 3ms+5ms, total 60ms
05-21 17:05:58.096 D/dalvikvm( 1661): GC_EXPLICIT freed <1K, 18% free 13029K/15888K, paused 3ms+5ms, total 60ms
05-21 17:06:02.088 W/Parcel  ( 1661): Attempt to read object from Parcel 0x5dfd3dac at offset 200 that is not in the object list
05-21 17:06:02.150 D/dalvikvm( 1468): GC_CONCURRENT freed 459K, 21% free 9824K/12308K, paused 7ms+6ms, total 37ms
05-21 17:06:02.900 W/MountService(  374): getVolumeState(/storage/emulated/0/external_sd): Unknown volume
05-21 17:06:02.908 W/MountService(  374): getVolumeState(/mnt/sdcard-ext): Unknown volume
05-21 17:06:02.908 W/MountService(  374): getVolumeState(/mnt/ext_sdcard): Unknown volume
05-21 17:06:02.908 W/MountService(  374): getVolumeState(/mnt/sdcard2): Unknown volume
05-21 17:06:02.908 W/MountService(  374): getVolumeState(/mnt/emmc): Unknown volume
05-21 17:06:02.908 W/MountService(  374): getVolumeState(/mnt/extSdCard): Unknown volume
05-21 17:06:02.908 W/MountService(  374): getVolumeState(/mnt/sdcard/SD_CARD): Unknown volume
05-21 17:06:02.908 W/MountService(  374): getVolumeState(/mnt/sdcard/extra_sd): Unknown volume
05-21 17:06:02.908 W/MountService(  374): getVolumeState(/mnt/extrasd_bind): Unknown volume
05-21 17:06:02.908 W/MountService(  374): getVolumeState(/mnt/sdcard/ext_sd): Unknown volume
05-21 17:06:02.908 W/MountService(  374): getVolumeState(/storage/extSdCard): Unknown volume
05-21 17:06:02.908 W/MountService(  374): getVolumeState(/storage/sdcard1): Unknown volume
05-21 17:06:02.908 W/MountService(  374): getVolumeState(/mnt/sdcard/external_SD): Unknown volume
05-21 17:06:02.908 W/MountService(  374): getVolumeState(/mnt/sdcard/external_sd): Unknown volume
05-21 17:06:03.088 D/dalvikvm( 1468): GC_CONCURRENT freed 304K, 20% free 9957K/12308K, paused 7ms+10ms, total 60ms
05-21 17:06:03.244 W/MountService(  374): getVolumeState(/storage/emulated/0/external_sd): Unknown volume
05-21 17:06:03.252 W/MountService(  374): getVolumeState(/mnt/sdcard-ext): Unknown volume
05-21 17:06:03.252 W/MountService(  374): getVolumeState(/mnt/ext_sdcard): Unknown volume
05-21 17:06:03.252 W/MountService(  374): getVolumeState(/mnt/sdcard2): Unknown volume
05-21 17:06:03.252 W/MountService(  374): getVolumeState(/mnt/emmc): Unknown volume
05-21 17:06:03.252 W/MountService(  374): getVolumeState(/mnt/extSdCard): Unknown volume
05-21 17:06:03.252 W/MountService(  374): getVolumeState(/mnt/sdcard/SD_CARD): Unknown volume
05-21 17:06:03.252 W/MountService(  374): getVolumeState(/mnt/sdcard/extra_sd): Unknown volume
05-21 17:06:03.252 W/MountService(  374): getVolumeState(/mnt/extrasd_bind): Unknown volume
05-21 17:06:03.252 W/MountService(  374): getVolumeState(/mnt/sdcard/ext_sd): Unknown volume
05-21 17:06:03.252 W/MountService(  374): getVolumeState(/storage/extSdCard): Unknown volume
05-21 17:06:03.252 W/MountService(  374): getVolumeState(/storage/sdcard1): Unknown volume
05-21 17:06:03.252 W/MountService(  374): getVolumeState(/mnt/sdcard/external_SD): Unknown volume
05-21 17:06:03.252 W/MountService(  374): getVolumeState(/mnt/sdcard/external_sd): Unknown volume
05-21 17:06:03.314 D/dalvikvm( 1468): GC_CONCURRENT freed 623K, 21% free 9841K/12308K, paused 6ms+7ms, total 53ms
05-21 17:06:08.564 D/MdmService(31053): [null:-1]->receiver action :com.pekall.mdm.action.MDM_ALARM
05-21 17:06:08.564 D/MdmStatusManager(31053): [null:-1]->change status to : Busy
05-21 17:06:08.572 I/TransInfo(31053): TransInfo created, id: 3, class: class com.pekall.emdm.transaction.c.b
05-21 17:06:08.572 D/NetworkThread(31053): [null:-1]->----isRunning-----true
05-21 17:06:08.572 D/NetworkThread(31053): [null:-1]->----isRunning-----true
05-21 17:06:08.572 D/NetworkThread(31053): [null:-1]->thread wakeup
05-21 17:06:08.580 D/ProfileManager(31053): [null:-1]->check policy checking :false
05-21 17:06:08.596 D/com.pekall.restrictions.policy(31053): [null:-1]->allowBluetooth : null
05-21 17:06:08.596 D/com.pekall.restrictions.policy(31053): [null:-1]->ensureSimulateLocation :null
05-21 17:06:08.596 D/com.pekall.restrictions.policy(31053): [null:-1]->allowUseNetworkDate : null
05-21 17:06:08.596 E/DatabaseUtils(  374): Writing exception to parcel
05-21 17:06:08.596 E/DatabaseUtils(  374): java.lang.SecurityException: Permission denial: writing to secure settings requires android.permission.WRITE_SECURE_SETTINGS
05-21 17:06:08.596 E/DatabaseUtils(  374): 	at com.android.providers.settings.SettingsProvider.checkWritePermissions(SettingsProvider.java:279)
05-21 17:06:08.596 E/DatabaseUtils(  374): 	at com.android.providers.settings.SettingsProvider.insertForUser(SettingsProvider.java:897)
05-21 17:06:08.596 E/DatabaseUtils(  374): 	at com.android.providers.settings.SettingsProvider.callFromPackage(SettingsProvider.java:634)
05-21 17:06:08.596 E/DatabaseUtils(  374): 	at android.content.ContentProvider$Transport.call(ContentProvider.java:279)
05-21 17:06:08.596 E/DatabaseUtils(  374): 	at android.content.ContentProviderNative.onTransact(ContentProviderNative.java:273)
05-21 17:06:08.596 E/DatabaseUtils(  374): 	at android.os.Binder.execTransact(Binder.java:388)
05-21 17:06:08.596 E/DatabaseUtils(  374): 	at dalvik.system.NativeStart.run(Native Method)
05-21 17:06:08.596 D/com.pekall.restrictions.policy(31053): [null:-1]->allowUseNetworkDate error
05-21 17:06:08.596 D/com.pekall.restrictions.policy(31053): java.lang.SecurityException: Permission denial: writing to secure settings requires android.permission.WRITE_SECURE_SETTINGS
05-21 17:06:08.596 D/com.pekall.restrictions.policy(31053): 	at android.os.Parcel.readException(Parcel.java:1431)
05-21 17:06:08.596 D/com.pekall.restrictions.policy(31053): 	at android.database.DatabaseUtils.readExceptionFromParcel(DatabaseUtils.java:185)
05-21 17:06:08.596 D/com.pekall.restrictions.policy(31053): 	at android.database.DatabaseUtils.readExceptionFromParcel(DatabaseUtils.java:137)
05-21 17:06:08.596 D/com.pekall.restrictions.policy(31053): 	at android.content.ContentProviderProxy.call(ContentProviderNative.java:602)
05-21 17:06:08.596 D/com.pekall.restrictions.policy(31053): 	at android.provider.Settings$NameValueCache.putStringForUser(Settings.java:818)
05-21 17:06:08.596 D/com.pekall.restrictions.policy(31053): 	at android.provider.Settings$Global.putStringForUser(Settings.java:5529)
05-21 17:06:08.596 D/com.pekall.restrictions.policy(31053): 	at android.provider.Settings$Global.putString(Settings.java:5519)
05-21 17:06:08.596 D/com.pekall.restrictions.policy(31053): 	at android.provider.Settings$Global.putInt(Settings.java:5607)
05-21 17:06:08.596 D/com.pekall.restrictions.policy(31053): 	at com.pekall.emdm.b.c.b.j.c(Unknown Source)
05-21 17:06:08.596 D/com.pekall.restrictions.policy(31053): 	at com.pekall.emdm.b.c.b.j.h(Unknown Source)
05-21 17:06:08.596 D/com.pekall.restrictions.policy(31053): 	at com.pekall.emdm.b.c.e.run(Unknown Source)
05-21 17:06:08.603 D/com.pekall.restrictions.policy(31053): [null:-1]->allowNFC : null
05-21 17:06:08.603 D/NetworkThread(31053): [null:-1]->sendHttpPost:PostRequest, url: http://192.168.10.21/rest/mdm/v1/ios/android_server, Params: [content:<?xml version="1.0" encoding="UTF-8"?>
05-21 17:06:08.603 D/NetworkThread(31053): <!DOCTYPE plist PUBLIC "-//Apple//DTD PLIST 1.0//EN" "http://www.apple.com/DTDs/PropertyList-1.0.dtd">
05-21 17:06:08.603 D/NetworkThread(31053): <plist version="1.0">
05-21 17:06:08.603 D/NetworkThread(31053): <dict>
05-21 17:06:08.603 D/NetworkThread(31053): 	<key>Status</key>
05-21 17:06:08.603 D/NetworkThread(31053): 	<string>Idle</string>
05-21 17:06:08.603 D/NetworkThread(31053): 	<key>UDID</key>
05-21 17:06:08.603 D/NetworkThread(31053): 	<string>00013fbc8ecec5b9000001461df0ec23</string>
05-21 17:06:08.603 D/NetworkThread(31053): </dict>
05-21 17:06:08.603 D/NetworkThread(31053): </plist>], 
05-21 17:06:08.603 D/HttpClient(31053): enable apache.http debug
05-21 17:06:08.611 D/InnerClass(31053): [null:-1]->enableNfc : 
05-21 17:06:08.611 D/InnerClass(31053): java.lang.reflect.InvocationTargetException
05-21 17:06:08.611 D/InnerClass(31053): 	at java.lang.reflect.Method.invokeNative(Native Method)
05-21 17:06:08.611 D/InnerClass(31053): 	at java.lang.reflect.Method.invoke(Method.java:525)
05-21 17:06:08.611 D/InnerClass(31053): 	at com.pekall.emdm.c.i.a(Unknown Source)
05-21 17:06:08.611 D/InnerClass(31053): 	at com.pekall.emdm.c.c.a(Unknown Source)
05-21 17:06:08.611 D/InnerClass(31053): 	at com.pekall.emdm.b.c.b.j.b(Unknown Source)
05-21 17:06:08.611 D/InnerClass(31053): 	at com.pekall.emdm.b.c.b.j.h(Unknown Source)
05-21 17:06:08.611 D/InnerClass(31053): 	at com.pekall.emdm.b.c.e.run(Unknown Source)
05-21 17:06:08.611 D/InnerClass(31053): Caused by: java.lang.SecurityException: WRITE_SECURE_SETTINGS permission required: Neither user 10066 nor current process has android.permission.WRITE_SECURE_SETTINGS.
05-21 17:06:08.611 D/InnerClass(31053): 	at android.os.Parcel.readException(Parcel.java:1431)
05-21 17:06:08.611 D/InnerClass(31053): 	at android.os.Parcel.readException(Parcel.java:1385)
05-21 17:06:08.611 D/InnerClass(31053): 	at android.nfc.INfcAdapter$Stub$Proxy.disable(INfcAdapter.java:252)
05-21 17:06:08.611 D/InnerClass(31053): 	at android.nfc.NfcAdapter.disable(NfcAdapter.java:574)
05-21 17:06:08.611 D/InnerClass(31053): 	... 7 more
05-21 17:06:08.611 V/DEBUG   (31053): HTTP 0
05-21 17:06:18.533 D/MDM :   (31053): [null:-1]->statusCode : 200
05-21 17:06:18.533 D/MDM :   (31053): [null:-1]->statusCode : 200
05-21 17:06:18.533 V/DEBUG   (31053): HTTP 1
05-21 17:06:18.533 D/MDM :   (31053): [null:-1]->Get joson string: 
05-21 17:06:18.533 D/NetworkThread(31053): [null:-1]->clear mCurrentTransInfo
05-21 17:06:18.533 D/NetworkThread(31053): [null:-1]->queue is empty, thread wait...
05-21 17:06:18.635 D/MdmService(31053): [null:-1]->handleCheckInResult
05-21 17:06:18.635 D/MdmService(31053): [null:-1]->handleCheckInResult result keyIndex: 3
05-21 17:06:18.635 D/HandleCommandTask(31053): [null:-1]->execute command msg but beanBase is null
05-21 17:06:18.635 D/MdmStatusManager(31053): [null:-1]->change status to : Idle
05-21 17:06:57.392 I/Email   (32076): ReconcilePopImapAccountsSync: start
05-21 17:06:57.408 I/Email   (32076): ReconcilePopImapAccountsSync: done
05-21 17:06:57.541 D/dalvikvm(  374): GC_EXPLICIT freed 938K, 23% free 23125K/29760K, paused 4ms+12ms, total 129ms
05-21 17:06:57.549 W/Email   (32076): Received BYE
05-21 17:06:57.963 D/dalvikvm(32076): GC_CONCURRENT freed 400K, 5% free 9395K/9836K, paused 3ms+3ms, total 25ms
05-21 17:06:58.017 D/Email   (32076): *** synchronizeMailboxGeneric ***
05-21 17:06:59.252 I/ActivityManager(  374): No longer want com.google.android.apps.maps:GoogleLocationService (pid 30898): empty for 1800s
05-21 17:06:59.260 W/ActivityManager(  374): Scheduling restart of crashed service com.google.android.apps.maps/com.google.android.location.internal.server.GoogleLocationService in 5000ms
05-21 17:06:59.994 I/ActivityManager(  374): No longer want com.google.android.apps.maps:FriendService (pid 30921): empty for 1800s
05-21 17:07:00.049 I/ActivityManager(  374): No longer want com.google.android.apps.maps:LocationFriendService (pid 30933): empty for 1800s
05-21 17:07:02.939 W/MountService(  374): getVolumeState(/storage/emulated/0/external_sd): Unknown volume
05-21 17:07:02.947 W/MountService(  374): getVolumeState(/mnt/sdcard-ext): Unknown volume
05-21 17:07:02.947 W/MountService(  374): getVolumeState(/mnt/ext_sdcard): Unknown volume
05-21 17:07:02.947 W/MountService(  374): getVolumeState(/mnt/sdcard2): Unknown volume
05-21 17:07:02.955 W/MountService(  374): getVolumeState(/mnt/emmc): Unknown volume
05-21 17:07:02.955 W/MountService(  374): getVolumeState(/mnt/extSdCard): Unknown volume
05-21 17:07:02.955 W/MountService(  374): getVolumeState(/mnt/sdcard/SD_CARD): Unknown volume
05-21 17:07:02.955 W/MountService(  374): getVolumeState(/mnt/sdcard/extra_sd): Unknown volume
05-21 17:07:02.955 W/MountService(  374): getVolumeState(/mnt/extrasd_bind): Unknown volume
05-21 17:07:02.955 W/MountService(  374): getVolumeState(/mnt/sdcard/ext_sd): Unknown volume
05-21 17:07:02.955 W/MountService(  374): getVolumeState(/storage/extSdCard): Unknown volume
05-21 17:07:02.955 W/MountService(  374): getVolumeState(/storage/sdcard1): Unknown volume
05-21 17:07:02.955 W/MountService(  374): getVolumeState(/mnt/sdcard/external_SD): Unknown volume
