05-21 17:07:02.955 W/MountService(  374): getVolumeState(/mnt/sdcard/external_sd): Unknown volume
05-21 17:07:03.056 D/dalvikvm( 1468): GC_CONCURRENT freed 426K, 21% free 9845K/12308K, paused 21ms+6ms, total 64ms
05-21 17:07:03.283 W/MountService(  374): getVolumeState(/storage/emulated/0/external_sd): Unknown volume
05-21 17:07:03.283 W/MountService(  374): getVolumeState(/mnt/sdcard-ext): Unknown volume
05-21 17:07:03.283 W/MountService(  374): getVolumeState(/mnt/ext_sdcard): Unknown volume
05-21 17:07:03.283 W/MountService(  374): getVolumeState(/mnt/sdcard2): Unknown volume
05-21 17:07:03.283 W/MountService(  374): getVolumeState(/mnt/emmc): Unknown volume
05-21 17:07:03.283 W/MountService(  374): getVolumeState(/mnt/extSdCard): Unknown volume
05-21 17:07:03.283 W/MountService(  374): getVolumeState(/mnt/sdcard/SD_CARD): Unknown volume
05-21 17:07:03.291 W/MountService(  374): getVolumeState(/mnt/sdcard/extra_sd): Unknown volume
05-21 17:07:03.291 W/MountService(  374): getVolumeState(/mnt/extrasd_bind): Unknown volume
05-21 17:07:03.291 W/MountService(  374): getVolumeState(/mnt/sdcard/ext_sd): Unknown volume
05-21 17:07:03.291 W/MountService(  374): getVolumeState(/storage/extSdCard): Unknown volume
05-21 17:07:03.291 W/MountService(  374): getVolumeState(/storage/sdcard1): Unknown volume
05-21 17:07:03.291 W/MountService(  374): getVolumeState(/mnt/sdcard/external_SD): Unknown volume
05-21 17:07:03.299 W/MountService(  374): getVolumeState(/mnt/sdcard/external_sd): Unknown volume
05-21 17:07:03.314 D/dalvikvm( 1468): GC_CONCURRENT freed 491K, 20% free 9865K/12308K, paused 10ms+7ms, total 47ms
05-21 17:07:03.314 D/dalvikvm( 1468): WAIT_FOR_CONCURRENT_GC blocked 20ms
05-21 17:07:03.322 D/dalvikvm( 1468): WAIT_FOR_CONCURRENT_GC blocked 25ms
05-21 17:07:04.267 I/ActivityManager(  374): Start proc com.google.android.apps.maps:GoogleLocationService for service com.google.android.apps.maps/com.google.android.location.internal.server.GoogleLocationService: pid=32350 uid=10038 gids={50038, 3003, 1015, 1028}
05-21 17:07:04.564 W/Parcel  ( 1661): Attempt to read object from Parcel 0x6013bdac at offset 200 that is not in the object list
05-21 17:07:04.767 D/dalvikvm(32350): GC_CONCURRENT freed 250K, 4% free 9172K/9464K, paused 5ms+13ms, total 74ms
05-21 17:07:04.767 D/dalvikvm(32350): WAIT_FOR_CONCURRENT_GC blocked 3ms
05-21 17:07:04.806 D/dalvikvm(32350): GC_FOR_ALLOC freed 84K, 4% free 9319K/9644K, paused 20ms, total 20ms
05-21 17:07:04.830 D/dalvikvm(32350): GC_FOR_ALLOC freed 64K, 5% free 9351K/9744K, paused 18ms, total 18ms
05-21 17:07:04.830 I/dalvikvm-heap(32350): Grow heap (frag case) to 9.346MB for 186718-byte allocation
05-21 17:07:04.846 D/dalvikvm(32350): GC_FOR_ALLOC freed <1K, 4% free 9534K/9928K, paused 19ms, total 19ms
05-21 17:07:05.033 D/dalvikvm(32350): GC_CONCURRENT freed 502K, 6% free 9541K/10084K, paused 2ms+11ms, total 47ms
05-21 17:07:05.033 D/dalvikvm(32350): WAIT_FOR_CONCURRENT_GC blocked 18ms
05-21 17:07:05.205 D/dalvikvm(32350): GC_CONCURRENT freed 667K, 8% free 9381K/10092K, paused 2ms+20ms, total 54ms
05-21 17:07:05.205 D/dalvikvm(32350): WAIT_FOR_CONCURRENT_GC blocked 9ms
05-21 17:07:05.275 W/Parcel  ( 1661): Attempt to read object from Parcel 0x5ef3bdac at offset 200 that is not in the object list
05-21 17:07:05.283 I/ActivityManager(  374): Start proc com.google.android.apps.maps:FriendService for broadcast com.google.android.apps.maps/com.google.googlenav.friend.android.ServiceReceiver: pid=32371 uid=10038 gids={50038, 3003, 1015, 1028}
05-21 17:07:05.353 W/Settings(32350): Setting airplane_mode_on has moved from android.provider.Settings.System to android.provider.Settings.Global, returning read-only value.
05-21 17:07:05.361 W/Parcel  ( 1661): Attempt to read object from Parcel 0x6003bdac at offset 200 that is not in the object list
05-21 17:07:05.416 I/ActivityManager(  374): Start proc com.google.android.apps.maps:LocationFriendService for broadcast com.google.android.apps.maps/com.google.googlenav.friend.reporting.LocationReportingIntentReceiver: pid=32384 uid=10038 gids={50038, 3003, 1015, 1028}
05-21 17:07:05.596 D/dalvikvm(32384): GC_CONCURRENT freed 256K, 4% free 9085K/9380K, paused 3ms+2ms, total 36ms
05-21 17:07:05.689 D/dalvikvm(32350): GC_CONCURRENT freed 303K, 7% free 9485K/10092K, paused 3ms+4ms, total 34ms
05-21 17:07:07.728 D/dalvikvm(29823): GC_CONCURRENT freed 384K, 7% free 9713K/10344K, paused 3ms+3ms, total 26ms
05-21 17:07:08.111 W/ActivityThread(32350): ClassLoader.loadClass: The class loader returned by Thread.getContextClassLoader() may fail for processes that host multiple applications. You should explicitly specify a context class loader. For example: Thread.setContextClassLoader(getClass().getClassLoader());
05-21 17:07:08.181 D/dalvikvm(32350): GC_CONCURRENT freed 314K, 5% free 9677K/10092K, paused 13ms+17ms, total 77ms
05-21 17:07:09.377 D/dalvikvm(32350): GC_CONCURRENT freed 405K, 5% free 9784K/10228K, paused 7ms+3ms, total 58ms
05-21 17:07:09.377 D/dalvikvm(32350): WAIT_FOR_CONCURRENT_GC blocked 32ms
05-21 17:07:09.908 D/dalvikvm(32350): GC_CONCURRENT freed 593K, 7% free 9666K/10304K, paused 4ms+2ms, total 51ms
05-21 17:07:18.142 D/dalvikvm(32350): GC_CONCURRENT freed 377K, 5% free 9801K/10304K, paused 3ms+3ms, total 38ms
05-21 17:07:18.142 D/dalvikvm(32350): WAIT_FOR_CONCURRENT_GC blocked 17ms
05-21 17:07:26.861 D/dalvikvm(32350): GC_CONCURRENT freed 521K, 6% free 9791K/10352K, paused 3ms+3ms, total 27ms
05-21 17:07:26.861 D/dalvikvm(32350): WAIT_FOR_CONCURRENT_GC blocked 18ms
05-21 17:07:43.135 D/dalvikvm( 1661): GC_EXPLICIT freed 207K, 18% free 13032K/15888K, paused 3ms+5ms, total 61ms
05-21 17:07:48.205 D/dalvikvm( 1661): GC_EXPLICIT freed 2K, 18% free 13029K/15888K, paused 3ms+5ms, total 60ms
05-21 17:07:58.213 D/dalvikvm( 1661): GC_EXPLICIT freed <1K, 18% free 13029K/15888K, paused 3ms+4ms, total 61ms
05-21 17:08:02.119 W/Parcel  ( 1661): Attempt to read object from Parcel 0x5ded3dac at offset 200 that is not in the object list
05-21 17:08:02.189 D/dalvikvm( 1468): GC_CONCURRENT freed 439K, 21% free 9827K/12308K, paused 7ms+6ms, total 37ms
05-21 17:08:02.971 W/MountService(  374): getVolumeState(/storage/emulated/0/external_sd): Unknown volume
05-21 17:08:02.971 W/MountService(  374): getVolumeState(/mnt/sdcard-ext): Unknown volume
05-21 17:08:02.971 W/MountService(  374): getVolumeState(/mnt/ext_sdcard): Unknown volume
05-21 17:08:02.978 W/MountService(  374): getVolumeState(/mnt/sdcard2): Unknown volume
05-21 17:08:02.978 W/MountService(  374): getVolumeState(/mnt/emmc): Unknown volume
05-21 17:08:02.978 W/MountService(  374): getVolumeState(/mnt/extSdCard): Unknown volume
05-21 17:08:02.978 W/MountService(  374): getVolumeState(/mnt/sdcard/SD_CARD): Unknown volume
05-21 17:08:02.978 W/MountService(  374): getVolumeState(/mnt/sdcard/extra_sd): Unknown volume
05-21 17:08:02.986 W/MountService(  374): getVolumeState(/mnt/extrasd_bind): Unknown volume
05-21 17:08:02.986 W/MountService(  374): getVolumeState(/mnt/sdcard/ext_sd): Unknown volume
05-21 17:08:02.986 W/MountService(  374): getVolumeState(/storage/extSdCard): Unknown volume
05-21 17:08:02.986 W/MountService(  374): getVolumeState(/storage/sdcard1): Unknown volume
05-21 17:08:02.986 W/MountService(  374): getVolumeState(/mnt/sdcard/external_SD): Unknown volume
05-21 17:08:02.986 W/MountService(  374): getVolumeState(/mnt/sdcard/external_sd): Unknown volume
05-21 17:08:03.135 D/dalvikvm( 1468): GC_CONCURRENT freed 304K, 20% free 9956K/12308K, paused 15ms+7ms, total 48ms
05-21 17:08:03.252 D/dalvikvm(  374): GC_EXPLICIT freed 474K, 23% free 23121K/29760K, paused 5ms+11ms, total 120ms
05-21 17:08:03.392 D/dalvikvm(30840): GC_EXPLICIT freed 245K, 4% free 9191K/9480K, paused 2ms+5ms, total 30ms
05-21 17:08:03.471 W/MountService(  374): getVolumeState(/storage/emulated/0/external_sd): Unknown volume
05-21 17:08:03.478 W/MountService(  374): getVolumeState(/mnt/sdcard-ext): Unknown volume
05-21 17:08:03.478 W/MountService(  374): getVolumeState(/mnt/ext_sdcard): Unknown volume
05-21 17:08:03.478 W/MountService(  374): getVolumeState(/mnt/sdcard2): Unknown volume
05-21 17:08:03.478 W/MountService(  374): getVolumeState(/mnt/emmc): Unknown volume
05-21 17:08:03.478 W/MountService(  374): getVolumeState(/mnt/extSdCard): Unknown volume
05-21 17:08:03.478 W/MountService(  374): getVolumeState(/mnt/sdcard/SD_CARD): Unknown volume
05-21 17:08:03.478 W/MountService(  374): getVolumeState(/mnt/sdcard/extra_sd): Unknown volume
05-21 17:08:03.478 W/MountService(  374): getVolumeState(/mnt/extrasd_bind): Unknown volume
05-21 17:08:03.478 W/MountService(  374): getVolumeState(/mnt/sdcard/ext_sd): Unknown volume
05-21 17:08:03.478 W/MountService(  374): getVolumeState(/storage/extSdCard): Unknown volume
05-21 17:08:03.478 W/MountService(  374): getVolumeState(/storage/sdcard1): Unknown volume
05-21 17:08:03.478 W/MountService(  374): getVolumeState(/mnt/sdcard/external_SD): Unknown volume
05-21 17:08:03.478 W/MountService(  374): getVolumeState(/mnt/sdcard/external_sd): Unknown volume
05-21 17:08:03.533 D/dalvikvm( 1468): GC_CONCURRENT freed 623K, 21% free 9844K/12308K, paused 7ms+6ms, total 47ms
05-21 17:08:03.533 D/dalvikvm( 1468): WAIT_FOR_CONCURRENT_GC blocked 19ms
05-21 17:08:06.221 D/dalvikvm(32310): Trying to load lib /data/app-lib/com.dragon.android.pandaspace-1/libBdMoplusMD5_V1.so 0x422818d0
05-21 17:08:06.228 D/dalvikvm(32310): GC_CONCURRENT freed 336K, 4% free 9879K/10260K, paused 2ms+6ms, total 42ms
05-21 17:08:06.236 D/dalvikvm(32310): Added shared lib /data/app-lib/com.dragon.android.pandaspace-1/libBdMoplusMD5_V1.so 0x422818d0
05-21 17:08:06.244 D/dalvikvm(32310): No JNI_OnLoad found in /data/app-lib/com.dragon.android.pandaspace-1/libBdMoplusMD5_V1.so 0x422818d0, skipping init
05-21 17:08:06.525 D/dalvikvm(32310): GC_FOR_ALLOC freed 268K, 6% free 9776K/10396K, paused 22ms, total 23ms
05-21 17:08:07.275 D/dalvikvm(32310): GC_FOR_ALLOC freed 238K, 6% free 9776K/10396K, paused 21ms, total 22ms
05-21 17:08:07.642 D/dalvikvm(32310): GC_FOR_ALLOC freed 237K, 6% free 9777K/10396K, paused 21ms, total 22ms
05-21 17:08:07.767 D/dalvikvm(32310): GC_FOR_ALLOC freed 228K, 6% free 9778K/10396K, paused 21ms, total 22ms
05-21 17:08:08.221 D/dalvikvm(32310): GC_FOR_ALLOC freed 227K, 6% free 9778K/10396K, paused 22ms, total 22ms
05-21 17:08:08.728 D/dalvikvm(32310): GC_FOR_ALLOC freed 232K, 6% free 9779K/10396K, paused 22ms, total 23ms
05-21 17:08:09.463 D/dalvikvm(32310): GC_FOR_ALLOC freed 234K, 6% free 9779K/10396K, paused 21ms, total 22ms
05-21 17:08:09.861 W/dalvikvm(32310): VFY: unable to find class referenced in signature (Lcom/baidu/location/LocationClient;)
05-21 17:08:09.861 W/dalvikvm(32310): VFY: unable to find class referenced in signature (Lcom/baidu/location/LocationClient;)
05-21 17:08:09.861 I/dalvikvm(32310): Could not find method com.baidu.location.LocationClient.isStarted, referenced from method com.baidu.android.nebula.util.a.run
05-21 17:08:09.861 W/dalvikvm(32310): VFY: unable to resolve virtual method 7860: Lcom/baidu/location/LocationClient;.isStarted ()Z
05-21 17:08:09.861 D/dalvikvm(32310): VFY: replacing opcode 0x6e at 0x000f
05-21 17:09:02.971 W/MountService(  374): getVolumeState(/storage/emulated/0/external_sd): Unknown volume
05-21 17:09:02.971 W/MountService(  374): getVolumeState(/mnt/sdcard-ext): Unknown volume
05-21 17:09:02.971 W/MountService(  374): getVolumeState(/mnt/ext_sdcard): Unknown volume
05-21 17:09:02.978 W/MountService(  374): getVolumeState(/mnt/sdcard2): Unknown volume
05-21 17:09:02.978 W/MountService(  374): getVolumeState(/mnt/emmc): Unknown volume
05-21 17:09:02.978 W/MountService(  374): getVolumeState(/mnt/extSdCard): Unknown volume
05-21 17:09:02.978 W/MountService(  374): getVolumeState(/mnt/sdcard/SD_CARD): Unknown volume
05-21 17:09:02.978 W/MountService(  374): getVolumeState(/mnt/sdcard/extra_sd): Unknown volume
05-21 17:09:02.978 W/MountService(  374): getVolumeState(/mnt/extrasd_bind): Unknown volume
05-21 17:09:02.978 W/MountService(  374): getVolumeState(/mnt/sdcard/ext_sd): Unknown volume
05-21 17:09:02.978 W/MountService(  374): getVolumeState(/storage/extSdCard): Unknown volume
05-21 17:09:02.986 W/MountService(  374): getVolumeState(/storage/sdcard1): Unknown volume
05-21 17:09:02.986 W/MountService(  374): getVolumeState(/mnt/sdcard/external_SD): Unknown volume
05-21 17:09:02.986 W/MountService(  374): getVolumeState(/mnt/sdcard/external_sd): Unknown volume
05-21 17:09:03.072 D/dalvikvm( 1468): GC_CONCURRENT freed 433K, 21% free 9840K/12308K, paused 11ms+7ms, total 52ms
05-21 17:09:03.299 W/MountService(  374): getVolumeState(/storage/emulated/0/external_sd): Unknown volume
05-21 17:09:03.299 W/MountService(  374): getVolumeState(/mnt/sdcard-ext): Unknown volume
05-21 17:09:03.299 W/MountService(  374): getVolumeState(/mnt/ext_sdcard): Unknown volume
05-21 17:09:03.299 W/MountService(  374): getVolumeState(/mnt/sdcard2): Unknown volume
05-21 17:09:03.299 W/MountService(  374): getVolumeState(/mnt/emmc): Unknown volume
05-21 17:09:03.299 W/MountService(  374): getVolumeState(/mnt/extSdCard): Unknown volume
05-21 17:09:03.299 W/MountService(  374): getVolumeState(/mnt/sdcard/SD_CARD): Unknown volume
05-21 17:09:03.299 W/MountService(  374): getVolumeState(/mnt/sdcard/extra_sd): Unknown volume
05-21 17:09:03.306 W/MountService(  374): getVolumeState(/mnt/extrasd_bind): Unknown volume
05-21 17:09:03.306 W/MountService(  374): getVolumeState(/mnt/sdcard/ext_sd): Unknown volume
05-21 17:09:03.306 W/MountService(  374): getVolumeState(/storage/extSdCard): Unknown volume
05-21 17:09:03.306 W/MountService(  374): getVolumeState(/storage/sdcard1): Unknown volume
05-21 17:09:03.306 W/MountService(  374): getVolumeState(/mnt/sdcard/external_SD): Unknown volume
05-21 17:09:03.306 W/MountService(  374): getVolumeState(/mnt/sdcard/external_sd): Unknown volume
05-21 17:09:03.338 D/dalvikvm( 1468): GC_CONCURRENT freed 467K, 20% free 9877K/12308K, paused 6ms+7ms, total 49ms
05-21 17:09:03.338 D/dalvikvm( 1468): WAIT_FOR_CONCURRENT_GC blocked 25ms
05-21 17:09:03.338 D/dalvikvm( 1468): WAIT_FOR_CONCURRENT_GC blocked 19ms
05-21 17:09:43.189 D/dalvikvm( 1661): GC_EXPLICIT freed 238K, 18% free 13033K/15888K, paused 3ms+5ms, total 62ms
05-21 17:09:48.260 D/dalvikvm( 1661): GC_EXPLICIT freed 4K, 18% free 13029K/15888K, paused 3ms+5ms, total 61ms
05-21 17:09:58.260 D/dalvikvm( 1661): GC_EXPLICIT freed <1K, 18% free 13029K/15888K, paused 3ms+5ms, total 60ms
05-21 17:10:02.150 W/Parcel  ( 1661): Attempt to read object from Parcel 0x6003bdac at offset 200 that is not in the object list
05-21 17:10:02.213 D/dalvikvm( 1468): GC_CONCURRENT freed 459K, 21% free 9822K/12308K, paused 7ms+6ms, total 36ms
05-21 17:10:03.002 W/MountService(  374): getVolumeState(/storage/emulated/0/external_sd): Unknown volume
05-21 17:10:03.002 W/MountService(  374): getVolumeState(/mnt/sdcard-ext): Unknown volume
05-21 17:10:03.002 W/MountService(  374): getVolumeState(/mnt/ext_sdcard): Unknown volume
05-21 17:10:03.002 W/MountService(  374): getVolumeState(/mnt/sdcard2): Unknown volume
05-21 17:10:03.002 W/MountService(  374): getVolumeState(/mnt/emmc): Unknown volume
05-21 17:10:03.002 W/MountService(  374): getVolumeState(/mnt/extSdCard): Unknown volume
05-21 17:10:03.010 W/MountService(  374): getVolumeState(/mnt/sdcard/SD_CARD): Unknown volume
05-21 17:10:03.010 W/MountService(  374): getVolumeState(/mnt/sdcard/extra_sd): Unknown volume
05-21 17:10:03.010 W/MountService(  374): getVolumeState(/mnt/extrasd_bind): Unknown volume
05-21 17:10:03.017 W/MountService(  374): getVolumeState(/mnt/sdcard/ext_sd): Unknown volume
05-21 17:10:03.017 W/MountService(  374): getVolumeState(/storage/extSdCard): Unknown volume
05-21 17:10:03.017 W/MountService(  374): getVolumeState(/storage/sdcard1): Unknown volume
05-21 17:10:03.017 W/MountService(  374): getVolumeState(/mnt/sdcard/external_SD): Unknown volume
05-21 17:10:03.017 W/MountService(  374): getVolumeState(/mnt/sdcard/external_sd): Unknown volume
05-21 17:10:03.166 D/dalvikvm( 1468): GC_CONCURRENT freed 304K, 20% free 9951K/12308K, paused 8ms+6ms, total 47ms
05-21 17:10:03.322 W/MountService(  374): getVolumeState(/storage/emulated/0/external_sd): Unknown volume
05-21 17:10:03.322 W/MountService(  374): getVolumeState(/mnt/sdcard-ext): Unknown volume
05-21 17:10:03.322 W/MountService(  374): getVolumeState(/mnt/ext_sdcard): Unknown volume
05-21 17:10:03.322 W/MountService(  374): getVolumeState(/mnt/sdcard2): Unknown volume
05-21 17:10:03.322 W/MountService(  374): getVolumeState(/mnt/emmc): Unknown volume
05-21 17:10:03.330 W/MountService(  374): getVolumeState(/mnt/extSdCard): Unknown volume
05-21 17:10:03.330 W/MountService(  374): getVolumeState(/mnt/sdcard/SD_CARD): Unknown volume
05-21 17:10:03.330 W/MountService(  374): getVolumeState(/mnt/sdcard/extra_sd): Unknown volume
05-21 17:10:03.330 W/MountService(  374): getVolumeState(/mnt/extrasd_bind): Unknown volume
05-21 17:10:03.330 W/MountService(  374): getVolumeState(/mnt/sdcard/ext_sd): Unknown volume
05-21 17:10:03.330 W/MountService(  374): getVolumeState(/storage/extSdCard): Unknown volume
05-21 17:10:03.330 W/MountService(  374): getVolumeState(/storage/sdcard1): Unknown volume
05-21 17:10:03.330 W/MountService(  374): getVolumeState(/mnt/sdcard/external_SD): Unknown volume
05-21 17:10:03.330 W/MountService(  374): getVolumeState(/mnt/sdcard/external_sd): Unknown volume
05-21 17:10:03.392 D/dalvikvm( 1468): GC_CONCURRENT freed 624K, 21% free 9839K/12308K, paused 7ms+6ms, total 53ms
05-21 17:10:03.392 D/dalvikvm( 1468): WAIT_FOR_CONCURRENT_GC blocked 12ms
05-21 17:10:50.431 D/dalvikvm(29569): GC_CONCURRENT freed 387K, 5% free 9530K/9976K, paused 3ms+2ms, total 26ms
05-21 17:10:59.994 I/ActivityManager(  374): No longer want com.qihoo360.mobilesafe:remote (pid 31093): empty for 1823s
05-21 17:10:59.994 I/ActivityManager(  374): No longer want com.android.defcontainer (pid 31021): empty for 1834s
05-21 17:11:03.056 W/MountService(  374): getVolumeState(/storage/emulated/0/external_sd): Unknown volume
05-21 17:11:03.064 W/MountService(  374): getVolumeState(/mnt/sdcard-ext): Unknown volume
05-21 17:11:03.064 W/MountService(  374): getVolumeState(/mnt/ext_sdcard): Unknown volume
05-21 17:11:03.064 W/MountService(  374): getVolumeState(/mnt/sdcard2): Unknown volume
05-21 17:11:03.064 W/MountService(  374): getVolumeState(/mnt/emmc): Unknown volume
05-21 17:11:03.064 W/MountService(  374): getVolumeState(/mnt/extSdCard): Unknown volume
05-21 17:11:03.064 W/MountService(  374): getVolumeState(/mnt/sdcard/SD_CARD): Unknown volume
05-21 17:11:03.072 W/MountService(  374): getVolumeState(/mnt/sdcard/extra_sd): Unknown volume
05-21 17:11:03.072 W/MountService(  374): getVolumeState(/mnt/extrasd_bind): Unknown volume
05-21 17:11:03.072 W/MountService(  374): getVolumeState(/mnt/sdcard/ext_sd): Unknown volume
05-21 17:11:03.072 W/MountService(  374): getVolumeState(/storage/extSdCard): Unknown volume
05-21 17:11:03.072 W/MountService(  374): getVolumeState(/storage/sdcard1): Unknown volume
05-21 17:11:03.072 W/MountService(  374): getVolumeState(/mnt/sdcard/external_SD): Unknown volume
05-21 17:11:03.072 W/MountService(  374): getVolumeState(/mnt/sdcard/external_sd): Unknown volume
05-21 17:11:03.158 D/dalvikvm( 1468): GC_CONCURRENT freed 450K, 21% free 9818K/12308K, paused 7ms+6ms, total 44ms
05-21 17:11:03.392 W/MountService(  374): getVolumeState(/storage/emulated/0/external_sd): Unknown volume
05-21 17:11:03.392 W/MountService(  374): getVolumeState(/mnt/sdcard-ext): Unknown volume
05-21 17:11:03.392 W/MountService(  374): getVolumeState(/mnt/ext_sdcard): Unknown volume
05-21 17:11:03.392 W/MountService(  374): getVolumeState(/mnt/sdcard2): Unknown volume
05-21 17:11:03.400 W/MountService(  374): getVolumeState(/mnt/emmc): Unknown volume
05-21 17:11:03.400 W/MountService(  374): getVolumeState(/mnt/extSdCard): Unknown volume
05-21 17:11:03.400 W/MountService(  374): getVolumeState(/mnt/sdcard/SD_CARD): Unknown volume
05-21 17:11:03.400 W/MountService(  374): getVolumeState(/mnt/sdcard/extra_sd): Unknown volume
05-21 17:11:03.400 W/MountService(  374): getVolumeState(/mnt/extrasd_bind): Unknown volume
05-21 17:11:03.400 W/MountService(  374): getVolumeState(/mnt/sdcard/ext_sd): Unknown volume
05-21 17:11:03.400 W/MountService(  374): getVolumeState(/storage/extSdCard): Unknown volume
05-21 17:11:03.400 W/MountService(  374): getVolumeState(/storage/sdcard1): Unknown volume
05-21 17:11:03.400 W/MountService(  374): getVolumeState(/mnt/sdcard/external_SD): Unknown volume
05-21 17:11:03.400 W/MountService(  374): getVolumeState(/mnt/sdcard/external_sd): Unknown volume
05-21 17:11:03.431 D/dalvikvm( 1468): GC_CONCURRENT freed 449K, 20% free 9881K/12308K, paused 9ms+6ms, total 51ms
05-21 17:11:03.431 D/dalvikvm( 1468): WAIT_FOR_CONCURRENT_GC blocked 24ms
05-21 17:11:03.439 D/dalvikvm( 1468): WAIT_FOR_CONCURRENT_GC blocked 21ms
05-21 17:11:08.564 D/MdmService(31053): [null:-1]->receiver action :com.pekall.mdm.action.MDM_ALARM
05-21 17:11:08.564 D/MdmService(31053): [null:-1]->keepAliveWithPushServer client is opened:true
05-21 17:11:08.564 D/MDM :   (31053): [null:-1]->ping!!!!!!!!!
05-21 17:11:08.572 D/MdmService(31053): [null:-1]->pushUrl : ws://test.mdm.everknow.cn:9090/websocket
05-21 17:11:08.572 D/MDM :   (31053): [null:-1]->mMdmPushClient is :not null
05-21 17:11:08.572 D/MDM :   (31053): [null:-1]->mMdmPushClient opened : opened
05-21 17:11:08.689 D/MDM :   (31053): [null:-1]->MSG_WEBSOCKET_PONG
05-21 17:11:26.978 D/dalvikvm(32350): GC_CONCURRENT freed 455K, 5% free 9847K/10352K, paused 2ms+4ms, total 31ms
05-21 17:11:26.978 D/dalvikvm(32350): WAIT_FOR_CONCURRENT_GC blocked 18ms
05-21 17:11:26.994 D/dalvikvm(32350): WAIT_FOR_CONCURRENT_GC blocked 29ms
05-21 17:11:43.174 D/dalvikvm( 1661): GC_EXPLICIT freed 173K, 18% free 13030K/15888K, paused 2ms+5ms, total 60ms
05-21 17:11:48.244 D/dalvikvm( 1661): GC_EXPLICIT freed 1K, 18% free 13029K/15888K, paused 3ms+5ms, total 60ms
05-21 17:11:58.244 D/dalvikvm( 1661): GC_EXPLICIT freed <1K, 18% free 13029K/15888K, paused 3ms+5ms, total 60ms
05-21 17:12:02.244 W/Parcel  ( 1661): Attempt to read object from Parcel 0x5dfd3dac at offset 200 that is not in the object list
05-21 17:12:02.314 D/dalvikvm( 1468): GC_CONCURRENT freed 452K, 21% free 9825K/12308K, paused 7ms+5ms, total 38ms
05-21 17:12:03.103 W/MountService(  374): getVolumeState(/storage/emulated/0/external_sd): Unknown volume
05-21 17:12:03.111 W/MountService(  374): getVolumeState(/mnt/sdcard-ext): Unknown volume
05-21 17:12:03.111 W/MountService(  374): getVolumeState(/mnt/ext_sdcard): Unknown volume
05-21 17:12:03.111 W/MountService(  374): getVolumeState(/mnt/sdcard2): Unknown volume
05-21 17:12:03.111 W/MountService(  374): getVolumeState(/mnt/emmc): Unknown volume
05-21 17:12:03.111 W/MountService(  374): getVolumeState(/mnt/extSdCard): Unknown volume
05-21 17:12:03.111 W/MountService(  374): getVolumeState(/mnt/sdcard/SD_CARD): Unknown volume
05-21 17:12:03.111 W/MountService(  374): getVolumeState(/mnt/sdcard/extra_sd): Unknown volume
05-21 17:12:03.111 W/MountService(  374): getVolumeState(/mnt/extrasd_bind): Unknown volume
05-21 17:12:03.111 W/MountService(  374): getVolumeState(/mnt/sdcard/ext_sd): Unknown volume
05-21 17:12:03.111 W/MountService(  374): getVolumeState(/storage/extSdCard): Unknown volume
05-21 17:12:03.111 W/MountService(  374): getVolumeState(/storage/sdcard1): Unknown volume
05-21 17:12:03.111 W/MountService(  374): getVolumeState(/mnt/sdcard/external_SD): Unknown volume
05-21 17:12:03.111 W/MountService(  374): getVolumeState(/mnt/sdcard/external_sd): Unknown volume
05-21 17:12:03.260 D/dalvikvm( 1468): GC_CONCURRENT freed 304K, 20% free 9953K/12308K, paused 8ms+10ms, total 50ms
05-21 17:12:03.416 W/MountService(  374): getVolumeState(/storage/emulated/0/external_sd): Unknown volume
05-21 17:12:03.416 W/MountService(  374): getVolumeState(/mnt/sdcard-ext): Unknown volume
05-21 17:12:03.416 W/MountService(  374): getVolumeState(/mnt/ext_sdcard): Unknown volume
05-21 17:12:03.424 W/MountService(  374): getVolumeState(/mnt/sdcard2): Unknown volume
05-21 17:12:03.424 W/MountService(  374): getVolumeState(/mnt/emmc): Unknown volume
05-21 17:12:03.424 W/MountService(  374): getVolumeState(/mnt/extSdCard): Unknown volume
05-21 17:12:03.424 W/MountService(  374): getVolumeState(/mnt/sdcard/SD_CARD): Unknown volume
05-21 17:12:03.424 W/MountService(  374): getVolumeState(/mnt/sdcard/extra_sd): Unknown volume
05-21 17:12:03.424 W/MountService(  374): getVolumeState(/mnt/extrasd_bind): Unknown volume
05-21 17:12:03.424 W/MountService(  374): getVolumeState(/mnt/sdcard/ext_sd): Unknown volume
05-21 17:12:03.424 W/MountService(  374): getVolumeState(/storage/extSdCard): Unknown volume
05-21 17:12:03.431 W/MountService(  374): getVolumeState(/storage/sdcard1): Unknown volume
05-21 17:12:03.431 W/MountService(  374): getVolumeState(/mnt/sdcard/external_SD): Unknown volume
05-21 17:12:03.431 W/MountService(  374): getVolumeState(/mnt/sdcard/external_sd): Unknown volume
05-21 17:12:03.478 D/dalvikvm( 1468): GC_CONCURRENT freed 596K, 21% free 9841K/12308K, paused 5ms+7ms, total 35ms
05-21 17:13:03.119 W/MountService(  374): getVolumeState(/storage/emulated/0/external_sd): Unknown volume
05-21 17:13:03.119 W/MountService(  374): getVolumeState(/mnt/sdcard-ext): Unknown volume
05-21 17:13:03.119 W/MountService(  374): getVolumeState(/mnt/ext_sdcard): Unknown volume
05-21 17:13:03.119 W/MountService(  374): getVolumeState(/mnt/sdcard2): Unknown volume
05-21 17:13:03.119 W/MountService(  374): getVolumeState(/mnt/emmc): Unknown volume
05-21 17:13:03.119 W/MountService(  374): getVolumeState(/mnt/extSdCard): Unknown volume
05-21 17:13:03.119 W/MountService(  374): getVolumeState(/mnt/sdcard/SD_CARD): Unknown volume
05-21 17:13:03.119 W/MountService(  374): getVolumeState(/mnt/sdcard/extra_sd): Unknown volume
05-21 17:13:03.119 W/MountService(  374): getVolumeState(/mnt/extrasd_bind): Unknown volume
05-21 17:13:03.127 W/MountService(  374): getVolumeState(/mnt/sdcard/ext_sd): Unknown volume
05-21 17:13:03.127 W/MountService(  374): getVolumeState(/storage/extSdCard): Unknown volume
05-21 17:13:03.127 W/MountService(  374): getVolumeState(/storage/sdcard1): Unknown volume
05-21 17:13:03.127 W/MountService(  374): getVolumeState(/mnt/sdcard/external_SD): Unknown volume
05-21 17:13:03.127 W/MountService(  374): getVolumeState(/mnt/sdcard/external_sd): Unknown volume
05-21 17:13:03.221 D/dalvikvm( 1468): GC_CONCURRENT freed 425K, 20% free 9872K/12308K, paused 24ms+9ms, total 65ms
05-21 17:13:03.439 W/MountService(  374): getVolumeState(/storage/emulated/0/external_sd): Unknown volume
05-21 17:13:03.447 W/MountService(  374): getVolumeState(/mnt/sdcard-ext): Unknown volume
05-21 17:13:03.447 W/MountService(  374): getVolumeState(/mnt/ext_sdcard): Unknown volume
05-21 17:13:03.447 W/MountService(  374): getVolumeState(/mnt/sdcard2): Unknown volume
05-21 17:13:03.447 W/MountService(  374): getVolumeState(/mnt/emmc): Unknown volume
05-21 17:13:03.447 W/MountService(  374): getVolumeState(/mnt/extSdCard): Unknown volume
05-21 17:13:03.447 W/MountService(  374): getVolumeState(/mnt/sdcard/SD_CARD): Unknown volume
05-21 17:13:03.447 W/MountService(  374): getVolumeState(/mnt/sdcard/extra_sd): Unknown volume
05-21 17:13:03.447 W/MountService(  374): getVolumeState(/mnt/extrasd_bind): Unknown volume
05-21 17:13:03.447 W/MountService(  374): getVolumeState(/mnt/sdcard/ext_sd): Unknown volume
05-21 17:13:03.455 W/MountService(  374): getVolumeState(/storage/extSdCard): Unknown volume
05-21 17:13:03.455 W/MountService(  374): getVolumeState(/storage/sdcard1): Unknown volume
05-21 17:13:03.455 W/MountService(  374): getVolumeState(/mnt/sdcard/external_SD): Unknown volume
05-21 17:13:03.455 W/MountService(  374): getVolumeState(/mnt/sdcard/external_sd): Unknown volume
05-21 17:13:03.478 D/dalvikvm( 1468): GC_CONCURRENT freed 519K, 20% free 9865K/12308K, paused 5ms+7ms, total 49ms
05-21 17:13:03.478 D/dalvikvm( 1468): WAIT_FOR_CONCURRENT_GC blocked 23ms
05-21 17:13:03.478 D/dalvikvm( 1468): WAIT_FOR_CONCURRENT_GC blocked 23ms
05-21 17:13:40.908 W/Settings( 1661): Setting airplane_mode_on has moved from android.provider.Settings.System to android.provider.Settings.Global, returning read-only value.
05-21 17:13:43.252 D/dalvikvm( 1661): GC_EXPLICIT freed 592K, 18% free 13042K/15888K, paused 3ms+5ms, total 62ms
05-21 17:13:48.322 D/dalvikvm( 1661): GC_EXPLICIT freed 13K, 18% free 13029K/15888K, paused 3ms+4ms, total 61ms
05-21 17:13:58.322 D/dalvikvm( 1661): GC_EXPLICIT freed <1K, 18% free 13029K/15888K, paused 3ms+5ms, total 61ms
05-21 17:14:02.252 W/Parcel  ( 1661): Attempt to read object from Parcel 0x6003bdac at offset 200 that is not in the object list
05-21 17:14:02.314 D/dalvikvm( 1468): GC_CONCURRENT freed 440K, 21% free 9828K/12308K, paused 7ms+6ms, total 38ms
05-21 17:14:03.135 W/MountService(  374): getVolumeState(/storage/emulated/0/external_sd): Unknown volume
05-21 17:14:03.142 W/MountService(  374): getVolumeState(/mnt/sdcard-ext): Unknown volume
05-21 17:14:03.142 W/MountService(  374): getVolumeState(/mnt/ext_sdcard): Unknown volume
05-21 17:14:03.142 W/MountService(  374): getVolumeState(/mnt/sdcard2): Unknown volume
05-21 17:14:03.142 W/MountService(  374): getVolumeState(/mnt/emmc): Unknown volume
05-21 17:14:03.142 W/MountService(  374): getVolumeState(/mnt/extSdCard): Unknown volume
05-21 17:14:03.142 W/MountService(  374): getVolumeState(/mnt/sdcard/SD_CARD): Unknown volume
05-21 17:14:03.142 W/MountService(  374): getVolumeState(/mnt/sdcard/extra_sd): Unknown volume
05-21 17:14:03.142 W/MountService(  374): getVolumeState(/mnt/extrasd_bind): Unknown volume
05-21 17:14:03.142 W/MountService(  374): getVolumeState(/mnt/sdcard/ext_sd): Unknown volume
05-21 17:14:03.142 W/MountService(  374): getVolumeState(/storage/extSdCard): Unknown volume
05-21 17:14:03.142 W/MountService(  374): getVolumeState(/storage/sdcard1): Unknown volume
05-21 17:14:03.142 W/MountService(  374): getVolumeState(/mnt/sdcard/external_SD): Unknown volume
05-21 17:14:03.142 W/MountService(  374): getVolumeState(/mnt/sdcard/external_sd): Unknown volume
05-21 17:14:03.299 D/dalvikvm( 1468): GC_CONCURRENT freed 305K, 20% free 9960K/12308K, paused 8ms+8ms, total 50ms
05-21 17:14:03.486 D/dalvikvm(  374): GC_EXPLICIT freed 1068K, 23% free 23111K/29760K, paused 5ms+11ms, total 123ms
05-21 17:14:03.596 W/MountService(  374): getVolumeState(/storage/emulated/0/external_sd): Unknown volume
05-21 17:14:03.596 W/MountService(  374): getVolumeState(/mnt/sdcard-ext): Unknown volume
05-21 17:14:03.596 W/MountService(  374): getVolumeState(/mnt/ext_sdcard): Unknown volume
05-21 17:14:03.596 W/MountService(  374): getVolumeState(/mnt/sdcard2): Unknown volume
05-21 17:14:03.596 W/MountService(  374): getVolumeState(/mnt/emmc): Unknown volume
05-21 17:14:03.596 W/MountService(  374): getVolumeState(/mnt/extSdCard): Unknown volume
05-21 17:14:03.596 W/MountService(  374): getVolumeState(/mnt/sdcard/SD_CARD): Unknown volume
05-21 17:14:03.596 W/MountService(  374): getVolumeState(/mnt/sdcard/extra_sd): Unknown volume
05-21 17:14:03.596 W/MountService(  374): getVolumeState(/mnt/extrasd_bind): Unknown volume
05-21 17:14:03.603 W/MountService(  374): getVolumeState(/mnt/sdcard/ext_sd): Unknown volume
05-21 17:14:03.603 W/MountService(  374): getVolumeState(/storage/extSdCard): Unknown volume
05-21 17:14:03.603 W/MountService(  374): getVolumeState(/storage/sdcard1): Unknown volume
05-21 17:14:03.603 W/MountService(  374): getVolumeState(/mnt/sdcard/external_SD): Unknown volume
05-21 17:14:03.603 W/MountService(  374): getVolumeState(/mnt/sdcard/external_sd): Unknown volume
05-21 17:14:03.658 D/dalvikvm( 1468): GC_CONCURRENT freed 624K, 21% free 9844K/12308K, paused 11ms+6ms, total 51ms
05-21 17:14:03.658 D/dalvikvm( 1468): WAIT_FOR_CONCURRENT_GC blocked 12ms
05-21 17:15:01.978 V/DigitalWidgetViewsFactory(29624): DigitalWidget sets next alarm string to null
05-21 17:15:03.150 W/MountService(  374): getVolumeState(/storage/emulated/0/external_sd): Unknown volume
05-21 17:15:03.150 W/MountService(  374): getVolumeState(/mnt/sdcard-ext): Unknown volume
05-21 17:15:03.150 W/MountService(  374): getVolumeState(/mnt/ext_sdcard): Unknown volume
05-21 17:15:03.150 W/MountService(  374): getVolumeState(/mnt/sdcard2): Unknown volume
05-21 17:15:03.150 W/MountService(  374): getVolumeState(/mnt/emmc): Unknown volume
05-21 17:15:03.150 W/MountService(  374): getVolumeState(/mnt/extSdCard): Unknown volume
05-21 17:15:03.150 W/MountService(  374): getVolumeState(/mnt/sdcard/SD_CARD): Unknown volume
05-21 17:15:03.158 W/MountService(  374): getVolumeState(/mnt/sdcard/extra_sd): Unknown volume
05-21 17:15:03.158 W/MountService(  374): getVolumeState(/mnt/extrasd_bind): Unknown volume
05-21 17:15:03.158 W/MountService(  374): getVolumeState(/mnt/sdcard/ext_sd): Unknown volume
05-21 17:15:03.158 W/MountService(  374): getVolumeState(/storage/extSdCard): Unknown volume
05-21 17:15:03.158 W/MountService(  374): getVolumeState(/storage/sdcard1): Unknown volume
05-21 17:15:03.158 W/MountService(  374): getVolumeState(/mnt/sdcard/external_SD): Unknown volume
05-21 17:15:03.158 W/MountService(  374): getVolumeState(/mnt/sdcard/external_sd): Unknown volume
05-21 17:15:03.244 D/dalvikvm( 1468): GC_CONCURRENT freed 449K, 21% free 9824K/12308K, paused 7ms+10ms, total 45ms
05-21 17:15:03.463 W/MountService(  374): getVolumeState(/storage/emulated/0/external_sd): Unknown volume
05-21 17:15:03.463 W/MountService(  374): getVolumeState(/mnt/sdcard-ext): Unknown volume
05-21 17:15:03.463 W/MountService(  374): getVolumeState(/mnt/ext_sdcard): Unknown volume
05-21 17:15:03.463 W/MountService(  374): getVolumeState(/mnt/sdcard2): Unknown volume
05-21 17:15:03.463 W/MountService(  374): getVolumeState(/mnt/emmc): Unknown volume
05-21 17:15:03.463 W/MountService(  374): getVolumeState(/mnt/extSdCard): Unknown volume
05-21 17:15:03.463 W/MountService(  374): getVolumeState(/mnt/sdcard/SD_CARD): Unknown volume
05-21 17:15:03.471 W/MountService(  374): getVolumeState(/mnt/sdcard/extra_sd): Unknown volume
05-21 17:15:03.471 W/MountService(  374): getVolumeState(/mnt/extrasd_bind): Unknown volume
05-21 17:15:03.471 W/MountService(  374): getVolumeState(/mnt/sdcard/ext_sd): Unknown volume
05-21 17:15:03.471 W/MountService(  374): getVolumeState(/storage/extSdCard): Unknown volume
05-21 17:15:03.471 W/MountService(  374): getVolumeState(/storage/sdcard1): Unknown volume
05-21 17:15:03.471 W/MountService(  374): getVolumeState(/mnt/sdcard/external_SD): Unknown volume
05-21 17:15:03.471 W/MountService(  374): getVolumeState(/mnt/sdcard/external_sd): Unknown volume
05-21 17:15:03.502 D/dalvikvm( 1468): GC_CONCURRENT freed 453K, 20% free 9875K/12308K, paused 5ms+7ms, total 51ms
05-21 17:15:03.502 D/dalvikvm( 1468): WAIT_FOR_CONCURRENT_GC blocked 28ms
05-21 17:15:03.502 D/dalvikvm( 1468): WAIT_FOR_CONCURRENT_GC blocked 21ms
05-21 17:15:27.088 D/dalvikvm(32350): GC_CONCURRENT freed 546K, 6% free 9814K/10400K, paused 3ms+4ms, total 46ms
05-21 17:15:27.088 D/dalvikvm(32350): WAIT_FOR_CONCURRENT_GC blocked 18ms
05-21 17:15:27.103 D/dalvikvm(32350): WAIT_FOR_CONCURRENT_GC blocked 29ms
05-21 17:15:43.330 D/dalvikvm( 1661): GC_EXPLICIT freed 173K, 18% free 13031K/15888K, paused 3ms+4ms, total 61ms
05-21 17:15:48.392 D/dalvikvm( 1661): GC_EXPLICIT freed 1K, 18% free 13029K/15888K, paused 3ms+5ms, total 60ms
05-21 17:15:58.392 D/dalvikvm( 1661): GC_EXPLICIT freed <1K, 18% free 13029K/15888K, paused 3ms+5ms, total 61ms
05-21 17:16:02.275 W/Parcel  ( 1661): Attempt to read object from Parcel 0x6003bdac at offset 200 that is not in the object list
05-21 17:16:02.338 D/dalvikvm( 1468): GC_CONCURRENT freed 457K, 21% free 9830K/12308K, paused 8ms+5ms, total 41ms
05-21 17:16:03.158 W/MountService(  374): getVolumeState(/storage/emulated/0/external_sd): Unknown volume
05-21 17:16:03.166 W/MountService(  374): getVolumeState(/mnt/sdcard-ext): Unknown volume
05-21 17:16:03.166 W/MountService(  374): getVolumeState(/mnt/ext_sdcard): Unknown volume
05-21 17:16:03.166 W/MountService(  374): getVolumeState(/mnt/sdcard2): Unknown volume
05-21 17:16:03.166 W/MountService(  374): getVolumeState(/mnt/emmc): Unknown volume
05-21 17:16:03.166 W/MountService(  374): getVolumeState(/mnt/extSdCard): Unknown volume
05-21 17:16:03.166 W/MountService(  374): getVolumeState(/mnt/sdcard/SD_CARD): Unknown volume
05-21 17:16:03.166 W/MountService(  374): getVolumeState(/mnt/sdcard/extra_sd): Unknown volume
05-21 17:16:03.166 W/MountService(  374): getVolumeState(/mnt/extrasd_bind): Unknown volume
05-21 17:16:03.166 W/MountService(  374): getVolumeState(/mnt/sdcard/ext_sd): Unknown volume
05-21 17:16:03.166 W/MountService(  374): getVolumeState(/storage/extSdCard): Unknown volume
05-21 17:16:03.166 W/MountService(  374): getVolumeState(/storage/sdcard1): Unknown volume
05-21 17:16:03.166 W/MountService(  374): getVolumeState(/mnt/sdcard/external_SD): Unknown volume
05-21 17:16:03.174 W/MountService(  374): getVolumeState(/mnt/sdcard/external_sd): Unknown volume
05-21 17:16:03.314 D/dalvikvm( 1468): GC_CONCURRENT freed 304K, 20% free 9959K/12308K, paused 13ms+7ms, total 46ms
05-21 17:16:03.400 D/dalvikvm(  561): GC_CONCURRENT freed 328K, 5% free 9416K/9860K, paused 2ms+5ms, total 31ms
05-21 17:16:03.502 W/MountService(  374): getVolumeState(/storage/emulated/0/external_sd): Unknown volume
05-21 17:16:03.502 W/MountService(  374): getVolumeState(/mnt/sdcard-ext): Unknown volume
05-21 17:16:03.502 W/MountService(  374): getVolumeState(/mnt/ext_sdcard): Unknown volume
05-21 17:16:03.502 W/MountService(  374): getVolumeState(/mnt/sdcard2): Unknown volume
05-21 17:16:03.502 W/MountService(  374): getVolumeState(/mnt/emmc): Unknown volume
05-21 17:16:03.502 W/MountService(  374): getVolumeState(/mnt/extSdCard): Unknown volume
05-21 17:16:03.502 W/MountService(  374): getVolumeState(/mnt/sdcard/SD_CARD): Unknown volume
05-21 17:16:03.502 W/MountService(  374): getVolumeState(/mnt/sdcard/extra_sd): Unknown volume
05-21 17:16:03.502 W/MountService(  374): getVolumeState(/mnt/extrasd_bind): Unknown volume
05-21 17:16:03.502 W/MountService(  374): getVolumeState(/mnt/sdcard/ext_sd): Unknown volume
05-21 17:16:03.510 W/MountService(  374): getVolumeState(/storage/extSdCard): Unknown volume
05-21 17:16:03.510 W/MountService(  374): getVolumeState(/storage/sdcard1): Unknown volume
05-21 17:16:03.510 W/MountService(  374): getVolumeState(/mnt/sdcard/external_SD): Unknown volume
05-21 17:16:03.510 W/MountService(  374): getVolumeState(/mnt/sdcard/external_sd): Unknown volume
05-21 17:16:03.572 D/dalvikvm( 1468): GC_CONCURRENT freed 623K, 20% free 9874K/12308K, paused 7ms+7ms, total 56ms
05-21 17:16:08.564 D/MdmService(31053): [null:-1]->receiver action :com.pekall.mdm.action.MDM_ALARM
05-21 17:16:08.564 D/ProfileManager(31053): [null:-1]->check policy checking :false
05-21 17:16:08.572 D/com.pekall.restrictions.policy(31053): [null:-1]->allowBluetooth : null
05-21 17:16:08.572 D/com.pekall.restrictions.policy(31053): [null:-1]->ensureSimulateLocation :null
05-21 17:16:08.572 D/com.pekall.restrictions.policy(31053): [null:-1]->allowUseNetworkDate : null
05-21 17:16:08.572 E/DatabaseUtils(  374): Writing exception to parcel
05-21 17:16:08.572 E/DatabaseUtils(  374): java.lang.SecurityException: Permission denial: writing to secure settings requires android.permission.WRITE_SECURE_SETTINGS
05-21 17:16:08.572 E/DatabaseUtils(  374): 	at com.android.providers.settings.SettingsProvider.checkWritePermissions(SettingsProvider.java:279)
05-21 17:16:08.572 E/DatabaseUtils(  374): 	at com.android.providers.settings.SettingsProvider.insertForUser(SettingsProvider.java:897)
05-21 17:16:08.572 E/DatabaseUtils(  374): 	at com.android.providers.settings.SettingsProvider.callFromPackage(SettingsProvider.java:634)
05-21 17:16:08.572 E/DatabaseUtils(  374): 	at android.content.ContentProvider$Transport.call(ContentProvider.java:279)
05-21 17:16:08.572 E/DatabaseUtils(  374): 	at android.content.ContentProviderNative.onTransact(ContentProviderNative.java:273)
05-21 17:16:08.572 E/DatabaseUtils(  374): 	at android.os.Binder.execTransact(Binder.java:388)
05-21 17:16:08.572 E/DatabaseUtils(  374): 	at dalvik.system.NativeStart.run(Native Method)
05-21 17:16:08.572 D/com.pekall.restrictions.policy(31053): [null:-1]->allowUseNetworkDate error
05-21 17:16:08.572 D/com.pekall.restrictions.policy(31053): java.lang.SecurityException: Permission denial: writing to secure settings requires android.permission.WRITE_SECURE_SETTINGS
05-21 17:16:08.572 D/com.pekall.restrictions.policy(31053): 	at android.os.Parcel.readException(Parcel.java:1431)
05-21 17:16:08.572 D/com.pekall.restrictions.policy(31053): 	at android.database.DatabaseUtils.readExceptionFromParcel(DatabaseUtils.java:185)
05-21 17:16:08.572 D/com.pekall.restrictions.policy(31053): 	at android.database.DatabaseUtils.readExceptionFromParcel(DatabaseUtils.java:137)
05-21 17:16:08.572 D/com.pekall.restrictions.policy(31053): 	at android.content.ContentProviderProxy.call(ContentProviderNative.java:602)
05-21 17:16:08.572 D/com.pekall.restrictions.policy(31053): 	at android.provider.Settings$NameValueCache.putStringForUser(Settings.java:818)
05-21 17:16:08.572 D/com.pekall.restrictions.policy(31053): 	at android.provider.Settings$Global.putStringForUser(Settings.java:5529)
05-21 17:16:08.572 D/com.pekall.restrictions.policy(31053): 	at android.provider.Settings$Global.putString(Settings.java:5519)
05-21 17:16:08.572 D/com.pekall.restrictions.policy(31053): 	at android.provider.Settings$Global.putInt(Settings.java:5607)
05-21 17:16:08.572 D/com.pekall.restrictions.policy(31053): 	at com.pekall.emdm.b.c.b.j.c(Unknown Source)
05-21 17:16:08.572 D/com.pekall.restrictions.policy(31053): 	at com.pekall.emdm.b.c.b.j.h(Unknown Source)
05-21 17:16:08.572 D/com.pekall.restrictions.policy(31053): 	at com.pekall.emdm.b.c.e.run(Unknown Source)
05-21 17:16:08.572 D/com.pekall.restrictions.policy(31053): [null:-1]->allowNFC : null
05-21 17:16:08.588 D/InnerClass(31053): [null:-1]->enableNfc : 
05-21 17:16:08.588 D/InnerClass(31053): java.lang.reflect.InvocationTargetException
05-21 17:16:08.588 D/InnerClass(31053): 	at java.lang.reflect.Method.invokeNative(Native Method)
05-21 17:16:08.588 D/InnerClass(31053): 	at java.lang.reflect.Method.invoke(Method.java:525)
05-21 17:16:08.588 D/InnerClass(31053): 	at com.pekall.emdm.c.i.a(Unknown Source)
05-21 17:16:08.588 D/InnerClass(31053): 	at com.pekall.emdm.c.c.a(Unknown Source)
05-21 17:16:08.588 D/InnerClass(31053): 	at com.pekall.emdm.b.c.b.j.b(Unknown Source)
05-21 17:16:08.588 D/InnerClass(31053): 	at com.pekall.emdm.b.c.b.j.h(Unknown Source)
05-21 17:16:08.588 D/InnerClass(31053): 	at com.pekall.emdm.b.c.e.run(Unknown Source)
05-21 17:16:08.588 D/InnerClass(31053): Caused by: java.lang.SecurityException: WRITE_SECURE_SETTINGS permission required: Neither user 10066 nor current process has android.permission.WRITE_SECURE_SETTINGS.
05-21 17:16:08.588 D/InnerClass(31053): 	at android.os.Parcel.readException(Parcel.java:1431)
05-21 17:16:08.588 D/InnerClass(31053): 	at android.os.Parcel.readException(Parcel.java:1385)
05-21 17:16:08.588 D/InnerClass(31053): 	at android.nfc.INfcAdapter$Stub$Proxy.disable(INfcAdapter.java:252)
05-21 17:16:08.588 D/InnerClass(31053): 	at android.nfc.NfcAdapter.disable(NfcAdapter.java:574)
05-21 17:16:08.588 D/InnerClass(31053): 	... 7 more
05-21 17:16:53.197 D/dalvikvm(32431): Late-enabling CheckJNI
05-21 17:16:53.197 I/ActivityManager(  374): Start proc com.pekall.emdm.launcher:remote for service com.pekall.emdm.launcher/com.baidu.location.f: pid=32431 uid=10066 gids={50066, 1015, 3002, 3001, 3003, 1028}
05-21 17:16:53.252 D/ScClassLoader(32431): >> SOURCE FILE: /data/data/com.pekall.emdm.launcher/app_jars/sc-jdk15on-1.47.0.2.dex.jar
05-21 17:16:53.252 V/MyServiceConnection(32431): [SConnection] sandbox service is NOT installed.
05-21 17:16:53.260 V/MyServiceConnection(32431): [SConnection] binding service: pekall.intent.action.SANDBOX_SERVICE
05-21 17:16:53.330 D/dalvikvm(32431): GC_CONCURRENT freed 145K, 2% free 9288K/9472K, paused 7ms+8ms, total 54ms
05-21 17:16:53.330 D/dalvikvm(32431): WAIT_FOR_CONCURRENT_GC blocked 1ms
05-21 17:16:53.330 D/dalvikvm(32431): WAIT_FOR_CONCURRENT_GC blocked 3ms
05-21 17:16:53.346 W/Parcel  ( 1661): Attempt to read object from Parcel 0x5ef3bdac at offset 200 that is not in the object list
05-21 17:16:53.346 W/Parcel  ( 1661): Attempt to read object from Parcel 0x6003bdac at offset 200 that is not in the object list
05-21 17:16:53.346 D/Email   (32431): Email: init sandbox at the beginning.
05-21 17:16:53.346 V/MyServiceConnection(32431): [SConnection] retry to bind service
05-21 17:16:53.346 V/MyServiceConnection(32431): [SConnection] sandbox service is NOT installed.
05-21 17:16:53.346 V/MyServiceConnection(32431): [SConnection] binding service: pekall.intent.action.SANDBOX_SERVICE
05-21 17:16:53.392 V/MyServiceConnection(32431): [SConnection] retry to bind service
05-21 17:16:53.392 V/MyServiceConnection(32431): [SConnection] sandbox service is NOT installed.
05-21 17:16:53.392 V/MyServiceConnection(32431): [SConnection] binding service: pekall.intent.action.SANDBOX_SERVICE
05-21 17:16:53.408 V/l       (32431): Bind requested for task setLogging
05-21 17:16:53.416 D/ExchangeService(31053): !!! EAS ExchangeService, onCreate
05-21 17:16:53.431 D/dalvikvm(32431): GC_CONCURRENT freed 213K, 3% free 9588K/9840K, paused 3ms+3ms, total 31ms
05-21 17:16:53.431 D/dalvikvm(32431): WAIT_FOR_CONCURRENT_GC blocked 12ms
05-21 17:16:53.431 D/dalvikvm(32431): WAIT_FOR_CONCURRENT_GC blocked 12ms
05-21 17:16:53.455 W/Parcel  ( 1661): Attempt to read object from Parcel 0x5ded3dac at offset 200 that is not in the object list
05-21 17:16:53.455 D/ExchangeService(31053): !!! EAS ExchangeService, onStartCommand, startingUp = false, running = false
05-21 17:16:53.455 D/ExchangeService(31053): to start secureStorageService now
05-21 17:16:53.517 V/a       (31053): Bind requested for task test
05-21 17:16:53.549 W/DocumentManager(32431): Sandbox service is not connected.
05-21 17:16:53.549 D/MessageControllerImpl(32431): controller is null
05-21 17:16:53.549 V/MyServiceConnection(32431): [SConnection] retry to bind service
05-21 17:16:53.549 V/a       (31053): Connected: com.pekall.semail.service.AccountServiceInternal
05-21 17:16:53.549 V/MyServiceConnection(32431): [SConnection] sandbox service is NOT installed.
05-21 17:16:53.549 V/MyServiceConnection(32431): [SConnection] binding service: pekall.intent.action.SANDBOX_SERVICE
05-21 17:16:53.549 D/ExchangeService(31053): Reconciling accounts...
05-21 17:16:53.549 V/a       (31053): Bind requested for task reconcileAccounts
05-21 17:16:53.556 W/SQLiteOpenHelper(32431): Opened /data/data/com.pekall.emdm.launcher/databases/message.db
05-21 17:16:53.556 W/dalvikvm(32431): No implementation found for native Lcom/pekall/sandbox/database/sqlite/SQLiteDatabase;.native_setSqliteSoftHeapLimit:(I)V
05-21 17:16:53.556 D/AndroidRuntime(32431): Shutting down VM
05-21 17:16:53.556 W/dalvikvm(32431): threadid=1: thread exiting with uncaught exception (group=0x419c8700)
05-21 17:16:53.556 D/        (32431): [---null: -1---]  Thread is main
05-21 17:16:53.556 W/System.err(32431): java.lang.UnsatisfiedLinkError: Native method not found: com.pekall.sandbox.database.sqlite.SQLiteDatabase.native_setSqliteSoftHeapLimit:(I)V
05-21 17:16:53.556 W/System.err(32431): 	at com.pekall.sandbox.database.sqlite.SQLiteDatabase.native_setSqliteSoftHeapLimit(Native Method)
05-21 17:16:53.556 W/System.err(32431): 	at com.pekall.sandbox.database.sqlite.SQLiteDatabase.<init>(Unknown Source)
05-21 17:16:53.556 W/System.err(32431): 	at com.pekall.sandbox.database.sqlite.SQLiteDatabase.openDatabase(Unknown Source)
05-21 17:16:53.556 W/System.err(32431): 	at com.pekall.sandbox.database.sqlite.SQLiteDatabase.openDatabase(Unknown Source)
05-21 17:16:53.556 W/System.err(32431): 	at com.pekall.sandbox.database.sqlite.SQLiteDatabase.openDatabase(Unknown Source)
05-21 17:16:53.556 W/System.err(32431): 	at com.pekall.sandbox.database.sqlite.SQLiteOpenHelper.getWritableDatabase(Unknown Source)
05-21 17:16:53.556 W/System.err(32431): 	at com.pekall.emdm.messagecenter.db.a.a(Unknown Source)
05-21 17:16:53.556 W/System.err(32431): 	at com.pekall.emdm.messagecenter.db.a.b(Unknown Source)
05-21 17:16:53.556 W/System.err(32431): 	at com.pekall.emdm.messagecenter.activity.a.onCreate(Unknown Source)
05-21 17:16:53.556 W/System.err(32431): 	at com.pekall.emdm.launcher.LauncherApplication.onCreate(Unknown Source)
05-21 17:16:53.556 W/System.err(32431): 	at android.app.Instrumentation.callApplicationOnCreate(Instrumentation.java:1007)
05-21 17:16:53.556 W/System.err(32431): 	at android.app.ActivityThread.handleBindApplication(ActivityThread.java:4444)
05-21 17:16:53.556 W/System.err(32431): 	at android.app.ActivityThread.access$1300(ActivityThread.java:141)
05-21 17:16:53.556 W/System.err(32431): 	at android.app.ActivityThread$H.handleMessage(ActivityThread.java:1316)
05-21 17:16:53.556 W/System.err(32431): 	at android.os.Handler.dispatchMessage(Handler.java:99)
05-21 17:16:53.556 W/System.err(32431): 	at android.os.Looper.loop(Looper.java:137)
05-21 17:16:53.556 W/System.err(32431): 	at android.app.ActivityThread.main(ActivityThread.java:5103)
