05-21 16:52:51.135 D/InnerClass(31053): 	at com.pekall.emdm.b.c.c.a(Unknown Source)
05-21 16:52:51.135 D/InnerClass(31053): 	at com.pekall.emdm.b.c.d.a(Unknown Source)
05-21 16:52:51.135 D/InnerClass(31053): 	at com.pekall.emdm.b.a.o.a(Unknown Source)
05-21 16:52:51.135 D/InnerClass(31053): 	at com.pekall.emdm.b.a.c.a(Unknown Source)
05-21 16:52:51.135 D/InnerClass(31053): 	at com.pekall.emdm.b.a.ac.a(Unknown Source)
05-21 16:52:51.135 D/InnerClass(31053): 	at com.pekall.emdm.b.a.ac.doInBackground(Unknown Source)
05-21 16:52:51.135 D/InnerClass(31053): 	at android.os.AsyncTask$2.call(AsyncTask.java:287)
05-21 16:52:51.135 D/InnerClass(31053): 	at java.util.concurrent.FutureTask.run(FutureTask.java:234)
05-21 16:52:51.135 D/InnerClass(31053): 	at android.os.AsyncTask$SerialExecutor$1.run(AsyncTask.java:230)
05-21 16:52:51.135 D/InnerClass(31053): 	at java.util.concurrent.ThreadPoolExecutor.runWorker(ThreadPoolExecutor.java:1080)
05-21 16:52:51.135 D/InnerClass(31053): 	at java.util.concurrent.ThreadPoolExecutor$Worker.run(ThreadPoolExecutor.java:573)
05-21 16:52:51.135 D/InnerClass(31053): 	at java.lang.Thread.run(Thread.java:841)
05-21 16:52:51.135 D/InnerClass(31053): Caused by: java.lang.SecurityException: WRITE_SECURE_SETTINGS permission required: Neither user 10066 nor current process has android.permission.WRITE_SECURE_SETTINGS.
05-21 16:52:51.135 D/InnerClass(31053): 	at android.os.Parcel.readException(Parcel.java:1431)
05-21 16:52:51.135 D/InnerClass(31053): 	at android.os.Parcel.readException(Parcel.java:1385)
05-21 16:52:51.135 D/InnerClass(31053): 	at android.nfc.INfcAdapter$Stub$Proxy.disable(INfcAdapter.java:252)
05-21 16:52:51.135 D/InnerClass(31053): 	at android.nfc.NfcAdapter.disable(NfcAdapter.java:574)
05-21 16:52:51.135 D/InnerClass(31053): 	... 18 more
05-21 16:52:51.135 W/Parcel  ( 1661): Attempt to read object from Parcel 0x6013bdac at offset 200 that is not in the object list
05-21 16:52:51.135 W/Parcel  ( 1661): Attempt to read object from Parcel 0x5ef3bdac at offset 200 that is not in the object list
05-21 16:52:51.135 D/CommandManager(31053): [null:-1]->requestType: InstallProfile
05-21 16:52:51.142 D/EmailBroadcastReceiver(31053): 1111  Email receives broadcast 'com.pekall.mdm.action.SETTING_CHANGED'
05-21 16:52:51.142 D/EmailBroadcastReceiver(31053): type = com.pekall.restrictions.policy
05-21 16:52:51.174 W/Parcel  ( 1661): Attempt to read object from Parcel 0x5ded3dac at offset 200 that is not in the object list
05-21 16:52:51.189 D/MdmDatabaseHelper(31053): [null:-1]->update command a25c8c66-d5b9-4e72-ba48-5e469f276145 to commandStatus <?xml version="1.0" encoding="UTF-8"?>
05-21 16:52:51.189 D/MdmDatabaseHelper(31053): <!DOCTYPE plist PUBLIC "-//Apple//DTD PLIST 1.0//EN" "http://www.apple.com/DTDs/PropertyList-1.0.dtd">
05-21 16:52:51.189 D/MdmDatabaseHelper(31053): <plist version="1.0">
05-21 16:52:51.189 D/MdmDatabaseHelper(31053): <dict>
05-21 16:52:51.189 D/MdmDatabaseHelper(31053): 	<key>CommandUUID</key>
05-21 16:52:51.189 D/MdmDatabaseHelper(31053): 	<string>a25c8c66-d5b9-4e72-ba48-5e469f276145</string>
05-21 16:52:51.189 D/MdmDatabaseHelper(31053): 	<key>Status</key>
05-21 16:52:51.189 D/MdmDatabaseHelper(31053): 	<string>Acknowledged</string>
05-21 16:52:51.189 D/MdmDatabaseHelper(31053): 	<key>UDID</key>
05-21 16:52:51.189 D/MdmDatabaseHelper(31053): 	<string>00013fbc8ecec5b9000001461df0ec23</string>
05-21 16:52:51.189 D/MdmDatabaseHelper(31053): </dict>
05-21 16:52:51.189 D/MdmDatabaseHelper(31053): </plist>
05-21 16:52:51.213 I/TransInfo(31053): TransInfo created, id: 3, class: class com.pekall.emdm.transaction.c.b
05-21 16:52:51.213 D/NetworkThread(31053): [null:-1]->----isRunning-----true
05-21 16:52:51.213 D/NetworkThread(31053): [null:-1]->----isRunning-----true
05-21 16:52:51.221 D/NetworkThread(31053): [null:-1]->thread wakeup
05-21 16:52:51.221 D/NetworkThread(31053): [null:-1]->sendHttpPost:PostRequest, url: http://192.168.10.21/rest/mdm/v1/ios/android_server, Params: [content:<?xml version="1.0" encoding="UTF-8"?>
05-21 16:52:51.221 D/NetworkThread(31053): <!DOCTYPE plist PUBLIC "-//Apple//DTD PLIST 1.0//EN" "http://www.apple.com/DTDs/PropertyList-1.0.dtd">
05-21 16:52:51.221 D/NetworkThread(31053): <plist version="1.0">
05-21 16:52:51.221 D/NetworkThread(31053): <dict>
05-21 16:52:51.221 D/NetworkThread(31053): 	<key>CommandUUID</key>
05-21 16:52:51.221 D/NetworkThread(31053): 	<string>a25c8c66-d5b9-4e72-ba48-5e469f276145</string>
05-21 16:52:51.221 D/NetworkThread(31053): 	<key>Status</key>
05-21 16:52:51.221 D/NetworkThread(31053): 	<string>Acknowledged</string>
05-21 16:52:51.221 D/NetworkThread(31053): 	<key>UDID</key>
05-21 16:52:51.221 D/NetworkThread(31053): 	<string>00013fbc8ecec5b9000001461df0ec23</string>
05-21 16:52:51.221 D/NetworkThread(31053): </dict>
05-21 16:52:51.221 D/NetworkThread(31053): </plist>], 
05-21 16:52:51.221 D/HttpClient(31053): enable apache.http debug
05-21 16:52:51.228 V/DEBUG   (31053): HTTP 0
05-21 16:52:51.455 D/MDM :   (31053): [null:-1]->statusCode : 200
05-21 16:52:51.455 D/MDM :   (31053): [null:-1]->statusCode : 200
05-21 16:52:51.463 V/DEBUG   (31053): HTTP 1
05-21 16:52:51.463 D/MDM :   (31053): [null:-1]->Get joson string: 
05-21 16:52:51.463 D/MdmDatabaseHelper(31053): [null:-1]->update command a25c8c66-d5b9-4e72-ba48-5e469f276145 to status executed
05-21 16:52:51.494 D/NetworkThread(31053): [null:-1]->clear mCurrentTransInfo
05-21 16:52:51.494 D/NetworkThread(31053): [null:-1]->queue is empty, thread wait...
05-21 16:52:51.564 D/MdmService(31053): [null:-1]->handleCheckInResult
05-21 16:52:51.564 D/MdmService(31053): [null:-1]->handleCheckInResult result keyIndex: 3
05-21 16:52:51.564 D/HandleCommandTask(31053): [null:-1]->execute command msg but beanBase is null
05-21 16:52:51.564 D/MdmStatusManager(31053): [null:-1]->change status to : Idle
05-21 16:52:54.377 D/AndroidRuntime(32181): 
05-21 16:52:54.377 D/AndroidRuntime(32181): >>>>>> AndroidRuntime START com.android.internal.os.RuntimeInit <<<<<<
05-21 16:52:54.377 D/AndroidRuntime(32181): CheckJNI is OFF
05-21 16:52:54.392 D/dalvikvm(32181): Trying to load lib libjavacore.so 0x0
05-21 16:52:54.400 D/dalvikvm(32181): Added shared lib libjavacore.so 0x0
05-21 16:52:54.416 D/dalvikvm(32181): Trying to load lib libnativehelper.so 0x0
05-21 16:52:54.416 D/dalvikvm(32181): Added shared lib libnativehelper.so 0x0
05-21 16:52:54.666 D/AndroidRuntime(32181): Calling main entry com.android.commands.uiautomator.Launcher
05-21 16:52:54.721 D/dalvikvm(32181): Note: class Landroid/app/ActivityManagerNative; has 163 unimplemented (abstract) methods
05-21 16:52:54.767 I/PowerManagerService(  374): Waking up from sleep...
05-21 16:52:54.830 I/WindowManager(  374): Lock screen displayed!
05-21 16:52:54.947 D/dalvikvm(  448): GC_FOR_ALLOC freed 819K, 17% free 13347K/15944K, paused 47ms, total 47ms
05-21 16:52:55.010 V/TAG     (  374): bug 7643792: fitSystemWindows([0,50][0,444])
05-21 16:52:55.064 W/Parcel  ( 1661): Attempt to read object from Parcel 0x6013bdac at offset 200 that is not in the object list
05-21 16:52:55.064 W/Parcel  ( 1661): Attempt to read object from Parcel 0x5ef3bdac at offset 200 that is not in the object list
05-21 16:52:55.127 D/PowerManagerService-JNI(  374): Excessive delay in autosuspend_disable() while turning screen on: 348ms
05-21 16:52:55.150 D/SurfaceFlinger(  124): Screen acquired, type=0 flinger=0x40e95478
05-21 16:52:55.221 D/LightsService(  374): Excessive delay setting light: 74ms
05-21 16:52:55.244 W/Settings( 1661): Setting airplane_mode_on has moved from android.provider.Settings.System to android.provider.Settings.Global, returning read-only value.
05-21 16:52:55.252 D/dalvikvm(28129): GC_CONCURRENT freed 446K, 7% free 9461K/10144K, paused 7ms+2ms, total 60ms
05-21 16:52:55.252 V/DigitalWidgetViewsFactory(29624): DigitalWidget sets next alarm string to null
05-21 16:52:55.260 V/WiseDownloadConditionControler(29823): checkCondition  type : WISE_DOWNLOAD  inerrupting: true
05-21 16:52:55.283 W/Parcel  ( 1661): Attempt to read object from Parcel 0x5ef3bdac at offset 200 that is not in the object list
05-21 16:52:55.306 D/LightsService(  374): Excessive delay setting light: 77ms
05-21 16:52:55.338 D/dalvikvm( 1661): GC_CONCURRENT freed 1311K, 18% free 13137K/15888K, paused 4ms+4ms, total 137ms
05-21 16:52:55.338 D/dalvikvm( 1661): WAIT_FOR_CONCURRENT_GC blocked 47ms
05-21 16:52:55.338 D/dalvikvm( 1661): WAIT_FOR_CONCURRENT_GC blocked 36ms
05-21 16:52:55.892 I/QueryController(32181): Matched selector: UiSelector[CLASS=android.widget.EditText, INDEX=0, PACKAGE NAME=android] <<==>> [android.view.accessibility.AccessibilityNodeInfo@5038bb; boundsInParent: Rect(524070, 0 - 524506, 97); boundsInScreen: Rect(136, 483 - 572, 580); packageName: android; className: android.widget.EditText; text: null; contentDescription: null; viewIdResName: android:id/passwordEntry; checkable: false; checked: false; focusable: true; focused: true; selected: true; clickable: true; longClickable: true; enabled: true; password: true; scrollable: false; [ACTION_CLEAR_FOCUS, ACTION_SELECT, ACTION_CLEAR_SELECTION, ACTION_CLICK, ACTION_LONG_CLICK, ACTION_ACCESSIBILITY_FOCUS]]
05-21 16:52:55.939 I/QueryController(32181): Matched selector: UiSelector[CLASS=android.widget.EditText, INDEX=0, PACKAGE NAME=android] <<==>> [android.view.accessibility.AccessibilityNodeInfo@5038bb; boundsInParent: Rect(524070, 0 - 524506, 97); boundsInScreen: Rect(136, 483 - 572, 580); packageName: android; className: android.widget.EditText; text: null; contentDescription: null; viewIdResName: android:id/passwordEntry; checkable: false; checked: false; focusable: true; focused: true; selected: true; clickable: true; longClickable: true; enabled: true; password: true; scrollable: false; [ACTION_CLEAR_FOCUS, ACTION_SELECT, ACTION_CLEAR_SELECTION, ACTION_CLICK, ACTION_LONG_CLICK, ACTION_ACCESSIBILITY_FOCUS]]
05-21 16:52:58.877 W/IInputConnectionWrapper(  374): getTextBeforeCursor on inactive InputConnection
05-21 16:52:59.611 I/QueryController(32181): Matched selector: UiSelector[PACKAGE NAME=android] <<==>> [android.view.accessibility.AccessibilityNodeInfo@7afd; boundsInParent: Rect(0, 0 - 720, 1184); boundsInScreen: Rect(0, 0 - 720, 1184); packageName: android; className: android.widget.FrameLayout; text: null; contentDescription: null; viewIdResName: null; checkable: false; checked: false; focusable: false; focused: false; selected: false; clickable: false; longClickable: false; enabled: true; password: false; scrollable: false; [ACTION_SELECT, ACTION_CLEAR_SELECTION, ACTION_ACCESSIBILITY_FOCUS]]
05-21 16:53:00.596 I/AndroidRuntime(32181): VM exiting with result code 0.
05-21 16:53:02.471 W/MountService(  374): getVolumeState(/storage/emulated/0/external_sd): Unknown volume
05-21 16:53:02.471 W/MountService(  374): getVolumeState(/mnt/sdcard-ext): Unknown volume
05-21 16:53:02.471 W/MountService(  374): getVolumeState(/mnt/ext_sdcard): Unknown volume
05-21 16:53:02.471 W/MountService(  374): getVolumeState(/mnt/sdcard2): Unknown volume
05-21 16:53:02.471 W/MountService(  374): getVolumeState(/mnt/emmc): Unknown volume
05-21 16:53:02.471 W/MountService(  374): getVolumeState(/mnt/extSdCard): Unknown volume
05-21 16:53:02.471 W/MountService(  374): getVolumeState(/mnt/sdcard/SD_CARD): Unknown volume
05-21 16:53:02.471 W/MountService(  374): getVolumeState(/mnt/sdcard/extra_sd): Unknown volume
05-21 16:53:02.478 W/MountService(  374): getVolumeState(/mnt/extrasd_bind): Unknown volume
05-21 16:53:02.478 W/MountService(  374): getVolumeState(/mnt/sdcard/ext_sd): Unknown volume
05-21 16:53:02.478 W/MountService(  374): getVolumeState(/storage/extSdCard): Unknown volume
05-21 16:53:02.478 W/MountService(  374): getVolumeState(/storage/sdcard1): Unknown volume
05-21 16:53:02.478 W/MountService(  374): getVolumeState(/mnt/sdcard/external_SD): Unknown volume
05-21 16:53:02.478 W/MountService(  374): getVolumeState(/mnt/sdcard/external_sd): Unknown volume
05-21 16:53:02.603 D/dalvikvm( 1468): GC_CONCURRENT freed 319K, 20% free 9945K/12308K, paused 5ms+4ms, total 26ms
05-21 16:53:02.767 W/MountService(  374): getVolumeState(/storage/emulated/0/external_sd): Unknown volume
05-21 16:53:02.767 W/MountService(  374): getVolumeState(/mnt/sdcard-ext): Unknown volume
05-21 16:53:02.767 W/MountService(  374): getVolumeState(/mnt/ext_sdcard): Unknown volume
05-21 16:53:02.767 W/MountService(  374): getVolumeState(/mnt/sdcard2): Unknown volume
05-21 16:53:02.767 W/MountService(  374): getVolumeState(/mnt/emmc): Unknown volume
05-21 16:53:02.767 W/MountService(  374): getVolumeState(/mnt/extSdCard): Unknown volume
05-21 16:53:02.767 W/MountService(  374): getVolumeState(/mnt/sdcard/SD_CARD): Unknown volume
05-21 16:53:02.767 W/MountService(  374): getVolumeState(/mnt/sdcard/extra_sd): Unknown volume
05-21 16:53:02.767 W/MountService(  374): getVolumeState(/mnt/extrasd_bind): Unknown volume
05-21 16:53:02.775 W/MountService(  374): getVolumeState(/mnt/sdcard/ext_sd): Unknown volume
05-21 16:53:02.775 W/MountService(  374): getVolumeState(/storage/extSdCard): Unknown volume
05-21 16:53:02.775 W/MountService(  374): getVolumeState(/storage/sdcard1): Unknown volume
05-21 16:53:02.775 W/MountService(  374): getVolumeState(/mnt/sdcard/external_SD): Unknown volume
05-21 16:53:02.775 W/MountService(  374): getVolumeState(/mnt/sdcard/external_sd): Unknown volume
05-21 16:53:02.799 D/dalvikvm( 1468): GC_CONCURRENT freed 582K, 20% free 9848K/12308K, paused 4ms+4ms, total 25ms
05-21 16:53:23.103 D/LightsService(  374): Excessive delay setting light: 68ms
05-21 16:53:23.338 D/LightsService(  374): Excessive delay setting light: 67ms
05-21 16:53:28.877 I/PowerManagerService(  374): Going to sleep due to screen timeout...
05-21 16:53:29.510 D/SurfaceFlinger(  124): Screen released, type=0 flinger=0x40e95478
05-21 16:53:29.603 V/KeyguardHostView(  374): hide transport, gen:1
05-21 16:53:29.603 V/KeyguardHostView(  374): music state changed: 0
05-21 16:53:29.611 W/Parcel  ( 1661): Attempt to read object from Parcel 0x5ded3dac at offset 200 that is not in the object list
05-21 16:53:29.650 V/TAG     (  374): bug 7643792: fitSystemWindows([0,50][0,0])
05-21 16:53:29.728 V/WiseDownloadConditionControler(29823): checkCondition  type : TODAY_LAUNCHED_USER  inerrupting: false
05-21 16:53:29.744 W/Parcel  ( 1661): Attempt to read object from Parcel 0x6013bdac at offset 200 that is not in the object list
05-21 16:53:29.760 V/MDM :   (31053): [null:-1]->Screen receiver is called.
05-21 16:53:29.767 W/Parcel  ( 1661): Attempt to read object from Parcel 0x5ded3dac at offset 200 that is not in the object list
05-21 16:53:39.846 D/AndroidRuntime(32221): 
05-21 16:53:39.846 D/AndroidRuntime(32221): >>>>>> AndroidRuntime START com.android.internal.os.RuntimeInit <<<<<<
05-21 16:53:39.846 D/AndroidRuntime(32221): CheckJNI is OFF
05-21 16:53:39.861 D/dalvikvm(32221): Trying to load lib libjavacore.so 0x0
05-21 16:53:39.861 D/dalvikvm(32221): Added shared lib libjavacore.so 0x0
05-21 16:53:39.877 D/dalvikvm(32221): Trying to load lib libnativehelper.so 0x0
05-21 16:53:39.885 D/dalvikvm(32221): Added shared lib libnativehelper.so 0x0
05-21 16:53:40.127 D/AndroidRuntime(32221): Calling main entry com.android.commands.uiautomator.Launcher
05-21 16:53:40.181 D/dalvikvm(32221): Note: class Landroid/app/ActivityManagerNative; has 163 unimplemented (abstract) methods
05-21 16:53:40.221 I/PowerManagerService(  374): Waking up from sleep...
05-21 16:53:40.291 I/WindowManager(  374): Lock screen displayed!
05-21 16:53:40.439 V/TAG     (  374): bug 7643792: fitSystemWindows([0,50][0,444])
05-21 16:53:40.447 W/Parcel  ( 1661): Attempt to read object from Parcel 0x5ef3bdac at offset 200 that is not in the object list
05-21 16:53:40.447 W/Parcel  ( 1661): Attempt to read object from Parcel 0x6013bdac at offset 200 that is not in the object list
05-21 16:53:40.596 D/PowerManagerService-JNI(  374): Excessive delay in autosuspend_disable() while turning screen on: 348ms
05-21 16:53:40.596 D/SurfaceFlinger(  124): Screen acquired, type=0 flinger=0x40e95478
05-21 16:53:40.619 W/Settings( 1661): Setting airplane_mode_on has moved from android.provider.Settings.System to android.provider.Settings.Global, returning read-only value.
05-21 16:53:40.642 V/DigitalWidgetViewsFactory(29624): DigitalWidget sets next alarm string to null
05-21 16:53:40.642 V/WiseDownloadConditionControler(29823): checkCondition  type : WISE_DOWNLOAD  inerrupting: true
05-21 16:53:40.721 D/LightsService(  374): Excessive delay setting light: 125ms
05-21 16:53:40.736 D/dalvikvm( 1661): GC_CONCURRENT freed 1453K, 18% free 13113K/15888K, paused 7ms+9ms, total 87ms
05-21 16:53:40.736 D/dalvikvm( 1661): WAIT_FOR_CONCURRENT_GC blocked 61ms
05-21 16:53:40.736 D/dalvikvm( 1661): WAIT_FOR_CONCURRENT_GC blocked 53ms
05-21 16:53:40.736 W/Parcel  ( 1661): Attempt to read object from Parcel 0x6013bdac at offset 200 that is not in the object list
05-21 16:53:40.799 D/LightsService(  374): Excessive delay setting light: 73ms
05-21 16:53:41.205 I/QueryController(32221): Matched selector: UiSelector[CLASS=android.widget.EditText, INDEX=0, PACKAGE NAME=android] <<==>> [android.view.accessibility.AccessibilityNodeInfo@50ad1a; boundsInParent: Rect(524070, 0 - 524506, 97); boundsInScreen: Rect(136, 483 - 572, 580); packageName: android; className: android.widget.EditText; text: null; contentDescription: null; viewIdResName: android:id/passwordEntry; checkable: false; checked: false; focusable: true; focused: true; selected: true; clickable: true; longClickable: true; enabled: true; password: true; scrollable: false; [ACTION_CLEAR_FOCUS, ACTION_SELECT, ACTION_CLEAR_SELECTION, ACTION_CLICK, ACTION_LONG_CLICK, ACTION_ACCESSIBILITY_FOCUS]]
05-21 16:53:41.228 I/QueryController(32221): Matched selector: UiSelector[CLASS=android.widget.EditText, INDEX=0, PACKAGE NAME=android] <<==>> [android.view.accessibility.AccessibilityNodeInfo@50ad1a; boundsInParent: Rect(524070, 0 - 524506, 97); boundsInScreen: Rect(136, 483 - 572, 580); packageName: android; className: android.widget.EditText; text: null; contentDescription: null; viewIdResName: android:id/passwordEntry; checkable: false; checked: false; focusable: true; focused: true; selected: true; clickable: true; longClickable: true; enabled: true; password: true; scrollable: false; [ACTION_CLEAR_FOCUS, ACTION_SELECT, ACTION_CLEAR_SELECTION, ACTION_CLICK, ACTION_LONG_CLICK, ACTION_ACCESSIBILITY_FOCUS]]
05-21 16:53:42.627 D/dalvikvm( 1661): GC_EXPLICIT freed 90K, 18% free 13043K/15888K, paused 2ms+3ms, total 46ms
05-21 16:53:44.158 W/IInputConnectionWrapper(  374): getTextBeforeCursor on inactive InputConnection
05-21 16:53:44.892 I/QueryController(32221): Matched selector: UiSelector[PACKAGE NAME=android] <<==>> [android.view.accessibility.AccessibilityNodeInfo@7afd; boundsInParent: Rect(0, 0 - 720, 1184); boundsInScreen: Rect(0, 0 - 720, 1184); packageName: android; className: android.widget.FrameLayout; text: null; contentDescription: null; viewIdResName: null; checkable: false; checked: false; focusable: false; focused: false; selected: false; clickable: false; longClickable: false; enabled: true; password: false; scrollable: false; [ACTION_SELECT, ACTION_CLEAR_SELECTION, ACTION_ACCESSIBILITY_FOCUS]]
05-21 16:53:45.806 I/AndroidRuntime(32221): VM exiting with result code 0.
05-21 16:53:47.674 D/dalvikvm( 1661): GC_EXPLICIT freed 13K, 18% free 13043K/15888K, paused 2ms+4ms, total 49ms
05-21 16:53:57.674 D/dalvikvm( 1661): GC_EXPLICIT freed 73K, 18% free 13048K/15888K, paused 1ms+4ms, total 48ms
05-21 16:54:01.814 W/Parcel  ( 1661): Attempt to read object from Parcel 0x5ec3bdac at offset 200 that is not in the object list
05-21 16:54:02.541 W/MountService(  374): getVolumeState(/storage/emulated/0/external_sd): Unknown volume
05-21 16:54:02.549 W/MountService(  374): getVolumeState(/mnt/sdcard-ext): Unknown volume
05-21 16:54:02.549 W/MountService(  374): getVolumeState(/mnt/ext_sdcard): Unknown volume
05-21 16:54:02.549 W/MountService(  374): getVolumeState(/mnt/sdcard2): Unknown volume
05-21 16:54:02.549 W/MountService(  374): getVolumeState(/mnt/emmc): Unknown volume
05-21 16:54:02.549 W/MountService(  374): getVolumeState(/mnt/extSdCard): Unknown volume
05-21 16:54:02.549 W/MountService(  374): getVolumeState(/mnt/sdcard/SD_CARD): Unknown volume
05-21 16:54:02.549 W/MountService(  374): getVolumeState(/mnt/sdcard/extra_sd): Unknown volume
05-21 16:54:02.549 W/MountService(  374): getVolumeState(/mnt/extrasd_bind): Unknown volume
05-21 16:54:02.549 W/MountService(  374): getVolumeState(/mnt/sdcard/ext_sd): Unknown volume
05-21 16:54:02.556 W/MountService(  374): getVolumeState(/storage/extSdCard): Unknown volume
05-21 16:54:02.556 W/MountService(  374): getVolumeState(/storage/sdcard1): Unknown volume
05-21 16:54:02.556 W/MountService(  374): getVolumeState(/mnt/sdcard/external_SD): Unknown volume
05-21 16:54:02.556 W/MountService(  374): getVolumeState(/mnt/sdcard/external_sd): Unknown volume
05-21 16:54:02.588 D/dalvikvm( 1468): GC_CONCURRENT freed 515K, 21% free 9832K/12308K, paused 4ms+10ms, total 52ms
05-21 16:54:02.588 D/dalvikvm( 1468): WAIT_FOR_CONCURRENT_GC blocked 19ms
05-21 16:54:02.861 D/dalvikvm( 1468): GC_CONCURRENT freed 470K, 20% free 9867K/12308K, paused 10ms+7ms, total 51ms
05-21 16:54:02.861 D/dalvikvm( 1468): WAIT_FOR_CONCURRENT_GC blocked 20ms
05-21 16:54:02.861 D/dalvikvm( 1468): WAIT_FOR_CONCURRENT_GC blocked 3ms
05-21 16:54:02.861 W/MountService(  374): getVolumeState(/storage/emulated/0/external_sd): Unknown volume
05-21 16:54:02.861 W/MountService(  374): getVolumeState(/mnt/sdcard-ext): Unknown volume
05-21 16:54:02.861 W/MountService(  374): getVolumeState(/mnt/ext_sdcard): Unknown volume
05-21 16:54:02.861 W/MountService(  374): getVolumeState(/mnt/sdcard2): Unknown volume
05-21 16:54:02.869 W/MountService(  374): getVolumeState(/mnt/emmc): Unknown volume
05-21 16:54:02.869 W/MountService(  374): getVolumeState(/mnt/extSdCard): Unknown volume
05-21 16:54:02.869 W/MountService(  374): getVolumeState(/mnt/sdcard/SD_CARD): Unknown volume
05-21 16:54:02.869 W/MountService(  374): getVolumeState(/mnt/sdcard/extra_sd): Unknown volume
05-21 16:54:02.869 W/MountService(  374): getVolumeState(/mnt/extrasd_bind): Unknown volume
05-21 16:54:02.869 W/MountService(  374): getVolumeState(/mnt/sdcard/ext_sd): Unknown volume
05-21 16:54:02.869 W/MountService(  374): getVolumeState(/storage/extSdCard): Unknown volume
05-21 16:54:02.869 W/MountService(  374): getVolumeState(/storage/sdcard1): Unknown volume
05-21 16:54:02.869 W/MountService(  374): getVolumeState(/mnt/sdcard/external_SD): Unknown volume
05-21 16:54:02.869 W/MountService(  374): getVolumeState(/mnt/sdcard/external_sd): Unknown volume
05-21 16:54:02.971 D/dalvikvm( 1468): GC_CONCURRENT freed 457K, 21% free 9819K/12308K, paused 4ms+4ms, total 25ms
05-21 16:54:08.361 D/LightsService(  374): Excessive delay setting light: 67ms
05-21 16:54:08.635 D/LightsService(  374): Excessive delay setting light: 67ms
05-21 16:54:14.158 I/PowerManagerService(  374): Going to sleep due to screen timeout...
05-21 16:54:14.814 D/SurfaceFlinger(  124): Screen released, type=0 flinger=0x40e95478
05-21 16:54:14.892 W/Parcel  ( 1661): Attempt to read object from Parcel 0x6013bdac at offset 200 that is not in the object list
05-21 16:54:14.916 V/KeyguardHostView(  374): hide transport, gen:1
05-21 16:54:14.916 V/KeyguardHostView(  374): music state changed: 0
05-21 16:54:14.978 V/TAG     (  374): bug 7643792: fitSystemWindows([0,50][0,0])
05-21 16:54:15.010 V/WiseDownloadConditionControler(29823): checkCondition  type : TODAY_LAUNCHED_USER  inerrupting: false
05-21 16:54:15.025 W/Parcel  ( 1661): Attempt to read object from Parcel 0x6003bdac at offset 200 that is not in the object list
05-21 16:54:15.041 V/MDM :   (31053): [null:-1]->Screen receiver is called.
05-21 16:54:15.049 W/Parcel  ( 1661): Attempt to read object from Parcel 0x6013bdac at offset 200 that is not in the object list
05-21 16:55:00.158 D/dalvikvm(30898): GC_CONCURRENT freed 605K, 7% free 9634K/10332K, paused 3ms+3ms, total 58ms
05-21 16:55:00.166 D/dalvikvm(  374): JIT code cache reset in 6 ms (1048472 bytes 46/0)
05-21 16:55:00.189 D/dalvikvm(  374): GC_CONCURRENT freed 2729K, 21% free 23732K/29760K, paused 4ms+23ms, total 141ms
05-21 16:55:02.580 W/MountService(  374): getVolumeState(/storage/emulated/0/external_sd): Unknown volume
05-21 16:55:02.580 W/MountService(  374): getVolumeState(/mnt/sdcard-ext): Unknown volume
05-21 16:55:02.580 W/MountService(  374): getVolumeState(/mnt/ext_sdcard): Unknown volume
05-21 16:55:02.580 W/MountService(  374): getVolumeState(/mnt/sdcard2): Unknown volume
05-21 16:55:02.580 W/MountService(  374): getVolumeState(/mnt/emmc): Unknown volume
05-21 16:55:02.580 W/MountService(  374): getVolumeState(/mnt/extSdCard): Unknown volume
05-21 16:55:02.588 W/MountService(  374): getVolumeState(/mnt/sdcard/SD_CARD): Unknown volume
05-21 16:55:02.588 W/MountService(  374): getVolumeState(/mnt/sdcard/extra_sd): Unknown volume
05-21 16:55:02.588 W/MountService(  374): getVolumeState(/mnt/extrasd_bind): Unknown volume
05-21 16:55:02.588 W/MountService(  374): getVolumeState(/mnt/sdcard/ext_sd): Unknown volume
05-21 16:55:02.588 W/MountService(  374): getVolumeState(/storage/extSdCard): Unknown volume
05-21 16:55:02.588 W/MountService(  374): getVolumeState(/storage/sdcard1): Unknown volume
05-21 16:55:02.588 W/MountService(  374): getVolumeState(/mnt/sdcard/external_SD): Unknown volume
05-21 16:55:02.596 W/MountService(  374): getVolumeState(/mnt/sdcard/external_sd): Unknown volume
05-21 16:55:02.736 D/dalvikvm( 1468): GC_CONCURRENT freed 340K, 20% free 9953K/12308K, paused 7ms+7ms, total 48ms
05-21 16:55:02.939 W/MountService(  374): getVolumeState(/storage/emulated/0/external_sd): Unknown volume
05-21 16:55:02.939 W/MountService(  374): getVolumeState(/mnt/sdcard-ext): Unknown volume
05-21 16:55:02.939 W/MountService(  374): getVolumeState(/mnt/ext_sdcard): Unknown volume
05-21 16:55:02.939 W/MountService(  374): getVolumeState(/mnt/sdcard2): Unknown volume
05-21 16:55:02.939 W/MountService(  374): getVolumeState(/mnt/emmc): Unknown volume
05-21 16:55:02.939 W/MountService(  374): getVolumeState(/mnt/extSdCard): Unknown volume
05-21 16:55:02.947 W/MountService(  374): getVolumeState(/mnt/sdcard/SD_CARD): Unknown volume
05-21 16:55:02.955 W/MountService(  374): getVolumeState(/mnt/sdcard/extra_sd): Unknown volume
05-21 16:55:02.955 W/MountService(  374): getVolumeState(/mnt/extrasd_bind): Unknown volume
05-21 16:55:02.955 W/MountService(  374): getVolumeState(/mnt/sdcard/ext_sd): Unknown volume
05-21 16:55:02.955 W/MountService(  374): getVolumeState(/storage/extSdCard): Unknown volume
05-21 16:55:02.955 W/MountService(  374): getVolumeState(/storage/sdcard1): Unknown volume
05-21 16:55:02.955 W/MountService(  374): getVolumeState(/mnt/sdcard/external_SD): Unknown volume
05-21 16:55:02.955 W/MountService(  374): getVolumeState(/mnt/sdcard/external_sd): Unknown volume
05-21 16:55:03.010 D/dalvikvm( 1468): GC_CONCURRENT freed 624K, 21% free 9837K/12308K, paused 5ms+9ms, total 49ms
05-21 16:55:03.010 D/dalvikvm( 1468): WAIT_FOR_CONCURRENT_GC blocked 2ms
05-21 16:55:03.799 D/dalvikvm(30898): GC_CONCURRENT freed 362K, 6% free 9784K/10332K, paused 4ms+3ms, total 36ms
05-21 16:55:03.799 D/dalvikvm(30898): WAIT_FOR_CONCURRENT_GC blocked 15ms
05-21 16:55:04.697 D/dalvikvm(32258): Late-enabling CheckJNI
05-21 16:55:04.697 I/ActivityManager(  374): Start proc com.pekall.emdm.launcher:remote for service com.pekall.emdm.launcher/com.baidu.location.f: pid=32258 uid=10066 gids={50066, 1015, 3002, 3001, 3003, 1028}
05-21 16:55:04.767 D/ScClassLoader(32258): >> SOURCE FILE: /data/data/com.pekall.emdm.launcher/app_jars/sc-jdk15on-1.47.0.2.dex.jar
05-21 16:55:04.775 V/MyServiceConnection(32258): [SConnection] sandbox service is NOT installed.
05-21 16:55:04.775 V/MyServiceConnection(32258): [SConnection] binding service: pekall.intent.action.SANDBOX_SERVICE
05-21 16:55:04.830 D/dalvikvm(32258): GC_CONCURRENT freed 92K, 2% free 9290K/9424K, paused 4ms+2ms, total 31ms
05-21 16:55:04.838 W/Parcel  ( 1661): Attempt to read object from Parcel 0x5ef3bdac at offset 200 that is not in the object list
05-21 16:55:04.838 W/Parcel  ( 1661): Attempt to read object from Parcel 0x6003bdac at offset 200 that is not in the object list
05-21 16:55:04.846 D/Email   (32258): Email: init sandbox at the beginning.
05-21 16:55:04.846 V/MyServiceConnection(32258): [SConnection] retry to bind service
05-21 16:55:04.846 V/MyServiceConnection(32258): [SConnection] sandbox service is NOT installed.
05-21 16:55:04.846 V/MyServiceConnection(32258): [SConnection] binding service: pekall.intent.action.SANDBOX_SERVICE
05-21 16:55:04.885 V/MyServiceConnection(32258): [SConnection] retry to bind service
05-21 16:55:04.885 V/MyServiceConnection(32258): [SConnection] sandbox service is NOT installed.
05-21 16:55:04.885 V/MyServiceConnection(32258): [SConnection] binding service: pekall.intent.action.SANDBOX_SERVICE
05-21 16:55:04.908 V/l       (32258): Bind requested for task setLogging
05-21 16:55:04.916 D/ExchangeService(31053): !!! EAS ExchangeService, onCreate
05-21 16:55:04.924 W/Parcel  ( 1661): Attempt to read object from Parcel 0x6013bdac at offset 200 that is not in the object list
05-21 16:55:04.924 D/ExchangeService(31053): !!! EAS ExchangeService, onStartCommand, startingUp = false, running = false
05-21 16:55:04.924 D/ExchangeService(31053): to start secureStorageService now
05-21 16:55:04.924 V/a       (31053): Bind requested for task test
05-21 16:55:04.931 V/a       (31053): Connected: com.pekall.semail.service.AccountServiceInternal
05-21 16:55:04.939 D/ExchangeService(31053): Reconciling accounts...
05-21 16:55:04.939 V/a       (31053): Connection test succeeded in 12ms
05-21 16:55:04.939 V/a       (31053): Bind requested for task reconcileAccounts
05-21 16:55:04.939 V/a       (31053): Task test completed; disconnecting
05-21 16:55:04.947 D/dalvikvm(32258): GC_CONCURRENT freed 263K, 4% free 9538K/9840K, paused 2ms+3ms, total 45ms
05-21 16:55:04.947 D/dalvikvm(32258): WAIT_FOR_CONCURRENT_GC blocked 31ms
05-21 16:55:04.947 D/dalvikvm(32258): WAIT_FOR_CONCURRENT_GC blocked 23ms
05-21 16:55:04.955 D/dalvikvm(32258): WAIT_FOR_CONCURRENT_GC blocked 34ms
05-21 16:55:04.955 V/a       (31053): Connected: com.pekall.semail.service.AccountServiceInternal
05-21 16:55:04.986 V/a       (31053): Task reconcileAccounts completed; disconnecting
05-21 16:55:05.010 V/a       (31053): Waiting for task reconcileAccounts to complete...
05-21 16:55:05.017 W/DocumentManager(32258): Sandbox service is not connected.
05-21 16:55:05.017 D/MessageControllerImpl(32258): controller is null
05-21 16:55:05.017 V/MyServiceConnection(32258): [SConnection] retry to bind service
05-21 16:55:05.017 V/MyServiceConnection(32258): [SConnection] sandbox service is NOT installed.
05-21 16:55:05.017 V/MyServiceConnection(32258): [SConnection] binding service: pekall.intent.action.SANDBOX_SERVICE
05-21 16:55:05.017 W/SQLiteOpenHelper(32258): Opened /data/data/com.pekall.emdm.launcher/databases/message.db
05-21 16:55:05.017 W/dalvikvm(32258): No implementation found for native Lcom/pekall/sandbox/database/sqlite/SQLiteDatabase;.native_setSqliteSoftHeapLimit:(I)V
05-21 16:55:05.017 D/AndroidRuntime(32258): Shutting down VM
05-21 16:55:05.017 W/dalvikvm(32258): threadid=1: thread exiting with uncaught exception (group=0x419c8700)
05-21 16:55:05.017 D/        (32258): [---null: -1---]  Thread is main
05-21 16:55:05.017 W/System.err(32258): java.lang.UnsatisfiedLinkError: Native method not found: com.pekall.sandbox.database.sqlite.SQLiteDatabase.native_setSqliteSoftHeapLimit:(I)V
05-21 16:55:05.025 W/System.err(32258): 	at com.pekall.sandbox.database.sqlite.SQLiteDatabase.native_setSqliteSoftHeapLimit(Native Method)
05-21 16:55:05.025 W/System.err(32258): 	at com.pekall.sandbox.database.sqlite.SQLiteDatabase.<init>(Unknown Source)
05-21 16:55:05.025 W/System.err(32258): 	at com.pekall.sandbox.database.sqlite.SQLiteDatabase.openDatabase(Unknown Source)
05-21 16:55:05.025 W/System.err(32258): 	at com.pekall.sandbox.database.sqlite.SQLiteDatabase.openDatabase(Unknown Source)
05-21 16:55:05.025 W/System.err(32258): 	at com.pekall.sandbox.database.sqlite.SQLiteDatabase.openDatabase(Unknown Source)
05-21 16:55:05.025 W/System.err(32258): 	at com.pekall.sandbox.database.sqlite.SQLiteOpenHelper.getWritableDatabase(Unknown Source)
05-21 16:55:05.025 W/System.err(32258): 	at com.pekall.emdm.messagecenter.db.a.a(Unknown Source)
05-21 16:55:05.025 W/System.err(32258): 	at com.pekall.emdm.messagecenter.db.a.b(Unknown Source)
05-21 16:55:05.025 W/System.err(32258): 	at com.pekall.emdm.messagecenter.activity.a.onCreate(Unknown Source)
05-21 16:55:05.025 W/System.err(32258): 	at com.pekall.emdm.launcher.LauncherApplication.onCreate(Unknown Source)
05-21 16:55:05.025 W/System.err(32258): 	at android.app.Instrumentation.callApplicationOnCreate(Instrumentation.java:1007)
05-21 16:55:05.025 W/System.err(32258): 	at android.app.ActivityThread.handleBindApplication(ActivityThread.java:4444)
05-21 16:55:05.025 W/System.err(32258): 	at android.app.ActivityThread.access$1300(ActivityThread.java:141)
05-21 16:55:05.025 W/System.err(32258): 	at android.app.ActivityThread$H.handleMessage(ActivityThread.java:1316)
05-21 16:55:05.025 W/System.err(32258): 	at android.os.Handler.dispatchMessage(Handler.java:99)
05-21 16:55:05.025 W/System.err(32258): 	at android.os.Looper.loop(Looper.java:137)
05-21 16:55:05.025 W/System.err(32258): 	at android.app.ActivityThread.main(ActivityThread.java:5103)
05-21 16:55:05.025 W/System.err(32258): 	at java.lang.reflect.Method.invokeNative(Native Method)
05-21 16:55:05.041 W/System.err(32258): 	at java.lang.reflect.Method.invoke(Method.java:525)
05-21 16:55:05.041 W/System.err(32258): 	at com.android.internal.os.ZygoteInit$MethodAndArgsCaller.run(ZygoteInit.java:737)
05-21 16:55:05.041 W/System.err(32258): 	at com.android.internal.os.ZygoteInit.main(ZygoteInit.java:553)
05-21 16:55:05.041 W/System.err(32258): 	at dalvik.system.NativeStart.main(Native Method)
05-21 16:55:05.064 D/dalvikvm(32258): GC_CONCURRENT freed 460K, 6% free 9467K/9968K, paused 4ms+2ms, total 39ms
05-21 16:55:05.064 D/ActivityThread(32258): Loading provider com.pekall.semail.provider;com.pekall.semail.notifier: com.pekall.semail.provider.EmailProvider
05-21 16:55:05.158 D/ActivityThread(32258): Loading provider com.pekall.semail.provider;com.pekall.semail.notifier: com.pekall.semail.provider.EmailProvider
05-21 16:55:05.619 W/EmailProvider(32258): restoreIfNeeded...
05-21 16:55:05.697 D/EmailProvider(32258): restoreAccounts...
05-21 16:55:06.260 D/EmailProvider(32258): No accounts to restore...
05-21 16:55:06.267 D/EmailProvider(32258): Deleting orphans...
05-21 16:55:06.400 D/EmailProvider(32258): EmailProvider pre-caching...
05-21 16:55:06.877 D/EmailProvider(32258): EmailProvider ready.
05-21 16:55:07.283 I/Email   (32258): Notifications being toggled: false
05-21 16:55:07.283 W/ActivityManager(  374): Unable to start service Intent { cmp=com.pekall.emdm.launcher/com.pekall.semail.service.AttachmentDownloadService } U=0: not found
05-21 16:55:24.736 W/ActivityManager(  374): Timeout executing service: ServiceRecord{42d942e0 u0 com.pekall.emdm.launcher/com.baidu.location.f}
05-21 16:55:24.775 I/Process (  374): Sending signal. PID: 32258 SIG: 3
05-21 16:55:24.775 I/dalvikvm(32258): threadid=3: reacting to signal 3
05-21 16:55:24.971 I/Process (  374): Sending signal. PID: 374 SIG: 3
05-21 16:55:24.978 I/dalvikvm(  374): threadid=3: reacting to signal 3
05-21 16:55:25.025 D/dalvikvm(32258): JIT unchain all for threadid=11
05-21 16:55:25.103 I/dalvikvm(32258): Wrote stack traces to '/data/anr/traces.txt'
05-21 16:55:30.681 I/dalvikvm(  374): Wrote stack traces to '/data/anr/traces.txt'
05-21 16:55:30.861 I/Process (  374): Sending signal. PID: 448 SIG: 3
05-21 16:55:30.861 I/dalvikvm(  448): threadid=3: reacting to signal 3
05-21 16:55:30.861 I/Process (  374): Sending signal. PID: 561 SIG: 3
05-21 16:55:30.869 I/dalvikvm(  561): threadid=3: reacting to signal 3
05-21 16:55:30.963 I/dalvikvm(  561): Wrote stack traces to '/data/anr/traces.txt'
05-21 16:55:30.963 I/Process (  374): Sending signal. PID: 568 SIG: 3
05-21 16:55:30.963 I/dalvikvm(  568): threadid=3: reacting to signal 3
05-21 16:55:31.041 I/dalvikvm(  568): Wrote stack traces to '/data/anr/traces.txt'
05-21 16:55:31.088 D/dalvikvm(  561): GC_CONCURRENT freed 387K, 6% free 9354K/9864K, paused 2ms+2ms, total 105ms
05-21 16:55:32.025 I/dalvikvm(  448): Wrote stack traces to '/data/anr/traces.txt'
05-21 16:55:32.025 D/dalvikvm(  374): GC_EXPLICIT freed 2052K, 21% free 23622K/29760K, paused 4ms+12ms, total 133ms
05-21 16:55:32.650 I/Process (  374): Sending signal. PID: 31053 SIG: 3
05-21 16:55:32.650 I/dalvikvm(31053): threadid=3: reacting to signal 3
05-21 16:55:32.846 I/Process (  374): Sending signal. PID: 29569 SIG: 3
05-21 16:55:32.846 I/dalvikvm(29569): threadid=3: reacting to signal 3
05-21 16:55:32.900 D/dalvikvm(31053): JIT unchain all for threadid=11
05-21 16:55:32.978 I/dalvikvm(29569): Wrote stack traces to '/data/anr/traces.txt'
05-21 16:55:33.010 E/ActivityManager(  374): ANR in com.pekall.emdm.launcher:remote
05-21 16:55:33.010 E/ActivityManager(  374): Reason: Executing service com.pekall.emdm.launcher/com.baidu.location.f
05-21 16:55:33.010 E/ActivityManager(  374): Load: 2.36 / 2.4 / 2.11
05-21 16:55:33.010 E/ActivityManager(  374): CPU usage from 0ms to 8245ms later:
05-21 16:55:33.010 E/ActivityManager(  374):   86% 31053/com.pekall.emdm.launcher: 86% user + 0.1% kernel / faults: 225 minor
05-21 16:55:33.010 E/ActivityManager(  374):   82% 32258/com.pekall.emdm.launcher:remote: 81% user + 0.4% kernel / faults: 116 minor
05-21 16:55:33.010 E/ActivityManager(  374):   22% 374/system_server: 17% user + 4.9% kernel / faults: 858 minor
05-21 16:55:33.010 E/ActivityManager(  374):   1.4% 448/com.android.systemui: 1.3% user + 0% kernel / faults: 34 minor
05-21 16:55:33.010 E/ActivityManager(  374):   0.3% 561/com.android.phone: 0.2% user + 0.1% kernel / faults: 97 minor 2 major
05-21 16:55:33.010 E/ActivityManager(  374):   0.6% 29569/com.qihoo.appstore: 0.3% user + 0.2% kernel / faults: 264 minor 1 major
05-21 16:55:33.010 E/ActivityManager(  374):   0% 568/com.android.nfc: 0% user + 0% kernel / faults: 33 minor
05-21 16:55:33.010 E/ActivityManager(  374):   0.2% 30898/com.google.android.apps.maps:GoogleLocationService: 0.2% user + 0% kernel / faults: 2 minor
05-21 16:55:33.010 E/ActivityManager(  374):   0% 82/mmcqd/0: 0% user + 0% kernel
05-21 16:55:33.010 E/ActivityManager(  374):   0% 546/com.google.process.location: 0% user + 0% kernel / faults: 5 minor 1 major
05-21 16:55:33.010 E/ActivityManager(  374):   0% 1661/com.qihoo360.mobilesafe:GuardService: 0% user + 0% kernel / faults: 9 minor
05-21 16:55:33.010 E/ActivityManager(  374): 100% TOTAL: 96% user + 3.2% kernel + 0% softirq
05-21 16:55:33.010 E/ActivityManager(  374): CPU usage from 7301ms to 7841ms later:
05-21 16:55:33.010 E/ActivityManager(  374):   96% 32258/com.pekall.emdm.launcher:remote: 96% user + 0% kernel
05-21 16:55:33.010 E/ActivityManager(  374):     100% 32271/Thread-3714: 100% user + 0% kernel
05-21 16:55:33.010 E/ActivityManager(  374):   94% 31053/com.pekall.emdm.launcher: 94% user + 0% kernel
05-21 16:55:33.010 E/ActivityManager(  374):     94% 31066/Thread-3666: 94% user + 0% kernel
05-21 16:55:33.010 E/ActivityManager(  374):   9% 374/system_server: 1.8% user + 7.2% kernel / faults: 4 minor
05-21 16:55:33.010 E/ActivityManager(  374):     9% 390/ActivityManager: 3.6% user + 5.4% kernel
05-21 16:55:33.010 E/ActivityManager(  374):   1% 29569/com.qihoo.appstore: 1% user + 0% kernel
05-21 16:55:33.010 E/ActivityManager(  374): 100% TOTAL: 97% user + 2.7% kernel
05-21 16:55:33.033 W/ActivityManager(  374): Killing ProcessRecord{422aaa50 32258:com.pekall.emdm.launcher:remote/u0a10066}: background ANR
05-21 16:55:33.049 I/dalvikvm(31053): Wrote stack traces to '/data/anr/traces.txt'
05-21 16:55:33.150 D/dalvikvm(  374): GC_FOR_ALLOC freed 1593K, 22% free 23355K/29760K, paused 108ms, total 108ms
05-21 16:55:33.150 I/ActivityManager(  374): Process com.pekall.emdm.launcher:remote (pid 32258) has died.
05-21 16:55:33.150 W/ActivityManager(  374): Scheduling restart of crashed service com.pekall.emdm.launcher/com.baidu.location.f in 1280000ms
05-21 16:55:42.713 D/dalvikvm( 1661): GC_EXPLICIT freed 686K, 18% free 13068K/15888K, paused 3ms+5ms, total 64ms
05-21 16:55:47.783 D/dalvikvm( 1661): GC_EXPLICIT freed 37K, 18% free 13031K/15888K, paused 3ms+5ms, total 61ms
05-21 16:55:50.033 V/a       (31053): Wait for reconcileAccounts finished in 45025ms
05-21 16:55:50.033 D/ExchangeService(31053): !!! EAS ExchangeService, stopping self
05-21 16:55:50.041 D/ExchangeService(31053): !!! EAS ExchangeService, onDestroy
05-21 16:55:57.783 D/dalvikvm( 1661): GC_EXPLICIT freed <1K, 18% free 13031K/15888K, paused 3ms+5ms, total 61ms
05-21 16:56:01.861 W/Parcel  ( 1661): Attempt to read object from Parcel 0x6003bdac at offset 200 that is not in the object list
05-21 16:56:02.596 W/MountService(  374): getVolumeState(/storage/emulated/0/external_sd): Unknown volume
05-21 16:56:02.596 W/MountService(  374): getVolumeState(/mnt/sdcard-ext): Unknown volume
05-21 16:56:02.596 W/MountService(  374): getVolumeState(/mnt/ext_sdcard): Unknown volume
05-21 16:56:02.596 W/MountService(  374): getVolumeState(/mnt/sdcard2): Unknown volume
05-21 16:56:02.596 W/MountService(  374): getVolumeState(/mnt/emmc): Unknown volume
05-21 16:56:02.596 W/MountService(  374): getVolumeState(/mnt/extSdCard): Unknown volume
05-21 16:56:02.596 W/MountService(  374): getVolumeState(/mnt/sdcard/SD_CARD): Unknown volume
05-21 16:56:02.596 W/MountService(  374): getVolumeState(/mnt/sdcard/extra_sd): Unknown volume
05-21 16:56:02.603 W/MountService(  374): getVolumeState(/mnt/extrasd_bind): Unknown volume
05-21 16:56:02.603 W/MountService(  374): getVolumeState(/mnt/sdcard/ext_sd): Unknown volume
05-21 16:56:02.603 W/MountService(  374): getVolumeState(/storage/extSdCard): Unknown volume
05-21 16:56:02.603 W/MountService(  374): getVolumeState(/storage/sdcard1): Unknown volume
05-21 16:56:02.603 W/MountService(  374): getVolumeState(/mnt/sdcard/external_SD): Unknown volume
05-21 16:56:02.603 W/MountService(  374): getVolumeState(/mnt/sdcard/external_sd): Unknown volume
05-21 16:56:02.697 D/dalvikvm( 1468): GC_CONCURRENT freed 480K, 20% free 9860K/12308K, paused 7ms+30ms, total 93ms
05-21 16:56:02.697 D/dalvikvm( 1468): WAIT_FOR_CONCURRENT_GC blocked 5ms
05-21 16:56:02.994 W/MountService(  374): getVolumeState(/storage/emulated/0/external_sd): Unknown volume
05-21 16:56:02.994 W/MountService(  374): getVolumeState(/mnt/sdcard-ext): Unknown volume
05-21 16:56:03.002 W/MountService(  374): getVolumeState(/mnt/ext_sdcard): Unknown volume
05-21 16:56:03.002 W/MountService(  374): getVolumeState(/mnt/sdcard2): Unknown volume
05-21 16:56:03.010 W/MountService(  374): getVolumeState(/mnt/emmc): Unknown volume
05-21 16:56:03.010 W/MountService(  374): getVolumeState(/mnt/extSdCard): Unknown volume
05-21 16:56:03.010 W/MountService(  374): getVolumeState(/mnt/sdcard/SD_CARD): Unknown volume
05-21 16:56:03.010 W/MountService(  374): getVolumeState(/mnt/sdcard/extra_sd): Unknown volume
05-21 16:56:03.010 W/MountService(  374): getVolumeState(/mnt/extrasd_bind): Unknown volume
05-21 16:56:03.010 W/MountService(  374): getVolumeState(/mnt/sdcard/ext_sd): Unknown volume
05-21 16:56:03.010 W/MountService(  374): getVolumeState(/storage/extSdCard): Unknown volume
05-21 16:56:03.010 W/MountService(  374): getVolumeState(/storage/sdcard1): Unknown volume
05-21 16:56:03.010 W/MountService(  374): getVolumeState(/mnt/sdcard/external_SD): Unknown volume
05-21 16:56:03.010 W/MountService(  374): getVolumeState(/mnt/sdcard/external_sd): Unknown volume
05-21 16:56:03.025 D/dalvikvm( 1468): GC_CONCURRENT freed 512K, 20% free 9859K/12308K, paused 7ms+7ms, total 59ms
05-21 16:56:03.025 D/dalvikvm( 1468): WAIT_FOR_CONCURRENT_GC blocked 15ms
05-21 16:56:03.025 D/dalvikvm( 1468): WAIT_FOR_CONCURRENT_GC blocked 15ms
05-21 16:56:08.564 D/MdmService(31053): [null:-1]->receiver action :com.pekall.mdm.action.MDM_ALARM
05-21 16:56:08.572 D/ProfileManager(31053): [null:-1]->check policy checking :false
05-21 16:56:08.580 D/com.pekall.restrictions.policy(31053): [null:-1]->allowBluetooth : null
05-21 16:56:08.580 D/com.pekall.restrictions.policy(31053): [null:-1]->ensureSimulateLocation :null
05-21 16:56:08.580 D/com.pekall.restrictions.policy(31053): [null:-1]->allowUseNetworkDate : null
05-21 16:56:08.580 E/DatabaseUtils(  374): Writing exception to parcel
05-21 16:56:08.580 E/DatabaseUtils(  374): java.lang.SecurityException: Permission denial: writing to secure settings requires android.permission.WRITE_SECURE_SETTINGS
05-21 16:56:08.580 E/DatabaseUtils(  374): 	at com.android.providers.settings.SettingsProvider.checkWritePermissions(SettingsProvider.java:279)
05-21 16:56:08.580 E/DatabaseUtils(  374): 	at com.android.providers.settings.SettingsProvider.insertForUser(SettingsProvider.java:897)
05-21 16:56:08.580 E/DatabaseUtils(  374): 	at com.android.providers.settings.SettingsProvider.callFromPackage(SettingsProvider.java:634)
05-21 16:56:08.580 E/DatabaseUtils(  374): 	at android.content.ContentProvider$Transport.call(ContentProvider.java:279)
05-21 16:56:08.580 E/DatabaseUtils(  374): 	at android.content.ContentProviderNative.onTransact(ContentProviderNative.java:273)
05-21 16:56:08.580 E/DatabaseUtils(  374): 	at android.os.Binder.execTransact(Binder.java:388)
05-21 16:56:08.580 E/DatabaseUtils(  374): 	at dalvik.system.NativeStart.run(Native Method)
05-21 16:56:08.588 D/com.pekall.restrictions.policy(31053): [null:-1]->allowUseNetworkDate error
05-21 16:56:08.588 D/com.pekall.restrictions.policy(31053): java.lang.SecurityException: Permission denial: writing to secure settings requires android.permission.WRITE_SECURE_SETTINGS
05-21 16:56:08.588 D/com.pekall.restrictions.policy(31053): 	at android.os.Parcel.readException(Parcel.java:1431)
05-21 16:56:08.588 D/com.pekall.restrictions.policy(31053): 	at android.database.DatabaseUtils.readExceptionFromParcel(DatabaseUtils.java:185)
05-21 16:56:08.588 D/com.pekall.restrictions.policy(31053): 	at android.database.DatabaseUtils.readExceptionFromParcel(DatabaseUtils.java:137)
05-21 16:56:08.588 D/com.pekall.restrictions.policy(31053): 	at android.content.ContentProviderProxy.call(ContentProviderNative.java:602)
05-21 16:56:08.588 D/com.pekall.restrictions.policy(31053): 	at android.provider.Settings$NameValueCache.putStringForUser(Settings.java:818)
05-21 16:56:08.588 D/com.pekall.restrictions.policy(31053): 	at android.provider.Settings$Global.putStringForUser(Settings.java:5529)
05-21 16:56:08.588 D/com.pekall.restrictions.policy(31053): 	at android.provider.Settings$Global.putString(Settings.java:5519)
05-21 16:56:08.588 D/com.pekall.restrictions.policy(31053): 	at android.provider.Settings$Global.putInt(Settings.java:5607)
05-21 16:56:08.588 D/com.pekall.restrictions.policy(31053): 	at com.pekall.emdm.b.c.b.j.c(Unknown Source)
05-21 16:56:08.588 D/com.pekall.restrictions.policy(31053): 	at com.pekall.emdm.b.c.b.j.h(Unknown Source)
05-21 16:56:08.588 D/com.pekall.restrictions.policy(31053): 	at com.pekall.emdm.b.c.e.run(Unknown Source)
05-21 16:56:08.588 D/com.pekall.restrictions.policy(31053): [null:-1]->allowNFC : null
05-21 16:56:08.596 D/InnerClass(31053): [null:-1]->enableNfc : 
05-21 16:56:08.596 D/InnerClass(31053): java.lang.reflect.InvocationTargetException
05-21 16:56:08.596 D/InnerClass(31053): 	at java.lang.reflect.Method.invokeNative(Native Method)
05-21 16:56:08.596 D/InnerClass(31053): 	at java.lang.reflect.Method.invoke(Method.java:525)
05-21 16:56:08.596 D/InnerClass(31053): 	at com.pekall.emdm.c.i.a(Unknown Source)
05-21 16:56:08.596 D/InnerClass(31053): 	at com.pekall.emdm.c.c.a(Unknown Source)
05-21 16:56:08.596 D/InnerClass(31053): 	at com.pekall.emdm.b.c.b.j.b(Unknown Source)
05-21 16:56:08.596 D/InnerClass(31053): 	at com.pekall.emdm.b.c.b.j.h(Unknown Source)
05-21 16:56:08.596 D/InnerClass(31053): 	at com.pekall.emdm.b.c.e.run(Unknown Source)
05-21 16:56:08.596 D/InnerClass(31053): Caused by: java.lang.SecurityException: WRITE_SECURE_SETTINGS permission required: Neither user 10066 nor current process has android.permission.WRITE_SECURE_SETTINGS.
05-21 16:56:08.596 D/InnerClass(31053): 	at android.os.Parcel.readException(Parcel.java:1431)
05-21 16:56:08.596 D/InnerClass(31053): 	at android.os.Parcel.readException(Parcel.java:1385)
05-21 16:56:08.596 D/InnerClass(31053): 	at android.nfc.INfcAdapter$Stub$Proxy.disable(INfcAdapter.java:252)
05-21 16:56:08.596 D/InnerClass(31053): 	at android.nfc.NfcAdapter.disable(NfcAdapter.java:574)
05-21 16:56:08.596 D/InnerClass(31053): 	... 7 more
05-21 16:56:08.853 D/MDM :   (31053): [null:-1]->MSG_WEBSOCKET_CLOSE
05-21 16:57:02.611 W/MountService(  374): getVolumeState(/storage/emulated/0/external_sd): Unknown volume
05-21 16:57:02.611 W/MountService(  374): getVolumeState(/mnt/sdcard-ext): Unknown volume
05-21 16:57:02.611 W/MountService(  374): getVolumeState(/mnt/ext_sdcard): Unknown volume
05-21 16:57:02.611 W/MountService(  374): getVolumeState(/mnt/sdcard2): Unknown volume
