05-21 17:40:04.228 W/MountService(  374): getVolumeState(/mnt/sdcard/external_sd): Unknown volume
05-21 17:41:03.916 W/MountService(  374): getVolumeState(/storage/emulated/0/external_sd): Unknown volume
05-21 17:41:03.916 W/MountService(  374): getVolumeState(/mnt/sdcard-ext): Unknown volume
05-21 17:41:03.916 W/MountService(  374): getVolumeState(/mnt/ext_sdcard): Unknown volume
05-21 17:41:03.916 W/MountService(  374): getVolumeState(/mnt/sdcard2): Unknown volume
05-21 17:41:03.916 W/MountService(  374): getVolumeState(/mnt/emmc): Unknown volume
05-21 17:41:03.916 W/MountService(  374): getVolumeState(/mnt/extSdCard): Unknown volume
05-21 17:41:03.916 W/MountService(  374): getVolumeState(/mnt/sdcard/SD_CARD): Unknown volume
05-21 17:41:03.924 W/MountService(  374): getVolumeState(/mnt/sdcard/extra_sd): Unknown volume
05-21 17:41:03.924 W/MountService(  374): getVolumeState(/mnt/extrasd_bind): Unknown volume
05-21 17:41:03.924 W/MountService(  374): getVolumeState(/mnt/sdcard/ext_sd): Unknown volume
05-21 17:41:03.924 W/MountService(  374): getVolumeState(/storage/extSdCard): Unknown volume
05-21 17:41:03.924 W/MountService(  374): getVolumeState(/storage/sdcard1): Unknown volume
05-21 17:41:03.939 W/MountService(  374): getVolumeState(/mnt/sdcard/external_SD): Unknown volume
05-21 17:41:03.939 W/MountService(  374): getVolumeState(/mnt/sdcard/external_sd): Unknown volume
05-21 17:41:04.314 W/MountService(  374): getVolumeState(/storage/emulated/0/external_sd): Unknown volume
05-21 17:41:04.314 W/MountService(  374): getVolumeState(/mnt/sdcard-ext): Unknown volume
05-21 17:41:04.314 W/MountService(  374): getVolumeState(/mnt/ext_sdcard): Unknown volume
05-21 17:41:04.314 W/MountService(  374): getVolumeState(/mnt/sdcard2): Unknown volume
05-21 17:41:04.314 W/MountService(  374): getVolumeState(/mnt/emmc): Unknown volume
05-21 17:41:04.322 W/MountService(  374): getVolumeState(/mnt/extSdCard): Unknown volume
05-21 17:41:04.322 W/MountService(  374): getVolumeState(/mnt/sdcard/SD_CARD): Unknown volume
05-21 17:41:04.322 W/MountService(  374): getVolumeState(/mnt/sdcard/extra_sd): Unknown volume
05-21 17:41:04.322 W/MountService(  374): getVolumeState(/mnt/extrasd_bind): Unknown volume
05-21 17:41:04.322 W/MountService(  374): getVolumeState(/mnt/sdcard/ext_sd): Unknown volume
05-21 17:41:04.322 W/MountService(  374): getVolumeState(/storage/extSdCard): Unknown volume
05-21 17:41:04.322 W/MountService(  374): getVolumeState(/storage/sdcard1): Unknown volume
05-21 17:41:04.322 W/MountService(  374): getVolumeState(/mnt/sdcard/external_SD): Unknown volume
05-21 17:41:04.322 W/MountService(  374): getVolumeState(/mnt/sdcard/external_sd): Unknown volume
05-21 17:42:04.002 W/MountService(  374): getVolumeState(/storage/emulated/0/external_sd): Unknown volume
05-21 17:42:04.002 W/MountService(  374): getVolumeState(/mnt/sdcard-ext): Unknown volume
05-21 17:42:04.002 W/MountService(  374): getVolumeState(/mnt/ext_sdcard): Unknown volume
05-21 17:42:04.002 W/MountService(  374): getVolumeState(/mnt/sdcard2): Unknown volume
05-21 17:42:04.002 W/MountService(  374): getVolumeState(/mnt/emmc): Unknown volume
05-21 17:42:04.010 W/MountService(  374): getVolumeState(/mnt/extSdCard): Unknown volume
05-21 17:42:04.010 W/MountService(  374): getVolumeState(/mnt/sdcard/SD_CARD): Unknown volume
05-21 17:42:04.010 W/MountService(  374): getVolumeState(/mnt/sdcard/extra_sd): Unknown volume
05-21 17:42:04.010 W/MountService(  374): getVolumeState(/mnt/extrasd_bind): Unknown volume
05-21 17:42:04.010 W/MountService(  374): getVolumeState(/mnt/sdcard/ext_sd): Unknown volume
05-21 17:42:04.010 W/MountService(  374): getVolumeState(/storage/extSdCard): Unknown volume
05-21 17:42:04.010 W/MountService(  374): getVolumeState(/storage/sdcard1): Unknown volume
05-21 17:42:04.010 W/MountService(  374): getVolumeState(/mnt/sdcard/external_SD): Unknown volume
05-21 17:42:04.010 W/MountService(  374): getVolumeState(/mnt/sdcard/external_sd): Unknown volume
05-21 17:42:04.322 W/MountService(  374): getVolumeState(/storage/emulated/0/external_sd): Unknown volume
05-21 17:42:04.322 W/MountService(  374): getVolumeState(/mnt/sdcard-ext): Unknown volume
05-21 17:42:04.322 W/MountService(  374): getVolumeState(/mnt/ext_sdcard): Unknown volume
05-21 17:42:04.322 W/MountService(  374): getVolumeState(/mnt/sdcard2): Unknown volume
05-21 17:42:04.330 W/MountService(  374): getVolumeState(/mnt/emmc): Unknown volume
05-21 17:42:04.330 W/MountService(  374): getVolumeState(/mnt/extSdCard): Unknown volume
05-21 17:42:04.330 W/MountService(  374): getVolumeState(/mnt/sdcard/SD_CARD): Unknown volume
05-21 17:42:04.330 W/MountService(  374): getVolumeState(/mnt/sdcard/extra_sd): Unknown volume
05-21 17:42:04.330 W/MountService(  374): getVolumeState(/mnt/extrasd_bind): Unknown volume
05-21 17:42:04.330 W/MountService(  374): getVolumeState(/mnt/sdcard/ext_sd): Unknown volume
05-21 17:42:04.330 W/MountService(  374): getVolumeState(/storage/extSdCard): Unknown volume
05-21 17:42:04.330 W/MountService(  374): getVolumeState(/storage/sdcard1): Unknown volume
05-21 17:42:04.330 W/MountService(  374): getVolumeState(/mnt/sdcard/external_SD): Unknown volume
05-21 17:42:04.338 W/MountService(  374): getVolumeState(/mnt/sdcard/external_sd): Unknown volume
05-21 17:43:04.064 W/MountService(  374): getVolumeState(/storage/emulated/0/external_sd): Unknown volume
05-21 17:43:04.064 W/MountService(  374): getVolumeState(/mnt/sdcard-ext): Unknown volume
05-21 17:43:04.064 W/MountService(  374): getVolumeState(/mnt/ext_sdcard): Unknown volume
05-21 17:43:04.064 W/MountService(  374): getVolumeState(/mnt/sdcard2): Unknown volume
05-21 17:43:04.064 W/MountService(  374): getVolumeState(/mnt/emmc): Unknown volume
05-21 17:43:04.072 W/MountService(  374): getVolumeState(/mnt/extSdCard): Unknown volume
05-21 17:43:04.072 W/MountService(  374): getVolumeState(/mnt/sdcard/SD_CARD): Unknown volume
05-21 17:43:04.072 W/MountService(  374): getVolumeState(/mnt/sdcard/extra_sd): Unknown volume
05-21 17:43:04.072 W/MountService(  374): getVolumeState(/mnt/extrasd_bind): Unknown volume
05-21 17:43:04.072 W/MountService(  374): getVolumeState(/mnt/sdcard/ext_sd): Unknown volume
05-21 17:43:04.072 W/MountService(  374): getVolumeState(/storage/extSdCard): Unknown volume
05-21 17:43:04.072 W/MountService(  374): getVolumeState(/storage/sdcard1): Unknown volume
05-21 17:43:04.072 W/MountService(  374): getVolumeState(/mnt/sdcard/external_SD): Unknown volume
05-21 17:43:04.072 W/MountService(  374): getVolumeState(/mnt/sdcard/external_sd): Unknown volume
05-21 17:43:04.447 W/MountService(  374): getVolumeState(/storage/emulated/0/external_sd): Unknown volume
05-21 17:43:04.447 W/MountService(  374): getVolumeState(/mnt/sdcard-ext): Unknown volume
05-21 17:43:04.447 W/MountService(  374): getVolumeState(/mnt/ext_sdcard): Unknown volume
05-21 17:43:04.455 W/MountService(  374): getVolumeState(/mnt/sdcard2): Unknown volume
05-21 17:43:04.455 W/MountService(  374): getVolumeState(/mnt/emmc): Unknown volume
05-21 17:43:04.455 W/MountService(  374): getVolumeState(/mnt/extSdCard): Unknown volume
05-21 17:43:04.455 W/MountService(  374): getVolumeState(/mnt/sdcard/SD_CARD): Unknown volume
05-21 17:43:04.455 W/MountService(  374): getVolumeState(/mnt/sdcard/extra_sd): Unknown volume
05-21 17:43:04.455 W/MountService(  374): getVolumeState(/mnt/extrasd_bind): Unknown volume
05-21 17:43:04.455 W/MountService(  374): getVolumeState(/mnt/sdcard/ext_sd): Unknown volume
05-21 17:43:04.455 W/MountService(  374): getVolumeState(/storage/extSdCard): Unknown volume
05-21 17:43:04.463 W/MountService(  374): getVolumeState(/storage/sdcard1): Unknown volume
05-21 17:43:04.463 W/MountService(  374): getVolumeState(/mnt/sdcard/external_SD): Unknown volume
05-21 17:43:04.463 W/MountService(  374): getVolumeState(/mnt/sdcard/external_sd): Unknown volume
05-21 17:43:51.736 I/PowerManagerService(  374): Waking up from sleep...
05-21 17:43:51.830 I/WindowManager(  374): Lock screen displayed!
05-21 17:43:52.033 I/ActivityManager(  374): Start proc com.qihoo.appstore for service com.qihoo.appstore/.express.DownloadCoreService: pid=32696 uid=10064 gids={50064, 3003, 1015, 3002, 1006, 3001, 1028}
05-21 17:44:04.111 W/MountService(  374): getVolumeState(/storage/emulated/0/external_sd): Unknown volume
05-21 17:44:04.111 W/MountService(  374): getVolumeState(/mnt/sdcard-ext): Unknown volume
05-21 17:44:04.111 W/MountService(  374): getVolumeState(/mnt/ext_sdcard): Unknown volume
05-21 17:44:04.111 W/MountService(  374): getVolumeState(/mnt/sdcard2): Unknown volume
05-21 17:44:04.111 W/MountService(  374): getVolumeState(/mnt/emmc): Unknown volume
05-21 17:44:04.111 W/MountService(  374): getVolumeState(/mnt/extSdCard): Unknown volume
05-21 17:44:04.111 W/MountService(  374): getVolumeState(/mnt/sdcard/SD_CARD): Unknown volume
05-21 17:44:04.111 W/MountService(  374): getVolumeState(/mnt/sdcard/extra_sd): Unknown volume
05-21 17:44:04.111 W/MountService(  374): getVolumeState(/mnt/extrasd_bind): Unknown volume
05-21 17:44:04.119 W/MountService(  374): getVolumeState(/mnt/sdcard/ext_sd): Unknown volume
05-21 17:44:04.119 W/MountService(  374): getVolumeState(/storage/extSdCard): Unknown volume
05-21 17:44:04.119 W/MountService(  374): getVolumeState(/storage/sdcard1): Unknown volume
05-21 17:44:04.119 W/MountService(  374): getVolumeState(/mnt/sdcard/external_SD): Unknown volume
05-21 17:44:04.119 W/MountService(  374): getVolumeState(/mnt/sdcard/external_sd): Unknown volume
05-21 17:44:04.447 W/MountService(  374): getVolumeState(/storage/emulated/0/external_sd): Unknown volume
05-21 17:44:04.447 W/MountService(  374): getVolumeState(/mnt/sdcard-ext): Unknown volume
05-21 17:44:04.447 W/MountService(  374): getVolumeState(/mnt/ext_sdcard): Unknown volume
05-21 17:44:04.447 W/MountService(  374): getVolumeState(/mnt/sdcard2): Unknown volume
05-21 17:44:04.447 W/MountService(  374): getVolumeState(/mnt/emmc): Unknown volume
05-21 17:44:04.447 W/MountService(  374): getVolumeState(/mnt/extSdCard): Unknown volume
05-21 17:44:04.447 W/MountService(  374): getVolumeState(/mnt/sdcard/SD_CARD): Unknown volume
05-21 17:44:04.447 W/MountService(  374): getVolumeState(/mnt/sdcard/extra_sd): Unknown volume
05-21 17:44:04.447 W/MountService(  374): getVolumeState(/mnt/extrasd_bind): Unknown volume
05-21 17:44:04.447 W/MountService(  374): getVolumeState(/mnt/sdcard/ext_sd): Unknown volume
05-21 17:44:04.447 W/MountService(  374): getVolumeState(/storage/extSdCard): Unknown volume
05-21 17:44:04.447 W/MountService(  374): getVolumeState(/storage/sdcard1): Unknown volume
05-21 17:44:04.447 W/MountService(  374): getVolumeState(/mnt/sdcard/external_SD): Unknown volume
05-21 17:44:04.455 W/MountService(  374): getVolumeState(/mnt/sdcard/external_sd): Unknown volume
05-21 17:44:25.853 I/PowerManagerService(  374): Going to sleep due to screen timeout...
05-21 17:45:04.127 W/MountService(  374): getVolumeState(/storage/emulated/0/external_sd): Unknown volume
05-21 17:45:04.127 W/MountService(  374): getVolumeState(/mnt/sdcard-ext): Unknown volume
05-21 17:45:04.127 W/MountService(  374): getVolumeState(/mnt/ext_sdcard): Unknown volume
05-21 17:45:04.127 W/MountService(  374): getVolumeState(/mnt/sdcard2): Unknown volume
05-21 17:45:04.127 W/MountService(  374): getVolumeState(/mnt/emmc): Unknown volume
05-21 17:45:04.135 W/MountService(  374): getVolumeState(/mnt/extSdCard): Unknown volume
05-21 17:45:04.135 W/MountService(  374): getVolumeState(/mnt/sdcard/SD_CARD): Unknown volume
05-21 17:45:04.135 W/MountService(  374): getVolumeState(/mnt/sdcard/extra_sd): Unknown volume
05-21 17:45:04.135 W/MountService(  374): getVolumeState(/mnt/extrasd_bind): Unknown volume
05-21 17:45:04.135 W/MountService(  374): getVolumeState(/mnt/sdcard/ext_sd): Unknown volume
05-21 17:45:04.135 W/MountService(  374): getVolumeState(/storage/extSdCard): Unknown volume
05-21 17:45:04.135 W/MountService(  374): getVolumeState(/storage/sdcard1): Unknown volume
05-21 17:45:04.135 W/MountService(  374): getVolumeState(/mnt/sdcard/external_SD): Unknown volume
05-21 17:45:04.142 W/MountService(  374): getVolumeState(/mnt/sdcard/external_sd): Unknown volume
05-21 17:45:04.447 W/MountService(  374): getVolumeState(/storage/emulated/0/external_sd): Unknown volume
05-21 17:45:04.455 W/MountService(  374): getVolumeState(/mnt/sdcard-ext): Unknown volume
05-21 17:45:04.455 W/MountService(  374): getVolumeState(/mnt/ext_sdcard): Unknown volume
05-21 17:45:04.455 W/MountService(  374): getVolumeState(/mnt/sdcard2): Unknown volume
05-21 17:45:04.455 W/MountService(  374): getVolumeState(/mnt/emmc): Unknown volume
05-21 17:45:04.455 W/MountService(  374): getVolumeState(/mnt/extSdCard): Unknown volume
05-21 17:45:04.455 W/MountService(  374): getVolumeState(/mnt/sdcard/SD_CARD): Unknown volume
05-21 17:45:04.463 W/MountService(  374): getVolumeState(/mnt/sdcard/extra_sd): Unknown volume
05-21 17:45:04.463 W/MountService(  374): getVolumeState(/mnt/extrasd_bind): Unknown volume
05-21 17:45:04.463 W/MountService(  374): getVolumeState(/mnt/sdcard/ext_sd): Unknown volume
05-21 17:45:04.463 W/MountService(  374): getVolumeState(/storage/extSdCard): Unknown volume
05-21 17:45:04.463 W/MountService(  374): getVolumeState(/storage/sdcard1): Unknown volume
05-21 17:45:04.463 W/MountService(  374): getVolumeState(/mnt/sdcard/external_SD): Unknown volume
05-21 17:45:04.463 W/MountService(  374): getVolumeState(/mnt/sdcard/external_sd): Unknown volume
05-21 17:45:13.799 I/PowerManagerService(  374): Waking up from sleep...
05-21 17:45:14.158 I/WindowManager(  374): Lock screen displayed!
05-21 17:45:15.549 D/PhoneStatusBar(  448): disable: < expand* icons alerts ticker* system_info BACK HOME recent* CLOCK search* >
05-21 17:45:15.627 D/PhoneStatusBar(  448): disable: < expand icons alerts ticker system_info back* home* recent clock* search >
05-21 17:45:49.713 I/PowerManagerService(  374): Going to sleep due to screen timeout...
05-21 17:45:55.431 D/PhoneStatusBar(  448): disable: < expand icons alerts ticker system_info back home RECENT* clock SEARCH* >
05-21 17:45:55.494 D/PhoneStatusBar(  448): disable: < expand icons alerts ticker system_info BACK* HOME* RECENT CLOCK* SEARCH >
05-21 17:46:04.150 W/MountService(  374): getVolumeState(/storage/emulated/0/external_sd): Unknown volume
05-21 17:46:04.158 W/MountService(  374): getVolumeState(/mnt/sdcard-ext): Unknown volume
05-21 17:46:04.158 W/MountService(  374): getVolumeState(/mnt/ext_sdcard): Unknown volume
05-21 17:46:04.158 W/MountService(  374): getVolumeState(/mnt/sdcard2): Unknown volume
05-21 17:46:04.158 W/MountService(  374): getVolumeState(/mnt/emmc): Unknown volume
05-21 17:46:04.158 W/MountService(  374): getVolumeState(/mnt/extSdCard): Unknown volume
05-21 17:46:04.158 W/MountService(  374): getVolumeState(/mnt/sdcard/SD_CARD): Unknown volume
05-21 17:46:04.158 W/MountService(  374): getVolumeState(/mnt/sdcard/extra_sd): Unknown volume
05-21 17:46:04.158 W/MountService(  374): getVolumeState(/mnt/extrasd_bind): Unknown volume
05-21 17:46:04.166 W/MountService(  374): getVolumeState(/mnt/sdcard/ext_sd): Unknown volume
05-21 17:46:04.166 W/MountService(  374): getVolumeState(/storage/extSdCard): Unknown volume
05-21 17:46:04.166 W/MountService(  374): getVolumeState(/storage/sdcard1): Unknown volume
05-21 17:46:04.166 W/MountService(  374): getVolumeState(/mnt/sdcard/external_SD): Unknown volume
05-21 17:46:04.166 W/MountService(  374): getVolumeState(/mnt/sdcard/external_sd): Unknown volume
05-21 17:46:04.580 W/MountService(  374): getVolumeState(/storage/emulated/0/external_sd): Unknown volume
05-21 17:46:04.580 W/MountService(  374): getVolumeState(/mnt/sdcard-ext): Unknown volume
05-21 17:46:04.580 W/MountService(  374): getVolumeState(/mnt/ext_sdcard): Unknown volume
05-21 17:46:04.588 W/MountService(  374): getVolumeState(/mnt/sdcard2): Unknown volume
05-21 17:46:04.588 W/MountService(  374): getVolumeState(/mnt/emmc): Unknown volume
05-21 17:46:04.588 W/MountService(  374): getVolumeState(/mnt/extSdCard): Unknown volume
05-21 17:46:04.588 W/MountService(  374): getVolumeState(/mnt/sdcard/SD_CARD): Unknown volume
05-21 17:46:04.588 W/MountService(  374): getVolumeState(/mnt/sdcard/extra_sd): Unknown volume
05-21 17:46:04.588 W/MountService(  374): getVolumeState(/mnt/extrasd_bind): Unknown volume
05-21 17:46:04.588 W/MountService(  374): getVolumeState(/mnt/sdcard/ext_sd): Unknown volume
05-21 17:46:04.588 W/MountService(  374): getVolumeState(/storage/extSdCard): Unknown volume
05-21 17:46:04.588 W/MountService(  374): getVolumeState(/storage/sdcard1): Unknown volume
05-21 17:46:04.588 W/MountService(  374): getVolumeState(/mnt/sdcard/external_SD): Unknown volume
05-21 17:46:04.596 W/MountService(  374): getVolumeState(/mnt/sdcard/external_sd): Unknown volume
05-21 17:46:09.189 W/ActivityManager(  374): Unable to start service Intent { act=pekall.intent.action.DOWNLOAD_APP (has extras) } U=0: not found
05-21 17:46:09.525 I/ActivityManager(  374): Start proc com.pekall.emdm.launcher:remote for service com.pekall.emdm.launcher/com.baidu.location.f: pid=344 uid=10066 gids={50066, 1015, 3002, 3001, 3003, 1028}
05-21 17:46:09.877 D/ActivityThread(  344): Loading provider com.pekall.semail.provider;com.pekall.semail.notifier: com.pekall.semail.provider.EmailProvider
05-21 17:46:10.181 D/ActivityThread(  344): Loading provider com.pekall.semail.provider;com.pekall.semail.notifier: com.pekall.semail.provider.EmailProvider
05-21 17:46:11.955 W/ActivityManager(  374): Unable to start service Intent { cmp=com.pekall.emdm.launcher/com.pekall.semail.service.AttachmentDownloadService } U=0: not found
05-21 17:46:20.736 I/PowerManagerService(  374): Waking up from sleep...
05-21 17:46:20.775 I/WindowManager(  374): Lock screen displayed!
05-21 17:46:22.400 D/PhoneStatusBar(  448): disable: < expand icons alerts ticker system_info BACK HOME recent* CLOCK search* >
05-21 17:46:22.471 D/PhoneStatusBar(  448): disable: < expand icons alerts ticker system_info back* home* recent clock* search >
05-21 17:46:22.478 W/InputMethodManagerService(  374): Window already focused, ignoring focus gain of: com.android.internal.view.IInputMethodClient$Stub$Proxy@42a7f970 attribute=android.view.inputmethod.EditorInfo@42a62ff0, token = android.os.BinderProxy@42942f70
05-21 17:46:29.549 W/ActivityManager(  374): Timeout executing service: ServiceRecord{42d942e0 u0 com.pekall.emdm.launcher/com.baidu.location.f}
05-21 17:46:32.033 I/ActivityManager(  374): START u0 {act=android.intent.action.MAIN cat=[android.intent.category.LAUNCHER] flg=0x10200000 cmp=com.android.settings/.Settings} from pid 576
05-21 17:46:32.127 I/ActivityManager(  374): Start proc com.android.settings for activity com.android.settings/.Settings: pid=490 uid=1000 gids={41000, 1015, 1028, 3002, 3001, 3003, 3007}
05-21 17:46:32.588 W/ContextImpl(  490): Calling a method in the system process without a qualified user: android.app.ContextImpl.bindService:1439 android.content.ContextWrapper.bindService:496 android.bluetooth.BluetoothInputDevice.<init>:240 android.bluetooth.BluetoothAdapter.getProfileProxy:1168 com.android.settings.bluetooth.LocalBluetoothAdapter.getProfileProxy:94 
05-21 17:46:32.596 W/ContextImpl(  490): Calling a method in the system process without a qualified user: android.app.ContextImpl.bindService:1439 android.content.ContextWrapper.bindService:496 android.bluetooth.BluetoothPan.<init>:141 android.bluetooth.BluetoothAdapter.getProfileProxy:1171 com.android.settings.bluetooth.PanProfile.<init>:73 
05-21 17:46:32.596 W/ContextImpl(  490): Calling a method in the system process without a qualified user: android.app.ContextImpl.bindService:1439 android.content.ContextWrapper.bindService:496 android.bluetooth.BluetoothPbap.<init>:161 com.android.settings.bluetooth.PbapServerProfile.<init>:68 com.android.settings.bluetooth.LocalBluetoothProfileManager.<init>:124 
05-21 17:46:32.908 D/WifiService(  374): setWifiEnabled: true pid=490, uid=1000
05-21 17:46:33.666 E/ActivityManager(  374): ANR in com.pekall.emdm.launcher:remote
05-21 17:46:33.666 E/ActivityManager(  374): Reason: Executing service com.pekall.emdm.launcher/com.baidu.location.f
05-21 17:46:33.666 E/ActivityManager(  374): Load: 2.5 / 1.46 / 1.26
05-21 17:46:33.666 E/ActivityManager(  374): CPU usage from 4074ms to -4088ms ago:
05-21 17:46:33.666 E/ActivityManager(  374):   75% 344/com.pekall.emdm.launcher:remote: 75% user + 0.6% kernel / faults: 119 minor
05-21 17:46:33.666 E/ActivityManager(  374):   74% 31053/com.pekall.emdm.launcher: 74% user + 0.3% kernel / faults: 568 minor
05-21 17:46:33.666 E/ActivityManager(  374):   17% 374/system_server: 12% user + 5.2% kernel / faults: 2302 minor 1 major
05-21 17:46:33.666 E/ActivityManager(  374):   8.5% 576/com.android.launcher: 7.4% user + 1.1% kernel / faults: 1611 minor
05-21 17:46:33.666 E/ActivityManager(  374):   3.9% 448/com.android.systemui: 3.6% user + 0.2% kernel / faults: 310 minor
05-21 17:46:33.666 E/ActivityManager(  374):   3.3% 124/surfaceflinger: 1.5% user + 1.7% kernel / faults: 3551 minor
05-21 17:46:33.666 E/ActivityManager(  374):   2.8% 127/mediaserver: 1.7% user + 1.1% kernel / faults: 20 minor
05-21 17:46:33.666 E/ActivityManager(  374):   0.1% 24/kswapd0: 0% user + 0.1% kernel
05-21 17:46:33.666 E/ActivityManager(  374):   1.2% 32540/com.dragon.android.pandaspace: 1.1% user + 0.1% kernel / faults: 545 minor
05-21 17:46:33.666 E/ActivityManager(  374):   0.9% 1661/com.qihoo360.mobilesafe:GuardService: 0.6% user + 0.3% kernel / faults: 153 minor
05-21 17:46:33.666 E/ActivityManager(  374):   0.8% 462/uiautomator: 0.7% user + 0.1% kernel / faults: 263 minor
05-21 17:46:33.666 E/ActivityManager(  374):   0.4% 30442/kworker/u:1: 0% user + 0.4% kernel
05-21 17:46:33.666 E/ActivityManager(  374):   0.3% 561/com.android.phone: 0.3% user + 0% kernel / faults: 108 minor
05-21 17:46:33.666 E/ActivityManager(  374):   0.3% 32040/kworker/u:5: 0% user + 0.3% kernel
05-21 17:46:33.666 E/ActivityManager(  374):   0.3% 32662/kworker/u:0: 0% user + 0.3% kernel
05-21 17:46:33.666 E/ActivityManager(  374):   0.2% 82/mmcqd/0: 0% user + 0.2% kernel
05-21 17:46:33.666 E/ActivityManager(  374):   0.2% 117/vold: 0.1% user + 0.1% kernel / faults: 18 minor
05-21 17:46:33.666 E/ActivityManager(  374):   0.2% 121/netd: 0% user + 0.2% kernel / faults: 19 minor
05-21 17:46:33.666 E/ActivityManager(  374):   0.2% 568/com.android.nfc: 0% user + 0.2% kernel / faults: 49 minor
05-21 17:46:33.666 E/ActivityManager(  374):   0.2% 32593/kworker/0:0: 0% user + 0.2% kernel
05-21 17:46:33.666 E/ActivityManager(  374):   0.2% 32696/com.qihoo.appstore: 0.2% user + 0% kernel / faults: 56 minor
05-21 17:46:33.666 E/ActivityManager(  374):   0.1% 95/ueventd: 0% user + 0.1% kernel
05-21 17:46:33.666 E/ActivityManager(  374):   0% 125/zygote: 0% user + 0% kernel / faults: 64 minor
05-21 17:46:33.666 E/ActivityManager(  374):   0% 442/wpa_supplicant: 0% user + 0% kernel
05-21 17:46:33.666 E/ActivityManager(  374):   0.1% 32735/kworker/u:3: 0% user + 0.1% kernel
05-21 17:46:33.666 E/ActivityManager(  374):  +0% 490/com.android.settings: 0% user + 0% kernel
05-21 17:46:33.666 E/ActivityManager(  374): 99% TOTAL: 92% user + 7.7% kernel
05-21 17:46:33.666 E/ActivityManager(  374): CPU usage from 3103ms to 3673ms later:
05-21 17:46:33.666 E/ActivityManager(  374):   75% 31053/com.pekall.emdm.launcher: 75% user + 0% kernel / faults: 4 minor
05-21 17:46:33.666 E/ActivityManager(  374):     75% 31066/Thread-3666: 75% user + 0% kernel
05-21 17:46:33.666 E/ActivityManager(  374):   65% 344/com.pekall.emdm.launcher:remote: 63% user + 1.8% kernel
05-21 17:46:33.666 E/ActivityManager(  374):     65% 358/Thread-3756: 63% user + 1.8% kernel
05-21 17:46:33.666 E/ActivityManager(  374):   33% 490/com.android.settings: 23% user + 10% kernel / faults: 2050 minor 25 major
05-21 17:46:33.666 E/ActivityManager(  374):     30% 490/ndroid.settings: 19% user + 10% kernel
05-21 17:46:33.666 E/ActivityManager(  374):    +0% 506/ndroid.settings: 0% user + 0% kernel
05-21 17:46:33.666 E/ActivityManager(  374):   9% 374/system_server: 0% user + 9% kernel / faults: 112 minor
05-21 17:46:33.666 E/ActivityManager(  374):     7.2% 390/ActivityManager: 0% user + 7.2% kernel
05-21 17:46:33.666 E/ActivityManager(  374):     1.8% 380/Compiler: 1.8% user + 0% kernel
05-21 17:46:33.666 E/ActivityManager(  374):     1.8% 382/FinalizerDaemon: 1.8% user + 0% kernel
05-21 17:46:33.666 E/ActivityManager(  374):     1.8% 386/SensorService: 0% user + 1.8% kernel
05-21 17:46:33.666 E/ActivityManager(  374):     1.8% 631/Binder_A: 1.8% user + 0% kernel
05-21 17:46:33.666 E/ActivityManager(  374):   5.4% 124/surfaceflinger: 3.6% user + 1.8% kernel / faults: 916 minor
05-21 17:46:33.666 E/ActivityManager(  374):     1.8% 170/Binder_1: 1.8% user + 0% kernel
05-21 17:46:33.666 E/ActivityManager(  374):     1.8% 693/Binder_4: 1.8% user + 0% kernel
05-21 17:46:33.666 E/ActivityManager(  374):     1.8% 805/Binder_5: 1.8% user + 0% kernel
05-21 17:46:33.666 E/ActivityManager(  374):   3.6% 576/com.android.launcher: 1.8% user + 1.8% kernel / faults: 142 minor
05-21 17:46:33.666 E/ActivityManager(  374):     1.8% 576/ndroid.launcher: 0% user + 1.8% kernel
05-21 17:46:33.666 E/ActivityManager(  374):   1.7% 24/kswapd0: 0% user + 1.7% kernel
05-21 17:46:33.666 E/ActivityManager(  374):   0.7% 117/vold: 0.7% user + 0% kernel / faults: 18 minor
05-21 17:46:33.666 E/ActivityManager(  374):     0.7% 134/vold: 0% user + 0.7% kernel
05-21 17:46:33.666 E/ActivityManager(  374):   1.8% 127/mediaserver: 1.8% user + 0% kernel / faults: 11 minor
05-21 17:46:33.666 E/ActivityManager(  374):     1.8% 206/FastMixer: 1.8% user + 0% kernel
05-21 17:46:33.666 E/ActivityManager(  374): 100% TOTAL: 85% user + 14% kernel
05-21 17:46:33.666 W/ActivityManager(  374): Killing ProcessRecord{427e3110 344:com.pekall.emdm.launcher:remote/u0a10066}: background ANR
05-21 17:46:33.783 I/ActivityManager(  374): Process com.pekall.emdm.launcher:remote (pid 344) has died.
05-21 17:46:33.783 W/ActivityManager(  374): Scheduling restart of crashed service com.pekall.emdm.launcher/com.baidu.location.f in 5000ms
--------- beginning of /dev/log/main
05-21 17:46:34.236 I/QueryController(  462): Matched selector: UiSelector[TEXT=Settings, CLASS=android.widget.TextView, PACKAGE NAME=com.android.settings] <<==>> [android.view.accessibility.AccessibilityNodeInfo@1be2f; boundsInParent: Rect(0, 0 - 131, 48); boundsInScreen: Rect(97, 74 - 228, 122); packageName: com.android.settings; className: android.widget.TextView; text: Settings; contentDescription: null; viewIdResName: android:id/action_bar_title; checkable: false; checked: false; focusable: false; focused: false; selected: false; clickable: false; longClickable: false; enabled: true; password: false; scrollable: false; [ACTION_SELECT, ACTION_CLEAR_SELECTION, ACTION_ACCESSIBILITY_FOCUS, ACTION_NEXT_AT_MOVEMENT_GRANULARITY, ACTION_PREVIOUS_AT_MOVEMENT_GRANULARITY, ACTION_SET_SELECTION]]
05-21 17:46:35.627 D/dalvikvm(  490): GC_CONCURRENT freed 233K, 3% free 9652K/9928K, paused 2ms+3ms, total 35ms
05-21 17:46:36.252 I/QueryController(  462): Matched selector: UiSelector[TEXT=Security] <<==>> [android.view.accessibility.AccessibilityNodeInfo@1f2bd; boundsInParent: Rect(0, 0 - 131, 48); boundsInScreen: Rect(116, 196 - 247, 244); packageName: com.android.settings; className: android.widget.TextView; text: Security; contentDescription: null; viewIdResName: android:id/title; checkable: false; checked: false; focusable: false; focused: false; selected: false; clickable: false; longClickable: false; enabled: true; password: false; scrollable: false; [ACTION_SELECT, ACTION_CLEAR_SELECTION, ACTION_ACCESSIBILITY_FOCUS, ACTION_NEXT_AT_MOVEMENT_GRANULARITY, ACTION_PREVIOUS_AT_MOVEMENT_GRANULARITY, ACTION_SET_SELECTION]]
05-21 17:46:36.291 I/QueryController(  462): Matched selector: UiSelector[TEXT=Security] <<==>> [android.view.accessibility.AccessibilityNodeInfo@1f2bd; boundsInParent: Rect(0, 0 - 131, 48); boundsInScreen: Rect(116, 196 - 247, 244); packageName: com.android.settings; className: android.widget.TextView; text: Security; contentDescription: null; viewIdResName: android:id/title; checkable: false; checked: false; focusable: false; focused: false; selected: false; clickable: false; longClickable: false; enabled: true; password: false; scrollable: false; [ACTION_SELECT, ACTION_CLEAR_SELECTION, ACTION_ACCESSIBILITY_FOCUS, ACTION_NEXT_AT_MOVEMENT_GRANULARITY, ACTION_PREVIOUS_AT_MOVEMENT_GRANULARITY, ACTION_SET_SELECTION]]
05-21 17:46:36.291 D/InteractionController(  462): clickAndWaitForNewWindow(181, 220)
05-21 17:46:36.486 W/Parcel  ( 1661): Attempt to read object from Parcel 0x5ded3dac at offset 200 that is not in the object list
05-21 17:46:36.486 I/ActivityManager(  374): START u0 {act=android.intent.action.MAIN cmp=com.android.settings/.SubSettings (has extras)} from pid 490
05-21 17:46:36.603 D/dalvikvm(  374): GC_FOR_ALLOC freed 2427K, 22% free 23328K/29760K, paused 78ms, total 78ms
05-21 17:46:36.955 I/ActivityManager(  374): Displayed com.android.settings/.SubSettings: +336ms
05-21 17:46:37.017 D/dalvikvm(  490): GC_CONCURRENT freed 153K, 2% free 9890K/10084K, paused 3ms+3ms, total 42ms
05-21 17:46:37.650 I/QueryController(  462): Matched selector: UiSelector[TEXT=Device administrators] <<==>> [android.view.accessibility.AccessibilityNodeInfo@2b231; boundsInParent: Rect(0, 0 - 353, 48); boundsInScreen: Rect(48, 966 - 401, 1014); packageName: com.android.settings; className: android.widget.TextView; text: Device administrators; contentDescription: null; viewIdResName: android:id/title; checkable: false; checked: false; focusable: false; focused: false; selected: false; clickable: false; longClickable: false; enabled: true; password: false; scrollable: false; [ACTION_SELECT, ACTION_CLEAR_SELECTION, ACTION_ACCESSIBILITY_FOCUS, ACTION_NEXT_AT_MOVEMENT_GRANULARITY, ACTION_PREVIOUS_AT_MOVEMENT_GRANULARITY, ACTION_SET_SELECTION]]
05-21 17:46:37.689 I/QueryController(  462): Matched selector: UiSelector[TEXT=Device administrators] <<==>> [android.view.accessibility.AccessibilityNodeInfo@2b231; boundsInParent: Rect(0, 0 - 353, 48); boundsInScreen: Rect(48, 966 - 401, 1014); packageName: com.android.settings; className: android.widget.TextView; text: Device administrators; contentDescription: null; viewIdResName: android:id/title; checkable: false; checked: false; focusable: false; focused: false; selected: false; clickable: false; longClickable: false; enabled: true; password: false; scrollable: false; [ACTION_SELECT, ACTION_CLEAR_SELECTION, ACTION_ACCESSIBILITY_FOCUS, ACTION_NEXT_AT_MOVEMENT_GRANULARITY, ACTION_PREVIOUS_AT_MOVEMENT_GRANULARITY, ACTION_SET_SELECTION]]
05-21 17:46:37.689 D/InteractionController(  462): clickAndWaitForNewWindow(224, 990)
05-21 17:46:37.853 W/Parcel  ( 1661): Attempt to read object from Parcel 0x5ec3bdac at offset 200 that is not in the object list
05-21 17:46:37.861 I/ActivityManager(  374): START u0 {act=android.intent.action.MAIN cmp=com.android.settings/.SubSettings (has extras)} from pid 490
05-21 17:46:37.963 D/dalvikvm(  374): GC_FOR_ALLOC freed 878K, 21% free 23616K/29760K, paused 69ms, total 69ms
05-21 17:46:38.033 D/dalvikvm(  374): GC_FOR_ALLOC freed 755K, 21% free 23604K/29760K, paused 68ms, total 68ms
05-21 17:46:38.330 I/ActivityManager(  374): Displayed com.android.settings/.SubSettings: +288ms
05-21 17:46:38.791 D/dalvikvm(  517): Late-enabling CheckJNI
05-21 17:46:38.799 I/ActivityManager(  374): Start proc com.pekall.emdm.launcher:remote for service com.pekall.emdm.launcher/com.baidu.location.f: pid=517 uid=10066 gids={50066, 1015, 3002, 3001, 3003, 1028}
05-21 17:46:38.838 D/ScClassLoader(  517): >> SOURCE FILE: /data/data/com.pekall.emdm.launcher/app_jars/sc-jdk15on-1.47.0.2.dex.jar
05-21 17:46:38.838 V/MyServiceConnection(  517): [SConnection] sandbox service is NOT installed.
05-21 17:46:38.846 V/MyServiceConnection(  517): [SConnection] binding service: pekall.intent.action.SANDBOX_SERVICE
05-21 17:46:38.900 D/dalvikvm(  517): GC_CONCURRENT freed 154K, 3% free 9279K/9472K, paused 4ms+8ms, total 38ms
05-21 17:46:38.900 D/dalvikvm(  517): WAIT_FOR_CONCURRENT_GC blocked 4ms
05-21 17:46:38.908 D/dalvikvm(  517): WAIT_FOR_CONCURRENT_GC blocked 8ms
05-21 17:46:38.916 W/Parcel  ( 1661): Attempt to read object from Parcel 0x5ef3bdac at offset 200 that is not in the object list
05-21 17:46:38.931 W/Parcel  ( 1661): Attempt to read object from Parcel 0x6003bdac at offset 200 that is not in the object list
05-21 17:46:38.931 D/Email   (  517): Email: init sandbox at the beginning.
05-21 17:46:38.931 V/MyServiceConnection(  517): [SConnection] retry to bind service
05-21 17:46:38.931 V/MyServiceConnection(  517): [SConnection] sandbox service is NOT installed.
05-21 17:46:38.931 V/MyServiceConnection(  517): [SConnection] binding service: pekall.intent.action.SANDBOX_SERVICE
05-21 17:46:38.963 V/MyServiceConnection(  517): [SConnection] retry to bind service
05-21 17:46:38.963 V/MyServiceConnection(  517): [SConnection] sandbox service is NOT installed.
05-21 17:46:38.963 V/MyServiceConnection(  517): [SConnection] binding service: pekall.intent.action.SANDBOX_SERVICE
05-21 17:46:38.971 V/l       (  517): Bind requested for task setLogging
05-21 17:46:38.978 I/QueryController(  462): Matched selector: UiSelector[TEXT=HttpClienPekall, CLASS=android.widget.TextView, PACKAGE NAME=com.android.settings] <<==>> [android.view.accessibility.AccessibilityNodeInfo@38fad; boundsInParent: Rect(0, 0 - 246, 48); boundsInScreen: Rect(172, 324 - 418, 372); packageName: com.android.settings; className: android.widget.TextView; text: HttpClienPekall; contentDescription: null; viewIdResName: com.android.settings:id/name; checkable: false; checked: false; focusable: false; focused: false; selected: false; clickable: false; longClickable: false; enabled: true; password: false; scrollable: false; [ACTION_SELECT, ACTION_CLEAR_SELECTION, ACTION_ACCESSIBILITY_FOCUS, ACTION_NEXT_AT_MOVEMENT_GRANULARITY, ACTION_PREVIOUS_AT_MOVEMENT_GRANULARITY, ACTION_SET_SELECTION]]
05-21 17:46:38.986 D/ExchangeService(31053): !!! EAS ExchangeService, onCreate
05-21 17:46:39.002 W/Parcel  ( 1661): Attempt to read object from Parcel 0x5ded3dac at offset 200 that is not in the object list
05-21 17:46:39.002 D/ExchangeService(31053): !!! EAS ExchangeService, onStartCommand, startingUp = false, running = false
05-21 17:46:39.002 D/ExchangeService(31053): to start secureStorageService now
05-21 17:46:39.017 D/dalvikvm(  517): GC_CONCURRENT freed 206K, 3% free 9587K/9832K, paused 17ms+2ms, total 39ms
05-21 17:46:39.017 D/dalvikvm(  517): WAIT_FOR_CONCURRENT_GC blocked 20ms
05-21 17:46:39.017 D/dalvikvm(  517): WAIT_FOR_CONCURRENT_GC blocked 16ms
05-21 17:46:39.025 V/a       (31053): Bind requested for task test
05-21 17:46:39.041 V/a       (31053): Connected: com.pekall.semail.service.AccountServiceInternal
05-21 17:46:39.056 V/a       (31053): Connection test succeeded in 36ms
05-21 17:46:39.064 V/a       (31053): Task test completed; disconnecting
05-21 17:46:39.064 I/QueryController(  462): Matched selector: UiSelector[TEXT=HttpClienPekall, CLASS=android.widget.TextView, PACKAGE NAME=com.android.settings] <<==>> [android.view.accessibility.AccessibilityNodeInfo@38fad; boundsInParent: Rect(0, 0 - 246, 48); boundsInScreen: Rect(172, 324 - 418, 372); packageName: com.android.settings; className: android.widget.TextView; text: HttpClienPekall; contentDescription: null; viewIdResName: com.android.settings:id/name; checkable: false; checked: false; focusable: false; focused: false; selected: false; clickable: false; longClickable: false; enabled: true; password: false; scrollable: false; [ACTION_SELECT, ACTION_CLEAR_SELECTION, ACTION_ACCESSIBILITY_FOCUS, ACTION_NEXT_AT_MOVEMENT_GRANULARITY, ACTION_PREVIOUS_AT_MOVEMENT_GRANULARITY, ACTION_SET_SELECTION]]
05-21 17:46:39.064 D/UiObject(  462): getText() = HttpClienPekall
05-21 17:46:39.088 D/dalvikvm(  490): GC_CONCURRENT freed 136K, 2% free 10152K/10320K, paused 3ms+3ms, total 63ms
05-21 17:46:39.096 W/DocumentManager(  517): Sandbox service is not connected.
05-21 17:46:39.096 D/MessageControllerImpl(  517): controller is null
05-21 17:46:39.096 V/MyServiceConnection(  517): [SConnection] retry to bind service
05-21 17:46:39.096 V/MyServiceConnection(  517): [SConnection] sandbox service is NOT installed.
05-21 17:46:39.096 V/MyServiceConnection(  517): [SConnection] binding service: pekall.intent.action.SANDBOX_SERVICE
05-21 17:46:39.096 W/SQLiteOpenHelper(  517): Opened /data/data/com.pekall.emdm.launcher/databases/message.db
05-21 17:46:39.096 W/dalvikvm(  517): No implementation found for native Lcom/pekall/sandbox/database/sqlite/SQLiteDatabase;.native_setSqliteSoftHeapLimit:(I)V
05-21 17:46:39.096 D/AndroidRuntime(  517): Shutting down VM
05-21 17:46:39.096 W/dalvikvm(  517): threadid=1: thread exiting with uncaught exception (group=0x419c8700)
05-21 17:46:39.096 D/        (  517): [---null: -1---]  Thread is main
05-21 17:46:39.096 W/System.err(  517): java.lang.UnsatisfiedLinkError: Native method not found: com.pekall.sandbox.database.sqlite.SQLiteDatabase.native_setSqliteSoftHeapLimit:(I)V
05-21 17:46:39.096 W/System.err(  517): 	at com.pekall.sandbox.database.sqlite.SQLiteDatabase.native_setSqliteSoftHeapLimit(Native Method)
05-21 17:46:39.096 W/System.err(  517): 	at com.pekall.sandbox.database.sqlite.SQLiteDatabase.<init>(Unknown Source)
05-21 17:46:39.096 W/System.err(  517): 	at com.pekall.sandbox.database.sqlite.SQLiteDatabase.openDatabase(Unknown Source)
05-21 17:46:39.103 W/System.err(  517): 	at com.pekall.sandbox.database.sqlite.SQLiteDatabase.openDatabase(Unknown Source)
05-21 17:46:39.103 W/System.err(  517): 	at com.pekall.sandbox.database.sqlite.SQLiteDatabase.openDatabase(Unknown Source)
05-21 17:46:39.103 W/System.err(  517): 	at com.pekall.sandbox.database.sqlite.SQLiteOpenHelper.getWritableDatabase(Unknown Source)
05-21 17:46:39.103 W/System.err(  517): 	at com.pekall.emdm.messagecenter.db.a.a(Unknown Source)
05-21 17:46:39.103 W/System.err(  517): 	at com.pekall.emdm.messagecenter.db.a.b(Unknown Source)
05-21 17:46:39.103 W/System.err(  517): 	at com.pekall.emdm.messagecenter.activity.a.onCreate(Unknown Source)
05-21 17:46:39.103 W/System.err(  517): 	at com.pekall.emdm.launcher.LauncherApplication.onCreate(Unknown Source)
05-21 17:46:39.103 W/System.err(  517): 	at android.app.Instrumentation.callApplicationOnCreate(Instrumentation.java:1007)
05-21 17:46:39.103 W/System.err(  517): 	at android.app.ActivityThread.handleBindApplication(ActivityThread.java:4444)
05-21 17:46:39.103 W/System.err(  517): 	at android.app.ActivityThread.access$1300(ActivityThread.java:141)
05-21 17:46:39.103 W/System.err(  517): 	at android.app.ActivityThread$H.handleMessage(ActivityThread.java:1316)
05-21 17:46:39.103 W/System.err(  517): 	at android.os.Handler.dispatchMessage(Handler.java:99)
05-21 17:46:39.103 W/System.err(  517): 	at android.os.Looper.loop(Looper.java:137)
05-21 17:46:39.103 W/System.err(  517): 	at android.app.ActivityThread.main(ActivityThread.java:5103)
05-21 17:46:39.103 W/System.err(  517): 	at java.lang.reflect.Method.invokeNative(Native Method)
05-21 17:46:39.103 W/System.err(  517): 	at java.lang.reflect.Method.invoke(Method.java:525)
05-21 17:46:39.103 W/System.err(  517): 	at com.android.internal.os.ZygoteInit$MethodAndArgsCaller.run(ZygoteInit.java:737)
05-21 17:46:39.103 W/System.err(  517): 	at com.android.internal.os.ZygoteInit.main(ZygoteInit.java:553)
05-21 17:46:39.103 W/System.err(  517): 	at dalvik.system.NativeStart.main(Native Method)
05-21 17:46:39.103 I/QueryController(  462): Matched selector: UiSelector[TEXT=HttpClienPekall, CLASS=android.widget.TextView, PACKAGE NAME=com.android.settings] <<==>> [android.view.accessibility.AccessibilityNodeInfo@38fad; boundsInParent: Rect(0, 0 - 246, 48); boundsInScreen: Rect(172, 324 - 418, 372); packageName: com.android.settings; className: android.widget.TextView; text: HttpClienPekall; contentDescription: null; viewIdResName: com.android.settings:id/name; checkable: false; checked: false; focusable: false; focused: false; selected: false; clickable: false; longClickable: false; enabled: true; password: false; scrollable: false; [ACTION_SELECT, ACTION_CLEAR_SELECTION, ACTION_ACCESSIBILITY_FOCUS, ACTION_NEXT_AT_MOVEMENT_GRANULARITY, ACTION_PREVIOUS_AT_MOVEMENT_GRANULARITY, ACTION_SET_SELECTION]]
05-21 17:46:39.135 I/QueryController(  462): Matched selector: UiSelector[TEXT=HttpClienPekall, CLASS=android.widget.TextView, PACKAGE NAME=com.android.settings] <<==>> [android.view.accessibility.AccessibilityNodeInfo@38fad; boundsInParent: Rect(0, 0 - 246, 48); boundsInScreen: Rect(172, 324 - 418, 372); packageName: com.android.settings; className: android.widget.TextView; text: HttpClienPekall; contentDescription: null; viewIdResName: com.android.settings:id/name; checkable: false; checked: false; focusable: false; focused: false; selected: false; clickable: false; longClickable: false; enabled: true; password: false; scrollable: false; [ACTION_SELECT, ACTION_CLEAR_SELECTION, ACTION_ACCESSIBILITY_FOCUS, ACTION_NEXT_AT_MOVEMENT_GRANULARITY, ACTION_PREVIOUS_AT_MOVEMENT_GRANULARITY, ACTION_SET_SELECTION]]
05-21 17:46:39.135 D/InteractionController(  462): clickAndWaitForNewWindow(295, 348)
05-21 17:46:39.150 D/ExchangeService(31053): Reconciling accounts...
05-21 17:46:39.189 V/a       (31053): Bind requested for task reconcileAccounts
05-21 17:46:39.189 D/ActivityThread(  517): Loading provider com.pekall.semail.provider;com.pekall.semail.notifier: com.pekall.semail.provider.EmailProvider
05-21 17:46:39.252 V/a       (31053): Connected: com.pekall.semail.service.AccountServiceInternal
05-21 17:46:39.275 V/a       (31053): Task reconcileAccounts completed; disconnecting
05-21 17:46:39.283 V/a       (31053): Waiting for task reconcileAccounts to complete...
05-21 17:46:39.291 D/dalvikvm(  517): GC_CONCURRENT freed 490K, 6% free 9485K/10016K, paused 6ms+3ms, total 46ms
05-21 17:46:39.299 D/ActivityThread(  517): Loading provider com.pekall.semail.provider;com.pekall.semail.notifier: com.pekall.semail.provider.EmailProvider
05-21 17:46:39.330 W/Parcel  ( 1661): Attempt to read object from Parcel 0x5dfd3dac at offset 200 that is not in the object list
05-21 17:46:39.330 I/ActivityManager(  374): START u0 {cmp=com.android.settings/.DeviceAdminAdd (has extras)} from pid 490
05-21 17:46:39.494 D/dalvikvm(  374): GC_FOR_ALLOC freed 429K, 20% free 23995K/29760K, paused 132ms, total 132ms
05-21 17:46:39.564 D/dalvikvm(  374): GC_FOR_ALLOC freed 751K, 21% free 23615K/29760K, paused 69ms, total 69ms
05-21 17:46:39.916 I/ActivityManager(  374): Displayed com.android.settings/.DeviceAdminAdd: +338ms
05-21 17:46:40.010 W/EmailProvider(  517): restoreIfNeeded...
05-21 17:46:40.213 D/EmailProvider(  517): restoreAccounts...
05-21 17:46:40.783 I/QueryController(  462): Matched selector: UiSelector[TEXT=Deactivate, CLASS=android.widget.Button] <<==>> [android.view.accessibility.AccessibilityNodeInfo@3e244; boundsInParent: Rect(0, 0 - 359, 96); boundsInScreen: Rect(361, 1088 - 720, 1184); packageName: com.android.settings; className: android.widget.Button; text: Deactivate; contentDescription: null; viewIdResName: com.android.settings:id/action_button; checkable: false; checked: false; focusable: true; focused: false; selected: false; clickable: true; longClickable: false; enabled: true; password: false; scrollable: false; [ACTION_FOCUS, ACTION_SELECT, ACTION_CLEAR_SELECTION, ACTION_CLICK, ACTION_ACCESSIBILITY_FOCUS, ACTION_NEXT_AT_MOVEMENT_GRANULARITY, ACTION_PREVIOUS_AT_MOVEMENT_GRANULARITY, ACTION_SET_SELECTION]]
05-21 17:46:41.002 D/EmailProvider(  517): No accounts to restore...
05-21 17:46:41.017 D/EmailProvider(  517): Deleting orphans...
05-21 17:46:41.377 I/QueryController(  462): Matched selector: UiSelector[TEXT=Deactivate, CLASS=android.widget.Button] <<==>> [android.view.accessibility.AccessibilityNodeInfo@3e244; boundsInParent: Rect(0, 0 - 359, 96); boundsInScreen: Rect(361, 1088 - 720, 1184); packageName: com.android.settings; className: android.widget.Button; text: Deactivate; contentDescription: null; viewIdResName: com.android.settings:id/action_button; checkable: false; checked: false; focusable: true; focused: false; selected: false; clickable: true; longClickable: false; enabled: true; password: false; scrollable: false; [ACTION_FOCUS, ACTION_SELECT, ACTION_CLEAR_SELECTION, ACTION_CLICK, ACTION_ACCESSIBILITY_FOCUS, ACTION_NEXT_AT_MOVEMENT_GRANULARITY, ACTION_PREVIOUS_AT_MOVEMENT_GRANULARITY, ACTION_SET_SELECTION]]
05-21 17:46:41.377 D/InteractionController(  462): clickAndWaitForNewWindow(540, 1136)
05-21 17:46:41.486 D/EmailProvider(  517): EmailProvider pre-caching...
05-21 17:46:41.525 W/Parcel  ( 1661): Attempt to read object from Parcel 0x6013bdac at offset 200 that is not in the object list
05-21 17:46:41.635 D/dalvikvm(  374): GC_FOR_ALLOC freed 412K, 20% free 23998K/29760K, paused 73ms, total 73ms
05-21 17:46:41.705 D/dalvikvm(  374): GC_FOR_ALLOC freed 749K, 21% free 23621K/29760K, paused 69ms, total 69ms
05-21 17:46:41.713 D/MdmApp  (31053): [null:-1]->startDeviceAdminActivity isAdminActive:false
05-21 17:46:41.713 W/Parcel  ( 1661): Attempt to read object from Parcel 0x5ec3bdac at offset 200 that is not in the object list
05-21 17:46:41.713 W/DevicePolicyManagerService(  374): Previous password owner 10066 no longer active; disabling
05-21 17:46:41.713 I/ActivityManager(  374): START u0 {flg=0x10000000 cmp=com.pekall.emdm.launcher/com.pekall.emdm.ui.ActiveDeviceAdminActivity} from pid 31053
05-21 17:46:41.799 V/LauncherApplication(31053): onActivityStarted
05-21 17:46:41.799 D/        (31053): [---null: -1---]     awsa  onActivityResumed
05-21 17:46:41.799 V/LauncherApplication(31053): 2MdmConstant.LAST_LAUNCH_TIME = 1400662127919
05-21 17:46:41.806 D/        (31053): [---null: -1---]  activity = com.pekall.emdm.ui.ActiveDeviceAdminActivity
05-21 17:46:41.924 D/EmailProvider(  517): EmailProvider ready.
05-21 17:46:42.142 I/ActivityManager(  374): Displayed com.pekall.emdm.launcher/com.pekall.emdm.ui.ActiveDeviceAdminActivity: +429ms
05-21 17:46:42.283 D/MDM :   (31053): [null:-1]->Location timeout, set latitude and longitude -1
05-21 17:46:42.392 W/ActivityManager(  374): Unable to start service Intent { cmp=com.pekall.emdm.launcher/com.pekall.semail.service.AttachmentDownloadService } U=0: not found
05-21 17:46:42.416 D/CommandManager(31053): [null:-1]->requestType: Location
05-21 17:46:42.439 I/Email   (  517): Notifications being toggled: false
05-21 17:46:42.721 I/QueryController(  462): Matched selector: UiSelector[TEXT=Active, CLASS=android.widget.Button] <<==>> [android.view.accessibility.AccessibilityNodeInfo@46d2a; boundsInParent: Rect(0, 0 - 660, 79); boundsInScreen: Rect(30, 457 - 690, 536); packageName: com.pekall.emdm.launcher; className: android.widget.Button; text: Active; contentDescription: null; viewIdResName: com.pekall.emdm.launcher:id/active_device_admin_button; checkable: false; checked: false; focusable: true; focused: false; selected: false; clickable: true; longClickable: false; enabled: true; password: false; scrollable: false; [ACTION_FOCUS, ACTION_SELECT, ACTION_CLEAR_SELECTION, ACTION_CLICK, ACTION_ACCESSIBILITY_FOCUS, ACTION_NEXT_AT_MOVEMENT_GRANULARITY, ACTION_PREVIOUS_AT_MOVEMENT_GRANULARITY, ACTION_SET_SELECTION]]
05-21 17:46:43.174 W/Parcel  ( 1661): Attempt to read object from Parcel 0x6003bdac at offset 200 that is not in the object list
05-21 17:46:43.174 I/ActivityManager(  374): START u0 {act=launcher.action.to.personal cmp=com.pekall.emdm.launcher/.ui.BackPersonalActivity} from pid 31053
05-21 17:46:43.346 D/dalvikvm(  374): GC_FOR_ALLOC freed 451K, 20% free 24006K/29760K, paused 139ms, total 140ms
05-21 17:46:43.494 D/dalvikvm(  374): GC_FOR_ALLOC freed 753K, 21% free 23624K/29760K, paused 139ms, total 143ms
05-21 17:46:43.713 D/LauncherApplication(31053): [null:-1]->onActivityPaused
05-21 17:46:43.775 V/LauncherApplication(31053): onActivityStarted
05-21 17:46:43.838 V/Launcher(31053): default_launcher = #Intent;launchFlags=0x10200000;component=com.android.launcher/com.android.launcher2.Launcher;end
05-21 17:46:43.838 W/Parcel  ( 1661): Attempt to read object from Parcel 0x5ded3dac at offset 200 that is not in the object list
05-21 17:46:43.838 I/ActivityManager(  374): START u0 {act=android.intent.action.VIEW flg=0x10200000 cmp=com.android.launcher/com.android.launcher2.Launcher} from pid 31053
05-21 17:46:44.236 D/MdmDatabaseHelper(31053): [null:-1]->update command 8eee2698-2c3b-4140-8f7f-ba06ed48726e to commandStatus <?xml version="1.0" encoding="UTF-8"?>
05-21 17:46:44.236 D/MdmDatabaseHelper(31053): <!DOCTYPE plist PUBLIC "-//Apple//DTD PLIST 1.0//EN" "http://www.apple.com/DTDs/PropertyList-1.0.dtd">
05-21 17:46:44.236 D/MdmDatabaseHelper(31053): <plist version="1.0">
05-21 17:46:44.236 D/MdmDatabaseHelper(31053): <dict>
05-21 17:46:44.236 D/MdmDatabaseHelper(31053): 	<key>Latitude</key>
05-21 17:46:44.236 D/MdmDatabaseHelper(31053): 	<real>-1.0</real>
05-21 17:46:44.236 D/MdmDatabaseHelper(31053): 	<key>Longitude</key>
05-21 17:46:44.236 D/MdmDatabaseHelper(31053): 	<real>-1.0</real>
05-21 17:46:44.236 D/MdmDatabaseHelper(31053): 	<key>CommandUUID</key>
05-21 17:46:44.236 D/MdmDatabaseHelper(31053): 	<string>8eee2698-2c3b-4140-8f7f-ba06ed48726e</string>
