05-21 17:47:21.064 V/MyServiceConnection(  700): [SConnection] sandbox service is NOT installed.
05-21 17:47:21.064 V/MyServiceConnection(  700): [SConnection] binding service: pekall.intent.action.SANDBOX_SERVICE
05-21 17:47:21.111 W/Parcel  ( 1661): Attempt to read object from Parcel 0x5ef3bdac at offset 200 that is not in the object list
05-21 17:47:21.119 W/Parcel  ( 1661): Attempt to read object from Parcel 0x6003bdac at offset 200 that is not in the object list
05-21 17:47:21.119 D/Email   (  700): Email: init sandbox at the beginning.
05-21 17:47:21.119 V/MyServiceConnection(  700): [SConnection] retry to bind service
05-21 17:47:21.119 V/MyServiceConnection(  700): [SConnection] sandbox service is NOT installed.
05-21 17:47:21.119 V/MyServiceConnection(  700): [SConnection] binding service: pekall.intent.action.SANDBOX_SERVICE
05-21 17:47:21.135 V/MyServiceConnection(  700): [SConnection] retry to bind service
05-21 17:47:21.135 V/MyServiceConnection(  700): [SConnection] sandbox service is NOT installed.
05-21 17:47:21.142 V/MyServiceConnection(  700): [SConnection] binding service: pekall.intent.action.SANDBOX_SERVICE
05-21 17:47:21.150 D/ScClassLoader(  700): >> SOURCE FILE: /data/data/com.pekall.emdm.launcher/app_jars/sc-jdk15on-1.47.0.2.dex.jar
05-21 17:47:21.252 D/dalvikvm(  700): DexOpt: --- BEGIN 'sc-jdk15on-1.47.0.2.dex.jar' (bootstrap=0) ---
05-21 17:47:21.322 D/dalvikvm(  700): GC_CONCURRENT freed 222K, 3% free 9136K/9380K, paused 2ms+135ms, total 176ms
05-21 17:47:21.361 V/l       (  700): Bind requested for task setLogging
05-21 17:47:21.361 D/EmailProvider(  700): Creating EmailProvider database
05-21 17:47:21.400 W/DocumentManager(  700): Sandbox service is not connected.
05-21 17:47:21.400 D/MessageControllerImpl(  700): controller is null
05-21 17:47:21.400 V/MyServiceConnection(  700): [SConnection] retry to bind service
05-21 17:47:21.400 V/MyServiceConnection(  700): [SConnection] sandbox service is NOT installed.
05-21 17:47:21.400 V/MyServiceConnection(  700): [SConnection] binding service: pekall.intent.action.SANDBOX_SERVICE
05-21 17:47:21.400 W/SQLiteOpenHelper(  700): Opened /data/data/com.pekall.emdm.launcher/databases/message.db
05-21 17:47:21.471 I/MessageDatabaseHelper(  700): Database update: from 0 to 2
05-21 17:47:21.666 D/MessageControllerImpl(  700): controller is null
05-21 17:47:21.666 D/MessageControllerImpl(  700): controller is null
05-21 17:47:21.674 D/MessageControllerImpl(  700): controller is null
05-21 17:47:21.681 D/dalvikvm(  700): GC_CONCURRENT freed 211K, 3% free 9330K/9580K, paused 3ms+11ms, total 30ms
05-21 17:47:21.728 D/EmailProvider(  700): Creating EmailProviderBody database
05-21 17:47:21.775 W/EmailProvider(  700): restoreIfNeeded...
05-21 17:47:21.783 D/EmailProvider(  700): restoreAccounts...
05-21 17:47:21.846 D/dalvikvm(  700): GC_CONCURRENT freed 146K, 3% free 9569K/9780K, paused 12ms+3ms, total 29ms
05-21 17:47:21.846 D/dalvikvm(  700): WAIT_FOR_CONCURRENT_GC blocked 16ms
05-21 17:47:21.869 D/MDM :   (  700): [null:-1]->width 104
05-21 17:47:21.869 D/MDM :   (  700): [null:-1]->height 104
05-21 17:47:21.869 D/MDM :   (  700): [null:-1]->scale 0.5
05-21 17:47:21.877 D/MDM :   (  700): [null:-1]->tint false
05-21 17:47:21.877 D/MDM :   (  700): [null:-1]->width 104
05-21 17:47:21.877 D/MDM :   (  700): [null:-1]->height 104
05-21 17:47:21.877 D/MDM :   (  700): [null:-1]->scale 0.5
05-21 17:47:21.885 D/MDM :   (  700): [null:-1]->tint false
05-21 17:47:21.892 D/MDM :   (  700): [null:-1]->icon instanceof BitmapDrawable
05-21 17:47:21.892 D/MDM :   (  700): [null:-1]->  iconWidth 87
05-21 17:47:21.892 D/MDM :   (  700): [null:-1]->  iconHeight 87
05-21 17:47:21.892 D/MDM :   (  700): [null:-1]->  107 87
05-21 17:47:21.900 D/EmailProvider(  700): Creating EmailProvider database
05-21 17:47:21.908 D/dalvikvm(  700): GC_CONCURRENT freed 228K, 3% free 9786K/10084K, paused 3ms+2ms, total 25ms
05-21 17:47:21.908 D/dalvikvm(  700): WAIT_FOR_CONCURRENT_GC blocked 12ms
05-21 17:47:21.908 D/MDM :   (  700): [null:-1]->width 104
05-21 17:47:21.908 D/MDM :   (  700): [null:-1]->height 104
05-21 17:47:21.908 D/MDM :   (  700): [null:-1]->scale 1.0
05-21 17:47:21.908 D/MDM :   (  700): [null:-1]->tint false
05-21 17:47:21.908 D/MDM :   (  700): [null:-1]->width 104
05-21 17:47:21.908 D/MDM :   (  700): [null:-1]->height 104
05-21 17:47:21.908 D/MDM :   (  700): [null:-1]->scale 1.0
05-21 17:47:21.916 D/MDM :   (  700): [null:-1]->tint false
05-21 17:47:21.916 D/MDM :   (  700): [null:-1]->icon instanceof BitmapDrawable
05-21 17:47:21.916 D/MDM :   (  700): [null:-1]->  iconWidth 87
05-21 17:47:21.916 D/MDM :   (  700): [null:-1]->  iconHeight 87
05-21 17:47:21.916 D/MDM :   (  700): [null:-1]->  107 87
05-21 17:47:21.916 D/MDM :   (  700): [null:-1]->width 104
05-21 17:47:21.916 D/MDM :   (  700): [null:-1]->height 104
05-21 17:47:21.916 D/MDM :   (  700): [null:-1]->scale 1.0
05-21 17:47:21.924 D/MDM :   (  700): [null:-1]->tint false
05-21 17:47:21.931 D/dalvikvm(  700): GC_CONCURRENT freed 328K, 5% free 9867K/10304K, paused 3ms+2ms, total 19ms
05-21 17:47:21.939 D/dalvikvm(  700): WAIT_FOR_CONCURRENT_GC blocked 15ms
05-21 17:47:21.939 D/MDM :   (  700): [null:-1]->width 104
05-21 17:47:21.939 D/MDM :   (  700): [null:-1]->height 104
05-21 17:47:21.939 D/MDM :   (  700): [null:-1]->scale 1.0
05-21 17:47:21.939 D/MDM :   (  700): [null:-1]->tint false
05-21 17:47:21.939 D/MDM :   (  700): [null:-1]->icon instanceof BitmapDrawable
05-21 17:47:21.939 D/MDM :   (  700): [null:-1]->  iconWidth 87
05-21 17:47:21.939 D/MDM :   (  700): [null:-1]->  iconHeight 87
05-21 17:47:21.947 D/MDM :   (  700): [null:-1]->  107 87
05-21 17:47:21.947 D/MDM :   (  700): [null:-1]->width 104
05-21 17:47:21.947 D/MDM :   (  700): [null:-1]->height 104
05-21 17:47:21.947 D/MDM :   (  700): [null:-1]->scale 1.0
05-21 17:47:21.947 D/MDM :   (  700): [null:-1]->tint false
05-21 17:47:21.971 D/dalvikvm(  700): GC_CONCURRENT freed 350K, 5% free 9912K/10392K, paused 2ms+1ms, total 26ms
05-21 17:47:21.971 D/dalvikvm(  700): WAIT_FOR_CONCURRENT_GC blocked 6ms
05-21 17:47:21.978 I/dalvikvm-heap(  700): Grow heap (frag case) to 12.973MB for 3415696-byte allocation
05-21 17:47:22.010 D/dalvikvm(  700): GC_FOR_ALLOC freed <1K, 4% free 13247K/13728K, paused 26ms, total 26ms
05-21 17:47:22.096 D/dalvikvm(  700): GC_CONCURRENT freed <1K, 4% free 13246K/13728K, paused 3ms+67ms, total 90ms
05-21 17:47:22.103 V/Launcher(  700): isLauncherDf = true
05-21 17:47:22.103 V/Launcher(  700): isPhoneDf = true
05-21 17:47:22.103 D/        (  700): [---null: -1---]  ScreenWidth  720
05-21 17:47:22.103 D/        (  700): [---null: -1---]  ScreenHeight  1184
05-21 17:47:22.119 D/HomeLoaders(  700): load applications
05-21 17:47:22.119 D/HomeLoaders(  700): loading user items in Thread[main,5,main]
05-21 17:47:22.119 D/HomeLoaders(  700):   --> starting workspace loader
05-21 17:47:22.127 D/HomeLoaders(  700):   ----> running workspace loader (1)
05-21 17:47:22.127 W/Parcel  ( 1661): Attempt to read object from Parcel 0x5dfd3dac at offset 200 that is not in the object list
05-21 17:47:22.127 W/Parcel  ( 1661): Attempt to read object from Parcel 0x6013bdac at offset 200 that is not in the object list
05-21 17:47:22.127 D/Email   (  700): Email: init sandbox at the beginning.
05-21 17:47:22.127 V/MyServiceConnection(  700): [SConnection] retry to bind service
05-21 17:47:22.127 V/MyServiceConnection(  700): [SConnection] sandbox service is NOT installed.
05-21 17:47:22.127 V/MyServiceConnection(  700): [SConnection] binding service: pekall.intent.action.SANDBOX_SERVICE
05-21 17:47:22.135 V/l       (  700): Bind requested for task setLogging
05-21 17:47:22.142 W/DocumentManager(  700): Sandbox service is not connected.
05-21 17:47:22.142 D/MessageControllerImpl(  700): controller is null
05-21 17:47:22.142 V/MyServiceConnection(  700): [SConnection] retry to bind service
05-21 17:47:22.142 V/MyServiceConnection(  700): [SConnection] sandbox service is NOT installed.
05-21 17:47:22.142 V/MyServiceConnection(  700): [SConnection] binding service: pekall.intent.action.SANDBOX_SERVICE
05-21 17:47:22.142 D/MessageControllerImpl(  700): controller is null
05-21 17:47:22.142 D/MessageControllerImpl(  700): controller is null
05-21 17:47:22.150 D/MessageControllerImpl(  700): controller is null
05-21 17:47:22.181 V/LauncherApplication(  700): onActivityStarted
05-21 17:47:22.181 D/        (  700): [---null: -1---]     awsa  onActivityResumed
05-21 17:47:22.181 V/LauncherApplication(  700): 2MdmConstant.LAST_LAUNCH_TIME = 0
05-21 17:47:22.189 D/        (  700): [---null: -1---]  activity = com.pekall.emdm.launcher.Launcher
05-21 17:47:22.189 V/LauncherApplication(  700): is not regist
05-21 17:47:22.189 W/Parcel  ( 1661): Attempt to read object from Parcel 0x5ec3bdac at offset 200 that is not in the object list
05-21 17:47:22.197 I/ActivityManager(  374): START u0 {cmp=com.pekall.emdm.launcher/com.pekall.emdm.ui.SplashActivity} from pid 700
05-21 17:47:22.205 D/LauncherProvider(  700): creating new launcher database
05-21 17:47:22.213 E/LauncherApplication(  700): isShowLogoutUI = true
05-21 17:47:22.213 E/LauncherApplication(  700): LogoutShowTime 1
05-21 17:47:22.213 V/Launcher(  700): onResume1111111 
05-21 17:47:22.213 V/Launcher(  700): is logout ----> 
05-21 17:47:22.221 W/WindowManager(  374): Token{427e5d70 ActivityRecord{427f4d38 u0 com.pekall.emdm.launcher/com.pekall.emdm.ui.SplashActivity}} failed creating starting window
05-21 17:47:22.221 W/WindowManager(  374): android.view.InflateException: Binary XML file line #34: Error inflating class <unknown>
05-21 17:47:22.221 W/WindowManager(  374): 	at android.view.LayoutInflater.createView(LayoutInflater.java:620)
05-21 17:47:22.221 W/WindowManager(  374): 	at com.android.internal.policy.impl.PhoneLayoutInflater.onCreateView(PhoneLayoutInflater.java:56)
05-21 17:47:22.221 W/WindowManager(  374): 	at android.view.LayoutInflater.onCreateView(LayoutInflater.java:669)
05-21 17:47:22.221 W/WindowManager(  374): 	at android.view.LayoutInflater.createViewFromTag(LayoutInflater.java:694)
05-21 17:47:22.221 W/WindowManager(  374): 	at android.view.LayoutInflater.rInflate(LayoutInflater.java:755)
05-21 17:47:22.221 W/WindowManager(  374): 	at android.view.LayoutInflater.inflate(LayoutInflater.java:492)
05-21 17:47:22.221 W/WindowManager(  374): 	at android.view.LayoutInflater.inflate(LayoutInflater.java:397)
05-21 17:47:22.221 W/WindowManager(  374): 	at android.view.LayoutInflater.inflate(LayoutInflater.java:353)
05-21 17:47:22.221 W/WindowManager(  374): 	at com.android.internal.policy.impl.PhoneWindow.generateLayout(PhoneWindow.java:2823)
05-21 17:47:22.221 W/WindowManager(  374): 	at com.android.internal.policy.impl.PhoneWindow.installDecor(PhoneWindow.java:2886)
05-21 17:47:22.221 W/WindowManager(  374): 	at com.android.internal.policy.impl.PhoneWindow.getDecorView(PhoneWindow.java:1581)
05-21 17:47:22.221 W/WindowManager(  374): 	at com.android.internal.policy.impl.PhoneWindowManager.addStartingWindow(PhoneWindowManager.java:1618)
05-21 17:47:22.221 W/WindowManager(  374): 	at com.android.server.wm.WindowManagerService$H.handleMessage(WindowManagerService.java:6908)
05-21 17:47:22.221 W/WindowManager(  374): 	at android.os.Handler.dispatchMessage(Handler.java:99)
05-21 17:47:22.221 W/WindowManager(  374): 	at android.os.Looper.loop(Looper.java:137)
05-21 17:47:22.221 W/WindowManager(  374): 	at android.os.HandlerThread.run(HandlerThread.java:61)
05-21 17:47:22.221 W/WindowManager(  374): Caused by: java.lang.reflect.InvocationTargetException
05-21 17:47:22.221 W/WindowManager(  374): 	at java.lang.reflect.Constructor.constructNative(Native Method)
05-21 17:47:22.221 W/WindowManager(  374): 	at java.lang.reflect.Constructor.newInstance(Constructor.java:417)
05-21 17:47:22.221 W/WindowManager(  374): 	at android.view.LayoutInflater.createView(LayoutInflater.java:594)
05-21 17:47:22.221 W/WindowManager(  374): 	... 15 more
05-21 17:47:22.221 W/WindowManager(  374): Caused by: android.content.res.Resources$NotFoundException: Resource is not a Drawable (color or path): TypedValue{t=0x2/d=0x1010059 a=-1}
05-21 17:47:22.221 W/WindowManager(  374): 	at android.content.res.Resources.loadDrawable(Resources.java:2063)
05-21 17:47:22.221 W/WindowManager(  374): 	at android.content.res.TypedArray.getDrawable(TypedArray.java:601)
05-21 17:47:22.221 W/WindowManager(  374): 	at android.widget.FrameLayout.<init>(FrameLayout.java:109)
05-21 17:47:22.221 W/WindowManager(  374): 	at android.widget.FrameLayout.<init>(FrameLayout.java:97)
05-21 17:47:22.221 W/WindowManager(  374): 	... 18 more
05-21 17:47:22.252 D/dalvikvm(  448): GC_CONCURRENT freed 1003K, 14% free 13830K/15944K, paused 4ms+9ms, total 59ms
05-21 17:47:22.267 D/dalvikvm(  700): GC_FOR_ALLOC freed 98K, 4% free 13286K/13728K, paused 54ms, total 55ms
05-21 17:47:22.275 I/dalvikvm-heap(  700): Grow heap (frag case) to 16.268MB for 3415696-byte allocation
05-21 17:47:22.299 D/dalvikvm(  700): GC_FOR_ALLOC freed <1K, 3% free 16621K/17064K, paused 22ms, total 22ms
05-21 17:47:22.299 D/LauncherProvider(  700): converting database from an older format, but not onUpgrade
05-21 17:47:22.322 D/dalvikvm(  700): GC_CONCURRENT freed 27K, 3% free 16627K/17064K, paused 7ms+3ms, total 25ms
05-21 17:47:22.400 I/System.out(  700):  
05-21 17:47:22.400 I/System.out(  700): com.pekall.emdm.launcher.Workspace.setWallpaper(Unknown Source)
05-21 17:47:22.400 I/System.out(  700): com.pekall.emdm.launcher.Launcher.onResume(Unknown Source)
05-21 17:47:22.400 I/System.out(  700): android.app.Instrumentation.callActivityOnResume(Instrumentation.java:1192)
05-21 17:47:22.400 I/System.out(  700): android.app.Activity.performResume(Activity.java:5211)
05-21 17:47:22.400 I/System.out(  700): android.app.ActivityThread.performResumeActivity(ActivityThread.java:2780)
05-21 17:47:22.400 I/System.out(  700): android.app.ActivityThread.handleResumeActivity(ActivityThread.java:2819)
05-21 17:47:22.400 I/System.out(  700): android.app.ActivityThread.handleLaunchActivity(ActivityThread.java:2266)
05-21 17:47:22.400 I/System.out(  700): android.app.ActivityThread.access$600(ActivityThread.java:141)
05-21 17:47:22.400 I/System.out(  700): android.app.ActivityThread$H.handleMessage(ActivityThread.java:1256)
05-21 17:47:22.400 I/System.out(  700): android.os.Handler.dispatchMessage(Handler.java:99)
05-21 17:47:22.400 I/System.out(  700): android.os.Looper.loop(Looper.java:137)
05-21 17:47:22.400 I/System.out(  700): android.app.ActivityThread.main(ActivityThread.java:5103)
05-21 17:47:22.400 I/System.out(  700): java.lang.reflect.Method.invokeNative(Native Method)
05-21 17:47:22.400 I/System.out(  700): java.lang.reflect.Method.invoke(Method.java:525)
05-21 17:47:22.400 I/System.out(  700): com.android.internal.os.ZygoteInit$MethodAndArgsCaller.run(ZygoteInit.java:737)
05-21 17:47:22.400 I/System.out(  700): com.android.internal.os.ZygoteInit.main(ZygoteInit.java:553)
05-21 17:47:22.400 I/System.out(  700): dalvik.system.NativeStart.main(Native Method)
05-21 17:47:22.416 D/dalvikvm(  700): GC_FOR_ALLOC freed 3374K, 23% free 13299K/17064K, paused 14ms, total 14ms
05-21 17:47:22.416 I/dalvikvm-heap(  700): Grow heap (frag case) to 16.281MB for 3415696-byte allocation
05-21 17:47:22.439 D/dalvikvm(  700): GC_FOR_ALLOC freed <1K, 3% free 16634K/17064K, paused 24ms, total 24ms
05-21 17:47:22.478 D/dalvikvm(  700): GC_CONCURRENT freed 11K, 3% free 16639K/17064K, paused 2ms+2ms, total 34ms
05-21 17:47:22.502 D/MDM :   (  700): [null:-1]->icon instanceof BitmapDrawable
05-21 17:47:22.502 D/MDM :   (  700): [null:-1]->  iconWidth 96
05-21 17:47:22.502 D/MDM :   (  700): [null:-1]->  iconHeight 96
05-21 17:47:22.502 D/MDM :   (  700): [null:-1]->  107 96
05-21 17:47:22.517 D/        (  700): [---null: -1---]  xxd  getPackageName  com.pekall.emdm.launcher
05-21 17:47:22.517 D/        (  700): [---null: -1---]  xxd  getClassName  com.pekall.emdm.launcher.CustomShirtcutActivity
05-21 17:47:22.517 D/        (  700): [---null: -1---]  xxd info.title: Custom shortcut
05-21 17:47:22.525 D/MDM :   (  700): [null:-1]->icon instanceof BitmapDrawable
05-21 17:47:22.525 D/MDM :   (  700): [null:-1]->  iconWidth 104
05-21 17:47:22.525 D/MDM :   (  700): [null:-1]->  iconHeight 104
05-21 17:47:22.525 D/MDM :   (  700): [null:-1]->  107 104
05-21 17:47:22.525 D/        (  700): [---null: -1---]  xxd  getPackageName  com.pekall.emdm.launcher
05-21 17:47:22.525 D/        (  700): [---null: -1---]  xxd  getClassName  com.pekall.emdm.contacts.activities.DialtactsActivity
05-21 17:47:22.525 D/        (  700): [---null: -1---]  xxd info.title: Phone
05-21 17:47:22.533 D/MDM :   (  700): [null:-1]->icon instanceof BitmapDrawable
05-21 17:47:22.541 D/MDM :   (  700): [null:-1]->  iconWidth 104
05-21 17:47:22.541 D/MDM :   (  700): [null:-1]->  iconHeight 104
05-21 17:47:22.541 D/MDM :   (  700): [null:-1]->  107 104
05-21 17:47:22.541 D/        (  700): [---null: -1---]  xxd  getPackageName  com.pekall.emdm.launcher
05-21 17:47:22.541 D/        (  700): [---null: -1---]  xxd  getClassName  com.pekall.emdm.messagecenter.activity.MessageMainActivity
05-21 17:47:22.541 D/        (  700): [---null: -1---]  xxd info.title: Message Center
05-21 17:47:22.549 D/MDM :   (  700): [null:-1]->icon instanceof BitmapDrawable
05-21 17:47:22.549 D/MDM :   (  700): [null:-1]->  iconWidth 104
05-21 17:47:22.549 D/MDM :   (  700): [null:-1]->  iconHeight 104
05-21 17:47:22.549 D/MDM :   (  700): [null:-1]->  107 104
05-21 17:47:22.549 D/        (  700): [---null: -1---]  xxd  getPackageName  com.pekall.emdm.launcher
05-21 17:47:22.549 D/        (  700): [---null: -1---]  xxd  getClassName  com.pekall.emdm.document.activity.DocMainActivity
05-21 17:47:22.549 D/        (  700): [---null: -1---]  xxd info.title: Document Manager
05-21 17:47:22.564 D/MDM :   (  700): [null:-1]->icon instanceof BitmapDrawable
05-21 17:47:22.564 D/MDM :   (  700): [null:-1]->  iconWidth 104
05-21 17:47:22.564 D/MDM :   (  700): [null:-1]->  iconHeight 104
05-21 17:47:22.564 D/MDM :   (  700): [null:-1]->  107 104
05-21 17:47:22.564 D/        (  700): [---null: -1---]  xxd  getPackageName  com.pekall.emdm.launcher
05-21 17:47:22.564 D/        (  700): [---null: -1---]  xxd  getClassName  com.pekall.emdm.launcher.ui.BackPersonalActivity
05-21 17:47:22.564 D/        (  700): [---null: -1---]  xxd info.title: Personal Mode
05-21 17:47:22.572 D/MDM :   (  700): [null:-1]->icon instanceof BitmapDrawable
05-21 17:47:22.572 D/MDM :   (  700): [null:-1]->  iconWidth 104
05-21 17:47:22.572 D/MDM :   (  700): [null:-1]->  iconHeight 104
05-21 17:47:22.580 D/MDM :   (  700): [null:-1]->  107 104
05-21 17:47:22.580 D/        (  700): [---null: -1---]  xxd  getPackageName  com.pekall.emdm.launcher
05-21 17:47:22.580 D/        (  700): [---null: -1---]  xxd  getClassName  com.pekall.semail.activity.Welcome
05-21 17:47:22.580 D/        (  700): [---null: -1---]  xxd info.title: Email
05-21 17:47:22.588 D/MDM :   (  700): [null:-1]->icon instanceof BitmapDrawable
05-21 17:47:22.588 D/MDM :   (  700): [null:-1]->  iconWidth 104
05-21 17:47:22.588 D/MDM :   (  700): [null:-1]->  iconHeight 104
05-21 17:47:22.588 D/MDM :   (  700): [null:-1]->  107 104
05-21 17:47:22.588 D/        (  700): [---null: -1---]  xxd  getPackageName  com.pekall.emdm.launcher
05-21 17:47:22.588 D/        (  700): [---null: -1---]  xxd  getClassName  com.pekall.emdm.contacts.activities.PeopleActivity
05-21 17:47:22.596 D/        (  700): [---null: -1---]  xxd info.title: EmdmContacts
05-21 17:47:22.596 D/MDM :   (  700): [null:-1]->icon instanceof BitmapDrawable
05-21 17:47:22.596 D/MDM :   (  700): [null:-1]->  iconWidth 104
05-21 17:47:22.596 D/MDM :   (  700): [null:-1]->  iconHeight 104
05-21 17:47:22.603 D/MDM :   (  700): [null:-1]->  107 104
05-21 17:47:22.603 D/        (  700): [---null: -1---]  xxd  getPackageName  com.pekall.emdm.launcher
05-21 17:47:22.603 D/        (  700): [---null: -1---]  xxd  getClassName  com.pekall.emdm.browser.BrowserActivity
05-21 17:47:22.603 D/        (  700): [---null: -1---]  xxd info.title: Safe Browser
05-21 17:47:22.611 D/MDM :   (  700): [null:-1]->icon instanceof BitmapDrawable
05-21 17:47:22.611 D/MDM :   (  700): [null:-1]->  iconWidth 104
05-21 17:47:22.611 D/MDM :   (  700): [null:-1]->  iconHeight 104
05-21 17:47:22.611 D/MDM :   (  700): [null:-1]->  107 104
05-21 17:47:22.611 D/        (  700): [---null: -1---]  xxd  getPackageName  com.pekall.emdm.launcher
05-21 17:47:22.611 D/        (  700): [---null: -1---]  xxd  getClassName  com.pekall.emdm.launcher.ui.AboutActivity
05-21 17:47:22.619 D/        (  700): [---null: -1---]  xxd info.title: About
05-21 17:47:22.627 D/MDM :   (  700): [null:-1]->icon instanceof BitmapDrawable
05-21 17:47:22.627 D/MDM :   (  700): [null:-1]->  iconWidth 104
05-21 17:47:22.627 D/MDM :   (  700): [null:-1]->  iconHeight 104
05-21 17:47:22.627 D/MDM :   (  700): [null:-1]->  107 104
05-21 17:47:22.627 D/        (  700): [---null: -1---]  xxd  getPackageName  com.pekall.emdm.launcher
05-21 17:47:22.627 D/        (  700): [---null: -1---]  xxd  getClassName  com.pekall.emdm.launcher.ui.SettingActivity
05-21 17:47:22.627 D/        (  700): [---null: -1---]  xxd info.title: Setting
05-21 17:47:22.635 D/HomeLoaders(  700):   ----> workspace loader 1 finished loading data
05-21 17:47:22.635 D/HomeLoaders(  700):   ----> worskpace items=11
05-21 17:47:22.635 D/HomeLoaders(  700):   ----> worskpace widgets=0
05-21 17:47:22.635 D/HomeLoaders(  700):   --> done loading workspace; not stopped
05-21 17:47:22.635 D/HomeLoaders(  700):   ----> items cloned, ready to refresh UI
05-21 17:47:22.635 D/HomeLoaders(  700):   ----> loading applications from workspace loader
05-21 17:47:22.635 D/HomeLoaders(  700):   --> starting applications loader unlocked
05-21 17:47:22.635 D/HomeLoaders(  700):   --> starting applications loader
05-21 17:47:22.642 D/HomeLoaders(  700):   ----> running applications loader (1)
05-21 17:47:22.650 D/MDM :   (  700): [null:-1]->icon instanceof BitmapDrawable
05-21 17:47:22.650 D/MDM :   (  700): [null:-1]->  iconWidth 104
05-21 17:47:22.650 D/MDM :   (  700): [null:-1]->  iconHeight 104
05-21 17:47:22.650 D/MDM :   (  700): [null:-1]->  107 104
05-21 17:47:22.650 D/MDM :   (  700): [null:-1]->icon instanceof BitmapDrawable
05-21 17:47:22.650 D/MDM :   (  700): [null:-1]->  iconWidth 104
05-21 17:47:22.650 D/MDM :   (  700): [null:-1]->  iconHeight 104
05-21 17:47:22.650 D/MDM :   (  700): [null:-1]->  107 104
05-21 17:47:22.650 D/MDM :   (  700): [null:-1]->icon instanceof BitmapDrawable
05-21 17:47:22.650 D/MDM :   (  700): [null:-1]->  iconWidth 104
05-21 17:47:22.650 D/MDM :   (  700): [null:-1]->  iconHeight 104
05-21 17:47:22.650 D/MDM :   (  700): [null:-1]->  107 104
05-21 17:47:22.650 D/MDM :   (  700): [null:-1]->icon instanceof BitmapDrawable
05-21 17:47:22.650 D/MDM :   (  700): [null:-1]->  iconWidth 104
05-21 17:47:22.650 D/MDM :   (  700): [null:-1]->  iconHeight 104
05-21 17:47:22.650 D/MDM :   (  700): [null:-1]->  107 104
05-21 17:47:22.658 D/MDM :   (  700): [null:-1]->icon instanceof BitmapDrawable
05-21 17:47:22.658 D/MDM :   (  700): [null:-1]->  iconWidth 101
05-21 17:47:22.658 D/MDM :   (  700): [null:-1]->  iconHeight 101
05-21 17:47:22.658 D/MDM :   (  700): [null:-1]->  107 101
05-21 17:47:22.666 D/MDM :   (  700): [null:-1]->icon instanceof BitmapDrawable
05-21 17:47:22.666 D/MDM :   (  700): [null:-1]->  iconWidth 104
05-21 17:47:22.666 D/MDM :   (  700): [null:-1]->  iconHeight 104
05-21 17:47:22.666 D/MDM :   (  700): [null:-1]->  107 104
05-21 17:47:22.666 D/MDM :   (  700): [null:-1]->icon instanceof BitmapDrawable
05-21 17:47:22.666 D/MDM :   (  700): [null:-1]->  iconWidth 104
05-21 17:47:22.666 D/MDM :   (  700): [null:-1]->  iconHeight 104
05-21 17:47:22.666 D/MDM :   (  700): [null:-1]->  107 104
05-21 17:47:22.666 D/MDM :   (  700): [null:-1]->icon instanceof BitmapDrawable
05-21 17:47:22.666 D/MDM :   (  700): [null:-1]->  iconWidth 104
05-21 17:47:22.666 D/MDM :   (  700): [null:-1]->  iconHeight 104
05-21 17:47:22.666 D/MDM :   (  700): [null:-1]->  107 104
05-21 17:47:22.666 D/MDM :   (  700): [null:-1]->icon instanceof BitmapDrawable
05-21 17:47:22.666 D/MDM :   (  700): [null:-1]->  iconWidth 104
05-21 17:47:22.666 D/MDM :   (  700): [null:-1]->  iconHeight 104
05-21 17:47:22.666 D/MDM :   (  700): [null:-1]->  107 104
05-21 17:47:22.666 D/MDM :   (  700): [null:-1]->icon instanceof BitmapDrawable
05-21 17:47:22.674 D/MDM :   (  700): [null:-1]->  iconWidth 104
05-21 17:47:22.674 D/MDM :   (  700): [null:-1]->  iconHeight 104
05-21 17:47:22.674 D/MDM :   (  700): [null:-1]->  107 104
05-21 17:47:22.681 D/dalvikvm(  748): DexOpt: load 110ms, verify+opt 1049ms, 1147988 bytes
05-21 17:47:22.689 D/EmailProvider(  700): No accounts to restore...
05-21 17:47:22.697 D/EmailProvider(  700): Deleting orphans...
05-21 17:47:22.697 D/EmailProvider(  700): EmailProvider pre-caching...
05-21 17:47:22.705 D/EmailProvider(  700): EmailProvider ready.
05-21 17:47:22.713 W/ActivityManager(  374): Activity pause timeout for ActivityRecord{427d9d70 u0 com.pekall.emdm.launcher/.Launcher}
05-21 17:47:22.744 D/dalvikvm(  700): DexOpt: --- END 'sc-jdk15on-1.47.0.2.dex.jar' (success) ---
05-21 17:47:22.744 D/dalvikvm(  700): DEX prep '/data/data/com.pekall.emdm.launcher/app_jars/sc-jdk15on-1.47.0.2.dex.jar': unzip in 101ms, rewrite 1494ms
05-21 17:47:22.814 I/Email   (  700): Notifications being toggled: false
05-21 17:47:22.814 W/ActivityManager(  374): Unable to start service Intent { cmp=com.pekall.emdm.launcher/com.pekall.semail.service.AttachmentDownloadService } U=0: not found
05-21 17:47:22.830 D/dalvikvm(  700): GC_CONCURRENT freed 1081K, 6% free 18132K/19252K, paused 5ms+3ms, total 29ms
05-21 17:47:22.830 D/dalvikvm(  700): WAIT_FOR_CONCURRENT_GC blocked 15ms
05-21 17:47:22.830 D/dalvikvm(  700): WAIT_FOR_CONCURRENT_GC blocked 15ms
05-21 17:47:23.017 V/MyServiceConnection(  700): [SConnection] retry to bind service
05-21 17:47:23.025 V/MyServiceConnection(  700): [SConnection] sandbox service is NOT installed.
05-21 17:47:23.025 V/MyServiceConnection(  700): [SConnection] binding service: pekall.intent.action.SANDBOX_SERVICE
05-21 17:47:23.041 D/MdmService(  700): [null:-1]->create mdm service
05-21 17:47:23.049 D/AssistantPhoneService(  700): [---null: -1---]onCreate====================
05-21 17:47:23.056 D/ExchangeService(  700): !!! EAS ExchangeService, onCreate
05-21 17:47:23.056 V/MyServiceConnection(  700): [SConnection] retry to bind service
05-21 17:47:23.056 V/MyServiceConnection(  700): [SConnection] sandbox service is NOT installed.
05-21 17:47:23.056 V/MyServiceConnection(  700): [SConnection] binding service: pekall.intent.action.SANDBOX_SERVICE
05-21 17:47:23.064 D/LauncherApplication(  700): [null:-1]->onActivityPaused
05-21 17:47:23.064 W/Parcel  ( 1661): Attempt to read object from Parcel 0x5ef3bdac at offset 200 that is not in the object list
05-21 17:47:23.072 D/LauncherApplication(  700): [null:-1]->onActivityPaused  updateTime
05-21 17:47:23.072 D/HomeLoaders(  700):   ----> onDesktopItemsLoaded()
05-21 17:47:23.072 D/Launcher(  700): ------> binding 11 items
05-21 17:47:23.072 D/Launcher(  700): ------> binding 0 widgets
05-21 17:47:23.072 D/Launcher(  700): ------> start binding items
05-21 17:47:23.103 D/libEGL  (  700): loaded /vendor/lib/egl/libEGL_POWERVR_SGX540_120.so
05-21 17:47:23.111 D/libEGL  (  700): loaded /vendor/lib/egl/libGLESv1_CM_POWERVR_SGX540_120.so
05-21 17:47:23.119 D/libEGL  (  700): loaded /vendor/lib/egl/libGLESv2_POWERVR_SGX540_120.so
05-21 17:47:23.174 D/OpenGLRenderer(  700): Enabling debug mode 0
05-21 17:47:23.174 D/HomeLoaders(  700):   ----> cleared application list
05-21 17:47:23.260 V/LauncherApplication(  700): onActivityStarted
05-21 17:47:23.260 D/        (  700): [---null: -1---]     awsa  onActivityResumed
05-21 17:47:23.260 V/LauncherApplication(  700): 2MdmConstant.LAST_LAUNCH_TIME = 1400665643077
05-21 17:47:23.267 D/        (  700): [---null: -1---]  activity = com.pekall.emdm.ui.SplashActivity
05-21 17:47:23.275 V/MyServiceConnection(  700): [SConnection] onServiceConnected, comp: com.pekall.sandbox.service.SandboxService
05-21 17:47:23.275 D/AuthenticationManager(  700): [700] binder package: com.pekall.emdm.launcher
05-21 17:47:23.338 D/AuthenticationManager(  700): [700] not authorized.
05-21 17:47:23.346 D/MdmService(  700): [null:-1]->receiver action :android.net.conn.CONNECTIVITY_CHANGE
05-21 17:47:23.353 D/AssistantPhoneService(  700): [---null: -1---]currentCall====================1400665643351
05-21 17:47:23.353 D/Assistant(  700): [---null: -1---]  call dataChange
05-21 17:47:23.353 I/Email   (  700): Notifications being toggled: false
05-21 17:47:23.353 W/ActivityManager(  374): Unable to start service Intent { cmp=com.pekall.emdm.launcher/com.pekall.semail.service.AttachmentDownloadService } U=0: not found
05-21 17:47:23.408 I/ActivityManager(  374): Start proc com.qihoo360.mobilesafe:remote for content provider com.qihoo360.mobilesafe/.shield.provider.EmptyProvider: pid=769 uid=10069 gids={50069, 3003, 1015, 3001, 3002, 1006, 1028}
05-21 17:47:23.439 D/dalvikvm(  125): GC_EXPLICIT freed 42K, 1% free 8921K/9008K, paused 2ms+3ms, total 27ms
05-21 17:47:23.447 I/dalvikvm(  769): Turning on JNI app bug workarounds for target SDK version 8...
05-21 17:47:23.455 D/dalvikvm(  125): GC_EXPLICIT freed <1K, 1% free 8921K/9008K, paused 1ms+2ms, total 21ms
05-21 17:47:23.478 D/dalvikvm(  125): GC_EXPLICIT freed <1K, 1% free 8921K/9008K, paused 1ms+2ms, total 22ms
05-21 17:47:23.627 W/InteractionController(  462): runAndwaitForEvent timedout waiting for events
05-21 17:47:23.658 V/l       (  700): Connected: com.pekall.exchange.ExchangeService
05-21 17:47:23.658 V/l       (  700): Connected: com.pekall.exchange.ExchangeService
05-21 17:47:23.666 V/l       (  700): Task setLogging completed; disconnecting
05-21 17:47:23.666 D/SConnection(  700): classname is com.pekall.emdm.messagecenter.controller.MessageCenterService
05-21 17:47:23.666 D/ExchangeService(  700): !!! EAS ExchangeService, onStartCommand, startingUp = false, running = false
05-21 17:47:23.666 D/ExchangeService(  700): to start secureStorageService now
05-21 17:47:23.666 D/MDM :   (  700): [null:-1]->  iconWidth 104
05-21 17:47:23.666 V/a       (  700): Bind requested for task test
05-21 17:47:23.666 D/MDM :   (  700): [null:-1]->  iconHeight 104
05-21 17:47:23.666 D/MDM :   (  700): [null:-1]->  107 104
05-21 17:47:23.666 D/MDM :   (  700): [null:-1]->width 104
05-21 17:47:23.666 D/MDM :   (  700): [null:-1]->height 104
05-21 17:47:23.666 D/MDM :   (  700): [null:-1]->scale 1.0
05-21 17:47:23.916 D/dalvikvm(  700): JIT unchain all for threadid=11
05-21 17:47:23.924 D/MDM :   (  700): [null:-1]->tint false
05-21 17:47:23.924 D/MDM :   (  700): [null:-1]->width 104
05-21 17:47:23.924 D/MDM :   (  700): [null:-1]->height 104
05-21 17:47:23.931 D/MDM :   (  700): [null:-1]->scale 1.0
05-21 17:47:23.931 V/a       (  700): Bind requested for task getDeviceId
05-21 17:47:23.931 V/a       (  700): Waiting for task getDeviceId to complete...
05-21 17:47:23.939 V/l       (  700): Task setLogging completed; disconnecting
05-21 17:47:24.213 D/dalvikvm(  700): JIT unchain all for threadid=11
05-21 17:47:24.236 D/dalvikvm(  700): GC_CONCURRENT freed 1788K, 9% free 19391K/21220K, paused 256ms+254ms, total 567ms
05-21 17:47:24.236 D/dalvikvm(  700): WAIT_FOR_CONCURRENT_GC blocked 301ms
05-21 17:47:24.236 D/MDM :   (  700): [null:-1]->tint false
05-21 17:47:24.236 D/MDM :   (  700): [null:-1]->  iconWidth 104
05-21 17:47:24.236 D/MDM :   (  700): [null:-1]->  iconHeight 104
05-21 17:47:24.236 D/MDM :   (  700): [null:-1]->  107 104
05-21 17:47:24.236 D/MDM :   (  700): [null:-1]->width 104
05-21 17:47:24.236 D/MDM :   (  700): [null:-1]->height 104
05-21 17:47:24.236 D/MDM :   (  700): [null:-1]->scale 1.0
05-21 17:47:24.236 D/MDM :   (  700): [null:-1]->tint false
05-21 17:47:24.236 D/MDM :   (  700): [null:-1]->width 104
05-21 17:47:24.244 W/CursorWrapperInner(  700): Cursor finalized without prior close()
05-21 17:47:24.244 D/MDM :   (  700): [null:-1]->height 104
05-21 17:47:24.244 D/MDM :   (  700): [null:-1]->scale 1.0
05-21 17:47:24.244 D/MDM :   (  700): [null:-1]->tint false
05-21 17:47:24.244 D/MDM :   (  700): [null:-1]->width 104
05-21 17:47:24.244 D/MDM :   (  700): [null:-1]->height 104
05-21 17:47:24.244 D/MDM :   (  700): [null:-1]->scale 1.0
05-21 17:47:24.244 D/MDM :   (  700): [null:-1]->tint false
05-21 17:47:24.244 D/MDM :   (  700): [null:-1]->  iconWidth 104
05-21 17:47:24.252 D/MDM :   (  700): [null:-1]->  iconHeight 104
05-21 17:47:24.252 D/MDM :   (  700): [null:-1]->  107 104
05-21 17:47:24.252 D/MDM :   (  700): [null:-1]->width 104
05-21 17:47:24.252 D/MDM :   (  700): [null:-1]->height 104
05-21 17:47:24.252 D/MDM :   (  700): [null:-1]->scale 1.0
05-21 17:47:24.252 D/MDM :   (  700): [null:-1]->tint false
05-21 17:47:24.252 D/MDM :   (  700): [null:-1]->width 104
05-21 17:47:24.252 D/MDM :   (  700): [null:-1]->height 104
05-21 17:47:24.252 D/MDM :   (  700): [null:-1]->scale 1.0
05-21 17:47:24.252 D/MDM :   (  700): [null:-1]->tint false
05-21 17:47:24.260 D/MDM :   (  700): [null:-1]->width 104
05-21 17:47:24.260 D/MDM :   (  700): [null:-1]->height 104
05-21 17:47:24.260 D/MDM :   (  700): [null:-1]->scale 1.0
05-21 17:47:24.260 D/MDM :   (  700): [null:-1]->tint false
05-21 17:47:24.267 D/MDM :   (  700): [null:-1]->  iconWidth 104
05-21 17:47:24.267 D/MDM :   (  700): [null:-1]->  iconHeight 104
05-21 17:47:24.267 D/MDM :   (  700): [null:-1]->  107 104
05-21 17:47:24.267 D/        (  700): [---null: -1---]  xxd111  getPackageName  com.pekall.emdm.launcher
05-21 17:47:24.267 D/        (  700): [---null: -1---]  xxd111  getClassName  com.pekall.emdm.document.activity.DocMainActivity
05-21 17:47:24.267 D/        (  700): [---null: -1---]  xxd111  info.title  Document Manager ,count is 0
05-21 17:47:24.275 D/MDM :   (  700): [null:-1]->  iconWidth 104
05-21 17:47:24.275 D/MDM :   (  700): [null:-1]->  iconHeight 104
05-21 17:47:24.275 D/MDM :   (  700): [null:-1]->  107 104
05-21 17:47:24.275 D/        (  700): [---null: -1---]  xxd111  getPackageName  com.pekall.emdm.launcher
05-21 17:47:24.275 D/        (  700): [---null: -1---]  xxd111  getClassName  com.pekall.emdm.launcher.ui.BackPersonalActivity
05-21 17:47:24.275 D/        (  700): [---null: -1---]  xxd111  info.title  Personal Mode ,count is 0
05-21 17:47:24.283 D/MDM :   (  700): [null:-1]->  iconWidth 104
05-21 17:47:24.283 D/MDM :   (  700): [null:-1]->  iconHeight 104
05-21 17:47:24.283 D/MDM :   (  700): [null:-1]->  107 104
05-21 17:47:24.283 D/        (  700): [---null: -1---]  xxd111  getPackageName  com.pekall.emdm.launcher
05-21 17:47:24.283 D/        (  700): [---null: -1---]  xxd111  getClassName  com.pekall.semail.activity.Welcome
05-21 17:47:24.283 D/        (  700): [---null: -1---]  xxd111  info.title  Email ,count is 0
05-21 17:47:24.283 I/Choreographer(  700): Skipped 65 frames!  The application may be doing too much work on its main thread.
05-21 17:47:24.439 D/MDM :   (  700): [null:-1]->  iconWidth 104
05-21 17:47:24.439 D/MDM :   (  700): [null:-1]->  iconHeight 104
05-21 17:47:24.439 D/MDM :   (  700): [null:-1]->  107 104
05-21 17:47:24.447 D/        (  700): [---null: -1---]  xxd111  getPackageName  com.pekall.emdm.launcher
05-21 17:47:24.447 D/        (  700): [---null: -1---]  xxd111  getClassName  com.pekall.emdm.contacts.activities.PeopleActivity
05-21 17:47:24.447 D/        (  700): [---null: -1---]  xxd111  info.title  EmdmContacts ,count is 0
05-21 17:47:24.447 D/MDM :   (  700): [null:-1]->  iconWidth 104
05-21 17:47:24.447 D/MDM :   (  700): [null:-1]->  iconHeight 104
05-21 17:47:24.447 D/MDM :   (  700): [null:-1]->  107 104
05-21 17:47:24.447 D/        (  700): [---null: -1---]  xxd111  getPackageName  com.pekall.emdm.launcher
05-21 17:47:24.447 D/        (  700): [---null: -1---]  xxd111  getClassName  com.pekall.emdm.browser.BrowserActivity
05-21 17:47:24.447 D/        (  700): [---null: -1---]  xxd111  info.title  Safe Browser ,count is 0
05-21 17:47:24.455 D/MDM :   (  700): [null:-1]->  iconWidth 104
05-21 17:47:24.455 D/MDM :   (  700): [null:-1]->  iconHeight 104
05-21 17:47:24.455 D/MDM :   (  700): [null:-1]->  107 104
05-21 17:47:24.455 D/        (  700): [---null: -1---]  xxd111  getPackageName  com.pekall.emdm.launcher
05-21 17:47:24.455 D/        (  700): [---null: -1---]  xxd111  getClassName  com.pekall.emdm.launcher.ui.AboutActivity
05-21 17:47:24.455 D/        (  700): [---null: -1---]  xxd111  info.title  About ,count is 0
05-21 17:47:24.463 D/MDM :   (  700): [null:-1]->  iconWidth 104
05-21 17:47:24.463 D/MDM :   (  700): [null:-1]->  iconHeight 104
05-21 17:47:24.463 D/MDM :   (  700): [null:-1]->  107 104
05-21 17:47:24.463 D/        (  700): [---null: -1---]  xxd111  getPackageName  com.pekall.emdm.launcher
05-21 17:47:24.463 D/        (  700): [---null: -1---]  xxd111  getClassName  com.pekall.emdm.launcher.ui.SettingActivity
05-21 17:47:24.463 D/        (  700): [---null: -1---]  xxd111  info.title  Setting ,count is 0
05-21 17:47:24.744 D/dalvikvm(  700): JIT unchain all for threadid=11
05-21 17:47:24.775 D/dalvikvm(  700): GC_FOR_ALLOC freed 1550K, 12% free 19629K/22132K, paused 278ms, total 281ms
05-21 17:47:24.791 I/dalvikvm-heap(  700): Grow heap (frag case) to 22.462MB for 3415696-byte allocation
05-21 17:47:25.041 D/dalvikvm(  700): JIT unchain all for threadid=11
05-21 17:47:25.080 D/dalvikvm(  700): GC_FOR_ALLOC freed 3K, 10% free 22962K/25468K, paused 282ms, total 289ms
05-21 17:47:25.189 I/Choreographer(  700): Skipped 44 frames!  The application may be doing too much work on its main thread.
05-21 17:47:25.361 I/ActivityManager(  374): Displayed com.pekall.emdm.launcher/com.pekall.emdm.ui.SplashActivity: +2s648ms (total +4s432ms)
05-21 17:47:25.361 I/ActivityManager(  374): Displayed com.pekall.emdm.launcher/.Launcher: +4s432ms
05-21 17:47:25.377 W/BufferQueue(  124): [com.pekall.emdm.launcher/com.pekall.emdm.launcher.Launcher] cancelBuffer: BufferQueue has been abandoned!
05-21 17:47:25.377 V/a       (  700): Connected: com.pekall.semail.service.AccountServiceInternal
05-21 17:47:25.377 V/a       (  700): Connected: com.pekall.semail.service.AccountServiceInternal
05-21 17:47:25.377 V/a       (  700): Connection test succeeded in 1715ms
05-21 17:47:25.377 V/a       (  700): Task test completed; disconnecting
05-21 17:47:25.385 W/Parcel  ( 1661): Attempt to read object from Parcel 0x5dfd3dac at offset 200 that is not in the object list
05-21 17:47:25.385 W/Parcel  ( 1661): Attempt to read object from Parcel 0x6013bdac at offset 200 that is not in the object list
05-21 17:47:25.385 W/WindowManager(  374): Token{426c17e0 ActivityRecord{428c5be0 u0 com.pekall.emdm.launcher/com.pekall.emdm.ui.AdvActivity}} failed creating starting window
05-21 17:47:25.385 W/WindowManager(  374): android.view.InflateException: Binary XML file line #34: Error inflating class <unknown>
05-21 17:47:25.385 W/WindowManager(  374): 	at android.view.LayoutInflater.createView(LayoutInflater.java:620)
05-21 17:47:25.385 W/WindowManager(  374): 	at com.android.internal.policy.impl.PhoneLayoutInflater.onCreateView(PhoneLayoutInflater.java:56)
05-21 17:47:25.385 W/WindowManager(  374): 	at android.view.LayoutInflater.onCreateView(LayoutInflater.java:669)
05-21 17:47:25.385 W/WindowManager(  374): 	at android.view.LayoutInflater.createViewFromTag(LayoutInflater.java:694)
05-21 17:47:25.385 W/WindowManager(  374): 	at android.view.LayoutInflater.rInflate(LayoutInflater.java:755)
05-21 17:47:25.385 W/WindowManager(  374): 	at android.view.LayoutInflater.inflate(LayoutInflater.java:492)
05-21 17:47:25.385 W/WindowManager(  374): 	at android.view.LayoutInflater.inflate(LayoutInflater.java:397)
05-21 17:47:25.385 W/WindowManager(  374): 	at android.view.LayoutInflater.inflate(LayoutInflater.java:353)
05-21 17:47:25.385 W/WindowManager(  374): 	at com.android.internal.policy.impl.PhoneWindow.generateLayout(PhoneWindow.java:2823)
05-21 17:47:25.385 W/WindowManager(  374): 	at com.android.internal.policy.impl.PhoneWindow.installDecor(PhoneWindow.java:2886)
05-21 17:47:25.385 W/WindowManager(  374): 	at com.android.internal.policy.impl.PhoneWindow.getDecorView(PhoneWindow.java:1581)
05-21 17:47:25.385 W/WindowManager(  374): 	at com.android.internal.policy.impl.PhoneWindowManager.addStartingWindow(PhoneWindowManager.java:1618)
05-21 17:47:25.385 W/WindowManager(  374): 	at com.android.server.wm.WindowManagerService$H.handleMessage(WindowManagerService.java:6908)
05-21 17:47:25.385 W/WindowManager(  374): 	at android.os.Handler.dispatchMessage(Handler.java:99)
05-21 17:47:25.385 W/WindowManager(  374): 	at android.os.Looper.loop(Looper.java:137)
05-21 17:47:25.385 W/WindowManager(  374): 	at android.os.HandlerThread.run(HandlerThread.java:61)
05-21 17:47:25.385 W/WindowManager(  374): Caused by: java.lang.reflect.InvocationTargetException
05-21 17:47:25.385 W/WindowManager(  374): 	at java.lang.reflect.Constructor.constructNative(Native Method)
05-21 17:47:25.385 W/WindowManager(  374): 	at java.lang.reflect.Constructor.newInstance(Constructor.java:417)
05-21 17:47:25.385 W/WindowManager(  374): 	at android.view.LayoutInflater.createView(LayoutInflater.java:594)
05-21 17:47:25.385 W/WindowManager(  374): 	... 15 more
05-21 17:47:25.385 W/WindowManager(  374): Caused by: android.content.res.Resources$NotFoundException: Resource is not a Drawable (color or path): TypedValue{t=0x2/d=0x1010059 a=-1}
05-21 17:47:25.385 W/WindowManager(  374): 	at android.content.res.Resources.loadDrawable(Resources.java:2063)
05-21 17:47:25.385 W/WindowManager(  374): 	at android.content.res.TypedArray.getDrawable(TypedArray.java:601)
05-21 17:47:25.385 W/WindowManager(  374): 	at android.widget.FrameLayout.<init>(FrameLayout.java:109)
05-21 17:47:25.385 W/WindowManager(  374): 	at android.widget.FrameLayout.<init>(FrameLayout.java:97)
05-21 17:47:25.385 W/WindowManager(  374): 	... 18 more
05-21 17:47:25.385 I/ActivityManager(  374): START u0 {cmp=com.pekall.emdm.launcher/com.pekall.emdm.ui.AdvActivity} from pid 700
05-21 17:47:25.541 D/dalvikvm(  374): GC_FOR_ALLOC freed 1476K, 22% free 23252K/29760K, paused 93ms, total 93ms
05-21 17:47:25.549 V/l       (  700): Bind requested for task setLogging
05-21 17:47:25.549 V/a       (  700): Task getDeviceId completed; disconnecting
05-21 17:47:25.549 D/MDM :   (  700): [null:-1]->  iconWidth 104
05-21 17:47:25.549 D/MDM :   (  700): [null:-1]->  iconHeight 104
05-21 17:47:25.556 D/MDM :   (  700): [null:-1]->  107 104
05-21 17:47:25.556 D/MDM :   (  700): [null:-1]->  iconWidth 104
05-21 17:47:25.556 D/MDM :   (  700): [null:-1]->  iconHeight 104
05-21 17:47:25.556 D/MDM :   (  700): [null:-1]->  107 104
05-21 17:47:25.564 D/MDM :   (  700): [null:-1]->  iconWidth 104
05-21 17:47:25.564 D/MDM :   (  700): [null:-1]->  iconHeight 104
05-21 17:47:25.564 D/MDM :   (  700): [null:-1]->  107 104
05-21 17:47:25.564 D/MDM :   (  700): [null:-1]->  iconWidth 104
05-21 17:47:25.564 D/MDM :   (  700): [null:-1]->  iconHeight 104
05-21 17:47:25.564 D/MDM :   (  700): [null:-1]->  107 104
05-21 17:47:25.564 D/MDM :   (  700): [null:-1]->  iconWidth 104
05-21 17:47:25.564 D/MDM :   (  700): [null:-1]->  iconHeight 104
05-21 17:47:25.572 D/MDM :   (  700): [null:-1]->  107 104
05-21 17:47:25.572 D/MDM :   (  700): [null:-1]->  iconWidth 104
05-21 17:47:25.572 D/MDM :   (  700): [null:-1]->  iconHeight 104
05-21 17:47:25.572 D/MDM :   (  700): [null:-1]->  107 104
05-21 17:47:25.572 D/MDM :   (  700): [null:-1]->  iconWidth 104
05-21 17:47:25.572 D/MDM :   (  700): [null:-1]->  iconHeight 104
05-21 17:47:25.580 D/MDM :   (  700): [null:-1]->  107 104
05-21 17:47:25.580 D/MDM :   (  700): [null:-1]->  iconWidth 104
05-21 17:47:25.580 D/MDM :   (  700): [null:-1]->  iconHeight 104
05-21 17:47:25.580 D/MDM :   (  700): [null:-1]->  107 104
05-21 17:47:25.580 D/MDM :   (  700): [null:-1]->  iconWidth 104
05-21 17:47:25.580 D/MDM :   (  700): [null:-1]->  iconHeight 104
05-21 17:47:25.580 D/MDM :   (  700): [null:-1]->  107 104
05-21 17:47:25.588 D/MDM :   (  700): [null:-1]->  iconWidth 104
05-21 17:47:25.588 D/MDM :   (  700): [null:-1]->  iconHeight 104
05-21 17:47:25.588 D/MDM :   (  700): [null:-1]->  107 104
05-21 17:47:25.596 D/LauncherApplication(  700): [null:-1]->onActivityPaused
05-21 17:47:25.603 V/a       (  700): Wait for getDeviceId finished in 1667ms
05-21 17:47:25.603 D/ExchangeService(  700): Received deviceId from Email app: androidc2130646576
05-21 17:47:25.603 D/ExchangeService(  700): Reconciling accounts...
05-21 17:47:25.603 V/a       (  700): Bind requested for task reconcileAccounts
05-21 17:47:25.603 I/ActivityManager(  374): No longer want android.process.media (pid 32465): empty for 1800s
05-21 17:47:25.611 D/ExchangeService(  700): !!! EAS ExchangeService, onStartCommand, startingUp = true, running = false
05-21 17:47:25.619 V/a       (  700): Waiting for task reconcileAccounts to complete...
05-21 17:47:25.619 W/ActivityManager(  374): Scheduling restart of crashed service com.android.providers.media/.MtpService in 5000ms
05-21 17:47:25.681 V/LauncherApplication(  700): onActivityStarted
05-21 17:47:25.681 D/        (  700): [---null: -1---]     awsa  onActivityResumed
05-21 17:47:25.681 V/LauncherApplication(  700): 2MdmConstant.LAST_LAUNCH_TIME = 1400665643077
05-21 17:47:25.697 D/        (  700): [---null: -1---]  activity = com.pekall.emdm.ui.AdvActivity
05-21 17:47:25.697 V/l       (  700): Connected: com.pekall.exchange.ExchangeService
05-21 17:47:25.697 V/l       (  700): Task setLogging completed; disconnecting
05-21 17:47:26.056 D/dalvikvm(  700): JIT unchain all for threadid=11
05-21 17:47:26.088 D/dalvikvm(  700): GC_FOR_ALLOC freed 680K, 9% free 25138K/27548K, paused 278ms, total 279ms
05-21 17:47:26.306 V/a       (  700): Connected: com.pekall.semail.service.AccountServiceInternal
05-21 17:47:26.322 V/a       (  700): Task reconcileAccounts completed; disconnecting
05-21 17:47:26.322 V/a       (  700): Wait for reconcileAccounts finished in 705ms
05-21 17:47:26.377 D/ExchangeService(  700): !!! EAS ExchangeService, stopping self
05-21 17:47:26.408 D/ExchangeService(  700): !!! EAS ExchangeService, onDestroy
05-21 17:47:26.416 I/ActivityManager(  374): Displayed com.pekall.emdm.launcher/com.pekall.emdm.ui.AdvActivity: +812ms
05-21 17:47:26.947 I/QueryController(  462): Matched selector: UiSelector[PACKAGE NAME=com.pekall.emdm.launcher] <<==>> [android.view.accessibility.AccessibilityNodeInfo@82e7; boundsInParent: Rect(0, 0 - 720, 1184); boundsInScreen: Rect(0, 0 - 720, 1184); packageName: com.pekall.emdm.launcher; className: android.widget.FrameLayout; text: null; contentDescription: null; viewIdResName: null; checkable: false; checked: false; focusable: false; focused: false; selected: false; clickable: false; longClickable: false; enabled: true; password: false; scrollable: false; [ACTION_SELECT, ACTION_CLEAR_SELECTION, ACTION_ACCESSIBILITY_FOCUS]]
05-21 17:47:27.775 D/dalvikvm(  700): JIT unchain all for threadid=11
05-21 17:47:27.806 D/dalvikvm(  700): GC_FOR_ALLOC freed 41K, 9% free 27234K/29628K, paused 276ms, total 277ms
05-21 17:47:28.744 D/dalvikvm(  700): JIT unchain all for threadid=11
05-21 17:47:28.775 D/dalvikvm(  700): GC_FOR_ALLOC freed 738K, 10% free 28582K/31708K, paused 274ms, total 279ms
05-21 17:47:30.119 I/QueryController(  462): Matched selector: UiSelector[TEXT=Start] <<==>> [android.view.accessibility.AccessibilityNodeInfo@b775; boundsInParent: Rect(0, 0 - 400, 96); boundsInScreen: Rect(160, 997 - 560, 1093); packageName: com.pekall.emdm.launcher; className: android.widget.Button; text: Start; contentDescription: null; viewIdResName: com.pekall.emdm.launcher:id/start; checkable: false; checked: false; focusable: true; focused: false; selected: false; clickable: true; longClickable: false; enabled: true; password: false; scrollable: false; [ACTION_FOCUS, ACTION_SELECT, ACTION_CLEAR_SELECTION, ACTION_CLICK, ACTION_ACCESSIBILITY_FOCUS, ACTION_NEXT_AT_MOVEMENT_GRANULARITY, ACTION_PREVIOUS_AT_MOVEMENT_GRANULARITY, ACTION_SET_SELECTION]]
05-21 17:47:30.135 I/QueryController(  462): Matched selector: UiSelector[TEXT=Start, CLASS=android.widget.Button] <<==>> [android.view.accessibility.AccessibilityNodeInfo@b775; boundsInParent: Rect(0, 0 - 400, 96); boundsInScreen: Rect(160, 997 - 560, 1093); packageName: com.pekall.emdm.launcher; className: android.widget.Button; text: Start; contentDescription: null; viewIdResName: com.pekall.emdm.launcher:id/start; checkable: false; checked: false; focusable: true; focused: false; selected: false; clickable: true; longClickable: false; enabled: true; password: false; scrollable: false; [ACTION_FOCUS, ACTION_SELECT, ACTION_CLEAR_SELECTION, ACTION_CLICK, ACTION_ACCESSIBILITY_FOCUS, ACTION_NEXT_AT_MOVEMENT_GRANULARITY, ACTION_PREVIOUS_AT_MOVEMENT_GRANULARITY, ACTION_SET_SELECTION]]
