05-21 17:47:57.471 D/MdmService(  700): [null:-1]->MdmStatusManager is busy , wait......
05-21 17:47:57.471 I/TransInfo(  700): TransInfo created, id: 9, class: class com.pekall.emdm.transaction.c.c
05-21 17:47:57.486 D/MDM :   (  700): [null:-1]->handleMessage
05-21 17:47:57.510 W/Parcel  ( 1661): Attempt to read object from Parcel 0x5ef3bdac at offset 200 that is not in the object list
05-21 17:47:57.510 I/ActivityManager(  374): START u0 {flg=0x8000 cmp=com.pekall.emdm.launcher/.Launcher} from pid 700
05-21 17:47:57.556 D/MDM :   (  700): [null:-1]->statusCode : 200
05-21 17:47:57.556 D/MDM :   (  700): [null:-1]->statusCode : 200
05-21 17:47:57.556 V/DEBUG   (  700): HTTP 1
05-21 17:47:57.556 D/MDM :   (  700): [null:-1]->read network input stream
05-21 17:47:57.564 D/MDM :   (  700): [null:-1]->Get joson string: {"result":0}
05-21 17:47:57.572 D/NetworkThread(  700): [null:-1]->clear mCurrentTransInfo
05-21 17:47:57.580 D/NetworkThread(  700): [null:-1]->sendHttpPost:PostRequest, url: http://192.168.10.21/rest/mdm/v1/ios/android_server, Params: [content:<?xml version="1.0" encoding="UTF-8"?>
05-21 17:47:57.580 D/NetworkThread(  700): <!DOCTYPE plist PUBLIC "-//Apple//DTD PLIST 1.0//EN" "http://www.apple.com/DTDs/PropertyList-1.0.dtd">
05-21 17:47:57.580 D/NetworkThread(  700): <plist version="1.0">
05-21 17:47:57.580 D/NetworkThread(  700): <dict>
05-21 17:47:57.580 D/NetworkThread(  700): 	<key>Status</key>
05-21 17:47:57.580 D/NetworkThread(  700): 	<string>Idle</string>
05-21 17:47:57.580 D/NetworkThread(  700): 	<key>UDID</key>
05-21 17:47:57.580 D/NetworkThread(  700): 	<string>00013fbc8ecec5b9000001461e2e1682</string>
05-21 17:47:57.580 D/NetworkThread(  700): </dict>
05-21 17:47:57.580 D/NetworkThread(  700): </plist>], 
05-21 17:47:57.580 D/HttpClient(  700): enable apache.http debug
05-21 17:47:57.596 V/DEBUG   (  700): HTTP 0
05-21 17:47:57.642 D/dalvikvm(  374): GC_FOR_ALLOC freed 1218K, 21% free 23696K/29760K, paused 87ms, total 90ms
05-21 17:47:57.658 W/WindowManager(  374): Token{42fe2978 ActivityRecord{42a089c0 u0 com.pekall.emdm.launcher/.Launcher}} failed creating starting window
05-21 17:47:57.658 W/WindowManager(  374): android.view.InflateException: Binary XML file line #34: Error inflating class <unknown>
05-21 17:47:57.658 W/WindowManager(  374): 	at android.view.LayoutInflater.createView(LayoutInflater.java:620)
05-21 17:47:57.658 W/WindowManager(  374): 	at com.android.internal.policy.impl.PhoneLayoutInflater.onCreateView(PhoneLayoutInflater.java:56)
05-21 17:47:57.658 W/WindowManager(  374): 	at android.view.LayoutInflater.onCreateView(LayoutInflater.java:669)
05-21 17:47:57.658 W/WindowManager(  374): 	at android.view.LayoutInflater.createViewFromTag(LayoutInflater.java:694)
05-21 17:47:57.658 W/WindowManager(  374): 	at android.view.LayoutInflater.rInflate(LayoutInflater.java:755)
05-21 17:47:57.658 W/WindowManager(  374): 	at android.view.LayoutInflater.inflate(LayoutInflater.java:492)
05-21 17:47:57.658 W/WindowManager(  374): 	at android.view.LayoutInflater.inflate(LayoutInflater.java:397)
05-21 17:47:57.658 W/WindowManager(  374): 	at android.view.LayoutInflater.inflate(LayoutInflater.java:353)
05-21 17:47:57.658 W/WindowManager(  374): 	at com.android.internal.policy.impl.PhoneWindow.generateLayout(PhoneWindow.java:2823)
05-21 17:47:57.658 W/WindowManager(  374): 	at com.android.internal.policy.impl.PhoneWindow.installDecor(PhoneWindow.java:2886)
05-21 17:47:57.658 W/WindowManager(  374): 	at com.android.internal.policy.impl.PhoneWindow.getDecorView(PhoneWindow.java:1581)
05-21 17:47:57.658 W/WindowManager(  374): 	at com.android.internal.policy.impl.PhoneWindowManager.addStartingWindow(PhoneWindowManager.java:1618)
05-21 17:47:57.658 W/WindowManager(  374): 	at com.android.server.wm.WindowManagerService$H.handleMessage(WindowManagerService.java:6908)
05-21 17:47:57.658 W/WindowManager(  374): 	at android.os.Handler.dispatchMessage(Handler.java:99)
05-21 17:47:57.658 W/WindowManager(  374): 	at android.os.Looper.loop(Looper.java:137)
05-21 17:47:57.658 W/WindowManager(  374): 	at android.os.HandlerThread.run(HandlerThread.java:61)
05-21 17:47:57.658 W/WindowManager(  374): Caused by: java.lang.reflect.InvocationTargetException
05-21 17:47:57.658 W/WindowManager(  374): 	at java.lang.reflect.Constructor.constructNative(Native Method)
05-21 17:47:57.658 W/WindowManager(  374): 	at java.lang.reflect.Constructor.newInstance(Constructor.java:417)
05-21 17:47:57.658 W/WindowManager(  374): 	at android.view.LayoutInflater.createView(LayoutInflater.java:594)
05-21 17:47:57.658 W/WindowManager(  374): 	... 15 more
05-21 17:47:57.658 W/WindowManager(  374): Caused by: android.content.res.Resources$NotFoundException: Resource is not a Drawable (color or path): TypedValue{t=0x2/d=0x1010059 a=-1}
05-21 17:47:57.658 W/WindowManager(  374): 	at android.content.res.Resources.loadDrawable(Resources.java:2063)
05-21 17:47:57.658 W/WindowManager(  374): 	at android.content.res.TypedArray.getDrawable(TypedArray.java:601)
05-21 17:47:57.658 W/WindowManager(  374): 	at android.widget.FrameLayout.<init>(FrameLayout.java:109)
05-21 17:47:57.658 W/WindowManager(  374): 	at android.widget.FrameLayout.<init>(FrameLayout.java:97)
05-21 17:47:57.658 W/WindowManager(  374): 	... 18 more
05-21 17:47:57.674 D/ProfileManager(  700): [null:-1]->check policy checking :false
05-21 17:47:57.674 D/ProfileManager(  700): [null:-1]->check policy checking :true
05-21 17:47:57.674 E/QueryController(  462): Got null root node from accessibility - Retrying...
05-21 17:47:57.674 D/MDM :   (  700): [null:-1]->MSG_WEBSOCKET_OPEN
05-21 17:47:57.681 D/MDM :   (  700): [null:-1]->MSG_WEBSOCKET_OPEN
05-21 17:47:57.681 D/LauncherApplication(  700): [null:-1]->onActivityPaused
05-21 17:47:57.697 D/HomeLoaders(  700): aborting loaders
05-21 17:47:57.924 E/QueryController(  462): Got null root node from accessibility - Retrying...
05-21 17:47:57.947 D/dalvikvm(  700): JIT unchain all for threadid=11
05-21 17:47:57.994 D/PushMessageManager(  700): [null:-1]->add sent message : {"params":{"device":"00013fbc8ecec5b9000001461e2e1682","token":"123456"},"id":0,"command":0,"reason":0,"result":0,"type":0}
05-21 17:47:58.010 D/MDM :   (  700): [null:-1]->statusCode : 200
05-21 17:47:58.010 D/MDM :   (  700): [null:-1]->statusCode : 200
05-21 17:47:58.010 V/DEBUG   (  700): HTTP 1
05-21 17:47:58.041 D/PushMessageManager(  700): [null:-1]->add sent message : {"params":{"device":"00013fbc8ecec5b9000001461e2e1682","token":"123456"},"id":0,"command":0,"reason":0,"result":0,"type":0}
05-21 17:47:58.174 E/QueryController(  462): Got null root node from accessibility - Retrying...
05-21 17:47:58.306 D/dalvikvm(  700): JIT unchain all for threadid=11
05-21 17:47:58.338 D/MDM :   (  700): [null:-1]->read network input stream
05-21 17:47:58.338 D/MDM :   (  700): [null:-1]->read network input stream
05-21 17:47:58.346 D/MDM :   (  700): [null:-1]->Get joson string: <?xml version="1.0" encoding="UTF-8"?>
05-21 17:47:58.346 D/MDM :   (  700): <!DOCTYPE plist PUBLIC "-//Apple//DTD PLIST 1.0//EN" "http://www.apple.com/DTDs/PropertyList-1.0.dtd">
05-21 17:47:58.346 D/MDM :   (  700): <plist version="1.0">
05-21 17:47:58.346 D/MDM :   (  700): <dict>
05-21 17:47:58.346 D/MDM :   (  700): 	<key>CommandUUID</key>
05-21 17:47:58.346 D/MDM :   (  700): 	<string>007908ee-1e7c-4fc6-bcbe-3c6da10f3214</string>
05-21 17:47:58.346 D/MDM :   (  700): 	<key>Command</key>
05-21 17:47:58.346 D/MDM :   (  700): 	<dict>
05-21 17:47:58.346 D/MDM :   (  700): 		<key>Queries</key>
05-21 17:47:58.346 D/MDM :   (  700): 		<array>
05-21 17:47:58.346 D/MDM :   (  700): 			<string>UDID</string>
05-21 17:47:58.346 D/MDM :   (  700): 			<string>DeviceName</string>
05-21 17:47:58.346 D/MDM :   (  700): 			<string>OSVersion</string>
05-21 17:47:58.346 D/MDM :   (  700): 			<string>BuildVersion</string>
05-21 17:47:58.346 D/MDM :   (  700): 			<string>ModelName</string>
05-21 17:47:58.346 D/MDM :   (  700): 			<string>Model</string>
05-21 17:47:58.346 D/MDM :   (  700): 			<string>ProductName</string>
05-21 17:47:58.346 D/MDM :   (  700): 			<string>SerialNumber</string>
05-21 17:47:58.346 D/MDM :   (  700): 			<string>DeviceCapacity</string>
05-21 17:47:58.346 D/MDM :   (  700): 			<string>AvailableDeviceCapacity</string>
05-21 17:47:58.346 D/MDM :   (  700): 			<string>BatteryLevel</string>
05-21 17:47:58.346 D/MDM :   (  700): 			<string>CellularTechnology</string>
05-21 17:47:58.346 D/MDM :   (  700): 			<string>IMEI</string>
05-21 17:47:58.346 D/MDM :   (  700): 			<string>MEID</string>
05-21 17:47:58.346 D/MDM :   (  700): 			<string>ModemFirmwareVersion</string>
05-21 17:47:58.346 D/MDM :   (  700): 			<string>ICCID</string>
05-21 17:47:58.346 D/MDM :   (  700): 			<string>BluetoothMAC</string>
05-21 17:47:58.346 D/MDM :   (  700): 			<string>WiFiMAC</string>
05-21 17:47:58.346 D/MDM :   (  700): 			<string>EthernetMAC</string>
05-21 17:47:58.346 D/MDM :   (  700): 			<string>CurrentCarrierNetwork</string>
05-21 17:47:58.346 D/MDM :   (  700): 			<string>SIMCarrierNetwork</string>
05-21 17:47:58.346 D/MDM :   (  700): 			<string>SubscriberCarrierNetwork</string>
05-21 17:47:58.346 D/MDM :   (  700): 			<string>CarrierSettingsVersion</string>
05-21 17:47:58.346 D/MDM :   (  700): 			<string>PhoneNumber</string>
05-21 17:47:58.346 D/MDM :   (  700): 			<string>VoiceRoamingEnabled</string>
05-21 17:47:58.346 D/MDM :   (  700): 			<string>DataRoamingEnabled</string>
05-21 17:47:58.346 D/MDM :   (  700): 			<string>IsRoaming</string>
05-21 17:47:58.346 D/MDM :   (  700): 			<string>SubscriberMCC</string>
05-21 17:47:58.346 D/MDM :   (  700): 			<string>SubscriberMNC</string>
05-21 17:47:58.346 D/MDM :   (  700): 			<string>SIMMCC</string>
05-21 17:47:58.346 D/MDM :   (  700): 			<string>SIMMNC</string>
05-21 17:47:58.346 D/MDM :   (  700): 			<string>CurrentMCC</string>
05-21 17:47:58.346 D/MDM :   (  700): 			<string>CurrentMNC</string>
05-21 17:47:58.346 D/MDM :   (  700): 		</array>
05-21 17:47:58.346 D/MDM :   (  700): 		<key>RequestType</key>
05-21 17:47:58.346 D/MDM :   (  700): 		<string>DeviceInformation</string>
05-21 17:47:58.346 D/MDM :   (  700): 	</dict>
05-21 17:47:58.346 D/MDM :   (  700): </dict>
05-21 17:47:58.346 D/MDM :   (  700): </plist>
05-21 17:47:58.353 D/dalvikvm(  700): GC_EXPLICIT freed 7536K, 34% free 23397K/35180K, paused 262ms+264ms, total 657ms
05-21 17:47:58.416 D/CheckInTransInfo(  700): [null:-1]->CommandMsg : CommandMsg{CommandUUID='007908ee-1e7c-4fc6-bcbe-3c6da10f3214', Command=CommandObject{RequestType='DeviceInformation'}}
05-21 17:47:58.424 E/QueryController(  462): Cannot proceed when root node is null. Aborted search
05-21 17:47:58.424 E/QueryController(  462): Got null root node from accessibility - Retrying...
05-21 17:47:58.455 D/MDM :   (  700): [null:-1]->width 104
05-21 17:47:58.455 D/MDM :   (  700): [null:-1]->height 104
05-21 17:47:58.455 D/MDM :   (  700): [null:-1]->scale 0.5
05-21 17:47:58.455 D/MDM :   (  700): [null:-1]->tint false
05-21 17:47:58.455 D/MDM :   (  700): [null:-1]->width 104
05-21 17:47:58.455 D/MDM :   (  700): [null:-1]->height 104
05-21 17:47:58.463 D/MDM :   (  700): [null:-1]->scale 0.5
05-21 17:47:58.463 D/NetworkThread(  700): [null:-1]->clear mCurrentTransInfo
05-21 17:47:58.463 D/NetworkThread(  700): [null:-1]->sendHttpPost:PostRequest, url: http://192.168.10.21/rest/mdm/v1/system/check_mdm_app, Params: [version:71][os:51201][pkg_name:com.pekall.emdm.launcher], 
05-21 17:47:58.463 D/HttpClient(  700): enable apache.http debug
05-21 17:47:58.463 D/MDM :   (  700): [null:-1]->tint false
05-21 17:47:58.471 D/MDM :   (  700): [null:-1]->icon instanceof BitmapDrawable
05-21 17:47:58.471 D/MDM :   (  700): [null:-1]->  iconWidth 87
05-21 17:47:58.471 D/MDM :   (  700): [null:-1]->  iconHeight 87
05-21 17:47:58.471 D/MDM :   (  700): [null:-1]->  107 87
05-21 17:47:58.471 D/MDM :   (  700): [null:-1]->width 104
05-21 17:47:58.471 D/MDM :   (  700): [null:-1]->height 104
05-21 17:47:58.471 D/MDM :   (  700): [null:-1]->scale 1.0
05-21 17:47:58.471 D/MDM :   (  700): [null:-1]->tint false
05-21 17:47:58.478 D/MDM :   (  700): [null:-1]->width 104
05-21 17:47:58.478 D/MDM :   (  700): [null:-1]->height 104
05-21 17:47:58.478 D/MDM :   (  700): [null:-1]->scale 1.0
05-21 17:47:58.478 D/MDM :   (  700): [null:-1]->tint false
05-21 17:47:58.478 V/DEBUG   (  700): HTTP 0
05-21 17:47:58.494 D/MDM :   (  700): [null:-1]->icon instanceof BitmapDrawable
05-21 17:47:58.494 D/MDM :   (  700): [null:-1]->  iconWidth 87
05-21 17:47:58.494 D/MDM :   (  700): [null:-1]->  iconHeight 87
05-21 17:47:58.494 D/MDM :   (  700): [null:-1]->  107 87
05-21 17:47:58.494 D/MDM :   (  700): [null:-1]->width 104
05-21 17:47:58.494 D/MDM :   (  700): [null:-1]->height 104
05-21 17:47:58.494 D/MDM :   (  700): [null:-1]->scale 1.0
05-21 17:47:58.494 D/MDM :   (  700): [null:-1]->tint false
05-21 17:47:58.494 D/MDM :   (  700): [null:-1]->width 104
05-21 17:47:58.494 D/MDM :   (  700): [null:-1]->height 104
05-21 17:47:58.494 D/MDM :   (  700): [null:-1]->scale 1.0
05-21 17:47:58.502 D/MDM :   (  700): [null:-1]->tint false
05-21 17:47:58.502 D/MDM :   (  700): [null:-1]->icon instanceof BitmapDrawable
05-21 17:47:58.502 D/MDM :   (  700): [null:-1]->  iconWidth 87
05-21 17:47:58.502 D/MDM :   (  700): [null:-1]->  iconHeight 87
05-21 17:47:58.502 D/MDM :   (  700): [null:-1]->  107 87
05-21 17:47:58.510 D/MDM :   (  700): [null:-1]->width 104
05-21 17:47:58.510 D/MDM :   (  700): [null:-1]->height 104
05-21 17:47:58.510 D/MDM :   (  700): [null:-1]->scale 1.0
05-21 17:47:58.510 D/MDM :   (  700): [null:-1]->tint false
05-21 17:47:58.674 E/QueryController(  462): Got null root node from accessibility - Retrying...
05-21 17:47:58.767 D/dalvikvm(  700): JIT unchain all for threadid=11
05-21 17:47:58.814 D/dalvikvm(  700): GC_FOR_ALLOC freed 4817K, 43% free 20137K/35180K, paused 294ms, total 297ms
05-21 17:47:58.924 E/QueryController(  462): Got null root node from accessibility - Retrying...
05-21 17:47:58.955 V/Launcher(  700): isLauncherDf = true
05-21 17:47:58.955 V/Launcher(  700): isPhoneDf = true
05-21 17:47:58.963 D/        (  700): [---null: -1---]  ScreenWidth  720
05-21 17:47:58.963 D/        (  700): [---null: -1---]  ScreenHeight  1184
05-21 17:47:58.963 D/HomeLoaders(  700): load applications
05-21 17:47:58.963 D/HomeLoaders(  700):   --> applications loaded, return
05-21 17:47:58.963 D/HomeLoaders(  700): loading user items in Thread[main,5,main]
05-21 17:47:58.963 D/HomeLoaders(  700):   --> items loaded, return
05-21 17:47:58.963 D/HomeLoaders(  700):   --> loading from cache: 11, 0
05-21 17:47:58.963 D/Launcher(  700): ------> binding 11 items
05-21 17:47:58.963 D/Launcher(  700): ------> binding 0 widgets
05-21 17:47:58.963 D/Launcher(  700): ------> start binding items
05-21 17:47:58.971 W/Parcel  ( 1661): Attempt to read object from Parcel 0x6003bdac at offset 200 that is not in the object list
05-21 17:47:58.971 W/Parcel  ( 1661): Attempt to read object from Parcel 0x5ded3dac at offset 200 that is not in the object list
05-21 17:47:58.971 D/Email   (  700): Email: init sandbox at the beginning.
05-21 17:47:58.971 V/l       (  700): Bind requested for task setLogging
05-21 17:47:58.978 D/MDM :   (  700): [null:-1]->statusCode : 200
05-21 17:47:58.986 D/MDM :   (  700): [null:-1]->statusCode : 200
05-21 17:47:58.986 V/DEBUG   (  700): HTTP 1
05-21 17:47:58.986 W/SQLiteOpenHelper(  700): Opened /data/data/com.pekall.emdm.launcher/databases/sandbox.db
05-21 17:47:59.174 E/QueryController(  462): Cannot proceed when root node is null. Aborted search
05-21 17:47:59.174 E/QueryController(  462): Got null root node from accessibility - Retrying...
05-21 17:47:59.236 D/dalvikvm(  700): JIT unchain all for threadid=11
05-21 17:47:59.260 D/MDM :   (  700): [null:-1]->read network input stream
05-21 17:47:59.267 D/MDM :   (  700): [null:-1]->Get joson string: {"result":0,"mdmClientInfos":{"id":25,"type":51107,"url":"https://test.mdm.everknow.cn/resources/api/v1/download/guest?uuid=cb3117c2cd0a49aedb09d3d5625d","pkgName":"com.pekall.emdm.launcher","platform":51201,"comId":1,"appVersionCode":72,"appVersionName":"BYOD_2.1.0424","appAuthor":null,"appIcon":null,"appName":"Pekall enterprise mobile office","appSize":null,"minSdk":null,"updateTime":1398754856000,"forceUpdate":0,"updateInfo":null,"new":false}}
05-21 17:47:59.283 D/NetworkThread(  700): [null:-1]->clear mCurrentTransInfo
05-21 17:47:59.283 D/NetworkThread(  700): [null:-1]->queue is empty, thread wait...
05-21 17:47:59.283 I/Email   (  700): Notifications being toggled: false
05-21 17:47:59.283 W/ActivityManager(  374): Unable to start service Intent { cmp=com.pekall.emdm.launcher/com.pekall.semail.service.AttachmentDownloadService } U=0: not found
05-21 17:47:59.377 D/dalvikvm( 1661): GC_EXPLICIT freed 120K, 18% free 13042K/15888K, paused 2ms+3ms, total 51ms
05-21 17:47:59.431 E/QueryController(  462): Got null root node from accessibility - Retrying...
05-21 17:47:59.541 D/dalvikvm(  700): JIT unchain all for threadid=11
05-21 17:47:59.556 W/Parcel  ( 1661): Attempt to read object from Parcel 0x5dfd3dac at offset 200 that is not in the object list
05-21 17:47:59.556 W/Parcel  ( 1661): Attempt to read object from Parcel 0x6013bdac at offset 200 that is not in the object list
05-21 17:47:59.564 D/dalvikvm(  700): GC_CONCURRENT freed 372K, 34% free 23496K/35180K, paused 259ms+262ms, total 574ms
05-21 17:47:59.564 V/LauncherApplication(  700): onActivityStarted
05-21 17:47:59.572 D/        (  700): [---null: -1---]     awsa  onActivityResumed
05-21 17:47:59.572 V/LauncherApplication(  700): 2MdmConstant.LAST_LAUNCH_TIME = 1400665643077
05-21 17:47:59.580 D/        (  700): [---null: -1---]  activity = com.pekall.emdm.launcher.Launcher
05-21 17:47:59.580 V/DefultSetContriller(  700): isLauncherDf = com.pekall.emdm.launcher
05-21 17:47:59.580 V/DefultSetContriller(  700): isLauncherDf = com.pekall.emdm.launcher
05-21 17:47:59.588 V/DefultSetContriller(  700): isPhoneDf = com.pekall.emdm.launcher
05-21 17:47:59.588 E/LauncherApplication(  700): isShowLogoutUI = true
05-21 17:47:59.588 E/LauncherApplication(  700): LogoutShowTime 1
05-21 17:47:59.588 V/Launcher(  700): onResume1111111 
05-21 17:47:59.588 V/Launcher(  700): is login ----> 
05-21 17:47:59.588 I/System.out(  700):  
05-21 17:47:59.588 I/System.out(  700): com.pekall.emdm.launcher.Workspace.setWallpaper(Unknown Source)
05-21 17:47:59.588 I/System.out(  700): com.pekall.emdm.launcher.Launcher.onResume(Unknown Source)
05-21 17:47:59.588 I/System.out(  700): android.app.Instrumentation.callActivityOnResume(Instrumentation.java:1192)
05-21 17:47:59.588 I/System.out(  700): android.app.Activity.performResume(Activity.java:5211)
05-21 17:47:59.588 I/System.out(  700): android.app.ActivityThread.performResumeActivity(ActivityThread.java:2780)
05-21 17:47:59.588 I/System.out(  700): android.app.ActivityThread.handleResumeActivity(ActivityThread.java:2819)
05-21 17:47:59.588 I/System.out(  700): android.app.ActivityThread.handleLaunchActivity(ActivityThread.java:2266)
05-21 17:47:59.588 I/System.out(  700): android.app.ActivityThread.access$600(ActivityThread.java:141)
05-21 17:47:59.588 I/System.out(  700): android.app.ActivityThread$H.handleMessage(ActivityThread.java:1256)
05-21 17:47:59.588 I/System.out(  700): android.os.Handler.dispatchMessage(Handler.java:99)
05-21 17:47:59.588 I/System.out(  700): android.os.Looper.loop(Looper.java:137)
05-21 17:47:59.588 I/System.out(  700): android.app.ActivityThread.main(ActivityThread.java:5103)
05-21 17:47:59.588 I/System.out(  700): java.lang.reflect.Method.invokeNative(Native Method)
05-21 17:47:59.588 I/System.out(  700): java.lang.reflect.Method.invoke(Method.java:525)
05-21 17:47:59.588 I/System.out(  700): com.android.internal.os.ZygoteInit$MethodAndArgsCaller.run(ZygoteInit.java:737)
05-21 17:47:59.588 I/System.out(  700): com.android.internal.os.ZygoteInit.main(ZygoteInit.java:553)
05-21 17:47:59.588 I/System.out(  700): dalvik.system.NativeStart.main(Native Method)
05-21 17:47:59.681 E/QueryController(  462): Got null root node from accessibility - Retrying...
05-21 17:47:59.689 D/MDM :   (  700): [null:-1]->MSG_WEBSOCKET_MESSAGE : {"id":0,"type":1,"command":0,"result":0,"reason":0}
05-21 17:47:59.697 D/MdmService(  700): [null:-1]->push message type :1
05-21 17:47:59.697 D/PushMessageManager(  700): [null:-1]->remove sent message : 0
05-21 17:47:59.705 D/PushMessageManager(  700): [null:-1]->sent message :{"params":{"device":"00013fbc8ecec5b9000001461e2e1682","token":"123456"},"id":0,"command":0,"reason":0,"result":0,"type":0}
05-21 17:47:59.705 D/PushMessageManager(  700): [null:-1]->has message : 0
05-21 17:47:59.705 D/PushMessageManager(  700): [null:-1]->sSentMessage not empty : 1
05-21 17:47:59.705 D/MDM :   (  700): [null:-1]->MSG_WEBSOCKET_MESSAGE : {"id":1014972419,"type":0,"command":0,"result":0,"reason":0,"params":{"device":"00013fbc8ecec5b9000001461e2e1682","message":"{\"cmd\":\"10119\"}"}}
05-21 17:47:59.713 D/MdmService(  700): [null:-1]->push message type :0
05-21 17:47:59.713 D/MdmService(  700): [null:-1]->cmdMessage : {"cmd":"10119"}
05-21 17:47:59.713 D/MdmService(  700): [null:-1]->command : PushCommandMsg{cmd='10119', msg='null'}
05-21 17:47:59.713 D/MdmService(  700): [null:-1]->MdmStatusManager is busy , wait......
05-21 17:47:59.721 D/MDM :   (  700): [null:-1]->MSG_WEBSOCKET_MESSAGE : {"id":-1559037393,"type":0,"command":0,"result":0,"reason":0,"params":{"device":"00013fbc8ecec5b9000001461e2e1682","message":"{\"cmd\":\"10119\"}"}}
05-21 17:47:59.728 D/MdmService(  700): [null:-1]->push message type :0
05-21 17:47:59.728 D/MdmService(  700): [null:-1]->cmdMessage : {"cmd":"10119"}
05-21 17:47:59.728 D/MdmService(  700): [null:-1]->command : PushCommandMsg{cmd='10119', msg='null'}
05-21 17:47:59.728 D/MdmService(  700): [null:-1]->MdmStatusManager is busy , wait......
05-21 17:47:59.728 D/MDM :   (  700): [null:-1]->MSG_WEBSOCKET_MESSAGE : {"id":1150639585,"type":0,"command":0,"result":0,"reason":0,"params":{"device":"00013fbc8ecec5b9000001461e2e1682","message":"{\"cmd\":\"10119\"}"}}
05-21 17:47:59.736 D/MdmService(  700): [null:-1]->push message type :0
05-21 17:47:59.736 D/MdmService(  700): [null:-1]->cmdMessage : {"cmd":"10119"}
05-21 17:47:59.736 D/MdmService(  700): [null:-1]->command : PushCommandMsg{cmd='10119', msg='null'}
05-21 17:47:59.736 D/MdmService(  700): [null:-1]->MdmStatusManager is busy , wait......
05-21 17:47:59.744 D/MDM :   (  700): [null:-1]->MSG_WEBSOCKET_MESSAGE : {"id":1589002405,"type":0,"command":0,"result":0,"reason":0,"params":{"device":"00013fbc8ecec5b9000001461e2e1682","message":"{\"cmd\":\"10119\"}"}}
05-21 17:47:59.744 D/MdmService(  700): [null:-1]->push message type :0
05-21 17:47:59.744 D/MdmService(  700): [null:-1]->cmdMessage : {"cmd":"10119"}
05-21 17:47:59.744 D/MdmService(  700): [null:-1]->command : PushCommandMsg{cmd='10119', msg='null'}
05-21 17:47:59.752 D/MdmService(  700): [null:-1]->MdmStatusManager is busy , wait......
05-21 17:47:59.752 D/MDM :   (  700): [null:-1]->MSG_WEBSOCKET_MESSAGE : {"id":0,"type":1,"command":0,"result":0,"reason":0}
05-21 17:47:59.760 D/MdmService(  700): [null:-1]->push message type :1
05-21 17:47:59.760 D/PushMessageManager(  700): [null:-1]->remove sent message : 0
05-21 17:47:59.767 D/PushMessageManager(  700): [null:-1]->sent message :{"params":{"device":"00013fbc8ecec5b9000001461e2e1682","token":"123456"},"id":0,"command":0,"reason":0,"result":0,"type":0}
05-21 17:47:59.767 D/PushMessageManager(  700): [null:-1]->has message : 0
05-21 17:47:59.767 D/MDM :   (  700): [null:-1]->MSG_WEBSOCKET_MESSAGE : {"id":1014972419,"type":0,"command":0,"result":0,"reason":0,"params":{"device":"00013fbc8ecec5b9000001461e2e1682","message":"{\"cmd\":\"10119\"}"}}
05-21 17:47:59.767 D/MdmService(  700): [null:-1]->push message type :0
05-21 17:47:59.767 D/MdmService(  700): [null:-1]->cmdMessage : {"cmd":"10119"}
05-21 17:47:59.767 D/MdmService(  700): [null:-1]->command : PushCommandMsg{cmd='10119', msg='null'}
05-21 17:47:59.767 D/MdmService(  700): [null:-1]->MdmStatusManager is busy , wait......
05-21 17:47:59.775 D/MDM :   (  700): [null:-1]->MSG_WEBSOCKET_MESSAGE : {"id":-1559037393,"type":0,"command":0,"result":0,"reason":0,"params":{"device":"00013fbc8ecec5b9000001461e2e1682","message":"{\"cmd\":\"10119\"}"}}
05-21 17:47:59.783 D/MdmService(  700): [null:-1]->push message type :0
05-21 17:47:59.783 D/MdmService(  700): [null:-1]->cmdMessage : {"cmd":"10119"}
05-21 17:47:59.783 D/MdmService(  700): [null:-1]->command : PushCommandMsg{cmd='10119', msg='null'}
05-21 17:47:59.783 D/MdmService(  700): [null:-1]->MdmStatusManager is busy , wait......
05-21 17:47:59.791 D/MDM :   (  700): [null:-1]->MSG_WEBSOCKET_MESSAGE : {"id":1150639585,"type":0,"command":0,"result":0,"reason":0,"params":{"device":"00013fbc8ecec5b9000001461e2e1682","message":"{\"cmd\":\"10119\"}"}}
05-21 17:47:59.791 D/MdmService(  700): [null:-1]->push message type :0
05-21 17:47:59.791 D/MdmService(  700): [null:-1]->cmdMessage : {"cmd":"10119"}
05-21 17:47:59.791 D/MdmService(  700): [null:-1]->command : PushCommandMsg{cmd='10119', msg='null'}
05-21 17:47:59.791 D/MdmService(  700): [null:-1]->MdmStatusManager is busy , wait......
05-21 17:47:59.799 D/MDM :   (  700): [null:-1]->MSG_WEBSOCKET_MESSAGE : {"id":1589002405,"type":0,"command":0,"result":0,"reason":0,"params":{"device":"00013fbc8ecec5b9000001461e2e1682","message":"{\"cmd\":\"10119\"}"}}
05-21 17:47:59.806 D/MdmService(  700): [null:-1]->push message type :0
05-21 17:47:59.806 D/MdmService(  700): [null:-1]->cmdMessage : {"cmd":"10119"}
05-21 17:47:59.806 D/MdmService(  700): [null:-1]->command : PushCommandMsg{cmd='10119', msg='null'}
05-21 17:47:59.806 D/MdmService(  700): [null:-1]->MdmStatusManager is busy , wait......
05-21 17:47:59.814 D/MdmService(  700): [null:-1]->handleCheckInResult
05-21 17:47:59.814 D/MdmService(  700): [null:-1]->handleCheckInResult result keyIndex: 3
05-21 17:47:59.814 D/MDM :   (  700): [null:-1]->width 104
05-21 17:47:59.814 D/MDM :   (  700): [null:-1]->height 104
05-21 17:47:59.814 D/MDM :   (  700): [null:-1]->scale 1.0
05-21 17:47:59.814 D/MDM :   (  700): [null:-1]->tint false
05-21 17:47:59.814 D/MDM :   (  700): [null:-1]->width 104
05-21 17:47:59.814 D/MDM :   (  700): [null:-1]->height 104
05-21 17:47:59.814 D/MDM :   (  700): [null:-1]->scale 1.0
05-21 17:47:59.814 D/MDM :   (  700): [null:-1]->tint false
05-21 17:47:59.814 D/MDM :   (  700): [null:-1]->width 104
05-21 17:47:59.814 D/MDM :   (  700): [null:-1]->height 104
05-21 17:47:59.814 D/MDM :   (  700): [null:-1]->scale 1.0
05-21 17:47:59.814 D/MDM :   (  700): [null:-1]->tint false
05-21 17:47:59.814 D/MDM :   (  700): [null:-1]->width 104
05-21 17:47:59.822 D/MDM :   (  700): [null:-1]->height 104
05-21 17:47:59.822 D/MDM :   (  700): [null:-1]->scale 1.0
05-21 17:47:59.822 D/MDM :   (  700): [null:-1]->tint false
05-21 17:47:59.822 D/MDM :   (  700): [null:-1]->width 104
05-21 17:47:59.822 D/MDM :   (  700): [null:-1]->height 104
05-21 17:47:59.822 D/MDM :   (  700): [null:-1]->scale 1.0
05-21 17:47:59.822 D/MDM :   (  700): [null:-1]->tint false
05-21 17:47:59.822 D/MDM :   (  700): [null:-1]->width 104
05-21 17:47:59.822 D/MDM :   (  700): [null:-1]->height 104
05-21 17:47:59.830 D/MDM :   (  700): [null:-1]->scale 1.0
05-21 17:47:59.830 D/MDM :   (  700): [null:-1]->tint false
05-21 17:47:59.830 D/MDM :   (  700): [null:-1]->width 104
05-21 17:47:59.931 E/QueryController(  462): Cannot proceed when root node is null. Aborted search
05-21 17:48:00.072 E/QueryController(  462): Got null root node from accessibility - Retrying...
05-21 17:48:00.080 D/dalvikvm(  700): JIT unchain all for threadid=11
05-21 17:48:00.088 D/MDM :   (  700): [null:-1]->height 104
05-21 17:48:00.088 D/MDM :   (  700): [null:-1]->scale 1.0
05-21 17:48:00.096 D/MDM :   (  700): [null:-1]->tint false
05-21 17:48:00.103 D/CommandManager(  700): [null:-1]->execute command: CommandMsg{CommandUUID='007908ee-1e7c-4fc6-bcbe-3c6da10f3214', Command=CommandObject{RequestType='DeviceInformation'}}
05-21 17:48:00.322 E/QueryController(  462): Got null root node from accessibility - Retrying...
05-21 17:48:00.377 D/dalvikvm(  700): JIT unchain all for threadid=11
05-21 17:48:00.392 D/dalvikvm(  700): GC_CONCURRENT freed 4884K, 34% free 23495K/35180K, paused 267ms+260ms, total 567ms
05-21 17:48:00.392 D/dalvikvm(  700): WAIT_FOR_CONCURRENT_GC blocked 300ms
05-21 17:48:00.400 D/MDM :   (  700): [null:-1]->width 104
05-21 17:48:00.400 D/MDM :   (  700): [null:-1]->height 104
05-21 17:48:00.400 D/MDM :   (  700): [null:-1]->scale 1.0
05-21 17:48:00.400 D/MDM :   (  700): [null:-1]->tint false
05-21 17:48:00.400 D/        (  700): [---null: -1---]  xxd111  getPackageName  com.pekall.emdm.launcher
05-21 17:48:00.400 D/        (  700): [---null: -1---]  xxd111  getClassName  com.pekall.emdm.document.activity.DocMainActivity
05-21 17:48:00.408 D/        (  700): [---null: -1---]  xxd111  info.title  Document Manager ,count is 0
05-21 17:48:00.408 D/        (  700): [---null: -1---]  xxd111  getPackageName  com.pekall.emdm.launcher
05-21 17:48:00.408 D/        (  700): [---null: -1---]  xxd111  getClassName  com.pekall.emdm.launcher.ui.BackPersonalActivity
05-21 17:48:00.416 D/        (  700): [---null: -1---]  xxd111  info.title  Personal Mode ,count is 0
05-21 17:48:00.416 D/        (  700): [---null: -1---]  xxd111  getPackageName  com.pekall.emdm.launcher
05-21 17:48:00.416 D/        (  700): [---null: -1---]  xxd111  getClassName  com.pekall.semail.activity.Welcome
05-21 17:48:00.416 D/        (  700): [---null: -1---]  xxd111  info.title  Email ,count is 0
05-21 17:48:00.424 D/MDM :   (  700): [null:-1]->username is : zhenhua.sang@pekall.com ,pwd is 123456
05-21 17:48:00.424 I/System.out(  700): [cjx]authenticateUser,zhenhua.sang@pekall.com,123456
05-21 17:48:00.424 I/System.out(  700): [cjx]to generate user KEK now,keyLength:32,algorithm:Rijndael256
05-21 17:48:00.541 I/System.out(  700): [cjx]blockSize:32
05-21 17:48:00.541 I/System.out(  700): [cjx]iv:[112, 101, 107, 97, 108, 108, 50, 48, 49, 52, 97, 101, 115, 99, 106, 120, 112, 101, 107, 97, 108, 108, 50, 48, 49, 52, 97, 101, 115, 99, 106, 120]
05-21 17:48:00.541 I/System.out(  700): [cjx]secret:[-94, 35, 21, 34, 6, -61, -108, -46, 6, 56, -82, 111, 24, -59, 0, -21, 43, -46, -16, 27, -76, 52, 9, 117, -69, 64, 55, -122, -120, -69, -38, 9]
05-21 17:48:00.541 I/System.out(  700): [cjx]successfully restore dek:[B@42cddce0
05-21 17:48:00.541 I/System.out(  700): [cjx]to generate user KEK now,keyLength:32,algorithm:Rijndael256
05-21 17:48:00.572 E/QueryController(  462): Got null root node from accessibility - Retrying...
05-21 17:48:00.658 I/System.out(  700): [cjx]blockSize:32
05-21 17:48:00.658 I/System.out(  700): [cjx]iv:[112, 101, 107, 97, 108, 108, 50, 48, 49, 52, 97, 101, 115, 99, 106, 120, 112, 101, 107, 97, 108, 108, 50, 48, 49, 52, 97, 101, 115, 99, 106, 120]
05-21 17:48:00.658 I/System.out(  700): [cjx]secret:[-94, 35, 21, 34, 6, -61, -108, -46, 6, 56, -82, 111, 24, -59, 0, -21, 43, -46, -16, 27, -76, 52, 9, 117, -69, 64, 55, -122, -120, -69, -38, 9]
05-21 17:48:00.666 D/ExchangeService(  700): !!! EAS ExchangeService, onCreate
05-21 17:48:00.666 W/Parcel  ( 1661): Attempt to read object from Parcel 0x5ec3bdac at offset 200 that is not in the object list
05-21 17:48:00.666 W/ActivityManager(  374): Unable to start service Intent { act=pekall.intent.action.DOWNLOAD_APP (has extras) } U=0: not found
05-21 17:48:00.674 I/Choreographer(  700): Skipped 57 frames!  The application may be doing too much work on its main thread.
05-21 17:48:00.674 W/Parcel  ( 1661): Attempt to read object from Parcel 0x5ef3bdac at offset 200 that is not in the object list
05-21 17:48:00.681 D/        (  700): [---null: -1---]  1111222  mLongAxisStartPadding110
05-21 17:48:00.681 D/        (  700): [---null: -1---]  11112223  heightSpecSize1094
05-21 17:48:00.681 D/        (  700): [---null: -1---]  11112223  mLongAxisStartPadding110
05-21 17:48:00.681 D/        (  700): [---null: -1---]  11112223  mLongAxisEndPadding110
05-21 17:48:00.681 D/        (  700): [---null: -1---]  11112223  mRows4
05-21 17:48:00.689 D/        (  700): [---null: -1---]  1111222  mLongAxisStartPadding110
05-21 17:48:00.689 D/        (  700): [---null: -1---]  11112223  heightSpecSize1094
05-21 17:48:00.689 D/        (  700): [---null: -1---]  11112223  mLongAxisStartPadding110
05-21 17:48:00.689 D/        (  700): [---null: -1---]  11112223  mLongAxisEndPadding110
05-21 17:48:00.689 D/        (  700): [---null: -1---]  11112223  mRows4
05-21 17:48:00.689 D/        (  700): [---null: -1---]  1111222  mLongAxisStartPadding110
05-21 17:48:00.689 D/        (  700): [---null: -1---]  11112223  heightSpecSize1094
05-21 17:48:00.689 D/        (  700): [---null: -1---]  11112223  mLongAxisStartPadding110
05-21 17:48:00.697 D/        (  700): [---null: -1---]  11112223  mLongAxisEndPadding110
05-21 17:48:00.697 D/        (  700): [---null: -1---]  11112223  mRows4
05-21 17:48:00.697 D/        (  700): [---null: -1---]  1111222  mLongAxisStartPadding110
05-21 17:48:00.697 D/        (  700): [---null: -1---]  11112223  heightSpecSize1094
05-21 17:48:00.705 D/        (  700): [---null: -1---]  11112223  mLongAxisStartPadding110
05-21 17:48:00.705 D/        (  700): [---null: -1---]  11112223  mLongAxisEndPadding110
05-21 17:48:00.705 D/        (  700): [---null: -1---]  11112223  mRows4
05-21 17:48:00.705 D/        (  700): [---null: -1---]  1111222  mLongAxisStartPadding110
05-21 17:48:00.705 D/        (  700): [---null: -1---]  11112223  heightSpecSize1094
05-21 17:48:00.705 D/        (  700): [---null: -1---]  11112223  mLongAxisStartPadding110
05-21 17:48:00.705 D/        (  700): [---null: -1---]  11112223  mLongAxisEndPadding110
05-21 17:48:00.705 D/        (  700): [---null: -1---]  11112223  mRows4
05-21 17:48:00.713 D/        (  700): [---null: -1---]  1111222  mLongAxisStartPadding110
05-21 17:48:00.713 D/        (  700): [---null: -1---]  11112223  heightSpecSize1094
05-21 17:48:00.713 D/        (  700): [---null: -1---]  11112223  mLongAxisStartPadding110
05-21 17:48:00.713 D/        (  700): [---null: -1---]  11112223  mLongAxisEndPadding110
05-21 17:48:00.713 D/        (  700): [---null: -1---]  11112223  mRows4
05-21 17:48:00.713 D/        (  700): [---null: -1---]  1111222  mLongAxisStartPadding110
05-21 17:48:00.713 D/        (  700): [---null: -1---]  11112223  heightSpecSize1094
05-21 17:48:00.713 D/        (  700): [---null: -1---]  11112223  mLongAxisStartPadding110
05-21 17:48:00.713 D/        (  700): [---null: -1---]  11112223  mLongAxisEndPadding110
05-21 17:48:00.713 D/        (  700): [---null: -1---]  11112223  mRows4
05-21 17:48:00.721 D/        (  700): [---null: -1---]  1111222  mLongAxisStartPadding110
05-21 17:48:00.721 D/        (  700): [---null: -1---]  11112223  heightSpecSize1094
05-21 17:48:00.721 D/        (  700): [---null: -1---]  11112223  mLongAxisStartPadding110
05-21 17:48:00.721 D/        (  700): [---null: -1---]  11112223  mLongAxisEndPadding110
05-21 17:48:00.721 D/        (  700): [---null: -1---]  11112223  mRows4
05-21 17:48:00.721 D/        (  700): [---null: -1---]  1111222  mLongAxisStartPadding110
05-21 17:48:00.721 D/        (  700): [---null: -1---]  11112223  heightSpecSize1094
05-21 17:48:00.721 D/        (  700): [---null: -1---]  11112223  mLongAxisStartPadding110
05-21 17:48:00.721 D/        (  700): [---null: -1---]  11112223  mLongAxisEndPadding110
05-21 17:48:00.728 D/        (  700): [---null: -1---]  11112223  mRows4
05-21 17:48:00.728 D/        (  700): [---null: -1---]  1111222  mLongAxisStartPadding110
05-21 17:48:00.728 D/        (  700): [---null: -1---]  11112223  heightSpecSize1094
05-21 17:48:00.728 D/        (  700): [---null: -1---]  11112223  mLongAxisStartPadding110
05-21 17:48:00.728 D/        (  700): [---null: -1---]  11112223  mLongAxisEndPadding110
05-21 17:48:00.728 D/        (  700): [---null: -1---]  11112223  mRows4
05-21 17:48:00.775 D/        (  700): [---null: -1---]  xxd111  getPackageName  com.pekall.emdm.launcher
05-21 17:48:00.775 D/        (  700): [---null: -1---]  xxd111  getClassName  com.pekall.emdm.contacts.activities.PeopleActivity
05-21 17:48:00.775 D/        (  700): [---null: -1---]  xxd111  info.title  EmdmContacts ,count is 0
05-21 17:48:00.775 D/        (  700): [---null: -1---]  xxd111  getPackageName  com.pekall.emdm.launcher
05-21 17:48:00.775 D/        (  700): [---null: -1---]  xxd111  getClassName  com.pekall.emdm.browser.BrowserActivity
05-21 17:48:00.775 D/        (  700): [---null: -1---]  xxd111  info.title  Safe Browser ,count is 0
05-21 17:48:00.783 D/        (  700): [---null: -1---]  xxd111  getPackageName  com.pekall.emdm.launcher
05-21 17:48:00.783 D/        (  700): [---null: -1---]  xxd111  getClassName  com.pekall.emdm.launcher.ui.AboutActivity
05-21 17:48:00.783 D/        (  700): [---null: -1---]  xxd111  info.title  About ,count is 0
05-21 17:48:00.783 D/        (  700): [---null: -1---]  xxd111  getPackageName  com.pekall.emdm.launcher
05-21 17:48:00.783 D/        (  700): [---null: -1---]  xxd111  getClassName  com.pekall.emdm.launcher.ui.SettingActivity
05-21 17:48:00.783 D/        (  700): [---null: -1---]  xxd111  info.title  Setting ,count is 0
05-21 17:48:00.791 V/l       (  700): Connected: com.pekall.exchange.ExchangeService
05-21 17:48:00.791 D/ExchangeService(  700): !!! EAS ExchangeService, onStartCommand, startingUp = false, running = false
05-21 17:48:00.791 D/ExchangeService(  700): to start secureStorageService now
05-21 17:48:00.791 D/        (  700): [---null: -1---]  1111222  mLongAxisStartPadding110
05-21 17:48:00.791 D/        (  700): [---null: -1---]  11112223  heightSpecSize1094
05-21 17:48:00.799 D/        (  700): [---null: -1---]  11112223  mLongAxisStartPadding110
05-21 17:48:00.799 D/        (  700): [---null: -1---]  11112223  mLongAxisEndPadding110
05-21 17:48:00.799 D/        (  700): [---null: -1---]  11112223  mRows4
05-21 17:48:00.806 V/l       (  700): Task setLogging completed; disconnecting
05-21 17:48:00.814 D/        (  700): [---null: -1---]  1111222  mLongAxisStartPadding110
05-21 17:48:00.814 D/        (  700): [---null: -1---]  11112223  heightSpecSize1094
05-21 17:48:00.822 D/        (  700): [---null: -1---]  11112223  mLongAxisStartPadding110
05-21 17:48:00.822 D/        (  700): [---null: -1---]  11112223  mLongAxisEndPadding110
05-21 17:48:00.822 D/        (  700): [---null: -1---]  11112223  mRows4
05-21 17:48:00.822 E/QueryController(  462): Cannot proceed when root node is null. Aborted search
05-21 17:48:00.822 E/QueryController(  462): Got null root node from accessibility - Retrying...
05-21 17:48:00.885 V/a       (  700): Bind requested for task test
05-21 17:48:00.892 D/ExchangeService(  700): Reconciling accounts...
05-21 17:48:00.892 V/a       (  700): Bind requested for task reconcileAccounts
05-21 17:48:00.892 V/a       (  700): Waiting for task reconcileAccounts to complete...
05-21 17:48:00.939 I/ActivityManager(  374): Displayed com.pekall.emdm.launcher/.Launcher: +3s250ms
05-21 17:48:00.986 D/BluetoothManagerService(  374): Message: 20
05-21 17:48:00.986 D/BluetoothManagerService(  374): Added callback: android.bluetooth.IBluetoothManagerCallback$Stub$Proxy@4261d9b8:true
05-21 17:48:00.986 D/        (  700): [---null: -1---]  1111222  mLongAxisStartPadding110
05-21 17:48:00.986 D/        (  700): [---null: -1---]  11112223  heightSpecSize1094
05-21 17:48:00.986 D/        (  700): [---null: -1---]  11112223  mLongAxisStartPadding110
05-21 17:48:00.986 D/        (  700): [---null: -1---]  11112223  mLongAxisEndPadding110
05-21 17:48:00.986 D/        (  700): [---null: -1---]  11112223  mRows4
05-21 17:48:00.994 D/        (  700): [---null: -1---]  1111222  mLongAxisStartPadding110
05-21 17:48:00.994 D/        (  700): [---null: -1---]  11112223  heightSpecSize1094
05-21 17:48:00.994 D/        (  700): [---null: -1---]  11112223  mLongAxisStartPadding110
05-21 17:48:00.994 D/        (  700): [---null: -1---]  11112223  mLongAxisEndPadding110
05-21 17:48:00.994 D/        (  700): [---null: -1---]  11112223  mRows4
05-21 17:48:00.994 D/        (  700): [---null: -1---]  1111222  mLongAxisStartPadding110
05-21 17:48:00.994 D/        (  700): [---null: -1---]  11112223  heightSpecSize1094
05-21 17:48:00.994 D/        (  700): [---null: -1---]  11112223  mLongAxisStartPadding110
05-21 17:48:00.994 D/        (  700): [---null: -1---]  11112223  mLongAxisEndPadding110
05-21 17:48:01.002 D/        (  700): [---null: -1---]  11112223  mRows4
05-21 17:48:01.002 D/        (  700): [---null: -1---]  1111222  mLongAxisStartPadding110
05-21 17:48:01.002 D/        (  700): [---null: -1---]  11112223  heightSpecSize1094
05-21 17:48:01.002 D/        (  700): [---null: -1---]  11112223  mLongAxisStartPadding110
05-21 17:48:01.002 D/        (  700): [---null: -1---]  11112223  mLongAxisEndPadding110
05-21 17:48:01.002 D/        (  700): [---null: -1---]  11112223  mRows4
05-21 17:48:01.002 D/        (  700): [---null: -1---]  1111222  mLongAxisStartPadding110
05-21 17:48:01.002 D/        (  700): [---null: -1---]  11112223  heightSpecSize1094
05-21 17:48:01.002 D/        (  700): [---null: -1---]  11112223  mLongAxisStartPadding110
05-21 17:48:01.010 D/        (  700): [---null: -1---]  11112223  mLongAxisEndPadding110
05-21 17:48:01.010 D/        (  700): [---null: -1---]  11112223  mRows4
05-21 17:48:01.010 D/        (  700): [---null: -1---]  1111222  mLongAxisStartPadding110
05-21 17:48:01.010 D/        (  700): [---null: -1---]  11112223  heightSpecSize1094
05-21 17:48:01.010 D/        (  700): [---null: -1---]  11112223  mLongAxisStartPadding110
05-21 17:48:01.010 D/        (  700): [---null: -1---]  11112223  mLongAxisEndPadding110
05-21 17:48:01.010 D/        (  700): [---null: -1---]  11112223  mRows4
05-21 17:48:01.010 D/        (  700): [---null: -1---]  1111222  mLongAxisStartPadding110
05-21 17:48:01.017 D/        (  700): [---null: -1---]  11112223  heightSpecSize1094
05-21 17:48:01.017 D/        (  700): [---null: -1---]  11112223  mLongAxisStartPadding110
05-21 17:48:01.017 D/        (  700): [---null: -1---]  11112223  mLongAxisEndPadding110
05-21 17:48:01.017 D/        (  700): [---null: -1---]  11112223  mRows4
05-21 17:48:01.017 D/        (  700): [---null: -1---]  1111222  mLongAxisStartPadding110
05-21 17:48:01.017 D/        (  700): [---null: -1---]  11112223  heightSpecSize1094
05-21 17:48:01.017 D/        (  700): [---null: -1---]  11112223  mLongAxisStartPadding110
05-21 17:48:01.017 D/        (  700): [---null: -1---]  11112223  mLongAxisEndPadding110
05-21 17:48:01.017 D/        (  700): [---null: -1---]  11112223  mRows4
05-21 17:48:01.025 D/        (  700): [---null: -1---]  1111222  mLongAxisStartPadding110
05-21 17:48:01.025 D/        (  700): [---null: -1---]  11112223  heightSpecSize1094
05-21 17:48:01.025 D/        (  700): [---null: -1---]  11112223  mLongAxisStartPadding110
05-21 17:48:01.025 D/        (  700): [---null: -1---]  11112223  mLongAxisEndPadding110
05-21 17:48:01.025 D/        (  700): [---null: -1---]  11112223  mRows4
05-21 17:48:01.025 D/        (  700): [---null: -1---]  1111222  mLongAxisStartPadding110
05-21 17:48:01.033 D/        (  700): [---null: -1---]  11112223  heightSpecSize1094
05-21 17:48:01.033 D/        (  700): [---null: -1---]  11112223  mLongAxisStartPadding110
05-21 17:48:01.033 D/        (  700): [---null: -1---]  11112223  mLongAxisEndPadding110
05-21 17:48:01.033 D/        (  700): [---null: -1---]  11112223  mRows4
05-21 17:48:01.064 W/Settings(  700): Setting data_roaming has moved from android.provider.Settings.System to android.provider.Settings.Global, returning read-only value.
05-21 17:48:01.096 V/a       (  700): Connected: com.pekall.semail.service.AccountServiceInternal
05-21 17:48:01.096 V/a       (  700): Connected: com.pekall.semail.service.AccountServiceInternal
05-21 17:48:01.111 V/a       (  700): Task reconcileAccounts completed; disconnecting
05-21 17:48:01.111 V/a       (  700): Wait for reconcileAccounts finished in 220ms
05-21 17:48:01.119 V/a       (  700): Connection test succeeded in 239ms
05-21 17:48:01.127 V/a       (  700): Task test completed; disconnecting
05-21 17:48:01.150 D/        (  700): [---null: -1---]  1111222  mLongAxisStartPadding110
05-21 17:48:01.150 I/QueryController(  462): Matched selector: UiSelector[TEXT=Personal Mode] <<==>> [android.view.accessibility.AccessibilityNodeInfo@1dc4f; boundsInParent: Rect(0, 0 - 160, 200); boundsInScreen: Rect(190, 608 - 350, 808); packageName: com.pekall.emdm.launcher; className: android.widget.TextView; text: Personal Mode; contentDescription: null; viewIdResName: null; checkable: false; checked: false; focusable: false; focused: false; selected: false; clickable: true; longClickable: true; enabled: true; password: false; scrollable: false; [ACTION_SELECT, ACTION_CLEAR_SELECTION, ACTION_CLICK, ACTION_LONG_CLICK, ACTION_ACCESSIBILITY_FOCUS, ACTION_NEXT_AT_MOVEMENT_GRANULARITY, ACTION_PREVIOUS_AT_MOVEMENT_GRANULARITY, ACTION_SET_SELECTION]]
05-21 17:48:01.150 D/        (  700): [---null: -1---]  11112223  heightSpecSize1094
05-21 17:48:01.150 D/        (  700): [---null: -1---]  11112223  mLongAxisStartPadding110
05-21 17:48:01.158 D/        (  700): [---null: -1---]  11112223  mLongAxisEndPadding110
05-21 17:48:01.158 D/        (  700): [---null: -1---]  11112223  mRows4
05-21 