05-21 17:45:55.431 D/PhoneStatusBar(  448): disable: < expand icons alerts ticker system_info back home RECENT* clock SEARCH* >
05-21 17:45:55.494 D/PhoneStatusBar(  448): disable: < expand icons alerts ticker system_info BACK* HOME* RECENT CLOCK* SEARCH >
05-21 17:46:04.150 W/MountService(  374): getVolumeState(/storage/emulated/0/external_sd): Unknown volume
05-21 17:46:04.158 W/MountService(  374): getVolumeState(/mnt/sdcard-ext): Unknown volume
05-21 17:46:04.158 W/MountService(  374): getVolumeState(/mnt/ext_sdcard): Unknown volume
05-21 17:46:04.158 W/MountService(  374): getVolumeState(/mnt/sdcard2): Unknown volume
05-21 17:46:04.158 W/MountService(  374): getVolumeState(/mnt/emmc): Unknown volume
05-21 17:46:04.158 W/MountService(  374): getVolumeState(/mnt/extSdCard): Unknown volume
05-21 17:46:04.158 W/MountService(  374): getVolumeState(/mnt/sdcard/SD_CARD): Unknown volume
05-21 17:46:04.158 W/MountService(  374): getVolumeState(/mnt/sdcard/extra_sd): Unknown volume
05-21 17:46:04.158 W/MountService(  374): getVolumeState(/mnt/extrasd_bind): Unknown volume
05-21 17:46:04.166 W/MountService(  374): getVolumeState(/mnt/sdcard/ext_sd): Unknown volume
05-21 17:46:04.166 W/MountService(  374): getVolumeState(/storage/extSdCard): Unknown volume
05-21 17:46:04.166 W/MountService(  374): getVolumeState(/storage/sdcard1): Unknown volume
05-21 17:46:04.166 W/MountService(  374): getVolumeState(/mnt/sdcard/external_SD): Unknown volume
05-21 17:46:04.166 W/MountService(  374): getVolumeState(/mnt/sdcard/external_sd): Unknown volume
05-21 17:46:04.580 W/MountService(  374): getVolumeState(/storage/emulated/0/external_sd): Unknown volume
05-21 17:46:04.580 W/MountService(  374): getVolumeState(/mnt/sdcard-ext): Unknown volume
05-21 17:46:04.580 W/MountService(  374): getVolumeState(/mnt/ext_sdcard): Unknown volume
05-21 17:46:04.588 W/MountService(  374): getVolumeState(/mnt/sdcard2): Unknown volume
05-21 17:46:04.588 W/MountService(  374): getVolumeState(/mnt/emmc): Unknown volume
05-21 17:46:04.588 W/MountService(  374): getVolumeState(/mnt/extSdCard): Unknown volume
05-21 17:46:04.588 W/MountService(  374): getVolumeState(/mnt/sdcard/SD_CARD): Unknown volume
05-21 17:46:04.588 W/MountService(  374): getVolumeState(/mnt/sdcard/extra_sd): Unknown volume
05-21 17:46:04.588 W/MountService(  374): getVolumeState(/mnt/extrasd_bind): Unknown volume
05-21 17:46:04.588 W/MountService(  374): getVolumeState(/mnt/sdcard/ext_sd): Unknown volume
05-21 17:46:04.588 W/MountService(  374): getVolumeState(/storage/extSdCard): Unknown volume
05-21 17:46:04.588 W/MountService(  374): getVolumeState(/storage/sdcard1): Unknown volume
05-21 17:46:04.588 W/MountService(  374): getVolumeState(/mnt/sdcard/external_SD): Unknown volume
05-21 17:46:04.596 W/MountService(  374): getVolumeState(/mnt/sdcard/external_sd): Unknown volume
05-21 17:46:09.189 W/ActivityManager(  374): Unable to start service Intent { act=pekall.intent.action.DOWNLOAD_APP (has extras) } U=0: not found
05-21 17:46:09.525 I/ActivityManager(  374): Start proc com.pekall.emdm.launcher:remote for service com.pekall.emdm.launcher/com.baidu.location.f: pid=344 uid=10066 gids={50066, 1015, 3002, 3001, 3003, 1028}
05-21 17:46:09.877 D/ActivityThread(  344): Loading provider com.pekall.semail.provider;com.pekall.semail.notifier: com.pekall.semail.provider.EmailProvider
05-21 17:46:10.181 D/ActivityThread(  344): Loading provider com.pekall.semail.provider;com.pekall.semail.notifier: com.pekall.semail.provider.EmailProvider
05-21 17:46:11.955 W/ActivityManager(  374): Unable to start service Intent { cmp=com.pekall.emdm.launcher/com.pekall.semail.service.AttachmentDownloadService } U=0: not found
05-21 17:46:20.736 I/PowerManagerService(  374): Waking up from sleep...
05-21 17:46:20.775 I/WindowManager(  374): Lock screen displayed!
05-21 17:46:22.400 D/PhoneStatusBar(  448): disable: < expand icons alerts ticker system_info BACK HOME recent* CLOCK search* >
05-21 17:46:22.471 D/PhoneStatusBar(  448): disable: < expand icons alerts ticker system_info back* home* recent clock* search >
05-21 17:46:22.478 W/InputMethodManagerService(  374): Window already focused, ignoring focus gain of: com.android.internal.view.IInputMethodClient$Stub$Proxy@42a7f970 attribute=android.view.inputmethod.EditorInfo@42a62ff0, token = android.os.BinderProxy@42942f70
05-21 17:46:29.549 W/ActivityManager(  374): Timeout executing service: ServiceRecord{42d942e0 u0 com.pekall.emdm.launcher/com.baidu.location.f}
05-21 17:46:32.033 I/ActivityManager(  374): START u0 {act=android.intent.action.MAIN cat=[android.intent.category.LAUNCHER] flg=0x10200000 cmp=com.android.settings/.Settings} from pid 576
05-21 17:46:32.127 I/ActivityManager(  374): Start proc com.android.settings for activity com.android.settings/.Settings: pid=490 uid=1000 gids={41000, 1015, 1028, 3002, 3001, 3003, 3007}
05-21 17:46:32.588 W/ContextImpl(  490): Calling a method in the system process without a qualified user: android.app.ContextImpl.bindService:1439 android.content.ContextWrapper.bindService:496 android.bluetooth.BluetoothInputDevice.<init>:240 android.bluetooth.BluetoothAdapter.getProfileProxy:1168 com.android.settings.bluetooth.LocalBluetoothAdapter.getProfileProxy:94 
05-21 17:46:32.596 W/ContextImpl(  490): Calling a method in the system process without a qualified user: android.app.ContextImpl.bindService:1439 android.content.ContextWrapper.bindService:496 android.bluetooth.BluetoothPan.<init>:141 android.bluetooth.BluetoothAdapter.getProfileProxy:1171 com.android.settings.bluetooth.PanProfile.<init>:73 
05-21 17:46:32.596 W/ContextImpl(  490): Calling a method in the system process without a qualified user: android.app.ContextImpl.bindService:1439 android.content.ContextWrapper.bindService:496 android.bluetooth.BluetoothPbap.<init>:161 com.android.settings.bluetooth.PbapServerProfile.<init>:68 com.android.settings.bluetooth.LocalBluetoothProfileManager.<init>:124 
05-21 17:46:32.908 D/WifiService(  374): setWifiEnabled: true pid=490, uid=1000
05-21 17:46:33.666 E/ActivityManager(  374): ANR in com.pekall.emdm.launcher:remote
05-21 17:46:33.666 E/ActivityManager(  374): Reason: Executing service com.pekall.emdm.launcher/com.baidu.location.f
05-21 17:46:33.666 E/ActivityManager(  374): Load: 2.5 / 1.46 / 1.26
05-21 17:46:33.666 E/ActivityManager(  374): CPU usage from 4074ms to -4088ms ago:
05-21 17:46:33.666 E/ActivityManager(  374):   75% 344/com.pekall.emdm.launcher:remote: 75% user + 0.6% kernel / faults: 119 minor
05-21 17:46:33.666 E/ActivityManager(  374):   74% 31053/com.pekall.emdm.launcher: 74% user + 0.3% kernel / faults: 568 minor
05-21 17:46:33.666 E/ActivityManager(  374):   17% 374/system_server: 12% user + 5.2% kernel / faults: 2302 minor 1 major
05-21 17:46:33.666 E/ActivityManager(  374):   8.5% 576/com.android.launcher: 7.4% user + 1.1% kernel / faults: 1611 minor
05-21 17:46:33.666 E/ActivityManager(  374):   3.9% 448/com.android.systemui: 3.6% user + 0.2% kernel / faults: 310 minor
05-21 17:46:33.666 E/ActivityManager(  374):   3.3% 124/surfaceflinger: 1.5% user + 1.7% kernel / faults: 3551 minor
05-21 17:46:33.666 E/ActivityManager(  374):   2.8% 127/mediaserver: 1.7% user + 1.1% kernel / faults: 20 minor
05-21 17:46:33.666 E/ActivityManager(  374):   0.1% 24/kswapd0: 0% user + 0.1% kernel
05-21 17:46:33.666 E/ActivityManager(  374):   1.2% 32540/com.dragon.android.pandaspace: 1.1% user + 0.1% kernel / faults: 545 minor
05-21 17:46:33.666 E/ActivityManager(  374):   0.9% 1661/com.qihoo360.mobilesafe:GuardService: 0.6% user + 0.3% kernel / faults: 153 minor
05-21 17:46:33.666 E/ActivityManager(  374):   0.8% 462/uiautomator: 0.7% user + 0.1% kernel / faults: 263 minor
05-21 17:46:33.666 E/ActivityManager(  374):   0.4% 30442/kworker/u:1: 0% user + 0.4% kernel
05-21 17:46:33.666 E/ActivityManager(  374):   0.3% 561/com.android.phone: 0.3% user + 0% kernel / faults: 108 minor
05-21 17:46:33.666 E/ActivityManager(  374):   0.3% 32040/kworker/u:5: 0% user + 0.3% kernel
05-21 17:46:33.666 E/ActivityManager(  374):   0.3% 32662/kworker/u:0: 0% user + 0.3% kernel
05-21 17:46:33.666 E/ActivityManager(  374):   0.2% 82/mmcqd/0: 0% user + 0.2% kernel
05-21 17:46:33.666 E/ActivityManager(  374):   0.2% 117/vold: 0.1% user + 0.1% kernel / faults: 18 minor
05-21 17:46:33.666 E/ActivityManager(  374):   0.2% 121/netd: 0% user + 0.2% kernel / faults: 19 minor
05-21 17:46:33.666 E/ActivityManager(  374):   0.2% 568/com.android.nfc: 0% user + 0.2% kernel / faults: 49 minor
05-21 17:46:33.666 E/ActivityManager(  374):   0.2% 32593/kworker/0:0: 0% user + 0.2% kernel
05-21 17:46:33.666 E/ActivityManager(  374):   0.2% 32696/com.qihoo.appstore: 0.2% user + 0% kernel / faults: 56 minor
05-21 17:46:33.666 E/ActivityManager(  374):   0.1% 95/ueventd: 0% user + 0.1% kernel
05-21 17:46:33.666 E/ActivityManager(  374):   0% 125/zygote: 0% user + 0% kernel / faults: 64 minor
05-21 17:46:33.666 E/ActivityManager(  374):   0% 442/wpa_supplicant: 0% user + 0% kernel
05-21 17:46:33.666 E/ActivityManager(  374):   0.1% 32735/kworker/u:3: 0% user + 0.1% kernel
05-21 17:46:33.666 E/ActivityManager(  374):  +0% 490/com.android.settings: 0% user + 0% kernel
05-21 17:46:33.666 E/ActivityManager(  374): 99% TOTAL: 92% user + 7.7% kernel
05-21 17:46:33.666 E/ActivityManager(  374): CPU usage from 3103ms to 3673ms later:
05-21 17:46:33.666 E/ActivityManager(  374):   75% 31053/com.pekall.emdm.launcher: 75% user + 0% kernel / faults: 4 minor
05-21 17:46:33.666 E/ActivityManager(  374):     75% 31066/Thread-3666: 75% user + 0% kernel
05-21 17:46:33.666 E/ActivityManager(  374):   65% 344/com.pekall.emdm.launcher:remote: 63% user + 1.8% kernel
05-21 17:46:33.666 E/ActivityManager(  374):     65% 358/Thread-3756: 63% user + 1.8% kernel
05-21 17:46:33.666 E/ActivityManager(  374):   33% 490/com.android.settings: 23% user + 10% kernel / faults: 2050 minor 25 major
05-21 17:46:33.666 E/ActivityManager(  374):     30% 490/ndroid.settings: 19% user + 10% kernel
05-21 17:46:33.666 E/ActivityManager(  374):    +0% 506/ndroid.settings: 0% user + 0% kernel
05-21 17:46:33.666 E/ActivityManager(  374):   9% 374/system_server: 0% user + 9% kernel / faults: 112 minor
05-21 17:46:33.666 E/ActivityManager(  374):     7.2% 390/ActivityManager: 0% user + 7.2% kernel
05-21 17:46:33.666 E/ActivityManager(  374):     1.8% 380/Compiler: 1.8% user + 0% kernel
05-21 17:46:33.666 E/ActivityManager(  374):     1.8% 382/FinalizerDaemon: 1.8% user + 0% kernel
05-21 17:46:33.666 E/ActivityManager(  374):     1.8% 386/SensorService: 0% user + 1.8% kernel
05-21 17:46:33.666 E/ActivityManager(  374):     1.8% 631/Binder_A: 1.8% user + 0% kernel
05-21 17:46:33.666 E/ActivityManager(  374):   5.4% 124/surfaceflinger: 3.6% user + 1.8% kernel / faults: 916 minor
05-21 17:46:33.666 E/ActivityManager(  374):     1.8% 170/Binder_1: 1.8% user + 0% kernel
05-21 17:46:33.666 E/ActivityManager(  374):     1.8% 693/Binder_4: 1.8% user + 0% kernel
05-21 17:46:33.666 E/ActivityManager(  374):     1.8% 805/Binder_5: 1.8% user + 0% kernel
05-21 17:46:33.666 E/ActivityManager(  374):   3.6% 576/com.android.launcher: 1.8% user + 1.8% kernel / faults: 142 minor
05-21 17:46:33.666 E/ActivityManager(  374):     1.8% 576/ndroid.launcher: 0% user + 1.8% kernel
05-21 17:46:33.666 E/ActivityManager(  374):   1.7% 24/kswapd0: 0% user + 1.7% kernel
05-21 17:46:33.666 E/ActivityManager(  374):   0.7% 117/vold: 0.7% user + 0% kernel / faults: 18 minor
05-21 17:46:33.666 E/ActivityManager(  374):     0.7% 134/vold: 0% user + 0.7% kernel
05-21 17:46:33.666 E/ActivityManager(  374):   1.8% 127/mediaserver: 1.8% user + 0% kernel / faults: 11 minor
05-21 17:46:33.666 E/ActivityManager(  374):     1.8% 206/FastMixer: 1.8% user + 0% kernel
05-21 17:46:33.666 E/ActivityManager(  374): 100% TOTAL: 85% user + 14% kernel
05-21 17:46:33.666 W/ActivityManager(  374): Killing ProcessRecord{427e3110 344:com.pekall.emdm.launcher:remote/u0a10066}: background ANR
05-21 17:46:33.783 I/ActivityManager(  374): Process com.pekall.emdm.launcher:remote (pid 344) has died.
05-21 17:46:33.783 W/ActivityManager(  374): Scheduling restart of crashed service com.pekall.emdm.launcher/com.baidu.location.f in 5000ms
05-21 17:46:36.486 I/ActivityManager(  374): START u0 {act=android.intent.action.MAIN cmp=com.android.settings/.SubSettings (has extras)} from pid 490
05-21 17:46:37.861 I/ActivityManager(  374): START u0 {act=android.intent.action.MAIN cmp=com.android.settings/.SubSettings (has extras)} from pid 490
05-21 17:46:38.799 I/ActivityManager(  374): Start proc com.pekall.emdm.launcher:remote for service com.pekall.emdm.launcher/com.baidu.location.f: pid=517 uid=10066 gids={50066, 1015, 3002, 3001, 3003, 1028}
05-21 17:46:39.189 D/ActivityThread(  517): Loading provider com.pekall.semail.provider;com.pekall.semail.notifier: com.pekall.semail.provider.EmailProvider
05-21 17:46:39.299 D/ActivityThread(  517): Loading provider com.pekall.semail.provider;com.pekall.semail.notifier: com.pekall.semail.provider.EmailProvider
05-21 17:46:39.330 I/ActivityManager(  374): START u0 {cmp=com.android.settings/.DeviceAdminAdd (has extras)} from pid 490
05-21 17:46:41.713 W/DevicePolicyManagerService(  374): Previous password owner 10066 no longer active; disabling
05-21 17:46:41.713 I/ActivityManager(  374): START u0 {flg=0x10000000 cmp=com.pekall.emdm.launcher/com.pekall.emdm.ui.ActiveDeviceAdminActivity} from pid 31053
05-21 17:46:42.392 W/ActivityManager(  374): Unable to start service Intent { cmp=com.pekall.emdm.launcher/com.pekall.semail.service.AttachmentDownloadService } U=0: not found
05-21 17:46:43.174 I/ActivityManager(  374): START u0 {act=launcher.action.to.personal cmp=com.pekall.emdm.launcher/.ui.BackPersonalActivity} from pid 31053
05-21 17:46:43.838 I/ActivityManager(  374): START u0 {act=android.intent.action.VIEW flg=0x10200000 cmp=com.android.launcher/com.android.launcher2.Launcher} from pid 31053
05-21 17:46:48.510 I/ActivityManager(  374): START u0 {act=android.intent.action.MAIN cat=[android.intent.category.LAUNCHER] flg=0x10200000 cmp=com.android.settings/.Settings} from pid 576
05-21 17:46:50.486 I/ActivityManager(  374): START u0 {act=android.intent.action.MAIN cmp=com.android.settings/.SubSettings (has extras)} from pid 490
05-21 17:46:50.892 W/ContextImpl(  490): Calling a method in the system process without a qualified user: android.app.ContextImpl.bindService:1439 android.content.ContextWrapper.bindService:496 com.android.settings.applications.ManageApplications.onCreate:861 android.app.Fragment.performCreate:1673 android.app.FragmentManagerImpl.moveToState:854 
05-21 17:46:50.908 I/ActivityManager(  374): Start proc com.android.defcontainer for service com.android.defcontainer/.DefaultContainerService: pid=637 uid=10012 gids={50012, 1015, 1023, 2001, 1028}
05-21 17:46:58.689 I/ActivityManager(  374): START u0 {act=android.intent.action.MAIN cmp=com.android.settings/.SubSettings (has extras)} from pid 490
05-21 17:46:58.869 W/ActivityManager(  374): Timeout executing service: ServiceRecord{42d942e0 u0 com.pekall.emdm.launcher/com.baidu.location.f}
05-21 17:47:04.033 E/ActivityManager(  374): ANR in com.pekall.emdm.launcher:remote
05-21 17:47:04.033 E/ActivityManager(  374): Reason: Executing service com.pekall.emdm.launcher/com.baidu.location.f
05-21 17:47:04.033 E/ActivityManager(  374): Load: 2.92 / 1.66 / 1.33
05-21 17:47:04.033 E/ActivityManager(  374): CPU usage from 0ms to 5121ms later:
05-21 17:47:04.033 E/ActivityManager(  374):   82% 31053/com.pekall.emdm.launcher: 81% user + 0.5% kernel / faults: 311 minor
05-21 17:47:04.033 E/ActivityManager(  374):   79% 517/com.pekall.emdm.launcher:remote: 79% user + 0% kernel / faults: 120 minor
05-21 17:47:04.033 E/ActivityManager(  374):   22% 374/system_server: 18% user + 3.9% kernel / faults: 1216 minor 1 major
05-21 17:47:04.033 E/ActivityManager(  374):   5.8% 490/com.android.settings: 4.4% user + 1.3% kernel / faults: 1668 minor 19 major
05-21 17:47:04.033 E/ActivityManager(  374):   1.6% 448/com.android.systemui: 1.3% user + 0.2% kernel / faults: 174 minor
05-21 17:47:04.033 E/ActivityManager(  374):   1.5% 127/mediaserver: 1.1% user + 0.3% kernel
05-21 17:47:04.033 E/ActivityManager(  374):   0.5% 124/surfaceflinger: 0.1% user + 0.3% kernel
05-21 17:47:04.033 E/ActivityManager(  374):   0% 561/com.android.phone: 0% user + 0% kernel / faults: 351 minor 3 major
05-21 17:47:04.033 E/ActivityManager(  374):   0% 568/com.android.nfc: 0% user + 0% kernel / faults: 312 minor
05-21 17:47:04.033 E/ActivityManager(  374):   0.1% 24/kswapd0: 0% user + 0.1% kernel
05-21 17:47:04.033 E/ActivityManager(  374):   0.1% 82/mmcqd/0: 0% user + 0.1% kernel
05-21 17:47:04.033 E/ActivityManager(  374):   0.1% 95/ueventd: 0.1% user + 0% kernel
05-21 17:47:04.033 E/ActivityManager(  374):   0% 117/vold: 0% user + 0% kernel
05-21 17:47:04.033 E/ActivityManager(  374):   0% 546/com.google.process.location: 0% user + 0% kernel / faults: 67 minor
05-21 17:47:04.033 E/ActivityManager(  374):   0.1% 32593/kworker/0:0: 0% user + 0.1% kernel
05-21 17:47:04.033 E/ActivityManager(  374):   0.1% 32696/com.qihoo.appstore: 0.1% user + 0% kernel / faults: 13 minor
05-21 17:47:04.033 E/ActivityManager(  374): 100% TOTAL: 95% user + 4.4% kernel
05-21 17:47:04.033 E/ActivityManager(  374): CPU usage from 4228ms to 4762ms later:
05-21 17:47:04.033 E/ActivityManager(  374):   88% 31053/com.pekall.emdm.launcher: 88% user + 0% kernel
05-21 17:47:04.033 E/ActivityManager(  374):     90% 31066/Thread-3666: 90% user + 0% kernel
05-21 17:47:04.033 E/ActivityManager(  374):   74% 517/com.pekall.emdm.launcher:remote: 74% user + 0% kernel
05-21 17:47:04.033 E/ActivityManager(  374):     75% 562/Thread-3762: 75% user + 0% kernel
05-21 17:47:04.033 E/ActivityManager(  374):   10% 490/com.android.settings: 10% user + 0% kernel / faults: 481 minor 3 major
05-21 17:47:04.033 E/ActivityManager(  374):     4.9% 490/ndroid.settings: 4.9% user + 0% kernel
05-21 17:47:04.033 E/ActivityManager(  374):     1.9% 495/GC: 1.9% user + 0% kernel
05-21 17:47:04.033 E/ActivityManager(  374):     1.9% 497/Compiler: 1.9% user + 0% kernel
05-21 17:47:04.033 E/ActivityManager(  374):     0.9% 499/FinalizerDaemon: 0.9% user + 0% kernel
05-21 17:47:04.033 E/ActivityManager(  374):     0.9% 636/onsState.Loader: 0.9% user + 0% kernel
05-21 17:47:04.033 E/ActivityManager(  374):   11% 374/system_server: 5.6% user + 5.6% kernel / faults: 54 minor
05-21 17:47:04.033 E/ActivityManager(  374):     3.7% 389/WindowManager: 0% user + 3.7% kernel
05-21 17:47:04.033 E/ActivityManager(  374):     1.8% 380/Compiler: 1.8% user + 0% kernel
05-21 17:47:04.033 E/ActivityManager(  374):     1.8% 390/ActivityManager: 1.8% user + 0% kernel
05-21 17:47:04.033 E/ActivityManager(  374):   1.8% 124/surfaceflinger: 0% user + 1.8% kernel
05-21 17:47:04.033 E/ActivityManager(  374):     1.8% 693/Binder_4: 0% user + 1.8% kernel
05-21 17:47:04.033 E/ActivityManager(  374):     1.8% 805/Binder_5: 0% user + 1.8% kernel
05-21 17:47:04.033 E/ActivityManager(  374): 100% TOTAL: 96% user + 3.7% kernel
05-21 17:47:04.041 W/ActivityManager(  374): Killing ProcessRecord{426a3ed0 517:com.pekall.emdm.launcher:remote/u0a10066}: background ANR
05-21 17:47:04.049 I/ActivityManager(  374): Process com.pekall.emdm.launcher:remote (pid 517) has died.
05-21 17:47:04.135 W/ActivityManager(  374): Scheduling restart of crashed service com.pekall.emdm.launcher/com.baidu.location.f in 20000ms
05-21 17:47:04.197 W/MountService(  374): getVolumeState(/storage/emulated/0/external_sd): Unknown volume
05-21 17:47:04.205 W/MountService(  374): getVolumeState(/mnt/sdcard-ext): Unknown volume
05-21 17:47:04.205 W/MountService(  374): getVolumeState(/mnt/ext_sdcard): Unknown volume
05-21 17:47:04.205 W/MountService(  374): getVolumeState(/mnt/sdcard2): Unknown volume
05-21 17:47:04.205 W/MountService(  374): getVolumeState(/mnt/emmc): Unknown volume
05-21 17:47:04.205 W/MountService(  374): getVolumeState(/mnt/extSdCard): Unknown volume
05-21 17:47:04.205 W/MountService(  374): getVolumeState(/mnt/sdcard/SD_CARD): Unknown volume
05-21 17:47:04.213 W/MountService(  374): getVolumeState(/mnt/sdcard/extra_sd): Unknown volume
05-21 17:47:04.213 W/MountService(  374): getVolumeState(/mnt/extrasd_bind): Unknown volume
05-21 17:47:04.213 W/MountService(  374): getVolumeState(/mnt/sdcard/ext_sd): Unknown volume
05-21 17:47:04.213 W/MountService(  374): getVolumeState(/storage/extSdCard): Unknown volume
05-21 17:47:04.213 W/MountService(  374): getVolumeState(/storage/sdcard1): Unknown volume
05-21 17:47:04.213 W/MountService(  374): getVolumeState(/mnt/sdcard/external_SD): Unknown volume
05-21 17:47:04.213 W/MountService(  374): getVolumeState(/mnt/sdcard/external_sd): Unknown volume
05-21 17:47:04.939 W/MountService(  374): getVolumeState(/storage/emulated/0/external_sd): Unknown volume
05-21 17:47:04.939 W/MountService(  374): getVolumeState(/mnt/sdcard-ext): Unknown volume
05-21 17:47:04.939 W/MountService(  374): getVolumeState(/mnt/ext_sdcard): Unknown volume
05-21 17:47:04.939 W/MountService(  374): getVolumeState(/mnt/sdcard2): Unknown volume
05-21 17:47:04.939 W/MountService(  374): getVolumeState(/mnt/emmc): Unknown volume
05-21 17:47:04.939 W/MountService(  374): getVolumeState(/mnt/extSdCard): Unknown volume
05-21 17:47:04.939 W/MountService(  374): getVolumeState(/mnt/sdcard/SD_CARD): Unknown volume
05-21 17:47:04.939 W/MountService(  374): getVolumeState(/mnt/sdcard/extra_sd): Unknown volume
05-21 17:47:04.939 W/MountService(  374): getVolumeState(/mnt/extrasd_bind): Unknown volume
05-21 17:47:04.939 W/MountService(  374): getVolumeState(/mnt/sdcard/ext_sd): Unknown volume
05-21 17:47:04.939 W/MountService(  374): getVolumeState(/storage/extSdCard): Unknown volume
05-21 17:47:04.947 W/MountService(  374): getVolumeState(/storage/sdcard1): Unknown volume
05-21 17:47:04.947 W/MountService(  374): getVolumeState(/mnt/sdcard/external_SD): Unknown volume
05-21 17:47:04.947 W/MountService(  374): getVolumeState(/mnt/sdcard/external_sd): Unknown volume
05-21 17:47:08.158 I/ActivityManager(  374): Force stopping package com.pekall.emdm.launcher appid=10066 user=0
05-21 17:47:08.158 I/ActivityManager(  374): Killing proc 31053:com.pekall.emdm.launcher/u0a10066: force stop com.pekall.emdm.launcher
05-21 17:47:08.166 W/ActivityManager(  374): Scheduling restart of crashed service com.pekall.emdm.launcher/com.pekall.emdm.contacts.service.PhoneService in 5000ms
05-21 17:47:08.166 W/ActivityManager(  374): Scheduling restart of crashed service com.pekall.emdm.launcher/com.pekall.emailcommon.accountprovision.AccountProvisionService in 15000ms
05-21 17:47:08.166 W/ActivityManager(  374): Scheduling restart of crashed service com.pekall.emdm.launcher/com.pekall.emdm.MdmService in 25000ms
05-21 17:47:08.166 W/ActivityManager(  374): Scheduling restart of crashed service com.pekall.emdm.launcher/com.pekall.exchange.ExchangeService in 35000ms
05-21 17:47:08.166 I/ActivityManager(  374):   Force finishing activity ActivityRecord{428ea620 u0 com.pekall.emdm.launcher/.Launcher}
05-21 17:47:08.166 I/ActivityManager(  374):   Force stopping service ServiceRecord{430f0df8 u0 com.pekall.emdm.launcher/com.pekall.emdm.contacts.service.PhoneService}
05-21 17:47:08.166 I/ActivityManager(  374):   Force stopping service ServiceRecord{430f8650 u0 com.pekall.emdm.launcher/com.pekall.emdm.MdmService}
05-21 17:47:08.166 I/ActivityManager(  374):   Force stopping service ServiceRecord{4314c710 u0 com.pekall.emdm.launcher/com.pekall.exchange.ExchangeService}
05-21 17:47:08.166 I/ActivityManager(  374):   Force stopping service ServiceRecord{431921b8 u0 com.pekall.emdm.launcher/com.pekall.emailcommon.accountprovision.AccountProvisionService}
05-21 17:47:08.221 I/WindowState(  374): WIN DEATH: Window{429b22a0 u0 com.pekall.emdm.launcher/com.pekall.emdm.launcher.Launcher}
05-21 17:47:08.525 W/InputMethodManagerService(  374): Window already focused, ignoring focus gain of: com.android.internal.view.IInputMethodClient$Stub$Proxy@429c38b8 attribute=null, token = android.os.BinderProxy@42d307a0
05-21 17:47:20.658 I/ActivityManager(  374): START u0 {act=android.intent.action.MAIN cat=[android.intent.category.LAUNCHER] flg=0x10200000 cmp=com.pekall.emdm.launcher/.Launcher} from pid 576
05-21 17:47:20.939 I/ActivityManager(  374): Start proc com.pekall.emdm.launcher for activity com.pekall.emdm.launcher/.Launcher: pid=700 uid=10066 gids={50066, 1015, 3002, 3001, 3003, 1028}
--------- beginning of /dev/log/main
05-21 17:47:21.322 D/dalvikvm(  700): GC_CONCURRENT freed 222K, 3% free 9136K/9380K, paused 2ms+135ms, total 176ms
05-21 17:47:21.361 V/l       (  700): Bind requested for task setLogging
05-21 17:47:21.361 D/EmailProvider(  700): Creating EmailProvider database
05-21 17:47:21.400 W/DocumentManager(  700): Sandbox service is not connected.
05-21 17:47:21.400 D/MessageControllerImpl(  700): controller is null
05-21 17:47:21.400 V/MyServiceConnection(  700): [SConnection] retry to bind service
05-21 17:47:21.400 V/MyServiceConnection(  700): [SConnection] sandbox service is NOT installed.
05-21 17:47:21.400 V/MyServiceConnection(  700): [SConnection] binding service: pekall.intent.action.SANDBOX_SERVICE
05-21 17:47:21.400 W/SQLiteOpenHelper(  700): Opened /data/data/com.pekall.emdm.launcher/databases/message.db
05-21 17:47:21.471 I/MessageDatabaseHelper(  700): Database update: from 0 to 2
05-21 17:47:21.666 D/MessageControllerImpl(  700): controller is null
05-21 17:47:21.666 D/MessageControllerImpl(  700): controller is null
05-21 17:47:21.674 D/MessageControllerImpl(  700): controller is null
05-21 17:47:21.681 D/dalvikvm(  700): GC_CONCURRENT freed 211K, 3% free 9330K/9580K, paused 3ms+11ms, total 30ms
05-21 17:47:21.728 D/EmailProvider(  700): Creating EmailProviderBody database
05-21 17:47:21.775 W/EmailProvider(  700): restoreIfNeeded...
05-21 17:47:21.783 D/EmailProvider(  700): restoreAccounts...
05-21 17:47:21.846 D/dalvikvm(  700): GC_CONCURRENT freed 146K, 3% free 9569K/9780K, paused 12ms+3ms, total 29ms
05-21 17:47:21.846 D/dalvikvm(  700): WAIT_FOR_CONCURRENT_GC blocked 16ms
05-21 17:47:21.869 D/MDM :   (  700): [null:-1]->width 104
05-21 17:47:21.869 D/MDM :   (  700): [null:-1]->height 104
05-21 17:47:21.869 D/MDM :   (  700): [null:-1]->scale 0.5
05-21 17:47:21.877 D/MDM :   (  700): [null:-1]->tint false
05-21 17:47:21.877 D/MDM :   (  700): [null:-1]->width 104
05-21 17:47:21.877 D/MDM :   (  700): [null:-1]->height 104
05-21 17:47:21.877 D/MDM :   (  700): [null:-1]->scale 0.5
05-21 17:47:21.885 D/MDM :   (  700): [null:-1]->tint false
05-21 17:47:21.892 D/MDM :   (  700): [null:-1]->icon instanceof BitmapDrawable
05-21 17:47:21.892 D/MDM :   (  700): [null:-1]->  iconWidth 87
05-21 17:47:21.892 D/MDM :   (  700): [null:-1]->  iconHeight 87
05-21 17:47:21.892 D/MDM :   (  700): [null:-1]->  107 87
05-21 17:47:21.900 D/EmailProvider(  700): Creating EmailProvider database
05-21 17:47:21.908 D/dalvikvm(  700): GC_CONCURRENT freed 228K, 3% free 9786K/10084K, paused 3ms+2ms, total 25ms
05-21 17:47:21.908 D/dalvikvm(  700): WAIT_FOR_CONCURRENT_GC blocked 12ms
05-21 17:47:21.908 D/MDM :   (  700): [null:-1]->width 104
05-21 17:47:21.908 D/MDM :   (  700): [null:-1]->height 104
05-21 17:47:21.908 D/MDM :   (  700): [null:-1]->scale 1.0
05-21 17:47:21.908 D/MDM :   (  700): [null:-1]->tint false
05-21 17:47:21.908 D/MDM :   (  700): [null:-1]->width 104
05-21 17:47:21.908 D/MDM :   (  700): [null:-1]->height 104
05-21 17:47:21.908 D/MDM :   (  700): [null:-1]->scale 1.0
05-21 17:47:21.916 D/MDM :   (  700): [null:-1]->tint false
05-21 17:47:21.916 D/MDM :   (  700): [null:-1]->icon instanceof BitmapDrawable
05-21 17:47:21.916 D/MDM :   (  700): [null:-1]->  iconWidth 87
05-21 17:47:21.916 D/MDM :   (  700): [null:-1]->  iconHeight 87
05-21 17:47:21.916 D/MDM :   (  700): [null:-1]->  107 87
05-21 17:47:21.916 D/MDM :   (  700): [null:-1]->width 104
05-21 17:47:21.916 D/MDM :   (  700): [null:-1]->height 104
05-21 17:47:21.916 D/MDM :   (  700): [null:-1]->scale 1.0
05-21 17:47:21.924 D/MDM :   (  700): [null:-1]->tint false
05-21 17:47:21.931 D/dalvikvm(  700): GC_CONCURRENT freed 328K, 5% free 9867K/10304K, paused 3ms+2ms, total 19ms
05-21 17:47:21.939 D/dalvikvm(  700): WAIT_FOR_CONCURRENT_GC blocked 15ms
05-21 17:47:21.939 D/MDM :   (  700): [null:-1]->width 104
05-21 17:47:21.939 D/MDM :   (  700): [null:-1]->height 104
05-21 17:47:21.939 D/MDM :   (  700): [null:-1]->scale 1.0
05-21 17:47:21.939 D/MDM :   (  700): [null:-1]->tint false
05-21 17:47:21.939 D/MDM :   (  700): [null:-1]->icon instanceof BitmapDrawable
05-21 17:47:21.939 D/MDM :   (  700): [null:-1]->  iconWidth 87
05-21 17:47:21.939 D/MDM :   (  700): [null:-1]->  iconHeight 87
05-21 17:47:21.947 D/MDM :   (  700): [null:-1]->  107 87
05-21 17:47:21.947 D/MDM :   (  700): [null:-1]->width 104
05-21 17:47:21.947 D/MDM :   (  700): [null:-1]->height 104
05-21 17:47:21.947 D/MDM :   (  700): [null:-1]->scale 1.0
05-21 17:47:21.947 D/MDM :   (  700): [null:-1]->tint false
05-21 17:47:21.971 D/dalvikvm(  700): GC_CONCURRENT freed 350K, 5% free 9912K/10392K, paused 2ms+1ms, total 26ms
05-21 17:47:21.971 D/dalvikvm(  700): WAIT_FOR_CONCURRENT_GC blocked 6ms
05-21 17:47:21.978 I/dalvikvm-heap(  700): Grow heap (frag case) to 12.973MB for 3415696-byte allocation
05-21 17:47:22.010 D/dalvikvm(  700): GC_FOR_ALLOC freed <1K, 4% free 13247K/13728K, paused 26ms, total 26ms
05-21 17:47:22.096 D/dalvikvm(  700): GC_CONCURRENT freed <1K, 4% free 13246K/13728K, paused 3ms+67ms, total 90ms
05-21 17:47:22.103 V/Launcher(  700): isLauncherDf = true
05-21 17:47:22.103 V/Launcher(  700): isPhoneDf = true
05-21 17:47:22.103 D/        (  700): [---null: -1---]  ScreenWidth  720
05-21 17:47:22.103 D/        (  700): [---null: -1---]  ScreenHeight  1184
05-21 17:47:22.119 D/HomeLoaders(  700): load applications
05-21 17:47:22.119 D/HomeLoaders(  700): loading user items in Thread[main,5,main]
05-21 17:47:22.119 D/HomeLoaders(  700):   --> starting workspace loader
05-21 17:47:22.127 D/HomeLoaders(  700):   ----> running workspace loader (1)
05-21 17:47:22.127 W/Parcel  ( 1661): Attempt to read object from Parcel 0x5dfd3dac at offset 200 that is not in the object list
05-21 17:47:22.127 W/Parcel  ( 1661): Attempt to read object from Parcel 0x6013bdac at offset 200 that is not in the object list
05-21 17:47:22.127 D/Email   (  700): Email: init sandbox at the beginning.
05-21 17:47:22.127 V/MyServiceConnection(  700): [SConnection] retry to bind service
05-21 17:47:22.127 V/MyServiceConnection(  700): [SConnection] sandbox service is NOT installed.
05-21 17:47:22.127 V/MyServiceConnection(  700): [SConnection] binding service: pekall.intent.action.SANDBOX_SERVICE
05-21 17:47:22.135 V/l       (  700): Bind requested for task setLogging
05-21 17:47:22.142 W/DocumentManager(  700): Sandbox service is not connected.
05-21 17:47:22.142 D/MessageControllerImpl(  700): controller is null
05-21 17:47:22.142 V/MyServiceConnection(  700): [SConnection] retry to bind service
05-21 17:47:22.142 V/MyServiceConnection(  700): [SConnection] sandbox service is NOT installed.
05-21 17:47:22.142 V/MyServiceConnection(  700): [SConnection] binding service: pekall.intent.action.SANDBOX_SERVICE
05-21 17:47:22.142 D/MessageControllerImpl(  700): controller is null
05-21 17:47:22.142 D/MessageControllerImpl(  700): controller is null
05-21 17:47:22.150 D/MessageControllerImpl(  700): controller is null
05-21 17:47:22.181 V/LauncherApplication(  700): onActivityStarted
05-21 17:47:22.181 D/        (  700): [---null: -1---]     awsa  onActivityResumed
05-21 17:47:22.181 V/LauncherApplication(  700): 2MdmConstant.LAST_LAUNCH_TIME = 0
05-21 17:47:22.189 D/        (  700): [---null: -1---]  activity = com.pekall.emdm.launcher.Launcher
05-21 17:47:22.189 V/LauncherApplication(  700): is not regist
05-21 17:47:22.189 W/Parcel  ( 1661): Attempt to read object from Parcel 0x5ec3bdac at offset 200 that is not in the object list
05-21 17:47:22.197 I/ActivityManager(  374): START u0 {cmp=com.pekall.emdm.launcher/com.pekall.emdm.ui.SplashActivity} from pid 700
05-21 17:47:22.205 D/LauncherProvider(  700): creating new launcher database
05-21 17:47:22.213 E/LauncherApplication(  700): isShowLogoutUI = true
05-21 17:47:22.213 E/LauncherApplication(  700): LogoutShowTime 1
05-21 17:47:22.213 V/Launcher(  700): onResume1111111 
05-21 17:47:22.213 V/Launcher(  700): is logout ----> 
05-21 17:47:22.221 W/WindowManager(  374): Token{427e5d70 ActivityRecord{427f4d38 u0 com.pekall.emdm.launcher/com.pekall.emdm.ui.SplashActivity}} failed creating starting window
05-21 17:47:22.221 W/WindowManager(  374): android.view.InflateException: Binary XML file line #34: Error inflating class <unknown>
05-21 17:47:22.221 W/WindowManager(  374): 	at android.view.LayoutInflater.createView(LayoutInflater.java:620)
05-21 17:47:22.221 W/WindowManager(  374): 	at com.android.internal.policy.impl.PhoneLayoutInflater.onCreateView(PhoneLayoutInflater.java:56)
05-21 17:47:22.221 W/WindowManager(  374): 	at android.view.LayoutInflater.onCreateView(LayoutInflater.java:669)
05-21 17:47:22.221 W/WindowManager(  374): 	at android.view.LayoutInflater.createViewFromTag(LayoutInflater.java:694)
05-21 17:47:22.221 W/WindowManager(  374): 	at android.view.LayoutInflater.rInflate(LayoutInflater.java:755)
05-21 17:47:22.221 W/WindowManager(  374): 	at android.view.LayoutInflater.inflate(LayoutInflater.java:492)
05-21 17:47:22.221 W/WindowManager(  374): 	at android.view.LayoutInflater.inflate(LayoutInflater.java:397)
05-21 17:47:22.221 W/WindowManager(  374): 	at android.view.LayoutInflater.inflate(LayoutInflater.java:353)
05-21 17:47:22.221 W/WindowManager(  374): 	at com.android.internal.policy.impl.PhoneWindow.generateLayout(PhoneWindow.java:2823)
05-21 17:47:22.221 W/WindowManager(  374): 	at com.android.internal.policy.impl.PhoneWindow.installDecor(PhoneWindow.java:2886)
05-21 17:47:22.221 W/WindowManager(  374): 	at com.android.internal.policy.impl.PhoneWindow.getDecorView(PhoneWindow.java:1581)
05-21 17:47:22.221 W/WindowManager(  374): 	at com.android.internal.policy.impl.PhoneWindowManager.addStartingWindow(PhoneWindowManager.java:1618)
05-21 17:47:22.221 W/WindowManager(  374): 	at com.android.server.wm.WindowManagerService$H.handleMessage(WindowManagerService.java:6908)
05-21 17:47:22.221 W/WindowManager(  374): 	at android.os.Handler.dispatchMessage(Handler.java:99)
05-21 17:47:22.221 W/WindowManager(  374): 	at android.os.Looper.loop(Looper.java:137)
05-21 17:47:22.221 W/WindowManager(  374): 	at android.os.HandlerThread.run(HandlerThread.java:61)
05-21 17:47:22.221 W/WindowManager(  374): Caused by: java.lang.reflect.InvocationTargetException
05-21 17:47:22.221 W/WindowManager(  374): 	at java.lang.reflect.Constructor.constructNative(Native Method)
05-21 17:47:22.221 W/WindowManager(  374): 	at java.lang.reflect.Constructor.newInstance(Constructor.java:417)
05-21 17:47:22.221 W/WindowManager(  374): 	at android.view.LayoutInflater.createView(LayoutInflater.java:594)
05-21 17:47:22.221 W/WindowManager(  374): 	... 15 more
05-21 17:47:22.221 W/WindowManager(  374): Caused by: android.content.res.Resources$NotFoundException: Resource is not a Drawable (color or path): TypedValue{t=0x2/d=0x1010059 a=-1}
05-21 17:47:22.221 W/WindowManager(  374): 	at android.content.res.Resources.loadDrawable(Resources.java:2063)
05-21 17:47:22.221 W/WindowManager(  374): 	at android.content.res.TypedArray.getDrawable(TypedArray.java:601)
05-21 17:47:22.221 W/WindowManager(  374): 	at android.widget.FrameLayout.<init>(FrameLayout.java:109)
05-21 17:47:22.221 W/WindowManager(  374): 	at android.widget.FrameLayout.<init>(FrameLayout.java:97)
05-21 17:47:22.221 W/WindowManager(  374): 	... 18 more
05-21 17:47:22.252 D/dalvikvm(  448): GC_CONCURRENT freed 1003K, 14% free 13830K/15944K, paused 4ms+9ms, total 59ms
05-21 17:47:22.267 D/dalvikvm(  700): GC_FOR_ALLOC freed 98K, 4% free 13286K/13728K, paused 54ms, total 55ms
05-21 17:47:22.275 I/dalvikvm-heap(  700): Grow heap (frag case) to 16.268MB for 3415696-byte allocation
05-21 17:47:22.299 D/dalvikvm(  700): GC_FOR_ALLOC freed <1K, 3% free 16621K/17064K, paused 22ms, total 22ms
05-21 17:47:22.299 D/LauncherProvider(  700): converting database from an older format, but not onUpgrade
05-21 17:47:22.322 D/dalvikvm(  700): GC_CONCURRENT freed 27K, 3% free 16627K/17064K, paused 7ms+3ms, total 25ms
05-21 17:47:22.400 I/System.out(  700):  
05-21 17:47:22.400 I/System.out(  700): com.pekall.emdm.launcher.Workspace.setWallpaper(Unknown Source)
05-21 17:47:22.400 I/System.out(  700): com.pekall.emdm.launcher.Launcher.onResume(Unknown Source)
05-21 17:47:22.400 I/System.out(  700): android.app.Instrumentation.callActivityOnResume(Instrumentation.java:1192)
05-21 17:47:22.400 I/System.out(  700): android.app.Activity.performResume(Activity.java:5211)
05-21 17:47:22.400 I/System.out(  700): android.app.ActivityThread.performResumeActivity(ActivityThread.java:2780)
05-21 17:47:22.400 I/System.out(  700): android.app.ActivityThread.handleResumeActivity(ActivityThread.java:2819)
05-21 17:47:22.400 I/System.out(  700): android.app.ActivityThread.handleLaunchActivity(ActivityThread.java:2266)
05-21 17:47:22.400 I/System.out(  700): android.app.ActivityThread.access$600(ActivityThread.java:141)
05-21 17:47:22.400 I/System.out(  700): android.app.ActivityThread$H.handleMessage(ActivityThread.java:1256)
05-21 17:47:22.400 I/System.out(  700): android.os.Handler.dispatchMessage(Handler.java:99)
05-21 17:47:22.400 I/System.out(  700): android.os.Looper.loop(Looper.java:137)
05-21 17:47:22.400 I/System.out(  700): android.app.ActivityThread.main(ActivityThread.java:5103)
05-21 17:47:22.400 I/System.out(  700): java.lang.reflect.Method.invokeNative(Native Method)
05-21 17:47:22.400 I/System.out(  700): java.lang.reflect.Method.invoke(Method.java:525)
05-21 17:47:22.400 I/System.out(  700): com.android.internal.os.ZygoteInit$MethodAndArgsCaller.run(ZygoteInit.java:737)
05-21 17:47:22.400 I/System.out(  700): com.android.internal.os.ZygoteInit.main(ZygoteInit.java:553)
05-21 17:47:22.400 I/System.out(  700): dalvik.system.NativeStart.main(Native Method)
05-21 17:47:22.416 D/dalvikvm(  700): GC_FOR_ALLOC freed 3374K, 23% free 13299K/17064K, paused 14ms, total 14ms
05-21 17:47:22.416 I/dalvikvm-heap(  700): Grow heap (frag case) to 16.281MB for 3415696-byte allocation
05-21 17:47:22.439 D/dalvikvm(  700): GC_FOR_ALLOC freed <1K, 3% free 16634K/17064K, paused 24ms, total 24ms
05-21 17:47:22.478 D/dalvikvm(  700): GC_CONCURRENT freed 11K, 3% free 16639K/17064K, paused 2ms+2ms, total 34ms
05-21 17:47:22.502 D/MDM :   (  700): [null:-1]->icon instanceof BitmapDrawable
05-21 17:47:22.502 D/MDM :   (  700): [null:-1]->  iconWidth 96
05-21 17:47:22.502 D/MDM :   (  700): [null:-1]->  iconHeight 96
05-21 17:47:22.502 D/MDM :   (  700): [null:-1]->  107 96
05-21 17:47:22.517 D/        (  700): [---null: -1---]  xxd  getPackageName  com.pekall.emdm.launcher
05-21 17:47:22.517 D/        (  700): [---null: -1---]  xxd  getClassName  com.pekall.emdm.launcher.CustomShirtcutActivity
05-21 17:47:22.517 D/        (  700): [---null: -1---]  xxd info.title: Custom shortcut
05-21 17:47:22.525 D/MDM :   (  700): [null:-1]->icon instanceof BitmapDrawable
05-21 17:47:22.525 D/MDM :   (  700): [null:-1]->  iconWidth 104
05-21 17:47:22.525 D/MDM :   (  700): [null:-1]->  iconHeight 104
05-21 17:47:22.525 D/MDM :   (  700): [null:-1]->  107 104
05-21 17:47:22.525 D/        (  700): [---null: -1---]  xxd  getPackageName  com.pekall.emdm.launcher
05-21 17:47:22.525 D/        (  700): [---null: -1---]  xxd  getClassName  com.pekall.emdm.contacts.activities.DialtactsActivity
05-21 17:47:22.525 D/        (  700): [---null: -1---]  xxd info.title: Phone
05-21 17:47:22.533 D/MDM :   (  700): [null:-1]->icon instanceof BitmapDrawable
05-21 17:47:22.541 D/MDM :   (  700): [null:-1]->  iconWidth 104
05-21 17:47:22.541 D/MDM :   (  700): [null:-1]->  iconHeight 104
05-21 17:47:22.541 D/MDM :   (  700): [null:-1]->  107 104
05-21 17:47:22.541 D/        (  700): [---null: -1---]  xxd  getPackageName  com.pekall.emdm.launcher
05-21 17:47:22.541 D/        (  700): [---null: -1---]  xxd  getClassName  com.pekall.emdm.messagecenter.activity.MessageMainActivity
05-21 17:47:22.541 D/        (  700): [---null: -1---]  xxd info.title: Message Center
05-21 17:47:22.549 D/MDM :   (  700): [null:-1]->icon instanceof BitmapDrawable
05-21 17:47:22.549 D/MDM :   (  700): [null:-1]->  iconWidth 104
05-21 17:47:22.549 D/MDM :   (  700): [null:-1]->  iconHeight 104
05-21 17:47:22.549 D/MDM :   (  700): [null:-1]->  107 104
05-21 17:47:22.549 D/        (  700): [---null: -1---]  xxd  getPackageName  com.pekall.emdm.launcher
05-21 17:47:22.549 D/        (  700): [---null: -1---]  xxd  getClassName  com.pekall.emdm.document.activity.DocMainActivity
05-21 17:47:22.549 D/        (  700): [---null: -1---]  xxd info.title: Document Manager
05-21 17:47:22.564 D/MDM :   (  700): [null:-1]->icon instanceof BitmapDrawable
05-21 17:47:22.564 D/MDM :   (  700): [null:-1]->  iconWidth 104
05-21 17:47:22.564 D/MDM :   (  700): [null:-1]->  iconHeight 104
05-21 17:47:22.564 D/MDM :   (  700): [null:-1]->  107 104
05-21 17:47:22.564 D/        (  700): [---null: -1---]  xxd  getPackageName  com.pekall.emdm.launcher
05-21 17:47:22.564 D/        (  700): [---null: -1---]  xxd  getClassName  com.pekall.emdm.launcher.ui.BackPersonalActivity
05-21 17:47:22.564 D/        (  700): [---null: -1---]  xxd info.title: Personal Mode
05-21 17:47:22.572 D/MDM :   (  700): [null:-1]->icon instanceof BitmapDrawable
05-21 17:47:22.572 D/MDM :   (  700): [null:-1]->  iconWidth 104
05-21 17:47:22.572 D/MDM :   (  700): [null:-1]->  iconHeight 104
05-21 17:47:22.580 D/MDM :   (  700): [null:-1]->  107 104
05-21 17:47:22.580 D/        (  700): [---null: -1---]  xxd  getPackageName  com.pekall.emdm.launcher
05-21 17:47:22.580 D/        (  700): [---null: -1---]  xxd  getClassName  com.pekall.semail.activity.Welcome
05-21 17:47:22.580 D/        (  700): [---null: -1---]  xxd info.title: Email
05-21 17:47:22.588 D/MDM :   (  700): [null:-1]->icon instanceof BitmapDrawable
05-21 17:47:22.588 D/MDM :   (  700): [null:-1]->  iconWidth 104
05-21 17:47:22.588 D/MDM :   (  700): [null:-1]->  iconHeight 104
05-21 17:47:22.588 D/MDM :   (  700): [null:-1]->  107 104
05-21 17:47:22.588 D/        (  700): [---null: -1---]  xxd  getPackageName  com.pekall.emdm.launcher
05-21 17:47:22.588 D/        (  700): [---null: -1---]  xxd  getClassName  com.pekall.emdm.contacts.activities.PeopleActivity
05-21 17:47:22.596 D/        (  700): [---null: -1---]  xxd info.title: EmdmContacts
05-21 17:47:22.596 D/MDM :   (  700): [null:-1]->icon instanceof BitmapDrawable
05-21 17:47:22.596 D/MDM :   (  700): [null:-1]->  iconWidth 104
05-21 17:47:22.596 D/MDM :   (  700): [null:-1]->  iconHeight 104
05-21 17:47:22.603 D/MDM :   (  700): [null:-1]->  107 104
05-21 17:47:22.603 D/        (  700): [---null: -1---]  xxd  getPackageName  com.pekall.emdm.launcher
05-21 17:47:22.603 D/        (  700): [---null: -1---]  xxd  getClassName  com.pekall.emdm.browser.BrowserActivity
05-21 17:47:22.603 D/        (  700): [---null: -1---]  xxd info.title: Safe Browser
05-21 17:47:22.611 D/MDM :   (  700): [null:-1]->icon instanceof BitmapDrawable
05-21 17:47:22.611 D/MDM :   (  700): [null:-1]->  iconWidth 104
05-21 17:47:22.611 D/MDM :   (  700): [null:-1]->  iconHeight 104
05-21 17:47:22.611 D/MDM :   (  700): [null:-1]->  107 104
05-21 17:47:22.611 D/        (  700): [---null: -1---]  xxd  getPackageName  com.pekall.emdm.launcher
05-21 17:47:22.611 D/        (  700): [---null: -1---]  xxd  getClassName  com.pekall.emdm.launcher.ui.AboutActivity
05-21 17:47:22.619 D/        (  700): [---null: -1---]  xxd info.title: About
05-21 17:47:22.627 D/MDM :   (  700): [null:-1]->icon instanceof BitmapDrawable
05-21 17:47:22.627 D/MDM :   (  700): [null:-1]->  iconWidth 104
05-21 17:47:22.627 D/MDM :   (  700): [null:-1]->  iconHeight 104
05-21 17:47:22.627 D/MDM :   (  700): [null:-1]->  107 104
05-21 17:47:22.627 D/        (  700): [---null: -1---]  xxd  getPackageName  com.pekall.emdm.launcher
05-21 17:47:22.627 D/        (  700): [---null: -1---]  xxd  getClassName  com.pekall.emdm.launcher.ui.SettingActivity
05-21 17:47:22.627 D/        (  700): [---null: -1---]  xxd info.title: Setting
05-21 17:47:22.635 D/HomeLoaders(  700):   ----> workspace loader 1 finished loading data
05-21 17:47:22.635 D/HomeLoaders(  700):   ----> worskpace items=11
05-21 17:47:22.635 D/HomeLoaders(  700):   ----> worskpace widgets=0
05-21 17:47:22.635 D/HomeLoaders(  700):   --> done loading workspace; not stopped
05-21 17:47:22.635 D/HomeLoaders(  700):   ----> items cloned, ready to refresh UI
05-21 17:47:22.635 D/HomeLoaders(  700):   ----> loading applications from workspace loader
05-21 17:47:22.635 D/HomeLoaders(  700):   --> starting applications loader unlocked
05-21 17:47:22.635 D/HomeLoaders(  700):   --> starting applications loader
05-21 17:47:22.642 D/HomeLoaders(  700):   ----> running applications loader (1)
05-21 17:47:22.650 D/MDM :   (  700): [null:-1]->icon instanceof BitmapDrawable
05-21 17:47:22.650 D/MDM :   (  700): [null:-1]->  iconWidth 104
05-21 17:47:22.650 D/MDM :   (  700): [null:-1]->  iconHeight 104
05-21 17:47:22.650 D/MDM :   (  700): [null:-1]->  107 104
05-21 17:47:22.650 D/MDM :   (  700): [null:-1]->icon instanceof BitmapDrawable
05-21 17:47:22.650 D/MDM :   (  700): [null:-1]->  iconWidth 104
05-21 17:47:22.650 D/MDM :   (  700): [null:-1]->  iconHeight 104
05-21 17:47:22.650 D/MDM :   (  700): [null:-1]->  107 104
05-21 17:47:22.650 D/MDM :   (  700): [null:-1]->icon instanceof BitmapDrawable
05-21 17:47:22.650 D/MDM :   (  700): [null:-1]->  iconWidth 104
05-21 17:47:22.650 D/MDM :   (  700): [null:-1]->  iconHeight 104
05-21 17:47:22.650 D/MDM :   (  700): [null:-1]->  107 104
05-21 17:47:22.650 D/MDM :   (  700): [null:-1]->icon instanceof BitmapDrawable
05-21 17:47:22.650 D/MDM :   (  700): [null:-1]->  iconWidth 104
05-21 17:47:22.650 D/MDM :   (  700): [null:-1]->  iconHeight 104
05-21 17:47:22.650 D/MDM :   (  700): [null:-1]->  107 104
05-21 17:47:22.658 D/MDM :   (  700): [null:-1]->icon instanceof BitmapDrawable
05-21 17:47:22.658 D/MDM :   (  700): [null:-1]->  iconWidth 101
05-21 17:47:22.658 D/MDM :   (  700): [null:-1]->  iconHeight 101
05-21 17:47:22.658 D/MDM :   (  700): [null:-1]->  107 101
05-21 17:47:22.666 D/MDM :   (  700): [null:-1]->icon instanceof BitmapDrawable
05-21 17:47:22.666 D/MDM :   (  700): [null:-1]->  iconWidth 104
05-21 17:47:22.666 D/MDM :   (  700): [null:-1]->  iconHeight 104
05-21 17:47:22.666 D/MDM :   (  700): [null:-1]->  107 104
05-21 17:47:22.666 D/MDM :   (  700): [null:-1]->icon instanceof BitmapDrawable
05-21 17:47:22.666 D/MDM :   (  700): [null:-1]->  iconWidth 104
05-21 17:47:22.666 D/MDM :   (  700): [null:-1]->  iconHeight 104
05-21 17:47:22.666 D/MDM :   (  700): [null:-1]->  107 104
05-21 17:47:22.666 D/MDM :   (  700): [null:-1]->icon instanceof BitmapDrawable
05-21 17:47:22.666 D/MDM :   (  700): [null:-1]->  iconWidth 104
05-21 17:47:22.666 D/MDM :   (  700): [null:-1]->  iconHeight 104
05-21 17:47:22.666 D/MDM :   (  700): [null:-1]->  107 104
05-21 17:47:22.666 D/MDM :   (  700): [null:-1]->icon instanceof BitmapDrawable
05-21 17:47:22.666 D/MDM :   (  700): [null:-1]->  iconWidth 104
05-21 17:47:22.666 D/MDM :   (  700): [null:-1]->  iconHeight 104
05-21 17:47:22.666 D/MDM :   (  700): [null:-1]->  107 104
05-21 17:47:22.666 D/MDM :   (  700): [null:-1]->icon instanceof BitmapDrawable
05-21 17:47:22.674 D/MDM :   (  700): [null:-1]->  iconWidth 104
05-21 17:47:22.674 D/MDM :   (  700): [null:-1]->  iconHeight 104
05-21 17:47:22.674 D/MDM :   (  700): [null:-1]->  107 104
05-21 17:47:22.681 D/dalvikvm(  748): DexOpt: load 110ms, verify+opt 1049ms, 1147988 bytes
05-21 17:47:22.689 D/EmailProvider(  700): No accounts to restore...
05-21 17:47:22.697 D/EmailProvider(  700): Deleting orphans...
05-21 17:47:22.697 D/EmailProvider(  700): EmailProvider pre-caching...
05-21 17:47:22.705 D/EmailProvider(  700): EmailProvider ready.
05-21 17:47:22.713 W/ActivityManager(  374): Activity pause timeout for ActivityRecord{427d9d70 u0 com.pekall.emdm.launcher/.Launcher}
05-21 17:47:22.744 D/dalvikvm(  700): DexOpt: --- END 'sc-jdk15on-1.47.0.2.dex.jar' (success) ---
05-21 17:47:22.744 D/dalvikvm(  700): DEX prep '/data/data/com.pekall.emdm.launcher/app_jars/sc-jdk15on-1.47.0.2.dex.jar': unzip in 101ms, rewrite 1494ms
05-21 17:47:22.814 I/Email   (  700): Notifications being toggled: false
05-21 17:47:22.814 W/ActivityManager(  374): Unable to start service Intent { cmp=com.pekall.emdm.launcher/com.pekall.semail.service.AttachmentDownloadService } U=0: not found
05-21 17:47:22.830 D/dalvikvm(  700): GC_CONCURRENT freed 1081K, 6% free 18132K/19252K, paused 5ms+3ms, total 29ms
05-21 17:47:22.830 D/dalvikvm(  700): WAIT_FOR_CONCURRENT_GC blocked 15ms
05-21 17:47:22.830 D/dalvikvm(  700): WAIT_FOR_CONCURRENT_GC blocked 15ms
05-21 17:47:23.017 V/MyServiceConnection(  700): [SConnection] retry to bind service
05-21 17:47:23.025 V/MyServiceConnection(  700): [SConnection] sandbox service is NOT installed.
05-21 17:47:23.025 V/MyServiceConnection(  700): [SConnection] binding service: pekall.intent.action.SANDBOX_SERVICE
