05-21 17:47:32.846 I/dalvikvm(  700): Could not find method android.app.enterprise.EnterpriseDeviceManager.getRestrictionPolicy, referenced from method com.pekall.emdm.b.b.a.s
05-21 17:47:32.846 W/dalvikvm(  700): VFY: unable to resolve virtual method 1371: Landroid/app/enterprise/EnterpriseDeviceManager;.getRestrictionPolicy ()Landroid/app/enterprise/RestrictionPolicy;
05-21 17:47:32.846 D/dalvikvm(  700): VFY: replacing opcode 0x6e at 0x000a
05-21 17:47:32.846 I/dalvikvm(  700): Could not find method android.app.enterprise.EnterpriseDeviceManager.getRestrictionPolicy, referenced from method com.pekall.emdm.b.b.a.t
05-21 17:47:32.846 W/dalvikvm(  700): VFY: unable to resolve virtual method 1371: Landroid/app/enterprise/EnterpriseDeviceManager;.getRestrictionPolicy ()Landroid/app/enterprise/RestrictionPolicy;
05-21 17:47:32.846 D/dalvikvm(  700): VFY: replacing opcode 0x6e at 0x000a
05-21 17:47:32.846 I/dalvikvm(  700): Could not find method android.app.enterprise.EnterpriseDeviceManager.getRestrictionPolicy, referenced from method com.pekall.emdm.b.b.a.u
05-21 17:47:32.846 W/dalvikvm(  700): VFY: unable to resolve virtual method 1371: Landroid/app/enterprise/EnterpriseDeviceManager;.getRestrictionPolicy ()Landroid/app/enterprise/RestrictionPolicy;
05-21 17:47:32.846 D/dalvikvm(  700): VFY: replacing opcode 0x6e at 0x000a
05-21 17:47:32.846 I/dalvikvm(  700): Could not find method android.app.enterprise.EnterpriseDeviceManager.getRestrictionPolicy, referenced from method com.pekall.emdm.b.b.a.v
05-21 17:47:32.846 W/dalvikvm(  700): VFY: unable to resolve virtual method 1371: Landroid/app/enterprise/EnterpriseDeviceManager;.getRestrictionPolicy ()Landroid/app/enterprise/RestrictionPolicy;
05-21 17:47:32.846 D/dalvikvm(  700): VFY: replacing opcode 0x6e at 0x000a
05-21 17:47:32.853 I/dalvikvm(  700): Could not find method android.app.enterprise.EnterpriseDeviceManager.getRestrictionPolicy, referenced from method com.pekall.emdm.b.b.a.w
05-21 17:47:32.853 W/dalvikvm(  700): VFY: unable to resolve virtual method 1371: Landroid/app/enterprise/EnterpriseDeviceManager;.getRestrictionPolicy ()Landroid/app/enterprise/RestrictionPolicy;
05-21 17:47:32.853 D/dalvikvm(  700): VFY: replacing opcode 0x6e at 0x000a
05-21 17:47:32.853 I/dalvikvm(  700): Could not find method android.app.enterprise.EnterpriseDeviceManager.getRestrictionPolicy, referenced from method com.pekall.emdm.b.b.a.x
05-21 17:47:32.853 W/dalvikvm(  700): VFY: unable to resolve virtual method 1371: Landroid/app/enterprise/EnterpriseDeviceManager;.getRestrictionPolicy ()Landroid/app/enterprise/RestrictionPolicy;
05-21 17:47:32.853 D/dalvikvm(  700): VFY: replacing opcode 0x6e at 0x000a
05-21 17:47:32.853 I/dalvikvm(  700): Could not find method android.app.enterprise.EnterpriseDeviceManager.getPasswordPolicy, referenced from method com.pekall.emdm.b.b.a.y
05-21 17:47:32.853 W/dalvikvm(  700): VFY: unable to resolve virtual method 1369: Landroid/app/enterprise/EnterpriseDeviceManager;.getPasswordPolicy ()Landroid/app/enterprise/PasswordPolicy;
05-21 17:47:32.853 D/dalvikvm(  700): VFY: replacing opcode 0x6e at 0x000a
05-21 17:47:32.861 I/dalvikvm(  700): Could not find method android.app.enterprise.EnterpriseDeviceManager.getRestrictionPolicy, referenced from method com.pekall.emdm.b.b.a.z
05-21 17:47:32.861 W/dalvikvm(  700): VFY: unable to resolve virtual method 1371: Landroid/app/enterprise/EnterpriseDeviceManager;.getRestrictionPolicy ()Landroid/app/enterprise/RestrictionPolicy;
05-21 17:47:32.861 D/dalvikvm(  700): VFY: replacing opcode 0x6e at 0x000a
05-21 17:47:32.869 D/dalvikvm(  374): GC_FOR_ALLOC freed 756K, 21% free 23615K/29760K, paused 76ms, total 77ms
05-21 17:47:32.885 W/Parcel  ( 1661): Attempt to read object from Parcel 0x6013bdac at offset 200 that is not in the object list
05-21 17:47:32.885 I/ActivityManager(  374): START u0 {cmp=com.pekall.emdm.launcher/com.pekall.emdm.ui.RegDeviceActivity} from pid 700
05-21 17:47:32.908 V/LauncherApplication(  700): onActivityStarted
05-21 17:47:33.041 D/        (  700): [---null: -1---]     awsa  onActivityResumed
05-21 17:47:33.041 V/LauncherApplication(  700): 2MdmConstant.LAST_LAUNCH_TIME = 1400665643077
05-21 17:47:33.041 D/        (  700): [---null: -1---]  activity = com.pekall.emdm.ui.RegDeviceActivity
05-21 17:47:33.244 I/ActivityManager(  374): Displayed com.pekall.emdm.launcher/com.pekall.emdm.ui.RegDeviceActivity: +356ms
05-21 17:47:36.838 I/QueryController(  462): Matched selector: UiSelector[TEXT=Server, ENABLED=true] <<==>> [android.view.accessibility.AccessibilityNodeInfo@e486; boundsInParent: Rect(0, 0 - 621, 76); boundsInScreen: Rect(49, 280 - 670, 356); packageName: com.pekall.emdm.launcher; className: android.widget.EditText; text: Server; contentDescription: null; viewIdResName: com.pekall.emdm.launcher:id/mdm_edit; checkable: false; checked: false; focusable: true; focused: true; selected: false; clickable: true; longClickable: true; enabled: true; password: false; scrollable: false; [ACTION_CLEAR_FOCUS, ACTION_SELECT, ACTION_CLEAR_SELECTION, ACTION_CLICK, ACTION_LONG_CLICK, ACTION_ACCESSIBILITY_FOCUS]]
05-21 17:47:36.892 D/dalvikvm(  462): GC_FOR_ALLOC freed 7577K, 93% free 614K/8192K, paused 42ms, total 43ms
05-21 17:47:36.892 I/QueryController(  462): Matched selector: UiSelector[TEXT=Server] <<==>> [android.view.accessibility.AccessibilityNodeInfo@e486; boundsInParent: Rect(0, 0 - 621, 76); boundsInScreen: Rect(49, 280 - 670, 356); packageName: com.pekall.emdm.launcher; className: android.widget.EditText; text: Server; contentDescription: null; viewIdResName: com.pekall.emdm.launcher:id/mdm_edit; checkable: false; checked: false; focusable: true; focused: true; selected: false; clickable: true; longClickable: true; enabled: true; password: false; scrollable: false; [ACTION_CLEAR_FOCUS, ACTION_SELECT, ACTION_CLEAR_SELECTION, ACTION_CLICK, ACTION_LONG_CLICK, ACTION_ACCESSIBILITY_FOCUS]]
05-21 17:47:39.181 I/QueryController(  462): Matched selector: UiSelector[TEXT=Server] <<==>> [android.view.accessibility.AccessibilityNodeInfo@e486; boundsInParent: Rect(0, 0 - 621, 76); boundsInScreen: Rect(49, 280 - 670, 356); packageName: com.pekall.emdm.launcher; className: android.widget.EditText; text: Server; contentDescription: null; viewIdResName: com.pekall.emdm.launcher:id/mdm_edit; checkable: false; checked: false; focusable: true; focused: true; selected: false; clickable: true; longClickable: true; enabled: true; password: false; scrollable: false; [ACTION_CLEAR_FOCUS, ACTION_SELECT, ACTION_CLEAR_SELECTION, ACTION_CLICK, ACTION_LONG_CLICK, ACTION_ACCESSIBILITY_FOCUS]]
05-21 17:47:41.752 D/dalvikvm(  531): GC_CONCURRENT freed 549K, 15% free 10705K/12540K, paused 10ms+18ms, total 79ms
05-21 17:47:41.752 D/dalvikvm(  531): WAIT_FOR_CONCURRENT_GC blocked 5ms
05-21 17:47:42.549 I/QueryController(  462): Matched selector: UiSelector[TEXT=Please input email address, ENABLED=true] <<==>> [android.view.accessibility.AccessibilityNodeInfo@12457; boundsInParent: Rect(0, 0 - 621, 76); boundsInScreen: Rect(49, 420 - 670, 496); packageName: com.pekall.emdm.launcher; className: android.widget.EditText; text: Please input email address; contentDescription: null; viewIdResName: com.pekall.emdm.launcher:id/mdm_edit; checkable: false; checked: false; focusable: true; focused: false; selected: false; clickable: true; longClickable: true; enabled: true; password: false; scrollable: false; [ACTION_FOCUS, ACTION_SELECT, ACTION_CLEAR_SELECTION, ACTION_CLICK, ACTION_LONG_CLICK, ACTION_ACCESSIBILITY_FOCUS]]
05-21 17:47:42.564 I/QueryController(  462): Matched selector: UiSelector[TEXT=Please input email address] <<==>> [android.view.accessibility.AccessibilityNodeInfo@12457; boundsInParent: Rect(0, 0 - 621, 76); boundsInScreen: Rect(49, 420 - 670, 496); packageName: com.pekall.emdm.launcher; className: android.widget.EditText; text: Please input email address; contentDescription: null; viewIdResName: com.pekall.emdm.launcher:id/mdm_edit; checkable: false; checked: false; focusable: true; focused: false; selected: false; clickable: true; longClickable: true; enabled: true; password: false; scrollable: false; [ACTION_FOCUS, ACTION_SELECT, ACTION_CLEAR_SELECTION, ACTION_CLICK, ACTION_LONG_CLICK, ACTION_ACCESSIBILITY_FOCUS]]
05-21 17:47:44.322 D/dalvikvm( 1661): GC_EXPLICIT freed 551K, 18% free 13063K/15888K, paused 2ms+3ms, total 46ms
05-21 17:47:44.947 I/QueryController(  462): Matched selector: UiSelector[TEXT=Please input email address] <<==>> [android.view.accessibility.AccessibilityNodeInfo@12457; boundsInParent: Rect(0, 0 - 621, 76); boundsInScreen: Rect(49, 420 - 670, 496); packageName: com.pekall.emdm.launcher; className: android.widget.EditText; text: Please input email address; contentDescription: null; viewIdResName: com.pekall.emdm.launcher:id/mdm_edit; checkable: false; checked: false; focusable: true; focused: true; selected: false; clickable: true; longClickable: true; enabled: true; password: false; scrollable: false; [ACTION_CLEAR_FOCUS, ACTION_SELECT, ACTION_CLEAR_SELECTION, ACTION_CLICK, ACTION_LONG_CLICK, ACTION_ACCESSIBILITY_FOCUS]]
05-21 17:47:44.955 D/dalvikvm(  462): GC_CONCURRENT freed 352K, 92% free 659K/8192K, paused 2ms+0ms, total 7ms
05-21 17:47:48.385 I/QueryController(  462): Matched selector: UiSelector[CLASS=android.widget.EditText, INSTANCE=2, ENABLED=true, COUNT=2] <<==>> [android.view.accessibility.AccessibilityNodeInfo@12818; boundsInParent: Rect(0, 0 - 621, 76); boundsInScreen: Rect(49, 560 - 670, 636); packageName: com.pekall.emdm.launcher; className: android.widget.EditText; text: null; contentDescription: null; viewIdResName: com.pekall.emdm.launcher:id/mdm_edit; checkable: false; checked: false; focusable: true; focused: false; selected: false; clickable: true; longClickable: true; enabled: true; password: true; scrollable: false; [ACTION_FOCUS, ACTION_SELECT, ACTION_CLEAR_SELECTION, ACTION_CLICK, ACTION_LONG_CLICK, ACTION_ACCESSIBILITY_FOCUS]]
05-21 17:47:48.392 I/QueryController(  462): Matched selector: UiSelector[CLASS=android.widget.EditText, INSTANCE=2, COUNT=2] <<==>> [android.view.accessibility.AccessibilityNodeInfo@12818; boundsInParent: Rect(0, 0 - 621, 76); boundsInScreen: Rect(49, 560 - 670, 636); packageName: com.pekall.emdm.launcher; className: android.widget.EditText; text: null; contentDescription: null; viewIdResName: com.pekall.emdm.launcher:id/mdm_edit; checkable: false; checked: false; focusable: true; focused: false; selected: false; clickable: true; longClickable: true; enabled: true; password: true; scrollable: false; [ACTION_FOCUS, ACTION_SELECT, ACTION_CLEAR_SELECTION, ACTION_CLICK, ACTION_LONG_CLICK, ACTION_ACCESSIBILITY_FOCUS]]
05-21 17:47:49.322 D/dalvikvm( 1661): WAIT_FOR_CONCURRENT_GC blocked 1ms
05-21 17:47:49.400 D/dalvikvm( 1661): GC_EXPLICIT freed 44K, 18% free 13038K/15888K, paused 1ms+3ms, total 77ms
05-21 17:47:50.783 I/QueryController(  462): Matched selector: UiSelector[CLASS=android.widget.EditText, INSTANCE=2, COUNT=2] <<==>> [android.view.accessibility.AccessibilityNodeInfo@12818; boundsInParent: Rect(0, 0 - 621, 76); boundsInScreen: Rect(49, 560 - 670, 636); packageName: com.pekall.emdm.launcher; className: android.widget.EditText; text: null; contentDescription: null; viewIdResName: com.pekall.emdm.launcher:id/mdm_edit; checkable: false; checked: false; focusable: true; focused: true; selected: false; clickable: true; longClickable: true; enabled: true; password: true; scrollable: false; [ACTION_CLEAR_FOCUS, ACTION_SELECT, ACTION_CLEAR_SELECTION, ACTION_CLICK, ACTION_LONG_CLICK, ACTION_ACCESSIBILITY_FOCUS]]
05-21 17:47:54.291 I/QueryController(  462): Matched selector: UiSelector[TEXT=Login, CLASS=android.widget.Button] <<==>> [android.view.accessibility.AccessibilityNodeInfo@11553; boundsInParent: Rect(0, 0 - 660, 96); boundsInScreen: Rect(30, 824 - 690, 920); packageName: com.pekall.emdm.launcher; className: android.widget.Button; text: Login; contentDescription: null; viewIdResName: com.pekall.emdm.launcher:id/ok_button; checkable: false; checked: false; focusable: true; focused: false; selected: false; clickable: true; longClickable: false; enabled: true; password: false; scrollable: false; [ACTION_FOCUS, ACTION_SELECT, ACTION_CLEAR_SELECTION, ACTION_CLICK, ACTION_ACCESSIBILITY_FOCUS, ACTION_NEXT_AT_MOVEMENT_GRANULARITY, ACTION_PREVIOUS_AT_MOVEMENT_GRANULARITY, ACTION_SET_SELECTION]]
05-21 17:47:54.291 D/InteractionController(  462): clickAndWaitForNewWindow(360, 872)
05-21 17:47:54.299 D/dalvikvm(  462): GC_CONCURRENT freed 406K, 92% free 665K/8192K, paused 1ms+1ms, total 9ms
05-21 17:47:54.455 I/TransInfo(  700): TransInfo created, id: 9, class: class com.pekall.emdm.transaction.c.e
05-21 17:47:54.463 D/NetworkThread(  700): [null:-1]->----isRunning-----false
05-21 17:47:54.463 D/NetworkThread(  700): [null:-1]->----net work thread begin-----3808
05-21 17:47:54.471 D/NetworkThread(  700): [null:-1]->sendHttpGet: http://192.168.10.21/rest/mdm/v1/system/get_system_info?username=pekall
05-21 17:47:54.471 D/HttpClient(  700): enable apache.http debug
05-21 17:47:54.517 V/DEBUG   (  700): HTTP 0
05-21 17:47:54.619 D/MDM :   (  700): [null:-1]->statusCode : 200
05-21 17:47:54.619 D/MDM :   (  700): [null:-1]->statusCode : 200
05-21 17:47:54.619 V/DEBUG   (  700): HTTP 1
05-21 17:47:54.627 D/MDM :   (  700): [null:-1]->read network input stream
05-21 17:47:54.627 D/MDM :   (  700): [null:-1]->Get joson string: {"result":0,"systemInfo":{"comId":1,"serverVersion":"1.2","serverVersionCode":3}}
05-21 17:47:54.650 D/NetworkThread(  700): [null:-1]->clear mCurrentTransInfo
05-21 17:47:54.650 D/NetworkThread(  700): [null:-1]->queue is empty, thread wait...
05-21 17:47:54.767 D/MDM :   (  700): [null:-1]->handleMessage
05-21 17:47:54.822 I/TransInfo(  700): TransInfo created, id: 1, class: class com.pekall.emdm.transaction.c.f
05-21 17:47:54.830 D/NetworkThread(  700): [null:-1]->----isRunning-----true
05-21 17:47:54.830 D/NetworkThread(  700): [null:-1]->----isRunning-----true
05-21 17:47:54.830 D/NetworkThread(  700): [null:-1]->thread wakeup
05-21 17:47:54.830 D/NetworkThread(  700): [null:-1]->sendHttpPost:PostRequest, url: http://192.168.10.21/rest/mdm/v1/user/login_mdm, Params: [username:zhenhua.sang@pekall.com][password:123456][com_id:1], 
05-21 17:47:54.830 D/HttpClient(  700): enable apache.http debug
05-21 17:47:54.838 V/DEBUG   (  700): HTTP 0
05-21 17:47:54.963 D/MDM :   (  700): [null:-1]->statusCode : 200
05-21 17:47:54.963 D/MDM :   (  700): [null:-1]->statusCode : 200
05-21 17:47:54.963 V/DEBUG   (  700): HTTP 1
05-21 17:47:54.963 D/MDM :   (  700): [null:-1]->read network input stream
05-21 17:47:54.963 D/MDM :   (  700): [null:-1]->Get joson string: {"result":0,"userInfo":{"id":1134,"type":51302,"password":null,"status":51001,"roles":8,"comId":1,"isAdmin":0,"fullName":"","phone":"010-2222222","cellPhone":"12345678910","email":"zhenhua.sang@pekall.com","firstName":null,"lastName":null,"business":null,"im":null,"username":"zhenhua.sang@pekall.com","labelPath":null,"userKey":"uPVi3f5AIdavCrAT","token":"6d545fb004b0e7fd76d169388f9461ac1134","deleted":0,"updateTime":1398231202000,"createTime":1397549312000,"directLabelId":0,"isInLabel":1,"setPwd":0,"labels":null,"encrpPwd":null,"deviceNo":0,"new":false}}
05-21 17:47:55.010 I/System.out(  700): [cjx]initUserSecret,keyLength:16,DEK:[1400665675014,1400924875014]
05-21 17:47:55.010 I/System.out(  700): [cjx]to generate user KEK now,keyLength:32,algorithm:Rijndael256
05-21 17:47:55.150 I/System.out(  700): [cjx]blockSize:32
05-21 17:47:55.150 I/System.out(  700): [cjx]iv:[112, 101, 107, 97, 108, 108, 50, 48, 49, 52, 97, 101, 115, 99, 106, 120, 112, 101, 107, 97, 108, 108, 50, 48, 49, 52, 97, 101, 115, 99, 106, 120]
05-21 17:47:55.150 I/System.out(  700): [cjx]secret:[-94, 35, 21, 34, 6, -61, -108, -46, 6, 56, -82, 111, 24, -59, 0, -21, 43, -46, -16, 27, -76, 52, 9, 117, -69, 64, 55, -122, -120, -69, -38, 9]
05-21 17:47:55.166 I/System.out(  700): [cjx]successfully store userID:[B@43bb3bc0
05-21 17:47:55.166 I/System.out(  700): [cjx]blockSize:32
05-21 17:47:55.166 I/System.out(  700): [cjx]iv:[112, 101, 107, 97, 108, 108, 50, 48, 49, 52, 97, 101, 115, 99, 106, 120, 112, 101, 107, 97, 108, 108, 50, 48, 49, 52, 97, 101, 115, 99, 106, 120]
05-21 17:47:55.166 I/System.out(  700): [cjx]secret:[-94, 35, 21, 34, 6, -61, -108, -46, 6, 56, -82, 111, 24, -59, 0, -21, 43, -46, -16, 27, -76, 52, 9, 117, -69, 64, 55, -122, -120, -69, -38, 9]
05-21 17:47:55.166 I/System.out(  700): [cjx]successfully store DEK.
05-21 17:47:55.174 D/NetworkThread(  700): [null:-1]->clear mCurrentTransInfo
05-21 17:47:55.174 D/NetworkThread(  700): [null:-1]->queue is empty, thread wait...
05-21 17:47:55.275 D/MDM :   (  700): [null:-1]->handleMessage
05-21 17:47:55.338 I/TransInfo(  700): TransInfo created, id: 8, class: class com.pekall.emdm.transaction.c.a
05-21 17:47:55.338 D/NetworkThread(  700): [null:-1]->----isRunning-----true
05-21 17:47:55.338 D/NetworkThread(  700): [null:-1]->----isRunning-----true
05-21 17:47:55.338 D/NetworkThread(  700): [null:-1]->thread wakeup
05-21 17:47:55.400 D/NetworkThread(  700): [null:-1]->sendHttpPost:PostRequest, url: http://192.168.10.21/rest/mdm/v1/device/check_device, Params: [mac:20:64:32:7a:19:48][imei:351554059027897][ios_uuid:00013fbc8ecec5b9000001461e2e1682][os:51201], 
05-21 17:47:55.400 D/HttpClient(  700): enable apache.http debug
05-21 17:47:55.408 V/DEBUG   (  700): HTTP 0
05-21 17:47:55.674 D/dalvikvm(  700): JIT unchain all for threadid=11
05-21 17:47:55.994 D/dalvikvm(  700): JIT unchain all for threadid=11
05-21 17:47:56.025 D/dalvikvm(  700): GC_CONCURRENT freed 7199K, 21% free 27942K/35180K, paused 264ms+263ms, total 602ms
05-21 17:47:56.025 D/dalvikvm(  700): WAIT_FOR_CONCURRENT_GC blocked 291ms
05-21 17:47:56.197 D/MDM :   (  700): [null:-1]->statusCode : 200
05-21 17:47:56.197 D/MDM :   (  700): [null:-1]->statusCode : 200
05-21 17:47:56.197 V/DEBUG   (  700): HTTP 1
05-21 17:47:56.205 D/MDM :   (  700): [null:-1]->read network input stream
05-21 17:47:56.205 D/MDM :   (  700): [null:-1]->Get joson string: {"result":0,"deviceInfo":{"language":null,"id":449,"type":50701,"productName":"yakju","status":50001,"mac":"20:64:32:7a:19:48","comId":1,"userId":1134,"os":51201,"updateTime":1400661994000,"deviceDetail":null,"createTime":1397813424000,"deviceUuid":"00013fbc8ecec5b9000001461df0ec23","sn":"","model":"Galaxy Nexus","iosUdid":"00013fbc8ecec5b9000001461df0ec23","lastCheckin":1400665641000,"securityInfo":"{\"HardwareEncryptionCaps\":0,\"PasscodePresent\":false,\"PasscodeCompliant\":false,\"PasscodeCompliantWithProfiles\":true}","imei":"351554059027897","labelNames":null,"mdmUserInfo":null,"connect":1,"dvId":10435,"isRoot":null,"isPrison":null,"groupCount":0,"new":false}}
05-21 17:47:56.244 D/NetworkThread(  700): [null:-1]->clear mCurrentTransInfo
05-21 17:47:56.244 D/NetworkThread(  700): [null:-1]->queue is empty, thread wait...
05-21 17:47:56.346 D/MDM :   (  700): [null:-1]->handleMessage
05-21 17:47:56.353 I/TransInfo(  700): TransInfo created, id: 2, class: class com.pekall.emdm.transaction.c.g
05-21 17:47:56.353 D/NetworkThread(  700): [null:-1]->----isRunning-----true
05-21 17:47:56.353 D/NetworkThread(  700): [null:-1]->----isRunning-----true
05-21 17:47:56.353 D/NetworkThread(  700): [null:-1]->thread wakeup
05-21 17:47:56.361 D/NetworkThread(  700): [null:-1]->sendHttpPost:PostRequest, url: http://192.168.10.21/rest/mdm/v1/device/register_device, Params: [device_uuid:00013fbc8ecec5b9000001461e2e1682][os:51201][device_type:50701][dv_id:10435][sn:][mac:20:64:32:7a:19:48][imei:351554059027897], 
05-21 17:47:56.361 D/HttpClient(  700): enable apache.http debug
05-21 17:47:56.369 V/DEBUG   (  700): HTTP 0
05-21 17:47:56.494 D/dalvikvm(  462): GC_CONCURRENT freed 406K, 93% free 649K/8192K, paused 1ms+1ms, total 6ms
05-21 17:47:57.158 D/dalvikvm(  462): GC_CONCURRENT freed 393K, 93% free 645K/8192K, paused 1ms+1ms, total 8ms
05-21 17:47:57.267 D/MDM :   (  700): [null:-1]->statusCode : 200
05-21 17:47:57.267 D/MDM :   (  700): [null:-1]->statusCode : 200
05-21 17:47:57.267 V/DEBUG   (  700): HTTP 1
05-21 17:47:57.275 D/MDM :   (  700): [null:-1]->read network input stream
05-21 17:47:57.275 D/MDM :   (  700): [null:-1]->Get joson string: {"result":0,"loginInfo":{"mdmPushServerInfoVo":{"id":0,"port":9090,"count":123,"ip":"test.mdm.everknow.cn","pushToken":"123456"},"profileUrl":null}}
05-21 17:47:57.338 W/Parcel  ( 1661): Attempt to read object from Parcel 0x5ec3bdac at offset 200 that is not in the object list
05-21 17:47:57.338 D/NetworkThread(  700): [null:-1]->clear mCurrentTransInfo
05-21 17:47:57.338 D/NetworkThread(  700): [null:-1]->queue is empty, thread wait...
05-21 17:47:57.346 D/MdmService(  700): [null:-1]->receiver action :com.pekall.mdm.action.MDM_REGISTERED
05-21 17:47:57.346 D/MdmService(  700): [null:-1]->correctAlarm
05-21 17:47:57.353 D/dalvikvm(  462): GC_CONCURRENT freed 389K, 93% free 644K/8192K, paused 2ms+1ms, total 7ms
05-21 17:47:57.361 I/TransInfo(  700): TransInfo created, id: 5, class: class com.pekall.emdm.transaction.c.j
05-21 17:47:57.361 D/NetworkThread(  700): [null:-1]->----isRunning-----true
05-21 17:47:57.361 D/NetworkThread(  700): [null:-1]->----isRunning-----true
05-21 17:47:57.361 D/NetworkThread(  700): [null:-1]->thread wakeup
05-21 17:47:57.361 D/NetworkThread(  700): [null:-1]->sendHttpGet: http://192.168.10.21/rest/mdm/v1/device/trigger_cmd?device_uuid=00013fbc8ecec5b9000001461e2e1682&cmd_types=10103
05-21 17:47:57.361 D/HttpClient(  700): enable apache.http debug
05-21 17:47:57.369 D/MdmService(  700): [null:-1]->keepAliveWithPushServer  client is null 
05-21 17:47:57.369 V/DEBUG   (  700): HTTP 0
05-21 17:47:57.377 D/MdmService(  700): [null:-1]->pushUrl : ws://test.mdm.everknow.cn:9090/websocket
05-21 17:47:57.377 D/MDM :   (  700): [null:-1]->mMdmPushClient is :null
05-21 17:47:57.377 D/MDM :   (  700): [null:-1]->mMdmPushClient opened :not opened
05-21 17:47:57.385 D/MDM :   (  700): [null:-1]->mMdmPushClient connect
05-21 17:47:57.392 D/MdmStatusManager(  700): [null:-1]->change status to : Busy
05-21 17:47:57.392 W/SQLiteOpenHelper(  700): Opened /data/data/com.pekall.emdm.launcher/databases/pekall_mdm.db
05-21 17:47:57.455 I/TransInfo(  700): TransInfo created, id: 3, class: class com.pekall.emdm.transaction.c.b
05-21 17:47:57.455 D/NetworkThread(  700): [null:-1]->----isRunning-----true
05-21 17:47:57.455 I/TransInfo(  700): TransInfo created, id: 9, class: class com.pekall.emdm.transaction.c.c
05-21 17:47:57.463 D/MdmService(  700): [null:-1]->keepAliveWithPushServer client is opened:false
05-21 17:47:57.471 D/MdmService(  700): [null:-1]->pushUrl : ws://test.mdm.everknow.cn:9090/websocket
05-21 17:47:57.471 D/MDM :   (  700): [null:-1]->mMdmPushClient is :not null
05-21 17:47:57.471 D/MDM :   (  700): [null:-1]->mMdmPushClient opened :not opened
05-21 17:47:57.471 D/MDM :   (  700): [null:-1]->mMdmPushClient connect
05-21 17:47:57.471 D/MdmService(  700): [null:-1]->MdmStatusManager is busy , wait......
05-21 17:47:57.471 I/TransInfo(  700): TransInfo created, id: 9, class: class com.pekall.emdm.transaction.c.c
05-21 17:47:57.486 D/MDM :   (  700): [null:-1]->handleMessage
05-21 17:47:57.510 W/Parcel  ( 1661): Attempt to read object from Parcel 0x5ef3bdac at offset 200 that is not in the object list
05-21 17:47:57.510 I/ActivityManager(  374): START u0 {flg=0x8000 cmp=com.pekall.emdm.launcher/.Launcher} from pid 700
05-21 17:47:57.556 D/MDM :   (  700): [null:-1]->statusCode : 200
05-21 17:47:57.556 D/MDM :   (  700): [null:-1]->statusCode : 200
05-21 17:47:57.556 V/DEBUG   (  700): HTTP 1
05-21 17:47:57.556 D/MDM :   (  700): [null:-1]->read network input stream
05-21 17:47:57.564 D/MDM :   (  700): [null:-1]->Get joson string: {"result":0}
05-21 17:47:57.572 D/NetworkThread(  700): [null:-1]->clear mCurrentTransInfo
05-21 17:47:57.580 D/NetworkThread(  700): [null:-1]->sendHttpPost:PostRequest, url: http://192.168.10.21/rest/mdm/v1/ios/android_server, Params: [content:<?xml version="1.0" encoding="UTF-8"?>
05-21 17:47:57.580 D/NetworkThread(  700): <!DOCTYPE plist PUBLIC "-//Apple//DTD PLIST 1.0//EN" "http://www.apple.com/DTDs/PropertyList-1.0.dtd">
05-21 17:47:57.580 D/NetworkThread(  700): <plist version="1.0">
05-21 17:47:57.580 D/NetworkThread(  700): <dict>
05-21 17:47:57.580 D/NetworkThread(  700): 	<key>Status</key>
05-21 17:47:57.580 D/NetworkThread(  700): 	<string>Idle</string>
05-21 17:47:57.580 D/NetworkThread(  700): 	<key>UDID</key>
05-21 17:47:57.580 D/NetworkThread(  700): 	<string>00013fbc8ecec5b9000001461e2e1682</string>
05-21 17:47:57.580 D/NetworkThread(  700): </dict>
05-21 17:47:57.580 D/NetworkThread(  700): </plist>], 
05-21 17:47:57.580 D/HttpClient(  700): enable apache.http debug
05-21 17:47:57.596 V/DEBUG   (  700): HTTP 0
05-21 17:47:57.642 D/dalvikvm(  374): GC_FOR_ALLOC freed 1218K, 21% free 23696K/29760K, paused 87ms, total 90ms
05-21 17:47:57.658 W/WindowManager(  374): Token{42fe2978 ActivityRecord{42a089c0 u0 com.pekall.emdm.launcher/.Launcher}} failed creating starting window
05-21 17:47:57.658 W/WindowManager(  374): android.view.InflateException: Binary XML file line #34: Error inflating class <unknown>
05-21 17:47:57.658 W/WindowManager(  374): 	at android.view.LayoutInflater.createView(LayoutInflater.java:620)
05-21 17:47:57.658 W/WindowManager(  374): 	at com.android.internal.policy.impl.PhoneLayoutInflater.onCreateView(PhoneLayoutInflater.java:56)
05-21 17:47:57.658 W/WindowManager(  374): 	at android.view.LayoutInflater.onCreateView(LayoutInflater.java:669)
05-21 17:47:57.658 W/WindowManager(  374): 	at android.view.LayoutInflater.createViewFromTag(LayoutInflater.java:694)
05-21 17:47:57.658 W/WindowManager(  374): 	at android.view.LayoutInflater.rInflate(LayoutInflater.java:755)
05-21 17:47:57.658 W/WindowManager(  374): 	at android.view.LayoutInflater.inflate(LayoutInflater.java:492)
05-21 17:47:57.658 W/WindowManager(  374): 	at android.view.LayoutInflater.inflate(LayoutInflater.java:397)
05-21 17:47:57.658 W/WindowManager(  374): 	at android.view.LayoutInflater.inflate(LayoutInflater.java:353)
05-21 17:47:57.658 W/WindowManager(  374): 	at com.android.internal.policy.impl.PhoneWindow.generateLayout(PhoneWindow.java:2823)
05-21 17:47:57.658 W/WindowManager(  374): 	at com.android.internal.policy.impl.PhoneWindow.installDecor(PhoneWindow.java:2886)
05-21 17:47:57.658 W/WindowManager(  374): 	at com.android.internal.policy.impl.PhoneWindow.getDecorView(PhoneWindow.java:1581)
05-21 17:47:57.658 W/WindowManager(  374): 	at com.android.internal.policy.impl.PhoneWindowManager.addStartingWindow(PhoneWindowManager.java:1618)
05-21 17:47:57.658 W/WindowManager(  374): 	at com.android.server.wm.WindowManagerService$H.handleMessage(WindowManagerService.java:6908)
05-21 17:47:57.658 W/WindowManager(  374): 	at android.os.Handler.dispatchMessage(Handler.java:99)
05-21 17:47:57.658 W/WindowManager(  374): 	at android.os.Looper.loop(Looper.java:137)
05-21 17:47:57.658 W/WindowManager(  374): 	at android.os.HandlerThread.run(HandlerThread.java:61)
05-21 17:47:57.658 W/WindowManager(  374): Caused by: java.lang.reflect.InvocationTargetException
05-21 17:47:57.658 W/WindowManager(  374): 	at java.lang.reflect.Constructor.constructNative(Native Method)
05-21 17:47:57.658 W/WindowManager(  374): 	at java.lang.reflect.Constructor.newInstance(Constructor.java:417)
05-21 17:47:57.658 W/WindowManager(  374): 	at android.view.LayoutInflater.createView(LayoutInflater.java:594)
05-21 17:47:57.658 W/WindowManager(  374): 	... 15 more
05-21 17:47:57.658 W/WindowManager(  374): Caused by: android.content.res.Resources$NotFoundException: Resource is not a Drawable (color or path): TypedValue{t=0x2/d=0x1010059 a=-1}
05-21 17:47:57.658 W/WindowManager(  374): 	at android.content.res.Resources.loadDrawable(Resources.java:2063)
05-21 17:47:57.658 W/WindowManager(  374): 	at android.content.res.TypedArray.getDrawable(TypedArray.java:601)
05-21 17:47:57.658 W/WindowManager(  374): 	at android.widget.FrameLayout.<init>(FrameLayout.java:109)
05-21 17:47:57.658 W/WindowManager(  374): 	at android.widget.FrameLayout.<init>(FrameLayout.java:97)
05-21 17:47:57.658 W/WindowManager(  374): 	... 18 more
05-21 17:47:57.674 D/ProfileManager(  700): [null:-1]->check policy checking :false
05-21 17:47:57.674 D/ProfileManager(  700): [null:-1]->check policy checking :true
05-21 17:47:57.674 E/QueryController(  462): Got null root node from accessibility - Retrying...
05-21 17:47:57.674 D/MDM :   (  700): [null:-1]->MSG_WEBSOCKET_OPEN
05-21 17:47:57.681 D/MDM :   (  700): [null:-1]->MSG_WEBSOCKET_OPEN
05-21 17:47:57.681 D/LauncherApplication(  700): [null:-1]->onActivityPaused
05-21 17:47:57.697 D/HomeLoaders(  700): aborting loaders
05-21 17:47:57.924 E/QueryController(  462): Got null root node from accessibility - Retrying...
05-21 17:47:57.947 D/dalvikvm(  700): JIT unchain all for threadid=11
05-21 17:47:57.994 D/PushMessageManager(  700): [null:-1]->add sent message : {"params":{"device":"00013fbc8ecec5b9000001461e2e1682","token":"123456"},"id":0,"command":0,"reason":0,"result":0,"type":0}
05-21 17:47:58.010 D/MDM :   (  700): [null:-1]->statusCode : 200
05-21 17:47:58.010 D/MDM :   (  700): [null:-1]->statusCode : 200
05-21 17:47:58.010 V/DEBUG   (  700): HTTP 1
05-21 17:47:58.041 D/PushMessageManager(  700): [null:-1]->add sent message : {"params":{"device":"00013fbc8ecec5b9000001461e2e1682","token":"123456"},"id":0,"command":0,"reason":0,"result":0,"type":0}
05-21 17:47:58.174 E/QueryController(  462): Got null root node from accessibility - Retrying...
05-21 17:47:58.306 D/dalvikvm(  700): JIT unchain all for threadid=11
05-21 17:47:58.338 D/MDM :   (  700): [null:-1]->read network input stream
05-21 17:47:58.338 D/MDM :   (  700): [null:-1]->read network input stream
05-21 17:47:58.346 D/MDM :   (  700): [null:-1]->Get joson string: <?xml version="1.0" encoding="UTF-8"?>
05-21 17:47:58.346 D/MDM :   (  700): <!DOCTYPE plist PUBLIC "-//Apple//DTD PLIST 1.0//EN" "http://www.apple.com/DTDs/PropertyList-1.0.dtd">
05-21 17:47:58.346 D/MDM :   (  700): <plist version="1.0">
05-21 17:47:58.346 D/MDM :   (  700): <dict>
05-21 17:47:58.346 D/MDM :   (  700): 	<key>CommandUUID</key>
05-21 17:47:58.346 D/MDM :   (  700): 	<string>007908ee-1e7c-4fc6-bcbe-3c6da10f3214</string>
05-21 17:47:58.346 D/MDM :   (  700): 	<key>Command</key>
05-21 17:47:58.346 D/MDM :   (  700): 	<dict>
05-21 17:47:58.346 D/MDM :   (  700): 		<key>Queries</key>
05-21 17:47:58.346 D/MDM :   (  700): 		<array>
05-21 17:47:58.346 D/MDM :   (  700): 			<string>UDID</string>
05-21 17:47:58.346 D/MDM :   (  700): 			<string>DeviceName</string>
05-21 17:47:58.346 D/MDM :   (  700): 			<string>OSVersion</string>
05-21 17:47:58.346 D/MDM :   (  700): 			<string>BuildVersion</string>
05-21 17:47:58.346 D/MDM :   (  700): 			<string>ModelName</string>
05-21 17:47:58.346 D/MDM :   (  700): 			<string>Model</string>
05-21 17:47:58.346 D/MDM :   (  700): 			<string>ProductName</string>
05-21 17:47:58.346 D/MDM :   (  700): 			<string>SerialNumber</string>
05-21 17:47:58.346 D/MDM :   (  700): 			<string>DeviceCapacity</string>
05-21 17:47:58.346 D/MDM :   (  700): 			<string>AvailableDeviceCapacity</string>
05-21 17:47:58.346 D/MDM :   (  700): 			<string>BatteryLevel</string>
05-21 17:47:58.346 D/MDM :   (  700): 			<string>CellularTechnology</string>
05-21 17:47:58.346 D/MDM :   (  700): 			<string>IMEI</string>
05-21 17:47:58.346 D/MDM :   (  700): 			<string>MEID</string>
05-21 17:47:58.346 D/MDM :   (  700): 			<string>ModemFirmwareVersion</string>
05-21 17:47:58.346 D/MDM :   (  700): 			<string>ICCID</string>
05-21 17:47:58.346 D/MDM :   (  700): 			<string>BluetoothMAC</string>
05-21 17:47:58.346 D/MDM :   (  700): 			<string>WiFiMAC</string>
05-21 17:47:58.346 D/MDM :   (  700): 			<string>EthernetMAC</string>
05-21 17:47:58.346 D/MDM :   (  700): 			<string>CurrentCarrierNetwork</string>
05-21 17:47:58.346 D/MDM :   (  700): 			<string>SIMCarrierNetwork</string>
05-21 17:47:58.346 D/MDM :   (  700): 			<string>SubscriberCarrierNetwork</string>
05-21 17:47:58.346 D/MDM :   (  700): 			<string>CarrierSettingsVersion</string>
05-21 17:47:58.346 D/MDM :   (  700): 			<string>PhoneNumber</string>
05-21 17:47:58.346 D/MDM :   (  700): 			<string>VoiceRoamingEnabled</string>
05-21 17:47:58.346 D/MDM :   (  700): 			<string>DataRoamingEnabled</string>
05-21 17:47:58.346 D/MDM :   (  700): 			<string>IsRoaming</string>
05-21 17:47:58.346 D/MDM :   (  700): 			<string>SubscriberMCC</string>
05-21 17:47:58.346 D/MDM :   (  700): 			<string>SubscriberMNC</string>
05-21 17:47:58.346 D/MDM :   (  700): 			<string>SIMMCC</string>
05-21 17:47:58.346 D/MDM :   (  700): 			<string>SIMMNC</string>
05-21 17:47:58.346 D/MDM :   (  700): 			<string>CurrentMCC</string>
05-21 17:47:58.346 D/MDM :   (  700): 			<string>CurrentMNC</string>
05-21 17:47:58.346 D/MDM :   (  700): 		</array>
05-21 17:47:58.346 D/MDM :   (  700): 		<key>RequestType</key>
05-21 17:47:58.346 D/MDM :   (  700): 		<string>DeviceInformation</string>
05-21 17:47:58.346 D/MDM :   (  700): 	</dict>
05-21 17:47:58.346 D/MDM :   (  700): </dict>
05-21 17:47:58.346 D/MDM :   (  700): </plist>
05-21 17:47:58.353 D/dalvikvm(  700): GC_EXPLICIT freed 7536K, 34% free 23397K/35180K, paused 262ms+264ms, total 657ms
05-21 17:47:58.416 D/CheckInTransInfo(  700): [null:-1]->CommandMsg : CommandMsg{CommandUUID='007908ee-1e7c-4fc6-bcbe-3c6da10f3214', Command=CommandObject{RequestType='DeviceInformation'}}
05-21 17:47:58.424 E/QueryController(  462): Cannot proceed when root node is null. Aborted search
05-21 17:47:58.424 E/QueryController(  462): Got null root node from accessibility - Retrying...
05-21 17:47:58.455 D/MDM :   (  700): [null:-1]->width 104
05-21 17:47:58.455 D/MDM :   (  700): [null:-1]->height 104
05-21 17:47:58.455 D/MDM :   (  700): [null:-1]->scale 0.5
05-21 17:47:58.455 D/MDM :   (  700): [null:-1]->tint false
05-21 17:47:58.455 D/MDM :   (  700): [null:-1]->width 104
05-21 17:47:58.455 D/MDM :   (  700): [null:-1]->height 104
05-21 17:47:58.463 D/MDM :   (  700): [null:-1]->scale 0.5
05-21 17:47:58.463 D/NetworkThread(  700): [null:-1]->clear mCurrentTransInfo
05-21 17:47:58.463 D/NetworkThread(  700): [null:-1]->sendHttpPost:PostRequest, url: http://192.168.10.21/rest/mdm/v1/system/check_mdm_app, Params: [version:71][os:51201][pkg_name:com.pekall.emdm.launcher], 
05-21 17:47:58.463 D/HttpClient(  700): enable apache.http debug
05-21 17:47:58.463 D/MDM :   (  700): [null:-1]->tint false
05-21 17:47:58.471 D/MDM :   (  700): [null:-1]->icon instanceof BitmapDrawable
05-21 17:47:58.471 D/MDM :   (  700): [null:-1]->  iconWidth 87
05-21 17:47:58.471 D/MDM :   (  700): [null:-1]->  iconHeight 87
05-21 17:47:58.471 D/MDM :   (  700): [null:-1]->  107 87
05-21 17:47:58.471 D/MDM :   (  700): [null:-1]->width 104
05-21 17:47:58.471 D/MDM :   (  700): [null:-1]->height 104
05-21 17:47:58.471 D/MDM :   (  700): [null:-1]->scale 1.0
05-21 17:47:58.471 D/MDM :   (  700): [null:-1]->tint false
05-21 17:47:58.478 D/MDM :   (  700): [null:-1]->width 104
05-21 17:47:58.478 D/MDM :   (  700): [null:-1]->height 104
05-21 17:47:58.478 D/MDM :   (  700): [null:-1]->scale 1.0
05-21 17:47:58.478 D/MDM :   (  700): [null:-1]->tint false
05-21 17:47:58.478 V/DEBUG   (  700): HTTP 0
05-21 17:47:58.494 D/MDM :   (  700): [null:-1]->icon instanceof BitmapDrawable
05-21 17:47:58.494 D/MDM :   (  700): [null:-1]->  iconWidth 87
05-21 17:47:58.494 D/MDM :   (  700): [null:-1]->  iconHeight 87
05-21 17:47:58.494 D/MDM :   (  700): [null:-1]->  107 87
05-21 17:47:58.494 D/MDM :   (  700): [null:-1]->width 104
05-21 17:47:58.494 D/MDM :   (  700): [null:-1]->height 104
05-21 17:47:58.494 D/MDM :   (  700): [null:-1]->scale 1.0
05-21 17:47:58.494 D/MDM :   (  700): [null:-1]->tint false
05-21 17:47:58.494 D/MDM :   (  700): [null:-1]->width 104
05-21 17:47:58.494 D/MDM :   (  700): [null:-1]->height 104
05-21 17:47:58.494 D/MDM :   (  700): [null:-1]->scale 1.0
05-21 17:47:58.502 D/MDM :   (  700): [null:-1]->tint false
05-21 17:47:58.502 D/MDM :   (  700): [null:-1]->icon instanceof BitmapDrawable
05-21 17:47:58.502 D/MDM :   (  700): [null:-1]->  iconWidth 87
05-21 17:47:58.502 D/MDM :   (  700): [null:-1]->  iconHeight 87
05-21 17:47:58.502 D/MDM :   (  700): [null:-1]->  107 87
05-21 17:47:58.510 D/MDM :   (  700): [null:-1]->width 104
05-21 17:47:58.510 D/MDM :   (  700): [null:-1]->height 104
05-21 17:47:58.510 D/MDM :   (  700): [null:-1]->scale 1.0
05-21 17:47:58.510 D/MDM :   (  700): [null:-1]->tint false
05-21 17:47:58.674 E/QueryController(  462): Got null root node from accessibility - Retrying...
05-21 17:47:58.767 D/dalvikvm(  700): JIT unchain all for threadid=11
05-21 17:47:58.814 D/dalvikvm(  700): GC_FOR_ALLOC freed 4817K, 43% free 20137K/35180K, paused 294ms, total 297ms
05-21 17:47:58.924 E/QueryController(  462): Got null root node from accessibility - Retrying...
05-21 17:47:58.955 V/Launcher(  700): isLauncherDf = true
05-21 17:47:58.955 V/Launcher(  700): isPhoneDf = true
05-21 17:47:58.963 D/        (  700): [---null: -1---]  ScreenWidth  720
05-21 17:47:58.963 D/        (  700): [---null: -1---]  ScreenHeight  1184
05-21 17:47:58.963 D/HomeLoaders(  700): load applications
05-21 17:47:58.963 D/HomeLoaders(  700):   --> applications loaded, return
05-21 17:47:58.963 D/HomeLoaders(  700): loading user items in Thread[main,5,main]
05-21 17:47:58.963 D/HomeLoaders(  700):   --> items loaded, return
05-21 17:47:58.963 D/HomeLoaders(  700):   --> loading from cache: 11, 0
05-21 17:47:58.963 D/Launcher(  700): ------> binding 11 items
05-21 17:47:58.963 D/Launcher(  700): ------> binding 0 widgets
05-21 17:47:58.963 D/Launcher(  700): ------> start binding items
05-21 17:47:58.971 W/Parcel  ( 1661): Attempt to read object from Parcel 0x6003bdac at offset 200 that is not in the object list
05-21 17:47:58.971 W/Parcel  ( 1661): Attempt to read object from Parcel 0x5ded3dac at offset 200 that is not in the object list
05-21 17:47:58.971 D/Email   (  700): Email: init sandbox at the beginning.
05-21 17:47:58.971 V/l       (  700): Bind requested for task setLogging
05-21 17:47:58.978 D/MDM :   (  700): [null:-1]->statusCode : 200
05-21 17:47:58.986 D/MDM :   (  700): [null:-1]->statusCode : 200
05-21 17:47:58.986 V/DEBUG   (  700): HTTP 1
05-21 17:47:58.986 W/SQLiteOpenHelper(  700): Opened /data/data/com.pekall.emdm.launcher/databases/sandbox.db
05-21 17:47:59.174 E/QueryController(  462): Cannot proceed when root node is null. Aborted search
05-21 17:47:59.174 E/QueryController(  462): Got null root node from accessibility - Retrying...
05-21 17:47:59.236 D/dalvikvm(  700): JIT unchain all for threadid=11
05-21 17:47:59.260 D/MDM :   (  700): [null:-1]->read network input stream
05-21 17:47:59.267 D/MDM :   (  700): [null:-1]->Get joson string: {"result":0,"mdmClientInfos":{"id":25,"type":51107,"url":"https://test.mdm.everknow.cn/resources/api/v1/download/guest?uuid=cb3117c2cd0a49aedb09d3d5625d","pkgName":"com.pekall.emdm.launcher","platform":51201,"comId":1,"appVersionCode":72,"appVersionName":"BYOD_2.1.0424","appAuthor":null,"appIcon":null,"appName":"Pekall enterprise mobile office","appSize":null,"minSdk":null,"updateTime":1398754856000,"forceUpdate":0,"updateInfo":null,"new":false}}
05-21 17:47:59.283 D/NetworkThread(  700): [null:-1]->clear mCurrentTransInfo
05-21 17:47:59.283 D/NetworkThread(  700): [null:-1]->queue is empty, thread wait...
05-21 17:47:59.283 I/Email   (  700): Notifications being toggled: false
05-21 17:47:59.283 W/ActivityManager(  374): Unable to start service Intent { cmp=com.pekall.emdm.launcher/com.pekall.semail.service.AttachmentDownloadService } U=0: not found
05-21 17:47:59.377 D/dalvikvm( 1661): GC_EXPLICIT freed 120K, 18% free 13042K/15888K, paused 2ms+3ms, total 51ms
05-21 17:47:59.431 E/QueryController(  462): Got null root node from accessibility - Retrying...
05-21 17:47:59.541 D/dalvikvm(  700): JIT unchain all for threadid=11
05-21 17:47:59.556 W/Parcel  ( 1661): Attempt to read object from Parcel 0x5dfd3dac at offset 200 that is not in the object list
05-21 17:47:59.556 W/Parcel  ( 1661): Attempt to read object from Parcel 0x6013bdac at offset 200 that is not in the object list
05-21 17:47:59.564 D/dalvikvm(  700): GC_CONCURRENT freed 372K, 34% free 23496K/35180K, paused 259ms+262ms, total 574ms
05-21 17:47:59.564 V/LauncherApplication(  700): onActivityStarted
05-21 17:47:59.572 D/        (  700): [---null: -1---]     awsa  onActivityResumed
05-21 17:47:59.572 V/LauncherApplication(  700): 2MdmConstant.LAST_LAUNCH_TIME = 1400665643077
05-21 17:47:59.580 D/        (  700): [---null: -1---]  activity = com.pekall.emdm.launcher.Launcher
05-21 17:47:59.580 V/DefultSetContriller(  700): isLauncherDf = com.pekall.emdm.launcher
05-21 17:47:59.580 V/DefultSetContriller(  700): isLauncherDf = com.pekall.emdm.launcher
05-21 17:47:59.588 V/DefultSetContriller(  700): isPhoneDf = com.pekall.emdm.launcher
05-21 17:47:59.588 E/LauncherApplication(  700): isShowLogoutUI = true
05-21 17:47:59.588 E/LauncherApplication(  700): LogoutShowTime 1
05-21 17:47:59.588 V/Launcher(  700): onResume1111111 
05-21 17:47:59.588 V/Launcher(  700): is login ----> 
05-21 17:47:59.588 I/System.out(  700):  
05-21 17:47:59.588 I/System.out(  700): com.pekall.emdm.launcher.Workspace.setWallpaper(Unknown Source)
05-21 17:47:59.588 I/System.out(  700): com.pekall.emdm.launcher.Launcher.onResume(Unknown Source)
05-21 17:47:59.588 I/System.out(  700): android.app.Instrumentation.callActivityOnResume(Instrumentation.java:1192)
05-21 17:47:59.588 I/System.out(  700): android.app.Activity.performResume(Activity.java:5211)
05-21 17:47:59.588 I/System.out(  700): android.app.ActivityThread.performResumeActivity(ActivityThread.java:2780)
05-21 17:47:59.588 I/System.out(  700): android.app.ActivityThread.handleResumeActivity(ActivityThread.java:2819)
05-21 17:47:59.588 I/System.out(  700): android.app.ActivityThread.handleLaunchActivity(ActivityThread.java:2266)
05-21 17:47:59.588 I/System.out(  700): android.app.ActivityThread.access$600(ActivityThread.java:141)
05-21 17:47:59.588 I/System.out(  700): android.app.ActivityThread$H.handleMessage(ActivityThread.java:1256)
05-21 17:47:59.588 I/System.out(  700): android.os.Handler.dispatchMessage(Handler.java:99)
05-21 17:47:59.588 I/System.out(  700): android.os.Looper.loop(Looper.java:137)
05-21 17:47:59.588 I/System.out(  700): android.app.ActivityThread.main(ActivityThread.java:5103)
05-21 17:47:59.588 I/System.out(  700): java.lang.reflect.Method.invokeNative(Native Method)
05-21 17:47:59.588 I/System.out(  700): java.lang.reflect.Method.invoke(Method.java:525)
05-21 17:47:59.588 I/System.out(  700): com.android.internal.os.ZygoteInit$MethodAndArgsCaller.run(ZygoteInit.java:737)
05-21 17:47:59.588 I/System.out(  700): com.android.internal.os.ZygoteInit.main(ZygoteInit.java:553)
05-21 17:47:59.588 I/System.out(  700): dalvik.system.NativeStart.main(Native Method)
05-21 17:47:59.681 E/QueryController(  462): Got null root node from accessibility - Retrying...
05-21 17:47:59.689 D/MDM :   (  700): [null:-1]->MSG_WEBSOCKET_MESSAGE : {"id":0,"type":1,"command":0,"result":0,"reason":0}
05-21 17:47:59.697 D/MdmService(  700): [null:-1]->push message type :1
05-21 17:47:59.697 D/PushMessageManager(  700): [null:-1]->remove sent message : 0
05-21 17:47:59.705 D/PushMessageManager(  700): [null:-1]->sent message :{"params":{"device":"00013fbc8ecec5b9000001461e2e1682","token":"123456"},"id":0,"command":0,"reason":0,"result":0,"type":0}
05-21 17:47:59.705 D/PushMessageManager(  700): [null:-1]->has message : 0
05-21 17:47:59.705 D/PushMessageManager(  700): [null:-1]->sSentMessage not empty : 1
05-21 17:47:59.705 D/MDM :   (  700): [null:-1]->MSG_WEBSOCKET_MESSAGE : {"id":1014972419,"type":0,"command":0,"result":0,"reason":0,"params":{"device":"00013fbc8ecec5b9000001461e2e1682","message":"{\"cmd\":\"10119\"}"}}
05-21 17:47:59.713 D/MdmService(  700): [null:-1]->push message type :0
05-21 17:47:59.713 D/MdmService(  700): [null:-1]->cmdMessage : {"cmd":"10119"}
05-21 17:47:59.713 D/MdmService(  700): [null:-1]->command : PushCommandMsg{cmd='10119', msg='null'}
05-21 17:47:59.713 D/MdmService(  700): [null:-1]->MdmStatusManager is busy , wait......
05-21 17:47:59.721 D/MDM :   (  700): [null:-1]->MSG_WEBSOCKET_MESSAGE : {"id":-1559037393,"type":0,"command":0,"result":0,"reason":0,"params":{"device":"00013fbc8ecec5b9000001461e2e1682","message":"{\"cmd\":\"10119\"}"}}
05-21 17:47:59.728 D/MdmService(  700): [null:-1]->push message type :0
05-21 17:47:59.728 D/MdmService(  700): [null:-1]->cmdMessage : {"cmd":"10119"}
05-21 17:47:59.728 D/MdmService(  700): [null:-1]->command : PushCommandMsg{cmd='10119', msg='null'}
05-21 17:47:59.728 D/MdmService(  700): [null:-1]->MdmStatusManager is busy , wait......
05-21 17:47:59.728 D/MDM :   (  700): [null:-1]->MSG_WEBSOCKET_MESSAGE : {"id":1150639585,"type":0,"command":0,"result":0,"reason":0,"params":{"device":"00013fbc8ecec5b9000001461e2e1682","message":"{\"cmd\":\"10119\"}"}}
05-21 17:47:59.736 D/MdmService(  700): [null:-1]->push message type :0
05-21 17:47:59.736 D/MdmService(  700): [null:-1]->cmdMessage : {"cmd":"10119"}
05-21 17:47:59.736 D/MdmService(  700): [null:-1]->command : PushCommandMsg{cmd='10119', msg='null'}
05-21 17:47:59.736 D/MdmService(  700): [null:-1]->MdmStatusManager is busy , wait......
05-21 17:47:59.744 D/MDM :   (  700): [null:-1]->MSG_WEBSOCKET_MESSAGE : {"id":1589002405,"type":0,"command":0,"result":0,"reason":0,"params":{"device":"00013fbc8ecec5b9000001461e2e1682","message":"{\"cmd\":\"10119\"}"}}
05-21 17:47:59.744 D/MdmService(  700): [null:-1]->push message type :0
05-21 17:47:59.744 D/MdmService(  700): [null:-1]->cmdMessage : {"cmd":"10119"}
05-21 17:47:59.744 D/MdmService(  700): [null:-1]->command : PushCommandMsg{cmd='10119', msg='null'}
05-21 17:47:59.752 D/MdmService(  700): [null:-1]->MdmStatusManager is busy , wait......
05-21 17:47:59.752 D/MDM :   (  700): [null:-1]->MSG_WEBSOCKET_MESSAGE : {"id":0,"type":1,"command":0,"result":0,"reason":0}
05-21 17:47:59.760 D/MdmService(  700): [null:-1]->push message type :1
05-21 17:47:59.760 D/PushMessageManager(  700): [null:-1]->remove sent message : 0
05-21 17:47:59.767 D/PushMessageManager(  700): [null:-1]->sent message :{"params":{"device":"00013fbc8ecec5b9000001461e2e1682","token":"123456"},"id":0,"command":0,"reason":0,"result":0,"type":0}
05-21 17:47:59.767 D/PushMessageManager(  700): [null:-1]->has message : 0
05-21 17:47:59.767 D/MDM :   (  700): [null:-1]->MSG_WEBSOCKET_MESSAGE : {"id":1014972419,"type":0,"command":0,"result":0,"reason":0,"params":{"device":"00013fbc8ecec5b9000001461e2e1682","message":"{\"cmd\":\"10119\"}"}}
05-21 17:47:59.767 D/MdmService(  700): [null:-1]->push message type :0
05-21 17:47:59.767 D/MdmService(  700): [null:-1]->cmdMessage : {"cmd":"10119"}
05-21 17:47:59.767 D/MdmService(  700): [null:-1]->command : PushCommandMsg{cmd='10119', msg='null'}
05-21 17:47:59.767 D/MdmService(  700): [null:-1]->MdmStatusManager is busy , wait......
05-21 17:47:59.775 D/MDM :   (  700): [null:-1]->MSG_WEBSOCKET_MESSAGE : {"id":-1559037393,"type":0,"command":0,"result":0,"reason":0,"params":{"device":"00013fbc8ecec5b9000001461e2e1682","message":"{\"cmd\":\"10119\"}"}}
05-21 17:47:59.783 D/MdmService(  700): [null:-1]->push message type :0
05-21 17:47:59.783 D/MdmService(  700): [null:-1]->cmdMessage : {"cmd":"10119"}
05-21 17:47:59.783 D/MdmService(  700): [null:-1]->command : PushCommandMsg{cmd='10119', msg='null'}
05-21 17:47:59.783 D/MdmService(  700): [null:-1]->MdmStatusManager is busy , wait......
05-21 17:47:59.791 D/MDM :   (  700): [null:-1]->MSG_WEBSOCKET_MESSAGE : {"id":1150639585,"type":0,"command":0,"result":0,"reason":0,"params":{"device":"00013fbc8ecec5b9000001461e2e1682","message":"{\"cmd\":\"10119\"}"}}
05-21 17:47:59.791 D/MdmService(  700): [null:-1]->push message type :0
05-21 17:47:59.791 D/MdmService(  700): [null:-1]->cmdMessage : {"cmd":"10119"}
05-21 17:47:59.791 D/MdmService(  700): [null:-1]->command : PushCommandMsg{cmd='10119', msg='null'}
05-21 17:47:59.791 D/MdmService(  700): [null:-1]->MdmStatusManager is busy , wait......
05-21 17:47:59.799 D/MDM :   (  700): [null:-1]->MSG_WEBSOCKET_MESSAGE : {"id":1589002405,"type":0,"command":0,"result":0,"reason":0,"params":{"device":"00013fbc8ecec5b9000001461e2e1682","message":"{\"cmd\":\"10119\"}"}}
05-21 17:47:59.806 D/MdmService(  700): [null:-1]->push message type :0
05-21 17:47:59.806 D/MdmService(  700): [null:-1]->cmdMessage : {"cmd":"10119"}
05-21 17:47:59.806 D/MdmService(  700): [null:-1]->command : PushCommandMsg{cmd='10119', msg='null'}
05-21 17:47:59.806 D/MdmService(  700): [null:-1]->MdmStatusManager is busy , wait......
05-21 17:47:59.814 D/MdmService(  700): [null:-1]->handleCheckInResult
05-21 17:47:59.814 D/MdmService(  700): [null:-1]->handleCheckInResult result keyIndex: 3
05-21 17:47:59.814 D/MDM :   (  700): [null:-1]->width 104
05-21 17:47:59.814 D/MDM :   (  700): [null:-1]->height 104
05-21 17:47:59.814 D/MDM :   (  700): [null:-1]->scale 1.0
05-21 17:47:59.814 D/MDM :   (  700): [null:-1]->tint false
05-21 17:47:59.814 D/MDM :   (  700): [null:-1]->width 104
05-21 17:47:59.814 D/MDM :   (  700): [null:-1]->height 104
05-21 17:47:59.814 D/MDM :   (  700): [null:-1]->scale 1.0
05-21 17:47:59.814 D/MDM :   (  700): [null:-1]->tint false
