05-20 16:20:48.346 I/System.out( 5090): [cjx]to generate user KEK now,keyLength:32,algorithm:Rijndael256
05-20 16:20:48.455 I/System.out( 5090): [cjx]blockSize:32
05-20 16:20:48.455 I/System.out( 5090): [cjx]iv:[112, 101, 107, 97, 108, 108, 50, 48, 49, 52, 97, 101, 115, 99, 106, 120, 112, 101, 107, 97, 108, 108, 50, 48, 49, 52, 97, 101, 115, 99, 106, 120]
05-20 16:20:48.455 I/System.out( 5090): [cjx]secret:[-94, 35, 21, 34, 6, -61, -108, -46, 6, 56, -82, 111, 24, -59, 0, -21, 43, -46, -16, 27, -76, 52, 9, 117, -69, 64, 55, -122, -120, -69, -38, 9]
05-20 16:20:48.455 I/System.out( 5090): [cjx]to generate user KEK now,keyLength:32,algorithm:Rijndael256
05-20 16:20:48.471 E/QueryController( 5955): Got null root node from accessibility - Retrying...
05-20 16:20:48.556 I/System.out( 5090): [cjx]blockSize:32
05-20 16:20:48.556 I/System.out( 5090): [cjx]iv:[112, 101, 107, 97, 108, 108, 50, 48, 49, 52, 97, 101, 115, 99, 106, 120, 112, 101, 107, 97, 108, 108, 50, 48, 49, 52, 97, 101, 115, 99, 106, 120]
05-20 16:20:48.556 I/System.out( 5090): [cjx]secret:[-94, 35, 21, 34, 6, -61, -108, -46, 6, 56, -82, 111, 24, -59, 0, -21, 43, -46, -16, 27, -76, 52, 9, 117, -69, 64, 55, -122, -120, -69, -38, 9]
05-20 16:20:48.564 D/ExchangeService( 5090): !!! EAS ExchangeService, onCreate
05-20 16:20:48.564 W/Parcel  ( 1661): Attempt to read object from Parcel 0x6013bdac at offset 200 that is not in the object list
05-20 16:20:48.580 D/MDM :   ( 5090): [null:-1]->MSG_WEBSOCKET_MESSAGE : {"id":-1157791561,"type":0,"command":0,"result":0,"reason":0,"params":{"msgId":"5d2f9195-20b8-428a-8613-82c7b418fba5,5d2f919520b8428a861382c7b418fba5","device":"00013fbc8ecec5b90000014613abe64a","message":"{\"cmd\":\"10119\"}"}}
05-20 16:20:48.588 D/MdmService( 5090): [null:-1]->push message type :0
05-20 16:20:48.588 D/MdmService( 5090): [null:-1]->cmdMessage : {"cmd":"10119"}
05-20 16:20:48.588 D/MdmService( 5090): [null:-1]->command : PushCommandMsg{cmd='10119', msg='null'}
05-20 16:20:48.588 D/MdmService( 5090): [null:-1]->MdmStatusManager is busy , wait......
05-20 16:20:48.588 D/LauncherApplication( 5090): [null:-1]->onActivityPaused
05-20 16:20:48.603 D/LauncherApplication( 5090): [null:-1]->onActivityPaused  updateTime
05-20 16:20:48.619 V/Launcher( 5090): default_launcher = #Intent;launchFlags=0x10200000;component=com.android.launcher/com.android.launcher2.Launcher;end
05-20 16:20:48.619 W/Parcel  ( 1661): Attempt to read object from Parcel 0x5ec3bdac at offset 200 that is not in the object list
05-20 16:20:48.619 I/ActivityManager(  374): START u0 {act=android.intent.action.VIEW flg=0x10200000 cmp=com.android.launcher/com.android.launcher2.Launcher} from pid 5090
05-20 16:20:48.635 D/        ( 5090): [---null: -1---]  1111222  mLongAxisStartPadding110
05-20 16:20:48.635 D/        ( 5090): [---null: -1---]  11112223  heightSpecSize1094
05-20 16:20:48.635 D/        ( 5090): [---null: -1---]  11112223  mLongAxisStartPadding110
05-20 16:20:48.635 D/        ( 5090): [---null: -1---]  11112223  mLongAxisEndPadding110
05-20 16:20:48.635 D/        ( 5090): [---null: -1---]  11112223  mRows4
05-20 16:20:48.642 D/        ( 5090): [---null: -1---]  1111222  mLongAxisStartPadding110
05-20 16:20:48.642 D/        ( 5090): [---null: -1---]  11112223  heightSpecSize1094
05-20 16:20:48.642 D/        ( 5090): [---null: -1---]  11112223  mLongAxisStartPadding110
05-20 16:20:48.642 D/        ( 5090): [---null: -1---]  11112223  mLongAxisEndPadding110
05-20 16:20:48.642 D/        ( 5090): [---null: -1---]  11112223  mRows4
05-20 16:20:48.642 D/        ( 5090): [---null: -1---]  1111222  mLongAxisStartPadding110
05-20 16:20:48.642 D/        ( 5090): [---null: -1---]  11112223  heightSpecSize1094
05-20 16:20:48.642 D/        ( 5090): [---null: -1---]  11112223  mLongAxisStartPadding110
05-20 16:20:48.642 D/        ( 5090): [---null: -1---]  11112223  mLongAxisEndPadding110
05-20 16:20:48.642 D/        ( 5090): [---null: -1---]  11112223  mRows4
05-20 16:20:48.650 D/        ( 5090): [---null: -1---]  1111222  mLongAxisStartPadding110
05-20 16:20:48.650 D/        ( 5090): [---null: -1---]  11112223  heightSpecSize1094
05-20 16:20:48.658 D/        ( 5090): [---null: -1---]  11112223  mLongAxisStartPadding110
05-20 16:20:48.658 D/        ( 5090): [---null: -1---]  11112223  mLongAxisEndPadding110
05-20 16:20:48.658 D/        ( 5090): [---null: -1---]  11112223  mRows4
05-20 16:20:48.658 D/        ( 5090): [---null: -1---]  1111222  mLongAxisStartPadding110
05-20 16:20:48.658 D/        ( 5090): [---null: -1---]  11112223  heightSpecSize1094
05-20 16:20:48.658 D/        ( 5090): [---null: -1---]  11112223  mLongAxisStartPadding110
05-20 16:20:48.658 D/        ( 5090): [---null: -1---]  11112223  mLongAxisEndPadding110
05-20 16:20:48.658 D/        ( 5090): [---null: -1---]  11112223  mRows4
05-20 16:20:48.666 D/        ( 5090): [---null: -1---]  1111222  mLongAxisStartPadding110
05-20 16:20:48.666 D/        ( 5090): [---null: -1---]  11112223  heightSpecSize1094
05-20 16:20:48.666 D/        ( 5090): [---null: -1---]  11112223  mLongAxisStartPadding110
05-20 16:20:48.666 D/        ( 5090): [---null: -1---]  11112223  mLongAxisEndPadding110
05-20 16:20:48.666 D/        ( 5090): [---null: -1---]  11112223  mRows4
05-20 16:20:48.666 D/        ( 5090): [---null: -1---]  1111222  mLongAxisStartPadding110
05-20 16:20:48.674 D/        ( 5090): [---null: -1---]  11112223  heightSpecSize1094
05-20 16:20:48.674 D/        ( 5090): [---null: -1---]  11112223  mLongAxisStartPadding110
05-20 16:20:48.674 D/        ( 5090): [---null: -1---]  11112223  mLongAxisEndPadding110
05-20 16:20:48.674 D/        ( 5090): [---null: -1---]  11112223  mRows4
05-20 16:20:48.674 D/        ( 5090): [---null: -1---]  1111222  mLongAxisStartPadding110
05-20 16:20:48.674 D/        ( 5090): [---null: -1---]  11112223  heightSpecSize1094
05-20 16:20:48.674 D/        ( 5090): [---null: -1---]  11112223  mLongAxisStartPadding110
05-20 16:20:48.674 D/        ( 5090): [---null: -1---]  11112223  mLongAxisEndPadding110
05-20 16:20:48.674 D/        ( 5090): [---null: -1---]  11112223  mRows4
05-20 16:20:48.681 D/        ( 5090): [---null: -1---]  1111222  mLongAxisStartPadding110
05-20 16:20:48.681 D/        ( 5090): [---null: -1---]  11112223  heightSpecSize1094
05-20 16:20:48.681 D/        ( 5090): [---null: -1---]  11112223  mLongAxisStartPadding110
05-20 16:20:48.681 D/        ( 5090): [---null: -1---]  11112223  mLongAxisEndPadding110
05-20 16:20:48.681 D/        ( 5090): [---null: -1---]  11112223  mRows4
05-20 16:20:48.681 D/        ( 5090): [---null: -1---]  1111222  mLongAxisStartPadding110
05-20 16:20:48.681 D/        ( 5090): [---null: -1---]  11112223  heightSpecSize1094
05-20 16:20:48.681 D/        ( 5090): [---null: -1---]  11112223  mLongAxisStartPadding110
05-20 16:20:48.681 D/        ( 5090): [---null: -1---]  11112223  mLongAxisEndPadding110
05-20 16:20:48.681 D/        ( 5090): [---null: -1---]  11112223  mRows4
05-20 16:20:48.721 E/QueryController( 5955): Got null root node from accessibility - Retrying...
05-20 16:20:48.721 D/        ( 5090): [---null: -1---]  xxd111  getPackageName  com.pekall.emdm.launcher
05-20 16:20:48.721 D/        ( 5090): [---null: -1---]  xxd111  getClassName  com.pekall.emdm.contacts.activities.PeopleActivity
05-20 16:20:48.728 D/        ( 5090): [---null: -1---]  xxd111  info.title  EmdmContacts ,count is 0
05-20 16:20:48.728 D/        ( 5090): [---null: -1---]  xxd111  getPackageName  com.pekall.emdm.launcher
05-20 16:20:48.728 D/        ( 5090): [---null: -1---]  xxd111  getClassName  com.pekall.emdm.browser.BrowserActivity
05-20 16:20:48.728 D/        ( 5090): [---null: -1---]  xxd111  info.title  Safe Browser ,count is 0
05-20 16:20:48.728 D/        ( 5090): [---null: -1---]  xxd111  getPackageName  com.pekall.emdm.launcher
05-20 16:20:48.728 D/        ( 5090): [---null: -1---]  xxd111  getClassName  com.pekall.emdm.launcher.ui.AboutActivity
05-20 16:20:48.736 D/        ( 5090): [---null: -1---]  xxd111  info.title  About ,count is 0
05-20 16:20:48.736 D/        ( 5090): [---null: -1---]  xxd111  getPackageName  com.pekall.emdm.launcher
05-20 16:20:48.736 D/        ( 5090): [---null: -1---]  xxd111  getClassName  com.pekall.emdm.launcher.ui.SettingActivity
05-20 16:20:48.736 D/        ( 5090): [---null: -1---]  xxd111  info.title  Setting ,count is 0
05-20 16:20:48.744 W/Parcel  ( 1661): Attempt to read object from Parcel 0x5dfd3dac at offset 200 that is not in the object list
05-20 16:20:48.744 V/l       ( 5090): Connected: com.pekall.exchange.ExchangeService
05-20 16:20:48.744 D/ExchangeService( 5090): !!! EAS ExchangeService, onStartCommand, startingUp = false, running = false
05-20 16:20:48.744 D/ExchangeService( 5090): to start secureStorageService now
05-20 16:20:48.744 W/ActivityManager(  374): Unable to start service Intent { act=pekall.intent.action.DOWNLOAD_APP (has extras) } U=0: not found
05-20 16:20:48.760 D/        ( 5090): [---null: -1---]  1111222  mLongAxisStartPadding110
05-20 16:20:48.760 V/l       ( 5090): Task setLogging completed; disconnecting
05-20 16:20:48.760 D/        ( 5090): [---null: -1---]  11112223  heightSpecSize1094
05-20 16:20:48.767 D/        ( 5090): [---null: -1---]  11112223  mLongAxisStartPadding110
05-20 16:20:48.767 D/        ( 5090): [---null: -1---]  11112223  mLongAxisEndPadding110
05-20 16:20:48.767 D/        ( 5090): [---null: -1---]  11112223  mRows4
05-20 16:20:48.775 D/        ( 5090): [---null: -1---]  1111222  mLongAxisStartPadding110
05-20 16:20:48.775 D/        ( 5090): [---null: -1---]  11112223  heightSpecSize1094
05-20 16:20:48.775 D/        ( 5090): [---null: -1---]  11112223  mLongAxisStartPadding110
05-20 16:20:48.775 D/        ( 5090): [---null: -1---]  11112223  mLongAxisEndPadding110
05-20 16:20:48.775 D/        ( 5090): [---null: -1---]  11112223  mRows4
05-20 16:20:48.814 V/a       ( 5090): Bind requested for task test
05-20 16:20:48.853 D/ExchangeService( 5090): Reconciling accounts...
05-20 16:20:48.853 V/a       ( 5090): Bind requested for task reconcileAccounts
05-20 16:20:48.853 V/a       ( 5090): Waiting for task reconcileAccounts to complete...
05-20 16:20:48.963 I/ActivityManager(  374): Displayed com.pekall.emdm.launcher/.Launcher: +2s998ms
05-20 16:20:48.978 D/        ( 5090): [---null: -1---]  1111222  mLongAxisStartPadding110
05-20 16:20:48.978 D/        ( 5090): [---null: -1---]  11112223  heightSpecSize1094
05-20 16:20:48.978 D/        ( 5090): [---null: -1---]  11112223  mLongAxisStartPadding110
05-20 16:20:48.978 D/        ( 5090): [---null: -1---]  11112223  mLongAxisEndPadding110
05-20 16:20:48.978 D/        ( 5090): [---null: -1---]  11112223  mRows4
05-20 16:20:48.978 D/        ( 5090): [---null: -1---]  1111222  mLongAxisStartPadding110
05-20 16:20:48.978 D/        ( 5090): [---null: -1---]  11112223  heightSpecSize1094
05-20 16:20:48.986 D/        ( 5090): [---null: -1---]  11112223  mLongAxisStartPadding110
05-20 16:20:48.994 D/        ( 5090): [---null: -1---]  11112223  mLongAxisEndPadding110
05-20 16:20:48.994 D/        ( 5090): [---null: -1---]  11112223  mRows4
05-20 16:20:48.994 D/        ( 5090): [---null: -1---]  1111222  mLongAxisStartPadding110
05-20 16:20:48.994 D/        ( 5090): [---null: -1---]  11112223  heightSpecSize1094
05-20 16:20:49.002 D/        ( 5090): [---null: -1---]  11112223  mLongAxisStartPadding110
05-20 16:20:49.002 D/        ( 5090): [---null: -1---]  11112223  mLongAxisEndPadding110
05-20 16:20:49.002 D/        ( 5090): [---null: -1---]  11112223  mRows4
05-20 16:20:49.002 D/        ( 5090): [---null: -1---]  1111222  mLongAxisStartPadding110
05-20 16:20:49.002 D/        ( 5090): [---null: -1---]  11112223  heightSpecSize1094
05-20 16:20:49.002 D/        ( 5090): [---null: -1---]  11112223  mLongAxisStartPadding110
05-20 16:20:49.002 D/        ( 5090): [---null: -1---]  11112223  mLongAxisEndPadding110
05-20 16:20:49.010 D/        ( 5090): [---null: -1---]  11112223  mRows4
05-20 16:20:49.010 D/        ( 5090): [---null: -1---]  1111222  mLongAxisStartPadding110
05-20 16:20:49.010 D/        ( 5090): [---null: -1---]  11112223  heightSpecSize1094
05-20 16:20:49.010 D/        ( 5090): [---null: -1---]  11112223  mLongAxisStartPadding110
05-20 16:20:49.010 D/        ( 5090): [---null: -1---]  11112223  mLongAxisEndPadding110
05-20 16:20:49.010 D/        ( 5090): [---null: -1---]  11112223  mRows4
05-20 16:20:49.010 D/        ( 5090): [---null: -1---]  1111222  mLongAxisStartPadding110
05-20 16:20:49.017 D/        ( 5090): [---null: -1---]  11112223  heightSpecSize1094
05-20 16:20:49.017 D/        ( 5090): [---null: -1---]  11112223  mLongAxisStartPadding110
05-20 16:20:49.017 D/        ( 5090): [---null: -1---]  11112223  mLongAxisEndPadding110
05-20 16:20:49.017 D/        ( 5090): [---null: -1---]  11112223  mRows4
05-20 16:20:49.017 D/        ( 5090): [---null: -1---]  1111222  mLongAxisStartPadding110
05-20 16:20:49.017 D/        ( 5090): [---null: -1---]  11112223  heightSpecSize1094
05-20 16:20:49.017 D/        ( 5090): [---null: -1---]  11112223  mLongAxisStartPadding110
05-20 16:20:49.017 D/        ( 5090): [---null: -1---]  11112223  mLongAxisEndPadding110
05-20 16:20:49.017 D/        ( 5090): [---null: -1---]  11112223  mRows4
05-20 16:20:49.017 D/        ( 5090): [---null: -1---]  1111222  mLongAxisStartPadding110
05-20 16:20:49.025 D/        ( 5090): [---null: -1---]  11112223  heightSpecSize1094
05-20 16:20:49.025 D/        ( 5090): [---null: -1---]  11112223  mLongAxisStartPadding110
05-20 16:20:49.025 D/        ( 5090): [---null: -1---]  11112223  mLongAxisEndPadding110
05-20 16:20:49.025 D/        ( 5090): [---null: -1---]  11112223  mRows4
05-20 16:20:49.025 D/        ( 5090): [---null: -1---]  1111222  mLongAxisStartPadding110
05-20 16:20:49.025 D/        ( 5090): [---null: -1---]  11112223  heightSpecSize1094
05-20 16:20:49.025 D/        ( 5090): [---null: -1---]  11112223  mLongAxisStartPadding110
05-20 16:20:49.025 D/        ( 5090): [---null: -1---]  11112223  mLongAxisEndPadding110
05-20 16:20:49.033 D/        ( 5090): [---null: -1---]  11112223  mRows4
05-20 16:20:49.033 D/        ( 5090): [---null: -1---]  1111222  mLongAxisStartPadding110
05-20 16:20:49.033 D/        ( 5090): [---null: -1---]  11112223  heightSpecSize1094
05-20 16:20:49.033 D/        ( 5090): [---null: -1---]  11112223  mLongAxisStartPadding110
05-20 16:20:49.033 D/        ( 5090): [---null: -1---]  11112223  mLongAxisEndPadding110
05-20 16:20:49.033 D/        ( 5090): [---null: -1---]  11112223  mRows4
05-20 16:20:49.064 W/IInputConnectionWrapper( 5090): showStatusIcon on inactive InputConnection
05-20 16:20:49.127 W/Settings( 5090): Setting data_roaming has moved from android.provider.Settings.System to android.provider.Settings.Global, returning read-only value.
05-20 16:20:49.142 V/a       ( 5090): Connected: com.pekall.semail.service.AccountServiceInternal
05-20 16:20:49.142 V/a       ( 5090): Connected: com.pekall.semail.service.AccountServiceInternal
05-20 16:20:49.142 V/a       ( 5090): Task reconcileAccounts completed; disconnecting
05-20 16:20:49.142 V/a       ( 5090): Wait for reconcileAccounts finished in 292ms
05-20 16:20:49.150 V/a       ( 5090): Connection test succeeded in 335ms
05-20 16:20:49.150 V/a       ( 5090): Task test completed; disconnecting
05-20 16:20:49.150 D/ExchangeService( 5090): !!! EAS ExchangeService, stopping self
05-20 16:20:49.158 D/ExchangeService( 5090): !!! EAS ExchangeService, onDestroy
05-20 16:20:51.385 D/CommandManager( 5090): [null:-1]->requestType: DeviceInformation
05-20 16:20:51.463 W/Parcel  ( 1661): Attempt to read object from Parcel 0x5dfd3dac at offset 200 that is not in the object list
05-20 16:20:51.588 D/MdmDatabaseHelper( 5090): [null:-1]->update command 04f2593e-ded9-455b-a5d2-e5d716b5fa4e to commandStatus <?xml version="1.0" encoding="UTF-8"?>
05-20 16:20:51.588 D/MdmDatabaseHelper( 5090): <!DOCTYPE plist PUBLIC "-//Apple//DTD PLIST 1.0//EN" "http://www.apple.com/DTDs/PropertyList-1.0.dtd">
05-20 16:20:51.588 D/MdmDatabaseHelper( 5090): <plist version="1.0">
05-20 16:20:51.588 D/MdmDatabaseHelper( 5090): <dict>
05-20 16:20:51.588 D/MdmDatabaseHelper( 5090): 	<key>QueryResponses</key>
05-20 16:20:51.588 D/MdmDatabaseHelper( 5090): 	<dict>
05-20 16:20:51.588 D/MdmDatabaseHelper( 5090): 		<key>deviceId</key>
05-20 16:20:51.588 D/MdmDatabaseHelper( 5090): 		<string>00013fbc8ecec5b90000014613abe64a</string>
05-20 16:20:51.588 D/MdmDatabaseHelper( 5090): 		<key>deviceSecurityStatus</key>
05-20 16:20:51.588 D/MdmDatabaseHelper( 5090): 		<string>root</string>
05-20 16:20:51.588 D/MdmDatabaseHelper( 5090): 		<key>diskTotal</key>
05-20 16:20:51.588 D/MdmDatabaseHelper( 5090): 		<string>0.0</string>
05-20 16:20:51.588 D/MdmDatabaseHelper( 5090): 		<key>diskUsed</key>
05-20 16:20:51.588 D/MdmDatabaseHelper( 5090): 		<string>0.0</string>
05-20 16:20:51.588 D/MdmDatabaseHelper( 5090): 		<key>displaySize</key>
05-20 16:20:51.588 D/MdmDatabaseHelper( 5090): 		<string>720x1184</string>
05-20 16:20:51.588 D/MdmDatabaseHelper( 5090): 		<key>freeDiskSize</key>
05-20 16:20:51.588 D/MdmDatabaseHelper( 5090): 		<integer>0</integer>
05-20 16:20:51.588 D/MdmDatabaseHelper( 5090): 		<key>freeRamSize</key>
05-20 16:20:51.588 D/MdmDatabaseHelper( 5090): 		<integer>30019584</integer>
05-20 16:20:51.588 D/MdmDatabaseHelper( 5090): 		<key>language</key>
05-20 16:20:51.588 D/MdmDatabaseHelper( 5090): 		<string>en-US</string>
05-20 16:20:51.588 D/MdmDatabaseHelper( 5090): 		<key>netSpeed</key>
05-20 16:20:51.588 D/MdmDatabaseHelper( 5090): 		<dict>
05-20 16:20:51.588 D/MdmDatabaseHelper( 5090): 			<key>downlink</key>
05-20 16:20:51.588 D/MdmDatabaseHelper( 5090): 			<real>7940686.333333333</real>
05-20 16:20:51.588 D/MdmDatabaseHelper( 5090): 			<key>uplink</key>
05-20 16:20:51.588 D/MdmDatabaseHelper( 5090): 			<real>6108863.333333333</real>
05-20 16:20:51.588 D/MdmDatabaseHelper( 5090): 		</dict>
05-20 16:20:51.588 D/MdmDatabaseHelper( 5090): 		<key>ramTotal</key>
05-20 16:20:51.588 D/MdmDatabaseHelper( 5090): 		<string>728023040</string>
05-20 16:20:51.588 D/MdmDatabaseHelper( 5090): 		<key>ramUsed</key>
05-20 16:20:51.588 D/MdmDatabaseHelper( 5090): 		<string>698003456</string>
05-20 16:20:51.588 D/MdmDatabaseHelper( 5090): 		<key>trafficBytes</key>
05-20 16:20:51.588 D/MdmDatabaseHelper( 5090): 		<integer>0</integer>
05-20 16:20:51.588 D/MdmDatabaseHelper( 5090): 		<key>AvailableDeviceCapacity</key>
05-20 16:20:51.588 D/MdmDatabaseHelper( 5090): 		<real>1.3423892E7</real>
05-20 16:20:51.588 D/MdmDatabaseHelper( 5090): 		<key>BuildVersion</key>
05-20 16:20:51.588 D/MdmDatabaseHelper( 5090): 		<string>REL</string>
05-20 16:20:51.588 D/MdmDatabaseHelper( 5090): 		<key>CanDisableSystemFunction</key>
05-20 16:20:51.588 D/MdmDatabaseHelper( 5090): 		<false/>
05-20 16:20:51.588 D/MdmDatabaseHelper( 5090): 		<key>CellularTechnology</key>
05-20 16:20:51.588 D/MdmDatabaseHelper( 5090): 		<integer>3</integer>
05-20 16:20:51.588 D/MdmDatabaseHelper( 5090): 		<key>CurrentCarrierNetwork</key>
05-20 16:20:51.588 D/MdmDatabaseHelper( 5090): 		<string></string>
05-20 16:20:51.588 D/MdmDatabaseHelper( 5090): 		<key>CurrentMCC</key>
05-20 16:20:51.588 D/MdmDatabaseHelper( 5090): 		<string>cn</string>
05-20 16:20:51.588 D/MdmDatabaseHelper( 5090): 		<key>CurrentMNC</key>
05-20 16:20:51.588 D/MdmDatabaseHelper( 5090): 		<string>46001</string>
05-20 16:20:51.588 D/MdmDatabaseHelper( 5090): 		<key>DataRoamingEnabled</key>
05-20 16:20:51.588 D/MdmDatabaseHelper( 5090): 		<false/>
05-20 16:20:51.588 D/MdmDatabaseHelper( 5090): 		<key>DeviceCapacity</key>
05-20 16:20:51.588 D/MdmDatabaseHelper( 5090): 		<real>1.3975888E7</real>
05-20 16:20:51.588 D/MdmDatabaseHelper( 5090): 		<key>HasSamsungSafeAPI</key>
05-20 16:20:51.588 D/MdmDatabaseHelper( 5090): 		<false/>
05-20 16:20:51.588 D/MdmDatabaseHelper( 5090): 		<key>ICCID</key>
05-20 16:20:51.588 D/MdmDatabaseHelper( 5090): 		<string></string>
05-20 16:20:51.588 D/MdmDatabaseHelper( 5090): 		<key>IMEI</key>
05-20 16:20:51.588 D/MdmDatabaseHelper( 5090): 		<string>351554059027897</string>
05-20 16:20:51.588 D/MdmDatabaseHelper( 5090): 		<key>IsRoaming</key>
05-20 16:20:51.588 D/MdmDatabaseHelper( 5090): 		<false/>
05-20 16:20:51.588 D/MdmDatabaseHelper( 5090): 		<key>Model</key>
05-20 16:20:51.588 D/MdmDatabaseHelper( 5090): 		<string>Galaxy Nexus</string>
05-20 16:20:51.588 D/MdmDatabaseHelper( 5090): 		<key>OSVersion</key>
05-20 16:20:51.588 D/MdmDatabaseHelper( 5090): 		<string>4.3</string>
05-20 16:20:51.588 D/MdmDatabaseHelper( 5090): 		<key>PhoneNumber</key>
05-20 16:20:51.588 D/MdmDatabaseHelper( 5090): 		<string>0</string>
05-20 16:20:51.588 D/MdmDatabaseHelper( 5090): 		<key>ProductName</key>
05-20 16:20:51.588 D/MdmDatabaseHelper( 5090): 		<string>yakju</string>
05-20 16:20:51.588 D/MdmDatabaseHelper( 5090): 		<key>SIMCarrierNetwork</key>
05-20 16:20:51.588 D/MdmDatabaseHelper( 5090): 		<string></string>
05-20 16:20:51.588 D/MdmDatabaseHelper( 5090): 		<key>SerialNumber</key>
05-20 16:20:51.588 D/MdmDatabaseHelper( 5090): 		<string>014E0FFF06015018</string>
05-20 16:20:51.588 D/MdmDatabaseHelper( 5090): 		<key>UDID</key>
05-20 16:20:51.588 D/MdmDatabaseHelper( 5090): 		<string>00013fbc8ecec5b90000014613abe64a</string>
05-20 16:20:51.588 D/MdmDatabaseHelper( 5090): 		<key>WiFiMAC</key>
05-20 16:20:51.588 D/MdmDatabaseHelper( 5090): 		<string>20:64:32:7a:19:48</string>
05-20 16:20:51.588 D/MdmDatabaseHelper( 5090): 	</dict>
05-20 16:20:51.588 D/MdmDatabaseHelper( 5090): 	<key>CommandUUID</key>
05-20 16:20:51.588 D/MdmDatabaseHelper( 5090): 	<string>04f2593e-ded9-455b-a5d2-e5d716b5fa4e</string>
05-20 16:20:51.588 D/MdmDatabaseHelper( 5090): 	<key>Status</key>
05-20 16:20:51.588 D/MdmDatabaseHelper( 5090): 	<string>Acknowledged</string>
05-20 16:20:51.588 D/MdmDatabaseHelper( 5090): 	<key>UDID</key>
05-20 16:20:51.588 D/MdmDatabaseHelper( 5090): 	<string>00013fbc8ecec5b90000014613abe64a</string>
05-20 16:20:51.588 D/MdmDatabaseHelper( 5090): </dict>
05-20 16:20:51.588 D/MdmDatabaseHelper( 5090): </plist>
05-20 16:20:51.736 D/dalvikvm( 1661): GC_CONCURRENT freed 1338K, 18% free 13137K/15888K, paused 2ms+15ms, total 88ms
05-20 16:20:51.752 I/TransInfo( 5090): TransInfo created, id: 3, class: class com.pekall.emdm.transaction.c.b
05-20 16:20:51.752 D/NetworkThread( 5090): [null:-1]->----isRunning-----true
05-20 16:20:51.752 D/NetworkThread( 5090): [null:-1]->----isRunning-----true
05-20 16:20:51.752 D/NetworkThread( 5090): [null:-1]->thread wakeup
05-20 16:20:51.760 D/NetworkThread( 5090): [null:-1]->sendHttpPost:PostRequest, url: http://192.168.10.21/rest/mdm/v1/ios/android_server, Params: [content:<?xml version="1.0" encoding="UTF-8"?>
05-20 16:20:51.760 D/NetworkThread( 5090): <!DOCTYPE plist PUBLIC "-//Apple//DTD PLIST 1.0//EN" "http://www.apple.com/DTDs/PropertyList-1.0.dtd">
05-20 16:20:51.760 D/NetworkThread( 5090): <plist version="1.0">
05-20 16:20:51.760 D/NetworkThread( 5090): <dict>
05-20 16:20:51.760 D/NetworkThread( 5090): 	<key>QueryResponses</key>
05-20 16:20:51.760 D/NetworkThread( 5090): 	<dict>
05-20 16:20:51.760 D/NetworkThread( 5090): 		<key>deviceId</key>
05-20 16:20:51.760 D/NetworkThread( 5090): 		<string>00013fbc8ecec5b90000014613abe64a</string>
05-20 16:20:51.760 D/NetworkThread( 5090): 		<key>deviceSecurityStatus</key>
05-20 16:20:51.760 D/NetworkThread( 5090): 		<string>root</string>
05-20 16:20:51.760 D/NetworkThread( 5090): 		<key>diskTotal</key>
05-20 16:20:51.760 D/NetworkThread( 5090): 		<string>0.0</string>
05-20 16:20:51.760 D/NetworkThread( 5090): 		<key>diskUsed</key>
05-20 16:20:51.760 D/NetworkThread( 5090): 		<string>0.0</string>
05-20 16:20:51.760 D/NetworkThread( 5090): 		<key>displaySize</key>
05-20 16:20:51.760 D/NetworkThread( 5090): 		<string>720x1184</string>
05-20 16:20:51.760 D/NetworkThread( 5090): 		<key>freeDiskSize</key>
05-20 16:20:51.760 D/NetworkThread( 5090): 		<integer>0</integer>
05-20 16:20:51.760 D/NetworkThread( 5090): 		<key>freeRamSize</key>
05-20 16:20:51.760 D/NetworkThread( 5090): 		<integer>30019584</integer>
05-20 16:20:51.760 D/NetworkThread( 5090): 		<key>language</key>
05-20 16:20:51.760 D/NetworkThread( 5090): 		<string>en-US</string>
05-20 16:20:51.760 D/NetworkThread( 5090): 		<key>netSpeed</key>
05-20 16:20:51.760 D/NetworkThread( 5090): 		<dict>
05-20 16:20:51.760 D/NetworkThread( 5090): 			<key>downlink</key>
05-20 16:20:51.760 D/NetworkThread( 5090): 			<real>7940686.333333333</real>
05-20 16:20:51.760 D/NetworkThread( 5090): 			<key>uplink</key>
05-20 16:20:51.760 D/NetworkThread( 5090): 			<real>6108863.333333333</real>
05-20 16:20:51.760 D/NetworkThread( 5090): 		</dict>
05-20 16:20:51.760 D/NetworkThread( 5090): 		<key>ramTotal</key>
05-20 16:20:51.760 D/NetworkThread( 5090): 		<string>728023040</string>
05-20 16:20:51.760 D/NetworkThread( 5090): 		<key>ramUsed</key>
05-20 16:20:51.760 D/NetworkThread( 5090): 		<string>698003456</string>
05-20 16:20:51.760 D/NetworkThread( 5090): 		<key>trafficBytes</key>
05-20 16:20:51.760 D/NetworkThread( 5090): 		<integer>0</integer>
05-20 16:20:51.760 D/NetworkThread( 5090): 		<key>AvailableDeviceCapacity</key>
05-20 16:20:51.760 D/NetworkThread( 5090): 		<real>1.3423892E7</real>
05-20 16:20:51.760 D/NetworkThread( 5090): 		<key>BuildVersion</key>
05-20 16:20:51.760 D/NetworkThread( 5090): 		<string>REL</string>
05-20 16:20:51.760 D/NetworkThread( 5090): 		<key>CanDisableSystemFunction</key>
05-20 16:20:51.760 D/NetworkThread( 5090): 		<false/>
05-20 16:20:51.760 D/NetworkThread( 5090): 		<key>CellularTechnology</key>
05-20 16:20:51.760 D/NetworkThread( 5090): 		<integer>3</integer>
05-20 16:20:51.760 D/NetworkThread( 5090): 		<key>CurrentCarrierNetwork</key>
05-20 16:20:51.760 D/NetworkThread( 5090): 		<string></string>
05-20 16:20:51.760 D/NetworkThread( 5090): 		<key>CurrentMCC</key>
05-20 16:20:51.760 D/NetworkThread( 5090): 		<string>cn</string>
05-20 16:20:51.760 D/NetworkThread( 5090): 		<key>CurrentMNC</key>
05-20 16:20:51.760 D/NetworkThread( 5090): 		<string>46001</string>
05-20 16:20:51.760 D/NetworkThread( 5090): 		<key>DataRoamingEnabled</key>
05-20 16:20:51.760 D/NetworkThread( 5090): 		<false/>
05-20 16:20:51.760 D/NetworkThread( 5090): 		<key>DeviceCapacity</key>
05-20 16:20:51.760 D/NetworkThread( 5090): 		<real>1.3975888E7</real>
05-20 16:20:51.760 D/NetworkThread( 5090): 		<key>HasSamsungSafeAPI</key>
05-20 16:20:51.760 D/NetworkThread( 5090): 		<false/>
05-20 16:20:51.760 D/NetworkThread( 5090): 		<key>ICCID</key>
05-20 16:20:51.760 D/NetworkThread( 5090): 		<string></string>
05-20 16:20:51.760 D/NetworkThread( 5090): 		<key>IMEI</key>
05-20 16:20:51.760 D/NetworkThread( 5090): 		<string>351554059027897</string>
05-20 16:20:51.760 D/NetworkThread( 5090): 		<key>IsRoaming</key>
05-20 16:20:51.760 D/NetworkThread( 5090): 		<false/>
05-20 16:20:51.760 D/NetworkThread( 5090): 		<key>Model</key>
05-20 16:20:51.760 D/NetworkThread( 5090): 		<string>Galaxy Nexus</string>
05-20 16:20:51.760 D/NetworkThread( 5090): 		<key>OSVersion</key>
05-20 16:20:51.760 D/NetworkThread( 5090): 		<string>4.3</string>
05-20 16:20:51.760 D/NetworkThread( 5090): 		<key>PhoneNumber</key>
05-20 16:20:51.760 D/NetworkThread( 5090): 		<string>0</string>
05-20 16:20:51.760 D/NetworkThread( 5090): 		<key>ProductName</key>
05-20 16:20:51.760 D/NetworkThread( 5090): 		<string>yakju</string>
05-20 16:20:51.760 D/NetworkThread( 5090): 		<key>SIMCarrierNetwork</key>
05-20 16:20:51.760 D/NetworkThread( 5090): 		<string></string>
05-20 16:20:51.760 D/NetworkThread( 5090): 		<key>SerialNumber</key>
05-20 16:20:51.760 D/NetworkThread( 5090): 		<string>014E0FFF06015018</string>
05-20 16:20:51.760 D/NetworkThread( 5090): 		<key>UDID</key>
05-20 16:20:51.760 D/NetworkThread( 5090): 		<string>00013fbc8ecec5b90000014613abe64a</string>
05-20 16:20:51.760 D/NetworkThread( 5090): 		<key>WiFiMAC</key>
05-20 16:20:51.760 D/NetworkThread( 5090): 		<string>20:64:32:7a:19:48</string>
05-20 16:20:51.760 D/NetworkThread( 5090): 	</dict>
05-20 16:20:51.760 D/NetworkThread( 5090): 	<key>CommandUUID</key>
05-20 16:20:51.760 D/NetworkThread( 5090): 	<string>04f2593e-ded9-455b-a5d2-e5d716b5fa4e</string>
05-20 16:20:51.760 D/NetworkThread( 5090): 	<key>Status</key>
05-20 16:20:51.760 D/NetworkThread( 5090): 	<string>Acknowledged</string>
05-20 16:20:51.760 D/NetworkThread( 5090): 	<key>UDID</key>
05-20 16:20:51.760 D/NetworkThread( 5090): 	<string>00013fbc8ecec5b90000014613abe64a</string>
05-20 16:20:51.760 D/NetworkThread( 5090): </dict>
05-20 16:20:51.760 D/NetworkThread( 5090): </plist>], 
05-20 16:20:51.760 D/HttpClient( 5090): enable apache.http debug
05-20 16:20:51.767 V/DEBUG   ( 5090): HTTP 0
05-20 16:20:51.783 D/dalvikvm( 5955): GC_FOR_ALLOC freed 7534K, 92% free 656K/8192K, paused 27ms, total 27ms
05-20 16:20:51.885 D/dalvikvm( 5955): GC_CONCURRENT freed 411K, 93% free 649K/8192K, paused 0ms+0ms, total 5ms
05-20 16:20:52.002 D/dalvikvm( 5955): GC_CONCURRENT freed 408K, 56% free 650K/1448K, paused 0ms+1ms, total 15ms
05-20 16:20:52.103 D/dalvikvm( 5955): GC_CONCURRENT freed 392K, 55% free 666K/1448K, paused 0ms+0ms, total 4ms
05-20 16:20:52.119 D/MDM :   ( 5090): [null:-1]->statusCode : 200
05-20 16:20:52.135 D/MDM :   ( 5090): [null:-1]->statusCode : 200
05-20 16:20:52.135 V/DEBUG   ( 5090): HTTP 1
05-20 16:20:52.150 D/MDM :   ( 5090): [null:-1]->read network input stream
05-20 16:20:52.213 D/MDM :   ( 5090): [null:-1]->Get joson string: <?xml version="1.0" encoding="UTF-8"?>
05-20 16:20:52.213 D/MDM :   ( 5090): <!DOCTYPE plist PUBLIC "-//Apple//DTD PLIST 1.0//EN" "http://www.apple.com/DTDs/PropertyList-1.0.dtd">
05-20 16:20:52.213 D/MDM :   ( 5090): <plist version="1.0">
05-20 16:20:52.213 D/MDM :   ( 5090): <dict>
05-20 16:20:52.213 D/MDM :   ( 5090): 	<key>CommandUUID</key>
05-20 16:20:52.213 D/MDM :   ( 5090): 	<string>d49ad6fe-418f-4fa1-9f6f-417f395a58f0</string>
05-20 16:20:52.213 D/MDM :   ( 5090): 	<key>Command</key>
05-20 16:20:52.213 D/MDM :   ( 5090): 	<dict>
05-20 16:20:52.213 D/MDM :   ( 5090): 		<key>RequestType</key>
05-20 16:20:52.213 D/MDM :   ( 5090): 		<string>ManagedApplicationList</string>
05-20 16:20:52.213 D/MDM :   ( 5090): 	</dict>
05-20 16:20:52.213 D/MDM :   ( 5090): </dict>
05-20 16:20:52.213 D/MDM :   ( 5090): </plist>
05-20 16:20:52.221 D/dalvikvm( 5955): GC_CONCURRENT freed 408K, 54% free 666K/1448K, paused 1ms+0ms, total 7ms
05-20 16:20:52.283 D/MdmDatabaseHelper( 5090): [null:-1]->update command 04f2593e-ded9-455b-a5d2-e5d716b5fa4e to status executed
05-20 16:20:52.306 D/CheckInTransInfo( 5090): [null:-1]->CommandMsg : CommandMsg{CommandUUID='d49ad6fe-418f-4fa1-9f6f-417f395a58f0', Command=CommandObject{RequestType='ManagedApplicationList'}}
05-20 16:20:52.330 D/dalvikvm( 5955): GC_CONCURRENT freed 407K, 54% free 666K/1448K, paused 1ms+0ms, total 6ms
05-20 16:20:52.353 D/NetworkThread( 5090): [null:-1]->clear mCurrentTransInfo
05-20 16:20:52.353 D/NetworkThread( 5090): [null:-1]->queue is empty, thread wait...
05-20 16:20:52.447 D/dalvikvm( 5955): GC_CONCURRENT freed 408K, 54% free 666K/1448K, paused 2ms+1ms, total 7ms
05-20 16:20:52.455 D/MdmService( 5090): [null:-1]->handleCheckInResult
05-20 16:20:52.455 D/MdmService( 5090): [null:-1]->handleCheckInResult result keyIndex: 3
05-20 16:20:52.455 D/CommandManager( 5090): [null:-1]->execute command: CommandMsg{CommandUUID='d49ad6fe-418f-4fa1-9f6f-417f395a58f0', Command=CommandObject{RequestType='ManagedApplicationList'}}
05-20 16:20:52.463 D/CommandManager( 5090): [null:-1]->requestType: ManagedApplicationList
05-20 16:20:52.549 D/dalvikvm( 5955): GC_CONCURRENT freed 408K, 54% free 666K/1448K, paused 1ms+0ms, total 5ms
05-20 16:20:52.549 W/Parcel  ( 1661): Attempt to read object from Parcel 0x5ef3bdac at offset 200 that is not in the object list
05-20 16:20:52.666 D/dalvikvm( 5955): GC_CONCURRENT freed 408K, 54% free 666K/1448K, paused 1ms+1ms, total 6ms
05-20 16:20:52.674 D/MdmDatabaseHelper( 5090): [null:-1]->update command d49ad6fe-418f-4fa1-9f6f-417f395a58f0 to commandStatus <?xml version="1.0" encoding="UTF-8"?>
05-20 16:20:52.674 D/MdmDatabaseHelper( 5090): <!DOCTYPE plist PUBLIC "-//Apple//DTD PLIST 1.0//EN" "http://www.apple.com/DTDs/PropertyList-1.0.dtd">
05-20 16:20:52.674 D/MdmDatabaseHelper( 5090): <plist version="1.0">
05-20 16:20:52.674 D/MdmDatabaseHelper( 5090): <dict>
05-20 16:20:52.674 D/MdmDatabaseHelper( 5090): 	<key>ManagedApplicationList</key>
05-20 16:20:52.674 D/MdmDatabaseHelper( 5090): 	<dict>
05-20 16:20:52.674 D/MdmDatabaseHelper( 5090): 	</dict>
05-20 16:20:52.674 D/MdmDatabaseHelper( 5090): 	<key>CommandUUID</key>
05-20 16:20:52.674 D/MdmDatabaseHelper( 5090): 	<string>d49ad6fe-418f-4fa1-9f6f-417f395a58f0</string>
05-20 16:20:52.674 D/MdmDatabaseHelper( 5090): 	<key>Status</key>
05-20 16:20:52.674 D/MdmDatabaseHelper( 5090): 	<string>Acknowledged</string>
05-20 16:20:52.674 D/MdmDatabaseHelper( 5090): 	<key>UDID</key>
05-20 16:20:52.674 D/MdmDatabaseHelper( 5090): 	<string>00013fbc8ecec5b90000014613abe64a</string>
05-20 16:20:52.674 D/MdmDatabaseHelper( 5090): </dict>
05-20 16:20:52.674 D/MdmDatabaseHelper( 5090): </plist>
05-20 16:20:52.767 D/dalvikvm( 5955): GC_CONCURRENT freed 408K, 54% free 666K/1448K, paused 1ms+0ms, total 6ms
05-20 16:20:52.791 I/TransInfo( 5090): TransInfo created, id: 3, class: class com.pekall.emdm.transaction.c.b
05-20 16:20:52.791 D/NetworkThread( 5090): [null:-1]->----isRunning-----true
05-20 16:20:52.791 D/NetworkThread( 5090): [null:-1]->----isRunning-----true
05-20 16:20:52.791 D/NetworkThread( 5090): [null:-1]->thread wakeup
05-20 16:20:52.791 D/NetworkThread( 5090): [null:-1]->sendHttpPost:PostRequest, url: http://192.168.10.21/rest/mdm/v1/ios/android_server, Params: [content:<?xml version="1.0" encoding="UTF-8"?>
05-20 16:20:52.791 D/NetworkThread( 5090): <!DOCTYPE plist PUBLIC "-//Apple//DTD PLIST 1.0//EN" "http://www.apple.com/DTDs/PropertyList-1.0.dtd">
05-20 16:20:52.791 D/NetworkThread( 5090): <plist version="1.0">
05-20 16:20:52.791 D/NetworkThread( 5090): <dict>
05-20 16:20:52.791 D/NetworkThread( 5090): 	<key>ManagedApplicationList</key>
05-20 16:20:52.791 D/NetworkThread( 5090): 	<dict>
05-20 16:20:52.791 D/NetworkThread( 5090): 	</dict>
05-20 16:20:52.791 D/NetworkThread( 5090): 	<key>CommandUUID</key>
05-20 16:20:52.791 D/NetworkThread( 5090): 	<string>d49ad6fe-418f-4fa1-9f6f-417f395a58f0</string>
05-20 16:20:52.791 D/NetworkThread( 5090): 	<key>Status</key>
05-20 16:20:52.791 D/NetworkThread( 5090): 	<string>Acknowledged</string>
05-20 16:20:52.791 D/NetworkThread( 5090): 	<key>UDID</key>
05-20 16:20:52.791 D/NetworkThread( 5090): 	<string>00013fbc8ecec5b90000014613abe64a</string>
05-20 16:20:52.791 D/NetworkThread( 5090): </dict>
05-20 16:20:52.791 D/NetworkThread( 5090): </plist>], 
05-20 16:20:52.791 D/HttpClient( 5090): enable apache.http debug
05-20 16:20:52.806 V/DEBUG   ( 5090): HTTP 0
05-20 16:20:52.877 D/dalvikvm( 5955): GC_CONCURRENT freed 408K, 54% free 666K/1448K, paused 1ms+0ms, total 6ms
05-20 16:20:52.978 D/dalvikvm( 5955): GC_CONCURRENT freed 407K, 54% free 666K/1448K, paused 2ms+0ms, total 6ms
05-20 16:20:53.080 D/dalvikvm( 5955): GC_CONCURRENT freed 408K, 54% free 666K/1448K, paused 1ms+0ms, total 6ms
05-20 16:20:53.181 D/dalvikvm( 5955): GC_CONCURRENT freed 408K, 54% free 666K/1448K, paused 1ms+0ms, total 6ms
05-20 16:20:53.283 D/dalvikvm( 5955): GC_CONCURRENT freed 408K, 54% free 666K/1448K, paused 1ms+0ms, total 6ms
05-20 16:20:53.377 D/dalvikvm( 5955): GC_CONCURRENT freed 408K, 54% free 666K/1448K, paused 0ms+0ms, total 5ms
05-20 16:20:53.431 D/MDM :   ( 5090): [null:-1]->statusCode : 200
05-20 16:20:53.439 D/MDM :   ( 5090): [null:-1]->statusCode : 200
05-20 16:20:53.439 V/DEBUG   ( 5090): HTTP 1
05-20 16:20:53.471 D/MDM :   ( 5090): [null:-1]->read network input stream
05-20 16:20:53.478 D/dalvikvm(  576): GC_CONCURRENT freed 2810K, 21% free 18088K/22700K, paused 2ms+18ms, total 78ms
05-20 16:20:53.525 D/dalvikvm( 5955): GC_CONCURRENT freed 408K, 54% free 666K/1448K, paused 2ms+0ms, total 7ms
05-20 16:20:53.541 D/MDM :   ( 5090): [null:-1]->Get joson string: <?xml version="1.0" encoding="UTF-8"?>
05-20 16:20:53.541 D/MDM :   ( 5090): <!DOCTYPE plist PUBLIC "-//Apple//DTD PLIST 1.0//EN" "http://www.apple.com/DTDs/PropertyList-1.0.dtd">
05-20 16:20:53.541 D/MDM :   ( 5090): <plist version="1.0">
05-20 16:20:53.541 D/MDM :   ( 5090): <dict>
05-20 16:20:53.541 D/MDM :   ( 5090): 	<key>CommandUUID</key>
05-20 16:20:53.541 D/MDM :   ( 5090): 	<string>679eac01-8843-4cda-98f2-dc9c7fb9a414</string>
05-20 16:20:53.541 D/MDM :   ( 5090): 	<key>Command</key>
05-20 16:20:53.541 D/MDM :   ( 5090): 	<dict>
05-20 16:20:53.541 D/MDM :   ( 5090): 		<key>RequestType</key>
05-20 16:20:53.541 D/MDM :   ( 5090): 		<string>InstalledApplicationList</string>
05-20 16:20:53.541 D/MDM :   ( 5090): 	</dict>
05-20 16:20:53.541 D/MDM :   ( 5090): </dict>
05-20 16:20:53.541 D/MDM :   ( 5090): </plist>
05-20 16:20:53.603 D/MdmDatabaseHelper( 5090): [null:-1]->update command d49ad6fe-418f-4fa1-9f6f-417f395a58f0 to status executed
05-20 16:20:53.635 D/dalvikvm( 5955): GC_CONCURRENT freed 408K, 54% free 666K/1448K, paused 2ms+1ms, total 7ms
05-20 16:20:53.674 D/CheckInTransInfo( 5090): [null:-1]->CommandMsg : CommandMsg{CommandUUID='679eac01-8843-4cda-98f2-dc9c7fb9a414', Command=CommandObject{RequestType='InstalledApplicationList'}}
05-20 16:20:53.697 D/NetworkThread( 5090): [null:-1]->clear mCurrentTransInfo
05-20 16:20:53.697 D/NetworkThread( 5090): [null:-1]->queue is empty, thread wait...
05-20 16:20:53.736 D/dalvikvm( 5955): GC_CONCURRENT freed 408K, 54% free 666K/1448K, paused 1ms+0ms, total 5ms
05-20 16:20:53.799 D/MdmService( 5090): [null:-1]->handleCheckInResult
05-20 16:20:53.799 D/MdmService( 5090): [null:-1]->handleCheckInResult result keyIndex: 3
05-20 16:20:53.799 D/CommandManager( 5090): [null:-1]->execute command: CommandMsg{CommandUUID='679eac01-8843-4cda-98f2-dc9c7fb9a414', Command=CommandObject{RequestType='InstalledApplicationList'}}
05-20 16:20:53.838 D/dalvikvm( 5955): GC_CONCURRENT freed 408K, 54% free 666K/1448K, paused 2ms+0ms, total 6ms
05-20 16:20:53.924 D/CommandManager( 5090): [null:-1]->requestType: InstalledApplicationList
05-20 16:20:53.971 D/dalvikvm( 5955): GC_CONCURRENT freed 408K, 54% free 666K/1448K, paused 1ms+0ms, total 7ms
05-20 16:20:54.002 W/Parcel  ( 1661): Attempt to read object from Parcel 0x6013bdac at offset 200 that is not in the object list
05-20 16:20:54.096 D/dalvikvm( 5955): GC_CONCURRENT freed 408K, 54% free 666K/1448K, paused 1ms+0ms, total 5ms
05-20 16:20:54.205 D/dalvikvm( 5955): GC_CONCURRENT freed 408K, 54% free 666K/1448K, paused 0ms+1ms, total 5ms
05-20 16:20:54.260 D/MdmDatabaseHelper( 5090): [null:-1]->update command 679eac01-8843-4cda-98f2-dc9c7fb9a414 to commandStatus <?xml version="1.0" encoding="UTF-8"?>
05-20 16:20:54.260 D/MdmDatabaseHelper( 5090): <!DOCTYPE plist PUBLIC "-//Apple//DTD PLIST 1.0//EN" "http://www.apple.com/DTDs/PropertyList-1.0.dtd">
05-20 16:20:54.260 D/MdmDatabaseHelper( 5090): <plist version="1.0">
05-20 16:20:54.260 D/MdmDatabaseHelper( 5090): <dict>
05-20 16:20:54.260 D/MdmDatabaseHelper( 5090): 	<key>InstalledApplicationList</key>
05-20 16:20:54.260 D/MdmDatabaseHelper( 5090): 	<array>
05-20 16:20:54.260 D/MdmDatabaseHelper( 5090): 		<dict>
05-20 16:20:54.260 D/MdmDatabaseHelper( 5090): 			<key>AppPermissions</key>
05-20 16:20:54.260 D/MdmDatabaseHelper( 5090): 			<array>
05-20 16:20:54.260 D/MdmDatabaseHelper( 5090): 				<string>android.permission.READ_LOGS</string>
05-20 16:20:54.260 D/MdmDatabaseHelper( 5090): 				<string>android.permission.WRITE_EXTERNAL_STORAGE</string>
05-20 16:20:54.260 D/MdmDatabaseHelper( 5090): 				<string>com.qihoo.root.RESPOND</string>
05-20 16:20:54.260 D/MdmDatabaseHelper( 5090): 				<string>com.qihoo.root.provider.READ</string>
05-20 16:20:54.260 D/MdmDatabaseHelper( 5090): 				<string>com.qihoo.root.provider.WRITE</string>
05-20 16:20:54.260 D/MdmDatabaseHelper( 5090): 				<string>android.permission.INTERNET</string>
05-20 16:20:54.260 D/MdmDatabaseHelper( 5090): 				<string>android.permission.ACCESS_NETWORK_STATE</string>
05-20 16:20:54.260 D/MdmDatabaseHelper( 5090): 				<string>android.permission.INSTALL_PACKAGES</string>
05-20 16:20:54.260 D/MdmDatabaseHelper( 5090): 				<string>android.permission.KILL_BACKGROUND_PROCESSES</string>
05-20 16:20:54.260 D/MdmDatabaseHelper( 5090): 				<string>android.permission.RESTART_PACKAGES</string>
05-20 16:20:54.260 D/MdmDatabaseHelper( 5090): 				<string>android.permission.READ_PHONE_STATE</string>
05-20 16:20:54.260 D/MdmDatabaseHelper( 5090): 				<string>android.permission.DELETE_PACKAGES</string>
05-20 16:20:54.260 D/MdmDatabaseHelper( 5090): 				<string>android.permission.READ_EXTERNAL_STORAGE</string>
05-20 16:20:54.260 D/MdmDatabaseHelper( 5090): 			</array>
05-20 16:20:54.260 D/MdmDatabaseHelper( 5090): 			<key>Version</key>
05-20 16:20:54.260 D/MdmDatabaseHelper( 5090): 			<string>7</string>
05-20 16:20:54.260 D/MdmDatabaseHelper( 5090): 			<key>ShortVersion</key>
05-20 16:20:54.260 D/MdmDatabaseHelper( 5090): 			<string>6.0.1</string>
05-20 16:20:54.260 D/MdmDatabaseHelper( 5090): 			<key>Identifier</key>
05-20 16:20:54.260 D/MdmDatabaseHelper( 5090): 			<string>com.qihoo.root</string>
05-20 16:20:54.260 D/MdmDatabaseHelper( 5090): 			<key>Name</key>
05-20 16:20:54.260 D/MdmDatabaseHelper( 5090): 			<string>360</string>
05-20 16:20:54.260 D/MdmDatabaseHelper( 5090): 			<key>DynamicSize</key>
05-20 16:20:54.260 D/MdmDatabaseHelper( 5090): 			<integer>0</integer>
05-20 16:20:54.260 D/MdmDatabaseHelper( 5090): 			<key>BundleSize</key>
05-20 16:20:54.260 D/MdmDatabaseHelper( 5090): 			<integer>0</integer>
05-20 16:20:54.260 D/MdmDatabaseHelper( 5090): 		</dict>
05-20 16:20:54.260 D/MdmDatabaseHelper( 5090): 		<dict>
05-20 16:20:54.260 D/MdmDatabaseHelper( 5090): 			<key>AppPermissions</key>
05-20 16:20:54.260 D/MdmDatabaseHelper( 5090): 			<array>
05-20 16:20:54.260 D/MdmDatabaseHelper( 5090): 				<string>android.permission.ACCESS_FINE_LOCATION</string>
05-20 16:20:54.260 D/MdmDatabaseHelper( 5090): 				<string>android.permission.ACCESS_COARSE_LOCATION</string>
05-20 16:20:54.260 D/MdmDatabaseHelper( 5090): 				<string>android.permission.SYSTEM_ALERT_WINDOW</string>
05-20 16:20:54.260 D/MdmDatabaseHelper( 5090): 				<string>android.permission.RECEIVE_BOOT_COMPLETED</string>
05-20 16:20:54.260 D/MdmDatabaseHelper( 5090): 				<string>android.permission.CALL_PHONE</string>
05-20 16:20:54.260 D/MdmDatabaseHelper( 5090): 				<string>android.permission.PROCESS_OUTGOING_CALLS</string>
05-20 16:20:54.260 D/MdmDatabaseHelper( 5090): 				<string>android.permission.READ_CONTACTS</string>
05-20 16:20:54.260 D/MdmDatabaseHelper( 5090): 				<string>android.permission.WRITE_CONTACTS</string>
05-20 16:20:54.260 D/MdmDatabaseHelper( 5090): 				<string>android.permission.RECEIVE_SMS</string>
05-20 16:20:54.260 D/MdmDatabaseHelper( 5090): 				<string>android.permission.RECEIVE_MMS</string>
05-20 16:20:54.260 D/MdmDatabaseHelper( 5090): 				<string>android.permission.RECEIVE_WAP_PUSH</string>
05-20 16:20:54.260 D/MdmDatabaseHelper( 5090): 				<string>android.permission.INTERNET</string>
05-20 16:20:54.260 D/MdmDatabaseHelper( 5090): 				<string>android.permission.SEND_SMS</string>
05-20 16:20:54.260 D/MdmDatabaseHelper( 5090): 				<string>android.permission.READ_SMS</string>
05-20 16:20:54.260 D/MdmDatabaseHelper( 5090): 				<string>android.permission.WRITE_SMS</string>
05-20 16:20:54.260 D/MdmDatabaseHelper( 5090): 				<string>android.permission.READ_CALL_LOG</string>
05-20 16:20:54.260 D/MdmDatabaseHelper( 5090): 				<string>android.permission.WRITE_CALL_LOG</string>
05-20 16:20:54.260 D/MdmDatabaseHelper( 5090): 				<string>android.permission.ACCESS_NETWORK_STATE</string>
05-20 16:20:54.260 D/MdmDatabaseHelper( 5090): 				<string>android.permission.READ_PHONE_STATE</string>
05-20 16:20:54.260 D/MdmDatabaseHelper( 5090): 				<string>android.permission.MODIFY_PHONE_STATE</string>
05-20 16:20:54.260 D/MdmDatabaseHelper( 5090): 				<string>android.permission.MODIFY_AUDIO_SETTINGS</string>
05-20 16:20:54.260 D/MdmDatabaseHelper( 5090): 				<string>android.permission.VIBRATE</string>
05-20 16:20:54.260 D/MdmDatabaseHelper( 5090): 				<string>android.permission.BATTERY_STATS</string>
05-20 16:20:54.260 D/MdmDatabaseHelper( 5090): 				<string>android.permission.GET_PACKAGE_SIZE</string>
05-20 16:20:54.260 D/MdmDatabaseHelper( 5090): 				<string>com.android.launcher.permission.READ_SETTINGS</string>
05-20 16:20:54.260 D/MdmDatabaseHelper( 5090): 				<string>android.permission.WAKE_LOCK</string>
05-20 16:20:54.260 D/MdmDatabaseHelper( 5090): 				<string>android.permission.CHANGE_NETWORK_STATE</string>
05-20 16:20:54.260 D/MdmDatabaseHelper( 5090): 				<string>android.permission.WRITE_EXTERNAL_STORAGE</string>
05-20 16:20:54.260 D/MdmDatabaseHelper( 5090): 				<string>android.permission.RESTART_PACKAGES</string>
05-20 16:20:54.260 D/MdmDatabaseHelper( 5090): 				<string>android.permission.CHANGE_WIFI_STATE</string>
05-20 16:20:54.260 D/MdmDatabaseHelper( 5090): 				<string>android.permission.WRITE_SETTINGS</string>
05-20 16:20:54.260 D/MdmDatabaseHelper( 5090): 				<string>android.permission.WRITE_SECURE_SETTINGS</string>
05-20 16:20:54.260 D/MdmDatabaseHelper( 5090): 				<string>android.permission.READ_SYNC_SETTINGS</string>
05-20 16:20:54.260 D/MdmDatabaseHelper( 5090): 				<string>android.permission.WRITE_SYNC_SETTINGS</string>
05-20 16:20:54.260 D/MdmDatabaseHelper( 5090): 				<string>android.permission.WRITE_APN_SETTINGS</string>
05-20 16:20:54.260 D/MdmDatabaseHelper( 5090): 				<string>android.permission.BLUETOOTH_ADMIN</string>
05-20 16:20:54.260 D/MdmDatabaseHelper( 5090): 				<string>android.permission.RECORD_AUDIO</string>
05-20 16:20:54.260 D/MdmDatabaseHelper( 5090): 				<string>android.permission.READ_LOGS</string>
05-20 16:20:54.260 D/MdmDatabaseHelper( 5090): 				<string>com.android.launcher.permission.INSTALL_SHORTCUT</string>
05-20 16:20:54.260 D/MdmDatabaseHelper( 5090): 				<string>com.android.launcher.permission.UNINSTALL_SHORTCUT</string>
05-20 16:20:54.260 D/MdmDatabaseHelper( 5090): 				<string>android.permission.ACCESS_WIFI_STATE</string>
05-20 16:20:54.260 D/MdmDatabaseHelper( 5090): 				<string>android.permission.BLUETOOTH</string>
05-20 16:20:54.260 D/MdmDatabaseHelper( 5090): 				<string>android.permission.CLEAR_APP_CACHE</string>
05-20 16:20:54.260 D/MdmDatabaseHelper( 5090): 				<string>android.permission.GET_TASKS</string>
05-20 16:20:54.260 D/MdmDatabaseHelper( 5090): 				<string>android.permission.REORDER_TASKS</string>
05-20 16:20:54.260 D/MdmDatabaseHelper( 5090): 				<string>android.permission.GET_ACCOUNTS</strin
05-20 16:20:54.314 D/dalvikvm( 5955): GC_CONCURRENT freed 408K, 54% free 666K/1448K, paused 1ms+1ms, total 6ms
05-20 16:20:54.353 I/TransInfo( 5090): TransInfo created, id: 3, class: class com.pekall.emdm.transaction.c.b
05-20 16:20:54.353 D/NetworkThread( 5090): [null:-1]->----isRunning-----true
05-20 16:20:54.353 D/NetworkThread( 5090): [null:-1]->----isRunning-----true
05-20 16:20:54.353 D/NetworkThread( 5090): [null:-1]->thread wakeup
05-20 16:20:54.424 D/dalvikvm( 5955): GC_CONCURRENT freed 407K, 55% free 666K/1448K, paused 0ms+0ms, total 5ms
05-20 16:20:54.525 D/dalvikvm( 5955): GC_CONCURRENT freed 408K, 54% free 666K/1448K, paused 0ms+1ms, total 5ms
05-20 16:20:54.627 D/dalvikvm( 5090): JIT unchain all for threadid=11
05-20 16:20:54.635 D/dalvikvm( 5955): GC_CONCURRENT freed 408K, 54% free 666K/1448K, paused 1ms+0ms, total 6ms
05-20 16:20:54.760 D/dalvikvm( 5955): GC_CONCURRENT freed 408K, 54% free 666K/1448K, paused 0ms+0ms, total 5ms
05-20 16:20:54.869 D/dalvikvm( 5955): GC_CONCURRENT freed 408K, 55% free 664K/1448K, paused 2ms+0ms, total 6ms
05-20 16:20:54.971 D/dalvikvm( 5955): GC_CONCURRENT freed 423K, 56% free 649K/1448K, paused 0ms+1ms, total 4ms
05-20 16:20:55.041 D/dalvikvm( 5090): JIT unchain all for threadid=11
05-20 16:20:55.080 D/dalvikvm( 5955): GC_CONCURRENT freed 393K, 55% free 665K/1448K, paused 1ms+0ms, total 6ms
05-20 16:20:55.103 D/dalvikvm( 5090): GC_CONCURRENT freed 7029K, 26% free 31214K/41816K, paused 275ms+277ms, total 728ms
05-20 16:20:55.103 D/dalvikvm( 5090): WAIT_FOR_CONCURRENT_GC blocked 382ms
05-20 16:20:55.119 D/NetworkThread( 5090): [null:-1]->sendHttpPost:PostRequest, url: http://192.168.10.21/rest/mdm/v1/ios/android_server, Params: [content:<?xml version="1.0" encoding="UTF-8"?>
05-20 16:20:55.119 D/NetworkThread( 5090): <!DOCTYPE plist PUBLIC "-//Apple//DTD PLIST 1.0//EN" "http://www.apple.com/DTDs/PropertyList-1.0.dtd">
05-20 16:20:55.119 D/NetworkThread( 5090): <plist version="1.0">
05-20 16:20:55.119 D/NetworkThread( 5090): <dict>
05-20 16:20:55.119 D/NetworkThread( 5090): 	<key>InstalledApplicationList</key>
05-20 16:20:55.119 D/NetworkThread( 5090): 	<array>
05-20 16:20:55.119 D/NetworkThread( 5090): 		<dict>
05-20 16:20:55.119 D/NetworkThread( 5090): 			<key>AppPermissions</key>
05-20 16:20:55.119 D/NetworkThread( 5090): 			<array>
05-20 16:20:55.119 D/NetworkThread( 5090): 				<string>android.permission.READ_LOGS</string>
05-20 16:20:55.119 D/NetworkThread( 5090): 				<string>android.permission.WRITE_EXTERNAL_STORAGE</string>
05-20 16:20:55.119 D/NetworkThread( 5090): 				<string>com.qihoo.root.RESPOND</string>
05-20 16:20:55.119 D/NetworkThread( 5090): 				<string>com.qihoo.root.provider.READ</string>
