05-20 15:57:39.166 V/WindowManager(  374):   #9: Window{426f6f48 u0 com.android.launcher/com.android.launcher2.Launcher}
05-20 15:57:39.166 D/PhoneStatusBar(  448): disable: < expand icons alerts ticker system_info BACK HOME recent* CLOCK search* >
05-20 15:57:39.236 D/PhoneStatusBar(  448): disable: < expand icons alerts ticker system_info back* home* recent clock* search >
05-20 15:57:41.330 W/ActivityManager(  374):   Force finishing activity com.pekall.emdm.launcher/.Launcher
05-20 15:57:41.330 I/ActivityManager(  374): Killing ProcessRecord{426a4128 3795:com.pekall.emdm.launcher/u0a10066}: user's request
05-20 15:57:41.400 I/ActivityManager(  374): Process com.pekall.emdm.launcher (pid 3795) has died.
05-20 15:57:41.400 I/WindowState(  374): WIN DEATH: Window{429ae8a8 u0 com.pekall.emdm.launcher/com.pekall.emdm.ui.SplashActivity}
05-20 15:57:41.400 W/ActivityManager(  374): Scheduling restart of crashed service com.pekall.emdm.launcher/com.pekall.emdm.contacts.service.PhoneService in 5000ms
05-20 15:57:41.400 W/ActivityManager(  374): Scheduling restart of crashed service com.pekall.emdm.launcher/com.pekall.emdm.MdmService in 15000ms
05-20 15:57:41.549 W/InputMethodManagerService(  374): Got RemoteException sending setActive(false) notification to pid 3795 uid 10066
05-20 15:57:46.424 I/ActivityManager(  374): Start proc com.pekall.emdm.launcher for service com.pekall.emdm.launcher/com.pekall.emdm.contacts.service.PhoneService: pid=4418 uid=10066 gids={50066, 1015, 3002, 3001, 3003, 1028}
05-20 15:57:49.181 I/ActivityManager(  374): Start proc com.qihoo360.mobilesafe:remote for content provider com.qihoo360.mobilesafe/.shield.provider.EmptyProvider: pid=4448 uid=10069 gids={50069, 3003, 1015, 3001, 3002, 1006, 1028}
05-20 15:57:49.299 W/ActivityManager(  374): Unable to start service Intent { cmp=com.pekall.emdm.launcher/com.pekall.semail.service.AttachmentDownloadService } U=0: not found
05-20 15:58:01.533 I/EntropyMixer(  374): Writing entropy...
05-20 15:58:01.564 W/PowerUI (  448): unknown intent: Intent { act=android.intent.action.ACTION_POWER_CONNECTED flg=0x8000010 }
05-20 15:58:13.025 W/BroadcastQueue(  374): Timeout of broadcast BroadcastRecord{426fcb48 u0 com.pekall.mdm.action.MDM_ALARM} - receiver=android.os.BinderProxy@426d53c0, started 60009ms ago
05-20 15:58:13.025 W/BroadcastQueue(  374): Receiver during timeout: BroadcastFilter{42964938 u0 ReceiverList{42965078 3795 com.pekall.emdm.launcher/10066/u0 remote:426d53c0}}
05-20 15:58:31.533 I/PowerManagerService(  374): Going to sleep due to screen timeout...
05-20 15:58:37.283 D/PhoneStatusBar(  448): disable: < expand icons alerts ticker system_info back home RECENT* clock SEARCH* >
05-20 15:58:37.346 D/PhoneStatusBar(  448): disable: < expand icons alerts ticker system_info BACK* HOME* RECENT CLOCK* SEARCH >
05-20 15:59:16.377 I/PowerManagerService(  374): Waking up from sleep...
05-20 15:59:16.416 I/WindowManager(  374): Lock screen displayed!
05-20 15:59:17.525 D/PhoneStatusBar(  448): disable: < expand icons alerts ticker system_info BACK HOME recent* CLOCK search* >
05-20 15:59:17.603 D/PhoneStatusBar(  448): disable: < expand icons alerts ticker system_info back* home* recent clock* search >
05-20 15:59:17.611 W/InputMethodManagerService(  374): Window already focused, ignoring focus gain of: com.android.internal.view.IInputMethodClient$Stub$Proxy@428c2468 attribute=android.view.inputmethod.EditorInfo@426b2708, token = android.os.BinderProxy@42942f70
05-20 15:59:26.947 W/MountService(  374): getVolumeState(/storage/emulated/0/external_sd): Unknown volume
05-20 15:59:26.947 W/MountService(  374): getVolumeState(/mnt/sdcard-ext): Unknown volume
05-20 15:59:26.947 W/MountService(  374): getVolumeState(/mnt/ext_sdcard): Unknown volume
05-20 15:59:26.947 W/MountService(  374): getVolumeState(/mnt/sdcard2): Unknown volume
05-20 15:59:26.947 W/MountService(  374): getVolumeState(/mnt/emmc): Unknown volume
05-20 15:59:26.947 W/MountService(  374): getVolumeState(/mnt/extSdCard): Unknown volume
05-20 15:59:26.947 W/MountService(  374): getVolumeState(/mnt/sdcard/SD_CARD): Unknown volume
05-20 15:59:26.947 W/MountService(  374): getVolumeState(/mnt/sdcard/extra_sd): Unknown volume
05-20 15:59:26.947 W/MountService(  374): getVolumeState(/mnt/extrasd_bind): Unknown volume
05-20 15:59:26.947 W/MountService(  374): getVolumeState(/mnt/sdcard/ext_sd): Unknown volume
05-20 15:59:26.947 W/MountService(  374): getVolumeState(/storage/extSdCard): Unknown volume
05-20 15:59:26.947 W/MountService(  374): getVolumeState(/storage/sdcard1): Unknown volume
05-20 15:59:26.947 W/MountService(  374): getVolumeState(/mnt/sdcard/external_SD): Unknown volume
05-20 15:59:26.947 W/MountService(  374): getVolumeState(/mnt/sdcard/external_sd): Unknown volume
05-20 15:59:26.994 W/MountService(  374): getVolumeState(/storage/emulated/0/external_sd): Unknown volume
05-20 15:59:26.994 W/MountService(  374): getVolumeState(/mnt/sdcard-ext): Unknown volume
05-20 15:59:26.994 W/MountService(  374): getVolumeState(/mnt/ext_sdcard): Unknown volume
05-20 15:59:26.994 W/MountService(  374): getVolumeState(/mnt/sdcard2): Unknown volume
05-20 15:59:26.994 W/MountService(  374): getVolumeState(/mnt/emmc): Unknown volume
05-20 15:59:26.994 W/MountService(  374): getVolumeState(/mnt/extSdCard): Unknown volume
05-20 15:59:26.994 W/MountService(  374): getVolumeState(/mnt/sdcard/SD_CARD): Unknown volume
05-20 15:59:26.994 W/MountService(  374): getVolumeState(/mnt/sdcard/extra_sd): Unknown volume
05-20 15:59:26.994 W/MountService(  374): getVolumeState(/mnt/extrasd_bind): Unknown volume
05-20 15:59:26.994 W/MountService(  374): getVolumeState(/mnt/sdcard/ext_sd): Unknown volume
05-20 15:59:26.994 W/MountService(  374): getVolumeState(/storage/extSdCard): Unknown volume
05-20 15:59:26.994 W/MountService(  374): getVolumeState(/storage/sdcard1): Unknown volume
05-20 15:59:26.994 W/MountService(  374): getVolumeState(/mnt/sdcard/external_SD): Unknown volume
05-20 15:59:27.002 W/MountService(  374): getVolumeState(/mnt/sdcard/external_sd): Unknown volume
05-20 15:59:27.267 W/MountService(  374): getVolumeState(/storage/emulated/0/external_sd): Unknown volume
05-20 15:59:27.267 W/MountService(  374): getVolumeState(/mnt/sdcard-ext): Unknown volume
05-20 15:59:27.267 W/MountService(  374): getVolumeState(/mnt/ext_sdcard): Unknown volume
05-20 15:59:27.267 W/MountService(  374): getVolumeState(/mnt/sdcard2): Unknown volume
05-20 15:59:27.267 W/MountService(  374): getVolumeState(/mnt/emmc): Unknown volume
05-20 15:59:27.267 W/MountService(  374): getVolumeState(/mnt/extSdCard): Unknown volume
05-20 15:59:27.267 W/MountService(  374): getVolumeState(/mnt/sdcard/SD_CARD): Unknown volume
05-20 15:59:27.267 W/MountService(  374): getVolumeState(/mnt/sdcard/extra_sd): Unknown volume
05-20 15:59:27.267 W/MountService(  374): getVolumeState(/mnt/extrasd_bind): Unknown volume
05-20 15:59:27.267 W/MountService(  374): getVolumeState(/mnt/sdcard/ext_sd): Unknown volume
05-20 15:59:27.267 W/MountService(  374): getVolumeState(/storage/extSdCard): Unknown volume
05-20 15:59:27.267 W/MountService(  374): getVolumeState(/storage/sdcard1): Unknown volume
05-20 15:59:27.267 W/MountService(  374): getVolumeState(/mnt/sdcard/external_SD): Unknown volume
05-20 15:59:27.275 W/MountService(  374): getVolumeState(/mnt/sdcard/external_sd): Unknown volume
05-20 15:59:27.392 I/ActivityManager(  374): START u0 {act=com.qihoo360.daemon.pcdaemon.ACTION_START_UI2 flg=0x10000000 cmp=com.qihoo.appstore/.activities.MainActivity (has extras)} from pid 1468
05-20 15:59:27.517 I/ActivityManager(  374): Start proc android.process.acore for content provider com.android.providers.contacts/.ContactsProvider2: pid=4590 uid=10000 gids={50000, 3003, 1015, 1028}
05-20 15:59:29.830 W/MountService(  374): getVolumeState(/storage/emulated/0/external_sd): Unknown volume
05-20 15:59:29.830 W/MountService(  374): getVolumeState(/mnt/sdcard-ext): Unknown volume
05-20 15:59:29.830 W/MountService(  374): getVolumeState(/mnt/ext_sdcard): Unknown volume
05-20 15:59:29.846 W/MountService(  374): getVolumeState(/mnt/sdcard2): Unknown volume
05-20 15:59:29.846 W/MountService(  374): getVolumeState(/mnt/emmc): Unknown volume
05-20 15:59:29.853 W/MountService(  374): getVolumeState(/mnt/extSdCard): Unknown volume
05-20 15:59:29.853 W/MountService(  374): getVolumeState(/mnt/sdcard/SD_CARD): Unknown volume
05-20 15:59:29.853 W/MountService(  374): getVolumeState(/mnt/sdcard/extra_sd): Unknown volume
05-20 15:59:29.853 W/MountService(  374): getVolumeState(/mnt/extrasd_bind): Unknown volume
05-20 15:59:29.861 W/MountService(  374): getVolumeState(/mnt/sdcard/ext_sd): Unknown volume
05-20 15:59:29.861 W/MountService(  374): getVolumeState(/storage/extSdCard): Unknown volume
05-20 15:59:29.861 W/MountService(  374): getVolumeState(/storage/sdcard1): Unknown volume
05-20 15:59:29.861 W/MountService(  374): getVolumeState(/mnt/sdcard/external_SD): Unknown volume
05-20 15:59:29.861 W/MountService(  374): getVolumeState(/mnt/sdcard/external_sd): Unknown volume
05-20 15:59:32.236 I/ActivityManager(  374): Start proc com.qihoo360.mobilesafe for service com.qihoo360.mobilesafe/.service.ExamService: pid=4636 uid=10069 gids={50069, 3003, 1015, 3001, 3002, 1006, 1028}
05-20 15:59:33.892 I/ActivityManager(  374): Start proc com.qihoo.appstore:permmgr for service com.qihoo.appstore/com.qihoo.permmgr.PermService: pid=4675 uid=10064 gids={50064, 3003, 1015, 3002, 1006, 3001, 1028}
05-20 15:59:35.471 W/BroadcastQueue(  374): Failure [background] sending broadcast result of Intent { act=com.qihoo360.mobilesafe.NotifyDaemonStop flg=0x10 }
05-20 15:59:35.471 W/BroadcastQueue(  374): android.os.DeadObjectException
05-20 15:59:35.471 W/BroadcastQueue(  374): 	at android.os.BinderProxy.transact(Native Method)
05-20 15:59:35.471 W/BroadcastQueue(  374): 	at android.content.IIntentReceiver$Stub$Proxy.performReceive(IIntentReceiver.java:124)
05-20 15:59:35.471 W/BroadcastQueue(  374): 	at com.android.server.am.BroadcastQueue.performReceiveLocked(BroadcastQueue.java:376)
05-20 15:59:35.471 W/BroadcastQueue(  374): 	at com.android.server.am.BroadcastQueue.processNextBroadcast(BroadcastQueue.java:599)
05-20 15:59:35.471 W/BroadcastQueue(  374): 	at com.android.server.am.ActivityManagerService.finishReceiver(ActivityManagerService.java:12390)
05-20 15:59:35.471 W/BroadcastQueue(  374): 	at android.app.ActivityManagerNative.onTransact(ActivityManagerNative.java:379)
05-20 15:59:35.471 W/BroadcastQueue(  374): 	at com.android.server.am.ActivityManagerService.onTransact(ActivityManagerService.java:1737)
05-20 15:59:35.471 W/BroadcastQueue(  374): 	at android.os.Binder.execTransact(Binder.java:388)
05-20 15:59:35.471 W/BroadcastQueue(  374): 	at dalvik.system.NativeStart.run(Native Method)
05-20 15:59:42.283 I/ActivityManager(  374): Process com.qihoo.appstore:permmgr (pid 4675) has died.
05-20 15:59:42.338 W/SocketClient(  121): write error (Broken pipe)
05-20 15:59:47.502 I/PowerManagerService(  374): Going to sleep due to screen timeout...
05-20 15:59:53.221 D/PhoneStatusBar(  448): disable: < expand icons alerts ticker system_info back home RECENT* clock SEARCH* >
05-20 15:59:53.306 D/PhoneStatusBar(  448): disable: < expand icons alerts ticker system_info BACK* HOME* RECENT CLOCK* SEARCH >
05-20 16:00:27.189 W/MountService(  374): getVolumeState(/storage/emulated/0/external_sd): Unknown volume
05-20 16:00:27.189 W/MountService(  374): getVolumeState(/mnt/sdcard-ext): Unknown volume
05-20 16:00:27.189 W/MountService(  374): getVolumeState(/mnt/ext_sdcard): Unknown volume
05-20 16:00:27.189 W/MountService(  374): getVolumeState(/mnt/sdcard2): Unknown volume
05-20 16:00:27.189 W/MountService(  374): getVolumeState(/mnt/emmc): Unknown volume
05-20 16:00:27.189 W/MountService(  374): getVolumeState(/mnt/extSdCard): Unknown volume
05-20 16:00:27.189 W/MountService(  374): getVolumeState(/mnt/sdcard/SD_CARD): Unknown volume
05-20 16:00:27.189 W/MountService(  374): getVolumeState(/mnt/sdcard/extra_sd): Unknown volume
05-20 16:00:27.189 W/MountService(  374): getVolumeState(/mnt/extrasd_bind): Unknown volume
05-20 16:00:27.189 W/MountService(  374): getVolumeState(/mnt/sdcard/ext_sd): Unknown volume
05-20 16:00:27.197 W/MountService(  374): getVolumeState(/storage/extSdCard): Unknown volume
05-20 16:00:27.197 W/MountService(  374): getVolumeState(/storage/sdcard1): Unknown volume
05-20 16:00:27.197 W/MountService(  374): getVolumeState(/mnt/sdcard/external_SD): Unknown volume
05-20 16:00:27.197 W/MountService(  374): getVolumeState(/mnt/sdcard/external_sd): Unknown volume
05-20 16:00:27.533 W/MountService(  374): getVolumeState(/storage/emulated/0/external_sd): Unknown volume
05-20 16:00:27.533 W/MountService(  374): getVolumeState(/mnt/sdcard-ext): Unknown volume
05-20 16:00:27.533 W/MountService(  374): getVolumeState(/mnt/ext_sdcard): Unknown volume
05-20 16:00:27.533 W/MountService(  374): getVolumeState(/mnt/sdcard2): Unknown volume
05-20 16:00:27.533 W/MountService(  374): getVolumeState(/mnt/emmc): Unknown volume
05-20 16:00:27.533 W/MountService(  374): getVolumeState(/mnt/extSdCard): Unknown volume
05-20 16:00:27.533 W/MountService(  374): getVolumeState(/mnt/sdcard/SD_CARD): Unknown volume
05-20 16:00:27.533 W/MountService(  374): getVolumeState(/mnt/sdcard/extra_sd): Unknown volume
05-20 16:00:27.533 W/MountService(  374): getVolumeState(/mnt/extrasd_bind): Unknown volume
05-20 16:00:27.541 W/MountService(  374): getVolumeState(/mnt/sdcard/ext_sd): Unknown volume
05-20 16:00:27.541 W/MountService(  374): getVolumeState(/storage/extSdCard): Unknown volume
05-20 16:00:27.541 W/MountService(  374): getVolumeState(/storage/sdcard1): Unknown volume
05-20 16:00:27.541 W/MountService(  374): getVolumeState(/mnt/sdcard/external_SD): Unknown volume
05-20 16:00:27.541 W/MountService(  374): getVolumeState(/mnt/sdcard/external_sd): Unknown volume
05-20 16:00:46.017 I/PowerManagerService(  374): Waking up from sleep...
05-20 16:00:46.127 I/WindowManager(  374): Lock screen displayed!
05-20 16:00:47.455 D/PhoneStatusBar(  448): disable: < expand icons alerts ticker system_info BACK HOME recent* CLOCK search* >
05-20 16:00:47.533 D/PhoneStatusBar(  448): disable: < expand icons alerts ticker system_info back* home* recent clock* search >
05-20 16:00:47.533 W/InputMethodManagerService(  374): Window already focused, ignoring focus gain of: com.android.internal.view.IInputMethodClient$Stub$Proxy@42d2da40 attribute=android.view.inputmethod.EditorInfo@427d0558, token = android.os.BinderProxy@429b45f0
05-20 16:00:56.721 I/ActivityManager(  374): START u0 {act=android.intent.action.MAIN cat=[android.intent.category.LAUNCHER] flg=0x10200000 cmp=com.pekall.emdm.launcher/.Launcher} from pid 576
05-20 16:00:59.588 I/ActivityManager(  374): START u0 {cmp=com.pekall.emdm.launcher/com.pekall.emdm.ui.SplashActivity} from pid 4418
05-20 16:01:00.096 W/ActivityManager(  374): Activity pause timeout for ActivityRecord{429588b8 u0 com.pekall.emdm.launcher/.Launcher}
05-20 16:01:00.744 W/ActivityManager(  374): Unable to start service Intent { cmp=com.pekall.emdm.launcher/com.pekall.semail.service.AttachmentDownloadService } U=0: not found
05-20 16:01:02.908 I/ActivityManager(  374): START u0 {cmp=com.pekall.emdm.launcher/com.pekall.emdm.ui.ActiveDeviceAdminActivity} from pid 4418
05-20 16:01:03.088 I/ActivityManager(  374): START u0 {cmp=com.pekall.emdm.launcher/com.pekall.emdm.ui.RegDeviceActivity} from pid 4418
05-20 16:01:03.166 I/ActivityManager(  374): START u0 {flg=0x8000 cmp=com.pekall.emdm.launcher/.Launcher} from pid 4418
05-20 16:01:04.744 W/ActivityManager(  374): Unable to start service Intent { cmp=com.pekall.emdm.launcher/com.pekall.semail.service.AttachmentDownloadService } U=0: not found
05-20 16:01:04.783 I/ActivityManager(  374): START u0 {cmp=com.pekall.emdm.launcher/com.pekall.emdm.ui.SplashActivity} from pid 4418
05-20 16:01:05.283 W/ActivityManager(  374): Activity pause timeout for ActivityRecord{426d03d8 u0 com.pekall.emdm.launcher/.Launcher}
05-20 16:01:07.314 I/ActivityManager(  374): START u0 {cmp=com.pekall.emdm.launcher/com.pekall.emdm.ui.ActiveDeviceAdminActivity} from pid 4418
05-20 16:01:07.463 I/ActivityManager(  374): START u0 {cmp=com.pekall.emdm.launcher/com.pekall.emdm.ui.RegDeviceActivity} from pid 4418
05-20 16:01:07.525 I/ActivityManager(  374): START u0 {flg=0x8000 cmp=com.pekall.emdm.launcher/.Launcher} from pid 4418
05-20 16:01:09.244 I/ActivityManager(  374): START u0 {cmp=com.pekall.emdm.launcher/com.pekall.emdm.ui.SplashActivity} from pid 4418
05-20 16:01:09.330 W/ActivityManager(  374): Unable to start service Intent { cmp=com.pekall.emdm.launcher/com.pekall.semail.service.AttachmentDownloadService } U=0: not found
05-20 16:01:11.322 I/ActivityManager(  374): START u0 {cmp=com.pekall.emdm.launcher/com.pekall.emdm.ui.ActiveDeviceAdminActivity} from pid 4418
05-20 16:01:11.486 I/ActivityManager(  374): START u0 {cmp=com.pekall.emdm.launcher/com.pekall.emdm.ui.RegDeviceActivity} from pid 4418
05-20 16:01:11.533 I/ActivityManager(  374): START u0 {flg=0x8000 cmp=com.pekall.emdm.launcher/.Launcher} from pid 4418
05-20 16:01:12.642 W/ActivityManager(  374): Unable to start service Intent { cmp=com.pekall.emdm.launcher/com.pekall.semail.service.AttachmentDownloadService } U=0: not found
05-20 16:01:12.650 I/ActivityManager(  374): START u0 {cmp=com.pekall.emdm.launcher/com.pekall.emdm.ui.SplashActivity} from pid 4418
05-20 16:01:13.150 W/ActivityManager(  374): Activity pause timeout for ActivityRecord{4303c220 u0 com.pekall.emdm.launcher/.Launcher}
05-20 16:01:15.017 I/ActivityManager(  374): START u0 {cmp=com.pekall.emdm.launcher/com.pekall.emdm.ui.ActiveDeviceAdminActivity} from pid 4418
05-20 16:01:15.174 I/ActivityManager(  374): START u0 {cmp=com.pekall.emdm.launcher/com.pekall.emdm.ui.RegDeviceActivity} from pid 4418
05-20 16:01:15.213 I/ActivityManager(  374): START u0 {flg=0x8000 cmp=com.pekall.emdm.launcher/.Launcher} from pid 4418
05-20 16:01:16.267 W/ActivityManager(  374): Unable to start service Intent { cmp=com.pekall.emdm.launcher/com.pekall.semail.service.AttachmentDownloadService } U=0: not found
05-20 16:01:16.291 I/ActivityManager(  374): START u0 {cmp=com.pekall.emdm.launcher/com.pekall.emdm.ui.SplashActivity} from pid 4418
05-20 16:01:16.791 W/ActivityManager(  374): Activity pause timeout for ActivityRecord{42a513f0 u0 com.pekall.emdm.launcher/.Launcher}
05-20 16:01:18.666 I/ActivityManager(  374): START u0 {cmp=com.pekall.emdm.launcher/com.pekall.emdm.ui.ActiveDeviceAdminActivity} from pid 4418
05-20 16:01:18.822 I/ActivityManager(  374): START u0 {cmp=com.pekall.emdm.launcher/com.pekall.emdm.ui.RegDeviceActivity} from pid 4418
05-20 16:01:18.877 I/ActivityManager(  374): START u0 {flg=0x8000 cmp=com.pekall.emdm.launcher/.Launcher} from pid 4418
05-20 16:01:19.955 I/ActivityManager(  374): START u0 {cmp=com.pekall.emdm.launcher/com.pekall.emdm.ui.SplashActivity} from pid 4418
05-20 16:01:20.455 W/ActivityManager(  374): Unable to start service Intent { cmp=com.pekall.emdm.launcher/com.pekall.semail.service.AttachmentDownloadService } U=0: not found
05-20 16:01:20.463 W/ActivityManager(  374): Activity pause timeout for ActivityRecord{425f4650 u0 com.pekall.emdm.launcher/.Launcher}
05-20 16:01:22.416 I/ActivityManager(  374): START u0 {cmp=com.pekall.emdm.launcher/com.pekall.emdm.ui.ActiveDeviceAdminActivity} from pid 4418
05-20 16:01:22.580 I/ActivityManager(  374): START u0 {cmp=com.pekall.emdm.launcher/com.pekall.emdm.ui.RegDeviceActivity} from pid 4418
05-20 16:01:22.666 I/ActivityManager(  374): START u0 {flg=0x8000 cmp=com.pekall.emdm.launcher/.Launcher} from pid 4418
05-20 16:01:23.713 I/ActivityManager(  374): START u0 {cmp=com.pekall.emdm.launcher/com.pekall.emdm.ui.SplashActivity} from pid 4418
05-20 16:01:24.127 W/ActivityManager(  374): Unable to start service Intent { cmp=com.pekall.emdm.launcher/com.pekall.semail.service.AttachmentDownloadService } U=0: not found
05-20 16:01:24.221 W/ActivityManager(  374): Activity pause timeout for ActivityRecord{427e15c0 u0 com.pekall.emdm.launcher/.Launcher}
05-20 16:01:26.088 I/ActivityManager(  374): START u0 {cmp=com.pekall.emdm.launcher/com.pekall.emdm.ui.ActiveDeviceAdminActivity} from pid 4418
05-20 16:01:26.252 I/ActivityManager(  374): START u0 {cmp=com.pekall.emdm.launcher/com.pekall.emdm.ui.RegDeviceActivity} from pid 4418
05-20 16:01:26.275 I/ActivityManager(  374): START u0 {flg=0x8000 cmp=com.pekall.emdm.launcher/.Launcher} from pid 4418
05-20 16:01:26.580 I/PowerManagerService(  374): Going to sleep due to screen timeout...
05-20 16:01:27.385 W/MountService(  374): getVolumeState(/storage/emulated/0/external_sd): Unknown volume
05-20 16:01:27.385 W/MountService(  374): getVolumeState(/mnt/sdcard-ext): Unknown volume
05-20 16:01:27.385 W/MountService(  374): getVolumeState(/mnt/ext_sdcard): Unknown volume
05-20 16:01:27.392 W/MountService(  374): getVolumeState(/mnt/sdcard2): Unknown volume
05-20 16:01:27.392 W/MountService(  374): getVolumeState(/mnt/emmc): Unknown volume
05-20 16:01:27.392 W/MountService(  374): getVolumeState(/mnt/extSdCard): Unknown volume
05-20 16:01:27.392 W/MountService(  374): getVolumeState(/mnt/sdcard/SD_CARD): Unknown volume
05-20 16:01:27.392 W/MountService(  374): getVolumeState(/mnt/sdcard/extra_sd): Unknown volume
05-20 16:01:27.416 W/MountService(  374): getVolumeState(/mnt/extrasd_bind): Unknown volume
05-20 16:01:27.416 W/MountService(  374): getVolumeState(/mnt/sdcard/ext_sd): Unknown volume
05-20 16:01:27.416 W/MountService(  374): getVolumeState(/storage/extSdCard): Unknown volume
05-20 16:01:27.416 W/MountService(  374): getVolumeState(/storage/sdcard1): Unknown volume
05-20 16:01:27.416 W/MountService(  374): getVolumeState(/mnt/sdcard/external_SD): Unknown volume
05-20 16:01:27.416 W/MountService(  374): getVolumeState(/mnt/sdcard/external_sd): Unknown volume
05-20 16:01:27.596 I/ActivityManager(  374): START u0 {cmp=com.pekall.emdm.launcher/com.pekall.emdm.ui.SplashActivity} from pid 4418
05-20 16:01:27.760 W/ActivityManager(  374): Activity pause timeout for ActivityRecord{42953530 u0 com.pekall.emdm.launcher/.Launcher}
05-20 16:01:27.994 W/ActivityManager(  374): Unable to start service Intent { cmp=com.pekall.emdm.launcher/com.pekall.semail.service.AttachmentDownloadService } U=0: not found
05-20 16:01:28.205 I/PowerManagerService(  374): Waking up from sleep...
05-20 16:01:28.267 W/ActivityManager(  374): Activity pause timeout for ActivityRecord{42c8dd18 u0 com.pekall.emdm.launcher/com.pekall.emdm.ui.SplashActivity}
05-20 16:01:28.775 I/WindowManager(  374): No lock screen!
05-20 16:01:29.486 I/ActivityManager(  374): Activity reported stop, but no longer stopping: ActivityRecord{42c8dd18 u0 com.pekall.emdm.launcher/com.pekall.emdm.ui.SplashActivity}
05-20 16:01:29.525 W/MountService(  374): getVolumeState(/storage/emulated/0/external_sd): Unknown volume
05-20 16:01:29.525 W/MountService(  374): getVolumeState(/mnt/sdcard-ext): Unknown volume
05-20 16:01:29.525 W/MountService(  374): getVolumeState(/mnt/ext_sdcard): Unknown volume
05-20 16:01:29.525 W/MountService(  374): getVolumeState(/mnt/sdcard2): Unknown volume
05-20 16:01:29.533 W/MountService(  374): getVolumeState(/mnt/emmc): Unknown volume
05-20 16:01:29.533 W/MountService(  374): getVolumeState(/mnt/extSdCard): Unknown volume
05-20 16:01:29.533 W/MountService(  374): getVolumeState(/mnt/sdcard/SD_CARD): Unknown volume
05-20 16:01:29.533 W/MountService(  374): getVolumeState(/mnt/sdcard/extra_sd): Unknown volume
05-20 16:01:29.541 W/MountService(  374): getVolumeState(/mnt/extrasd_bind): Unknown volume
05-20 16:01:29.541 W/MountService(  374): getVolumeState(/mnt/sdcard/ext_sd): Unknown volume
05-20 16:01:29.541 W/MountService(  374): getVolumeState(/storage/extSdCard): Unknown volume
05-20 16:01:29.541 W/MountService(  374): getVolumeState(/storage/sdcard1): Unknown volume
05-20 16:01:29.541 W/MountService(  374): getVolumeState(/mnt/sdcard/external_SD): Unknown volume
05-20 16:01:29.611 W/MountService(  374): getVolumeState(/mnt/sdcard/external_sd): Unknown volume
05-20 16:01:30.338 I/ActivityManager(  374): START u0 {cmp=com.pekall.emdm.launcher/com.pekall.emdm.ui.ActiveDeviceAdminActivity} from pid 4418
05-20 16:01:30.510 I/ActivityManager(  374): START u0 {cmp=com.pekall.emdm.launcher/com.pekall.emdm.ui.RegDeviceActivity} from pid 4418
05-20 16:01:30.556 I/ActivityManager(  374): START u0 {flg=0x8000 cmp=com.pekall.emdm.launcher/.Launcher} from pid 4418
05-20 16:01:31.642 W/ActivityManager(  374): Unable to start service Intent { cmp=com.pekall.emdm.launcher/com.pekall.semail.service.AttachmentDownloadService } U=0: not found
05-20 16:01:31.666 I/ActivityManager(  374): START u0 {cmp=com.pekall.emdm.launcher/com.pekall.emdm.ui.SplashActivity} from pid 4418
05-20 16:01:32.174 W/ActivityManager(  374): Activity pause timeout for ActivityRecord{427c7f20 u0 com.pekall.emdm.launcher/.Launcher}
05-20 16:01:34.330 I/ActivityManager(  374): START u0 {cmp=com.pekall.emdm.launcher/com.pekall.emdm.ui.ActiveDeviceAdminActivity} from pid 4418
05-20 16:01:34.541 I/ActivityManager(  374): START u0 {cmp=com.pekall.emdm.launcher/com.pekall.emdm.ui.RegDeviceActivity} from pid 4418
05-20 16:01:34.588 I/ActivityManager(  374): START u0 {flg=0x8000 cmp=com.pekall.emdm.launcher/.Launcher} from pid 4418
05-20 16:01:35.744 I/ActivityManager(  374): START u0 {cmp=com.pekall.emdm.launcher/com.pekall.emdm.ui.SplashActivity} from pid 4418
05-20 16:01:36.150 W/ActivityManager(  374): Unable to start service Intent { cmp=com.pekall.emdm.launcher/com.pekall.semail.service.AttachmentDownloadService } U=0: not found
05-20 16:01:36.252 W/ActivityManager(  374): Activity pause timeout for ActivityRecord{427b5718 u0 com.pekall.emdm.launcher/.Launcher}
05-20 16:01:38.260 I/ActivityManager(  374): START u0 {cmp=com.pekall.emdm.launcher/com.pekall.emdm.ui.ActiveDeviceAdminActivity} from pid 4418
05-20 16:01:38.424 I/ActivityManager(  374): START u0 {cmp=com.pekall.emdm.launcher/com.pekall.emdm.ui.RegDeviceActivity} from pid 4418
05-20 16:01:38.447 I/ActivityManager(  374): START u0 {flg=0x8000 cmp=com.pekall.emdm.launcher/.Launcher} from pid 4418
05-20 16:01:38.666 I/WindowManager(  374): Screenshot Window{426a6228 u0 Starting com.pekall.emdm.launcher} was all black! mSurfaceLayer=21010 minLayer=21000 maxLayer=21010
05-20 16:01:39.572 W/ActivityManager(  374): Unable to start service Intent { cmp=com.pekall.emdm.launcher/com.pekall.semail.service.AttachmentDownloadService } U=0: not found
05-20 16:01:39.588 I/ActivityManager(  374): START u0 {cmp=com.pekall.emdm.launcher/com.pekall.emdm.ui.SplashActivity} from pid 4418
05-20 16:01:40.088 W/ActivityManager(  374): Activity pause timeout for ActivityRecord{426d03d8 u0 com.pekall.emdm.launcher/.Launcher}
05-20 16:01:42.103 I/ActivityManager(  374): START u0 {cmp=com.pekall.emdm.launcher/com.pekall.emdm.ui.ActiveDeviceAdminActivity} from pid 4418
05-20 16:01:42.260 I/ActivityManager(  374): START u0 {cmp=com.pekall.emdm.launcher/com.pekall.emdm.ui.RegDeviceActivity} from pid 4418
05-20 16:01:42.306 I/ActivityManager(  374): START u0 {flg=0x8000 cmp=com.pekall.emdm.launcher/.Launcher} from pid 4418
05-20 16:01:43.385 W/ActivityManager(  374): Unable to start service Intent { cmp=com.pekall.emdm.launcher/com.pekall.semail.service.AttachmentDownloadService } U=0: not found
05-20 16:01:43.424 I/ActivityManager(  374): START u0 {cmp=com.pekall.emdm.launcher/com.pekall.emdm.ui.SplashActivity} from pid 4418
05-20 16:01:43.931 W/ActivityManager(  374): Activity pause timeout for ActivityRecord{427f4d38 u0 com.pekall.emdm.launcher/.Launcher}
05-20 16:01:44.041 I/ActivityManager(  374): Process com.qihoo360.mobilesafe (pid 4636) has died.
05-20 16:01:46.306 I/ActivityManager(  374): START u0 {cmp=com.pekall.emdm.launcher/com.pekall.emdm.ui.ActiveDeviceAdminActivity} from pid 4418
05-20 16:01:46.471 I/ActivityManager(  374): START u0 {cmp=com.pekall.emdm.launcher/com.pekall.emdm.ui.RegDeviceActivity} from pid 4418
05-20 16:01:46.517 I/ActivityManager(  374): START u0 {flg=0x8000 cmp=com.pekall.emdm.launcher/.Launcher} from pid 4418
05-20 16:01:47.713 W/ActivityManager(  374): Unable to start service Intent { cmp=com.pekall.emdm.launcher/com.pekall.semail.service.AttachmentDownloadService } U=0: not found
05-20 16:01:47.736 I/ActivityManager(  374): START u0 {cmp=com.pekall.emdm.launcher/com.pekall.emdm.ui.SplashActivity} from pid 4418
05-20 16:01:48.236 W/ActivityManager(  374): Activity pause timeout for ActivityRecord{42d31978 u0 com.pekall.emdm.launcher/.Launcher}
05-20 16:01:50.150 I/ActivityManager(  374): START u0 {cmp=com.pekall.emdm.launcher/com.pekall.emdm.ui.ActiveDeviceAdminActivity} from pid 4418
05-20 16:01:50.283 I/ActivityManager(  374): START u0 {cmp=com.pekall.emdm.launcher/com.pekall.emdm.ui.RegDeviceActivity} from pid 4418
05-20 16:01:50.314 I/ActivityManager(  374): START u0 {flg=0x8000 cmp=com.pekall.emdm.launcher/.Launcher} from pid 4418
05-20 16:01:51.385 I/ActivityManager(  374): START u0 {cmp=com.pekall.emdm.launcher/com.pekall.emdm.ui.SplashActivity} from pid 4418
05-20 16:01:51.814 W/ActivityManager(  374): Unable to start service Intent { cmp=com.pekall.emdm.launcher/com.pekall.semail.service.AttachmentDownloadService } U=0: not found
05-20 16:01:51.900 W/ActivityManager(  374): Activity pause timeout for ActivityRecord{42953530 u0 com.pekall.emdm.launcher/.Launcher}
05-20 16:01:53.838 I/ActivityManager(  374): START u0 {cmp=com.pekall.emdm.launcher/com.pekall.emdm.ui.ActiveDeviceAdminActivity} from pid 4418
05-20 16:01:53.986 I/ActivityManager(  374): START u0 {cmp=com.pekall.emdm.launcher/com.pekall.emdm.ui.RegDeviceActivity} from pid 4418
05-20 16:01:54.049 I/ActivityManager(  374): START u0 {flg=0x8000 cmp=com.pekall.emdm.launcher/.Launcher} from pid 4418
05-20 16:01:55.064 I/ActivityManager(  374): START u0 {cmp=com.pekall.emdm.launcher/com.pekall.emdm.ui.SplashActivity} from pid 4418
05-20 16:01:55.478 W/ActivityManager(  374): Unable to start service Intent { cmp=com.pekall.emdm.launcher/com.pekall.semail.service.AttachmentDownloadService } U=0: not found
05-20 16:01:55.572 W/ActivityManager(  374): Activity pause timeout for ActivityRecord{4229e598 u0 com.pekall.emdm.launcher/.Launcher}
05-20 16:01:57.221 I/ActivityManager(  374): Process com.google.android.gallery3d (pid 4258) has died.
05-20 16:01:57.502 I/ActivityManager(  374): START u0 {cmp=com.pekall.emdm.launcher/com.pekall.emdm.ui.ActiveDeviceAdminActivity} from pid 4418
05-20 16:01:57.650 I/ActivityManager(  374): START u0 {cmp=com.pekall.emdm.launcher/com.pekall.emdm.ui.RegDeviceActivity} from pid 4418
05-20 16:01:57.713 I/ActivityManager(  374): START u0 {flg=0x8000 cmp=com.pekall.emdm.launcher/.Launcher} from pid 4418
05-20 16:01:58.205 I/PowerManagerService(  374): Going to sleep due to screen timeout...
05-20 16:01:58.814 I/ActivityManager(  374): START u0 {cmp=com.pekall.emdm.launcher/com.pekall.emdm.ui.SplashActivity} from pid 4418
05-20 16:01:59.252 W/ActivityManager(  374): Unable to start service Intent { cmp=com.pekall.emdm.launcher/com.pekall.semail.service.AttachmentDownloadService } U=0: not found
05-20 16:01:59.314 W/ActivityManager(  374): Activity pause timeout for ActivityRecord{42630a08 u0 com.pekall.emdm.launcher/.Launcher}
05-20 16:01:59.830 W/ActivityManager(  374): Activity pause timeout for ActivityRecord{427b5718 u0 com.pekall.emdm.launcher/com.pekall.emdm.ui.SplashActivity}
05-20 16:02:01.494 I/ActivityManager(  374): START u0 {cmp=com.pekall.emdm.launcher/com.pekall.emdm.ui.ActiveDeviceAdminActivity} from pid 4418
05-20 16:02:01.549 I/ActivityManager(  374): START u0 {cmp=com.pekall.emdm.launcher/com.pekall.emdm.ui.RegDeviceActivity} from pid 4418
05-20 16:02:01.611 I/ActivityManager(  374): START u0 {flg=0x8000 cmp=com.pekall.emdm.launcher/.Launcher} from pid 4418
05-20 16:02:02.127 W/ActivityManager(  374): Activity pause timeout for ActivityRecord{427b37b8 u0 com.pekall.emdm.launcher/.Launcher}
05-20 16:02:02.580 W/ActivityManager(  374): Unable to start service Intent { cmp=com.pekall.emdm.launcher/com.pekall.semail.service.AttachmentDownloadService } U=0: not found
05-20 16:02:02.650 I/ActivityManager(  374): START u0 {cmp=com.pekall.emdm.launcher/com.pekall.emdm.ui.SplashActivity} from pid 4418
05-20 16:02:03.158 W/ActivityManager(  374): Activity pause timeout for ActivityRecord{427e15c0 u0 com.pekall.emdm.launcher/com.pekall.emdm.ui.SplashActivity}
05-20 16:02:03.197 I/ActivityManager(  374): START u0 {cmp=com.pekall.emdm.launcher/com.pekall.emdm.ui.SplashActivity} from pid 4418
05-20 16:02:03.697 W/ActivityManager(  374): Activity pause timeout for ActivityRecord{427ece40 u0 com.pekall.emdm.launcher/com.pekall.emdm.ui.SplashActivity}
05-20 16:02:04.924 D/PhoneStatusBar(  448): disable: < expand icons alerts ticker system_info back home RECENT* clock SEARCH* >
05-20 16:02:05.041 D/PhoneStatusBar(  448): disable: < expand icons alerts ticker system_info BACK* HOME* RECENT CLOCK* SEARCH >
05-20 16:02:05.892 I/ActivityManager(  374): START u0 {cmp=com.pekall.emdm.launcher/com.pekall.emdm.ui.ActiveDeviceAdminActivity} from pid 4418
05-20 16:02:05.931 I/ActivityManager(  374): START u0 {cmp=com.pekall.emdm.launcher/com.pekall.emdm.ui.RegDeviceActivity} from pid 4418
05-20 16:02:05.986 I/ActivityManager(  374): START u0 {flg=0x8000 cmp=com.pekall.emdm.launcher/.Launcher} from pid 4418
05-20 16:02:06.002 I/ActivityManager(  374): START u0 {cmp=com.pekall.emdm.launcher/com.pekall.emdm.ui.ActiveDeviceAdminActivity} from pid 4418
05-20 16:02:06.002 W/ActivityManager(  374): Duplicate finish request for ActivityRecord{427ece40 u0 com.pekall.emdm.launcher/com.pekall.emdm.ui.SplashActivity}
05-20 16:02:06.502 W/ActivityManager(  374): Activity pause timeout for ActivityRecord{42630a08 u0 com.pekall.emdm.launcher/.Launcher}
05-20 16:02:06.986 I/ActivityManager(  374): START u0 {cmp=com.pekall.emdm.launcher/com.pekall.emdm.ui.SplashActivity} from pid 4418
05-20 16:02:07.002 W/ActivityManager(  374): Activity pause timeout for ActivityRecord{426b2c50 u0 com.pekall.emdm.launcher/com.pekall.emdm.ui.ActiveDeviceAdminActivity}
05-20 16:02:07.486 W/ActivityManager(  374): Unable to start service Intent { cmp=com.pekall.emdm.launcher/com.pekall.semail.service.AttachmentDownloadService } U=0: not found
05-20 16:02:07.510 W/ActivityManager(  374): Activity pause timeout for ActivityRecord{426d03d8 u0 com.pekall.emdm.launcher/com.pekall.emdm.ui.SplashActivity}
05-20 16:02:07.549 I/ActivityManager(  374): START u0 {cmp=com.pekall.emdm.launcher/com.pekall.emdm.ui.SplashActivity} from pid 4418
05-20 16:02:08.049 W/ActivityManager(  374): Activity pause timeout for ActivityRecord{42711910 u0 com.pekall.emdm.launcher/com.pekall.emdm.ui.SplashActivity}
05-20 16:02:08.111 I/ActivityManager(  374): START u0 {cmp=com.pekall.emdm.launcher/com.pekall.emdm.ui.RegDeviceActivity} from pid 4418
05-20 16:02:08.619 W/ActivityManager(  374): Activity pause timeout for ActivityRecord{427b5718 u0 com.pekall.emdm.launcher/com.pekall.emdm.ui.RegDeviceActivity}
05-20 16:02:08.947 I/ActivityManager(  374): START u0 {flg=0x8000 cmp=com.pekall.emdm.launcher/.Launcher} from pid 4418
05-20 16:02:08.963 I/ActivityManager(  374): Activity reported stop, but no longer stopping: ActivityRecord{42630a08 u0 com.pekall.emdm.launcher/.Launcher}
05-20 16:02:09.002 I/ActivityManager(  374): Activity reported stop, but no longer stopping: ActivityRecord{426d03d8 u0 com.pekall.emdm.launcher/com.pekall.emdm.ui.SplashActivity}
05-20 16:02:09.017 I/ActivityManager(  374): Activity reported stop, but no longer stopping: ActivityRecord{42711910 u0 com.pekall.emdm.launcher/com.pekall.emdm.ui.SplashActivity}
05-20 16:02:09.096 I/ActivityManager(  374): Activity reported stop, but no longer stopping: ActivityRecord{427b5718 u0 com.pekall.emdm.launcher/com.pekall.emdm.ui.RegDeviceActivity}
05-20 16:02:09.549 W/ActivityManager(  374): Activity pause timeout for ActivityRecord{427c7f20 u0 com.pekall.emdm.launcher/.Launcher}
05-20 16:02:09.775 I/ActivityManager(  374): Process com.qihoo360.mobilesafe:PcDaemon (pid 3314) has died.
05-20 16:02:09.838 I/ActivityManager(  374): START u0 {cmp=com.pekall.emdm.launcher/com.pekall.emdm.ui.SplashActivity} from pid 4418
05-20 16:02:10.314 W/ActivityManager(  374): Unable to start service Intent { cmp=com.pekall.emdm.launcher/com.pekall.semail.service.AttachmentDownloadService } U=0: not found
05-20 16:02:10.346 W/ActivityManager(  374): Activity pause timeout for ActivityRecord{429a7890 u0 com.pekall.emdm.launcher/com.pekall.emdm.ui.SplashActivity}
05-20 16:02:10.400 I/ActivityManager(  374): START u0 {cmp=com.pekall.emdm.launcher/com.pekall.emdm.ui.SplashActivity} from pid 4418
05-20 16:02:10.908 W/ActivityManager(  374): Activity pause timeout for ActivityRecord{429ea768 u0 com.pekall.emdm.launcher/com.pekall.emdm.ui.SplashActivity}
05-20 16:02:11.142 I/ActivityManager(  374): Process com.qihoo360.mobilesafe:remote (pid 4448) has died.
05-20 16:02:11.306 I/PowerManagerService(  374): Waking up from sleep...
05-20 16:02:11.353 I/WindowManager(  374): Lock screen displayed!
05-20 16:02:11.455 I/ActivityManager(  374): Process com.google.android.apps.uploader (pid 4281) has died.
05-20 16:02:12.767 I/ActivityManager(  374): START u0 {cmp=com.pekall.emdm.launcher/com.pekall.emdm.ui.ActiveDeviceAdminActivity} from pid 4418
05-20 16:02:12.775 W/ActivityManager(  374): startActivity called from non-Activity context; forcing Intent.FLAG_ACTIVITY_NEW_TASK for: Intent { cmp=com.pekall.emdm.launcher/com.pekall.emdm.ui.ActiveDeviceAdminActivity }
05-20 16:02:12.783 I/ActivityManager(  374): START u0 {cmp=com.pekall.emdm.launcher/com.pekall.emdm.ui.ActiveDeviceAdminActivity} from pid 4418
05-20 16:02:12.783 W/ActivityManager(  374): startActivity called from non-Activity context; forcing Intent.FLAG_ACTIVITY_NEW_TASK for: Intent { cmp=com.pekall.emdm.launcher/com.pekall.emdm.ui.ActiveDeviceAdminActivity }
05-20 16:02:12.869 I/ActivityManager(  374): Process com.google.android.exchange (pid 3680) has died.
05-20 16:02:12.885 D/PhoneStatusBar(  448): disable: < expand icons alerts ticker system_info BACK HOME recent* CLOCK search* >
05-20 16:02:12.939 I/ActivityManager(  374): START u0 {cmp=com.pekall.emdm.launcher/com.pekall.emdm.ui.RegDeviceActivity} from pid 4418
05-20 16:02:13.056 I/ActivityManager(  374): START u0 {flg=0x8000 cmp=com.pekall.emdm.launcher/.Launcher} from pid 4418
05-20 16:02:13.291 I/ActivityManager(  374): Process com.android.defcontainer (pid 2707) has died.
05-20 16:02:13.752 I/ActivityManager(  374): Process com.nd.assistance (pid 2724) has died.
05-20 16:02:14.150 I/ActivityManager(  374): START u0 {cmp=com.pekall.emdm.launcher/com.pekall.emdm.ui.SplashActivity} from pid 4418
05-20 16:02:14.619 W/ActivityManager(  374): Unable to start service Intent { cmp=com.pekall.emdm.launcher/com.pekall.semail.service.AttachmentDownloadService } U=0: not found
05-20 16:02:14.650 W/ActivityManager(  374): Activity pause timeout for ActivityRecord{4285a898 u0 com.pekall.emdm.launcher/.Launcher}
05-20 16:02:14.658 D/PhoneStatusBar(  448): disable: < expand icons alerts ticker system_info back* home* recent clock* search >
05-20 16:02:15.056 I/ActivityManager(  374): START u0 {cmp=com.pekall.emdm.launcher/com.pekall.emdm.ui.ActiveDeviceAdminActivity} from pid 4418
05-20 16:02:15.056 W/ActivityManager(  374): startActivity called from non-Activity context; forcing Intent.FLAG_ACTIVITY_NEW_TASK for: Intent { cmp=com.pekall.emdm.launcher/com.pekall.emdm.ui.ActiveDeviceAdminActivity }
05-20 16:02:15.072 I/ActivityManager(  374): START u0 {cmp=com.pekall.emdm.launcher/com.pekall.emdm.ui.ActiveDeviceAdminActivity} from pid 4418
05-20 16:02:15.072 W/ActivityManager(  374): startActivity called from non-Activity context; forcing Intent.FLAG_ACTIVITY_NEW_TASK for: Intent { cmp=com.pekall.emdm.launcher/com.pekall.emdm.ui.ActiveDeviceAdminActivity }
05-20 16:02:15.072 W/InputMethodManagerService(  374): Focus gain on non-focused client com.android.internal.view.IInputMethodClient$Stub$Proxy@42d61008 (uid=10066 pid=4418)
05-20 16:02:15.564 W/ActivityManager(  374): Activity pause timeout for ActivityRecord{42295ac8 u0 com.pekall.emdm.launcher/com.pekall.emdm.ui.SplashActivity}
05-20 16:02:15.681 W/InputMethodManagerService(  374): Focus gain on non-focused client com.android.internal.view.IInputMethodClient$Stub$Proxy@42d61008 (uid=10066 pid=4418)
05-20 16:02:15.791 I/ActivityManager(  374): START u0 {cmp=com.pekall.emdm.launcher/com.pekall.emdm.ui.RegDeviceActivity} from pid 4418
05-20 16:02:16.033 I/ActivityManager(  374): START u0 {flg=0x8000 cmp=com.pekall.emdm.launcher/.Launcher} from pid 4418
05-20 16:02:16.424 W/ActivityManager(  374): Unable to start service Intent { act=pekall.intent.action.DOWNLOAD_APP (has extras) } U=0: not found
05-20 16:02:17.330 W/ActivityManager(  374): Unable to start service Intent { cmp=com.pekall.emdm.launcher/com.pekall.semail.service.AttachmentDownloadService } U=0: not found
05-20 16:02:17.346 I/ActivityManager(  374): START u0 {cmp=com.pekall.emdm.launcher/com.pekall.emdm.ui.SplashActivity} from pid 4418
05-20 16:02:17.838 I/ActivityManager(  374): START u0 {cmp=com.pekall.emdm.launcher/com.pekall.emdm.ui.ActiveDeviceAdminActivity} from pid 4418
05-20 16:02:17.838 W/ActivityManager(  374): Duplicate finish request for ActivityRecord{42295ac8 u0 com.pekall.emdm.launcher/com.pekall.emdm.ui.SplashActivity}
05-20 16:02:17.853 W/ActivityManager(  374): Activity pause timeout for ActivityRecord{426d03d8 u0 com.pekall.emdm.launcher/.Launcher}
05-20 16:02:18.400 I/ActivityManager(  374): START u0 {cmp=com.pekall.emdm.launcher/com.pekall.emdm.ui.RegDeviceActivity} from pid 4418
05-20 16:02:18.635 I/ActivityManager(  374): START u0 {flg=0x8000 cmp=com.pekall.emdm.launcher/.Launcher} from pid 4418
05-20 16:02:22.775 W/ActivityManager(  374): Activity idle timeout for ActivityRecord{428efe38 u0 com.pekall.emdm.launcher/com.pekall.emdm.ui.ActiveDeviceAdminActivity}
05-20 16:02:23.189 W/ActivityManager(  374): Launch timeout has expired, giving up wake lock!
05-20 16:02:27.431 W/MountService(  374): getVolumeState(/storage/emulated/0/external_sd): Unknown volume
05-20 16:02:27.439 W/MountService(  374): getVolumeState(/mnt/sdcard-ext): Unknown volume
05-20 16:02:27.439 W/MountService(  374): getVolumeState(/mnt/ext_sdcard): Unknown volume
05-20 16:02:27.439 W/MountService(  374): getVolumeState(/mnt/sdcard2): Unknown volume
05-20 16:02:27.439 W/MountService(  374): getVolumeState(/mnt/emmc): Unknown volume
05-20 16:02:27.439 W/MountService(  374): getVolumeState(/mnt/extSdCard): Unknown volume
05-20 16:02:27.439 W/MountService(  374): getVolumeState(/mnt/sdcard/SD_CARD): Unknown volume
05-20 16:02:27.439 W/MountService(  374): getVolumeState(/mnt/sdcard/extra_sd): Unknown volume
05-20 16:02:27.439 W/MountService(  374): getVolumeState(/mnt/extrasd_bind): Unknown volume
05-20 16:02:27.447 W/MountService(  374): getVolumeState(/mnt/sdcard/ext_sd): Unknown volume
05-20 16:02:27.447 W/MountService(  374): getVolumeState(/storage/extSdCard): Unknown volume
05-20 16:02:27.447 W/MountService(  374): getVolumeState(/storage/sdcard1): Unknown volume
05-20 16:02:27.447 W/MountService(  374): getVolumeState(/mnt/sdcard/external_SD): Unknown volume
05-20 16:02:27.447 W/MountService(  374): getVolumeState(/mnt/sdcard/external_sd): Unknown volume
05-20 16:02:27.721 W/MountService(  374): getVolumeState(/storage/emulated/0/external_sd): Unknown volume
05-20 16:02:27.721 W/MountService(  374): getVolumeState(/mnt/sdcard-ext): Unknown volume
05-20 16:02:27.728 W/MountService(  374): getVolumeState(/mnt/ext_sdcard): Unknown volume
05-20 16:02:27.728 W/MountService(  374): getVolumeState(/mnt/sdcard2): Unknown volume
05-20 16:02:27.728 W/MountService(  374): getVolumeState(/mnt/emmc): Unknown volume
05-20 16:02:27.728 W/MountService(  374): getVolumeState(/mnt/extSdCard): Unknown volume
05-20 16:02:27.728 W/MountService(  374): getVolumeState(/mnt/sdcard/SD_CARD): Unknown volume
05-20 16:02:27.728 W/MountService(  374): getVolumeState(/mnt/sdcard/extra_sd): Unknown volume
05-20 16:02:27.728 W/MountService(  374): getVolumeState(/mnt/extrasd_bind): Unknown volume
05-20 16:02:27.728 W/MountService(  374): getVolumeState(/mnt/sdcard/ext_sd): Unknown volume
05-20 16:02:27.728 W/MountService(  374): getVolumeState(/storage/extSdCard): Unknown volume
05-20 16:02:27.728 W/MountService(  374): getVolumeState(/storage/sdcard1): Unknown volume
05-20 16:02:27.728 W/MountService(  374): getVolumeState(/mnt/sdcard/external_SD): Unknown volume
05-20 16:02:27.728 W/MountService(  374): getVolumeState(/mnt/sdcard/external_sd): Unknown volume
05-20 16:02:28.955 W/ActivityManager(  374): Activity idle timeout for ActivityRecord{42a1ca60 u0 com.pekall.emdm.launcher/.Launcher}
05-20 16:02:32.783 W/ActivityManager(  374): Activity destroy timeout for ActivityRecord{428efe38 u0 com.pekall.emdm.launcher/com.pekall.emdm.ui.ActiveDeviceAdminActivity}
05-20 16:02:32.783 W/ActivityManager(  374): Activity destroy timeout for ActivityRecord{42c12b18 u0 com.pekall.emdm.launcher/com.pekall.emdm.ui.RegDeviceActivity}
05-20 16:02:32.783 W/ActivityManager(  374): Activity destroy timeout for ActivityRecord{425f4650 u0 com.pekall.emdm.launcher/com.pekall.emdm.ui.ActiveDeviceAdminActivity}
05-20 16:02:32.783 W/ActivityManager(  374): Activity destroy timeout for ActivityRecord{4285a898 u0 com.pekall.emdm.launcher/.Launcher}
05-20 16:02:32.791 W/ActivityManager(  374): Activity destroy timeout for ActivityRecord{42295ac8 u0 com.pekall.emdm.launcher/com.pekall.emdm.ui.SplashActivity}
05-20 16:02:32.791 W/ActivityManager(  374): Activity destroy timeout for ActivityRecord{426b2c50 u0 com.pekall.emdm.launcher/com.pekall.emdm.ui.RegDeviceActivity}
05-20 16:02:32.791 W/ActivityManager(  374): Activity destroy timeout for ActivityRecord{427b5718 u0 com.pekall.emdm.launcher/com.pekall.emdm.ui.ActiveDeviceAdminActivity}
05-20 16:02:32.791 W/ActivityManager(  374): Activity destroy timeout for ActivityRecord{426d03d8 u0 com.pekall.emdm.launcher/.Launcher}
05-20 16:02:32.791 W/ActivityManager(  374): Activity destroy timeout for ActivityRecord{427ece40 u0 com.pekall.emdm.launcher/com.pekall.emdm.ui.RegDeviceActivity}
05-20 16:02:37.322 I/WindowManager(  374): Input event dispatching timed out sending to application AppWindowToken{42d63428 token=Token{42d566e8 ActivityRecord{42a1ca60 u0 com.pekall.emdm.launcher/.Launcher}}}
05-20 16:02:37.377 W/InputManager(  374): Input event injection from pid 5025 timed out.
05-20 16:02:39.244 E/ActivityManager(  374): ANR in com.pekall.emdm.launcher (com.pekall.emdm.launcher/.Launcher)
05-20 16:02:39.244 E/ActivityManager(  374): Reason: keyDispatchingTimedOut
05-20 16:02:39.244 E/ActivityManager(  374): Load: 2.56 / 2.09 / 1.71
05-20 16:02:39.244 E/ActivityManager(  374): CPU usage from 9174ms to 0ms ago:
05-20 16:02:39.244 E/ActivityManager(  374):   98% 4418/com.pekall.emdm.launcher: 98% user + 0.1% kernel / faults: 10 minor
05-20 16:02:39.244 E/ActivityManager(  374):   3.1% 374/system_server: 1.9% user + 1.1% kernel / faults: 402 minor 3 major
05-20 16:02:39.244 E/ActivityManager(  374):   0.6% 1661/com.qihoo360.mobilesafe:GuardService: 0.4% user + 0.2% kernel / faults: 19 minor
05-20 16:02:39.244 E/ActivityManager(  374):   0.3% 2462/com.dragon.android.pandaspace: 0.3% user + 0% kernel / faults: 14 minor
05-20 16:02:39.244 E/ActivityManager(  374):   0.2% 124/surfaceflinger: 0.1% user + 0.1% kernel
05-20 16:02:39.244 E/ActivityManager(  374):   0.2% 2530/com.qihoo.appstore: 0.2% user + 0% kernel
05-20 16:02:39.244 E/ActivityManager(  374):   0.1% 135/adbd: 0% user + 0.1% kernel
05-20 16:02:39.244 E/ActivityManager(  374):   0.1% 1468/com.qihoo.daemon: 0.1% user + 0% kernel
05-20 16:02:39.244 E/ActivityManager(  374):   0% 2245/kworker/1:1: 0% user + 0% kernel
05-20 16:02:39.244 E/ActivityManager(  374):   0% 4299/com.nd.assistance.ServerService: 0% user + 0% kernel / faults: 24 minor
05-20 16:02:39.244 E/ActivityManager(  374):   0.1% 4995/logcat: 0% user + 0.1% kernel
05-20 16:02:39.244 E/ActivityManager(  374):   0.1% 5025/uiautomator: 0.1% user + 0% kernel / faults: 41 minor
05-20 16:02:39.244 E/ActivityManager(  374): 51% TOTAL: 50% user + 0.8% kernel + 0% iowait
05-20 16:02:39.244 E/ActivityManager(  374): CPU usage from 1244ms to 1767ms later:
05-20 16:02:39.244 E/ActivityManager(  374):   98% 4418/com.pekall.emdm.launcher: 98% user + 0% kernel
05-20 16:02:39.244 E/ActivityManager(  374):     94% 4431/Thread-1713: 94% user + 0% kernel
05-20 16:02:39.244 E/ActivityManager(  374):   7.5% 374/system_server: 3.7% user + 3.7% kernel / faults: 2 minor
05-20 16:02:39.244 E/ActivityManager(  374):     3.7% 390/ActivityManager: 0% user + 3.7% kernel
05-20 16:02:39.244 E/ActivityManager(  374):     1.8% 386/SensorService: 1.8% user + 0% kernel
05-20 16:02:39.244 E/ActivityManager(  374):     1.8% 631/Binder_A: 1.8% user + 0% kernel
05-20 16:02:39.244 E/ActivityManager(  374):   1.4% 1661/com.qihoo360.mobilesafe:GuardService: 1.4% user + 0% kernel
05-20 16:02:39.244 E/ActivityManager(  374):     1.4% 1661/fe:GuardService: 1.4% user + 0% kernel
05-20 16:02:39.244 E/ActivityManager(  374):   1.5% 5025/uiautomator: 1.5% user + 0% kernel / faults: 10 minor
05-20 16:02:39.244 E/ActivityManager(  374): 52% TOTAL: 49% user + 2.8% kernel
