05-20 16:16:50.994 D/dalvikvm( 5741): GC_CONCURRENT freed 368K, 70% free 760K/2500K, paused 2ms+1ms, total 6ms
05-20 16:16:51.135 D/dalvikvm( 5741): GC_CONCURRENT freed 467K, 70% free 751K/2500K, paused 1ms+0ms, total 6ms
05-20 16:16:51.322 D/dalvikvm( 5741): GC_CONCURRENT freed 457K, 69% free 784K/2500K, paused 0ms+1ms, total 7ms
05-20 16:16:51.471 D/dalvikvm( 5741): GC_CONCURRENT freed 422K, 70% free 766K/2500K, paused 0ms+1ms, total 5ms
05-20 16:16:51.603 D/dalvikvm( 5741): GC_CONCURRENT freed 488K, 71% free 730K/2500K, paused 1ms+1ms, total 5ms
05-20 16:16:51.744 D/dalvikvm( 5741): GC_CONCURRENT freed 369K, 71% free 745K/2500K, paused 2ms+0ms, total 6ms
05-20 16:16:51.892 D/dalvikvm( 5741): GC_CONCURRENT freed 367K, 70% free 762K/2500K, paused 2ms+1ms, total 6ms
05-20 16:16:52.017 D/dalvikvm( 5741): GC_CONCURRENT freed 468K, 70% free 751K/2500K, paused 2ms+1ms, total 6ms
05-20 16:16:52.189 D/dalvikvm( 5741): GC_CONCURRENT freed 389K, 70% free 766K/2500K, paused 0ms+1ms, total 5ms
05-20 16:16:52.330 V/KeyguardHostView(  374): hide transport, gen:1
05-20 16:16:52.338 V/KeyguardHostView(  374): music state changed: 0
05-20 16:16:52.377 D/dalvikvm( 5741): GC_CONCURRENT freed 467K, 70% free 751K/2500K, paused 1ms+1ms, total 9ms
05-20 16:16:52.400 V/TAG     (  374): bug 7643792: fitSystemWindows([0,50][0,0])
05-20 16:16:52.408 D/PhoneStatusBar(  448): disable: < expand icons alerts ticker system_info back home RECENT* clock SEARCH* >
05-20 16:16:52.408 V/PanelView(  448): animationTick called with dtms=0; nothing to do (h=1184.0 v=-4000.0)
05-20 16:16:52.689 D/dalvikvm( 5741): GC_CONCURRENT freed 554K, 75% free 628K/2500K, paused 1ms+1ms, total 10ms
05-20 16:16:52.728 W/QueryController( 5741): AccessibilityNodeInfo returned a null child (0 of 2)
05-20 16:16:52.728 W/QueryController( 5741): parent = android.view.accessibility.AccessibilityNodeInfo@172b7e; boundsInParent: Rect(0, 0 - 720, 140); boundsInScreen: Rect(0, 236 - 720, 376); packageName: com.android.systemui; className: android.widget.FrameLayout; text: null; contentDescription: null; viewIdResName: null; checkable: false; checked: false; focusable: false; focused: false; selected: false; clickable: false; longClickable: false; enabled: true; password: false; scrollable: false; [ACTION_SELECT, ACTION_CLEAR_SELECTION, ACTION_ACCESSIBILITY_FOCUS]
05-20 16:16:52.728 W/QueryController( 5741): AccessibilityNodeInfo returned a null child (1 of 2)
05-20 16:16:52.728 W/QueryController( 5741): AccessibilityNodeInfo returned a null child (4 of 14)
05-20 16:16:52.728 W/QueryController( 5741): parent = android.view.accessibility.AccessibilityNodeInfo@13f67; boundsInParent: Rect(0, 0 - 720, 1960); boundsInScreen: Rect(0, 96 - 720, 2056); packageName: com.android.systemui; className: android.widget.LinearLayout; text: null; contentDescription: null; viewIdResName: com.android.systemui:id/latestItems; checkable: false; checked: false; focusable: false; focused: false; selected: false; clickable: false; longClickable: false; enabled: true; password: false; scrollable: false; [ACTION_SELECT, ACTION_CLEAR_SELECTION, ACTION_ACCESSIBILITY_FOCUS]
05-20 16:16:52.736 W/QueryController( 5741): AccessibilityNodeInfo returned a null child (5 of 14)
05-20 16:16:52.736 W/QueryController( 5741): AccessibilityNodeInfo returned a null child (6 of 14)
05-20 16:16:52.736 W/QueryController( 5741): AccessibilityNodeInfo returned a null child (7 of 14)
05-20 16:16:52.736 W/QueryController( 5741): AccessibilityNodeInfo returned a null child (8 of 14)
05-20 16:16:52.736 W/QueryController( 5741): AccessibilityNodeInfo returned a null child (9 of 14)
05-20 16:16:52.736 W/QueryController( 5741): AccessibilityNodeInfo returned a null child (10 of 14)
05-20 16:16:52.744 W/QueryController( 5741): AccessibilityNodeInfo returned a null child (11 of 14)
05-20 16:16:52.744 W/QueryController( 5741): AccessibilityNodeInfo returned a null child (12 of 14)
05-20 16:16:52.744 W/QueryController( 5741): AccessibilityNodeInfo returned a null child (13 of 14)
05-20 16:16:52.869 D/PhoneStatusBar(  448): disable: < expand icons alerts ticker system_info BACK* HOME* RECENT CLOCK* SEARCH >
05-20 16:16:53.635 D/dalvikvm( 1661): GC_EXPLICIT freed 961K, 18% free 13116K/15888K, paused 2ms+26ms, total 279ms
05-20 16:16:54.080 I/AndroidRuntime( 5741): VM exiting with result code 0.
05-20 16:16:55.283 V/a       ( 5090): Wait for reconcileAccounts finished in 45013ms
05-20 16:16:55.330 D/ExchangeService( 5090): !!! EAS ExchangeService, stopping self
05-20 16:16:57.885 I/Process (  374): Sending signal. PID: 5756 SIG: 3
05-20 16:16:57.885 W/BroadcastQueue(  374): Timeout of broadcast BroadcastRecord{430c6fd0 u-1 android.intent.action.SCREEN_OFF} - receiver=android.os.BinderProxy@4269aca8, started 10000ms ago
05-20 16:16:57.885 W/BroadcastQueue(  374): Receiver during timeout: BroadcastFilter{42d8eea8 u0 ReceiverList{42d912c8 5756 com.pekall.emdm.launcher:remote/10066/u0 remote:4269aca8}}
05-20 16:16:57.892 I/dalvikvm( 5756): threadid=3: reacting to signal 3
05-20 16:16:57.908 I/WindowManager(  374): Lock screen displayed!
05-20 16:16:58.049 D/LightsService(  374): Excessive delay setting light: 95ms
05-20 16:16:58.088 I/Process (  374): Sending signal. PID: 374 SIG: 3
05-20 16:16:58.088 I/dalvikvm(  374): threadid=3: reacting to signal 3
05-20 16:16:58.142 D/dalvikvm( 5756): JIT unchain all for threadid=11
05-20 16:16:58.213 I/dalvikvm( 5756): Wrote stack traces to '/data/anr/traces.txt'
05-20 16:16:58.744 D/dalvikvm( 1661): GC_EXPLICIT freed 39K, 18% free 13077K/15888K, paused 2ms+6ms, total 101ms
05-20 16:16:59.978 I/dalvikvm(  374): Wrote stack traces to '/data/anr/traces.txt'
05-20 16:16:59.986 I/Process (  374): Sending signal. PID: 448 SIG: 3
05-20 16:16:59.986 I/dalvikvm(  448): threadid=3: reacting to signal 3
05-20 16:16:59.986 I/Process (  374): Sending signal. PID: 561 SIG: 3
05-20 16:16:59.986 I/dalvikvm(  561): threadid=3: reacting to signal 3
05-20 16:17:00.041 I/dalvikvm(  561): Wrote stack traces to '/data/anr/traces.txt'
05-20 16:17:00.041 I/Process (  374): Sending signal. PID: 568 SIG: 3
05-20 16:17:00.041 I/dalvikvm(  568): threadid=3: reacting to signal 3
05-20 16:17:00.111 I/dalvikvm(  568): Wrote stack traces to '/data/anr/traces.txt'
05-20 16:17:00.416 I/dalvikvm(  448): Wrote stack traces to '/data/anr/traces.txt'
05-20 16:17:00.681 D/dalvikvm(  374): GC_EXPLICIT freed 1544K, 23% free 22238K/28616K, paused 3ms+14ms, total 160ms
05-20 16:17:01.275 I/Process (  374): Sending signal. PID: 5090 SIG: 3
05-20 16:17:01.275 I/dalvikvm( 5090): threadid=3: reacting to signal 3
05-20 16:17:01.478 E/ActivityManager(  374): ANR in com.pekall.emdm.launcher:remote
05-20 16:17:01.478 E/ActivityManager(  374): Reason: Broadcast of Intent { act=android.intent.action.SCREEN_OFF flg=0x50000010 }
05-20 16:17:01.478 E/ActivityManager(  374): Load: 3.86 / 2.3 / 1.93
05-20 16:17:01.478 E/ActivityManager(  374): CPU usage from 10491ms to 658ms ago:
05-20 16:17:01.478 E/ActivityManager(  374):   74% 5090/com.pekall.emdm.launcher: 74% user + 0.5% kernel / faults: 1387 minor
05-20 16:17:01.478 E/ActivityManager(  374):   74% 5756/com.pekall.emdm.launcher:remote: 74% user + 0% kernel / faults: 1 minor
05-20 16:17:01.478 E/ActivityManager(  374):   17% 448/com.android.systemui: 16% user + 1% kernel / faults: 699 minor
05-20 16:17:01.478 E/ActivityManager(  374):   12% 374/system_server: 10% user + 2.4% kernel / faults: 2309 minor 1 major
05-20 16:17:01.478 E/ActivityManager(  374):   3.2% 124/surfaceflinger: 1.3% user + 1.9% kernel / faults: 10206 minor
05-20 16:17:01.478 E/ActivityManager(  374):   0.3% 576/com.android.launcher: 0.2% user + 0% kernel / faults: 180 minor
05-20 16:17:01.478 E/ActivityManager(  374):   0.8% 1661/com.qihoo360.mobilesafe:GuardService: 0.8% user + 0% kernel / faults: 203 minor
05-20 16:17:01.478 E/ActivityManager(  374):   0.4% 135/adbd: 0.2% user + 0.2% kernel / faults: 19 minor
05-20 16:17:01.478 E/ActivityManager(  374):   0.1% 5545/kworker/u:1: 0% user + 0.1% kernel
05-20 16:17:01.478 E/ActivityManager(  374):   0% 5533/kworker/u:0: 0% user + 0% kernel
05-20 16:17:01.478 E/ActivityManager(  374):   0.3% 5579/kworker/0:1: 0% user + 0.3% kernel
05-20 16:17:01.478 E/ActivityManager(  374):   0% 24/kswapd0: 0% user + 0% kernel
05-20 16:17:01.478 E/ActivityManager(  374):   0% 121/netd: 0% user + 0% kernel
05-20 16:17:01.478 E/ActivityManager(  374):   0.2% 2530/com.qihoo.appstore: 0.2% user + 0% kernel / faults: 1 minor
05-20 16:17:01.478 E/ActivityManager(  374):   0% 2820/kworker/u:4: 0% user + 0% kernel
05-20 16:17:01.478 E/ActivityManager(  374):   0.1% 95/ueventd: 0% user + 0.1% kernel
05-20 16:17:01.478 E/ActivityManager(  374):   0.1% 116/servicemanager: 0% user + 0.1% kernel
05-20 16:17:01.478 E/ActivityManager(  374):   0.1% 117/vold: 0% user + 0.1% kernel
05-20 16:17:01.478 E/ActivityManager(  374):   0.1% 568/com.android.nfc: 0% user + 0.1% kernel / faults: 3 minor
05-20 16:17:01.478 E/ActivityManager(  374):   0.1% 1468/com.qihoo.daemon: 0% user + 0.1% kernel / faults: 33 minor
05-20 16:17:01.478 E/ActivityManager(  374):   0% 2267/com.tencent.android.qqdownloader: 0% user + 0% kernel / faults: 25 minor
05-20 16:17:01.478 E/ActivityManager(  374):   0.1% 2462/com.dragon.android.pandaspace: 0.1% user + 0% kernel / faults: 1 minor
05-20 16:17:01.478 E/ActivityManager(  374):   0.1% 3634/kworker/1:0: 0% user + 0.1% kernel
05-20 16:17:01.478 E/ActivityManager(  374):   0% 5432/com.google.android.apps.maps:GoogleLocationService: 0% user + 0% kernel / faults: 21 minor
05-20 16:17:01.478 E/ActivityManager(  374):   0% 5500/com.dragon.android.pandaspace:bdservice_v1: 0% user + 0% kernel / faults: 4 minor
05-20 16:17:01.478 E/ActivityManager(  374): 100% TOTAL: 96% user + 3.9% kernel
05-20 16:17:01.478 E/ActivityManager(  374): CPU usage from 2801ms to 3353ms later with 101% awake:
05-20 16:17:01.478 E/ActivityManager(  374):   92% 5090/com.pekall.emdm.launcher: 90% user + 1.8% kernel
05-20 16:17:01.478 E/ActivityManager(  374):     90% 5103/Thread-1728: 90% user + 0% kernel
05-20 16:17:01.478 E/ActivityManager(  374):   74% 5756/com.pekall.emdm.launcher:remote: 74% user + 0% kernel
05-20 16:17:01.478 E/ActivityManager(  374):     74% 5769/Thread-1773: 74% user + 0% kernel
05-20 16:17:01.478 E/ActivityManager(  374):   22% 374/system_server: 16% user + 5.6% kernel / faults: 24 minor
05-20 16:17:01.478 E/ActivityManager(  374):     16% 388/UI: 15% user + 1.8% kernel
05-20 16:17:01.478 E/ActivityManager(  374):     5.6% 390/ActivityManager: 1.8% user + 3.7% kernel
05-20 16:17:01.478 E/ActivityManager(  374):   3.7% 124/surfaceflinger: 3.7% user + 0% kernel
05-20 16:17:01.478 E/ActivityManager(  374):     1.8% 151/SurfaceFlinger: 1.8% user + 0% kernel
05-20 16:17:01.478 E/ActivityManager(  374):     1.8% 165/SurfaceFlinger: 0% user + 1.8% kernel
05-20 16:17:01.478 E/ActivityManager(  374):     1.8% 169/EventThread: 0% user + 1.8% kernel
05-20 16:17:01.478 E/ActivityManager(  374):     1.8% 170/Binder_1: 1.8% user + 0% kernel
05-20 16:17:01.478 E/ActivityManager(  374):     1.8% 263/Binder_3: 0% user + 1.8% kernel
05-20 16:17:01.478 E/ActivityManager(  374):     1.8% 5942/Binder_6: 1.8% user + 0% kernel
05-20 16:17:01.478 E/ActivityManager(  374):   1.2% 3787/kworker/u:2: 0% user + 1.2% kernel
05-20 16:17:01.478 E/ActivityManager(  374):   1.2% 5533/kworker/u:0: 0% user + 1.2% kernel
05-20 16:17:01.478 E/ActivityManager(  374): 100% TOTAL: 93% user + 6.4% kernel
05-20 16:17:01.494 W/ActivityManager(  374): Killing ProcessRecord{4228e180 5756:com.pekall.emdm.launcher:remote/u0a10066}: background ANR
05-20 16:17:01.494 W/ActivityManager(  374): Timeout executing service: ServiceRecord{43022348 u0 com.pekall.emdm.launcher/com.baidu.location.f}
05-20 16:17:01.502 I/ActivityManager(  374): Skipping duplicate ANR: ProcessRecord{4228e180 5756:com.pekall.emdm.launcher:remote/u0a10066} Executing service com.pekall.emdm.launcher/com.baidu.location.f
05-20 16:17:01.525 D/dalvikvm( 5090): JIT unchain all for threadid=11
05-20 16:17:01.525 I/ActivityManager(  374): Process com.pekall.emdm.launcher:remote (pid 5756) has died.
05-20 16:17:01.525 W/ActivityManager(  374): Scheduling restart of crashed service com.pekall.emdm.launcher/com.baidu.location.f in 20000ms
05-20 16:17:01.635 I/dalvikvm( 5090): Wrote stack traces to '/data/anr/traces.txt'
05-20 16:17:01.635 W/Parcel  ( 1661): Attempt to read object from Parcel 0x6003bdac at offset 200 that is not in the object list
05-20 16:17:01.635 D/ExchangeService( 5090): !!! EAS ExchangeService, onDestroy
05-20 16:17:01.666 D/dalvikvm(  448): GC_CONCURRENT freed 1087K, 15% free 13847K/16128K, paused 2ms+25ms, total 91ms
05-20 16:17:01.705 V/WiseDownloadConditionControler( 2267): checkCondition  type : WISE_DOWNLOAD  inerrupting: true
05-20 16:17:01.752 W/Settings( 1661): Setting airplane_mode_on has moved from android.provider.Settings.System to android.provider.Settings.Global, returning read-only value.
05-20 16:17:01.767 V/DigitalWidgetViewsFactory( 2749): DigitalWidget sets next alarm string to null
05-20 16:17:01.791 W/Parcel  ( 1661): Attempt to read object from Parcel 0x6003bdac at offset 200 that is not in the object list
05-20 16:17:08.689 D/dalvikvm( 1661): GC_EXPLICIT freed 501K, 18% free 13106K/15888K, paused 2ms+3ms, total 45ms
05-20 16:17:16.588 D/LightsService(  374): Excessive delay setting light: 69ms
05-20 16:17:16.861 D/LightsService(  374): Excessive delay setting light: 64ms
05-20 16:17:21.549 D/dalvikvm( 5807): Late-enabling CheckJNI
05-20 16:17:21.549 I/ActivityManager(  374): Start proc com.pekall.emdm.launcher:remote for service com.pekall.emdm.launcher/com.baidu.location.f: pid=5807 uid=10066 gids={50066, 1015, 3002, 3001, 3003, 1028}
05-20 16:17:21.603 V/MyServiceConnection( 5807): [SConnection] sandbox service is NOT installed.
05-20 16:17:21.603 D/ScClassLoader( 5807): >> SOURCE FILE: /data/data/com.pekall.emdm.launcher/app_jars/sc-jdk15on-1.47.0.2.dex.jar
05-20 16:17:21.603 V/MyServiceConnection( 5807): [SConnection] binding service: pekall.intent.action.SANDBOX_SERVICE
05-20 16:17:21.650 D/dalvikvm( 5807): GC_CONCURRENT freed 150K, 2% free 9284K/9472K, paused 5ms+2ms, total 30ms
05-20 16:17:21.650 D/dalvikvm( 5807): WAIT_FOR_CONCURRENT_GC blocked 4ms
05-20 16:17:21.650 W/Parcel  ( 1661): Attempt to read object from Parcel 0x5ec3bdac at offset 200 that is not in the object list
05-20 16:17:21.658 W/Parcel  ( 1661): Attempt to read object from Parcel 0x5ef3bdac at offset 200 that is not in the object list
05-20 16:17:21.658 D/Email   ( 5807): Email: init sandbox at the beginning.
05-20 16:17:21.658 V/MyServiceConnection( 5807): [SConnection] retry to bind service
05-20 16:17:21.658 V/MyServiceConnection( 5807): [SConnection] sandbox service is NOT installed.
05-20 16:17:21.658 V/MyServiceConnection( 5807): [SConnection] binding service: pekall.intent.action.SANDBOX_SERVICE
05-20 16:17:21.666 V/MyServiceConnection( 5807): [SConnection] retry to bind service
05-20 16:17:21.666 V/MyServiceConnection( 5807): [SConnection] sandbox service is NOT installed.
05-20 16:17:21.666 V/MyServiceConnection( 5807): [SConnection] binding service: pekall.intent.action.SANDBOX_SERVICE
05-20 16:17:21.674 V/l       ( 5807): Bind requested for task setLogging
05-20 16:17:21.681 D/ExchangeService( 5090): !!! EAS ExchangeService, onCreate
05-20 16:17:21.681 W/Parcel  ( 1661): Attempt to read object from Parcel 0x6013bdac at offset 200 that is not in the object list
05-20 16:17:21.681 D/ExchangeService( 5090): !!! EAS ExchangeService, onStartCommand, startingUp = false, running = false
05-20 16:17:21.681 D/ExchangeService( 5090): to start secureStorageService now
05-20 16:17:21.681 V/a       ( 5090): Bind requested for task test
05-20 16:17:21.705 V/a       ( 5090): Connected: com.pekall.semail.service.AccountServiceInternal
05-20 16:17:21.705 D/ExchangeService( 5090): Reconciling accounts...
05-20 16:17:21.705 V/a       ( 5090): Bind requested for task reconcileAccounts
05-20 16:17:21.705 V/a       ( 5090): Connection test succeeded in 21ms
05-20 16:17:21.705 V/a       ( 5090): Task test completed; disconnecting
05-20 16:17:21.721 V/a       ( 5090): Connected: com.pekall.semail.service.AccountServiceInternal
05-20 16:17:21.728 V/a       ( 5090): Waiting for task reconcileAccounts to complete...
05-20 16:17:21.736 W/DocumentManager( 5807): Sandbox service is not connected.
05-20 16:17:21.736 D/MessageControllerImpl( 5807): controller is null
05-20 16:17:21.736 V/MyServiceConnection( 5807): [SConnection] retry to bind service
05-20 16:17:21.736 V/MyServiceConnection( 5807): [SConnection] sandbox service is NOT installed.
05-20 16:17:21.736 V/MyServiceConnection( 5807): [SConnection] binding service: pekall.intent.action.SANDBOX_SERVICE
05-20 16:17:21.736 V/a       ( 5090): Task reconcileAccounts completed; disconnecting
05-20 16:17:21.736 V/a       ( 5090): Wait for reconcileAccounts finished in 9ms
05-20 16:17:21.736 D/dalvikvm( 5807): GC_CONCURRENT freed 228K, 3% free 9569K/9836K, paused 5ms+2ms, total 41ms
05-20 16:17:21.736 D/dalvikvm( 5807): WAIT_FOR_CONCURRENT_GC blocked 3ms
05-20 16:17:21.736 D/dalvikvm( 5807): WAIT_FOR_CONCURRENT_GC blocked 3ms
05-20 16:17:21.736 D/dalvikvm( 5807): WAIT_FOR_CONCURRENT_GC blocked 4ms
05-20 16:17:21.736 W/SQLiteOpenHelper( 5807): Opened /data/data/com.pekall.emdm.launcher/databases/message.db
05-20 16:17:21.744 W/dalvikvm( 5807): No implementation found for native Lcom/pekall/sandbox/database/sqlite/SQLiteDatabase;.native_setSqliteSoftHeapLimit:(I)V
05-20 16:17:21.744 D/AndroidRuntime( 5807): Shutting down VM
05-20 16:17:21.744 W/dalvikvm( 5807): threadid=1: thread exiting with uncaught exception (group=0x419c8700)
05-20 16:17:21.744 D/        ( 5807): [---null: -1---]  Thread is main
05-20 16:17:21.744 W/System.err( 5807): java.lang.UnsatisfiedLinkError: Native method not found: com.pekall.sandbox.database.sqlite.SQLiteDatabase.native_setSqliteSoftHeapLimit:(I)V
05-20 16:17:21.752 W/System.err( 5807): 	at com.pekall.sandbox.database.sqlite.SQLiteDatabase.native_setSqliteSoftHeapLimit(Native Method)
05-20 16:17:21.752 W/System.err( 5807): 	at com.pekall.sandbox.database.sqlite.SQLiteDatabase.<init>(Unknown Source)
05-20 16:17:21.752 W/System.err( 5807): 	at com.pekall.sandbox.database.sqlite.SQLiteDatabase.openDatabase(Unknown Source)
05-20 16:17:21.752 W/System.err( 5807): 	at com.pekall.sandbox.database.sqlite.SQLiteDatabase.openDatabase(Unknown Source)
05-20 16:17:21.752 W/System.err( 5807): 	at com.pekall.sandbox.database.sqlite.SQLiteDatabase.openDatabase(Unknown Source)
05-20 16:17:21.752 W/System.err( 5807): 	at com.pekall.sandbox.database.sqlite.SQLiteOpenHelper.getWritableDatabase(Unknown Source)
05-20 16:17:21.752 W/System.err( 5807): 	at com.pekall.emdm.messagecenter.db.a.a(Unknown Source)
05-20 16:17:21.752 W/System.err( 5807): 	at com.pekall.emdm.messagecenter.db.a.b(Unknown Source)
05-20 16:17:21.752 W/System.err( 5807): 	at com.pekall.emdm.messagecenter.activity.a.onCreate(Unknown Source)
05-20 16:17:21.752 W/System.err( 5807): 	at com.pekall.emdm.launcher.LauncherApplication.onCreate(Unknown Source)
05-20 16:17:21.752 W/System.err( 5807): 	at android.app.Instrumentation.callApplicationOnCreate(Instrumentation.java:1007)
05-20 16:17:21.752 W/System.err( 5807): 	at android.app.ActivityThread.handleBindApplication(ActivityThread.java:4444)
05-20 16:17:21.752 W/System.err( 5807): 	at android.app.ActivityThread.access$1300(ActivityThread.java:141)
05-20 16:17:21.752 W/System.err( 5807): 	at android.app.ActivityThread$H.handleMessage(ActivityThread.java:1316)
05-20 16:17:21.752 W/System.err( 5807): 	at android.os.Handler.dispatchMessage(Handler.java:99)
05-20 16:17:21.752 W/System.err( 5807): 	at android.os.Looper.loop(Looper.java:137)
05-20 16:17:21.752 W/System.err( 5807): 	at android.app.ActivityThread.main(ActivityThread.java:5103)
05-20 16:17:21.752 W/System.err( 5807): 	at java.lang.reflect.Method.invokeNative(Native Method)
05-20 16:17:21.752 W/System.err( 5807): 	at java.lang.reflect.Method.invoke(Method.java:525)
05-20 16:17:21.752 W/System.err( 5807): 	at com.android.internal.os.ZygoteInit$MethodAndArgsCaller.run(ZygoteInit.java:737)
05-20 16:17:21.752 D/dalvikvm( 5807): WAIT_FOR_CONCURRENT_GC blocked 13ms
05-20 16:17:21.752 W/System.err( 5807): 	at com.android.internal.os.ZygoteInit.main(ZygoteInit.java:553)
05-20 16:17:21.752 W/System.err( 5807): 	at dalvik.system.NativeStart.main(Native Method)
05-20 16:17:21.752 D/dalvikvm( 5807): WAIT_FOR_CONCURRENT_GC blocked 14ms
05-20 16:17:21.775 D/ActivityThread( 5807): Loading provider com.pekall.semail.provider;com.pekall.semail.notifier: com.pekall.semail.provider.EmailProvider
05-20 16:17:21.791 D/ActivityThread( 5807): Loading provider com.pekall.semail.provider;com.pekall.semail.notifier: com.pekall.semail.provider.EmailProvider
05-20 16:17:21.861 D/ExchangeService( 5090): !!! EAS ExchangeService, stopping self
05-20 16:17:22.119 D/dalvikvm( 5807): GC_CONCURRENT freed 473K, 6% free 9482K/9996K, paused 2ms+3ms, total 26ms
05-20 16:17:22.377 I/PowerManagerService(  374): Going to sleep due to screen timeout...
05-20 16:17:22.541 W/EmailProvider( 5807): restoreIfNeeded...
05-20 16:17:22.736 D/EmailProvider( 5807): restoreAccounts...
05-20 16:17:23.072 D/LightsService(  374): Excessive delay setting light: 87ms
05-20 16:17:23.096 D/SurfaceFlinger(  124): Screen released, type=0 flinger=0x40e95478
05-20 16:17:23.275 D/dalvikvm(  374): GC_FOR_ALLOC freed 2782K, 22% free 22363K/28616K, paused 168ms, total 169ms
05-20 16:17:23.330 V/KeyguardHostView(  374): hide transport, gen:1
05-20 16:17:23.330 V/KeyguardHostView(  374): music state changed: 0
05-20 16:17:23.361 V/WiseDownloadConditionControler( 2267): checkCondition  type : TODAY_LAUNCHED_USER  inerrupting: false
05-20 16:17:23.392 V/WiseDownloadConditionControler( 2267): checkCondition  type : TRIGGER_WISE_DOWNLOAD  inerrupting: false
05-20 16:17:23.416 V/MDM :   ( 5090): [null:-1]->Screen receiver is called.
05-20 16:17:23.424 W/Parcel  ( 1661): Attempt to read object from Parcel 0x6013bdac at offset 200 that is not in the object list
05-20 16:17:23.439 W/Parcel  ( 1661): Attempt to read object from Parcel 0x5ec3bdac at offset 200 that is not in the object list
05-20 16:17:23.533 V/WiseDownloadConditionControler( 2267): checkingStatus~~~ 
05-20 16:17:23.564 V/WiseDownloadConditionControler( 2267): checkCondition  type : WISE_DOWNLOAD  inerrupting: false
05-20 16:17:23.838 D/EmailProvider( 5807): No accounts to restore...
05-20 16:17:23.885 D/EmailProvider( 5807): Deleting orphans...
05-20 16:17:24.197 D/EmailProvider( 5807): EmailProvider pre-caching...
05-20 16:17:24.846 D/EmailProvider( 5807): EmailProvider ready.
05-20 16:17:24.986 W/ActivityManager(  374): Unable to start service Intent { cmp=com.pekall.emdm.launcher/com.pekall.semail.service.AttachmentDownloadService } U=0: not found
05-20 16:17:25.002 I/Email   ( 5807): Notifications being toggled: false
05-20 16:17:27.689 W/Parcel  ( 1661): Attempt to read object from Parcel 0x6003bdac at offset 200 that is not in the object list
05-20 16:17:27.986 W/MountService(  374): getVolumeState(/storage/emulated/0/external_sd): Unknown volume
05-20 16:17:27.986 W/MountService(  374): getVolumeState(/mnt/sdcard-ext): Unknown volume
05-20 16:17:28.017 W/MountService(  374): getVolumeState(/mnt/ext_sdcard): Unknown volume
05-20 16:17:28.025 W/MountService(  374): getVolumeState(/mnt/sdcard2): Unknown volume
05-20 16:17:28.049 W/MountService(  374): getVolumeState(/mnt/emmc): Unknown volume
05-20 16:17:28.064 W/MountService(  374): getVolumeState(/mnt/extSdCard): Unknown volume
05-20 16:17:28.064 W/MountService(  374): getVolumeState(/mnt/sdcard/SD_CARD): Unknown volume
05-20 16:17:28.088 W/MountService(  374): getVolumeState(/mnt/sdcard/extra_sd): Unknown volume
05-20 16:17:28.088 W/MountService(  374): getVolumeState(/mnt/extrasd_bind): Unknown volume
05-20 16:17:28.103 W/MountService(  374): getVolumeState(/mnt/sdcard/ext_sd): Unknown volume
05-20 16:17:28.127 W/MountService(  374): getVolumeState(/storage/extSdCard): Unknown volume
05-20 16:17:28.135 W/MountService(  374): getVolumeState(/storage/sdcard1): Unknown volume
05-20 16:17:28.166 W/MountService(  374): getVolumeState(/mnt/sdcard/external_SD): Unknown volume
05-20 16:17:28.181 W/MountService(  374): getVolumeState(/mnt/sdcard/external_sd): Unknown volume
05-20 16:17:30.564 D/dalvikvm( 1468): GC_CONCURRENT freed 493K, 20% free 9734K/12104K, paused 12ms+491ms, total 2242ms
05-20 16:17:30.564 D/dalvikvm( 1468): WAIT_FOR_CONCURRENT_GC blocked 264ms
05-20 16:17:32.814 W/MountService(  374): getVolumeState(/storage/emulated/0/external_sd): Unknown volume
05-20 16:17:32.814 W/MountService(  374): getVolumeState(/mnt/sdcard-ext): Unknown volume
05-20 16:17:32.830 W/MountService(  374): getVolumeState(/mnt/ext_sdcard): Unknown volume
05-20 16:17:32.830 W/MountService(  374): getVolumeState(/mnt/sdcard2): Unknown volume
05-20 16:17:32.846 W/MountService(  374): getVolumeState(/mnt/emmc): Unknown volume
05-20 16:17:32.846 W/MountService(  374): getVolumeState(/mnt/extSdCard): Unknown volume
05-20 16:17:32.846 W/MountService(  374): getVolumeState(/mnt/sdcard/SD_CARD): Unknown volume
05-20 16:17:32.877 W/MountService(  374): getVolumeState(/mnt/sdcard/extra_sd): Unknown volume
05-20 16:17:32.924 W/MountService(  374): getVolumeState(/mnt/extrasd_bind): Unknown volume
05-20 16:17:32.924 W/MountService(  374): getVolumeState(/mnt/sdcard/ext_sd): Unknown volume
05-20 16:17:32.955 W/MountService(  374): getVolumeState(/storage/extSdCard): Unknown volume
05-20 16:17:32.955 W/MountService(  374): getVolumeState(/storage/sdcard1): Unknown volume
05-20 16:17:32.955 W/MountService(  374): getVolumeState(/mnt/sdcard/external_SD): Unknown volume
05-20 16:17:33.010 W/MountService(  374): getVolumeState(/mnt/sdcard/external_sd): Unknown volume
05-20 16:17:33.447 W/BroadcastQueue(  374): Timeout of broadcast BroadcastRecord{4302cea8 u-1 android.intent.action.SCREEN_OFF} - receiver=android.os.BinderProxy@42945570, started 10001ms ago
05-20 16:17:33.447 W/BroadcastQueue(  374): Receiver during timeout: BroadcastFilter{4288e500 u0 ReceiverList{4288ed88 5807 com.pekall.emdm.launcher:remote/10066/u0 remote:42945570}}
05-20 16:17:33.486 I/Process (  374): Sending signal. PID: 5807 SIG: 3
05-20 16:17:33.486 I/dalvikvm( 5807): threadid=3: reacting to signal 3
05-20 16:17:33.596 D/dalvikvm( 1468): GC_CONCURRENT freed 485K, 20% free 9760K/12104K, paused 12ms+5ms, total 1102ms
05-20 16:17:33.596 D/dalvikvm( 1468): WAIT_FOR_CONCURRENT_GC blocked 547ms
05-20 16:17:33.689 I/Process (  374): Sending signal. PID: 374 SIG: 3
05-20 16:17:33.689 I/dalvikvm(  374): threadid=3: reacting to signal 3
05-20 16:17:33.736 D/dalvikvm( 5807): JIT unchain all for threadid=11
05-20 16:17:33.744 D/dalvikvm( 1468): WAIT_FOR_CONCURRENT_GC blocked 362ms
05-20 16:17:33.806 I/dalvikvm( 5807): Wrote stack traces to '/data/anr/traces.txt'
05-20 16:17:38.205 I/Process (  374): Sending signal. PID: 448 SIG: 3
05-20 16:17:38.205 I/dalvikvm(  448): threadid=3: reacting to signal 3
05-20 16:17:38.221 I/Process (  374): Sending signal. PID: 561 SIG: 3
05-20 16:17:38.221 I/dalvikvm(  561): threadid=3: reacting to signal 3
05-20 16:17:38.221 I/dalvikvm(  374): Wrote stack traces to '/data/anr/traces.txt'
05-20 16:17:38.228 I/Process (  374): Sending signal. PID: 568 SIG: 3
05-20 16:17:38.228 I/dalvikvm(  568): threadid=3: reacting to signal 3
05-20 16:17:38.314 I/dalvikvm(  568): Wrote stack traces to '/data/anr/traces.txt'
05-20 16:17:38.346 I/dalvikvm(  561): Wrote stack traces to '/data/anr/traces.txt'
05-20 16:17:38.799 I/dalvikvm(  448): Wrote stack traces to '/data/anr/traces.txt'
05-20 16:17:39.119 D/dalvikvm(  374): GC_EXPLICIT freed 1338K, 19% free 23252K/28616K, paused 5ms+14ms, total 125ms
05-20 16:17:39.744 I/Process (  374): Sending signal. PID: 5090 SIG: 3
05-20 16:17:39.744 I/dalvikvm( 5090): threadid=3: reacting to signal 3
05-20 16:17:39.986 E/ActivityManager(  374): ANR in com.pekall.emdm.launcher:remote
05-20 16:17:39.986 E/ActivityManager(  374): Reason: Broadcast of Intent { act=android.intent.action.SCREEN_OFF flg=0x50000010 }
05-20 16:17:39.986 E/ActivityManager(  374): Load: 3.74 / 2.43 / 1.99
05-20 16:17:39.986 E/ActivityManager(  374): CPU usage from 0ms to 6492ms later with 99% awake:
05-20 16:17:39.986 E/ActivityManager(  374):   84% 5807/com.pekall.emdm.launcher:remote: 83% user + 0.3% kernel / faults: 113 minor
05-20 16:17:39.986 E/ActivityManager(  374):   82% 5090/com.pekall.emdm.launcher: 82% user + 0% kernel
05-20 16:17:39.986 E/ActivityManager(  374):   26% 374/system_server: 21% user + 5% kernel / faults: 483 minor
05-20 16:17:39.986 E/ActivityManager(  374):   1.7% 448/com.android.systemui: 1.5% user + 0.2% kernel / faults: 147 minor
05-20 16:17:39.986 E/ActivityManager(  374):   0.7% 561/com.android.phone: 0.4% user + 0.3% kernel / faults: 29 minor
05-20 16:17:39.986 E/ActivityManager(  374):   0.7% 1468/com.qihoo.daemon: 0.4% user + 0.3% kernel / faults: 39 minor
05-20 16:17:39.986 E/ActivityManager(  374):   0.1% 568/com.android.nfc: 0% user + 0% kernel / faults: 32 minor
05-20 16:17:39.986 E/ActivityManager(  374):   0% 124/surfaceflinger: 0% user + 0% kernel
05-20 16:17:39.986 E/ActivityManager(  374):   0.1% 2530/com.qihoo.appstore: 0.1% user + 0% kernel
05-20 16:17:39.986 E/ActivityManager(  374): 99% TOTAL: 96% user + 3.6% kernel
05-20 16:17:39.986 E/ActivityManager(  374): CPU usage from 5670ms to 6233ms later:
05-20 16:17:39.986 E/ActivityManager(  374):   98% 5090/com.pekall.emdm.launcher: 98% user + 0% kernel
05-20 16:17:39.986 E/ActivityManager(  374):     98% 5103/Thread-1728: 98% user + 0% kernel
05-20 16:17:39.986 E/ActivityManager(  374):   92% 5807/com.pekall.emdm.launcher:remote: 92% user + 0% kernel
05-20 16:17:39.986 E/ActivityManager(  374):     92% 5820/Thread-1776: 92% user + 0% kernel
05-20 16:17:39.986 E/ActivityManager(  374):   12% 374/system_server: 1.7% user + 10% kernel
05-20 16:17:39.986 E/ActivityManager(  374):     10% 390/ActivityManager: 0% user + 10% kernel
05-20 16:17:39.986 E/ActivityManager(  374): 99% TOTAL: 94% user + 4.4% kernel
05-20 16:17:39.994 D/dalvikvm( 5090): JIT unchain all for threadid=11
05-20 16:17:39.994 W/ActivityManager(  374): Killing ProcessRecord{425ffd20 5807:com.pekall.emdm.launcher:remote/u0a10066}: background ANR
05-20 16:17:40.002 I/ActivityManager(  374): Process com.pekall.emdm.launcher:remote (pid 5807) has died.
05-20 16:17:40.002 W/ActivityManager(  374): Scheduling restart of crashed service com.pekall.emdm.launcher/com.baidu.location.f in 80000ms
05-20 16:17:40.111 D/ExchangeService( 5090): !!! EAS ExchangeService, onDestroy
05-20 16:17:40.111 I/dalvikvm( 5090): Wrote stack traces to '/data/anr/traces.txt'
05-20 16:17:40.150 D/dalvikvm(  374): GC_FOR_ALLOC freed 1315K, 20% free 23000K/28616K, paused 127ms, total 127ms
05-20 16:17:40.236 D/dalvikvm(  374): GC_FOR_ALLOC freed 777K, 22% free 22479K/28616K, paused 88ms, total 88ms
05-20 16:18:07.931 D/MdmService( 5090): [null:-1]->receiver action :com.pekall.mdm.action.MDM_ALARM
05-20 16:18:12.127 D/dalvikvm( 5432): GC_CONCURRENT freed 461K, 5% free 9759K/10260K, paused 3ms+3ms, total 43ms
05-20 16:18:12.127 D/dalvikvm( 5432): WAIT_FOR_CONCURRENT_GC blocked 17ms
05-20 16:18:27.791 W/MountService(  374): getVolumeState(/storage/emulated/0/external_sd): Unknown volume
05-20 16:18:27.791 W/MountService(  374): getVolumeState(/mnt/sdcard-ext): Unknown volume
05-20 16:18:27.791 W/MountService(  374): getVolumeState(/mnt/ext_sdcard): Unknown volume
05-20 16:18:27.791 W/MountService(  374): getVolumeState(/mnt/sdcard2): Unknown volume
05-20 16:18:27.791 W/MountService(  374): getVolumeState(/mnt/emmc): Unknown volume
05-20 16:18:27.791 W/MountService(  374): getVolumeState(/mnt/extSdCard): Unknown volume
05-20 16:18:27.799 W/MountService(  374): getVolumeState(/mnt/sdcard/SD_CARD): Unknown volume
05-20 16:18:27.799 W/MountService(  374): getVolumeState(/mnt/sdcard/extra_sd): Unknown volume
05-20 16:18:27.799 W/MountService(  374): getVolumeState(/mnt/extrasd_bind): Unknown volume
05-20 16:18:27.799 W/MountService(  374): getVolumeState(/mnt/sdcard/ext_sd): Unknown volume
05-20 16:18:27.799 W/MountService(  374): getVolumeState(/storage/extSdCard): Unknown volume
05-20 16:18:27.799 W/MountService(  374): getVolumeState(/storage/sdcard1): Unknown volume
05-20 16:18:27.806 W/MountService(  374): getVolumeState(/mnt/sdcard/external_SD): Unknown volume
05-20 16:18:27.806 W/MountService(  374): getVolumeState(/mnt/sdcard/external_sd): Unknown volume
05-20 16:18:27.838 D/dalvikvm( 1468): GC_CONCURRENT freed 515K, 20% free 9756K/12104K, paused 4ms+5ms, total 57ms
05-20 16:18:27.838 D/dalvikvm( 1468): WAIT_FOR_CONCURRENT_GC blocked 21ms
05-20 16:18:27.838 D/dalvikvm( 1468): WAIT_FOR_CONCURRENT_GC blocked 11ms
05-20 16:18:28.181 D/dalvikvm( 1468): GC_CONCURRENT freed 526K, 20% free 9741K/12104K, paused 22ms+6ms, total 68ms
05-20 16:18:28.181 D/dalvikvm( 1468): WAIT_FOR_CONCURRENT_GC blocked 24ms
05-20 16:18:28.181 D/dalvikvm( 1468): WAIT_FOR_CONCURRENT_GC blocked 25ms
05-20 16:18:28.189 W/MountService(  374): getVolumeState(/storage/emulated/0/external_sd): Unknown volume
05-20 16:18:28.189 W/MountService(  374): getVolumeState(/mnt/sdcard-ext): Unknown volume
05-20 16:18:28.189 W/MountService(  374): getVolumeState(/mnt/ext_sdcard): Unknown volume
05-20 16:18:28.189 W/MountService(  374): getVolumeState(/mnt/sdcard2): Unknown volume
05-20 16:18:28.197 W/MountService(  374): getVolumeState(/mnt/emmc): Unknown volume
05-20 16:18:28.197 W/MountService(  374): getVolumeState(/mnt/extSdCard): Unknown volume
05-20 16:18:28.197 W/MountService(  374): getVolumeState(/mnt/sdcard/SD_CARD): Unknown volume
05-20 16:18:28.197 W/MountService(  374): getVolumeState(/mnt/sdcard/extra_sd): Unknown volume
05-20 16:18:28.197 W/MountService(  374): getVolumeState(/mnt/extrasd_bind): Unknown volume
05-20 16:18:28.197 W/MountService(  374): getVolumeState(/mnt/sdcard/ext_sd): Unknown volume
05-20 16:18:28.197 W/MountService(  374): getVolumeState(/storage/extSdCard): Unknown volume
05-20 16:18:28.205 W/MountService(  374): getVolumeState(/storage/sdcard1): Unknown volume
05-20 16:18:28.205 W/MountService(  374): getVolumeState(/mnt/sdcard/external_SD): Unknown volume
05-20 16:18:28.205 W/MountService(  374): getVolumeState(/mnt/sdcard/external_sd): Unknown volume
05-20 16:18:28.314 D/dalvikvm( 1468): GC_CONCURRENT freed 435K, 20% free 9694K/12104K, paused 5ms+4ms, total 34ms
05-20 16:19:00.017 D/dalvikvm( 5851): Late-enabling CheckJNI
05-20 16:19:00.017 I/ActivityManager(  374): Start proc com.pekall.emdm.launcher:remote for service com.pekall.emdm.launcher/com.baidu.location.f: pid=5851 uid=10066 gids={50066, 1015, 3002, 3001, 3003, 1028}
05-20 16:19:00.111 D/ScClassLoader( 5851): >> SOURCE FILE: /data/data/com.pekall.emdm.launcher/app_jars/sc-jdk15on-1.47.0.2.dex.jar
05-20 16:19:00.111 V/MyServiceConnection( 5851): [SConnection] sandbox service is NOT installed.
05-20 16:19:00.111 V/MyServiceConnection( 5851): [SConnection] binding service: pekall.intent.action.SANDBOX_SERVICE
05-20 16:19:00.181 D/dalvikvm( 5851): GC_CONCURRENT freed 153K, 3% free 9280K/9472K, paused 4ms+2ms, total 44ms
05-20 16:19:00.181 D/dalvikvm( 5851): WAIT_FOR_CONCURRENT_GC blocked 9ms
05-20 16:19:00.189 D/dalvikvm( 5851): WAIT_FOR_CONCURRENT_GC blocked 10ms
05-20 16:19:00.189 D/dalvikvm( 5851): WAIT_FOR_CONCURRENT_GC blocked 10ms
05-20 16:19:00.213 W/Parcel  ( 1661): Attempt to read object from Parcel 0x5ec3bdac at offset 200 that is not in the object list
05-20 16:19:00.213 W/Parcel  ( 1661): Attempt to read object from Parcel 0x6003bdac at offset 200 that is not in the object list
05-20 16:19:00.213 D/Email   ( 5851): Email: init sandbox at the beginning.
05-20 16:19:00.213 V/MyServiceConnection( 5851): [SConnection] retry to bind service
05-20 16:19:00.213 V/MyServiceConnection( 5851): [SConnection] sandbox service is NOT installed.
05-20 16:19:00.213 V/MyServiceConnection( 5851): [SConnection] binding service: pekall.intent.action.SANDBOX_SERVICE
05-20 16:19:00.252 V/MyServiceConnection( 5851): [SConnection] retry to bind service
05-20 16:19:00.252 V/MyServiceConnection( 5851): [SConnection] sandbox service is NOT installed.
05-20 16:19:00.252 V/MyServiceConnection( 5851): [SConnection] binding service: pekall.intent.action.SANDBOX_SERVICE
05-20 16:19:00.275 V/l       ( 5851): Bind requested for task setLogging
05-20 16:19:00.299 D/ActivityThread( 5851): Loading provider com.pekall.semail.provider;com.pekall.semail.notifier: com.pekall.semail.provider.EmailProvider
05-20 16:19:00.306 D/dalvikvm( 5851): GC_CONCURRENT freed 234K, 3% free 9558K/9832K, paused 4ms+11ms, total 47ms
05-20 16:19:00.306 D/dalvikvm( 5851): WAIT_FOR_CONCURRENT_GC blocked 1ms
05-20 16:19:00.306 D/dalvikvm( 5851): WAIT_FOR_CONCURRENT_GC blocked 1ms
05-20 16:19:00.306 D/ExchangeService( 5090): !!! EAS ExchangeService, onCreate
05-20 16:19:00.306 W/Parcel  ( 1661): Attempt to read object from Parcel 0x5ded3dac at offset 200 that is not in the object list
05-20 16:19:00.306 D/ExchangeService( 5090): !!! EAS ExchangeService, onStartCommand, startingUp = false, running = false
05-20 16:19:00.306 D/ExchangeService( 5090): to start secureStorageService now
05-20 16:19:00.314 V/a       ( 5090): Bind requested for task test
05-20 16:19:00.322 V/a       ( 5090): Connected: com.pekall.semail.service.AccountServiceInternal
05-20 16:19:00.322 D/ExchangeService( 5090): Reconciling accounts...
05-20 16:19:00.322 V/a       ( 5090): Bind requested for task reconcileAccounts
05-20 16:19:00.322 V/a       ( 5090): Waiting for task reconcileAccounts to complete...
05-20 16:19:00.338 V/a       ( 5090): Connected: com.pekall.semail.service.AccountServiceInternal
05-20 16:19:00.338 V/a       ( 5090): Connection test succeeded in 27ms
05-20 16:19:00.353 V/a       ( 5090): Task test completed; disconnecting
05-20 16:19:00.353 V/a       ( 5090): Task reconcileAccounts completed; disconnecting
05-20 16:19:00.377 D/ActivityThread( 5851): Loading provider com.pekall.semail.provider;com.pekall.semail.notifier: com.pekall.semail.provider.EmailProvider
05-20 16:19:00.385 W/DocumentManager( 5851): Sandbox service is not connected.
05-20 16:19:00.385 D/MessageControllerImpl( 5851): controller is null
05-20 16:19:00.385 V/MyServiceConnection( 5851): [SConnection] retry to bind service
05-20 16:19:00.385 V/MyServiceConnection( 5851): [SConnection] sandbox service is NOT installed.
05-20 16:19:00.385 V/MyServiceConnection( 5851): [SConnection] binding service: pekall.intent.action.SANDBOX_SERVICE
05-20 16:19:00.385 W/SQLiteOpenHelper( 5851): Opened /data/data/com.pekall.emdm.launcher/databases/message.db
05-20 16:19:00.392 W/dalvikvm( 5851): No implementation found for native Lcom/pekall/sandbox/database/sqlite/SQLiteDatabase;.native_setSqliteSoftHeapLimit:(I)V
05-20 16:19:00.392 D/AndroidRuntime( 5851): Shutting down VM
05-20 16:19:00.392 W/dalvikvm( 5851): threadid=1: thread exiting with uncaught exception (group=0x419c8700)
05-20 16:19:00.392 D/        ( 5851): [---null: -1---]  Thread is main
05-20 16:19:00.392 W/System.err( 5851): java.lang.UnsatisfiedLinkError: Native method not found: com.pekall.sandbox.database.sqlite.SQLiteDatabase.native_setSqliteSoftHeapLimit:(I)V
05-20 16:19:00.392 W/System.err( 5851): 	at com.pekall.sandbox.database.sqlite.SQLiteDatabase.native_setSqliteSoftHeapLimit(Native Method)
05-20 16:19:00.392 W/System.err( 5851): 	at com.pekall.sandbox.database.sqlite.SQLiteDatabase.<init>(Unknown Source)
05-20 16:19:00.392 W/System.err( 5851): 	at com.pekall.sandbox.database.sqlite.SQLiteDatabase.openDatabase(Unknown Source)
05-20 16:19:00.392 W/System.err( 5851): 	at com.pekall.sandbox.database.sqlite.SQLiteDatabase.openDatabase(Unknown Source)
05-20 16:19:00.392 W/System.err( 5851): 	at com.pekall.sandbox.database.sqlite.SQLiteDatabase.openDatabase(Unknown Source)
05-20 16:19:00.392 W/System.err( 5851): 	at com.pekall.sandbox.database.sqlite.SQLiteOpenHelper.getWritableDatabase(Unknown Source)
05-20 16:19:00.392 W/System.err( 5851): 	at com.pekall.emdm.messagecenter.db.a.a(Unknown Source)
05-20 16:19:00.392 W/System.err( 5851): 	at com.pekall.emdm.messagecenter.db.a.b(Unknown Source)
05-20 16:19:00.392 W/System.err( 5851): 	at com.pekall.emdm.messagecenter.activity.a.onCreate(Unknown Source)
05-20 16:19:00.392 W/System.err( 5851): 	at com.pekall.emdm.launcher.LauncherApplication.onCreate(Unknown Source)
05-20 16:19:00.392 W/System.err( 5851): 	at android.app.Instrumentation.callApplicationOnCreate(Instrumentation.java:1007)
05-20 16:19:00.392 W/System.err( 5851): 	at android.app.ActivityThread.handleBindApplication(ActivityThread.java:4444)
05-20 16:19:00.392 W/System.err( 5851): 	at android.app.ActivityThread.access$1300(ActivityThread.java:141)
05-20 16:19:00.392 W/System.err( 5851): 	at android.app.ActivityThread$H.handleMessage(ActivityThread.java:1316)
05-20 16:19:00.392 W/System.err( 5851): 	at android.os.Handler.dispatchMessage(Handler.java:99)
05-20 16:19:00.392 W/System.err( 5851): 	at android.os.Looper.loop(Looper.java:137)
05-20 16:19:00.392 W/System.err( 5851): 	at android.app.ActivityThread.main(ActivityThread.java:5103)
05-20 16:19:00.392 W/System.err( 5851): 	at java.lang.reflect.Method.invokeNative(Native Method)
05-20 16:19:00.392 W/System.err( 5851): 	at java.lang.reflect.Method.invoke(Method.java:525)
05-20 16:19:00.392 W/System.err( 5851): 	at com.android.internal.os.ZygoteInit$MethodAndArgsCaller.run(ZygoteInit.java:737)
05-20 16:19:00.392 W/System.err( 5851): 	at com.android.internal.os.ZygoteInit.main(ZygoteInit.java:553)
05-20 16:19:00.392 W/System.err( 5851): 	at dalvik.system.NativeStart.main(Native Method)
05-20 16:19:00.564 V/a       ( 5090): Wait for reconcileAccounts finished in 238ms
05-20 16:19:00.861 D/dalvikvm( 5851): GC_CONCURRENT freed 460K, 6% free 9485K/9988K, paused 15ms+15ms, total 56ms
05-20 16:19:01.666 D/ExchangeService( 5090): !!! EAS ExchangeService, stopping self
05-20 16:19:02.674 W/EmailProvider( 5851): restoreIfNeeded...
05-20 16:19:02.877 D/EmailProvider( 5851): restoreAccounts...
05-20 16:19:04.150 D/EmailProvider( 5851): No accounts to restore...
05-20 16:19:04.150 D/EmailProvider( 5851): Deleting orphans...
05-20 16:19:04.830 D/EmailProvider( 5851): EmailProvider pre-caching...
05-20 16:19:05.080 D/EmailProvider( 5851): EmailProvider ready.
05-20 16:19:05.658 I/Email   ( 5851): Notifications being toggled: false
05-20 16:19:05.658 W/ActivityManager(  374): Unable to start service Intent { cmp=com.pekall.emdm.launcher/com.pekall.semail.service.AttachmentDownloadService } U=0: not found
05-20 16:19:10.556 D/dalvikvm( 1661): GC_EXPLICIT freed 693K, 18% free 13110K/15888K, paused 3ms+13ms, total 116ms
05-20 16:19:11.221 I/EventLogService(  603): Aggregate from 1400572150904 (log), 1400572150904 (data)
05-20 16:19:11.908 D/dalvikvm( 4299): GC_EXPLICIT freed 381K, 6% free 9139K/9624K, paused 2ms+5ms, total 1069ms
05-20 16:19:13.760 I/ServiceDumpSys(  603): dumping service [account]
05-20 16:19:15.494 V/WiseDownloadConditionControler( 2267): checkCondition  type : WISE_DOWNLOAD  inerrupting: true
05-20 16:19:15.603 W/Parcel  ( 1661): Attempt to read object from Parcel 0x6013bdac at offset 200 that is not in the object list
05-20 16:19:15.697 D/dalvikvm( 1661): GC_EXPLICIT freed 33K, 18% free 13077K/15888K, paused 3ms+13ms, total 125ms
05-20 16:19:15.869 W/Parcel  ( 1661): Attempt to read object from Parcel 0x5ec3bdac at offset 200 that is not in the object list
05-20 16:19:20.056 W/ActivityManager(  374): Timeout executing service: ServiceRecord{43022348 u0 com.pekall.emdm.launcher/com.baidu.location.f}
05-20 16:19:20.064 I/Process (  374): Sending signal. PID: 5851 SIG: 3
05-20 16:19:20.064 I/dalvikvm( 5851): threadid=3: reacting to signal 3
05-20 16:19:20.260 I/Process (  374): Sending signal. PID: 374 SIG: 3
05-20 16:19:20.260 I/dalvikvm(  374): threadid=3: reacting to signal 3
05-20 16:19:20.314 D/dalvikvm( 5851): JIT unchain all for threadid=11
05-20 16:19:20.377 I/dalvikvm( 5851): Wrote stack traces to '/data/anr/traces.txt'
05-20 16:19:25.221 I/dalvikvm(  374): Wrote stack traces to '/data/anr/traces.txt'
05-20 16:19:25.260 I/Process (  374): Sending signal. PID: 448 SIG: 3
05-20 16:19:25.260 I/dalvikvm(  448): threadid=3: reacting to signal 3
05-20 16:19:25.260 I/PowerManagerService(  374): Waking up from sleep...
05-20 16:19:25.267 I/Process (  374): Sending signal. PID: 561 SIG: 3
05-20 16:19:25.267 I/dalvikvm(  561): threadid=3: reacting to signal 3
05-20 16:19:25.338 I/WindowManager(  374): Lock screen displayed!
05-20 16:19:25.447 I/dalvikvm(  561): Wrote stack traces to '/data/anr/traces.txt'
05-20 16:19:25.447 I/Process (  374): Sending signal. PID: 568 SIG: 3
05-20 16:19:25.447 I/dalvikvm(  568): threadid=3: reacting to signal 3
05-20 16:19:25.533 I/dalvikvm(  568): Wrote stack traces to '/data/anr/traces.txt'
05-20 16:19:25.635 D/PowerManagerService-JNI(  374): Excessive delay in autosuspend_disable() while turning screen on: 372ms
05-20 16:19:25.713 D/SurfaceFlinger(  124): Screen acquired, type=0 flinger=0x40e95478
05-20 16:19:25.767 D/dalvikvm( 1661): GC_EXPLICIT freed <1K, 18% free 13077K/15888K, paused 3ms+69ms, total 201ms
05-20 16:19:25.783 D/SurfaceControl(  374): Excessive delay in unblankDisplay() while turning screen on: 120ms
05-20 16:19:25.978 D/LightsService(  374): Excessive delay setting light: 187ms
05-20 16:19:26.166 W/GlowPadView(  374): The number of target drawables must be equal to the number of direction descriptions.
05-20 16:19:26.322 I/dalvikvm(  448): Wrote stack traces to '/data/anr/traces.txt'
05-20 16:19:26.416 V/LauncherApplication( 5090): onActivityStarted
05-20 16:19:26.424 D/        ( 5090): [---null: -1---]     awsa  onActivityResumed
05-20 16:19:26.424 V/LauncherApplication( 5090): 2MdmConstant.LAST_LAUNCH_TIME = 1400573807433
05-20 16:19:26.439 D/PhoneStatusBar(  448): disable: < expand icons alerts ticker system_info BACK HOME recent* CLOCK search* >
05-20 16:19:26.494 D/        ( 5090): [---null: -1---]  activity = com.pekall.emdm.launcher.Launcher
05-20 16:19:26.494 V/DefultSetContriller( 5090): isLauncherDf = com.pekall.emdm.launcher
05-20 16:19:26.494 V/DefultSetContriller( 5090): isLauncherDf = com.pekall.emdm.launcher
05-20 16:19:26.502 V/DefultSetContriller( 5090): isPhoneDf = com.pekall.emdm.launcher
05-20 16:19:26.502 E/LauncherApplication( 5090): isShowLogoutUI = true
05-20 16:19:26.502 E/LauncherApplication( 5090): LogoutShowTime 1
05-20 16:19:26.502 V/Launcher( 5090): onResume1111111 
05-20 16:19:26.502 V/Launcher( 5090): is login ----> 
05-20 16:19:26.517 D/dalvikvm(  374): GC_EXPLICIT freed 2820K, 23% free 22147K/28616K, paused 13ms+36ms, total 272ms
05-20 16:19:26.517 I/System.out( 5090):  
05-20 16:19:26.525 I/System.out( 5090): com.pekall.emdm.launcher.Workspace.setWallpaper(Unknown Source)
05-20 16:19:26.525 I/System.out( 5090): com.pekall.emdm.launcher.Launcher.onResume(Unknown Source)
05-20 16:19:26.525 I/System.out( 5090): android.app.Instrumentation.callActivityOnResume(Instrumentation.java:1192)
05-20 16:19:26.525 I/System.out( 5090): android.app.Activity.performResume(Activity.java:5211)
05-20 16:19:26.525 I/System.out( 5090): android.app.ActivityThread.performResumeActivity(ActivityThread.java:2780)
05-20 16:19:26.525 I/System.out( 5090): android.app.ActivityThread.handleResumeActivity(ActivityThread.java:2819)
05-20 16:19:26.525 I/System.out( 5090): android.app.ActivityThread$H.handleMessage(ActivityThread.java:1298)
05-20 16:19:26.525 I/System.out( 5090): android.os.Handler.dispatchMessage(Handler.java:99)
05-20 16:19:26.533 I/System.out( 5090): android.os.Looper.loop(Looper.java:137)
05-20 16:19:26.533 I/System.out( 5090): android.app.ActivityThread.main(ActivityThread.java:5103)
05-20 16:19:26.533 I/System.out( 5090): java.lang.reflect.Method.invokeNative(Native Method)
05-20 16:19:26.533 I/System.out( 5090): java.lang.reflect.Method.invoke(Method.java:525)
05-20 16:19:26.541 I/System.out( 5090): com.android.internal.os.ZygoteInit$MethodAndArgsCaller.run(ZygoteInit.java:737)
05-20 16:19:26.541 I/System.out( 5090): com.android.internal.os.ZygoteInit.main(ZygoteInit.java:553)
05-20 16:19:26.541 I/System.out( 5090): dalvik.system.NativeStart.main(Native Method)
05-20 16:19:26.650 D/PhoneStatusBar(  448): disable: < expand icons alerts ticker system_info back* home* recent clock* search >
05-20 16:19:26.806 D/dalvikvm( 5090): JIT unchain all for threadid=11
05-20 16:19:26.892 D/dalvikvm( 5090): GC_FOR_ALLOC freed 4324K, 19% free 28693K/35148K, paused 333ms, total 333ms
05-20 16:19:26.900 I/dalvikvm-heap( 5090): Grow heap (frag case) to 31.379MB for 3415696-byte allocation
05-20 16:19:26.931 V/TAG     (  374): bug 7643792: fitSystemWindows([0,50][0,0])
05-20 16:19:27.142 I/Process (  374): Sending signal. PID: 5090 SIG: 3
05-20 16:19:27.142 I/dalvikvm( 5090): threadid=3: reacting to signal 3
05-20 16:19:27.166 D/dalvikvm( 5090): JIT unchain all for threadid=11
05-20 16:19:27.197 D/dalvikvm( 5090): GC_FOR_ALLOC freed 1K, 17% free 32027K/38484K, paused 292ms, total 292ms
05-20 16:19:27.377 E/ActivityManager(  374): ANR in com.pekall.emdm.launcher:remote
05-20 16:19:27.377 E/ActivityManager(  374): Reason: Executing service com.pekall.emdm.launcher/com.baidu.location.f
